[2019-12-09T01:51:12.896+0000][1][gc] Using Concurrent Mark Sweep
[2019-12-09T01:51:12.896+0000][1][gc,heap,coops] Heap address: 0x00000000f0000000, size: 256 MB, Compressed Oops mode: 32-bit
[2019-12-09T01:51:13.369+0000][1][safepoint    ] Entering safepoint region: EnableBiasedLocking
[2019-12-09T01:51:13.369+0000][1][safepoint    ] Leaving safepoint region
[2019-12-09T01:51:13.369+0000][1][safepoint    ] Total time for which application threads were stopped: 0.0194217 seconds, Stopping threads took: 0.0193357 seconds
[2019-12-09T01:51:13.386+0000][1][safepoint    ] Application time: 0.0169049 seconds
[2019-12-09T01:51:13.423+0000][1][safepoint    ] Entering safepoint region: RevokeBias
[2019-12-09T01:51:13.423+0000][1][safepoint    ] Leaving safepoint region
[2019-12-09T01:51:13.423+0000][1][safepoint    ] Total time for which application threads were stopped: 0.0366849 seconds, Stopping threads took: 0.0366095 seconds
[2019-12-09T01:51:13.462+0000][1][safepoint    ] Application time: 0.0393013 seconds
[2019-12-09T01:51:13.462+0000][1][safepoint    ] Entering safepoint region: Deoptimize
[2019-12-09T01:51:13.462+0000][1][safepoint    ] Leaving safepoint region
[2019-12-09T01:51:13.462+0000][1][safepoint    ] Total time for which application threads were stopped: 0.0000502 seconds, Stopping threads took: 0.0000108 seconds
[2019-12-09T01:51:14.206+0000][1][safepoint    ] Application time: 0.7433289 seconds
[2019-12-09T01:51:14.206+0000][1][safepoint    ] Entering safepoint region: Deoptimize
[2019-12-09T01:51:14.206+0000][1][safepoint    ] Leaving safepoint region
[2019-12-09T01:51:14.206+0000][1][safepoint    ] Total time for which application threads were stopped: 0.0001149 seconds, Stopping threads took: 0.0000101 seconds
[2019-12-09T01:51:15.217+0000][1][safepoint    ] Application time: 1.0110004 seconds
[2019-12-09T01:51:15.217+0000][1][safepoint    ] Entering safepoint region: Cleanup
[2019-12-09T01:51:15.217+0000][1][safepoint    ] Leaving safepoint region
[2019-12-09T01:51:15.217+0000][1][safepoint    ] Total time for which application threads were stopped: 0.0000749 seconds, Stopping threads took: 0.0000137 seconds
[2019-12-09T01:51:16.185+0000][1][safepoint    ] Application time: 0.9682331 seconds
[2019-12-09T01:51:16.185+0000][1][safepoint    ] Entering safepoint region: Deoptimize
[2019-12-09T01:51:16.185+0000][1][safepoint    ] Leaving safepoint region
[2019-12-09T01:51:16.185+0000][1][safepoint    ] Total time for which application threads were stopped: 0.0001600 seconds, Stopping threads took: 0.0000103 seconds
[2019-12-09T01:51:16.414+0000][1][safepoint    ] Application time: 0.2287016 seconds
[2019-12-09T01:51:16.414+0000][1][safepoint    ] Entering safepoint region: Deoptimize
[2019-12-09T01:51:16.414+0000][1][safepoint    ] Leaving safepoint region
[2019-12-09T01:51:16.414+0000][1][safepoint    ] Total time for which application threads were stopped: 0.0001332 seconds, Stopping threads took: 0.0000122 seconds
[2019-12-09T01:51:16.862+0000][1][safepoint    ] Application time: 0.4475543 seconds
[2019-12-09T01:51:16.862+0000][1][safepoint    ] Entering safepoint region: Deoptimize
[2019-12-09T01:51:16.862+0000][1][safepoint    ] Leaving safepoint region
[2019-12-09T01:51:16.862+0000][1][safepoint    ] Total time for which application threads were stopped: 0.0001740 seconds, Stopping threads took: 0.0000124 seconds
[2019-12-09T01:51:16.980+0000][1][safepoint    ] Application time: 0.1181802 seconds
[2019-12-09T01:51:16.980+0000][1][safepoint    ] Entering safepoint region: Deoptimize
[2019-12-09T01:51:16.980+0000][1][safepoint    ] Leaving safepoint region
[2019-12-09T01:51:16.980+0000][1][safepoint    ] Total time for which application threads were stopped: 0.0001592 seconds, Stopping threads took: 0.0000120 seconds
[2019-12-09T01:51:18.003+0000][1][safepoint    ] Application time: 1.0223915 seconds
[2019-12-09T01:51:18.003+0000][1][safepoint    ] Entering safepoint region: Cleanup
[2019-12-09T01:51:18.003+0000][1][safepoint    ] Leaving safepoint region
[2019-12-09T01:51:18.003+0000][1][safepoint    ] Total time for which application threads were stopped: 0.0000781 seconds, Stopping threads took: 0.0000138 seconds
[2019-12-09T01:51:19.004+0000][1][safepoint    ] Application time: 1.0008669 seconds
[2019-12-09T01:51:19.009+0000][1][safepoint    ] Entering safepoint region: Cleanup
[2019-12-09T01:51:19.009+0000][1][safepoint    ] Leaving safepoint region
[2019-12-09T01:51:19.009+0000][1][safepoint    ] Total time for which application threads were stopped: 0.0050490 seconds, Stopping threads took: 0.0049872 seconds
[2019-12-09T01:51:20.010+0000][1][safepoint    ] Application time: 1.0009003 seconds
[2019-12-09T01:51:20.010+0000][1][safepoint    ] Entering safepoint region: Cleanup
[2019-12-09T01:51:20.010+0000][1][safepoint    ] Leaving safepoint region
[2019-12-09T01:51:20.010+0000][1][safepoint    ] Total time for which application threads were stopped: 0.0000574 seconds, Stopping threads took: 0.0000148 seconds
[2019-12-09T01:51:20.490+0000][1][safepoint    ] Application time: 0.4799534 seconds
[2019-12-09T01:51:20.490+0000][1][safepoint    ] Entering safepoint region: Deoptimize
[2019-12-09T01:51:20.490+0000][1][safepoint    ] Leaving safepoint region
[2019-12-09T01:51:20.490+0000][1][safepoint    ] Total time for which application threads were stopped: 0.0002210 seconds, Stopping threads took: 0.0000111 seconds
[2019-12-09T01:51:21.492+0000][1][safepoint    ] Application time: 1.0016943 seconds
[2019-12-09T01:51:21.492+0000][1][safepoint    ] Entering safepoint region: Cleanup
[2019-12-09T01:51:21.492+0000][1][safepoint    ] Leaving safepoint region
[2019-12-09T01:51:21.492+0000][1][safepoint    ] Total time for which application threads were stopped: 0.0000497 seconds, Stopping threads took: 0.0000136 seconds
[2019-12-09T01:51:22.496+0000][1][safepoint    ] Application time: 1.0038864 seconds
[2019-12-09T01:51:22.545+0000][1][safepoint    ] Entering safepoint region: Cleanup
[2019-12-09T01:51:22.545+0000][1][safepoint    ] Leaving safepoint region
[2019-12-09T01:51:22.545+0000][1][safepoint    ] Total time for which application threads were stopped: 0.0490436 seconds, Stopping threads took: 0.0489980 seconds
[2019-12-09T01:51:23.550+0000][1][safepoint    ] Application time: 1.0050418 seconds
[2019-12-09T01:51:23.590+0000][1][safepoint    ] Entering safepoint region: Cleanup
[2019-12-09T01:51:23.590+0000][1][safepoint    ] Leaving safepoint region
[2019-12-09T01:51:23.590+0000][1][safepoint    ] Total time for which application threads were stopped: 0.0399288 seconds, Stopping threads took: 0.0398389 seconds
[2019-12-09T01:51:23.842+0000][1][safepoint    ] Application time: 0.2517077 seconds
[2019-12-09T01:51:23.842+0000][1][safepoint    ] Entering safepoint region: Deoptimize
[2019-12-09T01:51:23.842+0000][1][safepoint    ] Leaving safepoint region
[2019-12-09T01:51:23.842+0000][1][safepoint    ] Total time for which application threads were stopped: 0.0002534 seconds, Stopping threads took: 0.0000111 seconds
[2019-12-09T01:51:24.692+0000][1][safepoint    ] Application time: 0.8504100 seconds
[2019-12-09T01:51:24.692+0000][1][safepoint    ] Entering safepoint region: Deoptimize
[2019-12-09T01:51:24.693+0000][1][safepoint    ] Leaving safepoint region
[2019-12-09T01:51:24.693+0000][1][safepoint    ] Total time for which application threads were stopped: 0.0002736 seconds, Stopping threads took: 0.0000121 seconds
[2019-12-09T01:51:24.693+0000][1][safepoint    ] Application time: 0.0001648 seconds
[2019-12-09T01:51:24.693+0000][1][safepoint    ] Entering safepoint region: Deoptimize
[2019-12-09T01:51:24.693+0000][1][safepoint    ] Leaving safepoint region
[2019-12-09T01:51:24.693+0000][1][safepoint    ] Total time for which application threads were stopped: 0.0001923 seconds, Stopping threads took: 0.0000088 seconds
[2019-12-09T01:51:24.975+0000][1][safepoint    ] Application time: 0.2817816 seconds
[2019-12-09T01:51:24.975+0000][1][safepoint    ] Entering safepoint region: Deoptimize
[2019-12-09T01:51:24.975+0000][1][safepoint    ] Leaving safepoint region
[2019-12-09T01:51:24.975+0000][1][safepoint    ] Total time for which application threads were stopped: 0.0002669 seconds, Stopping threads took: 0.0000126 seconds
[2019-12-09T01:51:25.025+0000][1][safepoint    ] Application time: 0.0500997 seconds
[2019-12-09T01:51:25.044+0000][1][safepoint    ] Entering safepoint region: RevokeBias
[2019-12-09T01:51:25.044+0000][1][safepoint    ] Leaving safepoint region
[2019-12-09T01:51:25.044+0000][1][safepoint    ] Total time for which application threads were stopped: 0.0190105 seconds, Stopping threads took: 0.0189324 seconds
[2019-12-09T01:51:25.047+0000][1][safepoint    ] Application time: 0.0027162 seconds
[2019-12-09T01:51:25.047+0000][1][safepoint    ] Entering safepoint region: RevokeBias
[2019-12-09T01:51:25.047+0000][1][safepoint    ] Leaving safepoint region
[2019-12-09T01:51:25.047+0000][1][safepoint    ] Total time for which application threads were stopped: 0.0000589 seconds, Stopping threads took: 0.0000105 seconds
[2019-12-09T01:51:25.047+0000][1][safepoint    ] Application time: 0.0000814 seconds
[2019-12-09T01:51:25.047+0000][1][safepoint    ] Entering safepoint region: RevokeBias
[2019-12-09T01:51:25.047+0000][1][safepoint    ] Leaving safepoint region
[2019-12-09T01:51:25.047+0000][1][safepoint    ] Total time for which application threads were stopped: 0.0000430 seconds, Stopping threads took: 0.0000080 seconds
[2019-12-09T01:51:25.047+0000][1][safepoint    ] Application time: 0.0001456 seconds
[2019-12-09T01:51:25.047+0000][1][safepoint    ] Entering safepoint region: RevokeBias
[2019-12-09T01:51:25.047+0000][1][safepoint    ] Leaving safepoint region
[2019-12-09T01:51:25.047+0000][1][safepoint    ] Total time for which application threads were stopped: 0.0000436 seconds, Stopping threads took: 0.0000078 seconds
[2019-12-09T01:51:25.975+0000][1][safepoint    ] Application time: 0.9277175 seconds
[2019-12-09T01:51:25.975+0000][1][safepoint    ] Entering safepoint region: RevokeBias
[2019-12-09T01:51:25.975+0000][1][safepoint    ] Leaving safepoint region
[2019-12-09T01:51:25.975+0000][1][safepoint    ] Total time for which application threads were stopped: 0.0000880 seconds, Stopping threads took: 0.0000134 seconds
[2019-12-09T01:51:26.331+0000][1][safepoint    ] Application time: 0.3555084 seconds
[2019-12-09T01:51:26.331+0000][1][safepoint    ] Entering safepoint region: GenCollectForAllocation
[2019-12-09T01:51:26.331+0000][1][gc,start     ] GC(0) Pause Young (Allocation Failure)
[2019-12-09T01:51:26.343+0000][1][gc,task      ] GC(0) Using 2 workers of 2 for evacuation
[2019-12-09T01:51:26.456+0000][1][gc,age       ] GC(0) Desired survivor size 4456448 bytes, new threshold 1 (max threshold 6)
[2019-12-09T01:51:26.456+0000][1][gc,age       ] GC(0) Age table with threshold 1 (max threshold 6)
[2019-12-09T01:51:26.456+0000][1][gc,age       ] GC(0) - age   1:    6723824 bytes,    6723824 total
[2019-12-09T01:51:26.456+0000][1][gc,heap      ] GC(0) ParNew: 69952K->6615K(78656K)
[2019-12-09T01:51:26.456+0000][1][gc,heap      ] GC(0) CMS: 0K->0K(174784K)
[2019-12-09T01:51:26.456+0000][1][gc,metaspace ] GC(0) Metaspace: 12830K->12830K(1060864K)
[2019-12-09T01:51:26.456+0000][1][gc           ] GC(0) Pause Young (Allocation Failure) 68M->6M(247M) 125.341ms
[2019-12-09T01:51:26.456+0000][1][gc,cpu       ] GC(0) User=0.03s Sys=0.00s Real=0.13s
[2019-12-09T01:51:26.456+0000][1][safepoint    ] Leaving safepoint region
[2019-12-09T01:51:26.456+0000][1][safepoint    ] Total time for which application threads were stopped: 0.1255213 seconds, Stopping threads took: 0.0000235 seconds
[2019-12-09T01:51:26.460+0000][1][safepoint    ] Application time: 0.0040955 seconds
[2019-12-09T01:51:26.460+0000][1][safepoint    ] Entering safepoint region: RevokeBias
[2019-12-09T01:51:26.460+0000][1][safepoint    ] Leaving safepoint region
[2019-12-09T01:51:26.460+0000][1][safepoint    ] Total time for which application threads were stopped: 0.0001082 seconds, Stopping threads took: 0.0000503 seconds
[2019-12-09T01:51:26.461+0000][1][safepoint    ] Application time: 0.0001054 seconds
[2019-12-09T01:51:26.461+0000][1][safepoint    ] Entering safepoint region: RevokeBias
[2019-12-09T01:51:26.461+0000][1][safepoint    ] Leaving safepoint region
[2019-12-09T01:51:26.461+0000][1][safepoint    ] Total time for which application threads were stopped: 0.0000434 seconds, Stopping threads took: 0.0000164 seconds
[2019-12-09T01:51:26.461+0000][1][safepoint    ] Application time: 0.0000660 seconds
[2019-12-09T01:51:26.461+0000][1][safepoint    ] Entering safepoint region: RevokeBias
[2019-12-09T01:51:26.461+0000][1][safepoint    ] Leaving safepoint region
[2019-12-09T01:51:26.461+0000][1][safepoint    ] Total time for which application threads were stopped: 0.0000303 seconds, Stopping threads took: 0.0000071 seconds
[2019-12-09T01:51:26.461+0000][1][safepoint    ] Application time: 0.0000440 seconds
[2019-12-09T01:51:26.461+0000][1][safepoint    ] Entering safepoint region: RevokeBias
[2019-12-09T01:51:26.461+0000][1][safepoint    ] Leaving safepoint region
[2019-12-09T01:51:26.461+0000][1][safepoint    ] Total time for which application threads were stopped: 0.0000277 seconds, Stopping threads took: 0.0000069 seconds
[2019-12-09T01:51:26.461+0000][1][safepoint    ] Application time: 0.0000464 seconds
[2019-12-09T01:51:26.461+0000][1][safepoint    ] Entering safepoint region: RevokeBias
[2019-12-09T01:51:26.461+0000][1][safepoint    ] Leaving safepoint region
[2019-12-09T01:51:26.461+0000][1][safepoint    ] Total time for which application threads were stopped: 0.0000287 seconds, Stopping threads took: 0.0000070 seconds
[2019-12-09T01:51:26.461+0000][1][safepoint    ] Application time: 0.0000436 seconds
[2019-12-09T01:51:26.461+0000][1][safepoint    ] Entering safepoint region: RevokeBias
[2019-12-09T01:51:26.461+0000][1][safepoint    ] Leaving safepoint region
[2019-12-09T01:51:26.461+0000][1][safepoint    ] Total time for which application threads were stopped: 0.0000290 seconds, Stopping threads took: 0.0000067 seconds
[2019-12-09T01:51:26.461+0000][1][safepoint    ] Application time: 0.0000456 seconds
[2019-12-09T01:51:26.461+0000][1][safepoint    ] Entering safepoint region: RevokeBias
[2019-12-09T01:51:26.461+0000][1][safepoint    ] Leaving safepoint region
[2019-12-09T01:51:26.461+0000][1][safepoint    ] Total time for which application threads were stopped: 0.0000287 seconds, Stopping threads took: 0.0000063 seconds
[2019-12-09T01:51:26.461+0000][1][safepoint    ] Application time: 0.0000426 seconds
[2019-12-09T01:51:26.461+0000][1][safepoint    ] Entering safepoint region: RevokeBias
[2019-12-09T01:51:26.461+0000][1][safepoint    ] Leaving safepoint region
[2019-12-09T01:51:26.461+0000][1][safepoint    ] Total time for which application threads were stopped: 0.0000282 seconds, Stopping threads took: 0.0000070 seconds
[2019-12-09T01:51:26.461+0000][1][safepoint    ] Application time: 0.0000451 seconds
[2019-12-09T01:51:26.461+0000][1][safepoint    ] Entering safepoint region: RevokeBias
[2019-12-09T01:51:26.461+0000][1][safepoint    ] Leaving safepoint region
[2019-12-09T01:51:26.461+0000][1][safepoint    ] Total time for which application threads were stopped: 0.0000264 seconds, Stopping threads took: 0.0000067 seconds
[2019-12-09T01:51:26.461+0000][1][safepoint    ] Application time: 0.0000435 seconds
[2019-12-09T01:51:26.461+0000][1][safepoint    ] Entering safepoint region: RevokeBias
[2019-12-09T01:51:26.461+0000][1][safepoint    ] Leaving safepoint region
[2019-12-09T01:51:26.461+0000][1][safepoint    ] Total time for which application threads were stopped: 0.0000267 seconds, Stopping threads took: 0.0000067 seconds
[2019-12-09T01:51:26.461+0000][1][safepoint    ] Application time: 0.0000461 seconds
[2019-12-09T01:51:26.461+0000][1][safepoint    ] Entering safepoint region: RevokeBias
[2019-12-09T01:51:26.461+0000][1][safepoint    ] Leaving safepoint region
[2019-12-09T01:51:26.461+0000][1][safepoint    ] Total time for which application threads were stopped: 0.0000272 seconds, Stopping threads took: 0.0000067 seconds
[2019-12-09T01:51:26.462+0000][1][safepoint    ] Application time: 0.0000423 seconds
[2019-12-09T01:51:26.462+0000][1][safepoint    ] Entering safepoint region: RevokeBias
[2019-12-09T01:51:26.462+0000][1][safepoint    ] Leaving safepoint region
[2019-12-09T01:51:26.462+0000][1][safepoint    ] Total time for which application threads were stopped: 0.0000331 seconds, Stopping threads took: 0.0000124 seconds
[2019-12-09T01:51:26.462+0000][1][safepoint    ] Application time: 0.0000478 seconds
[2019-12-09T01:51:26.462+0000][1][safepoint    ] Entering safepoint region: RevokeBias
[2019-12-09T01:51:26.462+0000][1][safepoint    ] Leaving safepoint region
[2019-12-09T01:51:26.462+0000][1][safepoint    ] Total time for which application threads were stopped: 0.0000292 seconds, Stopping threads took: 0.0000069 seconds
[2019-12-09T01:51:26.462+0000][1][safepoint    ] Application time: 0.0000550 seconds
[2019-12-09T01:51:26.462+0000][1][safepoint    ] Entering safepoint region: RevokeBias
[2019-12-09T01:51:26.462+0000][1][safepoint    ] Leaving safepoint region
[2019-12-09T01:51:26.462+0000][1][safepoint    ] Total time for which application threads were stopped: 0.0000291 seconds, Stopping threads took: 0.0000071 seconds
[2019-12-09T01:51:26.462+0000][1][safepoint    ] Application time: 0.0000476 seconds
[2019-12-09T01:51:26.462+0000][1][safepoint    ] Entering safepoint region: RevokeBias
[2019-12-09T01:51:26.462+0000][1][safepoint    ] Leaving safepoint region
[2019-12-09T01:51:26.462+0000][1][safepoint    ] Total time for which application threads were stopped: 0.0000288 seconds, Stopping threads took: 0.0000070 seconds
[2019-12-09T01:51:26.462+0000][1][safepoint    ] Application time: 0.0000436 seconds
[2019-12-09T01:51:26.462+0000][1][safepoint    ] Entering safepoint region: RevokeBias
[2019-12-09T01:51:26.462+0000][1][safepoint    ] Leaving safepoint region
[2019-12-09T01:51:26.462+0000][1][safepoint    ] Total time for which application threads were stopped: 0.0000280 seconds, Stopping threads took: 0.0000070 seconds
[2019-12-09T01:51:26.462+0000][1][safepoint    ] Application time: 0.0000519 seconds
[2019-12-09T01:51:26.462+0000][1][safepoint    ] Entering safepoint region: RevokeBias
[2019-12-09T01:51:26.462+0000][1][safepoint    ] Leaving safepoint region
[2019-12-09T01:51:26.462+0000][1][safepoint    ] Total time for which application threads were stopped: 0.0000297 seconds, Stopping threads took: 0.0000069 seconds
[2019-12-09T01:51:26.462+0000][1][safepoint    ] Application time: 0.0000432 seconds
[2019-12-09T01:51:26.462+0000][1][safepoint    ] Entering safepoint region: RevokeBias
[2019-12-09T01:51:26.462+0000][1][safepoint    ] Leaving safepoint region
[2019-12-09T01:51:26.462+0000][1][safepoint    ] Total time for which application threads were stopped: 0.0000287 seconds, Stopping threads took: 0.0000067 seconds
[2019-12-09T01:51:26.462+0000][1][safepoint    ] Application time: 0.0000699 seconds
[2019-12-09T01:51:26.462+0000][1][safepoint    ] Entering safepoint region: RevokeBias
[2019-12-09T01:51:26.462+0000][1][safepoint    ] Leaving safepoint region
[2019-12-09T01:51:26.462+0000][1][safepoint    ] Total time for which application threads were stopped: 0.0000308 seconds, Stopping threads took: 0.0000069 seconds
[2019-12-09T01:51:26.462+0000][1][safepoint    ] Application time: 0.0000446 seconds
[2019-12-09T01:51:26.462+0000][1][safepoint    ] Entering safepoint region: RevokeBias
[2019-12-09T01:51:26.462+0000][1][safepoint    ] Leaving safepoint region
[2019-12-09T01:51:26.462+0000][1][safepoint    ] Total time for which application threads were stopped: 0.0000330 seconds, Stopping threads took: 0.0000069 seconds
[2019-12-09T01:51:26.462+0000][1][safepoint    ] Application time: 0.0000472 seconds
[2019-12-09T01:51:26.462+0000][1][safepoint    ] Entering safepoint region: RevokeBias
[2019-12-09T01:51:26.462+0000][1][safepoint    ] Leaving safepoint region
[2019-12-09T01:51:26.462+0000][1][safepoint    ] Total time for which application threads were stopped: 0.0000298 seconds, Stopping threads took: 0.0000070 seconds
[2019-12-09T01:51:26.466+0000][1][safepoint    ] Application time: 0.0033724 seconds
[2019-12-09T01:51:26.478+0000][1][safepoint    ] Entering safepoint region: RevokeBias
[2019-12-09T01:51:26.479+0000][1][safepoint    ] Leaving safepoint region
[2019-12-09T01:51:26.479+0000][1][safepoint    ] Total time for which application threads were stopped: 0.0127665 seconds, Stopping threads took: 0.0126669 seconds
[2019-12-09T01:51:26.479+0000][1][safepoint    ] Application time: 0.0000748 seconds
[2019-12-09T01:51:26.479+0000][1][safepoint    ] Entering safepoint region: RevokeBias
[2019-12-09T01:51:26.479+0000][1][safepoint    ] Leaving safepoint region
[2019-12-09T01:51:26.479+0000][1][safepoint    ] Total time for which application threads were stopped: 0.0000888 seconds, Stopping threads took: 0.0000074 seconds
[2019-12-09T01:51:26.479+0000][1][safepoint    ] Application time: 0.0000544 seconds
[2019-12-09T01:51:26.479+0000][1][safepoint    ] Entering safepoint region: RevokeBias
[2019-12-09T01:51:26.479+0000][1][safepoint    ] Leaving safepoint region
[2019-12-09T01:51:26.479+0000][1][safepoint    ] Total time for which application threads were stopped: 0.0000548 seconds, Stopping threads took: 0.0000072 seconds
[2019-12-09T01:51:26.479+0000][1][safepoint    ] Application time: 0.0000744 seconds
[2019-12-09T01:51:26.479+0000][1][safepoint    ] Entering safepoint region: RevokeBias
[2019-12-09T01:51:26.479+0000][1][safepoint    ] Leaving safepoint region
[2019-12-09T01:51:26.479+0000][1][safepoint    ] Total time for which application threads were stopped: 0.0000555 seconds, Stopping threads took: 0.0000076 seconds
[2019-12-09T01:51:26.479+0000][1][safepoint    ] Application time: 0.0000468 seconds
[2019-12-09T01:51:26.479+0000][1][safepoint    ] Entering safepoint region: RevokeBias
[2019-12-09T01:51:26.479+0000][1][safepoint    ] Leaving safepoint region
[2019-12-09T01:51:26.479+0000][1][safepoint    ] Total time for which application threads were stopped: 0.0000531 seconds, Stopping threads took: 0.0000075 seconds
[2019-12-09T01:51:26.479+0000][1][safepoint    ] Application time: 0.0002996 seconds
[2019-12-09T01:51:26.479+0000][1][safepoint    ] Entering safepoint region: RevokeBias
[2019-12-09T01:51:26.480+0000][1][safepoint    ] Leaving safepoint region
[2019-12-09T01:51:26.480+0000][1][safepoint    ] Total time for which application threads were stopped: 0.0000727 seconds, Stopping threads took: 0.0000091 seconds
[2019-12-09T01:51:26.480+0000][1][safepoint    ] Application time: 0.0000567 seconds
[2019-12-09T01:51:26.480+0000][1][safepoint    ] Entering safepoint region: RevokeBias
[2019-12-09T01:51:26.480+0000][1][safepoint    ] Leaving safepoint region
[2019-12-09T01:51:26.480+0000][1][safepoint    ] Total time for which application threads were stopped: 0.0000585 seconds, Stopping threads took: 0.0000086 seconds
[2019-12-09T01:51:26.480+0000][1][safepoint    ] Application time: 0.0000811 seconds
[2019-12-09T01:51:26.480+0000][1][safepoint    ] Entering safepoint region: RevokeBias
[2019-12-09T01:51:26.480+0000][1][safepoint    ] Leaving safepoint region
[2019-12-09T01:51:26.480+0000][1][safepoint    ] Total time for which application threads were stopped: 0.0000629 seconds, Stopping threads took: 0.0000087 seconds
[2019-12-09T01:51:26.480+0000][1][safepoint    ] Application time: 0.0000534 seconds
[2019-12-09T01:51:26.480+0000][1][safepoint    ] Entering safepoint region: RevokeBias
[2019-12-09T01:51:26.480+0000][1][safepoint    ] Leaving safepoint region
[2019-12-09T01:51:26.480+0000][1][safepoint    ] Total time for which application threads were stopped: 0.0000538 seconds, Stopping threads took: 0.0000079 seconds
[2019-12-09T01:51:27.572+0000][1][safepoint    ] Application time: 1.0920499 seconds
[2019-12-09T01:51:27.572+0000][1][safepoint    ] Entering safepoint region: Deoptimize
[2019-12-09T01:51:27.572+0000][1][safepoint    ] Leaving safepoint region
[2019-12-09T01:51:27.572+0000][1][safepoint    ] Total time for which application threads were stopped: 0.0004256 seconds, Stopping threads took: 0.0000137 seconds
[2019-12-09T01:51:28.575+0000][1][safepoint    ] Application time: 1.0022845 seconds
[2019-12-09T01:51:28.577+0000][1][safepoint    ] Entering safepoint region: Cleanup
[2019-12-09T01:51:28.577+0000][1][safepoint    ] Leaving safepoint region
[2019-12-09T01:51:28.577+0000][1][safepoint    ] Total time for which application threads were stopped: 0.0020375 seconds, Stopping threads took: 0.0019542 seconds
[2019-12-09T01:51:29.163+0000][1][safepoint    ] Application time: 0.5860185 seconds
[2019-12-09T01:51:29.169+0000][1][safepoint    ] Entering safepoint region: RevokeBias
[2019-12-09T01:51:29.169+0000][1][safepoint    ] Leaving safepoint region
[2019-12-09T01:51:29.169+0000][1][safepoint    ] Total time for which application threads were stopped: 0.0059627 seconds, Stopping threads took: 0.0058712 seconds
[2019-12-09T01:51:30.177+0000][1][safepoint    ] Application time: 1.0078434 seconds
[2019-12-09T01:51:30.213+0000][1][safepoint    ] Entering safepoint region: Cleanup
[2019-12-09T01:51:30.213+0000][1][safepoint    ] Leaving safepoint region
[2019-12-09T01:51:30.213+0000][1][safepoint    ] Total time for which application threads were stopped: 0.0362966 seconds, Stopping threads took: 0.0362393 seconds
[2019-12-09T01:51:30.861+0000][1][safepoint    ] Application time: 0.6476699 seconds
[2019-12-09T01:51:30.861+0000][1][safepoint    ] Entering safepoint region: GenCollectForAllocation
[2019-12-09T01:51:30.861+0000][1][gc,start     ] GC(1) Pause Young (Allocation Failure)
[2019-12-09T01:51:30.861+0000][1][gc,task      ] GC(1) Using 2 workers of 2 for evacuation
[2019-12-09T01:51:31.329+0000][1][gc,age       ] GC(1) Desired survivor size 4456448 bytes, new threshold 6 (max threshold 6)
[2019-12-09T01:51:31.329+0000][1][gc,age       ] GC(1) Age table with threshold 6 (max threshold 6)
[2019-12-09T01:51:31.329+0000][1][gc,age       ] GC(1) - age   1:    1185328 bytes,    1185328 total
[2019-12-09T01:51:31.329+0000][1][gc,heap      ] GC(1) ParNew: 76567K->4290K(78656K)
[2019-12-09T01:51:31.329+0000][1][gc,heap      ] GC(1) CMS: 0K->7036K(174784K)
[2019-12-09T01:51:31.329+0000][1][gc,metaspace ] GC(1) Metaspace: 14780K->14780K(1062912K)
[2019-12-09T01:51:31.329+0000][1][gc           ] GC(1) Pause Young (Allocation Failure) 74M->11M(247M) 467.935ms
[2019-12-09T01:51:31.329+0000][1][gc,cpu       ] GC(1) User=0.10s Sys=0.00s Real=0.47s
[2019-12-09T01:51:31.329+0000][1][safepoint    ] Leaving safepoint region
[2019-12-09T01:51:31.329+0000][1][safepoint    ] Total time for which application threads were stopped: 0.4680875 seconds, Stopping threads took: 0.0000146 seconds
[2019-12-09T01:51:31.358+0000][1][safepoint    ] Application time: 0.0293949 seconds
[2019-12-09T01:51:31.365+0000][1][safepoint    ] Entering safepoint region: BulkRevokeBias
[2019-12-09T01:51:31.365+0000][1][safepoint    ] Leaving safepoint region
[2019-12-09T01:51:31.365+0000][1][safepoint    ] Total time for which application threads were stopped: 0.0066661 seconds, Stopping threads took: 0.0064562 seconds
[2019-12-09T01:51:31.365+0000][1][safepoint    ] Application time: 0.0001223 seconds
[2019-12-09T01:51:31.365+0000][1][safepoint    ] Entering safepoint region: RevokeBias
[2019-12-09T01:51:31.365+0000][1][safepoint    ] Leaving safepoint region
[2019-12-09T01:51:31.365+0000][1][safepoint    ] Total time for which application threads were stopped: 0.0000774 seconds, Stopping threads took: 0.0000086 seconds
[2019-12-09T01:51:31.365+0000][1][safepoint    ] Application time: 0.0000756 seconds
[2019-12-09T01:51:31.365+0000][1][safepoint    ] Entering safepoint region: RevokeBias
[2019-12-09T01:51:31.365+0000][1][safepoint    ] Leaving safepoint region
[2019-12-09T01:51:31.365+0000][1][safepoint    ] Total time for which application threads were stopped: 0.0000741 seconds, Stopping threads took: 0.0000076 seconds
[2019-12-09T01:51:31.365+0000][1][safepoint    ] Application time: 0.0000461 seconds
[2019-12-09T01:51:31.365+0000][1][safepoint    ] Entering safepoint region: RevokeBias
[2019-12-09T01:51:31.365+0000][1][safepoint    ] Leaving safepoint region
[2019-12-09T01:51:31.365+0000][1][safepoint    ] Total time for which application threads were stopped: 0.0000690 seconds, Stopping threads took: 0.0000070 seconds
[2019-12-09T01:51:31.366+0000][1][safepoint    ] Application time: 0.0000501 seconds
[2019-12-09T01:51:31.366+0000][1][safepoint    ] Entering safepoint region: RevokeBias
[2019-12-09T01:51:31.366+0000][1][safepoint    ] Leaving safepoint region
[2019-12-09T01:51:31.366+0000][1][safepoint    ] Total time for which application threads were stopped: 0.0000694 seconds, Stopping threads took: 0.0000074 seconds
[2019-12-09T01:51:31.366+0000][1][safepoint    ] Application time: 0.0000455 seconds
[2019-12-09T01:51:31.366+0000][1][safepoint    ] Entering safepoint region: RevokeBias
[2019-12-09T01:51:31.366+0000][1][safepoint    ] Leaving safepoint region
[2019-12-09T01:51:31.366+0000][1][safepoint    ] Total time for which application threads were stopped: 0.0001033 seconds, Stopping threads took: 0.0000076 seconds
[2019-12-09T01:51:31.366+0000][1][safepoint    ] Application time: 0.0000566 seconds
[2019-12-09T01:51:31.366+0000][1][safepoint    ] Entering safepoint region: BulkRevokeBias
[2019-12-09T01:51:31.366+0000][1][safepoint    ] Leaving safepoint region
[2019-12-09T01:51:31.366+0000][1][safepoint    ] Total time for which application threads were stopped: 0.0000973 seconds, Stopping threads took: 0.0000078 seconds
[2019-12-09T01:51:31.366+0000][1][safepoint    ] Application time: 0.0000496 seconds
[2019-12-09T01:51:31.366+0000][1][safepoint    ] Entering safepoint region: RevokeBias
[2019-12-09T01:51:31.366+0000][1][safepoint    ] Leaving safepoint region
[2019-12-09T01:51:31.366+0000][1][safepoint    ] Total time for which application threads were stopped: 0.0000727 seconds, Stopping threads took: 0.0000072 seconds
[2019-12-09T01:51:31.366+0000][1][safepoint    ] Application time: 0.0000559 seconds
[2019-12-09T01:51:31.366+0000][1][safepoint    ] Entering safepoint region: BulkRevokeBias
[2019-12-09T01:51:31.366+0000][1][safepoint    ] Leaving safepoint region
[2019-12-09T01:51:31.366+0000][1][safepoint    ] Total time for which application threads were stopped: 0.0000936 seconds, Stopping threads took: 0.0000077 seconds
[2019-12-09T01:51:32.388+0000][1][safepoint    ] Application time: 1.0214821 seconds
[2019-12-09T01:51:32.468+0000][1][safepoint    ] Entering safepoint region: Cleanup
[2019-12-09T01:51:32.468+0000][1][safepoint    ] Leaving safepoint region
[2019-12-09T01:51:32.468+0000][1][safepoint    ] Total time for which application threads were stopped: 0.0801453 seconds, Stopping threads took: 0.0800778 seconds
[2019-12-09T01:51:33.473+0000][1][safepoint    ] Application time: 1.0047966 seconds
[2019-12-09T01:51:33.528+0000][1][safepoint    ] Entering safepoint region: Cleanup
[2019-12-09T01:51:33.528+0000][1][safepoint    ] Leaving safepoint region
[2019-12-09T01:51:33.528+0000][1][safepoint    ] Total time for which application threads were stopped: 0.0554001 seconds, Stopping threads took: 0.0553091 seconds
[2019-12-09T01:51:33.791+0000][1][safepoint    ] Application time: 0.2625608 seconds
[2019-12-09T01:51:33.791+0000][1][safepoint    ] Entering safepoint region: Deoptimize
[2019-12-09T01:51:33.791+0000][1][safepoint    ] Leaving safepoint region
[2019-12-09T01:51:33.791+0000][1][safepoint    ] Total time for which application threads were stopped: 0.0003771 seconds, Stopping threads took: 0.0000143 seconds
[2019-12-09T01:51:33.805+0000][1][safepoint    ] Application time: 0.0141008 seconds
[2019-12-09T01:51:33.805+0000][1][safepoint    ] Entering safepoint region: Deoptimize
[2019-12-09T01:51:33.806+0000][1][safepoint    ] Leaving safepoint region
[2019-12-09T01:51:33.806+0000][1][safepoint    ] Total time for which application threads were stopped: 0.0003583 seconds, Stopping threads took: 0.0000131 seconds
[2019-12-09T01:51:34.071+0000][1][safepoint    ] Application time: 0.2656100 seconds
[2019-12-09T01:51:34.071+0000][1][safepoint    ] Entering safepoint region: GenCollectForAllocation
[2019-12-09T01:51:34.071+0000][1][gc,start     ] GC(2) Pause Young (Allocation Failure)
[2019-12-09T01:51:34.071+0000][1][gc,task      ] GC(2) Using 2 workers of 2 for evacuation
[2019-12-09T01:51:34.118+0000][1][gc,age       ] GC(2) Desired survivor size 4456448 bytes, new threshold 6 (max threshold 6)
[2019-12-09T01:51:34.118+0000][1][gc,age       ] GC(2) Age table with threshold 6 (max threshold 6)
[2019-12-09T01:51:34.118+0000][1][gc,age       ] GC(2) - age   1:    1768456 bytes,    1768456 total
[2019-12-09T01:51:34.118+0000][1][gc,age       ] GC(2) - age   2:     913752 bytes,    2682208 total
[2019-12-09T01:51:34.118+0000][1][gc,heap      ] GC(2) ParNew: 74242K->3024K(78656K)
[2019-12-09T01:51:34.118+0000][1][gc,heap      ] GC(2) CMS: 7036K->7036K(174784K)
[2019-12-09T01:51:34.119+0000][1][gc,metaspace ] GC(2) Metaspace: 16874K->16874K(1064960K)
[2019-12-09T01:51:34.119+0000][1][gc           ] GC(2) Pause Young (Allocation Failure) 79M->9M(247M) 47.139ms
[2019-12-09T01:51:34.119+0000][1][gc,cpu       ] GC(2) User=0.01s Sys=0.00s Real=0.05s
[2019-12-09T01:51:34.119+0000][1][safepoint    ] Leaving safepoint region
[2019-12-09T01:51:34.119+0000][1][safepoint    ] Total time for which application threads were stopped: 0.0472762 seconds, Stopping threads took: 0.0000137 seconds
[2019-12-09T01:51:34.147+0000][1][safepoint    ] Application time: 0.0283636 seconds
[2019-12-09T01:51:34.197+0000][1][safepoint    ] Entering safepoint region: RevokeBias
[2019-12-09T01:51:34.197+0000][1][safepoint    ] Leaving safepoint region
[2019-12-09T01:51:34.197+0000][1][safepoint    ] Total time for which application threads were stopped: 0.0500729 seconds, Stopping threads took: 0.0499683 seconds
[2019-12-09T01:51:34.197+0000][1][safepoint    ] Application time: 0.0000679 seconds
[2019-12-09T01:51:34.197+0000][1][safepoint    ] Entering safepoint region: RevokeBias
[2019-12-09T01:51:34.197+0000][1][safepoint    ] Leaving safepoint region
[2019-12-09T01:51:34.197+0000][1][safepoint    ] Total time for which application threads were stopped: 0.0000784 seconds, Stopping threads took: 0.0000086 seconds
[2019-12-09T01:51:34.197+0000][1][safepoint    ] Application time: 0.0000697 seconds
[2019-12-09T01:51:34.197+0000][1][safepoint    ] Entering safepoint region: RevokeBias
[2019-12-09T01:51:34.197+0000][1][safepoint    ] Leaving safepoint region
[2019-12-09T01:51:34.197+0000][1][safepoint    ] Total time for which application threads were stopped: 0.0000722 seconds, Stopping threads took: 0.0000080 seconds
[2019-12-09T01:51:34.197+0000][1][safepoint    ] Application time: 0.0000480 seconds
[2019-12-09T01:51:34.197+0000][1][safepoint    ] Entering safepoint region: RevokeBias
[2019-12-09T01:51:34.197+0000][1][safepoint    ] Leaving safepoint region
[2019-12-09T01:51:34.198+0000][1][safepoint    ] Total time for which application threads were stopped: 0.0000710 seconds, Stopping threads took: 0.0000074 seconds
[2019-12-09T01:51:34.198+0000][1][safepoint    ] Application time: 0.0000552 seconds
[2019-12-09T01:51:34.198+0000][1][safepoint    ] Entering safepoint region: RevokeBias
[2019-12-09T01:51:34.198+0000][1][safepoint    ] Leaving safepoint region
[2019-12-09T01:51:34.198+0000][1][safepoint    ] Total time for which application threads were stopped: 0.0000680 seconds, Stopping threads took: 0.0000073 seconds
[2019-12-09T01:51:34.198+0000][1][safepoint    ] Application time: 0.0000613 seconds
[2019-12-09T01:51:34.198+0000][1][safepoint    ] Entering safepoint region: RevokeBias
[2019-12-09T01:51:34.198+0000][1][safepoint    ] Leaving safepoint region
[2019-12-09T01:51:34.198+0000][1][safepoint    ] Total time for which application threads were stopped: 0.0000725 seconds, Stopping threads took: 0.0000072 seconds
[2019-12-09T01:51:34.198+0000][1][safepoint    ] Application time: 0.0000618 seconds
[2019-12-09T01:51:34.198+0000][1][safepoint    ] Entering safepoint region: RevokeBias
[2019-12-09T01:51:34.198+0000][1][safepoint    ] Leaving safepoint region
[2019-12-09T01:51:34.198+0000][1][safepoint    ] Total time for which application threads were stopped: 0.0000700 seconds, Stopping threads took: 0.0000073 seconds
[2019-12-09T01:51:34.198+0000][1][safepoint    ] Application time: 0.0000480 seconds
[2019-12-09T01:51:34.198+0000][1][safepoint    ] Entering safepoint region: RevokeBias
[2019-12-09T01:51:34.198+0000][1][safepoint    ] Leaving safepoint region
[2019-12-09T01:51:34.198+0000][1][safepoint    ] Total time for which application threads were stopped: 0.0000752 seconds, Stopping threads took: 0.0000162 seconds
[2019-12-09T01:51:34.198+0000][1][safepoint    ] Application time: 0.0000544 seconds
[2019-12-09T01:51:34.198+0000][1][safepoint    ] Entering safepoint region: RevokeBias
[2019-12-09T01:51:34.198+0000][1][safepoint    ] Leaving safepoint region
[2019-12-09T01:51:34.198+0000][1][safepoint    ] Total time for which application threads were stopped: 0.0000695 seconds, Stopping threads took: 0.0000074 seconds
[2019-12-09T01:51:34.198+0000][1][safepoint    ] Application time: 0.0000489 seconds
[2019-12-09T01:51:34.198+0000][1][safepoint    ] Entering safepoint region: RevokeBias
[2019-12-09T01:51:34.198+0000][1][safepoint    ] Leaving safepoint region
[2019-12-09T01:51:34.198+0000][1][safepoint    ] Total time for which application threads were stopped: 0.0000679 seconds, Stopping threads took: 0.0000070 seconds
[2019-12-09T01:51:34.198+0000][1][safepoint    ] Application time: 0.0000541 seconds
[2019-12-09T01:51:34.198+0000][1][safepoint    ] Entering safepoint region: RevokeBias
[2019-12-09T01:51:34.198+0000][1][safepoint    ] Leaving safepoint region
[2019-12-09T01:51:34.198+0000][1][safepoint    ] Total time for which application threads were stopped: 0.0000688 seconds, Stopping threads took: 0.0000071 seconds
[2019-12-09T01:51:34.199+0000][1][safepoint    ] Application time: 0.0000504 seconds
[2019-12-09T01:51:34.199+0000][1][safepoint    ] Entering safepoint region: RevokeBias
[2019-12-09T01:51:34.199+0000][1][safepoint    ] Leaving safepoint region
[2019-12-09T01:51:34.199+0000][1][safepoint    ] Total time for which application threads were stopped: 0.0000666 seconds, Stopping threads took: 0.0000068 seconds
[2019-12-09T01:51:34.199+0000][1][safepoint    ] Application time: 0.0000828 seconds
[2019-12-09T01:51:34.199+0000][1][safepoint    ] Entering safepoint region: RevokeBias
[2019-12-09T01:51:34.199+0000][1][safepoint    ] Leaving safepoint region
[2019-12-09T01:51:34.199+0000][1][safepoint    ] Total time for which application threads were stopped: 0.0000801 seconds, Stopping threads took: 0.0000090 seconds
[2019-12-09T01:51:34.199+0000][1][safepoint    ] Application time: 0.0000544 seconds
[2019-12-09T01:51:34.199+0000][1][safepoint    ] Entering safepoint region: RevokeBias
[2019-12-09T01:51:34.199+0000][1][safepoint    ] Leaving safepoint region
[2019-12-09T01:51:34.199+0000][1][safepoint    ] Total time for which application threads were stopped: 0.0000743 seconds, Stopping threads took: 0.0000081 seconds
[2019-12-09T01:51:34.199+0000][1][safepoint    ] Application time: 0.0000620 seconds
[2019-12-09T01:51:34.199+0000][1][safepoint    ] Entering safepoint region: RevokeBias
[2019-12-09T01:51:34.199+0000][1][safepoint    ] Leaving safepoint region
[2019-12-09T01:51:34.199+0000][1][safepoint    ] Total time for which application threads were stopped: 0.0000737 seconds, Stopping threads took: 0.0000079 seconds
[2019-12-09T01:51:34.199+0000][1][safepoint    ] Application time: 0.0000519 seconds
[2019-12-09T01:51:34.199+0000][1][safepoint    ] Entering safepoint region: RevokeBias
[2019-12-09T01:51:34.199+0000][1][safepoint    ] Leaving safepoint region
[2019-12-09T01:51:34.199+0000][1][safepoint    ] Total time for which application threads were stopped: 0.0000687 seconds, Stopping threads took: 0.0000073 seconds
[2019-12-09T01:51:34.199+0000][1][safepoint    ] Application time: 0.0000607 seconds
[2019-12-09T01:51:34.199+0000][1][safepoint    ] Entering safepoint region: RevokeBias
[2019-12-09T01:51:34.199+0000][1][safepoint    ] Leaving safepoint region
[2019-12-09T01:51:34.199+0000][1][safepoint    ] Total time for which application threads were stopped: 0.0000749 seconds, Stopping threads took: 0.0000083 seconds
[2019-12-09T01:51:34.199+0000][1][safepoint    ] Application time: 0.0000524 seconds
[2019-12-09T01:51:34.199+0000][1][safepoint    ] Entering safepoint region: RevokeBias
[2019-12-09T01:51:34.200+0000][1][safepoint    ] Leaving safepoint region
[2019-12-09T01:51:34.200+0000][1][safepoint    ] Total time for which application threads were stopped: 0.0000805 seconds, Stopping threads took: 0.0000151 seconds
[2019-12-09T01:51:34.200+0000][1][safepoint    ] Application time: 0.0000672 seconds
[2019-12-09T01:51:34.200+0000][1][safepoint    ] Entering safepoint region: RevokeBias
[2019-12-09T01:51:34.200+0000][1][safepoint    ] Leaving safepoint region
[2019-12-09T01:51:34.200+0000][1][safepoint    ] Total time for which application threads were stopped: 0.0000951 seconds, Stopping threads took: 0.0000069 seconds
[2019-12-09T01:51:34.200+0000][1][safepoint    ] Application time: 0.0001824 seconds
[2019-12-09T01:51:34.200+0000][1][safepoint    ] Entering safepoint region: RevokeBias
[2019-12-09T01:51:34.200+0000][1][safepoint    ] Leaving safepoint region
[2019-12-09T01:51:34.200+0000][1][safepoint    ] Total time for which application threads were stopped: 0.0000794 seconds, Stopping threads took: 0.0000083 seconds
[2019-12-09T01:51:34.200+0000][1][safepoint    ] Application time: 0.0000565 seconds
[2019-12-09T01:51:34.200+0000][1][safepoint    ] Entering safepoint region: RevokeBias
[2019-12-09T01:51:34.200+0000][1][safepoint    ] Leaving safepoint region
[2019-12-09T01:51:34.200+0000][1][safepoint    ] Total time for which application threads were stopped: 0.0000773 seconds, Stopping threads took: 0.0000082 seconds
[2019-12-09T01:51:35.281+0000][1][safepoint    ] Application time: 1.0805507 seconds
[2019-12-09T01:51:35.320+0000][1][safepoint    ] Entering safepoint region: Cleanup
[2019-12-09T01:51:35.320+0000][1][safepoint    ] Leaving safepoint region
[2019-12-09T01:51:35.320+0000][1][safepoint    ] Total time for which application threads were stopped: 0.0391357 seconds, Stopping threads took: 0.0390477 seconds
[2019-12-09T01:51:36.326+0000][1][safepoint    ] Application time: 1.0058263 seconds
[2019-12-09T01:51:36.345+0000][1][safepoint    ] Entering safepoint region: Cleanup
[2019-12-09T01:51:36.345+0000][1][safepoint    ] Leaving safepoint region
[2019-12-09T01:51:36.345+0000][1][safepoint    ] Total time for which application threads were stopped: 0.0193879 seconds, Stopping threads took: 0.0193429 seconds
[2019-12-09T01:51:36.391+0000][1][safepoint    ] Application time: 0.0457306 seconds
[2019-12-09T01:51:36.391+0000][1][safepoint    ] Entering safepoint region: GenCollectForAllocation
[2019-12-09T01:51:36.391+0000][1][gc,start     ] GC(3) Pause Young (Allocation Failure)
[2019-12-09T01:51:36.391+0000][1][gc,task      ] GC(3) Using 2 workers of 2 for evacuation
[2019-12-09T01:51:36.489+0000][1][gc,age       ] GC(3) Desired survivor size 4456448 bytes, new threshold 2 (max threshold 6)
[2019-12-09T01:51:36.489+0000][1][gc,age       ] GC(3) Age table with threshold 2 (max threshold 6)
[2019-12-09T01:51:36.489+0000][1][gc,age       ] GC(3) - age   1:    3162632 bytes,    3162632 total
[2019-12-09T01:51:36.489+0000][1][gc,age       ] GC(3) - age   2:    1696680 bytes,    4859312 total
[2019-12-09T01:51:36.489+0000][1][gc,age       ] GC(3) - age   3:     913624 bytes,    5772936 total
[2019-12-09T01:51:36.489+0000][1][gc,heap      ] GC(3) ParNew: 72976K->6417K(78656K)
[2019-12-09T01:51:36.489+0000][1][gc,heap      ] GC(3) CMS: 7036K->7036K(174784K)
[2019-12-09T01:51:36.489+0000][1][gc,metaspace ] GC(3) Metaspace: 18399K->18399K(1067008K)
[2019-12-09T01:51:36.489+0000][1][gc           ] GC(3) Pause Young (Allocation Failure) 78M->13M(247M) 98.028ms
[2019-12-09T01:51:36.489+0000][1][gc,cpu       ] GC(3) User=0.03s Sys=0.00s Real=0.10s
[2019-12-09T01:51:36.489+0000][1][safepoint    ] Leaving safepoint region
[2019-12-09T01:51:36.489+0000][1][safepoint    ] Total time for which application threads were stopped: 0.0981613 seconds, Stopping threads took: 0.0000129 seconds
[2019-12-09T01:51:36.491+0000][1][safepoint    ] Application time: 0.0016201 seconds
[2019-12-09T01:51:36.520+0000][1][safepoint    ] Entering safepoint region: BulkRevokeBias
[2019-12-09T01:51:36.520+0000][1][safepoint    ] Leaving safepoint region
[2019-12-09T01:51:36.520+0000][1][safepoint    ] Total time for which application threads were stopped: 0.0293705 seconds, Stopping threads took: 0.0292029 seconds
[2019-12-09T01:51:36.523+0000][1][safepoint    ] Application time: 0.0033003 seconds
[2019-12-09T01:51:36.570+0000][1][safepoint    ] Entering safepoint region: RevokeBias
[2019-12-09T01:51:36.570+0000][1][safepoint    ] Leaving safepoint region
[2019-12-09T01:51:36.570+0000][1][safepoint    ] Total time for which application threads were stopped: 0.0467015 seconds, Stopping threads took: 0.0466139 seconds
[2019-12-09T01:51:36.570+0000][1][safepoint    ] Application time: 0.0000935 seconds
[2019-12-09T01:51:36.570+0000][1][safepoint    ] Entering safepoint region: RevokeBias
[2019-12-09T01:51:36.570+0000][1][safepoint    ] Leaving safepoint region
[2019-12-09T01:51:36.570+0000][1][safepoint    ] Total time for which application threads were stopped: 0.0000711 seconds, Stopping threads took: 0.0000096 seconds
[2019-12-09T01:51:36.570+0000][1][safepoint    ] Application time: 0.0000557 seconds
[2019-12-09T01:51:36.570+0000][1][safepoint    ] Entering safepoint region: RevokeBias
[2019-12-09T01:51:36.570+0000][1][safepoint    ] Leaving safepoint region
[2019-12-09T01:51:36.570+0000][1][safepoint    ] Total time for which application threads were stopped: 0.0000618 seconds, Stopping threads took: 0.0000086 seconds
[2019-12-09T01:51:37.579+0000][1][safepoint    ] Application time: 1.0082430 seconds
[2019-12-09T01:51:37.620+0000][1][safepoint    ] Entering safepoint region: Cleanup
[2019-12-09T01:51:37.620+0000][1][safepoint    ] Leaving safepoint region
[2019-12-09T01:51:37.620+0000][1][safepoint    ] Total time for which application threads were stopped: 0.0410446 seconds, Stopping threads took: 0.0409948 seconds
[2019-12-09T01:51:37.789+0000][1][safepoint    ] Application time: 0.1689758 seconds
[2019-12-09T01:51:37.789+0000][1][safepoint    ] Entering safepoint region: RevokeBias
[2019-12-09T01:51:37.789+0000][1][safepoint    ] Leaving safepoint region
[2019-12-09T01:51:37.789+0000][1][safepoint    ] Total time for which application threads were stopped: 0.0000926 seconds, Stopping threads took: 0.0000122 seconds
[2019-12-09T01:51:37.799+0000][1][safepoint    ] Application time: 0.0104119 seconds
[2019-12-09T01:51:37.799+0000][1][safepoint    ] Entering safepoint region: RevokeBias
[2019-12-09T01:51:37.799+0000][1][safepoint    ] Leaving safepoint region
[2019-12-09T01:51:37.799+0000][1][safepoint    ] Total time for which application threads were stopped: 0.0000757 seconds, Stopping threads took: 0.0000126 seconds
[2019-12-09T01:51:37.829+0000][1][safepoint    ] Application time: 0.0296988 seconds
[2019-12-09T01:51:37.829+0000][1][safepoint    ] Entering safepoint region: Deoptimize
[2019-12-09T01:51:37.830+0000][1][safepoint    ] Leaving safepoint region
[2019-12-09T01:51:37.830+0000][1][safepoint    ] Total time for which application threads were stopped: 0.0004348 seconds, Stopping threads took: 0.0000119 seconds
[2019-12-09T01:51:38.293+0000][1][safepoint    ] Application time: 0.4637279 seconds
[2019-12-09T01:51:38.293+0000][1][safepoint    ] Entering safepoint region: Deoptimize
[2019-12-09T01:51:38.294+0000][1][safepoint    ] Leaving safepoint region
[2019-12-09T01:51:38.294+0000][1][safepoint    ] Total time for which application threads were stopped: 0.0004472 seconds, Stopping threads took: 0.0000134 seconds
[2019-12-09T01:51:38.495+0000][1][safepoint    ] Application time: 0.2011130 seconds
[2019-12-09T01:51:38.495+0000][1][safepoint    ] Entering safepoint region: GenCollectForAllocation
[2019-12-09T01:51:38.495+0000][1][gc,start     ] GC(4) Pause Young (Allocation Failure)
[2019-12-09T01:51:38.495+0000][1][gc,task      ] GC(4) Using 2 workers of 2 for evacuation
[2019-12-09T01:51:38.684+0000][1][gc,age       ] GC(4) Desired survivor size 4456448 bytes, new threshold 6 (max threshold 6)
[2019-12-09T01:51:38.684+0000][1][gc,age       ] GC(4) Age table with threshold 6 (max threshold 6)
[2019-12-09T01:51:38.684+0000][1][gc,age       ] GC(4) - age   1:    2387432 bytes,    2387432 total
[2019-12-09T01:51:38.684+0000][1][gc,age       ] GC(4) - age   2:    2043920 bytes,    4431352 total
[2019-12-09T01:51:38.684+0000][1][gc,heap      ] GC(4) ParNew: 76369K->6920K(78656K)
[2019-12-09T01:51:38.684+0000][1][gc,heap      ] GC(4) CMS: 7036K->9614K(174784K)
[2019-12-09T01:51:38.684+0000][1][gc,metaspace ] GC(4) Metaspace: 18776K->18776K(1067008K)
[2019-12-09T01:51:38.684+0000][1][gc           ] GC(4) Pause Young (Allocation Failure) 81M->16M(247M) 188.941ms
[2019-12-09T01:51:38.684+0000][1][gc,cpu       ] GC(4) User=0.05s Sys=0.00s Real=0.18s
[2019-12-09T01:51:38.684+0000][1][safepoint    ] Leaving safepoint region
[2019-12-09T01:51:38.684+0000][1][safepoint    ] Total time for which application threads were stopped: 0.1890754 seconds, Stopping threads took: 0.0000129 seconds
[2019-12-09T01:51:38.698+0000][1][safepoint    ] Application time: 0.0136890 seconds
[2019-12-09T01:51:38.763+0000][1][safepoint    ] Entering safepoint region: RevokeBias
[2019-12-09T01:51:38.763+0000][1][safepoint    ] Leaving safepoint region
[2019-12-09T01:51:38.763+0000][1][safepoint    ] Total time for which application threads were stopped: 0.0652191 seconds, Stopping threads took: 0.0650126 seconds
[2019-12-09T01:51:38.765+0000][1][safepoint    ] Application time: 0.0017416 seconds
[2019-12-09T01:51:38.765+0000][1][safepoint    ] Entering safepoint region: RevokeBias
[2019-12-09T01:51:38.765+0000][1][safepoint    ] Leaving safepoint region
[2019-12-09T01:51:38.765+0000][1][safepoint    ] Total time for which application threads were stopped: 0.0001494 seconds, Stopping threads took: 0.0000430 seconds
[2019-12-09T01:51:38.765+0000][1][safepoint    ] Application time: 0.0004066 seconds
[2019-12-09T01:51:38.765+0000][1][safepoint    ] Entering safepoint region: RevokeBias
[2019-12-09T01:51:38.765+0000][1][safepoint    ] Leaving safepoint region
[2019-12-09T01:51:38.765+0000][1][safepoint    ] Total time for which application threads were stopped: 0.0000723 seconds, Stopping threads took: 0.0000122 seconds
[2019-12-09T01:51:38.765+0000][1][safepoint    ] Application time: 0.0000696 seconds
[2019-12-09T01:51:38.766+0000][1][safepoint    ] Entering safepoint region: RevokeBias
[2019-12-09T01:51:38.766+0000][1][safepoint    ] Leaving safepoint region
[2019-12-09T01:51:38.766+0000][1][safepoint    ] Total time for which application threads were stopped: 0.0000945 seconds, Stopping threads took: 0.0000074 seconds
[2019-12-09T01:51:38.766+0000][1][safepoint    ] Application time: 0.0000676 seconds
[2019-12-09T01:51:38.766+0000][1][safepoint    ] Entering safepoint region: RevokeBias
[2019-12-09T01:51:38.766+0000][1][safepoint    ] Leaving safepoint region
[2019-12-09T01:51:38.766+0000][1][safepoint    ] Total time for which application threads were stopped: 0.0001175 seconds, Stopping threads took: 0.0000264 seconds
[2019-12-09T01:51:38.766+0000][1][safepoint    ] Application time: 0.0000472 seconds
[2019-12-09T01:51:38.766+0000][1][safepoint    ] Entering safepoint region: RevokeBias
[2019-12-09T01:51:38.766+0000][1][safepoint    ] Leaving safepoint region
[2019-12-09T01:51:38.766+0000][1][safepoint    ] Total time for which application threads were stopped: 0.0000381 seconds, Stopping threads took: 0.0000071 seconds
[2019-12-09T01:51:38.766+0000][1][safepoint    ] Application time: 0.0000495 seconds
[2019-12-09T01:51:38.766+0000][1][safepoint    ] Entering safepoint region: RevokeBias
[2019-12-09T01:51:38.766+0000][1][safepoint    ] Leaving safepoint region
[2019-12-09T01:51:38.766+0000][1][safepoint    ] Total time for which application threads were stopped: 0.0000372 seconds, Stopping threads took: 0.0000065 seconds
[2019-12-09T01:51:38.766+0000][1][safepoint    ] Application time: 0.0000431 seconds
[2019-12-09T01:51:38.766+0000][1][safepoint    ] Entering safepoint region: RevokeBias
[2019-12-09T01:51:38.766+0000][1][safepoint    ] Leaving safepoint region
[2019-12-09T01:51:38.766+0000][1][safepoint    ] Total time for which application threads were stopped: 0.0000358 seconds, Stopping threads took: 0.0000061 seconds
[2019-12-09T01:51:39.769+0000][1][safepoint    ] Application time: 1.0026102 seconds
[2019-12-09T01:51:39.796+0000][1][safepoint    ] Entering safepoint region: Cleanup
[2019-12-09T01:51:39.796+0000][1][safepoint    ] Leaving safepoint region
[2019-12-09T01:51:39.796+0000][1][safepoint    ] Total time for which application threads were stopped: 0.0270520 seconds, Stopping threads took: 0.0269988 seconds
[2019-12-09T01:51:39.919+0000][1][safepoint    ] Application time: 0.1228464 seconds
[2019-12-09T01:51:39.919+0000][1][safepoint    ] Entering safepoint region: GenCollectForAllocation
[2019-12-09T01:51:39.919+0000][1][gc,start     ] GC(5) Pause Young (Allocation Failure)
[2019-12-09T01:51:39.919+0000][1][gc,task      ] GC(5) Using 2 workers of 2 for evacuation
[2019-12-09T01:51:40.082+0000][1][gc,age       ] GC(5) Desired survivor size 4456448 bytes, new threshold 3 (max threshold 6)
[2019-12-09T01:51:40.082+0000][1][gc,age       ] GC(5) Age table with threshold 3 (max threshold 6)
[2019-12-09T01:51:40.082+0000][1][gc,age       ] GC(5) - age   1:     832152 bytes,     832152 total
[2019-12-09T01:51:40.082+0000][1][gc,age       ] GC(5) - age   2:    1864496 bytes,    2696648 total
[2019-12-09T01:51:40.082+0000][1][gc,age       ] GC(5) - age   3:    2043112 bytes,    4739760 total
[2019-12-09T01:51:40.082+0000][1][gc,heap      ] GC(5) ParNew: 76872K->6598K(78656K)
[2019-12-09T01:51:40.082+0000][1][gc,heap      ] GC(5) CMS: 9614K->9614K(174784K)
[2019-12-09T01:51:40.082+0000][1][gc,metaspace ] GC(5) Metaspace: 18955K->18955K(1067008K)
[2019-12-09T01:51:40.082+0000][1][gc           ] GC(5) Pause Young (Allocation Failure) 84M->15M(247M) 163.029ms
[2019-12-09T01:51:40.082+0000][1][gc,cpu       ] GC(5) User=0.03s Sys=0.00s Real=0.16s
[2019-12-09T01:51:40.082+0000][1][safepoint    ] Leaving safepoint region
[2019-12-09T01:51:40.082+0000][1][safepoint    ] Total time for which application threads were stopped: 0.1631663 seconds, Stopping threads took: 0.0000153 seconds
[2019-12-09T01:51:40.084+0000][1][safepoint    ] Application time: 0.0019218 seconds
[2019-12-09T01:51:40.084+0000][1][safepoint    ] Entering safepoint region: RevokeBias
[2019-12-09T01:51:40.084+0000][1][safepoint    ] Leaving safepoint region
[2019-12-09T01:51:40.084+0000][1][safepoint    ] Total time for which application threads were stopped: 0.0002718 seconds, Stopping threads took: 0.0002102 seconds
[2019-12-09T01:51:40.084+0000][1][safepoint    ] Application time: 0.0000627 seconds
[2019-12-09T01:51:40.084+0000][1][safepoint    ] Entering safepoint region: RevokeBias
[2019-12-09T01:51:40.084+0000][1][safepoint    ] Leaving safepoint region
[2019-12-09T01:51:40.084+0000][1][safepoint    ] Total time for which application threads were stopped: 0.0000412 seconds, Stopping threads took: 0.0000088 seconds
[2019-12-09T01:51:40.084+0000][1][safepoint    ] Application time: 0.0000655 seconds
[2019-12-09T01:51:40.084+0000][1][safepoint    ] Entering safepoint region: RevokeBias
[2019-12-09T01:51:40.084+0000][1][safepoint    ] Leaving safepoint region
[2019-12-09T01:51:40.084+0000][1][safepoint    ] Total time for which application threads were stopped: 0.0000389 seconds, Stopping threads took: 0.0000087 seconds
[2019-12-09T01:51:40.084+0000][1][safepoint    ] Application time: 0.0000448 seconds
[2019-12-09T01:51:40.084+0000][1][safepoint    ] Entering safepoint region: RevokeBias
[2019-12-09T01:51:40.084+0000][1][safepoint    ] Leaving safepoint region
[2019-12-09T01:51:40.084+0000][1][safepoint    ] Total time for which application threads were stopped: 0.0000337 seconds, Stopping threads took: 0.0000075 seconds
[2019-12-09T01:51:40.445+0000][1][safepoint    ] Application time: 0.3604971 seconds
[2019-12-09T01:51:40.445+0000][1][safepoint    ] Entering safepoint region: RevokeBias
[2019-12-09T01:51:40.445+0000][1][safepoint    ] Leaving safepoint region
[2019-12-09T01:51:40.445+0000][1][safepoint    ] Total time for which application threads were stopped: 0.0000653 seconds, Stopping threads took: 0.0000129 seconds
[2019-12-09T01:51:40.445+0000][1][safepoint    ] Application time: 0.0002315 seconds
[2019-12-09T01:51:40.445+0000][1][safepoint    ] Entering safepoint region: BulkRevokeBias
[2019-12-09T01:51:40.445+0000][1][safepoint    ] Leaving safepoint region
[2019-12-09T01:51:40.445+0000][1][safepoint    ] Total time for which application threads were stopped: 0.0001296 seconds, Stopping threads took: 0.0000103 seconds
[2019-12-09T01:51:41.394+0000][1][safepoint    ] Application time: 0.9489732 seconds
[2019-12-09T01:51:41.394+0000][1][safepoint    ] Entering safepoint region: GenCollectForAllocation
[2019-12-09T01:51:41.395+0000][1][gc,start     ] GC(6) Pause Young (Allocation Failure)
[2019-12-09T01:51:41.395+0000][1][gc,task      ] GC(6) Using 2 workers of 2 for evacuation
[2019-12-09T01:51:41.539+0000][1][gc,age       ] GC(6) Desired survivor size 4456448 bytes, new threshold 3 (max threshold 6)
[2019-12-09T01:51:41.539+0000][1][gc,age       ] GC(6) Age table with threshold 3 (max threshold 6)
[2019-12-09T01:51:41.539+0000][1][gc,age       ] GC(6) - age   1:    1792064 bytes,    1792064 total
[2019-12-09T01:51:41.539+0000][1][gc,age       ] GC(6) - age   2:     819872 bytes,    2611936 total
[2019-12-09T01:51:41.539+0000][1][gc,age       ] GC(6) - age   3:    1864496 bytes,    4476432 total
[2019-12-09T01:51:41.539+0000][1][gc,heap      ] GC(6) ParNew: 76550K->6856K(78656K)
[2019-12-09T01:51:41.539+0000][1][gc,heap      ] GC(6) CMS: 9614K->11629K(174784K)
[2019-12-09T01:51:41.539+0000][1][gc,metaspace ] GC(6) Metaspace: 19520K->19520K(1067008K)
[2019-12-09T01:51:41.539+0000][1][gc           ] GC(6) Pause Young (Allocation Failure) 84M->18M(247M) 144.675ms
[2019-12-09T01:51:41.539+0000][1][gc,cpu       ] GC(6) User=0.02s Sys=0.00s Real=0.15s
[2019-12-09T01:51:41.539+0000][1][safepoint    ] Leaving safepoint region
[2019-12-09T01:51:41.539+0000][1][safepoint    ] Total time for which application threads were stopped: 0.1448056 seconds, Stopping threads took: 0.0000127 seconds
[2019-12-09T01:51:41.541+0000][1][safepoint    ] Application time: 0.0015257 seconds
[2019-12-09T01:51:41.545+0000][1][safepoint    ] Entering safepoint region: BulkRevokeBias
[2019-12-09T01:51:41.545+0000][1][safepoint    ] Leaving safepoint region
[2019-12-09T01:51:41.545+0000][1][safepoint    ] Total time for which application threads were stopped: 0.0040836 seconds, Stopping threads took: 0.0039617 seconds
[2019-12-09T01:51:42.466+0000][1][safepoint    ] Application time: 0.9206639 seconds
[2019-12-09T01:51:42.466+0000][1][safepoint    ] Entering safepoint region: CollectForMetadataAllocation
[2019-12-09T01:51:42.466+0000][1][safepoint    ] Leaving safepoint region
[2019-12-09T01:51:42.466+0000][1][safepoint    ] Total time for which application threads were stopped: 0.0002823 seconds, Stopping threads took: 0.0000122 seconds
[2019-12-09T01:51:43.184+0000][1][safepoint    ] Application time: 0.7176941 seconds
[2019-12-09T01:51:43.184+0000][1][safepoint    ] Entering safepoint region: GenCollectForAllocation
[2019-12-09T01:51:43.184+0000][1][gc,start     ] GC(7) Pause Young (Allocation Failure)
[2019-12-09T01:51:43.184+0000][1][gc,task      ] GC(7) Using 2 workers of 2 for evacuation
[2019-12-09T01:51:43.252+0000][1][gc,age       ] GC(7) Desired survivor size 4456448 bytes, new threshold 6 (max threshold 6)
[2019-12-09T01:51:43.252+0000][1][gc,age       ] GC(7) Age table with threshold 6 (max threshold 6)
[2019-12-09T01:51:43.252+0000][1][gc,age       ] GC(7) - age   1:     916976 bytes,     916976 total
[2019-12-09T01:51:43.252+0000][1][gc,age       ] GC(7) - age   2:    1431440 bytes,    2348416 total
[2019-12-09T01:51:43.252+0000][1][gc,age       ] GC(7) - age   3:     819872 bytes,    3168288 total
[2019-12-09T01:51:43.252+0000][1][gc,heap      ] GC(7) ParNew: 76808K->4421K(78656K)
[2019-12-09T01:51:43.252+0000][1][gc,heap      ] GC(7) CMS: 11629K->13462K(174784K)
[2019-12-09T01:51:43.252+0000][1][gc,metaspace ] GC(7) Metaspace: 20333K->20333K(1069056K)
[2019-12-09T01:51:43.252+0000][1][gc           ] GC(7) Pause Young (Allocation Failure) 86M->17M(247M) 68.368ms
[2019-12-09T01:51:43.252+0000][1][gc,cpu       ] GC(7) User=0.03s Sys=0.00s Real=0.07s
[2019-12-09T01:51:43.252+0000][1][safepoint    ] Leaving safepoint region
[2019-12-09T01:51:43.252+0000][1][safepoint    ] Total time for which application threads were stopped: 0.0685160 seconds, Stopping threads took: 0.0000144 seconds
[2019-12-09T01:51:43.294+0000][1][safepoint    ] Application time: 0.0415925 seconds
[2019-12-09T01:51:43.356+0000][1][safepoint    ] Entering safepoint region: CMS_Initial_Mark
[2019-12-09T01:51:43.356+0000][1][gc,start     ] GC(8) Pause Initial Mark
[2019-12-09T01:51:43.359+0000][1][gc           ] GC(8) Pause Initial Mark 22M->22M(247M) 2.660ms
[2019-12-09T01:51:43.359+0000][1][gc,cpu       ] GC(8) User=0.00s Sys=0.00s Real=0.00s
[2019-12-09T01:51:43.359+0000][1][safepoint    ] Leaving safepoint region
[2019-12-09T01:51:43.359+0000][1][safepoint    ] Total time for which application threads were stopped: 0.0647768 seconds, Stopping threads took: 0.0620195 seconds
[2019-12-09T01:51:43.359+0000][1][gc           ] GC(8) Concurrent Mark
[2019-12-09T01:51:43.446+0000][1][gc           ] GC(8) Concurrent Mark 87.492ms
[2019-12-09T01:51:43.446+0000][1][gc,cpu       ] GC(8) User=0.03s Sys=0.00s Real=0.09s
[2019-12-09T01:51:43.446+0000][1][gc           ] GC(8) Concurrent Preclean
[2019-12-09T01:51:43.447+0000][1][gc           ] GC(8) Concurrent Preclean 0.480ms
[2019-12-09T01:51:43.447+0000][1][gc,cpu       ] GC(8) User=0.01s Sys=0.00s Real=0.00s
[2019-12-09T01:51:43.447+0000][1][gc           ] GC(8) Concurrent Abortable Preclean
[2019-12-09T01:51:44.103+0000][1][safepoint    ] Application time: 0.7441581 seconds
[2019-12-09T01:51:44.103+0000][1][safepoint    ] Entering safepoint region: CollectForMetadataAllocation
[2019-12-09T01:51:44.103+0000][1][safepoint    ] Leaving safepoint region
[2019-12-09T01:51:44.103+0000][1][safepoint    ] Total time for which application threads were stopped: 0.0002246 seconds, Stopping threads took: 0.0000240 seconds
[2019-12-09T01:51:44.453+0000][1][safepoint    ] Application time: 0.3504473 seconds
[2019-12-09T01:51:44.453+0000][1][safepoint    ] Entering safepoint region: GenCollectForAllocation
[2019-12-09T01:51:44.454+0000][1][gc,start     ] GC(9) Pause Young (Allocation Failure)
[2019-12-09T01:51:44.454+0000][1][gc,task      ] GC(9) Using 2 workers of 2 for evacuation
[2019-12-09T01:51:44.534+0000][1][gc,age       ] GC(9) Desired survivor size 4456448 bytes, new threshold 4 (max threshold 6)
[2019-12-09T01:51:44.534+0000][1][gc,age       ] GC(9) Age table with threshold 4 (max threshold 6)
[2019-12-09T01:51:44.534+0000][1][gc,age       ] GC(9) - age   1:    1711752 bytes,    1711752 total
[2019-12-09T01:51:44.534+0000][1][gc,age       ] GC(9) - age   2:     657648 bytes,    2369400 total
[2019-12-09T01:51:44.534+0000][1][gc,age       ] GC(9) - age   3:    1431440 bytes,    3800840 total
[2019-12-09T01:51:44.534+0000][1][gc,age       ] GC(9) - age   4:     819872 bytes,    4620712 total
[2019-12-09T01:51:44.534+0000][1][gc,heap      ] GC(9) ParNew: 74373K->5138K(78656K)
[2019-12-09T01:51:44.534+0000][1][gc,heap      ] GC(9) CMS: 13462K->13462K(174784K)
[2019-12-09T01:51:44.534+0000][1][gc,metaspace ] GC(9) Metaspace: 20444K->20444K(1069056K)
[2019-12-09T01:51:44.534+0000][1][gc           ] GC(9) Pause Young (Allocation Failure) 85M->18M(247M) 80.425ms
[2019-12-09T01:51:44.534+0000][1][gc,cpu       ] GC(9) User=0.02s Sys=0.00s Real=0.08s
[2019-12-09T01:51:44.534+0000][1][safepoint    ] Leaving safepoint region
[2019-12-09T01:51:44.534+0000][1][safepoint    ] Total time for which application threads were stopped: 0.0805455 seconds, Stopping threads took: 0.0000128 seconds
[2019-12-09T01:51:45.470+0000][1][gc           ] GC(8) Concurrent Abortable Preclean 2023.060ms
[2019-12-09T01:51:45.470+0000][1][gc,cpu       ] GC(8) User=0.56s Sys=0.01s Real=2.02s
[2019-12-09T01:51:45.470+0000][1][safepoint    ] Application time: 0.9357927 seconds
[2019-12-09T01:51:45.513+0000][1][safepoint    ] Entering safepoint region: CMS_Final_Remark
[2019-12-09T01:51:45.513+0000][1][gc,start     ] GC(8) Pause Remark
[2019-12-09T01:51:45.609+0000][1][gc           ] GC(8) Pause Remark 60M->60M(247M) 96.371ms
[2019-12-09T01:51:45.609+0000][1][gc,cpu       ] GC(8) User=0.04s Sys=0.00s Real=0.10s
[2019-12-09T01:51:45.609+0000][1][safepoint    ] Leaving safepoint region
[2019-12-09T01:51:45.609+0000][1][safepoint    ] Total time for which application threads were stopped: 0.1394622 seconds, Stopping threads took: 0.0429578 seconds
[2019-12-09T01:51:45.632+0000][1][gc           ] GC(8) Concurrent Sweep
[2019-12-09T01:51:45.675+0000][1][gc           ] GC(8) Concurrent Sweep 42.888ms
[2019-12-09T01:51:45.675+0000][1][gc,cpu       ] GC(8) User=0.01s Sys=0.00s Real=0.05s
[2019-12-09T01:51:45.675+0000][1][gc           ] GC(8) Concurrent Reset
[2019-12-09T01:51:45.675+0000][1][gc           ] GC(8) Concurrent Reset 0.318ms
[2019-12-09T01:51:45.675+0000][1][gc,cpu       ] GC(8) User=0.00s Sys=0.00s Real=0.00s
[2019-12-09T01:51:45.675+0000][1][gc,heap      ] GC(8) Old: 13462K->13431K(174784K)
[2019-12-09T01:51:46.115+0000][1][safepoint    ] Application time: 0.5053101 seconds
[2019-12-09T01:51:46.115+0000][1][safepoint    ] Entering safepoint region: GenCollectForAllocation
[2019-12-09T01:51:46.115+0000][1][gc,start     ] GC(10) Pause Young (Allocation Failure)
[2019-12-09T01:51:46.115+0000][1][gc,task      ] GC(10) Using 2 workers of 2 for evacuation
[2019-12-09T01:51:46.204+0000][1][gc,age       ] GC(10) Desired survivor size 4456448 bytes, new threshold 6 (max threshold 6)
[2019-12-09T01:51:46.204+0000][1][gc,age       ] GC(10) Age table with threshold 6 (max threshold 6)
[2019-12-09T01:51:46.204+0000][1][gc,age       ] GC(10) - age   1:    1058760 bytes,    1058760 total
[2019-12-09T01:51:46.204+0000][1][gc,age       ] GC(10) - age   2:      97456 bytes,    1156216 total
[2019-12-09T01:51:46.204+0000][1][gc,age       ] GC(10) - age   3:     656640 bytes,    1812856 total
[2019-12-09T01:51:46.204+0000][1][gc,age       ] GC(10) - age   4:    1431192 bytes,    3244048 total
[2019-12-09T01:51:46.204+0000][1][gc,heap      ] GC(10) ParNew: 75090K->6360K(78656K)
[2019-12-09T01:51:46.204+0000][1][gc,heap      ] GC(10) CMS: 13431K->14237K(174784K)
[2019-12-09T01:51:46.204+0000][1][gc,metaspace ] GC(10) Metaspace: 20533K->20533K(1069056K)
[2019-12-09T01:51:46.204+0000][1][gc           ] GC(10) Pause Young (Allocation Failure) 86M->20M(247M) 88.855ms
[2019-12-09T01:51:46.204+0000][1][gc,cpu       ] GC(10) User=0.02s Sys=0.00s Real=0.08s
[2019-12-09T01:51:46.204+0000][1][safepoint    ] Leaving safepoint region
[2019-12-09T01:51:46.204+0000][1][safepoint    ] Total time for which application threads were stopped: 0.0893886 seconds, Stopping threads took: 0.0000142 seconds
[2019-12-09T01:51:46.953+0000][1][safepoint    ] Application time: 0.7486737 seconds
[2019-12-09T01:51:46.953+0000][1][safepoint    ] Entering safepoint region: Deoptimize
[2019-12-09T01:51:46.953+0000][1][safepoint    ] Leaving safepoint region
[2019-12-09T01:51:46.953+0000][1][safepoint    ] Total time for which application threads were stopped: 0.0004320 seconds, Stopping threads took: 0.0000135 seconds
[2019-12-09T01:51:47.969+0000][1][safepoint    ] Application time: 1.0155210 seconds
[2019-12-09T01:51:48.084+0000][1][safepoint    ] Entering safepoint region: Cleanup
[2019-12-09T01:51:48.084+0000][1][safepoint    ] Leaving safepoint region
[2019-12-09T01:51:48.084+0000][1][safepoint    ] Total time for which application threads were stopped: 0.1150717 seconds, Stopping threads took: 0.1149927 seconds
[2019-12-09T01:51:49.086+0000][1][safepoint    ] Application time: 1.0018820 seconds
[2019-12-09T01:51:49.206+0000][1][safepoint    ] Entering safepoint region: Cleanup
[2019-12-09T01:51:49.206+0000][1][safepoint    ] Leaving safepoint region
[2019-12-09T01:51:49.206+0000][1][safepoint    ] Total time for which application threads were stopped: 0.1202158 seconds, Stopping threads took: 0.1199931 seconds
[2019-12-09T01:51:49.937+0000][1][safepoint    ] Application time: 0.7307327 seconds
[2019-12-09T01:51:49.937+0000][1][safepoint    ] Entering safepoint region: Deoptimize
[2019-12-09T01:51:49.937+0000][1][safepoint    ] Leaving safepoint region
[2019-12-09T01:51:49.937+0000][1][safepoint    ] Total time for which application threads were stopped: 0.0004357 seconds, Stopping threads took: 0.0000218 seconds
[2019-12-09T01:51:50.465+0000][1][safepoint    ] Application time: 0.5277988 seconds
[2019-12-09T01:51:50.465+0000][1][safepoint    ] Entering safepoint region: RevokeBias
[2019-12-09T01:51:50.465+0000][1][safepoint    ] Leaving safepoint region
[2019-12-09T01:51:50.465+0000][1][safepoint    ] Total time for which application threads were stopped: 0.0000672 seconds, Stopping threads took: 0.0000155 seconds
[2019-12-09T01:51:50.465+0000][1][safepoint    ] Application time: 0.0000900 seconds
[2019-12-09T01:51:50.465+0000][1][safepoint    ] Entering safepoint region: RevokeBias
[2019-12-09T01:51:50.465+0000][1][safepoint    ] Leaving safepoint region
[2019-12-09T01:51:50.465+0000][1][safepoint    ] Total time for which application threads were stopped: 0.0000306 seconds, Stopping threads took: 0.0000084 seconds
[2019-12-09T01:51:50.465+0000][1][safepoint    ] Application time: 0.0000928 seconds
[2019-12-09T01:51:50.465+0000][1][safepoint    ] Entering safepoint region: RevokeBias
[2019-12-09T01:51:50.465+0000][1][safepoint    ] Leaving safepoint region
[2019-12-09T01:51:50.465+0000][1][safepoint    ] Total time for which application threads were stopped: 0.0000257 seconds, Stopping threads took: 0.0000070 seconds
[2019-12-09T01:51:50.766+0000][1][safepoint    ] Application time: 0.3004851 seconds
[2019-12-09T01:51:50.766+0000][1][safepoint    ] Entering safepoint region: Deoptimize
[2019-12-09T01:51:50.766+0000][1][safepoint    ] Leaving safepoint region
[2019-12-09T01:51:50.766+0000][1][safepoint    ] Total time for which application threads were stopped: 0.0004515 seconds, Stopping threads took: 0.0000133 seconds
[2019-12-09T01:51:50.849+0000][1][safepoint    ] Application time: 0.0823510 seconds
[2019-12-09T01:51:50.849+0000][1][safepoint    ] Entering safepoint region: Deoptimize
[2019-12-09T01:51:50.849+0000][1][safepoint    ] Leaving safepoint region
[2019-12-09T01:51:50.849+0000][1][safepoint    ] Total time for which application threads were stopped: 0.0004580 seconds, Stopping threads took: 0.0000138 seconds
[2019-12-09T01:51:50.890+0000][1][safepoint    ] Application time: 0.0405074 seconds
[2019-12-09T01:51:50.890+0000][1][safepoint    ] Entering safepoint region: Deoptimize
[2019-12-09T01:51:50.890+0000][1][safepoint    ] Leaving safepoint region
[2019-12-09T01:51:50.890+0000][1][safepoint    ] Total time for which application threads were stopped: 0.0004357 seconds, Stopping threads took: 0.0000121 seconds
[2019-12-09T01:51:51.899+0000][1][safepoint    ] Application time: 1.0085101 seconds
[2019-12-09T01:51:51.920+0000][1][safepoint    ] Entering safepoint region: Cleanup
[2019-12-09T01:51:51.920+0000][1][safepoint    ] Leaving safepoint region
[2019-12-09T01:51:51.920+0000][1][safepoint    ] Total time for which application threads were stopped: 0.0210673 seconds, Stopping threads took: 0.0210270 seconds
[2019-12-09T01:51:52.137+0000][1][safepoint    ] Application time: 0.2173551 seconds
[2019-12-09T01:51:52.137+0000][1][safepoint    ] Entering safepoint region: GenCollectForAllocation
[2019-12-09T01:51:52.137+0000][1][gc,start     ] GC(11) Pause Young (Allocation Failure)
[2019-12-09T01:51:52.137+0000][1][gc,task      ] GC(11) Using 2 workers of 2 for evacuation
[2019-12-09T01:51:52.264+0000][1][gc,age       ] GC(11) Desired survivor size 4456448 bytes, new threshold 1 (max threshold 6)
[2019-12-09T01:51:52.264+0000][1][gc,age       ] GC(11) Age table with threshold 1 (max threshold 6)
[2019-12-09T01:51:52.264+0000][1][gc,age       ] GC(11) - age   1:    4692320 bytes,    4692320 total
[2019-12-09T01:51:52.264+0000][1][gc,age       ] GC(11) - age   2:     388192 bytes,    5080512 total
[2019-12-09T01:51:52.264+0000][1][gc,age       ] GC(11) - age   3:      97304 bytes,    5177816 total
[2019-12-09T01:51:52.264+0000][1][gc,age       ] GC(11) - age   4:     653536 bytes,    5831352 total
[2019-12-09T01:51:52.264+0000][1][gc,age       ] GC(11) - age   5:    1428840 bytes,    7260192 total
[2019-12-09T01:51:52.264+0000][1][gc,heap      ] GC(11) ParNew: 76312K->8704K(78656K)
[2019-12-09T01:51:52.264+0000][1][gc,heap      ] GC(11) CMS: 14237K->14237K(174784K)
[2019-12-09T01:51:52.264+0000][1][gc,metaspace ] GC(11) Metaspace: 26457K->26457K(1073152K)
[2019-12-09T01:51:52.264+0000][1][gc           ] GC(11) Pause Young (Allocation Failure) 88M->22M(247M) 127.129ms
[2019-12-09T01:51:52.264+0000][1][gc,cpu       ] GC(11) User=0.04s Sys=0.00s Real=0.12s
[2019-12-09T01:51:52.264+0000][1][safepoint    ] Leaving safepoint region
[2019-12-09T01:51:52.264+0000][1][safepoint    ] Total time for which application threads were stopped: 0.1272639 seconds, Stopping threads took: 0.0000144 seconds
[2019-12-09T01:51:53.265+0000][1][safepoint    ] Application time: 1.0002236 seconds
[2019-12-09T01:51:53.265+0000][1][safepoint    ] Entering safepoint region: Cleanup
[2019-12-09T01:51:53.265+0000][1][safepoint    ] Leaving safepoint region
[2019-12-09T01:51:53.265+0000][1][safepoint    ] Total time for which application threads were stopped: 0.0002798 seconds, Stopping threads took: 0.0000407 seconds
[2019-12-09T01:51:54.267+0000][1][safepoint    ] Application time: 1.0016986 seconds
[2019-12-09T01:51:54.312+0000][1][safepoint    ] Entering safepoint region: Cleanup
[2019-12-09T01:51:54.312+0000][1][safepoint    ] Leaving safepoint region
[2019-12-09T01:51:54.312+0000][1][safepoint    ] Total time for which application threads were stopped: 0.0451179 seconds, Stopping threads took: 0.0450578 seconds
[2019-12-09T01:51:55.326+0000][1][safepoint    ] Application time: 1.0138544 seconds
[2019-12-09T01:51:55.384+0000][1][safepoint    ] Entering safepoint region: Cleanup
[2019-12-09T01:51:55.384+0000][1][safepoint    ] Leaving safepoint region
[2019-12-09T01:51:55.384+0000][1][safepoint    ] Total time for which application threads were stopped: 0.0580731 seconds, Stopping threads took: 0.0580348 seconds
[2019-12-09T01:51:56.391+0000][1][safepoint    ] Application time: 1.0068240 seconds
[2019-12-09T01:51:56.445+0000][1][safepoint    ] Entering safepoint region: Cleanup
[2019-12-09T01:51:56.445+0000][1][safepoint    ] Leaving safepoint region
[2019-12-09T01:51:56.445+0000][1][safepoint    ] Total time for which application threads were stopped: 0.0541685 seconds, Stopping threads took: 0.0541078 seconds
[2019-12-09T01:51:57.450+0000][1][safepoint    ] Application time: 1.0047766 seconds
[2019-12-09T01:51:57.485+0000][1][safepoint    ] Entering safepoint region: Cleanup
[2019-12-09T01:51:57.485+0000][1][safepoint    ] Leaving safepoint region
[2019-12-09T01:51:57.485+0000][1][safepoint    ] Total time for which application threads were stopped: 0.0351339 seconds, Stopping threads took: 0.0350867 seconds
[2019-12-09T01:51:58.684+0000][1][safepoint    ] Application time: 1.1995831 seconds
[2019-12-09T01:51:58.685+0000][1][safepoint    ] Entering safepoint region: GenCollectForAllocation
[2019-12-09T01:51:58.685+0000][1][gc,start     ] GC(12) Pause Young (Allocation Failure)
[2019-12-09T01:51:58.685+0000][1][gc,task      ] GC(12) Using 2 workers of 2 for evacuation
[2019-12-09T01:51:59.104+0000][1][gc,age       ] GC(12) Desired survivor size 4456448 bytes, new threshold 1 (max threshold 6)
[2019-12-09T01:51:59.104+0000][1][gc,age       ] GC(12) Age table with threshold 1 (max threshold 6)
[2019-12-09T01:51:59.104+0000][1][gc,age       ] GC(12) - age   1:    8912816 bytes,    8912816 total
[2019-12-09T01:51:59.104+0000][1][gc,heap      ] GC(12) ParNew: 78656K->8704K(78656K)
[2019-12-09T01:51:59.104+0000][1][gc,heap      ] GC(12) CMS: 14237K->25975K(174784K)
[2019-12-09T01:51:59.104+0000][1][gc,metaspace ] GC(12) Metaspace: 26984K->26984K(1075200K)
[2019-12-09T01:51:59.104+0000][1][gc           ] GC(12) Pause Young (Allocation Failure) 90M->33M(247M) 419.653ms
[2019-12-09T01:51:59.104+0000][1][gc,cpu       ] GC(12) User=0.13s Sys=0.00s Real=0.42s
[2019-12-09T01:51:59.104+0000][1][safepoint    ] Leaving safepoint region
[2019-12-09T01:51:59.104+0000][1][safepoint    ] Total time for which application threads were stopped: 0.4197871 seconds, Stopping threads took: 0.0000143 seconds
[2019-12-09T01:52:00.107+0000][1][safepoint    ] Application time: 1.0023942 seconds
[2019-12-09T01:52:00.152+0000][1][safepoint    ] Entering safepoint region: Cleanup
[2019-12-09T01:52:00.152+0000][1][safepoint    ] Leaving safepoint region
[2019-12-09T01:52:00.152+0000][1][safepoint    ] Total time for which application threads were stopped: 0.0453160 seconds, Stopping threads took: 0.0452734 seconds
[2019-12-09T01:52:02.162+0000][1][safepoint    ] Application time: 2.0096475 seconds
[2019-12-09T01:52:02.197+0000][1][safepoint    ] Entering safepoint region: Cleanup
[2019-12-09T01:52:02.197+0000][1][safepoint    ] Leaving safepoint region
[2019-12-09T01:52:02.197+0000][1][safepoint    ] Total time for which application threads were stopped: 0.0352062 seconds, Stopping threads took: 0.0351453 seconds
[2019-12-09T01:52:03.207+0000][1][safepoint    ] Application time: 1.0097153 seconds
[2019-12-09T01:52:03.248+0000][1][safepoint    ] Entering safepoint region: Cleanup
[2019-12-09T01:52:03.248+0000][1][safepoint    ] Leaving safepoint region
[2019-12-09T01:52:03.248+0000][1][safepoint    ] Total time for which application threads were stopped: 0.0411006 seconds, Stopping threads took: 0.0410327 seconds
[2019-12-09T01:52:04.007+0000][1][safepoint    ] Application time: 0.7588961 seconds
[2019-12-09T01:52:04.007+0000][1][safepoint    ] Entering safepoint region: GenCollectForAllocation
[2019-12-09T01:52:04.007+0000][1][gc,start     ] GC(13) Pause Young (Allocation Failure)
[2019-12-09T01:52:04.007+0000][1][gc,task      ] GC(13) Using 2 workers of 2 for evacuation
[2019-12-09T01:52:04.450+0000][1][gc,age       ] GC(13) Desired survivor size 4456448 bytes, new threshold 1 (max threshold 6)
[2019-12-09T01:52:04.450+0000][1][gc,age       ] GC(13) Age table with threshold 1 (max threshold 6)
[2019-12-09T01:52:04.450+0000][1][gc,age       ] GC(13) - age   1:    8912744 bytes,    8912744 total
[2019-12-09T01:52:04.450+0000][1][gc,heap      ] GC(13) ParNew: 78656K->8704K(78656K)
[2019-12-09T01:52:04.450+0000][1][gc,heap      ] GC(13) CMS: 25975K->38683K(174784K)
[2019-12-09T01:52:04.450+0000][1][gc,metaspace ] GC(13) Metaspace: 27134K->27134K(1075200K)
[2019-12-09T01:52:04.450+0000][1][gc           ] GC(13) Pause Young (Allocation Failure) 102M->46M(247M) 443.428ms
[2019-12-09T01:52:04.450+0000][1][gc,cpu       ] GC(13) User=0.11s Sys=0.00s Real=0.44s
[2019-12-09T01:52:04.450+0000][1][safepoint    ] Leaving safepoint region
[2019-12-09T01:52:04.450+0000][1][safepoint    ] Total time for which application threads were stopped: 0.4435871 seconds, Stopping threads took: 0.0000155 seconds
[2019-12-09T01:52:05.452+0000][1][safepoint    ] Application time: 1.0019294 seconds
[2019-12-09T01:52:05.458+0000][1][safepoint    ] Entering safepoint region: Cleanup
[2019-12-09T01:52:05.458+0000][1][safepoint    ] Leaving safepoint region
[2019-12-09T01:52:05.458+0000][1][safepoint    ] Total time for which application threads were stopped: 0.0054167 seconds, Stopping threads took: 0.0053729 seconds
[2019-12-09T01:52:05.532+0000][1][safepoint    ] Application time: 0.0740803 seconds
[2019-12-09T01:52:05.532+0000][1][safepoint    ] Entering safepoint region: RevokeBias
[2019-12-09T01:52:05.532+0000][1][safepoint    ] Leaving safepoint region
[2019-12-09T01:52:05.532+0000][1][safepoint    ] Total time for which application threads were stopped: 0.0000791 seconds, Stopping threads took: 0.0000126 seconds
[2019-12-09T01:52:06.356+0000][1][safepoint    ] Application time: 0.8242313 seconds
[2019-12-09T01:52:06.356+0000][1][safepoint    ] Entering safepoint region: RevokeBias
[2019-12-09T01:52:06.356+0000][1][safepoint    ] Leaving safepoint region
[2019-12-09T01:52:06.356+0000][1][safepoint    ] Total time for which application threads were stopped: 0.0001208 seconds, Stopping threads took: 0.0000125 seconds
[2019-12-09T01:52:07.370+0000][1][safepoint    ] Application time: 1.0133097 seconds
[2019-12-09T01:52:07.370+0000][1][safepoint    ] Entering safepoint region: Cleanup
[2019-12-09T01:52:07.370+0000][1][safepoint    ] Leaving safepoint region
[2019-12-09T01:52:07.370+0000][1][safepoint    ] Total time for which application threads were stopped: 0.0001887 seconds, Stopping threads took: 0.0001179 seconds
[2019-12-09T01:52:08.375+0000][1][safepoint    ] Application time: 1.0055337 seconds
[2019-12-09T01:52:08.376+0000][1][safepoint    ] Entering safepoint region: Cleanup
[2019-12-09T01:52:08.376+0000][1][safepoint    ] Leaving safepoint region
[2019-12-09T01:52:08.376+0000][1][safepoint    ] Total time for which application threads were stopped: 0.0000867 seconds, Stopping threads took: 0.0000442 seconds
[2019-12-09T01:52:09.003+0000][1][safepoint    ] Application time: 0.6273359 seconds
[2019-12-09T01:52:09.003+0000][1][safepoint    ] Entering safepoint region: GenCollectForAllocation
[2019-12-09T01:52:09.003+0000][1][gc,start     ] GC(14) Pause Young (Allocation Failure)
[2019-12-09T01:52:09.003+0000][1][gc,task      ] GC(14) Using 2 workers of 2 for evacuation
[2019-12-09T01:52:09.429+0000][1][gc,age       ] GC(14) Desired survivor size 4456448 bytes, new threshold 1 (max threshold 6)
[2019-12-09T01:52:09.429+0000][1][gc,age       ] GC(14) Age table with threshold 1 (max threshold 6)
[2019-12-09T01:52:09.429+0000][1][gc,age       ] GC(14) - age   1:    7953872 bytes,    7953872 total
[2019-12-09T01:52:09.429+0000][1][gc,heap      ] GC(14) ParNew: 78656K->8704K(78656K)
[2019-12-09T01:52:09.429+0000][1][gc,heap      ] GC(14) CMS: 38683K->47733K(174784K)
[2019-12-09T01:52:09.429+0000][1][gc,metaspace ] GC(14) Metaspace: 31549K->31549K(1079296K)
[2019-12-09T01:52:09.429+0000][1][gc           ] GC(14) Pause Young (Allocation Failure) 114M->55M(247M) 425.953ms
[2019-12-09T01:52:09.429+0000][1][gc,cpu       ] GC(14) User=0.12s Sys=0.00s Real=0.43s
[2019-12-09T01:52:09.429+0000][1][safepoint    ] Leaving safepoint region
[2019-12-09T01:52:09.429+0000][1][safepoint    ] Total time for which application threads were stopped: 0.4260841 seconds, Stopping threads took: 0.0000139 seconds
[2019-12-09T01:52:10.437+0000][1][safepoint    ] Application time: 1.0076193 seconds
[2019-12-09T01:52:10.491+0000][1][safepoint    ] Entering safepoint region: Cleanup
[2019-12-09T01:52:10.491+0000][1][safepoint    ] Leaving safepoint region
[2019-12-09T01:52:10.491+0000][1][safepoint    ] Total time for which application threads were stopped: 0.0541237 seconds, Stopping threads took: 0.0540637 seconds
[2019-12-09T01:52:11.496+0000][1][safepoint    ] Application time: 1.0048508 seconds
[2019-12-09T01:52:11.565+0000][1][safepoint    ] Entering safepoint region: Cleanup
[2019-12-09T01:52:11.565+0000][1][safepoint    ] Leaving safepoint region
[2019-12-09T01:52:11.565+0000][1][safepoint    ] Total time for which application threads were stopped: 0.0691155 seconds, Stopping threads took: 0.0690685 seconds
[2019-12-09T01:52:11.931+0000][1][safepoint    ] Application time: 0.3658113 seconds
[2019-12-09T01:52:11.931+0000][1][safepoint    ] Entering safepoint region: GenCollectForAllocation
[2019-12-09T01:52:11.931+0000][1][gc,start     ] GC(15) Pause Young (Allocation Failure)
[2019-12-09T01:52:11.931+0000][1][gc,task      ] GC(15) Using 2 workers of 2 for evacuation
[2019-12-09T01:52:12.172+0000][1][gc,age       ] GC(15) Desired survivor size 4456448 bytes, new threshold 6 (max threshold 6)
[2019-12-09T01:52:12.172+0000][1][gc,age       ] GC(15) Age table with threshold 6 (max threshold 6)
[2019-12-09T01:52:12.172+0000][1][gc,age       ] GC(15) - age   1:     438864 bytes,     438864 total
[2019-12-09T01:52:12.172+0000][1][gc,heap      ] GC(15) ParNew: 78656K->7957K(78656K)
[2019-12-09T01:52:12.172+0000][1][gc,heap      ] GC(15) CMS: 47733K->55548K(174784K)
[2019-12-09T01:52:12.172+0000][1][gc,metaspace ] GC(15) Metaspace: 32928K->32928K(1079296K)
[2019-12-09T01:52:12.172+0000][1][gc           ] GC(15) Pause Young (Allocation Failure) 123M->62M(247M) 241.132ms
[2019-12-09T01:52:12.172+0000][1][gc,cpu       ] GC(15) User=0.04s Sys=0.00s Real=0.24s
[2019-12-09T01:52:12.172+0000][1][safepoint    ] Leaving safepoint region
[2019-12-09T01:52:12.172+0000][1][safepoint    ] Total time for which application threads were stopped: 0.2412834 seconds, Stopping threads took: 0.0000132 seconds
[2019-12-09T01:52:13.219+0000][1][safepoint    ] Application time: 1.0466980 seconds
[2019-12-09T01:52:13.288+0000][1][safepoint    ] Entering safepoint region: Cleanup
[2019-12-09T01:52:13.288+0000][1][safepoint    ] Leaving safepoint region
[2019-12-09T01:52:13.288+0000][1][safepoint    ] Total time for which application threads were stopped: 0.0691926 seconds, Stopping threads took: 0.0691208 seconds
[2019-12-09T01:52:14.092+0000][1][safepoint    ] Application time: 0.8041362 seconds
[2019-12-09T01:52:14.092+0000][1][safepoint    ] Entering safepoint region: CollectForMetadataAllocation
[2019-12-09T01:52:14.092+0000][1][safepoint    ] Leaving safepoint region
[2019-12-09T01:52:14.092+0000][1][safepoint    ] Total time for which application threads were stopped: 0.0001778 seconds, Stopping threads took: 0.0000142 seconds
[2019-12-09T01:52:14.183+0000][1][safepoint    ] Application time: 0.0904334 seconds
[2019-12-09T01:52:14.183+0000][1][safepoint    ] Entering safepoint region: CMS_Initial_Mark
[2019-12-09T01:52:14.183+0000][1][gc,start     ] GC(16) Pause Initial Mark
[2019-12-09T01:52:14.255+0000][1][gc           ] GC(16) Pause Initial Mark 102M->102M(247M) 71.792ms
[2019-12-09T01:52:14.255+0000][1][gc,cpu       ] GC(16) User=0.02s Sys=0.00s Real=0.08s
[2019-12-09T01:52:14.255+0000][1][safepoint    ] Leaving safepoint region
[2019-12-09T01:52:14.255+0000][1][safepoint    ] Total time for which application threads were stopped: 0.0719998 seconds, Stopping threads took: 0.0001003 seconds
[2019-12-09T01:52:14.255+0000][1][gc           ] GC(16) Concurrent Mark
[2019-12-09T01:52:14.580+0000][1][safepoint    ] Application time: 0.3249720 seconds
[2019-12-09T01:52:14.580+0000][1][safepoint    ] Entering safepoint region: CollectForMetadataAllocation
[2019-12-09T01:52:14.580+0000][1][safepoint    ] Leaving safepoint region
[2019-12-09T01:52:14.580+0000][1][safepoint    ] Total time for which application threads were stopped: 0.0002358 seconds, Stopping threads took: 0.0000154 seconds
[2019-12-09T01:52:14.918+0000][1][safepoint    ] Application time: 0.3382092 seconds
[2019-12-09T01:52:14.918+0000][1][safepoint    ] Entering safepoint region: CollectForMetadataAllocation
[2019-12-09T01:52:14.919+0000][1][safepoint    ] Leaving safepoint region
[2019-12-09T01:52:14.919+0000][1][safepoint    ] Total time for which application threads were stopped: 0.0003040 seconds, Stopping threads took: 0.0000131 seconds
[2019-12-09T01:52:15.112+0000][1][gc           ] GC(16) Concurrent Mark 857.222ms
[2019-12-09T01:52:15.112+0000][1][gc,cpu       ] GC(16) User=0.27s Sys=0.00s Real=0.85s
[2019-12-09T01:52:15.112+0000][1][gc           ] GC(16) Concurrent Preclean
[2019-12-09T01:52:15.141+0000][1][gc           ] GC(16) Concurrent Preclean 28.816ms
[2019-12-09T01:52:15.141+0000][1][gc,cpu       ] GC(16) User=0.00s Sys=0.00s Real=0.03s
[2019-12-09T01:52:15.141+0000][1][gc           ] GC(16) Concurrent Abortable Preclean
[2019-12-09T01:52:15.158+0000][1][safepoint    ] Application time: 0.2391795 seconds
[2019-12-09T01:52:15.158+0000][1][safepoint    ] Entering safepoint region: CollectForMetadataAllocation
[2019-12-09T01:52:15.158+0000][1][safepoint    ] Leaving safepoint region
[2019-12-09T01:52:15.158+0000][1][safepoint    ] Total time for which application threads were stopped: 0.0002383 seconds, Stopping threads took: 0.0000142 seconds
[2019-12-09T01:52:15.363+0000][1][safepoint    ] Application time: 0.2044600 seconds
[2019-12-09T01:52:15.363+0000][1][safepoint    ] Entering safepoint region: CollectForMetadataAllocation
[2019-12-09T01:52:15.363+0000][1][safepoint    ] Leaving safepoint region
[2019-12-09T01:52:15.363+0000][1][safepoint    ] Total time for which application threads were stopped: 0.0002489 seconds, Stopping threads took: 0.0000136 seconds
[2019-12-09T01:52:15.549+0000][1][safepoint    ] Application time: 0.1858987 seconds
[2019-12-09T01:52:15.549+0000][1][safepoint    ] Entering safepoint region: CollectForMetadataAllocation
[2019-12-09T01:52:15.549+0000][1][safepoint    ] Leaving safepoint region
[2019-12-09T01:52:15.549+0000][1][safepoint    ] Total time for which application threads were stopped: 0.0002359 seconds, Stopping threads took: 0.0000164 seconds
[2019-12-09T01:52:15.739+0000][1][safepoint    ] Application time: 0.1900864 seconds
[2019-12-09T01:52:15.739+0000][1][safepoint    ] Entering safepoint region: CollectForMetadataAllocation
[2019-12-09T01:52:15.739+0000][1][safepoint    ] Leaving safepoint region
[2019-12-09T01:52:15.739+0000][1][safepoint    ] Total time for which application threads were stopped: 0.0002383 seconds, Stopping threads took: 0.0000141 seconds
[2019-12-09T01:52:15.872+0000][1][safepoint    ] Application time: 0.1328535 seconds
[2019-12-09T01:52:15.872+0000][1][safepoint    ] Entering safepoint region: CollectForMetadataAllocation
[2019-12-09T01:52:15.872+0000][1][safepoint    ] Leaving safepoint region
[2019-12-09T01:52:15.872+0000][1][safepoint    ] Total time for which application threads were stopped: 0.0002304 seconds, Stopping threads took: 0.0000148 seconds
[2019-12-09T01:52:16.239+0000][1][safepoint    ] Application time: 0.3668801 seconds
[2019-12-09T01:52:16.239+0000][1][safepoint    ] Entering safepoint region: CollectForMetadataAllocation
[2019-12-09T01:52:16.240+0000][1][safepoint    ] Leaving safepoint region
[2019-12-09T01:52:16.240+0000][1][safepoint    ] Total time for which application threads were stopped: 0.0001595 seconds, Stopping threads took: 0.0000161 seconds
[2019-12-09T01:52:16.469+0000][1][safepoint    ] Application time: 0.2292347 seconds
[2019-12-09T01:52:16.469+0000][1][safepoint    ] Entering safepoint region: CollectForMetadataAllocation
[2019-12-09T01:52:16.469+0000][1][safepoint    ] Leaving safepoint region
[2019-12-09T01:52:16.469+0000][1][safepoint    ] Total time for which application threads were stopped: 0.0002478 seconds, Stopping threads took: 0.0000147 seconds
[2019-12-09T01:52:16.509+0000][1][safepoint    ] Application time: 0.0403286 seconds
[2019-12-09T01:52:16.509+0000][1][safepoint    ] Entering safepoint region: RevokeBias
[2019-12-09T01:52:16.510+0000][1][safepoint    ] Leaving safepoint region
[2019-12-09T01:52:16.510+0000][1][safepoint    ] Total time for which application threads were stopped: 0.0001234 seconds, Stopping threads took: 0.0000139 seconds
[2019-12-09T01:52:16.706+0000][1][safepoint    ] Application time: 0.1961023 seconds
[2019-12-09T01:52:16.706+0000][1][safepoint    ] Entering safepoint region: CollectForMetadataAllocation
[2019-12-09T01:52:16.706+0000][1][safepoint    ] Leaving safepoint region
[2019-12-09T01:52:16.706+0000][1][safepoint    ] Total time for which application threads were stopped: 0.0002549 seconds, Stopping threads took: 0.0000154 seconds
[2019-12-09T01:52:16.749+0000][1][safepoint    ] Application time: 0.0426970 seconds
[2019-12-09T01:52:16.814+0000][1][safepoint    ] Entering safepoint region: CollectForMetadataAllocation
[2019-12-09T01:52:16.814+0000][1][safepoint    ] Leaving safepoint region
[2019-12-09T01:52:16.814+0000][1][safepoint    ] Total time for which application threads were stopped: 0.0650543 seconds, Stopping threads took: 0.0649926 seconds
[2019-12-09T01:52:17.010+0000][1][safepoint    ] Application time: 0.1962900 seconds
[2019-12-09T01:52:17.010+0000][1][safepoint    ] Entering safepoint region: CollectForMetadataAllocation
[2019-12-09T01:52:17.010+0000][1][safepoint    ] Leaving safepoint region
[2019-12-09T01:52:17.010+0000][1][safepoint    ] Total time for which application threads were stopped: 0.0002564 seconds, Stopping threads took: 0.0000124 seconds
[2019-12-09T01:52:17.265+0000][1][safepoint    ] Application time: 0.2543077 seconds
[2019-12-09T01:52:17.265+0000][1][safepoint    ] Entering safepoint region: CollectForMetadataAllocation
[2019-12-09T01:52:17.265+0000][1][safepoint    ] Leaving safepoint region
[2019-12-09T01:52:17.265+0000][1][safepoint    ] Total time for which application threads were stopped: 0.0002338 seconds, Stopping threads took: 0.0000136 seconds
[2019-12-09T01:52:17.584+0000][1][safepoint    ] Application time: 0.3187334 seconds
[2019-12-09T01:52:17.584+0000][1][safepoint    ] Entering safepoint region: CollectForMetadataAllocation
[2019-12-09T01:52:17.584+0000][1][safepoint    ] Leaving safepoint region
[2019-12-09T01:52:17.584+0000][1][safepoint    ] Total time for which application threads were stopped: 0.0002325 seconds, Stopping threads took: 0.0000136 seconds
[2019-12-09T01:52:17.666+0000][1][safepoint    ] Application time: 0.0820398 seconds
[2019-12-09T01:52:17.666+0000][1][safepoint    ] Entering safepoint region: CollectForMetadataAllocation
[2019-12-09T01:52:17.666+0000][1][safepoint    ] Leaving safepoint region
[2019-12-09T01:52:17.666+0000][1][safepoint    ] Total time for which application threads were stopped: 0.0002278 seconds, Stopping threads took: 0.0000126 seconds
[2019-12-09T01:52:17.956+0000][1][safepoint    ] Application time: 0.2896442 seconds
[2019-12-09T01:52:17.956+0000][1][safepoint    ] Entering safepoint region: CollectForMetadataAllocation
[2019-12-09T01:52:17.956+0000][1][safepoint    ] Leaving safepoint region
[2019-12-09T01:52:17.956+0000][1][safepoint    ] Total time for which application threads were stopped: 0.0002336 seconds, Stopping threads took: 0.0000137 seconds
[2019-12-09T01:52:18.256+0000][1][safepoint    ] Application time: 0.2997124 seconds
[2019-12-09T01:52:18.256+0000][1][safepoint    ] Entering safepoint region: CollectForMetadataAllocation
[2019-12-09T01:52:18.256+0000][1][safepoint    ] Leaving safepoint region
[2019-12-09T01:52:18.256+0000][1][safepoint    ] Total time for which application threads were stopped: 0.0002335 seconds, Stopping threads took: 0.0000145 seconds
[2019-12-09T01:52:18.497+0000][1][safepoint    ] Application time: 0.2405476 seconds
[2019-12-09T01:52:18.497+0000][1][safepoint    ] Entering safepoint region: CollectForMetadataAllocation
[2019-12-09T01:52:18.497+0000][1][safepoint    ] Leaving safepoint region
[2019-12-09T01:52:18.497+0000][1][safepoint    ] Total time for which application threads were stopped: 0.0002292 seconds, Stopping threads took: 0.0000156 seconds
[2019-12-09T01:52:18.821+0000][1][safepoint    ] Application time: 0.3234494 seconds
[2019-12-09T01:52:18.821+0000][1][safepoint    ] Entering safepoint region: CollectForMetadataAllocation
[2019-12-09T01:52:18.821+0000][1][safepoint    ] Leaving safepoint region
[2019-12-09T01:52:18.821+0000][1][safepoint    ] Total time for which application threads were stopped: 0.0002410 seconds, Stopping threads took: 0.0000141 seconds
[2019-12-09T01:52:19.024+0000][1][safepoint    ] Application time: 0.2029202 seconds
[2019-12-09T01:52:19.024+0000][1][safepoint    ] Entering safepoint region: CollectForMetadataAllocation
[2019-12-09T01:52:19.024+0000][1][safepoint    ] Leaving safepoint region
[2019-12-09T01:52:19.024+0000][1][safepoint    ] Total time for which application threads were stopped: 0.0002217 seconds, Stopping threads took: 0.0000125 seconds
[2019-12-09T01:52:19.112+0000][1][safepoint    ] Application time: 0.0883478 seconds
[2019-12-09T01:52:19.112+0000][1][safepoint    ] Entering safepoint region: CollectForMetadataAllocation
[2019-12-09T01:52:19.113+0000][1][safepoint    ] Leaving safepoint region
[2019-12-09T01:52:19.113+0000][1][safepoint    ] Total time for which application threads were stopped: 0.0002342 seconds, Stopping threads took: 0.0000141 seconds
[2019-12-09T01:52:19.266+0000][1][safepoint    ] Application time: 0.1530110 seconds
[2019-12-09T01:52:19.266+0000][1][safepoint    ] Entering safepoint region: CollectForMetadataAllocation
[2019-12-09T01:52:19.266+0000][1][safepoint    ] Leaving safepoint region
[2019-12-09T01:52:19.266+0000][1][safepoint    ] Total time for which application threads were stopped: 0.0002847 seconds, Stopping threads took: 0.0000150 seconds
[2019-12-09T01:52:19.304+0000][1][safepoint    ] Application time: 0.0377522 seconds
[2019-12-09T01:52:19.304+0000][1][safepoint    ] Entering safepoint region: GenCollectForAllocation
[2019-12-09T01:52:19.304+0000][1][gc,start     ] GC(17) Pause Young (Allocation Failure)
[2019-12-09T01:52:19.304+0000][1][gc,task      ] GC(17) Using 2 workers of 2 for evacuation
[2019-12-09T01:52:19.404+0000][1][gc           ] GC(16) Concurrent Abortable Preclean 4262.754ms
[2019-12-09T01:52:19.404+0000][1][gc,cpu       ] GC(16) User=1.12s Sys=0.02s Real=4.26s
[2019-12-09T01:52:19.405+0000][1][gc,age       ] GC(17) Desired survivor size 4456448 bytes, new threshold 6 (max threshold 6)
[2019-12-09T01:52:19.405+0000][1][gc,age       ] GC(17) Age table with threshold 6 (max threshold 6)
[2019-12-09T01:52:19.405+0000][1][gc,age       ] GC(17) - age   1:    2938336 bytes,    2938336 total
[2019-12-09T01:52:19.405+0000][1][gc,age       ] GC(17) - age   2:     393544 bytes,    3331880 total
[2019-12-09T01:52:19.405+0000][1][gc,heap      ] GC(17) ParNew: 77909K->4139K(78656K)
[2019-12-09T01:52:19.405+0000][1][gc,heap      ] GC(17) CMS: 55548K->55548K(174784K)
[2019-12-09T01:52:19.405+0000][1][gc,metaspace ] GC(17) Metaspace: 40325K->40325K(1087488K)
[2019-12-09T01:52:19.405+0000][1][gc           ] GC(17) Pause Young (Allocation Failure) 130M->58M(247M) 100.851ms
[2019-12-09T01:52:19.405+0000][1][gc,cpu       ] GC(17) User=0.01s Sys=0.00s Real=0.11s
[2019-12-09T01:52:19.405+0000][1][safepoint    ] Leaving safepoint region
[2019-12-09T01:52:19.405+0000][1][safepoint    ] Total time for which application threads were stopped: 0.1009992 seconds, Stopping threads took: 0.0000144 seconds
[2019-12-09T01:52:19.410+0000][1][safepoint    ] Application time: 0.0049935 seconds
[2019-12-09T01:52:19.425+0000][1][safepoint    ] Entering safepoint region: CMS_Final_Remark
[2019-12-09T01:52:19.425+0000][1][gc,start     ] GC(16) Pause Remark
[2019-12-09T01:52:19.468+0000][1][gc           ] GC(16) Pause Remark 61M->61M(247M) 42.841ms
[2019-12-09T01:52:19.468+0000][1][gc,cpu       ] GC(16) User=0.02s Sys=0.00s Real=0.04s
[2019-12-09T01:52:19.468+0000][1][safepoint    ] Leaving safepoint region
[2019-12-09T01:52:19.468+0000][1][safepoint    ] Total time for which application threads were stopped: 0.0579321 seconds, Stopping threads took: 0.0149593 seconds
[2019-12-09T01:52:19.468+0000][1][gc           ] GC(16) Concurrent Sweep
[2019-12-09T01:52:19.738+0000][1][safepoint    ] Application time: 0.2705016 seconds
[2019-12-09T01:52:19.738+0000][1][safepoint    ] Entering safepoint region: CollectForMetadataAllocation
[2019-12-09T01:52:19.739+0000][1][safepoint    ] Leaving safepoint region
[2019-12-09T01:52:19.739+0000][1][safepoint    ] Total time for which application threads were stopped: 0.0008038 seconds, Stopping threads took: 0.0000148 seconds
[2019-12-09T01:52:19.843+0000][1][safepoint    ] Application time: 0.1036353 seconds
[2019-12-09T01:52:19.843+0000][1][safepoint    ] Entering safepoint region: CollectForMetadataAllocation
[2019-12-09T01:52:19.843+0000][1][safepoint    ] Leaving safepoint region
[2019-12-09T01:52:19.843+0000][1][safepoint    ] Total time for which application threads were stopped: 0.0003059 seconds, Stopping threads took: 0.0000776 seconds
[2019-12-09T01:52:19.852+0000][1][gc           ] GC(16) Concurrent Sweep 384.138ms
[2019-12-09T01:52:19.852+0000][1][gc,cpu       ] GC(16) User=0.10s Sys=0.00s Real=0.38s
[2019-12-09T01:52:19.852+0000][1][gc           ] GC(16) Concurrent Reset
[2019-12-09T01:52:19.852+0000][1][gc           ] GC(16) Concurrent Reset 0.320ms
[2019-12-09T01:52:19.852+0000][1][gc,cpu       ] GC(16) User=0.00s Sys=0.00s Real=0.00s
[2019-12-09T01:52:19.852+0000][1][gc,heap      ] GC(16) Old: 55548K->55359K(174784K)
[2019-12-09T01:52:20.821+0000][1][safepoint    ] Application time: 0.9776482 seconds
[2019-12-09T01:52:20.886+0000][1][safepoint    ] Entering safepoint region: RevokeBias
[2019-12-09T01:52:20.886+0000][1][safepoint    ] Leaving safepoint region
[2019-12-09T01:52:20.886+0000][1][safepoint    ] Total time for which application threads were stopped: 0.0649736 seconds, Stopping threads took: 0.0648105 seconds
[2019-12-09T01:52:20.890+0000][1][safepoint    ] Application time: 0.0039740 seconds
[2019-12-09T01:52:20.890+0000][1][safepoint    ] Entering safepoint region: RevokeBias
[2019-12-09T01:52:20.890+0000][1][safepoint    ] Leaving safepoint region
[2019-12-09T01:52:20.890+0000][1][safepoint    ] Total time for which application threads were stopped: 0.0001093 seconds, Stopping threads took: 0.0000128 seconds
[2019-12-09T01:52:20.890+0000][1][safepoint    ] Application time: 0.0000956 seconds
[2019-12-09T01:52:20.890+0000][1][safepoint    ] Entering safepoint region: RevokeBias
[2019-12-09T01:52:20.890+0000][1][safepoint    ] Leaving safepoint region
[2019-12-09T01:52:20.890+0000][1][safepoint    ] Total time for which application threads were stopped: 0.0000856 seconds, Stopping threads took: 0.0000087 seconds
[2019-12-09T01:52:21.912+0000][1][safepoint    ] Application time: 1.0222012 seconds
[2019-12-09T01:52:21.912+0000][1][safepoint    ] Entering safepoint region: Cleanup
[2019-12-09T01:52:21.912+0000][1][safepoint    ] Leaving safepoint region
[2019-12-09T01:52:21.912+0000][1][safepoint    ] Total time for which application threads were stopped: 0.0000822 seconds, Stopping threads took: 0.0000356 seconds
[2019-12-09T01:52:22.920+0000][1][safepoint    ] Application time: 1.0073261 seconds
[2019-12-09T01:52:22.976+0000][1][safepoint    ] Entering safepoint region: Cleanup
[2019-12-09T01:52:22.976+0000][1][safepoint    ] Leaving safepoint region
[2019-12-09T01:52:22.976+0000][1][safepoint    ] Total time for which application threads were stopped: 0.0561276 seconds, Stopping threads took: 0.0560819 seconds
[2019-12-09T01:52:24.980+0000][1][safepoint    ] Application time: 2.0038290 seconds
[2019-12-09T01:52:25.052+0000][1][safepoint    ] Entering safepoint region: Cleanup
[2019-12-09T01:52:25.052+0000][1][safepoint    ] Leaving safepoint region
[2019-12-09T01:52:25.052+0000][1][safepoint    ] Total time for which application threads were stopped: 0.0723499 seconds, Stopping threads took: 0.0722944 seconds
[2019-12-09T01:52:25.054+0000][1][safepoint    ] Application time: 0.0018774 seconds
[2019-12-09T01:52:25.059+0000][1][safepoint    ] Entering safepoint region: RevokeBias
[2019-12-09T01:52:25.059+0000][1][safepoint    ] Leaving safepoint region
[2019-12-09T01:52:25.059+0000][1][safepoint    ] Total time for which application threads were stopped: 0.0049818 seconds, Stopping threads took: 0.0048889 seconds
[2019-12-09T01:52:25.958+0000][1][safepoint    ] Application time: 0.8986969 seconds
[2019-12-09T01:52:26.021+0000][1][safepoint    ] Entering safepoint region: RevokeBias
[2019-12-09T01:52:26.021+0000][1][safepoint    ] Leaving safepoint region
[2019-12-09T01:52:26.021+0000][1][safepoint    ] Total time for which application threads were stopped: 0.0632026 seconds, Stopping threads took: 0.0630988 seconds
[2019-12-09T01:52:26.024+0000][1][safepoint    ] Application time: 0.0027350 seconds
[2019-12-09T01:52:26.047+0000][1][safepoint    ] Entering safepoint region: RevokeBias
[2019-12-09T01:52:26.047+0000][1][safepoint    ] Leaving safepoint region
[2019-12-09T01:52:26.047+0000][1][safepoint    ] Total time for which application threads were stopped: 0.0231564 seconds, Stopping threads took: 0.0230642 seconds
[2019-12-09T01:52:26.047+0000][1][safepoint    ] Application time: 0.0002062 seconds
[2019-12-09T01:52:26.047+0000][1][safepoint    ] Entering safepoint region: RevokeBias
[2019-12-09T01:52:26.047+0000][1][safepoint    ] Leaving safepoint region
[2019-12-09T01:52:26.047+0000][1][safepoint    ] Total time for which application threads were stopped: 0.0000939 seconds, Stopping threads took: 0.0000105 seconds
[2019-12-09T01:52:26.047+0000][1][safepoint    ] Application time: 0.0001710 seconds
[2019-12-09T01:52:26.047+0000][1][safepoint    ] Entering safepoint region: RevokeBias
[2019-12-09T01:52:26.047+0000][1][safepoint    ] Leaving safepoint region
[2019-12-09T01:52:26.047+0000][1][safepoint    ] Total time for which application threads were stopped: 0.0000817 seconds, Stopping threads took: 0.0000092 seconds
[2019-12-09T01:52:26.048+0000][1][safepoint    ] Application time: 0.0001731 seconds
[2019-12-09T01:52:26.048+0000][1][safepoint    ] Entering safepoint region: RevokeBias
[2019-12-09T01:52:26.048+0000][1][safepoint    ] Leaving safepoint region
[2019-12-09T01:52:26.048+0000][1][safepoint    ] Total time for which application threads were stopped: 0.0000854 seconds, Stopping threads took: 0.0000074 seconds
[2019-12-09T01:52:26.048+0000][1][safepoint    ] Application time: 0.0000982 seconds
[2019-12-09T01:52:26.048+0000][1][safepoint    ] Entering safepoint region: RevokeBias
[2019-12-09T01:52:26.048+0000][1][safepoint    ] Leaving safepoint region
[2019-12-09T01:52:26.048+0000][1][safepoint    ] Total time for which application threads were stopped: 0.0000640 seconds, Stopping threads took: 0.0000084 seconds
[2019-12-09T01:52:26.048+0000][1][safepoint    ] Application time: 0.0000517 seconds
[2019-12-09T01:52:26.048+0000][1][safepoint    ] Entering safepoint region: RevokeBias
[2019-12-09T01:52:26.048+0000][1][safepoint    ] Leaving safepoint region
[2019-12-09T01:52:26.048+0000][1][safepoint    ] Total time for which application threads were stopped: 0.0000595 seconds, Stopping threads took: 0.0000079 seconds
[2019-12-09T01:52:26.048+0000][1][safepoint    ] Application time: 0.0000865 seconds
[2019-12-09T01:52:26.048+0000][1][safepoint    ] Entering safepoint region: RevokeBias
[2019-12-09T01:52:26.048+0000][1][safepoint    ] Leaving safepoint region
[2019-12-09T01:52:26.048+0000][1][safepoint    ] Total time for which application threads were stopped: 0.0000634 seconds, Stopping threads took: 0.0000080 seconds
[2019-12-09T01:52:26.048+0000][1][safepoint    ] Application time: 0.0000600 seconds
[2019-12-09T01:52:26.048+0000][1][safepoint    ] Entering safepoint region: RevokeBias
[2019-12-09T01:52:26.048+0000][1][safepoint    ] Leaving safepoint region
[2019-12-09T01:52:26.048+0000][1][safepoint    ] Total time for which application threads were stopped: 0.0000626 seconds, Stopping threads took: 0.0000080 seconds
[2019-12-09T01:52:26.050+0000][1][safepoint    ] Application time: 0.0012117 seconds
[2019-12-09T01:52:26.050+0000][1][safepoint    ] Entering safepoint region: RevokeBias
[2019-12-09T01:52:26.050+0000][1][safepoint    ] Leaving safepoint region
[2019-12-09T01:52:26.050+0000][1][safepoint    ] Total time for which application threads were stopped: 0.0000984 seconds, Stopping threads took: 0.0000106 seconds
[2019-12-09T01:52:26.050+0000][1][safepoint    ] Application time: 0.0003411 seconds
[2019-12-09T01:52:26.050+0000][1][safepoint    ] Entering safepoint region: RevokeBias
[2019-12-09T01:52:26.050+0000][1][safepoint    ] Leaving safepoint region
[2019-12-09T01:52:26.050+0000][1][safepoint    ] Total time for which application threads were stopped: 0.0000693 seconds, Stopping threads took: 0.0000093 seconds
[2019-12-09T01:52:26.050+0000][1][safepoint    ] Application time: 0.0000935 seconds
[2019-12-09T01:52:26.050+0000][1][safepoint    ] Entering safepoint region: RevokeBias
[2019-12-09T01:52:26.050+0000][1][safepoint    ] Leaving safepoint region
[2019-12-09T01:52:26.050+0000][1][safepoint    ] Total time for which application threads were stopped: 0.0000605 seconds, Stopping threads took: 0.0000083 seconds
[2019-12-09T01:52:27.190+0000][1][safepoint    ] Application time: 1.1393800 seconds
[2019-12-09T01:52:27.251+0000][1][safepoint    ] Entering safepoint region: Cleanup
[2019-12-09T01:52:27.251+0000][1][safepoint    ] Leaving safepoint region
[2019-12-09T01:52:27.251+0000][1][safepoint    ] Total time for which application threads were stopped: 0.0611782 seconds, Stopping threads took: 0.0610853 seconds
[2019-12-09T01:52:28.303+0000][1][safepoint    ] Application time: 1.0517675 seconds
[2019-12-09T01:52:28.359+0000][1][safepoint    ] Entering safepoint region: Cleanup
[2019-12-09T01:52:28.359+0000][1][safepoint    ] Leaving safepoint region
[2019-12-09T01:52:28.359+0000][1][safepoint    ] Total time for which application threads were stopped: 0.0561807 seconds, Stopping threads took: 0.0561024 seconds
[2019-12-09T01:52:29.364+0000][1][safepoint    ] Application time: 1.0047707 seconds
[2019-12-09T01:52:29.393+0000][1][safepoint    ] Entering safepoint region: Cleanup
[2019-12-09T01:52:29.393+0000][1][safepoint    ] Leaving safepoint region
[2019-12-09T01:52:29.393+0000][1][safepoint    ] Total time for which application threads were stopped: 0.0292336 seconds, Stopping threads took: 0.0291393 seconds
[2019-12-09T01:52:30.228+0000][1][safepoint    ] Application time: 0.8354431 seconds
[2019-12-09T01:52:30.228+0000][1][safepoint    ] Entering safepoint region: RevokeBias
[2019-12-09T01:52:30.229+0000][1][safepoint    ] Leaving safepoint region
[2019-12-09T01:52:30.229+0000][1][safepoint    ] Total time for which application threads were stopped: 0.0001489 seconds, Stopping threads took: 0.0000228 seconds
[2019-12-09T01:52:30.284+0000][1][safepoint    ] Application time: 0.0554407 seconds
[2019-12-09T01:52:30.284+0000][1][safepoint    ] Entering safepoint region: RevokeBias
[2019-12-09T01:52:30.284+0000][1][safepoint    ] Leaving safepoint region
[2019-12-09T01:52:30.284+0000][1][safepoint    ] Total time for which application threads were stopped: 0.0000856 seconds, Stopping threads took: 0.0000132 seconds
[2019-12-09T01:52:30.434+0000][1][safepoint    ] Application time: 0.1502823 seconds
[2019-12-09T01:52:30.435+0000][1][safepoint    ] Entering safepoint region: GenCollectForAllocation
[2019-12-09T01:52:30.435+0000][1][gc,start     ] GC(18) Pause Young (Allocation Failure)
[2019-12-09T01:52:30.435+0000][1][gc,task      ] GC(18) Using 2 workers of 2 for evacuation
[2019-12-09T01:52:30.569+0000][1][gc,age       ] GC(18) Desired survivor size 4456448 bytes, new threshold 2 (max threshold 6)
[2019-12-09T01:52:30.569+0000][1][gc,age       ] GC(18) Age table with threshold 2 (max threshold 6)
[2019-12-09T01:52:30.569+0000][1][gc,age       ] GC(18) - age   1:    3337088 bytes,    3337088 total
[2019-12-09T01:52:30.569+0000][1][gc,age       ] GC(18) - age   2:    2861992 bytes,    6199080 total
[2019-12-09T01:52:30.569+0000][1][gc,age       ] GC(18) - age   3:     393432 bytes,    6592512 total
[2019-12-09T01:52:30.569+0000][1][gc,heap      ] GC(18) ParNew: 74091K->8704K(78656K)
[2019-12-09T01:52:30.569+0000][1][gc,heap      ] GC(18) CMS: 55359K->55359K(174784K)
[2019-12-09T01:52:30.569+0000][1][gc,metaspace ] GC(18) Metaspace: 44436K->44436K(1089536K)
[2019-12-09T01:52:30.569+0000][1][gc           ] GC(18) Pause Young (Allocation Failure) 126M->62M(247M) 134.887ms
[2019-12-09T01:52:30.569+0000][1][gc,cpu       ] GC(18) User=0.05s Sys=0.00s Real=0.14s
[2019-12-09T01:52:30.570+0000][1][safepoint    ] Leaving safepoint region
[2019-12-09T01:52:30.570+0000][1][safepoint    ] Total time for which application threads were stopped: 0.1350156 seconds, Stopping threads took: 0.0000134 seconds
[2019-12-09T01:52:31.022+0000][1][safepoint    ] Application time: 0.4527512 seconds
[2019-12-09T01:52:31.022+0000][1][safepoint    ] Entering safepoint region: RevokeBias
[2019-12-09T01:52:31.022+0000][1][safepoint    ] Leaving safepoint region
[2019-12-09T01:52:31.022+0000][1][safepoint    ] Total time for which application threads were stopped: 0.0000652 seconds, Stopping threads took: 0.0000120 seconds
[2019-12-09T01:52:31.042+0000][1][safepoint    ] Application time: 0.0193250 seconds
[2019-12-09T01:52:31.042+0000][1][safepoint    ] Entering safepoint region: RevokeBias
[2019-12-09T01:52:31.042+0000][1][safepoint    ] Leaving safepoint region
[2019-12-09T01:52:31.042+0000][1][safepoint    ] Total time for which application threads were stopped: 0.0000451 seconds, Stopping threads took: 0.0000120 seconds
[2019-12-09T01:52:31.836+0000][1][safepoint    ] Application time: 0.7939217 seconds
[2019-12-09T01:52:31.836+0000][1][safepoint    ] Entering safepoint region: RevokeBias
[2019-12-09T01:52:31.836+0000][1][safepoint    ] Leaving safepoint region
[2019-12-09T01:52:31.836+0000][1][safepoint    ] Total time for which application threads were stopped: 0.0004643 seconds, Stopping threads took: 0.0000124 seconds
[2019-12-09T01:52:31.845+0000][1][safepoint    ] Application time: 0.0084941 seconds
[2019-12-09T01:52:31.845+0000][1][safepoint    ] Entering safepoint region: RevokeBias
[2019-12-09T01:52:31.845+0000][1][safepoint    ] Leaving safepoint region
[2019-12-09T01:52:31.845+0000][1][safepoint    ] Total time for which application threads were stopped: 0.0001627 seconds, Stopping threads took: 0.0000112 seconds
[2019-12-09T01:52:31.875+0000][1][safepoint    ] Application time: 0.0298332 seconds
[2019-12-09T01:52:31.875+0000][1][safepoint    ] Entering safepoint region: RevokeBias
[2019-12-09T01:52:31.875+0000][1][safepoint    ] Leaving safepoint region
[2019-12-09T01:52:31.875+0000][1][safepoint    ] Total time for which application threads were stopped: 0.0004941 seconds, Stopping threads took: 0.0004145 seconds
[2019-12-09T01:52:32.468+0000][1][safepoint    ] Application time: 0.5925626 seconds
[2019-12-09T01:52:32.468+0000][1][safepoint    ] Entering safepoint region: RevokeBias
[2019-12-09T01:52:32.468+0000][1][safepoint    ] Leaving safepoint region
[2019-12-09T01:52:32.468+0000][1][safepoint    ] Total time for which application threads were stopped: 0.0002162 seconds, Stopping threads took: 0.0001323 seconds
[2019-12-09T01:52:32.468+0000][1][safepoint    ] Application time: 0.0000948 seconds
[2019-12-09T01:52:32.468+0000][1][safepoint    ] Entering safepoint region: RevokeBias
[2019-12-09T01:52:32.468+0000][1][safepoint    ] Leaving safepoint region
[2019-12-09T01:52:32.468+0000][1][safepoint    ] Total time for which application threads were stopped: 0.0000599 seconds, Stopping threads took: 0.0000083 seconds
[2019-12-09T01:52:32.468+0000][1][safepoint    ] Application time: 0.0001083 seconds
[2019-12-09T01:52:32.468+0000][1][safepoint    ] Entering safepoint region: RevokeBias
[2019-12-09T01:52:32.468+0000][1][safepoint    ] Leaving safepoint region
[2019-12-09T01:52:32.468+0000][1][safepoint    ] Total time for which application threads were stopped: 0.0000519 seconds, Stopping threads took: 0.0000076 seconds
[2019-12-09T01:52:32.469+0000][1][safepoint    ] Application time: 0.0001627 seconds
[2019-12-09T01:52:32.469+0000][1][safepoint    ] Entering safepoint region: RevokeBias
[2019-12-09T01:52:32.469+0000][1][safepoint    ] Leaving safepoint region
[2019-12-09T01:52:32.469+0000][1][safepoint    ] Total time for which application threads were stopped: 0.0000824 seconds, Stopping threads took: 0.0000080 seconds
[2019-12-09T01:52:32.469+0000][1][safepoint    ] Application time: 0.0000756 seconds
[2019-12-09T01:52:32.469+0000][1][safepoint    ] Entering safepoint region: RevokeBias
[2019-12-09T01:52:32.469+0000][1][safepoint    ] Leaving safepoint region
[2019-12-09T01:52:32.469+0000][1][safepoint    ] Total time for which application threads were stopped: 0.0000535 seconds, Stopping threads took: 0.0000080 seconds
[2019-12-09T01:52:32.469+0000][1][safepoint    ] Application time: 0.0001910 seconds
[2019-12-09T01:52:32.469+0000][1][safepoint    ] Entering safepoint region: RevokeBias
[2019-12-09T01:52:32.469+0000][1][safepoint    ] Leaving safepoint region
[2019-12-09T01:52:32.469+0000][1][safepoint    ] Total time for which application threads were stopped: 0.0000652 seconds, Stopping threads took: 0.0000098 seconds
[2019-12-09T01:52:32.469+0000][1][safepoint    ] Application time: 0.0000542 seconds
[2019-12-09T01:52:32.469+0000][1][safepoint    ] Entering safepoint region: RevokeBias
[2019-12-09T01:52:32.469+0000][1][safepoint    ] Leaving safepoint region
[2019-12-09T01:52:32.469+0000][1][safepoint    ] Total time for which application threads were stopped: 0.0000488 seconds, Stopping threads took: 0.0000075 seconds
[2019-12-09T01:52:32.469+0000][1][safepoint    ] Application time: 0.0000533 seconds
[2019-12-09T01:52:32.469+0000][1][safepoint    ] Entering safepoint region: RevokeBias
[2019-12-09T01:52:32.469+0000][1][safepoint    ] Leaving safepoint region
[2019-12-09T01:52:32.469+0000][1][safepoint    ] Total time for which application threads were stopped: 0.0000471 seconds, Stopping threads took: 0.0000082 seconds
[2019-12-09T01:52:32.469+0000][1][safepoint    ] Application time: 0.0000495 seconds
[2019-12-09T01:52:32.469+0000][1][safepoint    ] Entering safepoint region: RevokeBias
[2019-12-09T01:52:32.469+0000][1][safepoint    ] Leaving safepoint region
[2019-12-09T01:52:32.469+0000][1][safepoint    ] Total time for which application threads were stopped: 0.0000450 seconds, Stopping threads took: 0.0000081 seconds
[2019-12-09T01:52:32.470+0000][1][safepoint    ] Application time: 0.0000492 seconds
[2019-12-09T01:52:32.470+0000][1][safepoint    ] Entering safepoint region: RevokeBias
[2019-12-09T01:52:32.470+0000][1][safepoint    ] Leaving safepoint region
[2019-12-09T01:52:32.470+0000][1][safepoint    ] Total time for which application threads were stopped: 0.0000440 seconds, Stopping threads took: 0.0000079 seconds
[2019-12-09T01:52:32.470+0000][1][safepoint    ] Application time: 0.0000490 seconds
[2019-12-09T01:52:32.470+0000][1][safepoint    ] Entering safepoint region: RevokeBias
[2019-12-09T01:52:32.470+0000][1][safepoint    ] Leaving safepoint region
[2019-12-09T01:52:32.470+0000][1][safepoint    ] Total time for which application threads were stopped: 0.0000681 seconds, Stopping threads took: 0.0000076 seconds
[2019-12-09T01:52:32.470+0000][1][safepoint    ] Application time: 0.0000512 seconds
[2019-12-09T01:52:32.470+0000][1][safepoint    ] Entering safepoint region: RevokeBias
[2019-12-09T01:52:32.470+0000][1][safepoint    ] Leaving safepoint region
[2019-12-09T01:52:32.470+0000][1][safepoint    ] Total time for which application threads were stopped: 0.0000437 seconds, Stopping threads took: 0.0000077 seconds
[2019-12-09T01:52:32.470+0000][1][safepoint    ] Application time: 0.0000508 seconds
[2019-12-09T01:52:32.470+0000][1][safepoint    ] Entering safepoint region: RevokeBias
[2019-12-09T01:52:32.470+0000][1][safepoint    ] Leaving safepoint region
[2019-12-09T01:52:32.470+0000][1][safepoint    ] Total time for which application threads were stopped: 0.0000415 seconds, Stopping threads took: 0.0000077 seconds
[2019-12-09T01:52:32.470+0000][1][safepoint    ] Application time: 0.0000497 seconds
[2019-12-09T01:52:32.470+0000][1][safepoint    ] Entering safepoint region: RevokeBias
[2019-12-09T01:52:32.470+0000][1][safepoint    ] Leaving safepoint region
[2019-12-09T01:52:32.470+0000][1][safepoint    ] Total time for which application threads were stopped: 0.0000434 seconds, Stopping threads took: 0.0000073 seconds
[2019-12-09T01:52:32.470+0000][1][safepoint    ] Application time: 0.0000491 seconds
[2019-12-09T01:52:32.470+0000][1][safepoint    ] Entering safepoint region: RevokeBias
[2019-12-09T01:52:32.470+0000][1][safepoint    ] Leaving safepoint region
[2019-12-09T01:52:32.470+0000][1][safepoint    ] Total time for which application threads were stopped: 0.0000446 seconds, Stopping threads took: 0.0000079 seconds
[2019-12-09T01:52:32.470+0000][1][safepoint    ] Application time: 0.0000495 seconds
[2019-12-09T01:52:32.470+0000][1][safepoint    ] Entering safepoint region: RevokeBias
[2019-12-09T01:52:32.470+0000][1][safepoint    ] Leaving safepoint region
[2019-12-09T01:52:32.470+0000][1][safepoint    ] Total time for which application threads were stopped: 0.0000438 seconds, Stopping threads took: 0.0000079 seconds
[2019-12-09T01:52:32.470+0000][1][safepoint    ] Application time: 0.0000515 seconds
[2019-12-09T01:52:32.470+0000][1][safepoint    ] Entering safepoint region: RevokeBias
[2019-12-09T01:52:32.470+0000][1][safepoint    ] Leaving safepoint region
[2019-12-09T01:52:32.470+0000][1][safepoint    ] Total time for which application threads were stopped: 0.0000475 seconds, Stopping threads took: 0.0000082 seconds
[2019-12-09T01:52:32.470+0000][1][safepoint    ] Application time: 0.0000521 seconds
[2019-12-09T01:52:32.470+0000][1][safepoint    ] Entering safepoint region: RevokeBias
[2019-12-09T01:52:32.470+0000][1][safepoint    ] Leaving safepoint region
[2019-12-09T01:52:32.470+0000][1][safepoint    ] Total time for which application threads were stopped: 0.0000482 seconds, Stopping threads took: 0.0000079 seconds
[2019-12-09T01:52:32.471+0000][1][safepoint    ] Application time: 0.0000521 seconds
[2019-12-09T01:52:32.471+0000][1][safepoint    ] Entering safepoint region: RevokeBias
[2019-12-09T01:52:32.471+0000][1][safepoint    ] Leaving safepoint region
[2019-12-09T01:52:32.471+0000][1][safepoint    ] Total time for which application threads were stopped: 0.0000465 seconds, Stopping threads took: 0.0000080 seconds
[2019-12-09T01:52:32.471+0000][1][safepoint    ] Application time: 0.0000514 seconds
[2019-12-09T01:52:32.471+0000][1][safepoint    ] Entering safepoint region: RevokeBias
[2019-12-09T01:52:32.471+0000][1][safepoint    ] Leaving safepoint region
[2019-12-09T01:52:32.471+0000][1][safepoint    ] Total time for which application threads were stopped: 0.0000496 seconds, Stopping threads took: 0.0000116 seconds
[2019-12-09T01:52:32.471+0000][1][safepoint    ] Application time: 0.0000526 seconds
[2019-12-09T01:52:32.471+0000][1][safepoint    ] Entering safepoint region: RevokeBias
[2019-12-09T01:52:32.471+0000][1][safepoint    ] Leaving safepoint region
[2019-12-09T01:52:32.471+0000][1][safepoint    ] Total time for which application threads were stopped: 0.0000480 seconds, Stopping threads took: 0.0000073 seconds
[2019-12-09T01:52:32.471+0000][1][safepoint    ] Application time: 0.0000528 seconds
[2019-12-09T01:52:32.471+0000][1][safepoint    ] Entering safepoint region: RevokeBias
[2019-12-09T01:52:32.471+0000][1][safepoint    ] Leaving safepoint region
[2019-12-09T01:52:32.471+0000][1][safepoint    ] Total time for which application threads were stopped: 0.0000590 seconds, Stopping threads took: 0.0000079 seconds
[2019-12-09T01:52:32.471+0000][1][safepoint    ] Application time: 0.0000534 seconds
[2019-12-09T01:52:32.471+0000][1][safepoint    ] Entering safepoint region: BulkRevokeBias
[2019-12-09T01:52:32.471+0000][1][safepoint    ] Leaving safepoint region
[2019-12-09T01:52:32.471+0000][1][safepoint    ] Total time for which application threads were stopped: 0.0001097 seconds, Stopping threads took: 0.0000072 seconds
[2019-12-09T01:52:32.471+0000][1][safepoint    ] Application time: 0.0001548 seconds
[2019-12-09T01:52:32.471+0000][1][safepoint    ] Entering safepoint region: RevokeBias
[2019-12-09T01:52:32.471+0000][1][safepoint    ] Leaving safepoint region
[2019-12-09T01:52:32.471+0000][1][safepoint    ] Total time for which application threads were stopped: 0.0000604 seconds, Stopping threads took: 0.0000072 seconds
[2019-12-09T01:52:32.472+0000][1][safepoint    ] Application time: 0.0001374 seconds
[2019-12-09T01:52:32.472+0000][1][safepoint    ] Entering safepoint region: RevokeBias
[2019-12-09T01:52:32.472+0000][1][safepoint    ] Leaving safepoint region
[2019-12-09T01:52:32.472+0000][1][safepoint    ] Total time for which application threads were stopped: 0.0000728 seconds, Stopping threads took: 0.0000099 seconds
[2019-12-09T01:52:32.472+0000][1][safepoint    ] Application time: 0.0000864 seconds
[2019-12-09T01:52:32.472+0000][1][safepoint    ] Entering safepoint region: RevokeBias
[2019-12-09T01:52:32.472+0000][1][safepoint    ] Leaving safepoint region
[2019-12-09T01:52:32.472+0000][1][safepoint    ] Total time for which application threads were stopped: 0.0000538 seconds, Stopping threads took: 0.0000086 seconds
[2019-12-09T01:52:32.472+0000][1][safepoint    ] Application time: 0.0006210 seconds
[2019-12-09T01:52:32.472+0000][1][safepoint    ] Entering safepoint region: RevokeBias
[2019-12-09T01:52:32.472+0000][1][safepoint    ] Leaving safepoint region
[2019-12-09T01:52:32.472+0000][1][safepoint    ] Total time for which application threads were stopped: 0.0000564 seconds, Stopping threads took: 0.0000097 seconds
[2019-12-09T01:52:32.473+0000][1][safepoint    ] Application time: 0.0000834 seconds
[2019-12-09T01:52:32.473+0000][1][safepoint    ] Entering safepoint region: RevokeBias
[2019-12-09T01:52:32.473+0000][1][safepoint    ] Leaving safepoint region
[2019-12-09T01:52:32.473+0000][1][safepoint    ] Total time for which application threads were stopped: 0.0000624 seconds, Stopping threads took: 0.0000085 seconds
[2019-12-09T01:52:32.473+0000][1][safepoint    ] Application time: 0.0001086 seconds
[2019-12-09T01:52:32.473+0000][1][safepoint    ] Entering safepoint region: RevokeBias
[2019-12-09T01:52:32.473+0000][1][safepoint    ] Leaving safepoint region
[2019-12-09T01:52:32.473+0000][1][safepoint    ] Total time for which application threads were stopped: 0.0000583 seconds, Stopping threads took: 0.0000132 seconds
[2019-12-09T01:52:32.473+0000][1][safepoint    ] Application time: 0.0000640 seconds
[2019-12-09T01:52:32.473+0000][1][safepoint    ] Entering safepoint region: RevokeBias
[2019-12-09T01:52:32.473+0000][1][safepoint    ] Leaving safepoint region
[2019-12-09T01:52:32.473+0000][1][safepoint    ] Total time for which application threads were stopped: 0.0000536 seconds, Stopping threads took: 0.0000076 seconds
[2019-12-09T01:52:32.473+0000][1][safepoint    ] Application time: 0.0001171 seconds
[2019-12-09T01:52:32.473+0000][1][safepoint    ] Entering safepoint region: RevokeBias
[2019-12-09T01:52:32.473+0000][1][safepoint    ] Leaving safepoint region
[2019-12-09T01:52:32.473+0000][1][safepoint    ] Total time for which application threads were stopped: 0.0000508 seconds, Stopping threads took: 0.0000074 seconds
[2019-12-09T01:52:32.473+0000][1][safepoint    ] Application time: 0.0001648 seconds
[2019-12-09T01:52:32.473+0000][1][safepoint    ] Entering safepoint region: RevokeBias
[2019-12-09T01:52:32.473+0000][1][safepoint    ] Leaving safepoint region
[2019-12-09T01:52:32.473+0000][1][safepoint    ] Total time for which application threads were stopped: 0.0000624 seconds, Stopping threads took: 0.0000078 seconds
[2019-12-09T01:52:32.473+0000][1][safepoint    ] Application time: 0.0000528 seconds
[2019-12-09T01:52:32.473+0000][1][safepoint    ] Entering safepoint region: RevokeBias
[2019-12-09T01:52:32.474+0000][1][safepoint    ] Leaving safepoint region
[2019-12-09T01:52:32.474+0000][1][safepoint    ] Total time for which application threads were stopped: 0.0000378 seconds, Stopping threads took: 0.0000074 seconds
[2019-12-09T01:52:32.474+0000][1][safepoint    ] Application time: 0.0000529 seconds
[2019-12-09T01:52:32.474+0000][1][safepoint    ] Entering safepoint region: RevokeBias
[2019-12-09T01:52:32.474+0000][1][safepoint    ] Leaving safepoint region
[2019-12-09T01:52:32.474+0000][1][safepoint    ] Total time for which application threads were stopped: 0.0000553 seconds, Stopping threads took: 0.0000076 seconds
[2019-12-09T01:52:32.474+0000][1][safepoint    ] Application time: 0.0000677 seconds
[2019-12-09T01:52:32.474+0000][1][safepoint    ] Entering safepoint region: RevokeBias
[2019-12-09T01:52:32.474+0000][1][safepoint    ] Leaving safepoint region
[2019-12-09T01:52:32.474+0000][1][safepoint    ] Total time for which application threads were stopped: 0.0000481 seconds, Stopping threads took: 0.0000078 seconds
[2019-12-09T01:52:32.474+0000][1][safepoint    ] Application time: 0.0002803 seconds
[2019-12-09T01:52:32.474+0000][1][safepoint    ] Entering safepoint region: RevokeBias
[2019-12-09T01:52:32.474+0000][1][safepoint    ] Leaving safepoint region
[2019-12-09T01:52:32.474+0000][1][safepoint    ] Total time for which application threads were stopped: 0.0000583 seconds, Stopping threads took: 0.0000101 seconds
[2019-12-09T01:52:32.474+0000][1][safepoint    ] Application time: 0.0000546 seconds
[2019-12-09T01:52:32.474+0000][1][safepoint    ] Entering safepoint region: RevokeBias
[2019-12-09T01:52:32.474+0000][1][safepoint    ] Leaving safepoint region
[2019-12-09T01:52:32.474+0000][1][safepoint    ] Total time for which application threads were stopped: 0.0000506 seconds, Stopping threads took: 0.0000089 seconds
[2019-12-09T01:52:32.474+0000][1][safepoint    ] Application time: 0.0000567 seconds
[2019-12-09T01:52:32.474+0000][1][safepoint    ] Entering safepoint region: RevokeBias
[2019-12-09T01:52:32.474+0000][1][safepoint    ] Leaving safepoint region
[2019-12-09T01:52:32.474+0000][1][safepoint    ] Total time for which application threads were stopped: 0.0000476 seconds, Stopping threads took: 0.0000083 seconds
[2019-12-09T01:52:32.474+0000][1][safepoint    ] Application time: 0.0000517 seconds
[2019-12-09T01:52:32.474+0000][1][safepoint    ] Entering safepoint region: RevokeBias
[2019-12-09T01:52:32.474+0000][1][safepoint    ] Leaving safepoint region
[2019-12-09T01:52:32.474+0000][1][safepoint    ] Total time for which application threads were stopped: 0.0000484 seconds, Stopping threads took: 0.0000087 seconds
[2019-12-09T01:52:32.475+0000][1][safepoint    ] Application time: 0.0000532 seconds
[2019-12-09T01:52:32.475+0000][1][safepoint    ] Entering safepoint region: RevokeBias
[2019-12-09T01:52:32.475+0000][1][safepoint    ] Leaving safepoint region
[2019-12-09T01:52:32.475+0000][1][safepoint    ] Total time for which application threads were stopped: 0.0000446 seconds, Stopping threads took: 0.0000083 seconds
[2019-12-09T01:52:32.475+0000][1][safepoint    ] Application time: 0.0000530 seconds
[2019-12-09T01:52:32.475+0000][1][safepoint    ] Entering safepoint region: RevokeBias
[2019-12-09T01:52:32.475+0000][1][safepoint    ] Leaving safepoint region
[2019-12-09T01:52:32.475+0000][1][safepoint    ] Total time for which application threads were stopped: 0.0000683 seconds, Stopping threads took: 0.0000267 seconds
[2019-12-09T01:52:32.475+0000][1][safepoint    ] Application time: 0.0000562 seconds
[2019-12-09T01:52:32.475+0000][1][safepoint    ] Entering safepoint region: RevokeBias
[2019-12-09T01:52:32.475+0000][1][safepoint    ] Leaving safepoint region
[2019-12-09T01:52:32.475+0000][1][safepoint    ] Total time for which application threads were stopped: 0.0000466 seconds, Stopping threads took: 0.0000080 seconds
[2019-12-09T01:52:32.475+0000][1][safepoint    ] Application time: 0.0000545 seconds
[2019-12-09T01:52:32.475+0000][1][safepoint    ] Entering safepoint region: RevokeBias
[2019-12-09T01:52:32.475+0000][1][safepoint    ] Leaving safepoint region
[2019-12-09T01:52:32.475+0000][1][safepoint    ] Total time for which application threads were stopped: 0.0000435 seconds, Stopping threads took: 0.0000077 seconds
[2019-12-09T01:52:32.475+0000][1][safepoint    ] Application time: 0.0000525 seconds
[2019-12-09T01:52:32.475+0000][1][safepoint    ] Entering safepoint region: RevokeBias
[2019-12-09T01:52:32.475+0000][1][safepoint    ] Leaving safepoint region
[2019-12-09T01:52:32.475+0000][1][safepoint    ] Total time for which application threads were stopped: 0.0000574 seconds, Stopping threads took: 0.0000082 seconds
[2019-12-09T01:52:32.475+0000][1][safepoint    ] Application time: 0.0000671 seconds
[2019-12-09T01:52:32.475+0000][1][safepoint    ] Entering safepoint region: RevokeBias
[2019-12-09T01:52:32.475+0000][1][safepoint    ] Leaving safepoint region
[2019-12-09T01:52:32.475+0000][1][safepoint    ] Total time for which application threads were stopped: 0.0000478 seconds, Stopping threads took: 0.0000076 seconds
[2019-12-09T01:52:32.475+0000][1][safepoint    ] Application time: 0.0000540 seconds
[2019-12-09T01:52:32.475+0000][1][safepoint    ] Entering safepoint region: RevokeBias
[2019-12-09T01:52:32.475+0000][1][safepoint    ] Leaving safepoint region
[2019-12-09T01:52:32.475+0000][1][safepoint    ] Total time for which application threads were stopped: 0.0000441 seconds, Stopping threads took: 0.0000081 seconds
[2019-12-09T01:52:32.475+0000][1][safepoint    ] Application time: 0.0000517 seconds
[2019-12-09T01:52:32.475+0000][1][safepoint    ] Entering safepoint region: RevokeBias
[2019-12-09T01:52:32.475+0000][1][safepoint    ] Leaving safepoint region
[2019-12-09T01:52:32.475+0000][1][safepoint    ] Total time for which application threads were stopped: 0.0000463 seconds, Stopping threads took: 0.0000079 seconds
[2019-12-09T01:52:32.476+0000][1][safepoint    ] Application time: 0.0000521 seconds
[2019-12-09T01:52:32.476+0000][1][safepoint    ] Entering safepoint region: RevokeBias
[2019-12-09T01:52:32.476+0000][1][safepoint    ] Leaving safepoint region
[2019-12-09T01:52:32.476+0000][1][safepoint    ] Total time for which application threads were stopped: 0.0000420 seconds, Stopping threads took: 0.0000074 seconds
[2019-12-09T01:52:32.476+0000][1][safepoint    ] Application time: 0.0000531 seconds
[2019-12-09T01:52:32.476+0000][1][safepoint    ] Entering safepoint region: RevokeBias
[2019-12-09T01:52:32.476+0000][1][safepoint    ] Leaving safepoint region
[2019-12-09T01:52:32.476+0000][1][safepoint    ] Total time for which application threads were stopped: 0.0000654 seconds, Stopping threads took: 0.0000082 seconds
[2019-12-09T01:52:32.476+0000][1][safepoint    ] Application time: 0.0000759 seconds
[2019-12-09T01:52:32.476+0000][1][safepoint    ] Entering safepoint region: RevokeBias
[2019-12-09T01:52:32.476+0000][1][safepoint    ] Leaving safepoint region
[2019-12-09T01:52:32.476+0000][1][safepoint    ] Total time for which application threads were stopped: 0.0000514 seconds, Stopping threads took: 0.0000093 seconds
[2019-12-09T01:52:32.476+0000][1][safepoint    ] Application time: 0.0000509 seconds
[2019-12-09T01:52:32.476+0000][1][safepoint    ] Entering safepoint region: RevokeBias
[2019-12-09T01:52:32.476+0000][1][safepoint    ] Leaving safepoint region
[2019-12-09T01:52:32.476+0000][1][safepoint    ] Total time for which application threads were stopped: 0.0000435 seconds, Stopping threads took: 0.0000079 seconds
[2019-12-09T01:52:32.476+0000][1][safepoint    ] Application time: 0.0000511 seconds
[2019-12-09T01:52:32.476+0000][1][safepoint    ] Entering safepoint region: BulkRevokeBias
[2019-12-09T01:52:32.476+0000][1][safepoint    ] Leaving safepoint region
[2019-12-09T01:52:32.476+0000][1][safepoint    ] Total time for which application threads were stopped: 0.0001119 seconds, Stopping threads took: 0.0000083 seconds
[2019-12-09T01:52:32.523+0000][1][safepoint    ] Application time: 0.0466008 seconds
[2019-12-09T01:52:32.574+0000][1][safepoint    ] Entering safepoint region: RevokeBias
[2019-12-09T01:52:32.575+0000][1][safepoint    ] Leaving safepoint region
[2019-12-09T01:52:32.575+0000][1][safepoint    ] Total time for which application threads were stopped: 0.0517175 seconds, Stopping threads took: 0.0516054 seconds
[2019-12-09T01:52:32.575+0000][1][safepoint    ] Application time: 0.0001600 seconds
[2019-12-09T01:52:32.575+0000][1][safepoint    ] Entering safepoint region: RevokeBias
[2019-12-09T01:52:32.575+0000][1][safepoint    ] Leaving safepoint region
[2019-12-09T01:52:32.575+0000][1][safepoint    ] Total time for which application threads were stopped: 0.0000899 seconds, Stopping threads took: 0.0000121 seconds
[2019-12-09T01:52:32.575+0000][1][safepoint    ] Application time: 0.0001967 seconds
[2019-12-09T01:52:32.575+0000][1][safepoint    ] Entering safepoint region: RevokeBias
[2019-12-09T01:52:32.575+0000][1][safepoint    ] Leaving safepoint region
[2019-12-09T01:52:32.575+0000][1][safepoint    ] Total time for which application threads were stopped: 0.0000765 seconds, Stopping threads took: 0.0000109 seconds
[2019-12-09T01:52:32.575+0000][1][safepoint    ] Application time: 0.0000715 seconds
[2019-12-09T01:52:32.575+0000][1][safepoint    ] Entering safepoint region: RevokeBias
[2019-12-09T01:52:32.575+0000][1][safepoint    ] Leaving safepoint region
[2019-12-09T01:52:32.575+0000][1][safepoint    ] Total time for which application threads were stopped: 0.0000617 seconds, Stopping threads took: 0.0000087 seconds
[2019-12-09T01:52:32.575+0000][1][safepoint    ] Application time: 0.0000540 seconds
[2019-12-09T01:52:32.575+0000][1][safepoint    ] Entering safepoint region: RevokeBias
[2019-12-09T01:52:32.575+0000][1][safepoint    ] Leaving safepoint region
[2019-12-09T01:52:32.575+0000][1][safepoint    ] Total time for which application threads were stopped: 0.0000580 seconds, Stopping threads took: 0.0000085 seconds
[2019-12-09T01:52:32.575+0000][1][safepoint    ] Application time: 0.0000534 seconds
[2019-12-09T01:52:32.575+0000][1][safepoint    ] Entering safepoint region: RevokeBias
[2019-12-09T01:52:32.575+0000][1][safepoint    ] Leaving safepoint region
[2019-12-09T01:52:32.576+0000][1][safepoint    ] Total time for which application threads were stopped: 0.0000580 seconds, Stopping threads took: 0.0000082 seconds
[2019-12-09T01:52:32.576+0000][1][safepoint    ] Application time: 0.0003693 seconds
[2019-12-09T01:52:32.576+0000][1][safepoint    ] Entering safepoint region: RevokeBias
[2019-12-09T01:52:32.576+0000][1][safepoint    ] Leaving safepoint region
[2019-12-09T01:52:32.576+0000][1][safepoint    ] Total time for which application threads were stopped: 0.0000683 seconds, Stopping threads took: 0.0000112 seconds
[2019-12-09T01:52:32.576+0000][1][safepoint    ] Application time: 0.0001357 seconds
[2019-12-09T01:52:32.576+0000][1][safepoint    ] Entering safepoint region: RevokeBias
[2019-12-09T01:52:32.576+0000][1][safepoint    ] Leaving safepoint region
[2019-12-09T01:52:32.576+0000][1][safepoint    ] Total time for which application threads were stopped: 0.0000599 seconds, Stopping threads took: 0.0000083 seconds
[2019-12-09T01:52:32.576+0000][1][safepoint    ] Application time: 0.0001882 seconds
[2019-12-09T01:52:32.576+0000][1][safepoint    ] Entering safepoint region: RevokeBias
[2019-12-09T01:52:32.576+0000][1][safepoint    ] Leaving safepoint region
[2019-12-09T01:52:32.576+0000][1][safepoint    ] Total time for which application threads were stopped: 0.0000685 seconds, Stopping threads took: 0.0000096 seconds
[2019-12-09T01:52:32.577+0000][1][safepoint    ] Application time: 0.0003435 seconds
[2019-12-09T01:52:32.577+0000][1][safepoint    ] Entering safepoint region: RevokeBias
[2019-12-09T01:52:32.577+0000][1][safepoint    ] Leaving safepoint region
[2019-12-09T01:52:32.577+0000][1][safepoint    ] Total time for which application threads were stopped: 0.0000702 seconds, Stopping threads took: 0.0000101 seconds
[2019-12-09T01:52:32.577+0000][1][safepoint    ] Application time: 0.0004310 seconds
[2019-12-09T01:52:32.577+0000][1][safepoint    ] Entering safepoint region: RevokeBias
[2019-12-09T01:52:32.577+0000][1][safepoint    ] Leaving safepoint region
[2019-12-09T01:52:32.577+0000][1][safepoint    ] Total time for which application threads were stopped: 0.0000660 seconds, Stopping threads took: 0.0000094 seconds
[2019-12-09T01:52:32.578+0000][1][safepoint    ] Application time: 0.0001295 seconds
[2019-12-09T01:52:32.578+0000][1][safepoint    ] Entering safepoint region: RevokeBias
[2019-12-09T01:52:32.578+0000][1][safepoint    ] Leaving safepoint region
[2019-12-09T01:52:32.578+0000][1][safepoint    ] Total time for which application threads were stopped: 0.0000652 seconds, Stopping threads took: 0.0000085 seconds
[2019-12-09T01:52:32.578+0000][1][safepoint    ] Application time: 0.0000756 seconds
[2019-12-09T01:52:32.578+0000][1][safepoint    ] Entering safepoint region: RevokeBias
[2019-12-09T01:52:32.578+0000][1][safepoint    ] Leaving safepoint region
[2019-12-09T01:52:32.578+0000][1][safepoint    ] Total time for which application threads were stopped: 0.0000562 seconds, Stopping threads took: 0.0000080 seconds
[2019-12-09T01:52:32.578+0000][1][safepoint    ] Application time: 0.0002201 seconds
[2019-12-09T01:52:32.578+0000][1][safepoint    ] Entering safepoint region: RevokeBias
[2019-12-09T01:52:32.578+0000][1][safepoint    ] Leaving safepoint region
[2019-12-09T01:52:32.578+0000][1][safepoint    ] Total time for which application threads were stopped: 0.0000657 seconds, Stopping threads took: 0.0000087 seconds
[2019-12-09T01:52:32.595+0000][1][safepoint    ] Application time: 0.0166680 seconds
[2019-12-09T01:52:32.642+0000][1][safepoint    ] Entering safepoint region: RevokeBias
[2019-12-09T01:52:32.642+0000][1][safepoint    ] Leaving safepoint region
[2019-12-09T01:52:32.642+0000][1][safepoint    ] Total time for which application threads were stopped: 0.0471446 seconds, Stopping threads took: 0.0470129 seconds
[2019-12-09T01:52:32.642+0000][1][safepoint    ] Application time: 0.0000824 seconds
[2019-12-09T01:52:32.642+0000][1][safepoint    ] Entering safepoint region: RevokeBias
[2019-12-09T01:52:32.642+0000][1][safepoint    ] Leaving safepoint region
[2019-12-09T01:52:32.642+0000][1][safepoint    ] Total time for which application threads were stopped: 0.0000823 seconds, Stopping threads took: 0.0000093 seconds
[2019-12-09T01:52:32.646+0000][1][safepoint    ] Application time: 0.0036802 seconds
[2019-12-09T01:52:32.646+0000][1][safepoint    ] Entering safepoint region: RevokeBias
[2019-12-09T01:52:32.646+0000][1][safepoint    ] Leaving safepoint region
[2019-12-09T01:52:32.646+0000][1][safepoint    ] Total time for which application threads were stopped: 0.0001251 seconds, Stopping threads took: 0.0000420 seconds
[2019-12-09T01:52:32.646+0000][1][safepoint    ] Application time: 0.0000698 seconds
[2019-12-09T01:52:32.646+0000][1][safepoint    ] Entering safepoint region: RevokeBias
[2019-12-09T01:52:32.646+0000][1][safepoint    ] Leaving safepoint region
[2019-12-09T01:52:32.646+0000][1][safepoint    ] Total time for which application threads were stopped: 0.0000626 seconds, Stopping threads took: 0.0000088 seconds
[2019-12-09T01:52:32.646+0000][1][safepoint    ] Application time: 0.0002177 seconds
[2019-12-09T01:52:32.646+0000][1][safepoint    ] Entering safepoint region: RevokeBias
[2019-12-09T01:52:32.646+0000][1][safepoint    ] Leaving safepoint region
[2019-12-09T01:52:32.646+0000][1][safepoint    ] Total time for which application threads were stopped: 0.0000547 seconds, Stopping threads took: 0.0000081 seconds
[2019-12-09T01:52:32.830+0000][1][safepoint    ] Application time: 0.1836085 seconds
[2019-12-09T01:52:32.919+0000][1][safepoint    ] Entering safepoint region: RevokeBias
[2019-12-09T01:52:32.919+0000][1][safepoint    ] Leaving safepoint region
[2019-12-09T01:52:32.919+0000][1][safepoint    ] Total time for which application threads were stopped: 0.0888817 seconds, Stopping threads took: 0.0886993 seconds
[2019-12-09T01:52:32.927+0000][1][safepoint    ] Application time: 0.0081133 seconds
[2019-12-09T01:52:32.927+0000][1][safepoint    ] Entering safepoint region: RevokeBias
[2019-12-09T01:52:32.927+0000][1][safepoint    ] Leaving safepoint region
[2019-12-09T01:52:32.927+0000][1][safepoint    ] Total time for which application threads were stopped: 0.0000700 seconds, Stopping threads took: 0.0000147 seconds
[2019-12-09T01:52:33.163+0000][1][safepoint    ] Application time: 0.2359847 seconds
[2019-12-09T01:52:33.163+0000][1][safepoint    ] Entering safepoint region: RevokeBias
[2019-12-09T01:52:33.163+0000][1][safepoint    ] Leaving safepoint region
[2019-12-09T01:52:33.163+0000][1][safepoint    ] Total time for which application threads were stopped: 0.0000785 seconds, Stopping threads took: 0.0000168 seconds
[2019-12-09T01:52:33.955+0000][1][safepoint    ] Application time: 0.7916794 seconds
[2019-12-09T01:52:34.015+0000][1][safepoint    ] Entering safepoint region: RevokeBias
[2019-12-09T01:52:34.015+0000][1][safepoint    ] Leaving safepoint region
[2019-12-09T01:52:34.015+0000][1][safepoint    ] Total time for which application threads were stopped: 0.0598762 seconds, Stopping threads took: 0.0598033 seconds
[2019-12-09T01:52:34.037+0000][1][safepoint    ] Application time: 0.0217988 seconds
[2019-12-09T01:52:34.037+0000][1][safepoint    ] Entering safepoint region: RevokeBias
[2019-12-09T01:52:34.037+0000][1][safepoint    ] Leaving safepoint region
[2019-12-09T01:52:34.037+0000][1][safepoint    ] Total time for which application threads were stopped: 0.0001499 seconds, Stopping threads took: 0.0000992 seconds
[2019-12-09T01:52:34.607+0000][1][safepoint    ] Application time: 0.5705505 seconds
[2019-12-09T01:52:34.607+0000][1][safepoint    ] Entering safepoint region: RevokeBias
[2019-12-09T01:52:34.608+0000][1][safepoint    ] Leaving safepoint region
[2019-12-09T01:52:34.608+0000][1][safepoint    ] Total time for which application threads were stopped: 0.0004916 seconds, Stopping threads took: 0.0000167 seconds
[2019-12-09T01:52:34.800+0000][1][safepoint    ] Application time: 0.1918344 seconds
[2019-12-09T01:52:34.800+0000][1][safepoint    ] Entering safepoint region: GenCollectForAllocation
[2019-12-09T01:52:34.800+0000][1][gc,start     ] GC(19) Pause Young (Allocation Failure)
[2019-12-09T01:52:34.800+0000][1][gc,task      ] GC(19) Using 2 workers of 2 for evacuation
[2019-12-09T01:52:34.943+0000][1][gc,age       ] GC(19) Desired survivor size 4456448 bytes, new threshold 2 (max threshold 6)
[2019-12-09T01:52:34.943+0000][1][gc,age       ] GC(19) Age table with threshold 2 (max threshold 6)
[2019-12-09T01:52:34.943+0000][1][gc,age       ] GC(19) - age   1:    1440688 bytes,    1440688 total
[2019-12-09T01:52:34.943+0000][1][gc,age       ] GC(19) - age   2:    3273768 bytes,    4714456 total
[2019-12-09T01:52:34.943+0000][1][gc,heap      ] GC(19) ParNew: 78656K->5567K(78656K)
[2019-12-09T01:52:34.943+0000][1][gc,heap      ] GC(19) CMS: 55359K->58600K(174784K)
[2019-12-09T01:52:34.943+0000][1][gc,metaspace ] GC(19) Metaspace: 50275K->50275K(1095680K)
[2019-12-09T01:52:34.944+0000][1][gc           ] GC(19) Pause Young (Allocation Failure) 130M->62M(247M) 143.568ms
[2019-12-09T01:52:34.944+0000][1][gc,cpu       ] GC(19) User=0.05s Sys=0.00s Real=0.14s
[2019-12-09T01:52:34.944+0000][1][safepoint    ] Leaving safepoint region
[2019-12-09T01:52:34.944+0000][1][safepoint    ] Total time for which application threads were stopped: 0.1437091 seconds, Stopping threads took: 0.0000139 seconds
[2019-12-09T01:52:35.138+0000][1][safepoint    ] Application time: 0.1944113 seconds
[2019-12-09T01:52:35.138+0000][1][safepoint    ] Entering safepoint region: RevokeBias
[2019-12-09T01:52:35.138+0000][1][safepoint    ] Leaving safepoint region
[2019-12-09T01:52:35.138+0000][1][safepoint    ] Total time for which application threads were stopped: 0.0001133 seconds, Stopping threads took: 0.0000635 seconds
[2019-12-09T01:52:36.139+0000][1][safepoint    ] Application time: 1.0004041 seconds
[2019-12-09T01:52:36.156+0000][1][safepoint    ] Entering safepoint region: Cleanup
[2019-12-09T01:52:36.156+0000][1][safepoint    ] Leaving safepoint region
[2019-12-09T01:52:36.156+0000][1][safepoint    ] Total time for which application threads were stopped: 0.0176774 seconds, Stopping threads took: 0.0171680 seconds
[2019-12-09T01:52:36.197+0000][1][safepoint    ] Application time: 0.0407084 seconds
[2019-12-09T01:52:36.197+0000][1][safepoint    ] Entering safepoint region: RevokeBias
[2019-12-09T01:52:36.197+0000][1][safepoint    ] Leaving safepoint region
[2019-12-09T01:52:36.197+0000][1][safepoint    ] Total time for which application threads were stopped: 0.0002722 seconds, Stopping threads took: 0.0002195 seconds
[2019-12-09T01:52:37.199+0000][1][safepoint    ] Application time: 1.0014274 seconds
[2019-12-09T01:52:37.253+0000][1][safepoint    ] Entering safepoint region: Cleanup
[2019-12-09T01:52:37.253+0000][1][safepoint    ] Leaving safepoint region
[2019-12-09T01:52:37.253+0000][1][safepoint    ] Total time for which application threads were stopped: 0.0540846 seconds, Stopping threads took: 0.0540090 seconds
[2019-12-09T01:52:38.256+0000][1][safepoint    ] Application time: 1.0028779 seconds
[2019-12-09T01:52:38.391+0000][1][safepoint    ] Entering safepoint region: Cleanup
[2019-12-09T01:52:38.391+0000][1][safepoint    ] Leaving safepoint region
[2019-12-09T01:52:38.391+0000][1][safepoint    ] Total time for which application threads were stopped: 0.1351287 seconds, Stopping threads took: 0.1350383 seconds
[2019-12-09T01:52:39.393+0000][1][safepoint    ] Application time: 1.0018250 seconds
[2019-12-09T01:52:39.398+0000][1][safepoint    ] Entering safepoint region: Cleanup
[2019-12-09T01:52:39.398+0000][1][safepoint    ] Leaving safepoint region
[2019-12-09T01:52:39.398+0000][1][safepoint    ] Total time for which application threads were stopped: 0.0051366 seconds, Stopping threads took: 0.0050258 seconds
[2019-12-09T01:52:40.405+0000][1][safepoint    ] Application time: 1.0068612 seconds
[2019-12-09T01:52:40.450+0000][1][safepoint    ] Entering safepoint region: Cleanup
[2019-12-09T01:52:40.450+0000][1][safepoint    ] Leaving safepoint region
[2019-12-09T01:52:40.450+0000][1][safepoint    ] Total time for which application threads were stopped: 0.0450731 seconds, Stopping threads took: 0.0449884 seconds
[2019-12-09T01:52:41.021+0000][1][safepoint    ] Application time: 0.5710067 seconds
[2019-12-09T01:52:41.208+0000][1][safepoint    ] Entering safepoint region: RevokeBias
[2019-12-09T01:52:41.208+0000][1][safepoint    ] Leaving safepoint region
[2019-12-09T01:52:41.208+0000][1][safepoint    ] Total time for which application threads were stopped: 0.1869251 seconds, Stopping threads took: 0.1868263 seconds
[2019-12-09T01:52:41.208+0000][1][safepoint    ] Application time: 0.0002565 seconds
[2019-12-09T01:52:41.208+0000][1][safepoint    ] Entering safepoint region: RevokeBias
[2019-12-09T01:52:41.208+0000][1][safepoint    ] Leaving safepoint region
[2019-12-09T01:52:41.208+0000][1][safepoint    ] Total time for which application threads were stopped: 0.0000782 seconds, Stopping threads took: 0.0000129 seconds
[2019-12-09T01:52:41.208+0000][1][safepoint    ] Application time: 0.0000487 seconds
[2019-12-09T01:52:41.208+0000][1][safepoint    ] Entering safepoint region: RevokeBias
[2019-12-09T01:52:41.208+0000][1][safepoint    ] Leaving safepoint region
[2019-12-09T01:52:41.208+0000][1][safepoint    ] Total time for which application threads were stopped: 0.0000458 seconds, Stopping threads took: 0.0000089 seconds
[2019-12-09T01:52:41.209+0000][1][safepoint    ] Application time: 0.0001940 seconds
[2019-12-09T01:52:41.209+0000][1][safepoint    ] Entering safepoint region: RevokeBias
[2019-12-09T01:52:41.209+0000][1][safepoint    ] Leaving safepoint region
[2019-12-09T01:52:41.209+0000][1][safepoint    ] Total time for which application threads were stopped: 0.0000622 seconds, Stopping threads took: 0.0000097 seconds
[2019-12-09T01:52:41.259+0000][1][safepoint    ] Application time: 0.0508518 seconds
[2019-12-09T01:52:41.259+0000][1][safepoint    ] Entering safepoint region: Deoptimize
[2019-12-09T01:52:41.260+0000][1][safepoint    ] Leaving safepoint region
[2019-12-09T01:52:41.260+0000][1][safepoint    ] Total time for which application threads were stopped: 0.0006095 seconds, Stopping threads took: 0.0000147 seconds
[2019-12-09T01:52:41.622+0000][1][safepoint    ] Application time: 0.3615965 seconds
[2019-12-09T01:52:41.622+0000][1][safepoint    ] Entering safepoint region: RevokeBias
[2019-12-09T01:52:41.622+0000][1][safepoint    ] Leaving safepoint region
[2019-12-09T01:52:41.622+0000][1][safepoint    ] Total time for which application threads were stopped: 0.0001297 seconds, Stopping threads took: 0.0000173 seconds
[2019-12-09T01:52:41.622+0000][1][safepoint    ] Application time: 0.0000925 seconds
[2019-12-09T01:52:41.622+0000][1][safepoint    ] Entering safepoint region: RevokeBias
[2019-12-09T01:52:41.622+0000][1][safepoint    ] Leaving safepoint region
[2019-12-09T01:52:41.622+0000][1][safepoint    ] Total time for which application threads were stopped: 0.0000539 seconds, Stopping threads took: 0.0000086 seconds
[2019-12-09T01:52:41.622+0000][1][safepoint    ] Application time: 0.0000982 seconds
[2019-12-09T01:52:41.622+0000][1][safepoint    ] Entering safepoint region: RevokeBias
[2019-12-09T01:52:41.622+0000][1][safepoint    ] Leaving safepoint region
[2019-12-09T01:52:41.622+0000][1][safepoint    ] Total time for which application threads were stopped: 0.0000621 seconds, Stopping threads took: 0.0000087 seconds
[2019-12-09T01:52:41.630+0000][1][safepoint    ] Application time: 0.0080812 seconds
[2019-12-09T01:52:41.630+0000][1][safepoint    ] Entering safepoint region: RevokeBias
[2019-12-09T01:52:41.630+0000][1][safepoint    ] Leaving safepoint region
[2019-12-09T01:52:41.630+0000][1][safepoint    ] Total time for which application threads were stopped: 0.0000815 seconds, Stopping threads took: 0.0000143 seconds
[2019-12-09T01:52:42.633+0000][1][safepoint    ] Application time: 1.0022861 seconds
[2019-12-09T01:52:42.636+0000][1][safepoint    ] Entering safepoint region: Cleanup
[2019-12-09T01:52:42.637+0000][1][safepoint    ] Leaving safepoint region
[2019-12-09T01:52:42.637+0000][1][safepoint    ] Total time for which application threads were stopped: 0.0041434 seconds, Stopping threads took: 0.0029976 seconds
[2019-12-09T01:52:42.786+0000][1][safepoint    ] Application time: 0.1488193 seconds
[2019-12-09T01:52:42.786+0000][1][safepoint    ] Entering safepoint region: GenCollectForAllocation
[2019-12-09T01:52:42.786+0000][1][gc,start     ] GC(20) Pause Young (Allocation Failure)
[2019-12-09T01:52:42.786+0000][1][gc,task      ] GC(20) Using 2 workers of 2 for evacuation
[2019-12-09T01:52:42.979+0000][1][gc,age       ] GC(20) Desired survivor size 4456448 bytes, new threshold 6 (max threshold 6)
[2019-12-09T01:52:42.979+0000][1][gc,age       ] GC(20) Age table with threshold 6 (max threshold 6)
[2019-12-09T01:52:42.979+0000][1][gc,age       ] GC(20) - age   1:    2740216 bytes,    2740216 total
[2019-12-09T01:52:42.979+0000][1][gc,age       ] GC(20) - age   2:    1401520 bytes,    4141736 total
[2019-12-09T01:52:42.979+0000][1][gc,heap      ] GC(20) ParNew: 75519K->4844K(78656K)
[2019-12-09T01:52:42.979+0000][1][gc,heap      ] GC(20) CMS: 58600K->61894K(174784K)
[2019-12-09T01:52:42.979+0000][1][gc,metaspace ] GC(20) Metaspace: 58466K->58466K(1101824K)
[2019-12-09T01:52:42.979+0000][1][gc           ] GC(20) Pause Young (Allocation Failure) 130M->65M(247M) 193.365ms
[2019-12-09T01:52:42.979+0000][1][gc,cpu       ] GC(20) User=0.04s Sys=0.00s Real=0.19s
[2019-12-09T01:52:42.979+0000][1][safepoint    ] Leaving safepoint region
[2019-12-09T01:52:42.979+0000][1][safepoint    ] Total time for which application threads were stopped: 0.1935269 seconds, Stopping threads took: 0.0000225 seconds
[2019-12-09T01:52:43.814+0000][1][safepoint    ] Application time: 0.8349771 seconds
[2019-12-09T01:52:43.814+0000][1][safepoint    ] Entering safepoint region: Deoptimize
[2019-12-09T01:52:43.815+0000][1][safepoint    ] Leaving safepoint region
[2019-12-09T01:52:43.815+0000][1][safepoint    ] Total time for which application threads were stopped: 0.0006751 seconds, Stopping threads took: 0.0000150 seconds
[2019-12-09T01:52:44.838+0000][1][safepoint    ] Application time: 1.0232182 seconds
[2019-12-09T01:52:44.932+0000][1][safepoint    ] Entering safepoint region: Cleanup
[2019-12-09T01:52:44.932+0000][1][safepoint    ] Leaving safepoint region
[2019-12-09T01:52:44.932+0000][1][safepoint    ] Total time for which application threads were stopped: 0.0938210 seconds, Stopping threads took: 0.0937209 seconds
[2019-12-09T01:52:45.633+0000][1][safepoint    ] Application time: 0.7008501 seconds
[2019-12-09T01:52:45.633+0000][1][safepoint    ] Entering safepoint region: RevokeBias
[2019-12-09T01:52:45.633+0000][1][safepoint    ] Leaving safepoint region
[2019-12-09T01:52:45.633+0000][1][safepoint    ] Total time for which application threads were stopped: 0.0000961 seconds, Stopping threads took: 0.0000166 seconds
[2019-12-09T01:52:45.633+0000][1][safepoint    ] Application time: 0.0001926 seconds
[2019-12-09T01:52:45.633+0000][1][safepoint    ] Entering safepoint region: RevokeBias
[2019-12-09T01:52:45.633+0000][1][safepoint    ] Leaving safepoint region
[2019-12-09T01:52:45.633+0000][1][safepoint    ] Total time for which application threads were stopped: 0.0000394 seconds, Stopping threads took: 0.0000087 seconds
[2019-12-09T01:52:45.639+0000][1][safepoint    ] Application time: 0.0057252 seconds
[2019-12-09T01:52:45.639+0000][1][safepoint    ] Entering safepoint region: RevokeBias
[2019-12-09T01:52:45.639+0000][1][safepoint    ] Leaving safepoint region
[2019-12-09T01:52:45.639+0000][1][safepoint    ] Total time for which application threads were stopped: 0.0000748 seconds, Stopping threads took: 0.0000155 seconds
[2019-12-09T01:52:45.639+0000][1][safepoint    ] Application time: 0.0003304 seconds
[2019-12-09T01:52:45.639+0000][1][safepoint    ] Entering safepoint region: RevokeBias
[2019-12-09T01:52:45.639+0000][1][safepoint    ] Leaving safepoint region
[2019-12-09T01:52:45.639+0000][1][safepoint    ] Total time for which application threads were stopped: 0.0000429 seconds, Stopping threads took: 0.0000091 seconds
[2019-12-09T01:52:45.640+0000][1][safepoint    ] Application time: 0.0001454 seconds
[2019-12-09T01:52:45.640+0000][1][safepoint    ] Entering safepoint region: RevokeBias
[2019-12-09T01:52:45.640+0000][1][safepoint    ] Leaving safepoint region
[2019-12-09T01:52:45.640+0000][1][safepoint    ] Total time for which application threads were stopped: 0.0000336 seconds, Stopping threads took: 0.0000078 seconds
[2019-12-09T01:52:45.640+0000][1][safepoint    ] Application time: 0.0001052 seconds
[2019-12-09T01:52:45.640+0000][1][safepoint    ] Entering safepoint region: RevokeBias
[2019-12-09T01:52:45.640+0000][1][safepoint    ] Leaving safepoint region
[2019-12-09T01:52:45.640+0000][1][safepoint    ] Total time for which application threads were stopped: 0.0000353 seconds, Stopping threads took: 0.0000077 seconds
[2019-12-09T01:52:45.640+0000][1][safepoint    ] Application time: 0.0001169 seconds
[2019-12-09T01:52:45.640+0000][1][safepoint    ] Entering safepoint region: RevokeBias
[2019-12-09T01:52:45.640+0000][1][safepoint    ] Leaving safepoint region
[2019-12-09T01:52:45.640+0000][1][safepoint    ] Total time for which application threads were stopped: 0.0000363 seconds, Stopping threads took: 0.0000069 seconds
[2019-12-09T01:52:45.640+0000][1][safepoint    ] Application time: 0.0001310 seconds
[2019-12-09T01:52:45.640+0000][1][safepoint    ] Entering safepoint region: RevokeBias
[2019-12-09T01:52:45.640+0000][1][safepoint    ] Leaving safepoint region
[2019-12-09T01:52:45.640+0000][1][safepoint    ] Total time for which application threads were stopped: 0.0000329 seconds, Stopping threads took: 0.0000071 seconds
[2019-12-09T01:52:45.640+0000][1][safepoint    ] Application time: 0.0001359 seconds
[2019-12-09T01:52:45.640+0000][1][safepoint    ] Entering safepoint region: RevokeBias
[2019-12-09T01:52:45.640+0000][1][safepoint    ] Leaving safepoint region
[2019-12-09T01:52:45.640+0000][1][safepoint    ] Total time for which application threads were stopped: 0.0000320 seconds, Stopping threads took: 0.0000070 seconds
[2019-12-09T01:52:46.644+0000][1][safepoint    ] Application time: 1.0033615 seconds
[2019-12-09T01:52:46.673+0000][1][safepoint    ] Entering safepoint region: Cleanup
[2019-12-09T01:52:46.673+0000][1][safepoint    ] Leaving safepoint region
[2019-12-09T01:52:46.673+0000][1][safepoint    ] Total time for which application threads were stopped: 0.0293006 seconds, Stopping threads took: 0.0292257 seconds
[2019-12-09T01:52:47.431+0000][1][safepoint    ] Application time: 0.7577568 seconds
[2019-12-09T01:52:47.431+0000][1][safepoint    ] Entering safepoint region: BulkRevokeBias
[2019-12-09T01:52:47.431+0000][1][safepoint    ] Leaving safepoint region
[2019-12-09T01:52:47.431+0000][1][safepoint    ] Total time for which application threads were stopped: 0.0002169 seconds, Stopping threads took: 0.0000160 seconds
[2019-12-09T01:52:48.304+0000][1][safepoint    ] Application time: 0.8726501 seconds
[2019-12-09T01:52:48.304+0000][1][safepoint    ] Entering safepoint region: Deoptimize
[2019-12-09T01:52:48.304+0000][1][safepoint    ] Leaving safepoint region
[2019-12-09T01:52:48.304+0000][1][safepoint    ] Total time for which application threads were stopped: 0.0006413 seconds, Stopping threads took: 0.0000149 seconds
[2019-12-09T01:52:48.387+0000][1][safepoint    ] Application time: 0.0822683 seconds
[2019-12-09T01:52:48.387+0000][1][safepoint    ] Entering safepoint region: RevokeBias
[2019-12-09T01:52:48.387+0000][1][safepoint    ] Leaving safepoint region
[2019-12-09T01:52:48.387+0000][1][safepoint    ] Total time for which application threads were stopped: 0.0001438 seconds, Stopping threads took: 0.0000161 seconds
[2019-12-09T01:52:48.391+0000][1][safepoint    ] Application time: 0.0038748 seconds
[2019-12-09T01:52:48.391+0000][1][safepoint    ] Entering safepoint region: RevokeBias
[2019-12-09T01:52:48.391+0000][1][safepoint    ] Leaving safepoint region
[2019-12-09T01:52:48.391+0000][1][safepoint    ] Total time for which application threads were stopped: 0.0003049 seconds, Stopping threads took: 0.0001328 seconds
[2019-12-09T01:52:48.391+0000][1][safepoint    ] Application time: 0.0001373 seconds
[2019-12-09T01:52:48.391+0000][1][safepoint    ] Entering safepoint region: RevokeBias
[2019-12-09T01:52:48.391+0000][1][safepoint    ] Leaving safepoint region
[2019-12-09T01:52:48.391+0000][1][safepoint    ] Total time for which application threads were stopped: 0.0001420 seconds, Stopping threads took: 0.0000167 seconds
[2019-12-09T01:52:48.392+0000][1][safepoint    ] Application time: 0.0000981 seconds
[2019-12-09T01:52:48.392+0000][1][safepoint    ] Entering safepoint region: RevokeBias
[2019-12-09T01:52:48.392+0000][1][safepoint    ] Leaving safepoint region
[2019-12-09T01:52:48.392+0000][1][safepoint    ] Total time for which application threads were stopped: 0.0001389 seconds, Stopping threads took: 0.0000129 seconds
[2019-12-09T01:52:48.392+0000][1][safepoint    ] Application time: 0.0000730 seconds
[2019-12-09T01:52:48.392+0000][1][safepoint    ] Entering safepoint region: RevokeBias
[2019-12-09T01:52:48.392+0000][1][safepoint    ] Leaving safepoint region
[2019-12-09T01:52:48.392+0000][1][safepoint    ] Total time for which application threads were stopped: 0.0000567 seconds, Stopping threads took: 0.0000084 seconds
[2019-12-09T01:52:48.392+0000][1][safepoint    ] Application time: 0.0000619 seconds
[2019-12-09T01:52:48.392+0000][1][safepoint    ] Entering safepoint region: RevokeBias
[2019-12-09T01:52:48.392+0000][1][safepoint    ] Leaving safepoint region
[2019-12-09T01:52:48.392+0000][1][safepoint    ] Total time for which application threads were stopped: 0.0000486 seconds, Stopping threads took: 0.0000076 seconds
[2019-12-09T01:52:48.392+0000][1][safepoint    ] Application time: 0.0000525 seconds
[2019-12-09T01:52:48.392+0000][1][safepoint    ] Entering safepoint region: RevokeBias
[2019-12-09T01:52:48.392+0000][1][safepoint    ] Leaving safepoint region
[2019-12-09T01:52:48.392+0000][1][safepoint    ] Total time for which application threads were stopped: 0.0000463 seconds, Stopping threads took: 0.0000076 seconds
[2019-12-09T01:52:48.392+0000][1][safepoint    ] Application time: 0.0000539 seconds
[2019-12-09T01:52:48.392+0000][1][safepoint    ] Entering safepoint region: RevokeBias
[2019-12-09T01:52:48.392+0000][1][safepoint    ] Leaving safepoint region
[2019-12-09T01:52:48.392+0000][1][safepoint    ] Total time for which application threads were stopped: 0.0000444 seconds, Stopping threads took: 0.0000074 seconds
[2019-12-09T01:52:48.451+0000][1][safepoint    ] Application time: 0.0585440 seconds
[2019-12-09T01:52:48.451+0000][1][safepoint    ] Entering safepoint region: RevokeBias
[2019-12-09T01:52:48.451+0000][1][safepoint    ] Leaving safepoint region
[2019-12-09T01:52:48.451+0000][1][safepoint    ] Total time for which application threads were stopped: 0.0000895 seconds, Stopping threads took: 0.0000158 seconds
[2019-12-09T01:52:48.461+0000][1][safepoint    ] Application time: 0.0103737 seconds
[2019-12-09T01:52:48.461+0000][1][safepoint    ] Entering safepoint region: RevokeBias
[2019-12-09T01:52:48.461+0000][1][safepoint    ] Leaving safepoint region
[2019-12-09T01:52:48.461+0000][1][safepoint    ] Total time for which application threads were stopped: 0.0001435 seconds, Stopping threads took: 0.0000142 seconds
[2019-12-09T01:52:48.463+0000][1][safepoint    ] Application time: 0.0010963 seconds
[2019-12-09T01:52:48.463+0000][1][safepoint    ] Entering safepoint region: RevokeBias
[2019-12-09T01:52:48.463+0000][1][safepoint    ] Leaving safepoint region
[2019-12-09T01:52:48.463+0000][1][safepoint    ] Total time for which application threads were stopped: 0.0000691 seconds, Stopping threads took: 0.0000128 seconds
[2019-12-09T01:52:48.463+0000][1][safepoint    ] Application time: 0.0005103 seconds
[2019-12-09T01:52:48.463+0000][1][safepoint    ] Entering safepoint region: RevokeBias
[2019-12-09T01:52:48.463+0000][1][safepoint    ] Leaving safepoint region
[2019-12-09T01:52:48.463+0000][1][safepoint    ] Total time for which application threads were stopped: 0.0000643 seconds, Stopping threads took: 0.0000107 seconds
[2019-12-09T01:52:48.473+0000][1][safepoint    ] Application time: 0.0095005 seconds
[2019-12-09T01:52:48.473+0000][1][safepoint    ] Entering safepoint region: RevokeBias
[2019-12-09T01:52:48.473+0000][1][safepoint    ] Leaving safepoint region
[2019-12-09T01:52:48.473+0000][1][safepoint    ] Total time for which application threads were stopped: 0.0000623 seconds, Stopping threads took: 0.0000122 seconds
[2019-12-09T01:52:48.473+0000][1][safepoint    ] Application time: 0.0001187 seconds
[2019-12-09T01:52:48.473+0000][1][safepoint    ] Entering safepoint region: RevokeBias
[2019-12-09T01:52:48.473+0000][1][safepoint    ] Leaving safepoint region
[2019-12-09T01:52:48.473+0000][1][safepoint    ] Total time for which application threads were stopped: 0.0000535 seconds, Stopping threads took: 0.0000092 seconds
[2019-12-09T01:52:48.473+0000][1][safepoint    ] Application time: 0.0003330 seconds
[2019-12-09T01:52:48.473+0000][1][safepoint    ] Entering safepoint region: RevokeBias
[2019-12-09T01:52:48.473+0000][1][safepoint    ] Leaving safepoint region
[2019-12-09T01:52:48.473+0000][1][safepoint    ] Total time for which application threads were stopped: 0.0000532 seconds, Stopping threads took: 0.0000107 seconds
[2019-12-09T01:52:48.474+0000][1][safepoint    ] Application time: 0.0002327 seconds
[2019-12-09T01:52:48.474+0000][1][safepoint    ] Entering safepoint region: RevokeBias
[2019-12-09T01:52:48.474+0000][1][safepoint    ] Leaving safepoint region
[2019-12-09T01:52:48.474+0000][1][safepoint    ] Total time for which application threads were stopped: 0.0000594 seconds, Stopping threads took: 0.0000110 seconds
[2019-12-09T01:52:48.474+0000][1][safepoint    ] Application time: 0.0000616 seconds
[2019-12-09T01:52:48.474+0000][1][safepoint    ] Entering safepoint region: RevokeBias
[2019-12-09T01:52:48.474+0000][1][safepoint    ] Leaving safepoint region
[2019-12-09T01:52:48.474+0000][1][safepoint    ] Total time for which application threads were stopped: 0.0000470 seconds, Stopping threads took: 0.0000086 seconds
[2019-12-09T01:52:48.474+0000][1][safepoint    ] Application time: 0.0001071 seconds
[2019-12-09T01:52:48.474+0000][1][safepoint    ] Entering safepoint region: RevokeBias
[2019-12-09T01:52:48.474+0000][1][safepoint    ] Leaving safepoint region
[2019-12-09T01:52:48.474+0000][1][safepoint    ] Total time for which application threads were stopped: 0.0000468 seconds, Stopping threads took: 0.0000082 seconds
[2019-12-09T01:52:48.475+0000][1][safepoint    ] Application time: 0.0006229 seconds
[2019-12-09T01:52:48.475+0000][1][safepoint    ] Entering safepoint region: RevokeBias
[2019-12-09T01:52:48.475+0000][1][safepoint    ] Leaving safepoint region
[2019-12-09T01:52:48.475+0000][1][safepoint    ] Total time for which application threads were stopped: 0.0000561 seconds, Stopping threads took: 0.0000115 seconds
[2019-12-09T01:52:48.483+0000][1][safepoint    ] Application time: 0.0080067 seconds
[2019-12-09T01:52:48.483+0000][1][safepoint    ] Entering safepoint region: RevokeBias
[2019-12-09T01:52:48.483+0000][1][safepoint    ] Leaving safepoint region
[2019-12-09T01:52:48.483+0000][1][safepoint    ] Total time for which application threads were stopped: 0.0001432 seconds, Stopping threads took: 0.0000096 seconds
[2019-12-09T01:52:48.483+0000][1][safepoint    ] Application time: 0.0000528 seconds
[2019-12-09T01:52:48.483+0000][1][safepoint    ] Entering safepoint region: BulkRevokeBias
[2019-12-09T01:52:48.483+0000][1][safepoint    ] Leaving safepoint region
[2019-12-09T01:52:48.483+0000][1][safepoint    ] Total time for which application threads were stopped: 0.0003039 seconds, Stopping threads took: 0.0000070 seconds
[2019-12-09T01:52:48.485+0000][1][safepoint    ] Application time: 0.0012682 seconds
[2019-12-09T01:52:48.485+0000][1][safepoint    ] Entering safepoint region: RevokeBias
[2019-12-09T01:52:48.485+0000][1][safepoint    ] Leaving safepoint region
[2019-12-09T01:52:48.485+0000][1][safepoint    ] Total time for which application threads were stopped: 0.0000827 seconds, Stopping threads took: 0.0000106 seconds
[2019-12-09T01:52:48.505+0000][1][safepoint    ] Application time: 0.0203447 seconds
[2019-12-09T01:52:48.505+0000][1][safepoint    ] Entering safepoint region: RevokeBias
[2019-12-09T01:52:48.505+0000][1][safepoint    ] Leaving safepoint region
[2019-12-09T01:52:48.505+0000][1][safepoint    ] Total time for which application threads were stopped: 0.0001722 seconds, Stopping threads took: 0.0000134 seconds
[2019-12-09T01:52:48.517+0000][1][safepoint    ] Application time: 0.0113315 seconds
[2019-12-09T01:52:48.517+0000][1][safepoint    ] Entering safepoint region: Deoptimize
[2019-12-09T01:52:48.517+0000][1][safepoint    ] Leaving safepoint region
[2019-12-09T01:52:48.517+0000][1][safepoint    ] Total time for which application threads were stopped: 0.0006565 seconds, Stopping threads took: 0.0000122 seconds
[2019-12-09T01:52:48.742+0000][1][safepoint    ] Application time: 0.2242572 seconds
[2019-12-09T01:52:48.773+0000][1][safepoint    ] Entering safepoint region: RevokeBias
[2019-12-09T01:52:48.773+0000][1][safepoint    ] Leaving safepoint region
[2019-12-09T01:52:48.773+0000][1][safepoint    ] Total time for which application threads were stopped: 0.0316262 seconds, Stopping threads took: 0.0315288 seconds
[2019-12-09T01:52:48.782+0000][1][safepoint    ] Application time: 0.0084576 seconds
[2019-12-09T01:52:48.798+0000][1][safepoint    ] Entering safepoint region: RevokeBias
[2019-12-09T01:52:48.798+0000][1][safepoint    ] Leaving safepoint region
[2019-12-09T01:52:48.798+0000][1][safepoint    ] Total time for which application threads were stopped: 0.0162227 seconds, Stopping threads took: 0.0161275 seconds
[2019-12-09T01:52:48.798+0000][1][safepoint    ] Application time: 0.0000793 seconds
[2019-12-09T01:52:48.798+0000][1][safepoint    ] Entering safepoint region: RevokeBias
[2019-12-09T01:52:48.798+0000][1][safepoint    ] Leaving safepoint region
[2019-12-09T01:52:48.798+0000][1][safepoint    ] Total time for which application threads were stopped: 0.0000776 seconds, Stopping threads took: 0.0000098 seconds
[2019-12-09T01:52:48.798+0000][1][safepoint    ] Application time: 0.0001483 seconds
[2019-12-09T01:52:48.798+0000][1][safepoint    ] Entering safepoint region: RevokeBias
[2019-12-09T01:52:48.798+0000][1][safepoint    ] Leaving safepoint region
[2019-12-09T01:52:48.798+0000][1][safepoint    ] Total time for which application threads were stopped: 0.0000799 seconds, Stopping threads took: 0.0000098 seconds
[2019-12-09T01:52:48.809+0000][1][safepoint    ] Application time: 0.0105762 seconds
[2019-12-09T01:52:48.842+0000][1][safepoint    ] Entering safepoint region: RevokeBias
[2019-12-09T01:52:48.842+0000][1][safepoint    ] Leaving safepoint region
[2019-12-09T01:52:48.842+0000][1][safepoint    ] Total time for which application threads were stopped: 0.0328767 seconds, Stopping threads took: 0.0328162 seconds
[2019-12-09T01:52:48.922+0000][1][safepoint    ] Application time: 0.0798963 seconds
[2019-12-09T01:52:48.967+0000][1][safepoint    ] Entering safepoint region: RevokeBias
[2019-12-09T01:52:48.967+0000][1][safepoint    ] Leaving safepoint region
[2019-12-09T01:52:48.967+0000][1][safepoint    ] Total time for which application threads were stopped: 0.0457291 seconds, Stopping threads took: 0.0456556 seconds
[2019-12-09T01:52:48.971+0000][1][safepoint    ] Application time: 0.0034655 seconds
[2019-12-09T01:52:48.982+0000][1][safepoint    ] Entering safepoint region: RevokeBias
[2019-12-09T01:52:48.982+0000][1][safepoint    ] Leaving safepoint region
[2019-12-09T01:52:48.982+0000][1][safepoint    ] Total time for which application threads were stopped: 0.0109307 seconds, Stopping threads took: 0.0108361 seconds
[2019-12-09T01:52:48.998+0000][1][safepoint    ] Application time: 0.0160745 seconds
[2019-12-09T01:52:48.998+0000][1][safepoint    ] Entering safepoint region: RevokeBias
[2019-12-09T01:52:48.998+0000][1][safepoint    ] Leaving safepoint region
[2019-12-09T01:52:48.998+0000][1][safepoint    ] Total time for which application threads were stopped: 0.0001471 seconds, Stopping threads took: 0.0000149 seconds
[2019-12-09T01:52:48.998+0000][1][safepoint    ] Application time: 0.0001101 seconds
[2019-12-09T01:52:48.998+0000][1][safepoint    ] Entering safepoint region: RevokeBias
[2019-12-09T01:52:48.998+0000][1][safepoint    ] Leaving safepoint region
[2019-12-09T01:52:48.998+0000][1][safepoint    ] Total time for which application threads were stopped: 0.0000723 seconds, Stopping threads took: 0.0000102 seconds
[2019-12-09T01:52:48.999+0000][1][safepoint    ] Application time: 0.0004132 seconds
[2019-12-09T01:52:48.999+0000][1][safepoint    ] Entering safepoint region: RevokeBias
[2019-12-09T01:52:48.999+0000][1][safepoint    ] Leaving safepoint region
[2019-12-09T01:52:48.999+0000][1][safepoint    ] Total time for which application threads were stopped: 0.0001194 seconds, Stopping threads took: 0.0000128 seconds
[2019-12-09T01:52:48.999+0000][1][safepoint    ] Application time: 0.0000803 seconds
[2019-12-09T01:52:48.999+0000][1][safepoint    ] Entering safepoint region: RevokeBias
[2019-12-09T01:52:48.999+0000][1][safepoint    ] Leaving safepoint region
[2019-12-09T01:52:48.999+0000][1][safepoint    ] Total time for which application threads were stopped: 0.0000707 seconds, Stopping threads took: 0.0000096 seconds
[2019-12-09T01:52:48.999+0000][1][safepoint    ] Application time: 0.0000603 seconds
[2019-12-09T01:52:48.999+0000][1][safepoint    ] Entering safepoint region: RevokeBias
[2019-12-09T01:52:48.999+0000][1][safepoint    ] Leaving safepoint region
[2019-12-09T01:52:48.999+0000][1][safepoint    ] Total time for which application threads were stopped: 0.0000576 seconds, Stopping threads took: 0.0000084 seconds
[2019-12-09T01:52:49.012+0000][1][safepoint    ] Application time: 0.0123515 seconds
[2019-12-09T01:52:49.012+0000][1][safepoint    ] Entering safepoint region: RevokeBias
[2019-12-09T01:52:49.012+0000][1][safepoint    ] Leaving safepoint region
[2019-12-09T01:52:49.012+0000][1][safepoint    ] Total time for which application threads were stopped: 0.0001486 seconds, Stopping threads took: 0.0000131 seconds
[2019-12-09T01:52:49.012+0000][1][safepoint    ] Application time: 0.0001009 seconds
[2019-12-09T01:52:49.012+0000][1][safepoint    ] Entering safepoint region: RevokeBias
[2019-12-09T01:52:49.012+0000][1][safepoint    ] Leaving safepoint region
[2019-12-09T01:52:49.012+0000][1][safepoint    ] Total time for which application threads were stopped: 0.0000702 seconds, Stopping threads took: 0.0000092 seconds
[2019-12-09T01:52:49.020+0000][1][safepoint    ] Application time: 0.0076305 seconds
[2019-12-09T01:52:49.020+0000][1][safepoint    ] Entering safepoint region: RevokeBias
[2019-12-09T01:52:49.020+0000][1][safepoint    ] Leaving safepoint region
[2019-12-09T01:52:49.020+0000][1][safepoint    ] Total time for which application threads were stopped: 0.0001027 seconds, Stopping threads took: 0.0000130 seconds
[2019-12-09T01:52:49.026+0000][1][safepoint    ] Application time: 0.0064483 seconds
[2019-12-09T01:52:49.026+0000][1][safepoint    ] Entering safepoint region: RevokeBias
[2019-12-09T01:52:49.026+0000][1][safepoint    ] Leaving safepoint region
[2019-12-09T01:52:49.026+0000][1][safepoint    ] Total time for which application threads were stopped: 0.0001790 seconds, Stopping threads took: 0.0000785 seconds
[2019-12-09T01:52:49.037+0000][1][safepoint    ] Application time: 0.0103671 seconds
[2019-12-09T01:52:49.037+0000][1][safepoint    ] Entering safepoint region: RevokeBias
[2019-12-09T01:52:49.037+0000][1][safepoint    ] Leaving safepoint region
[2019-12-09T01:52:49.037+0000][1][safepoint    ] Total time for which application threads were stopped: 0.0000828 seconds, Stopping threads took: 0.0000137 seconds
[2019-12-09T01:52:49.037+0000][1][safepoint    ] Application time: 0.0005466 seconds
[2019-12-09T01:52:49.037+0000][1][safepoint    ] Entering safepoint region: RevokeBias
[2019-12-09T01:52:49.038+0000][1][safepoint    ] Leaving safepoint region
[2019-12-09T01:52:49.038+0000][1][safepoint    ] Total time for which application threads were stopped: 0.0000927 seconds, Stopping threads took: 0.0000122 seconds
[2019-12-09T01:52:49.038+0000][1][safepoint    ] Application time: 0.0000817 seconds
[2019-12-09T01:52:49.038+0000][1][safepoint    ] Entering safepoint region: RevokeBias
[2019-12-09T01:52:49.038+0000][1][safepoint    ] Leaving safepoint region
[2019-12-09T01:52:49.038+0000][1][safepoint    ] Total time for which application threads were stopped: 0.0000871 seconds, Stopping threads took: 0.0000095 seconds
[2019-12-09T01:52:49.038+0000][1][safepoint    ] Application time: 0.0001408 seconds
[2019-12-09T01:52:49.038+0000][1][safepoint    ] Entering safepoint region: RevokeBias
[2019-12-09T01:52:49.038+0000][1][safepoint    ] Leaving safepoint region
[2019-12-09T01:52:49.038+0000][1][safepoint    ] Total time for which application threads were stopped: 0.0000638 seconds, Stopping threads took: 0.0000104 seconds
[2019-12-09T01:52:49.038+0000][1][safepoint    ] Application time: 0.0003066 seconds
[2019-12-09T01:52:49.038+0000][1][safepoint    ] Entering safepoint region: RevokeBias
[2019-12-09T01:52:49.039+0000][1][safepoint    ] Leaving safepoint region
[2019-12-09T01:52:49.039+0000][1][safepoint    ] Total time for which application threads were stopped: 0.0002305 seconds, Stopping threads took: 0.0000105 seconds
[2019-12-09T01:52:49.039+0000][1][safepoint    ] Application time: 0.0001184 seconds
[2019-12-09T01:52:49.039+0000][1][safepoint    ] Entering safepoint region: RevokeBias
[2019-12-09T01:52:49.039+0000][1][safepoint    ] Leaving safepoint region
[2019-12-09T01:52:49.039+0000][1][safepoint    ] Total time for which application threads were stopped: 0.0000882 seconds, Stopping threads took: 0.0000098 seconds
[2019-12-09T01:52:49.039+0000][1][safepoint    ] Application time: 0.0000595 seconds
[2019-12-09T01:52:49.039+0000][1][safepoint    ] Entering safepoint region: RevokeBias
[2019-12-09T01:52:49.039+0000][1][safepoint    ] Leaving safepoint region
[2019-12-09T01:52:49.039+0000][1][safepoint    ] Total time for which application threads were stopped: 0.0000577 seconds, Stopping threads took: 0.0000091 seconds
[2019-12-09T01:52:49.039+0000][1][safepoint    ] Application time: 0.0005920 seconds
[2019-12-09T01:52:49.039+0000][1][safepoint    ] Entering safepoint region: RevokeBias
[2019-12-09T01:52:49.040+0000][1][safepoint    ] Leaving safepoint region
[2019-12-09T01:52:49.040+0000][1][safepoint    ] Total time for which application threads were stopped: 0.0000737 seconds, Stopping threads took: 0.0000117 seconds
[2019-12-09T01:52:49.040+0000][1][safepoint    ] Application time: 0.0006642 seconds
[2019-12-09T01:52:49.040+0000][1][safepoint    ] Entering safepoint region: RevokeBias
[2019-12-09T01:52:49.040+0000][1][safepoint    ] Leaving safepoint region
[2019-12-09T01:52:49.040+0000][1][safepoint    ] Total time for which application threads were stopped: 0.0000575 seconds, Stopping threads took: 0.0000126 seconds
[2019-12-09T01:52:49.055+0000][1][safepoint    ] Application time: 0.0145895 seconds
[2019-12-09T01:52:49.084+0000][1][safepoint    ] Entering safepoint region: RevokeBias
[2019-12-09T01:52:49.084+0000][1][safepoint    ] Leaving safepoint region
[2019-12-09T01:52:49.084+0000][1][safepoint    ] Total time for which application threads were stopped: 0.0293347 seconds, Stopping threads took: 0.0292703 seconds
[2019-12-09T01:52:49.086+0000][1][safepoint    ] Application time: 0.0012271 seconds
[2019-12-09T01:52:49.086+0000][1][safepoint    ] Entering safepoint region: RevokeBias
[2019-12-09T01:52:49.086+0000][1][safepoint    ] Leaving safepoint region
[2019-12-09T01:52:49.086+0000][1][safepoint    ] Total time for which application threads were stopped: 0.0000790 seconds, Stopping threads took: 0.0000123 seconds
[2019-12-09T01:52:49.087+0000][1][safepoint    ] Application time: 0.0011030 seconds
[2019-12-09T01:52:49.087+0000][1][safepoint    ] Entering safepoint region: RevokeBias
[2019-12-09T01:52:49.087+0000][1][safepoint    ] Leaving safepoint region
[2019-12-09T01:52:49.087+0000][1][safepoint    ] Total time for which application threads were stopped: 0.0004960 seconds, Stopping threads took: 0.0004103 seconds
[2019-12-09T01:52:49.186+0000][1][safepoint    ] Application time: 0.0991492 seconds
[2019-12-09T01:52:49.216+0000][1][safepoint    ] Entering safepoint region: RevokeBias
[2019-12-09T01:52:49.216+0000][1][safepoint    ] Leaving safepoint region
[2019-12-09T01:52:49.216+0000][1][safepoint    ] Total time for which application threads were stopped: 0.0294567 seconds, Stopping threads took: 0.0293771 seconds
[2019-12-09T01:52:49.222+0000][1][safepoint    ] Application time: 0.0062221 seconds
[2019-12-09T01:52:49.222+0000][1][safepoint    ] Entering safepoint region: RevokeBias
[2019-12-09T01:52:49.222+0000][1][safepoint    ] Leaving safepoint region
[2019-12-09T01:52:49.222+0000][1][safepoint    ] Total time for which application threads were stopped: 0.0001222 seconds, Stopping threads took: 0.0000629 seconds
[2019-12-09T01:52:49.223+0000][1][safepoint    ] Application time: 0.0006957 seconds
[2019-12-09T01:52:49.223+0000][1][safepoint    ] Entering safepoint region: RevokeBias
[2019-12-09T01:52:49.223+0000][1][safepoint    ] Leaving safepoint region
[2019-12-09T01:52:49.223+0000][1][safepoint    ] Total time for which application threads were stopped: 0.0000648 seconds, Stopping threads took: 0.0000131 seconds
[2019-12-09T01:52:49.223+0000][1][safepoint    ] Application time: 0.0001626 seconds
[2019-12-09T01:52:49.223+0000][1][safepoint    ] Entering safepoint region: RevokeBias
[2019-12-09T01:52:49.223+0000][1][safepoint    ] Leaving safepoint region
[2019-12-09T01:52:49.223+0000][1][safepoint    ] Total time for which application threads were stopped: 0.0000661 seconds, Stopping threads took: 0.0000101 seconds
[2019-12-09T01:52:49.223+0000][1][safepoint    ] Application time: 0.0001359 seconds
[2019-12-09T01:52:49.223+0000][1][safepoint    ] Entering safepoint region: RevokeBias
[2019-12-09T01:52:49.224+0000][1][safepoint    ] Leaving safepoint region
[2019-12-09T01:52:49.224+0000][1][safepoint    ] Total time for which application threads were stopped: 0.0000638 seconds, Stopping threads took: 0.0000108 seconds
[2019-12-09T01:52:49.224+0000][1][safepoint    ] Application time: 0.0004995 seconds
[2019-12-09T01:52:49.224+0000][1][safepoint    ] Entering safepoint region: RevokeBias
[2019-12-09T01:52:49.224+0000][1][safepoint    ] Leaving safepoint region
[2019-12-09T01:52:49.224+0000][1][safepoint    ] Total time for which application threads were stopped: 0.0000719 seconds, Stopping threads took: 0.0000111 seconds
[2019-12-09T01:52:49.224+0000][1][safepoint    ] Application time: 0.0001960 seconds
[2019-12-09T01:52:49.224+0000][1][safepoint    ] Entering safepoint region: RevokeBias
[2019-12-09T01:52:49.224+0000][1][safepoint    ] Leaving safepoint region
[2019-12-09T01:52:49.224+0000][1][safepoint    ] Total time for which application threads were stopped: 0.0000588 seconds, Stopping threads took: 0.0000098 seconds
[2019-12-09T01:52:49.340+0000][1][safepoint    ] Application time: 0.1157533 seconds
[2019-12-09T01:52:49.393+0000][1][safepoint    ] Entering safepoint region: RevokeBias
[2019-12-09T01:52:49.393+0000][1][safepoint    ] Leaving safepoint region
[2019-12-09T01:52:49.393+0000][1][safepoint    ] Total time for which application threads were stopped: 0.0526396 seconds, Stopping threads took: 0.0525282 seconds
[2019-12-09T01:52:49.409+0000][1][safepoint    ] Application time: 0.0158487 seconds
[2019-12-09T01:52:49.409+0000][1][safepoint    ] Entering safepoint region: RevokeBias
[2019-12-09T01:52:49.409+0000][1][safepoint    ] Leaving safepoint region
[2019-12-09T01:52:49.409+0000][1][safepoint    ] Total time for which application threads were stopped: 0.0002119 seconds, Stopping threads took: 0.0000951 seconds
[2019-12-09T01:52:49.410+0000][1][safepoint    ] Application time: 0.0007015 seconds
[2019-12-09T01:52:49.410+0000][1][safepoint    ] Entering safepoint region: RevokeBias
[2019-12-09T01:52:49.410+0000][1][safepoint    ] Leaving safepoint region
[2019-12-09T01:52:49.410+0000][1][safepoint    ] Total time for which application threads were stopped: 0.0000977 seconds, Stopping threads took: 0.0000156 seconds
[2019-12-09T01:52:49.412+0000][1][safepoint    ] Application time: 0.0020997 seconds
[2019-12-09T01:52:49.412+0000][1][safepoint    ] Entering safepoint region: RevokeBias
[2019-12-09T01:52:49.412+0000][1][safepoint    ] Leaving safepoint region
[2019-12-09T01:52:49.412+0000][1][safepoint    ] Total time for which application threads were stopped: 0.0000853 seconds, Stopping threads took: 0.0000117 seconds
[2019-12-09T01:52:49.424+0000][1][safepoint    ] Application time: 0.0116194 seconds
[2019-12-09T01:52:49.444+0000][1][safepoint    ] Entering safepoint region: RevokeBias
[2019-12-09T01:52:49.444+0000][1][safepoint    ] Leaving safepoint region
[2019-12-09T01:52:49.444+0000][1][safepoint    ] Total time for which application threads were stopped: 0.0204737 seconds, Stopping threads took: 0.0203944 seconds
[2019-12-09T01:52:49.457+0000][1][safepoint    ] Application time: 0.0127559 seconds
[2019-12-09T01:52:49.457+0000][1][safepoint    ] Entering safepoint region: RevokeBias
[2019-12-09T01:52:49.457+0000][1][safepoint    ] Leaving safepoint region
[2019-12-09T01:52:49.457+0000][1][safepoint    ] Total time for which application threads were stopped: 0.0001226 seconds, Stopping threads took: 0.0000579 seconds
[2019-12-09T01:52:49.467+0000][1][safepoint    ] Application time: 0.0094499 seconds
[2019-12-09T01:52:49.467+0000][1][safepoint    ] Entering safepoint region: RevokeBias
[2019-12-09T01:52:49.467+0000][1][safepoint    ] Leaving safepoint region
[2019-12-09T01:52:49.467+0000][1][safepoint    ] Total time for which application threads were stopped: 0.0001288 seconds, Stopping threads took: 0.0000641 seconds
[2019-12-09T01:52:49.467+0000][1][safepoint    ] Application time: 0.0008230 seconds
[2019-12-09T01:52:49.468+0000][1][safepoint    ] Entering safepoint region: RevokeBias
[2019-12-09T01:52:49.468+0000][1][safepoint    ] Leaving safepoint region
[2019-12-09T01:52:49.468+0000][1][safepoint    ] Total time for which application threads were stopped: 0.0000905 seconds, Stopping threads took: 0.0000116 seconds
[2019-12-09T01:52:49.468+0000][1][safepoint    ] Application time: 0.0000609 seconds
[2019-12-09T01:52:49.468+0000][1][safepoint    ] Entering safepoint region: RevokeBias
[2019-12-09T01:52:49.468+0000][1][safepoint    ] Leaving safepoint region
[2019-12-09T01:52:49.468+0000][1][safepoint    ] Total time for which application threads were stopped: 0.0000557 seconds, Stopping threads took: 0.0000125 seconds
[2019-12-09T01:52:49.468+0000][1][safepoint    ] Application time: 0.0000963 seconds
[2019-12-09T01:52:49.468+0000][1][safepoint    ] Entering safepoint region: RevokeBias
[2019-12-09T01:52:49.468+0000][1][safepoint    ] Leaving safepoint region
[2019-12-09T01:52:49.468+0000][1][safepoint    ] Total time for which application threads were stopped: 0.0000869 seconds, Stopping threads took: 0.0000090 seconds
[2019-12-09T01:52:49.468+0000][1][safepoint    ] Application time: 0.0001724 seconds
[2019-12-09T01:52:49.468+0000][1][safepoint    ] Entering safepoint region: RevokeBias
[2019-12-09T01:52:49.468+0000][1][safepoint    ] Leaving safepoint region
[2019-12-09T01:52:49.468+0000][1][safepoint    ] Total time for which application threads were stopped: 0.0000540 seconds, Stopping threads took: 0.0000084 seconds
[2019-12-09T01:52:49.474+0000][1][safepoint    ] Application time: 0.0060870 seconds
[2019-12-09T01:52:49.474+0000][1][safepoint    ] Entering safepoint region: RevokeBias
[2019-12-09T01:52:49.474+0000][1][safepoint    ] Leaving safepoint region
[2019-12-09T01:52:49.474+0000][1][safepoint    ] Total time for which application threads were stopped: 0.0000604 seconds, Stopping threads took: 0.0000121 seconds
[2019-12-09T01:52:49.477+0000][1][safepoint    ] Application time: 0.0021856 seconds
[2019-12-09T01:52:49.477+0000][1][safepoint    ] Entering safepoint region: RevokeBias
[2019-12-09T01:52:49.477+0000][1][safepoint    ] Leaving safepoint region
[2019-12-09T01:52:49.477+0000][1][safepoint    ] Total time for which application threads were stopped: 0.0000599 seconds, Stopping threads took: 0.0000122 seconds
[2019-12-09T01:52:49.477+0000][1][safepoint    ] Application time: 0.0000958 seconds
[2019-12-09T01:52:49.477+0000][1][safepoint    ] Entering safepoint region: RevokeBias
[2019-12-09T01:52:49.477+0000][1][safepoint    ] Leaving safepoint region
[2019-12-09T01:52:49.477+0000][1][safepoint    ] Total time for which application threads were stopped: 0.0000568 seconds, Stopping threads took: 0.0000099 seconds
[2019-12-09T01:52:49.479+0000][1][safepoint    ] Application time: 0.0017096 seconds
[2019-12-09T01:52:49.479+0000][1][safepoint    ] Entering safepoint region: RevokeBias
[2019-12-09T01:52:49.479+0000][1][safepoint    ] Leaving safepoint region
[2019-12-09T01:52:49.479+0000][1][safepoint    ] Total time for which application threads were stopped: 0.0000685 seconds, Stopping threads took: 0.0000122 seconds
[2019-12-09T01:52:49.479+0000][1][safepoint    ] Application time: 0.0003413 seconds
[2019-12-09T01:52:49.479+0000][1][safepoint    ] Entering safepoint region: RevokeBias
[2019-12-09T01:52:49.479+0000][1][safepoint    ] Leaving safepoint region
[2019-12-09T01:52:49.479+0000][1][safepoint    ] Total time for which application threads were stopped: 0.0000687 seconds, Stopping threads took: 0.0000106 seconds
[2019-12-09T01:52:49.487+0000][1][safepoint    ] Application time: 0.0075625 seconds
[2019-12-09T01:52:49.487+0000][1][safepoint    ] Entering safepoint region: RevokeBias
[2019-12-09T01:52:49.487+0000][1][safepoint    ] Leaving safepoint region
[2019-12-09T01:52:49.487+0000][1][safepoint    ] Total time for which application threads were stopped: 0.0001753 seconds, Stopping threads took: 0.0001251 seconds
[2019-12-09T01:52:49.489+0000][1][safepoint    ] Application time: 0.0020667 seconds
[2019-12-09T01:52:49.489+0000][1][safepoint    ] Entering safepoint region: RevokeBias
[2019-12-09T01:52:49.489+0000][1][safepoint    ] Leaving safepoint region
[2019-12-09T01:52:49.489+0000][1][safepoint    ] Total time for which application threads were stopped: 0.0000623 seconds, Stopping threads took: 0.0000118 seconds
[2019-12-09T01:52:49.489+0000][1][safepoint    ] Application time: 0.0002701 seconds
[2019-12-09T01:52:49.489+0000][1][safepoint    ] Entering safepoint region: RevokeBias
[2019-12-09T01:52:49.489+0000][1][safepoint    ] Leaving safepoint region
[2019-12-09T01:52:49.489+0000][1][safepoint    ] Total time for which application threads were stopped: 0.0000623 seconds, Stopping threads took: 0.0000114 seconds
[2019-12-09T01:52:49.543+0000][1][safepoint    ] Application time: 0.0541141 seconds
[2019-12-09T01:52:49.554+0000][1][safepoint    ] Entering safepoint region: RevokeBias
[2019-12-09T01:52:49.554+0000][1][safepoint    ] Leaving safepoint region
[2019-12-09T01:52:49.554+0000][1][safepoint    ] Total time for which application threads were stopped: 0.0103805 seconds, Stopping threads took: 0.0102911 seconds
[2019-12-09T01:52:49.593+0000][1][safepoint    ] Application time: 0.0389697 seconds
[2019-12-09T01:52:49.609+0000][1][safepoint    ] Entering safepoint region: RevokeBias
[2019-12-09T01:52:49.609+0000][1][safepoint    ] Leaving safepoint region
[2019-12-09T01:52:49.609+0000][1][safepoint    ] Total time for which application threads were stopped: 0.0161060 seconds, Stopping threads took: 0.0160160 seconds
[2019-12-09T01:52:49.612+0000][1][safepoint    ] Application time: 0.0030042 seconds
[2019-12-09T01:52:49.629+0000][1][safepoint    ] Entering safepoint region: RevokeBias
[2019-12-09T01:52:49.629+0000][1][safepoint    ] Leaving safepoint region
[2019-12-09T01:52:49.629+0000][1][safepoint    ] Total time for which application threads were stopped: 0.0170280 seconds, Stopping threads took: 0.0169329 seconds
[2019-12-09T01:52:49.635+0000][1][safepoint    ] Application time: 0.0055220 seconds
[2019-12-09T01:52:49.635+0000][1][safepoint    ] Entering safepoint region: RevokeBias
[2019-12-09T01:52:49.635+0000][1][safepoint    ] Leaving safepoint region
[2019-12-09T01:52:49.635+0000][1][safepoint    ] Total time for which application threads were stopped: 0.0001134 seconds, Stopping threads took: 0.0000148 seconds
[2019-12-09T01:52:49.648+0000][1][safepoint    ] Application time: 0.0127902 seconds
[2019-12-09T01:52:49.648+0000][1][safepoint    ] Entering safepoint region: RevokeBias
[2019-12-09T01:52:49.648+0000][1][safepoint    ] Leaving safepoint region
[2019-12-09T01:52:49.648+0000][1][safepoint    ] Total time for which application threads were stopped: 0.0000841 seconds, Stopping threads took: 0.0000133 seconds
[2019-12-09T01:52:49.697+0000][1][safepoint    ] Application time: 0.0496572 seconds
[2019-12-09T01:52:49.703+0000][1][safepoint    ] Entering safepoint region: RevokeBias
[2019-12-09T01:52:49.703+0000][1][safepoint    ] Leaving safepoint region
[2019-12-09T01:52:49.703+0000][1][safepoint    ] Total time for which application threads were stopped: 0.0055189 seconds, Stopping threads took: 0.0054198 seconds
[2019-12-09T01:52:49.726+0000][1][safepoint    ] Application time: 0.0227956 seconds
[2019-12-09T01:52:49.726+0000][1][safepoint    ] Entering safepoint region: RevokeBias
[2019-12-09T01:52:49.726+0000][1][safepoint    ] Leaving safepoint region
[2019-12-09T01:52:49.726+0000][1][safepoint    ] Total time for which application threads were stopped: 0.0001242 seconds, Stopping threads took: 0.0000666 seconds
[2019-12-09T01:52:49.728+0000][1][safepoint    ] Application time: 0.0026848 seconds
[2019-12-09T01:52:49.729+0000][1][safepoint    ] Entering safepoint region: RevokeBias
[2019-12-09T01:52:49.729+0000][1][safepoint    ] Leaving safepoint region
[2019-12-09T01:52:49.729+0000][1][safepoint    ] Total time for which application threads were stopped: 0.0002334 seconds, Stopping threads took: 0.0001545 seconds
[2019-12-09T01:52:49.733+0000][1][safepoint    ] Application time: 0.0040390 seconds
[2019-12-09T01:52:49.733+0000][1][safepoint    ] Entering safepoint region: RevokeBias
[2019-12-09T01:52:49.733+0000][1][safepoint    ] Leaving safepoint region
[2019-12-09T01:52:49.733+0000][1][safepoint    ] Total time for which application threads were stopped: 0.0000532 seconds, Stopping threads took: 0.0000107 seconds
[2019-12-09T01:52:49.943+0000][1][safepoint    ] Application time: 0.2099339 seconds
[2019-12-09T01:52:49.943+0000][1][safepoint    ] Entering safepoint region: RevokeBias
[2019-12-09T01:52:49.943+0000][1][safepoint    ] Leaving safepoint region
[2019-12-09T01:52:49.943+0000][1][safepoint    ] Total time for which application threads were stopped: 0.0000876 seconds, Stopping threads took: 0.0000174 seconds
[2019-12-09T01:52:49.943+0000][1][safepoint    ] Application time: 0.0004124 seconds
[2019-12-09T01:52:49.943+0000][1][safepoint    ] Entering safepoint region: RevokeBias
[2019-12-09T01:52:49.943+0000][1][safepoint    ] Leaving safepoint region
[2019-12-09T01:52:49.943+0000][1][safepoint    ] Total time for which application threads were stopped: 0.0000710 seconds, Stopping threads took: 0.0000159 seconds
[2019-12-09T01:52:50.055+0000][1][safepoint    ] Application time: 0.1116744 seconds
[2019-12-09T01:52:50.059+0000][1][safepoint    ] Entering safepoint region: RevokeBias
[2019-12-09T01:52:50.059+0000][1][safepoint    ] Leaving safepoint region
[2019-12-09T01:52:50.059+0000][1][safepoint    ] Total time for which application threads were stopped: 0.0043215 seconds, Stopping threads took: 0.0042227 seconds
[2019-12-09T01:52:50.061+0000][1][safepoint    ] Application time: 0.0012114 seconds
[2019-12-09T01:52:50.061+0000][1][safepoint    ] Entering safepoint region: RevokeBias
[2019-12-09T01:52:50.061+0000][1][safepoint    ] Leaving safepoint region
[2019-12-09T01:52:50.061+0000][1][safepoint    ] Total time for which application threads were stopped: 0.0000796 seconds, Stopping threads took: 0.0000140 seconds
[2019-12-09T01:52:50.061+0000][1][safepoint    ] Application time: 0.0004899 seconds
[2019-12-09T01:52:50.061+0000][1][safepoint    ] Entering safepoint region: RevokeBias
[2019-12-09T01:52:50.061+0000][1][safepoint    ] Leaving safepoint region
[2019-12-09T01:52:50.061+0000][1][safepoint    ] Total time for which application threads were stopped: 0.0000723 seconds, Stopping threads took: 0.0000129 seconds
[2019-12-09T01:52:50.066+0000][1][safepoint    ] Application time: 0.0048290 seconds
[2019-12-09T01:52:50.066+0000][1][safepoint    ] Entering safepoint region: RevokeBias
[2019-12-09T01:52:50.066+0000][1][safepoint    ] Leaving safepoint region
[2019-12-09T01:52:50.066+0000][1][safepoint    ] Total time for which application threads were stopped: 0.0001300 seconds, Stopping threads took: 0.0000720 seconds
[2019-12-09T01:52:50.079+0000][1][safepoint    ] Application time: 0.0124567 seconds
[2019-12-09T01:52:50.080+0000][1][safepoint    ] Entering safepoint region: RevokeBias
[2019-12-09T01:52:50.080+0000][1][safepoint    ] Leaving safepoint region
[2019-12-09T01:52:50.080+0000][1][safepoint    ] Total time for which application threads were stopped: 0.0013737 seconds, Stopping threads took: 0.0013186 seconds
[2019-12-09T01:52:50.081+0000][1][safepoint    ] Application time: 0.0002893 seconds
[2019-12-09T01:52:50.081+0000][1][safepoint    ] Entering safepoint region: RevokeBias
[2019-12-09T01:52:50.081+0000][1][safepoint    ] Leaving safepoint region
[2019-12-09T01:52:50.081+0000][1][safepoint    ] Total time for which application threads were stopped: 0.0000508 seconds, Stopping threads took: 0.0000093 seconds
[2019-12-09T01:52:50.081+0000][1][safepoint    ] Application time: 0.0002649 seconds
[2019-12-09T01:52:50.081+0000][1][safepoint    ] Entering safepoint region: RevokeBias
[2019-12-09T01:52:50.081+0000][1][safepoint    ] Leaving safepoint region
[2019-12-09T01:52:50.081+0000][1][safepoint    ] Total time for which application threads were stopped: 0.0000613 seconds, Stopping threads took: 0.0000115 seconds
[2019-12-09T01:52:50.091+0000][1][safepoint    ] Application time: 0.0103057 seconds
[2019-12-09T01:52:50.091+0000][1][safepoint    ] Entering safepoint region: RevokeBias
[2019-12-09T01:52:50.091+0000][1][safepoint    ] Leaving safepoint region
[2019-12-09T01:52:50.091+0000][1][safepoint    ] Total time for which application threads were stopped: 0.0000586 seconds, Stopping threads took: 0.0000121 seconds
[2019-12-09T01:52:50.120+0000][1][safepoint    ] Application time: 0.0288861 seconds
[2019-12-09T01:52:50.120+0000][1][safepoint    ] Entering safepoint region: RevokeBias
[2019-12-09T01:52:50.120+0000][1][safepoint    ] Leaving safepoint region
[2019-12-09T01:52:50.120+0000][1][safepoint    ] Total time for which application threads were stopped: 0.0001240 seconds, Stopping threads took: 0.0000635 seconds
[2019-12-09T01:52:50.132+0000][1][safepoint    ] Application time: 0.0112898 seconds
[2019-12-09T01:52:50.133+0000][1][safepoint    ] Entering safepoint region: RevokeBias
[2019-12-09T01:52:50.133+0000][1][safepoint    ] Leaving safepoint region
[2019-12-09T01:52:50.133+0000][1][safepoint    ] Total time for which application threads were stopped: 0.0014294 seconds, Stopping threads took: 0.0013619 seconds
[2019-12-09T01:52:50.139+0000][1][safepoint    ] Application time: 0.0057301 seconds
[2019-12-09T01:52:50.139+0000][1][safepoint    ] Entering safepoint region: RevokeBias
[2019-12-09T01:52:50.139+0000][1][safepoint    ] Leaving safepoint region
[2019-12-09T01:52:50.139+0000][1][safepoint    ] Total time for which application threads were stopped: 0.0000635 seconds, Stopping threads took: 0.0000129 seconds
[2019-12-09T01:52:50.166+0000][1][safepoint    ] Application time: 0.0270839 seconds
[2019-12-09T01:52:50.166+0000][1][safepoint    ] Entering safepoint region: RevokeBias
[2019-12-09T01:52:50.166+0000][1][safepoint    ] Leaving safepoint region
[2019-12-09T01:52:50.166+0000][1][safepoint    ] Total time for which application threads were stopped: 0.0001106 seconds, Stopping threads took: 0.0000132 seconds
[2019-12-09T01:52:50.167+0000][1][safepoint    ] Application time: 0.0005037 seconds
[2019-12-09T01:52:50.167+0000][1][safepoint    ] Entering safepoint region: RevokeBias
[2019-12-09T01:52:50.167+0000][1][safepoint    ] Leaving safepoint region
[2019-12-09T01:52:50.167+0000][1][safepoint    ] Total time for which application threads were stopped: 0.0003252 seconds, Stopping threads took: 0.0000108 seconds
[2019-12-09T01:52:50.167+0000][1][safepoint    ] Application time: 0.0002395 seconds
[2019-12-09T01:52:50.167+0000][1][safepoint    ] Entering safepoint region: RevokeBias
[2019-12-09T01:52:50.167+0000][1][safepoint    ] Leaving safepoint region
[2019-12-09T01:52:50.167+0000][1][safepoint    ] Total time for which application threads were stopped: 0.0000925 seconds, Stopping threads took: 0.0000102 seconds
[2019-12-09T01:52:50.168+0000][1][safepoint    ] Application time: 0.0010369 seconds
[2019-12-09T01:52:50.168+0000][1][safepoint    ] Entering safepoint region: RevokeBias
[2019-12-09T01:52:50.169+0000][1][safepoint    ] Leaving safepoint region
[2019-12-09T01:52:50.169+0000][1][safepoint    ] Total time for which application threads were stopped: 0.0001079 seconds, Stopping threads took: 0.0000118 seconds
[2019-12-09T01:52:50.169+0000][1][safepoint    ] Application time: 0.0007701 seconds
[2019-12-09T01:52:50.169+0000][1][safepoint    ] Entering safepoint region: RevokeBias
[2019-12-09T01:52:50.170+0000][1][safepoint    ] Leaving safepoint region
[2019-12-09T01:52:50.170+0000][1][safepoint    ] Total time for which application threads were stopped: 0.0003901 seconds, Stopping threads took: 0.0000108 seconds
[2019-12-09T01:52:50.171+0000][1][safepoint    ] Application time: 0.0011789 seconds
[2019-12-09T01:52:50.171+0000][1][safepoint    ] Entering safepoint region: RevokeBias
[2019-12-09T01:52:50.171+0000][1][safepoint    ] Leaving safepoint region
[2019-12-09T01:52:50.171+0000][1][safepoint    ] Total time for which application threads were stopped: 0.0000804 seconds, Stopping threads took: 0.0000115 seconds
[2019-12-09T01:52:50.171+0000][1][safepoint    ] Application time: 0.0003242 seconds
[2019-12-09T01:52:50.171+0000][1][safepoint    ] Entering safepoint region: RevokeBias
[2019-12-09T01:52:50.171+0000][1][safepoint    ] Leaving safepoint region
[2019-12-09T01:52:50.171+0000][1][safepoint    ] Total time for which application threads were stopped: 0.0000786 seconds, Stopping threads took: 0.0000104 seconds
[2019-12-09T01:52:50.173+0000][1][safepoint    ] Application time: 0.0011678 seconds
[2019-12-09T01:52:50.173+0000][1][safepoint    ] Entering safepoint region: RevokeBias
[2019-12-09T01:52:50.173+0000][1][safepoint    ] Leaving safepoint region
[2019-12-09T01:52:50.173+0000][1][safepoint    ] Total time for which application threads were stopped: 0.0000761 seconds, Stopping threads took: 0.0000101 seconds
[2019-12-09T01:52:50.173+0000][1][safepoint    ] Application time: 0.0004091 seconds
[2019-12-09T01:52:50.173+0000][1][safepoint    ] Entering safepoint region: RevokeBias
[2019-12-09T01:52:50.173+0000][1][safepoint    ] Leaving safepoint region
[2019-12-09T01:52:50.173+0000][1][safepoint    ] Total time for which application threads were stopped: 0.0000676 seconds, Stopping threads took: 0.0000095 seconds
[2019-12-09T01:52:50.174+0000][1][safepoint    ] Application time: 0.0006181 seconds
[2019-12-09T01:52:50.174+0000][1][safepoint    ] Entering safepoint region: RevokeBias
[2019-12-09T01:52:50.174+0000][1][safepoint    ] Leaving safepoint region
[2019-12-09T01:52:50.174+0000][1][safepoint    ] Total time for which application threads were stopped: 0.0002733 seconds, Stopping threads took: 0.0000113 seconds
[2019-12-09T01:52:50.175+0000][1][safepoint    ] Application time: 0.0010102 seconds
[2019-12-09T01:52:50.175+0000][1][safepoint    ] Entering safepoint region: RevokeBias
[2019-12-09T01:52:50.175+0000][1][safepoint    ] Leaving safepoint region
[2019-12-09T01:52:50.175+0000][1][safepoint    ] Total time for which application threads were stopped: 0.0000504 seconds, Stopping threads took: 0.0000106 seconds
[2019-12-09T01:52:50.186+0000][1][safepoint    ] Application time: 0.0109194 seconds
[2019-12-09T01:52:50.186+0000][1][safepoint    ] Entering safepoint region: RevokeBias
[2019-12-09T01:52:50.186+0000][1][safepoint    ] Leaving safepoint region
[2019-12-09T01:52:50.186+0000][1][safepoint    ] Total time for which application threads were stopped: 0.0000537 seconds, Stopping threads took: 0.0000120 seconds
[2019-12-09T01:52:50.189+0000][1][safepoint    ] Application time: 0.0029073 seconds
[2019-12-09T01:52:50.189+0000][1][safepoint    ] Entering safepoint region: RevokeBias
[2019-12-09T01:52:50.189+0000][1][safepoint    ] Leaving safepoint region
[2019-12-09T01:52:50.189+0000][1][safepoint    ] Total time for which application threads were stopped: 0.0001035 seconds, Stopping threads took: 0.0000582 seconds
[2019-12-09T01:52:50.666+0000][1][safepoint    ] Application time: 0.4764036 seconds
[2019-12-09T01:52:50.666+0000][1][safepoint    ] Entering safepoint region: RevokeBias
[2019-12-09T01:52:50.666+0000][1][safepoint    ] Leaving safepoint region
[2019-12-09T01:52:50.666+0000][1][safepoint    ] Total time for which application threads were stopped: 0.0000897 seconds, Stopping threads took: 0.0000182 seconds
[2019-12-09T01:52:50.666+0000][1][safepoint    ] Application time: 0.0004133 seconds
[2019-12-09T01:52:50.666+0000][1][safepoint    ] Entering safepoint region: RevokeBias
[2019-12-09T01:52:50.666+0000][1][safepoint    ] Leaving safepoint region
[2019-12-09T01:52:50.666+0000][1][safepoint    ] Total time for which application threads were stopped: 0.0000633 seconds, Stopping threads took: 0.0000119 seconds
[2019-12-09T01:52:50.717+0000][1][safepoint    ] Application time: 0.0510802 seconds
[2019-12-09T01:52:50.749+0000][1][safepoint    ] Entering safepoint region: RevokeBias
[2019-12-09T01:52:50.749+0000][1][safepoint    ] Leaving safepoint region
[2019-12-09T01:52:50.749+0000][1][safepoint    ] Total time for which application threads were stopped: 0.0314438 seconds, Stopping threads took: 0.0313493 seconds
[2019-12-09T01:52:50.749+0000][1][safepoint    ] Application time: 0.0004258 seconds
[2019-12-09T01:52:50.749+0000][1][safepoint    ] Entering safepoint region: RevokeBias
[2019-12-09T01:52:50.749+0000][1][safepoint    ] Leaving safepoint region
[2019-12-09T01:52:50.749+0000][1][safepoint    ] Total time for which application threads were stopped: 0.0000725 seconds, Stopping threads took: 0.0000123 seconds
[2019-12-09T01:52:50.798+0000][1][safepoint    ] Application time: 0.0488200 seconds
[2019-12-09T01:52:50.798+0000][1][safepoint    ] Entering safepoint region: RevokeBias
[2019-12-09T01:52:50.798+0000][1][safepoint    ] Leaving safepoint region
[2019-12-09T01:52:50.798+0000][1][safepoint    ] Total time for which application threads were stopped: 0.0000870 seconds, Stopping threads took: 0.0000153 seconds
[2019-12-09T01:52:51.014+0000][1][safepoint    ] Application time: 0.2153998 seconds
[2019-12-09T01:52:51.014+0000][1][safepoint    ] Entering safepoint region: RevokeBias
[2019-12-09T01:52:51.014+0000][1][safepoint    ] Leaving safepoint region
[2019-12-09T01:52:51.014+0000][1][safepoint    ] Total time for which application threads were stopped: 0.0000915 seconds, Stopping threads took: 0.0000176 seconds
[2019-12-09T01:52:51.023+0000][1][safepoint    ] Application time: 0.0090921 seconds
[2019-12-09T01:52:51.023+0000][1][safepoint    ] Entering safepoint region: RevokeBias
[2019-12-09T01:52:51.023+0000][1][safepoint    ] Leaving safepoint region
[2019-12-09T01:52:51.023+0000][1][safepoint    ] Total time for which application threads were stopped: 0.0000683 seconds, Stopping threads took: 0.0000162 seconds
[2019-12-09T01:52:51.129+0000][1][safepoint    ] Application time: 0.1060560 seconds
[2019-12-09T01:52:51.141+0000][1][safepoint    ] Entering safepoint region: RevokeBias
[2019-12-09T01:52:51.141+0000][1][safepoint    ] Leaving safepoint region
[2019-12-09T01:52:51.141+0000][1][safepoint    ] Total time for which application threads were stopped: 0.0117032 seconds, Stopping threads took: 0.0116065 seconds
[2019-12-09T01:52:51.171+0000][1][safepoint    ] Application time: 0.0296938 seconds
[2019-12-09T01:52:51.171+0000][1][safepoint    ] Entering safepoint region: RevokeBias
[2019-12-09T01:52:51.171+0000][1][safepoint    ] Leaving safepoint region
[2019-12-09T01:52:51.171+0000][1][safepoint    ] Total time for which application threads were stopped: 0.0001697 seconds, Stopping threads took: 0.0000815 seconds
[2019-12-09T01:52:51.171+0000][1][safepoint    ] Application time: 0.0002839 seconds
[2019-12-09T01:52:51.171+0000][1][safepoint    ] Entering safepoint region: RevokeBias
[2019-12-09T01:52:51.171+0000][1][safepoint    ] Leaving safepoint region
[2019-12-09T01:52:51.171+0000][1][safepoint    ] Total time for which application threads were stopped: 0.0000695 seconds, Stopping threads took: 0.0000110 seconds
[2019-12-09T01:52:51.173+0000][1][safepoint    ] Application time: 0.0022546 seconds
[2019-12-09T01:52:51.173+0000][1][safepoint    ] Entering safepoint region: RevokeBias
[2019-12-09T01:52:51.174+0000][1][safepoint    ] Leaving safepoint region
[2019-12-09T01:52:51.174+0000][1][safepoint    ] Total time for which application threads were stopped: 0.0001483 seconds, Stopping threads took: 0.0000945 seconds
[2019-12-09T01:52:51.175+0000][1][safepoint    ] Application time: 0.0012269 seconds
[2019-12-09T01:52:51.175+0000][1][safepoint    ] Entering safepoint region: RevokeBias
[2019-12-09T01:52:51.175+0000][1][safepoint    ] Leaving safepoint region
[2019-12-09T01:52:51.175+0000][1][safepoint    ] Total time for which application threads were stopped: 0.0000624 seconds, Stopping threads took: 0.0000127 seconds
[2019-12-09T01:52:51.175+0000][1][safepoint    ] Application time: 0.0002105 seconds
[2019-12-09T01:52:51.175+0000][1][safepoint    ] Entering safepoint region: RevokeBias
[2019-12-09T01:52:51.175+0000][1][safepoint    ] Leaving safepoint region
[2019-12-09T01:52:51.175+0000][1][safepoint    ] Total time for which application threads were stopped: 0.0000516 seconds, Stopping threads took: 0.0000097 seconds
[2019-12-09T01:52:51.175+0000][1][safepoint    ] Application time: 0.0002540 seconds
[2019-12-09T01:52:51.175+0000][1][safepoint    ] Entering safepoint region: RevokeBias
[2019-12-09T01:52:51.175+0000][1][safepoint    ] Leaving safepoint region
[2019-12-09T01:52:51.175+0000][1][safepoint    ] Total time for which application threads were stopped: 0.0000542 seconds, Stopping threads took: 0.0000108 seconds
[2019-12-09T01:52:51.176+0000][1][safepoint    ] Application time: 0.0007035 seconds
[2019-12-09T01:52:51.176+0000][1][safepoint    ] Entering safepoint region: RevokeBias
[2019-12-09T01:52:51.176+0000][1][safepoint    ] Leaving safepoint region
[2019-12-09T01:52:51.176+0000][1][safepoint    ] Total time for which application threads were stopped: 0.0000623 seconds, Stopping threads took: 0.0000116 seconds
[2019-12-09T01:52:51.176+0000][1][safepoint    ] Application time: 0.0001943 seconds
[2019-12-09T01:52:51.176+0000][1][safepoint    ] Entering safepoint region: RevokeBias
[2019-12-09T01:52:51.177+0000][1][safepoint    ] Leaving safepoint region
[2019-12-09T01:52:51.177+0000][1][safepoint    ] Total time for which application threads were stopped: 0.0000507 seconds, Stopping threads took: 0.0000093 seconds
[2019-12-09T01:52:51.177+0000][1][safepoint    ] Application time: 0.0002553 seconds
[2019-12-09T01:52:51.177+0000][1][safepoint    ] Entering safepoint region: RevokeBias
[2019-12-09T01:52:51.177+0000][1][safepoint    ] Leaving safepoint region
[2019-12-09T01:52:51.177+0000][1][safepoint    ] Total time for which application threads were stopped: 0.0000535 seconds, Stopping threads took: 0.0000107 seconds
[2019-12-09T01:52:51.180+0000][1][safepoint    ] Application time: 0.0035977 seconds
[2019-12-09T01:52:51.181+0000][1][safepoint    ] Entering safepoint region: RevokeBias
[2019-12-09T01:52:51.181+0000][1][safepoint    ] Leaving safepoint region
[2019-12-09T01:52:51.181+0000][1][safepoint    ] Total time for which application threads were stopped: 0.0000568 seconds, Stopping threads took: 0.0000115 seconds
[2019-12-09T01:52:51.183+0000][1][safepoint    ] Application time: 0.0021936 seconds
[2019-12-09T01:52:51.183+0000][1][safepoint    ] Entering safepoint region: RevokeBias
[2019-12-09T01:52:51.183+0000][1][safepoint    ] Leaving safepoint region
[2019-12-09T01:52:51.183+0000][1][safepoint    ] Total time for which application threads were stopped: 0.0000554 seconds, Stopping threads took: 0.0000127 seconds
[2019-12-09T01:52:51.210+0000][1][safepoint    ] Application time: 0.0269590 seconds
[2019-12-09T01:52:51.210+0000][1][safepoint    ] Entering safepoint region: RevokeBias
[2019-12-09T01:52:51.210+0000][1][gc,start     ] GC(21) Pause Young (Allocation Failure)
[2019-12-09T01:52:51.210+0000][1][gc,task      ] GC(21) Using 2 workers of 2 for evacuation
[2019-12-09T01:52:51.397+0000][1][gc,age       ] GC(21) Desired survivor size 4456448 bytes, new threshold 2 (max threshold 6)
[2019-12-09T01:52:51.397+0000][1][gc,age       ] GC(21) Age table with threshold 2 (max threshold 6)
[2019-12-09T01:52:51.397+0000][1][gc,age       ] GC(21) - age   1:    3083456 bytes,    3083456 total
[2019-12-09T01:52:51.397+0000][1][gc,age       ] GC(21) - age   2:    2420576 bytes,    5504032 total
[2019-12-09T01:52:51.397+0000][1][gc,age       ] GC(21) - age   3:    1369704 bytes,    6873736 total
[2019-12-09T01:52:51.397+0000][1][gc,heap      ] GC(21) ParNew: 74765K->8489K(78656K)
[2019-12-09T01:52:51.397+0000][1][gc,heap      ] GC(21) CMS: 61894K->61894K(174784K)
[2019-12-09T01:52:51.397+0000][1][gc,metaspace ] GC(21) Metaspace: 65744K->65744K(1110016K)
[2019-12-09T01:52:51.397+0000][1][gc           ] GC(21) Pause Young (Allocation Failure) 133M->68M(247M) 187.341ms
[2019-12-09T01:52:51.397+0000][1][gc,cpu       ] GC(21) User=0.05s Sys=0.00s Real=0.19s
[2019-12-09T01:52:51.397+0000][1][safepoint    ] Leaving safepoint region
[2019-12-09T01:52:51.397+0000][1][safepoint    ] Total time for which application threads were stopped: 0.1874902 seconds, Stopping threads took: 0.0000121 seconds
[2019-12-09T01:52:51.399+0000][1][safepoint    ] Application time: 0.0016875 seconds
[2019-12-09T01:52:51.399+0000][1][safepoint    ] Entering safepoint region: RevokeBias
[2019-12-09T01:52:51.399+0000][1][safepoint    ] Leaving safepoint region
[2019-12-09T01:52:51.399+0000][1][safepoint    ] Total time for which application threads were stopped: 0.0000847 seconds, Stopping threads took: 0.0000174 seconds
[2019-12-09T01:52:51.407+0000][1][safepoint    ] Application time: 0.0080969 seconds
[2019-12-09T01:52:51.410+0000][1][safepoint    ] Entering safepoint region: RevokeBias
[2019-12-09T01:52:51.410+0000][1][safepoint    ] Leaving safepoint region
[2019-12-09T01:52:51.410+0000][1][safepoint    ] Total time for which application threads were stopped: 0.0026065 seconds, Stopping threads took: 0.0025367 seconds
[2019-12-09T01:52:51.411+0000][1][safepoint    ] Application time: 0.0010077 seconds
[2019-12-09T01:52:51.411+0000][1][safepoint    ] Entering safepoint region: RevokeBias
[2019-12-09T01:52:51.411+0000][1][safepoint    ] Leaving safepoint region
[2019-12-09T01:52:51.411+0000][1][safepoint    ] Total time for which application threads were stopped: 0.0000620 seconds, Stopping threads took: 0.0000140 seconds
[2019-12-09T01:52:51.734+0000][1][safepoint    ] Application time: 0.3230425 seconds
[2019-12-09T01:52:51.734+0000][1][safepoint    ] Entering safepoint region: RevokeBias
[2019-12-09T01:52:51.734+0000][1][safepoint    ] Leaving safepoint region
[2019-12-09T01:52:51.734+0000][1][safepoint    ] Total time for which application threads were stopped: 0.0000842 seconds, Stopping threads took: 0.0000184 seconds
[2019-12-09T01:52:51.735+0000][1][safepoint    ] Application time: 0.0004250 seconds
[2019-12-09T01:52:51.735+0000][1][safepoint    ] Entering safepoint region: RevokeBias
[2019-12-09T01:52:51.735+0000][1][safepoint    ] Leaving safepoint region
[2019-12-09T01:52:51.735+0000][1][safepoint    ] Total time for which application threads were stopped: 0.0000638 seconds, Stopping threads took: 0.0000130 seconds
[2019-12-09T01:52:51.892+0000][1][safepoint    ] Application time: 0.1576599 seconds
[2019-12-09T01:52:51.892+0000][1][safepoint    ] Entering safepoint region: RevokeBias
[2019-12-09T01:52:51.892+0000][1][safepoint    ] Leaving safepoint region
[2019-12-09T01:52:51.892+0000][1][safepoint    ] Total time for which application threads were stopped: 0.0000819 seconds, Stopping threads took: 0.0000174 seconds
[2019-12-09T01:52:51.893+0000][1][safepoint    ] Application time: 0.0004128 seconds
[2019-12-09T01:52:51.893+0000][1][safepoint    ] Entering safepoint region: RevokeBias
[2019-12-09T01:52:51.893+0000][1][safepoint    ] Leaving safepoint region
[2019-12-09T01:52:51.893+0000][1][safepoint    ] Total time for which application threads were stopped: 0.0000749 seconds, Stopping threads took: 0.0000171 seconds
[2019-12-09T01:52:51.985+0000][1][safepoint    ] Application time: 0.0923271 seconds
[2019-12-09T01:52:51.985+0000][1][safepoint    ] Entering safepoint region: RevokeBias
[2019-12-09T01:52:51.985+0000][1][safepoint    ] Leaving safepoint region
[2019-12-09T01:52:51.985+0000][1][safepoint    ] Total time for which application threads were stopped: 0.0000851 seconds, Stopping threads took: 0.0000184 seconds
[2019-12-09T01:52:51.986+0000][1][safepoint    ] Application time: 0.0003867 seconds
[2019-12-09T01:52:51.986+0000][1][safepoint    ] Entering safepoint region: BulkRevokeBias
[2019-12-09T01:52:51.986+0000][1][safepoint    ] Leaving safepoint region
[2019-12-09T01:52:51.986+0000][1][safepoint    ] Total time for which application threads were stopped: 0.0002537 seconds, Stopping threads took: 0.0000142 seconds
[2019-12-09T01:52:52.124+0000][1][safepoint    ] Application time: 0.1382048 seconds
[2019-12-09T01:52:52.129+0000][1][safepoint    ] Entering safepoint region: RevokeBias
[2019-12-09T01:52:52.129+0000][1][safepoint    ] Leaving safepoint region
[2019-12-09T01:52:52.129+0000][1][safepoint    ] Total time for which application threads were stopped: 0.0051711 seconds, Stopping threads took: 0.0050906 seconds
[2019-12-09T01:52:52.130+0000][1][safepoint    ] Application time: 0.0005449 seconds
[2019-12-09T01:52:52.130+0000][1][safepoint    ] Entering safepoint region: RevokeBias
[2019-12-09T01:52:52.130+0000][1][safepoint    ] Leaving safepoint region
[2019-12-09T01:52:52.130+0000][1][safepoint    ] Total time for which application threads were stopped: 0.0000798 seconds, Stopping threads took: 0.0000143 seconds
[2019-12-09T01:52:52.151+0000][1][safepoint    ] Application time: 0.0213454 seconds
[2019-12-09T01:52:52.152+0000][1][safepoint    ] Entering safepoint region: RevokeBias
[2019-12-09T01:52:52.152+0000][1][safepoint    ] Leaving safepoint region
[2019-12-09T01:52:52.152+0000][1][safepoint    ] Total time for which application threads were stopped: 0.0001449 seconds, Stopping threads took: 0.0000641 seconds
[2019-12-09T01:52:52.152+0000][1][safepoint    ] Application time: 0.0004735 seconds
[2019-12-09T01:52:52.152+0000][1][safepoint    ] Entering safepoint region: RevokeBias
[2019-12-09T01:52:52.152+0000][1][safepoint    ] Leaving safepoint region
[2019-12-09T01:52:52.152+0000][1][safepoint    ] Total time for which application threads were stopped: 0.0001272 seconds, Stopping threads took: 0.0000609 seconds
[2019-12-09T01:52:52.156+0000][1][safepoint    ] Application time: 0.0037138 seconds
[2019-12-09T01:52:52.158+0000][1][safepoint    ] Entering safepoint region: RevokeBias
[2019-12-09T01:52:52.158+0000][1][safepoint    ] Leaving safepoint region
[2019-12-09T01:52:52.158+0000][1][safepoint    ] Total time for which application threads were stopped: 0.0017455 seconds, Stopping threads took: 0.0016729 seconds
[2019-12-09T01:52:52.160+0000][1][safepoint    ] Application time: 0.0027095 seconds
[2019-12-09T01:52:52.161+0000][1][safepoint    ] Entering safepoint region: RevokeBias
[2019-12-09T01:52:52.161+0000][1][safepoint    ] Leaving safepoint region
[2019-12-09T01:52:52.161+0000][1][safepoint    ] Total time for which application threads were stopped: 0.0001792 seconds, Stopping threads took: 0.0001120 seconds
[2019-12-09T01:52:52.253+0000][1][safepoint    ] Application time: 0.0926630 seconds
[2019-12-09T01:52:52.312+0000][1][safepoint    ] Entering safepoint region: RevokeBias
[2019-12-09T01:52:52.312+0000][1][safepoint    ] Leaving safepoint region
[2019-12-09T01:52:52.312+0000][1][safepoint    ] Total time for which application threads were stopped: 0.0585589 seconds, Stopping threads took: 0.0584605 seconds
[2019-12-09T01:52:52.313+0000][1][safepoint    ] Application time: 0.0008348 seconds
[2019-12-09T01:52:52.313+0000][1][safepoint    ] Entering safepoint region: RevokeBias
[2019-12-09T01:52:52.313+0000][1][safepoint    ] Leaving safepoint region
[2019-12-09T01:52:52.313+0000][1][safepoint    ] Total time for which application threads were stopped: 0.0000895 seconds, Stopping threads took: 0.0000165 seconds
[2019-12-09T01:52:52.365+0000][1][safepoint    ] Application time: 0.0518478 seconds
[2019-12-09T01:52:52.369+0000][1][safepoint    ] Entering safepoint region: RevokeBias
[2019-12-09T01:52:52.369+0000][1][safepoint    ] Leaving safepoint region
[2019-12-09T01:52:52.369+0000][1][safepoint    ] Total time for which application threads were stopped: 0.0041741 seconds, Stopping threads took: 0.0039975 seconds
[2019-12-09T01:52:52.389+0000][1][safepoint    ] Application time: 0.0197684 seconds
[2019-12-09T01:52:52.394+0000][1][safepoint    ] Entering safepoint region: BulkRevokeBias
[2019-12-09T01:52:52.394+0000][1][safepoint    ] Leaving safepoint region
[2019-12-09T01:52:52.394+0000][1][safepoint    ] Total time for which application threads were stopped: 0.0053879 seconds, Stopping threads took: 0.0049944 seconds
[2019-12-09T01:52:52.469+0000][1][safepoint    ] Application time: 0.0746672 seconds
[2019-12-09T01:52:52.473+0000][1][safepoint    ] Entering safepoint region: RevokeBias
[2019-12-09T01:52:52.473+0000][1][safepoint    ] Leaving safepoint region
[2019-12-09T01:52:52.473+0000][1][safepoint    ] Total time for which application threads were stopped: 0.0040787 seconds, Stopping threads took: 0.0039791 seconds
[2019-12-09T01:52:52.490+0000][1][safepoint    ] Application time: 0.0168885 seconds
[2019-12-09T01:52:52.490+0000][1][safepoint    ] Entering safepoint region: RevokeBias
[2019-12-09T01:52:52.490+0000][1][safepoint    ] Leaving safepoint region
[2019-12-09T01:52:52.490+0000][1][safepoint    ] Total time for which application threads were stopped: 0.0000971 seconds, Stopping threads took: 0.0000162 seconds
[2019-12-09T01:52:53.085+0000][1][safepoint    ] Application time: 0.5953999 seconds
[2019-12-09T01:52:53.085+0000][1][safepoint    ] Entering safepoint region: RevokeBias
[2019-12-09T01:52:53.086+0000][1][safepoint    ] Leaving safepoint region
[2019-12-09T01:52:53.086+0000][1][safepoint    ] Total time for which application threads were stopped: 0.0002207 seconds, Stopping threads took: 0.0001301 seconds
[2019-12-09T01:52:53.098+0000][1][safepoint    ] Application time: 0.0119837 seconds
[2019-12-09T01:52:53.098+0000][1][safepoint    ] Entering safepoint region: RevokeBias
[2019-12-09T01:52:53.098+0000][1][safepoint    ] Leaving safepoint region
[2019-12-09T01:52:53.098+0000][1][safepoint    ] Total time for which application threads were stopped: 0.0000653 seconds, Stopping threads took: 0.0000127 seconds
[2019-12-09T01:52:53.099+0000][1][safepoint    ] Application time: 0.0014112 seconds
[2019-12-09T01:52:53.099+0000][1][safepoint    ] Entering safepoint region: RevokeBias
[2019-12-09T01:52:53.099+0000][1][safepoint    ] Leaving safepoint region
[2019-12-09T01:52:53.099+0000][1][safepoint    ] Total time for which application threads were stopped: 0.0000863 seconds, Stopping threads took: 0.0000134 seconds
[2019-12-09T01:52:53.100+0000][1][safepoint    ] Application time: 0.0003980 seconds
[2019-12-09T01:52:53.100+0000][1][safepoint    ] Entering safepoint region: RevokeBias
[2019-12-09T01:52:53.100+0000][1][safepoint    ] Leaving safepoint region
[2019-12-09T01:52:53.100+0000][1][safepoint    ] Total time for which application threads were stopped: 0.0000638 seconds, Stopping threads took: 0.0000118 seconds
[2019-12-09T01:52:53.155+0000][1][safepoint    ] Application time: 0.0551129 seconds
[2019-12-09T01:52:53.155+0000][1][safepoint    ] Entering safepoint region: RevokeBias
[2019-12-09T01:52:53.155+0000][1][safepoint    ] Leaving safepoint region
[2019-12-09T01:52:53.155+0000][1][safepoint    ] Total time for which application threads were stopped: 0.0000845 seconds, Stopping threads took: 0.0000170 seconds
[2019-12-09T01:52:53.187+0000][1][safepoint    ] Application time: 0.0315678 seconds
[2019-12-09T01:52:53.187+0000][1][safepoint    ] Entering safepoint region: RevokeBias
[2019-12-09T01:52:53.187+0000][1][safepoint    ] Leaving safepoint region
[2019-12-09T01:52:53.187+0000][1][safepoint    ] Total time for which application threads were stopped: 0.0000905 seconds, Stopping threads took: 0.0000157 seconds
[2019-12-09T01:52:53.480+0000][1][safepoint    ] Application time: 0.2931782 seconds
[2019-12-09T01:52:53.553+0000][1][safepoint    ] Entering safepoint region: RevokeBias
[2019-12-09T01:52:53.553+0000][1][safepoint    ] Leaving safepoint region
[2019-12-09T01:52:53.553+0000][1][safepoint    ] Total time for which application threads were stopped: 0.0730102 seconds, Stopping threads took: 0.0728925 seconds
[2019-12-09T01:52:53.557+0000][1][safepoint    ] Application time: 0.0042654 seconds
[2019-12-09T01:52:53.575+0000][1][safepoint    ] Entering safepoint region: RevokeBias
[2019-12-09T01:52:53.575+0000][1][safepoint    ] Leaving safepoint region
[2019-12-09T01:52:53.575+0000][1][safepoint    ] Total time for which application threads were stopped: 0.0179226 seconds, Stopping threads took: 0.0177184 seconds
[2019-12-09T01:52:53.577+0000][1][safepoint    ] Application time: 0.0017322 seconds
[2019-12-09T01:52:53.577+0000][1][safepoint    ] Entering safepoint region: RevokeBias
[2019-12-09T01:52:53.577+0000][1][safepoint    ] Leaving safepoint region
[2019-12-09T01:52:53.577+0000][1][safepoint    ] Total time for which application threads were stopped: 0.0000964 seconds, Stopping threads took: 0.0000167 seconds
[2019-12-09T01:52:53.578+0000][1][safepoint    ] Application time: 0.0008017 seconds
[2019-12-09T01:52:53.578+0000][1][safepoint    ] Entering safepoint region: RevokeBias
[2019-12-09T01:52:53.578+0000][1][safepoint    ] Leaving safepoint region
[2019-12-09T01:52:53.578+0000][1][safepoint    ] Total time for which application threads were stopped: 0.0000735 seconds, Stopping threads took: 0.0000133 seconds
[2019-12-09T01:52:53.581+0000][1][safepoint    ] Application time: 0.0027562 seconds
[2019-12-09T01:52:53.581+0000][1][safepoint    ] Entering safepoint region: RevokeBias
[2019-12-09T01:52:53.581+0000][1][safepoint    ] Leaving safepoint region
[2019-12-09T01:52:53.581+0000][1][safepoint    ] Total time for which application threads were stopped: 0.0001084 seconds, Stopping threads took: 0.0000129 seconds
[2019-12-09T01:52:53.581+0000][1][safepoint    ] Application time: 0.0001884 seconds
[2019-12-09T01:52:53.581+0000][1][safepoint    ] Entering safepoint region: RevokeBias
[2019-12-09T01:52:53.581+0000][1][safepoint    ] Leaving safepoint region
[2019-12-09T01:52:53.581+0000][1][safepoint    ] Total time for which application threads were stopped: 0.0000709 seconds, Stopping threads took: 0.0000106 seconds
[2019-12-09T01:52:53.582+0000][1][safepoint    ] Application time: 0.0010151 seconds
[2019-12-09T01:52:53.582+0000][1][safepoint    ] Entering safepoint region: RevokeBias
[2019-12-09T01:52:53.582+0000][1][safepoint    ] Leaving safepoint region
[2019-12-09T01:52:53.582+0000][1][safepoint    ] Total time for which application threads were stopped: 0.0000859 seconds, Stopping threads took: 0.0000119 seconds
[2019-12-09T01:52:53.584+0000][1][safepoint    ] Application time: 0.0021704 seconds
[2019-12-09T01:52:53.584+0000][1][safepoint    ] Entering safepoint region: RevokeBias
[2019-12-09T01:52:53.584+0000][1][safepoint    ] Leaving safepoint region
[2019-12-09T01:52:53.584+0000][1][safepoint    ] Total time for which application threads were stopped: 0.0000880 seconds, Stopping threads took: 0.0000118 seconds
[2019-12-09T01:52:53.597+0000][1][safepoint    ] Application time: 0.0121821 seconds
[2019-12-09T01:52:53.597+0000][1][safepoint    ] Entering safepoint region: BulkRevokeBias
[2019-12-09T01:52:53.597+0000][1][safepoint    ] Leaving safepoint region
[2019-12-09T01:52:53.597+0000][1][safepoint    ] Total time for which application threads were stopped: 0.0004511 seconds, Stopping threads took: 0.0000123 seconds
[2019-12-09T01:52:53.601+0000][1][safepoint    ] Application time: 0.0034176 seconds
[2019-12-09T01:52:53.601+0000][1][safepoint    ] Entering safepoint region: BulkRevokeBias
[2019-12-09T01:52:53.601+0000][1][safepoint    ] Leaving safepoint region
[2019-12-09T01:52:53.601+0000][1][safepoint    ] Total time for which application threads were stopped: 0.0004393 seconds, Stopping threads took: 0.0000120 seconds
[2019-12-09T01:52:53.686+0000][1][safepoint    ] Application time: 0.0849113 seconds
[2019-12-09T01:52:53.716+0000][1][safepoint    ] Entering safepoint region: RevokeBias
[2019-12-09T01:52:53.716+0000][1][safepoint    ] Leaving safepoint region
[2019-12-09T01:52:53.716+0000][1][safepoint    ] Total time for which application threads were stopped: 0.0304044 seconds, Stopping threads took: 0.0303023 seconds
[2019-12-09T01:52:53.796+0000][1][safepoint    ] Application time: 0.0798567 seconds
[2019-12-09T01:52:53.796+0000][1][safepoint    ] Entering safepoint region: RevokeBias
[2019-12-09T01:52:53.796+0000][1][safepoint    ] Leaving safepoint region
[2019-12-09T01:52:53.796+0000][1][safepoint    ] Total time for which application threads were stopped: 0.0001573 seconds, Stopping threads took: 0.0000700 seconds
[2019-12-09T01:52:53.798+0000][1][safepoint    ] Application time: 0.0017956 seconds
[2019-12-09T01:52:53.862+0000][1][safepoint    ] Entering safepoint region: RevokeBias
[2019-12-09T01:52:53.862+0000][1][safepoint    ] Leaving safepoint region
[2019-12-09T01:52:53.862+0000][1][safepoint    ] Total time for which application threads were stopped: 0.0637138 seconds, Stopping threads took: 0.0636194 seconds
[2019-12-09T01:52:53.865+0000][1][safepoint    ] Application time: 0.0026191 seconds
[2019-12-09T01:52:53.865+0000][1][safepoint    ] Entering safepoint region: RevokeBias
[2019-12-09T01:52:53.865+0000][1][safepoint    ] Leaving safepoint region
[2019-12-09T01:52:53.865+0000][1][safepoint    ] Total time for which application threads were stopped: 0.0001324 seconds, Stopping threads took: 0.0000469 seconds
[2019-12-09T01:52:53.950+0000][1][safepoint    ] Application time: 0.0851095 seconds
[2019-12-09T01:52:53.950+0000][1][safepoint    ] Entering safepoint region: RevokeBias
[2019-12-09T01:52:53.950+0000][1][safepoint    ] Leaving safepoint region
[2019-12-09T01:52:53.950+0000][1][safepoint    ] Total time for which application threads were stopped: 0.0001089 seconds, Stopping threads took: 0.0000184 seconds
[2019-12-09T01:52:53.978+0000][1][safepoint    ] Application time: 0.0275149 seconds
[2019-12-09T01:52:53.978+0000][1][safepoint    ] Entering safepoint region: RevokeBias
[2019-12-09T01:52:53.978+0000][1][safepoint    ] Leaving safepoint region
[2019-12-09T01:52:53.978+0000][1][safepoint    ] Total time for which application threads were stopped: 0.0001276 seconds, Stopping threads took: 0.0000178 seconds
[2019-12-09T01:52:53.978+0000][1][safepoint    ] Application time: 0.0000868 seconds
[2019-12-09T01:52:53.978+0000][1][safepoint    ] Entering safepoint region: RevokeBias
[2019-12-09T01:52:53.978+0000][1][safepoint    ] Leaving safepoint region
[2019-12-09T01:52:53.978+0000][1][safepoint    ] Total time for which application threads were stopped: 0.0000829 seconds, Stopping threads took: 0.0000115 seconds
[2019-12-09T01:52:53.989+0000][1][safepoint    ] Application time: 0.0112926 seconds
[2019-12-09T01:52:53.989+0000][1][safepoint    ] Entering safepoint region: RevokeBias
[2019-12-09T01:52:53.989+0000][1][safepoint    ] Leaving safepoint region
[2019-12-09T01:52:53.989+0000][1][safepoint    ] Total time for which application threads were stopped: 0.0000964 seconds, Stopping threads took: 0.0000181 seconds
[2019-12-09T01:52:54.000+0000][1][safepoint    ] Application time: 0.0105995 seconds
[2019-12-09T01:52:54.000+0000][1][safepoint    ] Entering safepoint region: RevokeBias
[2019-12-09T01:52:54.000+0000][1][safepoint    ] Leaving safepoint region
[2019-12-09T01:52:54.000+0000][1][safepoint    ] Total time for which application threads were stopped: 0.0000896 seconds, Stopping threads took: 0.0000166 seconds
[2019-12-09T01:52:54.000+0000][1][safepoint    ] Application time: 0.0000489 seconds
[2019-12-09T01:52:54.000+0000][1][safepoint    ] Entering safepoint region: RevokeBias
[2019-12-09T01:52:54.000+0000][1][safepoint    ] Leaving safepoint region
[2019-12-09T01:52:54.000+0000][1][safepoint    ] Total time for which application threads were stopped: 0.0000589 seconds, Stopping threads took: 0.0000093 seconds
[2019-12-09T01:52:54.163+0000][1][safepoint    ] Application time: 0.1625916 seconds
[2019-12-09T01:52:54.231+0000][1][safepoint    ] Entering safepoint region: RevokeBias
[2019-12-09T01:52:54.231+0000][1][safepoint    ] Leaving safepoint region
[2019-12-09T01:52:54.231+0000][1][safepoint    ] Total time for which application threads were stopped: 0.0681466 seconds, Stopping threads took: 0.0680282 seconds
[2019-12-09T01:52:54.451+0000][1][safepoint    ] Application time: 0.2203922 seconds
[2019-12-09T01:52:54.451+0000][1][safepoint    ] Entering safepoint region: RevokeBias
[2019-12-09T01:52:54.451+0000][1][safepoint    ] Leaving safepoint region
[2019-12-09T01:52:54.451+0000][1][safepoint    ] Total time for which application threads were stopped: 0.0000934 seconds, Stopping threads took: 0.0000218 seconds
[2019-12-09T01:52:54.452+0000][1][safepoint    ] Application time: 0.0000926 seconds
[2019-12-09T01:52:54.452+0000][1][safepoint    ] Entering safepoint region: RevokeBias
[2019-12-09T01:52:54.452+0000][1][safepoint    ] Leaving safepoint region
[2019-12-09T01:52:54.452+0000][1][safepoint    ] Total time for which application threads were stopped: 0.0000551 seconds, Stopping threads took: 0.0000108 seconds
[2019-12-09T01:52:54.703+0000][1][safepoint    ] Application time: 0.2511743 seconds
[2019-12-09T01:52:54.703+0000][1][safepoint    ] Entering safepoint region: RevokeBias
[2019-12-09T01:52:54.703+0000][1][safepoint    ] Leaving safepoint region
[2019-12-09T01:52:54.703+0000][1][safepoint    ] Total time for which application threads were stopped: 0.0000994 seconds, Stopping threads took: 0.0000216 seconds
[2019-12-09T01:52:54.765+0000][1][safepoint    ] Application time: 0.0623651 seconds
[2019-12-09T01:52:54.765+0000][1][safepoint    ] Entering safepoint region: RevokeBias
[2019-12-09T01:52:54.765+0000][1][safepoint    ] Leaving safepoint region
[2019-12-09T01:52:54.765+0000][1][safepoint    ] Total time for which application threads were stopped: 0.0001020 seconds, Stopping threads took: 0.0000204 seconds
[2019-12-09T01:52:54.794+0000][1][safepoint    ] Application time: 0.0285217 seconds
[2019-12-09T01:52:54.794+0000][1][safepoint    ] Entering safepoint region: RevokeBias
[2019-12-09T01:52:54.794+0000][1][safepoint    ] Leaving safepoint region
[2019-12-09T01:52:54.794+0000][1][safepoint    ] Total time for which application threads were stopped: 0.0000954 seconds, Stopping threads took: 0.0000210 seconds
[2019-12-09T01:52:54.794+0000][1][safepoint    ] Application time: 0.0000648 seconds
[2019-12-09T01:52:54.794+0000][1][safepoint    ] Entering safepoint region: RevokeBias
[2019-12-09T01:52:54.794+0000][1][safepoint    ] Leaving safepoint region
[2019-12-09T01:52:54.794+0000][1][safepoint    ] Total time for which application threads were stopped: 0.0000522 seconds, Stopping threads took: 0.0000112 seconds
[2019-12-09T01:52:54.794+0000][1][safepoint    ] Application time: 0.0001932 seconds
[2019-12-09T01:52:54.794+0000][1][safepoint    ] Entering safepoint region: RevokeBias
[2019-12-09T01:52:54.795+0000][1][safepoint    ] Leaving safepoint region
[2019-12-09T01:52:54.795+0000][1][safepoint    ] Total time for which application threads were stopped: 0.0000624 seconds, Stopping threads took: 0.0000135 seconds
[2019-12-09T01:52:54.814+0000][1][safepoint    ] Application time: 0.0196035 seconds
[2019-12-09T01:52:54.814+0000][1][safepoint    ] Entering safepoint region: RevokeBias
[2019-12-09T01:52:54.814+0000][1][safepoint    ] Leaving safepoint region
[2019-12-09T01:52:54.814+0000][1][safepoint    ] Total time for which application threads were stopped: 0.0000715 seconds, Stopping threads took: 0.0000173 seconds
[2019-12-09T01:52:54.815+0000][1][safepoint    ] Application time: 0.0002733 seconds
[2019-12-09T01:52:54.815+0000][1][safepoint    ] Entering safepoint region: RevokeBias
[2019-12-09T01:52:54.815+0000][1][safepoint    ] Leaving safepoint region
[2019-12-09T01:52:54.815+0000][1][safepoint    ] Total time for which application threads were stopped: 0.0000689 seconds, Stopping threads took: 0.0000136 seconds
[2019-12-09T01:52:54.868+0000][1][safepoint    ] Application time: 0.0529184 seconds
[2019-12-09T01:52:54.868+0000][1][safepoint    ] Entering safepoint region: RevokeBias
[2019-12-09T01:52:54.868+0000][1][safepoint    ] Leaving safepoint region
[2019-12-09T01:52:54.868+0000][1][safepoint    ] Total time for which application threads were stopped: 0.0000884 seconds, Stopping threads took: 0.0000188 seconds
[2019-12-09T01:52:54.881+0000][1][safepoint    ] Application time: 0.0130902 seconds
[2019-12-09T01:52:54.881+0000][1][safepoint    ] Entering safepoint region: RevokeBias
[2019-12-09T01:52:54.881+0000][1][safepoint    ] Leaving safepoint region
[2019-12-09T01:52:54.881+0000][1][safepoint    ] Total time for which application threads were stopped: 0.0000872 seconds, Stopping threads took: 0.0000180 seconds
[2019-12-09T01:52:55.517+0000][1][safepoint    ] Application time: 0.6359258 seconds
[2019-12-09T01:52:55.517+0000][1][safepoint    ] Entering safepoint region: Deoptimize
[2019-12-09T01:52:55.518+0000][1][safepoint    ] Leaving safepoint region
[2019-12-09T01:52:55.518+0000][1][safepoint    ] Total time for which application threads were stopped: 0.0007806 seconds, Stopping threads took: 0.0000976 seconds
[2019-12-09T01:52:56.137+0000][1][safepoint    ] Application time: 0.6193798 seconds
[2019-12-09T01:52:56.137+0000][1][safepoint    ] Entering safepoint region: BulkRevokeBias
[2019-12-09T01:52:56.137+0000][1][safepoint    ] Leaving safepoint region
[2019-12-09T01:52:56.137+0000][1][safepoint    ] Total time for which application threads were stopped: 0.0004538 seconds, Stopping threads took: 0.0000202 seconds
[2019-12-09T01:52:56.138+0000][1][safepoint    ] Application time: 0.0000759 seconds
[2019-12-09T01:52:56.138+0000][1][safepoint    ] Entering safepoint region: RevokeBias
[2019-12-09T01:52:56.138+0000][1][safepoint    ] Leaving safepoint region
[2019-12-09T01:52:56.138+0000][1][safepoint    ] Total time for which application threads were stopped: 0.0000626 seconds, Stopping threads took: 0.0000121 seconds
[2019-12-09T01:52:56.207+0000][1][safepoint    ] Application time: 0.0693473 seconds
[2019-12-09T01:52:56.207+0000][1][safepoint    ] Entering safepoint region: CollectForMetadataAllocation
[2019-12-09T01:52:56.207+0000][1][safepoint    ] Leaving safepoint region
[2019-12-09T01:52:56.207+0000][1][safepoint    ] Total time for which application threads were stopped: 0.0002549 seconds, Stopping threads took: 0.0000196 seconds
[2019-12-09T01:52:56.208+0000][1][safepoint    ] Application time: 0.0010071 seconds
[2019-12-09T01:52:56.243+0000][1][safepoint    ] Entering safepoint region: RevokeBias
[2019-12-09T01:52:56.243+0000][1][safepoint    ] Leaving safepoint region
[2019-12-09T01:52:56.243+0000][1][safepoint    ] Total time for which application threads were stopped: 0.0345301 seconds, Stopping threads took: 0.0344378 seconds
[2019-12-09T01:52:56.243+0000][1][safepoint    ] Application time: 0.0001124 seconds
[2019-12-09T01:52:56.243+0000][1][safepoint    ] Entering safepoint region: BulkRevokeBias
[2019-12-09T01:52:56.243+0000][1][safepoint    ] Leaving safepoint region
[2019-12-09T01:52:56.243+0000][1][safepoint    ] Total time for which application threads were stopped: 0.0003404 seconds, Stopping threads took: 0.0000129 seconds
[2019-12-09T01:52:56.244+0000][1][safepoint    ] Application time: 0.0003111 seconds
[2019-12-09T01:52:56.244+0000][1][safepoint    ] Entering safepoint region: RevokeBias
[2019-12-09T01:52:56.244+0000][1][safepoint    ] Leaving safepoint region
[2019-12-09T01:52:56.244+0000][1][safepoint    ] Total time for which application threads were stopped: 0.0000946 seconds, Stopping threads took: 0.0000163 seconds
[2019-12-09T01:52:56.436+0000][1][safepoint    ] Application time: 0.1919757 seconds
[2019-12-09T01:52:56.436+0000][1][safepoint    ] Entering safepoint region: RevokeBias
[2019-12-09T01:52:56.436+0000][1][safepoint    ] Leaving safepoint region
[2019-12-09T01:52:56.436+0000][1][safepoint    ] Total time for which application threads were stopped: 0.0001276 seconds, Stopping threads took: 0.0000211 seconds
[2019-12-09T01:52:56.436+0000][1][safepoint    ] Application time: 0.0002687 seconds
[2019-12-09T01:52:56.436+0000][1][safepoint    ] Entering safepoint region: RevokeBias
[2019-12-09T01:52:56.436+0000][1][safepoint    ] Leaving safepoint region
[2019-12-09T01:52:56.436+0000][1][safepoint    ] Total time for which application threads were stopped: 0.0000783 seconds, Stopping threads took: 0.0000164 seconds
[2019-12-09T01:52:56.438+0000][1][safepoint    ] Application time: 0.0015766 seconds
[2019-12-09T01:52:56.438+0000][1][safepoint    ] Entering safepoint region: RevokeBias
[2019-12-09T01:52:56.438+0000][1][safepoint    ] Leaving safepoint region
[2019-12-09T01:52:56.438+0000][1][safepoint    ] Total time for which application threads were stopped: 0.0000617 seconds, Stopping threads took: 0.0000153 seconds
[2019-12-09T01:52:56.438+0000][1][safepoint    ] Application time: 0.0000632 seconds
[2019-12-09T01:52:56.438+0000][1][safepoint    ] Entering safepoint region: RevokeBias
[2019-12-09T01:52:56.438+0000][1][safepoint    ] Leaving safepoint region
[2019-12-09T01:52:56.438+0000][1][safepoint    ] Total time for which application threads were stopped: 0.0000440 seconds, Stopping threads took: 0.0000098 seconds
[2019-12-09T01:52:56.438+0000][1][safepoint    ] Application time: 0.0000532 seconds
[2019-12-09T01:52:56.438+0000][1][safepoint    ] Entering safepoint region: RevokeBias
[2019-12-09T01:52:56.438+0000][1][safepoint    ] Leaving safepoint region
[2019-12-09T01:52:56.438+0000][1][safepoint    ] Total time for which application threads were stopped: 0.0000386 seconds, Stopping threads took: 0.0000092 seconds
[2019-12-09T01:52:56.438+0000][1][safepoint    ] Application time: 0.0000504 seconds
[2019-12-09T01:52:56.438+0000][1][safepoint    ] Entering safepoint region: RevokeBias
[2019-12-09T01:52:56.438+0000][1][safepoint    ] Leaving safepoint region
[2019-12-09T01:52:56.438+0000][1][safepoint    ] Total time for which application threads were stopped: 0.0000368 seconds, Stopping threads took: 0.0000084 seconds
[2019-12-09T01:52:56.438+0000][1][safepoint    ] Application time: 0.0000508 seconds
[2019-12-09T01:52:56.438+0000][1][safepoint    ] Entering safepoint region: RevokeBias
[2019-12-09T01:52:56.438+0000][1][safepoint    ] Leaving safepoint region
[2019-12-09T01:52:56.438+0000][1][safepoint    ] Total time for which application threads were stopped: 0.0000424 seconds, Stopping threads took: 0.0000099 seconds
[2019-12-09T01:52:56.438+0000][1][safepoint    ] Application time: 0.0000543 seconds
[2019-12-09T01:52:56.438+0000][1][safepoint    ] Entering safepoint region: RevokeBias
[2019-12-09T01:52:56.438+0000][1][safepoint    ] Leaving safepoint region
[2019-12-09T01:52:56.438+0000][1][safepoint    ] Total time for which application threads were stopped: 0.0000456 seconds, Stopping threads took: 0.0000181 seconds
[2019-12-09T01:52:56.439+0000][1][safepoint    ] Application time: 0.0000460 seconds
[2019-12-09T01:52:56.439+0000][1][safepoint    ] Entering safepoint region: RevokeBias
[2019-12-09T01:52:56.439+0000][1][safepoint    ] Leaving safepoint region
[2019-12-09T01:52:56.439+0000][1][safepoint    ] Total time for which application threads were stopped: 0.0000342 seconds, Stopping threads took: 0.0000076 seconds
[2019-12-09T01:52:56.439+0000][1][safepoint    ] Application time: 0.0000448 seconds
[2019-12-09T01:52:56.439+0000][1][safepoint    ] Entering safepoint region: RevokeBias
[2019-12-09T01:52:56.439+0000][1][safepoint    ] Leaving safepoint region
[2019-12-09T01:52:56.439+0000][1][safepoint    ] Total time for which application threads were stopped: 0.0000539 seconds, Stopping threads took: 0.0000082 seconds
[2019-12-09T01:52:56.684+0000][1][safepoint    ] Application time: 0.2450809 seconds
[2019-12-09T01:52:56.684+0000][1][safepoint    ] Entering safepoint region: RevokeBias
[2019-12-09T01:52:56.684+0000][1][safepoint    ] Leaving safepoint region
[2019-12-09T01:52:56.684+0000][1][safepoint    ] Total time for which application threads were stopped: 0.0001057 seconds, Stopping threads took: 0.0000212 seconds
[2019-12-09T01:52:56.825+0000][1][safepoint    ] Application time: 0.1407240 seconds
[2019-12-09T01:52:56.825+0000][1][safepoint    ] Entering safepoint region: RevokeBias
[2019-12-09T01:52:56.825+0000][1][safepoint    ] Leaving safepoint region
[2019-12-09T01:52:56.825+0000][1][safepoint    ] Total time for which application threads were stopped: 0.0001161 seconds, Stopping threads took: 0.0000219 seconds
[2019-12-09T01:52:56.826+0000][1][safepoint    ] Application time: 0.0010536 seconds
[2019-12-09T01:52:56.826+0000][1][safepoint    ] Entering safepoint region: RevokeBias
[2019-12-09T01:52:56.826+0000][1][safepoint    ] Leaving safepoint region
[2019-12-09T01:52:56.826+0000][1][safepoint    ] Total time for which application threads were stopped: 0.0000866 seconds, Stopping threads took: 0.0000171 seconds
[2019-12-09T01:52:57.429+0000][1][safepoint    ] Application time: 0.6027519 seconds
[2019-12-09T01:52:57.429+0000][1][safepoint    ] Entering safepoint region: CMS_Initial_Mark
[2019-12-09T01:52:57.429+0000][1][gc,start     ] GC(22) Pause Initial Mark
[2019-12-09T01:52:57.491+0000][1][gc           ] GC(22) Pause Initial Mark 101M->101M(247M) 61.860ms
[2019-12-09T01:52:57.491+0000][1][gc,cpu       ] GC(22) User=0.03s Sys=0.00s Real=0.06s
[2019-12-09T01:52:57.491+0000][1][safepoint    ] Leaving safepoint region
[2019-12-09T01:52:57.491+0000][1][safepoint    ] Total time for which application threads were stopped: 0.0620358 seconds, Stopping threads took: 0.0000202 seconds
[2019-12-09T01:52:57.491+0000][1][gc           ] GC(22) Concurrent Mark
[2019-12-09T01:52:57.790+0000][1][gc           ] GC(22) Concurrent Mark 298.667ms
[2019-12-09T01:52:57.790+0000][1][gc,cpu       ] GC(22) User=0.11s Sys=0.00s Real=0.30s
[2019-12-09T01:52:57.790+0000][1][gc           ] GC(22) Concurrent Preclean
[2019-12-09T01:52:57.791+0000][1][gc           ] GC(22) Concurrent Preclean 1.693ms
[2019-12-09T01:52:57.791+0000][1][gc,cpu       ] GC(22) User=0.00s Sys=0.00s Real=0.00s
[2019-12-09T01:52:57.791+0000][1][gc           ] GC(22) Concurrent Abortable Preclean
[2019-12-09T01:52:58.089+0000][1][safepoint    ] Application time: 0.5979643 seconds
[2019-12-09T01:52:58.089+0000][1][safepoint    ] Entering safepoint region: RevokeBias
[2019-12-09T01:52:58.089+0000][1][safepoint    ] Leaving safepoint region
[2019-12-09T01:52:58.089+0000][1][safepoint    ] Total time for which application threads were stopped: 0.0001104 seconds, Stopping threads took: 0.0000213 seconds
[2019-12-09T01:52:58.089+0000][1][safepoint    ] Application time: 0.0001023 seconds
[2019-12-09T01:52:58.089+0000][1][safepoint    ] Entering safepoint region: RevokeBias
[2019-12-09T01:52:58.089+0000][1][safepoint    ] Leaving safepoint region
[2019-12-09T01:52:58.089+0000][1][safepoint    ] Total time for which application threads were stopped: 0.0000530 seconds, Stopping threads took: 0.0000108 seconds
[2019-12-09T01:52:58.090+0000][1][safepoint    ] Application time: 0.0005315 seconds
[2019-12-09T01:52:58.090+0000][1][safepoint    ] Entering safepoint region: RevokeBias
[2019-12-09T01:52:58.090+0000][1][safepoint    ] Leaving safepoint region
[2019-12-09T01:52:58.090+0000][1][safepoint    ] Total time for which application threads were stopped: 0.0000851 seconds, Stopping threads took: 0.0000325 seconds
[2019-12-09T01:52:59.138+0000][1][safepoint    ] Application time: 1.0479564 seconds
[2019-12-09T01:52:59.149+0000][1][safepoint    ] Entering safepoint region: Cleanup
[2019-12-09T01:52:59.149+0000][1][safepoint    ] Leaving safepoint region
[2019-12-09T01:52:59.149+0000][1][safepoint    ] Total time for which application threads were stopped: 0.0112639 seconds, Stopping threads took: 0.0111750 seconds
[2019-12-09T01:53:00.152+0000][1][safepoint    ] Application time: 1.0026982 seconds
[2019-12-09T01:53:00.152+0000][1][safepoint    ] Entering safepoint region: Cleanup
[2019-12-09T01:53:00.152+0000][1][safepoint    ] Leaving safepoint region
[2019-12-09T01:53:00.152+0000][1][safepoint    ] Total time for which application threads were stopped: 0.0001112 seconds, Stopping threads took: 0.0000306 seconds
[2019-12-09T01:53:01.154+0000][1][safepoint    ] Application time: 1.0018593 seconds
[2019-12-09T01:53:01.154+0000][1][safepoint    ] Entering safepoint region: Cleanup
[2019-12-09T01:53:01.154+0000][1][safepoint    ] Leaving safepoint region
[2019-12-09T01:53:01.154+0000][1][safepoint    ] Total time for which application threads were stopped: 0.0001004 seconds, Stopping threads took: 0.0000242 seconds
[2019-12-09T01:53:02.155+0000][1][safepoint    ] Application time: 1.0008536 seconds
[2019-12-09T01:53:02.155+0000][1][safepoint    ] Entering safepoint region: Cleanup
[2019-12-09T01:53:02.155+0000][1][safepoint    ] Leaving safepoint region
[2019-12-09T01:53:02.155+0000][1][safepoint    ] Total time for which application threads were stopped: 0.0001028 seconds, Stopping threads took: 0.0000241 seconds
[2019-12-09T01:53:02.883+0000][1][gc           ] GC(22) Concurrent Abortable Preclean 5091.391ms
[2019-12-09T01:53:02.883+0000][1][gc,cpu       ] GC(22) User=1.63s Sys=0.00s Real=5.09s
[2019-12-09T01:53:02.887+0000][1][safepoint    ] Application time: 0.7318082 seconds
[2019-12-09T01:53:02.887+0000][1][safepoint    ] Entering safepoint region: CMS_Final_Remark
[2019-12-09T01:53:02.887+0000][1][gc,start     ] GC(22) Pause Remark
[2019-12-09T01:53:03.006+0000][1][gc           ] GC(22) Pause Remark 112M->112M(247M) 118.780ms
[2019-12-09T01:53:03.006+0000][1][gc,cpu       ] GC(22) User=0.05s Sys=0.00s Real=0.12s
[2019-12-09T01:53:03.006+0000][1][safepoint    ] Leaving safepoint region
[2019-12-09T01:53:03.006+0000][1][safepoint    ] Total time for which application threads were stopped: 0.1190160 seconds, Stopping threads took: 0.0000217 seconds
[2019-12-09T01:53:03.008+0000][1][gc           ] GC(22) Concurrent Sweep
[2019-12-09T01:53:03.096+0000][1][gc           ] GC(22) Concurrent Sweep 88.255ms
[2019-12-09T01:53:03.096+0000][1][gc,cpu       ] GC(22) User=0.05s Sys=0.00s Real=0.09s
[2019-12-09T01:53:03.096+0000][1][gc           ] GC(22) Concurrent Reset
[2019-12-09T01:53:03.097+0000][1][gc           ] GC(22) Concurrent Reset 0.332ms
[2019-12-09T01:53:03.097+0000][1][gc,cpu       ] GC(22) User=0.00s Sys=0.00s Real=0.00s
[2019-12-09T01:53:03.097+0000][1][gc,heap      ] GC(22) Old: 61894K->61470K(174784K)
[2019-12-09T01:53:04.007+0000][1][safepoint    ] Application time: 1.0009769 seconds
[2019-12-09T01:53:04.007+0000][1][safepoint    ] Entering safepoint region: Cleanup
[2019-12-09T01:53:04.008+0000][1][safepoint    ] Leaving safepoint region
[2019-12-09T01:53:04.008+0000][1][safepoint    ] Total time for which application threads were stopped: 0.0007730 seconds, Stopping threads took: 0.0000252 seconds
[2019-12-09T01:53:05.008+0000][1][safepoint    ] Application time: 1.0001414 seconds
[2019-12-09T01:53:05.008+0000][1][safepoint    ] Entering safepoint region: Cleanup
[2019-12-09T01:53:05.008+0000][1][safepoint    ] Leaving safepoint region
[2019-12-09T01:53:05.008+0000][1][safepoint    ] Total time for which application threads were stopped: 0.0001170 seconds, Stopping threads took: 0.0000338 seconds
[2019-12-09T01:53:06.009+0000][1][safepoint    ] Application time: 1.0009317 seconds
[2019-12-09T01:53:06.009+0000][1][safepoint    ] Entering safepoint region: Cleanup
[2019-12-09T01:53:06.009+0000][1][safepoint    ] Leaving safepoint region
[2019-12-09T01:53:06.009+0000][1][safepoint    ] Total time for which application threads were stopped: 0.0001088 seconds, Stopping threads took: 0.0000259 seconds
[2019-12-09T01:53:07.013+0000][1][safepoint    ] Application time: 1.0037578 seconds
[2019-12-09T01:53:07.013+0000][1][safepoint    ] Entering safepoint region: Cleanup
[2019-12-09T01:53:07.013+0000][1][safepoint    ] Leaving safepoint region
[2019-12-09T01:53:07.013+0000][1][safepoint    ] Total time for which application threads were stopped: 0.0001089 seconds, Stopping threads took: 0.0000270 seconds
[2019-12-09T01:53:08.016+0000][1][safepoint    ] Application time: 1.0028200 seconds
[2019-12-09T01:53:08.016+0000][1][safepoint    ] Entering safepoint region: Cleanup
[2019-12-09T01:53:08.016+0000][1][safepoint    ] Leaving safepoint region
[2019-12-09T01:53:08.016+0000][1][safepoint    ] Total time for which application threads were stopped: 0.0001183 seconds, Stopping threads took: 0.0000272 seconds
[2019-12-09T01:53:09.020+0000][1][safepoint    ] Application time: 1.0038230 seconds
[2019-12-09T01:53:09.020+0000][1][safepoint    ] Entering safepoint region: Cleanup
[2019-12-09T01:53:09.020+0000][1][safepoint    ] Leaving safepoint region
[2019-12-09T01:53:09.020+0000][1][safepoint    ] Total time for which application threads were stopped: 0.0000963 seconds, Stopping threads took: 0.0000242 seconds
[2019-12-09T01:53:10.022+0000][1][safepoint    ] Application time: 1.0018625 seconds
[2019-12-09T01:53:10.022+0000][1][safepoint    ] Entering safepoint region: Cleanup
[2019-12-09T01:53:10.022+0000][1][safepoint    ] Leaving safepoint region
[2019-12-09T01:53:10.022+0000][1][safepoint    ] Total time for which application threads were stopped: 0.0001103 seconds, Stopping threads took: 0.0000346 seconds
[2019-12-09T01:53:11.025+0000][1][safepoint    ] Application time: 1.0028468 seconds
[2019-12-09T01:53:11.025+0000][1][safepoint    ] Entering safepoint region: Cleanup
[2019-12-09T01:53:11.025+0000][1][safepoint    ] Leaving safepoint region
[2019-12-09T01:53:11.025+0000][1][safepoint    ] Total time for which application threads were stopped: 0.0001128 seconds, Stopping threads took: 0.0000250 seconds
[2019-12-09T01:53:12.026+0000][1][safepoint    ] Application time: 1.0008233 seconds
[2019-12-09T01:53:12.026+0000][1][safepoint    ] Entering safepoint region: Cleanup
[2019-12-09T01:53:12.026+0000][1][safepoint    ] Leaving safepoint region
[2019-12-09T01:53:12.026+0000][1][safepoint    ] Total time for which application threads were stopped: 0.0001130 seconds, Stopping threads took: 0.0000266 seconds
[2019-12-09T01:53:13.032+0000][1][safepoint    ] Application time: 1.0061797 seconds
[2019-12-09T01:53:13.032+0000][1][safepoint    ] Entering safepoint region: Cleanup
[2019-12-09T01:53:13.032+0000][1][safepoint    ] Leaving safepoint region
[2019-12-09T01:53:13.032+0000][1][safepoint    ] Total time for which application threads were stopped: 0.0001182 seconds, Stopping threads took: 0.0000238 seconds
[2019-12-09T01:53:14.038+0000][1][safepoint    ] Application time: 1.0054951 seconds
[2019-12-09T01:53:14.038+0000][1][safepoint    ] Entering safepoint region: Cleanup
[2019-12-09T01:53:14.038+0000][1][safepoint    ] Leaving safepoint region
[2019-12-09T01:53:14.038+0000][1][safepoint    ] Total time for which application threads were stopped: 0.0001095 seconds, Stopping threads took: 0.0000265 seconds
[2019-12-09T01:53:15.041+0000][1][safepoint    ] Application time: 1.0028340 seconds
[2019-12-09T01:53:15.041+0000][1][safepoint    ] Entering safepoint region: Cleanup
[2019-12-09T01:53:15.041+0000][1][safepoint    ] Leaving safepoint region
[2019-12-09T01:53:15.041+0000][1][safepoint    ] Total time for which application threads were stopped: 0.0001089 seconds, Stopping threads took: 0.0000279 seconds
[2019-12-09T01:53:16.042+0000][1][safepoint    ] Application time: 1.0008378 seconds
[2019-12-09T01:53:16.042+0000][1][safepoint    ] Entering safepoint region: Cleanup
[2019-12-09T01:53:16.042+0000][1][safepoint    ] Leaving safepoint region
[2019-12-09T01:53:16.042+0000][1][safepoint    ] Total time for which application threads were stopped: 0.0001065 seconds, Stopping threads took: 0.0000275 seconds
[2019-12-09T01:53:17.043+0000][1][safepoint    ] Application time: 1.0008308 seconds
[2019-12-09T01:53:17.043+0000][1][safepoint    ] Entering safepoint region: Cleanup
[2019-12-09T01:53:17.043+0000][1][safepoint    ] Leaving safepoint region
[2019-12-09T01:53:17.043+0000][1][safepoint    ] Total time for which application threads were stopped: 0.0001293 seconds, Stopping threads took: 0.0000421 seconds
[2019-12-09T01:53:18.044+0000][1][safepoint    ] Application time: 1.0008162 seconds
[2019-12-09T01:53:18.044+0000][1][safepoint    ] Entering safepoint region: Cleanup
[2019-12-09T01:53:18.044+0000][1][safepoint    ] Leaving safepoint region
[2019-12-09T01:53:18.044+0000][1][safepoint    ] Total time for which application threads were stopped: 0.0001222 seconds, Stopping threads took: 0.0000280 seconds
[2019-12-09T01:53:19.045+0000][1][safepoint    ] Application time: 1.0008210 seconds
[2019-12-09T01:53:19.045+0000][1][safepoint    ] Entering safepoint region: Cleanup
[2019-12-09T01:53:19.045+0000][1][safepoint    ] Leaving safepoint region
[2019-12-09T01:53:19.045+0000][1][safepoint    ] Total time for which application threads were stopped: 0.0001196 seconds, Stopping threads took: 0.0000280 seconds
[2019-12-09T01:53:20.046+0000][1][safepoint    ] Application time: 1.0008256 seconds
[2019-12-09T01:53:20.046+0000][1][safepoint    ] Entering safepoint region: Cleanup
[2019-12-09T01:53:20.046+0000][1][safepoint    ] Leaving safepoint region
[2019-12-09T01:53:20.046+0000][1][safepoint    ] Total time for which application threads were stopped: 0.0001073 seconds, Stopping threads took: 0.0000245 seconds
[2019-12-09T01:53:21.046+0000][1][safepoint    ] Application time: 1.0000766 seconds
[2019-12-09T01:53:21.046+0000][1][safepoint    ] Entering safepoint region: Cleanup
[2019-12-09T01:53:21.046+0000][1][safepoint    ] Leaving safepoint region
[2019-12-09T01:53:21.046+0000][1][safepoint    ] Total time for which application threads were stopped: 0.0000781 seconds, Stopping threads took: 0.0000172 seconds
[2019-12-09T01:53:22.046+0000][1][safepoint    ] Application time: 1.0000754 seconds
[2019-12-09T01:53:22.046+0000][1][safepoint    ] Entering safepoint region: Cleanup
[2019-12-09T01:53:22.046+0000][1][safepoint    ] Leaving safepoint region
[2019-12-09T01:53:22.046+0000][1][safepoint    ] Total time for which application threads were stopped: 0.0000876 seconds, Stopping threads took: 0.0000176 seconds
[2019-12-09T01:53:23.046+0000][1][safepoint    ] Application time: 1.0000752 seconds
[2019-12-09T01:53:23.046+0000][1][safepoint    ] Entering safepoint region: Cleanup
[2019-12-09T01:53:23.046+0000][1][safepoint    ] Leaving safepoint region
[2019-12-09T01:53:23.046+0000][1][safepoint    ] Total time for which application threads were stopped: 0.0000773 seconds, Stopping threads took: 0.0000178 seconds
[2019-12-09T01:53:24.047+0000][1][safepoint    ] Application time: 1.0000797 seconds
[2019-12-09T01:53:24.047+0000][1][safepoint    ] Entering safepoint region: Cleanup
[2019-12-09T01:53:24.047+0000][1][safepoint    ] Leaving safepoint region
[2019-12-09T01:53:24.047+0000][1][safepoint    ] Total time for which application threads were stopped: 0.0000851 seconds, Stopping threads took: 0.0000180 seconds
[2019-12-09T01:53:25.047+0000][1][safepoint    ] Application time: 1.0000764 seconds
[2019-12-09T01:53:25.047+0000][1][safepoint    ] Entering safepoint region: Cleanup
[2019-12-09T01:53:25.047+0000][1][safepoint    ] Leaving safepoint region
[2019-12-09T01:53:25.047+0000][1][safepoint    ] Total time for which application threads were stopped: 0.0000769 seconds, Stopping threads took: 0.0000164 seconds
[2019-12-09T01:53:26.047+0000][1][safepoint    ] Application time: 1.0000747 seconds
[2019-12-09T01:53:26.047+0000][1][safepoint    ] Entering safepoint region: Cleanup
[2019-12-09T01:53:26.047+0000][1][safepoint    ] Leaving safepoint region
[2019-12-09T01:53:26.047+0000][1][safepoint    ] Total time for which application threads were stopped: 0.0000762 seconds, Stopping threads took: 0.0000185 seconds
[2019-12-09T01:53:27.047+0000][1][safepoint    ] Application time: 1.0000763 seconds
[2019-12-09T01:53:27.047+0000][1][safepoint    ] Entering safepoint region: Cleanup
[2019-12-09T01:53:27.047+0000][1][safepoint    ] Leaving safepoint region
[2019-12-09T01:53:27.047+0000][1][safepoint    ] Total time for which application threads were stopped: 0.0000898 seconds, Stopping threads took: 0.0000189 seconds
[2019-12-09T01:53:28.047+0000][1][safepoint    ] Application time: 1.0000766 seconds
[2019-12-09T01:53:28.047+0000][1][safepoint    ] Entering safepoint region: Cleanup
[2019-12-09T01:53:28.047+0000][1][safepoint    ] Leaving safepoint region
[2019-12-09T01:53:28.047+0000][1][safepoint    ] Total time for which application threads were stopped: 0.0000840 seconds, Stopping threads took: 0.0000191 seconds
[2019-12-09T01:53:29.048+0000][1][safepoint    ] Application time: 1.0000921 seconds
[2019-12-09T01:53:29.048+0000][1][safepoint    ] Entering safepoint region: Cleanup
[2019-12-09T01:53:29.048+0000][1][safepoint    ] Leaving safepoint region
[2019-12-09T01:53:29.048+0000][1][safepoint    ] Total time for which application threads were stopped: 0.0001303 seconds, Stopping threads took: 0.0000257 seconds
[2019-12-09T01:53:30.048+0000][1][safepoint    ] Application time: 1.0000768 seconds
[2019-12-09T01:53:30.048+0000][1][safepoint    ] Entering safepoint region: Cleanup
[2019-12-09T01:53:30.048+0000][1][safepoint    ] Leaving safepoint region
[2019-12-09T01:53:30.048+0000][1][safepoint    ] Total time for which application threads were stopped: 0.0000744 seconds, Stopping threads took: 0.0000166 seconds
[2019-12-09T01:53:31.048+0000][1][safepoint    ] Application time: 1.0000752 seconds
[2019-12-09T01:53:31.048+0000][1][safepoint    ] Entering safepoint region: Cleanup
[2019-12-09T01:53:31.048+0000][1][safepoint    ] Leaving safepoint region
[2019-12-09T01:53:31.048+0000][1][safepoint    ] Total time for which application threads were stopped: 0.0000830 seconds, Stopping threads took: 0.0000180 seconds
[2019-12-09T01:53:32.048+0000][1][safepoint    ] Application time: 1.0000768 seconds
[2019-12-09T01:53:32.048+0000][1][safepoint    ] Entering safepoint region: Cleanup
[2019-12-09T01:53:32.048+0000][1][safepoint    ] Leaving safepoint region
[2019-12-09T01:53:32.048+0000][1][safepoint    ] Total time for which application threads were stopped: 0.0000845 seconds, Stopping threads took: 0.0000179 seconds
[2019-12-09T01:53:33.048+0000][1][safepoint    ] Application time: 1.0000757 seconds
[2019-12-09T01:53:33.048+0000][1][safepoint    ] Entering safepoint region: Cleanup
[2019-12-09T01:53:33.049+0000][1][safepoint    ] Leaving safepoint region
[2019-12-09T01:53:33.049+0000][1][safepoint    ] Total time for which application threads were stopped: 0.0000845 seconds, Stopping threads took: 0.0000166 seconds
[2019-12-09T01:53:34.049+0000][1][safepoint    ] Application time: 1.0000804 seconds
[2019-12-09T01:53:34.049+0000][1][safepoint    ] Entering safepoint region: Cleanup
[2019-12-09T01:53:34.049+0000][1][safepoint    ] Leaving safepoint region
[2019-12-09T01:53:34.049+0000][1][safepoint    ] Total time for which application threads were stopped: 0.0001157 seconds, Stopping threads took: 0.0000262 seconds
[2019-12-09T01:53:35.049+0000][1][safepoint    ] Application time: 1.0000762 seconds
[2019-12-09T01:53:35.049+0000][1][safepoint    ] Entering safepoint region: Cleanup
[2019-12-09T01:53:35.049+0000][1][safepoint    ] Leaving safepoint region
[2019-12-09T01:53:35.049+0000][1][safepoint    ] Total time for which application threads were stopped: 0.0000957 seconds, Stopping threads took: 0.0000250 seconds
[2019-12-09T01:53:36.049+0000][1][safepoint    ] Application time: 1.0000781 seconds
[2019-12-09T01:53:36.049+0000][1][safepoint    ] Entering safepoint region: Cleanup
[2019-12-09T01:53:36.049+0000][1][safepoint    ] Leaving safepoint region
[2019-12-09T01:53:36.049+0000][1][safepoint    ] Total time for which application threads were stopped: 0.0000761 seconds, Stopping threads took: 0.0000154 seconds
[2019-12-09T01:53:37.049+0000][1][safepoint    ] Application time: 1.0000782 seconds
[2019-12-09T01:53:37.049+0000][1][safepoint    ] Entering safepoint region: Cleanup
[2019-12-09T01:53:37.049+0000][1][safepoint    ] Leaving safepoint region
[2019-12-09T01:53:37.049+0000][1][safepoint    ] Total time for which application threads were stopped: 0.0000859 seconds, Stopping threads took: 0.0000188 seconds
[2019-12-09T01:53:38.050+0000][1][safepoint    ] Application time: 1.0000757 seconds
[2019-12-09T01:53:38.050+0000][1][safepoint    ] Entering safepoint region: Cleanup
[2019-12-09T01:53:38.050+0000][1][safepoint    ] Leaving safepoint region
[2019-12-09T01:53:38.050+0000][1][safepoint    ] Total time for which application threads were stopped: 0.0000828 seconds, Stopping threads took: 0.0000173 seconds
[2019-12-09T01:53:39.050+0000][1][safepoint    ] Application time: 1.0000693 seconds
[2019-12-09T01:53:39.050+0000][1][safepoint    ] Entering safepoint region: Cleanup
[2019-12-09T01:53:39.050+0000][1][safepoint    ] Leaving safepoint region
[2019-12-09T01:53:39.050+0000][1][safepoint    ] Total time for which application threads were stopped: 0.0001097 seconds, Stopping threads took: 0.0000237 seconds
[2019-12-09T01:53:40.050+0000][1][safepoint    ] Application time: 1.0000772 seconds
[2019-12-09T01:53:40.050+0000][1][safepoint    ] Entering safepoint region: Cleanup
[2019-12-09T01:53:40.050+0000][1][safepoint    ] Leaving safepoint region
[2019-12-09T01:53:40.050+0000][1][safepoint    ] Total time for which application threads were stopped: 0.0000909 seconds, Stopping threads took: 0.0000196 seconds
[2019-12-09T01:53:41.050+0000][1][safepoint    ] Application time: 1.0000768 seconds
[2019-12-09T01:53:41.050+0000][1][safepoint    ] Entering safepoint region: Cleanup
[2019-12-09T01:53:41.050+0000][1][safepoint    ] Leaving safepoint region
[2019-12-09T01:53:41.050+0000][1][safepoint    ] Total time for which application threads were stopped: 0.0000921 seconds, Stopping threads took: 0.0000189 seconds
[2019-12-09T01:53:42.050+0000][1][safepoint    ] Application time: 1.0000774 seconds
[2019-12-09T01:53:42.050+0000][1][safepoint    ] Entering safepoint region: Cleanup
[2019-12-09T01:53:42.050+0000][1][safepoint    ] Leaving safepoint region
[2019-12-09T01:53:42.050+0000][1][safepoint    ] Total time for which application threads were stopped: 0.0000778 seconds, Stopping threads took: 0.0000175 seconds
[2019-12-09T01:53:43.051+0000][1][safepoint    ] Application time: 1.0000765 seconds
[2019-12-09T01:53:43.051+0000][1][safepoint    ] Entering safepoint region: Cleanup
[2019-12-09T01:53:43.051+0000][1][safepoint    ] Leaving safepoint region
[2019-12-09T01:53:43.051+0000][1][safepoint    ] Total time for which application threads were stopped: 0.0000863 seconds, Stopping threads took: 0.0000169 seconds
[2019-12-09T01:53:44.052+0000][1][safepoint    ] Application time: 1.0010340 seconds
[2019-12-09T01:53:44.052+0000][1][safepoint    ] Entering safepoint region: Cleanup
[2019-12-09T01:53:44.052+0000][1][safepoint    ] Leaving safepoint region
[2019-12-09T01:53:44.052+0000][1][safepoint    ] Total time for which application threads were stopped: 0.0001148 seconds, Stopping threads took: 0.0000245 seconds
[2019-12-09T01:53:45.052+0000][1][safepoint    ] Application time: 1.0000777 seconds
[2019-12-09T01:53:45.052+0000][1][safepoint    ] Entering safepoint region: Cleanup
[2019-12-09T01:53:45.052+0000][1][safepoint    ] Leaving safepoint region
[2019-12-09T01:53:45.052+0000][1][safepoint    ] Total time for which application threads were stopped: 0.0000808 seconds, Stopping threads took: 0.0000181 seconds
[2019-12-09T01:53:46.052+0000][1][safepoint    ] Application time: 1.0000735 seconds
[2019-12-09T01:53:46.052+0000][1][safepoint    ] Entering safepoint region: Cleanup
[2019-12-09T01:53:46.052+0000][1][safepoint    ] Leaving safepoint region
[2019-12-09T01:53:46.052+0000][1][safepoint    ] Total time for which application threads were stopped: 0.0000808 seconds, Stopping threads took: 0.0000156 seconds
[2019-12-09T01:53:47.052+0000][1][safepoint    ] Application time: 1.0000764 seconds
[2019-12-09T01:53:47.052+0000][1][safepoint    ] Entering safepoint region: Cleanup
[2019-12-09T01:53:47.052+0000][1][safepoint    ] Leaving safepoint region
[2019-12-09T01:53:47.052+0000][1][safepoint    ] Total time for which application threads were stopped: 0.0000741 seconds, Stopping threads took: 0.0000149 seconds
[2019-12-09T01:53:48.053+0000][1][safepoint    ] Application time: 1.0000755 seconds
[2019-12-09T01:53:48.053+0000][1][safepoint    ] Entering safepoint region: Cleanup
[2019-12-09T01:53:48.053+0000][1][safepoint    ] Leaving safepoint region
[2019-12-09T01:53:48.053+0000][1][safepoint    ] Total time for which application threads were stopped: 0.0000760 seconds, Stopping threads took: 0.0000159 seconds
[2019-12-09T01:53:49.053+0000][1][safepoint    ] Application time: 1.0003761 seconds
[2019-12-09T01:53:49.053+0000][1][safepoint    ] Entering safepoint region: Cleanup
[2019-12-09T01:53:49.053+0000][1][safepoint    ] Leaving safepoint region
[2019-12-09T01:53:49.053+0000][1][safepoint    ] Total time for which application threads were stopped: 0.0001270 seconds, Stopping threads took: 0.0000255 seconds
[2019-12-09T01:53:49.942+0000][1][safepoint    ] Application time: 0.8884218 seconds
[2019-12-09T01:53:49.942+0000][1][safepoint    ] Entering safepoint region: GenCollectForAllocation
[2019-12-09T01:53:49.942+0000][1][gc,start     ] GC(23) Pause Young (Allocation Failure)
[2019-12-09T01:53:49.942+0000][1][gc,task      ] GC(23) Using 2 workers of 2 for evacuation
[2019-12-09T01:53:49.963+0000][1][gc,age       ] GC(23) Desired survivor size 4456448 bytes, new threshold 6 (max threshold 6)
[2019-12-09T01:53:49.963+0000][1][gc,age       ] GC(23) Age table with threshold 6 (max threshold 6)
[2019-12-09T01:53:49.963+0000][1][gc,age       ] GC(23) - age   1:    1171816 bytes,    1171816 total
[2019-12-09T01:53:49.963+0000][1][gc,age       ] GC(23) - age   2:    2971984 bytes,    4143800 total
[2019-12-09T01:53:49.963+0000][1][gc,heap      ] GC(23) ParNew: 78401K->6095K(78656K)
[2019-12-09T01:53:49.963+0000][1][gc,heap      ] GC(23) CMS: 61470K->65204K(174784K)
[2019-12-09T01:53:49.963+0000][1][gc,metaspace ] GC(23) Metaspace: 68334K->68334K(1112064K)
[2019-12-09T01:53:49.963+0000][1][gc           ] GC(23) Pause Young (Allocation Failure) 136M->69M(247M) 20.768ms
[2019-12-09T01:53:49.963+0000][1][gc,cpu       ] GC(23) User=0.05s Sys=0.00s Real=0.02s
[2019-12-09T01:53:49.963+0000][1][safepoint    ] Leaving safepoint region
[2019-12-09T01:53:49.963+0000][1][safepoint    ] Total time for which application threads were stopped: 0.0209150 seconds, Stopping threads took: 0.0000171 seconds
[2019-12-09T01:53:50.963+0000][1][safepoint    ] Application time: 1.0000861 seconds
[2019-12-09T01:53:50.963+0000][1][safepoint    ] Entering safepoint region: Cleanup
[2019-12-09T01:53:50.963+0000][1][safepoint    ] Leaving safepoint region
[2019-12-09T01:53:50.963+0000][1][safepoint    ] Total time for which application threads were stopped: 0.0000785 seconds, Stopping threads took: 0.0000184 seconds
[2019-12-09T01:53:51.963+0000][1][safepoint    ] Application time: 1.0000760 seconds
[2019-12-09T01:53:51.963+0000][1][safepoint    ] Entering safepoint region: Cleanup
[2019-12-09T01:53:51.963+0000][1][safepoint    ] Leaving safepoint region
[2019-12-09T01:53:51.963+0000][1][safepoint    ] Total time for which application threads were stopped: 0.0000818 seconds, Stopping threads took: 0.0000173 seconds
[2019-12-09T01:53:52.963+0000][1][safepoint    ] Application time: 1.0000748 seconds
[2019-12-09T01:53:52.963+0000][1][safepoint    ] Entering safepoint region: Cleanup
[2019-12-09T01:53:52.963+0000][1][safepoint    ] Leaving safepoint region
[2019-12-09T01:53:52.963+0000][1][safepoint    ] Total time for which application threads were stopped: 0.0000814 seconds, Stopping threads took: 0.0000167 seconds
[2019-12-09T01:53:54.963+0000][1][safepoint    ] Application time: 2.0001390 seconds
[2019-12-09T01:53:54.963+0000][1][safepoint    ] Entering safepoint region: Cleanup
[2019-12-09T01:53:54.963+0000][1][safepoint    ] Leaving safepoint region
[2019-12-09T01:53:54.964+0000][1][safepoint    ] Total time for which application threads were stopped: 0.0000762 seconds, Stopping threads took: 0.0000156 seconds
[2019-12-09T01:53:57.964+0000][1][safepoint    ] Application time: 3.0002150 seconds
[2019-12-09T01:53:57.964+0000][1][safepoint    ] Entering safepoint region: Cleanup
[2019-12-09T01:53:57.964+0000][1][safepoint    ] Leaving safepoint region
[2019-12-09T01:53:57.964+0000][1][safepoint    ] Total time for which application threads were stopped: 0.0000879 seconds, Stopping threads took: 0.0000162 seconds
[2019-12-09T01:53:59.964+0000][1][safepoint    ] Application time: 2.0001433 seconds
[2019-12-09T01:53:59.964+0000][1][safepoint    ] Entering safepoint region: Cleanup
[2019-12-09T01:53:59.964+0000][1][safepoint    ] Leaving safepoint region
[2019-12-09T01:53:59.964+0000][1][safepoint    ] Total time for which application threads were stopped: 0.0000798 seconds, Stopping threads took: 0.0000163 seconds
[2019-12-09T01:54:00.964+0000][1][safepoint    ] Application time: 1.0000755 seconds
[2019-12-09T01:54:00.964+0000][1][safepoint    ] Entering safepoint region: Cleanup
[2019-12-09T01:54:00.964+0000][1][safepoint    ] Leaving safepoint region
[2019-12-09T01:54:00.964+0000][1][safepoint    ] Total time for which application threads were stopped: 0.0000811 seconds, Stopping threads took: 0.0000166 seconds
[2019-12-09T01:54:01.964+0000][1][safepoint    ] Application time: 1.0000892 seconds
[2019-12-09T01:54:01.964+0000][1][safepoint    ] Entering safepoint region: Cleanup
[2019-12-09T01:54:01.965+0000][1][safepoint    ] Leaving safepoint region
[2019-12-09T01:54:01.965+0000][1][safepoint    ] Total time for which application threads were stopped: 0.0001124 seconds, Stopping threads took: 0.0000246 seconds
[2019-12-09T01:54:06.965+0000][1][safepoint    ] Application time: 5.0003426 seconds
[2019-12-09T01:54:06.965+0000][1][safepoint    ] Entering safepoint region: Cleanup
[2019-12-09T01:54:06.965+0000][1][safepoint    ] Leaving safepoint region
[2019-12-09T01:54:06.965+0000][1][safepoint    ] Total time for which application threads were stopped: 0.0000882 seconds, Stopping threads took: 0.0000248 seconds
[2019-12-09T01:54:08.965+0000][1][safepoint    ] Application time: 2.0001401 seconds
[2019-12-09T01:54:08.965+0000][1][safepoint    ] Entering safepoint region: Cleanup
[2019-12-09T01:54:08.965+0000][1][safepoint    ] Leaving safepoint region
[2019-12-09T01:54:08.965+0000][1][safepoint    ] Total time for which application threads were stopped: 0.0000842 seconds, Stopping threads took: 0.0000167 seconds
[2019-12-09T01:54:09.965+0000][1][safepoint    ] Application time: 1.0000779 seconds
[2019-12-09T01:54:09.965+0000][1][safepoint    ] Entering safepoint region: Cleanup
[2019-12-09T01:54:09.965+0000][1][safepoint    ] Leaving safepoint region
[2019-12-09T01:54:09.965+0000][1][safepoint    ] Total time for which application threads were stopped: 0.0000798 seconds, Stopping threads took: 0.0000160 seconds
[2019-12-09T01:54:11.966+0000][1][safepoint    ] Application time: 2.0001420 seconds
[2019-12-09T01:54:11.966+0000][1][safepoint    ] Entering safepoint region: Cleanup
[2019-12-09T01:54:11.966+0000][1][safepoint    ] Leaving safepoint region
[2019-12-09T01:54:11.966+0000][1][safepoint    ] Total time for which application threads were stopped: 0.0000822 seconds, Stopping threads took: 0.0000183 seconds
[2019-12-09T01:54:12.966+0000][1][safepoint    ] Application time: 1.0000742 seconds
[2019-12-09T01:54:12.966+0000][1][safepoint    ] Entering safepoint region: Cleanup
[2019-12-09T01:54:12.966+0000][1][safepoint    ] Leaving safepoint region
[2019-12-09T01:54:12.966+0000][1][safepoint    ] Total time for which application threads were stopped: 0.0000752 seconds, Stopping threads took: 0.0000160 seconds
[2019-12-09T01:54:13.966+0000][1][safepoint    ] Application time: 1.0000753 seconds
[2019-12-09T01:54:13.966+0000][1][safepoint    ] Entering safepoint region: Cleanup
[2019-12-09T01:54:13.966+0000][1][safepoint    ] Leaving safepoint region
[2019-12-09T01:54:13.966+0000][1][safepoint    ] Total time for which application threads were stopped: 0.0000807 seconds, Stopping threads took: 0.0000179 seconds
[2019-12-09T01:54:14.966+0000][1][safepoint    ] Application time: 1.0000745 seconds
[2019-12-09T01:54:14.966+0000][1][safepoint    ] Entering safepoint region: Cleanup
[2019-12-09T01:54:14.966+0000][1][safepoint    ] Leaving safepoint region
[2019-12-09T01:54:14.966+0000][1][safepoint    ] Total time for which application threads were stopped: 0.0000797 seconds, Stopping threads took: 0.0000168 seconds
[2019-12-09T01:54:16.967+0000][1][safepoint    ] Application time: 2.0001422 seconds
[2019-12-09T01:54:16.967+0000][1][safepoint    ] Entering safepoint region: Cleanup
[2019-12-09T01:54:16.967+0000][1][safepoint    ] Leaving safepoint region
[2019-12-09T01:54:16.967+0000][1][safepoint    ] Total time for which application threads were stopped: 0.0000916 seconds, Stopping threads took: 0.0000176 seconds
[2019-12-09T01:54:17.967+0000][1][safepoint    ] Application time: 1.0000763 seconds
[2019-12-09T01:54:17.967+0000][1][safepoint    ] Entering safepoint region: Cleanup
[2019-12-09T01:54:17.967+0000][1][safepoint    ] Leaving safepoint region
[2019-12-09T01:54:17.967+0000][1][safepoint    ] Total time for which application threads were stopped: 0.0000827 seconds, Stopping threads took: 0.0000165 seconds
[2019-12-09T01:54:19.967+0000][1][safepoint    ] Application time: 2.0001384 seconds
[2019-12-09T01:54:19.967+0000][1][safepoint    ] Entering safepoint region: Cleanup
[2019-12-09T01:54:19.967+0000][1][safepoint    ] Leaving safepoint region
[2019-12-09T01:54:19.967+0000][1][safepoint    ] Total time for which application threads were stopped: 0.0000739 seconds, Stopping threads took: 0.0000153 seconds
[2019-12-09T01:54:25.969+0000][1][safepoint    ] Application time: 6.0016916 seconds
[2019-12-09T01:54:25.969+0000][1][safepoint    ] Entering safepoint region: Cleanup
[2019-12-09T01:54:25.969+0000][1][safepoint    ] Leaving safepoint region
[2019-12-09T01:54:25.969+0000][1][safepoint    ] Total time for which application threads were stopped: 0.0000817 seconds, Stopping threads took: 0.0000213 seconds
[2019-12-09T01:54:26.969+0000][1][safepoint    ] Application time: 1.0000797 seconds
[2019-12-09T01:54:26.969+0000][1][safepoint    ] Entering safepoint region: Cleanup
[2019-12-09T01:54:26.969+0000][1][safepoint    ] Leaving safepoint region
[2019-12-09T01:54:26.969+0000][1][safepoint    ] Total time for which application threads were stopped: 0.0000813 seconds, Stopping threads took: 0.0000163 seconds
[2019-12-09T01:54:27.969+0000][1][safepoint    ] Application time: 1.0000766 seconds
[2019-12-09T01:54:27.969+0000][1][safepoint    ] Entering safepoint region: Cleanup
[2019-12-09T01:54:27.969+0000][1][safepoint    ] Leaving safepoint region
[2019-12-09T01:54:27.969+0000][1][safepoint    ] Total time for which application threads were stopped: 0.0000795 seconds, Stopping threads took: 0.0000177 seconds
[2019-12-09T01:54:30.969+0000][1][safepoint    ] Application time: 3.0002079 seconds
[2019-12-09T01:54:30.970+0000][1][safepoint    ] Entering safepoint region: Cleanup
[2019-12-09T01:54:30.970+0000][1][safepoint    ] Leaving safepoint region
[2019-12-09T01:54:30.970+0000][1][safepoint    ] Total time for which application threads were stopped: 0.0000869 seconds, Stopping threads took: 0.0000240 seconds
[2019-12-09T01:54:31.970+0000][1][safepoint    ] Application time: 1.0000763 seconds
[2019-12-09T01:54:31.970+0000][1][safepoint    ] Entering safepoint region: Cleanup
[2019-12-09T01:54:31.970+0000][1][safepoint    ] Leaving safepoint region
[2019-12-09T01:54:31.970+0000][1][safepoint    ] Total time for which application threads were stopped: 0.0000803 seconds, Stopping threads took: 0.0000170 seconds
[2019-12-09T01:54:32.970+0000][1][safepoint    ] Application time: 1.0000771 seconds
[2019-12-09T01:54:32.970+0000][1][safepoint    ] Entering safepoint region: Cleanup
[2019-12-09T01:54:32.970+0000][1][safepoint    ] Leaving safepoint region
[2019-12-09T01:54:32.970+0000][1][safepoint    ] Total time for which application threads were stopped: 0.0000806 seconds, Stopping threads took: 0.0000167 seconds
[2019-12-09T01:54:34.970+0000][1][safepoint    ] Application time: 2.0001421 seconds
[2019-12-09T01:54:34.970+0000][1][safepoint    ] Entering safepoint region: Cleanup
[2019-12-09T01:54:34.970+0000][1][safepoint    ] Leaving safepoint region
[2019-12-09T01:54:34.970+0000][1][safepoint    ] Total time for which application threads were stopped: 0.0000823 seconds, Stopping threads took: 0.0000164 seconds
[2019-12-09T01:54:38.971+0000][1][safepoint    ] Application time: 4.0002763 seconds
[2019-12-09T01:54:38.971+0000][1][safepoint    ] Entering safepoint region: Cleanup
[2019-12-09T01:54:38.971+0000][1][safepoint    ] Leaving safepoint region
[2019-12-09T01:54:38.971+0000][1][safepoint    ] Total time for which application threads were stopped: 0.0000835 seconds, Stopping threads took: 0.0000186 seconds
[2019-12-09T01:54:41.971+0000][1][safepoint    ] Application time: 3.0002104 seconds
[2019-12-09T01:54:41.971+0000][1][safepoint    ] Entering safepoint region: Cleanup
[2019-12-09T01:54:41.971+0000][1][safepoint    ] Leaving safepoint region
[2019-12-09T01:54:41.971+0000][1][safepoint    ] Total time for which application threads were stopped: 0.0000848 seconds, Stopping threads took: 0.0000243 seconds
[2019-12-09T01:54:43.971+0000][1][safepoint    ] Application time: 2.0001421 seconds
[2019-12-09T01:54:43.971+0000][1][safepoint    ] Entering safepoint region: Cleanup
[2019-12-09T01:54:43.971+0000][1][safepoint    ] Leaving safepoint region
[2019-12-09T01:54:43.971+0000][1][safepoint    ] Total time for which application threads were stopped: 0.0000855 seconds, Stopping threads took: 0.0000181 seconds
[2019-12-09T01:54:44.971+0000][1][safepoint    ] Application time: 1.0000755 seconds
[2019-12-09T01:54:44.971+0000][1][safepoint    ] Entering safepoint region: Cleanup
[2019-12-09T01:54:44.971+0000][1][safepoint    ] Leaving safepoint region
[2019-12-09T01:54:44.971+0000][1][safepoint    ] Total time for which application threads were stopped: 0.0000879 seconds, Stopping threads took: 0.0000239 seconds
[2019-12-09T01:54:46.972+0000][1][safepoint    ] Application time: 2.0001388 seconds
[2019-12-09T01:54:46.972+0000][1][safepoint    ] Entering safepoint region: Cleanup
[2019-12-09T01:54:46.972+0000][1][safepoint    ] Leaving safepoint region
[2019-12-09T01:54:46.972+0000][1][safepoint    ] Total time for which application threads were stopped: 0.0000978 seconds, Stopping threads took: 0.0000330 seconds
[2019-12-09T01:54:47.972+0000][1][safepoint    ] Application time: 1.0000805 seconds
[2019-12-09T01:54:47.972+0000][1][safepoint    ] Entering safepoint region: Cleanup
[2019-12-09T01:54:47.972+0000][1][safepoint    ] Leaving safepoint region
[2019-12-09T01:54:47.972+0000][1][safepoint    ] Total time for which application threads were stopped: 0.0000834 seconds, Stopping threads took: 0.0000175 seconds
[2019-12-09T01:54:48.972+0000][1][safepoint    ] Application time: 1.0000765 seconds
[2019-12-09T01:54:48.972+0000][1][safepoint    ] Entering safepoint region: Cleanup
[2019-12-09T01:54:48.972+0000][1][safepoint    ] Leaving safepoint region
[2019-12-09T01:54:48.972+0000][1][safepoint    ] Total time for which application threads were stopped: 0.0000790 seconds, Stopping threads took: 0.0000174 seconds
[2019-12-09T01:54:51.972+0000][1][safepoint    ] Application time: 3.0002060 seconds
[2019-12-09T01:54:51.972+0000][1][safepoint    ] Entering safepoint region: Cleanup
[2019-12-09T01:54:51.972+0000][1][safepoint    ] Leaving safepoint region
[2019-12-09T01:54:51.972+0000][1][safepoint    ] Total time for which application threads were stopped: 0.0000764 seconds, Stopping threads took: 0.0000152 seconds
[2019-12-09T01:54:54.973+0000][1][safepoint    ] Application time: 3.0002103 seconds
[2019-12-09T01:54:54.973+0000][1][safepoint    ] Entering safepoint region: Cleanup
[2019-12-09T01:54:54.973+0000][1][safepoint    ] Leaving safepoint region
[2019-12-09T01:54:54.973+0000][1][safepoint    ] Total time for which application threads were stopped: 0.0000803 seconds, Stopping threads took: 0.0000170 seconds
[2019-12-09T01:55:01.973+0000][1][safepoint    ] Application time: 7.0004911 seconds
[2019-12-09T01:55:01.973+0000][1][safepoint    ] Entering safepoint region: Cleanup
[2019-12-09T01:55:01.973+0000][1][safepoint    ] Leaving safepoint region
[2019-12-09T01:55:01.973+0000][1][safepoint    ] Total time for which application threads were stopped: 0.0001223 seconds, Stopping threads took: 0.0000363 seconds
[2019-12-09T01:55:02.974+0000][1][safepoint    ] Application time: 1.0000780 seconds
[2019-12-09T01:55:02.974+0000][1][safepoint    ] Entering safepoint region: Cleanup
[2019-12-09T01:55:02.974+0000][1][safepoint    ] Leaving safepoint region
[2019-12-09T01:55:02.974+0000][1][safepoint    ] Total time for which application threads were stopped: 0.0000929 seconds, Stopping threads took: 0.0000166 seconds
[2019-12-09T01:55:03.974+0000][1][safepoint    ] Application time: 1.0000765 seconds
[2019-12-09T01:55:03.974+0000][1][safepoint    ] Entering safepoint region: Cleanup
[2019-12-09T01:55:03.974+0000][1][safepoint    ] Leaving safepoint region
[2019-12-09T01:55:03.974+0000][1][safepoint    ] Total time for which application threads were stopped: 0.0000773 seconds, Stopping threads took: 0.0000162 seconds
[2019-12-09T01:55:05.974+0000][1][safepoint    ] Application time: 2.0001428 seconds
[2019-12-09T01:55:05.974+0000][1][safepoint    ] Entering safepoint region: Cleanup
[2019-12-09T01:55:05.974+0000][1][safepoint    ] Leaving safepoint region
[2019-12-09T01:55:05.974+0000][1][safepoint    ] Total time for which application threads were stopped: 0.0000799 seconds, Stopping threads took: 0.0000174 seconds
[2019-12-09T01:55:11.975+0000][1][safepoint    ] Application time: 6.0004087 seconds
[2019-12-09T01:55:11.975+0000][1][safepoint    ] Entering safepoint region: Cleanup
[2019-12-09T01:55:11.975+0000][1][safepoint    ] Leaving safepoint region
[2019-12-09T01:55:11.975+0000][1][safepoint    ] Total time for which application threads were stopped: 0.0000971 seconds, Stopping threads took: 0.0000177 seconds
[2019-12-09T01:55:12.975+0000][1][safepoint    ] Application time: 1.0000754 seconds
[2019-12-09T01:55:12.975+0000][1][safepoint    ] Entering safepoint region: Cleanup
[2019-12-09T01:55:12.975+0000][1][safepoint    ] Leaving safepoint region
[2019-12-09T01:55:12.975+0000][1][safepoint    ] Total time for which application threads were stopped: 0.0000815 seconds, Stopping threads took: 0.0000172 seconds
[2019-12-09T01:55:13.975+0000][1][safepoint    ] Application time: 1.0000752 seconds
[2019-12-09T01:55:13.975+0000][1][safepoint    ] Entering safepoint region: Cleanup
[2019-12-09T01:55:13.975+0000][1][safepoint    ] Leaving safepoint region
[2019-12-09T01:55:13.975+0000][1][safepoint    ] Total time for which application threads were stopped: 0.0000790 seconds, Stopping threads took: 0.0000167 seconds
[2019-12-09T01:55:16.975+0000][1][safepoint    ] Application time: 3.0002086 seconds
[2019-12-09T01:55:16.975+0000][1][safepoint    ] Entering safepoint region: Cleanup
[2019-12-09T01:55:16.975+0000][1][safepoint    ] Leaving safepoint region
[2019-12-09T01:55:16.975+0000][1][safepoint    ] Total time for which application threads were stopped: 0.0000779 seconds, Stopping threads took: 0.0000167 seconds
[2019-12-09T01:55:19.976+0000][1][safepoint    ] Application time: 3.0002073 seconds
[2019-12-09T01:55:19.976+0000][1][safepoint    ] Entering safepoint region: Cleanup
[2019-12-09T01:55:19.976+0000][1][safepoint    ] Leaving safepoint region
[2019-12-09T01:55:19.976+0000][1][safepoint    ] Total time for which application threads were stopped: 0.0000822 seconds, Stopping threads took: 0.0000170 seconds
[2019-12-09T01:55:21.976+0000][1][safepoint    ] Application time: 2.0001406 seconds
[2019-12-09T01:55:21.976+0000][1][safepoint    ] Entering safepoint region: Cleanup
[2019-12-09T01:55:21.976+0000][1][safepoint    ] Leaving safepoint region
[2019-12-09T01:55:21.976+0000][1][safepoint    ] Total time for which application threads were stopped: 0.0000771 seconds, Stopping threads took: 0.0000150 seconds
[2019-12-09T01:55:23.976+0000][1][safepoint    ] Application time: 2.0001381 seconds
[2019-12-09T01:55:23.976+0000][1][safepoint    ] Entering safepoint region: Cleanup
[2019-12-09T01:55:23.976+0000][1][safepoint    ] Leaving safepoint region
[2019-12-09T01:55:23.976+0000][1][safepoint    ] Total time for which application threads were stopped: 0.0000780 seconds, Stopping threads took: 0.0000157 seconds
[2019-12-09T01:55:26.977+0000][1][safepoint    ] Application time: 3.0002116 seconds
[2019-12-09T01:55:26.977+0000][1][safepoint    ] Entering safepoint region: Cleanup
[2019-12-09T01:55:26.977+0000][1][safepoint    ] Leaving safepoint region
[2019-12-09T01:55:26.977+0000][1][safepoint    ] Total time for which application threads were stopped: 0.0000847 seconds, Stopping threads took: 0.0000181 seconds
[2019-12-09T01:55:28.977+0000][1][safepoint    ] Application time: 2.0001440 seconds
[2019-12-09T01:55:28.977+0000][1][safepoint    ] Entering safepoint region: Cleanup
[2019-12-09T01:55:28.977+0000][1][safepoint    ] Leaving safepoint region
[2019-12-09T01:55:28.977+0000][1][safepoint    ] Total time for which application threads were stopped: 0.0000813 seconds, Stopping threads took: 0.0000178 seconds
[2019-12-09T01:55:31.977+0000][1][safepoint    ] Application time: 3.0002088 seconds
[2019-12-09T01:55:31.977+0000][1][safepoint    ] Entering safepoint region: Cleanup
[2019-12-09T01:55:31.977+0000][1][safepoint    ] Leaving safepoint region
[2019-12-09T01:55:31.977+0000][1][safepoint    ] Total time for which application threads were stopped: 0.0000868 seconds, Stopping threads took: 0.0000243 seconds
[2019-12-09T01:55:32.977+0000][1][safepoint    ] Application time: 1.0000761 seconds
[2019-12-09T01:55:32.977+0000][1][safepoint    ] Entering safepoint region: Cleanup
[2019-12-09T01:55:32.977+0000][1][safepoint    ] Leaving safepoint region
[2019-12-09T01:55:32.977+0000][1][safepoint    ] Total time for which application threads were stopped: 0.0000831 seconds, Stopping threads took: 0.0000167 seconds
[2019-12-09T01:55:34.978+0000][1][safepoint    ] Application time: 2.0001432 seconds
[2019-12-09T01:55:34.978+0000][1][safepoint    ] Entering safepoint region: Cleanup
[2019-12-09T01:55:34.978+0000][1][safepoint    ] Leaving safepoint region
[2019-12-09T01:55:34.978+0000][1][safepoint    ] Total time for which application threads were stopped: 0.0000911 seconds, Stopping threads took: 0.0000171 seconds
[2019-12-09T01:55:36.978+0000][1][safepoint    ] Application time: 2.0001473 seconds
[2019-12-09T01:55:36.978+0000][1][safepoint    ] Entering safepoint region: Cleanup
[2019-12-09T01:55:36.978+0000][1][safepoint    ] Leaving safepoint region
[2019-12-09T01:55:36.978+0000][1][safepoint    ] Total time for which application threads were stopped: 0.0000828 seconds, Stopping threads took: 0.0000163 seconds
[2019-12-09T01:55:37.978+0000][1][safepoint    ] Application time: 1.0000753 seconds
[2019-12-09T01:55:37.978+0000][1][safepoint    ] Entering safepoint region: Cleanup
[2019-12-09T01:55:37.978+0000][1][safepoint    ] Leaving safepoint region
[2019-12-09T01:55:37.978+0000][1][safepoint    ] Total time for which application threads were stopped: 0.0000890 seconds, Stopping threads took: 0.0000167 seconds
[2019-12-09T01:55:42.979+0000][1][safepoint    ] Application time: 5.0003442 seconds
[2019-12-09T01:55:42.979+0000][1][safepoint    ] Entering safepoint region: Cleanup
[2019-12-09T01:55:42.979+0000][1][safepoint    ] Leaving safepoint region
[2019-12-09T01:55:42.979+0000][1][safepoint    ] Total time for which application threads were stopped: 0.0000867 seconds, Stopping threads took: 0.0000171 seconds
[2019-12-09T01:55:43.979+0000][1][safepoint    ] Application time: 1.0000755 seconds
[2019-12-09T01:55:43.979+0000][1][safepoint    ] Entering safepoint region: Cleanup
[2019-12-09T01:55:43.979+0000][1][safepoint    ] Leaving safepoint region
[2019-12-09T01:55:43.979+0000][1][safepoint    ] Total time for which application threads were stopped: 0.0000782 seconds, Stopping threads took: 0.0000158 seconds
[2019-12-09T01:55:46.979+0000][1][safepoint    ] Application time: 3.0002050 seconds
[2019-12-09T01:55:46.979+0000][1][safepoint    ] Entering safepoint region: Cleanup
[2019-12-09T01:55:46.979+0000][1][safepoint    ] Leaving safepoint region
[2019-12-09T01:55:46.979+0000][1][safepoint    ] Total time for which application threads were stopped: 0.0000806 seconds, Stopping threads took: 0.0000170 seconds
[2019-12-09T01:55:47.979+0000][1][safepoint    ] Application time: 1.0000742 seconds
[2019-12-09T01:55:47.979+0000][1][safepoint    ] Entering safepoint region: Cleanup
[2019-12-09T01:55:47.979+0000][1][safepoint    ] Leaving safepoint region
[2019-12-09T01:55:47.979+0000][1][safepoint    ] Total time for which application threads were stopped: 0.0000800 seconds, Stopping threads took: 0.0000174 seconds
[2019-12-09T01:55:50.980+0000][1][safepoint    ] Application time: 3.0001584 seconds
[2019-12-09T01:55:50.980+0000][1][safepoint    ] Entering safepoint region: Cleanup
[2019-12-09T01:55:50.980+0000][1][safepoint    ] Leaving safepoint region
[2019-12-09T01:55:50.980+0000][1][safepoint    ] Total time for which application threads were stopped: 0.0000887 seconds, Stopping threads took: 0.0000246 seconds
[2019-12-09T01:55:57.451+0000][1][safepoint    ] Application time: 6.4709840 seconds
[2019-12-09T01:55:57.451+0000][1][safepoint    ] Entering safepoint region: GenCollectForAllocation
[2019-12-09T01:55:57.451+0000][1][gc,start     ] GC(24) Pause Young (Allocation Failure)
[2019-12-09T01:55:57.451+0000][1][gc,task      ] GC(24) Using 2 workers of 2 for evacuation
[2019-12-09T01:55:57.461+0000][1][gc,age       ] GC(24) Desired survivor size 4456448 bytes, new threshold 6 (max threshold 6)
[2019-12-09T01:55:57.461+0000][1][gc,age       ] GC(24) Age table with threshold 6 (max threshold 6)
[2019-12-09T01:55:57.461+0000][1][gc,age       ] GC(24) - age   1:      24648 bytes,      24648 total
[2019-12-09T01:55:57.461+0000][1][gc,age       ] GC(24) - age   2:    1159752 bytes,    1184400 total
[2019-12-09T01:55:57.461+0000][1][gc,age       ] GC(24) - age   3:    2968560 bytes,    4152960 total
[2019-12-09T01:55:57.461+0000][1][gc,heap      ] GC(24) ParNew: 76047K->4558K(78656K)
[2019-12-09T01:55:57.461+0000][1][gc,heap      ] GC(24) CMS: 65204K->65204K(174784K)
[2019-12-09T01:55:57.461+0000][1][gc,metaspace ] GC(24) Metaspace: 68554K->68554K(1112064K)
[2019-12-09T01:55:57.461+0000][1][gc           ] GC(24) Pause Young (Allocation Failure) 137M->68M(247M) 9.984ms
[2019-12-09T01:55:57.461+0000][1][gc,cpu       ] GC(24) User=0.01s Sys=0.00s Real=0.01s
[2019-12-09T01:55:57.461+0000][1][safepoint    ] Leaving safepoint region
[2019-12-09T01:55:57.461+0000][1][safepoint    ] Total time for which application threads were stopped: 0.0101459 seconds, Stopping threads took: 0.0000293 seconds
[2019-12-09T01:55:59.461+0000][1][safepoint    ] Application time: 2.0001568 seconds
[2019-12-09T01:55:59.461+0000][1][safepoint    ] Entering safepoint region: Cleanup
[2019-12-09T01:55:59.461+0000][1][safepoint    ] Leaving safepoint region
[2019-12-09T01:55:59.461+0000][1][safepoint    ] Total time for which application threads were stopped: 0.0001155 seconds, Stopping threads took: 0.0000247 seconds
[2019-12-09T01:56:04.462+0000][1][safepoint    ] Application time: 5.0003523 seconds
[2019-12-09T01:56:04.462+0000][1][safepoint    ] Entering safepoint region: Cleanup
[2019-12-09T01:56:04.462+0000][1][safepoint    ] Leaving safepoint region
[2019-12-09T01:56:04.462+0000][1][safepoint    ] Total time for which application threads were stopped: 0.0001417 seconds, Stopping threads took: 0.0000245 seconds
[2019-12-09T01:56:05.462+0000][1][safepoint    ] Application time: 1.0000750 seconds
[2019-12-09T01:56:05.462+0000][1][safepoint    ] Entering safepoint region: Cleanup
[2019-12-09T01:56:05.462+0000][1][safepoint    ] Leaving safepoint region
[2019-12-09T01:56:05.462+0000][1][safepoint    ] Total time for which application threads were stopped: 0.0000808 seconds, Stopping threads took: 0.0000170 seconds
[2019-12-09T01:56:07.462+0000][1][safepoint    ] Application time: 2.0001397 seconds
[2019-12-09T01:56:07.462+0000][1][safepoint    ] Entering safepoint region: Cleanup
[2019-12-09T01:56:07.462+0000][1][safepoint    ] Leaving safepoint region
[2019-12-09T01:56:07.462+0000][1][safepoint    ] Total time for which application threads were stopped: 0.0000805 seconds, Stopping threads took: 0.0000156 seconds
[2019-12-09T01:56:09.462+0000][1][safepoint    ] Application time: 2.0001421 seconds
[2019-12-09T01:56:09.462+0000][1][safepoint    ] Entering safepoint region: Cleanup
[2019-12-09T01:56:09.462+0000][1][safepoint    ] Leaving safepoint region
[2019-12-09T01:56:09.462+0000][1][safepoint    ] Total time for which application threads were stopped: 0.0000895 seconds, Stopping threads took: 0.0000170 seconds
[2019-12-09T01:56:10.463+0000][1][safepoint    ] Application time: 1.0000749 seconds
[2019-12-09T01:56:10.463+0000][1][safepoint    ] Entering safepoint region: Cleanup
[2019-12-09T01:56:10.463+0000][1][safepoint    ] Leaving safepoint region
[2019-12-09T01:56:10.463+0000][1][safepoint    ] Total time for which application threads were stopped: 0.0000962 seconds, Stopping threads took: 0.0000170 seconds
[2019-12-09T01:56:14.463+0000][1][safepoint    ] Application time: 4.0002737 seconds
[2019-12-09T01:56:14.463+0000][1][safepoint    ] Entering safepoint region: Cleanup
[2019-12-09T01:56:14.463+0000][1][safepoint    ] Leaving safepoint region
[2019-12-09T01:56:14.463+0000][1][safepoint    ] Total time for which application threads were stopped: 0.0000835 seconds, Stopping threads took: 0.0000174 seconds
[2019-12-09T01:56:17.463+0000][1][safepoint    ] Application time: 3.0002074 seconds
[2019-12-09T01:56:17.463+0000][1][safepoint    ] Entering safepoint region: Cleanup
[2019-12-09T01:56:17.463+0000][1][safepoint    ] Leaving safepoint region
[2019-12-09T01:56:17.463+0000][1][safepoint    ] Total time for which application threads were stopped: 0.0000797 seconds, Stopping threads took: 0.0000154 seconds
[2019-12-09T01:56:18.464+0000][1][safepoint    ] Application time: 1.0000754 seconds
[2019-12-09T01:56:18.464+0000][1][safepoint    ] Entering safepoint region: Cleanup
[2019-12-09T01:56:18.464+0000][1][safepoint    ] Leaving safepoint region
[2019-12-09T01:56:18.464+0000][1][safepoint    ] Total time for which application threads were stopped: 0.0000815 seconds, Stopping threads took: 0.0000163 seconds
[2019-12-09T01:56:19.464+0000][1][safepoint    ] Application time: 1.0000752 seconds
[2019-12-09T01:56:19.464+0000][1][safepoint    ] Entering safepoint region: Cleanup
[2019-12-09T01:56:19.464+0000][1][safepoint    ] Leaving safepoint region
[2019-12-09T01:56:19.464+0000][1][safepoint    ] Total time for which application threads were stopped: 0.0000792 seconds, Stopping threads took: 0.0000169 seconds
[2019-12-09T01:56:21.464+0000][1][safepoint    ] Application time: 2.0001462 seconds
[2019-12-09T01:56:21.464+0000][1][safepoint    ] Entering safepoint region: Cleanup
[2019-12-09T01:56:21.464+0000][1][safepoint    ] Leaving safepoint region
[2019-12-09T01:56:21.464+0000][1][safepoint    ] Total time for which application threads were stopped: 0.0000847 seconds, Stopping threads took: 0.0000186 seconds
[2019-12-09T01:56:22.464+0000][1][safepoint    ] Application time: 1.0000764 seconds
[2019-12-09T01:56:22.464+0000][1][safepoint    ] Entering safepoint region: Cleanup
[2019-12-09T01:56:22.464+0000][1][safepoint    ] Leaving safepoint region
[2019-12-09T01:56:22.464+0000][1][safepoint    ] Total time for which application threads were stopped: 0.0000929 seconds, Stopping threads took: 0.0000168 seconds
[2019-12-09T01:56:23.464+0000][1][safepoint    ] Application time: 1.0000758 seconds
[2019-12-09T01:56:23.464+0000][1][safepoint    ] Entering safepoint region: Cleanup
[2019-12-09T01:56:23.464+0000][1][safepoint    ] Leaving safepoint region
[2019-12-09T01:56:23.464+0000][1][safepoint    ] Total time for which application threads were stopped: 0.0000801 seconds, Stopping threads took: 0.0000165 seconds
[2019-12-09T01:56:25.465+0000][1][safepoint    ] Application time: 2.0001428 seconds
[2019-12-09T01:56:25.465+0000][1][safepoint    ] Entering safepoint region: Cleanup
[2019-12-09T01:56:25.465+0000][1][safepoint    ] Leaving safepoint region
[2019-12-09T01:56:25.465+0000][1][safepoint    ] Total time for which application threads were stopped: 0.0000910 seconds, Stopping threads took: 0.0000270 seconds
[2019-12-09T01:56:26.465+0000][1][safepoint    ] Application time: 1.0000744 seconds
[2019-12-09T01:56:26.465+0000][1][safepoint    ] Entering safepoint region: Cleanup
[2019-12-09T01:56:26.465+0000][1][safepoint    ] Leaving safepoint region
[2019-12-09T01:56:26.465+0000][1][safepoint    ] Total time for which application threads were stopped: 0.0000850 seconds, Stopping threads took: 0.0000169 seconds
[2019-12-09T01:56:30.465+0000][1][safepoint    ] Application time: 4.0002763 seconds
[2019-12-09T01:56:30.465+0000][1][safepoint    ] Entering safepoint region: Cleanup
[2019-12-09T01:56:30.465+0000][1][safepoint    ] Leaving safepoint region
[2019-12-09T01:56:30.465+0000][1][safepoint    ] Total time for which application threads were stopped: 0.0000778 seconds, Stopping threads took: 0.0000163 seconds
[2019-12-09T01:56:36.466+0000][1][safepoint    ] Application time: 6.0004107 seconds
[2019-12-09T01:56:36.466+0000][1][safepoint    ] Entering safepoint region: Cleanup
[2019-12-09T01:56:36.466+0000][1][safepoint    ] Leaving safepoint region
[2019-12-09T01:56:36.466+0000][1][safepoint    ] Total time for which application threads were stopped: 0.0000808 seconds, Stopping threads took: 0.0000175 seconds
[2019-12-09T01:56:39.466+0000][1][safepoint    ] Application time: 3.0002089 seconds
[2019-12-09T01:56:39.466+0000][1][safepoint    ] Entering safepoint region: Cleanup
[2019-12-09T01:56:39.466+0000][1][safepoint    ] Leaving safepoint region
[2019-12-09T01:56:39.466+0000][1][safepoint    ] Total time for which application threads were stopped: 0.0000819 seconds, Stopping threads took: 0.0000179 seconds
[2019-12-09T01:56:40.466+0000][1][safepoint    ] Application time: 1.0000764 seconds
[2019-12-09T01:56:40.466+0000][1][safepoint    ] Entering safepoint region: Cleanup
[2019-12-09T01:56:40.466+0000][1][safepoint    ] Leaving safepoint region
[2019-12-09T01:56:40.466+0000][1][safepoint    ] Total time for which application threads were stopped: 0.0000788 seconds, Stopping threads took: 0.0000163 seconds
[2019-12-09T01:56:45.467+0000][1][safepoint    ] Application time: 5.0003202 seconds
[2019-12-09T01:56:45.467+0000][1][safepoint    ] Entering safepoint region: Cleanup
[2019-12-09T01:56:45.467+0000][1][safepoint    ] Leaving safepoint region
[2019-12-09T01:56:45.467+0000][1][safepoint    ] Total time for which application threads were stopped: 0.0000830 seconds, Stopping threads took: 0.0000181 seconds
[2019-12-09T01:56:46.467+0000][1][safepoint    ] Application time: 1.0000768 seconds
[2019-12-09T01:56:46.467+0000][1][safepoint    ] Entering safepoint region: Cleanup
[2019-12-09T01:56:46.467+0000][1][safepoint    ] Leaving safepoint region
[2019-12-09T01:56:46.467+0000][1][safepoint    ] Total time for which application threads were stopped: 0.0000790 seconds, Stopping threads took: 0.0000159 seconds
[2019-12-09T01:56:50.467+0000][1][safepoint    ] Application time: 4.0002779 seconds
[2019-12-09T01:56:50.467+0000][1][safepoint    ] Entering safepoint region: Cleanup
[2019-12-09T01:56:50.467+0000][1][safepoint    ] Leaving safepoint region
[2019-12-09T01:56:50.467+0000][1][safepoint    ] Total time for which application threads were stopped: 0.0000758 seconds, Stopping threads took: 0.0000164 seconds
[2019-12-09T01:56:53.468+0000][1][safepoint    ] Application time: 3.0002068 seconds
[2019-12-09T01:56:53.468+0000][1][safepoint    ] Entering safepoint region: Cleanup
[2019-12-09T01:56:53.468+0000][1][safepoint    ] Leaving safepoint region
[2019-12-09T01:56:53.468+0000][1][safepoint    ] Total time for which application threads were stopped: 0.0000865 seconds, Stopping threads took: 0.0000171 seconds
[2019-12-09T01:56:58.468+0000][1][safepoint    ] Application time: 5.0003392 seconds
[2019-12-09T01:56:58.468+0000][1][safepoint    ] Entering safepoint region: Cleanup
[2019-12-09T01:56:58.468+0000][1][safepoint    ] Leaving safepoint region
[2019-12-09T01:56:58.468+0000][1][safepoint    ] Total time for which application threads were stopped: 0.0000920 seconds, Stopping threads took: 0.0000283 seconds
[2019-12-09T01:57:02.469+0000][1][safepoint    ] Application time: 4.0002913 seconds
[2019-12-09T01:57:02.469+0000][1][safepoint    ] Entering safepoint region: Cleanup
[2019-12-09T01:57:02.469+0000][1][safepoint    ] Leaving safepoint region
[2019-12-09T01:57:02.469+0000][1][safepoint    ] Total time for which application threads were stopped: 0.0000948 seconds, Stopping threads took: 0.0000185 seconds
[2019-12-09T01:57:06.469+0000][1][safepoint    ] Application time: 4.0002789 seconds
[2019-12-09T01:57:06.469+0000][1][safepoint    ] Entering safepoint region: Cleanup
[2019-12-09T01:57:06.469+0000][1][safepoint    ] Leaving safepoint region
[2019-12-09T01:57:06.469+0000][1][safepoint    ] Total time for which application threads were stopped: 0.0000808 seconds, Stopping threads took: 0.0000172 seconds
[2019-12-09T01:57:10.469+0000][1][safepoint    ] Application time: 4.0002769 seconds
[2019-12-09T01:57:10.469+0000][1][safepoint    ] Entering safepoint region: Cleanup
[2019-12-09T01:57:10.470+0000][1][safepoint    ] Leaving safepoint region
[2019-12-09T01:57:10.470+0000][1][safepoint    ] Total time for which application threads were stopped: 0.0000822 seconds, Stopping threads took: 0.0000181 seconds
[2019-12-09T01:57:14.470+0000][1][safepoint    ] Application time: 4.0002769 seconds
[2019-12-09T01:57:14.470+0000][1][safepoint    ] Entering safepoint region: Cleanup
[2019-12-09T01:57:14.470+0000][1][safepoint    ] Leaving safepoint region
[2019-12-09T01:57:14.470+0000][1][safepoint    ] Total time for which application threads were stopped: 0.0000800 seconds, Stopping threads took: 0.0000164 seconds
[2019-12-09T01:57:21.470+0000][1][safepoint    ] Application time: 7.0004729 seconds
[2019-12-09T01:57:21.470+0000][1][safepoint    ] Entering safepoint region: Cleanup
[2019-12-09T01:57:21.471+0000][1][safepoint    ] Leaving safepoint region
[2019-12-09T01:57:21.471+0000][1][safepoint    ] Total time for which application threads were stopped: 0.0000853 seconds, Stopping threads took: 0.0000163 seconds
[2019-12-09T01:57:25.471+0000][1][safepoint    ] Application time: 4.0002727 seconds
[2019-12-09T01:57:25.471+0000][1][safepoint    ] Entering safepoint region: Cleanup
[2019-12-09T01:57:25.471+0000][1][safepoint    ] Leaving safepoint region
[2019-12-09T01:57:25.471+0000][1][safepoint    ] Total time for which application threads were stopped: 0.0000937 seconds, Stopping threads took: 0.0000258 seconds
[2019-12-09T01:57:29.471+0000][1][safepoint    ] Application time: 4.0002714 seconds
[2019-12-09T01:57:29.471+0000][1][safepoint    ] Entering safepoint region: Cleanup
[2019-12-09T01:57:29.471+0000][1][safepoint    ] Leaving safepoint region
[2019-12-09T01:57:29.471+0000][1][safepoint    ] Total time for which application threads were stopped: 0.0000770 seconds, Stopping threads took: 0.0000164 seconds
[2019-12-09T01:57:33.472+0000][1][safepoint    ] Application time: 4.0002748 seconds
[2019-12-09T01:57:33.472+0000][1][safepoint    ] Entering safepoint region: Cleanup
[2019-12-09T01:57:33.472+0000][1][safepoint    ] Leaving safepoint region
[2019-12-09T01:57:33.472+0000][1][safepoint    ] Total time for which application threads were stopped: 0.0000843 seconds, Stopping threads took: 0.0000180 seconds
[2019-12-09T01:57:42.472+0000][1][safepoint    ] Application time: 9.0006088 seconds
[2019-12-09T01:57:42.472+0000][1][safepoint    ] Entering safepoint region: Cleanup
[2019-12-09T01:57:42.473+0000][1][safepoint    ] Leaving safepoint region
[2019-12-09T01:57:42.473+0000][1][safepoint    ] Total time for which application threads were stopped: 0.0000812 seconds, Stopping threads took: 0.0000182 seconds
[2019-12-09T01:57:43.473+0000][1][safepoint    ] Application time: 1.0000764 seconds
[2019-12-09T01:57:43.473+0000][1][safepoint    ] Entering safepoint region: Cleanup
[2019-12-09T01:57:43.473+0000][1][safepoint    ] Leaving safepoint region
[2019-12-09T01:57:43.473+0000][1][safepoint    ] Total time for which application threads were stopped: 0.0000866 seconds, Stopping threads took: 0.0000165 seconds
[2019-12-09T01:57:44.473+0000][1][safepoint    ] Application time: 1.0000747 seconds
[2019-12-09T01:57:44.473+0000][1][safepoint    ] Entering safepoint region: Cleanup
[2019-12-09T01:57:44.473+0000][1][safepoint    ] Leaving safepoint region
[2019-12-09T01:57:44.473+0000][1][safepoint    ] Total time for which application threads were stopped: 0.0000925 seconds, Stopping threads took: 0.0000287 seconds
[2019-12-09T01:57:45.473+0000][1][safepoint    ] Application time: 1.0000755 seconds
[2019-12-09T01:57:45.473+0000][1][safepoint    ] Entering safepoint region: Cleanup
[2019-12-09T01:57:45.473+0000][1][safepoint    ] Leaving safepoint region
[2019-12-09T01:57:45.473+0000][1][safepoint    ] Total time for which application threads were stopped: 0.0000784 seconds, Stopping threads took: 0.0000178 seconds
[2019-12-09T01:57:46.473+0000][1][safepoint    ] Application time: 1.0000746 seconds
[2019-12-09T01:57:46.473+0000][1][safepoint    ] Entering safepoint region: Cleanup
[2019-12-09T01:57:46.473+0000][1][safepoint    ] Leaving safepoint region
[2019-12-09T01:57:46.473+0000][1][safepoint    ] Total time for which application threads were stopped: 0.0000736 seconds, Stopping threads took: 0.0000167 seconds
[2019-12-09T01:57:47.473+0000][1][safepoint    ] Application time: 1.0000432 seconds
[2019-12-09T01:57:47.473+0000][1][safepoint    ] Entering safepoint region: Cleanup
[2019-12-09T01:57:47.473+0000][1][safepoint    ] Leaving safepoint region
[2019-12-09T01:57:47.473+0000][1][safepoint    ] Total time for which application threads were stopped: 0.0000730 seconds, Stopping threads took: 0.0000170 seconds
[2019-12-09T01:57:48.474+0000][1][safepoint    ] Application time: 1.0000752 seconds
[2019-12-09T01:57:48.474+0000][1][safepoint    ] Entering safepoint region: Cleanup
[2019-12-09T01:57:48.474+0000][1][safepoint    ] Leaving safepoint region
[2019-12-09T01:57:48.474+0000][1][safepoint    ] Total time for which application threads were stopped: 0.0000767 seconds, Stopping threads took: 0.0000167 seconds
[2019-12-09T01:57:49.474+0000][1][safepoint    ] Application time: 1.0000803 seconds
[2019-12-09T01:57:49.474+0000][1][safepoint    ] Entering safepoint region: Cleanup
[2019-12-09T01:57:49.474+0000][1][safepoint    ] Leaving safepoint region
[2019-12-09T01:57:49.474+0000][1][safepoint    ] Total time for which application threads were stopped: 0.0000881 seconds, Stopping threads took: 0.0000239 seconds
[2019-12-09T01:57:50.474+0000][1][safepoint    ] Application time: 1.0000742 seconds
[2019-12-09T01:57:50.474+0000][1][safepoint    ] Entering safepoint region: Cleanup
[2019-12-09T01:57:50.474+0000][1][safepoint    ] Leaving safepoint region
[2019-12-09T01:57:50.474+0000][1][safepoint    ] Total time for which application threads were stopped: 0.0000769 seconds, Stopping threads took: 0.0000143 seconds
[2019-12-09T01:57:51.474+0000][1][safepoint    ] Application time: 1.0000814 seconds
[2019-12-09T01:57:51.474+0000][1][safepoint    ] Entering safepoint region: Cleanup
[2019-12-09T01:57:51.474+0000][1][safepoint    ] Leaving safepoint region
[2019-12-09T01:57:51.474+0000][1][safepoint    ] Total time for which application threads were stopped: 0.0000743 seconds, Stopping threads took: 0.0000159 seconds
[2019-12-09T01:57:52.474+0000][1][safepoint    ] Application time: 1.0000753 seconds
[2019-12-09T01:57:52.474+0000][1][safepoint    ] Entering safepoint region: Cleanup
[2019-12-09T01:57:52.474+0000][1][safepoint    ] Leaving safepoint region
[2019-12-09T01:57:52.475+0000][1][safepoint    ] Total time for which application threads were stopped: 0.0000765 seconds, Stopping threads took: 0.0000171 seconds
[2019-12-09T01:57:53.475+0000][1][safepoint    ] Application time: 1.0000755 seconds
[2019-12-09T01:57:53.475+0000][1][safepoint    ] Entering safepoint region: Cleanup
[2019-12-09T01:57:53.475+0000][1][safepoint    ] Leaving safepoint region
[2019-12-09T01:57:53.475+0000][1][safepoint    ] Total time for which application threads were stopped: 0.0000855 seconds, Stopping threads took: 0.0000173 seconds
[2019-12-09T01:57:54.475+0000][1][safepoint    ] Application time: 1.0000754 seconds
[2019-12-09T01:57:54.475+0000][1][safepoint    ] Entering safepoint region: Cleanup
[2019-12-09T01:57:54.475+0000][1][safepoint    ] Leaving safepoint region
[2019-12-09T01:57:54.475+0000][1][safepoint    ] Total time for which application threads were stopped: 0.0000874 seconds, Stopping threads took: 0.0000239 seconds
[2019-12-09T01:57:55.475+0000][1][safepoint    ] Application time: 1.0000768 seconds
[2019-12-09T01:57:55.475+0000][1][safepoint    ] Entering safepoint region: Cleanup
[2019-12-09T01:57:55.475+0000][1][safepoint    ] Leaving safepoint region
[2019-12-09T01:57:55.475+0000][1][safepoint    ] Total time for which application threads were stopped: 0.0000817 seconds, Stopping threads took: 0.0000242 seconds
[2019-12-09T01:57:56.475+0000][1][safepoint    ] Application time: 1.0000751 seconds
[2019-12-09T01:57:56.475+0000][1][safepoint    ] Entering safepoint region: Cleanup
[2019-12-09T01:57:56.475+0000][1][safepoint    ] Leaving safepoint region
[2019-12-09T01:57:56.475+0000][1][safepoint    ] Total time for which application threads were stopped: 0.0000766 seconds, Stopping threads took: 0.0000154 seconds
[2019-12-09T01:57:57.475+0000][1][safepoint    ] Application time: 1.0000796 seconds
[2019-12-09T01:57:57.475+0000][1][safepoint    ] Entering safepoint region: Cleanup
[2019-12-09T01:57:57.476+0000][1][safepoint    ] Leaving safepoint region
[2019-12-09T01:57:57.476+0000][1][safepoint    ] Total time for which application threads were stopped: 0.0000784 seconds, Stopping threads took: 0.0000187 seconds
[2019-12-09T01:57:58.476+0000][1][safepoint    ] Application time: 1.0000758 seconds
[2019-12-09T01:57:58.476+0000][1][safepoint    ] Entering safepoint region: Cleanup
[2019-12-09T01:57:58.476+0000][1][safepoint    ] Leaving safepoint region
[2019-12-09T01:57:58.476+0000][1][safepoint    ] Total time for which application threads were stopped: 0.0000848 seconds, Stopping threads took: 0.0000166 seconds
[2019-12-09T01:57:59.476+0000][1][safepoint    ] Application time: 1.0000772 seconds
[2019-12-09T01:57:59.476+0000][1][safepoint    ] Entering safepoint region: Cleanup
[2019-12-09T01:57:59.476+0000][1][safepoint    ] Leaving safepoint region
[2019-12-09T01:57:59.476+0000][1][safepoint    ] Total time for which application threads were stopped: 0.0000778 seconds, Stopping threads took: 0.0000167 seconds
[2019-12-09T01:58:00.476+0000][1][safepoint    ] Application time: 1.0000761 seconds
[2019-12-09T01:58:00.476+0000][1][safepoint    ] Entering safepoint region: Cleanup
[2019-12-09T01:58:00.476+0000][1][safepoint    ] Leaving safepoint region
[2019-12-09T01:58:00.476+0000][1][safepoint    ] Total time for which application threads were stopped: 0.0000763 seconds, Stopping threads took: 0.0000164 seconds
[2019-12-09T01:58:01.476+0000][1][safepoint    ] Application time: 1.0000776 seconds
[2019-12-09T01:58:01.476+0000][1][safepoint    ] Entering safepoint region: Cleanup
[2019-12-09T01:58:01.476+0000][1][safepoint    ] Leaving safepoint region
[2019-12-09T01:58:01.476+0000][1][safepoint    ] Total time for which application threads were stopped: 0.0000757 seconds, Stopping threads took: 0.0000172 seconds
[2019-12-09T01:58:02.476+0000][1][safepoint    ] Application time: 1.0000782 seconds
[2019-12-09T01:58:02.476+0000][1][safepoint    ] Entering safepoint region: Cleanup
[2019-12-09T01:58:02.477+0000][1][safepoint    ] Leaving safepoint region
[2019-12-09T01:58:02.477+0000][1][safepoint    ] Total time for which application threads were stopped: 0.0000822 seconds, Stopping threads took: 0.0000179 seconds
[2019-12-09T01:58:03.241+0000][1][safepoint    ] Application time: 0.7639776 seconds
[2019-12-09T01:58:03.241+0000][1][safepoint    ] Entering safepoint region: GenCollectForAllocation
[2019-12-09T01:58:03.241+0000][1][gc,start     ] GC(25) Pause Young (Allocation Failure)
[2019-12-09T01:58:03.241+0000][1][gc,task      ] GC(25) Using 2 workers of 2 for evacuation
[2019-12-09T01:58:03.250+0000][1][gc,age       ] GC(25) Desired survivor size 4456448 bytes, new threshold 6 (max threshold 6)
[2019-12-09T01:58:03.250+0000][1][gc,age       ] GC(25) Age table with threshold 6 (max threshold 6)
[2019-12-09T01:58:03.250+0000][1][gc,age       ] GC(25) - age   1:      77416 bytes,      77416 total
[2019-12-09T01:58:03.250+0000][1][gc,age       ] GC(25) - age   2:      19760 bytes,      97176 total
[2019-12-09T01:58:03.250+0000][1][gc,age       ] GC(25) - age   3:    1115944 bytes,    1213120 total
[2019-12-09T01:58:03.250+0000][1][gc,age       ] GC(25) - age   4:    2740360 bytes,    3953480 total
[2019-12-09T01:58:03.251+0000][1][gc,heap      ] GC(25) ParNew: 74510K->4181K(78656K)
[2019-12-09T01:58:03.251+0000][1][gc,heap      ] GC(25) CMS: 65204K->65204K(174784K)
[2019-12-09T01:58:03.251+0000][1][gc,metaspace ] GC(25) Metaspace: 68751K->68751K(1112064K)
[2019-12-09T01:58:03.251+0000][1][gc           ] GC(25) Pause Young (Allocation Failure) 136M->67M(247M) 9.907ms
[2019-12-09T01:58:03.251+0000][1][gc,cpu       ] GC(25) User=0.02s Sys=0.00s Real=0.01s
[2019-12-09T01:58:03.251+0000][1][safepoint    ] Leaving safepoint region
[2019-12-09T01:58:03.251+0000][1][safepoint    ] Total time for which application threads were stopped: 0.0100786 seconds, Stopping threads took: 0.0000161 seconds
[2019-12-09T01:58:04.251+0000][1][safepoint    ] Application time: 1.0000959 seconds
[2019-12-09T01:58:04.251+0000][1][safepoint    ] Entering safepoint region: Cleanup
[2019-12-09T01:58:04.251+0000][1][safepoint    ] Leaving safepoint region
[2019-12-09T01:58:04.251+0000][1][safepoint    ] Total time for which application threads were stopped: 0.0001061 seconds, Stopping threads took: 0.0000170 seconds
[2019-12-09T01:58:05.251+0000][1][safepoint    ] Application time: 1.0000807 seconds
[2019-12-09T01:58:05.251+0000][1][safepoint    ] Entering safepoint region: Cleanup
[2019-12-09T01:58:05.251+0000][1][safepoint    ] Leaving safepoint region
[2019-12-09T01:58:05.251+0000][1][safepoint    ] Total time for which application threads were stopped: 0.0000751 seconds, Stopping threads took: 0.0000177 seconds
[2019-12-09T01:58:06.251+0000][1][safepoint    ] Application time: 1.0000743 seconds
[2019-12-09T01:58:06.251+0000][1][safepoint    ] Entering safepoint region: Cleanup
[2019-12-09T01:58:06.251+0000][1][safepoint    ] Leaving safepoint region
[2019-12-09T01:58:06.251+0000][1][safepoint    ] Total time for which application threads were stopped: 0.0000746 seconds, Stopping threads took: 0.0000166 seconds
[2019-12-09T01:58:07.251+0000][1][safepoint    ] Application time: 1.0000756 seconds
[2019-12-09T01:58:07.251+0000][1][safepoint    ] Entering safepoint region: Cleanup
[2019-12-09T01:58:07.251+0000][1][safepoint    ] Leaving safepoint region
[2019-12-09T01:58:07.251+0000][1][safepoint    ] Total time for which application threads were stopped: 0.0000739 seconds, Stopping threads took: 0.0000163 seconds
[2019-12-09T01:58:08.252+0000][1][safepoint    ] Application time: 1.0000783 seconds
[2019-12-09T01:58:08.252+0000][1][safepoint    ] Entering safepoint region: Cleanup
[2019-12-09T01:58:08.252+0000][1][safepoint    ] Leaving safepoint region
[2019-12-09T01:58:08.252+0000][1][safepoint    ] Total time for which application threads were stopped: 0.0000770 seconds, Stopping threads took: 0.0000177 seconds
[2019-12-09T01:58:09.252+0000][1][safepoint    ] Application time: 1.0000748 seconds
[2019-12-09T01:58:09.252+0000][1][safepoint    ] Entering safepoint region: Cleanup
[2019-12-09T01:58:09.252+0000][1][safepoint    ] Leaving safepoint region
[2019-12-09T01:58:09.252+0000][1][safepoint    ] Total time for which application threads were stopped: 0.0000764 seconds, Stopping threads took: 0.0000181 seconds
[2019-12-09T01:58:10.252+0000][1][safepoint    ] Application time: 1.0000739 seconds
[2019-12-09T01:58:10.252+0000][1][safepoint    ] Entering safepoint region: Cleanup
[2019-12-09T01:58:10.252+0000][1][safepoint    ] Leaving safepoint region
[2019-12-09T01:58:10.252+0000][1][safepoint    ] Total time for which application threads were stopped: 0.0000746 seconds, Stopping threads took: 0.0000169 seconds
[2019-12-09T01:58:11.252+0000][1][safepoint    ] Application time: 1.0000811 seconds
[2019-12-09T01:58:11.252+0000][1][safepoint    ] Entering safepoint region: Cleanup
[2019-12-09T01:58:11.252+0000][1][safepoint    ] Leaving safepoint region
[2019-12-09T01:58:11.252+0000][1][safepoint    ] Total time for which application threads were stopped: 0.0000820 seconds, Stopping threads took: 0.0000241 seconds
[2019-12-09T01:58:12.252+0000][1][safepoint    ] Application time: 1.0000756 seconds
[2019-12-09T01:58:12.252+0000][1][safepoint    ] Entering safepoint region: Cleanup
[2019-12-09T01:58:12.252+0000][1][safepoint    ] Leaving safepoint region
[2019-12-09T01:58:12.252+0000][1][safepoint    ] Total time for which application threads were stopped: 0.0000739 seconds, Stopping threads took: 0.0000165 seconds
[2019-12-09T01:58:13.253+0000][1][safepoint    ] Application time: 1.0000760 seconds
[2019-12-09T01:58:13.253+0000][1][safepoint    ] Entering safepoint region: Cleanup
[2019-12-09T01:58:13.253+0000][1][safepoint    ] Leaving safepoint region
[2019-12-09T01:58:13.253+0000][1][safepoint    ] Total time for which application threads were stopped: 0.0000737 seconds, Stopping threads took: 0.0000164 seconds
[2019-12-09T01:58:14.253+0000][1][safepoint    ] Application time: 1.0000775 seconds
[2019-12-09T01:58:14.253+0000][1][safepoint    ] Entering safepoint region: Cleanup
[2019-12-09T01:58:14.253+0000][1][safepoint    ] Leaving safepoint region
[2019-12-09T01:58:14.253+0000][1][safepoint    ] Total time for which application threads were stopped: 0.0000813 seconds, Stopping threads took: 0.0000175 seconds
[2019-12-09T01:58:15.253+0000][1][safepoint    ] Application time: 1.0000760 seconds
[2019-12-09T01:58:15.253+0000][1][safepoint    ] Entering safepoint region: Cleanup
[2019-12-09T01:58:15.253+0000][1][safepoint    ] Leaving safepoint region
[2019-12-09T01:58:15.253+0000][1][safepoint    ] Total time for which application threads were stopped: 0.0000768 seconds, Stopping threads took: 0.0000177 seconds
[2019-12-09T01:58:16.253+0000][1][safepoint    ] Application time: 1.0000751 seconds
[2019-12-09T01:58:16.253+0000][1][safepoint    ] Entering safepoint region: Cleanup
[2019-12-09T01:58:16.253+0000][1][safepoint    ] Leaving safepoint region
[2019-12-09T01:58:16.253+0000][1][safepoint    ] Total time for which application threads were stopped: 0.0000750 seconds, Stopping threads took: 0.0000172 seconds
[2019-12-09T01:58:17.253+0000][1][safepoint    ] Application time: 1.0000745 seconds
[2019-12-09T01:58:17.253+0000][1][safepoint    ] Entering safepoint region: Cleanup
[2019-12-09T01:58:17.253+0000][1][safepoint    ] Leaving safepoint region
[2019-12-09T01:58:17.253+0000][1][safepoint    ] Total time for which application threads were stopped: 0.0000799 seconds, Stopping threads took: 0.0000170 seconds
[2019-12-09T01:58:18.254+0000][1][safepoint    ] Application time: 1.0000750 seconds
[2019-12-09T01:58:18.254+0000][1][safepoint    ] Entering safepoint region: Cleanup
[2019-12-09T01:58:18.254+0000][1][safepoint    ] Leaving safepoint region
[2019-12-09T01:58:18.254+0000][1][safepoint    ] Total time for which application threads were stopped: 0.0000749 seconds, Stopping threads took: 0.0000164 seconds
[2019-12-09T01:58:19.254+0000][1][safepoint    ] Application time: 1.0000649 seconds
[2019-12-09T01:58:19.254+0000][1][safepoint    ] Entering safepoint region: Cleanup
[2019-12-09T01:58:19.254+0000][1][safepoint    ] Leaving safepoint region
[2019-12-09T01:58:19.254+0000][1][safepoint    ] Total time for which application threads were stopped: 0.0000743 seconds, Stopping threads took: 0.0000163 seconds
[2019-12-09T01:58:20.254+0000][1][safepoint    ] Application time: 1.0000765 seconds
[2019-12-09T01:58:20.254+0000][1][safepoint    ] Entering safepoint region: Cleanup
[2019-12-09T01:58:20.254+0000][1][safepoint    ] Leaving safepoint region
[2019-12-09T01:58:20.254+0000][1][safepoint    ] Total time for which application threads were stopped: 0.0000762 seconds, Stopping threads took: 0.0000169 seconds
[2019-12-09T01:58:21.254+0000][1][safepoint    ] Application time: 1.0000774 seconds
[2019-12-09T01:58:21.254+0000][1][safepoint    ] Entering safepoint region: Cleanup
[2019-12-09T01:58:21.254+0000][1][safepoint    ] Leaving safepoint region
[2019-12-09T01:58:21.254+0000][1][safepoint    ] Total time for which application threads were stopped: 0.0000811 seconds, Stopping threads took: 0.0000230 seconds
[2019-12-09T01:58:22.254+0000][1][safepoint    ] Application time: 1.0000782 seconds
[2019-12-09T01:58:22.254+0000][1][safepoint    ] Entering safepoint region: Cleanup
[2019-12-09T01:58:22.254+0000][1][safepoint    ] Leaving safepoint region
[2019-12-09T01:58:22.254+0000][1][safepoint    ] Total time for which application threads were stopped: 0.0000835 seconds, Stopping threads took: 0.0000174 seconds
[2019-12-09T01:58:23.255+0000][1][safepoint    ] Application time: 1.0000769 seconds
[2019-12-09T01:58:23.255+0000][1][safepoint    ] Entering safepoint region: Cleanup
[2019-12-09T01:58:23.255+0000][1][safepoint    ] Leaving safepoint region
[2019-12-09T01:58:23.255+0000][1][safepoint    ] Total time for which application threads were stopped: 0.0000843 seconds, Stopping threads took: 0.0000178 seconds
[2019-12-09T01:58:24.255+0000][1][safepoint    ] Application time: 1.0000803 seconds
[2019-12-09T01:58:24.255+0000][1][safepoint    ] Entering safepoint region: Cleanup
[2019-12-09T01:58:24.255+0000][1][safepoint    ] Leaving safepoint region
[2019-12-09T01:58:24.255+0000][1][safepoint    ] Total time for which application threads were stopped: 0.0000780 seconds, Stopping threads took: 0.0000178 seconds
[2019-12-09T01:58:25.255+0000][1][safepoint    ] Application time: 1.0000783 seconds
[2019-12-09T01:58:25.255+0000][1][safepoint    ] Entering safepoint region: Cleanup
[2019-12-09T01:58:25.255+0000][1][safepoint    ] Leaving safepoint region
[2019-12-09T01:58:25.255+0000][1][safepoint    ] Total time for which application threads were stopped: 0.0000834 seconds, Stopping threads took: 0.0000228 seconds
[2019-12-09T01:58:26.255+0000][1][safepoint    ] Application time: 1.0000787 seconds
[2019-12-09T01:58:26.255+0000][1][safepoint    ] Entering safepoint region: Cleanup
[2019-12-09T01:58:26.255+0000][1][safepoint    ] Leaving safepoint region
[2019-12-09T01:58:26.255+0000][1][safepoint    ] Total time for which application threads were stopped: 0.0000780 seconds, Stopping threads took: 0.0000173 seconds
[2019-12-09T01:58:27.255+0000][1][safepoint    ] Application time: 1.0000756 seconds
[2019-12-09T01:58:27.255+0000][1][safepoint    ] Entering safepoint region: Cleanup
[2019-12-09T01:58:27.255+0000][1][safepoint    ] Leaving safepoint region
[2019-12-09T01:58:27.255+0000][1][safepoint    ] Total time for which application threads were stopped: 0.0000751 seconds, Stopping threads took: 0.0000175 seconds
[2019-12-09T01:58:28.256+0000][1][safepoint    ] Application time: 1.0000754 seconds
[2019-12-09T01:58:28.256+0000][1][safepoint    ] Entering safepoint region: Cleanup
[2019-12-09T01:58:28.256+0000][1][safepoint    ] Leaving safepoint region
[2019-12-09T01:58:28.256+0000][1][safepoint    ] Total time for which application threads were stopped: 0.0000826 seconds, Stopping threads took: 0.0000166 seconds
[2019-12-09T01:58:29.256+0000][1][safepoint    ] Application time: 1.0000771 seconds
[2019-12-09T01:58:29.256+0000][1][safepoint    ] Entering safepoint region: Cleanup
[2019-12-09T01:58:29.256+0000][1][safepoint    ] Leaving safepoint region
[2019-12-09T01:58:29.256+0000][1][safepoint    ] Total time for which application threads were stopped: 0.0000897 seconds, Stopping threads took: 0.0000171 seconds
[2019-12-09T01:58:30.256+0000][1][safepoint    ] Application time: 1.0000767 seconds
[2019-12-09T01:58:30.256+0000][1][safepoint    ] Entering safepoint region: Cleanup
[2019-12-09T01:58:30.256+0000][1][safepoint    ] Leaving safepoint region
[2019-12-09T01:58:30.256+0000][1][safepoint    ] Total time for which application threads were stopped: 0.0000804 seconds, Stopping threads took: 0.0000168 seconds
[2019-12-09T01:58:31.256+0000][1][safepoint    ] Application time: 1.0000765 seconds
[2019-12-09T01:58:31.256+0000][1][safepoint    ] Entering safepoint region: Cleanup
[2019-12-09T01:58:31.256+0000][1][safepoint    ] Leaving safepoint region
[2019-12-09T01:58:31.256+0000][1][safepoint    ] Total time for which application threads were stopped: 0.0000800 seconds, Stopping threads took: 0.0000224 seconds
[2019-12-09T01:58:32.256+0000][1][safepoint    ] Application time: 1.0000765 seconds
[2019-12-09T01:58:32.256+0000][1][safepoint    ] Entering safepoint region: Cleanup
[2019-12-09T01:58:32.256+0000][1][safepoint    ] Leaving safepoint region
[2019-12-09T01:58:32.256+0000][1][safepoint    ] Total time for which application threads were stopped: 0.0000765 seconds, Stopping threads took: 0.0000173 seconds
[2019-12-09T01:58:33.257+0000][1][safepoint    ] Application time: 1.0000752 seconds
[2019-12-09T01:58:33.257+0000][1][safepoint    ] Entering safepoint region: Cleanup
[2019-12-09T01:58:33.257+0000][1][safepoint    ] Leaving safepoint region
[2019-12-09T01:58:33.257+0000][1][safepoint    ] Total time for which application threads were stopped: 0.0000824 seconds, Stopping threads took: 0.0000172 seconds
[2019-12-09T01:58:34.257+0000][1][safepoint    ] Application time: 1.0000758 seconds
[2019-12-09T01:58:34.257+0000][1][safepoint    ] Entering safepoint region: Cleanup
[2019-12-09T01:58:34.257+0000][1][safepoint    ] Leaving safepoint region
[2019-12-09T01:58:34.257+0000][1][safepoint    ] Total time for which application threads were stopped: 0.0000801 seconds, Stopping threads took: 0.0000161 seconds
[2019-12-09T01:58:35.257+0000][1][safepoint    ] Application time: 1.0000747 seconds
[2019-12-09T01:58:35.257+0000][1][safepoint    ] Entering safepoint region: Cleanup
[2019-12-09T01:58:35.257+0000][1][safepoint    ] Leaving safepoint region
[2019-12-09T01:58:35.257+0000][1][safepoint    ] Total time for which application threads were stopped: 0.0000825 seconds, Stopping threads took: 0.0000199 seconds
[2019-12-09T01:58:36.257+0000][1][safepoint    ] Application time: 1.0000772 seconds
[2019-12-09T01:58:36.257+0000][1][safepoint    ] Entering safepoint region: Cleanup
[2019-12-09T01:58:36.257+0000][1][safepoint    ] Leaving safepoint region
[2019-12-09T01:58:36.257+0000][1][safepoint    ] Total time for which application threads were stopped: 0.0000739 seconds, Stopping threads took: 0.0000167 seconds
[2019-12-09T01:58:37.257+0000][1][safepoint    ] Application time: 1.0000750 seconds
[2019-12-09T01:58:37.257+0000][1][safepoint    ] Entering safepoint region: Cleanup
[2019-12-09T01:58:37.257+0000][1][safepoint    ] Leaving safepoint region
[2019-12-09T01:58:37.257+0000][1][safepoint    ] Total time for which application threads were stopped: 0.0000925 seconds, Stopping threads took: 0.0000169 seconds
[2019-12-09T01:58:38.258+0000][1][safepoint    ] Application time: 1.0000779 seconds
[2019-12-09T01:58:38.258+0000][1][safepoint    ] Entering safepoint region: Cleanup
[2019-12-09T01:58:38.258+0000][1][safepoint    ] Leaving safepoint region
[2019-12-09T01:58:38.258+0000][1][safepoint    ] Total time for which application threads were stopped: 0.0000761 seconds, Stopping threads took: 0.0000177 seconds
[2019-12-09T01:58:39.258+0000][1][safepoint    ] Application time: 1.0000730 seconds
[2019-12-09T01:58:39.258+0000][1][safepoint    ] Entering safepoint region: Cleanup
[2019-12-09T01:58:39.258+0000][1][safepoint    ] Leaving safepoint region
[2019-12-09T01:58:39.258+0000][1][safepoint    ] Total time for which application threads were stopped: 0.0000756 seconds, Stopping threads took: 0.0000172 seconds
[2019-12-09T01:58:40.258+0000][1][safepoint    ] Application time: 1.0000774 seconds
[2019-12-09T01:58:40.258+0000][1][safepoint    ] Entering safepoint region: Cleanup
[2019-12-09T01:58:40.258+0000][1][safepoint    ] Leaving safepoint region
[2019-12-09T01:58:40.258+0000][1][safepoint    ] Total time for which application threads were stopped: 0.0000745 seconds, Stopping threads took: 0.0000166 seconds
[2019-12-09T01:58:41.258+0000][1][safepoint    ] Application time: 1.0000764 seconds
[2019-12-09T01:58:41.258+0000][1][safepoint    ] Entering safepoint region: Cleanup
[2019-12-09T01:58:41.258+0000][1][safepoint    ] Leaving safepoint region
[2019-12-09T01:58:41.258+0000][1][safepoint    ] Total time for which application threads were stopped: 0.0000863 seconds, Stopping threads took: 0.0000170 seconds
[2019-12-09T01:58:42.258+0000][1][safepoint    ] Application time: 1.0000757 seconds
[2019-12-09T01:58:42.258+0000][1][safepoint    ] Entering safepoint region: Cleanup
[2019-12-09T01:58:42.258+0000][1][safepoint    ] Leaving safepoint region
[2019-12-09T01:58:42.258+0000][1][safepoint    ] Total time for which application threads were stopped: 0.0000772 seconds, Stopping threads took: 0.0000167 seconds
[2019-12-09T01:58:43.259+0000][1][safepoint    ] Application time: 1.0000766 seconds
[2019-12-09T01:58:43.259+0000][1][safepoint    ] Entering safepoint region: Cleanup
[2019-12-09T01:58:43.259+0000][1][safepoint    ] Leaving safepoint region
[2019-12-09T01:58:43.259+0000][1][safepoint    ] Total time for which application threads were stopped: 0.0000766 seconds, Stopping threads took: 0.0000164 seconds
[2019-12-09T01:58:44.259+0000][1][safepoint    ] Application time: 1.0000765 seconds
[2019-12-09T01:58:44.259+0000][1][safepoint    ] Entering safepoint region: Cleanup
[2019-12-09T01:58:44.259+0000][1][safepoint    ] Leaving safepoint region
[2019-12-09T01:58:44.259+0000][1][safepoint    ] Total time for which application threads were stopped: 0.0000746 seconds, Stopping threads took: 0.0000171 seconds
[2019-12-09T01:58:45.259+0000][1][safepoint    ] Application time: 1.0000746 seconds
[2019-12-09T01:58:45.259+0000][1][safepoint    ] Entering safepoint region: Cleanup
[2019-12-09T01:58:45.259+0000][1][safepoint    ] Leaving safepoint region
[2019-12-09T01:58:45.259+0000][1][safepoint    ] Total time for which application threads were stopped: 0.0000738 seconds, Stopping threads took: 0.0000169 seconds
[2019-12-09T01:58:46.259+0000][1][safepoint    ] Application time: 1.0000751 seconds
[2019-12-09T01:58:46.259+0000][1][safepoint    ] Entering safepoint region: Cleanup
[2019-12-09T01:58:46.259+0000][1][safepoint    ] Leaving safepoint region
[2019-12-09T01:58:46.259+0000][1][safepoint    ] Total time for which application threads were stopped: 0.0000757 seconds, Stopping threads took: 0.0000170 seconds
[2019-12-09T01:58:47.259+0000][1][safepoint    ] Application time: 1.0000748 seconds
[2019-12-09T01:58:47.259+0000][1][safepoint    ] Entering safepoint region: Cleanup
[2019-12-09T01:58:47.259+0000][1][safepoint    ] Leaving safepoint region
[2019-12-09T01:58:47.259+0000][1][safepoint    ] Total time for which application threads were stopped: 0.0000789 seconds, Stopping threads took: 0.0000158 seconds
[2019-12-09T01:58:48.260+0000][1][safepoint    ] Application time: 1.0000895 seconds
[2019-12-09T01:58:48.260+0000][1][safepoint    ] Entering safepoint region: Cleanup
[2019-12-09T01:58:48.260+0000][1][safepoint    ] Leaving safepoint region
[2019-12-09T01:58:48.260+0000][1][safepoint    ] Total time for which application threads were stopped: 0.0001057 seconds, Stopping threads took: 0.0000231 seconds
[2019-12-09T01:58:49.260+0000][1][safepoint    ] Application time: 1.0000762 seconds
[2019-12-09T01:58:49.260+0000][1][safepoint    ] Entering safepoint region: Cleanup
[2019-12-09T01:58:49.260+0000][1][safepoint    ] Leaving safepoint region
[2019-12-09T01:58:49.260+0000][1][safepoint    ] Total time for which application threads were stopped: 0.0000759 seconds, Stopping threads took: 0.0000180 seconds
[2019-12-09T01:58:50.260+0000][1][safepoint    ] Application time: 1.0000771 seconds
[2019-12-09T01:58:50.260+0000][1][safepoint    ] Entering safepoint region: Cleanup
[2019-12-09T01:58:50.260+0000][1][safepoint    ] Leaving safepoint region
[2019-12-09T01:58:50.260+0000][1][safepoint    ] Total time for which application threads were stopped: 0.0000802 seconds, Stopping threads took: 0.0000173 seconds
[2019-12-09T01:58:51.260+0000][1][safepoint    ] Application time: 1.0000765 seconds
[2019-12-09T01:58:51.260+0000][1][safepoint    ] Entering safepoint region: Cleanup
[2019-12-09T01:58:51.260+0000][1][safepoint    ] Leaving safepoint region
[2019-12-09T01:58:51.260+0000][1][safepoint    ] Total time for which application threads were stopped: 0.0000832 seconds, Stopping threads took: 0.0000165 seconds
[2019-12-09T01:58:52.260+0000][1][safepoint    ] Application time: 1.0000758 seconds
[2019-12-09T01:58:52.260+0000][1][safepoint    ] Entering safepoint region: Cleanup
[2019-12-09T01:58:52.260+0000][1][safepoint    ] Leaving safepoint region
[2019-12-09T01:58:52.260+0000][1][safepoint    ] Total time for which application threads were stopped: 0.0000859 seconds, Stopping threads took: 0.0000169 seconds
[2019-12-09T01:58:53.261+0000][1][safepoint    ] Application time: 1.0000761 seconds
[2019-12-09T01:58:53.261+0000][1][safepoint    ] Entering safepoint region: Cleanup
[2019-12-09T01:58:53.261+0000][1][safepoint    ] Leaving safepoint region
[2019-12-09T01:58:53.261+0000][1][safepoint    ] Total time for which application threads were stopped: 0.0000799 seconds, Stopping threads took: 0.0000170 seconds
[2019-12-09T01:58:54.261+0000][1][safepoint    ] Application time: 1.0000740 seconds
[2019-12-09T01:58:54.261+0000][1][safepoint    ] Entering safepoint region: Cleanup
[2019-12-09T01:58:54.261+0000][1][safepoint    ] Leaving safepoint region
[2019-12-09T01:58:54.261+0000][1][safepoint    ] Total time for which application threads were stopped: 0.0000821 seconds, Stopping threads took: 0.0000168 seconds
[2019-12-09T01:58:55.261+0000][1][safepoint    ] Application time: 1.0001226 seconds
[2019-12-09T01:58:55.261+0000][1][safepoint    ] Entering safepoint region: Cleanup
[2019-12-09T01:58:55.261+0000][1][safepoint    ] Leaving safepoint region
[2019-12-09T01:58:55.261+0000][1][safepoint    ] Total time for which application threads were stopped: 0.0003227 seconds, Stopping threads took: 0.0000971 seconds
[2019-12-09T01:58:56.262+0000][1][safepoint    ] Application time: 1.0000993 seconds
[2019-12-09T01:58:56.262+0000][1][safepoint    ] Entering safepoint region: Cleanup
[2019-12-09T01:58:56.262+0000][1][safepoint    ] Leaving safepoint region
[2019-12-09T01:58:56.262+0000][1][safepoint    ] Total time for which application threads were stopped: 0.0000881 seconds, Stopping threads took: 0.0000177 seconds
[2019-12-09T01:58:57.262+0000][1][safepoint    ] Application time: 1.0000760 seconds
[2019-12-09T01:58:57.262+0000][1][safepoint    ] Entering safepoint region: Cleanup
[2019-12-09T01:58:57.262+0000][1][safepoint    ] Leaving safepoint region
[2019-12-09T01:58:57.262+0000][1][safepoint    ] Total time for which application threads were stopped: 0.0000732 seconds, Stopping threads took: 0.0000164 seconds
[2019-12-09T01:58:58.262+0000][1][safepoint    ] Application time: 1.0000759 seconds
[2019-12-09T01:58:58.262+0000][1][safepoint    ] Entering safepoint region: Cleanup
[2019-12-09T01:58:58.262+0000][1][safepoint    ] Leaving safepoint region
[2019-12-09T01:58:58.262+0000][1][safepoint    ] Total time for which application threads were stopped: 0.0000750 seconds, Stopping threads took: 0.0000162 seconds
[2019-12-09T01:58:59.262+0000][1][safepoint    ] Application time: 1.0000755 seconds
[2019-12-09T01:58:59.262+0000][1][safepoint    ] Entering safepoint region: Cleanup
[2019-12-09T01:58:59.262+0000][1][safepoint    ] Leaving safepoint region
[2019-12-09T01:58:59.262+0000][1][safepoint    ] Total time for which application threads were stopped: 0.0000757 seconds, Stopping threads took: 0.0000170 seconds
[2019-12-09T01:59:00.262+0000][1][safepoint    ] Application time: 1.0000784 seconds
[2019-12-09T01:59:00.262+0000][1][safepoint    ] Entering safepoint region: Cleanup
[2019-12-09T01:59:00.262+0000][1][safepoint    ] Leaving safepoint region
[2019-12-09T01:59:00.262+0000][1][safepoint    ] Total time for which application threads were stopped: 0.0000747 seconds, Stopping threads took: 0.0000164 seconds
[2019-12-09T01:59:01.263+0000][1][safepoint    ] Application time: 1.0000740 seconds
[2019-12-09T01:59:01.263+0000][1][safepoint    ] Entering safepoint region: Cleanup
[2019-12-09T01:59:01.263+0000][1][safepoint    ] Leaving safepoint region
[2019-12-09T01:59:01.263+0000][1][safepoint    ] Total time for which application threads were stopped: 0.0000921 seconds, Stopping threads took: 0.0000163 seconds
[2019-12-09T01:59:02.263+0000][1][safepoint    ] Application time: 1.0000773 seconds
[2019-12-09T01:59:02.263+0000][1][safepoint    ] Entering safepoint region: Cleanup
[2019-12-09T01:59:02.263+0000][1][safepoint    ] Leaving safepoint region
[2019-12-09T01:59:02.263+0000][1][safepoint    ] Total time for which application threads were stopped: 0.0000747 seconds, Stopping threads took: 0.0000168 seconds
[2019-12-09T01:59:03.263+0000][1][safepoint    ] Application time: 1.0000741 seconds
[2019-12-09T01:59:03.263+0000][1][safepoint    ] Entering safepoint region: Cleanup
[2019-12-09T01:59:03.263+0000][1][safepoint    ] Leaving safepoint region
[2019-12-09T01:59:03.263+0000][1][safepoint    ] Total time for which application threads were stopped: 0.0000842 seconds, Stopping threads took: 0.0000173 seconds
[2019-12-09T01:59:04.263+0000][1][safepoint    ] Application time: 1.0000751 seconds
[2019-12-09T01:59:04.263+0000][1][safepoint    ] Entering safepoint region: Cleanup
[2019-12-09T01:59:04.263+0000][1][safepoint    ] Leaving safepoint region
[2019-12-09T01:59:04.263+0000][1][safepoint    ] Total time for which application threads were stopped: 0.0000740 seconds, Stopping threads took: 0.0000172 seconds
[2019-12-09T01:59:05.263+0000][1][safepoint    ] Application time: 1.0000734 seconds
[2019-12-09T01:59:05.263+0000][1][safepoint    ] Entering safepoint region: Cleanup
[2019-12-09T01:59:05.263+0000][1][safepoint    ] Leaving safepoint region
[2019-12-09T01:59:05.263+0000][1][safepoint    ] Total time for which application threads were stopped: 0.0000753 seconds, Stopping threads took: 0.0000171 seconds
[2019-12-09T01:59:06.264+0000][1][safepoint    ] Application time: 1.0000781 seconds
[2019-12-09T01:59:06.264+0000][1][safepoint    ] Entering safepoint region: Cleanup
[2019-12-09T01:59:06.264+0000][1][safepoint    ] Leaving safepoint region
[2019-12-09T01:59:06.264+0000][1][safepoint    ] Total time for which application threads were stopped: 0.0000851 seconds, Stopping threads took: 0.0000188 seconds
[2019-12-09T01:59:07.264+0000][1][safepoint    ] Application time: 1.0000749 seconds
[2019-12-09T01:59:07.264+0000][1][safepoint    ] Entering safepoint region: Cleanup
[2019-12-09T01:59:07.264+0000][1][safepoint    ] Leaving safepoint region
[2019-12-09T01:59:07.264+0000][1][safepoint    ] Total time for which application threads were stopped: 0.0000749 seconds, Stopping threads took: 0.0000168 seconds
[2019-12-09T01:59:08.264+0000][1][safepoint    ] Application time: 1.0000764 seconds
[2019-12-09T01:59:08.264+0000][1][safepoint    ] Entering safepoint region: Cleanup
[2019-12-09T01:59:08.264+0000][1][safepoint    ] Leaving safepoint region
[2019-12-09T01:59:08.264+0000][1][safepoint    ] Total time for which application threads were stopped: 0.0000775 seconds, Stopping threads took: 0.0000175 seconds
[2019-12-09T01:59:09.264+0000][1][safepoint    ] Application time: 1.0000778 seconds
[2019-12-09T01:59:09.264+0000][1][safepoint    ] Entering safepoint region: Cleanup
[2019-12-09T01:59:09.264+0000][1][safepoint    ] Leaving safepoint region
[2019-12-09T01:59:09.264+0000][1][safepoint    ] Total time for which application threads were stopped: 0.0000756 seconds, Stopping threads took: 0.0000171 seconds
[2019-12-09T01:59:10.264+0000][1][safepoint    ] Application time: 1.0000765 seconds
[2019-12-09T01:59:10.264+0000][1][safepoint    ] Entering safepoint region: Cleanup
[2019-12-09T01:59:10.264+0000][1][safepoint    ] Leaving safepoint region
[2019-12-09T01:59:10.264+0000][1][safepoint    ] Total time for which application threads were stopped: 0.0000744 seconds, Stopping threads took: 0.0000168 seconds
[2019-12-09T01:59:11.265+0000][1][safepoint    ] Application time: 1.0000779 seconds
[2019-12-09T01:59:11.265+0000][1][safepoint    ] Entering safepoint region: Cleanup
[2019-12-09T01:59:11.265+0000][1][safepoint    ] Leaving safepoint region
[2019-12-09T01:59:11.265+0000][1][safepoint    ] Total time for which application threads were stopped: 0.0000750 seconds, Stopping threads took: 0.0000174 seconds
[2019-12-09T01:59:12.265+0000][1][safepoint    ] Application time: 1.0000767 seconds
[2019-12-09T01:59:12.265+0000][1][safepoint    ] Entering safepoint region: Cleanup
[2019-12-09T01:59:12.265+0000][1][safepoint    ] Leaving safepoint region
[2019-12-09T01:59:12.265+0000][1][safepoint    ] Total time for which application threads were stopped: 0.0000753 seconds, Stopping threads took: 0.0000176 seconds
[2019-12-09T01:59:13.265+0000][1][safepoint    ] Application time: 1.0000763 seconds
[2019-12-09T01:59:13.265+0000][1][safepoint    ] Entering safepoint region: Cleanup
[2019-12-09T01:59:13.265+0000][1][safepoint    ] Leaving safepoint region
[2019-12-09T01:59:13.265+0000][1][safepoint    ] Total time for which application threads were stopped: 0.0000782 seconds, Stopping threads took: 0.0000167 seconds
[2019-12-09T01:59:14.265+0000][1][safepoint    ] Application time: 1.0000771 seconds
[2019-12-09T01:59:14.265+0000][1][safepoint    ] Entering safepoint region: Cleanup
[2019-12-09T01:59:14.265+0000][1][safepoint    ] Leaving safepoint region
[2019-12-09T01:59:14.265+0000][1][safepoint    ] Total time for which application threads were stopped: 0.0000790 seconds, Stopping threads took: 0.0000178 seconds
[2019-12-09T01:59:15.265+0000][1][safepoint    ] Application time: 1.0000773 seconds
[2019-12-09T01:59:15.265+0000][1][safepoint    ] Entering safepoint region: Cleanup
[2019-12-09T01:59:15.265+0000][1][safepoint    ] Leaving safepoint region
[2019-12-09T01:59:15.265+0000][1][safepoint    ] Total time for which application threads were stopped: 0.0000752 seconds, Stopping threads took: 0.0000172 seconds
[2019-12-09T01:59:16.266+0000][1][safepoint    ] Application time: 1.0000786 seconds
[2019-12-09T01:59:16.266+0000][1][safepoint    ] Entering safepoint region: Cleanup
[2019-12-09T01:59:16.266+0000][1][safepoint    ] Leaving safepoint region
[2019-12-09T01:59:16.266+0000][1][safepoint    ] Total time for which application threads were stopped: 0.0000908 seconds, Stopping threads took: 0.0000180 seconds
[2019-12-09T01:59:17.266+0000][1][safepoint    ] Application time: 1.0000777 seconds
[2019-12-09T01:59:17.266+0000][1][safepoint    ] Entering safepoint region: Cleanup
[2019-12-09T01:59:17.266+0000][1][safepoint    ] Leaving safepoint region
[2019-12-09T01:59:17.266+0000][1][safepoint    ] Total time for which application threads were stopped: 0.0000732 seconds, Stopping threads took: 0.0000163 seconds
[2019-12-09T01:59:18.266+0000][1][safepoint    ] Application time: 1.0000781 seconds
[2019-12-09T01:59:18.266+0000][1][safepoint    ] Entering safepoint region: Cleanup
[2019-12-09T01:59:18.266+0000][1][safepoint    ] Leaving safepoint region
[2019-12-09T01:59:18.266+0000][1][safepoint    ] Total time for which application threads were stopped: 0.0000764 seconds, Stopping threads took: 0.0000179 seconds
[2019-12-09T01:59:19.266+0000][1][safepoint    ] Application time: 1.0000774 seconds
[2019-12-09T01:59:19.266+0000][1][safepoint    ] Entering safepoint region: Cleanup
[2019-12-09T01:59:19.266+0000][1][safepoint    ] Leaving safepoint region
[2019-12-09T01:59:19.266+0000][1][safepoint    ] Total time for which application threads were stopped: 0.0000836 seconds, Stopping threads took: 0.0000173 seconds
[2019-12-09T01:59:20.266+0000][1][safepoint    ] Application time: 1.0000782 seconds
[2019-12-09T01:59:20.266+0000][1][safepoint    ] Entering safepoint region: Cleanup
[2019-12-09T01:59:20.266+0000][1][safepoint    ] Leaving safepoint region
[2019-12-09T01:59:20.266+0000][1][safepoint    ] Total time for which application threads were stopped: 0.0000771 seconds, Stopping threads took: 0.0000185 seconds
[2019-12-09T01:59:21.267+0000][1][safepoint    ] Application time: 1.0000784 seconds
[2019-12-09T01:59:21.267+0000][1][safepoint    ] Entering safepoint region: Cleanup
[2019-12-09T01:59:21.267+0000][1][safepoint    ] Leaving safepoint region
[2019-12-09T01:59:21.267+0000][1][safepoint    ] Total time for which application threads were stopped: 0.0000852 seconds, Stopping threads took: 0.0000175 seconds
[2019-12-09T01:59:22.267+0000][1][safepoint    ] Application time: 1.0000791 seconds
[2019-12-09T01:59:22.267+0000][1][safepoint    ] Entering safepoint region: Cleanup
[2019-12-09T01:59:22.267+0000][1][safepoint    ] Leaving safepoint region
[2019-12-09T01:59:22.267+0000][1][safepoint    ] Total time for which application threads were stopped: 0.0000750 seconds, Stopping threads took: 0.0000174 seconds
[2019-12-09T01:59:23.267+0000][1][safepoint    ] Application time: 1.0000742 seconds
[2019-12-09T01:59:23.267+0000][1][safepoint    ] Entering safepoint region: Cleanup
[2019-12-09T01:59:23.267+0000][1][safepoint    ] Leaving safepoint region
[2019-12-09T01:59:23.267+0000][1][safepoint    ] Total time for which application threads were stopped: 0.0000761 seconds, Stopping threads took: 0.0000165 seconds
[2019-12-09T01:59:24.267+0000][1][safepoint    ] Application time: 1.0000772 seconds
[2019-12-09T01:59:24.267+0000][1][safepoint    ] Entering safepoint region: Cleanup
[2019-12-09T01:59:24.267+0000][1][safepoint    ] Leaving safepoint region
[2019-12-09T01:59:24.267+0000][1][safepoint    ] Total time for which application threads were stopped: 0.0000772 seconds, Stopping threads took: 0.0000174 seconds
[2019-12-09T01:59:25.267+0000][1][safepoint    ] Application time: 1.0000779 seconds
[2019-12-09T01:59:25.267+0000][1][safepoint    ] Entering safepoint region: Cleanup
[2019-12-09T01:59:25.267+0000][1][safepoint    ] Leaving safepoint region
[2019-12-09T01:59:25.267+0000][1][safepoint    ] Total time for which application threads were stopped: 0.0000810 seconds, Stopping threads took: 0.0000228 seconds
[2019-12-09T01:59:26.268+0000][1][safepoint    ] Application time: 1.0000772 seconds
[2019-12-09T01:59:26.268+0000][1][safepoint    ] Entering safepoint region: Cleanup
[2019-12-09T01:59:26.268+0000][1][safepoint    ] Leaving safepoint region
[2019-12-09T01:59:26.268+0000][1][safepoint    ] Total time for which application threads were stopped: 0.0000876 seconds, Stopping threads took: 0.0000177 seconds
[2019-12-09T01:59:27.268+0000][1][safepoint    ] Application time: 1.0000770 seconds
[2019-12-09T01:59:27.268+0000][1][safepoint    ] Entering safepoint region: Cleanup
[2019-12-09T01:59:27.268+0000][1][safepoint    ] Leaving safepoint region
[2019-12-09T01:59:27.268+0000][1][safepoint    ] Total time for which application threads were stopped: 0.0000819 seconds, Stopping threads took: 0.0000169 seconds
[2019-12-09T01:59:28.268+0000][1][safepoint    ] Application time: 1.0000775 seconds
[2019-12-09T01:59:28.268+0000][1][safepoint    ] Entering safepoint region: Cleanup
[2019-12-09T01:59:28.268+0000][1][safepoint    ] Leaving safepoint region
[2019-12-09T01:59:28.268+0000][1][safepoint    ] Total time for which application threads were stopped: 0.0000754 seconds, Stopping threads took: 0.0000174 seconds
[2019-12-09T01:59:29.268+0000][1][safepoint    ] Application time: 1.0000773 seconds
[2019-12-09T01:59:29.268+0000][1][safepoint    ] Entering safepoint region: Cleanup
[2019-12-09T01:59:29.268+0000][1][safepoint    ] Leaving safepoint region
[2019-12-09T01:59:29.268+0000][1][safepoint    ] Total time for which application threads were stopped: 0.0000792 seconds, Stopping threads took: 0.0000189 seconds
[2019-12-09T01:59:30.268+0000][1][safepoint    ] Application time: 1.0000756 seconds
[2019-12-09T01:59:30.268+0000][1][safepoint    ] Entering safepoint region: Cleanup
[2019-12-09T01:59:30.268+0000][1][safepoint    ] Leaving safepoint region
[2019-12-09T01:59:30.268+0000][1][safepoint    ] Total time for which application threads were stopped: 0.0000741 seconds, Stopping threads took: 0.0000168 seconds
[2019-12-09T01:59:31.269+0000][1][safepoint    ] Application time: 1.0000772 seconds
[2019-12-09T01:59:31.269+0000][1][safepoint    ] Entering safepoint region: Cleanup
[2019-12-09T01:59:31.269+0000][1][safepoint    ] Leaving safepoint region
[2019-12-09T01:59:31.269+0000][1][safepoint    ] Total time for which application threads were stopped: 0.0000969 seconds, Stopping threads took: 0.0000169 seconds
[2019-12-09T01:59:32.269+0000][1][safepoint    ] Application time: 1.0000745 seconds
[2019-12-09T01:59:32.269+0000][1][safepoint    ] Entering safepoint region: Cleanup
[2019-12-09T01:59:32.269+0000][1][safepoint    ] Leaving safepoint region
[2019-12-09T01:59:32.269+0000][1][safepoint    ] Total time for which application threads were stopped: 0.0000867 seconds, Stopping threads took: 0.0000182 seconds
[2019-12-09T01:59:33.269+0000][1][safepoint    ] Application time: 1.0000769 seconds
[2019-12-09T01:59:33.269+0000][1][safepoint    ] Entering safepoint region: Cleanup
[2019-12-09T01:59:33.269+0000][1][safepoint    ] Leaving safepoint region
[2019-12-09T01:59:33.269+0000][1][safepoint    ] Total time for which application threads were stopped: 0.0000830 seconds, Stopping threads took: 0.0000178 seconds
[2019-12-09T01:59:34.269+0000][1][safepoint    ] Application time: 1.0000788 seconds
[2019-12-09T01:59:34.269+0000][1][safepoint    ] Entering safepoint region: Cleanup
[2019-12-09T01:59:34.269+0000][1][safepoint    ] Leaving safepoint region
[2019-12-09T01:59:34.269+0000][1][safepoint    ] Total time for which application threads were stopped: 0.0000767 seconds, Stopping threads took: 0.0000180 seconds
[2019-12-09T01:59:35.269+0000][1][safepoint    ] Application time: 1.0000790 seconds
[2019-12-09T01:59:35.269+0000][1][safepoint    ] Entering safepoint region: Cleanup
[2019-12-09T01:59:35.270+0000][1][safepoint    ] Leaving safepoint region
[2019-12-09T01:59:35.270+0000][1][safepoint    ] Total time for which application threads were stopped: 0.0000762 seconds, Stopping threads took: 0.0000172 seconds
[2019-12-09T01:59:36.270+0000][1][safepoint    ] Application time: 1.0000786 seconds
[2019-12-09T01:59:36.270+0000][1][safepoint    ] Entering safepoint region: Cleanup
[2019-12-09T01:59:36.270+0000][1][safepoint    ] Leaving safepoint region
[2019-12-09T01:59:36.270+0000][1][safepoint    ] Total time for which application threads were stopped: 0.0000872 seconds, Stopping threads took: 0.0000171 seconds
[2019-12-09T01:59:37.270+0000][1][safepoint    ] Application time: 1.0000754 seconds
[2019-12-09T01:59:37.270+0000][1][safepoint    ] Entering safepoint region: Cleanup
[2019-12-09T01:59:37.270+0000][1][safepoint    ] Leaving safepoint region
[2019-12-09T01:59:37.270+0000][1][safepoint    ] Total time for which application threads were stopped: 0.0000754 seconds, Stopping threads took: 0.0000180 seconds
[2019-12-09T01:59:38.270+0000][1][safepoint    ] Application time: 1.0000753 seconds
[2019-12-09T01:59:38.270+0000][1][safepoint    ] Entering safepoint region: Cleanup
[2019-12-09T01:59:38.270+0000][1][safepoint    ] Leaving safepoint region
[2019-12-09T01:59:38.270+0000][1][safepoint    ] Total time for which application threads were stopped: 0.0000766 seconds, Stopping threads took: 0.0000166 seconds
[2019-12-09T01:59:39.270+0000][1][safepoint    ] Application time: 1.0000763 seconds
[2019-12-09T01:59:39.270+0000][1][safepoint    ] Entering safepoint region: Cleanup
[2019-12-09T01:59:39.270+0000][1][safepoint    ] Leaving safepoint region
[2019-12-09T01:59:39.270+0000][1][safepoint    ] Total time for which application threads were stopped: 0.0000776 seconds, Stopping threads took: 0.0000186 seconds
[2019-12-09T01:59:40.270+0000][1][safepoint    ] Application time: 1.0000762 seconds
[2019-12-09T01:59:40.270+0000][1][safepoint    ] Entering safepoint region: Cleanup
[2019-12-09T01:59:40.270+0000][1][safepoint    ] Leaving safepoint region
[2019-12-09T01:59:40.270+0000][1][safepoint    ] Total time for which application threads were stopped: 0.0000759 seconds, Stopping threads took: 0.0000172 seconds
[2019-12-09T01:59:41.271+0000][1][safepoint    ] Application time: 1.0000751 seconds
[2019-12-09T01:59:41.271+0000][1][safepoint    ] Entering safepoint region: Cleanup
[2019-12-09T01:59:41.271+0000][1][safepoint    ] Leaving safepoint region
[2019-12-09T01:59:41.271+0000][1][safepoint    ] Total time for which application threads were stopped: 0.0000898 seconds, Stopping threads took: 0.0000178 seconds
[2019-12-09T01:59:42.271+0000][1][safepoint    ] Application time: 1.0000757 seconds
[2019-12-09T01:59:42.271+0000][1][safepoint    ] Entering safepoint region: Cleanup
[2019-12-09T01:59:42.271+0000][1][safepoint    ] Leaving safepoint region
[2019-12-09T01:59:42.271+0000][1][safepoint    ] Total time for which application threads were stopped: 0.0000735 seconds, Stopping threads took: 0.0000162 seconds
[2019-12-09T01:59:43.271+0000][1][safepoint    ] Application time: 1.0000759 seconds
[2019-12-09T01:59:43.271+0000][1][safepoint    ] Entering safepoint region: Cleanup
[2019-12-09T01:59:43.271+0000][1][safepoint    ] Leaving safepoint region
[2019-12-09T01:59:43.271+0000][1][safepoint    ] Total time for which application threads were stopped: 0.0000768 seconds, Stopping threads took: 0.0000175 seconds
[2019-12-09T01:59:44.271+0000][1][safepoint    ] Application time: 1.0000776 seconds
[2019-12-09T01:59:44.271+0000][1][safepoint    ] Entering safepoint region: Cleanup
[2019-12-09T01:59:44.271+0000][1][safepoint    ] Leaving safepoint region
[2019-12-09T01:59:44.271+0000][1][safepoint    ] Total time for which application threads were stopped: 0.0000777 seconds, Stopping threads took: 0.0000180 seconds
[2019-12-09T01:59:45.271+0000][1][safepoint    ] Application time: 1.0000784 seconds
[2019-12-09T01:59:45.271+0000][1][safepoint    ] Entering safepoint region: Cleanup
[2019-12-09T01:59:45.271+0000][1][safepoint    ] Leaving safepoint region
[2019-12-09T01:59:45.271+0000][1][safepoint    ] Total time for which application threads were stopped: 0.0000802 seconds, Stopping threads took: 0.0000170 seconds
[2019-12-09T01:59:46.272+0000][1][safepoint    ] Application time: 1.0000765 seconds
[2019-12-09T01:59:46.272+0000][1][safepoint    ] Entering safepoint region: Cleanup
[2019-12-09T01:59:46.272+0000][1][safepoint    ] Leaving safepoint region
[2019-12-09T01:59:46.272+0000][1][safepoint    ] Total time for which application threads were stopped: 0.0000875 seconds, Stopping threads took: 0.0000186 seconds
[2019-12-09T01:59:47.272+0000][1][safepoint    ] Application time: 1.0000757 seconds
[2019-12-09T01:59:47.272+0000][1][safepoint    ] Entering safepoint region: Cleanup
[2019-12-09T01:59:47.272+0000][1][safepoint    ] Leaving safepoint region
[2019-12-09T01:59:47.272+0000][1][safepoint    ] Total time for which application threads were stopped: 0.0000762 seconds, Stopping threads took: 0.0000179 seconds
[2019-12-09T01:59:48.272+0000][1][safepoint    ] Application time: 1.0000770 seconds
[2019-12-09T01:59:48.272+0000][1][safepoint    ] Entering safepoint region: Cleanup
[2019-12-09T01:59:48.272+0000][1][safepoint    ] Leaving safepoint region
[2019-12-09T01:59:48.272+0000][1][safepoint    ] Total time for which application threads were stopped: 0.0000767 seconds, Stopping threads took: 0.0000170 seconds
[2019-12-09T01:59:49.272+0000][1][safepoint    ] Application time: 1.0000771 seconds
[2019-12-09T01:59:49.272+0000][1][safepoint    ] Entering safepoint region: Cleanup
[2019-12-09T01:59:49.272+0000][1][safepoint    ] Leaving safepoint region
[2019-12-09T01:59:49.272+0000][1][safepoint    ] Total time for which application threads were stopped: 0.0000754 seconds, Stopping threads took: 0.0000175 seconds
[2019-12-09T01:59:50.272+0000][1][safepoint    ] Application time: 1.0000768 seconds
[2019-12-09T01:59:50.272+0000][1][safepoint    ] Entering safepoint region: Cleanup
[2019-12-09T01:59:50.272+0000][1][safepoint    ] Leaving safepoint region
[2019-12-09T01:59:50.272+0000][1][safepoint    ] Total time for which application threads were stopped: 0.0000746 seconds, Stopping threads took: 0.0000156 seconds
[2019-12-09T01:59:51.273+0000][1][safepoint    ] Application time: 1.0000748 seconds
[2019-12-09T01:59:51.273+0000][1][safepoint    ] Entering safepoint region: Cleanup
[2019-12-09T01:59:51.273+0000][1][safepoint    ] Leaving safepoint region
[2019-12-09T01:59:51.273+0000][1][safepoint    ] Total time for which application threads were stopped: 0.0000847 seconds, Stopping threads took: 0.0000171 seconds
[2019-12-09T01:59:52.273+0000][1][safepoint    ] Application time: 1.0000757 seconds
[2019-12-09T01:59:52.273+0000][1][safepoint    ] Entering safepoint region: Cleanup
[2019-12-09T01:59:52.273+0000][1][safepoint    ] Leaving safepoint region
[2019-12-09T01:59:52.273+0000][1][safepoint    ] Total time for which application threads were stopped: 0.0000819 seconds, Stopping threads took: 0.0000171 seconds
[2019-12-09T01:59:53.273+0000][1][safepoint    ] Application time: 1.0000759 seconds
[2019-12-09T01:59:53.273+0000][1][safepoint    ] Entering safepoint region: Cleanup
[2019-12-09T01:59:53.273+0000][1][safepoint    ] Leaving safepoint region
[2019-12-09T01:59:53.273+0000][1][safepoint    ] Total time for which application threads were stopped: 0.0000752 seconds, Stopping threads took: 0.0000171 seconds
[2019-12-09T01:59:54.273+0000][1][safepoint    ] Application time: 1.0000781 seconds
[2019-12-09T01:59:54.273+0000][1][safepoint    ] Entering safepoint region: Cleanup
[2019-12-09T01:59:54.273+0000][1][safepoint    ] Leaving safepoint region
[2019-12-09T01:59:54.273+0000][1][safepoint    ] Total time for which application threads were stopped: 0.0000772 seconds, Stopping threads took: 0.0000173 seconds
[2019-12-09T01:59:55.273+0000][1][safepoint    ] Application time: 1.0000774 seconds
[2019-12-09T01:59:55.273+0000][1][safepoint    ] Entering safepoint region: Cleanup
[2019-12-09T01:59:55.273+0000][1][safepoint    ] Leaving safepoint region
[2019-12-09T01:59:55.273+0000][1][safepoint    ] Total time for which application threads were stopped: 0.0000769 seconds, Stopping threads took: 0.0000180 seconds
[2019-12-09T01:59:56.274+0000][1][safepoint    ] Application time: 1.0000773 seconds
[2019-12-09T01:59:56.274+0000][1][safepoint    ] Entering safepoint region: Cleanup
[2019-12-09T01:59:56.274+0000][1][safepoint    ] Leaving safepoint region
[2019-12-09T01:59:56.274+0000][1][safepoint    ] Total time for which application threads were stopped: 0.0000764 seconds, Stopping threads took: 0.0000184 seconds
[2019-12-09T01:59:57.274+0000][1][safepoint    ] Application time: 1.0000764 seconds
[2019-12-09T01:59:57.274+0000][1][safepoint    ] Entering safepoint region: Cleanup
[2019-12-09T01:59:57.274+0000][1][safepoint    ] Leaving safepoint region
[2019-12-09T01:59:57.274+0000][1][safepoint    ] Total time for which application threads were stopped: 0.0000758 seconds, Stopping threads took: 0.0000174 seconds
[2019-12-09T01:59:58.274+0000][1][safepoint    ] Application time: 1.0000757 seconds
[2019-12-09T01:59:58.274+0000][1][safepoint    ] Entering safepoint region: Cleanup
[2019-12-09T01:59:58.274+0000][1][safepoint    ] Leaving safepoint region
[2019-12-09T01:59:58.274+0000][1][safepoint    ] Total time for which application threads were stopped: 0.0000814 seconds, Stopping threads took: 0.0000170 seconds
[2019-12-09T01:59:59.274+0000][1][safepoint    ] Application time: 1.0000771 seconds
[2019-12-09T01:59:59.274+0000][1][safepoint    ] Entering safepoint region: Cleanup
[2019-12-09T01:59:59.274+0000][1][safepoint    ] Leaving safepoint region
[2019-12-09T01:59:59.274+0000][1][safepoint    ] Total time for which application threads were stopped: 0.0000767 seconds, Stopping threads took: 0.0000170 seconds
[2019-12-09T02:00:00.274+0000][1][safepoint    ] Application time: 1.0000762 seconds
[2019-12-09T02:00:00.274+0000][1][safepoint    ] Entering safepoint region: Cleanup
[2019-12-09T02:00:00.274+0000][1][safepoint    ] Leaving safepoint region
[2019-12-09T02:00:00.274+0000][1][safepoint    ] Total time for which application threads were stopped: 0.0000947 seconds, Stopping threads took: 0.0000265 seconds
[2019-12-09T02:00:01.275+0000][1][safepoint    ] Application time: 1.0000766 seconds
[2019-12-09T02:00:01.275+0000][1][safepoint    ] Entering safepoint region: Cleanup
[2019-12-09T02:00:01.275+0000][1][safepoint    ] Leaving safepoint region
[2019-12-09T02:00:01.275+0000][1][safepoint    ] Total time for which application threads were stopped: 0.0000860 seconds, Stopping threads took: 0.0000174 seconds
[2019-12-09T02:00:02.275+0000][1][safepoint    ] Application time: 1.0000780 seconds
[2019-12-09T02:00:02.275+0000][1][safepoint    ] Entering safepoint region: Cleanup
[2019-12-09T02:00:02.275+0000][1][safepoint    ] Leaving safepoint region
[2019-12-09T02:00:02.275+0000][1][safepoint    ] Total time for which application threads were stopped: 0.0000770 seconds, Stopping threads took: 0.0000172 seconds
[2019-12-09T02:00:03.275+0000][1][safepoint    ] Application time: 1.0000773 seconds
[2019-12-09T02:00:03.275+0000][1][safepoint    ] Entering safepoint region: Cleanup
[2019-12-09T02:00:03.275+0000][1][safepoint    ] Leaving safepoint region
[2019-12-09T02:00:03.275+0000][1][safepoint    ] Total time for which application threads were stopped: 0.0000754 seconds, Stopping threads took: 0.0000178 seconds
[2019-12-09T02:00:04.275+0000][1][safepoint    ] Application time: 1.0000857 seconds
[2019-12-09T02:00:04.275+0000][1][safepoint    ] Entering safepoint region: Cleanup
[2019-12-09T02:00:04.275+0000][1][safepoint    ] Leaving safepoint region
[2019-12-09T02:00:04.275+0000][1][safepoint    ] Total time for which application threads were stopped: 0.0001020 seconds, Stopping threads took: 0.0000240 seconds
[2019-12-09T02:00:05.275+0000][1][safepoint    ] Application time: 1.0000772 seconds
[2019-12-09T02:00:05.275+0000][1][safepoint    ] Entering safepoint region: Cleanup
[2019-12-09T02:00:05.276+0000][1][safepoint    ] Leaving safepoint region
[2019-12-09T02:00:05.276+0000][1][safepoint    ] Total time for which application threads were stopped: 0.0000756 seconds, Stopping threads took: 0.0000178 seconds
[2019-12-09T02:00:06.276+0000][1][safepoint    ] Application time: 1.0000782 seconds
[2019-12-09T02:00:06.276+0000][1][safepoint    ] Entering safepoint region: Cleanup
[2019-12-09T02:00:06.276+0000][1][safepoint    ] Leaving safepoint region
[2019-12-09T02:00:06.276+0000][1][safepoint    ] Total time for which application threads were stopped: 0.0000897 seconds, Stopping threads took: 0.0000295 seconds
[2019-12-09T02:00:07.276+0000][1][safepoint    ] Application time: 1.0000756 seconds
[2019-12-09T02:00:07.276+0000][1][safepoint    ] Entering safepoint region: Cleanup
[2019-12-09T02:00:07.276+0000][1][safepoint    ] Leaving safepoint region
[2019-12-09T02:00:07.276+0000][1][safepoint    ] Total time for which application threads were stopped: 0.0000780 seconds, Stopping threads took: 0.0000167 seconds
[2019-12-09T02:00:08.276+0000][1][safepoint    ] Application time: 1.0000757 seconds
[2019-12-09T02:00:08.276+0000][1][safepoint    ] Entering safepoint region: Cleanup
[2019-12-09T02:00:08.276+0000][1][safepoint    ] Leaving safepoint region
[2019-12-09T02:00:08.276+0000][1][safepoint    ] Total time for which application threads were stopped: 0.0000789 seconds, Stopping threads took: 0.0000187 seconds
[2019-12-09T02:00:09.276+0000][1][safepoint    ] Application time: 1.0000771 seconds
[2019-12-09T02:00:09.276+0000][1][safepoint    ] Entering safepoint region: Cleanup
[2019-12-09T02:00:09.276+0000][1][safepoint    ] Leaving safepoint region
[2019-12-09T02:00:09.276+0000][1][safepoint    ] Total time for which application threads were stopped: 0.0000767 seconds, Stopping threads took: 0.0000176 seconds
[2019-12-09T02:00:10.276+0000][1][safepoint    ] Application time: 1.0000755 seconds
[2019-12-09T02:00:10.276+0000][1][safepoint    ] Entering safepoint region: Cleanup
[2019-12-09T02:00:10.277+0000][1][safepoint    ] Leaving safepoint region
[2019-12-09T02:00:10.277+0000][1][safepoint    ] Total time for which application threads were stopped: 0.0000817 seconds, Stopping threads took: 0.0000227 seconds
[2019-12-09T02:00:11.277+0000][1][safepoint    ] Application time: 1.0000760 seconds
[2019-12-09T02:00:11.277+0000][1][safepoint    ] Entering safepoint region: Cleanup
[2019-12-09T02:00:11.277+0000][1][safepoint    ] Leaving safepoint region
[2019-12-09T02:00:11.277+0000][1][safepoint    ] Total time for which application threads were stopped: 0.0000923 seconds, Stopping threads took: 0.0000327 seconds
[2019-12-09T02:00:11.375+0000][1][safepoint    ] Application time: 0.0981895 seconds
[2019-12-09T02:00:11.375+0000][1][safepoint    ] Entering safepoint region: GenCollectForAllocation
[2019-12-09T02:00:11.375+0000][1][gc,start     ] GC(26) Pause Young (Allocation Failure)
[2019-12-09T02:00:11.375+0000][1][gc,task      ] GC(26) Using 2 workers of 2 for evacuation
[2019-12-09T02:00:11.385+0000][1][gc,age       ] GC(26) Desired survivor size 4456448 bytes, new threshold 6 (max threshold 6)
[2019-12-09T02:00:11.385+0000][1][gc,age       ] GC(26) Age table with threshold 6 (max threshold 6)
[2019-12-09T02:00:11.385+0000][1][gc,age       ] GC(26) - age   1:       8328 bytes,       8328 total
[2019-12-09T02:00:11.385+0000][1][gc,age       ] GC(26) - age   2:       6680 bytes,      15008 total
[2019-12-09T02:00:11.385+0000][1][gc,age       ] GC(26) - age   3:      19544 bytes,      34552 total
[2019-12-09T02:00:11.385+0000][1][gc,age       ] GC(26) - age   4:    1115912 bytes,    1150464 total
[2019-12-09T02:00:11.385+0000][1][gc,age       ] GC(26) - age   5:    2740360 bytes,    3890824 total
[2019-12-09T02:00:11.385+0000][1][gc,heap      ] GC(26) ParNew: 74107K->5911K(78656K)
[2019-12-09T02:00:11.385+0000][1][gc,heap      ] GC(26) CMS: 65204K->65204K(174784K)
[2019-12-09T02:00:11.385+0000][1][gc,metaspace ] GC(26) Metaspace: 68832K->68832K(1112064K)
[2019-12-09T02:00:11.385+0000][1][gc           ] GC(26) Pause Young (Allocation Failure) 136M->69M(247M) 9.560ms
[2019-12-09T02:00:11.385+0000][1][gc,cpu       ] GC(26) User=0.02s Sys=0.00s Real=0.01s
[2019-12-09T02:00:11.385+0000][1][safepoint    ] Leaving safepoint region
[2019-12-09T02:00:11.385+0000][1][safepoint    ] Total time for which application threads were stopped: 0.0097243 seconds, Stopping threads took: 0.0000191 seconds
[2019-12-09T02:00:12.385+0000][1][safepoint    ] Application time: 1.0000857 seconds
[2019-12-09T02:00:12.385+0000][1][safepoint    ] Entering safepoint region: Cleanup
[2019-12-09T02:00:12.385+0000][1][safepoint    ] Leaving safepoint region
[2019-12-09T02:00:12.385+0000][1][safepoint    ] Total time for which application threads were stopped: 0.0000985 seconds, Stopping threads took: 0.0000184 seconds
[2019-12-09T02:00:13.385+0000][1][safepoint    ] Application time: 1.0000772 seconds
[2019-12-09T02:00:13.385+0000][1][safepoint    ] Entering safepoint region: Cleanup
[2019-12-09T02:00:13.385+0000][1][safepoint    ] Leaving safepoint region
[2019-12-09T02:00:13.385+0000][1][safepoint    ] Total time for which application threads were stopped: 0.0000698 seconds, Stopping threads took: 0.0000158 seconds
[2019-12-09T02:00:14.385+0000][1][safepoint    ] Application time: 1.0000773 seconds
[2019-12-09T02:00:14.385+0000][1][safepoint    ] Entering safepoint region: Cleanup
[2019-12-09T02:00:14.385+0000][1][safepoint    ] Leaving safepoint region
[2019-12-09T02:00:14.385+0000][1][safepoint    ] Total time for which application threads were stopped: 0.0000692 seconds, Stopping threads took: 0.0000145 seconds
[2019-12-09T02:00:15.385+0000][1][safepoint    ] Application time: 1.0000765 seconds
[2019-12-09T02:00:15.385+0000][1][safepoint    ] Entering safepoint region: Cleanup
[2019-12-09T02:00:15.385+0000][1][safepoint    ] Leaving safepoint region
[2019-12-09T02:00:15.385+0000][1][safepoint    ] Total time for which application threads were stopped: 0.0000692 seconds, Stopping threads took: 0.0000154 seconds
[2019-12-09T02:00:16.386+0000][1][safepoint    ] Application time: 1.0000761 seconds
[2019-12-09T02:00:16.386+0000][1][safepoint    ] Entering safepoint region: Cleanup
[2019-12-09T02:00:16.386+0000][1][safepoint    ] Leaving safepoint region
[2019-12-09T02:00:16.386+0000][1][safepoint    ] Total time for which application threads were stopped: 0.0000800 seconds, Stopping threads took: 0.0000161 seconds
[2019-12-09T02:00:17.386+0000][1][safepoint    ] Application time: 1.0000757 seconds
[2019-12-09T02:00:17.386+0000][1][safepoint    ] Entering safepoint region: Cleanup
[2019-12-09T02:00:17.386+0000][1][safepoint    ] Leaving safepoint region
[2019-12-09T02:00:17.386+0000][1][safepoint    ] Total time for which application threads were stopped: 0.0000686 seconds, Stopping threads took: 0.0000155 seconds
[2019-12-09T02:00:18.386+0000][1][safepoint    ] Application time: 1.0000755 seconds
[2019-12-09T02:00:18.386+0000][1][safepoint    ] Entering safepoint region: Cleanup
[2019-12-09T02:00:18.386+0000][1][safepoint    ] Leaving safepoint region
[2019-12-09T02:00:18.386+0000][1][safepoint    ] Total time for which application threads were stopped: 0.0000707 seconds, Stopping threads took: 0.0000159 seconds
[2019-12-09T02:00:19.386+0000][1][safepoint    ] Application time: 1.0000908 seconds
[2019-12-09T02:00:19.386+0000][1][safepoint    ] Entering safepoint region: Cleanup
[2019-12-09T02:00:19.386+0000][1][safepoint    ] Leaving safepoint region
[2019-12-09T02:00:19.386+0000][1][safepoint    ] Total time for which application threads were stopped: 0.0001069 seconds, Stopping threads took: 0.0000235 seconds
[2019-12-09T02:00:20.386+0000][1][safepoint    ] Application time: 1.0000792 seconds
[2019-12-09T02:00:20.386+0000][1][safepoint    ] Entering safepoint region: Cleanup
[2019-12-09T02:00:20.386+0000][1][safepoint    ] Leaving safepoint region
[2019-12-09T02:00:20.386+0000][1][safepoint    ] Total time for which application threads were stopped: 0.0000685 seconds, Stopping threads took: 0.0000152 seconds
[2019-12-09T02:00:21.387+0000][1][safepoint    ] Application time: 1.0000780 seconds
[2019-12-09T02:00:21.387+0000][1][safepoint    ] Entering safepoint region: Cleanup
[2019-12-09T02:00:21.387+0000][1][safepoint    ] Leaving safepoint region
[2019-12-09T02:00:21.387+0000][1][safepoint    ] Total time for which application threads were stopped: 0.0000677 seconds, Stopping threads took: 0.0000146 seconds
[2019-12-09T02:00:22.429+0000][1][safepoint    ] Application time: 1.0420704 seconds
[2019-12-09T02:00:22.429+0000][1][safepoint    ] Entering safepoint region: Cleanup
[2019-12-09T02:00:22.429+0000][1][safepoint    ] Leaving safepoint region
[2019-12-09T02:00:22.429+0000][1][safepoint    ] Total time for which application threads were stopped: 0.0001755 seconds, Stopping threads took: 0.0000158 seconds
[2019-12-09T02:00:23.429+0000][1][safepoint    ] Application time: 1.0000738 seconds
[2019-12-09T02:00:23.429+0000][1][safepoint    ] Entering safepoint region: Cleanup
[2019-12-09T02:00:23.429+0000][1][safepoint    ] Leaving safepoint region
[2019-12-09T02:00:23.429+0000][1][safepoint    ] Total time for which application threads were stopped: 0.0000704 seconds, Stopping threads took: 0.0000156 seconds
[2019-12-09T02:00:24.429+0000][1][safepoint    ] Application time: 1.0000778 seconds
[2019-12-09T02:00:24.429+0000][1][safepoint    ] Entering safepoint region: Cleanup
[2019-12-09T02:00:24.429+0000][1][safepoint    ] Leaving safepoint region
[2019-12-09T02:00:24.429+0000][1][safepoint    ] Total time for which application threads were stopped: 0.0000690 seconds, Stopping threads took: 0.0000148 seconds
[2019-12-09T02:00:25.429+0000][1][safepoint    ] Application time: 1.0000759 seconds
[2019-12-09T02:00:25.429+0000][1][safepoint    ] Entering safepoint region: Cleanup
[2019-12-09T02:00:25.430+0000][1][safepoint    ] Leaving safepoint region
[2019-12-09T02:00:25.430+0000][1][safepoint    ] Total time for which application threads were stopped: 0.0000809 seconds, Stopping threads took: 0.0000211 seconds
[2019-12-09T02:00:26.430+0000][1][safepoint    ] Application time: 1.0000757 seconds
[2019-12-09T02:00:26.430+0000][1][safepoint    ] Entering safepoint region: Cleanup
[2019-12-09T02:00:26.430+0000][1][safepoint    ] Leaving safepoint region
[2019-12-09T02:00:26.430+0000][1][safepoint    ] Total time for which application threads were stopped: 0.0000797 seconds, Stopping threads took: 0.0000143 seconds
[2019-12-09T02:00:27.430+0000][1][safepoint    ] Application time: 1.0000770 seconds
[2019-12-09T02:00:27.430+0000][1][safepoint    ] Entering safepoint region: Cleanup
[2019-12-09T02:00:27.430+0000][1][safepoint    ] Leaving safepoint region
[2019-12-09T02:00:27.430+0000][1][safepoint    ] Total time for which application threads were stopped: 0.0000710 seconds, Stopping threads took: 0.0000155 seconds
[2019-12-09T02:00:28.430+0000][1][safepoint    ] Application time: 1.0000771 seconds
[2019-12-09T02:00:28.430+0000][1][safepoint    ] Entering safepoint region: Cleanup
[2019-12-09T02:00:28.430+0000][1][safepoint    ] Leaving safepoint region
[2019-12-09T02:00:28.430+0000][1][safepoint    ] Total time for which application threads were stopped: 0.0000702 seconds, Stopping threads took: 0.0000144 seconds
[2019-12-09T02:00:29.430+0000][1][safepoint    ] Application time: 1.0000775 seconds
[2019-12-09T02:00:29.430+0000][1][safepoint    ] Entering safepoint region: Cleanup
[2019-12-09T02:00:29.430+0000][1][safepoint    ] Leaving safepoint region
[2019-12-09T02:00:29.430+0000][1][safepoint    ] Total time for which application threads were stopped: 0.0000698 seconds, Stopping threads took: 0.0000161 seconds
[2019-12-09T02:00:30.430+0000][1][safepoint    ] Application time: 1.0000763 seconds
[2019-12-09T02:00:30.430+0000][1][safepoint    ] Entering safepoint region: Cleanup
[2019-12-09T02:00:30.430+0000][1][safepoint    ] Leaving safepoint region
[2019-12-09T02:00:30.430+0000][1][safepoint    ] Total time for which application threads were stopped: 0.0000706 seconds, Stopping threads took: 0.0000150 seconds
[2019-12-09T02:00:31.431+0000][1][safepoint    ] Application time: 1.0000761 seconds
[2019-12-09T02:00:31.431+0000][1][safepoint    ] Entering safepoint region: Cleanup
[2019-12-09T02:00:31.431+0000][1][safepoint    ] Leaving safepoint region
[2019-12-09T02:00:31.431+0000][1][safepoint    ] Total time for which application threads were stopped: 0.0000714 seconds, Stopping threads took: 0.0000147 seconds
[2019-12-09T02:00:32.431+0000][1][safepoint    ] Application time: 1.0000742 seconds
[2019-12-09T02:00:32.431+0000][1][safepoint    ] Entering safepoint region: Cleanup
[2019-12-09T02:00:32.431+0000][1][safepoint    ] Leaving safepoint region
[2019-12-09T02:00:32.431+0000][1][safepoint    ] Total time for which application threads were stopped: 0.0000734 seconds, Stopping threads took: 0.0000170 seconds
[2019-12-09T02:00:33.431+0000][1][safepoint    ] Application time: 1.0000853 seconds
[2019-12-09T02:00:33.431+0000][1][safepoint    ] Entering safepoint region: Cleanup
[2019-12-09T02:00:33.431+0000][1][safepoint    ] Leaving safepoint region
[2019-12-09T02:00:33.431+0000][1][safepoint    ] Total time for which application threads were stopped: 0.0000934 seconds, Stopping threads took: 0.0000199 seconds
[2019-12-09T02:00:34.431+0000][1][safepoint    ] Application time: 1.0000875 seconds
[2019-12-09T02:00:34.431+0000][1][safepoint    ] Entering safepoint region: Cleanup
[2019-12-09T02:00:34.431+0000][1][safepoint    ] Leaving safepoint region
[2019-12-09T02:00:34.431+0000][1][safepoint    ] Total time for which application threads were stopped: 0.0001021 seconds, Stopping threads took: 0.0000193 seconds
[2019-12-09T02:00:35.431+0000][1][safepoint    ] Application time: 1.0000750 seconds
[2019-12-09T02:00:35.431+0000][1][safepoint    ] Entering safepoint region: Cleanup
[2019-12-09T02:00:35.431+0000][1][safepoint    ] Leaving safepoint region
[2019-12-09T02:00:35.431+0000][1][safepoint    ] Total time for which application threads were stopped: 0.0000730 seconds, Stopping threads took: 0.0000166 seconds
[2019-12-09T02:00:36.432+0000][1][safepoint    ] Application time: 1.0000744 seconds
[2019-12-09T02:00:36.432+0000][1][safepoint    ] Entering safepoint region: Cleanup
[2019-12-09T02:00:36.432+0000][1][safepoint    ] Leaving safepoint region
[2019-12-09T02:00:36.432+0000][1][safepoint    ] Total time for which application threads were stopped: 0.0000674 seconds, Stopping threads took: 0.0000142 seconds
[2019-12-09T02:00:37.432+0000][1][safepoint    ] Application time: 1.0000833 seconds
[2019-12-09T02:00:37.432+0000][1][safepoint    ] Entering safepoint region: Cleanup
[2019-12-09T02:00:37.432+0000][1][safepoint    ] Leaving safepoint region
[2019-12-09T02:00:37.432+0000][1][safepoint    ] Total time for which application threads were stopped: 0.0000690 seconds, Stopping threads took: 0.0000169 seconds
[2019-12-09T02:00:38.432+0000][1][safepoint    ] Application time: 1.0000750 seconds
[2019-12-09T02:00:38.432+0000][1][safepoint    ] Entering safepoint region: Cleanup
[2019-12-09T02:00:38.432+0000][1][safepoint    ] Leaving safepoint region
[2019-12-09T02:00:38.432+0000][1][safepoint    ] Total time for which application threads were stopped: 0.0000680 seconds, Stopping threads took: 0.0000157 seconds
[2019-12-09T02:00:39.432+0000][1][safepoint    ] Application time: 1.0000758 seconds
[2019-12-09T02:00:39.432+0000][1][safepoint    ] Entering safepoint region: Cleanup
[2019-12-09T02:00:39.432+0000][1][safepoint    ] Leaving safepoint region
[2019-12-09T02:00:39.432+0000][1][safepoint    ] Total time for which application threads were stopped: 0.0000707 seconds, Stopping threads took: 0.0000160 seconds
[2019-12-09T02:00:40.432+0000][1][safepoint    ] Application time: 1.0000764 seconds
[2019-12-09T02:00:40.432+0000][1][safepoint    ] Entering safepoint region: Cleanup
[2019-12-09T02:00:40.432+0000][1][safepoint    ] Leaving safepoint region
[2019-12-09T02:00:40.432+0000][1][safepoint    ] Total time for which application threads were stopped: 0.0000738 seconds, Stopping threads took: 0.0000162 seconds
[2019-12-09T02:00:41.432+0000][1][safepoint    ] Application time: 1.0000753 seconds
[2019-12-09T02:00:41.433+0000][1][safepoint    ] Entering safepoint region: Cleanup
[2019-12-09T02:00:41.433+0000][1][safepoint    ] Leaving safepoint region
[2019-12-09T02:00:41.433+0000][1][safepoint    ] Total time for which application threads were stopped: 0.0000717 seconds, Stopping threads took: 0.0000148 seconds
[2019-12-09T02:00:42.433+0000][1][safepoint    ] Application time: 1.0000839 seconds
[2019-12-09T02:00:42.433+0000][1][safepoint    ] Entering safepoint region: Cleanup
[2019-12-09T02:00:42.433+0000][1][safepoint    ] Leaving safepoint region
[2019-12-09T02:00:42.433+0000][1][safepoint    ] Total time for which application threads were stopped: 0.0000701 seconds, Stopping threads took: 0.0000141 seconds
[2019-12-09T02:00:43.433+0000][1][safepoint    ] Application time: 1.0000744 seconds
[2019-12-09T02:00:43.433+0000][1][safepoint    ] Entering safepoint region: Cleanup
[2019-12-09T02:00:43.433+0000][1][safepoint    ] Leaving safepoint region
[2019-12-09T02:00:43.433+0000][1][safepoint    ] Total time for which application threads were stopped: 0.0000752 seconds, Stopping threads took: 0.0000214 seconds
[2019-12-09T02:00:44.434+0000][1][safepoint    ] Application time: 1.0007310 seconds
[2019-12-09T02:00:44.434+0000][1][safepoint    ] Entering safepoint region: Cleanup
[2019-12-09T02:00:44.434+0000][1][safepoint    ] Leaving safepoint region
[2019-12-09T02:00:44.434+0000][1][safepoint    ] Total time for which application threads were stopped: 0.0001095 seconds, Stopping threads took: 0.0000237 seconds
[2019-12-09T02:00:45.435+0000][1][safepoint    ] Application time: 1.0008603 seconds
[2019-12-09T02:00:45.435+0000][1][safepoint    ] Entering safepoint region: Cleanup
[2019-12-09T02:00:45.435+0000][1][safepoint    ] Leaving safepoint region
[2019-12-09T02:00:45.435+0000][1][safepoint    ] Total time for which application threads were stopped: 0.0001111 seconds, Stopping threads took: 0.0000238 seconds
[2019-12-09T02:00:46.437+0000][1][safepoint    ] Application time: 1.0017996 seconds
[2019-12-09T02:00:46.437+0000][1][safepoint    ] Entering safepoint region: Cleanup
[2019-12-09T02:00:46.437+0000][1][safepoint    ] Leaving safepoint region
[2019-12-09T02:00:46.437+0000][1][safepoint    ] Total time for which application threads were stopped: 0.0000981 seconds, Stopping threads took: 0.0000228 seconds
[2019-12-09T02:00:47.437+0000][1][safepoint    ] Application time: 1.0000838 seconds
[2019-12-09T02:00:47.437+0000][1][safepoint    ] Entering safepoint region: Cleanup
[2019-12-09T02:00:47.437+0000][1][safepoint    ] Leaving safepoint region
[2019-12-09T02:00:47.437+0000][1][safepoint    ] Total time for which application threads were stopped: 0.0001018 seconds, Stopping threads took: 0.0000232 seconds
[2019-12-09T02:00:48.439+0000][1][safepoint    ] Application time: 1.0016138 seconds
[2019-12-09T02:00:48.439+0000][1][safepoint    ] Entering safepoint region: Cleanup
[2019-12-09T02:00:48.439+0000][1][safepoint    ] Leaving safepoint region
[2019-12-09T02:00:48.439+0000][1][safepoint    ] Total time for which application threads were stopped: 0.0001015 seconds, Stopping threads took: 0.0000225 seconds
[2019-12-09T02:00:49.440+0000][1][safepoint    ] Application time: 1.0008734 seconds
[2019-12-09T02:00:49.440+0000][1][safepoint    ] Entering safepoint region: Cleanup
[2019-12-09T02:00:49.440+0000][1][safepoint    ] Leaving safepoint region
[2019-12-09T02:00:49.440+0000][1][safepoint    ] Total time for which application threads were stopped: 0.0001026 seconds, Stopping threads took: 0.0000241 seconds
[2019-12-09T02:00:50.443+0000][1][safepoint    ] Application time: 1.0028244 seconds
[2019-12-09T02:00:50.443+0000][1][safepoint    ] Entering safepoint region: Cleanup
[2019-12-09T02:00:50.443+0000][1][safepoint    ] Leaving safepoint region
[2019-12-09T02:00:50.443+0000][1][safepoint    ] Total time for which application threads were stopped: 0.0000969 seconds, Stopping threads took: 0.0000208 seconds
[2019-12-09T02:00:51.446+0000][1][safepoint    ] Application time: 1.0028587 seconds
[2019-12-09T02:00:51.446+0000][1][safepoint    ] Entering safepoint region: Cleanup
[2019-12-09T02:00:51.446+0000][1][safepoint    ] Leaving safepoint region
[2019-12-09T02:00:51.446+0000][1][safepoint    ] Total time for which application threads were stopped: 0.0001040 seconds, Stopping threads took: 0.0000233 seconds
[2019-12-09T02:00:52.447+0000][1][safepoint    ] Application time: 1.0008624 seconds
[2019-12-09T02:00:52.447+0000][1][safepoint    ] Entering safepoint region: Cleanup
[2019-12-09T02:00:52.447+0000][1][safepoint    ] Leaving safepoint region
[2019-12-09T02:00:52.447+0000][1][safepoint    ] Total time for which application threads were stopped: 0.0001173 seconds, Stopping threads took: 0.0000244 seconds
[2019-12-09T02:00:53.451+0000][1][safepoint    ] Application time: 1.0038093 seconds
[2019-12-09T02:00:53.451+0000][1][safepoint    ] Entering safepoint region: Cleanup
[2019-12-09T02:00:53.451+0000][1][safepoint    ] Leaving safepoint region
[2019-12-09T02:00:53.451+0000][1][safepoint    ] Total time for which application threads were stopped: 0.0001148 seconds, Stopping threads took: 0.0000227 seconds
[2019-12-09T02:00:54.456+0000][1][safepoint    ] Application time: 1.0049589 seconds
[2019-12-09T02:00:54.456+0000][1][safepoint    ] Entering safepoint region: Cleanup
[2019-12-09T02:00:54.456+0000][1][safepoint    ] Leaving safepoint region
[2019-12-09T02:00:54.456+0000][1][safepoint    ] Total time for which application threads were stopped: 0.0001053 seconds, Stopping threads took: 0.0000251 seconds
[2019-12-09T02:00:55.460+0000][1][safepoint    ] Application time: 1.0037201 seconds
[2019-12-09T02:00:55.460+0000][1][safepoint    ] Entering safepoint region: Cleanup
[2019-12-09T02:00:55.460+0000][1][safepoint    ] Leaving safepoint region
[2019-12-09T02:00:55.460+0000][1][safepoint    ] Total time for which application threads were stopped: 0.0000994 seconds, Stopping threads took: 0.0000216 seconds
[2019-12-09T02:00:56.462+0000][1][safepoint    ] Application time: 1.0018589 seconds
[2019-12-09T02:00:56.462+0000][1][safepoint    ] Entering safepoint region: Cleanup
[2019-12-09T02:00:56.462+0000][1][safepoint    ] Leaving safepoint region
[2019-12-09T02:00:56.462+0000][1][safepoint    ] Total time for which application threads were stopped: 0.0001001 seconds, Stopping threads took: 0.0000223 seconds
[2019-12-09T02:00:57.463+0000][1][safepoint    ] Application time: 1.0008493 seconds
[2019-12-09T02:00:57.463+0000][1][safepoint    ] Entering safepoint region: Cleanup
[2019-12-09T02:00:57.463+0000][1][safepoint    ] Leaving safepoint region
[2019-12-09T02:00:57.463+0000][1][safepoint    ] Total time for which application threads were stopped: 0.0001089 seconds, Stopping threads took: 0.0000241 seconds
[2019-12-09T02:00:58.467+0000][1][safepoint    ] Application time: 1.0038285 seconds
[2019-12-09T02:00:58.467+0000][1][safepoint    ] Entering safepoint region: Cleanup
[2019-12-09T02:00:58.467+0000][1][safepoint    ] Leaving safepoint region
[2019-12-09T02:00:58.467+0000][1][safepoint    ] Total time for which application threads were stopped: 0.0001017 seconds, Stopping threads took: 0.0000231 seconds
[2019-12-09T02:00:59.472+0000][1][safepoint    ] Application time: 1.0048422 seconds
[2019-12-09T02:00:59.472+0000][1][safepoint    ] Entering safepoint region: Cleanup
[2019-12-09T02:00:59.472+0000][1][safepoint    ] Leaving safepoint region
[2019-12-09T02:00:59.472+0000][1][safepoint    ] Total time for which application threads were stopped: 0.0000999 seconds, Stopping threads took: 0.0000231 seconds
[2019-12-09T02:01:00.474+0000][1][safepoint    ] Application time: 1.0018509 seconds
[2019-12-09T02:01:00.474+0000][1][safepoint    ] Entering safepoint region: Cleanup
[2019-12-09T02:01:00.474+0000][1][safepoint    ] Leaving safepoint region
[2019-12-09T02:01:00.474+0000][1][safepoint    ] Total time for which application threads were stopped: 0.0000963 seconds, Stopping threads took: 0.0000212 seconds
[2019-12-09T02:01:01.476+0000][1][safepoint    ] Application time: 1.0018865 seconds
[2019-12-09T02:01:01.476+0000][1][safepoint    ] Entering safepoint region: Cleanup
[2019-12-09T02:01:01.476+0000][1][safepoint    ] Leaving safepoint region
[2019-12-09T02:01:01.476+0000][1][safepoint    ] Total time for which application threads were stopped: 0.0001087 seconds, Stopping threads took: 0.0000254 seconds
[2019-12-09T02:01:02.478+0000][1][safepoint    ] Application time: 1.0018719 seconds
[2019-12-09T02:01:02.478+0000][1][safepoint    ] Entering safepoint region: Cleanup
[2019-12-09T02:01:02.478+0000][1][safepoint    ] Leaving safepoint region
[2019-12-09T02:01:02.478+0000][1][safepoint    ] Total time for which application threads were stopped: 0.0001036 seconds, Stopping threads took: 0.0000237 seconds
[2019-12-09T02:01:03.480+0000][1][safepoint    ] Application time: 1.0018220 seconds
[2019-12-09T02:01:03.480+0000][1][safepoint    ] Entering safepoint region: Cleanup
[2019-12-09T02:01:03.480+0000][1][safepoint    ] Leaving safepoint region
[2019-12-09T02:01:03.480+0000][1][safepoint    ] Total time for which application threads were stopped: 0.0001042 seconds, Stopping threads took: 0.0000297 seconds
[2019-12-09T02:01:04.481+0000][1][safepoint    ] Application time: 1.0008417 seconds
[2019-12-09T02:01:04.481+0000][1][safepoint    ] Entering safepoint region: Cleanup
[2019-12-09T02:01:04.481+0000][1][safepoint    ] Leaving safepoint region
[2019-12-09T02:01:04.481+0000][1][safepoint    ] Total time for which application threads were stopped: 0.0001076 seconds, Stopping threads took: 0.0000308 seconds
[2019-12-09T02:01:05.483+0000][1][safepoint    ] Application time: 1.0018686 seconds
[2019-12-09T02:01:05.483+0000][1][safepoint    ] Entering safepoint region: Cleanup
[2019-12-09T02:01:05.483+0000][1][safepoint    ] Leaving safepoint region
[2019-12-09T02:01:05.483+0000][1][safepoint    ] Total time for which application threads were stopped: 0.0001127 seconds, Stopping threads took: 0.0000318 seconds
[2019-12-09T02:01:06.484+0000][1][safepoint    ] Application time: 1.0007588 seconds
[2019-12-09T02:01:06.484+0000][1][safepoint    ] Entering safepoint region: Cleanup
[2019-12-09T02:01:06.484+0000][1][safepoint    ] Leaving safepoint region
[2019-12-09T02:01:06.484+0000][1][safepoint    ] Total time for which application threads were stopped: 0.0000968 seconds, Stopping threads took: 0.0000225 seconds
[2019-12-09T02:01:07.488+0000][1][safepoint    ] Application time: 1.0038643 seconds
[2019-12-09T02:01:07.488+0000][1][safepoint    ] Entering safepoint region: Cleanup
[2019-12-09T02:01:07.488+0000][1][safepoint    ] Leaving safepoint region
[2019-12-09T02:01:07.488+0000][1][safepoint    ] Total time for which application threads were stopped: 0.0001209 seconds, Stopping threads took: 0.0000431 seconds
[2019-12-09T02:01:08.494+0000][1][safepoint    ] Application time: 1.0058228 seconds
[2019-12-09T02:01:08.494+0000][1][safepoint    ] Entering safepoint region: Cleanup
[2019-12-09T02:01:08.494+0000][1][safepoint    ] Leaving safepoint region
[2019-12-09T02:01:08.494+0000][1][safepoint    ] Total time for which application threads were stopped: 0.0001074 seconds, Stopping threads took: 0.0000246 seconds
[2019-12-09T02:01:09.497+0000][1][safepoint    ] Application time: 1.0028435 seconds
[2019-12-09T02:01:09.497+0000][1][safepoint    ] Entering safepoint region: Cleanup
[2019-12-09T02:01:09.497+0000][1][safepoint    ] Leaving safepoint region
[2019-12-09T02:01:09.497+0000][1][safepoint    ] Total time for which application threads were stopped: 0.0001033 seconds, Stopping threads took: 0.0000236 seconds
[2019-12-09T02:01:10.498+0000][1][safepoint    ] Application time: 1.0008666 seconds
[2019-12-09T02:01:10.498+0000][1][safepoint    ] Entering safepoint region: Cleanup
[2019-12-09T02:01:10.498+0000][1][safepoint    ] Leaving safepoint region
[2019-12-09T02:01:10.498+0000][1][safepoint    ] Total time for which application threads were stopped: 0.0001050 seconds, Stopping threads took: 0.0000230 seconds
[2019-12-09T02:01:11.499+0000][1][safepoint    ] Application time: 1.0008794 seconds
[2019-12-09T02:01:11.499+0000][1][safepoint    ] Entering safepoint region: Cleanup
[2019-12-09T02:01:11.499+0000][1][safepoint    ] Leaving safepoint region
[2019-12-09T02:01:11.499+0000][1][safepoint    ] Total time for which application threads were stopped: 0.0000979 seconds, Stopping threads took: 0.0000227 seconds
[2019-12-09T02:01:12.501+0000][1][safepoint    ] Application time: 1.0017931 seconds
[2019-12-09T02:01:12.501+0000][1][safepoint    ] Entering safepoint region: Cleanup
[2019-12-09T02:01:12.501+0000][1][safepoint    ] Leaving safepoint region
[2019-12-09T02:01:12.501+0000][1][safepoint    ] Total time for which application threads were stopped: 0.0001003 seconds, Stopping threads took: 0.0000236 seconds
[2019-12-09T02:01:13.502+0000][1][safepoint    ] Application time: 1.0009073 seconds
[2019-12-09T02:01:13.502+0000][1][safepoint    ] Entering safepoint region: Cleanup
[2019-12-09T02:01:13.502+0000][1][safepoint    ] Leaving safepoint region
[2019-12-09T02:01:13.502+0000][1][safepoint    ] Total time for which application threads were stopped: 0.0000996 seconds, Stopping threads took: 0.0000233 seconds
[2019-12-09T02:01:14.504+0000][1][safepoint    ] Application time: 1.0018007 seconds
[2019-12-09T02:01:14.504+0000][1][safepoint    ] Entering safepoint region: Cleanup
[2019-12-09T02:01:14.504+0000][1][safepoint    ] Leaving safepoint region
[2019-12-09T02:01:14.504+0000][1][safepoint    ] Total time for which application threads were stopped: 0.0001064 seconds, Stopping threads took: 0.0000251 seconds
[2019-12-09T02:01:15.506+0000][1][safepoint    ] Application time: 1.0018325 seconds
[2019-12-09T02:01:15.506+0000][1][safepoint    ] Entering safepoint region: Cleanup
[2019-12-09T02:01:15.506+0000][1][safepoint    ] Leaving safepoint region
[2019-12-09T02:01:15.506+0000][1][safepoint    ] Total time for which application threads were stopped: 0.0000999 seconds, Stopping threads took: 0.0000220 seconds
[2019-12-09T02:01:16.509+0000][1][safepoint    ] Application time: 1.0028596 seconds
[2019-12-09T02:01:16.509+0000][1][safepoint    ] Entering safepoint region: Cleanup
[2019-12-09T02:01:16.509+0000][1][safepoint    ] Leaving safepoint region
[2019-12-09T02:01:16.509+0000][1][safepoint    ] Total time for which application threads were stopped: 0.0000954 seconds, Stopping threads took: 0.0000224 seconds
[2019-12-09T02:01:17.511+0000][1][safepoint    ] Application time: 1.0018631 seconds
[2019-12-09T02:01:17.511+0000][1][safepoint    ] Entering safepoint region: Cleanup
[2019-12-09T02:01:17.511+0000][1][safepoint    ] Leaving safepoint region
[2019-12-09T02:01:17.511+0000][1][safepoint    ] Total time for which application threads were stopped: 0.0001081 seconds, Stopping threads took: 0.0000248 seconds
[2019-12-09T02:01:18.512+0000][1][safepoint    ] Application time: 1.0008791 seconds
[2019-12-09T02:01:18.512+0000][1][safepoint    ] Entering safepoint region: Cleanup
[2019-12-09T02:01:18.512+0000][1][safepoint    ] Leaving safepoint region
[2019-12-09T02:01:18.512+0000][1][safepoint    ] Total time for which application threads were stopped: 0.0001064 seconds, Stopping threads took: 0.0000241 seconds
[2019-12-09T02:01:19.514+0000][1][safepoint    ] Application time: 1.0017850 seconds
[2019-12-09T02:01:19.514+0000][1][safepoint    ] Entering safepoint region: Cleanup
[2019-12-09T02:01:19.514+0000][1][safepoint    ] Leaving safepoint region
[2019-12-09T02:01:19.514+0000][1][safepoint    ] Total time for which application threads were stopped: 0.0001170 seconds, Stopping threads took: 0.0000255 seconds
[2019-12-09T02:01:20.515+0000][1][safepoint    ] Application time: 1.0008207 seconds
[2019-12-09T02:01:20.515+0000][1][safepoint    ] Entering safepoint region: Cleanup
[2019-12-09T02:01:20.515+0000][1][safepoint    ] Leaving safepoint region
[2019-12-09T02:01:20.515+0000][1][safepoint    ] Total time for which application threads were stopped: 0.0001128 seconds, Stopping threads took: 0.0000278 seconds
[2019-12-09T02:01:21.517+0000][1][safepoint    ] Application time: 1.0018294 seconds
[2019-12-09T02:01:21.517+0000][1][safepoint    ] Entering safepoint region: Cleanup
[2019-12-09T02:01:21.517+0000][1][safepoint    ] Leaving safepoint region
[2019-12-09T02:01:21.517+0000][1][safepoint    ] Total time for which application threads were stopped: 0.0001076 seconds, Stopping threads took: 0.0000251 seconds
[2019-12-09T02:01:22.521+0000][1][safepoint    ] Application time: 1.0038418 seconds
[2019-12-09T02:01:22.521+0000][1][safepoint    ] Entering safepoint region: Cleanup
[2019-12-09T02:01:22.521+0000][1][safepoint    ] Leaving safepoint region
[2019-12-09T02:01:22.521+0000][1][safepoint    ] Total time for which application threads were stopped: 0.0001012 seconds, Stopping threads took: 0.0000231 seconds
[2019-12-09T02:01:23.524+0000][1][safepoint    ] Application time: 1.0028486 seconds
[2019-12-09T02:01:23.524+0000][1][safepoint    ] Entering safepoint region: Cleanup
[2019-12-09T02:01:23.524+0000][1][safepoint    ] Leaving safepoint region
[2019-12-09T02:01:23.524+0000][1][safepoint    ] Total time for which application threads were stopped: 0.0001109 seconds, Stopping threads took: 0.0000260 seconds
[2019-12-09T02:01:24.527+0000][1][safepoint    ] Application time: 1.0028306 seconds
[2019-12-09T02:01:24.527+0000][1][safepoint    ] Entering safepoint region: Cleanup
[2019-12-09T02:01:24.527+0000][1][safepoint    ] Leaving safepoint region
[2019-12-09T02:01:24.527+0000][1][safepoint    ] Total time for which application threads were stopped: 0.0001109 seconds, Stopping threads took: 0.0000269 seconds
[2019-12-09T02:01:25.532+0000][1][safepoint    ] Application time: 1.0048314 seconds
[2019-12-09T02:01:25.532+0000][1][safepoint    ] Entering safepoint region: Cleanup
[2019-12-09T02:01:25.532+0000][1][safepoint    ] Leaving safepoint region
[2019-12-09T02:01:25.532+0000][1][safepoint    ] Total time for which application threads were stopped: 0.0001029 seconds, Stopping threads took: 0.0000242 seconds
[2019-12-09T02:01:26.533+0000][1][safepoint    ] Application time: 1.0008354 seconds
[2019-12-09T02:01:26.533+0000][1][safepoint    ] Entering safepoint region: Cleanup
[2019-12-09T02:01:26.533+0000][1][safepoint    ] Leaving safepoint region
[2019-12-09T02:01:26.533+0000][1][safepoint    ] Total time for which application threads were stopped: 0.0000954 seconds, Stopping threads took: 0.0000228 seconds
[2019-12-09T02:01:27.534+0000][1][safepoint    ] Application time: 1.0008537 seconds
[2019-12-09T02:01:27.534+0000][1][safepoint    ] Entering safepoint region: Cleanup
[2019-12-09T02:01:27.534+0000][1][safepoint    ] Leaving safepoint region
[2019-12-09T02:01:27.534+0000][1][safepoint    ] Total time for which application threads were stopped: 0.0001100 seconds, Stopping threads took: 0.0000252 seconds
[2019-12-09T02:01:28.534+0000][1][safepoint    ] Application time: 1.0000845 seconds
[2019-12-09T02:01:28.534+0000][1][safepoint    ] Entering safepoint region: Cleanup
[2019-12-09T02:01:28.534+0000][1][safepoint    ] Leaving safepoint region
[2019-12-09T02:01:28.534+0000][1][safepoint    ] Total time for which application threads were stopped: 0.0001122 seconds, Stopping threads took: 0.0000304 seconds
[2019-12-09T02:01:29.541+0000][1][safepoint    ] Application time: 1.0072946 seconds
[2019-12-09T02:01:29.541+0000][1][safepoint    ] Entering safepoint region: Cleanup
[2019-12-09T02:01:29.542+0000][1][safepoint    ] Leaving safepoint region
[2019-12-09T02:01:29.542+0000][1][safepoint    ] Total time for which application threads were stopped: 0.0001051 seconds, Stopping threads took: 0.0000248 seconds
[2019-12-09T02:01:30.542+0000][1][safepoint    ] Application time: 1.0000908 seconds
[2019-12-09T02:01:30.542+0000][1][safepoint    ] Entering safepoint region: Cleanup
[2019-12-09T02:01:30.542+0000][1][safepoint    ] Leaving safepoint region
[2019-12-09T02:01:30.542+0000][1][safepoint    ] Total time for which application threads were stopped: 0.0001074 seconds, Stopping threads took: 0.0000242 seconds
[2019-12-09T02:01:31.543+0000][1][safepoint    ] Application time: 1.0008799 seconds
[2019-12-09T02:01:31.543+0000][1][safepoint    ] Entering safepoint region: Cleanup
[2019-12-09T02:01:31.543+0000][1][safepoint    ] Leaving safepoint region
[2019-12-09T02:01:31.543+0000][1][safepoint    ] Total time for which application threads were stopped: 0.0001045 seconds, Stopping threads took: 0.0000232 seconds
[2019-12-09T02:01:32.545+0000][1][safepoint    ] Application time: 1.0018513 seconds
[2019-12-09T02:01:32.545+0000][1][safepoint    ] Entering safepoint region: Cleanup
[2019-12-09T02:01:32.545+0000][1][safepoint    ] Leaving safepoint region
[2019-12-09T02:01:32.545+0000][1][safepoint    ] Total time for which application threads were stopped: 0.0001081 seconds, Stopping threads took: 0.0000260 seconds
[2019-12-09T02:01:33.546+0000][1][safepoint    ] Application time: 1.0010002 seconds
[2019-12-09T02:01:33.546+0000][1][safepoint    ] Entering safepoint region: Cleanup
[2019-12-09T02:01:33.546+0000][1][safepoint    ] Leaving safepoint region
[2019-12-09T02:01:33.546+0000][1][safepoint    ] Total time for which application threads were stopped: 0.0001163 seconds, Stopping threads took: 0.0000245 seconds
[2019-12-09T02:01:34.551+0000][1][safepoint    ] Application time: 1.0046664 seconds
[2019-12-09T02:01:34.551+0000][1][safepoint    ] Entering safepoint region: Cleanup
[2019-12-09T02:01:34.551+0000][1][safepoint    ] Leaving safepoint region
[2019-12-09T02:01:34.551+0000][1][safepoint    ] Total time for which application threads were stopped: 0.0001099 seconds, Stopping threads took: 0.0000262 seconds
[2019-12-09T02:01:35.551+0000][1][safepoint    ] Application time: 1.0000780 seconds
[2019-12-09T02:01:35.551+0000][1][safepoint    ] Entering safepoint region: Cleanup
[2019-12-09T02:01:35.551+0000][1][safepoint    ] Leaving safepoint region
[2019-12-09T02:01:35.551+0000][1][safepoint    ] Total time for which application threads were stopped: 0.0000774 seconds, Stopping threads took: 0.0000170 seconds
[2019-12-09T02:01:36.551+0000][1][safepoint    ] Application time: 1.0000767 seconds
[2019-12-09T02:01:36.551+0000][1][safepoint    ] Entering safepoint region: Cleanup
[2019-12-09T02:01:36.551+0000][1][safepoint    ] Leaving safepoint region
[2019-12-09T02:01:36.551+0000][1][safepoint    ] Total time for which application threads were stopped: 0.0000754 seconds, Stopping threads took: 0.0000175 seconds
[2019-12-09T02:01:37.551+0000][1][safepoint    ] Application time: 1.0000786 seconds
[2019-12-09T02:01:37.551+0000][1][safepoint    ] Entering safepoint region: Cleanup
[2019-12-09T02:01:37.551+0000][1][safepoint    ] Leaving safepoint region
[2019-12-09T02:01:37.551+0000][1][safepoint    ] Total time for which application threads were stopped: 0.0001013 seconds, Stopping threads took: 0.0000224 seconds
[2019-12-09T02:01:38.552+0000][1][safepoint    ] Application time: 1.0000796 seconds
[2019-12-09T02:01:38.552+0000][1][safepoint    ] Entering safepoint region: Cleanup
[2019-12-09T02:01:38.552+0000][1][safepoint    ] Leaving safepoint region
[2019-12-09T02:01:38.552+0000][1][safepoint    ] Total time for which application threads were stopped: 0.0001171 seconds, Stopping threads took: 0.0000215 seconds
[2019-12-09T02:01:39.552+0000][1][safepoint    ] Application time: 1.0000763 seconds
[2019-12-09T02:01:39.552+0000][1][safepoint    ] Entering safepoint region: Cleanup
[2019-12-09T02:01:39.552+0000][1][safepoint    ] Leaving safepoint region
[2019-12-09T02:01:39.552+0000][1][safepoint    ] Total time for which application threads were stopped: 0.0000978 seconds, Stopping threads took: 0.0000240 seconds
[2019-12-09T02:01:40.552+0000][1][safepoint    ] Application time: 1.0000791 seconds
[2019-12-09T02:01:40.552+0000][1][safepoint    ] Entering safepoint region: Cleanup
[2019-12-09T02:01:40.552+0000][1][safepoint    ] Leaving safepoint region
[2019-12-09T02:01:40.552+0000][1][safepoint    ] Total time for which application threads were stopped: 0.0001008 seconds, Stopping threads took: 0.0000224 seconds
[2019-12-09T02:01:41.552+0000][1][safepoint    ] Application time: 1.0000782 seconds
[2019-12-09T02:01:41.552+0000][1][safepoint    ] Entering safepoint region: Cleanup
[2019-12-09T02:01:41.552+0000][1][safepoint    ] Leaving safepoint region
[2019-12-09T02:01:41.552+0000][1][safepoint    ] Total time for which application threads were stopped: 0.0000774 seconds, Stopping threads took: 0.0000168 seconds
[2019-12-09T02:01:42.552+0000][1][safepoint    ] Application time: 1.0000765 seconds
[2019-12-09T02:01:42.553+0000][1][safepoint    ] Entering safepoint region: Cleanup
[2019-12-09T02:01:42.553+0000][1][safepoint    ] Leaving safepoint region
[2019-12-09T02:01:42.553+0000][1][safepoint    ] Total time for which application threads were stopped: 0.0000748 seconds, Stopping threads took: 0.0000165 seconds
[2019-12-09T02:01:43.553+0000][1][safepoint    ] Application time: 1.0000759 seconds
[2019-12-09T02:01:43.553+0000][1][safepoint    ] Entering safepoint region: Cleanup
[2019-12-09T02:01:43.553+0000][1][safepoint    ] Leaving safepoint region
[2019-12-09T02:01:43.553+0000][1][safepoint    ] Total time for which application threads were stopped: 0.0000750 seconds, Stopping threads took: 0.0000170 seconds
[2019-12-09T02:01:44.554+0000][1][safepoint    ] Application time: 1.0010817 seconds
[2019-12-09T02:01:44.554+0000][1][safepoint    ] Entering safepoint region: Cleanup
[2019-12-09T02:01:44.554+0000][1][safepoint    ] Leaving safepoint region
[2019-12-09T02:01:44.554+0000][1][safepoint    ] Total time for which application threads were stopped: 0.0001126 seconds, Stopping threads took: 0.0000261 seconds
[2019-12-09T02:01:45.554+0000][1][safepoint    ] Application time: 1.0000800 seconds
[2019-12-09T02:01:45.554+0000][1][safepoint    ] Entering safepoint region: Cleanup
[2019-12-09T02:01:45.554+0000][1][safepoint    ] Leaving safepoint region
[2019-12-09T02:01:45.554+0000][1][safepoint    ] Total time for which application threads were stopped: 0.0000822 seconds, Stopping threads took: 0.0000237 seconds
[2019-12-09T02:01:46.554+0000][1][safepoint    ] Application time: 1.0000760 seconds
[2019-12-09T02:01:46.554+0000][1][safepoint    ] Entering safepoint region: Cleanup
[2019-12-09T02:01:46.554+0000][1][safepoint    ] Leaving safepoint region
[2019-12-09T02:01:46.554+0000][1][safepoint    ] Total time for which application threads were stopped: 0.0000748 seconds, Stopping threads took: 0.0000164 seconds
[2019-12-09T02:01:47.555+0000][1][safepoint    ] Application time: 1.0000791 seconds
[2019-12-09T02:01:47.555+0000][1][safepoint    ] Entering safepoint region: Cleanup
[2019-12-09T02:01:47.555+0000][1][safepoint    ] Leaving safepoint region
[2019-12-09T02:01:47.555+0000][1][safepoint    ] Total time for which application threads were stopped: 0.0000759 seconds, Stopping threads took: 0.0000169 seconds
[2019-12-09T02:01:48.555+0000][1][safepoint    ] Application time: 1.0000761 seconds
[2019-12-09T02:01:48.555+0000][1][safepoint    ] Entering safepoint region: Cleanup
[2019-12-09T02:01:48.555+0000][1][safepoint    ] Leaving safepoint region
[2019-12-09T02:01:48.555+0000][1][safepoint    ] Total time for which application threads were stopped: 0.0000830 seconds, Stopping threads took: 0.0000183 seconds
[2019-12-09T02:01:49.555+0000][1][safepoint    ] Application time: 1.0000766 seconds
[2019-12-09T02:01:49.555+0000][1][safepoint    ] Entering safepoint region: Cleanup
[2019-12-09T02:01:49.555+0000][1][safepoint    ] Leaving safepoint region
[2019-12-09T02:01:49.555+0000][1][safepoint    ] Total time for which application threads were stopped: 0.0000743 seconds, Stopping threads took: 0.0000164 seconds
[2019-12-09T02:01:50.555+0000][1][safepoint    ] Application time: 1.0000769 seconds
[2019-12-09T02:01:50.555+0000][1][safepoint    ] Entering safepoint region: Cleanup
[2019-12-09T02:01:50.555+0000][1][safepoint    ] Leaving safepoint region
[2019-12-09T02:01:50.555+0000][1][safepoint    ] Total time for which application threads were stopped: 0.0000738 seconds, Stopping threads took: 0.0000173 seconds
[2019-12-09T02:01:51.555+0000][1][safepoint    ] Application time: 1.0000749 seconds
[2019-12-09T02:01:51.555+0000][1][safepoint    ] Entering safepoint region: Cleanup
[2019-12-09T02:01:51.555+0000][1][safepoint    ] Leaving safepoint region
[2019-12-09T02:01:51.555+0000][1][safepoint    ] Total time for which application threads were stopped: 0.0000756 seconds, Stopping threads took: 0.0000187 seconds
[2019-12-09T02:01:52.556+0000][1][safepoint    ] Application time: 1.0000883 seconds
[2019-12-09T02:01:52.556+0000][1][safepoint    ] Entering safepoint region: Cleanup
[2019-12-09T02:01:52.556+0000][1][safepoint    ] Leaving safepoint region
[2019-12-09T02:01:52.556+0000][1][safepoint    ] Total time for which application threads were stopped: 0.0001022 seconds, Stopping threads took: 0.0000230 seconds
[2019-12-09T02:01:53.556+0000][1][safepoint    ] Application time: 1.0000908 seconds
[2019-12-09T02:01:53.556+0000][1][safepoint    ] Entering safepoint region: Cleanup
[2019-12-09T02:01:53.556+0000][1][safepoint    ] Leaving safepoint region
[2019-12-09T02:01:53.556+0000][1][safepoint    ] Total time for which application threads were stopped: 0.0000763 seconds, Stopping threads took: 0.0000182 seconds
[2019-12-09T02:01:54.556+0000][1][safepoint    ] Application time: 1.0000773 seconds
[2019-12-09T02:01:54.556+0000][1][safepoint    ] Entering safepoint region: Cleanup
[2019-12-09T02:01:54.556+0000][1][safepoint    ] Leaving safepoint region
[2019-12-09T02:01:54.556+0000][1][safepoint    ] Total time for which application threads were stopped: 0.0000742 seconds, Stopping threads took: 0.0000180 seconds
[2019-12-09T02:01:55.556+0000][1][safepoint    ] Application time: 1.0000773 seconds
[2019-12-09T02:01:55.556+0000][1][safepoint    ] Entering safepoint region: Cleanup
[2019-12-09T02:01:55.556+0000][1][safepoint    ] Leaving safepoint region
[2019-12-09T02:01:55.556+0000][1][safepoint    ] Total time for which application threads were stopped: 0.0000777 seconds, Stopping threads took: 0.0000181 seconds
[2019-12-09T02:01:56.556+0000][1][safepoint    ] Application time: 1.0000753 seconds
[2019-12-09T02:01:56.556+0000][1][safepoint    ] Entering safepoint region: Cleanup
[2019-12-09T02:01:56.556+0000][1][safepoint    ] Leaving safepoint region
[2019-12-09T02:01:56.556+0000][1][safepoint    ] Total time for which application threads were stopped: 0.0000739 seconds, Stopping threads took: 0.0000160 seconds
[2019-12-09T02:01:57.557+0000][1][safepoint    ] Application time: 1.0000771 seconds
[2019-12-09T02:01:57.557+0000][1][safepoint    ] Entering safepoint region: Cleanup
[2019-12-09T02:01:57.557+0000][1][safepoint    ] Leaving safepoint region
[2019-12-09T02:01:57.557+0000][1][safepoint    ] Total time for which application threads were stopped: 0.0000754 seconds, Stopping threads took: 0.0000177 seconds
[2019-12-09T02:01:58.557+0000][1][safepoint    ] Application time: 1.0000877 seconds
[2019-12-09T02:01:58.557+0000][1][safepoint    ] Entering safepoint region: Cleanup
[2019-12-09T02:01:58.557+0000][1][safepoint    ] Leaving safepoint region
[2019-12-09T02:01:58.557+0000][1][safepoint    ] Total time for which application threads were stopped: 0.0000849 seconds, Stopping threads took: 0.0000238 seconds
[2019-12-09T02:01:59.557+0000][1][safepoint    ] Application time: 1.0000768 seconds
[2019-12-09T02:01:59.557+0000][1][safepoint    ] Entering safepoint region: Cleanup
[2019-12-09T02:01:59.557+0000][1][safepoint    ] Leaving safepoint region
[2019-12-09T02:01:59.557+0000][1][safepoint    ] Total time for which application threads were stopped: 0.0000796 seconds, Stopping threads took: 0.0000219 seconds
[2019-12-09T02:02:00.557+0000][1][safepoint    ] Application time: 1.0000770 seconds
[2019-12-09T02:02:00.557+0000][1][safepoint    ] Entering safepoint region: Cleanup
[2019-12-09T02:02:00.557+0000][1][safepoint    ] Leaving safepoint region
[2019-12-09T02:02:00.557+0000][1][safepoint    ] Total time for which application threads were stopped: 0.0000769 seconds, Stopping threads took: 0.0000174 seconds
[2019-12-09T02:02:01.557+0000][1][safepoint    ] Application time: 1.0000766 seconds
[2019-12-09T02:02:01.557+0000][1][safepoint    ] Entering safepoint region: Cleanup
[2019-12-09T02:02:01.557+0000][1][safepoint    ] Leaving safepoint region
[2019-12-09T02:02:01.557+0000][1][safepoint    ] Total time for which application threads were stopped: 0.0000771 seconds, Stopping threads took: 0.0000177 seconds
[2019-12-09T02:02:02.558+0000][1][safepoint    ] Application time: 1.0000776 seconds
[2019-12-09T02:02:02.558+0000][1][safepoint    ] Entering safepoint region: Cleanup
[2019-12-09T02:02:02.558+0000][1][safepoint    ] Leaving safepoint region
[2019-12-09T02:02:02.558+0000][1][safepoint    ] Total time for which application threads were stopped: 0.0000741 seconds, Stopping threads took: 0.0000164 seconds
[2019-12-09T02:02:03.558+0000][1][safepoint    ] Application time: 1.0000880 seconds
[2019-12-09T02:02:03.558+0000][1][safepoint    ] Entering safepoint region: Cleanup
[2019-12-09T02:02:03.558+0000][1][safepoint    ] Leaving safepoint region
[2019-12-09T02:02:03.558+0000][1][safepoint    ] Total time for which application threads were stopped: 0.0000764 seconds, Stopping threads took: 0.0000182 seconds
[2019-12-09T02:02:04.558+0000][1][safepoint    ] Application time: 1.0000781 seconds
[2019-12-09T02:02:04.558+0000][1][safepoint    ] Entering safepoint region: Cleanup
[2019-12-09T02:02:04.558+0000][1][safepoint    ] Leaving safepoint region
[2019-12-09T02:02:04.558+0000][1][safepoint    ] Total time for which application threads were stopped: 0.0000766 seconds, Stopping threads took: 0.0000182 seconds
[2019-12-09T02:02:05.558+0000][1][safepoint    ] Application time: 1.0000756 seconds
[2019-12-09T02:02:05.558+0000][1][safepoint    ] Entering safepoint region: Cleanup
[2019-12-09T02:02:05.558+0000][1][safepoint    ] Leaving safepoint region
[2019-12-09T02:02:05.558+0000][1][safepoint    ] Total time for which application threads were stopped: 0.0000757 seconds, Stopping threads took: 0.0000173 seconds
[2019-12-09T02:02:06.558+0000][1][safepoint    ] Application time: 1.0000761 seconds
[2019-12-09T02:02:06.558+0000][1][safepoint    ] Entering safepoint region: Cleanup
[2019-12-09T02:02:06.558+0000][1][safepoint    ] Leaving safepoint region
[2019-12-09T02:02:06.558+0000][1][safepoint    ] Total time for which application threads were stopped: 0.0000749 seconds, Stopping threads took: 0.0000166 seconds
[2019-12-09T02:02:07.559+0000][1][safepoint    ] Application time: 1.0000757 seconds
[2019-12-09T02:02:07.559+0000][1][safepoint    ] Entering safepoint region: Cleanup
[2019-12-09T02:02:07.559+0000][1][safepoint    ] Leaving safepoint region
[2019-12-09T02:02:07.559+0000][1][safepoint    ] Total time for which application threads were stopped: 0.0000791 seconds, Stopping threads took: 0.0000166 seconds
[2019-12-09T02:02:08.559+0000][1][safepoint    ] Application time: 1.0000777 seconds
[2019-12-09T02:02:08.559+0000][1][safepoint    ] Entering safepoint region: Cleanup
[2019-12-09T02:02:08.559+0000][1][safepoint    ] Leaving safepoint region
[2019-12-09T02:02:08.559+0000][1][safepoint    ] Total time for which application threads were stopped: 0.0000841 seconds, Stopping threads took: 0.0000240 seconds
[2019-12-09T02:02:09.559+0000][1][safepoint    ] Application time: 1.0000779 seconds
[2019-12-09T02:02:09.559+0000][1][safepoint    ] Entering safepoint region: Cleanup
[2019-12-09T02:02:09.559+0000][1][safepoint    ] Leaving safepoint region
[2019-12-09T02:02:09.559+0000][1][safepoint    ] Total time for which application threads were stopped: 0.0000766 seconds, Stopping threads took: 0.0000191 seconds
[2019-12-09T02:02:10.559+0000][1][safepoint    ] Application time: 1.0000780 seconds
[2019-12-09T02:02:10.559+0000][1][safepoint    ] Entering safepoint region: Cleanup
[2019-12-09T02:02:10.559+0000][1][safepoint    ] Leaving safepoint region
[2019-12-09T02:02:10.559+0000][1][safepoint    ] Total time for which application threads were stopped: 0.0000766 seconds, Stopping threads took: 0.0000178 seconds
[2019-12-09T02:02:11.559+0000][1][safepoint    ] Application time: 1.0000760 seconds
[2019-12-09T02:02:11.559+0000][1][safepoint    ] Entering safepoint region: Cleanup
[2019-12-09T02:02:11.559+0000][1][safepoint    ] Leaving safepoint region
[2019-12-09T02:02:11.559+0000][1][safepoint    ] Total time for which application threads were stopped: 0.0000834 seconds, Stopping threads took: 0.0000187 seconds
[2019-12-09T02:02:12.560+0000][1][safepoint    ] Application time: 1.0000794 seconds
[2019-12-09T02:02:12.560+0000][1][safepoint    ] Entering safepoint region: Cleanup
[2019-12-09T02:02:12.560+0000][1][safepoint    ] Leaving safepoint region
[2019-12-09T02:02:12.560+0000][1][safepoint    ] Total time for which application threads were stopped: 0.0000771 seconds, Stopping threads took: 0.0000181 seconds
[2019-12-09T02:02:13.560+0000][1][safepoint    ] Application time: 1.0000884 seconds
[2019-12-09T02:02:13.560+0000][1][safepoint    ] Entering safepoint region: Cleanup
[2019-12-09T02:02:13.560+0000][1][safepoint    ] Leaving safepoint region
[2019-12-09T02:02:13.560+0000][1][safepoint    ] Total time for which application threads were stopped: 0.0000774 seconds, Stopping threads took: 0.0000181 seconds
[2019-12-09T02:02:14.560+0000][1][safepoint    ] Application time: 1.0000784 seconds
[2019-12-09T02:02:14.560+0000][1][safepoint    ] Entering safepoint region: Cleanup
[2019-12-09T02:02:14.560+0000][1][safepoint    ] Leaving safepoint region
[2019-12-09T02:02:14.560+0000][1][safepoint    ] Total time for which application threads were stopped: 0.0000745 seconds, Stopping threads took: 0.0000167 seconds
[2019-12-09T02:02:15.560+0000][1][safepoint    ] Application time: 1.0000764 seconds
[2019-12-09T02:02:15.560+0000][1][safepoint    ] Entering safepoint region: Cleanup
[2019-12-09T02:02:15.560+0000][1][safepoint    ] Leaving safepoint region
[2019-12-09T02:02:15.560+0000][1][safepoint    ] Total time for which application threads were stopped: 0.0000771 seconds, Stopping threads took: 0.0000179 seconds
[2019-12-09T02:02:16.560+0000][1][safepoint    ] Application time: 1.0000768 seconds
[2019-12-09T02:02:16.560+0000][1][safepoint    ] Entering safepoint region: Cleanup
[2019-12-09T02:02:16.560+0000][1][safepoint    ] Leaving safepoint region
[2019-12-09T02:02:16.560+0000][1][safepoint    ] Total time for which application threads were stopped: 0.0000761 seconds, Stopping threads took: 0.0000177 seconds
[2019-12-09T02:02:17.561+0000][1][safepoint    ] Application time: 1.0000770 seconds
[2019-12-09T02:02:17.561+0000][1][safepoint    ] Entering safepoint region: Cleanup
[2019-12-09T02:02:17.561+0000][1][safepoint    ] Leaving safepoint region
[2019-12-09T02:02:17.561+0000][1][safepoint    ] Total time for which application threads were stopped: 0.0000724 seconds, Stopping threads took: 0.0000159 seconds
[2019-12-09T02:02:17.648+0000][1][safepoint    ] Application time: 0.0873097 seconds
[2019-12-09T02:02:17.648+0000][1][safepoint    ] Entering safepoint region: GenCollectForAllocation
[2019-12-09T02:02:17.648+0000][1][gc,start     ] GC(27) Pause Young (Allocation Failure)
[2019-12-09T02:02:17.648+0000][1][gc,task      ] GC(27) Using 2 workers of 2 for evacuation
[2019-12-09T02:02:17.658+0000][1][gc,age       ] GC(27) Desired survivor size 4456448 bytes, new threshold 6 (max threshold 6)
[2019-12-09T02:02:17.658+0000][1][gc,age       ] GC(27) Age table with threshold 6 (max threshold 6)
[2019-12-09T02:02:17.658+0000][1][gc,age       ] GC(27) - age   1:       8408 bytes,       8408 total
[2019-12-09T02:02:17.658+0000][1][gc,age       ] GC(27) - age   2:       4688 bytes,      13096 total
[2019-12-09T02:02:17.658+0000][1][gc,age       ] GC(27) - age   3:       6432 bytes,      19528 total
[2019-12-09T02:02:17.658+0000][1][gc,age       ] GC(27) - age   4:      19544 bytes,      39072 total
[2019-12-09T02:02:17.658+0000][1][gc,age       ] GC(27) - age   5:    1115912 bytes,    1154984 total
[2019-12-09T02:02:17.658+0000][1][gc,age       ] GC(27) - age   6:    2740360 bytes,    3895344 total
[2019-12-09T02:02:17.658+0000][1][gc,heap      ] GC(27) ParNew: 75863K->5752K(78656K)
[2019-12-09T02:02:17.658+0000][1][gc,heap      ] GC(27) CMS: 65204K->65204K(174784K)
[2019-12-09T02:02:17.658+0000][1][gc,metaspace ] GC(27) Metaspace: 68873K->68873K(1112064K)
[2019-12-09T02:02:17.658+0000][1][gc           ] GC(27) Pause Young (Allocation Failure) 137M->69M(247M) 9.837ms
[2019-12-09T02:02:17.658+0000][1][gc,cpu       ] GC(27) User=0.02s Sys=0.00s Real=0.01s
[2019-12-09T02:02:17.658+0000][1][safepoint    ] Leaving safepoint region
[2019-12-09T02:02:17.658+0000][1][safepoint    ] Total time for which application threads were stopped: 0.0099880 seconds, Stopping threads took: 0.0000213 seconds
[2019-12-09T02:02:18.658+0000][1][safepoint    ] Application time: 1.0000768 seconds
[2019-12-09T02:02:18.658+0000][1][safepoint    ] Entering safepoint region: Cleanup
[2019-12-09T02:02:18.658+0000][1][safepoint    ] Leaving safepoint region
[2019-12-09T02:02:18.658+0000][1][safepoint    ] Total time for which application threads were stopped: 0.0000783 seconds, Stopping threads took: 0.0000189 seconds
[2019-12-09T02:02:19.658+0000][1][safepoint    ] Application time: 1.0000751 seconds
[2019-12-09T02:02:19.658+0000][1][safepoint    ] Entering safepoint region: Cleanup
[2019-12-09T02:02:19.658+0000][1][safepoint    ] Leaving safepoint region
[2019-12-09T02:02:19.658+0000][1][safepoint    ] Total time for which application threads were stopped: 0.0000773 seconds, Stopping threads took: 0.0000189 seconds
[2019-12-09T02:02:20.658+0000][1][safepoint    ] Application time: 1.0000754 seconds
[2019-12-09T02:02:20.659+0000][1][safepoint    ] Entering safepoint region: Cleanup
[2019-12-09T02:02:20.659+0000][1][safepoint    ] Leaving safepoint region
[2019-12-09T02:02:20.659+0000][1][safepoint    ] Total time for which application threads were stopped: 0.0000764 seconds, Stopping threads took: 0.0000180 seconds
[2019-12-09T02:02:21.733+0000][1][safepoint    ] Application time: 1.0740832 seconds
[2019-12-09T02:02:21.733+0000][1][safepoint    ] Entering safepoint region: Cleanup
[2019-12-09T02:02:21.733+0000][1][safepoint    ] Leaving safepoint region
[2019-12-09T02:02:21.733+0000][1][safepoint    ] Total time for which application threads were stopped: 0.0000913 seconds, Stopping threads took: 0.0000168 seconds
[2019-12-09T02:02:22.733+0000][1][safepoint    ] Application time: 1.0000785 seconds
[2019-12-09T02:02:22.733+0000][1][safepoint    ] Entering safepoint region: Cleanup
[2019-12-09T02:02:22.733+0000][1][safepoint    ] Leaving safepoint region
[2019-12-09T02:02:22.733+0000][1][safepoint    ] Total time for which application threads were stopped: 0.0000826 seconds, Stopping threads took: 0.0000169 seconds
[2019-12-09T02:02:23.733+0000][1][safepoint    ] Application time: 1.0000823 seconds
[2019-12-09T02:02:23.733+0000][1][safepoint    ] Entering safepoint region: Cleanup
[2019-12-09T02:02:23.733+0000][1][safepoint    ] Leaving safepoint region
[2019-12-09T02:02:23.733+0000][1][safepoint    ] Total time for which application threads were stopped: 0.0000738 seconds, Stopping threads took: 0.0000172 seconds
[2019-12-09T02:02:24.733+0000][1][safepoint    ] Application time: 1.0000901 seconds
[2019-12-09T02:02:24.733+0000][1][safepoint    ] Entering safepoint region: Cleanup
[2019-12-09T02:02:24.733+0000][1][safepoint    ] Leaving safepoint region
[2019-12-09T02:02:24.733+0000][1][safepoint    ] Total time for which application threads were stopped: 0.0001019 seconds, Stopping threads took: 0.0000236 seconds
[2019-12-09T02:02:25.734+0000][1][safepoint    ] Application time: 1.0000764 seconds
[2019-12-09T02:02:25.734+0000][1][safepoint    ] Entering safepoint region: Cleanup
[2019-12-09T02:02:25.734+0000][1][safepoint    ] Leaving safepoint region
[2019-12-09T02:02:25.734+0000][1][safepoint    ] Total time for which application threads were stopped: 0.0000757 seconds, Stopping threads took: 0.0000174 seconds
[2019-12-09T02:02:26.734+0000][1][safepoint    ] Application time: 1.0000415 seconds
[2019-12-09T02:02:26.734+0000][1][safepoint    ] Entering safepoint region: Cleanup
[2019-12-09T02:02:26.734+0000][1][safepoint    ] Leaving safepoint region
[2019-12-09T02:02:26.734+0000][1][safepoint    ] Total time for which application threads were stopped: 0.0001103 seconds, Stopping threads took: 0.0000261 seconds
[2019-12-09T02:02:27.734+0000][1][safepoint    ] Application time: 1.0000758 seconds
[2019-12-09T02:02:27.734+0000][1][safepoint    ] Entering safepoint region: Cleanup
[2019-12-09T02:02:27.734+0000][1][safepoint    ] Leaving safepoint region
[2019-12-09T02:02:27.734+0000][1][safepoint    ] Total time for which application threads were stopped: 0.0000752 seconds, Stopping threads took: 0.0000167 seconds
[2019-12-09T02:02:28.734+0000][1][safepoint    ] Application time: 1.0000803 seconds
[2019-12-09T02:02:28.734+0000][1][safepoint    ] Entering safepoint region: Cleanup
[2019-12-09T02:02:28.734+0000][1][safepoint    ] Leaving safepoint region
[2019-12-09T02:02:28.734+0000][1][safepoint    ] Total time for which application threads were stopped: 0.0000731 seconds, Stopping threads took: 0.0000163 seconds
[2019-12-09T02:02:29.734+0000][1][safepoint    ] Application time: 1.0000757 seconds
[2019-12-09T02:02:29.734+0000][1][safepoint    ] Entering safepoint region: Cleanup
[2019-12-09T02:02:29.734+0000][1][safepoint    ] Leaving safepoint region
[2019-12-09T02:02:29.734+0000][1][safepoint    ] Total time for which application threads were stopped: 0.0000796 seconds, Stopping threads took: 0.0000222 seconds
[2019-12-09T02:02:30.735+0000][1][safepoint    ] Application time: 1.0000903 seconds
[2019-12-09T02:02:30.735+0000][1][safepoint    ] Entering safepoint region: Cleanup
[2019-12-09T02:02:30.735+0000][1][safepoint    ] Leaving safepoint region
[2019-12-09T02:02:30.735+0000][1][safepoint    ] Total time for which application threads were stopped: 0.0001021 seconds, Stopping threads took: 0.0000206 seconds
[2019-12-09T02:02:31.735+0000][1][safepoint    ] Application time: 1.0000895 seconds
[2019-12-09T02:02:31.735+0000][1][safepoint    ] Entering safepoint region: Cleanup
[2019-12-09T02:02:31.735+0000][1][safepoint    ] Leaving safepoint region
[2019-12-09T02:02:31.735+0000][1][safepoint    ] Total time for which application threads were stopped: 0.0000966 seconds, Stopping threads took: 0.0000227 seconds
[2019-12-09T02:02:32.735+0000][1][safepoint    ] Application time: 1.0000757 seconds
[2019-12-09T02:02:32.735+0000][1][safepoint    ] Entering safepoint region: Cleanup
[2019-12-09T02:02:32.735+0000][1][safepoint    ] Leaving safepoint region
[2019-12-09T02:02:32.735+0000][1][safepoint    ] Total time for which application threads were stopped: 0.0000725 seconds, Stopping threads took: 0.0000158 seconds
[2019-12-09T02:02:33.735+0000][1][safepoint    ] Application time: 1.0000753 seconds
[2019-12-09T02:02:33.735+0000][1][safepoint    ] Entering safepoint region: Cleanup
[2019-12-09T02:02:33.735+0000][1][safepoint    ] Leaving safepoint region
[2019-12-09T02:02:33.735+0000][1][safepoint    ] Total time for which application threads were stopped: 0.0000725 seconds, Stopping threads took: 0.0000157 seconds
[2019-12-09T02:02:34.735+0000][1][safepoint    ] Application time: 1.0000756 seconds
[2019-12-09T02:02:34.735+0000][1][safepoint    ] Entering safepoint region: Cleanup
[2019-12-09T02:02:34.735+0000][1][safepoint    ] Leaving safepoint region
[2019-12-09T02:02:34.735+0000][1][safepoint    ] Total time for which application threads were stopped: 0.0000720 seconds, Stopping threads took: 0.0000151 seconds
[2019-12-09T02:02:35.736+0000][1][safepoint    ] Application time: 1.0000770 seconds
[2019-12-09T02:02:35.736+0000][1][safepoint    ] Entering safepoint region: Cleanup
[2019-12-09T02:02:35.736+0000][1][safepoint    ] Leaving safepoint region
[2019-12-09T02:02:35.736+0000][1][safepoint    ] Total time for which application threads were stopped: 0.0000710 seconds, Stopping threads took: 0.0000164 seconds
[2019-12-09T02:02:36.736+0000][1][safepoint    ] Application time: 1.0000738 seconds
[2019-12-09T02:02:36.736+0000][1][safepoint    ] Entering safepoint region: Cleanup
[2019-12-09T02:02:36.736+0000][1][safepoint    ] Leaving safepoint region
[2019-12-09T02:02:36.736+0000][1][safepoint    ] Total time for which application threads were stopped: 0.0000757 seconds, Stopping threads took: 0.0000165 seconds
[2019-12-09T02:02:37.736+0000][1][safepoint    ] Application time: 1.0000736 seconds
[2019-12-09T02:02:37.736+0000][1][safepoint    ] Entering safepoint region: Cleanup
[2019-12-09T02:02:37.736+0000][1][safepoint    ] Leaving safepoint region
[2019-12-09T02:02:37.736+0000][1][safepoint    ] Total time for which application threads were stopped: 0.0000664 seconds, Stopping threads took: 0.0000143 seconds
[2019-12-09T02:02:38.736+0000][1][safepoint    ] Application time: 1.0000779 seconds
[2019-12-09T02:02:38.736+0000][1][safepoint    ] Entering safepoint region: Cleanup
[2019-12-09T02:02:38.736+0000][1][safepoint    ] Leaving safepoint region
[2019-12-09T02:02:38.736+0000][1][safepoint    ] Total time for which application threads were stopped: 0.0000732 seconds, Stopping threads took: 0.0000157 seconds
[2019-12-09T02:02:39.736+0000][1][safepoint    ] Application time: 1.0000742 seconds
[2019-12-09T02:02:39.736+0000][1][safepoint    ] Entering safepoint region: Cleanup
[2019-12-09T02:02:39.736+0000][1][safepoint    ] Leaving safepoint region
[2019-12-09T02:02:39.736+0000][1][safepoint    ] Total time for which application threads were stopped: 0.0000818 seconds, Stopping threads took: 0.0000232 seconds
[2019-12-09T02:02:40.737+0000][1][safepoint    ] Application time: 1.0003013 seconds
[2019-12-09T02:02:40.737+0000][1][safepoint    ] Entering safepoint region: Cleanup
[2019-12-09T02:02:40.737+0000][1][safepoint    ] Leaving safepoint region
[2019-12-09T02:02:40.737+0000][1][safepoint    ] Total time for which application threads were stopped: 0.0001014 seconds, Stopping threads took: 0.0000294 seconds
[2019-12-09T02:02:40.864+0000][1][safepoint    ] Application time: 0.1269555 seconds
[2019-12-09T02:02:40.864+0000][1][safepoint    ] Entering safepoint region: RevokeBias
[2019-12-09T02:02:40.864+0000][1][safepoint    ] Leaving safepoint region
[2019-12-09T02:02:40.864+0000][1][safepoint    ] Total time for which application threads were stopped: 0.0001054 seconds, Stopping threads took: 0.0000183 seconds
[2019-12-09T02:02:40.864+0000][1][safepoint    ] Application time: 0.0000702 seconds
[2019-12-09T02:02:40.864+0000][1][safepoint    ] Entering safepoint region: RevokeBias
[2019-12-09T02:02:40.864+0000][1][safepoint    ] Leaving safepoint region
[2019-12-09T02:02:40.864+0000][1][safepoint    ] Total time for which application threads were stopped: 0.0000546 seconds, Stopping threads took: 0.0000159 seconds
[2019-12-09T02:02:40.866+0000][1][safepoint    ] Application time: 0.0015442 seconds
[2019-12-09T02:02:40.871+0000][1][safepoint    ] Entering safepoint region: RevokeBias
[2019-12-09T02:02:40.871+0000][1][safepoint    ] Leaving safepoint region
[2019-12-09T02:02:40.871+0000][1][safepoint    ] Total time for which application threads were stopped: 0.0051087 seconds, Stopping threads took: 0.0050428 seconds
[2019-12-09T02:02:40.872+0000][1][safepoint    ] Application time: 0.0015024 seconds
[2019-12-09T02:02:40.872+0000][1][safepoint    ] Entering safepoint region: RevokeBias
[2019-12-09T02:02:40.872+0000][1][safepoint    ] Leaving safepoint region
[2019-12-09T02:02:40.872+0000][1][safepoint    ] Total time for which application threads were stopped: 0.0000666 seconds, Stopping threads took: 0.0000143 seconds
[2019-12-09T02:02:40.872+0000][1][safepoint    ] Application time: 0.0000946 seconds
[2019-12-09T02:02:40.872+0000][1][safepoint    ] Entering safepoint region: RevokeBias
[2019-12-09T02:02:40.873+0000][1][safepoint    ] Leaving safepoint region
[2019-12-09T02:02:40.873+0000][1][safepoint    ] Total time for which application threads were stopped: 0.0000453 seconds, Stopping threads took: 0.0000092 seconds
[2019-12-09T02:02:40.873+0000][1][safepoint    ] Application time: 0.0002804 seconds
[2019-12-09T02:02:40.878+0000][1][safepoint    ] Entering safepoint region: RevokeBias
[2019-12-09T02:02:40.878+0000][1][safepoint    ] Leaving safepoint region
[2019-12-09T02:02:40.878+0000][1][safepoint    ] Total time for which application threads were stopped: 0.0052238 seconds, Stopping threads took: 0.0051596 seconds
[2019-12-09T02:02:40.878+0000][1][safepoint    ] Application time: 0.0001830 seconds
[2019-12-09T02:02:40.878+0000][1][safepoint    ] Entering safepoint region: RevokeBias
[2019-12-09T02:02:40.878+0000][1][safepoint    ] Leaving safepoint region
[2019-12-09T02:02:40.878+0000][1][safepoint    ] Total time for which application threads were stopped: 0.0000696 seconds, Stopping threads took: 0.0000106 seconds
[2019-12-09T02:02:40.884+0000][1][safepoint    ] Application time: 0.0061577 seconds
[2019-12-09T02:02:40.885+0000][1][safepoint    ] Entering safepoint region: RevokeBias
[2019-12-09T02:02:40.885+0000][1][safepoint    ] Leaving safepoint region
[2019-12-09T02:02:40.885+0000][1][safepoint    ] Total time for which application threads were stopped: 0.0000919 seconds, Stopping threads took: 0.0000248 seconds
[2019-12-09T02:02:40.892+0000][1][safepoint    ] Application time: 0.0070630 seconds
[2019-12-09T02:02:40.892+0000][1][safepoint    ] Entering safepoint region: RevokeBias
[2019-12-09T02:02:40.892+0000][1][safepoint    ] Leaving safepoint region
[2019-12-09T02:02:40.892+0000][1][safepoint    ] Total time for which application threads were stopped: 0.0000980 seconds, Stopping threads took: 0.0000206 seconds
[2019-12-09T02:02:40.892+0000][1][safepoint    ] Application time: 0.0006376 seconds
[2019-12-09T02:02:40.892+0000][1][safepoint    ] Entering safepoint region: RevokeBias
[2019-12-09T02:02:40.893+0000][1][safepoint    ] Leaving safepoint region
[2019-12-09T02:02:40.893+0000][1][safepoint    ] Total time for which application threads were stopped: 0.0000632 seconds, Stopping threads took: 0.0000126 seconds
[2019-12-09T02:02:40.901+0000][1][safepoint    ] Application time: 0.0086000 seconds
[2019-12-09T02:02:40.902+0000][1][safepoint    ] Entering safepoint region: RevokeBias
[2019-12-09T02:02:40.902+0000][1][safepoint    ] Leaving safepoint region
[2019-12-09T02:02:40.902+0000][1][safepoint    ] Total time for which application threads were stopped: 0.0012749 seconds, Stopping threads took: 0.0012129 seconds
[2019-12-09T02:02:40.903+0000][1][safepoint    ] Application time: 0.0002913 seconds
[2019-12-09T02:02:40.903+0000][1][safepoint    ] Entering safepoint region: RevokeBias
[2019-12-09T02:02:40.903+0000][1][safepoint    ] Leaving safepoint region
[2019-12-09T02:02:40.903+0000][1][safepoint    ] Total time for which application threads were stopped: 0.0000515 seconds, Stopping threads took: 0.0000110 seconds
[2019-12-09T02:02:40.903+0000][1][safepoint    ] Application time: 0.0001174 seconds
[2019-12-09T02:02:40.903+0000][1][safepoint    ] Entering safepoint region: RevokeBias
[2019-12-09T02:02:40.903+0000][1][safepoint    ] Leaving safepoint region
[2019-12-09T02:02:40.903+0000][1][safepoint    ] Total time for which application threads were stopped: 0.0000483 seconds, Stopping threads took: 0.0000100 seconds
[2019-12-09T02:02:40.903+0000][1][safepoint    ] Application time: 0.0000575 seconds
[2019-12-09T02:02:40.903+0000][1][safepoint    ] Entering safepoint region: RevokeBias
[2019-12-09T02:02:40.903+0000][1][safepoint    ] Leaving safepoint region
[2019-12-09T02:02:40.903+0000][1][safepoint    ] Total time for which application threads were stopped: 0.0000434 seconds, Stopping threads took: 0.0000090 seconds
[2019-12-09T02:02:40.903+0000][1][safepoint    ] Application time: 0.0001027 seconds
[2019-12-09T02:02:40.903+0000][1][safepoint    ] Entering safepoint region: RevokeBias
[2019-12-09T02:02:40.903+0000][1][safepoint    ] Leaving safepoint region
[2019-12-09T02:02:40.903+0000][1][safepoint    ] Total time for which application threads were stopped: 0.0000431 seconds, Stopping threads took: 0.0000089 seconds
[2019-12-09T02:02:40.903+0000][1][safepoint    ] Application time: 0.0000519 seconds
[2019-12-09T02:02:40.903+0000][1][safepoint    ] Entering safepoint region: RevokeBias
[2019-12-09T02:02:40.903+0000][1][safepoint    ] Leaving safepoint region
[2019-12-09T02:02:40.903+0000][1][safepoint    ] Total time for which application threads were stopped: 0.0000425 seconds, Stopping threads took: 0.0000083 seconds
[2019-12-09T02:02:40.904+0000][1][safepoint    ] Application time: 0.0002542 seconds
[2019-12-09T02:02:40.904+0000][1][safepoint    ] Entering safepoint region: RevokeBias
[2019-12-09T02:02:40.904+0000][1][safepoint    ] Leaving safepoint region
[2019-12-09T02:02:40.904+0000][1][safepoint    ] Total time for which application threads were stopped: 0.0000754 seconds, Stopping threads took: 0.0000110 seconds
[2019-12-09T02:02:40.904+0000][1][safepoint    ] Application time: 0.0000661 seconds
[2019-12-09T02:02:40.904+0000][1][safepoint    ] Entering safepoint region: RevokeBias
[2019-12-09T02:02:40.904+0000][1][safepoint    ] Leaving safepoint region
[2019-12-09T02:02:40.904+0000][1][safepoint    ] Total time for which application threads were stopped: 0.0000449 seconds, Stopping threads took: 0.0000088 seconds
[2019-12-09T02:02:40.905+0000][1][safepoint    ] Application time: 0.0006989 seconds
[2019-12-09T02:02:40.905+0000][1][safepoint    ] Entering safepoint region: RevokeBias
[2019-12-09T02:02:40.905+0000][1][safepoint    ] Leaving safepoint region
[2019-12-09T02:02:40.905+0000][1][safepoint    ] Total time for which application threads were stopped: 0.0000661 seconds, Stopping threads took: 0.0000126 seconds
[2019-12-09T02:02:40.963+0000][1][safepoint    ] Application time: 0.0581241 seconds
[2019-12-09T02:02:40.963+0000][1][safepoint    ] Entering safepoint region: RevokeBias
[2019-12-09T02:02:40.963+0000][1][safepoint    ] Leaving safepoint region
[2019-12-09T02:02:40.963+0000][1][safepoint    ] Total time for which application threads were stopped: 0.0000903 seconds, Stopping threads took: 0.0000163 seconds
[2019-12-09T02:02:40.963+0000][1][safepoint    ] Application time: 0.0004615 seconds
[2019-12-09T02:02:40.963+0000][1][safepoint    ] Entering safepoint region: RevokeBias
[2019-12-09T02:02:40.963+0000][1][safepoint    ] Leaving safepoint region
[2019-12-09T02:02:40.963+0000][1][safepoint    ] Total time for which application threads were stopped: 0.0000845 seconds, Stopping threads took: 0.0000170 seconds
[2019-12-09T02:02:40.973+0000][1][safepoint    ] Application time: 0.0096126 seconds
[2019-12-09T02:02:40.973+0000][1][safepoint    ] Entering safepoint region: RevokeBias
[2019-12-09T02:02:40.973+0000][1][safepoint    ] Leaving safepoint region
[2019-12-09T02:02:40.973+0000][1][safepoint    ] Total time for which application threads were stopped: 0.0000848 seconds, Stopping threads took: 0.0000159 seconds
[2019-12-09T02:02:40.980+0000][1][safepoint    ] Application time: 0.0067832 seconds
[2019-12-09T02:02:40.980+0000][1][safepoint    ] Entering safepoint region: RevokeBias
[2019-12-09T02:02:40.980+0000][1][safepoint    ] Leaving safepoint region
[2019-12-09T02:02:40.980+0000][1][safepoint    ] Total time for which application threads were stopped: 0.0000747 seconds, Stopping threads took: 0.0000142 seconds
[2019-12-09T02:02:40.980+0000][1][safepoint    ] Application time: 0.0001031 seconds
[2019-12-09T02:02:40.980+0000][1][safepoint    ] Entering safepoint region: RevokeBias
[2019-12-09T02:02:40.980+0000][1][safepoint    ] Leaving safepoint region
[2019-12-09T02:02:40.980+0000][1][safepoint    ] Total time for which application threads were stopped: 0.0000601 seconds, Stopping threads took: 0.0000111 seconds
[2019-12-09T02:02:40.981+0000][1][safepoint    ] Application time: 0.0002239 seconds
[2019-12-09T02:02:40.981+0000][1][safepoint    ] Entering safepoint region: RevokeBias
[2019-12-09T02:02:40.981+0000][1][safepoint    ] Leaving safepoint region
[2019-12-09T02:02:40.981+0000][1][safepoint    ] Total time for which application threads were stopped: 0.0000627 seconds, Stopping threads took: 0.0000114 seconds
[2019-12-09T02:02:40.983+0000][1][safepoint    ] Application time: 0.0020830 seconds
[2019-12-09T02:02:40.983+0000][1][safepoint    ] Entering safepoint region: RevokeBias
[2019-12-09T02:02:40.983+0000][1][safepoint    ] Leaving safepoint region
[2019-12-09T02:02:40.983+0000][1][safepoint    ] Total time for which application threads were stopped: 0.0000572 seconds, Stopping threads took: 0.0000125 seconds
[2019-12-09T02:02:40.989+0000][1][safepoint    ] Application time: 0.0060209 seconds
[2019-12-09T02:02:40.989+0000][1][safepoint    ] Entering safepoint region: RevokeBias
[2019-12-09T02:02:40.989+0000][1][safepoint    ] Leaving safepoint region
[2019-12-09T02:02:40.989+0000][1][safepoint    ] Total time for which application threads were stopped: 0.0000877 seconds, Stopping threads took: 0.0000134 seconds
[2019-12-09T02:02:40.989+0000][1][safepoint    ] Application time: 0.0005693 seconds
[2019-12-09T02:02:40.990+0000][1][safepoint    ] Entering safepoint region: RevokeBias
[2019-12-09T02:02:40.990+0000][1][safepoint    ] Leaving safepoint region
[2019-12-09T02:02:40.990+0000][1][safepoint    ] Total time for which application threads were stopped: 0.0000790 seconds, Stopping threads took: 0.0000123 seconds
[2019-12-09T02:02:40.990+0000][1][safepoint    ] Application time: 0.0001983 seconds
[2019-12-09T02:02:40.990+0000][1][safepoint    ] Entering safepoint region: BulkRevokeBias
[2019-12-09T02:02:40.990+0000][1][safepoint    ] Leaving safepoint region
[2019-12-09T02:02:40.990+0000][1][safepoint    ] Total time for which application threads were stopped: 0.0003355 seconds, Stopping threads took: 0.0000111 seconds
[2019-12-09T02:02:40.994+0000][1][safepoint    ] Application time: 0.0034060 seconds
[2019-12-09T02:02:40.994+0000][1][safepoint    ] Entering safepoint region: RevokeBias
[2019-12-09T02:02:40.994+0000][1][safepoint    ] Leaving safepoint region
[2019-12-09T02:02:40.994+0000][1][safepoint    ] Total time for which application threads were stopped: 0.0000950 seconds, Stopping threads took: 0.0000125 seconds
[2019-12-09T02:02:40.994+0000][1][safepoint    ] Application time: 0.0000633 seconds
[2019-12-09T02:02:40.994+0000][1][safepoint    ] Entering safepoint region: RevokeBias
[2019-12-09T02:02:40.994+0000][1][safepoint    ] Leaving safepoint region
[2019-12-09T02:02:40.994+0000][1][safepoint    ] Total time for which application threads were stopped: 0.0000445 seconds, Stopping threads took: 0.0000078 seconds
[2019-12-09T02:02:40.994+0000][1][safepoint    ] Application time: 0.0000706 seconds
[2019-12-09T02:02:40.994+0000][1][safepoint    ] Entering safepoint region: RevokeBias
[2019-12-09T02:02:40.994+0000][1][safepoint    ] Leaving safepoint region
[2019-12-09T02:02:40.994+0000][1][safepoint    ] Total time for which application threads were stopped: 0.0000409 seconds, Stopping threads took: 0.0000082 seconds
[2019-12-09T02:02:40.994+0000][1][safepoint    ] Application time: 0.0000766 seconds
[2019-12-09T02:02:40.994+0000][1][safepoint    ] Entering safepoint region: RevokeBias
[2019-12-09T02:02:40.994+0000][1][safepoint    ] Leaving safepoint region
[2019-12-09T02:02:40.994+0000][1][safepoint    ] Total time for which application threads were stopped: 0.0000496 seconds, Stopping threads took: 0.0000096 seconds
[2019-12-09T02:02:41.010+0000][1][safepoint    ] Application time: 0.0156593 seconds
[2019-12-09T02:02:41.010+0000][1][safepoint    ] Entering safepoint region: RevokeBias
[2019-12-09T02:02:41.010+0000][1][safepoint    ] Leaving safepoint region
[2019-12-09T02:02:41.010+0000][1][safepoint    ] Total time for which application threads were stopped: 0.0000970 seconds, Stopping threads took: 0.0000138 seconds
[2019-12-09T02:02:41.011+0000][1][safepoint    ] Application time: 0.0014414 seconds
[2019-12-09T02:02:41.011+0000][1][safepoint    ] Entering safepoint region: RevokeBias
[2019-12-09T02:02:41.011+0000][1][safepoint    ] Leaving safepoint region
[2019-12-09T02:02:41.011+0000][1][safepoint    ] Total time for which application threads were stopped: 0.0000792 seconds, Stopping threads took: 0.0000225 seconds
[2019-12-09T02:02:41.017+0000][1][safepoint    ] Application time: 0.0051064 seconds
[2019-12-09T02:02:41.017+0000][1][safepoint    ] Entering safepoint region: RevokeBias
[2019-12-09T02:02:41.017+0000][1][safepoint    ] Leaving safepoint region
[2019-12-09T02:02:41.017+0000][1][safepoint    ] Total time for which application threads were stopped: 0.0000734 seconds, Stopping threads took: 0.0000128 seconds
[2019-12-09T02:02:41.017+0000][1][safepoint    ] Application time: 0.0005224 seconds
[2019-12-09T02:02:41.017+0000][1][safepoint    ] Entering safepoint region: RevokeBias
[2019-12-09T02:02:41.017+0000][1][safepoint    ] Leaving safepoint region
[2019-12-09T02:02:41.018+0000][1][safepoint    ] Total time for which application threads were stopped: 0.0003017 seconds, Stopping threads took: 0.0000120 seconds
[2019-12-09T02:02:41.043+0000][1][safepoint    ] Application time: 0.0253180 seconds
[2019-12-09T02:02:41.043+0000][1][safepoint    ] Entering safepoint region: RevokeBias
[2019-12-09T02:02:41.043+0000][1][safepoint    ] Leaving safepoint region
[2019-12-09T02:02:41.043+0000][1][safepoint    ] Total time for which application threads were stopped: 0.0000654 seconds, Stopping threads took: 0.0000116 seconds
[2019-12-09T02:02:41.084+0000][1][safepoint    ] Application time: 0.0411285 seconds
[2019-12-09T02:02:41.084+0000][1][safepoint    ] Entering safepoint region: RevokeBias
[2019-12-09T02:02:41.084+0000][1][safepoint    ] Leaving safepoint region
[2019-12-09T02:02:41.084+0000][1][safepoint    ] Total time for which application threads were stopped: 0.0000716 seconds, Stopping threads took: 0.0000137 seconds
[2019-12-09T02:02:41.097+0000][1][safepoint    ] Application time: 0.0127961 seconds
[2019-12-09T02:02:41.097+0000][1][safepoint    ] Entering safepoint region: RevokeBias
[2019-12-09T02:02:41.097+0000][1][safepoint    ] Leaving safepoint region
[2019-12-09T02:02:41.097+0000][1][safepoint    ] Total time for which application threads were stopped: 0.0000687 seconds, Stopping threads took: 0.0000128 seconds
[2019-12-09T02:02:41.105+0000][1][safepoint    ] Application time: 0.0084090 seconds
[2019-12-09T02:02:41.105+0000][1][safepoint    ] Entering safepoint region: RevokeBias
[2019-12-09T02:02:41.106+0000][1][safepoint    ] Leaving safepoint region
[2019-12-09T02:02:41.106+0000][1][safepoint    ] Total time for which application threads were stopped: 0.0000646 seconds, Stopping threads took: 0.0000127 seconds
[2019-12-09T02:02:41.120+0000][1][safepoint    ] Application time: 0.0143972 seconds
[2019-12-09T02:02:41.120+0000][1][safepoint    ] Entering safepoint region: RevokeBias
[2019-12-09T02:02:41.120+0000][1][safepoint    ] Leaving safepoint region
[2019-12-09T02:02:41.120+0000][1][safepoint    ] Total time for which application threads were stopped: 0.0000581 seconds, Stopping threads took: 0.0000120 seconds
[2019-12-09T02:02:41.120+0000][1][safepoint    ] Application time: 0.0001775 seconds
[2019-12-09T02:02:41.120+0000][1][safepoint    ] Entering safepoint region: RevokeBias
[2019-12-09T02:02:41.120+0000][1][safepoint    ] Leaving safepoint region
[2019-12-09T02:02:41.120+0000][1][safepoint    ] Total time for which application threads were stopped: 0.0000391 seconds, Stopping threads took: 0.0000087 seconds
[2019-12-09T02:02:41.122+0000][1][safepoint    ] Application time: 0.0012233 seconds
[2019-12-09T02:02:41.122+0000][1][safepoint    ] Entering safepoint region: RevokeBias
[2019-12-09T02:02:41.122+0000][1][safepoint    ] Leaving safepoint region
[2019-12-09T02:02:41.122+0000][1][safepoint    ] Total time for which application threads were stopped: 0.0000685 seconds, Stopping threads took: 0.0000120 seconds
[2019-12-09T02:02:41.157+0000][1][gc,heap,exit ] Heap
[2019-12-09T02:02:41.157+0000][1][gc,heap,exit ]  par new generation   total 78656K, used 26971K [0x00000000f0000000, 0x00000000f5550000, 0x00000000f5550000)
[2019-12-09T02:02:41.157+0000][1][gc,heap,exit ]   eden space 69952K,  30% used [0x00000000f0000000, 0x00000000f14b8ac0, 0x00000000f4450000)
[2019-12-09T02:02:41.157+0000][1][gc,heap,exit ]   from space 8704K,  66% used [0x00000000f4cd0000, 0x00000000f526e1d0, 0x00000000f5550000)
[2019-12-09T02:02:41.157+0000][1][gc,heap,exit ]   to   space 8704K,   0% used [0x00000000f4450000, 0x00000000f4450000, 0x00000000f4cd0000)
[2019-12-09T02:02:41.157+0000][1][gc,heap,exit ]  concurrent mark-sweep generation total 174784K, used 65204K [0x00000000f5550000, 0x0000000100000000, 0x0000000100000000)
[2019-12-09T02:02:41.157+0000][1][gc,heap,exit ]  Metaspace       used 69042K, capacity 74232K, committed 74336K, reserved 1112064K
[2019-12-09T02:02:41.157+0000][1][gc,heap,exit ]   class space    used 9326K, capacity 11490K, committed 11532K, reserved 1048576K
[2019-12-09T02:02:41.160+0000][1][safepoint    ] Application time: 0.0380877 seconds
[2019-12-09T02:02:41.160+0000][1][safepoint    ] Entering safepoint region: Exit
