[2019-12-09T02:51:20.272+0000][1][gc] Using Concurrent Mark Sweep
[2019-12-09T02:51:20.272+0000][1][gc,heap,coops] Heap address: 0x00000000f0000000, size: 256 MB, Compressed Oops mode: 32-bit
[2019-12-09T02:51:20.742+0000][1][safepoint    ] Entering safepoint region: EnableBiasedLocking
[2019-12-09T02:51:20.743+0000][1][safepoint    ] Leaving safepoint region
[2019-12-09T02:51:20.743+0000][1][safepoint    ] Total time for which application threads were stopped: 0.0206882 seconds, Stopping threads took: 0.0205800 seconds
[2019-12-09T02:51:20.750+0000][1][safepoint    ] Application time: 0.0066006 seconds
[2019-12-09T02:51:20.750+0000][1][safepoint    ] Entering safepoint region: RevokeBias
[2019-12-09T02:51:20.750+0000][1][safepoint    ] Leaving safepoint region
[2019-12-09T02:51:20.750+0000][1][safepoint    ] Total time for which application threads were stopped: 0.0000897 seconds, Stopping threads took: 0.0000326 seconds
[2019-12-09T02:51:20.833+0000][1][safepoint    ] Application time: 0.0828116 seconds
[2019-12-09T02:51:20.833+0000][1][safepoint    ] Entering safepoint region: Deoptimize
[2019-12-09T02:51:20.833+0000][1][safepoint    ] Leaving safepoint region
[2019-12-09T02:51:20.833+0000][1][safepoint    ] Total time for which application threads were stopped: 0.0000506 seconds, Stopping threads took: 0.0000092 seconds
[2019-12-09T02:51:21.638+0000][1][safepoint    ] Application time: 0.8048654 seconds
[2019-12-09T02:51:21.638+0000][1][safepoint    ] Entering safepoint region: Deoptimize
[2019-12-09T02:51:21.638+0000][1][safepoint    ] Leaving safepoint region
[2019-12-09T02:51:21.638+0000][1][safepoint    ] Total time for which application threads were stopped: 0.0001085 seconds, Stopping threads took: 0.0000111 seconds
[2019-12-09T02:51:22.640+0000][1][safepoint    ] Application time: 1.0018619 seconds
[2019-12-09T02:51:22.640+0000][1][safepoint    ] Entering safepoint region: Cleanup
[2019-12-09T02:51:22.640+0000][1][safepoint    ] Leaving safepoint region
[2019-12-09T02:51:22.640+0000][1][safepoint    ] Total time for which application threads were stopped: 0.0001426 seconds, Stopping threads took: 0.0000729 seconds
[2019-12-09T02:51:23.641+0000][1][safepoint    ] Application time: 1.0008110 seconds
[2019-12-09T02:51:23.654+0000][1][safepoint    ] Entering safepoint region: Cleanup
[2019-12-09T02:51:23.654+0000][1][safepoint    ] Leaving safepoint region
[2019-12-09T02:51:23.654+0000][1][safepoint    ] Total time for which application threads were stopped: 0.0130468 seconds, Stopping threads took: 0.0129870 seconds
[2019-12-09T02:51:23.800+0000][1][safepoint    ] Application time: 0.1459179 seconds
[2019-12-09T02:51:23.800+0000][1][safepoint    ] Entering safepoint region: Deoptimize
[2019-12-09T02:51:23.800+0000][1][safepoint    ] Leaving safepoint region
[2019-12-09T02:51:23.800+0000][1][safepoint    ] Total time for which application threads were stopped: 0.0001502 seconds, Stopping threads took: 0.0000114 seconds
[2019-12-09T02:51:24.136+0000][1][safepoint    ] Application time: 0.3358308 seconds
[2019-12-09T02:51:24.136+0000][1][safepoint    ] Entering safepoint region: Deoptimize
[2019-12-09T02:51:24.136+0000][1][safepoint    ] Leaving safepoint region
[2019-12-09T02:51:24.136+0000][1][safepoint    ] Total time for which application threads were stopped: 0.0001614 seconds, Stopping threads took: 0.0000126 seconds
[2019-12-09T02:51:24.792+0000][1][safepoint    ] Application time: 0.6559893 seconds
[2019-12-09T02:51:24.792+0000][1][safepoint    ] Entering safepoint region: Deoptimize
[2019-12-09T02:51:24.792+0000][1][safepoint    ] Leaving safepoint region
[2019-12-09T02:51:24.792+0000][1][safepoint    ] Total time for which application threads were stopped: 0.0001500 seconds, Stopping threads took: 0.0000113 seconds
[2019-12-09T02:51:24.917+0000][1][safepoint    ] Application time: 0.1250346 seconds
[2019-12-09T02:51:24.917+0000][1][safepoint    ] Entering safepoint region: Deoptimize
[2019-12-09T02:51:24.917+0000][1][safepoint    ] Leaving safepoint region
[2019-12-09T02:51:24.917+0000][1][safepoint    ] Total time for which application threads were stopped: 0.0001594 seconds, Stopping threads took: 0.0000113 seconds
[2019-12-09T02:51:25.918+0000][1][safepoint    ] Application time: 1.0003257 seconds
[2019-12-09T02:51:26.080+0000][1][safepoint    ] Entering safepoint region: Cleanup
[2019-12-09T02:51:26.080+0000][1][safepoint    ] Leaving safepoint region
[2019-12-09T02:51:26.080+0000][1][safepoint    ] Total time for which application threads were stopped: 0.1620990 seconds, Stopping threads took: 0.1620359 seconds
[2019-12-09T02:51:27.100+0000][1][safepoint    ] Application time: 1.0198602 seconds
[2019-12-09T02:51:27.149+0000][1][safepoint    ] Entering safepoint region: Cleanup
[2019-12-09T02:51:27.149+0000][1][safepoint    ] Leaving safepoint region
[2019-12-09T02:51:27.149+0000][1][safepoint    ] Total time for which application threads were stopped: 0.0491038 seconds, Stopping threads took: 0.0490348 seconds
[2019-12-09T02:51:28.221+0000][1][safepoint    ] Application time: 1.0718593 seconds
[2019-12-09T02:51:28.221+0000][1][safepoint    ] Entering safepoint region: Cleanup
[2019-12-09T02:51:28.221+0000][1][safepoint    ] Leaving safepoint region
[2019-12-09T02:51:28.221+0000][1][safepoint    ] Total time for which application threads were stopped: 0.0000538 seconds, Stopping threads took: 0.0000141 seconds
[2019-12-09T02:51:28.472+0000][1][safepoint    ] Application time: 0.2514921 seconds
[2019-12-09T02:51:28.472+0000][1][safepoint    ] Entering safepoint region: Deoptimize
[2019-12-09T02:51:28.473+0000][1][safepoint    ] Leaving safepoint region
[2019-12-09T02:51:28.473+0000][1][safepoint    ] Total time for which application threads were stopped: 0.0002116 seconds, Stopping threads took: 0.0000116 seconds
[2019-12-09T02:51:29.477+0000][1][safepoint    ] Application time: 1.0041465 seconds
[2019-12-09T02:51:29.485+0000][1][safepoint    ] Entering safepoint region: Cleanup
[2019-12-09T02:51:29.485+0000][1][safepoint    ] Leaving safepoint region
[2019-12-09T02:51:29.485+0000][1][safepoint    ] Total time for which application threads were stopped: 0.0080588 seconds, Stopping threads took: 0.0080171 seconds
[2019-12-09T02:51:30.507+0000][1][safepoint    ] Application time: 1.0216944 seconds
[2019-12-09T02:51:30.517+0000][1][safepoint    ] Entering safepoint region: Cleanup
[2019-12-09T02:51:30.517+0000][1][safepoint    ] Leaving safepoint region
[2019-12-09T02:51:30.517+0000][1][safepoint    ] Total time for which application threads were stopped: 0.0108848 seconds, Stopping threads took: 0.0108252 seconds
[2019-12-09T02:51:30.921+0000][1][safepoint    ] Application time: 0.4035765 seconds
[2019-12-09T02:51:30.921+0000][1][safepoint    ] Entering safepoint region: Deoptimize
[2019-12-09T02:51:30.921+0000][1][safepoint    ] Leaving safepoint region
[2019-12-09T02:51:30.921+0000][1][safepoint    ] Total time for which application threads were stopped: 0.0002566 seconds, Stopping threads took: 0.0000121 seconds
[2019-12-09T02:51:31.863+0000][1][safepoint    ] Application time: 0.9413847 seconds
[2019-12-09T02:51:31.863+0000][1][safepoint    ] Entering safepoint region: Deoptimize
[2019-12-09T02:51:31.863+0000][1][safepoint    ] Leaving safepoint region
[2019-12-09T02:51:31.863+0000][1][safepoint    ] Total time for which application threads were stopped: 0.0003190 seconds, Stopping threads took: 0.0000222 seconds
[2019-12-09T02:51:31.863+0000][1][safepoint    ] Application time: 0.0001548 seconds
[2019-12-09T02:51:31.863+0000][1][safepoint    ] Entering safepoint region: Deoptimize
[2019-12-09T02:51:31.863+0000][1][safepoint    ] Leaving safepoint region
[2019-12-09T02:51:31.863+0000][1][safepoint    ] Total time for which application threads were stopped: 0.0001702 seconds, Stopping threads took: 0.0000079 seconds
[2019-12-09T02:51:32.089+0000][1][safepoint    ] Application time: 0.2258715 seconds
[2019-12-09T02:51:32.089+0000][1][safepoint    ] Entering safepoint region: Deoptimize
[2019-12-09T02:51:32.090+0000][1][safepoint    ] Leaving safepoint region
[2019-12-09T02:51:32.090+0000][1][safepoint    ] Total time for which application threads were stopped: 0.0002789 seconds, Stopping threads took: 0.0000137 seconds
[2019-12-09T02:51:32.183+0000][1][safepoint    ] Application time: 0.0934181 seconds
[2019-12-09T02:51:32.183+0000][1][safepoint    ] Entering safepoint region: RevokeBias
[2019-12-09T02:51:32.183+0000][1][safepoint    ] Leaving safepoint region
[2019-12-09T02:51:32.183+0000][1][safepoint    ] Total time for which application threads were stopped: 0.0002751 seconds, Stopping threads took: 0.0002302 seconds
[2019-12-09T02:51:32.184+0000][1][safepoint    ] Application time: 0.0001525 seconds
[2019-12-09T02:51:32.184+0000][1][safepoint    ] Entering safepoint region: RevokeBias
[2019-12-09T02:51:32.184+0000][1][safepoint    ] Leaving safepoint region
[2019-12-09T02:51:32.184+0000][1][safepoint    ] Total time for which application threads were stopped: 0.0000355 seconds, Stopping threads took: 0.0000084 seconds
[2019-12-09T02:51:32.184+0000][1][safepoint    ] Application time: 0.0000465 seconds
[2019-12-09T02:51:32.184+0000][1][safepoint    ] Entering safepoint region: RevokeBias
[2019-12-09T02:51:32.184+0000][1][safepoint    ] Leaving safepoint region
[2019-12-09T02:51:32.184+0000][1][safepoint    ] Total time for which application threads were stopped: 0.0000288 seconds, Stopping threads took: 0.0000070 seconds
[2019-12-09T02:51:32.184+0000][1][safepoint    ] Application time: 0.0000812 seconds
[2019-12-09T02:51:32.184+0000][1][safepoint    ] Entering safepoint region: RevokeBias
[2019-12-09T02:51:32.184+0000][1][safepoint    ] Leaving safepoint region
[2019-12-09T02:51:32.184+0000][1][safepoint    ] Total time for which application threads were stopped: 0.0000304 seconds, Stopping threads took: 0.0000076 seconds
[2019-12-09T02:51:32.184+0000][1][safepoint    ] Application time: 0.0001362 seconds
[2019-12-09T02:51:32.184+0000][1][safepoint    ] Entering safepoint region: RevokeBias
[2019-12-09T02:51:32.184+0000][1][safepoint    ] Leaving safepoint region
[2019-12-09T02:51:32.184+0000][1][safepoint    ] Total time for which application threads were stopped: 0.0000327 seconds, Stopping threads took: 0.0000080 seconds
[2019-12-09T02:51:33.189+0000][1][safepoint    ] Application time: 1.0047374 seconds
[2019-12-09T02:51:33.239+0000][1][safepoint    ] Entering safepoint region: Cleanup
[2019-12-09T02:51:33.239+0000][1][safepoint    ] Leaving safepoint region
[2019-12-09T02:51:33.239+0000][1][safepoint    ] Total time for which application threads were stopped: 0.0501424 seconds, Stopping threads took: 0.0500820 seconds
[2019-12-09T02:51:33.246+0000][1][safepoint    ] Application time: 0.0073624 seconds
[2019-12-09T02:51:33.246+0000][1][safepoint    ] Entering safepoint region: RevokeBias
[2019-12-09T02:51:33.246+0000][1][safepoint    ] Leaving safepoint region
[2019-12-09T02:51:33.246+0000][1][safepoint    ] Total time for which application threads were stopped: 0.0000509 seconds, Stopping threads took: 0.0000116 seconds
[2019-12-09T02:51:33.965+0000][1][safepoint    ] Application time: 0.7183618 seconds
[2019-12-09T02:51:33.965+0000][1][safepoint    ] Entering safepoint region: GenCollectForAllocation
[2019-12-09T02:51:33.965+0000][1][gc,start     ] GC(0) Pause Young (Allocation Failure)
[2019-12-09T02:51:33.965+0000][1][gc,task      ] GC(0) Using 2 workers of 2 for evacuation
[2019-12-09T02:51:34.091+0000][1][gc,age       ] GC(0) Desired survivor size 4456448 bytes, new threshold 1 (max threshold 6)
[2019-12-09T02:51:34.091+0000][1][gc,age       ] GC(0) Age table with threshold 1 (max threshold 6)
[2019-12-09T02:51:34.091+0000][1][gc,age       ] GC(0) - age   1:    6682984 bytes,    6682984 total
[2019-12-09T02:51:34.091+0000][1][gc,heap      ] GC(0) ParNew: 69952K->6574K(78656K)
[2019-12-09T02:51:34.091+0000][1][gc,heap      ] GC(0) CMS: 0K->0K(174784K)
[2019-12-09T02:51:34.091+0000][1][gc,metaspace ] GC(0) Metaspace: 12831K->12831K(1060864K)
[2019-12-09T02:51:34.091+0000][1][gc           ] GC(0) Pause Young (Allocation Failure) 68M->6M(247M) 126.354ms
[2019-12-09T02:51:34.091+0000][1][gc,cpu       ] GC(0) User=0.02s Sys=0.00s Real=0.12s
[2019-12-09T02:51:34.091+0000][1][safepoint    ] Leaving safepoint region
[2019-12-09T02:51:34.091+0000][1][safepoint    ] Total time for which application threads were stopped: 0.1265142 seconds, Stopping threads took: 0.0000129 seconds
[2019-12-09T02:51:34.099+0000][1][safepoint    ] Application time: 0.0081952 seconds
[2019-12-09T02:51:34.109+0000][1][safepoint    ] Entering safepoint region: RevokeBias
[2019-12-09T02:51:34.109+0000][1][safepoint    ] Leaving safepoint region
[2019-12-09T02:51:34.109+0000][1][safepoint    ] Total time for which application threads were stopped: 0.0094122 seconds, Stopping threads took: 0.0093268 seconds
[2019-12-09T02:51:34.109+0000][1][safepoint    ] Application time: 0.0001371 seconds
[2019-12-09T02:51:34.109+0000][1][safepoint    ] Entering safepoint region: RevokeBias
[2019-12-09T02:51:34.109+0000][1][safepoint    ] Leaving safepoint region
[2019-12-09T02:51:34.109+0000][1][safepoint    ] Total time for which application threads were stopped: 0.0000509 seconds, Stopping threads took: 0.0000086 seconds
[2019-12-09T02:51:34.109+0000][1][safepoint    ] Application time: 0.0000600 seconds
[2019-12-09T02:51:34.109+0000][1][safepoint    ] Entering safepoint region: RevokeBias
[2019-12-09T02:51:34.109+0000][1][safepoint    ] Leaving safepoint region
[2019-12-09T02:51:34.109+0000][1][safepoint    ] Total time for which application threads were stopped: 0.0000419 seconds, Stopping threads took: 0.0000072 seconds
[2019-12-09T02:51:34.109+0000][1][safepoint    ] Application time: 0.0000449 seconds
[2019-12-09T02:51:34.109+0000][1][safepoint    ] Entering safepoint region: RevokeBias
[2019-12-09T02:51:34.109+0000][1][safepoint    ] Leaving safepoint region
[2019-12-09T02:51:34.109+0000][1][safepoint    ] Total time for which application threads were stopped: 0.0000402 seconds, Stopping threads took: 0.0000072 seconds
[2019-12-09T02:51:34.109+0000][1][safepoint    ] Application time: 0.0000495 seconds
[2019-12-09T02:51:34.109+0000][1][safepoint    ] Entering safepoint region: RevokeBias
[2019-12-09T02:51:34.109+0000][1][safepoint    ] Leaving safepoint region
[2019-12-09T02:51:34.109+0000][1][safepoint    ] Total time for which application threads were stopped: 0.0000419 seconds, Stopping threads took: 0.0000072 seconds
[2019-12-09T02:51:34.109+0000][1][safepoint    ] Application time: 0.0000455 seconds
[2019-12-09T02:51:34.109+0000][1][safepoint    ] Entering safepoint region: RevokeBias
[2019-12-09T02:51:34.110+0000][1][safepoint    ] Leaving safepoint region
[2019-12-09T02:51:34.110+0000][1][safepoint    ] Total time for which application threads were stopped: 0.0000408 seconds, Stopping threads took: 0.0000068 seconds
[2019-12-09T02:51:34.110+0000][1][safepoint    ] Application time: 0.0000531 seconds
[2019-12-09T02:51:34.110+0000][1][safepoint    ] Entering safepoint region: RevokeBias
[2019-12-09T02:51:34.110+0000][1][safepoint    ] Leaving safepoint region
[2019-12-09T02:51:34.110+0000][1][safepoint    ] Total time for which application threads were stopped: 0.0000414 seconds, Stopping threads took: 0.0000073 seconds
[2019-12-09T02:51:34.110+0000][1][safepoint    ] Application time: 0.0000597 seconds
[2019-12-09T02:51:34.110+0000][1][safepoint    ] Entering safepoint region: RevokeBias
[2019-12-09T02:51:34.110+0000][1][safepoint    ] Leaving safepoint region
[2019-12-09T02:51:34.110+0000][1][safepoint    ] Total time for which application threads were stopped: 0.0000428 seconds, Stopping threads took: 0.0000076 seconds
[2019-12-09T02:51:34.110+0000][1][safepoint    ] Application time: 0.0000531 seconds
[2019-12-09T02:51:34.110+0000][1][safepoint    ] Entering safepoint region: RevokeBias
[2019-12-09T02:51:34.110+0000][1][safepoint    ] Leaving safepoint region
[2019-12-09T02:51:34.110+0000][1][safepoint    ] Total time for which application threads were stopped: 0.0000413 seconds, Stopping threads took: 0.0000071 seconds
[2019-12-09T02:51:34.110+0000][1][safepoint    ] Application time: 0.0000451 seconds
[2019-12-09T02:51:34.110+0000][1][safepoint    ] Entering safepoint region: RevokeBias
[2019-12-09T02:51:34.110+0000][1][safepoint    ] Leaving safepoint region
[2019-12-09T02:51:34.110+0000][1][safepoint    ] Total time for which application threads were stopped: 0.0000496 seconds, Stopping threads took: 0.0000152 seconds
[2019-12-09T02:51:34.110+0000][1][safepoint    ] Application time: 0.0000503 seconds
[2019-12-09T02:51:34.110+0000][1][safepoint    ] Entering safepoint region: RevokeBias
[2019-12-09T02:51:34.110+0000][1][safepoint    ] Leaving safepoint region
[2019-12-09T02:51:34.110+0000][1][safepoint    ] Total time for which application threads were stopped: 0.0000396 seconds, Stopping threads took: 0.0000071 seconds
[2019-12-09T02:51:34.110+0000][1][safepoint    ] Application time: 0.0000439 seconds
[2019-12-09T02:51:34.110+0000][1][safepoint    ] Entering safepoint region: RevokeBias
[2019-12-09T02:51:34.110+0000][1][safepoint    ] Leaving safepoint region
[2019-12-09T02:51:34.110+0000][1][safepoint    ] Total time for which application threads were stopped: 0.0000399 seconds, Stopping threads took: 0.0000066 seconds
[2019-12-09T02:51:34.110+0000][1][safepoint    ] Application time: 0.0000518 seconds
[2019-12-09T02:51:34.110+0000][1][safepoint    ] Entering safepoint region: RevokeBias
[2019-12-09T02:51:34.110+0000][1][safepoint    ] Leaving safepoint region
[2019-12-09T02:51:34.110+0000][1][safepoint    ] Total time for which application threads were stopped: 0.0000387 seconds, Stopping threads took: 0.0000065 seconds
[2019-12-09T02:51:34.110+0000][1][safepoint    ] Application time: 0.0000444 seconds
[2019-12-09T02:51:34.110+0000][1][safepoint    ] Entering safepoint region: RevokeBias
[2019-12-09T02:51:34.110+0000][1][safepoint    ] Leaving safepoint region
[2019-12-09T02:51:34.110+0000][1][safepoint    ] Total time for which application threads were stopped: 0.0000389 seconds, Stopping threads took: 0.0000065 seconds
[2019-12-09T02:51:34.110+0000][1][safepoint    ] Application time: 0.0000478 seconds
[2019-12-09T02:51:34.110+0000][1][safepoint    ] Entering safepoint region: RevokeBias
[2019-12-09T02:51:34.110+0000][1][safepoint    ] Leaving safepoint region
[2019-12-09T02:51:34.110+0000][1][safepoint    ] Total time for which application threads were stopped: 0.0000387 seconds, Stopping threads took: 0.0000067 seconds
[2019-12-09T02:51:34.111+0000][1][safepoint    ] Application time: 0.0000435 seconds
[2019-12-09T02:51:34.111+0000][1][safepoint    ] Entering safepoint region: RevokeBias
[2019-12-09T02:51:34.111+0000][1][safepoint    ] Leaving safepoint region
[2019-12-09T02:51:34.111+0000][1][safepoint    ] Total time for which application threads were stopped: 0.0000383 seconds, Stopping threads took: 0.0000068 seconds
[2019-12-09T02:51:34.111+0000][1][safepoint    ] Application time: 0.0000507 seconds
[2019-12-09T02:51:34.111+0000][1][safepoint    ] Entering safepoint region: RevokeBias
[2019-12-09T02:51:34.111+0000][1][safepoint    ] Leaving safepoint region
[2019-12-09T02:51:34.111+0000][1][safepoint    ] Total time for which application threads were stopped: 0.0000577 seconds, Stopping threads took: 0.0000071 seconds
[2019-12-09T02:51:34.111+0000][1][safepoint    ] Application time: 0.0000458 seconds
[2019-12-09T02:51:34.111+0000][1][safepoint    ] Entering safepoint region: RevokeBias
[2019-12-09T02:51:34.111+0000][1][safepoint    ] Leaving safepoint region
[2019-12-09T02:51:34.111+0000][1][safepoint    ] Total time for which application threads were stopped: 0.0000391 seconds, Stopping threads took: 0.0000070 seconds
[2019-12-09T02:51:34.111+0000][1][safepoint    ] Application time: 0.0000703 seconds
[2019-12-09T02:51:34.111+0000][1][safepoint    ] Entering safepoint region: RevokeBias
[2019-12-09T02:51:34.111+0000][1][safepoint    ] Leaving safepoint region
[2019-12-09T02:51:34.111+0000][1][safepoint    ] Total time for which application threads were stopped: 0.0000399 seconds, Stopping threads took: 0.0000072 seconds
[2019-12-09T02:51:34.111+0000][1][safepoint    ] Application time: 0.0000440 seconds
[2019-12-09T02:51:34.111+0000][1][safepoint    ] Entering safepoint region: RevokeBias
[2019-12-09T02:51:34.111+0000][1][safepoint    ] Leaving safepoint region
[2019-12-09T02:51:34.111+0000][1][safepoint    ] Total time for which application threads were stopped: 0.0000448 seconds, Stopping threads took: 0.0000125 seconds
[2019-12-09T02:51:34.111+0000][1][safepoint    ] Application time: 0.0000480 seconds
[2019-12-09T02:51:34.111+0000][1][safepoint    ] Entering safepoint region: RevokeBias
[2019-12-09T02:51:34.111+0000][1][safepoint    ] Leaving safepoint region
[2019-12-09T02:51:34.111+0000][1][safepoint    ] Total time for which application threads were stopped: 0.0000396 seconds, Stopping threads took: 0.0000071 seconds
[2019-12-09T02:51:34.111+0000][1][safepoint    ] Application time: 0.0000436 seconds
[2019-12-09T02:51:34.111+0000][1][safepoint    ] Entering safepoint region: RevokeBias
[2019-12-09T02:51:34.111+0000][1][safepoint    ] Leaving safepoint region
[2019-12-09T02:51:34.111+0000][1][safepoint    ] Total time for which application threads were stopped: 0.0000382 seconds, Stopping threads took: 0.0000069 seconds
[2019-12-09T02:51:34.111+0000][1][safepoint    ] Application time: 0.0000476 seconds
[2019-12-09T02:51:34.111+0000][1][safepoint    ] Entering safepoint region: RevokeBias
[2019-12-09T02:51:34.111+0000][1][safepoint    ] Leaving safepoint region
[2019-12-09T02:51:34.111+0000][1][safepoint    ] Total time for which application threads were stopped: 0.0000396 seconds, Stopping threads took: 0.0000070 seconds
[2019-12-09T02:51:34.111+0000][1][safepoint    ] Application time: 0.0000436 seconds
[2019-12-09T02:51:34.111+0000][1][safepoint    ] Entering safepoint region: RevokeBias
[2019-12-09T02:51:34.111+0000][1][safepoint    ] Leaving safepoint region
[2019-12-09T02:51:34.111+0000][1][safepoint    ] Total time for which application threads were stopped: 0.0000378 seconds, Stopping threads took: 0.0000066 seconds
[2019-12-09T02:51:34.111+0000][1][safepoint    ] Application time: 0.0000644 seconds
[2019-12-09T02:51:34.112+0000][1][safepoint    ] Entering safepoint region: RevokeBias
[2019-12-09T02:51:34.112+0000][1][safepoint    ] Leaving safepoint region
[2019-12-09T02:51:34.112+0000][1][safepoint    ] Total time for which application threads were stopped: 0.0000397 seconds, Stopping threads took: 0.0000074 seconds
[2019-12-09T02:51:34.112+0000][1][safepoint    ] Application time: 0.0000442 seconds
[2019-12-09T02:51:34.112+0000][1][safepoint    ] Entering safepoint region: RevokeBias
[2019-12-09T02:51:34.112+0000][1][safepoint    ] Leaving safepoint region
[2019-12-09T02:51:34.112+0000][1][safepoint    ] Total time for which application threads were stopped: 0.0000387 seconds, Stopping threads took: 0.0000071 seconds
[2019-12-09T02:51:34.112+0000][1][safepoint    ] Application time: 0.0003197 seconds
[2019-12-09T02:51:34.112+0000][1][safepoint    ] Entering safepoint region: RevokeBias
[2019-12-09T02:51:34.112+0000][1][safepoint    ] Leaving safepoint region
[2019-12-09T02:51:34.112+0000][1][safepoint    ] Total time for which application threads were stopped: 0.0000578 seconds, Stopping threads took: 0.0000093 seconds
[2019-12-09T02:51:34.112+0000][1][safepoint    ] Application time: 0.0000545 seconds
[2019-12-09T02:51:34.112+0000][1][safepoint    ] Entering safepoint region: RevokeBias
[2019-12-09T02:51:34.112+0000][1][safepoint    ] Leaving safepoint region
[2019-12-09T02:51:34.112+0000][1][safepoint    ] Total time for which application threads were stopped: 0.0000451 seconds, Stopping threads took: 0.0000084 seconds
[2019-12-09T02:51:34.112+0000][1][safepoint    ] Application time: 0.0000662 seconds
[2019-12-09T02:51:34.112+0000][1][safepoint    ] Entering safepoint region: RevokeBias
[2019-12-09T02:51:34.112+0000][1][safepoint    ] Leaving safepoint region
[2019-12-09T02:51:34.112+0000][1][safepoint    ] Total time for which application threads were stopped: 0.0000449 seconds, Stopping threads took: 0.0000080 seconds
[2019-12-09T02:51:34.112+0000][1][safepoint    ] Application time: 0.0000522 seconds
[2019-12-09T02:51:34.112+0000][1][safepoint    ] Entering safepoint region: RevokeBias
[2019-12-09T02:51:34.112+0000][1][safepoint    ] Leaving safepoint region
[2019-12-09T02:51:34.112+0000][1][safepoint    ] Total time for which application threads were stopped: 0.0000529 seconds, Stopping threads took: 0.0000144 seconds
[2019-12-09T02:51:34.730+0000][1][safepoint    ] Application time: 0.6179895 seconds
[2019-12-09T02:51:34.730+0000][1][safepoint    ] Entering safepoint region: RevokeBias
[2019-12-09T02:51:34.730+0000][1][safepoint    ] Leaving safepoint region
[2019-12-09T02:51:34.730+0000][1][safepoint    ] Total time for which application threads were stopped: 0.0000552 seconds, Stopping threads took: 0.0000123 seconds
[2019-12-09T02:51:35.208+0000][1][safepoint    ] Application time: 0.4769920 seconds
[2019-12-09T02:51:35.208+0000][1][safepoint    ] Entering safepoint region: Deoptimize
[2019-12-09T02:51:35.208+0000][1][safepoint    ] Leaving safepoint region
[2019-12-09T02:51:35.208+0000][1][safepoint    ] Total time for which application threads were stopped: 0.0004257 seconds, Stopping threads took: 0.0000128 seconds
[2019-12-09T02:51:36.221+0000][1][safepoint    ] Application time: 1.0129784 seconds
[2019-12-09T02:51:36.275+0000][1][safepoint    ] Entering safepoint region: Cleanup
[2019-12-09T02:51:36.275+0000][1][safepoint    ] Leaving safepoint region
[2019-12-09T02:51:36.275+0000][1][safepoint    ] Total time for which application threads were stopped: 0.0544642 seconds, Stopping threads took: 0.0543720 seconds
[2019-12-09T02:51:36.587+0000][1][safepoint    ] Application time: 0.3114108 seconds
[2019-12-09T02:51:36.587+0000][1][safepoint    ] Entering safepoint region: RevokeBias
[2019-12-09T02:51:36.587+0000][1][safepoint    ] Leaving safepoint region
[2019-12-09T02:51:36.587+0000][1][safepoint    ] Total time for which application threads were stopped: 0.0000864 seconds, Stopping threads took: 0.0000140 seconds
[2019-12-09T02:51:37.588+0000][1][safepoint    ] Application time: 1.0007146 seconds
[2019-12-09T02:51:37.685+0000][1][safepoint    ] Entering safepoint region: Cleanup
[2019-12-09T02:51:37.685+0000][1][safepoint    ] Leaving safepoint region
[2019-12-09T02:51:37.685+0000][1][safepoint    ] Total time for which application threads were stopped: 0.0971165 seconds, Stopping threads took: 0.0970369 seconds
[2019-12-09T02:51:38.111+0000][1][safepoint    ] Application time: 0.4260828 seconds
[2019-12-09T02:51:38.111+0000][1][safepoint    ] Entering safepoint region: GenCollectForAllocation
[2019-12-09T02:51:38.111+0000][1][gc,start     ] GC(1) Pause Young (Allocation Failure)
[2019-12-09T02:51:38.111+0000][1][gc,task      ] GC(1) Using 2 workers of 2 for evacuation
[2019-12-09T02:51:38.391+0000][1][gc,age       ] GC(1) Desired survivor size 4456448 bytes, new threshold 6 (max threshold 6)
[2019-12-09T02:51:38.391+0000][1][gc,age       ] GC(1) Age table with threshold 6 (max threshold 6)
[2019-12-09T02:51:38.391+0000][1][gc,age       ] GC(1) - age   1:    1194320 bytes,    1194320 total
[2019-12-09T02:51:38.391+0000][1][gc,heap      ] GC(1) ParNew: 76526K->4251K(78656K)
[2019-12-09T02:51:38.391+0000][1][gc,heap      ] GC(1) CMS: 0K->7027K(174784K)
[2019-12-09T02:51:38.391+0000][1][gc,metaspace ] GC(1) Metaspace: 14781K->14781K(1062912K)
[2019-12-09T02:51:38.391+0000][1][gc           ] GC(1) Pause Young (Allocation Failure) 74M->11M(247M) 279.833ms
[2019-12-09T02:51:38.391+0000][1][gc,cpu       ] GC(1) User=0.06s Sys=0.00s Real=0.28s
[2019-12-09T02:51:38.391+0000][1][safepoint    ] Leaving safepoint region
[2019-12-09T02:51:38.391+0000][1][safepoint    ] Total time for which application threads were stopped: 0.2799767 seconds, Stopping threads took: 0.0000133 seconds
[2019-12-09T02:51:38.420+0000][1][safepoint    ] Application time: 0.0285414 seconds
[2019-12-09T02:51:38.542+0000][1][safepoint    ] Entering safepoint region: BulkRevokeBias
[2019-12-09T02:51:38.542+0000][1][safepoint    ] Leaving safepoint region
[2019-12-09T02:51:38.542+0000][1][safepoint    ] Total time for which application threads were stopped: 0.1223162 seconds, Stopping threads took: 0.1222127 seconds
[2019-12-09T02:51:38.542+0000][1][safepoint    ] Application time: 0.0001379 seconds
[2019-12-09T02:51:38.542+0000][1][safepoint    ] Entering safepoint region: RevokeBias
[2019-12-09T02:51:38.542+0000][1][safepoint    ] Leaving safepoint region
[2019-12-09T02:51:38.542+0000][1][safepoint    ] Total time for which application threads were stopped: 0.0000778 seconds, Stopping threads took: 0.0000305 seconds
[2019-12-09T02:51:38.542+0000][1][safepoint    ] Application time: 0.0000981 seconds
[2019-12-09T02:51:38.542+0000][1][safepoint    ] Entering safepoint region: RevokeBias
[2019-12-09T02:51:38.542+0000][1][safepoint    ] Leaving safepoint region
[2019-12-09T02:51:38.542+0000][1][safepoint    ] Total time for which application threads were stopped: 0.0000455 seconds, Stopping threads took: 0.0000078 seconds
[2019-12-09T02:51:38.542+0000][1][safepoint    ] Application time: 0.0000474 seconds
[2019-12-09T02:51:38.542+0000][1][safepoint    ] Entering safepoint region: RevokeBias
[2019-12-09T02:51:38.542+0000][1][safepoint    ] Leaving safepoint region
[2019-12-09T02:51:38.542+0000][1][safepoint    ] Total time for which application threads were stopped: 0.0000314 seconds, Stopping threads took: 0.0000069 seconds
[2019-12-09T02:51:38.542+0000][1][safepoint    ] Application time: 0.0000482 seconds
[2019-12-09T02:51:38.542+0000][1][safepoint    ] Entering safepoint region: RevokeBias
[2019-12-09T02:51:38.542+0000][1][safepoint    ] Leaving safepoint region
[2019-12-09T02:51:38.542+0000][1][safepoint    ] Total time for which application threads were stopped: 0.0000305 seconds, Stopping threads took: 0.0000066 seconds
[2019-12-09T02:51:38.543+0000][1][safepoint    ] Application time: 0.0000441 seconds
[2019-12-09T02:51:38.543+0000][1][safepoint    ] Entering safepoint region: RevokeBias
[2019-12-09T02:51:38.543+0000][1][safepoint    ] Leaving safepoint region
[2019-12-09T02:51:38.543+0000][1][safepoint    ] Total time for which application threads were stopped: 0.0000298 seconds, Stopping threads took: 0.0000068 seconds
[2019-12-09T02:51:38.543+0000][1][safepoint    ] Application time: 0.0000501 seconds
[2019-12-09T02:51:38.543+0000][1][safepoint    ] Entering safepoint region: BulkRevokeBias
[2019-12-09T02:51:38.543+0000][1][safepoint    ] Leaving safepoint region
[2019-12-09T02:51:38.543+0000][1][safepoint    ] Total time for which application threads were stopped: 0.0000564 seconds, Stopping threads took: 0.0000071 seconds
[2019-12-09T02:51:38.543+0000][1][safepoint    ] Application time: 0.0000469 seconds
[2019-12-09T02:51:38.543+0000][1][safepoint    ] Entering safepoint region: RevokeBias
[2019-12-09T02:51:38.543+0000][1][safepoint    ] Leaving safepoint region
[2019-12-09T02:51:38.543+0000][1][safepoint    ] Total time for which application threads were stopped: 0.0000325 seconds, Stopping threads took: 0.0000071 seconds
[2019-12-09T02:51:38.543+0000][1][safepoint    ] Application time: 0.0000501 seconds
[2019-12-09T02:51:38.543+0000][1][safepoint    ] Entering safepoint region: BulkRevokeBias
[2019-12-09T02:51:38.543+0000][1][safepoint    ] Leaving safepoint region
[2019-12-09T02:51:38.543+0000][1][safepoint    ] Total time for which application threads were stopped: 0.0000586 seconds, Stopping threads took: 0.0000069 seconds
[2019-12-09T02:51:39.545+0000][1][safepoint    ] Application time: 1.0017957 seconds
[2019-12-09T02:51:39.584+0000][1][safepoint    ] Entering safepoint region: Cleanup
[2019-12-09T02:51:39.584+0000][1][safepoint    ] Leaving safepoint region
[2019-12-09T02:51:39.584+0000][1][safepoint    ] Total time for which application threads were stopped: 0.0394404 seconds, Stopping threads took: 0.0393641 seconds
[2019-12-09T02:51:39.805+0000][1][safepoint    ] Application time: 0.2204627 seconds
[2019-12-09T02:51:39.805+0000][1][safepoint    ] Entering safepoint region: GenCollectForAllocation
[2019-12-09T02:51:39.805+0000][1][gc,start     ] GC(2) Pause Young (Allocation Failure)
[2019-12-09T02:51:39.805+0000][1][gc,task      ] GC(2) Using 2 workers of 2 for evacuation
[2019-12-09T02:51:39.876+0000][1][gc,age       ] GC(2) Desired survivor size 4456448 bytes, new threshold 6 (max threshold 6)
[2019-12-09T02:51:39.876+0000][1][gc,age       ] GC(2) Age table with threshold 6 (max threshold 6)
[2019-12-09T02:51:39.876+0000][1][gc,age       ] GC(2) - age   1:    1082432 bytes,    1082432 total
[2019-12-09T02:51:39.876+0000][1][gc,age       ] GC(2) - age   2:     925320 bytes,    2007752 total
[2019-12-09T02:51:39.876+0000][1][gc,heap      ] GC(2) ParNew: 74203K->2332K(78656K)
[2019-12-09T02:51:39.876+0000][1][gc,heap      ] GC(2) CMS: 7027K->7027K(174784K)
[2019-12-09T02:51:39.876+0000][1][gc,metaspace ] GC(2) Metaspace: 14874K->14874K(1062912K)
[2019-12-09T02:51:39.876+0000][1][gc           ] GC(2) Pause Young (Allocation Failure) 79M->9M(247M) 71.187ms
[2019-12-09T02:51:39.876+0000][1][gc,cpu       ] GC(2) User=0.01s Sys=0.00s Real=0.07s
[2019-12-09T02:51:39.876+0000][1][safepoint    ] Leaving safepoint region
[2019-12-09T02:51:39.876+0000][1][safepoint    ] Total time for which application threads were stopped: 0.0713285 seconds, Stopping threads took: 0.0000167 seconds
[2019-12-09T02:51:39.881+0000][1][safepoint    ] Application time: 0.0045810 seconds
[2019-12-09T02:51:39.881+0000][1][safepoint    ] Entering safepoint region: RevokeBias
[2019-12-09T02:51:39.881+0000][1][safepoint    ] Leaving safepoint region
[2019-12-09T02:51:39.881+0000][1][safepoint    ] Total time for which application threads were stopped: 0.0000962 seconds, Stopping threads took: 0.0000118 seconds
[2019-12-09T02:51:39.884+0000][1][safepoint    ] Application time: 0.0029836 seconds
[2019-12-09T02:51:39.886+0000][1][safepoint    ] Entering safepoint region: RevokeBias
[2019-12-09T02:51:39.886+0000][1][safepoint    ] Leaving safepoint region
[2019-12-09T02:51:39.886+0000][1][safepoint    ] Total time for which application threads were stopped: 0.0020330 seconds, Stopping threads took: 0.0019605 seconds
[2019-12-09T02:51:39.886+0000][1][safepoint    ] Application time: 0.0000642 seconds
[2019-12-09T02:51:39.886+0000][1][safepoint    ] Entering safepoint region: RevokeBias
[2019-12-09T02:51:39.886+0000][1][safepoint    ] Leaving safepoint region
[2019-12-09T02:51:39.886+0000][1][safepoint    ] Total time for which application threads were stopped: 0.0000493 seconds, Stopping threads took: 0.0000079 seconds
[2019-12-09T02:51:39.886+0000][1][safepoint    ] Application time: 0.0000329 seconds
[2019-12-09T02:51:39.886+0000][1][safepoint    ] Entering safepoint region: RevokeBias
[2019-12-09T02:51:39.886+0000][1][safepoint    ] Leaving safepoint region
[2019-12-09T02:51:39.886+0000][1][safepoint    ] Total time for which application threads were stopped: 0.0000397 seconds, Stopping threads took: 0.0000073 seconds
[2019-12-09T02:51:39.886+0000][1][safepoint    ] Application time: 0.0000359 seconds
[2019-12-09T02:51:39.886+0000][1][safepoint    ] Entering safepoint region: RevokeBias
[2019-12-09T02:51:39.886+0000][1][safepoint    ] Leaving safepoint region
[2019-12-09T02:51:39.886+0000][1][safepoint    ] Total time for which application threads were stopped: 0.0000412 seconds, Stopping threads took: 0.0000073 seconds
[2019-12-09T02:51:39.886+0000][1][safepoint    ] Application time: 0.0000309 seconds
[2019-12-09T02:51:39.886+0000][1][safepoint    ] Entering safepoint region: RevokeBias
[2019-12-09T02:51:39.886+0000][1][safepoint    ] Leaving safepoint region
[2019-12-09T02:51:39.886+0000][1][safepoint    ] Total time for which application threads were stopped: 0.0000383 seconds, Stopping threads took: 0.0000072 seconds
[2019-12-09T02:51:39.886+0000][1][safepoint    ] Application time: 0.0000356 seconds
[2019-12-09T02:51:39.886+0000][1][safepoint    ] Entering safepoint region: RevokeBias
[2019-12-09T02:51:39.886+0000][1][safepoint    ] Leaving safepoint region
[2019-12-09T02:51:39.886+0000][1][safepoint    ] Total time for which application threads were stopped: 0.0000386 seconds, Stopping threads took: 0.0000070 seconds
[2019-12-09T02:51:39.886+0000][1][safepoint    ] Application time: 0.0000310 seconds
[2019-12-09T02:51:39.886+0000][1][safepoint    ] Entering safepoint region: RevokeBias
[2019-12-09T02:51:39.886+0000][1][safepoint    ] Leaving safepoint region
[2019-12-09T02:51:39.886+0000][1][safepoint    ] Total time for which application threads were stopped: 0.0000486 seconds, Stopping threads took: 0.0000159 seconds
[2019-12-09T02:51:39.886+0000][1][safepoint    ] Application time: 0.0000356 seconds
[2019-12-09T02:51:39.886+0000][1][safepoint    ] Entering safepoint region: RevokeBias
[2019-12-09T02:51:39.886+0000][1][safepoint    ] Leaving safepoint region
[2019-12-09T02:51:39.886+0000][1][safepoint    ] Total time for which application threads were stopped: 0.0000385 seconds, Stopping threads took: 0.0000070 seconds
[2019-12-09T02:51:39.886+0000][1][safepoint    ] Application time: 0.0000307 seconds
[2019-12-09T02:51:39.886+0000][1][safepoint    ] Entering safepoint region: RevokeBias
[2019-12-09T02:51:39.887+0000][1][safepoint    ] Leaving safepoint region
[2019-12-09T02:51:39.887+0000][1][safepoint    ] Total time for which application threads were stopped: 0.0000371 seconds, Stopping threads took: 0.0000071 seconds
[2019-12-09T02:51:39.887+0000][1][safepoint    ] Application time: 0.0000337 seconds
[2019-12-09T02:51:39.887+0000][1][safepoint    ] Entering safepoint region: RevokeBias
[2019-12-09T02:51:39.887+0000][1][safepoint    ] Leaving safepoint region
[2019-12-09T02:51:39.887+0000][1][safepoint    ] Total time for which application threads were stopped: 0.0000376 seconds, Stopping threads took: 0.0000071 seconds
[2019-12-09T02:51:39.887+0000][1][safepoint    ] Application time: 0.0000306 seconds
[2019-12-09T02:51:39.887+0000][1][safepoint    ] Entering safepoint region: RevokeBias
[2019-12-09T02:51:39.887+0000][1][safepoint    ] Leaving safepoint region
[2019-12-09T02:51:39.887+0000][1][safepoint    ] Total time for which application threads were stopped: 0.0000563 seconds, Stopping threads took: 0.0000069 seconds
[2019-12-09T02:51:39.887+0000][1][safepoint    ] Application time: 0.0000357 seconds
[2019-12-09T02:51:39.887+0000][1][safepoint    ] Entering safepoint region: RevokeBias
[2019-12-09T02:51:39.887+0000][1][safepoint    ] Leaving safepoint region
[2019-12-09T02:51:39.887+0000][1][safepoint    ] Total time for which application threads were stopped: 0.0000363 seconds, Stopping threads took: 0.0000069 seconds
[2019-12-09T02:51:39.887+0000][1][safepoint    ] Application time: 0.0000303 seconds
[2019-12-09T02:51:39.887+0000][1][safepoint    ] Entering safepoint region: RevokeBias
[2019-12-09T02:51:39.887+0000][1][safepoint    ] Leaving safepoint region
[2019-12-09T02:51:39.887+0000][1][safepoint    ] Total time for which application threads were stopped: 0.0000333 seconds, Stopping threads took: 0.0000065 seconds
[2019-12-09T02:51:39.887+0000][1][safepoint    ] Application time: 0.0000337 seconds
[2019-12-09T02:51:39.887+0000][1][safepoint    ] Entering safepoint region: RevokeBias
[2019-12-09T02:51:39.887+0000][1][safepoint    ] Leaving safepoint region
[2019-12-09T02:51:39.887+0000][1][safepoint    ] Total time for which application threads were stopped: 0.0000384 seconds, Stopping threads took: 0.0000070 seconds
[2019-12-09T02:51:39.887+0000][1][safepoint    ] Application time: 0.0000306 seconds
[2019-12-09T02:51:39.887+0000][1][safepoint    ] Entering safepoint region: RevokeBias
[2019-12-09T02:51:39.887+0000][1][safepoint    ] Leaving safepoint region
[2019-12-09T02:51:39.887+0000][1][safepoint    ] Total time for which application threads were stopped: 0.0000375 seconds, Stopping threads took: 0.0000070 seconds
[2019-12-09T02:51:39.887+0000][1][safepoint    ] Application time: 0.0000338 seconds
[2019-12-09T02:51:39.887+0000][1][safepoint    ] Entering safepoint region: RevokeBias
[2019-12-09T02:51:39.887+0000][1][safepoint    ] Leaving safepoint region
[2019-12-09T02:51:39.887+0000][1][safepoint    ] Total time for which application threads were stopped: 0.0000378 seconds, Stopping threads took: 0.0000072 seconds
[2019-12-09T02:51:39.887+0000][1][safepoint    ] Application time: 0.0000304 seconds
[2019-12-09T02:51:39.887+0000][1][safepoint    ] Entering safepoint region: RevokeBias
[2019-12-09T02:51:39.887+0000][1][safepoint    ] Leaving safepoint region
[2019-12-09T02:51:39.887+0000][1][safepoint    ] Total time for which application threads were stopped: 0.0000437 seconds, Stopping threads took: 0.0000133 seconds
[2019-12-09T02:51:40.919+0000][1][safepoint    ] Application time: 1.0315356 seconds
[2019-12-09T02:51:40.919+0000][1][safepoint    ] Entering safepoint region: Deoptimize
[2019-12-09T02:51:40.919+0000][1][safepoint    ] Leaving safepoint region
[2019-12-09T02:51:40.919+0000][1][safepoint    ] Total time for which application threads were stopped: 0.0005006 seconds, Stopping threads took: 0.0000141 seconds
[2019-12-09T02:51:40.920+0000][1][safepoint    ] Application time: 0.0006057 seconds
[2019-12-09T02:51:40.920+0000][1][safepoint    ] Entering safepoint region: Deoptimize
[2019-12-09T02:51:40.920+0000][1][safepoint    ] Leaving safepoint region
[2019-12-09T02:51:40.920+0000][1][safepoint    ] Total time for which application threads were stopped: 0.0003373 seconds, Stopping threads took: 0.0000114 seconds
[2019-12-09T02:51:41.922+0000][1][safepoint    ] Application time: 1.0014227 seconds
[2019-12-09T02:51:41.958+0000][1][safepoint    ] Entering safepoint region: Cleanup
[2019-12-09T02:51:41.958+0000][1][safepoint    ] Leaving safepoint region
[2019-12-09T02:51:41.958+0000][1][safepoint    ] Total time for which application threads were stopped: 0.0364724 seconds, Stopping threads took: 0.0364038 seconds
[2019-12-09T02:51:42.883+0000][1][safepoint    ] Application time: 0.9244727 seconds
[2019-12-09T02:51:42.883+0000][1][safepoint    ] Entering safepoint region: GenCollectForAllocation
[2019-12-09T02:51:42.883+0000][1][gc,start     ] GC(3) Pause Young (Allocation Failure)
[2019-12-09T02:51:42.883+0000][1][gc,task      ] GC(3) Using 2 workers of 2 for evacuation
[2019-12-09T02:51:43.034+0000][1][gc,age       ] GC(3) Desired survivor size 4456448 bytes, new threshold 3 (max threshold 6)
[2019-12-09T02:51:43.034+0000][1][gc,age       ] GC(3) Age table with threshold 3 (max threshold 6)
[2019-12-09T02:51:43.034+0000][1][gc,age       ] GC(3) - age   1:    3202080 bytes,    3202080 total
[2019-12-09T02:51:43.034+0000][1][gc,age       ] GC(3) - age   2:    1065056 bytes,    4267136 total
[2019-12-09T02:51:43.034+0000][1][gc,age       ] GC(3) - age   3:     923016 bytes,    5190152 total
[2019-12-09T02:51:43.034+0000][1][gc,heap      ] GC(3) ParNew: 72284K->5722K(78656K)
[2019-12-09T02:51:43.034+0000][1][gc,heap      ] GC(3) CMS: 7027K->7027K(174784K)
[2019-12-09T02:51:43.034+0000][1][gc,metaspace ] GC(3) Metaspace: 18411K->18411K(1067008K)
[2019-12-09T02:51:43.034+0000][1][gc           ] GC(3) Pause Young (Allocation Failure) 77M->12M(247M) 151.087ms
[2019-12-09T02:51:43.034+0000][1][gc,cpu       ] GC(3) User=0.04s Sys=0.00s Real=0.15s
[2019-12-09T02:51:43.034+0000][1][safepoint    ] Leaving safepoint region
[2019-12-09T02:51:43.034+0000][1][safepoint    ] Total time for which application threads were stopped: 0.1512384 seconds, Stopping threads took: 0.0000120 seconds
[2019-12-09T02:51:43.044+0000][1][safepoint    ] Application time: 0.0098031 seconds
[2019-12-09T02:51:43.153+0000][1][safepoint    ] Entering safepoint region: BulkRevokeBias
[2019-12-09T02:51:43.153+0000][1][safepoint    ] Leaving safepoint region
[2019-12-09T02:51:43.153+0000][1][safepoint    ] Total time for which application threads were stopped: 0.1091364 seconds, Stopping threads took: 0.1090053 seconds
[2019-12-09T02:51:43.160+0000][1][safepoint    ] Application time: 0.0074434 seconds
[2019-12-09T02:51:43.160+0000][1][safepoint    ] Entering safepoint region: RevokeBias
[2019-12-09T02:51:43.161+0000][1][safepoint    ] Leaving safepoint region
[2019-12-09T02:51:43.161+0000][1][safepoint    ] Total time for which application threads were stopped: 0.0001053 seconds, Stopping threads took: 0.0000411 seconds
[2019-12-09T02:51:43.161+0000][1][safepoint    ] Application time: 0.0000588 seconds
[2019-12-09T02:51:43.161+0000][1][safepoint    ] Entering safepoint region: RevokeBias
[2019-12-09T02:51:43.161+0000][1][safepoint    ] Leaving safepoint region
[2019-12-09T02:51:43.161+0000][1][safepoint    ] Total time for which application threads were stopped: 0.0000744 seconds, Stopping threads took: 0.0000162 seconds
[2019-12-09T02:51:43.161+0000][1][safepoint    ] Application time: 0.0001743 seconds
[2019-12-09T02:51:43.161+0000][1][safepoint    ] Entering safepoint region: RevokeBias
[2019-12-09T02:51:43.161+0000][1][safepoint    ] Leaving safepoint region
[2019-12-09T02:51:43.161+0000][1][safepoint    ] Total time for which application threads were stopped: 0.0000538 seconds, Stopping threads took: 0.0000090 seconds
[2019-12-09T02:51:43.161+0000][1][safepoint    ] Application time: 0.0000376 seconds
[2019-12-09T02:51:43.161+0000][1][safepoint    ] Entering safepoint region: RevokeBias
[2019-12-09T02:51:43.161+0000][1][safepoint    ] Leaving safepoint region
[2019-12-09T02:51:43.161+0000][1][safepoint    ] Total time for which application threads were stopped: 0.0000491 seconds, Stopping threads took: 0.0000082 seconds
[2019-12-09T02:51:43.161+0000][1][safepoint    ] Application time: 0.0000425 seconds
[2019-12-09T02:51:43.161+0000][1][safepoint    ] Entering safepoint region: RevokeBias
[2019-12-09T02:51:43.161+0000][1][safepoint    ] Leaving safepoint region
[2019-12-09T02:51:43.161+0000][1][safepoint    ] Total time for which application threads were stopped: 0.0000489 seconds, Stopping threads took: 0.0000082 seconds
[2019-12-09T02:51:43.161+0000][1][safepoint    ] Application time: 0.0000358 seconds
[2019-12-09T02:51:43.161+0000][1][safepoint    ] Entering safepoint region: RevokeBias
[2019-12-09T02:51:43.161+0000][1][safepoint    ] Leaving safepoint region
[2019-12-09T02:51:43.161+0000][1][safepoint    ] Total time for which application threads were stopped: 0.0000477 seconds, Stopping threads took: 0.0000081 seconds
[2019-12-09T02:51:44.173+0000][1][safepoint    ] Application time: 1.0114423 seconds
[2019-12-09T02:51:44.194+0000][1][safepoint    ] Entering safepoint region: Cleanup
[2019-12-09T02:51:44.194+0000][1][safepoint    ] Leaving safepoint region
[2019-12-09T02:51:44.194+0000][1][safepoint    ] Total time for which application threads were stopped: 0.0210686 seconds, Stopping threads took: 0.0209913 seconds
[2019-12-09T02:51:44.361+0000][1][safepoint    ] Application time: 0.1669083 seconds
[2019-12-09T02:51:44.361+0000][1][safepoint    ] Entering safepoint region: GenCollectForAllocation
[2019-12-09T02:51:44.361+0000][1][gc,start     ] GC(4) Pause Young (Allocation Failure)
[2019-12-09T02:51:44.361+0000][1][gc,task      ] GC(4) Using 2 workers of 2 for evacuation
[2019-12-09T02:51:44.536+0000][1][gc,age       ] GC(4) Desired survivor size 4456448 bytes, new threshold 2 (max threshold 6)
[2019-12-09T02:51:44.536+0000][1][gc,age       ] GC(4) Age table with threshold 2 (max threshold 6)
[2019-12-09T02:51:44.536+0000][1][gc,age       ] GC(4) - age   1:    2047592 bytes,    2047592 total
[2019-12-09T02:51:44.536+0000][1][gc,age       ] GC(4) - age   2:    2672960 bytes,    4720552 total
[2019-12-09T02:51:44.536+0000][1][gc,age       ] GC(4) - age   3:    1065056 bytes,    5785608 total
[2019-12-09T02:51:44.536+0000][1][gc,heap      ] GC(4) ParNew: 75674K->6094K(78656K)
[2019-12-09T02:51:44.536+0000][1][gc,heap      ] GC(4) CMS: 7027K->7942K(174784K)
[2019-12-09T02:51:44.536+0000][1][gc,metaspace ] GC(4) Metaspace: 18643K->18643K(1067008K)
[2019-12-09T02:51:44.536+0000][1][gc           ] GC(4) Pause Young (Allocation Failure) 80M->13M(247M) 174.862ms
[2019-12-09T02:51:44.536+0000][1][gc,cpu       ] GC(4) User=0.04s Sys=0.00s Real=0.18s
[2019-12-09T02:51:44.536+0000][1][safepoint    ] Leaving safepoint region
[2019-12-09T02:51:44.536+0000][1][safepoint    ] Total time for which application threads were stopped: 0.1749893 seconds, Stopping threads took: 0.0000125 seconds
[2019-12-09T02:51:44.554+0000][1][safepoint    ] Application time: 0.0179440 seconds
[2019-12-09T02:51:44.619+0000][1][safepoint    ] Entering safepoint region: RevokeBias
[2019-12-09T02:51:44.619+0000][1][safepoint    ] Leaving safepoint region
[2019-12-09T02:51:44.619+0000][1][safepoint    ] Total time for which application threads were stopped: 0.0653165 seconds, Stopping threads took: 0.0651704 seconds
[2019-12-09T02:51:44.628+0000][1][safepoint    ] Application time: 0.0085232 seconds
[2019-12-09T02:51:44.628+0000][1][safepoint    ] Entering safepoint region: Deoptimize
[2019-12-09T02:51:44.628+0000][1][safepoint    ] Leaving safepoint region
[2019-12-09T02:51:44.628+0000][1][safepoint    ] Total time for which application threads were stopped: 0.0004089 seconds, Stopping threads took: 0.0000104 seconds
[2019-12-09T02:51:44.651+0000][1][safepoint    ] Application time: 0.0230631 seconds
[2019-12-09T02:51:44.651+0000][1][safepoint    ] Entering safepoint region: RevokeBias
[2019-12-09T02:51:44.651+0000][1][safepoint    ] Leaving safepoint region
[2019-12-09T02:51:44.651+0000][1][safepoint    ] Total time for which application threads were stopped: 0.0001803 seconds, Stopping threads took: 0.0000122 seconds
[2019-12-09T02:51:44.662+0000][1][safepoint    ] Application time: 0.0103980 seconds
[2019-12-09T02:51:44.662+0000][1][safepoint    ] Entering safepoint region: RevokeBias
[2019-12-09T02:51:44.662+0000][1][safepoint    ] Leaving safepoint region
[2019-12-09T02:51:44.662+0000][1][safepoint    ] Total time for which application threads were stopped: 0.0000970 seconds, Stopping threads took: 0.0000107 seconds
[2019-12-09T02:51:44.704+0000][1][safepoint    ] Application time: 0.0418710 seconds
[2019-12-09T02:51:44.821+0000][1][safepoint    ] Entering safepoint region: RevokeBias
[2019-12-09T02:51:44.821+0000][1][safepoint    ] Leaving safepoint region
[2019-12-09T02:51:44.821+0000][1][safepoint    ] Total time for which application threads were stopped: 0.1172964 seconds, Stopping threads took: 0.1171914 seconds
[2019-12-09T02:51:45.066+0000][1][safepoint    ] Application time: 0.2446787 seconds
[2019-12-09T02:51:45.066+0000][1][safepoint    ] Entering safepoint region: Deoptimize
[2019-12-09T02:51:45.066+0000][1][safepoint    ] Leaving safepoint region
[2019-12-09T02:51:45.066+0000][1][safepoint    ] Total time for which application threads were stopped: 0.0004207 seconds, Stopping threads took: 0.0000124 seconds
[2019-12-09T02:51:45.110+0000][1][safepoint    ] Application time: 0.0442143 seconds
[2019-12-09T02:51:45.110+0000][1][safepoint    ] Entering safepoint region: RevokeBias
[2019-12-09T02:51:45.111+0000][1][safepoint    ] Leaving safepoint region
[2019-12-09T02:51:45.111+0000][1][safepoint    ] Total time for which application threads were stopped: 0.0000852 seconds, Stopping threads took: 0.0000148 seconds
[2019-12-09T02:51:45.154+0000][1][safepoint    ] Application time: 0.0434356 seconds
[2019-12-09T02:51:45.154+0000][1][safepoint    ] Entering safepoint region: RevokeBias
[2019-12-09T02:51:45.154+0000][1][safepoint    ] Leaving safepoint region
[2019-12-09T02:51:45.154+0000][1][safepoint    ] Total time for which application threads were stopped: 0.0000734 seconds, Stopping threads took: 0.0000129 seconds
[2019-12-09T02:51:46.046+0000][1][safepoint    ] Application time: 0.8916783 seconds
[2019-12-09T02:51:46.046+0000][1][safepoint    ] Entering safepoint region: GenCollectForAllocation
[2019-12-09T02:51:46.046+0000][1][gc,start     ] GC(5) Pause Young (Allocation Failure)
[2019-12-09T02:51:46.046+0000][1][gc,task      ] GC(5) Using 2 workers of 2 for evacuation
[2019-12-09T02:51:46.206+0000][1][gc,age       ] GC(5) Desired survivor size 4456448 bytes, new threshold 6 (max threshold 6)
[2019-12-09T02:51:46.206+0000][1][gc,age       ] GC(5) Age table with threshold 6 (max threshold 6)
[2019-12-09T02:51:46.206+0000][1][gc,age       ] GC(5) - age   1:    2808920 bytes,    2808920 total
[2019-12-09T02:51:46.206+0000][1][gc,age       ] GC(5) - age   2:     442440 bytes,    3251360 total
[2019-12-09T02:51:46.206+0000][1][gc,heap      ] GC(5) ParNew: 76046K->7879K(78656K)
[2019-12-09T02:51:46.206+0000][1][gc,heap      ] GC(5) CMS: 7942K->11622K(174784K)
[2019-12-09T02:51:46.206+0000][1][gc,metaspace ] GC(5) Metaspace: 18979K->18979K(1067008K)
[2019-12-09T02:51:46.206+0000][1][gc           ] GC(5) Pause Young (Allocation Failure) 82M->19M(247M) 160.189ms
[2019-12-09T02:51:46.206+0000][1][gc,cpu       ] GC(5) User=0.02s Sys=0.00s Real=0.16s
[2019-12-09T02:51:46.206+0000][1][safepoint    ] Leaving safepoint region
[2019-12-09T02:51:46.206+0000][1][safepoint    ] Total time for which application threads were stopped: 0.1603287 seconds, Stopping threads took: 0.0000140 seconds
[2019-12-09T02:51:46.210+0000][1][safepoint    ] Application time: 0.0036860 seconds
[2019-12-09T02:51:46.257+0000][1][safepoint    ] Entering safepoint region: RevokeBias
[2019-12-09T02:51:46.257+0000][1][safepoint    ] Leaving safepoint region
[2019-12-09T02:51:46.257+0000][1][safepoint    ] Total time for which application threads were stopped: 0.0470416 seconds, Stopping threads took: 0.0469700 seconds
[2019-12-09T02:51:46.257+0000][1][safepoint    ] Application time: 0.0000737 seconds
[2019-12-09T02:51:46.257+0000][1][safepoint    ] Entering safepoint region: RevokeBias
[2019-12-09T02:51:46.257+0000][1][safepoint    ] Leaving safepoint region
[2019-12-09T02:51:46.257+0000][1][safepoint    ] Total time for which application threads were stopped: 0.0000496 seconds, Stopping threads took: 0.0000089 seconds
[2019-12-09T02:51:46.257+0000][1][safepoint    ] Application time: 0.0000677 seconds
[2019-12-09T02:51:46.257+0000][1][safepoint    ] Entering safepoint region: RevokeBias
[2019-12-09T02:51:46.257+0000][1][safepoint    ] Leaving safepoint region
[2019-12-09T02:51:46.257+0000][1][safepoint    ] Total time for which application threads were stopped: 0.0000533 seconds, Stopping threads took: 0.0000090 seconds
[2019-12-09T02:51:46.257+0000][1][safepoint    ] Application time: 0.0000533 seconds
[2019-12-09T02:51:46.257+0000][1][safepoint    ] Entering safepoint region: RevokeBias
[2019-12-09T02:51:46.257+0000][1][safepoint    ] Leaving safepoint region
[2019-12-09T02:51:46.257+0000][1][safepoint    ] Total time for which application threads were stopped: 0.0000471 seconds, Stopping threads took: 0.0000080 seconds
[2019-12-09T02:51:46.257+0000][1][safepoint    ] Application time: 0.0000579 seconds
[2019-12-09T02:51:46.257+0000][1][safepoint    ] Entering safepoint region: RevokeBias
[2019-12-09T02:51:46.257+0000][1][safepoint    ] Leaving safepoint region
[2019-12-09T02:51:46.257+0000][1][safepoint    ] Total time for which application threads were stopped: 0.0000463 seconds, Stopping threads took: 0.0000082 seconds
[2019-12-09T02:51:46.257+0000][1][safepoint    ] Application time: 0.0000517 seconds
[2019-12-09T02:51:46.257+0000][1][safepoint    ] Entering safepoint region: RevokeBias
[2019-12-09T02:51:46.258+0000][1][safepoint    ] Leaving safepoint region
[2019-12-09T02:51:46.258+0000][1][safepoint    ] Total time for which application threads were stopped: 0.0000467 seconds, Stopping threads took: 0.0000076 seconds
[2019-12-09T02:51:46.906+0000][1][safepoint    ] Application time: 0.6484138 seconds
[2019-12-09T02:51:46.906+0000][1][safepoint    ] Entering safepoint region: RevokeBias
[2019-12-09T02:51:46.906+0000][1][safepoint    ] Leaving safepoint region
[2019-12-09T02:51:46.906+0000][1][safepoint    ] Total time for which application threads were stopped: 0.0000783 seconds, Stopping threads took: 0.0000129 seconds
[2019-12-09T02:51:46.915+0000][1][safepoint    ] Application time: 0.0088049 seconds
[2019-12-09T02:51:46.915+0000][1][safepoint    ] Entering safepoint region: RevokeBias
[2019-12-09T02:51:46.915+0000][1][safepoint    ] Leaving safepoint region
[2019-12-09T02:51:46.915+0000][1][safepoint    ] Total time for which application threads were stopped: 0.0000589 seconds, Stopping threads took: 0.0000123 seconds
[2019-12-09T02:51:47.198+0000][1][safepoint    ] Application time: 0.2830395 seconds
[2019-12-09T02:51:47.198+0000][1][safepoint    ] Entering safepoint region: GenCollectForAllocation
[2019-12-09T02:51:47.198+0000][1][gc,start     ] GC(6) Pause Young (Allocation Failure)
[2019-12-09T02:51:47.198+0000][1][gc,task      ] GC(6) Using 2 workers of 2 for evacuation
[2019-12-09T02:51:47.267+0000][1][gc,age       ] GC(6) Desired survivor size 4456448 bytes, new threshold 6 (max threshold 6)
[2019-12-09T02:51:47.267+0000][1][gc,age       ] GC(6) Age table with threshold 6 (max threshold 6)
[2019-12-09T02:51:47.267+0000][1][gc,age       ] GC(6) - age   1:    1403336 bytes,    1403336 total
[2019-12-09T02:51:47.267+0000][1][gc,age       ] GC(6) - age   2:    2191280 bytes,    3594616 total
[2019-12-09T02:51:47.267+0000][1][gc,age       ] GC(6) - age   3:     442440 bytes,    4037056 total
[2019-12-09T02:51:47.267+0000][1][gc,heap      ] GC(6) ParNew: 77831K->5008K(78656K)
[2019-12-09T02:51:47.267+0000][1][gc,heap      ] GC(6) CMS: 11622K->11622K(174784K)
[2019-12-09T02:51:47.267+0000][1][gc,metaspace ] GC(6) Metaspace: 19282K->19282K(1067008K)
[2019-12-09T02:51:47.267+0000][1][gc           ] GC(6) Pause Young (Allocation Failure) 87M->16M(247M) 68.815ms
[2019-12-09T02:51:47.267+0000][1][gc,cpu       ] GC(6) User=0.03s Sys=0.00s Real=0.07s
[2019-12-09T02:51:47.267+0000][1][safepoint    ] Leaving safepoint region
[2019-12-09T02:51:47.267+0000][1][safepoint    ] Total time for which application threads were stopped: 0.0689392 seconds, Stopping threads took: 0.0000136 seconds
[2019-12-09T02:51:47.281+0000][1][safepoint    ] Application time: 0.0138601 seconds
[2019-12-09T02:51:47.331+0000][1][safepoint    ] Entering safepoint region: RevokeBias
[2019-12-09T02:51:47.331+0000][1][safepoint    ] Leaving safepoint region
[2019-12-09T02:51:47.331+0000][1][safepoint    ] Total time for which application threads were stopped: 0.0499380 seconds, Stopping threads took: 0.0498512 seconds
[2019-12-09T02:51:47.331+0000][1][safepoint    ] Application time: 0.0000746 seconds
[2019-12-09T02:51:47.331+0000][1][safepoint    ] Entering safepoint region: RevokeBias
[2019-12-09T02:51:47.331+0000][1][safepoint    ] Leaving safepoint region
[2019-12-09T02:51:47.331+0000][1][safepoint    ] Total time for which application threads were stopped: 0.0000489 seconds, Stopping threads took: 0.0000082 seconds
[2019-12-09T02:51:47.331+0000][1][safepoint    ] Application time: 0.0000616 seconds
[2019-12-09T02:51:47.331+0000][1][safepoint    ] Entering safepoint region: BulkRevokeBias
[2019-12-09T02:51:47.331+0000][1][safepoint    ] Leaving safepoint region
[2019-12-09T02:51:47.331+0000][1][safepoint    ] Total time for which application threads were stopped: 0.0000739 seconds, Stopping threads took: 0.0000077 seconds
[2019-12-09T02:51:47.331+0000][1][safepoint    ] Application time: 0.0000488 seconds
[2019-12-09T02:51:47.331+0000][1][safepoint    ] Entering safepoint region: BulkRevokeBias
[2019-12-09T02:51:47.331+0000][1][safepoint    ] Leaving safepoint region
[2019-12-09T02:51:47.331+0000][1][safepoint    ] Total time for which application threads were stopped: 0.0000656 seconds, Stopping threads took: 0.0000074 seconds
[2019-12-09T02:51:48.317+0000][1][safepoint    ] Application time: 0.9857724 seconds
[2019-12-09T02:51:48.317+0000][1][safepoint    ] Entering safepoint region: GenCollectForAllocation
[2019-12-09T02:51:48.317+0000][1][gc,start     ] GC(7) Pause Young (Allocation Failure)
[2019-12-09T02:51:48.317+0000][1][gc,task      ] GC(7) Using 2 workers of 2 for evacuation
[2019-12-09T02:51:48.375+0000][1][gc,age       ] GC(7) Desired survivor size 4456448 bytes, new threshold 6 (max threshold 6)
[2019-12-09T02:51:48.375+0000][1][gc,age       ] GC(7) Age table with threshold 6 (max threshold 6)
[2019-12-09T02:51:48.375+0000][1][gc,age       ] GC(7) - age   1:     378024 bytes,     378024 total
[2019-12-09T02:51:48.375+0000][1][gc,age       ] GC(7) - age   2:    1128824 bytes,    1506848 total
[2019-12-09T02:51:48.375+0000][1][gc,age       ] GC(7) - age   3:    2191200 bytes,    3698048 total
[2019-12-09T02:51:48.375+0000][1][gc,age       ] GC(7) - age   4:     442440 bytes,    4140488 total
[2019-12-09T02:51:48.375+0000][1][gc,heap      ] GC(7) ParNew: 74960K->5374K(78656K)
[2019-12-09T02:51:48.375+0000][1][gc,heap      ] GC(7) CMS: 11622K->11622K(174784K)
[2019-12-09T02:51:48.375+0000][1][gc,metaspace ] GC(7) Metaspace: 19561K->19561K(1067008K)
[2019-12-09T02:51:48.375+0000][1][gc           ] GC(7) Pause Young (Allocation Failure) 84M->16M(247M) 57.822ms
[2019-12-09T02:51:48.375+0000][1][gc,cpu       ] GC(7) User=0.01s Sys=0.00s Real=0.06s
[2019-12-09T02:51:48.375+0000][1][safepoint    ] Leaving safepoint region
[2019-12-09T02:51:48.375+0000][1][safepoint    ] Total time for which application threads were stopped: 0.0579542 seconds, Stopping threads took: 0.0000120 seconds
[2019-12-09T02:51:49.195+0000][1][safepoint    ] Application time: 0.8202970 seconds
[2019-12-09T02:51:49.195+0000][1][safepoint    ] Entering safepoint region: CollectForMetadataAllocation
[2019-12-09T02:51:49.196+0000][1][safepoint    ] Leaving safepoint region
[2019-12-09T02:51:49.196+0000][1][safepoint    ] Total time for which application threads were stopped: 0.0002624 seconds, Stopping threads took: 0.0000131 seconds
[2019-12-09T02:51:49.353+0000][1][safepoint    ] Application time: 0.1569726 seconds
[2019-12-09T02:51:49.353+0000][1][safepoint    ] Entering safepoint region: CollectForMetadataAllocation
[2019-12-09T02:51:49.353+0000][1][safepoint    ] Leaving safepoint region
[2019-12-09T02:51:49.353+0000][1][safepoint    ] Total time for which application threads were stopped: 0.0002951 seconds, Stopping threads took: 0.0000139 seconds
[2019-12-09T02:51:50.040+0000][1][safepoint    ] Application time: 0.6873752 seconds
[2019-12-09T02:51:50.040+0000][1][safepoint    ] Entering safepoint region: GenCollectForAllocation
[2019-12-09T02:51:50.040+0000][1][gc,start     ] GC(8) Pause Young (Allocation Failure)
[2019-12-09T02:51:50.040+0000][1][gc,task      ] GC(8) Using 2 workers of 2 for evacuation
[2019-12-09T02:51:50.149+0000][1][gc,age       ] GC(8) Desired survivor size 4456448 bytes, new threshold 4 (max threshold 6)
[2019-12-09T02:51:50.149+0000][1][gc,age       ] GC(8) Age table with threshold 4 (max threshold 6)
[2019-12-09T02:51:50.149+0000][1][gc,age       ] GC(8) - age   1:    1531200 bytes,    1531200 total
[2019-12-09T02:51:50.149+0000][1][gc,age       ] GC(8) - age   2:     360256 bytes,    1891456 total
[2019-12-09T02:51:50.149+0000][1][gc,age       ] GC(8) - age   3:    1128680 bytes,    3020136 total
[2019-12-09T02:51:50.149+0000][1][gc,age       ] GC(8) - age   4:    2188984 bytes,    5209120 total
[2019-12-09T02:51:50.149+0000][1][gc,age       ] GC(8) - age   5:     442440 bytes,    5651560 total
[2019-12-09T02:51:50.149+0000][1][gc,heap      ] GC(8) ParNew: 75326K->7856K(78656K)
[2019-12-09T02:51:50.149+0000][1][gc,heap      ] GC(8) CMS: 11622K->11622K(174784K)
[2019-12-09T02:51:50.149+0000][1][gc,metaspace ] GC(8) Metaspace: 20363K->20363K(1069056K)
[2019-12-09T02:51:50.149+0000][1][gc           ] GC(8) Pause Young (Allocation Failure) 84M->19M(247M) 108.561ms
[2019-12-09T02:51:50.149+0000][1][gc,cpu       ] GC(8) User=0.03s Sys=0.01s Real=0.11s
[2019-12-09T02:51:50.149+0000][1][safepoint    ] Leaving safepoint region
[2019-12-09T02:51:50.149+0000][1][safepoint    ] Total time for which application threads were stopped: 0.1087146 seconds, Stopping threads took: 0.0000136 seconds
[2019-12-09T02:51:50.163+0000][1][safepoint    ] Application time: 0.0137132 seconds
[2019-12-09T02:51:50.206+0000][1][safepoint    ] Entering safepoint region: CMS_Initial_Mark
[2019-12-09T02:51:50.206+0000][1][gc,start     ] GC(9) Pause Initial Mark
[2019-12-09T02:51:50.210+0000][1][gc           ] GC(9) Pause Initial Mark 20M->20M(247M) 3.766ms
[2019-12-09T02:51:50.210+0000][1][gc,cpu       ] GC(9) User=0.00s Sys=0.00s Real=0.00s
[2019-12-09T02:51:50.210+0000][1][safepoint    ] Leaving safepoint region
[2019-12-09T02:51:50.210+0000][1][safepoint    ] Total time for which application threads were stopped: 0.0468822 seconds, Stopping threads took: 0.0430100 seconds
[2019-12-09T02:51:50.210+0000][1][gc           ] GC(9) Concurrent Mark
[2019-12-09T02:51:50.276+0000][1][gc           ] GC(9) Concurrent Mark 65.806ms
[2019-12-09T02:51:50.276+0000][1][gc,cpu       ] GC(9) User=0.03s Sys=0.00s Real=0.07s
[2019-12-09T02:51:50.276+0000][1][gc           ] GC(9) Concurrent Preclean
[2019-12-09T02:51:50.276+0000][1][gc           ] GC(9) Concurrent Preclean 0.490ms
[2019-12-09T02:51:50.276+0000][1][gc,cpu       ] GC(9) User=0.00s Sys=0.00s Real=0.00s
[2019-12-09T02:51:50.276+0000][1][gc           ] GC(9) Concurrent Abortable Preclean
[2019-12-09T02:51:51.276+0000][1][safepoint    ] Application time: 1.0664139 seconds
[2019-12-09T02:51:51.276+0000][1][safepoint    ] Entering safepoint region: GenCollectForAllocation
[2019-12-09T02:51:51.276+0000][1][gc,start     ] GC(10) Pause Young (Allocation Failure)
[2019-12-09T02:51:51.276+0000][1][gc,task      ] GC(10) Using 2 workers of 2 for evacuation
[2019-12-09T02:51:51.340+0000][1][gc,age       ] GC(10) Desired survivor size 4456448 bytes, new threshold 6 (max threshold 6)
[2019-12-09T02:51:51.340+0000][1][gc,age       ] GC(10) Age table with threshold 6 (max threshold 6)
[2019-12-09T02:51:51.340+0000][1][gc,age       ] GC(10) - age   1:     788856 bytes,     788856 total
[2019-12-09T02:51:51.340+0000][1][gc,age       ] GC(10) - age   2:     650616 bytes,    1439472 total
[2019-12-09T02:51:51.340+0000][1][gc,age       ] GC(10) - age   3:     360256 bytes,    1799728 total
[2019-12-09T02:51:51.340+0000][1][gc,age       ] GC(10) - age   4:    1128680 bytes,    2928408 total
[2019-12-09T02:51:51.340+0000][1][gc,heap      ] GC(10) ParNew: 77808K->5121K(78656K)
[2019-12-09T02:51:51.340+0000][1][gc,heap      ] GC(10) CMS: 11622K->14220K(174784K)
[2019-12-09T02:51:51.340+0000][1][gc,metaspace ] GC(10) Metaspace: 20475K->20475K(1069056K)
[2019-12-09T02:51:51.340+0000][1][gc           ] GC(10) Pause Young (Allocation Failure) 87M->18M(247M) 63.485ms
[2019-12-09T02:51:51.340+0000][1][gc,cpu       ] GC(10) User=0.02s Sys=0.00s Real=0.06s
[2019-12-09T02:51:51.340+0000][1][safepoint    ] Leaving safepoint region
[2019-12-09T02:51:51.340+0000][1][safepoint    ] Total time for which application threads were stopped: 0.0636081 seconds, Stopping threads took: 0.0000138 seconds
[2019-12-09T02:51:52.172+0000][1][gc           ] GC(9) Concurrent Abortable Preclean 1895.566ms
[2019-12-09T02:51:52.172+0000][1][gc,cpu       ] GC(9) User=0.59s Sys=0.00s Real=1.89s
[2019-12-09T02:51:52.172+0000][1][safepoint    ] Application time: 0.8320025 seconds
[2019-12-09T02:51:52.173+0000][1][safepoint    ] Entering safepoint region: CMS_Final_Remark
[2019-12-09T02:51:52.173+0000][1][gc,start     ] GC(9) Pause Remark
[2019-12-09T02:51:52.310+0000][1][gc           ] GC(9) Pause Remark 68M->68M(247M) 136.995ms
[2019-12-09T02:51:52.310+0000][1][gc,cpu       ] GC(9) User=0.03s Sys=0.00s Real=0.14s
[2019-12-09T02:51:52.310+0000][1][safepoint    ] Leaving safepoint region
[2019-12-09T02:51:52.310+0000][1][safepoint    ] Total time for which application threads were stopped: 0.1379137 seconds, Stopping threads took: 0.0007901 seconds
[2019-12-09T02:51:52.312+0000][1][gc           ] GC(9) Concurrent Sweep
[2019-12-09T02:51:52.366+0000][1][gc           ] GC(9) Concurrent Sweep 54.480ms
[2019-12-09T02:51:52.366+0000][1][gc,cpu       ] GC(9) User=0.02s Sys=0.00s Real=0.06s
[2019-12-09T02:51:52.366+0000][1][gc           ] GC(9) Concurrent Reset
[2019-12-09T02:51:52.367+0000][1][gc           ] GC(9) Concurrent Reset 0.293ms
[2019-12-09T02:51:52.367+0000][1][gc,cpu       ] GC(9) User=0.00s Sys=0.00s Real=0.00s
[2019-12-09T02:51:52.367+0000][1][gc,heap      ] GC(9) Old: 11622K->14195K(174784K)
[2019-12-09T02:51:52.575+0000][1][safepoint    ] Application time: 0.2650002 seconds
[2019-12-09T02:51:52.575+0000][1][safepoint    ] Entering safepoint region: GenCollectForAllocation
[2019-12-09T02:51:52.575+0000][1][gc,start     ] GC(11) Pause Young (Allocation Failure)
[2019-12-09T02:51:52.575+0000][1][gc,task      ] GC(11) Using 2 workers of 2 for evacuation
[2019-12-09T02:51:52.657+0000][1][gc,age       ] GC(11) Desired survivor size 4456448 bytes, new threshold 6 (max threshold 6)
[2019-12-09T02:51:52.657+0000][1][gc,age       ] GC(11) Age table with threshold 6 (max threshold 6)
[2019-12-09T02:51:52.657+0000][1][gc,age       ] GC(11) - age   1:     745416 bytes,     745416 total
[2019-12-09T02:51:52.657+0000][1][gc,age       ] GC(11) - age   2:      97512 bytes,     842928 total
[2019-12-09T02:51:52.657+0000][1][gc,age       ] GC(11) - age   3:     650568 bytes,    1493496 total
[2019-12-09T02:51:52.657+0000][1][gc,age       ] GC(11) - age   4:     360152 bytes,    1853648 total
[2019-12-09T02:51:52.657+0000][1][gc,age       ] GC(11) - age   5:    1128392 bytes,    2982040 total
[2019-12-09T02:51:52.657+0000][1][gc,heap      ] GC(11) ParNew: 75073K->4833K(78656K)
[2019-12-09T02:51:52.657+0000][1][gc,heap      ] GC(11) CMS: 14195K->14195K(174784K)
[2019-12-09T02:51:52.657+0000][1][gc,metaspace ] GC(11) Metaspace: 20562K->20562K(1069056K)
[2019-12-09T02:51:52.657+0000][1][gc           ] GC(11) Pause Young (Allocation Failure) 87M->18M(247M) 81.663ms
[2019-12-09T02:51:52.657+0000][1][gc,cpu       ] GC(11) User=0.02s Sys=0.00s Real=0.08s
[2019-12-09T02:51:52.657+0000][1][safepoint    ] Leaving safepoint region
[2019-12-09T02:51:52.657+0000][1][safepoint    ] Total time for which application threads were stopped: 0.0821768 seconds, Stopping threads took: 0.0000133 seconds
[2019-12-09T02:51:53.483+0000][1][safepoint    ] Application time: 0.8255963 seconds
[2019-12-09T02:51:53.483+0000][1][safepoint    ] Entering safepoint region: Deoptimize
[2019-12-09T02:51:53.483+0000][1][safepoint    ] Leaving safepoint region
[2019-12-09T02:51:53.483+0000][1][safepoint    ] Total time for which application threads were stopped: 0.0004310 seconds, Stopping threads took: 0.0000124 seconds
[2019-12-09T02:51:54.496+0000][1][safepoint    ] Application time: 1.0127023 seconds
[2019-12-09T02:51:54.514+0000][1][safepoint    ] Entering safepoint region: Cleanup
[2019-12-09T02:51:54.514+0000][1][safepoint    ] Leaving safepoint region
[2019-12-09T02:51:54.514+0000][1][safepoint    ] Total time for which application threads were stopped: 0.0180609 seconds, Stopping threads took: 0.0179962 seconds
[2019-12-09T02:51:55.265+0000][1][safepoint    ] Application time: 0.7515490 seconds
[2019-12-09T02:51:55.265+0000][1][safepoint    ] Entering safepoint region: GenCollectForAllocation
[2019-12-09T02:51:55.265+0000][1][gc,start     ] GC(12) Pause Young (Allocation Failure)
[2019-12-09T02:51:55.266+0000][1][gc,task      ] GC(12) Using 2 workers of 2 for evacuation
[2019-12-09T02:51:55.377+0000][1][gc,age       ] GC(12) Desired survivor size 4456448 bytes, new threshold 6 (max threshold 6)
[2019-12-09T02:51:55.377+0000][1][gc,age       ] GC(12) Age table with threshold 6 (max threshold 6)
[2019-12-09T02:51:55.377+0000][1][gc,age       ] GC(12) - age   1:     955104 bytes,     955104 total
[2019-12-09T02:51:55.377+0000][1][gc,age       ] GC(12) - age   2:     306152 bytes,    1261256 total
[2019-12-09T02:51:55.377+0000][1][gc,age       ] GC(12) - age   3:      97512 bytes,    1358768 total
[2019-12-09T02:51:55.377+0000][1][gc,age       ] GC(12) - age   4:     650504 bytes,    2009272 total
[2019-12-09T02:51:55.377+0000][1][gc,age       ] GC(12) - age   5:     360152 bytes,    2369424 total
[2019-12-09T02:51:55.377+0000][1][gc,age       ] GC(12) - age   6:    1128392 bytes,    3497816 total
[2019-12-09T02:51:55.377+0000][1][gc,heap      ] GC(12) ParNew: 74785K->4080K(78656K)
[2019-12-09T02:51:55.377+0000][1][gc,heap      ] GC(12) CMS: 14195K->14195K(174784K)
[2019-12-09T02:51:55.377+0000][1][gc,metaspace ] GC(12) Metaspace: 22591K->22591K(1071104K)
[2019-12-09T02:51:55.377+0000][1][gc           ] GC(12) Pause Young (Allocation Failure) 86M->17M(247M) 111.577ms
[2019-12-09T02:51:55.377+0000][1][gc,cpu       ] GC(12) User=0.02s Sys=0.00s Real=0.11s
[2019-12-09T02:51:55.377+0000][1][safepoint    ] Leaving safepoint region
[2019-12-09T02:51:55.377+0000][1][safepoint    ] Total time for which application threads were stopped: 0.1117372 seconds, Stopping threads took: 0.0000128 seconds
[2019-12-09T02:51:56.385+0000][1][safepoint    ] Application time: 1.0075668 seconds
[2019-12-09T02:51:56.448+0000][1][safepoint    ] Entering safepoint region: Cleanup
[2019-12-09T02:51:56.448+0000][1][safepoint    ] Leaving safepoint region
[2019-12-09T02:51:56.448+0000][1][safepoint    ] Total time for which application threads were stopped: 0.0632548 seconds, Stopping threads took: 0.0630403 seconds
[2019-12-09T02:51:56.648+0000][1][safepoint    ] Application time: 0.1997407 seconds
[2019-12-09T02:51:56.648+0000][1][safepoint    ] Entering safepoint region: Deoptimize
[2019-12-09T02:51:56.648+0000][1][safepoint    ] Leaving safepoint region
[2019-12-09T02:51:56.648+0000][1][safepoint    ] Total time for which application threads were stopped: 0.0004052 seconds, Stopping threads took: 0.0000128 seconds
[2019-12-09T02:51:57.431+0000][1][safepoint    ] Application time: 0.7825870 seconds
[2019-12-09T02:51:57.431+0000][1][safepoint    ] Entering safepoint region: Deoptimize
[2019-12-09T02:51:57.431+0000][1][safepoint    ] Leaving safepoint region
[2019-12-09T02:51:57.431+0000][1][safepoint    ] Total time for which application threads were stopped: 0.0004195 seconds, Stopping threads took: 0.0000136 seconds
[2019-12-09T02:51:57.550+0000][1][safepoint    ] Application time: 0.1188184 seconds
[2019-12-09T02:51:57.550+0000][1][safepoint    ] Entering safepoint region: Deoptimize
[2019-12-09T02:51:57.551+0000][1][safepoint    ] Leaving safepoint region
[2019-12-09T02:51:57.551+0000][1][safepoint    ] Total time for which application threads were stopped: 0.0004177 seconds, Stopping threads took: 0.0000138 seconds
[2019-12-09T02:51:57.624+0000][1][safepoint    ] Application time: 0.0731831 seconds
[2019-12-09T02:51:57.624+0000][1][safepoint    ] Entering safepoint region: Deoptimize
[2019-12-09T02:51:57.624+0000][1][safepoint    ] Leaving safepoint region
[2019-12-09T02:51:57.624+0000][1][safepoint    ] Total time for which application threads were stopped: 0.0004287 seconds, Stopping threads took: 0.0000156 seconds
[2019-12-09T02:51:57.647+0000][1][safepoint    ] Application time: 0.0228653 seconds
[2019-12-09T02:51:57.647+0000][1][safepoint    ] Entering safepoint region: RevokeBias
[2019-12-09T02:51:57.647+0000][1][safepoint    ] Leaving safepoint region
[2019-12-09T02:51:57.647+0000][1][safepoint    ] Total time for which application threads were stopped: 0.0000626 seconds, Stopping threads took: 0.0000125 seconds
[2019-12-09T02:51:58.649+0000][1][safepoint    ] Application time: 1.0015410 seconds
[2019-12-09T02:51:58.659+0000][1][safepoint    ] Entering safepoint region: Cleanup
[2019-12-09T02:51:58.659+0000][1][safepoint    ] Leaving safepoint region
[2019-12-09T02:51:58.659+0000][1][safepoint    ] Total time for which application threads were stopped: 0.0100863 seconds, Stopping threads took: 0.0100405 seconds
[2019-12-09T02:51:59.662+0000][1][safepoint    ] Application time: 1.0028632 seconds
[2019-12-09T02:51:59.675+0000][1][safepoint    ] Entering safepoint region: Cleanup
[2019-12-09T02:51:59.675+0000][1][safepoint    ] Leaving safepoint region
[2019-12-09T02:51:59.675+0000][1][safepoint    ] Total time for which application threads were stopped: 0.0132466 seconds, Stopping threads took: 0.0129898 seconds
[2019-12-09T02:52:00.676+0000][1][safepoint    ] Application time: 1.0007085 seconds
[2019-12-09T02:52:00.707+0000][1][safepoint    ] Entering safepoint region: Cleanup
[2019-12-09T02:52:00.707+0000][1][safepoint    ] Leaving safepoint region
[2019-12-09T02:52:00.707+0000][1][safepoint    ] Total time for which application threads were stopped: 0.0310507 seconds, Stopping threads took: 0.0309914 seconds
[2019-12-09T02:52:01.709+0000][1][safepoint    ] Application time: 1.0018962 seconds
[2019-12-09T02:52:01.753+0000][1][safepoint    ] Entering safepoint region: Cleanup
[2019-12-09T02:52:01.753+0000][1][safepoint    ] Leaving safepoint region
[2019-12-09T02:52:01.753+0000][1][safepoint    ] Total time for which application threads were stopped: 0.0441503 seconds, Stopping threads took: 0.0440905 seconds
[2019-12-09T02:52:02.751+0000][1][safepoint    ] Application time: 0.9976090 seconds
[2019-12-09T02:52:02.751+0000][1][safepoint    ] Entering safepoint region: GenCollectForAllocation
[2019-12-09T02:52:02.751+0000][1][gc,start     ] GC(13) Pause Young (Allocation Failure)
[2019-12-09T02:52:02.751+0000][1][gc,task      ] GC(13) Using 2 workers of 2 for evacuation
[2019-12-09T02:52:02.986+0000][1][gc,age       ] GC(13) Desired survivor size 4456448 bytes, new threshold 1 (max threshold 6)
[2019-12-09T02:52:02.986+0000][1][gc,age       ] GC(13) Age table with threshold 1 (max threshold 6)
[2019-12-09T02:52:02.986+0000][1][gc,age       ] GC(13) - age   1:    6823824 bytes,    6823824 total
[2019-12-09T02:52:02.986+0000][1][gc,age       ] GC(13) - age   2:     680160 bytes,    7503984 total
[2019-12-09T02:52:02.987+0000][1][gc,age       ] GC(13) - age   3:     305888 bytes,    7809872 total
[2019-12-09T02:52:02.987+0000][1][gc,age       ] GC(13) - age   4:      97360 bytes,    7907232 total
[2019-12-09T02:52:02.987+0000][1][gc,age       ] GC(13) - age   5:     647464 bytes,    8554696 total
[2019-12-09T02:52:02.987+0000][1][gc,age       ] GC(13) - age   6:     357960 bytes,    8912656 total
[2019-12-09T02:52:02.987+0000][1][gc,heap      ] GC(13) ParNew: 74032K->8704K(78656K)
[2019-12-09T02:52:02.987+0000][1][gc,heap      ] GC(13) CMS: 14195K->21258K(174784K)
[2019-12-09T02:52:02.987+0000][1][gc,metaspace ] GC(13) Metaspace: 27058K->27058K(1075200K)
[2019-12-09T02:52:02.987+0000][1][gc           ] GC(13) Pause Young (Allocation Failure) 86M->29M(247M) 235.919ms
[2019-12-09T02:52:02.987+0000][1][gc,cpu       ] GC(13) User=0.07s Sys=0.00s Real=0.24s
[2019-12-09T02:52:02.987+0000][1][safepoint    ] Leaving safepoint region
[2019-12-09T02:52:02.987+0000][1][safepoint    ] Total time for which application threads were stopped: 0.2360768 seconds, Stopping threads took: 0.0000153 seconds
[2019-12-09T02:52:06.056+0000][1][safepoint    ] Application time: 3.0690601 seconds
[2019-12-09T02:52:06.102+0000][1][safepoint    ] Entering safepoint region: Cleanup
[2019-12-09T02:52:06.102+0000][1][safepoint    ] Leaving safepoint region
[2019-12-09T02:52:06.102+0000][1][safepoint    ] Total time for which application threads were stopped: 0.0461228 seconds, Stopping threads took: 0.0460580 seconds
[2019-12-09T02:52:06.911+0000][1][safepoint    ] Application time: 0.8093460 seconds
[2019-12-09T02:52:06.911+0000][1][safepoint    ] Entering safepoint region: GenCollectForAllocation
[2019-12-09T02:52:06.911+0000][1][gc,start     ] GC(14) Pause Young (Allocation Failure)
[2019-12-09T02:52:06.911+0000][1][gc,task      ] GC(14) Using 2 workers of 2 for evacuation
[2019-12-09T02:52:07.362+0000][1][gc,age       ] GC(14) Desired survivor size 4456448 bytes, new threshold 1 (max threshold 6)
[2019-12-09T02:52:07.362+0000][1][gc,age       ] GC(14) Age table with threshold 1 (max threshold 6)
[2019-12-09T02:52:07.362+0000][1][gc,age       ] GC(14) - age   1:    8912808 bytes,    8912808 total
[2019-12-09T02:52:07.362+0000][1][gc,heap      ] GC(14) ParNew: 78656K->8704K(78656K)
[2019-12-09T02:52:07.362+0000][1][gc,heap      ] GC(14) CMS: 21258K->34310K(174784K)
[2019-12-09T02:52:07.362+0000][1][gc,metaspace ] GC(14) Metaspace: 27081K->27081K(1075200K)
[2019-12-09T02:52:07.362+0000][1][gc           ] GC(14) Pause Young (Allocation Failure) 97M->42M(247M) 450.505ms
[2019-12-09T02:52:07.362+0000][1][gc,cpu       ] GC(14) User=0.12s Sys=0.00s Real=0.45s
[2019-12-09T02:52:07.362+0000][1][safepoint    ] Leaving safepoint region
[2019-12-09T02:52:07.362+0000][1][safepoint    ] Total time for which application threads were stopped: 0.4506385 seconds, Stopping threads took: 0.0000160 seconds
[2019-12-09T02:52:08.364+0000][1][safepoint    ] Application time: 1.0018664 seconds
[2019-12-09T02:52:08.364+0000][1][safepoint    ] Entering safepoint region: Cleanup
[2019-12-09T02:52:08.364+0000][1][safepoint    ] Leaving safepoint region
[2019-12-09T02:52:08.364+0000][1][safepoint    ] Total time for which application threads were stopped: 0.0001156 seconds, Stopping threads took: 0.0000483 seconds
[2019-12-09T02:52:09.378+0000][1][safepoint    ] Application time: 1.0137522 seconds
[2019-12-09T02:52:09.386+0000][1][safepoint    ] Entering safepoint region: Cleanup
[2019-12-09T02:52:09.386+0000][1][safepoint    ] Leaving safepoint region
[2019-12-09T02:52:09.386+0000][1][safepoint    ] Total time for which application threads were stopped: 0.0080955 seconds, Stopping threads took: 0.0080517 seconds
[2019-12-09T02:52:09.717+0000][1][safepoint    ] Application time: 0.3308556 seconds
[2019-12-09T02:52:09.717+0000][1][safepoint    ] Entering safepoint region: RevokeBias
[2019-12-09T02:52:09.717+0000][1][safepoint    ] Leaving safepoint region
[2019-12-09T02:52:09.717+0000][1][safepoint    ] Total time for which application threads were stopped: 0.0000844 seconds, Stopping threads took: 0.0000149 seconds
[2019-12-09T02:52:10.727+0000][1][safepoint    ] Application time: 1.0098773 seconds
[2019-12-09T02:52:10.727+0000][1][safepoint    ] Entering safepoint region: Cleanup
[2019-12-09T02:52:10.727+0000][1][safepoint    ] Leaving safepoint region
[2019-12-09T02:52:10.727+0000][1][safepoint    ] Total time for which application threads were stopped: 0.0000751 seconds, Stopping threads took: 0.0000156 seconds
[2019-12-09T02:52:11.744+0000][1][safepoint    ] Application time: 1.0168621 seconds
[2019-12-09T02:52:11.745+0000][1][safepoint    ] Entering safepoint region: Cleanup
[2019-12-09T02:52:11.745+0000][1][safepoint    ] Leaving safepoint region
[2019-12-09T02:52:11.745+0000][1][safepoint    ] Total time for which application threads were stopped: 0.0011530 seconds, Stopping threads took: 0.0010927 seconds
[2019-12-09T02:52:12.084+0000][1][safepoint    ] Application time: 0.3386014 seconds
[2019-12-09T02:52:12.084+0000][1][safepoint    ] Entering safepoint region: GenCollectForAllocation
[2019-12-09T02:52:12.084+0000][1][gc,start     ] GC(15) Pause Young (Allocation Failure)
[2019-12-09T02:52:12.084+0000][1][gc,task      ] GC(15) Using 2 workers of 2 for evacuation
[2019-12-09T02:52:12.542+0000][1][gc,age       ] GC(15) Desired survivor size 4456448 bytes, new threshold 1 (max threshold 6)
[2019-12-09T02:52:12.542+0000][1][gc,age       ] GC(15) Age table with threshold 1 (max threshold 6)
[2019-12-09T02:52:12.542+0000][1][gc,age       ] GC(15) - age   1:    6309304 bytes,    6309304 total
[2019-12-09T02:52:12.542+0000][1][gc,heap      ] GC(15) ParNew: 78656K->8704K(78656K)
[2019-12-09T02:52:12.542+0000][1][gc,heap      ] GC(15) CMS: 34310K->48888K(174784K)
[2019-12-09T02:52:12.542+0000][1][gc,metaspace ] GC(15) Metaspace: 29404K->29404K(1077248K)
[2019-12-09T02:52:12.542+0000][1][gc           ] GC(15) Pause Young (Allocation Failure) 110M->56M(247M) 458.616ms
[2019-12-09T02:52:12.542+0000][1][gc,cpu       ] GC(15) User=0.11s Sys=0.00s Real=0.46s
[2019-12-09T02:52:12.542+0000][1][safepoint    ] Leaving safepoint region
[2019-12-09T02:52:12.542+0000][1][safepoint    ] Total time for which application threads were stopped: 0.4587836 seconds, Stopping threads took: 0.0000145 seconds
[2019-12-09T02:52:13.321+0000][1][safepoint    ] Application time: 0.7785805 seconds
[2019-12-09T02:52:13.321+0000][1][safepoint    ] Entering safepoint region: RevokeBias
[2019-12-09T02:52:13.321+0000][1][safepoint    ] Leaving safepoint region
[2019-12-09T02:52:13.321+0000][1][safepoint    ] Total time for which application threads were stopped: 0.0000961 seconds, Stopping threads took: 0.0000143 seconds
[2019-12-09T02:52:14.331+0000][1][safepoint    ] Application time: 1.0096386 seconds
[2019-12-09T02:52:14.407+0000][1][safepoint    ] Entering safepoint region: Cleanup
[2019-12-09T02:52:14.407+0000][1][safepoint    ] Leaving safepoint region
[2019-12-09T02:52:14.407+0000][1][safepoint    ] Total time for which application threads were stopped: 0.0760598 seconds, Stopping threads took: 0.0759983 seconds
[2019-12-09T02:52:15.431+0000][1][safepoint    ] Application time: 1.0238872 seconds
[2019-12-09T02:52:15.521+0000][1][safepoint    ] Entering safepoint region: Cleanup
[2019-12-09T02:52:15.521+0000][1][safepoint    ] Leaving safepoint region
[2019-12-09T02:52:15.521+0000][1][safepoint    ] Total time for which application threads were stopped: 0.0900705 seconds, Stopping threads took: 0.0899915 seconds
[2019-12-09T02:52:15.953+0000][1][safepoint    ] Application time: 0.4319066 seconds
[2019-12-09T02:52:15.953+0000][1][safepoint    ] Entering safepoint region: GenCollectForAllocation
[2019-12-09T02:52:15.953+0000][1][gc,start     ] GC(16) Pause Young (Allocation Failure)
[2019-12-09T02:52:15.953+0000][1][gc,task      ] GC(16) Using 2 workers of 2 for evacuation
[2019-12-09T02:52:16.131+0000][1][gc,age       ] GC(16) Desired survivor size 4456448 bytes, new threshold 6 (max threshold 6)
[2019-12-09T02:52:16.131+0000][1][gc,age       ] GC(16) Age table with threshold 6 (max threshold 6)
[2019-12-09T02:52:16.131+0000][1][gc,age       ] GC(16) - age   1:    1290344 bytes,    1290344 total
[2019-12-09T02:52:16.131+0000][1][gc,heap      ] GC(16) ParNew: 78656K->6707K(78656K)
[2019-12-09T02:52:16.131+0000][1][gc,heap      ] GC(16) CMS: 48888K->55090K(174784K)
[2019-12-09T02:52:16.131+0000][1][gc,metaspace ] GC(16) Metaspace: 32998K->32998K(1079296K)
[2019-12-09T02:52:16.131+0000][1][gc           ] GC(16) Pause Young (Allocation Failure) 124M->60M(247M) 178.329ms
[2019-12-09T02:52:16.131+0000][1][gc,cpu       ] GC(16) User=0.04s Sys=0.00s Real=0.18s
[2019-12-09T02:52:16.131+0000][1][safepoint    ] Leaving safepoint region
[2019-12-09T02:52:16.131+0000][1][safepoint    ] Total time for which application threads were stopped: 0.1784820 seconds, Stopping threads took: 0.0000268 seconds
[2019-12-09T02:52:17.138+0000][1][safepoint    ] Application time: 1.0064348 seconds
[2019-12-09T02:52:17.142+0000][1][safepoint    ] Entering safepoint region: Cleanup
[2019-12-09T02:52:17.142+0000][1][safepoint    ] Leaving safepoint region
[2019-12-09T02:52:17.142+0000][1][safepoint    ] Total time for which application threads were stopped: 0.0040613 seconds, Stopping threads took: 0.0039871 seconds
[2019-12-09T02:52:18.143+0000][1][safepoint    ] Application time: 1.0009139 seconds
[2019-12-09T02:52:18.230+0000][1][safepoint    ] Entering safepoint region: Cleanup
[2019-12-09T02:52:18.230+0000][1][safepoint    ] Leaving safepoint region
[2019-12-09T02:52:18.230+0000][1][safepoint    ] Total time for which application threads were stopped: 0.0870670 seconds, Stopping threads took: 0.0869845 seconds
[2019-12-09T02:52:18.358+0000][1][safepoint    ] Application time: 0.1278681 seconds
[2019-12-09T02:52:18.358+0000][1][safepoint    ] Entering safepoint region: CollectForMetadataAllocation
[2019-12-09T02:52:18.358+0000][1][safepoint    ] Leaving safepoint region
[2019-12-09T02:52:18.358+0000][1][safepoint    ] Total time for which application threads were stopped: 0.0001459 seconds, Stopping threads took: 0.0000142 seconds
[2019-12-09T02:52:18.508+0000][1][safepoint    ] Application time: 0.1498077 seconds
[2019-12-09T02:52:18.508+0000][1][safepoint    ] Entering safepoint region: CollectForMetadataAllocation
[2019-12-09T02:52:18.508+0000][1][safepoint    ] Leaving safepoint region
[2019-12-09T02:52:18.508+0000][1][safepoint    ] Total time for which application threads were stopped: 0.0001482 seconds, Stopping threads took: 0.0000135 seconds
[2019-12-09T02:52:18.806+0000][1][safepoint    ] Application time: 0.2976329 seconds
[2019-12-09T02:52:18.806+0000][1][safepoint    ] Entering safepoint region: CollectForMetadataAllocation
[2019-12-09T02:52:18.806+0000][1][safepoint    ] Leaving safepoint region
[2019-12-09T02:52:18.806+0000][1][safepoint    ] Total time for which application threads were stopped: 0.0002823 seconds, Stopping threads took: 0.0000145 seconds
[2019-12-09T02:52:18.990+0000][1][safepoint    ] Application time: 0.1844408 seconds
[2019-12-09T02:52:18.990+0000][1][safepoint    ] Entering safepoint region: CollectForMetadataAllocation
[2019-12-09T02:52:18.991+0000][1][safepoint    ] Leaving safepoint region
[2019-12-09T02:52:18.991+0000][1][safepoint    ] Total time for which application threads were stopped: 0.0002267 seconds, Stopping threads took: 0.0000131 seconds
[2019-12-09T02:52:19.123+0000][1][safepoint    ] Application time: 0.1328891 seconds
[2019-12-09T02:52:19.124+0000][1][safepoint    ] Entering safepoint region: CollectForMetadataAllocation
[2019-12-09T02:52:19.124+0000][1][safepoint    ] Leaving safepoint region
[2019-12-09T02:52:19.124+0000][1][safepoint    ] Total time for which application threads were stopped: 0.0002562 seconds, Stopping threads took: 0.0000140 seconds
[2019-12-09T02:52:19.262+0000][1][safepoint    ] Application time: 0.1378772 seconds
[2019-12-09T02:52:19.262+0000][1][safepoint    ] Entering safepoint region: GenCollectForAllocation
[2019-12-09T02:52:19.262+0000][1][gc,start     ] GC(17) Pause Young (Allocation Failure)
[2019-12-09T02:52:19.262+0000][1][gc,task      ] GC(17) Using 2 workers of 2 for evacuation
[2019-12-09T02:52:19.345+0000][1][gc,age       ] GC(17) Desired survivor size 4456448 bytes, new threshold 6 (max threshold 6)
[2019-12-09T02:52:19.345+0000][1][gc,age       ] GC(17) Age table with threshold 6 (max threshold 6)
[2019-12-09T02:52:19.345+0000][1][gc,age       ] GC(17) - age   1:    1945232 bytes,    1945232 total
[2019-12-09T02:52:19.345+0000][1][gc,age       ] GC(17) - age   2:    1223680 bytes,    3168912 total
[2019-12-09T02:52:19.345+0000][1][gc,heap      ] GC(17) ParNew: 76659K->3826K(78656K)
[2019-12-09T02:52:19.345+0000][1][gc,heap      ] GC(17) CMS: 55090K->55090K(174784K)
[2019-12-09T02:52:19.345+0000][1][gc,metaspace ] GC(17) Metaspace: 35232K->35232K(1081344K)
[2019-12-09T02:52:19.345+0000][1][gc           ] GC(17) Pause Young (Allocation Failure) 128M->57M(247M) 83.608ms
[2019-12-09T02:52:19.345+0000][1][gc,cpu       ] GC(17) User=0.01s Sys=0.00s Real=0.09s
[2019-12-09T02:52:19.345+0000][1][safepoint    ] Leaving safepoint region
[2019-12-09T02:52:19.345+0000][1][safepoint    ] Total time for which application threads were stopped: 0.0837346 seconds, Stopping threads took: 0.0000142 seconds
[2019-12-09T02:52:19.350+0000][1][safepoint    ] Application time: 0.0046072 seconds
[2019-12-09T02:52:19.387+0000][1][safepoint    ] Entering safepoint region: CMS_Initial_Mark
[2019-12-09T02:52:19.387+0000][1][gc,start     ] GC(18) Pause Initial Mark
[2019-12-09T02:52:19.392+0000][1][gc           ] GC(18) Pause Initial Mark 58M->58M(247M) 4.773ms
[2019-12-09T02:52:19.392+0000][1][gc,cpu       ] GC(18) User=0.00s Sys=0.00s Real=0.00s
[2019-12-09T02:52:19.392+0000][1][safepoint    ] Leaving safepoint region
[2019-12-09T02:52:19.392+0000][1][safepoint    ] Total time for which application threads were stopped: 0.0416658 seconds, Stopping threads took: 0.0367725 seconds
[2019-12-09T02:52:19.392+0000][1][gc           ] GC(18) Concurrent Mark
[2019-12-09T02:52:19.436+0000][1][safepoint    ] Application time: 0.0439747 seconds
[2019-12-09T02:52:19.436+0000][1][safepoint    ] Entering safepoint region: CollectForMetadataAllocation
[2019-12-09T02:52:19.436+0000][1][safepoint    ] Leaving safepoint region
[2019-12-09T02:52:19.436+0000][1][safepoint    ] Total time for which application threads were stopped: 0.0002374 seconds, Stopping threads took: 0.0000149 seconds
[2019-12-09T02:52:19.642+0000][1][safepoint    ] Application time: 0.2060659 seconds
[2019-12-09T02:52:19.642+0000][1][safepoint    ] Entering safepoint region: CollectForMetadataAllocation
[2019-12-09T02:52:19.642+0000][1][safepoint    ] Leaving safepoint region
[2019-12-09T02:52:19.642+0000][1][safepoint    ] Total time for which application threads were stopped: 0.0002516 seconds, Stopping threads took: 0.0000153 seconds
[2019-12-09T02:52:19.833+0000][1][safepoint    ] Application time: 0.1907770 seconds
[2019-12-09T02:52:19.833+0000][1][safepoint    ] Entering safepoint region: CollectForMetadataAllocation
[2019-12-09T02:52:19.833+0000][1][safepoint    ] Leaving safepoint region
[2019-12-09T02:52:19.833+0000][1][safepoint    ] Total time for which application threads were stopped: 0.0002365 seconds, Stopping threads took: 0.0000141 seconds
[2019-12-09T02:52:20.148+0000][1][safepoint    ] Application time: 0.3142723 seconds
[2019-12-09T02:52:20.148+0000][1][safepoint    ] Entering safepoint region: CollectForMetadataAllocation
[2019-12-09T02:52:20.148+0000][1][safepoint    ] Leaving safepoint region
[2019-12-09T02:52:20.148+0000][1][safepoint    ] Total time for which application threads were stopped: 0.0002364 seconds, Stopping threads took: 0.0000176 seconds
[2019-12-09T02:52:20.209+0000][1][gc           ] GC(18) Concurrent Mark 816.754ms
[2019-12-09T02:52:20.209+0000][1][gc,cpu       ] GC(18) User=0.24s Sys=0.00s Real=0.82s
[2019-12-09T02:52:20.209+0000][1][gc           ] GC(18) Concurrent Preclean
[2019-12-09T02:52:20.210+0000][1][gc           ] GC(18) Concurrent Preclean 1.120ms
[2019-12-09T02:52:20.210+0000][1][gc,cpu       ] GC(18) User=0.01s Sys=0.00s Real=0.00s
[2019-12-09T02:52:20.210+0000][1][gc           ] GC(18) Concurrent Abortable Preclean
[2019-12-09T02:52:20.539+0000][1][safepoint    ] Application time: 0.3907137 seconds
[2019-12-09T02:52:20.539+0000][1][safepoint    ] Entering safepoint region: CollectForMetadataAllocation
[2019-12-09T02:52:20.539+0000][1][safepoint    ] Leaving safepoint region
[2019-12-09T02:52:20.539+0000][1][safepoint    ] Total time for which application threads were stopped: 0.0002286 seconds, Stopping threads took: 0.0000136 seconds
[2019-12-09T02:52:20.606+0000][1][safepoint    ] Application time: 0.0668578 seconds
[2019-12-09T02:52:20.606+0000][1][safepoint    ] Entering safepoint region: RevokeBias
[2019-12-09T02:52:20.606+0000][1][safepoint    ] Leaving safepoint region
[2019-12-09T02:52:20.606+0000][1][safepoint    ] Total time for which application threads were stopped: 0.0001369 seconds, Stopping threads took: 0.0000136 seconds
[2019-12-09T02:52:20.815+0000][1][safepoint    ] Application time: 0.2086916 seconds
[2019-12-09T02:52:20.815+0000][1][safepoint    ] Entering safepoint region: CollectForMetadataAllocation
[2019-12-09T02:52:20.815+0000][1][safepoint    ] Leaving safepoint region
[2019-12-09T02:52:20.815+0000][1][safepoint    ] Total time for which application threads were stopped: 0.0002499 seconds, Stopping threads took: 0.0000162 seconds
[2019-12-09T02:52:20.830+0000][1][safepoint    ] Application time: 0.0147876 seconds
[2019-12-09T02:52:20.890+0000][1][safepoint    ] Entering safepoint region: CollectForMetadataAllocation
[2019-12-09T02:52:20.890+0000][1][safepoint    ] Leaving safepoint region
[2019-12-09T02:52:20.890+0000][1][safepoint    ] Total time for which application threads were stopped: 0.0601615 seconds, Stopping threads took: 0.0601126 seconds
[2019-12-09T02:52:21.103+0000][1][safepoint    ] Application time: 0.2127353 seconds
[2019-12-09T02:52:21.103+0000][1][safepoint    ] Entering safepoint region: CollectForMetadataAllocation
[2019-12-09T02:52:21.103+0000][1][safepoint    ] Leaving safepoint region
[2019-12-09T02:52:21.103+0000][1][safepoint    ] Total time for which application threads were stopped: 0.0002499 seconds, Stopping threads took: 0.0000135 seconds
[2019-12-09T02:52:21.376+0000][1][safepoint    ] Application time: 0.2726754 seconds
[2019-12-09T02:52:21.376+0000][1][safepoint    ] Entering safepoint region: CollectForMetadataAllocation
[2019-12-09T02:52:21.376+0000][1][safepoint    ] Leaving safepoint region
[2019-12-09T02:52:21.376+0000][1][safepoint    ] Total time for which application threads were stopped: 0.0001479 seconds, Stopping threads took: 0.0000135 seconds
[2019-12-09T02:52:21.583+0000][1][safepoint    ] Application time: 0.2068193 seconds
[2019-12-09T02:52:21.583+0000][1][safepoint    ] Entering safepoint region: CollectForMetadataAllocation
[2019-12-09T02:52:21.583+0000][1][safepoint    ] Leaving safepoint region
[2019-12-09T02:52:21.583+0000][1][safepoint    ] Total time for which application threads were stopped: 0.0002757 seconds, Stopping threads took: 0.0000151 seconds
[2019-12-09T02:52:21.840+0000][1][safepoint    ] Application time: 0.2566749 seconds
[2019-12-09T02:52:21.864+0000][1][safepoint    ] Entering safepoint region: CollectForMetadataAllocation
[2019-12-09T02:52:21.864+0000][1][safepoint    ] Leaving safepoint region
[2019-12-09T02:52:21.864+0000][1][safepoint    ] Total time for which application threads were stopped: 0.0242628 seconds, Stopping threads took: 0.0240395 seconds
[2019-12-09T02:52:22.202+0000][1][safepoint    ] Application time: 0.3377105 seconds
[2019-12-09T02:52:22.202+0000][1][safepoint    ] Entering safepoint region: CollectForMetadataAllocation
[2019-12-09T02:52:22.202+0000][1][safepoint    ] Leaving safepoint region
[2019-12-09T02:52:22.202+0000][1][safepoint    ] Total time for which application threads were stopped: 0.0002313 seconds, Stopping threads took: 0.0000197 seconds
[2019-12-09T02:52:22.377+0000][1][safepoint    ] Application time: 0.1746744 seconds
[2019-12-09T02:52:22.377+0000][1][safepoint    ] Entering safepoint region: CollectForMetadataAllocation
[2019-12-09T02:52:22.377+0000][1][safepoint    ] Leaving safepoint region
[2019-12-09T02:52:22.377+0000][1][safepoint    ] Total time for which application threads were stopped: 0.0001965 seconds, Stopping threads took: 0.0000123 seconds
[2019-12-09T02:52:22.531+0000][1][safepoint    ] Application time: 0.1538411 seconds
[2019-12-09T02:52:22.621+0000][1][safepoint    ] Entering safepoint region: CollectForMetadataAllocation
[2019-12-09T02:52:22.621+0000][1][safepoint    ] Leaving safepoint region
[2019-12-09T02:52:22.621+0000][1][safepoint    ] Total time for which application threads were stopped: 0.0902479 seconds, Stopping threads took: 0.0899590 seconds
[2019-12-09T02:52:22.810+0000][1][safepoint    ] Application time: 0.1886525 seconds
[2019-12-09T02:52:22.810+0000][1][safepoint    ] Entering safepoint region: CollectForMetadataAllocation
[2019-12-09T02:52:22.810+0000][1][safepoint    ] Leaving safepoint region
[2019-12-09T02:52:22.810+0000][1][safepoint    ] Total time for which application threads were stopped: 0.0002320 seconds, Stopping threads took: 0.0000142 seconds
[2019-12-09T02:52:23.104+0000][1][safepoint    ] Application time: 0.2937005 seconds
[2019-12-09T02:52:23.104+0000][1][safepoint    ] Entering safepoint region: CollectForMetadataAllocation
[2019-12-09T02:52:23.104+0000][1][safepoint    ] Leaving safepoint region
[2019-12-09T02:52:23.104+0000][1][safepoint    ] Total time for which application threads were stopped: 0.0002302 seconds, Stopping threads took: 0.0000157 seconds
[2019-12-09T02:52:23.419+0000][1][safepoint    ] Application time: 0.3146946 seconds
[2019-12-09T02:52:23.419+0000][1][safepoint    ] Entering safepoint region: CollectForMetadataAllocation
[2019-12-09T02:52:23.419+0000][1][safepoint    ] Leaving safepoint region
[2019-12-09T02:52:23.419+0000][1][safepoint    ] Total time for which application threads were stopped: 0.0002176 seconds, Stopping threads took: 0.0000146 seconds
[2019-12-09T02:52:23.603+0000][1][safepoint    ] Application time: 0.1840841 seconds
[2019-12-09T02:52:23.603+0000][1][safepoint    ] Entering safepoint region: CollectForMetadataAllocation
[2019-12-09T02:52:23.603+0000][1][safepoint    ] Leaving safepoint region
[2019-12-09T02:52:23.603+0000][1][safepoint    ] Total time for which application threads were stopped: 0.0002232 seconds, Stopping threads took: 0.0000126 seconds
[2019-12-09T02:52:24.175+0000][1][safepoint    ] Application time: 0.5714565 seconds
[2019-12-09T02:52:24.175+0000][1][safepoint    ] Entering safepoint region: CollectForMetadataAllocation
[2019-12-09T02:52:24.175+0000][1][safepoint    ] Leaving safepoint region
[2019-12-09T02:52:24.175+0000][1][safepoint    ] Total time for which application threads were stopped: 0.0002334 seconds, Stopping threads took: 0.0000119 seconds
[2019-12-09T02:52:24.484+0000][1][safepoint    ] Application time: 0.3086709 seconds
[2019-12-09T02:52:24.484+0000][1][safepoint    ] Entering safepoint region: CollectForMetadataAllocation
[2019-12-09T02:52:24.484+0000][1][safepoint    ] Leaving safepoint region
[2019-12-09T02:52:24.484+0000][1][safepoint    ] Total time for which application threads were stopped: 0.0001530 seconds, Stopping threads took: 0.0000269 seconds
[2019-12-09T02:52:24.758+0000][1][safepoint    ] Application time: 0.2741901 seconds
[2019-12-09T02:52:24.758+0000][1][safepoint    ] Entering safepoint region: CollectForMetadataAllocation
[2019-12-09T02:52:24.758+0000][1][safepoint    ] Leaving safepoint region
[2019-12-09T02:52:24.758+0000][1][safepoint    ] Total time for which application threads were stopped: 0.0002254 seconds, Stopping threads took: 0.0000127 seconds
[2019-12-09T02:52:25.068+0000][1][safepoint    ] Application time: 0.3093381 seconds
[2019-12-09T02:52:25.068+0000][1][safepoint    ] Entering safepoint region: CollectForMetadataAllocation
[2019-12-09T02:52:25.068+0000][1][safepoint    ] Leaving safepoint region
[2019-12-09T02:52:25.068+0000][1][safepoint    ] Total time for which application threads were stopped: 0.0002436 seconds, Stopping threads took: 0.0000149 seconds
[2019-12-09T02:52:25.378+0000][1][gc           ] GC(18) Concurrent Abortable Preclean 5167.864ms
[2019-12-09T02:52:25.378+0000][1][gc,cpu       ] GC(18) User=1.44s Sys=0.03s Real=5.17s
[2019-12-09T02:52:25.378+0000][1][safepoint    ] Application time: 0.3097442 seconds
[2019-12-09T02:52:25.378+0000][1][safepoint    ] Entering safepoint region: CMS_Final_Remark
[2019-12-09T02:52:25.378+0000][1][gc,start     ] GC(18) Pause Remark
[2019-12-09T02:52:25.529+0000][1][gc           ] GC(18) Pause Remark 87M->87M(247M) 151.183ms
[2019-12-09T02:52:25.529+0000][1][gc,cpu       ] GC(18) User=0.04s Sys=0.00s Real=0.15s
[2019-12-09T02:52:25.529+0000][1][safepoint    ] Leaving safepoint region
[2019-12-09T02:52:25.529+0000][1][safepoint    ] Total time for which application threads were stopped: 0.1513211 seconds, Stopping threads took: 0.0000297 seconds
[2019-12-09T02:52:25.539+0000][1][gc           ] GC(18) Concurrent Sweep
[2019-12-09T02:52:25.605+0000][1][safepoint    ] Application time: 0.0756118 seconds
[2019-12-09T02:52:25.605+0000][1][safepoint    ] Entering safepoint region: CollectForMetadataAllocation
[2019-12-09T02:52:25.606+0000][1][safepoint    ] Leaving safepoint region
[2019-12-09T02:52:25.606+0000][1][safepoint    ] Total time for which application threads were stopped: 0.0008347 seconds, Stopping threads took: 0.0000137 seconds
[2019-12-09T02:52:25.607+0000][1][safepoint    ] Application time: 0.0015311 seconds
[2019-12-09T02:52:25.607+0000][1][safepoint    ] Entering safepoint region: CollectForMetadataAllocation
[2019-12-09T02:52:25.607+0000][1][safepoint    ] Leaving safepoint region
[2019-12-09T02:52:25.607+0000][1][safepoint    ] Total time for which application threads were stopped: 0.0002292 seconds, Stopping threads took: 0.0000133 seconds
[2019-12-09T02:52:25.808+0000][1][safepoint    ] Application time: 0.2001738 seconds
[2019-12-09T02:52:25.835+0000][1][safepoint    ] Entering safepoint region: RevokeBias
[2019-12-09T02:52:25.835+0000][1][safepoint    ] Leaving safepoint region
[2019-12-09T02:52:25.835+0000][1][safepoint    ] Total time for which application threads were stopped: 0.0273231 seconds, Stopping threads took: 0.0272394 seconds
[2019-12-09T02:52:25.835+0000][1][safepoint    ] Application time: 0.0000753 seconds
[2019-12-09T02:52:25.835+0000][1][safepoint    ] Entering safepoint region: RevokeBias
[2019-12-09T02:52:25.835+0000][1][safepoint    ] Leaving safepoint region
[2019-12-09T02:52:25.835+0000][1][safepoint    ] Total time for which application threads were stopped: 0.0000431 seconds, Stopping threads took: 0.0000089 seconds
[2019-12-09T02:52:25.835+0000][1][safepoint    ] Application time: 0.0001644 seconds
[2019-12-09T02:52:25.835+0000][1][safepoint    ] Entering safepoint region: RevokeBias
[2019-12-09T02:52:25.835+0000][1][safepoint    ] Leaving safepoint region
[2019-12-09T02:52:25.835+0000][1][safepoint    ] Total time for which application threads were stopped: 0.0000578 seconds, Stopping threads took: 0.0000177 seconds
[2019-12-09T02:52:25.897+0000][1][gc           ] GC(18) Concurrent Sweep 358.012ms
[2019-12-09T02:52:25.897+0000][1][gc,cpu       ] GC(18) User=0.10s Sys=0.00s Real=0.36s
[2019-12-09T02:52:25.897+0000][1][gc           ] GC(18) Concurrent Reset
[2019-12-09T02:52:25.897+0000][1][gc           ] GC(18) Concurrent Reset 0.297ms
[2019-12-09T02:52:25.897+0000][1][gc,cpu       ] GC(18) User=0.00s Sys=0.00s Real=0.00s
[2019-12-09T02:52:25.897+0000][1][gc,heap      ] GC(18) Old: 55090K->54900K(174784K)
[2019-12-09T02:52:26.836+0000][1][safepoint    ] Application time: 1.0004391 seconds
[2019-12-09T02:52:26.888+0000][1][safepoint    ] Entering safepoint region: Cleanup
[2019-12-09T02:52:26.888+0000][1][safepoint    ] Leaving safepoint region
[2019-12-09T02:52:26.888+0000][1][safepoint    ] Total time for which application threads were stopped: 0.0521399 seconds, Stopping threads took: 0.0520760 seconds
[2019-12-09T02:52:28.460+0000][1][safepoint    ] Application time: 1.5717997 seconds
[2019-12-09T02:52:28.460+0000][1][safepoint    ] Entering safepoint region: RevokeBias
[2019-12-09T02:52:28.460+0000][1][safepoint    ] Leaving safepoint region
[2019-12-09T02:52:28.460+0000][1][safepoint    ] Total time for which application threads were stopped: 0.0000971 seconds, Stopping threads took: 0.0000136 seconds
[2019-12-09T02:52:29.490+0000][1][safepoint    ] Application time: 1.0298639 seconds
[2019-12-09T02:52:29.547+0000][1][safepoint    ] Entering safepoint region: Cleanup
[2019-12-09T02:52:29.547+0000][1][safepoint    ] Leaving safepoint region
[2019-12-09T02:52:29.547+0000][1][safepoint    ] Total time for which application threads were stopped: 0.0571219 seconds, Stopping threads took: 0.0570751 seconds
[2019-12-09T02:52:30.798+0000][1][safepoint    ] Application time: 1.2512126 seconds
[2019-12-09T02:52:30.831+0000][1][safepoint    ] Entering safepoint region: RevokeBias
[2019-12-09T02:52:30.831+0000][1][safepoint    ] Leaving safepoint region
[2019-12-09T02:52:30.831+0000][1][safepoint    ] Total time for which application threads were stopped: 0.0326306 seconds, Stopping threads took: 0.0324967 seconds
[2019-12-09T02:52:30.831+0000][1][safepoint    ] Application time: 0.0002545 seconds
[2019-12-09T02:52:30.831+0000][1][safepoint    ] Entering safepoint region: RevokeBias
[2019-12-09T02:52:30.831+0000][1][safepoint    ] Leaving safepoint region
[2019-12-09T02:52:30.831+0000][1][safepoint    ] Total time for which application threads were stopped: 0.0000948 seconds, Stopping threads took: 0.0000135 seconds
[2019-12-09T02:52:30.831+0000][1][safepoint    ] Application time: 0.0001036 seconds
[2019-12-09T02:52:30.831+0000][1][safepoint    ] Entering safepoint region: RevokeBias
[2019-12-09T02:52:30.831+0000][1][safepoint    ] Leaving safepoint region
[2019-12-09T02:52:30.831+0000][1][safepoint    ] Total time for which application threads were stopped: 0.0000777 seconds, Stopping threads took: 0.0000099 seconds
[2019-12-09T02:52:30.831+0000][1][safepoint    ] Application time: 0.0000616 seconds
[2019-12-09T02:52:30.831+0000][1][safepoint    ] Entering safepoint region: RevokeBias
[2019-12-09T02:52:30.832+0000][1][safepoint    ] Leaving safepoint region
[2019-12-09T02:52:30.832+0000][1][safepoint    ] Total time for which application threads were stopped: 0.0000698 seconds, Stopping threads took: 0.0000077 seconds
[2019-12-09T02:52:30.832+0000][1][safepoint    ] Application time: 0.0000950 seconds
[2019-12-09T02:52:30.832+0000][1][safepoint    ] Entering safepoint region: RevokeBias
[2019-12-09T02:52:30.832+0000][1][safepoint    ] Leaving safepoint region
[2019-12-09T02:52:30.832+0000][1][safepoint    ] Total time for which application threads were stopped: 0.0000947 seconds, Stopping threads took: 0.0000088 seconds
[2019-12-09T02:52:30.832+0000][1][safepoint    ] Application time: 0.0000815 seconds
[2019-12-09T02:52:30.832+0000][1][safepoint    ] Entering safepoint region: RevokeBias
[2019-12-09T02:52:30.832+0000][1][safepoint    ] Leaving safepoint region
[2019-12-09T02:52:30.832+0000][1][safepoint    ] Total time for which application threads were stopped: 0.0000704 seconds, Stopping threads took: 0.0000088 seconds
[2019-12-09T02:52:30.833+0000][1][safepoint    ] Application time: 0.0012066 seconds
[2019-12-09T02:52:30.833+0000][1][safepoint    ] Entering safepoint region: RevokeBias
[2019-12-09T02:52:30.833+0000][1][safepoint    ] Leaving safepoint region
[2019-12-09T02:52:30.833+0000][1][safepoint    ] Total time for which application threads were stopped: 0.0000847 seconds, Stopping threads took: 0.0000117 seconds
[2019-12-09T02:52:30.833+0000][1][safepoint    ] Application time: 0.0002560 seconds
[2019-12-09T02:52:30.833+0000][1][safepoint    ] Entering safepoint region: RevokeBias
[2019-12-09T02:52:30.834+0000][1][safepoint    ] Leaving safepoint region
[2019-12-09T02:52:30.834+0000][1][safepoint    ] Total time for which application threads were stopped: 0.0000841 seconds, Stopping threads took: 0.0000168 seconds
[2019-12-09T02:52:30.834+0000][1][safepoint    ] Application time: 0.0003969 seconds
[2019-12-09T02:52:30.834+0000][1][safepoint    ] Entering safepoint region: RevokeBias
[2019-12-09T02:52:30.834+0000][1][safepoint    ] Leaving safepoint region
[2019-12-09T02:52:30.834+0000][1][safepoint    ] Total time for which application threads were stopped: 0.0000750 seconds, Stopping threads took: 0.0000102 seconds
[2019-12-09T02:52:30.834+0000][1][safepoint    ] Application time: 0.0001147 seconds
[2019-12-09T02:52:30.834+0000][1][safepoint    ] Entering safepoint region: RevokeBias
[2019-12-09T02:52:30.834+0000][1][safepoint    ] Leaving safepoint region
[2019-12-09T02:52:30.834+0000][1][safepoint    ] Total time for which application threads were stopped: 0.0000682 seconds, Stopping threads took: 0.0000088 seconds
[2019-12-09T02:52:31.842+0000][1][safepoint    ] Application time: 1.0074216 seconds
[2019-12-09T02:52:31.888+0000][1][safepoint    ] Entering safepoint region: Cleanup
[2019-12-09T02:52:31.888+0000][1][safepoint    ] Leaving safepoint region
[2019-12-09T02:52:31.888+0000][1][safepoint    ] Total time for which application threads were stopped: 0.0460678 seconds, Stopping threads took: 0.0460125 seconds
[2019-12-09T02:52:32.188+0000][1][safepoint    ] Application time: 0.2999823 seconds
[2019-12-09T02:52:32.234+0000][1][safepoint    ] Entering safepoint region: RevokeBias
[2019-12-09T02:52:32.234+0000][1][safepoint    ] Leaving safepoint region
[2019-12-09T02:52:32.234+0000][1][safepoint    ] Total time for which application threads were stopped: 0.0460424 seconds, Stopping threads took: 0.0459196 seconds
[2019-12-09T02:52:32.234+0000][1][safepoint    ] Application time: 0.0002256 seconds
[2019-12-09T02:52:32.234+0000][1][safepoint    ] Entering safepoint region: RevokeBias
[2019-12-09T02:52:32.234+0000][1][safepoint    ] Leaving safepoint region
[2019-12-09T02:52:32.234+0000][1][safepoint    ] Total time for which application threads were stopped: 0.0000943 seconds, Stopping threads took: 0.0000103 seconds
[2019-12-09T02:52:33.280+0000][1][safepoint    ] Application time: 1.0454613 seconds
[2019-12-09T02:52:33.294+0000][1][safepoint    ] Entering safepoint region: Cleanup
[2019-12-09T02:52:33.294+0000][1][safepoint    ] Leaving safepoint region
[2019-12-09T02:52:33.294+0000][1][safepoint    ] Total time for which application threads were stopped: 0.0141850 seconds, Stopping threads took: 0.0141196 seconds
[2019-12-09T02:52:33.615+0000][1][safepoint    ] Application time: 0.3207922 seconds
[2019-12-09T02:52:33.615+0000][1][safepoint    ] Entering safepoint region: GenCollectForAllocation
[2019-12-09T02:52:33.615+0000][1][gc,start     ] GC(19) Pause Young (Allocation Failure)
[2019-12-09T02:52:33.615+0000][1][gc,task      ] GC(19) Using 2 workers of 2 for evacuation
[2019-12-09T02:52:33.796+0000][1][gc,age       ] GC(19) Desired survivor size 4456448 bytes, new threshold 2 (max threshold 6)
[2019-12-09T02:52:33.796+0000][1][gc,age       ] GC(19) Age table with threshold 2 (max threshold 6)
[2019-12-09T02:52:33.796+0000][1][gc,age       ] GC(19) - age   1:    2636512 bytes,    2636512 total
[2019-12-09T02:52:33.796+0000][1][gc,age       ] GC(19) - age   2:    1908824 bytes,    4545336 total
[2019-12-09T02:52:33.796+0000][1][gc,age       ] GC(19) - age   3:    1221344 bytes,    5766680 total
[2019-12-09T02:52:33.796+0000][1][gc,heap      ] GC(19) ParNew: 73778K->6998K(78656K)
[2019-12-09T02:52:33.796+0000][1][gc,heap      ] GC(19) CMS: 54900K->54900K(174784K)
[2019-12-09T02:52:33.796+0000][1][gc,metaspace ] GC(19) Metaspace: 42946K->42946K(1089536K)
[2019-12-09T02:52:33.796+0000][1][gc           ] GC(19) Pause Young (Allocation Failure) 125M->60M(247M) 181.404ms
[2019-12-09T02:52:33.796+0000][1][gc,cpu       ] GC(19) User=0.04s Sys=0.00s Real=0.18s
[2019-12-09T02:52:33.796+0000][1][safepoint    ] Leaving safepoint region
[2019-12-09T02:52:33.796+0000][1][safepoint    ] Total time for which application threads were stopped: 0.1815561 seconds, Stopping threads took: 0.0000151 seconds
[2019-12-09T02:52:33.878+0000][1][safepoint    ] Application time: 0.0812359 seconds
[2019-12-09T02:52:33.878+0000][1][safepoint    ] Entering safepoint region: RevokeBias
[2019-12-09T02:52:33.878+0000][1][safepoint    ] Leaving safepoint region
[2019-12-09T02:52:33.878+0000][1][safepoint    ] Total time for which application threads were stopped: 0.0000736 seconds, Stopping threads took: 0.0000140 seconds
[2019-12-09T02:52:33.898+0000][1][safepoint    ] Application time: 0.0200959 seconds
[2019-12-09T02:52:33.898+0000][1][safepoint    ] Entering safepoint region: RevokeBias
[2019-12-09T02:52:33.898+0000][1][safepoint    ] Leaving safepoint region
[2019-12-09T02:52:33.898+0000][1][safepoint    ] Total time for which application threads were stopped: 0.0000650 seconds, Stopping threads took: 0.0000150 seconds
[2019-12-09T02:52:33.898+0000][1][safepoint    ] Application time: 0.0000683 seconds
[2019-12-09T02:52:33.898+0000][1][safepoint    ] Entering safepoint region: RevokeBias
[2019-12-09T02:52:33.898+0000][1][safepoint    ] Leaving safepoint region
[2019-12-09T02:52:33.898+0000][1][safepoint    ] Total time for which application threads were stopped: 0.0000360 seconds, Stopping threads took: 0.0000083 seconds
[2019-12-09T02:52:34.903+0000][1][safepoint    ] Application time: 1.0047120 seconds
[2019-12-09T02:52:34.955+0000][1][safepoint    ] Entering safepoint region: Cleanup
[2019-12-09T02:52:34.955+0000][1][safepoint    ] Leaving safepoint region
[2019-12-09T02:52:34.955+0000][1][safepoint    ] Total time for which application threads were stopped: 0.0520821 seconds, Stopping threads took: 0.0520136 seconds
[2019-12-09T02:52:35.393+0000][1][safepoint    ] Application time: 0.4376664 seconds
[2019-12-09T02:52:35.393+0000][1][safepoint    ] Entering safepoint region: RevokeBias
[2019-12-09T02:52:35.393+0000][1][safepoint    ] Leaving safepoint region
[2019-12-09T02:52:35.393+0000][1][safepoint    ] Total time for which application threads were stopped: 0.0001186 seconds, Stopping threads took: 0.0000138 seconds
[2019-12-09T02:52:35.446+0000][1][safepoint    ] Application time: 0.0537439 seconds
[2019-12-09T02:52:35.446+0000][1][safepoint    ] Entering safepoint region: RevokeBias
[2019-12-09T02:52:35.447+0000][1][safepoint    ] Leaving safepoint region
[2019-12-09T02:52:35.447+0000][1][safepoint    ] Total time for which application threads were stopped: 0.0000857 seconds, Stopping threads took: 0.0000131 seconds
[2019-12-09T02:52:36.461+0000][1][safepoint    ] Application time: 1.0141832 seconds
[2019-12-09T02:52:36.494+0000][1][safepoint    ] Entering safepoint region: Cleanup
[2019-12-09T02:52:36.494+0000][1][safepoint    ] Leaving safepoint region
[2019-12-09T02:52:36.494+0000][1][safepoint    ] Total time for which application threads were stopped: 0.0331202 seconds, Stopping threads took: 0.0330267 seconds
[2019-12-09T02:52:36.845+0000][1][safepoint    ] Application time: 0.3510365 seconds
[2019-12-09T02:52:36.888+0000][1][safepoint    ] Entering safepoint region: RevokeBias
[2019-12-09T02:52:36.888+0000][1][safepoint    ] Leaving safepoint region
[2019-12-09T02:52:36.889+0000][1][safepoint    ] Total time for which application threads were stopped: 0.0435401 seconds, Stopping threads took: 0.0430939 seconds
[2019-12-09T02:52:36.917+0000][1][safepoint    ] Application time: 0.0283411 seconds
[2019-12-09T02:52:36.917+0000][1][safepoint    ] Entering safepoint region: RevokeBias
[2019-12-09T02:52:36.917+0000][1][safepoint    ] Leaving safepoint region
[2019-12-09T02:52:36.917+0000][1][safepoint    ] Total time for which application threads were stopped: 0.0002459 seconds, Stopping threads took: 0.0001665 seconds
[2019-12-09T02:52:36.917+0000][1][safepoint    ] Application time: 0.0001988 seconds
[2019-12-09T02:52:36.917+0000][1][safepoint    ] Entering safepoint region: RevokeBias
[2019-12-09T02:52:36.917+0000][1][safepoint    ] Leaving safepoint region
[2019-12-09T02:52:36.917+0000][1][safepoint    ] Total time for which application threads were stopped: 0.0000689 seconds, Stopping threads took: 0.0000090 seconds
[2019-12-09T02:52:36.917+0000][1][safepoint    ] Application time: 0.0000573 seconds
[2019-12-09T02:52:36.918+0000][1][safepoint    ] Entering safepoint region: RevokeBias
[2019-12-09T02:52:36.918+0000][1][safepoint    ] Leaving safepoint region
[2019-12-09T02:52:36.918+0000][1][safepoint    ] Total time for which application threads were stopped: 0.0000453 seconds, Stopping threads took: 0.0000077 seconds
[2019-12-09T02:52:37.512+0000][1][safepoint    ] Application time: 0.5939738 seconds
[2019-12-09T02:52:37.512+0000][1][safepoint    ] Entering safepoint region: RevokeBias
[2019-12-09T02:52:37.512+0000][1][safepoint    ] Leaving safepoint region
[2019-12-09T02:52:37.512+0000][1][safepoint    ] Total time for which application threads were stopped: 0.0001311 seconds, Stopping threads took: 0.0000437 seconds
[2019-12-09T02:52:37.512+0000][1][safepoint    ] Application time: 0.0000853 seconds
[2019-12-09T02:52:37.512+0000][1][safepoint    ] Entering safepoint region: BulkRevokeBias
[2019-12-09T02:52:37.512+0000][1][safepoint    ] Leaving safepoint region
[2019-12-09T02:52:37.512+0000][1][safepoint    ] Total time for which application threads were stopped: 0.0000978 seconds, Stopping threads took: 0.0000075 seconds
[2019-12-09T02:52:37.512+0000][1][safepoint    ] Application time: 0.0001314 seconds
[2019-12-09T02:52:37.512+0000][1][safepoint    ] Entering safepoint region: RevokeBias
[2019-12-09T02:52:37.512+0000][1][safepoint    ] Leaving safepoint region
[2019-12-09T02:52:37.512+0000][1][safepoint    ] Total time for which application threads were stopped: 0.0000555 seconds, Stopping threads took: 0.0000081 seconds
[2019-12-09T02:52:37.512+0000][1][safepoint    ] Application time: 0.0001077 seconds
[2019-12-09T02:52:37.512+0000][1][safepoint    ] Entering safepoint region: RevokeBias
[2019-12-09T02:52:37.512+0000][1][safepoint    ] Leaving safepoint region
[2019-12-09T02:52:37.512+0000][1][safepoint    ] Total time for which application threads were stopped: 0.0000470 seconds, Stopping threads took: 0.0000069 seconds
[2019-12-09T02:52:37.512+0000][1][safepoint    ] Application time: 0.0001562 seconds
[2019-12-09T02:52:37.512+0000][1][safepoint    ] Entering safepoint region: RevokeBias
[2019-12-09T02:52:37.512+0000][1][safepoint    ] Leaving safepoint region
[2019-12-09T02:52:37.512+0000][1][safepoint    ] Total time for which application threads were stopped: 0.0000460 seconds, Stopping threads took: 0.0000068 seconds
[2019-12-09T02:52:37.513+0000][1][safepoint    ] Application time: 0.0004261 seconds
[2019-12-09T02:52:37.513+0000][1][safepoint    ] Entering safepoint region: RevokeBias
[2019-12-09T02:52:37.513+0000][1][safepoint    ] Leaving safepoint region
[2019-12-09T02:52:37.513+0000][1][safepoint    ] Total time for which application threads were stopped: 0.0000563 seconds, Stopping threads took: 0.0000095 seconds
[2019-12-09T02:52:37.513+0000][1][safepoint    ] Application time: 0.0001720 seconds
[2019-12-09T02:52:37.513+0000][1][safepoint    ] Entering safepoint region: RevokeBias
[2019-12-09T02:52:37.513+0000][1][safepoint    ] Leaving safepoint region
[2019-12-09T02:52:37.513+0000][1][safepoint    ] Total time for which application threads were stopped: 0.0000607 seconds, Stopping threads took: 0.0000082 seconds
[2019-12-09T02:52:37.513+0000][1][safepoint    ] Application time: 0.0000525 seconds
[2019-12-09T02:52:37.513+0000][1][safepoint    ] Entering safepoint region: RevokeBias
[2019-12-09T02:52:37.513+0000][1][safepoint    ] Leaving safepoint region
[2019-12-09T02:52:37.513+0000][1][safepoint    ] Total time for which application threads were stopped: 0.0000465 seconds, Stopping threads took: 0.0000076 seconds
[2019-12-09T02:52:37.513+0000][1][safepoint    ] Application time: 0.0000506 seconds
[2019-12-09T02:52:37.513+0000][1][safepoint    ] Entering safepoint region: RevokeBias
[2019-12-09T02:52:37.513+0000][1][safepoint    ] Leaving safepoint region
[2019-12-09T02:52:37.513+0000][1][safepoint    ] Total time for which application threads were stopped: 0.0000493 seconds, Stopping threads took: 0.0000073 seconds
[2019-12-09T02:52:37.514+0000][1][safepoint    ] Application time: 0.0000505 seconds
[2019-12-09T02:52:37.514+0000][1][safepoint    ] Entering safepoint region: RevokeBias
[2019-12-09T02:52:37.514+0000][1][safepoint    ] Leaving safepoint region
[2019-12-09T02:52:37.514+0000][1][safepoint    ] Total time for which application threads were stopped: 0.0000442 seconds, Stopping threads took: 0.0000074 seconds
[2019-12-09T02:52:37.514+0000][1][safepoint    ] Application time: 0.0000495 seconds
[2019-12-09T02:52:37.514+0000][1][safepoint    ] Entering safepoint region: RevokeBias
[2019-12-09T02:52:37.514+0000][1][safepoint    ] Leaving safepoint region
[2019-12-09T02:52:37.514+0000][1][safepoint    ] Total time for which application threads were stopped: 0.0000651 seconds, Stopping threads took: 0.0000074 seconds
[2019-12-09T02:52:37.514+0000][1][safepoint    ] Application time: 0.0000526 seconds
[2019-12-09T02:52:37.514+0000][1][safepoint    ] Entering safepoint region: RevokeBias
[2019-12-09T02:52:37.514+0000][1][safepoint    ] Leaving safepoint region
[2019-12-09T02:52:37.514+0000][1][safepoint    ] Total time for which application threads were stopped: 0.0000485 seconds, Stopping threads took: 0.0000079 seconds
[2019-12-09T02:52:37.514+0000][1][safepoint    ] Application time: 0.0000488 seconds
[2019-12-09T02:52:37.514+0000][1][safepoint    ] Entering safepoint region: RevokeBias
[2019-12-09T02:52:37.514+0000][1][safepoint    ] Leaving safepoint region
[2019-12-09T02:52:37.514+0000][1][safepoint    ] Total time for which application threads were stopped: 0.0000470 seconds, Stopping threads took: 0.0000076 seconds
[2019-12-09T02:52:37.514+0000][1][safepoint    ] Application time: 0.0000493 seconds
[2019-12-09T02:52:37.514+0000][1][safepoint    ] Entering safepoint region: RevokeBias
[2019-12-09T02:52:37.514+0000][1][safepoint    ] Leaving safepoint region
[2019-12-09T02:52:37.514+0000][1][safepoint    ] Total time for which application threads were stopped: 0.0000429 seconds, Stopping threads took: 0.0000073 seconds
[2019-12-09T02:52:37.514+0000][1][safepoint    ] Application time: 0.0000480 seconds
[2019-12-09T02:52:37.514+0000][1][safepoint    ] Entering safepoint region: RevokeBias
[2019-12-09T02:52:37.514+0000][1][safepoint    ] Leaving safepoint region
[2019-12-09T02:52:37.514+0000][1][safepoint    ] Total time for which application threads were stopped: 0.0000417 seconds, Stopping threads took: 0.0000073 seconds
[2019-12-09T02:52:37.514+0000][1][safepoint    ] Application time: 0.0000482 seconds
[2019-12-09T02:52:37.514+0000][1][safepoint    ] Entering safepoint region: RevokeBias
[2019-12-09T02:52:37.514+0000][1][safepoint    ] Leaving safepoint region
[2019-12-09T02:52:37.514+0000][1][safepoint    ] Total time for which application threads were stopped: 0.0000415 seconds, Stopping threads took: 0.0000072 seconds
[2019-12-09T02:52:37.514+0000][1][safepoint    ] Application time: 0.0000478 seconds
[2019-12-09T02:52:37.514+0000][1][safepoint    ] Entering safepoint region: RevokeBias
[2019-12-09T02:52:37.514+0000][1][safepoint    ] Leaving safepoint region
[2019-12-09T02:52:37.514+0000][1][safepoint    ] Total time for which application threads were stopped: 0.0000412 seconds, Stopping threads took: 0.0000071 seconds
[2019-12-09T02:52:37.514+0000][1][safepoint    ] Application time: 0.0000483 seconds
[2019-12-09T02:52:37.514+0000][1][safepoint    ] Entering safepoint region: RevokeBias
[2019-12-09T02:52:37.514+0000][1][safepoint    ] Leaving safepoint region
[2019-12-09T02:52:37.514+0000][1][safepoint    ] Total time for which application threads were stopped: 0.0000408 seconds, Stopping threads took: 0.0000071 seconds
[2019-12-09T02:52:37.515+0000][1][safepoint    ] Application time: 0.0000480 seconds
[2019-12-09T02:52:37.515+0000][1][safepoint    ] Entering safepoint region: RevokeBias
[2019-12-09T02:52:37.515+0000][1][safepoint    ] Leaving safepoint region
[2019-12-09T02:52:37.515+0000][1][safepoint    ] Total time for which application threads were stopped: 0.0000466 seconds, Stopping threads took: 0.0000069 seconds
[2019-12-09T02:52:37.515+0000][1][safepoint    ] Application time: 0.0000489 seconds
[2019-12-09T02:52:37.515+0000][1][safepoint    ] Entering safepoint region: RevokeBias
[2019-12-09T02:52:37.515+0000][1][safepoint    ] Leaving safepoint region
[2019-12-09T02:52:37.515+0000][1][safepoint    ] Total time for which application threads were stopped: 0.0000448 seconds, Stopping threads took: 0.0000078 seconds
[2019-12-09T02:52:37.515+0000][1][safepoint    ] Application time: 0.0000500 seconds
[2019-12-09T02:52:37.515+0000][1][safepoint    ] Entering safepoint region: RevokeBias
[2019-12-09T02:52:37.515+0000][1][safepoint    ] Leaving safepoint region
[2019-12-09T02:52:37.515+0000][1][safepoint    ] Total time for which application threads were stopped: 0.0000427 seconds, Stopping threads took: 0.0000075 seconds
[2019-12-09T02:52:37.515+0000][1][safepoint    ] Application time: 0.0000481 seconds
[2019-12-09T02:52:37.515+0000][1][safepoint    ] Entering safepoint region: RevokeBias
[2019-12-09T02:52:37.515+0000][1][safepoint    ] Leaving safepoint region
[2019-12-09T02:52:37.515+0000][1][safepoint    ] Total time for which application threads were stopped: 0.0000411 seconds, Stopping threads took: 0.0000072 seconds
[2019-12-09T02:52:37.515+0000][1][safepoint    ] Application time: 0.0000587 seconds
[2019-12-09T02:52:37.515+0000][1][safepoint    ] Entering safepoint region: RevokeBias
[2019-12-09T02:52:37.515+0000][1][safepoint    ] Leaving safepoint region
[2019-12-09T02:52:37.515+0000][1][safepoint    ] Total time for which application threads were stopped: 0.0000440 seconds, Stopping threads took: 0.0000077 seconds
[2019-12-09T02:52:37.515+0000][1][safepoint    ] Application time: 0.0000498 seconds
[2019-12-09T02:52:37.515+0000][1][safepoint    ] Entering safepoint region: BulkRevokeBias
[2019-12-09T02:52:37.515+0000][1][safepoint    ] Leaving safepoint region
[2019-12-09T02:52:37.515+0000][1][safepoint    ] Total time for which application threads were stopped: 0.0000988 seconds, Stopping threads took: 0.0000076 seconds
[2019-12-09T02:52:37.515+0000][1][safepoint    ] Application time: 0.0001555 seconds
[2019-12-09T02:52:37.515+0000][1][safepoint    ] Entering safepoint region: RevokeBias
[2019-12-09T02:52:37.515+0000][1][safepoint    ] Leaving safepoint region
[2019-12-09T02:52:37.515+0000][1][safepoint    ] Total time for which application threads were stopped: 0.0000592 seconds, Stopping threads took: 0.0000082 seconds
[2019-12-09T02:52:37.516+0000][1][safepoint    ] Application time: 0.0001191 seconds
[2019-12-09T02:52:37.516+0000][1][safepoint    ] Entering safepoint region: RevokeBias
[2019-12-09T02:52:37.516+0000][1][safepoint    ] Leaving safepoint region
[2019-12-09T02:52:37.516+0000][1][safepoint    ] Total time for which application threads were stopped: 0.0000495 seconds, Stopping threads took: 0.0000083 seconds
[2019-12-09T02:52:37.516+0000][1][safepoint    ] Application time: 0.0000634 seconds
[2019-12-09T02:52:37.516+0000][1][safepoint    ] Entering safepoint region: RevokeBias
[2019-12-09T02:52:37.516+0000][1][safepoint    ] Leaving safepoint region
[2019-12-09T02:52:37.516+0000][1][safepoint    ] Total time for which application threads were stopped: 0.0000509 seconds, Stopping threads took: 0.0000085 seconds
[2019-12-09T02:52:37.516+0000][1][safepoint    ] Application time: 0.0000706 seconds
[2019-12-09T02:52:37.516+0000][1][safepoint    ] Entering safepoint region: RevokeBias
[2019-12-09T02:52:37.516+0000][1][safepoint    ] Leaving safepoint region
[2019-12-09T02:52:37.516+0000][1][safepoint    ] Total time for which application threads were stopped: 0.0000484 seconds, Stopping threads took: 0.0000077 seconds
[2019-12-09T02:52:37.516+0000][1][safepoint    ] Application time: 0.0000546 seconds
[2019-12-09T02:52:37.516+0000][1][safepoint    ] Entering safepoint region: RevokeBias
[2019-12-09T02:52:37.516+0000][1][safepoint    ] Leaving safepoint region
[2019-12-09T02:52:37.516+0000][1][safepoint    ] Total time for which application threads were stopped: 0.0000526 seconds, Stopping threads took: 0.0000122 seconds
[2019-12-09T02:52:37.516+0000][1][safepoint    ] Application time: 0.0001686 seconds
[2019-12-09T02:52:37.516+0000][1][safepoint    ] Entering safepoint region: RevokeBias
[2019-12-09T02:52:37.516+0000][1][safepoint    ] Leaving safepoint region
[2019-12-09T02:52:37.516+0000][1][safepoint    ] Total time for which application threads were stopped: 0.0000470 seconds, Stopping threads took: 0.0000079 seconds
[2019-12-09T02:52:37.517+0000][1][safepoint    ] Application time: 0.0002811 seconds
[2019-12-09T02:52:37.517+0000][1][safepoint    ] Entering safepoint region: RevokeBias
[2019-12-09T02:52:37.517+0000][1][safepoint    ] Leaving safepoint region
[2019-12-09T02:52:37.517+0000][1][safepoint    ] Total time for which application threads were stopped: 0.0000599 seconds, Stopping threads took: 0.0000090 seconds
[2019-12-09T02:52:37.517+0000][1][safepoint    ] Application time: 0.0000877 seconds
[2019-12-09T02:52:37.517+0000][1][safepoint    ] Entering safepoint region: RevokeBias
[2019-12-09T02:52:37.517+0000][1][safepoint    ] Leaving safepoint region
[2019-12-09T02:52:37.517+0000][1][safepoint    ] Total time for which application threads were stopped: 0.0000534 seconds, Stopping threads took: 0.0000084 seconds
[2019-12-09T02:52:37.517+0000][1][safepoint    ] Application time: 0.0001780 seconds
[2019-12-09T02:52:37.517+0000][1][safepoint    ] Entering safepoint region: RevokeBias
[2019-12-09T02:52:37.517+0000][1][safepoint    ] Leaving safepoint region
[2019-12-09T02:52:37.517+0000][1][safepoint    ] Total time for which application threads were stopped: 0.0000658 seconds, Stopping threads took: 0.0000190 seconds
[2019-12-09T02:52:37.517+0000][1][safepoint    ] Application time: 0.0000564 seconds
[2019-12-09T02:52:37.517+0000][1][safepoint    ] Entering safepoint region: RevokeBias
[2019-12-09T02:52:37.517+0000][1][safepoint    ] Leaving safepoint region
[2019-12-09T02:52:37.517+0000][1][safepoint    ] Total time for which application threads were stopped: 0.0000424 seconds, Stopping threads took: 0.0000064 seconds
[2019-12-09T02:52:37.517+0000][1][safepoint    ] Application time: 0.0000458 seconds
[2019-12-09T02:52:37.517+0000][1][safepoint    ] Entering safepoint region: RevokeBias
[2019-12-09T02:52:37.517+0000][1][safepoint    ] Leaving safepoint region
[2019-12-09T02:52:37.517+0000][1][safepoint    ] Total time for which application threads were stopped: 0.0000431 seconds, Stopping threads took: 0.0000069 seconds
[2019-12-09T02:52:37.517+0000][1][safepoint    ] Application time: 0.0000455 seconds
[2019-12-09T02:52:37.517+0000][1][safepoint    ] Entering safepoint region: RevokeBias
[2019-12-09T02:52:37.517+0000][1][safepoint    ] Leaving safepoint region
[2019-12-09T02:52:37.517+0000][1][safepoint    ] Total time for which application threads were stopped: 0.0000385 seconds, Stopping threads took: 0.0000068 seconds
[2019-12-09T02:52:37.518+0000][1][safepoint    ] Application time: 0.0002850 seconds
[2019-12-09T02:52:37.518+0000][1][safepoint    ] Entering safepoint region: RevokeBias
[2019-12-09T02:52:37.518+0000][1][safepoint    ] Leaving safepoint region
[2019-12-09T02:52:37.518+0000][1][safepoint    ] Total time for which application threads were stopped: 0.0000600 seconds, Stopping threads took: 0.0000077 seconds
[2019-12-09T02:52:37.518+0000][1][safepoint    ] Application time: 0.0001462 seconds
[2019-12-09T02:52:37.518+0000][1][safepoint    ] Entering safepoint region: RevokeBias
[2019-12-09T02:52:37.518+0000][1][safepoint    ] Leaving safepoint region
[2019-12-09T02:52:37.518+0000][1][safepoint    ] Total time for which application threads were stopped: 0.0000421 seconds, Stopping threads took: 0.0000070 seconds
[2019-12-09T02:52:37.518+0000][1][safepoint    ] Application time: 0.0001320 seconds
[2019-12-09T02:52:37.518+0000][1][safepoint    ] Entering safepoint region: RevokeBias
[2019-12-09T02:52:37.518+0000][1][safepoint    ] Leaving safepoint region
[2019-12-09T02:52:37.518+0000][1][safepoint    ] Total time for which application threads were stopped: 0.0000463 seconds, Stopping threads took: 0.0000116 seconds
[2019-12-09T02:52:37.518+0000][1][safepoint    ] Application time: 0.0003079 seconds
[2019-12-09T02:52:37.518+0000][1][safepoint    ] Entering safepoint region: RevokeBias
[2019-12-09T02:52:37.518+0000][1][safepoint    ] Leaving safepoint region
[2019-12-09T02:52:37.518+0000][1][safepoint    ] Total time for which application threads were stopped: 0.0000485 seconds, Stopping threads took: 0.0000089 seconds
[2019-12-09T02:52:37.519+0000][1][safepoint    ] Application time: 0.0000533 seconds
[2019-12-09T02:52:37.519+0000][1][safepoint    ] Entering safepoint region: RevokeBias
[2019-12-09T02:52:37.519+0000][1][safepoint    ] Leaving safepoint region
[2019-12-09T02:52:37.519+0000][1][safepoint    ] Total time for which application threads were stopped: 0.0000585 seconds, Stopping threads took: 0.0000083 seconds
[2019-12-09T02:52:37.519+0000][1][safepoint    ] Application time: 0.0000522 seconds
[2019-12-09T02:52:37.519+0000][1][safepoint    ] Entering safepoint region: RevokeBias
[2019-12-09T02:52:37.519+0000][1][safepoint    ] Leaving safepoint region
[2019-12-09T02:52:37.519+0000][1][safepoint    ] Total time for which application threads were stopped: 0.0000514 seconds, Stopping threads took: 0.0000080 seconds
[2019-12-09T02:52:37.519+0000][1][safepoint    ] Application time: 0.0002945 seconds
[2019-12-09T02:52:37.519+0000][1][safepoint    ] Entering safepoint region: RevokeBias
[2019-12-09T02:52:37.519+0000][1][safepoint    ] Leaving safepoint region
[2019-12-09T02:52:37.519+0000][1][safepoint    ] Total time for which application threads were stopped: 0.0000507 seconds, Stopping threads took: 0.0000094 seconds
[2019-12-09T02:52:37.519+0000][1][safepoint    ] Application time: 0.0000563 seconds
[2019-12-09T02:52:37.519+0000][1][safepoint    ] Entering safepoint region: RevokeBias
[2019-12-09T02:52:37.519+0000][1][safepoint    ] Leaving safepoint region
[2019-12-09T02:52:37.519+0000][1][safepoint    ] Total time for which application threads were stopped: 0.0000415 seconds, Stopping threads took: 0.0000089 seconds
[2019-12-09T02:52:37.519+0000][1][safepoint    ] Application time: 0.0000538 seconds
[2019-12-09T02:52:37.519+0000][1][safepoint    ] Entering safepoint region: RevokeBias
[2019-12-09T02:52:37.519+0000][1][safepoint    ] Leaving safepoint region
[2019-12-09T02:52:37.519+0000][1][safepoint    ] Total time for which application threads were stopped: 0.0000405 seconds, Stopping threads took: 0.0000085 seconds
[2019-12-09T02:52:37.519+0000][1][safepoint    ] Application time: 0.0000573 seconds
[2019-12-09T02:52:37.519+0000][1][safepoint    ] Entering safepoint region: RevokeBias
[2019-12-09T02:52:37.519+0000][1][safepoint    ] Leaving safepoint region
[2019-12-09T02:52:37.519+0000][1][safepoint    ] Total time for which application threads were stopped: 0.0000403 seconds, Stopping threads took: 0.0000087 seconds
[2019-12-09T02:52:37.519+0000][1][safepoint    ] Application time: 0.0000542 seconds
[2019-12-09T02:52:37.519+0000][1][safepoint    ] Entering safepoint region: RevokeBias
[2019-12-09T02:52:37.520+0000][1][safepoint    ] Leaving safepoint region
[2019-12-09T02:52:37.520+0000][1][safepoint    ] Total time for which application threads were stopped: 0.0000390 seconds, Stopping threads took: 0.0000085 seconds
[2019-12-09T02:52:37.520+0000][1][safepoint    ] Application time: 0.0000526 seconds
[2019-12-09T02:52:37.520+0000][1][safepoint    ] Entering safepoint region: RevokeBias
[2019-12-09T02:52:37.520+0000][1][safepoint    ] Leaving safepoint region
[2019-12-09T02:52:37.520+0000][1][safepoint    ] Total time for which application threads were stopped: 0.0000398 seconds, Stopping threads took: 0.0000084 seconds
[2019-12-09T02:52:37.520+0000][1][safepoint    ] Application time: 0.0000686 seconds
[2019-12-09T02:52:37.520+0000][1][safepoint    ] Entering safepoint region: RevokeBias
[2019-12-09T02:52:37.520+0000][1][safepoint    ] Leaving safepoint region
[2019-12-09T02:52:37.520+0000][1][safepoint    ] Total time for which application threads were stopped: 0.0000462 seconds, Stopping threads took: 0.0000133 seconds
[2019-12-09T02:52:37.520+0000][1][safepoint    ] Application time: 0.0000560 seconds
[2019-12-09T02:52:37.520+0000][1][safepoint    ] Entering safepoint region: RevokeBias
[2019-12-09T02:52:37.520+0000][1][safepoint    ] Leaving safepoint region
[2019-12-09T02:52:37.520+0000][1][safepoint    ] Total time for which application threads were stopped: 0.0000391 seconds, Stopping threads took: 0.0000086 seconds
[2019-12-09T02:52:37.520+0000][1][safepoint    ] Application time: 0.0000541 seconds
[2019-12-09T02:52:37.520+0000][1][safepoint    ] Entering safepoint region: RevokeBias
[2019-12-09T02:52:37.520+0000][1][safepoint    ] Leaving safepoint region
[2019-12-09T02:52:37.520+0000][1][safepoint    ] Total time for which application threads were stopped: 0.0000369 seconds, Stopping threads took: 0.0000084 seconds
[2019-12-09T02:52:37.520+0000][1][safepoint    ] Application time: 0.0000637 seconds
[2019-12-09T02:52:37.520+0000][1][safepoint    ] Entering safepoint region: RevokeBias
[2019-12-09T02:52:37.520+0000][1][safepoint    ] Leaving safepoint region
[2019-12-09T02:52:37.520+0000][1][safepoint    ] Total time for which application threads were stopped: 0.0000383 seconds, Stopping threads took: 0.0000085 seconds
[2019-12-09T02:52:37.520+0000][1][safepoint    ] Application time: 0.0000512 seconds
[2019-12-09T02:52:37.520+0000][1][safepoint    ] Entering safepoint region: RevokeBias
[2019-12-09T02:52:37.520+0000][1][safepoint    ] Leaving safepoint region
[2019-12-09T02:52:37.520+0000][1][safepoint    ] Total time for which application threads were stopped: 0.0000389 seconds, Stopping threads took: 0.0000084 seconds
[2019-12-09T02:52:37.520+0000][1][safepoint    ] Application time: 0.0000538 seconds
[2019-12-09T02:52:37.520+0000][1][safepoint    ] Entering safepoint region: RevokeBias
[2019-12-09T02:52:37.520+0000][1][safepoint    ] Leaving safepoint region
[2019-12-09T02:52:37.520+0000][1][safepoint    ] Total time for which application threads were stopped: 0.0000386 seconds, Stopping threads took: 0.0000084 seconds
[2019-12-09T02:52:37.520+0000][1][safepoint    ] Application time: 0.0000510 seconds
[2019-12-09T02:52:37.520+0000][1][safepoint    ] Entering safepoint region: RevokeBias
[2019-12-09T02:52:37.520+0000][1][safepoint    ] Leaving safepoint region
[2019-12-09T02:52:37.520+0000][1][safepoint    ] Total time for which application threads were stopped: 0.0000354 seconds, Stopping threads took: 0.0000076 seconds
[2019-12-09T02:52:37.520+0000][1][safepoint    ] Application time: 0.0000530 seconds
[2019-12-09T02:52:37.521+0000][1][safepoint    ] Entering safepoint region: RevokeBias
[2019-12-09T02:52:37.521+0000][1][safepoint    ] Leaving safepoint region
[2019-12-09T02:52:37.521+0000][1][safepoint    ] Total time for which application threads were stopped: 0.0000387 seconds, Stopping threads took: 0.0000083 seconds
[2019-12-09T02:52:37.521+0000][1][safepoint    ] Application time: 0.0000526 seconds
[2019-12-09T02:52:37.521+0000][1][safepoint    ] Entering safepoint region: RevokeBias
[2019-12-09T02:52:37.521+0000][1][safepoint    ] Leaving safepoint region
[2019-12-09T02:52:37.521+0000][1][safepoint    ] Total time for which application threads were stopped: 0.0000391 seconds, Stopping threads took: 0.0000083 seconds
[2019-12-09T02:52:37.521+0000][1][safepoint    ] Application time: 0.0000773 seconds
[2019-12-09T02:52:37.521+0000][1][safepoint    ] Entering safepoint region: RevokeBias
[2019-12-09T02:52:37.521+0000][1][safepoint    ] Leaving safepoint region
[2019-12-09T02:52:37.521+0000][1][safepoint    ] Total time for which application threads were stopped: 0.0000405 seconds, Stopping threads took: 0.0000085 seconds
[2019-12-09T02:52:37.521+0000][1][safepoint    ] Application time: 0.0000529 seconds
[2019-12-09T02:52:37.521+0000][1][safepoint    ] Entering safepoint region: RevokeBias
[2019-12-09T02:52:37.521+0000][1][safepoint    ] Leaving safepoint region
[2019-12-09T02:52:37.521+0000][1][safepoint    ] Total time for which application threads were stopped: 0.0000438 seconds, Stopping threads took: 0.0000127 seconds
[2019-12-09T02:52:37.521+0000][1][safepoint    ] Application time: 0.0000529 seconds
[2019-12-09T02:52:37.521+0000][1][safepoint    ] Entering safepoint region: BulkRevokeBias
[2019-12-09T02:52:37.521+0000][1][safepoint    ] Leaving safepoint region
[2019-12-09T02:52:37.521+0000][1][safepoint    ] Total time for which application threads were stopped: 0.0000953 seconds, Stopping threads took: 0.0000087 seconds
[2019-12-09T02:52:37.552+0000][1][safepoint    ] Application time: 0.0313245 seconds
[2019-12-09T02:52:37.552+0000][1][safepoint    ] Entering safepoint region: RevokeBias
[2019-12-09T02:52:37.552+0000][1][safepoint    ] Leaving safepoint region
[2019-12-09T02:52:37.552+0000][1][safepoint    ] Total time for which application threads were stopped: 0.0000580 seconds, Stopping threads took: 0.0000119 seconds
[2019-12-09T02:52:37.553+0000][1][safepoint    ] Application time: 0.0000637 seconds
[2019-12-09T02:52:37.553+0000][1][safepoint    ] Entering safepoint region: RevokeBias
[2019-12-09T02:52:37.553+0000][1][safepoint    ] Leaving safepoint region
[2019-12-09T02:52:37.553+0000][1][safepoint    ] Total time for which application threads were stopped: 0.0000534 seconds, Stopping threads took: 0.0000087 seconds
[2019-12-09T02:52:37.553+0000][1][safepoint    ] Application time: 0.0004840 seconds
[2019-12-09T02:52:37.553+0000][1][safepoint    ] Entering safepoint region: RevokeBias
[2019-12-09T02:52:37.553+0000][1][safepoint    ] Leaving safepoint region
[2019-12-09T02:52:37.553+0000][1][safepoint    ] Total time for which application threads were stopped: 0.0000641 seconds, Stopping threads took: 0.0000109 seconds
[2019-12-09T02:52:37.553+0000][1][safepoint    ] Application time: 0.0001254 seconds
[2019-12-09T02:52:37.553+0000][1][safepoint    ] Entering safepoint region: RevokeBias
[2019-12-09T02:52:37.553+0000][1][safepoint    ] Leaving safepoint region
[2019-12-09T02:52:37.553+0000][1][safepoint    ] Total time for which application threads were stopped: 0.0000515 seconds, Stopping threads took: 0.0000080 seconds
[2019-12-09T02:52:37.554+0000][1][safepoint    ] Application time: 0.0002052 seconds
[2019-12-09T02:52:37.554+0000][1][safepoint    ] Entering safepoint region: BulkRevokeBias
[2019-12-09T02:52:37.554+0000][1][safepoint    ] Leaving safepoint region
[2019-12-09T02:52:37.554+0000][1][safepoint    ] Total time for which application threads were stopped: 0.0001177 seconds, Stopping threads took: 0.0000087 seconds
[2019-12-09T02:52:37.555+0000][1][safepoint    ] Application time: 0.0014000 seconds
[2019-12-09T02:52:37.555+0000][1][safepoint    ] Entering safepoint region: RevokeBias
[2019-12-09T02:52:37.555+0000][1][safepoint    ] Leaving safepoint region
[2019-12-09T02:52:37.555+0000][1][safepoint    ] Total time for which application threads were stopped: 0.0000782 seconds, Stopping threads took: 0.0000109 seconds
[2019-12-09T02:52:37.555+0000][1][safepoint    ] Application time: 0.0000653 seconds
[2019-12-09T02:52:37.555+0000][1][safepoint    ] Entering safepoint region: RevokeBias
[2019-12-09T02:52:37.555+0000][1][safepoint    ] Leaving safepoint region
[2019-12-09T02:52:37.555+0000][1][safepoint    ] Total time for which application threads were stopped: 0.0000538 seconds, Stopping threads took: 0.0000090 seconds
[2019-12-09T02:52:37.557+0000][1][safepoint    ] Application time: 0.0017334 seconds
[2019-12-09T02:52:37.557+0000][1][safepoint    ] Entering safepoint region: RevokeBias
[2019-12-09T02:52:37.557+0000][1][safepoint    ] Leaving safepoint region
[2019-12-09T02:52:37.557+0000][1][safepoint    ] Total time for which application threads were stopped: 0.0000742 seconds, Stopping threads took: 0.0000102 seconds
[2019-12-09T02:52:37.587+0000][1][safepoint    ] Application time: 0.0295252 seconds
[2019-12-09T02:52:37.587+0000][1][safepoint    ] Entering safepoint region: RevokeBias
[2019-12-09T02:52:37.587+0000][1][safepoint    ] Leaving safepoint region
[2019-12-09T02:52:37.587+0000][1][safepoint    ] Total time for which application threads were stopped: 0.0001117 seconds, Stopping threads took: 0.0000191 seconds
[2019-12-09T02:52:37.587+0000][1][safepoint    ] Application time: 0.0000692 seconds
[2019-12-09T02:52:37.587+0000][1][safepoint    ] Entering safepoint region: RevokeBias
[2019-12-09T02:52:37.587+0000][1][safepoint    ] Leaving safepoint region
[2019-12-09T02:52:37.587+0000][1][safepoint    ] Total time for which application threads were stopped: 0.0000638 seconds, Stopping threads took: 0.0000083 seconds
[2019-12-09T02:52:37.594+0000][1][safepoint    ] Application time: 0.0068622 seconds
[2019-12-09T02:52:37.594+0000][1][safepoint    ] Entering safepoint region: RevokeBias
[2019-12-09T02:52:37.594+0000][1][safepoint    ] Leaving safepoint region
[2019-12-09T02:52:37.594+0000][1][safepoint    ] Total time for which application threads were stopped: 0.0001258 seconds, Stopping threads took: 0.0000536 seconds
[2019-12-09T02:52:37.609+0000][1][safepoint    ] Application time: 0.0147086 seconds
[2019-12-09T02:52:37.609+0000][1][safepoint    ] Entering safepoint region: RevokeBias
[2019-12-09T02:52:37.609+0000][1][safepoint    ] Leaving safepoint region
[2019-12-09T02:52:37.609+0000][1][safepoint    ] Total time for which application threads were stopped: 0.0000436 seconds, Stopping threads took: 0.0000111 seconds
[2019-12-09T02:52:37.792+0000][1][safepoint    ] Application time: 0.1828547 seconds
[2019-12-09T02:52:37.805+0000][1][safepoint    ] Entering safepoint region: RevokeBias
[2019-12-09T02:52:37.805+0000][1][safepoint    ] Leaving safepoint region
[2019-12-09T02:52:37.805+0000][1][safepoint    ] Total time for which application threads were stopped: 0.0136275 seconds, Stopping threads took: 0.0135170 seconds
[2019-12-09T02:52:37.851+0000][1][safepoint    ] Application time: 0.0456865 seconds
[2019-12-09T02:52:37.865+0000][1][safepoint    ] Entering safepoint region: RevokeBias
[2019-12-09T02:52:37.865+0000][1][safepoint    ] Leaving safepoint region
[2019-12-09T02:52:37.865+0000][1][safepoint    ] Total time for which application threads were stopped: 0.0138580 seconds, Stopping threads took: 0.0137781 seconds
[2019-12-09T02:52:38.883+0000][1][safepoint    ] Application time: 1.0177496 seconds
[2019-12-09T02:52:38.885+0000][1][safepoint    ] Entering safepoint region: GenCollectForAllocation
[2019-12-09T02:52:38.885+0000][1][gc,start     ] GC(20) Pause Young (Allocation Failure)
[2019-12-09T02:52:38.885+0000][1][gc,task      ] GC(20) Using 2 workers of 2 for evacuation
[2019-12-09T02:52:39.287+0000][1][gc,age       ] GC(20) Desired survivor size 4456448 bytes, new threshold 2 (max threshold 6)
[2019-12-09T02:52:39.287+0000][1][gc,age       ] GC(20) Age table with threshold 2 (max threshold 6)
[2019-12-09T02:52:39.287+0000][1][gc,age       ] GC(20) - age   1:    2827216 bytes,    2827216 total
[2019-12-09T02:52:39.287+0000][1][gc,age       ] GC(20) - age   2:    2462816 bytes,    5290032 total
[2019-12-09T02:52:39.287+0000][1][gc,heap      ] GC(20) ParNew: 76950K->7385K(78656K)
[2019-12-09T02:52:39.287+0000][1][gc,heap      ] GC(20) CMS: 54900K->58044K(174784K)
[2019-12-09T02:52:39.287+0000][1][gc,metaspace ] GC(20) Metaspace: 48286K->48286K(1093632K)
[2019-12-09T02:52:39.287+0000][1][gc           ] GC(20) Pause Young (Allocation Failure) 128M->63M(247M) 402.476ms
[2019-12-09T02:52:39.287+0000][1][gc,cpu       ] GC(20) User=0.11s Sys=0.00s Real=0.40s
[2019-12-09T02:52:39.287+0000][1][safepoint    ] Leaving safepoint region
[2019-12-09T02:52:39.287+0000][1][safepoint    ] Total time for which application threads were stopped: 0.4045978 seconds, Stopping threads took: 0.0019906 seconds
[2019-12-09T02:52:39.299+0000][1][safepoint    ] Application time: 0.0113575 seconds
[2019-12-09T02:52:39.299+0000][1][safepoint    ] Entering safepoint region: RevokeBias
[2019-12-09T02:52:39.299+0000][1][safepoint    ] Leaving safepoint region
[2019-12-09T02:52:39.299+0000][1][safepoint    ] Total time for which application threads were stopped: 0.0003678 seconds, Stopping threads took: 0.0003084 seconds
[2019-12-09T02:52:39.328+0000][1][safepoint    ] Application time: 0.0285568 seconds
[2019-12-09T02:52:39.328+0000][1][safepoint    ] Entering safepoint region: RevokeBias
[2019-12-09T02:52:39.328+0000][1][safepoint    ] Leaving safepoint region
[2019-12-09T02:52:39.328+0000][1][safepoint    ] Total time for which application threads were stopped: 0.0001500 seconds, Stopping threads took: 0.0000991 seconds
[2019-12-09T02:52:40.054+0000][1][safepoint    ] Application time: 0.7262228 seconds
[2019-12-09T02:52:40.054+0000][1][safepoint    ] Entering safepoint region: RevokeBias
[2019-12-09T02:52:40.055+0000][1][safepoint    ] Leaving safepoint region
[2019-12-09T02:52:40.055+0000][1][safepoint    ] Total time for which application threads were stopped: 0.0004533 seconds, Stopping threads took: 0.0000143 seconds
[2019-12-09T02:52:40.333+0000][1][safepoint    ] Application time: 0.2786129 seconds
[2019-12-09T02:52:40.337+0000][1][safepoint    ] Entering safepoint region: RevokeBias
[2019-12-09T02:52:40.337+0000][1][safepoint    ] Leaving safepoint region
[2019-12-09T02:52:40.337+0000][1][safepoint    ] Total time for which application threads were stopped: 0.0035522 seconds, Stopping threads took: 0.0034731 seconds
[2019-12-09T02:52:40.766+0000][1][safepoint    ] Application time: 0.4292531 seconds
[2019-12-09T02:52:40.766+0000][1][safepoint    ] Entering safepoint region: RevokeBias
[2019-12-09T02:52:40.766+0000][1][safepoint    ] Leaving safepoint region
[2019-12-09T02:52:40.766+0000][1][safepoint    ] Total time for which application threads were stopped: 0.0000713 seconds, Stopping threads took: 0.0000152 seconds
[2019-12-09T02:52:40.767+0000][1][safepoint    ] Application time: 0.0011074 seconds
[2019-12-09T02:52:40.767+0000][1][safepoint    ] Entering safepoint region: RevokeBias
[2019-12-09T02:52:40.767+0000][1][safepoint    ] Leaving safepoint region
[2019-12-09T02:52:40.767+0000][1][safepoint    ] Total time for which application threads were stopped: 0.0000621 seconds, Stopping threads took: 0.0000139 seconds
[2019-12-09T02:52:40.826+0000][1][safepoint    ] Application time: 0.0585772 seconds
[2019-12-09T02:52:40.826+0000][1][safepoint    ] Entering safepoint region: RevokeBias
[2019-12-09T02:52:40.826+0000][1][safepoint    ] Leaving safepoint region
[2019-12-09T02:52:40.826+0000][1][safepoint    ] Total time for which application threads were stopped: 0.0000683 seconds, Stopping threads took: 0.0000162 seconds
[2019-12-09T02:52:40.829+0000][1][safepoint    ] Application time: 0.0031980 seconds
[2019-12-09T02:52:40.829+0000][1][safepoint    ] Entering safepoint region: RevokeBias
[2019-12-09T02:52:40.829+0000][1][safepoint    ] Leaving safepoint region
[2019-12-09T02:52:40.829+0000][1][safepoint    ] Total time for which application threads were stopped: 0.0000521 seconds, Stopping threads took: 0.0000128 seconds
[2019-12-09T02:52:40.942+0000][1][safepoint    ] Application time: 0.1123446 seconds
[2019-12-09T02:52:40.942+0000][1][safepoint    ] Entering safepoint region: RevokeBias
[2019-12-09T02:52:40.942+0000][1][safepoint    ] Leaving safepoint region
[2019-12-09T02:52:40.942+0000][1][safepoint    ] Total time for which application threads were stopped: 0.0000937 seconds, Stopping threads took: 0.0000176 seconds
[2019-12-09T02:52:41.119+0000][1][safepoint    ] Application time: 0.1767718 seconds
[2019-12-09T02:52:41.119+0000][1][safepoint    ] Entering safepoint region: RevokeBias
[2019-12-09T02:52:41.119+0000][1][safepoint    ] Leaving safepoint region
[2019-12-09T02:52:41.119+0000][1][safepoint    ] Total time for which application threads were stopped: 0.0000892 seconds, Stopping threads took: 0.0000157 seconds
[2019-12-09T02:52:41.195+0000][1][safepoint    ] Application time: 0.0759494 seconds
[2019-12-09T02:52:41.195+0000][1][safepoint    ] Entering safepoint region: RevokeBias
[2019-12-09T02:52:41.195+0000][1][safepoint    ] Leaving safepoint region
[2019-12-09T02:52:41.195+0000][1][safepoint    ] Total time for which application threads were stopped: 0.0000867 seconds, Stopping threads took: 0.0000157 seconds
[2019-12-09T02:52:41.308+0000][1][safepoint    ] Application time: 0.1128774 seconds
[2019-12-09T02:52:41.308+0000][1][safepoint    ] Entering safepoint region: RevokeBias
[2019-12-09T02:52:41.308+0000][1][safepoint    ] Leaving safepoint region
[2019-12-09T02:52:41.308+0000][1][safepoint    ] Total time for which application threads were stopped: 0.0000615 seconds, Stopping threads took: 0.0000140 seconds
[2019-12-09T02:52:41.361+0000][1][safepoint    ] Application time: 0.0531262 seconds
[2019-12-09T02:52:41.364+0000][1][safepoint    ] Entering safepoint region: RevokeBias
[2019-12-09T02:52:41.364+0000][1][safepoint    ] Leaving safepoint region
[2019-12-09T02:52:41.364+0000][1][safepoint    ] Total time for which application threads were stopped: 0.0028147 seconds, Stopping threads took: 0.0027596 seconds
[2019-12-09T02:52:42.368+0000][1][safepoint    ] Application time: 1.0039281 seconds
[2019-12-09T02:52:42.368+0000][1][safepoint    ] Entering safepoint region: Cleanup
[2019-12-09T02:52:42.369+0000][1][safepoint    ] Leaving safepoint region
[2019-12-09T02:52:42.369+0000][1][safepoint    ] Total time for which application threads were stopped: 0.0011558 seconds, Stopping threads took: 0.0006697 seconds
[2019-12-09T02:52:43.371+0000][1][safepoint    ] Application time: 1.0017829 seconds
[2019-12-09T02:52:43.437+0000][1][safepoint    ] Entering safepoint region: Cleanup
[2019-12-09T02:52:43.437+0000][1][safepoint    ] Leaving safepoint region
[2019-12-09T02:52:43.437+0000][1][safepoint    ] Total time for which application threads were stopped: 0.0664879 seconds, Stopping threads took: 0.0663692 seconds
[2019-12-09T02:52:43.448+0000][1][safepoint    ] Application time: 0.0104353 seconds
[2019-12-09T02:52:43.448+0000][1][safepoint    ] Entering safepoint region: RevokeBias
[2019-12-09T02:52:43.448+0000][1][safepoint    ] Leaving safepoint region
[2019-12-09T02:52:43.448+0000][1][safepoint    ] Total time for which application threads were stopped: 0.0000639 seconds, Stopping threads took: 0.0000142 seconds
[2019-12-09T02:52:44.472+0000][1][safepoint    ] Application time: 1.0241762 seconds
[2019-12-09T02:52:44.480+0000][1][safepoint    ] Entering safepoint region: Cleanup
[2019-12-09T02:52:44.480+0000][1][safepoint    ] Leaving safepoint region
[2019-12-09T02:52:44.480+0000][1][safepoint    ] Total time for which application threads were stopped: 0.0078452 seconds, Stopping threads took: 0.0077376 seconds
[2019-12-09T02:52:45.160+0000][1][safepoint    ] Application time: 0.6798533 seconds
[2019-12-09T02:52:45.160+0000][1][safepoint    ] Entering safepoint region: RevokeBias
[2019-12-09T02:52:45.160+0000][1][safepoint    ] Leaving safepoint region
[2019-12-09T02:52:45.160+0000][1][safepoint    ] Total time for which application threads were stopped: 0.0000846 seconds, Stopping threads took: 0.0000152 seconds
[2019-12-09T02:52:45.183+0000][1][safepoint    ] Application time: 0.0228743 seconds
[2019-12-09T02:52:45.183+0000][1][safepoint    ] Entering safepoint region: RevokeBias
[2019-12-09T02:52:45.183+0000][1][safepoint    ] Leaving safepoint region
[2019-12-09T02:52:45.183+0000][1][safepoint    ] Total time for which application threads were stopped: 0.0000718 seconds, Stopping threads took: 0.0000155 seconds
[2019-12-09T02:52:45.547+0000][1][safepoint    ] Application time: 0.3636856 seconds
[2019-12-09T02:52:45.547+0000][1][safepoint    ] Entering safepoint region: GenCollectForAllocation
[2019-12-09T02:52:45.547+0000][1][gc,start     ] GC(21) Pause Young (Allocation Failure)
[2019-12-09T02:52:45.547+0000][1][gc,task      ] GC(21) Using 2 workers of 2 for evacuation
[2019-12-09T02:52:45.660+0000][1][gc,age       ] GC(21) Desired survivor size 4456448 bytes, new threshold 6 (max threshold 6)
[2019-12-09T02:52:45.660+0000][1][gc,age       ] GC(21) Age table with threshold 6 (max threshold 6)
[2019-12-09T02:52:45.660+0000][1][gc,age       ] GC(21) - age   1:    1614360 bytes,    1614360 total
[2019-12-09T02:52:45.660+0000][1][gc,age       ] GC(21) - age   2:    2753976 bytes,    4368336 total
[2019-12-09T02:52:45.660+0000][1][gc,heap      ] GC(21) ParNew: 77337K->7658K(78656K)
[2019-12-09T02:52:45.660+0000][1][gc,heap      ] GC(21) CMS: 58044K->60514K(174784K)
[2019-12-09T02:52:45.660+0000][1][gc,metaspace ] GC(21) Metaspace: 55893K->55893K(1099776K)
[2019-12-09T02:52:45.660+0000][1][gc           ] GC(21) Pause Young (Allocation Failure) 132M->66M(247M) 113.465ms
[2019-12-09T02:52:45.660+0000][1][gc,cpu       ] GC(21) User=0.04s Sys=0.00s Real=0.11s
[2019-12-09T02:52:45.660+0000][1][safepoint    ] Leaving safepoint region
[2019-12-09T02:52:45.660+0000][1][safepoint    ] Total time for which application threads were stopped: 0.1136312 seconds, Stopping threads took: 0.0000167 seconds
[2019-12-09T02:52:45.968+0000][1][safepoint    ] Application time: 0.3077312 seconds
[2019-12-09T02:52:45.968+0000][1][safepoint    ] Entering safepoint region: RevokeBias
[2019-12-09T02:52:45.968+0000][1][safepoint    ] Leaving safepoint region
[2019-12-09T02:52:45.968+0000][1][safepoint    ] Total time for which application threads were stopped: 0.0001264 seconds, Stopping threads took: 0.0000149 seconds
[2019-12-09T02:52:45.968+0000][1][safepoint    ] Application time: 0.0002470 seconds
[2019-12-09T02:52:45.968+0000][1][safepoint    ] Entering safepoint region: RevokeBias
[2019-12-09T02:52:45.968+0000][1][safepoint    ] Leaving safepoint region
[2019-12-09T02:52:45.968+0000][1][safepoint    ] Total time for which application threads were stopped: 0.0000874 seconds, Stopping threads took: 0.0000122 seconds
[2019-12-09T02:52:45.969+0000][1][safepoint    ] Application time: 0.0000646 seconds
[2019-12-09T02:52:45.969+0000][1][safepoint    ] Entering safepoint region: RevokeBias
[2019-12-09T02:52:45.969+0000][1][safepoint    ] Leaving safepoint region
[2019-12-09T02:52:45.969+0000][1][safepoint    ] Total time for which application threads were stopped: 0.0000622 seconds, Stopping threads took: 0.0000086 seconds
[2019-12-09T02:52:45.969+0000][1][safepoint    ] Application time: 0.0002025 seconds
[2019-12-09T02:52:45.969+0000][1][safepoint    ] Entering safepoint region: RevokeBias
[2019-12-09T02:52:45.969+0000][1][safepoint    ] Leaving safepoint region
[2019-12-09T02:52:45.969+0000][1][safepoint    ] Total time for which application threads were stopped: 0.0000790 seconds, Stopping threads took: 0.0000117 seconds
[2019-12-09T02:52:46.687+0000][1][safepoint    ] Application time: 0.7178733 seconds
[2019-12-09T02:52:46.687+0000][1][safepoint    ] Entering safepoint region: RevokeBias
[2019-12-09T02:52:46.687+0000][1][safepoint    ] Leaving safepoint region
[2019-12-09T02:52:46.687+0000][1][safepoint    ] Total time for which application threads were stopped: 0.0000864 seconds, Stopping threads took: 0.0000147 seconds
[2019-12-09T02:52:46.794+0000][1][safepoint    ] Application time: 0.1069047 seconds
[2019-12-09T02:52:46.794+0000][1][safepoint    ] Entering safepoint region: Deoptimize
[2019-12-09T02:52:46.794+0000][1][safepoint    ] Leaving safepoint region
[2019-12-09T02:52:46.794+0000][1][safepoint    ] Total time for which application threads were stopped: 0.0006282 seconds, Stopping threads took: 0.0000160 seconds
[2019-12-09T02:52:46.840+0000][1][safepoint    ] Application time: 0.0456982 seconds
[2019-12-09T02:52:46.840+0000][1][safepoint    ] Entering safepoint region: RevokeBias
[2019-12-09T02:52:46.840+0000][1][safepoint    ] Leaving safepoint region
[2019-12-09T02:52:46.840+0000][1][safepoint    ] Total time for which application threads were stopped: 0.0000854 seconds, Stopping threads took: 0.0000147 seconds
[2019-12-09T02:52:46.878+0000][1][safepoint    ] Application time: 0.0375797 seconds
[2019-12-09T02:52:46.878+0000][1][safepoint    ] Entering safepoint region: BulkRevokeBias
[2019-12-09T02:52:46.878+0000][1][safepoint    ] Leaving safepoint region
[2019-12-09T02:52:46.878+0000][1][safepoint    ] Total time for which application threads were stopped: 0.0002151 seconds, Stopping threads took: 0.0000154 seconds
[2019-12-09T02:52:47.332+0000][1][safepoint    ] Application time: 0.4535578 seconds
[2019-12-09T02:52:47.332+0000][1][safepoint    ] Entering safepoint region: RevokeBias
[2019-12-09T02:52:47.332+0000][1][safepoint    ] Leaving safepoint region
[2019-12-09T02:52:47.332+0000][1][safepoint    ] Total time for which application threads were stopped: 0.0001036 seconds, Stopping threads took: 0.0000148 seconds
[2019-12-09T02:52:47.332+0000][1][safepoint    ] Application time: 0.0000964 seconds
[2019-12-09T02:52:47.332+0000][1][safepoint    ] Entering safepoint region: RevokeBias
[2019-12-09T02:52:47.332+0000][1][safepoint    ] Leaving safepoint region
[2019-12-09T02:52:47.332+0000][1][safepoint    ] Total time for which application threads were stopped: 0.0000436 seconds, Stopping threads took: 0.0000075 seconds
[2019-12-09T02:52:47.332+0000][1][safepoint    ] Application time: 0.0001188 seconds
[2019-12-09T02:52:47.332+0000][1][safepoint    ] Entering safepoint region: RevokeBias
[2019-12-09T02:52:47.332+0000][1][safepoint    ] Leaving safepoint region
[2019-12-09T02:52:47.332+0000][1][safepoint    ] Total time for which application threads were stopped: 0.0000403 seconds, Stopping threads took: 0.0000075 seconds
[2019-12-09T02:52:47.367+0000][1][safepoint    ] Application time: 0.0346096 seconds
[2019-12-09T02:52:47.367+0000][1][safepoint    ] Entering safepoint region: RevokeBias
[2019-12-09T02:52:47.367+0000][1][safepoint    ] Leaving safepoint region
[2019-12-09T02:52:47.367+0000][1][safepoint    ] Total time for which application threads were stopped: 0.0000930 seconds, Stopping threads took: 0.0000138 seconds
[2019-12-09T02:52:48.370+0000][1][safepoint    ] Application time: 1.0027769 seconds
[2019-12-09T02:52:48.370+0000][1][safepoint    ] Entering safepoint region: Cleanup
[2019-12-09T02:52:48.371+0000][1][safepoint    ] Leaving safepoint region
[2019-12-09T02:52:48.371+0000][1][safepoint    ] Total time for which application threads were stopped: 0.0013447 seconds, Stopping threads took: 0.0001767 seconds
[2019-12-09T02:52:49.058+0000][1][safepoint    ] Application time: 0.6867956 seconds
[2019-12-09T02:52:49.058+0000][1][safepoint    ] Entering safepoint region: Deoptimize
[2019-12-09T02:52:49.059+0000][1][safepoint    ] Leaving safepoint region
[2019-12-09T02:52:49.059+0000][1][safepoint    ] Total time for which application threads were stopped: 0.0006665 seconds, Stopping threads took: 0.0000157 seconds
[2019-12-09T02:52:50.060+0000][1][safepoint    ] Application time: 1.0011056 seconds
[2019-12-09T02:52:50.107+0000][1][safepoint    ] Entering safepoint region: Cleanup
[2019-12-09T02:52:50.107+0000][1][safepoint    ] Leaving safepoint region
[2019-12-09T02:52:50.107+0000][1][safepoint    ] Total time for which application threads were stopped: 0.0471008 seconds, Stopping threads took: 0.0469932 seconds
[2019-12-09T02:52:50.959+0000][1][safepoint    ] Application time: 0.8517916 seconds
[2019-12-09T02:52:50.959+0000][1][safepoint    ] Entering safepoint region: RevokeBias
[2019-12-09T02:52:50.959+0000][1][safepoint    ] Leaving safepoint region
[2019-12-09T02:52:50.959+0000][1][safepoint    ] Total time for which application threads were stopped: 0.0001120 seconds, Stopping threads took: 0.0000181 seconds
[2019-12-09T02:52:51.966+0000][1][safepoint    ] Application time: 1.0069378 seconds
[2019-12-09T02:52:51.966+0000][1][safepoint    ] Entering safepoint region: Cleanup
[2019-12-09T02:52:51.966+0000][1][safepoint    ] Leaving safepoint region
[2019-12-09T02:52:51.966+0000][1][safepoint    ] Total time for which application threads were stopped: 0.0003204 seconds, Stopping threads took: 0.0002616 seconds
[2019-12-09T02:52:52.278+0000][1][safepoint    ] Application time: 0.3117415 seconds
[2019-12-09T02:52:52.278+0000][1][safepoint    ] Entering safepoint region: GenCollectForAllocation
[2019-12-09T02:52:52.278+0000][1][gc,start     ] GC(22) Pause Young (Allocation Failure)
[2019-12-09T02:52:52.278+0000][1][gc,task      ] GC(22) Using 2 workers of 2 for evacuation
[2019-12-09T02:52:52.489+0000][1][gc,age       ] GC(22) Desired survivor size 4456448 bytes, new threshold 2 (max threshold 6)
[2019-12-09T02:52:52.489+0000][1][gc,age       ] GC(22) Age table with threshold 2 (max threshold 6)
[2019-12-09T02:52:52.489+0000][1][gc,age       ] GC(22) - age   1:    3664624 bytes,    3664624 total
[2019-12-09T02:52:52.489+0000][1][gc,age       ] GC(22) - age   2:    1516480 bytes,    5181104 total
[2019-12-09T02:52:52.489+0000][1][gc,age       ] GC(22) - age   3:    2728800 bytes,    7909904 total
[2019-12-09T02:52:52.489+0000][1][gc,heap      ] GC(22) ParNew: 77610K->8628K(78656K)
[2019-12-09T02:52:52.489+0000][1][gc,heap      ] GC(22) CMS: 60514K->60514K(174784K)
[2019-12-09T02:52:52.489+0000][1][gc,metaspace ] GC(22) Metaspace: 62987K->62987K(1105920K)
[2019-12-09T02:52:52.490+0000][1][gc           ] GC(22) Pause Young (Allocation Failure) 134M->67M(247M) 211.513ms
[2019-12-09T02:52:52.490+0000][1][gc,cpu       ] GC(22) User=0.07s Sys=0.00s Real=0.21s
[2019-12-09T02:52:52.490+0000][1][safepoint    ] Leaving safepoint region
[2019-12-09T02:52:52.490+0000][1][safepoint    ] Total time for which application threads were stopped: 0.2116576 seconds, Stopping threads took: 0.0000158 seconds
[2019-12-09T02:52:52.887+0000][1][safepoint    ] Application time: 0.3971014 seconds
[2019-12-09T02:52:52.931+0000][1][safepoint    ] Entering safepoint region: RevokeBias
[2019-12-09T02:52:52.931+0000][1][safepoint    ] Leaving safepoint region
[2019-12-09T02:52:52.931+0000][1][safepoint    ] Total time for which application threads were stopped: 0.0441978 seconds, Stopping threads took: 0.0440521 seconds
[2019-12-09T02:52:52.931+0000][1][safepoint    ] Application time: 0.0001178 seconds
[2019-12-09T02:52:52.931+0000][1][safepoint    ] Entering safepoint region: RevokeBias
[2019-12-09T02:52:52.931+0000][1][safepoint    ] Leaving safepoint region
[2019-12-09T02:52:52.931+0000][1][safepoint    ] Total time for which application threads were stopped: 0.0000801 seconds, Stopping threads took: 0.0000101 seconds
[2019-12-09T02:52:52.931+0000][1][safepoint    ] Application time: 0.0000553 seconds
[2019-12-09T02:52:52.931+0000][1][safepoint    ] Entering safepoint region: RevokeBias
[2019-12-09T02:52:52.931+0000][1][safepoint    ] Leaving safepoint region
[2019-12-09T02:52:52.931+0000][1][safepoint    ] Total time for which application threads were stopped: 0.0000616 seconds, Stopping threads took: 0.0000078 seconds
[2019-12-09T02:52:52.931+0000][1][safepoint    ] Application time: 0.0000520 seconds
[2019-12-09T02:52:52.931+0000][1][safepoint    ] Entering safepoint region: RevokeBias
[2019-12-09T02:52:52.931+0000][1][safepoint    ] Leaving safepoint region
[2019-12-09T02:52:52.931+0000][1][safepoint    ] Total time for which application threads were stopped: 0.0000566 seconds, Stopping threads took: 0.0000075 seconds
[2019-12-09T02:52:52.931+0000][1][safepoint    ] Application time: 0.0000522 seconds
[2019-12-09T02:52:52.931+0000][1][safepoint    ] Entering safepoint region: RevokeBias
[2019-12-09T02:52:52.932+0000][1][safepoint    ] Leaving safepoint region
[2019-12-09T02:52:52.932+0000][1][safepoint    ] Total time for which application threads were stopped: 0.0000540 seconds, Stopping threads took: 0.0000074 seconds
[2019-12-09T02:52:52.932+0000][1][safepoint    ] Application time: 0.0000564 seconds
[2019-12-09T02:52:52.932+0000][1][safepoint    ] Entering safepoint region: RevokeBias
[2019-12-09T02:52:52.932+0000][1][safepoint    ] Leaving safepoint region
[2019-12-09T02:52:52.932+0000][1][safepoint    ] Total time for which application threads were stopped: 0.0000576 seconds, Stopping threads took: 0.0000077 seconds
[2019-12-09T02:52:52.932+0000][1][safepoint    ] Application time: 0.0000751 seconds
[2019-12-09T02:52:52.932+0000][1][safepoint    ] Entering safepoint region: RevokeBias
[2019-12-09T02:52:52.932+0000][1][safepoint    ] Leaving safepoint region
[2019-12-09T02:52:52.932+0000][1][safepoint    ] Total time for which application threads were stopped: 0.0000716 seconds, Stopping threads took: 0.0000085 seconds
[2019-12-09T02:52:52.932+0000][1][safepoint    ] Application time: 0.0000583 seconds
[2019-12-09T02:52:52.932+0000][1][safepoint    ] Entering safepoint region: RevokeBias
[2019-12-09T02:52:52.932+0000][1][safepoint    ] Leaving safepoint region
[2019-12-09T02:52:52.932+0000][1][safepoint    ] Total time for which application threads were stopped: 0.0000626 seconds, Stopping threads took: 0.0000076 seconds
[2019-12-09T02:52:53.141+0000][1][safepoint    ] Application time: 0.2092546 seconds
[2019-12-09T02:52:53.141+0000][1][safepoint    ] Entering safepoint region: Deoptimize
[2019-12-09T02:52:53.142+0000][1][safepoint    ] Leaving safepoint region
[2019-12-09T02:52:53.142+0000][1][safepoint    ] Total time for which application threads were stopped: 0.0006829 seconds, Stopping threads took: 0.0000149 seconds
[2019-12-09T02:52:53.224+0000][1][safepoint    ] Application time: 0.0820566 seconds
[2019-12-09T02:52:53.224+0000][1][safepoint    ] Entering safepoint region: RevokeBias
[2019-12-09T02:52:53.224+0000][1][safepoint    ] Leaving safepoint region
[2019-12-09T02:52:53.224+0000][1][safepoint    ] Total time for which application threads were stopped: 0.0000968 seconds, Stopping threads took: 0.0000158 seconds
[2019-12-09T02:52:53.225+0000][1][safepoint    ] Application time: 0.0004815 seconds
[2019-12-09T02:52:53.225+0000][1][safepoint    ] Entering safepoint region: RevokeBias
[2019-12-09T02:52:53.225+0000][1][safepoint    ] Leaving safepoint region
[2019-12-09T02:52:53.225+0000][1][safepoint    ] Total time for which application threads were stopped: 0.0000854 seconds, Stopping threads took: 0.0000121 seconds
[2019-12-09T02:52:53.226+0000][1][safepoint    ] Application time: 0.0008274 seconds
[2019-12-09T02:52:53.226+0000][1][safepoint    ] Entering safepoint region: RevokeBias
[2019-12-09T02:52:53.226+0000][1][safepoint    ] Leaving safepoint region
[2019-12-09T02:52:53.226+0000][1][safepoint    ] Total time for which application threads were stopped: 0.0000586 seconds, Stopping threads took: 0.0000118 seconds
[2019-12-09T02:52:53.226+0000][1][safepoint    ] Application time: 0.0004403 seconds
[2019-12-09T02:52:53.226+0000][1][safepoint    ] Entering safepoint region: RevokeBias
[2019-12-09T02:52:53.226+0000][1][safepoint    ] Leaving safepoint region
[2019-12-09T02:52:53.226+0000][1][safepoint    ] Total time for which application threads were stopped: 0.0000662 seconds, Stopping threads took: 0.0000125 seconds
[2019-12-09T02:52:53.248+0000][1][safepoint    ] Application time: 0.0215796 seconds
[2019-12-09T02:52:53.248+0000][1][safepoint    ] Entering safepoint region: RevokeBias
[2019-12-09T02:52:53.248+0000][1][safepoint    ] Leaving safepoint region
[2019-12-09T02:52:53.248+0000][1][safepoint    ] Total time for which application threads were stopped: 0.0001803 seconds, Stopping threads took: 0.0000144 seconds
[2019-12-09T02:52:53.248+0000][1][safepoint    ] Application time: 0.0003990 seconds
[2019-12-09T02:52:53.248+0000][1][safepoint    ] Entering safepoint region: RevokeBias
[2019-12-09T02:52:53.248+0000][1][safepoint    ] Leaving safepoint region
[2019-12-09T02:52:53.248+0000][1][safepoint    ] Total time for which application threads were stopped: 0.0000616 seconds, Stopping threads took: 0.0000125 seconds
[2019-12-09T02:52:53.249+0000][1][safepoint    ] Application time: 0.0002485 seconds
[2019-12-09T02:52:53.249+0000][1][safepoint    ] Entering safepoint region: RevokeBias
[2019-12-09T02:52:53.249+0000][1][safepoint    ] Leaving safepoint region
[2019-12-09T02:52:53.249+0000][1][safepoint    ] Total time for which application threads were stopped: 0.0000635 seconds, Stopping threads took: 0.0000111 seconds
[2019-12-09T02:52:53.249+0000][1][safepoint    ] Application time: 0.0000609 seconds
[2019-12-09T02:52:53.249+0000][1][safepoint    ] Entering safepoint region: RevokeBias
[2019-12-09T02:52:53.249+0000][1][safepoint    ] Leaving safepoint region
[2019-12-09T02:52:53.249+0000][1][safepoint    ] Total time for which application threads were stopped: 0.0000486 seconds, Stopping threads took: 0.0000086 seconds
[2019-12-09T02:52:53.250+0000][1][safepoint    ] Application time: 0.0006212 seconds
[2019-12-09T02:52:53.250+0000][1][safepoint    ] Entering safepoint region: RevokeBias
[2019-12-09T02:52:53.250+0000][1][safepoint    ] Leaving safepoint region
[2019-12-09T02:52:53.250+0000][1][safepoint    ] Total time for which application threads were stopped: 0.0000561 seconds, Stopping threads took: 0.0000117 seconds
[2019-12-09T02:52:53.251+0000][1][safepoint    ] Application time: 0.0012955 seconds
[2019-12-09T02:52:53.251+0000][1][safepoint    ] Entering safepoint region: RevokeBias
[2019-12-09T02:52:53.251+0000][1][safepoint    ] Leaving safepoint region
[2019-12-09T02:52:53.251+0000][1][safepoint    ] Total time for which application threads were stopped: 0.0000635 seconds, Stopping threads took: 0.0000111 seconds
[2019-12-09T02:52:53.268+0000][1][safepoint    ] Application time: 0.0168094 seconds
[2019-12-09T02:52:53.268+0000][1][safepoint    ] Entering safepoint region: RevokeBias
[2019-12-09T02:52:53.268+0000][1][safepoint    ] Leaving safepoint region
[2019-12-09T02:52:53.268+0000][1][safepoint    ] Total time for which application threads were stopped: 0.0001267 seconds, Stopping threads took: 0.0000127 seconds
[2019-12-09T02:52:53.272+0000][1][safepoint    ] Application time: 0.0044610 seconds
[2019-12-09T02:52:53.272+0000][1][safepoint    ] Entering safepoint region: Deoptimize
[2019-12-09T02:52:53.273+0000][1][safepoint    ] Leaving safepoint region
[2019-12-09T02:52:53.273+0000][1][safepoint    ] Total time for which application threads were stopped: 0.0006845 seconds, Stopping threads took: 0.0000121 seconds
[2019-12-09T02:52:53.633+0000][1][safepoint    ] Application time: 0.3595554 seconds
[2019-12-09T02:52:53.633+0000][1][safepoint    ] Entering safepoint region: RevokeBias
[2019-12-09T02:52:53.633+0000][1][safepoint    ] Leaving safepoint region
[2019-12-09T02:52:53.633+0000][1][safepoint    ] Total time for which application threads were stopped: 0.0001306 seconds, Stopping threads took: 0.0000524 seconds
[2019-12-09T02:52:53.651+0000][1][safepoint    ] Application time: 0.0178175 seconds
[2019-12-09T02:52:53.651+0000][1][safepoint    ] Entering safepoint region: RevokeBias
[2019-12-09T02:52:53.651+0000][1][safepoint    ] Leaving safepoint region
[2019-12-09T02:52:53.651+0000][1][safepoint    ] Total time for which application threads were stopped: 0.0001213 seconds, Stopping threads took: 0.0000164 seconds
[2019-12-09T02:52:53.652+0000][1][safepoint    ] Application time: 0.0008514 seconds
[2019-12-09T02:52:53.652+0000][1][safepoint    ] Entering safepoint region: RevokeBias
[2019-12-09T02:52:53.652+0000][1][safepoint    ] Leaving safepoint region
[2019-12-09T02:52:53.652+0000][1][safepoint    ] Total time for which application threads were stopped: 0.0000969 seconds, Stopping threads took: 0.0000144 seconds
[2019-12-09T02:52:53.652+0000][1][safepoint    ] Application time: 0.0003887 seconds
[2019-12-09T02:52:53.652+0000][1][safepoint    ] Entering safepoint region: RevokeBias
[2019-12-09T02:52:53.652+0000][1][safepoint    ] Leaving safepoint region
[2019-12-09T02:52:53.652+0000][1][safepoint    ] Total time for which application threads were stopped: 0.0000871 seconds, Stopping threads took: 0.0000120 seconds
[2019-12-09T02:52:53.653+0000][1][safepoint    ] Application time: 0.0001337 seconds
[2019-12-09T02:52:53.653+0000][1][safepoint    ] Entering safepoint region: RevokeBias
[2019-12-09T02:52:53.653+0000][1][safepoint    ] Leaving safepoint region
[2019-12-09T02:52:53.653+0000][1][safepoint    ] Total time for which application threads were stopped: 0.0000494 seconds, Stopping threads took: 0.0000094 seconds
[2019-12-09T02:52:53.653+0000][1][safepoint    ] Application time: 0.0000436 seconds
[2019-12-09T02:52:53.653+0000][1][safepoint    ] Entering safepoint region: RevokeBias
[2019-12-09T02:52:53.653+0000][1][safepoint    ] Leaving safepoint region
[2019-12-09T02:52:53.653+0000][1][safepoint    ] Total time for which application threads were stopped: 0.0000794 seconds, Stopping threads took: 0.0000086 seconds
[2019-12-09T02:52:53.653+0000][1][safepoint    ] Application time: 0.0001771 seconds
[2019-12-09T02:52:53.653+0000][1][safepoint    ] Entering safepoint region: RevokeBias
[2019-12-09T02:52:53.653+0000][1][safepoint    ] Leaving safepoint region
[2019-12-09T02:52:53.653+0000][1][safepoint    ] Total time for which application threads were stopped: 0.0000548 seconds, Stopping threads took: 0.0000099 seconds
[2019-12-09T02:52:53.656+0000][1][safepoint    ] Application time: 0.0030183 seconds
[2019-12-09T02:52:53.656+0000][1][safepoint    ] Entering safepoint region: RevokeBias
[2019-12-09T02:52:53.656+0000][1][safepoint    ] Leaving safepoint region
[2019-12-09T02:52:53.656+0000][1][safepoint    ] Total time for which application threads were stopped: 0.0001141 seconds, Stopping threads took: 0.0000433 seconds
[2019-12-09T02:52:53.682+0000][1][safepoint    ] Application time: 0.0257091 seconds
[2019-12-09T02:52:53.804+0000][1][safepoint    ] Entering safepoint region: RevokeBias
[2019-12-09T02:52:53.804+0000][1][safepoint    ] Leaving safepoint region
[2019-12-09T02:52:53.804+0000][1][safepoint    ] Total time for which application threads were stopped: 0.1220297 seconds, Stopping threads took: 0.1219001 seconds
[2019-12-09T02:52:53.806+0000][1][safepoint    ] Application time: 0.0019043 seconds
[2019-12-09T02:52:53.806+0000][1][safepoint    ] Entering safepoint region: RevokeBias
[2019-12-09T02:52:53.806+0000][1][safepoint    ] Leaving safepoint region
[2019-12-09T02:52:53.806+0000][1][safepoint    ] Total time for which application threads were stopped: 0.0000989 seconds, Stopping threads took: 0.0000132 seconds
[2019-12-09T02:52:53.806+0000][1][safepoint    ] Application time: 0.0003057 seconds
[2019-12-09T02:52:53.806+0000][1][safepoint    ] Entering safepoint region: RevokeBias
[2019-12-09T02:52:53.806+0000][1][safepoint    ] Leaving safepoint region
[2019-12-09T02:52:53.806+0000][1][safepoint    ] Total time for which application threads were stopped: 0.0000928 seconds, Stopping threads took: 0.0000115 seconds
[2019-12-09T02:52:53.806+0000][1][safepoint    ] Application time: 0.0000688 seconds
[2019-12-09T02:52:53.806+0000][1][safepoint    ] Entering safepoint region: RevokeBias
[2019-12-09T02:52:53.807+0000][1][safepoint    ] Leaving safepoint region
[2019-12-09T02:52:53.807+0000][1][safepoint    ] Total time for which application threads were stopped: 0.0000714 seconds, Stopping threads took: 0.0000097 seconds
[2019-12-09T02:52:53.807+0000][1][safepoint    ] Application time: 0.0004861 seconds
[2019-12-09T02:52:53.807+0000][1][safepoint    ] Entering safepoint region: RevokeBias
[2019-12-09T02:52:53.807+0000][1][safepoint    ] Leaving safepoint region
[2019-12-09T02:52:53.807+0000][1][safepoint    ] Total time for which application threads were stopped: 0.0000862 seconds, Stopping threads took: 0.0000108 seconds
[2019-12-09T02:52:53.807+0000][1][safepoint    ] Application time: 0.0000660 seconds
[2019-12-09T02:52:53.807+0000][1][safepoint    ] Entering safepoint region: RevokeBias
[2019-12-09T02:52:53.807+0000][1][safepoint    ] Leaving safepoint region
[2019-12-09T02:52:53.807+0000][1][safepoint    ] Total time for which application threads were stopped: 0.0000706 seconds, Stopping threads took: 0.0000091 seconds
[2019-12-09T02:52:53.809+0000][1][safepoint    ] Application time: 0.0012936 seconds
[2019-12-09T02:52:53.809+0000][1][safepoint    ] Entering safepoint region: RevokeBias
[2019-12-09T02:52:53.809+0000][1][safepoint    ] Leaving safepoint region
[2019-12-09T02:52:53.809+0000][1][safepoint    ] Total time for which application threads were stopped: 0.0001022 seconds, Stopping threads took: 0.0000125 seconds
[2019-12-09T02:52:53.850+0000][1][safepoint    ] Application time: 0.0411710 seconds
[2019-12-09T02:52:53.898+0000][1][safepoint    ] Entering safepoint region: RevokeBias
[2019-12-09T02:52:53.898+0000][1][safepoint    ] Leaving safepoint region
[2019-12-09T02:52:53.898+0000][1][safepoint    ] Total time for which application threads were stopped: 0.0479740 seconds, Stopping threads took: 0.0479044 seconds
[2019-12-09T02:52:53.901+0000][1][safepoint    ] Application time: 0.0035085 seconds
[2019-12-09T02:52:53.901+0000][1][safepoint    ] Entering safepoint region: RevokeBias
[2019-12-09T02:52:53.902+0000][1][safepoint    ] Leaving safepoint region
[2019-12-09T02:52:53.902+0000][1][safepoint    ] Total time for which application threads were stopped: 0.0000879 seconds, Stopping threads took: 0.0000143 seconds
[2019-12-09T02:52:54.067+0000][1][safepoint    ] Application time: 0.1656124 seconds
[2019-12-09T02:52:54.067+0000][1][safepoint    ] Entering safepoint region: RevokeBias
[2019-12-09T02:52:54.067+0000][1][safepoint    ] Leaving safepoint region
[2019-12-09T02:52:54.067+0000][1][safepoint    ] Total time for which application threads were stopped: 0.0001820 seconds, Stopping threads took: 0.0000171 seconds
[2019-12-09T02:52:54.075+0000][1][safepoint    ] Application time: 0.0079394 seconds
[2019-12-09T02:52:54.075+0000][1][safepoint    ] Entering safepoint region: RevokeBias
[2019-12-09T02:52:54.076+0000][1][safepoint    ] Leaving safepoint region
[2019-12-09T02:52:54.076+0000][1][safepoint    ] Total time for which application threads were stopped: 0.0003023 seconds, Stopping threads took: 0.0000906 seconds
[2019-12-09T02:52:54.084+0000][1][safepoint    ] Application time: 0.0080579 seconds
[2019-12-09T02:52:54.084+0000][1][safepoint    ] Entering safepoint region: RevokeBias
[2019-12-09T02:52:54.084+0000][1][safepoint    ] Leaving safepoint region
[2019-12-09T02:52:54.084+0000][1][safepoint    ] Total time for which application threads were stopped: 0.0001570 seconds, Stopping threads took: 0.0000476 seconds
[2019-12-09T02:52:54.084+0000][1][safepoint    ] Application time: 0.0001926 seconds
[2019-12-09T02:52:54.084+0000][1][safepoint    ] Entering safepoint region: RevokeBias
[2019-12-09T02:52:54.084+0000][1][safepoint    ] Leaving safepoint region
[2019-12-09T02:52:54.084+0000][1][safepoint    ] Total time for which application threads were stopped: 0.0003720 seconds, Stopping threads took: 0.0000122 seconds
[2019-12-09T02:52:54.085+0000][1][safepoint    ] Application time: 0.0003742 seconds
[2019-12-09T02:52:54.085+0000][1][safepoint    ] Entering safepoint region: RevokeBias
[2019-12-09T02:52:54.085+0000][1][safepoint    ] Leaving safepoint region
[2019-12-09T02:52:54.085+0000][1][safepoint    ] Total time for which application threads were stopped: 0.0000737 seconds, Stopping threads took: 0.0000116 seconds
[2019-12-09T02:52:54.103+0000][1][safepoint    ] Application time: 0.0183899 seconds
[2019-12-09T02:52:54.103+0000][1][safepoint    ] Entering safepoint region: RevokeBias
[2019-12-09T02:52:54.103+0000][1][safepoint    ] Leaving safepoint region
[2019-12-09T02:52:54.103+0000][1][safepoint    ] Total time for which application threads were stopped: 0.0000768 seconds, Stopping threads took: 0.0000127 seconds
[2019-12-09T02:52:54.104+0000][1][safepoint    ] Application time: 0.0000601 seconds
[2019-12-09T02:52:54.104+0000][1][safepoint    ] Entering safepoint region: RevokeBias
[2019-12-09T02:52:54.104+0000][1][safepoint    ] Leaving safepoint region
[2019-12-09T02:52:54.104+0000][1][safepoint    ] Total time for which application threads were stopped: 0.0000575 seconds, Stopping threads took: 0.0000084 seconds
[2019-12-09T02:52:54.133+0000][1][safepoint    ] Application time: 0.0291149 seconds
[2019-12-09T02:52:54.133+0000][1][safepoint    ] Entering safepoint region: RevokeBias
[2019-12-09T02:52:54.133+0000][1][safepoint    ] Leaving safepoint region
[2019-12-09T02:52:54.133+0000][1][safepoint    ] Total time for which application threads were stopped: 0.0001078 seconds, Stopping threads took: 0.0000157 seconds
[2019-12-09T02:52:54.133+0000][1][safepoint    ] Application time: 0.0003724 seconds
[2019-12-09T02:52:54.133+0000][1][safepoint    ] Entering safepoint region: RevokeBias
[2019-12-09T02:52:54.133+0000][1][safepoint    ] Leaving safepoint region
[2019-12-09T02:52:54.133+0000][1][safepoint    ] Total time for which application threads were stopped: 0.0001095 seconds, Stopping threads took: 0.0000126 seconds
[2019-12-09T02:52:54.133+0000][1][safepoint    ] Application time: 0.0001145 seconds
[2019-12-09T02:52:54.133+0000][1][safepoint    ] Entering safepoint region: RevokeBias
[2019-12-09T02:52:54.134+0000][1][safepoint    ] Leaving safepoint region
[2019-12-09T02:52:54.134+0000][1][safepoint    ] Total time for which application threads were stopped: 0.0000585 seconds, Stopping threads took: 0.0000100 seconds
[2019-12-09T02:52:54.200+0000][1][safepoint    ] Application time: 0.0662601 seconds
[2019-12-09T02:52:54.200+0000][1][safepoint    ] Entering safepoint region: RevokeBias
[2019-12-09T02:52:54.200+0000][1][safepoint    ] Leaving safepoint region
[2019-12-09T02:52:54.200+0000][1][safepoint    ] Total time for which application threads were stopped: 0.0004837 seconds, Stopping threads took: 0.0004042 seconds
[2019-12-09T02:52:54.203+0000][1][safepoint    ] Application time: 0.0028998 seconds
[2019-12-09T02:52:54.203+0000][1][safepoint    ] Entering safepoint region: RevokeBias
[2019-12-09T02:52:54.203+0000][1][safepoint    ] Leaving safepoint region
[2019-12-09T02:52:54.203+0000][1][safepoint    ] Total time for which application threads were stopped: 0.0000883 seconds, Stopping threads took: 0.0000142 seconds
[2019-12-09T02:52:54.220+0000][1][safepoint    ] Application time: 0.0167146 seconds
[2019-12-09T02:52:54.220+0000][1][safepoint    ] Entering safepoint region: RevokeBias
[2019-12-09T02:52:54.220+0000][1][safepoint    ] Leaving safepoint region
[2019-12-09T02:52:54.220+0000][1][safepoint    ] Total time for which application threads were stopped: 0.0001368 seconds, Stopping threads took: 0.0000629 seconds
[2019-12-09T02:52:54.222+0000][1][safepoint    ] Application time: 0.0017430 seconds
[2019-12-09T02:52:54.222+0000][1][safepoint    ] Entering safepoint region: RevokeBias
[2019-12-09T02:52:54.222+0000][1][safepoint    ] Leaving safepoint region
[2019-12-09T02:52:54.222+0000][1][safepoint    ] Total time for which application threads were stopped: 0.0001211 seconds, Stopping threads took: 0.0000544 seconds
[2019-12-09T02:52:54.223+0000][1][safepoint    ] Application time: 0.0007582 seconds
[2019-12-09T02:52:54.223+0000][1][safepoint    ] Entering safepoint region: RevokeBias
[2019-12-09T02:52:54.223+0000][1][safepoint    ] Leaving safepoint region
[2019-12-09T02:52:54.223+0000][1][safepoint    ] Total time for which application threads were stopped: 0.0000707 seconds, Stopping threads took: 0.0000123 seconds
[2019-12-09T02:52:54.225+0000][1][safepoint    ] Application time: 0.0015391 seconds
[2019-12-09T02:52:54.225+0000][1][safepoint    ] Entering safepoint region: RevokeBias
[2019-12-09T02:52:54.225+0000][1][safepoint    ] Leaving safepoint region
[2019-12-09T02:52:54.225+0000][1][safepoint    ] Total time for which application threads were stopped: 0.0000711 seconds, Stopping threads took: 0.0000122 seconds
[2019-12-09T02:52:54.225+0000][1][safepoint    ] Application time: 0.0004337 seconds
[2019-12-09T02:52:54.225+0000][1][safepoint    ] Entering safepoint region: RevokeBias
[2019-12-09T02:52:54.225+0000][1][safepoint    ] Leaving safepoint region
[2019-12-09T02:52:54.225+0000][1][safepoint    ] Total time for which application threads were stopped: 0.0000629 seconds, Stopping threads took: 0.0000119 seconds
[2019-12-09T02:52:54.225+0000][1][safepoint    ] Application time: 0.0001056 seconds
[2019-12-09T02:52:54.225+0000][1][safepoint    ] Entering safepoint region: RevokeBias
[2019-12-09T02:52:54.225+0000][1][safepoint    ] Leaving safepoint region
[2019-12-09T02:52:54.225+0000][1][safepoint    ] Total time for which application threads were stopped: 0.0000539 seconds, Stopping threads took: 0.0000099 seconds
[2019-12-09T02:52:54.226+0000][1][safepoint    ] Application time: 0.0005256 seconds
[2019-12-09T02:52:54.226+0000][1][safepoint    ] Entering safepoint region: RevokeBias
[2019-12-09T02:52:54.226+0000][1][safepoint    ] Leaving safepoint region
[2019-12-09T02:52:54.226+0000][1][safepoint    ] Total time for which application threads were stopped: 0.0000567 seconds, Stopping threads took: 0.0000123 seconds
[2019-12-09T02:52:54.246+0000][1][safepoint    ] Application time: 0.0201010 seconds
[2019-12-09T02:52:54.246+0000][1][safepoint    ] Entering safepoint region: RevokeBias
[2019-12-09T02:52:54.246+0000][1][safepoint    ] Leaving safepoint region
[2019-12-09T02:52:54.246+0000][1][safepoint    ] Total time for which application threads were stopped: 0.0000731 seconds, Stopping threads took: 0.0000130 seconds
[2019-12-09T02:52:54.282+0000][1][safepoint    ] Application time: 0.0356535 seconds
[2019-12-09T02:52:54.330+0000][1][safepoint    ] Entering safepoint region: RevokeBias
[2019-12-09T02:52:54.330+0000][1][safepoint    ] Leaving safepoint region
[2019-12-09T02:52:54.330+0000][1][safepoint    ] Total time for which application threads were stopped: 0.0477924 seconds, Stopping threads took: 0.0476950 seconds
[2019-12-09T02:52:54.330+0000][1][safepoint    ] Application time: 0.0005385 seconds
[2019-12-09T02:52:54.330+0000][1][safepoint    ] Entering safepoint region: RevokeBias
[2019-12-09T02:52:54.330+0000][1][safepoint    ] Leaving safepoint region
[2019-12-09T02:52:54.330+0000][1][safepoint    ] Total time for which application threads were stopped: 0.0000839 seconds, Stopping threads took: 0.0000143 seconds
[2019-12-09T02:52:54.330+0000][1][safepoint    ] Application time: 0.0000722 seconds
[2019-12-09T02:52:54.330+0000][1][safepoint    ] Entering safepoint region: RevokeBias
[2019-12-09T02:52:54.330+0000][1][safepoint    ] Leaving safepoint region
[2019-12-09T02:52:54.330+0000][1][safepoint    ] Total time for which application threads were stopped: 0.0000545 seconds, Stopping threads took: 0.0000104 seconds
[2019-12-09T02:52:54.331+0000][1][safepoint    ] Application time: 0.0000577 seconds
[2019-12-09T02:52:54.331+0000][1][safepoint    ] Entering safepoint region: RevokeBias
[2019-12-09T02:52:54.331+0000][1][safepoint    ] Leaving safepoint region
[2019-12-09T02:52:54.331+0000][1][safepoint    ] Total time for which application threads were stopped: 0.0000477 seconds, Stopping threads took: 0.0000092 seconds
[2019-12-09T02:52:54.332+0000][1][safepoint    ] Application time: 0.0011791 seconds
[2019-12-09T02:52:54.332+0000][1][safepoint    ] Entering safepoint region: RevokeBias
[2019-12-09T02:52:54.332+0000][1][safepoint    ] Leaving safepoint region
[2019-12-09T02:52:54.332+0000][1][safepoint    ] Total time for which application threads were stopped: 0.0000676 seconds, Stopping threads took: 0.0000130 seconds
[2019-12-09T02:52:54.332+0000][1][safepoint    ] Application time: 0.0000788 seconds
[2019-12-09T02:52:54.332+0000][1][safepoint    ] Entering safepoint region: RevokeBias
[2019-12-09T02:52:54.332+0000][1][safepoint    ] Leaving safepoint region
[2019-12-09T02:52:54.332+0000][1][safepoint    ] Total time for which application threads were stopped: 0.0000527 seconds, Stopping threads took: 0.0000097 seconds
[2019-12-09T02:52:54.372+0000][1][safepoint    ] Application time: 0.0399890 seconds
[2019-12-09T02:52:54.372+0000][1][safepoint    ] Entering safepoint region: RevokeBias
[2019-12-09T02:52:54.372+0000][1][safepoint    ] Leaving safepoint region
[2019-12-09T02:52:54.372+0000][1][safepoint    ] Total time for which application threads were stopped: 0.0000765 seconds, Stopping threads took: 0.0000155 seconds
[2019-12-09T02:52:54.636+0000][1][safepoint    ] Application time: 0.2638366 seconds
[2019-12-09T02:52:54.636+0000][1][safepoint    ] Entering safepoint region: RevokeBias
[2019-12-09T02:52:54.636+0000][1][safepoint    ] Leaving safepoint region
[2019-12-09T02:52:54.636+0000][1][safepoint    ] Total time for which application threads were stopped: 0.0001952 seconds, Stopping threads took: 0.0001166 seconds
[2019-12-09T02:52:54.637+0000][1][safepoint    ] Application time: 0.0002941 seconds
[2019-12-09T02:52:54.637+0000][1][safepoint    ] Entering safepoint region: RevokeBias
[2019-12-09T02:52:54.637+0000][1][safepoint    ] Leaving safepoint region
[2019-12-09T02:52:54.637+0000][1][safepoint    ] Total time for which application threads were stopped: 0.0000719 seconds, Stopping threads took: 0.0000131 seconds
[2019-12-09T02:52:54.637+0000][1][safepoint    ] Application time: 0.0003693 seconds
[2019-12-09T02:52:54.637+0000][1][safepoint    ] Entering safepoint region: RevokeBias
[2019-12-09T02:52:54.637+0000][1][safepoint    ] Leaving safepoint region
[2019-12-09T02:52:54.637+0000][1][safepoint    ] Total time for which application threads were stopped: 0.0000651 seconds, Stopping threads took: 0.0000127 seconds
[2019-12-09T02:52:54.650+0000][1][safepoint    ] Application time: 0.0131714 seconds
[2019-12-09T02:52:54.650+0000][1][safepoint    ] Entering safepoint region: RevokeBias
[2019-12-09T02:52:54.650+0000][1][safepoint    ] Leaving safepoint region
[2019-12-09T02:52:54.650+0000][1][safepoint    ] Total time for which application threads were stopped: 0.0001079 seconds, Stopping threads took: 0.0000546 seconds
[2019-12-09T02:52:54.651+0000][1][safepoint    ] Application time: 0.0003958 seconds
[2019-12-09T02:52:54.651+0000][1][safepoint    ] Entering safepoint region: RevokeBias
[2019-12-09T02:52:54.651+0000][1][safepoint    ] Leaving safepoint region
[2019-12-09T02:52:54.651+0000][1][safepoint    ] Total time for which application threads were stopped: 0.0000478 seconds, Stopping threads took: 0.0000109 seconds
[2019-12-09T02:52:54.651+0000][1][safepoint    ] Application time: 0.0000756 seconds
[2019-12-09T02:52:54.651+0000][1][safepoint    ] Entering safepoint region: RevokeBias
[2019-12-09T02:52:54.651+0000][1][safepoint    ] Leaving safepoint region
[2019-12-09T02:52:54.651+0000][1][safepoint    ] Total time for which application threads were stopped: 0.0000422 seconds, Stopping threads took: 0.0000093 seconds
[2019-12-09T02:52:54.651+0000][1][safepoint    ] Application time: 0.0000545 seconds
[2019-12-09T02:52:54.651+0000][1][safepoint    ] Entering safepoint region: RevokeBias
[2019-12-09T02:52:54.651+0000][1][safepoint    ] Leaving safepoint region
[2019-12-09T02:52:54.651+0000][1][safepoint    ] Total time for which application threads were stopped: 0.0000384 seconds, Stopping threads took: 0.0000084 seconds
[2019-12-09T02:52:54.664+0000][1][safepoint    ] Application time: 0.0126973 seconds
[2019-12-09T02:52:54.664+0000][1][safepoint    ] Entering safepoint region: RevokeBias
[2019-12-09T02:52:54.664+0000][1][safepoint    ] Leaving safepoint region
[2019-12-09T02:52:54.664+0000][1][safepoint    ] Total time for which application threads were stopped: 0.0004346 seconds, Stopping threads took: 0.0003797 seconds
[2019-12-09T02:52:54.665+0000][1][safepoint    ] Application time: 0.0002888 seconds
[2019-12-09T02:52:54.665+0000][1][safepoint    ] Entering safepoint region: RevokeBias
[2019-12-09T02:52:54.665+0000][1][safepoint    ] Leaving safepoint region
[2019-12-09T02:52:54.665+0000][1][safepoint    ] Total time for which application threads were stopped: 0.0000600 seconds, Stopping threads took: 0.0000109 seconds
[2019-12-09T02:52:54.665+0000][1][safepoint    ] Application time: 0.0003488 seconds
[2019-12-09T02:52:54.665+0000][1][safepoint    ] Entering safepoint region: RevokeBias
[2019-12-09T02:52:54.665+0000][1][safepoint    ] Leaving safepoint region
[2019-12-09T02:52:54.665+0000][1][safepoint    ] Total time for which application threads were stopped: 0.0000572 seconds, Stopping threads took: 0.0000114 seconds
[2019-12-09T02:52:54.665+0000][1][safepoint    ] Application time: 0.0003757 seconds
[2019-12-09T02:52:54.665+0000][1][safepoint    ] Entering safepoint region: RevokeBias
[2019-12-09T02:52:54.666+0000][1][safepoint    ] Leaving safepoint region
[2019-12-09T02:52:54.666+0000][1][safepoint    ] Total time for which application threads were stopped: 0.0000603 seconds, Stopping threads took: 0.0000116 seconds
[2019-12-09T02:52:54.666+0000][1][safepoint    ] Application time: 0.0003390 seconds
[2019-12-09T02:52:54.666+0000][1][safepoint    ] Entering safepoint region: RevokeBias
[2019-12-09T02:52:54.666+0000][1][safepoint    ] Leaving safepoint region
[2019-12-09T02:52:54.666+0000][1][safepoint    ] Total time for which application threads were stopped: 0.0000525 seconds, Stopping threads took: 0.0000113 seconds
[2019-12-09T02:52:54.666+0000][1][safepoint    ] Application time: 0.0000633 seconds
[2019-12-09T02:52:54.666+0000][1][safepoint    ] Entering safepoint region: RevokeBias
[2019-12-09T02:52:54.666+0000][1][safepoint    ] Leaving safepoint region
[2019-12-09T02:52:54.666+0000][1][safepoint    ] Total time for which application threads were stopped: 0.0000436 seconds, Stopping threads took: 0.0000096 seconds
[2019-12-09T02:52:54.666+0000][1][safepoint    ] Application time: 0.0000559 seconds
[2019-12-09T02:52:54.666+0000][1][safepoint    ] Entering safepoint region: RevokeBias
[2019-12-09T02:52:54.666+0000][1][safepoint    ] Leaving safepoint region
[2019-12-09T02:52:54.666+0000][1][safepoint    ] Total time for which application threads were stopped: 0.0000400 seconds, Stopping threads took: 0.0000088 seconds
[2019-12-09T02:52:54.675+0000][1][safepoint    ] Application time: 0.0083146 seconds
[2019-12-09T02:52:54.675+0000][1][safepoint    ] Entering safepoint region: RevokeBias
[2019-12-09T02:52:54.675+0000][1][safepoint    ] Leaving safepoint region
[2019-12-09T02:52:54.675+0000][1][safepoint    ] Total time for which application threads were stopped: 0.0000641 seconds, Stopping threads took: 0.0000128 seconds
[2019-12-09T02:52:54.675+0000][1][safepoint    ] Application time: 0.0002933 seconds
[2019-12-09T02:52:54.675+0000][1][safepoint    ] Entering safepoint region: RevokeBias
[2019-12-09T02:52:54.675+0000][1][safepoint    ] Leaving safepoint region
[2019-12-09T02:52:54.675+0000][1][safepoint    ] Total time for which application threads were stopped: 0.0000607 seconds, Stopping threads took: 0.0000126 seconds
[2019-12-09T02:52:54.675+0000][1][safepoint    ] Application time: 0.0003073 seconds
[2019-12-09T02:52:54.675+0000][1][safepoint    ] Entering safepoint region: RevokeBias
[2019-12-09T02:52:54.675+0000][1][safepoint    ] Leaving safepoint region
[2019-12-09T02:52:54.675+0000][1][safepoint    ] Total time for which application threads were stopped: 0.0000575 seconds, Stopping threads took: 0.0000116 seconds
[2019-12-09T02:52:54.676+0000][1][safepoint    ] Application time: 0.0003983 seconds
[2019-12-09T02:52:54.676+0000][1][safepoint    ] Entering safepoint region: RevokeBias
[2019-12-09T02:52:54.676+0000][1][safepoint    ] Leaving safepoint region
[2019-12-09T02:52:54.676+0000][1][safepoint    ] Total time for which application threads were stopped: 0.0000585 seconds, Stopping threads took: 0.0000122 seconds
[2019-12-09T02:52:54.676+0000][1][safepoint    ] Application time: 0.0003002 seconds
[2019-12-09T02:52:54.676+0000][1][safepoint    ] Entering safepoint region: RevokeBias
[2019-12-09T02:52:54.676+0000][1][safepoint    ] Leaving safepoint region
[2019-12-09T02:52:54.676+0000][1][safepoint    ] Total time for which application threads were stopped: 0.0000485 seconds, Stopping threads took: 0.0000107 seconds
[2019-12-09T02:52:54.676+0000][1][safepoint    ] Application time: 0.0000593 seconds
[2019-12-09T02:52:54.676+0000][1][safepoint    ] Entering safepoint region: RevokeBias
[2019-12-09T02:52:54.676+0000][1][safepoint    ] Leaving safepoint region
[2019-12-09T02:52:54.676+0000][1][safepoint    ] Total time for which application threads were stopped: 0.0000404 seconds, Stopping threads took: 0.0000096 seconds
[2019-12-09T02:52:54.676+0000][1][safepoint    ] Application time: 0.0000519 seconds
[2019-12-09T02:52:54.676+0000][1][safepoint    ] Entering safepoint region: RevokeBias
[2019-12-09T02:52:54.676+0000][1][safepoint    ] Leaving safepoint region
[2019-12-09T02:52:54.676+0000][1][safepoint    ] Total time for which application threads were stopped: 0.0000384 seconds, Stopping threads took: 0.0000087 seconds
[2019-12-09T02:52:54.739+0000][1][safepoint    ] Application time: 0.0624736 seconds
[2019-12-09T02:52:54.739+0000][1][safepoint    ] Entering safepoint region: RevokeBias
[2019-12-09T02:52:54.739+0000][1][safepoint    ] Leaving safepoint region
[2019-12-09T02:52:54.739+0000][1][safepoint    ] Total time for which application threads were stopped: 0.0000917 seconds, Stopping threads took: 0.0000168 seconds
[2019-12-09T02:52:54.739+0000][1][safepoint    ] Application time: 0.0001123 seconds
[2019-12-09T02:52:54.739+0000][1][safepoint    ] Entering safepoint region: RevokeBias
[2019-12-09T02:52:54.739+0000][1][safepoint    ] Leaving safepoint region
[2019-12-09T02:52:54.739+0000][1][safepoint    ] Total time for which application threads were stopped: 0.0000639 seconds, Stopping threads took: 0.0000113 seconds
[2019-12-09T02:52:54.739+0000][1][safepoint    ] Application time: 0.0000624 seconds
[2019-12-09T02:52:54.739+0000][1][safepoint    ] Entering safepoint region: RevokeBias
[2019-12-09T02:52:54.739+0000][1][safepoint    ] Leaving safepoint region
[2019-12-09T02:52:54.739+0000][1][safepoint    ] Total time for which application threads were stopped: 0.0000531 seconds, Stopping threads took: 0.0000096 seconds
[2019-12-09T02:52:54.740+0000][1][safepoint    ] Application time: 0.0006490 seconds
[2019-12-09T02:52:54.740+0000][1][safepoint    ] Entering safepoint region: RevokeBias
[2019-12-09T02:52:54.740+0000][1][safepoint    ] Leaving safepoint region
[2019-12-09T02:52:54.740+0000][1][safepoint    ] Total time for which application threads were stopped: 0.0000696 seconds, Stopping threads took: 0.0000137 seconds
[2019-12-09T02:52:54.741+0000][1][safepoint    ] Application time: 0.0006578 seconds
[2019-12-09T02:52:54.741+0000][1][safepoint    ] Entering safepoint region: RevokeBias
[2019-12-09T02:52:54.741+0000][1][safepoint    ] Leaving safepoint region
[2019-12-09T02:52:54.741+0000][1][safepoint    ] Total time for which application threads were stopped: 0.0000595 seconds, Stopping threads took: 0.0000134 seconds
[2019-12-09T02:52:55.029+0000][1][safepoint    ] Application time: 0.2882614 seconds
[2019-12-09T02:52:55.053+0000][1][safepoint    ] Entering safepoint region: RevokeBias
[2019-12-09T02:52:55.054+0000][1][safepoint    ] Leaving safepoint region
[2019-12-09T02:52:55.054+0000][1][safepoint    ] Total time for which application threads were stopped: 0.0244155 seconds, Stopping threads took: 0.0243282 seconds
[2019-12-09T02:52:55.210+0000][1][safepoint    ] Application time: 0.1564612 seconds
[2019-12-09T02:52:55.210+0000][1][safepoint    ] Entering safepoint region: RevokeBias
[2019-12-09T02:52:55.210+0000][1][safepoint    ] Leaving safepoint region
[2019-12-09T02:52:55.210+0000][1][safepoint    ] Total time for which application threads were stopped: 0.0001105 seconds, Stopping threads took: 0.0000171 seconds
[2019-12-09T02:52:55.483+0000][1][safepoint    ] Application time: 0.2725477 seconds
[2019-12-09T02:52:55.483+0000][1][safepoint    ] Entering safepoint region: RevokeBias
[2019-12-09T02:52:55.483+0000][1][safepoint    ] Leaving safepoint region
[2019-12-09T02:52:55.483+0000][1][safepoint    ] Total time for which application threads were stopped: 0.0000877 seconds, Stopping threads took: 0.0000172 seconds
[2019-12-09T02:52:55.720+0000][1][safepoint    ] Application time: 0.2372647 seconds
[2019-12-09T02:52:55.739+0000][1][safepoint    ] Entering safepoint region: RevokeBias
[2019-12-09T02:52:55.739+0000][1][safepoint    ] Leaving safepoint region
[2019-12-09T02:52:55.739+0000][1][safepoint    ] Total time for which application threads were stopped: 0.0186859 seconds, Stopping threads took: 0.0185882 seconds
[2019-12-09T02:52:55.781+0000][1][safepoint    ] Application time: 0.0418280 seconds
[2019-12-09T02:52:55.794+0000][1][safepoint    ] Entering safepoint region: RevokeBias
[2019-12-09T02:52:55.794+0000][1][safepoint    ] Leaving safepoint region
[2019-12-09T02:52:55.794+0000][1][safepoint    ] Total time for which application threads were stopped: 0.0131047 seconds, Stopping threads took: 0.0130247 seconds
[2019-12-09T02:52:55.831+0000][1][safepoint    ] Application time: 0.0370278 seconds
[2019-12-09T02:52:55.831+0000][1][safepoint    ] Entering safepoint region: RevokeBias
[2019-12-09T02:52:55.831+0000][1][safepoint    ] Leaving safepoint region
[2019-12-09T02:52:55.831+0000][1][safepoint    ] Total time for which application threads were stopped: 0.0001160 seconds, Stopping threads took: 0.0000171 seconds
[2019-12-09T02:52:55.836+0000][1][safepoint    ] Application time: 0.0053104 seconds
[2019-12-09T02:52:55.836+0000][1][safepoint    ] Entering safepoint region: RevokeBias
[2019-12-09T02:52:55.836+0000][1][safepoint    ] Leaving safepoint region
[2019-12-09T02:52:55.836+0000][1][safepoint    ] Total time for which application threads were stopped: 0.0000854 seconds, Stopping threads took: 0.0000157 seconds
[2019-12-09T02:52:55.837+0000][1][safepoint    ] Application time: 0.0008612 seconds
[2019-12-09T02:52:55.837+0000][1][safepoint    ] Entering safepoint region: RevokeBias
[2019-12-09T02:52:55.837+0000][1][safepoint    ] Leaving safepoint region
[2019-12-09T02:52:55.837+0000][1][safepoint    ] Total time for which application threads were stopped: 0.0001109 seconds, Stopping threads took: 0.0000132 seconds
[2019-12-09T02:52:55.838+0000][1][safepoint    ] Application time: 0.0005434 seconds
[2019-12-09T02:52:55.838+0000][1][safepoint    ] Entering safepoint region: RevokeBias
[2019-12-09T02:52:55.838+0000][1][safepoint    ] Leaving safepoint region
[2019-12-09T02:52:55.838+0000][1][safepoint    ] Total time for which application threads were stopped: 0.0000650 seconds, Stopping threads took: 0.0000131 seconds
[2019-12-09T02:52:55.839+0000][1][safepoint    ] Application time: 0.0004644 seconds
[2019-12-09T02:52:55.839+0000][1][safepoint    ] Entering safepoint region: RevokeBias
[2019-12-09T02:52:55.839+0000][1][safepoint    ] Leaving safepoint region
[2019-12-09T02:52:55.839+0000][1][safepoint    ] Total time for which application threads were stopped: 0.0000689 seconds, Stopping threads took: 0.0000118 seconds
[2019-12-09T02:52:55.841+0000][1][safepoint    ] Application time: 0.0019134 seconds
[2019-12-09T02:52:55.841+0000][1][safepoint    ] Entering safepoint region: RevokeBias
[2019-12-09T02:52:55.841+0000][1][safepoint    ] Leaving safepoint region
[2019-12-09T02:52:55.841+0000][1][safepoint    ] Total time for which application threads were stopped: 0.0000796 seconds, Stopping threads took: 0.0000110 seconds
[2019-12-09T02:52:55.841+0000][1][safepoint    ] Application time: 0.0004602 seconds
[2019-12-09T02:52:55.841+0000][1][safepoint    ] Entering safepoint region: RevokeBias
[2019-12-09T02:52:55.841+0000][1][safepoint    ] Leaving safepoint region
[2019-12-09T02:52:55.841+0000][1][safepoint    ] Total time for which application threads were stopped: 0.0000592 seconds, Stopping threads took: 0.0000117 seconds
[2019-12-09T02:52:55.859+0000][1][safepoint    ] Application time: 0.0176815 seconds
[2019-12-09T02:52:55.859+0000][1][safepoint    ] Entering safepoint region: RevokeBias
[2019-12-09T02:52:55.859+0000][1][safepoint    ] Leaving safepoint region
[2019-12-09T02:52:55.859+0000][1][safepoint    ] Total time for which application threads were stopped: 0.0000705 seconds, Stopping threads took: 0.0000123 seconds
[2019-12-09T02:52:55.867+0000][1][safepoint    ] Application time: 0.0078504 seconds
[2019-12-09T02:52:55.868+0000][1][safepoint    ] Entering safepoint region: RevokeBias
[2019-12-09T02:52:55.868+0000][1][safepoint    ] Leaving safepoint region
[2019-12-09T02:52:55.868+0000][1][safepoint    ] Total time for which application threads were stopped: 0.0009904 seconds, Stopping threads took: 0.0008923 seconds
[2019-12-09T02:52:55.883+0000][1][safepoint    ] Application time: 0.0148069 seconds
[2019-12-09T02:52:55.883+0000][1][safepoint    ] Entering safepoint region: RevokeBias
[2019-12-09T02:52:55.883+0000][1][safepoint    ] Leaving safepoint region
[2019-12-09T02:52:55.883+0000][1][safepoint    ] Total time for which application threads were stopped: 0.0001502 seconds, Stopping threads took: 0.0000923 seconds
[2019-12-09T02:52:55.894+0000][1][safepoint    ] Application time: 0.0108301 seconds
[2019-12-09T02:52:55.894+0000][1][safepoint    ] Entering safepoint region: RevokeBias
[2019-12-09T02:52:55.894+0000][1][safepoint    ] Leaving safepoint region
[2019-12-09T02:52:55.894+0000][1][safepoint    ] Total time for which application threads were stopped: 0.0000760 seconds, Stopping threads took: 0.0000159 seconds
[2019-12-09T02:52:55.896+0000][1][safepoint    ] Application time: 0.0020000 seconds
[2019-12-09T02:52:55.896+0000][1][safepoint    ] Entering safepoint region: RevokeBias
[2019-12-09T02:52:55.896+0000][1][safepoint    ] Leaving safepoint region
[2019-12-09T02:52:55.896+0000][1][safepoint    ] Total time for which application threads were stopped: 0.0000697 seconds, Stopping threads took: 0.0000243 seconds
[2019-12-09T02:52:56.261+0000][1][safepoint    ] Application time: 0.3649277 seconds
[2019-12-09T02:52:56.261+0000][1][safepoint    ] Entering safepoint region: RevokeBias
[2019-12-09T02:52:56.261+0000][1][safepoint    ] Leaving safepoint region
[2019-12-09T02:52:56.261+0000][1][safepoint    ] Total time for which application threads were stopped: 0.0000935 seconds, Stopping threads took: 0.0000207 seconds
[2019-12-09T02:52:56.262+0000][1][safepoint    ] Application time: 0.0008417 seconds
[2019-12-09T02:52:56.262+0000][1][safepoint    ] Entering safepoint region: RevokeBias
[2019-12-09T02:52:56.262+0000][1][safepoint    ] Leaving safepoint region
[2019-12-09T02:52:56.262+0000][1][safepoint    ] Total time for which application threads were stopped: 0.0000733 seconds, Stopping threads took: 0.0000172 seconds
[2019-12-09T02:52:56.263+0000][1][safepoint    ] Application time: 0.0005473 seconds
[2019-12-09T02:52:56.263+0000][1][safepoint    ] Entering safepoint region: RevokeBias
[2019-12-09T02:52:56.263+0000][1][safepoint    ] Leaving safepoint region
[2019-12-09T02:52:56.263+0000][1][safepoint    ] Total time for which application threads were stopped: 0.0000586 seconds, Stopping threads took: 0.0000114 seconds
[2019-12-09T02:52:56.689+0000][1][safepoint    ] Application time: 0.4268257 seconds
[2019-12-09T02:52:56.689+0000][1][safepoint    ] Entering safepoint region: RevokeBias
[2019-12-09T02:52:56.690+0000][1][safepoint    ] Leaving safepoint region
[2019-12-09T02:52:56.690+0000][1][safepoint    ] Total time for which application threads were stopped: 0.0001110 seconds, Stopping threads took: 0.0000171 seconds
[2019-12-09T02:52:56.691+0000][1][safepoint    ] Application time: 0.0017429 seconds
[2019-12-09T02:52:56.691+0000][1][safepoint    ] Entering safepoint region: RevokeBias
[2019-12-09T02:52:56.691+0000][1][safepoint    ] Leaving safepoint region
[2019-12-09T02:52:56.691+0000][1][safepoint    ] Total time for which application threads were stopped: 0.0000986 seconds, Stopping threads took: 0.0000143 seconds
[2019-12-09T02:52:56.692+0000][1][safepoint    ] Application time: 0.0009177 seconds
[2019-12-09T02:52:56.692+0000][1][safepoint    ] Entering safepoint region: RevokeBias
[2019-12-09T02:52:56.692+0000][1][safepoint    ] Leaving safepoint region
[2019-12-09T02:52:56.692+0000][1][safepoint    ] Total time for which application threads were stopped: 0.0000851 seconds, Stopping threads took: 0.0000131 seconds
[2019-12-09T02:52:56.693+0000][1][safepoint    ] Application time: 0.0002659 seconds
[2019-12-09T02:52:56.693+0000][1][safepoint    ] Entering safepoint region: RevokeBias
[2019-12-09T02:52:56.693+0000][1][safepoint    ] Leaving safepoint region
[2019-12-09T02:52:56.693+0000][1][safepoint    ] Total time for which application threads were stopped: 0.0000597 seconds, Stopping threads took: 0.0000121 seconds
[2019-12-09T02:52:56.695+0000][1][safepoint    ] Application time: 0.0019802 seconds
[2019-12-09T02:52:56.695+0000][1][safepoint    ] Entering safepoint region: RevokeBias
[2019-12-09T02:52:56.695+0000][1][safepoint    ] Leaving safepoint region
[2019-12-09T02:52:56.695+0000][1][safepoint    ] Total time for which application threads were stopped: 0.0000953 seconds, Stopping threads took: 0.0000129 seconds
[2019-12-09T02:52:56.696+0000][1][safepoint    ] Application time: 0.0007911 seconds
[2019-12-09T02:52:56.696+0000][1][safepoint    ] Entering safepoint region: RevokeBias
[2019-12-09T02:52:56.696+0000][1][safepoint    ] Leaving safepoint region
[2019-12-09T02:52:56.696+0000][1][safepoint    ] Total time for which application threads were stopped: 0.0000545 seconds, Stopping threads took: 0.0000128 seconds
[2019-12-09T02:52:56.696+0000][1][safepoint    ] Application time: 0.0001414 seconds
[2019-12-09T02:52:56.696+0000][1][safepoint    ] Entering safepoint region: RevokeBias
[2019-12-09T02:52:56.696+0000][1][safepoint    ] Leaving safepoint region
[2019-12-09T02:52:56.696+0000][1][safepoint    ] Total time for which application threads were stopped: 0.0000476 seconds, Stopping threads took: 0.0000110 seconds
[2019-12-09T02:52:56.696+0000][1][safepoint    ] Application time: 0.0000555 seconds
[2019-12-09T02:52:56.696+0000][1][safepoint    ] Entering safepoint region: RevokeBias
[2019-12-09T02:52:56.696+0000][1][safepoint    ] Leaving safepoint region
[2019-12-09T02:52:56.696+0000][1][safepoint    ] Total time for which application threads were stopped: 0.0000362 seconds, Stopping threads took: 0.0000080 seconds
[2019-12-09T02:52:56.734+0000][1][safepoint    ] Application time: 0.0375732 seconds
[2019-12-09T02:52:56.734+0000][1][safepoint    ] Entering safepoint region: BulkRevokeBias
[2019-12-09T02:52:56.734+0000][1][safepoint    ] Leaving safepoint region
[2019-12-09T02:52:56.734+0000][1][safepoint    ] Total time for which application threads were stopped: 0.0002959 seconds, Stopping threads took: 0.0000145 seconds
[2019-12-09T02:52:56.735+0000][1][safepoint    ] Application time: 0.0010616 seconds
[2019-12-09T02:52:56.735+0000][1][safepoint    ] Entering safepoint region: RevokeBias
[2019-12-09T02:52:56.735+0000][1][safepoint    ] Leaving safepoint region
[2019-12-09T02:52:56.735+0000][1][safepoint    ] Total time for which application threads were stopped: 0.0000586 seconds, Stopping threads took: 0.0000131 seconds
[2019-12-09T02:52:56.927+0000][1][safepoint    ] Application time: 0.1915230 seconds
[2019-12-09T02:52:56.927+0000][1][safepoint    ] Entering safepoint region: RevokeBias
[2019-12-09T02:52:56.927+0000][1][safepoint    ] Leaving safepoint region
[2019-12-09T02:52:56.927+0000][1][safepoint    ] Total time for which application threads were stopped: 0.0000947 seconds, Stopping threads took: 0.0000168 seconds
[2019-12-09T02:52:57.018+0000][1][safepoint    ] Application time: 0.0910270 seconds
[2019-12-09T02:52:57.084+0000][1][safepoint    ] Entering safepoint region: RevokeBias
[2019-12-09T02:52:57.084+0000][1][safepoint    ] Leaving safepoint region
[2019-12-09T02:52:57.084+0000][1][safepoint    ] Total time for which application threads were stopped: 0.0658021 seconds, Stopping threads took: 0.0656732 seconds
[2019-12-09T02:52:57.084+0000][1][safepoint    ] Application time: 0.0003307 seconds
[2019-12-09T02:52:57.084+0000][1][safepoint    ] Entering safepoint region: RevokeBias
[2019-12-09T02:52:57.084+0000][1][safepoint    ] Leaving safepoint region
[2019-12-09T02:52:57.084+0000][1][safepoint    ] Total time for which application threads were stopped: 0.0000994 seconds, Stopping threads took: 0.0000150 seconds
[2019-12-09T02:52:57.084+0000][1][safepoint    ] Application time: 0.0001572 seconds
[2019-12-09T02:52:57.084+0000][1][safepoint    ] Entering safepoint region: RevokeBias
[2019-12-09T02:52:57.084+0000][1][safepoint    ] Leaving safepoint region
[2019-12-09T02:52:57.084+0000][1][safepoint    ] Total time for which application threads were stopped: 0.0001017 seconds, Stopping threads took: 0.0000112 seconds
[2019-12-09T02:52:57.085+0000][1][safepoint    ] Application time: 0.0001737 seconds
[2019-12-09T02:52:57.085+0000][1][safepoint    ] Entering safepoint region: RevokeBias
[2019-12-09T02:52:57.085+0000][1][safepoint    ] Leaving safepoint region
[2019-12-09T02:52:57.085+0000][1][safepoint    ] Total time for which application threads were stopped: 0.0000950 seconds, Stopping threads took: 0.0000093 seconds
[2019-12-09T02:52:57.085+0000][1][safepoint    ] Application time: 0.0002857 seconds
[2019-12-09T02:52:57.085+0000][1][safepoint    ] Entering safepoint region: RevokeBias
[2019-12-09T02:52:57.085+0000][1][safepoint    ] Leaving safepoint region
[2019-12-09T02:52:57.085+0000][1][safepoint    ] Total time for which application threads were stopped: 0.0000806 seconds, Stopping threads took: 0.0000112 seconds
[2019-12-09T02:52:57.085+0000][1][safepoint    ] Application time: 0.0002302 seconds
[2019-12-09T02:52:57.085+0000][1][safepoint    ] Entering safepoint region: RevokeBias
[2019-12-09T02:52:57.085+0000][1][safepoint    ] Leaving safepoint region
[2019-12-09T02:52:57.085+0000][1][safepoint    ] Total time for which application threads were stopped: 0.0000754 seconds, Stopping threads took: 0.0000096 seconds
[2019-12-09T02:52:57.111+0000][1][safepoint    ] Application time: 0.0252905 seconds
[2019-12-09T02:52:57.128+0000][1][safepoint    ] Entering safepoint region: RevokeBias
[2019-12-09T02:52:57.128+0000][1][safepoint    ] Leaving safepoint region
[2019-12-09T02:52:57.128+0000][1][safepoint    ] Total time for which application threads were stopped: 0.0171037 seconds, Stopping threads took: 0.0170146 seconds
[2019-12-09T02:52:57.130+0000][1][safepoint    ] Application time: 0.0020023 seconds
[2019-12-09T02:52:57.130+0000][1][safepoint    ] Entering safepoint region: BulkRevokeBias
[2019-12-09T02:52:57.131+0000][1][safepoint    ] Leaving safepoint region
[2019-12-09T02:52:57.131+0000][1][safepoint    ] Total time for which application threads were stopped: 0.0007734 seconds, Stopping threads took: 0.0000718 seconds
[2019-12-09T02:52:57.132+0000][1][safepoint    ] Application time: 0.0014729 seconds
[2019-12-09T02:52:57.132+0000][1][safepoint    ] Entering safepoint region: RevokeBias
[2019-12-09T02:52:57.132+0000][1][safepoint    ] Leaving safepoint region
[2019-12-09T02:52:57.132+0000][1][safepoint    ] Total time for which application threads were stopped: 0.0000652 seconds, Stopping threads took: 0.0000117 seconds
[2019-12-09T02:52:57.203+0000][1][safepoint    ] Application time: 0.0704643 seconds
[2019-12-09T02:52:57.203+0000][1][safepoint    ] Entering safepoint region: RevokeBias
[2019-12-09T02:52:57.203+0000][1][safepoint    ] Leaving safepoint region
[2019-12-09T02:52:57.203+0000][1][safepoint    ] Total time for which application threads were stopped: 0.0001042 seconds, Stopping threads took: 0.0000163 seconds
[2019-12-09T02:52:57.203+0000][1][safepoint    ] Application time: 0.0003936 seconds
[2019-12-09T02:52:57.203+0000][1][safepoint    ] Entering safepoint region: RevokeBias
[2019-12-09T02:52:57.203+0000][1][safepoint    ] Leaving safepoint region
[2019-12-09T02:52:57.203+0000][1][safepoint    ] Total time for which application threads were stopped: 0.0000803 seconds, Stopping threads took: 0.0000149 seconds
[2019-12-09T02:52:57.233+0000][1][safepoint    ] Application time: 0.0293530 seconds
[2019-12-09T02:52:57.233+0000][1][safepoint    ] Entering safepoint region: RevokeBias
[2019-12-09T02:52:57.233+0000][1][safepoint    ] Leaving safepoint region
[2019-12-09T02:52:57.233+0000][1][safepoint    ] Total time for which application threads were stopped: 0.0001258 seconds, Stopping threads took: 0.0000440 seconds
[2019-12-09T02:52:57.238+0000][1][safepoint    ] Application time: 0.0050311 seconds
[2019-12-09T02:52:57.238+0000][1][safepoint    ] Entering safepoint region: RevokeBias
[2019-12-09T02:52:57.238+0000][1][safepoint    ] Leaving safepoint region
[2019-12-09T02:52:57.238+0000][1][safepoint    ] Total time for which application threads were stopped: 0.0000962 seconds, Stopping threads took: 0.0000245 seconds
[2019-12-09T02:52:57.259+0000][1][safepoint    ] Application time: 0.0206836 seconds
[2019-12-09T02:52:57.259+0000][1][safepoint    ] Entering safepoint region: BulkRevokeBias
[2019-12-09T02:52:57.259+0000][1][safepoint    ] Leaving safepoint region
[2019-12-09T02:52:57.259+0000][1][safepoint    ] Total time for which application threads were stopped: 0.0005184 seconds, Stopping threads took: 0.0000161 seconds
[2019-12-09T02:52:57.276+0000][1][safepoint    ] Application time: 0.0164465 seconds
[2019-12-09T02:52:57.276+0000][1][safepoint    ] Entering safepoint region: RevokeBias
[2019-12-09T02:52:57.276+0000][1][safepoint    ] Leaving safepoint region
[2019-12-09T02:52:57.276+0000][1][safepoint    ] Total time for which application threads were stopped: 0.0000660 seconds, Stopping threads took: 0.0000147 seconds
[2019-12-09T02:52:57.278+0000][1][safepoint    ] Application time: 0.0018998 seconds
[2019-12-09T02:52:57.278+0000][1][safepoint    ] Entering safepoint region: RevokeBias
[2019-12-09T02:52:57.278+0000][1][safepoint    ] Leaving safepoint region
[2019-12-09T02:52:57.278+0000][1][safepoint    ] Total time for which application threads were stopped: 0.0000574 seconds, Stopping threads took: 0.0000129 seconds
[2019-12-09T02:52:57.305+0000][1][safepoint    ] Application time: 0.0269444 seconds
[2019-12-09T02:52:57.305+0000][1][safepoint    ] Entering safepoint region: RevokeBias
[2019-12-09T02:52:57.305+0000][1][safepoint    ] Leaving safepoint region
[2019-12-09T02:52:57.305+0000][1][safepoint    ] Total time for which application threads were stopped: 0.0000739 seconds, Stopping threads took: 0.0000150 seconds
[2019-12-09T02:52:57.366+0000][1][safepoint    ] Application time: 0.0610261 seconds
[2019-12-09T02:52:57.366+0000][1][safepoint    ] Entering safepoint region: RevokeBias
[2019-12-09T02:52:57.366+0000][1][safepoint    ] Leaving safepoint region
[2019-12-09T02:52:57.366+0000][1][safepoint    ] Total time for which application threads were stopped: 0.0000885 seconds, Stopping threads took: 0.0000194 seconds
[2019-12-09T02:52:57.435+0000][1][safepoint    ] Application time: 0.0687223 seconds
[2019-12-09T02:52:57.435+0000][1][safepoint    ] Entering safepoint region: RevokeBias
[2019-12-09T02:52:57.435+0000][1][safepoint    ] Leaving safepoint region
[2019-12-09T02:52:57.435+0000][1][safepoint    ] Total time for which application threads were stopped: 0.0000933 seconds, Stopping threads took: 0.0000166 seconds
[2019-12-09T02:52:57.442+0000][1][safepoint    ] Application time: 0.0076481 seconds
[2019-12-09T02:52:57.443+0000][1][safepoint    ] Entering safepoint region: RevokeBias
[2019-12-09T02:52:57.443+0000][1][safepoint    ] Leaving safepoint region
[2019-12-09T02:52:57.443+0000][1][safepoint    ] Total time for which application threads were stopped: 0.0000705 seconds, Stopping threads took: 0.0000142 seconds
[2019-12-09T02:52:57.451+0000][1][safepoint    ] Application time: 0.0081223 seconds
[2019-12-09T02:52:57.451+0000][1][safepoint    ] Entering safepoint region: RevokeBias
[2019-12-09T02:52:57.451+0000][1][safepoint    ] Leaving safepoint region
[2019-12-09T02:52:57.451+0000][1][safepoint    ] Total time for which application threads were stopped: 0.0000770 seconds, Stopping threads took: 0.0000139 seconds
[2019-12-09T02:52:57.530+0000][1][safepoint    ] Application time: 0.0790189 seconds
[2019-12-09T02:52:57.530+0000][1][safepoint    ] Entering safepoint region: RevokeBias
[2019-12-09T02:52:57.530+0000][1][safepoint    ] Leaving safepoint region
[2019-12-09T02:52:57.530+0000][1][safepoint    ] Total time for which application threads were stopped: 0.0000832 seconds, Stopping threads took: 0.0000171 seconds
[2019-12-09T02:52:57.648+0000][1][safepoint    ] Application time: 0.1180442 seconds
[2019-12-09T02:52:57.648+0000][1][safepoint    ] Entering safepoint region: BulkRevokeBias
[2019-12-09T02:52:57.648+0000][1][safepoint    ] Leaving safepoint region
[2019-12-09T02:52:57.648+0000][1][safepoint    ] Total time for which application threads were stopped: 0.0003372 seconds, Stopping threads took: 0.0000160 seconds
[2019-12-09T02:52:57.651+0000][1][safepoint    ] Application time: 0.0023342 seconds
[2019-12-09T02:52:57.651+0000][1][safepoint    ] Entering safepoint region: RevokeBias
[2019-12-09T02:52:57.651+0000][1][safepoint    ] Leaving safepoint region
[2019-12-09T02:52:57.651+0000][1][safepoint    ] Total time for which application threads were stopped: 0.0000757 seconds, Stopping threads took: 0.0000144 seconds
[2019-12-09T02:52:57.651+0000][1][safepoint    ] Application time: 0.0004703 seconds
[2019-12-09T02:52:57.651+0000][1][safepoint    ] Entering safepoint region: RevokeBias
[2019-12-09T02:52:57.651+0000][1][safepoint    ] Leaving safepoint region
[2019-12-09T02:52:57.651+0000][1][safepoint    ] Total time for which application threads were stopped: 0.0000621 seconds, Stopping threads took: 0.0000116 seconds
[2019-12-09T02:52:57.652+0000][1][safepoint    ] Application time: 0.0006560 seconds
[2019-12-09T02:52:57.652+0000][1][safepoint    ] Entering safepoint region: RevokeBias
[2019-12-09T02:52:57.652+0000][1][safepoint    ] Leaving safepoint region
[2019-12-09T02:52:57.652+0000][1][safepoint    ] Total time for which application threads were stopped: 0.0000515 seconds, Stopping threads took: 0.0000098 seconds
[2019-12-09T02:52:57.652+0000][1][safepoint    ] Application time: 0.0003691 seconds
[2019-12-09T02:52:57.652+0000][1][safepoint    ] Entering safepoint region: RevokeBias
[2019-12-09T02:52:57.653+0000][1][safepoint    ] Leaving safepoint region
[2019-12-09T02:52:57.653+0000][1][safepoint    ] Total time for which application threads were stopped: 0.0000556 seconds, Stopping threads took: 0.0000106 seconds
[2019-12-09T02:52:57.667+0000][1][safepoint    ] Application time: 0.0147865 seconds
[2019-12-09T02:52:57.667+0000][1][safepoint    ] Entering safepoint region: RevokeBias
[2019-12-09T02:52:57.667+0000][1][safepoint    ] Leaving safepoint region
[2019-12-09T02:52:57.667+0000][1][safepoint    ] Total time for which application threads were stopped: 0.0000595 seconds, Stopping threads took: 0.0000117 seconds
[2019-12-09T02:52:57.668+0000][1][safepoint    ] Application time: 0.0003901 seconds
[2019-12-09T02:52:57.668+0000][1][safepoint    ] Entering safepoint region: RevokeBias
[2019-12-09T02:52:57.668+0000][1][safepoint    ] Leaving safepoint region
[2019-12-09T02:52:57.668+0000][1][safepoint    ] Total time for which application threads were stopped: 0.0000623 seconds, Stopping threads took: 0.0000132 seconds
[2019-12-09T02:52:57.668+0000][1][safepoint    ] Application time: 0.0003404 seconds
[2019-12-09T02:52:57.668+0000][1][safepoint    ] Entering safepoint region: RevokeBias
[2019-12-09T02:52:57.668+0000][1][safepoint    ] Leaving safepoint region
[2019-12-09T02:52:57.668+0000][1][safepoint    ] Total time for which application threads were stopped: 0.0000606 seconds, Stopping threads took: 0.0000106 seconds
[2019-12-09T02:52:57.669+0000][1][safepoint    ] Application time: 0.0002685 seconds
[2019-12-09T02:52:57.669+0000][1][safepoint    ] Entering safepoint region: RevokeBias
[2019-12-09T02:52:57.669+0000][1][safepoint    ] Leaving safepoint region
[2019-12-09T02:52:57.669+0000][1][safepoint    ] Total time for which application threads were stopped: 0.0000491 seconds, Stopping threads took: 0.0000107 seconds
[2019-12-09T02:52:57.669+0000][1][safepoint    ] Application time: 0.0000451 seconds
[2019-12-09T02:52:57.669+0000][1][safepoint    ] Entering safepoint region: RevokeBias
[2019-12-09T02:52:57.669+0000][1][safepoint    ] Leaving safepoint region
[2019-12-09T02:52:57.669+0000][1][safepoint    ] Total time for which application threads were stopped: 0.0000419 seconds, Stopping threads took: 0.0000090 seconds
[2019-12-09T02:52:57.669+0000][1][safepoint    ] Application time: 0.0000418 seconds
[2019-12-09T02:52:57.669+0000][1][safepoint    ] Entering safepoint region: RevokeBias
[2019-12-09T02:52:57.669+0000][1][safepoint    ] Leaving safepoint region
[2019-12-09T02:52:57.669+0000][1][safepoint    ] Total time for which application threads were stopped: 0.0000411 seconds, Stopping threads took: 0.0000088 seconds
[2019-12-09T02:52:57.684+0000][1][safepoint    ] Application time: 0.0148089 seconds
[2019-12-09T02:52:57.684+0000][1][safepoint    ] Entering safepoint region: RevokeBias
[2019-12-09T02:52:57.684+0000][1][safepoint    ] Leaving safepoint region
[2019-12-09T02:52:57.684+0000][1][safepoint    ] Total time for which application threads were stopped: 0.0000549 seconds, Stopping threads took: 0.0000112 seconds
[2019-12-09T02:52:57.690+0000][1][safepoint    ] Application time: 0.0066495 seconds
[2019-12-09T02:52:57.690+0000][1][safepoint    ] Entering safepoint region: RevokeBias
[2019-12-09T02:52:57.691+0000][1][safepoint    ] Leaving safepoint region
[2019-12-09T02:52:57.691+0000][1][safepoint    ] Total time for which application threads were stopped: 0.0000573 seconds, Stopping threads took: 0.0000131 seconds
[2019-12-09T02:52:58.261+0000][1][safepoint    ] Application time: 0.5706275 seconds
[2019-12-09T02:52:58.261+0000][1][safepoint    ] Entering safepoint region: RevokeBias
[2019-12-09T02:52:58.261+0000][1][safepoint    ] Leaving safepoint region
[2019-12-09T02:52:58.261+0000][1][safepoint    ] Total time for which application threads were stopped: 0.0000924 seconds, Stopping threads took: 0.0000187 seconds
[2019-12-09T02:52:58.682+0000][1][safepoint    ] Application time: 0.4209990 seconds
[2019-12-09T02:52:58.695+0000][1][safepoint    ] Entering safepoint region: RevokeBias
[2019-12-09T02:52:58.695+0000][1][safepoint    ] Leaving safepoint region
[2019-12-09T02:52:58.695+0000][1][safepoint    ] Total time for which application threads were stopped: 0.0125298 seconds, Stopping threads took: 0.0124349 seconds
[2019-12-09T02:52:58.696+0000][1][safepoint    ] Application time: 0.0009435 seconds
[2019-12-09T02:52:58.696+0000][1][safepoint    ] Entering safepoint region: RevokeBias
[2019-12-09T02:52:58.696+0000][1][safepoint    ] Leaving safepoint region
[2019-12-09T02:52:58.696+0000][1][safepoint    ] Total time for which application threads were stopped: 0.0000886 seconds, Stopping threads took: 0.0000148 seconds
[2019-12-09T02:52:58.748+0000][1][safepoint    ] Application time: 0.0516019 seconds
[2019-12-09T02:52:58.748+0000][1][safepoint    ] Entering safepoint region: RevokeBias
[2019-12-09T02:52:58.748+0000][1][safepoint    ] Leaving safepoint region
[2019-12-09T02:52:58.748+0000][1][safepoint    ] Total time for which application threads were stopped: 0.0001596 seconds, Stopping threads took: 0.0000678 seconds
[2019-12-09T02:52:58.748+0000][1][safepoint    ] Application time: 0.0004978 seconds
[2019-12-09T02:52:58.748+0000][1][safepoint    ] Entering safepoint region: RevokeBias
[2019-12-09T02:52:58.748+0000][1][safepoint    ] Leaving safepoint region
[2019-12-09T02:52:58.748+0000][1][safepoint    ] Total time for which application threads were stopped: 0.0000694 seconds, Stopping threads took: 0.0000139 seconds
[2019-12-09T02:52:58.755+0000][1][safepoint    ] Application time: 0.0068833 seconds
[2019-12-09T02:52:58.755+0000][1][safepoint    ] Entering safepoint region: RevokeBias
[2019-12-09T02:52:58.755+0000][1][safepoint    ] Leaving safepoint region
[2019-12-09T02:52:58.755+0000][1][safepoint    ] Total time for which application threads were stopped: 0.0001010 seconds, Stopping threads took: 0.0000134 seconds
[2019-12-09T02:52:58.825+0000][1][safepoint    ] Application time: 0.0697258 seconds
[2019-12-09T02:52:58.825+0000][1][safepoint    ] Entering safepoint region: RevokeBias
[2019-12-09T02:52:58.825+0000][1][safepoint    ] Leaving safepoint region
[2019-12-09T02:52:58.825+0000][1][safepoint    ] Total time for which application threads were stopped: 0.0000890 seconds, Stopping threads took: 0.0000154 seconds
[2019-12-09T02:52:58.827+0000][1][safepoint    ] Application time: 0.0016041 seconds
[2019-12-09T02:52:58.831+0000][1][safepoint    ] Entering safepoint region: RevokeBias
[2019-12-09T02:52:58.831+0000][1][safepoint    ] Leaving safepoint region
[2019-12-09T02:52:58.831+0000][1][safepoint    ] Total time for which application threads were stopped: 0.0040072 seconds, Stopping threads took: 0.0039407 seconds
[2019-12-09T02:52:58.858+0000][1][safepoint    ] Application time: 0.0269534 seconds
[2019-12-09T02:52:58.858+0000][1][safepoint    ] Entering safepoint region: RevokeBias
[2019-12-09T02:52:58.858+0000][1][safepoint    ] Leaving safepoint region
[2019-12-09T02:52:58.858+0000][1][safepoint    ] Total time for which application threads were stopped: 0.0001286 seconds, Stopping threads took: 0.0000688 seconds
[2019-12-09T02:52:58.858+0000][1][safepoint    ] Application time: 0.0001673 seconds
[2019-12-09T02:52:58.858+0000][1][safepoint    ] Entering safepoint region: RevokeBias
[2019-12-09T02:52:58.858+0000][1][safepoint    ] Leaving safepoint region
[2019-12-09T02:52:58.858+0000][1][safepoint    ] Total time for which application threads were stopped: 0.0000607 seconds, Stopping threads took: 0.0000114 seconds
[2019-12-09T02:52:58.859+0000][1][safepoint    ] Application time: 0.0010598 seconds
[2019-12-09T02:52:58.859+0000][1][safepoint    ] Entering safepoint region: RevokeBias
[2019-12-09T02:52:58.859+0000][1][safepoint    ] Leaving safepoint region
[2019-12-09T02:52:58.859+0000][1][safepoint    ] Total time for which application threads were stopped: 0.0000639 seconds, Stopping threads took: 0.0000136 seconds
[2019-12-09T02:52:58.891+0000][1][safepoint    ] Application time: 0.0315038 seconds
[2019-12-09T02:52:58.891+0000][1][safepoint    ] Entering safepoint region: BulkRevokeBias
[2019-12-09T02:52:58.891+0000][1][safepoint    ] Leaving safepoint region
[2019-12-09T02:52:58.891+0000][1][safepoint    ] Total time for which application threads were stopped: 0.0002837 seconds, Stopping threads took: 0.0000148 seconds
[2019-12-09T02:52:58.931+0000][1][safepoint    ] Application time: 0.0400581 seconds
[2019-12-09T02:52:58.931+0000][1][safepoint    ] Entering safepoint region: RevokeBias
[2019-12-09T02:52:58.931+0000][1][safepoint    ] Leaving safepoint region
[2019-12-09T02:52:58.931+0000][1][safepoint    ] Total time for which application threads were stopped: 0.0000726 seconds, Stopping threads took: 0.0000160 seconds
[2019-12-09T02:52:58.945+0000][1][safepoint    ] Application time: 0.0134976 seconds
[2019-12-09T02:52:58.945+0000][1][safepoint    ] Entering safepoint region: RevokeBias
[2019-12-09T02:52:58.945+0000][1][safepoint    ] Leaving safepoint region
[2019-12-09T02:52:58.945+0000][1][safepoint    ] Total time for which application threads were stopped: 0.0000722 seconds, Stopping threads took: 0.0000129 seconds
[2019-12-09T02:52:59.302+0000][1][safepoint    ] Application time: 0.3571302 seconds
[2019-12-09T02:52:59.302+0000][1][safepoint    ] Entering safepoint region: RevokeBias
[2019-12-09T02:52:59.302+0000][1][safepoint    ] Leaving safepoint region
[2019-12-09T02:52:59.302+0000][1][safepoint    ] Total time for which application threads were stopped: 0.0001098 seconds, Stopping threads took: 0.0000184 seconds
[2019-12-09T02:52:59.302+0000][1][safepoint    ] Application time: 0.0000718 seconds
[2019-12-09T02:52:59.302+0000][1][safepoint    ] Entering safepoint region: RevokeBias
[2019-12-09T02:52:59.302+0000][1][safepoint    ] Leaving safepoint region
[2019-12-09T02:52:59.302+0000][1][safepoint    ] Total time for which application threads were stopped: 0.0000621 seconds, Stopping threads took: 0.0000099 seconds
[2019-12-09T02:52:59.619+0000][1][safepoint    ] Application time: 0.3167868 seconds
[2019-12-09T02:52:59.619+0000][1][safepoint    ] Entering safepoint region: BulkRevokeBias
[2019-12-09T02:52:59.619+0000][1][safepoint    ] Leaving safepoint region
[2019-12-09T02:52:59.619+0000][1][safepoint    ] Total time for which application threads were stopped: 0.0002544 seconds, Stopping threads took: 0.0000162 seconds
[2019-12-09T02:52:59.689+0000][1][safepoint    ] Application time: 0.0695550 seconds
[2019-12-09T02:52:59.701+0000][1][safepoint    ] Entering safepoint region: RevokeBias
[2019-12-09T02:52:59.701+0000][1][safepoint    ] Leaving safepoint region
[2019-12-09T02:52:59.701+0000][1][safepoint    ] Total time for which application threads were stopped: 0.0118126 seconds, Stopping threads took: 0.0117219 seconds
[2019-12-09T02:52:59.725+0000][1][safepoint    ] Application time: 0.0242318 seconds
[2019-12-09T02:52:59.725+0000][1][safepoint    ] Entering safepoint region: RevokeBias
[2019-12-09T02:52:59.725+0000][1][safepoint    ] Leaving safepoint region
[2019-12-09T02:52:59.725+0000][1][safepoint    ] Total time for which application threads were stopped: 0.0001400 seconds, Stopping threads took: 0.0000619 seconds
[2019-12-09T02:52:59.730+0000][1][safepoint    ] Application time: 0.0045251 seconds
[2019-12-09T02:52:59.730+0000][1][safepoint    ] Entering safepoint region: RevokeBias
[2019-12-09T02:52:59.730+0000][1][safepoint    ] Leaving safepoint region
[2019-12-09T02:52:59.730+0000][1][safepoint    ] Total time for which application threads were stopped: 0.0001604 seconds, Stopping threads took: 0.0001047 seconds
[2019-12-09T02:52:59.734+0000][1][safepoint    ] Application time: 0.0037774 seconds
[2019-12-09T02:52:59.734+0000][1][safepoint    ] Entering safepoint region: RevokeBias
[2019-12-09T02:52:59.734+0000][1][safepoint    ] Leaving safepoint region
[2019-12-09T02:52:59.734+0000][1][safepoint    ] Total time for which application threads were stopped: 0.0000705 seconds, Stopping threads took: 0.0000120 seconds
[2019-12-09T02:52:59.749+0000][1][safepoint    ] Application time: 0.0146562 seconds
[2019-12-09T02:52:59.749+0000][1][safepoint    ] Entering safepoint region: RevokeBias
[2019-12-09T02:52:59.749+0000][1][safepoint    ] Leaving safepoint region
[2019-12-09T02:52:59.749+0000][1][safepoint    ] Total time for which application threads were stopped: 0.0000751 seconds, Stopping threads took: 0.0000133 seconds
[2019-12-09T02:52:59.789+0000][1][safepoint    ] Application time: 0.0401198 seconds
[2019-12-09T02:52:59.789+0000][1][safepoint    ] Entering safepoint region: RevokeBias
[2019-12-09T02:52:59.789+0000][1][safepoint    ] Leaving safepoint region
[2019-12-09T02:52:59.789+0000][1][safepoint    ] Total time for which application threads were stopped: 0.0000865 seconds, Stopping threads took: 0.0000147 seconds
[2019-12-09T02:52:59.826+0000][1][safepoint    ] Application time: 0.0371231 seconds
[2019-12-09T02:52:59.826+0000][1][safepoint    ] Entering safepoint region: RevokeBias
[2019-12-09T02:52:59.826+0000][1][safepoint    ] Leaving safepoint region
[2019-12-09T02:52:59.826+0000][1][safepoint    ] Total time for which application threads were stopped: 0.0000929 seconds, Stopping threads took: 0.0000180 seconds
[2019-12-09T02:53:00.178+0000][1][safepoint    ] Application time: 0.3523720 seconds
[2019-12-09T02:53:00.179+0000][1][safepoint    ] Entering safepoint region: RevokeBias
[2019-12-09T02:53:00.179+0000][1][safepoint    ] Leaving safepoint region
[2019-12-09T02:53:00.179+0000][1][safepoint    ] Total time for which application threads were stopped: 0.0006633 seconds, Stopping threads took: 0.0005580 seconds
[2019-12-09T02:53:00.180+0000][1][safepoint    ] Application time: 0.0004339 seconds
[2019-12-09T02:53:00.180+0000][1][safepoint    ] Entering safepoint region: RevokeBias
[2019-12-09T02:53:00.180+0000][1][safepoint    ] Leaving safepoint region
[2019-12-09T02:53:00.180+0000][1][safepoint    ] Total time for which application threads were stopped: 0.0001035 seconds, Stopping threads took: 0.0000300 seconds
[2019-12-09T02:53:00.180+0000][1][safepoint    ] Application time: 0.0000633 seconds
[2019-12-09T02:53:00.180+0000][1][safepoint    ] Entering safepoint region: RevokeBias
[2019-12-09T02:53:00.180+0000][1][safepoint    ] Leaving safepoint region
[2019-12-09T02:53:00.180+0000][1][safepoint    ] Total time for which application threads were stopped: 0.0000540 seconds, Stopping threads took: 0.0000101 seconds
[2019-12-09T02:53:00.180+0000][1][safepoint    ] Application time: 0.0001869 seconds
[2019-12-09T02:53:00.180+0000][1][safepoint    ] Entering safepoint region: RevokeBias
[2019-12-09T02:53:00.180+0000][1][safepoint    ] Leaving safepoint region
[2019-12-09T02:53:00.180+0000][1][safepoint    ] Total time for which application threads were stopped: 0.0000687 seconds, Stopping threads took: 0.0000114 seconds
[2019-12-09T02:53:00.180+0000][1][safepoint    ] Application time: 0.0001624 seconds
[2019-12-09T02:53:00.180+0000][1][safepoint    ] Entering safepoint region: RevokeBias
[2019-12-09T02:53:00.180+0000][1][safepoint    ] Leaving safepoint region
[2019-12-09T02:53:00.180+0000][1][safepoint    ] Total time for which application threads were stopped: 0.0000936 seconds, Stopping threads took: 0.0000472 seconds
[2019-12-09T02:53:00.185+0000][1][safepoint    ] Application time: 0.0046831 seconds
[2019-12-09T02:53:00.197+0000][1][safepoint    ] Entering safepoint region: RevokeBias
[2019-12-09T02:53:00.197+0000][1][safepoint    ] Leaving safepoint region
[2019-12-09T02:53:00.197+0000][1][safepoint    ] Total time for which application threads were stopped: 0.0117498 seconds, Stopping threads took: 0.0115558 seconds
[2019-12-09T02:53:00.198+0000][1][safepoint    ] Application time: 0.0006498 seconds
[2019-12-09T02:53:00.198+0000][1][safepoint    ] Entering safepoint region: RevokeBias
[2019-12-09T02:53:00.198+0000][1][safepoint    ] Leaving safepoint region
[2019-12-09T02:53:00.198+0000][1][safepoint    ] Total time for which application threads were stopped: 0.0001254 seconds, Stopping threads took: 0.0000127 seconds
[2019-12-09T02:53:00.198+0000][1][safepoint    ] Application time: 0.0002899 seconds
[2019-12-09T02:53:00.198+0000][1][safepoint    ] Entering safepoint region: BulkRevokeBias
[2019-12-09T02:53:00.198+0000][1][safepoint    ] Leaving safepoint region
[2019-12-09T02:53:00.198+0000][1][safepoint    ] Total time for which application threads were stopped: 0.0003324 seconds, Stopping threads took: 0.0000098 seconds
[2019-12-09T02:53:00.210+0000][1][safepoint    ] Application time: 0.0118463 seconds
[2019-12-09T02:53:00.210+0000][1][safepoint    ] Entering safepoint region: RevokeBias
[2019-12-09T02:53:00.210+0000][1][safepoint    ] Leaving safepoint region
[2019-12-09T02:53:00.210+0000][1][safepoint    ] Total time for which application threads were stopped: 0.0001104 seconds, Stopping threads took: 0.0000134 seconds
[2019-12-09T02:53:00.211+0000][1][safepoint    ] Application time: 0.0005653 seconds
[2019-12-09T02:53:00.211+0000][1][safepoint    ] Entering safepoint region: RevokeBias
[2019-12-09T02:53:00.211+0000][1][safepoint    ] Leaving safepoint region
[2019-12-09T02:53:00.211+0000][1][safepoint    ] Total time for which application threads were stopped: 0.0003661 seconds, Stopping threads took: 0.0000127 seconds
[2019-12-09T02:53:00.316+0000][1][safepoint    ] Application time: 0.1044118 seconds
[2019-12-09T02:53:00.316+0000][1][safepoint    ] Entering safepoint region: RevokeBias
[2019-12-09T02:53:00.316+0000][1][safepoint    ] Leaving safepoint region
[2019-12-09T02:53:00.316+0000][1][safepoint    ] Total time for which application threads were stopped: 0.0001774 seconds, Stopping threads took: 0.0000883 seconds
[2019-12-09T02:53:00.317+0000][1][safepoint    ] Application time: 0.0011161 seconds
[2019-12-09T02:53:00.317+0000][1][safepoint    ] Entering safepoint region: RevokeBias
[2019-12-09T02:53:00.317+0000][1][safepoint    ] Leaving safepoint region
[2019-12-09T02:53:00.317+0000][1][safepoint    ] Total time for which application threads were stopped: 0.0000966 seconds, Stopping threads took: 0.0000174 seconds
[2019-12-09T02:53:00.345+0000][1][safepoint    ] Application time: 0.0281645 seconds
[2019-12-09T02:53:00.345+0000][1][safepoint    ] Entering safepoint region: RevokeBias
[2019-12-09T02:53:00.345+0000][1][safepoint    ] Leaving safepoint region
[2019-12-09T02:53:00.346+0000][1][safepoint    ] Total time for which application threads were stopped: 0.0001092 seconds, Stopping threads took: 0.0000173 seconds
[2019-12-09T02:53:00.346+0000][1][safepoint    ] Application time: 0.0000505 seconds
[2019-12-09T02:53:00.346+0000][1][safepoint    ] Entering safepoint region: RevokeBias
[2019-12-09T02:53:00.346+0000][1][safepoint    ] Leaving safepoint region
[2019-12-09T02:53:00.346+0000][1][safepoint    ] Total time for which application threads were stopped: 0.0000548 seconds, Stopping threads took: 0.0000093 seconds
[2019-12-09T02:53:00.346+0000][1][safepoint    ] Application time: 0.0000840 seconds
[2019-12-09T02:53:00.346+0000][1][safepoint    ] Entering safepoint region: RevokeBias
[2019-12-09T02:53:00.346+0000][1][safepoint    ] Leaving safepoint region
[2019-12-09T02:53:00.346+0000][1][safepoint    ] Total time for which application threads were stopped: 0.0000929 seconds, Stopping threads took: 0.0000369 seconds
[2019-12-09T02:53:00.354+0000][1][safepoint    ] Application time: 0.0079688 seconds
[2019-12-09T02:53:00.354+0000][1][safepoint    ] Entering safepoint region: RevokeBias
[2019-12-09T02:53:00.354+0000][1][safepoint    ] Leaving safepoint region
[2019-12-09T02:53:00.354+0000][1][safepoint    ] Total time for which application threads were stopped: 0.0000987 seconds, Stopping threads took: 0.0000173 seconds
[2019-12-09T02:53:00.359+0000][1][safepoint    ] Application time: 0.0049343 seconds
[2019-12-09T02:53:00.359+0000][1][safepoint    ] Entering safepoint region: RevokeBias
[2019-12-09T02:53:00.359+0000][1][safepoint    ] Leaving safepoint region
[2019-12-09T02:53:00.359+0000][1][safepoint    ] Total time for which application threads were stopped: 0.0000910 seconds, Stopping threads took: 0.0000147 seconds
[2019-12-09T02:53:00.359+0000][1][safepoint    ] Application time: 0.0000494 seconds
[2019-12-09T02:53:00.359+0000][1][safepoint    ] Entering safepoint region: RevokeBias
[2019-12-09T02:53:00.359+0000][1][safepoint    ] Leaving safepoint region
[2019-12-09T02:53:00.359+0000][1][safepoint    ] Total time for which application threads were stopped: 0.0000497 seconds, Stopping threads took: 0.0000088 seconds
[2019-12-09T02:53:00.616+0000][1][safepoint    ] Application time: 0.2567179 seconds
[2019-12-09T02:53:00.616+0000][1][safepoint    ] Entering safepoint region: RevokeBias
[2019-12-09T02:53:00.616+0000][1][safepoint    ] Leaving safepoint region
[2019-12-09T02:53:00.616+0000][1][safepoint    ] Total time for which application threads were stopped: 0.0000963 seconds, Stopping threads took: 0.0000175 seconds
[2019-12-09T02:53:00.616+0000][1][safepoint    ] Application time: 0.0000592 seconds
[2019-12-09T02:53:00.616+0000][1][safepoint    ] Entering safepoint region: RevokeBias
[2019-12-09T02:53:00.616+0000][1][safepoint    ] Leaving safepoint region
[2019-12-09T02:53:00.616+0000][1][safepoint    ] Total time for which application threads were stopped: 0.0000445 seconds, Stopping threads took: 0.0000097 seconds
[2019-12-09T02:53:00.900+0000][1][safepoint    ] Application time: 0.2838778 seconds
[2019-12-09T02:53:00.900+0000][1][safepoint    ] Entering safepoint region: RevokeBias
[2019-12-09T02:53:00.900+0000][1][safepoint    ] Leaving safepoint region
[2019-12-09T02:53:00.900+0000][1][safepoint    ] Total time for which application threads were stopped: 0.0001125 seconds, Stopping threads took: 0.0000184 seconds
[2019-12-09T02:53:01.047+0000][1][safepoint    ] Application time: 0.1470162 seconds
[2019-12-09T02:53:01.047+0000][1][safepoint    ] Entering safepoint region: RevokeBias
[2019-12-09T02:53:01.047+0000][1][safepoint    ] Leaving safepoint region
[2019-12-09T02:53:01.047+0000][1][safepoint    ] Total time for which application threads were stopped: 0.0001290 seconds, Stopping threads took: 0.0000188 seconds
[2019-12-09T02:53:01.889+0000][1][safepoint    ] Application time: 0.8413543 seconds
[2019-12-09T02:53:01.889+0000][1][safepoint    ] Entering safepoint region: RevokeBias
[2019-12-09T02:53:01.889+0000][1][safepoint    ] Leaving safepoint region
[2019-12-09T02:53:01.889+0000][1][safepoint    ] Total time for which application threads were stopped: 0.0001859 seconds, Stopping threads took: 0.0000658 seconds
[2019-12-09T02:53:01.916+0000][1][safepoint    ] Application time: 0.0269187 seconds
[2019-12-09T02:53:01.917+0000][1][safepoint    ] Entering safepoint region: RevokeBias
[2019-12-09T02:53:01.917+0000][1][safepoint    ] Leaving safepoint region
[2019-12-09T02:53:01.917+0000][1][safepoint    ] Total time for which application threads were stopped: 0.0014765 seconds, Stopping threads took: 0.0013931 seconds
[2019-12-09T02:53:01.918+0000][1][safepoint    ] Application time: 0.0003147 seconds
[2019-12-09T02:53:01.918+0000][1][safepoint    ] Entering safepoint region: RevokeBias
[2019-12-09T02:53:01.918+0000][1][safepoint    ] Leaving safepoint region
[2019-12-09T02:53:01.918+0000][1][safepoint    ] Total time for which application threads were stopped: 0.0000784 seconds, Stopping threads took: 0.0000164 seconds
[2019-12-09T02:53:01.918+0000][1][safepoint    ] Application time: 0.0000692 seconds
[2019-12-09T02:53:01.918+0000][1][safepoint    ] Entering safepoint region: RevokeBias
[2019-12-09T02:53:01.918+0000][1][safepoint    ] Leaving safepoint region
[2019-12-09T02:53:01.918+0000][1][safepoint    ] Total time for which application threads were stopped: 0.0000488 seconds, Stopping threads took: 0.0000099 seconds
[2019-12-09T02:53:01.918+0000][1][safepoint    ] Application time: 0.0001931 seconds
[2019-12-09T02:53:01.918+0000][1][safepoint    ] Entering safepoint region: RevokeBias
[2019-12-09T02:53:01.918+0000][1][safepoint    ] Leaving safepoint region
[2019-12-09T02:53:01.918+0000][1][safepoint    ] Total time for which application threads were stopped: 0.0000621 seconds, Stopping threads took: 0.0000121 seconds
[2019-12-09T02:53:01.941+0000][1][safepoint    ] Application time: 0.0227708 seconds
[2019-12-09T02:53:01.941+0000][1][safepoint    ] Entering safepoint region: RevokeBias
[2019-12-09T02:53:01.941+0000][1][safepoint    ] Leaving safepoint region
[2019-12-09T02:53:01.941+0000][1][safepoint    ] Total time for which application threads were stopped: 0.0000846 seconds, Stopping threads took: 0.0000184 seconds
[2019-12-09T02:53:01.943+0000][1][safepoint    ] Application time: 0.0019114 seconds
[2019-12-09T02:53:01.943+0000][1][safepoint    ] Entering safepoint region: RevokeBias
[2019-12-09T02:53:01.943+0000][1][safepoint    ] Leaving safepoint region
[2019-12-09T02:53:01.943+0000][1][safepoint    ] Total time for which application threads were stopped: 0.0001069 seconds, Stopping threads took: 0.0000512 seconds
[2019-12-09T02:53:01.985+0000][1][safepoint    ] Application time: 0.0416310 seconds
[2019-12-09T02:53:01.985+0000][1][safepoint    ] Entering safepoint region: RevokeBias
[2019-12-09T02:53:01.985+0000][1][safepoint    ] Leaving safepoint region
[2019-12-09T02:53:01.985+0000][1][safepoint    ] Total time for which application threads were stopped: 0.0001065 seconds, Stopping threads took: 0.0000198 seconds
[2019-12-09T02:53:01.985+0000][1][safepoint    ] Application time: 0.0000810 seconds
[2019-12-09T02:53:01.985+0000][1][safepoint    ] Entering safepoint region: RevokeBias
[2019-12-09T02:53:01.985+0000][1][safepoint    ] Leaving safepoint region
[2019-12-09T02:53:01.985+0000][1][safepoint    ] Total time for which application threads were stopped: 0.0000663 seconds, Stopping threads took: 0.0000106 seconds
[2019-12-09T02:53:02.555+0000][1][safepoint    ] Application time: 0.5695979 seconds
[2019-12-09T02:53:02.555+0000][1][safepoint    ] Entering safepoint region: Deoptimize
[2019-12-09T02:53:02.555+0000][1][safepoint    ] Leaving safepoint region
[2019-12-09T02:53:02.555+0000][1][safepoint    ] Total time for which application threads were stopped: 0.0007576 seconds, Stopping threads took: 0.0000191 seconds
[2019-12-09T02:53:02.978+0000][1][safepoint    ] Application time: 0.4225269 seconds
[2019-12-09T02:53:02.978+0000][1][safepoint    ] Entering safepoint region: BulkRevokeBias
[2019-12-09T02:53:02.978+0000][1][safepoint    ] Leaving safepoint region
[2019-12-09T02:53:02.978+0000][1][safepoint    ] Total time for which application threads were stopped: 0.0004010 seconds, Stopping threads took: 0.0000177 seconds
[2019-12-09T02:53:02.979+0000][1][safepoint    ] Application time: 0.0000755 seconds
[2019-12-09T02:53:02.979+0000][1][safepoint    ] Entering safepoint region: RevokeBias
[2019-12-09T02:53:02.979+0000][1][safepoint    ] Leaving safepoint region
[2019-12-09T02:53:02.979+0000][1][safepoint    ] Total time for which application threads were stopped: 0.0000721 seconds, Stopping threads took: 0.0000127 seconds
[2019-12-09T02:53:03.075+0000][1][safepoint    ] Application time: 0.0967398 seconds
[2019-12-09T02:53:03.075+0000][1][safepoint    ] Entering safepoint region: RevokeBias
[2019-12-09T02:53:03.075+0000][1][safepoint    ] Leaving safepoint region
[2019-12-09T02:53:03.076+0000][1][safepoint    ] Total time for which application threads were stopped: 0.0000982 seconds, Stopping threads took: 0.0000189 seconds
[2019-12-09T02:53:03.077+0000][1][safepoint    ] Application time: 0.0012656 seconds
[2019-12-09T02:53:03.077+0000][1][safepoint    ] Entering safepoint region: BulkRevokeBias
[2019-12-09T02:53:03.077+0000][1][safepoint    ] Leaving safepoint region
[2019-12-09T02:53:03.077+0000][1][safepoint    ] Total time for which application threads were stopped: 0.0003475 seconds, Stopping threads took: 0.0000165 seconds
[2019-12-09T02:53:03.077+0000][1][safepoint    ] Application time: 0.0002669 seconds
[2019-12-09T02:53:03.077+0000][1][safepoint    ] Entering safepoint region: RevokeBias
[2019-12-09T02:53:03.078+0000][1][safepoint    ] Leaving safepoint region
[2019-12-09T02:53:03.078+0000][1][safepoint    ] Total time for which application threads were stopped: 0.0000665 seconds, Stopping threads took: 0.0000145 seconds
[2019-12-09T02:53:03.469+0000][1][safepoint    ] Application time: 0.3912161 seconds
[2019-12-09T02:53:03.469+0000][1][safepoint    ] Entering safepoint region: RevokeBias
[2019-12-09T02:53:03.469+0000][1][safepoint    ] Leaving safepoint region
[2019-12-09T02:53:03.469+0000][1][safepoint    ] Total time for which application threads were stopped: 0.0001324 seconds, Stopping threads took: 0.0000230 seconds
[2019-12-09T02:53:03.476+0000][1][safepoint    ] Application time: 0.0067943 seconds
[2019-12-09T02:53:03.476+0000][1][safepoint    ] Entering safepoint region: RevokeBias
[2019-12-09T02:53:03.476+0000][1][safepoint    ] Leaving safepoint region
[2019-12-09T02:53:03.476+0000][1][safepoint    ] Total time for which application threads were stopped: 0.0001042 seconds, Stopping threads took: 0.0000198 seconds
[2019-12-09T02:53:03.479+0000][1][safepoint    ] Application time: 0.0036255 seconds
[2019-12-09T02:53:03.480+0000][1][safepoint    ] Entering safepoint region: RevokeBias
[2019-12-09T02:53:03.480+0000][1][safepoint    ] Leaving safepoint region
[2019-12-09T02:53:03.480+0000][1][safepoint    ] Total time for which application threads were stopped: 0.0000703 seconds, Stopping threads took: 0.0000175 seconds
[2019-12-09T02:53:03.480+0000][1][safepoint    ] Application time: 0.0000663 seconds
[2019-12-09T02:53:03.480+0000][1][safepoint    ] Entering safepoint region: RevokeBias
[2019-12-09T02:53:03.480+0000][1][safepoint    ] Leaving safepoint region
[2019-12-09T02:53:03.480+0000][1][safepoint    ] Total time for which application threads were stopped: 0.0000649 seconds, Stopping threads took: 0.0000094 seconds
[2019-12-09T02:53:03.480+0000][1][safepoint    ] Application time: 0.0000548 seconds
[2019-12-09T02:53:03.480+0000][1][safepoint    ] Entering safepoint region: RevokeBias
[2019-12-09T02:53:03.480+0000][1][safepoint    ] Leaving safepoint region
[2019-12-09T02:53:03.480+0000][1][safepoint    ] Total time for which application threads were stopped: 0.0000456 seconds, Stopping threads took: 0.0000093 seconds
[2019-12-09T02:53:03.480+0000][1][safepoint    ] Application time: 0.0000513 seconds
[2019-12-09T02:53:03.480+0000][1][safepoint    ] Entering safepoint region: RevokeBias
[2019-12-09T02:53:03.480+0000][1][safepoint    ] Leaving safepoint region
[2019-12-09T02:53:03.480+0000][1][safepoint    ] Total time for which application threads were stopped: 0.0000445 seconds, Stopping threads took: 0.0000092 seconds
[2019-12-09T02:53:03.480+0000][1][safepoint    ] Application time: 0.0000513 seconds
[2019-12-09T02:53:03.480+0000][1][safepoint    ] Entering safepoint region: RevokeBias
[2019-12-09T02:53:03.480+0000][1][safepoint    ] Leaving safepoint region
[2019-12-09T02:53:03.480+0000][1][safepoint    ] Total time for which application threads were stopped: 0.0000449 seconds, Stopping threads took: 0.0000092 seconds
[2019-12-09T02:53:03.480+0000][1][safepoint    ] Application time: 0.0000561 seconds
[2019-12-09T02:53:03.480+0000][1][safepoint    ] Entering safepoint region: RevokeBias
[2019-12-09T02:53:03.480+0000][1][safepoint    ] Leaving safepoint region
[2019-12-09T02:53:03.480+0000][1][safepoint    ] Total time for which application threads were stopped: 0.0000384 seconds, Stopping threads took: 0.0000080 seconds
[2019-12-09T02:53:03.480+0000][1][safepoint    ] Application time: 0.0000440 seconds
[2019-12-09T02:53:03.480+0000][1][safepoint    ] Entering safepoint region: RevokeBias
[2019-12-09T02:53:03.480+0000][1][safepoint    ] Leaving safepoint region
[2019-12-09T02:53:03.480+0000][1][safepoint    ] Total time for which application threads were stopped: 0.0000374 seconds, Stopping threads took: 0.0000078 seconds
[2019-12-09T02:53:03.480+0000][1][safepoint    ] Application time: 0.0000433 seconds
[2019-12-09T02:53:03.480+0000][1][safepoint    ] Entering safepoint region: RevokeBias
[2019-12-09T02:53:03.480+0000][1][safepoint    ] Leaving safepoint region
[2019-12-09T02:53:03.480+0000][1][safepoint    ] Total time for which application threads were stopped: 0.0000373 seconds, Stopping threads took: 0.0000078 seconds
[2019-12-09T02:53:03.698+0000][1][safepoint    ] Application time: 0.2171778 seconds
[2019-12-09T02:53:03.698+0000][1][safepoint    ] Entering safepoint region: RevokeBias
[2019-12-09T02:53:03.698+0000][1][safepoint    ] Leaving safepoint region
[2019-12-09T02:53:03.698+0000][1][safepoint    ] Total time for which application threads were stopped: 0.0001150 seconds, Stopping threads took: 0.0000198 seconds
[2019-12-09T02:53:03.831+0000][1][safepoint    ] Application time: 0.1328130 seconds
[2019-12-09T02:53:03.831+0000][1][safepoint    ] Entering safepoint region: RevokeBias
[2019-12-09T02:53:03.831+0000][1][safepoint    ] Leaving safepoint region
[2019-12-09T02:53:03.831+0000][1][safepoint    ] Total time for which application threads were stopped: 0.0001016 seconds, Stopping threads took: 0.0000203 seconds
[2019-12-09T02:53:03.856+0000][1][safepoint    ] Application time: 0.0255523 seconds
[2019-12-09T02:53:03.856+0000][1][safepoint    ] Entering safepoint region: RevokeBias
[2019-12-09T02:53:03.856+0000][1][safepoint    ] Leaving safepoint region
[2019-12-09T02:53:03.856+0000][1][safepoint    ] Total time for which application threads were stopped: 0.0000998 seconds, Stopping threads took: 0.0000191 seconds
[2019-12-09T02:53:04.856+0000][1][safepoint    ] Application time: 1.0000919 seconds
[2019-12-09T02:53:04.857+0000][1][safepoint    ] Entering safepoint region: Cleanup
[2019-12-09T02:53:04.857+0000][1][safepoint    ] Leaving safepoint region
[2019-12-09T02:53:04.857+0000][1][safepoint    ] Total time for which application threads were stopped: 0.0000975 seconds, Stopping threads took: 0.0000241 seconds
[2019-12-09T02:53:05.860+0000][1][safepoint    ] Application time: 1.0031144 seconds
[2019-12-09T02:53:05.860+0000][1][safepoint    ] Entering safepoint region: Cleanup
[2019-12-09T02:53:05.860+0000][1][safepoint    ] Leaving safepoint region
[2019-12-09T02:53:05.860+0000][1][safepoint    ] Total time for which application threads were stopped: 0.0000949 seconds, Stopping threads took: 0.0000211 seconds
[2019-12-09T02:53:06.117+0000][1][safepoint    ] Application time: 0.2569241 seconds
[2019-12-09T02:53:06.117+0000][1][safepoint    ] Entering safepoint region: RevokeBias
[2019-12-09T02:53:06.117+0000][1][safepoint    ] Leaving safepoint region
[2019-12-09T02:53:06.117+0000][1][safepoint    ] Total time for which application threads were stopped: 0.0000948 seconds, Stopping threads took: 0.0000188 seconds
[2019-12-09T02:53:06.142+0000][1][safepoint    ] Application time: 0.0248236 seconds
[2019-12-09T02:53:06.142+0000][1][safepoint    ] Entering safepoint region: RevokeBias
[2019-12-09T02:53:06.142+0000][1][safepoint    ] Leaving safepoint region
[2019-12-09T02:53:06.142+0000][1][safepoint    ] Total time for which application threads were stopped: 0.0000978 seconds, Stopping threads took: 0.0000213 seconds
[2019-12-09T02:53:06.159+0000][1][safepoint    ] Application time: 0.0168558 seconds
[2019-12-09T02:53:06.159+0000][1][safepoint    ] Entering safepoint region: RevokeBias
[2019-12-09T02:53:06.159+0000][1][safepoint    ] Leaving safepoint region
[2019-12-09T02:53:06.159+0000][1][safepoint    ] Total time for which application threads were stopped: 0.0001098 seconds, Stopping threads took: 0.0000319 seconds
[2019-12-09T02:53:07.162+0000][1][safepoint    ] Application time: 1.0028418 seconds
[2019-12-09T02:53:07.207+0000][1][safepoint    ] Entering safepoint region: Cleanup
[2019-12-09T02:53:07.207+0000][1][safepoint    ] Leaving safepoint region
[2019-12-09T02:53:07.207+0000][1][safepoint    ] Total time for which application threads were stopped: 0.0450916 seconds, Stopping threads took: 0.0449978 seconds
[2019-12-09T02:53:08.210+0000][1][safepoint    ] Application time: 1.0028645 seconds
[2019-12-09T02:53:08.210+0000][1][safepoint    ] Entering safepoint region: Cleanup
[2019-12-09T02:53:08.210+0000][1][safepoint    ] Leaving safepoint region
[2019-12-09T02:53:08.210+0000][1][safepoint    ] Total time for which application threads were stopped: 0.0001078 seconds, Stopping threads took: 0.0000217 seconds
[2019-12-09T02:53:09.211+0000][1][safepoint    ] Application time: 1.0008478 seconds
[2019-12-09T02:53:09.211+0000][1][safepoint    ] Entering safepoint region: Cleanup
[2019-12-09T02:53:09.211+0000][1][safepoint    ] Leaving safepoint region
[2019-12-09T02:53:09.211+0000][1][safepoint    ] Total time for which application threads were stopped: 0.0000932 seconds, Stopping threads took: 0.0000204 seconds
[2019-12-09T02:53:10.214+0000][1][safepoint    ] Application time: 1.0028722 seconds
[2019-12-09T02:53:10.214+0000][1][safepoint    ] Entering safepoint region: Cleanup
[2019-12-09T02:53:10.214+0000][1][safepoint    ] Leaving safepoint region
[2019-12-09T02:53:10.214+0000][1][safepoint    ] Total time for which application threads were stopped: 0.0001146 seconds, Stopping threads took: 0.0000219 seconds
[2019-12-09T02:53:11.932+0000][1][safepoint    ] Application time: 1.7181234 seconds
[2019-12-09T02:53:11.932+0000][1][safepoint    ] Entering safepoint region: GenCollectForAllocation
[2019-12-09T02:53:11.932+0000][1][gc,start     ] GC(23) Pause Young (Allocation Failure)
[2019-12-09T02:53:11.932+0000][1][gc,task      ] GC(23) Using 2 workers of 2 for evacuation
[2019-12-09T02:53:12.046+0000][1][gc,age       ] GC(23) Desired survivor size 4456448 bytes, new threshold 2 (max threshold 6)
[2019-12-09T02:53:12.046+0000][1][gc,age       ] GC(23) Age table with threshold 2 (max threshold 6)
[2019-12-09T02:53:12.046+0000][1][gc,age       ] GC(23) - age   1:    1899312 bytes,    1899312 total
[2019-12-09T02:53:12.046+0000][1][gc,age       ] GC(23) - age   2:    3611952 bytes,    5511264 total
[2019-12-09T02:53:12.046+0000][1][gc,heap      ] GC(23) ParNew: 78580K->6512K(78656K)
[2019-12-09T02:53:12.046+0000][1][gc,heap      ] GC(23) CMS: 60514K->64667K(174784K)
[2019-12-09T02:53:12.046+0000][1][gc,metaspace ] GC(23) Metaspace: 68261K->68261K(1112064K)
[2019-12-09T02:53:12.046+0000][1][gc           ] GC(23) Pause Young (Allocation Failure) 135M->69M(247M) 114.194ms
[2019-12-09T02:53:12.046+0000][1][gc,cpu       ] GC(23) User=0.05s Sys=0.00s Real=0.12s
[2019-12-09T02:53:12.046+0000][1][safepoint    ] Leaving safepoint region
[2019-12-09T02:53:12.046+0000][1][safepoint    ] Total time for which application threads were stopped: 0.1143814 seconds, Stopping threads took: 0.0000208 seconds
[2019-12-09T02:53:13.048+0000][1][safepoint    ] Application time: 1.0012820 seconds
[2019-12-09T02:53:13.048+0000][1][safepoint    ] Entering safepoint region: Cleanup
[2019-12-09T02:53:13.048+0000][1][safepoint    ] Leaving safepoint region
[2019-12-09T02:53:13.048+0000][1][safepoint    ] Total time for which application threads were stopped: 0.0001105 seconds, Stopping threads took: 0.0000242 seconds
[2019-12-09T02:53:14.053+0000][1][safepoint    ] Application time: 1.0048598 seconds
[2019-12-09T02:53:14.053+0000][1][safepoint    ] Entering safepoint region: Cleanup
[2019-12-09T02:53:14.053+0000][1][safepoint    ] Leaving safepoint region
[2019-12-09T02:53:14.053+0000][1][safepoint    ] Total time for which application threads were stopped: 0.0001054 seconds, Stopping threads took: 0.0000240 seconds
[2019-12-09T02:53:16.054+0000][1][safepoint    ] Application time: 2.0009298 seconds
[2019-12-09T02:53:16.054+0000][1][safepoint    ] Entering safepoint region: Cleanup
[2019-12-09T02:53:16.054+0000][1][safepoint    ] Leaving safepoint region
[2019-12-09T02:53:16.054+0000][1][safepoint    ] Total time for which application threads were stopped: 0.0001069 seconds, Stopping threads took: 0.0000247 seconds
[2019-12-09T02:53:17.058+0000][1][safepoint    ] Application time: 1.0037922 seconds
[2019-12-09T02:53:17.058+0000][1][safepoint    ] Entering safepoint region: Cleanup
[2019-12-09T02:53:17.058+0000][1][safepoint    ] Leaving safepoint region
[2019-12-09T02:53:17.058+0000][1][safepoint    ] Total time for which application threads were stopped: 0.0001088 seconds, Stopping threads took: 0.0000236 seconds
[2019-12-09T02:53:18.069+0000][1][safepoint    ] Application time: 1.0107633 seconds
[2019-12-09T02:53:18.069+0000][1][safepoint    ] Entering safepoint region: Cleanup
[2019-12-09T02:53:18.069+0000][1][safepoint    ] Leaving safepoint region
[2019-12-09T02:53:18.069+0000][1][safepoint    ] Total time for which application threads were stopped: 0.0001230 seconds, Stopping threads took: 0.0000261 seconds
[2019-12-09T02:53:21.074+0000][1][safepoint    ] Application time: 3.0048242 seconds
[2019-12-09T02:53:21.074+0000][1][safepoint    ] Entering safepoint region: Cleanup
[2019-12-09T02:53:21.074+0000][1][safepoint    ] Leaving safepoint region
[2019-12-09T02:53:21.074+0000][1][safepoint    ] Total time for which application threads were stopped: 0.0001023 seconds, Stopping threads took: 0.0000221 seconds
[2019-12-09T02:53:24.080+0000][1][safepoint    ] Application time: 3.0058790 seconds
[2019-12-09T02:53:24.080+0000][1][safepoint    ] Entering safepoint region: Cleanup
[2019-12-09T02:53:24.080+0000][1][safepoint    ] Leaving safepoint region
[2019-12-09T02:53:24.080+0000][1][safepoint    ] Total time for which application threads were stopped: 0.0001363 seconds, Stopping threads took: 0.0000462 seconds
[2019-12-09T02:53:25.081+0000][1][safepoint    ] Application time: 1.0007890 seconds
[2019-12-09T02:53:25.081+0000][1][safepoint    ] Entering safepoint region: Cleanup
[2019-12-09T02:53:25.081+0000][1][safepoint    ] Leaving safepoint region
[2019-12-09T02:53:25.081+0000][1][safepoint    ] Total time for which application threads were stopped: 0.0001061 seconds, Stopping threads took: 0.0000236 seconds
[2019-12-09T02:53:26.083+0000][1][safepoint    ] Application time: 1.0018419 seconds
[2019-12-09T02:53:26.083+0000][1][safepoint    ] Entering safepoint region: Cleanup
[2019-12-09T02:53:26.083+0000][1][safepoint    ] Leaving safepoint region
[2019-12-09T02:53:26.083+0000][1][safepoint    ] Total time for which application threads were stopped: 0.0001151 seconds, Stopping threads took: 0.0000258 seconds
[2019-12-09T02:53:28.087+0000][1][safepoint    ] Application time: 2.0038354 seconds
[2019-12-09T02:53:28.087+0000][1][safepoint    ] Entering safepoint region: Cleanup
[2019-12-09T02:53:28.087+0000][1][safepoint    ] Leaving safepoint region
[2019-12-09T02:53:28.087+0000][1][safepoint    ] Total time for which application threads were stopped: 0.0001067 seconds, Stopping threads took: 0.0000230 seconds
[2019-12-09T02:53:29.087+0000][1][safepoint    ] Application time: 1.0001293 seconds
[2019-12-09T02:53:29.087+0000][1][safepoint    ] Entering safepoint region: Cleanup
[2019-12-09T02:53:29.087+0000][1][safepoint    ] Leaving safepoint region
[2019-12-09T02:53:29.087+0000][1][safepoint    ] Total time for which application threads were stopped: 0.0001181 seconds, Stopping threads took: 0.0000234 seconds
[2019-12-09T02:53:30.088+0000][1][safepoint    ] Application time: 1.0005688 seconds
[2019-12-09T02:53:30.088+0000][1][safepoint    ] Entering safepoint region: Cleanup
[2019-12-09T02:53:30.088+0000][1][safepoint    ] Leaving safepoint region
[2019-12-09T02:53:30.088+0000][1][safepoint    ] Total time for which application threads were stopped: 0.0001225 seconds, Stopping threads took: 0.0000241 seconds
[2019-12-09T02:53:31.089+0000][1][safepoint    ] Application time: 1.0010964 seconds
[2019-12-09T02:53:31.089+0000][1][safepoint    ] Entering safepoint region: Cleanup
[2019-12-09T02:53:31.089+0000][1][safepoint    ] Leaving safepoint region
[2019-12-09T02:53:31.089+0000][1][safepoint    ] Total time for which application threads were stopped: 0.0001177 seconds, Stopping threads took: 0.0000243 seconds
[2019-12-09T02:53:32.089+0000][1][safepoint    ] Application time: 1.0000776 seconds
[2019-12-09T02:53:32.089+0000][1][safepoint    ] Entering safepoint region: Cleanup
[2019-12-09T02:53:32.089+0000][1][safepoint    ] Leaving safepoint region
[2019-12-09T02:53:32.089+0000][1][safepoint    ] Total time for which application threads were stopped: 0.0000812 seconds, Stopping threads took: 0.0000209 seconds
[2019-12-09T02:53:34.090+0000][1][safepoint    ] Application time: 2.0001417 seconds
[2019-12-09T02:53:34.090+0000][1][safepoint    ] Entering safepoint region: Cleanup
[2019-12-09T02:53:34.090+0000][1][safepoint    ] Leaving safepoint region
[2019-12-09T02:53:34.090+0000][1][safepoint    ] Total time for which application threads were stopped: 0.0000935 seconds, Stopping threads took: 0.0000189 seconds
[2019-12-09T02:53:35.090+0000][1][safepoint    ] Application time: 1.0000671 seconds
[2019-12-09T02:53:35.090+0000][1][safepoint    ] Entering safepoint region: Cleanup
[2019-12-09T02:53:35.090+0000][1][safepoint    ] Leaving safepoint region
[2019-12-09T02:53:35.090+0000][1][safepoint    ] Total time for which application threads were stopped: 0.0000832 seconds, Stopping threads took: 0.0000173 seconds
[2019-12-09T02:53:36.090+0000][1][safepoint    ] Application time: 1.0000394 seconds
[2019-12-09T02:53:36.090+0000][1][safepoint    ] Entering safepoint region: Cleanup
[2019-12-09T02:53:36.090+0000][1][safepoint    ] Leaving safepoint region
[2019-12-09T02:53:36.090+0000][1][safepoint    ] Total time for which application threads were stopped: 0.0001213 seconds, Stopping threads took: 0.0000314 seconds
[2019-12-09T02:53:37.090+0000][1][safepoint    ] Application time: 1.0000766 seconds
[2019-12-09T02:53:37.090+0000][1][safepoint    ] Entering safepoint region: Cleanup
[2019-12-09T02:53:37.090+0000][1][safepoint    ] Leaving safepoint region
[2019-12-09T02:53:37.090+0000][1][safepoint    ] Total time for which application threads were stopped: 0.0000773 seconds, Stopping threads took: 0.0000157 seconds
[2019-12-09T02:53:38.090+0000][1][safepoint    ] Application time: 1.0000777 seconds
[2019-12-09T02:53:38.090+0000][1][safepoint    ] Entering safepoint region: Cleanup
[2019-12-09T02:53:38.090+0000][1][safepoint    ] Leaving safepoint region
[2019-12-09T02:53:38.090+0000][1][safepoint    ] Total time for which application threads were stopped: 0.0000857 seconds, Stopping threads took: 0.0000183 seconds
[2019-12-09T02:53:40.091+0000][1][safepoint    ] Application time: 2.0001445 seconds
[2019-12-09T02:53:40.091+0000][1][safepoint    ] Entering safepoint region: Cleanup
[2019-12-09T02:53:40.091+0000][1][safepoint    ] Leaving safepoint region
[2019-12-09T02:53:40.091+0000][1][safepoint    ] Total time for which application threads were stopped: 0.0001018 seconds, Stopping threads took: 0.0000171 seconds
[2019-12-09T02:53:41.094+0000][1][safepoint    ] Application time: 1.0030027 seconds
[2019-12-09T02:53:41.094+0000][1][safepoint    ] Entering safepoint region: Cleanup
[2019-12-09T02:53:41.094+0000][1][safepoint    ] Leaving safepoint region
[2019-12-09T02:53:41.094+0000][1][safepoint    ] Total time for which application threads were stopped: 0.0001243 seconds, Stopping threads took: 0.0000268 seconds
[2019-12-09T02:53:42.094+0000][1][safepoint    ] Application time: 1.0000782 seconds
[2019-12-09T02:53:42.094+0000][1][safepoint    ] Entering safepoint region: Cleanup
[2019-12-09T02:53:42.094+0000][1][safepoint    ] Leaving safepoint region
[2019-12-09T02:53:42.094+0000][1][safepoint    ] Total time for which application threads were stopped: 0.0000765 seconds, Stopping threads took: 0.0000155 seconds
[2019-12-09T02:53:45.094+0000][1][safepoint    ] Application time: 3.0002088 seconds
[2019-12-09T02:53:45.094+0000][1][safepoint    ] Entering safepoint region: Cleanup
[2019-12-09T02:53:45.094+0000][1][safepoint    ] Leaving safepoint region
[2019-12-09T02:53:45.094+0000][1][safepoint    ] Total time for which application threads were stopped: 0.0000896 seconds, Stopping threads took: 0.0000185 seconds
[2019-12-09T02:53:47.095+0000][1][safepoint    ] Application time: 2.0001467 seconds
[2019-12-09T02:53:47.095+0000][1][safepoint    ] Entering safepoint region: Cleanup
[2019-12-09T02:53:47.095+0000][1][safepoint    ] Leaving safepoint region
[2019-12-09T02:53:47.095+0000][1][safepoint    ] Total time for which application threads were stopped: 0.0000974 seconds, Stopping threads took: 0.0000219 seconds
[2019-12-09T02:53:48.095+0000][1][safepoint    ] Application time: 1.0000759 seconds
[2019-12-09T02:53:48.095+0000][1][safepoint    ] Entering safepoint region: Cleanup
[2019-12-09T02:53:48.095+0000][1][safepoint    ] Leaving safepoint region
[2019-12-09T02:53:48.095+0000][1][safepoint    ] Total time for which application threads were stopped: 0.0000857 seconds, Stopping threads took: 0.0000183 seconds
[2019-12-09T02:53:49.095+0000][1][safepoint    ] Application time: 1.0000754 seconds
[2019-12-09T02:53:49.095+0000][1][safepoint    ] Entering safepoint region: Cleanup
[2019-12-09T02:53:49.095+0000][1][safepoint    ] Leaving safepoint region
[2019-12-09T02:53:49.095+0000][1][safepoint    ] Total time for which application threads were stopped: 0.0000835 seconds, Stopping threads took: 0.0000183 seconds
[2019-12-09T02:53:50.095+0000][1][safepoint    ] Application time: 1.0000770 seconds
[2019-12-09T02:53:50.095+0000][1][safepoint    ] Entering safepoint region: Cleanup
[2019-12-09T02:53:50.095+0000][1][safepoint    ] Leaving safepoint region
[2019-12-09T02:53:50.095+0000][1][safepoint    ] Total time for which application threads were stopped: 0.0000871 seconds, Stopping threads took: 0.0000192 seconds
[2019-12-09T02:53:51.095+0000][1][safepoint    ] Application time: 1.0000854 seconds
[2019-12-09T02:53:51.095+0000][1][safepoint    ] Entering safepoint region: Cleanup
[2019-12-09T02:53:51.096+0000][1][safepoint    ] Leaving safepoint region
[2019-12-09T02:53:51.096+0000][1][safepoint    ] Total time for which application threads were stopped: 0.0001150 seconds, Stopping threads took: 0.0000220 seconds
[2019-12-09T02:53:52.096+0000][1][safepoint    ] Application time: 1.0000781 seconds
[2019-12-09T02:53:52.096+0000][1][safepoint    ] Entering safepoint region: Cleanup
[2019-12-09T02:53:52.096+0000][1][safepoint    ] Leaving safepoint region
[2019-12-09T02:53:52.096+0000][1][safepoint    ] Total time for which application threads were stopped: 0.0001024 seconds, Stopping threads took: 0.0000357 seconds
[2019-12-09T02:53:54.096+0000][1][safepoint    ] Application time: 2.0001500 seconds
[2019-12-09T02:53:54.096+0000][1][safepoint    ] Entering safepoint region: Cleanup
[2019-12-09T02:53:54.096+0000][1][safepoint    ] Leaving safepoint region
[2019-12-09T02:53:54.096+0000][1][safepoint    ] Total time for which application threads were stopped: 0.0000823 seconds, Stopping threads took: 0.0000167 seconds
[2019-12-09T02:53:55.096+0000][1][safepoint    ] Application time: 1.0000774 seconds
[2019-12-09T02:53:55.096+0000][1][safepoint    ] Entering safepoint region: Cleanup
[2019-12-09T02:53:55.096+0000][1][safepoint    ] Leaving safepoint region
[2019-12-09T02:53:55.096+0000][1][safepoint    ] Total time for which application threads were stopped: 0.0000836 seconds, Stopping threads took: 0.0000172 seconds
[2019-12-09T02:53:57.096+0000][1][safepoint    ] Application time: 2.0001505 seconds
[2019-12-09T02:53:57.096+0000][1][safepoint    ] Entering safepoint region: Cleanup
[2019-12-09T02:53:57.097+0000][1][safepoint    ] Leaving safepoint region
[2019-12-09T02:53:57.097+0000][1][safepoint    ] Total time for which application threads were stopped: 0.0001037 seconds, Stopping threads took: 0.0000204 seconds
[2019-12-09T02:53:58.097+0000][1][safepoint    ] Application time: 1.0000809 seconds
[2019-12-09T02:53:58.097+0000][1][safepoint    ] Entering safepoint region: Cleanup
[2019-12-09T02:53:58.097+0000][1][safepoint    ] Leaving safepoint region
[2019-12-09T02:53:58.097+0000][1][safepoint    ] Total time for which application threads were stopped: 0.0000937 seconds, Stopping threads took: 0.0000289 seconds
[2019-12-09T02:53:59.097+0000][1][safepoint    ] Application time: 1.0000775 seconds
[2019-12-09T02:53:59.097+0000][1][safepoint    ] Entering safepoint region: Cleanup
[2019-12-09T02:53:59.097+0000][1][safepoint    ] Leaving safepoint region
[2019-12-09T02:53:59.097+0000][1][safepoint    ] Total time for which application threads were stopped: 0.0000969 seconds, Stopping threads took: 0.0000233 seconds
[2019-12-09T02:54:00.097+0000][1][safepoint    ] Application time: 1.0000758 seconds
[2019-12-09T02:54:00.097+0000][1][safepoint    ] Entering safepoint region: Cleanup
[2019-12-09T02:54:00.097+0000][1][safepoint    ] Leaving safepoint region
[2019-12-09T02:54:00.097+0000][1][safepoint    ] Total time for which application threads were stopped: 0.0000786 seconds, Stopping threads took: 0.0000167 seconds
[2019-12-09T02:54:01.097+0000][1][safepoint    ] Application time: 1.0000767 seconds
[2019-12-09T02:54:01.097+0000][1][safepoint    ] Entering safepoint region: Cleanup
[2019-12-09T02:54:01.097+0000][1][safepoint    ] Leaving safepoint region
[2019-12-09T02:54:01.097+0000][1][safepoint    ] Total time for which application threads were stopped: 0.0000783 seconds, Stopping threads took: 0.0000176 seconds
[2019-12-09T02:54:02.097+0000][1][safepoint    ] Application time: 1.0000747 seconds
[2019-12-09T02:54:02.097+0000][1][safepoint    ] Entering safepoint region: Cleanup
[2019-12-09T02:54:02.098+0000][1][safepoint    ] Leaving safepoint region
[2019-12-09T02:54:02.098+0000][1][safepoint    ] Total time for which application threads were stopped: 0.0000769 seconds, Stopping threads took: 0.0000157 seconds
[2019-12-09T02:54:03.098+0000][1][safepoint    ] Application time: 1.0000759 seconds
[2019-12-09T02:54:03.098+0000][1][safepoint    ] Entering safepoint region: Cleanup
[2019-12-09T02:54:03.098+0000][1][safepoint    ] Leaving safepoint region
[2019-12-09T02:54:03.098+0000][1][safepoint    ] Total time for which application threads were stopped: 0.0000862 seconds, Stopping threads took: 0.0000265 seconds
[2019-12-09T02:54:04.098+0000][1][safepoint    ] Application time: 1.0000748 seconds
[2019-12-09T02:54:04.098+0000][1][safepoint    ] Entering safepoint region: Cleanup
[2019-12-09T02:54:04.098+0000][1][safepoint    ] Leaving safepoint region
[2019-12-09T02:54:04.098+0000][1][safepoint    ] Total time for which application threads were stopped: 0.0000792 seconds, Stopping threads took: 0.0000170 seconds
[2019-12-09T02:54:05.098+0000][1][safepoint    ] Application time: 1.0000727 seconds
[2019-12-09T02:54:05.098+0000][1][safepoint    ] Entering safepoint region: Cleanup
[2019-12-09T02:54:05.098+0000][1][safepoint    ] Leaving safepoint region
[2019-12-09T02:54:05.098+0000][1][safepoint    ] Total time for which application threads were stopped: 0.0000814 seconds, Stopping threads took: 0.0000170 seconds
[2019-12-09T02:54:06.098+0000][1][safepoint    ] Application time: 1.0000742 seconds
[2019-12-09T02:54:06.098+0000][1][safepoint    ] Entering safepoint region: Cleanup
[2019-12-09T02:54:06.098+0000][1][safepoint    ] Leaving safepoint region
[2019-12-09T02:54:06.098+0000][1][safepoint    ] Total time for which application threads were stopped: 0.0000795 seconds, Stopping threads took: 0.0000167 seconds
[2019-12-09T02:54:07.098+0000][1][safepoint    ] Application time: 1.0000758 seconds
[2019-12-09T02:54:07.098+0000][1][safepoint    ] Entering safepoint region: Cleanup
[2019-12-09T02:54:07.099+0000][1][safepoint    ] Leaving safepoint region
[2019-12-09T02:54:07.099+0000][1][safepoint    ] Total time for which application threads were stopped: 0.0000732 seconds, Stopping threads took: 0.0000138 seconds
[2019-12-09T02:54:09.099+0000][1][safepoint    ] Application time: 2.0001521 seconds
[2019-12-09T02:54:09.099+0000][1][safepoint    ] Entering safepoint region: Cleanup
[2019-12-09T02:54:09.099+0000][1][safepoint    ] Leaving safepoint region
[2019-12-09T02:54:09.099+0000][1][safepoint    ] Total time for which application threads were stopped: 0.0000808 seconds, Stopping threads took: 0.0000174 seconds
[2019-12-09T02:54:12.099+0000][1][safepoint    ] Application time: 3.0002100 seconds
[2019-12-09T02:54:12.099+0000][1][safepoint    ] Entering safepoint region: Cleanup
[2019-12-09T02:54:12.099+0000][1][safepoint    ] Leaving safepoint region
[2019-12-09T02:54:12.099+0000][1][safepoint    ] Total time for which application threads were stopped: 0.0000817 seconds, Stopping threads took: 0.0000155 seconds
[2019-12-09T02:54:13.099+0000][1][safepoint    ] Application time: 1.0000787 seconds
[2019-12-09T02:54:13.099+0000][1][safepoint    ] Entering safepoint region: Cleanup
[2019-12-09T02:54:13.099+0000][1][safepoint    ] Leaving safepoint region
[2019-12-09T02:54:13.099+0000][1][safepoint    ] Total time for which application threads were stopped: 0.0000790 seconds, Stopping threads took: 0.0000184 seconds
[2019-12-09T02:54:14.099+0000][1][safepoint    ] Application time: 1.0000861 seconds
[2019-12-09T02:54:14.099+0000][1][safepoint    ] Entering safepoint region: Cleanup
[2019-12-09T02:54:14.100+0000][1][safepoint    ] Leaving safepoint region
[2019-12-09T02:54:14.100+0000][1][safepoint    ] Total time for which application threads were stopped: 0.0001161 seconds, Stopping threads took: 0.0000249 seconds
[2019-12-09T02:54:16.100+0000][1][safepoint    ] Application time: 2.0001698 seconds
[2019-12-09T02:54:16.100+0000][1][safepoint    ] Entering safepoint region: Cleanup
[2019-12-09T02:54:16.100+0000][1][safepoint    ] Leaving safepoint region
[2019-12-09T02:54:16.100+0000][1][safepoint    ] Total time for which application threads were stopped: 0.0000905 seconds, Stopping threads took: 0.0000188 seconds
[2019-12-09T02:54:17.100+0000][1][safepoint    ] Application time: 1.0000771 seconds
[2019-12-09T02:54:17.100+0000][1][safepoint    ] Entering safepoint region: Cleanup
[2019-12-09T02:54:17.100+0000][1][safepoint    ] Leaving safepoint region
[2019-12-09T02:54:17.100+0000][1][safepoint    ] Total time for which application threads were stopped: 0.0000779 seconds, Stopping threads took: 0.0000150 seconds
[2019-12-09T02:54:18.100+0000][1][safepoint    ] Application time: 1.0000772 seconds
[2019-12-09T02:54:18.100+0000][1][safepoint    ] Entering safepoint region: Cleanup
[2019-12-09T02:54:18.100+0000][1][safepoint    ] Leaving safepoint region
[2019-12-09T02:54:18.100+0000][1][safepoint    ] Total time for which application threads were stopped: 0.0000822 seconds, Stopping threads took: 0.0000175 seconds
[2019-12-09T02:54:19.100+0000][1][safepoint    ] Application time: 1.0000769 seconds
[2019-12-09T02:54:19.100+0000][1][safepoint    ] Entering safepoint region: Cleanup
[2019-12-09T02:54:19.100+0000][1][safepoint    ] Leaving safepoint region
[2019-12-09T02:54:19.100+0000][1][safepoint    ] Total time for which application threads were stopped: 0.0000840 seconds, Stopping threads took: 0.0000185 seconds
[2019-12-09T02:54:21.101+0000][1][safepoint    ] Application time: 2.0001458 seconds
[2019-12-09T02:54:21.101+0000][1][safepoint    ] Entering safepoint region: Cleanup
[2019-12-09T02:54:21.101+0000][1][safepoint    ] Leaving safepoint region
[2019-12-09T02:54:21.101+0000][1][safepoint    ] Total time for which application threads were stopped: 0.0000836 seconds, Stopping threads took: 0.0000191 seconds
[2019-12-09T02:54:22.101+0000][1][safepoint    ] Application time: 1.0000759 seconds
[2019-12-09T02:54:22.101+0000][1][safepoint    ] Entering safepoint region: Cleanup
[2019-12-09T02:54:22.101+0000][1][safepoint    ] Leaving safepoint region
[2019-12-09T02:54:22.101+0000][1][safepoint    ] Total time for which application threads were stopped: 0.0000817 seconds, Stopping threads took: 0.0000159 seconds
[2019-12-09T02:54:23.101+0000][1][safepoint    ] Application time: 1.0000782 seconds
[2019-12-09T02:54:23.101+0000][1][safepoint    ] Entering safepoint region: Cleanup
[2019-12-09T02:54:23.101+0000][1][safepoint    ] Leaving safepoint region
[2019-12-09T02:54:23.101+0000][1][safepoint    ] Total time for which application threads were stopped: 0.0000845 seconds, Stopping threads took: 0.0000236 seconds
[2019-12-09T02:54:24.101+0000][1][safepoint    ] Application time: 1.0000773 seconds
[2019-12-09T02:54:24.101+0000][1][safepoint    ] Entering safepoint region: Cleanup
[2019-12-09T02:54:24.101+0000][1][safepoint    ] Leaving safepoint region
[2019-12-09T02:54:24.101+0000][1][safepoint    ] Total time for which application threads were stopped: 0.0000896 seconds, Stopping threads took: 0.0000177 seconds
[2019-12-09T02:54:25.101+0000][1][safepoint    ] Application time: 1.0000767 seconds
[2019-12-09T02:54:25.102+0000][1][safepoint    ] Entering safepoint region: Cleanup
[2019-12-09T02:54:25.102+0000][1][safepoint    ] Leaving safepoint region
[2019-12-09T02:54:25.102+0000][1][safepoint    ] Total time for which application threads were stopped: 0.0000808 seconds, Stopping threads took: 0.0000182 seconds
[2019-12-09T02:54:29.102+0000][1][safepoint    ] Application time: 4.0002493 seconds
[2019-12-09T02:54:29.102+0000][1][safepoint    ] Entering safepoint region: Cleanup
[2019-12-09T02:54:29.102+0000][1][safepoint    ] Leaving safepoint region
[2019-12-09T02:54:29.102+0000][1][safepoint    ] Total time for which application threads were stopped: 0.0000956 seconds, Stopping threads took: 0.0000179 seconds
[2019-12-09T02:54:30.102+0000][1][safepoint    ] Application time: 1.0000728 seconds
[2019-12-09T02:54:30.102+0000][1][safepoint    ] Entering safepoint region: Cleanup
[2019-12-09T02:54:30.102+0000][1][safepoint    ] Leaving safepoint region
[2019-12-09T02:54:30.102+0000][1][safepoint    ] Total time for which application threads were stopped: 0.0000815 seconds, Stopping threads took: 0.0000174 seconds
[2019-12-09T02:54:31.102+0000][1][safepoint    ] Application time: 1.0000764 seconds
[2019-12-09T02:54:31.102+0000][1][safepoint    ] Entering safepoint region: Cleanup
[2019-12-09T02:54:31.102+0000][1][safepoint    ] Leaving safepoint region
[2019-12-09T02:54:31.102+0000][1][safepoint    ] Total time for which application threads were stopped: 0.0000793 seconds, Stopping threads took: 0.0000178 seconds
[2019-12-09T02:54:34.103+0000][1][safepoint    ] Application time: 3.0002219 seconds
[2019-12-09T02:54:34.103+0000][1][safepoint    ] Entering safepoint region: Cleanup
[2019-12-09T02:54:34.103+0000][1][safepoint    ] Leaving safepoint region
[2019-12-09T02:54:34.103+0000][1][safepoint    ] Total time for which application threads were stopped: 0.0000929 seconds, Stopping threads took: 0.0000177 seconds
[2019-12-09T02:54:36.103+0000][1][safepoint    ] Application time: 2.0001440 seconds
[2019-12-09T02:54:36.103+0000][1][safepoint    ] Entering safepoint region: Cleanup
[2019-12-09T02:54:36.103+0000][1][safepoint    ] Leaving safepoint region
[2019-12-09T02:54:36.103+0000][1][safepoint    ] Total time for which application threads were stopped: 0.0000842 seconds, Stopping threads took: 0.0000195 seconds
[2019-12-09T02:54:37.103+0000][1][safepoint    ] Application time: 1.0000742 seconds
[2019-12-09T02:54:37.103+0000][1][safepoint    ] Entering safepoint region: Cleanup
[2019-12-09T02:54:37.103+0000][1][safepoint    ] Leaving safepoint region
[2019-12-09T02:54:37.103+0000][1][safepoint    ] Total time for which application threads were stopped: 0.0000734 seconds, Stopping threads took: 0.0000146 seconds
[2019-12-09T02:54:47.104+0000][1][safepoint    ] Application time: 10.0007042 seconds
[2019-12-09T02:54:47.104+0000][1][safepoint    ] Entering safepoint region: Cleanup
[2019-12-09T02:54:47.104+0000][1][safepoint    ] Leaving safepoint region
[2019-12-09T02:54:47.104+0000][1][safepoint    ] Total time for which application threads were stopped: 0.0001189 seconds, Stopping threads took: 0.0000558 seconds
[2019-12-09T02:54:48.104+0000][1][safepoint    ] Application time: 1.0000858 seconds
[2019-12-09T02:54:48.104+0000][1][safepoint    ] Entering safepoint region: Cleanup
[2019-12-09T02:54:48.104+0000][1][safepoint    ] Leaving safepoint region
[2019-12-09T02:54:48.104+0000][1][safepoint    ] Total time for which application threads were stopped: 0.0000886 seconds, Stopping threads took: 0.0000188 seconds
[2019-12-09T02:54:50.104+0000][1][safepoint    ] Application time: 2.0001466 seconds
[2019-12-09T02:54:50.104+0000][1][safepoint    ] Entering safepoint region: Cleanup
[2019-12-09T02:54:50.105+0000][1][safepoint    ] Leaving safepoint region
[2019-12-09T02:54:50.105+0000][1][safepoint    ] Total time for which application threads were stopped: 0.0000938 seconds, Stopping threads took: 0.0000171 seconds
[2019-12-09T02:54:51.105+0000][1][safepoint    ] Application time: 1.0000760 seconds
[2019-12-09T02:54:51.105+0000][1][safepoint    ] Entering safepoint region: Cleanup
[2019-12-09T02:54:51.105+0000][1][safepoint    ] Leaving safepoint region
[2019-12-09T02:54:51.105+0000][1][safepoint    ] Total time for which application threads were stopped: 0.0000804 seconds, Stopping threads took: 0.0000186 seconds
[2019-12-09T02:54:52.105+0000][1][safepoint    ] Application time: 1.0000776 seconds
[2019-12-09T02:54:52.105+0000][1][safepoint    ] Entering safepoint region: Cleanup
[2019-12-09T02:54:52.105+0000][1][safepoint    ] Leaving safepoint region
[2019-12-09T02:54:52.105+0000][1][safepoint    ] Total time for which application threads were stopped: 0.0000829 seconds, Stopping threads took: 0.0000194 seconds
[2019-12-09T02:54:54.105+0000][1][safepoint    ] Application time: 2.0001450 seconds
[2019-12-09T02:54:54.105+0000][1][safepoint    ] Entering safepoint region: Cleanup
[2019-12-09T02:54:54.105+0000][1][safepoint    ] Leaving safepoint region
[2019-12-09T02:54:54.105+0000][1][safepoint    ] Total time for which application threads were stopped: 0.0000934 seconds, Stopping threads took: 0.0000252 seconds
[2019-12-09T02:54:57.105+0000][1][safepoint    ] Application time: 3.0002085 seconds
[2019-12-09T02:54:57.106+0000][1][safepoint    ] Entering safepoint region: Cleanup
[2019-12-09T02:54:57.106+0000][1][safepoint    ] Leaving safepoint region
[2019-12-09T02:54:57.106+0000][1][safepoint    ] Total time for which application threads were stopped: 0.0000834 seconds, Stopping threads took: 0.0000178 seconds
[2019-12-09T02:54:59.106+0000][1][safepoint    ] Application time: 2.0001535 seconds
[2019-12-09T02:54:59.106+0000][1][safepoint    ] Entering safepoint region: Cleanup
[2019-12-09T02:54:59.106+0000][1][safepoint    ] Leaving safepoint region
[2019-12-09T02:54:59.106+0000][1][safepoint    ] Total time for which application threads were stopped: 0.0000818 seconds, Stopping threads took: 0.0000178 seconds
[2019-12-09T02:55:00.106+0000][1][safepoint    ] Application time: 1.0000764 seconds
[2019-12-09T02:55:00.106+0000][1][safepoint    ] Entering safepoint region: Cleanup
[2019-12-09T02:55:00.106+0000][1][safepoint    ] Leaving safepoint region
[2019-12-09T02:55:00.106+0000][1][safepoint    ] Total time for which application threads were stopped: 0.0000868 seconds, Stopping threads took: 0.0000187 seconds
[2019-12-09T02:55:01.106+0000][1][safepoint    ] Application time: 1.0000876 seconds
[2019-12-09T02:55:01.106+0000][1][safepoint    ] Entering safepoint region: Cleanup
[2019-12-09T02:55:01.106+0000][1][safepoint    ] Leaving safepoint region
[2019-12-09T02:55:01.106+0000][1][safepoint    ] Total time for which application threads were stopped: 0.0001227 seconds, Stopping threads took: 0.0000261 seconds
[2019-12-09T02:55:06.107+0000][1][safepoint    ] Application time: 5.0003569 seconds
[2019-12-09T02:55:06.107+0000][1][safepoint    ] Entering safepoint region: Cleanup
[2019-12-09T02:55:06.107+0000][1][safepoint    ] Leaving safepoint region
[2019-12-09T02:55:06.107+0000][1][safepoint    ] Total time for which application threads were stopped: 0.0000837 seconds, Stopping threads took: 0.0000173 seconds
[2019-12-09T02:55:07.107+0000][1][safepoint    ] Application time: 1.0000749 seconds
[2019-12-09T02:55:07.107+0000][1][safepoint    ] Entering safepoint region: Cleanup
[2019-12-09T02:55:07.107+0000][1][safepoint    ] Leaving safepoint region
[2019-12-09T02:55:07.107+0000][1][safepoint    ] Total time for which application threads were stopped: 0.0000826 seconds, Stopping threads took: 0.0000185 seconds
[2019-12-09T02:55:10.107+0000][1][safepoint    ] Application time: 3.0002118 seconds
[2019-12-09T02:55:10.107+0000][1][safepoint    ] Entering safepoint region: Cleanup
[2019-12-09T02:55:10.107+0000][1][safepoint    ] Leaving safepoint region
[2019-12-09T02:55:10.107+0000][1][safepoint    ] Total time for which application threads were stopped: 0.0000808 seconds, Stopping threads took: 0.0000180 seconds
[2019-12-09T02:55:12.108+0000][1][safepoint    ] Application time: 2.0001462 seconds
[2019-12-09T02:55:12.108+0000][1][safepoint    ] Entering safepoint region: Cleanup
[2019-12-09T02:55:12.108+0000][1][safepoint    ] Leaving safepoint region
[2019-12-09T02:55:12.108+0000][1][safepoint    ] Total time for which application threads were stopped: 0.0000829 seconds, Stopping threads took: 0.0000175 seconds
[2019-12-09T02:55:13.108+0000][1][safepoint    ] Application time: 1.0000792 seconds
[2019-12-09T02:55:13.108+0000][1][safepoint    ] Entering safepoint region: Cleanup
[2019-12-09T02:55:13.108+0000][1][safepoint    ] Leaving safepoint region
[2019-12-09T02:55:13.108+0000][1][safepoint    ] Total time for which application threads were stopped: 0.0000823 seconds, Stopping threads took: 0.0000177 seconds
[2019-12-09T02:55:17.118+0000][1][safepoint    ] Application time: 4.0105258 seconds
[2019-12-09T02:55:17.118+0000][1][safepoint    ] Entering safepoint region: GenCollectForAllocation
[2019-12-09T02:55:17.119+0000][1][gc,start     ] GC(24) Pause Young (Allocation Failure)
[2019-12-09T02:55:17.119+0000][1][gc,task      ] GC(24) Using 2 workers of 2 for evacuation
[2019-12-09T02:55:17.144+0000][1][gc,age       ] GC(24) Desired survivor size 4456448 bytes, new threshold 6 (max threshold 6)
[2019-12-09T02:55:17.144+0000][1][gc,age       ] GC(24) Age table with threshold 6 (max threshold 6)
[2019-12-09T02:55:17.144+0000][1][gc,age       ] GC(24) - age   1:      26216 bytes,      26216 total
[2019-12-09T02:55:17.144+0000][1][gc,age       ] GC(24) - age   2:    1870056 bytes,    1896272 total
[2019-12-09T02:55:17.144+0000][1][gc,heap      ] GC(24) ParNew: 76464K->5664K(78656K)
[2019-12-09T02:55:17.144+0000][1][gc,heap      ] GC(24) CMS: 64667K->68331K(174784K)
[2019-12-09T02:55:17.144+0000][1][gc,metaspace ] GC(24) Metaspace: 68588K->68588K(1112064K)
[2019-12-09T02:55:17.144+0000][1][gc           ] GC(24) Pause Young (Allocation Failure) 137M->72M(247M) 25.445ms
[2019-12-09T02:55:17.144+0000][1][gc,cpu       ] GC(24) User=0.03s Sys=0.00s Real=0.02s
[2019-12-09T02:55:17.144+0000][1][safepoint    ] Leaving safepoint region
[2019-12-09T02:55:17.144+0000][1][safepoint    ] Total time for which application threads were stopped: 0.0256210 seconds, Stopping threads took: 0.0000202 seconds
[2019-12-09T02:55:19.144+0000][1][safepoint    ] Application time: 2.0001606 seconds
[2019-12-09T02:55:19.144+0000][1][safepoint    ] Entering safepoint region: Cleanup
[2019-12-09T02:55:19.144+0000][1][safepoint    ] Leaving safepoint region
[2019-12-09T02:55:19.144+0000][1][safepoint    ] Total time for which application threads were stopped: 0.0000859 seconds, Stopping threads took: 0.0000179 seconds
[2019-12-09T02:55:20.144+0000][1][safepoint    ] Application time: 1.0000760 seconds
[2019-12-09T02:55:20.144+0000][1][safepoint    ] Entering safepoint region: Cleanup
[2019-12-09T02:55:20.145+0000][1][safepoint    ] Leaving safepoint region
[2019-12-09T02:55:20.145+0000][1][safepoint    ] Total time for which application threads were stopped: 0.0000833 seconds, Stopping threads took: 0.0000193 seconds
[2019-12-09T02:55:22.145+0000][1][safepoint    ] Application time: 2.0001562 seconds
[2019-12-09T02:55:22.145+0000][1][safepoint    ] Entering safepoint region: Cleanup
[2019-12-09T02:55:22.145+0000][1][safepoint    ] Leaving safepoint region
[2019-12-09T02:55:22.145+0000][1][safepoint    ] Total time for which application threads were stopped: 0.0001727 seconds, Stopping threads took: 0.0000905 seconds
[2019-12-09T02:55:23.145+0000][1][safepoint    ] Application time: 1.0000719 seconds
[2019-12-09T02:55:23.145+0000][1][safepoint    ] Entering safepoint region: Cleanup
[2019-12-09T02:55:23.145+0000][1][safepoint    ] Leaving safepoint region
[2019-12-09T02:55:23.145+0000][1][safepoint    ] Total time for which application threads were stopped: 0.0000880 seconds, Stopping threads took: 0.0000257 seconds
[2019-12-09T02:55:24.145+0000][1][safepoint    ] Application time: 1.0000850 seconds
[2019-12-09T02:55:24.145+0000][1][safepoint    ] Entering safepoint region: Cleanup
[2019-12-09T02:55:24.145+0000][1][safepoint    ] Leaving safepoint region
[2019-12-09T02:55:24.145+0000][1][safepoint    ] Total time for which application threads were stopped: 0.0000902 seconds, Stopping threads took: 0.0000180 seconds
[2019-12-09T02:55:27.146+0000][1][safepoint    ] Application time: 3.0002086 seconds
[2019-12-09T02:55:27.146+0000][1][safepoint    ] Entering safepoint region: Cleanup
[2019-12-09T02:55:27.146+0000][1][safepoint    ] Leaving safepoint region
[2019-12-09T02:55:27.146+0000][1][safepoint    ] Total time for which application threads were stopped: 0.0001018 seconds, Stopping threads took: 0.0000177 seconds
[2019-12-09T02:55:29.146+0000][1][safepoint    ] Application time: 2.0001432 seconds
[2019-12-09T02:55:29.146+0000][1][safepoint    ] Entering safepoint region: Cleanup
[2019-12-09T02:55:29.146+0000][1][safepoint    ] Leaving safepoint region
[2019-12-09T02:55:29.146+0000][1][safepoint    ] Total time for which application threads were stopped: 0.0000843 seconds, Stopping threads took: 0.0000173 seconds
[2019-12-09T02:55:32.146+0000][1][safepoint    ] Application time: 3.0002161 seconds
[2019-12-09T02:55:32.146+0000][1][safepoint    ] Entering safepoint region: Cleanup
[2019-12-09T02:55:32.146+0000][1][safepoint    ] Leaving safepoint region
[2019-12-09T02:55:32.146+0000][1][safepoint    ] Total time for which application threads were stopped: 0.0000822 seconds, Stopping threads took: 0.0000186 seconds
[2019-12-09T02:55:33.146+0000][1][safepoint    ] Application time: 1.0000770 seconds
[2019-12-09T02:55:33.146+0000][1][safepoint    ] Entering safepoint region: Cleanup
[2019-12-09T02:55:33.147+0000][1][safepoint    ] Leaving safepoint region
[2019-12-09T02:55:33.147+0000][1][safepoint    ] Total time for which application threads were stopped: 0.0000866 seconds, Stopping threads took: 0.0000183 seconds
[2019-12-09T02:55:36.147+0000][1][safepoint    ] Application time: 3.0002168 seconds
[2019-12-09T02:55:36.147+0000][1][safepoint    ] Entering safepoint region: Cleanup
[2019-12-09T02:55:36.147+0000][1][safepoint    ] Leaving safepoint region
[2019-12-09T02:55:36.147+0000][1][safepoint    ] Total time for which application threads were stopped: 0.0000843 seconds, Stopping threads took: 0.0000187 seconds
[2019-12-09T02:55:42.147+0000][1][safepoint    ] Application time: 6.0004330 seconds
[2019-12-09T02:55:42.147+0000][1][safepoint    ] Entering safepoint region: Cleanup
[2019-12-09T02:55:42.147+0000][1][safepoint    ] Leaving safepoint region
[2019-12-09T02:55:42.147+0000][1][safepoint    ] Total time for which application threads were stopped: 0.0001133 seconds, Stopping threads took: 0.0000249 seconds
[2019-12-09T02:55:43.148+0000][1][safepoint    ] Application time: 1.0000779 seconds
[2019-12-09T02:55:43.148+0000][1][safepoint    ] Entering safepoint region: Cleanup
[2019-12-09T02:55:43.148+0000][1][safepoint    ] Leaving safepoint region
[2019-12-09T02:55:43.148+0000][1][safepoint    ] Total time for which application threads were stopped: 0.0001005 seconds, Stopping threads took: 0.0000185 seconds
[2019-12-09T02:55:49.148+0000][1][safepoint    ] Application time: 6.0004121 seconds
[2019-12-09T02:55:49.148+0000][1][safepoint    ] Entering safepoint region: Cleanup
[2019-12-09T02:55:49.148+0000][1][safepoint    ] Leaving safepoint region
[2019-12-09T02:55:49.148+0000][1][safepoint    ] Total time for which application threads were stopped: 0.0000820 seconds, Stopping threads took: 0.0000176 seconds
[2019-12-09T02:55:55.149+0000][1][safepoint    ] Application time: 6.0004301 seconds
[2019-12-09T02:55:55.149+0000][1][safepoint    ] Entering safepoint region: Cleanup
[2019-12-09T02:55:55.149+0000][1][safepoint    ] Leaving safepoint region
[2019-12-09T02:55:55.149+0000][1][safepoint    ] Total time for which application threads were stopped: 0.0000954 seconds, Stopping threads took: 0.0000274 seconds
[2019-12-09T02:55:59.149+0000][1][safepoint    ] Application time: 4.0002807 seconds
[2019-12-09T02:55:59.149+0000][1][safepoint    ] Entering safepoint region: Cleanup
[2019-12-09T02:55:59.149+0000][1][safepoint    ] Leaving safepoint region
[2019-12-09T02:55:59.149+0000][1][safepoint    ] Total time for which application threads were stopped: 0.0000828 seconds, Stopping threads took: 0.0000186 seconds
[2019-12-09T02:56:04.150+0000][1][safepoint    ] Application time: 5.0003695 seconds
[2019-12-09T02:56:04.150+0000][1][safepoint    ] Entering safepoint region: Cleanup
[2019-12-09T02:56:04.150+0000][1][safepoint    ] Leaving safepoint region
[2019-12-09T02:56:04.150+0000][1][safepoint    ] Total time for which application threads were stopped: 0.0001071 seconds, Stopping threads took: 0.0000388 seconds
[2019-12-09T02:56:13.150+0000][1][safepoint    ] Application time: 9.0006216 seconds
[2019-12-09T02:56:13.150+0000][1][safepoint    ] Entering safepoint region: Cleanup
[2019-12-09T02:56:13.151+0000][1][safepoint    ] Leaving safepoint region
[2019-12-09T02:56:13.151+0000][1][safepoint    ] Total time for which application threads were stopped: 0.0000821 seconds, Stopping threads took: 0.0000187 seconds
[2019-12-09T02:56:15.151+0000][1][safepoint    ] Application time: 2.0001432 seconds
[2019-12-09T02:56:15.151+0000][1][safepoint    ] Entering safepoint region: Cleanup
[2019-12-09T02:56:15.151+0000][1][safepoint    ] Leaving safepoint region
[2019-12-09T02:56:15.151+0000][1][safepoint    ] Total time for which application threads were stopped: 0.0000817 seconds, Stopping threads took: 0.0000175 seconds
[2019-12-09T02:56:21.151+0000][1][safepoint    ] Application time: 6.0004202 seconds
[2019-12-09T02:56:21.151+0000][1][safepoint    ] Entering safepoint region: Cleanup
[2019-12-09T02:56:21.151+0000][1][safepoint    ] Leaving safepoint region
[2019-12-09T02:56:21.151+0000][1][safepoint    ] Total time for which application threads were stopped: 0.0001105 seconds, Stopping threads took: 0.0000243 seconds
[2019-12-09T02:56:29.152+0000][1][safepoint    ] Application time: 8.0005536 seconds
[2019-12-09T02:56:29.152+0000][1][safepoint    ] Entering safepoint region: Cleanup
[2019-12-09T02:56:29.152+0000][1][safepoint    ] Leaving safepoint region
[2019-12-09T02:56:29.152+0000][1][safepoint    ] Total time for which application threads were stopped: 0.0000828 seconds, Stopping threads took: 0.0000176 seconds
[2019-12-09T02:56:31.154+0000][1][safepoint    ] Application time: 2.0016684 seconds
[2019-12-09T02:56:31.154+0000][1][safepoint    ] Entering safepoint region: Cleanup
[2019-12-09T02:56:31.154+0000][1][safepoint    ] Leaving safepoint region
[2019-12-09T02:56:31.154+0000][1][safepoint    ] Total time for which application threads were stopped: 0.0001141 seconds, Stopping threads took: 0.0000247 seconds
[2019-12-09T02:56:33.154+0000][1][safepoint    ] Application time: 2.0001641 seconds
[2019-12-09T02:56:33.154+0000][1][safepoint    ] Entering safepoint region: Cleanup
[2019-12-09T02:56:33.154+0000][1][safepoint    ] Leaving safepoint region
[2019-12-09T02:56:33.154+0000][1][safepoint    ] Total time for which application threads were stopped: 0.0001002 seconds, Stopping threads took: 0.0000334 seconds
[2019-12-09T02:56:34.154+0000][1][safepoint    ] Application time: 1.0000860 seconds
[2019-12-09T02:56:34.154+0000][1][safepoint    ] Entering safepoint region: Cleanup
[2019-12-09T02:56:34.154+0000][1][safepoint    ] Leaving safepoint region
[2019-12-09T02:56:34.154+0000][1][safepoint    ] Total time for which application threads were stopped: 0.0000834 seconds, Stopping threads took: 0.0000188 seconds
[2019-12-09T02:56:37.155+0000][1][safepoint    ] Application time: 3.0002249 seconds
[2019-12-09T02:56:37.155+0000][1][safepoint    ] Entering safepoint region: Cleanup
[2019-12-09T02:56:37.155+0000][1][safepoint    ] Leaving safepoint region
[2019-12-09T02:56:37.155+0000][1][safepoint    ] Total time for which application threads were stopped: 0.0000893 seconds, Stopping threads took: 0.0000235 seconds
[2019-12-09T02:56:40.155+0000][1][safepoint    ] Application time: 3.0002239 seconds
[2019-12-09T02:56:40.155+0000][1][safepoint    ] Entering safepoint region: Cleanup
[2019-12-09T02:56:40.155+0000][1][safepoint    ] Leaving safepoint region
[2019-12-09T02:56:40.155+0000][1][safepoint    ] Total time for which application threads were stopped: 0.0001065 seconds, Stopping threads took: 0.0000199 seconds
[2019-12-09T02:56:45.156+0000][1][safepoint    ] Application time: 5.0003726 seconds
[2019-12-09T02:56:45.156+0000][1][safepoint    ] Entering safepoint region: Cleanup
[2019-12-09T02:56:45.156+0000][1][safepoint    ] Leaving safepoint region
[2019-12-09T02:56:45.156+0000][1][safepoint    ] Total time for which application threads were stopped: 0.0001019 seconds, Stopping threads took: 0.0000258 seconds
[2019-12-09T02:56:48.156+0000][1][safepoint    ] Application time: 3.0002187 seconds
[2019-12-09T02:56:48.156+0000][1][safepoint    ] Entering safepoint region: Cleanup
[2019-12-09T02:56:48.156+0000][1][safepoint    ] Leaving safepoint region
[2019-12-09T02:56:48.156+0000][1][safepoint    ] Total time for which application threads were stopped: 0.0000889 seconds, Stopping threads took: 0.0000239 seconds
[2019-12-09T02:56:49.156+0000][1][safepoint    ] Application time: 1.0000761 seconds
[2019-12-09T02:56:49.156+0000][1][safepoint    ] Entering safepoint region: Cleanup
[2019-12-09T02:56:49.156+0000][1][safepoint    ] Leaving safepoint region
[2019-12-09T02:56:49.156+0000][1][safepoint    ] Total time for which application threads were stopped: 0.0000847 seconds, Stopping threads took: 0.0000183 seconds
[2019-12-09T02:56:53.157+0000][1][safepoint    ] Application time: 4.0002751 seconds
[2019-12-09T02:56:53.157+0000][1][safepoint    ] Entering safepoint region: Cleanup
[2019-12-09T02:56:53.157+0000][1][safepoint    ] Leaving safepoint region
[2019-12-09T02:56:53.157+0000][1][safepoint    ] Total time for which application threads were stopped: 0.0000973 seconds, Stopping threads took: 0.0000173 seconds
[2019-12-09T02:56:54.157+0000][1][safepoint    ] Application time: 1.0000749 seconds
[2019-12-09T02:56:54.157+0000][1][safepoint    ] Entering safepoint region: Cleanup
[2019-12-09T02:56:54.157+0000][1][safepoint    ] Leaving safepoint region
[2019-12-09T02:56:54.157+0000][1][safepoint    ] Total time for which application threads were stopped: 0.0000834 seconds, Stopping threads took: 0.0000183 seconds
[2019-12-09T02:56:55.157+0000][1][safepoint    ] Application time: 1.0000763 seconds
[2019-12-09T02:56:55.157+0000][1][safepoint    ] Entering safepoint region: Cleanup
[2019-12-09T02:56:55.157+0000][1][safepoint    ] Leaving safepoint region
[2019-12-09T02:56:55.157+0000][1][safepoint    ] Total time for which application threads were stopped: 0.0000868 seconds, Stopping threads took: 0.0000180 seconds
[2019-12-09T02:56:59.157+0000][1][safepoint    ] Application time: 4.0002754 seconds
[2019-12-09T02:56:59.157+0000][1][safepoint    ] Entering safepoint region: Cleanup
[2019-12-09T02:56:59.158+0000][1][safepoint    ] Leaving safepoint region
[2019-12-09T02:56:59.158+0000][1][safepoint    ] Total time for which application threads were stopped: 0.0000907 seconds, Stopping threads took: 0.0000246 seconds
[2019-12-09T02:57:12.158+0000][1][safepoint    ] Application time: 13.0009006 seconds
[2019-12-09T02:57:12.158+0000][1][safepoint    ] Entering safepoint region: Cleanup
[2019-12-09T02:57:12.159+0000][1][safepoint    ] Leaving safepoint region
[2019-12-09T02:57:12.159+0000][1][safepoint    ] Total time for which application threads were stopped: 0.0000825 seconds, Stopping threads took: 0.0000179 seconds
[2019-12-09T02:57:17.159+0000][1][safepoint    ] Application time: 5.0003520 seconds
[2019-12-09T02:57:17.159+0000][1][safepoint    ] Entering safepoint region: Cleanup
[2019-12-09T02:57:17.159+0000][1][safepoint    ] Leaving safepoint region
[2019-12-09T02:57:17.159+0000][1][safepoint    ] Total time for which application threads were stopped: 0.0000863 seconds, Stopping threads took: 0.0000178 seconds
[2019-12-09T02:57:26.160+0000][1][safepoint    ] Application time: 9.0006345 seconds
[2019-12-09T02:57:26.160+0000][1][safepoint    ] Entering safepoint region: Cleanup
[2019-12-09T02:57:26.160+0000][1][safepoint    ] Leaving safepoint region
[2019-12-09T02:57:26.160+0000][1][safepoint    ] Total time for which application threads were stopped: 0.0000892 seconds, Stopping threads took: 0.0000188 seconds
[2019-12-09T02:57:26.684+0000][1][safepoint    ] Application time: 0.5239248 seconds
[2019-12-09T02:57:26.684+0000][1][safepoint    ] Entering safepoint region: GenCollectForAllocation
[2019-12-09T02:57:26.684+0000][1][gc,start     ] GC(25) Pause Young (Allocation Failure)
[2019-12-09T02:57:26.684+0000][1][gc,task      ] GC(25) Using 2 workers of 2 for evacuation
[2019-12-09T02:57:26.689+0000][1][gc,age       ] GC(25) Desired survivor size 4456448 bytes, new threshold 6 (max threshold 6)
[2019-12-09T02:57:26.689+0000][1][gc,age       ] GC(25) Age table with threshold 6 (max threshold 6)
[2019-12-09T02:57:26.689+0000][1][gc,age       ] GC(25) - age   1:       8264 bytes,       8264 total
[2019-12-09T02:57:26.689+0000][1][gc,age       ] GC(25) - age   2:      21624 bytes,      29888 total
[2019-12-09T02:57:26.689+0000][1][gc,age       ] GC(25) - age   3:    1869808 bytes,    1899696 total
[2019-12-09T02:57:26.689+0000][1][gc,heap      ] GC(25) ParNew: 75616K->2818K(78656K)
[2019-12-09T02:57:26.689+0000][1][gc,heap      ] GC(25) CMS: 68331K->68331K(174784K)
[2019-12-09T02:57:26.689+0000][1][gc,metaspace ] GC(25) Metaspace: 68842K->68842K(1112064K)
[2019-12-09T02:57:26.689+0000][1][gc           ] GC(25) Pause Young (Allocation Failure) 140M->69M(247M) 5.556ms
[2019-12-09T02:57:26.689+0000][1][gc,cpu       ] GC(25) User=0.01s Sys=0.00s Real=0.01s
[2019-12-09T02:57:26.689+0000][1][safepoint    ] Leaving safepoint region
[2019-12-09T02:57:26.689+0000][1][safepoint    ] Total time for which application threads were stopped: 0.0057001 seconds, Stopping threads took: 0.0000173 seconds
[2019-12-09T02:57:30.690+0000][1][safepoint    ] Application time: 4.0002890 seconds
[2019-12-09T02:57:30.690+0000][1][safepoint    ] Entering safepoint region: Cleanup
[2019-12-09T02:57:30.690+0000][1][safepoint    ] Leaving safepoint region
[2019-12-09T02:57:30.690+0000][1][safepoint    ] Total time for which application threads were stopped: 0.0000897 seconds, Stopping threads took: 0.0000248 seconds
[2019-12-09T02:57:37.690+0000][1][safepoint    ] Application time: 7.0004769 seconds
[2019-12-09T02:57:37.690+0000][1][safepoint    ] Entering safepoint region: Cleanup
[2019-12-09T02:57:37.691+0000][1][safepoint    ] Leaving safepoint region
[2019-12-09T02:57:37.691+0000][1][safepoint    ] Total time for which application threads were stopped: 0.0000873 seconds, Stopping threads took: 0.0000167 seconds
[2019-12-09T02:57:38.691+0000][1][safepoint    ] Application time: 1.0000753 seconds
[2019-12-09T02:57:38.691+0000][1][safepoint    ] Entering safepoint region: Cleanup
[2019-12-09T02:57:38.691+0000][1][safepoint    ] Leaving safepoint region
[2019-12-09T02:57:38.691+0000][1][safepoint    ] Total time for which application threads were stopped: 0.0000915 seconds, Stopping threads took: 0.0000161 seconds
[2019-12-09T02:57:40.691+0000][1][safepoint    ] Application time: 2.0001427 seconds
[2019-12-09T02:57:40.691+0000][1][safepoint    ] Entering safepoint region: Cleanup
[2019-12-09T02:57:40.691+0000][1][safepoint    ] Leaving safepoint region
[2019-12-09T02:57:40.691+0000][1][safepoint    ] Total time for which application threads were stopped: 0.0000850 seconds, Stopping threads took: 0.0000170 seconds
[2019-12-09T02:57:42.691+0000][1][safepoint    ] Application time: 2.0001443 seconds
[2019-12-09T02:57:42.691+0000][1][safepoint    ] Entering safepoint region: Cleanup
[2019-12-09T02:57:42.691+0000][1][safepoint    ] Leaving safepoint region
[2019-12-09T02:57:42.691+0000][1][safepoint    ] Total time for which application threads were stopped: 0.0000771 seconds, Stopping threads took: 0.0000151 seconds
[2019-12-09T02:57:43.691+0000][1][safepoint    ] Application time: 1.0000661 seconds
[2019-12-09T02:57:43.691+0000][1][safepoint    ] Entering safepoint region: Cleanup
[2019-12-09T02:57:43.691+0000][1][safepoint    ] Leaving safepoint region
[2019-12-09T02:57:43.691+0000][1][safepoint    ] Total time for which application threads were stopped: 0.0000956 seconds, Stopping threads took: 0.0000276 seconds
[2019-12-09T02:57:44.692+0000][1][safepoint    ] Application time: 1.0000754 seconds
[2019-12-09T02:57:44.692+0000][1][safepoint    ] Entering safepoint region: Cleanup
[2019-12-09T02:57:44.692+0000][1][safepoint    ] Leaving safepoint region
[2019-12-09T02:57:44.692+0000][1][safepoint    ] Total time for which application threads were stopped: 0.0000941 seconds, Stopping threads took: 0.0000220 seconds
[2019-12-09T02:57:46.692+0000][1][safepoint    ] Application time: 2.0001465 seconds
[2019-12-09T02:57:46.692+0000][1][safepoint    ] Entering safepoint region: Cleanup
[2019-12-09T02:57:46.692+0000][1][safepoint    ] Leaving safepoint region
[2019-12-09T02:57:46.692+0000][1][safepoint    ] Total time for which application threads were stopped: 0.0001062 seconds, Stopping threads took: 0.0000220 seconds
[2019-12-09T02:57:49.692+0000][1][safepoint    ] Application time: 3.0002149 seconds
[2019-12-09T02:57:49.692+0000][1][safepoint    ] Entering safepoint region: Cleanup
[2019-12-09T02:57:49.692+0000][1][safepoint    ] Leaving safepoint region
[2019-12-09T02:57:49.692+0000][1][safepoint    ] Total time for which application threads were stopped: 0.0001049 seconds, Stopping threads took: 0.0000220 seconds
[2019-12-09T02:57:50.692+0000][1][safepoint    ] Application time: 1.0000762 seconds
[2019-12-09T02:57:50.692+0000][1][safepoint    ] Entering safepoint region: Cleanup
[2019-12-09T02:57:50.693+0000][1][safepoint    ] Leaving safepoint region
[2019-12-09T02:57:50.693+0000][1][safepoint    ] Total time for which application threads were stopped: 0.0000810 seconds, Stopping threads took: 0.0000160 seconds
[2019-12-09T02:57:51.693+0000][1][safepoint    ] Application time: 1.0000769 seconds
[2019-12-09T02:57:51.693+0000][1][safepoint    ] Entering safepoint region: Cleanup
[2019-12-09T02:57:51.693+0000][1][safepoint    ] Leaving safepoint region
[2019-12-09T02:57:51.693+0000][1][safepoint    ] Total time for which application threads were stopped: 0.0000925 seconds, Stopping threads took: 0.0000179 seconds
[2019-12-09T02:57:52.693+0000][1][safepoint    ] Application time: 1.0000766 seconds
[2019-12-09T02:57:52.693+0000][1][safepoint    ] Entering safepoint region: Cleanup
[2019-12-09T02:57:52.693+0000][1][safepoint    ] Leaving safepoint region
[2019-12-09T02:57:52.693+0000][1][safepoint    ] Total time for which application threads were stopped: 0.0000893 seconds, Stopping threads took: 0.0000177 seconds
[2019-12-09T02:57:55.693+0000][1][safepoint    ] Application time: 3.0002091 seconds
[2019-12-09T02:57:55.693+0000][1][safepoint    ] Entering safepoint region: Cleanup
[2019-12-09T02:57:55.693+0000][1][safepoint    ] Leaving safepoint region
[2019-12-09T02:57:55.693+0000][1][safepoint    ] Total time for which application threads were stopped: 0.0000784 seconds, Stopping threads took: 0.0000154 seconds
[2019-12-09T02:57:58.693+0000][1][safepoint    ] Application time: 3.0002118 seconds
[2019-12-09T02:57:58.694+0000][1][safepoint    ] Entering safepoint region: Cleanup
[2019-12-09T02:57:58.694+0000][1][safepoint    ] Leaving safepoint region
[2019-12-09T02:57:58.694+0000][1][safepoint    ] Total time for which application threads were stopped: 0.0000893 seconds, Stopping threads took: 0.0000250 seconds
[2019-12-09T02:57:59.694+0000][1][safepoint    ] Application time: 1.0000757 seconds
[2019-12-09T02:57:59.694+0000][1][safepoint    ] Entering safepoint region: Cleanup
[2019-12-09T02:57:59.694+0000][1][safepoint    ] Leaving safepoint region
[2019-12-09T02:57:59.694+0000][1][safepoint    ] Total time for which application threads were stopped: 0.0000808 seconds, Stopping threads took: 0.0000173 seconds
[2019-12-09T02:58:02.694+0000][1][safepoint    ] Application time: 3.0002188 seconds
[2019-12-09T02:58:02.694+0000][1][safepoint    ] Entering safepoint region: Cleanup
[2019-12-09T02:58:02.694+0000][1][safepoint    ] Leaving safepoint region
[2019-12-09T02:58:02.694+0000][1][safepoint    ] Total time for which application threads were stopped: 0.0000924 seconds, Stopping threads took: 0.0000274 seconds
[2019-12-09T02:58:07.695+0000][1][safepoint    ] Application time: 5.0003496 seconds
[2019-12-09T02:58:07.695+0000][1][safepoint    ] Entering safepoint region: Cleanup
[2019-12-09T02:58:07.695+0000][1][safepoint    ] Leaving safepoint region
[2019-12-09T02:58:07.695+0000][1][safepoint    ] Total time for which application threads were stopped: 0.0000813 seconds, Stopping threads took: 0.0000170 seconds
[2019-12-09T02:58:29.696+0000][1][safepoint    ] Application time: 22.0014885 seconds
[2019-12-09T02:58:29.696+0000][1][safepoint    ] Entering safepoint region: Cleanup
[2019-12-09T02:58:29.696+0000][1][safepoint    ] Leaving safepoint region
[2019-12-09T02:58:29.696+0000][1][safepoint    ] Total time for which application threads were stopped: 0.0000857 seconds, Stopping threads took: 0.0000233 seconds
[2019-12-09T02:58:30.696+0000][1][safepoint    ] Application time: 1.0000761 seconds
[2019-12-09T02:58:30.696+0000][1][safepoint    ] Entering safepoint region: Cleanup
[2019-12-09T02:58:30.696+0000][1][safepoint    ] Leaving safepoint region
[2019-12-09T02:58:30.696+0000][1][safepoint    ] Total time for which application threads were stopped: 0.0000839 seconds, Stopping threads took: 0.0000179 seconds
[2019-12-09T02:58:35.697+0000][1][safepoint    ] Application time: 5.0003561 seconds
[2019-12-09T02:58:35.697+0000][1][safepoint    ] Entering safepoint region: Cleanup
[2019-12-09T02:58:35.697+0000][1][safepoint    ] Leaving safepoint region
[2019-12-09T02:58:35.697+0000][1][safepoint    ] Total time for which application threads were stopped: 0.0000734 seconds, Stopping threads took: 0.0000150 seconds
[2019-12-09T02:58:36.697+0000][1][safepoint    ] Application time: 1.0000751 seconds
[2019-12-09T02:58:36.697+0000][1][safepoint    ] Entering safepoint region: Cleanup
[2019-12-09T02:58:36.697+0000][1][safepoint    ] Leaving safepoint region
[2019-12-09T02:58:36.697+0000][1][safepoint    ] Total time for which application threads were stopped: 0.0000744 seconds, Stopping threads took: 0.0000147 seconds
[2019-12-09T02:58:37.697+0000][1][safepoint    ] Application time: 1.0000767 seconds
[2019-12-09T02:58:37.697+0000][1][safepoint    ] Entering safepoint region: Cleanup
[2019-12-09T02:58:37.697+0000][1][safepoint    ] Leaving safepoint region
[2019-12-09T02:58:37.697+0000][1][safepoint    ] Total time for which application threads were stopped: 0.0000764 seconds, Stopping threads took: 0.0000178 seconds
[2019-12-09T02:58:40.698+0000][1][safepoint    ] Application time: 3.0002074 seconds
[2019-12-09T02:58:40.698+0000][1][safepoint    ] Entering safepoint region: Cleanup
[2019-12-09T02:58:40.698+0000][1][safepoint    ] Leaving safepoint region
[2019-12-09T02:58:40.698+0000][1][safepoint    ] Total time for which application threads were stopped: 0.0000787 seconds, Stopping threads took: 0.0000155 seconds
[2019-12-09T02:58:41.698+0000][1][safepoint    ] Application time: 1.0000767 seconds
[2019-12-09T02:58:41.698+0000][1][safepoint    ] Entering safepoint region: Cleanup
[2019-12-09T02:58:41.698+0000][1][safepoint    ] Leaving safepoint region
[2019-12-09T02:58:41.698+0000][1][safepoint    ] Total time for which application threads were stopped: 0.0000854 seconds, Stopping threads took: 0.0000170 seconds
[2019-12-09T02:58:42.698+0000][1][safepoint    ] Application time: 1.0000763 seconds
[2019-12-09T02:58:42.698+0000][1][safepoint    ] Entering safepoint region: Cleanup
[2019-12-09T02:58:42.698+0000][1][safepoint    ] Leaving safepoint region
[2019-12-09T02:58:42.698+0000][1][safepoint    ] Total time for which application threads were stopped: 0.0000791 seconds, Stopping threads took: 0.0000163 seconds
[2019-12-09T02:58:45.698+0000][1][safepoint    ] Application time: 3.0002106 seconds
[2019-12-09T02:58:45.698+0000][1][safepoint    ] Entering safepoint region: Cleanup
[2019-12-09T02:58:45.698+0000][1][safepoint    ] Leaving safepoint region
[2019-12-09T02:58:45.698+0000][1][safepoint    ] Total time for which application threads were stopped: 0.0000822 seconds, Stopping threads took: 0.0000157 seconds
[2019-12-09T02:58:49.699+0000][1][safepoint    ] Application time: 4.0002773 seconds
[2019-12-09T02:58:49.699+0000][1][safepoint    ] Entering safepoint region: Cleanup
[2019-12-09T02:58:49.699+0000][1][safepoint    ] Leaving safepoint region
[2019-12-09T02:58:49.699+0000][1][safepoint    ] Total time for which application threads were stopped: 0.0000795 seconds, Stopping threads took: 0.0000174 seconds
[2019-12-09T02:58:50.699+0000][1][safepoint    ] Application time: 1.0000766 seconds
[2019-12-09T02:58:50.699+0000][1][safepoint    ] Entering safepoint region: Cleanup
[2019-12-09T02:58:50.699+0000][1][safepoint    ] Leaving safepoint region
[2019-12-09T02:58:50.699+0000][1][safepoint    ] Total time for which application threads were stopped: 0.0000792 seconds, Stopping threads took: 0.0000164 seconds
[2019-12-09T02:58:51.699+0000][1][safepoint    ] Application time: 1.0000783 seconds
[2019-12-09T02:58:51.699+0000][1][safepoint    ] Entering safepoint region: Cleanup
[2019-12-09T02:58:51.699+0000][1][safepoint    ] Leaving safepoint region
[2019-12-09T02:58:51.699+0000][1][safepoint    ] Total time for which application threads were stopped: 0.0000813 seconds, Stopping threads took: 0.0000164 seconds
[2019-12-09T02:58:56.700+0000][1][safepoint    ] Application time: 5.0003455 seconds
[2019-12-09T02:58:56.700+0000][1][safepoint    ] Entering safepoint region: Cleanup
[2019-12-09T02:58:56.700+0000][1][safepoint    ] Leaving safepoint region
[2019-12-09T02:58:56.700+0000][1][safepoint    ] Total time for which application threads were stopped: 0.0000803 seconds, Stopping threads took: 0.0000178 seconds
[2019-12-09T02:58:57.700+0000][1][safepoint    ] Application time: 1.0000764 seconds
[2019-12-09T02:58:57.700+0000][1][safepoint    ] Entering safepoint region: Cleanup
[2019-12-09T02:58:57.700+0000][1][safepoint    ] Leaving safepoint region
[2019-12-09T02:58:57.700+0000][1][safepoint    ] Total time for which application threads were stopped: 0.0000757 seconds, Stopping threads took: 0.0000152 seconds
[2019-12-09T02:58:59.700+0000][1][safepoint    ] Application time: 2.0001419 seconds
[2019-12-09T02:58:59.700+0000][1][safepoint    ] Entering safepoint region: Cleanup
[2019-12-09T02:58:59.700+0000][1][safepoint    ] Leaving safepoint region
[2019-12-09T02:58:59.700+0000][1][safepoint    ] Total time for which application threads were stopped: 0.0000913 seconds, Stopping threads took: 0.0000237 seconds
[2019-12-09T02:59:01.700+0000][1][safepoint    ] Application time: 2.0001141 seconds
[2019-12-09T02:59:01.700+0000][1][safepoint    ] Entering safepoint region: Cleanup
[2019-12-09T02:59:01.700+0000][1][safepoint    ] Leaving safepoint region
[2019-12-09T02:59:01.700+0000][1][safepoint    ] Total time for which application threads were stopped: 0.0000739 seconds, Stopping threads took: 0.0000155 seconds
[2019-12-09T02:59:02.700+0000][1][safepoint    ] Application time: 1.0000772 seconds
[2019-12-09T02:59:02.700+0000][1][safepoint    ] Entering safepoint region: Cleanup
[2019-12-09T02:59:02.701+0000][1][safepoint    ] Leaving safepoint region
[2019-12-09T02:59:02.701+0000][1][safepoint    ] Total time for which application threads were stopped: 0.0000779 seconds, Stopping threads took: 0.0000145 seconds
[2019-12-09T02:59:07.701+0000][1][safepoint    ] Application time: 5.0003398 seconds
[2019-12-09T02:59:07.701+0000][1][safepoint    ] Entering safepoint region: Cleanup
[2019-12-09T02:59:07.701+0000][1][safepoint    ] Leaving safepoint region
[2019-12-09T02:59:07.701+0000][1][safepoint    ] Total time for which application threads were stopped: 0.0000783 seconds, Stopping threads took: 0.0000156 seconds
[2019-12-09T02:59:11.701+0000][1][safepoint    ] Application time: 4.0002808 seconds
[2019-12-09T02:59:11.701+0000][1][safepoint    ] Entering safepoint region: Cleanup
[2019-12-09T02:59:11.701+0000][1][safepoint    ] Leaving safepoint region
[2019-12-09T02:59:11.701+0000][1][safepoint    ] Total time for which application threads were stopped: 0.0000878 seconds, Stopping threads took: 0.0000227 seconds
[2019-12-09T02:59:18.702+0000][1][safepoint    ] Application time: 7.0004827 seconds
[2019-12-09T02:59:18.702+0000][1][safepoint    ] Entering safepoint region: Cleanup
[2019-12-09T02:59:18.702+0000][1][safepoint    ] Leaving safepoint region
[2019-12-09T02:59:18.702+0000][1][safepoint    ] Total time for which application threads were stopped: 0.0000724 seconds, Stopping threads took: 0.0000144 seconds
[2019-12-09T02:59:19.702+0000][1][safepoint    ] Application time: 1.0000753 seconds
[2019-12-09T02:59:19.702+0000][1][safepoint    ] Entering safepoint region: Cleanup
[2019-12-09T02:59:19.702+0000][1][safepoint    ] Leaving safepoint region
[2019-12-09T02:59:19.702+0000][1][safepoint    ] Total time for which application threads were stopped: 0.0000729 seconds, Stopping threads took: 0.0000146 seconds
[2019-12-09T02:59:22.702+0000][1][safepoint    ] Application time: 3.0002084 seconds
[2019-12-09T02:59:22.702+0000][1][safepoint    ] Entering safepoint region: Cleanup
[2019-12-09T02:59:22.703+0000][1][safepoint    ] Leaving safepoint region
[2019-12-09T02:59:22.703+0000][1][safepoint    ] Total time for which application threads were stopped: 0.0000735 seconds, Stopping threads took: 0.0000144 seconds
[2019-12-09T02:59:24.703+0000][1][safepoint    ] Application time: 2.0001457 seconds
[2019-12-09T02:59:24.703+0000][1][safepoint    ] Entering safepoint region: Cleanup
[2019-12-09T02:59:24.703+0000][1][safepoint    ] Leaving safepoint region
[2019-12-09T02:59:24.703+0000][1][safepoint    ] Total time for which application threads were stopped: 0.0000747 seconds, Stopping threads took: 0.0000147 seconds
[2019-12-09T02:59:26.703+0000][1][safepoint    ] Application time: 2.0001411 seconds
[2019-12-09T02:59:26.703+0000][1][safepoint    ] Entering safepoint region: Cleanup
[2019-12-09T02:59:26.703+0000][1][safepoint    ] Leaving safepoint region
[2019-12-09T02:59:26.703+0000][1][safepoint    ] Total time for which application threads were stopped: 0.0000769 seconds, Stopping threads took: 0.0000160 seconds
[2019-12-09T02:59:32.254+0000][1][safepoint    ] Application time: 5.5509387 seconds
[2019-12-09T02:59:32.254+0000][1][safepoint    ] Entering safepoint region: GenCollectForAllocation
[2019-12-09T02:59:32.254+0000][1][gc,start     ] GC(26) Pause Young (Allocation Failure)
[2019-12-09T02:59:32.254+0000][1][gc,task      ] GC(26) Using 2 workers of 2 for evacuation
[2019-12-09T02:59:32.260+0000][1][gc,age       ] GC(26) Desired survivor size 4456448 bytes, new threshold 6 (max threshold 6)
[2019-12-09T02:59:32.260+0000][1][gc,age       ] GC(26) Age table with threshold 6 (max threshold 6)
[2019-12-09T02:59:32.260+0000][1][gc,age       ] GC(26) - age   1:       7328 bytes,       7328 total
[2019-12-09T02:59:32.260+0000][1][gc,age       ] GC(26) - age   2:       4408 bytes,      11736 total
[2019-12-09T02:59:32.260+0000][1][gc,age       ] GC(26) - age   3:      21408 bytes,      33144 total
[2019-12-09T02:59:32.260+0000][1][gc,age       ] GC(26) - age   4:    1769280 bytes,    1802424 total
[2019-12-09T02:59:32.260+0000][1][gc,heap      ] GC(26) ParNew: 72770K->2791K(78656K)
[2019-12-09T02:59:32.260+0000][1][gc,heap      ] GC(26) CMS: 68331K->68331K(174784K)
[2019-12-09T02:59:32.260+0000][1][gc,metaspace ] GC(26) Metaspace: 68938K->68938K(1112064K)
[2019-12-09T02:59:32.260+0000][1][gc           ] GC(26) Pause Young (Allocation Failure) 137M->69M(247M) 5.482ms
[2019-12-09T02:59:32.260+0000][1][gc,cpu       ] GC(26) User=0.01s Sys=0.00s Real=0.01s
[2019-12-09T02:59:32.260+0000][1][safepoint    ] Leaving safepoint region
[2019-12-09T02:59:32.260+0000][1][safepoint    ] Total time for which application threads were stopped: 0.0056339 seconds, Stopping threads took: 0.0000191 seconds
[2019-12-09T02:59:33.260+0000][1][safepoint    ] Application time: 1.0005793 seconds
[2019-12-09T02:59:33.260+0000][1][safepoint    ] Entering safepoint region: Cleanup
[2019-12-09T02:59:33.260+0000][1][safepoint    ] Leaving safepoint region
[2019-12-09T02:59:33.260+0000][1][safepoint    ] Total time for which application threads were stopped: 0.0000883 seconds, Stopping threads took: 0.0000229 seconds
[2019-12-09T02:59:41.261+0000][1][safepoint    ] Application time: 8.0005593 seconds
[2019-12-09T02:59:41.261+0000][1][safepoint    ] Entering safepoint region: Cleanup
[2019-12-09T02:59:41.261+0000][1][safepoint    ] Leaving safepoint region
[2019-12-09T02:59:41.261+0000][1][safepoint    ] Total time for which application threads were stopped: 0.0000891 seconds, Stopping threads took: 0.0000267 seconds
[2019-12-09T02:59:43.261+0000][1][safepoint    ] Application time: 2.0001416 seconds
[2019-12-09T02:59:43.261+0000][1][safepoint    ] Entering safepoint region: Cleanup
[2019-12-09T02:59:43.261+0000][1][safepoint    ] Leaving safepoint region
[2019-12-09T02:59:43.261+0000][1][safepoint    ] Total time for which application threads were stopped: 0.0000893 seconds, Stopping threads took: 0.0000182 seconds
[2019-12-09T02:59:44.261+0000][1][safepoint    ] Application time: 1.0000750 seconds
[2019-12-09T02:59:44.261+0000][1][safepoint    ] Entering safepoint region: Cleanup
[2019-12-09T02:59:44.262+0000][1][safepoint    ] Leaving safepoint region
[2019-12-09T02:59:44.262+0000][1][safepoint    ] Total time for which application threads were stopped: 0.0000848 seconds, Stopping threads took: 0.0000170 seconds
[2019-12-09T02:59:49.262+0000][1][safepoint    ] Application time: 5.0003336 seconds
[2019-12-09T02:59:49.262+0000][1][safepoint    ] Entering safepoint region: Cleanup
[2019-12-09T02:59:49.262+0000][1][safepoint    ] Leaving safepoint region
[2019-12-09T02:59:49.262+0000][1][safepoint    ] Total time for which application threads were stopped: 0.0000851 seconds, Stopping threads took: 0.0000161 seconds
[2019-12-09T02:59:50.262+0000][1][safepoint    ] Application time: 1.0000772 seconds
[2019-12-09T02:59:50.262+0000][1][safepoint    ] Entering safepoint region: Cleanup
[2019-12-09T02:59:50.262+0000][1][safepoint    ] Leaving safepoint region
[2019-12-09T02:59:50.262+0000][1][safepoint    ] Total time for which application threads were stopped: 0.0000890 seconds, Stopping threads took: 0.0000178 seconds
[2019-12-09T02:59:51.262+0000][1][safepoint    ] Application time: 1.0000761 seconds
[2019-12-09T02:59:51.262+0000][1][safepoint    ] Entering safepoint region: Cleanup
[2019-12-09T02:59:51.262+0000][1][safepoint    ] Leaving safepoint region
[2019-12-09T02:59:51.262+0000][1][safepoint    ] Total time for which application threads were stopped: 0.0000819 seconds, Stopping threads took: 0.0000170 seconds
[2019-12-09T02:59:55.263+0000][1][safepoint    ] Application time: 4.0002750 seconds
[2019-12-09T02:59:55.263+0000][1][safepoint    ] Entering safepoint region: Cleanup
[2019-12-09T02:59:55.263+0000][1][safepoint    ] Leaving safepoint region
[2019-12-09T02:59:55.263+0000][1][safepoint    ] Total time for which application threads were stopped: 0.0000830 seconds, Stopping threads took: 0.0000165 seconds
[2019-12-09T02:59:56.263+0000][1][safepoint    ] Application time: 1.0000736 seconds
[2019-12-09T02:59:56.263+0000][1][safepoint    ] Entering safepoint region: Cleanup
[2019-12-09T02:59:56.263+0000][1][safepoint    ] Leaving safepoint region
[2019-12-09T02:59:56.263+0000][1][safepoint    ] Total time for which application threads were stopped: 0.0000888 seconds, Stopping threads took: 0.0000176 seconds
[2019-12-09T03:00:03.264+0000][1][safepoint    ] Application time: 7.0004795 seconds
[2019-12-09T03:00:03.264+0000][1][safepoint    ] Entering safepoint region: Cleanup
[2019-12-09T03:00:03.264+0000][1][safepoint    ] Leaving safepoint region
[2019-12-09T03:00:03.264+0000][1][safepoint    ] Total time for which application threads were stopped: 0.0000811 seconds, Stopping threads took: 0.0000177 seconds
[2019-12-09T03:00:19.265+0000][1][safepoint    ] Application time: 16.0010710 seconds
[2019-12-09T03:00:19.265+0000][1][safepoint    ] Entering safepoint region: Cleanup
[2019-12-09T03:00:19.265+0000][1][safepoint    ] Leaving safepoint region
[2019-12-09T03:00:19.265+0000][1][safepoint    ] Total time for which application threads were stopped: 0.0000955 seconds, Stopping threads took: 0.0000256 seconds
[2019-12-09T03:00:29.266+0000][1][safepoint    ] Application time: 10.0006801 seconds
[2019-12-09T03:00:29.266+0000][1][safepoint    ] Entering safepoint region: Cleanup
[2019-12-09T03:00:29.266+0000][1][safepoint    ] Leaving safepoint region
[2019-12-09T03:00:29.266+0000][1][safepoint    ] Total time for which application threads were stopped: 0.0000844 seconds, Stopping threads took: 0.0000178 seconds
[2019-12-09T03:00:46.267+0000][1][safepoint    ] Application time: 17.0011572 seconds
[2019-12-09T03:00:46.267+0000][1][safepoint    ] Entering safepoint region: Cleanup
[2019-12-09T03:00:46.267+0000][1][safepoint    ] Leaving safepoint region
[2019-12-09T03:00:46.267+0000][1][safepoint    ] Total time for which application threads were stopped: 0.0000919 seconds, Stopping threads took: 0.0000261 seconds
[2019-12-09T03:00:53.267+0000][1][safepoint    ] Application time: 7.0004756 seconds
[2019-12-09T03:00:53.268+0000][1][safepoint    ] Entering safepoint region: Cleanup
[2019-12-09T03:00:53.268+0000][1][safepoint    ] Leaving safepoint region
[2019-12-09T03:00:53.268+0000][1][safepoint    ] Total time for which application threads were stopped: 0.0000948 seconds, Stopping threads took: 0.0000284 seconds
[2019-12-09T03:00:54.268+0000][1][safepoint    ] Application time: 1.0000790 seconds
[2019-12-09T03:00:54.268+0000][1][safepoint    ] Entering safepoint region: Cleanup
[2019-12-09T03:00:54.268+0000][1][safepoint    ] Leaving safepoint region
[2019-12-09T03:00:54.268+0000][1][safepoint    ] Total time for which application threads were stopped: 0.0000837 seconds, Stopping threads took: 0.0000191 seconds
[2019-12-09T03:01:01.268+0000][1][safepoint    ] Application time: 7.0004945 seconds
[2019-12-09T03:01:01.268+0000][1][safepoint    ] Entering safepoint region: Cleanup
[2019-12-09T03:01:01.268+0000][1][safepoint    ] Leaving safepoint region
[2019-12-09T03:01:01.268+0000][1][safepoint    ] Total time for which application threads were stopped: 0.0000876 seconds, Stopping threads took: 0.0000184 seconds
[2019-12-09T03:01:11.269+0000][1][safepoint    ] Application time: 10.0006822 seconds
[2019-12-09T03:01:11.269+0000][1][safepoint    ] Entering safepoint region: Cleanup
[2019-12-09T03:01:11.269+0000][1][safepoint    ] Leaving safepoint region
[2019-12-09T03:01:11.269+0000][1][safepoint    ] Total time for which application threads were stopped: 0.0000818 seconds, Stopping threads took: 0.0000165 seconds
[2019-12-09T03:01:29.270+0000][1][safepoint    ] Application time: 18.0011963 seconds
[2019-12-09T03:01:29.270+0000][1][safepoint    ] Entering safepoint region: Cleanup
[2019-12-09T03:01:29.271+0000][1][safepoint    ] Leaving safepoint region
[2019-12-09T03:01:29.271+0000][1][safepoint    ] Total time for which application threads were stopped: 0.0000949 seconds, Stopping threads took: 0.0000164 seconds
[2019-12-09T03:01:30.271+0000][1][safepoint    ] Application time: 1.0000744 seconds
[2019-12-09T03:01:30.271+0000][1][safepoint    ] Entering safepoint region: Cleanup
[2019-12-09T03:01:30.271+0000][1][safepoint    ] Leaving safepoint region
[2019-12-09T03:01:30.271+0000][1][safepoint    ] Total time for which application threads were stopped: 0.0000789 seconds, Stopping threads took: 0.0000187 seconds
[2019-12-09T03:01:31.271+0000][1][safepoint    ] Application time: 1.0000779 seconds
[2019-12-09T03:01:31.271+0000][1][safepoint    ] Entering safepoint region: Cleanup
[2019-12-09T03:01:31.271+0000][1][safepoint    ] Leaving safepoint region
[2019-12-09T03:01:31.271+0000][1][safepoint    ] Total time for which application threads were stopped: 0.0000812 seconds, Stopping threads took: 0.0000170 seconds
[2019-12-09T03:01:32.271+0000][1][safepoint    ] Application time: 1.0000768 seconds
[2019-12-09T03:01:32.271+0000][1][safepoint    ] Entering safepoint region: Cleanup
[2019-12-09T03:01:32.271+0000][1][safepoint    ] Leaving safepoint region
[2019-12-09T03:01:32.271+0000][1][safepoint    ] Total time for which application threads were stopped: 0.0000842 seconds, Stopping threads took: 0.0000175 seconds
[2019-12-09T03:01:33.271+0000][1][safepoint    ] Application time: 1.0000785 seconds
[2019-12-09T03:01:33.271+0000][1][safepoint    ] Entering safepoint region: Cleanup
[2019-12-09T03:01:33.271+0000][1][safepoint    ] Leaving safepoint region
[2019-12-09T03:01:33.271+0000][1][safepoint    ] Total time for which application threads were stopped: 0.0000771 seconds, Stopping threads took: 0.0000171 seconds
[2019-12-09T03:01:34.271+0000][1][safepoint    ] Application time: 1.0000768 seconds
[2019-12-09T03:01:34.272+0000][1][safepoint    ] Entering safepoint region: Cleanup
[2019-12-09T03:01:34.272+0000][1][safepoint    ] Leaving safepoint region
[2019-12-09T03:01:34.272+0000][1][safepoint    ] Total time for which application threads were stopped: 0.0000774 seconds, Stopping threads took: 0.0000178 seconds
[2019-12-09T03:01:35.272+0000][1][safepoint    ] Application time: 1.0000768 seconds
[2019-12-09T03:01:35.272+0000][1][safepoint    ] Entering safepoint region: Cleanup
[2019-12-09T03:01:35.272+0000][1][safepoint    ] Leaving safepoint region
[2019-12-09T03:01:35.272+0000][1][safepoint    ] Total time for which application threads were stopped: 0.0000778 seconds, Stopping threads took: 0.0000194 seconds
[2019-12-09T03:01:36.272+0000][1][safepoint    ] Application time: 1.0000791 seconds
[2019-12-09T03:01:36.272+0000][1][safepoint    ] Entering safepoint region: Cleanup
[2019-12-09T03:01:36.272+0000][1][safepoint    ] Leaving safepoint region
[2019-12-09T03:01:36.272+0000][1][safepoint    ] Total time for which application threads were stopped: 0.0000769 seconds, Stopping threads took: 0.0000179 seconds
[2019-12-09T03:01:37.272+0000][1][safepoint    ] Application time: 1.0000769 seconds
[2019-12-09T03:01:37.272+0000][1][safepoint    ] Entering safepoint region: Cleanup
[2019-12-09T03:01:37.272+0000][1][safepoint    ] Leaving safepoint region
[2019-12-09T03:01:37.272+0000][1][safepoint    ] Total time for which application threads were stopped: 0.0000748 seconds, Stopping threads took: 0.0000179 seconds
[2019-12-09T03:01:38.272+0000][1][safepoint    ] Application time: 1.0000767 seconds
[2019-12-09T03:01:38.272+0000][1][safepoint    ] Entering safepoint region: Cleanup
[2019-12-09T03:01:38.272+0000][1][safepoint    ] Leaving safepoint region
[2019-12-09T03:01:38.272+0000][1][safepoint    ] Total time for which application threads were stopped: 0.0000829 seconds, Stopping threads took: 0.0000176 seconds
[2019-12-09T03:01:39.272+0000][1][safepoint    ] Application time: 1.0000774 seconds
[2019-12-09T03:01:39.273+0000][1][safepoint    ] Entering safepoint region: Cleanup
[2019-12-09T03:01:39.273+0000][1][safepoint    ] Leaving safepoint region
[2019-12-09T03:01:39.273+0000][1][safepoint    ] Total time for which application threads were stopped: 0.0000741 seconds, Stopping threads took: 0.0000167 seconds
[2019-12-09T03:01:39.804+0000][1][safepoint    ] Application time: 0.5311515 seconds
[2019-12-09T03:01:39.804+0000][1][safepoint    ] Entering safepoint region: GenCollectForAllocation
[2019-12-09T03:01:39.804+0000][1][gc,start     ] GC(27) Pause Young (Allocation Failure)
[2019-12-09T03:01:39.804+0000][1][gc,task      ] GC(27) Using 2 workers of 2 for evacuation
[2019-12-09T03:01:39.809+0000][1][gc,age       ] GC(27) Desired survivor size 4456448 bytes, new threshold 6 (max threshold 6)
[2019-12-09T03:01:39.809+0000][1][gc,age       ] GC(27) Age table with threshold 6 (max threshold 6)
[2019-12-09T03:01:39.809+0000][1][gc,age       ] GC(27) - age   1:       8272 bytes,       8272 total
[2019-12-09T03:01:39.809+0000][1][gc,age       ] GC(27) - age   2:       3344 bytes,      11616 total
[2019-12-09T03:01:39.809+0000][1][gc,age       ] GC(27) - age   3:       4376 bytes,      15992 total
[2019-12-09T03:01:39.809+0000][1][gc,age       ] GC(27) - age   4:      21408 bytes,      37400 total
[2019-12-09T03:01:39.809+0000][1][gc,age       ] GC(27) - age   5:    1769280 bytes,    1806680 total
[2019-12-09T03:01:39.809+0000][1][gc,heap      ] GC(27) ParNew: 72743K->2678K(78656K)
[2019-12-09T03:01:39.809+0000][1][gc,heap      ] GC(27) CMS: 68331K->68331K(174784K)
[2019-12-09T03:01:39.809+0000][1][gc,metaspace ] GC(27) Metaspace: 68986K->68986K(1112064K)
[2019-12-09T03:01:39.809+0000][1][gc           ] GC(27) Pause Young (Allocation Failure) 137M->69M(247M) 5.551ms
[2019-12-09T03:01:39.809+0000][1][gc,cpu       ] GC(27) User=0.01s Sys=0.00s Real=0.01s
[2019-12-09T03:01:39.809+0000][1][safepoint    ] Leaving safepoint region
[2019-12-09T03:01:39.809+0000][1][safepoint    ] Total time for which application threads were stopped: 0.0056893 seconds, Stopping threads took: 0.0000153 seconds
[2019-12-09T03:01:40.810+0000][1][safepoint    ] Application time: 1.0000919 seconds
[2019-12-09T03:01:40.810+0000][1][safepoint    ] Entering safepoint region: Cleanup
[2019-12-09T03:01:40.810+0000][1][safepoint    ] Leaving safepoint region
[2019-12-09T03:01:40.810+0000][1][safepoint    ] Total time for which application threads were stopped: 0.0000707 seconds, Stopping threads took: 0.0000156 seconds
[2019-12-09T03:01:41.810+0000][1][safepoint    ] Application time: 1.0000850 seconds
[2019-12-09T03:01:41.810+0000][1][safepoint    ] Entering safepoint region: Cleanup
[2019-12-09T03:01:41.810+0000][1][safepoint    ] Leaving safepoint region
[2019-12-09T03:01:41.810+0000][1][safepoint    ] Total time for which application threads were stopped: 0.0000714 seconds, Stopping threads took: 0.0000167 seconds
[2019-12-09T03:01:42.810+0000][1][safepoint    ] Application time: 1.0000761 seconds
[2019-12-09T03:01:42.810+0000][1][safepoint    ] Entering safepoint region: Cleanup
[2019-12-09T03:01:42.810+0000][1][safepoint    ] Leaving safepoint region
[2019-12-09T03:01:42.810+0000][1][safepoint    ] Total time for which application threads were stopped: 0.0000714 seconds, Stopping threads took: 0.0000141 seconds
[2019-12-09T03:01:43.810+0000][1][safepoint    ] Application time: 1.0000740 seconds
[2019-12-09T03:01:43.810+0000][1][safepoint    ] Entering safepoint region: Cleanup
[2019-12-09T03:01:43.810+0000][1][safepoint    ] Leaving safepoint region
[2019-12-09T03:01:43.810+0000][1][safepoint    ] Total time for which application threads were stopped: 0.0000747 seconds, Stopping threads took: 0.0000157 seconds
[2019-12-09T03:01:44.810+0000][1][safepoint    ] Application time: 1.0000751 seconds
[2019-12-09T03:01:44.810+0000][1][safepoint    ] Entering safepoint region: Cleanup
[2019-12-09T03:01:44.810+0000][1][safepoint    ] Leaving safepoint region
[2019-12-09T03:01:44.810+0000][1][safepoint    ] Total time for which application threads were stopped: 0.0000729 seconds, Stopping threads took: 0.0000163 seconds
[2019-12-09T03:01:45.811+0000][1][safepoint    ] Application time: 1.0000754 seconds
[2019-12-09T03:01:45.811+0000][1][safepoint    ] Entering safepoint region: Cleanup
[2019-12-09T03:01:45.811+0000][1][safepoint    ] Leaving safepoint region
[2019-12-09T03:01:45.811+0000][1][safepoint    ] Total time for which application threads were stopped: 0.0000757 seconds, Stopping threads took: 0.0000175 seconds
[2019-12-09T03:01:46.811+0000][1][safepoint    ] Application time: 1.0000766 seconds
[2019-12-09T03:01:46.811+0000][1][safepoint    ] Entering safepoint region: Cleanup
[2019-12-09T03:01:46.811+0000][1][safepoint    ] Leaving safepoint region
[2019-12-09T03:01:46.811+0000][1][safepoint    ] Total time for which application threads were stopped: 0.0000731 seconds, Stopping threads took: 0.0000167 seconds
[2019-12-09T03:01:47.811+0000][1][safepoint    ] Application time: 1.0000749 seconds
[2019-12-09T03:01:47.811+0000][1][safepoint    ] Entering safepoint region: Cleanup
[2019-12-09T03:01:47.811+0000][1][safepoint    ] Leaving safepoint region
[2019-12-09T03:01:47.811+0000][1][safepoint    ] Total time for which application threads were stopped: 0.0000776 seconds, Stopping threads took: 0.0000173 seconds
[2019-12-09T03:01:48.811+0000][1][safepoint    ] Application time: 1.0000733 seconds
[2019-12-09T03:01:48.811+0000][1][safepoint    ] Entering safepoint region: Cleanup
[2019-12-09T03:01:48.811+0000][1][safepoint    ] Leaving safepoint region
[2019-12-09T03:01:48.811+0000][1][safepoint    ] Total time for which application threads were stopped: 0.0000803 seconds, Stopping threads took: 0.0000251 seconds
[2019-12-09T03:01:49.811+0000][1][safepoint    ] Application time: 1.0000753 seconds
[2019-12-09T03:01:49.811+0000][1][safepoint    ] Entering safepoint region: Cleanup
[2019-12-09T03:01:49.811+0000][1][safepoint    ] Leaving safepoint region
[2019-12-09T03:01:49.811+0000][1][safepoint    ] Total time for which application threads were stopped: 0.0000784 seconds, Stopping threads took: 0.0000165 seconds
[2019-12-09T03:01:50.812+0000][1][safepoint    ] Application time: 1.0000750 seconds
[2019-12-09T03:01:50.812+0000][1][safepoint    ] Entering safepoint region: Cleanup
[2019-12-09T03:01:50.812+0000][1][safepoint    ] Leaving safepoint region
[2019-12-09T03:01:50.812+0000][1][safepoint    ] Total time for which application threads were stopped: 0.0000782 seconds, Stopping threads took: 0.0000163 seconds
[2019-12-09T03:01:51.812+0000][1][safepoint    ] Application time: 1.0000754 seconds
[2019-12-09T03:01:51.812+0000][1][safepoint    ] Entering safepoint region: Cleanup
[2019-12-09T03:01:51.812+0000][1][safepoint    ] Leaving safepoint region
[2019-12-09T03:01:51.812+0000][1][safepoint    ] Total time for which application threads were stopped: 0.0000721 seconds, Stopping threads took: 0.0000165 seconds
[2019-12-09T03:01:52.812+0000][1][safepoint    ] Application time: 1.0000751 seconds
[2019-12-09T03:01:52.812+0000][1][safepoint    ] Entering safepoint region: Cleanup
[2019-12-09T03:01:52.812+0000][1][safepoint    ] Leaving safepoint region
[2019-12-09T03:01:52.812+0000][1][safepoint    ] Total time for which application threads were stopped: 0.0000749 seconds, Stopping threads took: 0.0000171 seconds
[2019-12-09T03:01:53.812+0000][1][safepoint    ] Application time: 1.0000757 seconds
[2019-12-09T03:01:53.812+0000][1][safepoint    ] Entering safepoint region: Cleanup
[2019-12-09T03:01:53.812+0000][1][safepoint    ] Leaving safepoint region
[2019-12-09T03:01:53.812+0000][1][safepoint    ] Total time for which application threads were stopped: 0.0000731 seconds, Stopping threads took: 0.0000160 seconds
[2019-12-09T03:01:54.812+0000][1][safepoint    ] Application time: 1.0000754 seconds
[2019-12-09T03:01:54.812+0000][1][safepoint    ] Entering safepoint region: Cleanup
[2019-12-09T03:01:54.812+0000][1][safepoint    ] Leaving safepoint region
[2019-12-09T03:01:54.812+0000][1][safepoint    ] Total time for which application threads were stopped: 0.0000731 seconds, Stopping threads took: 0.0000164 seconds
[2019-12-09T03:01:55.812+0000][1][safepoint    ] Application time: 1.0000750 seconds
[2019-12-09T03:01:55.813+0000][1][safepoint    ] Entering safepoint region: Cleanup
[2019-12-09T03:01:55.813+0000][1][safepoint    ] Leaving safepoint region
[2019-12-09T03:01:55.813+0000][1][safepoint    ] Total time for which application threads were stopped: 0.0000733 seconds, Stopping threads took: 0.0000156 seconds
[2019-12-09T03:01:56.813+0000][1][safepoint    ] Application time: 1.0000752 seconds
[2019-12-09T03:01:56.813+0000][1][safepoint    ] Entering safepoint region: Cleanup
[2019-12-09T03:01:56.813+0000][1][safepoint    ] Leaving safepoint region
[2019-12-09T03:01:56.813+0000][1][safepoint    ] Total time for which application threads were stopped: 0.0000761 seconds, Stopping threads took: 0.0000176 seconds
[2019-12-09T03:01:57.813+0000][1][safepoint    ] Application time: 1.0000764 seconds
[2019-12-09T03:01:57.813+0000][1][safepoint    ] Entering safepoint region: Cleanup
[2019-12-09T03:01:57.813+0000][1][safepoint    ] Leaving safepoint region
[2019-12-09T03:01:57.813+0000][1][safepoint    ] Total time for which application threads were stopped: 0.0000732 seconds, Stopping threads took: 0.0000153 seconds
[2019-12-09T03:01:58.813+0000][1][safepoint    ] Application time: 1.0000754 seconds
[2019-12-09T03:01:58.813+0000][1][safepoint    ] Entering safepoint region: Cleanup
[2019-12-09T03:01:58.813+0000][1][safepoint    ] Leaving safepoint region
[2019-12-09T03:01:58.813+0000][1][safepoint    ] Total time for which application threads were stopped: 0.0000837 seconds, Stopping threads took: 0.0000264 seconds
[2019-12-09T03:01:59.813+0000][1][safepoint    ] Application time: 1.0000751 seconds
[2019-12-09T03:01:59.813+0000][1][safepoint    ] Entering safepoint region: Cleanup
[2019-12-09T03:01:59.813+0000][1][safepoint    ] Leaving safepoint region
[2019-12-09T03:01:59.813+0000][1][safepoint    ] Total time for which application threads were stopped: 0.0000739 seconds, Stopping threads took: 0.0000167 seconds
[2019-12-09T03:02:00.813+0000][1][safepoint    ] Application time: 1.0000742 seconds
[2019-12-09T03:02:00.814+0000][1][safepoint    ] Entering safepoint region: Cleanup
[2019-12-09T03:02:00.814+0000][1][safepoint    ] Leaving safepoint region
[2019-12-09T03:02:00.814+0000][1][safepoint    ] Total time for which application threads were stopped: 0.0000726 seconds, Stopping threads took: 0.0000161 seconds
[2019-12-09T03:02:01.814+0000][1][safepoint    ] Application time: 1.0000763 seconds
[2019-12-09T03:02:01.814+0000][1][safepoint    ] Entering safepoint region: Cleanup
[2019-12-09T03:02:01.814+0000][1][safepoint    ] Leaving safepoint region
[2019-12-09T03:02:01.814+0000][1][safepoint    ] Total time for which application threads were stopped: 0.0000746 seconds, Stopping threads took: 0.0000180 seconds
[2019-12-09T03:02:02.814+0000][1][safepoint    ] Application time: 1.0000747 seconds
[2019-12-09T03:02:02.814+0000][1][safepoint    ] Entering safepoint region: Cleanup
[2019-12-09T03:02:02.814+0000][1][safepoint    ] Leaving safepoint region
[2019-12-09T03:02:02.814+0000][1][safepoint    ] Total time for which application threads were stopped: 0.0000687 seconds, Stopping threads took: 0.0000141 seconds
[2019-12-09T03:02:03.814+0000][1][safepoint    ] Application time: 1.0000762 seconds
[2019-12-09T03:02:03.814+0000][1][safepoint    ] Entering safepoint region: Cleanup
[2019-12-09T03:02:03.814+0000][1][safepoint    ] Leaving safepoint region
[2019-12-09T03:02:03.814+0000][1][safepoint    ] Total time for which application threads were stopped: 0.0000705 seconds, Stopping threads took: 0.0000150 seconds
[2019-12-09T03:02:04.814+0000][1][safepoint    ] Application time: 1.0000755 seconds
[2019-12-09T03:02:04.814+0000][1][safepoint    ] Entering safepoint region: Cleanup
[2019-12-09T03:02:04.814+0000][1][safepoint    ] Leaving safepoint region
[2019-12-09T03:02:04.814+0000][1][safepoint    ] Total time for which application threads were stopped: 0.0000761 seconds, Stopping threads took: 0.0000185 seconds
[2019-12-09T03:02:05.814+0000][1][safepoint    ] Application time: 1.0000750 seconds
[2019-12-09T03:02:05.814+0000][1][safepoint    ] Entering safepoint region: Cleanup
[2019-12-09T03:02:05.815+0000][1][safepoint    ] Leaving safepoint region
[2019-12-09T03:02:05.815+0000][1][safepoint    ] Total time for which application threads were stopped: 0.0000748 seconds, Stopping threads took: 0.0000171 seconds
[2019-12-09T03:02:06.815+0000][1][safepoint    ] Application time: 1.0000744 seconds
[2019-12-09T03:02:06.815+0000][1][safepoint    ] Entering safepoint region: Cleanup
[2019-12-09T03:02:06.815+0000][1][safepoint    ] Leaving safepoint region
[2019-12-09T03:02:06.815+0000][1][safepoint    ] Total time for which application threads were stopped: 0.0000843 seconds, Stopping threads took: 0.0000274 seconds
[2019-12-09T03:02:07.815+0000][1][safepoint    ] Application time: 1.0000752 seconds
[2019-12-09T03:02:07.815+0000][1][safepoint    ] Entering safepoint region: Cleanup
[2019-12-09T03:02:07.815+0000][1][safepoint    ] Leaving safepoint region
[2019-12-09T03:02:07.815+0000][1][safepoint    ] Total time for which application threads were stopped: 0.0000764 seconds, Stopping threads took: 0.0000177 seconds
[2019-12-09T03:02:08.815+0000][1][safepoint    ] Application time: 1.0000729 seconds
[2019-12-09T03:02:08.815+0000][1][safepoint    ] Entering safepoint region: Cleanup
[2019-12-09T03:02:08.815+0000][1][safepoint    ] Leaving safepoint region
[2019-12-09T03:02:08.815+0000][1][safepoint    ] Total time for which application threads were stopped: 0.0000821 seconds, Stopping threads took: 0.0000257 seconds
[2019-12-09T03:02:09.815+0000][1][safepoint    ] Application time: 1.0000516 seconds
[2019-12-09T03:02:09.815+0000][1][safepoint    ] Entering safepoint region: Cleanup
[2019-12-09T03:02:09.815+0000][1][safepoint    ] Leaving safepoint region
[2019-12-09T03:02:09.815+0000][1][safepoint    ] Total time for which application threads were stopped: 0.0000715 seconds, Stopping threads took: 0.0000159 seconds
[2019-12-09T03:02:11.322+0000][1][safepoint    ] Application time: 1.5068390 seconds
[2019-12-09T03:02:11.322+0000][1][safepoint    ] Entering safepoint region: Cleanup
[2019-12-09T03:02:11.322+0000][1][safepoint    ] Leaving safepoint region
[2019-12-09T03:02:11.322+0000][1][safepoint    ] Total time for which application threads were stopped: 0.0001914 seconds, Stopping threads took: 0.0000142 seconds
[2019-12-09T03:02:12.323+0000][1][safepoint    ] Application time: 1.0002518 seconds
[2019-12-09T03:02:12.323+0000][1][safepoint    ] Entering safepoint region: Cleanup
[2019-12-09T03:02:12.323+0000][1][safepoint    ] Leaving safepoint region
[2019-12-09T03:02:12.323+0000][1][safepoint    ] Total time for which application threads were stopped: 0.0001142 seconds, Stopping threads took: 0.0000484 seconds
[2019-12-09T03:02:13.323+0000][1][safepoint    ] Application time: 1.0000899 seconds
[2019-12-09T03:02:13.323+0000][1][safepoint    ] Entering safepoint region: Cleanup
[2019-12-09T03:02:13.323+0000][1][safepoint    ] Leaving safepoint region
[2019-12-09T03:02:13.323+0000][1][safepoint    ] Total time for which application threads were stopped: 0.0000765 seconds, Stopping threads took: 0.0000175 seconds
[2019-12-09T03:02:14.323+0000][1][safepoint    ] Application time: 1.0000784 seconds
[2019-12-09T03:02:14.323+0000][1][safepoint    ] Entering safepoint region: Cleanup
[2019-12-09T03:02:14.323+0000][1][safepoint    ] Leaving safepoint region
[2019-12-09T03:02:14.323+0000][1][safepoint    ] Total time for which application threads were stopped: 0.0000775 seconds, Stopping threads took: 0.0000181 seconds
[2019-12-09T03:02:15.323+0000][1][safepoint    ] Application time: 1.0000769 seconds
[2019-12-09T03:02:15.323+0000][1][safepoint    ] Entering safepoint region: Cleanup
[2019-12-09T03:02:15.323+0000][1][safepoint    ] Leaving safepoint region
[2019-12-09T03:02:15.323+0000][1][safepoint    ] Total time for which application threads were stopped: 0.0000755 seconds, Stopping threads took: 0.0000171 seconds
[2019-12-09T03:02:16.324+0000][1][safepoint    ] Application time: 1.0000765 seconds
[2019-12-09T03:02:16.324+0000][1][safepoint    ] Entering safepoint region: Cleanup
[2019-12-09T03:02:16.324+0000][1][safepoint    ] Leaving safepoint region
[2019-12-09T03:02:16.324+0000][1][safepoint    ] Total time for which application threads were stopped: 0.0000762 seconds, Stopping threads took: 0.0000176 seconds
[2019-12-09T03:02:17.324+0000][1][safepoint    ] Application time: 1.0000894 seconds
[2019-12-09T03:02:17.324+0000][1][safepoint    ] Entering safepoint region: Cleanup
[2019-12-09T03:02:17.324+0000][1][safepoint    ] Leaving safepoint region
[2019-12-09T03:02:17.324+0000][1][safepoint    ] Total time for which application threads were stopped: 0.0001183 seconds, Stopping threads took: 0.0000487 seconds
[2019-12-09T03:02:18.324+0000][1][safepoint    ] Application time: 1.0000825 seconds
[2019-12-09T03:02:18.324+0000][1][safepoint    ] Entering safepoint region: Cleanup
[2019-12-09T03:02:18.324+0000][1][safepoint    ] Leaving safepoint region
[2019-12-09T03:02:18.324+0000][1][safepoint    ] Total time for which application threads were stopped: 0.0000850 seconds, Stopping threads took: 0.0000252 seconds
[2019-12-09T03:02:19.324+0000][1][safepoint    ] Application time: 1.0000757 seconds
[2019-12-09T03:02:19.324+0000][1][safepoint    ] Entering safepoint region: Cleanup
[2019-12-09T03:02:19.324+0000][1][safepoint    ] Leaving safepoint region
[2019-12-09T03:02:19.324+0000][1][safepoint    ] Total time for which application threads were stopped: 0.0000836 seconds, Stopping threads took: 0.0000245 seconds
[2019-12-09T03:02:20.324+0000][1][safepoint    ] Application time: 1.0000734 seconds
[2019-12-09T03:02:20.324+0000][1][safepoint    ] Entering safepoint region: Cleanup
[2019-12-09T03:02:20.324+0000][1][safepoint    ] Leaving safepoint region
[2019-12-09T03:02:20.324+0000][1][safepoint    ] Total time for which application threads were stopped: 0.0000807 seconds, Stopping threads took: 0.0000159 seconds
[2019-12-09T03:02:21.325+0000][1][safepoint    ] Application time: 1.0000776 seconds
[2019-12-09T03:02:21.325+0000][1][safepoint    ] Entering safepoint region: Cleanup
[2019-12-09T03:02:21.325+0000][1][safepoint    ] Leaving safepoint region
[2019-12-09T03:02:21.325+0000][1][safepoint    ] Total time for which application threads were stopped: 0.0000856 seconds, Stopping threads took: 0.0000174 seconds
[2019-12-09T03:02:22.325+0000][1][safepoint    ] Application time: 1.0000759 seconds
[2019-12-09T03:02:22.325+0000][1][safepoint    ] Entering safepoint region: Cleanup
[2019-12-09T03:02:22.325+0000][1][safepoint    ] Leaving safepoint region
[2019-12-09T03:02:22.325+0000][1][safepoint    ] Total time for which application threads were stopped: 0.0000742 seconds, Stopping threads took: 0.0000169 seconds
[2019-12-09T03:02:23.325+0000][1][safepoint    ] Application time: 1.0000749 seconds
[2019-12-09T03:02:23.325+0000][1][safepoint    ] Entering safepoint region: Cleanup
[2019-12-09T03:02:23.325+0000][1][safepoint    ] Leaving safepoint region
[2019-12-09T03:02:23.325+0000][1][safepoint    ] Total time for which application threads were stopped: 0.0000769 seconds, Stopping threads took: 0.0000178 seconds
[2019-12-09T03:02:24.325+0000][1][safepoint    ] Application time: 1.0000756 seconds
[2019-12-09T03:02:24.325+0000][1][safepoint    ] Entering safepoint region: Cleanup
[2019-12-09T03:02:24.325+0000][1][safepoint    ] Leaving safepoint region
[2019-12-09T03:02:24.325+0000][1][safepoint    ] Total time for which application threads were stopped: 0.0000781 seconds, Stopping threads took: 0.0000168 seconds
[2019-12-09T03:02:25.325+0000][1][safepoint    ] Application time: 1.0000750 seconds
[2019-12-09T03:02:25.325+0000][1][safepoint    ] Entering safepoint region: Cleanup
[2019-12-09T03:02:25.325+0000][1][safepoint    ] Leaving safepoint region
[2019-12-09T03:02:25.325+0000][1][safepoint    ] Total time for which application threads were stopped: 0.0000742 seconds, Stopping threads took: 0.0000158 seconds
[2019-12-09T03:02:26.326+0000][1][safepoint    ] Application time: 1.0000768 seconds
[2019-12-09T03:02:26.326+0000][1][safepoint    ] Entering safepoint region: Cleanup
[2019-12-09T03:02:26.326+0000][1][safepoint    ] Leaving safepoint region
[2019-12-09T03:02:26.326+0000][1][safepoint    ] Total time for which application threads were stopped: 0.0000773 seconds, Stopping threads took: 0.0000169 seconds
[2019-12-09T03:02:27.326+0000][1][safepoint    ] Application time: 1.0000847 seconds
[2019-12-09T03:02:27.326+0000][1][safepoint    ] Entering safepoint region: Cleanup
[2019-12-09T03:02:27.326+0000][1][safepoint    ] Leaving safepoint region
[2019-12-09T03:02:27.326+0000][1][safepoint    ] Total time for which application threads were stopped: 0.0000766 seconds, Stopping threads took: 0.0000173 seconds
[2019-12-09T03:02:28.326+0000][1][safepoint    ] Application time: 1.0000758 seconds
[2019-12-09T03:02:28.326+0000][1][safepoint    ] Entering safepoint region: Cleanup
[2019-12-09T03:02:28.326+0000][1][safepoint    ] Leaving safepoint region
[2019-12-09T03:02:28.326+0000][1][safepoint    ] Total time for which application threads were stopped: 0.0000792 seconds, Stopping threads took: 0.0000171 seconds
[2019-12-09T03:02:29.326+0000][1][safepoint    ] Application time: 1.0000754 seconds
[2019-12-09T03:02:29.326+0000][1][safepoint    ] Entering safepoint region: Cleanup
[2019-12-09T03:02:29.326+0000][1][safepoint    ] Leaving safepoint region
[2019-12-09T03:02:29.326+0000][1][safepoint    ] Total time for which application threads were stopped: 0.0000843 seconds, Stopping threads took: 0.0000179 seconds
[2019-12-09T03:02:30.326+0000][1][safepoint    ] Application time: 1.0000748 seconds
[2019-12-09T03:02:30.326+0000][1][safepoint    ] Entering safepoint region: Cleanup
[2019-12-09T03:02:30.326+0000][1][safepoint    ] Leaving safepoint region
[2019-12-09T03:02:30.326+0000][1][safepoint    ] Total time for which application threads were stopped: 0.0000769 seconds, Stopping threads took: 0.0000169 seconds
[2019-12-09T03:02:31.327+0000][1][safepoint    ] Application time: 1.0000752 seconds
[2019-12-09T03:02:31.327+0000][1][safepoint    ] Entering safepoint region: Cleanup
[2019-12-09T03:02:31.327+0000][1][safepoint    ] Leaving safepoint region
[2019-12-09T03:02:31.327+0000][1][safepoint    ] Total time for which application threads were stopped: 0.0000772 seconds, Stopping threads took: 0.0000170 seconds
[2019-12-09T03:02:32.327+0000][1][safepoint    ] Application time: 1.0000764 seconds
[2019-12-09T03:02:32.327+0000][1][safepoint    ] Entering safepoint region: Cleanup
[2019-12-09T03:02:32.327+0000][1][safepoint    ] Leaving safepoint region
[2019-12-09T03:02:32.327+0000][1][safepoint    ] Total time for which application threads were stopped: 0.0000751 seconds, Stopping threads took: 0.0000163 seconds
[2019-12-09T03:02:33.327+0000][1][safepoint    ] Application time: 1.0000744 seconds
[2019-12-09T03:02:33.327+0000][1][safepoint    ] Entering safepoint region: Cleanup
[2019-12-09T03:02:33.327+0000][1][safepoint    ] Leaving safepoint region
[2019-12-09T03:02:33.327+0000][1][safepoint    ] Total time for which application threads were stopped: 0.0000761 seconds, Stopping threads took: 0.0000169 seconds
[2019-12-09T03:02:34.327+0000][1][safepoint    ] Application time: 1.0000746 seconds
[2019-12-09T03:02:34.327+0000][1][safepoint    ] Entering safepoint region: Cleanup
[2019-12-09T03:02:34.327+0000][1][safepoint    ] Leaving safepoint region
[2019-12-09T03:02:34.327+0000][1][safepoint    ] Total time for which application threads were stopped: 0.0000777 seconds, Stopping threads took: 0.0000185 seconds
[2019-12-09T03:02:35.327+0000][1][safepoint    ] Application time: 1.0000788 seconds
[2019-12-09T03:02:35.327+0000][1][safepoint    ] Entering safepoint region: Cleanup
[2019-12-09T03:02:35.327+0000][1][safepoint    ] Leaving safepoint region
[2019-12-09T03:02:35.327+0000][1][safepoint    ] Total time for which application threads were stopped: 0.0000901 seconds, Stopping threads took: 0.0000173 seconds
[2019-12-09T03:02:36.328+0000][1][safepoint    ] Application time: 1.0000735 seconds
[2019-12-09T03:02:36.328+0000][1][safepoint    ] Entering safepoint region: Cleanup
[2019-12-09T03:02:36.328+0000][1][safepoint    ] Leaving safepoint region
[2019-12-09T03:02:36.328+0000][1][safepoint    ] Total time for which application threads were stopped: 0.0000759 seconds, Stopping threads took: 0.0000173 seconds
[2019-12-09T03:02:37.328+0000][1][safepoint    ] Application time: 1.0000757 seconds
[2019-12-09T03:02:37.328+0000][1][safepoint    ] Entering safepoint region: Cleanup
[2019-12-09T03:02:37.328+0000][1][safepoint    ] Leaving safepoint region
[2019-12-09T03:02:37.328+0000][1][safepoint    ] Total time for which application threads were stopped: 0.0000982 seconds, Stopping threads took: 0.0000167 seconds
[2019-12-09T03:02:38.328+0000][1][safepoint    ] Application time: 1.0000758 seconds
[2019-12-09T03:02:38.328+0000][1][safepoint    ] Entering safepoint region: Cleanup
[2019-12-09T03:02:38.328+0000][1][safepoint    ] Leaving safepoint region
[2019-12-09T03:02:38.328+0000][1][safepoint    ] Total time for which application threads were stopped: 0.0000810 seconds, Stopping threads took: 0.0000182 seconds
[2019-12-09T03:02:39.328+0000][1][safepoint    ] Application time: 1.0000760 seconds
[2019-12-09T03:02:39.328+0000][1][safepoint    ] Entering safepoint region: Cleanup
[2019-12-09T03:02:39.328+0000][1][safepoint    ] Leaving safepoint region
[2019-12-09T03:02:39.328+0000][1][safepoint    ] Total time for which application threads were stopped: 0.0000847 seconds, Stopping threads took: 0.0000175 seconds
[2019-12-09T03:02:40.328+0000][1][safepoint    ] Application time: 1.0000773 seconds
[2019-12-09T03:02:40.328+0000][1][safepoint    ] Entering safepoint region: Cleanup
[2019-12-09T03:02:40.328+0000][1][safepoint    ] Leaving safepoint region
[2019-12-09T03:02:40.328+0000][1][safepoint    ] Total time for which application threads were stopped: 0.0000756 seconds, Stopping threads took: 0.0000171 seconds
[2019-12-09T03:02:41.329+0000][1][safepoint    ] Application time: 1.0000763 seconds
[2019-12-09T03:02:41.329+0000][1][safepoint    ] Entering safepoint region: Cleanup
[2019-12-09T03:02:41.329+0000][1][safepoint    ] Leaving safepoint region
[2019-12-09T03:02:41.329+0000][1][safepoint    ] Total time for which application threads were stopped: 0.0000747 seconds, Stopping threads took: 0.0000174 seconds
[2019-12-09T03:02:42.329+0000][1][safepoint    ] Application time: 1.0000886 seconds
[2019-12-09T03:02:42.329+0000][1][safepoint    ] Entering safepoint region: Cleanup
[2019-12-09T03:02:42.329+0000][1][safepoint    ] Leaving safepoint region
[2019-12-09T03:02:42.329+0000][1][safepoint    ] Total time for which application threads were stopped: 0.0000753 seconds, Stopping threads took: 0.0000166 seconds
[2019-12-09T03:02:43.329+0000][1][safepoint    ] Application time: 1.0000754 seconds
[2019-12-09T03:02:43.329+0000][1][safepoint    ] Entering safepoint region: Cleanup
[2019-12-09T03:02:43.329+0000][1][safepoint    ] Leaving safepoint region
[2019-12-09T03:02:43.329+0000][1][safepoint    ] Total time for which application threads were stopped: 0.0000822 seconds, Stopping threads took: 0.0000176 seconds
[2019-12-09T03:02:44.329+0000][1][safepoint    ] Application time: 1.0000765 seconds
[2019-12-09T03:02:44.329+0000][1][safepoint    ] Entering safepoint region: Cleanup
[2019-12-09T03:02:44.329+0000][1][safepoint    ] Leaving safepoint region
[2019-12-09T03:02:44.329+0000][1][safepoint    ] Total time for which application threads were stopped: 0.0000835 seconds, Stopping threads took: 0.0000186 seconds
[2019-12-09T03:02:45.329+0000][1][safepoint    ] Application time: 1.0000766 seconds
[2019-12-09T03:02:45.329+0000][1][safepoint    ] Entering safepoint region: Cleanup
[2019-12-09T03:02:45.329+0000][1][safepoint    ] Leaving safepoint region
[2019-12-09T03:02:45.329+0000][1][safepoint    ] Total time for which application threads were stopped: 0.0000741 seconds, Stopping threads took: 0.0000166 seconds
[2019-12-09T03:02:46.330+0000][1][safepoint    ] Application time: 1.0000758 seconds
[2019-12-09T03:02:46.330+0000][1][safepoint    ] Entering safepoint region: Cleanup
[2019-12-09T03:02:46.330+0000][1][safepoint    ] Leaving safepoint region
[2019-12-09T03:02:46.330+0000][1][safepoint    ] Total time for which application threads were stopped: 0.0000758 seconds, Stopping threads took: 0.0000167 seconds
[2019-12-09T03:02:47.330+0000][1][safepoint    ] Application time: 1.0000756 seconds
[2019-12-09T03:02:47.330+0000][1][safepoint    ] Entering safepoint region: Cleanup
[2019-12-09T03:02:47.330+0000][1][safepoint    ] Leaving safepoint region
[2019-12-09T03:02:47.330+0000][1][safepoint    ] Total time for which application threads were stopped: 0.0000766 seconds, Stopping threads took: 0.0000165 seconds
[2019-12-09T03:02:48.330+0000][1][safepoint    ] Application time: 1.0000756 seconds
[2019-12-09T03:02:48.330+0000][1][safepoint    ] Entering safepoint region: Cleanup
[2019-12-09T03:02:48.330+0000][1][safepoint    ] Leaving safepoint region
[2019-12-09T03:02:48.330+0000][1][safepoint    ] Total time for which application threads were stopped: 0.0000784 seconds, Stopping threads took: 0.0000180 seconds
[2019-12-09T03:02:49.330+0000][1][safepoint    ] Application time: 1.0000767 seconds
[2019-12-09T03:02:49.330+0000][1][safepoint    ] Entering safepoint region: Cleanup
[2019-12-09T03:02:49.330+0000][1][safepoint    ] Leaving safepoint region
[2019-12-09T03:02:49.330+0000][1][safepoint    ] Total time for which application threads were stopped: 0.0000931 seconds, Stopping threads took: 0.0000179 seconds
[2019-12-09T03:02:50.330+0000][1][safepoint    ] Application time: 1.0000757 seconds
[2019-12-09T03:02:50.330+0000][1][safepoint    ] Entering safepoint region: Cleanup
[2019-12-09T03:02:50.330+0000][1][safepoint    ] Leaving safepoint region
[2019-12-09T03:02:50.330+0000][1][safepoint    ] Total time for which application threads were stopped: 0.0000774 seconds, Stopping threads took: 0.0000181 seconds
[2019-12-09T03:02:51.331+0000][1][safepoint    ] Application time: 1.0000760 seconds
[2019-12-09T03:02:51.331+0000][1][safepoint    ] Entering safepoint region: Cleanup
[2019-12-09T03:02:51.331+0000][1][safepoint    ] Leaving safepoint region
[2019-12-09T03:02:51.331+0000][1][safepoint    ] Total time for which application threads were stopped: 0.0000748 seconds, Stopping threads took: 0.0000170 seconds
[2019-12-09T03:02:52.331+0000][1][safepoint    ] Application time: 1.0000753 seconds
[2019-12-09T03:02:52.331+0000][1][safepoint    ] Entering safepoint region: Cleanup
[2019-12-09T03:02:52.331+0000][1][safepoint    ] Leaving safepoint region
[2019-12-09T03:02:52.331+0000][1][safepoint    ] Total time for which application threads were stopped: 0.0000844 seconds, Stopping threads took: 0.0000171 seconds
[2019-12-09T03:02:53.331+0000][1][safepoint    ] Application time: 1.0000765 seconds
[2019-12-09T03:02:53.331+0000][1][safepoint    ] Entering safepoint region: Cleanup
[2019-12-09T03:02:53.331+0000][1][safepoint    ] Leaving safepoint region
[2019-12-09T03:02:53.331+0000][1][safepoint    ] Total time for which application threads were stopped: 0.0000882 seconds, Stopping threads took: 0.0000249 seconds
[2019-12-09T03:02:54.331+0000][1][safepoint    ] Application time: 1.0000759 seconds
[2019-12-09T03:02:54.331+0000][1][safepoint    ] Entering safepoint region: Cleanup
[2019-12-09T03:02:54.331+0000][1][safepoint    ] Leaving safepoint region
[2019-12-09T03:02:54.331+0000][1][safepoint    ] Total time for which application threads were stopped: 0.0000812 seconds, Stopping threads took: 0.0000172 seconds
[2019-12-09T03:02:55.331+0000][1][safepoint    ] Application time: 1.0000755 seconds
[2019-12-09T03:02:55.331+0000][1][safepoint    ] Entering safepoint region: Cleanup
[2019-12-09T03:02:55.331+0000][1][safepoint    ] Leaving safepoint region
[2019-12-09T03:02:55.331+0000][1][safepoint    ] Total time for which application threads were stopped: 0.0000758 seconds, Stopping threads took: 0.0000161 seconds
[2019-12-09T03:02:56.332+0000][1][safepoint    ] Application time: 1.0000776 seconds
[2019-12-09T03:02:56.332+0000][1][safepoint    ] Entering safepoint region: Cleanup
[2019-12-09T03:02:56.332+0000][1][safepoint    ] Leaving safepoint region
[2019-12-09T03:02:56.332+0000][1][safepoint    ] Total time for which application threads were stopped: 0.0000774 seconds, Stopping threads took: 0.0000180 seconds
[2019-12-09T03:02:57.332+0000][1][safepoint    ] Application time: 1.0000765 seconds
[2019-12-09T03:02:57.332+0000][1][safepoint    ] Entering safepoint region: Cleanup
[2019-12-09T03:02:57.332+0000][1][safepoint    ] Leaving safepoint region
[2019-12-09T03:02:57.332+0000][1][safepoint    ] Total time for which application threads were stopped: 0.0000788 seconds, Stopping threads took: 0.0000177 seconds
[2019-12-09T03:02:58.332+0000][1][safepoint    ] Application time: 1.0000783 seconds
[2019-12-09T03:02:58.332+0000][1][safepoint    ] Entering safepoint region: Cleanup
[2019-12-09T03:02:58.332+0000][1][safepoint    ] Leaving safepoint region
[2019-12-09T03:02:58.332+0000][1][safepoint    ] Total time for which application threads were stopped: 0.0000776 seconds, Stopping threads took: 0.0000176 seconds
[2019-12-09T03:02:59.332+0000][1][safepoint    ] Application time: 1.0000767 seconds
[2019-12-09T03:02:59.332+0000][1][safepoint    ] Entering safepoint region: Cleanup
[2019-12-09T03:02:59.332+0000][1][safepoint    ] Leaving safepoint region
[2019-12-09T03:02:59.332+0000][1][safepoint    ] Total time for which application threads were stopped: 0.0000806 seconds, Stopping threads took: 0.0000176 seconds
[2019-12-09T03:03:00.332+0000][1][safepoint    ] Application time: 1.0000753 seconds
[2019-12-09T03:03:00.332+0000][1][safepoint    ] Entering safepoint region: Cleanup
[2019-12-09T03:03:00.332+0000][1][safepoint    ] Leaving safepoint region
[2019-12-09T03:03:00.332+0000][1][safepoint    ] Total time for which application threads were stopped: 0.0000768 seconds, Stopping threads took: 0.0000171 seconds
[2019-12-09T03:03:01.333+0000][1][safepoint    ] Application time: 1.0000757 seconds
[2019-12-09T03:03:01.333+0000][1][safepoint    ] Entering safepoint region: Cleanup
[2019-12-09T03:03:01.333+0000][1][safepoint    ] Leaving safepoint region
[2019-12-09T03:03:01.333+0000][1][safepoint    ] Total time for which application threads were stopped: 0.0000776 seconds, Stopping threads took: 0.0000177 seconds
[2019-12-09T03:03:02.333+0000][1][safepoint    ] Application time: 1.0000775 seconds
[2019-12-09T03:03:02.333+0000][1][safepoint    ] Entering safepoint region: Cleanup
[2019-12-09T03:03:02.333+0000][1][safepoint    ] Leaving safepoint region
[2019-12-09T03:03:02.333+0000][1][safepoint    ] Total time for which application threads were stopped: 0.0000835 seconds, Stopping threads took: 0.0000185 seconds
[2019-12-09T03:03:03.333+0000][1][safepoint    ] Application time: 1.0000778 seconds
[2019-12-09T03:03:03.333+0000][1][safepoint    ] Entering safepoint region: Cleanup
[2019-12-09T03:03:03.333+0000][1][safepoint    ] Leaving safepoint region
[2019-12-09T03:03:03.333+0000][1][safepoint    ] Total time for which application threads were stopped: 0.0000819 seconds, Stopping threads took: 0.0000176 seconds
[2019-12-09T03:03:04.333+0000][1][safepoint    ] Application time: 1.0000781 seconds
[2019-12-09T03:03:04.333+0000][1][safepoint    ] Entering safepoint region: Cleanup
[2019-12-09T03:03:04.333+0000][1][safepoint    ] Leaving safepoint region
[2019-12-09T03:03:04.333+0000][1][safepoint    ] Total time for which application threads were stopped: 0.0000757 seconds, Stopping threads took: 0.0000169 seconds
[2019-12-09T03:03:05.333+0000][1][safepoint    ] Application time: 1.0000772 seconds
[2019-12-09T03:03:05.333+0000][1][safepoint    ] Entering safepoint region: Cleanup
[2019-12-09T03:03:05.333+0000][1][safepoint    ] Leaving safepoint region
[2019-12-09T03:03:05.333+0000][1][safepoint    ] Total time for which application threads were stopped: 0.0000767 seconds, Stopping threads took: 0.0000171 seconds
[2019-12-09T03:03:06.334+0000][1][safepoint    ] Application time: 1.0000767 seconds
[2019-12-09T03:03:06.334+0000][1][safepoint    ] Entering safepoint region: Cleanup
[2019-12-09T03:03:06.334+0000][1][safepoint    ] Leaving safepoint region
[2019-12-09T03:03:06.334+0000][1][safepoint    ] Total time for which application threads were stopped: 0.0000764 seconds, Stopping threads took: 0.0000175 seconds
[2019-12-09T03:03:07.334+0000][1][safepoint    ] Application time: 1.0000766 seconds
[2019-12-09T03:03:07.334+0000][1][safepoint    ] Entering safepoint region: Cleanup
[2019-12-09T03:03:07.334+0000][1][safepoint    ] Leaving safepoint region
[2019-12-09T03:03:07.334+0000][1][safepoint    ] Total time for which application threads were stopped: 0.0000778 seconds, Stopping threads took: 0.0000171 seconds
[2019-12-09T03:03:08.334+0000][1][safepoint    ] Application time: 1.0000791 seconds
[2019-12-09T03:03:08.334+0000][1][safepoint    ] Entering safepoint region: Cleanup
[2019-12-09T03:03:08.334+0000][1][safepoint    ] Leaving safepoint region
[2019-12-09T03:03:08.334+0000][1][safepoint    ] Total time for which application threads were stopped: 0.0000772 seconds, Stopping threads took: 0.0000184 seconds
[2019-12-09T03:03:09.334+0000][1][safepoint    ] Application time: 1.0000771 seconds
[2019-12-09T03:03:09.334+0000][1][safepoint    ] Entering safepoint region: Cleanup
[2019-12-09T03:03:09.334+0000][1][safepoint    ] Leaving safepoint region
[2019-12-09T03:03:09.334+0000][1][safepoint    ] Total time for which application threads were stopped: 0.0000758 seconds, Stopping threads took: 0.0000167 seconds
[2019-12-09T03:03:10.334+0000][1][safepoint    ] Application time: 1.0000763 seconds
[2019-12-09T03:03:10.334+0000][1][safepoint    ] Entering safepoint region: Cleanup
[2019-12-09T03:03:10.334+0000][1][safepoint    ] Leaving safepoint region
[2019-12-09T03:03:10.334+0000][1][safepoint    ] Total time for which application threads were stopped: 0.0000765 seconds, Stopping threads took: 0.0000179 seconds
[2019-12-09T03:03:11.335+0000][1][safepoint    ] Application time: 1.0000763 seconds
[2019-12-09T03:03:11.335+0000][1][safepoint    ] Entering safepoint region: Cleanup
[2019-12-09T03:03:11.335+0000][1][safepoint    ] Leaving safepoint region
[2019-12-09T03:03:11.335+0000][1][safepoint    ] Total time for which application threads were stopped: 0.0000744 seconds, Stopping threads took: 0.0000168 seconds
[2019-12-09T03:03:12.335+0000][1][safepoint    ] Application time: 1.0000751 seconds
[2019-12-09T03:03:12.335+0000][1][safepoint    ] Entering safepoint region: Cleanup
[2019-12-09T03:03:12.335+0000][1][safepoint    ] Leaving safepoint region
[2019-12-09T03:03:12.335+0000][1][safepoint    ] Total time for which application threads were stopped: 0.0000779 seconds, Stopping threads took: 0.0000177 seconds
[2019-12-09T03:03:13.335+0000][1][safepoint    ] Application time: 1.0000755 seconds
[2019-12-09T03:03:13.335+0000][1][safepoint    ] Entering safepoint region: Cleanup
[2019-12-09T03:03:13.335+0000][1][safepoint    ] Leaving safepoint region
[2019-12-09T03:03:13.335+0000][1][safepoint    ] Total time for which application threads were stopped: 0.0000918 seconds, Stopping threads took: 0.0000170 seconds
[2019-12-09T03:03:14.335+0000][1][safepoint    ] Application time: 1.0000763 seconds
[2019-12-09T03:03:14.335+0000][1][safepoint    ] Entering safepoint region: Cleanup
[2019-12-09T03:03:14.335+0000][1][safepoint    ] Leaving safepoint region
[2019-12-09T03:03:14.335+0000][1][safepoint    ] Total time for which application threads were stopped: 0.0000783 seconds, Stopping threads took: 0.0000169 seconds
[2019-12-09T03:03:15.335+0000][1][safepoint    ] Application time: 1.0000758 seconds
[2019-12-09T03:03:15.335+0000][1][safepoint    ] Entering safepoint region: Cleanup
[2019-12-09T03:03:15.335+0000][1][safepoint    ] Leaving safepoint region
[2019-12-09T03:03:15.335+0000][1][safepoint    ] Total time for which application threads were stopped: 0.0000751 seconds, Stopping threads took: 0.0000172 seconds
[2019-12-09T03:03:16.336+0000][1][safepoint    ] Application time: 1.0000794 seconds
[2019-12-09T03:03:16.336+0000][1][safepoint    ] Entering safepoint region: Cleanup
[2019-12-09T03:03:16.336+0000][1][safepoint    ] Leaving safepoint region
[2019-12-09T03:03:16.336+0000][1][safepoint    ] Total time for which application threads were stopped: 0.0000768 seconds, Stopping threads took: 0.0000185 seconds
[2019-12-09T03:03:17.336+0000][1][safepoint    ] Application time: 1.0000781 seconds
[2019-12-09T03:03:17.336+0000][1][safepoint    ] Entering safepoint region: Cleanup
[2019-12-09T03:03:17.336+0000][1][safepoint    ] Leaving safepoint region
[2019-12-09T03:03:17.336+0000][1][safepoint    ] Total time for which application threads were stopped: 0.0000780 seconds, Stopping threads took: 0.0000175 seconds
[2019-12-09T03:03:18.336+0000][1][safepoint    ] Application time: 1.0005291 seconds
[2019-12-09T03:03:18.336+0000][1][safepoint    ] Entering safepoint region: Cleanup
[2019-12-09T03:03:18.337+0000][1][safepoint    ] Leaving safepoint region
[2019-12-09T03:03:18.337+0000][1][safepoint    ] Total time for which application threads were stopped: 0.0001082 seconds, Stopping threads took: 0.0000235 seconds
[2019-12-09T03:03:19.337+0000][1][safepoint    ] Application time: 1.0000832 seconds
[2019-12-09T03:03:19.337+0000][1][safepoint    ] Entering safepoint region: Cleanup
[2019-12-09T03:03:19.337+0000][1][safepoint    ] Leaving safepoint region
[2019-12-09T03:03:19.337+0000][1][safepoint    ] Total time for which application threads were stopped: 0.0001126 seconds, Stopping threads took: 0.0000231 seconds
[2019-12-09T03:03:20.338+0000][1][safepoint    ] Application time: 1.0009323 seconds
[2019-12-09T03:03:20.338+0000][1][safepoint    ] Entering safepoint region: Cleanup
[2019-12-09T03:03:20.338+0000][1][safepoint    ] Leaving safepoint region
[2019-12-09T03:03:20.338+0000][1][safepoint    ] Total time for which application threads were stopped: 0.0000996 seconds, Stopping threads took: 0.0000228 seconds
[2019-12-09T03:03:21.342+0000][1][safepoint    ] Application time: 1.0037277 seconds
[2019-12-09T03:03:21.342+0000][1][safepoint    ] Entering safepoint region: Cleanup
[2019-12-09T03:03:21.342+0000][1][safepoint    ] Leaving safepoint region
[2019-12-09T03:03:21.342+0000][1][safepoint    ] Total time for which application threads were stopped: 0.0001304 seconds, Stopping threads took: 0.0000333 seconds
[2019-12-09T03:03:22.344+0000][1][safepoint    ] Application time: 1.0019231 seconds
[2019-12-09T03:03:22.344+0000][1][safepoint    ] Entering safepoint region: Cleanup
[2019-12-09T03:03:22.344+0000][1][safepoint    ] Leaving safepoint region
[2019-12-09T03:03:22.344+0000][1][safepoint    ] Total time for which application threads were stopped: 0.0000844 seconds, Stopping threads took: 0.0000190 seconds
[2019-12-09T03:03:23.344+0000][1][safepoint    ] Application time: 1.0000794 seconds
[2019-12-09T03:03:23.344+0000][1][safepoint    ] Entering safepoint region: Cleanup
[2019-12-09T03:03:23.344+0000][1][safepoint    ] Leaving safepoint region
[2019-12-09T03:03:23.344+0000][1][safepoint    ] Total time for which application threads were stopped: 0.0000793 seconds, Stopping threads took: 0.0000207 seconds
[2019-12-09T03:03:24.344+0000][1][safepoint    ] Application time: 1.0000789 seconds
[2019-12-09T03:03:24.344+0000][1][safepoint    ] Entering safepoint region: Cleanup
[2019-12-09T03:03:24.344+0000][1][safepoint    ] Leaving safepoint region
[2019-12-09T03:03:24.344+0000][1][safepoint    ] Total time for which application threads were stopped: 0.0000855 seconds, Stopping threads took: 0.0000238 seconds
[2019-12-09T03:03:25.344+0000][1][safepoint    ] Application time: 1.0000771 seconds
[2019-12-09T03:03:25.344+0000][1][safepoint    ] Entering safepoint region: Cleanup
[2019-12-09T03:03:25.344+0000][1][safepoint    ] Leaving safepoint region
[2019-12-09T03:03:25.344+0000][1][safepoint    ] Total time for which application threads were stopped: 0.0000836 seconds, Stopping threads took: 0.0000241 seconds
[2019-12-09T03:03:26.345+0000][1][safepoint    ] Application time: 1.0000777 seconds
[2019-12-09T03:03:26.345+0000][1][safepoint    ] Entering safepoint region: Cleanup
[2019-12-09T03:03:26.345+0000][1][safepoint    ] Leaving safepoint region
[2019-12-09T03:03:26.345+0000][1][safepoint    ] Total time for which application threads were stopped: 0.0000772 seconds, Stopping threads took: 0.0000185 seconds
[2019-12-09T03:03:27.345+0000][1][safepoint    ] Application time: 1.0000769 seconds
[2019-12-09T03:03:27.345+0000][1][safepoint    ] Entering safepoint region: Cleanup
[2019-12-09T03:03:27.345+0000][1][safepoint    ] Leaving safepoint region
[2019-12-09T03:03:27.345+0000][1][safepoint    ] Total time for which application threads were stopped: 0.0000769 seconds, Stopping threads took: 0.0000173 seconds
[2019-12-09T03:03:28.345+0000][1][safepoint    ] Application time: 1.0000803 seconds
[2019-12-09T03:03:28.345+0000][1][safepoint    ] Entering safepoint region: Cleanup
[2019-12-09T03:03:28.345+0000][1][safepoint    ] Leaving safepoint region
[2019-12-09T03:03:28.345+0000][1][safepoint    ] Total time for which application threads were stopped: 0.0000749 seconds, Stopping threads took: 0.0000166 seconds
[2019-12-09T03:03:29.345+0000][1][safepoint    ] Application time: 1.0000756 seconds
[2019-12-09T03:03:29.345+0000][1][safepoint    ] Entering safepoint region: Cleanup
[2019-12-09T03:03:29.345+0000][1][safepoint    ] Leaving safepoint region
[2019-12-09T03:03:29.345+0000][1][safepoint    ] Total time for which application threads were stopped: 0.0000809 seconds, Stopping threads took: 0.0000172 seconds
[2019-12-09T03:03:30.345+0000][1][safepoint    ] Application time: 1.0000776 seconds
[2019-12-09T03:03:30.345+0000][1][safepoint    ] Entering safepoint region: Cleanup
[2019-12-09T03:03:30.345+0000][1][safepoint    ] Leaving safepoint region
[2019-12-09T03:03:30.345+0000][1][safepoint    ] Total time for which application threads were stopped: 0.0000777 seconds, Stopping threads took: 0.0000175 seconds
[2019-12-09T03:03:31.346+0000][1][safepoint    ] Application time: 1.0000764 seconds
[2019-12-09T03:03:31.346+0000][1][safepoint    ] Entering safepoint region: Cleanup
[2019-12-09T03:03:31.346+0000][1][safepoint    ] Leaving safepoint region
[2019-12-09T03:03:31.346+0000][1][safepoint    ] Total time for which application threads were stopped: 0.0000771 seconds, Stopping threads took: 0.0000179 seconds
[2019-12-09T03:03:32.346+0000][1][safepoint    ] Application time: 1.0000768 seconds
[2019-12-09T03:03:32.346+0000][1][safepoint    ] Entering safepoint region: Cleanup
[2019-12-09T03:03:32.346+0000][1][safepoint    ] Leaving safepoint region
[2019-12-09T03:03:32.346+0000][1][safepoint    ] Total time for which application threads were stopped: 0.0000752 seconds, Stopping threads took: 0.0000170 seconds
[2019-12-09T03:03:33.346+0000][1][safepoint    ] Application time: 1.0000824 seconds
[2019-12-09T03:03:33.346+0000][1][safepoint    ] Entering safepoint region: Cleanup
[2019-12-09T03:03:33.346+0000][1][safepoint    ] Leaving safepoint region
[2019-12-09T03:03:33.346+0000][1][safepoint    ] Total time for which application threads were stopped: 0.0001077 seconds, Stopping threads took: 0.0000237 seconds
[2019-12-09T03:03:34.346+0000][1][safepoint    ] Application time: 1.0000746 seconds
[2019-12-09T03:03:34.346+0000][1][safepoint    ] Entering safepoint region: Cleanup
[2019-12-09T03:03:34.346+0000][1][safepoint    ] Leaving safepoint region
[2019-12-09T03:03:34.346+0000][1][safepoint    ] Total time for which application threads were stopped: 0.0000776 seconds, Stopping threads took: 0.0000172 seconds
[2019-12-09T03:03:35.346+0000][1][safepoint    ] Application time: 1.0000757 seconds
[2019-12-09T03:03:35.346+0000][1][safepoint    ] Entering safepoint region: Cleanup
[2019-12-09T03:03:35.346+0000][1][safepoint    ] Leaving safepoint region
[2019-12-09T03:03:35.346+0000][1][safepoint    ] Total time for which application threads were stopped: 0.0000776 seconds, Stopping threads took: 0.0000182 seconds
[2019-12-09T03:03:36.347+0000][1][safepoint    ] Application time: 1.0000765 seconds
[2019-12-09T03:03:36.347+0000][1][safepoint    ] Entering safepoint region: Cleanup
[2019-12-09T03:03:36.347+0000][1][safepoint    ] Leaving safepoint region
[2019-12-09T03:03:36.347+0000][1][safepoint    ] Total time for which application threads were stopped: 0.0000773 seconds, Stopping threads took: 0.0000178 seconds
[2019-12-09T03:03:37.347+0000][1][safepoint    ] Application time: 1.0000881 seconds
[2019-12-09T03:03:37.347+0000][1][safepoint    ] Entering safepoint region: Cleanup
[2019-12-09T03:03:37.347+0000][1][safepoint    ] Leaving safepoint region
[2019-12-09T03:03:37.347+0000][1][safepoint    ] Total time for which application threads were stopped: 0.0000934 seconds, Stopping threads took: 0.0000176 seconds
[2019-12-09T03:03:38.347+0000][1][safepoint    ] Application time: 1.0000778 seconds
[2019-12-09T03:03:38.347+0000][1][safepoint    ] Entering safepoint region: Cleanup
[2019-12-09T03:03:38.347+0000][1][safepoint    ] Leaving safepoint region
[2019-12-09T03:03:38.347+0000][1][safepoint    ] Total time for which application threads were stopped: 0.0000799 seconds, Stopping threads took: 0.0000178 seconds
[2019-12-09T03:03:39.347+0000][1][safepoint    ] Application time: 1.0000763 seconds
[2019-12-09T03:03:39.347+0000][1][safepoint    ] Entering safepoint region: Cleanup
[2019-12-09T03:03:39.347+0000][1][safepoint    ] Leaving safepoint region
[2019-12-09T03:03:39.347+0000][1][safepoint    ] Total time for which application threads were stopped: 0.0000796 seconds, Stopping threads took: 0.0000165 seconds
[2019-12-09T03:03:40.347+0000][1][safepoint    ] Application time: 1.0000750 seconds
[2019-12-09T03:03:40.347+0000][1][safepoint    ] Entering safepoint region: Cleanup
[2019-12-09T03:03:40.347+0000][1][safepoint    ] Leaving safepoint region
[2019-12-09T03:03:40.347+0000][1][safepoint    ] Total time for which application threads were stopped: 0.0000753 seconds, Stopping threads took: 0.0000170 seconds
[2019-12-09T03:03:41.348+0000][1][safepoint    ] Application time: 1.0000764 seconds
[2019-12-09T03:03:41.348+0000][1][safepoint    ] Entering safepoint region: Cleanup
[2019-12-09T03:03:41.348+0000][1][safepoint    ] Leaving safepoint region
[2019-12-09T03:03:41.348+0000][1][safepoint    ] Total time for which application threads were stopped: 0.0000900 seconds, Stopping threads took: 0.0000175 seconds
[2019-12-09T03:03:42.348+0000][1][safepoint    ] Application time: 1.0000749 seconds
[2019-12-09T03:03:42.348+0000][1][safepoint    ] Entering safepoint region: Cleanup
[2019-12-09T03:03:42.348+0000][1][safepoint    ] Leaving safepoint region
[2019-12-09T03:03:42.348+0000][1][safepoint    ] Total time for which application threads were stopped: 0.0000789 seconds, Stopping threads took: 0.0000186 seconds
[2019-12-09T03:03:43.348+0000][1][safepoint    ] Application time: 1.0000741 seconds
[2019-12-09T03:03:43.348+0000][1][safepoint    ] Entering safepoint region: Cleanup
[2019-12-09T03:03:43.348+0000][1][safepoint    ] Leaving safepoint region
[2019-12-09T03:03:43.348+0000][1][safepoint    ] Total time for which application threads were stopped: 0.0000775 seconds, Stopping threads took: 0.0000187 seconds
[2019-12-09T03:03:44.348+0000][1][safepoint    ] Application time: 1.0000749 seconds
[2019-12-09T03:03:44.348+0000][1][safepoint    ] Entering safepoint region: Cleanup
[2019-12-09T03:03:44.348+0000][1][safepoint    ] Leaving safepoint region
[2019-12-09T03:03:44.348+0000][1][safepoint    ] Total time for which application threads were stopped: 0.0000820 seconds, Stopping threads took: 0.0000179 seconds
[2019-12-09T03:03:45.348+0000][1][safepoint    ] Application time: 1.0000741 seconds
[2019-12-09T03:03:45.348+0000][1][safepoint    ] Entering safepoint region: Cleanup
[2019-12-09T03:03:45.348+0000][1][safepoint    ] Leaving safepoint region
[2019-12-09T03:03:45.348+0000][1][safepoint    ] Total time for which application threads were stopped: 0.0000762 seconds, Stopping threads took: 0.0000175 seconds
[2019-12-09T03:03:46.349+0000][1][safepoint    ] Application time: 1.0000762 seconds
[2019-12-09T03:03:46.349+0000][1][safepoint    ] Entering safepoint region: Cleanup
[2019-12-09T03:03:46.349+0000][1][safepoint    ] Leaving safepoint region
[2019-12-09T03:03:46.349+0000][1][safepoint    ] Total time for which application threads were stopped: 0.0000904 seconds, Stopping threads took: 0.0000186 seconds
[2019-12-09T03:03:47.349+0000][1][safepoint    ] Application time: 1.0000758 seconds
[2019-12-09T03:03:47.349+0000][1][safepoint    ] Entering safepoint region: Cleanup
[2019-12-09T03:03:47.349+0000][1][safepoint    ] Leaving safepoint region
[2019-12-09T03:03:47.349+0000][1][safepoint    ] Total time for which application threads were stopped: 0.0000799 seconds, Stopping threads took: 0.0000178 seconds
[2019-12-09T03:03:47.360+0000][1][safepoint    ] Application time: 0.0108252 seconds
[2019-12-09T03:03:47.360+0000][1][safepoint    ] Entering safepoint region: GenCollectForAllocation
[2019-12-09T03:03:47.360+0000][1][gc,start     ] GC(28) Pause Young (Allocation Failure)
[2019-12-09T03:03:47.360+0000][1][gc,task      ] GC(28) Using 2 workers of 2 for evacuation
[2019-12-09T03:03:47.365+0000][1][gc,age       ] GC(28) Desired survivor size 4456448 bytes, new threshold 6 (max threshold 6)
[2019-12-09T03:03:47.365+0000][1][gc,age       ] GC(28) Age table with threshold 6 (max threshold 6)
[2019-12-09T03:03:47.365+0000][1][gc,age       ] GC(28) - age   1:       6480 bytes,       6480 total
[2019-12-09T03:03:47.365+0000][1][gc,age       ] GC(28) - age   2:       3752 bytes,      10232 total
[2019-12-09T03:03:47.365+0000][1][gc,age       ] GC(28) - age   3:       3096 bytes,      13328 total
[2019-12-09T03:03:47.365+0000][1][gc,age       ] GC(28) - age   4:       4376 bytes,      17704 total
[2019-12-09T03:03:47.365+0000][1][gc,age       ] GC(28) - age   5:      21408 bytes,      39112 total
[2019-12-09T03:03:47.365+0000][1][gc,age       ] GC(28) - age   6:    1769280 bytes,    1808392 total
[2019-12-09T03:03:47.365+0000][1][gc,heap      ] GC(28) ParNew: 72630K->2654K(78656K)
[2019-12-09T03:03:47.365+0000][1][gc,heap      ] GC(28) CMS: 68331K->68331K(174784K)
[2019-12-09T03:03:47.365+0000][1][gc,metaspace ] GC(28) Metaspace: 69009K->69009K(1112064K)
[2019-12-09T03:03:47.365+0000][1][gc           ] GC(28) Pause Young (Allocation Failure) 137M->69M(247M) 5.616ms
[2019-12-09T03:03:47.365+0000][1][gc,cpu       ] GC(28) User=0.01s Sys=0.00s Real=0.01s
[2019-12-09T03:03:47.365+0000][1][safepoint    ] Leaving safepoint region
[2019-12-09T03:03:47.365+0000][1][safepoint    ] Total time for which application threads were stopped: 0.0057494 seconds, Stopping threads took: 0.0000128 seconds
[2019-12-09T03:03:48.366+0000][1][safepoint    ] Application time: 1.0000883 seconds
[2019-12-09T03:03:48.366+0000][1][safepoint    ] Entering safepoint region: Cleanup
[2019-12-09T03:03:48.366+0000][1][safepoint    ] Leaving safepoint region
[2019-12-09T03:03:48.366+0000][1][safepoint    ] Total time for which application threads were stopped: 0.0000948 seconds, Stopping threads took: 0.0000178 seconds
[2019-12-09T03:03:49.366+0000][1][safepoint    ] Application time: 1.0000766 seconds
[2019-12-09T03:03:49.366+0000][1][safepoint    ] Entering safepoint region: Cleanup
[2019-12-09T03:03:49.366+0000][1][safepoint    ] Leaving safepoint region
[2019-12-09T03:03:49.366+0000][1][safepoint    ] Total time for which application threads were stopped: 0.0000806 seconds, Stopping threads took: 0.0000174 seconds
[2019-12-09T03:03:50.366+0000][1][safepoint    ] Application time: 1.0000772 seconds
[2019-12-09T03:03:50.366+0000][1][safepoint    ] Entering safepoint region: Cleanup
[2019-12-09T03:03:50.366+0000][1][safepoint    ] Leaving safepoint region
[2019-12-09T03:03:50.366+0000][1][safepoint    ] Total time for which application threads were stopped: 0.0000753 seconds, Stopping threads took: 0.0000178 seconds
[2019-12-09T03:03:51.366+0000][1][safepoint    ] Application time: 1.0000767 seconds
[2019-12-09T03:03:51.366+0000][1][safepoint    ] Entering safepoint region: Cleanup
[2019-12-09T03:03:51.366+0000][1][safepoint    ] Leaving safepoint region
[2019-12-09T03:03:51.366+0000][1][safepoint    ] Total time for which application threads were stopped: 0.0000768 seconds, Stopping threads took: 0.0000177 seconds
[2019-12-09T03:03:52.366+0000][1][safepoint    ] Application time: 1.0000821 seconds
[2019-12-09T03:03:52.366+0000][1][safepoint    ] Entering safepoint region: Cleanup
[2019-12-09T03:03:52.367+0000][1][safepoint    ] Leaving safepoint region
[2019-12-09T03:03:52.367+0000][1][safepoint    ] Total time for which application threads were stopped: 0.0001144 seconds, Stopping threads took: 0.0000487 seconds
[2019-12-09T03:03:53.367+0000][1][safepoint    ] Application time: 1.0000840 seconds
[2019-12-09T03:03:53.367+0000][1][safepoint    ] Entering safepoint region: Cleanup
[2019-12-09T03:03:53.367+0000][1][safepoint    ] Leaving safepoint region
[2019-12-09T03:03:53.367+0000][1][safepoint    ] Total time for which application threads were stopped: 0.0000819 seconds, Stopping threads took: 0.0000219 seconds
[2019-12-09T03:03:54.367+0000][1][safepoint    ] Application time: 1.0000817 seconds
[2019-12-09T03:03:54.367+0000][1][safepoint    ] Entering safepoint region: Cleanup
[2019-12-09T03:03:54.367+0000][1][safepoint    ] Leaving safepoint region
[2019-12-09T03:03:54.367+0000][1][safepoint    ] Total time for which application threads were stopped: 0.0001084 seconds, Stopping threads took: 0.0000267 seconds
[2019-12-09T03:03:55.367+0000][1][safepoint    ] Application time: 1.0000757 seconds
[2019-12-09T03:03:55.367+0000][1][safepoint    ] Entering safepoint region: Cleanup
[2019-12-09T03:03:55.367+0000][1][safepoint    ] Leaving safepoint region
[2019-12-09T03:03:55.367+0000][1][safepoint    ] Total time for which application threads were stopped: 0.0000904 seconds, Stopping threads took: 0.0000236 seconds
[2019-12-09T03:03:56.367+0000][1][safepoint    ] Application time: 1.0000850 seconds
[2019-12-09T03:03:56.367+0000][1][safepoint    ] Entering safepoint region: Cleanup
[2019-12-09T03:03:56.367+0000][1][safepoint    ] Leaving safepoint region
[2019-12-09T03:03:56.367+0000][1][safepoint    ] Total time for which application threads were stopped: 0.0000855 seconds, Stopping threads took: 0.0000190 seconds
[2019-12-09T03:03:57.368+0000][1][safepoint    ] Application time: 1.0000769 seconds
[2019-12-09T03:03:57.368+0000][1][safepoint    ] Entering safepoint region: Cleanup
[2019-12-09T03:03:57.368+0000][1][safepoint    ] Leaving safepoint region
[2019-12-09T03:03:57.368+0000][1][safepoint    ] Total time for which application threads were stopped: 0.0000786 seconds, Stopping threads took: 0.0000177 seconds
[2019-12-09T03:03:58.368+0000][1][safepoint    ] Application time: 1.0000489 seconds
[2019-12-09T03:03:58.368+0000][1][safepoint    ] Entering safepoint region: Cleanup
[2019-12-09T03:03:58.368+0000][1][safepoint    ] Leaving safepoint region
[2019-12-09T03:03:58.368+0000][1][safepoint    ] Total time for which application threads were stopped: 0.0000785 seconds, Stopping threads took: 0.0000182 seconds
[2019-12-09T03:03:59.368+0000][1][safepoint    ] Application time: 1.0000749 seconds
[2019-12-09T03:03:59.368+0000][1][safepoint    ] Entering safepoint region: Cleanup
[2019-12-09T03:03:59.368+0000][1][safepoint    ] Leaving safepoint region
[2019-12-09T03:03:59.368+0000][1][safepoint    ] Total time for which application threads were stopped: 0.0000783 seconds, Stopping threads took: 0.0000186 seconds
[2019-12-09T03:04:00.368+0000][1][safepoint    ] Application time: 1.0000757 seconds
[2019-12-09T03:04:00.368+0000][1][safepoint    ] Entering safepoint region: Cleanup
[2019-12-09T03:04:00.368+0000][1][safepoint    ] Leaving safepoint region
[2019-12-09T03:04:00.368+0000][1][safepoint    ] Total time for which application threads were stopped: 0.0000791 seconds, Stopping threads took: 0.0000187 seconds
[2019-12-09T03:04:01.368+0000][1][safepoint    ] Application time: 1.0000838 seconds
[2019-12-09T03:04:01.368+0000][1][safepoint    ] Entering safepoint region: Cleanup
[2019-12-09T03:04:01.368+0000][1][safepoint    ] Leaving safepoint region
[2019-12-09T03:04:01.368+0000][1][safepoint    ] Total time for which application threads were stopped: 0.0000784 seconds, Stopping threads took: 0.0000186 seconds
[2019-12-09T03:04:02.369+0000][1][safepoint    ] Application time: 1.0000771 seconds
[2019-12-09T03:04:02.369+0000][1][safepoint    ] Entering safepoint region: Cleanup
[2019-12-09T03:04:02.369+0000][1][safepoint    ] Leaving safepoint region
[2019-12-09T03:04:02.369+0000][1][safepoint    ] Total time for which application threads were stopped: 0.0000842 seconds, Stopping threads took: 0.0000170 seconds
[2019-12-09T03:04:03.369+0000][1][safepoint    ] Application time: 1.0000793 seconds
[2019-12-09T03:04:03.369+0000][1][safepoint    ] Entering safepoint region: Cleanup
[2019-12-09T03:04:03.369+0000][1][safepoint    ] Leaving safepoint region
[2019-12-09T03:04:03.369+0000][1][safepoint    ] Total time for which application threads were stopped: 0.0000827 seconds, Stopping threads took: 0.0000198 seconds
[2019-12-09T03:04:04.369+0000][1][safepoint    ] Application time: 1.0000769 seconds
[2019-12-09T03:04:04.369+0000][1][safepoint    ] Entering safepoint region: Cleanup
[2019-12-09T03:04:04.369+0000][1][safepoint    ] Leaving safepoint region
[2019-12-09T03:04:04.369+0000][1][safepoint    ] Total time for which application threads were stopped: 0.0000787 seconds, Stopping threads took: 0.0000185 seconds
[2019-12-09T03:04:05.275+0000][1][safepoint    ] Application time: 0.9058927 seconds
[2019-12-09T03:04:05.275+0000][1][safepoint    ] Entering safepoint region: RevokeBias
[2019-12-09T03:04:05.275+0000][1][safepoint    ] Leaving safepoint region
[2019-12-09T03:04:05.275+0000][1][safepoint    ] Total time for which application threads were stopped: 0.0001118 seconds, Stopping threads took: 0.0000256 seconds
[2019-12-09T03:04:05.275+0000][1][safepoint    ] Application time: 0.0001070 seconds
[2019-12-09T03:04:05.275+0000][1][safepoint    ] Entering safepoint region: RevokeBias
[2019-12-09T03:04:05.275+0000][1][safepoint    ] Leaving safepoint region
[2019-12-09T03:04:05.275+0000][1][safepoint    ] Total time for which application threads were stopped: 0.0000642 seconds, Stopping threads took: 0.0000112 seconds
[2019-12-09T03:04:05.277+0000][1][safepoint    ] Application time: 0.0014999 seconds
[2019-12-09T03:04:05.283+0000][1][safepoint    ] Entering safepoint region: RevokeBias
[2019-12-09T03:04:05.283+0000][1][safepoint    ] Leaving safepoint region
[2019-12-09T03:04:05.283+0000][1][safepoint    ] Total time for which application threads were stopped: 0.0061297 seconds, Stopping threads took: 0.0060686 seconds
[2019-12-09T03:04:05.283+0000][1][safepoint    ] Application time: 0.0004122 seconds
[2019-12-09T03:04:05.283+0000][1][safepoint    ] Entering safepoint region: RevokeBias
[2019-12-09T03:04:05.283+0000][1][safepoint    ] Leaving safepoint region
[2019-12-09T03:04:05.283+0000][1][safepoint    ] Total time for which application threads were stopped: 0.0000683 seconds, Stopping threads took: 0.0000134 seconds
[2019-12-09T03:04:05.284+0000][1][safepoint    ] Application time: 0.0001770 seconds
[2019-12-09T03:04:05.284+0000][1][safepoint    ] Entering safepoint region: RevokeBias
[2019-12-09T03:04:05.284+0000][1][safepoint    ] Leaving safepoint region
[2019-12-09T03:04:05.284+0000][1][safepoint    ] Total time for which application threads were stopped: 0.0000572 seconds, Stopping threads took: 0.0000112 seconds
[2019-12-09T03:04:05.284+0000][1][safepoint    ] Application time: 0.0001420 seconds
[2019-12-09T03:04:05.284+0000][1][safepoint    ] Entering safepoint region: RevokeBias
[2019-12-09T03:04:05.284+0000][1][safepoint    ] Leaving safepoint region
[2019-12-09T03:04:05.284+0000][1][safepoint    ] Total time for which application threads were stopped: 0.0000512 seconds, Stopping threads took: 0.0000098 seconds
[2019-12-09T03:04:05.285+0000][1][safepoint    ] Application time: 0.0006280 seconds
[2019-12-09T03:04:05.285+0000][1][safepoint    ] Entering safepoint region: RevokeBias
[2019-12-09T03:04:05.285+0000][1][safepoint    ] Leaving safepoint region
[2019-12-09T03:04:05.285+0000][1][safepoint    ] Total time for which application threads were stopped: 0.0000637 seconds, Stopping threads took: 0.0000136 seconds
[2019-12-09T03:04:05.285+0000][1][safepoint    ] Application time: 0.0002396 seconds
[2019-12-09T03:04:05.285+0000][1][safepoint    ] Entering safepoint region: RevokeBias
[2019-12-09T03:04:05.285+0000][1][safepoint    ] Leaving safepoint region
[2019-12-09T03:04:05.285+0000][1][safepoint    ] Total time for which application threads were stopped: 0.0000539 seconds, Stopping threads took: 0.0000116 seconds
[2019-12-09T03:04:05.285+0000][1][safepoint    ] Application time: 0.0004004 seconds
[2019-12-09T03:04:05.285+0000][1][safepoint    ] Entering safepoint region: RevokeBias
[2019-12-09T03:04:05.285+0000][1][safepoint    ] Leaving safepoint region
[2019-12-09T03:04:05.285+0000][1][safepoint    ] Total time for which application threads were stopped: 0.0000592 seconds, Stopping threads took: 0.0000111 seconds
[2019-12-09T03:04:05.286+0000][1][safepoint    ] Application time: 0.0001648 seconds
[2019-12-09T03:04:05.286+0000][1][safepoint    ] Entering safepoint region: RevokeBias
[2019-12-09T03:04:05.286+0000][1][safepoint    ] Leaving safepoint region
[2019-12-09T03:04:05.286+0000][1][safepoint    ] Total time for which application threads were stopped: 0.0000642 seconds, Stopping threads took: 0.0000092 seconds
[2019-12-09T03:04:05.289+0000][1][safepoint    ] Application time: 0.0032192 seconds
[2019-12-09T03:04:05.313+0000][1][safepoint    ] Entering safepoint region: RevokeBias
[2019-12-09T03:04:05.313+0000][1][safepoint    ] Leaving safepoint region
[2019-12-09T03:04:05.313+0000][1][safepoint    ] Total time for which application threads were stopped: 0.0245811 seconds, Stopping threads took: 0.0245030 seconds
[2019-12-09T03:04:05.316+0000][1][safepoint    ] Application time: 0.0025211 seconds
[2019-12-09T03:04:05.322+0000][1][safepoint    ] Entering safepoint region: RevokeBias
[2019-12-09T03:04:05.322+0000][1][safepoint    ] Leaving safepoint region
[2019-12-09T03:04:05.322+0000][1][safepoint    ] Total time for which application threads were stopped: 0.0064134 seconds, Stopping threads took: 0.0063141 seconds
[2019-12-09T03:04:05.324+0000][1][safepoint    ] Application time: 0.0015862 seconds
[2019-12-09T03:04:05.324+0000][1][safepoint    ] Entering safepoint region: RevokeBias
[2019-12-09T03:04:05.324+0000][1][safepoint    ] Leaving safepoint region
[2019-12-09T03:04:05.324+0000][1][safepoint    ] Total time for which application threads were stopped: 0.0000793 seconds, Stopping threads took: 0.0000146 seconds
[2019-12-09T03:04:05.325+0000][1][safepoint    ] Application time: 0.0003547 seconds
[2019-12-09T03:04:05.325+0000][1][safepoint    ] Entering safepoint region: RevokeBias
[2019-12-09T03:04:05.325+0000][1][safepoint    ] Leaving safepoint region
[2019-12-09T03:04:05.325+0000][1][safepoint    ] Total time for which application threads were stopped: 0.0000623 seconds, Stopping threads took: 0.0000116 seconds
[2019-12-09T03:04:05.325+0000][1][safepoint    ] Application time: 0.0003531 seconds
[2019-12-09T03:04:05.327+0000][1][safepoint    ] Entering safepoint region: RevokeBias
[2019-12-09T03:04:05.327+0000][1][safepoint    ] Leaving safepoint region
[2019-12-09T03:04:05.327+0000][1][safepoint    ] Total time for which application threads were stopped: 0.0020042 seconds, Stopping threads took: 0.0019434 seconds
[2019-12-09T03:04:05.327+0000][1][safepoint    ] Application time: 0.0004176 seconds
[2019-12-09T03:04:05.327+0000][1][safepoint    ] Entering safepoint region: RevokeBias
[2019-12-09T03:04:05.327+0000][1][safepoint    ] Leaving safepoint region
[2019-12-09T03:04:05.327+0000][1][safepoint    ] Total time for which application threads were stopped: 0.0000520 seconds, Stopping threads took: 0.0000114 seconds
[2019-12-09T03:04:05.328+0000][1][safepoint    ] Application time: 0.0000610 seconds
[2019-12-09T03:04:05.328+0000][1][safepoint    ] Entering safepoint region: RevokeBias
[2019-12-09T03:04:05.328+0000][1][safepoint    ] Leaving safepoint region
[2019-12-09T03:04:05.328+0000][1][safepoint    ] Total time for which application threads were stopped: 0.0000417 seconds, Stopping threads took: 0.0000089 seconds
[2019-12-09T03:04:05.328+0000][1][safepoint    ] Application time: 0.0000529 seconds
[2019-12-09T03:04:05.328+0000][1][safepoint    ] Entering safepoint region: RevokeBias
[2019-12-09T03:04:05.328+0000][1][safepoint    ] Leaving safepoint region
[2019-12-09T03:04:05.328+0000][1][safepoint    ] Total time for which application threads were stopped: 0.0000554 seconds, Stopping threads took: 0.0000239 seconds
[2019-12-09T03:04:05.328+0000][1][safepoint    ] Application time: 0.0001030 seconds
[2019-12-09T03:04:05.328+0000][1][safepoint    ] Entering safepoint region: RevokeBias
[2019-12-09T03:04:05.328+0000][1][safepoint    ] Leaving safepoint region
[2019-12-09T03:04:05.328+0000][1][safepoint    ] Total time for which application threads were stopped: 0.0000429 seconds, Stopping threads took: 0.0000091 seconds
[2019-12-09T03:04:05.328+0000][1][safepoint    ] Application time: 0.0000533 seconds
[2019-12-09T03:04:05.328+0000][1][safepoint    ] Entering safepoint region: RevokeBias
[2019-12-09T03:04:05.328+0000][1][safepoint    ] Leaving safepoint region
[2019-12-09T03:04:05.328+0000][1][safepoint    ] Total time for which application threads were stopped: 0.0000398 seconds, Stopping threads took: 0.0000084 seconds
[2019-12-09T03:04:05.328+0000][1][safepoint    ] Application time: 0.0002140 seconds
[2019-12-09T03:04:05.328+0000][1][safepoint    ] Entering safepoint region: RevokeBias
[2019-12-09T03:04:05.328+0000][1][safepoint    ] Leaving safepoint region
[2019-12-09T03:04:05.328+0000][1][safepoint    ] Total time for which application threads were stopped: 0.0000529 seconds, Stopping threads took: 0.0000139 seconds
[2019-12-09T03:04:05.328+0000][1][safepoint    ] Application time: 0.0000546 seconds
[2019-12-09T03:04:05.328+0000][1][safepoint    ] Entering safepoint region: RevokeBias
[2019-12-09T03:04:05.328+0000][1][safepoint    ] Leaving safepoint region
[2019-12-09T03:04:05.328+0000][1][safepoint    ] Total time for which application threads were stopped: 0.0000396 seconds, Stopping threads took: 0.0000082 seconds
[2019-12-09T03:04:05.329+0000][1][safepoint    ] Application time: 0.0004019 seconds
[2019-12-09T03:04:05.329+0000][1][safepoint    ] Entering safepoint region: RevokeBias
[2019-12-09T03:04:05.329+0000][1][safepoint    ] Leaving safepoint region
[2019-12-09T03:04:05.329+0000][1][safepoint    ] Total time for which application threads were stopped: 0.0000652 seconds, Stopping threads took: 0.0000127 seconds
[2019-12-09T03:04:05.375+0000][1][safepoint    ] Application time: 0.0461395 seconds
[2019-12-09T03:04:05.375+0000][1][safepoint    ] Entering safepoint region: RevokeBias
[2019-12-09T03:04:05.375+0000][1][safepoint    ] Leaving safepoint region
[2019-12-09T03:04:05.375+0000][1][safepoint    ] Total time for which application threads were stopped: 0.0001286 seconds, Stopping threads took: 0.0000152 seconds
[2019-12-09T03:04:05.403+0000][1][safepoint    ] Application time: 0.0279547 seconds
[2019-12-09T03:04:05.403+0000][1][safepoint    ] Entering safepoint region: RevokeBias
[2019-12-09T03:04:05.403+0000][1][safepoint    ] Leaving safepoint region
[2019-12-09T03:04:05.403+0000][1][safepoint    ] Total time for which application threads were stopped: 0.0001145 seconds, Stopping threads took: 0.0000154 seconds
[2019-12-09T03:04:05.404+0000][1][safepoint    ] Application time: 0.0005296 seconds
[2019-12-09T03:04:05.404+0000][1][safepoint    ] Entering safepoint region: RevokeBias
[2019-12-09T03:04:05.404+0000][1][safepoint    ] Leaving safepoint region
[2019-12-09T03:04:05.404+0000][1][safepoint    ] Total time for which application threads were stopped: 0.0001006 seconds, Stopping threads took: 0.0000124 seconds
[2019-12-09T03:04:05.404+0000][1][safepoint    ] Application time: 0.0004563 seconds
[2019-12-09T03:04:05.404+0000][1][safepoint    ] Entering safepoint region: RevokeBias
[2019-12-09T03:04:05.405+0000][1][safepoint    ] Leaving safepoint region
[2019-12-09T03:04:05.405+0000][1][safepoint    ] Total time for which application threads were stopped: 0.0000831 seconds, Stopping threads took: 0.0000115 seconds
[2019-12-09T03:04:05.410+0000][1][safepoint    ] Application time: 0.0055903 seconds
[2019-12-09T03:04:05.414+0000][1][safepoint    ] Entering safepoint region: RevokeBias
[2019-12-09T03:04:05.415+0000][1][safepoint    ] Leaving safepoint region
[2019-12-09T03:04:05.415+0000][1][safepoint    ] Total time for which application threads were stopped: 0.0044077 seconds, Stopping threads took: 0.0043360 seconds
[2019-12-09T03:04:05.415+0000][1][safepoint    ] Application time: 0.0001849 seconds
[2019-12-09T03:04:05.415+0000][1][safepoint    ] Entering safepoint region: RevokeBias
[2019-12-09T03:04:05.415+0000][1][safepoint    ] Leaving safepoint region
[2019-12-09T03:04:05.415+0000][1][safepoint    ] Total time for which application threads were stopped: 0.0000637 seconds, Stopping threads took: 0.0000117 seconds
[2019-12-09T03:04:05.415+0000][1][safepoint    ] Application time: 0.0001775 seconds
[2019-12-09T03:04:05.415+0000][1][safepoint    ] Entering safepoint region: RevokeBias
[2019-12-09T03:04:05.415+0000][1][safepoint    ] Leaving safepoint region
[2019-12-09T03:04:05.415+0000][1][safepoint    ] Total time for which application threads were stopped: 0.0000702 seconds, Stopping threads took: 0.0000122 seconds
[2019-12-09T03:04:05.440+0000][1][safepoint    ] Application time: 0.0249112 seconds
[2019-12-09T03:04:05.440+0000][1][safepoint    ] Entering safepoint region: RevokeBias
[2019-12-09T03:04:05.440+0000][1][safepoint    ] Leaving safepoint region
[2019-12-09T03:04:05.440+0000][1][safepoint    ] Total time for which application threads were stopped: 0.0002421 seconds, Stopping threads took: 0.0000780 seconds
[2019-12-09T03:04:05.443+0000][1][safepoint    ] Application time: 0.0024139 seconds
[2019-12-09T03:04:05.445+0000][1][safepoint    ] Entering safepoint region: RevokeBias
[2019-12-09T03:04:05.445+0000][1][safepoint    ] Leaving safepoint region
[2019-12-09T03:04:05.445+0000][1][safepoint    ] Total time for which application threads were stopped: 0.0021533 seconds, Stopping threads took: 0.0020634 seconds
[2019-12-09T03:04:05.446+0000][1][safepoint    ] Application time: 0.0008271 seconds
[2019-12-09T03:04:05.446+0000][1][safepoint    ] Entering safepoint region: RevokeBias
[2019-12-09T03:04:05.446+0000][1][safepoint    ] Leaving safepoint region
[2019-12-09T03:04:05.446+0000][1][safepoint    ] Total time for which application threads were stopped: 0.0000691 seconds, Stopping threads took: 0.0000104 seconds
[2019-12-09T03:04:05.466+0000][1][safepoint    ] Application time: 0.0206333 seconds
[2019-12-09T03:04:05.476+0000][1][safepoint    ] Entering safepoint region: RevokeBias
[2019-12-09T03:04:05.476+0000][1][safepoint    ] Leaving safepoint region
[2019-12-09T03:04:05.476+0000][1][safepoint    ] Total time for which application threads were stopped: 0.0095644 seconds, Stopping threads took: 0.0094539 seconds
[2019-12-09T03:04:05.498+0000][1][safepoint    ] Application time: 0.0216085 seconds
[2019-12-09T03:04:05.498+0000][1][safepoint    ] Entering safepoint region: RevokeBias
[2019-12-09T03:04:05.498+0000][1][safepoint    ] Leaving safepoint region
[2019-12-09T03:04:05.498+0000][1][safepoint    ] Total time for which application threads were stopped: 0.0002121 seconds, Stopping threads took: 0.0000126 seconds
[2019-12-09T03:04:05.498+0000][1][safepoint    ] Application time: 0.0002223 seconds
[2019-12-09T03:04:05.498+0000][1][safepoint    ] Entering safepoint region: BulkRevokeBias
[2019-12-09T03:04:05.499+0000][1][safepoint    ] Leaving safepoint region
[2019-12-09T03:04:05.499+0000][1][safepoint    ] Total time for which application threads were stopped: 0.0004979 seconds, Stopping threads took: 0.0000122 seconds
[2019-12-09T03:04:05.519+0000][1][safepoint    ] Application time: 0.0202480 seconds
[2019-12-09T03:04:05.528+0000][1][safepoint    ] Entering safepoint region: RevokeBias
[2019-12-09T03:04:05.528+0000][1][safepoint    ] Leaving safepoint region
[2019-12-09T03:04:05.528+0000][1][safepoint    ] Total time for which application threads were stopped: 0.0091243 seconds, Stopping threads took: 0.0090144 seconds
[2019-12-09T03:04:05.532+0000][1][safepoint    ] Application time: 0.0040262 seconds
[2019-12-09T03:04:05.532+0000][1][safepoint    ] Entering safepoint region: RevokeBias
[2019-12-09T03:04:05.532+0000][1][safepoint    ] Leaving safepoint region
[2019-12-09T03:04:05.532+0000][1][safepoint    ] Total time for which application threads were stopped: 0.0000990 seconds, Stopping threads took: 0.0000135 seconds
[2019-12-09T03:04:05.535+0000][1][safepoint    ] Application time: 0.0031280 seconds
[2019-12-09T03:04:05.535+0000][1][safepoint    ] Entering safepoint region: RevokeBias
[2019-12-09T03:04:05.535+0000][1][safepoint    ] Leaving safepoint region
[2019-12-09T03:04:05.535+0000][1][safepoint    ] Total time for which application threads were stopped: 0.0001043 seconds, Stopping threads took: 0.0000134 seconds
[2019-12-09T03:04:05.535+0000][1][safepoint    ] Application time: 0.0000605 seconds
[2019-12-09T03:04:05.536+0000][1][safepoint    ] Entering safepoint region: RevokeBias
[2019-12-09T03:04:05.536+0000][1][safepoint    ] Leaving safepoint region
[2019-12-09T03:04:05.536+0000][1][safepoint    ] Total time for which application threads were stopped: 0.0000576 seconds, Stopping threads took: 0.0000096 seconds
[2019-12-09T03:04:05.562+0000][1][safepoint    ] Application time: 0.0265149 seconds
[2019-12-09T03:04:05.621+0000][1][safepoint    ] Entering safepoint region: RevokeBias
[2019-12-09T03:04:05.621+0000][1][safepoint    ] Leaving safepoint region
[2019-12-09T03:04:05.621+0000][1][safepoint    ] Total time for which application threads were stopped: 0.0587385 seconds, Stopping threads took: 0.0586211 seconds
[2019-12-09T03:04:05.654+0000][1][safepoint    ] Application time: 0.0329964 seconds
[2019-12-09T03:04:05.654+0000][1][safepoint    ] Entering safepoint region: RevokeBias
[2019-12-09T03:04:05.654+0000][1][safepoint    ] Leaving safepoint region
[2019-12-09T03:04:05.654+0000][1][safepoint    ] Total time for which application threads were stopped: 0.0001725 seconds, Stopping threads took: 0.0000813 seconds
[2019-12-09T03:04:05.678+0000][1][safepoint    ] Application time: 0.0242298 seconds
[2019-12-09T03:04:05.678+0000][1][safepoint    ] Entering safepoint region: RevokeBias
[2019-12-09T03:04:05.678+0000][1][safepoint    ] Leaving safepoint region
[2019-12-09T03:04:05.678+0000][1][safepoint    ] Total time for which application threads were stopped: 0.0000882 seconds, Stopping threads took: 0.0000159 seconds
[2019-12-09T03:04:05.699+0000][1][safepoint    ] Application time: 0.0203738 seconds
[2019-12-09T03:04:05.699+0000][1][safepoint    ] Entering safepoint region: RevokeBias
[2019-12-09T03:04:05.699+0000][1][safepoint    ] Leaving safepoint region
[2019-12-09T03:04:05.699+0000][1][safepoint    ] Total time for which application threads were stopped: 0.0001157 seconds, Stopping threads took: 0.0000157 seconds
[2019-12-09T03:04:05.724+0000][1][safepoint    ] Application time: 0.0250232 seconds
[2019-12-09T03:04:05.724+0000][1][safepoint    ] Entering safepoint region: RevokeBias
[2019-12-09T03:04:05.724+0000][1][safepoint    ] Leaving safepoint region
[2019-12-09T03:04:05.724+0000][1][safepoint    ] Total time for which application threads were stopped: 0.0000863 seconds, Stopping threads took: 0.0000164 seconds
[2019-12-09T03:04:05.730+0000][1][safepoint    ] Application time: 0.0061419 seconds
[2019-12-09T03:04:05.730+0000][1][safepoint    ] Entering safepoint region: RevokeBias
[2019-12-09T03:04:05.730+0000][1][safepoint    ] Leaving safepoint region
[2019-12-09T03:04:05.730+0000][1][safepoint    ] Total time for which application threads were stopped: 0.0000854 seconds, Stopping threads took: 0.0000168 seconds
[2019-12-09T03:04:05.730+0000][1][safepoint    ] Application time: 0.0000766 seconds
[2019-12-09T03:04:05.730+0000][1][safepoint    ] Entering safepoint region: RevokeBias
[2019-12-09T03:04:05.730+0000][1][safepoint    ] Leaving safepoint region
[2019-12-09T03:04:05.730+0000][1][safepoint    ] Total time for which application threads were stopped: 0.0000518 seconds, Stopping threads took: 0.0000101 seconds
[2019-12-09T03:04:05.731+0000][1][safepoint    ] Application time: 0.0000647 seconds
[2019-12-09T03:04:05.731+0000][1][safepoint    ] Entering safepoint region: RevokeBias
[2019-12-09T03:04:05.731+0000][1][safepoint    ] Leaving safepoint region
[2019-12-09T03:04:05.731+0000][1][safepoint    ] Total time for which application threads were stopped: 0.0000508 seconds, Stopping threads took: 0.0000101 seconds
[2019-12-09T03:04:05.731+0000][1][safepoint    ] Application time: 0.0000989 seconds
[2019-12-09T03:04:05.731+0000][1][safepoint    ] Entering safepoint region: RevokeBias
[2019-12-09T03:04:05.731+0000][1][safepoint    ] Leaving safepoint region
[2019-12-09T03:04:05.731+0000][1][safepoint    ] Total time for which application threads were stopped: 0.0000474 seconds, Stopping threads took: 0.0000100 seconds
[2019-12-09T03:04:05.731+0000][1][safepoint    ] Application time: 0.0000729 seconds
[2019-12-09T03:04:05.731+0000][1][safepoint    ] Entering safepoint region: RevokeBias
[2019-12-09T03:04:05.731+0000][1][safepoint    ] Leaving safepoint region
[2019-12-09T03:04:05.731+0000][1][safepoint    ] Total time for which application threads were stopped: 0.0000441 seconds, Stopping threads took: 0.0000089 seconds
[2019-12-09T03:04:05.731+0000][1][safepoint    ] Application time: 0.0000856 seconds
[2019-12-09T03:04:05.731+0000][1][safepoint    ] Entering safepoint region: RevokeBias
[2019-12-09T03:04:05.731+0000][1][safepoint    ] Leaving safepoint region
[2019-12-09T03:04:05.731+0000][1][safepoint    ] Total time for which application threads were stopped: 0.0000508 seconds, Stopping threads took: 0.0000146 seconds
[2019-12-09T03:04:05.732+0000][1][safepoint    ] Application time: 0.0011426 seconds
[2019-12-09T03:04:05.732+0000][1][safepoint    ] Entering safepoint region: RevokeBias
[2019-12-09T03:04:05.732+0000][1][safepoint    ] Leaving safepoint region
[2019-12-09T03:04:05.732+0000][1][safepoint    ] Total time for which application threads were stopped: 0.0000713 seconds, Stopping threads took: 0.0000132 seconds
[2019-12-09T03:04:05.762+0000][1][safepoint    ] Application time: 0.0294507 seconds
[2019-12-09T03:04:05.762+0000][1][safepoint    ] Entering safepoint region: BulkRevokeBias
[2019-12-09T03:04:05.762+0000][1][safepoint    ] Leaving safepoint region
[2019-12-09T03:04:05.762+0000][1][safepoint    ] Total time for which application threads were stopped: 0.0003314 seconds, Stopping threads took: 0.0000227 seconds
[2019-12-09T03:04:05.802+0000][1][safepoint    ] Application time: 0.0394191 seconds
[2019-12-09T03:04:05.802+0000][1][safepoint    ] Entering safepoint region: RevokeBias
[2019-12-09T03:04:05.802+0000][1][safepoint    ] Leaving safepoint region
[2019-12-09T03:04:05.802+0000][1][safepoint    ] Total time for which application threads were stopped: 0.0001292 seconds, Stopping threads took: 0.0000144 seconds
[2019-12-09T03:04:05.821+0000][1][safepoint    ] Application time: 0.0196914 seconds
[2019-12-09T03:04:05.821+0000][1][safepoint    ] Entering safepoint region: RevokeBias
[2019-12-09T03:04:05.822+0000][1][safepoint    ] Leaving safepoint region
[2019-12-09T03:04:05.822+0000][1][safepoint    ] Total time for which application threads were stopped: 0.0000763 seconds, Stopping threads took: 0.0000148 seconds
[2019-12-09T03:04:05.822+0000][1][safepoint    ] Application time: 0.0005397 seconds
[2019-12-09T03:04:05.822+0000][1][safepoint    ] Entering safepoint region: RevokeBias
[2019-12-09T03:04:05.822+0000][1][safepoint    ] Leaving safepoint region
[2019-12-09T03:04:05.822+0000][1][safepoint    ] Total time for which application threads were stopped: 0.0000752 seconds, Stopping threads took: 0.0000140 seconds
[2019-12-09T03:04:05.832+0000][1][safepoint    ] Application time: 0.0094649 seconds
[2019-12-09T03:04:05.832+0000][1][safepoint    ] Entering safepoint region: RevokeBias
[2019-12-09T03:04:05.832+0000][1][safepoint    ] Leaving safepoint region
[2019-12-09T03:04:05.832+0000][1][safepoint    ] Total time for which application threads were stopped: 0.0000638 seconds, Stopping threads took: 0.0000156 seconds
[2019-12-09T03:04:05.849+0000][1][safepoint    ] Application time: 0.0172064 seconds
[2019-12-09T03:04:05.849+0000][1][safepoint    ] Entering safepoint region: RevokeBias
[2019-12-09T03:04:05.849+0000][1][safepoint    ] Leaving safepoint region
[2019-12-09T03:04:05.849+0000][1][safepoint    ] Total time for which application threads were stopped: 0.0000555 seconds, Stopping threads took: 0.0000115 seconds
[2019-12-09T03:04:05.856+0000][1][safepoint    ] Application time: 0.0068420 seconds
[2019-12-09T03:04:05.856+0000][1][safepoint    ] Entering safepoint region: RevokeBias
[2019-12-09T03:04:05.856+0000][1][safepoint    ] Leaving safepoint region
[2019-12-09T03:04:05.856+0000][1][safepoint    ] Total time for which application threads were stopped: 0.0000437 seconds, Stopping threads took: 0.0000097 seconds
[2019-12-09T03:04:05.857+0000][1][safepoint    ] Application time: 0.0011849 seconds
[2019-12-09T03:04:05.857+0000][1][safepoint    ] Entering safepoint region: RevokeBias
[2019-12-09T03:04:05.857+0000][1][safepoint    ] Leaving safepoint region
[2019-12-09T03:04:05.857+0000][1][safepoint    ] Total time for which application threads were stopped: 0.0000495 seconds, Stopping threads took: 0.0000110 seconds
[2019-12-09T03:04:05.885+0000][1][gc,heap,exit ] Heap
[2019-12-09T03:04:05.885+0000][1][gc,heap,exit ]  par new generation   total 78656K, used 24694K [0x00000000f0000000, 0x00000000f5550000, 0x00000000f5550000)
[2019-12-09T03:04:05.885+0000][1][gc,heap,exit ]   eden space 69952K,  31% used [0x00000000f0000000, 0x00000000f1585f50, 0x00000000f4450000)
[2019-12-09T03:04:05.885+0000][1][gc,heap,exit ]   from space 8704K,  30% used [0x00000000f4cd0000, 0x00000000f4f67990, 0x00000000f5550000)
[2019-12-09T03:04:05.885+0000][1][gc,heap,exit ]   to   space 8704K,   0% used [0x00000000f4450000, 0x00000000f4450000, 0x00000000f4cd0000)
[2019-12-09T03:04:05.885+0000][1][gc,heap,exit ]  concurrent mark-sweep generation total 174784K, used 68331K [0x00000000f5550000, 0x0000000100000000, 0x0000000100000000)
[2019-12-09T03:04:05.886+0000][1][gc,heap,exit ]  Metaspace       used 69284K, capacity 74520K, committed 74764K, reserved 1112064K
[2019-12-09T03:04:05.886+0000][1][gc,heap,exit ]   class space    used 9345K, capacity 11563K, committed 11644K, reserved 1048576K
[2019-12-09T03:04:05.886+0000][1][safepoint    ] Application time: 0.0283763 seconds
[2019-12-09T03:04:05.886+0000][1][safepoint    ] Entering safepoint region: Exit
