[2019-12-09T01:41:59.861+0000][1][gc] Using Concurrent Mark Sweep
[2019-12-09T01:41:59.861+0000][1][gc,heap,coops] Heap address: 0x00000000f0000000, size: 256 MB, Compressed Oops mode: 32-bit
[2019-12-09T01:42:00.250+0000][1][safepoint    ] Entering safepoint region: EnableBiasedLocking
[2019-12-09T01:42:00.250+0000][1][safepoint    ] Leaving safepoint region
[2019-12-09T01:42:00.250+0000][1][safepoint    ] Total time for which application threads were stopped: 0.0431120 seconds, Stopping threads took: 0.0430181 seconds
[2019-12-09T01:42:00.257+0000][1][safepoint    ] Application time: 0.0064195 seconds
[2019-12-09T01:42:00.394+0000][1][safepoint    ] Entering safepoint region: RevokeBias
[2019-12-09T01:42:00.394+0000][1][safepoint    ] Leaving safepoint region
[2019-12-09T01:42:00.394+0000][1][safepoint    ] Total time for which application threads were stopped: 0.1371174 seconds, Stopping threads took: 0.1370053 seconds
[2019-12-09T01:42:00.461+0000][1][safepoint    ] Application time: 0.0667172 seconds
[2019-12-09T01:42:00.461+0000][1][safepoint    ] Entering safepoint region: Deoptimize
[2019-12-09T01:42:00.461+0000][1][safepoint    ] Leaving safepoint region
[2019-12-09T01:42:00.461+0000][1][safepoint    ] Total time for which application threads were stopped: 0.0000600 seconds, Stopping threads took: 0.0000104 seconds
[2019-12-09T01:42:01.071+0000][1][safepoint    ] Application time: 0.6098166 seconds
[2019-12-09T01:42:01.071+0000][1][safepoint    ] Entering safepoint region: RevokeBias
[2019-12-09T01:42:01.071+0000][1][safepoint    ] Leaving safepoint region
[2019-12-09T01:42:01.071+0000][1][safepoint    ] Total time for which application threads were stopped: 0.0000915 seconds, Stopping threads took: 0.0000106 seconds
[2019-12-09T01:42:01.423+0000][1][safepoint    ] Application time: 0.3526369 seconds
[2019-12-09T01:42:01.423+0000][1][safepoint    ] Entering safepoint region: Deoptimize
[2019-12-09T01:42:01.424+0000][1][safepoint    ] Leaving safepoint region
[2019-12-09T01:42:01.424+0000][1][safepoint    ] Total time for which application threads were stopped: 0.0000871 seconds, Stopping threads took: 0.0000121 seconds
[2019-12-09T01:42:02.425+0000][1][safepoint    ] Application time: 1.0012248 seconds
[2019-12-09T01:42:02.425+0000][1][safepoint    ] Entering safepoint region: Cleanup
[2019-12-09T01:42:02.425+0000][1][safepoint    ] Leaving safepoint region
[2019-12-09T01:42:02.425+0000][1][safepoint    ] Total time for which application threads were stopped: 0.0001076 seconds, Stopping threads took: 0.0000552 seconds
[2019-12-09T01:42:03.434+0000][1][safepoint    ] Application time: 1.0087996 seconds
[2019-12-09T01:42:03.468+0000][1][safepoint    ] Entering safepoint region: Cleanup
[2019-12-09T01:42:03.468+0000][1][safepoint    ] Leaving safepoint region
[2019-12-09T01:42:03.468+0000][1][safepoint    ] Total time for which application threads were stopped: 0.0340015 seconds, Stopping threads took: 0.0339124 seconds
[2019-12-09T01:42:04.027+0000][1][safepoint    ] Application time: 0.5596428 seconds
[2019-12-09T01:42:04.027+0000][1][safepoint    ] Entering safepoint region: Deoptimize
[2019-12-09T01:42:04.028+0000][1][safepoint    ] Leaving safepoint region
[2019-12-09T01:42:04.028+0000][1][safepoint    ] Total time for which application threads were stopped: 0.0001563 seconds, Stopping threads took: 0.0000199 seconds
[2019-12-09T01:42:04.667+0000][1][safepoint    ] Application time: 0.6393691 seconds
[2019-12-09T01:42:04.667+0000][1][safepoint    ] Entering safepoint region: Deoptimize
[2019-12-09T01:42:04.667+0000][1][safepoint    ] Leaving safepoint region
[2019-12-09T01:42:04.667+0000][1][safepoint    ] Total time for which application threads were stopped: 0.0001756 seconds, Stopping threads took: 0.0000109 seconds
[2019-12-09T01:42:04.752+0000][1][safepoint    ] Application time: 0.0852521 seconds
[2019-12-09T01:42:04.752+0000][1][safepoint    ] Entering safepoint region: Deoptimize
[2019-12-09T01:42:04.753+0000][1][safepoint    ] Leaving safepoint region
[2019-12-09T01:42:04.753+0000][1][safepoint    ] Total time for which application threads were stopped: 0.0001534 seconds, Stopping threads took: 0.0000113 seconds
[2019-12-09T01:42:05.773+0000][1][safepoint    ] Application time: 1.0200649 seconds
[2019-12-09T01:42:05.812+0000][1][safepoint    ] Entering safepoint region: Cleanup
[2019-12-09T01:42:05.812+0000][1][safepoint    ] Leaving safepoint region
[2019-12-09T01:42:05.812+0000][1][safepoint    ] Total time for which application threads were stopped: 0.0390436 seconds, Stopping threads took: 0.0389887 seconds
[2019-12-09T01:42:06.822+0000][1][safepoint    ] Application time: 1.0099288 seconds
[2019-12-09T01:42:06.822+0000][1][safepoint    ] Entering safepoint region: Cleanup
[2019-12-09T01:42:06.822+0000][1][safepoint    ] Leaving safepoint region
[2019-12-09T01:42:06.822+0000][1][safepoint    ] Total time for which application threads were stopped: 0.0000905 seconds, Stopping threads took: 0.0000138 seconds
[2019-12-09T01:42:07.496+0000][1][safepoint    ] Application time: 0.6736277 seconds
[2019-12-09T01:42:07.496+0000][1][safepoint    ] Entering safepoint region: Deoptimize
[2019-12-09T01:42:07.496+0000][1][safepoint    ] Leaving safepoint region
[2019-12-09T01:42:07.496+0000][1][safepoint    ] Total time for which application threads were stopped: 0.0002077 seconds, Stopping threads took: 0.0000118 seconds
[2019-12-09T01:42:08.500+0000][1][safepoint    ] Application time: 1.0039945 seconds
[2019-12-09T01:42:08.500+0000][1][safepoint    ] Entering safepoint region: Cleanup
[2019-12-09T01:42:08.500+0000][1][safepoint    ] Leaving safepoint region
[2019-12-09T01:42:08.500+0000][1][safepoint    ] Total time for which application threads were stopped: 0.0000587 seconds, Stopping threads took: 0.0000146 seconds
[2019-12-09T01:42:10.523+0000][1][safepoint    ] Application time: 2.0228453 seconds
[2019-12-09T01:42:10.562+0000][1][safepoint    ] Entering safepoint region: Cleanup
[2019-12-09T01:42:10.562+0000][1][safepoint    ] Leaving safepoint region
[2019-12-09T01:42:10.562+0000][1][safepoint    ] Total time for which application threads were stopped: 0.0394983 seconds, Stopping threads took: 0.0394386 seconds
[2019-12-09T01:42:11.572+0000][1][safepoint    ] Application time: 1.0094570 seconds
[2019-12-09T01:42:11.632+0000][1][safepoint    ] Entering safepoint region: Cleanup
[2019-12-09T01:42:11.632+0000][1][safepoint    ] Leaving safepoint region
[2019-12-09T01:42:11.632+0000][1][safepoint    ] Total time for which application threads were stopped: 0.0601516 seconds, Stopping threads took: 0.0600658 seconds
[2019-12-09T01:42:11.921+0000][1][safepoint    ] Application time: 0.2886351 seconds
[2019-12-09T01:42:11.921+0000][1][safepoint    ] Entering safepoint region: Deoptimize
[2019-12-09T01:42:11.921+0000][1][safepoint    ] Leaving safepoint region
[2019-12-09T01:42:11.921+0000][1][safepoint    ] Total time for which application threads were stopped: 0.0002497 seconds, Stopping threads took: 0.0000109 seconds
[2019-12-09T01:42:12.926+0000][1][safepoint    ] Application time: 1.0049079 seconds
[2019-12-09T01:42:12.926+0000][1][safepoint    ] Entering safepoint region: Cleanup
[2019-12-09T01:42:12.926+0000][1][safepoint    ] Leaving safepoint region
[2019-12-09T01:42:12.926+0000][1][safepoint    ] Total time for which application threads were stopped: 0.0002081 seconds, Stopping threads took: 0.0001412 seconds
[2019-12-09T01:42:13.143+0000][1][safepoint    ] Application time: 0.2167236 seconds
[2019-12-09T01:42:13.143+0000][1][safepoint    ] Entering safepoint region: Deoptimize
[2019-12-09T01:42:13.143+0000][1][safepoint    ] Leaving safepoint region
[2019-12-09T01:42:13.143+0000][1][safepoint    ] Total time for which application threads were stopped: 0.0002449 seconds, Stopping threads took: 0.0000119 seconds
[2019-12-09T01:42:13.143+0000][1][safepoint    ] Application time: 0.0001428 seconds
[2019-12-09T01:42:13.143+0000][1][safepoint    ] Entering safepoint region: Deoptimize
[2019-12-09T01:42:13.143+0000][1][safepoint    ] Leaving safepoint region
[2019-12-09T01:42:13.143+0000][1][safepoint    ] Total time for which application threads were stopped: 0.0001858 seconds, Stopping threads took: 0.0000084 seconds
[2019-12-09T01:42:13.389+0000][1][safepoint    ] Application time: 0.2458123 seconds
[2019-12-09T01:42:13.389+0000][1][safepoint    ] Entering safepoint region: Deoptimize
[2019-12-09T01:42:13.389+0000][1][safepoint    ] Leaving safepoint region
[2019-12-09T01:42:13.389+0000][1][safepoint    ] Total time for which application threads were stopped: 0.0002943 seconds, Stopping threads took: 0.0000123 seconds
[2019-12-09T01:42:13.452+0000][1][safepoint    ] Application time: 0.0622588 seconds
[2019-12-09T01:42:13.452+0000][1][safepoint    ] Entering safepoint region: RevokeBias
[2019-12-09T01:42:13.452+0000][1][safepoint    ] Leaving safepoint region
[2019-12-09T01:42:13.452+0000][1][safepoint    ] Total time for which application threads were stopped: 0.0000820 seconds, Stopping threads took: 0.0000122 seconds
[2019-12-09T01:42:13.452+0000][1][safepoint    ] Application time: 0.0002228 seconds
[2019-12-09T01:42:13.452+0000][1][safepoint    ] Entering safepoint region: RevokeBias
[2019-12-09T01:42:13.452+0000][1][safepoint    ] Leaving safepoint region
[2019-12-09T01:42:13.452+0000][1][safepoint    ] Total time for which application threads were stopped: 0.0000584 seconds, Stopping threads took: 0.0000103 seconds
[2019-12-09T01:42:13.452+0000][1][safepoint    ] Application time: 0.0000553 seconds
[2019-12-09T01:42:13.452+0000][1][safepoint    ] Entering safepoint region: RevokeBias
[2019-12-09T01:42:13.452+0000][1][safepoint    ] Leaving safepoint region
[2019-12-09T01:42:13.452+0000][1][safepoint    ] Total time for which application threads were stopped: 0.0000466 seconds, Stopping threads took: 0.0000089 seconds
[2019-12-09T01:42:13.452+0000][1][safepoint    ] Application time: 0.0000759 seconds
[2019-12-09T01:42:13.452+0000][1][safepoint    ] Entering safepoint region: RevokeBias
[2019-12-09T01:42:13.452+0000][1][safepoint    ] Leaving safepoint region
[2019-12-09T01:42:13.452+0000][1][safepoint    ] Total time for which application threads were stopped: 0.0000473 seconds, Stopping threads took: 0.0000088 seconds
[2019-12-09T01:42:13.453+0000][1][safepoint    ] Application time: 0.0001569 seconds
[2019-12-09T01:42:13.453+0000][1][safepoint    ] Entering safepoint region: RevokeBias
[2019-12-09T01:42:13.453+0000][1][safepoint    ] Leaving safepoint region
[2019-12-09T01:42:13.453+0000][1][safepoint    ] Total time for which application threads were stopped: 0.0000529 seconds, Stopping threads took: 0.0000095 seconds
[2019-12-09T01:42:14.455+0000][1][safepoint    ] Application time: 1.0020337 seconds
[2019-12-09T01:42:14.455+0000][1][safepoint    ] Entering safepoint region: Cleanup
[2019-12-09T01:42:14.455+0000][1][safepoint    ] Leaving safepoint region
[2019-12-09T01:42:14.455+0000][1][safepoint    ] Total time for which application threads were stopped: 0.0000888 seconds, Stopping threads took: 0.0000154 seconds
[2019-12-09T01:42:14.919+0000][1][safepoint    ] Application time: 0.4638627 seconds
[2019-12-09T01:42:14.919+0000][1][safepoint    ] Entering safepoint region: GenCollectForAllocation
[2019-12-09T01:42:14.919+0000][1][gc,start     ] GC(0) Pause Young (Allocation Failure)
[2019-12-09T01:42:14.919+0000][1][gc,task      ] GC(0) Using 2 workers of 2 for evacuation
[2019-12-09T01:42:15.080+0000][1][gc,age       ] GC(0) Desired survivor size 4456448 bytes, new threshold 1 (max threshold 6)
[2019-12-09T01:42:15.080+0000][1][gc,age       ] GC(0) Age table with threshold 1 (max threshold 6)
[2019-12-09T01:42:15.080+0000][1][gc,age       ] GC(0) - age   1:    6701808 bytes,    6701808 total
[2019-12-09T01:42:15.080+0000][1][gc,heap      ] GC(0) ParNew: 69952K->6594K(78656K)
[2019-12-09T01:42:15.080+0000][1][gc,heap      ] GC(0) CMS: 0K->0K(174784K)
[2019-12-09T01:42:15.080+0000][1][gc,metaspace ] GC(0) Metaspace: 12987K->12987K(1060864K)
[2019-12-09T01:42:15.080+0000][1][gc           ] GC(0) Pause Young (Allocation Failure) 68M->6M(247M) 161.106ms
[2019-12-09T01:42:15.080+0000][1][gc,cpu       ] GC(0) User=0.02s Sys=0.00s Real=0.16s
[2019-12-09T01:42:15.080+0000][1][safepoint    ] Leaving safepoint region
[2019-12-09T01:42:15.080+0000][1][safepoint    ] Total time for which application threads were stopped: 0.1613204 seconds, Stopping threads took: 0.0000679 seconds
[2019-12-09T01:42:15.084+0000][1][safepoint    ] Application time: 0.0043253 seconds
[2019-12-09T01:42:15.084+0000][1][safepoint    ] Entering safepoint region: RevokeBias
[2019-12-09T01:42:15.085+0000][1][safepoint    ] Leaving safepoint region
[2019-12-09T01:42:15.085+0000][1][safepoint    ] Total time for which application threads were stopped: 0.0001256 seconds, Stopping threads took: 0.0000245 seconds
[2019-12-09T01:42:15.085+0000][1][safepoint    ] Application time: 0.0001470 seconds
[2019-12-09T01:42:15.085+0000][1][safepoint    ] Entering safepoint region: RevokeBias
[2019-12-09T01:42:15.085+0000][1][safepoint    ] Leaving safepoint region
[2019-12-09T01:42:15.085+0000][1][safepoint    ] Total time for which application threads were stopped: 0.0000749 seconds, Stopping threads took: 0.0000099 seconds
[2019-12-09T01:42:15.085+0000][1][safepoint    ] Application time: 0.0000631 seconds
[2019-12-09T01:42:15.085+0000][1][safepoint    ] Entering safepoint region: RevokeBias
[2019-12-09T01:42:15.085+0000][1][safepoint    ] Leaving safepoint region
[2019-12-09T01:42:15.085+0000][1][safepoint    ] Total time for which application threads were stopped: 0.0000535 seconds, Stopping threads took: 0.0000080 seconds
[2019-12-09T01:42:15.085+0000][1][safepoint    ] Application time: 0.0000485 seconds
[2019-12-09T01:42:15.085+0000][1][safepoint    ] Entering safepoint region: RevokeBias
[2019-12-09T01:42:15.085+0000][1][safepoint    ] Leaving safepoint region
[2019-12-09T01:42:15.085+0000][1][safepoint    ] Total time for which application threads were stopped: 0.0000431 seconds, Stopping threads took: 0.0000076 seconds
[2019-12-09T01:42:15.085+0000][1][safepoint    ] Application time: 0.0000550 seconds
[2019-12-09T01:42:15.085+0000][1][safepoint    ] Entering safepoint region: RevokeBias
[2019-12-09T01:42:15.085+0000][1][safepoint    ] Leaving safepoint region
[2019-12-09T01:42:15.085+0000][1][safepoint    ] Total time for which application threads were stopped: 0.0000449 seconds, Stopping threads took: 0.0000076 seconds
[2019-12-09T01:42:15.085+0000][1][safepoint    ] Application time: 0.0000465 seconds
[2019-12-09T01:42:15.085+0000][1][safepoint    ] Entering safepoint region: RevokeBias
[2019-12-09T01:42:15.085+0000][1][safepoint    ] Leaving safepoint region
[2019-12-09T01:42:15.085+0000][1][safepoint    ] Total time for which application threads were stopped: 0.0000425 seconds, Stopping threads took: 0.0000072 seconds
[2019-12-09T01:42:15.085+0000][1][safepoint    ] Application time: 0.0000533 seconds
[2019-12-09T01:42:15.085+0000][1][safepoint    ] Entering safepoint region: RevokeBias
[2019-12-09T01:42:15.085+0000][1][safepoint    ] Leaving safepoint region
[2019-12-09T01:42:15.085+0000][1][safepoint    ] Total time for which application threads were stopped: 0.0000432 seconds, Stopping threads took: 0.0000072 seconds
[2019-12-09T01:42:15.085+0000][1][safepoint    ] Application time: 0.0000462 seconds
[2019-12-09T01:42:15.085+0000][1][safepoint    ] Entering safepoint region: RevokeBias
[2019-12-09T01:42:15.085+0000][1][safepoint    ] Leaving safepoint region
[2019-12-09T01:42:15.085+0000][1][safepoint    ] Total time for which application threads were stopped: 0.0000421 seconds, Stopping threads took: 0.0000071 seconds
[2019-12-09T01:42:15.086+0000][1][safepoint    ] Application time: 0.0000536 seconds
[2019-12-09T01:42:15.086+0000][1][safepoint    ] Entering safepoint region: RevokeBias
[2019-12-09T01:42:15.086+0000][1][safepoint    ] Leaving safepoint region
[2019-12-09T01:42:15.086+0000][1][safepoint    ] Total time for which application threads were stopped: 0.0000439 seconds, Stopping threads took: 0.0000073 seconds
[2019-12-09T01:42:15.086+0000][1][safepoint    ] Application time: 0.0000445 seconds
[2019-12-09T01:42:15.086+0000][1][safepoint    ] Entering safepoint region: RevokeBias
[2019-12-09T01:42:15.086+0000][1][safepoint    ] Leaving safepoint region
[2019-12-09T01:42:15.086+0000][1][safepoint    ] Total time for which application threads were stopped: 0.0000634 seconds, Stopping threads took: 0.0000136 seconds
[2019-12-09T01:42:15.089+0000][1][safepoint    ] Application time: 0.0029998 seconds
[2019-12-09T01:42:15.089+0000][1][safepoint    ] Entering safepoint region: RevokeBias
[2019-12-09T01:42:15.089+0000][1][safepoint    ] Leaving safepoint region
[2019-12-09T01:42:15.089+0000][1][safepoint    ] Total time for which application threads were stopped: 0.0001077 seconds, Stopping threads took: 0.0000647 seconds
[2019-12-09T01:42:15.089+0000][1][safepoint    ] Application time: 0.0000629 seconds
[2019-12-09T01:42:15.089+0000][1][safepoint    ] Entering safepoint region: RevokeBias
[2019-12-09T01:42:15.089+0000][1][safepoint    ] Leaving safepoint region
[2019-12-09T01:42:15.089+0000][1][safepoint    ] Total time for which application threads were stopped: 0.0000437 seconds, Stopping threads took: 0.0000086 seconds
[2019-12-09T01:42:15.089+0000][1][safepoint    ] Application time: 0.0000611 seconds
[2019-12-09T01:42:15.089+0000][1][safepoint    ] Entering safepoint region: RevokeBias
[2019-12-09T01:42:15.089+0000][1][safepoint    ] Leaving safepoint region
[2019-12-09T01:42:15.089+0000][1][safepoint    ] Total time for which application threads were stopped: 0.0000441 seconds, Stopping threads took: 0.0000086 seconds
[2019-12-09T01:42:15.089+0000][1][safepoint    ] Application time: 0.0000514 seconds
[2019-12-09T01:42:15.089+0000][1][safepoint    ] Entering safepoint region: RevokeBias
[2019-12-09T01:42:15.089+0000][1][safepoint    ] Leaving safepoint region
[2019-12-09T01:42:15.089+0000][1][safepoint    ] Total time for which application threads were stopped: 0.0000420 seconds, Stopping threads took: 0.0000081 seconds
[2019-12-09T01:42:15.089+0000][1][safepoint    ] Application time: 0.0000558 seconds
[2019-12-09T01:42:15.089+0000][1][safepoint    ] Entering safepoint region: RevokeBias
[2019-12-09T01:42:15.089+0000][1][safepoint    ] Leaving safepoint region
[2019-12-09T01:42:15.089+0000][1][safepoint    ] Total time for which application threads were stopped: 0.0000428 seconds, Stopping threads took: 0.0000080 seconds
[2019-12-09T01:42:15.089+0000][1][safepoint    ] Application time: 0.0000544 seconds
[2019-12-09T01:42:15.089+0000][1][safepoint    ] Entering safepoint region: RevokeBias
[2019-12-09T01:42:15.089+0000][1][safepoint    ] Leaving safepoint region
[2019-12-09T01:42:15.089+0000][1][safepoint    ] Total time for which application threads were stopped: 0.0000354 seconds, Stopping threads took: 0.0000068 seconds
[2019-12-09T01:42:15.089+0000][1][safepoint    ] Application time: 0.0000532 seconds
[2019-12-09T01:42:15.089+0000][1][safepoint    ] Entering safepoint region: RevokeBias
[2019-12-09T01:42:15.090+0000][1][safepoint    ] Leaving safepoint region
[2019-12-09T01:42:15.090+0000][1][safepoint    ] Total time for which application threads were stopped: 0.0000377 seconds, Stopping threads took: 0.0000071 seconds
[2019-12-09T01:42:15.090+0000][1][safepoint    ] Application time: 0.0000449 seconds
[2019-12-09T01:42:15.090+0000][1][safepoint    ] Entering safepoint region: RevokeBias
[2019-12-09T01:42:15.090+0000][1][safepoint    ] Leaving safepoint region
[2019-12-09T01:42:15.090+0000][1][safepoint    ] Total time for which application threads were stopped: 0.0000370 seconds, Stopping threads took: 0.0000070 seconds
[2019-12-09T01:42:15.090+0000][1][safepoint    ] Application time: 0.0000894 seconds
[2019-12-09T01:42:15.090+0000][1][safepoint    ] Entering safepoint region: RevokeBias
[2019-12-09T01:42:15.090+0000][1][safepoint    ] Leaving safepoint region
[2019-12-09T01:42:15.090+0000][1][safepoint    ] Total time for which application threads were stopped: 0.0000403 seconds, Stopping threads took: 0.0000077 seconds
[2019-12-09T01:42:15.090+0000][1][safepoint    ] Application time: 0.0000474 seconds
[2019-12-09T01:42:15.090+0000][1][safepoint    ] Entering safepoint region: RevokeBias
[2019-12-09T01:42:15.090+0000][1][safepoint    ] Leaving safepoint region
[2019-12-09T01:42:15.090+0000][1][safepoint    ] Total time for which application threads were stopped: 0.0000482 seconds, Stopping threads took: 0.0000129 seconds
[2019-12-09T01:42:15.090+0000][1][safepoint    ] Application time: 0.0000625 seconds
[2019-12-09T01:42:15.090+0000][1][safepoint    ] Entering safepoint region: RevokeBias
[2019-12-09T01:42:15.090+0000][1][safepoint    ] Leaving safepoint region
[2019-12-09T01:42:15.090+0000][1][safepoint    ] Total time for which application threads were stopped: 0.0000441 seconds, Stopping threads took: 0.0000072 seconds
[2019-12-09T01:42:15.090+0000][1][safepoint    ] Application time: 0.0000450 seconds
[2019-12-09T01:42:15.090+0000][1][safepoint    ] Entering safepoint region: RevokeBias
[2019-12-09T01:42:15.090+0000][1][safepoint    ] Leaving safepoint region
[2019-12-09T01:42:15.090+0000][1][safepoint    ] Total time for which application threads were stopped: 0.0000368 seconds, Stopping threads took: 0.0000063 seconds
[2019-12-09T01:42:15.090+0000][1][safepoint    ] Application time: 0.0000496 seconds
[2019-12-09T01:42:15.090+0000][1][safepoint    ] Entering safepoint region: RevokeBias
[2019-12-09T01:42:15.090+0000][1][safepoint    ] Leaving safepoint region
[2019-12-09T01:42:15.090+0000][1][safepoint    ] Total time for which application threads were stopped: 0.0000393 seconds, Stopping threads took: 0.0000071 seconds
[2019-12-09T01:42:15.090+0000][1][safepoint    ] Application time: 0.0000452 seconds
[2019-12-09T01:42:15.090+0000][1][safepoint    ] Entering safepoint region: RevokeBias
[2019-12-09T01:42:15.090+0000][1][safepoint    ] Leaving safepoint region
[2019-12-09T01:42:15.090+0000][1][safepoint    ] Total time for which application threads were stopped: 0.0000360 seconds, Stopping threads took: 0.0000071 seconds
[2019-12-09T01:42:15.090+0000][1][safepoint    ] Application time: 0.0000688 seconds
[2019-12-09T01:42:15.090+0000][1][safepoint    ] Entering safepoint region: RevokeBias
[2019-12-09T01:42:15.090+0000][1][safepoint    ] Leaving safepoint region
[2019-12-09T01:42:15.090+0000][1][safepoint    ] Total time for which application threads were stopped: 0.0000370 seconds, Stopping threads took: 0.0000069 seconds
[2019-12-09T01:42:15.090+0000][1][safepoint    ] Application time: 0.0000450 seconds
[2019-12-09T01:42:15.090+0000][1][safepoint    ] Entering safepoint region: RevokeBias
[2019-12-09T01:42:15.091+0000][1][safepoint    ] Leaving safepoint region
[2019-12-09T01:42:15.091+0000][1][safepoint    ] Total time for which application threads were stopped: 0.0000367 seconds, Stopping threads took: 0.0000070 seconds
[2019-12-09T01:42:15.091+0000][1][safepoint    ] Application time: 0.0003457 seconds
[2019-12-09T01:42:15.091+0000][1][safepoint    ] Entering safepoint region: RevokeBias
[2019-12-09T01:42:15.091+0000][1][safepoint    ] Leaving safepoint region
[2019-12-09T01:42:15.091+0000][1][safepoint    ] Total time for which application threads were stopped: 0.0000480 seconds, Stopping threads took: 0.0000092 seconds
[2019-12-09T01:42:15.109+0000][1][safepoint    ] Application time: 0.0177625 seconds
[2019-12-09T01:42:15.160+0000][1][safepoint    ] Entering safepoint region: RevokeBias
[2019-12-09T01:42:15.160+0000][1][safepoint    ] Leaving safepoint region
[2019-12-09T01:42:15.160+0000][1][safepoint    ] Total time for which application threads were stopped: 0.0515661 seconds, Stopping threads took: 0.0514684 seconds
[2019-12-09T01:42:15.160+0000][1][safepoint    ] Application time: 0.0001074 seconds
[2019-12-09T01:42:15.160+0000][1][safepoint    ] Entering safepoint region: RevokeBias
[2019-12-09T01:42:15.160+0000][1][safepoint    ] Leaving safepoint region
[2019-12-09T01:42:15.160+0000][1][safepoint    ] Total time for which application threads were stopped: 0.0000663 seconds, Stopping threads took: 0.0000100 seconds
[2019-12-09T01:42:15.161+0000][1][safepoint    ] Application time: 0.0000545 seconds
[2019-12-09T01:42:15.161+0000][1][safepoint    ] Entering safepoint region: RevokeBias
[2019-12-09T01:42:15.161+0000][1][safepoint    ] Leaving safepoint region
[2019-12-09T01:42:15.161+0000][1][safepoint    ] Total time for which application threads were stopped: 0.0000699 seconds, Stopping threads took: 0.0000193 seconds
[2019-12-09T01:42:16.217+0000][1][safepoint    ] Application time: 1.0567013 seconds
[2019-12-09T01:42:16.217+0000][1][safepoint    ] Entering safepoint region: Deoptimize
[2019-12-09T01:42:16.218+0000][1][safepoint    ] Leaving safepoint region
[2019-12-09T01:42:16.218+0000][1][safepoint    ] Total time for which application threads were stopped: 0.0004736 seconds, Stopping threads took: 0.0000142 seconds
[2019-12-09T01:42:17.219+0000][1][safepoint    ] Application time: 1.0008772 seconds
[2019-12-09T01:42:17.267+0000][1][safepoint    ] Entering safepoint region: Cleanup
[2019-12-09T01:42:17.267+0000][1][safepoint    ] Leaving safepoint region
[2019-12-09T01:42:17.267+0000][1][safepoint    ] Total time for which application threads were stopped: 0.0480755 seconds, Stopping threads took: 0.0479966 seconds
[2019-12-09T01:42:17.370+0000][1][safepoint    ] Application time: 0.1026967 seconds
[2019-12-09T01:42:17.370+0000][1][safepoint    ] Entering safepoint region: RevokeBias
[2019-12-09T01:42:17.370+0000][1][safepoint    ] Leaving safepoint region
[2019-12-09T01:42:17.370+0000][1][safepoint    ] Total time for which application threads were stopped: 0.0001006 seconds, Stopping threads took: 0.0000138 seconds
[2019-12-09T01:42:18.414+0000][1][safepoint    ] Application time: 1.0439986 seconds
[2019-12-09T01:42:18.414+0000][1][safepoint    ] Entering safepoint region: Cleanup
[2019-12-09T01:42:18.414+0000][1][safepoint    ] Leaving safepoint region
[2019-12-09T01:42:18.414+0000][1][safepoint    ] Total time for which application threads were stopped: 0.0000702 seconds, Stopping threads took: 0.0000154 seconds
[2019-12-09T01:42:19.245+0000][1][safepoint    ] Application time: 0.8309150 seconds
[2019-12-09T01:42:19.245+0000][1][safepoint    ] Entering safepoint region: GenCollectForAllocation
[2019-12-09T01:42:19.245+0000][1][gc,start     ] GC(1) Pause Young (Allocation Failure)
[2019-12-09T01:42:19.245+0000][1][gc,task      ] GC(1) Using 2 workers of 2 for evacuation
[2019-12-09T01:42:19.502+0000][1][gc,age       ] GC(1) Desired survivor size 4456448 bytes, new threshold 6 (max threshold 6)
[2019-12-09T01:42:19.502+0000][1][gc,age       ] GC(1) Age table with threshold 6 (max threshold 6)
[2019-12-09T01:42:19.502+0000][1][gc,age       ] GC(1) - age   1:    1241912 bytes,    1241912 total
[2019-12-09T01:42:19.502+0000][1][gc,heap      ] GC(1) ParNew: 76546K->4274K(78656K)
[2019-12-09T01:42:19.502+0000][1][gc,heap      ] GC(1) CMS: 0K->7036K(174784K)
[2019-12-09T01:42:19.502+0000][1][gc,metaspace ] GC(1) Metaspace: 14906K->14906K(1062912K)
[2019-12-09T01:42:19.502+0000][1][gc           ] GC(1) Pause Young (Allocation Failure) 74M->11M(247M) 257.062ms
[2019-12-09T01:42:19.502+0000][1][gc,cpu       ] GC(1) User=0.07s Sys=0.00s Real=0.25s
[2019-12-09T01:42:19.502+0000][1][safepoint    ] Leaving safepoint region
[2019-12-09T01:42:19.502+0000][1][safepoint    ] Total time for which application threads were stopped: 0.2572186 seconds, Stopping threads took: 0.0000128 seconds
[2019-12-09T01:42:19.533+0000][1][safepoint    ] Application time: 0.0309134 seconds
[2019-12-09T01:42:19.563+0000][1][safepoint    ] Entering safepoint region: BulkRevokeBias
[2019-12-09T01:42:19.563+0000][1][safepoint    ] Leaving safepoint region
[2019-12-09T01:42:19.563+0000][1][safepoint    ] Total time for which application threads were stopped: 0.0304334 seconds, Stopping threads took: 0.0303158 seconds
[2019-12-09T01:42:19.564+0000][1][safepoint    ] Application time: 0.0001282 seconds
[2019-12-09T01:42:19.564+0000][1][safepoint    ] Entering safepoint region: RevokeBias
[2019-12-09T01:42:19.564+0000][1][safepoint    ] Leaving safepoint region
[2019-12-09T01:42:19.564+0000][1][safepoint    ] Total time for which application threads were stopped: 0.0000435 seconds, Stopping threads took: 0.0000093 seconds
[2019-12-09T01:42:19.564+0000][1][safepoint    ] Application time: 0.0000748 seconds
[2019-12-09T01:42:19.564+0000][1][safepoint    ] Entering safepoint region: RevokeBias
[2019-12-09T01:42:19.564+0000][1][safepoint    ] Leaving safepoint region
[2019-12-09T01:42:19.564+0000][1][safepoint    ] Total time for which application threads were stopped: 0.0000426 seconds, Stopping threads took: 0.0000081 seconds
[2019-12-09T01:42:19.564+0000][1][safepoint    ] Application time: 0.0000472 seconds
[2019-12-09T01:42:19.564+0000][1][safepoint    ] Entering safepoint region: RevokeBias
[2019-12-09T01:42:19.564+0000][1][safepoint    ] Leaving safepoint region
[2019-12-09T01:42:19.564+0000][1][safepoint    ] Total time for which application threads were stopped: 0.0000316 seconds, Stopping threads took: 0.0000071 seconds
[2019-12-09T01:42:19.564+0000][1][safepoint    ] Application time: 0.0000488 seconds
[2019-12-09T01:42:19.564+0000][1][safepoint    ] Entering safepoint region: RevokeBias
[2019-12-09T01:42:19.564+0000][1][safepoint    ] Leaving safepoint region
[2019-12-09T01:42:19.564+0000][1][safepoint    ] Total time for which application threads were stopped: 0.0000304 seconds, Stopping threads took: 0.0000065 seconds
[2019-12-09T01:42:19.564+0000][1][safepoint    ] Application time: 0.0000444 seconds
[2019-12-09T01:42:19.564+0000][1][safepoint    ] Entering safepoint region: RevokeBias
[2019-12-09T01:42:19.564+0000][1][safepoint    ] Leaving safepoint region
[2019-12-09T01:42:19.564+0000][1][safepoint    ] Total time for which application threads were stopped: 0.0000298 seconds, Stopping threads took: 0.0000068 seconds
[2019-12-09T01:42:19.564+0000][1][safepoint    ] Application time: 0.0000520 seconds
[2019-12-09T01:42:19.564+0000][1][safepoint    ] Entering safepoint region: BulkRevokeBias
[2019-12-09T01:42:19.564+0000][1][safepoint    ] Leaving safepoint region
[2019-12-09T01:42:19.564+0000][1][safepoint    ] Total time for which application threads were stopped: 0.0000619 seconds, Stopping threads took: 0.0000073 seconds
[2019-12-09T01:42:19.564+0000][1][safepoint    ] Application time: 0.0000515 seconds
[2019-12-09T01:42:19.564+0000][1][safepoint    ] Entering safepoint region: RevokeBias
[2019-12-09T01:42:19.564+0000][1][safepoint    ] Leaving safepoint region
[2019-12-09T01:42:19.564+0000][1][safepoint    ] Total time for which application threads were stopped: 0.0000331 seconds, Stopping threads took: 0.0000075 seconds
[2019-12-09T01:42:19.564+0000][1][safepoint    ] Application time: 0.0000513 seconds
[2019-12-09T01:42:19.564+0000][1][safepoint    ] Entering safepoint region: BulkRevokeBias
[2019-12-09T01:42:19.564+0000][1][safepoint    ] Leaving safepoint region
[2019-12-09T01:42:19.564+0000][1][safepoint    ] Total time for which application threads were stopped: 0.0000538 seconds, Stopping threads took: 0.0000070 seconds
[2019-12-09T01:42:20.572+0000][1][safepoint    ] Application time: 1.0073388 seconds
[2019-12-09T01:42:20.626+0000][1][safepoint    ] Entering safepoint region: Cleanup
[2019-12-09T01:42:20.626+0000][1][safepoint    ] Leaving safepoint region
[2019-12-09T01:42:20.626+0000][1][safepoint    ] Total time for which application threads were stopped: 0.0540889 seconds, Stopping threads took: 0.0540247 seconds
[2019-12-09T01:42:20.823+0000][1][safepoint    ] Application time: 0.1974780 seconds
[2019-12-09T01:42:20.823+0000][1][safepoint    ] Entering safepoint region: GenCollectForAllocation
[2019-12-09T01:42:20.823+0000][1][gc,start     ] GC(2) Pause Young (Allocation Failure)
[2019-12-09T01:42:20.823+0000][1][gc,task      ] GC(2) Using 2 workers of 2 for evacuation
[2019-12-09T01:42:20.900+0000][1][gc,age       ] GC(2) Desired survivor size 4456448 bytes, new threshold 6 (max threshold 6)
[2019-12-09T01:42:20.900+0000][1][gc,age       ] GC(2) Age table with threshold 6 (max threshold 6)
[2019-12-09T01:42:20.900+0000][1][gc,age       ] GC(2) - age   1:    1058872 bytes,    1058872 total
[2019-12-09T01:42:20.900+0000][1][gc,age       ] GC(2) - age   2:     973880 bytes,    2032752 total
[2019-12-09T01:42:20.900+0000][1][gc,heap      ] GC(2) ParNew: 74226K->2184K(78656K)
[2019-12-09T01:42:20.900+0000][1][gc,heap      ] GC(2) CMS: 7036K->7036K(174784K)
[2019-12-09T01:42:20.900+0000][1][gc,metaspace ] GC(2) Metaspace: 15004K->15004K(1062912K)
[2019-12-09T01:42:20.900+0000][1][gc           ] GC(2) Pause Young (Allocation Failure) 79M->9M(247M) 76.503ms
[2019-12-09T01:42:20.900+0000][1][gc,cpu       ] GC(2) User=0.02s Sys=0.00s Real=0.08s
[2019-12-09T01:42:20.900+0000][1][safepoint    ] Leaving safepoint region
[2019-12-09T01:42:20.900+0000][1][safepoint    ] Total time for which application threads were stopped: 0.0766399 seconds, Stopping threads took: 0.0000144 seconds
[2019-12-09T01:42:20.901+0000][1][safepoint    ] Application time: 0.0009155 seconds
[2019-12-09T01:42:20.901+0000][1][safepoint    ] Entering safepoint region: RevokeBias
[2019-12-09T01:42:20.901+0000][1][safepoint    ] Leaving safepoint region
[2019-12-09T01:42:20.901+0000][1][safepoint    ] Total time for which application threads were stopped: 0.0000863 seconds, Stopping threads took: 0.0000126 seconds
[2019-12-09T01:42:20.901+0000][1][safepoint    ] Application time: 0.0000572 seconds
[2019-12-09T01:42:20.901+0000][1][safepoint    ] Entering safepoint region: RevokeBias
[2019-12-09T01:42:20.901+0000][1][safepoint    ] Leaving safepoint region
[2019-12-09T01:42:20.901+0000][1][safepoint    ] Total time for which application threads were stopped: 0.0000457 seconds, Stopping threads took: 0.0000085 seconds
[2019-12-09T01:42:20.901+0000][1][safepoint    ] Application time: 0.0000624 seconds
[2019-12-09T01:42:20.901+0000][1][safepoint    ] Entering safepoint region: RevokeBias
[2019-12-09T01:42:20.901+0000][1][safepoint    ] Leaving safepoint region
[2019-12-09T01:42:20.901+0000][1][safepoint    ] Total time for which application threads were stopped: 0.0000436 seconds, Stopping threads took: 0.0000084 seconds
[2019-12-09T01:42:20.901+0000][1][safepoint    ] Application time: 0.0000514 seconds
[2019-12-09T01:42:20.901+0000][1][safepoint    ] Entering safepoint region: RevokeBias
[2019-12-09T01:42:20.901+0000][1][safepoint    ] Leaving safepoint region
[2019-12-09T01:42:20.901+0000][1][safepoint    ] Total time for which application threads were stopped: 0.0000420 seconds, Stopping threads took: 0.0000081 seconds
[2019-12-09T01:42:20.901+0000][1][safepoint    ] Application time: 0.0000571 seconds
[2019-12-09T01:42:20.901+0000][1][safepoint    ] Entering safepoint region: RevokeBias
[2019-12-09T01:42:20.902+0000][1][safepoint    ] Leaving safepoint region
[2019-12-09T01:42:20.902+0000][1][safepoint    ] Total time for which application threads were stopped: 0.0000442 seconds, Stopping threads took: 0.0000082 seconds
[2019-12-09T01:42:20.902+0000][1][safepoint    ] Application time: 0.0000596 seconds
[2019-12-09T01:42:20.902+0000][1][safepoint    ] Entering safepoint region: RevokeBias
[2019-12-09T01:42:20.902+0000][1][safepoint    ] Leaving safepoint region
[2019-12-09T01:42:20.902+0000][1][safepoint    ] Total time for which application threads were stopped: 0.0000399 seconds, Stopping threads took: 0.0000072 seconds
[2019-12-09T01:42:20.902+0000][1][safepoint    ] Application time: 0.0000664 seconds
[2019-12-09T01:42:20.902+0000][1][safepoint    ] Entering safepoint region: RevokeBias
[2019-12-09T01:42:20.902+0000][1][safepoint    ] Leaving safepoint region
[2019-12-09T01:42:20.902+0000][1][safepoint    ] Total time for which application threads were stopped: 0.0000676 seconds, Stopping threads took: 0.0000307 seconds
[2019-12-09T01:42:20.902+0000][1][safepoint    ] Application time: 0.0000630 seconds
[2019-12-09T01:42:20.902+0000][1][safepoint    ] Entering safepoint region: RevokeBias
[2019-12-09T01:42:20.902+0000][1][safepoint    ] Leaving safepoint region
[2019-12-09T01:42:20.902+0000][1][safepoint    ] Total time for which application threads were stopped: 0.0000411 seconds, Stopping threads took: 0.0000075 seconds
[2019-12-09T01:42:20.902+0000][1][safepoint    ] Application time: 0.0000602 seconds
[2019-12-09T01:42:20.902+0000][1][safepoint    ] Entering safepoint region: RevokeBias
[2019-12-09T01:42:20.902+0000][1][safepoint    ] Leaving safepoint region
[2019-12-09T01:42:20.902+0000][1][safepoint    ] Total time for which application threads were stopped: 0.0000494 seconds, Stopping threads took: 0.0000150 seconds
[2019-12-09T01:42:20.902+0000][1][safepoint    ] Application time: 0.0000529 seconds
[2019-12-09T01:42:20.902+0000][1][safepoint    ] Entering safepoint region: RevokeBias
[2019-12-09T01:42:20.902+0000][1][safepoint    ] Leaving safepoint region
[2019-12-09T01:42:20.902+0000][1][safepoint    ] Total time for which application threads were stopped: 0.0000409 seconds, Stopping threads took: 0.0000079 seconds
[2019-12-09T01:42:20.902+0000][1][safepoint    ] Application time: 0.0000594 seconds
[2019-12-09T01:42:20.902+0000][1][safepoint    ] Entering safepoint region: RevokeBias
[2019-12-09T01:42:20.902+0000][1][safepoint    ] Leaving safepoint region
[2019-12-09T01:42:20.902+0000][1][safepoint    ] Total time for which application threads were stopped: 0.0000445 seconds, Stopping threads took: 0.0000075 seconds
[2019-12-09T01:42:20.902+0000][1][safepoint    ] Application time: 0.0000513 seconds
[2019-12-09T01:42:20.902+0000][1][safepoint    ] Entering safepoint region: RevokeBias
[2019-12-09T01:42:20.902+0000][1][safepoint    ] Leaving safepoint region
[2019-12-09T01:42:20.902+0000][1][safepoint    ] Total time for which application threads were stopped: 0.0000394 seconds, Stopping threads took: 0.0000077 seconds
[2019-12-09T01:42:20.902+0000][1][safepoint    ] Application time: 0.0000574 seconds
[2019-12-09T01:42:20.902+0000][1][safepoint    ] Entering safepoint region: RevokeBias
[2019-12-09T01:42:20.902+0000][1][safepoint    ] Leaving safepoint region
[2019-12-09T01:42:20.902+0000][1][safepoint    ] Total time for which application threads were stopped: 0.0000452 seconds, Stopping threads took: 0.0000078 seconds
[2019-12-09T01:42:20.903+0000][1][safepoint    ] Application time: 0.0000509 seconds
[2019-12-09T01:42:20.903+0000][1][safepoint    ] Entering safepoint region: RevokeBias
[2019-12-09T01:42:20.903+0000][1][safepoint    ] Leaving safepoint region
[2019-12-09T01:42:20.903+0000][1][safepoint    ] Total time for which application threads were stopped: 0.0000424 seconds, Stopping threads took: 0.0000080 seconds
[2019-12-09T01:42:20.903+0000][1][safepoint    ] Application time: 0.0000599 seconds
[2019-12-09T01:42:20.903+0000][1][safepoint    ] Entering safepoint region: RevokeBias
[2019-12-09T01:42:20.903+0000][1][safepoint    ] Leaving safepoint region
[2019-12-09T01:42:20.903+0000][1][safepoint    ] Total time for which application threads were stopped: 0.0000635 seconds, Stopping threads took: 0.0000085 seconds
[2019-12-09T01:42:20.903+0000][1][safepoint    ] Application time: 0.0000551 seconds
[2019-12-09T01:42:20.903+0000][1][safepoint    ] Entering safepoint region: RevokeBias
[2019-12-09T01:42:20.903+0000][1][safepoint    ] Leaving safepoint region
[2019-12-09T01:42:20.903+0000][1][safepoint    ] Total time for which application threads were stopped: 0.0000423 seconds, Stopping threads took: 0.0000086 seconds
[2019-12-09T01:42:20.903+0000][1][safepoint    ] Application time: 0.0000562 seconds
[2019-12-09T01:42:20.903+0000][1][safepoint    ] Entering safepoint region: RevokeBias
[2019-12-09T01:42:20.903+0000][1][safepoint    ] Leaving safepoint region
[2019-12-09T01:42:20.903+0000][1][safepoint    ] Total time for which application threads were stopped: 0.0000413 seconds, Stopping threads took: 0.0000079 seconds
[2019-12-09T01:42:20.903+0000][1][safepoint    ] Application time: 0.0000503 seconds
[2019-12-09T01:42:20.903+0000][1][safepoint    ] Entering safepoint region: RevokeBias
[2019-12-09T01:42:20.903+0000][1][safepoint    ] Leaving safepoint region
[2019-12-09T01:42:20.903+0000][1][safepoint    ] Total time for which application threads were stopped: 0.0000411 seconds, Stopping threads took: 0.0000077 seconds
[2019-12-09T01:42:22.244+0000][1][safepoint    ] Application time: 1.3410165 seconds
[2019-12-09T01:42:22.244+0000][1][safepoint    ] Entering safepoint region: Deoptimize
[2019-12-09T01:42:22.245+0000][1][safepoint    ] Leaving safepoint region
[2019-12-09T01:42:22.245+0000][1][safepoint    ] Total time for which application threads were stopped: 0.0004896 seconds, Stopping threads took: 0.0000211 seconds
[2019-12-09T01:42:22.245+0000][1][safepoint    ] Application time: 0.0005479 seconds
[2019-12-09T01:42:22.245+0000][1][safepoint    ] Entering safepoint region: Deoptimize
[2019-12-09T01:42:22.246+0000][1][safepoint    ] Leaving safepoint region
[2019-12-09T01:42:22.246+0000][1][safepoint    ] Total time for which application threads were stopped: 0.0003296 seconds, Stopping threads took: 0.0000117 seconds
[2019-12-09T01:42:23.247+0000][1][safepoint    ] Application time: 1.0011097 seconds
[2019-12-09T01:42:23.268+0000][1][safepoint    ] Entering safepoint region: Cleanup
[2019-12-09T01:42:23.268+0000][1][safepoint    ] Leaving safepoint region
[2019-12-09T01:42:23.268+0000][1][safepoint    ] Total time for which application threads were stopped: 0.0211351 seconds, Stopping threads took: 0.0210613 seconds
[2019-12-09T01:42:24.290+0000][1][safepoint    ] Application time: 1.0219165 seconds
[2019-12-09T01:42:24.382+0000][1][safepoint    ] Entering safepoint region: Cleanup
[2019-12-09T01:42:24.382+0000][1][safepoint    ] Leaving safepoint region
[2019-12-09T01:42:24.382+0000][1][safepoint    ] Total time for which application threads were stopped: 0.0926588 seconds, Stopping threads took: 0.0925969 seconds
[2019-12-09T01:42:24.745+0000][1][safepoint    ] Application time: 0.3630532 seconds
[2019-12-09T01:42:24.746+0000][1][safepoint    ] Entering safepoint region: GenCollectForAllocation
[2019-12-09T01:42:24.746+0000][1][gc,start     ] GC(3) Pause Young (Allocation Failure)
[2019-12-09T01:42:24.746+0000][1][gc,task      ] GC(3) Using 2 workers of 2 for evacuation
[2019-12-09T01:42:24.864+0000][1][gc,age       ] GC(3) Desired survivor size 4456448 bytes, new threshold 3 (max threshold 6)
[2019-12-09T01:42:24.864+0000][1][gc,age       ] GC(3) Age table with threshold 3 (max threshold 6)
[2019-12-09T01:42:24.864+0000][1][gc,age       ] GC(3) - age   1:    3228480 bytes,    3228480 total
[2019-12-09T01:42:24.864+0000][1][gc,age       ] GC(3) - age   2:    1042656 bytes,    4271136 total
[2019-12-09T01:42:24.864+0000][1][gc,age       ] GC(3) - age   3:     971832 bytes,    5242968 total
[2019-12-09T01:42:24.864+0000][1][gc,heap      ] GC(3) ParNew: 72136K->6256K(78656K)
[2019-12-09T01:42:24.864+0000][1][gc,heap      ] GC(3) CMS: 7036K->7036K(174784K)
[2019-12-09T01:42:24.864+0000][1][gc,metaspace ] GC(3) Metaspace: 18530K->18530K(1067008K)
[2019-12-09T01:42:24.864+0000][1][gc           ] GC(3) Pause Young (Allocation Failure) 77M->12M(247M) 118.687ms
[2019-12-09T01:42:24.864+0000][1][gc,cpu       ] GC(3) User=0.03s Sys=0.00s Real=0.11s
[2019-12-09T01:42:24.864+0000][1][safepoint    ] Leaving safepoint region
[2019-12-09T01:42:24.864+0000][1][safepoint    ] Total time for which application threads were stopped: 0.1188158 seconds, Stopping threads took: 0.0000142 seconds
[2019-12-09T01:42:24.866+0000][1][safepoint    ] Application time: 0.0015958 seconds
[2019-12-09T01:42:24.866+0000][1][safepoint    ] Entering safepoint region: BulkRevokeBias
[2019-12-09T01:42:24.866+0000][1][safepoint    ] Leaving safepoint region
[2019-12-09T01:42:24.866+0000][1][safepoint    ] Total time for which application threads were stopped: 0.0001395 seconds, Stopping threads took: 0.0000127 seconds
[2019-12-09T01:42:24.867+0000][1][safepoint    ] Application time: 0.0007177 seconds
[2019-12-09T01:42:24.867+0000][1][safepoint    ] Entering safepoint region: RevokeBias
[2019-12-09T01:42:24.867+0000][1][safepoint    ] Leaving safepoint region
[2019-12-09T01:42:24.867+0000][1][safepoint    ] Total time for which application threads were stopped: 0.0000634 seconds, Stopping threads took: 0.0000122 seconds
[2019-12-09T01:42:24.867+0000][1][safepoint    ] Application time: 0.0002034 seconds
[2019-12-09T01:42:24.867+0000][1][safepoint    ] Entering safepoint region: RevokeBias
[2019-12-09T01:42:24.867+0000][1][safepoint    ] Leaving safepoint region
[2019-12-09T01:42:24.867+0000][1][safepoint    ] Total time for which application threads were stopped: 0.0000547 seconds, Stopping threads took: 0.0000087 seconds
[2019-12-09T01:42:24.867+0000][1][safepoint    ] Application time: 0.0000515 seconds
[2019-12-09T01:42:24.867+0000][1][safepoint    ] Entering safepoint region: RevokeBias
[2019-12-09T01:42:24.867+0000][1][safepoint    ] Leaving safepoint region
[2019-12-09T01:42:24.867+0000][1][safepoint    ] Total time for which application threads were stopped: 0.0000359 seconds, Stopping threads took: 0.0000080 seconds
[2019-12-09T01:42:24.867+0000][1][safepoint    ] Application time: 0.0000537 seconds
[2019-12-09T01:42:24.867+0000][1][safepoint    ] Entering safepoint region: RevokeBias
[2019-12-09T01:42:24.867+0000][1][safepoint    ] Leaving safepoint region
[2019-12-09T01:42:24.867+0000][1][safepoint    ] Total time for which application threads were stopped: 0.0000330 seconds, Stopping threads took: 0.0000074 seconds
[2019-12-09T01:42:24.867+0000][1][safepoint    ] Application time: 0.0000438 seconds
[2019-12-09T01:42:24.867+0000][1][safepoint    ] Entering safepoint region: RevokeBias
[2019-12-09T01:42:24.867+0000][1][safepoint    ] Leaving safepoint region
[2019-12-09T01:42:24.867+0000][1][safepoint    ] Total time for which application threads were stopped: 0.0000311 seconds, Stopping threads took: 0.0000069 seconds
[2019-12-09T01:42:25.875+0000][1][safepoint    ] Application time: 1.0072143 seconds
[2019-12-09T01:42:25.875+0000][1][safepoint    ] Entering safepoint region: Cleanup
[2019-12-09T01:42:25.875+0000][1][safepoint    ] Leaving safepoint region
[2019-12-09T01:42:25.875+0000][1][safepoint    ] Total time for which application threads were stopped: 0.0000936 seconds, Stopping threads took: 0.0000539 seconds
[2019-12-09T01:42:26.169+0000][1][safepoint    ] Application time: 0.2938059 seconds
[2019-12-09T01:42:26.169+0000][1][safepoint    ] Entering safepoint region: GenCollectForAllocation
[2019-12-09T01:42:26.169+0000][1][gc,start     ] GC(4) Pause Young (Allocation Failure)
[2019-12-09T01:42:26.169+0000][1][gc,task      ] GC(4) Using 2 workers of 2 for evacuation
[2019-12-09T01:42:26.323+0000][1][gc,age       ] GC(4) Desired survivor size 4456448 bytes, new threshold 2 (max threshold 6)
[2019-12-09T01:42:26.323+0000][1][gc,age       ] GC(4) Age table with threshold 2 (max threshold 6)
[2019-12-09T01:42:26.323+0000][1][gc,age       ] GC(4) - age   1:    1837480 bytes,    1837480 total
[2019-12-09T01:42:26.323+0000][1][gc,age       ] GC(4) - age   2:    2670040 bytes,    4507520 total
[2019-12-09T01:42:26.323+0000][1][gc,age       ] GC(4) - age   3:    1042656 bytes,    5550176 total
[2019-12-09T01:42:26.323+0000][1][gc,heap      ] GC(4) ParNew: 76208K->6209K(78656K)
[2019-12-09T01:42:26.323+0000][1][gc,heap      ] GC(4) CMS: 7036K->7998K(174784K)
[2019-12-09T01:42:26.323+0000][1][gc,metaspace ] GC(4) Metaspace: 18747K->18747K(1067008K)
[2019-12-09T01:42:26.323+0000][1][gc           ] GC(4) Pause Young (Allocation Failure) 81M->13M(247M) 154.677ms
[2019-12-09T01:42:26.323+0000][1][gc,cpu       ] GC(4) User=0.05s Sys=0.00s Real=0.15s
[2019-12-09T01:42:26.324+0000][1][safepoint    ] Leaving safepoint region
[2019-12-09T01:42:26.324+0000][1][safepoint    ] Total time for which application threads were stopped: 0.1548097 seconds, Stopping threads took: 0.0000181 seconds
[2019-12-09T01:42:26.325+0000][1][safepoint    ] Application time: 0.0012842 seconds
[2019-12-09T01:42:26.478+0000][1][safepoint    ] Entering safepoint region: RevokeBias
[2019-12-09T01:42:26.478+0000][1][safepoint    ] Leaving safepoint region
[2019-12-09T01:42:26.478+0000][1][safepoint    ] Total time for which application threads were stopped: 0.1531885 seconds, Stopping threads took: 0.1529920 seconds
[2019-12-09T01:42:26.478+0000][1][safepoint    ] Application time: 0.0000788 seconds
[2019-12-09T01:42:26.478+0000][1][safepoint    ] Entering safepoint region: RevokeBias
[2019-12-09T01:42:26.478+0000][1][safepoint    ] Leaving safepoint region
[2019-12-09T01:42:26.478+0000][1][safepoint    ] Total time for which application threads were stopped: 0.0001123 seconds, Stopping threads took: 0.0000096 seconds
[2019-12-09T01:42:26.478+0000][1][safepoint    ] Application time: 0.0000877 seconds
[2019-12-09T01:42:26.478+0000][1][safepoint    ] Entering safepoint region: RevokeBias
[2019-12-09T01:42:26.478+0000][1][safepoint    ] Leaving safepoint region
[2019-12-09T01:42:26.478+0000][1][safepoint    ] Total time for which application threads were stopped: 0.0000916 seconds, Stopping threads took: 0.0000090 seconds
[2019-12-09T01:42:26.478+0000][1][safepoint    ] Application time: 0.0000548 seconds
[2019-12-09T01:42:26.478+0000][1][safepoint    ] Entering safepoint region: RevokeBias
[2019-12-09T01:42:26.479+0000][1][safepoint    ] Leaving safepoint region
[2019-12-09T01:42:26.479+0000][1][safepoint    ] Total time for which application threads were stopped: 0.0000853 seconds, Stopping threads took: 0.0000080 seconds
[2019-12-09T01:42:26.523+0000][1][safepoint    ] Application time: 0.0444403 seconds
[2019-12-09T01:42:26.523+0000][1][safepoint    ] Entering safepoint region: Deoptimize
[2019-12-09T01:42:26.523+0000][1][safepoint    ] Leaving safepoint region
[2019-12-09T01:42:26.523+0000][1][safepoint    ] Total time for which application threads were stopped: 0.0003926 seconds, Stopping threads took: 0.0000122 seconds
[2019-12-09T01:42:27.038+0000][1][safepoint    ] Application time: 0.5144613 seconds
[2019-12-09T01:42:27.038+0000][1][safepoint    ] Entering safepoint region: Deoptimize
[2019-12-09T01:42:27.038+0000][1][safepoint    ] Leaving safepoint region
[2019-12-09T01:42:27.038+0000][1][safepoint    ] Total time for which application threads were stopped: 0.0004195 seconds, Stopping threads took: 0.0000149 seconds
[2019-12-09T01:42:28.040+0000][1][safepoint    ] Application time: 1.0013135 seconds
[2019-12-09T01:42:28.140+0000][1][safepoint    ] Entering safepoint region: Cleanup
[2019-12-09T01:42:28.140+0000][1][safepoint    ] Leaving safepoint region
[2019-12-09T01:42:28.140+0000][1][safepoint    ] Total time for which application threads were stopped: 0.1001447 seconds, Stopping threads took: 0.1000848 seconds
[2019-12-09T01:42:28.145+0000][1][safepoint    ] Application time: 0.0055280 seconds
[2019-12-09T01:42:28.145+0000][1][safepoint    ] Entering safepoint region: GenCollectForAllocation
[2019-12-09T01:42:28.146+0000][1][gc,start     ] GC(5) Pause Young (Allocation Failure)
[2019-12-09T01:42:28.146+0000][1][gc,task      ] GC(5) Using 2 workers of 2 for evacuation
[2019-12-09T01:42:28.239+0000][1][gc,age       ] GC(5) Desired survivor size 4456448 bytes, new threshold 6 (max threshold 6)
[2019-12-09T01:42:28.239+0000][1][gc,age       ] GC(5) Age table with threshold 6 (max threshold 6)
[2019-12-09T01:42:28.239+0000][1][gc,age       ] GC(5) - age   1:    2810224 bytes,    2810224 total
[2019-12-09T01:42:28.239+0000][1][gc,age       ] GC(5) - age   2:     442360 bytes,    3252584 total
[2019-12-09T01:42:28.239+0000][1][gc,heap      ] GC(5) ParNew: 76161K->5099K(78656K)
[2019-12-09T01:42:28.239+0000][1][gc,heap      ] GC(5) CMS: 7998K->11654K(174784K)
[2019-12-09T01:42:28.239+0000][1][gc,metaspace ] GC(5) Metaspace: 19082K->19082K(1067008K)
[2019-12-09T01:42:28.239+0000][1][gc           ] GC(5) Pause Young (Allocation Failure) 82M->16M(247M) 93.206ms
[2019-12-09T01:42:28.239+0000][1][gc,cpu       ] GC(5) User=0.04s Sys=0.00s Real=0.09s
[2019-12-09T01:42:28.239+0000][1][safepoint    ] Leaving safepoint region
[2019-12-09T01:42:28.239+0000][1][safepoint    ] Total time for which application threads were stopped: 0.0933249 seconds, Stopping threads took: 0.0000126 seconds
[2019-12-09T01:42:28.242+0000][1][safepoint    ] Application time: 0.0030559 seconds
[2019-12-09T01:42:28.288+0000][1][safepoint    ] Entering safepoint region: RevokeBias
[2019-12-09T01:42:28.288+0000][1][safepoint    ] Leaving safepoint region
[2019-12-09T01:42:28.288+0000][1][safepoint    ] Total time for which application threads were stopped: 0.0460512 seconds, Stopping threads took: 0.0459612 seconds
[2019-12-09T01:42:28.288+0000][1][safepoint    ] Application time: 0.0000699 seconds
[2019-12-09T01:42:28.288+0000][1][safepoint    ] Entering safepoint region: RevokeBias
[2019-12-09T01:42:28.288+0000][1][safepoint    ] Leaving safepoint region
[2019-12-09T01:42:28.288+0000][1][safepoint    ] Total time for which application threads were stopped: 0.0000626 seconds, Stopping threads took: 0.0000085 seconds
[2019-12-09T01:42:28.288+0000][1][safepoint    ] Application time: 0.0000629 seconds
[2019-12-09T01:42:28.288+0000][1][safepoint    ] Entering safepoint region: RevokeBias
[2019-12-09T01:42:28.288+0000][1][safepoint    ] Leaving safepoint region
[2019-12-09T01:42:28.288+0000][1][safepoint    ] Total time for which application threads were stopped: 0.0000507 seconds, Stopping threads took: 0.0000067 seconds
[2019-12-09T01:42:28.288+0000][1][safepoint    ] Application time: 0.0000447 seconds
[2019-12-09T01:42:28.288+0000][1][safepoint    ] Entering safepoint region: RevokeBias
[2019-12-09T01:42:28.288+0000][1][safepoint    ] Leaving safepoint region
[2019-12-09T01:42:28.288+0000][1][safepoint    ] Total time for which application threads were stopped: 0.0000460 seconds, Stopping threads took: 0.0000069 seconds
[2019-12-09T01:42:28.288+0000][1][safepoint    ] Application time: 0.0000508 seconds
[2019-12-09T01:42:28.288+0000][1][safepoint    ] Entering safepoint region: RevokeBias
[2019-12-09T01:42:28.288+0000][1][safepoint    ] Leaving safepoint region
[2019-12-09T01:42:28.288+0000][1][safepoint    ] Total time for which application threads were stopped: 0.0000461 seconds, Stopping threads took: 0.0000066 seconds
[2019-12-09T01:42:28.288+0000][1][safepoint    ] Application time: 0.0000451 seconds
[2019-12-09T01:42:28.288+0000][1][safepoint    ] Entering safepoint region: RevokeBias
[2019-12-09T01:42:28.289+0000][1][safepoint    ] Leaving safepoint region
[2019-12-09T01:42:28.289+0000][1][safepoint    ] Total time for which application threads were stopped: 0.0000449 seconds, Stopping threads took: 0.0000071 seconds
[2019-12-09T01:42:29.180+0000][1][safepoint    ] Application time: 0.8910478 seconds
[2019-12-09T01:42:29.180+0000][1][safepoint    ] Entering safepoint region: RevokeBias
[2019-12-09T01:42:29.180+0000][1][safepoint    ] Leaving safepoint region
[2019-12-09T01:42:29.180+0000][1][safepoint    ] Total time for which application threads were stopped: 0.0001000 seconds, Stopping threads took: 0.0000140 seconds
[2019-12-09T01:42:29.190+0000][1][safepoint    ] Application time: 0.0101764 seconds
[2019-12-09T01:42:29.190+0000][1][safepoint    ] Entering safepoint region: RevokeBias
[2019-12-09T01:42:29.190+0000][1][safepoint    ] Leaving safepoint region
[2019-12-09T01:42:29.190+0000][1][safepoint    ] Total time for which application threads were stopped: 0.0000575 seconds, Stopping threads took: 0.0000110 seconds
[2019-12-09T01:42:29.445+0000][1][safepoint    ] Application time: 0.2546548 seconds
[2019-12-09T01:42:29.445+0000][1][safepoint    ] Entering safepoint region: GenCollectForAllocation
[2019-12-09T01:42:29.445+0000][1][gc,start     ] GC(6) Pause Young (Allocation Failure)
[2019-12-09T01:42:29.445+0000][1][gc,task      ] GC(6) Using 2 workers of 2 for evacuation
[2019-12-09T01:42:29.506+0000][1][gc,age       ] GC(6) Desired survivor size 4456448 bytes, new threshold 6 (max threshold 6)
[2019-12-09T01:42:29.506+0000][1][gc,age       ] GC(6) Age table with threshold 6 (max threshold 6)
[2019-12-09T01:42:29.506+0000][1][gc,age       ] GC(6) - age   1:    1413136 bytes,    1413136 total
[2019-12-09T01:42:29.506+0000][1][gc,age       ] GC(6) - age   2:    2191120 bytes,    3604256 total
[2019-12-09T01:42:29.506+0000][1][gc,age       ] GC(6) - age   3:     442360 bytes,    4046616 total
[2019-12-09T01:42:29.506+0000][1][gc,heap      ] GC(6) ParNew: 75051K->5485K(78656K)
[2019-12-09T01:42:29.506+0000][1][gc,heap      ] GC(6) CMS: 11654K->11654K(174784K)
[2019-12-09T01:42:29.506+0000][1][gc,metaspace ] GC(6) Metaspace: 19388K->19388K(1067008K)
[2019-12-09T01:42:29.506+0000][1][gc           ] GC(6) Pause Young (Allocation Failure) 84M->16M(247M) 61.200ms
[2019-12-09T01:42:29.506+0000][1][gc,cpu       ] GC(6) User=0.02s Sys=0.00s Real=0.06s
[2019-12-09T01:42:29.506+0000][1][safepoint    ] Leaving safepoint region
[2019-12-09T01:42:29.506+0000][1][safepoint    ] Total time for which application threads were stopped: 0.0613566 seconds, Stopping threads took: 0.0000293 seconds
[2019-12-09T01:42:29.511+0000][1][safepoint    ] Application time: 0.0047881 seconds
[2019-12-09T01:42:29.553+0000][1][safepoint    ] Entering safepoint region: RevokeBias
[2019-12-09T01:42:29.553+0000][1][safepoint    ] Leaving safepoint region
[2019-12-09T01:42:29.553+0000][1][safepoint    ] Total time for which application threads were stopped: 0.0420743 seconds, Stopping threads took: 0.0419953 seconds
[2019-12-09T01:42:29.553+0000][1][safepoint    ] Application time: 0.0000727 seconds
[2019-12-09T01:42:29.553+0000][1][safepoint    ] Entering safepoint region: RevokeBias
[2019-12-09T01:42:29.553+0000][1][safepoint    ] Leaving safepoint region
[2019-12-09T01:42:29.553+0000][1][safepoint    ] Total time for which application threads were stopped: 0.0000589 seconds, Stopping threads took: 0.0000098 seconds
[2019-12-09T01:42:29.553+0000][1][safepoint    ] Application time: 0.0000649 seconds
[2019-12-09T01:42:29.553+0000][1][safepoint    ] Entering safepoint region: BulkRevokeBias
[2019-12-09T01:42:29.553+0000][1][safepoint    ] Leaving safepoint region
[2019-12-09T01:42:29.553+0000][1][safepoint    ] Total time for which application threads were stopped: 0.0000839 seconds, Stopping threads took: 0.0000089 seconds
[2019-12-09T01:42:29.553+0000][1][safepoint    ] Application time: 0.0000524 seconds
[2019-12-09T01:42:29.553+0000][1][safepoint    ] Entering safepoint region: BulkRevokeBias
[2019-12-09T01:42:29.553+0000][1][safepoint    ] Leaving safepoint region
[2019-12-09T01:42:29.553+0000][1][safepoint    ] Total time for which application threads were stopped: 0.0000696 seconds, Stopping threads took: 0.0000175 seconds
[2019-12-09T01:42:30.554+0000][1][safepoint    ] Application time: 1.0003156 seconds
[2019-12-09T01:42:30.554+0000][1][safepoint    ] Entering safepoint region: Cleanup
[2019-12-09T01:42:30.554+0000][1][safepoint    ] Leaving safepoint region
[2019-12-09T01:42:30.554+0000][1][safepoint    ] Total time for which application threads were stopped: 0.0000962 seconds, Stopping threads took: 0.0000519 seconds
[2019-12-09T01:42:30.588+0000][1][safepoint    ] Application time: 0.0338583 seconds
[2019-12-09T01:42:30.588+0000][1][safepoint    ] Entering safepoint region: GenCollectForAllocation
[2019-12-09T01:42:30.588+0000][1][gc,start     ] GC(7) Pause Young (Allocation Failure)
[2019-12-09T01:42:30.588+0000][1][gc,task      ] GC(7) Using 2 workers of 2 for evacuation
[2019-12-09T01:42:30.688+0000][1][gc,age       ] GC(7) Desired survivor size 4456448 bytes, new threshold 6 (max threshold 6)
[2019-12-09T01:42:30.688+0000][1][gc,age       ] GC(7) Age table with threshold 6 (max threshold 6)
[2019-12-09T01:42:30.688+0000][1][gc,age       ] GC(7) - age   1:     378472 bytes,     378472 total
[2019-12-09T01:42:30.688+0000][1][gc,age       ] GC(7) - age   2:    1128848 bytes,    1507320 total
[2019-12-09T01:42:30.688+0000][1][gc,age       ] GC(7) - age   3:    2191040 bytes,    3698360 total
[2019-12-09T01:42:30.688+0000][1][gc,age       ] GC(7) - age   4:     442360 bytes,    4140720 total
[2019-12-09T01:42:30.688+0000][1][gc,heap      ] GC(7) ParNew: 75437K->5817K(78656K)
[2019-12-09T01:42:30.688+0000][1][gc,heap      ] GC(7) CMS: 11654K->11654K(174784K)
[2019-12-09T01:42:30.688+0000][1][gc,metaspace ] GC(7) Metaspace: 19664K->19664K(1067008K)
[2019-12-09T01:42:30.688+0000][1][gc           ] GC(7) Pause Young (Allocation Failure) 85M->17M(247M) 100.102ms
[2019-12-09T01:42:30.688+0000][1][gc,cpu       ] GC(7) User=0.02s Sys=0.00s Real=0.10s
[2019-12-09T01:42:30.688+0000][1][safepoint    ] Leaving safepoint region
[2019-12-09T01:42:30.688+0000][1][safepoint    ] Total time for which application threads were stopped: 0.1002330 seconds, Stopping threads took: 0.0000142 seconds
[2019-12-09T01:42:31.415+0000][1][safepoint    ] Application time: 0.7267148 seconds
[2019-12-09T01:42:31.415+0000][1][safepoint    ] Entering safepoint region: CollectForMetadataAllocation
[2019-12-09T01:42:31.415+0000][1][safepoint    ] Leaving safepoint region
[2019-12-09T01:42:31.415+0000][1][safepoint    ] Total time for which application threads were stopped: 0.0002467 seconds, Stopping threads took: 0.0000249 seconds
[2019-12-09T01:42:31.770+0000][1][safepoint    ] Application time: 0.3547027 seconds
[2019-12-09T01:42:31.770+0000][1][safepoint    ] Entering safepoint region: CollectForMetadataAllocation
[2019-12-09T01:42:31.770+0000][1][safepoint    ] Leaving safepoint region
[2019-12-09T01:42:31.770+0000][1][safepoint    ] Total time for which application threads were stopped: 0.0002368 seconds, Stopping threads took: 0.0000139 seconds
[2019-12-09T01:42:31.802+0000][1][safepoint    ] Application time: 0.0317616 seconds
[2019-12-09T01:42:31.871+0000][1][safepoint    ] Entering safepoint region: CollectForMetadataAllocation
[2019-12-09T01:42:31.871+0000][1][safepoint    ] Leaving safepoint region
[2019-12-09T01:42:31.871+0000][1][safepoint    ] Total time for which application threads were stopped: 0.0690033 seconds, Stopping threads took: 0.0689507 seconds
[2019-12-09T01:42:32.644+0000][1][safepoint    ] Application time: 0.7726953 seconds
[2019-12-09T01:42:32.644+0000][1][safepoint    ] Entering safepoint region: GenCollectForAllocation
[2019-12-09T01:42:32.644+0000][1][gc,start     ] GC(8) Pause Young (Allocation Failure)
[2019-12-09T01:42:32.644+0000][1][gc,task      ] GC(8) Using 2 workers of 2 for evacuation
[2019-12-09T01:42:32.655+0000][1][gc,age       ] GC(8) Desired survivor size 4456448 bytes, new threshold 5 (max threshold 6)
[2019-12-09T01:42:32.655+0000][1][gc,age       ] GC(8) Age table with threshold 5 (max threshold 6)
[2019-12-09T01:42:32.655+0000][1][gc,age       ] GC(8) - age   1:     677152 bytes,     677152 total
[2019-12-09T01:42:32.655+0000][1][gc,age       ] GC(8) - age   2:     360424 bytes,    1037576 total
[2019-12-09T01:42:32.655+0000][1][gc,age       ] GC(8) - age   3:    1128704 bytes,    2166280 total
[2019-12-09T01:42:32.655+0000][1][gc,age       ] GC(8) - age   4:    2188824 bytes,    4355104 total
[2019-12-09T01:42:32.655+0000][1][gc,age       ] GC(8) - age   5:     442360 bytes,    4797464 total
[2019-12-09T01:42:32.655+0000][1][gc,heap      ] GC(8) ParNew: 75769K->8004K(78656K)
[2019-12-09T01:42:32.655+0000][1][gc,heap      ] GC(8) CMS: 11654K->11654K(174784K)
[2019-12-09T01:42:32.655+0000][1][gc,metaspace ] GC(8) Metaspace: 20475K->20475K(1069056K)
[2019-12-09T01:42:32.655+0000][1][gc           ] GC(8) Pause Young (Allocation Failure) 85M->19M(247M) 11.168ms
[2019-12-09T01:42:32.655+0000][1][gc,cpu       ] GC(8) User=0.01s Sys=0.00s Real=0.02s
[2019-12-09T01:42:32.655+0000][1][safepoint    ] Leaving safepoint region
[2019-12-09T01:42:32.655+0000][1][safepoint    ] Total time for which application threads were stopped: 0.0113069 seconds, Stopping threads took: 0.0000137 seconds
[2019-12-09T01:42:32.711+0000][1][safepoint    ] Application time: 0.0559488 seconds
[2019-12-09T01:42:32.748+0000][1][safepoint    ] Entering safepoint region: CMS_Initial_Mark
[2019-12-09T01:42:32.748+0000][1][gc,start     ] GC(9) Pause Initial Mark
[2019-12-09T01:42:32.750+0000][1][gc           ] GC(9) Pause Initial Mark 20M->20M(247M) 2.291ms
[2019-12-09T01:42:32.750+0000][1][gc,cpu       ] GC(9) User=0.01s Sys=0.00s Real=0.00s
[2019-12-09T01:42:32.750+0000][1][safepoint    ] Leaving safepoint region
[2019-12-09T01:42:32.750+0000][1][safepoint    ] Total time for which application threads were stopped: 0.0393350 seconds, Stopping threads took: 0.0369478 seconds
[2019-12-09T01:42:32.750+0000][1][gc           ] GC(9) Concurrent Mark
[2019-12-09T01:42:32.900+0000][1][gc           ] GC(9) Concurrent Mark 150.086ms
[2019-12-09T01:42:32.900+0000][1][gc,cpu       ] GC(9) User=0.04s Sys=0.00s Real=0.15s
[2019-12-09T01:42:32.900+0000][1][gc           ] GC(9) Concurrent Preclean
[2019-12-09T01:42:32.914+0000][1][gc           ] GC(9) Concurrent Preclean 13.510ms
[2019-12-09T01:42:32.914+0000][1][gc,cpu       ] GC(9) User=0.01s Sys=0.00s Real=0.01s
[2019-12-09T01:42:32.914+0000][1][gc           ] GC(9) Concurrent Abortable Preclean
[2019-12-09T01:42:33.624+0000][1][safepoint    ] Application time: 0.8735853 seconds
[2019-12-09T01:42:33.624+0000][1][safepoint    ] Entering safepoint region: GenCollectForAllocation
[2019-12-09T01:42:33.624+0000][1][gc,start     ] GC(10) Pause Young (Allocation Failure)
[2019-12-09T01:42:33.624+0000][1][gc,task      ] GC(10) Using 2 workers of 2 for evacuation
[2019-12-09T01:42:33.756+0000][1][gc,age       ] GC(10) Desired survivor size 4456448 bytes, new threshold 5 (max threshold 6)
[2019-12-09T01:42:33.756+0000][1][gc,age       ] GC(10) Age table with threshold 5 (max threshold 6)
[2019-12-09T01:42:33.756+0000][1][gc,age       ] GC(10) - age   1:     851720 bytes,     851720 total
[2019-12-09T01:42:33.756+0000][1][gc,age       ] GC(10) - age   2:     650568 bytes,    1502288 total
[2019-12-09T01:42:33.756+0000][1][gc,age       ] GC(10) - age   3:     360424 bytes,    1862712 total
[2019-12-09T01:42:33.756+0000][1][gc,age       ] GC(10) - age   4:    1128704 bytes,    2991416 total
[2019-12-09T01:42:33.756+0000][1][gc,age       ] GC(10) - age   5:    2188632 bytes,    5180048 total
[2019-12-09T01:42:33.756+0000][1][gc,heap      ] GC(10) ParNew: 77956K->6893K(78656K)
[2019-12-09T01:42:33.756+0000][1][gc,heap      ] GC(10) CMS: 11654K->12090K(174784K)
[2019-12-09T01:42:33.756+0000][1][gc,metaspace ] GC(10) Metaspace: 20580K->20580K(1069056K)
[2019-12-09T01:42:33.756+0000][1][gc           ] GC(10) Pause Young (Allocation Failure) 87M->18M(247M) 132.180ms
[2019-12-09T01:42:33.756+0000][1][gc,cpu       ] GC(10) User=0.03s Sys=0.00s Real=0.14s
[2019-12-09T01:42:33.756+0000][1][safepoint    ] Leaving safepoint region
[2019-12-09T01:42:33.756+0000][1][safepoint    ] Total time for which application threads were stopped: 0.1323107 seconds, Stopping threads took: 0.0000131 seconds
[2019-12-09T01:42:34.626+0000][1][gc           ] GC(9) Concurrent Abortable Preclean 1711.784ms
[2019-12-09T01:42:34.626+0000][1][gc,cpu       ] GC(9) User=0.47s Sys=0.01s Real=1.72s
[2019-12-09T01:42:34.626+0000][1][safepoint    ] Application time: 0.8696858 seconds
[2019-12-09T01:42:34.626+0000][1][safepoint    ] Entering safepoint region: CMS_Final_Remark
[2019-12-09T01:42:34.626+0000][1][gc,start     ] GC(9) Pause Remark
[2019-12-09T01:42:34.832+0000][1][gc           ] GC(9) Pause Remark 66M->66M(247M) 205.638ms
[2019-12-09T01:42:34.832+0000][1][gc,cpu       ] GC(9) User=0.06s Sys=0.00s Real=0.20s
[2019-12-09T01:42:34.832+0000][1][safepoint    ] Leaving safepoint region
[2019-12-09T01:42:34.832+0000][1][safepoint    ] Total time for which application threads were stopped: 0.2058122 seconds, Stopping threads took: 0.0000659 seconds
[2019-12-09T01:42:34.834+0000][1][gc           ] GC(9) Concurrent Sweep
[2019-12-09T01:42:34.882+0000][1][gc           ] GC(9) Concurrent Sweep 47.877ms
[2019-12-09T01:42:34.882+0000][1][gc,cpu       ] GC(9) User=0.01s Sys=0.00s Real=0.05s
[2019-12-09T01:42:34.882+0000][1][gc           ] GC(9) Concurrent Reset
[2019-12-09T01:42:34.883+0000][1][gc           ] GC(9) Concurrent Reset 0.331ms
[2019-12-09T01:42:34.883+0000][1][gc,cpu       ] GC(9) User=0.00s Sys=0.00s Real=0.00s
[2019-12-09T01:42:34.883+0000][1][gc,heap      ] GC(9) Old: 11654K->12080K(174784K)
[2019-12-09T01:42:35.141+0000][1][safepoint    ] Application time: 0.3095001 seconds
[2019-12-09T01:42:35.141+0000][1][safepoint    ] Entering safepoint region: GenCollectForAllocation
[2019-12-09T01:42:35.142+0000][1][gc,start     ] GC(11) Pause Young (Allocation Failure)
[2019-12-09T01:42:35.142+0000][1][gc,task      ] GC(11) Using 2 workers of 2 for evacuation
[2019-12-09T01:42:35.287+0000][1][gc,age       ] GC(11) Desired survivor size 4456448 bytes, new threshold 6 (max threshold 6)
[2019-12-09T01:42:35.287+0000][1][gc,age       ] GC(11) Age table with threshold 6 (max threshold 6)
[2019-12-09T01:42:35.287+0000][1][gc,age       ] GC(11) - age   1:     746880 bytes,     746880 total
[2019-12-09T01:42:35.287+0000][1][gc,age       ] GC(11) - age   2:      97488 bytes,     844368 total
[2019-12-09T01:42:35.287+0000][1][gc,age       ] GC(11) - age   3:     650424 bytes,    1494792 total
[2019-12-09T01:42:35.287+0000][1][gc,age       ] GC(11) - age   4:     360320 bytes,    1855112 total
[2019-12-09T01:42:35.287+0000][1][gc,age       ] GC(11) - age   5:    1128416 bytes,    2983528 total
[2019-12-09T01:42:35.287+0000][1][gc,heap      ] GC(11) ParNew: 76845K->4483K(78656K)
[2019-12-09T01:42:35.287+0000][1][gc,heap      ] GC(11) CMS: 12080K->14231K(174784K)
[2019-12-09T01:42:35.287+0000][1][gc,metaspace ] GC(11) Metaspace: 20669K->20669K(1069056K)
[2019-12-09T01:42:35.287+0000][1][gc           ] GC(11) Pause Young (Allocation Failure) 86M->18M(247M) 145.105ms
[2019-12-09T01:42:35.287+0000][1][gc,cpu       ] GC(11) User=0.03s Sys=0.00s Real=0.15s
[2019-12-09T01:42:35.287+0000][1][safepoint    ] Leaving safepoint region
[2019-12-09T01:42:35.287+0000][1][safepoint    ] Total time for which application threads were stopped: 0.1456134 seconds, Stopping threads took: 0.0000134 seconds
[2019-12-09T01:42:36.161+0000][1][safepoint    ] Application time: 0.8739711 seconds
[2019-12-09T01:42:36.161+0000][1][safepoint    ] Entering safepoint region: Deoptimize
[2019-12-09T01:42:36.161+0000][1][safepoint    ] Leaving safepoint region
[2019-12-09T01:42:36.161+0000][1][safepoint    ] Total time for which application threads were stopped: 0.0005078 seconds, Stopping threads took: 0.0000462 seconds
[2019-12-09T01:42:37.164+0000][1][safepoint    ] Application time: 1.0024256 seconds
[2019-12-09T01:42:37.164+0000][1][safepoint    ] Entering safepoint region: Cleanup
[2019-12-09T01:42:37.164+0000][1][safepoint    ] Leaving safepoint region
[2019-12-09T01:42:37.164+0000][1][safepoint    ] Total time for which application threads were stopped: 0.0000863 seconds, Stopping threads took: 0.0000193 seconds
[2019-12-09T01:42:37.923+0000][1][safepoint    ] Application time: 0.7588419 seconds
[2019-12-09T01:42:37.923+0000][1][safepoint    ] Entering safepoint region: GenCollectForAllocation
[2019-12-09T01:42:37.923+0000][1][gc,start     ] GC(12) Pause Young (Allocation Failure)
[2019-12-09T01:42:37.923+0000][1][gc,task      ] GC(12) Using 2 workers of 2 for evacuation
[2019-12-09T01:42:38.063+0000][1][gc,age       ] GC(12) Desired survivor size 4456448 bytes, new threshold 6 (max threshold 6)
[2019-12-09T01:42:38.063+0000][1][gc,age       ] GC(12) Age table with threshold 6 (max threshold 6)
[2019-12-09T01:42:38.063+0000][1][gc,age       ] GC(12) - age   1:    1017728 bytes,    1017728 total
[2019-12-09T01:42:38.063+0000][1][gc,age       ] GC(12) - age   2:     305920 bytes,    1323648 total
[2019-12-09T01:42:38.063+0000][1][gc,age       ] GC(12) - age   3:      97488 bytes,    1421136 total
[2019-12-09T01:42:38.063+0000][1][gc,age       ] GC(12) - age   4:     650360 bytes,    2071496 total
[2019-12-09T01:42:38.063+0000][1][gc,age       ] GC(12) - age   5:     360320 bytes,    2431816 total
[2019-12-09T01:42:38.063+0000][1][gc,age       ] GC(12) - age   6:    1128416 bytes,    3560232 total
[2019-12-09T01:42:38.063+0000][1][gc,heap      ] GC(12) ParNew: 74435K->4959K(78656K)
[2019-12-09T01:42:38.063+0000][1][gc,heap      ] GC(12) CMS: 14231K->14231K(174784K)
[2019-12-09T01:42:38.063+0000][1][gc,metaspace ] GC(12) Metaspace: 22705K->22705K(1071104K)
[2019-12-09T01:42:38.063+0000][1][gc           ] GC(12) Pause Young (Allocation Failure) 86M->18M(247M) 140.139ms
[2019-12-09T01:42:38.063+0000][1][gc,cpu       ] GC(12) User=0.02s Sys=0.00s Real=0.14s
[2019-12-09T01:42:38.063+0000][1][safepoint    ] Leaving safepoint region
[2019-12-09T01:42:38.063+0000][1][safepoint    ] Total time for which application threads were stopped: 0.1402930 seconds, Stopping threads took: 0.0000144 seconds
[2019-12-09T01:42:39.071+0000][1][safepoint    ] Application time: 1.0076549 seconds
[2019-12-09T01:42:39.116+0000][1][safepoint    ] Entering safepoint region: Cleanup
[2019-12-09T01:42:39.116+0000][1][safepoint    ] Leaving safepoint region
[2019-12-09T01:42:39.116+0000][1][safepoint    ] Total time for which application threads were stopped: 0.0452556 seconds, Stopping threads took: 0.0450104 seconds
[2019-12-09T01:42:39.257+0000][1][safepoint    ] Application time: 0.1407365 seconds
[2019-12-09T01:42:39.257+0000][1][safepoint    ] Entering safepoint region: Deoptimize
[2019-12-09T01:42:39.257+0000][1][safepoint    ] Leaving safepoint region
[2019-12-09T01:42:39.257+0000][1][safepoint    ] Total time for which application threads were stopped: 0.0004389 seconds, Stopping threads took: 0.0000139 seconds
[2019-12-09T01:42:40.147+0000][1][safepoint    ] Application time: 0.8900990 seconds
[2019-12-09T01:42:40.147+0000][1][safepoint    ] Entering safepoint region: Deoptimize
[2019-12-09T01:42:40.148+0000][1][safepoint    ] Leaving safepoint region
[2019-12-09T01:42:40.148+0000][1][safepoint    ] Total time for which application threads were stopped: 0.0004300 seconds, Stopping threads took: 0.0000132 seconds
[2019-12-09T01:42:40.268+0000][1][safepoint    ] Application time: 0.1200555 seconds
[2019-12-09T01:42:40.268+0000][1][safepoint    ] Entering safepoint region: Deoptimize
[2019-12-09T01:42:40.268+0000][1][safepoint    ] Leaving safepoint region
[2019-12-09T01:42:40.268+0000][1][safepoint    ] Total time for which application threads were stopped: 0.0004137 seconds, Stopping threads took: 0.0000132 seconds
[2019-12-09T01:42:40.303+0000][1][safepoint    ] Application time: 0.0344777 seconds
[2019-12-09T01:42:40.303+0000][1][safepoint    ] Entering safepoint region: Deoptimize
[2019-12-09T01:42:40.303+0000][1][safepoint    ] Leaving safepoint region
[2019-12-09T01:42:40.303+0000][1][safepoint    ] Total time for which application threads were stopped: 0.0004280 seconds, Stopping threads took: 0.0000141 seconds
[2019-12-09T01:42:40.466+0000][1][safepoint    ] Application time: 0.1626419 seconds
[2019-12-09T01:42:40.466+0000][1][safepoint    ] Entering safepoint region: RevokeBias
[2019-12-09T01:42:40.466+0000][1][safepoint    ] Leaving safepoint region
[2019-12-09T01:42:40.466+0000][1][safepoint    ] Total time for which application threads were stopped: 0.0000699 seconds, Stopping threads took: 0.0000106 seconds
[2019-12-09T01:42:41.477+0000][1][safepoint    ] Application time: 1.0106786 seconds
[2019-12-09T01:42:41.477+0000][1][safepoint    ] Entering safepoint region: Cleanup
[2019-12-09T01:42:41.477+0000][1][safepoint    ] Leaving safepoint region
[2019-12-09T01:42:41.477+0000][1][safepoint    ] Total time for which application threads were stopped: 0.0001129 seconds, Stopping threads took: 0.0000735 seconds
[2019-12-09T01:42:42.478+0000][1][safepoint    ] Application time: 1.0008436 seconds
[2019-12-09T01:42:42.570+0000][1][safepoint    ] Entering safepoint region: Cleanup
[2019-12-09T01:42:42.570+0000][1][safepoint    ] Leaving safepoint region
[2019-12-09T01:42:42.570+0000][1][safepoint    ] Total time for which application threads were stopped: 0.0922056 seconds, Stopping threads took: 0.0919508 seconds
[2019-12-09T01:42:43.586+0000][1][safepoint    ] Application time: 1.0157421 seconds
[2019-12-09T01:42:43.660+0000][1][safepoint    ] Entering safepoint region: Cleanup
[2019-12-09T01:42:43.660+0000][1][safepoint    ] Leaving safepoint region
[2019-12-09T01:42:43.660+0000][1][safepoint    ] Total time for which application threads were stopped: 0.0740655 seconds, Stopping threads took: 0.0739933 seconds
[2019-12-09T01:42:44.667+0000][1][safepoint    ] Application time: 1.0068834 seconds
[2019-12-09T01:42:44.667+0000][1][safepoint    ] Entering safepoint region: Cleanup
[2019-12-09T01:42:44.667+0000][1][safepoint    ] Leaving safepoint region
[2019-12-09T01:42:44.667+0000][1][safepoint    ] Total time for which application threads were stopped: 0.0001139 seconds, Stopping threads took: 0.0000703 seconds
[2019-12-09T01:42:44.835+0000][1][safepoint    ] Application time: 0.1685601 seconds
[2019-12-09T01:42:44.835+0000][1][safepoint    ] Entering safepoint region: RevokeBias
[2019-12-09T01:42:44.836+0000][1][safepoint    ] Leaving safepoint region
[2019-12-09T01:42:44.836+0000][1][safepoint    ] Total time for which application threads were stopped: 0.0000893 seconds, Stopping threads took: 0.0000143 seconds
[2019-12-09T01:42:45.843+0000][1][safepoint    ] Application time: 1.0071484 seconds
[2019-12-09T01:42:45.873+0000][1][safepoint    ] Entering safepoint region: Cleanup
[2019-12-09T01:42:45.873+0000][1][safepoint    ] Leaving safepoint region
[2019-12-09T01:42:45.873+0000][1][safepoint    ] Total time for which application threads were stopped: 0.0300346 seconds, Stopping threads took: 0.0299856 seconds
[2019-12-09T01:42:46.031+0000][1][safepoint    ] Application time: 0.1584097 seconds
[2019-12-09T01:42:46.031+0000][1][safepoint    ] Entering safepoint region: GenCollectForAllocation
[2019-12-09T01:42:46.031+0000][1][gc,start     ] GC(13) Pause Young (Allocation Failure)
[2019-12-09T01:42:46.031+0000][1][gc,task      ] GC(13) Using 2 workers of 2 for evacuation
[2019-12-09T01:42:46.212+0000][1][gc,age       ] GC(13) Desired survivor size 4456448 bytes, new threshold 1 (max threshold 6)
[2019-12-09T01:42:46.212+0000][1][gc,age       ] GC(13) Age table with threshold 1 (max threshold 6)
[2019-12-09T01:42:46.212+0000][1][gc,age       ] GC(13) - age   1:    6793504 bytes,    6793504 total
[2019-12-09T01:42:46.212+0000][1][gc,age       ] GC(13) - age   2:     710856 bytes,    7504360 total
[2019-12-09T01:42:46.212+0000][1][gc,age       ] GC(13) - age   3:     305624 bytes,    7809984 total
[2019-12-09T01:42:46.212+0000][1][gc,age       ] GC(13) - age   4:      97304 bytes,    7907288 total
[2019-12-09T01:42:46.212+0000][1][gc,age       ] GC(13) - age   5:     647320 bytes,    8554608 total
[2019-12-09T01:42:46.212+0000][1][gc,age       ] GC(13) - age   6:     358128 bytes,    8912736 total
[2019-12-09T01:42:46.212+0000][1][gc,heap      ] GC(13) ParNew: 74911K->8704K(78656K)
[2019-12-09T01:42:46.212+0000][1][gc,heap      ] GC(13) CMS: 14231K->21812K(174784K)
[2019-12-09T01:42:46.212+0000][1][gc,metaspace ] GC(13) Metaspace: 27170K->27170K(1075200K)
[2019-12-09T01:42:46.212+0000][1][gc           ] GC(13) Pause Young (Allocation Failure) 87M->29M(247M) 181.013ms
[2019-12-09T01:42:46.212+0000][1][gc,cpu       ] GC(13) User=0.08s Sys=0.00s Real=0.18s
[2019-12-09T01:42:46.212+0000][1][safepoint    ] Leaving safepoint region
[2019-12-09T01:42:46.212+0000][1][safepoint    ] Total time for which application threads were stopped: 0.1811447 seconds, Stopping threads took: 0.0000156 seconds
[2019-12-09T01:42:47.239+0000][1][safepoint    ] Application time: 1.0263170 seconds
[2019-12-09T01:42:47.331+0000][1][safepoint    ] Entering safepoint region: Cleanup
[2019-12-09T01:42:47.331+0000][1][safepoint    ] Leaving safepoint region
[2019-12-09T01:42:47.331+0000][1][safepoint    ] Total time for which application threads were stopped: 0.0920335 seconds, Stopping threads took: 0.0919743 seconds
[2019-12-09T01:42:48.336+0000][1][safepoint    ] Application time: 1.0048999 seconds
[2019-12-09T01:42:48.470+0000][1][safepoint    ] Entering safepoint region: Cleanup
[2019-12-09T01:42:48.470+0000][1][safepoint    ] Leaving safepoint region
[2019-12-09T01:42:48.470+0000][1][safepoint    ] Total time for which application threads were stopped: 0.1340404 seconds, Stopping threads took: 0.1339922 seconds
[2019-12-09T01:42:49.491+0000][1][safepoint    ] Application time: 1.0209046 seconds
[2019-12-09T01:42:49.491+0000][1][safepoint    ] Entering safepoint region: Cleanup
[2019-12-09T01:42:49.491+0000][1][safepoint    ] Leaving safepoint region
[2019-12-09T01:42:49.491+0000][1][safepoint    ] Total time for which application threads were stopped: 0.0001077 seconds, Stopping threads took: 0.0000598 seconds
[2019-12-09T01:42:50.497+0000][1][safepoint    ] Application time: 1.0058479 seconds
[2019-12-09T01:42:50.534+0000][1][safepoint    ] Entering safepoint region: Cleanup
[2019-12-09T01:42:50.534+0000][1][safepoint    ] Leaving safepoint region
[2019-12-09T01:42:50.534+0000][1][safepoint    ] Total time for which application threads were stopped: 0.0370756 seconds, Stopping threads took: 0.0370260 seconds
[2019-12-09T01:42:50.800+0000][1][safepoint    ] Application time: 0.2658715 seconds
[2019-12-09T01:42:50.800+0000][1][safepoint    ] Entering safepoint region: GenCollectForAllocation
[2019-12-09T01:42:50.800+0000][1][gc,start     ] GC(14) Pause Young (Allocation Failure)
[2019-12-09T01:42:50.800+0000][1][gc,task      ] GC(14) Using 2 workers of 2 for evacuation
[2019-12-09T01:42:51.302+0000][1][gc,age       ] GC(14) Desired survivor size 4456448 bytes, new threshold 1 (max threshold 6)
[2019-12-09T01:42:51.302+0000][1][gc,age       ] GC(14) Age table with threshold 1 (max threshold 6)
[2019-12-09T01:42:51.302+0000][1][gc,age       ] GC(14) - age   1:    8912576 bytes,    8912576 total
[2019-12-09T01:42:51.302+0000][1][gc,heap      ] GC(14) ParNew: 78656K->8704K(78656K)
[2019-12-09T01:42:51.302+0000][1][gc,heap      ] GC(14) CMS: 21812K->34813K(174784K)
[2019-12-09T01:42:51.302+0000][1][gc,metaspace ] GC(14) Metaspace: 27302K->27302K(1075200K)
[2019-12-09T01:42:51.302+0000][1][gc           ] GC(14) Pause Young (Allocation Failure) 98M->42M(247M) 501.919ms
[2019-12-09T01:42:51.302+0000][1][gc,cpu       ] GC(14) User=0.16s Sys=0.01s Real=0.50s
[2019-12-09T01:42:51.302+0000][1][safepoint    ] Leaving safepoint region
[2019-12-09T01:42:51.302+0000][1][safepoint    ] Total time for which application threads were stopped: 0.5020546 seconds, Stopping threads took: 0.0000162 seconds
[2019-12-09T01:42:52.314+0000][1][safepoint    ] Application time: 1.0119043 seconds
[2019-12-09T01:42:52.314+0000][1][safepoint    ] Entering safepoint region: Cleanup
[2019-12-09T01:42:52.314+0000][1][safepoint    ] Leaving safepoint region
[2019-12-09T01:42:52.314+0000][1][safepoint    ] Total time for which application threads were stopped: 0.0000882 seconds, Stopping threads took: 0.0000493 seconds
[2019-12-09T01:42:55.363+0000][1][safepoint    ] Application time: 3.0489058 seconds
[2019-12-09T01:42:55.418+0000][1][safepoint    ] Entering safepoint region: Cleanup
[2019-12-09T01:42:55.418+0000][1][safepoint    ] Leaving safepoint region
[2019-12-09T01:42:55.418+0000][1][safepoint    ] Total time for which application threads were stopped: 0.0549988 seconds, Stopping threads took: 0.0549409 seconds
[2019-12-09T01:42:56.446+0000][1][safepoint    ] Application time: 1.0278889 seconds
[2019-12-09T01:42:56.483+0000][1][safepoint    ] Entering safepoint region: Cleanup
[2019-12-09T01:42:56.483+0000][1][safepoint    ] Leaving safepoint region
[2019-12-09T01:42:56.483+0000][1][safepoint    ] Total time for which application threads were stopped: 0.0371829 seconds, Stopping threads took: 0.0371041 seconds
[2019-12-09T01:42:56.895+0000][1][safepoint    ] Application time: 0.4117799 seconds
[2019-12-09T01:42:56.895+0000][1][safepoint    ] Entering safepoint region: GenCollectForAllocation
[2019-12-09T01:42:56.895+0000][1][gc,start     ] GC(15) Pause Young (Allocation Failure)
[2019-12-09T01:42:56.895+0000][1][gc,task      ] GC(15) Using 2 workers of 2 for evacuation
[2019-12-09T01:42:57.271+0000][1][gc,age       ] GC(15) Desired survivor size 4456448 bytes, new threshold 1 (max threshold 6)
[2019-12-09T01:42:57.271+0000][1][gc,age       ] GC(15) Age table with threshold 1 (max threshold 6)
[2019-12-09T01:42:57.271+0000][1][gc,age       ] GC(15) - age   1:    8912800 bytes,    8912800 total
[2019-12-09T01:42:57.271+0000][1][gc,heap      ] GC(15) ParNew: 78656K->8704K(78656K)
[2019-12-09T01:42:57.271+0000][1][gc,heap      ] GC(15) CMS: 34813K->46173K(174784K)
[2019-12-09T01:42:57.271+0000][1][gc,metaspace ] GC(15) Metaspace: 29461K->29461K(1077248K)
[2019-12-09T01:42:57.271+0000][1][gc           ] GC(15) Pause Young (Allocation Failure) 110M->53M(247M) 376.172ms
[2019-12-09T01:42:57.271+0000][1][gc,cpu       ] GC(15) User=0.09s Sys=0.00s Real=0.37s
[2019-12-09T01:42:57.271+0000][1][safepoint    ] Leaving safepoint region
[2019-12-09T01:42:57.271+0000][1][safepoint    ] Total time for which application threads were stopped: 0.3763178 seconds, Stopping threads took: 0.0000150 seconds
[2019-12-09T01:42:58.271+0000][1][safepoint    ] Application time: 0.9996253 seconds
[2019-12-09T01:42:58.271+0000][1][safepoint    ] Entering safepoint region: RevokeBias
[2019-12-09T01:42:58.271+0000][1][safepoint    ] Leaving safepoint region
[2019-12-09T01:42:58.271+0000][1][safepoint    ] Total time for which application threads were stopped: 0.0001097 seconds, Stopping threads took: 0.0000141 seconds
[2019-12-09T01:42:58.487+0000][1][safepoint    ] Application time: 0.2160856 seconds
[2019-12-09T01:42:58.487+0000][1][safepoint    ] Entering safepoint region: RevokeBias
[2019-12-09T01:42:58.487+0000][1][safepoint    ] Leaving safepoint region
[2019-12-09T01:42:58.487+0000][1][safepoint    ] Total time for which application threads were stopped: 0.0000888 seconds, Stopping threads took: 0.0000140 seconds
[2019-12-09T01:42:58.552+0000][1][safepoint    ] Application time: 0.0649862 seconds
[2019-12-09T01:42:58.552+0000][1][safepoint    ] Entering safepoint region: RevokeBias
[2019-12-09T01:42:58.552+0000][1][safepoint    ] Leaving safepoint region
[2019-12-09T01:42:58.552+0000][1][safepoint    ] Total time for which application threads were stopped: 0.0000827 seconds, Stopping threads took: 0.0000134 seconds
[2019-12-09T01:42:58.599+0000][1][safepoint    ] Application time: 0.0463051 seconds
[2019-12-09T01:42:58.599+0000][1][safepoint    ] Entering safepoint region: RevokeBias
[2019-12-09T01:42:58.599+0000][1][safepoint    ] Leaving safepoint region
[2019-12-09T01:42:58.599+0000][1][safepoint    ] Total time for which application threads were stopped: 0.0000774 seconds, Stopping threads took: 0.0000132 seconds
[2019-12-09T01:42:59.606+0000][1][safepoint    ] Application time: 1.0069868 seconds
[2019-12-09T01:42:59.690+0000][1][safepoint    ] Entering safepoint region: Cleanup
[2019-12-09T01:42:59.690+0000][1][safepoint    ] Leaving safepoint region
[2019-12-09T01:42:59.690+0000][1][safepoint    ] Total time for which application threads were stopped: 0.0841800 seconds, Stopping threads took: 0.0841280 seconds
[2019-12-09T01:43:00.154+0000][1][safepoint    ] Application time: 0.4643581 seconds
[2019-12-09T01:43:00.154+0000][1][safepoint    ] Entering safepoint region: GenCollectForAllocation
[2019-12-09T01:43:00.154+0000][1][gc,start     ] GC(16) Pause Young (Allocation Failure)
[2019-12-09T01:43:00.154+0000][1][gc,task      ] GC(16) Using 2 workers of 2 for evacuation
[2019-12-09T01:43:00.371+0000][1][gc,age       ] GC(16) Desired survivor size 4456448 bytes, new threshold 6 (max threshold 6)
[2019-12-09T01:43:00.372+0000][1][gc,age       ] GC(16) Age table with threshold 6 (max threshold 6)
[2019-12-09T01:43:00.372+0000][1][gc,age       ] GC(16) - age   1:    1300928 bytes,    1300928 total
[2019-12-09T01:43:00.372+0000][1][gc,heap      ] GC(16) ParNew: 78656K->8621K(78656K)
[2019-12-09T01:43:00.372+0000][1][gc,heap      ] GC(16) CMS: 46173K->54938K(174784K)
[2019-12-09T01:43:00.372+0000][1][gc,metaspace ] GC(16) Metaspace: 33094K->33094K(1079296K)
[2019-12-09T01:43:00.372+0000][1][gc           ] GC(16) Pause Young (Allocation Failure) 121M->62M(247M) 217.276ms
[2019-12-09T01:43:00.372+0000][1][gc,cpu       ] GC(16) User=0.06s Sys=0.00s Real=0.22s
[2019-12-09T01:43:00.372+0000][1][safepoint    ] Leaving safepoint region
[2019-12-09T01:43:00.372+0000][1][safepoint    ] Total time for which application threads were stopped: 0.2174293 seconds, Stopping threads took: 0.0000147 seconds
[2019-12-09T01:43:01.379+0000][1][safepoint    ] Application time: 1.0072399 seconds
[2019-12-09T01:43:01.491+0000][1][safepoint    ] Entering safepoint region: Cleanup
[2019-12-09T01:43:01.491+0000][1][safepoint    ] Leaving safepoint region
[2019-12-09T01:43:01.491+0000][1][safepoint    ] Total time for which application threads were stopped: 0.1119254 seconds, Stopping threads took: 0.1118277 seconds
[2019-12-09T01:43:02.099+0000][1][safepoint    ] Application time: 0.6078136 seconds
[2019-12-09T01:43:02.099+0000][1][safepoint    ] Entering safepoint region: CollectForMetadataAllocation
[2019-12-09T01:43:02.099+0000][1][safepoint    ] Leaving safepoint region
[2019-12-09T01:43:02.099+0000][1][safepoint    ] Total time for which application threads were stopped: 0.0002291 seconds, Stopping threads took: 0.0000133 seconds
[2019-12-09T01:43:02.357+0000][1][safepoint    ] Application time: 0.2583227 seconds
[2019-12-09T01:43:02.357+0000][1][safepoint    ] Entering safepoint region: CollectForMetadataAllocation
[2019-12-09T01:43:02.358+0000][1][safepoint    ] Leaving safepoint region
[2019-12-09T01:43:02.358+0000][1][safepoint    ] Total time for which application threads were stopped: 0.0002425 seconds, Stopping threads took: 0.0000147 seconds
[2019-12-09T01:43:02.397+0000][1][safepoint    ] Application time: 0.0391815 seconds
[2019-12-09T01:43:02.397+0000][1][safepoint    ] Entering safepoint region: CMS_Initial_Mark
[2019-12-09T01:43:02.397+0000][1][gc,start     ] GC(17) Pause Initial Mark
[2019-12-09T01:43:02.520+0000][1][gc           ] GC(17) Pause Initial Mark 124M->124M(247M) 123.392ms
[2019-12-09T01:43:02.520+0000][1][gc,cpu       ] GC(17) User=0.05s Sys=0.00s Real=0.12s
[2019-12-09T01:43:02.520+0000][1][safepoint    ] Leaving safepoint region
[2019-12-09T01:43:02.520+0000][1][safepoint    ] Total time for which application threads were stopped: 0.1235842 seconds, Stopping threads took: 0.0000664 seconds
[2019-12-09T01:43:02.527+0000][1][gc           ] GC(17) Concurrent Mark
[2019-12-09T01:43:03.097+0000][1][safepoint    ] Application time: 0.5764292 seconds
[2019-12-09T01:43:03.097+0000][1][safepoint    ] Entering safepoint region: CollectForMetadataAllocation
[2019-12-09T01:43:03.097+0000][1][safepoint    ] Leaving safepoint region
[2019-12-09T01:43:03.097+0000][1][safepoint    ] Total time for which application threads were stopped: 0.0002548 seconds, Stopping threads took: 0.0000140 seconds
[2019-12-09T01:43:03.485+0000][1][safepoint    ] Application time: 0.3876322 seconds
[2019-12-09T01:43:03.485+0000][1][safepoint    ] Entering safepoint region: CollectForMetadataAllocation
[2019-12-09T01:43:03.485+0000][1][safepoint    ] Leaving safepoint region
[2019-12-09T01:43:03.485+0000][1][safepoint    ] Total time for which application threads were stopped: 0.0002573 seconds, Stopping threads took: 0.0000156 seconds
[2019-12-09T01:43:03.569+0000][1][gc           ] GC(17) Concurrent Mark 1042.496ms
[2019-12-09T01:43:03.569+0000][1][gc,cpu       ] GC(17) User=0.26s Sys=0.00s Real=1.04s
[2019-12-09T01:43:03.569+0000][1][gc           ] GC(17) Concurrent Preclean
[2019-12-09T01:43:03.571+0000][1][gc           ] GC(17) Concurrent Preclean 1.609ms
[2019-12-09T01:43:03.571+0000][1][gc,cpu       ] GC(17) User=0.00s Sys=0.00s Real=0.00s
[2019-12-09T01:43:03.571+0000][1][gc           ] GC(17) Concurrent Abortable Preclean
[2019-12-09T01:43:03.725+0000][1][safepoint    ] Application time: 0.2402395 seconds
[2019-12-09T01:43:03.725+0000][1][safepoint    ] Entering safepoint region: CollectForMetadataAllocation
[2019-12-09T01:43:03.726+0000][1][safepoint    ] Leaving safepoint region
[2019-12-09T01:43:03.726+0000][1][safepoint    ] Total time for which application threads were stopped: 0.0002384 seconds, Stopping threads took: 0.0000148 seconds
[2019-12-09T01:43:04.045+0000][1][safepoint    ] Application time: 0.3198529 seconds
[2019-12-09T01:43:04.045+0000][1][safepoint    ] Entering safepoint region: CollectForMetadataAllocation
[2019-12-09T01:43:04.046+0000][1][safepoint    ] Leaving safepoint region
[2019-12-09T01:43:04.046+0000][1][safepoint    ] Total time for which application threads were stopped: 0.0002533 seconds, Stopping threads took: 0.0000144 seconds
[2019-12-09T01:43:04.206+0000][1][safepoint    ] Application time: 0.1599924 seconds
[2019-12-09T01:43:04.206+0000][1][safepoint    ] Entering safepoint region: GenCollectForAllocation
[2019-12-09T01:43:04.206+0000][1][gc,start     ] GC(18) Pause Young (Allocation Failure)
[2019-12-09T01:43:04.206+0000][1][gc,task      ] GC(18) Using 2 workers of 2 for evacuation
[2019-12-09T01:43:04.210+0000][1][gc           ] GC(17) Concurrent Abortable Preclean 638.735ms
[2019-12-09T01:43:04.210+0000][1][gc,cpu       ] GC(17) User=0.13s Sys=0.01s Real=0.64s
[2019-12-09T01:43:04.247+0000][1][gc,age       ] GC(18) Desired survivor size 4456448 bytes, new threshold 6 (max threshold 6)
[2019-12-09T01:43:04.247+0000][1][gc,age       ] GC(18) Age table with threshold 6 (max threshold 6)
[2019-12-09T01:43:04.247+0000][1][gc,age       ] GC(18) - age   1:    1935480 bytes,    1935480 total
[2019-12-09T01:43:04.247+0000][1][gc,age       ] GC(18) - age   2:    1234064 bytes,    3169544 total
[2019-12-09T01:43:04.247+0000][1][gc,heap      ] GC(18) ParNew: 78573K->4787K(78656K)
[2019-12-09T01:43:04.247+0000][1][gc,heap      ] GC(18) CMS: 54938K->54938K(174784K)
[2019-12-09T01:43:04.247+0000][1][gc,metaspace ] GC(18) Metaspace: 35182K->35182K(1081344K)
[2019-12-09T01:43:04.247+0000][1][gc           ] GC(18) Pause Young (Allocation Failure) 130M->58M(247M) 41.233ms
[2019-12-09T01:43:04.247+0000][1][gc,cpu       ] GC(18) User=0.02s Sys=0.00s Real=0.04s
[2019-12-09T01:43:04.247+0000][1][safepoint    ] Leaving safepoint region
[2019-12-09T01:43:04.247+0000][1][safepoint    ] Total time for which application threads were stopped: 0.0413802 seconds, Stopping threads took: 0.0000143 seconds
[2019-12-09T01:43:04.261+0000][1][safepoint    ] Application time: 0.0135932 seconds
[2019-12-09T01:43:04.261+0000][1][safepoint    ] Entering safepoint region: CMS_Final_Remark
[2019-12-09T01:43:04.261+0000][1][gc,start     ] GC(17) Pause Remark
[2019-12-09T01:43:04.445+0000][1][gc           ] GC(17) Pause Remark 61M->61M(247M) 184.344ms
[2019-12-09T01:43:04.445+0000][1][gc,cpu       ] GC(17) User=0.02s Sys=0.00s Real=0.19s
[2019-12-09T01:43:04.445+0000][1][safepoint    ] Leaving safepoint region
[2019-12-09T01:43:04.445+0000][1][safepoint    ] Total time for which application threads were stopped: 0.1847139 seconds, Stopping threads took: 0.0002460 seconds
[2019-12-09T01:43:04.499+0000][1][gc           ] GC(17) Concurrent Sweep
[2019-12-09T01:43:04.634+0000][1][safepoint    ] Application time: 0.1882559 seconds
[2019-12-09T01:43:04.634+0000][1][safepoint    ] Entering safepoint region: CollectForMetadataAllocation
[2019-12-09T01:43:04.634+0000][1][safepoint    ] Leaving safepoint region
[2019-12-09T01:43:04.634+0000][1][safepoint    ] Total time for which application threads were stopped: 0.0004921 seconds, Stopping threads took: 0.0000158 seconds
[2019-12-09T01:43:04.672+0000][1][safepoint    ] Application time: 0.0374303 seconds
[2019-12-09T01:43:04.672+0000][1][safepoint    ] Entering safepoint region: CollectForMetadataAllocation
[2019-12-09T01:43:04.672+0000][1][safepoint    ] Leaving safepoint region
[2019-12-09T01:43:04.672+0000][1][safepoint    ] Total time for which application threads were stopped: 0.0002146 seconds, Stopping threads took: 0.0000137 seconds
[2019-12-09T01:43:04.872+0000][1][gc           ] GC(17) Concurrent Sweep 373.323ms
[2019-12-09T01:43:04.872+0000][1][gc,cpu       ] GC(17) User=0.10s Sys=0.00s Real=0.37s
[2019-12-09T01:43:04.872+0000][1][gc           ] GC(17) Concurrent Reset
[2019-12-09T01:43:04.872+0000][1][gc           ] GC(17) Concurrent Reset 0.334ms
[2019-12-09T01:43:04.872+0000][1][gc,cpu       ] GC(17) User=0.00s Sys=0.00s Real=0.00s
[2019-12-09T01:43:04.873+0000][1][gc,heap      ] GC(17) Old: 54938K->54716K(174784K)
[2019-12-09T01:43:05.555+0000][1][safepoint    ] Application time: 0.8832537 seconds
[2019-12-09T01:43:05.573+0000][1][safepoint    ] Entering safepoint region: RevokeBias
[2019-12-09T01:43:05.573+0000][1][safepoint    ] Leaving safepoint region
[2019-12-09T01:43:05.573+0000][1][safepoint    ] Total time for which application threads were stopped: 0.0176342 seconds, Stopping threads took: 0.0174882 seconds
[2019-12-09T01:43:06.575+0000][1][safepoint    ] Application time: 1.0018094 seconds
[2019-12-09T01:43:06.612+0000][1][safepoint    ] Entering safepoint region: Cleanup
[2019-12-09T01:43:06.612+0000][1][safepoint    ] Leaving safepoint region
[2019-12-09T01:43:06.612+0000][1][safepoint    ] Total time for which application threads were stopped: 0.0372196 seconds, Stopping threads took: 0.0371479 seconds
[2019-12-09T01:43:07.621+0000][1][safepoint    ] Application time: 1.0085246 seconds
[2019-12-09T01:43:07.664+0000][1][safepoint    ] Entering safepoint region: Cleanup
[2019-12-09T01:43:07.664+0000][1][safepoint    ] Leaving safepoint region
[2019-12-09T01:43:07.664+0000][1][safepoint    ] Total time for which application threads were stopped: 0.0432689 seconds, Stopping threads took: 0.0432078 seconds
[2019-12-09T01:43:08.477+0000][1][safepoint    ] Application time: 0.8131919 seconds
[2019-12-09T01:43:08.506+0000][1][safepoint    ] Entering safepoint region: RevokeBias
[2019-12-09T01:43:08.506+0000][1][safepoint    ] Leaving safepoint region
[2019-12-09T01:43:08.506+0000][1][safepoint    ] Total time for which application threads were stopped: 0.0287962 seconds, Stopping threads took: 0.0287041 seconds
[2019-12-09T01:43:08.506+0000][1][safepoint    ] Application time: 0.0000989 seconds
[2019-12-09T01:43:08.506+0000][1][safepoint    ] Entering safepoint region: RevokeBias
[2019-12-09T01:43:08.506+0000][1][safepoint    ] Leaving safepoint region
[2019-12-09T01:43:08.506+0000][1][safepoint    ] Total time for which application threads were stopped: 0.0000443 seconds, Stopping threads took: 0.0000089 seconds
[2019-12-09T01:43:08.506+0000][1][safepoint    ] Application time: 0.0001392 seconds
[2019-12-09T01:43:08.506+0000][1][safepoint    ] Entering safepoint region: RevokeBias
[2019-12-09T01:43:08.506+0000][1][safepoint    ] Leaving safepoint region
[2019-12-09T01:43:08.506+0000][1][safepoint    ] Total time for which application threads were stopped: 0.0000467 seconds, Stopping threads took: 0.0000079 seconds
[2019-12-09T01:43:09.508+0000][1][safepoint    ] Application time: 1.0014925 seconds
[2019-12-09T01:43:09.551+0000][1][safepoint    ] Entering safepoint region: Cleanup
[2019-12-09T01:43:09.551+0000][1][safepoint    ] Leaving safepoint region
[2019-12-09T01:43:09.551+0000][1][safepoint    ] Total time for which application threads were stopped: 0.0430018 seconds, Stopping threads took: 0.0429282 seconds
[2019-12-09T01:43:13.465+0000][1][safepoint    ] Application time: 3.9139535 seconds
[2019-12-09T01:43:13.479+0000][1][safepoint    ] Entering safepoint region: RevokeBias
[2019-12-09T01:43:13.479+0000][1][safepoint    ] Leaving safepoint region
[2019-12-09T01:43:13.479+0000][1][safepoint    ] Total time for which application threads were stopped: 0.0145614 seconds, Stopping threads took: 0.0144522 seconds
[2019-12-09T01:43:13.485+0000][1][safepoint    ] Application time: 0.0054524 seconds
[2019-12-09T01:43:13.524+0000][1][safepoint    ] Entering safepoint region: RevokeBias
[2019-12-09T01:43:13.524+0000][1][safepoint    ] Leaving safepoint region
[2019-12-09T01:43:13.524+0000][1][safepoint    ] Total time for which application threads were stopped: 0.0391625 seconds, Stopping threads took: 0.0390541 seconds
[2019-12-09T01:43:13.524+0000][1][safepoint    ] Application time: 0.0001235 seconds
[2019-12-09T01:43:13.524+0000][1][safepoint    ] Entering safepoint region: RevokeBias
[2019-12-09T01:43:13.524+0000][1][safepoint    ] Leaving safepoint region
[2019-12-09T01:43:13.524+0000][1][safepoint    ] Total time for which application threads were stopped: 0.0000927 seconds, Stopping threads took: 0.0000099 seconds
[2019-12-09T01:43:13.524+0000][1][safepoint    ] Application time: 0.0001139 seconds
[2019-12-09T01:43:13.524+0000][1][safepoint    ] Entering safepoint region: RevokeBias
[2019-12-09T01:43:13.524+0000][1][safepoint    ] Leaving safepoint region
[2019-12-09T01:43:13.524+0000][1][safepoint    ] Total time for which application threads were stopped: 0.0000642 seconds, Stopping threads took: 0.0000080 seconds
[2019-12-09T01:43:13.524+0000][1][safepoint    ] Application time: 0.0000953 seconds
[2019-12-09T01:43:13.525+0000][1][safepoint    ] Entering safepoint region: RevokeBias
[2019-12-09T01:43:13.525+0000][1][safepoint    ] Leaving safepoint region
[2019-12-09T01:43:13.525+0000][1][safepoint    ] Total time for which application threads were stopped: 0.0000622 seconds, Stopping threads took: 0.0000079 seconds
[2019-12-09T01:43:13.525+0000][1][safepoint    ] Application time: 0.0000630 seconds
[2019-12-09T01:43:13.525+0000][1][safepoint    ] Entering safepoint region: RevokeBias
[2019-12-09T01:43:13.525+0000][1][safepoint    ] Leaving safepoint region
[2019-12-09T01:43:13.525+0000][1][safepoint    ] Total time for which application threads were stopped: 0.0000880 seconds, Stopping threads took: 0.0000078 seconds
[2019-12-09T01:43:13.525+0000][1][safepoint    ] Application time: 0.0002625 seconds
[2019-12-09T01:43:13.525+0000][1][safepoint    ] Entering safepoint region: RevokeBias
[2019-12-09T01:43:13.525+0000][1][safepoint    ] Leaving safepoint region
[2019-12-09T01:43:13.525+0000][1][safepoint    ] Total time for which application threads were stopped: 0.0000808 seconds, Stopping threads took: 0.0000091 seconds
[2019-12-09T01:43:13.525+0000][1][safepoint    ] Application time: 0.0000874 seconds
[2019-12-09T01:43:13.525+0000][1][safepoint    ] Entering safepoint region: RevokeBias
[2019-12-09T01:43:13.525+0000][1][safepoint    ] Leaving safepoint region
[2019-12-09T01:43:13.525+0000][1][safepoint    ] Total time for which application threads were stopped: 0.0000700 seconds, Stopping threads took: 0.0000077 seconds
[2019-12-09T01:43:13.525+0000][1][safepoint    ] Application time: 0.0000571 seconds
[2019-12-09T01:43:13.525+0000][1][safepoint    ] Entering safepoint region: RevokeBias
[2019-12-09T01:43:13.525+0000][1][safepoint    ] Leaving safepoint region
[2019-12-09T01:43:13.525+0000][1][safepoint    ] Total time for which application threads were stopped: 0.0000642 seconds, Stopping threads took: 0.0000080 seconds
[2019-12-09T01:43:13.526+0000][1][safepoint    ] Application time: 0.0000879 seconds
[2019-12-09T01:43:13.526+0000][1][safepoint    ] Entering safepoint region: RevokeBias
[2019-12-09T01:43:13.526+0000][1][safepoint    ] Leaving safepoint region
[2019-12-09T01:43:13.526+0000][1][safepoint    ] Total time for which application threads were stopped: 0.0000671 seconds, Stopping threads took: 0.0000078 seconds
[2019-12-09T01:43:13.526+0000][1][safepoint    ] Application time: 0.0000628 seconds
[2019-12-09T01:43:13.526+0000][1][safepoint    ] Entering safepoint region: RevokeBias
[2019-12-09T01:43:13.526+0000][1][safepoint    ] Leaving safepoint region
[2019-12-09T01:43:13.526+0000][1][safepoint    ] Total time for which application threads were stopped: 0.0000741 seconds, Stopping threads took: 0.0000091 seconds
[2019-12-09T01:43:13.527+0000][1][safepoint    ] Application time: 0.0011063 seconds
[2019-12-09T01:43:13.527+0000][1][safepoint    ] Entering safepoint region: RevokeBias
[2019-12-09T01:43:13.527+0000][1][safepoint    ] Leaving safepoint region
[2019-12-09T01:43:13.527+0000][1][safepoint    ] Total time for which application threads were stopped: 0.0000917 seconds, Stopping threads took: 0.0000106 seconds
[2019-12-09T01:43:13.527+0000][1][safepoint    ] Application time: 0.0002684 seconds
[2019-12-09T01:43:13.527+0000][1][safepoint    ] Entering safepoint region: RevokeBias
[2019-12-09T01:43:13.527+0000][1][safepoint    ] Leaving safepoint region
[2019-12-09T01:43:13.527+0000][1][safepoint    ] Total time for which application threads were stopped: 0.0000790 seconds, Stopping threads took: 0.0000092 seconds
[2019-12-09T01:43:13.528+0000][1][safepoint    ] Application time: 0.0003985 seconds
[2019-12-09T01:43:13.528+0000][1][safepoint    ] Entering safepoint region: RevokeBias
[2019-12-09T01:43:13.528+0000][1][safepoint    ] Leaving safepoint region
[2019-12-09T01:43:13.528+0000][1][safepoint    ] Total time for which application threads were stopped: 0.0000748 seconds, Stopping threads took: 0.0000097 seconds
[2019-12-09T01:43:14.529+0000][1][safepoint    ] Application time: 1.0008175 seconds
[2019-12-09T01:43:14.620+0000][1][safepoint    ] Entering safepoint region: Cleanup
[2019-12-09T01:43:14.620+0000][1][safepoint    ] Leaving safepoint region
[2019-12-09T01:43:14.620+0000][1][safepoint    ] Total time for which application threads were stopped: 0.0908942 seconds, Stopping threads took: 0.0908407 seconds
[2019-12-09T01:43:15.622+0000][1][safepoint    ] Application time: 1.0020777 seconds
[2019-12-09T01:43:15.622+0000][1][safepoint    ] Entering safepoint region: Cleanup
[2019-12-09T01:43:15.622+0000][1][safepoint    ] Leaving safepoint region
[2019-12-09T01:43:15.622+0000][1][safepoint    ] Total time for which application threads were stopped: 0.0000653 seconds, Stopping threads took: 0.0000155 seconds
[2019-12-09T01:43:15.655+0000][1][safepoint    ] Application time: 0.0328558 seconds
[2019-12-09T01:43:15.655+0000][1][safepoint    ] Entering safepoint region: RevokeBias
[2019-12-09T01:43:15.655+0000][1][safepoint    ] Leaving safepoint region
[2019-12-09T01:43:15.655+0000][1][safepoint    ] Total time for which application threads were stopped: 0.0000607 seconds, Stopping threads took: 0.0000151 seconds
[2019-12-09T01:43:16.657+0000][1][safepoint    ] Application time: 1.0019027 seconds
[2019-12-09T01:43:16.693+0000][1][safepoint    ] Entering safepoint region: Cleanup
[2019-12-09T01:43:16.693+0000][1][safepoint    ] Leaving safepoint region
[2019-12-09T01:43:16.693+0000][1][safepoint    ] Total time for which application threads were stopped: 0.0360490 seconds, Stopping threads took: 0.0359763 seconds
[2019-12-09T01:43:17.505+0000][1][safepoint    ] Application time: 0.8118913 seconds
[2019-12-09T01:43:17.505+0000][1][safepoint    ] Entering safepoint region: GenCollectForAllocation
[2019-12-09T01:43:17.505+0000][1][gc,start     ] GC(19) Pause Young (Allocation Failure)
[2019-12-09T01:43:17.505+0000][1][gc,task      ] GC(19) Using 2 workers of 2 for evacuation
[2019-12-09T01:43:17.684+0000][1][gc,age       ] GC(19) Desired survivor size 4456448 bytes, new threshold 3 (max threshold 6)
[2019-12-09T01:43:17.684+0000][1][gc,age       ] GC(19) Age table with threshold 3 (max threshold 6)
[2019-12-09T01:43:17.684+0000][1][gc,age       ] GC(19) - age   1:    2546176 bytes,    2546176 total
[2019-12-09T01:43:17.684+0000][1][gc,age       ] GC(19) - age   2:    1895120 bytes,    4441296 total
[2019-12-09T01:43:17.684+0000][1][gc,age       ] GC(19) - age   3:    1231888 bytes,    5673184 total
[2019-12-09T01:43:17.684+0000][1][gc,heap      ] GC(19) ParNew: 74739K->5839K(78656K)
[2019-12-09T01:43:17.684+0000][1][gc,heap      ] GC(19) CMS: 54716K->54716K(174784K)
[2019-12-09T01:43:17.684+0000][1][gc,metaspace ] GC(19) Metaspace: 43166K->43166K(1089536K)
[2019-12-09T01:43:17.684+0000][1][gc           ] GC(19) Pause Young (Allocation Failure) 126M->59M(247M) 179.305ms
[2019-12-09T01:43:17.684+0000][1][gc,cpu       ] GC(19) User=0.02s Sys=0.00s Real=0.17s
[2019-12-09T01:43:17.684+0000][1][safepoint    ] Leaving safepoint region
[2019-12-09T01:43:17.684+0000][1][safepoint    ] Total time for which application threads were stopped: 0.1795082 seconds, Stopping threads took: 0.0000168 seconds
[2019-12-09T01:43:17.744+0000][1][safepoint    ] Application time: 0.0595439 seconds
[2019-12-09T01:43:17.744+0000][1][safepoint    ] Entering safepoint region: RevokeBias
[2019-12-09T01:43:17.744+0000][1][safepoint    ] Leaving safepoint region
[2019-12-09T01:43:17.744+0000][1][safepoint    ] Total time for which application threads were stopped: 0.0000716 seconds, Stopping threads took: 0.0000146 seconds
[2019-12-09T01:43:17.744+0000][1][safepoint    ] Application time: 0.0000500 seconds
[2019-12-09T01:43:17.744+0000][1][safepoint    ] Entering safepoint region: RevokeBias
[2019-12-09T01:43:17.744+0000][1][safepoint    ] Leaving safepoint region
[2019-12-09T01:43:17.744+0000][1][safepoint    ] Total time for which application threads were stopped: 0.0000328 seconds, Stopping threads took: 0.0000084 seconds
[2019-12-09T01:43:18.744+0000][1][safepoint    ] Application time: 1.0004218 seconds
[2019-12-09T01:43:18.751+0000][1][safepoint    ] Entering safepoint region: Cleanup
[2019-12-09T01:43:18.751+0000][1][safepoint    ] Leaving safepoint region
[2019-12-09T01:43:18.751+0000][1][safepoint    ] Total time for which application threads were stopped: 0.0062916 seconds, Stopping threads took: 0.0062352 seconds
[2019-12-09T01:43:18.933+0000][1][safepoint    ] Application time: 0.1819139 seconds
[2019-12-09T01:43:18.933+0000][1][safepoint    ] Entering safepoint region: RevokeBias
[2019-12-09T01:43:18.933+0000][1][safepoint    ] Leaving safepoint region
[2019-12-09T01:43:18.933+0000][1][safepoint    ] Total time for which application threads were stopped: 0.0001080 seconds, Stopping threads took: 0.0000140 seconds
[2019-12-09T01:43:19.318+0000][1][safepoint    ] Application time: 0.3849056 seconds
[2019-12-09T01:43:19.318+0000][1][safepoint    ] Entering safepoint region: RevokeBias
[2019-12-09T01:43:19.318+0000][1][safepoint    ] Leaving safepoint region
[2019-12-09T01:43:19.318+0000][1][safepoint    ] Total time for which application threads were stopped: 0.0001121 seconds, Stopping threads took: 0.0000139 seconds
[2019-12-09T01:43:19.453+0000][1][safepoint    ] Application time: 0.1351906 seconds
[2019-12-09T01:43:19.453+0000][1][safepoint    ] Entering safepoint region: RevokeBias
[2019-12-09T01:43:19.453+0000][1][safepoint    ] Leaving safepoint region
[2019-12-09T01:43:19.453+0000][1][safepoint    ] Total time for which application threads were stopped: 0.0000833 seconds, Stopping threads took: 0.0000124 seconds
[2019-12-09T01:43:19.459+0000][1][safepoint    ] Application time: 0.0061909 seconds
[2019-12-09T01:43:19.459+0000][1][safepoint    ] Entering safepoint region: RevokeBias
[2019-12-09T01:43:19.460+0000][1][safepoint    ] Leaving safepoint region
[2019-12-09T01:43:19.460+0000][1][safepoint    ] Total time for which application threads were stopped: 0.0001290 seconds, Stopping threads took: 0.0000109 seconds
[2019-12-09T01:43:20.461+0000][1][safepoint    ] Application time: 1.0010955 seconds
[2019-12-09T01:43:20.461+0000][1][safepoint    ] Entering safepoint region: Cleanup
[2019-12-09T01:43:20.461+0000][1][safepoint    ] Leaving safepoint region
[2019-12-09T01:43:20.461+0000][1][safepoint    ] Total time for which application threads were stopped: 0.0000565 seconds, Stopping threads took: 0.0000135 seconds
[2019-12-09T01:43:20.809+0000][1][safepoint    ] Application time: 0.3479158 seconds
[2019-12-09T01:43:20.809+0000][1][safepoint    ] Entering safepoint region: RevokeBias
[2019-12-09T01:43:20.809+0000][1][safepoint    ] Leaving safepoint region
[2019-12-09T01:43:20.809+0000][1][safepoint    ] Total time for which application threads were stopped: 0.0004817 seconds, Stopping threads took: 0.0000127 seconds
[2019-12-09T01:43:20.825+0000][1][safepoint    ] Application time: 0.0154719 seconds
[2019-12-09T01:43:20.825+0000][1][safepoint    ] Entering safepoint region: RevokeBias
[2019-12-09T01:43:20.825+0000][1][safepoint    ] Leaving safepoint region
[2019-12-09T01:43:20.825+0000][1][safepoint    ] Total time for which application threads were stopped: 0.0001147 seconds, Stopping threads took: 0.0000128 seconds
[2019-12-09T01:43:20.827+0000][1][safepoint    ] Application time: 0.0018635 seconds
[2019-12-09T01:43:20.827+0000][1][safepoint    ] Entering safepoint region: RevokeBias
[2019-12-09T01:43:20.827+0000][1][safepoint    ] Leaving safepoint region
[2019-12-09T01:43:20.827+0000][1][safepoint    ] Total time for which application threads were stopped: 0.0000875 seconds, Stopping threads took: 0.0000145 seconds
[2019-12-09T01:43:21.438+0000][1][safepoint    ] Application time: 0.6108824 seconds
[2019-12-09T01:43:21.438+0000][1][safepoint    ] Entering safepoint region: RevokeBias
[2019-12-09T01:43:21.438+0000][1][safepoint    ] Leaving safepoint region
[2019-12-09T01:43:21.438+0000][1][safepoint    ] Total time for which application threads were stopped: 0.0000980 seconds, Stopping threads took: 0.0000139 seconds
[2019-12-09T01:43:21.449+0000][1][safepoint    ] Application time: 0.0108385 seconds
[2019-12-09T01:43:21.494+0000][1][safepoint    ] Entering safepoint region: BulkRevokeBias
[2019-12-09T01:43:21.494+0000][1][safepoint    ] Leaving safepoint region
[2019-12-09T01:43:21.494+0000][1][safepoint    ] Total time for which application threads were stopped: 0.0451347 seconds, Stopping threads took: 0.0449946 seconds
[2019-12-09T01:43:21.522+0000][1][safepoint    ] Application time: 0.0278268 seconds
[2019-12-09T01:43:21.522+0000][1][safepoint    ] Entering safepoint region: RevokeBias
[2019-12-09T01:43:21.522+0000][1][safepoint    ] Leaving safepoint region
[2019-12-09T01:43:21.522+0000][1][safepoint    ] Total time for which application threads were stopped: 0.0001219 seconds, Stopping threads took: 0.0000162 seconds
[2019-12-09T01:43:21.535+0000][1][safepoint    ] Application time: 0.0128264 seconds
[2019-12-09T01:43:21.535+0000][1][safepoint    ] Entering safepoint region: RevokeBias
[2019-12-09T01:43:21.535+0000][1][safepoint    ] Leaving safepoint region
[2019-12-09T01:43:21.535+0000][1][safepoint    ] Total time for which application threads were stopped: 0.0001112 seconds, Stopping threads took: 0.0000147 seconds
[2019-12-09T01:43:21.560+0000][1][safepoint    ] Application time: 0.0251765 seconds
[2019-12-09T01:43:21.560+0000][1][safepoint    ] Entering safepoint region: RevokeBias
[2019-12-09T01:43:21.560+0000][1][safepoint    ] Leaving safepoint region
[2019-12-09T01:43:21.560+0000][1][safepoint    ] Total time for which application threads were stopped: 0.0001606 seconds, Stopping threads took: 0.0000135 seconds
[2019-12-09T01:43:21.580+0000][1][safepoint    ] Application time: 0.0194759 seconds
[2019-12-09T01:43:21.580+0000][1][safepoint    ] Entering safepoint region: RevokeBias
[2019-12-09T01:43:21.580+0000][1][safepoint    ] Leaving safepoint region
[2019-12-09T01:43:21.580+0000][1][safepoint    ] Total time for which application threads were stopped: 0.0001213 seconds, Stopping threads took: 0.0000156 seconds
[2019-12-09T01:43:21.587+0000][1][safepoint    ] Application time: 0.0068360 seconds
[2019-12-09T01:43:21.587+0000][1][safepoint    ] Entering safepoint region: RevokeBias
[2019-12-09T01:43:21.587+0000][1][safepoint    ] Leaving safepoint region
[2019-12-09T01:43:21.587+0000][1][safepoint    ] Total time for which application threads were stopped: 0.0001190 seconds, Stopping threads took: 0.0000243 seconds
[2019-12-09T01:43:21.591+0000][1][safepoint    ] Application time: 0.0038407 seconds
[2019-12-09T01:43:21.591+0000][1][safepoint    ] Entering safepoint region: RevokeBias
[2019-12-09T01:43:21.591+0000][1][safepoint    ] Leaving safepoint region
[2019-12-09T01:43:21.591+0000][1][safepoint    ] Total time for which application threads were stopped: 0.0000934 seconds, Stopping threads took: 0.0000106 seconds
[2019-12-09T01:43:21.591+0000][1][safepoint    ] Application time: 0.0000616 seconds
[2019-12-09T01:43:21.591+0000][1][safepoint    ] Entering safepoint region: RevokeBias
[2019-12-09T01:43:21.591+0000][1][safepoint    ] Leaving safepoint region
[2019-12-09T01:43:21.591+0000][1][safepoint    ] Total time for which application threads were stopped: 0.0000593 seconds, Stopping threads took: 0.0000076 seconds
[2019-12-09T01:43:21.591+0000][1][safepoint    ] Application time: 0.0000502 seconds
[2019-12-09T01:43:21.591+0000][1][safepoint    ] Entering safepoint region: RevokeBias
[2019-12-09T01:43:21.591+0000][1][safepoint    ] Leaving safepoint region
[2019-12-09T01:43:21.591+0000][1][safepoint    ] Total time for which application threads were stopped: 0.0000534 seconds, Stopping threads took: 0.0000074 seconds
[2019-12-09T01:43:21.591+0000][1][safepoint    ] Application time: 0.0000498 seconds
[2019-12-09T01:43:21.591+0000][1][safepoint    ] Entering safepoint region: RevokeBias
[2019-12-09T01:43:21.591+0000][1][safepoint    ] Leaving safepoint region
[2019-12-09T01:43:21.591+0000][1][safepoint    ] Total time for which application threads were stopped: 0.0000512 seconds, Stopping threads took: 0.0000070 seconds
[2019-12-09T01:43:21.591+0000][1][safepoint    ] Application time: 0.0000497 seconds
[2019-12-09T01:43:21.591+0000][1][safepoint    ] Entering safepoint region: RevokeBias
[2019-12-09T01:43:21.591+0000][1][safepoint    ] Leaving safepoint region
[2019-12-09T01:43:21.591+0000][1][safepoint    ] Total time for which application threads were stopped: 0.0000520 seconds, Stopping threads took: 0.0000073 seconds
[2019-12-09T01:43:21.591+0000][1][safepoint    ] Application time: 0.0000498 seconds
[2019-12-09T01:43:21.591+0000][1][safepoint    ] Entering safepoint region: RevokeBias
[2019-12-09T01:43:21.591+0000][1][safepoint    ] Leaving safepoint region
[2019-12-09T01:43:21.591+0000][1][safepoint    ] Total time for which application threads were stopped: 0.0000518 seconds, Stopping threads took: 0.0000076 seconds
[2019-12-09T01:43:21.591+0000][1][safepoint    ] Application time: 0.0000507 seconds
[2019-12-09T01:43:21.592+0000][1][safepoint    ] Entering safepoint region: RevokeBias
[2019-12-09T01:43:21.592+0000][1][safepoint    ] Leaving safepoint region
[2019-12-09T01:43:21.592+0000][1][safepoint    ] Total time for which application threads were stopped: 0.0000502 seconds, Stopping threads took: 0.0000071 seconds
[2019-12-09T01:43:21.592+0000][1][safepoint    ] Application time: 0.0000504 seconds
[2019-12-09T01:43:21.592+0000][1][safepoint    ] Entering safepoint region: RevokeBias
[2019-12-09T01:43:21.592+0000][1][safepoint    ] Leaving safepoint region
[2019-12-09T01:43:21.592+0000][1][safepoint    ] Total time for which application threads were stopped: 0.0000502 seconds, Stopping threads took: 0.0000072 seconds
[2019-12-09T01:43:21.592+0000][1][safepoint    ] Application time: 0.0000517 seconds
[2019-12-09T01:43:21.592+0000][1][safepoint    ] Entering safepoint region: RevokeBias
[2019-12-09T01:43:21.592+0000][1][safepoint    ] Leaving safepoint region
[2019-12-09T01:43:21.592+0000][1][safepoint    ] Total time for which application threads were stopped: 0.0000564 seconds, Stopping threads took: 0.0000077 seconds
[2019-12-09T01:43:21.592+0000][1][safepoint    ] Application time: 0.0000506 seconds
[2019-12-09T01:43:21.592+0000][1][safepoint    ] Entering safepoint region: RevokeBias
[2019-12-09T01:43:21.592+0000][1][safepoint    ] Leaving safepoint region
[2019-12-09T01:43:21.592+0000][1][safepoint    ] Total time for which application threads were stopped: 0.0000513 seconds, Stopping threads took: 0.0000072 seconds
[2019-12-09T01:43:21.592+0000][1][safepoint    ] Application time: 0.0000497 seconds
[2019-12-09T01:43:21.592+0000][1][safepoint    ] Entering safepoint region: RevokeBias
[2019-12-09T01:43:21.592+0000][1][safepoint    ] Leaving safepoint region
[2019-12-09T01:43:21.592+0000][1][safepoint    ] Total time for which application threads were stopped: 0.0000500 seconds, Stopping threads took: 0.0000072 seconds
[2019-12-09T01:43:21.592+0000][1][safepoint    ] Application time: 0.0000583 seconds
[2019-12-09T01:43:21.592+0000][1][safepoint    ] Entering safepoint region: RevokeBias
[2019-12-09T01:43:21.592+0000][1][safepoint    ] Leaving safepoint region
[2019-12-09T01:43:21.592+0000][1][safepoint    ] Total time for which application threads were stopped: 0.0000607 seconds, Stopping threads took: 0.0000076 seconds
[2019-12-09T01:43:21.592+0000][1][safepoint    ] Application time: 0.0000502 seconds
[2019-12-09T01:43:21.592+0000][1][safepoint    ] Entering safepoint region: RevokeBias
[2019-12-09T01:43:21.592+0000][1][safepoint    ] Leaving safepoint region
[2019-12-09T01:43:21.592+0000][1][safepoint    ] Total time for which application threads were stopped: 0.0000515 seconds, Stopping threads took: 0.0000074 seconds
[2019-12-09T01:43:21.592+0000][1][safepoint    ] Application time: 0.0000493 seconds
[2019-12-09T01:43:21.592+0000][1][safepoint    ] Entering safepoint region: RevokeBias
[2019-12-09T01:43:21.592+0000][1][safepoint    ] Leaving safepoint region
[2019-12-09T01:43:21.592+0000][1][safepoint    ] Total time for which application threads were stopped: 0.0000498 seconds, Stopping threads took: 0.0000073 seconds
[2019-12-09T01:43:21.592+0000][1][safepoint    ] Application time: 0.0000496 seconds
[2019-12-09T01:43:21.592+0000][1][safepoint    ] Entering safepoint region: RevokeBias
[2019-12-09T01:43:21.593+0000][1][safepoint    ] Leaving safepoint region
[2019-12-09T01:43:21.593+0000][1][safepoint    ] Total time for which application threads were stopped: 0.0000499 seconds, Stopping threads took: 0.0000074 seconds
[2019-12-09T01:43:21.593+0000][1][safepoint    ] Application time: 0.0000507 seconds
[2019-12-09T01:43:21.593+0000][1][safepoint    ] Entering safepoint region: RevokeBias
[2019-12-09T01:43:21.593+0000][1][safepoint    ] Leaving safepoint region
[2019-12-09T01:43:21.593+0000][1][safepoint    ] Total time for which application threads were stopped: 0.0000510 seconds, Stopping threads took: 0.0000073 seconds
[2019-12-09T01:43:21.593+0000][1][safepoint    ] Application time: 0.0000637 seconds
[2019-12-09T01:43:21.593+0000][1][safepoint    ] Entering safepoint region: BulkRevokeBias
[2019-12-09T01:43:21.593+0000][1][safepoint    ] Leaving safepoint region
[2019-12-09T01:43:21.593+0000][1][safepoint    ] Total time for which application threads were stopped: 0.0001231 seconds, Stopping threads took: 0.0000073 seconds
[2019-12-09T01:43:21.593+0000][1][safepoint    ] Application time: 0.0002162 seconds
[2019-12-09T01:43:21.593+0000][1][safepoint    ] Entering safepoint region: RevokeBias
[2019-12-09T01:43:21.593+0000][1][safepoint    ] Leaving safepoint region
[2019-12-09T01:43:21.593+0000][1][safepoint    ] Total time for which application threads were stopped: 0.0000786 seconds, Stopping threads took: 0.0000088 seconds
[2019-12-09T01:43:21.593+0000][1][safepoint    ] Application time: 0.0001573 seconds
[2019-12-09T01:43:21.593+0000][1][safepoint    ] Entering safepoint region: RevokeBias
[2019-12-09T01:43:21.593+0000][1][safepoint    ] Leaving safepoint region
[2019-12-09T01:43:21.593+0000][1][safepoint    ] Total time for which application threads were stopped: 0.0000703 seconds, Stopping threads took: 0.0000086 seconds
[2019-12-09T01:43:21.593+0000][1][safepoint    ] Application time: 0.0000790 seconds
[2019-12-09T01:43:21.594+0000][1][safepoint    ] Entering safepoint region: RevokeBias
[2019-12-09T01:43:21.594+0000][1][safepoint    ] Leaving safepoint region
[2019-12-09T01:43:21.594+0000][1][safepoint    ] Total time for which application threads were stopped: 0.0000626 seconds, Stopping threads took: 0.0000088 seconds
[2019-12-09T01:43:21.594+0000][1][safepoint    ] Application time: 0.0000889 seconds
[2019-12-09T01:43:21.594+0000][1][safepoint    ] Entering safepoint region: RevokeBias
[2019-12-09T01:43:21.594+0000][1][safepoint    ] Leaving safepoint region
[2019-12-09T01:43:21.594+0000][1][safepoint    ] Total time for which application threads were stopped: 0.0000828 seconds, Stopping threads took: 0.0000222 seconds
[2019-12-09T01:43:21.594+0000][1][safepoint    ] Application time: 0.0000620 seconds
[2019-12-09T01:43:21.594+0000][1][safepoint    ] Entering safepoint region: RevokeBias
[2019-12-09T01:43:21.594+0000][1][safepoint    ] Leaving safepoint region
[2019-12-09T01:43:21.594+0000][1][safepoint    ] Total time for which application threads were stopped: 0.0000623 seconds, Stopping threads took: 0.0000085 seconds
[2019-12-09T01:43:21.594+0000][1][safepoint    ] Application time: 0.0001838 seconds
[2019-12-09T01:43:21.594+0000][1][safepoint    ] Entering safepoint region: RevokeBias
[2019-12-09T01:43:21.594+0000][1][safepoint    ] Leaving safepoint region
[2019-12-09T01:43:21.594+0000][1][safepoint    ] Total time for which application threads were stopped: 0.0000632 seconds, Stopping threads took: 0.0000086 seconds
[2019-12-09T01:43:21.595+0000][1][safepoint    ] Application time: 0.0004146 seconds
[2019-12-09T01:43:21.595+0000][1][safepoint    ] Entering safepoint region: RevokeBias
[2019-12-09T01:43:21.595+0000][1][safepoint    ] Leaving safepoint region
[2019-12-09T01:43:21.595+0000][1][safepoint    ] Total time for which application threads were stopped: 0.0001032 seconds, Stopping threads took: 0.0000106 seconds
[2019-12-09T01:43:21.595+0000][1][safepoint    ] Application time: 0.0000947 seconds
[2019-12-09T01:43:21.595+0000][1][safepoint    ] Entering safepoint region: RevokeBias
[2019-12-09T01:43:21.595+0000][1][safepoint    ] Leaving safepoint region
[2019-12-09T01:43:21.595+0000][1][safepoint    ] Total time for which application threads were stopped: 0.0000678 seconds, Stopping threads took: 0.0000085 seconds
[2019-12-09T01:43:21.595+0000][1][safepoint    ] Application time: 0.0001857 seconds
[2019-12-09T01:43:21.595+0000][1][safepoint    ] Entering safepoint region: RevokeBias
[2019-12-09T01:43:21.595+0000][1][safepoint    ] Leaving safepoint region
[2019-12-09T01:43:21.595+0000][1][safepoint    ] Total time for which application threads were stopped: 0.0000668 seconds, Stopping threads took: 0.0000086 seconds
[2019-12-09T01:43:21.595+0000][1][safepoint    ] Application time: 0.0000715 seconds
[2019-12-09T01:43:21.595+0000][1][safepoint    ] Entering safepoint region: RevokeBias
[2019-12-09T01:43:21.595+0000][1][safepoint    ] Leaving safepoint region
[2019-12-09T01:43:21.595+0000][1][safepoint    ] Total time for which application threads were stopped: 0.0000571 seconds, Stopping threads took: 0.0000087 seconds
[2019-12-09T01:43:21.595+0000][1][safepoint    ] Application time: 0.0000528 seconds
[2019-12-09T01:43:21.595+0000][1][safepoint    ] Entering safepoint region: RevokeBias
[2019-12-09T01:43:21.595+0000][1][safepoint    ] Leaving safepoint region
[2019-12-09T01:43:21.595+0000][1][safepoint    ] Total time for which application threads were stopped: 0.0000543 seconds, Stopping threads took: 0.0000085 seconds
[2019-12-09T01:43:21.595+0000][1][safepoint    ] Application time: 0.0000509 seconds
[2019-12-09T01:43:21.595+0000][1][safepoint    ] Entering safepoint region: RevokeBias
[2019-12-09T01:43:21.596+0000][1][safepoint    ] Leaving safepoint region
[2019-12-09T01:43:21.596+0000][1][safepoint    ] Total time for which application threads were stopped: 0.0000532 seconds, Stopping threads took: 0.0000080 seconds
[2019-12-09T01:43:21.596+0000][1][safepoint    ] Application time: 0.0008679 seconds
[2019-12-09T01:43:21.597+0000][1][safepoint    ] Entering safepoint region: RevokeBias
[2019-12-09T01:43:21.597+0000][1][safepoint    ] Leaving safepoint region
[2019-12-09T01:43:21.597+0000][1][safepoint    ] Total time for which application threads were stopped: 0.0000957 seconds, Stopping threads took: 0.0000637 seconds
[2019-12-09T01:43:21.597+0000][1][safepoint    ] Application time: 0.0000767 seconds
[2019-12-09T01:43:21.597+0000][1][safepoint    ] Entering safepoint region: RevokeBias
[2019-12-09T01:43:21.597+0000][1][safepoint    ] Leaving safepoint region
[2019-12-09T01:43:21.597+0000][1][safepoint    ] Total time for which application threads were stopped: 0.0000572 seconds, Stopping threads took: 0.0000077 seconds
[2019-12-09T01:43:21.597+0000][1][safepoint    ] Application time: 0.0000395 seconds
[2019-12-09T01:43:21.597+0000][1][safepoint    ] Entering safepoint region: RevokeBias
[2019-12-09T01:43:21.597+0000][1][safepoint    ] Leaving safepoint region
[2019-12-09T01:43:21.597+0000][1][safepoint    ] Total time for which application threads were stopped: 0.0000391 seconds, Stopping threads took: 0.0000077 seconds
[2019-12-09T01:43:21.597+0000][1][safepoint    ] Application time: 0.0000340 seconds
[2019-12-09T01:43:21.597+0000][1][safepoint    ] Entering safepoint region: RevokeBias
[2019-12-09T01:43:21.597+0000][1][safepoint    ] Leaving safepoint region
[2019-12-09T01:43:21.597+0000][1][safepoint    ] Total time for which application threads were stopped: 0.0000346 seconds, Stopping threads took: 0.0000074 seconds
[2019-12-09T01:43:21.597+0000][1][safepoint    ] Application time: 0.0000339 seconds
[2019-12-09T01:43:21.597+0000][1][safepoint    ] Entering safepoint region: RevokeBias
[2019-12-09T01:43:21.597+0000][1][safepoint    ] Leaving safepoint region
[2019-12-09T01:43:21.597+0000][1][safepoint    ] Total time for which application threads were stopped: 0.0000340 seconds, Stopping threads took: 0.0000071 seconds
[2019-12-09T01:43:21.597+0000][1][safepoint    ] Application time: 0.0000462 seconds
[2019-12-09T01:43:21.597+0000][1][safepoint    ] Entering safepoint region: RevokeBias
[2019-12-09T01:43:21.597+0000][1][safepoint    ] Leaving safepoint region
[2019-12-09T01:43:21.597+0000][1][safepoint    ] Total time for which application threads were stopped: 0.0000359 seconds, Stopping threads took: 0.0000075 seconds
[2019-12-09T01:43:21.597+0000][1][safepoint    ] Application time: 0.0000347 seconds
[2019-12-09T01:43:21.597+0000][1][safepoint    ] Entering safepoint region: RevokeBias
[2019-12-09T01:43:21.597+0000][1][safepoint    ] Leaving safepoint region
[2019-12-09T01:43:21.597+0000][1][safepoint    ] Total time for which application threads were stopped: 0.0000348 seconds, Stopping threads took: 0.0000075 seconds
[2019-12-09T01:43:21.597+0000][1][safepoint    ] Application time: 0.0000344 seconds
[2019-12-09T01:43:21.597+0000][1][safepoint    ] Entering safepoint region: RevokeBias
[2019-12-09T01:43:21.597+0000][1][safepoint    ] Leaving safepoint region
[2019-12-09T01:43:21.597+0000][1][safepoint    ] Total time for which application threads were stopped: 0.0000346 seconds, Stopping threads took: 0.0000073 seconds
[2019-12-09T01:43:21.597+0000][1][safepoint    ] Application time: 0.0000339 seconds
[2019-12-09T01:43:21.597+0000][1][safepoint    ] Entering safepoint region: RevokeBias
[2019-12-09T01:43:21.597+0000][1][safepoint    ] Leaving safepoint region
[2019-12-09T01:43:21.597+0000][1][safepoint    ] Total time for which application threads were stopped: 0.0000341 seconds, Stopping threads took: 0.0000073 seconds
[2019-12-09T01:43:21.597+0000][1][safepoint    ] Application time: 0.0000352 seconds
[2019-12-09T01:43:21.597+0000][1][safepoint    ] Entering safepoint region: RevokeBias
[2019-12-09T01:43:21.597+0000][1][safepoint    ] Leaving safepoint region
[2019-12-09T01:43:21.597+0000][1][safepoint    ] Total time for which application threads were stopped: 0.0000345 seconds, Stopping threads took: 0.0000074 seconds
[2019-12-09T01:43:21.597+0000][1][safepoint    ] Application time: 0.0000349 seconds
[2019-12-09T01:43:21.597+0000][1][safepoint    ] Entering safepoint region: RevokeBias
[2019-12-09T01:43:21.597+0000][1][safepoint    ] Leaving safepoint region
[2019-12-09T01:43:21.597+0000][1][safepoint    ] Total time for which application threads were stopped: 0.0000341 seconds, Stopping threads took: 0.0000073 seconds
[2019-12-09T01:43:21.598+0000][1][safepoint    ] Application time: 0.0000340 seconds
[2019-12-09T01:43:21.598+0000][1][safepoint    ] Entering safepoint region: RevokeBias
[2019-12-09T01:43:21.598+0000][1][safepoint    ] Leaving safepoint region
[2019-12-09T01:43:21.598+0000][1][safepoint    ] Total time for which application threads were stopped: 0.0000341 seconds, Stopping threads took: 0.0000072 seconds
[2019-12-09T01:43:21.598+0000][1][safepoint    ] Application time: 0.0000339 seconds
[2019-12-09T01:43:21.598+0000][1][safepoint    ] Entering safepoint region: RevokeBias
[2019-12-09T01:43:21.598+0000][1][safepoint    ] Leaving safepoint region
[2019-12-09T01:43:21.598+0000][1][safepoint    ] Total time for which application threads were stopped: 0.0000349 seconds, Stopping threads took: 0.0000073 seconds
[2019-12-09T01:43:21.598+0000][1][safepoint    ] Application time: 0.0000600 seconds
[2019-12-09T01:43:21.598+0000][1][safepoint    ] Entering safepoint region: RevokeBias
[2019-12-09T01:43:21.598+0000][1][safepoint    ] Leaving safepoint region
[2019-12-09T01:43:21.598+0000][1][safepoint    ] Total time for which application threads were stopped: 0.0000388 seconds, Stopping threads took: 0.0000082 seconds
[2019-12-09T01:43:21.598+0000][1][safepoint    ] Application time: 0.0000366 seconds
[2019-12-09T01:43:21.598+0000][1][safepoint    ] Entering safepoint region: RevokeBias
[2019-12-09T01:43:21.598+0000][1][safepoint    ] Leaving safepoint region
[2019-12-09T01:43:21.598+0000][1][safepoint    ] Total time for which application threads were stopped: 0.0000392 seconds, Stopping threads took: 0.0000081 seconds
[2019-12-09T01:43:21.598+0000][1][safepoint    ] Application time: 0.0000351 seconds
[2019-12-09T01:43:21.598+0000][1][safepoint    ] Entering safepoint region: RevokeBias
[2019-12-09T01:43:21.598+0000][1][safepoint    ] Leaving safepoint region
[2019-12-09T01:43:21.598+0000][1][safepoint    ] Total time for which application threads were stopped: 0.0000360 seconds, Stopping threads took: 0.0000074 seconds
[2019-12-09T01:43:21.598+0000][1][safepoint    ] Application time: 0.0000366 seconds
[2019-12-09T01:43:21.598+0000][1][safepoint    ] Entering safepoint region: RevokeBias
[2019-12-09T01:43:21.598+0000][1][safepoint    ] Leaving safepoint region
[2019-12-09T01:43:21.598+0000][1][safepoint    ] Total time for which application threads were stopped: 0.0000396 seconds, Stopping threads took: 0.0000081 seconds
[2019-12-09T01:43:21.598+0000][1][safepoint    ] Application time: 0.0000373 seconds
[2019-12-09T01:43:21.598+0000][1][safepoint    ] Entering safepoint region: RevokeBias
[2019-12-09T01:43:21.598+0000][1][safepoint    ] Leaving safepoint region
[2019-12-09T01:43:21.598+0000][1][safepoint    ] Total time for which application threads were stopped: 0.0000373 seconds, Stopping threads took: 0.0000084 seconds
[2019-12-09T01:43:21.598+0000][1][safepoint    ] Application time: 0.0000352 seconds
[2019-12-09T01:43:21.598+0000][1][safepoint    ] Entering safepoint region: RevokeBias
[2019-12-09T01:43:21.598+0000][1][safepoint    ] Leaving safepoint region
[2019-12-09T01:43:21.598+0000][1][safepoint    ] Total time for which application threads were stopped: 0.0000363 seconds, Stopping threads took: 0.0000083 seconds
[2019-12-09T01:43:21.598+0000][1][safepoint    ] Application time: 0.0000359 seconds
[2019-12-09T01:43:21.598+0000][1][safepoint    ] Entering safepoint region: BulkRevokeBias
[2019-12-09T01:43:21.598+0000][1][safepoint    ] Leaving safepoint region
[2019-12-09T01:43:21.598+0000][1][safepoint    ] Total time for which application threads were stopped: 0.0001068 seconds, Stopping threads took: 0.0000076 seconds
[2019-12-09T01:43:21.599+0000][1][safepoint    ] Application time: 0.0009364 seconds
[2019-12-09T01:43:21.599+0000][1][safepoint    ] Entering safepoint region: RevokeBias
[2019-12-09T01:43:21.599+0000][1][safepoint    ] Leaving safepoint region
[2019-12-09T01:43:21.599+0000][1][safepoint    ] Total time for which application threads were stopped: 0.0000532 seconds, Stopping threads took: 0.0000109 seconds
[2019-12-09T01:43:21.599+0000][1][safepoint    ] Application time: 0.0000470 seconds
[2019-12-09T01:43:21.599+0000][1][safepoint    ] Entering safepoint region: RevokeBias
[2019-12-09T01:43:21.600+0000][1][safepoint    ] Leaving safepoint region
[2019-12-09T01:43:21.600+0000][1][safepoint    ] Total time for which application threads were stopped: 0.0000529 seconds, Stopping threads took: 0.0000083 seconds
[2019-12-09T01:43:21.600+0000][1][safepoint    ] Application time: 0.0001431 seconds
[2019-12-09T01:43:21.600+0000][1][safepoint    ] Entering safepoint region: RevokeBias
[2019-12-09T01:43:21.600+0000][1][safepoint    ] Leaving safepoint region
[2019-12-09T01:43:21.600+0000][1][safepoint    ] Total time for which application threads were stopped: 0.0000770 seconds, Stopping threads took: 0.0000278 seconds
[2019-12-09T01:43:21.600+0000][1][safepoint    ] Application time: 0.0001698 seconds
[2019-12-09T01:43:21.600+0000][1][safepoint    ] Entering safepoint region: RevokeBias
[2019-12-09T01:43:21.600+0000][1][safepoint    ] Leaving safepoint region
[2019-12-09T01:43:21.600+0000][1][safepoint    ] Total time for which application threads were stopped: 0.0000600 seconds, Stopping threads took: 0.0000096 seconds
[2019-12-09T01:43:21.600+0000][1][safepoint    ] Application time: 0.0003092 seconds
[2019-12-09T01:43:21.600+0000][1][safepoint    ] Entering safepoint region: RevokeBias
[2019-12-09T01:43:21.600+0000][1][safepoint    ] Leaving safepoint region
[2019-12-09T01:43:21.600+0000][1][safepoint    ] Total time for which application threads were stopped: 0.0000599 seconds, Stopping threads took: 0.0000098 seconds
[2019-12-09T01:43:21.601+0000][1][safepoint    ] Application time: 0.0004494 seconds
[2019-12-09T01:43:21.601+0000][1][safepoint    ] Entering safepoint region: RevokeBias
[2019-12-09T01:43:21.601+0000][1][safepoint    ] Leaving safepoint region
[2019-12-09T01:43:21.601+0000][1][safepoint    ] Total time for which application threads were stopped: 0.0000592 seconds, Stopping threads took: 0.0000104 seconds
[2019-12-09T01:43:21.601+0000][1][safepoint    ] Application time: 0.0001199 seconds
[2019-12-09T01:43:21.601+0000][1][safepoint    ] Entering safepoint region: RevokeBias
[2019-12-09T01:43:21.601+0000][1][safepoint    ] Leaving safepoint region
[2019-12-09T01:43:21.601+0000][1][safepoint    ] Total time for which application threads were stopped: 0.0000545 seconds, Stopping threads took: 0.0000091 seconds
[2019-12-09T01:43:21.601+0000][1][safepoint    ] Application time: 0.0002001 seconds
[2019-12-09T01:43:21.601+0000][1][safepoint    ] Entering safepoint region: RevokeBias
[2019-12-09T01:43:21.601+0000][1][safepoint    ] Leaving safepoint region
[2019-12-09T01:43:21.601+0000][1][safepoint    ] Total time for which application threads were stopped: 0.0000545 seconds, Stopping threads took: 0.0000088 seconds
[2019-12-09T01:43:21.623+0000][1][safepoint    ] Application time: 0.0215823 seconds
[2019-12-09T01:43:21.623+0000][1][safepoint    ] Entering safepoint region: RevokeBias
[2019-12-09T01:43:21.623+0000][1][safepoint    ] Leaving safepoint region
[2019-12-09T01:43:21.623+0000][1][safepoint    ] Total time for which application threads were stopped: 0.0000794 seconds, Stopping threads took: 0.0000116 seconds
[2019-12-09T01:43:21.628+0000][1][safepoint    ] Application time: 0.0046208 seconds
[2019-12-09T01:43:21.630+0000][1][safepoint    ] Entering safepoint region: RevokeBias
[2019-12-09T01:43:21.630+0000][1][safepoint    ] Leaving safepoint region
[2019-12-09T01:43:21.630+0000][1][safepoint    ] Total time for which application threads were stopped: 0.0026628 seconds, Stopping threads took: 0.0025824 seconds
[2019-12-09T01:43:21.635+0000][1][safepoint    ] Application time: 0.0041531 seconds
[2019-12-09T01:43:21.635+0000][1][safepoint    ] Entering safepoint region: RevokeBias
[2019-12-09T01:43:21.635+0000][1][safepoint    ] Leaving safepoint region
[2019-12-09T01:43:21.635+0000][1][safepoint    ] Total time for which application threads were stopped: 0.0001032 seconds, Stopping threads took: 0.0000386 seconds
[2019-12-09T01:43:21.635+0000][1][safepoint    ] Application time: 0.0006667 seconds
[2019-12-09T01:43:21.635+0000][1][safepoint    ] Entering safepoint region: RevokeBias
[2019-12-09T01:43:21.635+0000][1][safepoint    ] Leaving safepoint region
[2019-12-09T01:43:21.635+0000][1][safepoint    ] Total time for which application threads were stopped: 0.0000899 seconds, Stopping threads took: 0.0000091 seconds
[2019-12-09T01:43:21.648+0000][1][safepoint    ] Application time: 0.0122632 seconds
[2019-12-09T01:43:21.648+0000][1][safepoint    ] Entering safepoint region: RevokeBias
[2019-12-09T01:43:21.648+0000][1][safepoint    ] Leaving safepoint region
[2019-12-09T01:43:21.648+0000][1][safepoint    ] Total time for which application threads were stopped: 0.0001236 seconds, Stopping threads took: 0.0000437 seconds
[2019-12-09T01:43:21.648+0000][1][safepoint    ] Application time: 0.0002328 seconds
[2019-12-09T01:43:21.648+0000][1][safepoint    ] Entering safepoint region: RevokeBias
[2019-12-09T01:43:21.648+0000][1][safepoint    ] Leaving safepoint region
[2019-12-09T01:43:21.648+0000][1][safepoint    ] Total time for which application threads were stopped: 0.0000869 seconds, Stopping threads took: 0.0000112 seconds
[2019-12-09T01:43:21.662+0000][1][safepoint    ] Application time: 0.0133388 seconds
[2019-12-09T01:43:21.662+0000][1][safepoint    ] Entering safepoint region: RevokeBias
[2019-12-09T01:43:21.662+0000][1][safepoint    ] Leaving safepoint region
[2019-12-09T01:43:21.662+0000][1][safepoint    ] Total time for which application threads were stopped: 0.0000472 seconds, Stopping threads took: 0.0000111 seconds
[2019-12-09T01:43:21.663+0000][1][safepoint    ] Application time: 0.0015652 seconds
[2019-12-09T01:43:21.663+0000][1][safepoint    ] Entering safepoint region: RevokeBias
[2019-12-09T01:43:21.663+0000][1][safepoint    ] Leaving safepoint region
[2019-12-09T01:43:21.663+0000][1][safepoint    ] Total time for which application threads were stopped: 0.0000411 seconds, Stopping threads took: 0.0000103 seconds
[2019-12-09T01:43:21.731+0000][1][safepoint    ] Application time: 0.0675572 seconds
[2019-12-09T01:43:21.799+0000][1][safepoint    ] Entering safepoint region: RevokeBias
[2019-12-09T01:43:21.799+0000][1][safepoint    ] Leaving safepoint region
[2019-12-09T01:43:21.799+0000][1][safepoint    ] Total time for which application threads were stopped: 0.0679474 seconds, Stopping threads took: 0.0678877 seconds
[2019-12-09T01:43:21.799+0000][1][safepoint    ] Application time: 0.0001729 seconds
[2019-12-09T01:43:21.799+0000][1][safepoint    ] Entering safepoint region: RevokeBias
[2019-12-09T01:43:21.799+0000][1][safepoint    ] Leaving safepoint region
[2019-12-09T01:43:21.799+0000][1][safepoint    ] Total time for which application threads were stopped: 0.0000808 seconds, Stopping threads took: 0.0000101 seconds
[2019-12-09T01:43:21.802+0000][1][safepoint    ] Application time: 0.0025883 seconds
[2019-12-09T01:43:21.802+0000][1][safepoint    ] Entering safepoint region: RevokeBias
[2019-12-09T01:43:21.802+0000][1][safepoint    ] Leaving safepoint region
[2019-12-09T01:43:21.802+0000][1][safepoint    ] Total time for which application threads were stopped: 0.0000593 seconds, Stopping threads took: 0.0000132 seconds
[2019-12-09T01:43:22.296+0000][1][safepoint    ] Application time: 0.4946509 seconds
[2019-12-09T01:43:22.296+0000][1][safepoint    ] Entering safepoint region: RevokeBias
[2019-12-09T01:43:22.297+0000][1][safepoint    ] Leaving safepoint region
[2019-12-09T01:43:22.297+0000][1][safepoint    ] Total time for which application threads were stopped: 0.0001006 seconds, Stopping threads took: 0.0000147 seconds
[2019-12-09T01:43:22.806+0000][1][safepoint    ] Application time: 0.5096170 seconds
[2019-12-09T01:43:22.814+0000][1][safepoint    ] Entering safepoint region: RevokeBias
[2019-12-09T01:43:22.814+0000][1][safepoint    ] Leaving safepoint region
[2019-12-09T01:43:22.814+0000][1][safepoint    ] Total time for which application threads were stopped: 0.0075323 seconds, Stopping threads took: 0.0074761 seconds
[2019-12-09T01:43:22.818+0000][1][safepoint    ] Application time: 0.0039715 seconds
[2019-12-09T01:43:22.818+0000][1][safepoint    ] Entering safepoint region: RevokeBias
[2019-12-09T01:43:22.818+0000][1][safepoint    ] Leaving safepoint region
[2019-12-09T01:43:22.818+0000][1][safepoint    ] Total time for which application threads were stopped: 0.0000559 seconds, Stopping threads took: 0.0000132 seconds
[2019-12-09T01:43:22.872+0000][1][safepoint    ] Application time: 0.0545483 seconds
[2019-12-09T01:43:22.872+0000][1][safepoint    ] Entering safepoint region: GenCollectForAllocation
[2019-12-09T01:43:22.873+0000][1][gc,start     ] GC(20) Pause Young (Allocation Failure)
[2019-12-09T01:43:22.873+0000][1][gc,task      ] GC(20) Using 2 workers of 2 for evacuation
[2019-12-09T01:43:23.286+0000][1][gc,age       ] GC(20) Desired survivor size 4456448 bytes, new threshold 2 (max threshold 6)
[2019-12-09T01:43:23.286+0000][1][gc,age       ] GC(20) Age table with threshold 2 (max threshold 6)
[2019-12-09T01:43:23.286+0000][1][gc,age       ] GC(20) - age   1:    2812344 bytes,    2812344 total
[2019-12-09T01:43:23.286+0000][1][gc,age       ] GC(20) - age   2:    2466024 bytes,    5278368 total
[2019-12-09T01:43:23.286+0000][1][gc,age       ] GC(20) - age   3:    1893520 bytes,    7171888 total
[2019-12-09T01:43:23.286+0000][1][gc,heap      ] GC(20) ParNew: 75791K->8704K(78656K)
[2019-12-09T01:43:23.286+0000][1][gc,heap      ] GC(20) CMS: 54716K->55944K(174784K)
[2019-12-09T01:43:23.286+0000][1][gc,metaspace ] GC(20) Metaspace: 48409K->48409K(1093632K)
[2019-12-09T01:43:23.286+0000][1][gc           ] GC(20) Pause Young (Allocation Failure) 127M->63M(247M) 413.809ms
[2019-12-09T01:43:23.286+0000][1][gc,cpu       ] GC(20) User=0.07s Sys=0.00s Real=0.42s
[2019-12-09T01:43:23.286+0000][1][safepoint    ] Leaving safepoint region
[2019-12-09T01:43:23.286+0000][1][safepoint    ] Total time for which application threads were stopped: 0.4139440 seconds, Stopping threads took: 0.0000145 seconds
[2019-12-09T01:43:23.870+0000][1][safepoint    ] Application time: 0.5840867 seconds
[2019-12-09T01:43:23.871+0000][1][safepoint    ] Entering safepoint region: RevokeBias
[2019-12-09T01:43:23.871+0000][1][safepoint    ] Leaving safepoint region
[2019-12-09T01:43:23.871+0000][1][safepoint    ] Total time for which application threads were stopped: 0.0005406 seconds, Stopping threads took: 0.0000437 seconds
[2019-12-09T01:43:24.061+0000][1][safepoint    ] Application time: 0.1903999 seconds
[2019-12-09T01:43:24.061+0000][1][safepoint    ] Entering safepoint region: RevokeBias
[2019-12-09T01:43:24.062+0000][1][safepoint    ] Leaving safepoint region
[2019-12-09T01:43:24.062+0000][1][safepoint    ] Total time for which application threads were stopped: 0.0000742 seconds, Stopping threads took: 0.0000157 seconds
[2019-12-09T01:43:24.438+0000][1][safepoint    ] Application time: 0.3761201 seconds
[2019-12-09T01:43:24.438+0000][1][safepoint    ] Entering safepoint region: RevokeBias
[2019-12-09T01:43:24.438+0000][1][safepoint    ] Leaving safepoint region
[2019-12-09T01:43:24.438+0000][1][safepoint    ] Total time for which application threads were stopped: 0.0000843 seconds, Stopping threads took: 0.0000149 seconds
[2019-12-09T01:43:24.443+0000][1][safepoint    ] Application time: 0.0050685 seconds
[2019-12-09T01:43:24.443+0000][1][safepoint    ] Entering safepoint region: RevokeBias
[2019-12-09T01:43:24.443+0000][1][safepoint    ] Leaving safepoint region
[2019-12-09T01:43:24.443+0000][1][safepoint    ] Total time for which application threads were stopped: 0.0000612 seconds, Stopping threads took: 0.0000134 seconds
[2019-12-09T01:43:24.452+0000][1][safepoint    ] Application time: 0.0093466 seconds
[2019-12-09T01:43:24.452+0000][1][safepoint    ] Entering safepoint region: RevokeBias
[2019-12-09T01:43:24.452+0000][1][safepoint    ] Leaving safepoint region
[2019-12-09T01:43:24.452+0000][1][safepoint    ] Total time for which application threads were stopped: 0.0000643 seconds, Stopping threads took: 0.0000145 seconds
[2019-12-09T01:43:24.456+0000][1][safepoint    ] Application time: 0.0033941 seconds
[2019-12-09T01:43:24.456+0000][1][safepoint    ] Entering safepoint region: RevokeBias
[2019-12-09T01:43:24.456+0000][1][safepoint    ] Leaving safepoint region
[2019-12-09T01:43:24.456+0000][1][safepoint    ] Total time for which application threads were stopped: 0.0000513 seconds, Stopping threads took: 0.0000137 seconds
[2019-12-09T01:43:24.462+0000][1][safepoint    ] Application time: 0.0064388 seconds
[2019-12-09T01:43:24.462+0000][1][safepoint    ] Entering safepoint region: RevokeBias
[2019-12-09T01:43:24.462+0000][1][safepoint    ] Leaving safepoint region
[2019-12-09T01:43:24.462+0000][1][safepoint    ] Total time for which application threads were stopped: 0.0000478 seconds, Stopping threads took: 0.0000123 seconds
[2019-12-09T01:43:24.495+0000][1][safepoint    ] Application time: 0.0329392 seconds
[2019-12-09T01:43:24.495+0000][1][safepoint    ] Entering safepoint region: RevokeBias
[2019-12-09T01:43:24.495+0000][1][safepoint    ] Leaving safepoint region
[2019-12-09T01:43:24.495+0000][1][safepoint    ] Total time for which application threads were stopped: 0.0000545 seconds, Stopping threads took: 0.0000124 seconds
[2019-12-09T01:43:24.529+0000][1][safepoint    ] Application time: 0.0339591 seconds
[2019-12-09T01:43:24.529+0000][1][safepoint    ] Entering safepoint region: RevokeBias
[2019-12-09T01:43:24.530+0000][1][safepoint    ] Leaving safepoint region
[2019-12-09T01:43:24.530+0000][1][safepoint    ] Total time for which application threads were stopped: 0.0000646 seconds, Stopping threads took: 0.0000141 seconds
[2019-12-09T01:43:24.671+0000][1][safepoint    ] Application time: 0.1413753 seconds
[2019-12-09T01:43:24.671+0000][1][safepoint    ] Entering safepoint region: RevokeBias
[2019-12-09T01:43:24.671+0000][1][safepoint    ] Leaving safepoint region
[2019-12-09T01:43:24.671+0000][1][safepoint    ] Total time for which application threads were stopped: 0.0000739 seconds, Stopping threads took: 0.0000166 seconds
[2019-12-09T01:43:24.873+0000][1][safepoint    ] Application time: 0.2015095 seconds
[2019-12-09T01:43:24.892+0000][1][safepoint    ] Entering safepoint region: RevokeBias
[2019-12-09T01:43:24.892+0000][1][safepoint    ] Leaving safepoint region
[2019-12-09T01:43:24.892+0000][1][safepoint    ] Total time for which application threads were stopped: 0.0191988 seconds, Stopping threads took: 0.0191318 seconds
[2019-12-09T01:43:25.931+0000][1][safepoint    ] Application time: 1.0389240 seconds
[2019-12-09T01:43:25.931+0000][1][safepoint    ] Entering safepoint region: Cleanup
[2019-12-09T01:43:25.931+0000][1][safepoint    ] Leaving safepoint region
[2019-12-09T01:43:25.931+0000][1][safepoint    ] Total time for which application threads were stopped: 0.0005564 seconds, Stopping threads took: 0.0000928 seconds
[2019-12-09T01:43:26.744+0000][1][safepoint    ] Application time: 0.8121565 seconds
[2019-12-09T01:43:26.744+0000][1][safepoint    ] Entering safepoint region: RevokeBias
[2019-12-09T01:43:26.744+0000][1][safepoint    ] Leaving safepoint region
[2019-12-09T01:43:26.744+0000][1][safepoint    ] Total time for which application threads were stopped: 0.0000824 seconds, Stopping threads took: 0.0000145 seconds
[2019-12-09T01:43:27.799+0000][1][safepoint    ] Application time: 1.0550854 seconds
[2019-12-09T01:43:27.874+0000][1][safepoint    ] Entering safepoint region: Cleanup
[2019-12-09T01:43:27.874+0000][1][safepoint    ] Leaving safepoint region
[2019-12-09T01:43:27.874+0000][1][safepoint    ] Total time for which application threads were stopped: 0.0751395 seconds, Stopping threads took: 0.0750503 seconds
[2019-12-09T01:43:28.434+0000][1][safepoint    ] Application time: 0.5598090 seconds
[2019-12-09T01:43:28.434+0000][1][safepoint    ] Entering safepoint region: RevokeBias
[2019-12-09T01:43:28.434+0000][1][safepoint    ] Leaving safepoint region
[2019-12-09T01:43:28.434+0000][1][safepoint    ] Total time for which application threads were stopped: 0.0000914 seconds, Stopping threads took: 0.0000178 seconds
[2019-12-09T01:43:28.459+0000][1][safepoint    ] Application time: 0.0254869 seconds
[2019-12-09T01:43:28.459+0000][1][safepoint    ] Entering safepoint region: RevokeBias
[2019-12-09T01:43:28.459+0000][1][safepoint    ] Leaving safepoint region
[2019-12-09T01:43:28.459+0000][1][safepoint    ] Total time for which application threads were stopped: 0.0000724 seconds, Stopping threads took: 0.0000152 seconds
[2019-12-09T01:43:28.739+0000][1][safepoint    ] Application time: 0.2793653 seconds
[2019-12-09T01:43:28.739+0000][1][safepoint    ] Entering safepoint region: GenCollectForAllocation
[2019-12-09T01:43:28.739+0000][1][gc,start     ] GC(21) Pause Young (Allocation Failure)
[2019-12-09T01:43:28.739+0000][1][gc,task      ] GC(21) Using 2 workers of 2 for evacuation
[2019-12-09T01:43:28.976+0000][1][gc,age       ] GC(21) Desired survivor size 4456448 bytes, new threshold 6 (max threshold 6)
[2019-12-09T01:43:28.976+0000][1][gc,age       ] GC(21) Age table with threshold 6 (max threshold 6)
[2019-12-09T01:43:28.976+0000][1][gc,age       ] GC(21) - age   1:    1603296 bytes,    1603296 total
[2019-12-09T01:43:28.976+0000][1][gc,age       ] GC(21) - age   2:    2745568 bytes,    4348864 total
[2019-12-09T01:43:28.976+0000][1][gc,heap      ] GC(21) ParNew: 78656K->6474K(78656K)
[2019-12-09T01:43:28.976+0000][1][gc,heap      ] GC(21) CMS: 55944K->60324K(174784K)
[2019-12-09T01:43:28.976+0000][1][gc,metaspace ] GC(21) Metaspace: 55922K->55922K(1099776K)
[2019-12-09T01:43:28.976+0000][1][gc           ] GC(21) Pause Young (Allocation Failure) 131M->65M(247M) 237.474ms
[2019-12-09T01:43:28.976+0000][1][gc,cpu       ] GC(21) User=0.05s Sys=0.00s Real=0.24s
[2019-12-09T01:43:28.976+0000][1][safepoint    ] Leaving safepoint region
[2019-12-09T01:43:28.976+0000][1][safepoint    ] Total time for which application threads were stopped: 0.2376314 seconds, Stopping threads took: 0.0000242 seconds
[2019-12-09T01:43:29.928+0000][1][safepoint    ] Application time: 0.9513925 seconds
[2019-12-09T01:43:29.939+0000][1][safepoint    ] Entering safepoint region: RevokeBias
[2019-12-09T01:43:29.939+0000][1][safepoint    ] Leaving safepoint region
[2019-12-09T01:43:29.939+0000][1][safepoint    ] Total time for which application threads were stopped: 0.0109496 seconds, Stopping threads took: 0.0108008 seconds
[2019-12-09T01:43:29.939+0000][1][safepoint    ] Application time: 0.0002194 seconds
[2019-12-09T01:43:29.939+0000][1][safepoint    ] Entering safepoint region: RevokeBias
[2019-12-09T01:43:29.939+0000][1][safepoint    ] Leaving safepoint region
[2019-12-09T01:43:29.939+0000][1][safepoint    ] Total time for which application threads were stopped: 0.0000874 seconds, Stopping threads took: 0.0000108 seconds
[2019-12-09T01:43:29.939+0000][1][safepoint    ] Application time: 0.0000602 seconds
[2019-12-09T01:43:29.939+0000][1][safepoint    ] Entering safepoint region: RevokeBias
[2019-12-09T01:43:29.939+0000][1][safepoint    ] Leaving safepoint region
[2019-12-09T01:43:29.939+0000][1][safepoint    ] Total time for which application threads were stopped: 0.0000605 seconds, Stopping threads took: 0.0000084 seconds
[2019-12-09T01:43:29.940+0000][1][safepoint    ] Application time: 0.0001787 seconds
[2019-12-09T01:43:29.940+0000][1][safepoint    ] Entering safepoint region: RevokeBias
[2019-12-09T01:43:29.940+0000][1][safepoint    ] Leaving safepoint region
[2019-12-09T01:43:29.940+0000][1][safepoint    ] Total time for which application threads were stopped: 0.0000690 seconds, Stopping threads took: 0.0000090 seconds
[2019-12-09T01:43:30.400+0000][1][safepoint    ] Application time: 0.4604716 seconds
[2019-12-09T01:43:30.400+0000][1][safepoint    ] Entering safepoint region: Deoptimize
[2019-12-09T01:43:30.401+0000][1][safepoint    ] Leaving safepoint region
[2019-12-09T01:43:30.401+0000][1][safepoint    ] Total time for which application threads were stopped: 0.0006911 seconds, Stopping threads took: 0.0000151 seconds
[2019-12-09T01:43:30.485+0000][1][safepoint    ] Application time: 0.0840320 seconds
[2019-12-09T01:43:30.485+0000][1][safepoint    ] Entering safepoint region: BulkRevokeBias
[2019-12-09T01:43:30.485+0000][1][safepoint    ] Leaving safepoint region
[2019-12-09T01:43:30.485+0000][1][safepoint    ] Total time for which application threads were stopped: 0.0002509 seconds, Stopping threads took: 0.0000475 seconds
[2019-12-09T01:43:30.892+0000][1][safepoint    ] Application time: 0.4065663 seconds
[2019-12-09T01:43:30.892+0000][1][safepoint    ] Entering safepoint region: RevokeBias
[2019-12-09T01:43:30.892+0000][1][safepoint    ] Leaving safepoint region
[2019-12-09T01:43:30.892+0000][1][safepoint    ] Total time for which application threads were stopped: 0.0001146 seconds, Stopping threads took: 0.0000175 seconds
[2019-12-09T01:43:30.892+0000][1][safepoint    ] Application time: 0.0001333 seconds
[2019-12-09T01:43:30.892+0000][1][safepoint    ] Entering safepoint region: RevokeBias
[2019-12-09T01:43:30.892+0000][1][safepoint    ] Leaving safepoint region
[2019-12-09T01:43:30.892+0000][1][safepoint    ] Total time for which application threads were stopped: 0.0000586 seconds, Stopping threads took: 0.0000110 seconds
[2019-12-09T01:43:30.892+0000][1][safepoint    ] Application time: 0.0001699 seconds
[2019-12-09T01:43:30.892+0000][1][safepoint    ] Entering safepoint region: RevokeBias
[2019-12-09T01:43:30.892+0000][1][safepoint    ] Leaving safepoint region
[2019-12-09T01:43:30.892+0000][1][safepoint    ] Total time for which application threads were stopped: 0.0000504 seconds, Stopping threads took: 0.0000091 seconds
[2019-12-09T01:43:30.910+0000][1][safepoint    ] Application time: 0.0177272 seconds
[2019-12-09T01:43:30.910+0000][1][safepoint    ] Entering safepoint region: RevokeBias
[2019-12-09T01:43:30.910+0000][1][safepoint    ] Leaving safepoint region
[2019-12-09T01:43:30.910+0000][1][safepoint    ] Total time for which application threads were stopped: 0.0000720 seconds, Stopping threads took: 0.0000139 seconds
[2019-12-09T01:43:31.939+0000][1][safepoint    ] Application time: 1.0285985 seconds
[2019-12-09T01:43:32.032+0000][1][safepoint    ] Entering safepoint region: Cleanup
[2019-12-09T01:43:32.033+0000][1][safepoint    ] Leaving safepoint region
[2019-12-09T01:43:32.033+0000][1][safepoint    ] Total time for which application threads were stopped: 0.0942086 seconds, Stopping threads took: 0.0929787 seconds
[2019-12-09T01:43:33.037+0000][1][safepoint    ] Application time: 1.0037236 seconds
[2019-12-09T01:43:33.037+0000][1][safepoint    ] Entering safepoint region: Cleanup
[2019-12-09T01:43:33.037+0000][1][safepoint    ] Leaving safepoint region
[2019-12-09T01:43:33.037+0000][1][safepoint    ] Total time for which application threads were stopped: 0.0000997 seconds, Stopping threads took: 0.0000269 seconds
[2019-12-09T01:43:33.191+0000][1][safepoint    ] Application time: 0.1542614 seconds
[2019-12-09T01:43:33.191+0000][1][safepoint    ] Entering safepoint region: Deoptimize
[2019-12-09T01:43:33.192+0000][1][safepoint    ] Leaving safepoint region
[2019-12-09T01:43:33.192+0000][1][safepoint    ] Total time for which application threads were stopped: 0.0006681 seconds, Stopping threads took: 0.0000163 seconds
[2019-12-09T01:43:33.436+0000][1][safepoint    ] Application time: 0.2443069 seconds
[2019-12-09T01:43:33.436+0000][1][safepoint    ] Entering safepoint region: CollectForMetadataAllocation
[2019-12-09T01:43:33.436+0000][1][safepoint    ] Leaving safepoint region
[2019-12-09T01:43:33.436+0000][1][safepoint    ] Total time for which application threads were stopped: 0.0002704 seconds, Stopping threads took: 0.0000159 seconds
[2019-12-09T01:43:33.774+0000][1][safepoint    ] Application time: 0.3372280 seconds
[2019-12-09T01:43:33.774+0000][1][safepoint    ] Entering safepoint region: CollectForMetadataAllocation
[2019-12-09T01:43:33.774+0000][1][safepoint    ] Leaving safepoint region
[2019-12-09T01:43:33.774+0000][1][safepoint    ] Total time for which application threads were stopped: 0.0001901 seconds, Stopping threads took: 0.0000174 seconds
[2019-12-09T01:43:33.996+0000][1][safepoint    ] Application time: 0.2224566 seconds
[2019-12-09T01:43:34.002+0000][1][safepoint    ] Entering safepoint region: CollectForMetadataAllocation
[2019-12-09T01:43:34.003+0000][1][safepoint    ] Leaving safepoint region
[2019-12-09T01:43:34.003+0000][1][safepoint    ] Total time for which application threads were stopped: 0.0063518 seconds, Stopping threads took: 0.0060807 seconds
[2019-12-09T01:43:34.336+0000][1][safepoint    ] Application time: 0.3333262 seconds
[2019-12-09T01:43:34.336+0000][1][safepoint    ] Entering safepoint region: CollectForMetadataAllocation
[2019-12-09T01:43:34.336+0000][1][safepoint    ] Leaving safepoint region
[2019-12-09T01:43:34.336+0000][1][safepoint    ] Total time for which application threads were stopped: 0.0001822 seconds, Stopping threads took: 0.0000160 seconds
[2019-12-09T01:43:34.787+0000][1][safepoint    ] Application time: 0.4503700 seconds
[2019-12-09T01:43:34.787+0000][1][safepoint    ] Entering safepoint region: CollectForMetadataAllocation
[2019-12-09T01:43:34.787+0000][1][safepoint    ] Leaving safepoint region
[2019-12-09T01:43:34.787+0000][1][safepoint    ] Total time for which application threads were stopped: 0.0002278 seconds, Stopping threads took: 0.0000159 seconds
[2019-12-09T01:43:34.991+0000][1][safepoint    ] Application time: 0.2042076 seconds
[2019-12-09T01:43:34.991+0000][1][safepoint    ] Entering safepoint region: CollectForMetadataAllocation
[2019-12-09T01:43:34.991+0000][1][safepoint    ] Leaving safepoint region
[2019-12-09T01:43:34.992+0000][1][safepoint    ] Total time for which application threads were stopped: 0.0002526 seconds, Stopping threads took: 0.0000144 seconds
[2019-12-09T01:43:35.090+0000][1][safepoint    ] Application time: 0.0982998 seconds
[2019-12-09T01:43:35.090+0000][1][safepoint    ] Entering safepoint region: CMS_Initial_Mark
[2019-12-09T01:43:35.090+0000][1][gc,start     ] GC(22) Pause Initial Mark
[2019-12-09T01:43:35.266+0000][1][gc           ] GC(22) Pause Initial Mark 116M->116M(247M) 175.725ms
[2019-12-09T01:43:35.266+0000][1][gc,cpu       ] GC(22) User=0.04s Sys=0.00s Real=0.18s
[2019-12-09T01:43:35.266+0000][1][safepoint    ] Leaving safepoint region
[2019-12-09T01:43:35.266+0000][1][safepoint    ] Total time for which application threads were stopped: 0.1760763 seconds, Stopping threads took: 0.0002179 seconds
[2019-12-09T01:43:35.266+0000][1][gc           ] GC(22) Concurrent Mark
[2019-12-09T01:43:35.373+0000][1][safepoint    ] Application time: 0.1068479 seconds
[2019-12-09T01:43:35.373+0000][1][safepoint    ] Entering safepoint region: CollectForMetadataAllocation
[2019-12-09T01:43:35.373+0000][1][safepoint    ] Leaving safepoint region
[2019-12-09T01:43:35.373+0000][1][safepoint    ] Total time for which application threads were stopped: 0.0002188 seconds, Stopping threads took: 0.0000146 seconds
[2019-12-09T01:43:35.771+0000][1][safepoint    ] Application time: 0.3977822 seconds
[2019-12-09T01:43:35.771+0000][1][safepoint    ] Entering safepoint region: CollectForMetadataAllocation
[2019-12-09T01:43:35.771+0000][1][safepoint    ] Leaving safepoint region
[2019-12-09T01:43:35.771+0000][1][safepoint    ] Total time for which application threads were stopped: 0.0002504 seconds, Stopping threads took: 0.0000168 seconds
[2019-12-09T01:43:36.106+0000][1][gc           ] GC(22) Concurrent Mark 840.160ms
[2019-12-09T01:43:36.106+0000][1][gc,cpu       ] GC(22) User=0.24s Sys=0.00s Real=0.84s
[2019-12-09T01:43:36.106+0000][1][gc           ] GC(22) Concurrent Preclean
[2019-12-09T01:43:36.129+0000][1][gc           ] GC(22) Concurrent Preclean 22.938ms
[2019-12-09T01:43:36.129+0000][1][gc,cpu       ] GC(22) User=0.01s Sys=0.00s Real=0.02s
[2019-12-09T01:43:36.129+0000][1][gc           ] GC(22) Concurrent Abortable Preclean
[2019-12-09T01:43:36.302+0000][1][safepoint    ] Application time: 0.5304185 seconds
[2019-12-09T01:43:36.302+0000][1][safepoint    ] Entering safepoint region: CollectForMetadataAllocation
[2019-12-09T01:43:36.302+0000][1][safepoint    ] Leaving safepoint region
[2019-12-09T01:43:36.302+0000][1][safepoint    ] Total time for which application threads were stopped: 0.0002909 seconds, Stopping threads took: 0.0000165 seconds
[2019-12-09T01:43:36.887+0000][1][safepoint    ] Application time: 0.5850101 seconds
[2019-12-09T01:43:36.887+0000][1][safepoint    ] Entering safepoint region: CollectForMetadataAllocation
[2019-12-09T01:43:36.887+0000][1][safepoint    ] Leaving safepoint region
[2019-12-09T01:43:36.887+0000][1][safepoint    ] Total time for which application threads were stopped: 0.0002595 seconds, Stopping threads took: 0.0000170 seconds
[2019-12-09T01:43:37.201+0000][1][safepoint    ] Application time: 0.3136748 seconds
[2019-12-09T01:43:37.201+0000][1][safepoint    ] Entering safepoint region: CollectForMetadataAllocation
[2019-12-09T01:43:37.201+0000][1][safepoint    ] Leaving safepoint region
[2019-12-09T01:43:37.201+0000][1][safepoint    ] Total time for which application threads were stopped: 0.0002455 seconds, Stopping threads took: 0.0000160 seconds
[2019-12-09T01:43:37.248+0000][1][safepoint    ] Application time: 0.0467033 seconds
[2019-12-09T01:43:37.256+0000][1][safepoint    ] Entering safepoint region: CollectForMetadataAllocation
[2019-12-09T01:43:37.256+0000][1][safepoint    ] Leaving safepoint region
[2019-12-09T01:43:37.256+0000][1][safepoint    ] Total time for which application threads were stopped: 0.0081876 seconds, Stopping threads took: 0.0081208 seconds
[2019-12-09T01:43:37.456+0000][1][safepoint    ] Application time: 0.2004320 seconds
[2019-12-09T01:43:37.457+0000][1][safepoint    ] Entering safepoint region: BulkRevokeBias
[2019-12-09T01:43:37.457+0000][1][safepoint    ] Leaving safepoint region
[2019-12-09T01:43:37.457+0000][1][safepoint    ] Total time for which application threads were stopped: 0.0002104 seconds, Stopping threads took: 0.0000143 seconds
[2019-12-09T01:43:37.478+0000][1][safepoint    ] Application time: 0.0209864 seconds
[2019-12-09T01:43:37.478+0000][1][safepoint    ] Entering safepoint region: CollectForMetadataAllocation
[2019-12-09T01:43:37.478+0000][1][safepoint    ] Leaving safepoint region
[2019-12-09T01:43:37.478+0000][1][safepoint    ] Total time for which application threads were stopped: 0.0002332 seconds, Stopping threads took: 0.0000160 seconds
[2019-12-09T01:43:37.757+0000][1][safepoint    ] Application time: 0.2787716 seconds
[2019-12-09T01:43:37.757+0000][1][safepoint    ] Entering safepoint region: GenCollectForAllocation
[2019-12-09T01:43:37.757+0000][1][gc,start     ] GC(23) Pause Young (Allocation Failure)
[2019-12-09T01:43:37.757+0000][1][gc,task      ] GC(23) Using 2 workers of 2 for evacuation
[2019-12-09T01:43:37.990+0000][1][gc,age       ] GC(23) Desired survivor size 4456448 bytes, new threshold 2 (max threshold 6)
[2019-12-09T01:43:37.990+0000][1][gc,age       ] GC(23) Age table with threshold 2 (max threshold 6)
[2019-12-09T01:43:37.990+0000][1][gc,age       ] GC(23) - age   1:    3623096 bytes,    3623096 total
[2019-12-09T01:43:37.990+0000][1][gc,age       ] GC(23) - age   2:    1512040 bytes,    5135136 total
[2019-12-09T01:43:37.990+0000][1][gc,age       ] GC(23) - age   3:    2723336 bytes,    7858472 total
[2019-12-09T01:43:37.990+0000][1][gc,heap      ] GC(23) ParNew: 76426K->8704K(78656K)
[2019-12-09T01:43:37.990+0000][1][gc,heap      ] GC(23) CMS: 60324K->60335K(174784K)
[2019-12-09T01:43:37.990+0000][1][gc,metaspace ] GC(23) Metaspace: 62897K->62897K(1105920K)
[2019-12-09T01:43:37.990+0000][1][gc           ] GC(23) Pause Young (Allocation Failure) 133M->67M(247M) 232.766ms
[2019-12-09T01:43:37.990+0000][1][gc,cpu       ] GC(23) User=0.04s Sys=0.00s Real=0.23s
[2019-12-09T01:43:37.990+0000][1][safepoint    ] Leaving safepoint region
[2019-12-09T01:43:37.990+0000][1][safepoint    ] Total time for which application threads were stopped: 0.2329435 seconds, Stopping threads took: 0.0000169 seconds
[2019-12-09T01:43:38.082+0000][1][safepoint    ] Application time: 0.0927426 seconds
[2019-12-09T01:43:38.083+0000][1][safepoint    ] Entering safepoint region: CollectForMetadataAllocation
[2019-12-09T01:43:38.083+0000][1][safepoint    ] Leaving safepoint region
[2019-12-09T01:43:38.083+0000][1][safepoint    ] Total time for which application threads were stopped: 0.0002823 seconds, Stopping threads took: 0.0000154 seconds
[2019-12-09T01:43:38.310+0000][1][safepoint    ] Application time: 0.2268981 seconds
[2019-12-09T01:43:38.330+0000][1][safepoint    ] Entering safepoint region: RevokeBias
[2019-12-09T01:43:38.330+0000][1][safepoint    ] Leaving safepoint region
[2019-12-09T01:43:38.330+0000][1][safepoint    ] Total time for which application threads were stopped: 0.0200898 seconds, Stopping threads took: 0.0199974 seconds
[2019-12-09T01:43:38.340+0000][1][safepoint    ] Application time: 0.0100230 seconds
[2019-12-09T01:43:38.340+0000][1][safepoint    ] Entering safepoint region: RevokeBias
[2019-12-09T01:43:38.340+0000][1][safepoint    ] Leaving safepoint region
[2019-12-09T01:43:38.340+0000][1][safepoint    ] Total time for which application threads were stopped: 0.0000881 seconds, Stopping threads took: 0.0000151 seconds
[2019-12-09T01:43:38.350+0000][1][safepoint    ] Application time: 0.0096923 seconds
[2019-12-09T01:43:38.350+0000][1][safepoint    ] Entering safepoint region: RevokeBias
[2019-12-09T01:43:38.350+0000][1][safepoint    ] Leaving safepoint region
[2019-12-09T01:43:38.350+0000][1][safepoint    ] Total time for which application threads were stopped: 0.0002420 seconds, Stopping threads took: 0.0000128 seconds
[2019-12-09T01:43:38.354+0000][1][safepoint    ] Application time: 0.0037604 seconds
[2019-12-09T01:43:38.362+0000][1][safepoint    ] Entering safepoint region: RevokeBias
[2019-12-09T01:43:38.362+0000][1][safepoint    ] Leaving safepoint region
[2019-12-09T01:43:38.362+0000][1][safepoint    ] Total time for which application threads were stopped: 0.0080341 seconds, Stopping threads took: 0.0079790 seconds
[2019-12-09T01:43:38.391+0000][1][safepoint    ] Application time: 0.0289414 seconds
[2019-12-09T01:43:38.391+0000][1][safepoint    ] Entering safepoint region: RevokeBias
[2019-12-09T01:43:38.391+0000][1][safepoint    ] Leaving safepoint region
[2019-12-09T01:43:38.391+0000][1][safepoint    ] Total time for which application threads were stopped: 0.0006806 seconds, Stopping threads took: 0.0006059 seconds
[2019-12-09T01:43:38.428+0000][1][safepoint    ] Application time: 0.0362703 seconds
[2019-12-09T01:43:38.428+0000][1][safepoint    ] Entering safepoint region: RevokeBias
[2019-12-09T01:43:38.428+0000][1][safepoint    ] Leaving safepoint region
[2019-12-09T01:43:38.428+0000][1][safepoint    ] Total time for which application threads were stopped: 0.0001858 seconds, Stopping threads took: 0.0000630 seconds
[2019-12-09T01:43:38.458+0000][1][safepoint    ] Application time: 0.0297779 seconds
[2019-12-09T01:43:38.458+0000][1][safepoint    ] Entering safepoint region: RevokeBias
[2019-12-09T01:43:38.458+0000][1][safepoint    ] Leaving safepoint region
[2019-12-09T01:43:38.458+0000][1][safepoint    ] Total time for which application threads were stopped: 0.0001375 seconds, Stopping threads took: 0.0000240 seconds
[2019-12-09T01:43:38.460+0000][1][safepoint    ] Application time: 0.0018543 seconds
[2019-12-09T01:43:38.460+0000][1][safepoint    ] Entering safepoint region: RevokeBias
[2019-12-09T01:43:38.460+0000][1][safepoint    ] Leaving safepoint region
[2019-12-09T01:43:38.460+0000][1][safepoint    ] Total time for which application threads were stopped: 0.0001151 seconds, Stopping threads took: 0.0000129 seconds
[2019-12-09T01:43:38.755+0000][1][safepoint    ] Application time: 0.2947933 seconds
[2019-12-09T01:43:38.755+0000][1][safepoint    ] Entering safepoint region: CollectForMetadataAllocation
[2019-12-09T01:43:38.755+0000][1][safepoint    ] Leaving safepoint region
[2019-12-09T01:43:38.755+0000][1][safepoint    ] Total time for which application threads were stopped: 0.0002492 seconds, Stopping threads took: 0.0000174 seconds
[2019-12-09T01:43:38.846+0000][1][safepoint    ] Application time: 0.0913919 seconds
[2019-12-09T01:43:38.846+0000][1][safepoint    ] Entering safepoint region: CollectForMetadataAllocation
[2019-12-09T01:43:38.847+0000][1][safepoint    ] Leaving safepoint region
[2019-12-09T01:43:38.847+0000][1][safepoint    ] Total time for which application threads were stopped: 0.0002495 seconds, Stopping threads took: 0.0000160 seconds
[2019-12-09T01:43:38.969+0000][1][safepoint    ] Application time: 0.1220503 seconds
[2019-12-09T01:43:38.969+0000][1][safepoint    ] Entering safepoint region: Deoptimize
[2019-12-09T01:43:38.969+0000][1][safepoint    ] Leaving safepoint region
[2019-12-09T01:43:38.969+0000][1][safepoint    ] Total time for which application threads were stopped: 0.0006767 seconds, Stopping threads took: 0.0000174 seconds
[2019-12-09T01:43:39.038+0000][1][safepoint    ] Application time: 0.0682999 seconds
[2019-12-09T01:43:39.038+0000][1][safepoint    ] Entering safepoint region: CollectForMetadataAllocation
[2019-12-09T01:43:39.038+0000][1][safepoint    ] Leaving safepoint region
[2019-12-09T01:43:39.038+0000][1][safepoint    ] Total time for which application threads were stopped: 0.0002469 seconds, Stopping threads took: 0.0000164 seconds
[2019-12-09T01:43:39.038+0000][1][safepoint    ] Application time: 0.0003317 seconds
[2019-12-09T01:43:39.038+0000][1][safepoint    ] Entering safepoint region: CollectForMetadataAllocation
[2019-12-09T01:43:39.038+0000][1][safepoint    ] Leaving safepoint region
[2019-12-09T01:43:39.038+0000][1][safepoint    ] Total time for which application threads were stopped: 0.0000375 seconds, Stopping threads took: 0.0000098 seconds
[2019-12-09T01:43:39.067+0000][1][safepoint    ] Application time: 0.0282933 seconds
[2019-12-09T01:43:39.067+0000][1][safepoint    ] Entering safepoint region: RevokeBias
[2019-12-09T01:43:39.067+0000][1][safepoint    ] Leaving safepoint region
[2019-12-09T01:43:39.067+0000][1][safepoint    ] Total time for which application threads were stopped: 0.0000844 seconds, Stopping threads took: 0.0000156 seconds
[2019-12-09T01:43:39.067+0000][1][safepoint    ] Application time: 0.0005208 seconds
[2019-12-09T01:43:39.067+0000][1][safepoint    ] Entering safepoint region: RevokeBias
[2019-12-09T01:43:39.067+0000][1][safepoint    ] Leaving safepoint region
[2019-12-09T01:43:39.067+0000][1][safepoint    ] Total time for which application threads were stopped: 0.0000704 seconds, Stopping threads took: 0.0000114 seconds
[2019-12-09T01:43:39.068+0000][1][safepoint    ] Application time: 0.0008411 seconds
[2019-12-09T01:43:39.068+0000][1][safepoint    ] Entering safepoint region: RevokeBias
[2019-12-09T01:43:39.068+0000][1][safepoint    ] Leaving safepoint region
[2019-12-09T01:43:39.068+0000][1][safepoint    ] Total time for which application threads were stopped: 0.0000692 seconds, Stopping threads took: 0.0000124 seconds
[2019-12-09T01:43:39.089+0000][1][safepoint    ] Application time: 0.0207052 seconds
[2019-12-09T01:43:39.089+0000][1][safepoint    ] Entering safepoint region: RevokeBias
[2019-12-09T01:43:39.089+0000][1][safepoint    ] Leaving safepoint region
[2019-12-09T01:43:39.089+0000][1][safepoint    ] Total time for which application threads were stopped: 0.0001122 seconds, Stopping threads took: 0.0000155 seconds
[2019-12-09T01:43:39.089+0000][1][safepoint    ] Application time: 0.0000593 seconds
[2019-12-09T01:43:39.089+0000][1][safepoint    ] Entering safepoint region: RevokeBias
[2019-12-09T01:43:39.089+0000][1][safepoint    ] Leaving safepoint region
[2019-12-09T01:43:39.089+0000][1][safepoint    ] Total time for which application threads were stopped: 0.0000540 seconds, Stopping threads took: 0.0000095 seconds
[2019-12-09T01:43:39.090+0000][1][safepoint    ] Application time: 0.0004305 seconds
[2019-12-09T01:43:39.090+0000][1][safepoint    ] Entering safepoint region: RevokeBias
[2019-12-09T01:43:39.090+0000][1][safepoint    ] Leaving safepoint region
[2019-12-09T01:43:39.090+0000][1][safepoint    ] Total time for which application threads were stopped: 0.0000665 seconds, Stopping threads took: 0.0000114 seconds
[2019-12-09T01:43:39.090+0000][1][safepoint    ] Application time: 0.0002327 seconds
[2019-12-09T01:43:39.090+0000][1][safepoint    ] Entering safepoint region: RevokeBias
[2019-12-09T01:43:39.090+0000][1][safepoint    ] Leaving safepoint region
[2019-12-09T01:43:39.090+0000][1][safepoint    ] Total time for which application threads were stopped: 0.0000672 seconds, Stopping threads took: 0.0000111 seconds
[2019-12-09T01:43:39.102+0000][1][safepoint    ] Application time: 0.0114941 seconds
[2019-12-09T01:43:39.102+0000][1][safepoint    ] Entering safepoint region: RevokeBias
[2019-12-09T01:43:39.102+0000][1][safepoint    ] Leaving safepoint region
[2019-12-09T01:43:39.102+0000][1][safepoint    ] Total time for which application threads were stopped: 0.0000790 seconds, Stopping threads took: 0.0000135 seconds
[2019-12-09T01:43:39.103+0000][1][safepoint    ] Application time: 0.0007085 seconds
[2019-12-09T01:43:39.103+0000][1][safepoint    ] Entering safepoint region: RevokeBias
[2019-12-09T01:43:39.103+0000][1][safepoint    ] Leaving safepoint region
[2019-12-09T01:43:39.103+0000][1][safepoint    ] Total time for which application threads were stopped: 0.0000654 seconds, Stopping threads took: 0.0000124 seconds
[2019-12-09T01:43:39.104+0000][1][safepoint    ] Application time: 0.0013552 seconds
[2019-12-09T01:43:39.104+0000][1][safepoint    ] Entering safepoint region: RevokeBias
[2019-12-09T01:43:39.104+0000][1][safepoint    ] Leaving safepoint region
[2019-12-09T01:43:39.104+0000][1][safepoint    ] Total time for which application threads were stopped: 0.0000685 seconds, Stopping threads took: 0.0000114 seconds
[2019-12-09T01:43:39.119+0000][1][safepoint    ] Application time: 0.0146304 seconds
[2019-12-09T01:43:39.119+0000][1][safepoint    ] Entering safepoint region: RevokeBias
[2019-12-09T01:43:39.119+0000][1][safepoint    ] Leaving safepoint region
[2019-12-09T01:43:39.119+0000][1][safepoint    ] Total time for which application threads were stopped: 0.0000789 seconds, Stopping threads took: 0.0000142 seconds
[2019-12-09T01:43:39.133+0000][1][safepoint    ] Application time: 0.0145515 seconds
[2019-12-09T01:43:39.133+0000][1][safepoint    ] Entering safepoint region: Deoptimize
[2019-12-09T01:43:39.134+0000][1][safepoint    ] Leaving safepoint region
[2019-12-09T01:43:39.134+0000][1][safepoint    ] Total time for which application threads were stopped: 0.0006653 seconds, Stopping threads took: 0.0000150 seconds
[2019-12-09T01:43:39.693+0000][1][safepoint    ] Application time: 0.5586376 seconds
[2019-12-09T01:43:39.693+0000][1][safepoint    ] Entering safepoint region: CollectForMetadataAllocation
[2019-12-09T01:43:39.693+0000][1][safepoint    ] Leaving safepoint region
[2019-12-09T01:43:39.693+0000][1][safepoint    ] Total time for which application threads were stopped: 0.0002598 seconds, Stopping threads took: 0.0000191 seconds
[2019-12-09T01:43:40.019+0000][1][safepoint    ] Application time: 0.3263437 seconds
[2019-12-09T01:43:40.113+0000][1][safepoint    ] Entering safepoint region: RevokeBias
[2019-12-09T01:43:40.113+0000][1][safepoint    ] Leaving safepoint region
[2019-12-09T01:43:40.113+0000][1][safepoint    ] Total time for which application threads were stopped: 0.0937188 seconds, Stopping threads took: 0.0935182 seconds
[2019-12-09T01:43:40.119+0000][1][safepoint    ] Application time: 0.0053726 seconds
[2019-12-09T01:43:40.119+0000][1][safepoint    ] Entering safepoint region: RevokeBias
[2019-12-09T01:43:40.119+0000][1][safepoint    ] Leaving safepoint region
[2019-12-09T01:43:40.119+0000][1][safepoint    ] Total time for which application threads were stopped: 0.0000872 seconds, Stopping threads took: 0.0000135 seconds
[2019-12-09T01:43:40.119+0000][1][safepoint    ] Application time: 0.0000748 seconds
[2019-12-09T01:43:40.119+0000][1][safepoint    ] Entering safepoint region: RevokeBias
[2019-12-09T01:43:40.119+0000][1][safepoint    ] Leaving safepoint region
[2019-12-09T01:43:40.119+0000][1][safepoint    ] Total time for which application threads were stopped: 0.0000513 seconds, Stopping threads took: 0.0000096 seconds
[2019-12-09T01:43:40.169+0000][1][safepoint    ] Application time: 0.0499414 seconds
[2019-12-09T01:43:40.169+0000][1][safepoint    ] Entering safepoint region: RevokeBias
[2019-12-09T01:43:40.169+0000][1][safepoint    ] Leaving safepoint region
[2019-12-09T01:43:40.169+0000][1][safepoint    ] Total time for which application threads were stopped: 0.0001138 seconds, Stopping threads took: 0.0000196 seconds
[2019-12-09T01:43:40.169+0000][1][safepoint    ] Application time: 0.0003115 seconds
[2019-12-09T01:43:40.169+0000][1][safepoint    ] Entering safepoint region: RevokeBias
[2019-12-09T01:43:40.169+0000][1][safepoint    ] Leaving safepoint region
[2019-12-09T01:43:40.169+0000][1][safepoint    ] Total time for which application threads were stopped: 0.0000913 seconds, Stopping threads took: 0.0000131 seconds
[2019-12-09T01:43:40.171+0000][1][safepoint    ] Application time: 0.0015761 seconds
[2019-12-09T01:43:40.171+0000][1][safepoint    ] Entering safepoint region: RevokeBias
[2019-12-09T01:43:40.171+0000][1][safepoint    ] Leaving safepoint region
[2019-12-09T01:43:40.171+0000][1][safepoint    ] Total time for which application threads were stopped: 0.0002011 seconds, Stopping threads took: 0.0001203 seconds
[2019-12-09T01:43:40.172+0000][1][safepoint    ] Application time: 0.0004549 seconds
[2019-12-09T01:43:40.172+0000][1][safepoint    ] Entering safepoint region: CollectForMetadataAllocation
[2019-12-09T01:43:40.172+0000][1][safepoint    ] Leaving safepoint region
[2019-12-09T01:43:40.172+0000][1][safepoint    ] Total time for which application threads were stopped: 0.0002406 seconds, Stopping threads took: 0.0000107 seconds
[2019-12-09T01:43:40.201+0000][1][safepoint    ] Application time: 0.0289370 seconds
[2019-12-09T01:43:40.201+0000][1][safepoint    ] Entering safepoint region: CollectForMetadataAllocation
[2019-12-09T01:43:40.201+0000][1][safepoint    ] Leaving safepoint region
[2019-12-09T01:43:40.201+0000][1][safepoint    ] Total time for which application threads were stopped: 0.0001846 seconds, Stopping threads took: 0.0001435 seconds
[2019-12-09T01:43:40.205+0000][1][safepoint    ] Application time: 0.0037407 seconds
[2019-12-09T01:43:40.205+0000][1][safepoint    ] Entering safepoint region: CollectForMetadataAllocation
[2019-12-09T01:43:40.205+0000][1][safepoint    ] Leaving safepoint region
[2019-12-09T01:43:40.205+0000][1][safepoint    ] Total time for which application threads were stopped: 0.0001092 seconds, Stopping threads took: 0.0000576 seconds
[2019-12-09T01:43:40.205+0000][1][safepoint    ] Application time: 0.0002295 seconds
[2019-12-09T01:43:40.205+0000][1][safepoint    ] Entering safepoint region: CollectForMetadataAllocation
[2019-12-09T01:43:40.205+0000][1][safepoint    ] Leaving safepoint region
[2019-12-09T01:43:40.205+0000][1][safepoint    ] Total time for which application threads were stopped: 0.0000366 seconds, Stopping threads took: 0.0000088 seconds
[2019-12-09T01:43:40.205+0000][1][safepoint    ] Application time: 0.0002783 seconds
[2019-12-09T01:43:40.205+0000][1][safepoint    ] Entering safepoint region: RevokeBias
[2019-12-09T01:43:40.206+0000][1][safepoint    ] Leaving safepoint region
[2019-12-09T01:43:40.206+0000][1][safepoint    ] Total time for which application threads were stopped: 0.0000576 seconds, Stopping threads took: 0.0000104 seconds
[2019-12-09T01:43:40.226+0000][1][safepoint    ] Application time: 0.0207915 seconds
[2019-12-09T01:43:40.226+0000][1][safepoint    ] Entering safepoint region: RevokeBias
[2019-12-09T01:43:40.226+0000][1][safepoint    ] Leaving safepoint region
[2019-12-09T01:43:40.226+0000][1][safepoint    ] Total time for which application threads were stopped: 0.0001163 seconds, Stopping threads took: 0.0000424 seconds
[2019-12-09T01:43:40.233+0000][1][safepoint    ] Application time: 0.0062740 seconds
[2019-12-09T01:43:40.233+0000][1][safepoint    ] Entering safepoint region: RevokeBias
[2019-12-09T01:43:40.233+0000][1][safepoint    ] Leaving safepoint region
[2019-12-09T01:43:40.233+0000][1][safepoint    ] Total time for which application threads were stopped: 0.0001223 seconds, Stopping threads took: 0.0000682 seconds
[2019-12-09T01:43:40.233+0000][1][safepoint    ] Application time: 0.0005062 seconds
[2019-12-09T01:43:40.233+0000][1][safepoint    ] Entering safepoint region: RevokeBias
[2019-12-09T01:43:40.234+0000][1][safepoint    ] Leaving safepoint region
[2019-12-09T01:43:40.234+0000][1][safepoint    ] Total time for which application threads were stopped: 0.0000915 seconds, Stopping threads took: 0.0000114 seconds
[2019-12-09T01:43:40.234+0000][1][safepoint    ] Application time: 0.0001338 seconds
[2019-12-09T01:43:40.234+0000][1][safepoint    ] Entering safepoint region: RevokeBias
[2019-12-09T01:43:40.234+0000][1][safepoint    ] Leaving safepoint region
[2019-12-09T01:43:40.234+0000][1][safepoint    ] Total time for which application threads were stopped: 0.0000738 seconds, Stopping threads took: 0.0000093 seconds
[2019-12-09T01:43:40.234+0000][1][safepoint    ] Application time: 0.0001071 seconds
[2019-12-09T01:43:40.234+0000][1][safepoint    ] Entering safepoint region: RevokeBias
[2019-12-09T01:43:40.234+0000][1][safepoint    ] Leaving safepoint region
[2019-12-09T01:43:40.234+0000][1][safepoint    ] Total time for which application threads were stopped: 0.0000754 seconds, Stopping threads took: 0.0000092 seconds
[2019-12-09T01:43:40.234+0000][1][safepoint    ] Application time: 0.0004663 seconds
[2019-12-09T01:43:40.234+0000][1][safepoint    ] Entering safepoint region: RevokeBias
[2019-12-09T01:43:40.234+0000][1][safepoint    ] Leaving safepoint region
[2019-12-09T01:43:40.234+0000][1][safepoint    ] Total time for which application threads were stopped: 0.0000632 seconds, Stopping threads took: 0.0000109 seconds
[2019-12-09T01:43:40.239+0000][1][safepoint    ] Application time: 0.0043618 seconds
[2019-12-09T01:43:40.254+0000][1][safepoint    ] Entering safepoint region: RevokeBias
[2019-12-09T01:43:40.254+0000][1][safepoint    ] Leaving safepoint region
[2019-12-09T01:43:40.254+0000][1][safepoint    ] Total time for which application threads were stopped: 0.0153775 seconds, Stopping threads took: 0.0153087 seconds
[2019-12-09T01:43:40.254+0000][1][safepoint    ] Application time: 0.0001537 seconds
[2019-12-09T01:43:40.254+0000][1][safepoint    ] Entering safepoint region: RevokeBias
[2019-12-09T01:43:40.254+0000][1][safepoint    ] Leaving safepoint region
[2019-12-09T01:43:40.254+0000][1][safepoint    ] Total time for which application threads were stopped: 0.0000522 seconds, Stopping threads took: 0.0000137 seconds
[2019-12-09T01:43:40.274+0000][1][safepoint    ] Application time: 0.0192492 seconds
[2019-12-09T01:43:40.274+0000][1][safepoint    ] Entering safepoint region: RevokeBias
[2019-12-09T01:43:40.274+0000][1][safepoint    ] Leaving safepoint region
[2019-12-09T01:43:40.274+0000][1][safepoint    ] Total time for which application threads were stopped: 0.0003080 seconds, Stopping threads took: 0.0000139 seconds
[2019-12-09T01:43:40.325+0000][1][safepoint    ] Application time: 0.0507568 seconds
[2019-12-09T01:43:40.325+0000][1][safepoint    ] Entering safepoint region: RevokeBias
[2019-12-09T01:43:40.325+0000][1][safepoint    ] Leaving safepoint region
[2019-12-09T01:43:40.325+0000][1][safepoint    ] Total time for which application threads were stopped: 0.0000698 seconds, Stopping threads took: 0.0000132 seconds
[2019-12-09T01:43:40.327+0000][1][safepoint    ] Application time: 0.0018565 seconds
[2019-12-09T01:43:40.327+0000][1][safepoint    ] Entering safepoint region: RevokeBias
[2019-12-09T01:43:40.327+0000][1][safepoint    ] Leaving safepoint region
[2019-12-09T01:43:40.327+0000][1][safepoint    ] Total time for which application threads were stopped: 0.0000699 seconds, Stopping threads took: 0.0000117 seconds
[2019-12-09T01:43:40.327+0000][1][safepoint    ] Application time: 0.0000937 seconds
[2019-12-09T01:43:40.327+0000][1][safepoint    ] Entering safepoint region: RevokeBias
[2019-12-09T01:43:40.327+0000][1][safepoint    ] Leaving safepoint region
[2019-12-09T01:43:40.327+0000][1][safepoint    ] Total time for which application threads were stopped: 0.0000823 seconds, Stopping threads took: 0.0000084 seconds
[2019-12-09T01:43:40.327+0000][1][safepoint    ] Application time: 0.0000701 seconds
[2019-12-09T01:43:40.327+0000][1][safepoint    ] Entering safepoint region: RevokeBias
[2019-12-09T01:43:40.327+0000][1][safepoint    ] Leaving safepoint region
[2019-12-09T01:43:40.327+0000][1][safepoint    ] Total time for which application threads were stopped: 0.0000482 seconds, Stopping threads took: 0.0000082 seconds
[2019-12-09T01:43:40.431+0000][1][safepoint    ] Application time: 0.1036822 seconds
[2019-12-09T01:43:40.431+0000][1][safepoint    ] Entering safepoint region: RevokeBias
[2019-12-09T01:43:40.431+0000][1][safepoint    ] Leaving safepoint region
[2019-12-09T01:43:40.431+0000][1][safepoint    ] Total time for which application threads were stopped: 0.0002061 seconds, Stopping threads took: 0.0000976 seconds
[2019-12-09T01:43:40.439+0000][1][safepoint    ] Application time: 0.0074457 seconds
[2019-12-09T01:43:40.439+0000][1][safepoint    ] Entering safepoint region: RevokeBias
[2019-12-09T01:43:40.439+0000][1][safepoint    ] Leaving safepoint region
[2019-12-09T01:43:40.439+0000][1][safepoint    ] Total time for which application threads were stopped: 0.0001058 seconds, Stopping threads took: 0.0000152 seconds
[2019-12-09T01:43:40.439+0000][1][safepoint    ] Application time: 0.0000478 seconds
[2019-12-09T01:43:40.439+0000][1][safepoint    ] Entering safepoint region: RevokeBias
[2019-12-09T01:43:40.439+0000][1][safepoint    ] Leaving safepoint region
[2019-12-09T01:43:40.439+0000][1][safepoint    ] Total time for which application threads were stopped: 0.0000504 seconds, Stopping threads took: 0.0000078 seconds
[2019-12-09T01:43:40.539+0000][1][safepoint    ] Application time: 0.0998835 seconds
[2019-12-09T01:43:40.539+0000][1][safepoint    ] Entering safepoint region: RevokeBias
[2019-12-09T01:43:40.539+0000][1][safepoint    ] Leaving safepoint region
[2019-12-09T01:43:40.539+0000][1][safepoint    ] Total time for which application threads were stopped: 0.0001211 seconds, Stopping threads took: 0.0000206 seconds
[2019-12-09T01:43:40.539+0000][1][safepoint    ] Application time: 0.0001380 seconds
[2019-12-09T01:43:40.539+0000][1][safepoint    ] Entering safepoint region: RevokeBias
[2019-12-09T01:43:40.539+0000][1][safepoint    ] Leaving safepoint region
[2019-12-09T01:43:40.539+0000][1][safepoint    ] Total time for which application threads were stopped: 0.0000602 seconds, Stopping threads took: 0.0000150 seconds
[2019-12-09T01:43:40.661+0000][1][safepoint    ] Application time: 0.1215992 seconds
[2019-12-09T01:43:40.661+0000][1][safepoint    ] Entering safepoint region: RevokeBias
[2019-12-09T01:43:40.661+0000][1][safepoint    ] Leaving safepoint region
[2019-12-09T01:43:40.661+0000][1][safepoint    ] Total time for which application threads were stopped: 0.0001215 seconds, Stopping threads took: 0.0000180 seconds
[2019-12-09T01:43:40.661+0000][1][safepoint    ] Application time: 0.0003345 seconds
[2019-12-09T01:43:40.661+0000][1][safepoint    ] Entering safepoint region: RevokeBias
[2019-12-09T01:43:40.661+0000][1][safepoint    ] Leaving safepoint region
[2019-12-09T01:43:40.661+0000][1][safepoint    ] Total time for which application threads were stopped: 0.0001264 seconds, Stopping threads took: 0.0000117 seconds
[2019-12-09T01:43:40.661+0000][1][safepoint    ] Application time: 0.0000494 seconds
[2019-12-09T01:43:40.661+0000][1][safepoint    ] Entering safepoint region: RevokeBias
[2019-12-09T01:43:40.661+0000][1][safepoint    ] Leaving safepoint region
[2019-12-09T01:43:40.661+0000][1][safepoint    ] Total time for which application threads were stopped: 0.0000594 seconds, Stopping threads took: 0.0000084 seconds
[2019-12-09T01:43:40.662+0000][1][safepoint    ] Application time: 0.0000587 seconds
[2019-12-09T01:43:40.662+0000][1][safepoint    ] Entering safepoint region: RevokeBias
[2019-12-09T01:43:40.662+0000][1][safepoint    ] Leaving safepoint region
[2019-12-09T01:43:40.662+0000][1][safepoint    ] Total time for which application threads were stopped: 0.0000523 seconds, Stopping threads took: 0.0000081 seconds
[2019-12-09T01:43:40.664+0000][1][safepoint    ] Application time: 0.0023189 seconds
[2019-12-09T01:43:40.664+0000][1][safepoint    ] Entering safepoint region: RevokeBias
[2019-12-09T01:43:40.664+0000][1][safepoint    ] Leaving safepoint region
[2019-12-09T01:43:40.664+0000][1][safepoint    ] Total time for which application threads were stopped: 0.0002368 seconds, Stopping threads took: 0.0001621 seconds
[2019-12-09T01:43:40.665+0000][1][safepoint    ] Application time: 0.0005364 seconds
[2019-12-09T01:43:40.665+0000][1][safepoint    ] Entering safepoint region: RevokeBias
[2019-12-09T01:43:40.665+0000][1][safepoint    ] Leaving safepoint region
[2019-12-09T01:43:40.665+0000][1][safepoint    ] Total time for which application threads were stopped: 0.0000943 seconds, Stopping threads took: 0.0000121 seconds
[2019-12-09T01:43:40.666+0000][1][safepoint    ] Application time: 0.0015377 seconds
[2019-12-09T01:43:40.666+0000][1][safepoint    ] Entering safepoint region: RevokeBias
[2019-12-09T01:43:40.666+0000][1][safepoint    ] Leaving safepoint region
[2019-12-09T01:43:40.666+0000][1][safepoint    ] Total time for which application threads were stopped: 0.0000623 seconds, Stopping threads took: 0.0000126 seconds
[2019-12-09T01:43:40.667+0000][1][safepoint    ] Application time: 0.0001724 seconds
[2019-12-09T01:43:40.667+0000][1][safepoint    ] Entering safepoint region: RevokeBias
[2019-12-09T01:43:40.667+0000][1][safepoint    ] Leaving safepoint region
[2019-12-09T01:43:40.667+0000][1][safepoint    ] Total time for which application threads were stopped: 0.0000749 seconds, Stopping threads took: 0.0000279 seconds
[2019-12-09T01:43:40.669+0000][1][safepoint    ] Application time: 0.0025844 seconds
[2019-12-09T01:43:40.669+0000][1][safepoint    ] Entering safepoint region: RevokeBias
[2019-12-09T01:43:40.669+0000][1][safepoint    ] Leaving safepoint region
[2019-12-09T01:43:40.669+0000][1][safepoint    ] Total time for which application threads were stopped: 0.0000696 seconds, Stopping threads took: 0.0000123 seconds
[2019-12-09T01:43:40.670+0000][1][safepoint    ] Application time: 0.0001513 seconds
[2019-12-09T01:43:40.670+0000][1][safepoint    ] Entering safepoint region: RevokeBias
[2019-12-09T01:43:40.670+0000][1][safepoint    ] Leaving safepoint region
[2019-12-09T01:43:40.670+0000][1][safepoint    ] Total time for which application threads were stopped: 0.0000692 seconds, Stopping threads took: 0.0000213 seconds
[2019-12-09T01:43:40.670+0000][1][safepoint    ] Application time: 0.0001236 seconds
[2019-12-09T01:43:40.670+0000][1][safepoint    ] Entering safepoint region: RevokeBias
[2019-12-09T01:43:40.670+0000][1][safepoint    ] Leaving safepoint region
[2019-12-09T01:43:40.670+0000][1][safepoint    ] Total time for which application threads were stopped: 0.0000537 seconds, Stopping threads took: 0.0000095 seconds
[2019-12-09T01:43:40.713+0000][1][safepoint    ] Application time: 0.0429401 seconds
[2019-12-09T01:43:40.713+0000][1][safepoint    ] Entering safepoint region: RevokeBias
[2019-12-09T01:43:40.713+0000][1][safepoint    ] Leaving safepoint region
[2019-12-09T01:43:40.713+0000][1][safepoint    ] Total time for which application threads were stopped: 0.0002042 seconds, Stopping threads took: 0.0001350 seconds
[2019-12-09T01:43:40.714+0000][1][safepoint    ] Application time: 0.0012272 seconds
[2019-12-09T01:43:40.714+0000][1][safepoint    ] Entering safepoint region: RevokeBias
[2019-12-09T01:43:40.714+0000][1][safepoint    ] Leaving safepoint region
[2019-12-09T01:43:40.714+0000][1][safepoint    ] Total time for which application threads were stopped: 0.0000665 seconds, Stopping threads took: 0.0000122 seconds
[2019-12-09T01:43:40.715+0000][1][safepoint    ] Application time: 0.0002102 seconds
[2019-12-09T01:43:40.715+0000][1][safepoint    ] Entering safepoint region: RevokeBias
[2019-12-09T01:43:40.715+0000][1][safepoint    ] Leaving safepoint region
[2019-12-09T01:43:40.715+0000][1][safepoint    ] Total time for which application threads were stopped: 0.0000677 seconds, Stopping threads took: 0.0000085 seconds
[2019-12-09T01:43:40.715+0000][1][safepoint    ] Application time: 0.0000591 seconds
[2019-12-09T01:43:40.715+0000][1][safepoint    ] Entering safepoint region: RevokeBias
[2019-12-09T01:43:40.715+0000][1][safepoint    ] Leaving safepoint region
[2019-12-09T01:43:40.715+0000][1][safepoint    ] Total time for which application threads were stopped: 0.0000418 seconds, Stopping threads took: 0.0000074 seconds
[2019-12-09T01:43:40.716+0000][1][safepoint    ] Application time: 0.0014830 seconds
[2019-12-09T01:43:40.716+0000][1][safepoint    ] Entering safepoint region: RevokeBias
[2019-12-09T01:43:40.716+0000][1][safepoint    ] Leaving safepoint region
[2019-12-09T01:43:40.716+0000][1][safepoint    ] Total time for which application threads were stopped: 0.0000919 seconds, Stopping threads took: 0.0000310 seconds
[2019-12-09T01:43:40.717+0000][1][safepoint    ] Application time: 0.0001091 seconds
[2019-12-09T01:43:40.717+0000][1][safepoint    ] Entering safepoint region: RevokeBias
[2019-12-09T01:43:40.717+0000][1][safepoint    ] Leaving safepoint region
[2019-12-09T01:43:40.717+0000][1][safepoint    ] Total time for which application threads were stopped: 0.0000481 seconds, Stopping threads took: 0.0000097 seconds
[2019-12-09T01:43:40.729+0000][1][safepoint    ] Application time: 0.0127626 seconds
[2019-12-09T01:43:40.729+0000][1][safepoint    ] Entering safepoint region: RevokeBias
[2019-12-09T01:43:40.729+0000][1][safepoint    ] Leaving safepoint region
[2019-12-09T01:43:40.729+0000][1][safepoint    ] Total time for which application threads were stopped: 0.0000788 seconds, Stopping threads took: 0.0000131 seconds
[2019-12-09T01:43:40.730+0000][1][safepoint    ] Application time: 0.0005028 seconds
[2019-12-09T01:43:40.730+0000][1][safepoint    ] Entering safepoint region: RevokeBias
[2019-12-09T01:43:40.730+0000][1][safepoint    ] Leaving safepoint region
[2019-12-09T01:43:40.730+0000][1][safepoint    ] Total time for which application threads were stopped: 0.0000688 seconds, Stopping threads took: 0.0000126 seconds
[2019-12-09T01:43:40.731+0000][1][safepoint    ] Application time: 0.0012642 seconds
[2019-12-09T01:43:40.731+0000][1][safepoint    ] Entering safepoint region: CollectForMetadataAllocation
[2019-12-09T01:43:40.732+0000][1][safepoint    ] Leaving safepoint region
[2019-12-09T01:43:40.732+0000][1][safepoint    ] Total time for which application threads were stopped: 0.0001675 seconds, Stopping threads took: 0.0000203 seconds
[2019-12-09T01:43:40.732+0000][1][safepoint    ] Application time: 0.0000739 seconds
[2019-12-09T01:43:40.732+0000][1][safepoint    ] Entering safepoint region: RevokeBias
[2019-12-09T01:43:40.732+0000][1][safepoint    ] Leaving safepoint region
[2019-12-09T01:43:40.732+0000][1][safepoint    ] Total time for which application threads were stopped: 0.0000867 seconds, Stopping threads took: 0.0000098 seconds
[2019-12-09T01:43:40.747+0000][1][safepoint    ] Application time: 0.0153188 seconds
[2019-12-09T01:43:40.757+0000][1][safepoint    ] Entering safepoint region: RevokeBias
[2019-12-09T01:43:40.757+0000][1][safepoint    ] Leaving safepoint region
[2019-12-09T01:43:40.757+0000][1][safepoint    ] Total time for which application threads were stopped: 0.0096724 seconds, Stopping threads took: 0.0095890 seconds
[2019-12-09T01:43:40.757+0000][1][safepoint    ] Application time: 0.0004157 seconds
[2019-12-09T01:43:40.757+0000][1][safepoint    ] Entering safepoint region: RevokeBias
[2019-12-09T01:43:40.757+0000][1][safepoint    ] Leaving safepoint region
[2019-12-09T01:43:40.757+0000][1][safepoint    ] Total time for which application threads were stopped: 0.0000590 seconds, Stopping threads took: 0.0000110 seconds
[2019-12-09T01:43:40.757+0000][1][safepoint    ] Application time: 0.0002495 seconds
[2019-12-09T01:43:40.758+0000][1][safepoint    ] Entering safepoint region: RevokeBias
[2019-12-09T01:43:40.758+0000][1][safepoint    ] Leaving safepoint region
[2019-12-09T01:43:40.758+0000][1][safepoint    ] Total time for which application threads were stopped: 0.0000567 seconds, Stopping threads took: 0.0000112 seconds
[2019-12-09T01:43:40.758+0000][1][safepoint    ] Application time: 0.0000438 seconds
[2019-12-09T01:43:40.758+0000][1][safepoint    ] Entering safepoint region: RevokeBias
[2019-12-09T01:43:40.758+0000][1][safepoint    ] Leaving safepoint region
[2019-12-09T01:43:40.758+0000][1][safepoint    ] Total time for which application threads were stopped: 0.0000464 seconds, Stopping threads took: 0.0000094 seconds
[2019-12-09T01:43:40.758+0000][1][safepoint    ] Application time: 0.0000547 seconds
[2019-12-09T01:43:40.758+0000][1][safepoint    ] Entering safepoint region: RevokeBias
[2019-12-09T01:43:40.758+0000][1][safepoint    ] Leaving safepoint region
[2019-12-09T01:43:40.758+0000][1][safepoint    ] Total time for which application threads were stopped: 0.0000466 seconds, Stopping threads took: 0.0000096 seconds
[2019-12-09T01:43:40.777+0000][1][safepoint    ] Application time: 0.0190039 seconds
[2019-12-09T01:43:40.804+0000][1][safepoint    ] Entering safepoint region: RevokeBias
[2019-12-09T01:43:40.804+0000][1][safepoint    ] Leaving safepoint region
[2019-12-09T01:43:40.804+0000][1][safepoint    ] Total time for which application threads were stopped: 0.0271290 seconds, Stopping threads took: 0.0270584 seconds
[2019-12-09T01:43:40.902+0000][1][safepoint    ] Application time: 0.0977294 seconds
[2019-12-09T01:43:40.902+0000][1][safepoint    ] Entering safepoint region: RevokeBias
[2019-12-09T01:43:40.902+0000][1][safepoint    ] Leaving safepoint region
[2019-12-09T01:43:40.902+0000][1][safepoint    ] Total time for which application threads were stopped: 0.0002187 seconds, Stopping threads took: 0.0000940 seconds
[2019-12-09T01:43:40.902+0000][1][safepoint    ] Application time: 0.0001609 seconds
[2019-12-09T01:43:40.902+0000][1][safepoint    ] Entering safepoint region: RevokeBias
[2019-12-09T01:43:40.902+0000][1][safepoint    ] Leaving safepoint region
[2019-12-09T01:43:40.902+0000][1][safepoint    ] Total time for which application threads were stopped: 0.0000801 seconds, Stopping threads took: 0.0000105 seconds
[2019-12-09T01:43:41.209+0000][1][safepoint    ] Application time: 0.3064933 seconds
[2019-12-09T01:43:41.209+0000][1][safepoint    ] Entering safepoint region: RevokeBias
[2019-12-09T01:43:41.209+0000][1][safepoint    ] Leaving safepoint region
[2019-12-09T01:43:41.209+0000][1][safepoint    ] Total time for which application threads were stopped: 0.0003390 seconds, Stopping threads took: 0.0000750 seconds
[2019-12-09T01:43:41.212+0000][1][safepoint    ] Application time: 0.0024755 seconds
[2019-12-09T01:43:41.212+0000][1][safepoint    ] Entering safepoint region: RevokeBias
[2019-12-09T01:43:41.212+0000][1][safepoint    ] Leaving safepoint region
[2019-12-09T01:43:41.212+0000][1][safepoint    ] Total time for which application threads were stopped: 0.0001836 seconds, Stopping threads took: 0.0000742 seconds
[2019-12-09T01:43:41.212+0000][1][safepoint    ] Application time: 0.0004287 seconds
[2019-12-09T01:43:41.212+0000][1][safepoint    ] Entering safepoint region: RevokeBias
[2019-12-09T01:43:41.212+0000][1][safepoint    ] Leaving safepoint region
[2019-12-09T01:43:41.212+0000][1][safepoint    ] Total time for which application threads were stopped: 0.0001451 seconds, Stopping threads took: 0.0000785 seconds
[2019-12-09T01:43:41.219+0000][1][safepoint    ] Application time: 0.0065015 seconds
[2019-12-09T01:43:41.219+0000][1][safepoint    ] Entering safepoint region: RevokeBias
[2019-12-09T01:43:41.219+0000][1][safepoint    ] Leaving safepoint region
[2019-12-09T01:43:41.219+0000][1][safepoint    ] Total time for which application threads were stopped: 0.0001777 seconds, Stopping threads took: 0.0001125 seconds
[2019-12-09T01:43:41.220+0000][1][safepoint    ] Application time: 0.0006845 seconds
[2019-12-09T01:43:41.220+0000][1][safepoint    ] Entering safepoint region: RevokeBias
[2019-12-09T01:43:41.220+0000][1][safepoint    ] Leaving safepoint region
[2019-12-09T01:43:41.220+0000][1][safepoint    ] Total time for which application threads were stopped: 0.0000556 seconds, Stopping threads took: 0.0000115 seconds
[2019-12-09T01:43:41.227+0000][1][safepoint    ] Application time: 0.0070366 seconds
[2019-12-09T01:43:41.252+0000][1][safepoint    ] Entering safepoint region: RevokeBias
[2019-12-09T01:43:41.252+0000][1][safepoint    ] Leaving safepoint region
[2019-12-09T01:43:41.252+0000][1][safepoint    ] Total time for which application threads were stopped: 0.0250032 seconds, Stopping threads took: 0.0249284 seconds
[2019-12-09T01:43:41.252+0000][1][safepoint    ] Application time: 0.0003465 seconds
[2019-12-09T01:43:41.252+0000][1][safepoint    ] Entering safepoint region: RevokeBias
[2019-12-09T01:43:41.252+0000][1][safepoint    ] Leaving safepoint region
[2019-12-09T01:43:41.252+0000][1][safepoint    ] Total time for which application threads were stopped: 0.0000683 seconds, Stopping threads took: 0.0000133 seconds
[2019-12-09T01:43:41.253+0000][1][safepoint    ] Application time: 0.0004106 seconds
[2019-12-09T01:43:41.253+0000][1][safepoint    ] Entering safepoint region: RevokeBias
[2019-12-09T01:43:41.253+0000][1][safepoint    ] Leaving safepoint region
[2019-12-09T01:43:41.253+0000][1][safepoint    ] Total time for which application threads were stopped: 0.0000687 seconds, Stopping threads took: 0.0000124 seconds
[2019-12-09T01:43:41.254+0000][1][safepoint    ] Application time: 0.0011878 seconds
[2019-12-09T01:43:41.254+0000][1][safepoint    ] Entering safepoint region: RevokeBias
[2019-12-09T01:43:41.254+0000][1][safepoint    ] Leaving safepoint region
[2019-12-09T01:43:41.254+0000][1][safepoint    ] Total time for which application threads were stopped: 0.0001307 seconds, Stopping threads took: 0.0000758 seconds
[2019-12-09T01:43:41.254+0000][1][safepoint    ] Application time: 0.0000478 seconds
[2019-12-09T01:43:41.254+0000][1][safepoint    ] Entering safepoint region: RevokeBias
[2019-12-09T01:43:41.254+0000][1][safepoint    ] Leaving safepoint region
[2019-12-09T01:43:41.254+0000][1][safepoint    ] Total time for which application threads were stopped: 0.0000491 seconds, Stopping threads took: 0.0000096 seconds
[2019-12-09T01:43:41.254+0000][1][safepoint    ] Application time: 0.0000370 seconds
[2019-12-09T01:43:41.254+0000][1][safepoint    ] Entering safepoint region: RevokeBias
[2019-12-09T01:43:41.254+0000][1][safepoint    ] Leaving safepoint region
[2019-12-09T01:43:41.254+0000][1][safepoint    ] Total time for which application threads were stopped: 0.0000546 seconds, Stopping threads took: 0.0000165 seconds
[2019-12-09T01:43:41.728+0000][1][safepoint    ] Application time: 0.4735850 seconds
[2019-12-09T01:43:41.796+0000][1][safepoint    ] Entering safepoint region: RevokeBias
[2019-12-09T01:43:41.796+0000][1][safepoint    ] Leaving safepoint region
[2019-12-09T01:43:41.796+0000][1][safepoint    ] Total time for which application threads were stopped: 0.0678358 seconds, Stopping threads took: 0.0676989 seconds
[2019-12-09T01:43:41.801+0000][1][safepoint    ] Application time: 0.0046333 seconds
[2019-12-09T01:43:41.801+0000][1][safepoint    ] Entering safepoint region: RevokeBias
[2019-12-09T01:43:41.801+0000][1][safepoint    ] Leaving safepoint region
[2019-12-09T01:43:41.801+0000][1][safepoint    ] Total time for which application threads were stopped: 0.0000855 seconds, Stopping threads took: 0.0000149 seconds
[2019-12-09T01:43:41.813+0000][1][safepoint    ] Application time: 0.0124893 seconds
[2019-12-09T01:43:41.813+0000][1][safepoint    ] Entering safepoint region: RevokeBias
[2019-12-09T01:43:41.813+0000][1][safepoint    ] Leaving safepoint region
[2019-12-09T01:43:41.813+0000][1][safepoint    ] Total time for which application threads were stopped: 0.0000911 seconds, Stopping threads took: 0.0000241 seconds
[2019-12-09T01:43:41.836+0000][1][safepoint    ] Application time: 0.0226320 seconds
[2019-12-09T01:43:41.836+0000][1][safepoint    ] Entering safepoint region: RevokeBias
[2019-12-09T01:43:41.836+0000][1][safepoint    ] Leaving safepoint region
[2019-12-09T01:43:41.836+0000][1][safepoint    ] Total time for which application threads were stopped: 0.0000677 seconds, Stopping threads took: 0.0000137 seconds
[2019-12-09T01:43:41.856+0000][1][safepoint    ] Application time: 0.0197331 seconds
[2019-12-09T01:43:41.856+0000][1][safepoint    ] Entering safepoint region: RevokeBias
[2019-12-09T01:43:41.856+0000][1][safepoint    ] Leaving safepoint region
[2019-12-09T01:43:41.856+0000][1][safepoint    ] Total time for which application threads were stopped: 0.0000657 seconds, Stopping threads took: 0.0000145 seconds
[2019-12-09T01:43:41.961+0000][1][safepoint    ] Application time: 0.1048979 seconds
[2019-12-09T01:43:41.973+0000][1][safepoint    ] Entering safepoint region: RevokeBias
[2019-12-09T01:43:41.973+0000][1][safepoint    ] Leaving safepoint region
[2019-12-09T01:43:41.973+0000][1][safepoint    ] Total time for which application threads were stopped: 0.0121185 seconds, Stopping threads took: 0.0120197 seconds
[2019-12-09T01:43:41.973+0000][1][safepoint    ] Application time: 0.0005462 seconds
[2019-12-09T01:43:41.973+0000][1][safepoint    ] Entering safepoint region: RevokeBias
[2019-12-09T01:43:41.974+0000][1][safepoint    ] Leaving safepoint region
[2019-12-09T01:43:41.974+0000][1][safepoint    ] Total time for which application threads were stopped: 0.0000848 seconds, Stopping threads took: 0.0000135 seconds
[2019-12-09T01:43:41.974+0000][1][safepoint    ] Application time: 0.0007744 seconds
[2019-12-09T01:43:41.974+0000][1][safepoint    ] Entering safepoint region: RevokeBias
[2019-12-09T01:43:41.974+0000][1][safepoint    ] Leaving safepoint region
[2019-12-09T01:43:41.974+0000][1][safepoint    ] Total time for which application threads were stopped: 0.0000824 seconds, Stopping threads took: 0.0000130 seconds
[2019-12-09T01:43:41.990+0000][1][safepoint    ] Application time: 0.0158844 seconds
[2019-12-09T01:43:41.990+0000][1][safepoint    ] Entering safepoint region: RevokeBias
[2019-12-09T01:43:41.990+0000][1][safepoint    ] Leaving safepoint region
[2019-12-09T01:43:41.990+0000][1][safepoint    ] Total time for which application threads were stopped: 0.0000843 seconds, Stopping threads took: 0.0000165 seconds
[2019-12-09T01:43:41.991+0000][1][safepoint    ] Application time: 0.0003797 seconds
[2019-12-09T01:43:41.991+0000][1][safepoint    ] Entering safepoint region: RevokeBias
[2019-12-09T01:43:41.991+0000][1][safepoint    ] Leaving safepoint region
[2019-12-09T01:43:41.991+0000][1][safepoint    ] Total time for which application threads were stopped: 0.0000731 seconds, Stopping threads took: 0.0000203 seconds
[2019-12-09T01:43:41.991+0000][1][safepoint    ] Application time: 0.0000706 seconds
[2019-12-09T01:43:41.991+0000][1][safepoint    ] Entering safepoint region: RevokeBias
[2019-12-09T01:43:41.991+0000][1][safepoint    ] Leaving safepoint region
[2019-12-09T01:43:41.991+0000][1][safepoint    ] Total time for which application threads were stopped: 0.0000752 seconds, Stopping threads took: 0.0000103 seconds
[2019-12-09T01:43:41.993+0000][1][safepoint    ] Application time: 0.0014824 seconds
[2019-12-09T01:43:41.993+0000][1][safepoint    ] Entering safepoint region: RevokeBias
[2019-12-09T01:43:41.993+0000][1][safepoint    ] Leaving safepoint region
[2019-12-09T01:43:41.993+0000][1][safepoint    ] Total time for which application threads were stopped: 0.0000578 seconds, Stopping threads took: 0.0000140 seconds
[2019-12-09T01:43:41.993+0000][1][safepoint    ] Application time: 0.0000618 seconds
[2019-12-09T01:43:41.993+0000][1][safepoint    ] Entering safepoint region: RevokeBias
[2019-12-09T01:43:41.993+0000][1][safepoint    ] Leaving safepoint region
[2019-12-09T01:43:41.993+0000][1][safepoint    ] Total time for which application threads were stopped: 0.0000599 seconds, Stopping threads took: 0.0000102 seconds
[2019-12-09T01:43:42.017+0000][1][safepoint    ] Application time: 0.0242161 seconds
[2019-12-09T01:43:42.017+0000][1][safepoint    ] Entering safepoint region: RevokeBias
[2019-12-09T01:43:42.017+0000][1][safepoint    ] Leaving safepoint region
[2019-12-09T01:43:42.017+0000][1][safepoint    ] Total time for which application threads were stopped: 0.0000883 seconds, Stopping threads took: 0.0000171 seconds
[2019-12-09T01:43:42.018+0000][1][safepoint    ] Application time: 0.0012788 seconds
[2019-12-09T01:43:42.018+0000][1][safepoint    ] Entering safepoint region: RevokeBias
[2019-12-09T01:43:42.018+0000][1][safepoint    ] Leaving safepoint region
[2019-12-09T01:43:42.018+0000][1][safepoint    ] Total time for which application threads were stopped: 0.0000622 seconds, Stopping threads took: 0.0000134 seconds
[2019-12-09T01:43:42.100+0000][1][gc           ] GC(22) Concurrent Abortable Preclean 5970.687ms
[2019-12-09T01:43:42.100+0000][1][gc,cpu       ] GC(22) User=1.52s Sys=0.03s Real=5.97s
[2019-12-09T01:43:42.100+0000][1][safepoint    ] Application time: 0.0815491 seconds
[2019-12-09T01:43:42.100+0000][1][safepoint    ] Entering safepoint region: CMS_Final_Remark
[2019-12-09T01:43:42.100+0000][1][gc,start     ] GC(22) Pause Remark
[2019-12-09T01:43:42.349+0000][1][gc           ] GC(22) Pause Remark 89M->89M(247M) 248.703ms
[2019-12-09T01:43:42.349+0000][1][gc,cpu       ] GC(22) User=0.07s Sys=0.00s Real=0.25s
[2019-12-09T01:43:42.349+0000][1][safepoint    ] Leaving safepoint region
[2019-12-09T01:43:42.349+0000][1][safepoint    ] Total time for which application threads were stopped: 0.2488620 seconds, Stopping threads took: 0.0000178 seconds
[2019-12-09T01:43:42.358+0000][1][gc           ] GC(22) Concurrent Sweep
[2019-12-09T01:43:42.412+0000][1][safepoint    ] Application time: 0.0628037 seconds
[2019-12-09T01:43:42.426+0000][1][safepoint    ] Entering safepoint region: RevokeBias
[2019-12-09T01:43:42.427+0000][1][safepoint    ] Leaving safepoint region
[2019-12-09T01:43:42.427+0000][1][safepoint    ] Total time for which application threads were stopped: 0.0150338 seconds, Stopping threads took: 0.0139623 seconds
[2019-12-09T01:43:42.573+0000][1][safepoint    ] Application time: 0.1460252 seconds
[2019-12-09T01:43:42.573+0000][1][safepoint    ] Entering safepoint region: RevokeBias
[2019-12-09T01:43:42.573+0000][1][safepoint    ] Leaving safepoint region
[2019-12-09T01:43:42.573+0000][1][safepoint    ] Total time for which application threads were stopped: 0.0006027 seconds, Stopping threads took: 0.0000487 seconds
[2019-12-09T01:43:42.657+0000][1][safepoint    ] Application time: 0.0832130 seconds
[2019-12-09T01:43:42.657+0000][1][safepoint    ] Entering safepoint region: RevokeBias
[2019-12-09T01:43:42.657+0000][1][safepoint    ] Leaving safepoint region
[2019-12-09T01:43:42.657+0000][1][safepoint    ] Total time for which application threads were stopped: 0.0005228 seconds, Stopping threads took: 0.0000188 seconds
[2019-12-09T01:43:42.659+0000][1][safepoint    ] Application time: 0.0014293 seconds
[2019-12-09T01:43:42.659+0000][1][safepoint    ] Entering safepoint region: RevokeBias
[2019-12-09T01:43:42.659+0000][1][safepoint    ] Leaving safepoint region
[2019-12-09T01:43:42.659+0000][1][safepoint    ] Total time for which application threads were stopped: 0.0000795 seconds, Stopping threads took: 0.0000150 seconds
[2019-12-09T01:43:42.715+0000][1][safepoint    ] Application time: 0.0559059 seconds
[2019-12-09T01:43:42.715+0000][1][safepoint    ] Entering safepoint region: RevokeBias
[2019-12-09T01:43:42.715+0000][1][safepoint    ] Leaving safepoint region
[2019-12-09T01:43:42.715+0000][1][safepoint    ] Total time for which application threads were stopped: 0.0001179 seconds, Stopping threads took: 0.0000183 seconds
[2019-12-09T01:43:42.739+0000][1][gc           ] GC(22) Concurrent Sweep 381.654ms
[2019-12-09T01:43:42.739+0000][1][gc,cpu       ] GC(22) User=0.13s Sys=0.01s Real=0.38s
[2019-12-09T01:43:42.739+0000][1][gc           ] GC(22) Concurrent Reset
[2019-12-09T01:43:42.740+0000][1][gc           ] GC(22) Concurrent Reset 0.340ms
[2019-12-09T01:43:42.740+0000][1][gc,cpu       ] GC(22) User=0.00s Sys=0.00s Real=0.00s
[2019-12-09T01:43:42.740+0000][1][gc,heap      ] GC(22) Old: 60324K->60055K(174784K)
[2019-12-09T01:43:42.778+0000][1][safepoint    ] Application time: 0.0628416 seconds
[2019-12-09T01:43:42.778+0000][1][safepoint    ] Entering safepoint region: RevokeBias
[2019-12-09T01:43:42.778+0000][1][safepoint    ] Leaving safepoint region
[2019-12-09T01:43:42.778+0000][1][safepoint    ] Total time for which application threads were stopped: 0.0001086 seconds, Stopping threads took: 0.0000190 seconds
[2019-12-09T01:43:42.779+0000][1][safepoint    ] Application time: 0.0007933 seconds
[2019-12-09T01:43:42.779+0000][1][safepoint    ] Entering safepoint region: RevokeBias
[2019-12-09T01:43:42.779+0000][1][safepoint    ] Leaving safepoint region
[2019-12-09T01:43:42.779+0000][1][safepoint    ] Total time for which application threads were stopped: 0.0006306 seconds, Stopping threads took: 0.0000399 seconds
[2019-12-09T01:43:42.785+0000][1][safepoint    ] Application time: 0.0054222 seconds
[2019-12-09T01:43:42.785+0000][1][safepoint    ] Entering safepoint region: RevokeBias
[2019-12-09T01:43:42.785+0000][1][safepoint    ] Leaving safepoint region
[2019-12-09T01:43:42.785+0000][1][safepoint    ] Total time for which application threads were stopped: 0.0001143 seconds, Stopping threads took: 0.0000646 seconds
[2019-12-09T01:43:42.785+0000][1][safepoint    ] Application time: 0.0003319 seconds
[2019-12-09T01:43:42.785+0000][1][safepoint    ] Entering safepoint region: RevokeBias
[2019-12-09T01:43:42.785+0000][1][safepoint    ] Leaving safepoint region
[2019-12-09T01:43:42.785+0000][1][safepoint    ] Total time for which application threads were stopped: 0.0000527 seconds, Stopping threads took: 0.0000117 seconds
[2019-12-09T01:43:42.786+0000][1][safepoint    ] Application time: 0.0002555 seconds
[2019-12-09T01:43:42.786+0000][1][safepoint    ] Entering safepoint region: RevokeBias
[2019-12-09T01:43:42.786+0000][1][safepoint    ] Leaving safepoint region
[2019-12-09T01:43:42.786+0000][1][safepoint    ] Total time for which application threads were stopped: 0.0000551 seconds, Stopping threads took: 0.0000118 seconds
[2019-12-09T01:43:42.945+0000][1][safepoint    ] Application time: 0.1597668 seconds
[2019-12-09T01:43:42.945+0000][1][safepoint    ] Entering safepoint region: RevokeBias
[2019-12-09T01:43:42.946+0000][1][safepoint    ] Leaving safepoint region
[2019-12-09T01:43:42.946+0000][1][safepoint    ] Total time for which application threads were stopped: 0.0001500 seconds, Stopping threads took: 0.0000664 seconds
[2019-12-09T01:43:42.946+0000][1][safepoint    ] Application time: 0.0003207 seconds
[2019-12-09T01:43:42.946+0000][1][safepoint    ] Entering safepoint region: RevokeBias
[2019-12-09T01:43:42.946+0000][1][safepoint    ] Leaving safepoint region
[2019-12-09T01:43:42.946+0000][1][safepoint    ] Total time for which application threads were stopped: 0.0001484 seconds, Stopping threads took: 0.0000872 seconds
[2019-12-09T01:43:42.946+0000][1][safepoint    ] Application time: 0.0003267 seconds
[2019-12-09T01:43:42.946+0000][1][safepoint    ] Entering safepoint region: RevokeBias
[2019-12-09T01:43:42.946+0000][1][safepoint    ] Leaving safepoint region
[2019-12-09T01:43:42.946+0000][1][safepoint    ] Total time for which application threads were stopped: 0.0000668 seconds, Stopping threads took: 0.0000120 seconds
[2019-12-09T01:43:42.947+0000][1][safepoint    ] Application time: 0.0002916 seconds
[2019-12-09T01:43:42.947+0000][1][safepoint    ] Entering safepoint region: RevokeBias
[2019-12-09T01:43:42.947+0000][1][safepoint    ] Leaving safepoint region
[2019-12-09T01:43:42.947+0000][1][safepoint    ] Total time for which application threads were stopped: 0.0000649 seconds, Stopping threads took: 0.0000124 seconds
[2019-12-09T01:43:42.947+0000][1][safepoint    ] Application time: 0.0002693 seconds
[2019-12-09T01:43:42.947+0000][1][safepoint    ] Entering safepoint region: RevokeBias
[2019-12-09T01:43:42.947+0000][1][safepoint    ] Leaving safepoint region
[2019-12-09T01:43:42.947+0000][1][safepoint    ] Total time for which application threads were stopped: 0.0000724 seconds, Stopping threads took: 0.0000230 seconds
[2019-12-09T01:43:42.947+0000][1][safepoint    ] Application time: 0.0002534 seconds
[2019-12-09T01:43:42.948+0000][1][safepoint    ] Entering safepoint region: RevokeBias
[2019-12-09T01:43:42.948+0000][1][safepoint    ] Leaving safepoint region
[2019-12-09T01:43:42.948+0000][1][safepoint    ] Total time for which application threads were stopped: 0.0000582 seconds, Stopping threads took: 0.0000107 seconds
[2019-12-09T01:43:42.949+0000][1][safepoint    ] Application time: 0.0010034 seconds
[2019-12-09T01:43:42.949+0000][1][safepoint    ] Entering safepoint region: RevokeBias
[2019-12-09T01:43:42.949+0000][1][safepoint    ] Leaving safepoint region
[2019-12-09T01:43:42.949+0000][1][safepoint    ] Total time for which application threads were stopped: 0.0000641 seconds, Stopping threads took: 0.0000121 seconds
[2019-12-09T01:43:42.950+0000][1][safepoint    ] Application time: 0.0011242 seconds
[2019-12-09T01:43:42.950+0000][1][safepoint    ] Entering safepoint region: RevokeBias
[2019-12-09T01:43:42.950+0000][1][safepoint    ] Leaving safepoint region
[2019-12-09T01:43:42.950+0000][1][safepoint    ] Total time for which application threads were stopped: 0.0000567 seconds, Stopping threads took: 0.0000118 seconds
[2019-12-09T01:43:42.950+0000][1][safepoint    ] Application time: 0.0000453 seconds
[2019-12-09T01:43:42.950+0000][1][safepoint    ] Entering safepoint region: RevokeBias
[2019-12-09T01:43:42.950+0000][1][safepoint    ] Leaving safepoint region
[2019-12-09T01:43:42.950+0000][1][safepoint    ] Total time for which application threads were stopped: 0.0000448 seconds, Stopping threads took: 0.0000096 seconds
[2019-12-09T01:43:42.950+0000][1][safepoint    ] Application time: 0.0000368 seconds
[2019-12-09T01:43:42.950+0000][1][safepoint    ] Entering safepoint region: RevokeBias
[2019-12-09T01:43:42.950+0000][1][safepoint    ] Leaving safepoint region
[2019-12-09T01:43:42.950+0000][1][safepoint    ] Total time for which application threads were stopped: 0.0000436 seconds, Stopping threads took: 0.0000093 seconds
[2019-12-09T01:43:42.960+0000][1][safepoint    ] Application time: 0.0095603 seconds
[2019-12-09T01:43:42.960+0000][1][safepoint    ] Entering safepoint region: RevokeBias
[2019-12-09T01:43:42.960+0000][1][safepoint    ] Leaving safepoint region
[2019-12-09T01:43:42.960+0000][1][safepoint    ] Total time for which application threads were stopped: 0.0000807 seconds, Stopping threads took: 0.0000315 seconds
[2019-12-09T01:43:42.960+0000][1][safepoint    ] Application time: 0.0002038 seconds
[2019-12-09T01:43:42.960+0000][1][safepoint    ] Entering safepoint region: RevokeBias
[2019-12-09T01:43:42.960+0000][1][safepoint    ] Leaving safepoint region
[2019-12-09T01:43:42.960+0000][1][safepoint    ] Total time for which application threads were stopped: 0.0000549 seconds, Stopping threads took: 0.0000110 seconds
[2019-12-09T01:43:42.960+0000][1][safepoint    ] Application time: 0.0002496 seconds
[2019-12-09T01:43:42.960+0000][1][safepoint    ] Entering safepoint region: RevokeBias
[2019-12-09T01:43:42.960+0000][1][safepoint    ] Leaving safepoint region
[2019-12-09T01:43:42.960+0000][1][safepoint    ] Total time for which application threads were stopped: 0.0000562 seconds, Stopping threads took: 0.0000121 seconds
[2019-12-09T01:43:43.019+0000][1][safepoint    ] Application time: 0.0585070 seconds
[2019-12-09T01:43:43.019+0000][1][safepoint    ] Entering safepoint region: RevokeBias
[2019-12-09T01:43:43.019+0000][1][safepoint    ] Leaving safepoint region
[2019-12-09T01:43:43.019+0000][1][safepoint    ] Total time for which application threads were stopped: 0.0000965 seconds, Stopping threads took: 0.0000165 seconds
[2019-12-09T01:43:43.023+0000][1][safepoint    ] Application time: 0.0040742 seconds
[2019-12-09T01:43:43.095+0000][1][safepoint    ] Entering safepoint region: RevokeBias
[2019-12-09T01:43:43.095+0000][1][safepoint    ] Leaving safepoint region
[2019-12-09T01:43:43.095+0000][1][safepoint    ] Total time for which application threads were stopped: 0.0718904 seconds, Stopping threads took: 0.0717924 seconds
[2019-12-09T01:43:43.108+0000][1][safepoint    ] Application time: 0.0129481 seconds
[2019-12-09T01:43:43.108+0000][1][safepoint    ] Entering safepoint region: RevokeBias
[2019-12-09T01:43:43.108+0000][1][safepoint    ] Leaving safepoint region
[2019-12-09T01:43:43.108+0000][1][safepoint    ] Total time for which application threads were stopped: 0.0001276 seconds, Stopping threads took: 0.0000564 seconds
[2019-12-09T01:43:43.108+0000][1][safepoint    ] Application time: 0.0001539 seconds
[2019-12-09T01:43:43.108+0000][1][safepoint    ] Entering safepoint region: RevokeBias
[2019-12-09T01:43:43.108+0000][1][safepoint    ] Leaving safepoint region
[2019-12-09T01:43:43.108+0000][1][safepoint    ] Total time for which application threads were stopped: 0.0000596 seconds, Stopping threads took: 0.0000095 seconds
[2019-12-09T01:43:43.109+0000][1][safepoint    ] Application time: 0.0008023 seconds
[2019-12-09T01:43:43.109+0000][1][safepoint    ] Entering safepoint region: RevokeBias
[2019-12-09T01:43:43.109+0000][1][safepoint    ] Leaving safepoint region
[2019-12-09T01:43:43.109+0000][1][safepoint    ] Total time for which application threads were stopped: 0.0000649 seconds, Stopping threads took: 0.0000151 seconds
[2019-12-09T01:43:43.112+0000][1][safepoint    ] Application time: 0.0029782 seconds
[2019-12-09T01:43:43.114+0000][1][safepoint    ] Entering safepoint region: RevokeBias
[2019-12-09T01:43:43.114+0000][1][safepoint    ] Leaving safepoint region
[2019-12-09T01:43:43.114+0000][1][safepoint    ] Total time for which application threads were stopped: 0.0015450 seconds, Stopping threads took: 0.0014803 seconds
[2019-12-09T01:43:43.121+0000][1][safepoint    ] Application time: 0.0076194 seconds
[2019-12-09T01:43:43.124+0000][1][safepoint    ] Entering safepoint region: RevokeBias
[2019-12-09T01:43:43.124+0000][1][safepoint    ] Leaving safepoint region
[2019-12-09T01:43:43.124+0000][1][safepoint    ] Total time for which application threads were stopped: 0.0023523 seconds, Stopping threads took: 0.0023005 seconds
[2019-12-09T01:43:43.218+0000][1][safepoint    ] Application time: 0.0939802 seconds
[2019-12-09T01:43:43.218+0000][1][safepoint    ] Entering safepoint region: RevokeBias
[2019-12-09T01:43:43.218+0000][1][safepoint    ] Leaving safepoint region
[2019-12-09T01:43:43.218+0000][1][safepoint    ] Total time for which application threads were stopped: 0.0000802 seconds, Stopping threads took: 0.0000177 seconds
[2019-12-09T01:43:43.304+0000][1][safepoint    ] Application time: 0.0860625 seconds
[2019-12-09T01:43:43.304+0000][1][safepoint    ] Entering safepoint region: RevokeBias
[2019-12-09T01:43:43.304+0000][1][safepoint    ] Leaving safepoint region
[2019-12-09T01:43:43.304+0000][1][safepoint    ] Total time for which application threads were stopped: 0.0000919 seconds, Stopping threads took: 0.0000176 seconds
[2019-12-09T01:43:43.358+0000][1][safepoint    ] Application time: 0.0539343 seconds
[2019-12-09T01:43:43.358+0000][1][safepoint    ] Entering safepoint region: RevokeBias
[2019-12-09T01:43:43.358+0000][1][safepoint    ] Leaving safepoint region
[2019-12-09T01:43:43.358+0000][1][safepoint    ] Total time for which application threads were stopped: 0.0000866 seconds, Stopping threads took: 0.0000173 seconds
[2019-12-09T01:43:43.358+0000][1][safepoint    ] Application time: 0.0002526 seconds
[2019-12-09T01:43:43.358+0000][1][safepoint    ] Entering safepoint region: RevokeBias
[2019-12-09T01:43:43.358+0000][1][safepoint    ] Leaving safepoint region
[2019-12-09T01:43:43.358+0000][1][safepoint    ] Total time for which application threads were stopped: 0.0000473 seconds, Stopping threads took: 0.0000100 seconds
[2019-12-09T01:43:43.455+0000][1][safepoint    ] Application time: 0.0966715 seconds
[2019-12-09T01:43:43.455+0000][1][safepoint    ] Entering safepoint region: RevokeBias
[2019-12-09T01:43:43.455+0000][1][safepoint    ] Leaving safepoint region
[2019-12-09T01:43:43.455+0000][1][safepoint    ] Total time for which application threads were stopped: 0.0001063 seconds, Stopping threads took: 0.0000180 seconds
[2019-12-09T01:43:43.456+0000][1][safepoint    ] Application time: 0.0004022 seconds
[2019-12-09T01:43:43.456+0000][1][safepoint    ] Entering safepoint region: RevokeBias
[2019-12-09T01:43:43.456+0000][1][safepoint    ] Leaving safepoint region
[2019-12-09T01:43:43.456+0000][1][safepoint    ] Total time for which application threads were stopped: 0.0000810 seconds, Stopping threads took: 0.0000158 seconds
[2019-12-09T01:43:43.456+0000][1][safepoint    ] Application time: 0.0002568 seconds
[2019-12-09T01:43:43.456+0000][1][safepoint    ] Entering safepoint region: RevokeBias
[2019-12-09T01:43:43.456+0000][1][safepoint    ] Leaving safepoint region
[2019-12-09T01:43:43.456+0000][1][safepoint    ] Total time for which application threads were stopped: 0.0000547 seconds, Stopping threads took: 0.0000104 seconds
[2019-12-09T01:43:43.468+0000][1][safepoint    ] Application time: 0.0116737 seconds
[2019-12-09T01:43:43.468+0000][1][safepoint    ] Entering safepoint region: RevokeBias
[2019-12-09T01:43:43.468+0000][1][safepoint    ] Leaving safepoint region
[2019-12-09T01:43:43.468+0000][1][safepoint    ] Total time for which application threads were stopped: 0.0000734 seconds, Stopping threads took: 0.0000137 seconds
[2019-12-09T01:43:43.468+0000][1][safepoint    ] Application time: 0.0002703 seconds
[2019-12-09T01:43:43.468+0000][1][safepoint    ] Entering safepoint region: RevokeBias
[2019-12-09T01:43:43.468+0000][1][safepoint    ] Leaving safepoint region
[2019-12-09T01:43:43.468+0000][1][safepoint    ] Total time for which application threads were stopped: 0.0000623 seconds, Stopping threads took: 0.0000114 seconds
[2019-12-09T01:43:43.470+0000][1][safepoint    ] Application time: 0.0018389 seconds
[2019-12-09T01:43:43.470+0000][1][safepoint    ] Entering safepoint region: RevokeBias
[2019-12-09T01:43:43.470+0000][1][safepoint    ] Leaving safepoint region
[2019-12-09T01:43:43.470+0000][1][safepoint    ] Total time for which application threads were stopped: 0.0000564 seconds, Stopping threads took: 0.0000139 seconds
[2019-12-09T01:43:43.470+0000][1][safepoint    ] Application time: 0.0002273 seconds
[2019-12-09T01:43:43.470+0000][1][safepoint    ] Entering safepoint region: RevokeBias
[2019-12-09T01:43:43.470+0000][1][safepoint    ] Leaving safepoint region
[2019-12-09T01:43:43.470+0000][1][safepoint    ] Total time for which application threads were stopped: 0.0000500 seconds, Stopping threads took: 0.0000108 seconds
[2019-12-09T01:43:43.471+0000][1][safepoint    ] Application time: 0.0002180 seconds
[2019-12-09T01:43:43.471+0000][1][safepoint    ] Entering safepoint region: RevokeBias
[2019-12-09T01:43:43.471+0000][1][safepoint    ] Leaving safepoint region
[2019-12-09T01:43:43.471+0000][1][safepoint    ] Total time for which application threads were stopped: 0.0000476 seconds, Stopping threads took: 0.0000106 seconds
[2019-12-09T01:43:43.471+0000][1][safepoint    ] Application time: 0.0002241 seconds
[2019-12-09T01:43:43.471+0000][1][safepoint    ] Entering safepoint region: RevokeBias
[2019-12-09T01:43:43.471+0000][1][safepoint    ] Leaving safepoint region
[2019-12-09T01:43:43.471+0000][1][safepoint    ] Total time for which application threads were stopped: 0.0000494 seconds, Stopping threads took: 0.0000111 seconds
[2019-12-09T01:43:43.471+0000][1][safepoint    ] Application time: 0.0001179 seconds
[2019-12-09T01:43:43.471+0000][1][safepoint    ] Entering safepoint region: RevokeBias
[2019-12-09T01:43:43.471+0000][1][safepoint    ] Leaving safepoint region
[2019-12-09T01:43:43.471+0000][1][safepoint    ] Total time for which application threads were stopped: 0.0000432 seconds, Stopping threads took: 0.0000095 seconds
[2019-12-09T01:43:43.471+0000][1][safepoint    ] Application time: 0.0002138 seconds
[2019-12-09T01:43:43.472+0000][1][safepoint    ] Entering safepoint region: RevokeBias
[2019-12-09T01:43:43.472+0000][1][safepoint    ] Leaving safepoint region
[2019-12-09T01:43:43.472+0000][1][safepoint    ] Total time for which application threads were stopped: 0.0000471 seconds, Stopping threads took: 0.0000103 seconds
[2019-12-09T01:43:43.483+0000][1][safepoint    ] Application time: 0.0112286 seconds
[2019-12-09T01:43:43.483+0000][1][safepoint    ] Entering safepoint region: RevokeBias
[2019-12-09T01:43:43.483+0000][1][safepoint    ] Leaving safepoint region
[2019-12-09T01:43:43.483+0000][1][safepoint    ] Total time for which application threads were stopped: 0.0000677 seconds, Stopping threads took: 0.0000134 seconds
[2019-12-09T01:43:43.490+0000][1][safepoint    ] Application time: 0.0074516 seconds
[2019-12-09T01:43:43.490+0000][1][safepoint    ] Entering safepoint region: BulkRevokeBias
[2019-12-09T01:43:43.491+0000][1][safepoint    ] Leaving safepoint region
[2019-12-09T01:43:43.491+0000][1][safepoint    ] Total time for which application threads were stopped: 0.0005651 seconds, Stopping threads took: 0.0000107 seconds
[2019-12-09T01:43:43.733+0000][1][safepoint    ] Application time: 0.2418846 seconds
[2019-12-09T01:43:43.733+0000][1][safepoint    ] Entering safepoint region: RevokeBias
[2019-12-09T01:43:43.733+0000][1][safepoint    ] Leaving safepoint region
[2019-12-09T01:43:43.733+0000][1][safepoint    ] Total time for which application threads were stopped: 0.0000941 seconds, Stopping threads took: 0.0000200 seconds
[2019-12-09T01:43:43.941+0000][1][safepoint    ] Application time: 0.2081513 seconds
[2019-12-09T01:43:43.941+0000][1][safepoint    ] Entering safepoint region: RevokeBias
[2019-12-09T01:43:43.941+0000][1][safepoint    ] Leaving safepoint region
[2019-12-09T01:43:43.941+0000][1][safepoint    ] Total time for which application threads were stopped: 0.0002165 seconds, Stopping threads took: 0.0001083 seconds
[2019-12-09T01:43:43.974+0000][1][safepoint    ] Application time: 0.0323508 seconds
[2019-12-09T01:43:43.974+0000][1][safepoint    ] Entering safepoint region: RevokeBias
[2019-12-09T01:43:43.974+0000][1][safepoint    ] Leaving safepoint region
[2019-12-09T01:43:43.974+0000][1][safepoint    ] Total time for which application threads were stopped: 0.0001529 seconds, Stopping threads took: 0.0000608 seconds
[2019-12-09T01:43:43.977+0000][1][safepoint    ] Application time: 0.0034783 seconds
[2019-12-09T01:43:43.977+0000][1][safepoint    ] Entering safepoint region: RevokeBias
[2019-12-09T01:43:43.977+0000][1][safepoint    ] Leaving safepoint region
[2019-12-09T01:43:43.977+0000][1][safepoint    ] Total time for which application threads were stopped: 0.0000774 seconds, Stopping threads took: 0.0000155 seconds
[2019-12-09T01:43:43.981+0000][1][safepoint    ] Application time: 0.0031600 seconds
[2019-12-09T01:43:43.981+0000][1][safepoint    ] Entering safepoint region: RevokeBias
[2019-12-09T01:43:43.981+0000][1][safepoint    ] Leaving safepoint region
[2019-12-09T01:43:43.981+0000][1][safepoint    ] Total time for which application threads were stopped: 0.0001479 seconds, Stopping threads took: 0.0000971 seconds
[2019-12-09T01:43:43.997+0000][1][safepoint    ] Application time: 0.0164119 seconds
[2019-12-09T01:43:44.050+0000][1][safepoint    ] Entering safepoint region: RevokeBias
[2019-12-09T01:43:44.050+0000][1][safepoint    ] Leaving safepoint region
[2019-12-09T01:43:44.050+0000][1][safepoint    ] Total time for which application threads were stopped: 0.0526137 seconds, Stopping threads took: 0.0525092 seconds
[2019-12-09T01:43:44.053+0000][1][safepoint    ] Application time: 0.0031406 seconds
[2019-12-09T01:43:44.055+0000][1][safepoint    ] Entering safepoint region: BulkRevokeBias
[2019-12-09T01:43:44.055+0000][1][safepoint    ] Leaving safepoint region
[2019-12-09T01:43:44.055+0000][1][safepoint    ] Total time for which application threads were stopped: 0.0022582 seconds, Stopping threads took: 0.0018363 seconds
[2019-12-09T01:43:44.064+0000][1][safepoint    ] Application time: 0.0084017 seconds
[2019-12-09T01:43:44.064+0000][1][safepoint    ] Entering safepoint region: RevokeBias
[2019-12-09T01:43:44.064+0000][1][safepoint    ] Leaving safepoint region
[2019-12-09T01:43:44.064+0000][1][safepoint    ] Total time for which application threads were stopped: 0.0000710 seconds, Stopping threads took: 0.0000131 seconds
[2019-12-09T01:43:44.138+0000][1][safepoint    ] Application time: 0.0745604 seconds
[2019-12-09T01:43:44.138+0000][1][safepoint    ] Entering safepoint region: RevokeBias
[2019-12-09T01:43:44.139+0000][1][safepoint    ] Leaving safepoint region
[2019-12-09T01:43:44.139+0000][1][safepoint    ] Total time for which application threads were stopped: 0.0000958 seconds, Stopping threads took: 0.0000178 seconds
[2019-12-09T01:43:44.327+0000][1][safepoint    ] Application time: 0.1884717 seconds
[2019-12-09T01:43:44.327+0000][1][safepoint    ] Entering safepoint region: RevokeBias
[2019-12-09T01:43:44.327+0000][1][safepoint    ] Leaving safepoint region
[2019-12-09T01:43:44.327+0000][1][safepoint    ] Total time for which application threads were stopped: 0.0000903 seconds, Stopping threads took: 0.0000184 seconds
[2019-12-09T01:43:44.345+0000][1][safepoint    ] Application time: 0.0175046 seconds
[2019-12-09T01:43:44.345+0000][1][safepoint    ] Entering safepoint region: RevokeBias
[2019-12-09T01:43:44.345+0000][1][safepoint    ] Leaving safepoint region
[2019-12-09T01:43:44.345+0000][1][safepoint    ] Total time for which application threads were stopped: 0.0001157 seconds, Stopping threads took: 0.0000357 seconds
[2019-12-09T01:43:44.362+0000][1][safepoint    ] Application time: 0.0169619 seconds
[2019-12-09T01:43:44.362+0000][1][safepoint    ] Entering safepoint region: RevokeBias
[2019-12-09T01:43:44.362+0000][1][safepoint    ] Leaving safepoint region
[2019-12-09T01:43:44.362+0000][1][safepoint    ] Total time for which application threads were stopped: 0.0000852 seconds, Stopping threads took: 0.0000163 seconds
[2019-12-09T01:43:44.967+0000][1][safepoint    ] Application time: 0.6048382 seconds
[2019-12-09T01:43:44.985+0000][1][safepoint    ] Entering safepoint region: RevokeBias
[2019-12-09T01:43:44.985+0000][1][safepoint    ] Leaving safepoint region
[2019-12-09T01:43:44.985+0000][1][safepoint    ] Total time for which application threads were stopped: 0.0180987 seconds, Stopping threads took: 0.0179984 seconds
[2019-12-09T01:43:44.992+0000][1][safepoint    ] Application time: 0.0074795 seconds
[2019-12-09T01:43:44.993+0000][1][safepoint    ] Entering safepoint region: RevokeBias
[2019-12-09T01:43:44.993+0000][1][safepoint    ] Leaving safepoint region
[2019-12-09T01:43:44.993+0000][1][safepoint    ] Total time for which application threads were stopped: 0.0011234 seconds, Stopping threads took: 0.0010439 seconds
[2019-12-09T01:43:45.012+0000][1][safepoint    ] Application time: 0.0187783 seconds
[2019-12-09T01:43:45.012+0000][1][safepoint    ] Entering safepoint region: RevokeBias
[2019-12-09T01:43:45.012+0000][1][safepoint    ] Leaving safepoint region
[2019-12-09T01:43:45.012+0000][1][safepoint    ] Total time for which application threads were stopped: 0.0001666 seconds, Stopping threads took: 0.0000845 seconds
[2019-12-09T01:43:45.016+0000][1][safepoint    ] Application time: 0.0036349 seconds
[2019-12-09T01:43:45.016+0000][1][safepoint    ] Entering safepoint region: RevokeBias
[2019-12-09T01:43:45.016+0000][1][safepoint    ] Leaving safepoint region
[2019-12-09T01:43:45.016+0000][1][safepoint    ] Total time for which application threads were stopped: 0.0000901 seconds, Stopping threads took: 0.0000179 seconds
[2019-12-09T01:43:45.061+0000][1][safepoint    ] Application time: 0.0450836 seconds
[2019-12-09T01:43:45.061+0000][1][safepoint    ] Entering safepoint region: RevokeBias
[2019-12-09T01:43:45.061+0000][1][safepoint    ] Leaving safepoint region
[2019-12-09T01:43:45.061+0000][1][safepoint    ] Total time for which application threads were stopped: 0.0000927 seconds, Stopping threads took: 0.0000176 seconds
[2019-12-09T01:43:45.095+0000][1][safepoint    ] Application time: 0.0334579 seconds
[2019-12-09T01:43:45.123+0000][1][safepoint    ] Entering safepoint region: RevokeBias
[2019-12-09T01:43:45.123+0000][1][safepoint    ] Leaving safepoint region
[2019-12-09T01:43:45.123+0000][1][safepoint    ] Total time for which application threads were stopped: 0.0279129 seconds, Stopping threads took: 0.0278277 seconds
[2019-12-09T01:43:45.147+0000][1][safepoint    ] Application time: 0.0240837 seconds
[2019-12-09T01:43:45.147+0000][1][safepoint    ] Entering safepoint region: RevokeBias
[2019-12-09T01:43:45.147+0000][1][safepoint    ] Leaving safepoint region
[2019-12-09T01:43:45.147+0000][1][safepoint    ] Total time for which application threads were stopped: 0.0000827 seconds, Stopping threads took: 0.0000177 seconds
[2019-12-09T01:43:45.328+0000][1][safepoint    ] Application time: 0.1807613 seconds
[2019-12-09T01:43:45.375+0000][1][safepoint    ] Entering safepoint region: RevokeBias
[2019-12-09T01:43:45.375+0000][1][safepoint    ] Leaving safepoint region
[2019-12-09T01:43:45.375+0000][1][safepoint    ] Total time for which application threads were stopped: 0.0470401 seconds, Stopping threads took: 0.0469318 seconds
[2019-12-09T01:43:45.386+0000][1][safepoint    ] Application time: 0.0108060 seconds
[2019-12-09T01:43:45.386+0000][1][safepoint    ] Entering safepoint region: RevokeBias
[2019-12-09T01:43:45.386+0000][1][safepoint    ] Leaving safepoint region
[2019-12-09T01:43:45.386+0000][1][safepoint    ] Total time for which application threads were stopped: 0.0001063 seconds, Stopping threads took: 0.0000173 seconds
[2019-12-09T01:43:45.395+0000][1][safepoint    ] Application time: 0.0088734 seconds
[2019-12-09T01:43:45.395+0000][1][safepoint    ] Entering safepoint region: RevokeBias
[2019-12-09T01:43:45.395+0000][1][safepoint    ] Leaving safepoint region
[2019-12-09T01:43:45.395+0000][1][safepoint    ] Total time for which application threads were stopped: 0.0001900 seconds, Stopping threads took: 0.0000651 seconds
[2019-12-09T01:43:45.397+0000][1][safepoint    ] Application time: 0.0023022 seconds
[2019-12-09T01:43:45.397+0000][1][safepoint    ] Entering safepoint region: BulkRevokeBias
[2019-12-09T01:43:45.398+0000][1][safepoint    ] Leaving safepoint region
[2019-12-09T01:43:45.398+0000][1][safepoint    ] Total time for which application threads were stopped: 0.0007007 seconds, Stopping threads took: 0.0000158 seconds
[2019-12-09T01:43:45.457+0000][1][safepoint    ] Application time: 0.0592662 seconds
[2019-12-09T01:43:45.496+0000][1][safepoint    ] Entering safepoint region: RevokeBias
[2019-12-09T01:43:45.496+0000][1][safepoint    ] Leaving safepoint region
[2019-12-09T01:43:45.496+0000][1][safepoint    ] Total time for which application threads were stopped: 0.0389406 seconds, Stopping threads took: 0.0385094 seconds
[2019-12-09T01:43:45.570+0000][1][safepoint    ] Application time: 0.0735339 seconds
[2019-12-09T01:43:45.570+0000][1][safepoint    ] Entering safepoint region: RevokeBias
[2019-12-09T01:43:45.570+0000][1][safepoint    ] Leaving safepoint region
[2019-12-09T01:43:45.570+0000][1][safepoint    ] Total time for which application threads were stopped: 0.0002142 seconds, Stopping threads took: 0.0001195 seconds
[2019-12-09T01:43:45.696+0000][1][safepoint    ] Application time: 0.1264162 seconds
[2019-12-09T01:43:45.696+0000][1][safepoint    ] Entering safepoint region: RevokeBias
[2019-12-09T01:43:45.697+0000][1][safepoint    ] Leaving safepoint region
[2019-12-09T01:43:45.697+0000][1][safepoint    ] Total time for which application threads were stopped: 0.0001126 seconds, Stopping threads took: 0.0000215 seconds
[2019-12-09T01:43:45.800+0000][1][safepoint    ] Application time: 0.1037676 seconds
[2019-12-09T01:43:45.800+0000][1][safepoint    ] Entering safepoint region: RevokeBias
[2019-12-09T01:43:45.801+0000][1][safepoint    ] Leaving safepoint region
[2019-12-09T01:43:45.801+0000][1][safepoint    ] Total time for which application threads were stopped: 0.0001562 seconds, Stopping threads took: 0.0000549 seconds
[2019-12-09T01:43:45.801+0000][1][safepoint    ] Application time: 0.0000690 seconds
[2019-12-09T01:43:45.801+0000][1][safepoint    ] Entering safepoint region: RevokeBias
[2019-12-09T01:43:45.801+0000][1][safepoint    ] Leaving safepoint region
[2019-12-09T01:43:45.801+0000][1][safepoint    ] Total time for which application threads were stopped: 0.0000838 seconds, Stopping threads took: 0.0000100 seconds
[2019-12-09T01:43:45.801+0000][1][safepoint    ] Application time: 0.0000604 seconds
[2019-12-09T01:43:45.801+0000][1][safepoint    ] Entering safepoint region: RevokeBias
[2019-12-09T01:43:45.801+0000][1][safepoint    ] Leaving safepoint region
[2019-12-09T01:43:45.801+0000][1][safepoint    ] Total time for which application threads were stopped: 0.0000563 seconds, Stopping threads took: 0.0000098 seconds
[2019-12-09T01:43:45.802+0000][1][safepoint    ] Application time: 0.0010840 seconds
[2019-12-09T01:43:45.802+0000][1][safepoint    ] Entering safepoint region: RevokeBias
[2019-12-09T01:43:45.802+0000][1][safepoint    ] Leaving safepoint region
[2019-12-09T01:43:45.802+0000][1][safepoint    ] Total time for which application threads were stopped: 0.0000848 seconds, Stopping threads took: 0.0000148 seconds
[2019-12-09T01:43:45.802+0000][1][safepoint    ] Application time: 0.0001594 seconds
[2019-12-09T01:43:45.802+0000][1][safepoint    ] Entering safepoint region: RevokeBias
[2019-12-09T01:43:45.802+0000][1][safepoint    ] Leaving safepoint region
[2019-12-09T01:43:45.802+0000][1][safepoint    ] Total time for which application threads were stopped: 0.0000576 seconds, Stopping threads took: 0.0000099 seconds
[2019-12-09T01:43:45.802+0000][1][safepoint    ] Application time: 0.0000561 seconds
[2019-12-09T01:43:45.802+0000][1][safepoint    ] Entering safepoint region: RevokeBias
[2019-12-09T01:43:45.802+0000][1][safepoint    ] Leaving safepoint region
[2019-12-09T01:43:45.802+0000][1][safepoint    ] Total time for which application threads were stopped: 0.0000484 seconds, Stopping threads took: 0.0000086 seconds
[2019-12-09T01:43:46.070+0000][1][safepoint    ] Application time: 0.2670937 seconds
[2019-12-09T01:43:46.070+0000][1][safepoint    ] Entering safepoint region: RevokeBias
[2019-12-09T01:43:46.070+0000][1][safepoint    ] Leaving safepoint region
[2019-12-09T01:43:46.070+0000][1][safepoint    ] Total time for which application threads were stopped: 0.0000842 seconds, Stopping threads took: 0.0000186 seconds
[2019-12-09T01:43:46.070+0000][1][safepoint    ] Application time: 0.0000788 seconds
[2019-12-09T01:43:46.070+0000][1][safepoint    ] Entering safepoint region: RevokeBias
[2019-12-09T01:43:46.070+0000][1][safepoint    ] Leaving safepoint region
[2019-12-09T01:43:46.070+0000][1][safepoint    ] Total time for which application threads were stopped: 0.0000520 seconds, Stopping threads took: 0.0000095 seconds
[2019-12-09T01:43:46.314+0000][1][safepoint    ] Application time: 0.2439168 seconds
[2019-12-09T01:43:46.314+0000][1][safepoint    ] Entering safepoint region: RevokeBias
[2019-12-09T01:43:46.314+0000][1][safepoint    ] Leaving safepoint region
[2019-12-09T01:43:46.314+0000][1][safepoint    ] Total time for which application threads were stopped: 0.0001363 seconds, Stopping threads took: 0.0000206 seconds
[2019-12-09T01:43:46.584+0000][1][safepoint    ] Application time: 0.2700503 seconds
[2019-12-09T01:43:46.584+0000][1][safepoint    ] Entering safepoint region: RevokeBias
[2019-12-09T01:43:46.584+0000][1][safepoint    ] Leaving safepoint region
[2019-12-09T01:43:46.584+0000][1][safepoint    ] Total time for which application threads were stopped: 0.0001187 seconds, Stopping threads took: 0.0000199 seconds
[2019-12-09T01:43:46.994+0000][1][safepoint    ] Application time: 0.4097009 seconds
[2019-12-09T01:43:46.994+0000][1][safepoint    ] Entering safepoint region: RevokeBias
[2019-12-09T01:43:46.994+0000][1][safepoint    ] Leaving safepoint region
[2019-12-09T01:43:46.994+0000][1][safepoint    ] Total time for which application threads were stopped: 0.0001842 seconds, Stopping threads took: 0.0001094 seconds
[2019-12-09T01:43:47.008+0000][1][safepoint    ] Application time: 0.0141740 seconds
[2019-12-09T01:43:47.008+0000][1][safepoint    ] Entering safepoint region: RevokeBias
[2019-12-09T01:43:47.008+0000][1][safepoint    ] Leaving safepoint region
[2019-12-09T01:43:47.008+0000][1][safepoint    ] Total time for which application threads were stopped: 0.0001357 seconds, Stopping threads took: 0.0000473 seconds
[2019-12-09T01:43:47.009+0000][1][safepoint    ] Application time: 0.0002665 seconds
[2019-12-09T01:43:47.009+0000][1][safepoint    ] Entering safepoint region: RevokeBias
[2019-12-09T01:43:47.009+0000][1][safepoint    ] Leaving safepoint region
[2019-12-09T01:43:47.009+0000][1][safepoint    ] Total time for which application threads were stopped: 0.0000993 seconds, Stopping threads took: 0.0000364 seconds
[2019-12-09T01:43:47.009+0000][1][safepoint    ] Application time: 0.0000493 seconds
[2019-12-09T01:43:47.009+0000][1][safepoint    ] Entering safepoint region: RevokeBias
[2019-12-09T01:43:47.009+0000][1][safepoint    ] Leaving safepoint region
[2019-12-09T01:43:47.009+0000][1][safepoint    ] Total time for which application threads were stopped: 0.0000444 seconds, Stopping threads took: 0.0000090 seconds
[2019-12-09T01:43:47.009+0000][1][safepoint    ] Application time: 0.0001736 seconds
[2019-12-09T01:43:47.009+0000][1][safepoint    ] Entering safepoint region: RevokeBias
[2019-12-09T01:43:47.009+0000][1][safepoint    ] Leaving safepoint region
[2019-12-09T01:43:47.009+0000][1][safepoint    ] Total time for which application threads were stopped: 0.0000562 seconds, Stopping threads took: 0.0000116 seconds
[2019-12-09T01:43:47.011+0000][1][safepoint    ] Application time: 0.0014857 seconds
[2019-12-09T01:43:47.011+0000][1][safepoint    ] Entering safepoint region: RevokeBias
[2019-12-09T01:43:47.011+0000][1][safepoint    ] Leaving safepoint region
[2019-12-09T01:43:47.011+0000][1][safepoint    ] Total time for which application threads were stopped: 0.0000772 seconds, Stopping threads took: 0.0000137 seconds
[2019-12-09T01:43:47.011+0000][1][safepoint    ] Application time: 0.0002637 seconds
[2019-12-09T01:43:47.011+0000][1][safepoint    ] Entering safepoint region: RevokeBias
[2019-12-09T01:43:47.011+0000][1][safepoint    ] Leaving safepoint region
[2019-12-09T01:43:47.011+0000][1][safepoint    ] Total time for which application threads were stopped: 0.0000517 seconds, Stopping threads took: 0.0000114 seconds
[2019-12-09T01:43:47.084+0000][1][safepoint    ] Application time: 0.0732608 seconds
[2019-12-09T01:43:47.084+0000][1][safepoint    ] Entering safepoint region: RevokeBias
[2019-12-09T01:43:47.084+0000][1][safepoint    ] Leaving safepoint region
[2019-12-09T01:43:47.084+0000][1][safepoint    ] Total time for which application threads were stopped: 0.0001016 seconds, Stopping threads took: 0.0000209 seconds
[2019-12-09T01:43:47.085+0000][1][safepoint    ] Application time: 0.0000678 seconds
[2019-12-09T01:43:47.085+0000][1][safepoint    ] Entering safepoint region: RevokeBias
[2019-12-09T01:43:47.085+0000][1][safepoint    ] Leaving safepoint region
[2019-12-09T01:43:47.085+0000][1][safepoint    ] Total time for which application threads were stopped: 0.0000640 seconds, Stopping threads took: 0.0000114 seconds
[2019-12-09T01:43:47.627+0000][1][safepoint    ] Application time: 0.5421880 seconds
[2019-12-09T01:43:47.627+0000][1][safepoint    ] Entering safepoint region: Deoptimize
[2019-12-09T01:43:47.628+0000][1][safepoint    ] Leaving safepoint region
[2019-12-09T01:43:47.628+0000][1][safepoint    ] Total time for which application threads were stopped: 0.0007381 seconds, Stopping threads took: 0.0000200 seconds
[2019-12-09T01:43:48.079+0000][1][safepoint    ] Application time: 0.4513895 seconds
[2019-12-09T01:43:48.079+0000][1][safepoint    ] Entering safepoint region: BulkRevokeBias
[2019-12-09T01:43:48.079+0000][1][safepoint    ] Leaving safepoint region
[2019-12-09T01:43:48.080+0000][1][safepoint    ] Total time for which application threads were stopped: 0.0004956 seconds, Stopping threads took: 0.0000193 seconds
[2019-12-09T01:43:48.080+0000][1][safepoint    ] Application time: 0.0000762 seconds
[2019-12-09T01:43:48.080+0000][1][safepoint    ] Entering safepoint region: RevokeBias
[2019-12-09T01:43:48.080+0000][1][safepoint    ] Leaving safepoint region
[2019-12-09T01:43:48.080+0000][1][safepoint    ] Total time for which application threads were stopped: 0.0000669 seconds, Stopping threads took: 0.0000110 seconds
[2019-12-09T01:43:48.173+0000][1][safepoint    ] Application time: 0.0936413 seconds
[2019-12-09T01:43:48.173+0000][1][safepoint    ] Entering safepoint region: RevokeBias
[2019-12-09T01:43:48.173+0000][1][safepoint    ] Leaving safepoint region
[2019-12-09T01:43:48.173+0000][1][safepoint    ] Total time for which application threads were stopped: 0.0000992 seconds, Stopping threads took: 0.0000199 seconds
[2019-12-09T01:43:48.174+0000][1][safepoint    ] Application time: 0.0000966 seconds
[2019-12-09T01:43:48.174+0000][1][safepoint    ] Entering safepoint region: BulkRevokeBias
[2019-12-09T01:43:48.174+0000][1][safepoint    ] Leaving safepoint region
[2019-12-09T01:43:48.174+0000][1][safepoint    ] Total time for which application threads were stopped: 0.0003868 seconds, Stopping threads took: 0.0000129 seconds
[2019-12-09T01:43:48.174+0000][1][safepoint    ] Application time: 0.0002951 seconds
[2019-12-09T01:43:48.174+0000][1][safepoint    ] Entering safepoint region: RevokeBias
[2019-12-09T01:43:48.174+0000][1][safepoint    ] Leaving safepoint region
[2019-12-09T01:43:48.174+0000][1][safepoint    ] Total time for which application threads were stopped: 0.0000652 seconds, Stopping threads took: 0.0000147 seconds
[2019-12-09T01:43:48.414+0000][1][safepoint    ] Application time: 0.2399828 seconds
[2019-12-09T01:43:48.414+0000][1][safepoint    ] Entering safepoint region: RevokeBias
[2019-12-09T01:43:48.414+0000][1][safepoint    ] Leaving safepoint region
[2019-12-09T01:43:48.414+0000][1][safepoint    ] Total time for which application threads were stopped: 0.0001188 seconds, Stopping threads took: 0.0000197 seconds
[2019-12-09T01:43:48.436+0000][1][safepoint    ] Application time: 0.0210784 seconds
[2019-12-09T01:43:48.436+0000][1][safepoint    ] Entering safepoint region: RevokeBias
[2019-12-09T01:43:48.436+0000][1][safepoint    ] Leaving safepoint region
[2019-12-09T01:43:48.436+0000][1][safepoint    ] Total time for which application threads were stopped: 0.0001105 seconds, Stopping threads took: 0.0000193 seconds
[2019-12-09T01:43:48.437+0000][1][safepoint    ] Application time: 0.0017290 seconds
[2019-12-09T01:43:48.437+0000][1][safepoint    ] Entering safepoint region: RevokeBias
[2019-12-09T01:43:48.438+0000][1][safepoint    ] Leaving safepoint region
[2019-12-09T01:43:48.438+0000][1][safepoint    ] Total time for which application threads were stopped: 0.0000780 seconds, Stopping threads took: 0.0000169 seconds
[2019-12-09T01:43:48.438+0000][1][safepoint    ] Application time: 0.0000800 seconds
[2019-12-09T01:43:48.438+0000][1][safepoint    ] Entering safepoint region: RevokeBias
[2019-12-09T01:43:48.438+0000][1][safepoint    ] Leaving safepoint region
[2019-12-09T01:43:48.438+0000][1][safepoint    ] Total time for which application threads were stopped: 0.0000658 seconds, Stopping threads took: 0.0000102 seconds
[2019-12-09T01:43:48.438+0000][1][safepoint    ] Application time: 0.0000558 seconds
[2019-12-09T01:43:48.438+0000][1][safepoint    ] Entering safepoint region: RevokeBias
[2019-12-09T01:43:48.438+0000][1][safepoint    ] Leaving safepoint region
[2019-12-09T01:43:48.438+0000][1][safepoint    ] Total time for which application threads were stopped: 0.0000449 seconds, Stopping threads took: 0.0000095 seconds
[2019-12-09T01:43:48.438+0000][1][safepoint    ] Application time: 0.0000521 seconds
[2019-12-09T01:43:48.438+0000][1][safepoint    ] Entering safepoint region: RevokeBias
[2019-12-09T01:43:48.438+0000][1][safepoint    ] Leaving safepoint region
[2019-12-09T01:43:48.438+0000][1][safepoint    ] Total time for which application threads were stopped: 0.0000418 seconds, Stopping threads took: 0.0000087 seconds
[2019-12-09T01:43:48.438+0000][1][safepoint    ] Application time: 0.0000511 seconds
[2019-12-09T01:43:48.438+0000][1][safepoint    ] Entering safepoint region: RevokeBias
[2019-12-09T01:43:48.438+0000][1][safepoint    ] Leaving safepoint region
[2019-12-09T01:43:48.438+0000][1][safepoint    ] Total time for which application threads were stopped: 0.0000403 seconds, Stopping threads took: 0.0000087 seconds
[2019-12-09T01:43:48.438+0000][1][safepoint    ] Application time: 0.0000583 seconds
[2019-12-09T01:43:48.438+0000][1][safepoint    ] Entering safepoint region: RevokeBias
[2019-12-09T01:43:48.438+0000][1][safepoint    ] Leaving safepoint region
[2019-12-09T01:43:48.438+0000][1][safepoint    ] Total time for which application threads were stopped: 0.0000359 seconds, Stopping threads took: 0.0000077 seconds
[2019-12-09T01:43:48.438+0000][1][safepoint    ] Application time: 0.0000448 seconds
[2019-12-09T01:43:48.438+0000][1][safepoint    ] Entering safepoint region: RevokeBias
[2019-12-09T01:43:48.438+0000][1][safepoint    ] Leaving safepoint region
[2019-12-09T01:43:48.438+0000][1][safepoint    ] Total time for which application threads were stopped: 0.0000331 seconds, Stopping threads took: 0.0000071 seconds
[2019-12-09T01:43:48.438+0000][1][safepoint    ] Application time: 0.0000433 seconds
[2019-12-09T01:43:48.438+0000][1][safepoint    ] Entering safepoint region: RevokeBias
[2019-12-09T01:43:48.438+0000][1][safepoint    ] Leaving safepoint region
[2019-12-09T01:43:48.438+0000][1][safepoint    ] Total time for which application threads were stopped: 0.0000330 seconds, Stopping threads took: 0.0000073 seconds
[2019-12-09T01:43:48.709+0000][1][safepoint    ] Application time: 0.2706340 seconds
[2019-12-09T01:43:48.709+0000][1][safepoint    ] Entering safepoint region: RevokeBias
[2019-12-09T01:43:48.709+0000][1][safepoint    ] Leaving safepoint region
[2019-12-09T01:43:48.709+0000][1][safepoint    ] Total time for which application threads were stopped: 0.0000945 seconds, Stopping threads took: 0.0000195 seconds
[2019-12-09T01:43:48.848+0000][1][safepoint    ] Application time: 0.1385270 seconds
[2019-12-09T01:43:48.848+0000][1][safepoint    ] Entering safepoint region: RevokeBias
[2019-12-09T01:43:48.848+0000][1][safepoint    ] Leaving safepoint region
[2019-12-09T01:43:48.848+0000][1][safepoint    ] Total time for which application threads were stopped: 0.0001298 seconds, Stopping threads took: 0.0000385 seconds
[2019-12-09T01:43:48.849+0000][1][safepoint    ] Application time: 0.0010470 seconds
[2019-12-09T01:43:48.849+0000][1][safepoint    ] Entering safepoint region: RevokeBias
[2019-12-09T01:43:48.849+0000][1][safepoint    ] Leaving safepoint region
[2019-12-09T01:43:48.849+0000][1][safepoint    ] Total time for which application threads were stopped: 0.0000887 seconds, Stopping threads took: 0.0000182 seconds
[2019-12-09T01:43:50.158+0000][1][safepoint    ] Application time: 1.3087866 seconds
[2019-12-09T01:43:50.158+0000][1][safepoint    ] Entering safepoint region: RevokeBias
[2019-12-09T01:43:50.158+0000][1][safepoint    ] Leaving safepoint region
[2019-12-09T01:43:50.158+0000][1][safepoint    ] Total time for which application threads were stopped: 0.0001165 seconds, Stopping threads took: 0.0000203 seconds
[2019-12-09T01:43:50.166+0000][1][safepoint    ] Application time: 0.0079233 seconds
[2019-12-09T01:43:50.166+0000][1][safepoint    ] Entering safepoint region: RevokeBias
[2019-12-09T01:43:50.166+0000][1][safepoint    ] Leaving safepoint region
[2019-12-09T01:43:50.166+0000][1][safepoint    ] Total time for which application threads were stopped: 0.0000770 seconds, Stopping threads took: 0.0000192 seconds
[2019-12-09T01:43:50.170+0000][1][safepoint    ] Application time: 0.0039303 seconds
[2019-12-09T01:43:50.170+0000][1][safepoint    ] Entering safepoint region: RevokeBias
[2019-12-09T01:43:50.170+0000][1][safepoint    ] Leaving safepoint region
[2019-12-09T01:43:50.170+0000][1][safepoint    ] Total time for which application threads were stopped: 0.0000666 seconds, Stopping threads took: 0.0000164 seconds
[2019-12-09T01:43:51.170+0000][1][safepoint    ] Application time: 1.0000896 seconds
[2019-12-09T01:43:51.170+0000][1][safepoint    ] Entering safepoint region: Cleanup
[2019-12-09T01:43:51.170+0000][1][safepoint    ] Leaving safepoint region
[2019-12-09T01:43:51.170+0000][1][safepoint    ] Total time for which application threads were stopped: 0.0001180 seconds, Stopping threads took: 0.0000262 seconds
[2019-12-09T01:43:52.175+0000][1][safepoint    ] Application time: 1.0052297 seconds
[2019-12-09T01:43:52.176+0000][1][safepoint    ] Entering safepoint region: Cleanup
[2019-12-09T01:43:52.176+0000][1][safepoint    ] Leaving safepoint region
[2019-12-09T01:43:52.176+0000][1][safepoint    ] Total time for which application threads were stopped: 0.0001080 seconds, Stopping threads took: 0.0000260 seconds
[2019-12-09T01:43:53.177+0000][1][safepoint    ] Application time: 1.0015914 seconds
[2019-12-09T01:43:53.177+0000][1][safepoint    ] Entering safepoint region: Cleanup
[2019-12-09T01:43:53.177+0000][1][safepoint    ] Leaving safepoint region
[2019-12-09T01:43:53.177+0000][1][safepoint    ] Total time for which application threads were stopped: 0.0001098 seconds, Stopping threads took: 0.0000251 seconds
[2019-12-09T01:43:54.177+0000][1][safepoint    ] Application time: 1.0000867 seconds
[2019-12-09T01:43:54.178+0000][1][safepoint    ] Entering safepoint region: Cleanup
[2019-12-09T01:43:54.178+0000][1][safepoint    ] Leaving safepoint region
[2019-12-09T01:43:54.178+0000][1][safepoint    ] Total time for which application threads were stopped: 0.0001156 seconds, Stopping threads took: 0.0000372 seconds
[2019-12-09T01:43:55.181+0000][1][safepoint    ] Application time: 1.0030532 seconds
[2019-12-09T01:43:55.181+0000][1][safepoint    ] Entering safepoint region: Cleanup
[2019-12-09T01:43:55.181+0000][1][safepoint    ] Leaving safepoint region
[2019-12-09T01:43:55.181+0000][1][safepoint    ] Total time for which application threads were stopped: 0.0001124 seconds, Stopping threads took: 0.0000271 seconds
[2019-12-09T01:43:56.182+0000][1][safepoint    ] Application time: 1.0008555 seconds
[2019-12-09T01:43:56.182+0000][1][safepoint    ] Entering safepoint region: Cleanup
[2019-12-09T01:43:56.182+0000][1][safepoint    ] Leaving safepoint region
[2019-12-09T01:43:56.182+0000][1][safepoint    ] Total time for which application threads were stopped: 0.0001097 seconds, Stopping threads took: 0.0000258 seconds
[2019-12-09T01:43:57.183+0000][1][safepoint    ] Application time: 1.0008124 seconds
[2019-12-09T01:43:57.183+0000][1][safepoint    ] Entering safepoint region: Cleanup
[2019-12-09T01:43:57.183+0000][1][safepoint    ] Leaving safepoint region
[2019-12-09T01:43:57.183+0000][1][safepoint    ] Total time for which application threads were stopped: 0.0001164 seconds, Stopping threads took: 0.0000289 seconds
[2019-12-09T01:43:57.437+0000][1][safepoint    ] Application time: 0.2544063 seconds
[2019-12-09T01:43:57.437+0000][1][safepoint    ] Entering safepoint region: GenCollectForAllocation
[2019-12-09T01:43:57.437+0000][1][gc,start     ] GC(24) Pause Young (Allocation Failure)
[2019-12-09T01:43:57.438+0000][1][gc,task      ] GC(24) Using 2 workers of 2 for evacuation
[2019-12-09T01:43:57.522+0000][1][gc,age       ] GC(24) Desired survivor size 4456448 bytes, new threshold 2 (max threshold 6)
[2019-12-09T01:43:57.522+0000][1][gc,age       ] GC(24) Age table with threshold 2 (max threshold 6)
[2019-12-09T01:43:57.522+0000][1][gc,age       ] GC(24) - age   1:    1971928 bytes,    1971928 total
[2019-12-09T01:43:57.522+0000][1][gc,age       ] GC(24) - age   2:    3545600 bytes,    5517528 total
[2019-12-09T01:43:57.522+0000][1][gc,heap      ] GC(24) ParNew: 78656K->6956K(78656K)
[2019-12-09T01:43:57.522+0000][1][gc,heap      ] GC(24) CMS: 60055K->64175K(174784K)
[2019-12-09T01:43:57.522+0000][1][gc,metaspace ] GC(24) Metaspace: 68240K->68240K(1112064K)
[2019-12-09T01:43:57.522+0000][1][gc           ] GC(24) Pause Young (Allocation Failure) 135M->69M(247M) 84.718ms
[2019-12-09T01:43:57.522+0000][1][gc,cpu       ] GC(24) User=0.05s Sys=0.00s Real=0.08s
[2019-12-09T01:43:57.522+0000][1][safepoint    ] Leaving safepoint region
[2019-12-09T01:43:57.522+0000][1][safepoint    ] Total time for which application threads were stopped: 0.0849210 seconds, Stopping threads took: 0.0000232 seconds
[2019-12-09T01:43:58.530+0000][1][safepoint    ] Application time: 1.0074342 seconds
[2019-12-09T01:43:58.530+0000][1][safepoint    ] Entering safepoint region: Cleanup
[2019-12-09T01:43:58.530+0000][1][safepoint    ] Leaving safepoint region
[2019-12-09T01:43:58.530+0000][1][safepoint    ] Total time for which application threads were stopped: 0.0001084 seconds, Stopping threads took: 0.0000274 seconds
[2019-12-09T01:43:59.531+0000][1][safepoint    ] Application time: 1.0008372 seconds
[2019-12-09T01:43:59.531+0000][1][safepoint    ] Entering safepoint region: Cleanup
[2019-12-09T01:43:59.531+0000][1][safepoint    ] Leaving safepoint region
[2019-12-09T01:43:59.531+0000][1][safepoint    ] Total time for which application threads were stopped: 0.0001129 seconds, Stopping threads took: 0.0000253 seconds
[2019-12-09T01:44:00.534+0000][1][safepoint    ] Application time: 1.0028298 seconds
[2019-12-09T01:44:00.534+0000][1][safepoint    ] Entering safepoint region: Cleanup
[2019-12-09T01:44:00.534+0000][1][safepoint    ] Leaving safepoint region
[2019-12-09T01:44:00.534+0000][1][safepoint    ] Total time for which application threads were stopped: 0.0001002 seconds, Stopping threads took: 0.0000264 seconds
[2019-12-09T01:44:01.541+0000][1][safepoint    ] Application time: 1.0068705 seconds
[2019-12-09T01:44:01.541+0000][1][safepoint    ] Entering safepoint region: Cleanup
[2019-12-09T01:44:01.541+0000][1][safepoint    ] Leaving safepoint region
[2019-12-09T01:44:01.541+0000][1][safepoint    ] Total time for which application threads were stopped: 0.0000906 seconds, Stopping threads took: 0.0000227 seconds
[2019-12-09T01:44:02.541+0000][1][safepoint    ] Application time: 1.0000836 seconds
[2019-12-09T01:44:02.546+0000][1][safepoint    ] Entering safepoint region: Cleanup
[2019-12-09T01:44:02.546+0000][1][safepoint    ] Leaving safepoint region
[2019-12-09T01:44:02.546+0000][1][safepoint    ] Total time for which application threads were stopped: 0.0048626 seconds, Stopping threads took: 0.0047635 seconds
[2019-12-09T01:44:03.547+0000][1][safepoint    ] Application time: 1.0008355 seconds
[2019-12-09T01:44:03.547+0000][1][safepoint    ] Entering safepoint region: Cleanup
[2019-12-09T01:44:03.547+0000][1][safepoint    ] Leaving safepoint region
[2019-12-09T01:44:03.547+0000][1][safepoint    ] Total time for which application threads were stopped: 0.0000993 seconds, Stopping threads took: 0.0000247 seconds
[2019-12-09T01:44:04.548+0000][1][safepoint    ] Application time: 1.0010543 seconds
[2019-12-09T01:44:04.548+0000][1][safepoint    ] Entering safepoint region: Cleanup
[2019-12-09T01:44:04.548+0000][1][safepoint    ] Leaving safepoint region
[2019-12-09T01:44:04.548+0000][1][safepoint    ] Total time for which application threads were stopped: 0.0001093 seconds, Stopping threads took: 0.0000255 seconds
[2019-12-09T01:44:05.549+0000][1][safepoint    ] Application time: 1.0007486 seconds
[2019-12-09T01:44:05.549+0000][1][safepoint    ] Entering safepoint region: Cleanup
[2019-12-09T01:44:05.549+0000][1][safepoint    ] Leaving safepoint region
[2019-12-09T01:44:05.549+0000][1][safepoint    ] Total time for which application threads were stopped: 0.0001115 seconds, Stopping threads took: 0.0000264 seconds
[2019-12-09T01:44:06.552+0000][1][safepoint    ] Application time: 1.0028599 seconds
[2019-12-09T01:44:06.552+0000][1][safepoint    ] Entering safepoint region: Cleanup
[2019-12-09T01:44:06.552+0000][1][safepoint    ] Leaving safepoint region
[2019-12-09T01:44:06.552+0000][1][safepoint    ] Total time for which application threads were stopped: 0.0001258 seconds, Stopping threads took: 0.0000282 seconds
[2019-12-09T01:44:07.556+0000][1][safepoint    ] Application time: 1.0037107 seconds
[2019-12-09T01:44:07.556+0000][1][safepoint    ] Entering safepoint region: Cleanup
[2019-12-09T01:44:07.556+0000][1][safepoint    ] Leaving safepoint region
[2019-12-09T01:44:07.556+0000][1][safepoint    ] Total time for which application threads were stopped: 0.0001074 seconds, Stopping threads took: 0.0000265 seconds
[2019-12-09T01:44:08.557+0000][1][safepoint    ] Application time: 1.0008206 seconds
[2019-12-09T01:44:08.557+0000][1][safepoint    ] Entering safepoint region: Cleanup
[2019-12-09T01:44:08.557+0000][1][safepoint    ] Leaving safepoint region
[2019-12-09T01:44:08.557+0000][1][safepoint    ] Total time for which application threads were stopped: 0.0001333 seconds, Stopping threads took: 0.0000277 seconds
[2019-12-09T01:44:09.561+0000][1][safepoint    ] Application time: 1.0038103 seconds
[2019-12-09T01:44:09.561+0000][1][safepoint    ] Entering safepoint region: Cleanup
[2019-12-09T01:44:09.561+0000][1][safepoint    ] Leaving safepoint region
[2019-12-09T01:44:09.561+0000][1][safepoint    ] Total time for which application threads were stopped: 0.0001098 seconds, Stopping threads took: 0.0000261 seconds
[2019-12-09T01:44:10.564+0000][1][safepoint    ] Application time: 1.0028465 seconds
[2019-12-09T01:44:10.564+0000][1][safepoint    ] Entering safepoint region: Cleanup
[2019-12-09T01:44:10.564+0000][1][safepoint    ] Leaving safepoint region
[2019-12-09T01:44:10.564+0000][1][safepoint    ] Total time for which application threads were stopped: 0.0001177 seconds, Stopping threads took: 0.0000269 seconds
[2019-12-09T01:44:11.566+0000][1][safepoint    ] Application time: 1.0020401 seconds
[2019-12-09T01:44:11.566+0000][1][safepoint    ] Entering safepoint region: Cleanup
[2019-12-09T01:44:11.566+0000][1][safepoint    ] Leaving safepoint region
[2019-12-09T01:44:11.566+0000][1][safepoint    ] Total time for which application threads were stopped: 0.0001078 seconds, Stopping threads took: 0.0000257 seconds
[2019-12-09T01:44:12.567+0000][1][safepoint    ] Application time: 1.0005986 seconds
[2019-12-09T01:44:12.567+0000][1][safepoint    ] Entering safepoint region: Cleanup
[2019-12-09T01:44:12.567+0000][1][safepoint    ] Leaving safepoint region
[2019-12-09T01:44:12.567+0000][1][safepoint    ] Total time for which application threads were stopped: 0.0001002 seconds, Stopping threads took: 0.0000224 seconds
[2019-12-09T01:44:13.568+0000][1][safepoint    ] Application time: 1.0008446 seconds
[2019-12-09T01:44:13.568+0000][1][safepoint    ] Entering safepoint region: Cleanup
[2019-12-09T01:44:13.568+0000][1][safepoint    ] Leaving safepoint region
[2019-12-09T01:44:13.568+0000][1][safepoint    ] Total time for which application threads were stopped: 0.0001123 seconds, Stopping threads took: 0.0000263 seconds
[2019-12-09T01:44:14.570+0000][1][safepoint    ] Application time: 1.0018430 seconds
[2019-12-09T01:44:14.570+0000][1][safepoint    ] Entering safepoint region: Cleanup
[2019-12-09T01:44:14.570+0000][1][safepoint    ] Leaving safepoint region
[2019-12-09T01:44:14.570+0000][1][safepoint    ] Total time for which application threads were stopped: 0.0001063 seconds, Stopping threads took: 0.0000239 seconds
[2019-12-09T01:44:15.570+0000][1][safepoint    ] Application time: 1.0000813 seconds
[2019-12-09T01:44:15.570+0000][1][safepoint    ] Entering safepoint region: Cleanup
[2019-12-09T01:44:15.570+0000][1][safepoint    ] Leaving safepoint region
[2019-12-09T01:44:15.570+0000][1][safepoint    ] Total time for which application threads were stopped: 0.0001011 seconds, Stopping threads took: 0.0000220 seconds
[2019-12-09T01:44:16.570+0000][1][safepoint    ] Application time: 1.0000756 seconds
[2019-12-09T01:44:16.570+0000][1][safepoint    ] Entering safepoint region: Cleanup
[2019-12-09T01:44:16.570+0000][1][safepoint    ] Leaving safepoint region
[2019-12-09T01:44:16.570+0000][1][safepoint    ] Total time for which application threads were stopped: 0.0000764 seconds, Stopping threads took: 0.0000166 seconds
[2019-12-09T01:44:17.574+0000][1][safepoint    ] Application time: 1.0034087 seconds
[2019-12-09T01:44:17.575+0000][1][safepoint    ] Entering safepoint region: Cleanup
[2019-12-09T01:44:17.575+0000][1][safepoint    ] Leaving safepoint region
[2019-12-09T01:44:17.575+0000][1][safepoint    ] Total time for which application threads were stopped: 0.0015292 seconds, Stopping threads took: 0.0014441 seconds
[2019-12-09T01:44:18.575+0000][1][safepoint    ] Application time: 1.0001656 seconds
[2019-12-09T01:44:18.576+0000][1][safepoint    ] Entering safepoint region: Cleanup
[2019-12-09T01:44:18.576+0000][1][safepoint    ] Leaving safepoint region
[2019-12-09T01:44:18.576+0000][1][safepoint    ] Total time for which application threads were stopped: 0.0001091 seconds, Stopping threads took: 0.0000241 seconds
[2019-12-09T01:44:19.576+0000][1][safepoint    ] Application time: 1.0000860 seconds
[2019-12-09T01:44:19.576+0000][1][safepoint    ] Entering safepoint region: Cleanup
[2019-12-09T01:44:19.576+0000][1][safepoint    ] Leaving safepoint region
[2019-12-09T01:44:19.576+0000][1][safepoint    ] Total time for which application threads were stopped: 0.0000715 seconds, Stopping threads took: 0.0000161 seconds
[2019-12-09T01:44:20.576+0000][1][safepoint    ] Application time: 1.0000767 seconds
[2019-12-09T01:44:20.576+0000][1][safepoint    ] Entering safepoint region: Cleanup
[2019-12-09T01:44:20.576+0000][1][safepoint    ] Leaving safepoint region
[2019-12-09T01:44:20.576+0000][1][safepoint    ] Total time for which application threads were stopped: 0.0000801 seconds, Stopping threads took: 0.0000188 seconds
[2019-12-09T01:44:21.576+0000][1][safepoint    ] Application time: 1.0000734 seconds
[2019-12-09T01:44:21.576+0000][1][safepoint    ] Entering safepoint region: Cleanup
[2019-12-09T01:44:21.576+0000][1][safepoint    ] Leaving safepoint region
[2019-12-09T01:44:21.576+0000][1][safepoint    ] Total time for which application threads were stopped: 0.0000820 seconds, Stopping threads took: 0.0000185 seconds
[2019-12-09T01:44:22.576+0000][1][safepoint    ] Application time: 1.0000791 seconds
[2019-12-09T01:44:22.576+0000][1][safepoint    ] Entering safepoint region: Cleanup
[2019-12-09T01:44:22.576+0000][1][safepoint    ] Leaving safepoint region
[2019-12-09T01:44:22.576+0000][1][safepoint    ] Total time for which application threads were stopped: 0.0001105 seconds, Stopping threads took: 0.0000214 seconds
[2019-12-09T01:44:23.577+0000][1][safepoint    ] Application time: 1.0000830 seconds
[2019-12-09T01:44:23.577+0000][1][safepoint    ] Entering safepoint region: Cleanup
[2019-12-09T01:44:23.577+0000][1][safepoint    ] Leaving safepoint region
[2019-12-09T01:44:23.577+0000][1][safepoint    ] Total time for which application threads were stopped: 0.0001066 seconds, Stopping threads took: 0.0000230 seconds
[2019-12-09T01:44:24.577+0000][1][safepoint    ] Application time: 1.0000751 seconds
[2019-12-09T01:44:24.577+0000][1][safepoint    ] Entering safepoint region: Cleanup
[2019-12-09T01:44:24.577+0000][1][safepoint    ] Leaving safepoint region
[2019-12-09T01:44:24.577+0000][1][safepoint    ] Total time for which application threads were stopped: 0.0000953 seconds, Stopping threads took: 0.0000179 seconds
[2019-12-09T01:44:25.577+0000][1][safepoint    ] Application time: 1.0000785 seconds
[2019-12-09T01:44:25.577+0000][1][safepoint    ] Entering safepoint region: Cleanup
[2019-12-09T01:44:25.577+0000][1][safepoint    ] Leaving safepoint region
[2019-12-09T01:44:25.577+0000][1][safepoint    ] Total time for which application threads were stopped: 0.0000823 seconds, Stopping threads took: 0.0000163 seconds
[2019-12-09T01:44:26.577+0000][1][safepoint    ] Application time: 1.0000766 seconds
[2019-12-09T01:44:26.577+0000][1][safepoint    ] Entering safepoint region: Cleanup
[2019-12-09T01:44:26.577+0000][1][safepoint    ] Leaving safepoint region
[2019-12-09T01:44:26.577+0000][1][safepoint    ] Total time for which application threads were stopped: 0.0000756 seconds, Stopping threads took: 0.0000175 seconds
[2019-12-09T01:44:27.578+0000][1][safepoint    ] Application time: 1.0005369 seconds
[2019-12-09T01:44:27.578+0000][1][safepoint    ] Entering safepoint region: Cleanup
[2019-12-09T01:44:27.578+0000][1][safepoint    ] Leaving safepoint region
[2019-12-09T01:44:27.578+0000][1][safepoint    ] Total time for which application threads were stopped: 0.0000884 seconds, Stopping threads took: 0.0000222 seconds
[2019-12-09T01:44:28.581+0000][1][safepoint    ] Application time: 1.0031148 seconds
[2019-12-09T01:44:28.581+0000][1][safepoint    ] Entering safepoint region: Cleanup
[2019-12-09T01:44:28.581+0000][1][safepoint    ] Leaving safepoint region
[2019-12-09T01:44:28.581+0000][1][safepoint    ] Total time for which application threads were stopped: 0.0001117 seconds, Stopping threads took: 0.0000229 seconds
[2019-12-09T01:44:29.581+0000][1][safepoint    ] Application time: 1.0000800 seconds
[2019-12-09T01:44:29.581+0000][1][safepoint    ] Entering safepoint region: Cleanup
[2019-12-09T01:44:29.581+0000][1][safepoint    ] Leaving safepoint region
[2019-12-09T01:44:29.581+0000][1][safepoint    ] Total time for which application threads were stopped: 0.0001079 seconds, Stopping threads took: 0.0000291 seconds
[2019-12-09T01:44:30.582+0000][1][safepoint    ] Application time: 1.0000766 seconds
[2019-12-09T01:44:30.582+0000][1][safepoint    ] Entering safepoint region: Cleanup
[2019-12-09T01:44:30.582+0000][1][safepoint    ] Leaving safepoint region
[2019-12-09T01:44:30.582+0000][1][safepoint    ] Total time for which application threads were stopped: 0.0000973 seconds, Stopping threads took: 0.0000223 seconds
[2019-12-09T01:44:31.582+0000][1][safepoint    ] Application time: 1.0000769 seconds
[2019-12-09T01:44:31.582+0000][1][safepoint    ] Entering safepoint region: Cleanup
[2019-12-09T01:44:31.582+0000][1][safepoint    ] Leaving safepoint region
[2019-12-09T01:44:31.582+0000][1][safepoint    ] Total time for which application threads were stopped: 0.0001003 seconds, Stopping threads took: 0.0000223 seconds
[2019-12-09T01:44:32.582+0000][1][safepoint    ] Application time: 1.0000838 seconds
[2019-12-09T01:44:32.582+0000][1][safepoint    ] Entering safepoint region: Cleanup
[2019-12-09T01:44:32.582+0000][1][safepoint    ] Leaving safepoint region
[2019-12-09T01:44:32.582+0000][1][safepoint    ] Total time for which application threads were stopped: 0.0000921 seconds, Stopping threads took: 0.0000303 seconds
[2019-12-09T01:44:33.582+0000][1][safepoint    ] Application time: 1.0000989 seconds
[2019-12-09T01:44:33.582+0000][1][safepoint    ] Entering safepoint region: Cleanup
[2019-12-09T01:44:33.582+0000][1][safepoint    ] Leaving safepoint region
[2019-12-09T01:44:33.582+0000][1][safepoint    ] Total time for which application threads were stopped: 0.0001210 seconds, Stopping threads took: 0.0000329 seconds
[2019-12-09T01:44:34.582+0000][1][safepoint    ] Application time: 1.0000814 seconds
[2019-12-09T01:44:34.582+0000][1][safepoint    ] Entering safepoint region: Cleanup
[2019-12-09T01:44:34.583+0000][1][safepoint    ] Leaving safepoint region
[2019-12-09T01:44:34.583+0000][1][safepoint    ] Total time for which application threads were stopped: 0.0000966 seconds, Stopping threads took: 0.0000276 seconds
[2019-12-09T01:44:35.583+0000][1][safepoint    ] Application time: 1.0000813 seconds
[2019-12-09T01:44:35.583+0000][1][safepoint    ] Entering safepoint region: Cleanup
[2019-12-09T01:44:35.583+0000][1][safepoint    ] Leaving safepoint region
[2019-12-09T01:44:35.583+0000][1][safepoint    ] Total time for which application threads were stopped: 0.0000763 seconds, Stopping threads took: 0.0000173 seconds
[2019-12-09T01:44:36.583+0000][1][safepoint    ] Application time: 1.0000732 seconds
[2019-12-09T01:44:36.583+0000][1][safepoint    ] Entering safepoint region: Cleanup
[2019-12-09T01:44:36.583+0000][1][safepoint    ] Leaving safepoint region
[2019-12-09T01:44:36.583+0000][1][safepoint    ] Total time for which application threads were stopped: 0.0000787 seconds, Stopping threads took: 0.0000174 seconds
[2019-12-09T01:44:37.583+0000][1][safepoint    ] Application time: 1.0000786 seconds
[2019-12-09T01:44:37.583+0000][1][safepoint    ] Entering safepoint region: Cleanup
[2019-12-09T01:44:37.583+0000][1][safepoint    ] Leaving safepoint region
[2019-12-09T01:44:37.583+0000][1][safepoint    ] Total time for which application threads were stopped: 0.0001052 seconds, Stopping threads took: 0.0000224 seconds
[2019-12-09T01:44:38.583+0000][1][safepoint    ] Application time: 1.0000756 seconds
[2019-12-09T01:44:38.583+0000][1][safepoint    ] Entering safepoint region: Cleanup
[2019-12-09T01:44:38.583+0000][1][safepoint    ] Leaving safepoint region
[2019-12-09T01:44:38.583+0000][1][safepoint    ] Total time for which application threads were stopped: 0.0000745 seconds, Stopping threads took: 0.0000156 seconds
[2019-12-09T01:44:39.583+0000][1][safepoint    ] Application time: 1.0000735 seconds
[2019-12-09T01:44:39.584+0000][1][safepoint    ] Entering safepoint region: Cleanup
[2019-12-09T01:44:39.584+0000][1][safepoint    ] Leaving safepoint region
[2019-12-09T01:44:39.584+0000][1][safepoint    ] Total time for which application threads were stopped: 0.0000839 seconds, Stopping threads took: 0.0000168 seconds
[2019-12-09T01:44:40.584+0000][1][safepoint    ] Application time: 1.0000748 seconds
[2019-12-09T01:44:40.584+0000][1][safepoint    ] Entering safepoint region: Cleanup
[2019-12-09T01:44:40.584+0000][1][safepoint    ] Leaving safepoint region
[2019-12-09T01:44:40.584+0000][1][safepoint    ] Total time for which application threads were stopped: 0.0000868 seconds, Stopping threads took: 0.0000279 seconds
[2019-12-09T01:44:41.584+0000][1][safepoint    ] Application time: 1.0000737 seconds
[2019-12-09T01:44:41.584+0000][1][safepoint    ] Entering safepoint region: Cleanup
[2019-12-09T01:44:41.584+0000][1][safepoint    ] Leaving safepoint region
[2019-12-09T01:44:41.584+0000][1][safepoint    ] Total time for which application threads were stopped: 0.0000782 seconds, Stopping threads took: 0.0000170 seconds
[2019-12-09T01:44:42.584+0000][1][safepoint    ] Application time: 1.0000784 seconds
[2019-12-09T01:44:42.584+0000][1][safepoint    ] Entering safepoint region: Cleanup
[2019-12-09T01:44:42.584+0000][1][safepoint    ] Leaving safepoint region
[2019-12-09T01:44:42.584+0000][1][safepoint    ] Total time for which application threads were stopped: 0.0001414 seconds, Stopping threads took: 0.0000739 seconds
[2019-12-09T01:44:43.584+0000][1][safepoint    ] Application time: 1.0000837 seconds
[2019-12-09T01:44:43.584+0000][1][safepoint    ] Entering safepoint region: Cleanup
[2019-12-09T01:44:43.584+0000][1][safepoint    ] Leaving safepoint region
[2019-12-09T01:44:43.584+0000][1][safepoint    ] Total time for which application threads were stopped: 0.0000752 seconds, Stopping threads took: 0.0000156 seconds
[2019-12-09T01:44:44.585+0000][1][safepoint    ] Application time: 1.0000799 seconds
[2019-12-09T01:44:44.585+0000][1][safepoint    ] Entering safepoint region: Cleanup
[2019-12-09T01:44:44.585+0000][1][safepoint    ] Leaving safepoint region
[2019-12-09T01:44:44.585+0000][1][safepoint    ] Total time for which application threads were stopped: 0.0000879 seconds, Stopping threads took: 0.0000212 seconds
[2019-12-09T01:44:45.585+0000][1][safepoint    ] Application time: 1.0000802 seconds
[2019-12-09T01:44:45.585+0000][1][safepoint    ] Entering safepoint region: Cleanup
[2019-12-09T01:44:45.585+0000][1][safepoint    ] Leaving safepoint region
[2019-12-09T01:44:45.585+0000][1][safepoint    ] Total time for which application threads were stopped: 0.0000852 seconds, Stopping threads took: 0.0000160 seconds
[2019-12-09T01:44:47.585+0000][1][safepoint    ] Application time: 2.0001398 seconds
[2019-12-09T01:44:47.585+0000][1][safepoint    ] Entering safepoint region: Cleanup
[2019-12-09T01:44:47.585+0000][1][safepoint    ] Leaving safepoint region
[2019-12-09T01:44:47.585+0000][1][safepoint    ] Total time for which application threads were stopped: 0.0000718 seconds, Stopping threads took: 0.0000144 seconds
[2019-12-09T01:44:48.585+0000][1][safepoint    ] Application time: 1.0000784 seconds
[2019-12-09T01:44:48.585+0000][1][safepoint    ] Entering safepoint region: Cleanup
[2019-12-09T01:44:48.585+0000][1][safepoint    ] Leaving safepoint region
[2019-12-09T01:44:48.585+0000][1][safepoint    ] Total time for which application threads were stopped: 0.0000729 seconds, Stopping threads took: 0.0000151 seconds
[2019-12-09T01:44:51.586+0000][1][safepoint    ] Application time: 3.0002534 seconds
[2019-12-09T01:44:51.586+0000][1][safepoint    ] Entering safepoint region: Cleanup
[2019-12-09T01:44:51.586+0000][1][safepoint    ] Leaving safepoint region
[2019-12-09T01:44:51.586+0000][1][safepoint    ] Total time for which application threads were stopped: 0.0000725 seconds, Stopping threads took: 0.0000152 seconds
[2019-12-09T01:44:54.586+0000][1][safepoint    ] Application time: 3.0002203 seconds
[2019-12-09T01:44:54.586+0000][1][safepoint    ] Entering safepoint region: Cleanup
[2019-12-09T01:44:54.586+0000][1][safepoint    ] Leaving safepoint region
[2019-12-09T01:44:54.586+0000][1][safepoint    ] Total time for which application threads were stopped: 0.0000775 seconds, Stopping threads took: 0.0000202 seconds
[2019-12-09T01:44:56.586+0000][1][safepoint    ] Application time: 2.0001501 seconds
[2019-12-09T01:44:56.586+0000][1][safepoint    ] Entering safepoint region: Cleanup
[2019-12-09T01:44:56.586+0000][1][safepoint    ] Leaving safepoint region
[2019-12-09T01:44:56.586+0000][1][safepoint    ] Total time for which application threads were stopped: 0.0000717 seconds, Stopping threads took: 0.0000144 seconds
[2019-12-09T01:44:57.586+0000][1][safepoint    ] Application time: 1.0000771 seconds
[2019-12-09T01:44:57.586+0000][1][safepoint    ] Entering safepoint region: Cleanup
[2019-12-09T01:44:57.586+0000][1][safepoint    ] Leaving safepoint region
[2019-12-09T01:44:57.586+0000][1][safepoint    ] Total time for which application threads were stopped: 0.0000712 seconds, Stopping threads took: 0.0000155 seconds
[2019-12-09T01:44:59.587+0000][1][safepoint    ] Application time: 2.0001435 seconds
[2019-12-09T01:44:59.587+0000][1][safepoint    ] Entering safepoint region: Cleanup
[2019-12-09T01:44:59.587+0000][1][safepoint    ] Leaving safepoint region
[2019-12-09T01:44:59.587+0000][1][safepoint    ] Total time for which application threads were stopped: 0.0000850 seconds, Stopping threads took: 0.0000153 seconds
[2019-12-09T01:45:00.587+0000][1][safepoint    ] Application time: 1.0000757 seconds
[2019-12-09T01:45:00.587+0000][1][safepoint    ] Entering safepoint region: Cleanup
[2019-12-09T01:45:00.587+0000][1][safepoint    ] Leaving safepoint region
[2019-12-09T01:45:00.587+0000][1][safepoint    ] Total time for which application threads were stopped: 0.0000751 seconds, Stopping threads took: 0.0000141 seconds
[2019-12-09T01:45:02.587+0000][1][safepoint    ] Application time: 2.0001045 seconds
[2019-12-09T01:45:02.587+0000][1][safepoint    ] Entering safepoint region: Cleanup
[2019-12-09T01:45:02.587+0000][1][safepoint    ] Leaving safepoint region
[2019-12-09T01:45:02.587+0000][1][safepoint    ] Total time for which application threads were stopped: 0.0000757 seconds, Stopping threads took: 0.0000211 seconds
[2019-12-09T01:45:03.587+0000][1][safepoint    ] Application time: 1.0000759 seconds
[2019-12-09T01:45:03.587+0000][1][safepoint    ] Entering safepoint region: Cleanup
[2019-12-09T01:45:03.587+0000][1][safepoint    ] Leaving safepoint region
[2019-12-09T01:45:03.587+0000][1][safepoint    ] Total time for which application threads were stopped: 0.0000713 seconds, Stopping threads took: 0.0000160 seconds
[2019-12-09T01:45:05.587+0000][1][safepoint    ] Application time: 2.0001505 seconds
[2019-12-09T01:45:05.587+0000][1][safepoint    ] Entering safepoint region: Cleanup
[2019-12-09T01:45:05.588+0000][1][safepoint    ] Leaving safepoint region
[2019-12-09T01:45:05.588+0000][1][safepoint    ] Total time for which application threads were stopped: 0.0001068 seconds, Stopping threads took: 0.0000215 seconds
[2019-12-09T01:45:07.588+0000][1][safepoint    ] Application time: 2.0001600 seconds
[2019-12-09T01:45:07.588+0000][1][safepoint    ] Entering safepoint region: Cleanup
[2019-12-09T01:45:07.588+0000][1][safepoint    ] Leaving safepoint region
[2019-12-09T01:45:07.588+0000][1][safepoint    ] Total time for which application threads were stopped: 0.0000857 seconds, Stopping threads took: 0.0000130 seconds
[2019-12-09T01:45:08.588+0000][1][safepoint    ] Application time: 1.0000773 seconds
[2019-12-09T01:45:08.588+0000][1][safepoint    ] Entering safepoint region: Cleanup
[2019-12-09T01:45:08.588+0000][1][safepoint    ] Leaving safepoint region
[2019-12-09T01:45:08.588+0000][1][safepoint    ] Total time for which application threads were stopped: 0.0000731 seconds, Stopping threads took: 0.0000155 seconds
[2019-12-09T01:45:10.588+0000][1][safepoint    ] Application time: 2.0001625 seconds
[2019-12-09T01:45:10.588+0000][1][safepoint    ] Entering safepoint region: Cleanup
[2019-12-09T01:45:10.588+0000][1][safepoint    ] Leaving safepoint region
[2019-12-09T01:45:10.588+0000][1][safepoint    ] Total time for which application threads were stopped: 0.0001132 seconds, Stopping threads took: 0.0000536 seconds
[2019-12-09T01:45:11.588+0000][1][safepoint    ] Application time: 1.0000854 seconds
[2019-12-09T01:45:11.589+0000][1][safepoint    ] Entering safepoint region: Cleanup
[2019-12-09T01:45:11.589+0000][1][safepoint    ] Leaving safepoint region
[2019-12-09T01:45:11.589+0000][1][safepoint    ] Total time for which application threads were stopped: 0.0000799 seconds, Stopping threads took: 0.0000143 seconds
[2019-12-09T01:45:12.589+0000][1][safepoint    ] Application time: 1.0007373 seconds
[2019-12-09T01:45:12.589+0000][1][safepoint    ] Entering safepoint region: Cleanup
[2019-12-09T01:45:12.589+0000][1][safepoint    ] Leaving safepoint region
[2019-12-09T01:45:12.589+0000][1][safepoint    ] Total time for which application threads were stopped: 0.0001037 seconds, Stopping threads took: 0.0000234 seconds
[2019-12-09T01:45:15.590+0000][1][safepoint    ] Application time: 3.0002104 seconds
[2019-12-09T01:45:15.590+0000][1][safepoint    ] Entering safepoint region: Cleanup
[2019-12-09T01:45:15.590+0000][1][safepoint    ] Leaving safepoint region
[2019-12-09T01:45:15.590+0000][1][safepoint    ] Total time for which application threads were stopped: 0.0000792 seconds, Stopping threads took: 0.0000182 seconds
[2019-12-09T01:45:16.590+0000][1][safepoint    ] Application time: 1.0000762 seconds
[2019-12-09T01:45:16.590+0000][1][safepoint    ] Entering safepoint region: Cleanup
[2019-12-09T01:45:16.590+0000][1][safepoint    ] Leaving safepoint region
[2019-12-09T01:45:16.590+0000][1][safepoint    ] Total time for which application threads were stopped: 0.0000816 seconds, Stopping threads took: 0.0000166 seconds
[2019-12-09T01:45:21.590+0000][1][safepoint    ] Application time: 5.0003723 seconds
[2019-12-09T01:45:21.590+0000][1][safepoint    ] Entering safepoint region: Cleanup
[2019-12-09T01:45:21.590+0000][1][safepoint    ] Leaving safepoint region
[2019-12-09T01:45:21.590+0000][1][safepoint    ] Total time for which application threads were stopped: 0.0000833 seconds, Stopping threads took: 0.0000175 seconds
[2019-12-09T01:45:23.591+0000][1][safepoint    ] Application time: 2.0001380 seconds
[2019-12-09T01:45:23.591+0000][1][safepoint    ] Entering safepoint region: Cleanup
[2019-12-09T01:45:23.591+0000][1][safepoint    ] Leaving safepoint region
[2019-12-09T01:45:23.591+0000][1][safepoint    ] Total time for which application threads were stopped: 0.0000884 seconds, Stopping threads took: 0.0000267 seconds
[2019-12-09T01:45:25.591+0000][1][safepoint    ] Application time: 2.0001472 seconds
[2019-12-09T01:45:25.591+0000][1][safepoint    ] Entering safepoint region: Cleanup
[2019-12-09T01:45:25.591+0000][1][safepoint    ] Leaving safepoint region
[2019-12-09T01:45:25.591+0000][1][safepoint    ] Total time for which application threads were stopped: 0.0000855 seconds, Stopping threads took: 0.0000265 seconds
[2019-12-09T01:45:28.591+0000][1][safepoint    ] Application time: 3.0002110 seconds
[2019-12-09T01:45:28.591+0000][1][safepoint    ] Entering safepoint region: Cleanup
[2019-12-09T01:45:28.591+0000][1][safepoint    ] Leaving safepoint region
[2019-12-09T01:45:28.591+0000][1][safepoint    ] Total time for which application threads were stopped: 0.0000781 seconds, Stopping threads took: 0.0000174 seconds
[2019-12-09T01:45:29.591+0000][1][safepoint    ] Application time: 1.0000757 seconds
[2019-12-09T01:45:29.591+0000][1][safepoint    ] Entering safepoint region: Cleanup
[2019-12-09T01:45:29.592+0000][1][safepoint    ] Leaving safepoint region
[2019-12-09T01:45:29.592+0000][1][safepoint    ] Total time for which application threads were stopped: 0.0000784 seconds, Stopping threads took: 0.0000167 seconds
[2019-12-09T01:45:31.592+0000][1][safepoint    ] Application time: 2.0001467 seconds
[2019-12-09T01:45:31.592+0000][1][safepoint    ] Entering safepoint region: Cleanup
[2019-12-09T01:45:31.592+0000][1][safepoint    ] Leaving safepoint region
[2019-12-09T01:45:31.592+0000][1][safepoint    ] Total time for which application threads were stopped: 0.0000836 seconds, Stopping threads took: 0.0000172 seconds
[2019-12-09T01:45:33.596+0000][1][safepoint    ] Application time: 2.0040404 seconds
[2019-12-09T01:45:33.596+0000][1][safepoint    ] Entering safepoint region: Cleanup
[2019-12-09T01:45:33.596+0000][1][safepoint    ] Leaving safepoint region
[2019-12-09T01:45:33.596+0000][1][safepoint    ] Total time for which application threads were stopped: 0.0000844 seconds, Stopping threads took: 0.0000232 seconds
[2019-12-09T01:45:35.596+0000][1][safepoint    ] Application time: 2.0001486 seconds
[2019-12-09T01:45:35.596+0000][1][safepoint    ] Entering safepoint region: Cleanup
[2019-12-09T01:45:35.596+0000][1][safepoint    ] Leaving safepoint region
[2019-12-09T01:45:35.596+0000][1][safepoint    ] Total time for which application threads were stopped: 0.0000794 seconds, Stopping threads took: 0.0000184 seconds
[2019-12-09T01:45:36.596+0000][1][safepoint    ] Application time: 1.0000876 seconds
[2019-12-09T01:45:36.596+0000][1][safepoint    ] Entering safepoint region: Cleanup
[2019-12-09T01:45:36.596+0000][1][safepoint    ] Leaving safepoint region
[2019-12-09T01:45:36.596+0000][1][safepoint    ] Total time for which application threads were stopped: 0.0000918 seconds, Stopping threads took: 0.0000192 seconds
[2019-12-09T01:45:38.597+0000][1][safepoint    ] Application time: 2.0001474 seconds
[2019-12-09T01:45:38.597+0000][1][safepoint    ] Entering safepoint region: Cleanup
[2019-12-09T01:45:38.597+0000][1][safepoint    ] Leaving safepoint region
[2019-12-09T01:45:38.597+0000][1][safepoint    ] Total time for which application threads were stopped: 0.0000895 seconds, Stopping threads took: 0.0000178 seconds
[2019-12-09T01:45:39.597+0000][1][safepoint    ] Application time: 1.0000771 seconds
[2019-12-09T01:45:39.597+0000][1][safepoint    ] Entering safepoint region: Cleanup
[2019-12-09T01:45:39.597+0000][1][safepoint    ] Leaving safepoint region
[2019-12-09T01:45:39.597+0000][1][safepoint    ] Total time for which application threads were stopped: 0.0000857 seconds, Stopping threads took: 0.0000178 seconds
[2019-12-09T01:45:40.597+0000][1][safepoint    ] Application time: 1.0000752 seconds
[2019-12-09T01:45:40.597+0000][1][safepoint    ] Entering safepoint region: Cleanup
[2019-12-09T01:45:40.597+0000][1][safepoint    ] Leaving safepoint region
[2019-12-09T01:45:40.597+0000][1][safepoint    ] Total time for which application threads were stopped: 0.0000791 seconds, Stopping threads took: 0.0000166 seconds
[2019-12-09T01:45:41.597+0000][1][safepoint    ] Application time: 1.0000781 seconds
[2019-12-09T01:45:41.597+0000][1][safepoint    ] Entering safepoint region: Cleanup
[2019-12-09T01:45:41.597+0000][1][safepoint    ] Leaving safepoint region
[2019-12-09T01:45:41.597+0000][1][safepoint    ] Total time for which application threads were stopped: 0.0000804 seconds, Stopping threads took: 0.0000175 seconds
[2019-12-09T01:45:42.597+0000][1][safepoint    ] Application time: 1.0000311 seconds
[2019-12-09T01:45:42.597+0000][1][safepoint    ] Entering safepoint region: Cleanup
[2019-12-09T01:45:42.598+0000][1][safepoint    ] Leaving safepoint region
[2019-12-09T01:45:42.598+0000][1][safepoint    ] Total time for which application threads were stopped: 0.0001017 seconds, Stopping threads took: 0.0000245 seconds
[2019-12-09T01:45:43.598+0000][1][safepoint    ] Application time: 1.0000757 seconds
[2019-12-09T01:45:43.598+0000][1][safepoint    ] Entering safepoint region: Cleanup
[2019-12-09T01:45:43.598+0000][1][safepoint    ] Leaving safepoint region
[2019-12-09T01:45:43.598+0000][1][safepoint    ] Total time for which application threads were stopped: 0.0000962 seconds, Stopping threads took: 0.0000171 seconds
[2019-12-09T01:45:44.598+0000][1][safepoint    ] Application time: 1.0000797 seconds
[2019-12-09T01:45:44.598+0000][1][safepoint    ] Entering safepoint region: Cleanup
[2019-12-09T01:45:44.598+0000][1][safepoint    ] Leaving safepoint region
[2019-12-09T01:45:44.598+0000][1][safepoint    ] Total time for which application threads were stopped: 0.0000759 seconds, Stopping threads took: 0.0000179 seconds
[2019-12-09T01:45:45.598+0000][1][safepoint    ] Application time: 1.0000803 seconds
[2019-12-09T01:45:45.598+0000][1][safepoint    ] Entering safepoint region: Cleanup
[2019-12-09T01:45:45.598+0000][1][safepoint    ] Leaving safepoint region
[2019-12-09T01:45:45.598+0000][1][safepoint    ] Total time for which application threads were stopped: 0.0000743 seconds, Stopping threads took: 0.0000164 seconds
[2019-12-09T01:45:46.598+0000][1][safepoint    ] Application time: 1.0000806 seconds
[2019-12-09T01:45:46.598+0000][1][safepoint    ] Entering safepoint region: Cleanup
[2019-12-09T01:45:46.598+0000][1][safepoint    ] Leaving safepoint region
[2019-12-09T01:45:46.598+0000][1][safepoint    ] Total time for which application threads were stopped: 0.0000797 seconds, Stopping threads took: 0.0000178 seconds
[2019-12-09T01:45:47.598+0000][1][safepoint    ] Application time: 1.0000940 seconds
[2019-12-09T01:45:47.598+0000][1][safepoint    ] Entering safepoint region: Cleanup
[2019-12-09T01:45:47.599+0000][1][safepoint    ] Leaving safepoint region
[2019-12-09T01:45:47.599+0000][1][safepoint    ] Total time for which application threads were stopped: 0.0000992 seconds, Stopping threads took: 0.0000227 seconds
[2019-12-09T01:45:48.599+0000][1][safepoint    ] Application time: 1.0000886 seconds
[2019-12-09T01:45:48.599+0000][1][safepoint    ] Entering safepoint region: Cleanup
[2019-12-09T01:45:48.599+0000][1][safepoint    ] Leaving safepoint region
[2019-12-09T01:45:48.599+0000][1][safepoint    ] Total time for which application threads were stopped: 0.0001071 seconds, Stopping threads took: 0.0000245 seconds
[2019-12-09T01:45:49.599+0000][1][safepoint    ] Application time: 1.0000828 seconds
[2019-12-09T01:45:49.599+0000][1][safepoint    ] Entering safepoint region: Cleanup
[2019-12-09T01:45:49.599+0000][1][safepoint    ] Leaving safepoint region
[2019-12-09T01:45:49.599+0000][1][safepoint    ] Total time for which application threads were stopped: 0.0000872 seconds, Stopping threads took: 0.0000183 seconds
[2019-12-09T01:45:50.599+0000][1][safepoint    ] Application time: 1.0000792 seconds
[2019-12-09T01:45:50.599+0000][1][safepoint    ] Entering safepoint region: Cleanup
[2019-12-09T01:45:50.599+0000][1][safepoint    ] Leaving safepoint region
[2019-12-09T01:45:50.599+0000][1][safepoint    ] Total time for which application threads were stopped: 0.0000754 seconds, Stopping threads took: 0.0000174 seconds
[2019-12-09T01:45:51.600+0000][1][safepoint    ] Application time: 1.0005349 seconds
[2019-12-09T01:45:51.600+0000][1][safepoint    ] Entering safepoint region: Cleanup
[2019-12-09T01:45:51.600+0000][1][safepoint    ] Leaving safepoint region
[2019-12-09T01:45:51.600+0000][1][safepoint    ] Total time for which application threads were stopped: 0.0001096 seconds, Stopping threads took: 0.0000232 seconds
[2019-12-09T01:45:52.600+0000][1][safepoint    ] Application time: 1.0000765 seconds
[2019-12-09T01:45:52.600+0000][1][safepoint    ] Entering safepoint region: Cleanup
[2019-12-09T01:45:52.600+0000][1][safepoint    ] Leaving safepoint region
[2019-12-09T01:45:52.600+0000][1][safepoint    ] Total time for which application threads were stopped: 0.0000785 seconds, Stopping threads took: 0.0000188 seconds
[2019-12-09T01:45:53.600+0000][1][safepoint    ] Application time: 1.0000786 seconds
[2019-12-09T01:45:53.600+0000][1][safepoint    ] Entering safepoint region: Cleanup
[2019-12-09T01:45:53.600+0000][1][safepoint    ] Leaving safepoint region
[2019-12-09T01:45:53.600+0000][1][safepoint    ] Total time for which application threads were stopped: 0.0000768 seconds, Stopping threads took: 0.0000182 seconds
[2019-12-09T01:45:54.601+0000][1][safepoint    ] Application time: 1.0003953 seconds
[2019-12-09T01:45:54.601+0000][1][safepoint    ] Entering safepoint region: Cleanup
[2019-12-09T01:45:54.601+0000][1][safepoint    ] Leaving safepoint region
[2019-12-09T01:45:54.601+0000][1][safepoint    ] Total time for which application threads were stopped: 0.0001030 seconds, Stopping threads took: 0.0000233 seconds
[2019-12-09T01:45:55.601+0000][1][safepoint    ] Application time: 1.0000767 seconds
[2019-12-09T01:45:55.601+0000][1][safepoint    ] Entering safepoint region: Cleanup
[2019-12-09T01:45:55.601+0000][1][safepoint    ] Leaving safepoint region
[2019-12-09T01:45:55.601+0000][1][safepoint    ] Total time for which application threads were stopped: 0.0000846 seconds, Stopping threads took: 0.0000259 seconds
[2019-12-09T01:45:56.601+0000][1][safepoint    ] Application time: 1.0000777 seconds
[2019-12-09T01:45:56.601+0000][1][safepoint    ] Entering safepoint region: Cleanup
[2019-12-09T01:45:56.601+0000][1][safepoint    ] Leaving safepoint region
[2019-12-09T01:45:56.601+0000][1][safepoint    ] Total time for which application threads were stopped: 0.0000769 seconds, Stopping threads took: 0.0000188 seconds
[2019-12-09T01:45:57.601+0000][1][safepoint    ] Application time: 1.0000769 seconds
[2019-12-09T01:45:57.601+0000][1][safepoint    ] Entering safepoint region: Cleanup
[2019-12-09T01:45:57.601+0000][1][safepoint    ] Leaving safepoint region
[2019-12-09T01:45:57.601+0000][1][safepoint    ] Total time for which application threads were stopped: 0.0000765 seconds, Stopping threads took: 0.0000186 seconds
[2019-12-09T01:45:58.602+0000][1][safepoint    ] Application time: 1.0000759 seconds
[2019-12-09T01:45:58.602+0000][1][safepoint    ] Entering safepoint region: Cleanup
[2019-12-09T01:45:58.602+0000][1][safepoint    ] Leaving safepoint region
[2019-12-09T01:45:58.602+0000][1][safepoint    ] Total time for which application threads were stopped: 0.0000800 seconds, Stopping threads took: 0.0000176 seconds
[2019-12-09T01:45:59.602+0000][1][safepoint    ] Application time: 1.0000892 seconds
[2019-12-09T01:45:59.602+0000][1][safepoint    ] Entering safepoint region: Cleanup
[2019-12-09T01:45:59.602+0000][1][safepoint    ] Leaving safepoint region
[2019-12-09T01:45:59.602+0000][1][safepoint    ] Total time for which application threads were stopped: 0.0000776 seconds, Stopping threads took: 0.0000176 seconds
[2019-12-09T01:46:00.602+0000][1][safepoint    ] Application time: 1.0000766 seconds
[2019-12-09T01:46:00.602+0000][1][safepoint    ] Entering safepoint region: Cleanup
[2019-12-09T01:46:00.602+0000][1][safepoint    ] Leaving safepoint region
[2019-12-09T01:46:00.602+0000][1][safepoint    ] Total time for which application threads were stopped: 0.0000819 seconds, Stopping threads took: 0.0000175 seconds
[2019-12-09T01:46:01.602+0000][1][safepoint    ] Application time: 1.0000767 seconds
[2019-12-09T01:46:01.602+0000][1][safepoint    ] Entering safepoint region: Cleanup
[2019-12-09T01:46:01.602+0000][1][safepoint    ] Leaving safepoint region
[2019-12-09T01:46:01.602+0000][1][safepoint    ] Total time for which application threads were stopped: 0.0000778 seconds, Stopping threads took: 0.0000181 seconds
[2019-12-09T01:46:01.650+0000][1][safepoint    ] Application time: 0.0479759 seconds
[2019-12-09T01:46:01.650+0000][1][safepoint    ] Entering safepoint region: GenCollectForAllocation
[2019-12-09T01:46:01.650+0000][1][gc,start     ] GC(25) Pause Young (Allocation Failure)
[2019-12-09T01:46:01.650+0000][1][gc,task      ] GC(25) Using 2 workers of 2 for evacuation
[2019-12-09T01:46:01.670+0000][1][gc,age       ] GC(25) Desired survivor size 4456448 bytes, new threshold 6 (max threshold 6)
[2019-12-09T01:46:01.670+0000][1][gc,age       ] GC(25) Age table with threshold 6 (max threshold 6)
[2019-12-09T01:46:01.670+0000][1][gc,age       ] GC(25) - age   1:      29448 bytes,      29448 total
[2019-12-09T01:46:01.670+0000][1][gc,age       ] GC(25) - age   2:    1939008 bytes,    1968456 total
[2019-12-09T01:46:01.670+0000][1][gc,heap      ] GC(25) ParNew: 76908K->5780K(78656K)
[2019-12-09T01:46:01.670+0000][1][gc,heap      ] GC(25) CMS: 64175K->67772K(174784K)
[2019-12-09T01:46:01.670+0000][1][gc,metaspace ] GC(25) Metaspace: 68583K->68583K(1112064K)
[2019-12-09T01:46:01.670+0000][1][gc           ] GC(25) Pause Young (Allocation Failure) 137M->71M(247M) 19.380ms
[2019-12-09T01:46:01.670+0000][1][gc,cpu       ] GC(25) User=0.04s Sys=0.00s Real=0.02s
[2019-12-09T01:46:01.670+0000][1][safepoint    ] Leaving safepoint region
[2019-12-09T01:46:01.670+0000][1][safepoint    ] Total time for which application threads were stopped: 0.0195352 seconds, Stopping threads took: 0.0000169 seconds
[2019-12-09T01:46:02.670+0000][1][safepoint    ] Application time: 1.0000934 seconds
[2019-12-09T01:46:02.670+0000][1][safepoint    ] Entering safepoint region: Cleanup
[2019-12-09T01:46:02.670+0000][1][safepoint    ] Leaving safepoint region
[2019-12-09T01:46:02.670+0000][1][safepoint    ] Total time for which application threads were stopped: 0.0000791 seconds, Stopping threads took: 0.0000169 seconds
[2019-12-09T01:46:03.670+0000][1][safepoint    ] Application time: 1.0000761 seconds
[2019-12-09T01:46:03.670+0000][1][safepoint    ] Entering safepoint region: Cleanup
[2019-12-09T01:46:03.670+0000][1][safepoint    ] Leaving safepoint region
[2019-12-09T01:46:03.670+0000][1][safepoint    ] Total time for which application threads were stopped: 0.0000751 seconds, Stopping threads took: 0.0000171 seconds
[2019-12-09T01:46:04.670+0000][1][safepoint    ] Application time: 1.0000754 seconds
[2019-12-09T01:46:04.670+0000][1][safepoint    ] Entering safepoint region: Cleanup
[2019-12-09T01:46:04.670+0000][1][safepoint    ] Leaving safepoint region
[2019-12-09T01:46:04.670+0000][1][safepoint    ] Total time for which application threads were stopped: 0.0000776 seconds, Stopping threads took: 0.0000176 seconds
[2019-12-09T01:46:05.671+0000][1][safepoint    ] Application time: 1.0000755 seconds
[2019-12-09T01:46:05.671+0000][1][safepoint    ] Entering safepoint region: Cleanup
[2019-12-09T01:46:05.671+0000][1][safepoint    ] Leaving safepoint region
[2019-12-09T01:46:05.671+0000][1][safepoint    ] Total time for which application threads were stopped: 0.0000779 seconds, Stopping threads took: 0.0000186 seconds
[2019-12-09T01:46:06.671+0000][1][safepoint    ] Application time: 1.0000763 seconds
[2019-12-09T01:46:06.671+0000][1][safepoint    ] Entering safepoint region: Cleanup
[2019-12-09T01:46:06.671+0000][1][safepoint    ] Leaving safepoint region
[2019-12-09T01:46:06.671+0000][1][safepoint    ] Total time for which application threads were stopped: 0.0000739 seconds, Stopping threads took: 0.0000177 seconds
[2019-12-09T01:46:07.671+0000][1][safepoint    ] Application time: 1.0000780 seconds
[2019-12-09T01:46:07.671+0000][1][safepoint    ] Entering safepoint region: Cleanup
[2019-12-09T01:46:07.671+0000][1][safepoint    ] Leaving safepoint region
[2019-12-09T01:46:07.671+0000][1][safepoint    ] Total time for which application threads were stopped: 0.0000767 seconds, Stopping threads took: 0.0000160 seconds
[2019-12-09T01:46:08.671+0000][1][safepoint    ] Application time: 1.0000783 seconds
[2019-12-09T01:46:08.671+0000][1][safepoint    ] Entering safepoint region: Cleanup
[2019-12-09T01:46:08.671+0000][1][safepoint    ] Leaving safepoint region
[2019-12-09T01:46:08.671+0000][1][safepoint    ] Total time for which application threads were stopped: 0.0000749 seconds, Stopping threads took: 0.0000187 seconds
[2019-12-09T01:46:09.671+0000][1][safepoint    ] Application time: 1.0000764 seconds
[2019-12-09T01:46:09.671+0000][1][safepoint    ] Entering safepoint region: Cleanup
[2019-12-09T01:46:09.671+0000][1][safepoint    ] Leaving safepoint region
[2019-12-09T01:46:09.671+0000][1][safepoint    ] Total time for which application threads were stopped: 0.0000753 seconds, Stopping threads took: 0.0000191 seconds
[2019-12-09T01:46:10.672+0000][1][safepoint    ] Application time: 1.0000862 seconds
[2019-12-09T01:46:10.672+0000][1][safepoint    ] Entering safepoint region: Cleanup
[2019-12-09T01:46:10.672+0000][1][safepoint    ] Leaving safepoint region
[2019-12-09T01:46:10.672+0000][1][safepoint    ] Total time for which application threads were stopped: 0.0000972 seconds, Stopping threads took: 0.0000224 seconds
[2019-12-09T01:46:11.672+0000][1][safepoint    ] Application time: 1.0000760 seconds
[2019-12-09T01:46:11.672+0000][1][safepoint    ] Entering safepoint region: Cleanup
[2019-12-09T01:46:11.672+0000][1][safepoint    ] Leaving safepoint region
[2019-12-09T01:46:11.672+0000][1][safepoint    ] Total time for which application threads were stopped: 0.0000767 seconds, Stopping threads took: 0.0000176 seconds
[2019-12-09T01:46:12.672+0000][1][safepoint    ] Application time: 1.0000761 seconds
[2019-12-09T01:46:12.672+0000][1][safepoint    ] Entering safepoint region: Cleanup
[2019-12-09T01:46:12.672+0000][1][safepoint    ] Leaving safepoint region
[2019-12-09T01:46:12.672+0000][1][safepoint    ] Total time for which application threads were stopped: 0.0000740 seconds, Stopping threads took: 0.0000176 seconds
[2019-12-09T01:46:13.672+0000][1][safepoint    ] Application time: 1.0000759 seconds
[2019-12-09T01:46:13.672+0000][1][safepoint    ] Entering safepoint region: Cleanup
[2019-12-09T01:46:13.672+0000][1][safepoint    ] Leaving safepoint region
[2019-12-09T01:46:13.672+0000][1][safepoint    ] Total time for which application threads were stopped: 0.0000746 seconds, Stopping threads took: 0.0000177 seconds
[2019-12-09T01:46:14.672+0000][1][safepoint    ] Application time: 1.0000787 seconds
[2019-12-09T01:46:14.672+0000][1][safepoint    ] Entering safepoint region: Cleanup
[2019-12-09T01:46:14.672+0000][1][safepoint    ] Leaving safepoint region
[2019-12-09T01:46:14.672+0000][1][safepoint    ] Total time for which application threads were stopped: 0.0000811 seconds, Stopping threads took: 0.0000171 seconds
[2019-12-09T01:46:15.672+0000][1][safepoint    ] Application time: 1.0000779 seconds
[2019-12-09T01:46:15.673+0000][1][safepoint    ] Entering safepoint region: Cleanup
[2019-12-09T01:46:15.673+0000][1][safepoint    ] Leaving safepoint region
[2019-12-09T01:46:15.673+0000][1][safepoint    ] Total time for which application threads were stopped: 0.0000859 seconds, Stopping threads took: 0.0000185 seconds
[2019-12-09T01:46:16.673+0000][1][safepoint    ] Application time: 1.0000770 seconds
[2019-12-09T01:46:16.673+0000][1][safepoint    ] Entering safepoint region: Cleanup
[2019-12-09T01:46:16.673+0000][1][safepoint    ] Leaving safepoint region
[2019-12-09T01:46:16.673+0000][1][safepoint    ] Total time for which application threads were stopped: 0.0000804 seconds, Stopping threads took: 0.0000178 seconds
[2019-12-09T01:46:17.673+0000][1][safepoint    ] Application time: 1.0000316 seconds
[2019-12-09T01:46:17.673+0000][1][safepoint    ] Entering safepoint region: Cleanup
[2019-12-09T01:46:17.673+0000][1][safepoint    ] Leaving safepoint region
[2019-12-09T01:46:17.673+0000][1][safepoint    ] Total time for which application threads were stopped: 0.0001033 seconds, Stopping threads took: 0.0000234 seconds
[2019-12-09T01:46:18.673+0000][1][safepoint    ] Application time: 1.0003002 seconds
[2019-12-09T01:46:18.673+0000][1][safepoint    ] Entering safepoint region: Cleanup
[2019-12-09T01:46:18.673+0000][1][safepoint    ] Leaving safepoint region
[2019-12-09T01:46:18.673+0000][1][safepoint    ] Total time for which application threads were stopped: 0.0000993 seconds, Stopping threads took: 0.0000238 seconds
[2019-12-09T01:46:19.674+0000][1][safepoint    ] Application time: 1.0000769 seconds
[2019-12-09T01:46:19.674+0000][1][safepoint    ] Entering safepoint region: Cleanup
[2019-12-09T01:46:19.674+0000][1][safepoint    ] Leaving safepoint region
[2019-12-09T01:46:19.674+0000][1][safepoint    ] Total time for which application threads were stopped: 0.0000764 seconds, Stopping threads took: 0.0000184 seconds
[2019-12-09T01:46:20.674+0000][1][safepoint    ] Application time: 1.0000806 seconds
[2019-12-09T01:46:20.674+0000][1][safepoint    ] Entering safepoint region: Cleanup
[2019-12-09T01:46:20.674+0000][1][safepoint    ] Leaving safepoint region
[2019-12-09T01:46:20.674+0000][1][safepoint    ] Total time for which application threads were stopped: 0.0000987 seconds, Stopping threads took: 0.0000231 seconds
[2019-12-09T01:46:21.674+0000][1][safepoint    ] Application time: 1.0000784 seconds
[2019-12-09T01:46:21.674+0000][1][safepoint    ] Entering safepoint region: Cleanup
[2019-12-09T01:46:21.674+0000][1][safepoint    ] Leaving safepoint region
[2019-12-09T01:46:21.674+0000][1][safepoint    ] Total time for which application threads were stopped: 0.0000759 seconds, Stopping threads took: 0.0000180 seconds
[2019-12-09T01:46:22.675+0000][1][safepoint    ] Application time: 1.0006272 seconds
[2019-12-09T01:46:22.675+0000][1][safepoint    ] Entering safepoint region: Cleanup
[2019-12-09T01:46:22.675+0000][1][safepoint    ] Leaving safepoint region
[2019-12-09T01:46:22.675+0000][1][safepoint    ] Total time for which application threads were stopped: 0.0000974 seconds, Stopping threads took: 0.0000215 seconds
[2019-12-09T01:46:23.675+0000][1][safepoint    ] Application time: 1.0000791 seconds
[2019-12-09T01:46:23.675+0000][1][safepoint    ] Entering safepoint region: Cleanup
[2019-12-09T01:46:23.675+0000][1][safepoint    ] Leaving safepoint region
[2019-12-09T01:46:23.675+0000][1][safepoint    ] Total time for which application threads were stopped: 0.0000756 seconds, Stopping threads took: 0.0000177 seconds
[2019-12-09T01:46:24.675+0000][1][safepoint    ] Application time: 1.0000771 seconds
[2019-12-09T01:46:24.675+0000][1][safepoint    ] Entering safepoint region: Cleanup
[2019-12-09T01:46:24.675+0000][1][safepoint    ] Leaving safepoint region
[2019-12-09T01:46:24.675+0000][1][safepoint    ] Total time for which application threads were stopped: 0.0000733 seconds, Stopping threads took: 0.0000167 seconds
[2019-12-09T01:46:25.675+0000][1][safepoint    ] Application time: 1.0000760 seconds
[2019-12-09T01:46:25.675+0000][1][safepoint    ] Entering safepoint region: Cleanup
[2019-12-09T01:46:25.675+0000][1][safepoint    ] Leaving safepoint region
[2019-12-09T01:46:25.675+0000][1][safepoint    ] Total time for which application threads were stopped: 0.0000744 seconds, Stopping threads took: 0.0000188 seconds
[2019-12-09T01:46:26.675+0000][1][safepoint    ] Application time: 1.0000767 seconds
[2019-12-09T01:46:26.676+0000][1][safepoint    ] Entering safepoint region: Cleanup
[2019-12-09T01:46:26.676+0000][1][safepoint    ] Leaving safepoint region
[2019-12-09T01:46:26.676+0000][1][safepoint    ] Total time for which application threads were stopped: 0.0000752 seconds, Stopping threads took: 0.0000185 seconds
[2019-12-09T01:46:27.676+0000][1][safepoint    ] Application time: 1.0000851 seconds
[2019-12-09T01:46:27.676+0000][1][safepoint    ] Entering safepoint region: Cleanup
[2019-12-09T01:46:27.676+0000][1][safepoint    ] Leaving safepoint region
[2019-12-09T01:46:27.676+0000][1][safepoint    ] Total time for which application threads were stopped: 0.0000811 seconds, Stopping threads took: 0.0000178 seconds
[2019-12-09T01:46:28.676+0000][1][safepoint    ] Application time: 1.0000783 seconds
[2019-12-09T01:46:28.676+0000][1][safepoint    ] Entering safepoint region: Cleanup
[2019-12-09T01:46:28.676+0000][1][safepoint    ] Leaving safepoint region
[2019-12-09T01:46:28.676+0000][1][safepoint    ] Total time for which application threads were stopped: 0.0000818 seconds, Stopping threads took: 0.0000170 seconds
[2019-12-09T01:46:29.676+0000][1][safepoint    ] Application time: 1.0000776 seconds
[2019-12-09T01:46:29.676+0000][1][safepoint    ] Entering safepoint region: Cleanup
[2019-12-09T01:46:29.676+0000][1][safepoint    ] Leaving safepoint region
[2019-12-09T01:46:29.676+0000][1][safepoint    ] Total time for which application threads were stopped: 0.0000773 seconds, Stopping threads took: 0.0000188 seconds
[2019-12-09T01:46:30.676+0000][1][safepoint    ] Application time: 1.0000789 seconds
[2019-12-09T01:46:30.676+0000][1][safepoint    ] Entering safepoint region: Cleanup
[2019-12-09T01:46:30.676+0000][1][safepoint    ] Leaving safepoint region
[2019-12-09T01:46:30.676+0000][1][safepoint    ] Total time for which application threads were stopped: 0.0000748 seconds, Stopping threads took: 0.0000167 seconds
[2019-12-09T01:46:31.676+0000][1][safepoint    ] Application time: 1.0000798 seconds
[2019-12-09T01:46:31.677+0000][1][safepoint    ] Entering safepoint region: Cleanup
[2019-12-09T01:46:31.677+0000][1][safepoint    ] Leaving safepoint region
[2019-12-09T01:46:31.677+0000][1][safepoint    ] Total time for which application threads were stopped: 0.0000746 seconds, Stopping threads took: 0.0000175 seconds
[2019-12-09T01:46:32.677+0000][1][safepoint    ] Application time: 1.0000819 seconds
[2019-12-09T01:46:32.677+0000][1][safepoint    ] Entering safepoint region: Cleanup
[2019-12-09T01:46:32.677+0000][1][safepoint    ] Leaving safepoint region
[2019-12-09T01:46:32.677+0000][1][safepoint    ] Total time for which application threads were stopped: 0.0001134 seconds, Stopping threads took: 0.0000254 seconds
[2019-12-09T01:46:33.677+0000][1][safepoint    ] Application time: 1.0000871 seconds
[2019-12-09T01:46:33.677+0000][1][safepoint    ] Entering safepoint region: Cleanup
[2019-12-09T01:46:33.677+0000][1][safepoint    ] Leaving safepoint region
[2019-12-09T01:46:33.677+0000][1][safepoint    ] Total time for which application threads were stopped: 0.0001200 seconds, Stopping threads took: 0.0000333 seconds
[2019-12-09T01:46:34.677+0000][1][safepoint    ] Application time: 1.0000748 seconds
[2019-12-09T01:46:34.677+0000][1][safepoint    ] Entering safepoint region: Cleanup
[2019-12-09T01:46:34.677+0000][1][safepoint    ] Leaving safepoint region
[2019-12-09T01:46:34.677+0000][1][safepoint    ] Total time for which application threads were stopped: 0.0000724 seconds, Stopping threads took: 0.0000166 seconds
[2019-12-09T01:46:35.677+0000][1][safepoint    ] Application time: 1.0000757 seconds
[2019-12-09T01:46:35.677+0000][1][safepoint    ] Entering safepoint region: Cleanup
[2019-12-09T01:46:35.677+0000][1][safepoint    ] Leaving safepoint region
[2019-12-09T01:46:35.677+0000][1][safepoint    ] Total time for which application threads were stopped: 0.0000738 seconds, Stopping threads took: 0.0000163 seconds
[2019-12-09T01:46:36.678+0000][1][safepoint    ] Application time: 1.0000739 seconds
[2019-12-09T01:46:36.678+0000][1][safepoint    ] Entering safepoint region: Cleanup
[2019-12-09T01:46:36.678+0000][1][safepoint    ] Leaving safepoint region
[2019-12-09T01:46:36.678+0000][1][safepoint    ] Total time for which application threads were stopped: 0.0000875 seconds, Stopping threads took: 0.0000168 seconds
[2019-12-09T01:46:37.678+0000][1][safepoint    ] Application time: 1.0000772 seconds
[2019-12-09T01:46:37.678+0000][1][safepoint    ] Entering safepoint region: Cleanup
[2019-12-09T01:46:37.678+0000][1][safepoint    ] Leaving safepoint region
[2019-12-09T01:46:37.678+0000][1][safepoint    ] Total time for which application threads were stopped: 0.0000782 seconds, Stopping threads took: 0.0000149 seconds
[2019-12-09T01:46:38.678+0000][1][safepoint    ] Application time: 1.0000765 seconds
[2019-12-09T01:46:38.678+0000][1][safepoint    ] Entering safepoint region: Cleanup
[2019-12-09T01:46:38.678+0000][1][safepoint    ] Leaving safepoint region
[2019-12-09T01:46:38.678+0000][1][safepoint    ] Total time for which application threads were stopped: 0.0000762 seconds, Stopping threads took: 0.0000174 seconds
[2019-12-09T01:46:39.678+0000][1][safepoint    ] Application time: 1.0000743 seconds
[2019-12-09T01:46:39.678+0000][1][safepoint    ] Entering safepoint region: Cleanup
[2019-12-09T01:46:39.678+0000][1][safepoint    ] Leaving safepoint region
[2019-12-09T01:46:39.678+0000][1][safepoint    ] Total time for which application threads were stopped: 0.0000735 seconds, Stopping threads took: 0.0000166 seconds
[2019-12-09T01:46:40.678+0000][1][safepoint    ] Application time: 1.0000830 seconds
[2019-12-09T01:46:40.678+0000][1][safepoint    ] Entering safepoint region: Cleanup
[2019-12-09T01:46:40.678+0000][1][safepoint    ] Leaving safepoint region
[2019-12-09T01:46:40.678+0000][1][safepoint    ] Total time for which application threads were stopped: 0.0000762 seconds, Stopping threads took: 0.0000177 seconds
[2019-12-09T01:46:41.679+0000][1][safepoint    ] Application time: 1.0000764 seconds
[2019-12-09T01:46:41.679+0000][1][safepoint    ] Entering safepoint region: Cleanup
[2019-12-09T01:46:41.679+0000][1][safepoint    ] Leaving safepoint region
[2019-12-09T01:46:41.679+0000][1][safepoint    ] Total time for which application threads were stopped: 0.0000724 seconds, Stopping threads took: 0.0000163 seconds
[2019-12-09T01:46:42.679+0000][1][safepoint    ] Application time: 1.0000815 seconds
[2019-12-09T01:46:42.679+0000][1][safepoint    ] Entering safepoint region: Cleanup
[2019-12-09T01:46:42.679+0000][1][safepoint    ] Leaving safepoint region
[2019-12-09T01:46:42.679+0000][1][safepoint    ] Total time for which application threads were stopped: 0.0000841 seconds, Stopping threads took: 0.0000261 seconds
[2019-12-09T01:46:43.679+0000][1][safepoint    ] Application time: 1.0002183 seconds
[2019-12-09T01:46:43.679+0000][1][safepoint    ] Entering safepoint region: Cleanup
[2019-12-09T01:46:43.679+0000][1][safepoint    ] Leaving safepoint region
[2019-12-09T01:46:43.679+0000][1][safepoint    ] Total time for which application threads were stopped: 0.0000800 seconds, Stopping threads took: 0.0000181 seconds
[2019-12-09T01:46:44.679+0000][1][safepoint    ] Application time: 1.0000874 seconds
[2019-12-09T01:46:44.679+0000][1][safepoint    ] Entering safepoint region: Cleanup
[2019-12-09T01:46:44.679+0000][1][safepoint    ] Leaving safepoint region
[2019-12-09T01:46:44.679+0000][1][safepoint    ] Total time for which application threads were stopped: 0.0001098 seconds, Stopping threads took: 0.0000241 seconds
[2019-12-09T01:46:45.680+0000][1][safepoint    ] Application time: 1.0000787 seconds
[2019-12-09T01:46:45.680+0000][1][safepoint    ] Entering safepoint region: Cleanup
[2019-12-09T01:46:45.680+0000][1][safepoint    ] Leaving safepoint region
[2019-12-09T01:46:45.680+0000][1][safepoint    ] Total time for which application threads were stopped: 0.0000735 seconds, Stopping threads took: 0.0000166 seconds
[2019-12-09T01:46:46.680+0000][1][safepoint    ] Application time: 1.0000784 seconds
[2019-12-09T01:46:46.680+0000][1][safepoint    ] Entering safepoint region: Cleanup
[2019-12-09T01:46:46.680+0000][1][safepoint    ] Leaving safepoint region
[2019-12-09T01:46:46.680+0000][1][safepoint    ] Total time for which application threads were stopped: 0.0000844 seconds, Stopping threads took: 0.0000253 seconds
[2019-12-09T01:46:47.737+0000][1][safepoint    ] Application time: 1.0575269 seconds
[2019-12-09T01:46:47.737+0000][1][safepoint    ] Entering safepoint region: Cleanup
[2019-12-09T01:46:47.738+0000][1][safepoint    ] Leaving safepoint region
[2019-12-09T01:46:47.738+0000][1][safepoint    ] Total time for which application threads were stopped: 0.0001993 seconds, Stopping threads took: 0.0000482 seconds
[2019-12-09T01:46:48.738+0000][1][safepoint    ] Application time: 1.0000849 seconds
[2019-12-09T01:46:48.738+0000][1][safepoint    ] Entering safepoint region: Cleanup
[2019-12-09T01:46:48.738+0000][1][safepoint    ] Leaving safepoint region
[2019-12-09T01:46:48.738+0000][1][safepoint    ] Total time for which application threads were stopped: 0.0000760 seconds, Stopping threads took: 0.0000176 seconds
[2019-12-09T01:46:49.738+0000][1][safepoint    ] Application time: 1.0000768 seconds
[2019-12-09T01:46:49.738+0000][1][safepoint    ] Entering safepoint region: Cleanup
[2019-12-09T01:46:49.738+0000][1][safepoint    ] Leaving safepoint region
[2019-12-09T01:46:49.738+0000][1][safepoint    ] Total time for which application threads were stopped: 0.0000706 seconds, Stopping threads took: 0.0000159 seconds
[2019-12-09T01:46:50.738+0000][1][safepoint    ] Application time: 1.0000750 seconds
[2019-12-09T01:46:50.738+0000][1][safepoint    ] Entering safepoint region: Cleanup
[2019-12-09T01:46:50.738+0000][1][safepoint    ] Leaving safepoint region
[2019-12-09T01:46:50.738+0000][1][safepoint    ] Total time for which application threads were stopped: 0.0000702 seconds, Stopping threads took: 0.0000148 seconds
[2019-12-09T01:46:51.738+0000][1][safepoint    ] Application time: 1.0000832 seconds
[2019-12-09T01:46:51.738+0000][1][safepoint    ] Entering safepoint region: Cleanup
[2019-12-09T01:46:51.738+0000][1][safepoint    ] Leaving safepoint region
[2019-12-09T01:46:51.738+0000][1][safepoint    ] Total time for which application threads were stopped: 0.0000702 seconds, Stopping threads took: 0.0000161 seconds
[2019-12-09T01:46:52.738+0000][1][safepoint    ] Application time: 1.0000784 seconds
[2019-12-09T01:46:52.739+0000][1][safepoint    ] Entering safepoint region: Cleanup
[2019-12-09T01:46:52.739+0000][1][safepoint    ] Leaving safepoint region
[2019-12-09T01:46:52.739+0000][1][safepoint    ] Total time for which application threads were stopped: 0.0000684 seconds, Stopping threads took: 0.0000138 seconds
[2019-12-09T01:46:53.739+0000][1][safepoint    ] Application time: 1.0000811 seconds
[2019-12-09T01:46:53.739+0000][1][safepoint    ] Entering safepoint region: Cleanup
[2019-12-09T01:46:53.739+0000][1][safepoint    ] Leaving safepoint region
[2019-12-09T01:46:53.739+0000][1][safepoint    ] Total time for which application threads were stopped: 0.0000829 seconds, Stopping threads took: 0.0000171 seconds
[2019-12-09T01:46:54.739+0000][1][safepoint    ] Application time: 1.0000801 seconds
[2019-12-09T01:46:54.739+0000][1][safepoint    ] Entering safepoint region: Cleanup
[2019-12-09T01:46:54.739+0000][1][safepoint    ] Leaving safepoint region
[2019-12-09T01:46:54.739+0000][1][safepoint    ] Total time for which application threads were stopped: 0.0001103 seconds, Stopping threads took: 0.0000233 seconds
[2019-12-09T01:46:55.739+0000][1][safepoint    ] Application time: 1.0000744 seconds
[2019-12-09T01:46:55.739+0000][1][safepoint    ] Entering safepoint region: Cleanup
[2019-12-09T01:46:55.739+0000][1][safepoint    ] Leaving safepoint region
[2019-12-09T01:46:55.739+0000][1][safepoint    ] Total time for which application threads were stopped: 0.0000762 seconds, Stopping threads took: 0.0000201 seconds
[2019-12-09T01:46:56.739+0000][1][safepoint    ] Application time: 1.0000749 seconds
[2019-12-09T01:46:56.739+0000][1][safepoint    ] Entering safepoint region: Cleanup
[2019-12-09T01:46:56.739+0000][1][safepoint    ] Leaving safepoint region
[2019-12-09T01:46:56.739+0000][1][safepoint    ] Total time for which application threads were stopped: 0.0000766 seconds, Stopping threads took: 0.0000203 seconds
[2019-12-09T01:46:57.740+0000][1][safepoint    ] Application time: 1.0000801 seconds
[2019-12-09T01:46:57.740+0000][1][safepoint    ] Entering safepoint region: Cleanup
[2019-12-09T01:46:57.740+0000][1][safepoint    ] Leaving safepoint region
[2019-12-09T01:46:57.740+0000][1][safepoint    ] Total time for which application threads were stopped: 0.0000712 seconds, Stopping threads took: 0.0000161 seconds
[2019-12-09T01:46:58.740+0000][1][safepoint    ] Application time: 1.0000792 seconds
[2019-12-09T01:46:58.740+0000][1][safepoint    ] Entering safepoint region: Cleanup
[2019-12-09T01:46:58.740+0000][1][safepoint    ] Leaving safepoint region
[2019-12-09T01:46:58.740+0000][1][safepoint    ] Total time for which application threads were stopped: 0.0000738 seconds, Stopping threads took: 0.0000163 seconds
[2019-12-09T01:46:59.740+0000][1][safepoint    ] Application time: 1.0000761 seconds
[2019-12-09T01:46:59.740+0000][1][safepoint    ] Entering safepoint region: Cleanup
[2019-12-09T01:46:59.740+0000][1][safepoint    ] Leaving safepoint region
[2019-12-09T01:46:59.740+0000][1][safepoint    ] Total time for which application threads were stopped: 0.0000699 seconds, Stopping threads took: 0.0000157 seconds
[2019-12-09T01:47:00.740+0000][1][safepoint    ] Application time: 1.0000845 seconds
[2019-12-09T01:47:00.740+0000][1][safepoint    ] Entering safepoint region: Cleanup
[2019-12-09T01:47:00.740+0000][1][safepoint    ] Leaving safepoint region
[2019-12-09T01:47:00.740+0000][1][safepoint    ] Total time for which application threads were stopped: 0.0000738 seconds, Stopping threads took: 0.0000163 seconds
[2019-12-09T01:47:01.741+0000][1][safepoint    ] Application time: 1.0005034 seconds
[2019-12-09T01:47:01.741+0000][1][safepoint    ] Entering safepoint region: Cleanup
[2019-12-09T01:47:01.741+0000][1][safepoint    ] Leaving safepoint region
[2019-12-09T01:47:01.741+0000][1][safepoint    ] Total time for which application threads were stopped: 0.0000977 seconds, Stopping threads took: 0.0000227 seconds
[2019-12-09T01:47:02.741+0000][1][safepoint    ] Application time: 1.0000779 seconds
[2019-12-09T01:47:02.741+0000][1][safepoint    ] Entering safepoint region: Cleanup
[2019-12-09T01:47:02.741+0000][1][safepoint    ] Leaving safepoint region
[2019-12-09T01:47:02.741+0000][1][safepoint    ] Total time for which application threads were stopped: 0.0000701 seconds, Stopping threads took: 0.0000153 seconds
[2019-12-09T01:47:03.741+0000][1][safepoint    ] Application time: 1.0000771 seconds
[2019-12-09T01:47:03.741+0000][1][safepoint    ] Entering safepoint region: Cleanup
[2019-12-09T01:47:03.741+0000][1][safepoint    ] Leaving safepoint region
[2019-12-09T01:47:03.741+0000][1][safepoint    ] Total time for which application threads were stopped: 0.0000849 seconds, Stopping threads took: 0.0000186 seconds
[2019-12-09T01:47:04.741+0000][1][safepoint    ] Application time: 1.0000740 seconds
[2019-12-09T01:47:04.741+0000][1][safepoint    ] Entering safepoint region: Cleanup
[2019-12-09T01:47:04.741+0000][1][safepoint    ] Leaving safepoint region
[2019-12-09T01:47:04.741+0000][1][safepoint    ] Total time for which application threads were stopped: 0.0000752 seconds, Stopping threads took: 0.0000167 seconds
[2019-12-09T01:47:05.742+0000][1][safepoint    ] Application time: 1.0000738 seconds
[2019-12-09T01:47:05.742+0000][1][safepoint    ] Entering safepoint region: Cleanup
[2019-12-09T01:47:05.742+0000][1][safepoint    ] Leaving safepoint region
[2019-12-09T01:47:05.742+0000][1][safepoint    ] Total time for which application threads were stopped: 0.0000908 seconds, Stopping threads took: 0.0000168 seconds
[2019-12-09T01:47:06.742+0000][1][safepoint    ] Application time: 1.0000756 seconds
[2019-12-09T01:47:06.742+0000][1][safepoint    ] Entering safepoint region: Cleanup
[2019-12-09T01:47:06.742+0000][1][safepoint    ] Leaving safepoint region
[2019-12-09T01:47:06.742+0000][1][safepoint    ] Total time for which application threads were stopped: 0.0000830 seconds, Stopping threads took: 0.0000250 seconds
[2019-12-09T01:47:07.742+0000][1][safepoint    ] Application time: 1.0000829 seconds
[2019-12-09T01:47:07.742+0000][1][safepoint    ] Entering safepoint region: Cleanup
[2019-12-09T01:47:07.742+0000][1][safepoint    ] Leaving safepoint region
[2019-12-09T01:47:07.742+0000][1][safepoint    ] Total time for which application threads were stopped: 0.0000742 seconds, Stopping threads took: 0.0000173 seconds
[2019-12-09T01:47:08.742+0000][1][safepoint    ] Application time: 1.0000847 seconds
[2019-12-09T01:47:08.742+0000][1][safepoint    ] Entering safepoint region: Cleanup
[2019-12-09T01:47:08.742+0000][1][safepoint    ] Leaving safepoint region
[2019-12-09T01:47:08.742+0000][1][safepoint    ] Total time for which application threads were stopped: 0.0001129 seconds, Stopping threads took: 0.0000222 seconds
[2019-12-09T01:47:09.742+0000][1][safepoint    ] Application time: 1.0000781 seconds
[2019-12-09T01:47:09.742+0000][1][safepoint    ] Entering safepoint region: Cleanup
[2019-12-09T01:47:09.742+0000][1][safepoint    ] Leaving safepoint region
[2019-12-09T01:47:09.742+0000][1][safepoint    ] Total time for which application threads were stopped: 0.0000740 seconds, Stopping threads took: 0.0000170 seconds
[2019-12-09T01:47:10.743+0000][1][safepoint    ] Application time: 1.0000796 seconds
[2019-12-09T01:47:10.743+0000][1][safepoint    ] Entering safepoint region: Cleanup
[2019-12-09T01:47:10.743+0000][1][safepoint    ] Leaving safepoint region
[2019-12-09T01:47:10.743+0000][1][safepoint    ] Total time for which application threads were stopped: 0.0000899 seconds, Stopping threads took: 0.0000177 seconds
[2019-12-09T01:47:11.743+0000][1][safepoint    ] Application time: 1.0000770 seconds
[2019-12-09T01:47:11.743+0000][1][safepoint    ] Entering safepoint region: Cleanup
[2019-12-09T01:47:11.743+0000][1][safepoint    ] Leaving safepoint region
[2019-12-09T01:47:11.743+0000][1][safepoint    ] Total time for which application threads were stopped: 0.0000814 seconds, Stopping threads took: 0.0000180 seconds
[2019-12-09T01:47:12.743+0000][1][safepoint    ] Application time: 1.0000804 seconds
[2019-12-09T01:47:12.743+0000][1][safepoint    ] Entering safepoint region: Cleanup
[2019-12-09T01:47:12.743+0000][1][safepoint    ] Leaving safepoint region
[2019-12-09T01:47:12.743+0000][1][safepoint    ] Total time for which application threads were stopped: 0.0000723 seconds, Stopping threads took: 0.0000161 seconds
[2019-12-09T01:47:13.743+0000][1][safepoint    ] Application time: 1.0000876 seconds
[2019-12-09T01:47:13.743+0000][1][safepoint    ] Entering safepoint region: Cleanup
[2019-12-09T01:47:13.743+0000][1][safepoint    ] Leaving safepoint region
[2019-12-09T01:47:13.743+0000][1][safepoint    ] Total time for which application threads were stopped: 0.0001003 seconds, Stopping threads took: 0.0000227 seconds
[2019-12-09T01:47:14.743+0000][1][safepoint    ] Application time: 1.0000778 seconds
[2019-12-09T01:47:14.743+0000][1][safepoint    ] Entering safepoint region: Cleanup
[2019-12-09T01:47:14.743+0000][1][safepoint    ] Leaving safepoint region
[2019-12-09T01:47:14.744+0000][1][safepoint    ] Total time for which application threads were stopped: 0.0000743 seconds, Stopping threads took: 0.0000179 seconds
[2019-12-09T01:47:15.744+0000][1][safepoint    ] Application time: 1.0000755 seconds
[2019-12-09T01:47:15.744+0000][1][safepoint    ] Entering safepoint region: Cleanup
[2019-12-09T01:47:15.744+0000][1][safepoint    ] Leaving safepoint region
[2019-12-09T01:47:15.744+0000][1][safepoint    ] Total time for which application threads were stopped: 0.0000872 seconds, Stopping threads took: 0.0000173 seconds
[2019-12-09T01:47:16.744+0000][1][safepoint    ] Application time: 1.0000747 seconds
[2019-12-09T01:47:16.744+0000][1][safepoint    ] Entering safepoint region: Cleanup
[2019-12-09T01:47:16.744+0000][1][safepoint    ] Leaving safepoint region
[2019-12-09T01:47:16.744+0000][1][safepoint    ] Total time for which application threads were stopped: 0.0000843 seconds, Stopping threads took: 0.0000178 seconds
[2019-12-09T01:47:17.744+0000][1][safepoint    ] Application time: 1.0000757 seconds
[2019-12-09T01:47:17.744+0000][1][safepoint    ] Entering safepoint region: Cleanup
[2019-12-09T01:47:17.744+0000][1][safepoint    ] Leaving safepoint region
[2019-12-09T01:47:17.744+0000][1][safepoint    ] Total time for which application threads were stopped: 0.0000836 seconds, Stopping threads took: 0.0000172 seconds
[2019-12-09T01:47:18.744+0000][1][safepoint    ] Application time: 1.0000863 seconds
[2019-12-09T01:47:18.744+0000][1][safepoint    ] Entering safepoint region: Cleanup
[2019-12-09T01:47:18.744+0000][1][safepoint    ] Leaving safepoint region
[2019-12-09T01:47:18.744+0000][1][safepoint    ] Total time for which application threads were stopped: 0.0001020 seconds, Stopping threads took: 0.0000220 seconds
[2019-12-09T01:47:19.744+0000][1][safepoint    ] Application time: 1.0000863 seconds
[2019-12-09T01:47:19.745+0000][1][safepoint    ] Entering safepoint region: Cleanup
[2019-12-09T01:47:19.745+0000][1][safepoint    ] Leaving safepoint region
[2019-12-09T01:47:19.745+0000][1][safepoint    ] Total time for which application threads were stopped: 0.0001229 seconds, Stopping threads took: 0.0000267 seconds
[2019-12-09T01:47:20.745+0000][1][safepoint    ] Application time: 1.0000799 seconds
[2019-12-09T01:47:20.745+0000][1][safepoint    ] Entering safepoint region: Cleanup
[2019-12-09T01:47:20.745+0000][1][safepoint    ] Leaving safepoint region
[2019-12-09T01:47:20.745+0000][1][safepoint    ] Total time for which application threads were stopped: 0.0000882 seconds, Stopping threads took: 0.0000244 seconds
[2019-12-09T01:47:21.745+0000][1][safepoint    ] Application time: 1.0000749 seconds
[2019-12-09T01:47:21.745+0000][1][safepoint    ] Entering safepoint region: Cleanup
[2019-12-09T01:47:21.745+0000][1][safepoint    ] Leaving safepoint region
[2019-12-09T01:47:21.745+0000][1][safepoint    ] Total time for which application threads were stopped: 0.0000918 seconds, Stopping threads took: 0.0000181 seconds
[2019-12-09T01:47:22.745+0000][1][safepoint    ] Application time: 1.0000751 seconds
[2019-12-09T01:47:22.745+0000][1][safepoint    ] Entering safepoint region: Cleanup
[2019-12-09T01:47:22.745+0000][1][safepoint    ] Leaving safepoint region
[2019-12-09T01:47:22.745+0000][1][safepoint    ] Total time for which application threads were stopped: 0.0000745 seconds, Stopping threads took: 0.0000176 seconds
[2019-12-09T01:47:23.745+0000][1][safepoint    ] Application time: 1.0000754 seconds
[2019-12-09T01:47:23.745+0000][1][safepoint    ] Entering safepoint region: Cleanup
[2019-12-09T01:47:23.745+0000][1][safepoint    ] Leaving safepoint region
[2019-12-09T01:47:23.745+0000][1][safepoint    ] Total time for which application threads were stopped: 0.0000758 seconds, Stopping threads took: 0.0000178 seconds
[2019-12-09T01:47:24.746+0000][1][safepoint    ] Application time: 1.0000770 seconds
[2019-12-09T01:47:24.746+0000][1][safepoint    ] Entering safepoint region: Cleanup
[2019-12-09T01:47:24.746+0000][1][safepoint    ] Leaving safepoint region
[2019-12-09T01:47:24.746+0000][1][safepoint    ] Total time for which application threads were stopped: 0.0000791 seconds, Stopping threads took: 0.0000167 seconds
[2019-12-09T01:47:25.746+0000][1][safepoint    ] Application time: 1.0000760 seconds
[2019-12-09T01:47:25.746+0000][1][safepoint    ] Entering safepoint region: Cleanup
[2019-12-09T01:47:25.746+0000][1][safepoint    ] Leaving safepoint region
[2019-12-09T01:47:25.746+0000][1][safepoint    ] Total time for which application threads were stopped: 0.0000815 seconds, Stopping threads took: 0.0000166 seconds
[2019-12-09T01:47:26.746+0000][1][safepoint    ] Application time: 1.0000762 seconds
[2019-12-09T01:47:26.746+0000][1][safepoint    ] Entering safepoint region: Cleanup
[2019-12-09T01:47:26.746+0000][1][safepoint    ] Leaving safepoint region
[2019-12-09T01:47:26.746+0000][1][safepoint    ] Total time for which application threads were stopped: 0.0000781 seconds, Stopping threads took: 0.0000167 seconds
[2019-12-09T01:47:27.774+0000][1][safepoint    ] Application time: 1.0276781 seconds
[2019-12-09T01:47:27.774+0000][1][safepoint    ] Entering safepoint region: Cleanup
[2019-12-09T01:47:27.774+0000][1][safepoint    ] Leaving safepoint region
[2019-12-09T01:47:27.774+0000][1][safepoint    ] Total time for which application threads were stopped: 0.0001129 seconds, Stopping threads took: 0.0000216 seconds
[2019-12-09T01:47:28.774+0000][1][safepoint    ] Application time: 1.0000764 seconds
[2019-12-09T01:47:28.774+0000][1][safepoint    ] Entering safepoint region: Cleanup
[2019-12-09T01:47:28.774+0000][1][safepoint    ] Leaving safepoint region
[2019-12-09T01:47:28.774+0000][1][safepoint    ] Total time for which application threads were stopped: 0.0000724 seconds, Stopping threads took: 0.0000176 seconds
[2019-12-09T01:47:29.775+0000][1][safepoint    ] Application time: 1.0012141 seconds
[2019-12-09T01:47:29.775+0000][1][safepoint    ] Entering safepoint region: Cleanup
[2019-12-09T01:47:29.775+0000][1][safepoint    ] Leaving safepoint region
[2019-12-09T01:47:29.775+0000][1][safepoint    ] Total time for which application threads were stopped: 0.0001031 seconds, Stopping threads took: 0.0000235 seconds
[2019-12-09T01:47:30.776+0000][1][safepoint    ] Application time: 1.0001980 seconds
[2019-12-09T01:47:30.776+0000][1][safepoint    ] Entering safepoint region: Cleanup
[2019-12-09T01:47:30.776+0000][1][safepoint    ] Leaving safepoint region
[2019-12-09T01:47:30.776+0000][1][safepoint    ] Total time for which application threads were stopped: 0.0001144 seconds, Stopping threads took: 0.0000230 seconds
[2019-12-09T01:47:31.776+0000][1][safepoint    ] Application time: 1.0000858 seconds
[2019-12-09T01:47:31.776+0000][1][safepoint    ] Entering safepoint region: Cleanup
[2019-12-09T01:47:31.776+0000][1][safepoint    ] Leaving safepoint region
[2019-12-09T01:47:31.776+0000][1][safepoint    ] Total time for which application threads were stopped: 0.0001192 seconds, Stopping threads took: 0.0000494 seconds
[2019-12-09T01:47:32.776+0000][1][safepoint    ] Application time: 1.0000857 seconds
[2019-12-09T01:47:32.776+0000][1][safepoint    ] Entering safepoint region: Cleanup
[2019-12-09T01:47:32.776+0000][1][safepoint    ] Leaving safepoint region
[2019-12-09T01:47:32.776+0000][1][safepoint    ] Total time for which application threads were stopped: 0.0000724 seconds, Stopping threads took: 0.0000163 seconds
[2019-12-09T01:47:33.776+0000][1][safepoint    ] Application time: 1.0000761 seconds
[2019-12-09T01:47:33.776+0000][1][safepoint    ] Entering safepoint region: Cleanup
[2019-12-09T01:47:33.776+0000][1][safepoint    ] Leaving safepoint region
[2019-12-09T01:47:33.776+0000][1][safepoint    ] Total time for which application threads were stopped: 0.0000831 seconds, Stopping threads took: 0.0000255 seconds
[2019-12-09T01:47:34.777+0000][1][safepoint    ] Application time: 1.0000767 seconds
[2019-12-09T01:47:34.777+0000][1][safepoint    ] Entering safepoint region: Cleanup
[2019-12-09T01:47:34.777+0000][1][safepoint    ] Leaving safepoint region
[2019-12-09T01:47:34.777+0000][1][safepoint    ] Total time for which application threads were stopped: 0.0000794 seconds, Stopping threads took: 0.0000181 seconds
[2019-12-09T01:47:35.777+0000][1][safepoint    ] Application time: 1.0000771 seconds
[2019-12-09T01:47:35.777+0000][1][safepoint    ] Entering safepoint region: Cleanup
[2019-12-09T01:47:35.777+0000][1][safepoint    ] Leaving safepoint region
[2019-12-09T01:47:35.777+0000][1][safepoint    ] Total time for which application threads were stopped: 0.0000762 seconds, Stopping threads took: 0.0000177 seconds
[2019-12-09T01:47:36.777+0000][1][safepoint    ] Application time: 1.0000780 seconds
[2019-12-09T01:47:36.777+0000][1][safepoint    ] Entering safepoint region: Cleanup
[2019-12-09T01:47:36.777+0000][1][safepoint    ] Leaving safepoint region
[2019-12-09T01:47:36.777+0000][1][safepoint    ] Total time for which application threads were stopped: 0.0000818 seconds, Stopping threads took: 0.0000178 seconds
[2019-12-09T01:47:37.777+0000][1][safepoint    ] Application time: 1.0000767 seconds
[2019-12-09T01:47:37.777+0000][1][safepoint    ] Entering safepoint region: Cleanup
[2019-12-09T01:47:37.777+0000][1][safepoint    ] Leaving safepoint region
[2019-12-09T01:47:37.777+0000][1][safepoint    ] Total time for which application threads were stopped: 0.0000716 seconds, Stopping threads took: 0.0000159 seconds
[2019-12-09T01:47:38.777+0000][1][safepoint    ] Application time: 1.0000905 seconds
[2019-12-09T01:47:38.777+0000][1][safepoint    ] Entering safepoint region: Cleanup
[2019-12-09T01:47:38.777+0000][1][safepoint    ] Leaving safepoint region
[2019-12-09T01:47:38.777+0000][1][safepoint    ] Total time for which application threads were stopped: 0.0001063 seconds, Stopping threads took: 0.0000237 seconds
[2019-12-09T01:47:39.778+0000][1][safepoint    ] Application time: 1.0000768 seconds
[2019-12-09T01:47:39.778+0000][1][safepoint    ] Entering safepoint region: Cleanup
[2019-12-09T01:47:39.778+0000][1][safepoint    ] Leaving safepoint region
[2019-12-09T01:47:39.778+0000][1][safepoint    ] Total time for which application threads were stopped: 0.0000731 seconds, Stopping threads took: 0.0000167 seconds
[2019-12-09T01:47:40.778+0000][1][safepoint    ] Application time: 1.0000782 seconds
[2019-12-09T01:47:40.778+0000][1][safepoint    ] Entering safepoint region: Cleanup
[2019-12-09T01:47:40.778+0000][1][safepoint    ] Leaving safepoint region
[2019-12-09T01:47:40.778+0000][1][safepoint    ] Total time for which application threads were stopped: 0.0000836 seconds, Stopping threads took: 0.0000166 seconds
[2019-12-09T01:47:41.778+0000][1][safepoint    ] Application time: 1.0000761 seconds
[2019-12-09T01:47:41.778+0000][1][safepoint    ] Entering safepoint region: Cleanup
[2019-12-09T01:47:41.778+0000][1][safepoint    ] Leaving safepoint region
[2019-12-09T01:47:41.778+0000][1][safepoint    ] Total time for which application threads were stopped: 0.0000823 seconds, Stopping threads took: 0.0000188 seconds
[2019-12-09T01:47:42.778+0000][1][safepoint    ] Application time: 1.0000750 seconds
[2019-12-09T01:47:42.778+0000][1][safepoint    ] Entering safepoint region: Cleanup
[2019-12-09T01:47:42.778+0000][1][safepoint    ] Leaving safepoint region
[2019-12-09T01:47:42.778+0000][1][safepoint    ] Total time for which application threads were stopped: 0.0000744 seconds, Stopping threads took: 0.0000150 seconds
[2019-12-09T01:47:43.778+0000][1][safepoint    ] Application time: 1.0000754 seconds
[2019-12-09T01:47:43.778+0000][1][safepoint    ] Entering safepoint region: Cleanup
[2019-12-09T01:47:43.778+0000][1][safepoint    ] Leaving safepoint region
[2019-12-09T01:47:43.778+0000][1][safepoint    ] Total time for which application threads were stopped: 0.0000762 seconds, Stopping threads took: 0.0000180 seconds
[2019-12-09T01:47:44.779+0000][1][safepoint    ] Application time: 1.0000757 seconds
[2019-12-09T01:47:44.779+0000][1][safepoint    ] Entering safepoint region: Cleanup
[2019-12-09T01:47:44.779+0000][1][safepoint    ] Leaving safepoint region
[2019-12-09T01:47:44.779+0000][1][safepoint    ] Total time for which application threads were stopped: 0.0000765 seconds, Stopping threads took: 0.0000173 seconds
[2019-12-09T01:47:45.779+0000][1][safepoint    ] Application time: 1.0000759 seconds
[2019-12-09T01:47:45.779+0000][1][safepoint    ] Entering safepoint region: Cleanup
[2019-12-09T01:47:45.779+0000][1][safepoint    ] Leaving safepoint region
[2019-12-09T01:47:45.779+0000][1][safepoint    ] Total time for which application threads were stopped: 0.0000750 seconds, Stopping threads took: 0.0000176 seconds
[2019-12-09T01:47:46.779+0000][1][safepoint    ] Application time: 1.0000751 seconds
[2019-12-09T01:47:46.779+0000][1][safepoint    ] Entering safepoint region: Cleanup
[2019-12-09T01:47:46.779+0000][1][safepoint    ] Leaving safepoint region
[2019-12-09T01:47:46.779+0000][1][safepoint    ] Total time for which application threads were stopped: 0.0000757 seconds, Stopping threads took: 0.0000166 seconds
[2019-12-09T01:47:47.779+0000][1][safepoint    ] Application time: 1.0000779 seconds
[2019-12-09T01:47:47.779+0000][1][safepoint    ] Entering safepoint region: Cleanup
[2019-12-09T01:47:47.779+0000][1][safepoint    ] Leaving safepoint region
[2019-12-09T01:47:47.779+0000][1][safepoint    ] Total time for which application threads were stopped: 0.0000744 seconds, Stopping threads took: 0.0000165 seconds
[2019-12-09T01:47:48.779+0000][1][safepoint    ] Application time: 1.0000732 seconds
[2019-12-09T01:47:48.779+0000][1][safepoint    ] Entering safepoint region: Cleanup
[2019-12-09T01:47:48.779+0000][1][safepoint    ] Leaving safepoint region
[2019-12-09T01:47:48.779+0000][1][safepoint    ] Total time for which application threads were stopped: 0.0000934 seconds, Stopping threads took: 0.0000287 seconds
[2019-12-09T01:47:49.780+0000][1][safepoint    ] Application time: 1.0002809 seconds
[2019-12-09T01:47:49.780+0000][1][safepoint    ] Entering safepoint region: Cleanup
[2019-12-09T01:47:49.780+0000][1][safepoint    ] Leaving safepoint region
[2019-12-09T01:47:49.780+0000][1][safepoint    ] Total time for which application threads were stopped: 0.0001051 seconds, Stopping threads took: 0.0000265 seconds
[2019-12-09T01:47:50.780+0000][1][safepoint    ] Application time: 1.0000755 seconds
[2019-12-09T01:47:50.780+0000][1][safepoint    ] Entering safepoint region: Cleanup
[2019-12-09T01:47:50.780+0000][1][safepoint    ] Leaving safepoint region
[2019-12-09T01:47:50.780+0000][1][safepoint    ] Total time for which application threads were stopped: 0.0000742 seconds, Stopping threads took: 0.0000175 seconds
[2019-12-09T01:47:51.780+0000][1][safepoint    ] Application time: 1.0000767 seconds
[2019-12-09T01:47:51.780+0000][1][safepoint    ] Entering safepoint region: Cleanup
[2019-12-09T01:47:51.780+0000][1][safepoint    ] Leaving safepoint region
[2019-12-09T01:47:51.780+0000][1][safepoint    ] Total time for which application threads were stopped: 0.0000726 seconds, Stopping threads took: 0.0000171 seconds
[2019-12-09T01:47:52.780+0000][1][safepoint    ] Application time: 1.0000775 seconds
[2019-12-09T01:47:52.780+0000][1][safepoint    ] Entering safepoint region: Cleanup
[2019-12-09T01:47:52.780+0000][1][safepoint    ] Leaving safepoint region
[2019-12-09T01:47:52.780+0000][1][safepoint    ] Total time for which application threads were stopped: 0.0000769 seconds, Stopping threads took: 0.0000172 seconds
[2019-12-09T01:47:53.781+0000][1][safepoint    ] Application time: 1.0000776 seconds
[2019-12-09T01:47:53.781+0000][1][safepoint    ] Entering safepoint region: Cleanup
[2019-12-09T01:47:53.781+0000][1][safepoint    ] Leaving safepoint region
[2019-12-09T01:47:53.781+0000][1][safepoint    ] Total time for which application threads were stopped: 0.0000716 seconds, Stopping threads took: 0.0000160 seconds
[2019-12-09T01:47:54.781+0000][1][safepoint    ] Application time: 1.0000816 seconds
[2019-12-09T01:47:54.781+0000][1][safepoint    ] Entering safepoint region: Cleanup
[2019-12-09T01:47:54.781+0000][1][safepoint    ] Leaving safepoint region
[2019-12-09T01:47:54.781+0000][1][safepoint    ] Total time for which application threads were stopped: 0.0000742 seconds, Stopping threads took: 0.0000163 seconds
[2019-12-09T01:47:55.782+0000][1][safepoint    ] Application time: 1.0009366 seconds
[2019-12-09T01:47:55.782+0000][1][safepoint    ] Entering safepoint region: Cleanup
[2019-12-09T01:47:55.782+0000][1][safepoint    ] Leaving safepoint region
[2019-12-09T01:47:55.782+0000][1][safepoint    ] Total time for which application threads were stopped: 0.0001183 seconds, Stopping threads took: 0.0000263 seconds
[2019-12-09T01:47:56.782+0000][1][safepoint    ] Application time: 1.0000802 seconds
[2019-12-09T01:47:56.782+0000][1][safepoint    ] Entering safepoint region: Cleanup
[2019-12-09T01:47:56.782+0000][1][safepoint    ] Leaving safepoint region
[2019-12-09T01:47:56.782+0000][1][safepoint    ] Total time for which application threads were stopped: 0.0000788 seconds, Stopping threads took: 0.0000231 seconds
[2019-12-09T01:47:57.782+0000][1][safepoint    ] Application time: 1.0000762 seconds
[2019-12-09T01:47:57.782+0000][1][safepoint    ] Entering safepoint region: Cleanup
[2019-12-09T01:47:57.782+0000][1][safepoint    ] Leaving safepoint region
[2019-12-09T01:47:57.782+0000][1][safepoint    ] Total time for which application threads were stopped: 0.0000708 seconds, Stopping threads took: 0.0000157 seconds
[2019-12-09T01:47:58.782+0000][1][safepoint    ] Application time: 1.0000771 seconds
[2019-12-09T01:47:58.782+0000][1][safepoint    ] Entering safepoint region: Cleanup
[2019-12-09T01:47:58.782+0000][1][safepoint    ] Leaving safepoint region
[2019-12-09T01:47:58.782+0000][1][safepoint    ] Total time for which application threads were stopped: 0.0000786 seconds, Stopping threads took: 0.0000172 seconds
[2019-12-09T01:47:59.783+0000][1][safepoint    ] Application time: 1.0000753 seconds
[2019-12-09T01:47:59.783+0000][1][safepoint    ] Entering safepoint region: Cleanup
[2019-12-09T01:47:59.783+0000][1][safepoint    ] Leaving safepoint region
[2019-12-09T01:47:59.783+0000][1][safepoint    ] Total time for which application threads were stopped: 0.0000724 seconds, Stopping threads took: 0.0000171 seconds
[2019-12-09T01:48:00.783+0000][1][safepoint    ] Application time: 1.0000510 seconds
[2019-12-09T01:48:00.783+0000][1][safepoint    ] Entering safepoint region: Cleanup
[2019-12-09T01:48:00.783+0000][1][safepoint    ] Leaving safepoint region
[2019-12-09T01:48:00.783+0000][1][safepoint    ] Total time for which application threads were stopped: 0.0000731 seconds, Stopping threads took: 0.0000168 seconds
[2019-12-09T01:48:01.784+0000][1][safepoint    ] Application time: 1.0007175 seconds
[2019-12-09T01:48:01.784+0000][1][safepoint    ] Entering safepoint region: Cleanup
[2019-12-09T01:48:01.784+0000][1][safepoint    ] Leaving safepoint region
[2019-12-09T01:48:01.784+0000][1][safepoint    ] Total time for which application threads were stopped: 0.0001036 seconds, Stopping threads took: 0.0000226 seconds
[2019-12-09T01:48:02.784+0000][1][safepoint    ] Application time: 1.0003576 seconds
[2019-12-09T01:48:02.784+0000][1][safepoint    ] Entering safepoint region: Cleanup
[2019-12-09T01:48:02.784+0000][1][safepoint    ] Leaving safepoint region
[2019-12-09T01:48:02.784+0000][1][safepoint    ] Total time for which application threads were stopped: 0.0001127 seconds, Stopping threads took: 0.0000257 seconds
[2019-12-09T01:48:03.785+0000][1][safepoint    ] Application time: 1.0008857 seconds
[2019-12-09T01:48:03.785+0000][1][safepoint    ] Entering safepoint region: Cleanup
[2019-12-09T01:48:03.785+0000][1][safepoint    ] Leaving safepoint region
[2019-12-09T01:48:03.785+0000][1][safepoint    ] Total time for which application threads were stopped: 0.0001043 seconds, Stopping threads took: 0.0000235 seconds
[2019-12-09T01:48:04.785+0000][1][safepoint    ] Application time: 1.0000823 seconds
[2019-12-09T01:48:04.785+0000][1][safepoint    ] Entering safepoint region: Cleanup
[2019-12-09T01:48:04.785+0000][1][safepoint    ] Leaving safepoint region
[2019-12-09T01:48:04.785+0000][1][safepoint    ] Total time for which application threads were stopped: 0.0001049 seconds, Stopping threads took: 0.0000221 seconds
[2019-12-09T01:48:05.786+0000][1][safepoint    ] Application time: 1.0000878 seconds
[2019-12-09T01:48:05.786+0000][1][safepoint    ] Entering safepoint region: Cleanup
[2019-12-09T01:48:05.786+0000][1][safepoint    ] Leaving safepoint region
[2019-12-09T01:48:05.786+0000][1][safepoint    ] Total time for which application threads were stopped: 0.0001259 seconds, Stopping threads took: 0.0000236 seconds
[2019-12-09T01:48:06.786+0000][1][safepoint    ] Application time: 1.0000836 seconds
[2019-12-09T01:48:06.786+0000][1][safepoint    ] Entering safepoint region: Cleanup
[2019-12-09T01:48:06.786+0000][1][safepoint    ] Leaving safepoint region
[2019-12-09T01:48:06.786+0000][1][safepoint    ] Total time for which application threads were stopped: 0.0000886 seconds, Stopping threads took: 0.0000194 seconds
[2019-12-09T01:48:07.676+0000][1][safepoint    ] Application time: 0.8899169 seconds
[2019-12-09T01:48:07.676+0000][1][safepoint    ] Entering safepoint region: GenCollectForAllocation
[2019-12-09T01:48:07.676+0000][1][gc,start     ] GC(26) Pause Young (Allocation Failure)
[2019-12-09T01:48:07.676+0000][1][gc,task      ] GC(26) Using 2 workers of 2 for evacuation
[2019-12-09T01:48:07.682+0000][1][gc,age       ] GC(26) Desired survivor size 4456448 bytes, new threshold 6 (max threshold 6)
[2019-12-09T01:48:07.682+0000][1][gc,age       ] GC(26) Age table with threshold 6 (max threshold 6)
[2019-12-09T01:48:07.682+0000][1][gc,age       ] GC(26) - age   1:      13672 bytes,      13672 total
[2019-12-09T01:48:07.682+0000][1][gc,age       ] GC(26) - age   2:      25776 bytes,      39448 total
[2019-12-09T01:48:07.682+0000][1][gc,age       ] GC(26) - age   3:    1938912 bytes,    1978360 total
[2019-12-09T01:48:07.682+0000][1][gc,heap      ] GC(26) ParNew: 75732K->2888K(78656K)
[2019-12-09T01:48:07.682+0000][1][gc,heap      ] GC(26) CMS: 67772K->67772K(174784K)
[2019-12-09T01:48:07.682+0000][1][gc,metaspace ] GC(26) Metaspace: 68846K->68846K(1112064K)
[2019-12-09T01:48:07.682+0000][1][gc           ] GC(26) Pause Young (Allocation Failure) 140M->69M(247M) 5.790ms
[2019-12-09T01:48:07.682+0000][1][gc,cpu       ] GC(26) User=0.01s Sys=0.00s Real=0.00s
[2019-12-09T01:48:07.682+0000][1][safepoint    ] Leaving safepoint region
[2019-12-09T01:48:07.682+0000][1][safepoint    ] Total time for which application threads were stopped: 0.0059405 seconds, Stopping threads took: 0.0000225 seconds
[2019-12-09T01:48:08.682+0000][1][safepoint    ] Application time: 1.0000893 seconds
[2019-12-09T01:48:08.682+0000][1][safepoint    ] Entering safepoint region: Cleanup
[2019-12-09T01:48:08.682+0000][1][safepoint    ] Leaving safepoint region
[2019-12-09T01:48:08.682+0000][1][safepoint    ] Total time for which application threads were stopped: 0.0000761 seconds, Stopping threads took: 0.0000181 seconds
[2019-12-09T01:48:09.682+0000][1][safepoint    ] Application time: 1.0000757 seconds
[2019-12-09T01:48:09.682+0000][1][safepoint    ] Entering safepoint region: Cleanup
[2019-12-09T01:48:09.682+0000][1][safepoint    ] Leaving safepoint region
[2019-12-09T01:48:09.682+0000][1][safepoint    ] Total time for which application threads were stopped: 0.0000767 seconds, Stopping threads took: 0.0000179 seconds
[2019-12-09T01:48:10.682+0000][1][safepoint    ] Application time: 1.0000732 seconds
[2019-12-09T01:48:10.682+0000][1][safepoint    ] Entering safepoint region: Cleanup
[2019-12-09T01:48:10.682+0000][1][safepoint    ] Leaving safepoint region
[2019-12-09T01:48:10.682+0000][1][safepoint    ] Total time for which application threads were stopped: 0.0000790 seconds, Stopping threads took: 0.0000194 seconds
[2019-12-09T01:48:11.683+0000][1][safepoint    ] Application time: 1.0004346 seconds
[2019-12-09T01:48:11.683+0000][1][safepoint    ] Entering safepoint region: Cleanup
[2019-12-09T01:48:11.683+0000][1][safepoint    ] Leaving safepoint region
[2019-12-09T01:48:11.683+0000][1][safepoint    ] Total time for which application threads were stopped: 0.0001107 seconds, Stopping threads took: 0.0000261 seconds
[2019-12-09T01:48:12.683+0000][1][safepoint    ] Application time: 1.0000776 seconds
[2019-12-09T01:48:12.683+0000][1][safepoint    ] Entering safepoint region: Cleanup
[2019-12-09T01:48:12.683+0000][1][safepoint    ] Leaving safepoint region
[2019-12-09T01:48:12.683+0000][1][safepoint    ] Total time for which application threads were stopped: 0.0000773 seconds, Stopping threads took: 0.0000190 seconds
[2019-12-09T01:48:13.683+0000][1][safepoint    ] Application time: 1.0000753 seconds
[2019-12-09T01:48:13.683+0000][1][safepoint    ] Entering safepoint region: Cleanup
[2019-12-09T01:48:13.683+0000][1][safepoint    ] Leaving safepoint region
[2019-12-09T01:48:13.683+0000][1][safepoint    ] Total time for which application threads were stopped: 0.0000761 seconds, Stopping threads took: 0.0000184 seconds
[2019-12-09T01:48:14.684+0000][1][safepoint    ] Application time: 1.0000775 seconds
[2019-12-09T01:48:14.684+0000][1][safepoint    ] Entering safepoint region: Cleanup
[2019-12-09T01:48:14.684+0000][1][safepoint    ] Leaving safepoint region
[2019-12-09T01:48:14.684+0000][1][safepoint    ] Total time for which application threads were stopped: 0.0000818 seconds, Stopping threads took: 0.0000199 seconds
[2019-12-09T01:48:15.684+0000][1][safepoint    ] Application time: 1.0000767 seconds
[2019-12-09T01:48:15.684+0000][1][safepoint    ] Entering safepoint region: Cleanup
[2019-12-09T01:48:15.684+0000][1][safepoint    ] Leaving safepoint region
[2019-12-09T01:48:15.684+0000][1][safepoint    ] Total time for which application threads were stopped: 0.0000846 seconds, Stopping threads took: 0.0000176 seconds
[2019-12-09T01:48:16.684+0000][1][safepoint    ] Application time: 1.0000789 seconds
[2019-12-09T01:48:16.684+0000][1][safepoint    ] Entering safepoint region: Cleanup
[2019-12-09T01:48:16.684+0000][1][safepoint    ] Leaving safepoint region
[2019-12-09T01:48:16.684+0000][1][safepoint    ] Total time for which application threads were stopped: 0.0000800 seconds, Stopping threads took: 0.0000187 seconds
[2019-12-09T01:48:17.684+0000][1][safepoint    ] Application time: 1.0000746 seconds
[2019-12-09T01:48:17.684+0000][1][safepoint    ] Entering safepoint region: Cleanup
[2019-12-09T01:48:17.684+0000][1][safepoint    ] Leaving safepoint region
[2019-12-09T01:48:17.684+0000][1][safepoint    ] Total time for which application threads were stopped: 0.0000790 seconds, Stopping threads took: 0.0000184 seconds
[2019-12-09T01:48:18.684+0000][1][safepoint    ] Application time: 1.0000786 seconds
[2019-12-09T01:48:18.684+0000][1][safepoint    ] Entering safepoint region: Cleanup
[2019-12-09T01:48:18.684+0000][1][safepoint    ] Leaving safepoint region
[2019-12-09T01:48:18.684+0000][1][safepoint    ] Total time for which application threads were stopped: 0.0000748 seconds, Stopping threads took: 0.0000167 seconds
[2019-12-09T01:48:19.685+0000][1][safepoint    ] Application time: 1.0000777 seconds
[2019-12-09T01:48:19.685+0000][1][safepoint    ] Entering safepoint region: Cleanup
[2019-12-09T01:48:19.685+0000][1][safepoint    ] Leaving safepoint region
[2019-12-09T01:48:19.685+0000][1][safepoint    ] Total time for which application threads were stopped: 0.0000923 seconds, Stopping threads took: 0.0000174 seconds
[2019-12-09T01:48:20.685+0000][1][safepoint    ] Application time: 1.0000759 seconds
[2019-12-09T01:48:20.685+0000][1][safepoint    ] Entering safepoint region: Cleanup
[2019-12-09T01:48:20.685+0000][1][safepoint    ] Leaving safepoint region
[2019-12-09T01:48:20.685+0000][1][safepoint    ] Total time for which application threads were stopped: 0.0000910 seconds, Stopping threads took: 0.0000196 seconds
[2019-12-09T01:48:21.685+0000][1][safepoint    ] Application time: 1.0000903 seconds
[2019-12-09T01:48:21.685+0000][1][safepoint    ] Entering safepoint region: Cleanup
[2019-12-09T01:48:21.685+0000][1][safepoint    ] Leaving safepoint region
[2019-12-09T01:48:21.685+0000][1][safepoint    ] Total time for which application threads were stopped: 0.0001386 seconds, Stopping threads took: 0.0000305 seconds
[2019-12-09T01:48:22.042+0000][1][safepoint    ] Application time: 0.3563649 seconds
[2019-12-09T01:48:22.042+0000][1][safepoint    ] Entering safepoint region: RevokeBias
[2019-12-09T01:48:22.042+0000][1][safepoint    ] Leaving safepoint region
[2019-12-09T01:48:22.042+0000][1][safepoint    ] Total time for which application threads were stopped: 0.0001221 seconds, Stopping threads took: 0.0000179 seconds
[2019-12-09T01:48:22.042+0000][1][safepoint    ] Application time: 0.0000823 seconds
[2019-12-09T01:48:22.042+0000][1][safepoint    ] Entering safepoint region: RevokeBias
[2019-12-09T01:48:22.042+0000][1][safepoint    ] Leaving safepoint region
[2019-12-09T01:48:22.042+0000][1][safepoint    ] Total time for which application threads were stopped: 0.0000589 seconds, Stopping threads took: 0.0000083 seconds
[2019-12-09T01:48:22.050+0000][1][safepoint    ] Application time: 0.0079520 seconds
[2019-12-09T01:48:22.055+0000][1][safepoint    ] Entering safepoint region: RevokeBias
[2019-12-09T01:48:22.055+0000][1][safepoint    ] Leaving safepoint region
[2019-12-09T01:48:22.055+0000][1][safepoint    ] Total time for which application threads were stopped: 0.0055229 seconds, Stopping threads took: 0.0054537 seconds
[2019-12-09T01:48:22.056+0000][1][safepoint    ] Application time: 0.0001910 seconds
[2019-12-09T01:48:22.056+0000][1][safepoint    ] Entering safepoint region: RevokeBias
[2019-12-09T01:48:22.056+0000][1][safepoint    ] Leaving safepoint region
[2019-12-09T01:48:22.056+0000][1][safepoint    ] Total time for which application threads were stopped: 0.0000516 seconds, Stopping threads took: 0.0000102 seconds
[2019-12-09T01:48:22.056+0000][1][safepoint    ] Application time: 0.0003663 seconds
[2019-12-09T01:48:22.056+0000][1][safepoint    ] Entering safepoint region: RevokeBias
[2019-12-09T01:48:22.056+0000][1][safepoint    ] Leaving safepoint region
[2019-12-09T01:48:22.056+0000][1][safepoint    ] Total time for which application threads were stopped: 0.0000605 seconds, Stopping threads took: 0.0000127 seconds
[2019-12-09T01:48:22.059+0000][1][safepoint    ] Application time: 0.0028325 seconds
[2019-12-09T01:48:22.059+0000][1][safepoint    ] Entering safepoint region: RevokeBias
[2019-12-09T01:48:22.059+0000][1][safepoint    ] Leaving safepoint region
[2019-12-09T01:48:22.059+0000][1][safepoint    ] Total time for which application threads were stopped: 0.0000682 seconds, Stopping threads took: 0.0000138 seconds
[2019-12-09T01:48:22.059+0000][1][safepoint    ] Application time: 0.0000895 seconds
[2019-12-09T01:48:22.059+0000][1][safepoint    ] Entering safepoint region: RevokeBias
[2019-12-09T01:48:22.059+0000][1][safepoint    ] Leaving safepoint region
[2019-12-09T01:48:22.059+0000][1][safepoint    ] Total time for which application threads were stopped: 0.0000479 seconds, Stopping threads took: 0.0000093 seconds
[2019-12-09T01:48:22.063+0000][1][safepoint    ] Application time: 0.0033748 seconds
[2019-12-09T01:48:22.063+0000][1][safepoint    ] Entering safepoint region: RevokeBias
[2019-12-09T01:48:22.063+0000][1][safepoint    ] Leaving safepoint region
[2019-12-09T01:48:22.063+0000][1][safepoint    ] Total time for which application threads were stopped: 0.0000681 seconds, Stopping threads took: 0.0000121 seconds
[2019-12-09T01:48:22.102+0000][1][safepoint    ] Application time: 0.0388336 seconds
[2019-12-09T01:48:22.102+0000][1][safepoint    ] Entering safepoint region: RevokeBias
[2019-12-09T01:48:22.102+0000][1][safepoint    ] Leaving safepoint region
[2019-12-09T01:48:22.102+0000][1][safepoint    ] Total time for which application threads were stopped: 0.0001086 seconds, Stopping threads took: 0.0000187 seconds
[2019-12-09T01:48:22.168+0000][1][safepoint    ] Application time: 0.0661547 seconds
[2019-12-09T01:48:22.177+0000][1][safepoint    ] Entering safepoint region: RevokeBias
[2019-12-09T01:48:22.177+0000][1][safepoint    ] Leaving safepoint region
[2019-12-09T01:48:22.177+0000][1][safepoint    ] Total time for which application threads were stopped: 0.0093873 seconds, Stopping threads took: 0.0089586 seconds
[2019-12-09T01:48:22.178+0000][1][safepoint    ] Application time: 0.0004916 seconds
[2019-12-09T01:48:22.178+0000][1][safepoint    ] Entering safepoint region: RevokeBias
[2019-12-09T01:48:22.178+0000][1][safepoint    ] Leaving safepoint region
[2019-12-09T01:48:22.178+0000][1][safepoint    ] Total time for which application threads were stopped: 0.0000798 seconds, Stopping threads took: 0.0000155 seconds
[2019-12-09T01:48:22.178+0000][1][safepoint    ] Application time: 0.0001951 seconds
[2019-12-09T01:48:22.178+0000][1][safepoint    ] Entering safepoint region: RevokeBias
[2019-12-09T01:48:22.178+0000][1][safepoint    ] Leaving safepoint region
[2019-12-09T01:48:22.178+0000][1][safepoint    ] Total time for which application threads were stopped: 0.0000623 seconds, Stopping threads took: 0.0000120 seconds
[2019-12-09T01:48:22.246+0000][1][safepoint    ] Application time: 0.0675171 seconds
[2019-12-09T01:48:22.246+0000][1][safepoint    ] Entering safepoint region: RevokeBias
[2019-12-09T01:48:22.246+0000][1][safepoint    ] Leaving safepoint region
[2019-12-09T01:48:22.246+0000][1][safepoint    ] Total time for which application threads were stopped: 0.0001713 seconds, Stopping threads took: 0.0000203 seconds
[2019-12-09T01:48:22.247+0000][1][safepoint    ] Application time: 0.0009671 seconds
[2019-12-09T01:48:22.247+0000][1][safepoint    ] Entering safepoint region: RevokeBias
[2019-12-09T01:48:22.247+0000][1][safepoint    ] Leaving safepoint region
[2019-12-09T01:48:22.247+0000][1][safepoint    ] Total time for which application threads were stopped: 0.0000826 seconds, Stopping threads took: 0.0000176 seconds
[2019-12-09T01:48:22.247+0000][1][safepoint    ] Application time: 0.0000955 seconds
[2019-12-09T01:48:22.247+0000][1][safepoint    ] Entering safepoint region: RevokeBias
[2019-12-09T01:48:22.247+0000][1][safepoint    ] Leaving safepoint region
[2019-12-09T01:48:22.247+0000][1][safepoint    ] Total time for which application threads were stopped: 0.0000600 seconds, Stopping threads took: 0.0000123 seconds
[2019-12-09T01:48:22.247+0000][1][safepoint    ] Application time: 0.0000506 seconds
[2019-12-09T01:48:22.247+0000][1][safepoint    ] Entering safepoint region: RevokeBias
[2019-12-09T01:48:22.247+0000][1][safepoint    ] Leaving safepoint region
[2019-12-09T01:48:22.247+0000][1][safepoint    ] Total time for which application threads were stopped: 0.0000530 seconds, Stopping threads took: 0.0000098 seconds
[2019-12-09T01:48:22.247+0000][1][safepoint    ] Application time: 0.0001672 seconds
[2019-12-09T01:48:22.247+0000][1][safepoint    ] Entering safepoint region: RevokeBias
[2019-12-09T01:48:22.247+0000][1][safepoint    ] Leaving safepoint region
[2019-12-09T01:48:22.247+0000][1][safepoint    ] Total time for which application threads were stopped: 0.0000592 seconds, Stopping threads took: 0.0000119 seconds
[2019-12-09T01:48:22.249+0000][1][safepoint    ] Application time: 0.0012776 seconds
[2019-12-09T01:48:22.249+0000][1][safepoint    ] Entering safepoint region: RevokeBias
[2019-12-09T01:48:22.249+0000][1][safepoint    ] Leaving safepoint region
[2019-12-09T01:48:22.249+0000][1][safepoint    ] Total time for which application threads were stopped: 0.0000656 seconds, Stopping threads took: 0.0000142 seconds
[2019-12-09T01:48:22.249+0000][1][safepoint    ] Application time: 0.0003367 seconds
[2019-12-09T01:48:22.249+0000][1][safepoint    ] Entering safepoint region: RevokeBias
[2019-12-09T01:48:22.249+0000][1][safepoint    ] Leaving safepoint region
[2019-12-09T01:48:22.249+0000][1][safepoint    ] Total time for which application threads were stopped: 0.0000711 seconds, Stopping threads took: 0.0000131 seconds
[2019-12-09T01:48:22.266+0000][1][safepoint    ] Application time: 0.0168857 seconds
[2019-12-09T01:48:22.266+0000][1][safepoint    ] Entering safepoint region: RevokeBias
[2019-12-09T01:48:22.266+0000][1][safepoint    ] Leaving safepoint region
[2019-12-09T01:48:22.266+0000][1][safepoint    ] Total time for which application threads were stopped: 0.0002713 seconds, Stopping threads took: 0.0001064 seconds
[2019-12-09T01:48:22.278+0000][1][safepoint    ] Application time: 0.0111765 seconds
[2019-12-09T01:48:22.278+0000][1][safepoint    ] Entering safepoint region: RevokeBias
[2019-12-09T01:48:22.278+0000][1][safepoint    ] Leaving safepoint region
[2019-12-09T01:48:22.278+0000][1][safepoint    ] Total time for which application threads were stopped: 0.0002185 seconds, Stopping threads took: 0.0000636 seconds
[2019-12-09T01:48:22.283+0000][1][safepoint    ] Application time: 0.0053443 seconds
[2019-12-09T01:48:22.302+0000][1][safepoint    ] Entering safepoint region: RevokeBias
[2019-12-09T01:48:22.302+0000][1][safepoint    ] Leaving safepoint region
[2019-12-09T01:48:22.302+0000][1][safepoint    ] Total time for which application threads were stopped: 0.0187198 seconds, Stopping threads took: 0.0186198 seconds
[2019-12-09T01:48:22.307+0000][1][safepoint    ] Application time: 0.0048892 seconds
[2019-12-09T01:48:22.364+0000][1][safepoint    ] Entering safepoint region: RevokeBias
[2019-12-09T01:48:22.364+0000][1][safepoint    ] Leaving safepoint region
[2019-12-09T01:48:22.364+0000][1][safepoint    ] Total time for which application threads were stopped: 0.0571051 seconds, Stopping threads took: 0.0569660 seconds
[2019-12-09T01:48:22.372+0000][1][safepoint    ] Application time: 0.0083305 seconds
[2019-12-09T01:48:22.372+0000][1][safepoint    ] Entering safepoint region: RevokeBias
[2019-12-09T01:48:22.373+0000][1][safepoint    ] Leaving safepoint region
[2019-12-09T01:48:22.373+0000][1][safepoint    ] Total time for which application threads were stopped: 0.0001398 seconds, Stopping threads took: 0.0000651 seconds
[2019-12-09T01:48:22.387+0000][1][safepoint    ] Application time: 0.0141693 seconds
[2019-12-09T01:48:22.387+0000][1][safepoint    ] Entering safepoint region: RevokeBias
[2019-12-09T01:48:22.387+0000][1][safepoint    ] Leaving safepoint region
[2019-12-09T01:48:22.387+0000][1][safepoint    ] Total time for which application threads were stopped: 0.0001793 seconds, Stopping threads took: 0.0001132 seconds
[2019-12-09T01:48:22.387+0000][1][safepoint    ] Application time: 0.0000999 seconds
[2019-12-09T01:48:22.387+0000][1][safepoint    ] Entering safepoint region: RevokeBias
[2019-12-09T01:48:22.387+0000][1][safepoint    ] Leaving safepoint region
[2019-12-09T01:48:22.387+0000][1][safepoint    ] Total time for which application threads were stopped: 0.0000482 seconds, Stopping threads took: 0.0000080 seconds
[2019-12-09T01:48:22.387+0000][1][safepoint    ] Application time: 0.0000722 seconds
[2019-12-09T01:48:22.387+0000][1][safepoint    ] Entering safepoint region: RevokeBias
[2019-12-09T01:48:22.387+0000][1][safepoint    ] Leaving safepoint region
[2019-12-09T01:48:22.387+0000][1][safepoint    ] Total time for which application threads were stopped: 0.0000448 seconds, Stopping threads took: 0.0000076 seconds
[2019-12-09T01:48:22.387+0000][1][safepoint    ] Application time: 0.0001854 seconds
[2019-12-09T01:48:22.387+0000][1][safepoint    ] Entering safepoint region: RevokeBias
[2019-12-09T01:48:22.387+0000][1][safepoint    ] Leaving safepoint region
[2019-12-09T01:48:22.387+0000][1][safepoint    ] Total time for which application threads were stopped: 0.0000566 seconds, Stopping threads took: 0.0000084 seconds
[2019-12-09T01:48:22.387+0000][1][safepoint    ] Application time: 0.0000487 seconds
[2019-12-09T01:48:22.388+0000][1][safepoint    ] Entering safepoint region: RevokeBias
[2019-12-09T01:48:22.388+0000][1][safepoint    ] Leaving safepoint region
[2019-12-09T01:48:22.388+0000][1][safepoint    ] Total time for which application threads were stopped: 0.0000474 seconds, Stopping threads took: 0.0000082 seconds
[2019-12-09T01:48:22.388+0000][1][safepoint    ] Application time: 0.0006571 seconds
[2019-12-09T01:48:22.388+0000][1][safepoint    ] Entering safepoint region: RevokeBias
[2019-12-09T01:48:22.388+0000][1][safepoint    ] Leaving safepoint region
[2019-12-09T01:48:22.388+0000][1][safepoint    ] Total time for which application threads were stopped: 0.0000749 seconds, Stopping threads took: 0.0000126 seconds
[2019-12-09T01:48:22.388+0000][1][safepoint    ] Application time: 0.0000667 seconds
[2019-12-09T01:48:22.388+0000][1][safepoint    ] Entering safepoint region: RevokeBias
[2019-12-09T01:48:22.388+0000][1][safepoint    ] Leaving safepoint region
[2019-12-09T01:48:22.388+0000][1][safepoint    ] Total time for which application threads were stopped: 0.0000532 seconds, Stopping threads took: 0.0000083 seconds
[2019-12-09T01:48:22.389+0000][1][safepoint    ] Application time: 0.0000619 seconds
[2019-12-09T01:48:22.389+0000][1][safepoint    ] Entering safepoint region: RevokeBias
[2019-12-09T01:48:22.389+0000][1][safepoint    ] Leaving safepoint region
[2019-12-09T01:48:22.389+0000][1][safepoint    ] Total time for which application threads were stopped: 0.0000512 seconds, Stopping threads took: 0.0000090 seconds
[2019-12-09T01:48:22.389+0000][1][safepoint    ] Application time: 0.0000794 seconds
[2019-12-09T01:48:22.389+0000][1][safepoint    ] Entering safepoint region: RevokeBias
[2019-12-09T01:48:22.389+0000][1][safepoint    ] Leaving safepoint region
[2019-12-09T01:48:22.389+0000][1][safepoint    ] Total time for which application threads were stopped: 0.0000526 seconds, Stopping threads took: 0.0000098 seconds
[2019-12-09T01:48:22.389+0000][1][safepoint    ] Application time: 0.0000752 seconds
[2019-12-09T01:48:22.389+0000][1][safepoint    ] Entering safepoint region: RevokeBias
[2019-12-09T01:48:22.389+0000][1][safepoint    ] Leaving safepoint region
[2019-12-09T01:48:22.389+0000][1][safepoint    ] Total time for which application threads were stopped: 0.0000472 seconds, Stopping threads took: 0.0000083 seconds
[2019-12-09T01:48:22.389+0000][1][safepoint    ] Application time: 0.0000779 seconds
[2019-12-09T01:48:22.389+0000][1][safepoint    ] Entering safepoint region: RevokeBias
[2019-12-09T01:48:22.389+0000][1][safepoint    ] Leaving safepoint region
[2019-12-09T01:48:22.389+0000][1][safepoint    ] Total time for which application threads were stopped: 0.0000492 seconds, Stopping threads took: 0.0000089 seconds
[2019-12-09T01:48:22.416+0000][1][safepoint    ] Application time: 0.0264848 seconds
[2019-12-09T01:48:22.416+0000][1][safepoint    ] Entering safepoint region: RevokeBias
[2019-12-09T01:48:22.416+0000][1][safepoint    ] Leaving safepoint region
[2019-12-09T01:48:22.416+0000][1][safepoint    ] Total time for which application threads were stopped: 0.0001025 seconds, Stopping threads took: 0.0000154 seconds
[2019-12-09T01:48:22.416+0000][1][safepoint    ] Application time: 0.0003893 seconds
[2019-12-09T01:48:22.416+0000][1][safepoint    ] Entering safepoint region: BulkRevokeBias
[2019-12-09T01:48:22.417+0000][1][safepoint    ] Leaving safepoint region
[2019-12-09T01:48:22.417+0000][1][safepoint    ] Total time for which application threads were stopped: 0.0004526 seconds, Stopping threads took: 0.0000124 seconds
[2019-12-09T01:48:22.459+0000][1][safepoint    ] Application time: 0.0426951 seconds
[2019-12-09T01:48:22.460+0000][1][safepoint    ] Entering safepoint region: RevokeBias
[2019-12-09T01:48:22.460+0000][1][safepoint    ] Leaving safepoint region
[2019-12-09T01:48:22.460+0000][1][safepoint    ] Total time for which application threads were stopped: 0.0006635 seconds, Stopping threads took: 0.0005525 seconds
[2019-12-09T01:48:22.473+0000][1][safepoint    ] Application time: 0.0130341 seconds
[2019-12-09T01:48:22.473+0000][1][safepoint    ] Entering safepoint region: RevokeBias
[2019-12-09T01:48:22.473+0000][1][safepoint    ] Leaving safepoint region
[2019-12-09T01:48:22.473+0000][1][safepoint    ] Total time for which application threads were stopped: 0.0000976 seconds, Stopping threads took: 0.0000149 seconds
[2019-12-09T01:48:22.473+0000][1][safepoint    ] Application time: 0.0000773 seconds
[2019-12-09T01:48:22.473+0000][1][safepoint    ] Entering safepoint region: RevokeBias
[2019-12-09T01:48:22.473+0000][1][safepoint    ] Leaving safepoint region
[2019-12-09T01:48:22.473+0000][1][safepoint    ] Total time for which application threads were stopped: 0.0000520 seconds, Stopping threads took: 0.0000085 seconds
[2019-12-09T01:48:22.500+0000][1][safepoint    ] Application time: 0.0272271 seconds
[2019-12-09T01:48:22.501+0000][1][safepoint    ] Entering safepoint region: RevokeBias
[2019-12-09T01:48:22.501+0000][1][safepoint    ] Leaving safepoint region
[2019-12-09T01:48:22.501+0000][1][safepoint    ] Total time for which application threads were stopped: 0.0000956 seconds, Stopping threads took: 0.0000156 seconds
[2019-12-09T01:48:22.524+0000][1][safepoint    ] Application time: 0.0232466 seconds
[2019-12-09T01:48:22.524+0000][1][safepoint    ] Entering safepoint region: RevokeBias
[2019-12-09T01:48:22.524+0000][1][safepoint    ] Leaving safepoint region
[2019-12-09T01:48:22.524+0000][1][safepoint    ] Total time for which application threads were stopped: 0.0001267 seconds, Stopping threads took: 0.0000671 seconds
[2019-12-09T01:48:22.573+0000][1][safepoint    ] Application time: 0.0486238 seconds
[2019-12-09T01:48:22.573+0000][1][safepoint    ] Entering safepoint region: RevokeBias
[2019-12-09T01:48:22.573+0000][1][safepoint    ] Leaving safepoint region
[2019-12-09T01:48:22.573+0000][1][safepoint    ] Total time for which application threads were stopped: 0.0001251 seconds, Stopping threads took: 0.0000329 seconds
[2019-12-09T01:48:22.573+0000][1][safepoint    ] Application time: 0.0006102 seconds
[2019-12-09T01:48:22.573+0000][1][safepoint    ] Entering safepoint region: RevokeBias
[2019-12-09T01:48:22.574+0000][1][safepoint    ] Leaving safepoint region
[2019-12-09T01:48:22.574+0000][1][safepoint    ] Total time for which application threads were stopped: 0.0000782 seconds, Stopping threads took: 0.0000142 seconds
[2019-12-09T01:48:22.577+0000][1][safepoint    ] Application time: 0.0039096 seconds
[2019-12-09T01:48:22.577+0000][1][safepoint    ] Entering safepoint region: RevokeBias
[2019-12-09T01:48:22.578+0000][1][safepoint    ] Leaving safepoint region
[2019-12-09T01:48:22.578+0000][1][safepoint    ] Total time for which application threads were stopped: 0.0000633 seconds, Stopping threads took: 0.0000145 seconds
[2019-12-09T01:48:22.598+0000][1][safepoint    ] Application time: 0.0201346 seconds
[2019-12-09T01:48:22.598+0000][1][safepoint    ] Entering safepoint region: RevokeBias
[2019-12-09T01:48:22.598+0000][1][safepoint    ] Leaving safepoint region
[2019-12-09T01:48:22.598+0000][1][safepoint    ] Total time for which application threads were stopped: 0.0000486 seconds, Stopping threads took: 0.0000136 seconds
[2019-12-09T01:48:22.611+0000][1][safepoint    ] Application time: 0.0128799 seconds
[2019-12-09T01:48:22.611+0000][1][safepoint    ] Entering safepoint region: RevokeBias
[2019-12-09T01:48:22.611+0000][1][safepoint    ] Leaving safepoint region
[2019-12-09T01:48:22.611+0000][1][safepoint    ] Total time for which application threads were stopped: 0.0000548 seconds, Stopping threads took: 0.0000105 seconds
[2019-12-09T01:48:22.612+0000][1][safepoint    ] Application time: 0.0013346 seconds
[2019-12-09T01:48:22.612+0000][1][safepoint    ] Entering safepoint region: RevokeBias
[2019-12-09T01:48:22.612+0000][1][safepoint    ] Leaving safepoint region
[2019-12-09T01:48:22.612+0000][1][safepoint    ] Total time for which application threads were stopped: 0.0000514 seconds, Stopping threads took: 0.0000111 seconds
[2019-12-09T01:48:22.622+0000][1][gc,heap,exit ] Heap
[2019-12-09T01:48:22.622+0000][1][gc,heap,exit ]  par new generation   total 78656K, used 22373K [0x00000000f0000000, 0x00000000f5550000, 0x00000000f5550000)
[2019-12-09T01:48:22.622+0000][1][gc,heap,exit ]   eden space 69952K,  27% used [0x00000000f0000000, 0x00000000f1307448, 0x00000000f4450000)
[2019-12-09T01:48:22.622+0000][1][gc,heap,exit ]   from space 8704K,  33% used [0x00000000f4450000, 0x00000000f47221f0, 0x00000000f4cd0000)
[2019-12-09T01:48:22.622+0000][1][gc,heap,exit ]   to   space 8704K,   0% used [0x00000000f4cd0000, 0x00000000f4cd0000, 0x00000000f5550000)
[2019-12-09T01:48:22.622+0000][1][gc,heap,exit ]  concurrent mark-sweep generation total 174784K, used 67772K [0x00000000f5550000, 0x0000000100000000, 0x0000000100000000)
[2019-12-09T01:48:22.622+0000][1][gc,heap,exit ]  Metaspace       used 69124K, capacity 74286K, committed 74472K, reserved 1112064K
[2019-12-09T01:48:22.622+0000][1][gc,heap,exit ]   class space    used 9352K, capacity 11527K, committed 11636K, reserved 1048576K
[2019-12-09T01:48:22.622+0000][1][safepoint    ] Application time: 0.0099377 seconds
[2019-12-09T01:48:22.622+0000][1][safepoint    ] Entering safepoint region: Exit
