[2019-12-09T03:05:02.123+0000][1][gc] Using Concurrent Mark Sweep
[2019-12-09T03:05:02.123+0000][1][gc,heap,coops] Heap address: 0x00000000f0000000, size: 256 MB, Compressed Oops mode: 32-bit
[2019-12-09T03:05:02.391+0000][1][safepoint    ] Entering safepoint region: EnableBiasedLocking
[2019-12-09T03:05:02.391+0000][1][safepoint    ] Leaving safepoint region
[2019-12-09T03:05:02.391+0000][1][safepoint    ] Total time for which application threads were stopped: 0.0271901 seconds, Stopping threads took: 0.0270897 seconds
[2019-12-09T03:05:02.422+0000][1][safepoint    ] Application time: 0.0303471 seconds
[2019-12-09T03:05:02.469+0000][1][safepoint    ] Entering safepoint region: RevokeBias
[2019-12-09T03:05:02.469+0000][1][safepoint    ] Leaving safepoint region
[2019-12-09T03:05:02.469+0000][1][safepoint    ] Total time for which application threads were stopped: 0.0471394 seconds, Stopping threads took: 0.0470589 seconds
[2019-12-09T03:05:02.483+0000][1][safepoint    ] Application time: 0.0136417 seconds
[2019-12-09T03:05:02.483+0000][1][safepoint    ] Entering safepoint region: Deoptimize
[2019-12-09T03:05:02.483+0000][1][safepoint    ] Leaving safepoint region
[2019-12-09T03:05:02.483+0000][1][safepoint    ] Total time for which application threads were stopped: 0.0000504 seconds, Stopping threads took: 0.0000099 seconds
[2019-12-09T03:05:03.284+0000][1][safepoint    ] Application time: 0.8017898 seconds
[2019-12-09T03:05:03.285+0000][1][safepoint    ] Entering safepoint region: Deoptimize
[2019-12-09T03:05:03.285+0000][1][safepoint    ] Leaving safepoint region
[2019-12-09T03:05:03.285+0000][1][safepoint    ] Total time for which application threads were stopped: 0.0001021 seconds, Stopping threads took: 0.0000115 seconds
[2019-12-09T03:05:04.288+0000][1][safepoint    ] Application time: 1.0031098 seconds
[2019-12-09T03:05:04.329+0000][1][safepoint    ] Entering safepoint region: Cleanup
[2019-12-09T03:05:04.329+0000][1][safepoint    ] Leaving safepoint region
[2019-12-09T03:05:04.329+0000][1][safepoint    ] Total time for which application threads were stopped: 0.0410981 seconds, Stopping threads took: 0.0410262 seconds
[2019-12-09T03:05:05.332+0000][1][safepoint    ] Application time: 1.0028268 seconds
[2019-12-09T03:05:05.337+0000][1][safepoint    ] Entering safepoint region: Cleanup
[2019-12-09T03:05:05.337+0000][1][safepoint    ] Leaving safepoint region
[2019-12-09T03:05:05.337+0000][1][safepoint    ] Total time for which application threads were stopped: 0.0050655 seconds, Stopping threads took: 0.0050007 seconds
[2019-12-09T03:05:05.393+0000][1][safepoint    ] Application time: 0.0562407 seconds
[2019-12-09T03:05:05.402+0000][1][safepoint    ] Entering safepoint region: Deoptimize
[2019-12-09T03:05:05.402+0000][1][safepoint    ] Leaving safepoint region
[2019-12-09T03:05:05.402+0000][1][safepoint    ] Total time for which application threads were stopped: 0.0087624 seconds, Stopping threads took: 0.0086315 seconds
[2019-12-09T03:05:05.606+0000][1][safepoint    ] Application time: 0.2038838 seconds
[2019-12-09T03:05:05.606+0000][1][safepoint    ] Entering safepoint region: Deoptimize
[2019-12-09T03:05:05.606+0000][1][safepoint    ] Leaving safepoint region
[2019-12-09T03:05:05.606+0000][1][safepoint    ] Total time for which application threads were stopped: 0.0001835 seconds, Stopping threads took: 0.0000507 seconds
[2019-12-09T03:05:06.023+0000][1][safepoint    ] Application time: 0.4167348 seconds
[2019-12-09T03:05:06.023+0000][1][safepoint    ] Entering safepoint region: Deoptimize
[2019-12-09T03:05:06.023+0000][1][safepoint    ] Leaving safepoint region
[2019-12-09T03:05:06.023+0000][1][safepoint    ] Total time for which application threads were stopped: 0.0001661 seconds, Stopping threads took: 0.0000120 seconds
[2019-12-09T03:05:06.084+0000][1][safepoint    ] Application time: 0.0608067 seconds
[2019-12-09T03:05:06.084+0000][1][safepoint    ] Entering safepoint region: Deoptimize
[2019-12-09T03:05:06.084+0000][1][safepoint    ] Leaving safepoint region
[2019-12-09T03:05:06.084+0000][1][safepoint    ] Total time for which application threads were stopped: 0.0001534 seconds, Stopping threads took: 0.0000117 seconds
[2019-12-09T03:05:07.089+0000][1][safepoint    ] Application time: 1.0047642 seconds
[2019-12-09T03:05:07.126+0000][1][safepoint    ] Entering safepoint region: Cleanup
[2019-12-09T03:05:07.126+0000][1][safepoint    ] Leaving safepoint region
[2019-12-09T03:05:07.126+0000][1][safepoint    ] Total time for which application threads were stopped: 0.0369790 seconds, Stopping threads took: 0.0369103 seconds
[2019-12-09T03:05:08.127+0000][1][safepoint    ] Application time: 1.0009725 seconds
[2019-12-09T03:05:08.142+0000][1][safepoint    ] Entering safepoint region: Cleanup
[2019-12-09T03:05:08.142+0000][1][safepoint    ] Leaving safepoint region
[2019-12-09T03:05:08.142+0000][1][safepoint    ] Total time for which application threads were stopped: 0.0150434 seconds, Stopping threads took: 0.0149917 seconds
[2019-12-09T03:05:09.163+0000][1][safepoint    ] Application time: 1.0209110 seconds
[2019-12-09T03:05:09.163+0000][1][safepoint    ] Entering safepoint region: Cleanup
[2019-12-09T03:05:09.163+0000][1][safepoint    ] Leaving safepoint region
[2019-12-09T03:05:09.163+0000][1][safepoint    ] Total time for which application threads were stopped: 0.0000637 seconds, Stopping threads took: 0.0000133 seconds
[2019-12-09T03:05:09.818+0000][1][safepoint    ] Application time: 0.6555739 seconds
[2019-12-09T03:05:09.818+0000][1][safepoint    ] Entering safepoint region: Deoptimize
[2019-12-09T03:05:09.819+0000][1][safepoint    ] Leaving safepoint region
[2019-12-09T03:05:09.819+0000][1][safepoint    ] Total time for which application threads were stopped: 0.0001921 seconds, Stopping threads took: 0.0000118 seconds
[2019-12-09T03:05:10.819+0000][1][safepoint    ] Application time: 1.0001009 seconds
[2019-12-09T03:05:10.819+0000][1][safepoint    ] Entering safepoint region: Cleanup
[2019-12-09T03:05:10.819+0000][1][safepoint    ] Leaving safepoint region
[2019-12-09T03:05:10.819+0000][1][safepoint    ] Total time for which application threads were stopped: 0.0000549 seconds, Stopping threads took: 0.0000138 seconds
[2019-12-09T03:05:11.869+0000][1][safepoint    ] Application time: 1.0498789 seconds
[2019-12-09T03:05:11.869+0000][1][safepoint    ] Entering safepoint region: Cleanup
[2019-12-09T03:05:11.869+0000][1][safepoint    ] Leaving safepoint region
[2019-12-09T03:05:11.869+0000][1][safepoint    ] Total time for which application threads were stopped: 0.0001174 seconds, Stopping threads took: 0.0000468 seconds
[2019-12-09T03:05:12.551+0000][1][safepoint    ] Application time: 0.6819779 seconds
[2019-12-09T03:05:12.551+0000][1][safepoint    ] Entering safepoint region: Deoptimize
[2019-12-09T03:05:12.551+0000][1][safepoint    ] Leaving safepoint region
[2019-12-09T03:05:12.551+0000][1][safepoint    ] Total time for which application threads were stopped: 0.0003181 seconds, Stopping threads took: 0.0000443 seconds
[2019-12-09T03:05:13.486+0000][1][safepoint    ] Application time: 0.9345031 seconds
[2019-12-09T03:05:13.486+0000][1][safepoint    ] Entering safepoint region: Deoptimize
[2019-12-09T03:05:13.486+0000][1][safepoint    ] Leaving safepoint region
[2019-12-09T03:05:13.486+0000][1][safepoint    ] Total time for which application threads were stopped: 0.0003014 seconds, Stopping threads took: 0.0000415 seconds
[2019-12-09T03:05:13.537+0000][1][safepoint    ] Application time: 0.0506633 seconds
[2019-12-09T03:05:13.537+0000][1][safepoint    ] Entering safepoint region: Deoptimize
[2019-12-09T03:05:13.537+0000][1][safepoint    ] Leaving safepoint region
[2019-12-09T03:05:13.537+0000][1][safepoint    ] Total time for which application threads were stopped: 0.0002325 seconds, Stopping threads took: 0.0000106 seconds
[2019-12-09T03:05:13.768+0000][1][safepoint    ] Application time: 0.2307161 seconds
[2019-12-09T03:05:13.768+0000][1][safepoint    ] Entering safepoint region: Deoptimize
[2019-12-09T03:05:13.768+0000][1][safepoint    ] Leaving safepoint region
[2019-12-09T03:05:13.768+0000][1][safepoint    ] Total time for which application threads were stopped: 0.0002674 seconds, Stopping threads took: 0.0000116 seconds
[2019-12-09T03:05:13.826+0000][1][safepoint    ] Application time: 0.0577326 seconds
[2019-12-09T03:05:13.826+0000][1][safepoint    ] Entering safepoint region: RevokeBias
[2019-12-09T03:05:13.826+0000][1][safepoint    ] Leaving safepoint region
[2019-12-09T03:05:13.826+0000][1][safepoint    ] Total time for which application threads were stopped: 0.0000797 seconds, Stopping threads took: 0.0000304 seconds
[2019-12-09T03:05:13.826+0000][1][safepoint    ] Application time: 0.0001890 seconds
[2019-12-09T03:05:13.826+0000][1][safepoint    ] Entering safepoint region: RevokeBias
[2019-12-09T03:05:13.826+0000][1][safepoint    ] Leaving safepoint region
[2019-12-09T03:05:13.826+0000][1][safepoint    ] Total time for which application threads were stopped: 0.0000401 seconds, Stopping threads took: 0.0000082 seconds
[2019-12-09T03:05:13.826+0000][1][safepoint    ] Application time: 0.0000534 seconds
[2019-12-09T03:05:13.826+0000][1][safepoint    ] Entering safepoint region: RevokeBias
[2019-12-09T03:05:13.826+0000][1][safepoint    ] Leaving safepoint region
[2019-12-09T03:05:13.826+0000][1][safepoint    ] Total time for which application threads were stopped: 0.0000283 seconds, Stopping threads took: 0.0000066 seconds
[2019-12-09T03:05:13.826+0000][1][safepoint    ] Application time: 0.0000729 seconds
[2019-12-09T03:05:13.826+0000][1][safepoint    ] Entering safepoint region: RevokeBias
[2019-12-09T03:05:13.826+0000][1][safepoint    ] Leaving safepoint region
[2019-12-09T03:05:13.826+0000][1][safepoint    ] Total time for which application threads were stopped: 0.0000347 seconds, Stopping threads took: 0.0000081 seconds
[2019-12-09T03:05:13.826+0000][1][safepoint    ] Application time: 0.0001485 seconds
[2019-12-09T03:05:13.827+0000][1][safepoint    ] Entering safepoint region: RevokeBias
[2019-12-09T03:05:13.827+0000][1][safepoint    ] Leaving safepoint region
[2019-12-09T03:05:13.827+0000][1][safepoint    ] Total time for which application threads were stopped: 0.0000344 seconds, Stopping threads took: 0.0000075 seconds
[2019-12-09T03:05:13.859+0000][1][safepoint    ] Application time: 0.0326814 seconds
[2019-12-09T03:05:13.859+0000][1][safepoint    ] Entering safepoint region: Deoptimize
[2019-12-09T03:05:13.859+0000][1][safepoint    ] Leaving safepoint region
[2019-12-09T03:05:13.859+0000][1][safepoint    ] Total time for which application threads were stopped: 0.0002335 seconds, Stopping threads took: 0.0000120 seconds
[2019-12-09T03:05:14.861+0000][1][safepoint    ] Application time: 1.0012072 seconds
[2019-12-09T03:05:14.906+0000][1][safepoint    ] Entering safepoint region: Cleanup
[2019-12-09T03:05:14.906+0000][1][safepoint    ] Leaving safepoint region
[2019-12-09T03:05:14.906+0000][1][safepoint    ] Total time for which application threads were stopped: 0.0451150 seconds, Stopping threads took: 0.0450384 seconds
[2019-12-09T03:05:15.740+0000][1][safepoint    ] Application time: 0.8338483 seconds
[2019-12-09T03:05:15.740+0000][1][safepoint    ] Entering safepoint region: GenCollectForAllocation
[2019-12-09T03:05:15.740+0000][1][gc,start     ] GC(0) Pause Young (Allocation Failure)
[2019-12-09T03:05:15.740+0000][1][gc,task      ] GC(0) Using 2 workers of 2 for evacuation
[2019-12-09T03:05:15.814+0000][1][gc,age       ] GC(0) Desired survivor size 4456448 bytes, new threshold 1 (max threshold 6)
[2019-12-09T03:05:15.814+0000][1][gc,age       ] GC(0) Age table with threshold 1 (max threshold 6)
[2019-12-09T03:05:15.814+0000][1][gc,age       ] GC(0) - age   1:    6713472 bytes,    6713472 total
[2019-12-09T03:05:15.814+0000][1][gc,heap      ] GC(0) ParNew: 69952K->6601K(78656K)
[2019-12-09T03:05:15.814+0000][1][gc,heap      ] GC(0) CMS: 0K->0K(174784K)
[2019-12-09T03:05:15.814+0000][1][gc,metaspace ] GC(0) Metaspace: 12845K->12845K(1060864K)
[2019-12-09T03:05:15.814+0000][1][gc           ] GC(0) Pause Young (Allocation Failure) 68M->6M(247M) 74.450ms
[2019-12-09T03:05:15.814+0000][1][gc,cpu       ] GC(0) User=0.03s Sys=0.00s Real=0.07s
[2019-12-09T03:05:15.814+0000][1][safepoint    ] Leaving safepoint region
[2019-12-09T03:05:15.814+0000][1][safepoint    ] Total time for which application threads were stopped: 0.0746251 seconds, Stopping threads took: 0.0000137 seconds
[2019-12-09T03:05:15.845+0000][1][safepoint    ] Application time: 0.0301539 seconds
[2019-12-09T03:05:15.864+0000][1][safepoint    ] Entering safepoint region: RevokeBias
[2019-12-09T03:05:15.865+0000][1][safepoint    ] Leaving safepoint region
[2019-12-09T03:05:15.865+0000][1][safepoint    ] Total time for which application threads were stopped: 0.0200742 seconds, Stopping threads took: 0.0199518 seconds
[2019-12-09T03:05:15.865+0000][1][safepoint    ] Application time: 0.0001581 seconds
[2019-12-09T03:05:15.865+0000][1][safepoint    ] Entering safepoint region: RevokeBias
[2019-12-09T03:05:15.865+0000][1][safepoint    ] Leaving safepoint region
[2019-12-09T03:05:15.865+0000][1][safepoint    ] Total time for which application threads were stopped: 0.0000794 seconds, Stopping threads took: 0.0000086 seconds
[2019-12-09T03:05:15.865+0000][1][safepoint    ] Application time: 0.0000638 seconds
[2019-12-09T03:05:15.865+0000][1][safepoint    ] Entering safepoint region: RevokeBias
[2019-12-09T03:05:15.865+0000][1][safepoint    ] Leaving safepoint region
[2019-12-09T03:05:15.865+0000][1][safepoint    ] Total time for which application threads were stopped: 0.0000594 seconds, Stopping threads took: 0.0000076 seconds
[2019-12-09T03:05:15.865+0000][1][safepoint    ] Application time: 0.0000466 seconds
[2019-12-09T03:05:15.865+0000][1][safepoint    ] Entering safepoint region: RevokeBias
[2019-12-09T03:05:15.865+0000][1][safepoint    ] Leaving safepoint region
[2019-12-09T03:05:15.865+0000][1][safepoint    ] Total time for which application threads were stopped: 0.0000544 seconds, Stopping threads took: 0.0000076 seconds
[2019-12-09T03:05:15.865+0000][1][safepoint    ] Application time: 0.0000505 seconds
[2019-12-09T03:05:15.865+0000][1][safepoint    ] Entering safepoint region: RevokeBias
[2019-12-09T03:05:15.865+0000][1][safepoint    ] Leaving safepoint region
[2019-12-09T03:05:15.865+0000][1][safepoint    ] Total time for which application threads were stopped: 0.0000535 seconds, Stopping threads took: 0.0000070 seconds
[2019-12-09T03:05:15.865+0000][1][safepoint    ] Application time: 0.0000457 seconds
[2019-12-09T03:05:15.865+0000][1][safepoint    ] Entering safepoint region: RevokeBias
[2019-12-09T03:05:15.865+0000][1][safepoint    ] Leaving safepoint region
[2019-12-09T03:05:15.865+0000][1][safepoint    ] Total time for which application threads were stopped: 0.0000544 seconds, Stopping threads took: 0.0000073 seconds
[2019-12-09T03:05:15.865+0000][1][safepoint    ] Application time: 0.0000549 seconds
[2019-12-09T03:05:15.865+0000][1][safepoint    ] Entering safepoint region: RevokeBias
[2019-12-09T03:05:15.866+0000][1][safepoint    ] Leaving safepoint region
[2019-12-09T03:05:15.866+0000][1][safepoint    ] Total time for which application threads were stopped: 0.0000603 seconds, Stopping threads took: 0.0000073 seconds
[2019-12-09T03:05:15.866+0000][1][safepoint    ] Application time: 0.0000488 seconds
[2019-12-09T03:05:15.866+0000][1][safepoint    ] Entering safepoint region: RevokeBias
[2019-12-09T03:05:15.866+0000][1][safepoint    ] Leaving safepoint region
[2019-12-09T03:05:15.866+0000][1][safepoint    ] Total time for which application threads were stopped: 0.0000616 seconds, Stopping threads took: 0.0000081 seconds
[2019-12-09T03:05:15.866+0000][1][safepoint    ] Application time: 0.0000710 seconds
[2019-12-09T03:05:15.866+0000][1][safepoint    ] Entering safepoint region: RevokeBias
[2019-12-09T03:05:15.866+0000][1][safepoint    ] Leaving safepoint region
[2019-12-09T03:05:15.866+0000][1][safepoint    ] Total time for which application threads were stopped: 0.0000630 seconds, Stopping threads took: 0.0000082 seconds
[2019-12-09T03:05:15.866+0000][1][safepoint    ] Application time: 0.0000487 seconds
[2019-12-09T03:05:15.866+0000][1][safepoint    ] Entering safepoint region: RevokeBias
[2019-12-09T03:05:15.866+0000][1][safepoint    ] Leaving safepoint region
[2019-12-09T03:05:15.866+0000][1][safepoint    ] Total time for which application threads were stopped: 0.0000659 seconds, Stopping threads took: 0.0000160 seconds
[2019-12-09T03:05:15.866+0000][1][safepoint    ] Application time: 0.0000543 seconds
[2019-12-09T03:05:15.866+0000][1][safepoint    ] Entering safepoint region: RevokeBias
[2019-12-09T03:05:15.866+0000][1][safepoint    ] Leaving safepoint region
[2019-12-09T03:05:15.866+0000][1][safepoint    ] Total time for which application threads were stopped: 0.0000545 seconds, Stopping threads took: 0.0000067 seconds
[2019-12-09T03:05:15.866+0000][1][safepoint    ] Application time: 0.0000464 seconds
[2019-12-09T03:05:15.866+0000][1][safepoint    ] Entering safepoint region: RevokeBias
[2019-12-09T03:05:15.866+0000][1][safepoint    ] Leaving safepoint region
[2019-12-09T03:05:15.866+0000][1][safepoint    ] Total time for which application threads were stopped: 0.0000550 seconds, Stopping threads took: 0.0000067 seconds
[2019-12-09T03:05:15.866+0000][1][safepoint    ] Application time: 0.0000536 seconds
[2019-12-09T03:05:15.866+0000][1][safepoint    ] Entering safepoint region: RevokeBias
[2019-12-09T03:05:15.866+0000][1][safepoint    ] Leaving safepoint region
[2019-12-09T03:05:15.866+0000][1][safepoint    ] Total time for which application threads were stopped: 0.0000549 seconds, Stopping threads took: 0.0000074 seconds
[2019-12-09T03:05:15.866+0000][1][safepoint    ] Application time: 0.0000471 seconds
[2019-12-09T03:05:15.866+0000][1][safepoint    ] Entering safepoint region: RevokeBias
[2019-12-09T03:05:15.866+0000][1][safepoint    ] Leaving safepoint region
[2019-12-09T03:05:15.866+0000][1][safepoint    ] Total time for which application threads were stopped: 0.0000545 seconds, Stopping threads took: 0.0000074 seconds
[2019-12-09T03:05:15.866+0000][1][safepoint    ] Application time: 0.0000535 seconds
[2019-12-09T03:05:15.866+0000][1][safepoint    ] Entering safepoint region: RevokeBias
[2019-12-09T03:05:15.867+0000][1][safepoint    ] Leaving safepoint region
[2019-12-09T03:05:15.867+0000][1][safepoint    ] Total time for which application threads were stopped: 0.0000558 seconds, Stopping threads took: 0.0000072 seconds
[2019-12-09T03:05:15.867+0000][1][safepoint    ] Application time: 0.0000469 seconds
[2019-12-09T03:05:15.867+0000][1][safepoint    ] Entering safepoint region: RevokeBias
[2019-12-09T03:05:15.867+0000][1][safepoint    ] Leaving safepoint region
[2019-12-09T03:05:15.867+0000][1][safepoint    ] Total time for which application threads were stopped: 0.0000551 seconds, Stopping threads took: 0.0000073 seconds
[2019-12-09T03:05:15.867+0000][1][safepoint    ] Application time: 0.0000708 seconds
[2019-12-09T03:05:15.867+0000][1][safepoint    ] Entering safepoint region: RevokeBias
[2019-12-09T03:05:15.867+0000][1][safepoint    ] Leaving safepoint region
[2019-12-09T03:05:15.867+0000][1][safepoint    ] Total time for which application threads were stopped: 0.0000552 seconds, Stopping threads took: 0.0000073 seconds
[2019-12-09T03:05:15.867+0000][1][safepoint    ] Application time: 0.0000448 seconds
[2019-12-09T03:05:15.867+0000][1][safepoint    ] Entering safepoint region: RevokeBias
[2019-12-09T03:05:15.867+0000][1][safepoint    ] Leaving safepoint region
[2019-12-09T03:05:15.867+0000][1][safepoint    ] Total time for which application threads were stopped: 0.0000528 seconds, Stopping threads took: 0.0000070 seconds
[2019-12-09T03:05:15.867+0000][1][safepoint    ] Application time: 0.0000715 seconds
[2019-12-09T03:05:15.867+0000][1][safepoint    ] Entering safepoint region: RevokeBias
[2019-12-09T03:05:15.867+0000][1][safepoint    ] Leaving safepoint region
[2019-12-09T03:05:15.867+0000][1][safepoint    ] Total time for which application threads were stopped: 0.0000525 seconds, Stopping threads took: 0.0000070 seconds
[2019-12-09T03:05:15.867+0000][1][safepoint    ] Application time: 0.0000442 seconds
[2019-12-09T03:05:15.867+0000][1][safepoint    ] Entering safepoint region: RevokeBias
[2019-12-09T03:05:15.867+0000][1][safepoint    ] Leaving safepoint region
[2019-12-09T03:05:15.867+0000][1][safepoint    ] Total time for which application threads were stopped: 0.0000577 seconds, Stopping threads took: 0.0000125 seconds
[2019-12-09T03:05:15.867+0000][1][safepoint    ] Application time: 0.0000539 seconds
[2019-12-09T03:05:15.867+0000][1][safepoint    ] Entering safepoint region: RevokeBias
[2019-12-09T03:05:15.867+0000][1][safepoint    ] Leaving safepoint region
[2019-12-09T03:05:15.867+0000][1][safepoint    ] Total time for which application threads were stopped: 0.0000553 seconds, Stopping threads took: 0.0000075 seconds
[2019-12-09T03:05:15.867+0000][1][safepoint    ] Application time: 0.0000455 seconds
[2019-12-09T03:05:15.867+0000][1][safepoint    ] Entering safepoint region: RevokeBias
[2019-12-09T03:05:15.867+0000][1][safepoint    ] Leaving safepoint region
[2019-12-09T03:05:15.867+0000][1][safepoint    ] Total time for which application threads were stopped: 0.0000538 seconds, Stopping threads took: 0.0000066 seconds
[2019-12-09T03:05:15.867+0000][1][safepoint    ] Application time: 0.0000522 seconds
[2019-12-09T03:05:15.867+0000][1][safepoint    ] Entering safepoint region: RevokeBias
[2019-12-09T03:05:15.868+0000][1][safepoint    ] Leaving safepoint region
[2019-12-09T03:05:15.868+0000][1][safepoint    ] Total time for which application threads were stopped: 0.0000545 seconds, Stopping threads took: 0.0000073 seconds
[2019-12-09T03:05:15.868+0000][1][safepoint    ] Application time: 0.0000448 seconds
[2019-12-09T03:05:15.868+0000][1][safepoint    ] Entering safepoint region: RevokeBias
[2019-12-09T03:05:15.868+0000][1][safepoint    ] Leaving safepoint region
[2019-12-09T03:05:15.868+0000][1][safepoint    ] Total time for which application threads were stopped: 0.0000528 seconds, Stopping threads took: 0.0000069 seconds
[2019-12-09T03:05:15.868+0000][1][safepoint    ] Application time: 0.0000847 seconds
[2019-12-09T03:05:15.868+0000][1][safepoint    ] Entering safepoint region: RevokeBias
[2019-12-09T03:05:15.868+0000][1][safepoint    ] Leaving safepoint region
[2019-12-09T03:05:15.868+0000][1][safepoint    ] Total time for which application threads were stopped: 0.0000561 seconds, Stopping threads took: 0.0000076 seconds
[2019-12-09T03:05:15.868+0000][1][safepoint    ] Application time: 0.0000458 seconds
[2019-12-09T03:05:15.868+0000][1][safepoint    ] Entering safepoint region: RevokeBias
[2019-12-09T03:05:15.868+0000][1][safepoint    ] Leaving safepoint region
[2019-12-09T03:05:15.868+0000][1][safepoint    ] Total time for which application threads were stopped: 0.0000544 seconds, Stopping threads took: 0.0000070 seconds
[2019-12-09T03:05:15.868+0000][1][safepoint    ] Application time: 0.0003156 seconds
[2019-12-09T03:05:15.868+0000][1][safepoint    ] Entering safepoint region: RevokeBias
[2019-12-09T03:05:15.868+0000][1][safepoint    ] Leaving safepoint region
[2019-12-09T03:05:15.868+0000][1][safepoint    ] Total time for which application threads were stopped: 0.0000580 seconds, Stopping threads took: 0.0000075 seconds
[2019-12-09T03:05:15.868+0000][1][safepoint    ] Application time: 0.0000470 seconds
[2019-12-09T03:05:15.868+0000][1][safepoint    ] Entering safepoint region: RevokeBias
[2019-12-09T03:05:15.868+0000][1][safepoint    ] Leaving safepoint region
[2019-12-09T03:05:15.868+0000][1][safepoint    ] Total time for which application threads were stopped: 0.0000551 seconds, Stopping threads took: 0.0000076 seconds
[2019-12-09T03:05:15.868+0000][1][safepoint    ] Application time: 0.0000625 seconds
[2019-12-09T03:05:15.868+0000][1][safepoint    ] Entering safepoint region: RevokeBias
[2019-12-09T03:05:15.869+0000][1][safepoint    ] Leaving safepoint region
[2019-12-09T03:05:15.869+0000][1][safepoint    ] Total time for which application threads were stopped: 0.0000577 seconds, Stopping threads took: 0.0000075 seconds
[2019-12-09T03:05:15.869+0000][1][safepoint    ] Application time: 0.0000482 seconds
[2019-12-09T03:05:15.869+0000][1][safepoint    ] Entering safepoint region: RevokeBias
[2019-12-09T03:05:15.869+0000][1][safepoint    ] Leaving safepoint region
[2019-12-09T03:05:15.869+0000][1][safepoint    ] Total time for which application threads were stopped: 0.0000586 seconds, Stopping threads took: 0.0000130 seconds
[2019-12-09T03:05:17.168+0000][1][safepoint    ] Application time: 1.2996501 seconds
[2019-12-09T03:05:17.168+0000][1][safepoint    ] Entering safepoint region: Deoptimize
[2019-12-09T03:05:17.169+0000][1][safepoint    ] Leaving safepoint region
[2019-12-09T03:05:17.169+0000][1][safepoint    ] Total time for which application threads were stopped: 0.0004543 seconds, Stopping threads took: 0.0000132 seconds
[2019-12-09T03:05:18.200+0000][1][safepoint    ] Application time: 1.0308686 seconds
[2019-12-09T03:05:18.279+0000][1][safepoint    ] Entering safepoint region: Cleanup
[2019-12-09T03:05:18.279+0000][1][safepoint    ] Leaving safepoint region
[2019-12-09T03:05:18.279+0000][1][safepoint    ] Total time for which application threads were stopped: 0.0791022 seconds, Stopping threads took: 0.0790180 seconds
[2019-12-09T03:05:18.478+0000][1][safepoint    ] Application time: 0.1991637 seconds
[2019-12-09T03:05:18.478+0000][1][safepoint    ] Entering safepoint region: RevokeBias
[2019-12-09T03:05:18.478+0000][1][safepoint    ] Leaving safepoint region
[2019-12-09T03:05:18.478+0000][1][safepoint    ] Total time for which application threads were stopped: 0.0000875 seconds, Stopping threads took: 0.0000122 seconds
[2019-12-09T03:05:19.484+0000][1][safepoint    ] Application time: 1.0055574 seconds
[2019-12-09T03:05:19.529+0000][1][safepoint    ] Entering safepoint region: Cleanup
[2019-12-09T03:05:19.529+0000][1][safepoint    ] Leaving safepoint region
[2019-12-09T03:05:19.529+0000][1][safepoint    ] Total time for which application threads were stopped: 0.0451421 seconds, Stopping threads took: 0.0450815 seconds
[2019-12-09T03:05:19.927+0000][1][safepoint    ] Application time: 0.3977945 seconds
[2019-12-09T03:05:19.927+0000][1][safepoint    ] Entering safepoint region: GenCollectForAllocation
[2019-12-09T03:05:19.927+0000][1][gc,start     ] GC(1) Pause Young (Allocation Failure)
[2019-12-09T03:05:19.927+0000][1][gc,task      ] GC(1) Using 2 workers of 2 for evacuation
[2019-12-09T03:05:20.291+0000][1][gc,age       ] GC(1) Desired survivor size 4456448 bytes, new threshold 6 (max threshold 6)
[2019-12-09T03:05:20.291+0000][1][gc,age       ] GC(1) Age table with threshold 6 (max threshold 6)
[2019-12-09T03:05:20.291+0000][1][gc,age       ] GC(1) - age   1:    1205920 bytes,    1205920 total
[2019-12-09T03:05:20.291+0000][1][gc,heap      ] GC(1) ParNew: 76553K->4270K(78656K)
[2019-12-09T03:05:20.291+0000][1][gc,heap      ] GC(1) CMS: 0K->7028K(174784K)
[2019-12-09T03:05:20.291+0000][1][gc,metaspace ] GC(1) Metaspace: 14794K->14794K(1062912K)
[2019-12-09T03:05:20.291+0000][1][gc           ] GC(1) Pause Young (Allocation Failure) 74M->11M(247M) 364.260ms
[2019-12-09T03:05:20.291+0000][1][gc,cpu       ] GC(1) User=0.08s Sys=0.00s Real=0.36s
[2019-12-09T03:05:20.291+0000][1][safepoint    ] Leaving safepoint region
[2019-12-09T03:05:20.291+0000][1][safepoint    ] Total time for which application threads were stopped: 0.3644014 seconds, Stopping threads took: 0.0000119 seconds
[2019-12-09T03:05:20.318+0000][1][safepoint    ] Application time: 0.0266016 seconds
[2019-12-09T03:05:20.378+0000][1][safepoint    ] Entering safepoint region: BulkRevokeBias
[2019-12-09T03:05:20.378+0000][1][safepoint    ] Leaving safepoint region
[2019-12-09T03:05:20.378+0000][1][safepoint    ] Total time for which application threads were stopped: 0.0601915 seconds, Stopping threads took: 0.0600335 seconds
[2019-12-09T03:05:20.378+0000][1][safepoint    ] Application time: 0.0001212 seconds
[2019-12-09T03:05:20.378+0000][1][safepoint    ] Entering safepoint region: RevokeBias
[2019-12-09T03:05:20.378+0000][1][safepoint    ] Leaving safepoint region
[2019-12-09T03:05:20.378+0000][1][safepoint    ] Total time for which application threads were stopped: 0.0000616 seconds, Stopping threads took: 0.0000091 seconds
[2019-12-09T03:05:20.378+0000][1][safepoint    ] Application time: 0.0000662 seconds
[2019-12-09T03:05:20.378+0000][1][safepoint    ] Entering safepoint region: RevokeBias
[2019-12-09T03:05:20.378+0000][1][safepoint    ] Leaving safepoint region
[2019-12-09T03:05:20.378+0000][1][safepoint    ] Total time for which application threads were stopped: 0.0000594 seconds, Stopping threads took: 0.0000082 seconds
[2019-12-09T03:05:20.378+0000][1][safepoint    ] Application time: 0.0000337 seconds
[2019-12-09T03:05:20.378+0000][1][safepoint    ] Entering safepoint region: RevokeBias
[2019-12-09T03:05:20.378+0000][1][safepoint    ] Leaving safepoint region
[2019-12-09T03:05:20.378+0000][1][safepoint    ] Total time for which application threads were stopped: 0.0000522 seconds, Stopping threads took: 0.0000080 seconds
[2019-12-09T03:05:20.378+0000][1][safepoint    ] Application time: 0.0000399 seconds
[2019-12-09T03:05:20.378+0000][1][safepoint    ] Entering safepoint region: RevokeBias
[2019-12-09T03:05:20.379+0000][1][safepoint    ] Leaving safepoint region
[2019-12-09T03:05:20.379+0000][1][safepoint    ] Total time for which application threads were stopped: 0.0000484 seconds, Stopping threads took: 0.0000072 seconds
[2019-12-09T03:05:20.379+0000][1][safepoint    ] Application time: 0.0000312 seconds
[2019-12-09T03:05:20.379+0000][1][safepoint    ] Entering safepoint region: RevokeBias
[2019-12-09T03:05:20.379+0000][1][safepoint    ] Leaving safepoint region
[2019-12-09T03:05:20.379+0000][1][safepoint    ] Total time for which application threads were stopped: 0.0000473 seconds, Stopping threads took: 0.0000068 seconds
[2019-12-09T03:05:20.379+0000][1][safepoint    ] Application time: 0.0000408 seconds
[2019-12-09T03:05:20.379+0000][1][safepoint    ] Entering safepoint region: BulkRevokeBias
[2019-12-09T03:05:20.379+0000][1][safepoint    ] Leaving safepoint region
[2019-12-09T03:05:20.379+0000][1][safepoint    ] Total time for which application threads were stopped: 0.0000942 seconds, Stopping threads took: 0.0000257 seconds
[2019-12-09T03:05:20.379+0000][1][safepoint    ] Application time: 0.0000324 seconds
[2019-12-09T03:05:20.379+0000][1][safepoint    ] Entering safepoint region: RevokeBias
[2019-12-09T03:05:20.379+0000][1][safepoint    ] Leaving safepoint region
[2019-12-09T03:05:20.379+0000][1][safepoint    ] Total time for which application threads were stopped: 0.0000447 seconds, Stopping threads took: 0.0000064 seconds
[2019-12-09T03:05:20.379+0000][1][safepoint    ] Application time: 0.0000384 seconds
[2019-12-09T03:05:20.379+0000][1][safepoint    ] Entering safepoint region: BulkRevokeBias
[2019-12-09T03:05:20.379+0000][1][safepoint    ] Leaving safepoint region
[2019-12-09T03:05:20.379+0000][1][safepoint    ] Total time for which application threads were stopped: 0.0000678 seconds, Stopping threads took: 0.0000066 seconds
[2019-12-09T03:05:21.331+0000][1][safepoint    ] Application time: 0.9517276 seconds
[2019-12-09T03:05:21.331+0000][1][safepoint    ] Entering safepoint region: GenCollectForAllocation
[2019-12-09T03:05:21.331+0000][1][gc,start     ] GC(2) Pause Young (Allocation Failure)
[2019-12-09T03:05:21.331+0000][1][gc,task      ] GC(2) Using 2 workers of 2 for evacuation
[2019-12-09T03:05:21.395+0000][1][gc,age       ] GC(2) Desired survivor size 4456448 bytes, new threshold 6 (max threshold 6)
[2019-12-09T03:05:21.395+0000][1][gc,age       ] GC(2) Age table with threshold 6 (max threshold 6)
[2019-12-09T03:05:21.395+0000][1][gc,age       ] GC(2) - age   1:    1082384 bytes,    1082384 total
[2019-12-09T03:05:21.395+0000][1][gc,age       ] GC(2) - age   2:     936440 bytes,    2018824 total
[2019-12-09T03:05:21.395+0000][1][gc,heap      ] GC(2) ParNew: 74222K->3024K(78656K)
[2019-12-09T03:05:21.395+0000][1][gc,heap      ] GC(2) CMS: 7028K->7028K(174784K)
[2019-12-09T03:05:21.395+0000][1][gc,metaspace ] GC(2) Metaspace: 14893K->14893K(1062912K)
[2019-12-09T03:05:21.395+0000][1][gc           ] GC(2) Pause Young (Allocation Failure) 79M->9M(247M) 64.070ms
[2019-12-09T03:05:21.395+0000][1][gc,cpu       ] GC(2) User=0.02s Sys=0.00s Real=0.07s
[2019-12-09T03:05:21.395+0000][1][safepoint    ] Leaving safepoint region
[2019-12-09T03:05:21.395+0000][1][safepoint    ] Total time for which application threads were stopped: 0.0642427 seconds, Stopping threads took: 0.0000146 seconds
[2019-12-09T03:05:21.412+0000][1][safepoint    ] Application time: 0.0168470 seconds
[2019-12-09T03:05:21.412+0000][1][safepoint    ] Entering safepoint region: RevokeBias
[2019-12-09T03:05:21.412+0000][1][safepoint    ] Leaving safepoint region
[2019-12-09T03:05:21.412+0000][1][safepoint    ] Total time for which application threads were stopped: 0.0000995 seconds, Stopping threads took: 0.0000445 seconds
[2019-12-09T03:05:21.412+0000][1][safepoint    ] Application time: 0.0000565 seconds
[2019-12-09T03:05:21.412+0000][1][safepoint    ] Entering safepoint region: RevokeBias
[2019-12-09T03:05:21.412+0000][1][safepoint    ] Leaving safepoint region
[2019-12-09T03:05:21.412+0000][1][safepoint    ] Total time for which application threads were stopped: 0.0000395 seconds, Stopping threads took: 0.0000086 seconds
[2019-12-09T03:05:21.412+0000][1][safepoint    ] Application time: 0.0000622 seconds
[2019-12-09T03:05:21.412+0000][1][safepoint    ] Entering safepoint region: RevokeBias
[2019-12-09T03:05:21.412+0000][1][safepoint    ] Leaving safepoint region
[2019-12-09T03:05:21.412+0000][1][safepoint    ] Total time for which application threads were stopped: 0.0000356 seconds, Stopping threads took: 0.0000083 seconds
[2019-12-09T03:05:21.412+0000][1][safepoint    ] Application time: 0.0000512 seconds
[2019-12-09T03:05:21.412+0000][1][safepoint    ] Entering safepoint region: RevokeBias
[2019-12-09T03:05:21.412+0000][1][safepoint    ] Leaving safepoint region
[2019-12-09T03:05:21.412+0000][1][safepoint    ] Total time for which application threads were stopped: 0.0000343 seconds, Stopping threads took: 0.0000078 seconds
[2019-12-09T03:05:21.412+0000][1][safepoint    ] Application time: 0.0000559 seconds
[2019-12-09T03:05:21.412+0000][1][safepoint    ] Entering safepoint region: RevokeBias
[2019-12-09T03:05:21.412+0000][1][safepoint    ] Leaving safepoint region
[2019-12-09T03:05:21.412+0000][1][safepoint    ] Total time for which application threads were stopped: 0.0000359 seconds, Stopping threads took: 0.0000079 seconds
[2019-12-09T03:05:21.412+0000][1][safepoint    ] Application time: 0.0000516 seconds
[2019-12-09T03:05:21.412+0000][1][safepoint    ] Entering safepoint region: RevokeBias
[2019-12-09T03:05:21.413+0000][1][safepoint    ] Leaving safepoint region
[2019-12-09T03:05:21.413+0000][1][safepoint    ] Total time for which application threads were stopped: 0.0000348 seconds, Stopping threads took: 0.0000081 seconds
[2019-12-09T03:05:21.413+0000][1][safepoint    ] Application time: 0.0000553 seconds
[2019-12-09T03:05:21.413+0000][1][safepoint    ] Entering safepoint region: RevokeBias
[2019-12-09T03:05:21.413+0000][1][safepoint    ] Leaving safepoint region
[2019-12-09T03:05:21.413+0000][1][safepoint    ] Total time for which application threads were stopped: 0.0000338 seconds, Stopping threads took: 0.0000082 seconds
[2019-12-09T03:05:21.413+0000][1][safepoint    ] Application time: 0.0000644 seconds
[2019-12-09T03:05:21.413+0000][1][safepoint    ] Entering safepoint region: RevokeBias
[2019-12-09T03:05:21.413+0000][1][safepoint    ] Leaving safepoint region
[2019-12-09T03:05:21.413+0000][1][safepoint    ] Total time for which application threads were stopped: 0.0000348 seconds, Stopping threads took: 0.0000074 seconds
[2019-12-09T03:05:21.413+0000][1][safepoint    ] Application time: 0.0000536 seconds
[2019-12-09T03:05:21.413+0000][1][safepoint    ] Entering safepoint region: RevokeBias
[2019-12-09T03:05:21.413+0000][1][safepoint    ] Leaving safepoint region
[2019-12-09T03:05:21.413+0000][1][safepoint    ] Total time for which application threads were stopped: 0.0000308 seconds, Stopping threads took: 0.0000073 seconds
[2019-12-09T03:05:21.413+0000][1][safepoint    ] Application time: 0.0000585 seconds
[2019-12-09T03:05:21.413+0000][1][safepoint    ] Entering safepoint region: RevokeBias
[2019-12-09T03:05:21.413+0000][1][safepoint    ] Leaving safepoint region
[2019-12-09T03:05:21.413+0000][1][safepoint    ] Total time for which application threads were stopped: 0.0000596 seconds, Stopping threads took: 0.0000184 seconds
[2019-12-09T03:05:21.413+0000][1][safepoint    ] Application time: 0.0000582 seconds
[2019-12-09T03:05:21.413+0000][1][safepoint    ] Entering safepoint region: RevokeBias
[2019-12-09T03:05:21.413+0000][1][safepoint    ] Leaving safepoint region
[2019-12-09T03:05:21.413+0000][1][safepoint    ] Total time for which application threads were stopped: 0.0000339 seconds, Stopping threads took: 0.0000072 seconds
[2019-12-09T03:05:21.413+0000][1][safepoint    ] Application time: 0.0000488 seconds
[2019-12-09T03:05:21.413+0000][1][safepoint    ] Entering safepoint region: RevokeBias
[2019-12-09T03:05:21.413+0000][1][safepoint    ] Leaving safepoint region
[2019-12-09T03:05:21.413+0000][1][safepoint    ] Total time for which application threads were stopped: 0.0000318 seconds, Stopping threads took: 0.0000075 seconds
[2019-12-09T03:05:21.413+0000][1][safepoint    ] Application time: 0.0000522 seconds
[2019-12-09T03:05:21.413+0000][1][safepoint    ] Entering safepoint region: RevokeBias
[2019-12-09T03:05:21.413+0000][1][safepoint    ] Leaving safepoint region
[2019-12-09T03:05:21.413+0000][1][safepoint    ] Total time for which application threads were stopped: 0.0000318 seconds, Stopping threads took: 0.0000076 seconds
[2019-12-09T03:05:21.413+0000][1][safepoint    ] Application time: 0.0000488 seconds
[2019-12-09T03:05:21.413+0000][1][safepoint    ] Entering safepoint region: RevokeBias
[2019-12-09T03:05:21.413+0000][1][safepoint    ] Leaving safepoint region
[2019-12-09T03:05:21.413+0000][1][safepoint    ] Total time for which application threads were stopped: 0.0000278 seconds, Stopping threads took: 0.0000065 seconds
[2019-12-09T03:05:21.413+0000][1][safepoint    ] Application time: 0.0000461 seconds
[2019-12-09T03:05:21.413+0000][1][safepoint    ] Entering safepoint region: RevokeBias
[2019-12-09T03:05:21.413+0000][1][safepoint    ] Leaving safepoint region
[2019-12-09T03:05:21.413+0000][1][safepoint    ] Total time for which application threads were stopped: 0.0000283 seconds, Stopping threads took: 0.0000068 seconds
[2019-12-09T03:05:21.414+0000][1][safepoint    ] Application time: 0.0000428 seconds
[2019-12-09T03:05:21.414+0000][1][safepoint    ] Entering safepoint region: RevokeBias
[2019-12-09T03:05:21.414+0000][1][safepoint    ] Leaving safepoint region
[2019-12-09T03:05:21.414+0000][1][safepoint    ] Total time for which application threads were stopped: 0.0000273 seconds, Stopping threads took: 0.0000065 seconds
[2019-12-09T03:05:21.414+0000][1][safepoint    ] Application time: 0.0000454 seconds
[2019-12-09T03:05:21.414+0000][1][safepoint    ] Entering safepoint region: RevokeBias
[2019-12-09T03:05:21.414+0000][1][safepoint    ] Leaving safepoint region
[2019-12-09T03:05:21.414+0000][1][safepoint    ] Total time for which application threads were stopped: 0.0000274 seconds, Stopping threads took: 0.0000065 seconds
[2019-12-09T03:05:21.414+0000][1][safepoint    ] Application time: 0.0000542 seconds
[2019-12-09T03:05:21.414+0000][1][safepoint    ] Entering safepoint region: RevokeBias
[2019-12-09T03:05:21.414+0000][1][safepoint    ] Leaving safepoint region
[2019-12-09T03:05:21.414+0000][1][safepoint    ] Total time for which application threads were stopped: 0.0000290 seconds, Stopping threads took: 0.0000066 seconds
[2019-12-09T03:05:22.422+0000][1][safepoint    ] Application time: 1.0082551 seconds
[2019-12-09T03:05:22.422+0000][1][safepoint    ] Entering safepoint region: Deoptimize
[2019-12-09T03:05:22.422+0000][1][safepoint    ] Leaving safepoint region
[2019-12-09T03:05:22.423+0000][1][safepoint    ] Total time for which application threads were stopped: 0.0004604 seconds, Stopping threads took: 0.0000131 seconds
[2019-12-09T03:05:22.423+0000][1][safepoint    ] Application time: 0.0005567 seconds
[2019-12-09T03:05:22.423+0000][1][safepoint    ] Entering safepoint region: Deoptimize
[2019-12-09T03:05:22.423+0000][1][safepoint    ] Leaving safepoint region
[2019-12-09T03:05:22.423+0000][1][safepoint    ] Total time for which application threads were stopped: 0.0003406 seconds, Stopping threads took: 0.0000217 seconds
[2019-12-09T03:05:23.430+0000][1][safepoint    ] Application time: 1.0062505 seconds
[2019-12-09T03:05:23.458+0000][1][safepoint    ] Entering safepoint region: Cleanup
[2019-12-09T03:05:23.458+0000][1][safepoint    ] Leaving safepoint region
[2019-12-09T03:05:23.458+0000][1][safepoint    ] Total time for which application threads were stopped: 0.0280902 seconds, Stopping threads took: 0.0280171 seconds
[2019-12-09T03:05:24.479+0000][1][safepoint    ] Application time: 1.0208820 seconds
[2019-12-09T03:05:24.528+0000][1][safepoint    ] Entering safepoint region: Cleanup
[2019-12-09T03:05:24.528+0000][1][safepoint    ] Leaving safepoint region
[2019-12-09T03:05:24.528+0000][1][safepoint    ] Total time for which application threads were stopped: 0.0490454 seconds, Stopping threads took: 0.0489890 seconds
[2019-12-09T03:05:24.747+0000][1][safepoint    ] Application time: 0.2189476 seconds
[2019-12-09T03:05:24.747+0000][1][safepoint    ] Entering safepoint region: GenCollectForAllocation
[2019-12-09T03:05:24.747+0000][1][gc,start     ] GC(3) Pause Young (Allocation Failure)
[2019-12-09T03:05:24.747+0000][1][gc,task      ] GC(3) Using 2 workers of 2 for evacuation
[2019-12-09T03:05:24.828+0000][1][gc,age       ] GC(3) Desired survivor size 4456448 bytes, new threshold 3 (max threshold 6)
[2019-12-09T03:05:24.828+0000][1][gc,age       ] GC(3) Age table with threshold 3 (max threshold 6)
[2019-12-09T03:05:24.828+0000][1][gc,age       ] GC(3) - age   1:    3235200 bytes,    3235200 total
[2019-12-09T03:05:24.828+0000][1][gc,age       ] GC(3) - age   2:    1065008 bytes,    4300208 total
[2019-12-09T03:05:24.828+0000][1][gc,age       ] GC(3) - age   3:     934136 bytes,    5234344 total
[2019-12-09T03:05:24.828+0000][1][gc,heap      ] GC(3) ParNew: 72976K->6381K(78656K)
[2019-12-09T03:05:24.828+0000][1][gc,heap      ] GC(3) CMS: 7028K->7028K(174784K)
[2019-12-09T03:05:24.828+0000][1][gc,metaspace ] GC(3) Metaspace: 18405K->18405K(1067008K)
[2019-12-09T03:05:24.828+0000][1][gc           ] GC(3) Pause Young (Allocation Failure) 78M->13M(247M) 81.164ms
[2019-12-09T03:05:24.828+0000][1][gc,cpu       ] GC(3) User=0.03s Sys=0.00s Real=0.08s
[2019-12-09T03:05:24.828+0000][1][safepoint    ] Leaving safepoint region
[2019-12-09T03:05:24.828+0000][1][safepoint    ] Total time for which application threads were stopped: 0.0812961 seconds, Stopping threads took: 0.0000144 seconds
[2019-12-09T03:05:24.839+0000][1][safepoint    ] Application time: 0.0107212 seconds
[2019-12-09T03:05:24.867+0000][1][safepoint    ] Entering safepoint region: BulkRevokeBias
[2019-12-09T03:05:24.867+0000][1][safepoint    ] Leaving safepoint region
[2019-12-09T03:05:24.867+0000][1][safepoint    ] Total time for which application threads were stopped: 0.0281364 seconds, Stopping threads took: 0.0279894 seconds
[2019-12-09T03:05:24.868+0000][1][safepoint    ] Application time: 0.0007946 seconds
[2019-12-09T03:05:24.868+0000][1][safepoint    ] Entering safepoint region: RevokeBias
[2019-12-09T03:05:24.868+0000][1][safepoint    ] Leaving safepoint region
[2019-12-09T03:05:24.868+0000][1][safepoint    ] Total time for which application threads were stopped: 0.0000711 seconds, Stopping threads took: 0.0000122 seconds
[2019-12-09T03:05:24.868+0000][1][safepoint    ] Application time: 0.0002188 seconds
[2019-12-09T03:05:24.868+0000][1][safepoint    ] Entering safepoint region: RevokeBias
[2019-12-09T03:05:24.868+0000][1][safepoint    ] Leaving safepoint region
[2019-12-09T03:05:24.868+0000][1][safepoint    ] Total time for which application threads were stopped: 0.0000587 seconds, Stopping threads took: 0.0000096 seconds
[2019-12-09T03:05:24.868+0000][1][safepoint    ] Application time: 0.0000564 seconds
[2019-12-09T03:05:24.868+0000][1][safepoint    ] Entering safepoint region: RevokeBias
[2019-12-09T03:05:24.868+0000][1][safepoint    ] Leaving safepoint region
[2019-12-09T03:05:24.868+0000][1][safepoint    ] Total time for which application threads were stopped: 0.0000603 seconds, Stopping threads took: 0.0000088 seconds
[2019-12-09T03:05:24.868+0000][1][safepoint    ] Application time: 0.0000627 seconds
[2019-12-09T03:05:24.868+0000][1][safepoint    ] Entering safepoint region: RevokeBias
[2019-12-09T03:05:24.868+0000][1][safepoint    ] Leaving safepoint region
[2019-12-09T03:05:24.868+0000][1][safepoint    ] Total time for which application threads were stopped: 0.0000485 seconds, Stopping threads took: 0.0000091 seconds
[2019-12-09T03:05:24.868+0000][1][safepoint    ] Application time: 0.0000506 seconds
[2019-12-09T03:05:24.869+0000][1][safepoint    ] Entering safepoint region: RevokeBias
[2019-12-09T03:05:24.869+0000][1][safepoint    ] Leaving safepoint region
[2019-12-09T03:05:24.869+0000][1][safepoint    ] Total time for which application threads were stopped: 0.0000435 seconds, Stopping threads took: 0.0000077 seconds
[2019-12-09T03:05:25.775+0000][1][safepoint    ] Application time: 0.9063051 seconds
[2019-12-09T03:05:25.775+0000][1][safepoint    ] Entering safepoint region: GenCollectForAllocation
[2019-12-09T03:05:25.775+0000][1][gc,start     ] GC(4) Pause Young (Allocation Failure)
[2019-12-09T03:05:25.775+0000][1][gc,task      ] GC(4) Using 2 workers of 2 for evacuation
[2019-12-09T03:05:25.895+0000][1][gc,age       ] GC(4) Desired survivor size 4456448 bytes, new threshold 2 (max threshold 6)
[2019-12-09T03:05:25.895+0000][1][gc,age       ] GC(4) Age table with threshold 2 (max threshold 6)
[2019-12-09T03:05:25.895+0000][1][gc,age       ] GC(4) - age   1:    2012296 bytes,    2012296 total
[2019-12-09T03:05:25.895+0000][1][gc,age       ] GC(4) - age   2:    2672416 bytes,    4684712 total
[2019-12-09T03:05:25.895+0000][1][gc,age       ] GC(4) - age   3:    1065008 bytes,    5749720 total
[2019-12-09T03:05:25.895+0000][1][gc,heap      ] GC(4) ParNew: 76333K->8455K(78656K)
[2019-12-09T03:05:25.895+0000][1][gc,heap      ] GC(4) CMS: 7028K->7954K(174784K)
[2019-12-09T03:05:25.895+0000][1][gc,metaspace ] GC(4) Metaspace: 18629K->18629K(1067008K)
[2019-12-09T03:05:25.895+0000][1][gc           ] GC(4) Pause Young (Allocation Failure) 81M->16M(247M) 120.253ms
[2019-12-09T03:05:25.895+0000][1][gc,cpu       ] GC(4) User=0.04s Sys=0.00s Real=0.12s
[2019-12-09T03:05:25.895+0000][1][safepoint    ] Leaving safepoint region
[2019-12-09T03:05:25.895+0000][1][safepoint    ] Total time for which application threads were stopped: 0.1203898 seconds, Stopping threads took: 0.0000139 seconds
[2019-12-09T03:05:25.906+0000][1][safepoint    ] Application time: 0.0109444 seconds
[2019-12-09T03:05:25.954+0000][1][safepoint    ] Entering safepoint region: RevokeBias
[2019-12-09T03:05:25.954+0000][1][safepoint    ] Leaving safepoint region
[2019-12-09T03:05:25.954+0000][1][safepoint    ] Total time for which application threads were stopped: 0.0477520 seconds, Stopping threads took: 0.0475777 seconds
[2019-12-09T03:05:25.954+0000][1][safepoint    ] Application time: 0.0000716 seconds
[2019-12-09T03:05:25.954+0000][1][safepoint    ] Entering safepoint region: RevokeBias
[2019-12-09T03:05:25.954+0000][1][safepoint    ] Leaving safepoint region
[2019-12-09T03:05:25.954+0000][1][safepoint    ] Total time for which application threads were stopped: 0.0000811 seconds, Stopping threads took: 0.0000090 seconds
[2019-12-09T03:05:25.954+0000][1][safepoint    ] Application time: 0.0000777 seconds
[2019-12-09T03:05:25.954+0000][1][safepoint    ] Entering safepoint region: RevokeBias
[2019-12-09T03:05:25.954+0000][1][safepoint    ] Leaving safepoint region
[2019-12-09T03:05:25.954+0000][1][safepoint    ] Total time for which application threads were stopped: 0.0000770 seconds, Stopping threads took: 0.0000076 seconds
[2019-12-09T03:05:25.954+0000][1][safepoint    ] Application time: 0.0000578 seconds
[2019-12-09T03:05:25.954+0000][1][safepoint    ] Entering safepoint region: RevokeBias
[2019-12-09T03:05:25.954+0000][1][safepoint    ] Leaving safepoint region
[2019-12-09T03:05:25.954+0000][1][safepoint    ] Total time for which application threads were stopped: 0.0000718 seconds, Stopping threads took: 0.0000059 seconds
[2019-12-09T03:05:25.997+0000][1][safepoint    ] Application time: 0.0428144 seconds
[2019-12-09T03:05:25.997+0000][1][safepoint    ] Entering safepoint region: Deoptimize
[2019-12-09T03:05:25.998+0000][1][safepoint    ] Leaving safepoint region
[2019-12-09T03:05:25.998+0000][1][safepoint    ] Total time for which application threads were stopped: 0.0004356 seconds, Stopping threads took: 0.0000122 seconds
[2019-12-09T03:05:26.346+0000][1][safepoint    ] Application time: 0.3482703 seconds
[2019-12-09T03:05:26.346+0000][1][safepoint    ] Entering safepoint region: Deoptimize
[2019-12-09T03:05:26.346+0000][1][safepoint    ] Leaving safepoint region
[2019-12-09T03:05:26.347+0000][1][safepoint    ] Total time for which application threads were stopped: 0.0004162 seconds, Stopping threads took: 0.0000139 seconds
[2019-12-09T03:05:26.386+0000][1][safepoint    ] Application time: 0.0397111 seconds
[2019-12-09T03:05:26.386+0000][1][safepoint    ] Entering safepoint region: RevokeBias
[2019-12-09T03:05:26.386+0000][1][safepoint    ] Leaving safepoint region
[2019-12-09T03:05:26.386+0000][1][safepoint    ] Total time for which application threads were stopped: 0.0000729 seconds, Stopping threads took: 0.0000120 seconds
[2019-12-09T03:05:26.895+0000][1][safepoint    ] Application time: 0.5086356 seconds
[2019-12-09T03:05:26.895+0000][1][safepoint    ] Entering safepoint region: RevokeBias
[2019-12-09T03:05:26.895+0000][1][safepoint    ] Leaving safepoint region
[2019-12-09T03:05:26.895+0000][1][safepoint    ] Total time for which application threads were stopped: 0.0000724 seconds, Stopping threads took: 0.0000134 seconds
[2019-12-09T03:05:26.896+0000][1][safepoint    ] Application time: 0.0004387 seconds
[2019-12-09T03:05:26.896+0000][1][safepoint    ] Entering safepoint region: RevokeBias
[2019-12-09T03:05:26.896+0000][1][safepoint    ] Leaving safepoint region
[2019-12-09T03:05:26.896+0000][1][safepoint    ] Total time for which application threads were stopped: 0.0000512 seconds, Stopping threads took: 0.0000114 seconds
[2019-12-09T03:05:26.896+0000][1][safepoint    ] Application time: 0.0007114 seconds
[2019-12-09T03:05:26.896+0000][1][safepoint    ] Entering safepoint region: RevokeBias
[2019-12-09T03:05:26.896+0000][1][safepoint    ] Leaving safepoint region
[2019-12-09T03:05:26.896+0000][1][safepoint    ] Total time for which application threads were stopped: 0.0000505 seconds, Stopping threads took: 0.0000111 seconds
[2019-12-09T03:05:27.163+0000][1][safepoint    ] Application time: 0.2661593 seconds
[2019-12-09T03:05:27.163+0000][1][safepoint    ] Entering safepoint region: GenCollectForAllocation
[2019-12-09T03:05:27.163+0000][1][gc,start     ] GC(5) Pause Young (Allocation Failure)
[2019-12-09T03:05:27.163+0000][1][gc,task      ] GC(5) Using 2 workers of 2 for evacuation
[2019-12-09T03:05:27.218+0000][1][gc,age       ] GC(5) Desired survivor size 4456448 bytes, new threshold 6 (max threshold 6)
[2019-12-09T03:05:27.218+0000][1][gc,age       ] GC(5) Age table with threshold 6 (max threshold 6)
[2019-12-09T03:05:27.218+0000][1][gc,age       ] GC(5) - age   1:    2873720 bytes,    2873720 total
[2019-12-09T03:05:27.218+0000][1][gc,age       ] GC(5) - age   2:     442456 bytes,    3316176 total
[2019-12-09T03:05:27.218+0000][1][gc,heap      ] GC(5) ParNew: 78407K->7902K(78656K)
[2019-12-09T03:05:27.218+0000][1][gc,heap      ] GC(5) CMS: 7954K->11634K(174784K)
[2019-12-09T03:05:27.218+0000][1][gc,metaspace ] GC(5) Metaspace: 18969K->18969K(1067008K)
[2019-12-09T03:05:27.218+0000][1][gc           ] GC(5) Pause Young (Allocation Failure) 84M->19M(247M) 55.163ms
[2019-12-09T03:05:27.218+0000][1][gc,cpu       ] GC(5) User=0.02s Sys=0.00s Real=0.06s
[2019-12-09T03:05:27.218+0000][1][safepoint    ] Leaving safepoint region
[2019-12-09T03:05:27.218+0000][1][safepoint    ] Total time for which application threads were stopped: 0.0553168 seconds, Stopping threads took: 0.0000139 seconds
[2019-12-09T03:05:27.228+0000][1][safepoint    ] Application time: 0.0098665 seconds
[2019-12-09T03:05:27.236+0000][1][safepoint    ] Entering safepoint region: RevokeBias
[2019-12-09T03:05:27.236+0000][1][safepoint    ] Leaving safepoint region
[2019-12-09T03:05:27.236+0000][1][safepoint    ] Total time for which application threads were stopped: 0.0080894 seconds, Stopping threads took: 0.0080233 seconds
[2019-12-09T03:05:27.236+0000][1][safepoint    ] Application time: 0.0000681 seconds
[2019-12-09T03:05:27.236+0000][1][safepoint    ] Entering safepoint region: RevokeBias
[2019-12-09T03:05:27.236+0000][1][safepoint    ] Leaving safepoint region
[2019-12-09T03:05:27.236+0000][1][safepoint    ] Total time for which application threads were stopped: 0.0000515 seconds, Stopping threads took: 0.0000098 seconds
[2019-12-09T03:05:27.236+0000][1][safepoint    ] Application time: 0.0000602 seconds
[2019-12-09T03:05:27.236+0000][1][safepoint    ] Entering safepoint region: RevokeBias
[2019-12-09T03:05:27.236+0000][1][safepoint    ] Leaving safepoint region
[2019-12-09T03:05:27.236+0000][1][safepoint    ] Total time for which application threads were stopped: 0.0000477 seconds, Stopping threads took: 0.0000086 seconds
[2019-12-09T03:05:27.236+0000][1][safepoint    ] Application time: 0.0000493 seconds
[2019-12-09T03:05:27.236+0000][1][safepoint    ] Entering safepoint region: RevokeBias
[2019-12-09T03:05:27.236+0000][1][safepoint    ] Leaving safepoint region
[2019-12-09T03:05:27.236+0000][1][safepoint    ] Total time for which application threads were stopped: 0.0000448 seconds, Stopping threads took: 0.0000079 seconds
[2019-12-09T03:05:27.236+0000][1][safepoint    ] Application time: 0.0000624 seconds
[2019-12-09T03:05:27.236+0000][1][safepoint    ] Entering safepoint region: RevokeBias
[2019-12-09T03:05:27.236+0000][1][safepoint    ] Leaving safepoint region
[2019-12-09T03:05:27.236+0000][1][safepoint    ] Total time for which application threads were stopped: 0.0000510 seconds, Stopping threads took: 0.0000088 seconds
[2019-12-09T03:05:27.237+0000][1][safepoint    ] Application time: 0.0000553 seconds
[2019-12-09T03:05:27.237+0000][1][safepoint    ] Entering safepoint region: RevokeBias
[2019-12-09T03:05:27.237+0000][1][safepoint    ] Leaving safepoint region
[2019-12-09T03:05:27.237+0000][1][safepoint    ] Total time for which application threads were stopped: 0.0000392 seconds, Stopping threads took: 0.0000068 seconds
[2019-12-09T03:05:27.956+0000][1][safepoint    ] Application time: 0.7190089 seconds
[2019-12-09T03:05:27.956+0000][1][safepoint    ] Entering safepoint region: RevokeBias
[2019-12-09T03:05:27.956+0000][1][safepoint    ] Leaving safepoint region
[2019-12-09T03:05:27.956+0000][1][safepoint    ] Total time for which application threads were stopped: 0.0001233 seconds, Stopping threads took: 0.0000453 seconds
[2019-12-09T03:05:27.967+0000][1][safepoint    ] Application time: 0.0111840 seconds
[2019-12-09T03:05:27.967+0000][1][safepoint    ] Entering safepoint region: RevokeBias
[2019-12-09T03:05:27.967+0000][1][safepoint    ] Leaving safepoint region
[2019-12-09T03:05:27.967+0000][1][safepoint    ] Total time for which application threads were stopped: 0.0000622 seconds, Stopping threads took: 0.0000130 seconds
[2019-12-09T03:05:28.286+0000][1][safepoint    ] Application time: 0.3186176 seconds
[2019-12-09T03:05:28.286+0000][1][safepoint    ] Entering safepoint region: GenCollectForAllocation
[2019-12-09T03:05:28.286+0000][1][gc,start     ] GC(6) Pause Young (Allocation Failure)
[2019-12-09T03:05:28.286+0000][1][gc,task      ] GC(6) Using 2 workers of 2 for evacuation
[2019-12-09T03:05:28.375+0000][1][gc,age       ] GC(6) Desired survivor size 4456448 bytes, new threshold 6 (max threshold 6)
[2019-12-09T03:05:28.375+0000][1][gc,age       ] GC(6) Age table with threshold 6 (max threshold 6)
[2019-12-09T03:05:28.375+0000][1][gc,age       ] GC(6) - age   1:    1667416 bytes,    1667416 total
[2019-12-09T03:05:28.375+0000][1][gc,age       ] GC(6) - age   2:    2191960 bytes,    3859376 total
[2019-12-09T03:05:28.375+0000][1][gc,age       ] GC(6) - age   3:     442456 bytes,    4301832 total
[2019-12-09T03:05:28.375+0000][1][gc,heap      ] GC(6) ParNew: 77854K->6328K(78656K)
[2019-12-09T03:05:28.375+0000][1][gc,heap      ] GC(6) CMS: 11634K->11634K(174784K)
[2019-12-09T03:05:28.375+0000][1][gc,metaspace ] GC(6) Metaspace: 19273K->19273K(1067008K)
[2019-12-09T03:05:28.375+0000][1][gc           ] GC(6) Pause Young (Allocation Failure) 87M->17M(247M) 89.558ms
[2019-12-09T03:05:28.375+0000][1][gc,cpu       ] GC(6) User=0.02s Sys=0.00s Real=0.09s
[2019-12-09T03:05:28.375+0000][1][safepoint    ] Leaving safepoint region
[2019-12-09T03:05:28.375+0000][1][safepoint    ] Total time for which application threads were stopped: 0.0896983 seconds, Stopping threads took: 0.0000322 seconds
[2019-12-09T03:05:28.389+0000][1][safepoint    ] Application time: 0.0134202 seconds
[2019-12-09T03:05:28.427+0000][1][safepoint    ] Entering safepoint region: RevokeBias
[2019-12-09T03:05:28.427+0000][1][safepoint    ] Leaving safepoint region
[2019-12-09T03:05:28.427+0000][1][safepoint    ] Total time for which application threads were stopped: 0.0380785 seconds, Stopping threads took: 0.0379897 seconds
[2019-12-09T03:05:28.427+0000][1][safepoint    ] Application time: 0.0000699 seconds
[2019-12-09T03:05:28.427+0000][1][safepoint    ] Entering safepoint region: RevokeBias
[2019-12-09T03:05:28.427+0000][1][safepoint    ] Leaving safepoint region
[2019-12-09T03:05:28.427+0000][1][safepoint    ] Total time for which application threads were stopped: 0.0000598 seconds, Stopping threads took: 0.0000090 seconds
[2019-12-09T03:05:28.427+0000][1][safepoint    ] Application time: 0.0000711 seconds
[2019-12-09T03:05:28.427+0000][1][safepoint    ] Entering safepoint region: BulkRevokeBias
[2019-12-09T03:05:28.427+0000][1][safepoint    ] Leaving safepoint region
[2019-12-09T03:05:28.427+0000][1][safepoint    ] Total time for which application threads were stopped: 0.0000834 seconds, Stopping threads took: 0.0000085 seconds
[2019-12-09T03:05:28.427+0000][1][safepoint    ] Application time: 0.0000545 seconds
[2019-12-09T03:05:28.427+0000][1][safepoint    ] Entering safepoint region: BulkRevokeBias
[2019-12-09T03:05:28.427+0000][1][safepoint    ] Leaving safepoint region
[2019-12-09T03:05:28.427+0000][1][safepoint    ] Total time for which application threads were stopped: 0.0000811 seconds, Stopping threads took: 0.0000086 seconds
[2019-12-09T03:05:28.981+0000][1][safepoint    ] Application time: 0.5538667 seconds
[2019-12-09T03:05:28.981+0000][1][safepoint    ] Entering safepoint region: GenCollectForAllocation
[2019-12-09T03:05:28.981+0000][1][gc,start     ] GC(7) Pause Young (Allocation Failure)
[2019-12-09T03:05:28.981+0000][1][gc,task      ] GC(7) Using 2 workers of 2 for evacuation
[2019-12-09T03:05:29.055+0000][1][gc,age       ] GC(7) Desired survivor size 4456448 bytes, new threshold 6 (max threshold 6)
[2019-12-09T03:05:29.055+0000][1][gc,age       ] GC(7) Age table with threshold 6 (max threshold 6)
[2019-12-09T03:05:29.055+0000][1][gc,age       ] GC(7) - age   1:     419992 bytes,     419992 total
[2019-12-09T03:05:29.055+0000][1][gc,age       ] GC(7) - age   2:    1128848 bytes,    1548840 total
[2019-12-09T03:05:29.055+0000][1][gc,age       ] GC(7) - age   3:    2191880 bytes,    3740720 total
[2019-12-09T03:05:29.055+0000][1][gc,age       ] GC(7) - age   4:     442456 bytes,    4183176 total
[2019-12-09T03:05:29.055+0000][1][gc,heap      ] GC(7) ParNew: 76280K->5675K(78656K)
[2019-12-09T03:05:29.055+0000][1][gc,heap      ] GC(7) CMS: 11634K->11634K(174784K)
[2019-12-09T03:05:29.055+0000][1][gc,metaspace ] GC(7) Metaspace: 19561K->19561K(1067008K)
[2019-12-09T03:05:29.055+0000][1][gc           ] GC(7) Pause Young (Allocation Failure) 85M->16M(247M) 73.570ms
[2019-12-09T03:05:29.055+0000][1][gc,cpu       ] GC(7) User=0.02s Sys=0.00s Real=0.08s
[2019-12-09T03:05:29.055+0000][1][safepoint    ] Leaving safepoint region
[2019-12-09T03:05:29.055+0000][1][safepoint    ] Total time for which application threads were stopped: 0.0737108 seconds, Stopping threads took: 0.0000162 seconds
[2019-12-09T03:05:29.813+0000][1][safepoint    ] Application time: 0.7583601 seconds
[2019-12-09T03:05:29.813+0000][1][safepoint    ] Entering safepoint region: CollectForMetadataAllocation
[2019-12-09T03:05:29.814+0000][1][safepoint    ] Leaving safepoint region
[2019-12-09T03:05:29.814+0000][1][safepoint    ] Total time for which application threads were stopped: 0.0002807 seconds, Stopping threads took: 0.0000144 seconds
[2019-12-09T03:05:30.107+0000][1][safepoint    ] Application time: 0.2929902 seconds
[2019-12-09T03:05:30.107+0000][1][safepoint    ] Entering safepoint region: CollectForMetadataAllocation
[2019-12-09T03:05:30.107+0000][1][safepoint    ] Leaving safepoint region
[2019-12-09T03:05:30.107+0000][1][safepoint    ] Total time for which application threads were stopped: 0.0002442 seconds, Stopping threads took: 0.0000136 seconds
[2019-12-09T03:05:30.848+0000][1][safepoint    ] Application time: 0.7411903 seconds
[2019-12-09T03:05:30.848+0000][1][safepoint    ] Entering safepoint region: GenCollectForAllocation
[2019-12-09T03:05:30.848+0000][1][gc,start     ] GC(8) Pause Young (Allocation Failure)
[2019-12-09T03:05:30.848+0000][1][gc,task      ] GC(8) Using 2 workers of 2 for evacuation
[2019-12-09T03:05:31.019+0000][1][gc,age       ] GC(8) Desired survivor size 4456448 bytes, new threshold 4 (max threshold 6)
[2019-12-09T03:05:31.019+0000][1][gc,age       ] GC(8) Age table with threshold 4 (max threshold 6)
[2019-12-09T03:05:31.019+0000][1][gc,age       ] GC(8) - age   1:    1092184 bytes,    1092184 total
[2019-12-09T03:05:31.019+0000][1][gc,age       ] GC(8) - age   2:     387592 bytes,    1479776 total
[2019-12-09T03:05:31.019+0000][1][gc,age       ] GC(8) - age   3:    1128704 bytes,    2608480 total
[2019-12-09T03:05:31.019+0000][1][gc,age       ] GC(8) - age   4:    2189664 bytes,    4798144 total
[2019-12-09T03:05:31.019+0000][1][gc,age       ] GC(8) - age   5:     442456 bytes,    5240600 total
[2019-12-09T03:05:31.019+0000][1][gc,heap      ] GC(8) ParNew: 75627K->6014K(78656K)
[2019-12-09T03:05:31.019+0000][1][gc,heap      ] GC(8) CMS: 11634K->11634K(174784K)
[2019-12-09T03:05:31.019+0000][1][gc,metaspace ] GC(8) Metaspace: 20355K->20355K(1069056K)
[2019-12-09T03:05:31.019+0000][1][gc           ] GC(8) Pause Young (Allocation Failure) 85M->17M(247M) 170.655ms
[2019-12-09T03:05:31.019+0000][1][gc,cpu       ] GC(8) User=0.06s Sys=0.00s Real=0.17s
[2019-12-09T03:05:31.019+0000][1][safepoint    ] Leaving safepoint region
[2019-12-09T03:05:31.019+0000][1][safepoint    ] Total time for which application threads were stopped: 0.1707868 seconds, Stopping threads took: 0.0000140 seconds
[2019-12-09T03:05:31.021+0000][1][safepoint    ] Application time: 0.0018208 seconds
[2019-12-09T03:05:31.040+0000][1][safepoint    ] Entering safepoint region: CMS_Initial_Mark
[2019-12-09T03:05:31.040+0000][1][gc,start     ] GC(9) Pause Initial Mark
[2019-12-09T03:05:31.047+0000][1][gc           ] GC(9) Pause Initial Mark 19M->19M(247M) 7.020ms
[2019-12-09T03:05:31.047+0000][1][gc,cpu       ] GC(9) User=0.01s Sys=0.00s Real=0.01s
[2019-12-09T03:05:31.047+0000][1][safepoint    ] Leaving safepoint region
[2019-12-09T03:05:31.047+0000][1][safepoint    ] Total time for which application threads were stopped: 0.0260299 seconds, Stopping threads took: 0.0188906 seconds
[2019-12-09T03:05:31.047+0000][1][gc           ] GC(9) Concurrent Mark
[2019-12-09T03:05:31.133+0000][1][gc           ] GC(9) Concurrent Mark 86.234ms
[2019-12-09T03:05:31.133+0000][1][gc,cpu       ] GC(9) User=0.03s Sys=0.00s Real=0.08s
[2019-12-09T03:05:31.133+0000][1][gc           ] GC(9) Concurrent Preclean
[2019-12-09T03:05:31.134+0000][1][gc           ] GC(9) Concurrent Preclean 0.484ms
[2019-12-09T03:05:31.134+0000][1][gc,cpu       ] GC(9) User=0.00s Sys=0.00s Real=0.00s
[2019-12-09T03:05:31.134+0000][1][gc           ] GC(9) Concurrent Abortable Preclean
[2019-12-09T03:05:31.873+0000][1][safepoint    ] Application time: 0.8257943 seconds
[2019-12-09T03:05:31.873+0000][1][safepoint    ] Entering safepoint region: GenCollectForAllocation
[2019-12-09T03:05:31.873+0000][1][gc,start     ] GC(10) Pause Young (Allocation Failure)
[2019-12-09T03:05:31.873+0000][1][gc,task      ] GC(10) Using 2 workers of 2 for evacuation
[2019-12-09T03:05:32.032+0000][1][gc,age       ] GC(10) Desired survivor size 4456448 bytes, new threshold 6 (max threshold 6)
[2019-12-09T03:05:32.032+0000][1][gc,age       ] GC(10) Age table with threshold 6 (max threshold 6)
[2019-12-09T03:05:32.032+0000][1][gc,age       ] GC(10) - age   1:    1408136 bytes,    1408136 total
[2019-12-09T03:05:32.032+0000][1][gc,age       ] GC(10) - age   2:     623440 bytes,    2031576 total
[2019-12-09T03:05:32.032+0000][1][gc,age       ] GC(10) - age   3:     387472 bytes,    2419048 total
[2019-12-09T03:05:32.032+0000][1][gc,age       ] GC(10) - age   4:    1128704 bytes,    3547752 total
[2019-12-09T03:05:32.032+0000][1][gc,heap      ] GC(10) ParNew: 75966K->7261K(78656K)
[2019-12-09T03:05:32.032+0000][1][gc,heap      ] GC(10) CMS: 11634K->14222K(174784K)
[2019-12-09T03:05:32.032+0000][1][gc,metaspace ] GC(10) Metaspace: 20472K->20472K(1069056K)
[2019-12-09T03:05:32.032+0000][1][gc           ] GC(10) Pause Young (Allocation Failure) 85M->20M(247M) 159.253ms
[2019-12-09T03:05:32.032+0000][1][gc,cpu       ] GC(10) User=0.04s Sys=0.00s Real=0.16s
[2019-12-09T03:05:32.032+0000][1][safepoint    ] Leaving safepoint region
[2019-12-09T03:05:32.032+0000][1][safepoint    ] Total time for which application threads were stopped: 0.1593866 seconds, Stopping threads took: 0.0000241 seconds
[2019-12-09T03:05:32.880+0000][1][gc           ] GC(9) Concurrent Abortable Preclean 1745.920ms
[2019-12-09T03:05:32.880+0000][1][gc,cpu       ] GC(9) User=0.52s Sys=0.02s Real=1.75s
[2019-12-09T03:05:32.899+0000][1][safepoint    ] Application time: 0.8665754 seconds
[2019-12-09T03:05:32.925+0000][1][safepoint    ] Entering safepoint region: CMS_Final_Remark
[2019-12-09T03:05:32.925+0000][1][gc,start     ] GC(9) Pause Remark
[2019-12-09T03:05:33.030+0000][1][gc           ] GC(9) Pause Remark 72M->72M(247M) 105.186ms
[2019-12-09T03:05:33.030+0000][1][gc,cpu       ] GC(9) User=0.04s Sys=0.00s Real=0.10s
[2019-12-09T03:05:33.030+0000][1][safepoint    ] Leaving safepoint region
[2019-12-09T03:05:33.030+0000][1][safepoint    ] Total time for which application threads were stopped: 0.1314329 seconds, Stopping threads took: 0.0260965 seconds
[2019-12-09T03:05:33.031+0000][1][gc           ] GC(9) Concurrent Sweep
[2019-12-09T03:05:33.037+0000][1][gc           ] GC(9) Concurrent Sweep 6.511ms
[2019-12-09T03:05:33.037+0000][1][gc,cpu       ] GC(9) User=0.01s Sys=0.00s Real=0.01s
[2019-12-09T03:05:33.037+0000][1][gc           ] GC(9) Concurrent Reset
[2019-12-09T03:05:33.038+0000][1][gc           ] GC(9) Concurrent Reset 0.308ms
[2019-12-09T03:05:33.038+0000][1][gc,cpu       ] GC(9) User=0.01s Sys=0.00s Real=0.00s
[2019-12-09T03:05:33.038+0000][1][gc,heap      ] GC(9) Old: 11634K->14196K(174784K)
[2019-12-09T03:05:33.254+0000][1][safepoint    ] Application time: 0.2233370 seconds
[2019-12-09T03:05:33.254+0000][1][safepoint    ] Entering safepoint region: GenCollectForAllocation
[2019-12-09T03:05:33.254+0000][1][gc,start     ] GC(11) Pause Young (Allocation Failure)
[2019-12-09T03:05:33.254+0000][1][gc,task      ] GC(11) Using 2 workers of 2 for evacuation
[2019-12-09T03:05:33.338+0000][1][gc,age       ] GC(11) Desired survivor size 4456448 bytes, new threshold 6 (max threshold 6)
[2019-12-09T03:05:33.338+0000][1][gc,age       ] GC(11) Age table with threshold 6 (max threshold 6)
[2019-12-09T03:05:33.338+0000][1][gc,age       ] GC(11) - age   1:    1033104 bytes,    1033104 total
[2019-12-09T03:05:33.338+0000][1][gc,age       ] GC(11) - age   2:      97480 bytes,    1130584 total
[2019-12-09T03:05:33.338+0000][1][gc,age       ] GC(11) - age   3:     623392 bytes,    1753976 total
[2019-12-09T03:05:33.338+0000][1][gc,age       ] GC(11) - age   4:     387368 bytes,    2141344 total
[2019-12-09T03:05:33.338+0000][1][gc,age       ] GC(11) - age   5:    1128416 bytes,    3269760 total
[2019-12-09T03:05:33.338+0000][1][gc,heap      ] GC(11) ParNew: 77213K->5018K(78656K)
[2019-12-09T03:05:33.338+0000][1][gc,heap      ] GC(11) CMS: 14196K->14196K(174784K)
[2019-12-09T03:05:33.338+0000][1][gc,metaspace ] GC(11) Metaspace: 20556K->20556K(1069056K)
[2019-12-09T03:05:33.338+0000][1][gc           ] GC(11) Pause Young (Allocation Failure) 89M->18M(247M) 83.790ms
[2019-12-09T03:05:33.338+0000][1][gc,cpu       ] GC(11) User=0.02s Sys=0.00s Real=0.09s
[2019-12-09T03:05:33.338+0000][1][safepoint    ] Leaving safepoint region
[2019-12-09T03:05:33.338+0000][1][safepoint    ] Total time for which application threads were stopped: 0.0844095 seconds, Stopping threads took: 0.0000150 seconds
[2019-12-09T03:05:34.300+0000][1][safepoint    ] Application time: 0.9620073 seconds
[2019-12-09T03:05:34.300+0000][1][safepoint    ] Entering safepoint region: Deoptimize
[2019-12-09T03:05:34.300+0000][1][safepoint    ] Leaving safepoint region
[2019-12-09T03:05:34.300+0000][1][safepoint    ] Total time for which application threads were stopped: 0.0004251 seconds, Stopping threads took: 0.0000125 seconds
[2019-12-09T03:05:35.307+0000][1][safepoint    ] Application time: 1.0062550 seconds
[2019-12-09T03:05:35.315+0000][1][safepoint    ] Entering safepoint region: Cleanup
[2019-12-09T03:05:35.315+0000][1][safepoint    ] Leaving safepoint region
[2019-12-09T03:05:35.315+0000][1][safepoint    ] Total time for which application threads were stopped: 0.0080602 seconds, Stopping threads took: 0.0079819 seconds
[2019-12-09T03:05:35.623+0000][1][safepoint    ] Application time: 0.3084076 seconds
[2019-12-09T03:05:35.623+0000][1][safepoint    ] Entering safepoint region: GenCollectForAllocation
[2019-12-09T03:05:35.623+0000][1][gc,start     ] GC(12) Pause Young (Allocation Failure)
[2019-12-09T03:05:35.624+0000][1][gc,task      ] GC(12) Using 2 workers of 2 for evacuation
[2019-12-09T03:05:35.749+0000][1][gc,age       ] GC(12) Desired survivor size 4456448 bytes, new threshold 6 (max threshold 6)
[2019-12-09T03:05:35.749+0000][1][gc,age       ] GC(12) Age table with threshold 6 (max threshold 6)
[2019-12-09T03:05:35.749+0000][1][gc,age       ] GC(12) - age   1:    1049120 bytes,    1049120 total
[2019-12-09T03:05:35.749+0000][1][gc,age       ] GC(12) - age   2:     305920 bytes,    1355040 total
[2019-12-09T03:05:35.749+0000][1][gc,age       ] GC(12) - age   3:      97480 bytes,    1452520 total
[2019-12-09T03:05:35.749+0000][1][gc,age       ] GC(12) - age   4:     623392 bytes,    2075912 total
[2019-12-09T03:05:35.749+0000][1][gc,age       ] GC(12) - age   5:     387304 bytes,    2463216 total
[2019-12-09T03:05:35.749+0000][1][gc,age       ] GC(12) - age   6:    1128416 bytes,    3591632 total
[2019-12-09T03:05:35.749+0000][1][gc,heap      ] GC(12) ParNew: 74970K->4533K(78656K)
[2019-12-09T03:05:35.749+0000][1][gc,heap      ] GC(12) CMS: 14196K->14196K(174784K)
[2019-12-09T03:05:35.749+0000][1][gc,metaspace ] GC(12) Metaspace: 22934K->22934K(1071104K)
[2019-12-09T03:05:35.749+0000][1][gc           ] GC(12) Pause Young (Allocation Failure) 87M->18M(247M) 125.538ms
[2019-12-09T03:05:35.749+0000][1][gc,cpu       ] GC(12) User=0.02s Sys=0.00s Real=0.13s
[2019-12-09T03:05:35.749+0000][1][safepoint    ] Leaving safepoint region
[2019-12-09T03:05:35.749+0000][1][safepoint    ] Total time for which application threads were stopped: 0.1258029 seconds, Stopping threads took: 0.0000130 seconds
[2019-12-09T03:05:36.752+0000][1][safepoint    ] Application time: 1.0026603 seconds
[2019-12-09T03:05:36.752+0000][1][safepoint    ] Entering safepoint region: Cleanup
[2019-12-09T03:05:36.752+0000][1][safepoint    ] Leaving safepoint region
[2019-12-09T03:05:36.752+0000][1][safepoint    ] Total time for which application threads were stopped: 0.0000987 seconds, Stopping threads took: 0.0000534 seconds
[2019-12-09T03:05:36.862+0000][1][safepoint    ] Application time: 0.1105814 seconds
[2019-12-09T03:05:36.863+0000][1][safepoint    ] Entering safepoint region: Deoptimize
[2019-12-09T03:05:36.863+0000][1][safepoint    ] Leaving safepoint region
[2019-12-09T03:05:36.863+0000][1][safepoint    ] Total time for which application threads were stopped: 0.0004483 seconds, Stopping threads took: 0.0000138 seconds
[2019-12-09T03:05:37.675+0000][1][safepoint    ] Application time: 0.8117856 seconds
[2019-12-09T03:05:37.675+0000][1][safepoint    ] Entering safepoint region: Deoptimize
[2019-12-09T03:05:37.675+0000][1][safepoint    ] Leaving safepoint region
[2019-12-09T03:05:37.675+0000][1][safepoint    ] Total time for which application threads were stopped: 0.0004116 seconds, Stopping threads took: 0.0000143 seconds
[2019-12-09T03:05:37.736+0000][1][safepoint    ] Application time: 0.0607278 seconds
[2019-12-09T03:05:37.736+0000][1][safepoint    ] Entering safepoint region: Deoptimize
[2019-12-09T03:05:37.736+0000][1][safepoint    ] Leaving safepoint region
[2019-12-09T03:05:37.736+0000][1][safepoint    ] Total time for which application threads were stopped: 0.0004031 seconds, Stopping threads took: 0.0000139 seconds
[2019-12-09T03:05:37.748+0000][1][safepoint    ] Application time: 0.0111197 seconds
[2019-12-09T03:05:37.748+0000][1][safepoint    ] Entering safepoint region: Deoptimize
[2019-12-09T03:05:37.748+0000][1][safepoint    ] Leaving safepoint region
[2019-12-09T03:05:37.748+0000][1][safepoint    ] Total time for which application threads were stopped: 0.0004328 seconds, Stopping threads took: 0.0000264 seconds
[2019-12-09T03:05:37.837+0000][1][safepoint    ] Application time: 0.0885774 seconds
[2019-12-09T03:05:37.837+0000][1][safepoint    ] Entering safepoint region: RevokeBias
[2019-12-09T03:05:37.837+0000][1][safepoint    ] Leaving safepoint region
[2019-12-09T03:05:37.837+0000][1][safepoint    ] Total time for which application threads were stopped: 0.0000689 seconds, Stopping threads took: 0.0000141 seconds
[2019-12-09T03:05:38.855+0000][1][safepoint    ] Application time: 1.0185647 seconds
[2019-12-09T03:05:38.918+0000][1][safepoint    ] Entering safepoint region: Cleanup
[2019-12-09T03:05:38.919+0000][1][safepoint    ] Leaving safepoint region
[2019-12-09T03:05:38.919+0000][1][safepoint    ] Total time for which application threads were stopped: 0.0632434 seconds, Stopping threads took: 0.0631911 seconds
[2019-12-09T03:05:39.941+0000][1][safepoint    ] Application time: 1.0228567 seconds
[2019-12-09T03:05:39.993+0000][1][safepoint    ] Entering safepoint region: Cleanup
[2019-12-09T03:05:39.994+0000][1][safepoint    ] Leaving safepoint region
[2019-12-09T03:05:39.994+0000][1][safepoint    ] Total time for which application threads were stopped: 0.0520776 seconds, Stopping threads took: 0.0517746 seconds
[2019-12-09T03:05:40.995+0000][1][safepoint    ] Application time: 1.0011821 seconds
[2019-12-09T03:05:41.098+0000][1][safepoint    ] Entering safepoint region: Cleanup
[2019-12-09T03:05:41.098+0000][1][safepoint    ] Leaving safepoint region
[2019-12-09T03:05:41.098+0000][1][safepoint    ] Total time for which application threads were stopped: 0.1030599 seconds, Stopping threads took: 0.1029961 seconds
[2019-12-09T03:05:41.681+0000][1][safepoint    ] Application time: 0.5828955 seconds
[2019-12-09T03:05:41.681+0000][1][safepoint    ] Entering safepoint region: GenCollectForAllocation
[2019-12-09T03:05:41.681+0000][1][gc,start     ] GC(13) Pause Young (Allocation Failure)
[2019-12-09T03:05:41.681+0000][1][gc,task      ] GC(13) Using 2 workers of 2 for evacuation
[2019-12-09T03:05:42.142+0000][1][gc,age       ] GC(13) Desired survivor size 4456448 bytes, new threshold 1 (max threshold 6)
[2019-12-09T03:05:42.142+0000][1][gc,age       ] GC(13) Age table with threshold 1 (max threshold 6)
[2019-12-09T03:05:42.142+0000][1][gc,age       ] GC(13) - age   1:    6759488 bytes,    6759488 total
[2019-12-09T03:05:42.142+0000][1][gc,age       ] GC(13) - age   2:     744696 bytes,    7504184 total
[2019-12-09T03:05:42.142+0000][1][gc,age       ] GC(13) - age   3:     305888 bytes,    7810072 total
[2019-12-09T03:05:42.142+0000][1][gc,age       ] GC(13) - age   4:      97328 bytes,    7907400 total
[2019-12-09T03:05:42.142+0000][1][gc,age       ] GC(13) - age   5:     620240 bytes,    8527640 total
[2019-12-09T03:05:42.142+0000][1][gc,age       ] GC(13) - age   6:     385080 bytes,    8912720 total
[2019-12-09T03:05:42.142+0000][1][gc,heap      ] GC(13) ParNew: 74485K->8704K(78656K)
[2019-12-09T03:05:42.142+0000][1][gc,heap      ] GC(13) CMS: 14196K->21617K(174784K)
[2019-12-09T03:05:42.142+0000][1][gc,metaspace ] GC(13) Metaspace: 26945K->26945K(1075200K)
[2019-12-09T03:05:42.142+0000][1][gc           ] GC(13) Pause Young (Allocation Failure) 86M->29M(247M) 461.601ms
[2019-12-09T03:05:42.142+0000][1][gc,cpu       ] GC(13) User=0.12s Sys=0.00s Real=0.46s
[2019-12-09T03:05:42.142+0000][1][safepoint    ] Leaving safepoint region
[2019-12-09T03:05:42.142+0000][1][safepoint    ] Total time for which application threads were stopped: 0.4617355 seconds, Stopping threads took: 0.0000126 seconds
[2019-12-09T03:05:43.143+0000][1][safepoint    ] Application time: 1.0000964 seconds
[2019-12-09T03:05:43.176+0000][1][safepoint    ] Entering safepoint region: Cleanup
[2019-12-09T03:05:43.176+0000][1][safepoint    ] Leaving safepoint region
[2019-12-09T03:05:43.176+0000][1][safepoint    ] Total time for which application threads were stopped: 0.0331105 seconds, Stopping threads took: 0.0330350 seconds
[2019-12-09T03:05:45.207+0000][1][safepoint    ] Application time: 2.0309595 seconds
[2019-12-09T03:05:45.291+0000][1][safepoint    ] Entering safepoint region: Cleanup
[2019-12-09T03:05:45.291+0000][1][safepoint    ] Leaving safepoint region
[2019-12-09T03:05:45.291+0000][1][safepoint    ] Total time for which application threads were stopped: 0.0842257 seconds, Stopping threads took: 0.0841721 seconds
[2019-12-09T03:05:45.412+0000][1][safepoint    ] Application time: 0.1214693 seconds
[2019-12-09T03:05:45.413+0000][1][safepoint    ] Entering safepoint region: GenCollectForAllocation
[2019-12-09T03:05:45.413+0000][1][gc,start     ] GC(14) Pause Young (Allocation Failure)
[2019-12-09T03:05:45.413+0000][1][gc,task      ] GC(14) Using 2 workers of 2 for evacuation
[2019-12-09T03:05:46.058+0000][1][gc,age       ] GC(14) Desired survivor size 4456448 bytes, new threshold 1 (max threshold 6)
[2019-12-09T03:05:46.058+0000][1][gc,age       ] GC(14) Age table with threshold 1 (max threshold 6)
[2019-12-09T03:05:46.058+0000][1][gc,age       ] GC(14) - age   1:    8912800 bytes,    8912800 total
[2019-12-09T03:05:46.058+0000][1][gc,heap      ] GC(14) ParNew: 78656K->8704K(78656K)
[2019-12-09T03:05:46.058+0000][1][gc,heap      ] GC(14) CMS: 21617K->34496K(174784K)
[2019-12-09T03:05:46.058+0000][1][gc,metaspace ] GC(14) Metaspace: 27174K->27174K(1075200K)
[2019-12-09T03:05:46.058+0000][1][gc           ] GC(14) Pause Young (Allocation Failure) 97M->42M(247M) 645.280ms
[2019-12-09T03:05:46.058+0000][1][gc,cpu       ] GC(14) User=0.17s Sys=0.00s Real=0.65s
[2019-12-09T03:05:46.058+0000][1][safepoint    ] Leaving safepoint region
[2019-12-09T03:05:46.058+0000][1][safepoint    ] Total time for which application threads were stopped: 0.6454098 seconds, Stopping threads took: 0.0000144 seconds
[2019-12-09T03:05:48.067+0000][1][safepoint    ] Application time: 2.0087906 seconds
[2019-12-09T03:05:48.067+0000][1][safepoint    ] Entering safepoint region: Cleanup
[2019-12-09T03:05:48.067+0000][1][safepoint    ] Leaving safepoint region
[2019-12-09T03:05:48.067+0000][1][safepoint    ] Total time for which application threads were stopped: 0.0000567 seconds, Stopping threads took: 0.0000178 seconds
[2019-12-09T03:05:49.024+0000][1][safepoint    ] Application time: 0.9567915 seconds
[2019-12-09T03:05:49.024+0000][1][safepoint    ] Entering safepoint region: RevokeBias
[2019-12-09T03:05:49.024+0000][1][safepoint    ] Leaving safepoint region
[2019-12-09T03:05:49.024+0000][1][safepoint    ] Total time for which application threads were stopped: 0.0001076 seconds, Stopping threads took: 0.0000129 seconds
[2019-12-09T03:05:49.703+0000][1][safepoint    ] Application time: 0.6793344 seconds
[2019-12-09T03:05:49.703+0000][1][safepoint    ] Entering safepoint region: RevokeBias
[2019-12-09T03:05:49.703+0000][1][safepoint    ] Leaving safepoint region
[2019-12-09T03:05:49.703+0000][1][safepoint    ] Total time for which application threads were stopped: 0.0001572 seconds, Stopping threads took: 0.0000130 seconds
[2019-12-09T03:05:50.734+0000][1][safepoint    ] Application time: 1.0304141 seconds
[2019-12-09T03:05:50.798+0000][1][safepoint    ] Entering safepoint region: Cleanup
[2019-12-09T03:05:50.798+0000][1][safepoint    ] Leaving safepoint region
[2019-12-09T03:05:50.798+0000][1][safepoint    ] Total time for which application threads were stopped: 0.0640763 seconds, Stopping threads took: 0.0639845 seconds
[2019-12-09T03:05:51.073+0000][1][safepoint    ] Application time: 0.2748616 seconds
[2019-12-09T03:05:51.073+0000][1][safepoint    ] Entering safepoint region: GenCollectForAllocation
[2019-12-09T03:05:51.073+0000][1][gc,start     ] GC(15) Pause Young (Allocation Failure)
[2019-12-09T03:05:51.073+0000][1][gc,task      ] GC(15) Using 2 workers of 2 for evacuation
[2019-12-09T03:05:51.648+0000][1][gc,age       ] GC(15) Desired survivor size 4456448 bytes, new threshold 1 (max threshold 6)
[2019-12-09T03:05:51.648+0000][1][gc,age       ] GC(15) Age table with threshold 1 (max threshold 6)
[2019-12-09T03:05:51.648+0000][1][gc,age       ] GC(15) - age   1:    8912808 bytes,    8912808 total
[2019-12-09T03:05:51.648+0000][1][gc,heap      ] GC(15) ParNew: 78656K->8704K(78656K)
[2019-12-09T03:05:51.648+0000][1][gc,heap      ] GC(15) CMS: 34496K->45876K(174784K)
[2019-12-09T03:05:51.648+0000][1][gc,metaspace ] GC(15) Metaspace: 29551K->29551K(1077248K)
[2019-12-09T03:05:51.648+0000][1][gc           ] GC(15) Pause Young (Allocation Failure) 110M->53M(247M) 575.494ms
[2019-12-09T03:05:51.648+0000][1][gc,cpu       ] GC(15) User=0.15s Sys=0.00s Real=0.58s
[2019-12-09T03:05:51.648+0000][1][safepoint    ] Leaving safepoint region
[2019-12-09T03:05:51.648+0000][1][safepoint    ] Total time for which application threads were stopped: 0.5756320 seconds, Stopping threads took: 0.0000129 seconds
[2019-12-09T03:05:52.649+0000][1][safepoint    ] Application time: 1.0003105 seconds
[2019-12-09T03:05:52.714+0000][1][safepoint    ] Entering safepoint region: Cleanup
[2019-12-09T03:05:52.714+0000][1][safepoint    ] Leaving safepoint region
[2019-12-09T03:05:52.714+0000][1][safepoint    ] Total time for which application threads were stopped: 0.0650878 seconds, Stopping threads took: 0.0650169 seconds
[2019-12-09T03:05:53.717+0000][1][safepoint    ] Application time: 1.0028698 seconds
[2019-12-09T03:05:53.728+0000][1][safepoint    ] Entering safepoint region: Cleanup
[2019-12-09T03:05:53.728+0000][1][safepoint    ] Leaving safepoint region
[2019-12-09T03:05:53.728+0000][1][safepoint    ] Total time for which application threads were stopped: 0.0110609 seconds, Stopping threads took: 0.0110089 seconds
[2019-12-09T03:05:54.712+0000][1][safepoint    ] Application time: 0.9839118 seconds
[2019-12-09T03:05:54.712+0000][1][safepoint    ] Entering safepoint region: GenCollectForAllocation
[2019-12-09T03:05:54.712+0000][1][gc,start     ] GC(16) Pause Young (Allocation Failure)
[2019-12-09T03:05:54.712+0000][1][gc,task      ] GC(16) Using 2 workers of 2 for evacuation
[2019-12-09T03:05:54.965+0000][1][gc,age       ] GC(16) Desired survivor size 4456448 bytes, new threshold 6 (max threshold 6)
[2019-12-09T03:05:54.965+0000][1][gc,age       ] GC(16) Age table with threshold 6 (max threshold 6)
[2019-12-09T03:05:54.965+0000][1][gc,age       ] GC(16) - age   1:    1260464 bytes,    1260464 total
[2019-12-09T03:05:54.965+0000][1][gc,heap      ] GC(16) ParNew: 78656K->8620K(78656K)
[2019-12-09T03:05:54.965+0000][1][gc,heap      ] GC(16) CMS: 45876K->54632K(174784K)
[2019-12-09T03:05:54.965+0000][1][gc,metaspace ] GC(16) Metaspace: 33016K->33016K(1079296K)
[2019-12-09T03:05:54.965+0000][1][gc           ] GC(16) Pause Young (Allocation Failure) 121M->61M(247M) 253.496ms
[2019-12-09T03:05:54.965+0000][1][gc,cpu       ] GC(16) User=0.06s Sys=0.00s Real=0.26s
[2019-12-09T03:05:54.965+0000][1][safepoint    ] Leaving safepoint region
[2019-12-09T03:05:54.965+0000][1][safepoint    ] Total time for which application threads were stopped: 0.2536640 seconds, Stopping threads took: 0.0000155 seconds
[2019-12-09T03:05:55.970+0000][1][safepoint    ] Application time: 1.0042573 seconds
[2019-12-09T03:05:55.995+0000][1][safepoint    ] Entering safepoint region: Cleanup
[2019-12-09T03:05:55.995+0000][1][safepoint    ] Leaving safepoint region
[2019-12-09T03:05:55.995+0000][1][safepoint    ] Total time for which application threads were stopped: 0.0250788 seconds, Stopping threads took: 0.0250258 seconds
[2019-12-09T03:05:57.004+0000][1][safepoint    ] Application time: 1.0088811 seconds
[2019-12-09T03:05:57.080+0000][1][safepoint    ] Entering safepoint region: Cleanup
[2019-12-09T03:05:57.080+0000][1][safepoint    ] Leaving safepoint region
[2019-12-09T03:05:57.080+0000][1][safepoint    ] Total time for which application threads were stopped: 0.0760864 seconds, Stopping threads took: 0.0760225 seconds
[2019-12-09T03:05:57.870+0000][1][safepoint    ] Application time: 0.7898628 seconds
[2019-12-09T03:05:57.870+0000][1][safepoint    ] Entering safepoint region: CollectForMetadataAllocation
[2019-12-09T03:05:57.870+0000][1][safepoint    ] Leaving safepoint region
[2019-12-09T03:05:57.870+0000][1][safepoint    ] Total time for which application threads were stopped: 0.0001789 seconds, Stopping threads took: 0.0000169 seconds
[2019-12-09T03:05:58.032+0000][1][safepoint    ] Application time: 0.1617987 seconds
[2019-12-09T03:05:58.032+0000][1][safepoint    ] Entering safepoint region: CollectForMetadataAllocation
[2019-12-09T03:05:58.032+0000][1][safepoint    ] Leaving safepoint region
[2019-12-09T03:05:58.032+0000][1][safepoint    ] Total time for which application threads were stopped: 0.0001591 seconds, Stopping threads took: 0.0000144 seconds
[2019-12-09T03:05:58.358+0000][1][safepoint    ] Application time: 0.3257927 seconds
[2019-12-09T03:05:58.358+0000][1][safepoint    ] Entering safepoint region: CollectForMetadataAllocation
[2019-12-09T03:05:58.358+0000][1][safepoint    ] Leaving safepoint region
[2019-12-09T03:05:58.358+0000][1][safepoint    ] Total time for which application threads were stopped: 0.0002571 seconds, Stopping threads took: 0.0000152 seconds
[2019-12-09T03:05:58.560+0000][1][safepoint    ] Application time: 0.2016690 seconds
[2019-12-09T03:05:58.560+0000][1][safepoint    ] Entering safepoint region: CollectForMetadataAllocation
[2019-12-09T03:05:58.560+0000][1][safepoint    ] Leaving safepoint region
[2019-12-09T03:05:58.560+0000][1][safepoint    ] Total time for which application threads were stopped: 0.0002232 seconds, Stopping threads took: 0.0000129 seconds
[2019-12-09T03:05:58.697+0000][1][safepoint    ] Application time: 0.1372971 seconds
[2019-12-09T03:05:58.697+0000][1][safepoint    ] Entering safepoint region: CollectForMetadataAllocation
[2019-12-09T03:05:58.698+0000][1][safepoint    ] Leaving safepoint region
[2019-12-09T03:05:58.698+0000][1][safepoint    ] Total time for which application threads were stopped: 0.0002241 seconds, Stopping threads took: 0.0000132 seconds
[2019-12-09T03:05:58.846+0000][1][safepoint    ] Application time: 0.1486479 seconds
[2019-12-09T03:05:58.846+0000][1][safepoint    ] Entering safepoint region: CollectForMetadataAllocation
[2019-12-09T03:05:58.846+0000][1][safepoint    ] Leaving safepoint region
[2019-12-09T03:05:58.846+0000][1][safepoint    ] Total time for which application threads were stopped: 0.0002257 seconds, Stopping threads took: 0.0000144 seconds
[2019-12-09T03:05:58.976+0000][1][safepoint    ] Application time: 0.1293100 seconds
[2019-12-09T03:05:58.977+0000][1][safepoint    ] Entering safepoint region: CMS_Initial_Mark
[2019-12-09T03:05:58.977+0000][1][gc,start     ] GC(17) Pause Initial Mark
[2019-12-09T03:05:59.156+0000][1][gc           ] GC(17) Pause Initial Mark 130M->130M(247M) 179.187ms
[2019-12-09T03:05:59.156+0000][1][gc,cpu       ] GC(17) User=0.04s Sys=0.00s Real=0.18s
[2019-12-09T03:05:59.156+0000][1][safepoint    ] Leaving safepoint region
[2019-12-09T03:05:59.156+0000][1][safepoint    ] Total time for which application threads were stopped: 0.1806418 seconds, Stopping threads took: 0.0013329 seconds
[2019-12-09T03:05:59.157+0000][1][gc           ] GC(17) Concurrent Mark
[2019-12-09T03:05:59.178+0000][1][safepoint    ] Application time: 0.0210655 seconds
[2019-12-09T03:05:59.178+0000][1][safepoint    ] Entering safepoint region: GenCollectForAllocation
[2019-12-09T03:05:59.178+0000][1][gc,start     ] GC(18) Pause Young (Allocation Failure)
[2019-12-09T03:05:59.178+0000][1][gc,task      ] GC(18) Using 2 workers of 2 for evacuation
[2019-12-09T03:05:59.257+0000][1][gc,age       ] GC(18) Desired survivor size 4456448 bytes, new threshold 6 (max threshold 6)
[2019-12-09T03:05:59.257+0000][1][gc,age       ] GC(18) Age table with threshold 6 (max threshold 6)
[2019-12-09T03:05:59.257+0000][1][gc,age       ] GC(18) - age   1:    1971752 bytes,    1971752 total
[2019-12-09T03:05:59.257+0000][1][gc,age       ] GC(18) - age   2:    1194432 bytes,    3166184 total
[2019-12-09T03:05:59.257+0000][1][gc,heap      ] GC(18) ParNew: 78572K->3578K(78656K)
[2019-12-09T03:05:59.257+0000][1][gc,heap      ] GC(18) CMS: 54632K->54632K(174784K)
[2019-12-09T03:05:59.257+0000][1][gc,metaspace ] GC(18) Metaspace: 35489K->35489K(1081344K)
[2019-12-09T03:05:59.257+0000][1][gc           ] GC(18) Pause Young (Allocation Failure) 130M->56M(247M) 79.515ms
[2019-12-09T03:05:59.257+0000][1][gc,cpu       ] GC(18) User=0.01s Sys=0.00s Real=0.08s
[2019-12-09T03:05:59.257+0000][1][safepoint    ] Leaving safepoint region
[2019-12-09T03:05:59.257+0000][1][safepoint    ] Total time for which application threads were stopped: 0.0796512 seconds, Stopping threads took: 0.0000127 seconds
[2019-12-09T03:05:59.260+0000][1][safepoint    ] Application time: 0.0026011 seconds
[2019-12-09T03:05:59.260+0000][1][safepoint    ] Entering safepoint region: RevokeBias
[2019-12-09T03:05:59.260+0000][1][safepoint    ] Leaving safepoint region
[2019-12-09T03:05:59.260+0000][1][safepoint    ] Total time for which application threads were stopped: 0.0000936 seconds, Stopping threads took: 0.0000219 seconds
[2019-12-09T03:05:59.293+0000][1][safepoint    ] Application time: 0.0327834 seconds
[2019-12-09T03:05:59.293+0000][1][safepoint    ] Entering safepoint region: CollectForMetadataAllocation
[2019-12-09T03:05:59.293+0000][1][safepoint    ] Leaving safepoint region
[2019-12-09T03:05:59.293+0000][1][safepoint    ] Total time for which application threads were stopped: 0.0002487 seconds, Stopping threads took: 0.0000144 seconds
[2019-12-09T03:05:59.510+0000][1][safepoint    ] Application time: 0.2168831 seconds
[2019-12-09T03:05:59.510+0000][1][safepoint    ] Entering safepoint region: CollectForMetadataAllocation
[2019-12-09T03:05:59.510+0000][1][safepoint    ] Leaving safepoint region
[2019-12-09T03:05:59.510+0000][1][safepoint    ] Total time for which application threads were stopped: 0.0002277 seconds, Stopping threads took: 0.0000131 seconds
[2019-12-09T03:05:59.994+0000][1][safepoint    ] Application time: 0.4842270 seconds
[2019-12-09T03:05:59.994+0000][1][safepoint    ] Entering safepoint region: CollectForMetadataAllocation
[2019-12-09T03:05:59.995+0000][1][safepoint    ] Leaving safepoint region
[2019-12-09T03:05:59.995+0000][1][safepoint    ] Total time for which application threads were stopped: 0.0002461 seconds, Stopping threads took: 0.0000135 seconds
[2019-12-09T03:06:00.154+0000][1][gc           ] GC(17) Concurrent Mark 997.773ms
[2019-12-09T03:06:00.154+0000][1][gc,cpu       ] GC(17) User=0.24s Sys=0.00s Real=0.99s
[2019-12-09T03:06:00.154+0000][1][gc           ] GC(17) Concurrent Preclean
[2019-12-09T03:06:00.177+0000][1][gc           ] GC(17) Concurrent Preclean 22.298ms
[2019-12-09T03:06:00.177+0000][1][gc,cpu       ] GC(17) User=0.00s Sys=0.00s Real=0.03s
[2019-12-09T03:06:00.177+0000][1][gc           ] GC(17) Concurrent Abortable Preclean
[2019-12-09T03:06:00.402+0000][1][safepoint    ] Application time: 0.4070418 seconds
[2019-12-09T03:06:00.402+0000][1][safepoint    ] Entering safepoint region: CollectForMetadataAllocation
[2019-12-09T03:06:00.402+0000][1][safepoint    ] Leaving safepoint region
[2019-12-09T03:06:00.402+0000][1][safepoint    ] Total time for which application threads were stopped: 0.0002212 seconds, Stopping threads took: 0.0000133 seconds
[2019-12-09T03:06:00.585+0000][1][safepoint    ] Application time: 0.1825207 seconds
[2019-12-09T03:06:00.585+0000][1][safepoint    ] Entering safepoint region: RevokeBias
[2019-12-09T03:06:00.585+0000][1][safepoint    ] Leaving safepoint region
[2019-12-09T03:06:00.585+0000][1][safepoint    ] Total time for which application threads were stopped: 0.0001997 seconds, Stopping threads took: 0.0000141 seconds
[2019-12-09T03:06:00.711+0000][1][safepoint    ] Application time: 0.1259059 seconds
[2019-12-09T03:06:00.711+0000][1][safepoint    ] Entering safepoint region: CollectForMetadataAllocation
[2019-12-09T03:06:00.711+0000][1][safepoint    ] Leaving safepoint region
[2019-12-09T03:06:00.711+0000][1][safepoint    ] Total time for which application threads were stopped: 0.0002284 seconds, Stopping threads took: 0.0000130 seconds
[2019-12-09T03:06:00.883+0000][1][safepoint    ] Application time: 0.1722462 seconds
[2019-12-09T03:06:00.883+0000][1][safepoint    ] Entering safepoint region: CollectForMetadataAllocation
[2019-12-09T03:06:00.883+0000][1][safepoint    ] Leaving safepoint region
[2019-12-09T03:06:00.883+0000][1][safepoint    ] Total time for which application threads were stopped: 0.0002263 seconds, Stopping threads took: 0.0000125 seconds
[2019-12-09T03:06:01.166+0000][1][safepoint    ] Application time: 0.2822141 seconds
[2019-12-09T03:06:01.166+0000][1][safepoint    ] Entering safepoint region: CollectForMetadataAllocation
[2019-12-09T03:06:01.166+0000][1][safepoint    ] Leaving safepoint region
[2019-12-09T03:06:01.166+0000][1][safepoint    ] Total time for which application threads were stopped: 0.0001586 seconds, Stopping threads took: 0.0000156 seconds
[2019-12-09T03:06:01.562+0000][1][safepoint    ] Application time: 0.3961825 seconds
[2019-12-09T03:06:01.562+0000][1][safepoint    ] Entering safepoint region: CollectForMetadataAllocation
[2019-12-09T03:06:01.562+0000][1][safepoint    ] Leaving safepoint region
[2019-12-09T03:06:01.562+0000][1][safepoint    ] Total time for which application threads were stopped: 0.0002400 seconds, Stopping threads took: 0.0000149 seconds
[2019-12-09T03:06:01.682+0000][1][safepoint    ] Application time: 0.1193322 seconds
[2019-12-09T03:06:01.682+0000][1][safepoint    ] Entering safepoint region: CollectForMetadataAllocation
[2019-12-09T03:06:01.682+0000][1][safepoint    ] Leaving safepoint region
[2019-12-09T03:06:01.682+0000][1][safepoint    ] Total time for which application threads were stopped: 0.0002414 seconds, Stopping threads took: 0.0000176 seconds
[2019-12-09T03:06:01.786+0000][1][safepoint    ] Application time: 0.1038001 seconds
[2019-12-09T03:06:01.786+0000][1][safepoint    ] Entering safepoint region: CollectForMetadataAllocation
[2019-12-09T03:06:01.786+0000][1][safepoint    ] Leaving safepoint region
[2019-12-09T03:06:01.786+0000][1][safepoint    ] Total time for which application threads were stopped: 0.0002383 seconds, Stopping threads took: 0.0000148 seconds
[2019-12-09T03:06:02.365+0000][1][safepoint    ] Application time: 0.5790620 seconds
[2019-12-09T03:06:02.365+0000][1][safepoint    ] Entering safepoint region: CollectForMetadataAllocation
[2019-12-09T03:06:02.365+0000][1][safepoint    ] Leaving safepoint region
[2019-12-09T03:06:02.365+0000][1][safepoint    ] Total time for which application threads were stopped: 0.0002227 seconds, Stopping threads took: 0.0000145 seconds
[2019-12-09T03:06:02.653+0000][1][safepoint    ] Application time: 0.2873550 seconds
[2019-12-09T03:06:02.653+0000][1][safepoint    ] Entering safepoint region: CollectForMetadataAllocation
[2019-12-09T03:06:02.653+0000][1][safepoint    ] Leaving safepoint region
[2019-12-09T03:06:02.653+0000][1][safepoint    ] Total time for which application threads were stopped: 0.0002553 seconds, Stopping threads took: 0.0000198 seconds
[2019-12-09T03:06:02.978+0000][1][safepoint    ] Application time: 0.3249712 seconds
[2019-12-09T03:06:02.978+0000][1][safepoint    ] Entering safepoint region: CollectForMetadataAllocation
[2019-12-09T03:06:02.978+0000][1][safepoint    ] Leaving safepoint region
[2019-12-09T03:06:02.978+0000][1][safepoint    ] Total time for which application threads were stopped: 0.0002347 seconds, Stopping threads took: 0.0000193 seconds
[2019-12-09T03:06:03.327+0000][1][safepoint    ] Application time: 0.3483609 seconds
[2019-12-09T03:06:03.327+0000][1][safepoint    ] Entering safepoint region: CollectForMetadataAllocation
[2019-12-09T03:06:03.327+0000][1][safepoint    ] Leaving safepoint region
[2019-12-09T03:06:03.327+0000][1][safepoint    ] Total time for which application threads were stopped: 0.0002565 seconds, Stopping threads took: 0.0000163 seconds
[2019-12-09T03:06:03.750+0000][1][safepoint    ] Application time: 0.4227987 seconds
[2019-12-09T03:06:03.750+0000][1][safepoint    ] Entering safepoint region: CollectForMetadataAllocation
[2019-12-09T03:06:03.750+0000][1][safepoint    ] Leaving safepoint region
[2019-12-09T03:06:03.750+0000][1][safepoint    ] Total time for which application threads were stopped: 0.0002100 seconds, Stopping threads took: 0.0000129 seconds
[2019-12-09T03:06:04.022+0000][1][safepoint    ] Application time: 0.2716400 seconds
[2019-12-09T03:06:04.022+0000][1][safepoint    ] Entering safepoint region: CollectForMetadataAllocation
[2019-12-09T03:06:04.022+0000][1][safepoint    ] Leaving safepoint region
[2019-12-09T03:06:04.022+0000][1][safepoint    ] Total time for which application threads were stopped: 0.0002582 seconds, Stopping threads took: 0.0000178 seconds
[2019-12-09T03:06:04.279+0000][1][safepoint    ] Application time: 0.2567593 seconds
[2019-12-09T03:06:04.279+0000][1][safepoint    ] Entering safepoint region: CollectForMetadataAllocation
[2019-12-09T03:06:04.279+0000][1][safepoint    ] Leaving safepoint region
[2019-12-09T03:06:04.279+0000][1][safepoint    ] Total time for which application threads were stopped: 0.0002303 seconds, Stopping threads took: 0.0000162 seconds
[2019-12-09T03:06:04.742+0000][1][safepoint    ] Application time: 0.4626632 seconds
[2019-12-09T03:06:04.742+0000][1][safepoint    ] Entering safepoint region: CollectForMetadataAllocation
[2019-12-09T03:06:04.742+0000][1][safepoint    ] Leaving safepoint region
[2019-12-09T03:06:04.742+0000][1][safepoint    ] Total time for which application threads were stopped: 0.0002475 seconds, Stopping threads took: 0.0000152 seconds
[2019-12-09T03:06:04.972+0000][1][safepoint    ] Application time: 0.2296917 seconds
[2019-12-09T03:06:04.972+0000][1][safepoint    ] Entering safepoint region: CollectForMetadataAllocation
[2019-12-09T03:06:04.972+0000][1][safepoint    ] Leaving safepoint region
[2019-12-09T03:06:04.972+0000][1][safepoint    ] Total time for which application threads were stopped: 0.0001547 seconds, Stopping threads took: 0.0000130 seconds
[2019-12-09T03:06:05.194+0000][1][gc           ] GC(17) Concurrent Abortable Preclean 5017.135ms
[2019-12-09T03:06:05.194+0000][1][gc,cpu       ] GC(17) User=1.37s Sys=0.02s Real=5.01s
[2019-12-09T03:06:05.194+0000][1][safepoint    ] Application time: 0.2220024 seconds
[2019-12-09T03:06:05.196+0000][1][safepoint    ] Entering safepoint region: CMS_Final_Remark
[2019-12-09T03:06:05.196+0000][1][gc,start     ] GC(17) Pause Remark
[2019-12-09T03:06:05.291+0000][1][gc           ] GC(17) Pause Remark 84M->84M(247M) 95.189ms
[2019-12-09T03:06:05.291+0000][1][gc,cpu       ] GC(17) User=0.03s Sys=0.00s Real=0.09s
[2019-12-09T03:06:05.291+0000][1][safepoint    ] Leaving safepoint region
[2019-12-09T03:06:05.291+0000][1][safepoint    ] Total time for which application threads were stopped: 0.0970757 seconds, Stopping threads took: 0.0017761 seconds
[2019-12-09T03:06:05.318+0000][1][gc           ] GC(17) Concurrent Sweep
[2019-12-09T03:06:05.578+0000][1][safepoint    ] Application time: 0.2867111 seconds
[2019-12-09T03:06:05.578+0000][1][safepoint    ] Entering safepoint region: CollectForMetadataAllocation
[2019-12-09T03:06:05.579+0000][1][safepoint    ] Leaving safepoint region
[2019-12-09T03:06:05.579+0000][1][safepoint    ] Total time for which application threads were stopped: 0.0010177 seconds, Stopping threads took: 0.0000148 seconds
[2019-12-09T03:06:05.711+0000][1][gc           ] GC(17) Concurrent Sweep 393.548ms
[2019-12-09T03:06:05.711+0000][1][gc,cpu       ] GC(17) User=0.10s Sys=0.01s Real=0.39s
[2019-12-09T03:06:05.711+0000][1][gc           ] GC(17) Concurrent Reset
[2019-12-09T03:06:05.712+0000][1][gc           ] GC(17) Concurrent Reset 0.295ms
[2019-12-09T03:06:05.731+0000][1][gc,cpu       ] GC(17) User=0.00s Sys=0.00s Real=0.00s
[2019-12-09T03:06:05.731+0000][1][gc,heap      ] GC(17) Old: 54632K->54444K(174784K)
[2019-12-09T03:06:05.951+0000][1][safepoint    ] Application time: 0.3719235 seconds
[2019-12-09T03:06:05.986+0000][1][safepoint    ] Entering safepoint region: RevokeBias
[2019-12-09T03:06:05.986+0000][1][safepoint    ] Leaving safepoint region
[2019-12-09T03:06:05.986+0000][1][safepoint    ] Total time for which application threads were stopped: 0.0350928 seconds, Stopping threads took: 0.0350014 seconds
[2019-12-09T03:06:06.006+0000][1][safepoint    ] Application time: 0.0198733 seconds
[2019-12-09T03:06:06.067+0000][1][safepoint    ] Entering safepoint region: RevokeBias
[2019-12-09T03:06:06.067+0000][1][safepoint    ] Leaving safepoint region
[2019-12-09T03:06:06.067+0000][1][safepoint    ] Total time for which application threads were stopped: 0.0612568 seconds, Stopping threads took: 0.0611594 seconds
[2019-12-09T03:06:07.069+0000][1][safepoint    ] Application time: 1.0016995 seconds
[2019-12-09T03:06:07.108+0000][1][safepoint    ] Entering safepoint region: Cleanup
[2019-12-09T03:06:07.108+0000][1][safepoint    ] Leaving safepoint region
[2019-12-09T03:06:07.108+0000][1][safepoint    ] Total time for which application threads were stopped: 0.0390848 seconds, Stopping threads took: 0.0390293 seconds
[2019-12-09T03:06:09.121+0000][1][safepoint    ] Application time: 2.0128647 seconds
[2019-12-09T03:06:09.167+0000][1][safepoint    ] Entering safepoint region: Cleanup
[2019-12-09T03:06:09.167+0000][1][safepoint    ] Leaving safepoint region
[2019-12-09T03:06:09.167+0000][1][safepoint    ] Total time for which application threads were stopped: 0.0460704 seconds, Stopping threads took: 0.0460229 seconds
[2019-12-09T03:06:11.033+0000][1][safepoint    ] Application time: 1.8660110 seconds
[2019-12-09T03:06:11.166+0000][1][safepoint    ] Entering safepoint region: RevokeBias
[2019-12-09T03:06:11.166+0000][1][safepoint    ] Leaving safepoint region
[2019-12-09T03:06:11.166+0000][1][safepoint    ] Total time for which application threads were stopped: 0.1330091 seconds, Stopping threads took: 0.1329035 seconds
[2019-12-09T03:06:11.175+0000][1][safepoint    ] Application time: 0.0089541 seconds
[2019-12-09T03:06:11.219+0000][1][safepoint    ] Entering safepoint region: RevokeBias
[2019-12-09T03:06:11.219+0000][1][safepoint    ] Leaving safepoint region
[2019-12-09T03:06:11.219+0000][1][safepoint    ] Total time for which application threads were stopped: 0.0441645 seconds, Stopping threads took: 0.0440561 seconds
[2019-12-09T03:06:11.219+0000][1][safepoint    ] Application time: 0.0001265 seconds
[2019-12-09T03:06:11.219+0000][1][safepoint    ] Entering safepoint region: RevokeBias
[2019-12-09T03:06:11.219+0000][1][safepoint    ] Leaving safepoint region
[2019-12-09T03:06:11.219+0000][1][safepoint    ] Total time for which application threads were stopped: 0.0000785 seconds, Stopping threads took: 0.0000110 seconds
[2019-12-09T03:06:11.219+0000][1][safepoint    ] Application time: 0.0001709 seconds
[2019-12-09T03:06:11.219+0000][1][safepoint    ] Entering safepoint region: RevokeBias
[2019-12-09T03:06:11.220+0000][1][safepoint    ] Leaving safepoint region
[2019-12-09T03:06:11.220+0000][1][safepoint    ] Total time for which application threads were stopped: 0.0000772 seconds, Stopping threads took: 0.0000095 seconds
[2019-12-09T03:06:11.220+0000][1][safepoint    ] Application time: 0.0002878 seconds
[2019-12-09T03:06:11.220+0000][1][safepoint    ] Entering safepoint region: RevokeBias
[2019-12-09T03:06:11.220+0000][1][safepoint    ] Leaving safepoint region
[2019-12-09T03:06:11.220+0000][1][safepoint    ] Total time for which application threads were stopped: 0.0000859 seconds, Stopping threads took: 0.0000098 seconds
[2019-12-09T03:06:11.220+0000][1][safepoint    ] Application time: 0.0000937 seconds
[2019-12-09T03:06:11.220+0000][1][safepoint    ] Entering safepoint region: RevokeBias
[2019-12-09T03:06:11.220+0000][1][safepoint    ] Leaving safepoint region
[2019-12-09T03:06:11.220+0000][1][safepoint    ] Total time for which application threads were stopped: 0.0000658 seconds, Stopping threads took: 0.0000086 seconds
[2019-12-09T03:06:11.220+0000][1][safepoint    ] Application time: 0.0000517 seconds
[2019-12-09T03:06:11.220+0000][1][safepoint    ] Entering safepoint region: RevokeBias
[2019-12-09T03:06:11.220+0000][1][safepoint    ] Leaving safepoint region
[2019-12-09T03:06:11.220+0000][1][safepoint    ] Total time for which application threads were stopped: 0.0000613 seconds, Stopping threads took: 0.0000078 seconds
[2019-12-09T03:06:11.220+0000][1][safepoint    ] Application time: 0.0000903 seconds
[2019-12-09T03:06:11.220+0000][1][safepoint    ] Entering safepoint region: RevokeBias
[2019-12-09T03:06:11.220+0000][1][safepoint    ] Leaving safepoint region
[2019-12-09T03:06:11.220+0000][1][safepoint    ] Total time for which application threads were stopped: 0.0000650 seconds, Stopping threads took: 0.0000083 seconds
[2019-12-09T03:06:11.220+0000][1][safepoint    ] Application time: 0.0000580 seconds
[2019-12-09T03:06:11.220+0000][1][safepoint    ] Entering safepoint region: RevokeBias
[2019-12-09T03:06:11.221+0000][1][safepoint    ] Leaving safepoint region
[2019-12-09T03:06:11.221+0000][1][safepoint    ] Total time for which application threads were stopped: 0.0000645 seconds, Stopping threads took: 0.0000077 seconds
[2019-12-09T03:06:11.222+0000][1][safepoint    ] Application time: 0.0010648 seconds
[2019-12-09T03:06:11.222+0000][1][safepoint    ] Entering safepoint region: RevokeBias
[2019-12-09T03:06:11.222+0000][1][safepoint    ] Leaving safepoint region
[2019-12-09T03:06:11.222+0000][1][safepoint    ] Total time for which application threads were stopped: 0.0001000 seconds, Stopping threads took: 0.0000108 seconds
[2019-12-09T03:06:11.222+0000][1][safepoint    ] Application time: 0.0002530 seconds
[2019-12-09T03:06:11.222+0000][1][safepoint    ] Entering safepoint region: RevokeBias
[2019-12-09T03:06:11.222+0000][1][safepoint    ] Leaving safepoint region
[2019-12-09T03:06:11.222+0000][1][safepoint    ] Total time for which application threads were stopped: 0.0000785 seconds, Stopping threads took: 0.0000097 seconds
[2019-12-09T03:06:11.222+0000][1][safepoint    ] Application time: 0.0003542 seconds
[2019-12-09T03:06:11.222+0000][1][safepoint    ] Entering safepoint region: RevokeBias
[2019-12-09T03:06:11.223+0000][1][safepoint    ] Leaving safepoint region
[2019-12-09T03:06:11.223+0000][1][safepoint    ] Total time for which application threads were stopped: 0.0000759 seconds, Stopping threads took: 0.0000102 seconds
[2019-12-09T03:06:12.226+0000][1][safepoint    ] Application time: 1.0031448 seconds
[2019-12-09T03:06:12.226+0000][1][safepoint    ] Entering safepoint region: Cleanup
[2019-12-09T03:06:12.226+0000][1][safepoint    ] Leaving safepoint region
[2019-12-09T03:06:12.226+0000][1][safepoint    ] Total time for which application threads were stopped: 0.0003189 seconds, Stopping threads took: 0.0002658 seconds
[2019-12-09T03:06:13.238+0000][1][safepoint    ] Application time: 1.0116215 seconds
[2019-12-09T03:06:13.278+0000][1][safepoint    ] Entering safepoint region: Cleanup
[2019-12-09T03:06:13.278+0000][1][safepoint    ] Leaving safepoint region
[2019-12-09T03:06:13.278+0000][1][safepoint    ] Total time for which application threads were stopped: 0.0401415 seconds, Stopping threads took: 0.0400594 seconds
[2019-12-09T03:06:13.829+0000][1][safepoint    ] Application time: 0.5510643 seconds
[2019-12-09T03:06:13.843+0000][1][safepoint    ] Entering safepoint region: RevokeBias
[2019-12-09T03:06:13.843+0000][1][safepoint    ] Leaving safepoint region
[2019-12-09T03:06:13.843+0000][1][safepoint    ] Total time for which application threads were stopped: 0.0139142 seconds, Stopping threads took: 0.0137610 seconds
[2019-12-09T03:06:14.116+0000][1][safepoint    ] Application time: 0.2726362 seconds
[2019-12-09T03:06:14.116+0000][1][safepoint    ] Entering safepoint region: GenCollectForAllocation
[2019-12-09T03:06:14.116+0000][1][gc,start     ] GC(19) Pause Young (Allocation Failure)
[2019-12-09T03:06:14.116+0000][1][gc,task      ] GC(19) Using 2 workers of 2 for evacuation
[2019-12-09T03:06:14.273+0000][1][gc,age       ] GC(19) Desired survivor size 4456448 bytes, new threshold 2 (max threshold 6)
[2019-12-09T03:06:14.273+0000][1][gc,age       ] GC(19) Age table with threshold 2 (max threshold 6)
[2019-12-09T03:06:14.273+0000][1][gc,age       ] GC(19) - age   1:    2536904 bytes,    2536904 total
[2019-12-09T03:06:14.273+0000][1][gc,age       ] GC(19) - age   2:    1939904 bytes,    4476808 total
[2019-12-09T03:06:14.273+0000][1][gc,age       ] GC(19) - age   3:    1192192 bytes,    5669000 total
[2019-12-09T03:06:14.273+0000][1][gc,heap      ] GC(19) ParNew: 73530K->7288K(78656K)
[2019-12-09T03:06:14.273+0000][1][gc,heap      ] GC(19) CMS: 54444K->54444K(174784K)
[2019-12-09T03:06:14.273+0000][1][gc,metaspace ] GC(19) Metaspace: 42981K->42981K(1089536K)
[2019-12-09T03:06:14.273+0000][1][gc           ] GC(19) Pause Young (Allocation Failure) 124M->60M(247M) 157.578ms
[2019-12-09T03:06:14.273+0000][1][gc,cpu       ] GC(19) User=0.04s Sys=0.00s Real=0.15s
[2019-12-09T03:06:14.273+0000][1][safepoint    ] Leaving safepoint region
[2019-12-09T03:06:14.273+0000][1][safepoint    ] Total time for which application threads were stopped: 0.1577346 seconds, Stopping threads took: 0.0000138 seconds
[2019-12-09T03:06:14.285+0000][1][safepoint    ] Application time: 0.0120480 seconds
[2019-12-09T03:06:14.285+0000][1][safepoint    ] Entering safepoint region: RevokeBias
[2019-12-09T03:06:14.285+0000][1][safepoint    ] Leaving safepoint region
[2019-12-09T03:06:14.285+0000][1][safepoint    ] Total time for which application threads were stopped: 0.0000637 seconds, Stopping threads took: 0.0000140 seconds
[2019-12-09T03:06:15.287+0000][1][safepoint    ] Application time: 1.0012154 seconds
[2019-12-09T03:06:15.365+0000][1][safepoint    ] Entering safepoint region: Cleanup
[2019-12-09T03:06:15.365+0000][1][safepoint    ] Leaving safepoint region
[2019-12-09T03:06:15.365+0000][1][safepoint    ] Total time for which application threads were stopped: 0.0780824 seconds, Stopping threads took: 0.0780188 seconds
[2019-12-09T03:06:15.752+0000][1][safepoint    ] Application time: 0.3868936 seconds
[2019-12-09T03:06:15.752+0000][1][safepoint    ] Entering safepoint region: RevokeBias
[2019-12-09T03:06:15.752+0000][1][safepoint    ] Leaving safepoint region
[2019-12-09T03:06:15.752+0000][1][safepoint    ] Total time for which application threads were stopped: 0.0001189 seconds, Stopping threads took: 0.0000132 seconds
[2019-12-09T03:06:15.810+0000][1][safepoint    ] Application time: 0.0578160 seconds
[2019-12-09T03:06:15.810+0000][1][safepoint    ] Entering safepoint region: RevokeBias
[2019-12-09T03:06:15.810+0000][1][safepoint    ] Leaving safepoint region
[2019-12-09T03:06:15.810+0000][1][safepoint    ] Total time for which application threads were stopped: 0.0001086 seconds, Stopping threads took: 0.0000134 seconds
[2019-12-09T03:06:16.815+0000][1][safepoint    ] Application time: 1.0048461 seconds
[2019-12-09T03:06:16.864+0000][1][safepoint    ] Entering safepoint region: Cleanup
[2019-12-09T03:06:16.864+0000][1][safepoint    ] Leaving safepoint region
[2019-12-09T03:06:16.864+0000][1][safepoint    ] Total time for which application threads were stopped: 0.0496551 seconds, Stopping threads took: 0.0491825 seconds
[2019-12-09T03:06:16.885+0000][1][safepoint    ] Application time: 0.0204790 seconds
[2019-12-09T03:06:16.885+0000][1][safepoint    ] Entering safepoint region: RevokeBias
[2019-12-09T03:06:16.885+0000][1][safepoint    ] Leaving safepoint region
[2019-12-09T03:06:16.885+0000][1][safepoint    ] Total time for which application threads were stopped: 0.0001648 seconds, Stopping threads took: 0.0000984 seconds
[2019-12-09T03:06:16.885+0000][1][safepoint    ] Application time: 0.0001957 seconds
[2019-12-09T03:06:16.885+0000][1][safepoint    ] Entering safepoint region: RevokeBias
[2019-12-09T03:06:16.885+0000][1][safepoint    ] Leaving safepoint region
[2019-12-09T03:06:16.885+0000][1][safepoint    ] Total time for which application threads were stopped: 0.0000710 seconds, Stopping threads took: 0.0000097 seconds
[2019-12-09T03:06:16.885+0000][1][safepoint    ] Application time: 0.0000552 seconds
[2019-12-09T03:06:16.885+0000][1][safepoint    ] Entering safepoint region: RevokeBias
[2019-12-09T03:06:16.885+0000][1][safepoint    ] Leaving safepoint region
[2019-12-09T03:06:16.885+0000][1][safepoint    ] Total time for which application threads were stopped: 0.0000388 seconds, Stopping threads took: 0.0000073 seconds
[2019-12-09T03:06:16.888+0000][1][safepoint    ] Application time: 0.0021178 seconds
[2019-12-09T03:06:16.888+0000][1][safepoint    ] Entering safepoint region: RevokeBias
[2019-12-09T03:06:16.888+0000][1][safepoint    ] Leaving safepoint region
[2019-12-09T03:06:16.888+0000][1][safepoint    ] Total time for which application threads were stopped: 0.0000480 seconds, Stopping threads took: 0.0000104 seconds
[2019-12-09T03:06:17.396+0000][1][safepoint    ] Application time: 0.5085386 seconds
[2019-12-09T03:06:17.397+0000][1][safepoint    ] Entering safepoint region: RevokeBias
[2019-12-09T03:06:17.397+0000][1][safepoint    ] Leaving safepoint region
[2019-12-09T03:06:17.397+0000][1][safepoint    ] Total time for which application threads were stopped: 0.0004993 seconds, Stopping threads took: 0.0003971 seconds
[2019-12-09T03:06:17.397+0000][1][safepoint    ] Application time: 0.0000963 seconds
[2019-12-09T03:06:17.397+0000][1][safepoint    ] Entering safepoint region: RevokeBias
[2019-12-09T03:06:17.397+0000][1][safepoint    ] Leaving safepoint region
[2019-12-09T03:06:17.397+0000][1][safepoint    ] Total time for which application threads were stopped: 0.0000639 seconds, Stopping threads took: 0.0000181 seconds
[2019-12-09T03:06:17.397+0000][1][safepoint    ] Application time: 0.0000545 seconds
[2019-12-09T03:06:17.397+0000][1][safepoint    ] Entering safepoint region: RevokeBias
[2019-12-09T03:06:17.397+0000][1][safepoint    ] Leaving safepoint region
[2019-12-09T03:06:17.397+0000][1][safepoint    ] Total time for which application threads were stopped: 0.0000475 seconds, Stopping threads took: 0.0000069 seconds
[2019-12-09T03:06:17.397+0000][1][safepoint    ] Application time: 0.0001136 seconds
[2019-12-09T03:06:17.397+0000][1][safepoint    ] Entering safepoint region: RevokeBias
[2019-12-09T03:06:17.397+0000][1][safepoint    ] Leaving safepoint region
[2019-12-09T03:06:17.397+0000][1][safepoint    ] Total time for which application threads were stopped: 0.0000578 seconds, Stopping threads took: 0.0000089 seconds
[2019-12-09T03:06:17.398+0000][1][safepoint    ] Application time: 0.0005040 seconds
[2019-12-09T03:06:17.398+0000][1][safepoint    ] Entering safepoint region: RevokeBias
[2019-12-09T03:06:17.398+0000][1][safepoint    ] Leaving safepoint region
[2019-12-09T03:06:17.398+0000][1][safepoint    ] Total time for which application threads were stopped: 0.0000632 seconds, Stopping threads took: 0.0000099 seconds
[2019-12-09T03:06:17.398+0000][1][safepoint    ] Application time: 0.0000860 seconds
[2019-12-09T03:06:17.398+0000][1][safepoint    ] Entering safepoint region: RevokeBias
[2019-12-09T03:06:17.398+0000][1][safepoint    ] Leaving safepoint region
[2019-12-09T03:06:17.398+0000][1][safepoint    ] Total time for which application threads were stopped: 0.0000618 seconds, Stopping threads took: 0.0000094 seconds
[2019-12-09T03:06:17.398+0000][1][safepoint    ] Application time: 0.0001853 seconds
[2019-12-09T03:06:17.398+0000][1][safepoint    ] Entering safepoint region: RevokeBias
[2019-12-09T03:06:17.398+0000][1][safepoint    ] Leaving safepoint region
[2019-12-09T03:06:17.398+0000][1][safepoint    ] Total time for which application threads were stopped: 0.0000687 seconds, Stopping threads took: 0.0000094 seconds
[2019-12-09T03:06:17.398+0000][1][safepoint    ] Application time: 0.0000590 seconds
[2019-12-09T03:06:17.398+0000][1][safepoint    ] Entering safepoint region: RevokeBias
[2019-12-09T03:06:17.398+0000][1][safepoint    ] Leaving safepoint region
[2019-12-09T03:06:17.398+0000][1][safepoint    ] Total time for which application threads were stopped: 0.0000572 seconds, Stopping threads took: 0.0000093 seconds
[2019-12-09T03:06:17.398+0000][1][safepoint    ] Application time: 0.0000567 seconds
[2019-12-09T03:06:17.398+0000][1][safepoint    ] Entering safepoint region: RevokeBias
[2019-12-09T03:06:17.399+0000][1][safepoint    ] Leaving safepoint region
[2019-12-09T03:06:17.399+0000][1][safepoint    ] Total time for which application threads were stopped: 0.0000527 seconds, Stopping threads took: 0.0000087 seconds
[2019-12-09T03:06:17.399+0000][1][safepoint    ] Application time: 0.0000532 seconds
[2019-12-09T03:06:17.399+0000][1][safepoint    ] Entering safepoint region: RevokeBias
[2019-12-09T03:06:17.399+0000][1][safepoint    ] Leaving safepoint region
[2019-12-09T03:06:17.399+0000][1][safepoint    ] Total time for which application threads were stopped: 0.0000490 seconds, Stopping threads took: 0.0000084 seconds
[2019-12-09T03:06:17.399+0000][1][safepoint    ] Application time: 0.0000670 seconds
[2019-12-09T03:06:17.399+0000][1][safepoint    ] Entering safepoint region: RevokeBias
[2019-12-09T03:06:17.399+0000][1][safepoint    ] Leaving safepoint region
[2019-12-09T03:06:17.399+0000][1][safepoint    ] Total time for which application threads were stopped: 0.0000491 seconds, Stopping threads took: 0.0000078 seconds
[2019-12-09T03:06:17.399+0000][1][safepoint    ] Application time: 0.0000499 seconds
[2019-12-09T03:06:17.399+0000][1][safepoint    ] Entering safepoint region: RevokeBias
[2019-12-09T03:06:17.399+0000][1][safepoint    ] Leaving safepoint region
[2019-12-09T03:06:17.399+0000][1][safepoint    ] Total time for which application threads were stopped: 0.0000439 seconds, Stopping threads took: 0.0000075 seconds
[2019-12-09T03:06:17.399+0000][1][safepoint    ] Application time: 0.0000491 seconds
[2019-12-09T03:06:17.399+0000][1][safepoint    ] Entering safepoint region: RevokeBias
[2019-12-09T03:06:17.399+0000][1][safepoint    ] Leaving safepoint region
[2019-12-09T03:06:17.399+0000][1][safepoint    ] Total time for which application threads were stopped: 0.0000438 seconds, Stopping threads took: 0.0000072 seconds
[2019-12-09T03:06:17.399+0000][1][safepoint    ] Application time: 0.0000494 seconds
[2019-12-09T03:06:17.399+0000][1][safepoint    ] Entering safepoint region: RevokeBias
[2019-12-09T03:06:17.399+0000][1][safepoint    ] Leaving safepoint region
[2019-12-09T03:06:17.399+0000][1][safepoint    ] Total time for which application threads were stopped: 0.0000444 seconds, Stopping threads took: 0.0000074 seconds
[2019-12-09T03:06:17.399+0000][1][safepoint    ] Application time: 0.0000495 seconds
[2019-12-09T03:06:17.399+0000][1][safepoint    ] Entering safepoint region: RevokeBias
[2019-12-09T03:06:17.399+0000][1][safepoint    ] Leaving safepoint region
[2019-12-09T03:06:17.399+0000][1][safepoint    ] Total time for which application threads were stopped: 0.0000440 seconds, Stopping threads took: 0.0000077 seconds
[2019-12-09T03:06:17.399+0000][1][safepoint    ] Application time: 0.0000491 seconds
[2019-12-09T03:06:17.399+0000][1][safepoint    ] Entering safepoint region: RevokeBias
[2019-12-09T03:06:17.399+0000][1][safepoint    ] Leaving safepoint region
[2019-12-09T03:06:17.399+0000][1][safepoint    ] Total time for which application threads were stopped: 0.0000440 seconds, Stopping threads took: 0.0000072 seconds
[2019-12-09T03:06:17.399+0000][1][safepoint    ] Application time: 0.0000496 seconds
[2019-12-09T03:06:17.399+0000][1][safepoint    ] Entering safepoint region: RevokeBias
[2019-12-09T03:06:17.399+0000][1][safepoint    ] Leaving safepoint region
[2019-12-09T03:06:17.399+0000][1][safepoint    ] Total time for which application threads were stopped: 0.0000483 seconds, Stopping threads took: 0.0000073 seconds
[2019-12-09T03:06:17.399+0000][1][safepoint    ] Application time: 0.0000495 seconds
[2019-12-09T03:06:17.400+0000][1][safepoint    ] Entering safepoint region: RevokeBias
[2019-12-09T03:06:17.400+0000][1][safepoint    ] Leaving safepoint region
[2019-12-09T03:06:17.400+0000][1][safepoint    ] Total time for which application threads were stopped: 0.0000450 seconds, Stopping threads took: 0.0000074 seconds
[2019-12-09T03:06:17.400+0000][1][safepoint    ] Application time: 0.0000490 seconds
[2019-12-09T03:06:17.400+0000][1][safepoint    ] Entering safepoint region: RevokeBias
[2019-12-09T03:06:17.400+0000][1][safepoint    ] Leaving safepoint region
[2019-12-09T03:06:17.400+0000][1][safepoint    ] Total time for which application threads were stopped: 0.0000440 seconds, Stopping threads took: 0.0000073 seconds
[2019-12-09T03:06:17.400+0000][1][safepoint    ] Application time: 0.0000630 seconds
[2019-12-09T03:06:17.400+0000][1][safepoint    ] Entering safepoint region: RevokeBias
[2019-12-09T03:06:17.400+0000][1][safepoint    ] Leaving safepoint region
[2019-12-09T03:06:17.400+0000][1][safepoint    ] Total time for which application threads were stopped: 0.0000463 seconds, Stopping threads took: 0.0000074 seconds
[2019-12-09T03:06:17.400+0000][1][safepoint    ] Application time: 0.0000491 seconds
[2019-12-09T03:06:17.400+0000][1][safepoint    ] Entering safepoint region: RevokeBias
[2019-12-09T03:06:17.400+0000][1][safepoint    ] Leaving safepoint region
[2019-12-09T03:06:17.400+0000][1][safepoint    ] Total time for which application threads were stopped: 0.0000446 seconds, Stopping threads took: 0.0000074 seconds
[2019-12-09T03:06:17.400+0000][1][safepoint    ] Application time: 0.0000490 seconds
[2019-12-09T03:06:17.400+0000][1][safepoint    ] Entering safepoint region: RevokeBias
[2019-12-09T03:06:17.400+0000][1][safepoint    ] Leaving safepoint region
[2019-12-09T03:06:17.400+0000][1][safepoint    ] Total time for which application threads were stopped: 0.0000438 seconds, Stopping threads took: 0.0000073 seconds
[2019-12-09T03:06:17.400+0000][1][safepoint    ] Application time: 0.0000493 seconds
[2019-12-09T03:06:17.400+0000][1][safepoint    ] Entering safepoint region: RevokeBias
[2019-12-09T03:06:17.400+0000][1][safepoint    ] Leaving safepoint region
[2019-12-09T03:06:17.400+0000][1][safepoint    ] Total time for which application threads were stopped: 0.0000439 seconds, Stopping threads took: 0.0000072 seconds
[2019-12-09T03:06:17.400+0000][1][safepoint    ] Application time: 0.0000496 seconds
[2019-12-09T03:06:17.400+0000][1][safepoint    ] Entering safepoint region: BulkRevokeBias
[2019-12-09T03:06:17.400+0000][1][safepoint    ] Leaving safepoint region
[2019-12-09T03:06:17.400+0000][1][safepoint    ] Total time for which application threads were stopped: 0.0001070 seconds, Stopping threads took: 0.0000074 seconds
[2019-12-09T03:06:17.400+0000][1][safepoint    ] Application time: 0.0001552 seconds
[2019-12-09T03:06:17.400+0000][1][safepoint    ] Entering safepoint region: RevokeBias
[2019-12-09T03:06:17.400+0000][1][safepoint    ] Leaving safepoint region
[2019-12-09T03:06:17.401+0000][1][safepoint    ] Total time for which application threads were stopped: 0.0000583 seconds, Stopping threads took: 0.0000078 seconds
[2019-12-09T03:06:17.401+0000][1][safepoint    ] Application time: 0.0000713 seconds
[2019-12-09T03:06:17.401+0000][1][safepoint    ] Entering safepoint region: RevokeBias
[2019-12-09T03:06:17.401+0000][1][safepoint    ] Leaving safepoint region
[2019-12-09T03:06:17.401+0000][1][safepoint    ] Total time for which application threads were stopped: 0.0000487 seconds, Stopping threads took: 0.0000074 seconds
[2019-12-09T03:06:17.401+0000][1][safepoint    ] Application time: 0.0001202 seconds
[2019-12-09T03:06:17.401+0000][1][safepoint    ] Entering safepoint region: RevokeBias
[2019-12-09T03:06:17.401+0000][1][safepoint    ] Leaving safepoint region
[2019-12-09T03:06:17.401+0000][1][safepoint    ] Total time for which application threads were stopped: 0.0000558 seconds, Stopping threads took: 0.0000076 seconds
[2019-12-09T03:06:17.401+0000][1][safepoint    ] Application time: 0.0000754 seconds
[2019-12-09T03:06:17.401+0000][1][safepoint    ] Entering safepoint region: RevokeBias
[2019-12-09T03:06:17.401+0000][1][safepoint    ] Leaving safepoint region
[2019-12-09T03:06:17.401+0000][1][safepoint    ] Total time for which application threads were stopped: 0.0000495 seconds, Stopping threads took: 0.0000076 seconds
[2019-12-09T03:06:17.401+0000][1][safepoint    ] Application time: 0.0000739 seconds
[2019-12-09T03:06:17.401+0000][1][safepoint    ] Entering safepoint region: RevokeBias
[2019-12-09T03:06:17.401+0000][1][safepoint    ] Leaving safepoint region
[2019-12-09T03:06:17.401+0000][1][safepoint    ] Total time for which application threads were stopped: 0.0000496 seconds, Stopping threads took: 0.0000074 seconds
[2019-12-09T03:06:17.401+0000][1][safepoint    ] Application time: 0.0000542 seconds
[2019-12-09T03:06:17.401+0000][1][safepoint    ] Entering safepoint region: RevokeBias
[2019-12-09T03:06:17.401+0000][1][safepoint    ] Leaving safepoint region
[2019-12-09T03:06:17.401+0000][1][safepoint    ] Total time for which application threads were stopped: 0.0000474 seconds, Stopping threads took: 0.0000074 seconds
[2019-12-09T03:06:17.401+0000][1][safepoint    ] Application time: 0.0001611 seconds
[2019-12-09T03:06:17.401+0000][1][safepoint    ] Entering safepoint region: RevokeBias
[2019-12-09T03:06:17.401+0000][1][safepoint    ] Leaving safepoint region
[2019-12-09T03:06:17.401+0000][1][safepoint    ] Total time for which application threads were stopped: 0.0000472 seconds, Stopping threads took: 0.0000072 seconds
[2019-12-09T03:06:17.402+0000][1][safepoint    ] Application time: 0.0000538 seconds
[2019-12-09T03:06:17.402+0000][1][safepoint    ] Entering safepoint region: BulkRevokeBias
[2019-12-09T03:06:17.402+0000][1][safepoint    ] Leaving safepoint region
[2019-12-09T03:06:17.402+0000][1][safepoint    ] Total time for which application threads were stopped: 0.0000949 seconds, Stopping threads took: 0.0000075 seconds
[2019-12-09T03:06:17.402+0000][1][safepoint    ] Application time: 0.0002812 seconds
[2019-12-09T03:06:17.402+0000][1][safepoint    ] Entering safepoint region: RevokeBias
[2019-12-09T03:06:17.402+0000][1][safepoint    ] Leaving safepoint region
[2019-12-09T03:06:17.402+0000][1][safepoint    ] Total time for which application threads were stopped: 0.0000606 seconds, Stopping threads took: 0.0000088 seconds
[2019-12-09T03:06:17.402+0000][1][safepoint    ] Application time: 0.0001650 seconds
[2019-12-09T03:06:17.402+0000][1][safepoint    ] Entering safepoint region: RevokeBias
[2019-12-09T03:06:17.402+0000][1][safepoint    ] Leaving safepoint region
[2019-12-09T03:06:17.402+0000][1][safepoint    ] Total time for which application threads were stopped: 0.0000524 seconds, Stopping threads took: 0.0000076 seconds
[2019-12-09T03:06:17.402+0000][1][safepoint    ] Application time: 0.0001820 seconds
[2019-12-09T03:06:17.402+0000][1][safepoint    ] Entering safepoint region: RevokeBias
[2019-12-09T03:06:17.402+0000][1][safepoint    ] Leaving safepoint region
[2019-12-09T03:06:17.402+0000][1][safepoint    ] Total time for which application threads were stopped: 0.0000573 seconds, Stopping threads took: 0.0000083 seconds
[2019-12-09T03:06:17.403+0000][1][safepoint    ] Application time: 0.0000719 seconds
[2019-12-09T03:06:17.403+0000][1][safepoint    ] Entering safepoint region: RevokeBias
[2019-12-09T03:06:17.403+0000][1][safepoint    ] Leaving safepoint region
[2019-12-09T03:06:17.403+0000][1][safepoint    ] Total time for which application threads were stopped: 0.0000426 seconds, Stopping threads took: 0.0000067 seconds
[2019-12-09T03:06:17.403+0000][1][safepoint    ] Application time: 0.0000429 seconds
[2019-12-09T03:06:17.403+0000][1][safepoint    ] Entering safepoint region: RevokeBias
[2019-12-09T03:06:17.403+0000][1][safepoint    ] Leaving safepoint region
[2019-12-09T03:06:17.403+0000][1][safepoint    ] Total time for which application threads were stopped: 0.0000600 seconds, Stopping threads took: 0.0000062 seconds
[2019-12-09T03:06:17.403+0000][1][safepoint    ] Application time: 0.0000458 seconds
[2019-12-09T03:06:17.403+0000][1][safepoint    ] Entering safepoint region: RevokeBias
[2019-12-09T03:06:17.403+0000][1][safepoint    ] Leaving safepoint region
[2019-12-09T03:06:17.403+0000][1][safepoint    ] Total time for which application threads were stopped: 0.0000392 seconds, Stopping threads took: 0.0000068 seconds
[2019-12-09T03:06:17.403+0000][1][safepoint    ] Application time: 0.0003117 seconds
[2019-12-09T03:06:17.403+0000][1][safepoint    ] Entering safepoint region: RevokeBias
[2019-12-09T03:06:17.403+0000][1][safepoint    ] Leaving safepoint region
[2019-12-09T03:06:17.403+0000][1][safepoint    ] Total time for which application threads were stopped: 0.0000602 seconds, Stopping threads took: 0.0000099 seconds
[2019-12-09T03:06:17.403+0000][1][safepoint    ] Application time: 0.0001292 seconds
[2019-12-09T03:06:17.403+0000][1][safepoint    ] Entering safepoint region: RevokeBias
[2019-12-09T03:06:17.403+0000][1][safepoint    ] Leaving safepoint region
[2019-12-09T03:06:17.403+0000][1][safepoint    ] Total time for which application threads were stopped: 0.0000559 seconds, Stopping threads took: 0.0000086 seconds
[2019-12-09T03:06:17.404+0000][1][safepoint    ] Application time: 0.0001653 seconds
[2019-12-09T03:06:17.404+0000][1][safepoint    ] Entering safepoint region: RevokeBias
[2019-12-09T03:06:17.404+0000][1][safepoint    ] Leaving safepoint region
[2019-12-09T03:06:17.404+0000][1][safepoint    ] Total time for which application threads were stopped: 0.0000600 seconds, Stopping threads took: 0.0000091 seconds
[2019-12-09T03:06:17.404+0000][1][safepoint    ] Application time: 0.0003233 seconds
[2019-12-09T03:06:17.404+0000][1][safepoint    ] Entering safepoint region: RevokeBias
[2019-12-09T03:06:17.404+0000][1][safepoint    ] Leaving safepoint region
[2019-12-09T03:06:17.404+0000][1][safepoint    ] Total time for which application threads were stopped: 0.0000628 seconds, Stopping threads took: 0.0000105 seconds
[2019-12-09T03:06:17.405+0000][1][safepoint    ] Application time: 0.0004342 seconds
[2019-12-09T03:06:17.405+0000][1][safepoint    ] Entering safepoint region: RevokeBias
[2019-12-09T03:06:17.405+0000][1][safepoint    ] Leaving safepoint region
[2019-12-09T03:06:17.405+0000][1][safepoint    ] Total time for which application threads were stopped: 0.0000631 seconds, Stopping threads took: 0.0000096 seconds
[2019-12-09T03:06:17.405+0000][1][safepoint    ] Application time: 0.0001818 seconds
[2019-12-09T03:06:17.405+0000][1][safepoint    ] Entering safepoint region: RevokeBias
[2019-12-09T03:06:17.405+0000][1][safepoint    ] Leaving safepoint region
[2019-12-09T03:06:17.405+0000][1][safepoint    ] Total time for which application threads were stopped: 0.0000697 seconds, Stopping threads took: 0.0000100 seconds
[2019-12-09T03:06:17.405+0000][1][safepoint    ] Application time: 0.0002403 seconds
[2019-12-09T03:06:17.405+0000][1][safepoint    ] Entering safepoint region: RevokeBias
[2019-12-09T03:06:17.405+0000][1][safepoint    ] Leaving safepoint region
[2019-12-09T03:06:17.405+0000][1][safepoint    ] Total time for which application threads were stopped: 0.0000691 seconds, Stopping threads took: 0.0000101 seconds
[2019-12-09T03:06:17.445+0000][1][safepoint    ] Application time: 0.0400780 seconds
[2019-12-09T03:06:17.480+0000][1][safepoint    ] Entering safepoint region: RevokeBias
[2019-12-09T03:06:17.480+0000][1][safepoint    ] Leaving safepoint region
[2019-12-09T03:06:17.480+0000][1][safepoint    ] Total time for which application threads were stopped: 0.0346435 seconds, Stopping threads took: 0.0345712 seconds
[2019-12-09T03:06:17.480+0000][1][safepoint    ] Application time: 0.0000728 seconds
[2019-12-09T03:06:17.480+0000][1][safepoint    ] Entering safepoint region: RevokeBias
[2019-12-09T03:06:17.480+0000][1][safepoint    ] Leaving safepoint region
[2019-12-09T03:06:17.480+0000][1][safepoint    ] Total time for which application threads were stopped: 0.0000598 seconds, Stopping threads took: 0.0000081 seconds
[2019-12-09T03:06:17.480+0000][1][safepoint    ] Application time: 0.0000621 seconds
[2019-12-09T03:06:17.480+0000][1][safepoint    ] Entering safepoint region: RevokeBias
[2019-12-09T03:06:17.480+0000][1][safepoint    ] Leaving safepoint region
[2019-12-09T03:06:17.480+0000][1][safepoint    ] Total time for which application threads were stopped: 0.0000343 seconds, Stopping threads took: 0.0000087 seconds
[2019-12-09T03:06:17.480+0000][1][safepoint    ] Application time: 0.0000522 seconds
[2019-12-09T03:06:17.480+0000][1][safepoint    ] Entering safepoint region: RevokeBias
[2019-12-09T03:06:17.480+0000][1][safepoint    ] Leaving safepoint region
[2019-12-09T03:06:17.480+0000][1][safepoint    ] Total time for which application threads were stopped: 0.0000337 seconds, Stopping threads took: 0.0000082 seconds
[2019-12-09T03:06:17.480+0000][1][safepoint    ] Application time: 0.0000531 seconds
[2019-12-09T03:06:17.480+0000][1][safepoint    ] Entering safepoint region: RevokeBias
[2019-12-09T03:06:17.480+0000][1][safepoint    ] Leaving safepoint region
[2019-12-09T03:06:17.480+0000][1][safepoint    ] Total time for which application threads were stopped: 0.0000319 seconds, Stopping threads took: 0.0000084 seconds
[2019-12-09T03:06:17.481+0000][1][safepoint    ] Application time: 0.0000577 seconds
[2019-12-09T03:06:17.481+0000][1][safepoint    ] Entering safepoint region: RevokeBias
[2019-12-09T03:06:17.481+0000][1][safepoint    ] Leaving safepoint region
[2019-12-09T03:06:17.481+0000][1][safepoint    ] Total time for which application threads were stopped: 0.0000332 seconds, Stopping threads took: 0.0000083 seconds
[2019-12-09T03:06:17.481+0000][1][safepoint    ] Application time: 0.0000544 seconds
[2019-12-09T03:06:17.481+0000][1][safepoint    ] Entering safepoint region: RevokeBias
[2019-12-09T03:06:17.481+0000][1][safepoint    ] Leaving safepoint region
[2019-12-09T03:06:17.481+0000][1][safepoint    ] Total time for which application threads were stopped: 0.0000329 seconds, Stopping threads took: 0.0000084 seconds
[2019-12-09T03:06:17.481+0000][1][safepoint    ] Application time: 0.0000697 seconds
[2019-12-09T03:06:17.481+0000][1][safepoint    ] Entering safepoint region: RevokeBias
[2019-12-09T03:06:17.481+0000][1][safepoint    ] Leaving safepoint region
[2019-12-09T03:06:17.481+0000][1][safepoint    ] Total time for which application threads were stopped: 0.0000349 seconds, Stopping threads took: 0.0000085 seconds
[2019-12-09T03:06:17.481+0000][1][safepoint    ] Application time: 0.0000527 seconds
[2019-12-09T03:06:17.481+0000][1][safepoint    ] Entering safepoint region: RevokeBias
[2019-12-09T03:06:17.481+0000][1][safepoint    ] Leaving safepoint region
[2019-12-09T03:06:17.481+0000][1][safepoint    ] Total time for which application threads were stopped: 0.0000417 seconds, Stopping threads took: 0.0000083 seconds
[2019-12-09T03:06:17.481+0000][1][safepoint    ] Application time: 0.0000574 seconds
[2019-12-09T03:06:17.481+0000][1][safepoint    ] Entering safepoint region: RevokeBias
[2019-12-09T03:06:17.481+0000][1][safepoint    ] Leaving safepoint region
[2019-12-09T03:06:17.481+0000][1][safepoint    ] Total time for which application threads were stopped: 0.0000342 seconds, Stopping threads took: 0.0000084 seconds
[2019-12-09T03:06:17.481+0000][1][safepoint    ] Application time: 0.0000573 seconds
[2019-12-09T03:06:17.481+0000][1][safepoint    ] Entering safepoint region: RevokeBias
[2019-12-09T03:06:17.481+0000][1][safepoint    ] Leaving safepoint region
[2019-12-09T03:06:17.481+0000][1][safepoint    ] Total time for which application threads were stopped: 0.0000337 seconds, Stopping threads took: 0.0000079 seconds
[2019-12-09T03:06:17.481+0000][1][safepoint    ] Application time: 0.0000542 seconds
[2019-12-09T03:06:17.481+0000][1][safepoint    ] Entering safepoint region: RevokeBias
[2019-12-09T03:06:17.481+0000][1][safepoint    ] Leaving safepoint region
[2019-12-09T03:06:17.481+0000][1][safepoint    ] Total time for which application threads were stopped: 0.0000392 seconds, Stopping threads took: 0.0000086 seconds
[2019-12-09T03:06:17.481+0000][1][safepoint    ] Application time: 0.0000526 seconds
[2019-12-09T03:06:17.481+0000][1][safepoint    ] Entering safepoint region: RevokeBias
[2019-12-09T03:06:17.481+0000][1][safepoint    ] Leaving safepoint region
[2019-12-09T03:06:17.481+0000][1][safepoint    ] Total time for which application threads were stopped: 0.0000325 seconds, Stopping threads took: 0.0000078 seconds
[2019-12-09T03:06:17.481+0000][1][safepoint    ] Application time: 0.0000564 seconds
[2019-12-09T03:06:17.481+0000][1][safepoint    ] Entering safepoint region: RevokeBias
[2019-12-09T03:06:17.481+0000][1][safepoint    ] Leaving safepoint region
[2019-12-09T03:06:17.481+0000][1][safepoint    ] Total time for which application threads were stopped: 0.0000323 seconds, Stopping threads took: 0.0000084 seconds
[2019-12-09T03:06:17.481+0000][1][safepoint    ] Application time: 0.0000522 seconds
[2019-12-09T03:06:17.482+0000][1][safepoint    ] Entering safepoint region: RevokeBias
[2019-12-09T03:06:17.482+0000][1][safepoint    ] Leaving safepoint region
[2019-12-09T03:06:17.482+0000][1][safepoint    ] Total time for which application threads were stopped: 0.0000328 seconds, Stopping threads took: 0.0000084 seconds
[2019-12-09T03:06:17.482+0000][1][safepoint    ] Application time: 0.0000538 seconds
[2019-12-09T03:06:17.482+0000][1][safepoint    ] Entering safepoint region: RevokeBias
[2019-12-09T03:06:17.482+0000][1][safepoint    ] Leaving safepoint region
[2019-12-09T03:06:17.482+0000][1][safepoint    ] Total time for which application threads were stopped: 0.0000322 seconds, Stopping threads took: 0.0000082 seconds
[2019-12-09T03:06:17.482+0000][1][safepoint    ] Application time: 0.0000686 seconds
[2019-12-09T03:06:17.482+0000][1][safepoint    ] Entering safepoint region: RevokeBias
[2019-12-09T03:06:17.482+0000][1][safepoint    ] Leaving safepoint region
[2019-12-09T03:06:17.482+0000][1][safepoint    ] Total time for which application threads were stopped: 0.0000320 seconds, Stopping threads took: 0.0000076 seconds
[2019-12-09T03:06:17.482+0000][1][safepoint    ] Application time: 0.0000521 seconds
[2019-12-09T03:06:17.482+0000][1][safepoint    ] Entering safepoint region: RevokeBias
[2019-12-09T03:06:17.482+0000][1][safepoint    ] Leaving safepoint region
[2019-12-09T03:06:17.482+0000][1][safepoint    ] Total time for which application threads were stopped: 0.0000312 seconds, Stopping threads took: 0.0000075 seconds
[2019-12-09T03:06:17.482+0000][1][safepoint    ] Application time: 0.0000509 seconds
[2019-12-09T03:06:17.482+0000][1][safepoint    ] Entering safepoint region: RevokeBias
[2019-12-09T03:06:17.482+0000][1][safepoint    ] Leaving safepoint region
[2019-12-09T03:06:17.482+0000][1][safepoint    ] Total time for which application threads were stopped: 0.0000276 seconds, Stopping threads took: 0.0000072 seconds
[2019-12-09T03:06:17.482+0000][1][safepoint    ] Application time: 0.0000522 seconds
[2019-12-09T03:06:17.482+0000][1][safepoint    ] Entering safepoint region: BulkRevokeBias
[2019-12-09T03:06:17.482+0000][1][safepoint    ] Leaving safepoint region
[2019-12-09T03:06:17.482+0000][1][safepoint    ] Total time for which application threads were stopped: 0.0001256 seconds, Stopping threads took: 0.0000074 seconds
[2019-12-09T03:06:17.484+0000][1][safepoint    ] Application time: 0.0013396 seconds
[2019-12-09T03:06:17.484+0000][1][safepoint    ] Entering safepoint region: RevokeBias
[2019-12-09T03:06:17.484+0000][1][safepoint    ] Leaving safepoint region
[2019-12-09T03:06:17.484+0000][1][safepoint    ] Total time for which application threads were stopped: 0.0000543 seconds, Stopping threads took: 0.0000123 seconds
[2019-12-09T03:06:17.484+0000][1][safepoint    ] Application time: 0.0002206 seconds
[2019-12-09T03:06:17.484+0000][1][safepoint    ] Entering safepoint region: RevokeBias
[2019-12-09T03:06:17.484+0000][1][safepoint    ] Leaving safepoint region
[2019-12-09T03:06:17.484+0000][1][safepoint    ] Total time for which application threads were stopped: 0.0000759 seconds, Stopping threads took: 0.0000091 seconds
[2019-12-09T03:06:17.485+0000][1][safepoint    ] Application time: 0.0010994 seconds
[2019-12-09T03:06:17.485+0000][1][safepoint    ] Entering safepoint region: RevokeBias
[2019-12-09T03:06:17.485+0000][1][safepoint    ] Leaving safepoint region
[2019-12-09T03:06:17.485+0000][1][safepoint    ] Total time for which application threads were stopped: 0.0000842 seconds, Stopping threads took: 0.0000108 seconds
[2019-12-09T03:06:17.487+0000][1][safepoint    ] Application time: 0.0014427 seconds
[2019-12-09T03:06:17.487+0000][1][safepoint    ] Entering safepoint region: RevokeBias
[2019-12-09T03:06:17.487+0000][1][safepoint    ] Leaving safepoint region
[2019-12-09T03:06:17.487+0000][1][safepoint    ] Total time for which application threads were stopped: 0.0000568 seconds, Stopping threads took: 0.0000108 seconds
[2019-12-09T03:06:17.488+0000][1][safepoint    ] Application time: 0.0011091 seconds
[2019-12-09T03:06:17.488+0000][1][safepoint    ] Entering safepoint region: RevokeBias
[2019-12-09T03:06:17.488+0000][1][safepoint    ] Leaving safepoint region
[2019-12-09T03:06:17.488+0000][1][safepoint    ] Total time for which application threads were stopped: 0.0000898 seconds, Stopping threads took: 0.0000106 seconds
[2019-12-09T03:06:17.496+0000][1][safepoint    ] Application time: 0.0078495 seconds
[2019-12-09T03:06:17.496+0000][1][safepoint    ] Entering safepoint region: RevokeBias
[2019-12-09T03:06:17.496+0000][1][safepoint    ] Leaving safepoint region
[2019-12-09T03:06:17.496+0000][1][safepoint    ] Total time for which application threads were stopped: 0.0002615 seconds, Stopping threads took: 0.0001916 seconds
[2019-12-09T03:06:17.496+0000][1][safepoint    ] Application time: 0.0002526 seconds
[2019-12-09T03:06:17.496+0000][1][safepoint    ] Entering safepoint region: RevokeBias
[2019-12-09T03:06:17.496+0000][1][safepoint    ] Leaving safepoint region
[2019-12-09T03:06:17.496+0000][1][safepoint    ] Total time for which application threads were stopped: 0.0000625 seconds, Stopping threads took: 0.0000102 seconds
[2019-12-09T03:06:17.498+0000][1][safepoint    ] Application time: 0.0014373 seconds
[2019-12-09T03:06:17.498+0000][1][safepoint    ] Entering safepoint region: RevokeBias
[2019-12-09T03:06:17.498+0000][1][safepoint    ] Leaving safepoint region
[2019-12-09T03:06:17.498+0000][1][safepoint    ] Total time for which application threads were stopped: 0.0000399 seconds, Stopping threads took: 0.0000103 seconds
[2019-12-09T03:06:17.499+0000][1][safepoint    ] Application time: 0.0014376 seconds
[2019-12-09T03:06:17.499+0000][1][safepoint    ] Entering safepoint region: RevokeBias
[2019-12-09T03:06:17.499+0000][1][safepoint    ] Leaving safepoint region
[2019-12-09T03:06:17.499+0000][1][safepoint    ] Total time for which application threads were stopped: 0.0000364 seconds, Stopping threads took: 0.0000095 seconds
[2019-12-09T03:06:17.533+0000][1][safepoint    ] Application time: 0.0339360 seconds
[2019-12-09T03:06:17.533+0000][1][safepoint    ] Entering safepoint region: RevokeBias
[2019-12-09T03:06:17.533+0000][1][safepoint    ] Leaving safepoint region
[2019-12-09T03:06:17.533+0000][1][safepoint    ] Total time for which application threads were stopped: 0.0000480 seconds, Stopping threads took: 0.0000122 seconds
[2019-12-09T03:06:17.889+0000][1][safepoint    ] Application time: 0.3556290 seconds
[2019-12-09T03:06:17.889+0000][1][safepoint    ] Entering safepoint region: RevokeBias
[2019-12-09T03:06:17.890+0000][1][safepoint    ] Leaving safepoint region
[2019-12-09T03:06:17.890+0000][1][safepoint    ] Total time for which application threads were stopped: 0.0006492 seconds, Stopping threads took: 0.0004204 seconds
[2019-12-09T03:06:17.890+0000][1][safepoint    ] Application time: 0.0000638 seconds
[2019-12-09T03:06:17.890+0000][1][safepoint    ] Entering safepoint region: RevokeBias
[2019-12-09T03:06:17.890+0000][1][safepoint    ] Leaving safepoint region
[2019-12-09T03:06:17.890+0000][1][safepoint    ] Total time for which application threads were stopped: 0.0000591 seconds, Stopping threads took: 0.0000096 seconds
[2019-12-09T03:06:18.042+0000][1][safepoint    ] Application time: 0.1522031 seconds
[2019-12-09T03:06:18.042+0000][1][safepoint    ] Entering safepoint region: RevokeBias
[2019-12-09T03:06:18.042+0000][1][safepoint    ] Leaving safepoint region
[2019-12-09T03:06:18.042+0000][1][safepoint    ] Total time for which application threads were stopped: 0.0000675 seconds, Stopping threads took: 0.0000145 seconds
[2019-12-09T03:06:18.447+0000][1][safepoint    ] Application time: 0.4052844 seconds
[2019-12-09T03:06:18.447+0000][1][safepoint    ] Entering safepoint region: GenCollectForAllocation
[2019-12-09T03:06:18.448+0000][1][gc,start     ] GC(20) Pause Young (Allocation Failure)
[2019-12-09T03:06:18.448+0000][1][gc,task      ] GC(20) Using 2 workers of 2 for evacuation
[2019-12-09T03:06:18.807+0000][1][gc,age       ] GC(20) Desired survivor size 4456448 bytes, new threshold 2 (max threshold 6)
[2019-12-09T03:06:18.807+0000][1][gc,age       ] GC(20) Age table with threshold 2 (max threshold 6)
[2019-12-09T03:06:18.807+0000][1][gc,age       ] GC(20) - age   1:    2830264 bytes,    2830264 total
[2019-12-09T03:06:18.807+0000][1][gc,age       ] GC(20) - age   2:    2431224 bytes,    5261488 total
[2019-12-09T03:06:18.807+0000][1][gc,heap      ] GC(20) ParNew: 77240K->8704K(78656K)
[2019-12-09T03:06:18.807+0000][1][gc,heap      ] GC(20) CMS: 54444K->57591K(174784K)
[2019-12-09T03:06:18.807+0000][1][gc,metaspace ] GC(20) Metaspace: 48371K->48371K(1093632K)
[2019-12-09T03:06:18.807+0000][1][gc           ] GC(20) Pause Young (Allocation Failure) 128M->64M(247M) 359.680ms
[2019-12-09T03:06:18.807+0000][1][gc,cpu       ] GC(20) User=0.07s Sys=0.00s Real=0.36s
[2019-12-09T03:06:18.807+0000][1][safepoint    ] Leaving safepoint region
[2019-12-09T03:06:18.807+0000][1][safepoint    ] Total time for which application threads were stopped: 0.3598304 seconds, Stopping threads took: 0.0000154 seconds
[2019-12-09T03:06:18.925+0000][1][safepoint    ] Application time: 0.1176565 seconds
[2019-12-09T03:06:18.929+0000][1][safepoint    ] Entering safepoint region: RevokeBias
[2019-12-09T03:06:18.929+0000][1][safepoint    ] Leaving safepoint region
[2019-12-09T03:06:18.929+0000][1][safepoint    ] Total time for which application threads were stopped: 0.0038983 seconds, Stopping threads took: 0.0038478 seconds
[2019-12-09T03:06:18.996+0000][1][safepoint    ] Application time: 0.0668668 seconds
[2019-12-09T03:06:19.084+0000][1][safepoint    ] Entering safepoint region: RevokeBias
[2019-12-09T03:06:19.084+0000][1][safepoint    ] Leaving safepoint region
[2019-12-09T03:06:19.084+0000][1][safepoint    ] Total time for which application threads were stopped: 0.0880230 seconds, Stopping threads took: 0.0879417 seconds
[2019-12-09T03:06:19.084+0000][1][safepoint    ] Application time: 0.0002712 seconds
[2019-12-09T03:06:19.084+0000][1][safepoint    ] Entering safepoint region: RevokeBias
[2019-12-09T03:06:19.084+0000][1][safepoint    ] Leaving safepoint region
[2019-12-09T03:06:19.084+0000][1][safepoint    ] Total time for which application threads were stopped: 0.0001461 seconds, Stopping threads took: 0.0000110 seconds
[2019-12-09T03:06:19.368+0000][1][safepoint    ] Application time: 0.2838807 seconds
[2019-12-09T03:06:19.368+0000][1][safepoint    ] Entering safepoint region: RevokeBias
[2019-12-09T03:06:19.369+0000][1][safepoint    ] Leaving safepoint region
[2019-12-09T03:06:19.369+0000][1][safepoint    ] Total time for which application threads were stopped: 0.0004499 seconds, Stopping threads took: 0.0000152 seconds
[2019-12-09T03:06:19.465+0000][1][safepoint    ] Application time: 0.0964524 seconds
[2019-12-09T03:06:19.465+0000][1][safepoint    ] Entering safepoint region: RevokeBias
[2019-12-09T03:06:19.465+0000][1][safepoint    ] Leaving safepoint region
[2019-12-09T03:06:19.465+0000][1][safepoint    ] Total time for which application threads were stopped: 0.0000628 seconds, Stopping threads took: 0.0000126 seconds
[2019-12-09T03:06:19.466+0000][1][safepoint    ] Application time: 0.0009502 seconds
[2019-12-09T03:06:19.466+0000][1][safepoint    ] Entering safepoint region: RevokeBias
[2019-12-09T03:06:19.466+0000][1][safepoint    ] Leaving safepoint region
[2019-12-09T03:06:19.466+0000][1][safepoint    ] Total time for which application threads were stopped: 0.0000552 seconds, Stopping threads took: 0.0000123 seconds
[2019-12-09T03:06:19.471+0000][1][safepoint    ] Application time: 0.0050035 seconds
[2019-12-09T03:06:19.471+0000][1][safepoint    ] Entering safepoint region: RevokeBias
[2019-12-09T03:06:19.471+0000][1][safepoint    ] Leaving safepoint region
[2019-12-09T03:06:19.471+0000][1][safepoint    ] Total time for which application threads were stopped: 0.0000491 seconds, Stopping threads took: 0.0000127 seconds
[2019-12-09T03:06:19.490+0000][1][safepoint    ] Application time: 0.0189812 seconds
[2019-12-09T03:06:19.490+0000][1][safepoint    ] Entering safepoint region: RevokeBias
[2019-12-09T03:06:19.490+0000][1][safepoint    ] Leaving safepoint region
[2019-12-09T03:06:19.490+0000][1][safepoint    ] Total time for which application threads were stopped: 0.0000497 seconds, Stopping threads took: 0.0000128 seconds
[2019-12-09T03:06:19.496+0000][1][safepoint    ] Application time: 0.0055690 seconds
[2019-12-09T03:06:19.496+0000][1][safepoint    ] Entering safepoint region: RevokeBias
[2019-12-09T03:06:19.496+0000][1][safepoint    ] Leaving safepoint region
[2019-12-09T03:06:19.496+0000][1][safepoint    ] Total time for which application threads were stopped: 0.0000502 seconds, Stopping threads took: 0.0000130 seconds
[2019-12-09T03:06:19.517+0000][1][safepoint    ] Application time: 0.0213364 seconds
[2019-12-09T03:06:19.517+0000][1][safepoint    ] Entering safepoint region: RevokeBias
[2019-12-09T03:06:19.517+0000][1][safepoint    ] Leaving safepoint region
[2019-12-09T03:06:19.517+0000][1][safepoint    ] Total time for which application threads were stopped: 0.0000497 seconds, Stopping threads took: 0.0000124 seconds
[2019-12-09T03:06:19.535+0000][1][safepoint    ] Application time: 0.0178915 seconds
[2019-12-09T03:06:19.535+0000][1][safepoint    ] Entering safepoint region: RevokeBias
[2019-12-09T03:06:19.535+0000][1][safepoint    ] Leaving safepoint region
[2019-12-09T03:06:19.535+0000][1][safepoint    ] Total time for which application threads were stopped: 0.0000524 seconds, Stopping threads took: 0.0000127 seconds
[2019-12-09T03:06:19.566+0000][1][safepoint    ] Application time: 0.0301651 seconds
[2019-12-09T03:06:19.566+0000][1][safepoint    ] Entering safepoint region: RevokeBias
[2019-12-09T03:06:19.566+0000][1][safepoint    ] Leaving safepoint region
[2019-12-09T03:06:19.566+0000][1][safepoint    ] Total time for which application threads were stopped: 0.0000580 seconds, Stopping threads took: 0.0000163 seconds
[2019-12-09T03:06:20.136+0000][1][safepoint    ] Application time: 0.5702073 seconds
[2019-12-09T03:06:20.136+0000][1][safepoint    ] Entering safepoint region: RevokeBias
[2019-12-09T03:06:20.137+0000][1][safepoint    ] Leaving safepoint region
[2019-12-09T03:06:20.137+0000][1][safepoint    ] Total time for which application threads were stopped: 0.0005260 seconds, Stopping threads took: 0.0000754 seconds
[2019-12-09T03:06:20.840+0000][1][safepoint    ] Application time: 0.7036438 seconds
[2019-12-09T03:06:20.840+0000][1][safepoint    ] Entering safepoint region: RevokeBias
[2019-12-09T03:06:20.840+0000][1][safepoint    ] Leaving safepoint region
[2019-12-09T03:06:20.840+0000][1][safepoint    ] Total time for which application threads were stopped: 0.0000919 seconds, Stopping threads took: 0.0000150 seconds
[2019-12-09T03:06:21.156+0000][1][safepoint    ] Application time: 0.3156265 seconds
[2019-12-09T03:06:21.211+0000][1][safepoint    ] Entering safepoint region: RevokeBias
[2019-12-09T03:06:21.211+0000][1][safepoint    ] Leaving safepoint region
[2019-12-09T03:06:21.211+0000][1][safepoint    ] Total time for which application threads were stopped: 0.0548326 seconds, Stopping threads took: 0.0547690 seconds
[2019-12-09T03:06:22.228+0000][1][safepoint    ] Application time: 1.0168990 seconds
[2019-12-09T03:06:22.237+0000][1][safepoint    ] Entering safepoint region: Cleanup
[2019-12-09T03:06:22.237+0000][1][safepoint    ] Leaving safepoint region
[2019-12-09T03:06:22.237+0000][1][safepoint    ] Total time for which application threads were stopped: 0.0091346 seconds, Stopping threads took: 0.0090357 seconds
[2019-12-09T03:06:22.500+0000][1][safepoint    ] Application time: 0.2628306 seconds
[2019-12-09T03:06:22.500+0000][1][safepoint    ] Entering safepoint region: RevokeBias
[2019-12-09T03:06:22.500+0000][1][safepoint    ] Leaving safepoint region
[2019-12-09T03:06:22.500+0000][1][safepoint    ] Total time for which application threads were stopped: 0.0000743 seconds, Stopping threads took: 0.0000151 seconds
[2019-12-09T03:06:22.521+0000][1][safepoint    ] Application time: 0.0208563 seconds
[2019-12-09T03:06:22.521+0000][1][safepoint    ] Entering safepoint region: RevokeBias
[2019-12-09T03:06:22.521+0000][1][safepoint    ] Leaving safepoint region
[2019-12-09T03:06:22.521+0000][1][safepoint    ] Total time for which application threads were stopped: 0.0000689 seconds, Stopping threads took: 0.0000145 seconds
[2019-12-09T03:06:23.004+0000][1][safepoint    ] Application time: 0.4835677 seconds
[2019-12-09T03:06:23.004+0000][1][safepoint    ] Entering safepoint region: GenCollectForAllocation
[2019-12-09T03:06:23.005+0000][1][gc,start     ] GC(21) Pause Young (Allocation Failure)
[2019-12-09T03:06:23.005+0000][1][gc,task      ] GC(21) Using 2 workers of 2 for evacuation
[2019-12-09T03:06:23.176+0000][1][gc,age       ] GC(21) Desired survivor size 4456448 bytes, new threshold 6 (max threshold 6)
[2019-12-09T03:06:23.176+0000][1][gc,age       ] GC(21) Age table with threshold 6 (max threshold 6)
[2019-12-09T03:06:23.176+0000][1][gc,age       ] GC(21) - age   1:    1649904 bytes,    1649904 total
[2019-12-09T03:06:23.176+0000][1][gc,age       ] GC(21) - age   2:    2762200 bytes,    4412104 total
[2019-12-09T03:06:23.176+0000][1][gc,heap      ] GC(21) ParNew: 78656K->6294K(78656K)
[2019-12-09T03:06:23.176+0000][1][gc,heap      ] GC(21) CMS: 57591K->60030K(174784K)
[2019-12-09T03:06:23.176+0000][1][gc,metaspace ] GC(21) Metaspace: 56162K->56162K(1099776K)
[2019-12-09T03:06:23.176+0000][1][gc           ] GC(21) Pause Young (Allocation Failure) 133M->64M(247M) 171.228ms
[2019-12-09T03:06:23.176+0000][1][gc,cpu       ] GC(21) User=0.06s Sys=0.00s Real=0.18s
[2019-12-09T03:06:23.176+0000][1][safepoint    ] Leaving safepoint region
[2019-12-09T03:06:23.176+0000][1][safepoint    ] Total time for which application threads were stopped: 0.1713796 seconds, Stopping threads took: 0.0000152 seconds
[2019-12-09T03:06:24.189+0000][1][safepoint    ] Application time: 1.0128994 seconds
[2019-12-09T03:06:24.195+0000][1][safepoint    ] Entering safepoint region: Cleanup
[2019-12-09T03:06:24.195+0000][1][safepoint    ] Leaving safepoint region
[2019-12-09T03:06:24.195+0000][1][safepoint    ] Total time for which application threads were stopped: 0.0060681 seconds, Stopping threads took: 0.0060098 seconds
[2019-12-09T03:06:24.211+0000][1][safepoint    ] Application time: 0.0161475 seconds
[2019-12-09T03:06:24.211+0000][1][safepoint    ] Entering safepoint region: Deoptimize
[2019-12-09T03:06:24.212+0000][1][safepoint    ] Leaving safepoint region
[2019-12-09T03:06:24.212+0000][1][safepoint    ] Total time for which application threads were stopped: 0.0006250 seconds, Stopping threads took: 0.0000138 seconds
[2019-12-09T03:06:24.275+0000][1][safepoint    ] Application time: 0.0637692 seconds
[2019-12-09T03:06:24.275+0000][1][safepoint    ] Entering safepoint region: BulkRevokeBias
[2019-12-09T03:06:24.276+0000][1][safepoint    ] Leaving safepoint region
[2019-12-09T03:06:24.276+0000][1][safepoint    ] Total time for which application threads were stopped: 0.0002105 seconds, Stopping threads took: 0.0000156 seconds
[2019-12-09T03:06:25.280+0000][1][safepoint    ] Application time: 1.0040471 seconds
[2019-12-09T03:06:25.282+0000][1][safepoint    ] Entering safepoint region: Cleanup
[2019-12-09T03:06:25.283+0000][1][safepoint    ] Leaving safepoint region
[2019-12-09T03:06:25.283+0000][1][safepoint    ] Total time for which application threads were stopped: 0.0032003 seconds, Stopping threads took: 0.0019792 seconds
[2019-12-09T03:06:26.257+0000][1][safepoint    ] Application time: 0.9739844 seconds
[2019-12-09T03:06:26.282+0000][1][safepoint    ] Entering safepoint region: RevokeBias
[2019-12-09T03:06:26.282+0000][1][safepoint    ] Leaving safepoint region
[2019-12-09T03:06:26.282+0000][1][safepoint    ] Total time for which application threads were stopped: 0.0250207 seconds, Stopping threads took: 0.0247927 seconds
[2019-12-09T03:06:26.282+0000][1][safepoint    ] Application time: 0.0000768 seconds
[2019-12-09T03:06:26.282+0000][1][safepoint    ] Entering safepoint region: RevokeBias
[2019-12-09T03:06:26.282+0000][1][safepoint    ] Leaving safepoint region
[2019-12-09T03:06:26.282+0000][1][safepoint    ] Total time for which application threads were stopped: 0.0000918 seconds, Stopping threads took: 0.0000102 seconds
[2019-12-09T03:06:26.282+0000][1][safepoint    ] Application time: 0.0002000 seconds
[2019-12-09T03:06:26.282+0000][1][safepoint    ] Entering safepoint region: RevokeBias
[2019-12-09T03:06:26.283+0000][1][safepoint    ] Leaving safepoint region
[2019-12-09T03:06:26.283+0000][1][safepoint    ] Total time for which application threads were stopped: 0.0000929 seconds, Stopping threads took: 0.0000103 seconds
[2019-12-09T03:06:26.745+0000][1][safepoint    ] Application time: 0.4622262 seconds
[2019-12-09T03:06:26.745+0000][1][safepoint    ] Entering safepoint region: Deoptimize
[2019-12-09T03:06:26.745+0000][1][safepoint    ] Leaving safepoint region
[2019-12-09T03:06:26.745+0000][1][safepoint    ] Total time for which application threads were stopped: 0.0006099 seconds, Stopping threads took: 0.0000160 seconds
[2019-12-09T03:06:27.750+0000][1][safepoint    ] Application time: 1.0046412 seconds
[2019-12-09T03:06:27.750+0000][1][safepoint    ] Entering safepoint region: Cleanup
[2019-12-09T03:06:27.750+0000][1][safepoint    ] Leaving safepoint region
[2019-12-09T03:06:27.750+0000][1][safepoint    ] Total time for which application threads were stopped: 0.0003629 seconds, Stopping threads took: 0.0002898 seconds
[2019-12-09T03:06:28.751+0000][1][safepoint    ] Application time: 1.0002910 seconds
[2019-12-09T03:06:28.790+0000][1][safepoint    ] Entering safepoint region: Cleanup
[2019-12-09T03:06:28.790+0000][1][safepoint    ] Leaving safepoint region
[2019-12-09T03:06:28.790+0000][1][safepoint    ] Total time for which application threads were stopped: 0.0390939 seconds, Stopping threads took: 0.0389933 seconds
[2019-12-09T03:06:29.795+0000][1][safepoint    ] Application time: 1.0046212 seconds
[2019-12-09T03:06:29.824+0000][1][safepoint    ] Entering safepoint region: Cleanup
[2019-12-09T03:06:29.824+0000][1][safepoint    ] Leaving safepoint region
[2019-12-09T03:06:29.824+0000][1][safepoint    ] Total time for which application threads were stopped: 0.0293262 seconds, Stopping threads took: 0.0292318 seconds
[2019-12-09T03:06:30.827+0000][1][safepoint    ] Application time: 1.0028397 seconds
[2019-12-09T03:06:30.849+0000][1][safepoint    ] Entering safepoint region: Cleanup
[2019-12-09T03:06:30.849+0000][1][safepoint    ] Leaving safepoint region
[2019-12-09T03:06:30.849+0000][1][safepoint    ] Total time for which application threads were stopped: 0.0220586 seconds, Stopping threads took: 0.0219907 seconds
[2019-12-09T03:06:30.908+0000][1][safepoint    ] Application time: 0.0594966 seconds
[2019-12-09T03:06:30.908+0000][1][safepoint    ] Entering safepoint region: BulkRevokeBias
[2019-12-09T03:06:30.909+0000][1][safepoint    ] Leaving safepoint region
[2019-12-09T03:06:30.909+0000][1][safepoint    ] Total time for which application threads were stopped: 0.0001920 seconds, Stopping threads took: 0.0000159 seconds
[2019-12-09T03:06:31.356+0000][1][safepoint    ] Application time: 0.4473876 seconds
[2019-12-09T03:06:31.356+0000][1][safepoint    ] Entering safepoint region: GenCollectForAllocation
[2019-12-09T03:06:31.356+0000][1][gc,start     ] GC(22) Pause Young (Allocation Failure)
[2019-12-09T03:06:31.356+0000][1][gc,task      ] GC(22) Using 2 workers of 2 for evacuation
[2019-12-09T03:06:31.593+0000][1][gc,age       ] GC(22) Desired survivor size 4456448 bytes, new threshold 2 (max threshold 6)
[2019-12-09T03:06:31.593+0000][1][gc,age       ] GC(22) Age table with threshold 2 (max threshold 6)
[2019-12-09T03:06:31.593+0000][1][gc,age       ] GC(22) - age   1:    3652120 bytes,    3652120 total
[2019-12-09T03:06:31.593+0000][1][gc,age       ] GC(22) - age   2:    1555416 bytes,    5207536 total
[2019-12-09T03:06:31.593+0000][1][gc,age       ] GC(22) - age   3:    2734032 bytes,    7941568 total
[2019-12-09T03:06:31.593+0000][1][gc,heap      ] GC(22) ParNew: 76246K->8704K(78656K)
[2019-12-09T03:06:31.593+0000][1][gc,heap      ] GC(22) CMS: 60030K->60030K(174784K)
[2019-12-09T03:06:31.593+0000][1][gc,metaspace ] GC(22) Metaspace: 63262K->63262K(1107968K)
[2019-12-09T03:06:31.593+0000][1][gc           ] GC(22) Pause Young (Allocation Failure) 133M->67M(247M) 236.774ms
[2019-12-09T03:06:31.593+0000][1][gc,cpu       ] GC(22) User=0.06s Sys=0.00s Real=0.23s
[2019-12-09T03:06:31.593+0000][1][safepoint    ] Leaving safepoint region
[2019-12-09T03:06:31.593+0000][1][safepoint    ] Total time for which application threads were stopped: 0.2369274 seconds, Stopping threads took: 0.0000169 seconds
[2019-12-09T03:06:31.830+0000][1][safepoint    ] Application time: 0.2373353 seconds
[2019-12-09T03:06:31.830+0000][1][safepoint    ] Entering safepoint region: RevokeBias
[2019-12-09T03:06:31.830+0000][1][safepoint    ] Leaving safepoint region
[2019-12-09T03:06:31.830+0000][1][safepoint    ] Total time for which application threads were stopped: 0.0001565 seconds, Stopping threads took: 0.0000632 seconds
[2019-12-09T03:06:31.831+0000][1][safepoint    ] Application time: 0.0000780 seconds
[2019-12-09T03:06:31.831+0000][1][safepoint    ] Entering safepoint region: RevokeBias
[2019-12-09T03:06:31.831+0000][1][safepoint    ] Leaving safepoint region
[2019-12-09T03:06:31.831+0000][1][safepoint    ] Total time for which application threads were stopped: 0.0000533 seconds, Stopping threads took: 0.0000090 seconds
[2019-12-09T03:06:31.831+0000][1][safepoint    ] Application time: 0.0000569 seconds
[2019-12-09T03:06:31.831+0000][1][safepoint    ] Entering safepoint region: RevokeBias
[2019-12-09T03:06:31.831+0000][1][safepoint    ] Leaving safepoint region
[2019-12-09T03:06:31.831+0000][1][safepoint    ] Total time for which application threads were stopped: 0.0000726 seconds, Stopping threads took: 0.0000087 seconds
[2019-12-09T03:06:31.831+0000][1][safepoint    ] Application time: 0.0000589 seconds
[2019-12-09T03:06:31.831+0000][1][safepoint    ] Entering safepoint region: RevokeBias
[2019-12-09T03:06:31.831+0000][1][safepoint    ] Leaving safepoint region
[2019-12-09T03:06:31.831+0000][1][safepoint    ] Total time for which application threads were stopped: 0.0000588 seconds, Stopping threads took: 0.0000088 seconds
[2019-12-09T03:06:31.831+0000][1][safepoint    ] Application time: 0.0000488 seconds
[2019-12-09T03:06:31.831+0000][1][safepoint    ] Entering safepoint region: RevokeBias
[2019-12-09T03:06:31.831+0000][1][safepoint    ] Leaving safepoint region
[2019-12-09T03:06:31.831+0000][1][safepoint    ] Total time for which application threads were stopped: 0.0000431 seconds, Stopping threads took: 0.0000069 seconds
[2019-12-09T03:06:31.831+0000][1][safepoint    ] Application time: 0.0000510 seconds
[2019-12-09T03:06:31.831+0000][1][safepoint    ] Entering safepoint region: RevokeBias
[2019-12-09T03:06:31.831+0000][1][safepoint    ] Leaving safepoint region
[2019-12-09T03:06:31.831+0000][1][safepoint    ] Total time for which application threads were stopped: 0.0000490 seconds, Stopping threads took: 0.0000089 seconds
[2019-12-09T03:06:31.831+0000][1][safepoint    ] Application time: 0.0000564 seconds
[2019-12-09T03:06:31.831+0000][1][safepoint    ] Entering safepoint region: RevokeBias
[2019-12-09T03:06:31.831+0000][1][safepoint    ] Leaving safepoint region
[2019-12-09T03:06:31.831+0000][1][safepoint    ] Total time for which application threads were stopped: 0.0000561 seconds, Stopping threads took: 0.0000158 seconds
[2019-12-09T03:06:31.831+0000][1][safepoint    ] Application time: 0.0000576 seconds
[2019-12-09T03:06:31.831+0000][1][safepoint    ] Entering safepoint region: RevokeBias
[2019-12-09T03:06:31.831+0000][1][safepoint    ] Leaving safepoint region
[2019-12-09T03:06:31.831+0000][1][safepoint    ] Total time for which application threads were stopped: 0.0000458 seconds, Stopping threads took: 0.0000081 seconds
[2019-12-09T03:06:32.030+0000][1][safepoint    ] Application time: 0.1983603 seconds
[2019-12-09T03:06:32.030+0000][1][safepoint    ] Entering safepoint region: Deoptimize
[2019-12-09T03:06:32.030+0000][1][safepoint    ] Leaving safepoint region
[2019-12-09T03:06:32.030+0000][1][safepoint    ] Total time for which application threads were stopped: 0.0006407 seconds, Stopping threads took: 0.0000176 seconds
[2019-12-09T03:06:32.143+0000][1][safepoint    ] Application time: 0.1128075 seconds
[2019-12-09T03:06:32.143+0000][1][safepoint    ] Entering safepoint region: RevokeBias
[2019-12-09T03:06:32.143+0000][1][safepoint    ] Leaving safepoint region
[2019-12-09T03:06:32.143+0000][1][safepoint    ] Total time for which application threads were stopped: 0.0001036 seconds, Stopping threads took: 0.0000147 seconds
[2019-12-09T03:06:32.144+0000][1][safepoint    ] Application time: 0.0004915 seconds
[2019-12-09T03:06:32.144+0000][1][safepoint    ] Entering safepoint region: RevokeBias
[2019-12-09T03:06:32.144+0000][1][safepoint    ] Leaving safepoint region
[2019-12-09T03:06:32.144+0000][1][safepoint    ] Total time for which application threads were stopped: 0.0000645 seconds, Stopping threads took: 0.0000124 seconds
[2019-12-09T03:06:32.158+0000][1][safepoint    ] Application time: 0.0139484 seconds
[2019-12-09T03:06:32.158+0000][1][safepoint    ] Entering safepoint region: RevokeBias
[2019-12-09T03:06:32.158+0000][1][safepoint    ] Leaving safepoint region
[2019-12-09T03:06:32.158+0000][1][safepoint    ] Total time for which application threads were stopped: 0.0000715 seconds, Stopping threads took: 0.0000136 seconds
[2019-12-09T03:06:32.165+0000][1][safepoint    ] Application time: 0.0071902 seconds
[2019-12-09T03:06:32.165+0000][1][safepoint    ] Entering safepoint region: RevokeBias
[2019-12-09T03:06:32.165+0000][1][safepoint    ] Leaving safepoint region
[2019-12-09T03:06:32.165+0000][1][safepoint    ] Total time for which application threads were stopped: 0.0000690 seconds, Stopping threads took: 0.0000123 seconds
[2019-12-09T03:06:32.165+0000][1][safepoint    ] Application time: 0.0000643 seconds
[2019-12-09T03:06:32.165+0000][1][safepoint    ] Entering safepoint region: RevokeBias
[2019-12-09T03:06:32.165+0000][1][safepoint    ] Leaving safepoint region
[2019-12-09T03:06:32.165+0000][1][safepoint    ] Total time for which application threads were stopped: 0.0000491 seconds, Stopping threads took: 0.0000085 seconds
[2019-12-09T03:06:32.166+0000][1][safepoint    ] Application time: 0.0003901 seconds
[2019-12-09T03:06:32.166+0000][1][safepoint    ] Entering safepoint region: RevokeBias
[2019-12-09T03:06:32.166+0000][1][safepoint    ] Leaving safepoint region
[2019-12-09T03:06:32.166+0000][1][safepoint    ] Total time for which application threads were stopped: 0.0000559 seconds, Stopping threads took: 0.0000111 seconds
[2019-12-09T03:06:32.182+0000][1][safepoint    ] Application time: 0.0161170 seconds
[2019-12-09T03:06:32.182+0000][1][safepoint    ] Entering safepoint region: RevokeBias
[2019-12-09T03:06:32.182+0000][1][safepoint    ] Leaving safepoint region
[2019-12-09T03:06:32.182+0000][1][safepoint    ] Total time for which application threads were stopped: 0.0000800 seconds, Stopping threads took: 0.0000131 seconds
[2019-12-09T03:06:32.182+0000][1][safepoint    ] Application time: 0.0000645 seconds
[2019-12-09T03:06:32.182+0000][1][safepoint    ] Entering safepoint region: RevokeBias
[2019-12-09T03:06:32.182+0000][1][safepoint    ] Leaving safepoint region
[2019-12-09T03:06:32.182+0000][1][safepoint    ] Total time for which application threads were stopped: 0.0000537 seconds, Stopping threads took: 0.0000091 seconds
[2019-12-09T03:06:32.189+0000][1][safepoint    ] Application time: 0.0067636 seconds
[2019-12-09T03:06:32.189+0000][1][safepoint    ] Entering safepoint region: RevokeBias
[2019-12-09T03:06:32.189+0000][1][safepoint    ] Leaving safepoint region
[2019-12-09T03:06:32.189+0000][1][safepoint    ] Total time for which application threads were stopped: 0.0000665 seconds, Stopping threads took: 0.0000127 seconds
[2019-12-09T03:06:32.191+0000][1][safepoint    ] Application time: 0.0013880 seconds
[2019-12-09T03:06:32.191+0000][1][safepoint    ] Entering safepoint region: RevokeBias
[2019-12-09T03:06:32.191+0000][1][safepoint    ] Leaving safepoint region
[2019-12-09T03:06:32.191+0000][1][safepoint    ] Total time for which application threads were stopped: 0.0000730 seconds, Stopping threads took: 0.0000125 seconds
[2019-12-09T03:06:32.204+0000][1][safepoint    ] Application time: 0.0131478 seconds
[2019-12-09T03:06:32.204+0000][1][safepoint    ] Entering safepoint region: RevokeBias
[2019-12-09T03:06:32.204+0000][1][safepoint    ] Leaving safepoint region
[2019-12-09T03:06:32.204+0000][1][safepoint    ] Total time for which application threads were stopped: 0.0000763 seconds, Stopping threads took: 0.0000123 seconds
[2019-12-09T03:06:32.220+0000][1][safepoint    ] Application time: 0.0163472 seconds
[2019-12-09T03:06:32.242+0000][1][safepoint    ] Entering safepoint region: Deoptimize
[2019-12-09T03:06:32.242+0000][1][safepoint    ] Leaving safepoint region
[2019-12-09T03:06:32.242+0000][1][safepoint    ] Total time for which application threads were stopped: 0.0220877 seconds, Stopping threads took: 0.0214869 seconds
[2019-12-09T03:06:32.869+0000][1][safepoint    ] Application time: 0.6269664 seconds
[2019-12-09T03:06:32.918+0000][1][safepoint    ] Entering safepoint region: RevokeBias
[2019-12-09T03:06:32.918+0000][1][safepoint    ] Leaving safepoint region
[2019-12-09T03:06:32.918+0000][1][safepoint    ] Total time for which application threads were stopped: 0.0485047 seconds, Stopping threads took: 0.0483868 seconds
[2019-12-09T03:06:32.918+0000][1][safepoint    ] Application time: 0.0002291 seconds
[2019-12-09T03:06:32.918+0000][1][safepoint    ] Entering safepoint region: RevokeBias
[2019-12-09T03:06:32.918+0000][1][safepoint    ] Leaving safepoint region
[2019-12-09T03:06:32.918+0000][1][safepoint    ] Total time for which application threads were stopped: 0.0000912 seconds, Stopping threads took: 0.0000136 seconds
[2019-12-09T03:06:32.918+0000][1][safepoint    ] Application time: 0.0001006 seconds
[2019-12-09T03:06:32.918+0000][1][safepoint    ] Entering safepoint region: RevokeBias
[2019-12-09T03:06:32.918+0000][1][safepoint    ] Leaving safepoint region
[2019-12-09T03:06:32.918+0000][1][safepoint    ] Total time for which application threads were stopped: 0.0000630 seconds, Stopping threads took: 0.0000102 seconds
[2019-12-09T03:06:32.919+0000][1][safepoint    ] Application time: 0.0003848 seconds
[2019-12-09T03:06:32.919+0000][1][safepoint    ] Entering safepoint region: RevokeBias
[2019-12-09T03:06:32.919+0000][1][safepoint    ] Leaving safepoint region
[2019-12-09T03:06:32.919+0000][1][safepoint    ] Total time for which application threads were stopped: 0.0000870 seconds, Stopping threads took: 0.0000132 seconds
[2019-12-09T03:06:32.919+0000][1][safepoint    ] Application time: 0.0000704 seconds
[2019-12-09T03:06:32.919+0000][1][safepoint    ] Entering safepoint region: RevokeBias
[2019-12-09T03:06:32.919+0000][1][safepoint    ] Leaving safepoint region
[2019-12-09T03:06:32.919+0000][1][safepoint    ] Total time for which application threads were stopped: 0.0000646 seconds, Stopping threads took: 0.0000097 seconds
[2019-12-09T03:06:32.919+0000][1][safepoint    ] Application time: 0.0001665 seconds
[2019-12-09T03:06:32.919+0000][1][safepoint    ] Entering safepoint region: RevokeBias
[2019-12-09T03:06:32.919+0000][1][safepoint    ] Leaving safepoint region
[2019-12-09T03:06:32.919+0000][1][safepoint    ] Total time for which application threads were stopped: 0.0000576 seconds, Stopping threads took: 0.0000113 seconds
[2019-12-09T03:06:32.920+0000][1][safepoint    ] Application time: 0.0002417 seconds
[2019-12-09T03:06:32.920+0000][1][safepoint    ] Entering safepoint region: RevokeBias
[2019-12-09T03:06:32.920+0000][1][safepoint    ] Leaving safepoint region
[2019-12-09T03:06:32.920+0000][1][safepoint    ] Total time for which application threads were stopped: 0.0000541 seconds, Stopping threads took: 0.0000105 seconds
[2019-12-09T03:06:32.920+0000][1][safepoint    ] Application time: 0.0002954 seconds
[2019-12-09T03:06:32.920+0000][1][safepoint    ] Entering safepoint region: RevokeBias
[2019-12-09T03:06:32.920+0000][1][safepoint    ] Leaving safepoint region
[2019-12-09T03:06:32.920+0000][1][safepoint    ] Total time for which application threads were stopped: 0.0000529 seconds, Stopping threads took: 0.0000105 seconds
[2019-12-09T03:06:32.974+0000][1][safepoint    ] Application time: 0.0535886 seconds
[2019-12-09T03:06:32.980+0000][1][safepoint    ] Entering safepoint region: RevokeBias
[2019-12-09T03:06:32.980+0000][1][safepoint    ] Leaving safepoint region
[2019-12-09T03:06:32.980+0000][1][safepoint    ] Total time for which application threads were stopped: 0.0062088 seconds, Stopping threads took: 0.0061107 seconds
[2019-12-09T03:06:33.180+0000][1][safepoint    ] Application time: 0.2002423 seconds
[2019-12-09T03:06:33.260+0000][1][safepoint    ] Entering safepoint region: RevokeBias
[2019-12-09T03:06:33.260+0000][1][safepoint    ] Leaving safepoint region
[2019-12-09T03:06:33.260+0000][1][safepoint    ] Total time for which application threads were stopped: 0.0797217 seconds, Stopping threads took: 0.0796208 seconds
[2019-12-09T03:06:33.261+0000][1][safepoint    ] Application time: 0.0008934 seconds
[2019-12-09T03:06:33.261+0000][1][safepoint    ] Entering safepoint region: RevokeBias
[2019-12-09T03:06:33.261+0000][1][safepoint    ] Leaving safepoint region
[2019-12-09T03:06:33.261+0000][1][safepoint    ] Total time for which application threads were stopped: 0.0000691 seconds, Stopping threads took: 0.0000155 seconds
[2019-12-09T03:06:33.327+0000][1][safepoint    ] Application time: 0.0658761 seconds
[2019-12-09T03:06:33.337+0000][1][safepoint    ] Entering safepoint region: RevokeBias
[2019-12-09T03:06:33.337+0000][1][safepoint    ] Leaving safepoint region
[2019-12-09T03:06:33.337+0000][1][safepoint    ] Total time for which application threads were stopped: 0.0100593 seconds, Stopping threads took: 0.0099773 seconds
[2019-12-09T03:06:33.363+0000][1][safepoint    ] Application time: 0.0266125 seconds
[2019-12-09T03:06:33.364+0000][1][safepoint    ] Entering safepoint region: RevokeBias
[2019-12-09T03:06:33.364+0000][1][safepoint    ] Leaving safepoint region
[2019-12-09T03:06:33.364+0000][1][safepoint    ] Total time for which application threads were stopped: 0.0001299 seconds, Stopping threads took: 0.0000482 seconds
[2019-12-09T03:06:33.364+0000][1][safepoint    ] Application time: 0.0006076 seconds
[2019-12-09T03:06:33.364+0000][1][safepoint    ] Entering safepoint region: RevokeBias
[2019-12-09T03:06:33.364+0000][1][safepoint    ] Leaving safepoint region
[2019-12-09T03:06:33.364+0000][1][safepoint    ] Total time for which application threads were stopped: 0.0001589 seconds, Stopping threads took: 0.0000634 seconds
[2019-12-09T03:06:33.365+0000][1][safepoint    ] Application time: 0.0001025 seconds
[2019-12-09T03:06:33.365+0000][1][safepoint    ] Entering safepoint region: RevokeBias
[2019-12-09T03:06:33.365+0000][1][safepoint    ] Leaving safepoint region
[2019-12-09T03:06:33.365+0000][1][safepoint    ] Total time for which application threads were stopped: 0.0001054 seconds, Stopping threads took: 0.0000534 seconds
[2019-12-09T03:06:33.372+0000][1][safepoint    ] Application time: 0.0076104 seconds
[2019-12-09T03:06:33.372+0000][1][safepoint    ] Entering safepoint region: RevokeBias
[2019-12-09T03:06:33.372+0000][1][safepoint    ] Leaving safepoint region
[2019-12-09T03:06:33.372+0000][1][safepoint    ] Total time for which application threads were stopped: 0.0002053 seconds, Stopping threads took: 0.0000123 seconds
[2019-12-09T03:06:33.374+0000][1][safepoint    ] Application time: 0.0014554 seconds
[2019-12-09T03:06:33.374+0000][1][safepoint    ] Entering safepoint region: RevokeBias
[2019-12-09T03:06:33.374+0000][1][safepoint    ] Leaving safepoint region
[2019-12-09T03:06:33.374+0000][1][safepoint    ] Total time for which application threads were stopped: 0.0000623 seconds, Stopping threads took: 0.0000113 seconds
[2019-12-09T03:06:33.376+0000][1][safepoint    ] Application time: 0.0015135 seconds
[2019-12-09T03:06:33.376+0000][1][safepoint    ] Entering safepoint region: RevokeBias
[2019-12-09T03:06:33.376+0000][1][safepoint    ] Leaving safepoint region
[2019-12-09T03:06:33.376+0000][1][safepoint    ] Total time for which application threads were stopped: 0.0000569 seconds, Stopping threads took: 0.0000115 seconds
[2019-12-09T03:06:33.382+0000][1][safepoint    ] Application time: 0.0067106 seconds
[2019-12-09T03:06:33.435+0000][1][safepoint    ] Entering safepoint region: RevokeBias
[2019-12-09T03:06:33.435+0000][1][safepoint    ] Leaving safepoint region
[2019-12-09T03:06:33.435+0000][1][safepoint    ] Total time for which application threads were stopped: 0.0526247 seconds, Stopping threads took: 0.0524903 seconds
[2019-12-09T03:06:33.436+0000][1][safepoint    ] Application time: 0.0007130 seconds
[2019-12-09T03:06:33.500+0000][1][safepoint    ] Entering safepoint region: RevokeBias
[2019-12-09T03:06:33.500+0000][1][safepoint    ] Leaving safepoint region
[2019-12-09T03:06:33.500+0000][1][safepoint    ] Total time for which application threads were stopped: 0.0641604 seconds, Stopping threads took: 0.0639841 seconds
[2019-12-09T03:06:33.505+0000][1][safepoint    ] Application time: 0.0048746 seconds
[2019-12-09T03:06:33.505+0000][1][safepoint    ] Entering safepoint region: RevokeBias
[2019-12-09T03:06:33.505+0000][1][safepoint    ] Leaving safepoint region
[2019-12-09T03:06:33.505+0000][1][safepoint    ] Total time for which application threads were stopped: 0.0004177 seconds, Stopping threads took: 0.0002640 seconds
[2019-12-09T03:06:33.506+0000][1][safepoint    ] Application time: 0.0010806 seconds
[2019-12-09T03:06:33.506+0000][1][safepoint    ] Entering safepoint region: RevokeBias
[2019-12-09T03:06:33.506+0000][1][safepoint    ] Leaving safepoint region
[2019-12-09T03:06:33.506+0000][1][safepoint    ] Total time for which application threads were stopped: 0.0000720 seconds, Stopping threads took: 0.0000130 seconds
[2019-12-09T03:06:33.507+0000][1][safepoint    ] Application time: 0.0003368 seconds
[2019-12-09T03:06:33.507+0000][1][safepoint    ] Entering safepoint region: RevokeBias
[2019-12-09T03:06:33.507+0000][1][safepoint    ] Leaving safepoint region
[2019-12-09T03:06:33.507+0000][1][safepoint    ] Total time for which application threads were stopped: 0.0000650 seconds, Stopping threads took: 0.0000133 seconds
[2019-12-09T03:06:33.507+0000][1][safepoint    ] Application time: 0.0000701 seconds
[2019-12-09T03:06:33.507+0000][1][safepoint    ] Entering safepoint region: RevokeBias
[2019-12-09T03:06:33.507+0000][1][safepoint    ] Leaving safepoint region
[2019-12-09T03:06:33.507+0000][1][safepoint    ] Total time for which application threads were stopped: 0.0000461 seconds, Stopping threads took: 0.0000088 seconds
[2019-12-09T03:06:33.508+0000][1][safepoint    ] Application time: 0.0005303 seconds
[2019-12-09T03:06:33.508+0000][1][safepoint    ] Entering safepoint region: RevokeBias
[2019-12-09T03:06:33.508+0000][1][safepoint    ] Leaving safepoint region
[2019-12-09T03:06:33.508+0000][1][safepoint    ] Total time for which application threads were stopped: 0.0000817 seconds, Stopping threads took: 0.0000110 seconds
[2019-12-09T03:06:33.508+0000][1][safepoint    ] Application time: 0.0000822 seconds
[2019-12-09T03:06:33.508+0000][1][safepoint    ] Entering safepoint region: RevokeBias
[2019-12-09T03:06:33.508+0000][1][safepoint    ] Leaving safepoint region
[2019-12-09T03:06:33.508+0000][1][safepoint    ] Total time for which application threads were stopped: 0.0000550 seconds, Stopping threads took: 0.0000100 seconds
[2019-12-09T03:06:33.508+0000][1][safepoint    ] Application time: 0.0001052 seconds
[2019-12-09T03:06:33.508+0000][1][safepoint    ] Entering safepoint region: RevokeBias
[2019-12-09T03:06:33.508+0000][1][safepoint    ] Leaving safepoint region
[2019-12-09T03:06:33.508+0000][1][safepoint    ] Total time for which application threads were stopped: 0.0000922 seconds, Stopping threads took: 0.0000086 seconds
[2019-12-09T03:06:33.508+0000][1][safepoint    ] Application time: 0.0000376 seconds
[2019-12-09T03:06:33.508+0000][1][safepoint    ] Entering safepoint region: RevokeBias
[2019-12-09T03:06:33.508+0000][1][safepoint    ] Leaving safepoint region
[2019-12-09T03:06:33.508+0000][1][safepoint    ] Total time for which application threads were stopped: 0.0000543 seconds, Stopping threads took: 0.0000087 seconds
[2019-12-09T03:06:33.508+0000][1][safepoint    ] Application time: 0.0001116 seconds
[2019-12-09T03:06:33.508+0000][1][safepoint    ] Entering safepoint region: RevokeBias
[2019-12-09T03:06:33.508+0000][1][safepoint    ] Leaving safepoint region
[2019-12-09T03:06:33.508+0000][1][safepoint    ] Total time for which application threads were stopped: 0.0000482 seconds, Stopping threads took: 0.0000078 seconds
[2019-12-09T03:06:33.514+0000][1][safepoint    ] Application time: 0.0059463 seconds
[2019-12-09T03:06:33.514+0000][1][safepoint    ] Entering safepoint region: RevokeBias
[2019-12-09T03:06:33.514+0000][1][safepoint    ] Leaving safepoint region
[2019-12-09T03:06:33.514+0000][1][safepoint    ] Total time for which application threads were stopped: 0.0000718 seconds, Stopping threads took: 0.0000119 seconds
[2019-12-09T03:06:33.514+0000][1][safepoint    ] Application time: 0.0000539 seconds
[2019-12-09T03:06:33.514+0000][1][safepoint    ] Entering safepoint region: RevokeBias
[2019-12-09T03:06:33.514+0000][1][safepoint    ] Leaving safepoint region
[2019-12-09T03:06:33.514+0000][1][safepoint    ] Total time for which application threads were stopped: 0.0000609 seconds, Stopping threads took: 0.0000090 seconds
[2019-12-09T03:06:33.528+0000][1][safepoint    ] Application time: 0.0139929 seconds
[2019-12-09T03:06:33.529+0000][1][safepoint    ] Entering safepoint region: BulkRevokeBias
[2019-12-09T03:06:33.529+0000][1][safepoint    ] Leaving safepoint region
[2019-12-09T03:06:33.529+0000][1][safepoint    ] Total time for which application threads were stopped: 0.0006584 seconds, Stopping threads took: 0.0000125 seconds
[2019-12-09T03:06:33.530+0000][1][safepoint    ] Application time: 0.0003696 seconds
[2019-12-09T03:06:33.530+0000][1][safepoint    ] Entering safepoint region: RevokeBias
[2019-12-09T03:06:33.530+0000][1][safepoint    ] Leaving safepoint region
[2019-12-09T03:06:33.530+0000][1][safepoint    ] Total time for which application threads were stopped: 0.0000561 seconds, Stopping threads took: 0.0000104 seconds
[2019-12-09T03:06:33.530+0000][1][safepoint    ] Application time: 0.0001360 seconds
[2019-12-09T03:06:33.530+0000][1][safepoint    ] Entering safepoint region: RevokeBias
[2019-12-09T03:06:33.530+0000][1][safepoint    ] Leaving safepoint region
[2019-12-09T03:06:33.530+0000][1][safepoint    ] Total time for which application threads were stopped: 0.0000476 seconds, Stopping threads took: 0.0000096 seconds
[2019-12-09T03:06:33.530+0000][1][safepoint    ] Application time: 0.0001724 seconds
[2019-12-09T03:06:33.530+0000][1][safepoint    ] Entering safepoint region: RevokeBias
[2019-12-09T03:06:33.530+0000][1][safepoint    ] Leaving safepoint region
[2019-12-09T03:06:33.530+0000][1][safepoint    ] Total time for which application threads were stopped: 0.0000546 seconds, Stopping threads took: 0.0000088 seconds
[2019-12-09T03:06:33.530+0000][1][safepoint    ] Application time: 0.0002153 seconds
[2019-12-09T03:06:33.530+0000][1][safepoint    ] Entering safepoint region: RevokeBias
[2019-12-09T03:06:33.530+0000][1][safepoint    ] Leaving safepoint region
[2019-12-09T03:06:33.530+0000][1][safepoint    ] Total time for which application threads were stopped: 0.0000558 seconds, Stopping threads took: 0.0000095 seconds
[2019-12-09T03:06:33.530+0000][1][safepoint    ] Application time: 0.0000695 seconds
[2019-12-09T03:06:33.530+0000][1][safepoint    ] Entering safepoint region: RevokeBias
[2019-12-09T03:06:33.531+0000][1][safepoint    ] Leaving safepoint region
[2019-12-09T03:06:33.531+0000][1][safepoint    ] Total time for which application threads were stopped: 0.0000714 seconds, Stopping threads took: 0.0000086 seconds
[2019-12-09T03:06:33.531+0000][1][safepoint    ] Application time: 0.0000870 seconds
[2019-12-09T03:06:33.531+0000][1][safepoint    ] Entering safepoint region: RevokeBias
[2019-12-09T03:06:33.531+0000][1][safepoint    ] Leaving safepoint region
[2019-12-09T03:06:33.531+0000][1][safepoint    ] Total time for which application threads were stopped: 0.0000506 seconds, Stopping threads took: 0.0000082 seconds
[2019-12-09T03:06:33.531+0000][1][safepoint    ] Application time: 0.0000417 seconds
[2019-12-09T03:06:33.531+0000][1][safepoint    ] Entering safepoint region: RevokeBias
[2019-12-09T03:06:33.531+0000][1][safepoint    ] Leaving safepoint region
[2019-12-09T03:06:33.531+0000][1][safepoint    ] Total time for which application threads were stopped: 0.0000489 seconds, Stopping threads took: 0.0000085 seconds
[2019-12-09T03:06:33.544+0000][1][safepoint    ] Application time: 0.0127274 seconds
[2019-12-09T03:06:33.544+0000][1][safepoint    ] Entering safepoint region: RevokeBias
[2019-12-09T03:06:33.544+0000][1][safepoint    ] Leaving safepoint region
[2019-12-09T03:06:33.544+0000][1][safepoint    ] Total time for which application threads were stopped: 0.0000603 seconds, Stopping threads took: 0.0000113 seconds
[2019-12-09T03:06:33.563+0000][1][safepoint    ] Application time: 0.0191370 seconds
[2019-12-09T03:06:33.563+0000][1][safepoint    ] Entering safepoint region: RevokeBias
[2019-12-09T03:06:33.563+0000][1][safepoint    ] Leaving safepoint region
[2019-12-09T03:06:33.563+0000][1][safepoint    ] Total time for which application threads were stopped: 0.0001094 seconds, Stopping threads took: 0.0000540 seconds
[2019-12-09T03:06:33.565+0000][1][safepoint    ] Application time: 0.0016039 seconds
[2019-12-09T03:06:33.565+0000][1][safepoint    ] Entering safepoint region: RevokeBias
[2019-12-09T03:06:33.565+0000][1][safepoint    ] Leaving safepoint region
[2019-12-09T03:06:33.565+0000][1][safepoint    ] Total time for which application threads were stopped: 0.0000635 seconds, Stopping threads took: 0.0000122 seconds
[2019-12-09T03:06:33.565+0000][1][safepoint    ] Application time: 0.0000596 seconds
[2019-12-09T03:06:33.565+0000][1][safepoint    ] Entering safepoint region: RevokeBias
[2019-12-09T03:06:33.565+0000][1][safepoint    ] Leaving safepoint region
[2019-12-09T03:06:33.565+0000][1][safepoint    ] Total time for which application threads were stopped: 0.0000626 seconds, Stopping threads took: 0.0000083 seconds
[2019-12-09T03:06:33.568+0000][1][safepoint    ] Application time: 0.0033974 seconds
[2019-12-09T03:06:33.568+0000][1][safepoint    ] Entering safepoint region: RevokeBias
[2019-12-09T03:06:33.568+0000][1][safepoint    ] Leaving safepoint region
[2019-12-09T03:06:33.568+0000][1][safepoint    ] Total time for which application threads were stopped: 0.0001570 seconds, Stopping threads took: 0.0001077 seconds
[2019-12-09T03:06:33.569+0000][1][safepoint    ] Application time: 0.0006188 seconds
[2019-12-09T03:06:33.569+0000][1][safepoint    ] Entering safepoint region: RevokeBias
[2019-12-09T03:06:33.569+0000][1][safepoint    ] Leaving safepoint region
[2019-12-09T03:06:33.569+0000][1][safepoint    ] Total time for which application threads were stopped: 0.0000667 seconds, Stopping threads took: 0.0000119 seconds
[2019-12-09T03:06:33.570+0000][1][safepoint    ] Application time: 0.0012913 seconds
[2019-12-09T03:06:33.570+0000][1][safepoint    ] Entering safepoint region: RevokeBias
[2019-12-09T03:06:33.570+0000][1][safepoint    ] Leaving safepoint region
[2019-12-09T03:06:33.570+0000][1][safepoint    ] Total time for which application threads were stopped: 0.0000617 seconds, Stopping threads took: 0.0000124 seconds
[2019-12-09T03:06:33.571+0000][1][safepoint    ] Application time: 0.0001704 seconds
[2019-12-09T03:06:33.571+0000][1][safepoint    ] Entering safepoint region: RevokeBias
[2019-12-09T03:06:33.571+0000][1][safepoint    ] Leaving safepoint region
[2019-12-09T03:06:33.571+0000][1][safepoint    ] Total time for which application threads were stopped: 0.0000619 seconds, Stopping threads took: 0.0000108 seconds
[2019-12-09T03:06:33.571+0000][1][safepoint    ] Application time: 0.0003178 seconds
[2019-12-09T03:06:33.571+0000][1][safepoint    ] Entering safepoint region: RevokeBias
[2019-12-09T03:06:33.571+0000][1][safepoint    ] Leaving safepoint region
[2019-12-09T03:06:33.571+0000][1][safepoint    ] Total time for which application threads were stopped: 0.0000512 seconds, Stopping threads took: 0.0000097 seconds
[2019-12-09T03:06:33.571+0000][1][safepoint    ] Application time: 0.0004103 seconds
[2019-12-09T03:06:33.571+0000][1][safepoint    ] Entering safepoint region: RevokeBias
[2019-12-09T03:06:33.572+0000][1][safepoint    ] Leaving safepoint region
[2019-12-09T03:06:33.572+0000][1][safepoint    ] Total time for which application threads were stopped: 0.0000584 seconds, Stopping threads took: 0.0000111 seconds
[2019-12-09T03:06:33.572+0000][1][safepoint    ] Application time: 0.0007245 seconds
[2019-12-09T03:06:33.572+0000][1][safepoint    ] Entering safepoint region: RevokeBias
[2019-12-09T03:06:33.572+0000][1][safepoint    ] Leaving safepoint region
[2019-12-09T03:06:33.572+0000][1][safepoint    ] Total time for which application threads were stopped: 0.0000584 seconds, Stopping threads took: 0.0000114 seconds
[2019-12-09T03:06:33.578+0000][1][safepoint    ] Application time: 0.0053387 seconds
[2019-12-09T03:06:33.578+0000][1][safepoint    ] Entering safepoint region: RevokeBias
[2019-12-09T03:06:33.578+0000][1][safepoint    ] Leaving safepoint region
[2019-12-09T03:06:33.578+0000][1][safepoint    ] Total time for which application threads were stopped: 0.0000723 seconds, Stopping threads took: 0.0000116 seconds
[2019-12-09T03:06:33.619+0000][1][safepoint    ] Application time: 0.0409039 seconds
[2019-12-09T03:06:33.619+0000][1][safepoint    ] Entering safepoint region: RevokeBias
[2019-12-09T03:06:33.619+0000][1][safepoint    ] Leaving safepoint region
[2019-12-09T03:06:33.619+0000][1][safepoint    ] Total time for which application threads were stopped: 0.0000900 seconds, Stopping threads took: 0.0000170 seconds
[2019-12-09T03:06:33.670+0000][1][safepoint    ] Application time: 0.0507262 seconds
[2019-12-09T03:06:33.759+0000][1][safepoint    ] Entering safepoint region: RevokeBias
[2019-12-09T03:06:33.759+0000][1][safepoint    ] Leaving safepoint region
[2019-12-09T03:06:33.759+0000][1][safepoint    ] Total time for which application threads were stopped: 0.0892346 seconds, Stopping threads took: 0.0891431 seconds
[2019-12-09T03:06:33.806+0000][1][safepoint    ] Application time: 0.0469199 seconds
[2019-12-09T03:06:33.855+0000][1][safepoint    ] Entering safepoint region: RevokeBias
[2019-12-09T03:06:33.855+0000][1][safepoint    ] Leaving safepoint region
[2019-12-09T03:06:33.855+0000][1][safepoint    ] Total time for which application threads were stopped: 0.0490443 seconds, Stopping threads took: 0.0489475 seconds
[2019-12-09T03:06:33.916+0000][1][safepoint    ] Application time: 0.0610057 seconds
[2019-12-09T03:06:33.999+0000][1][safepoint    ] Entering safepoint region: RevokeBias
[2019-12-09T03:06:33.999+0000][1][safepoint    ] Leaving safepoint region
[2019-12-09T03:06:33.999+0000][1][safepoint    ] Total time for which application threads were stopped: 0.0829542 seconds, Stopping threads took: 0.0828553 seconds
[2019-12-09T03:06:34.234+0000][1][safepoint    ] Application time: 0.2349141 seconds
[2019-12-09T03:06:34.376+0000][1][safepoint    ] Entering safepoint region: RevokeBias
[2019-12-09T03:06:34.376+0000][1][safepoint    ] Leaving safepoint region
[2019-12-09T03:06:34.376+0000][1][safepoint    ] Total time for which application threads were stopped: 0.1421101 seconds, Stopping threads took: 0.1419555 seconds
[2019-12-09T03:06:34.377+0000][1][safepoint    ] Application time: 0.0006379 seconds
[2019-12-09T03:06:34.377+0000][1][safepoint    ] Entering safepoint region: RevokeBias
[2019-12-09T03:06:34.377+0000][1][safepoint    ] Leaving safepoint region
[2019-12-09T03:06:34.377+0000][1][safepoint    ] Total time for which application threads were stopped: 0.0001228 seconds, Stopping threads took: 0.0000166 seconds
[2019-12-09T03:06:34.378+0000][1][safepoint    ] Application time: 0.0009876 seconds
[2019-12-09T03:06:34.378+0000][1][safepoint    ] Entering safepoint region: RevokeBias
[2019-12-09T03:06:34.378+0000][1][safepoint    ] Leaving safepoint region
[2019-12-09T03:06:34.378+0000][1][safepoint    ] Total time for which application threads were stopped: 0.0000899 seconds, Stopping threads took: 0.0000138 seconds
[2019-12-09T03:06:34.379+0000][1][safepoint    ] Application time: 0.0007592 seconds
[2019-12-09T03:06:34.379+0000][1][safepoint    ] Entering safepoint region: RevokeBias
[2019-12-09T03:06:34.379+0000][1][safepoint    ] Leaving safepoint region
[2019-12-09T03:06:34.379+0000][1][safepoint    ] Total time for which application threads were stopped: 0.0000631 seconds, Stopping threads took: 0.0000128 seconds
[2019-12-09T03:06:34.380+0000][1][safepoint    ] Application time: 0.0008317 seconds
[2019-12-09T03:06:34.380+0000][1][safepoint    ] Entering safepoint region: RevokeBias
[2019-12-09T03:06:34.380+0000][1][safepoint    ] Leaving safepoint region
[2019-12-09T03:06:34.380+0000][1][safepoint    ] Total time for which application threads were stopped: 0.0000745 seconds, Stopping threads took: 0.0000106 seconds
[2019-12-09T03:06:34.380+0000][1][safepoint    ] Application time: 0.0003267 seconds
[2019-12-09T03:06:34.380+0000][1][safepoint    ] Entering safepoint region: RevokeBias
[2019-12-09T03:06:34.380+0000][1][safepoint    ] Leaving safepoint region
[2019-12-09T03:06:34.380+0000][1][safepoint    ] Total time for which application threads were stopped: 0.0000678 seconds, Stopping threads took: 0.0000114 seconds
[2019-12-09T03:06:34.381+0000][1][safepoint    ] Application time: 0.0008221 seconds
[2019-12-09T03:06:34.381+0000][1][safepoint    ] Entering safepoint region: RevokeBias
[2019-12-09T03:06:34.381+0000][1][safepoint    ] Leaving safepoint region
[2019-12-09T03:06:34.381+0000][1][safepoint    ] Total time for which application threads were stopped: 0.0000651 seconds, Stopping threads took: 0.0000110 seconds
[2019-12-09T03:06:34.382+0000][1][safepoint    ] Application time: 0.0007188 seconds
[2019-12-09T03:06:34.382+0000][1][safepoint    ] Entering safepoint region: RevokeBias
[2019-12-09T03:06:34.382+0000][1][safepoint    ] Leaving safepoint region
[2019-12-09T03:06:34.382+0000][1][safepoint    ] Total time for which application threads were stopped: 0.0000629 seconds, Stopping threads took: 0.0000124 seconds
[2019-12-09T03:06:34.382+0000][1][safepoint    ] Application time: 0.0000896 seconds
[2019-12-09T03:06:34.382+0000][1][safepoint    ] Entering safepoint region: RevokeBias
[2019-12-09T03:06:34.382+0000][1][safepoint    ] Leaving safepoint region
[2019-12-09T03:06:34.382+0000][1][safepoint    ] Total time for which application threads were stopped: 0.0000492 seconds, Stopping threads took: 0.0000086 seconds
[2019-12-09T03:06:34.382+0000][1][safepoint    ] Application time: 0.0004665 seconds
[2019-12-09T03:06:34.382+0000][1][safepoint    ] Entering safepoint region: RevokeBias
[2019-12-09T03:06:34.382+0000][1][safepoint    ] Leaving safepoint region
[2019-12-09T03:06:34.382+0000][1][safepoint    ] Total time for which application threads were stopped: 0.0000927 seconds, Stopping threads took: 0.0000522 seconds
[2019-12-09T03:06:34.383+0000][1][safepoint    ] Application time: 0.0000658 seconds
[2019-12-09T03:06:34.383+0000][1][safepoint    ] Entering safepoint region: RevokeBias
[2019-12-09T03:06:34.383+0000][1][safepoint    ] Leaving safepoint region
[2019-12-09T03:06:34.383+0000][1][safepoint    ] Total time for which application threads were stopped: 0.0000425 seconds, Stopping threads took: 0.0000094 seconds
[2019-12-09T03:06:34.383+0000][1][safepoint    ] Application time: 0.0000714 seconds
[2019-12-09T03:06:34.383+0000][1][safepoint    ] Entering safepoint region: RevokeBias
[2019-12-09T03:06:34.383+0000][1][safepoint    ] Leaving safepoint region
[2019-12-09T03:06:34.383+0000][1][safepoint    ] Total time for which application threads were stopped: 0.0000444 seconds, Stopping threads took: 0.0000097 seconds
[2019-12-09T03:06:34.980+0000][1][safepoint    ] Application time: 0.5969352 seconds
[2019-12-09T03:06:35.007+0000][1][safepoint    ] Entering safepoint region: RevokeBias
[2019-12-09T03:06:35.007+0000][1][safepoint    ] Leaving safepoint region
[2019-12-09T03:06:35.007+0000][1][safepoint    ] Total time for which application threads were stopped: 0.0272850 seconds, Stopping threads took: 0.0271702 seconds
[2019-12-09T03:06:35.062+0000][1][safepoint    ] Application time: 0.0545657 seconds
[2019-12-09T03:06:35.062+0000][1][safepoint    ] Entering safepoint region: RevokeBias
[2019-12-09T03:06:35.062+0000][1][safepoint    ] Leaving safepoint region
[2019-12-09T03:06:35.062+0000][1][safepoint    ] Total time for which application threads were stopped: 0.0001401 seconds, Stopping threads took: 0.0000185 seconds
[2019-12-09T03:06:35.063+0000][1][safepoint    ] Application time: 0.0009228 seconds
[2019-12-09T03:06:35.063+0000][1][safepoint    ] Entering safepoint region: RevokeBias
[2019-12-09T03:06:35.063+0000][1][safepoint    ] Leaving safepoint region
[2019-12-09T03:06:35.063+0000][1][safepoint    ] Total time for which application threads were stopped: 0.0001021 seconds, Stopping threads took: 0.0000154 seconds
[2019-12-09T03:06:35.066+0000][1][safepoint    ] Application time: 0.0031017 seconds
[2019-12-09T03:06:35.066+0000][1][safepoint    ] Entering safepoint region: RevokeBias
[2019-12-09T03:06:35.066+0000][1][safepoint    ] Leaving safepoint region
[2019-12-09T03:06:35.066+0000][1][safepoint    ] Total time for which application threads were stopped: 0.0000782 seconds, Stopping threads took: 0.0000108 seconds
[2019-12-09T03:06:35.067+0000][1][safepoint    ] Application time: 0.0012257 seconds
[2019-12-09T03:06:35.067+0000][1][safepoint    ] Entering safepoint region: RevokeBias
[2019-12-09T03:06:35.067+0000][1][safepoint    ] Leaving safepoint region
[2019-12-09T03:06:35.067+0000][1][safepoint    ] Total time for which application threads were stopped: 0.0000747 seconds, Stopping threads took: 0.0000128 seconds
[2019-12-09T03:06:35.109+0000][1][safepoint    ] Application time: 0.0414209 seconds
[2019-12-09T03:06:35.109+0000][1][safepoint    ] Entering safepoint region: RevokeBias
[2019-12-09T03:06:35.109+0000][1][safepoint    ] Leaving safepoint region
[2019-12-09T03:06:35.109+0000][1][safepoint    ] Total time for which application threads were stopped: 0.0001486 seconds, Stopping threads took: 0.0000800 seconds
[2019-12-09T03:06:35.109+0000][1][safepoint    ] Application time: 0.0001102 seconds
[2019-12-09T03:06:35.109+0000][1][safepoint    ] Entering safepoint region: RevokeBias
[2019-12-09T03:06:35.109+0000][1][safepoint    ] Leaving safepoint region
[2019-12-09T03:06:35.109+0000][1][safepoint    ] Total time for which application threads were stopped: 0.0000643 seconds, Stopping threads took: 0.0000105 seconds
[2019-12-09T03:06:35.128+0000][1][safepoint    ] Application time: 0.0183936 seconds
[2019-12-09T03:06:35.128+0000][1][safepoint    ] Entering safepoint region: RevokeBias
[2019-12-09T03:06:35.128+0000][1][safepoint    ] Leaving safepoint region
[2019-12-09T03:06:35.128+0000][1][safepoint    ] Total time for which application threads were stopped: 0.0001043 seconds, Stopping threads took: 0.0000146 seconds
[2019-12-09T03:06:35.128+0000][1][safepoint    ] Application time: 0.0000687 seconds
[2019-12-09T03:06:35.128+0000][1][safepoint    ] Entering safepoint region: RevokeBias
[2019-12-09T03:06:35.128+0000][1][safepoint    ] Leaving safepoint region
[2019-12-09T03:06:35.128+0000][1][safepoint    ] Total time for which application threads were stopped: 0.0000626 seconds, Stopping threads took: 0.0000105 seconds
[2019-12-09T03:06:35.211+0000][1][safepoint    ] Application time: 0.0832286 seconds
[2019-12-09T03:06:35.211+0000][1][safepoint    ] Entering safepoint region: RevokeBias
[2019-12-09T03:06:35.211+0000][1][safepoint    ] Leaving safepoint region
[2019-12-09T03:06:35.211+0000][1][safepoint    ] Total time for which application threads were stopped: 0.0000949 seconds, Stopping threads took: 0.0000180 seconds
[2019-12-09T03:06:35.428+0000][1][safepoint    ] Application time: 0.2165799 seconds
[2019-12-09T03:06:35.428+0000][1][safepoint    ] Entering safepoint region: RevokeBias
[2019-12-09T03:06:35.428+0000][1][safepoint    ] Leaving safepoint region
[2019-12-09T03:06:35.428+0000][1][safepoint    ] Total time for which application threads were stopped: 0.0001140 seconds, Stopping threads took: 0.0000180 seconds
[2019-12-09T03:06:35.429+0000][1][safepoint    ] Application time: 0.0012915 seconds
[2019-12-09T03:06:35.429+0000][1][safepoint    ] Entering safepoint region: RevokeBias
[2019-12-09T03:06:35.429+0000][1][safepoint    ] Leaving safepoint region
[2019-12-09T03:06:35.429+0000][1][safepoint    ] Total time for which application threads were stopped: 0.0000918 seconds, Stopping threads took: 0.0000152 seconds
[2019-12-09T03:06:35.429+0000][1][safepoint    ] Application time: 0.0000991 seconds
[2019-12-09T03:06:35.429+0000][1][safepoint    ] Entering safepoint region: RevokeBias
[2019-12-09T03:06:35.430+0000][1][safepoint    ] Leaving safepoint region
[2019-12-09T03:06:35.430+0000][1][safepoint    ] Total time for which application threads were stopped: 0.0000534 seconds, Stopping threads took: 0.0000089 seconds
[2019-12-09T03:06:35.430+0000][1][safepoint    ] Application time: 0.0000549 seconds
[2019-12-09T03:06:35.430+0000][1][safepoint    ] Entering safepoint region: RevokeBias
[2019-12-09T03:06:35.430+0000][1][safepoint    ] Leaving safepoint region
[2019-12-09T03:06:35.430+0000][1][safepoint    ] Total time for which application threads were stopped: 0.0000488 seconds, Stopping threads took: 0.0000091 seconds
[2019-12-09T03:06:35.430+0000][1][safepoint    ] Application time: 0.0006226 seconds
[2019-12-09T03:06:35.430+0000][1][safepoint    ] Entering safepoint region: RevokeBias
[2019-12-09T03:06:35.430+0000][1][safepoint    ] Leaving safepoint region
[2019-12-09T03:06:35.430+0000][1][safepoint    ] Total time for which application threads were stopped: 0.0000845 seconds, Stopping threads took: 0.0000145 seconds
[2019-12-09T03:06:35.431+0000][1][safepoint    ] Application time: 0.0005770 seconds
[2019-12-09T03:06:35.431+0000][1][safepoint    ] Entering safepoint region: RevokeBias
[2019-12-09T03:06:35.431+0000][1][safepoint    ] Leaving safepoint region
[2019-12-09T03:06:35.431+0000][1][safepoint    ] Total time for which application threads were stopped: 0.0000667 seconds, Stopping threads took: 0.0000130 seconds
[2019-12-09T03:06:35.431+0000][1][safepoint    ] Application time: 0.0003584 seconds
[2019-12-09T03:06:35.431+0000][1][safepoint    ] Entering safepoint region: RevokeBias
[2019-12-09T03:06:35.431+0000][1][safepoint    ] Leaving safepoint region
[2019-12-09T03:06:35.432+0000][1][safepoint    ] Total time for which application threads were stopped: 0.0000531 seconds, Stopping threads took: 0.0000111 seconds
[2019-12-09T03:06:35.669+0000][1][safepoint    ] Application time: 0.2373866 seconds
[2019-12-09T03:06:35.669+0000][1][safepoint    ] Entering safepoint region: RevokeBias
[2019-12-09T03:06:35.669+0000][1][safepoint    ] Leaving safepoint region
[2019-12-09T03:06:35.669+0000][1][safepoint    ] Total time for which application threads were stopped: 0.0000979 seconds, Stopping threads took: 0.0000184 seconds
[2019-12-09T03:06:35.947+0000][1][safepoint    ] Application time: 0.2776751 seconds
[2019-12-09T03:06:35.947+0000][1][safepoint    ] Entering safepoint region: RevokeBias
[2019-12-09T03:06:35.947+0000][1][safepoint    ] Leaving safepoint region
[2019-12-09T03:06:35.947+0000][1][safepoint    ] Total time for which application threads were stopped: 0.0001526 seconds, Stopping threads took: 0.0000559 seconds
[2019-12-09T03:06:36.041+0000][1][safepoint    ] Application time: 0.0942917 seconds
[2019-12-09T03:06:36.119+0000][1][safepoint    ] Entering safepoint region: RevokeBias
[2019-12-09T03:06:36.119+0000][1][safepoint    ] Leaving safepoint region
[2019-12-09T03:06:36.119+0000][1][safepoint    ] Total time for which application threads were stopped: 0.0776600 seconds, Stopping threads took: 0.0775647 seconds
[2019-12-09T03:06:36.120+0000][1][safepoint    ] Application time: 0.0008732 seconds
[2019-12-09T03:06:36.120+0000][1][safepoint    ] Entering safepoint region: RevokeBias
[2019-12-09T03:06:36.120+0000][1][safepoint    ] Leaving safepoint region
[2019-12-09T03:06:36.120+0000][1][safepoint    ] Total time for which application threads were stopped: 0.0000934 seconds, Stopping threads took: 0.0000154 seconds
[2019-12-09T03:06:36.122+0000][1][safepoint    ] Application time: 0.0018342 seconds
[2019-12-09T03:06:36.122+0000][1][safepoint    ] Entering safepoint region: RevokeBias
[2019-12-09T03:06:36.122+0000][1][safepoint    ] Leaving safepoint region
[2019-12-09T03:06:36.122+0000][1][safepoint    ] Total time for which application threads were stopped: 0.0002883 seconds, Stopping threads took: 0.0002175 seconds
[2019-12-09T03:06:36.123+0000][1][safepoint    ] Application time: 0.0005988 seconds
[2019-12-09T03:06:36.123+0000][1][safepoint    ] Entering safepoint region: RevokeBias
[2019-12-09T03:06:36.123+0000][1][safepoint    ] Leaving safepoint region
[2019-12-09T03:06:36.123+0000][1][safepoint    ] Total time for which application threads were stopped: 0.0000872 seconds, Stopping threads took: 0.0000115 seconds
[2019-12-09T03:06:36.124+0000][1][safepoint    ] Application time: 0.0009846 seconds
[2019-12-09T03:06:36.124+0000][1][safepoint    ] Entering safepoint region: RevokeBias
[2019-12-09T03:06:36.124+0000][1][safepoint    ] Leaving safepoint region
[2019-12-09T03:06:36.124+0000][1][safepoint    ] Total time for which application threads were stopped: 0.0000516 seconds, Stopping threads took: 0.0000114 seconds
[2019-12-09T03:06:36.124+0000][1][safepoint    ] Application time: 0.0000577 seconds
[2019-12-09T03:06:36.124+0000][1][safepoint    ] Entering safepoint region: RevokeBias
[2019-12-09T03:06:36.124+0000][1][safepoint    ] Leaving safepoint region
[2019-12-09T03:06:36.124+0000][1][safepoint    ] Total time for which application threads were stopped: 0.0000524 seconds, Stopping threads took: 0.0000085 seconds
[2019-12-09T03:06:36.124+0000][1][safepoint    ] Application time: 0.0000530 seconds
[2019-12-09T03:06:36.124+0000][1][safepoint    ] Entering safepoint region: RevokeBias
[2019-12-09T03:06:36.124+0000][1][safepoint    ] Leaving safepoint region
[2019-12-09T03:06:36.124+0000][1][safepoint    ] Total time for which application threads were stopped: 0.0000432 seconds, Stopping threads took: 0.0000090 seconds
[2019-12-09T03:06:36.124+0000][1][safepoint    ] Application time: 0.0003147 seconds
[2019-12-09T03:06:36.124+0000][1][safepoint    ] Entering safepoint region: RevokeBias
[2019-12-09T03:06:36.124+0000][1][safepoint    ] Leaving safepoint region
[2019-12-09T03:06:36.124+0000][1][safepoint    ] Total time for which application threads were stopped: 0.0000568 seconds, Stopping threads took: 0.0000117 seconds
[2019-12-09T03:06:36.125+0000][1][safepoint    ] Application time: 0.0002066 seconds
[2019-12-09T03:06:36.125+0000][1][safepoint    ] Entering safepoint region: RevokeBias
[2019-12-09T03:06:36.125+0000][1][safepoint    ] Leaving safepoint region
[2019-12-09T03:06:36.125+0000][1][safepoint    ] Total time for which application threads were stopped: 0.0000744 seconds, Stopping threads took: 0.0000109 seconds
[2019-12-09T03:06:36.125+0000][1][safepoint    ] Application time: 0.0002582 seconds
[2019-12-09T03:06:36.125+0000][1][safepoint    ] Entering safepoint region: RevokeBias
[2019-12-09T03:06:36.125+0000][1][safepoint    ] Leaving safepoint region
[2019-12-09T03:06:36.125+0000][1][safepoint    ] Total time for which application threads were stopped: 0.0000494 seconds, Stopping threads took: 0.0000102 seconds
[2019-12-09T03:06:36.125+0000][1][safepoint    ] Application time: 0.0003701 seconds
[2019-12-09T03:06:36.125+0000][1][safepoint    ] Entering safepoint region: RevokeBias
[2019-12-09T03:06:36.126+0000][1][safepoint    ] Leaving safepoint region
[2019-12-09T03:06:36.126+0000][1][safepoint    ] Total time for which application threads were stopped: 0.0000592 seconds, Stopping threads took: 0.0000119 seconds
[2019-12-09T03:06:36.126+0000][1][safepoint    ] Application time: 0.0004920 seconds
[2019-12-09T03:06:36.126+0000][1][safepoint    ] Entering safepoint region: RevokeBias
[2019-12-09T03:06:36.126+0000][1][safepoint    ] Leaving safepoint region
[2019-12-09T03:06:36.126+0000][1][safepoint    ] Total time for which application threads were stopped: 0.0000681 seconds, Stopping threads took: 0.0000121 seconds
[2019-12-09T03:06:36.126+0000][1][safepoint    ] Application time: 0.0002880 seconds
[2019-12-09T03:06:36.126+0000][1][safepoint    ] Entering safepoint region: RevokeBias
[2019-12-09T03:06:36.126+0000][1][safepoint    ] Leaving safepoint region
[2019-12-09T03:06:36.126+0000][1][safepoint    ] Total time for which application threads were stopped: 0.0000565 seconds, Stopping threads took: 0.0000116 seconds
[2019-12-09T03:06:36.127+0000][1][safepoint    ] Application time: 0.0000605 seconds
[2019-12-09T03:06:36.127+0000][1][safepoint    ] Entering safepoint region: RevokeBias
[2019-12-09T03:06:36.127+0000][1][safepoint    ] Leaving safepoint region
[2019-12-09T03:06:36.127+0000][1][safepoint    ] Total time for which application threads were stopped: 0.0000471 seconds, Stopping threads took: 0.0000096 seconds
[2019-12-09T03:06:36.127+0000][1][safepoint    ] Application time: 0.0000534 seconds
[2019-12-09T03:06:36.127+0000][1][safepoint    ] Entering safepoint region: RevokeBias
[2019-12-09T03:06:36.127+0000][1][safepoint    ] Leaving safepoint region
[2019-12-09T03:06:36.127+0000][1][safepoint    ] Total time for which application threads were stopped: 0.0000460 seconds, Stopping threads took: 0.0000097 seconds
[2019-12-09T03:06:36.384+0000][1][safepoint    ] Application time: 0.2575355 seconds
[2019-12-09T03:06:36.384+0000][1][safepoint    ] Entering safepoint region: BulkRevokeBias
[2019-12-09T03:06:36.385+0000][1][safepoint    ] Leaving safepoint region
[2019-12-09T03:06:36.385+0000][1][safepoint    ] Total time for which application threads were stopped: 0.0003249 seconds, Stopping threads took: 0.0000170 seconds
[2019-12-09T03:06:36.410+0000][1][safepoint    ] Application time: 0.0252130 seconds
[2019-12-09T03:06:36.410+0000][1][safepoint    ] Entering safepoint region: RevokeBias
[2019-12-09T03:06:36.410+0000][1][safepoint    ] Leaving safepoint region
[2019-12-09T03:06:36.410+0000][1][safepoint    ] Total time for which application threads were stopped: 0.0000764 seconds, Stopping threads took: 0.0000160 seconds
[2019-12-09T03:06:36.755+0000][1][safepoint    ] Application time: 0.3454481 seconds
[2019-12-09T03:06:36.755+0000][1][safepoint    ] Entering safepoint region: RevokeBias
[2019-12-09T03:06:36.756+0000][1][safepoint    ] Leaving safepoint region
[2019-12-09T03:06:36.756+0000][1][safepoint    ] Total time for which application threads were stopped: 0.0000871 seconds, Stopping threads took: 0.0000178 seconds
[2019-12-09T03:06:36.756+0000][1][safepoint    ] Application time: 0.0004258 seconds
[2019-12-09T03:06:36.756+0000][1][safepoint    ] Entering safepoint region: RevokeBias
[2019-12-09T03:06:36.756+0000][1][safepoint    ] Leaving safepoint region
[2019-12-09T03:06:36.756+0000][1][safepoint    ] Total time for which application threads were stopped: 0.0000707 seconds, Stopping threads took: 0.0000146 seconds
[2019-12-09T03:06:36.910+0000][1][safepoint    ] Application time: 0.1540878 seconds
[2019-12-09T03:06:36.910+0000][1][safepoint    ] Entering safepoint region: RevokeBias
[2019-12-09T03:06:36.910+0000][1][safepoint    ] Leaving safepoint region
[2019-12-09T03:06:36.910+0000][1][safepoint    ] Total time for which application threads were stopped: 0.0001034 seconds, Stopping threads took: 0.0000182 seconds
[2019-12-09T03:06:37.004+0000][1][safepoint    ] Application time: 0.0940802 seconds
[2019-12-09T03:06:37.012+0000][1][safepoint    ] Entering safepoint region: BulkRevokeBias
[2019-12-09T03:06:37.012+0000][1][safepoint    ] Leaving safepoint region
[2019-12-09T03:06:37.012+0000][1][safepoint    ] Total time for which application threads were stopped: 0.0076628 seconds, Stopping threads took: 0.0073372 seconds
[2019-12-09T03:06:37.013+0000][1][safepoint    ] Application time: 0.0013677 seconds
[2019-12-09T03:06:37.013+0000][1][safepoint    ] Entering safepoint region: RevokeBias
[2019-12-09T03:06:37.014+0000][1][safepoint    ] Leaving safepoint region
[2019-12-09T03:06:37.014+0000][1][safepoint    ] Total time for which application threads were stopped: 0.0000775 seconds, Stopping threads took: 0.0000142 seconds
[2019-12-09T03:06:37.014+0000][1][safepoint    ] Application time: 0.0008226 seconds
[2019-12-09T03:06:37.014+0000][1][safepoint    ] Entering safepoint region: RevokeBias
[2019-12-09T03:06:37.014+0000][1][safepoint    ] Leaving safepoint region
[2019-12-09T03:06:37.014+0000][1][safepoint    ] Total time for which application threads were stopped: 0.0000913 seconds, Stopping threads took: 0.0000136 seconds
[2019-12-09T03:06:37.016+0000][1][safepoint    ] Application time: 0.0015284 seconds
[2019-12-09T03:06:37.016+0000][1][safepoint    ] Entering safepoint region: RevokeBias
[2019-12-09T03:06:37.016+0000][1][safepoint    ] Leaving safepoint region
[2019-12-09T03:06:37.016+0000][1][safepoint    ] Total time for which application threads were stopped: 0.0004050 seconds, Stopping threads took: 0.0000124 seconds
[2019-12-09T03:06:37.019+0000][1][safepoint    ] Application time: 0.0024043 seconds
[2019-12-09T03:06:37.019+0000][1][safepoint    ] Entering safepoint region: RevokeBias
[2019-12-09T03:06:37.019+0000][1][safepoint    ] Leaving safepoint region
[2019-12-09T03:06:37.019+0000][1][safepoint    ] Total time for which application threads were stopped: 0.0000542 seconds, Stopping threads took: 0.0000112 seconds
[2019-12-09T03:06:37.019+0000][1][safepoint    ] Application time: 0.0000584 seconds
[2019-12-09T03:06:37.019+0000][1][safepoint    ] Entering safepoint region: RevokeBias
[2019-12-09T03:06:37.019+0000][1][safepoint    ] Leaving safepoint region
[2019-12-09T03:06:37.019+0000][1][safepoint    ] Total time for which application threads were stopped: 0.0000492 seconds, Stopping threads took: 0.0000074 seconds
[2019-12-09T03:06:37.019+0000][1][safepoint    ] Application time: 0.0000524 seconds
[2019-12-09T03:06:37.019+0000][1][safepoint    ] Entering safepoint region: RevokeBias
[2019-12-09T03:06:37.019+0000][1][safepoint    ] Leaving safepoint region
[2019-12-09T03:06:37.019+0000][1][safepoint    ] Total time for which application threads were stopped: 0.0000405 seconds, Stopping threads took: 0.0000083 seconds
[2019-12-09T03:06:37.060+0000][1][safepoint    ] Application time: 0.0406302 seconds
[2019-12-09T03:06:37.060+0000][1][safepoint    ] Entering safepoint region: RevokeBias
[2019-12-09T03:06:37.060+0000][1][safepoint    ] Leaving safepoint region
[2019-12-09T03:06:37.060+0000][1][safepoint    ] Total time for which application threads were stopped: 0.0000711 seconds, Stopping threads took: 0.0000132 seconds
[2019-12-09T03:06:37.060+0000][1][safepoint    ] Application time: 0.0001889 seconds
[2019-12-09T03:06:37.060+0000][1][safepoint    ] Entering safepoint region: RevokeBias
[2019-12-09T03:06:37.060+0000][1][safepoint    ] Leaving safepoint region
[2019-12-09T03:06:37.060+0000][1][safepoint    ] Total time for which application threads were stopped: 0.0000567 seconds, Stopping threads took: 0.0000094 seconds
[2019-12-09T03:06:37.087+0000][1][safepoint    ] Application time: 0.0269638 seconds
[2019-12-09T03:06:37.087+0000][1][safepoint    ] Entering safepoint region: RevokeBias
[2019-12-09T03:06:37.087+0000][1][safepoint    ] Leaving safepoint region
[2019-12-09T03:06:37.087+0000][1][safepoint    ] Total time for which application threads were stopped: 0.0000677 seconds, Stopping threads took: 0.0000150 seconds
[2019-12-09T03:06:37.087+0000][1][safepoint    ] Application time: 0.0001656 seconds
[2019-12-09T03:06:37.087+0000][1][safepoint    ] Entering safepoint region: RevokeBias
[2019-12-09T03:06:37.087+0000][1][safepoint    ] Leaving safepoint region
[2019-12-09T03:06:37.087+0000][1][safepoint    ] Total time for which application threads were stopped: 0.0000562 seconds, Stopping threads took: 0.0000114 seconds
[2019-12-09T03:06:37.559+0000][1][safepoint    ] Application time: 0.4718719 seconds
[2019-12-09T03:06:37.559+0000][1][safepoint    ] Entering safepoint region: RevokeBias
[2019-12-09T03:06:37.559+0000][1][safepoint    ] Leaving safepoint region
[2019-12-09T03:06:37.559+0000][1][safepoint    ] Total time for which application threads were stopped: 0.0000878 seconds, Stopping threads took: 0.0000184 seconds
[2019-12-09T03:06:37.560+0000][1][safepoint    ] Application time: 0.0008143 seconds
[2019-12-09T03:06:37.560+0000][1][safepoint    ] Entering safepoint region: RevokeBias
[2019-12-09T03:06:37.560+0000][1][safepoint    ] Leaving safepoint region
[2019-12-09T03:06:37.560+0000][1][safepoint    ] Total time for which application threads were stopped: 0.0000721 seconds, Stopping threads took: 0.0000164 seconds
[2019-12-09T03:06:37.778+0000][1][safepoint    ] Application time: 0.2172710 seconds
[2019-12-09T03:06:37.778+0000][1][safepoint    ] Entering safepoint region: RevokeBias
[2019-12-09T03:06:37.778+0000][1][safepoint    ] Leaving safepoint region
[2019-12-09T03:06:37.778+0000][1][safepoint    ] Total time for which application threads were stopped: 0.0001006 seconds, Stopping threads took: 0.0000194 seconds
[2019-12-09T03:06:37.778+0000][1][safepoint    ] Application time: 0.0004015 seconds
[2019-12-09T03:06:37.778+0000][1][safepoint    ] Entering safepoint region: RevokeBias
[2019-12-09T03:06:37.778+0000][1][safepoint    ] Leaving safepoint region
[2019-12-09T03:06:37.778+0000][1][safepoint    ] Total time for which application threads were stopped: 0.0000701 seconds, Stopping threads took: 0.0000140 seconds
[2019-12-09T03:06:37.826+0000][1][safepoint    ] Application time: 0.0474080 seconds
[2019-12-09T03:06:37.826+0000][1][safepoint    ] Entering safepoint region: RevokeBias
[2019-12-09T03:06:37.826+0000][1][safepoint    ] Leaving safepoint region
[2019-12-09T03:06:37.826+0000][1][safepoint    ] Total time for which application threads were stopped: 0.0000902 seconds, Stopping threads took: 0.0000166 seconds
[2019-12-09T03:06:37.899+0000][1][safepoint    ] Application time: 0.0730754 seconds
[2019-12-09T03:06:37.961+0000][1][safepoint    ] Entering safepoint region: RevokeBias
[2019-12-09T03:06:37.961+0000][1][safepoint    ] Leaving safepoint region
[2019-12-09T03:06:37.961+0000][1][safepoint    ] Total time for which application threads were stopped: 0.0619276 seconds, Stopping threads took: 0.0618036 seconds
[2019-12-09T03:06:38.056+0000][1][safepoint    ] Application time: 0.0951510 seconds
[2019-12-09T03:06:38.068+0000][1][safepoint    ] Entering safepoint region: RevokeBias
[2019-12-09T03:06:38.068+0000][1][safepoint    ] Leaving safepoint region
[2019-12-09T03:06:38.068+0000][1][safepoint    ] Total time for which application threads were stopped: 0.0118275 seconds, Stopping threads took: 0.0117030 seconds
[2019-12-09T03:06:38.068+0000][1][safepoint    ] Application time: 0.0001961 seconds
[2019-12-09T03:06:38.068+0000][1][safepoint    ] Entering safepoint region: RevokeBias
[2019-12-09T03:06:38.068+0000][1][safepoint    ] Leaving safepoint region
[2019-12-09T03:06:38.068+0000][1][safepoint    ] Total time for which application threads were stopped: 0.0000554 seconds, Stopping threads took: 0.0000107 seconds
[2019-12-09T03:06:38.073+0000][1][safepoint    ] Application time: 0.0049736 seconds
[2019-12-09T03:06:38.073+0000][1][safepoint    ] Entering safepoint region: RevokeBias
[2019-12-09T03:06:38.073+0000][1][safepoint    ] Leaving safepoint region
[2019-12-09T03:06:38.073+0000][1][safepoint    ] Total time for which application threads were stopped: 0.0001030 seconds, Stopping threads took: 0.0000152 seconds
[2019-12-09T03:06:38.074+0000][1][safepoint    ] Application time: 0.0003062 seconds
[2019-12-09T03:06:38.074+0000][1][safepoint    ] Entering safepoint region: RevokeBias
[2019-12-09T03:06:38.074+0000][1][safepoint    ] Leaving safepoint region
[2019-12-09T03:06:38.074+0000][1][safepoint    ] Total time for which application threads were stopped: 0.0001003 seconds, Stopping threads took: 0.0000115 seconds
[2019-12-09T03:06:38.074+0000][1][safepoint    ] Application time: 0.0003617 seconds
[2019-12-09T03:06:38.074+0000][1][safepoint    ] Entering safepoint region: RevokeBias
[2019-12-09T03:06:38.074+0000][1][safepoint    ] Leaving safepoint region
[2019-12-09T03:06:38.074+0000][1][safepoint    ] Total time for which application threads were stopped: 0.0000871 seconds, Stopping threads took: 0.0000104 seconds
[2019-12-09T03:06:38.075+0000][1][safepoint    ] Application time: 0.0003935 seconds
[2019-12-09T03:06:38.075+0000][1][safepoint    ] Entering safepoint region: RevokeBias
[2019-12-09T03:06:38.075+0000][1][safepoint    ] Leaving safepoint region
[2019-12-09T03:06:38.075+0000][1][safepoint    ] Total time for which application threads were stopped: 0.0000948 seconds, Stopping threads took: 0.0000117 seconds
[2019-12-09T03:06:38.075+0000][1][safepoint    ] Application time: 0.0005314 seconds
[2019-12-09T03:06:38.075+0000][1][safepoint    ] Entering safepoint region: RevokeBias
[2019-12-09T03:06:38.075+0000][1][safepoint    ] Leaving safepoint region
[2019-12-09T03:06:38.075+0000][1][safepoint    ] Total time for which application threads were stopped: 0.0000861 seconds, Stopping threads took: 0.0000115 seconds
[2019-12-09T03:06:38.076+0000][1][safepoint    ] Application time: 0.0004094 seconds
[2019-12-09T03:06:38.076+0000][1][safepoint    ] Entering safepoint region: RevokeBias
[2019-12-09T03:06:38.076+0000][1][safepoint    ] Leaving safepoint region
[2019-12-09T03:06:38.076+0000][1][safepoint    ] Total time for which application threads were stopped: 0.0003218 seconds, Stopping threads took: 0.0000102 seconds
[2019-12-09T03:06:38.078+0000][1][safepoint    ] Application time: 0.0014491 seconds
[2019-12-09T03:06:38.078+0000][1][safepoint    ] Entering safepoint region: RevokeBias
[2019-12-09T03:06:38.078+0000][1][safepoint    ] Leaving safepoint region
[2019-12-09T03:06:38.078+0000][1][safepoint    ] Total time for which application threads were stopped: 0.0000851 seconds, Stopping threads took: 0.0000122 seconds
[2019-12-09T03:06:38.079+0000][1][safepoint    ] Application time: 0.0015668 seconds
[2019-12-09T03:06:38.079+0000][1][safepoint    ] Entering safepoint region: RevokeBias
[2019-12-09T03:06:38.079+0000][1][safepoint    ] Leaving safepoint region
[2019-12-09T03:06:38.079+0000][1][safepoint    ] Total time for which application threads were stopped: 0.0000923 seconds, Stopping threads took: 0.0000125 seconds
[2019-12-09T03:06:38.080+0000][1][safepoint    ] Application time: 0.0006319 seconds
[2019-12-09T03:06:38.080+0000][1][safepoint    ] Entering safepoint region: RevokeBias
[2019-12-09T03:06:38.080+0000][1][safepoint    ] Leaving safepoint region
[2019-12-09T03:06:38.080+0000][1][safepoint    ] Total time for which application threads were stopped: 0.0000844 seconds, Stopping threads took: 0.0000111 seconds
[2019-12-09T03:06:38.082+0000][1][safepoint    ] Application time: 0.0014325 seconds
[2019-12-09T03:06:38.082+0000][1][safepoint    ] Entering safepoint region: RevokeBias
[2019-12-09T03:06:38.082+0000][1][safepoint    ] Leaving safepoint region
[2019-12-09T03:06:38.082+0000][1][safepoint    ] Total time for which application threads were stopped: 0.0000862 seconds, Stopping threads took: 0.0000121 seconds
[2019-12-09T03:06:38.109+0000][1][safepoint    ] Application time: 0.0273499 seconds
[2019-12-09T03:06:38.109+0000][1][safepoint    ] Entering safepoint region: RevokeBias
[2019-12-09T03:06:38.109+0000][1][safepoint    ] Leaving safepoint region
[2019-12-09T03:06:38.109+0000][1][safepoint    ] Total time for which application threads were stopped: 0.0001038 seconds, Stopping threads took: 0.0000169 seconds
[2019-12-09T03:06:38.119+0000][1][safepoint    ] Application time: 0.0100320 seconds
[2019-12-09T03:06:38.146+0000][1][safepoint    ] Entering safepoint region: BulkRevokeBias
[2019-12-09T03:06:38.146+0000][1][safepoint    ] Leaving safepoint region
[2019-12-09T03:06:38.146+0000][1][safepoint    ] Total time for which application threads were stopped: 0.0271072 seconds, Stopping threads took: 0.0266979 seconds
[2019-12-09T03:06:38.165+0000][1][safepoint    ] Application time: 0.0187638 seconds
[2019-12-09T03:06:38.165+0000][1][safepoint    ] Entering safepoint region: RevokeBias
[2019-12-09T03:06:38.165+0000][1][safepoint    ] Leaving safepoint region
[2019-12-09T03:06:38.165+0000][1][safepoint    ] Total time for which application threads were stopped: 0.0000700 seconds, Stopping threads took: 0.0000157 seconds
[2019-12-09T03:06:38.165+0000][1][safepoint    ] Application time: 0.0000639 seconds
[2019-12-09T03:06:38.165+0000][1][safepoint    ] Entering safepoint region: RevokeBias
[2019-12-09T03:06:38.165+0000][1][safepoint    ] Leaving safepoint region
[2019-12-09T03:06:38.165+0000][1][safepoint    ] Total time for which application threads were stopped: 0.0000468 seconds, Stopping threads took: 0.0000097 seconds
[2019-12-09T03:06:38.165+0000][1][safepoint    ] Application time: 0.0000559 seconds
[2019-12-09T03:06:38.165+0000][1][safepoint    ] Entering safepoint region: RevokeBias
[2019-12-09T03:06:38.165+0000][1][safepoint    ] Leaving safepoint region
[2019-12-09T03:06:38.165+0000][1][safepoint    ] Total time for which application threads were stopped: 0.0000456 seconds, Stopping threads took: 0.0000093 seconds
[2019-12-09T03:06:38.373+0000][1][safepoint    ] Application time: 0.2074458 seconds
[2019-12-09T03:06:38.376+0000][1][safepoint    ] Entering safepoint region: BulkRevokeBias
[2019-12-09T03:06:38.377+0000][1][safepoint    ] Leaving safepoint region
[2019-12-09T03:06:38.377+0000][1][safepoint    ] Total time for which application threads were stopped: 0.0036490 seconds, Stopping threads took: 0.0032745 seconds
[2019-12-09T03:06:39.066+0000][1][safepoint    ] Application time: 0.6896439 seconds
[2019-12-09T03:06:39.093+0000][1][safepoint    ] Entering safepoint region: RevokeBias
[2019-12-09T03:06:39.093+0000][1][safepoint    ] Leaving safepoint region
[2019-12-09T03:06:39.093+0000][1][safepoint    ] Total time for which application threads were stopped: 0.0266202 seconds, Stopping threads took: 0.0265003 seconds
[2019-12-09T03:06:39.093+0000][1][safepoint    ] Application time: 0.0001715 seconds
[2019-12-09T03:06:39.093+0000][1][safepoint    ] Entering safepoint region: RevokeBias
[2019-12-09T03:06:39.093+0000][1][safepoint    ] Leaving safepoint region
[2019-12-09T03:06:39.093+0000][1][safepoint    ] Total time for which application threads were stopped: 0.0000818 seconds, Stopping threads took: 0.0000129 seconds
[2019-12-09T03:06:39.095+0000][1][safepoint    ] Application time: 0.0016597 seconds
[2019-12-09T03:06:39.095+0000][1][safepoint    ] Entering safepoint region: RevokeBias
[2019-12-09T03:06:39.095+0000][1][safepoint    ] Leaving safepoint region
[2019-12-09T03:06:39.095+0000][1][safepoint    ] Total time for which application threads were stopped: 0.0000705 seconds, Stopping threads took: 0.0000151 seconds
[2019-12-09T03:06:39.172+0000][1][safepoint    ] Application time: 0.0770410 seconds
[2019-12-09T03:06:39.183+0000][1][safepoint    ] Entering safepoint region: RevokeBias
[2019-12-09T03:06:39.183+0000][1][safepoint    ] Leaving safepoint region
[2019-12-09T03:06:39.183+0000][1][safepoint    ] Total time for which application threads were stopped: 0.0108471 seconds, Stopping threads took: 0.0107539 seconds
[2019-12-09T03:06:39.183+0000][1][safepoint    ] Application time: 0.0004398 seconds
[2019-12-09T03:06:39.183+0000][1][safepoint    ] Entering safepoint region: RevokeBias
[2019-12-09T03:06:39.183+0000][1][safepoint    ] Leaving safepoint region
[2019-12-09T03:06:39.183+0000][1][safepoint    ] Total time for which application threads were stopped: 0.0000887 seconds, Stopping threads took: 0.0000146 seconds
[2019-12-09T03:06:39.184+0000][1][safepoint    ] Application time: 0.0006020 seconds
[2019-12-09T03:06:39.184+0000][1][safepoint    ] Entering safepoint region: RevokeBias
[2019-12-09T03:06:39.184+0000][1][safepoint    ] Leaving safepoint region
[2019-12-09T03:06:39.184+0000][1][safepoint    ] Total time for which application threads were stopped: 0.0000631 seconds, Stopping threads took: 0.0000131 seconds
[2019-12-09T03:06:39.184+0000][1][safepoint    ] Application time: 0.0000657 seconds
[2019-12-09T03:06:39.184+0000][1][safepoint    ] Entering safepoint region: RevokeBias
[2019-12-09T03:06:39.184+0000][1][safepoint    ] Leaving safepoint region
[2019-12-09T03:06:39.184+0000][1][safepoint    ] Total time for which application threads were stopped: 0.0000496 seconds, Stopping threads took: 0.0000094 seconds
[2019-12-09T03:06:39.193+0000][1][safepoint    ] Application time: 0.0084263 seconds
[2019-12-09T03:06:39.227+0000][1][safepoint    ] Entering safepoint region: RevokeBias
[2019-12-09T03:06:39.227+0000][1][safepoint    ] Leaving safepoint region
[2019-12-09T03:06:39.227+0000][1][safepoint    ] Total time for which application threads were stopped: 0.0346529 seconds, Stopping threads took: 0.0345871 seconds
[2019-12-09T03:06:39.234+0000][1][safepoint    ] Application time: 0.0063824 seconds
[2019-12-09T03:06:39.234+0000][1][safepoint    ] Entering safepoint region: RevokeBias
[2019-12-09T03:06:39.234+0000][1][safepoint    ] Leaving safepoint region
[2019-12-09T03:06:39.234+0000][1][safepoint    ] Total time for which application threads were stopped: 0.0000798 seconds, Stopping threads took: 0.0000145 seconds
[2019-12-09T03:06:39.267+0000][1][safepoint    ] Application time: 0.0336174 seconds
[2019-12-09T03:06:39.267+0000][1][safepoint    ] Entering safepoint region: RevokeBias
[2019-12-09T03:06:39.268+0000][1][safepoint    ] Leaving safepoint region
[2019-12-09T03:06:39.268+0000][1][safepoint    ] Total time for which application threads were stopped: 0.0000718 seconds, Stopping threads took: 0.0000160 seconds
[2019-12-09T03:06:40.051+0000][1][safepoint    ] Application time: 0.7833898 seconds
[2019-12-09T03:06:40.093+0000][1][safepoint    ] Entering safepoint region: RevokeBias
[2019-12-09T03:06:40.093+0000][1][safepoint    ] Leaving safepoint region
[2019-12-09T03:06:40.093+0000][1][safepoint    ] Total time for which application threads were stopped: 0.0418951 seconds, Stopping threads took: 0.0417685 seconds
[2019-12-09T03:06:40.100+0000][1][safepoint    ] Application time: 0.0069451 seconds
[2019-12-09T03:06:40.100+0000][1][safepoint    ] Entering safepoint region: RevokeBias
[2019-12-09T03:06:40.100+0000][1][safepoint    ] Leaving safepoint region
[2019-12-09T03:06:40.100+0000][1][safepoint    ] Total time for which application threads were stopped: 0.0004044 seconds, Stopping threads took: 0.0000175 seconds
[2019-12-09T03:06:40.123+0000][1][safepoint    ] Application time: 0.0227697 seconds
[2019-12-09T03:06:40.123+0000][1][safepoint    ] Entering safepoint region: BulkRevokeBias
[2019-12-09T03:06:40.123+0000][1][safepoint    ] Leaving safepoint region
[2019-12-09T03:06:40.123+0000][1][safepoint    ] Total time for which application threads were stopped: 0.0003277 seconds, Stopping threads took: 0.0000173 seconds
[2019-12-09T03:06:40.124+0000][1][safepoint    ] Application time: 0.0004990 seconds
[2019-12-09T03:06:40.124+0000][1][safepoint    ] Entering safepoint region: RevokeBias
[2019-12-09T03:06:40.124+0000][1][safepoint    ] Leaving safepoint region
[2019-12-09T03:06:40.124+0000][1][safepoint    ] Total time for which application threads were stopped: 0.0000839 seconds, Stopping threads took: 0.0000154 seconds
[2019-12-09T03:06:40.124+0000][1][safepoint    ] Application time: 0.0000994 seconds
[2019-12-09T03:06:40.124+0000][1][safepoint    ] Entering safepoint region: RevokeBias
[2019-12-09T03:06:40.124+0000][1][safepoint    ] Leaving safepoint region
[2019-12-09T03:06:40.124+0000][1][safepoint    ] Total time for which application threads were stopped: 0.0000563 seconds, Stopping threads took: 0.0000104 seconds
[2019-12-09T03:06:40.248+0000][1][safepoint    ] Application time: 0.1233306 seconds
[2019-12-09T03:06:40.248+0000][1][safepoint    ] Entering safepoint region: RevokeBias
[2019-12-09T03:06:40.248+0000][1][safepoint    ] Leaving safepoint region
[2019-12-09T03:06:40.248+0000][1][safepoint    ] Total time for which application threads were stopped: 0.0001661 seconds, Stopping threads took: 0.0000569 seconds
[2019-12-09T03:06:40.332+0000][1][safepoint    ] Application time: 0.0843314 seconds
[2019-12-09T03:06:40.332+0000][1][safepoint    ] Entering safepoint region: RevokeBias
[2019-12-09T03:06:40.332+0000][1][safepoint    ] Leaving safepoint region
[2019-12-09T03:06:40.332+0000][1][safepoint    ] Total time for which application threads were stopped: 0.0000942 seconds, Stopping threads took: 0.0000177 seconds
[2019-12-09T03:06:40.368+0000][1][safepoint    ] Application time: 0.0361137 seconds
[2019-12-09T03:06:40.368+0000][1][safepoint    ] Entering safepoint region: RevokeBias
[2019-12-09T03:06:40.368+0000][1][safepoint    ] Leaving safepoint region
[2019-12-09T03:06:40.368+0000][1][safepoint    ] Total time for which application threads were stopped: 0.0001075 seconds, Stopping threads took: 0.0000175 seconds
[2019-12-09T03:06:40.396+0000][1][safepoint    ] Application time: 0.0272930 seconds
[2019-12-09T03:06:40.396+0000][1][safepoint    ] Entering safepoint region: RevokeBias
[2019-12-09T03:06:40.396+0000][1][safepoint    ] Leaving safepoint region
[2019-12-09T03:06:40.396+0000][1][safepoint    ] Total time for which application threads were stopped: 0.0001661 seconds, Stopping threads took: 0.0000473 seconds
[2019-12-09T03:06:40.396+0000][1][safepoint    ] Application time: 0.0000687 seconds
[2019-12-09T03:06:40.396+0000][1][safepoint    ] Entering safepoint region: RevokeBias
[2019-12-09T03:06:40.396+0000][1][safepoint    ] Leaving safepoint region
[2019-12-09T03:06:40.396+0000][1][safepoint    ] Total time for which application threads were stopped: 0.0000558 seconds, Stopping threads took: 0.0000092 seconds
[2019-12-09T03:06:40.398+0000][1][safepoint    ] Application time: 0.0024143 seconds
[2019-12-09T03:06:40.399+0000][1][safepoint    ] Entering safepoint region: RevokeBias
[2019-12-09T03:06:40.399+0000][1][safepoint    ] Leaving safepoint region
[2019-12-09T03:06:40.399+0000][1][safepoint    ] Total time for which application threads were stopped: 0.0000812 seconds, Stopping threads took: 0.0000148 seconds
[2019-12-09T03:06:40.399+0000][1][safepoint    ] Application time: 0.0006216 seconds
[2019-12-09T03:06:40.399+0000][1][safepoint    ] Entering safepoint region: RevokeBias
[2019-12-09T03:06:40.399+0000][1][safepoint    ] Leaving safepoint region
[2019-12-09T03:06:40.399+0000][1][safepoint    ] Total time for which application threads were stopped: 0.0000680 seconds, Stopping threads took: 0.0000128 seconds
[2019-12-09T03:06:40.399+0000][1][safepoint    ] Application time: 0.0000602 seconds
[2019-12-09T03:06:40.399+0000][1][safepoint    ] Entering safepoint region: RevokeBias
[2019-12-09T03:06:40.399+0000][1][safepoint    ] Leaving safepoint region
[2019-12-09T03:06:40.399+0000][1][safepoint    ] Total time for which application threads were stopped: 0.0000519 seconds, Stopping threads took: 0.0000095 seconds
[2019-12-09T03:06:40.983+0000][1][safepoint    ] Application time: 0.5840131 seconds
[2019-12-09T03:06:40.984+0000][1][safepoint    ] Entering safepoint region: RevokeBias
[2019-12-09T03:06:40.984+0000][1][safepoint    ] Leaving safepoint region
[2019-12-09T03:06:40.984+0000][1][safepoint    ] Total time for which application threads were stopped: 0.0001057 seconds, Stopping threads took: 0.0000209 seconds
[2019-12-09T03:06:40.984+0000][1][safepoint    ] Application time: 0.0000869 seconds
[2019-12-09T03:06:40.984+0000][1][safepoint    ] Entering safepoint region: RevokeBias
[2019-12-09T03:06:40.984+0000][1][safepoint    ] Leaving safepoint region
[2019-12-09T03:06:40.984+0000][1][safepoint    ] Total time for which application threads were stopped: 0.0000511 seconds, Stopping threads took: 0.0000103 seconds
[2019-12-09T03:06:41.149+0000][1][safepoint    ] Application time: 0.1649698 seconds
[2019-12-09T03:06:41.149+0000][1][safepoint    ] Entering safepoint region: RevokeBias
[2019-12-09T03:06:41.149+0000][1][safepoint    ] Leaving safepoint region
[2019-12-09T03:06:41.149+0000][1][safepoint    ] Total time for which application threads were stopped: 0.0001719 seconds, Stopping threads took: 0.0000950 seconds
[2019-12-09T03:06:41.199+0000][1][safepoint    ] Application time: 0.0501780 seconds
[2019-12-09T03:06:41.218+0000][1][safepoint    ] Entering safepoint region: RevokeBias
[2019-12-09T03:06:41.218+0000][1][safepoint    ] Leaving safepoint region
[2019-12-09T03:06:41.218+0000][1][safepoint    ] Total time for which application threads were stopped: 0.0187109 seconds, Stopping threads took: 0.0186068 seconds
[2019-12-09T03:06:41.219+0000][1][safepoint    ] Application time: 0.0008488 seconds
[2019-12-09T03:06:41.219+0000][1][safepoint    ] Entering safepoint region: RevokeBias
[2019-12-09T03:06:41.219+0000][1][safepoint    ] Leaving safepoint region
[2019-12-09T03:06:41.219+0000][1][safepoint    ] Total time for which application threads were stopped: 0.0000846 seconds, Stopping threads took: 0.0000169 seconds
[2019-12-09T03:06:41.219+0000][1][safepoint    ] Application time: 0.0000726 seconds
[2019-12-09T03:06:41.219+0000][1][safepoint    ] Entering safepoint region: RevokeBias
[2019-12-09T03:06:41.219+0000][1][safepoint    ] Leaving safepoint region
[2019-12-09T03:06:41.219+0000][1][safepoint    ] Total time for which application threads were stopped: 0.0000505 seconds, Stopping threads took: 0.0000108 seconds
[2019-12-09T03:06:41.219+0000][1][safepoint    ] Application time: 0.0001981 seconds
[2019-12-09T03:06:41.219+0000][1][safepoint    ] Entering safepoint region: RevokeBias
[2019-12-09T03:06:41.219+0000][1][safepoint    ] Leaving safepoint region
[2019-12-09T03:06:41.219+0000][1][safepoint    ] Total time for which application threads were stopped: 0.0000678 seconds, Stopping threads took: 0.0000138 seconds
[2019-12-09T03:06:41.254+0000][1][safepoint    ] Application time: 0.0346739 seconds
[2019-12-09T03:06:41.254+0000][1][safepoint    ] Entering safepoint region: RevokeBias
[2019-12-09T03:06:41.254+0000][1][safepoint    ] Leaving safepoint region
[2019-12-09T03:06:41.254+0000][1][safepoint    ] Total time for which application threads were stopped: 0.0000830 seconds, Stopping threads took: 0.0000173 seconds
[2019-12-09T03:06:41.254+0000][1][safepoint    ] Application time: 0.0002898 seconds
[2019-12-09T03:06:41.254+0000][1][safepoint    ] Entering safepoint region: RevokeBias
[2019-12-09T03:06:41.254+0000][1][safepoint    ] Leaving safepoint region
[2019-12-09T03:06:41.254+0000][1][safepoint    ] Total time for which application threads were stopped: 0.0000657 seconds, Stopping threads took: 0.0000151 seconds
[2019-12-09T03:06:41.280+0000][1][safepoint    ] Application time: 0.0259942 seconds
[2019-12-09T03:06:41.280+0000][1][safepoint    ] Entering safepoint region: RevokeBias
[2019-12-09T03:06:41.281+0000][1][safepoint    ] Leaving safepoint region
[2019-12-09T03:06:41.281+0000][1][safepoint    ] Total time for which application threads were stopped: 0.0000877 seconds, Stopping threads took: 0.0000176 seconds
[2019-12-09T03:06:41.296+0000][1][safepoint    ] Application time: 0.0151876 seconds
[2019-12-09T03:06:41.296+0000][1][safepoint    ] Entering safepoint region: RevokeBias
[2019-12-09T03:06:41.296+0000][1][safepoint    ] Leaving safepoint region
[2019-12-09T03:06:41.296+0000][1][safepoint    ] Total time for which application threads were stopped: 0.0000914 seconds, Stopping threads took: 0.0000174 seconds
[2019-12-09T03:06:41.762+0000][1][safepoint    ] Application time: 0.4659608 seconds
[2019-12-09T03:06:41.762+0000][1][safepoint    ] Entering safepoint region: Deoptimize
[2019-12-09T03:06:41.763+0000][1][safepoint    ] Leaving safepoint region
[2019-12-09T03:06:41.763+0000][1][safepoint    ] Total time for which application threads were stopped: 0.0007117 seconds, Stopping threads took: 0.0000196 seconds
[2019-12-09T03:06:42.170+0000][1][safepoint    ] Application time: 0.4070479 seconds
[2019-12-09T03:06:42.170+0000][1][safepoint    ] Entering safepoint region: BulkRevokeBias
[2019-12-09T03:06:42.170+0000][1][safepoint    ] Leaving safepoint region
[2019-12-09T03:06:42.170+0000][1][safepoint    ] Total time for which application threads were stopped: 0.0004686 seconds, Stopping threads took: 0.0000363 seconds
[2019-12-09T03:06:42.170+0000][1][safepoint    ] Application time: 0.0000727 seconds
[2019-12-09T03:06:42.170+0000][1][safepoint    ] Entering safepoint region: RevokeBias
[2019-12-09T03:06:42.170+0000][1][safepoint    ] Leaving safepoint region
[2019-12-09T03:06:42.170+0000][1][safepoint    ] Total time for which application threads were stopped: 0.0000786 seconds, Stopping threads took: 0.0000119 seconds
[2019-12-09T03:06:42.275+0000][1][safepoint    ] Application time: 0.1042577 seconds
[2019-12-09T03:06:42.275+0000][1][safepoint    ] Entering safepoint region: RevokeBias
[2019-12-09T03:06:42.275+0000][1][safepoint    ] Leaving safepoint region
[2019-12-09T03:06:42.275+0000][1][safepoint    ] Total time for which application threads were stopped: 0.0001199 seconds, Stopping threads took: 0.0000210 seconds
[2019-12-09T03:06:42.275+0000][1][safepoint    ] Application time: 0.0000924 seconds
[2019-12-09T03:06:42.275+0000][1][safepoint    ] Entering safepoint region: BulkRevokeBias
[2019-12-09T03:06:42.275+0000][1][safepoint    ] Leaving safepoint region
[2019-12-09T03:06:42.275+0000][1][safepoint    ] Total time for which application threads were stopped: 0.0003589 seconds, Stopping threads took: 0.0000125 seconds
[2019-12-09T03:06:42.275+0000][1][safepoint    ] Application time: 0.0002815 seconds
[2019-12-09T03:06:42.276+0000][1][safepoint    ] Entering safepoint region: RevokeBias
[2019-12-09T03:06:42.276+0000][1][safepoint    ] Leaving safepoint region
[2019-12-09T03:06:42.276+0000][1][safepoint    ] Total time for which application threads were stopped: 0.0000755 seconds, Stopping threads took: 0.0000158 seconds
[2019-12-09T03:06:42.448+0000][1][safepoint    ] Application time: 0.1724636 seconds
[2019-12-09T03:06:42.448+0000][1][safepoint    ] Entering safepoint region: RevokeBias
[2019-12-09T03:06:42.448+0000][1][safepoint    ] Leaving safepoint region
[2019-12-09T03:06:42.448+0000][1][safepoint    ] Total time for which application threads were stopped: 0.0001166 seconds, Stopping threads took: 0.0000202 seconds
[2019-12-09T03:06:42.448+0000][1][safepoint    ] Application time: 0.0002519 seconds
[2019-12-09T03:06:42.448+0000][1][safepoint    ] Entering safepoint region: RevokeBias
[2019-12-09T03:06:42.449+0000][1][safepoint    ] Leaving safepoint region
[2019-12-09T03:06:42.449+0000][1][safepoint    ] Total time for which application threads were stopped: 0.0000678 seconds, Stopping threads took: 0.0000125 seconds
[2019-12-09T03:06:42.450+0000][1][safepoint    ] Application time: 0.0016147 seconds
[2019-12-09T03:06:42.450+0000][1][safepoint    ] Entering safepoint region: RevokeBias
[2019-12-09T03:06:42.450+0000][1][safepoint    ] Leaving safepoint region
[2019-12-09T03:06:42.450+0000][1][safepoint    ] Total time for which application threads were stopped: 0.0000671 seconds, Stopping threads took: 0.0000164 seconds
[2019-12-09T03:06:42.450+0000][1][safepoint    ] Application time: 0.0002406 seconds
[2019-12-09T03:06:42.451+0000][1][safepoint    ] Entering safepoint region: RevokeBias
[2019-12-09T03:06:42.451+0000][1][safepoint    ] Leaving safepoint region
[2019-12-09T03:06:42.451+0000][1][safepoint    ] Total time for which application threads were stopped: 0.0000565 seconds, Stopping threads took: 0.0000124 seconds
[2019-12-09T03:06:42.451+0000][1][safepoint    ] Application time: 0.0000543 seconds
[2019-12-09T03:06:42.451+0000][1][safepoint    ] Entering safepoint region: RevokeBias
[2019-12-09T03:06:42.451+0000][1][safepoint    ] Leaving safepoint region
[2019-12-09T03:06:42.451+0000][1][safepoint    ] Total time for which application threads were stopped: 0.0000625 seconds, Stopping threads took: 0.0000087 seconds
[2019-12-09T03:06:42.451+0000][1][safepoint    ] Application time: 0.0000527 seconds
[2019-12-09T03:06:42.451+0000][1][safepoint    ] Entering safepoint region: RevokeBias
[2019-12-09T03:06:42.451+0000][1][safepoint    ] Leaving safepoint region
[2019-12-09T03:06:42.451+0000][1][safepoint    ] Total time for which application threads were stopped: 0.0000377 seconds, Stopping threads took: 0.0000080 seconds
[2019-12-09T03:06:42.451+0000][1][safepoint    ] Application time: 0.0000437 seconds
[2019-12-09T03:06:42.451+0000][1][safepoint    ] Entering safepoint region: RevokeBias
[2019-12-09T03:06:42.451+0000][1][safepoint    ] Leaving safepoint region
[2019-12-09T03:06:42.451+0000][1][safepoint    ] Total time for which application threads were stopped: 0.0000358 seconds, Stopping threads took: 0.0000073 seconds
[2019-12-09T03:06:42.451+0000][1][safepoint    ] Application time: 0.0000443 seconds
[2019-12-09T03:06:42.451+0000][1][safepoint    ] Entering safepoint region: RevokeBias
[2019-12-09T03:06:42.451+0000][1][safepoint    ] Leaving safepoint region
[2019-12-09T03:06:42.451+0000][1][safepoint    ] Total time for which application threads were stopped: 0.0000364 seconds, Stopping threads took: 0.0000075 seconds
[2019-12-09T03:06:42.451+0000][1][safepoint    ] Application time: 0.0000429 seconds
[2019-12-09T03:06:42.451+0000][1][safepoint    ] Entering safepoint region: RevokeBias
[2019-12-09T03:06:42.451+0000][1][safepoint    ] Leaving safepoint region
[2019-12-09T03:06:42.451+0000][1][safepoint    ] Total time for which application threads were stopped: 0.0000361 seconds, Stopping threads took: 0.0000075 seconds
[2019-12-09T03:06:42.451+0000][1][safepoint    ] Application time: 0.0000434 seconds
[2019-12-09T03:06:42.451+0000][1][safepoint    ] Entering safepoint region: RevokeBias
[2019-12-09T03:06:42.451+0000][1][safepoint    ] Leaving safepoint region
[2019-12-09T03:06:42.451+0000][1][safepoint    ] Total time for which application threads were stopped: 0.0000365 seconds, Stopping threads took: 0.0000073 seconds
[2019-12-09T03:06:42.564+0000][1][safepoint    ] Application time: 0.1128116 seconds
[2019-12-09T03:06:42.564+0000][1][safepoint    ] Entering safepoint region: RevokeBias
[2019-12-09T03:06:42.564+0000][1][safepoint    ] Leaving safepoint region
[2019-12-09T03:06:42.564+0000][1][safepoint    ] Total time for which application threads were stopped: 0.0001014 seconds, Stopping threads took: 0.0000221 seconds
[2019-12-09T03:06:42.740+0000][1][safepoint    ] Application time: 0.1753771 seconds
[2019-12-09T03:06:42.740+0000][1][safepoint    ] Entering safepoint region: RevokeBias
[2019-12-09T03:06:42.740+0000][1][safepoint    ] Leaving safepoint region
[2019-12-09T03:06:42.740+0000][1][safepoint    ] Total time for which application threads were stopped: 0.0001025 seconds, Stopping threads took: 0.0000192 seconds
[2019-12-09T03:06:42.741+0000][1][safepoint    ] Application time: 0.0009551 seconds
[2019-12-09T03:06:42.741+0000][1][safepoint    ] Entering safepoint region: RevokeBias
[2019-12-09T03:06:42.741+0000][1][safepoint    ] Leaving safepoint region
[2019-12-09T03:06:42.741+0000][1][safepoint    ] Total time for which application threads were stopped: 0.0001073 seconds, Stopping threads took: 0.0000371 seconds
[2019-12-09T03:06:44.072+0000][1][safepoint    ] Application time: 1.3311011 seconds
[2019-12-09T03:06:44.072+0000][1][safepoint    ] Entering safepoint region: RevokeBias
[2019-12-09T03:06:44.072+0000][1][safepoint    ] Leaving safepoint region
[2019-12-09T03:06:44.072+0000][1][safepoint    ] Total time for which application threads were stopped: 0.0001101 seconds, Stopping threads took: 0.0000204 seconds
[2019-12-09T03:06:44.072+0000][1][safepoint    ] Application time: 0.0001133 seconds
[2019-12-09T03:06:44.072+0000][1][safepoint    ] Entering safepoint region: RevokeBias
[2019-12-09T03:06:44.072+0000][1][safepoint    ] Leaving safepoint region
[2019-12-09T03:06:44.072+0000][1][safepoint    ] Total time for which application threads were stopped: 0.0000674 seconds, Stopping threads took: 0.0000136 seconds
[2019-12-09T03:06:44.073+0000][1][safepoint    ] Application time: 0.0005632 seconds
[2019-12-09T03:06:44.073+0000][1][safepoint    ] Entering safepoint region: RevokeBias
[2019-12-09T03:06:44.073+0000][1][safepoint    ] Leaving safepoint region
[2019-12-09T03:06:44.073+0000][1][safepoint    ] Total time for which application threads were stopped: 0.0000624 seconds, Stopping threads took: 0.0000161 seconds
[2019-12-09T03:06:45.111+0000][1][safepoint    ] Application time: 1.0378118 seconds
[2019-12-09T03:06:45.119+0000][1][safepoint    ] Entering safepoint region: Cleanup
[2019-12-09T03:06:45.119+0000][1][safepoint    ] Leaving safepoint region
[2019-12-09T03:06:45.119+0000][1][safepoint    ] Total time for which application threads were stopped: 0.0081709 seconds, Stopping threads took: 0.0080688 seconds
[2019-12-09T03:06:46.121+0000][1][safepoint    ] Application time: 1.0017688 seconds
[2019-12-09T03:06:46.121+0000][1][safepoint    ] Entering safepoint region: Cleanup
[2019-12-09T03:06:46.121+0000][1][safepoint    ] Leaving safepoint region
[2019-12-09T03:06:46.121+0000][1][safepoint    ] Total time for which application threads were stopped: 0.0001064 seconds, Stopping threads took: 0.0000203 seconds
[2019-12-09T03:06:46.437+0000][1][safepoint    ] Application time: 0.3161324 seconds
[2019-12-09T03:06:46.437+0000][1][safepoint    ] Entering safepoint region: RevokeBias
[2019-12-09T03:06:46.437+0000][1][safepoint    ] Leaving safepoint region
[2019-12-09T03:06:46.437+0000][1][safepoint    ] Total time for which application threads were stopped: 0.0001304 seconds, Stopping threads took: 0.0000183 seconds
[2019-12-09T03:06:46.565+0000][1][safepoint    ] Application time: 0.1282945 seconds
[2019-12-09T03:06:46.565+0000][1][safepoint    ] Entering safepoint region: RevokeBias
[2019-12-09T03:06:46.566+0000][1][safepoint    ] Leaving safepoint region
[2019-12-09T03:06:46.566+0000][1][safepoint    ] Total time for which application threads were stopped: 0.0001121 seconds, Stopping threads took: 0.0000182 seconds
[2019-12-09T03:06:47.566+0000][1][safepoint    ] Application time: 1.0001281 seconds
[2019-12-09T03:06:47.566+0000][1][safepoint    ] Entering safepoint region: Cleanup
[2019-12-09T03:06:47.566+0000][1][safepoint    ] Leaving safepoint region
[2019-12-09T03:06:47.566+0000][1][safepoint    ] Total time for which application threads were stopped: 0.0001060 seconds, Stopping threads took: 0.0000236 seconds
[2019-12-09T03:06:48.568+0000][1][safepoint    ] Application time: 1.0018491 seconds
[2019-12-09T03:06:48.568+0000][1][safepoint    ] Entering safepoint region: Cleanup
[2019-12-09T03:06:48.568+0000][1][safepoint    ] Leaving safepoint region
[2019-12-09T03:06:48.568+0000][1][safepoint    ] Total time for which application threads were stopped: 0.0001017 seconds, Stopping threads took: 0.0000250 seconds
[2019-12-09T03:06:49.570+0000][1][safepoint    ] Application time: 1.0018424 seconds
[2019-12-09T03:06:49.570+0000][1][safepoint    ] Entering safepoint region: Cleanup
[2019-12-09T03:06:49.570+0000][1][safepoint    ] Leaving safepoint region
[2019-12-09T03:06:49.570+0000][1][safepoint    ] Total time for which application threads were stopped: 0.0001062 seconds, Stopping threads took: 0.0000232 seconds
[2019-12-09T03:06:50.578+0000][1][safepoint    ] Application time: 1.0078435 seconds
[2019-12-09T03:06:50.578+0000][1][safepoint    ] Entering safepoint region: Cleanup
[2019-12-09T03:06:50.578+0000][1][safepoint    ] Leaving safepoint region
[2019-12-09T03:06:50.578+0000][1][safepoint    ] Total time for which application threads were stopped: 0.0001145 seconds, Stopping threads took: 0.0000251 seconds
[2019-12-09T03:06:51.582+0000][1][safepoint    ] Application time: 1.0038229 seconds
[2019-12-09T03:06:51.582+0000][1][safepoint    ] Entering safepoint region: Cleanup
[2019-12-09T03:06:51.582+0000][1][safepoint    ] Leaving safepoint region
[2019-12-09T03:06:51.582+0000][1][safepoint    ] Total time for which application threads were stopped: 0.0001067 seconds, Stopping threads took: 0.0000260 seconds
[2019-12-09T03:06:52.583+0000][1][safepoint    ] Application time: 1.0008439 seconds
[2019-12-09T03:06:52.583+0000][1][safepoint    ] Entering safepoint region: Cleanup
[2019-12-09T03:06:52.583+0000][1][safepoint    ] Leaving safepoint region
[2019-12-09T03:06:52.583+0000][1][safepoint    ] Total time for which application threads were stopped: 0.0001027 seconds, Stopping threads took: 0.0000240 seconds
[2019-12-09T03:06:53.585+0000][1][safepoint    ] Application time: 1.0024235 seconds
[2019-12-09T03:06:53.585+0000][1][safepoint    ] Entering safepoint region: Cleanup
[2019-12-09T03:06:53.585+0000][1][safepoint    ] Leaving safepoint region
[2019-12-09T03:06:53.585+0000][1][safepoint    ] Total time for which application threads were stopped: 0.0000999 seconds, Stopping threads took: 0.0000255 seconds
[2019-12-09T03:06:54.590+0000][1][safepoint    ] Application time: 1.0042618 seconds
[2019-12-09T03:06:54.590+0000][1][safepoint    ] Entering safepoint region: Cleanup
[2019-12-09T03:06:54.590+0000][1][safepoint    ] Leaving safepoint region
[2019-12-09T03:06:54.590+0000][1][safepoint    ] Total time for which application threads were stopped: 0.0001226 seconds, Stopping threads took: 0.0000358 seconds
[2019-12-09T03:06:55.591+0000][1][safepoint    ] Application time: 1.0008288 seconds
[2019-12-09T03:06:55.591+0000][1][safepoint    ] Entering safepoint region: Cleanup
[2019-12-09T03:06:55.591+0000][1][safepoint    ] Leaving safepoint region
[2019-12-09T03:06:55.591+0000][1][safepoint    ] Total time for which application threads were stopped: 0.0001184 seconds, Stopping threads took: 0.0000266 seconds
[2019-12-09T03:06:56.597+0000][1][safepoint    ] Application time: 1.0058841 seconds
[2019-12-09T03:06:56.597+0000][1][safepoint    ] Entering safepoint region: Cleanup
[2019-12-09T03:06:56.597+0000][1][safepoint    ] Leaving safepoint region
[2019-12-09T03:06:56.597+0000][1][safepoint    ] Total time for which application threads were stopped: 0.0001241 seconds, Stopping threads took: 0.0000349 seconds
[2019-12-09T03:06:57.598+0000][1][safepoint    ] Application time: 1.0007754 seconds
[2019-12-09T03:06:57.598+0000][1][safepoint    ] Entering safepoint region: Cleanup
[2019-12-09T03:06:57.598+0000][1][safepoint    ] Leaving safepoint region
[2019-12-09T03:06:57.598+0000][1][safepoint    ] Total time for which application threads were stopped: 0.0001137 seconds, Stopping threads took: 0.0000281 seconds
[2019-12-09T03:06:58.231+0000][1][safepoint    ] Application time: 0.6329635 seconds
[2019-12-09T03:06:58.231+0000][1][safepoint    ] Entering safepoint region: GenCollectForAllocation
[2019-12-09T03:06:58.231+0000][1][gc,start     ] GC(23) Pause Young (Allocation Failure)
[2019-12-09T03:06:58.231+0000][1][gc,task      ] GC(23) Using 2 workers of 2 for evacuation
[2019-12-09T03:06:58.338+0000][1][gc,age       ] GC(23) Desired survivor size 4456448 bytes, new threshold 2 (max threshold 6)
[2019-12-09T03:06:58.339+0000][1][gc,age       ] GC(23) Age table with threshold 2 (max threshold 6)
[2019-12-09T03:06:58.339+0000][1][gc,age       ] GC(23) - age   1:    1848096 bytes,    1848096 total
[2019-12-09T03:06:58.339+0000][1][gc,age       ] GC(23) - age   2:    3595800 bytes,    5443896 total
[2019-12-09T03:06:58.339+0000][1][gc,heap      ] GC(23) ParNew: 78656K->6821K(78656K)
[2019-12-09T03:06:58.339+0000][1][gc,heap      ] GC(23) CMS: 60030K->64235K(174784K)
[2019-12-09T03:06:58.339+0000][1][gc,metaspace ] GC(23) Metaspace: 68334K->68334K(1112064K)
[2019-12-09T03:06:58.339+0000][1][gc           ] GC(23) Pause Young (Allocation Failure) 135M->69M(247M) 107.589ms
[2019-12-09T03:06:58.339+0000][1][gc,cpu       ] GC(23) User=0.05s Sys=0.00s Real=0.11s
[2019-12-09T03:06:58.339+0000][1][safepoint    ] Leaving safepoint region
[2019-12-09T03:06:58.339+0000][1][safepoint    ] Total time for which application threads were stopped: 0.1078093 seconds, Stopping threads took: 0.0000201 seconds
[2019-12-09T03:06:59.345+0000][1][safepoint    ] Application time: 1.0062194 seconds
[2019-12-09T03:06:59.345+0000][1][safepoint    ] Entering safepoint region: Cleanup
[2019-12-09T03:06:59.345+0000][1][safepoint    ] Leaving safepoint region
[2019-12-09T03:06:59.345+0000][1][safepoint    ] Total time for which application threads were stopped: 0.0001075 seconds, Stopping threads took: 0.0000218 seconds
[2019-12-09T03:07:00.347+0000][1][safepoint    ] Application time: 1.0017570 seconds
[2019-12-09T03:07:00.347+0000][1][safepoint    ] Entering safepoint region: Cleanup
[2019-12-09T03:07:00.347+0000][1][safepoint    ] Leaving safepoint region
[2019-12-09T03:07:00.347+0000][1][safepoint    ] Total time for which application threads were stopped: 0.0001050 seconds, Stopping threads took: 0.0000205 seconds
[2019-12-09T03:07:01.349+0000][1][safepoint    ] Application time: 1.0015779 seconds
[2019-12-09T03:07:01.349+0000][1][safepoint    ] Entering safepoint region: Cleanup
[2019-12-09T03:07:01.349+0000][1][safepoint    ] Leaving safepoint region
[2019-12-09T03:07:01.349+0000][1][safepoint    ] Total time for which application threads were stopped: 0.0001313 seconds, Stopping threads took: 0.0000255 seconds
[2019-12-09T03:07:02.350+0000][1][safepoint    ] Application time: 1.0010310 seconds
[2019-12-09T03:07:02.350+0000][1][safepoint    ] Entering safepoint region: Cleanup
[2019-12-09T03:07:02.350+0000][1][safepoint    ] Leaving safepoint region
[2019-12-09T03:07:02.350+0000][1][safepoint    ] Total time for which application threads were stopped: 0.0001096 seconds, Stopping threads took: 0.0000226 seconds
[2019-12-09T03:07:03.352+0000][1][safepoint    ] Application time: 1.0017761 seconds
[2019-12-09T03:07:03.352+0000][1][safepoint    ] Entering safepoint region: Cleanup
[2019-12-09T03:07:03.352+0000][1][safepoint    ] Leaving safepoint region
[2019-12-09T03:07:03.352+0000][1][safepoint    ] Total time for which application threads were stopped: 0.0001102 seconds, Stopping threads took: 0.0000340 seconds
[2019-12-09T03:07:04.352+0000][1][safepoint    ] Application time: 1.0000799 seconds
[2019-12-09T03:07:04.352+0000][1][safepoint    ] Entering safepoint region: Cleanup
[2019-12-09T03:07:04.352+0000][1][safepoint    ] Leaving safepoint region
[2019-12-09T03:07:04.352+0000][1][safepoint    ] Total time for which application threads were stopped: 0.0001083 seconds, Stopping threads took: 0.0000231 seconds
[2019-12-09T03:07:05.353+0000][1][safepoint    ] Application time: 1.0006189 seconds
[2019-12-09T03:07:05.353+0000][1][safepoint    ] Entering safepoint region: Cleanup
[2019-12-09T03:07:05.353+0000][1][safepoint    ] Leaving safepoint region
[2019-12-09T03:07:05.353+0000][1][safepoint    ] Total time for which application threads were stopped: 0.0001141 seconds, Stopping threads took: 0.0000263 seconds
[2019-12-09T03:07:06.355+0000][1][safepoint    ] Application time: 1.0018346 seconds
[2019-12-09T03:07:06.355+0000][1][safepoint    ] Entering safepoint region: Cleanup
[2019-12-09T03:07:06.355+0000][1][safepoint    ] Leaving safepoint region
[2019-12-09T03:07:06.355+0000][1][safepoint    ] Total time for which application threads were stopped: 0.0001088 seconds, Stopping threads took: 0.0000255 seconds
[2019-12-09T03:07:07.358+0000][1][safepoint    ] Application time: 1.0028344 seconds
[2019-12-09T03:07:07.358+0000][1][safepoint    ] Entering safepoint region: Cleanup
[2019-12-09T03:07:07.358+0000][1][safepoint    ] Leaving safepoint region
[2019-12-09T03:07:07.358+0000][1][safepoint    ] Total time for which application threads were stopped: 0.0001177 seconds, Stopping threads took: 0.0000256 seconds
[2019-12-09T03:07:08.359+0000][1][safepoint    ] Application time: 1.0008546 seconds
[2019-12-09T03:07:08.359+0000][1][safepoint    ] Entering safepoint region: Cleanup
[2019-12-09T03:07:08.359+0000][1][safepoint    ] Leaving safepoint region
[2019-12-09T03:07:08.359+0000][1][safepoint    ] Total time for which application threads were stopped: 0.0001271 seconds, Stopping threads took: 0.0000329 seconds
[2019-12-09T03:07:09.362+0000][1][safepoint    ] Application time: 1.0027871 seconds
[2019-12-09T03:07:09.362+0000][1][safepoint    ] Entering safepoint region: Cleanup
[2019-12-09T03:07:09.362+0000][1][safepoint    ] Leaving safepoint region
[2019-12-09T03:07:09.362+0000][1][safepoint    ] Total time for which application threads were stopped: 0.0001106 seconds, Stopping threads took: 0.0000251 seconds
[2019-12-09T03:07:10.363+0000][1][safepoint    ] Application time: 1.0008374 seconds
[2019-12-09T03:07:10.363+0000][1][safepoint    ] Entering safepoint region: Cleanup
[2019-12-09T03:07:10.363+0000][1][safepoint    ] Leaving safepoint region
[2019-12-09T03:07:10.363+0000][1][safepoint    ] Total time for which application threads were stopped: 0.0001189 seconds, Stopping threads took: 0.0000257 seconds
[2019-12-09T03:07:11.368+0000][1][safepoint    ] Application time: 1.0048585 seconds
[2019-12-09T03:07:11.368+0000][1][safepoint    ] Entering safepoint region: Cleanup
[2019-12-09T03:07:11.368+0000][1][safepoint    ] Leaving safepoint region
[2019-12-09T03:07:11.368+0000][1][safepoint    ] Total time for which application threads were stopped: 0.0001168 seconds, Stopping threads took: 0.0000253 seconds
[2019-12-09T03:07:12.369+0000][1][safepoint    ] Application time: 1.0008051 seconds
[2019-12-09T03:07:12.369+0000][1][safepoint    ] Entering safepoint region: Cleanup
[2019-12-09T03:07:12.369+0000][1][safepoint    ] Leaving safepoint region
[2019-12-09T03:07:12.369+0000][1][safepoint    ] Total time for which application threads were stopped: 0.0001058 seconds, Stopping threads took: 0.0000246 seconds
[2019-12-09T03:07:13.369+0000][1][safepoint    ] Application time: 1.0000782 seconds
[2019-12-09T03:07:13.369+0000][1][safepoint    ] Entering safepoint region: Cleanup
[2019-12-09T03:07:13.369+0000][1][safepoint    ] Leaving safepoint region
[2019-12-09T03:07:13.369+0000][1][safepoint    ] Total time for which application threads were stopped: 0.0000927 seconds, Stopping threads took: 0.0000254 seconds
[2019-12-09T03:07:14.369+0000][1][safepoint    ] Application time: 1.0000766 seconds
[2019-12-09T03:07:14.369+0000][1][safepoint    ] Entering safepoint region: Cleanup
[2019-12-09T03:07:14.369+0000][1][safepoint    ] Leaving safepoint region
[2019-12-09T03:07:14.369+0000][1][safepoint    ] Total time for which application threads were stopped: 0.0000849 seconds, Stopping threads took: 0.0000194 seconds
[2019-12-09T03:07:15.369+0000][1][safepoint    ] Application time: 1.0000713 seconds
[2019-12-09T03:07:15.369+0000][1][safepoint    ] Entering safepoint region: Cleanup
[2019-12-09T03:07:15.369+0000][1][safepoint    ] Leaving safepoint region
[2019-12-09T03:07:15.369+0000][1][safepoint    ] Total time for which application threads were stopped: 0.0000791 seconds, Stopping threads took: 0.0000167 seconds
[2019-12-09T03:07:16.370+0000][1][safepoint    ] Application time: 1.0000754 seconds
[2019-12-09T03:07:16.370+0000][1][safepoint    ] Entering safepoint region: Cleanup
[2019-12-09T03:07:16.370+0000][1][safepoint    ] Leaving safepoint region
[2019-12-09T03:07:16.370+0000][1][safepoint    ] Total time for which application threads were stopped: 0.0001001 seconds, Stopping threads took: 0.0000174 seconds
[2019-12-09T03:07:17.370+0000][1][safepoint    ] Application time: 1.0000694 seconds
[2019-12-09T03:07:17.370+0000][1][safepoint    ] Entering safepoint region: Cleanup
[2019-12-09T03:07:17.370+0000][1][safepoint    ] Leaving safepoint region
[2019-12-09T03:07:17.370+0000][1][safepoint    ] Total time for which application threads were stopped: 0.0000934 seconds, Stopping threads took: 0.0000172 seconds
[2019-12-09T03:07:18.370+0000][1][safepoint    ] Application time: 1.0000665 seconds
[2019-12-09T03:07:18.370+0000][1][safepoint    ] Entering safepoint region: Cleanup
[2019-12-09T03:07:18.370+0000][1][safepoint    ] Leaving safepoint region
[2019-12-09T03:07:18.370+0000][1][safepoint    ] Total time for which application threads were stopped: 0.0000978 seconds, Stopping threads took: 0.0000183 seconds
[2019-12-09T03:07:19.370+0000][1][safepoint    ] Application time: 1.0000718 seconds
[2019-12-09T03:07:19.370+0000][1][safepoint    ] Entering safepoint region: Cleanup
[2019-12-09T03:07:19.370+0000][1][safepoint    ] Leaving safepoint region
[2019-12-09T03:07:19.370+0000][1][safepoint    ] Total time for which application threads were stopped: 0.0000912 seconds, Stopping threads took: 0.0000169 seconds
[2019-12-09T03:07:20.370+0000][1][safepoint    ] Application time: 1.0000758 seconds
[2019-12-09T03:07:20.370+0000][1][safepoint    ] Entering safepoint region: Cleanup
[2019-12-09T03:07:20.370+0000][1][safepoint    ] Leaving safepoint region
[2019-12-09T03:07:20.370+0000][1][safepoint    ] Total time for which application threads were stopped: 0.0000784 seconds, Stopping threads took: 0.0000173 seconds
[2019-12-09T03:07:21.371+0000][1][safepoint    ] Application time: 1.0000769 seconds
[2019-12-09T03:07:21.371+0000][1][safepoint    ] Entering safepoint region: Cleanup
[2019-12-09T03:07:21.371+0000][1][safepoint    ] Leaving safepoint region
[2019-12-09T03:07:21.371+0000][1][safepoint    ] Total time for which application threads were stopped: 0.0000950 seconds, Stopping threads took: 0.0000180 seconds
[2019-12-09T03:07:22.371+0000][1][safepoint    ] Application time: 1.0000756 seconds
[2019-12-09T03:07:22.371+0000][1][safepoint    ] Entering safepoint region: Cleanup
[2019-12-09T03:07:22.371+0000][1][safepoint    ] Leaving safepoint region
[2019-12-09T03:07:22.371+0000][1][safepoint    ] Total time for which application threads were stopped: 0.0000788 seconds, Stopping threads took: 0.0000159 seconds
[2019-12-09T03:07:23.371+0000][1][safepoint    ] Application time: 1.0000775 seconds
[2019-12-09T03:07:23.371+0000][1][safepoint    ] Entering safepoint region: Cleanup
[2019-12-09T03:07:23.371+0000][1][safepoint    ] Leaving safepoint region
[2019-12-09T03:07:23.371+0000][1][safepoint    ] Total time for which application threads were stopped: 0.0000788 seconds, Stopping threads took: 0.0000166 seconds
[2019-12-09T03:07:24.371+0000][1][safepoint    ] Application time: 1.0000773 seconds
[2019-12-09T03:07:24.371+0000][1][safepoint    ] Entering safepoint region: Cleanup
[2019-12-09T03:07:24.371+0000][1][safepoint    ] Leaving safepoint region
[2019-12-09T03:07:24.371+0000][1][safepoint    ] Total time for which application threads were stopped: 0.0000840 seconds, Stopping threads took: 0.0000161 seconds
[2019-12-09T03:07:25.371+0000][1][safepoint    ] Application time: 1.0000755 seconds
[2019-12-09T03:07:25.371+0000][1][safepoint    ] Entering safepoint region: Cleanup
[2019-12-09T03:07:25.371+0000][1][safepoint    ] Leaving safepoint region
[2019-12-09T03:07:25.371+0000][1][safepoint    ] Total time for which application threads were stopped: 0.0000831 seconds, Stopping threads took: 0.0000174 seconds
[2019-12-09T03:07:26.372+0000][1][safepoint    ] Application time: 1.0000771 seconds
[2019-12-09T03:07:26.372+0000][1][safepoint    ] Entering safepoint region: Cleanup
[2019-12-09T03:07:26.372+0000][1][safepoint    ] Leaving safepoint region
[2019-12-09T03:07:26.372+0000][1][safepoint    ] Total time for which application threads were stopped: 0.0000915 seconds, Stopping threads took: 0.0000158 seconds
[2019-12-09T03:07:27.372+0000][1][safepoint    ] Application time: 1.0000752 seconds
[2019-12-09T03:07:27.372+0000][1][safepoint    ] Entering safepoint region: Cleanup
[2019-12-09T03:07:27.372+0000][1][safepoint    ] Leaving safepoint region
[2019-12-09T03:07:27.372+0000][1][safepoint    ] Total time for which application threads were stopped: 0.0000878 seconds, Stopping threads took: 0.0000176 seconds
[2019-12-09T03:07:28.372+0000][1][safepoint    ] Application time: 1.0000750 seconds
[2019-12-09T03:07:28.372+0000][1][safepoint    ] Entering safepoint region: Cleanup
[2019-12-09T03:07:28.372+0000][1][safepoint    ] Leaving safepoint region
[2019-12-09T03:07:28.372+0000][1][safepoint    ] Total time for which application threads were stopped: 0.0001086 seconds, Stopping threads took: 0.0000170 seconds
[2019-12-09T03:07:29.372+0000][1][safepoint    ] Application time: 1.0000751 seconds
[2019-12-09T03:07:29.372+0000][1][safepoint    ] Entering safepoint region: Cleanup
[2019-12-09T03:07:29.372+0000][1][safepoint    ] Leaving safepoint region
[2019-12-09T03:07:29.372+0000][1][safepoint    ] Total time for which application threads were stopped: 0.0000824 seconds, Stopping threads took: 0.0000179 seconds
[2019-12-09T03:07:30.372+0000][1][safepoint    ] Application time: 1.0000710 seconds
[2019-12-09T03:07:30.372+0000][1][safepoint    ] Entering safepoint region: Cleanup
[2019-12-09T03:07:30.373+0000][1][safepoint    ] Leaving safepoint region
[2019-12-09T03:07:30.373+0000][1][safepoint    ] Total time for which application threads were stopped: 0.0000817 seconds, Stopping threads took: 0.0000177 seconds
[2019-12-09T03:07:31.373+0000][1][safepoint    ] Application time: 1.0000740 seconds
[2019-12-09T03:07:31.373+0000][1][safepoint    ] Entering safepoint region: Cleanup
[2019-12-09T03:07:31.373+0000][1][safepoint    ] Leaving safepoint region
[2019-12-09T03:07:31.373+0000][1][safepoint    ] Total time for which application threads were stopped: 0.0001009 seconds, Stopping threads took: 0.0000157 seconds
[2019-12-09T03:07:32.373+0000][1][safepoint    ] Application time: 1.0000768 seconds
[2019-12-09T03:07:32.373+0000][1][safepoint    ] Entering safepoint region: Cleanup
[2019-12-09T03:07:32.373+0000][1][safepoint    ] Leaving safepoint region
[2019-12-09T03:07:32.373+0000][1][safepoint    ] Total time for which application threads were stopped: 0.0000873 seconds, Stopping threads took: 0.0000186 seconds
[2019-12-09T03:07:33.373+0000][1][safepoint    ] Application time: 1.0000764 seconds
[2019-12-09T03:07:33.373+0000][1][safepoint    ] Entering safepoint region: Cleanup
[2019-12-09T03:07:33.373+0000][1][safepoint    ] Leaving safepoint region
[2019-12-09T03:07:33.373+0000][1][safepoint    ] Total time for which application threads were stopped: 0.0000822 seconds, Stopping threads took: 0.0000181 seconds
[2019-12-09T03:07:34.373+0000][1][safepoint    ] Application time: 1.0000768 seconds
[2019-12-09T03:07:34.373+0000][1][safepoint    ] Entering safepoint region: Cleanup
[2019-12-09T03:07:34.373+0000][1][safepoint    ] Leaving safepoint region
[2019-12-09T03:07:34.373+0000][1][safepoint    ] Total time for which application threads were stopped: 0.0000845 seconds, Stopping threads took: 0.0000191 seconds
[2019-12-09T03:07:35.373+0000][1][safepoint    ] Application time: 1.0000751 seconds
[2019-12-09T03:07:35.373+0000][1][safepoint    ] Entering safepoint region: Cleanup
[2019-12-09T03:07:35.374+0000][1][safepoint    ] Leaving safepoint region
[2019-12-09T03:07:35.374+0000][1][safepoint    ] Total time for which application threads were stopped: 0.0000834 seconds, Stopping threads took: 0.0000178 seconds
[2019-12-09T03:07:36.374+0000][1][safepoint    ] Application time: 1.0000845 seconds
[2019-12-09T03:07:36.374+0000][1][safepoint    ] Entering safepoint region: Cleanup
[2019-12-09T03:07:36.374+0000][1][safepoint    ] Leaving safepoint region
[2019-12-09T03:07:36.374+0000][1][safepoint    ] Total time for which application threads were stopped: 0.0001216 seconds, Stopping threads took: 0.0000289 seconds
[2019-12-09T03:07:37.374+0000][1][safepoint    ] Application time: 1.0000772 seconds
[2019-12-09T03:07:37.374+0000][1][safepoint    ] Entering safepoint region: Cleanup
[2019-12-09T03:07:37.374+0000][1][safepoint    ] Leaving safepoint region
[2019-12-09T03:07:37.374+0000][1][safepoint    ] Total time for which application threads were stopped: 0.0000862 seconds, Stopping threads took: 0.0000178 seconds
[2019-12-09T03:07:38.374+0000][1][safepoint    ] Application time: 1.0000765 seconds
[2019-12-09T03:07:38.374+0000][1][safepoint    ] Entering safepoint region: Cleanup
[2019-12-09T03:07:38.374+0000][1][safepoint    ] Leaving safepoint region
[2019-12-09T03:07:38.374+0000][1][safepoint    ] Total time for which application threads were stopped: 0.0000867 seconds, Stopping threads took: 0.0000168 seconds
[2019-12-09T03:07:39.374+0000][1][safepoint    ] Application time: 1.0000764 seconds
[2019-12-09T03:07:39.374+0000][1][safepoint    ] Entering safepoint region: Cleanup
[2019-12-09T03:07:39.374+0000][1][safepoint    ] Leaving safepoint region
[2019-12-09T03:07:39.374+0000][1][safepoint    ] Total time for which application threads were stopped: 0.0000880 seconds, Stopping threads took: 0.0000175 seconds
[2019-12-09T03:07:40.375+0000][1][safepoint    ] Application time: 1.0000794 seconds
[2019-12-09T03:07:40.375+0000][1][safepoint    ] Entering safepoint region: Cleanup
[2019-12-09T03:07:40.375+0000][1][safepoint    ] Leaving safepoint region
[2019-12-09T03:07:40.375+0000][1][safepoint    ] Total time for which application threads were stopped: 0.0000865 seconds, Stopping threads took: 0.0000160 seconds
[2019-12-09T03:07:41.375+0000][1][safepoint    ] Application time: 1.0000775 seconds
[2019-12-09T03:07:41.375+0000][1][safepoint    ] Entering safepoint region: Cleanup
[2019-12-09T03:07:41.375+0000][1][safepoint    ] Leaving safepoint region
[2019-12-09T03:07:41.375+0000][1][safepoint    ] Total time for which application threads were stopped: 0.0000777 seconds, Stopping threads took: 0.0000159 seconds
[2019-12-09T03:07:42.375+0000][1][safepoint    ] Application time: 1.0000760 seconds
[2019-12-09T03:07:42.375+0000][1][safepoint    ] Entering safepoint region: Cleanup
[2019-12-09T03:07:42.375+0000][1][safepoint    ] Leaving safepoint region
[2019-12-09T03:07:42.375+0000][1][safepoint    ] Total time for which application threads were stopped: 0.0000845 seconds, Stopping threads took: 0.0000183 seconds
[2019-12-09T03:07:43.375+0000][1][safepoint    ] Application time: 1.0000762 seconds
[2019-12-09T03:07:43.375+0000][1][safepoint    ] Entering safepoint region: Cleanup
[2019-12-09T03:07:43.375+0000][1][safepoint    ] Leaving safepoint region
[2019-12-09T03:07:43.375+0000][1][safepoint    ] Total time for which application threads were stopped: 0.0000847 seconds, Stopping threads took: 0.0000175 seconds
[2019-12-09T03:07:45.375+0000][1][safepoint    ] Application time: 2.0001427 seconds
[2019-12-09T03:07:45.375+0000][1][safepoint    ] Entering safepoint region: Cleanup
[2019-12-09T03:07:45.375+0000][1][safepoint    ] Leaving safepoint region
[2019-12-09T03:07:45.376+0000][1][safepoint    ] Total time for which application threads were stopped: 0.0000863 seconds, Stopping threads took: 0.0000242 seconds
[2019-12-09T03:07:46.376+0000][1][safepoint    ] Application time: 1.0000769 seconds
[2019-12-09T03:07:46.376+0000][1][safepoint    ] Entering safepoint region: Cleanup
[2019-12-09T03:07:46.376+0000][1][safepoint    ] Leaving safepoint region
[2019-12-09T03:07:46.376+0000][1][safepoint    ] Total time for which application threads were stopped: 0.0000934 seconds, Stopping threads took: 0.0000186 seconds
[2019-12-09T03:07:48.376+0000][1][safepoint    ] Application time: 2.0001437 seconds
[2019-12-09T03:07:48.376+0000][1][safepoint    ] Entering safepoint region: Cleanup
[2019-12-09T03:07:48.376+0000][1][safepoint    ] Leaving safepoint region
[2019-12-09T03:07:48.376+0000][1][safepoint    ] Total time for which application threads were stopped: 0.0000900 seconds, Stopping threads took: 0.0000224 seconds
[2019-12-09T03:07:49.376+0000][1][safepoint    ] Application time: 1.0000762 seconds
[2019-12-09T03:07:49.376+0000][1][safepoint    ] Entering safepoint region: Cleanup
[2019-12-09T03:07:49.376+0000][1][safepoint    ] Leaving safepoint region
[2019-12-09T03:07:49.376+0000][1][safepoint    ] Total time for which application threads were stopped: 0.0000799 seconds, Stopping threads took: 0.0000162 seconds
[2019-12-09T03:07:50.376+0000][1][safepoint    ] Application time: 1.0000785 seconds
[2019-12-09T03:07:50.376+0000][1][safepoint    ] Entering safepoint region: Cleanup
[2019-12-09T03:07:50.376+0000][1][safepoint    ] Leaving safepoint region
[2019-12-09T03:07:50.376+0000][1][safepoint    ] Total time for which application threads were stopped: 0.0000757 seconds, Stopping threads took: 0.0000154 seconds
[2019-12-09T03:07:51.376+0000][1][safepoint    ] Application time: 1.0000770 seconds
[2019-12-09T03:07:51.377+0000][1][safepoint    ] Entering safepoint region: Cleanup
[2019-12-09T03:07:51.377+0000][1][safepoint    ] Leaving safepoint region
[2019-12-09T03:07:51.377+0000][1][safepoint    ] Total time for which application threads were stopped: 0.0000850 seconds, Stopping threads took: 0.0000180 seconds
[2019-12-09T03:07:52.377+0000][1][safepoint    ] Application time: 1.0000859 seconds
[2019-12-09T03:07:52.377+0000][1][safepoint    ] Entering safepoint region: Cleanup
[2019-12-09T03:07:52.377+0000][1][safepoint    ] Leaving safepoint region
[2019-12-09T03:07:52.377+0000][1][safepoint    ] Total time for which application threads were stopped: 0.0000759 seconds, Stopping threads took: 0.0000155 seconds
[2019-12-09T03:07:55.377+0000][1][safepoint    ] Application time: 3.0002093 seconds
[2019-12-09T03:07:55.377+0000][1][safepoint    ] Entering safepoint region: Cleanup
[2019-12-09T03:07:55.377+0000][1][safepoint    ] Leaving safepoint region
[2019-12-09T03:07:55.377+0000][1][safepoint    ] Total time for which application threads were stopped: 0.0000804 seconds, Stopping threads took: 0.0000172 seconds
[2019-12-09T03:07:56.377+0000][1][safepoint    ] Application time: 1.0000751 seconds
[2019-12-09T03:07:56.377+0000][1][safepoint    ] Entering safepoint region: Cleanup
[2019-12-09T03:07:56.377+0000][1][safepoint    ] Leaving safepoint region
[2019-12-09T03:07:56.377+0000][1][safepoint    ] Total time for which application threads were stopped: 0.0000833 seconds, Stopping threads took: 0.0000174 seconds
[2019-12-09T03:07:57.377+0000][1][safepoint    ] Application time: 1.0000770 seconds
[2019-12-09T03:07:57.377+0000][1][safepoint    ] Entering safepoint region: Cleanup
[2019-12-09T03:07:57.378+0000][1][safepoint    ] Leaving safepoint region
[2019-12-09T03:07:57.378+0000][1][safepoint    ] Total time for which application threads were stopped: 0.0000882 seconds, Stopping threads took: 0.0000174 seconds
[2019-12-09T03:07:59.378+0000][1][safepoint    ] Application time: 2.0001430 seconds
[2019-12-09T03:07:59.378+0000][1][safepoint    ] Entering safepoint region: Cleanup
[2019-12-09T03:07:59.378+0000][1][safepoint    ] Leaving safepoint region
[2019-12-09T03:07:59.378+0000][1][safepoint    ] Total time for which application threads were stopped: 0.0000823 seconds, Stopping threads took: 0.0000165 seconds
[2019-12-09T03:08:00.378+0000][1][safepoint    ] Application time: 1.0000767 seconds
[2019-12-09T03:08:00.378+0000][1][safepoint    ] Entering safepoint region: Cleanup
[2019-12-09T03:08:00.378+0000][1][safepoint    ] Leaving safepoint region
[2019-12-09T03:08:00.378+0000][1][safepoint    ] Total time for which application threads were stopped: 0.0000851 seconds, Stopping threads took: 0.0000167 seconds
[2019-12-09T03:08:01.378+0000][1][safepoint    ] Application time: 1.0000794 seconds
[2019-12-09T03:08:01.378+0000][1][safepoint    ] Entering safepoint region: Cleanup
[2019-12-09T03:08:01.378+0000][1][safepoint    ] Leaving safepoint region
[2019-12-09T03:08:01.378+0000][1][safepoint    ] Total time for which application threads were stopped: 0.0000877 seconds, Stopping threads took: 0.0000188 seconds
[2019-12-09T03:08:03.378+0000][1][safepoint    ] Application time: 2.0001477 seconds
[2019-12-09T03:08:03.378+0000][1][safepoint    ] Entering safepoint region: Cleanup
[2019-12-09T03:08:03.378+0000][1][safepoint    ] Leaving safepoint region
[2019-12-09T03:08:03.378+0000][1][safepoint    ] Total time for which application threads were stopped: 0.0000773 seconds, Stopping threads took: 0.0000167 seconds
[2019-12-09T03:08:04.379+0000][1][safepoint    ] Application time: 1.0000762 seconds
[2019-12-09T03:08:04.379+0000][1][safepoint    ] Entering safepoint region: Cleanup
[2019-12-09T03:08:04.379+0000][1][safepoint    ] Leaving safepoint region
[2019-12-09T03:08:04.379+0000][1][safepoint    ] Total time for which application threads were stopped: 0.0000894 seconds, Stopping threads took: 0.0000178 seconds
[2019-12-09T03:08:09.379+0000][1][safepoint    ] Application time: 5.0003457 seconds
[2019-12-09T03:08:09.379+0000][1][safepoint    ] Entering safepoint region: Cleanup
[2019-12-09T03:08:09.379+0000][1][safepoint    ] Leaving safepoint region
[2019-12-09T03:08:09.379+0000][1][safepoint    ] Total time for which application threads were stopped: 0.0000824 seconds, Stopping threads took: 0.0000177 seconds
[2019-12-09T03:08:10.379+0000][1][safepoint    ] Application time: 1.0000762 seconds
[2019-12-09T03:08:10.379+0000][1][safepoint    ] Entering safepoint region: Cleanup
[2019-12-09T03:08:10.379+0000][1][safepoint    ] Leaving safepoint region
[2019-12-09T03:08:10.379+0000][1][safepoint    ] Total time for which application threads were stopped: 0.0000780 seconds, Stopping threads took: 0.0000157 seconds
[2019-12-09T03:08:12.380+0000][1][safepoint    ] Application time: 2.0001432 seconds
[2019-12-09T03:08:12.380+0000][1][safepoint    ] Entering safepoint region: Cleanup
[2019-12-09T03:08:12.380+0000][1][safepoint    ] Leaving safepoint region
[2019-12-09T03:08:12.380+0000][1][safepoint    ] Total time for which application threads were stopped: 0.0000824 seconds, Stopping threads took: 0.0000183 seconds
[2019-12-09T03:08:13.380+0000][1][safepoint    ] Application time: 1.0000775 seconds
[2019-12-09T03:08:13.380+0000][1][safepoint    ] Entering safepoint region: Cleanup
[2019-12-09T03:08:13.380+0000][1][safepoint    ] Leaving safepoint region
[2019-12-09T03:08:13.380+0000][1][safepoint    ] Total time for which application threads were stopped: 0.0000787 seconds, Stopping threads took: 0.0000156 seconds
[2019-12-09T03:08:14.380+0000][1][safepoint    ] Application time: 1.0000895 seconds
[2019-12-09T03:08:14.380+0000][1][safepoint    ] Entering safepoint region: Cleanup
[2019-12-09T03:08:14.380+0000][1][safepoint    ] Leaving safepoint region
[2019-12-09T03:08:14.380+0000][1][safepoint    ] Total time for which application threads were stopped: 0.0001310 seconds, Stopping threads took: 0.0000362 seconds
[2019-12-09T03:08:17.380+0000][1][safepoint    ] Application time: 3.0002098 seconds
[2019-12-09T03:08:17.380+0000][1][safepoint    ] Entering safepoint region: Cleanup
[2019-12-09T03:08:17.380+0000][1][safepoint    ] Leaving safepoint region
[2019-12-09T03:08:17.380+0000][1][safepoint    ] Total time for which application threads were stopped: 0.0000832 seconds, Stopping threads took: 0.0000164 seconds
[2019-12-09T03:08:18.381+0000][1][safepoint    ] Application time: 1.0000762 seconds
[2019-12-09T03:08:18.381+0000][1][safepoint    ] Entering safepoint region: Cleanup
[2019-12-09T03:08:18.381+0000][1][safepoint    ] Leaving safepoint region
[2019-12-09T03:08:18.381+0000][1][safepoint    ] Total time for which application threads were stopped: 0.0000798 seconds, Stopping threads took: 0.0000166 seconds
[2019-12-09T03:08:19.381+0000][1][safepoint    ] Application time: 1.0000762 seconds
[2019-12-09T03:08:19.381+0000][1][safepoint    ] Entering safepoint region: Cleanup
[2019-12-09T03:08:19.381+0000][1][safepoint    ] Leaving safepoint region
[2019-12-09T03:08:19.381+0000][1][safepoint    ] Total time for which application threads were stopped: 0.0000770 seconds, Stopping threads took: 0.0000147 seconds
[2019-12-09T03:08:21.381+0000][1][safepoint    ] Application time: 2.0001420 seconds
[2019-12-09T03:08:21.381+0000][1][safepoint    ] Entering safepoint region: Cleanup
[2019-12-09T03:08:21.381+0000][1][safepoint    ] Leaving safepoint region
[2019-12-09T03:08:21.381+0000][1][safepoint    ] Total time for which application threads were stopped: 0.0000765 seconds, Stopping threads took: 0.0000154 seconds
[2019-12-09T03:08:26.381+0000][1][safepoint    ] Application time: 5.0003398 seconds
[2019-12-09T03:08:26.381+0000][1][safepoint    ] Entering safepoint region: Cleanup
[2019-12-09T03:08:26.382+0000][1][safepoint    ] Leaving safepoint region
[2019-12-09T03:08:26.382+0000][1][safepoint    ] Total time for which application threads were stopped: 0.0000795 seconds, Stopping threads took: 0.0000172 seconds
[2019-12-09T03:08:27.382+0000][1][safepoint    ] Application time: 1.0000794 seconds
[2019-12-09T03:08:27.382+0000][1][safepoint    ] Entering safepoint region: Cleanup
[2019-12-09T03:08:27.382+0000][1][safepoint    ] Leaving safepoint region
[2019-12-09T03:08:27.382+0000][1][safepoint    ] Total time for which application threads were stopped: 0.0000809 seconds, Stopping threads took: 0.0000181 seconds
[2019-12-09T03:08:28.382+0000][1][safepoint    ] Application time: 1.0000763 seconds
[2019-12-09T03:08:28.382+0000][1][safepoint    ] Entering safepoint region: Cleanup
[2019-12-09T03:08:28.382+0000][1][safepoint    ] Leaving safepoint region
[2019-12-09T03:08:28.382+0000][1][safepoint    ] Total time for which application threads were stopped: 0.0000767 seconds, Stopping threads took: 0.0000157 seconds
[2019-12-09T03:08:33.382+0000][1][safepoint    ] Application time: 5.0003420 seconds
[2019-12-09T03:08:33.382+0000][1][safepoint    ] Entering safepoint region: Cleanup
[2019-12-09T03:08:33.382+0000][1][safepoint    ] Leaving safepoint region
[2019-12-09T03:08:33.382+0000][1][safepoint    ] Total time for which application threads were stopped: 0.0000818 seconds, Stopping threads took: 0.0000186 seconds
[2019-12-09T03:08:35.383+0000][1][safepoint    ] Application time: 2.0001433 seconds
[2019-12-09T03:08:35.383+0000][1][safepoint    ] Entering safepoint region: Cleanup
[2019-12-09T03:08:35.383+0000][1][safepoint    ] Leaving safepoint region
[2019-12-09T03:08:35.383+0000][1][safepoint    ] Total time for which application threads were stopped: 0.0000888 seconds, Stopping threads took: 0.0000164 seconds
[2019-12-09T03:08:36.383+0000][1][safepoint    ] Application time: 1.0000763 seconds
[2019-12-09T03:08:36.383+0000][1][safepoint    ] Entering safepoint region: Cleanup
[2019-12-09T03:08:36.383+0000][1][safepoint    ] Leaving safepoint region
[2019-12-09T03:08:36.383+0000][1][safepoint    ] Total time for which application threads were stopped: 0.0000786 seconds, Stopping threads took: 0.0000171 seconds
[2019-12-09T03:08:38.383+0000][1][safepoint    ] Application time: 2.0001408 seconds
[2019-12-09T03:08:38.383+0000][1][safepoint    ] Entering safepoint region: Cleanup
[2019-12-09T03:08:38.383+0000][1][safepoint    ] Leaving safepoint region
[2019-12-09T03:08:38.383+0000][1][safepoint    ] Total time for which application threads were stopped: 0.0000788 seconds, Stopping threads took: 0.0000160 seconds
[2019-12-09T03:08:40.383+0000][1][safepoint    ] Application time: 2.0001427 seconds
[2019-12-09T03:08:40.383+0000][1][safepoint    ] Entering safepoint region: Cleanup
[2019-12-09T03:08:40.383+0000][1][safepoint    ] Leaving safepoint region
[2019-12-09T03:08:40.383+0000][1][safepoint    ] Total time for which application threads were stopped: 0.0000862 seconds, Stopping threads took: 0.0000172 seconds
[2019-12-09T03:08:43.384+0000][1][safepoint    ] Application time: 3.0002096 seconds
[2019-12-09T03:08:43.384+0000][1][safepoint    ] Entering safepoint region: Cleanup
[2019-12-09T03:08:43.384+0000][1][safepoint    ] Leaving safepoint region
[2019-12-09T03:08:43.384+0000][1][safepoint    ] Total time for which application threads were stopped: 0.0000902 seconds, Stopping threads took: 0.0000261 seconds
[2019-12-09T03:08:47.384+0000][1][safepoint    ] Application time: 4.0002790 seconds
[2019-12-09T03:08:47.384+0000][1][safepoint    ] Entering safepoint region: Cleanup
[2019-12-09T03:08:47.384+0000][1][safepoint    ] Leaving safepoint region
[2019-12-09T03:08:47.384+0000][1][safepoint    ] Total time for which application threads were stopped: 0.0000865 seconds, Stopping threads took: 0.0000238 seconds
[2019-12-09T03:08:50.384+0000][1][safepoint    ] Application time: 3.0002085 seconds
[2019-12-09T03:08:50.384+0000][1][safepoint    ] Entering safepoint region: Cleanup
[2019-12-09T03:08:50.384+0000][1][safepoint    ] Leaving safepoint region
[2019-12-09T03:08:50.384+0000][1][safepoint    ] Total time for which application threads were stopped: 0.0000770 seconds, Stopping threads took: 0.0000162 seconds
[2019-12-09T03:08:51.385+0000][1][safepoint    ] Application time: 1.0000778 seconds
[2019-12-09T03:08:51.385+0000][1][safepoint    ] Entering safepoint region: Cleanup
[2019-12-09T03:08:51.385+0000][1][safepoint    ] Leaving safepoint region
[2019-12-09T03:08:51.385+0000][1][safepoint    ] Total time for which application threads were stopped: 0.0000875 seconds, Stopping threads took: 0.0000150 seconds
[2019-12-09T03:08:52.385+0000][1][safepoint    ] Application time: 1.0000774 seconds
[2019-12-09T03:08:52.385+0000][1][safepoint    ] Entering safepoint region: Cleanup
[2019-12-09T03:08:52.385+0000][1][safepoint    ] Leaving safepoint region
[2019-12-09T03:08:52.385+0000][1][safepoint    ] Total time for which application threads were stopped: 0.0000839 seconds, Stopping threads took: 0.0000184 seconds
[2019-12-09T03:08:53.385+0000][1][safepoint    ] Application time: 1.0000749 seconds
[2019-12-09T03:08:53.385+0000][1][safepoint    ] Entering safepoint region: Cleanup
[2019-12-09T03:08:53.385+0000][1][safepoint    ] Leaving safepoint region
[2019-12-09T03:08:53.385+0000][1][safepoint    ] Total time for which application threads were stopped: 0.0000791 seconds, Stopping threads took: 0.0000160 seconds
[2019-12-09T03:08:54.385+0000][1][safepoint    ] Application time: 1.0000763 seconds
[2019-12-09T03:08:54.385+0000][1][safepoint    ] Entering safepoint region: Cleanup
[2019-12-09T03:08:54.385+0000][1][safepoint    ] Leaving safepoint region
[2019-12-09T03:08:54.385+0000][1][safepoint    ] Total time for which application threads were stopped: 0.0000813 seconds, Stopping threads took: 0.0000167 seconds
[2019-12-09T03:09:00.386+0000][1][safepoint    ] Application time: 6.0003822 seconds
[2019-12-09T03:09:00.386+0000][1][safepoint    ] Entering safepoint region: Cleanup
[2019-12-09T03:09:00.386+0000][1][safepoint    ] Leaving safepoint region
[2019-12-09T03:09:00.386+0000][1][safepoint    ] Total time for which application threads were stopped: 0.0000869 seconds, Stopping threads took: 0.0000184 seconds
[2019-12-09T03:09:02.386+0000][1][safepoint    ] Application time: 2.0001400 seconds
[2019-12-09T03:09:02.386+0000][1][safepoint    ] Entering safepoint region: Cleanup
[2019-12-09T03:09:02.386+0000][1][safepoint    ] Leaving safepoint region
[2019-12-09T03:09:02.386+0000][1][safepoint    ] Total time for which application threads were stopped: 0.0000789 seconds, Stopping threads took: 0.0000157 seconds
[2019-12-09T03:09:03.386+0000][1][safepoint    ] Application time: 1.0000775 seconds
[2019-12-09T03:09:03.386+0000][1][safepoint    ] Entering safepoint region: Cleanup
[2019-12-09T03:09:03.386+0000][1][safepoint    ] Leaving safepoint region
[2019-12-09T03:09:03.386+0000][1][safepoint    ] Total time for which application threads were stopped: 0.0000815 seconds, Stopping threads took: 0.0000161 seconds
[2019-12-09T03:09:04.386+0000][1][safepoint    ] Application time: 1.0000765 seconds
[2019-12-09T03:09:04.386+0000][1][safepoint    ] Entering safepoint region: Cleanup
[2019-12-09T03:09:04.386+0000][1][safepoint    ] Leaving safepoint region
[2019-12-09T03:09:04.386+0000][1][safepoint    ] Total time for which application threads were stopped: 0.0000800 seconds, Stopping threads took: 0.0000170 seconds
[2019-12-09T03:09:05.352+0000][1][safepoint    ] Application time: 0.9654263 seconds
[2019-12-09T03:09:05.352+0000][1][safepoint    ] Entering safepoint region: GenCollectForAllocation
[2019-12-09T03:09:05.352+0000][1][gc,start     ] GC(24) Pause Young (Allocation Failure)
[2019-12-09T03:09:05.352+0000][1][gc,task      ] GC(24) Using 2 workers of 2 for evacuation
[2019-12-09T03:09:05.368+0000][1][gc,age       ] GC(24) Desired survivor size 4456448 bytes, new threshold 6 (max threshold 6)
[2019-12-09T03:09:05.368+0000][1][gc,age       ] GC(24) Age table with threshold 6 (max threshold 6)
[2019-12-09T03:09:05.368+0000][1][gc,age       ] GC(24) - age   1:      29144 bytes,      29144 total
[2019-12-09T03:09:05.368+0000][1][gc,age       ] GC(24) - age   2:    1821384 bytes,    1850528 total
[2019-12-09T03:09:05.368+0000][1][gc,heap      ] GC(24) ParNew: 76773K->5692K(78656K)
[2019-12-09T03:09:05.368+0000][1][gc,heap      ] GC(24) CMS: 64235K->67881K(174784K)
[2019-12-09T03:09:05.368+0000][1][gc,metaspace ] GC(24) Metaspace: 68650K->68650K(1112064K)
[2019-12-09T03:09:05.368+0000][1][gc           ] GC(24) Pause Young (Allocation Failure) 137M->71M(247M) 16.422ms
[2019-12-09T03:09:05.368+0000][1][gc,cpu       ] GC(24) User=0.03s Sys=0.00s Real=0.02s
[2019-12-09T03:09:05.369+0000][1][safepoint    ] Leaving safepoint region
[2019-12-09T03:09:05.369+0000][1][safepoint    ] Total time for which application threads were stopped: 0.0165768 seconds, Stopping threads took: 0.0000174 seconds
[2019-12-09T03:09:07.369+0000][1][safepoint    ] Application time: 2.0001621 seconds
[2019-12-09T03:09:07.369+0000][1][safepoint    ] Entering safepoint region: Cleanup
[2019-12-09T03:09:07.369+0000][1][safepoint    ] Leaving safepoint region
[2019-12-09T03:09:07.369+0000][1][safepoint    ] Total time for which application threads were stopped: 0.0000868 seconds, Stopping threads took: 0.0000189 seconds
[2019-12-09T03:09:10.369+0000][1][safepoint    ] Application time: 3.0002112 seconds
[2019-12-09T03:09:10.369+0000][1][safepoint    ] Entering safepoint region: Cleanup
[2019-12-09T03:09:10.369+0000][1][safepoint    ] Leaving safepoint region
[2019-12-09T03:09:10.369+0000][1][safepoint    ] Total time for which application threads were stopped: 0.0000844 seconds, Stopping threads took: 0.0000168 seconds
[2019-12-09T03:09:11.369+0000][1][safepoint    ] Application time: 1.0000750 seconds
[2019-12-09T03:09:11.369+0000][1][safepoint    ] Entering safepoint region: Cleanup
[2019-12-09T03:09:11.369+0000][1][safepoint    ] Leaving safepoint region
[2019-12-09T03:09:11.369+0000][1][safepoint    ] Total time for which application threads were stopped: 0.0000889 seconds, Stopping threads took: 0.0000170 seconds
[2019-12-09T03:09:13.370+0000][1][safepoint    ] Application time: 2.0001422 seconds
[2019-12-09T03:09:13.370+0000][1][safepoint    ] Entering safepoint region: Cleanup
[2019-12-09T03:09:13.370+0000][1][safepoint    ] Leaving safepoint region
[2019-12-09T03:09:13.370+0000][1][safepoint    ] Total time for which application threads were stopped: 0.0000858 seconds, Stopping threads took: 0.0000189 seconds
[2019-12-09T03:09:16.370+0000][1][safepoint    ] Application time: 3.0002076 seconds
[2019-12-09T03:09:16.370+0000][1][safepoint    ] Entering safepoint region: Cleanup
[2019-12-09T03:09:16.370+0000][1][safepoint    ] Leaving safepoint region
[2019-12-09T03:09:16.370+0000][1][safepoint    ] Total time for which application threads were stopped: 0.0001002 seconds, Stopping threads took: 0.0000263 seconds
[2019-12-09T03:09:17.370+0000][1][safepoint    ] Application time: 1.0000772 seconds
[2019-12-09T03:09:17.370+0000][1][safepoint    ] Entering safepoint region: Cleanup
[2019-12-09T03:09:17.370+0000][1][safepoint    ] Leaving safepoint region
[2019-12-09T03:09:17.370+0000][1][safepoint    ] Total time for which application threads were stopped: 0.0000810 seconds, Stopping threads took: 0.0000170 seconds
[2019-12-09T03:09:19.168+0000][1][safepoint    ] Application time: 1.7978055 seconds
[2019-12-09T03:09:19.168+0000][1][safepoint    ] Entering safepoint region: Cleanup
[2019-12-09T03:09:19.168+0000][1][safepoint    ] Leaving safepoint region
[2019-12-09T03:09:19.168+0000][1][safepoint    ] Total time for which application threads were stopped: 0.0000653 seconds, Stopping threads took: 0.0000150 seconds
[2019-12-09T03:09:20.168+0000][1][safepoint    ] Application time: 1.0000795 seconds
[2019-12-09T03:09:20.168+0000][1][safepoint    ] Entering safepoint region: Cleanup
[2019-12-09T03:09:20.168+0000][1][safepoint    ] Leaving safepoint region
[2019-12-09T03:09:20.168+0000][1][safepoint    ] Total time for which application threads were stopped: 0.0001686 seconds, Stopping threads took: 0.0000171 seconds
[2019-12-09T03:09:22.026+0000][1][safepoint    ] Application time: 1.8574226 seconds
[2019-12-09T03:09:22.026+0000][1][safepoint    ] Entering safepoint region: Cleanup
[2019-12-09T03:09:22.026+0000][1][safepoint    ] Leaving safepoint region
[2019-12-09T03:09:22.026+0000][1][safepoint    ] Total time for which application threads were stopped: 0.0001087 seconds, Stopping threads took: 0.0000254 seconds
[2019-12-09T03:09:24.026+0000][1][safepoint    ] Application time: 2.0001520 seconds
[2019-12-09T03:09:24.026+0000][1][safepoint    ] Entering safepoint region: Cleanup
[2019-12-09T03:09:24.026+0000][1][safepoint    ] Leaving safepoint region
[2019-12-09T03:09:24.026+0000][1][safepoint    ] Total time for which application threads were stopped: 0.0000842 seconds, Stopping threads took: 0.0000179 seconds
[2019-12-09T03:09:25.026+0000][1][safepoint    ] Application time: 1.0000822 seconds
[2019-12-09T03:09:25.026+0000][1][safepoint    ] Entering safepoint region: Cleanup
[2019-12-09T03:09:25.026+0000][1][safepoint    ] Leaving safepoint region
[2019-12-09T03:09:25.026+0000][1][safepoint    ] Total time for which application threads were stopped: 0.0000882 seconds, Stopping threads took: 0.0000181 seconds
[2019-12-09T03:09:38.028+0000][1][safepoint    ] Application time: 13.0018217 seconds
[2019-12-09T03:09:38.028+0000][1][safepoint    ] Entering safepoint region: Cleanup
[2019-12-09T03:09:38.028+0000][1][safepoint    ] Leaving safepoint region
[2019-12-09T03:09:38.028+0000][1][safepoint    ] Total time for which application threads were stopped: 0.0000845 seconds, Stopping threads took: 0.0000175 seconds
[2019-12-09T03:09:41.029+0000][1][safepoint    ] Application time: 3.0002218 seconds
[2019-12-09T03:09:41.029+0000][1][safepoint    ] Entering safepoint region: Cleanup
[2019-12-09T03:09:41.029+0000][1][safepoint    ] Leaving safepoint region
[2019-12-09T03:09:41.029+0000][1][safepoint    ] Total time for which application threads were stopped: 0.0001475 seconds, Stopping threads took: 0.0000733 seconds
[2019-12-09T03:09:43.029+0000][1][safepoint    ] Application time: 2.0001609 seconds
[2019-12-09T03:09:43.029+0000][1][safepoint    ] Entering safepoint region: Cleanup
[2019-12-09T03:09:43.029+0000][1][safepoint    ] Leaving safepoint region
[2019-12-09T03:09:43.029+0000][1][safepoint    ] Total time for which application threads were stopped: 0.0001141 seconds, Stopping threads took: 0.0000254 seconds
[2019-12-09T03:09:46.029+0000][1][safepoint    ] Application time: 3.0002188 seconds
[2019-12-09T03:09:46.029+0000][1][safepoint    ] Entering safepoint region: Cleanup
[2019-12-09T03:09:46.029+0000][1][safepoint    ] Leaving safepoint region
[2019-12-09T03:09:46.029+0000][1][safepoint    ] Total time for which application threads were stopped: 0.0000928 seconds, Stopping threads took: 0.0000261 seconds
[2019-12-09T03:09:49.030+0000][1][safepoint    ] Application time: 3.0002127 seconds
[2019-12-09T03:09:49.030+0000][1][safepoint    ] Entering safepoint region: Cleanup
[2019-12-09T03:09:49.030+0000][1][safepoint    ] Leaving safepoint region
[2019-12-09T03:09:49.030+0000][1][safepoint    ] Total time for which application threads were stopped: 0.0000818 seconds, Stopping threads took: 0.0000172 seconds
[2019-12-09T03:09:54.032+0000][1][safepoint    ] Application time: 5.0019449 seconds
[2019-12-09T03:09:54.032+0000][1][safepoint    ] Entering safepoint region: Cleanup
[2019-12-09T03:09:54.032+0000][1][safepoint    ] Leaving safepoint region
[2019-12-09T03:09:54.032+0000][1][safepoint    ] Total time for which application threads were stopped: 0.0000858 seconds, Stopping threads took: 0.0000178 seconds
[2019-12-09T03:10:00.032+0000][1][safepoint    ] Application time: 6.0004250 seconds
[2019-12-09T03:10:00.032+0000][1][safepoint    ] Entering safepoint region: Cleanup
[2019-12-09T03:10:00.032+0000][1][safepoint    ] Leaving safepoint region
[2019-12-09T03:10:00.032+0000][1][safepoint    ] Total time for which application threads were stopped: 0.0000959 seconds, Stopping threads took: 0.0000214 seconds
[2019-12-09T03:10:02.033+0000][1][safepoint    ] Application time: 2.0001454 seconds
[2019-12-09T03:10:02.033+0000][1][safepoint    ] Entering safepoint region: Cleanup
[2019-12-09T03:10:02.033+0000][1][safepoint    ] Leaving safepoint region
[2019-12-09T03:10:02.033+0000][1][safepoint    ] Total time for which application threads were stopped: 0.0001069 seconds, Stopping threads took: 0.0000339 seconds
[2019-12-09T03:10:06.034+0000][1][safepoint    ] Application time: 4.0011717 seconds
[2019-12-09T03:10:06.034+0000][1][safepoint    ] Entering safepoint region: Cleanup
[2019-12-09T03:10:06.034+0000][1][safepoint    ] Leaving safepoint region
[2019-12-09T03:10:06.034+0000][1][safepoint    ] Total time for which application threads were stopped: 0.0000820 seconds, Stopping threads took: 0.0000168 seconds
[2019-12-09T03:10:08.035+0000][1][safepoint    ] Application time: 2.0007698 seconds
[2019-12-09T03:10:08.035+0000][1][safepoint    ] Entering safepoint region: Cleanup
[2019-12-09T03:10:08.035+0000][1][safepoint    ] Leaving safepoint region
[2019-12-09T03:10:08.035+0000][1][safepoint    ] Total time for which application threads were stopped: 0.0001029 seconds, Stopping threads took: 0.0000208 seconds
[2019-12-09T03:10:10.035+0000][1][safepoint    ] Application time: 2.0001923 seconds
[2019-12-09T03:10:10.035+0000][1][safepoint    ] Entering safepoint region: Cleanup
[2019-12-09T03:10:10.035+0000][1][safepoint    ] Leaving safepoint region
[2019-12-09T03:10:10.035+0000][1][safepoint    ] Total time for which application threads were stopped: 0.0001226 seconds, Stopping threads took: 0.0000229 seconds
[2019-12-09T03:10:12.035+0000][1][safepoint    ] Application time: 2.0001445 seconds
[2019-12-09T03:10:12.036+0000][1][safepoint    ] Entering safepoint region: Cleanup
[2019-12-09T03:10:12.036+0000][1][safepoint    ] Leaving safepoint region
[2019-12-09T03:10:12.036+0000][1][safepoint    ] Total time for which application threads were stopped: 0.0000866 seconds, Stopping threads took: 0.0000178 seconds
[2019-12-09T03:10:16.036+0000][1][safepoint    ] Application time: 4.0002808 seconds
[2019-12-09T03:10:16.036+0000][1][safepoint    ] Entering safepoint region: Cleanup
[2019-12-09T03:10:16.036+0000][1][safepoint    ] Leaving safepoint region
[2019-12-09T03:10:16.036+0000][1][safepoint    ] Total time for which application threads were stopped: 0.0000972 seconds, Stopping threads took: 0.0000262 seconds
[2019-12-09T03:10:18.036+0000][1][safepoint    ] Application time: 2.0001454 seconds
[2019-12-09T03:10:18.036+0000][1][safepoint    ] Entering safepoint region: Cleanup
[2019-12-09T03:10:18.036+0000][1][safepoint    ] Leaving safepoint region
[2019-12-09T03:10:18.036+0000][1][safepoint    ] Total time for which application threads were stopped: 0.0000864 seconds, Stopping threads took: 0.0000177 seconds
[2019-12-09T03:10:20.036+0000][1][safepoint    ] Application time: 2.0001444 seconds
[2019-12-09T03:10:20.037+0000][1][safepoint    ] Entering safepoint region: Cleanup
[2019-12-09T03:10:20.037+0000][1][safepoint    ] Leaving safepoint region
[2019-12-09T03:10:20.037+0000][1][safepoint    ] Total time for which application threads were stopped: 0.0000819 seconds, Stopping threads took: 0.0000175 seconds
[2019-12-09T03:10:22.037+0000][1][safepoint    ] Application time: 2.0001418 seconds
[2019-12-09T03:10:22.037+0000][1][safepoint    ] Entering safepoint region: Cleanup
[2019-12-09T03:10:22.037+0000][1][safepoint    ] Leaving safepoint region
[2019-12-09T03:10:22.037+0000][1][safepoint    ] Total time for which application threads were stopped: 0.0000848 seconds, Stopping threads took: 0.0000179 seconds
[2019-12-09T03:10:23.037+0000][1][safepoint    ] Application time: 1.0000761 seconds
[2019-12-09T03:10:23.037+0000][1][safepoint    ] Entering safepoint region: Cleanup
[2019-12-09T03:10:23.037+0000][1][safepoint    ] Leaving safepoint region
[2019-12-09T03:10:23.037+0000][1][safepoint    ] Total time for which application threads were stopped: 0.0000863 seconds, Stopping threads took: 0.0000188 seconds
[2019-12-09T03:10:24.037+0000][1][safepoint    ] Application time: 1.0000762 seconds
[2019-12-09T03:10:24.037+0000][1][safepoint    ] Entering safepoint region: Cleanup
[2019-12-09T03:10:24.037+0000][1][safepoint    ] Leaving safepoint region
[2019-12-09T03:10:24.037+0000][1][safepoint    ] Total time for which application threads were stopped: 0.0000928 seconds, Stopping threads took: 0.0000254 seconds
[2019-12-09T03:10:27.037+0000][1][safepoint    ] Application time: 3.0002114 seconds
[2019-12-09T03:10:27.038+0000][1][safepoint    ] Entering safepoint region: Cleanup
[2019-12-09T03:10:27.038+0000][1][safepoint    ] Leaving safepoint region
[2019-12-09T03:10:27.038+0000][1][safepoint    ] Total time for which application threads were stopped: 0.0000880 seconds, Stopping threads took: 0.0000187 seconds
[2019-12-09T03:10:34.038+0000][1][safepoint    ] Application time: 7.0004898 seconds
[2019-12-09T03:10:34.038+0000][1][safepoint    ] Entering safepoint region: Cleanup
[2019-12-09T03:10:34.038+0000][1][safepoint    ] Leaving safepoint region
[2019-12-09T03:10:34.038+0000][1][safepoint    ] Total time for which application threads were stopped: 0.0000847 seconds, Stopping threads took: 0.0000187 seconds
[2019-12-09T03:10:35.038+0000][1][safepoint    ] Application time: 1.0000798 seconds
[2019-12-09T03:10:35.038+0000][1][safepoint    ] Entering safepoint region: Cleanup
[2019-12-09T03:10:35.038+0000][1][safepoint    ] Leaving safepoint region
[2019-12-09T03:10:35.038+0000][1][safepoint    ] Total time for which application threads were stopped: 0.0000911 seconds, Stopping threads took: 0.0000185 seconds
[2019-12-09T03:10:38.039+0000][1][safepoint    ] Application time: 3.0002122 seconds
[2019-12-09T03:10:38.039+0000][1][safepoint    ] Entering safepoint region: Cleanup
[2019-12-09T03:10:38.039+0000][1][safepoint    ] Leaving safepoint region
[2019-12-09T03:10:38.039+0000][1][safepoint    ] Total time for which application threads were stopped: 0.0000912 seconds, Stopping threads took: 0.0000216 seconds
[2019-12-09T03:10:40.039+0000][1][safepoint    ] Application time: 2.0001481 seconds
[2019-12-09T03:10:40.039+0000][1][safepoint    ] Entering safepoint region: Cleanup
[2019-12-09T03:10:40.039+0000][1][safepoint    ] Leaving safepoint region
[2019-12-09T03:10:40.039+0000][1][safepoint    ] Total time for which application threads were stopped: 0.0000860 seconds, Stopping threads took: 0.0000199 seconds
[2019-12-09T03:10:41.039+0000][1][safepoint    ] Application time: 1.0000812 seconds
[2019-12-09T03:10:41.039+0000][1][safepoint    ] Entering safepoint region: Cleanup
[2019-12-09T03:10:41.039+0000][1][safepoint    ] Leaving safepoint region
[2019-12-09T03:10:41.039+0000][1][safepoint    ] Total time for which application threads were stopped: 0.0000870 seconds, Stopping threads took: 0.0000189 seconds
[2019-12-09T03:10:54.040+0000][1][safepoint    ] Application time: 13.0009025 seconds
[2019-12-09T03:10:54.040+0000][1][safepoint    ] Entering safepoint region: Cleanup
[2019-12-09T03:10:54.040+0000][1][safepoint    ] Leaving safepoint region
[2019-12-09T03:10:54.040+0000][1][safepoint    ] Total time for which application threads were stopped: 0.0000917 seconds, Stopping threads took: 0.0000254 seconds
[2019-12-09T03:10:57.041+0000][1][safepoint    ] Application time: 3.0002086 seconds
[2019-12-09T03:10:57.041+0000][1][safepoint    ] Entering safepoint region: Cleanup
[2019-12-09T03:10:57.041+0000][1][safepoint    ] Leaving safepoint region
[2019-12-09T03:10:57.041+0000][1][safepoint    ] Total time for which application threads were stopped: 0.0000904 seconds, Stopping threads took: 0.0000200 seconds
[2019-12-09T03:10:58.041+0000][1][safepoint    ] Application time: 1.0000761 seconds
[2019-12-09T03:10:58.041+0000][1][safepoint    ] Entering safepoint region: Cleanup
[2019-12-09T03:10:58.041+0000][1][safepoint    ] Leaving safepoint region
[2019-12-09T03:10:58.041+0000][1][safepoint    ] Total time for which application threads were stopped: 0.0000849 seconds, Stopping threads took: 0.0000194 seconds
[2019-12-09T03:11:05.041+0000][1][safepoint    ] Application time: 7.0004276 seconds
[2019-12-09T03:11:05.041+0000][1][safepoint    ] Entering safepoint region: Cleanup
[2019-12-09T03:11:05.041+0000][1][safepoint    ] Leaving safepoint region
[2019-12-09T03:11:05.041+0000][1][safepoint    ] Total time for which application threads were stopped: 0.0000931 seconds, Stopping threads took: 0.0000186 seconds
[2019-12-09T03:11:06.041+0000][1][safepoint    ] Application time: 1.0000761 seconds
[2019-12-09T03:11:06.042+0000][1][safepoint    ] Entering safepoint region: Cleanup
[2019-12-09T03:11:06.042+0000][1][safepoint    ] Leaving safepoint region
[2019-12-09T03:11:06.042+0000][1][safepoint    ] Total time for which application threads were stopped: 0.0000882 seconds, Stopping threads took: 0.0000184 seconds
[2019-12-09T03:11:11.042+0000][1][safepoint    ] Application time: 5.0003464 seconds
[2019-12-09T03:11:11.042+0000][1][safepoint    ] Entering safepoint region: Cleanup
[2019-12-09T03:11:11.042+0000][1][safepoint    ] Leaving safepoint region
[2019-12-09T03:11:11.042+0000][1][safepoint    ] Total time for which application threads were stopped: 0.0000891 seconds, Stopping threads took: 0.0000200 seconds
[2019-12-09T03:11:11.065+0000][1][safepoint    ] Application time: 0.0226720 seconds
[2019-12-09T03:11:11.065+0000][1][safepoint    ] Entering safepoint region: GenCollectForAllocation
[2019-12-09T03:11:11.065+0000][1][gc,start     ] GC(25) Pause Young (Allocation Failure)
[2019-12-09T03:11:11.065+0000][1][gc,task      ] GC(25) Using 2 workers of 2 for evacuation
[2019-12-09T03:11:11.071+0000][1][gc,age       ] GC(25) Desired survivor size 4456448 bytes, new threshold 6 (max threshold 6)
[2019-12-09T03:11:11.071+0000][1][gc,age       ] GC(25) Age table with threshold 6 (max threshold 6)
[2019-12-09T03:11:11.071+0000][1][gc,age       ] GC(25) - age   1:       8456 bytes,       8456 total
[2019-12-09T03:11:11.071+0000][1][gc,age       ] GC(25) - age   2:      24920 bytes,      33376 total
[2019-12-09T03:11:11.071+0000][1][gc,age       ] GC(25) - age   3:    1821168 bytes,    1854544 total
[2019-12-09T03:11:11.071+0000][1][gc,heap      ] GC(25) ParNew: 75644K->2812K(78656K)
[2019-12-09T03:11:11.071+0000][1][gc,heap      ] GC(25) CMS: 67881K->67881K(174784K)
[2019-12-09T03:11:11.071+0000][1][gc,metaspace ] GC(25) Metaspace: 68907K->68907K(1112064K)
[2019-12-09T03:11:11.071+0000][1][gc           ] GC(25) Pause Young (Allocation Failure) 140M->69M(247M) 5.690ms
[2019-12-09T03:11:11.071+0000][1][gc,cpu       ] GC(25) User=0.01s Sys=0.00s Real=0.00s
[2019-12-09T03:11:11.071+0000][1][safepoint    ] Leaving safepoint region
[2019-12-09T03:11:11.071+0000][1][safepoint    ] Total time for which application threads were stopped: 0.0058307 seconds, Stopping threads took: 0.0000152 seconds
[2019-12-09T03:11:19.071+0000][1][safepoint    ] Application time: 8.0005566 seconds
[2019-12-09T03:11:19.071+0000][1][safepoint    ] Entering safepoint region: Cleanup
[2019-12-09T03:11:19.071+0000][1][safepoint    ] Leaving safepoint region
[2019-12-09T03:11:19.071+0000][1][safepoint    ] Total time for which application threads were stopped: 0.0000974 seconds, Stopping threads took: 0.0000274 seconds
[2019-12-09T03:11:20.071+0000][1][safepoint    ] Application time: 1.0000796 seconds
[2019-12-09T03:11:20.071+0000][1][safepoint    ] Entering safepoint region: Cleanup
[2019-12-09T03:11:20.072+0000][1][safepoint    ] Leaving safepoint region
[2019-12-09T03:11:20.072+0000][1][safepoint    ] Total time for which application threads were stopped: 0.0000947 seconds, Stopping threads took: 0.0000217 seconds
[2019-12-09T03:11:24.072+0000][1][safepoint    ] Application time: 4.0002914 seconds
[2019-12-09T03:11:24.072+0000][1][safepoint    ] Entering safepoint region: Cleanup
[2019-12-09T03:11:24.072+0000][1][safepoint    ] Leaving safepoint region
[2019-12-09T03:11:24.072+0000][1][safepoint    ] Total time for which application threads were stopped: 0.0000905 seconds, Stopping threads took: 0.0000190 seconds
[2019-12-09T03:11:25.072+0000][1][safepoint    ] Application time: 1.0000835 seconds
[2019-12-09T03:11:25.072+0000][1][safepoint    ] Entering safepoint region: Cleanup
[2019-12-09T03:11:25.072+0000][1][safepoint    ] Leaving safepoint region
[2019-12-09T03:11:25.072+0000][1][safepoint    ] Total time for which application threads were stopped: 0.0000850 seconds, Stopping threads took: 0.0000179 seconds
[2019-12-09T03:11:26.072+0000][1][safepoint    ] Application time: 1.0000773 seconds
[2019-12-09T03:11:26.072+0000][1][safepoint    ] Entering safepoint region: Cleanup
[2019-12-09T03:11:26.072+0000][1][safepoint    ] Leaving safepoint region
[2019-12-09T03:11:26.072+0000][1][safepoint    ] Total time for which application threads were stopped: 0.0000835 seconds, Stopping threads took: 0.0000166 seconds
[2019-12-09T03:11:30.073+0000][1][safepoint    ] Application time: 4.0002760 seconds
[2019-12-09T03:11:30.073+0000][1][safepoint    ] Entering safepoint region: Cleanup
[2019-12-09T03:11:30.073+0000][1][safepoint    ] Leaving safepoint region
[2019-12-09T03:11:30.073+0000][1][safepoint    ] Total time for which application threads were stopped: 0.0000913 seconds, Stopping threads took: 0.0000257 seconds
[2019-12-09T03:11:33.073+0000][1][safepoint    ] Application time: 3.0002221 seconds
[2019-12-09T03:11:33.073+0000][1][safepoint    ] Entering safepoint region: Cleanup
[2019-12-09T03:11:33.073+0000][1][safepoint    ] Leaving safepoint region
[2019-12-09T03:11:33.073+0000][1][safepoint    ] Total time for which application threads were stopped: 0.0000866 seconds, Stopping threads took: 0.0000188 seconds
[2019-12-09T03:11:34.073+0000][1][safepoint    ] Application time: 1.0000821 seconds
[2019-12-09T03:11:34.073+0000][1][safepoint    ] Entering safepoint region: Cleanup
[2019-12-09T03:11:34.073+0000][1][safepoint    ] Leaving safepoint region
[2019-12-09T03:11:34.073+0000][1][safepoint    ] Total time for which application threads were stopped: 0.0000855 seconds, Stopping threads took: 0.0000193 seconds
[2019-12-09T03:11:35.073+0000][1][safepoint    ] Application time: 1.0000805 seconds
[2019-12-09T03:11:35.074+0000][1][safepoint    ] Entering safepoint region: Cleanup
[2019-12-09T03:11:35.074+0000][1][safepoint    ] Leaving safepoint region
[2019-12-09T03:11:35.074+0000][1][safepoint    ] Total time for which application threads were stopped: 0.0000883 seconds, Stopping threads took: 0.0000208 seconds
[2019-12-09T03:11:42.074+0000][1][safepoint    ] Application time: 7.0004998 seconds
[2019-12-09T03:11:42.074+0000][1][safepoint    ] Entering safepoint region: Cleanup
[2019-12-09T03:11:42.074+0000][1][safepoint    ] Leaving safepoint region
[2019-12-09T03:11:42.074+0000][1][safepoint    ] Total time for which application threads were stopped: 0.0000910 seconds, Stopping threads took: 0.0000253 seconds
[2019-12-09T03:11:54.075+0000][1][safepoint    ] Application time: 12.0008542 seconds
[2019-12-09T03:11:54.075+0000][1][safepoint    ] Entering safepoint region: Cleanup
[2019-12-09T03:11:54.075+0000][1][safepoint    ] Leaving safepoint region
[2019-12-09T03:11:54.075+0000][1][safepoint    ] Total time for which application threads were stopped: 0.0000910 seconds, Stopping threads took: 0.0000255 seconds
[2019-12-09T03:12:10.076+0000][1][safepoint    ] Application time: 16.0010906 seconds
[2019-12-09T03:12:10.076+0000][1][safepoint    ] Entering safepoint region: Cleanup
[2019-12-09T03:12:10.076+0000][1][safepoint    ] Leaving safepoint region
[2019-12-09T03:12:10.076+0000][1][safepoint    ] Total time for which application threads were stopped: 0.0000935 seconds, Stopping threads took: 0.0000263 seconds
[2019-12-09T03:12:13.077+0000][1][safepoint    ] Application time: 3.0002107 seconds
[2019-12-09T03:12:13.077+0000][1][safepoint    ] Entering safepoint region: Cleanup
[2019-12-09T03:12:13.077+0000][1][safepoint    ] Leaving safepoint region
[2019-12-09T03:12:13.077+0000][1][safepoint    ] Total time for which application threads were stopped: 0.0000832 seconds, Stopping threads took: 0.0000181 seconds
[2019-12-09T03:12:16.077+0000][1][safepoint    ] Application time: 3.0002118 seconds
[2019-12-09T03:12:16.077+0000][1][safepoint    ] Entering safepoint region: Cleanup
[2019-12-09T03:12:16.077+0000][1][safepoint    ] Leaving safepoint region
[2019-12-09T03:12:16.077+0000][1][safepoint    ] Total time for which application threads were stopped: 0.0000858 seconds, Stopping threads took: 0.0000186 seconds
[2019-12-09T03:12:22.078+0000][1][safepoint    ] Application time: 6.0004074 seconds
[2019-12-09T03:12:22.078+0000][1][safepoint    ] Entering safepoint region: Cleanup
[2019-12-09T03:12:22.078+0000][1][safepoint    ] Leaving safepoint region
[2019-12-09T03:12:22.078+0000][1][safepoint    ] Total time for which application threads were stopped: 0.0000917 seconds, Stopping threads took: 0.0000238 seconds
[2019-12-09T03:12:23.078+0000][1][safepoint    ] Application time: 1.0000774 seconds
[2019-12-09T03:12:23.078+0000][1][safepoint    ] Entering safepoint region: Cleanup
[2019-12-09T03:12:23.078+0000][1][safepoint    ] Leaving safepoint region
[2019-12-09T03:12:23.078+0000][1][safepoint    ] Total time for which application threads were stopped: 0.0000870 seconds, Stopping threads took: 0.0000176 seconds
[2019-12-09T03:12:28.078+0000][1][safepoint    ] Application time: 5.0003490 seconds
[2019-12-09T03:12:28.078+0000][1][safepoint    ] Entering safepoint region: Cleanup
[2019-12-09T03:12:28.078+0000][1][safepoint    ] Leaving safepoint region
[2019-12-09T03:12:28.078+0000][1][safepoint    ] Total time for which application threads were stopped: 0.0000919 seconds, Stopping threads took: 0.0000258 seconds
[2019-12-09T03:12:29.078+0000][1][safepoint    ] Application time: 1.0000783 seconds
[2019-12-09T03:12:29.079+0000][1][safepoint    ] Entering safepoint region: Cleanup
[2019-12-09T03:12:29.079+0000][1][safepoint    ] Leaving safepoint region
[2019-12-09T03:12:29.079+0000][1][safepoint    ] Total time for which application threads were stopped: 0.0000860 seconds, Stopping threads took: 0.0000186 seconds
[2019-12-09T03:12:31.079+0000][1][safepoint    ] Application time: 2.0001479 seconds
[2019-12-09T03:12:31.079+0000][1][safepoint    ] Entering safepoint region: Cleanup
[2019-12-09T03:12:31.079+0000][1][safepoint    ] Leaving safepoint region
[2019-12-09T03:12:31.079+0000][1][safepoint    ] Total time for which application threads were stopped: 0.0000897 seconds, Stopping threads took: 0.0000180 seconds
[2019-12-09T03:12:34.079+0000][1][safepoint    ] Application time: 3.0002154 seconds
[2019-12-09T03:12:34.079+0000][1][safepoint    ] Entering safepoint region: Cleanup
[2019-12-09T03:12:34.079+0000][1][safepoint    ] Leaving safepoint region
[2019-12-09T03:12:34.079+0000][1][safepoint    ] Total time for which application threads were stopped: 0.0000888 seconds, Stopping threads took: 0.0000197 seconds
[2019-12-09T03:12:36.079+0000][1][safepoint    ] Application time: 2.0001473 seconds
[2019-12-09T03:12:36.079+0000][1][safepoint    ] Entering safepoint region: Cleanup
[2019-12-09T03:12:36.079+0000][1][safepoint    ] Leaving safepoint region
[2019-12-09T03:12:36.080+0000][1][safepoint    ] Total time for which application threads were stopped: 0.0000840 seconds, Stopping threads took: 0.0000177 seconds
[2019-12-09T03:12:37.080+0000][1][safepoint    ] Application time: 1.0000791 seconds
[2019-12-09T03:12:37.080+0000][1][safepoint    ] Entering safepoint region: Cleanup
[2019-12-09T03:12:37.080+0000][1][safepoint    ] Leaving safepoint region
[2019-12-09T03:12:37.080+0000][1][safepoint    ] Total time for which application threads were stopped: 0.0001007 seconds, Stopping threads took: 0.0000189 seconds
[2019-12-09T03:12:40.080+0000][1][safepoint    ] Application time: 3.0002130 seconds
[2019-12-09T03:12:40.080+0000][1][safepoint    ] Entering safepoint region: Cleanup
[2019-12-09T03:12:40.080+0000][1][safepoint    ] Leaving safepoint region
[2019-12-09T03:12:40.080+0000][1][safepoint    ] Total time for which application threads were stopped: 0.0000875 seconds, Stopping threads took: 0.0000190 seconds
[2019-12-09T03:12:42.080+0000][1][safepoint    ] Application time: 2.0001447 seconds
[2019-12-09T03:12:42.080+0000][1][safepoint    ] Entering safepoint region: Cleanup
[2019-12-09T03:12:42.080+0000][1][safepoint    ] Leaving safepoint region
[2019-12-09T03:12:42.080+0000][1][safepoint    ] Total time for which application threads were stopped: 0.0000833 seconds, Stopping threads took: 0.0000181 seconds
[2019-12-09T03:12:44.081+0000][1][safepoint    ] Application time: 2.0001447 seconds
[2019-12-09T03:12:44.081+0000][1][safepoint    ] Entering safepoint region: Cleanup
[2019-12-09T03:12:44.081+0000][1][safepoint    ] Leaving safepoint region
[2019-12-09T03:12:44.081+0000][1][safepoint    ] Total time for which application threads were stopped: 0.0000823 seconds, Stopping threads took: 0.0000161 seconds
[2019-12-09T03:12:48.081+0000][1][safepoint    ] Application time: 4.0002764 seconds
[2019-12-09T03:12:48.081+0000][1][safepoint    ] Entering safepoint region: Cleanup
[2019-12-09T03:12:48.081+0000][1][safepoint    ] Leaving safepoint region
[2019-12-09T03:12:48.081+0000][1][safepoint    ] Total time for which application threads were stopped: 0.0000852 seconds, Stopping threads took: 0.0000191 seconds
[2019-12-09T03:12:49.081+0000][1][safepoint    ] Application time: 1.0000766 seconds
[2019-12-09T03:12:49.081+0000][1][safepoint    ] Entering safepoint region: Cleanup
[2019-12-09T03:12:49.081+0000][1][safepoint    ] Leaving safepoint region
[2019-12-09T03:12:49.081+0000][1][safepoint    ] Total time for which application threads were stopped: 0.0000835 seconds, Stopping threads took: 0.0000181 seconds
[2019-12-09T03:13:04.082+0000][1][safepoint    ] Application time: 15.0010029 seconds
[2019-12-09T03:13:04.082+0000][1][safepoint    ] Entering safepoint region: Cleanup
[2019-12-09T03:13:04.082+0000][1][safepoint    ] Leaving safepoint region
[2019-12-09T03:13:04.082+0000][1][safepoint    ] Total time for which application threads were stopped: 0.0000929 seconds, Stopping threads took: 0.0000240 seconds
[2019-12-09T03:13:05.082+0000][1][safepoint    ] Application time: 1.0000768 seconds
[2019-12-09T03:13:05.083+0000][1][safepoint    ] Entering safepoint region: Cleanup
[2019-12-09T03:13:05.083+0000][1][safepoint    ] Leaving safepoint region
[2019-12-09T03:13:05.083+0000][1][safepoint    ] Total time for which application threads were stopped: 0.0000838 seconds, Stopping threads took: 0.0000166 seconds
[2019-12-09T03:13:10.083+0000][1][safepoint    ] Application time: 5.0003421 seconds
[2019-12-09T03:13:10.083+0000][1][safepoint    ] Entering safepoint region: Cleanup
[2019-12-09T03:13:10.083+0000][1][safepoint    ] Leaving safepoint region
[2019-12-09T03:13:10.083+0000][1][safepoint    ] Total time for which application threads were stopped: 0.0000838 seconds, Stopping threads took: 0.0000165 seconds
[2019-12-09T03:13:12.083+0000][1][safepoint    ] Application time: 2.0001435 seconds
[2019-12-09T03:13:12.083+0000][1][safepoint    ] Entering safepoint region: Cleanup
[2019-12-09T03:13:12.083+0000][1][safepoint    ] Leaving safepoint region
[2019-12-09T03:13:12.083+0000][1][safepoint    ] Total time for which application threads were stopped: 0.0000819 seconds, Stopping threads took: 0.0000175 seconds
[2019-12-09T03:13:21.124+0000][1][safepoint    ] Application time: 9.0404206 seconds
[2019-12-09T03:13:21.124+0000][1][safepoint    ] Entering safepoint region: GenCollectForAllocation
[2019-12-09T03:13:21.124+0000][1][gc,start     ] GC(26) Pause Young (Allocation Failure)
[2019-12-09T03:13:21.124+0000][1][gc,task      ] GC(26) Using 2 workers of 2 for evacuation
[2019-12-09T03:13:21.129+0000][1][gc,age       ] GC(26) Desired survivor size 4456448 bytes, new threshold 6 (max threshold 6)
[2019-12-09T03:13:21.129+0000][1][gc,age       ] GC(26) Age table with threshold 6 (max threshold 6)
[2019-12-09T03:13:21.129+0000][1][gc,age       ] GC(26) - age   1:       9512 bytes,       9512 total
[2019-12-09T03:13:21.129+0000][1][gc,age       ] GC(26) - age   2:       4336 bytes,      13848 total
[2019-12-09T03:13:21.129+0000][1][gc,age       ] GC(26) - age   3:      24888 bytes,      38736 total
[2019-12-09T03:13:21.129+0000][1][gc,age       ] GC(26) - age   4:    1724632 bytes,    1763368 total
[2019-12-09T03:13:21.129+0000][1][gc,heap      ] GC(26) ParNew: 72764K->2740K(78656K)
[2019-12-09T03:13:21.129+0000][1][gc,heap      ] GC(26) CMS: 67881K->67881K(174784K)
[2019-12-09T03:13:21.129+0000][1][gc,metaspace ] GC(26) Metaspace: 69000K->69000K(1112064K)
[2019-12-09T03:13:21.129+0000][1][gc           ] GC(26) Pause Young (Allocation Failure) 137M->68M(247M) 5.543ms
[2019-12-09T03:13:21.129+0000][1][gc,cpu       ] GC(26) User=0.01s Sys=0.00s Real=0.01s
[2019-12-09T03:13:21.129+0000][1][safepoint    ] Leaving safepoint region
[2019-12-09T03:13:21.129+0000][1][safepoint    ] Total time for which application threads were stopped: 0.0056948 seconds, Stopping threads took: 0.0000158 seconds
[2019-12-09T03:13:25.130+0000][1][safepoint    ] Application time: 4.0002893 seconds
[2019-12-09T03:13:25.130+0000][1][safepoint    ] Entering safepoint region: Cleanup
[2019-12-09T03:13:25.130+0000][1][safepoint    ] Leaving safepoint region
[2019-12-09T03:13:25.130+0000][1][safepoint    ] Total time for which application threads were stopped: 0.0000980 seconds, Stopping threads took: 0.0000261 seconds
[2019-12-09T03:13:26.130+0000][1][safepoint    ] Application time: 1.0000754 seconds
[2019-12-09T03:13:26.130+0000][1][safepoint    ] Entering safepoint region: Cleanup
[2019-12-09T03:13:26.130+0000][1][safepoint    ] Leaving safepoint region
[2019-12-09T03:13:26.130+0000][1][safepoint    ] Total time for which application threads were stopped: 0.0000840 seconds, Stopping threads took: 0.0000181 seconds
[2019-12-09T03:13:42.131+0000][1][safepoint    ] Application time: 16.0010747 seconds
[2019-12-09T03:13:42.131+0000][1][safepoint    ] Entering safepoint region: Cleanup
[2019-12-09T03:13:42.131+0000][1][safepoint    ] Leaving safepoint region
[2019-12-09T03:13:42.131+0000][1][safepoint    ] Total time for which application threads were stopped: 0.0000868 seconds, Stopping threads took: 0.0000175 seconds
[2019-12-09T03:13:57.132+0000][1][safepoint    ] Application time: 15.0009925 seconds
[2019-12-09T03:13:57.132+0000][1][safepoint    ] Entering safepoint region: Cleanup
[2019-12-09T03:13:57.132+0000][1][safepoint    ] Leaving safepoint region
[2019-12-09T03:13:57.132+0000][1][safepoint    ] Total time for which application threads were stopped: 0.0000939 seconds, Stopping threads took: 0.0000277 seconds
[2019-12-09T03:13:58.133+0000][1][safepoint    ] Application time: 1.0000767 seconds
[2019-12-09T03:13:58.133+0000][1][safepoint    ] Entering safepoint region: Cleanup
[2019-12-09T03:13:58.133+0000][1][safepoint    ] Leaving safepoint region
[2019-12-09T03:13:58.133+0000][1][safepoint    ] Total time for which application threads were stopped: 0.0000859 seconds, Stopping threads took: 0.0000209 seconds
[2019-12-09T03:14:10.134+0000][1][safepoint    ] Application time: 12.0008442 seconds
[2019-12-09T03:14:10.134+0000][1][safepoint    ] Entering safepoint region: Cleanup
[2019-12-09T03:14:10.134+0000][1][safepoint    ] Leaving safepoint region
[2019-12-09T03:14:10.134+0000][1][safepoint    ] Total time for which application threads were stopped: 0.0000868 seconds, Stopping threads took: 0.0000184 seconds
[2019-12-09T03:14:12.134+0000][1][safepoint    ] Application time: 2.0001451 seconds
[2019-12-09T03:14:12.134+0000][1][safepoint    ] Entering safepoint region: Cleanup
[2019-12-09T03:14:12.134+0000][1][safepoint    ] Leaving safepoint region
[2019-12-09T03:14:12.134+0000][1][safepoint    ] Total time for which application threads were stopped: 0.0000830 seconds, Stopping threads took: 0.0000171 seconds
[2019-12-09T03:14:16.134+0000][1][safepoint    ] Application time: 4.0002758 seconds
[2019-12-09T03:14:16.134+0000][1][safepoint    ] Entering safepoint region: Cleanup
[2019-12-09T03:14:16.134+0000][1][safepoint    ] Leaving safepoint region
[2019-12-09T03:14:16.134+0000][1][safepoint    ] Total time for which application threads were stopped: 0.0000876 seconds, Stopping threads took: 0.0000177 seconds
[2019-12-09T03:14:17.134+0000][1][safepoint    ] Application time: 1.0000779 seconds
[2019-12-09T03:14:17.134+0000][1][safepoint    ] Entering safepoint region: Cleanup
[2019-12-09T03:14:17.135+0000][1][safepoint    ] Leaving safepoint region
[2019-12-09T03:14:17.135+0000][1][safepoint    ] Total time for which application threads were stopped: 0.0000828 seconds, Stopping threads took: 0.0000175 seconds
[2019-12-09T03:14:20.135+0000][1][safepoint    ] Application time: 3.0002112 seconds
[2019-12-09T03:14:20.135+0000][1][safepoint    ] Entering safepoint region: Cleanup
[2019-12-09T03:14:20.135+0000][1][safepoint    ] Leaving safepoint region
[2019-12-09T03:14:20.135+0000][1][safepoint    ] Total time for which application threads were stopped: 0.0000842 seconds, Stopping threads took: 0.0000173 seconds
[2019-12-09T03:14:23.135+0000][1][safepoint    ] Application time: 3.0002109 seconds
[2019-12-09T03:14:23.135+0000][1][safepoint    ] Entering safepoint region: Cleanup
[2019-12-09T03:14:23.135+0000][1][safepoint    ] Leaving safepoint region
[2019-12-09T03:14:23.135+0000][1][safepoint    ] Total time for which application threads were stopped: 0.0000844 seconds, Stopping threads took: 0.0000182 seconds
[2019-12-09T03:14:28.136+0000][1][safepoint    ] Application time: 5.0003359 seconds
[2019-12-09T03:14:28.136+0000][1][safepoint    ] Entering safepoint region: Cleanup
[2019-12-09T03:14:28.136+0000][1][safepoint    ] Leaving safepoint region
[2019-12-09T03:14:28.136+0000][1][safepoint    ] Total time for which application threads were stopped: 0.0000960 seconds, Stopping threads took: 0.0000262 seconds
[2019-12-09T03:14:30.136+0000][1][safepoint    ] Application time: 2.0001498 seconds
[2019-12-09T03:14:30.136+0000][1][safepoint    ] Entering safepoint region: Cleanup
[2019-12-09T03:14:30.136+0000][1][safepoint    ] Leaving safepoint region
[2019-12-09T03:14:30.136+0000][1][safepoint    ] Total time for which application threads were stopped: 0.0000897 seconds, Stopping threads took: 0.0000174 seconds
[2019-12-09T03:14:40.137+0000][1][safepoint    ] Application time: 10.0006820 seconds
[2019-12-09T03:14:40.137+0000][1][safepoint    ] Entering safepoint region: Cleanup
[2019-12-09T03:14:40.137+0000][1][safepoint    ] Leaving safepoint region
[2019-12-09T03:14:40.137+0000][1][safepoint    ] Total time for which application threads were stopped: 0.0000904 seconds, Stopping threads took: 0.0000224 seconds
[2019-12-09T03:14:42.137+0000][1][safepoint    ] Application time: 2.0001414 seconds
[2019-12-09T03:14:42.137+0000][1][safepoint    ] Entering safepoint region: Cleanup
[2019-12-09T03:14:42.137+0000][1][safepoint    ] Leaving safepoint region
[2019-12-09T03:14:42.137+0000][1][safepoint    ] Total time for which application threads were stopped: 0.0000867 seconds, Stopping threads took: 0.0000176 seconds
[2019-12-09T03:14:44.137+0000][1][safepoint    ] Application time: 2.0001435 seconds
[2019-12-09T03:14:44.137+0000][1][safepoint    ] Entering safepoint region: Cleanup
[2019-12-09T03:14:44.137+0000][1][safepoint    ] Leaving safepoint region
[2019-12-09T03:14:44.137+0000][1][safepoint    ] Total time for which application threads were stopped: 0.0000856 seconds, Stopping threads took: 0.0000183 seconds
[2019-12-09T03:14:57.138+0000][1][safepoint    ] Application time: 13.0008797 seconds
[2019-12-09T03:14:57.138+0000][1][safepoint    ] Entering safepoint region: Cleanup
[2019-12-09T03:14:57.138+0000][1][safepoint    ] Leaving safepoint region
[2019-12-09T03:14:57.138+0000][1][safepoint    ] Total time for which application threads were stopped: 0.0000987 seconds, Stopping threads took: 0.0000271 seconds
[2019-12-09T03:15:12.139+0000][1][safepoint    ] Application time: 15.0010200 seconds
[2019-12-09T03:15:12.139+0000][1][safepoint    ] Entering safepoint region: Cleanup
[2019-12-09T03:15:12.139+0000][1][safepoint    ] Leaving safepoint region
[2019-12-09T03:15:12.139+0000][1][safepoint    ] Total time for which application threads were stopped: 0.0000841 seconds, Stopping threads took: 0.0000171 seconds
[2019-12-09T03:15:17.140+0000][1][safepoint    ] Application time: 5.0003411 seconds
[2019-12-09T03:15:17.140+0000][1][safepoint    ] Entering safepoint region: Cleanup
[2019-12-09T03:15:17.140+0000][1][safepoint    ] Leaving safepoint region
[2019-12-09T03:15:17.140+0000][1][safepoint    ] Total time for which application threads were stopped: 0.0000843 seconds, Stopping threads took: 0.0000167 seconds
[2019-12-09T03:15:21.140+0000][1][safepoint    ] Application time: 4.0002768 seconds
[2019-12-09T03:15:21.140+0000][1][safepoint    ] Entering safepoint region: Cleanup
[2019-12-09T03:15:21.140+0000][1][safepoint    ] Leaving safepoint region
[2019-12-09T03:15:21.140+0000][1][safepoint    ] Total time for which application threads were stopped: 0.0000845 seconds, Stopping threads took: 0.0000187 seconds
[2019-12-09T03:15:22.140+0000][1][safepoint    ] Application time: 1.0000767 seconds
[2019-12-09T03:15:22.140+0000][1][safepoint    ] Entering safepoint region: Cleanup
[2019-12-09T03:15:22.141+0000][1][safepoint    ] Leaving safepoint region
[2019-12-09T03:15:22.141+0000][1][safepoint    ] Total time for which application threads were stopped: 0.0000815 seconds, Stopping threads took: 0.0000175 seconds
[2019-12-09T03:15:23.141+0000][1][safepoint    ] Application time: 1.0000842 seconds
[2019-12-09T03:15:23.141+0000][1][safepoint    ] Entering safepoint region: Cleanup
[2019-12-09T03:15:23.141+0000][1][safepoint    ] Leaving safepoint region
[2019-12-09T03:15:23.141+0000][1][safepoint    ] Total time for which application threads were stopped: 0.0000869 seconds, Stopping threads took: 0.0000193 seconds
[2019-12-09T03:15:26.726+0000][1][safepoint    ] Application time: 3.5850237 seconds
[2019-12-09T03:15:26.726+0000][1][safepoint    ] Entering safepoint region: GenCollectForAllocation
[2019-12-09T03:15:26.726+0000][1][gc,start     ] GC(27) Pause Young (Allocation Failure)
[2019-12-09T03:15:26.726+0000][1][gc,task      ] GC(27) Using 2 workers of 2 for evacuation
[2019-12-09T03:15:26.731+0000][1][gc,age       ] GC(27) Desired survivor size 4456448 bytes, new threshold 6 (max threshold 6)
[2019-12-09T03:15:26.731+0000][1][gc,age       ] GC(27) Age table with threshold 6 (max threshold 6)
[2019-12-09T03:15:26.731+0000][1][gc,age       ] GC(27) - age   1:       8336 bytes,       8336 total
[2019-12-09T03:15:26.731+0000][1][gc,age       ] GC(27) - age   2:       4736 bytes,      13072 total
[2019-12-09T03:15:26.731+0000][1][gc,age       ] GC(27) - age   3:       4120 bytes,      17192 total
[2019-12-09T03:15:26.731+0000][1][gc,age       ] GC(27) - age   4:      24888 bytes,      42080 total
[2019-12-09T03:15:26.731+0000][1][gc,age       ] GC(27) - age   5:    1724632 bytes,    1766712 total
[2019-12-09T03:15:26.731+0000][1][gc,heap      ] GC(27) ParNew: 72692K->2622K(78656K)
[2019-12-09T03:15:26.731+0000][1][gc,heap      ] GC(27) CMS: 67881K->67881K(174784K)
[2019-12-09T03:15:26.731+0000][1][gc,metaspace ] GC(27) Metaspace: 69047K->69047K(1112064K)
[2019-12-09T03:15:26.731+0000][1][gc           ] GC(27) Pause Young (Allocation Failure) 137M->68M(247M) 5.486ms
[2019-12-09T03:15:26.731+0000][1][gc,cpu       ] GC(27) User=0.01s Sys=0.00s Real=0.00s
[2019-12-09T03:15:26.732+0000][1][safepoint    ] Leaving safepoint region
[2019-12-09T03:15:26.732+0000][1][safepoint    ] Total time for which application threads were stopped: 0.0056495 seconds, Stopping threads took: 0.0000268 seconds
[2019-12-09T03:15:31.732+0000][1][safepoint    ] Application time: 5.0003561 seconds
[2019-12-09T03:15:31.732+0000][1][safepoint    ] Entering safepoint region: Cleanup
[2019-12-09T03:15:31.732+0000][1][safepoint    ] Leaving safepoint region
[2019-12-09T03:15:31.732+0000][1][safepoint    ] Total time for which application threads were stopped: 0.0000817 seconds, Stopping threads took: 0.0000172 seconds
[2019-12-09T03:15:49.733+0000][1][safepoint    ] Application time: 18.0012004 seconds
[2019-12-09T03:15:49.733+0000][1][safepoint    ] Entering safepoint region: Cleanup
[2019-12-09T03:15:49.733+0000][1][safepoint    ] Leaving safepoint region
[2019-12-09T03:15:49.733+0000][1][safepoint    ] Total time for which application threads were stopped: 0.0000878 seconds, Stopping threads took: 0.0000187 seconds
[2019-12-09T03:15:50.733+0000][1][safepoint    ] Application time: 1.0000751 seconds
[2019-12-09T03:15:50.733+0000][1][safepoint    ] Entering safepoint region: Cleanup
[2019-12-09T03:15:50.734+0000][1][safepoint    ] Leaving safepoint region
[2019-12-09T03:15:50.734+0000][1][safepoint    ] Total time for which application threads were stopped: 0.0000886 seconds, Stopping threads took: 0.0000244 seconds
[2019-12-09T03:16:06.735+0000][1][safepoint    ] Application time: 16.0010865 seconds
[2019-12-09T03:16:06.735+0000][1][safepoint    ] Entering safepoint region: Cleanup
[2019-12-09T03:16:06.735+0000][1][safepoint    ] Leaving safepoint region
[2019-12-09T03:16:06.735+0000][1][safepoint    ] Total time for which application threads were stopped: 0.0001051 seconds, Stopping threads took: 0.0000393 seconds
[2019-12-09T03:16:16.735+0000][1][safepoint    ] Application time: 10.0006751 seconds
[2019-12-09T03:16:16.735+0000][1][safepoint    ] Entering safepoint region: Cleanup
[2019-12-09T03:16:16.736+0000][1][safepoint    ] Leaving safepoint region
[2019-12-09T03:16:16.736+0000][1][safepoint    ] Total time for which application threads were stopped: 0.0000813 seconds, Stopping threads took: 0.0000153 seconds
[2019-12-09T03:16:21.736+0000][1][safepoint    ] Application time: 5.0003406 seconds
[2019-12-09T03:16:21.736+0000][1][safepoint    ] Entering safepoint region: Cleanup
[2019-12-09T03:16:21.736+0000][1][safepoint    ] Leaving safepoint region
[2019-12-09T03:16:21.736+0000][1][safepoint    ] Total time for which application threads were stopped: 0.0000864 seconds, Stopping threads took: 0.0000181 seconds
[2019-12-09T03:16:29.737+0000][1][safepoint    ] Application time: 8.0005502 seconds
[2019-12-09T03:16:29.737+0000][1][safepoint    ] Entering safepoint region: Cleanup
[2019-12-09T03:16:29.737+0000][1][safepoint    ] Leaving safepoint region
[2019-12-09T03:16:29.737+0000][1][safepoint    ] Total time for which application threads were stopped: 0.0001044 seconds, Stopping threads took: 0.0000253 seconds
[2019-12-09T03:16:34.737+0000][1][safepoint    ] Application time: 5.0003511 seconds
[2019-12-09T03:16:34.737+0000][1][safepoint    ] Entering safepoint region: Cleanup
[2019-12-09T03:16:34.737+0000][1][safepoint    ] Leaving safepoint region
[2019-12-09T03:16:34.737+0000][1][safepoint    ] Total time for which application threads were stopped: 0.0000902 seconds, Stopping threads took: 0.0000186 seconds
[2019-12-09T03:16:35.737+0000][1][safepoint    ] Application time: 1.0000767 seconds
[2019-12-09T03:16:35.737+0000][1][safepoint    ] Entering safepoint region: Cleanup
[2019-12-09T03:16:35.737+0000][1][safepoint    ] Leaving safepoint region
[2019-12-09T03:16:35.737+0000][1][safepoint    ] Total time for which application threads were stopped: 0.0000812 seconds, Stopping threads took: 0.0000168 seconds
[2019-12-09T03:16:46.738+0000][1][safepoint    ] Application time: 11.0007639 seconds
[2019-12-09T03:16:46.738+0000][1][safepoint    ] Entering safepoint region: Cleanup
[2019-12-09T03:16:46.738+0000][1][safepoint    ] Leaving safepoint region
[2019-12-09T03:16:46.738+0000][1][safepoint    ] Total time for which application threads were stopped: 0.0000795 seconds, Stopping threads took: 0.0000169 seconds
[2019-12-09T03:16:51.739+0000][1][safepoint    ] Application time: 5.0003494 seconds
[2019-12-09T03:16:51.739+0000][1][safepoint    ] Entering safepoint region: Cleanup
[2019-12-09T03:16:51.739+0000][1][safepoint    ] Leaving safepoint region
[2019-12-09T03:16:51.739+0000][1][safepoint    ] Total time for which application threads were stopped: 0.0000874 seconds, Stopping threads took: 0.0000183 seconds
[2019-12-09T03:16:54.739+0000][1][safepoint    ] Application time: 3.0002117 seconds
[2019-12-09T03:16:54.739+0000][1][safepoint    ] Entering safepoint region: Cleanup
[2019-12-09T03:16:54.739+0000][1][safepoint    ] Leaving safepoint region
[2019-12-09T03:16:54.739+0000][1][safepoint    ] Total time for which application threads were stopped: 0.0000922 seconds, Stopping threads took: 0.0000241 seconds
[2019-12-09T03:16:56.739+0000][1][safepoint    ] Application time: 2.0001414 seconds
[2019-12-09T03:16:56.739+0000][1][safepoint    ] Entering safepoint region: Cleanup
[2019-12-09T03:16:56.739+0000][1][safepoint    ] Leaving safepoint region
[2019-12-09T03:16:56.739+0000][1][safepoint    ] Total time for which application threads were stopped: 0.0000963 seconds, Stopping threads took: 0.0000276 seconds
[2019-12-09T03:17:02.740+0000][1][safepoint    ] Application time: 6.0004241 seconds
[2019-12-09T03:17:02.740+0000][1][safepoint    ] Entering safepoint region: Cleanup
[2019-12-09T03:17:02.740+0000][1][safepoint    ] Leaving safepoint region
[2019-12-09T03:17:02.740+0000][1][safepoint    ] Total time for which application threads were stopped: 0.0000839 seconds, Stopping threads took: 0.0000173 seconds
[2019-12-09T03:17:09.740+0000][1][safepoint    ] Application time: 7.0004709 seconds
[2019-12-09T03:17:09.741+0000][1][safepoint    ] Entering safepoint region: Cleanup
[2019-12-09T03:17:09.741+0000][1][safepoint    ] Leaving safepoint region
[2019-12-09T03:17:09.741+0000][1][safepoint    ] Total time for which application threads were stopped: 0.0000875 seconds, Stopping threads took: 0.0000174 seconds
[2019-12-09T03:17:11.741+0000][1][safepoint    ] Application time: 2.0001443 seconds
[2019-12-09T03:17:11.741+0000][1][safepoint    ] Entering safepoint region: Cleanup
[2019-12-09T03:17:11.741+0000][1][safepoint    ] Leaving safepoint region
[2019-12-09T03:17:11.741+0000][1][safepoint    ] Total time for which application threads were stopped: 0.0000853 seconds, Stopping threads took: 0.0000199 seconds
[2019-12-09T03:17:36.231+0000][1][safepoint    ] Application time: 24.4898059 seconds
[2019-12-09T03:17:36.231+0000][1][safepoint    ] Entering safepoint region: GenCollectForAllocation
[2019-12-09T03:17:36.231+0000][1][gc,start     ] GC(28) Pause Young (Allocation Failure)
[2019-12-09T03:17:36.231+0000][1][gc,task      ] GC(28) Using 2 workers of 2 for evacuation
[2019-12-09T03:17:36.236+0000][1][gc,age       ] GC(28) Desired survivor size 4456448 bytes, new threshold 6 (max threshold 6)
[2019-12-09T03:17:36.236+0000][1][gc,age       ] GC(28) Age table with threshold 6 (max threshold 6)
[2019-12-09T03:17:36.236+0000][1][gc,age       ] GC(28) - age   1:       7704 bytes,       7704 total
[2019-12-09T03:17:36.236+0000][1][gc,age       ] GC(28) - age   2:       4328 bytes,      12032 total
[2019-12-09T03:17:36.236+0000][1][gc,age       ] GC(28) - age   3:       4520 bytes,      16552 total
[2019-12-09T03:17:36.236+0000][1][gc,age       ] GC(28) - age   4:       4120 bytes,      20672 total
[2019-12-09T03:17:36.236+0000][1][gc,age       ] GC(28) - age   5:      24888 bytes,      45560 total
[2019-12-09T03:17:36.236+0000][1][gc,age       ] GC(28) - age   6:    1724680 bytes,    1770240 total
[2019-12-09T03:17:36.236+0000][1][gc,heap      ] GC(28) ParNew: 72574K->2596K(78656K)
[2019-12-09T03:17:36.236+0000][1][gc,heap      ] GC(28) CMS: 67881K->67881K(174784K)
[2019-12-09T03:17:36.236+0000][1][gc,metaspace ] GC(28) Metaspace: 69074K->69074K(1112064K)
[2019-12-09T03:17:36.236+0000][1][gc           ] GC(28) Pause Young (Allocation Failure) 137M->68M(247M) 5.660ms
[2019-12-09T03:17:36.237+0000][1][gc,cpu       ] GC(28) User=0.01s Sys=0.00s Real=0.01s
[2019-12-09T03:17:36.237+0000][1][safepoint    ] Leaving safepoint region
[2019-12-09T03:17:36.237+0000][1][safepoint    ] Total time for which application threads were stopped: 0.0058196 seconds, Stopping threads took: 0.0000257 seconds
[2019-12-09T03:17:37.237+0000][1][safepoint    ] Application time: 1.0000847 seconds
[2019-12-09T03:17:37.237+0000][1][safepoint    ] Entering safepoint region: Cleanup
[2019-12-09T03:17:37.237+0000][1][safepoint    ] Leaving safepoint region
[2019-12-09T03:17:37.237+0000][1][safepoint    ] Total time for which application threads were stopped: 0.0001083 seconds, Stopping threads took: 0.0000165 seconds
[2019-12-09T03:17:38.237+0000][1][safepoint    ] Application time: 1.0000723 seconds
[2019-12-09T03:17:38.237+0000][1][safepoint    ] Entering safepoint region: Cleanup
[2019-12-09T03:17:38.237+0000][1][safepoint    ] Leaving safepoint region
[2019-12-09T03:17:38.237+0000][1][safepoint    ] Total time for which application threads were stopped: 0.0000796 seconds, Stopping threads took: 0.0000169 seconds
[2019-12-09T03:17:49.238+0000][1][safepoint    ] Application time: 11.0007146 seconds
[2019-12-09T03:17:49.238+0000][1][safepoint    ] Entering safepoint region: Cleanup
[2019-12-09T03:17:49.238+0000][1][safepoint    ] Leaving safepoint region
[2019-12-09T03:17:49.238+0000][1][safepoint    ] Total time for which application threads were stopped: 0.0000806 seconds, Stopping threads took: 0.0000175 seconds
[2019-12-09T03:17:50.238+0000][1][safepoint    ] Application time: 1.0000729 seconds
[2019-12-09T03:17:50.238+0000][1][safepoint    ] Entering safepoint region: Cleanup
[2019-12-09T03:17:50.238+0000][1][safepoint    ] Leaving safepoint region
[2019-12-09T03:17:50.238+0000][1][safepoint    ] Total time for which application threads were stopped: 0.0000821 seconds, Stopping threads took: 0.0000187 seconds
[2019-12-09T03:17:54.239+0000][1][safepoint    ] Application time: 4.0008201 seconds
[2019-12-09T03:17:54.239+0000][1][safepoint    ] Entering safepoint region: Cleanup
[2019-12-09T03:17:54.239+0000][1][safepoint    ] Leaving safepoint region
[2019-12-09T03:17:54.239+0000][1][safepoint    ] Total time for which application threads were stopped: 0.0000881 seconds, Stopping threads took: 0.0000220 seconds
[2019-12-09T03:17:57.239+0000][1][safepoint    ] Application time: 3.0002144 seconds
[2019-12-09T03:17:57.239+0000][1][safepoint    ] Entering safepoint region: Cleanup
[2019-12-09T03:17:57.239+0000][1][safepoint    ] Leaving safepoint region
[2019-12-09T03:17:57.239+0000][1][safepoint    ] Total time for which application threads were stopped: 0.0000895 seconds, Stopping threads took: 0.0000251 seconds
[2019-12-09T03:17:58.239+0000][1][safepoint    ] Application time: 1.0000754 seconds
[2019-12-09T03:17:58.239+0000][1][safepoint    ] Entering safepoint region: Cleanup
[2019-12-09T03:17:58.240+0000][1][safepoint    ] Leaving safepoint region
[2019-12-09T03:17:58.240+0000][1][safepoint    ] Total time for which application threads were stopped: 0.0001098 seconds, Stopping threads took: 0.0000350 seconds
[2019-12-09T03:18:40.245+0000][1][safepoint    ] Application time: 42.0050158 seconds
[2019-12-09T03:18:40.245+0000][1][safepoint    ] Entering safepoint region: Cleanup
[2019-12-09T03:18:40.245+0000][1][safepoint    ] Leaving safepoint region
[2019-12-09T03:18:40.245+0000][1][safepoint    ] Total time for which application threads were stopped: 0.0000917 seconds, Stopping threads took: 0.0000249 seconds
[2019-12-09T03:18:45.247+0000][1][safepoint    ] Application time: 5.0021545 seconds
[2019-12-09T03:18:45.247+0000][1][safepoint    ] Entering safepoint region: Cleanup
[2019-12-09T03:18:45.247+0000][1][safepoint    ] Leaving safepoint region
[2019-12-09T03:18:45.247+0000][1][safepoint    ] Total time for which application threads were stopped: 0.0000767 seconds, Stopping threads took: 0.0000151 seconds
[2019-12-09T03:18:56.248+0000][1][safepoint    ] Application time: 11.0007526 seconds
[2019-12-09T03:18:56.248+0000][1][safepoint    ] Entering safepoint region: Cleanup
[2019-12-09T03:18:56.248+0000][1][safepoint    ] Leaving safepoint region
[2019-12-09T03:18:56.248+0000][1][safepoint    ] Total time for which application threads were stopped: 0.0000908 seconds, Stopping threads took: 0.0000262 seconds
[2019-12-09T03:18:57.248+0000][1][safepoint    ] Application time: 1.0000799 seconds
[2019-12-09T03:18:57.248+0000][1][safepoint    ] Entering safepoint region: Cleanup
[2019-12-09T03:18:57.248+0000][1][safepoint    ] Leaving safepoint region
[2019-12-09T03:18:57.248+0000][1][safepoint    ] Total time for which application threads were stopped: 0.0000842 seconds, Stopping threads took: 0.0000183 seconds
[2019-12-09T03:19:00.248+0000][1][safepoint    ] Application time: 3.0002244 seconds
[2019-12-09T03:19:00.248+0000][1][safepoint    ] Entering safepoint region: Cleanup
[2019-12-09T03:19:00.248+0000][1][safepoint    ] Leaving safepoint region
[2019-12-09T03:19:00.248+0000][1][safepoint    ] Total time for which application threads were stopped: 0.0000887 seconds, Stopping threads took: 0.0000201 seconds
[2019-12-09T03:19:31.250+0000][1][safepoint    ] Application time: 31.0020503 seconds
[2019-12-09T03:19:31.251+0000][1][safepoint    ] Entering safepoint region: Cleanup
[2019-12-09T03:19:31.251+0000][1][safepoint    ] Leaving safepoint region
[2019-12-09T03:19:31.251+0000][1][safepoint    ] Total time for which application threads were stopped: 0.0000932 seconds, Stopping threads took: 0.0000262 seconds
[2019-12-09T03:19:37.251+0000][1][safepoint    ] Application time: 6.0004036 seconds
[2019-12-09T03:19:37.251+0000][1][safepoint    ] Entering safepoint region: Cleanup
[2019-12-09T03:19:37.251+0000][1][safepoint    ] Leaving safepoint region
[2019-12-09T03:19:37.251+0000][1][safepoint    ] Total time for which application threads were stopped: 0.0000835 seconds, Stopping threads took: 0.0000175 seconds
[2019-12-09T03:19:42.252+0000][1][safepoint    ] Application time: 5.0003363 seconds
[2019-12-09T03:19:42.252+0000][1][safepoint    ] Entering safepoint region: Cleanup
[2019-12-09T03:19:42.252+0000][1][safepoint    ] Leaving safepoint region
[2019-12-09T03:19:42.252+0000][1][safepoint    ] Total time for which application threads were stopped: 0.0000781 seconds, Stopping threads took: 0.0000178 seconds
[2019-12-09T03:19:45.914+0000][1][safepoint    ] Application time: 3.6624471 seconds
[2019-12-09T03:19:45.914+0000][1][safepoint    ] Entering safepoint region: GenCollectForAllocation
[2019-12-09T03:19:45.914+0000][1][gc,start     ] GC(29) Pause Young (Allocation Failure)
[2019-12-09T03:19:45.914+0000][1][gc,task      ] GC(29) Using 2 workers of 2 for evacuation
[2019-12-09T03:19:45.922+0000][1][gc,age       ] GC(29) Desired survivor size 4456448 bytes, new threshold 6 (max threshold 6)
[2019-12-09T03:19:45.922+0000][1][gc,age       ] GC(29) Age table with threshold 6 (max threshold 6)
[2019-12-09T03:19:45.922+0000][1][gc,age       ] GC(29) - age   1:       6712 bytes,       6712 total
[2019-12-09T03:19:45.922+0000][1][gc,age       ] GC(29) - age   2:       2688 bytes,       9400 total
[2019-12-09T03:19:45.922+0000][1][gc,age       ] GC(29) - age   3:       4112 bytes,      13512 total
[2019-12-09T03:19:45.922+0000][1][gc,age       ] GC(29) - age   4:       4520 bytes,      18032 total
[2019-12-09T03:19:45.922+0000][1][gc,age       ] GC(29) - age   5:       4120 bytes,      22152 total
[2019-12-09T03:19:45.922+0000][1][gc,age       ] GC(29) - age   6:      24888 bytes,      47040 total
[2019-12-09T03:19:45.922+0000][1][gc,heap      ] GC(29) ParNew: 72548K->1729K(78656K)
[2019-12-09T03:19:45.922+0000][1][gc,heap      ] GC(29) CMS: 67881K->69613K(174784K)
[2019-12-09T03:19:45.922+0000][1][gc,metaspace ] GC(29) Metaspace: 69077K->69077K(1112064K)
[2019-12-09T03:19:45.922+0000][1][gc           ] GC(29) Pause Young (Allocation Failure) 137M->69M(247M) 7.420ms
[2019-12-09T03:19:45.922+0000][1][gc,cpu       ] GC(29) User=0.01s Sys=0.00s Real=0.01s
[2019-12-09T03:19:45.922+0000][1][safepoint    ] Leaving safepoint region
[2019-12-09T03:19:45.922+0000][1][safepoint    ] Total time for which application threads were stopped: 0.0075594 seconds, Stopping threads took: 0.0000164 seconds
[2019-12-09T03:19:51.922+0000][1][safepoint    ] Application time: 6.0004264 seconds
[2019-12-09T03:19:51.922+0000][1][safepoint    ] Entering safepoint region: Cleanup
[2019-12-09T03:19:51.922+0000][1][safepoint    ] Leaving safepoint region
[2019-12-09T03:19:51.922+0000][1][safepoint    ] Total time for which application threads were stopped: 0.0000776 seconds, Stopping threads took: 0.0000172 seconds
[2019-12-09T03:20:06.382+0000][1][safepoint    ] Application time: 14.4599915 seconds
[2019-12-09T03:20:06.382+0000][1][safepoint    ] Entering safepoint region: RevokeBias
[2019-12-09T03:20:06.382+0000][1][safepoint    ] Leaving safepoint region
[2019-12-09T03:20:06.382+0000][1][safepoint    ] Total time for which application threads were stopped: 0.0000863 seconds, Stopping threads took: 0.0000167 seconds
[2019-12-09T03:20:06.382+0000][1][safepoint    ] Application time: 0.0000702 seconds
[2019-12-09T03:20:06.382+0000][1][safepoint    ] Entering safepoint region: RevokeBias
[2019-12-09T03:20:06.382+0000][1][safepoint    ] Leaving safepoint region
[2019-12-09T03:20:06.382+0000][1][safepoint    ] Total time for which application threads were stopped: 0.0000376 seconds, Stopping threads took: 0.0000082 seconds
[2019-12-09T03:20:06.389+0000][1][safepoint    ] Application time: 0.0063222 seconds
[2019-12-09T03:20:06.394+0000][1][safepoint    ] Entering safepoint region: RevokeBias
[2019-12-09T03:20:06.394+0000][1][safepoint    ] Leaving safepoint region
[2019-12-09T03:20:06.394+0000][1][safepoint    ] Total time for which application threads were stopped: 0.0049571 seconds, Stopping threads took: 0.0048786 seconds
[2019-12-09T03:20:06.394+0000][1][safepoint    ] Application time: 0.0001048 seconds
[2019-12-09T03:20:06.394+0000][1][safepoint    ] Entering safepoint region: RevokeBias
[2019-12-09T03:20:06.394+0000][1][safepoint    ] Leaving safepoint region
[2019-12-09T03:20:06.394+0000][1][safepoint    ] Total time for which application threads were stopped: 0.0000490 seconds, Stopping threads took: 0.0000105 seconds
[2019-12-09T03:20:06.395+0000][1][safepoint    ] Application time: 0.0006624 seconds
[2019-12-09T03:20:06.395+0000][1][safepoint    ] Entering safepoint region: RevokeBias
[2019-12-09T03:20:06.395+0000][1][safepoint    ] Leaving safepoint region
[2019-12-09T03:20:06.395+0000][1][safepoint    ] Total time for which application threads were stopped: 0.0000694 seconds, Stopping threads took: 0.0000150 seconds
[2019-12-09T03:20:06.396+0000][1][safepoint    ] Application time: 0.0008660 seconds
[2019-12-09T03:20:06.396+0000][1][safepoint    ] Entering safepoint region: RevokeBias
[2019-12-09T03:20:06.396+0000][1][safepoint    ] Leaving safepoint region
[2019-12-09T03:20:06.396+0000][1][safepoint    ] Total time for which application threads were stopped: 0.0000597 seconds, Stopping threads took: 0.0000130 seconds
[2019-12-09T03:20:06.400+0000][1][safepoint    ] Application time: 0.0041862 seconds
[2019-12-09T03:20:06.400+0000][1][safepoint    ] Entering safepoint region: RevokeBias
[2019-12-09T03:20:06.400+0000][1][safepoint    ] Leaving safepoint region
[2019-12-09T03:20:06.400+0000][1][safepoint    ] Total time for which application threads were stopped: 0.0000609 seconds, Stopping threads took: 0.0000138 seconds
[2019-12-09T03:20:06.400+0000][1][safepoint    ] Application time: 0.0004360 seconds
[2019-12-09T03:20:06.400+0000][1][safepoint    ] Entering safepoint region: RevokeBias
[2019-12-09T03:20:06.400+0000][1][safepoint    ] Leaving safepoint region
[2019-12-09T03:20:06.400+0000][1][safepoint    ] Total time for which application threads were stopped: 0.0000687 seconds, Stopping threads took: 0.0000124 seconds
[2019-12-09T03:20:06.401+0000][1][safepoint    ] Application time: 0.0002271 seconds
[2019-12-09T03:20:06.401+0000][1][safepoint    ] Entering safepoint region: RevokeBias
[2019-12-09T03:20:06.401+0000][1][safepoint    ] Leaving safepoint region
[2019-12-09T03:20:06.401+0000][1][safepoint    ] Total time for which application threads were stopped: 0.0000783 seconds, Stopping threads took: 0.0000125 seconds
[2019-12-09T03:20:06.413+0000][1][safepoint    ] Application time: 0.0123999 seconds
[2019-12-09T03:20:06.413+0000][1][safepoint    ] Entering safepoint region: RevokeBias
[2019-12-09T03:20:06.413+0000][1][safepoint    ] Leaving safepoint region
[2019-12-09T03:20:06.413+0000][1][safepoint    ] Total time for which application threads were stopped: 0.0000784 seconds, Stopping threads took: 0.0000151 seconds
[2019-12-09T03:20:06.417+0000][1][safepoint    ] Application time: 0.0040310 seconds
[2019-12-09T03:20:06.427+0000][1][safepoint    ] Entering safepoint region: RevokeBias
[2019-12-09T03:20:06.427+0000][1][safepoint    ] Leaving safepoint region
[2019-12-09T03:20:06.427+0000][1][safepoint    ] Total time for which application threads were stopped: 0.0096064 seconds, Stopping threads took: 0.0095114 seconds
[2019-12-09T03:20:06.428+0000][1][safepoint    ] Application time: 0.0008448 seconds
[2019-12-09T03:20:06.428+0000][1][safepoint    ] Entering safepoint region: RevokeBias
[2019-12-09T03:20:06.428+0000][1][safepoint    ] Leaving safepoint region
[2019-12-09T03:20:06.428+0000][1][safepoint    ] Total time for which application threads were stopped: 0.0000611 seconds, Stopping threads took: 0.0000138 seconds
[2019-12-09T03:20:06.428+0000][1][safepoint    ] Application time: 0.0001441 seconds
[2019-12-09T03:20:06.428+0000][1][safepoint    ] Entering safepoint region: RevokeBias
[2019-12-09T03:20:06.428+0000][1][safepoint    ] Leaving safepoint region
[2019-12-09T03:20:06.428+0000][1][safepoint    ] Total time for which application threads were stopped: 0.0000555 seconds, Stopping threads took: 0.0000186 seconds
[2019-12-09T03:20:06.428+0000][1][safepoint    ] Application time: 0.0000616 seconds
[2019-12-09T03:20:06.428+0000][1][safepoint    ] Entering safepoint region: RevokeBias
[2019-12-09T03:20:06.428+0000][1][safepoint    ] Leaving safepoint region
[2019-12-09T03:20:06.428+0000][1][safepoint    ] Total time for which application threads were stopped: 0.0000397 seconds, Stopping threads took: 0.0000091 seconds
[2019-12-09T03:20:06.428+0000][1][safepoint    ] Application time: 0.0001118 seconds
[2019-12-09T03:20:06.428+0000][1][safepoint    ] Entering safepoint region: RevokeBias
[2019-12-09T03:20:06.428+0000][1][safepoint    ] Leaving safepoint region
[2019-12-09T03:20:06.428+0000][1][safepoint    ] Total time for which application threads were stopped: 0.0000419 seconds, Stopping threads took: 0.0000086 seconds
[2019-12-09T03:20:06.428+0000][1][safepoint    ] Application time: 0.0000492 seconds
[2019-12-09T03:20:06.428+0000][1][safepoint    ] Entering safepoint region: RevokeBias
[2019-12-09T03:20:06.428+0000][1][safepoint    ] Leaving safepoint region
[2019-12-09T03:20:06.429+0000][1][safepoint    ] Total time for which application threads were stopped: 0.0000378 seconds, Stopping threads took: 0.0000080 seconds
[2019-12-09T03:20:06.429+0000][1][safepoint    ] Application time: 0.0002687 seconds
[2019-12-09T03:20:06.429+0000][1][safepoint    ] Entering safepoint region: RevokeBias
[2019-12-09T03:20:06.429+0000][1][safepoint    ] Leaving safepoint region
[2019-12-09T03:20:06.429+0000][1][safepoint    ] Total time for which application threads were stopped: 0.0000546 seconds, Stopping threads took: 0.0000115 seconds
[2019-12-09T03:20:06.429+0000][1][safepoint    ] Application time: 0.0000661 seconds
[2019-12-09T03:20:06.429+0000][1][safepoint    ] Entering safepoint region: RevokeBias
[2019-12-09T03:20:06.429+0000][1][safepoint    ] Leaving safepoint region
[2019-12-09T03:20:06.429+0000][1][safepoint    ] Total time for which application threads were stopped: 0.0000456 seconds, Stopping threads took: 0.0000095 seconds
[2019-12-09T03:20:06.429+0000][1][safepoint    ] Application time: 0.0003834 seconds
[2019-12-09T03:20:06.429+0000][1][safepoint    ] Entering safepoint region: RevokeBias
[2019-12-09T03:20:06.429+0000][1][safepoint    ] Leaving safepoint region
[2019-12-09T03:20:06.429+0000][1][safepoint    ] Total time for which application threads were stopped: 0.0000613 seconds, Stopping threads took: 0.0000126 seconds
[2019-12-09T03:20:06.502+0000][1][safepoint    ] Application time: 0.0722333 seconds
[2019-12-09T03:20:06.502+0000][1][safepoint    ] Entering safepoint region: RevokeBias
[2019-12-09T03:20:06.502+0000][1][safepoint    ] Leaving safepoint region
[2019-12-09T03:20:06.502+0000][1][safepoint    ] Total time for which application threads were stopped: 0.0001156 seconds, Stopping threads took: 0.0000194 seconds
[2019-12-09T03:20:06.566+0000][1][safepoint    ] Application time: 0.0640531 seconds
[2019-12-09T03:20:06.566+0000][1][safepoint    ] Entering safepoint region: RevokeBias
[2019-12-09T03:20:06.566+0000][1][safepoint    ] Leaving safepoint region
[2019-12-09T03:20:06.566+0000][1][safepoint    ] Total time for which application threads were stopped: 0.0001174 seconds, Stopping threads took: 0.0000191 seconds
[2019-12-09T03:20:06.566+0000][1][safepoint    ] Application time: 0.0002291 seconds
[2019-12-09T03:20:06.566+0000][1][safepoint    ] Entering safepoint region: RevokeBias
[2019-12-09T03:20:06.566+0000][1][safepoint    ] Leaving safepoint region
[2019-12-09T03:20:06.566+0000][1][safepoint    ] Total time for which application threads were stopped: 0.0000903 seconds, Stopping threads took: 0.0000134 seconds
[2019-12-09T03:20:06.567+0000][1][safepoint    ] Application time: 0.0003840 seconds
[2019-12-09T03:20:06.567+0000][1][safepoint    ] Entering safepoint region: RevokeBias
[2019-12-09T03:20:06.567+0000][1][safepoint    ] Leaving safepoint region
[2019-12-09T03:20:06.567+0000][1][safepoint    ] Total time for which application threads were stopped: 0.0000925 seconds, Stopping threads took: 0.0000124 seconds
[2019-12-09T03:20:06.568+0000][1][safepoint    ] Application time: 0.0006949 seconds
[2019-12-09T03:20:06.568+0000][1][safepoint    ] Entering safepoint region: RevokeBias
[2019-12-09T03:20:06.568+0000][1][safepoint    ] Leaving safepoint region
[2019-12-09T03:20:06.568+0000][1][safepoint    ] Total time for which application threads were stopped: 0.0001064 seconds, Stopping threads took: 0.0000127 seconds
[2019-12-09T03:20:06.568+0000][1][safepoint    ] Application time: 0.0003562 seconds
[2019-12-09T03:20:06.568+0000][1][safepoint    ] Entering safepoint region: RevokeBias
[2019-12-09T03:20:06.568+0000][1][safepoint    ] Leaving safepoint region
[2019-12-09T03:20:06.568+0000][1][safepoint    ] Total time for which application threads were stopped: 0.0000738 seconds, Stopping threads took: 0.0000122 seconds
[2019-12-09T03:20:06.604+0000][1][safepoint    ] Application time: 0.0354983 seconds
[2019-12-09T03:20:06.604+0000][1][safepoint    ] Entering safepoint region: RevokeBias
[2019-12-09T03:20:06.604+0000][1][safepoint    ] Leaving safepoint region
[2019-12-09T03:20:06.604+0000][1][safepoint    ] Total time for which application threads were stopped: 0.0001088 seconds, Stopping threads took: 0.0000188 seconds
[2019-12-09T03:20:06.604+0000][1][safepoint    ] Application time: 0.0004546 seconds
[2019-12-09T03:20:06.604+0000][1][safepoint    ] Entering safepoint region: RevokeBias
[2019-12-09T03:20:06.604+0000][1][safepoint    ] Leaving safepoint region
[2019-12-09T03:20:06.604+0000][1][safepoint    ] Total time for which application threads were stopped: 0.0001025 seconds, Stopping threads took: 0.0000132 seconds
[2019-12-09T03:20:06.605+0000][1][safepoint    ] Application time: 0.0005526 seconds
[2019-12-09T03:20:06.605+0000][1][safepoint    ] Entering safepoint region: BulkRevokeBias
[2019-12-09T03:20:06.605+0000][1][safepoint    ] Leaving safepoint region
[2019-12-09T03:20:06.605+0000][1][safepoint    ] Total time for which application threads were stopped: 0.0003264 seconds, Stopping threads took: 0.0000129 seconds
[2019-12-09T03:20:06.660+0000][1][safepoint    ] Application time: 0.0551204 seconds
[2019-12-09T03:20:06.674+0000][1][safepoint    ] Entering safepoint region: RevokeBias
[2019-12-09T03:20:06.674+0000][1][safepoint    ] Leaving safepoint region
[2019-12-09T03:20:06.674+0000][1][safepoint    ] Total time for which application threads were stopped: 0.0135996 seconds, Stopping threads took: 0.0134365 seconds
[2019-12-09T03:20:06.675+0000][1][safepoint    ] Application time: 0.0011422 seconds
[2019-12-09T03:20:06.675+0000][1][safepoint    ] Entering safepoint region: RevokeBias
[2019-12-09T03:20:06.675+0000][1][safepoint    ] Leaving safepoint region
[2019-12-09T03:20:06.675+0000][1][safepoint    ] Total time for which application threads were stopped: 0.0001100 seconds, Stopping threads took: 0.0000158 seconds
[2019-12-09T03:20:06.676+0000][1][safepoint    ] Application time: 0.0007682 seconds
[2019-12-09T03:20:06.676+0000][1][safepoint    ] Entering safepoint region: RevokeBias
[2019-12-09T03:20:06.676+0000][1][safepoint    ] Leaving safepoint region
[2019-12-09T03:20:06.676+0000][1][safepoint    ] Total time for which application threads were stopped: 0.0000967 seconds, Stopping threads took: 0.0000136 seconds
[2019-12-09T03:20:06.676+0000][1][safepoint    ] Application time: 0.0001942 seconds
[2019-12-09T03:20:06.676+0000][1][safepoint    ] Entering safepoint region: RevokeBias
[2019-12-09T03:20:06.677+0000][1][safepoint    ] Leaving safepoint region
[2019-12-09T03:20:06.677+0000][1][safepoint    ] Total time for which application threads were stopped: 0.0000833 seconds, Stopping threads took: 0.0000114 seconds
[2019-12-09T03:20:06.677+0000][1][safepoint    ] Application time: 0.0001382 seconds
[2019-12-09T03:20:06.677+0000][1][safepoint    ] Entering safepoint region: RevokeBias
[2019-12-09T03:20:06.677+0000][1][safepoint    ] Leaving safepoint region
[2019-12-09T03:20:06.677+0000][1][safepoint    ] Total time for which application threads were stopped: 0.0000851 seconds, Stopping threads took: 0.0000112 seconds
[2019-12-09T03:20:06.677+0000][1][safepoint    ] Application time: 0.0004601 seconds
[2019-12-09T03:20:06.677+0000][1][safepoint    ] Entering safepoint region: RevokeBias
[2019-12-09T03:20:06.677+0000][1][safepoint    ] Leaving safepoint region
[2019-12-09T03:20:06.677+0000][1][safepoint    ] Total time for which application threads were stopped: 0.0000912 seconds, Stopping threads took: 0.0000121 seconds
[2019-12-09T03:20:06.678+0000][1][safepoint    ] Application time: 0.0001390 seconds
[2019-12-09T03:20:06.678+0000][1][safepoint    ] Entering safepoint region: RevokeBias
[2019-12-09T03:20:06.678+0000][1][safepoint    ] Leaving safepoint region
[2019-12-09T03:20:06.678+0000][1][safepoint    ] Total time for which application threads were stopped: 0.0000814 seconds, Stopping threads took: 0.0000111 seconds
[2019-12-09T03:20:06.678+0000][1][safepoint    ] Application time: 0.0001200 seconds
[2019-12-09T03:20:06.678+0000][1][safepoint    ] Entering safepoint region: RevokeBias
[2019-12-09T03:20:06.678+0000][1][safepoint    ] Leaving safepoint region
[2019-12-09T03:20:06.678+0000][1][safepoint    ] Total time for which application threads were stopped: 0.0000936 seconds, Stopping threads took: 0.0000110 seconds
[2019-12-09T03:20:06.678+0000][1][safepoint    ] Application time: 0.0003259 seconds
[2019-12-09T03:20:06.678+0000][1][safepoint    ] Entering safepoint region: RevokeBias
[2019-12-09T03:20:06.678+0000][1][safepoint    ] Leaving safepoint region
[2019-12-09T03:20:06.678+0000][1][safepoint    ] Total time for which application threads were stopped: 0.0000765 seconds, Stopping threads took: 0.0000112 seconds
[2019-12-09T03:20:06.679+0000][1][safepoint    ] Application time: 0.0002298 seconds
[2019-12-09T03:20:06.679+0000][1][safepoint    ] Entering safepoint region: RevokeBias
[2019-12-09T03:20:06.679+0000][1][safepoint    ] Leaving safepoint region
[2019-12-09T03:20:06.679+0000][1][safepoint    ] Total time for which application threads were stopped: 0.0000904 seconds, Stopping threads took: 0.0000111 seconds
[2019-12-09T03:20:06.679+0000][1][safepoint    ] Application time: 0.0003476 seconds
[2019-12-09T03:20:06.679+0000][1][safepoint    ] Entering safepoint region: RevokeBias
[2019-12-09T03:20:06.679+0000][1][safepoint    ] Leaving safepoint region
[2019-12-09T03:20:06.679+0000][1][safepoint    ] Total time for which application threads were stopped: 0.0001269 seconds, Stopping threads took: 0.0000125 seconds
[2019-12-09T03:20:06.679+0000][1][safepoint    ] Application time: 0.0001959 seconds
[2019-12-09T03:20:06.679+0000][1][safepoint    ] Entering safepoint region: RevokeBias
[2019-12-09T03:20:06.679+0000][1][safepoint    ] Leaving safepoint region
[2019-12-09T03:20:06.679+0000][1][safepoint    ] Total time for which application threads were stopped: 0.0000927 seconds, Stopping threads took: 0.0000115 seconds
[2019-12-09T03:20:06.680+0000][1][safepoint    ] Application time: 0.0001411 seconds
[2019-12-09T03:20:06.680+0000][1][safepoint    ] Entering safepoint region: RevokeBias
[2019-12-09T03:20:06.680+0000][1][safepoint    ] Leaving safepoint region
[2019-12-09T03:20:06.680+0000][1][safepoint    ] Total time for which application threads were stopped: 0.0001534 seconds, Stopping threads took: 0.0000109 seconds
[2019-12-09T03:20:06.686+0000][1][safepoint    ] Application time: 0.0059329 seconds
[2019-12-09T03:20:06.686+0000][1][safepoint    ] Entering safepoint region: RevokeBias
[2019-12-09T03:20:06.686+0000][1][safepoint    ] Leaving safepoint region
[2019-12-09T03:20:06.686+0000][1][safepoint    ] Total time for which application threads were stopped: 0.0002753 seconds, Stopping threads took: 0.0001272 seconds
[2019-12-09T03:20:06.712+0000][1][safepoint    ] Application time: 0.0264091 seconds
[2019-12-09T03:20:06.713+0000][1][safepoint    ] Entering safepoint region: RevokeBias
[2019-12-09T03:20:06.713+0000][1][safepoint    ] Leaving safepoint region
[2019-12-09T03:20:06.713+0000][1][safepoint    ] Total time for which application threads were stopped: 0.0004451 seconds, Stopping threads took: 0.0002614 seconds
[2019-12-09T03:20:06.742+0000][1][safepoint    ] Application time: 0.0286999 seconds
[2019-12-09T03:20:06.766+0000][1][safepoint    ] Entering safepoint region: RevokeBias
[2019-12-09T03:20:06.766+0000][1][safepoint    ] Leaving safepoint region
[2019-12-09T03:20:06.766+0000][1][safepoint    ] Total time for which application threads were stopped: 0.0247037 seconds, Stopping threads took: 0.0241091 seconds
[2019-12-09T03:20:06.778+0000][1][safepoint    ] Application time: 0.0114042 seconds
[2019-12-09T03:20:06.778+0000][1][safepoint    ] Entering safepoint region: RevokeBias
[2019-12-09T03:20:06.778+0000][1][safepoint    ] Leaving safepoint region
[2019-12-09T03:20:06.778+0000][1][safepoint    ] Total time for which application threads were stopped: 0.0004771 seconds, Stopping threads took: 0.0001459 seconds
[2019-12-09T03:20:06.784+0000][1][safepoint    ] Application time: 0.0053137 seconds
[2019-12-09T03:20:06.784+0000][1][safepoint    ] Entering safepoint region: RevokeBias
[2019-12-09T03:20:06.784+0000][1][safepoint    ] Leaving safepoint region
[2019-12-09T03:20:06.784+0000][1][safepoint    ] Total time for which application threads were stopped: 0.0003372 seconds, Stopping threads took: 0.0000140 seconds
[2019-12-09T03:20:06.793+0000][1][safepoint    ] Application time: 0.0085962 seconds
[2019-12-09T03:20:06.801+0000][1][safepoint    ] Entering safepoint region: RevokeBias
[2019-12-09T03:20:06.801+0000][1][safepoint    ] Leaving safepoint region
[2019-12-09T03:20:06.801+0000][1][safepoint    ] Total time for which application threads were stopped: 0.0086639 seconds, Stopping threads took: 0.0082356 seconds
[2019-12-09T03:20:06.801+0000][1][safepoint    ] Application time: 0.0002017 seconds
[2019-12-09T03:20:06.801+0000][1][safepoint    ] Entering safepoint region: RevokeBias
[2019-12-09T03:20:06.802+0000][1][safepoint    ] Leaving safepoint region
[2019-12-09T03:20:06.802+0000][1][safepoint    ] Total time for which application threads were stopped: 0.0000784 seconds, Stopping threads took: 0.0000124 seconds
[2019-12-09T03:20:06.802+0000][1][safepoint    ] Application time: 0.0002284 seconds
[2019-12-09T03:20:06.802+0000][1][safepoint    ] Entering safepoint region: RevokeBias
[2019-12-09T03:20:06.802+0000][1][safepoint    ] Leaving safepoint region
[2019-12-09T03:20:06.802+0000][1][safepoint    ] Total time for which application threads were stopped: 0.0000521 seconds, Stopping threads took: 0.0000105 seconds
[2019-12-09T03:20:06.802+0000][1][safepoint    ] Application time: 0.0000385 seconds
[2019-12-09T03:20:06.802+0000][1][safepoint    ] Entering safepoint region: RevokeBias
[2019-12-09T03:20:06.802+0000][1][safepoint    ] Leaving safepoint region
[2019-12-09T03:20:06.802+0000][1][safepoint    ] Total time for which application threads were stopped: 0.0000424 seconds, Stopping threads took: 0.0000089 seconds
[2019-12-09T03:20:06.803+0000][1][safepoint    ] Application time: 0.0008092 seconds
[2019-12-09T03:20:06.803+0000][1][safepoint    ] Entering safepoint region: RevokeBias
[2019-12-09T03:20:06.803+0000][1][safepoint    ] Leaving safepoint region
[2019-12-09T03:20:06.803+0000][1][safepoint    ] Total time for which application threads were stopped: 0.0000600 seconds, Stopping threads took: 0.0000132 seconds
[2019-12-09T03:20:06.803+0000][1][safepoint    ] Application time: 0.0000440 seconds
[2019-12-09T03:20:06.803+0000][1][safepoint    ] Entering safepoint region: RevokeBias
[2019-12-09T03:20:06.803+0000][1][safepoint    ] Leaving safepoint region
[2019-12-09T03:20:06.803+0000][1][safepoint    ] Total time for which application threads were stopped: 0.0000417 seconds, Stopping threads took: 0.0000091 seconds
[2019-12-09T03:20:06.803+0000][1][safepoint    ] Application time: 0.0000381 seconds
[2019-12-09T03:20:06.803+0000][1][safepoint    ] Entering safepoint region: RevokeBias
[2019-12-09T03:20:06.803+0000][1][safepoint    ] Leaving safepoint region
[2019-12-09T03:20:06.803+0000][1][safepoint    ] Total time for which application threads were stopped: 0.0000411 seconds, Stopping threads took: 0.0000087 seconds
[2019-12-09T03:20:06.803+0000][1][safepoint    ] Application time: 0.0000500 seconds
[2019-12-09T03:20:06.803+0000][1][safepoint    ] Entering safepoint region: RevokeBias
[2019-12-09T03:20:06.803+0000][1][safepoint    ] Leaving safepoint region
[2019-12-09T03:20:06.803+0000][1][safepoint    ] Total time for which application threads were stopped: 0.0000414 seconds, Stopping threads took: 0.0000088 seconds
[2019-12-09T03:20:06.803+0000][1][safepoint    ] Application time: 0.0000565 seconds
[2019-12-09T03:20:06.803+0000][1][safepoint    ] Entering safepoint region: RevokeBias
[2019-12-09T03:20:06.803+0000][1][safepoint    ] Leaving safepoint region
[2019-12-09T03:20:06.803+0000][1][safepoint    ] Total time for which application threads were stopped: 0.0000357 seconds, Stopping threads took: 0.0000076 seconds
[2019-12-09T03:20:06.803+0000][1][safepoint    ] Application time: 0.0000552 seconds
[2019-12-09T03:20:06.803+0000][1][safepoint    ] Entering safepoint region: RevokeBias
[2019-12-09T03:20:06.803+0000][1][safepoint    ] Leaving safepoint region
[2019-12-09T03:20:06.803+0000][1][safepoint    ] Total time for which application threads were stopped: 0.0000361 seconds, Stopping threads took: 0.0000076 seconds
[2019-12-09T03:20:06.805+0000][1][safepoint    ] Application time: 0.0014778 seconds
[2019-12-09T03:20:06.805+0000][1][safepoint    ] Entering safepoint region: RevokeBias
[2019-12-09T03:20:06.805+0000][1][safepoint    ] Leaving safepoint region
[2019-12-09T03:20:06.805+0000][1][safepoint    ] Total time for which application threads were stopped: 0.0000561 seconds, Stopping threads took: 0.0000116 seconds
[2019-12-09T03:20:06.814+0000][1][safepoint    ] Application time: 0.0089706 seconds
[2019-12-09T03:20:06.840+0000][1][safepoint    ] Entering safepoint region: BulkRevokeBias
[2019-12-09T03:20:06.840+0000][1][safepoint    ] Leaving safepoint region
[2019-12-09T03:20:06.840+0000][1][safepoint    ] Total time for which application threads were stopped: 0.0263356 seconds, Stopping threads took: 0.0259473 seconds
[2019-12-09T03:20:06.908+0000][1][safepoint    ] Application time: 0.0675005 seconds
[2019-12-09T03:20:06.947+0000][1][safepoint    ] Entering safepoint region: RevokeBias
[2019-12-09T03:20:06.947+0000][1][safepoint    ] Leaving safepoint region
[2019-12-09T03:20:06.947+0000][1][safepoint    ] Total time for which application threads were stopped: 0.0392582 seconds, Stopping threads took: 0.0391307 seconds
[2019-12-09T03:20:06.958+0000][1][safepoint    ] Application time: 0.0105068 seconds
[2019-12-09T03:20:06.958+0000][1][safepoint    ] Entering safepoint region: RevokeBias
[2019-12-09T03:20:06.958+0000][1][safepoint    ] Leaving safepoint region
[2019-12-09T03:20:06.958+0000][1][safepoint    ] Total time for which application threads were stopped: 0.0001083 seconds, Stopping threads took: 0.0000174 seconds
[2019-12-09T03:20:06.958+0000][1][safepoint    ] Application time: 0.0005274 seconds
[2019-12-09T03:20:06.958+0000][1][safepoint    ] Entering safepoint region: RevokeBias
[2019-12-09T03:20:06.958+0000][1][safepoint    ] Leaving safepoint region
[2019-12-09T03:20:06.958+0000][1][safepoint    ] Total time for which application threads were stopped: 0.0000684 seconds, Stopping threads took: 0.0000144 seconds
[2019-12-09T03:20:06.974+0000][1][safepoint    ] Application time: 0.0154320 seconds
[2019-12-09T03:20:06.974+0000][1][safepoint    ] Entering safepoint region: RevokeBias
[2019-12-09T03:20:06.974+0000][1][safepoint    ] Leaving safepoint region
[2019-12-09T03:20:06.974+0000][1][safepoint    ] Total time for which application threads were stopped: 0.0000728 seconds, Stopping threads took: 0.0000147 seconds
[2019-12-09T03:20:06.981+0000][1][safepoint    ] Application time: 0.0073109 seconds
[2019-12-09T03:20:06.981+0000][1][safepoint    ] Entering safepoint region: RevokeBias
[2019-12-09T03:20:06.981+0000][1][safepoint    ] Leaving safepoint region
[2019-12-09T03:20:06.981+0000][1][safepoint    ] Total time for which application threads were stopped: 0.0000561 seconds, Stopping threads took: 0.0000156 seconds
[2019-12-09T03:20:06.988+0000][1][safepoint    ] Application time: 0.0066596 seconds
[2019-12-09T03:20:06.988+0000][1][safepoint    ] Entering safepoint region: RevokeBias
[2019-12-09T03:20:06.988+0000][1][safepoint    ] Leaving safepoint region
[2019-12-09T03:20:06.988+0000][1][safepoint    ] Total time for which application threads were stopped: 0.0000412 seconds, Stopping threads took: 0.0000103 seconds
[2019-12-09T03:20:06.989+0000][1][safepoint    ] Application time: 0.0012301 seconds
[2019-12-09T03:20:06.989+0000][1][safepoint    ] Entering safepoint region: RevokeBias
[2019-12-09T03:20:06.989+0000][1][safepoint    ] Leaving safepoint region
[2019-12-09T03:20:06.989+0000][1][safepoint    ] Total time for which application threads were stopped: 0.0000512 seconds, Stopping threads took: 0.0000122 seconds
[2019-12-09T03:20:07.040+0000][1][gc,heap,exit ] Heap
[2019-12-09T03:20:07.041+0000][1][gc,heap,exit ]  par new generation   total 78656K, used 27468K [0x00000000f0000000, 0x00000000f5550000, 0x00000000f5550000)
[2019-12-09T03:20:07.041+0000][1][gc,heap,exit ]   eden space 69952K,  36% used [0x00000000f0000000, 0x00000000f1922bc8, 0x00000000f4450000)
[2019-12-09T03:20:07.041+0000][1][gc,heap,exit ]   from space 8704K,  19% used [0x00000000f4450000, 0x00000000f4600520, 0x00000000f4cd0000)
[2019-12-09T03:20:07.041+0000][1][gc,heap,exit ]   to   space 8704K,   0% used [0x00000000f4cd0000, 0x00000000f4cd0000, 0x00000000f5550000)
[2019-12-09T03:20:07.041+0000][1][gc,heap,exit ]  concurrent mark-sweep generation total 174784K, used 69613K [0x00000000f5550000, 0x0000000100000000, 0x0000000100000000)
[2019-12-09T03:20:07.041+0000][1][gc,heap,exit ]  Metaspace       used 69338K, capacity 74496K, committed 74712K, reserved 1112064K
[2019-12-09T03:20:07.041+0000][1][gc,heap,exit ]   class space    used 9341K, capacity 11558K, committed 11592K, reserved 1048576K
[2019-12-09T03:20:07.043+0000][1][safepoint    ] Application time: 0.0540716 seconds
[2019-12-09T03:20:07.043+0000][1][safepoint    ] Entering safepoint region: Exit
