[2019-12-09T02:02:58.188+0000][1][gc] Using Concurrent Mark Sweep
[2019-12-09T02:02:58.188+0000][1][gc,heap,coops] Heap address: 0x00000000f0000000, size: 256 MB, Compressed Oops mode: 32-bit
[2019-12-09T02:02:58.565+0000][1][safepoint    ] Entering safepoint region: EnableBiasedLocking
[2019-12-09T02:02:58.566+0000][1][safepoint    ] Leaving safepoint region
[2019-12-09T02:02:58.566+0000][1][safepoint    ] Total time for which application threads were stopped: 0.0623279 seconds, Stopping threads took: 0.0622337 seconds
[2019-12-09T02:02:58.577+0000][1][safepoint    ] Application time: 0.0115023 seconds
[2019-12-09T02:02:58.577+0000][1][safepoint    ] Entering safepoint region: RevokeBias
[2019-12-09T02:02:58.577+0000][1][safepoint    ] Leaving safepoint region
[2019-12-09T02:02:58.577+0000][1][safepoint    ] Total time for which application threads were stopped: 0.0001102 seconds, Stopping threads took: 0.0000388 seconds
[2019-12-09T02:02:58.629+0000][1][safepoint    ] Application time: 0.0513701 seconds
[2019-12-09T02:02:58.629+0000][1][safepoint    ] Entering safepoint region: Deoptimize
[2019-12-09T02:02:58.629+0000][1][safepoint    ] Leaving safepoint region
[2019-12-09T02:02:58.629+0000][1][safepoint    ] Total time for which application threads were stopped: 0.0000697 seconds, Stopping threads took: 0.0000138 seconds
[2019-12-09T02:02:59.411+0000][1][safepoint    ] Application time: 0.7819898 seconds
[2019-12-09T02:02:59.411+0000][1][safepoint    ] Entering safepoint region: Deoptimize
[2019-12-09T02:02:59.411+0000][1][safepoint    ] Leaving safepoint region
[2019-12-09T02:02:59.411+0000][1][safepoint    ] Total time for which application threads were stopped: 0.0000982 seconds, Stopping threads took: 0.0000099 seconds
[2019-12-09T02:03:00.411+0000][1][safepoint    ] Application time: 1.0003275 seconds
[2019-12-09T02:03:00.411+0000][1][safepoint    ] Entering safepoint region: Cleanup
[2019-12-09T02:03:00.412+0000][1][safepoint    ] Leaving safepoint region
[2019-12-09T02:03:00.412+0000][1][safepoint    ] Total time for which application threads were stopped: 0.0001144 seconds, Stopping threads took: 0.0000570 seconds
[2019-12-09T02:03:01.419+0000][1][safepoint    ] Application time: 1.0071837 seconds
[2019-12-09T02:03:01.419+0000][1][safepoint    ] Entering safepoint region: Cleanup
[2019-12-09T02:03:01.419+0000][1][safepoint    ] Leaving safepoint region
[2019-12-09T02:03:01.419+0000][1][safepoint    ] Total time for which application threads were stopped: 0.0001138 seconds, Stopping threads took: 0.0000580 seconds
[2019-12-09T02:03:01.660+0000][1][safepoint    ] Application time: 0.2408174 seconds
[2019-12-09T02:03:01.660+0000][1][safepoint    ] Entering safepoint region: Deoptimize
[2019-12-09T02:03:01.660+0000][1][safepoint    ] Leaving safepoint region
[2019-12-09T02:03:01.660+0000][1][safepoint    ] Total time for which application threads were stopped: 0.0001709 seconds, Stopping threads took: 0.0000105 seconds
[2019-12-09T02:03:01.970+0000][1][safepoint    ] Application time: 0.3103699 seconds
[2019-12-09T02:03:01.970+0000][1][safepoint    ] Entering safepoint region: Deoptimize
[2019-12-09T02:03:01.970+0000][1][safepoint    ] Leaving safepoint region
[2019-12-09T02:03:01.970+0000][1][safepoint    ] Total time for which application threads were stopped: 0.0001423 seconds, Stopping threads took: 0.0000104 seconds
[2019-12-09T02:03:02.436+0000][1][safepoint    ] Application time: 0.4652215 seconds
[2019-12-09T02:03:02.436+0000][1][safepoint    ] Entering safepoint region: Deoptimize
[2019-12-09T02:03:02.436+0000][1][safepoint    ] Leaving safepoint region
[2019-12-09T02:03:02.436+0000][1][safepoint    ] Total time for which application threads were stopped: 0.0001619 seconds, Stopping threads took: 0.0000105 seconds
[2019-12-09T02:03:02.528+0000][1][safepoint    ] Application time: 0.0917543 seconds
[2019-12-09T02:03:02.528+0000][1][safepoint    ] Entering safepoint region: Deoptimize
[2019-12-09T02:03:02.528+0000][1][safepoint    ] Leaving safepoint region
[2019-12-09T02:03:02.528+0000][1][safepoint    ] Total time for which application threads were stopped: 0.0001576 seconds, Stopping threads took: 0.0000121 seconds
[2019-12-09T02:03:03.537+0000][1][safepoint    ] Application time: 1.0088148 seconds
[2019-12-09T02:03:03.596+0000][1][safepoint    ] Entering safepoint region: Cleanup
[2019-12-09T02:03:03.596+0000][1][safepoint    ] Leaving safepoint region
[2019-12-09T02:03:03.596+0000][1][safepoint    ] Total time for which application threads were stopped: 0.0590638 seconds, Stopping threads took: 0.0590177 seconds
[2019-12-09T02:03:04.600+0000][1][safepoint    ] Application time: 1.0039499 seconds
[2019-12-09T02:03:04.604+0000][1][safepoint    ] Entering safepoint region: Cleanup
[2019-12-09T02:03:04.604+0000][1][safepoint    ] Leaving safepoint region
[2019-12-09T02:03:04.604+0000][1][safepoint    ] Total time for which application threads were stopped: 0.0039853 seconds, Stopping threads took: 0.0039239 seconds
[2019-12-09T02:03:05.606+0000][1][safepoint    ] Application time: 1.0019345 seconds
[2019-12-09T02:03:05.606+0000][1][safepoint    ] Entering safepoint region: Cleanup
[2019-12-09T02:03:05.606+0000][1][safepoint    ] Leaving safepoint region
[2019-12-09T02:03:05.606+0000][1][safepoint    ] Total time for which application threads were stopped: 0.0000484 seconds, Stopping threads took: 0.0000111 seconds
[2019-12-09T02:03:05.973+0000][1][safepoint    ] Application time: 0.3668875 seconds
[2019-12-09T02:03:05.973+0000][1][safepoint    ] Entering safepoint region: Deoptimize
[2019-12-09T02:03:05.973+0000][1][safepoint    ] Leaving safepoint region
[2019-12-09T02:03:05.973+0000][1][safepoint    ] Total time for which application threads were stopped: 0.0002266 seconds, Stopping threads took: 0.0000172 seconds
[2019-12-09T02:03:07.001+0000][1][safepoint    ] Application time: 1.0277345 seconds
[2019-12-09T02:03:07.001+0000][1][safepoint    ] Entering safepoint region: Cleanup
[2019-12-09T02:03:07.001+0000][1][safepoint    ] Leaving safepoint region
[2019-12-09T02:03:07.001+0000][1][safepoint    ] Total time for which application threads were stopped: 0.0000591 seconds, Stopping threads took: 0.0000148 seconds
[2019-12-09T02:03:08.004+0000][1][safepoint    ] Application time: 1.0028891 seconds
[2019-12-09T02:03:08.004+0000][1][safepoint    ] Entering safepoint region: Cleanup
[2019-12-09T02:03:08.004+0000][1][safepoint    ] Leaving safepoint region
[2019-12-09T02:03:08.004+0000][1][safepoint    ] Total time for which application threads were stopped: 0.0000797 seconds, Stopping threads took: 0.0000132 seconds
[2019-12-09T02:03:08.921+0000][1][safepoint    ] Application time: 0.9166999 seconds
[2019-12-09T02:03:08.921+0000][1][safepoint    ] Entering safepoint region: Deoptimize
[2019-12-09T02:03:08.921+0000][1][safepoint    ] Leaving safepoint region
[2019-12-09T02:03:08.921+0000][1][safepoint    ] Total time for which application threads were stopped: 0.0002832 seconds, Stopping threads took: 0.0000109 seconds
[2019-12-09T02:03:09.876+0000][1][safepoint    ] Application time: 0.9546658 seconds
[2019-12-09T02:03:09.876+0000][1][safepoint    ] Entering safepoint region: Deoptimize
[2019-12-09T02:03:09.876+0000][1][safepoint    ] Leaving safepoint region
[2019-12-09T02:03:09.876+0000][1][safepoint    ] Total time for which application threads were stopped: 0.0003180 seconds, Stopping threads took: 0.0000125 seconds
[2019-12-09T02:03:09.876+0000][1][safepoint    ] Application time: 0.0001827 seconds
[2019-12-09T02:03:09.876+0000][1][safepoint    ] Entering safepoint region: Deoptimize
[2019-12-09T02:03:09.876+0000][1][safepoint    ] Leaving safepoint region
[2019-12-09T02:03:09.876+0000][1][safepoint    ] Total time for which application threads were stopped: 0.0001942 seconds, Stopping threads took: 0.0000088 seconds
[2019-12-09T02:03:10.056+0000][1][safepoint    ] Application time: 0.1800377 seconds
[2019-12-09T02:03:10.056+0000][1][safepoint    ] Entering safepoint region: Deoptimize
[2019-12-09T02:03:10.057+0000][1][safepoint    ] Leaving safepoint region
[2019-12-09T02:03:10.057+0000][1][safepoint    ] Total time for which application threads were stopped: 0.0002857 seconds, Stopping threads took: 0.0000130 seconds
[2019-12-09T02:03:10.137+0000][1][safepoint    ] Application time: 0.0803278 seconds
[2019-12-09T02:03:10.186+0000][1][safepoint    ] Entering safepoint region: RevokeBias
[2019-12-09T02:03:10.186+0000][1][safepoint    ] Leaving safepoint region
[2019-12-09T02:03:10.186+0000][1][safepoint    ] Total time for which application threads were stopped: 0.0488642 seconds, Stopping threads took: 0.0487677 seconds
[2019-12-09T02:03:10.186+0000][1][safepoint    ] Application time: 0.0002859 seconds
[2019-12-09T02:03:10.186+0000][1][safepoint    ] Entering safepoint region: RevokeBias
[2019-12-09T02:03:10.186+0000][1][safepoint    ] Leaving safepoint region
[2019-12-09T02:03:10.186+0000][1][safepoint    ] Total time for which application threads were stopped: 0.0000684 seconds, Stopping threads took: 0.0000101 seconds
[2019-12-09T02:03:10.186+0000][1][safepoint    ] Application time: 0.0000530 seconds
[2019-12-09T02:03:10.186+0000][1][safepoint    ] Entering safepoint region: RevokeBias
[2019-12-09T02:03:10.186+0000][1][safepoint    ] Leaving safepoint region
[2019-12-09T02:03:10.186+0000][1][safepoint    ] Total time for which application threads were stopped: 0.0000647 seconds, Stopping threads took: 0.0000080 seconds
[2019-12-09T02:03:10.186+0000][1][safepoint    ] Application time: 0.0000759 seconds
[2019-12-09T02:03:10.186+0000][1][safepoint    ] Entering safepoint region: RevokeBias
[2019-12-09T02:03:10.187+0000][1][safepoint    ] Leaving safepoint region
[2019-12-09T02:03:10.187+0000][1][safepoint    ] Total time for which application threads were stopped: 0.0000528 seconds, Stopping threads took: 0.0000084 seconds
[2019-12-09T02:03:10.187+0000][1][safepoint    ] Application time: 0.0001834 seconds
[2019-12-09T02:03:10.187+0000][1][safepoint    ] Entering safepoint region: RevokeBias
[2019-12-09T02:03:10.187+0000][1][safepoint    ] Leaving safepoint region
[2019-12-09T02:03:10.187+0000][1][safepoint    ] Total time for which application threads were stopped: 0.0000635 seconds, Stopping threads took: 0.0000095 seconds
[2019-12-09T02:03:11.192+0000][1][safepoint    ] Application time: 1.0048762 seconds
[2019-12-09T02:03:11.192+0000][1][safepoint    ] Entering safepoint region: Cleanup
[2019-12-09T02:03:11.192+0000][1][safepoint    ] Leaving safepoint region
[2019-12-09T02:03:11.192+0000][1][safepoint    ] Total time for which application threads were stopped: 0.0001147 seconds, Stopping threads took: 0.0000443 seconds
[2019-12-09T02:03:11.750+0000][1][safepoint    ] Application time: 0.5580547 seconds
[2019-12-09T02:03:11.766+0000][1][safepoint    ] Entering safepoint region: GenCollectForAllocation
[2019-12-09T02:03:11.766+0000][1][gc,start     ] GC(0) Pause Young (Allocation Failure)
[2019-12-09T02:03:11.766+0000][1][gc,task      ] GC(0) Using 2 workers of 2 for evacuation
[2019-12-09T02:03:11.929+0000][1][gc,age       ] GC(0) Desired survivor size 4456448 bytes, new threshold 1 (max threshold 6)
[2019-12-09T02:03:11.929+0000][1][gc,age       ] GC(0) Age table with threshold 1 (max threshold 6)
[2019-12-09T02:03:11.929+0000][1][gc,age       ] GC(0) - age   1:    6718360 bytes,    6718360 total
[2019-12-09T02:03:11.929+0000][1][gc,heap      ] GC(0) ParNew: 69952K->6609K(78656K)
[2019-12-09T02:03:11.929+0000][1][gc,heap      ] GC(0) CMS: 0K->0K(174784K)
[2019-12-09T02:03:11.929+0000][1][gc,metaspace ] GC(0) Metaspace: 13006K->13006K(1060864K)
[2019-12-09T02:03:11.929+0000][1][gc           ] GC(0) Pause Young (Allocation Failure) 68M->6M(247M) 163.379ms
[2019-12-09T02:03:11.929+0000][1][gc,cpu       ] GC(0) User=0.02s Sys=0.00s Real=0.16s
[2019-12-09T02:03:11.929+0000][1][safepoint    ] Leaving safepoint region
[2019-12-09T02:03:11.929+0000][1][safepoint    ] Total time for which application threads were stopped: 0.1793029 seconds, Stopping threads took: 0.0157843 seconds
[2019-12-09T02:03:11.935+0000][1][safepoint    ] Application time: 0.0054678 seconds
[2019-12-09T02:03:11.935+0000][1][safepoint    ] Entering safepoint region: RevokeBias
[2019-12-09T02:03:11.935+0000][1][safepoint    ] Leaving safepoint region
[2019-12-09T02:03:11.935+0000][1][safepoint    ] Total time for which application threads were stopped: 0.0001243 seconds, Stopping threads took: 0.0000229 seconds
[2019-12-09T02:03:11.937+0000][1][safepoint    ] Application time: 0.0018096 seconds
[2019-12-09T02:03:11.969+0000][1][safepoint    ] Entering safepoint region: RevokeBias
[2019-12-09T02:03:11.969+0000][1][safepoint    ] Leaving safepoint region
[2019-12-09T02:03:11.969+0000][1][safepoint    ] Total time for which application threads were stopped: 0.0321748 seconds, Stopping threads took: 0.0320988 seconds
[2019-12-09T02:03:11.969+0000][1][safepoint    ] Application time: 0.0000963 seconds
[2019-12-09T02:03:11.969+0000][1][safepoint    ] Entering safepoint region: RevokeBias
[2019-12-09T02:03:11.969+0000][1][safepoint    ] Leaving safepoint region
[2019-12-09T02:03:11.969+0000][1][safepoint    ] Total time for which application threads were stopped: 0.0000532 seconds, Stopping threads took: 0.0000094 seconds
[2019-12-09T02:03:11.969+0000][1][safepoint    ] Application time: 0.0000509 seconds
[2019-12-09T02:03:11.969+0000][1][safepoint    ] Entering safepoint region: RevokeBias
[2019-12-09T02:03:11.969+0000][1][safepoint    ] Leaving safepoint region
[2019-12-09T02:03:11.969+0000][1][safepoint    ] Total time for which application threads were stopped: 0.0000460 seconds, Stopping threads took: 0.0000080 seconds
[2019-12-09T02:03:11.969+0000][1][safepoint    ] Application time: 0.0000538 seconds
[2019-12-09T02:03:11.969+0000][1][safepoint    ] Entering safepoint region: RevokeBias
[2019-12-09T02:03:11.969+0000][1][safepoint    ] Leaving safepoint region
[2019-12-09T02:03:11.969+0000][1][safepoint    ] Total time for which application threads were stopped: 0.0000469 seconds, Stopping threads took: 0.0000080 seconds
[2019-12-09T02:03:11.969+0000][1][safepoint    ] Application time: 0.0000496 seconds
[2019-12-09T02:03:11.969+0000][1][safepoint    ] Entering safepoint region: RevokeBias
[2019-12-09T02:03:11.969+0000][1][safepoint    ] Leaving safepoint region
[2019-12-09T02:03:11.969+0000][1][safepoint    ] Total time for which application threads were stopped: 0.0000451 seconds, Stopping threads took: 0.0000080 seconds
[2019-12-09T02:03:11.969+0000][1][safepoint    ] Application time: 0.0000526 seconds
[2019-12-09T02:03:11.969+0000][1][safepoint    ] Entering safepoint region: RevokeBias
[2019-12-09T02:03:11.970+0000][1][safepoint    ] Leaving safepoint region
[2019-12-09T02:03:11.970+0000][1][safepoint    ] Total time for which application threads were stopped: 0.0000459 seconds, Stopping threads took: 0.0000082 seconds
[2019-12-09T02:03:11.970+0000][1][safepoint    ] Application time: 0.0000492 seconds
[2019-12-09T02:03:11.970+0000][1][safepoint    ] Entering safepoint region: RevokeBias
[2019-12-09T02:03:11.970+0000][1][safepoint    ] Leaving safepoint region
[2019-12-09T02:03:11.970+0000][1][safepoint    ] Total time for which application threads were stopped: 0.0000455 seconds, Stopping threads took: 0.0000079 seconds
[2019-12-09T02:03:11.970+0000][1][safepoint    ] Application time: 0.0000721 seconds
[2019-12-09T02:03:11.970+0000][1][safepoint    ] Entering safepoint region: RevokeBias
[2019-12-09T02:03:11.970+0000][1][safepoint    ] Leaving safepoint region
[2019-12-09T02:03:11.970+0000][1][safepoint    ] Total time for which application threads were stopped: 0.0000496 seconds, Stopping threads took: 0.0000079 seconds
[2019-12-09T02:03:11.970+0000][1][safepoint    ] Application time: 0.0000505 seconds
[2019-12-09T02:03:11.970+0000][1][safepoint    ] Entering safepoint region: RevokeBias
[2019-12-09T02:03:11.970+0000][1][safepoint    ] Leaving safepoint region
[2019-12-09T02:03:11.970+0000][1][safepoint    ] Total time for which application threads were stopped: 0.0000445 seconds, Stopping threads took: 0.0000076 seconds
[2019-12-09T02:03:11.970+0000][1][safepoint    ] Application time: 0.0000563 seconds
[2019-12-09T02:03:11.970+0000][1][safepoint    ] Entering safepoint region: RevokeBias
[2019-12-09T02:03:11.970+0000][1][safepoint    ] Leaving safepoint region
[2019-12-09T02:03:11.970+0000][1][safepoint    ] Total time for which application threads were stopped: 0.0000555 seconds, Stopping threads took: 0.0000179 seconds
[2019-12-09T02:03:11.970+0000][1][safepoint    ] Application time: 0.0000491 seconds
[2019-12-09T02:03:11.970+0000][1][safepoint    ] Entering safepoint region: RevokeBias
[2019-12-09T02:03:11.970+0000][1][safepoint    ] Leaving safepoint region
[2019-12-09T02:03:11.970+0000][1][safepoint    ] Total time for which application threads were stopped: 0.0000441 seconds, Stopping threads took: 0.0000078 seconds
[2019-12-09T02:03:11.970+0000][1][safepoint    ] Application time: 0.0000522 seconds
[2019-12-09T02:03:11.970+0000][1][safepoint    ] Entering safepoint region: RevokeBias
[2019-12-09T02:03:11.970+0000][1][safepoint    ] Leaving safepoint region
[2019-12-09T02:03:11.970+0000][1][safepoint    ] Total time for which application threads were stopped: 0.0000454 seconds, Stopping threads took: 0.0000078 seconds
[2019-12-09T02:03:11.970+0000][1][safepoint    ] Application time: 0.0000490 seconds
[2019-12-09T02:03:11.970+0000][1][safepoint    ] Entering safepoint region: RevokeBias
[2019-12-09T02:03:11.970+0000][1][safepoint    ] Leaving safepoint region
[2019-12-09T02:03:11.970+0000][1][safepoint    ] Total time for which application threads were stopped: 0.0000450 seconds, Stopping threads took: 0.0000078 seconds
[2019-12-09T02:03:11.970+0000][1][safepoint    ] Application time: 0.0000456 seconds
[2019-12-09T02:03:11.970+0000][1][safepoint    ] Entering safepoint region: RevokeBias
[2019-12-09T02:03:11.970+0000][1][safepoint    ] Leaving safepoint region
[2019-12-09T02:03:11.970+0000][1][safepoint    ] Total time for which application threads were stopped: 0.0000401 seconds, Stopping threads took: 0.0000068 seconds
[2019-12-09T02:03:11.971+0000][1][safepoint    ] Application time: 0.0000427 seconds
[2019-12-09T02:03:11.971+0000][1][safepoint    ] Entering safepoint region: RevokeBias
[2019-12-09T02:03:11.971+0000][1][safepoint    ] Leaving safepoint region
[2019-12-09T02:03:11.971+0000][1][safepoint    ] Total time for which application threads were stopped: 0.0000400 seconds, Stopping threads took: 0.0000069 seconds
[2019-12-09T02:03:11.971+0000][1][safepoint    ] Application time: 0.0000484 seconds
[2019-12-09T02:03:11.971+0000][1][safepoint    ] Entering safepoint region: RevokeBias
[2019-12-09T02:03:11.971+0000][1][safepoint    ] Leaving safepoint region
[2019-12-09T02:03:11.971+0000][1][safepoint    ] Total time for which application threads were stopped: 0.0000401 seconds, Stopping threads took: 0.0000069 seconds
[2019-12-09T02:03:11.971+0000][1][safepoint    ] Application time: 0.0000528 seconds
[2019-12-09T02:03:11.971+0000][1][safepoint    ] Entering safepoint region: RevokeBias
[2019-12-09T02:03:11.971+0000][1][safepoint    ] Leaving safepoint region
[2019-12-09T02:03:11.971+0000][1][safepoint    ] Total time for which application threads were stopped: 0.0000432 seconds, Stopping threads took: 0.0000077 seconds
[2019-12-09T02:03:11.971+0000][1][safepoint    ] Application time: 0.0000762 seconds
[2019-12-09T02:03:11.971+0000][1][safepoint    ] Entering safepoint region: RevokeBias
[2019-12-09T02:03:11.971+0000][1][safepoint    ] Leaving safepoint region
[2019-12-09T02:03:11.971+0000][1][safepoint    ] Total time for which application threads were stopped: 0.0000388 seconds, Stopping threads took: 0.0000064 seconds
[2019-12-09T02:03:11.971+0000][1][safepoint    ] Application time: 0.0000455 seconds
[2019-12-09T02:03:11.971+0000][1][safepoint    ] Entering safepoint region: RevokeBias
[2019-12-09T02:03:11.971+0000][1][safepoint    ] Leaving safepoint region
[2019-12-09T02:03:11.971+0000][1][safepoint    ] Total time for which application threads were stopped: 0.0000447 seconds, Stopping threads took: 0.0000074 seconds
[2019-12-09T02:03:11.971+0000][1][safepoint    ] Application time: 0.0000499 seconds
[2019-12-09T02:03:11.971+0000][1][safepoint    ] Entering safepoint region: RevokeBias
[2019-12-09T02:03:11.971+0000][1][safepoint    ] Leaving safepoint region
[2019-12-09T02:03:11.971+0000][1][safepoint    ] Total time for which application threads were stopped: 0.0000483 seconds, Stopping threads took: 0.0000114 seconds
[2019-12-09T02:03:11.971+0000][1][safepoint    ] Application time: 0.0000469 seconds
[2019-12-09T02:03:11.971+0000][1][safepoint    ] Entering safepoint region: RevokeBias
[2019-12-09T02:03:11.971+0000][1][safepoint    ] Leaving safepoint region
[2019-12-09T02:03:11.971+0000][1][safepoint    ] Total time for which application threads were stopped: 0.0000431 seconds, Stopping threads took: 0.0000077 seconds
[2019-12-09T02:03:11.971+0000][1][safepoint    ] Application time: 0.0000498 seconds
[2019-12-09T02:03:11.971+0000][1][safepoint    ] Entering safepoint region: RevokeBias
[2019-12-09T02:03:11.971+0000][1][safepoint    ] Leaving safepoint region
[2019-12-09T02:03:11.971+0000][1][safepoint    ] Total time for which application threads were stopped: 0.0000445 seconds, Stopping threads took: 0.0000081 seconds
[2019-12-09T02:03:11.971+0000][1][safepoint    ] Application time: 0.0000473 seconds
[2019-12-09T02:03:11.971+0000][1][safepoint    ] Entering safepoint region: RevokeBias
[2019-12-09T02:03:11.971+0000][1][safepoint    ] Leaving safepoint region
[2019-12-09T02:03:11.971+0000][1][safepoint    ] Total time for which application threads were stopped: 0.0000374 seconds, Stopping threads took: 0.0000065 seconds
[2019-12-09T02:03:11.971+0000][1][safepoint    ] Application time: 0.0000612 seconds
[2019-12-09T02:03:11.972+0000][1][safepoint    ] Entering safepoint region: RevokeBias
[2019-12-09T02:03:11.972+0000][1][safepoint    ] Leaving safepoint region
[2019-12-09T02:03:11.972+0000][1][safepoint    ] Total time for which application threads were stopped: 0.0000390 seconds, Stopping threads took: 0.0000065 seconds
[2019-12-09T02:03:11.972+0000][1][safepoint    ] Application time: 0.0000423 seconds
[2019-12-09T02:03:11.972+0000][1][safepoint    ] Entering safepoint region: RevokeBias
[2019-12-09T02:03:11.972+0000][1][safepoint    ] Leaving safepoint region
[2019-12-09T02:03:11.972+0000][1][safepoint    ] Total time for which application threads were stopped: 0.0000375 seconds, Stopping threads took: 0.0000068 seconds
[2019-12-09T02:03:11.972+0000][1][safepoint    ] Application time: 0.0002886 seconds
[2019-12-09T02:03:11.972+0000][1][safepoint    ] Entering safepoint region: RevokeBias
[2019-12-09T02:03:11.972+0000][1][safepoint    ] Leaving safepoint region
[2019-12-09T02:03:11.972+0000][1][safepoint    ] Total time for which application threads were stopped: 0.0000479 seconds, Stopping threads took: 0.0000083 seconds
[2019-12-09T02:03:11.972+0000][1][safepoint    ] Application time: 0.0000494 seconds
[2019-12-09T02:03:11.972+0000][1][safepoint    ] Entering safepoint region: RevokeBias
[2019-12-09T02:03:11.972+0000][1][safepoint    ] Leaving safepoint region
[2019-12-09T02:03:11.972+0000][1][safepoint    ] Total time for which application threads were stopped: 0.0000431 seconds, Stopping threads took: 0.0000075 seconds
[2019-12-09T02:03:11.972+0000][1][safepoint    ] Application time: 0.0000559 seconds
[2019-12-09T02:03:11.972+0000][1][safepoint    ] Entering safepoint region: RevokeBias
[2019-12-09T02:03:11.972+0000][1][safepoint    ] Leaving safepoint region
[2019-12-09T02:03:11.972+0000][1][safepoint    ] Total time for which application threads were stopped: 0.0000448 seconds, Stopping threads took: 0.0000078 seconds
[2019-12-09T02:03:11.972+0000][1][safepoint    ] Application time: 0.0000489 seconds
[2019-12-09T02:03:11.972+0000][1][safepoint    ] Entering safepoint region: RevokeBias
[2019-12-09T02:03:11.972+0000][1][safepoint    ] Leaving safepoint region
[2019-12-09T02:03:11.972+0000][1][safepoint    ] Total time for which application threads were stopped: 0.0000432 seconds, Stopping threads took: 0.0000080 seconds
[2019-12-09T02:03:13.161+0000][1][safepoint    ] Application time: 1.1883783 seconds
[2019-12-09T02:03:13.161+0000][1][safepoint    ] Entering safepoint region: Deoptimize
[2019-12-09T02:03:13.161+0000][1][safepoint    ] Leaving safepoint region
[2019-12-09T02:03:13.161+0000][1][safepoint    ] Total time for which application threads were stopped: 0.0004672 seconds, Stopping threads took: 0.0000244 seconds
[2019-12-09T02:03:14.177+0000][1][safepoint    ] Application time: 1.0154911 seconds
[2019-12-09T02:03:14.221+0000][1][safepoint    ] Entering safepoint region: Cleanup
[2019-12-09T02:03:14.221+0000][1][safepoint    ] Leaving safepoint region
[2019-12-09T02:03:14.221+0000][1][safepoint    ] Total time for which application threads were stopped: 0.0440915 seconds, Stopping threads took: 0.0440077 seconds
[2019-12-09T02:03:14.451+0000][1][safepoint    ] Application time: 0.2303601 seconds
[2019-12-09T02:03:14.451+0000][1][safepoint    ] Entering safepoint region: RevokeBias
[2019-12-09T02:03:14.451+0000][1][safepoint    ] Leaving safepoint region
[2019-12-09T02:03:14.451+0000][1][safepoint    ] Total time for which application threads were stopped: 0.0001282 seconds, Stopping threads took: 0.0000133 seconds
[2019-12-09T02:03:15.459+0000][1][safepoint    ] Application time: 1.0073550 seconds
[2019-12-09T02:03:15.459+0000][1][safepoint    ] Entering safepoint region: Cleanup
[2019-12-09T02:03:15.459+0000][1][safepoint    ] Leaving safepoint region
[2019-12-09T02:03:15.459+0000][1][safepoint    ] Total time for which application threads were stopped: 0.0000727 seconds, Stopping threads took: 0.0000177 seconds
[2019-12-09T02:03:16.165+0000][1][safepoint    ] Application time: 0.7065049 seconds
[2019-12-09T02:03:16.165+0000][1][safepoint    ] Entering safepoint region: GenCollectForAllocation
[2019-12-09T02:03:16.166+0000][1][gc,start     ] GC(1) Pause Young (Allocation Failure)
[2019-12-09T02:03:16.166+0000][1][gc,task      ] GC(1) Using 2 workers of 2 for evacuation
[2019-12-09T02:03:16.433+0000][1][gc,age       ] GC(1) Desired survivor size 4456448 bytes, new threshold 6 (max threshold 6)
[2019-12-09T02:03:16.433+0000][1][gc,age       ] GC(1) Age table with threshold 6 (max threshold 6)
[2019-12-09T02:03:16.433+0000][1][gc,age       ] GC(1) - age   1:    1267376 bytes,    1267376 total
[2019-12-09T02:03:16.433+0000][1][gc,heap      ] GC(1) ParNew: 76561K->4287K(78656K)
[2019-12-09T02:03:16.433+0000][1][gc,heap      ] GC(1) CMS: 0K->7018K(174784K)
[2019-12-09T02:03:16.433+0000][1][gc,metaspace ] GC(1) Metaspace: 14938K->14938K(1062912K)
[2019-12-09T02:03:16.433+0000][1][gc           ] GC(1) Pause Young (Allocation Failure) 74M->11M(247M) 267.460ms
[2019-12-09T02:03:16.433+0000][1][gc,cpu       ] GC(1) User=0.07s Sys=0.00s Real=0.26s
[2019-12-09T02:03:16.433+0000][1][safepoint    ] Leaving safepoint region
[2019-12-09T02:03:16.433+0000][1][safepoint    ] Total time for which application threads were stopped: 0.2676242 seconds, Stopping threads took: 0.0000151 seconds
[2019-12-09T02:03:16.438+0000][1][safepoint    ] Application time: 0.0046832 seconds
[2019-12-09T02:03:16.438+0000][1][safepoint    ] Entering safepoint region: BulkRevokeBias
[2019-12-09T02:03:16.438+0000][1][safepoint    ] Leaving safepoint region
[2019-12-09T02:03:16.438+0000][1][safepoint    ] Total time for which application threads were stopped: 0.0001641 seconds, Stopping threads took: 0.0000618 seconds
[2019-12-09T02:03:16.460+0000][1][safepoint    ] Application time: 0.0217902 seconds
[2019-12-09T02:03:16.504+0000][1][safepoint    ] Entering safepoint region: RevokeBias
[2019-12-09T02:03:16.504+0000][1][safepoint    ] Leaving safepoint region
[2019-12-09T02:03:16.504+0000][1][safepoint    ] Total time for which application threads were stopped: 0.0442514 seconds, Stopping threads took: 0.0441355 seconds
[2019-12-09T02:03:16.505+0000][1][safepoint    ] Application time: 0.0010835 seconds
[2019-12-09T02:03:16.505+0000][1][safepoint    ] Entering safepoint region: RevokeBias
[2019-12-09T02:03:16.505+0000][1][safepoint    ] Leaving safepoint region
[2019-12-09T02:03:16.505+0000][1][safepoint    ] Total time for which application threads were stopped: 0.0003311 seconds, Stopping threads took: 0.0002415 seconds
[2019-12-09T02:03:16.506+0000][1][safepoint    ] Application time: 0.0000618 seconds
[2019-12-09T02:03:16.506+0000][1][safepoint    ] Entering safepoint region: RevokeBias
[2019-12-09T02:03:16.506+0000][1][safepoint    ] Leaving safepoint region
[2019-12-09T02:03:16.506+0000][1][safepoint    ] Total time for which application threads were stopped: 0.0000675 seconds, Stopping threads took: 0.0000080 seconds
[2019-12-09T02:03:16.506+0000][1][safepoint    ] Application time: 0.0000584 seconds
[2019-12-09T02:03:16.506+0000][1][safepoint    ] Entering safepoint region: RevokeBias
[2019-12-09T02:03:16.506+0000][1][safepoint    ] Leaving safepoint region
[2019-12-09T02:03:16.506+0000][1][safepoint    ] Total time for which application threads were stopped: 0.0000798 seconds, Stopping threads took: 0.0000073 seconds
[2019-12-09T02:03:16.506+0000][1][safepoint    ] Application time: 0.0000594 seconds
[2019-12-09T02:03:16.506+0000][1][safepoint    ] Entering safepoint region: RevokeBias
[2019-12-09T02:03:16.506+0000][1][safepoint    ] Leaving safepoint region
[2019-12-09T02:03:16.506+0000][1][safepoint    ] Total time for which application threads were stopped: 0.0000599 seconds, Stopping threads took: 0.0000078 seconds
[2019-12-09T02:03:16.506+0000][1][safepoint    ] Application time: 0.0000576 seconds
[2019-12-09T02:03:16.506+0000][1][safepoint    ] Entering safepoint region: BulkRevokeBias
[2019-12-09T02:03:16.506+0000][1][safepoint    ] Leaving safepoint region
[2019-12-09T02:03:16.506+0000][1][safepoint    ] Total time for which application threads were stopped: 0.0000949 seconds, Stopping threads took: 0.0000079 seconds
[2019-12-09T02:03:16.506+0000][1][safepoint    ] Application time: 0.0000478 seconds
[2019-12-09T02:03:16.506+0000][1][safepoint    ] Entering safepoint region: RevokeBias
[2019-12-09T02:03:16.506+0000][1][safepoint    ] Leaving safepoint region
[2019-12-09T02:03:16.506+0000][1][safepoint    ] Total time for which application threads were stopped: 0.0000593 seconds, Stopping threads took: 0.0000074 seconds
[2019-12-09T02:03:16.506+0000][1][safepoint    ] Application time: 0.0000506 seconds
[2019-12-09T02:03:16.506+0000][1][safepoint    ] Entering safepoint region: BulkRevokeBias
[2019-12-09T02:03:16.506+0000][1][safepoint    ] Leaving safepoint region
[2019-12-09T02:03:16.506+0000][1][safepoint    ] Total time for which application threads were stopped: 0.0000792 seconds, Stopping threads took: 0.0000074 seconds
[2019-12-09T02:03:17.538+0000][1][safepoint    ] Application time: 1.0313892 seconds
[2019-12-09T02:03:17.640+0000][1][safepoint    ] Entering safepoint region: Cleanup
[2019-12-09T02:03:17.640+0000][1][safepoint    ] Leaving safepoint region
[2019-12-09T02:03:17.640+0000][1][safepoint    ] Total time for which application threads were stopped: 0.1021342 seconds, Stopping threads took: 0.1020642 seconds
[2019-12-09T02:03:17.746+0000][1][safepoint    ] Application time: 0.1058639 seconds
[2019-12-09T02:03:17.746+0000][1][safepoint    ] Entering safepoint region: GenCollectForAllocation
[2019-12-09T02:03:17.746+0000][1][gc,start     ] GC(2) Pause Young (Allocation Failure)
[2019-12-09T02:03:17.746+0000][1][gc,task      ] GC(2) Using 2 workers of 2 for evacuation
[2019-12-09T02:03:17.829+0000][1][gc,age       ] GC(2) Desired survivor size 4456448 bytes, new threshold 6 (max threshold 6)
[2019-12-09T02:03:17.829+0000][1][gc,age       ] GC(2) Age table with threshold 6 (max threshold 6)
[2019-12-09T02:03:17.829+0000][1][gc,age       ] GC(2) - age   1:    1082520 bytes,    1082520 total
[2019-12-09T02:03:17.829+0000][1][gc,age       ] GC(2) - age   2:     998104 bytes,    2080624 total
[2019-12-09T02:03:17.829+0000][1][gc,heap      ] GC(2) ParNew: 74239K->3062K(78656K)
[2019-12-09T02:03:17.829+0000][1][gc,heap      ] GC(2) CMS: 7018K->7018K(174784K)
[2019-12-09T02:03:17.829+0000][1][gc,metaspace ] GC(2) Metaspace: 15046K->15046K(1062912K)
[2019-12-09T02:03:17.829+0000][1][gc           ] GC(2) Pause Young (Allocation Failure) 79M->9M(247M) 83.047ms
[2019-12-09T02:03:17.829+0000][1][gc,cpu       ] GC(2) User=0.02s Sys=0.00s Real=0.08s
[2019-12-09T02:03:17.829+0000][1][safepoint    ] Leaving safepoint region
[2019-12-09T02:03:17.829+0000][1][safepoint    ] Total time for which application threads were stopped: 0.0831896 seconds, Stopping threads took: 0.0000155 seconds
[2019-12-09T02:03:17.843+0000][1][safepoint    ] Application time: 0.0137567 seconds
[2019-12-09T02:03:17.843+0000][1][safepoint    ] Entering safepoint region: RevokeBias
[2019-12-09T02:03:17.843+0000][1][safepoint    ] Leaving safepoint region
[2019-12-09T02:03:17.843+0000][1][safepoint    ] Total time for which application threads were stopped: 0.0000964 seconds, Stopping threads took: 0.0000307 seconds
[2019-12-09T02:03:17.843+0000][1][safepoint    ] Application time: 0.0000781 seconds
[2019-12-09T02:03:17.843+0000][1][safepoint    ] Entering safepoint region: RevokeBias
[2019-12-09T02:03:17.843+0000][1][safepoint    ] Leaving safepoint region
[2019-12-09T02:03:17.843+0000][1][safepoint    ] Total time for which application threads were stopped: 0.0000701 seconds, Stopping threads took: 0.0000101 seconds
[2019-12-09T02:03:17.843+0000][1][safepoint    ] Application time: 0.0000709 seconds
[2019-12-09T02:03:17.843+0000][1][safepoint    ] Entering safepoint region: RevokeBias
[2019-12-09T02:03:17.843+0000][1][safepoint    ] Leaving safepoint region
[2019-12-09T02:03:17.843+0000][1][safepoint    ] Total time for which application threads were stopped: 0.0000514 seconds, Stopping threads took: 0.0000087 seconds
[2019-12-09T02:03:17.843+0000][1][safepoint    ] Application time: 0.0000512 seconds
[2019-12-09T02:03:17.843+0000][1][safepoint    ] Entering safepoint region: RevokeBias
[2019-12-09T02:03:17.843+0000][1][safepoint    ] Leaving safepoint region
[2019-12-09T02:03:17.843+0000][1][safepoint    ] Total time for which application threads were stopped: 0.0000341 seconds, Stopping threads took: 0.0000078 seconds
[2019-12-09T02:03:17.843+0000][1][safepoint    ] Application time: 0.0000535 seconds
[2019-12-09T02:03:17.843+0000][1][safepoint    ] Entering safepoint region: RevokeBias
[2019-12-09T02:03:17.843+0000][1][safepoint    ] Leaving safepoint region
[2019-12-09T02:03:17.843+0000][1][safepoint    ] Total time for which application threads were stopped: 0.0000316 seconds, Stopping threads took: 0.0000074 seconds
[2019-12-09T02:03:17.843+0000][1][safepoint    ] Application time: 0.0000498 seconds
[2019-12-09T02:03:17.843+0000][1][safepoint    ] Entering safepoint region: RevokeBias
[2019-12-09T02:03:17.843+0000][1][safepoint    ] Leaving safepoint region
[2019-12-09T02:03:17.843+0000][1][safepoint    ] Total time for which application threads were stopped: 0.0000375 seconds, Stopping threads took: 0.0000165 seconds
[2019-12-09T02:03:17.844+0000][1][safepoint    ] Application time: 0.0000461 seconds
[2019-12-09T02:03:17.844+0000][1][safepoint    ] Entering safepoint region: RevokeBias
[2019-12-09T02:03:17.844+0000][1][safepoint    ] Leaving safepoint region
[2019-12-09T02:03:17.844+0000][1][safepoint    ] Total time for which application threads were stopped: 0.0000292 seconds, Stopping threads took: 0.0000069 seconds
[2019-12-09T02:03:17.844+0000][1][safepoint    ] Application time: 0.0000425 seconds
[2019-12-09T02:03:17.844+0000][1][safepoint    ] Entering safepoint region: RevokeBias
[2019-12-09T02:03:17.844+0000][1][safepoint    ] Leaving safepoint region
[2019-12-09T02:03:17.844+0000][1][safepoint    ] Total time for which application threads were stopped: 0.0000278 seconds, Stopping threads took: 0.0000066 seconds
[2019-12-09T02:03:17.844+0000][1][safepoint    ] Application time: 0.0000604 seconds
[2019-12-09T02:03:17.844+0000][1][safepoint    ] Entering safepoint region: RevokeBias
[2019-12-09T02:03:17.844+0000][1][safepoint    ] Leaving safepoint region
[2019-12-09T02:03:17.844+0000][1][safepoint    ] Total time for which application threads were stopped: 0.0000296 seconds, Stopping threads took: 0.0000067 seconds
[2019-12-09T02:03:17.844+0000][1][safepoint    ] Application time: 0.0000427 seconds
[2019-12-09T02:03:17.844+0000][1][safepoint    ] Entering safepoint region: RevokeBias
[2019-12-09T02:03:17.844+0000][1][safepoint    ] Leaving safepoint region
[2019-12-09T02:03:17.844+0000][1][safepoint    ] Total time for which application threads were stopped: 0.0000389 seconds, Stopping threads took: 0.0000157 seconds
[2019-12-09T02:03:17.844+0000][1][safepoint    ] Application time: 0.0000469 seconds
[2019-12-09T02:03:17.844+0000][1][safepoint    ] Entering safepoint region: RevokeBias
[2019-12-09T02:03:17.844+0000][1][safepoint    ] Leaving safepoint region
[2019-12-09T02:03:17.844+0000][1][safepoint    ] Total time for which application threads were stopped: 0.0000283 seconds, Stopping threads took: 0.0000068 seconds
[2019-12-09T02:03:17.844+0000][1][safepoint    ] Application time: 0.0000427 seconds
[2019-12-09T02:03:17.844+0000][1][safepoint    ] Entering safepoint region: RevokeBias
[2019-12-09T02:03:17.844+0000][1][safepoint    ] Leaving safepoint region
[2019-12-09T02:03:17.844+0000][1][safepoint    ] Total time for which application threads were stopped: 0.0000290 seconds, Stopping threads took: 0.0000066 seconds
[2019-12-09T02:03:17.844+0000][1][safepoint    ] Application time: 0.0000461 seconds
[2019-12-09T02:03:17.844+0000][1][safepoint    ] Entering safepoint region: RevokeBias
[2019-12-09T02:03:17.844+0000][1][safepoint    ] Leaving safepoint region
[2019-12-09T02:03:17.844+0000][1][safepoint    ] Total time for which application threads were stopped: 0.0000285 seconds, Stopping threads took: 0.0000070 seconds
[2019-12-09T02:03:17.844+0000][1][safepoint    ] Application time: 0.0000427 seconds
[2019-12-09T02:03:17.844+0000][1][safepoint    ] Entering safepoint region: RevokeBias
[2019-12-09T02:03:17.844+0000][1][safepoint    ] Leaving safepoint region
[2019-12-09T02:03:17.844+0000][1][safepoint    ] Total time for which application threads were stopped: 0.0000274 seconds, Stopping threads took: 0.0000065 seconds
[2019-12-09T02:03:17.844+0000][1][safepoint    ] Application time: 0.0000449 seconds
[2019-12-09T02:03:17.844+0000][1][safepoint    ] Entering safepoint region: RevokeBias
[2019-12-09T02:03:17.844+0000][1][safepoint    ] Leaving safepoint region
[2019-12-09T02:03:17.844+0000][1][safepoint    ] Total time for which application threads were stopped: 0.0000286 seconds, Stopping threads took: 0.0000066 seconds
[2019-12-09T02:03:17.844+0000][1][safepoint    ] Application time: 0.0000427 seconds
[2019-12-09T02:03:17.844+0000][1][safepoint    ] Entering safepoint region: RevokeBias
[2019-12-09T02:03:17.844+0000][1][safepoint    ] Leaving safepoint region
[2019-12-09T02:03:17.844+0000][1][safepoint    ] Total time for which application threads were stopped: 0.0000269 seconds, Stopping threads took: 0.0000066 seconds
[2019-12-09T02:03:17.844+0000][1][safepoint    ] Application time: 0.0000449 seconds
[2019-12-09T02:03:17.844+0000][1][safepoint    ] Entering safepoint region: RevokeBias
[2019-12-09T02:03:17.844+0000][1][safepoint    ] Leaving safepoint region
[2019-12-09T02:03:17.844+0000][1][safepoint    ] Total time for which application threads were stopped: 0.0000287 seconds, Stopping threads took: 0.0000069 seconds
[2019-12-09T02:03:17.845+0000][1][safepoint    ] Application time: 0.0000430 seconds
[2019-12-09T02:03:17.845+0000][1][safepoint    ] Entering safepoint region: RevokeBias
[2019-12-09T02:03:17.845+0000][1][safepoint    ] Leaving safepoint region
[2019-12-09T02:03:17.845+0000][1][safepoint    ] Total time for which application threads were stopped: 0.0000279 seconds, Stopping threads took: 0.0000066 seconds
[2019-12-09T02:03:18.555+0000][1][safepoint    ] Application time: 0.7104811 seconds
[2019-12-09T02:03:18.555+0000][1][safepoint    ] Entering safepoint region: Deoptimize
[2019-12-09T02:03:18.556+0000][1][safepoint    ] Leaving safepoint region
[2019-12-09T02:03:18.556+0000][1][safepoint    ] Total time for which application threads were stopped: 0.0004653 seconds, Stopping threads took: 0.0000124 seconds
[2019-12-09T02:03:18.560+0000][1][safepoint    ] Application time: 0.0039645 seconds
[2019-12-09T02:03:18.560+0000][1][safepoint    ] Entering safepoint region: Deoptimize
[2019-12-09T02:03:18.560+0000][1][safepoint    ] Leaving safepoint region
[2019-12-09T02:03:18.560+0000][1][safepoint    ] Total time for which application threads were stopped: 0.0003514 seconds, Stopping threads took: 0.0000214 seconds
[2019-12-09T02:03:19.563+0000][1][safepoint    ] Application time: 1.0028126 seconds
[2019-12-09T02:03:19.614+0000][1][safepoint    ] Entering safepoint region: Cleanup
[2019-12-09T02:03:19.614+0000][1][safepoint    ] Leaving safepoint region
[2019-12-09T02:03:19.614+0000][1][safepoint    ] Total time for which application threads were stopped: 0.0510940 seconds, Stopping threads took: 0.0510055 seconds
[2019-12-09T02:03:20.494+0000][1][safepoint    ] Application time: 0.8805860 seconds
[2019-12-09T02:03:20.494+0000][1][safepoint    ] Entering safepoint region: GenCollectForAllocation
[2019-12-09T02:03:20.495+0000][1][gc,start     ] GC(3) Pause Young (Allocation Failure)
[2019-12-09T02:03:20.495+0000][1][gc,task      ] GC(3) Using 2 workers of 2 for evacuation
[2019-12-09T02:03:20.566+0000][1][gc,age       ] GC(3) Desired survivor size 4456448 bytes, new threshold 3 (max threshold 6)
[2019-12-09T02:03:20.566+0000][1][gc,age       ] GC(3) Age table with threshold 3 (max threshold 6)
[2019-12-09T02:03:20.566+0000][1][gc,age       ] GC(3) - age   1:    3200688 bytes,    3200688 total
[2019-12-09T02:03:20.566+0000][1][gc,age       ] GC(3) - age   2:    1065248 bytes,    4265936 total
[2019-12-09T02:03:20.566+0000][1][gc,age       ] GC(3) - age   3:     996056 bytes,    5261992 total
[2019-12-09T02:03:20.566+0000][1][gc,heap      ] GC(3) ParNew: 73014K->5759K(78656K)
[2019-12-09T02:03:20.566+0000][1][gc,heap      ] GC(3) CMS: 7018K->7018K(174784K)
[2019-12-09T02:03:20.566+0000][1][gc,metaspace ] GC(3) Metaspace: 18558K->18558K(1067008K)
[2019-12-09T02:03:20.566+0000][1][gc           ] GC(3) Pause Young (Allocation Failure) 78M->12M(247M) 71.518ms
[2019-12-09T02:03:20.566+0000][1][gc,cpu       ] GC(3) User=0.02s Sys=0.00s Real=0.08s
[2019-12-09T02:03:20.566+0000][1][safepoint    ] Leaving safepoint region
[2019-12-09T02:03:20.566+0000][1][safepoint    ] Total time for which application threads were stopped: 0.0716583 seconds, Stopping threads took: 0.0000134 seconds
[2019-12-09T02:03:20.578+0000][1][safepoint    ] Application time: 0.0118197 seconds
[2019-12-09T02:03:20.636+0000][1][safepoint    ] Entering safepoint region: BulkRevokeBias
[2019-12-09T02:03:20.636+0000][1][safepoint    ] Leaving safepoint region
[2019-12-09T02:03:20.636+0000][1][safepoint    ] Total time for which application threads were stopped: 0.0579723 seconds, Stopping threads took: 0.0577741 seconds
[2019-12-09T02:03:20.637+0000][1][safepoint    ] Application time: 0.0007182 seconds
[2019-12-09T02:03:20.637+0000][1][safepoint    ] Entering safepoint region: RevokeBias
[2019-12-09T02:03:20.637+0000][1][safepoint    ] Leaving safepoint region
[2019-12-09T02:03:20.637+0000][1][safepoint    ] Total time for which application threads were stopped: 0.0000685 seconds, Stopping threads took: 0.0000110 seconds
[2019-12-09T02:03:20.641+0000][1][safepoint    ] Application time: 0.0039962 seconds
[2019-12-09T02:03:20.658+0000][1][safepoint    ] Entering safepoint region: RevokeBias
[2019-12-09T02:03:20.658+0000][1][safepoint    ] Leaving safepoint region
[2019-12-09T02:03:20.658+0000][1][safepoint    ] Total time for which application threads were stopped: 0.0171762 seconds, Stopping threads took: 0.0171048 seconds
[2019-12-09T02:03:20.658+0000][1][safepoint    ] Application time: 0.0000611 seconds
[2019-12-09T02:03:20.658+0000][1][safepoint    ] Entering safepoint region: RevokeBias
[2019-12-09T02:03:20.658+0000][1][safepoint    ] Leaving safepoint region
[2019-12-09T02:03:20.658+0000][1][safepoint    ] Total time for which application threads were stopped: 0.0000483 seconds, Stopping threads took: 0.0000076 seconds
[2019-12-09T02:03:20.658+0000][1][safepoint    ] Application time: 0.0000561 seconds
[2019-12-09T02:03:20.658+0000][1][safepoint    ] Entering safepoint region: RevokeBias
[2019-12-09T02:03:20.658+0000][1][safepoint    ] Leaving safepoint region
[2019-12-09T02:03:20.658+0000][1][safepoint    ] Total time for which application threads were stopped: 0.0000552 seconds, Stopping threads took: 0.0000071 seconds
[2019-12-09T02:03:20.658+0000][1][safepoint    ] Application time: 0.0000437 seconds
[2019-12-09T02:03:20.658+0000][1][safepoint    ] Entering safepoint region: RevokeBias
[2019-12-09T02:03:20.658+0000][1][safepoint    ] Leaving safepoint region
[2019-12-09T02:03:20.658+0000][1][safepoint    ] Total time for which application threads were stopped: 0.0000451 seconds, Stopping threads took: 0.0000070 seconds
[2019-12-09T02:03:21.664+0000][1][safepoint    ] Application time: 1.0053579 seconds
[2019-12-09T02:03:21.709+0000][1][safepoint    ] Entering safepoint region: Cleanup
[2019-12-09T02:03:21.709+0000][1][safepoint    ] Leaving safepoint region
[2019-12-09T02:03:21.709+0000][1][safepoint    ] Total time for which application threads were stopped: 0.0450937 seconds, Stopping threads took: 0.0450434 seconds
[2019-12-09T02:03:21.712+0000][1][safepoint    ] Application time: 0.0036177 seconds
[2019-12-09T02:03:21.712+0000][1][safepoint    ] Entering safepoint region: GenCollectForAllocation
[2019-12-09T02:03:21.713+0000][1][gc,start     ] GC(4) Pause Young (Allocation Failure)
[2019-12-09T02:03:21.713+0000][1][gc,task      ] GC(4) Using 2 workers of 2 for evacuation
[2019-12-09T02:03:21.956+0000][1][gc,age       ] GC(4) Desired survivor size 4456448 bytes, new threshold 3 (max threshold 6)
[2019-12-09T02:03:21.956+0000][1][gc,age       ] GC(4) Age table with threshold 3 (max threshold 6)
[2019-12-09T02:03:21.956+0000][1][gc,age       ] GC(4) - age   1:    1644768 bytes,    1644768 total
[2019-12-09T02:03:21.956+0000][1][gc,age       ] GC(4) - age   2:    2646936 bytes,    4291704 total
[2019-12-09T02:03:21.956+0000][1][gc,age       ] GC(4) - age   3:    1065248 bytes,    5356952 total
[2019-12-09T02:03:21.956+0000][1][gc,heap      ] GC(4) ParNew: 75711K->6390K(78656K)
[2019-12-09T02:03:21.956+0000][1][gc,heap      ] GC(4) CMS: 7018K->8005K(174784K)
[2019-12-09T02:03:21.956+0000][1][gc,metaspace ] GC(4) Metaspace: 18767K->18767K(1067008K)
[2019-12-09T02:03:21.956+0000][1][gc           ] GC(4) Pause Young (Allocation Failure) 80M->14M(247M) 243.469ms
[2019-12-09T02:03:21.956+0000][1][gc,cpu       ] GC(4) User=0.06s Sys=0.00s Real=0.25s
[2019-12-09T02:03:21.956+0000][1][safepoint    ] Leaving safepoint region
[2019-12-09T02:03:21.956+0000][1][safepoint    ] Total time for which application threads were stopped: 0.2435857 seconds, Stopping threads took: 0.0000133 seconds
[2019-12-09T02:03:21.981+0000][1][safepoint    ] Application time: 0.0247645 seconds
[2019-12-09T02:03:22.008+0000][1][safepoint    ] Entering safepoint region: RevokeBias
[2019-12-09T02:03:22.009+0000][1][safepoint    ] Leaving safepoint region
[2019-12-09T02:03:22.009+0000][1][safepoint    ] Total time for which application threads were stopped: 0.0276880 seconds, Stopping threads took: 0.0275855 seconds
[2019-12-09T02:03:22.009+0000][1][safepoint    ] Application time: 0.0000761 seconds
[2019-12-09T02:03:22.009+0000][1][safepoint    ] Entering safepoint region: RevokeBias
[2019-12-09T02:03:22.009+0000][1][safepoint    ] Leaving safepoint region
[2019-12-09T02:03:22.009+0000][1][safepoint    ] Total time for which application threads were stopped: 0.0001000 seconds, Stopping threads took: 0.0000093 seconds
[2019-12-09T02:03:22.009+0000][1][safepoint    ] Application time: 0.0000857 seconds
[2019-12-09T02:03:22.009+0000][1][safepoint    ] Entering safepoint region: RevokeBias
[2019-12-09T02:03:22.009+0000][1][safepoint    ] Leaving safepoint region
[2019-12-09T02:03:22.009+0000][1][safepoint    ] Total time for which application threads were stopped: 0.0000668 seconds, Stopping threads took: 0.0000079 seconds
[2019-12-09T02:03:22.009+0000][1][safepoint    ] Application time: 0.0000538 seconds
[2019-12-09T02:03:22.009+0000][1][safepoint    ] Entering safepoint region: RevokeBias
[2019-12-09T02:03:22.009+0000][1][safepoint    ] Leaving safepoint region
[2019-12-09T02:03:22.009+0000][1][safepoint    ] Total time for which application threads were stopped: 0.0000794 seconds, Stopping threads took: 0.0000081 seconds
[2019-12-09T02:03:22.177+0000][1][safepoint    ] Application time: 0.1679086 seconds
[2019-12-09T02:03:22.177+0000][1][safepoint    ] Entering safepoint region: Deoptimize
[2019-12-09T02:03:22.177+0000][1][safepoint    ] Leaving safepoint region
[2019-12-09T02:03:22.177+0000][1][safepoint    ] Total time for which application threads were stopped: 0.0003960 seconds, Stopping threads took: 0.0000132 seconds
[2019-12-09T02:03:22.560+0000][1][safepoint    ] Application time: 0.3823033 seconds
[2019-12-09T02:03:22.560+0000][1][safepoint    ] Entering safepoint region: Deoptimize
[2019-12-09T02:03:22.560+0000][1][safepoint    ] Leaving safepoint region
[2019-12-09T02:03:22.560+0000][1][safepoint    ] Total time for which application threads were stopped: 0.0004161 seconds, Stopping threads took: 0.0000150 seconds
[2019-12-09T02:03:23.570+0000][1][safepoint    ] Application time: 1.0095166 seconds
[2019-12-09T02:03:23.641+0000][1][safepoint    ] Entering safepoint region: Cleanup
[2019-12-09T02:03:23.641+0000][1][safepoint    ] Leaving safepoint region
[2019-12-09T02:03:23.641+0000][1][safepoint    ] Total time for which application threads were stopped: 0.0712487 seconds, Stopping threads took: 0.0711841 seconds
[2019-12-09T02:03:23.642+0000][1][safepoint    ] Application time: 0.0014700 seconds
[2019-12-09T02:03:23.642+0000][1][safepoint    ] Entering safepoint region: GenCollectForAllocation
[2019-12-09T02:03:23.643+0000][1][gc,start     ] GC(5) Pause Young (Allocation Failure)
[2019-12-09T02:03:23.643+0000][1][gc,task      ] GC(5) Using 2 workers of 2 for evacuation
[2019-12-09T02:03:23.690+0000][1][gc,age       ] GC(5) Desired survivor size 4456448 bytes, new threshold 3 (max threshold 6)
[2019-12-09T02:03:23.690+0000][1][gc,age       ] GC(5) Age table with threshold 3 (max threshold 6)
[2019-12-09T02:03:23.690+0000][1][gc,age       ] GC(5) - age   1:    2560784 bytes,    2560784 total
[2019-12-09T02:03:23.690+0000][1][gc,age       ] GC(5) - age   2:     442712 bytes,    3003496 total
[2019-12-09T02:03:23.690+0000][1][gc,age       ] GC(5) - age   3:    2642080 bytes,    5645576 total
[2019-12-09T02:03:23.690+0000][1][gc,heap      ] GC(5) ParNew: 76342K->7482K(78656K)
[2019-12-09T02:03:23.690+0000][1][gc,heap      ] GC(5) CMS: 8005K->9048K(174784K)
[2019-12-09T02:03:23.690+0000][1][gc,metaspace ] GC(5) Metaspace: 19104K->19104K(1067008K)
[2019-12-09T02:03:23.690+0000][1][gc           ] GC(5) Pause Young (Allocation Failure) 82M->16M(247M) 47.554ms
[2019-12-09T02:03:23.690+0000][1][gc,cpu       ] GC(5) User=0.01s Sys=0.00s Real=0.05s
[2019-12-09T02:03:23.690+0000][1][safepoint    ] Leaving safepoint region
[2019-12-09T02:03:23.690+0000][1][safepoint    ] Total time for which application threads were stopped: 0.0476672 seconds, Stopping threads took: 0.0000120 seconds
[2019-12-09T02:03:23.697+0000][1][safepoint    ] Application time: 0.0066452 seconds
[2019-12-09T02:03:23.709+0000][1][safepoint    ] Entering safepoint region: RevokeBias
[2019-12-09T02:03:23.709+0000][1][safepoint    ] Leaving safepoint region
[2019-12-09T02:03:23.709+0000][1][safepoint    ] Total time for which application threads were stopped: 0.0120918 seconds, Stopping threads took: 0.0119720 seconds
[2019-12-09T02:03:23.709+0000][1][safepoint    ] Application time: 0.0000652 seconds
[2019-12-09T02:03:23.709+0000][1][safepoint    ] Entering safepoint region: RevokeBias
[2019-12-09T02:03:23.709+0000][1][safepoint    ] Leaving safepoint region
[2019-12-09T02:03:23.709+0000][1][safepoint    ] Total time for which application threads were stopped: 0.0000581 seconds, Stopping threads took: 0.0000081 seconds
[2019-12-09T02:03:23.709+0000][1][safepoint    ] Application time: 0.0000544 seconds
[2019-12-09T02:03:23.709+0000][1][safepoint    ] Entering safepoint region: RevokeBias
[2019-12-09T02:03:23.709+0000][1][safepoint    ] Leaving safepoint region
[2019-12-09T02:03:23.709+0000][1][safepoint    ] Total time for which application threads were stopped: 0.0000494 seconds, Stopping threads took: 0.0000075 seconds
[2019-12-09T02:03:23.709+0000][1][safepoint    ] Application time: 0.0000450 seconds
[2019-12-09T02:03:23.709+0000][1][safepoint    ] Entering safepoint region: RevokeBias
[2019-12-09T02:03:23.709+0000][1][safepoint    ] Leaving safepoint region
[2019-12-09T02:03:23.709+0000][1][safepoint    ] Total time for which application threads were stopped: 0.0000471 seconds, Stopping threads took: 0.0000076 seconds
[2019-12-09T02:03:23.709+0000][1][safepoint    ] Application time: 0.0000523 seconds
[2019-12-09T02:03:23.709+0000][1][safepoint    ] Entering safepoint region: RevokeBias
[2019-12-09T02:03:23.709+0000][1][safepoint    ] Leaving safepoint region
[2019-12-09T02:03:23.709+0000][1][safepoint    ] Total time for which application threads were stopped: 0.0000450 seconds, Stopping threads took: 0.0000073 seconds
[2019-12-09T02:03:23.709+0000][1][safepoint    ] Application time: 0.0000451 seconds
[2019-12-09T02:03:23.709+0000][1][safepoint    ] Entering safepoint region: RevokeBias
[2019-12-09T02:03:23.710+0000][1][safepoint    ] Leaving safepoint region
[2019-12-09T02:03:23.710+0000][1][safepoint    ] Total time for which application threads were stopped: 0.0000436 seconds, Stopping threads took: 0.0000073 seconds
[2019-12-09T02:03:24.543+0000][1][safepoint    ] Application time: 0.8331944 seconds
[2019-12-09T02:03:24.543+0000][1][safepoint    ] Entering safepoint region: RevokeBias
[2019-12-09T02:03:24.543+0000][1][safepoint    ] Leaving safepoint region
[2019-12-09T02:03:24.543+0000][1][safepoint    ] Total time for which application threads were stopped: 0.0000711 seconds, Stopping threads took: 0.0000121 seconds
[2019-12-09T02:03:24.543+0000][1][safepoint    ] Application time: 0.0001987 seconds
[2019-12-09T02:03:24.543+0000][1][safepoint    ] Entering safepoint region: RevokeBias
[2019-12-09T02:03:24.543+0000][1][safepoint    ] Leaving safepoint region
[2019-12-09T02:03:24.543+0000][1][safepoint    ] Total time for which application threads were stopped: 0.0000461 seconds, Stopping threads took: 0.0000099 seconds
[2019-12-09T02:03:24.765+0000][1][safepoint    ] Application time: 0.2219806 seconds
[2019-12-09T02:03:24.765+0000][1][safepoint    ] Entering safepoint region: GenCollectForAllocation
[2019-12-09T02:03:24.765+0000][1][gc,start     ] GC(6) Pause Young (Allocation Failure)
[2019-12-09T02:03:24.765+0000][1][gc,task      ] GC(6) Using 2 workers of 2 for evacuation
[2019-12-09T02:03:24.955+0000][1][gc,age       ] GC(6) Desired survivor size 4456448 bytes, new threshold 3 (max threshold 6)
[2019-12-09T02:03:24.955+0000][1][gc,age       ] GC(6) Age table with threshold 3 (max threshold 6)
[2019-12-09T02:03:24.955+0000][1][gc,age       ] GC(6) - age   1:    1959824 bytes,    1959824 total
[2019-12-09T02:03:24.955+0000][1][gc,age       ] GC(6) - age   2:    2191264 bytes,    4151088 total
[2019-12-09T02:03:24.955+0000][1][gc,age       ] GC(6) - age   3:     442712 bytes,    4593800 total
[2019-12-09T02:03:24.955+0000][1][gc,heap      ] GC(6) ParNew: 77434K->8073K(78656K)
[2019-12-09T02:03:24.955+0000][1][gc,heap      ] GC(6) CMS: 9048K->11660K(174784K)
[2019-12-09T02:03:24.955+0000][1][gc,metaspace ] GC(6) Metaspace: 19414K->19414K(1067008K)
[2019-12-09T02:03:24.955+0000][1][gc           ] GC(6) Pause Young (Allocation Failure) 84M->19M(247M) 189.525ms
[2019-12-09T02:03:24.955+0000][1][gc,cpu       ] GC(6) User=0.03s Sys=0.00s Real=0.19s
[2019-12-09T02:03:24.955+0000][1][safepoint    ] Leaving safepoint region
[2019-12-09T02:03:24.955+0000][1][safepoint    ] Total time for which application threads were stopped: 0.1896598 seconds, Stopping threads took: 0.0000145 seconds
[2019-12-09T02:03:24.956+0000][1][safepoint    ] Application time: 0.0010508 seconds
[2019-12-09T02:03:24.956+0000][1][safepoint    ] Entering safepoint region: RevokeBias
[2019-12-09T02:03:24.956+0000][1][safepoint    ] Leaving safepoint region
[2019-12-09T02:03:24.956+0000][1][safepoint    ] Total time for which application threads were stopped: 0.0001304 seconds, Stopping threads took: 0.0000458 seconds
[2019-12-09T02:03:24.956+0000][1][safepoint    ] Application time: 0.0000705 seconds
[2019-12-09T02:03:24.956+0000][1][safepoint    ] Entering safepoint region: RevokeBias
[2019-12-09T02:03:24.956+0000][1][safepoint    ] Leaving safepoint region
[2019-12-09T02:03:24.956+0000][1][safepoint    ] Total time for which application threads were stopped: 0.0000677 seconds, Stopping threads took: 0.0000091 seconds
[2019-12-09T02:03:24.956+0000][1][safepoint    ] Application time: 0.0000605 seconds
[2019-12-09T02:03:24.956+0000][1][safepoint    ] Entering safepoint region: BulkRevokeBias
[2019-12-09T02:03:24.956+0000][1][safepoint    ] Leaving safepoint region
[2019-12-09T02:03:24.956+0000][1][safepoint    ] Total time for which application threads were stopped: 0.0000980 seconds, Stopping threads took: 0.0000088 seconds
[2019-12-09T02:03:24.956+0000][1][safepoint    ] Application time: 0.0000548 seconds
[2019-12-09T02:03:24.956+0000][1][safepoint    ] Entering safepoint region: BulkRevokeBias
[2019-12-09T02:03:24.956+0000][1][safepoint    ] Leaving safepoint region
[2019-12-09T02:03:24.957+0000][1][safepoint    ] Total time for which application threads were stopped: 0.0001040 seconds, Stopping threads took: 0.0000084 seconds
[2019-12-09T02:03:25.989+0000][1][safepoint    ] Application time: 1.0322027 seconds
[2019-12-09T02:03:26.059+0000][1][safepoint    ] Entering safepoint region: Cleanup
[2019-12-09T02:03:26.059+0000][1][safepoint    ] Leaving safepoint region
[2019-12-09T02:03:26.059+0000][1][safepoint    ] Total time for which application threads were stopped: 0.0700596 seconds, Stopping threads took: 0.0700114 seconds
[2019-12-09T02:03:26.079+0000][1][safepoint    ] Application time: 0.0201669 seconds
[2019-12-09T02:03:26.079+0000][1][safepoint    ] Entering safepoint region: GenCollectForAllocation
[2019-12-09T02:03:26.079+0000][1][gc,start     ] GC(7) Pause Young (Allocation Failure)
[2019-12-09T02:03:26.079+0000][1][gc,task      ] GC(7) Using 2 workers of 2 for evacuation
[2019-12-09T02:03:26.211+0000][1][gc,age       ] GC(7) Desired survivor size 4456448 bytes, new threshold 3 (max threshold 6)
[2019-12-09T02:03:26.211+0000][1][gc,age       ] GC(7) Age table with threshold 3 (max threshold 6)
[2019-12-09T02:03:26.211+0000][1][gc,age       ] GC(7) - age   1:    2303072 bytes,    2303072 total
[2019-12-09T02:03:26.211+0000][1][gc,age       ] GC(7) - age   2:    1128792 bytes,    3431864 total
[2019-12-09T02:03:26.211+0000][1][gc,age       ] GC(7) - age   3:    2191184 bytes,    5623048 total
[2019-12-09T02:03:26.211+0000][1][gc,heap      ] GC(7) ParNew: 78025K->7569K(78656K)
[2019-12-09T02:03:26.211+0000][1][gc,heap      ] GC(7) CMS: 11660K->12096K(174784K)
[2019-12-09T02:03:26.211+0000][1][gc,metaspace ] GC(7) Metaspace: 19690K->19690K(1067008K)
[2019-12-09T02:03:26.211+0000][1][gc           ] GC(7) Pause Young (Allocation Failure) 87M->19M(247M) 132.215ms
[2019-12-09T02:03:26.211+0000][1][gc,cpu       ] GC(7) User=0.04s Sys=0.00s Real=0.13s
[2019-12-09T02:03:26.211+0000][1][safepoint    ] Leaving safepoint region
[2019-12-09T02:03:26.211+0000][1][safepoint    ] Total time for which application threads were stopped: 0.1323325 seconds, Stopping threads took: 0.0000118 seconds
[2019-12-09T02:03:26.807+0000][1][safepoint    ] Application time: 0.5953551 seconds
[2019-12-09T02:03:26.807+0000][1][safepoint    ] Entering safepoint region: CollectForMetadataAllocation
[2019-12-09T02:03:26.807+0000][1][safepoint    ] Leaving safepoint region
[2019-12-09T02:03:26.807+0000][1][safepoint    ] Total time for which application threads were stopped: 0.0002448 seconds, Stopping threads took: 0.0000131 seconds
[2019-12-09T02:03:27.036+0000][1][safepoint    ] Application time: 0.2290446 seconds
[2019-12-09T02:03:27.036+0000][1][safepoint    ] Entering safepoint region: CollectForMetadataAllocation
[2019-12-09T02:03:27.036+0000][1][safepoint    ] Leaving safepoint region
[2019-12-09T02:03:27.036+0000][1][safepoint    ] Total time for which application threads were stopped: 0.0002955 seconds, Stopping threads took: 0.0000710 seconds
[2019-12-09T02:03:27.710+0000][1][safepoint    ] Application time: 0.6732730 seconds
[2019-12-09T02:03:27.710+0000][1][safepoint    ] Entering safepoint region: GenCollectForAllocation
[2019-12-09T02:03:27.710+0000][1][gc,start     ] GC(8) Pause Young (Allocation Failure)
[2019-12-09T02:03:27.710+0000][1][gc,task      ] GC(8) Using 2 workers of 2 for evacuation
[2019-12-09T02:03:27.792+0000][1][gc,age       ] GC(8) Desired survivor size 4456448 bytes, new threshold 6 (max threshold 6)
[2019-12-09T02:03:27.792+0000][1][gc,age       ] GC(8) Age table with threshold 6 (max threshold 6)
[2019-12-09T02:03:27.792+0000][1][gc,age       ] GC(8) - age   1:    1418168 bytes,    1418168 total
[2019-12-09T02:03:27.792+0000][1][gc,age       ] GC(8) - age   2:     354536 bytes,    1772704 total
[2019-12-09T02:03:27.792+0000][1][gc,age       ] GC(8) - age   3:    1128648 bytes,    2901352 total
[2019-12-09T02:03:27.792+0000][1][gc,heap      ] GC(8) ParNew: 77521K->7313K(78656K)
[2019-12-09T02:03:27.792+0000][1][gc,heap      ] GC(8) CMS: 12096K->14248K(174784K)
[2019-12-09T02:03:27.792+0000][1][gc,metaspace ] GC(8) Metaspace: 20509K->20509K(1069056K)
[2019-12-09T02:03:27.792+0000][1][gc           ] GC(8) Pause Young (Allocation Failure) 87M->21M(247M) 82.151ms
[2019-12-09T02:03:27.792+0000][1][gc,cpu       ] GC(8) User=0.02s Sys=0.00s Real=0.08s
[2019-12-09T02:03:27.792+0000][1][safepoint    ] Leaving safepoint region
[2019-12-09T02:03:27.792+0000][1][safepoint    ] Total time for which application threads were stopped: 0.0822840 seconds, Stopping threads took: 0.0000134 seconds
[2019-12-09T02:03:27.802+0000][1][safepoint    ] Application time: 0.0102318 seconds
[2019-12-09T02:03:27.802+0000][1][safepoint    ] Entering safepoint region: CMS_Initial_Mark
[2019-12-09T02:03:27.802+0000][1][gc,start     ] GC(9) Pause Initial Mark
[2019-12-09T02:03:27.805+0000][1][gc           ] GC(9) Pause Initial Mark 22M->22M(247M) 2.229ms
[2019-12-09T02:03:27.805+0000][1][gc,cpu       ] GC(9) User=0.00s Sys=0.00s Real=0.00s
[2019-12-09T02:03:27.805+0000][1][safepoint    ] Leaving safepoint region
[2019-12-09T02:03:27.805+0000][1][safepoint    ] Total time for which application threads were stopped: 0.0023364 seconds, Stopping threads took: 0.0000162 seconds
[2019-12-09T02:03:27.805+0000][1][gc           ] GC(9) Concurrent Mark
[2019-12-09T02:03:28.075+0000][1][gc           ] GC(9) Concurrent Mark 270.085ms
[2019-12-09T02:03:28.075+0000][1][gc,cpu       ] GC(9) User=0.07s Sys=0.01s Real=0.28s
[2019-12-09T02:03:28.075+0000][1][gc           ] GC(9) Concurrent Preclean
[2019-12-09T02:03:28.075+0000][1][gc           ] GC(9) Concurrent Preclean 0.563ms
[2019-12-09T02:03:28.075+0000][1][gc,cpu       ] GC(9) User=0.00s Sys=0.00s Real=0.00s
[2019-12-09T02:03:28.075+0000][1][gc           ] GC(9) Concurrent Abortable Preclean
[2019-12-09T02:03:28.822+0000][1][safepoint    ] Application time: 1.0170913 seconds
[2019-12-09T02:03:28.822+0000][1][safepoint    ] Entering safepoint region: Cleanup
[2019-12-09T02:03:28.822+0000][1][safepoint    ] Leaving safepoint region
[2019-12-09T02:03:28.822+0000][1][safepoint    ] Total time for which application threads were stopped: 0.0000817 seconds, Stopping threads took: 0.0000424 seconds
[2019-12-09T02:03:28.916+0000][1][safepoint    ] Application time: 0.0938748 seconds
[2019-12-09T02:03:28.916+0000][1][safepoint    ] Entering safepoint region: RevokeBias
[2019-12-09T02:03:28.916+0000][1][safepoint    ] Leaving safepoint region
[2019-12-09T02:03:28.916+0000][1][safepoint    ] Total time for which application threads were stopped: 0.0000690 seconds, Stopping threads took: 0.0000149 seconds
[2019-12-09T02:03:29.317+0000][1][safepoint    ] Application time: 0.4008909 seconds
[2019-12-09T02:03:29.317+0000][1][safepoint    ] Entering safepoint region: GenCollectForAllocation
[2019-12-09T02:03:29.317+0000][1][gc,start     ] GC(10) Pause Young (Allocation Failure)
[2019-12-09T02:03:29.317+0000][1][gc,task      ] GC(10) Using 2 workers of 2 for evacuation
[2019-12-09T02:03:29.377+0000][1][gc,age       ] GC(10) Desired survivor size 4456448 bytes, new threshold 6 (max threshold 6)
[2019-12-09T02:03:29.377+0000][1][gc,age       ] GC(10) Age table with threshold 6 (max threshold 6)
[2019-12-09T02:03:29.377+0000][1][gc,age       ] GC(10) - age   1:     758904 bytes,     758904 total
[2019-12-09T02:03:29.377+0000][1][gc,age       ] GC(10) - age   2:     656552 bytes,    1415456 total
[2019-12-09T02:03:29.377+0000][1][gc,age       ] GC(10) - age   3:     354536 bytes,    1769992 total
[2019-12-09T02:03:29.377+0000][1][gc,age       ] GC(10) - age   4:    1128648 bytes,    2898640 total
[2019-12-09T02:03:29.377+0000][1][gc,heap      ] GC(10) ParNew: 77265K->3854K(78656K)
[2019-12-09T02:03:29.377+0000][1][gc,heap      ] GC(10) CMS: 14248K->14248K(174784K)
[2019-12-09T02:03:29.377+0000][1][gc,metaspace ] GC(10) Metaspace: 20614K->20614K(1069056K)
[2019-12-09T02:03:29.377+0000][1][gc           ] GC(10) Pause Young (Allocation Failure) 89M->17M(247M) 60.136ms
[2019-12-09T02:03:29.377+0000][1][gc,cpu       ] GC(10) User=0.02s Sys=0.00s Real=0.06s
[2019-12-09T02:03:29.377+0000][1][safepoint    ] Leaving safepoint region
[2019-12-09T02:03:29.377+0000][1][safepoint    ] Total time for which application threads were stopped: 0.0602654 seconds, Stopping threads took: 0.0000136 seconds
[2019-12-09T02:03:30.300+0000][1][gc           ] GC(9) Concurrent Abortable Preclean 2224.217ms
[2019-12-09T02:03:30.300+0000][1][gc,cpu       ] GC(9) User=0.65s Sys=0.01s Real=2.22s
[2019-12-09T02:03:30.300+0000][1][safepoint    ] Application time: 0.9227053 seconds
[2019-12-09T02:03:30.300+0000][1][safepoint    ] Entering safepoint region: CMS_Final_Remark
[2019-12-09T02:03:30.300+0000][1][gc,start     ] GC(9) Pause Remark
[2019-12-09T02:03:30.569+0000][1][gc           ] GC(9) Pause Remark 65M->65M(247M) 269.648ms
[2019-12-09T02:03:30.570+0000][1][gc,cpu       ] GC(9) User=0.07s Sys=0.00s Real=0.27s
[2019-12-09T02:03:30.570+0000][1][safepoint    ] Leaving safepoint region
[2019-12-09T02:03:30.570+0000][1][safepoint    ] Total time for which application threads were stopped: 0.2698255 seconds, Stopping threads took: 0.0000564 seconds
[2019-12-09T02:03:30.572+0000][1][gc           ] GC(9) Concurrent Sweep
[2019-12-09T02:03:30.587+0000][1][gc           ] GC(9) Concurrent Sweep 15.017ms
[2019-12-09T02:03:30.587+0000][1][gc,cpu       ] GC(9) User=0.01s Sys=0.00s Real=0.02s
[2019-12-09T02:03:30.587+0000][1][gc           ] GC(9) Concurrent Reset
[2019-12-09T02:03:30.587+0000][1][gc           ] GC(9) Concurrent Reset 0.328ms
[2019-12-09T02:03:30.587+0000][1][gc,cpu       ] GC(9) User=0.00s Sys=0.00s Real=0.00s
[2019-12-09T02:03:30.587+0000][1][gc,heap      ] GC(9) Old: 14248K->14237K(174784K)
[2019-12-09T02:03:30.875+0000][1][safepoint    ] Application time: 0.3056957 seconds
[2019-12-09T02:03:30.875+0000][1][safepoint    ] Entering safepoint region: GenCollectForAllocation
[2019-12-09T02:03:30.876+0000][1][gc,start     ] GC(11) Pause Young (Allocation Failure)
[2019-12-09T02:03:30.876+0000][1][gc,task      ] GC(11) Using 2 workers of 2 for evacuation
[2019-12-09T02:03:31.052+0000][1][gc,age       ] GC(11) Desired survivor size 4456448 bytes, new threshold 6 (max threshold 6)
[2019-12-09T02:03:31.052+0000][1][gc,age       ] GC(11) Age table with threshold 6 (max threshold 6)
[2019-12-09T02:03:31.052+0000][1][gc,age       ] GC(11) - age   1:     743504 bytes,     743504 total
[2019-12-09T02:03:31.052+0000][1][gc,age       ] GC(11) - age   2:      97456 bytes,     840960 total
[2019-12-09T02:03:31.052+0000][1][gc,age       ] GC(11) - age   3:     656408 bytes,    1497368 total
[2019-12-09T02:03:31.052+0000][1][gc,age       ] GC(11) - age   4:     354432 bytes,    1851800 total
[2019-12-09T02:03:31.052+0000][1][gc,age       ] GC(11) - age   5:    1128360 bytes,    2980160 total
[2019-12-09T02:03:31.052+0000][1][gc,heap      ] GC(11) ParNew: 73806K->3907K(78656K)
[2019-12-09T02:03:31.052+0000][1][gc,heap      ] GC(11) CMS: 14237K->14237K(174784K)
[2019-12-09T02:03:31.052+0000][1][gc,metaspace ] GC(11) Metaspace: 20700K->20700K(1069056K)
[2019-12-09T02:03:31.052+0000][1][gc           ] GC(11) Pause Young (Allocation Failure) 85M->17M(247M) 176.218ms
[2019-12-09T02:03:31.052+0000][1][gc,cpu       ] GC(11) User=0.01s Sys=0.00s Real=0.17s
[2019-12-09T02:03:31.052+0000][1][safepoint    ] Leaving safepoint region
[2019-12-09T02:03:31.052+0000][1][safepoint    ] Total time for which application threads were stopped: 0.1767622 seconds, Stopping threads took: 0.0000136 seconds
[2019-12-09T02:03:31.902+0000][1][safepoint    ] Application time: 0.8498275 seconds
[2019-12-09T02:03:31.902+0000][1][safepoint    ] Entering safepoint region: Deoptimize
[2019-12-09T02:03:31.902+0000][1][safepoint    ] Leaving safepoint region
[2019-12-09T02:03:31.902+0000][1][safepoint    ] Total time for which application threads were stopped: 0.0004051 seconds, Stopping threads took: 0.0000132 seconds
[2019-12-09T02:03:32.904+0000][1][safepoint    ] Application time: 1.0013660 seconds
[2019-12-09T02:03:32.904+0000][1][safepoint    ] Entering safepoint region: Cleanup
[2019-12-09T02:03:32.904+0000][1][safepoint    ] Leaving safepoint region
[2019-12-09T02:03:32.904+0000][1][safepoint    ] Total time for which application threads were stopped: 0.0000823 seconds, Stopping threads took: 0.0000248 seconds
[2019-12-09T02:03:33.563+0000][1][safepoint    ] Application time: 0.6586700 seconds
[2019-12-09T02:03:33.563+0000][1][safepoint    ] Entering safepoint region: GenCollectForAllocation
[2019-12-09T02:03:33.563+0000][1][gc,start     ] GC(12) Pause Young (Allocation Failure)
[2019-12-09T02:03:33.563+0000][1][gc,task      ] GC(12) Using 2 workers of 2 for evacuation
[2019-12-09T02:03:33.666+0000][1][gc,age       ] GC(12) Desired survivor size 4456448 bytes, new threshold 6 (max threshold 6)
[2019-12-09T02:03:33.666+0000][1][gc,age       ] GC(12) Age table with threshold 6 (max threshold 6)
[2019-12-09T02:03:33.666+0000][1][gc,age       ] GC(12) - age   1:    1013328 bytes,    1013328 total
[2019-12-09T02:03:33.666+0000][1][gc,age       ] GC(12) - age   2:     305568 bytes,    1318896 total
[2019-12-09T02:03:33.666+0000][1][gc,age       ] GC(12) - age   3:      97456 bytes,    1416352 total
[2019-12-09T02:03:33.666+0000][1][gc,age       ] GC(12) - age   4:     656344 bytes,    2072696 total
[2019-12-09T02:03:33.666+0000][1][gc,age       ] GC(12) - age   5:     354432 bytes,    2427128 total
[2019-12-09T02:03:33.666+0000][1][gc,age       ] GC(12) - age   6:    1128360 bytes,    3555488 total
[2019-12-09T02:03:33.666+0000][1][gc,heap      ] GC(12) ParNew: 73859K->4250K(78656K)
[2019-12-09T02:03:33.666+0000][1][gc,heap      ] GC(12) CMS: 14237K->14237K(174784K)
[2019-12-09T02:03:33.666+0000][1][gc,metaspace ] GC(12) Metaspace: 22738K->22738K(1071104K)
[2019-12-09T02:03:33.666+0000][1][gc           ] GC(12) Pause Young (Allocation Failure) 86M->18M(247M) 103.398ms
[2019-12-09T02:03:33.666+0000][1][gc,cpu       ] GC(12) User=0.02s Sys=0.00s Real=0.11s
[2019-12-09T02:03:33.666+0000][1][safepoint    ] Leaving safepoint region
[2019-12-09T02:03:33.666+0000][1][safepoint    ] Total time for which application threads were stopped: 0.1035535 seconds, Stopping threads took: 0.0000132 seconds
[2019-12-09T02:03:34.670+0000][1][safepoint    ] Application time: 1.0036025 seconds
[2019-12-09T02:03:34.670+0000][1][safepoint    ] Entering safepoint region: Cleanup
[2019-12-09T02:03:34.670+0000][1][safepoint    ] Leaving safepoint region
[2019-12-09T02:03:34.670+0000][1][safepoint    ] Total time for which application threads were stopped: 0.0003333 seconds, Stopping threads took: 0.0001178 seconds
[2019-12-09T02:03:34.843+0000][1][safepoint    ] Application time: 0.1731419 seconds
[2019-12-09T02:03:34.843+0000][1][safepoint    ] Entering safepoint region: Deoptimize
[2019-12-09T02:03:34.844+0000][1][safepoint    ] Leaving safepoint region
[2019-12-09T02:03:34.844+0000][1][safepoint    ] Total time for which application threads were stopped: 0.0004381 seconds, Stopping threads took: 0.0000128 seconds
[2019-12-09T02:03:35.491+0000][1][safepoint    ] Application time: 0.6469826 seconds
[2019-12-09T02:03:35.491+0000][1][safepoint    ] Entering safepoint region: Deoptimize
[2019-12-09T02:03:35.491+0000][1][safepoint    ] Leaving safepoint region
[2019-12-09T02:03:35.491+0000][1][safepoint    ] Total time for which application threads were stopped: 0.0004132 seconds, Stopping threads took: 0.0000186 seconds
[2019-12-09T02:03:35.591+0000][1][safepoint    ] Application time: 0.0994161 seconds
[2019-12-09T02:03:35.591+0000][1][safepoint    ] Entering safepoint region: Deoptimize
[2019-12-09T02:03:35.591+0000][1][safepoint    ] Leaving safepoint region
[2019-12-09T02:03:35.591+0000][1][safepoint    ] Total time for which application threads were stopped: 0.0004446 seconds, Stopping threads took: 0.0000153 seconds
[2019-12-09T02:03:35.614+0000][1][safepoint    ] Application time: 0.0226444 seconds
[2019-12-09T02:03:35.614+0000][1][safepoint    ] Entering safepoint region: Deoptimize
[2019-12-09T02:03:35.614+0000][1][safepoint    ] Leaving safepoint region
[2019-12-09T02:03:35.614+0000][1][safepoint    ] Total time for which application threads were stopped: 0.0004519 seconds, Stopping threads took: 0.0000136 seconds
[2019-12-09T02:03:35.688+0000][1][safepoint    ] Application time: 0.0741666 seconds
[2019-12-09T02:03:35.688+0000][1][safepoint    ] Entering safepoint region: RevokeBias
[2019-12-09T02:03:35.688+0000][1][safepoint    ] Leaving safepoint region
[2019-12-09T02:03:35.688+0000][1][safepoint    ] Total time for which application threads were stopped: 0.0000611 seconds, Stopping threads took: 0.0000130 seconds
[2019-12-09T02:03:36.689+0000][1][safepoint    ] Application time: 1.0002235 seconds
[2019-12-09T02:03:36.778+0000][1][safepoint    ] Entering safepoint region: Cleanup
[2019-12-09T02:03:36.778+0000][1][safepoint    ] Leaving safepoint region
[2019-12-09T02:03:36.778+0000][1][safepoint    ] Total time for which application threads were stopped: 0.0890838 seconds, Stopping threads took: 0.0890118 seconds
[2019-12-09T02:03:37.383+0000][1][safepoint    ] Application time: 0.6048783 seconds
[2019-12-09T02:03:37.383+0000][1][safepoint    ] Entering safepoint region: RevokeBias
[2019-12-09T02:03:37.383+0000][1][safepoint    ] Leaving safepoint region
[2019-12-09T02:03:37.383+0000][1][safepoint    ] Total time for which application threads were stopped: 0.0000954 seconds, Stopping threads took: 0.0000136 seconds
[2019-12-09T02:03:38.385+0000][1][safepoint    ] Application time: 1.0018500 seconds
[2019-12-09T02:03:38.399+0000][1][safepoint    ] Entering safepoint region: Cleanup
[2019-12-09T02:03:38.399+0000][1][safepoint    ] Leaving safepoint region
[2019-12-09T02:03:38.399+0000][1][safepoint    ] Total time for which application threads were stopped: 0.0142272 seconds, Stopping threads took: 0.0139916 seconds
[2019-12-09T02:03:39.417+0000][1][safepoint    ] Application time: 1.0179025 seconds
[2019-12-09T02:03:39.428+0000][1][safepoint    ] Entering safepoint region: Cleanup
[2019-12-09T02:03:39.428+0000][1][safepoint    ] Leaving safepoint region
[2019-12-09T02:03:39.428+0000][1][safepoint    ] Total time for which application threads were stopped: 0.0108929 seconds, Stopping threads took: 0.0108388 seconds
[2019-12-09T02:03:40.428+0000][1][safepoint    ] Application time: 1.0000887 seconds
[2019-12-09T02:03:40.430+0000][1][safepoint    ] Entering safepoint region: Cleanup
[2019-12-09T02:03:40.430+0000][1][safepoint    ] Leaving safepoint region
[2019-12-09T02:03:40.430+0000][1][safepoint    ] Total time for which application threads were stopped: 0.0018441 seconds, Stopping threads took: 0.0017991 seconds
[2019-12-09T02:03:41.435+0000][1][safepoint    ] Application time: 1.0048917 seconds
[2019-12-09T02:03:41.435+0000][1][safepoint    ] Entering safepoint region: Cleanup
[2019-12-09T02:03:41.435+0000][1][safepoint    ] Leaving safepoint region
[2019-12-09T02:03:41.435+0000][1][safepoint    ] Total time for which application threads were stopped: 0.0006318 seconds, Stopping threads took: 0.0005864 seconds
[2019-12-09T02:03:41.688+0000][1][safepoint    ] Application time: 0.2530431 seconds
[2019-12-09T02:03:41.688+0000][1][safepoint    ] Entering safepoint region: GenCollectForAllocation
[2019-12-09T02:03:41.689+0000][1][gc,start     ] GC(13) Pause Young (Allocation Failure)
[2019-12-09T02:03:41.689+0000][1][gc,task      ] GC(13) Using 2 workers of 2 for evacuation
[2019-12-09T02:03:42.109+0000][1][gc,age       ] GC(13) Desired survivor size 4456448 bytes, new threshold 1 (max threshold 6)
[2019-12-09T02:03:42.109+0000][1][gc,age       ] GC(13) Age table with threshold 1 (max threshold 6)
[2019-12-09T02:03:42.109+0000][1][gc,age       ] GC(13) - age   1:    6791416 bytes,    6791416 total
[2019-12-09T02:03:42.109+0000][1][gc,age       ] GC(13) - age   2:     713088 bytes,    7504504 total
[2019-12-09T02:03:42.109+0000][1][gc,age       ] GC(13) - age   3:     305336 bytes,    7809840 total
[2019-12-09T02:03:42.109+0000][1][gc,age       ] GC(13) - age   4:      97304 bytes,    7907144 total
[2019-12-09T02:03:42.109+0000][1][gc,age       ] GC(13) - age   5:     653304 bytes,    8560448 total
[2019-12-09T02:03:42.109+0000][1][gc,age       ] GC(13) - age   6:     352240 bytes,    8912688 total
[2019-12-09T02:03:42.110+0000][1][gc,heap      ] GC(13) ParNew: 74202K->8704K(78656K)
[2019-12-09T02:03:42.110+0000][1][gc,heap      ] GC(13) CMS: 14237K->21671K(174784K)
[2019-12-09T02:03:42.110+0000][1][gc,metaspace ] GC(13) Metaspace: 27207K->27207K(1075200K)
[2019-12-09T02:03:42.110+0000][1][gc           ] GC(13) Pause Young (Allocation Failure) 86M->29M(247M) 421.000ms
[2019-12-09T02:03:42.110+0000][1][gc,cpu       ] GC(13) User=0.12s Sys=0.00s Real=0.42s
[2019-12-09T02:03:42.110+0000][1][safepoint    ] Leaving safepoint region
[2019-12-09T02:03:42.110+0000][1][safepoint    ] Total time for which application threads were stopped: 0.4211356 seconds, Stopping threads took: 0.0000207 seconds
[2019-12-09T02:03:43.114+0000][1][safepoint    ] Application time: 1.0040902 seconds
[2019-12-09T02:03:43.138+0000][1][safepoint    ] Entering safepoint region: Cleanup
[2019-12-09T02:03:43.138+0000][1][safepoint    ] Leaving safepoint region
[2019-12-09T02:03:43.138+0000][1][safepoint    ] Total time for which application threads were stopped: 0.0240442 seconds, Stopping threads took: 0.0239806 seconds
[2019-12-09T02:03:44.150+0000][1][safepoint    ] Application time: 1.0118853 seconds
[2019-12-09T02:03:44.150+0000][1][safepoint    ] Entering safepoint region: Cleanup
[2019-12-09T02:03:44.150+0000][1][safepoint    ] Leaving safepoint region
[2019-12-09T02:03:44.150+0000][1][safepoint    ] Total time for which application threads were stopped: 0.0000894 seconds, Stopping threads took: 0.0000452 seconds
[2019-12-09T02:03:45.157+0000][1][safepoint    ] Application time: 1.0068821 seconds
[2019-12-09T02:03:45.179+0000][1][safepoint    ] Entering safepoint region: Cleanup
[2019-12-09T02:03:45.179+0000][1][safepoint    ] Leaving safepoint region
[2019-12-09T02:03:45.179+0000][1][safepoint    ] Total time for which application threads were stopped: 0.0225406 seconds, Stopping threads took: 0.0224785 seconds
[2019-12-09T02:03:46.161+0000][1][safepoint    ] Application time: 0.9820900 seconds
[2019-12-09T02:03:46.161+0000][1][safepoint    ] Entering safepoint region: GenCollectForAllocation
[2019-12-09T02:03:46.162+0000][1][gc,start     ] GC(14) Pause Young (Allocation Failure)
[2019-12-09T02:03:46.162+0000][1][gc,task      ] GC(14) Using 2 workers of 2 for evacuation
[2019-12-09T02:03:46.773+0000][1][gc,age       ] GC(14) Desired survivor size 4456448 bytes, new threshold 1 (max threshold 6)
[2019-12-09T02:03:46.773+0000][1][gc,age       ] GC(14) Age table with threshold 1 (max threshold 6)
[2019-12-09T02:03:46.773+0000][1][gc,age       ] GC(14) - age   1:    8912632 bytes,    8912632 total
[2019-12-09T02:03:46.773+0000][1][gc,heap      ] GC(14) ParNew: 78656K->8704K(78656K)
[2019-12-09T02:03:46.773+0000][1][gc,heap      ] GC(14) CMS: 21671K->34809K(174784K)
[2019-12-09T02:03:46.773+0000][1][gc,metaspace ] GC(14) Metaspace: 27344K->27344K(1075200K)
[2019-12-09T02:03:46.773+0000][1][gc           ] GC(14) Pause Young (Allocation Failure) 97M->42M(247M) 611.114ms
[2019-12-09T02:03:46.773+0000][1][gc,cpu       ] GC(14) User=0.18s Sys=0.00s Real=0.61s
[2019-12-09T02:03:46.773+0000][1][safepoint    ] Leaving safepoint region
[2019-12-09T02:03:46.773+0000][1][safepoint    ] Total time for which application threads were stopped: 0.6112740 seconds, Stopping threads took: 0.0000137 seconds
[2019-12-09T02:03:48.794+0000][1][safepoint    ] Application time: 2.0209815 seconds
[2019-12-09T02:03:48.794+0000][1][safepoint    ] Entering safepoint region: Cleanup
[2019-12-09T02:03:48.794+0000][1][safepoint    ] Leaving safepoint region
[2019-12-09T02:03:48.794+0000][1][safepoint    ] Total time for which application threads were stopped: 0.0001409 seconds, Stopping threads took: 0.0000863 seconds
[2019-12-09T02:03:49.800+0000][1][safepoint    ] Application time: 1.0058087 seconds
[2019-12-09T02:03:49.874+0000][1][safepoint    ] Entering safepoint region: Cleanup
[2019-12-09T02:03:49.874+0000][1][safepoint    ] Leaving safepoint region
[2019-12-09T02:03:49.874+0000][1][safepoint    ] Total time for which application threads were stopped: 0.0741772 seconds, Stopping threads took: 0.0741200 seconds
[2019-12-09T02:03:50.875+0000][1][safepoint    ] Application time: 1.0008286 seconds
[2019-12-09T02:03:50.892+0000][1][safepoint    ] Entering safepoint region: Cleanup
[2019-12-09T02:03:50.892+0000][1][safepoint    ] Leaving safepoint region
[2019-12-09T02:03:50.892+0000][1][safepoint    ] Total time for which application threads were stopped: 0.0170217 seconds, Stopping threads took: 0.0169505 seconds
[2019-12-09T02:03:51.219+0000][1][safepoint    ] Application time: 0.3275385 seconds
[2019-12-09T02:03:51.219+0000][1][safepoint    ] Entering safepoint region: GenCollectForAllocation
[2019-12-09T02:03:51.220+0000][1][gc,start     ] GC(15) Pause Young (Allocation Failure)
[2019-12-09T02:03:51.220+0000][1][gc,task      ] GC(15) Using 2 workers of 2 for evacuation
[2019-12-09T02:03:51.695+0000][1][gc,age       ] GC(15) Desired survivor size 4456448 bytes, new threshold 1 (max threshold 6)
[2019-12-09T02:03:51.695+0000][1][gc,age       ] GC(15) Age table with threshold 1 (max threshold 6)
[2019-12-09T02:03:51.695+0000][1][gc,age       ] GC(15) - age   1:    8912824 bytes,    8912824 total
[2019-12-09T02:03:51.695+0000][1][gc,heap      ] GC(15) ParNew: 78656K->8704K(78656K)
[2019-12-09T02:03:51.695+0000][1][gc,heap      ] GC(15) CMS: 34809K->45822K(174784K)
[2019-12-09T02:03:51.695+0000][1][gc,metaspace ] GC(15) Metaspace: 29411K->29411K(1077248K)
[2019-12-09T02:03:51.695+0000][1][gc           ] GC(15) Pause Young (Allocation Failure) 110M->53M(247M) 475.708ms
[2019-12-09T02:03:51.695+0000][1][gc,cpu       ] GC(15) User=0.14s Sys=0.00s Real=0.48s
[2019-12-09T02:03:51.695+0000][1][safepoint    ] Leaving safepoint region
[2019-12-09T02:03:51.695+0000][1][safepoint    ] Total time for which application threads were stopped: 0.4758521 seconds, Stopping threads took: 0.0000141 seconds
[2019-12-09T02:03:52.698+0000][1][safepoint    ] Application time: 1.0024519 seconds
[2019-12-09T02:03:52.710+0000][1][safepoint    ] Entering safepoint region: Cleanup
[2019-12-09T02:03:52.710+0000][1][safepoint    ] Leaving safepoint region
[2019-12-09T02:03:52.710+0000][1][safepoint    ] Total time for which application threads were stopped: 0.0121588 seconds, Stopping threads took: 0.0121029 seconds
[2019-12-09T02:03:52.940+0000][1][safepoint    ] Application time: 0.2296207 seconds
[2019-12-09T02:03:52.940+0000][1][safepoint    ] Entering safepoint region: RevokeBias
[2019-12-09T02:03:52.940+0000][1][safepoint    ] Leaving safepoint region
[2019-12-09T02:03:52.940+0000][1][safepoint    ] Total time for which application threads were stopped: 0.0001226 seconds, Stopping threads took: 0.0000134 seconds
[2019-12-09T02:03:53.038+0000][1][safepoint    ] Application time: 0.0987437 seconds
[2019-12-09T02:03:53.039+0000][1][safepoint    ] Entering safepoint region: RevokeBias
[2019-12-09T02:03:53.039+0000][1][safepoint    ] Leaving safepoint region
[2019-12-09T02:03:53.039+0000][1][safepoint    ] Total time for which application threads were stopped: 0.0000804 seconds, Stopping threads took: 0.0000132 seconds
[2019-12-09T02:03:53.118+0000][1][safepoint    ] Application time: 0.0796439 seconds
[2019-12-09T02:03:53.118+0000][1][safepoint    ] Entering safepoint region: RevokeBias
[2019-12-09T02:03:53.118+0000][1][safepoint    ] Leaving safepoint region
[2019-12-09T02:03:53.118+0000][1][safepoint    ] Total time for which application threads were stopped: 0.0000838 seconds, Stopping threads took: 0.0000139 seconds
[2019-12-09T02:03:53.188+0000][1][safepoint    ] Application time: 0.0700864 seconds
[2019-12-09T02:03:53.189+0000][1][safepoint    ] Entering safepoint region: RevokeBias
[2019-12-09T02:03:53.189+0000][1][safepoint    ] Leaving safepoint region
[2019-12-09T02:03:53.189+0000][1][safepoint    ] Total time for which application threads were stopped: 0.0000805 seconds, Stopping threads took: 0.0000134 seconds
[2019-12-09T02:03:54.197+0000][1][safepoint    ] Application time: 1.0080954 seconds
[2019-12-09T02:03:54.198+0000][1][safepoint    ] Entering safepoint region: Cleanup
[2019-12-09T02:03:54.198+0000][1][safepoint    ] Leaving safepoint region
[2019-12-09T02:03:54.198+0000][1][safepoint    ] Total time for which application threads were stopped: 0.0009254 seconds, Stopping threads took: 0.0008853 seconds
[2019-12-09T02:03:55.113+0000][1][safepoint    ] Application time: 0.9150403 seconds
[2019-12-09T02:03:55.113+0000][1][safepoint    ] Entering safepoint region: GenCollectForAllocation
[2019-12-09T02:03:55.113+0000][1][gc,start     ] GC(16) Pause Young (Allocation Failure)
[2019-12-09T02:03:55.113+0000][1][gc,task      ] GC(16) Using 2 workers of 2 for evacuation
[2019-12-09T02:03:55.383+0000][1][gc,age       ] GC(16) Desired survivor size 4456448 bytes, new threshold 6 (max threshold 6)
[2019-12-09T02:03:55.383+0000][1][gc,age       ] GC(16) Age table with threshold 6 (max threshold 6)
[2019-12-09T02:03:55.383+0000][1][gc,age       ] GC(16) - age   1:    1295744 bytes,    1295744 total
[2019-12-09T02:03:55.383+0000][1][gc,heap      ] GC(16) ParNew: 78656K->8619K(78656K)
[2019-12-09T02:03:55.383+0000][1][gc,heap      ] GC(16) CMS: 45822K->54596K(174784K)
[2019-12-09T02:03:55.383+0000][1][gc,metaspace ] GC(16) Metaspace: 33054K->33054K(1079296K)
[2019-12-09T02:03:55.383+0000][1][gc           ] GC(16) Pause Young (Allocation Failure) 121M->61M(247M) 270.168ms
[2019-12-09T02:03:55.383+0000][1][gc,cpu       ] GC(16) User=0.06s Sys=0.00s Real=0.27s
[2019-12-09T02:03:55.383+0000][1][safepoint    ] Leaving safepoint region
[2019-12-09T02:03:55.383+0000][1][safepoint    ] Total time for which application threads were stopped: 0.2703256 seconds, Stopping threads took: 0.0000162 seconds
[2019-12-09T02:03:56.401+0000][1][safepoint    ] Application time: 1.0175950 seconds
[2019-12-09T02:03:56.451+0000][1][safepoint    ] Entering safepoint region: Cleanup
[2019-12-09T02:03:56.451+0000][1][safepoint    ] Leaving safepoint region
[2019-12-09T02:03:56.451+0000][1][safepoint    ] Total time for which application threads were stopped: 0.0500761 seconds, Stopping threads took: 0.0500186 seconds
[2019-12-09T02:03:57.459+0000][1][safepoint    ] Application time: 1.0078722 seconds
[2019-12-09T02:03:57.515+0000][1][safepoint    ] Entering safepoint region: Cleanup
[2019-12-09T02:03:57.515+0000][1][safepoint    ] Leaving safepoint region
[2019-12-09T02:03:57.515+0000][1][safepoint    ] Total time for which application threads were stopped: 0.0560800 seconds, Stopping threads took: 0.0560238 seconds
[2019-12-09T02:03:57.671+0000][1][safepoint    ] Application time: 0.1563664 seconds
[2019-12-09T02:03:57.671+0000][1][safepoint    ] Entering safepoint region: CollectForMetadataAllocation
[2019-12-09T02:03:57.671+0000][1][safepoint    ] Leaving safepoint region
[2019-12-09T02:03:57.671+0000][1][safepoint    ] Total time for which application threads were stopped: 0.0002196 seconds, Stopping threads took: 0.0000127 seconds
[2019-12-09T02:03:57.906+0000][1][safepoint    ] Application time: 0.2347787 seconds
[2019-12-09T02:03:57.906+0000][1][safepoint    ] Entering safepoint region: CollectForMetadataAllocation
[2019-12-09T02:03:57.907+0000][1][safepoint    ] Leaving safepoint region
[2019-12-09T02:03:57.907+0000][1][safepoint    ] Total time for which application threads were stopped: 0.0002336 seconds, Stopping threads took: 0.0000186 seconds
[2019-12-09T02:03:58.257+0000][1][safepoint    ] Application time: 0.3501950 seconds
[2019-12-09T02:03:58.257+0000][1][safepoint    ] Entering safepoint region: CollectForMetadataAllocation
[2019-12-09T02:03:58.257+0000][1][safepoint    ] Leaving safepoint region
[2019-12-09T02:03:58.257+0000][1][safepoint    ] Total time for which application threads were stopped: 0.0002280 seconds, Stopping threads took: 0.0000130 seconds
[2019-12-09T02:03:58.458+0000][1][safepoint    ] Application time: 0.2014892 seconds
[2019-12-09T02:03:58.459+0000][1][safepoint    ] Entering safepoint region: CollectForMetadataAllocation
[2019-12-09T02:03:58.459+0000][1][safepoint    ] Leaving safepoint region
[2019-12-09T02:03:58.459+0000][1][safepoint    ] Total time for which application threads were stopped: 0.0002576 seconds, Stopping threads took: 0.0000143 seconds
[2019-12-09T02:03:58.581+0000][1][safepoint    ] Application time: 0.1218681 seconds
[2019-12-09T02:03:58.581+0000][1][safepoint    ] Entering safepoint region: CollectForMetadataAllocation
[2019-12-09T02:03:58.581+0000][1][safepoint    ] Leaving safepoint region
[2019-12-09T02:03:58.581+0000][1][safepoint    ] Total time for which application threads were stopped: 0.0002359 seconds, Stopping threads took: 0.0000166 seconds
[2019-12-09T02:03:58.689+0000][1][safepoint    ] Application time: 0.1078893 seconds
[2019-12-09T02:03:58.689+0000][1][safepoint    ] Entering safepoint region: GenCollectForAllocation
[2019-12-09T02:03:58.689+0000][1][gc,start     ] GC(17) Pause Young (Allocation Failure)
[2019-12-09T02:03:58.689+0000][1][gc,task      ] GC(17) Using 2 workers of 2 for evacuation
[2019-12-09T02:03:58.757+0000][1][gc,age       ] GC(17) Desired survivor size 4456448 bytes, new threshold 6 (max threshold 6)
[2019-12-09T02:03:58.757+0000][1][gc,age       ] GC(17) Age table with threshold 6 (max threshold 6)
[2019-12-09T02:03:58.757+0000][1][gc,age       ] GC(17) - age   1:    1910584 bytes,    1910584 total
[2019-12-09T02:03:58.757+0000][1][gc,age       ] GC(17) - age   2:    1228520 bytes,    3139104 total
[2019-12-09T02:03:58.757+0000][1][gc,heap      ] GC(17) ParNew: 78571K->4784K(78656K)
[2019-12-09T02:03:58.757+0000][1][gc,heap      ] GC(17) CMS: 54596K->54596K(174784K)
[2019-12-09T02:03:58.757+0000][1][gc,metaspace ] GC(17) Metaspace: 35075K->35075K(1081344K)
[2019-12-09T02:03:58.757+0000][1][gc           ] GC(17) Pause Young (Allocation Failure) 130M->57M(247M) 68.274ms
[2019-12-09T02:03:58.757+0000][1][gc,cpu       ] GC(17) User=0.01s Sys=0.00s Real=0.07s
[2019-12-09T02:03:58.757+0000][1][safepoint    ] Leaving safepoint region
[2019-12-09T02:03:58.757+0000][1][safepoint    ] Total time for which application threads were stopped: 0.0684095 seconds, Stopping threads took: 0.0000128 seconds
[2019-12-09T02:03:58.758+0000][1][safepoint    ] Application time: 0.0004584 seconds
[2019-12-09T02:03:58.758+0000][1][safepoint    ] Entering safepoint region: RevokeBias
[2019-12-09T02:03:58.758+0000][1][safepoint    ] Leaving safepoint region
[2019-12-09T02:03:58.758+0000][1][safepoint    ] Total time for which application threads were stopped: 0.0000914 seconds, Stopping threads took: 0.0000133 seconds
[2019-12-09T02:03:58.762+0000][1][safepoint    ] Application time: 0.0038728 seconds
[2019-12-09T02:03:58.762+0000][1][safepoint    ] Entering safepoint region: CMS_Initial_Mark
[2019-12-09T02:03:58.762+0000][1][gc,start     ] GC(18) Pause Initial Mark
[2019-12-09T02:03:58.767+0000][1][gc           ] GC(18) Pause Initial Mark 60M->60M(247M) 5.410ms
[2019-12-09T02:03:58.767+0000][1][gc,cpu       ] GC(18) User=0.00s Sys=0.00s Real=0.01s
[2019-12-09T02:03:58.767+0000][1][safepoint    ] Leaving safepoint region
[2019-12-09T02:03:58.767+0000][1][safepoint    ] Total time for which application threads were stopped: 0.0055509 seconds, Stopping threads took: 0.0000580 seconds
[2019-12-09T02:03:58.767+0000][1][gc           ] GC(18) Concurrent Mark
[2019-12-09T02:03:58.818+0000][1][safepoint    ] Application time: 0.0510553 seconds
[2019-12-09T02:03:58.818+0000][1][safepoint    ] Entering safepoint region: CollectForMetadataAllocation
[2019-12-09T02:03:58.819+0000][1][safepoint    ] Leaving safepoint region
[2019-12-09T02:03:58.819+0000][1][safepoint    ] Total time for which application threads were stopped: 0.0002244 seconds, Stopping threads took: 0.0000127 seconds
[2019-12-09T02:03:59.094+0000][1][safepoint    ] Application time: 0.2750805 seconds
[2019-12-09T02:03:59.094+0000][1][safepoint    ] Entering safepoint region: CollectForMetadataAllocation
[2019-12-09T02:03:59.094+0000][1][safepoint    ] Leaving safepoint region
[2019-12-09T02:03:59.094+0000][1][safepoint    ] Total time for which application threads were stopped: 0.0002165 seconds, Stopping threads took: 0.0000175 seconds
[2019-12-09T02:03:59.339+0000][1][safepoint    ] Application time: 0.2447235 seconds
[2019-12-09T02:03:59.339+0000][1][safepoint    ] Entering safepoint region: CollectForMetadataAllocation
[2019-12-09T02:03:59.339+0000][1][safepoint    ] Leaving safepoint region
[2019-12-09T02:03:59.339+0000][1][safepoint    ] Total time for which application threads were stopped: 0.0002423 seconds, Stopping threads took: 0.0000153 seconds
[2019-12-09T02:03:59.546+0000][1][safepoint    ] Application time: 0.2068519 seconds
[2019-12-09T02:03:59.546+0000][1][safepoint    ] Entering safepoint region: CollectForMetadataAllocation
[2019-12-09T02:03:59.546+0000][1][safepoint    ] Leaving safepoint region
[2019-12-09T02:03:59.546+0000][1][safepoint    ] Total time for which application threads were stopped: 0.0002595 seconds, Stopping threads took: 0.0000445 seconds
[2019-12-09T02:03:59.588+0000][1][gc           ] GC(18) Concurrent Mark 820.721ms
[2019-12-09T02:03:59.588+0000][1][gc,cpu       ] GC(18) User=0.24s Sys=0.01s Real=0.82s
[2019-12-09T02:03:59.588+0000][1][gc           ] GC(18) Concurrent Preclean
[2019-12-09T02:03:59.589+0000][1][gc           ] GC(18) Concurrent Preclean 1.071ms
[2019-12-09T02:03:59.589+0000][1][gc,cpu       ] GC(18) User=0.00s Sys=0.00s Real=0.00s
[2019-12-09T02:03:59.589+0000][1][gc           ] GC(18) Concurrent Abortable Preclean
[2019-12-09T02:03:59.883+0000][1][safepoint    ] Application time: 0.3365548 seconds
[2019-12-09T02:03:59.883+0000][1][safepoint    ] Entering safepoint region: CollectForMetadataAllocation
[2019-12-09T02:03:59.883+0000][1][safepoint    ] Leaving safepoint region
[2019-12-09T02:03:59.883+0000][1][safepoint    ] Total time for which application threads were stopped: 0.0001701 seconds, Stopping threads took: 0.0000146 seconds
[2019-12-09T02:04:00.125+0000][1][safepoint    ] Application time: 0.2424883 seconds
[2019-12-09T02:04:00.125+0000][1][safepoint    ] Entering safepoint region: CollectForMetadataAllocation
[2019-12-09T02:04:00.126+0000][1][safepoint    ] Leaving safepoint region
[2019-12-09T02:04:00.126+0000][1][safepoint    ] Total time for which application threads were stopped: 0.0002475 seconds, Stopping threads took: 0.0000147 seconds
[2019-12-09T02:04:00.289+0000][1][safepoint    ] Application time: 0.1629882 seconds
[2019-12-09T02:04:00.289+0000][1][safepoint    ] Entering safepoint region: RevokeBias
[2019-12-09T02:04:00.289+0000][1][safepoint    ] Leaving safepoint region
[2019-12-09T02:04:00.289+0000][1][safepoint    ] Total time for which application threads were stopped: 0.0001440 seconds, Stopping threads took: 0.0000153 seconds
[2019-12-09T02:04:00.417+0000][1][safepoint    ] Application time: 0.1278516 seconds
[2019-12-09T02:04:00.417+0000][1][safepoint    ] Entering safepoint region: CollectForMetadataAllocation
[2019-12-09T02:04:00.417+0000][1][safepoint    ] Leaving safepoint region
[2019-12-09T02:04:00.417+0000][1][safepoint    ] Total time for which application threads were stopped: 0.0002575 seconds, Stopping threads took: 0.0000131 seconds
[2019-12-09T02:04:00.683+0000][1][safepoint    ] Application time: 0.2656521 seconds
[2019-12-09T02:04:00.683+0000][1][safepoint    ] Entering safepoint region: CollectForMetadataAllocation
[2019-12-09T02:04:00.683+0000][1][safepoint    ] Leaving safepoint region
[2019-12-09T02:04:00.683+0000][1][safepoint    ] Total time for which application threads were stopped: 0.0001594 seconds, Stopping threads took: 0.0000140 seconds
[2019-12-09T02:04:00.933+0000][1][safepoint    ] Application time: 0.2497112 seconds
[2019-12-09T02:04:00.933+0000][1][safepoint    ] Entering safepoint region: CollectForMetadataAllocation
[2019-12-09T02:04:00.933+0000][1][safepoint    ] Leaving safepoint region
[2019-12-09T02:04:00.933+0000][1][safepoint    ] Total time for which application threads were stopped: 0.0002447 seconds, Stopping threads took: 0.0000316 seconds
[2019-12-09T02:04:01.203+0000][1][safepoint    ] Application time: 0.2697858 seconds
[2019-12-09T02:04:01.203+0000][1][safepoint    ] Entering safepoint region: CollectForMetadataAllocation
[2019-12-09T02:04:01.203+0000][1][safepoint    ] Leaving safepoint region
[2019-12-09T02:04:01.203+0000][1][safepoint    ] Total time for which application threads were stopped: 0.0002467 seconds, Stopping threads took: 0.0000179 seconds
[2019-12-09T02:04:01.498+0000][1][safepoint    ] Application time: 0.2947503 seconds
[2019-12-09T02:04:01.498+0000][1][safepoint    ] Entering safepoint region: CollectForMetadataAllocation
[2019-12-09T02:04:01.498+0000][1][safepoint    ] Leaving safepoint region
[2019-12-09T02:04:01.498+0000][1][safepoint    ] Total time for which application threads were stopped: 0.0002463 seconds, Stopping threads took: 0.0000248 seconds
[2019-12-09T02:04:01.846+0000][1][safepoint    ] Application time: 0.3477721 seconds
[2019-12-09T02:04:01.846+0000][1][safepoint    ] Entering safepoint region: CollectForMetadataAllocation
[2019-12-09T02:04:01.846+0000][1][safepoint    ] Leaving safepoint region
[2019-12-09T02:04:01.846+0000][1][safepoint    ] Total time for which application threads were stopped: 0.0002336 seconds, Stopping threads took: 0.0000222 seconds
[2019-12-09T02:04:02.234+0000][1][safepoint    ] Application time: 0.3879463 seconds
[2019-12-09T02:04:02.234+0000][1][safepoint    ] Entering safepoint region: CollectForMetadataAllocation
[2019-12-09T02:04:02.234+0000][1][safepoint    ] Leaving safepoint region
[2019-12-09T02:04:02.234+0000][1][safepoint    ] Total time for which application threads were stopped: 0.0002410 seconds, Stopping threads took: 0.0000163 seconds
[2019-12-09T02:04:02.441+0000][1][safepoint    ] Application time: 0.2068715 seconds
[2019-12-09T02:04:02.441+0000][1][safepoint    ] Entering safepoint region: CollectForMetadataAllocation
[2019-12-09T02:04:02.441+0000][1][safepoint    ] Leaving safepoint region
[2019-12-09T02:04:02.441+0000][1][safepoint    ] Total time for which application threads were stopped: 0.0002268 seconds, Stopping threads took: 0.0000139 seconds
[2019-12-09T02:04:02.674+0000][1][safepoint    ] Application time: 0.2324982 seconds
[2019-12-09T02:04:02.674+0000][1][safepoint    ] Entering safepoint region: CollectForMetadataAllocation
[2019-12-09T02:04:02.674+0000][1][safepoint    ] Leaving safepoint region
[2019-12-09T02:04:02.674+0000][1][safepoint    ] Total time for which application threads were stopped: 0.0002122 seconds, Stopping threads took: 0.0000135 seconds
[2019-12-09T02:04:02.897+0000][1][safepoint    ] Application time: 0.2231409 seconds
[2019-12-09T02:04:02.897+0000][1][safepoint    ] Entering safepoint region: CollectForMetadataAllocation
[2019-12-09T02:04:02.898+0000][1][safepoint    ] Leaving safepoint region
[2019-12-09T02:04:02.898+0000][1][safepoint    ] Total time for which application threads were stopped: 0.0001429 seconds, Stopping threads took: 0.0000125 seconds
[2019-12-09T02:04:03.304+0000][1][safepoint    ] Application time: 0.4066265 seconds
[2019-12-09T02:04:03.304+0000][1][safepoint    ] Entering safepoint region: CollectForMetadataAllocation
[2019-12-09T02:04:03.304+0000][1][safepoint    ] Leaving safepoint region
[2019-12-09T02:04:03.304+0000][1][safepoint    ] Total time for which application threads were stopped: 0.0001945 seconds, Stopping threads took: 0.0000149 seconds
[2019-12-09T02:04:03.457+0000][1][safepoint    ] Application time: 0.1529071 seconds
[2019-12-09T02:04:03.457+0000][1][safepoint    ] Entering safepoint region: CollectForMetadataAllocation
[2019-12-09T02:04:03.458+0000][1][safepoint    ] Leaving safepoint region
[2019-12-09T02:04:03.458+0000][1][safepoint    ] Total time for which application threads were stopped: 0.0002412 seconds, Stopping threads took: 0.0000133 seconds
[2019-12-09T02:04:03.697+0000][1][safepoint    ] Application time: 0.2390099 seconds
[2019-12-09T02:04:03.697+0000][1][safepoint    ] Entering safepoint region: CollectForMetadataAllocation
[2019-12-09T02:04:03.697+0000][1][safepoint    ] Leaving safepoint region
[2019-12-09T02:04:03.697+0000][1][safepoint    ] Total time for which application threads were stopped: 0.0002482 seconds, Stopping threads took: 0.0000285 seconds
[2019-12-09T02:04:04.244+0000][1][safepoint    ] Application time: 0.5468228 seconds
[2019-12-09T02:04:04.244+0000][1][safepoint    ] Entering safepoint region: CollectForMetadataAllocation
[2019-12-09T02:04:04.244+0000][1][safepoint    ] Leaving safepoint region
[2019-12-09T02:04:04.244+0000][1][safepoint    ] Total time for which application threads were stopped: 0.0001808 seconds, Stopping threads took: 0.0000151 seconds
[2019-12-09T02:04:04.657+0000][1][safepoint    ] Application time: 0.4126749 seconds
[2019-12-09T02:04:04.657+0000][1][safepoint    ] Entering safepoint region: CollectForMetadataAllocation
[2019-12-09T02:04:04.657+0000][1][safepoint    ] Leaving safepoint region
[2019-12-09T02:04:04.657+0000][1][safepoint    ] Total time for which application threads were stopped: 0.0002383 seconds, Stopping threads took: 0.0000144 seconds
[2019-12-09T02:04:04.733+0000][1][gc           ] GC(18) Concurrent Abortable Preclean 5143.486ms
[2019-12-09T02:04:04.733+0000][1][gc,cpu       ] GC(18) User=1.46s Sys=0.01s Real=5.14s
[2019-12-09T02:04:04.733+0000][1][safepoint    ] Application time: 0.0758996 seconds
[2019-12-09T02:04:04.733+0000][1][safepoint    ] Entering safepoint region: CMS_Final_Remark
[2019-12-09T02:04:04.733+0000][1][gc,start     ] GC(18) Pause Remark
[2019-12-09T02:04:05.018+0000][1][gc           ] GC(18) Pause Remark 88M->88M(247M) 285.098ms
[2019-12-09T02:04:05.018+0000][1][gc,cpu       ] GC(18) User=0.03s Sys=0.00s Real=0.29s
[2019-12-09T02:04:05.018+0000][1][safepoint    ] Leaving safepoint region
[2019-12-09T02:04:05.018+0000][1][safepoint    ] Total time for which application threads were stopped: 0.2853318 seconds, Stopping threads took: 0.0001159 seconds
[2019-12-09T02:04:05.036+0000][1][gc           ] GC(18) Concurrent Sweep
[2019-12-09T02:04:05.336+0000][1][safepoint    ] Application time: 0.3177609 seconds
[2019-12-09T02:04:05.336+0000][1][safepoint    ] Entering safepoint region: CollectForMetadataAllocation
[2019-12-09T02:04:05.337+0000][1][safepoint    ] Leaving safepoint region
[2019-12-09T02:04:05.337+0000][1][safepoint    ] Total time for which application threads were stopped: 0.0009206 seconds, Stopping threads took: 0.0000120 seconds
[2019-12-09T02:04:05.466+0000][1][gc           ] GC(18) Concurrent Sweep 430.411ms
[2019-12-09T02:04:05.466+0000][1][gc,cpu       ] GC(18) User=0.11s Sys=0.00s Real=0.43s
[2019-12-09T02:04:05.466+0000][1][gc           ] GC(18) Concurrent Reset
[2019-12-09T02:04:05.467+0000][1][gc           ] GC(18) Concurrent Reset 0.315ms
[2019-12-09T02:04:05.467+0000][1][gc,cpu       ] GC(18) User=0.00s Sys=0.00s Real=0.00s
[2019-12-09T02:04:05.467+0000][1][gc,heap      ] GC(18) Old: 54596K->54379K(174784K)
[2019-12-09T02:04:05.709+0000][1][safepoint    ] Application time: 0.3718021 seconds
[2019-12-09T02:04:05.709+0000][1][safepoint    ] Entering safepoint region: RevokeBias
[2019-12-09T02:04:05.709+0000][1][safepoint    ] Leaving safepoint region
[2019-12-09T02:04:05.709+0000][1][safepoint    ] Total time for which application threads were stopped: 0.0003964 seconds, Stopping threads took: 0.0003007 seconds
[2019-12-09T02:04:06.712+0000][1][safepoint    ] Application time: 1.0025486 seconds
[2019-12-09T02:04:06.765+0000][1][safepoint    ] Entering safepoint region: Cleanup
[2019-12-09T02:04:06.765+0000][1][safepoint    ] Leaving safepoint region
[2019-12-09T02:04:06.765+0000][1][safepoint    ] Total time for which application threads were stopped: 0.0530820 seconds, Stopping threads took: 0.0530221 seconds
[2019-12-09T02:04:07.768+0000][1][safepoint    ] Application time: 1.0028862 seconds
[2019-12-09T02:04:07.795+0000][1][safepoint    ] Entering safepoint region: Cleanup
[2019-12-09T02:04:07.795+0000][1][safepoint    ] Leaving safepoint region
[2019-12-09T02:04:07.795+0000][1][safepoint    ] Total time for which application threads were stopped: 0.0272987 seconds, Stopping threads took: 0.0272478 seconds
[2019-12-09T02:04:08.797+0000][1][safepoint    ] Application time: 1.0016864 seconds
[2019-12-09T02:04:08.825+0000][1][safepoint    ] Entering safepoint region: Cleanup
[2019-12-09T02:04:08.825+0000][1][safepoint    ] Leaving safepoint region
[2019-12-09T02:04:08.825+0000][1][safepoint    ] Total time for which application threads were stopped: 0.0281036 seconds, Stopping threads took: 0.0280548 seconds
[2019-12-09T02:04:09.836+0000][1][safepoint    ] Application time: 1.0107981 seconds
[2019-12-09T02:04:09.836+0000][1][safepoint    ] Entering safepoint region: Cleanup
[2019-12-09T02:04:09.836+0000][1][safepoint    ] Leaving safepoint region
[2019-12-09T02:04:09.836+0000][1][safepoint    ] Total time for which application threads were stopped: 0.0003860 seconds, Stopping threads took: 0.0003357 seconds
[2019-12-09T02:04:10.210+0000][1][safepoint    ] Application time: 0.3736875 seconds
[2019-12-09T02:04:10.265+0000][1][safepoint    ] Entering safepoint region: RevokeBias
[2019-12-09T02:04:10.265+0000][1][safepoint    ] Leaving safepoint region
[2019-12-09T02:04:10.265+0000][1][safepoint    ] Total time for which application threads were stopped: 0.0550027 seconds, Stopping threads took: 0.0548882 seconds
[2019-12-09T02:04:10.265+0000][1][safepoint    ] Application time: 0.0002275 seconds
[2019-12-09T02:04:10.265+0000][1][safepoint    ] Entering safepoint region: RevokeBias
[2019-12-09T02:04:10.265+0000][1][safepoint    ] Leaving safepoint region
[2019-12-09T02:04:10.265+0000][1][safepoint    ] Total time for which application threads were stopped: 0.0000663 seconds, Stopping threads took: 0.0000091 seconds
[2019-12-09T02:04:10.692+0000][1][safepoint    ] Application time: 0.4269276 seconds
[2019-12-09T02:04:10.692+0000][1][safepoint    ] Entering safepoint region: RevokeBias
[2019-12-09T02:04:10.692+0000][1][safepoint    ] Leaving safepoint region
[2019-12-09T02:04:10.692+0000][1][safepoint    ] Total time for which application threads were stopped: 0.0001439 seconds, Stopping threads took: 0.0000467 seconds
[2019-12-09T02:04:10.692+0000][1][safepoint    ] Application time: 0.0000939 seconds
[2019-12-09T02:04:10.692+0000][1][safepoint    ] Entering safepoint region: RevokeBias
[2019-12-09T02:04:10.692+0000][1][safepoint    ] Leaving safepoint region
[2019-12-09T02:04:10.692+0000][1][safepoint    ] Total time for which application threads were stopped: 0.0000655 seconds, Stopping threads took: 0.0000088 seconds
[2019-12-09T02:04:10.693+0000][1][safepoint    ] Application time: 0.0000525 seconds
[2019-12-09T02:04:10.693+0000][1][safepoint    ] Entering safepoint region: RevokeBias
[2019-12-09T02:04:10.693+0000][1][safepoint    ] Leaving safepoint region
[2019-12-09T02:04:10.693+0000][1][safepoint    ] Total time for which application threads were stopped: 0.0000571 seconds, Stopping threads took: 0.0000081 seconds
[2019-12-09T02:04:10.693+0000][1][safepoint    ] Application time: 0.0001116 seconds
[2019-12-09T02:04:10.693+0000][1][safepoint    ] Entering safepoint region: RevokeBias
[2019-12-09T02:04:10.693+0000][1][safepoint    ] Leaving safepoint region
[2019-12-09T02:04:10.693+0000][1][safepoint    ] Total time for which application threads were stopped: 0.0000674 seconds, Stopping threads took: 0.0000089 seconds
[2019-12-09T02:04:10.693+0000][1][safepoint    ] Application time: 0.0000943 seconds
[2019-12-09T02:04:10.693+0000][1][safepoint    ] Entering safepoint region: RevokeBias
[2019-12-09T02:04:10.693+0000][1][safepoint    ] Leaving safepoint region
[2019-12-09T02:04:10.693+0000][1][safepoint    ] Total time for which application threads were stopped: 0.0000647 seconds, Stopping threads took: 0.0000083 seconds
[2019-12-09T02:04:10.715+0000][1][safepoint    ] Application time: 0.0216207 seconds
[2019-12-09T02:04:10.715+0000][1][safepoint    ] Entering safepoint region: RevokeBias
[2019-12-09T02:04:10.715+0000][1][safepoint    ] Leaving safepoint region
[2019-12-09T02:04:10.715+0000][1][safepoint    ] Total time for which application threads were stopped: 0.0001198 seconds, Stopping threads took: 0.0000123 seconds
[2019-12-09T02:04:10.715+0000][1][safepoint    ] Application time: 0.0001125 seconds
[2019-12-09T02:04:10.715+0000][1][safepoint    ] Entering safepoint region: RevokeBias
[2019-12-09T02:04:10.715+0000][1][safepoint    ] Leaving safepoint region
[2019-12-09T02:04:10.715+0000][1][safepoint    ] Total time for which application threads were stopped: 0.0000632 seconds, Stopping threads took: 0.0000087 seconds
[2019-12-09T02:04:11.717+0000][1][safepoint    ] Application time: 1.0017282 seconds
[2019-12-09T02:04:11.794+0000][1][safepoint    ] Entering safepoint region: Cleanup
[2019-12-09T02:04:11.794+0000][1][safepoint    ] Leaving safepoint region
[2019-12-09T02:04:11.794+0000][1][safepoint    ] Total time for which application threads were stopped: 0.0771313 seconds, Stopping threads took: 0.0770426 seconds
[2019-12-09T02:04:12.437+0000][1][safepoint    ] Application time: 0.6428389 seconds
[2019-12-09T02:04:12.437+0000][1][safepoint    ] Entering safepoint region: GenCollectForAllocation
[2019-12-09T02:04:12.437+0000][1][gc,start     ] GC(19) Pause Young (Allocation Failure)
[2019-12-09T02:04:12.437+0000][1][gc,task      ] GC(19) Using 2 workers of 2 for evacuation
[2019-12-09T02:04:12.604+0000][1][gc,age       ] GC(19) Desired survivor size 4456448 bytes, new threshold 3 (max threshold 6)
[2019-12-09T02:04:12.604+0000][1][gc,age       ] GC(19) Age table with threshold 3 (max threshold 6)
[2019-12-09T02:04:12.604+0000][1][gc,age       ] GC(19) - age   1:    2538528 bytes,    2538528 total
[2019-12-09T02:04:12.604+0000][1][gc,age       ] GC(19) - age   2:    1885720 bytes,    4424248 total
[2019-12-09T02:04:12.604+0000][1][gc,age       ] GC(19) - age   3:    1226408 bytes,    5650656 total
[2019-12-09T02:04:12.604+0000][1][gc,heap      ] GC(19) ParNew: 74736K->5794K(78656K)
[2019-12-09T02:04:12.604+0000][1][gc,heap      ] GC(19) CMS: 54379K->54379K(174784K)
[2019-12-09T02:04:12.604+0000][1][gc,metaspace ] GC(19) Metaspace: 43027K->43027K(1089536K)
[2019-12-09T02:04:12.604+0000][1][gc           ] GC(19) Pause Young (Allocation Failure) 126M->58M(247M) 167.417ms
[2019-12-09T02:04:12.604+0000][1][gc,cpu       ] GC(19) User=0.04s Sys=0.00s Real=0.16s
[2019-12-09T02:04:12.604+0000][1][safepoint    ] Leaving safepoint region
[2019-12-09T02:04:12.604+0000][1][safepoint    ] Total time for which application threads were stopped: 0.1675725 seconds, Stopping threads took: 0.0000165 seconds
[2019-12-09T02:04:12.757+0000][1][safepoint    ] Application time: 0.1523739 seconds
[2019-12-09T02:04:12.757+0000][1][safepoint    ] Entering safepoint region: RevokeBias
[2019-12-09T02:04:12.757+0000][1][safepoint    ] Leaving safepoint region
[2019-12-09T02:04:12.757+0000][1][safepoint    ] Total time for which application threads were stopped: 0.0000685 seconds, Stopping threads took: 0.0000129 seconds
[2019-12-09T02:04:12.765+0000][1][safepoint    ] Application time: 0.0079146 seconds
[2019-12-09T02:04:12.765+0000][1][safepoint    ] Entering safepoint region: RevokeBias
[2019-12-09T02:04:12.765+0000][1][safepoint    ] Leaving safepoint region
[2019-12-09T02:04:12.765+0000][1][safepoint    ] Total time for which application threads were stopped: 0.0000546 seconds, Stopping threads took: 0.0000118 seconds
[2019-12-09T02:04:12.765+0000][1][safepoint    ] Application time: 0.0000636 seconds
[2019-12-09T02:04:12.765+0000][1][safepoint    ] Entering safepoint region: RevokeBias
[2019-12-09T02:04:12.765+0000][1][safepoint    ] Leaving safepoint region
[2019-12-09T02:04:12.765+0000][1][safepoint    ] Total time for which application threads were stopped: 0.0000306 seconds, Stopping threads took: 0.0000078 seconds
[2019-12-09T02:04:13.771+0000][1][safepoint    ] Application time: 1.0057735 seconds
[2019-12-09T02:04:13.795+0000][1][safepoint    ] Entering safepoint region: Cleanup
[2019-12-09T02:04:13.795+0000][1][safepoint    ] Leaving safepoint region
[2019-12-09T02:04:13.795+0000][1][safepoint    ] Total time for which application threads were stopped: 0.0241285 seconds, Stopping threads took: 0.0240698 seconds
[2019-12-09T02:04:13.871+0000][1][safepoint    ] Application time: 0.0757237 seconds
[2019-12-09T02:04:13.871+0000][1][safepoint    ] Entering safepoint region: RevokeBias
[2019-12-09T02:04:13.871+0000][1][safepoint    ] Leaving safepoint region
[2019-12-09T02:04:13.871+0000][1][safepoint    ] Total time for which application threads were stopped: 0.0001100 seconds, Stopping threads took: 0.0000151 seconds
[2019-12-09T02:04:14.336+0000][1][safepoint    ] Application time: 0.4649613 seconds
[2019-12-09T02:04:14.336+0000][1][safepoint    ] Entering safepoint region: RevokeBias
[2019-12-09T02:04:14.336+0000][1][safepoint    ] Leaving safepoint region
[2019-12-09T02:04:14.336+0000][1][safepoint    ] Total time for which application threads were stopped: 0.0001041 seconds, Stopping threads took: 0.0000134 seconds
[2019-12-09T02:04:14.473+0000][1][safepoint    ] Application time: 0.1366390 seconds
[2019-12-09T02:04:14.473+0000][1][safepoint    ] Entering safepoint region: RevokeBias
[2019-12-09T02:04:14.473+0000][1][safepoint    ] Leaving safepoint region
[2019-12-09T02:04:14.473+0000][1][safepoint    ] Total time for which application threads were stopped: 0.0000865 seconds, Stopping threads took: 0.0000150 seconds
[2019-12-09T02:04:14.528+0000][1][safepoint    ] Application time: 0.0556831 seconds
[2019-12-09T02:04:14.528+0000][1][safepoint    ] Entering safepoint region: RevokeBias
[2019-12-09T02:04:14.528+0000][1][safepoint    ] Leaving safepoint region
[2019-12-09T02:04:14.528+0000][1][safepoint    ] Total time for which application threads were stopped: 0.0000868 seconds, Stopping threads took: 0.0000122 seconds
[2019-12-09T02:04:15.542+0000][1][safepoint    ] Application time: 1.0132358 seconds
[2019-12-09T02:04:15.542+0000][1][safepoint    ] Entering safepoint region: Cleanup
[2019-12-09T02:04:15.542+0000][1][safepoint    ] Leaving safepoint region
[2019-12-09T02:04:15.542+0000][1][safepoint    ] Total time for which application threads were stopped: 0.0002727 seconds, Stopping threads took: 0.0002194 seconds
[2019-12-09T02:04:15.722+0000][1][safepoint    ] Application time: 0.1801190 seconds
[2019-12-09T02:04:15.722+0000][1][safepoint    ] Entering safepoint region: RevokeBias
[2019-12-09T02:04:15.723+0000][1][safepoint    ] Leaving safepoint region
[2019-12-09T02:04:15.723+0000][1][safepoint    ] Total time for which application threads were stopped: 0.0007165 seconds, Stopping threads took: 0.0002274 seconds
[2019-12-09T02:04:15.723+0000][1][safepoint    ] Application time: 0.0002107 seconds
[2019-12-09T02:04:15.723+0000][1][safepoint    ] Entering safepoint region: RevokeBias
[2019-12-09T02:04:15.723+0000][1][safepoint    ] Leaving safepoint region
[2019-12-09T02:04:15.723+0000][1][safepoint    ] Total time for which application threads were stopped: 0.0000777 seconds, Stopping threads took: 0.0000104 seconds
[2019-12-09T02:04:15.723+0000][1][safepoint    ] Application time: 0.0000656 seconds
[2019-12-09T02:04:15.723+0000][1][safepoint    ] Entering safepoint region: RevokeBias
[2019-12-09T02:04:15.723+0000][1][safepoint    ] Leaving safepoint region
[2019-12-09T02:04:15.723+0000][1][safepoint    ] Total time for which application threads were stopped: 0.0000570 seconds, Stopping threads took: 0.0000092 seconds
[2019-12-09T02:04:16.035+0000][1][safepoint    ] Application time: 0.3117026 seconds
[2019-12-09T02:04:16.035+0000][1][safepoint    ] Entering safepoint region: RevokeBias
[2019-12-09T02:04:16.035+0000][1][safepoint    ] Leaving safepoint region
[2019-12-09T02:04:16.035+0000][1][safepoint    ] Total time for which application threads were stopped: 0.0001004 seconds, Stopping threads took: 0.0000143 seconds
[2019-12-09T02:04:16.035+0000][1][safepoint    ] Application time: 0.0000845 seconds
[2019-12-09T02:04:16.035+0000][1][safepoint    ] Entering safepoint region: RevokeBias
[2019-12-09T02:04:16.035+0000][1][safepoint    ] Leaving safepoint region
[2019-12-09T02:04:16.035+0000][1][safepoint    ] Total time for which application threads were stopped: 0.0000555 seconds, Stopping threads took: 0.0000085 seconds
[2019-12-09T02:04:16.035+0000][1][safepoint    ] Application time: 0.0000562 seconds
[2019-12-09T02:04:16.035+0000][1][safepoint    ] Entering safepoint region: RevokeBias
[2019-12-09T02:04:16.035+0000][1][safepoint    ] Leaving safepoint region
[2019-12-09T02:04:16.035+0000][1][safepoint    ] Total time for which application threads were stopped: 0.0000472 seconds, Stopping threads took: 0.0000077 seconds
[2019-12-09T02:04:16.036+0000][1][safepoint    ] Application time: 0.0001115 seconds
[2019-12-09T02:04:16.036+0000][1][safepoint    ] Entering safepoint region: RevokeBias
[2019-12-09T02:04:16.036+0000][1][safepoint    ] Leaving safepoint region
[2019-12-09T02:04:16.036+0000][1][safepoint    ] Total time for which application threads were stopped: 0.0000550 seconds, Stopping threads took: 0.0000081 seconds
[2019-12-09T02:04:16.036+0000][1][safepoint    ] Application time: 0.0001963 seconds
[2019-12-09T02:04:16.036+0000][1][safepoint    ] Entering safepoint region: RevokeBias
[2019-12-09T02:04:16.036+0000][1][safepoint    ] Leaving safepoint region
[2019-12-09T02:04:16.036+0000][1][safepoint    ] Total time for which application threads were stopped: 0.0000781 seconds, Stopping threads took: 0.0000091 seconds
[2019-12-09T02:04:16.036+0000][1][safepoint    ] Application time: 0.0000823 seconds
[2019-12-09T02:04:16.036+0000][1][safepoint    ] Entering safepoint region: RevokeBias
[2019-12-09T02:04:16.036+0000][1][safepoint    ] Leaving safepoint region
[2019-12-09T02:04:16.036+0000][1][safepoint    ] Total time for which application threads were stopped: 0.0000585 seconds, Stopping threads took: 0.0000086 seconds
[2019-12-09T02:04:16.037+0000][1][safepoint    ] Application time: 0.0005585 seconds
[2019-12-09T02:04:16.037+0000][1][safepoint    ] Entering safepoint region: RevokeBias
[2019-12-09T02:04:16.037+0000][1][safepoint    ] Leaving safepoint region
[2019-12-09T02:04:16.037+0000][1][safepoint    ] Total time for which application threads were stopped: 0.0000878 seconds, Stopping threads took: 0.0000129 seconds
[2019-12-09T02:04:16.037+0000][1][safepoint    ] Application time: 0.0000631 seconds
[2019-12-09T02:04:16.037+0000][1][safepoint    ] Entering safepoint region: RevokeBias
[2019-12-09T02:04:16.037+0000][1][safepoint    ] Leaving safepoint region
[2019-12-09T02:04:16.037+0000][1][safepoint    ] Total time for which application threads were stopped: 0.0000544 seconds, Stopping threads took: 0.0000087 seconds
[2019-12-09T02:04:16.037+0000][1][safepoint    ] Application time: 0.0000552 seconds
[2019-12-09T02:04:16.037+0000][1][safepoint    ] Entering safepoint region: RevokeBias
[2019-12-09T02:04:16.037+0000][1][safepoint    ] Leaving safepoint region
[2019-12-09T02:04:16.037+0000][1][safepoint    ] Total time for which application threads were stopped: 0.0000505 seconds, Stopping threads took: 0.0000081 seconds
[2019-12-09T02:04:16.037+0000][1][safepoint    ] Application time: 0.0000524 seconds
[2019-12-09T02:04:16.037+0000][1][safepoint    ] Entering safepoint region: RevokeBias
[2019-12-09T02:04:16.037+0000][1][safepoint    ] Leaving safepoint region
[2019-12-09T02:04:16.037+0000][1][safepoint    ] Total time for which application threads were stopped: 0.0000510 seconds, Stopping threads took: 0.0000090 seconds
[2019-12-09T02:04:16.037+0000][1][safepoint    ] Application time: 0.0000531 seconds
[2019-12-09T02:04:16.037+0000][1][safepoint    ] Entering safepoint region: RevokeBias
[2019-12-09T02:04:16.037+0000][1][safepoint    ] Leaving safepoint region
[2019-12-09T02:04:16.037+0000][1][safepoint    ] Total time for which application threads were stopped: 0.0000526 seconds, Stopping threads took: 0.0000085 seconds
[2019-12-09T02:04:16.037+0000][1][safepoint    ] Application time: 0.0000537 seconds
[2019-12-09T02:04:16.037+0000][1][safepoint    ] Entering safepoint region: RevokeBias
[2019-12-09T02:04:16.037+0000][1][safepoint    ] Leaving safepoint region
[2019-12-09T02:04:16.037+0000][1][safepoint    ] Total time for which application threads were stopped: 0.0000495 seconds, Stopping threads took: 0.0000086 seconds
[2019-12-09T02:04:16.037+0000][1][safepoint    ] Application time: 0.0000526 seconds
[2019-12-09T02:04:16.037+0000][1][safepoint    ] Entering safepoint region: RevokeBias
[2019-12-09T02:04:16.038+0000][1][safepoint    ] Leaving safepoint region
[2019-12-09T02:04:16.038+0000][1][safepoint    ] Total time for which application threads were stopped: 0.0000484 seconds, Stopping threads took: 0.0000080 seconds
[2019-12-09T02:04:16.038+0000][1][safepoint    ] Application time: 0.0000533 seconds
[2019-12-09T02:04:16.038+0000][1][safepoint    ] Entering safepoint region: RevokeBias
[2019-12-09T02:04:16.038+0000][1][safepoint    ] Leaving safepoint region
[2019-12-09T02:04:16.038+0000][1][safepoint    ] Total time for which application threads were stopped: 0.0000513 seconds, Stopping threads took: 0.0000085 seconds
[2019-12-09T02:04:16.038+0000][1][safepoint    ] Application time: 0.0000673 seconds
[2019-12-09T02:04:16.038+0000][1][safepoint    ] Entering safepoint region: RevokeBias
[2019-12-09T02:04:16.038+0000][1][safepoint    ] Leaving safepoint region
[2019-12-09T02:04:16.038+0000][1][safepoint    ] Total time for which application threads were stopped: 0.0000494 seconds, Stopping threads took: 0.0000080 seconds
[2019-12-09T02:04:16.038+0000][1][safepoint    ] Application time: 0.0000496 seconds
[2019-12-09T02:04:16.038+0000][1][safepoint    ] Entering safepoint region: RevokeBias
[2019-12-09T02:04:16.038+0000][1][safepoint    ] Leaving safepoint region
[2019-12-09T02:04:16.038+0000][1][safepoint    ] Total time for which application threads were stopped: 0.0000426 seconds, Stopping threads took: 0.0000067 seconds
[2019-12-09T02:04:16.038+0000][1][safepoint    ] Application time: 0.0000487 seconds
[2019-12-09T02:04:16.038+0000][1][safepoint    ] Entering safepoint region: RevokeBias
[2019-12-09T02:04:16.038+0000][1][safepoint    ] Leaving safepoint region
[2019-12-09T02:04:16.038+0000][1][safepoint    ] Total time for which application threads were stopped: 0.0000430 seconds, Stopping threads took: 0.0000073 seconds
[2019-12-09T02:04:16.038+0000][1][safepoint    ] Application time: 0.0000528 seconds
[2019-12-09T02:04:16.038+0000][1][safepoint    ] Entering safepoint region: RevokeBias
[2019-12-09T02:04:16.038+0000][1][safepoint    ] Leaving safepoint region
[2019-12-09T02:04:16.038+0000][1][safepoint    ] Total time for which application threads were stopped: 0.0000443 seconds, Stopping threads took: 0.0000072 seconds
[2019-12-09T02:04:16.038+0000][1][safepoint    ] Application time: 0.0000489 seconds
[2019-12-09T02:04:16.038+0000][1][safepoint    ] Entering safepoint region: RevokeBias
[2019-12-09T02:04:16.038+0000][1][safepoint    ] Leaving safepoint region
[2019-12-09T02:04:16.038+0000][1][safepoint    ] Total time for which application threads were stopped: 0.0000433 seconds, Stopping threads took: 0.0000078 seconds
[2019-12-09T02:04:16.038+0000][1][safepoint    ] Application time: 0.0000503 seconds
[2019-12-09T02:04:16.038+0000][1][safepoint    ] Entering safepoint region: RevokeBias
[2019-12-09T02:04:16.038+0000][1][safepoint    ] Leaving safepoint region
[2019-12-09T02:04:16.038+0000][1][safepoint    ] Total time for which application threads were stopped: 0.0000444 seconds, Stopping threads took: 0.0000076 seconds
[2019-12-09T02:04:16.038+0000][1][safepoint    ] Application time: 0.0000497 seconds
[2019-12-09T02:04:16.038+0000][1][safepoint    ] Entering safepoint region: RevokeBias
[2019-12-09T02:04:16.038+0000][1][safepoint    ] Leaving safepoint region
[2019-12-09T02:04:16.038+0000][1][safepoint    ] Total time for which application threads were stopped: 0.0000436 seconds, Stopping threads took: 0.0000074 seconds
[2019-12-09T02:04:16.038+0000][1][safepoint    ] Application time: 0.0000499 seconds
[2019-12-09T02:04:16.039+0000][1][safepoint    ] Entering safepoint region: RevokeBias
[2019-12-09T02:04:16.039+0000][1][safepoint    ] Leaving safepoint region
[2019-12-09T02:04:16.039+0000][1][safepoint    ] Total time for which application threads were stopped: 0.0000447 seconds, Stopping threads took: 0.0000077 seconds
[2019-12-09T02:04:16.039+0000][1][safepoint    ] Application time: 0.0000500 seconds
[2019-12-09T02:04:16.039+0000][1][safepoint    ] Entering safepoint region: RevokeBias
[2019-12-09T02:04:16.039+0000][1][safepoint    ] Leaving safepoint region
[2019-12-09T02:04:16.039+0000][1][safepoint    ] Total time for which application threads were stopped: 0.0000454 seconds, Stopping threads took: 0.0000076 seconds
[2019-12-09T02:04:16.039+0000][1][safepoint    ] Application time: 0.0000643 seconds
[2019-12-09T02:04:16.039+0000][1][safepoint    ] Entering safepoint region: BulkRevokeBias
[2019-12-09T02:04:16.039+0000][1][safepoint    ] Leaving safepoint region
[2019-12-09T02:04:16.039+0000][1][safepoint    ] Total time for which application threads were stopped: 0.0001152 seconds, Stopping threads took: 0.0000088 seconds
[2019-12-09T02:04:16.039+0000][1][safepoint    ] Application time: 0.0001559 seconds
[2019-12-09T02:04:16.039+0000][1][safepoint    ] Entering safepoint region: RevokeBias
[2019-12-09T02:04:16.039+0000][1][safepoint    ] Leaving safepoint region
[2019-12-09T02:04:16.039+0000][1][safepoint    ] Total time for which application threads were stopped: 0.0000666 seconds, Stopping threads took: 0.0000084 seconds
[2019-12-09T02:04:16.039+0000][1][safepoint    ] Application time: 0.0000793 seconds
[2019-12-09T02:04:16.039+0000][1][safepoint    ] Entering safepoint region: RevokeBias
[2019-12-09T02:04:16.039+0000][1][safepoint    ] Leaving safepoint region
[2019-12-09T02:04:16.039+0000][1][safepoint    ] Total time for which application threads were stopped: 0.0000568 seconds, Stopping threads took: 0.0000085 seconds
[2019-12-09T02:04:16.039+0000][1][safepoint    ] Application time: 0.0001198 seconds
[2019-12-09T02:04:16.039+0000][1][safepoint    ] Entering safepoint region: RevokeBias
[2019-12-09T02:04:16.039+0000][1][safepoint    ] Leaving safepoint region
[2019-12-09T02:04:16.039+0000][1][safepoint    ] Total time for which application threads were stopped: 0.0000585 seconds, Stopping threads took: 0.0000083 seconds
[2019-12-09T02:04:16.040+0000][1][safepoint    ] Application time: 0.0000679 seconds
[2019-12-09T02:04:16.040+0000][1][safepoint    ] Entering safepoint region: RevokeBias
[2019-12-09T02:04:16.040+0000][1][safepoint    ] Leaving safepoint region
[2019-12-09T02:04:16.040+0000][1][safepoint    ] Total time for which application threads were stopped: 0.0000502 seconds, Stopping threads took: 0.0000082 seconds
[2019-12-09T02:04:16.040+0000][1][safepoint    ] Application time: 0.0000721 seconds
[2019-12-09T02:04:16.040+0000][1][safepoint    ] Entering safepoint region: RevokeBias
[2019-12-09T02:04:16.040+0000][1][safepoint    ] Leaving safepoint region
[2019-12-09T02:04:16.040+0000][1][safepoint    ] Total time for which application threads were stopped: 0.0000724 seconds, Stopping threads took: 0.0000201 seconds
[2019-12-09T02:04:16.040+0000][1][safepoint    ] Application time: 0.0000598 seconds
[2019-12-09T02:04:16.040+0000][1][safepoint    ] Entering safepoint region: RevokeBias
[2019-12-09T02:04:16.040+0000][1][safepoint    ] Leaving safepoint region
[2019-12-09T02:04:16.040+0000][1][safepoint    ] Total time for which application threads were stopped: 0.0000545 seconds, Stopping threads took: 0.0000081 seconds
[2019-12-09T02:04:16.040+0000][1][safepoint    ] Application time: 0.0001739 seconds
[2019-12-09T02:04:16.040+0000][1][safepoint    ] Entering safepoint region: RevokeBias
[2019-12-09T02:04:16.040+0000][1][safepoint    ] Leaving safepoint region
[2019-12-09T02:04:16.040+0000][1][safepoint    ] Total time for which application threads were stopped: 0.0000623 seconds, Stopping threads took: 0.0000097 seconds
[2019-12-09T02:04:16.040+0000][1][safepoint    ] Application time: 0.0000566 seconds
[2019-12-09T02:04:16.040+0000][1][safepoint    ] Entering safepoint region: RevokeBias
[2019-12-09T02:04:16.040+0000][1][safepoint    ] Leaving safepoint region
[2019-12-09T02:04:16.040+0000][1][safepoint    ] Total time for which application threads were stopped: 0.0000530 seconds, Stopping threads took: 0.0000082 seconds
[2019-12-09T02:04:16.041+0000][1][safepoint    ] Application time: 0.0002805 seconds
[2019-12-09T02:04:16.041+0000][1][safepoint    ] Entering safepoint region: RevokeBias
[2019-12-09T02:04:16.041+0000][1][safepoint    ] Leaving safepoint region
[2019-12-09T02:04:16.041+0000][1][safepoint    ] Total time for which application threads were stopped: 0.0000737 seconds, Stopping threads took: 0.0000112 seconds
[2019-12-09T02:04:16.041+0000][1][safepoint    ] Application time: 0.0000975 seconds
[2019-12-09T02:04:16.041+0000][1][safepoint    ] Entering safepoint region: RevokeBias
[2019-12-09T02:04:16.041+0000][1][safepoint    ] Leaving safepoint region
[2019-12-09T02:04:16.041+0000][1][safepoint    ] Total time for which application threads were stopped: 0.0000637 seconds, Stopping threads took: 0.0000100 seconds
[2019-12-09T02:04:16.041+0000][1][safepoint    ] Application time: 0.0000548 seconds
[2019-12-09T02:04:16.041+0000][1][safepoint    ] Entering safepoint region: RevokeBias
[2019-12-09T02:04:16.041+0000][1][safepoint    ] Leaving safepoint region
[2019-12-09T02:04:16.041+0000][1][safepoint    ] Total time for which application threads were stopped: 0.0000559 seconds, Stopping threads took: 0.0000087 seconds
[2019-12-09T02:04:16.041+0000][1][safepoint    ] Application time: 0.0000539 seconds
[2019-12-09T02:04:16.041+0000][1][safepoint    ] Entering safepoint region: RevokeBias
[2019-12-09T02:04:16.041+0000][1][safepoint    ] Leaving safepoint region
[2019-12-09T02:04:16.041+0000][1][safepoint    ] Total time for which application threads were stopped: 0.0000537 seconds, Stopping threads took: 0.0000083 seconds
[2019-12-09T02:04:16.041+0000][1][safepoint    ] Application time: 0.0000543 seconds
[2019-12-09T02:04:16.041+0000][1][safepoint    ] Entering safepoint region: BulkRevokeBias
[2019-12-09T02:04:16.041+0000][1][safepoint    ] Leaving safepoint region
[2019-12-09T02:04:16.041+0000][1][safepoint    ] Total time for which application threads were stopped: 0.0001064 seconds, Stopping threads took: 0.0000084 seconds
[2019-12-09T02:04:16.041+0000][1][safepoint    ] Application time: 0.0001635 seconds
[2019-12-09T02:04:16.041+0000][1][safepoint    ] Entering safepoint region: RevokeBias
[2019-12-09T02:04:16.041+0000][1][safepoint    ] Leaving safepoint region
[2019-12-09T02:04:16.041+0000][1][safepoint    ] Total time for which application threads were stopped: 0.0000637 seconds, Stopping threads took: 0.0000089 seconds
[2019-12-09T02:04:16.042+0000][1][safepoint    ] Application time: 0.0001936 seconds
[2019-12-09T02:04:16.042+0000][1][safepoint    ] Entering safepoint region: RevokeBias
[2019-12-09T02:04:16.042+0000][1][safepoint    ] Leaving safepoint region
[2019-12-09T02:04:16.042+0000][1][safepoint    ] Total time for which application threads were stopped: 0.0000676 seconds, Stopping threads took: 0.0000097 seconds
[2019-12-09T02:04:16.042+0000][1][safepoint    ] Application time: 0.0000742 seconds
[2019-12-09T02:04:16.042+0000][1][safepoint    ] Entering safepoint region: RevokeBias
[2019-12-09T02:04:16.042+0000][1][safepoint    ] Leaving safepoint region
[2019-12-09T02:04:16.042+0000][1][safepoint    ] Total time for which application threads were stopped: 0.0000507 seconds, Stopping threads took: 0.0000078 seconds
[2019-12-09T02:04:16.042+0000][1][safepoint    ] Application time: 0.0000500 seconds
[2019-12-09T02:04:16.042+0000][1][safepoint    ] Entering safepoint region: RevokeBias
[2019-12-09T02:04:16.042+0000][1][safepoint    ] Leaving safepoint region
[2019-12-09T02:04:16.042+0000][1][safepoint    ] Total time for which application threads were stopped: 0.0000477 seconds, Stopping threads took: 0.0000076 seconds
[2019-12-09T02:04:16.042+0000][1][safepoint    ] Application time: 0.0000495 seconds
[2019-12-09T02:04:16.042+0000][1][safepoint    ] Entering safepoint region: RevokeBias
[2019-12-09T02:04:16.042+0000][1][safepoint    ] Leaving safepoint region
[2019-12-09T02:04:16.042+0000][1][safepoint    ] Total time for which application threads were stopped: 0.0000415 seconds, Stopping threads took: 0.0000064 seconds
[2019-12-09T02:04:16.042+0000][1][safepoint    ] Application time: 0.0002964 seconds
[2019-12-09T02:04:16.042+0000][1][safepoint    ] Entering safepoint region: RevokeBias
[2019-12-09T02:04:16.043+0000][1][safepoint    ] Leaving safepoint region
[2019-12-09T02:04:16.043+0000][1][safepoint    ] Total time for which application threads were stopped: 0.0000520 seconds, Stopping threads took: 0.0000078 seconds
[2019-12-09T02:04:16.043+0000][1][safepoint    ] Application time: 0.0001079 seconds
[2019-12-09T02:04:16.043+0000][1][safepoint    ] Entering safepoint region: RevokeBias
[2019-12-09T02:04:16.043+0000][1][safepoint    ] Leaving safepoint region
[2019-12-09T02:04:16.043+0000][1][safepoint    ] Total time for which application threads were stopped: 0.0000636 seconds, Stopping threads took: 0.0000071 seconds
[2019-12-09T02:04:16.043+0000][1][safepoint    ] Application time: 0.0001500 seconds
[2019-12-09T02:04:16.043+0000][1][safepoint    ] Entering safepoint region: RevokeBias
[2019-12-09T02:04:16.043+0000][1][safepoint    ] Leaving safepoint region
[2019-12-09T02:04:16.043+0000][1][safepoint    ] Total time for which application threads were stopped: 0.0000563 seconds, Stopping threads took: 0.0000077 seconds
[2019-12-09T02:04:16.043+0000][1][safepoint    ] Application time: 0.0002973 seconds
[2019-12-09T02:04:16.043+0000][1][safepoint    ] Entering safepoint region: RevokeBias
[2019-12-09T02:04:16.043+0000][1][safepoint    ] Leaving safepoint region
[2019-12-09T02:04:16.043+0000][1][safepoint    ] Total time for which application threads were stopped: 0.0000623 seconds, Stopping threads took: 0.0000090 seconds
[2019-12-09T02:04:16.044+0000][1][safepoint    ] Application time: 0.0004027 seconds
[2019-12-09T02:04:16.044+0000][1][safepoint    ] Entering safepoint region: RevokeBias
[2019-12-09T02:04:16.044+0000][1][safepoint    ] Leaving safepoint region
[2019-12-09T02:04:16.044+0000][1][safepoint    ] Total time for which application threads were stopped: 0.0000755 seconds, Stopping threads took: 0.0000095 seconds
[2019-12-09T02:04:16.044+0000][1][safepoint    ] Application time: 0.0001315 seconds
[2019-12-09T02:04:16.044+0000][1][safepoint    ] Entering safepoint region: RevokeBias
[2019-12-09T02:04:16.044+0000][1][safepoint    ] Leaving safepoint region
[2019-12-09T02:04:16.044+0000][1][safepoint    ] Total time for which application threads were stopped: 0.0000567 seconds, Stopping threads took: 0.0000085 seconds
[2019-12-09T02:04:16.044+0000][1][safepoint    ] Application time: 0.0001945 seconds
[2019-12-09T02:04:16.044+0000][1][safepoint    ] Entering safepoint region: RevokeBias
[2019-12-09T02:04:16.044+0000][1][safepoint    ] Leaving safepoint region
[2019-12-09T02:04:16.044+0000][1][safepoint    ] Total time for which application threads were stopped: 0.0000604 seconds, Stopping threads took: 0.0000091 seconds
[2019-12-09T02:04:16.046+0000][1][safepoint    ] Application time: 0.0013481 seconds
[2019-12-09T02:04:16.046+0000][1][safepoint    ] Entering safepoint region: RevokeBias
[2019-12-09T02:04:16.046+0000][1][safepoint    ] Leaving safepoint region
[2019-12-09T02:04:16.046+0000][1][safepoint    ] Total time for which application threads were stopped: 0.0000918 seconds, Stopping threads took: 0.0000274 seconds
[2019-12-09T02:04:16.046+0000][1][safepoint    ] Application time: 0.0000618 seconds
[2019-12-09T02:04:16.046+0000][1][safepoint    ] Entering safepoint region: RevokeBias
[2019-12-09T02:04:16.046+0000][1][safepoint    ] Leaving safepoint region
[2019-12-09T02:04:16.046+0000][1][safepoint    ] Total time for which application threads were stopped: 0.0000575 seconds, Stopping threads took: 0.0000090 seconds
[2019-12-09T02:04:16.080+0000][1][safepoint    ] Application time: 0.0339032 seconds
[2019-12-09T02:04:16.080+0000][1][safepoint    ] Entering safepoint region: RevokeBias
[2019-12-09T02:04:16.080+0000][1][safepoint    ] Leaving safepoint region
[2019-12-09T02:04:16.080+0000][1][safepoint    ] Total time for which application threads were stopped: 0.0001040 seconds, Stopping threads took: 0.0000123 seconds
[2019-12-09T02:04:16.080+0000][1][safepoint    ] Application time: 0.0000592 seconds
[2019-12-09T02:04:16.080+0000][1][safepoint    ] Entering safepoint region: RevokeBias
[2019-12-09T02:04:16.080+0000][1][safepoint    ] Leaving safepoint region
[2019-12-09T02:04:16.080+0000][1][safepoint    ] Total time for which application threads were stopped: 0.0000569 seconds, Stopping threads took: 0.0000081 seconds
[2019-12-09T02:04:16.080+0000][1][safepoint    ] Application time: 0.0002155 seconds
[2019-12-09T02:04:16.080+0000][1][safepoint    ] Entering safepoint region: RevokeBias
[2019-12-09T02:04:16.080+0000][1][safepoint    ] Leaving safepoint region
[2019-12-09T02:04:16.080+0000][1][safepoint    ] Total time for which application threads were stopped: 0.0000593 seconds, Stopping threads took: 0.0000088 seconds
[2019-12-09T02:04:16.082+0000][1][safepoint    ] Application time: 0.0017496 seconds
[2019-12-09T02:04:16.082+0000][1][safepoint    ] Entering safepoint region: RevokeBias
[2019-12-09T02:04:16.082+0000][1][safepoint    ] Leaving safepoint region
[2019-12-09T02:04:16.082+0000][1][safepoint    ] Total time for which application threads were stopped: 0.0000487 seconds, Stopping threads took: 0.0000115 seconds
[2019-12-09T02:04:16.082+0000][1][safepoint    ] Application time: 0.0000602 seconds
[2019-12-09T02:04:16.082+0000][1][safepoint    ] Entering safepoint region: RevokeBias
[2019-12-09T02:04:16.082+0000][1][safepoint    ] Leaving safepoint region
[2019-12-09T02:04:16.082+0000][1][safepoint    ] Total time for which application threads were stopped: 0.0000317 seconds, Stopping threads took: 0.0000083 seconds
[2019-12-09T02:04:16.082+0000][1][safepoint    ] Application time: 0.0000536 seconds
[2019-12-09T02:04:16.082+0000][1][safepoint    ] Entering safepoint region: RevokeBias
[2019-12-09T02:04:16.082+0000][1][safepoint    ] Leaving safepoint region
[2019-12-09T02:04:16.082+0000][1][safepoint    ] Total time for which application threads were stopped: 0.0000286 seconds, Stopping threads took: 0.0000076 seconds
[2019-12-09T02:04:16.082+0000][1][safepoint    ] Application time: 0.0000493 seconds
[2019-12-09T02:04:16.082+0000][1][safepoint    ] Entering safepoint region: RevokeBias
[2019-12-09T02:04:16.082+0000][1][safepoint    ] Leaving safepoint region
[2019-12-09T02:04:16.082+0000][1][safepoint    ] Total time for which application threads were stopped: 0.0000283 seconds, Stopping threads took: 0.0000075 seconds
[2019-12-09T02:04:16.083+0000][1][safepoint    ] Application time: 0.0000497 seconds
[2019-12-09T02:04:16.083+0000][1][safepoint    ] Entering safepoint region: RevokeBias
[2019-12-09T02:04:16.083+0000][1][safepoint    ] Leaving safepoint region
[2019-12-09T02:04:16.083+0000][1][safepoint    ] Total time for which application threads were stopped: 0.0000282 seconds, Stopping threads took: 0.0000075 seconds
[2019-12-09T02:04:16.083+0000][1][safepoint    ] Application time: 0.0000530 seconds
[2019-12-09T02:04:16.083+0000][1][safepoint    ] Entering safepoint region: RevokeBias
[2019-12-09T02:04:16.083+0000][1][safepoint    ] Leaving safepoint region
[2019-12-09T02:04:16.083+0000][1][safepoint    ] Total time for which application threads were stopped: 0.0000453 seconds, Stopping threads took: 0.0000074 seconds
[2019-12-09T02:04:16.083+0000][1][safepoint    ] Application time: 0.0000508 seconds
[2019-12-09T02:04:16.083+0000][1][safepoint    ] Entering safepoint region: RevokeBias
[2019-12-09T02:04:16.083+0000][1][safepoint    ] Leaving safepoint region
[2019-12-09T02:04:16.083+0000][1][safepoint    ] Total time for which application threads were stopped: 0.0000299 seconds, Stopping threads took: 0.0000079 seconds
[2019-12-09T02:04:16.083+0000][1][safepoint    ] Application time: 0.0000493 seconds
[2019-12-09T02:04:16.083+0000][1][safepoint    ] Entering safepoint region: RevokeBias
[2019-12-09T02:04:16.083+0000][1][safepoint    ] Leaving safepoint region
[2019-12-09T02:04:16.083+0000][1][safepoint    ] Total time for which application threads were stopped: 0.0000279 seconds, Stopping threads took: 0.0000074 seconds
[2019-12-09T02:04:16.083+0000][1][safepoint    ] Application time: 0.0000492 seconds
[2019-12-09T02:04:16.083+0000][1][safepoint    ] Entering safepoint region: RevokeBias
[2019-12-09T02:04:16.083+0000][1][safepoint    ] Leaving safepoint region
[2019-12-09T02:04:16.083+0000][1][safepoint    ] Total time for which application threads were stopped: 0.0000283 seconds, Stopping threads took: 0.0000074 seconds
[2019-12-09T02:04:16.083+0000][1][safepoint    ] Application time: 0.0000507 seconds
[2019-12-09T02:04:16.083+0000][1][safepoint    ] Entering safepoint region: RevokeBias
[2019-12-09T02:04:16.083+0000][1][safepoint    ] Leaving safepoint region
[2019-12-09T02:04:16.083+0000][1][safepoint    ] Total time for which application threads were stopped: 0.0000276 seconds, Stopping threads took: 0.0000073 seconds
[2019-12-09T02:04:16.083+0000][1][safepoint    ] Application time: 0.0000512 seconds
[2019-12-09T02:04:16.083+0000][1][safepoint    ] Entering safepoint region: RevokeBias
[2019-12-09T02:04:16.083+0000][1][safepoint    ] Leaving safepoint region
[2019-12-09T02:04:16.083+0000][1][safepoint    ] Total time for which application threads were stopped: 0.0000280 seconds, Stopping threads took: 0.0000077 seconds
[2019-12-09T02:04:16.083+0000][1][safepoint    ] Application time: 0.0000490 seconds
[2019-12-09T02:04:16.083+0000][1][safepoint    ] Entering safepoint region: RevokeBias
[2019-12-09T02:04:16.083+0000][1][safepoint    ] Leaving safepoint region
[2019-12-09T02:04:16.083+0000][1][safepoint    ] Total time for which application threads were stopped: 0.0000276 seconds, Stopping threads took: 0.0000075 seconds
[2019-12-09T02:04:16.083+0000][1][safepoint    ] Application time: 0.0000497 seconds
[2019-12-09T02:04:16.083+0000][1][safepoint    ] Entering safepoint region: RevokeBias
[2019-12-09T02:04:16.083+0000][1][safepoint    ] Leaving safepoint region
[2019-12-09T02:04:16.083+0000][1][safepoint    ] Total time for which application threads were stopped: 0.0000277 seconds, Stopping threads took: 0.0000076 seconds
[2019-12-09T02:04:16.083+0000][1][safepoint    ] Application time: 0.0000524 seconds
[2019-12-09T02:04:16.083+0000][1][safepoint    ] Entering safepoint region: RevokeBias
[2019-12-09T02:04:16.083+0000][1][safepoint    ] Leaving safepoint region
[2019-12-09T02:04:16.083+0000][1][safepoint    ] Total time for which application threads were stopped: 0.0000281 seconds, Stopping threads took: 0.0000076 seconds
[2019-12-09T02:04:16.084+0000][1][safepoint    ] Application time: 0.0000491 seconds
[2019-12-09T02:04:16.084+0000][1][safepoint    ] Entering safepoint region: RevokeBias
[2019-12-09T02:04:16.084+0000][1][safepoint    ] Leaving safepoint region
[2019-12-09T02:04:16.084+0000][1][safepoint    ] Total time for which application threads were stopped: 0.0000276 seconds, Stopping threads took: 0.0000075 seconds
[2019-12-09T02:04:16.084+0000][1][safepoint    ] Application time: 0.0000492 seconds
[2019-12-09T02:04:16.084+0000][1][safepoint    ] Entering safepoint region: RevokeBias
[2019-12-09T02:04:16.084+0000][1][safepoint    ] Leaving safepoint region
[2019-12-09T02:04:16.084+0000][1][safepoint    ] Total time for which application threads were stopped: 0.0000275 seconds, Stopping threads took: 0.0000073 seconds
[2019-12-09T02:04:16.084+0000][1][safepoint    ] Application time: 0.0000595 seconds
[2019-12-09T02:04:16.084+0000][1][safepoint    ] Entering safepoint region: RevokeBias
[2019-12-09T02:04:16.084+0000][1][safepoint    ] Leaving safepoint region
[2019-12-09T02:04:16.084+0000][1][safepoint    ] Total time for which application threads were stopped: 0.0000303 seconds, Stopping threads took: 0.0000080 seconds
[2019-12-09T02:04:16.084+0000][1][safepoint    ] Application time: 0.0000573 seconds
[2019-12-09T02:04:16.084+0000][1][safepoint    ] Entering safepoint region: RevokeBias
[2019-12-09T02:04:16.084+0000][1][safepoint    ] Leaving safepoint region
[2019-12-09T02:04:16.084+0000][1][safepoint    ] Total time for which application threads were stopped: 0.0000278 seconds, Stopping threads took: 0.0000072 seconds
[2019-12-09T02:04:16.084+0000][1][safepoint    ] Application time: 0.0000499 seconds
[2019-12-09T02:04:16.084+0000][1][safepoint    ] Entering safepoint region: RevokeBias
[2019-12-09T02:04:16.084+0000][1][safepoint    ] Leaving safepoint region
[2019-12-09T02:04:16.084+0000][1][safepoint    ] Total time for which application threads were stopped: 0.0000274 seconds, Stopping threads took: 0.0000075 seconds
[2019-12-09T02:04:16.084+0000][1][safepoint    ] Application time: 0.0000502 seconds
[2019-12-09T02:04:16.084+0000][1][safepoint    ] Entering safepoint region: BulkRevokeBias
[2019-12-09T02:04:16.084+0000][1][safepoint    ] Leaving safepoint region
[2019-12-09T02:04:16.084+0000][1][safepoint    ] Total time for which application threads were stopped: 0.0001160 seconds, Stopping threads took: 0.0000073 seconds
[2019-12-09T02:04:16.085+0000][1][safepoint    ] Application time: 0.0011205 seconds
[2019-12-09T02:04:16.085+0000][1][safepoint    ] Entering safepoint region: RevokeBias
[2019-12-09T02:04:16.085+0000][1][safepoint    ] Leaving safepoint region
[2019-12-09T02:04:16.085+0000][1][safepoint    ] Total time for which application threads were stopped: 0.0000525 seconds, Stopping threads took: 0.0000110 seconds
[2019-12-09T02:04:16.148+0000][1][safepoint    ] Application time: 0.0627927 seconds
[2019-12-09T02:04:16.148+0000][1][safepoint    ] Entering safepoint region: RevokeBias
[2019-12-09T02:04:16.148+0000][1][safepoint    ] Leaving safepoint region
[2019-12-09T02:04:16.148+0000][1][safepoint    ] Total time for which application threads were stopped: 0.0000763 seconds, Stopping threads took: 0.0000146 seconds
[2019-12-09T02:04:16.150+0000][1][safepoint    ] Application time: 0.0016681 seconds
[2019-12-09T02:04:16.150+0000][1][safepoint    ] Entering safepoint region: RevokeBias
[2019-12-09T02:04:16.150+0000][1][safepoint    ] Leaving safepoint region
[2019-12-09T02:04:16.150+0000][1][safepoint    ] Total time for which application threads were stopped: 0.0000486 seconds, Stopping threads took: 0.0000112 seconds
[2019-12-09T02:04:16.186+0000][1][safepoint    ] Application time: 0.0363053 seconds
[2019-12-09T02:04:16.186+0000][1][safepoint    ] Entering safepoint region: RevokeBias
[2019-12-09T02:04:16.186+0000][1][safepoint    ] Leaving safepoint region
[2019-12-09T02:04:16.186+0000][1][safepoint    ] Total time for which application threads were stopped: 0.0000582 seconds, Stopping threads took: 0.0000138 seconds
[2019-12-09T02:04:16.735+0000][1][safepoint    ] Application time: 0.5483212 seconds
[2019-12-09T02:04:16.735+0000][1][safepoint    ] Entering safepoint region: RevokeBias
[2019-12-09T02:04:16.735+0000][1][safepoint    ] Leaving safepoint region
[2019-12-09T02:04:16.735+0000][1][safepoint    ] Total time for which application threads were stopped: 0.0001385 seconds, Stopping threads took: 0.0000163 seconds
[2019-12-09T02:04:16.793+0000][1][safepoint    ] Application time: 0.0578209 seconds
[2019-12-09T02:04:16.793+0000][1][safepoint    ] Entering safepoint region: RevokeBias
[2019-12-09T02:04:16.793+0000][1][safepoint    ] Leaving safepoint region
[2019-12-09T02:04:16.793+0000][1][safepoint    ] Total time for which application threads were stopped: 0.0001410 seconds, Stopping threads took: 0.0000815 seconds
[2019-12-09T02:04:17.252+0000][1][safepoint    ] Application time: 0.4593630 seconds
[2019-12-09T02:04:17.252+0000][1][safepoint    ] Entering safepoint region: GenCollectForAllocation
[2019-12-09T02:04:17.252+0000][1][gc,start     ] GC(20) Pause Young (Allocation Failure)
[2019-12-09T02:04:17.252+0000][1][gc,task      ] GC(20) Using 2 workers of 2 for evacuation
[2019-12-09T02:04:17.403+0000][1][gc,age       ] GC(20) Desired survivor size 4456448 bytes, new threshold 2 (max threshold 6)
[2019-12-09T02:04:17.403+0000][1][gc,age       ] GC(20) Age table with threshold 2 (max threshold 6)
[2019-12-09T02:04:17.403+0000][1][gc,age       ] GC(20) - age   1:    2829584 bytes,    2829584 total
[2019-12-09T02:04:17.403+0000][1][gc,age       ] GC(20) - age   2:    2460856 bytes,    5290440 total
[2019-12-09T02:04:17.403+0000][1][gc,age       ] GC(20) - age   3:    1884216 bytes,    7174656 total
[2019-12-09T02:04:17.403+0000][1][gc,heap      ] GC(20) ParNew: 75746K->8704K(78656K)
[2019-12-09T02:04:17.403+0000][1][gc,heap      ] GC(20) CMS: 54379K->55602K(174784K)
[2019-12-09T02:04:17.403+0000][1][gc,metaspace ] GC(20) Metaspace: 48289K->48289K(1093632K)
[2019-12-09T02:04:17.403+0000][1][gc           ] GC(20) Pause Young (Allocation Failure) 127M->62M(247M) 150.279ms
[2019-12-09T02:04:17.403+0000][1][gc,cpu       ] GC(20) User=0.04s Sys=0.00s Real=0.15s
[2019-12-09T02:04:17.403+0000][1][safepoint    ] Leaving safepoint region
[2019-12-09T02:04:17.403+0000][1][safepoint    ] Total time for which application threads were stopped: 0.1504402 seconds, Stopping threads took: 0.0000156 seconds
[2019-12-09T02:04:17.882+0000][1][safepoint    ] Application time: 0.4790038 seconds
[2019-12-09T02:04:17.882+0000][1][safepoint    ] Entering safepoint region: RevokeBias
[2019-12-09T02:04:17.882+0000][1][safepoint    ] Leaving safepoint region
[2019-12-09T02:04:17.882+0000][1][safepoint    ] Total time for which application threads were stopped: 0.0001366 seconds, Stopping threads took: 0.0000750 seconds
[2019-12-09T02:04:17.936+0000][1][safepoint    ] Application time: 0.0537903 seconds
[2019-12-09T02:04:17.936+0000][1][safepoint    ] Entering safepoint region: RevokeBias
[2019-12-09T02:04:17.936+0000][1][safepoint    ] Leaving safepoint region
[2019-12-09T02:04:17.936+0000][1][safepoint    ] Total time for which application threads were stopped: 0.0002738 seconds, Stopping threads took: 0.0002111 seconds
[2019-12-09T02:04:18.239+0000][1][safepoint    ] Application time: 0.3024621 seconds
[2019-12-09T02:04:18.239+0000][1][safepoint    ] Entering safepoint region: RevokeBias
[2019-12-09T02:04:18.239+0000][1][safepoint    ] Leaving safepoint region
[2019-12-09T02:04:18.239+0000][1][safepoint    ] Total time for which application threads were stopped: 0.0004706 seconds, Stopping threads took: 0.0000155 seconds
[2019-12-09T02:04:18.937+0000][1][safepoint    ] Application time: 0.6978276 seconds
[2019-12-09T02:04:18.937+0000][1][safepoint    ] Entering safepoint region: RevokeBias
[2019-12-09T02:04:18.937+0000][1][safepoint    ] Leaving safepoint region
[2019-12-09T02:04:18.937+0000][1][safepoint    ] Total time for which application threads were stopped: 0.0000784 seconds, Stopping threads took: 0.0000152 seconds
[2019-12-09T02:04:18.938+0000][1][safepoint    ] Application time: 0.0014094 seconds
[2019-12-09T02:04:18.938+0000][1][safepoint    ] Entering safepoint region: RevokeBias
[2019-12-09T02:04:18.938+0000][1][safepoint    ] Leaving safepoint region
[2019-12-09T02:04:18.938+0000][1][safepoint    ] Total time for which application threads were stopped: 0.0000682 seconds, Stopping threads took: 0.0000135 seconds
[2019-12-09T02:04:18.944+0000][1][safepoint    ] Application time: 0.0051452 seconds
[2019-12-09T02:04:18.944+0000][1][safepoint    ] Entering safepoint region: RevokeBias
[2019-12-09T02:04:18.944+0000][1][safepoint    ] Leaving safepoint region
[2019-12-09T02:04:18.944+0000][1][safepoint    ] Total time for which application threads were stopped: 0.0000655 seconds, Stopping threads took: 0.0000119 seconds
[2019-12-09T02:04:18.947+0000][1][safepoint    ] Application time: 0.0030437 seconds
[2019-12-09T02:04:18.947+0000][1][safepoint    ] Entering safepoint region: RevokeBias
[2019-12-09T02:04:18.947+0000][1][safepoint    ] Leaving safepoint region
[2019-12-09T02:04:18.947+0000][1][safepoint    ] Total time for which application threads were stopped: 0.0000457 seconds, Stopping threads took: 0.0000120 seconds
[2019-12-09T02:04:18.952+0000][1][safepoint    ] Application time: 0.0053414 seconds
[2019-12-09T02:04:18.952+0000][1][safepoint    ] Entering safepoint region: RevokeBias
[2019-12-09T02:04:18.952+0000][1][safepoint    ] Leaving safepoint region
[2019-12-09T02:04:18.952+0000][1][safepoint    ] Total time for which application threads were stopped: 0.0000432 seconds, Stopping threads took: 0.0000111 seconds
[2019-12-09T02:04:19.064+0000][1][safepoint    ] Application time: 0.1114538 seconds
[2019-12-09T02:04:19.064+0000][1][safepoint    ] Entering safepoint region: RevokeBias
[2019-12-09T02:04:19.064+0000][1][safepoint    ] Leaving safepoint region
[2019-12-09T02:04:19.064+0000][1][safepoint    ] Total time for which application threads were stopped: 0.0000947 seconds, Stopping threads took: 0.0000171 seconds
[2019-12-09T02:04:19.071+0000][1][safepoint    ] Application time: 0.0072570 seconds
[2019-12-09T02:04:19.071+0000][1][safepoint    ] Entering safepoint region: RevokeBias
[2019-12-09T02:04:19.071+0000][1][safepoint    ] Leaving safepoint region
[2019-12-09T02:04:19.071+0000][1][safepoint    ] Total time for which application threads were stopped: 0.0000612 seconds, Stopping threads took: 0.0000134 seconds
[2019-12-09T02:04:19.183+0000][1][safepoint    ] Application time: 0.1114999 seconds
[2019-12-09T02:04:19.183+0000][1][safepoint    ] Entering safepoint region: RevokeBias
[2019-12-09T02:04:19.183+0000][1][safepoint    ] Leaving safepoint region
[2019-12-09T02:04:19.183+0000][1][safepoint    ] Total time for which application threads were stopped: 0.0000711 seconds, Stopping threads took: 0.0000154 seconds
[2019-12-09T02:04:20.074+0000][1][safepoint    ] Application time: 0.8913100 seconds
[2019-12-09T02:04:20.078+0000][1][safepoint    ] Entering safepoint region: RevokeBias
[2019-12-09T02:04:20.078+0000][1][safepoint    ] Leaving safepoint region
[2019-12-09T02:04:20.078+0000][1][safepoint    ] Total time for which application threads were stopped: 0.0040163 seconds, Stopping threads took: 0.0035650 seconds
[2019-12-09T02:04:21.081+0000][1][safepoint    ] Application time: 1.0025353 seconds
[2019-12-09T02:04:21.081+0000][1][safepoint    ] Entering safepoint region: Cleanup
[2019-12-09T02:04:21.081+0000][1][safepoint    ] Leaving safepoint region
[2019-12-09T02:04:21.081+0000][1][safepoint    ] Total time for which application threads were stopped: 0.0001668 seconds, Stopping threads took: 0.0000618 seconds
[2019-12-09T02:04:21.209+0000][1][safepoint    ] Application time: 0.1282350 seconds
[2019-12-09T02:04:21.209+0000][1][safepoint    ] Entering safepoint region: RevokeBias
[2019-12-09T02:04:21.209+0000][1][safepoint    ] Leaving safepoint region
[2019-12-09T02:04:21.209+0000][1][safepoint    ] Total time for which application threads were stopped: 0.0000804 seconds, Stopping threads took: 0.0000164 seconds
[2019-12-09T02:04:22.211+0000][1][safepoint    ] Application time: 1.0014015 seconds
[2019-12-09T02:04:22.211+0000][1][safepoint    ] Entering safepoint region: Cleanup
[2019-12-09T02:04:22.211+0000][1][safepoint    ] Leaving safepoint region
[2019-12-09T02:04:22.211+0000][1][safepoint    ] Total time for which application threads were stopped: 0.0001147 seconds, Stopping threads took: 0.0000162 seconds
[2019-12-09T02:04:22.431+0000][1][safepoint    ] Application time: 0.2198681 seconds
[2019-12-09T02:04:22.431+0000][1][safepoint    ] Entering safepoint region: RevokeBias
[2019-12-09T02:04:22.431+0000][1][safepoint    ] Leaving safepoint region
[2019-12-09T02:04:22.431+0000][1][safepoint    ] Total time for which application threads were stopped: 0.0000752 seconds, Stopping threads took: 0.0000155 seconds
[2019-12-09T02:04:22.704+0000][1][safepoint    ] Application time: 0.2728583 seconds
[2019-12-09T02:04:22.704+0000][1][safepoint    ] Entering safepoint region: RevokeBias
[2019-12-09T02:04:22.704+0000][1][safepoint    ] Leaving safepoint region
[2019-12-09T02:04:22.704+0000][1][safepoint    ] Total time for which application threads were stopped: 0.0000919 seconds, Stopping threads took: 0.0000177 seconds
[2019-12-09T02:04:22.719+0000][1][safepoint    ] Application time: 0.0150210 seconds
[2019-12-09T02:04:22.719+0000][1][safepoint    ] Entering safepoint region: RevokeBias
[2019-12-09T02:04:22.719+0000][1][safepoint    ] Leaving safepoint region
[2019-12-09T02:04:22.719+0000][1][safepoint    ] Total time for which application threads were stopped: 0.0000639 seconds, Stopping threads took: 0.0000142 seconds
[2019-12-09T02:04:22.948+0000][1][safepoint    ] Application time: 0.2289192 seconds
[2019-12-09T02:04:22.948+0000][1][safepoint    ] Entering safepoint region: GenCollectForAllocation
[2019-12-09T02:04:22.948+0000][1][gc,start     ] GC(21) Pause Young (Allocation Failure)
[2019-12-09T02:04:22.948+0000][1][gc,task      ] GC(21) Using 2 workers of 2 for evacuation
[2019-12-09T02:04:23.209+0000][1][gc,age       ] GC(21) Desired survivor size 4456448 bytes, new threshold 6 (max threshold 6)
[2019-12-09T02:04:23.209+0000][1][gc,age       ] GC(21) Age table with threshold 6 (max threshold 6)
[2019-12-09T02:04:23.209+0000][1][gc,age       ] GC(21) - age   1:    1609936 bytes,    1609936 total
[2019-12-09T02:04:23.209+0000][1][gc,age       ] GC(21) - age   2:    2762776 bytes,    4372712 total
[2019-12-09T02:04:23.209+0000][1][gc,heap      ] GC(21) ParNew: 78656K->6470K(78656K)
[2019-12-09T02:04:23.209+0000][1][gc,heap      ] GC(21) CMS: 55602K->59968K(174784K)
[2019-12-09T02:04:23.209+0000][1][gc,metaspace ] GC(21) Metaspace: 55749K->55749K(1099776K)
[2019-12-09T02:04:23.209+0000][1][gc           ] GC(21) Pause Young (Allocation Failure) 131M->64M(247M) 261.178ms
[2019-12-09T02:04:23.209+0000][1][gc,cpu       ] GC(21) User=0.08s Sys=0.00s Real=0.26s
[2019-12-09T02:04:23.209+0000][1][safepoint    ] Leaving safepoint region
[2019-12-09T02:04:23.209+0000][1][safepoint    ] Total time for which application threads were stopped: 0.2613253 seconds, Stopping threads took: 0.0000161 seconds
[2019-12-09T02:04:24.060+0000][1][safepoint    ] Application time: 0.8509504 seconds
[2019-12-09T02:04:24.060+0000][1][safepoint    ] Entering safepoint region: RevokeBias
[2019-12-09T02:04:24.060+0000][1][safepoint    ] Leaving safepoint region
[2019-12-09T02:04:24.060+0000][1][safepoint    ] Total time for which application threads were stopped: 0.0000835 seconds, Stopping threads took: 0.0000156 seconds
[2019-12-09T02:04:24.314+0000][1][safepoint    ] Application time: 0.2539940 seconds
[2019-12-09T02:04:24.314+0000][1][safepoint    ] Entering safepoint region: Deoptimize
[2019-12-09T02:04:24.315+0000][1][safepoint    ] Leaving safepoint region
[2019-12-09T02:04:24.315+0000][1][safepoint    ] Total time for which application threads were stopped: 0.0006189 seconds, Stopping threads took: 0.0000157 seconds
[2019-12-09T02:04:24.372+0000][1][safepoint    ] Application time: 0.0571983 seconds
[2019-12-09T02:04:24.372+0000][1][safepoint    ] Entering safepoint region: BulkRevokeBias
[2019-12-09T02:04:24.373+0000][1][safepoint    ] Leaving safepoint region
[2019-12-09T02:04:24.373+0000][1][safepoint    ] Total time for which application threads were stopped: 0.0002964 seconds, Stopping threads took: 0.0000167 seconds
[2019-12-09T02:04:25.071+0000][1][safepoint    ] Application time: 0.6983163 seconds
[2019-12-09T02:04:25.072+0000][1][safepoint    ] Entering safepoint region: RevokeBias
[2019-12-09T02:04:25.073+0000][1][safepoint    ] Leaving safepoint region
[2019-12-09T02:04:25.073+0000][1][safepoint    ] Total time for which application threads were stopped: 0.0021913 seconds, Stopping threads took: 0.0009465 seconds
[2019-12-09T02:04:25.073+0000][1][safepoint    ] Application time: 0.0000803 seconds
[2019-12-09T02:04:25.073+0000][1][safepoint    ] Entering safepoint region: RevokeBias
[2019-12-09T02:04:25.073+0000][1][safepoint    ] Leaving safepoint region
[2019-12-09T02:04:25.073+0000][1][safepoint    ] Total time for which application threads were stopped: 0.0000730 seconds, Stopping threads took: 0.0000154 seconds
[2019-12-09T02:04:25.073+0000][1][safepoint    ] Application time: 0.0001961 seconds
[2019-12-09T02:04:25.073+0000][1][safepoint    ] Entering safepoint region: RevokeBias
[2019-12-09T02:04:25.074+0000][1][safepoint    ] Leaving safepoint region
[2019-12-09T02:04:25.074+0000][1][safepoint    ] Total time for which application threads were stopped: 0.0000541 seconds, Stopping threads took: 0.0000089 seconds
[2019-12-09T02:04:26.123+0000][1][safepoint    ] Application time: 1.0491756 seconds
[2019-12-09T02:04:26.123+0000][1][safepoint    ] Entering safepoint region: Deoptimize
[2019-12-09T02:04:26.123+0000][1][safepoint    ] Leaving safepoint region
[2019-12-09T02:04:26.123+0000][1][safepoint    ] Total time for which application threads were stopped: 0.0006973 seconds, Stopping threads took: 0.0000185 seconds
[2019-12-09T02:04:27.131+0000][1][safepoint    ] Application time: 1.0072580 seconds
[2019-12-09T02:04:27.138+0000][1][safepoint    ] Entering safepoint region: Cleanup
[2019-12-09T02:04:27.138+0000][1][safepoint    ] Leaving safepoint region
[2019-12-09T02:04:27.138+0000][1][safepoint    ] Total time for which application threads were stopped: 0.0070947 seconds, Stopping threads took: 0.0069947 seconds
[2019-12-09T02:04:28.147+0000][1][safepoint    ] Application time: 1.0088474 seconds
[2019-12-09T02:04:28.147+0000][1][safepoint    ] Entering safepoint region: Cleanup
[2019-12-09T02:04:28.147+0000][1][safepoint    ] Leaving safepoint region
[2019-12-09T02:04:28.147+0000][1][safepoint    ] Total time for which application threads were stopped: 0.0001628 seconds, Stopping threads took: 0.0000685 seconds
[2019-12-09T02:04:29.148+0000][1][safepoint    ] Application time: 1.0007967 seconds
[2019-12-09T02:04:29.183+0000][1][safepoint    ] Entering safepoint region: Cleanup
[2019-12-09T02:04:29.183+0000][1][safepoint    ] Leaving safepoint region
[2019-12-09T02:04:29.183+0000][1][safepoint    ] Total time for which application threads were stopped: 0.0349874 seconds, Stopping threads took: 0.0348983 seconds
[2019-12-09T02:04:29.607+0000][1][safepoint    ] Application time: 0.4240400 seconds
[2019-12-09T02:04:29.607+0000][1][safepoint    ] Entering safepoint region: BulkRevokeBias
[2019-12-09T02:04:29.607+0000][1][safepoint    ] Leaving safepoint region
[2019-12-09T02:04:29.607+0000][1][safepoint    ] Total time for which application threads were stopped: 0.0002170 seconds, Stopping threads took: 0.0000158 seconds
[2019-12-09T02:04:29.885+0000][1][safepoint    ] Application time: 0.2776500 seconds
[2019-12-09T02:04:29.885+0000][1][safepoint    ] Entering safepoint region: GenCollectForAllocation
[2019-12-09T02:04:29.885+0000][1][gc,start     ] GC(22) Pause Young (Allocation Failure)
[2019-12-09T02:04:29.885+0000][1][gc,task      ] GC(22) Using 2 workers of 2 for evacuation
[2019-12-09T02:04:30.103+0000][1][gc,age       ] GC(22) Desired survivor size 4456448 bytes, new threshold 2 (max threshold 6)
[2019-12-09T02:04:30.103+0000][1][gc,age       ] GC(22) Age table with threshold 2 (max threshold 6)
[2019-12-09T02:04:30.103+0000][1][gc,age       ] GC(22) - age   1:    3687080 bytes,    3687080 total
[2019-12-09T02:04:30.103+0000][1][gc,age       ] GC(22) - age   2:    1507976 bytes,    5195056 total
[2019-12-09T02:04:30.103+0000][1][gc,age       ] GC(22) - age   3:    2739936 bytes,    7934992 total
[2019-12-09T02:04:30.103+0000][1][gc,heap      ] GC(22) ParNew: 76422K->8704K(78656K)
[2019-12-09T02:04:30.103+0000][1][gc,heap      ] GC(22) CMS: 59968K->59968K(174784K)
[2019-12-09T02:04:30.103+0000][1][gc,metaspace ] GC(22) Metaspace: 62967K->62967K(1105920K)
[2019-12-09T02:04:30.103+0000][1][gc           ] GC(22) Pause Young (Allocation Failure) 133M->67M(247M) 218.080ms
[2019-12-09T02:04:30.103+0000][1][gc,cpu       ] GC(22) User=0.06s Sys=0.00s Real=0.21s
[2019-12-09T02:04:30.103+0000][1][safepoint    ] Leaving safepoint region
[2019-12-09T02:04:30.103+0000][1][safepoint    ] Total time for which application threads were stopped: 0.2182462 seconds, Stopping threads took: 0.0000166 seconds
[2019-12-09T02:04:30.510+0000][1][safepoint    ] Application time: 0.4073232 seconds
[2019-12-09T02:04:30.510+0000][1][safepoint    ] Entering safepoint region: RevokeBias
[2019-12-09T02:04:30.511+0000][1][safepoint    ] Leaving safepoint region
[2019-12-09T02:04:30.511+0000][1][safepoint    ] Total time for which application threads were stopped: 0.0001616 seconds, Stopping threads took: 0.0000514 seconds
[2019-12-09T02:04:30.511+0000][1][safepoint    ] Application time: 0.0000894 seconds
[2019-12-09T02:04:30.511+0000][1][safepoint    ] Entering safepoint region: RevokeBias
[2019-12-09T02:04:30.511+0000][1][safepoint    ] Leaving safepoint region
[2019-12-09T02:04:30.511+0000][1][safepoint    ] Total time for which application threads were stopped: 0.0000934 seconds, Stopping threads took: 0.0000104 seconds
[2019-12-09T02:04:30.511+0000][1][safepoint    ] Application time: 0.0000656 seconds
[2019-12-09T02:04:30.511+0000][1][safepoint    ] Entering safepoint region: RevokeBias
[2019-12-09T02:04:30.511+0000][1][safepoint    ] Leaving safepoint region
[2019-12-09T02:04:30.511+0000][1][safepoint    ] Total time for which application threads were stopped: 0.0000536 seconds, Stopping threads took: 0.0000083 seconds
[2019-12-09T02:04:30.511+0000][1][safepoint    ] Application time: 0.0000594 seconds
[2019-12-09T02:04:30.511+0000][1][safepoint    ] Entering safepoint region: RevokeBias
[2019-12-09T02:04:30.511+0000][1][safepoint    ] Leaving safepoint region
[2019-12-09T02:04:30.511+0000][1][safepoint    ] Total time for which application threads were stopped: 0.0000518 seconds, Stopping threads took: 0.0000086 seconds
[2019-12-09T02:04:30.511+0000][1][safepoint    ] Application time: 0.0000601 seconds
[2019-12-09T02:04:30.511+0000][1][safepoint    ] Entering safepoint region: RevokeBias
[2019-12-09T02:04:30.511+0000][1][safepoint    ] Leaving safepoint region
[2019-12-09T02:04:30.511+0000][1][safepoint    ] Total time for which application threads were stopped: 0.0000503 seconds, Stopping threads took: 0.0000085 seconds
[2019-12-09T02:04:30.511+0000][1][safepoint    ] Application time: 0.0000613 seconds
[2019-12-09T02:04:30.511+0000][1][safepoint    ] Entering safepoint region: RevokeBias
[2019-12-09T02:04:30.511+0000][1][safepoint    ] Leaving safepoint region
[2019-12-09T02:04:30.511+0000][1][safepoint    ] Total time for which application threads were stopped: 0.0000464 seconds, Stopping threads took: 0.0000082 seconds
[2019-12-09T02:04:30.511+0000][1][safepoint    ] Application time: 0.0000598 seconds
[2019-12-09T02:04:30.511+0000][1][safepoint    ] Entering safepoint region: RevokeBias
[2019-12-09T02:04:30.511+0000][1][safepoint    ] Leaving safepoint region
[2019-12-09T02:04:30.511+0000][1][safepoint    ] Total time for which application threads were stopped: 0.0000474 seconds, Stopping threads took: 0.0000081 seconds
[2019-12-09T02:04:30.511+0000][1][safepoint    ] Application time: 0.0000585 seconds
[2019-12-09T02:04:30.511+0000][1][safepoint    ] Entering safepoint region: RevokeBias
[2019-12-09T02:04:30.511+0000][1][safepoint    ] Leaving safepoint region
[2019-12-09T02:04:30.511+0000][1][safepoint    ] Total time for which application threads were stopped: 0.0000468 seconds, Stopping threads took: 0.0000082 seconds
[2019-12-09T02:04:30.666+0000][1][safepoint    ] Application time: 0.1543414 seconds
[2019-12-09T02:04:30.666+0000][1][safepoint    ] Entering safepoint region: Deoptimize
[2019-12-09T02:04:30.667+0000][1][safepoint    ] Leaving safepoint region
[2019-12-09T02:04:30.667+0000][1][safepoint    ] Total time for which application threads were stopped: 0.0007105 seconds, Stopping threads took: 0.0000172 seconds
[2019-12-09T02:04:30.696+0000][1][safepoint    ] Application time: 0.0293616 seconds
[2019-12-09T02:04:30.696+0000][1][safepoint    ] Entering safepoint region: RevokeBias
[2019-12-09T02:04:30.696+0000][1][safepoint    ] Leaving safepoint region
[2019-12-09T02:04:30.696+0000][1][safepoint    ] Total time for which application threads were stopped: 0.0000988 seconds, Stopping threads took: 0.0000145 seconds
[2019-12-09T02:04:30.697+0000][1][safepoint    ] Application time: 0.0004555 seconds
[2019-12-09T02:04:30.697+0000][1][safepoint    ] Entering safepoint region: RevokeBias
[2019-12-09T02:04:30.697+0000][1][safepoint    ] Leaving safepoint region
[2019-12-09T02:04:30.697+0000][1][safepoint    ] Total time for which application threads were stopped: 0.0000649 seconds, Stopping threads took: 0.0000124 seconds
[2019-12-09T02:04:30.697+0000][1][safepoint    ] Application time: 0.0008281 seconds
[2019-12-09T02:04:30.698+0000][1][safepoint    ] Entering safepoint region: RevokeBias
[2019-12-09T02:04:30.698+0000][1][safepoint    ] Leaving safepoint region
[2019-12-09T02:04:30.698+0000][1][safepoint    ] Total time for which application threads were stopped: 0.0000629 seconds, Stopping threads took: 0.0000121 seconds
[2019-12-09T02:04:30.698+0000][1][safepoint    ] Application time: 0.0004192 seconds
[2019-12-09T02:04:30.698+0000][1][safepoint    ] Entering safepoint region: RevokeBias
[2019-12-09T02:04:30.698+0000][1][safepoint    ] Leaving safepoint region
[2019-12-09T02:04:30.698+0000][1][safepoint    ] Total time for which application threads were stopped: 0.0000648 seconds, Stopping threads took: 0.0000119 seconds
[2019-12-09T02:04:30.698+0000][1][safepoint    ] Application time: 0.0000618 seconds
[2019-12-09T02:04:30.698+0000][1][safepoint    ] Entering safepoint region: RevokeBias
[2019-12-09T02:04:30.698+0000][1][safepoint    ] Leaving safepoint region
[2019-12-09T02:04:30.698+0000][1][safepoint    ] Total time for which application threads were stopped: 0.0000513 seconds, Stopping threads took: 0.0000088 seconds
[2019-12-09T02:04:30.699+0000][1][safepoint    ] Application time: 0.0003274 seconds
[2019-12-09T02:04:30.699+0000][1][safepoint    ] Entering safepoint region: RevokeBias
[2019-12-09T02:04:30.699+0000][1][safepoint    ] Leaving safepoint region
[2019-12-09T02:04:30.699+0000][1][safepoint    ] Total time for which application threads were stopped: 0.0000568 seconds, Stopping threads took: 0.0000112 seconds
[2019-12-09T02:04:30.699+0000][1][safepoint    ] Application time: 0.0002092 seconds
[2019-12-09T02:04:30.699+0000][1][safepoint    ] Entering safepoint region: RevokeBias
[2019-12-09T02:04:30.699+0000][1][safepoint    ] Leaving safepoint region
[2019-12-09T02:04:30.699+0000][1][safepoint    ] Total time for which application threads were stopped: 0.0000592 seconds, Stopping threads took: 0.0000099 seconds
[2019-12-09T02:04:30.699+0000][1][safepoint    ] Application time: 0.0000592 seconds
[2019-12-09T02:04:30.699+0000][1][safepoint    ] Entering safepoint region: RevokeBias
[2019-12-09T02:04:30.699+0000][1][safepoint    ] Leaving safepoint region
[2019-12-09T02:04:30.699+0000][1][safepoint    ] Total time for which application threads were stopped: 0.0000528 seconds, Stopping threads took: 0.0000087 seconds
[2019-12-09T02:04:30.700+0000][1][safepoint    ] Application time: 0.0005775 seconds
[2019-12-09T02:04:30.700+0000][1][safepoint    ] Entering safepoint region: RevokeBias
[2019-12-09T02:04:30.700+0000][1][safepoint    ] Leaving safepoint region
[2019-12-09T02:04:30.730+0000][1][safepoint    ] Total time for which application threads were stopped: 0.0298991 seconds, Stopping threads took: 0.0000112 seconds
[2019-12-09T02:04:30.731+0000][1][safepoint    ] Application time: 0.0013603 seconds
[2019-12-09T02:04:30.731+0000][1][safepoint    ] Entering safepoint region: RevokeBias
[2019-12-09T02:04:30.731+0000][1][safepoint    ] Leaving safepoint region
[2019-12-09T02:04:30.731+0000][1][safepoint    ] Total time for which application threads were stopped: 0.0000766 seconds, Stopping threads took: 0.0000129 seconds
[2019-12-09T02:04:30.731+0000][1][safepoint    ] Application time: 0.0000990 seconds
[2019-12-09T02:04:30.731+0000][1][safepoint    ] Entering safepoint region: RevokeBias
[2019-12-09T02:04:30.731+0000][1][safepoint    ] Leaving safepoint region
[2019-12-09T02:04:30.731+0000][1][safepoint    ] Total time for which application threads were stopped: 0.0000585 seconds, Stopping threads took: 0.0000094 seconds
[2019-12-09T02:04:30.739+0000][1][safepoint    ] Application time: 0.0077174 seconds
[2019-12-09T02:04:30.791+0000][1][safepoint    ] Entering safepoint region: Deoptimize
[2019-12-09T02:04:30.791+0000][1][safepoint    ] Leaving safepoint region
[2019-12-09T02:04:30.791+0000][1][safepoint    ] Total time for which application threads were stopped: 0.0525088 seconds, Stopping threads took: 0.0518287 seconds
[2019-12-09T02:04:31.195+0000][1][safepoint    ] Application time: 0.4034855 seconds
[2019-12-09T02:04:31.281+0000][1][safepoint    ] Entering safepoint region: RevokeBias
[2019-12-09T02:04:31.281+0000][1][safepoint    ] Leaving safepoint region
[2019-12-09T02:04:31.281+0000][1][safepoint    ] Total time for which application threads were stopped: 0.0859085 seconds, Stopping threads took: 0.0858216 seconds
[2019-12-09T02:04:31.286+0000][1][safepoint    ] Application time: 0.0048365 seconds
[2019-12-09T02:04:31.286+0000][1][safepoint    ] Entering safepoint region: RevokeBias
[2019-12-09T02:04:31.286+0000][1][safepoint    ] Leaving safepoint region
[2019-12-09T02:04:31.286+0000][1][safepoint    ] Total time for which application threads were stopped: 0.0001120 seconds, Stopping threads took: 0.0000499 seconds
[2019-12-09T02:04:31.286+0000][1][safepoint    ] Application time: 0.0000606 seconds
[2019-12-09T02:04:31.286+0000][1][safepoint    ] Entering safepoint region: RevokeBias
[2019-12-09T02:04:31.286+0000][1][safepoint    ] Leaving safepoint region
[2019-12-09T02:04:31.286+0000][1][safepoint    ] Total time for which application threads were stopped: 0.0000508 seconds, Stopping threads took: 0.0000087 seconds
[2019-12-09T02:04:31.292+0000][1][safepoint    ] Application time: 0.0057881 seconds
[2019-12-09T02:04:31.292+0000][1][safepoint    ] Entering safepoint region: RevokeBias
[2019-12-09T02:04:31.292+0000][1][safepoint    ] Leaving safepoint region
[2019-12-09T02:04:31.292+0000][1][safepoint    ] Total time for which application threads were stopped: 0.0000795 seconds, Stopping threads took: 0.0000155 seconds
[2019-12-09T02:04:31.296+0000][1][safepoint    ] Application time: 0.0039083 seconds
[2019-12-09T02:04:31.296+0000][1][safepoint    ] Entering safepoint region: RevokeBias
[2019-12-09T02:04:31.296+0000][1][safepoint    ] Leaving safepoint region
[2019-12-09T02:04:31.296+0000][1][safepoint    ] Total time for which application threads were stopped: 0.0000756 seconds, Stopping threads took: 0.0000128 seconds
[2019-12-09T02:04:31.299+0000][1][safepoint    ] Application time: 0.0027821 seconds
[2019-12-09T02:04:31.299+0000][1][safepoint    ] Entering safepoint region: RevokeBias
[2019-12-09T02:04:31.299+0000][1][safepoint    ] Leaving safepoint region
[2019-12-09T02:04:31.299+0000][1][safepoint    ] Total time for which application threads were stopped: 0.0000858 seconds, Stopping threads took: 0.0000136 seconds
[2019-12-09T02:04:31.371+0000][1][safepoint    ] Application time: 0.0721392 seconds
[2019-12-09T02:04:31.424+0000][1][safepoint    ] Entering safepoint region: RevokeBias
[2019-12-09T02:04:31.424+0000][1][safepoint    ] Leaving safepoint region
[2019-12-09T02:04:31.424+0000][1][safepoint    ] Total time for which application threads were stopped: 0.0528588 seconds, Stopping threads took: 0.0527499 seconds
[2019-12-09T02:04:31.537+0000][1][safepoint    ] Application time: 0.1128406 seconds
[2019-12-09T02:04:31.629+0000][1][safepoint    ] Entering safepoint region: RevokeBias
[2019-12-09T02:04:31.629+0000][1][safepoint    ] Leaving safepoint region
[2019-12-09T02:04:31.629+0000][1][safepoint    ] Total time for which application threads were stopped: 0.0922195 seconds, Stopping threads took: 0.0921276 seconds
[2019-12-09T02:04:31.629+0000][1][safepoint    ] Application time: 0.0004083 seconds
[2019-12-09T02:04:31.629+0000][1][safepoint    ] Entering safepoint region: RevokeBias
[2019-12-09T02:04:31.629+0000][1][safepoint    ] Leaving safepoint region
[2019-12-09T02:04:31.630+0000][1][safepoint    ] Total time for which application threads were stopped: 0.0001190 seconds, Stopping threads took: 0.0000149 seconds
[2019-12-09T02:04:31.630+0000][1][safepoint    ] Application time: 0.0001328 seconds
[2019-12-09T02:04:31.630+0000][1][safepoint    ] Entering safepoint region: RevokeBias
[2019-12-09T02:04:31.630+0000][1][safepoint    ] Leaving safepoint region
[2019-12-09T02:04:31.630+0000][1][safepoint    ] Total time for which application threads were stopped: 0.0001125 seconds, Stopping threads took: 0.0000297 seconds
[2019-12-09T02:04:31.630+0000][1][safepoint    ] Application time: 0.0005090 seconds
[2019-12-09T02:04:31.630+0000][1][safepoint    ] Entering safepoint region: RevokeBias
[2019-12-09T02:04:31.630+0000][1][safepoint    ] Leaving safepoint region
[2019-12-09T02:04:31.630+0000][1][safepoint    ] Total time for which application threads were stopped: 0.0000641 seconds, Stopping threads took: 0.0000125 seconds
[2019-12-09T02:04:31.630+0000][1][safepoint    ] Application time: 0.0000582 seconds
[2019-12-09T02:04:31.630+0000][1][safepoint    ] Entering safepoint region: RevokeBias
[2019-12-09T02:04:31.630+0000][1][safepoint    ] Leaving safepoint region
[2019-12-09T02:04:31.631+0000][1][safepoint    ] Total time for which application threads were stopped: 0.0000482 seconds, Stopping threads took: 0.0000085 seconds
[2019-12-09T02:04:31.632+0000][1][safepoint    ] Application time: 0.0013366 seconds
[2019-12-09T02:04:31.632+0000][1][safepoint    ] Entering safepoint region: RevokeBias
[2019-12-09T02:04:31.632+0000][1][safepoint    ] Leaving safepoint region
[2019-12-09T02:04:31.632+0000][1][safepoint    ] Total time for which application threads were stopped: 0.0000983 seconds, Stopping threads took: 0.0000516 seconds
[2019-12-09T02:04:31.641+0000][1][safepoint    ] Application time: 0.0092399 seconds
[2019-12-09T02:04:31.693+0000][1][safepoint    ] Entering safepoint region: RevokeBias
[2019-12-09T02:04:31.693+0000][1][safepoint    ] Leaving safepoint region
[2019-12-09T02:04:31.693+0000][1][safepoint    ] Total time for which application threads were stopped: 0.0521599 seconds, Stopping threads took: 0.0520743 seconds
[2019-12-09T02:04:31.693+0000][1][safepoint    ] Application time: 0.0000619 seconds
[2019-12-09T02:04:31.693+0000][1][safepoint    ] Entering safepoint region: RevokeBias
[2019-12-09T02:04:31.694+0000][1][safepoint    ] Leaving safepoint region
[2019-12-09T02:04:31.694+0000][1][safepoint    ] Total time for which application threads were stopped: 0.0000465 seconds, Stopping threads took: 0.0000093 seconds
[2019-12-09T02:04:31.698+0000][1][safepoint    ] Application time: 0.0043145 seconds
[2019-12-09T02:04:31.698+0000][1][safepoint    ] Entering safepoint region: RevokeBias
[2019-12-09T02:04:31.698+0000][1][safepoint    ] Leaving safepoint region
[2019-12-09T02:04:31.698+0000][1][safepoint    ] Total time for which application threads were stopped: 0.0000738 seconds, Stopping threads took: 0.0000165 seconds
[2019-12-09T02:04:31.699+0000][1][safepoint    ] Application time: 0.0008386 seconds
[2019-12-09T02:04:31.804+0000][1][safepoint    ] Entering safepoint region: RevokeBias
[2019-12-09T02:04:31.804+0000][1][safepoint    ] Leaving safepoint region
[2019-12-09T02:04:31.804+0000][1][safepoint    ] Total time for which application threads were stopped: 0.1051184 seconds, Stopping threads took: 0.1050354 seconds
[2019-12-09T02:04:31.804+0000][1][safepoint    ] Application time: 0.0003007 seconds
[2019-12-09T02:04:31.804+0000][1][safepoint    ] Entering safepoint region: RevokeBias
[2019-12-09T02:04:31.804+0000][1][safepoint    ] Leaving safepoint region
[2019-12-09T02:04:31.804+0000][1][safepoint    ] Total time for which application threads were stopped: 0.0000598 seconds, Stopping threads took: 0.0000127 seconds
[2019-12-09T02:04:31.808+0000][1][safepoint    ] Application time: 0.0039092 seconds
[2019-12-09T02:04:31.808+0000][1][safepoint    ] Entering safepoint region: RevokeBias
[2019-12-09T02:04:31.808+0000][1][safepoint    ] Leaving safepoint region
[2019-12-09T02:04:31.808+0000][1][safepoint    ] Total time for which application threads were stopped: 0.0001391 seconds, Stopping threads took: 0.0000456 seconds
[2019-12-09T02:04:31.808+0000][1][safepoint    ] Application time: 0.0000452 seconds
[2019-12-09T02:04:31.808+0000][1][safepoint    ] Entering safepoint region: RevokeBias
[2019-12-09T02:04:31.809+0000][1][safepoint    ] Leaving safepoint region
[2019-12-09T02:04:31.809+0000][1][safepoint    ] Total time for which application threads were stopped: 0.0000490 seconds, Stopping threads took: 0.0000085 seconds
[2019-12-09T02:04:31.809+0000][1][safepoint    ] Application time: 0.0000378 seconds
[2019-12-09T02:04:31.809+0000][1][safepoint    ] Entering safepoint region: RevokeBias
[2019-12-09T02:04:31.809+0000][1][safepoint    ] Leaving safepoint region
[2019-12-09T02:04:31.809+0000][1][safepoint    ] Total time for which application threads were stopped: 0.0000464 seconds, Stopping threads took: 0.0000079 seconds
[2019-12-09T02:04:31.812+0000][1][safepoint    ] Application time: 0.0030118 seconds
[2019-12-09T02:04:31.812+0000][1][safepoint    ] Entering safepoint region: RevokeBias
[2019-12-09T02:04:31.812+0000][1][safepoint    ] Leaving safepoint region
[2019-12-09T02:04:31.812+0000][1][safepoint    ] Total time for which application threads were stopped: 0.0000928 seconds, Stopping threads took: 0.0000137 seconds
[2019-12-09T02:04:31.812+0000][1][safepoint    ] Application time: 0.0000701 seconds
[2019-12-09T02:04:31.812+0000][1][safepoint    ] Entering safepoint region: RevokeBias
[2019-12-09T02:04:31.812+0000][1][safepoint    ] Leaving safepoint region
[2019-12-09T02:04:31.812+0000][1][safepoint    ] Total time for which application threads were stopped: 0.0000602 seconds, Stopping threads took: 0.0000098 seconds
[2019-12-09T02:04:31.815+0000][1][safepoint    ] Application time: 0.0035579 seconds
[2019-12-09T02:04:31.815+0000][1][safepoint    ] Entering safepoint region: RevokeBias
[2019-12-09T02:04:31.816+0000][1][safepoint    ] Leaving safepoint region
[2019-12-09T02:04:31.816+0000][1][safepoint    ] Total time for which application threads were stopped: 0.0000709 seconds, Stopping threads took: 0.0000126 seconds
[2019-12-09T02:04:31.820+0000][1][safepoint    ] Application time: 0.0045037 seconds
[2019-12-09T02:04:31.820+0000][1][safepoint    ] Entering safepoint region: RevokeBias
[2019-12-09T02:04:31.820+0000][1][safepoint    ] Leaving safepoint region
[2019-12-09T02:04:31.820+0000][1][safepoint    ] Total time for which application threads were stopped: 0.0000978 seconds, Stopping threads took: 0.0000466 seconds
[2019-12-09T02:04:31.820+0000][1][safepoint    ] Application time: 0.0002297 seconds
[2019-12-09T02:04:31.820+0000][1][safepoint    ] Entering safepoint region: RevokeBias
[2019-12-09T02:04:31.820+0000][1][safepoint    ] Leaving safepoint region
[2019-12-09T02:04:31.821+0000][1][safepoint    ] Total time for which application threads were stopped: 0.0000615 seconds, Stopping threads took: 0.0000117 seconds
[2019-12-09T02:04:31.821+0000][1][safepoint    ] Application time: 0.0000396 seconds
[2019-12-09T02:04:31.821+0000][1][safepoint    ] Entering safepoint region: RevokeBias
[2019-12-09T02:04:31.821+0000][1][safepoint    ] Leaving safepoint region
[2019-12-09T02:04:31.821+0000][1][safepoint    ] Total time for which application threads were stopped: 0.0000480 seconds, Stopping threads took: 0.0000090 seconds
[2019-12-09T02:04:31.821+0000][1][safepoint    ] Application time: 0.0000407 seconds
[2019-12-09T02:04:31.821+0000][1][safepoint    ] Entering safepoint region: RevokeBias
[2019-12-09T02:04:31.821+0000][1][safepoint    ] Leaving safepoint region
[2019-12-09T02:04:31.821+0000][1][safepoint    ] Total time for which application threads were stopped: 0.0000698 seconds, Stopping threads took: 0.0000084 seconds
[2019-12-09T02:04:31.827+0000][1][safepoint    ] Application time: 0.0067214 seconds
[2019-12-09T02:04:31.837+0000][1][safepoint    ] Entering safepoint region: RevokeBias
[2019-12-09T02:04:31.837+0000][1][safepoint    ] Leaving safepoint region
[2019-12-09T02:04:31.837+0000][1][safepoint    ] Total time for which application threads were stopped: 0.0095124 seconds, Stopping threads took: 0.0094337 seconds
[2019-12-09T02:04:31.845+0000][1][safepoint    ] Application time: 0.0076970 seconds
[2019-12-09T02:04:31.845+0000][1][safepoint    ] Entering safepoint region: RevokeBias
[2019-12-09T02:04:31.845+0000][1][safepoint    ] Leaving safepoint region
[2019-12-09T02:04:31.845+0000][1][safepoint    ] Total time for which application threads were stopped: 0.0001791 seconds, Stopping threads took: 0.0000453 seconds
[2019-12-09T02:04:31.845+0000][1][safepoint    ] Application time: 0.0001629 seconds
[2019-12-09T02:04:31.845+0000][1][safepoint    ] Entering safepoint region: RevokeBias
[2019-12-09T02:04:31.845+0000][1][safepoint    ] Leaving safepoint region
[2019-12-09T02:04:31.845+0000][1][safepoint    ] Total time for which application threads were stopped: 0.0000577 seconds, Stopping threads took: 0.0000104 seconds
[2019-12-09T02:04:31.847+0000][1][safepoint    ] Application time: 0.0020555 seconds
[2019-12-09T02:04:31.847+0000][1][safepoint    ] Entering safepoint region: RevokeBias
[2019-12-09T02:04:31.847+0000][1][safepoint    ] Leaving safepoint region
[2019-12-09T02:04:31.847+0000][1][safepoint    ] Total time for which application threads were stopped: 0.0000695 seconds, Stopping threads took: 0.0000128 seconds
[2019-12-09T02:04:31.847+0000][1][safepoint    ] Application time: 0.0000908 seconds
[2019-12-09T02:04:31.847+0000][1][safepoint    ] Entering safepoint region: RevokeBias
[2019-12-09T02:04:31.847+0000][1][safepoint    ] Leaving safepoint region
[2019-12-09T02:04:31.847+0000][1][safepoint    ] Total time for which application threads were stopped: 0.0000541 seconds, Stopping threads took: 0.0000103 seconds
[2019-12-09T02:04:31.859+0000][1][safepoint    ] Application time: 0.0116823 seconds
[2019-12-09T02:04:31.859+0000][1][safepoint    ] Entering safepoint region: RevokeBias
[2019-12-09T02:04:31.859+0000][1][safepoint    ] Leaving safepoint region
[2019-12-09T02:04:31.859+0000][1][safepoint    ] Total time for which application threads were stopped: 0.0000673 seconds, Stopping threads took: 0.0000130 seconds
[2019-12-09T02:04:31.859+0000][1][safepoint    ] Application time: 0.0000925 seconds
[2019-12-09T02:04:31.859+0000][1][safepoint    ] Entering safepoint region: RevokeBias
[2019-12-09T02:04:31.859+0000][1][safepoint    ] Leaving safepoint region
[2019-12-09T02:04:31.859+0000][1][safepoint    ] Total time for which application threads were stopped: 0.0000491 seconds, Stopping threads took: 0.0000100 seconds
[2019-12-09T02:04:31.859+0000][1][safepoint    ] Application time: 0.0000616 seconds
[2019-12-09T02:04:31.859+0000][1][safepoint    ] Entering safepoint region: RevokeBias
[2019-12-09T02:04:31.860+0000][1][safepoint    ] Leaving safepoint region
[2019-12-09T02:04:31.860+0000][1][safepoint    ] Total time for which application threads were stopped: 0.0000449 seconds, Stopping threads took: 0.0000089 seconds
[2019-12-09T02:04:31.860+0000][1][safepoint    ] Application time: 0.0000464 seconds
[2019-12-09T02:04:31.860+0000][1][safepoint    ] Entering safepoint region: RevokeBias
[2019-12-09T02:04:31.860+0000][1][safepoint    ] Leaving safepoint region
[2019-12-09T02:04:31.860+0000][1][safepoint    ] Total time for which application threads were stopped: 0.0000433 seconds, Stopping threads took: 0.0000082 seconds
[2019-12-09T02:04:31.865+0000][1][safepoint    ] Application time: 0.0054797 seconds
[2019-12-09T02:04:31.865+0000][1][safepoint    ] Entering safepoint region: RevokeBias
[2019-12-09T02:04:31.865+0000][1][safepoint    ] Leaving safepoint region
[2019-12-09T02:04:31.865+0000][1][safepoint    ] Total time for which application threads were stopped: 0.0000659 seconds, Stopping threads took: 0.0000120 seconds
[2019-12-09T02:04:31.865+0000][1][safepoint    ] Application time: 0.0000684 seconds
[2019-12-09T02:04:31.865+0000][1][safepoint    ] Entering safepoint region: RevokeBias
[2019-12-09T02:04:31.865+0000][1][safepoint    ] Leaving safepoint region
[2019-12-09T02:04:31.865+0000][1][safepoint    ] Total time for which application threads were stopped: 0.0000595 seconds, Stopping threads took: 0.0000146 seconds
[2019-12-09T02:04:31.867+0000][1][safepoint    ] Application time: 0.0012756 seconds
[2019-12-09T02:04:31.867+0000][1][safepoint    ] Entering safepoint region: RevokeBias
[2019-12-09T02:04:31.867+0000][1][safepoint    ] Leaving safepoint region
[2019-12-09T02:04:31.867+0000][1][safepoint    ] Total time for which application threads were stopped: 0.0000800 seconds, Stopping threads took: 0.0000126 seconds
[2019-12-09T02:04:31.869+0000][1][safepoint    ] Application time: 0.0020150 seconds
[2019-12-09T02:04:31.869+0000][1][safepoint    ] Entering safepoint region: RevokeBias
[2019-12-09T02:04:31.869+0000][1][safepoint    ] Leaving safepoint region
[2019-12-09T02:04:31.869+0000][1][safepoint    ] Total time for which application threads were stopped: 0.0000578 seconds, Stopping threads took: 0.0000111 seconds
[2019-12-09T02:04:31.869+0000][1][safepoint    ] Application time: 0.0003407 seconds
[2019-12-09T02:04:31.869+0000][1][safepoint    ] Entering safepoint region: RevokeBias
[2019-12-09T02:04:31.869+0000][1][safepoint    ] Leaving safepoint region
[2019-12-09T02:04:31.869+0000][1][safepoint    ] Total time for which application threads were stopped: 0.0000515 seconds, Stopping threads took: 0.0000102 seconds
[2019-12-09T02:04:31.869+0000][1][safepoint    ] Application time: 0.0001082 seconds
[2019-12-09T02:04:31.869+0000][1][safepoint    ] Entering safepoint region: RevokeBias
[2019-12-09T02:04:31.869+0000][1][safepoint    ] Leaving safepoint region
[2019-12-09T02:04:31.869+0000][1][safepoint    ] Total time for which application threads were stopped: 0.0000501 seconds, Stopping threads took: 0.0000090 seconds
[2019-12-09T02:04:31.870+0000][1][safepoint    ] Application time: 0.0003197 seconds
[2019-12-09T02:04:31.870+0000][1][safepoint    ] Entering safepoint region: RevokeBias
[2019-12-09T02:04:31.870+0000][1][safepoint    ] Leaving safepoint region
[2019-12-09T02:04:31.870+0000][1][safepoint    ] Total time for which application threads were stopped: 0.0000596 seconds, Stopping threads took: 0.0000117 seconds
[2019-12-09T02:04:31.870+0000][1][safepoint    ] Application time: 0.0000996 seconds
[2019-12-09T02:04:31.870+0000][1][safepoint    ] Entering safepoint region: RevokeBias
[2019-12-09T02:04:31.870+0000][1][safepoint    ] Leaving safepoint region
[2019-12-09T02:04:31.870+0000][1][safepoint    ] Total time for which application threads were stopped: 0.0000507 seconds, Stopping threads took: 0.0000093 seconds
[2019-12-09T02:04:31.871+0000][1][safepoint    ] Application time: 0.0006325 seconds
[2019-12-09T02:04:31.871+0000][1][safepoint    ] Entering safepoint region: RevokeBias
[2019-12-09T02:04:31.871+0000][1][safepoint    ] Leaving safepoint region
[2019-12-09T02:04:31.871+0000][1][safepoint    ] Total time for which application threads were stopped: 0.0000800 seconds, Stopping threads took: 0.0000323 seconds
[2019-12-09T02:04:31.871+0000][1][safepoint    ] Application time: 0.0000710 seconds
[2019-12-09T02:04:31.871+0000][1][safepoint    ] Entering safepoint region: RevokeBias
[2019-12-09T02:04:31.871+0000][1][safepoint    ] Leaving safepoint region
[2019-12-09T02:04:31.871+0000][1][safepoint    ] Total time for which application threads were stopped: 0.0000507 seconds, Stopping threads took: 0.0000094 seconds
[2019-12-09T02:04:31.871+0000][1][safepoint    ] Application time: 0.0001696 seconds
[2019-12-09T02:04:31.871+0000][1][safepoint    ] Entering safepoint region: RevokeBias
[2019-12-09T02:04:31.871+0000][1][safepoint    ] Leaving safepoint region
[2019-12-09T02:04:31.871+0000][1][safepoint    ] Total time for which application threads were stopped: 0.0000637 seconds, Stopping threads took: 0.0000108 seconds
[2019-12-09T02:04:31.871+0000][1][safepoint    ] Application time: 0.0001605 seconds
[2019-12-09T02:04:31.871+0000][1][safepoint    ] Entering safepoint region: RevokeBias
[2019-12-09T02:04:31.871+0000][1][safepoint    ] Leaving safepoint region
[2019-12-09T02:04:31.871+0000][1][safepoint    ] Total time for which application threads were stopped: 0.0000659 seconds, Stopping threads took: 0.0000205 seconds
[2019-12-09T02:04:31.871+0000][1][safepoint    ] Application time: 0.0000511 seconds
[2019-12-09T02:04:31.871+0000][1][safepoint    ] Entering safepoint region: RevokeBias
[2019-12-09T02:04:31.872+0000][1][safepoint    ] Leaving safepoint region
[2019-12-09T02:04:31.872+0000][1][safepoint    ] Total time for which application threads were stopped: 0.0000500 seconds, Stopping threads took: 0.0000093 seconds
[2019-12-09T02:04:31.872+0000][1][safepoint    ] Application time: 0.0003682 seconds
[2019-12-09T02:04:31.872+0000][1][safepoint    ] Entering safepoint region: RevokeBias
[2019-12-09T02:04:31.872+0000][1][safepoint    ] Leaving safepoint region
[2019-12-09T02:04:31.872+0000][1][safepoint    ] Total time for which application threads were stopped: 0.0000674 seconds, Stopping threads took: 0.0000114 seconds
[2019-12-09T02:04:31.872+0000][1][safepoint    ] Application time: 0.0001675 seconds
[2019-12-09T02:04:31.872+0000][1][safepoint    ] Entering safepoint region: RevokeBias
[2019-12-09T02:04:31.872+0000][1][safepoint    ] Leaving safepoint region
[2019-12-09T02:04:31.872+0000][1][safepoint    ] Total time for which application threads were stopped: 0.0000567 seconds, Stopping threads took: 0.0000103 seconds
[2019-12-09T02:04:31.890+0000][1][safepoint    ] Application time: 0.0177012 seconds
[2019-12-09T02:04:31.890+0000][1][safepoint    ] Entering safepoint region: RevokeBias
[2019-12-09T02:04:31.890+0000][1][safepoint    ] Leaving safepoint region
[2019-12-09T02:04:31.890+0000][1][safepoint    ] Total time for which application threads were stopped: 0.0000638 seconds, Stopping threads took: 0.0000120 seconds
[2019-12-09T02:04:31.890+0000][1][safepoint    ] Application time: 0.0001297 seconds
[2019-12-09T02:04:31.890+0000][1][safepoint    ] Entering safepoint region: RevokeBias
[2019-12-09T02:04:31.890+0000][1][safepoint    ] Leaving safepoint region
[2019-12-09T02:04:31.890+0000][1][safepoint    ] Total time for which application threads were stopped: 0.0000492 seconds, Stopping threads took: 0.0000083 seconds
[2019-12-09T02:04:31.905+0000][1][safepoint    ] Application time: 0.0149314 seconds
[2019-12-09T02:04:31.905+0000][1][safepoint    ] Entering safepoint region: RevokeBias
[2019-12-09T02:04:31.905+0000][1][safepoint    ] Leaving safepoint region
[2019-12-09T02:04:31.905+0000][1][safepoint    ] Total time for which application threads were stopped: 0.0000604 seconds, Stopping threads took: 0.0000137 seconds
[2019-12-09T02:04:31.908+0000][1][safepoint    ] Application time: 0.0025058 seconds
[2019-12-09T02:04:31.908+0000][1][safepoint    ] Entering safepoint region: RevokeBias
[2019-12-09T02:04:31.908+0000][1][safepoint    ] Leaving safepoint region
[2019-12-09T02:04:31.908+0000][1][safepoint    ] Total time for which application threads were stopped: 0.0000600 seconds, Stopping threads took: 0.0000122 seconds
[2019-12-09T02:04:31.944+0000][1][safepoint    ] Application time: 0.0358514 seconds
[2019-12-09T02:04:31.944+0000][1][safepoint    ] Entering safepoint region: RevokeBias
[2019-12-09T02:04:31.944+0000][1][safepoint    ] Leaving safepoint region
[2019-12-09T02:04:31.944+0000][1][safepoint    ] Total time for which application threads were stopped: 0.0004939 seconds, Stopping threads took: 0.0004224 seconds
[2019-12-09T02:04:31.944+0000][1][safepoint    ] Application time: 0.0000649 seconds
[2019-12-09T02:04:31.944+0000][1][safepoint    ] Entering safepoint region: RevokeBias
[2019-12-09T02:04:31.944+0000][1][safepoint    ] Leaving safepoint region
[2019-12-09T02:04:31.944+0000][1][safepoint    ] Total time for which application threads were stopped: 0.0000644 seconds, Stopping threads took: 0.0000107 seconds
[2019-12-09T02:04:31.963+0000][1][safepoint    ] Application time: 0.0185198 seconds
[2019-12-09T02:04:31.963+0000][1][safepoint    ] Entering safepoint region: RevokeBias
[2019-12-09T02:04:31.963+0000][1][safepoint    ] Leaving safepoint region
[2019-12-09T02:04:31.963+0000][1][safepoint    ] Total time for which application threads were stopped: 0.0001010 seconds, Stopping threads took: 0.0000198 seconds
[2019-12-09T02:04:31.971+0000][1][safepoint    ] Application time: 0.0083770 seconds
[2019-12-09T02:04:31.971+0000][1][safepoint    ] Entering safepoint region: RevokeBias
[2019-12-09T02:04:31.972+0000][1][safepoint    ] Leaving safepoint region
[2019-12-09T02:04:31.972+0000][1][safepoint    ] Total time for which application threads were stopped: 0.0000862 seconds, Stopping threads took: 0.0000136 seconds
[2019-12-09T02:04:31.972+0000][1][safepoint    ] Application time: 0.0003192 seconds
[2019-12-09T02:04:31.972+0000][1][safepoint    ] Entering safepoint region: RevokeBias
[2019-12-09T02:04:31.972+0000][1][safepoint    ] Leaving safepoint region
[2019-12-09T02:04:31.972+0000][1][safepoint    ] Total time for which application threads were stopped: 0.0003945 seconds, Stopping threads took: 0.0000111 seconds
[2019-12-09T02:04:32.198+0000][1][safepoint    ] Application time: 0.2255438 seconds
[2019-12-09T02:04:32.198+0000][1][safepoint    ] Entering safepoint region: RevokeBias
[2019-12-09T02:04:32.198+0000][1][safepoint    ] Leaving safepoint region
[2019-12-09T02:04:32.198+0000][1][safepoint    ] Total time for which application threads were stopped: 0.0005014 seconds, Stopping threads took: 0.0004176 seconds
[2019-12-09T02:04:32.231+0000][1][safepoint    ] Application time: 0.0326556 seconds
[2019-12-09T02:04:32.232+0000][1][safepoint    ] Entering safepoint region: RevokeBias
[2019-12-09T02:04:32.232+0000][1][safepoint    ] Leaving safepoint region
[2019-12-09T02:04:32.232+0000][1][safepoint    ] Total time for which application threads were stopped: 0.0013274 seconds, Stopping threads took: 0.0012427 seconds
[2019-12-09T02:04:32.245+0000][1][safepoint    ] Application time: 0.0123696 seconds
[2019-12-09T02:04:32.245+0000][1][safepoint    ] Entering safepoint region: RevokeBias
[2019-12-09T02:04:32.245+0000][1][safepoint    ] Leaving safepoint region
[2019-12-09T02:04:32.245+0000][1][safepoint    ] Total time for which application threads were stopped: 0.0000830 seconds, Stopping threads took: 0.0000123 seconds
[2019-12-09T02:04:32.245+0000][1][safepoint    ] Application time: 0.0003910 seconds
[2019-12-09T02:04:32.245+0000][1][safepoint    ] Entering safepoint region: RevokeBias
[2019-12-09T02:04:32.245+0000][1][safepoint    ] Leaving safepoint region
[2019-12-09T02:04:32.245+0000][1][safepoint    ] Total time for which application threads were stopped: 0.0000628 seconds, Stopping threads took: 0.0000103 seconds
[2019-12-09T02:04:32.247+0000][1][safepoint    ] Application time: 0.0019315 seconds
[2019-12-09T02:04:32.247+0000][1][safepoint    ] Entering safepoint region: RevokeBias
[2019-12-09T02:04:32.247+0000][1][safepoint    ] Leaving safepoint region
[2019-12-09T02:04:32.247+0000][1][safepoint    ] Total time for which application threads were stopped: 0.0000824 seconds, Stopping threads took: 0.0000223 seconds
[2019-12-09T02:04:32.248+0000][1][safepoint    ] Application time: 0.0002590 seconds
[2019-12-09T02:04:32.248+0000][1][safepoint    ] Entering safepoint region: RevokeBias
[2019-12-09T02:04:32.248+0000][1][safepoint    ] Leaving safepoint region
[2019-12-09T02:04:32.248+0000][1][safepoint    ] Total time for which application threads were stopped: 0.0000790 seconds, Stopping threads took: 0.0000113 seconds
[2019-12-09T02:04:32.248+0000][1][safepoint    ] Application time: 0.0001145 seconds
[2019-12-09T02:04:32.248+0000][1][safepoint    ] Entering safepoint region: RevokeBias
[2019-12-09T02:04:32.248+0000][1][safepoint    ] Leaving safepoint region
[2019-12-09T02:04:32.248+0000][1][safepoint    ] Total time for which application threads were stopped: 0.0000593 seconds, Stopping threads took: 0.0000097 seconds
[2019-12-09T02:04:32.248+0000][1][safepoint    ] Application time: 0.0003304 seconds
[2019-12-09T02:04:32.248+0000][1][safepoint    ] Entering safepoint region: RevokeBias
[2019-12-09T02:04:32.248+0000][1][safepoint    ] Leaving safepoint region
[2019-12-09T02:04:32.248+0000][1][safepoint    ] Total time for which application threads were stopped: 0.0000700 seconds, Stopping threads took: 0.0000166 seconds
[2019-12-09T02:04:32.248+0000][1][safepoint    ] Application time: 0.0000630 seconds
[2019-12-09T02:04:32.248+0000][1][safepoint    ] Entering safepoint region: RevokeBias
[2019-12-09T02:04:32.248+0000][1][safepoint    ] Leaving safepoint region
[2019-12-09T02:04:32.248+0000][1][safepoint    ] Total time for which application threads were stopped: 0.0000554 seconds, Stopping threads took: 0.0000086 seconds
[2019-12-09T02:04:32.249+0000][1][safepoint    ] Application time: 0.0009669 seconds
[2019-12-09T02:04:32.249+0000][1][safepoint    ] Entering safepoint region: RevokeBias
[2019-12-09T02:04:32.250+0000][1][safepoint    ] Leaving safepoint region
[2019-12-09T02:04:32.250+0000][1][safepoint    ] Total time for which application threads were stopped: 0.0000675 seconds, Stopping threads took: 0.0000121 seconds
[2019-12-09T02:04:32.250+0000][1][safepoint    ] Application time: 0.0000549 seconds
[2019-12-09T02:04:32.250+0000][1][safepoint    ] Entering safepoint region: RevokeBias
[2019-12-09T02:04:32.250+0000][1][safepoint    ] Leaving safepoint region
[2019-12-09T02:04:32.250+0000][1][safepoint    ] Total time for which application threads were stopped: 0.0000480 seconds, Stopping threads took: 0.0000093 seconds
[2019-12-09T02:04:32.250+0000][1][safepoint    ] Application time: 0.0005242 seconds
[2019-12-09T02:04:32.250+0000][1][safepoint    ] Entering safepoint region: RevokeBias
[2019-12-09T02:04:32.250+0000][1][safepoint    ] Leaving safepoint region
[2019-12-09T02:04:32.250+0000][1][safepoint    ] Total time for which application threads were stopped: 0.0000580 seconds, Stopping threads took: 0.0000120 seconds
[2019-12-09T02:04:32.250+0000][1][safepoint    ] Application time: 0.0002103 seconds
[2019-12-09T02:04:32.250+0000][1][safepoint    ] Entering safepoint region: RevokeBias
[2019-12-09T02:04:32.251+0000][1][safepoint    ] Leaving safepoint region
[2019-12-09T02:04:32.251+0000][1][safepoint    ] Total time for which application threads were stopped: 0.0000509 seconds, Stopping threads took: 0.0000105 seconds
[2019-12-09T02:04:32.638+0000][1][safepoint    ] Application time: 0.3878147 seconds
[2019-12-09T02:04:32.638+0000][1][safepoint    ] Entering safepoint region: RevokeBias
[2019-12-09T02:04:32.638+0000][1][safepoint    ] Leaving safepoint region
[2019-12-09T02:04:32.638+0000][1][safepoint    ] Total time for which application threads were stopped: 0.0000965 seconds, Stopping threads took: 0.0000169 seconds
[2019-12-09T02:04:32.822+0000][1][safepoint    ] Application time: 0.1833977 seconds
[2019-12-09T02:04:32.822+0000][1][safepoint    ] Entering safepoint region: RevokeBias
[2019-12-09T02:04:32.822+0000][1][safepoint    ] Leaving safepoint region
[2019-12-09T02:04:32.822+0000][1][safepoint    ] Total time for which application threads were stopped: 0.0000788 seconds, Stopping threads took: 0.0000159 seconds
[2019-12-09T02:04:32.874+0000][1][safepoint    ] Application time: 0.0522259 seconds
[2019-12-09T02:04:32.874+0000][1][safepoint    ] Entering safepoint region: RevokeBias
[2019-12-09T02:04:32.874+0000][1][safepoint    ] Leaving safepoint region
[2019-12-09T02:04:32.874+0000][1][safepoint    ] Total time for which application threads were stopped: 0.0000919 seconds, Stopping threads took: 0.0000181 seconds
[2019-12-09T02:04:32.890+0000][1][safepoint    ] Application time: 0.0158367 seconds
[2019-12-09T02:04:32.890+0000][1][safepoint    ] Entering safepoint region: RevokeBias
[2019-12-09T02:04:32.890+0000][1][safepoint    ] Leaving safepoint region
[2019-12-09T02:04:32.890+0000][1][safepoint    ] Total time for which application threads were stopped: 0.0000715 seconds, Stopping threads took: 0.0000153 seconds
[2019-12-09T02:04:33.144+0000][1][safepoint    ] Application time: 0.2539430 seconds
[2019-12-09T02:04:33.196+0000][1][safepoint    ] Entering safepoint region: RevokeBias
[2019-12-09T02:04:33.196+0000][1][safepoint    ] Leaving safepoint region
[2019-12-09T02:04:33.196+0000][1][safepoint    ] Total time for which application threads were stopped: 0.0515881 seconds, Stopping threads took: 0.0514867 seconds
[2019-12-09T02:04:33.246+0000][1][safepoint    ] Application time: 0.0504791 seconds
[2019-12-09T02:04:33.247+0000][1][safepoint    ] Entering safepoint region: RevokeBias
[2019-12-09T02:04:33.247+0000][1][safepoint    ] Leaving safepoint region
[2019-12-09T02:04:33.247+0000][1][safepoint    ] Total time for which application threads were stopped: 0.0008850 seconds, Stopping threads took: 0.0007891 seconds
[2019-12-09T02:04:33.249+0000][1][safepoint    ] Application time: 0.0018280 seconds
[2019-12-09T02:04:33.249+0000][1][safepoint    ] Entering safepoint region: RevokeBias
[2019-12-09T02:04:33.249+0000][1][safepoint    ] Leaving safepoint region
[2019-12-09T02:04:33.249+0000][1][safepoint    ] Total time for which application threads were stopped: 0.0001332 seconds, Stopping threads took: 0.0000532 seconds
[2019-12-09T02:04:33.250+0000][1][safepoint    ] Application time: 0.0003529 seconds
[2019-12-09T02:04:33.250+0000][1][safepoint    ] Entering safepoint region: RevokeBias
[2019-12-09T02:04:33.250+0000][1][safepoint    ] Leaving safepoint region
[2019-12-09T02:04:33.250+0000][1][safepoint    ] Total time for which application threads were stopped: 0.0001042 seconds, Stopping threads took: 0.0000114 seconds
[2019-12-09T02:04:33.275+0000][1][safepoint    ] Application time: 0.0255866 seconds
[2019-12-09T02:04:33.277+0000][1][safepoint    ] Entering safepoint region: RevokeBias
[2019-12-09T02:04:33.277+0000][1][safepoint    ] Leaving safepoint region
[2019-12-09T02:04:33.277+0000][1][safepoint    ] Total time for which application threads were stopped: 0.0021093 seconds, Stopping threads took: 0.0020283 seconds
[2019-12-09T02:04:33.289+0000][1][safepoint    ] Application time: 0.0112414 seconds
[2019-12-09T02:04:33.293+0000][1][safepoint    ] Entering safepoint region: RevokeBias
[2019-12-09T02:04:33.293+0000][1][safepoint    ] Leaving safepoint region
[2019-12-09T02:04:33.293+0000][1][safepoint    ] Total time for which application threads were stopped: 0.0040758 seconds, Stopping threads took: 0.0039922 seconds
[2019-12-09T02:04:33.293+0000][1][safepoint    ] Application time: 0.0004231 seconds
[2019-12-09T02:04:33.293+0000][1][safepoint    ] Entering safepoint region: RevokeBias
[2019-12-09T02:04:33.293+0000][1][safepoint    ] Leaving safepoint region
[2019-12-09T02:04:33.293+0000][1][safepoint    ] Total time for which application threads were stopped: 0.0000737 seconds, Stopping threads took: 0.0000112 seconds
[2019-12-09T02:04:33.294+0000][1][safepoint    ] Application time: 0.0002472 seconds
[2019-12-09T02:04:33.294+0000][1][safepoint    ] Entering safepoint region: RevokeBias
[2019-12-09T02:04:33.294+0000][1][safepoint    ] Leaving safepoint region
[2019-12-09T02:04:33.294+0000][1][safepoint    ] Total time for which application threads were stopped: 0.0000656 seconds, Stopping threads took: 0.0000093 seconds
[2019-12-09T02:04:33.295+0000][1][safepoint    ] Application time: 0.0008372 seconds
[2019-12-09T02:04:33.295+0000][1][safepoint    ] Entering safepoint region: RevokeBias
[2019-12-09T02:04:33.295+0000][1][safepoint    ] Leaving safepoint region
[2019-12-09T02:04:33.295+0000][1][safepoint    ] Total time for which application threads were stopped: 0.0000737 seconds, Stopping threads took: 0.0000126 seconds
[2019-12-09T02:04:33.295+0000][1][safepoint    ] Application time: 0.0002719 seconds
[2019-12-09T02:04:33.295+0000][1][safepoint    ] Entering safepoint region: RevokeBias
[2019-12-09T02:04:33.295+0000][1][safepoint    ] Leaving safepoint region
[2019-12-09T02:04:33.295+0000][1][safepoint    ] Total time for which application threads were stopped: 0.0000624 seconds, Stopping threads took: 0.0000120 seconds
[2019-12-09T02:04:33.298+0000][1][safepoint    ] Application time: 0.0030945 seconds
[2019-12-09T02:04:33.298+0000][1][safepoint    ] Entering safepoint region: RevokeBias
[2019-12-09T02:04:33.298+0000][1][safepoint    ] Leaving safepoint region
[2019-12-09T02:04:33.298+0000][1][safepoint    ] Total time for which application threads were stopped: 0.0000851 seconds, Stopping threads took: 0.0000259 seconds
[2019-12-09T02:04:33.336+0000][1][safepoint    ] Application time: 0.0382729 seconds
[2019-12-09T02:04:33.337+0000][1][safepoint    ] Entering safepoint region: RevokeBias
[2019-12-09T02:04:33.337+0000][1][safepoint    ] Leaving safepoint region
[2019-12-09T02:04:33.337+0000][1][safepoint    ] Total time for which application threads were stopped: 0.0000896 seconds, Stopping threads took: 0.0000166 seconds
[2019-12-09T02:04:33.439+0000][1][safepoint    ] Application time: 0.1026326 seconds
[2019-12-09T02:04:33.450+0000][1][safepoint    ] Entering safepoint region: RevokeBias
[2019-12-09T02:04:33.450+0000][1][safepoint    ] Leaving safepoint region
[2019-12-09T02:04:33.450+0000][1][safepoint    ] Total time for which application threads were stopped: 0.0105641 seconds, Stopping threads took: 0.0104754 seconds
[2019-12-09T02:04:33.475+0000][1][safepoint    ] Application time: 0.0255028 seconds
[2019-12-09T02:04:33.475+0000][1][safepoint    ] Entering safepoint region: RevokeBias
[2019-12-09T02:04:33.476+0000][1][safepoint    ] Leaving safepoint region
[2019-12-09T02:04:33.476+0000][1][safepoint    ] Total time for which application threads were stopped: 0.0001278 seconds, Stopping threads took: 0.0000667 seconds
[2019-12-09T02:04:33.478+0000][1][safepoint    ] Application time: 0.0023465 seconds
[2019-12-09T02:04:33.478+0000][1][safepoint    ] Entering safepoint region: RevokeBias
[2019-12-09T02:04:33.478+0000][1][safepoint    ] Leaving safepoint region
[2019-12-09T02:04:33.478+0000][1][safepoint    ] Total time for which application threads were stopped: 0.0000649 seconds, Stopping threads took: 0.0000147 seconds
[2019-12-09T02:04:33.721+0000][1][safepoint    ] Application time: 0.2428609 seconds
[2019-12-09T02:04:33.721+0000][1][safepoint    ] Entering safepoint region: RevokeBias
[2019-12-09T02:04:33.721+0000][1][safepoint    ] Leaving safepoint region
[2019-12-09T02:04:33.721+0000][1][safepoint    ] Total time for which application threads were stopped: 0.0000826 seconds, Stopping threads took: 0.0000161 seconds
[2019-12-09T02:04:33.741+0000][1][safepoint    ] Application time: 0.0203520 seconds
[2019-12-09T02:04:33.741+0000][1][safepoint    ] Entering safepoint region: RevokeBias
[2019-12-09T02:04:33.741+0000][1][safepoint    ] Leaving safepoint region
[2019-12-09T02:04:33.741+0000][1][safepoint    ] Total time for which application threads were stopped: 0.0000842 seconds, Stopping threads took: 0.0000188 seconds
[2019-12-09T02:04:33.742+0000][1][safepoint    ] Application time: 0.0004736 seconds
[2019-12-09T02:04:33.742+0000][1][safepoint    ] Entering safepoint region: RevokeBias
[2019-12-09T02:04:33.742+0000][1][safepoint    ] Leaving safepoint region
[2019-12-09T02:04:33.742+0000][1][safepoint    ] Total time for which application threads were stopped: 0.0000639 seconds, Stopping threads took: 0.0000139 seconds
[2019-12-09T02:04:33.799+0000][1][safepoint    ] Application time: 0.0569946 seconds
[2019-12-09T02:04:33.837+0000][1][safepoint    ] Entering safepoint region: RevokeBias
[2019-12-09T02:04:33.837+0000][1][safepoint    ] Leaving safepoint region
[2019-12-09T02:04:33.837+0000][1][safepoint    ] Total time for which application threads were stopped: 0.0378739 seconds, Stopping threads took: 0.0377540 seconds
[2019-12-09T02:04:33.838+0000][1][safepoint    ] Application time: 0.0006291 seconds
[2019-12-09T02:04:33.838+0000][1][safepoint    ] Entering safepoint region: RevokeBias
[2019-12-09T02:04:33.838+0000][1][safepoint    ] Leaving safepoint region
[2019-12-09T02:04:33.838+0000][1][safepoint    ] Total time for which application threads were stopped: 0.0003293 seconds, Stopping threads took: 0.0000143 seconds
[2019-12-09T02:04:33.838+0000][1][safepoint    ] Application time: 0.0002685 seconds
[2019-12-09T02:04:33.838+0000][1][safepoint    ] Entering safepoint region: RevokeBias
[2019-12-09T02:04:33.838+0000][1][safepoint    ] Leaving safepoint region
[2019-12-09T02:04:33.838+0000][1][safepoint    ] Total time for which application threads were stopped: 0.0001325 seconds, Stopping threads took: 0.0000177 seconds
[2019-12-09T02:04:33.840+0000][1][safepoint    ] Application time: 0.0018848 seconds
[2019-12-09T02:04:33.840+0000][1][safepoint    ] Entering safepoint region: RevokeBias
[2019-12-09T02:04:33.840+0000][1][safepoint    ] Leaving safepoint region
[2019-12-09T02:04:33.840+0000][1][safepoint    ] Total time for which application threads were stopped: 0.0001117 seconds, Stopping threads took: 0.0000109 seconds
[2019-12-09T02:04:33.842+0000][1][safepoint    ] Application time: 0.0012219 seconds
[2019-12-09T02:04:33.842+0000][1][safepoint    ] Entering safepoint region: RevokeBias
[2019-12-09T02:04:33.842+0000][1][safepoint    ] Leaving safepoint region
[2019-12-09T02:04:33.842+0000][1][safepoint    ] Total time for which application threads were stopped: 0.0000908 seconds, Stopping threads took: 0.0000121 seconds
[2019-12-09T02:04:33.876+0000][1][safepoint    ] Application time: 0.0347955 seconds
[2019-12-09T02:04:33.891+0000][1][safepoint    ] Entering safepoint region: RevokeBias
[2019-12-09T02:04:33.891+0000][1][safepoint    ] Leaving safepoint region
[2019-12-09T02:04:33.891+0000][1][safepoint    ] Total time for which application threads were stopped: 0.0149378 seconds, Stopping threads took: 0.0147953 seconds
[2019-12-09T02:04:33.892+0000][1][safepoint    ] Application time: 0.0005798 seconds
[2019-12-09T02:04:33.892+0000][1][safepoint    ] Entering safepoint region: RevokeBias
[2019-12-09T02:04:33.892+0000][1][safepoint    ] Leaving safepoint region
[2019-12-09T02:04:33.892+0000][1][safepoint    ] Total time for which application threads were stopped: 0.0003233 seconds, Stopping threads took: 0.0000147 seconds
[2019-12-09T02:04:33.893+0000][1][safepoint    ] Application time: 0.0003471 seconds
[2019-12-09T02:04:33.893+0000][1][safepoint    ] Entering safepoint region: RevokeBias
[2019-12-09T02:04:33.893+0000][1][safepoint    ] Leaving safepoint region
[2019-12-09T02:04:33.893+0000][1][safepoint    ] Total time for which application threads were stopped: 0.0001051 seconds, Stopping threads took: 0.0000133 seconds
[2019-12-09T02:04:33.893+0000][1][safepoint    ] Application time: 0.0002828 seconds
[2019-12-09T02:04:33.893+0000][1][safepoint    ] Entering safepoint region: RevokeBias
[2019-12-09T02:04:33.893+0000][1][safepoint    ] Leaving safepoint region
[2019-12-09T02:04:33.893+0000][1][safepoint    ] Total time for which application threads were stopped: 0.0000925 seconds, Stopping threads took: 0.0000120 seconds
[2019-12-09T02:04:33.893+0000][1][safepoint    ] Application time: 0.0002265 seconds
[2019-12-09T02:04:33.893+0000][1][safepoint    ] Entering safepoint region: RevokeBias
[2019-12-09T02:04:33.894+0000][1][safepoint    ] Leaving safepoint region
[2019-12-09T02:04:33.894+0000][1][safepoint    ] Total time for which application threads were stopped: 0.0000880 seconds, Stopping threads took: 0.0000119 seconds
[2019-12-09T02:04:33.896+0000][1][safepoint    ] Application time: 0.0022817 seconds
[2019-12-09T02:04:33.896+0000][1][safepoint    ] Entering safepoint region: RevokeBias
[2019-12-09T02:04:33.896+0000][1][safepoint    ] Leaving safepoint region
[2019-12-09T02:04:33.896+0000][1][safepoint    ] Total time for which application threads were stopped: 0.0000569 seconds, Stopping threads took: 0.0000121 seconds
[2019-12-09T02:04:33.897+0000][1][safepoint    ] Application time: 0.0013307 seconds
[2019-12-09T02:04:33.897+0000][1][safepoint    ] Entering safepoint region: RevokeBias
[2019-12-09T02:04:33.897+0000][1][safepoint    ] Leaving safepoint region
[2019-12-09T02:04:33.897+0000][1][safepoint    ] Total time for which application threads were stopped: 0.0000649 seconds, Stopping threads took: 0.0000101 seconds
[2019-12-09T02:04:33.898+0000][1][safepoint    ] Application time: 0.0004811 seconds
[2019-12-09T02:04:33.898+0000][1][safepoint    ] Entering safepoint region: RevokeBias
[2019-12-09T02:04:33.898+0000][1][safepoint    ] Leaving safepoint region
[2019-12-09T02:04:33.898+0000][1][safepoint    ] Total time for which application threads were stopped: 0.0000980 seconds, Stopping threads took: 0.0000168 seconds
[2019-12-09T02:04:33.899+0000][1][safepoint    ] Application time: 0.0005555 seconds
[2019-12-09T02:04:33.899+0000][1][safepoint    ] Entering safepoint region: RevokeBias
[2019-12-09T02:04:33.899+0000][1][safepoint    ] Leaving safepoint region
[2019-12-09T02:04:33.899+0000][1][safepoint    ] Total time for which application threads were stopped: 0.0000825 seconds, Stopping threads took: 0.0000120 seconds
[2019-12-09T02:04:33.899+0000][1][safepoint    ] Application time: 0.0007657 seconds
[2019-12-09T02:04:33.899+0000][1][safepoint    ] Entering safepoint region: RevokeBias
[2019-12-09T02:04:33.900+0000][1][safepoint    ] Leaving safepoint region
[2019-12-09T02:04:33.900+0000][1][safepoint    ] Total time for which application threads were stopped: 0.0000856 seconds, Stopping threads took: 0.0000128 seconds
[2019-12-09T02:04:33.901+0000][1][safepoint    ] Application time: 0.0011406 seconds
[2019-12-09T02:04:33.901+0000][1][safepoint    ] Entering safepoint region: BulkRevokeBias
[2019-12-09T02:04:33.901+0000][1][safepoint    ] Leaving safepoint region
[2019-12-09T02:04:33.901+0000][1][safepoint    ] Total time for which application threads were stopped: 0.0003099 seconds, Stopping threads took: 0.0000147 seconds
[2019-12-09T02:04:33.919+0000][1][safepoint    ] Application time: 0.0177274 seconds
[2019-12-09T02:04:33.919+0000][1][safepoint    ] Entering safepoint region: RevokeBias
[2019-12-09T02:04:33.919+0000][1][safepoint    ] Leaving safepoint region
[2019-12-09T02:04:33.919+0000][1][safepoint    ] Total time for which application threads were stopped: 0.0000716 seconds, Stopping threads took: 0.0000138 seconds
[2019-12-09T02:04:34.040+0000][1][safepoint    ] Application time: 0.1213753 seconds
[2019-12-09T02:04:34.040+0000][1][safepoint    ] Entering safepoint region: RevokeBias
[2019-12-09T02:04:34.040+0000][1][safepoint    ] Leaving safepoint region
[2019-12-09T02:04:34.040+0000][1][safepoint    ] Total time for which application threads were stopped: 0.0000940 seconds, Stopping threads took: 0.0000206 seconds
[2019-12-09T02:04:34.110+0000][1][safepoint    ] Application time: 0.0694529 seconds
[2019-12-09T02:04:34.110+0000][1][safepoint    ] Entering safepoint region: RevokeBias
[2019-12-09T02:04:34.110+0000][1][safepoint    ] Leaving safepoint region
[2019-12-09T02:04:34.110+0000][1][safepoint    ] Total time for which application threads were stopped: 0.0000840 seconds, Stopping threads took: 0.0000190 seconds
[2019-12-09T02:04:34.188+0000][1][safepoint    ] Application time: 0.0780525 seconds
[2019-12-09T02:04:34.193+0000][1][safepoint    ] Entering safepoint region: RevokeBias
[2019-12-09T02:04:34.194+0000][1][safepoint    ] Leaving safepoint region
[2019-12-09T02:04:34.194+0000][1][safepoint    ] Total time for which application threads were stopped: 0.0055549 seconds, Stopping threads took: 0.0054638 seconds
[2019-12-09T02:04:34.194+0000][1][safepoint    ] Application time: 0.0004631 seconds
[2019-12-09T02:04:34.194+0000][1][safepoint    ] Entering safepoint region: RevokeBias
[2019-12-09T02:04:34.194+0000][1][safepoint    ] Leaving safepoint region
[2019-12-09T02:04:34.194+0000][1][safepoint    ] Total time for which application threads were stopped: 0.0000851 seconds, Stopping threads took: 0.0000154 seconds
[2019-12-09T02:04:34.195+0000][1][safepoint    ] Application time: 0.0006074 seconds
[2019-12-09T02:04:34.195+0000][1][safepoint    ] Entering safepoint region: RevokeBias
[2019-12-09T02:04:34.195+0000][1][safepoint    ] Leaving safepoint region
[2019-12-09T02:04:34.195+0000][1][safepoint    ] Total time for which application threads were stopped: 0.0000711 seconds, Stopping threads took: 0.0000128 seconds
[2019-12-09T02:04:34.201+0000][1][safepoint    ] Application time: 0.0062789 seconds
[2019-12-09T02:04:34.201+0000][1][safepoint    ] Entering safepoint region: RevokeBias
[2019-12-09T02:04:34.201+0000][1][safepoint    ] Leaving safepoint region
[2019-12-09T02:04:34.201+0000][1][safepoint    ] Total time for which application threads were stopped: 0.0000638 seconds, Stopping threads took: 0.0000151 seconds
[2019-12-09T02:04:34.201+0000][1][safepoint    ] Application time: 0.0001792 seconds
[2019-12-09T02:04:34.201+0000][1][safepoint    ] Entering safepoint region: RevokeBias
[2019-12-09T02:04:34.201+0000][1][safepoint    ] Leaving safepoint region
[2019-12-09T02:04:34.201+0000][1][safepoint    ] Total time for which application threads were stopped: 0.0000460 seconds, Stopping threads took: 0.0000086 seconds
[2019-12-09T02:04:34.202+0000][1][safepoint    ] Application time: 0.0002472 seconds
[2019-12-09T02:04:34.202+0000][1][safepoint    ] Entering safepoint region: RevokeBias
[2019-12-09T02:04:34.202+0000][1][safepoint    ] Leaving safepoint region
[2019-12-09T02:04:34.202+0000][1][safepoint    ] Total time for which application threads were stopped: 0.0000563 seconds, Stopping threads took: 0.0000112 seconds
[2019-12-09T02:04:34.252+0000][1][safepoint    ] Application time: 0.0504141 seconds
[2019-12-09T02:04:34.252+0000][1][safepoint    ] Entering safepoint region: RevokeBias
[2019-12-09T02:04:34.252+0000][1][safepoint    ] Leaving safepoint region
[2019-12-09T02:04:34.252+0000][1][safepoint    ] Total time for which application threads were stopped: 0.0000837 seconds, Stopping threads took: 0.0000157 seconds
[2019-12-09T02:04:34.253+0000][1][safepoint    ] Application time: 0.0007067 seconds
[2019-12-09T02:04:34.253+0000][1][safepoint    ] Entering safepoint region: RevokeBias
[2019-12-09T02:04:34.253+0000][1][safepoint    ] Leaving safepoint region
[2019-12-09T02:04:34.253+0000][1][safepoint    ] Total time for which application threads were stopped: 0.0000673 seconds, Stopping threads took: 0.0000142 seconds
[2019-12-09T02:04:34.340+0000][1][safepoint    ] Application time: 0.0865370 seconds
[2019-12-09T02:04:34.347+0000][1][safepoint    ] Entering safepoint region: RevokeBias
[2019-12-09T02:04:34.347+0000][1][safepoint    ] Leaving safepoint region
[2019-12-09T02:04:34.347+0000][1][safepoint    ] Total time for which application threads were stopped: 0.0071834 seconds, Stopping threads took: 0.0070608 seconds
[2019-12-09T02:04:34.372+0000][1][safepoint    ] Application time: 0.0249424 seconds
[2019-12-09T02:04:34.402+0000][1][safepoint    ] Entering safepoint region: RevokeBias
[2019-12-09T02:04:34.402+0000][1][safepoint    ] Leaving safepoint region
[2019-12-09T02:04:34.402+0000][1][safepoint    ] Total time for which application threads were stopped: 0.0299029 seconds, Stopping threads took: 0.0298214 seconds
[2019-12-09T02:04:34.439+0000][1][safepoint    ] Application time: 0.0373860 seconds
[2019-12-09T02:04:34.439+0000][1][safepoint    ] Entering safepoint region: RevokeBias
[2019-12-09T02:04:34.439+0000][1][safepoint    ] Leaving safepoint region
[2019-12-09T02:04:34.439+0000][1][safepoint    ] Total time for which application threads were stopped: 0.0001251 seconds, Stopping threads took: 0.0000543 seconds
[2019-12-09T02:04:34.440+0000][1][safepoint    ] Application time: 0.0002554 seconds
[2019-12-09T02:04:34.440+0000][1][safepoint    ] Entering safepoint region: RevokeBias
[2019-12-09T02:04:34.440+0000][1][safepoint    ] Leaving safepoint region
[2019-12-09T02:04:34.440+0000][1][safepoint    ] Total time for which application threads were stopped: 0.0000794 seconds, Stopping threads took: 0.0000119 seconds
[2019-12-09T02:04:34.441+0000][1][safepoint    ] Application time: 0.0012601 seconds
[2019-12-09T02:04:34.441+0000][1][safepoint    ] Entering safepoint region: RevokeBias
[2019-12-09T02:04:34.441+0000][1][safepoint    ] Leaving safepoint region
[2019-12-09T02:04:34.441+0000][1][safepoint    ] Total time for which application threads were stopped: 0.0000887 seconds, Stopping threads took: 0.0000408 seconds
[2019-12-09T02:04:34.442+0000][1][safepoint    ] Application time: 0.0011782 seconds
[2019-12-09T02:04:34.442+0000][1][safepoint    ] Entering safepoint region: RevokeBias
[2019-12-09T02:04:34.442+0000][1][safepoint    ] Leaving safepoint region
[2019-12-09T02:04:34.442+0000][1][safepoint    ] Total time for which application threads were stopped: 0.0000681 seconds, Stopping threads took: 0.0000184 seconds
[2019-12-09T02:04:34.529+0000][1][safepoint    ] Application time: 0.0863874 seconds
[2019-12-09T02:04:34.529+0000][1][safepoint    ] Entering safepoint region: RevokeBias
[2019-12-09T02:04:34.529+0000][1][safepoint    ] Leaving safepoint region
[2019-12-09T02:04:34.529+0000][1][safepoint    ] Total time for which application threads were stopped: 0.0000885 seconds, Stopping threads took: 0.0000163 seconds
[2019-12-09T02:04:34.529+0000][1][safepoint    ] Application time: 0.0003482 seconds
[2019-12-09T02:04:34.529+0000][1][safepoint    ] Entering safepoint region: RevokeBias
[2019-12-09T02:04:34.529+0000][1][safepoint    ] Leaving safepoint region
[2019-12-09T02:04:34.529+0000][1][safepoint    ] Total time for which application threads were stopped: 0.0000604 seconds, Stopping threads took: 0.0000124 seconds
[2019-12-09T02:04:34.684+0000][1][safepoint    ] Application time: 0.1543536 seconds
[2019-12-09T02:04:34.684+0000][1][safepoint    ] Entering safepoint region: RevokeBias
[2019-12-09T02:04:34.684+0000][1][safepoint    ] Leaving safepoint region
[2019-12-09T02:04:34.684+0000][1][safepoint    ] Total time for which application threads were stopped: 0.0001705 seconds, Stopping threads took: 0.0000917 seconds
[2019-12-09T02:04:34.895+0000][1][safepoint    ] Application time: 0.2108299 seconds
[2019-12-09T02:04:34.895+0000][1][safepoint    ] Entering safepoint region: RevokeBias
[2019-12-09T02:04:34.895+0000][1][safepoint    ] Leaving safepoint region
[2019-12-09T02:04:34.895+0000][1][safepoint    ] Total time for which application threads were stopped: 0.0000868 seconds, Stopping threads took: 0.0000200 seconds
[2019-12-09T02:04:34.911+0000][1][safepoint    ] Application time: 0.0158888 seconds
[2019-12-09T02:04:34.911+0000][1][safepoint    ] Entering safepoint region: BulkRevokeBias
[2019-12-09T02:04:34.911+0000][1][safepoint    ] Leaving safepoint region
[2019-12-09T02:04:34.911+0000][1][safepoint    ] Total time for which application threads were stopped: 0.0003334 seconds, Stopping threads took: 0.0000172 seconds
[2019-12-09T02:04:34.977+0000][1][safepoint    ] Application time: 0.0663313 seconds
[2019-12-09T02:04:34.977+0000][1][safepoint    ] Entering safepoint region: RevokeBias
[2019-12-09T02:04:34.978+0000][1][safepoint    ] Leaving safepoint region
[2019-12-09T02:04:34.978+0000][1][safepoint    ] Total time for which application threads were stopped: 0.0000994 seconds, Stopping threads took: 0.0000190 seconds
[2019-12-09T02:04:35.188+0000][1][safepoint    ] Application time: 0.2106313 seconds
[2019-12-09T02:04:35.188+0000][1][safepoint    ] Entering safepoint region: RevokeBias
[2019-12-09T02:04:35.188+0000][1][safepoint    ] Leaving safepoint region
[2019-12-09T02:04:35.188+0000][1][safepoint    ] Total time for which application threads were stopped: 0.0002273 seconds, Stopping threads took: 0.0001328 seconds
[2019-12-09T02:04:35.189+0000][1][safepoint    ] Application time: 0.0005068 seconds
[2019-12-09T02:04:35.189+0000][1][safepoint    ] Entering safepoint region: RevokeBias
[2019-12-09T02:04:35.189+0000][1][safepoint    ] Leaving safepoint region
[2019-12-09T02:04:35.189+0000][1][safepoint    ] Total time for which application threads were stopped: 0.0000754 seconds, Stopping threads took: 0.0000143 seconds
[2019-12-09T02:04:35.191+0000][1][safepoint    ] Application time: 0.0015509 seconds
[2019-12-09T02:04:35.191+0000][1][safepoint    ] Entering safepoint region: RevokeBias
[2019-12-09T02:04:35.191+0000][1][safepoint    ] Leaving safepoint region
[2019-12-09T02:04:35.191+0000][1][safepoint    ] Total time for which application threads were stopped: 0.0000835 seconds, Stopping threads took: 0.0000125 seconds
[2019-12-09T02:04:35.213+0000][1][safepoint    ] Application time: 0.0224492 seconds
[2019-12-09T02:04:35.213+0000][1][safepoint    ] Entering safepoint region: RevokeBias
[2019-12-09T02:04:35.213+0000][1][safepoint    ] Leaving safepoint region
[2019-12-09T02:04:35.213+0000][1][safepoint    ] Total time for which application threads were stopped: 0.0001876 seconds, Stopping threads took: 0.0001162 seconds
[2019-12-09T02:04:35.215+0000][1][safepoint    ] Application time: 0.0018326 seconds
[2019-12-09T02:04:35.215+0000][1][safepoint    ] Entering safepoint region: RevokeBias
[2019-12-09T02:04:35.215+0000][1][safepoint    ] Leaving safepoint region
[2019-12-09T02:04:35.215+0000][1][safepoint    ] Total time for which application threads were stopped: 0.0000812 seconds, Stopping threads took: 0.0000158 seconds
[2019-12-09T02:04:35.217+0000][1][safepoint    ] Application time: 0.0015203 seconds
[2019-12-09T02:04:35.217+0000][1][safepoint    ] Entering safepoint region: RevokeBias
[2019-12-09T02:04:35.217+0000][1][safepoint    ] Leaving safepoint region
[2019-12-09T02:04:35.217+0000][1][safepoint    ] Total time for which application threads were stopped: 0.0000775 seconds, Stopping threads took: 0.0000144 seconds
[2019-12-09T02:04:35.241+0000][1][safepoint    ] Application time: 0.0240623 seconds
[2019-12-09T02:04:35.241+0000][1][safepoint    ] Entering safepoint region: RevokeBias
[2019-12-09T02:04:35.241+0000][1][safepoint    ] Leaving safepoint region
[2019-12-09T02:04:35.241+0000][1][safepoint    ] Total time for which application threads were stopped: 0.0000800 seconds, Stopping threads took: 0.0000162 seconds
[2019-12-09T02:04:35.263+0000][1][safepoint    ] Application time: 0.0217103 seconds
[2019-12-09T02:04:35.263+0000][1][safepoint    ] Entering safepoint region: RevokeBias
[2019-12-09T02:04:35.263+0000][1][safepoint    ] Leaving safepoint region
[2019-12-09T02:04:35.263+0000][1][safepoint    ] Total time for which application threads were stopped: 0.0000743 seconds, Stopping threads took: 0.0000161 seconds
[2019-12-09T02:04:35.263+0000][1][safepoint    ] Application time: 0.0001196 seconds
[2019-12-09T02:04:35.263+0000][1][safepoint    ] Entering safepoint region: RevokeBias
[2019-12-09T02:04:35.263+0000][1][safepoint    ] Leaving safepoint region
[2019-12-09T02:04:35.263+0000][1][safepoint    ] Total time for which application threads were stopped: 0.0000487 seconds, Stopping threads took: 0.0000095 seconds
[2019-12-09T02:04:35.287+0000][1][safepoint    ] Application time: 0.0241627 seconds
[2019-12-09T02:04:35.287+0000][1][safepoint    ] Entering safepoint region: RevokeBias
[2019-12-09T02:04:35.287+0000][1][safepoint    ] Leaving safepoint region
[2019-12-09T02:04:35.287+0000][1][safepoint    ] Total time for which application threads were stopped: 0.0000833 seconds, Stopping threads took: 0.0000169 seconds
[2019-12-09T02:04:35.318+0000][1][safepoint    ] Application time: 0.0305525 seconds
[2019-12-09T02:04:35.318+0000][1][safepoint    ] Entering safepoint region: RevokeBias
[2019-12-09T02:04:35.318+0000][1][safepoint    ] Leaving safepoint region
[2019-12-09T02:04:35.318+0000][1][safepoint    ] Total time for which application threads were stopped: 0.0000732 seconds, Stopping threads took: 0.0000156 seconds
[2019-12-09T02:04:35.318+0000][1][safepoint    ] Application time: 0.0003645 seconds
[2019-12-09T02:04:35.318+0000][1][safepoint    ] Entering safepoint region: RevokeBias
[2019-12-09T02:04:35.318+0000][1][safepoint    ] Leaving safepoint region
[2019-12-09T02:04:35.319+0000][1][safepoint    ] Total time for which application threads were stopped: 0.0000528 seconds, Stopping threads took: 0.0000100 seconds
[2019-12-09T02:04:35.370+0000][1][safepoint    ] Application time: 0.0518352 seconds
[2019-12-09T02:04:35.431+0000][1][safepoint    ] Entering safepoint region: RevokeBias
[2019-12-09T02:04:35.431+0000][1][safepoint    ] Leaving safepoint region
[2019-12-09T02:04:35.431+0000][1][safepoint    ] Total time for which application threads were stopped: 0.0607985 seconds, Stopping threads took: 0.0603983 seconds
[2019-12-09T02:04:35.658+0000][1][safepoint    ] Application time: 0.2270074 seconds
[2019-12-09T02:04:35.658+0000][1][safepoint    ] Entering safepoint region: RevokeBias
[2019-12-09T02:04:35.658+0000][1][safepoint    ] Leaving safepoint region
[2019-12-09T02:04:35.658+0000][1][safepoint    ] Total time for which application threads were stopped: 0.0001222 seconds, Stopping threads took: 0.0000286 seconds
[2019-12-09T02:04:35.658+0000][1][safepoint    ] Application time: 0.0000594 seconds
[2019-12-09T02:04:35.658+0000][1][safepoint    ] Entering safepoint region: RevokeBias
[2019-12-09T02:04:35.658+0000][1][safepoint    ] Leaving safepoint region
[2019-12-09T02:04:35.658+0000][1][safepoint    ] Total time for which application threads were stopped: 0.0000628 seconds, Stopping threads took: 0.0000100 seconds
[2019-12-09T02:04:36.168+0000][1][safepoint    ] Application time: 0.5092734 seconds
[2019-12-09T02:04:36.168+0000][1][safepoint    ] Entering safepoint region: RevokeBias
[2019-12-09T02:04:36.168+0000][1][safepoint    ] Leaving safepoint region
[2019-12-09T02:04:36.168+0000][1][safepoint    ] Total time for which application threads were stopped: 0.0001212 seconds, Stopping threads took: 0.0000186 seconds
[2019-12-09T02:04:36.169+0000][1][safepoint    ] Application time: 0.0011381 seconds
[2019-12-09T02:04:36.169+0000][1][safepoint    ] Entering safepoint region: RevokeBias
[2019-12-09T02:04:36.169+0000][1][safepoint    ] Leaving safepoint region
[2019-12-09T02:04:36.169+0000][1][safepoint    ] Total time for which application threads were stopped: 0.0000808 seconds, Stopping threads took: 0.0000150 seconds
[2019-12-09T02:04:36.239+0000][1][safepoint    ] Application time: 0.0702055 seconds
[2019-12-09T02:04:36.239+0000][1][safepoint    ] Entering safepoint region: RevokeBias
[2019-12-09T02:04:36.240+0000][1][safepoint    ] Leaving safepoint region
[2019-12-09T02:04:36.240+0000][1][safepoint    ] Total time for which application threads were stopped: 0.0000974 seconds, Stopping threads took: 0.0000178 seconds
[2019-12-09T02:04:36.240+0000][1][safepoint    ] Application time: 0.0005040 seconds
[2019-12-09T02:04:36.240+0000][1][safepoint    ] Entering safepoint region: RevokeBias
[2019-12-09T02:04:36.240+0000][1][safepoint    ] Leaving safepoint region
[2019-12-09T02:04:36.240+0000][1][safepoint    ] Total time for which application threads were stopped: 0.0000730 seconds, Stopping threads took: 0.0000143 seconds
[2019-12-09T02:04:36.481+0000][1][safepoint    ] Application time: 0.2406656 seconds
[2019-12-09T02:04:36.545+0000][1][safepoint    ] Entering safepoint region: BulkRevokeBias
[2019-12-09T02:04:36.545+0000][1][safepoint    ] Leaving safepoint region
[2019-12-09T02:04:36.545+0000][1][safepoint    ] Total time for which application threads were stopped: 0.0643090 seconds, Stopping threads took: 0.0638986 seconds
[2019-12-09T02:04:36.546+0000][1][safepoint    ] Application time: 0.0005740 seconds
[2019-12-09T02:04:36.546+0000][1][safepoint    ] Entering safepoint region: RevokeBias
[2019-12-09T02:04:36.546+0000][1][safepoint    ] Leaving safepoint region
[2019-12-09T02:04:36.546+0000][1][safepoint    ] Total time for which application threads were stopped: 0.0000823 seconds, Stopping threads took: 0.0000162 seconds
[2019-12-09T02:04:36.549+0000][1][safepoint    ] Application time: 0.0029380 seconds
[2019-12-09T02:04:36.550+0000][1][safepoint    ] Entering safepoint region: RevokeBias
[2019-12-09T02:04:36.550+0000][1][safepoint    ] Leaving safepoint region
[2019-12-09T02:04:36.550+0000][1][safepoint    ] Total time for which application threads were stopped: 0.0008124 seconds, Stopping threads took: 0.0007536 seconds
[2019-12-09T02:04:36.551+0000][1][safepoint    ] Application time: 0.0015916 seconds
[2019-12-09T02:04:36.567+0000][1][safepoint    ] Entering safepoint region: RevokeBias
[2019-12-09T02:04:36.567+0000][1][safepoint    ] Leaving safepoint region
[2019-12-09T02:04:36.567+0000][1][safepoint    ] Total time for which application threads were stopped: 0.0154186 seconds, Stopping threads took: 0.0153398 seconds
[2019-12-09T02:04:36.584+0000][1][safepoint    ] Application time: 0.0170453 seconds
[2019-12-09T02:04:36.584+0000][1][safepoint    ] Entering safepoint region: RevokeBias
[2019-12-09T02:04:36.584+0000][1][safepoint    ] Leaving safepoint region
[2019-12-09T02:04:36.584+0000][1][safepoint    ] Total time for which application threads were stopped: 0.0001017 seconds, Stopping threads took: 0.0000177 seconds
[2019-12-09T02:04:36.584+0000][1][safepoint    ] Application time: 0.0002163 seconds
[2019-12-09T02:04:36.584+0000][1][safepoint    ] Entering safepoint region: RevokeBias
[2019-12-09T02:04:36.584+0000][1][safepoint    ] Leaving safepoint region
[2019-12-09T02:04:36.584+0000][1][safepoint    ] Total time for which application threads were stopped: 0.0000689 seconds, Stopping threads took: 0.0000113 seconds
[2019-12-09T02:04:36.586+0000][1][safepoint    ] Application time: 0.0018639 seconds
[2019-12-09T02:04:36.607+0000][1][safepoint    ] Entering safepoint region: RevokeBias
[2019-12-09T02:04:36.607+0000][1][safepoint    ] Leaving safepoint region
[2019-12-09T02:04:36.607+0000][1][safepoint    ] Total time for which application threads were stopped: 0.0214702 seconds, Stopping threads took: 0.0213852 seconds
[2019-12-09T02:04:36.609+0000][1][safepoint    ] Application time: 0.0010026 seconds
[2019-12-09T02:04:36.609+0000][1][safepoint    ] Entering safepoint region: RevokeBias
[2019-12-09T02:04:36.609+0000][1][safepoint    ] Leaving safepoint region
[2019-12-09T02:04:36.609+0000][1][safepoint    ] Total time for which application threads were stopped: 0.0001217 seconds, Stopping threads took: 0.0000123 seconds
[2019-12-09T02:04:36.609+0000][1][safepoint    ] Application time: 0.0003018 seconds
[2019-12-09T02:04:36.609+0000][1][safepoint    ] Entering safepoint region: RevokeBias
[2019-12-09T02:04:36.609+0000][1][safepoint    ] Leaving safepoint region
[2019-12-09T02:04:36.609+0000][1][safepoint    ] Total time for which application threads were stopped: 0.0005079 seconds, Stopping threads took: 0.0000108 seconds
[2019-12-09T02:04:36.786+0000][1][safepoint    ] Application time: 0.1763581 seconds
[2019-12-09T02:04:36.786+0000][1][safepoint    ] Entering safepoint region: RevokeBias
[2019-12-09T02:04:36.786+0000][1][safepoint    ] Leaving safepoint region
[2019-12-09T02:04:36.786+0000][1][safepoint    ] Total time for which application threads were stopped: 0.0001858 seconds, Stopping threads took: 0.0000919 seconds
[2019-12-09T02:04:36.846+0000][1][safepoint    ] Application time: 0.0603022 seconds
[2019-12-09T02:04:36.846+0000][1][safepoint    ] Entering safepoint region: RevokeBias
[2019-12-09T02:04:36.847+0000][1][safepoint    ] Leaving safepoint region
[2019-12-09T02:04:36.847+0000][1][safepoint    ] Total time for which application threads were stopped: 0.0001543 seconds, Stopping threads took: 0.0000200 seconds
[2019-12-09T02:04:36.868+0000][1][safepoint    ] Application time: 0.0210150 seconds
[2019-12-09T02:04:36.868+0000][1][safepoint    ] Entering safepoint region: RevokeBias
[2019-12-09T02:04:36.868+0000][1][safepoint    ] Leaving safepoint region
[2019-12-09T02:04:36.868+0000][1][safepoint    ] Total time for which application threads were stopped: 0.0001533 seconds, Stopping threads took: 0.0000517 seconds
[2019-12-09T02:04:36.972+0000][1][safepoint    ] Application time: 0.1042843 seconds
[2019-12-09T02:04:36.972+0000][1][safepoint    ] Entering safepoint region: RevokeBias
[2019-12-09T02:04:36.972+0000][1][safepoint    ] Leaving safepoint region
[2019-12-09T02:04:36.972+0000][1][safepoint    ] Total time for which application threads were stopped: 0.0001223 seconds, Stopping threads took: 0.0000193 seconds
[2019-12-09T02:04:36.990+0000][1][safepoint    ] Application time: 0.0175405 seconds
[2019-12-09T02:04:36.990+0000][1][safepoint    ] Entering safepoint region: RevokeBias
[2019-12-09T02:04:36.990+0000][1][safepoint    ] Leaving safepoint region
[2019-12-09T02:04:36.990+0000][1][safepoint    ] Total time for which application threads were stopped: 0.0001079 seconds, Stopping threads took: 0.0000178 seconds
[2019-12-09T02:04:36.990+0000][1][safepoint    ] Application time: 0.0000475 seconds
[2019-12-09T02:04:36.990+0000][1][safepoint    ] Entering safepoint region: RevokeBias
[2019-12-09T02:04:36.990+0000][1][safepoint    ] Leaving safepoint region
[2019-12-09T02:04:36.990+0000][1][safepoint    ] Total time for which application threads were stopped: 0.0000675 seconds, Stopping threads took: 0.0000161 seconds
[2019-12-09T02:04:36.991+0000][1][safepoint    ] Application time: 0.0011301 seconds
[2019-12-09T02:04:36.991+0000][1][safepoint    ] Entering safepoint region: RevokeBias
[2019-12-09T02:04:36.991+0000][1][safepoint    ] Leaving safepoint region
[2019-12-09T02:04:36.991+0000][1][safepoint    ] Total time for which application threads were stopped: 0.0000969 seconds, Stopping threads took: 0.0000178 seconds
[2019-12-09T02:04:36.991+0000][1][safepoint    ] Application time: 0.0001422 seconds
[2019-12-09T02:04:36.991+0000][1][safepoint    ] Entering safepoint region: RevokeBias
[2019-12-09T02:04:36.991+0000][1][safepoint    ] Leaving safepoint region
[2019-12-09T02:04:36.991+0000][1][safepoint    ] Total time for which application threads were stopped: 0.0000622 seconds, Stopping threads took: 0.0000106 seconds
[2019-12-09T02:04:36.992+0000][1][safepoint    ] Application time: 0.0000400 seconds
[2019-12-09T02:04:36.992+0000][1][safepoint    ] Entering safepoint region: RevokeBias
[2019-12-09T02:04:36.992+0000][1][safepoint    ] Leaving safepoint region
[2019-12-09T02:04:36.992+0000][1][safepoint    ] Total time for which application threads were stopped: 0.0000531 seconds, Stopping threads took: 0.0000093 seconds
[2019-12-09T02:04:37.548+0000][1][safepoint    ] Application time: 0.5559125 seconds
[2019-12-09T02:04:37.548+0000][1][safepoint    ] Entering safepoint region: RevokeBias
[2019-12-09T02:04:37.548+0000][1][safepoint    ] Leaving safepoint region
[2019-12-09T02:04:37.548+0000][1][safepoint    ] Total time for which application threads were stopped: 0.0001001 seconds, Stopping threads took: 0.0000202 seconds
[2019-12-09T02:04:37.548+0000][1][safepoint    ] Application time: 0.0000835 seconds
[2019-12-09T02:04:37.548+0000][1][safepoint    ] Entering safepoint region: RevokeBias
[2019-12-09T02:04:37.548+0000][1][safepoint    ] Leaving safepoint region
[2019-12-09T02:04:37.548+0000][1][safepoint    ] Total time for which application threads were stopped: 0.0000456 seconds, Stopping threads took: 0.0000086 seconds
[2019-12-09T02:04:37.774+0000][1][safepoint    ] Application time: 0.2261412 seconds
[2019-12-09T02:04:37.774+0000][1][safepoint    ] Entering safepoint region: RevokeBias
[2019-12-09T02:04:37.774+0000][1][safepoint    ] Leaving safepoint region
[2019-12-09T02:04:37.774+0000][1][safepoint    ] Total time for which application threads were stopped: 0.0002390 seconds, Stopping threads took: 0.0001467 seconds
[2019-12-09T02:04:37.786+0000][1][safepoint    ] Application time: 0.0119735 seconds
[2019-12-09T02:04:37.786+0000][1][safepoint    ] Entering safepoint region: RevokeBias
[2019-12-09T02:04:37.786+0000][1][safepoint    ] Leaving safepoint region
[2019-12-09T02:04:37.786+0000][1][safepoint    ] Total time for which application threads were stopped: 0.0000895 seconds, Stopping threads took: 0.0000178 seconds
[2019-12-09T02:04:37.787+0000][1][safepoint    ] Application time: 0.0002427 seconds
[2019-12-09T02:04:37.787+0000][1][safepoint    ] Entering safepoint region: RevokeBias
[2019-12-09T02:04:37.787+0000][1][safepoint    ] Leaving safepoint region
[2019-12-09T02:04:37.787+0000][1][safepoint    ] Total time for which application threads were stopped: 0.0000686 seconds, Stopping threads took: 0.0000139 seconds
[2019-12-09T02:04:37.788+0000][1][safepoint    ] Application time: 0.0008717 seconds
[2019-12-09T02:04:37.788+0000][1][safepoint    ] Entering safepoint region: RevokeBias
[2019-12-09T02:04:37.788+0000][1][safepoint    ] Leaving safepoint region
[2019-12-09T02:04:37.788+0000][1][safepoint    ] Total time for which application threads were stopped: 0.0000675 seconds, Stopping threads took: 0.0000136 seconds
[2019-12-09T02:04:37.788+0000][1][safepoint    ] Application time: 0.0001939 seconds
[2019-12-09T02:04:37.788+0000][1][safepoint    ] Entering safepoint region: RevokeBias
[2019-12-09T02:04:37.788+0000][1][safepoint    ] Leaving safepoint region
[2019-12-09T02:04:37.788+0000][1][safepoint    ] Total time for which application threads were stopped: 0.0000674 seconds, Stopping threads took: 0.0000168 seconds
[2019-12-09T02:04:37.790+0000][1][safepoint    ] Application time: 0.0017222 seconds
[2019-12-09T02:04:37.790+0000][1][safepoint    ] Entering safepoint region: RevokeBias
[2019-12-09T02:04:37.790+0000][1][safepoint    ] Leaving safepoint region
[2019-12-09T02:04:37.790+0000][1][safepoint    ] Total time for which application threads were stopped: 0.0000822 seconds, Stopping threads took: 0.0000138 seconds
[2019-12-09T02:04:37.790+0000][1][safepoint    ] Application time: 0.0002799 seconds
[2019-12-09T02:04:37.790+0000][1][safepoint    ] Entering safepoint region: RevokeBias
[2019-12-09T02:04:37.790+0000][1][safepoint    ] Leaving safepoint region
[2019-12-09T02:04:37.790+0000][1][safepoint    ] Total time for which application threads were stopped: 0.0000568 seconds, Stopping threads took: 0.0000128 seconds
[2019-12-09T02:04:37.806+0000][1][safepoint    ] Application time: 0.0154447 seconds
[2019-12-09T02:04:37.806+0000][1][safepoint    ] Entering safepoint region: RevokeBias
[2019-12-09T02:04:37.806+0000][1][safepoint    ] Leaving safepoint region
[2019-12-09T02:04:37.806+0000][1][safepoint    ] Total time for which application threads were stopped: 0.0000719 seconds, Stopping threads took: 0.0000140 seconds
[2019-12-09T02:04:37.808+0000][1][safepoint    ] Application time: 0.0019775 seconds
[2019-12-09T02:04:37.808+0000][1][safepoint    ] Entering safepoint region: RevokeBias
[2019-12-09T02:04:37.808+0000][1][safepoint    ] Leaving safepoint region
[2019-12-09T02:04:37.808+0000][1][safepoint    ] Total time for which application threads were stopped: 0.0000974 seconds, Stopping threads took: 0.0000146 seconds
[2019-12-09T02:04:38.460+0000][1][safepoint    ] Application time: 0.6520885 seconds
[2019-12-09T02:04:38.460+0000][1][safepoint    ] Entering safepoint region: Deoptimize
[2019-12-09T02:04:38.461+0000][1][safepoint    ] Leaving safepoint region
[2019-12-09T02:04:38.461+0000][1][safepoint    ] Total time for which application threads were stopped: 0.0007722 seconds, Stopping threads took: 0.0000192 seconds
[2019-12-09T02:04:38.778+0000][1][safepoint    ] Application time: 0.3170099 seconds
[2019-12-09T02:04:38.778+0000][1][safepoint    ] Entering safepoint region: BulkRevokeBias
[2019-12-09T02:04:38.778+0000][1][safepoint    ] Leaving safepoint region
[2019-12-09T02:04:38.778+0000][1][safepoint    ] Total time for which application threads were stopped: 0.0004879 seconds, Stopping threads took: 0.0000208 seconds
[2019-12-09T02:04:38.778+0000][1][safepoint    ] Application time: 0.0000635 seconds
[2019-12-09T02:04:38.778+0000][1][safepoint    ] Entering safepoint region: RevokeBias
[2019-12-09T02:04:38.778+0000][1][safepoint    ] Leaving safepoint region
[2019-12-09T02:04:38.778+0000][1][safepoint    ] Total time for which application threads were stopped: 0.0000770 seconds, Stopping threads took: 0.0000130 seconds
[2019-12-09T02:04:38.861+0000][1][safepoint    ] Application time: 0.0830395 seconds
[2019-12-09T02:04:38.861+0000][1][safepoint    ] Entering safepoint region: RevokeBias
[2019-12-09T02:04:38.862+0000][1][safepoint    ] Leaving safepoint region
[2019-12-09T02:04:38.862+0000][1][safepoint    ] Total time for which application threads were stopped: 0.0001037 seconds, Stopping threads took: 0.0000221 seconds
[2019-12-09T02:04:38.862+0000][1][safepoint    ] Application time: 0.0000835 seconds
[2019-12-09T02:04:38.862+0000][1][safepoint    ] Entering safepoint region: BulkRevokeBias
[2019-12-09T02:04:38.862+0000][1][safepoint    ] Leaving safepoint region
[2019-12-09T02:04:38.862+0000][1][safepoint    ] Total time for which application threads were stopped: 0.0004350 seconds, Stopping threads took: 0.0000096 seconds
[2019-12-09T02:04:38.862+0000][1][safepoint    ] Application time: 0.0002576 seconds
[2019-12-09T02:04:38.862+0000][1][safepoint    ] Entering safepoint region: RevokeBias
[2019-12-09T02:04:38.862+0000][1][safepoint    ] Leaving safepoint region
[2019-12-09T02:04:38.862+0000][1][safepoint    ] Total time for which application threads were stopped: 0.0000835 seconds, Stopping threads took: 0.0000221 seconds
[2019-12-09T02:04:39.171+0000][1][safepoint    ] Application time: 0.3082466 seconds
[2019-12-09T02:04:39.171+0000][1][safepoint    ] Entering safepoint region: RevokeBias
[2019-12-09T02:04:39.171+0000][1][safepoint    ] Leaving safepoint region
[2019-12-09T02:04:39.171+0000][1][safepoint    ] Total time for which application threads were stopped: 0.0001384 seconds, Stopping threads took: 0.0000236 seconds
[2019-12-09T02:04:39.181+0000][1][safepoint    ] Application time: 0.0100509 seconds
[2019-12-09T02:04:39.181+0000][1][safepoint    ] Entering safepoint region: RevokeBias
[2019-12-09T02:04:39.181+0000][1][safepoint    ] Leaving safepoint region
[2019-12-09T02:04:39.181+0000][1][safepoint    ] Total time for which application threads were stopped: 0.0000912 seconds, Stopping threads took: 0.0000197 seconds
[2019-12-09T02:04:39.201+0000][1][safepoint    ] Application time: 0.0199425 seconds
[2019-12-09T02:04:39.201+0000][1][safepoint    ] Entering safepoint region: RevokeBias
[2019-12-09T02:04:39.201+0000][1][safepoint    ] Leaving safepoint region
[2019-12-09T02:04:39.201+0000][1][safepoint    ] Total time for which application threads were stopped: 0.0000864 seconds, Stopping threads took: 0.0000187 seconds
[2019-12-09T02:04:39.201+0000][1][safepoint    ] Application time: 0.0000667 seconds
[2019-12-09T02:04:39.201+0000][1][safepoint    ] Entering safepoint region: RevokeBias
[2019-12-09T02:04:39.201+0000][1][safepoint    ] Leaving safepoint region
[2019-12-09T02:04:39.201+0000][1][safepoint    ] Total time for which application threads were stopped: 0.0000486 seconds, Stopping threads took: 0.0000103 seconds
[2019-12-09T02:04:39.201+0000][1][safepoint    ] Application time: 0.0000536 seconds
[2019-12-09T02:04:39.201+0000][1][safepoint    ] Entering safepoint region: RevokeBias
[2019-12-09T02:04:39.201+0000][1][safepoint    ] Leaving safepoint region
[2019-12-09T02:04:39.201+0000][1][safepoint    ] Total time for which application threads were stopped: 0.0000472 seconds, Stopping threads took: 0.0000098 seconds
[2019-12-09T02:04:39.201+0000][1][safepoint    ] Application time: 0.0000535 seconds
[2019-12-09T02:04:39.201+0000][1][safepoint    ] Entering safepoint region: RevokeBias
[2019-12-09T02:04:39.201+0000][1][safepoint    ] Leaving safepoint region
[2019-12-09T02:04:39.201+0000][1][safepoint    ] Total time for which application threads were stopped: 0.0000453 seconds, Stopping threads took: 0.0000099 seconds
[2019-12-09T02:04:39.202+0000][1][safepoint    ] Application time: 0.0000526 seconds
[2019-12-09T02:04:39.202+0000][1][safepoint    ] Entering safepoint region: RevokeBias
[2019-12-09T02:04:39.202+0000][1][safepoint    ] Leaving safepoint region
[2019-12-09T02:04:39.202+0000][1][safepoint    ] Total time for which application threads were stopped: 0.0000455 seconds, Stopping threads took: 0.0000092 seconds
[2019-12-09T02:04:39.202+0000][1][safepoint    ] Application time: 0.0000489 seconds
[2019-12-09T02:04:39.202+0000][1][safepoint    ] Entering safepoint region: RevokeBias
[2019-12-09T02:04:39.202+0000][1][safepoint    ] Leaving safepoint region
[2019-12-09T02:04:39.202+0000][1][safepoint    ] Total time for which application threads were stopped: 0.0000457 seconds, Stopping threads took: 0.0000096 seconds
[2019-12-09T02:04:39.202+0000][1][safepoint    ] Application time: 0.0000463 seconds
[2019-12-09T02:04:39.202+0000][1][safepoint    ] Entering safepoint region: RevokeBias
[2019-12-09T02:04:39.202+0000][1][safepoint    ] Leaving safepoint region
[2019-12-09T02:04:39.202+0000][1][safepoint    ] Total time for which application threads were stopped: 0.0000363 seconds, Stopping threads took: 0.0000076 seconds
[2019-12-09T02:04:39.202+0000][1][safepoint    ] Application time: 0.0000425 seconds
[2019-12-09T02:04:39.202+0000][1][safepoint    ] Entering safepoint region: RevokeBias
[2019-12-09T02:04:39.202+0000][1][safepoint    ] Leaving safepoint region
[2019-12-09T02:04:39.202+0000][1][safepoint    ] Total time for which application threads were stopped: 0.0000368 seconds, Stopping threads took: 0.0000078 seconds
[2019-12-09T02:04:39.390+0000][1][safepoint    ] Application time: 0.1875861 seconds
[2019-12-09T02:04:39.390+0000][1][safepoint    ] Entering safepoint region: RevokeBias
[2019-12-09T02:04:39.390+0000][1][safepoint    ] Leaving safepoint region
[2019-12-09T02:04:39.390+0000][1][safepoint    ] Total time for which application threads were stopped: 0.0000994 seconds, Stopping threads took: 0.0000211 seconds
[2019-12-09T02:04:39.465+0000][1][safepoint    ] Application time: 0.0758009 seconds
[2019-12-09T02:04:39.466+0000][1][safepoint    ] Entering safepoint region: RevokeBias
[2019-12-09T02:04:39.466+0000][1][safepoint    ] Leaving safepoint region
[2019-12-09T02:04:39.466+0000][1][safepoint    ] Total time for which application threads were stopped: 0.0000989 seconds, Stopping threads took: 0.0000196 seconds
[2019-12-09T02:04:39.489+0000][1][safepoint    ] Application time: 0.0230724 seconds
[2019-12-09T02:04:39.489+0000][1][safepoint    ] Entering safepoint region: RevokeBias
[2019-12-09T02:04:39.489+0000][1][safepoint    ] Leaving safepoint region
[2019-12-09T02:04:39.489+0000][1][safepoint    ] Total time for which application threads were stopped: 0.0001122 seconds, Stopping threads took: 0.0000200 seconds
[2019-12-09T02:04:40.491+0000][1][safepoint    ] Application time: 1.0018669 seconds
[2019-12-09T02:04:40.491+0000][1][safepoint    ] Entering safepoint region: Cleanup
[2019-12-09T02:04:40.491+0000][1][safepoint    ] Leaving safepoint region
[2019-12-09T02:04:40.491+0000][1][safepoint    ] Total time for which application threads were stopped: 0.0001105 seconds, Stopping threads took: 0.0000246 seconds
[2019-12-09T02:04:41.491+0000][1][safepoint    ] Application time: 1.0005226 seconds
[2019-12-09T02:04:41.491+0000][1][safepoint    ] Entering safepoint region: Cleanup
[2019-12-09T02:04:41.492+0000][1][safepoint    ] Leaving safepoint region
[2019-12-09T02:04:41.492+0000][1][safepoint    ] Total time for which application threads were stopped: 0.0001086 seconds, Stopping threads took: 0.0000202 seconds
[2019-12-09T02:04:41.512+0000][1][safepoint    ] Application time: 0.0205533 seconds
[2019-12-09T02:04:41.512+0000][1][safepoint    ] Entering safepoint region: RevokeBias
[2019-12-09T02:04:41.512+0000][1][safepoint    ] Leaving safepoint region
[2019-12-09T02:04:41.512+0000][1][safepoint    ] Total time for which application threads were stopped: 0.0001001 seconds, Stopping threads took: 0.0000192 seconds
[2019-12-09T02:04:41.514+0000][1][safepoint    ] Application time: 0.0019607 seconds
[2019-12-09T02:04:41.514+0000][1][safepoint    ] Entering safepoint region: RevokeBias
[2019-12-09T02:04:41.514+0000][1][safepoint    ] Leaving safepoint region
[2019-12-09T02:04:41.514+0000][1][safepoint    ] Total time for which application threads were stopped: 0.0000849 seconds, Stopping threads took: 0.0000191 seconds
[2019-12-09T02:04:41.515+0000][1][safepoint    ] Application time: 0.0006176 seconds
[2019-12-09T02:04:41.515+0000][1][safepoint    ] Entering safepoint region: RevokeBias
[2019-12-09T02:04:41.515+0000][1][safepoint    ] Leaving safepoint region
[2019-12-09T02:04:41.515+0000][1][safepoint    ] Total time for which application threads were stopped: 0.0000630 seconds, Stopping threads took: 0.0000145 seconds
[2019-12-09T02:04:42.531+0000][1][safepoint    ] Application time: 1.0156818 seconds
[2019-12-09T02:04:42.558+0000][1][safepoint    ] Entering safepoint region: Cleanup
[2019-12-09T02:04:42.558+0000][1][safepoint    ] Leaving safepoint region
[2019-12-09T02:04:42.558+0000][1][safepoint    ] Total time for which application threads were stopped: 0.0275709 seconds, Stopping threads took: 0.0274646 seconds
[2019-12-09T02:04:43.563+0000][1][safepoint    ] Application time: 1.0043556 seconds
[2019-12-09T02:04:43.563+0000][1][safepoint    ] Entering safepoint region: Cleanup
[2019-12-09T02:04:43.563+0000][1][safepoint    ] Leaving safepoint region
[2019-12-09T02:04:43.563+0000][1][safepoint    ] Total time for which application threads were stopped: 0.0001256 seconds, Stopping threads took: 0.0000317 seconds
[2019-12-09T02:04:44.567+0000][1][safepoint    ] Application time: 1.0038214 seconds
[2019-12-09T02:04:44.567+0000][1][safepoint    ] Entering safepoint region: Cleanup
[2019-12-09T02:04:44.567+0000][1][safepoint    ] Leaving safepoint region
[2019-12-09T02:04:44.567+0000][1][safepoint    ] Total time for which application threads were stopped: 0.0001081 seconds, Stopping threads took: 0.0000258 seconds
[2019-12-09T02:04:45.569+0000][1][safepoint    ] Application time: 1.0018448 seconds
[2019-12-09T02:04:45.569+0000][1][safepoint    ] Entering safepoint region: Cleanup
[2019-12-09T02:04:45.569+0000][1][safepoint    ] Leaving safepoint region
[2019-12-09T02:04:45.569+0000][1][safepoint    ] Total time for which application threads were stopped: 0.0001063 seconds, Stopping threads took: 0.0000236 seconds
[2019-12-09T02:04:46.573+0000][1][safepoint    ] Application time: 1.0039435 seconds
[2019-12-09T02:04:46.573+0000][1][safepoint    ] Entering safepoint region: Cleanup
[2019-12-09T02:04:46.573+0000][1][safepoint    ] Leaving safepoint region
[2019-12-09T02:04:46.573+0000][1][safepoint    ] Total time for which application threads were stopped: 0.0001126 seconds, Stopping threads took: 0.0000250 seconds
[2019-12-09T02:04:47.575+0000][1][safepoint    ] Application time: 1.0018369 seconds
[2019-12-09T02:04:47.575+0000][1][safepoint    ] Entering safepoint region: Cleanup
[2019-12-09T02:04:47.575+0000][1][safepoint    ] Leaving safepoint region
[2019-12-09T02:04:47.575+0000][1][safepoint    ] Total time for which application threads were stopped: 0.0001109 seconds, Stopping threads took: 0.0000252 seconds
[2019-12-09T02:04:48.576+0000][1][safepoint    ] Application time: 1.0007338 seconds
[2019-12-09T02:04:48.576+0000][1][safepoint    ] Entering safepoint region: Cleanup
[2019-12-09T02:04:48.576+0000][1][safepoint    ] Leaving safepoint region
[2019-12-09T02:04:48.576+0000][1][safepoint    ] Total time for which application threads were stopped: 0.0001117 seconds, Stopping threads took: 0.0000241 seconds
[2019-12-09T02:04:49.580+0000][1][safepoint    ] Application time: 1.0039703 seconds
[2019-12-09T02:04:49.580+0000][1][safepoint    ] Entering safepoint region: Cleanup
[2019-12-09T02:04:49.580+0000][1][safepoint    ] Leaving safepoint region
[2019-12-09T02:04:49.580+0000][1][safepoint    ] Total time for which application threads were stopped: 0.0001147 seconds, Stopping threads took: 0.0000236 seconds
[2019-12-09T02:04:50.581+0000][1][safepoint    ] Application time: 1.0006892 seconds
[2019-12-09T02:04:50.581+0000][1][safepoint    ] Entering safepoint region: Cleanup
[2019-12-09T02:04:50.581+0000][1][safepoint    ] Leaving safepoint region
[2019-12-09T02:04:50.581+0000][1][safepoint    ] Total time for which application threads were stopped: 0.0001387 seconds, Stopping threads took: 0.0000254 seconds
[2019-12-09T02:04:51.586+0000][1][safepoint    ] Application time: 1.0048067 seconds
[2019-12-09T02:04:51.586+0000][1][safepoint    ] Entering safepoint region: Cleanup
[2019-12-09T02:04:51.586+0000][1][safepoint    ] Leaving safepoint region
[2019-12-09T02:04:51.586+0000][1][safepoint    ] Total time for which application threads were stopped: 0.0001176 seconds, Stopping threads took: 0.0000275 seconds
[2019-12-09T02:04:52.587+0000][1][safepoint    ] Application time: 1.0008226 seconds
[2019-12-09T02:04:52.587+0000][1][safepoint    ] Entering safepoint region: Cleanup
[2019-12-09T02:04:52.587+0000][1][safepoint    ] Leaving safepoint region
[2019-12-09T02:04:52.587+0000][1][safepoint    ] Total time for which application threads were stopped: 0.0000990 seconds, Stopping threads took: 0.0000239 seconds
[2019-12-09T02:04:53.589+0000][1][safepoint    ] Application time: 1.0018498 seconds
[2019-12-09T02:04:53.589+0000][1][safepoint    ] Entering safepoint region: Cleanup
[2019-12-09T02:04:53.589+0000][1][safepoint    ] Leaving safepoint region
[2019-12-09T02:04:53.589+0000][1][safepoint    ] Total time for which application threads were stopped: 0.0001164 seconds, Stopping threads took: 0.0000383 seconds
[2019-12-09T02:04:54.590+0000][1][safepoint    ] Application time: 1.0008425 seconds
[2019-12-09T02:04:54.590+0000][1][safepoint    ] Entering safepoint region: Cleanup
[2019-12-09T02:04:54.590+0000][1][safepoint    ] Leaving safepoint region
[2019-12-09T02:04:54.590+0000][1][safepoint    ] Total time for which application threads were stopped: 0.0001117 seconds, Stopping threads took: 0.0000273 seconds
[2019-12-09T02:04:54.625+0000][1][safepoint    ] Application time: 0.0351396 seconds
[2019-12-09T02:04:54.625+0000][1][safepoint    ] Entering safepoint region: GenCollectForAllocation
[2019-12-09T02:04:54.625+0000][1][gc,start     ] GC(23) Pause Young (Allocation Failure)
[2019-12-09T02:04:54.625+0000][1][gc,task      ] GC(23) Using 2 workers of 2 for evacuation
[2019-12-09T02:04:54.746+0000][1][gc,age       ] GC(23) Desired survivor size 4456448 bytes, new threshold 2 (max threshold 6)
[2019-12-09T02:04:54.746+0000][1][gc,age       ] GC(23) Age table with threshold 2 (max threshold 6)
[2019-12-09T02:04:54.746+0000][1][gc,age       ] GC(23) - age   1:    1891208 bytes,    1891208 total
[2019-12-09T02:04:54.746+0000][1][gc,age       ] GC(23) - age   2:    3628784 bytes,    5519992 total
[2019-12-09T02:04:54.746+0000][1][gc,heap      ] GC(23) ParNew: 78656K->8704K(78656K)
[2019-12-09T02:04:54.746+0000][1][gc,heap      ] GC(23) CMS: 59968K->64123K(174784K)
[2019-12-09T02:04:54.746+0000][1][gc,metaspace ] GC(23) Metaspace: 68292K->68292K(1112064K)
[2019-12-09T02:04:54.746+0000][1][gc           ] GC(23) Pause Young (Allocation Failure) 135M->71M(247M) 121.257ms
[2019-12-09T02:04:54.746+0000][1][gc,cpu       ] GC(23) User=0.05s Sys=0.00s Real=0.12s
[2019-12-09T02:04:54.747+0000][1][safepoint    ] Leaving safepoint region
[2019-12-09T02:04:54.747+0000][1][safepoint    ] Total time for which application threads were stopped: 0.1214644 seconds, Stopping threads took: 0.0000203 seconds
[2019-12-09T02:04:55.748+0000][1][safepoint    ] Application time: 1.0012005 seconds
[2019-12-09T02:04:55.748+0000][1][safepoint    ] Entering safepoint region: Cleanup
[2019-12-09T02:04:55.748+0000][1][safepoint    ] Leaving safepoint region
[2019-12-09T02:04:55.748+0000][1][safepoint    ] Total time for which application threads were stopped: 0.0001256 seconds, Stopping threads took: 0.0000264 seconds
[2019-12-09T02:04:56.750+0000][1][safepoint    ] Application time: 1.0018157 seconds
[2019-12-09T02:04:56.750+0000][1][safepoint    ] Entering safepoint region: Cleanup
[2019-12-09T02:04:56.750+0000][1][safepoint    ] Leaving safepoint region
[2019-12-09T02:04:56.750+0000][1][safepoint    ] Total time for which application threads were stopped: 0.0001240 seconds, Stopping threads took: 0.0000265 seconds
[2019-12-09T02:04:57.751+0000][1][safepoint    ] Application time: 1.0008239 seconds
[2019-12-09T02:04:57.751+0000][1][safepoint    ] Entering safepoint region: Cleanup
[2019-12-09T02:04:57.751+0000][1][safepoint    ] Leaving safepoint region
[2019-12-09T02:04:57.751+0000][1][safepoint    ] Total time for which application threads were stopped: 0.0001193 seconds, Stopping threads took: 0.0000285 seconds
[2019-12-09T02:04:58.753+0000][1][safepoint    ] Application time: 1.0018288 seconds
[2019-12-09T02:04:58.753+0000][1][safepoint    ] Entering safepoint region: Cleanup
[2019-12-09T02:04:58.753+0000][1][safepoint    ] Leaving safepoint region
[2019-12-09T02:04:58.753+0000][1][safepoint    ] Total time for which application threads were stopped: 0.0001395 seconds, Stopping threads took: 0.0000277 seconds
[2019-12-09T02:04:59.757+0000][1][safepoint    ] Application time: 1.0037949 seconds
[2019-12-09T02:04:59.757+0000][1][safepoint    ] Entering safepoint region: Cleanup
[2019-12-09T02:04:59.757+0000][1][safepoint    ] Leaving safepoint region
[2019-12-09T02:04:59.757+0000][1][safepoint    ] Total time for which application threads were stopped: 0.0001380 seconds, Stopping threads took: 0.0000419 seconds
[2019-12-09T02:05:00.758+0000][1][safepoint    ] Application time: 1.0008031 seconds
[2019-12-09T02:05:00.758+0000][1][safepoint    ] Entering safepoint region: Cleanup
[2019-12-09T02:05:00.758+0000][1][safepoint    ] Leaving safepoint region
[2019-12-09T02:05:00.758+0000][1][safepoint    ] Total time for which application threads were stopped: 0.0001449 seconds, Stopping threads took: 0.0000363 seconds
[2019-12-09T02:05:01.763+0000][1][safepoint    ] Application time: 1.0047774 seconds
[2019-12-09T02:05:01.763+0000][1][safepoint    ] Entering safepoint region: Cleanup
[2019-12-09T02:05:01.763+0000][1][safepoint    ] Leaving safepoint region
[2019-12-09T02:05:01.763+0000][1][safepoint    ] Total time for which application threads were stopped: 0.0001253 seconds, Stopping threads took: 0.0000254 seconds
[2019-12-09T02:05:02.764+0000][1][safepoint    ] Application time: 1.0008221 seconds
[2019-12-09T02:05:02.764+0000][1][safepoint    ] Entering safepoint region: Cleanup
[2019-12-09T02:05:02.764+0000][1][safepoint    ] Leaving safepoint region
[2019-12-09T02:05:02.764+0000][1][safepoint    ] Total time for which application threads were stopped: 0.0001291 seconds, Stopping threads took: 0.0000289 seconds
[2019-12-09T02:05:03.766+0000][1][safepoint    ] Application time: 1.0018054 seconds
[2019-12-09T02:05:03.766+0000][1][safepoint    ] Entering safepoint region: Cleanup
[2019-12-09T02:05:03.766+0000][1][safepoint    ] Leaving safepoint region
[2019-12-09T02:05:03.766+0000][1][safepoint    ] Total time for which application threads were stopped: 0.0001340 seconds, Stopping threads took: 0.0000308 seconds
[2019-12-09T02:05:04.767+0000][1][safepoint    ] Application time: 1.0008573 seconds
[2019-12-09T02:05:04.767+0000][1][safepoint    ] Entering safepoint region: Cleanup
[2019-12-09T02:05:04.767+0000][1][safepoint    ] Leaving safepoint region
[2019-12-09T02:05:04.767+0000][1][safepoint    ] Total time for which application threads were stopped: 0.0001296 seconds, Stopping threads took: 0.0000267 seconds
[2019-12-09T02:05:05.768+0000][1][safepoint    ] Application time: 1.0008191 seconds
[2019-12-09T02:05:05.768+0000][1][safepoint    ] Entering safepoint region: Cleanup
[2019-12-09T02:05:05.768+0000][1][safepoint    ] Leaving safepoint region
[2019-12-09T02:05:05.768+0000][1][safepoint    ] Total time for which application threads were stopped: 0.0001495 seconds, Stopping threads took: 0.0000305 seconds
[2019-12-09T02:05:06.768+0000][1][safepoint    ] Application time: 1.0000874 seconds
[2019-12-09T02:05:06.768+0000][1][safepoint    ] Entering safepoint region: Cleanup
[2019-12-09T02:05:06.768+0000][1][safepoint    ] Leaving safepoint region
[2019-12-09T02:05:06.768+0000][1][safepoint    ] Total time for which application threads were stopped: 0.0001187 seconds, Stopping threads took: 0.0000244 seconds
[2019-12-09T02:05:07.768+0000][1][safepoint    ] Application time: 1.0000756 seconds
[2019-12-09T02:05:07.768+0000][1][safepoint    ] Entering safepoint region: Cleanup
[2019-12-09T02:05:07.768+0000][1][safepoint    ] Leaving safepoint region
[2019-12-09T02:05:07.768+0000][1][safepoint    ] Total time for which application threads were stopped: 0.0000898 seconds, Stopping threads took: 0.0000193 seconds
[2019-12-09T02:05:08.769+0000][1][safepoint    ] Application time: 1.0000750 seconds
[2019-12-09T02:05:08.769+0000][1][safepoint    ] Entering safepoint region: Cleanup
[2019-12-09T02:05:08.769+0000][1][safepoint    ] Leaving safepoint region
[2019-12-09T02:05:08.769+0000][1][safepoint    ] Total time for which application threads were stopped: 0.0000815 seconds, Stopping threads took: 0.0000182 seconds
[2019-12-09T02:05:09.769+0000][1][safepoint    ] Application time: 1.0000748 seconds
[2019-12-09T02:05:09.769+0000][1][safepoint    ] Entering safepoint region: Cleanup
[2019-12-09T02:05:09.769+0000][1][safepoint    ] Leaving safepoint region
[2019-12-09T02:05:09.769+0000][1][safepoint    ] Total time for which application threads were stopped: 0.0000909 seconds, Stopping threads took: 0.0000213 seconds
[2019-12-09T02:05:10.769+0000][1][safepoint    ] Application time: 1.0000764 seconds
[2019-12-09T02:05:10.769+0000][1][safepoint    ] Entering safepoint region: Cleanup
[2019-12-09T02:05:10.769+0000][1][safepoint    ] Leaving safepoint region
[2019-12-09T02:05:10.769+0000][1][safepoint    ] Total time for which application threads were stopped: 0.0000836 seconds, Stopping threads took: 0.0000180 seconds
[2019-12-09T02:05:11.769+0000][1][safepoint    ] Application time: 1.0000752 seconds
[2019-12-09T02:05:11.769+0000][1][safepoint    ] Entering safepoint region: Cleanup
[2019-12-09T02:05:11.769+0000][1][safepoint    ] Leaving safepoint region
[2019-12-09T02:05:11.769+0000][1][safepoint    ] Total time for which application threads were stopped: 0.0000861 seconds, Stopping threads took: 0.0000191 seconds
[2019-12-09T02:05:12.769+0000][1][safepoint    ] Application time: 1.0000762 seconds
[2019-12-09T02:05:12.769+0000][1][safepoint    ] Entering safepoint region: Cleanup
[2019-12-09T02:05:12.769+0000][1][safepoint    ] Leaving safepoint region
[2019-12-09T02:05:12.769+0000][1][safepoint    ] Total time for which application threads were stopped: 0.0000869 seconds, Stopping threads took: 0.0000182 seconds
[2019-12-09T02:05:13.770+0000][1][safepoint    ] Application time: 1.0000755 seconds
[2019-12-09T02:05:13.770+0000][1][safepoint    ] Entering safepoint region: Cleanup
[2019-12-09T02:05:13.770+0000][1][safepoint    ] Leaving safepoint region
[2019-12-09T02:05:13.770+0000][1][safepoint    ] Total time for which application threads were stopped: 0.0000935 seconds, Stopping threads took: 0.0000179 seconds
[2019-12-09T02:05:14.770+0000][1][safepoint    ] Application time: 1.0000769 seconds
[2019-12-09T02:05:14.770+0000][1][safepoint    ] Entering safepoint region: Cleanup
[2019-12-09T02:05:14.770+0000][1][safepoint    ] Leaving safepoint region
[2019-12-09T02:05:14.770+0000][1][safepoint    ] Total time for which application threads were stopped: 0.0000890 seconds, Stopping threads took: 0.0000186 seconds
[2019-12-09T02:05:15.773+0000][1][safepoint    ] Application time: 1.0028014 seconds
[2019-12-09T02:05:15.773+0000][1][safepoint    ] Entering safepoint region: Cleanup
[2019-12-09T02:05:15.773+0000][1][safepoint    ] Leaving safepoint region
[2019-12-09T02:05:15.773+0000][1][safepoint    ] Total time for which application threads were stopped: 0.0001450 seconds, Stopping threads took: 0.0000301 seconds
[2019-12-09T02:05:16.773+0000][1][safepoint    ] Application time: 1.0000787 seconds
[2019-12-09T02:05:16.773+0000][1][safepoint    ] Entering safepoint region: Cleanup
[2019-12-09T02:05:16.773+0000][1][safepoint    ] Leaving safepoint region
[2019-12-09T02:05:16.773+0000][1][safepoint    ] Total time for which application threads were stopped: 0.0000977 seconds, Stopping threads took: 0.0000199 seconds
[2019-12-09T02:05:17.773+0000][1][safepoint    ] Application time: 1.0000757 seconds
[2019-12-09T02:05:17.773+0000][1][safepoint    ] Entering safepoint region: Cleanup
[2019-12-09T02:05:17.773+0000][1][safepoint    ] Leaving safepoint region
[2019-12-09T02:05:17.773+0000][1][safepoint    ] Total time for which application threads were stopped: 0.0000820 seconds, Stopping threads took: 0.0000176 seconds
[2019-12-09T02:05:18.773+0000][1][safepoint    ] Application time: 1.0000750 seconds
[2019-12-09T02:05:18.773+0000][1][safepoint    ] Entering safepoint region: Cleanup
[2019-12-09T02:05:18.774+0000][1][safepoint    ] Leaving safepoint region
[2019-12-09T02:05:18.774+0000][1][safepoint    ] Total time for which application threads were stopped: 0.0000931 seconds, Stopping threads took: 0.0000195 seconds
[2019-12-09T02:05:19.774+0000][1][safepoint    ] Application time: 1.0000775 seconds
[2019-12-09T02:05:19.774+0000][1][safepoint    ] Entering safepoint region: Cleanup
[2019-12-09T02:05:19.774+0000][1][safepoint    ] Leaving safepoint region
[2019-12-09T02:05:19.774+0000][1][safepoint    ] Total time for which application threads were stopped: 0.0001002 seconds, Stopping threads took: 0.0000302 seconds
[2019-12-09T02:05:20.774+0000][1][safepoint    ] Application time: 1.0000755 seconds
[2019-12-09T02:05:20.774+0000][1][safepoint    ] Entering safepoint region: Cleanup
[2019-12-09T02:05:20.774+0000][1][safepoint    ] Leaving safepoint region
[2019-12-09T02:05:20.774+0000][1][safepoint    ] Total time for which application threads were stopped: 0.0000957 seconds, Stopping threads took: 0.0000196 seconds
[2019-12-09T02:05:21.774+0000][1][safepoint    ] Application time: 1.0000763 seconds
[2019-12-09T02:05:21.774+0000][1][safepoint    ] Entering safepoint region: Cleanup
[2019-12-09T02:05:21.774+0000][1][safepoint    ] Leaving safepoint region
[2019-12-09T02:05:21.774+0000][1][safepoint    ] Total time for which application threads were stopped: 0.0000925 seconds, Stopping threads took: 0.0000193 seconds
[2019-12-09T02:05:22.774+0000][1][safepoint    ] Application time: 1.0000762 seconds
[2019-12-09T02:05:22.774+0000][1][safepoint    ] Entering safepoint region: Cleanup
[2019-12-09T02:05:22.774+0000][1][safepoint    ] Leaving safepoint region
[2019-12-09T02:05:22.774+0000][1][safepoint    ] Total time for which application threads were stopped: 0.0000849 seconds, Stopping threads took: 0.0000192 seconds
[2019-12-09T02:05:23.774+0000][1][safepoint    ] Application time: 1.0000781 seconds
[2019-12-09T02:05:23.775+0000][1][safepoint    ] Entering safepoint region: Cleanup
[2019-12-09T02:05:23.775+0000][1][safepoint    ] Leaving safepoint region
[2019-12-09T02:05:23.775+0000][1][safepoint    ] Total time for which application threads were stopped: 0.0000851 seconds, Stopping threads took: 0.0000194 seconds
[2019-12-09T02:05:24.775+0000][1][safepoint    ] Application time: 1.0000782 seconds
[2019-12-09T02:05:24.775+0000][1][safepoint    ] Entering safepoint region: Cleanup
[2019-12-09T02:05:24.775+0000][1][safepoint    ] Leaving safepoint region
[2019-12-09T02:05:24.775+0000][1][safepoint    ] Total time for which application threads were stopped: 0.0000895 seconds, Stopping threads took: 0.0000201 seconds
[2019-12-09T02:05:25.775+0000][1][safepoint    ] Application time: 1.0000761 seconds
[2019-12-09T02:05:25.775+0000][1][safepoint    ] Entering safepoint region: Cleanup
[2019-12-09T02:05:25.775+0000][1][safepoint    ] Leaving safepoint region
[2019-12-09T02:05:25.775+0000][1][safepoint    ] Total time for which application threads were stopped: 0.0000908 seconds, Stopping threads took: 0.0000185 seconds
[2019-12-09T02:05:26.775+0000][1][safepoint    ] Application time: 1.0000781 seconds
[2019-12-09T02:05:26.775+0000][1][safepoint    ] Entering safepoint region: Cleanup
[2019-12-09T02:05:26.775+0000][1][safepoint    ] Leaving safepoint region
[2019-12-09T02:05:26.775+0000][1][safepoint    ] Total time for which application threads were stopped: 0.0000871 seconds, Stopping threads took: 0.0000180 seconds
[2019-12-09T02:05:27.775+0000][1][safepoint    ] Application time: 1.0000779 seconds
[2019-12-09T02:05:27.775+0000][1][safepoint    ] Entering safepoint region: Cleanup
[2019-12-09T02:05:27.775+0000][1][safepoint    ] Leaving safepoint region
[2019-12-09T02:05:27.775+0000][1][safepoint    ] Total time for which application threads were stopped: 0.0000864 seconds, Stopping threads took: 0.0000191 seconds
[2019-12-09T02:05:28.776+0000][1][safepoint    ] Application time: 1.0000765 seconds
[2019-12-09T02:05:28.776+0000][1][safepoint    ] Entering safepoint region: Cleanup
[2019-12-09T02:05:28.776+0000][1][safepoint    ] Leaving safepoint region
[2019-12-09T02:05:28.776+0000][1][safepoint    ] Total time for which application threads were stopped: 0.0000906 seconds, Stopping threads took: 0.0000192 seconds
[2019-12-09T02:05:29.776+0000][1][safepoint    ] Application time: 1.0000863 seconds
[2019-12-09T02:05:29.776+0000][1][safepoint    ] Entering safepoint region: Cleanup
[2019-12-09T02:05:29.776+0000][1][safepoint    ] Leaving safepoint region
[2019-12-09T02:05:29.776+0000][1][safepoint    ] Total time for which application threads were stopped: 0.0000950 seconds, Stopping threads took: 0.0000184 seconds
[2019-12-09T02:05:30.776+0000][1][safepoint    ] Application time: 1.0000767 seconds
[2019-12-09T02:05:30.776+0000][1][safepoint    ] Entering safepoint region: Cleanup
[2019-12-09T02:05:30.776+0000][1][safepoint    ] Leaving safepoint region
[2019-12-09T02:05:30.776+0000][1][safepoint    ] Total time for which application threads were stopped: 0.0001014 seconds, Stopping threads took: 0.0000235 seconds
[2019-12-09T02:05:31.776+0000][1][safepoint    ] Application time: 1.0000767 seconds
[2019-12-09T02:05:31.776+0000][1][safepoint    ] Entering safepoint region: Cleanup
[2019-12-09T02:05:31.776+0000][1][safepoint    ] Leaving safepoint region
[2019-12-09T02:05:31.776+0000][1][safepoint    ] Total time for which application threads were stopped: 0.0000947 seconds, Stopping threads took: 0.0000183 seconds
[2019-12-09T02:05:32.776+0000][1][safepoint    ] Application time: 1.0000751 seconds
[2019-12-09T02:05:32.776+0000][1][safepoint    ] Entering safepoint region: Cleanup
[2019-12-09T02:05:32.777+0000][1][safepoint    ] Leaving safepoint region
[2019-12-09T02:05:32.777+0000][1][safepoint    ] Total time for which application threads were stopped: 0.0000948 seconds, Stopping threads took: 0.0000189 seconds
[2019-12-09T02:05:33.777+0000][1][safepoint    ] Application time: 1.0000755 seconds
[2019-12-09T02:05:33.777+0000][1][safepoint    ] Entering safepoint region: Cleanup
[2019-12-09T02:05:33.777+0000][1][safepoint    ] Leaving safepoint region
[2019-12-09T02:05:33.777+0000][1][safepoint    ] Total time for which application threads were stopped: 0.0000950 seconds, Stopping threads took: 0.0000193 seconds
[2019-12-09T02:05:34.777+0000][1][safepoint    ] Application time: 1.0000755 seconds
[2019-12-09T02:05:34.777+0000][1][safepoint    ] Entering safepoint region: Cleanup
[2019-12-09T02:05:34.777+0000][1][safepoint    ] Leaving safepoint region
[2019-12-09T02:05:34.777+0000][1][safepoint    ] Total time for which application threads were stopped: 0.0000837 seconds, Stopping threads took: 0.0000183 seconds
[2019-12-09T02:05:35.777+0000][1][safepoint    ] Application time: 1.0000777 seconds
[2019-12-09T02:05:35.777+0000][1][safepoint    ] Entering safepoint region: Cleanup
[2019-12-09T02:05:35.777+0000][1][safepoint    ] Leaving safepoint region
[2019-12-09T02:05:35.777+0000][1][safepoint    ] Total time for which application threads were stopped: 0.0000832 seconds, Stopping threads took: 0.0000182 seconds
[2019-12-09T02:05:36.777+0000][1][safepoint    ] Application time: 1.0000761 seconds
[2019-12-09T02:05:36.777+0000][1][safepoint    ] Entering safepoint region: Cleanup
[2019-12-09T02:05:36.777+0000][1][safepoint    ] Leaving safepoint region
[2019-12-09T02:05:36.777+0000][1][safepoint    ] Total time for which application threads were stopped: 0.0000845 seconds, Stopping threads took: 0.0000167 seconds
[2019-12-09T02:05:39.778+0000][1][safepoint    ] Application time: 3.0002091 seconds
[2019-12-09T02:05:39.778+0000][1][safepoint    ] Entering safepoint region: Cleanup
[2019-12-09T02:05:39.778+0000][1][safepoint    ] Leaving safepoint region
[2019-12-09T02:05:39.778+0000][1][safepoint    ] Total time for which application threads were stopped: 0.0000946 seconds, Stopping threads took: 0.0000179 seconds
[2019-12-09T02:05:40.778+0000][1][safepoint    ] Application time: 1.0000753 seconds
[2019-12-09T02:05:40.778+0000][1][safepoint    ] Entering safepoint region: Cleanup
[2019-12-09T02:05:40.778+0000][1][safepoint    ] Leaving safepoint region
[2019-12-09T02:05:40.778+0000][1][safepoint    ] Total time for which application threads were stopped: 0.0000877 seconds, Stopping threads took: 0.0000198 seconds
[2019-12-09T02:05:41.778+0000][1][safepoint    ] Application time: 1.0000768 seconds
[2019-12-09T02:05:41.778+0000][1][safepoint    ] Entering safepoint region: Cleanup
[2019-12-09T02:05:41.778+0000][1][safepoint    ] Leaving safepoint region
[2019-12-09T02:05:41.778+0000][1][safepoint    ] Total time for which application threads were stopped: 0.0000864 seconds, Stopping threads took: 0.0000187 seconds
[2019-12-09T02:05:42.778+0000][1][safepoint    ] Application time: 1.0000755 seconds
[2019-12-09T02:05:42.778+0000][1][safepoint    ] Entering safepoint region: Cleanup
[2019-12-09T02:05:42.778+0000][1][safepoint    ] Leaving safepoint region
[2019-12-09T02:05:42.778+0000][1][safepoint    ] Total time for which application threads were stopped: 0.0000818 seconds, Stopping threads took: 0.0000164 seconds
[2019-12-09T02:05:45.779+0000][1][safepoint    ] Application time: 3.0002097 seconds
[2019-12-09T02:05:45.779+0000][1][safepoint    ] Entering safepoint region: Cleanup
[2019-12-09T02:05:45.779+0000][1][safepoint    ] Leaving safepoint region
[2019-12-09T02:05:45.779+0000][1][safepoint    ] Total time for which application threads were stopped: 0.0000833 seconds, Stopping threads took: 0.0000174 seconds
[2019-12-09T02:05:49.779+0000][1][safepoint    ] Application time: 4.0002792 seconds
[2019-12-09T02:05:49.779+0000][1][safepoint    ] Entering safepoint region: Cleanup
[2019-12-09T02:05:49.779+0000][1][safepoint    ] Leaving safepoint region
[2019-12-09T02:05:49.779+0000][1][safepoint    ] Total time for which application threads were stopped: 0.0000839 seconds, Stopping threads took: 0.0000178 seconds
[2019-12-09T02:05:51.779+0000][1][safepoint    ] Application time: 2.0001423 seconds
[2019-12-09T02:05:51.779+0000][1][safepoint    ] Entering safepoint region: Cleanup
[2019-12-09T02:05:51.779+0000][1][safepoint    ] Leaving safepoint region
[2019-12-09T02:05:51.779+0000][1][safepoint    ] Total time for which application threads were stopped: 0.0000843 seconds, Stopping threads took: 0.0000175 seconds
[2019-12-09T02:05:52.779+0000][1][safepoint    ] Application time: 1.0000761 seconds
[2019-12-09T02:05:52.779+0000][1][safepoint    ] Entering safepoint region: Cleanup
[2019-12-09T02:05:52.780+0000][1][safepoint    ] Leaving safepoint region
[2019-12-09T02:05:52.780+0000][1][safepoint    ] Total time for which application threads were stopped: 0.0000819 seconds, Stopping threads took: 0.0000180 seconds
[2019-12-09T02:05:55.780+0000][1][safepoint    ] Application time: 3.0002090 seconds
[2019-12-09T02:05:55.780+0000][1][safepoint    ] Entering safepoint region: Cleanup
[2019-12-09T02:05:55.780+0000][1][safepoint    ] Leaving safepoint region
[2019-12-09T02:05:55.780+0000][1][safepoint    ] Total time for which application threads were stopped: 0.0000893 seconds, Stopping threads took: 0.0000196 seconds
[2019-12-09T02:05:56.780+0000][1][safepoint    ] Application time: 1.0000772 seconds
[2019-12-09T02:05:56.780+0000][1][safepoint    ] Entering safepoint region: Cleanup
[2019-12-09T02:05:56.780+0000][1][safepoint    ] Leaving safepoint region
[2019-12-09T02:05:56.780+0000][1][safepoint    ] Total time for which application threads were stopped: 0.0000804 seconds, Stopping threads took: 0.0000167 seconds
[2019-12-09T02:05:57.780+0000][1][safepoint    ] Application time: 1.0000769 seconds
[2019-12-09T02:05:57.780+0000][1][safepoint    ] Entering safepoint region: Cleanup
[2019-12-09T02:05:57.780+0000][1][safepoint    ] Leaving safepoint region
[2019-12-09T02:05:57.780+0000][1][safepoint    ] Total time for which application threads were stopped: 0.0000910 seconds, Stopping threads took: 0.0000188 seconds
[2019-12-09T02:05:58.780+0000][1][safepoint    ] Application time: 1.0000756 seconds
[2019-12-09T02:05:58.780+0000][1][safepoint    ] Entering safepoint region: Cleanup
[2019-12-09T02:05:58.780+0000][1][safepoint    ] Leaving safepoint region
[2019-12-09T02:05:58.780+0000][1][safepoint    ] Total time for which application threads were stopped: 0.0000822 seconds, Stopping threads took: 0.0000167 seconds
[2019-12-09T02:05:59.781+0000][1][safepoint    ] Application time: 1.0000778 seconds
[2019-12-09T02:05:59.781+0000][1][safepoint    ] Entering safepoint region: Cleanup
[2019-12-09T02:05:59.781+0000][1][safepoint    ] Leaving safepoint region
[2019-12-09T02:05:59.781+0000][1][safepoint    ] Total time for which application threads were stopped: 0.0000861 seconds, Stopping threads took: 0.0000171 seconds
[2019-12-09T02:06:01.781+0000][1][safepoint    ] Application time: 2.0001506 seconds
[2019-12-09T02:06:01.781+0000][1][safepoint    ] Entering safepoint region: Cleanup
[2019-12-09T02:06:01.781+0000][1][safepoint    ] Leaving safepoint region
[2019-12-09T02:06:01.781+0000][1][safepoint    ] Total time for which application threads were stopped: 0.0001206 seconds, Stopping threads took: 0.0000337 seconds
[2019-12-09T02:06:02.781+0000][1][safepoint    ] Application time: 1.0000773 seconds
[2019-12-09T02:06:02.781+0000][1][safepoint    ] Entering safepoint region: Cleanup
[2019-12-09T02:06:02.781+0000][1][safepoint    ] Leaving safepoint region
[2019-12-09T02:06:02.781+0000][1][safepoint    ] Total time for which application threads were stopped: 0.0000853 seconds, Stopping threads took: 0.0000174 seconds
[2019-12-09T02:06:03.781+0000][1][safepoint    ] Application time: 1.0000778 seconds
[2019-12-09T02:06:03.781+0000][1][safepoint    ] Entering safepoint region: Cleanup
[2019-12-09T02:06:03.781+0000][1][safepoint    ] Leaving safepoint region
[2019-12-09T02:06:03.781+0000][1][safepoint    ] Total time for which application threads were stopped: 0.0000947 seconds, Stopping threads took: 0.0000185 seconds
[2019-12-09T02:06:06.782+0000][1][safepoint    ] Application time: 3.0002103 seconds
[2019-12-09T02:06:06.782+0000][1][safepoint    ] Entering safepoint region: Cleanup
[2019-12-09T02:06:06.782+0000][1][safepoint    ] Leaving safepoint region
[2019-12-09T02:06:06.782+0000][1][safepoint    ] Total time for which application threads were stopped: 0.0000943 seconds, Stopping threads took: 0.0000178 seconds
[2019-12-09T02:06:08.782+0000][1][safepoint    ] Application time: 2.0001445 seconds
[2019-12-09T02:06:08.782+0000][1][safepoint    ] Entering safepoint region: Cleanup
[2019-12-09T02:06:08.782+0000][1][safepoint    ] Leaving safepoint region
[2019-12-09T02:06:08.782+0000][1][safepoint    ] Total time for which application threads were stopped: 0.0000827 seconds, Stopping threads took: 0.0000183 seconds
[2019-12-09T02:06:09.782+0000][1][safepoint    ] Application time: 1.0000769 seconds
[2019-12-09T02:06:09.782+0000][1][safepoint    ] Entering safepoint region: Cleanup
[2019-12-09T02:06:09.782+0000][1][safepoint    ] Leaving safepoint region
[2019-12-09T02:06:09.782+0000][1][safepoint    ] Total time for which application threads were stopped: 0.0000869 seconds, Stopping threads took: 0.0000171 seconds
[2019-12-09T02:06:17.783+0000][1][safepoint    ] Application time: 8.0005546 seconds
[2019-12-09T02:06:17.783+0000][1][safepoint    ] Entering safepoint region: Cleanup
[2019-12-09T02:06:17.783+0000][1][safepoint    ] Leaving safepoint region
[2019-12-09T02:06:17.783+0000][1][safepoint    ] Total time for which application threads were stopped: 0.0000830 seconds, Stopping threads took: 0.0000173 seconds
[2019-12-09T02:06:18.783+0000][1][safepoint    ] Application time: 1.0000768 seconds
[2019-12-09T02:06:18.783+0000][1][safepoint    ] Entering safepoint region: Cleanup
[2019-12-09T02:06:18.783+0000][1][safepoint    ] Leaving safepoint region
[2019-12-09T02:06:18.783+0000][1][safepoint    ] Total time for which application threads were stopped: 0.0000859 seconds, Stopping threads took: 0.0000178 seconds
[2019-12-09T02:06:19.783+0000][1][safepoint    ] Application time: 1.0000767 seconds
[2019-12-09T02:06:19.783+0000][1][safepoint    ] Entering safepoint region: Cleanup
[2019-12-09T02:06:19.783+0000][1][safepoint    ] Leaving safepoint region
[2019-12-09T02:06:19.783+0000][1][safepoint    ] Total time for which application threads were stopped: 0.0000849 seconds, Stopping threads took: 0.0000175 seconds
[2019-12-09T02:06:20.783+0000][1][safepoint    ] Application time: 1.0000758 seconds
[2019-12-09T02:06:20.783+0000][1][safepoint    ] Entering safepoint region: Cleanup
[2019-12-09T02:06:20.784+0000][1][safepoint    ] Leaving safepoint region
[2019-12-09T02:06:20.784+0000][1][safepoint    ] Total time for which application threads were stopped: 0.0001019 seconds, Stopping threads took: 0.0000318 seconds
[2019-12-09T02:06:21.784+0000][1][safepoint    ] Application time: 1.0000783 seconds
[2019-12-09T02:06:21.784+0000][1][safepoint    ] Entering safepoint region: Cleanup
[2019-12-09T02:06:21.784+0000][1][safepoint    ] Leaving safepoint region
[2019-12-09T02:06:21.784+0000][1][safepoint    ] Total time for which application threads were stopped: 0.0000836 seconds, Stopping threads took: 0.0000182 seconds
[2019-12-09T02:06:23.784+0000][1][safepoint    ] Application time: 2.0001426 seconds
[2019-12-09T02:06:23.784+0000][1][safepoint    ] Entering safepoint region: Cleanup
[2019-12-09T02:06:23.784+0000][1][safepoint    ] Leaving safepoint region
[2019-12-09T02:06:23.784+0000][1][safepoint    ] Total time for which application threads were stopped: 0.0000898 seconds, Stopping threads took: 0.0000177 seconds
[2019-12-09T02:06:31.785+0000][1][safepoint    ] Application time: 8.0005498 seconds
[2019-12-09T02:06:31.785+0000][1][safepoint    ] Entering safepoint region: Cleanup
[2019-12-09T02:06:31.785+0000][1][safepoint    ] Leaving safepoint region
[2019-12-09T02:06:31.785+0000][1][safepoint    ] Total time for which application threads were stopped: 0.0000941 seconds, Stopping threads took: 0.0000180 seconds
[2019-12-09T02:06:35.785+0000][1][safepoint    ] Application time: 4.0002757 seconds
[2019-12-09T02:06:35.785+0000][1][safepoint    ] Entering safepoint region: Cleanup
[2019-12-09T02:06:35.785+0000][1][safepoint    ] Leaving safepoint region
[2019-12-09T02:06:35.785+0000][1][safepoint    ] Total time for which application threads were stopped: 0.0000841 seconds, Stopping threads took: 0.0000175 seconds
[2019-12-09T02:06:37.785+0000][1][safepoint    ] Application time: 2.0001473 seconds
[2019-12-09T02:06:37.785+0000][1][safepoint    ] Entering safepoint region: Cleanup
[2019-12-09T02:06:37.785+0000][1][safepoint    ] Leaving safepoint region
[2019-12-09T02:06:37.785+0000][1][safepoint    ] Total time for which application threads were stopped: 0.0000881 seconds, Stopping threads took: 0.0000172 seconds
[2019-12-09T02:06:48.787+0000][1][safepoint    ] Application time: 11.0015488 seconds
[2019-12-09T02:06:48.787+0000][1][safepoint    ] Entering safepoint region: Cleanup
[2019-12-09T02:06:48.787+0000][1][safepoint    ] Leaving safepoint region
[2019-12-09T02:06:48.787+0000][1][safepoint    ] Total time for which application threads were stopped: 0.0000869 seconds, Stopping threads took: 0.0000176 seconds
[2019-12-09T02:06:52.787+0000][1][safepoint    ] Application time: 4.0002800 seconds
[2019-12-09T02:06:52.787+0000][1][safepoint    ] Entering safepoint region: Cleanup
[2019-12-09T02:06:52.788+0000][1][safepoint    ] Leaving safepoint region
[2019-12-09T02:06:52.788+0000][1][safepoint    ] Total time for which application threads were stopped: 0.0000972 seconds, Stopping threads took: 0.0000289 seconds
[2019-12-09T02:06:54.788+0000][1][safepoint    ] Application time: 2.0001430 seconds
[2019-12-09T02:06:54.788+0000][1][safepoint    ] Entering safepoint region: Cleanup
[2019-12-09T02:06:54.788+0000][1][safepoint    ] Leaving safepoint region
[2019-12-09T02:06:54.788+0000][1][safepoint    ] Total time for which application threads were stopped: 0.0000854 seconds, Stopping threads took: 0.0000177 seconds
[2019-12-09T02:06:58.788+0000][1][safepoint    ] Application time: 4.0002729 seconds
[2019-12-09T02:06:58.788+0000][1][safepoint    ] Entering safepoint region: Cleanup
[2019-12-09T02:06:58.788+0000][1][safepoint    ] Leaving safepoint region
[2019-12-09T02:06:58.788+0000][1][safepoint    ] Total time for which application threads were stopped: 0.0000882 seconds, Stopping threads took: 0.0000177 seconds
[2019-12-09T02:06:59.788+0000][1][safepoint    ] Application time: 1.0000766 seconds
[2019-12-09T02:06:59.788+0000][1][safepoint    ] Entering safepoint region: Cleanup
[2019-12-09T02:06:59.788+0000][1][safepoint    ] Leaving safepoint region
[2019-12-09T02:06:59.788+0000][1][safepoint    ] Total time for which application threads were stopped: 0.0000844 seconds, Stopping threads took: 0.0000184 seconds
[2019-12-09T02:06:59.828+0000][1][safepoint    ] Application time: 0.0393311 seconds
[2019-12-09T02:06:59.828+0000][1][safepoint    ] Entering safepoint region: GenCollectForAllocation
[2019-12-09T02:06:59.828+0000][1][gc,start     ] GC(24) Pause Young (Allocation Failure)
[2019-12-09T02:06:59.828+0000][1][gc,task      ] GC(24) Using 2 workers of 2 for evacuation
[2019-12-09T02:06:59.844+0000][1][gc,age       ] GC(24) Desired survivor size 4456448 bytes, new threshold 6 (max threshold 6)
[2019-12-09T02:06:59.844+0000][1][gc,age       ] GC(24) Age table with threshold 6 (max threshold 6)
[2019-12-09T02:06:59.844+0000][1][gc,age       ] GC(24) - age   1:      29672 bytes,      29672 total
[2019-12-09T02:06:59.844+0000][1][gc,age       ] GC(24) - age   2:    1864464 bytes,    1894136 total
[2019-12-09T02:06:59.844+0000][1][gc,heap      ] GC(24) ParNew: 78656K->5797K(78656K)
[2019-12-09T02:06:59.844+0000][1][gc,heap      ] GC(24) CMS: 64123K->67802K(174784K)
[2019-12-09T02:06:59.844+0000][1][gc,metaspace ] GC(24) Metaspace: 68611K->68611K(1112064K)
[2019-12-09T02:06:59.844+0000][1][gc           ] GC(24) Pause Young (Allocation Failure) 139M->71M(247M) 16.597ms
[2019-12-09T02:06:59.844+0000][1][gc,cpu       ] GC(24) User=0.03s Sys=0.00s Real=0.01s
[2019-12-09T02:06:59.845+0000][1][safepoint    ] Leaving safepoint region
[2019-12-09T02:06:59.845+0000][1][safepoint    ] Total time for which application threads were stopped: 0.0167419 seconds, Stopping threads took: 0.0000165 seconds
[2019-12-09T02:07:00.845+0000][1][safepoint    ] Application time: 1.0000895 seconds
[2019-12-09T02:07:00.845+0000][1][safepoint    ] Entering safepoint region: Cleanup
[2019-12-09T02:07:00.845+0000][1][safepoint    ] Leaving safepoint region
[2019-12-09T02:07:00.845+0000][1][safepoint    ] Total time for which application threads were stopped: 0.0001017 seconds, Stopping threads took: 0.0000174 seconds
[2019-12-09T02:07:01.845+0000][1][safepoint    ] Application time: 1.0004250 seconds
[2019-12-09T02:07:01.845+0000][1][safepoint    ] Entering safepoint region: Cleanup
[2019-12-09T02:07:01.845+0000][1][safepoint    ] Leaving safepoint region
[2019-12-09T02:07:01.845+0000][1][safepoint    ] Total time for which application threads were stopped: 0.0000958 seconds, Stopping threads took: 0.0000242 seconds
[2019-12-09T02:07:06.846+0000][1][safepoint    ] Application time: 5.0003606 seconds
[2019-12-09T02:07:06.846+0000][1][safepoint    ] Entering safepoint region: Cleanup
[2019-12-09T02:07:06.846+0000][1][safepoint    ] Leaving safepoint region
[2019-12-09T02:07:06.846+0000][1][safepoint    ] Total time for which application threads were stopped: 0.0000884 seconds, Stopping threads took: 0.0000181 seconds
[2019-12-09T02:07:07.846+0000][1][safepoint    ] Application time: 1.0000764 seconds
[2019-12-09T02:07:07.846+0000][1][safepoint    ] Entering safepoint region: Cleanup
[2019-12-09T02:07:07.846+0000][1][safepoint    ] Leaving safepoint region
[2019-12-09T02:07:07.846+0000][1][safepoint    ] Total time for which application threads were stopped: 0.0000851 seconds, Stopping threads took: 0.0000180 seconds
[2019-12-09T02:07:09.846+0000][1][safepoint    ] Application time: 2.0001417 seconds
[2019-12-09T02:07:09.846+0000][1][safepoint    ] Entering safepoint region: Cleanup
[2019-12-09T02:07:09.846+0000][1][safepoint    ] Leaving safepoint region
[2019-12-09T02:07:09.846+0000][1][safepoint    ] Total time for which application threads were stopped: 0.0000841 seconds, Stopping threads took: 0.0000179 seconds
[2019-12-09T02:07:15.847+0000][1][safepoint    ] Application time: 6.0004234 seconds
[2019-12-09T02:07:15.847+0000][1][safepoint    ] Entering safepoint region: Cleanup
[2019-12-09T02:07:15.847+0000][1][safepoint    ] Leaving safepoint region
[2019-12-09T02:07:15.847+0000][1][safepoint    ] Total time for which application threads were stopped: 0.0000863 seconds, Stopping threads took: 0.0000182 seconds
[2019-12-09T02:07:20.847+0000][1][safepoint    ] Application time: 5.0003446 seconds
[2019-12-09T02:07:20.847+0000][1][safepoint    ] Entering safepoint region: Cleanup
[2019-12-09T02:07:20.847+0000][1][safepoint    ] Leaving safepoint region
[2019-12-09T02:07:20.847+0000][1][safepoint    ] Total time for which application threads were stopped: 0.0001065 seconds, Stopping threads took: 0.0000210 seconds
[2019-12-09T02:07:21.847+0000][1][safepoint    ] Application time: 1.0000767 seconds
[2019-12-09T02:07:21.847+0000][1][safepoint    ] Entering safepoint region: Cleanup
[2019-12-09T02:07:21.848+0000][1][safepoint    ] Leaving safepoint region
[2019-12-09T02:07:21.848+0000][1][safepoint    ] Total time for which application threads were stopped: 0.0000820 seconds, Stopping threads took: 0.0000164 seconds
[2019-12-09T02:07:22.848+0000][1][safepoint    ] Application time: 1.0000776 seconds
[2019-12-09T02:07:22.848+0000][1][safepoint    ] Entering safepoint region: Cleanup
[2019-12-09T02:07:22.848+0000][1][safepoint    ] Leaving safepoint region
[2019-12-09T02:07:22.848+0000][1][safepoint    ] Total time for which application threads were stopped: 0.0000962 seconds, Stopping threads took: 0.0000183 seconds
[2019-12-09T02:07:25.848+0000][1][safepoint    ] Application time: 3.0002095 seconds
[2019-12-09T02:07:25.848+0000][1][safepoint    ] Entering safepoint region: Cleanup
[2019-12-09T02:07:25.848+0000][1][safepoint    ] Leaving safepoint region
[2019-12-09T02:07:25.848+0000][1][safepoint    ] Total time for which application threads were stopped: 0.0000884 seconds, Stopping threads took: 0.0000169 seconds
[2019-12-09T02:07:31.848+0000][1][safepoint    ] Application time: 6.0004068 seconds
[2019-12-09T02:07:31.849+0000][1][safepoint    ] Entering safepoint region: Cleanup
[2019-12-09T02:07:31.849+0000][1][safepoint    ] Leaving safepoint region
[2019-12-09T02:07:31.849+0000][1][safepoint    ] Total time for which application threads were stopped: 0.0000820 seconds, Stopping threads took: 0.0000160 seconds
[2019-12-09T02:07:32.849+0000][1][safepoint    ] Application time: 1.0000900 seconds
[2019-12-09T02:07:32.849+0000][1][safepoint    ] Entering safepoint region: Cleanup
[2019-12-09T02:07:32.849+0000][1][safepoint    ] Leaving safepoint region
[2019-12-09T02:07:32.849+0000][1][safepoint    ] Total time for which application threads were stopped: 0.0000855 seconds, Stopping threads took: 0.0000193 seconds
[2019-12-09T02:07:33.849+0000][1][safepoint    ] Application time: 1.0000766 seconds
[2019-12-09T02:07:33.849+0000][1][safepoint    ] Entering safepoint region: Cleanup
[2019-12-09T02:07:33.849+0000][1][safepoint    ] Leaving safepoint region
[2019-12-09T02:07:33.849+0000][1][safepoint    ] Total time for which application threads were stopped: 0.0000875 seconds, Stopping threads took: 0.0000169 seconds
[2019-12-09T02:07:40.850+0000][1][safepoint    ] Application time: 7.0004830 seconds
[2019-12-09T02:07:40.850+0000][1][safepoint    ] Entering safepoint region: Cleanup
[2019-12-09T02:07:40.850+0000][1][safepoint    ] Leaving safepoint region
[2019-12-09T02:07:40.850+0000][1][safepoint    ] Total time for which application threads were stopped: 0.0000907 seconds, Stopping threads took: 0.0000209 seconds
[2019-12-09T02:07:41.850+0000][1][safepoint    ] Application time: 1.0000772 seconds
[2019-12-09T02:07:41.850+0000][1][safepoint    ] Entering safepoint region: Cleanup
[2019-12-09T02:07:41.850+0000][1][safepoint    ] Leaving safepoint region
[2019-12-09T02:07:41.850+0000][1][safepoint    ] Total time for which application threads were stopped: 0.0000833 seconds, Stopping threads took: 0.0000171 seconds
[2019-12-09T02:07:45.850+0000][1][safepoint    ] Application time: 4.0002787 seconds
[2019-12-09T02:07:45.850+0000][1][safepoint    ] Entering safepoint region: Cleanup
[2019-12-09T02:07:45.850+0000][1][safepoint    ] Leaving safepoint region
[2019-12-09T02:07:45.850+0000][1][safepoint    ] Total time for which application threads were stopped: 0.0000884 seconds, Stopping threads took: 0.0000178 seconds
[2019-12-09T02:07:46.850+0000][1][safepoint    ] Application time: 1.0000793 seconds
[2019-12-09T02:07:46.850+0000][1][safepoint    ] Entering safepoint region: Cleanup
[2019-12-09T02:07:46.850+0000][1][safepoint    ] Leaving safepoint region
[2019-12-09T02:07:46.850+0000][1][safepoint    ] Total time for which application threads were stopped: 0.0000956 seconds, Stopping threads took: 0.0000208 seconds
[2019-12-09T02:07:49.851+0000][1][safepoint    ] Application time: 3.0002089 seconds
[2019-12-09T02:07:49.851+0000][1][safepoint    ] Entering safepoint region: Cleanup
[2019-12-09T02:07:49.851+0000][1][safepoint    ] Leaving safepoint region
[2019-12-09T02:07:49.851+0000][1][safepoint    ] Total time for which application threads were stopped: 0.0000898 seconds, Stopping threads took: 0.0000189 seconds
[2019-12-09T02:07:50.851+0000][1][safepoint    ] Application time: 1.0000769 seconds
[2019-12-09T02:07:50.851+0000][1][safepoint    ] Entering safepoint region: Cleanup
[2019-12-09T02:07:50.851+0000][1][safepoint    ] Leaving safepoint region
[2019-12-09T02:07:50.851+0000][1][safepoint    ] Total time for which application threads were stopped: 0.0000906 seconds, Stopping threads took: 0.0000174 seconds
[2019-12-09T02:07:53.851+0000][1][safepoint    ] Application time: 3.0002119 seconds
[2019-12-09T02:07:53.851+0000][1][safepoint    ] Entering safepoint region: Cleanup
[2019-12-09T02:07:53.851+0000][1][safepoint    ] Leaving safepoint region
[2019-12-09T02:07:53.851+0000][1][safepoint    ] Total time for which application threads were stopped: 0.0000935 seconds, Stopping threads took: 0.0000279 seconds
[2019-12-09T02:07:54.851+0000][1][safepoint    ] Application time: 1.0000762 seconds
[2019-12-09T02:07:54.852+0000][1][safepoint    ] Entering safepoint region: Cleanup
[2019-12-09T02:07:54.852+0000][1][safepoint    ] Leaving safepoint region
[2019-12-09T02:07:54.852+0000][1][safepoint    ] Total time for which application threads were stopped: 0.0000847 seconds, Stopping threads took: 0.0000195 seconds
[2019-12-09T02:07:55.852+0000][1][safepoint    ] Application time: 1.0000755 seconds
[2019-12-09T02:07:55.852+0000][1][safepoint    ] Entering safepoint region: Cleanup
[2019-12-09T02:07:55.852+0000][1][safepoint    ] Leaving safepoint region
[2019-12-09T02:07:55.852+0000][1][safepoint    ] Total time for which application threads were stopped: 0.0000887 seconds, Stopping threads took: 0.0000177 seconds
[2019-12-09T02:07:58.852+0000][1][safepoint    ] Application time: 3.0002094 seconds
[2019-12-09T02:07:58.852+0000][1][safepoint    ] Entering safepoint region: Cleanup
[2019-12-09T02:07:58.852+0000][1][safepoint    ] Leaving safepoint region
[2019-12-09T02:07:58.852+0000][1][safepoint    ] Total time for which application threads were stopped: 0.0000941 seconds, Stopping threads took: 0.0000175 seconds
[2019-12-09T02:08:03.852+0000][1][safepoint    ] Application time: 5.0003445 seconds
[2019-12-09T02:08:03.853+0000][1][safepoint    ] Entering safepoint region: Cleanup
[2019-12-09T02:08:03.853+0000][1][safepoint    ] Leaving safepoint region
[2019-12-09T02:08:03.853+0000][1][safepoint    ] Total time for which application threads were stopped: 0.0000896 seconds, Stopping threads took: 0.0000178 seconds
[2019-12-09T02:08:04.853+0000][1][safepoint    ] Application time: 1.0000800 seconds
[2019-12-09T02:08:04.853+0000][1][safepoint    ] Entering safepoint region: Cleanup
[2019-12-09T02:08:04.853+0000][1][safepoint    ] Leaving safepoint region
[2019-12-09T02:08:04.853+0000][1][safepoint    ] Total time for which application threads were stopped: 0.0000890 seconds, Stopping threads took: 0.0000223 seconds
[2019-12-09T02:08:05.853+0000][1][safepoint    ] Application time: 1.0000772 seconds
[2019-12-09T02:08:05.853+0000][1][safepoint    ] Entering safepoint region: Cleanup
[2019-12-09T02:08:05.853+0000][1][safepoint    ] Leaving safepoint region
[2019-12-09T02:08:05.853+0000][1][safepoint    ] Total time for which application threads were stopped: 0.0000842 seconds, Stopping threads took: 0.0000176 seconds
[2019-12-09T02:08:08.853+0000][1][safepoint    ] Application time: 3.0002119 seconds
[2019-12-09T02:08:08.853+0000][1][safepoint    ] Entering safepoint region: Cleanup
[2019-12-09T02:08:08.853+0000][1][safepoint    ] Leaving safepoint region
[2019-12-09T02:08:08.853+0000][1][safepoint    ] Total time for which application threads were stopped: 0.0000933 seconds, Stopping threads took: 0.0000187 seconds
[2019-12-09T02:08:09.853+0000][1][safepoint    ] Application time: 1.0000790 seconds
[2019-12-09T02:08:09.854+0000][1][safepoint    ] Entering safepoint region: Cleanup
[2019-12-09T02:08:09.854+0000][1][safepoint    ] Leaving safepoint region
[2019-12-09T02:08:09.854+0000][1][safepoint    ] Total time for which application threads were stopped: 0.0000852 seconds, Stopping threads took: 0.0000176 seconds
[2019-12-09T02:08:11.854+0000][1][safepoint    ] Application time: 2.0001475 seconds
[2019-12-09T02:08:11.854+0000][1][safepoint    ] Entering safepoint region: Cleanup
[2019-12-09T02:08:11.854+0000][1][safepoint    ] Leaving safepoint region
[2019-12-09T02:08:11.854+0000][1][safepoint    ] Total time for which application threads were stopped: 0.0000866 seconds, Stopping threads took: 0.0000199 seconds
[2019-12-09T02:08:14.854+0000][1][safepoint    ] Application time: 3.0002168 seconds
[2019-12-09T02:08:14.854+0000][1][safepoint    ] Entering safepoint region: Cleanup
[2019-12-09T02:08:14.854+0000][1][safepoint    ] Leaving safepoint region
[2019-12-09T02:08:14.854+0000][1][safepoint    ] Total time for which application threads were stopped: 0.0000821 seconds, Stopping threads took: 0.0000170 seconds
[2019-12-09T02:08:15.854+0000][1][safepoint    ] Application time: 1.0000772 seconds
[2019-12-09T02:08:15.854+0000][1][safepoint    ] Entering safepoint region: Cleanup
[2019-12-09T02:08:15.854+0000][1][safepoint    ] Leaving safepoint region
[2019-12-09T02:08:15.854+0000][1][safepoint    ] Total time for which application threads were stopped: 0.0000812 seconds, Stopping threads took: 0.0000169 seconds
[2019-12-09T02:08:17.855+0000][1][safepoint    ] Application time: 2.0001449 seconds
[2019-12-09T02:08:17.855+0000][1][safepoint    ] Entering safepoint region: Cleanup
[2019-12-09T02:08:17.855+0000][1][safepoint    ] Leaving safepoint region
[2019-12-09T02:08:17.855+0000][1][safepoint    ] Total time for which application threads were stopped: 0.0000857 seconds, Stopping threads took: 0.0000179 seconds
[2019-12-09T02:08:19.855+0000][1][safepoint    ] Application time: 2.0001514 seconds
[2019-12-09T02:08:19.855+0000][1][safepoint    ] Entering safepoint region: Cleanup
[2019-12-09T02:08:19.855+0000][1][safepoint    ] Leaving safepoint region
[2019-12-09T02:08:19.855+0000][1][safepoint    ] Total time for which application threads were stopped: 0.0000821 seconds, Stopping threads took: 0.0000170 seconds
[2019-12-09T02:08:24.855+0000][1][safepoint    ] Application time: 5.0003379 seconds
[2019-12-09T02:08:24.855+0000][1][safepoint    ] Entering safepoint region: Cleanup
[2019-12-09T02:08:24.855+0000][1][safepoint    ] Leaving safepoint region
[2019-12-09T02:08:24.855+0000][1][safepoint    ] Total time for which application threads were stopped: 0.0000961 seconds, Stopping threads took: 0.0000268 seconds
[2019-12-09T02:08:29.856+0000][1][safepoint    ] Application time: 5.0003531 seconds
[2019-12-09T02:08:29.856+0000][1][safepoint    ] Entering safepoint region: Cleanup
[2019-12-09T02:08:29.856+0000][1][safepoint    ] Leaving safepoint region
[2019-12-09T02:08:29.856+0000][1][safepoint    ] Total time for which application threads were stopped: 0.0000875 seconds, Stopping threads took: 0.0000196 seconds
[2019-12-09T02:08:30.856+0000][1][safepoint    ] Application time: 1.0000758 seconds
[2019-12-09T02:08:30.856+0000][1][safepoint    ] Entering safepoint region: Cleanup
[2019-12-09T02:08:30.856+0000][1][safepoint    ] Leaving safepoint region
[2019-12-09T02:08:30.856+0000][1][safepoint    ] Total time for which application threads were stopped: 0.0000858 seconds, Stopping threads took: 0.0000176 seconds
[2019-12-09T02:08:31.856+0000][1][safepoint    ] Application time: 1.0000767 seconds
[2019-12-09T02:08:31.856+0000][1][safepoint    ] Entering safepoint region: Cleanup
[2019-12-09T02:08:31.856+0000][1][safepoint    ] Leaving safepoint region
[2019-12-09T02:08:31.856+0000][1][safepoint    ] Total time for which application threads were stopped: 0.0000912 seconds, Stopping threads took: 0.0000243 seconds
[2019-12-09T02:08:33.856+0000][1][safepoint    ] Application time: 2.0001489 seconds
[2019-12-09T02:08:33.857+0000][1][safepoint    ] Entering safepoint region: Cleanup
[2019-12-09T02:08:33.857+0000][1][safepoint    ] Leaving safepoint region
[2019-12-09T02:08:33.857+0000][1][safepoint    ] Total time for which application threads were stopped: 0.0000974 seconds, Stopping threads took: 0.0000253 seconds
[2019-12-09T02:08:37.857+0000][1][safepoint    ] Application time: 4.0005149 seconds
[2019-12-09T02:08:37.857+0000][1][safepoint    ] Entering safepoint region: Cleanup
[2019-12-09T02:08:37.857+0000][1][safepoint    ] Leaving safepoint region
[2019-12-09T02:08:37.857+0000][1][safepoint    ] Total time for which application threads were stopped: 0.0000871 seconds, Stopping threads took: 0.0000177 seconds
[2019-12-09T02:08:39.857+0000][1][safepoint    ] Application time: 2.0001443 seconds
[2019-12-09T02:08:39.857+0000][1][safepoint    ] Entering safepoint region: Cleanup
[2019-12-09T02:08:39.858+0000][1][safepoint    ] Leaving safepoint region
[2019-12-09T02:08:39.858+0000][1][safepoint    ] Total time for which application threads were stopped: 0.0000827 seconds, Stopping threads took: 0.0000167 seconds
[2019-12-09T02:08:40.858+0000][1][safepoint    ] Application time: 1.0000767 seconds
[2019-12-09T02:08:40.858+0000][1][safepoint    ] Entering safepoint region: Cleanup
[2019-12-09T02:08:40.858+0000][1][safepoint    ] Leaving safepoint region
[2019-12-09T02:08:40.858+0000][1][safepoint    ] Total time for which application threads were stopped: 0.0000911 seconds, Stopping threads took: 0.0000171 seconds
[2019-12-09T02:08:44.858+0000][1][safepoint    ] Application time: 4.0002788 seconds
[2019-12-09T02:08:44.858+0000][1][safepoint    ] Entering safepoint region: Cleanup
[2019-12-09T02:08:44.858+0000][1][safepoint    ] Leaving safepoint region
[2019-12-09T02:08:44.858+0000][1][safepoint    ] Total time for which application threads were stopped: 0.0000799 seconds, Stopping threads took: 0.0000165 seconds
[2019-12-09T02:08:49.858+0000][1][safepoint    ] Application time: 5.0003498 seconds
[2019-12-09T02:08:49.859+0000][1][safepoint    ] Entering safepoint region: Cleanup
[2019-12-09T02:08:49.859+0000][1][safepoint    ] Leaving safepoint region
[2019-12-09T02:08:49.859+0000][1][safepoint    ] Total time for which application threads were stopped: 0.0000841 seconds, Stopping threads took: 0.0000167 seconds
[2019-12-09T02:08:53.859+0000][1][safepoint    ] Application time: 4.0002761 seconds
[2019-12-09T02:08:53.859+0000][1][safepoint    ] Entering safepoint region: Cleanup
[2019-12-09T02:08:53.859+0000][1][safepoint    ] Leaving safepoint region
[2019-12-09T02:08:53.859+0000][1][safepoint    ] Total time for which application threads were stopped: 0.0000796 seconds, Stopping threads took: 0.0000160 seconds
[2019-12-09T02:08:56.859+0000][1][safepoint    ] Application time: 3.0002108 seconds
[2019-12-09T02:08:56.859+0000][1][safepoint    ] Entering safepoint region: Cleanup
[2019-12-09T02:08:56.859+0000][1][safepoint    ] Leaving safepoint region
[2019-12-09T02:08:56.859+0000][1][safepoint    ] Total time for which application threads were stopped: 0.0000833 seconds, Stopping threads took: 0.0000189 seconds
[2019-12-09T02:09:05.860+0000][1][safepoint    ] Application time: 9.0006127 seconds
[2019-12-09T02:09:05.860+0000][1][safepoint    ] Entering safepoint region: Cleanup
[2019-12-09T02:09:05.860+0000][1][safepoint    ] Leaving safepoint region
[2019-12-09T02:09:05.860+0000][1][safepoint    ] Total time for which application threads were stopped: 0.0000933 seconds, Stopping threads took: 0.0000265 seconds
[2019-12-09T02:09:08.274+0000][1][safepoint    ] Application time: 2.4143613 seconds
[2019-12-09T02:09:08.274+0000][1][safepoint    ] Entering safepoint region: GenCollectForAllocation
[2019-12-09T02:09:08.275+0000][1][gc,start     ] GC(25) Pause Young (Allocation Failure)
[2019-12-09T02:09:08.275+0000][1][gc,task      ] GC(25) Using 2 workers of 2 for evacuation
[2019-12-09T02:09:08.280+0000][1][gc,age       ] GC(25) Desired survivor size 4456448 bytes, new threshold 6 (max threshold 6)
[2019-12-09T02:09:08.280+0000][1][gc,age       ] GC(25) Age table with threshold 6 (max threshold 6)
[2019-12-09T02:09:08.280+0000][1][gc,age       ] GC(25) - age   1:      11104 bytes,      11104 total
[2019-12-09T02:09:08.280+0000][1][gc,age       ] GC(25) - age   2:      24592 bytes,      35696 total
[2019-12-09T02:09:08.280+0000][1][gc,age       ] GC(25) - age   3:    1864216 bytes,    1899912 total
[2019-12-09T02:09:08.280+0000][1][gc,heap      ] GC(25) ParNew: 75749K->2867K(78656K)
[2019-12-09T02:09:08.280+0000][1][gc,heap      ] GC(25) CMS: 67802K->67802K(174784K)
[2019-12-09T02:09:08.280+0000][1][gc,metaspace ] GC(25) Metaspace: 68856K->68856K(1112064K)
[2019-12-09T02:09:08.280+0000][1][gc           ] GC(25) Pause Young (Allocation Failure) 140M->69M(247M) 5.792ms
[2019-12-09T02:09:08.280+0000][1][gc,cpu       ] GC(25) User=0.01s Sys=0.00s Real=0.01s
[2019-12-09T02:09:08.280+0000][1][safepoint    ] Leaving safepoint region
[2019-12-09T02:09:08.280+0000][1][safepoint    ] Total time for which application threads were stopped: 0.0059382 seconds, Stopping threads took: 0.0000166 seconds
[2019-12-09T02:09:12.281+0000][1][safepoint    ] Application time: 4.0002992 seconds
[2019-12-09T02:09:12.281+0000][1][safepoint    ] Entering safepoint region: Cleanup
[2019-12-09T02:09:12.281+0000][1][safepoint    ] Leaving safepoint region
[2019-12-09T02:09:12.281+0000][1][safepoint    ] Total time for which application threads were stopped: 0.0000902 seconds, Stopping threads took: 0.0000255 seconds
[2019-12-09T02:09:18.281+0000][1][safepoint    ] Application time: 6.0004029 seconds
[2019-12-09T02:09:18.281+0000][1][safepoint    ] Entering safepoint region: Cleanup
[2019-12-09T02:09:18.281+0000][1][safepoint    ] Leaving safepoint region
[2019-12-09T02:09:18.281+0000][1][safepoint    ] Total time for which application threads were stopped: 0.0000748 seconds, Stopping threads took: 0.0000146 seconds
[2019-12-09T02:09:30.282+0000][1][safepoint    ] Application time: 12.0008017 seconds
[2019-12-09T02:09:30.282+0000][1][safepoint    ] Entering safepoint region: Cleanup
[2019-12-09T02:09:30.282+0000][1][safepoint    ] Leaving safepoint region
[2019-12-09T02:09:30.282+0000][1][safepoint    ] Total time for which application threads were stopped: 0.0000834 seconds, Stopping threads took: 0.0000177 seconds
[2019-12-09T02:09:32.282+0000][1][safepoint    ] Application time: 2.0001418 seconds
[2019-12-09T02:09:32.282+0000][1][safepoint    ] Entering safepoint region: Cleanup
[2019-12-09T02:09:32.282+0000][1][safepoint    ] Leaving safepoint region
[2019-12-09T02:09:32.282+0000][1][safepoint    ] Total time for which application threads were stopped: 0.0000907 seconds, Stopping threads took: 0.0000192 seconds
[2019-12-09T02:09:33.283+0000][1][safepoint    ] Application time: 1.0000760 seconds
[2019-12-09T02:09:33.283+0000][1][safepoint    ] Entering safepoint region: Cleanup
[2019-12-09T02:09:33.283+0000][1][safepoint    ] Leaving safepoint region
[2019-12-09T02:09:33.283+0000][1][safepoint    ] Total time for which application threads were stopped: 0.0000799 seconds, Stopping threads took: 0.0000158 seconds
[2019-12-09T02:09:34.283+0000][1][safepoint    ] Application time: 1.0000755 seconds
[2019-12-09T02:09:34.283+0000][1][safepoint    ] Entering safepoint region: Cleanup
[2019-12-09T02:09:34.283+0000][1][safepoint    ] Leaving safepoint region
[2019-12-09T02:09:34.283+0000][1][safepoint    ] Total time for which application threads were stopped: 0.0000870 seconds, Stopping threads took: 0.0000163 seconds
[2019-12-09T02:09:36.283+0000][1][safepoint    ] Application time: 2.0001433 seconds
[2019-12-09T02:09:36.283+0000][1][safepoint    ] Entering safepoint region: Cleanup
[2019-12-09T02:09:36.283+0000][1][safepoint    ] Leaving safepoint region
[2019-12-09T02:09:36.283+0000][1][safepoint    ] Total time for which application threads were stopped: 0.0000861 seconds, Stopping threads took: 0.0000176 seconds
[2019-12-09T02:09:40.283+0000][1][safepoint    ] Application time: 4.0002785 seconds
[2019-12-09T02:09:40.283+0000][1][safepoint    ] Entering safepoint region: Cleanup
[2019-12-09T02:09:40.284+0000][1][safepoint    ] Leaving safepoint region
[2019-12-09T02:09:40.284+0000][1][safepoint    ] Total time for which application threads were stopped: 0.0000811 seconds, Stopping threads took: 0.0000170 seconds
[2019-12-09T02:09:44.284+0000][1][safepoint    ] Application time: 4.0002749 seconds
[2019-12-09T02:09:44.284+0000][1][safepoint    ] Entering safepoint region: Cleanup
[2019-12-09T02:09:44.284+0000][1][safepoint    ] Leaving safepoint region
[2019-12-09T02:09:44.284+0000][1][safepoint    ] Total time for which application threads were stopped: 0.0000926 seconds, Stopping threads took: 0.0000265 seconds
[2019-12-09T02:10:01.285+0000][1][safepoint    ] Application time: 17.0011440 seconds
[2019-12-09T02:10:01.285+0000][1][safepoint    ] Entering safepoint region: Cleanup
[2019-12-09T02:10:01.285+0000][1][safepoint    ] Leaving safepoint region
[2019-12-09T02:10:01.285+0000][1][safepoint    ] Total time for which application threads were stopped: 0.0000921 seconds, Stopping threads took: 0.0000262 seconds
[2019-12-09T02:10:13.286+0000][1][safepoint    ] Application time: 12.0008110 seconds
[2019-12-09T02:10:13.286+0000][1][safepoint    ] Entering safepoint region: Cleanup
[2019-12-09T02:10:13.286+0000][1][safepoint    ] Leaving safepoint region
[2019-12-09T02:10:13.286+0000][1][safepoint    ] Total time for which application threads were stopped: 0.0000920 seconds, Stopping threads took: 0.0000257 seconds
[2019-12-09T02:10:15.286+0000][1][safepoint    ] Application time: 2.0001444 seconds
[2019-12-09T02:10:15.286+0000][1][safepoint    ] Entering safepoint region: Cleanup
[2019-12-09T02:10:15.286+0000][1][safepoint    ] Leaving safepoint region
[2019-12-09T02:10:15.286+0000][1][safepoint    ] Total time for which application threads were stopped: 0.0000860 seconds, Stopping threads took: 0.0000171 seconds
[2019-12-09T02:10:16.287+0000][1][safepoint    ] Application time: 1.0000778 seconds
[2019-12-09T02:10:16.287+0000][1][safepoint    ] Entering safepoint region: Cleanup
[2019-12-09T02:10:16.287+0000][1][safepoint    ] Leaving safepoint region
[2019-12-09T02:10:16.287+0000][1][safepoint    ] Total time for which application threads were stopped: 0.0001056 seconds, Stopping threads took: 0.0000191 seconds
[2019-12-09T02:10:18.287+0000][1][safepoint    ] Application time: 2.0001410 seconds
[2019-12-09T02:10:18.287+0000][1][safepoint    ] Entering safepoint region: Cleanup
[2019-12-09T02:10:18.287+0000][1][safepoint    ] Leaving safepoint region
[2019-12-09T02:10:18.287+0000][1][safepoint    ] Total time for which application threads were stopped: 0.0001068 seconds, Stopping threads took: 0.0000192 seconds
[2019-12-09T02:10:20.287+0000][1][safepoint    ] Application time: 2.0001418 seconds
[2019-12-09T02:10:20.287+0000][1][safepoint    ] Entering safepoint region: Cleanup
[2019-12-09T02:10:20.287+0000][1][safepoint    ] Leaving safepoint region
[2019-12-09T02:10:20.287+0000][1][safepoint    ] Total time for which application threads were stopped: 0.0000850 seconds, Stopping threads took: 0.0000191 seconds
[2019-12-09T02:10:22.287+0000][1][safepoint    ] Application time: 2.0001434 seconds
[2019-12-09T02:10:22.287+0000][1][safepoint    ] Entering safepoint region: Cleanup
[2019-12-09T02:10:22.288+0000][1][safepoint    ] Leaving safepoint region
[2019-12-09T02:10:22.288+0000][1][safepoint    ] Total time for which application threads were stopped: 0.0000992 seconds, Stopping threads took: 0.0000268 seconds
[2019-12-09T02:10:27.288+0000][1][safepoint    ] Application time: 5.0003410 seconds
[2019-12-09T02:10:27.288+0000][1][safepoint    ] Entering safepoint region: Cleanup
[2019-12-09T02:10:27.288+0000][1][safepoint    ] Leaving safepoint region
[2019-12-09T02:10:27.288+0000][1][safepoint    ] Total time for which application threads were stopped: 0.0000923 seconds, Stopping threads took: 0.0000241 seconds
[2019-12-09T02:10:36.289+0000][1][safepoint    ] Application time: 9.0006081 seconds
[2019-12-09T02:10:36.289+0000][1][safepoint    ] Entering safepoint region: Cleanup
[2019-12-09T02:10:36.289+0000][1][safepoint    ] Leaving safepoint region
[2019-12-09T02:10:36.289+0000][1][safepoint    ] Total time for which application threads were stopped: 0.0001005 seconds, Stopping threads took: 0.0000275 seconds
[2019-12-09T02:10:37.289+0000][1][safepoint    ] Application time: 1.0000756 seconds
[2019-12-09T02:10:37.289+0000][1][safepoint    ] Entering safepoint region: Cleanup
[2019-12-09T02:10:37.289+0000][1][safepoint    ] Leaving safepoint region
[2019-12-09T02:10:37.289+0000][1][safepoint    ] Total time for which application threads were stopped: 0.0000827 seconds, Stopping threads took: 0.0000175 seconds
[2019-12-09T02:10:38.289+0000][1][safepoint    ] Application time: 1.0000761 seconds
[2019-12-09T02:10:38.289+0000][1][safepoint    ] Entering safepoint region: Cleanup
[2019-12-09T02:10:38.289+0000][1][safepoint    ] Leaving safepoint region
[2019-12-09T02:10:38.289+0000][1][safepoint    ] Total time for which application threads were stopped: 0.0000852 seconds, Stopping threads took: 0.0000216 seconds
[2019-12-09T02:10:39.289+0000][1][safepoint    ] Application time: 1.0000758 seconds
[2019-12-09T02:10:39.289+0000][1][safepoint    ] Entering safepoint region: Cleanup
[2019-12-09T02:10:39.289+0000][1][safepoint    ] Leaving safepoint region
[2019-12-09T02:10:39.289+0000][1][safepoint    ] Total time for which application threads were stopped: 0.0000899 seconds, Stopping threads took: 0.0000211 seconds
[2019-12-09T02:10:43.290+0000][1][safepoint    ] Application time: 4.0002751 seconds
[2019-12-09T02:10:43.290+0000][1][safepoint    ] Entering safepoint region: Cleanup
[2019-12-09T02:10:43.290+0000][1][safepoint    ] Leaving safepoint region
[2019-12-09T02:10:43.290+0000][1][safepoint    ] Total time for which application threads were stopped: 0.0000946 seconds, Stopping threads took: 0.0000281 seconds
[2019-12-09T02:10:45.290+0000][1][safepoint    ] Application time: 2.0001413 seconds
[2019-12-09T02:10:45.290+0000][1][safepoint    ] Entering safepoint region: Cleanup
[2019-12-09T02:10:45.290+0000][1][safepoint    ] Leaving safepoint region
[2019-12-09T02:10:45.290+0000][1][safepoint    ] Total time for which application threads were stopped: 0.0000817 seconds, Stopping threads took: 0.0000165 seconds
[2019-12-09T02:10:51.291+0000][1][safepoint    ] Application time: 6.0004103 seconds
[2019-12-09T02:10:51.291+0000][1][safepoint    ] Entering safepoint region: Cleanup
[2019-12-09T02:10:51.291+0000][1][safepoint    ] Leaving safepoint region
[2019-12-09T02:10:51.291+0000][1][safepoint    ] Total time for which application threads were stopped: 0.0000858 seconds, Stopping threads took: 0.0000221 seconds
[2019-12-09T02:11:02.291+0000][1][safepoint    ] Application time: 11.0007330 seconds
[2019-12-09T02:11:02.291+0000][1][safepoint    ] Entering safepoint region: Cleanup
[2019-12-09T02:11:02.291+0000][1][safepoint    ] Leaving safepoint region
[2019-12-09T02:11:02.291+0000][1][safepoint    ] Total time for which application threads were stopped: 0.0000888 seconds, Stopping threads took: 0.0000244 seconds
[2019-12-09T02:11:03.292+0000][1][safepoint    ] Application time: 1.0000750 seconds
[2019-12-09T02:11:03.292+0000][1][safepoint    ] Entering safepoint region: Cleanup
[2019-12-09T02:11:03.292+0000][1][safepoint    ] Leaving safepoint region
[2019-12-09T02:11:03.292+0000][1][safepoint    ] Total time for which application threads were stopped: 0.0000997 seconds, Stopping threads took: 0.0000183 seconds
[2019-12-09T02:11:06.292+0000][1][safepoint    ] Application time: 3.0002078 seconds
[2019-12-09T02:11:06.292+0000][1][safepoint    ] Entering safepoint region: Cleanup
[2019-12-09T02:11:06.292+0000][1][safepoint    ] Leaving safepoint region
[2019-12-09T02:11:06.292+0000][1][safepoint    ] Total time for which application threads were stopped: 0.0000821 seconds, Stopping threads took: 0.0000180 seconds
[2019-12-09T02:11:14.293+0000][1][safepoint    ] Application time: 8.0005367 seconds
[2019-12-09T02:11:14.293+0000][1][safepoint    ] Entering safepoint region: Cleanup
[2019-12-09T02:11:14.293+0000][1][safepoint    ] Leaving safepoint region
[2019-12-09T02:11:14.293+0000][1][safepoint    ] Total time for which application threads were stopped: 0.0000928 seconds, Stopping threads took: 0.0000163 seconds
[2019-12-09T02:11:14.951+0000][1][safepoint    ] Application time: 0.6582873 seconds
[2019-12-09T02:11:14.951+0000][1][safepoint    ] Entering safepoint region: GenCollectForAllocation
[2019-12-09T02:11:14.951+0000][1][gc,start     ] GC(26) Pause Young (Allocation Failure)
[2019-12-09T02:11:14.951+0000][1][gc,task      ] GC(26) Using 2 workers of 2 for evacuation
[2019-12-09T02:11:14.957+0000][1][gc,age       ] GC(26) Desired survivor size 4456448 bytes, new threshold 6 (max threshold 6)
[2019-12-09T02:11:14.957+0000][1][gc,age       ] GC(26) Age table with threshold 6 (max threshold 6)
[2019-12-09T02:11:14.957+0000][1][gc,age       ] GC(26) - age   1:       9968 bytes,       9968 total
[2019-12-09T02:11:14.957+0000][1][gc,age       ] GC(26) - age   2:       7056 bytes,      17024 total
[2019-12-09T02:11:14.957+0000][1][gc,age       ] GC(26) - age   3:      24560 bytes,      41584 total
[2019-12-09T02:11:14.957+0000][1][gc,age       ] GC(26) - age   4:    1766968 bytes,    1808552 total
[2019-12-09T02:11:14.957+0000][1][gc,heap      ] GC(26) ParNew: 72819K->2804K(78656K)
[2019-12-09T02:11:14.957+0000][1][gc,heap      ] GC(26) CMS: 67802K->67802K(174784K)
[2019-12-09T02:11:14.957+0000][1][gc,metaspace ] GC(26) Metaspace: 68944K->68944K(1112064K)
[2019-12-09T02:11:14.957+0000][1][gc           ] GC(26) Pause Young (Allocation Failure) 137M->68M(247M) 5.774ms
[2019-12-09T02:11:14.957+0000][1][gc,cpu       ] GC(26) User=0.01s Sys=0.00s Real=0.01s
[2019-12-09T02:11:14.957+0000][1][safepoint    ] Leaving safepoint region
[2019-12-09T02:11:14.957+0000][1][safepoint    ] Total time for which application threads were stopped: 0.0059309 seconds, Stopping threads took: 0.0000215 seconds
[2019-12-09T02:11:15.957+0000][1][safepoint    ] Application time: 1.0000908 seconds
[2019-12-09T02:11:15.957+0000][1][safepoint    ] Entering safepoint region: Cleanup
[2019-12-09T02:11:15.957+0000][1][safepoint    ] Leaving safepoint region
[2019-12-09T02:11:15.957+0000][1][safepoint    ] Total time for which application threads were stopped: 0.0000814 seconds, Stopping threads took: 0.0000168 seconds
[2019-12-09T02:11:18.957+0000][1][safepoint    ] Application time: 3.0002085 seconds
[2019-12-09T02:11:18.957+0000][1][safepoint    ] Entering safepoint region: Cleanup
[2019-12-09T02:11:18.958+0000][1][safepoint    ] Leaving safepoint region
[2019-12-09T02:11:18.958+0000][1][safepoint    ] Total time for which application threads were stopped: 0.0000885 seconds, Stopping threads took: 0.0000180 seconds
[2019-12-09T02:11:22.958+0000][1][safepoint    ] Application time: 4.0002752 seconds
[2019-12-09T02:11:22.958+0000][1][safepoint    ] Entering safepoint region: Cleanup
[2019-12-09T02:11:22.958+0000][1][safepoint    ] Leaving safepoint region
[2019-12-09T02:11:22.958+0000][1][safepoint    ] Total time for which application threads were stopped: 0.0000834 seconds, Stopping threads took: 0.0000170 seconds
[2019-12-09T02:11:23.958+0000][1][safepoint    ] Application time: 1.0000757 seconds
[2019-12-09T02:11:23.958+0000][1][safepoint    ] Entering safepoint region: Cleanup
[2019-12-09T02:11:23.958+0000][1][safepoint    ] Leaving safepoint region
[2019-12-09T02:11:23.958+0000][1][safepoint    ] Total time for which application threads were stopped: 0.0000868 seconds, Stopping threads took: 0.0000178 seconds
[2019-12-09T02:11:40.959+0000][1][safepoint    ] Application time: 17.0011616 seconds
[2019-12-09T02:11:40.959+0000][1][safepoint    ] Entering safepoint region: Cleanup
[2019-12-09T02:11:40.959+0000][1][safepoint    ] Leaving safepoint region
[2019-12-09T02:11:40.959+0000][1][safepoint    ] Total time for which application threads were stopped: 0.0000966 seconds, Stopping threads took: 0.0000274 seconds
[2019-12-09T02:11:56.961+0000][1][safepoint    ] Application time: 16.0010821 seconds
[2019-12-09T02:11:56.961+0000][1][safepoint    ] Entering safepoint region: Cleanup
[2019-12-09T02:11:56.961+0000][1][safepoint    ] Leaving safepoint region
[2019-12-09T02:11:56.961+0000][1][safepoint    ] Total time for which application threads were stopped: 0.0000925 seconds, Stopping threads took: 0.0000236 seconds
[2019-12-09T02:12:04.961+0000][1][safepoint    ] Application time: 8.0005408 seconds
[2019-12-09T02:12:04.961+0000][1][safepoint    ] Entering safepoint region: Cleanup
[2019-12-09T02:12:04.961+0000][1][safepoint    ] Leaving safepoint region
[2019-12-09T02:12:04.961+0000][1][safepoint    ] Total time for which application threads were stopped: 0.0000918 seconds, Stopping threads took: 0.0000183 seconds
[2019-12-09T02:12:07.962+0000][1][safepoint    ] Application time: 3.0002139 seconds
[2019-12-09T02:12:07.962+0000][1][safepoint    ] Entering safepoint region: Cleanup
[2019-12-09T02:12:07.962+0000][1][safepoint    ] Leaving safepoint region
[2019-12-09T02:12:07.962+0000][1][safepoint    ] Total time for which application threads were stopped: 0.0001018 seconds, Stopping threads took: 0.0000173 seconds
[2019-12-09T02:12:09.962+0000][1][safepoint    ] Application time: 2.0001435 seconds
[2019-12-09T02:12:09.962+0000][1][safepoint    ] Entering safepoint region: Cleanup
[2019-12-09T02:12:09.962+0000][1][safepoint    ] Leaving safepoint region
[2019-12-09T02:12:09.962+0000][1][safepoint    ] Total time for which application threads were stopped: 0.0000835 seconds, Stopping threads took: 0.0000169 seconds
[2019-12-09T02:12:20.963+0000][1][safepoint    ] Application time: 11.0007438 seconds
[2019-12-09T02:12:20.963+0000][1][safepoint    ] Entering safepoint region: Cleanup
[2019-12-09T02:12:20.963+0000][1][safepoint    ] Leaving safepoint region
[2019-12-09T02:12:20.963+0000][1][safepoint    ] Total time for which application threads were stopped: 0.0000888 seconds, Stopping threads took: 0.0000177 seconds
[2019-12-09T02:12:21.963+0000][1][safepoint    ] Application time: 1.0000768 seconds
[2019-12-09T02:12:21.963+0000][1][safepoint    ] Entering safepoint region: Cleanup
[2019-12-09T02:12:21.963+0000][1][safepoint    ] Leaving safepoint region
[2019-12-09T02:12:21.963+0000][1][safepoint    ] Total time for which application threads were stopped: 0.0000885 seconds, Stopping threads took: 0.0000170 seconds
[2019-12-09T02:12:27.963+0000][1][safepoint    ] Application time: 6.0004107 seconds
[2019-12-09T02:12:27.964+0000][1][safepoint    ] Entering safepoint region: Cleanup
[2019-12-09T02:12:27.964+0000][1][safepoint    ] Leaving safepoint region
[2019-12-09T02:12:27.964+0000][1][safepoint    ] Total time for which application threads were stopped: 0.0000969 seconds, Stopping threads took: 0.0000292 seconds
[2019-12-09T02:12:28.964+0000][1][safepoint    ] Application time: 1.0000768 seconds
[2019-12-09T02:12:28.964+0000][1][safepoint    ] Entering safepoint region: Cleanup
[2019-12-09T02:12:28.964+0000][1][safepoint    ] Leaving safepoint region
[2019-12-09T02:12:28.964+0000][1][safepoint    ] Total time for which application threads were stopped: 0.0000885 seconds, Stopping threads took: 0.0000180 seconds
[2019-12-09T02:12:30.964+0000][1][safepoint    ] Application time: 2.0001423 seconds
[2019-12-09T02:12:30.964+0000][1][safepoint    ] Entering safepoint region: Cleanup
[2019-12-09T02:12:30.964+0000][1][safepoint    ] Leaving safepoint region
[2019-12-09T02:12:30.964+0000][1][safepoint    ] Total time for which application threads were stopped: 0.0000860 seconds, Stopping threads took: 0.0000171 seconds
[2019-12-09T02:12:36.965+0000][1][safepoint    ] Application time: 6.0004110 seconds
[2019-12-09T02:12:36.965+0000][1][safepoint    ] Entering safepoint region: Cleanup
[2019-12-09T02:12:36.965+0000][1][safepoint    ] Leaving safepoint region
[2019-12-09T02:12:36.965+0000][1][safepoint    ] Total time for which application threads were stopped: 0.0000867 seconds, Stopping threads took: 0.0000181 seconds
[2019-12-09T02:12:46.965+0000][1][safepoint    ] Application time: 10.0006754 seconds
[2019-12-09T02:12:46.965+0000][1][safepoint    ] Entering safepoint region: Cleanup
[2019-12-09T02:12:46.965+0000][1][safepoint    ] Leaving safepoint region
[2019-12-09T02:12:46.965+0000][1][safepoint    ] Total time for which application threads were stopped: 0.0000841 seconds, Stopping threads took: 0.0000183 seconds
[2019-12-09T02:13:00.966+0000][1][safepoint    ] Application time: 14.0009523 seconds
[2019-12-09T02:13:00.966+0000][1][safepoint    ] Entering safepoint region: Cleanup
[2019-12-09T02:13:00.967+0000][1][safepoint    ] Leaving safepoint region
[2019-12-09T02:13:00.967+0000][1][safepoint    ] Total time for which application threads were stopped: 0.0000963 seconds, Stopping threads took: 0.0000253 seconds
[2019-12-09T02:13:15.968+0000][1][safepoint    ] Application time: 15.0010072 seconds
[2019-12-09T02:13:15.968+0000][1][safepoint    ] Entering safepoint region: Cleanup
[2019-12-09T02:13:15.968+0000][1][safepoint    ] Leaving safepoint region
[2019-12-09T02:13:15.968+0000][1][safepoint    ] Total time for which application threads were stopped: 0.0000999 seconds, Stopping threads took: 0.0000171 seconds
[2019-12-09T02:13:17.968+0000][1][safepoint    ] Application time: 2.0001421 seconds
[2019-12-09T02:13:17.968+0000][1][safepoint    ] Entering safepoint region: Cleanup
[2019-12-09T02:13:17.968+0000][1][safepoint    ] Leaving safepoint region
[2019-12-09T02:13:17.968+0000][1][safepoint    ] Total time for which application threads were stopped: 0.0000806 seconds, Stopping threads took: 0.0000177 seconds
[2019-12-09T02:13:18.968+0000][1][safepoint    ] Application time: 1.0000753 seconds
[2019-12-09T02:13:18.968+0000][1][safepoint    ] Entering safepoint region: Cleanup
[2019-12-09T02:13:18.968+0000][1][safepoint    ] Leaving safepoint region
[2019-12-09T02:13:18.968+0000][1][safepoint    ] Total time for which application threads were stopped: 0.0000799 seconds, Stopping threads took: 0.0000175 seconds
[2019-12-09T02:13:19.968+0000][1][safepoint    ] Application time: 1.0000750 seconds
[2019-12-09T02:13:19.968+0000][1][safepoint    ] Entering safepoint region: Cleanup
[2019-12-09T02:13:19.968+0000][1][safepoint    ] Leaving safepoint region
[2019-12-09T02:13:19.968+0000][1][safepoint    ] Total time for which application threads were stopped: 0.0000810 seconds, Stopping threads took: 0.0000182 seconds
[2019-12-09T02:13:20.968+0000][1][safepoint    ] Application time: 1.0000769 seconds
[2019-12-09T02:13:20.968+0000][1][safepoint    ] Entering safepoint region: Cleanup
[2019-12-09T02:13:20.969+0000][1][safepoint    ] Leaving safepoint region
[2019-12-09T02:13:20.969+0000][1][safepoint    ] Total time for which application threads were stopped: 0.0000799 seconds, Stopping threads took: 0.0000176 seconds
[2019-12-09T02:13:21.969+0000][1][safepoint    ] Application time: 1.0000773 seconds
[2019-12-09T02:13:21.969+0000][1][safepoint    ] Entering safepoint region: Cleanup
[2019-12-09T02:13:21.969+0000][1][safepoint    ] Leaving safepoint region
[2019-12-09T02:13:21.969+0000][1][safepoint    ] Total time for which application threads were stopped: 0.0000908 seconds, Stopping threads took: 0.0000281 seconds
[2019-12-09T02:13:22.969+0000][1][safepoint    ] Application time: 1.0000751 seconds
[2019-12-09T02:13:22.969+0000][1][safepoint    ] Entering safepoint region: Cleanup
[2019-12-09T02:13:22.969+0000][1][safepoint    ] Leaving safepoint region
[2019-12-09T02:13:22.969+0000][1][safepoint    ] Total time for which application threads were stopped: 0.0000815 seconds, Stopping threads took: 0.0000170 seconds
[2019-12-09T02:13:23.969+0000][1][safepoint    ] Application time: 1.0000762 seconds
[2019-12-09T02:13:23.969+0000][1][safepoint    ] Entering safepoint region: Cleanup
[2019-12-09T02:13:23.969+0000][1][safepoint    ] Leaving safepoint region
[2019-12-09T02:13:23.969+0000][1][safepoint    ] Total time for which application threads were stopped: 0.0000795 seconds, Stopping threads took: 0.0000182 seconds
[2019-12-09T02:13:24.496+0000][1][safepoint    ] Application time: 0.5264378 seconds
[2019-12-09T02:13:24.496+0000][1][safepoint    ] Entering safepoint region: GenCollectForAllocation
[2019-12-09T02:13:24.496+0000][1][gc,start     ] GC(27) Pause Young (Allocation Failure)
[2019-12-09T02:13:24.496+0000][1][gc,task      ] GC(27) Using 2 workers of 2 for evacuation
[2019-12-09T02:13:24.502+0000][1][gc,age       ] GC(27) Desired survivor size 4456448 bytes, new threshold 6 (max threshold 6)
[2019-12-09T02:13:24.502+0000][1][gc,age       ] GC(27) Age table with threshold 6 (max threshold 6)
[2019-12-09T02:13:24.502+0000][1][gc,age       ] GC(27) - age   1:      10568 bytes,      10568 total
[2019-12-09T02:13:24.502+0000][1][gc,age       ] GC(27) - age   2:       5144 bytes,      15712 total
[2019-12-09T02:13:24.502+0000][1][gc,age       ] GC(27) - age   3:       6840 bytes,      22552 total
[2019-12-09T02:13:24.502+0000][1][gc,age       ] GC(27) - age   4:      24560 bytes,      47112 total
[2019-12-09T02:13:24.502+0000][1][gc,age       ] GC(27) - age   5:    1762104 bytes,    1809216 total
[2019-12-09T02:13:24.502+0000][1][gc,heap      ] GC(27) ParNew: 72756K->2687K(78656K)
[2019-12-09T02:13:24.502+0000][1][gc,heap      ] GC(27) CMS: 67802K->67802K(174784K)
[2019-12-09T02:13:24.502+0000][1][gc,metaspace ] GC(27) Metaspace: 68998K->68998K(1112064K)
[2019-12-09T02:13:24.502+0000][1][gc           ] GC(27) Pause Young (Allocation Failure) 137M->68M(247M) 6.083ms
[2019-12-09T02:13:24.502+0000][1][gc,cpu       ] GC(27) User=0.01s Sys=0.00s Real=0.00s
[2019-12-09T02:13:24.502+0000][1][safepoint    ] Leaving safepoint region
[2019-12-09T02:13:24.502+0000][1][safepoint    ] Total time for which application threads were stopped: 0.0062806 seconds, Stopping threads took: 0.0000211 seconds
[2019-12-09T02:13:25.502+0000][1][safepoint    ] Application time: 1.0000946 seconds
[2019-12-09T02:13:25.502+0000][1][safepoint    ] Entering safepoint region: Cleanup
[2019-12-09T02:13:25.502+0000][1][safepoint    ] Leaving safepoint region
[2019-12-09T02:13:25.502+0000][1][safepoint    ] Total time for which application threads were stopped: 0.0000866 seconds, Stopping threads took: 0.0000150 seconds
[2019-12-09T02:13:26.502+0000][1][safepoint    ] Application time: 1.0000784 seconds
[2019-12-09T02:13:26.502+0000][1][safepoint    ] Entering safepoint region: Cleanup
[2019-12-09T02:13:26.502+0000][1][safepoint    ] Leaving safepoint region
[2019-12-09T02:13:26.502+0000][1][safepoint    ] Total time for which application threads were stopped: 0.0000806 seconds, Stopping threads took: 0.0000225 seconds
[2019-12-09T02:13:27.502+0000][1][safepoint    ] Application time: 1.0000874 seconds
[2019-12-09T02:13:27.502+0000][1][safepoint    ] Entering safepoint region: Cleanup
[2019-12-09T02:13:27.503+0000][1][safepoint    ] Leaving safepoint region
[2019-12-09T02:13:27.503+0000][1][safepoint    ] Total time for which application threads were stopped: 0.0000759 seconds, Stopping threads took: 0.0000169 seconds
[2019-12-09T02:13:28.503+0000][1][safepoint    ] Application time: 1.0000771 seconds
[2019-12-09T02:13:28.503+0000][1][safepoint    ] Entering safepoint region: Cleanup
[2019-12-09T02:13:28.503+0000][1][safepoint    ] Leaving safepoint region
[2019-12-09T02:13:28.503+0000][1][safepoint    ] Total time for which application threads were stopped: 0.0000938 seconds, Stopping threads took: 0.0000179 seconds
[2019-12-09T02:13:29.503+0000][1][safepoint    ] Application time: 1.0000740 seconds
[2019-12-09T02:13:29.503+0000][1][safepoint    ] Entering safepoint region: Cleanup
[2019-12-09T02:13:29.503+0000][1][safepoint    ] Leaving safepoint region
[2019-12-09T02:13:29.503+0000][1][safepoint    ] Total time for which application threads were stopped: 0.0000744 seconds, Stopping threads took: 0.0000170 seconds
[2019-12-09T02:13:30.503+0000][1][safepoint    ] Application time: 1.0000755 seconds
[2019-12-09T02:13:30.503+0000][1][safepoint    ] Entering safepoint region: Cleanup
[2019-12-09T02:13:30.503+0000][1][safepoint    ] Leaving safepoint region
[2019-12-09T02:13:30.503+0000][1][safepoint    ] Total time for which application threads were stopped: 0.0000869 seconds, Stopping threads took: 0.0000181 seconds
[2019-12-09T02:13:31.503+0000][1][safepoint    ] Application time: 1.0000756 seconds
[2019-12-09T02:13:31.503+0000][1][safepoint    ] Entering safepoint region: Cleanup
[2019-12-09T02:13:31.503+0000][1][safepoint    ] Leaving safepoint region
[2019-12-09T02:13:31.503+0000][1][safepoint    ] Total time for which application threads were stopped: 0.0000740 seconds, Stopping threads took: 0.0000160 seconds
[2019-12-09T02:13:32.503+0000][1][safepoint    ] Application time: 1.0000780 seconds
[2019-12-09T02:13:32.503+0000][1][safepoint    ] Entering safepoint region: Cleanup
[2019-12-09T02:13:32.503+0000][1][safepoint    ] Leaving safepoint region
[2019-12-09T02:13:32.503+0000][1][safepoint    ] Total time for which application threads were stopped: 0.0000795 seconds, Stopping threads took: 0.0000173 seconds
[2019-12-09T02:13:33.504+0000][1][safepoint    ] Application time: 1.0000756 seconds
[2019-12-09T02:13:33.504+0000][1][safepoint    ] Entering safepoint region: Cleanup
[2019-12-09T02:13:33.504+0000][1][safepoint    ] Leaving safepoint region
[2019-12-09T02:13:33.504+0000][1][safepoint    ] Total time for which application threads were stopped: 0.0000745 seconds, Stopping threads took: 0.0000148 seconds
[2019-12-09T02:13:34.504+0000][1][safepoint    ] Application time: 1.0000781 seconds
[2019-12-09T02:13:34.504+0000][1][safepoint    ] Entering safepoint region: Cleanup
[2019-12-09T02:13:34.504+0000][1][safepoint    ] Leaving safepoint region
[2019-12-09T02:13:34.504+0000][1][safepoint    ] Total time for which application threads were stopped: 0.0000791 seconds, Stopping threads took: 0.0000173 seconds
[2019-12-09T02:13:35.504+0000][1][safepoint    ] Application time: 1.0000774 seconds
[2019-12-09T02:13:35.504+0000][1][safepoint    ] Entering safepoint region: Cleanup
[2019-12-09T02:13:35.504+0000][1][safepoint    ] Leaving safepoint region
[2019-12-09T02:13:35.504+0000][1][safepoint    ] Total time for which application threads were stopped: 0.0000766 seconds, Stopping threads took: 0.0000160 seconds
[2019-12-09T02:13:36.504+0000][1][safepoint    ] Application time: 1.0000792 seconds
[2019-12-09T02:13:36.504+0000][1][safepoint    ] Entering safepoint region: Cleanup
[2019-12-09T02:13:36.504+0000][1][safepoint    ] Leaving safepoint region
[2019-12-09T02:13:36.504+0000][1][safepoint    ] Total time for which application threads were stopped: 0.0000802 seconds, Stopping threads took: 0.0000156 seconds
[2019-12-09T02:13:37.504+0000][1][safepoint    ] Application time: 1.0001137 seconds
[2019-12-09T02:13:37.504+0000][1][safepoint    ] Entering safepoint region: Cleanup
[2019-12-09T02:13:37.504+0000][1][safepoint    ] Leaving safepoint region
[2019-12-09T02:13:37.504+0000][1][safepoint    ] Total time for which application threads were stopped: 0.0000788 seconds, Stopping threads took: 0.0000171 seconds
[2019-12-09T02:13:38.505+0000][1][safepoint    ] Application time: 1.0001619 seconds
[2019-12-09T02:13:38.505+0000][1][safepoint    ] Entering safepoint region: Cleanup
[2019-12-09T02:13:38.505+0000][1][safepoint    ] Leaving safepoint region
[2019-12-09T02:13:38.505+0000][1][safepoint    ] Total time for which application threads were stopped: 0.0001548 seconds, Stopping threads took: 0.0000676 seconds
[2019-12-09T02:13:39.505+0000][1][safepoint    ] Application time: 1.0000769 seconds
[2019-12-09T02:13:39.505+0000][1][safepoint    ] Entering safepoint region: Cleanup
[2019-12-09T02:13:39.505+0000][1][safepoint    ] Leaving safepoint region
[2019-12-09T02:13:39.505+0000][1][safepoint    ] Total time for which application threads were stopped: 0.0000793 seconds, Stopping threads took: 0.0000181 seconds
[2019-12-09T02:13:40.505+0000][1][safepoint    ] Application time: 1.0000755 seconds
[2019-12-09T02:13:40.505+0000][1][safepoint    ] Entering safepoint region: Cleanup
[2019-12-09T02:13:40.505+0000][1][safepoint    ] Leaving safepoint region
[2019-12-09T02:13:40.505+0000][1][safepoint    ] Total time for which application threads were stopped: 0.0000760 seconds, Stopping threads took: 0.0000164 seconds
[2019-12-09T02:13:41.505+0000][1][safepoint    ] Application time: 1.0000770 seconds
[2019-12-09T02:13:41.505+0000][1][safepoint    ] Entering safepoint region: Cleanup
[2019-12-09T02:13:41.505+0000][1][safepoint    ] Leaving safepoint region
[2019-12-09T02:13:41.505+0000][1][safepoint    ] Total time for which application threads were stopped: 0.0000765 seconds, Stopping threads took: 0.0000166 seconds
[2019-12-09T02:13:42.505+0000][1][safepoint    ] Application time: 1.0000753 seconds
[2019-12-09T02:13:42.505+0000][1][safepoint    ] Entering safepoint region: Cleanup
[2019-12-09T02:13:42.506+0000][1][safepoint    ] Leaving safepoint region
[2019-12-09T02:13:42.506+0000][1][safepoint    ] Total time for which application threads were stopped: 0.0000801 seconds, Stopping threads took: 0.0000194 seconds
[2019-12-09T02:13:43.506+0000][1][safepoint    ] Application time: 1.0000761 seconds
[2019-12-09T02:13:43.506+0000][1][safepoint    ] Entering safepoint region: Cleanup
[2019-12-09T02:13:43.506+0000][1][safepoint    ] Leaving safepoint region
[2019-12-09T02:13:43.506+0000][1][safepoint    ] Total time for which application threads were stopped: 0.0000851 seconds, Stopping threads took: 0.0000241 seconds
[2019-12-09T02:13:44.506+0000][1][safepoint    ] Application time: 1.0000761 seconds
[2019-12-09T02:13:44.506+0000][1][safepoint    ] Entering safepoint region: Cleanup
[2019-12-09T02:13:44.506+0000][1][safepoint    ] Leaving safepoint region
[2019-12-09T02:13:44.506+0000][1][safepoint    ] Total time for which application threads were stopped: 0.0000784 seconds, Stopping threads took: 0.0000170 seconds
[2019-12-09T02:13:45.506+0000][1][safepoint    ] Application time: 1.0000761 seconds
[2019-12-09T02:13:45.506+0000][1][safepoint    ] Entering safepoint region: Cleanup
[2019-12-09T02:13:45.506+0000][1][safepoint    ] Leaving safepoint region
[2019-12-09T02:13:45.506+0000][1][safepoint    ] Total time for which application threads were stopped: 0.0000797 seconds, Stopping threads took: 0.0000174 seconds
[2019-12-09T02:13:46.506+0000][1][safepoint    ] Application time: 1.0000744 seconds
[2019-12-09T02:13:46.506+0000][1][safepoint    ] Entering safepoint region: Cleanup
[2019-12-09T02:13:46.506+0000][1][safepoint    ] Leaving safepoint region
[2019-12-09T02:13:46.506+0000][1][safepoint    ] Total time for which application threads were stopped: 0.0000938 seconds, Stopping threads took: 0.0000183 seconds
[2019-12-09T02:13:47.506+0000][1][safepoint    ] Application time: 1.0000762 seconds
[2019-12-09T02:13:47.506+0000][1][safepoint    ] Entering safepoint region: Cleanup
[2019-12-09T02:13:47.507+0000][1][safepoint    ] Leaving safepoint region
[2019-12-09T02:13:47.507+0000][1][safepoint    ] Total time for which application threads were stopped: 0.0000829 seconds, Stopping threads took: 0.0000183 seconds
[2019-12-09T02:13:48.507+0000][1][safepoint    ] Application time: 1.0000762 seconds
[2019-12-09T02:13:48.507+0000][1][safepoint    ] Entering safepoint region: Cleanup
[2019-12-09T02:13:48.507+0000][1][safepoint    ] Leaving safepoint region
[2019-12-09T02:13:48.507+0000][1][safepoint    ] Total time for which application threads were stopped: 0.0000898 seconds, Stopping threads took: 0.0000169 seconds
[2019-12-09T02:13:49.507+0000][1][safepoint    ] Application time: 1.0000747 seconds
[2019-12-09T02:13:49.507+0000][1][safepoint    ] Entering safepoint region: Cleanup
[2019-12-09T02:13:49.507+0000][1][safepoint    ] Leaving safepoint region
[2019-12-09T02:13:49.507+0000][1][safepoint    ] Total time for which application threads were stopped: 0.0000765 seconds, Stopping threads took: 0.0000164 seconds
[2019-12-09T02:13:50.507+0000][1][safepoint    ] Application time: 1.0000768 seconds
[2019-12-09T02:13:50.507+0000][1][safepoint    ] Entering safepoint region: Cleanup
[2019-12-09T02:13:50.507+0000][1][safepoint    ] Leaving safepoint region
[2019-12-09T02:13:50.507+0000][1][safepoint    ] Total time for which application threads were stopped: 0.0000775 seconds, Stopping threads took: 0.0000177 seconds
[2019-12-09T02:13:51.886+0000][1][safepoint    ] Application time: 1.3793955 seconds
[2019-12-09T02:13:51.887+0000][1][safepoint    ] Entering safepoint region: Cleanup
[2019-12-09T02:13:51.887+0000][1][safepoint    ] Leaving safepoint region
[2019-12-09T02:13:51.887+0000][1][safepoint    ] Total time for which application threads were stopped: 0.0002076 seconds, Stopping threads took: 0.0000178 seconds
[2019-12-09T02:13:52.887+0000][1][safepoint    ] Application time: 1.0000745 seconds
[2019-12-09T02:13:52.887+0000][1][safepoint    ] Entering safepoint region: Cleanup
[2019-12-09T02:13:52.887+0000][1][safepoint    ] Leaving safepoint region
[2019-12-09T02:13:52.887+0000][1][safepoint    ] Total time for which application threads were stopped: 0.0000795 seconds, Stopping threads took: 0.0000166 seconds
[2019-12-09T02:13:53.887+0000][1][safepoint    ] Application time: 1.0000819 seconds
[2019-12-09T02:13:53.887+0000][1][safepoint    ] Entering safepoint region: Cleanup
[2019-12-09T02:13:53.887+0000][1][safepoint    ] Leaving safepoint region
[2019-12-09T02:13:53.887+0000][1][safepoint    ] Total time for which application threads were stopped: 0.0000975 seconds, Stopping threads took: 0.0000197 seconds
[2019-12-09T02:13:54.887+0000][1][safepoint    ] Application time: 1.0000771 seconds
[2019-12-09T02:13:54.887+0000][1][safepoint    ] Entering safepoint region: Cleanup
[2019-12-09T02:13:54.887+0000][1][safepoint    ] Leaving safepoint region
[2019-12-09T02:13:54.887+0000][1][safepoint    ] Total time for which application threads were stopped: 0.0000808 seconds, Stopping threads took: 0.0000198 seconds
[2019-12-09T02:13:55.887+0000][1][safepoint    ] Application time: 1.0000749 seconds
[2019-12-09T02:13:55.887+0000][1][safepoint    ] Entering safepoint region: Cleanup
[2019-12-09T02:13:55.888+0000][1][safepoint    ] Leaving safepoint region
[2019-12-09T02:13:55.888+0000][1][safepoint    ] Total time for which application threads were stopped: 0.0000771 seconds, Stopping threads took: 0.0000150 seconds
[2019-12-09T02:13:56.888+0000][1][safepoint    ] Application time: 1.0000768 seconds
[2019-12-09T02:13:56.888+0000][1][safepoint    ] Entering safepoint region: Cleanup
[2019-12-09T02:13:56.888+0000][1][safepoint    ] Leaving safepoint region
[2019-12-09T02:13:56.888+0000][1][safepoint    ] Total time for which application threads were stopped: 0.0001018 seconds, Stopping threads took: 0.0000392 seconds
[2019-12-09T02:13:57.888+0000][1][safepoint    ] Application time: 1.0000753 seconds
[2019-12-09T02:13:57.888+0000][1][safepoint    ] Entering safepoint region: Cleanup
[2019-12-09T02:13:57.888+0000][1][safepoint    ] Leaving safepoint region
[2019-12-09T02:13:57.888+0000][1][safepoint    ] Total time for which application threads were stopped: 0.0000811 seconds, Stopping threads took: 0.0000184 seconds
[2019-12-09T02:13:58.888+0000][1][safepoint    ] Application time: 1.0000750 seconds
[2019-12-09T02:13:58.888+0000][1][safepoint    ] Entering safepoint region: Cleanup
[2019-12-09T02:13:58.888+0000][1][safepoint    ] Leaving safepoint region
[2019-12-09T02:13:58.888+0000][1][safepoint    ] Total time for which application threads were stopped: 0.0000799 seconds, Stopping threads took: 0.0000171 seconds
[2019-12-09T02:13:59.888+0000][1][safepoint    ] Application time: 1.0000759 seconds
[2019-12-09T02:13:59.888+0000][1][safepoint    ] Entering safepoint region: Cleanup
[2019-12-09T02:13:59.888+0000][1][safepoint    ] Leaving safepoint region
[2019-12-09T02:13:59.888+0000][1][safepoint    ] Total time for which application threads were stopped: 0.0000849 seconds, Stopping threads took: 0.0000189 seconds
[2019-12-09T02:14:00.888+0000][1][safepoint    ] Application time: 1.0000746 seconds
[2019-12-09T02:14:00.888+0000][1][safepoint    ] Entering safepoint region: Cleanup
[2019-12-09T02:14:00.889+0000][1][safepoint    ] Leaving safepoint region
[2019-12-09T02:14:00.889+0000][1][safepoint    ] Total time for which application threads were stopped: 0.0000781 seconds, Stopping threads took: 0.0000167 seconds
[2019-12-09T02:14:01.889+0000][1][safepoint    ] Application time: 1.0000775 seconds
[2019-12-09T02:14:01.889+0000][1][safepoint    ] Entering safepoint region: Cleanup
[2019-12-09T02:14:01.889+0000][1][safepoint    ] Leaving safepoint region
[2019-12-09T02:14:01.889+0000][1][safepoint    ] Total time for which application threads were stopped: 0.0000827 seconds, Stopping threads took: 0.0000183 seconds
[2019-12-09T02:14:02.889+0000][1][safepoint    ] Application time: 1.0000771 seconds
[2019-12-09T02:14:02.889+0000][1][safepoint    ] Entering safepoint region: Cleanup
[2019-12-09T02:14:02.889+0000][1][safepoint    ] Leaving safepoint region
[2019-12-09T02:14:02.889+0000][1][safepoint    ] Total time for which application threads were stopped: 0.0000800 seconds, Stopping threads took: 0.0000185 seconds
[2019-12-09T02:14:03.889+0000][1][safepoint    ] Application time: 1.0000766 seconds
[2019-12-09T02:14:03.889+0000][1][safepoint    ] Entering safepoint region: Cleanup
[2019-12-09T02:14:03.889+0000][1][safepoint    ] Leaving safepoint region
[2019-12-09T02:14:03.889+0000][1][safepoint    ] Total time for which application threads were stopped: 0.0000792 seconds, Stopping threads took: 0.0000173 seconds
[2019-12-09T02:14:04.889+0000][1][safepoint    ] Application time: 1.0000751 seconds
[2019-12-09T02:14:04.889+0000][1][safepoint    ] Entering safepoint region: Cleanup
[2019-12-09T02:14:04.889+0000][1][safepoint    ] Leaving safepoint region
[2019-12-09T02:14:04.889+0000][1][safepoint    ] Total time for which application threads were stopped: 0.0000785 seconds, Stopping threads took: 0.0000175 seconds
[2019-12-09T02:14:05.889+0000][1][safepoint    ] Application time: 1.0000757 seconds
[2019-12-09T02:14:05.889+0000][1][safepoint    ] Entering safepoint region: Cleanup
[2019-12-09T02:14:05.890+0000][1][safepoint    ] Leaving safepoint region
[2019-12-09T02:14:05.890+0000][1][safepoint    ] Total time for which application threads were stopped: 0.0000794 seconds, Stopping threads took: 0.0000173 seconds
[2019-12-09T02:14:06.890+0000][1][safepoint    ] Application time: 1.0000774 seconds
[2019-12-09T02:14:06.890+0000][1][safepoint    ] Entering safepoint region: Cleanup
[2019-12-09T02:14:06.890+0000][1][safepoint    ] Leaving safepoint region
[2019-12-09T02:14:06.890+0000][1][safepoint    ] Total time for which application threads were stopped: 0.0000810 seconds, Stopping threads took: 0.0000192 seconds
[2019-12-09T02:14:07.890+0000][1][safepoint    ] Application time: 1.0000772 seconds
[2019-12-09T02:14:07.890+0000][1][safepoint    ] Entering safepoint region: Cleanup
[2019-12-09T02:14:07.890+0000][1][safepoint    ] Leaving safepoint region
[2019-12-09T02:14:07.890+0000][1][safepoint    ] Total time for which application threads were stopped: 0.0000795 seconds, Stopping threads took: 0.0000179 seconds
[2019-12-09T02:14:08.890+0000][1][safepoint    ] Application time: 1.0000764 seconds
[2019-12-09T02:14:08.890+0000][1][safepoint    ] Entering safepoint region: Cleanup
[2019-12-09T02:14:08.890+0000][1][safepoint    ] Leaving safepoint region
[2019-12-09T02:14:08.890+0000][1][safepoint    ] Total time for which application threads were stopped: 0.0000808 seconds, Stopping threads took: 0.0000181 seconds
[2019-12-09T02:14:09.890+0000][1][safepoint    ] Application time: 1.0000755 seconds
[2019-12-09T02:14:09.890+0000][1][safepoint    ] Entering safepoint region: Cleanup
[2019-12-09T02:14:09.890+0000][1][safepoint    ] Leaving safepoint region
[2019-12-09T02:14:09.890+0000][1][safepoint    ] Total time for which application threads were stopped: 0.0000811 seconds, Stopping threads took: 0.0000189 seconds
[2019-12-09T02:14:10.890+0000][1][safepoint    ] Application time: 1.0000835 seconds
[2019-12-09T02:14:10.891+0000][1][safepoint    ] Entering safepoint region: Cleanup
[2019-12-09T02:14:10.891+0000][1][safepoint    ] Leaving safepoint region
[2019-12-09T02:14:10.891+0000][1][safepoint    ] Total time for which application threads were stopped: 0.0000853 seconds, Stopping threads took: 0.0000173 seconds
[2019-12-09T02:14:11.891+0000][1][safepoint    ] Application time: 1.0000830 seconds
[2019-12-09T02:14:11.891+0000][1][safepoint    ] Entering safepoint region: Cleanup
[2019-12-09T02:14:11.891+0000][1][safepoint    ] Leaving safepoint region
[2019-12-09T02:14:11.891+0000][1][safepoint    ] Total time for which application threads were stopped: 0.0000795 seconds, Stopping threads took: 0.0000186 seconds
[2019-12-09T02:14:12.891+0000][1][safepoint    ] Application time: 1.0000771 seconds
[2019-12-09T02:14:12.891+0000][1][safepoint    ] Entering safepoint region: Cleanup
[2019-12-09T02:14:12.891+0000][1][safepoint    ] Leaving safepoint region
[2019-12-09T02:14:12.891+0000][1][safepoint    ] Total time for which application threads were stopped: 0.0000835 seconds, Stopping threads took: 0.0000180 seconds
[2019-12-09T02:14:13.891+0000][1][safepoint    ] Application time: 1.0000771 seconds
[2019-12-09T02:14:13.891+0000][1][safepoint    ] Entering safepoint region: Cleanup
[2019-12-09T02:14:13.891+0000][1][safepoint    ] Leaving safepoint region
[2019-12-09T02:14:13.891+0000][1][safepoint    ] Total time for which application threads were stopped: 0.0000890 seconds, Stopping threads took: 0.0000183 seconds
[2019-12-09T02:14:14.891+0000][1][safepoint    ] Application time: 1.0000751 seconds
[2019-12-09T02:14:14.891+0000][1][safepoint    ] Entering safepoint region: Cleanup
[2019-12-09T02:14:14.891+0000][1][safepoint    ] Leaving safepoint region
[2019-12-09T02:14:14.891+0000][1][safepoint    ] Total time for which application threads were stopped: 0.0000838 seconds, Stopping threads took: 0.0000208 seconds
[2019-12-09T02:14:15.892+0000][1][safepoint    ] Application time: 1.0000826 seconds
[2019-12-09T02:14:15.892+0000][1][safepoint    ] Entering safepoint region: Cleanup
[2019-12-09T02:14:15.892+0000][1][safepoint    ] Leaving safepoint region
[2019-12-09T02:14:15.892+0000][1][safepoint    ] Total time for which application threads were stopped: 0.0000803 seconds, Stopping threads took: 0.0000185 seconds
[2019-12-09T02:14:16.892+0000][1][safepoint    ] Application time: 1.0000760 seconds
[2019-12-09T02:14:16.892+0000][1][safepoint    ] Entering safepoint region: Cleanup
[2019-12-09T02:14:16.892+0000][1][safepoint    ] Leaving safepoint region
[2019-12-09T02:14:16.892+0000][1][safepoint    ] Total time for which application threads were stopped: 0.0000807 seconds, Stopping threads took: 0.0000200 seconds
[2019-12-09T02:14:17.892+0000][1][safepoint    ] Application time: 1.0000774 seconds
[2019-12-09T02:14:17.892+0000][1][safepoint    ] Entering safepoint region: Cleanup
[2019-12-09T02:14:17.892+0000][1][safepoint    ] Leaving safepoint region
[2019-12-09T02:14:17.892+0000][1][safepoint    ] Total time for which application threads were stopped: 0.0000858 seconds, Stopping threads took: 0.0000216 seconds
[2019-12-09T02:14:18.892+0000][1][safepoint    ] Application time: 1.0000776 seconds
[2019-12-09T02:14:18.892+0000][1][safepoint    ] Entering safepoint region: Cleanup
[2019-12-09T02:14:18.892+0000][1][safepoint    ] Leaving safepoint region
[2019-12-09T02:14:18.892+0000][1][safepoint    ] Total time for which application threads were stopped: 0.0000826 seconds, Stopping threads took: 0.0000179 seconds
[2019-12-09T02:14:19.892+0000][1][safepoint    ] Application time: 1.0000769 seconds
[2019-12-09T02:14:19.892+0000][1][safepoint    ] Entering safepoint region: Cleanup
[2019-12-09T02:14:19.892+0000][1][safepoint    ] Leaving safepoint region
[2019-12-09T02:14:19.892+0000][1][safepoint    ] Total time for which application threads were stopped: 0.0000788 seconds, Stopping threads took: 0.0000168 seconds
[2019-12-09T02:14:20.893+0000][1][safepoint    ] Application time: 1.0000763 seconds
[2019-12-09T02:14:20.893+0000][1][safepoint    ] Entering safepoint region: Cleanup
[2019-12-09T02:14:20.893+0000][1][safepoint    ] Leaving safepoint region
[2019-12-09T02:14:20.893+0000][1][safepoint    ] Total time for which application threads were stopped: 0.0000769 seconds, Stopping threads took: 0.0000159 seconds
[2019-12-09T02:14:21.893+0000][1][safepoint    ] Application time: 1.0000781 seconds
[2019-12-09T02:14:21.893+0000][1][safepoint    ] Entering safepoint region: Cleanup
[2019-12-09T02:14:21.893+0000][1][safepoint    ] Leaving safepoint region
[2019-12-09T02:14:21.893+0000][1][safepoint    ] Total time for which application threads were stopped: 0.0000802 seconds, Stopping threads took: 0.0000185 seconds
[2019-12-09T02:14:22.893+0000][1][safepoint    ] Application time: 1.0000759 seconds
[2019-12-09T02:14:22.893+0000][1][safepoint    ] Entering safepoint region: Cleanup
[2019-12-09T02:14:22.893+0000][1][safepoint    ] Leaving safepoint region
[2019-12-09T02:14:22.893+0000][1][safepoint    ] Total time for which application threads were stopped: 0.0000793 seconds, Stopping threads took: 0.0000172 seconds
[2019-12-09T02:14:23.893+0000][1][safepoint    ] Application time: 1.0000800 seconds
[2019-12-09T02:14:23.893+0000][1][safepoint    ] Entering safepoint region: Cleanup
[2019-12-09T02:14:23.893+0000][1][safepoint    ] Leaving safepoint region
[2019-12-09T02:14:23.893+0000][1][safepoint    ] Total time for which application threads were stopped: 0.0000823 seconds, Stopping threads took: 0.0000176 seconds
[2019-12-09T02:14:24.893+0000][1][safepoint    ] Application time: 1.0000776 seconds
[2019-12-09T02:14:24.893+0000][1][safepoint    ] Entering safepoint region: Cleanup
[2019-12-09T02:14:24.893+0000][1][safepoint    ] Leaving safepoint region
[2019-12-09T02:14:24.893+0000][1][safepoint    ] Total time for which application threads were stopped: 0.0000765 seconds, Stopping threads took: 0.0000164 seconds
[2019-12-09T02:14:25.894+0000][1][safepoint    ] Application time: 1.0000776 seconds
[2019-12-09T02:14:25.894+0000][1][safepoint    ] Entering safepoint region: Cleanup
[2019-12-09T02:14:25.894+0000][1][safepoint    ] Leaving safepoint region
[2019-12-09T02:14:25.894+0000][1][safepoint    ] Total time for which application threads were stopped: 0.0000830 seconds, Stopping threads took: 0.0000164 seconds
[2019-12-09T02:14:26.894+0000][1][safepoint    ] Application time: 1.0000769 seconds
[2019-12-09T02:14:26.894+0000][1][safepoint    ] Entering safepoint region: Cleanup
[2019-12-09T02:14:26.894+0000][1][safepoint    ] Leaving safepoint region
[2019-12-09T02:14:26.894+0000][1][safepoint    ] Total time for which application threads were stopped: 0.0000881 seconds, Stopping threads took: 0.0000262 seconds
[2019-12-09T02:14:27.894+0000][1][safepoint    ] Application time: 1.0000527 seconds
[2019-12-09T02:14:27.894+0000][1][safepoint    ] Entering safepoint region: Cleanup
[2019-12-09T02:14:27.894+0000][1][safepoint    ] Leaving safepoint region
[2019-12-09T02:14:27.894+0000][1][safepoint    ] Total time for which application threads were stopped: 0.0000801 seconds, Stopping threads took: 0.0000186 seconds
[2019-12-09T02:14:28.894+0000][1][safepoint    ] Application time: 1.0000788 seconds
[2019-12-09T02:14:28.894+0000][1][safepoint    ] Entering safepoint region: Cleanup
[2019-12-09T02:14:28.894+0000][1][safepoint    ] Leaving safepoint region
[2019-12-09T02:14:28.894+0000][1][safepoint    ] Total time for which application threads were stopped: 0.0000811 seconds, Stopping threads took: 0.0000189 seconds
[2019-12-09T02:14:29.894+0000][1][safepoint    ] Application time: 1.0000782 seconds
[2019-12-09T02:14:29.894+0000][1][safepoint    ] Entering safepoint region: Cleanup
[2019-12-09T02:14:29.894+0000][1][safepoint    ] Leaving safepoint region
[2019-12-09T02:14:29.894+0000][1][safepoint    ] Total time for which application threads were stopped: 0.0000821 seconds, Stopping threads took: 0.0000170 seconds
[2019-12-09T02:14:30.895+0000][1][safepoint    ] Application time: 1.0000746 seconds
[2019-12-09T02:14:30.895+0000][1][safepoint    ] Entering safepoint region: Cleanup
[2019-12-09T02:14:30.895+0000][1][safepoint    ] Leaving safepoint region
[2019-12-09T02:14:30.895+0000][1][safepoint    ] Total time for which application threads were stopped: 0.0000821 seconds, Stopping threads took: 0.0000168 seconds
[2019-12-09T02:14:31.895+0000][1][safepoint    ] Application time: 1.0000756 seconds
[2019-12-09T02:14:31.895+0000][1][safepoint    ] Entering safepoint region: Cleanup
[2019-12-09T02:14:31.895+0000][1][safepoint    ] Leaving safepoint region
[2019-12-09T02:14:31.895+0000][1][safepoint    ] Total time for which application threads were stopped: 0.0000836 seconds, Stopping threads took: 0.0000251 seconds
[2019-12-09T02:14:32.895+0000][1][safepoint    ] Application time: 1.0000747 seconds
[2019-12-09T02:14:32.895+0000][1][safepoint    ] Entering safepoint region: Cleanup
[2019-12-09T02:14:32.895+0000][1][safepoint    ] Leaving safepoint region
[2019-12-09T02:14:32.895+0000][1][safepoint    ] Total time for which application threads were stopped: 0.0000795 seconds, Stopping threads took: 0.0000165 seconds
[2019-12-09T02:14:33.895+0000][1][safepoint    ] Application time: 1.0000788 seconds
[2019-12-09T02:14:33.895+0000][1][safepoint    ] Entering safepoint region: Cleanup
[2019-12-09T02:14:33.895+0000][1][safepoint    ] Leaving safepoint region
[2019-12-09T02:14:33.895+0000][1][safepoint    ] Total time for which application threads were stopped: 0.0001011 seconds, Stopping threads took: 0.0000219 seconds
[2019-12-09T02:14:34.895+0000][1][safepoint    ] Application time: 1.0000733 seconds
[2019-12-09T02:14:34.895+0000][1][safepoint    ] Entering safepoint region: Cleanup
[2019-12-09T02:14:34.895+0000][1][safepoint    ] Leaving safepoint region
[2019-12-09T02:14:34.895+0000][1][safepoint    ] Total time for which application threads were stopped: 0.0000780 seconds, Stopping threads took: 0.0000171 seconds
[2019-12-09T02:14:35.896+0000][1][safepoint    ] Application time: 1.0000744 seconds
[2019-12-09T02:14:35.896+0000][1][safepoint    ] Entering safepoint region: Cleanup
[2019-12-09T02:14:35.896+0000][1][safepoint    ] Leaving safepoint region
[2019-12-09T02:14:35.896+0000][1][safepoint    ] Total time for which application threads were stopped: 0.0000737 seconds, Stopping threads took: 0.0000154 seconds
[2019-12-09T02:14:36.896+0000][1][safepoint    ] Application time: 1.0000765 seconds
[2019-12-09T02:14:36.896+0000][1][safepoint    ] Entering safepoint region: Cleanup
[2019-12-09T02:14:36.896+0000][1][safepoint    ] Leaving safepoint region
[2019-12-09T02:14:36.896+0000][1][safepoint    ] Total time for which application threads were stopped: 0.0000750 seconds, Stopping threads took: 0.0000153 seconds
[2019-12-09T02:14:37.896+0000][1][safepoint    ] Application time: 1.0000761 seconds
[2019-12-09T02:14:37.896+0000][1][safepoint    ] Entering safepoint region: Cleanup
[2019-12-09T02:14:37.896+0000][1][safepoint    ] Leaving safepoint region
[2019-12-09T02:14:37.896+0000][1][safepoint    ] Total time for which application threads were stopped: 0.0000779 seconds, Stopping threads took: 0.0000164 seconds
[2019-12-09T02:14:38.896+0000][1][safepoint    ] Application time: 1.0000761 seconds
[2019-12-09T02:14:38.896+0000][1][safepoint    ] Entering safepoint region: Cleanup
[2019-12-09T02:14:38.896+0000][1][safepoint    ] Leaving safepoint region
[2019-12-09T02:14:38.896+0000][1][safepoint    ] Total time for which application threads were stopped: 0.0000771 seconds, Stopping threads took: 0.0000160 seconds
[2019-12-09T02:14:39.896+0000][1][safepoint    ] Application time: 1.0000749 seconds
[2019-12-09T02:14:39.896+0000][1][safepoint    ] Entering safepoint region: Cleanup
[2019-12-09T02:14:39.896+0000][1][safepoint    ] Leaving safepoint region
[2019-12-09T02:14:39.896+0000][1][safepoint    ] Total time for which application threads were stopped: 0.0000822 seconds, Stopping threads took: 0.0000214 seconds
[2019-12-09T02:14:40.897+0000][1][safepoint    ] Application time: 1.0000735 seconds
[2019-12-09T02:14:40.897+0000][1][safepoint    ] Entering safepoint region: Cleanup
[2019-12-09T02:14:40.897+0000][1][safepoint    ] Leaving safepoint region
[2019-12-09T02:14:40.897+0000][1][safepoint    ] Total time for which application threads were stopped: 0.0000760 seconds, Stopping threads took: 0.0000143 seconds
[2019-12-09T02:14:41.897+0000][1][safepoint    ] Application time: 1.0000743 seconds
[2019-12-09T02:14:41.897+0000][1][safepoint    ] Entering safepoint region: Cleanup
[2019-12-09T02:14:41.897+0000][1][safepoint    ] Leaving safepoint region
[2019-12-09T02:14:41.897+0000][1][safepoint    ] Total time for which application threads were stopped: 0.0000862 seconds, Stopping threads took: 0.0000230 seconds
[2019-12-09T02:14:42.897+0000][1][safepoint    ] Application time: 1.0000746 seconds
[2019-12-09T02:14:42.897+0000][1][safepoint    ] Entering safepoint region: Cleanup
[2019-12-09T02:14:42.897+0000][1][safepoint    ] Leaving safepoint region
[2019-12-09T02:14:42.897+0000][1][safepoint    ] Total time for which application threads were stopped: 0.0000811 seconds, Stopping threads took: 0.0000174 seconds
[2019-12-09T02:14:43.897+0000][1][safepoint    ] Application time: 1.0000769 seconds
[2019-12-09T02:14:43.897+0000][1][safepoint    ] Entering safepoint region: Cleanup
[2019-12-09T02:14:43.897+0000][1][safepoint    ] Leaving safepoint region
[2019-12-09T02:14:43.897+0000][1][safepoint    ] Total time for which application threads were stopped: 0.0000812 seconds, Stopping threads took: 0.0000183 seconds
[2019-12-09T02:14:44.897+0000][1][safepoint    ] Application time: 1.0000770 seconds
[2019-12-09T02:14:44.897+0000][1][safepoint    ] Entering safepoint region: Cleanup
[2019-12-09T02:14:44.897+0000][1][safepoint    ] Leaving safepoint region
[2019-12-09T02:14:44.897+0000][1][safepoint    ] Total time for which application threads were stopped: 0.0000818 seconds, Stopping threads took: 0.0000184 seconds
[2019-12-09T02:14:45.898+0000][1][safepoint    ] Application time: 1.0000755 seconds
[2019-12-09T02:14:45.898+0000][1][safepoint    ] Entering safepoint region: Cleanup
[2019-12-09T02:14:45.898+0000][1][safepoint    ] Leaving safepoint region
[2019-12-09T02:14:45.898+0000][1][safepoint    ] Total time for which application threads were stopped: 0.0000746 seconds, Stopping threads took: 0.0000157 seconds
[2019-12-09T02:14:46.898+0000][1][safepoint    ] Application time: 1.0000754 seconds
[2019-12-09T02:14:46.898+0000][1][safepoint    ] Entering safepoint region: Cleanup
[2019-12-09T02:14:46.898+0000][1][safepoint    ] Leaving safepoint region
[2019-12-09T02:14:46.898+0000][1][safepoint    ] Total time for which application threads were stopped: 0.0000794 seconds, Stopping threads took: 0.0000166 seconds
[2019-12-09T02:14:47.898+0000][1][safepoint    ] Application time: 1.0000763 seconds
[2019-12-09T02:14:47.898+0000][1][safepoint    ] Entering safepoint region: Cleanup
[2019-12-09T02:14:47.898+0000][1][safepoint    ] Leaving safepoint region
[2019-12-09T02:14:47.898+0000][1][safepoint    ] Total time for which application threads were stopped: 0.0000840 seconds, Stopping threads took: 0.0000195 seconds
[2019-12-09T02:14:48.898+0000][1][safepoint    ] Application time: 1.0000761 seconds
[2019-12-09T02:14:48.898+0000][1][safepoint    ] Entering safepoint region: Cleanup
[2019-12-09T02:14:48.898+0000][1][safepoint    ] Leaving safepoint region
[2019-12-09T02:14:48.898+0000][1][safepoint    ] Total time for which application threads were stopped: 0.0000830 seconds, Stopping threads took: 0.0000207 seconds
[2019-12-09T02:14:49.898+0000][1][safepoint    ] Application time: 1.0000776 seconds
[2019-12-09T02:14:49.898+0000][1][safepoint    ] Entering safepoint region: Cleanup
[2019-12-09T02:14:49.898+0000][1][safepoint    ] Leaving safepoint region
[2019-12-09T02:14:49.898+0000][1][safepoint    ] Total time for which application threads were stopped: 0.0000785 seconds, Stopping threads took: 0.0000178 seconds
[2019-12-09T02:14:50.899+0000][1][safepoint    ] Application time: 1.0000751 seconds
[2019-12-09T02:14:50.899+0000][1][safepoint    ] Entering safepoint region: Cleanup
[2019-12-09T02:14:50.899+0000][1][safepoint    ] Leaving safepoint region
[2019-12-09T02:14:50.899+0000][1][safepoint    ] Total time for which application threads were stopped: 0.0000771 seconds, Stopping threads took: 0.0000152 seconds
[2019-12-09T02:14:51.899+0000][1][safepoint    ] Application time: 1.0000770 seconds
[2019-12-09T02:14:51.899+0000][1][safepoint    ] Entering safepoint region: Cleanup
[2019-12-09T02:14:51.899+0000][1][safepoint    ] Leaving safepoint region
[2019-12-09T02:14:51.899+0000][1][safepoint    ] Total time for which application threads were stopped: 0.0000794 seconds, Stopping threads took: 0.0000178 seconds
[2019-12-09T02:14:52.899+0000][1][safepoint    ] Application time: 1.0000770 seconds
[2019-12-09T02:14:52.899+0000][1][safepoint    ] Entering safepoint region: Cleanup
[2019-12-09T02:14:52.899+0000][1][safepoint    ] Leaving safepoint region
[2019-12-09T02:14:52.899+0000][1][safepoint    ] Total time for which application threads were stopped: 0.0000910 seconds, Stopping threads took: 0.0000192 seconds
[2019-12-09T02:14:53.899+0000][1][safepoint    ] Application time: 1.0000756 seconds
[2019-12-09T02:14:53.899+0000][1][safepoint    ] Entering safepoint region: Cleanup
[2019-12-09T02:14:53.899+0000][1][safepoint    ] Leaving safepoint region
[2019-12-09T02:14:53.899+0000][1][safepoint    ] Total time for which application threads were stopped: 0.0000785 seconds, Stopping threads took: 0.0000161 seconds
[2019-12-09T02:14:54.899+0000][1][safepoint    ] Application time: 1.0000765 seconds
[2019-12-09T02:14:54.899+0000][1][safepoint    ] Entering safepoint region: Cleanup
[2019-12-09T02:14:54.899+0000][1][safepoint    ] Leaving safepoint region
[2019-12-09T02:14:54.899+0000][1][safepoint    ] Total time for which application threads were stopped: 0.0000827 seconds, Stopping threads took: 0.0000209 seconds
[2019-12-09T02:14:55.900+0000][1][safepoint    ] Application time: 1.0000744 seconds
[2019-12-09T02:14:55.900+0000][1][safepoint    ] Entering safepoint region: Cleanup
[2019-12-09T02:14:55.900+0000][1][safepoint    ] Leaving safepoint region
[2019-12-09T02:14:55.900+0000][1][safepoint    ] Total time for which application threads were stopped: 0.0000820 seconds, Stopping threads took: 0.0000153 seconds
[2019-12-09T02:14:56.900+0000][1][safepoint    ] Application time: 1.0000757 seconds
[2019-12-09T02:14:56.900+0000][1][safepoint    ] Entering safepoint region: Cleanup
[2019-12-09T02:14:56.900+0000][1][safepoint    ] Leaving safepoint region
[2019-12-09T02:14:56.900+0000][1][safepoint    ] Total time for which application threads were stopped: 0.0000813 seconds, Stopping threads took: 0.0000187 seconds
[2019-12-09T02:14:57.900+0000][1][safepoint    ] Application time: 1.0000783 seconds
[2019-12-09T02:14:57.900+0000][1][safepoint    ] Entering safepoint region: Cleanup
[2019-12-09T02:14:57.900+0000][1][safepoint    ] Leaving safepoint region
[2019-12-09T02:14:57.900+0000][1][safepoint    ] Total time for which application threads were stopped: 0.0000833 seconds, Stopping threads took: 0.0000194 seconds
[2019-12-09T02:14:58.900+0000][1][safepoint    ] Application time: 1.0000774 seconds
[2019-12-09T02:14:58.900+0000][1][safepoint    ] Entering safepoint region: Cleanup
[2019-12-09T02:14:58.900+0000][1][safepoint    ] Leaving safepoint region
[2019-12-09T02:14:58.900+0000][1][safepoint    ] Total time for which application threads were stopped: 0.0000797 seconds, Stopping threads took: 0.0000178 seconds
[2019-12-09T02:14:59.900+0000][1][safepoint    ] Application time: 1.0000778 seconds
[2019-12-09T02:14:59.900+0000][1][safepoint    ] Entering safepoint region: Cleanup
[2019-12-09T02:14:59.900+0000][1][safepoint    ] Leaving safepoint region
[2019-12-09T02:14:59.900+0000][1][safepoint    ] Total time for which application threads were stopped: 0.0000845 seconds, Stopping threads took: 0.0000196 seconds
[2019-12-09T02:15:00.901+0000][1][safepoint    ] Application time: 1.0000752 seconds
[2019-12-09T02:15:00.901+0000][1][safepoint    ] Entering safepoint region: Cleanup
[2019-12-09T02:15:00.901+0000][1][safepoint    ] Leaving safepoint region
[2019-12-09T02:15:00.901+0000][1][safepoint    ] Total time for which application threads were stopped: 0.0000791 seconds, Stopping threads took: 0.0000170 seconds
[2019-12-09T02:15:01.901+0000][1][safepoint    ] Application time: 1.0000796 seconds
[2019-12-09T02:15:01.901+0000][1][safepoint    ] Entering safepoint region: Cleanup
[2019-12-09T02:15:01.901+0000][1][safepoint    ] Leaving safepoint region
[2019-12-09T02:15:01.901+0000][1][safepoint    ] Total time for which application threads were stopped: 0.0000890 seconds, Stopping threads took: 0.0000200 seconds
[2019-12-09T02:15:02.901+0000][1][safepoint    ] Application time: 1.0000777 seconds
[2019-12-09T02:15:02.901+0000][1][safepoint    ] Entering safepoint region: Cleanup
[2019-12-09T02:15:02.901+0000][1][safepoint    ] Leaving safepoint region
[2019-12-09T02:15:02.901+0000][1][safepoint    ] Total time for which application threads were stopped: 0.0000810 seconds, Stopping threads took: 0.0000189 seconds
[2019-12-09T02:15:03.901+0000][1][safepoint    ] Application time: 1.0000751 seconds
[2019-12-09T02:15:03.901+0000][1][safepoint    ] Entering safepoint region: Cleanup
[2019-12-09T02:15:03.901+0000][1][safepoint    ] Leaving safepoint region
[2019-12-09T02:15:03.901+0000][1][safepoint    ] Total time for which application threads were stopped: 0.0000807 seconds, Stopping threads took: 0.0000175 seconds
[2019-12-09T02:15:04.901+0000][1][safepoint    ] Application time: 1.0000758 seconds
[2019-12-09T02:15:04.901+0000][1][safepoint    ] Entering safepoint region: Cleanup
[2019-12-09T02:15:04.901+0000][1][safepoint    ] Leaving safepoint region
[2019-12-09T02:15:04.902+0000][1][safepoint    ] Total time for which application threads were stopped: 0.0000853 seconds, Stopping threads took: 0.0000180 seconds
[2019-12-09T02:15:05.902+0000][1][safepoint    ] Application time: 1.0000759 seconds
[2019-12-09T02:15:05.902+0000][1][safepoint    ] Entering safepoint region: Cleanup
[2019-12-09T02:15:05.902+0000][1][safepoint    ] Leaving safepoint region
[2019-12-09T02:15:05.902+0000][1][safepoint    ] Total time for which application threads were stopped: 0.0000940 seconds, Stopping threads took: 0.0000173 seconds
[2019-12-09T02:15:06.902+0000][1][safepoint    ] Application time: 1.0000754 seconds
[2019-12-09T02:15:06.902+0000][1][safepoint    ] Entering safepoint region: Cleanup
[2019-12-09T02:15:06.902+0000][1][safepoint    ] Leaving safepoint region
[2019-12-09T02:15:06.902+0000][1][safepoint    ] Total time for which application threads were stopped: 0.0000932 seconds, Stopping threads took: 0.0000182 seconds
[2019-12-09T02:15:07.902+0000][1][safepoint    ] Application time: 1.0000752 seconds
[2019-12-09T02:15:07.902+0000][1][safepoint    ] Entering safepoint region: Cleanup
[2019-12-09T02:15:07.902+0000][1][safepoint    ] Leaving safepoint region
[2019-12-09T02:15:07.902+0000][1][safepoint    ] Total time for which application threads were stopped: 0.0000835 seconds, Stopping threads took: 0.0000211 seconds
[2019-12-09T02:15:08.902+0000][1][safepoint    ] Application time: 1.0000751 seconds
[2019-12-09T02:15:08.902+0000][1][safepoint    ] Entering safepoint region: Cleanup
[2019-12-09T02:15:08.902+0000][1][safepoint    ] Leaving safepoint region
[2019-12-09T02:15:08.902+0000][1][safepoint    ] Total time for which application threads were stopped: 0.0000825 seconds, Stopping threads took: 0.0000178 seconds
[2019-12-09T02:15:09.902+0000][1][safepoint    ] Application time: 1.0000751 seconds
[2019-12-09T02:15:09.902+0000][1][safepoint    ] Entering safepoint region: Cleanup
[2019-12-09T02:15:09.903+0000][1][safepoint    ] Leaving safepoint region
[2019-12-09T02:15:09.903+0000][1][safepoint    ] Total time for which application threads were stopped: 0.0000838 seconds, Stopping threads took: 0.0000179 seconds
[2019-12-09T02:15:10.903+0000][1][safepoint    ] Application time: 1.0000751 seconds
[2019-12-09T02:15:10.903+0000][1][safepoint    ] Entering safepoint region: Cleanup
[2019-12-09T02:15:10.903+0000][1][safepoint    ] Leaving safepoint region
[2019-12-09T02:15:10.903+0000][1][safepoint    ] Total time for which application threads were stopped: 0.0000990 seconds, Stopping threads took: 0.0000335 seconds
[2019-12-09T02:15:11.903+0000][1][safepoint    ] Application time: 1.0000769 seconds
[2019-12-09T02:15:11.903+0000][1][safepoint    ] Entering safepoint region: Cleanup
[2019-12-09T02:15:11.903+0000][1][safepoint    ] Leaving safepoint region
[2019-12-09T02:15:11.903+0000][1][safepoint    ] Total time for which application threads were stopped: 0.0001016 seconds, Stopping threads took: 0.0000324 seconds
[2019-12-09T02:15:12.903+0000][1][safepoint    ] Application time: 1.0000750 seconds
[2019-12-09T02:15:12.903+0000][1][safepoint    ] Entering safepoint region: Cleanup
[2019-12-09T02:15:12.903+0000][1][safepoint    ] Leaving safepoint region
[2019-12-09T02:15:12.903+0000][1][safepoint    ] Total time for which application threads were stopped: 0.0000809 seconds, Stopping threads took: 0.0000184 seconds
[2019-12-09T02:15:13.903+0000][1][safepoint    ] Application time: 1.0000742 seconds
[2019-12-09T02:15:13.903+0000][1][safepoint    ] Entering safepoint region: Cleanup
[2019-12-09T02:15:13.903+0000][1][safepoint    ] Leaving safepoint region
[2019-12-09T02:15:13.903+0000][1][safepoint    ] Total time for which application threads were stopped: 0.0000819 seconds, Stopping threads took: 0.0000182 seconds
[2019-12-09T02:15:14.903+0000][1][safepoint    ] Application time: 1.0000753 seconds
[2019-12-09T02:15:14.904+0000][1][safepoint    ] Entering safepoint region: Cleanup
[2019-12-09T02:15:14.904+0000][1][safepoint    ] Leaving safepoint region
[2019-12-09T02:15:14.904+0000][1][safepoint    ] Total time for which application threads were stopped: 0.0000840 seconds, Stopping threads took: 0.0000189 seconds
[2019-12-09T02:15:15.904+0000][1][safepoint    ] Application time: 1.0000760 seconds
[2019-12-09T02:15:15.904+0000][1][safepoint    ] Entering safepoint region: Cleanup
[2019-12-09T02:15:15.904+0000][1][safepoint    ] Leaving safepoint region
[2019-12-09T02:15:15.904+0000][1][safepoint    ] Total time for which application threads were stopped: 0.0000813 seconds, Stopping threads took: 0.0000175 seconds
[2019-12-09T02:15:16.904+0000][1][safepoint    ] Application time: 1.0000756 seconds
[2019-12-09T02:15:16.904+0000][1][safepoint    ] Entering safepoint region: Cleanup
[2019-12-09T02:15:16.904+0000][1][safepoint    ] Leaving safepoint region
[2019-12-09T02:15:16.904+0000][1][safepoint    ] Total time for which application threads were stopped: 0.0000812 seconds, Stopping threads took: 0.0000191 seconds
[2019-12-09T02:15:17.904+0000][1][safepoint    ] Application time: 1.0000742 seconds
[2019-12-09T02:15:17.904+0000][1][safepoint    ] Entering safepoint region: Cleanup
[2019-12-09T02:15:17.904+0000][1][safepoint    ] Leaving safepoint region
[2019-12-09T02:15:17.904+0000][1][safepoint    ] Total time for which application threads were stopped: 0.0000829 seconds, Stopping threads took: 0.0000184 seconds
[2019-12-09T02:15:18.904+0000][1][safepoint    ] Application time: 1.0000762 seconds
[2019-12-09T02:15:18.904+0000][1][safepoint    ] Entering safepoint region: Cleanup
[2019-12-09T02:15:18.904+0000][1][safepoint    ] Leaving safepoint region
[2019-12-09T02:15:18.904+0000][1][safepoint    ] Total time for which application threads were stopped: 0.0000815 seconds, Stopping threads took: 0.0000175 seconds
[2019-12-09T02:15:19.904+0000][1][safepoint    ] Application time: 1.0000809 seconds
[2019-12-09T02:15:19.905+0000][1][safepoint    ] Entering safepoint region: Cleanup
[2019-12-09T02:15:19.905+0000][1][safepoint    ] Leaving safepoint region
[2019-12-09T02:15:19.905+0000][1][safepoint    ] Total time for which application threads were stopped: 0.0000823 seconds, Stopping threads took: 0.0000175 seconds
[2019-12-09T02:15:20.905+0000][1][safepoint    ] Application time: 1.0000875 seconds
[2019-12-09T02:15:20.905+0000][1][safepoint    ] Entering safepoint region: Cleanup
[2019-12-09T02:15:20.905+0000][1][safepoint    ] Leaving safepoint region
[2019-12-09T02:15:20.905+0000][1][safepoint    ] Total time for which application threads were stopped: 0.0000802 seconds, Stopping threads took: 0.0000168 seconds
[2019-12-09T02:15:21.905+0000][1][safepoint    ] Application time: 1.0000751 seconds
[2019-12-09T02:15:21.905+0000][1][safepoint    ] Entering safepoint region: Cleanup
[2019-12-09T02:15:21.905+0000][1][safepoint    ] Leaving safepoint region
[2019-12-09T02:15:21.905+0000][1][safepoint    ] Total time for which application threads were stopped: 0.0000876 seconds, Stopping threads took: 0.0000250 seconds
[2019-12-09T02:15:22.905+0000][1][safepoint    ] Application time: 1.0000766 seconds
[2019-12-09T02:15:22.905+0000][1][safepoint    ] Entering safepoint region: Cleanup
[2019-12-09T02:15:22.905+0000][1][safepoint    ] Leaving safepoint region
[2019-12-09T02:15:22.905+0000][1][safepoint    ] Total time for which application threads were stopped: 0.0000818 seconds, Stopping threads took: 0.0000194 seconds
[2019-12-09T02:15:23.905+0000][1][safepoint    ] Application time: 1.0000763 seconds
[2019-12-09T02:15:23.905+0000][1][safepoint    ] Entering safepoint region: Cleanup
[2019-12-09T02:15:23.905+0000][1][safepoint    ] Leaving safepoint region
[2019-12-09T02:15:23.905+0000][1][safepoint    ] Total time for which application threads were stopped: 0.0000811 seconds, Stopping threads took: 0.0000182 seconds
[2019-12-09T02:15:24.906+0000][1][safepoint    ] Application time: 1.0000766 seconds
[2019-12-09T02:15:24.906+0000][1][safepoint    ] Entering safepoint region: Cleanup
[2019-12-09T02:15:24.906+0000][1][safepoint    ] Leaving safepoint region
[2019-12-09T02:15:24.906+0000][1][safepoint    ] Total time for which application threads were stopped: 0.0000799 seconds, Stopping threads took: 0.0000177 seconds
[2019-12-09T02:15:25.906+0000][1][safepoint    ] Application time: 1.0000756 seconds
[2019-12-09T02:15:25.906+0000][1][safepoint    ] Entering safepoint region: Cleanup
[2019-12-09T02:15:25.906+0000][1][safepoint    ] Leaving safepoint region
[2019-12-09T02:15:25.906+0000][1][safepoint    ] Total time for which application threads were stopped: 0.0000798 seconds, Stopping threads took: 0.0000171 seconds
[2019-12-09T02:15:26.906+0000][1][safepoint    ] Application time: 1.0000770 seconds
[2019-12-09T02:15:26.906+0000][1][safepoint    ] Entering safepoint region: Cleanup
[2019-12-09T02:15:26.906+0000][1][safepoint    ] Leaving safepoint region
[2019-12-09T02:15:26.906+0000][1][safepoint    ] Total time for which application threads were stopped: 0.0000806 seconds, Stopping threads took: 0.0000178 seconds
[2019-12-09T02:15:27.906+0000][1][safepoint    ] Application time: 1.0000789 seconds
[2019-12-09T02:15:27.906+0000][1][safepoint    ] Entering safepoint region: Cleanup
[2019-12-09T02:15:27.906+0000][1][safepoint    ] Leaving safepoint region
[2019-12-09T02:15:27.906+0000][1][safepoint    ] Total time for which application threads were stopped: 0.0000820 seconds, Stopping threads took: 0.0000175 seconds
[2019-12-09T02:15:28.906+0000][1][safepoint    ] Application time: 1.0000762 seconds
[2019-12-09T02:15:28.906+0000][1][safepoint    ] Entering safepoint region: Cleanup
[2019-12-09T02:15:28.906+0000][1][safepoint    ] Leaving safepoint region
[2019-12-09T02:15:28.906+0000][1][safepoint    ] Total time for which application threads were stopped: 0.0000810 seconds, Stopping threads took: 0.0000175 seconds
[2019-12-09T02:15:29.907+0000][1][safepoint    ] Application time: 1.0000764 seconds
[2019-12-09T02:15:29.907+0000][1][safepoint    ] Entering safepoint region: Cleanup
[2019-12-09T02:15:29.907+0000][1][safepoint    ] Leaving safepoint region
[2019-12-09T02:15:29.907+0000][1][safepoint    ] Total time for which application threads were stopped: 0.0000829 seconds, Stopping threads took: 0.0000173 seconds
[2019-12-09T02:15:30.593+0000][1][safepoint    ] Application time: 0.6867385 seconds
[2019-12-09T02:15:30.593+0000][1][safepoint    ] Entering safepoint region: GenCollectForAllocation
[2019-12-09T02:15:30.594+0000][1][gc,start     ] GC(28) Pause Young (Allocation Failure)
[2019-12-09T02:15:30.594+0000][1][gc,task      ] GC(28) Using 2 workers of 2 for evacuation
[2019-12-09T02:15:30.599+0000][1][gc,age       ] GC(28) Desired survivor size 4456448 bytes, new threshold 6 (max threshold 6)
[2019-12-09T02:15:30.599+0000][1][gc,age       ] GC(28) Age table with threshold 6 (max threshold 6)
[2019-12-09T02:15:30.599+0000][1][gc,age       ] GC(28) - age   1:       7408 bytes,       7408 total
[2019-12-09T02:15:30.599+0000][1][gc,age       ] GC(28) - age   2:       6496 bytes,      13904 total
[2019-12-09T02:15:30.599+0000][1][gc,age       ] GC(28) - age   3:       4896 bytes,      18800 total
[2019-12-09T02:15:30.599+0000][1][gc,age       ] GC(28) - age   4:       6840 bytes,      25640 total
[2019-12-09T02:15:30.599+0000][1][gc,age       ] GC(28) - age   5:      24560 bytes,      50200 total
[2019-12-09T02:15:30.599+0000][1][gc,age       ] GC(28) - age   6:    1762104 bytes,    1812304 total
[2019-12-09T02:15:30.600+0000][1][gc,heap      ] GC(28) ParNew: 72639K->2659K(78656K)
[2019-12-09T02:15:30.600+0000][1][gc,heap      ] GC(28) CMS: 67802K->67802K(174784K)
[2019-12-09T02:15:30.600+0000][1][gc,metaspace ] GC(28) Metaspace: 69010K->69010K(1112064K)
[2019-12-09T02:15:30.600+0000][1][gc           ] GC(28) Pause Young (Allocation Failure) 137M->68M(247M) 6.042ms
[2019-12-09T02:15:30.600+0000][1][gc,cpu       ] GC(28) User=0.01s Sys=0.00s Real=0.01s
[2019-12-09T02:15:30.600+0000][1][safepoint    ] Leaving safepoint region
[2019-12-09T02:15:30.600+0000][1][safepoint    ] Total time for which application threads were stopped: 0.0062126 seconds, Stopping threads took: 0.0000212 seconds
[2019-12-09T02:15:31.600+0000][1][safepoint    ] Application time: 1.0000924 seconds
[2019-12-09T02:15:31.600+0000][1][safepoint    ] Entering safepoint region: Cleanup
[2019-12-09T02:15:31.600+0000][1][safepoint    ] Leaving safepoint region
[2019-12-09T02:15:31.600+0000][1][safepoint    ] Total time for which application threads were stopped: 0.0000834 seconds, Stopping threads took: 0.0000183 seconds
[2019-12-09T02:15:32.600+0000][1][safepoint    ] Application time: 1.0000748 seconds
[2019-12-09T02:15:32.600+0000][1][safepoint    ] Entering safepoint region: Cleanup
[2019-12-09T02:15:32.600+0000][1][safepoint    ] Leaving safepoint region
[2019-12-09T02:15:32.600+0000][1][safepoint    ] Total time for which application threads were stopped: 0.0000797 seconds, Stopping threads took: 0.0000174 seconds
[2019-12-09T02:15:33.600+0000][1][safepoint    ] Application time: 1.0000740 seconds
[2019-12-09T02:15:33.600+0000][1][safepoint    ] Entering safepoint region: Cleanup
[2019-12-09T02:15:33.600+0000][1][safepoint    ] Leaving safepoint region
[2019-12-09T02:15:33.600+0000][1][safepoint    ] Total time for which application threads were stopped: 0.0000782 seconds, Stopping threads took: 0.0000176 seconds
[2019-12-09T02:15:34.600+0000][1][safepoint    ] Application time: 1.0000740 seconds
[2019-12-09T02:15:34.600+0000][1][safepoint    ] Entering safepoint region: Cleanup
[2019-12-09T02:15:34.600+0000][1][safepoint    ] Leaving safepoint region
[2019-12-09T02:15:34.600+0000][1][safepoint    ] Total time for which application threads were stopped: 0.0000772 seconds, Stopping threads took: 0.0000183 seconds
[2019-12-09T02:15:35.600+0000][1][safepoint    ] Application time: 1.0000744 seconds
[2019-12-09T02:15:35.600+0000][1][safepoint    ] Entering safepoint region: Cleanup
[2019-12-09T02:15:35.601+0000][1][safepoint    ] Leaving safepoint region
[2019-12-09T02:15:35.601+0000][1][safepoint    ] Total time for which application threads were stopped: 0.0000796 seconds, Stopping threads took: 0.0000179 seconds
[2019-12-09T02:15:36.601+0000][1][safepoint    ] Application time: 1.0000745 seconds
[2019-12-09T02:15:36.601+0000][1][safepoint    ] Entering safepoint region: Cleanup
[2019-12-09T02:15:36.601+0000][1][safepoint    ] Leaving safepoint region
[2019-12-09T02:15:36.601+0000][1][safepoint    ] Total time for which application threads were stopped: 0.0000874 seconds, Stopping threads took: 0.0000258 seconds
[2019-12-09T02:15:37.601+0000][1][safepoint    ] Application time: 1.0000774 seconds
[2019-12-09T02:15:37.601+0000][1][safepoint    ] Entering safepoint region: Cleanup
[2019-12-09T02:15:37.601+0000][1][safepoint    ] Leaving safepoint region
[2019-12-09T02:15:37.601+0000][1][safepoint    ] Total time for which application threads were stopped: 0.0000791 seconds, Stopping threads took: 0.0000167 seconds
[2019-12-09T02:15:38.601+0000][1][safepoint    ] Application time: 1.0000739 seconds
[2019-12-09T02:15:38.601+0000][1][safepoint    ] Entering safepoint region: Cleanup
[2019-12-09T02:15:38.601+0000][1][safepoint    ] Leaving safepoint region
[2019-12-09T02:15:38.601+0000][1][safepoint    ] Total time for which application threads were stopped: 0.0000815 seconds, Stopping threads took: 0.0000173 seconds
[2019-12-09T02:15:39.601+0000][1][safepoint    ] Application time: 1.0000758 seconds
[2019-12-09T02:15:39.601+0000][1][safepoint    ] Entering safepoint region: Cleanup
[2019-12-09T02:15:39.601+0000][1][safepoint    ] Leaving safepoint region
[2019-12-09T02:15:39.601+0000][1][safepoint    ] Total time for which application threads were stopped: 0.0000796 seconds, Stopping threads took: 0.0000175 seconds
[2019-12-09T02:15:40.601+0000][1][safepoint    ] Application time: 1.0000755 seconds
[2019-12-09T02:15:40.601+0000][1][safepoint    ] Entering safepoint region: Cleanup
[2019-12-09T02:15:40.602+0000][1][safepoint    ] Leaving safepoint region
[2019-12-09T02:15:40.602+0000][1][safepoint    ] Total time for which application threads were stopped: 0.0000791 seconds, Stopping threads took: 0.0000178 seconds
[2019-12-09T02:15:41.602+0000][1][safepoint    ] Application time: 1.0000767 seconds
[2019-12-09T02:15:41.602+0000][1][safepoint    ] Entering safepoint region: Cleanup
[2019-12-09T02:15:41.602+0000][1][safepoint    ] Leaving safepoint region
[2019-12-09T02:15:41.602+0000][1][safepoint    ] Total time for which application threads were stopped: 0.0000858 seconds, Stopping threads took: 0.0000181 seconds
[2019-12-09T02:15:42.602+0000][1][safepoint    ] Application time: 1.0000762 seconds
[2019-12-09T02:15:42.602+0000][1][safepoint    ] Entering safepoint region: Cleanup
[2019-12-09T02:15:42.602+0000][1][safepoint    ] Leaving safepoint region
[2019-12-09T02:15:42.602+0000][1][safepoint    ] Total time for which application threads were stopped: 0.0000843 seconds, Stopping threads took: 0.0000231 seconds
[2019-12-09T02:15:43.602+0000][1][safepoint    ] Application time: 1.0000747 seconds
[2019-12-09T02:15:43.602+0000][1][safepoint    ] Entering safepoint region: Cleanup
[2019-12-09T02:15:43.602+0000][1][safepoint    ] Leaving safepoint region
[2019-12-09T02:15:43.602+0000][1][safepoint    ] Total time for which application threads were stopped: 0.0000878 seconds, Stopping threads took: 0.0000181 seconds
[2019-12-09T02:15:44.602+0000][1][safepoint    ] Application time: 1.0000772 seconds
[2019-12-09T02:15:44.602+0000][1][safepoint    ] Entering safepoint region: Cleanup
[2019-12-09T02:15:44.602+0000][1][safepoint    ] Leaving safepoint region
[2019-12-09T02:15:44.602+0000][1][safepoint    ] Total time for which application threads were stopped: 0.0000779 seconds, Stopping threads took: 0.0000170 seconds
[2019-12-09T02:15:45.602+0000][1][safepoint    ] Application time: 1.0000774 seconds
[2019-12-09T02:15:45.602+0000][1][safepoint    ] Entering safepoint region: Cleanup
[2019-12-09T02:15:45.602+0000][1][safepoint    ] Leaving safepoint region
[2019-12-09T02:15:45.602+0000][1][safepoint    ] Total time for which application threads were stopped: 0.0000832 seconds, Stopping threads took: 0.0000168 seconds
[2019-12-09T02:15:46.603+0000][1][safepoint    ] Application time: 1.0000759 seconds
[2019-12-09T02:15:46.603+0000][1][safepoint    ] Entering safepoint region: Cleanup
[2019-12-09T02:15:46.603+0000][1][safepoint    ] Leaving safepoint region
[2019-12-09T02:15:46.603+0000][1][safepoint    ] Total time for which application threads were stopped: 0.0000834 seconds, Stopping threads took: 0.0000183 seconds
[2019-12-09T02:15:47.603+0000][1][safepoint    ] Application time: 1.0000900 seconds
[2019-12-09T02:15:47.603+0000][1][safepoint    ] Entering safepoint region: Cleanup
[2019-12-09T02:15:47.603+0000][1][safepoint    ] Leaving safepoint region
[2019-12-09T02:15:47.603+0000][1][safepoint    ] Total time for which application threads were stopped: 0.0000765 seconds, Stopping threads took: 0.0000178 seconds
[2019-12-09T02:15:48.603+0000][1][safepoint    ] Application time: 1.0000741 seconds
[2019-12-09T02:15:48.603+0000][1][safepoint    ] Entering safepoint region: Cleanup
[2019-12-09T02:15:48.603+0000][1][safepoint    ] Leaving safepoint region
[2019-12-09T02:15:48.603+0000][1][safepoint    ] Total time for which application threads were stopped: 0.0000779 seconds, Stopping threads took: 0.0000172 seconds
[2019-12-09T02:15:49.603+0000][1][safepoint    ] Application time: 1.0000876 seconds
[2019-12-09T02:15:49.603+0000][1][safepoint    ] Entering safepoint region: Cleanup
[2019-12-09T02:15:49.603+0000][1][safepoint    ] Leaving safepoint region
[2019-12-09T02:15:49.603+0000][1][safepoint    ] Total time for which application threads were stopped: 0.0001058 seconds, Stopping threads took: 0.0000247 seconds
[2019-12-09T02:15:50.603+0000][1][safepoint    ] Application time: 1.0000743 seconds
[2019-12-09T02:15:50.603+0000][1][safepoint    ] Entering safepoint region: Cleanup
[2019-12-09T02:15:50.603+0000][1][safepoint    ] Leaving safepoint region
[2019-12-09T02:15:50.603+0000][1][safepoint    ] Total time for which application threads were stopped: 0.0000783 seconds, Stopping threads took: 0.0000180 seconds
[2019-12-09T02:15:51.604+0000][1][safepoint    ] Application time: 1.0000735 seconds
[2019-12-09T02:15:51.604+0000][1][safepoint    ] Entering safepoint region: Cleanup
[2019-12-09T02:15:51.604+0000][1][safepoint    ] Leaving safepoint region
[2019-12-09T02:15:51.604+0000][1][safepoint    ] Total time for which application threads were stopped: 0.0000764 seconds, Stopping threads took: 0.0000171 seconds
[2019-12-09T02:15:52.604+0000][1][safepoint    ] Application time: 1.0000788 seconds
[2019-12-09T02:15:52.604+0000][1][safepoint    ] Entering safepoint region: Cleanup
[2019-12-09T02:15:52.604+0000][1][safepoint    ] Leaving safepoint region
[2019-12-09T02:15:52.604+0000][1][safepoint    ] Total time for which application threads were stopped: 0.0000771 seconds, Stopping threads took: 0.0000181 seconds
[2019-12-09T02:15:53.604+0000][1][safepoint    ] Application time: 1.0000757 seconds
[2019-12-09T02:15:53.604+0000][1][safepoint    ] Entering safepoint region: Cleanup
[2019-12-09T02:15:53.604+0000][1][safepoint    ] Leaving safepoint region
[2019-12-09T02:15:53.604+0000][1][safepoint    ] Total time for which application threads were stopped: 0.0000758 seconds, Stopping threads took: 0.0000166 seconds
[2019-12-09T02:15:54.604+0000][1][safepoint    ] Application time: 1.0000770 seconds
[2019-12-09T02:15:54.604+0000][1][safepoint    ] Entering safepoint region: Cleanup
[2019-12-09T02:15:54.604+0000][1][safepoint    ] Leaving safepoint region
[2019-12-09T02:15:54.604+0000][1][safepoint    ] Total time for which application threads were stopped: 0.0000783 seconds, Stopping threads took: 0.0000173 seconds
[2019-12-09T02:15:55.604+0000][1][safepoint    ] Application time: 1.0000759 seconds
[2019-12-09T02:15:55.604+0000][1][safepoint    ] Entering safepoint region: Cleanup
[2019-12-09T02:15:55.604+0000][1][safepoint    ] Leaving safepoint region
[2019-12-09T02:15:55.604+0000][1][safepoint    ] Total time for which application threads were stopped: 0.0000804 seconds, Stopping threads took: 0.0000165 seconds
[2019-12-09T02:15:56.604+0000][1][safepoint    ] Application time: 1.0000790 seconds
[2019-12-09T02:15:56.605+0000][1][safepoint    ] Entering safepoint region: Cleanup
[2019-12-09T02:15:56.605+0000][1][safepoint    ] Leaving safepoint region
[2019-12-09T02:15:56.605+0000][1][safepoint    ] Total time for which application threads were stopped: 0.0000817 seconds, Stopping threads took: 0.0000177 seconds
[2019-12-09T02:15:57.605+0000][1][safepoint    ] Application time: 1.0000621 seconds
[2019-12-09T02:15:57.605+0000][1][safepoint    ] Entering safepoint region: Cleanup
[2019-12-09T02:15:57.605+0000][1][safepoint    ] Leaving safepoint region
[2019-12-09T02:15:57.605+0000][1][safepoint    ] Total time for which application threads were stopped: 0.0000794 seconds, Stopping threads took: 0.0000183 seconds
[2019-12-09T02:15:58.605+0000][1][safepoint    ] Application time: 1.0000787 seconds
[2019-12-09T02:15:58.605+0000][1][safepoint    ] Entering safepoint region: Cleanup
[2019-12-09T02:15:58.605+0000][1][safepoint    ] Leaving safepoint region
[2019-12-09T02:15:58.605+0000][1][safepoint    ] Total time for which application threads were stopped: 0.0000761 seconds, Stopping threads took: 0.0000169 seconds
[2019-12-09T02:15:59.605+0000][1][safepoint    ] Application time: 1.0000769 seconds
[2019-12-09T02:15:59.605+0000][1][safepoint    ] Entering safepoint region: Cleanup
[2019-12-09T02:15:59.605+0000][1][safepoint    ] Leaving safepoint region
[2019-12-09T02:15:59.605+0000][1][safepoint    ] Total time for which application threads were stopped: 0.0000767 seconds, Stopping threads took: 0.0000178 seconds
[2019-12-09T02:16:00.605+0000][1][safepoint    ] Application time: 1.0000771 seconds
[2019-12-09T02:16:00.605+0000][1][safepoint    ] Entering safepoint region: Cleanup
[2019-12-09T02:16:00.605+0000][1][safepoint    ] Leaving safepoint region
[2019-12-09T02:16:00.605+0000][1][safepoint    ] Total time for which application threads were stopped: 0.0000757 seconds, Stopping threads took: 0.0000175 seconds
[2019-12-09T02:16:01.605+0000][1][safepoint    ] Application time: 1.0000804 seconds
[2019-12-09T02:16:01.605+0000][1][safepoint    ] Entering safepoint region: Cleanup
[2019-12-09T02:16:01.606+0000][1][safepoint    ] Leaving safepoint region
[2019-12-09T02:16:01.606+0000][1][safepoint    ] Total time for which application threads were stopped: 0.0000782 seconds, Stopping threads took: 0.0000164 seconds
[2019-12-09T02:16:02.606+0000][1][safepoint    ] Application time: 1.0000888 seconds
[2019-12-09T02:16:02.606+0000][1][safepoint    ] Entering safepoint region: Cleanup
[2019-12-09T02:16:02.606+0000][1][safepoint    ] Leaving safepoint region
[2019-12-09T02:16:02.606+0000][1][safepoint    ] Total time for which application threads were stopped: 0.0001366 seconds, Stopping threads took: 0.0000519 seconds
[2019-12-09T02:16:03.606+0000][1][safepoint    ] Application time: 1.0000733 seconds
[2019-12-09T02:16:03.606+0000][1][safepoint    ] Entering safepoint region: Cleanup
[2019-12-09T02:16:03.606+0000][1][safepoint    ] Leaving safepoint region
[2019-12-09T02:16:03.606+0000][1][safepoint    ] Total time for which application threads were stopped: 0.0000975 seconds, Stopping threads took: 0.0000173 seconds
[2019-12-09T02:16:04.606+0000][1][safepoint    ] Application time: 1.0000731 seconds
[2019-12-09T02:16:04.606+0000][1][safepoint    ] Entering safepoint region: Cleanup
[2019-12-09T02:16:04.606+0000][1][safepoint    ] Leaving safepoint region
[2019-12-09T02:16:04.606+0000][1][safepoint    ] Total time for which application threads were stopped: 0.0000742 seconds, Stopping threads took: 0.0000161 seconds
[2019-12-09T02:16:05.606+0000][1][safepoint    ] Application time: 1.0000741 seconds
[2019-12-09T02:16:05.606+0000][1][safepoint    ] Entering safepoint region: Cleanup
[2019-12-09T02:16:05.606+0000][1][safepoint    ] Leaving safepoint region
[2019-12-09T02:16:05.606+0000][1][safepoint    ] Total time for which application threads were stopped: 0.0000758 seconds, Stopping threads took: 0.0000174 seconds
[2019-12-09T02:16:06.606+0000][1][safepoint    ] Application time: 1.0000737 seconds
[2019-12-09T02:16:06.606+0000][1][safepoint    ] Entering safepoint region: Cleanup
[2019-12-09T02:16:06.607+0000][1][safepoint    ] Leaving safepoint region
[2019-12-09T02:16:06.607+0000][1][safepoint    ] Total time for which application threads were stopped: 0.0000753 seconds, Stopping threads took: 0.0000167 seconds
[2019-12-09T02:16:07.607+0000][1][safepoint    ] Application time: 1.0000279 seconds
[2019-12-09T02:16:07.607+0000][1][safepoint    ] Entering safepoint region: Cleanup
[2019-12-09T02:16:07.607+0000][1][safepoint    ] Leaving safepoint region
[2019-12-09T02:16:07.607+0000][1][safepoint    ] Total time for which application threads were stopped: 0.0000772 seconds, Stopping threads took: 0.0000175 seconds
[2019-12-09T02:16:08.607+0000][1][safepoint    ] Application time: 1.0000789 seconds
[2019-12-09T02:16:08.607+0000][1][safepoint    ] Entering safepoint region: Cleanup
[2019-12-09T02:16:08.607+0000][1][safepoint    ] Leaving safepoint region
[2019-12-09T02:16:08.607+0000][1][safepoint    ] Total time for which application threads were stopped: 0.0000879 seconds, Stopping threads took: 0.0000224 seconds
[2019-12-09T02:16:09.607+0000][1][safepoint    ] Application time: 1.0000755 seconds
[2019-12-09T02:16:09.607+0000][1][safepoint    ] Entering safepoint region: Cleanup
[2019-12-09T02:16:09.607+0000][1][safepoint    ] Leaving safepoint region
[2019-12-09T02:16:09.607+0000][1][safepoint    ] Total time for which application threads were stopped: 0.0000752 seconds, Stopping threads took: 0.0000172 seconds
[2019-12-09T02:16:10.607+0000][1][safepoint    ] Application time: 1.0000749 seconds
[2019-12-09T02:16:10.607+0000][1][safepoint    ] Entering safepoint region: Cleanup
[2019-12-09T02:16:10.607+0000][1][safepoint    ] Leaving safepoint region
[2019-12-09T02:16:10.607+0000][1][safepoint    ] Total time for which application threads were stopped: 0.0000767 seconds, Stopping threads took: 0.0000178 seconds
[2019-12-09T02:16:11.607+0000][1][safepoint    ] Application time: 1.0000759 seconds
[2019-12-09T02:16:11.607+0000][1][safepoint    ] Entering safepoint region: Cleanup
[2019-12-09T02:16:11.607+0000][1][safepoint    ] Leaving safepoint region
[2019-12-09T02:16:11.607+0000][1][safepoint    ] Total time for which application threads were stopped: 0.0000760 seconds, Stopping threads took: 0.0000168 seconds
[2019-12-09T02:16:12.608+0000][1][safepoint    ] Application time: 1.0000758 seconds
[2019-12-09T02:16:12.608+0000][1][safepoint    ] Entering safepoint region: Cleanup
[2019-12-09T02:16:12.608+0000][1][safepoint    ] Leaving safepoint region
[2019-12-09T02:16:12.608+0000][1][safepoint    ] Total time for which application threads were stopped: 0.0000855 seconds, Stopping threads took: 0.0000241 seconds
[2019-12-09T02:16:13.608+0000][1][safepoint    ] Application time: 1.0000750 seconds
[2019-12-09T02:16:13.608+0000][1][safepoint    ] Entering safepoint region: Cleanup
[2019-12-09T02:16:13.608+0000][1][safepoint    ] Leaving safepoint region
[2019-12-09T02:16:13.608+0000][1][safepoint    ] Total time for which application threads were stopped: 0.0001045 seconds, Stopping threads took: 0.0000246 seconds
[2019-12-09T02:16:14.608+0000][1][safepoint    ] Application time: 1.0000750 seconds
[2019-12-09T02:16:14.608+0000][1][safepoint    ] Entering safepoint region: Cleanup
[2019-12-09T02:16:14.608+0000][1][safepoint    ] Leaving safepoint region
[2019-12-09T02:16:14.608+0000][1][safepoint    ] Total time for which application threads were stopped: 0.0000796 seconds, Stopping threads took: 0.0000181 seconds
[2019-12-09T02:16:15.608+0000][1][safepoint    ] Application time: 1.0000759 seconds
[2019-12-09T02:16:15.608+0000][1][safepoint    ] Entering safepoint region: Cleanup
[2019-12-09T02:16:15.608+0000][1][safepoint    ] Leaving safepoint region
[2019-12-09T02:16:15.608+0000][1][safepoint    ] Total time for which application threads were stopped: 0.0000751 seconds, Stopping threads took: 0.0000160 seconds
[2019-12-09T02:16:16.608+0000][1][safepoint    ] Application time: 1.0000750 seconds
[2019-12-09T02:16:16.608+0000][1][safepoint    ] Entering safepoint region: Cleanup
[2019-12-09T02:16:16.608+0000][1][safepoint    ] Leaving safepoint region
[2019-12-09T02:16:16.608+0000][1][safepoint    ] Total time for which application threads were stopped: 0.0000766 seconds, Stopping threads took: 0.0000181 seconds
[2019-12-09T02:16:17.608+0000][1][safepoint    ] Application time: 1.0000759 seconds
[2019-12-09T02:16:17.609+0000][1][safepoint    ] Entering safepoint region: Cleanup
[2019-12-09T02:16:17.609+0000][1][safepoint    ] Leaving safepoint region
[2019-12-09T02:16:17.609+0000][1][safepoint    ] Total time for which application threads were stopped: 0.0000776 seconds, Stopping threads took: 0.0000172 seconds
[2019-12-09T02:16:18.609+0000][1][safepoint    ] Application time: 1.0000749 seconds
[2019-12-09T02:16:18.609+0000][1][safepoint    ] Entering safepoint region: Cleanup
[2019-12-09T02:16:18.609+0000][1][safepoint    ] Leaving safepoint region
[2019-12-09T02:16:18.609+0000][1][safepoint    ] Total time for which application threads were stopped: 0.0000738 seconds, Stopping threads took: 0.0000164 seconds
[2019-12-09T02:16:19.609+0000][1][safepoint    ] Application time: 1.0000757 seconds
[2019-12-09T02:16:19.609+0000][1][safepoint    ] Entering safepoint region: Cleanup
[2019-12-09T02:16:19.609+0000][1][safepoint    ] Leaving safepoint region
[2019-12-09T02:16:19.609+0000][1][safepoint    ] Total time for which application threads were stopped: 0.0000760 seconds, Stopping threads took: 0.0000165 seconds
[2019-12-09T02:16:20.609+0000][1][safepoint    ] Application time: 1.0000760 seconds
[2019-12-09T02:16:20.609+0000][1][safepoint    ] Entering safepoint region: Cleanup
[2019-12-09T02:16:20.609+0000][1][safepoint    ] Leaving safepoint region
[2019-12-09T02:16:20.609+0000][1][safepoint    ] Total time for which application threads were stopped: 0.0000769 seconds, Stopping threads took: 0.0000170 seconds
[2019-12-09T02:16:21.609+0000][1][safepoint    ] Application time: 1.0000768 seconds
[2019-12-09T02:16:21.609+0000][1][safepoint    ] Entering safepoint region: Cleanup
[2019-12-09T02:16:21.609+0000][1][safepoint    ] Leaving safepoint region
[2019-12-09T02:16:21.609+0000][1][safepoint    ] Total time for which application threads were stopped: 0.0000774 seconds, Stopping threads took: 0.0000174 seconds
[2019-12-09T02:16:22.609+0000][1][safepoint    ] Application time: 1.0000724 seconds
[2019-12-09T02:16:22.609+0000][1][safepoint    ] Entering safepoint region: Cleanup
[2019-12-09T02:16:22.610+0000][1][safepoint    ] Leaving safepoint region
[2019-12-09T02:16:22.610+0000][1][safepoint    ] Total time for which application threads were stopped: 0.0000785 seconds, Stopping threads took: 0.0000178 seconds
[2019-12-09T02:16:23.610+0000][1][safepoint    ] Application time: 1.0000761 seconds
[2019-12-09T02:16:23.610+0000][1][safepoint    ] Entering safepoint region: Cleanup
[2019-12-09T02:16:23.610+0000][1][safepoint    ] Leaving safepoint region
[2019-12-09T02:16:23.610+0000][1][safepoint    ] Total time for which application threads were stopped: 0.0000926 seconds, Stopping threads took: 0.0000183 seconds
[2019-12-09T02:16:24.610+0000][1][safepoint    ] Application time: 1.0000773 seconds
[2019-12-09T02:16:24.610+0000][1][safepoint    ] Entering safepoint region: Cleanup
[2019-12-09T02:16:24.610+0000][1][safepoint    ] Leaving safepoint region
[2019-12-09T02:16:24.610+0000][1][safepoint    ] Total time for which application threads were stopped: 0.0000757 seconds, Stopping threads took: 0.0000165 seconds
[2019-12-09T02:16:25.610+0000][1][safepoint    ] Application time: 1.0000762 seconds
[2019-12-09T02:16:25.610+0000][1][safepoint    ] Entering safepoint region: Cleanup
[2019-12-09T02:16:25.610+0000][1][safepoint    ] Leaving safepoint region
[2019-12-09T02:16:25.610+0000][1][safepoint    ] Total time for which application threads were stopped: 0.0000765 seconds, Stopping threads took: 0.0000177 seconds
[2019-12-09T02:16:26.610+0000][1][safepoint    ] Application time: 1.0000747 seconds
[2019-12-09T02:16:26.610+0000][1][safepoint    ] Entering safepoint region: Cleanup
[2019-12-09T02:16:26.610+0000][1][safepoint    ] Leaving safepoint region
[2019-12-09T02:16:26.610+0000][1][safepoint    ] Total time for which application threads were stopped: 0.0000843 seconds, Stopping threads took: 0.0000165 seconds
[2019-12-09T02:16:27.610+0000][1][safepoint    ] Application time: 1.0000738 seconds
[2019-12-09T02:16:27.610+0000][1][safepoint    ] Entering safepoint region: Cleanup
[2019-12-09T02:16:27.610+0000][1][safepoint    ] Leaving safepoint region
[2019-12-09T02:16:27.610+0000][1][safepoint    ] Total time for which application threads were stopped: 0.0000765 seconds, Stopping threads took: 0.0000168 seconds
[2019-12-09T02:16:28.611+0000][1][safepoint    ] Application time: 1.0000737 seconds
[2019-12-09T02:16:28.611+0000][1][safepoint    ] Entering safepoint region: Cleanup
[2019-12-09T02:16:28.611+0000][1][safepoint    ] Leaving safepoint region
[2019-12-09T02:16:28.611+0000][1][safepoint    ] Total time for which application threads were stopped: 0.0000738 seconds, Stopping threads took: 0.0000170 seconds
[2019-12-09T02:16:29.611+0000][1][safepoint    ] Application time: 1.0000743 seconds
[2019-12-09T02:16:29.611+0000][1][safepoint    ] Entering safepoint region: Cleanup
[2019-12-09T02:16:29.611+0000][1][safepoint    ] Leaving safepoint region
[2019-12-09T02:16:29.611+0000][1][safepoint    ] Total time for which application threads were stopped: 0.0000756 seconds, Stopping threads took: 0.0000175 seconds
[2019-12-09T02:16:30.611+0000][1][safepoint    ] Application time: 1.0000730 seconds
[2019-12-09T02:16:30.611+0000][1][safepoint    ] Entering safepoint region: Cleanup
[2019-12-09T02:16:30.611+0000][1][safepoint    ] Leaving safepoint region
[2019-12-09T02:16:30.611+0000][1][safepoint    ] Total time for which application threads were stopped: 0.0000770 seconds, Stopping threads took: 0.0000168 seconds
[2019-12-09T02:16:31.611+0000][1][safepoint    ] Application time: 1.0000761 seconds
[2019-12-09T02:16:31.611+0000][1][safepoint    ] Entering safepoint region: Cleanup
[2019-12-09T02:16:31.611+0000][1][safepoint    ] Leaving safepoint region
[2019-12-09T02:16:31.611+0000][1][safepoint    ] Total time for which application threads were stopped: 0.0000775 seconds, Stopping threads took: 0.0000167 seconds
[2019-12-09T02:16:32.649+0000][1][safepoint    ] Application time: 1.0379991 seconds
[2019-12-09T02:16:32.649+0000][1][safepoint    ] Entering safepoint region: Cleanup
[2019-12-09T02:16:32.649+0000][1][safepoint    ] Leaving safepoint region
[2019-12-09T02:16:32.649+0000][1][safepoint    ] Total time for which application threads were stopped: 0.0001213 seconds, Stopping threads took: 0.0000207 seconds
[2019-12-09T02:16:33.649+0000][1][safepoint    ] Application time: 1.0000824 seconds
[2019-12-09T02:16:33.649+0000][1][safepoint    ] Entering safepoint region: Cleanup
[2019-12-09T02:16:33.650+0000][1][safepoint    ] Leaving safepoint region
[2019-12-09T02:16:33.650+0000][1][safepoint    ] Total time for which application threads were stopped: 0.0001763 seconds, Stopping threads took: 0.0000595 seconds
[2019-12-09T02:16:34.650+0000][1][safepoint    ] Application time: 1.0000702 seconds
[2019-12-09T02:16:34.650+0000][1][safepoint    ] Entering safepoint region: Cleanup
[2019-12-09T02:16:34.650+0000][1][safepoint    ] Leaving safepoint region
[2019-12-09T02:16:34.650+0000][1][safepoint    ] Total time for which application threads were stopped: 0.0000846 seconds, Stopping threads took: 0.0000228 seconds
[2019-12-09T02:16:35.650+0000][1][safepoint    ] Application time: 1.0000831 seconds
[2019-12-09T02:16:35.650+0000][1][safepoint    ] Entering safepoint region: Cleanup
[2019-12-09T02:16:35.650+0000][1][safepoint    ] Leaving safepoint region
[2019-12-09T02:16:35.650+0000][1][safepoint    ] Total time for which application threads were stopped: 0.0000745 seconds, Stopping threads took: 0.0000172 seconds
[2019-12-09T02:16:36.650+0000][1][safepoint    ] Application time: 1.0000762 seconds
[2019-12-09T02:16:36.650+0000][1][safepoint    ] Entering safepoint region: Cleanup
[2019-12-09T02:16:36.650+0000][1][safepoint    ] Leaving safepoint region
[2019-12-09T02:16:36.650+0000][1][safepoint    ] Total time for which application threads were stopped: 0.0000775 seconds, Stopping threads took: 0.0000192 seconds
[2019-12-09T02:16:37.650+0000][1][safepoint    ] Application time: 1.0000774 seconds
[2019-12-09T02:16:37.650+0000][1][safepoint    ] Entering safepoint region: Cleanup
[2019-12-09T02:16:37.650+0000][1][safepoint    ] Leaving safepoint region
[2019-12-09T02:16:37.650+0000][1][safepoint    ] Total time for which application threads were stopped: 0.0000727 seconds, Stopping threads took: 0.0000162 seconds
[2019-12-09T02:16:38.650+0000][1][safepoint    ] Application time: 1.0000772 seconds
[2019-12-09T02:16:38.651+0000][1][safepoint    ] Entering safepoint region: Cleanup
[2019-12-09T02:16:38.651+0000][1][safepoint    ] Leaving safepoint region
[2019-12-09T02:16:38.651+0000][1][safepoint    ] Total time for which application threads were stopped: 0.0000788 seconds, Stopping threads took: 0.0000204 seconds
[2019-12-09T02:16:39.651+0000][1][safepoint    ] Application time: 1.0000782 seconds
[2019-12-09T02:16:39.651+0000][1][safepoint    ] Entering safepoint region: Cleanup
[2019-12-09T02:16:39.651+0000][1][safepoint    ] Leaving safepoint region
[2019-12-09T02:16:39.651+0000][1][safepoint    ] Total time for which application threads were stopped: 0.0000872 seconds, Stopping threads took: 0.0000168 seconds
[2019-12-09T02:16:40.651+0000][1][safepoint    ] Application time: 1.0000767 seconds
[2019-12-09T02:16:40.651+0000][1][safepoint    ] Entering safepoint region: Cleanup
[2019-12-09T02:16:40.651+0000][1][safepoint    ] Leaving safepoint region
[2019-12-09T02:16:40.651+0000][1][safepoint    ] Total time for which application threads were stopped: 0.0000741 seconds, Stopping threads took: 0.0000146 seconds
[2019-12-09T02:16:41.651+0000][1][safepoint    ] Application time: 1.0000782 seconds
[2019-12-09T02:16:41.651+0000][1][safepoint    ] Entering safepoint region: Cleanup
[2019-12-09T02:16:41.651+0000][1][safepoint    ] Leaving safepoint region
[2019-12-09T02:16:41.651+0000][1][safepoint    ] Total time for which application threads were stopped: 0.0000730 seconds, Stopping threads took: 0.0000154 seconds
[2019-12-09T02:16:42.651+0000][1][safepoint    ] Application time: 1.0000783 seconds
[2019-12-09T02:16:42.651+0000][1][safepoint    ] Entering safepoint region: Cleanup
[2019-12-09T02:16:42.651+0000][1][safepoint    ] Leaving safepoint region
[2019-12-09T02:16:42.651+0000][1][safepoint    ] Total time for which application threads were stopped: 0.0000817 seconds, Stopping threads took: 0.0000242 seconds
[2019-12-09T02:16:43.651+0000][1][safepoint    ] Application time: 1.0000769 seconds
[2019-12-09T02:16:43.651+0000][1][safepoint    ] Entering safepoint region: Cleanup
[2019-12-09T02:16:43.652+0000][1][safepoint    ] Leaving safepoint region
[2019-12-09T02:16:43.652+0000][1][safepoint    ] Total time for which application threads were stopped: 0.0000785 seconds, Stopping threads took: 0.0000190 seconds
[2019-12-09T02:16:44.652+0000][1][safepoint    ] Application time: 1.0000826 seconds
[2019-12-09T02:16:44.652+0000][1][safepoint    ] Entering safepoint region: Cleanup
[2019-12-09T02:16:44.652+0000][1][safepoint    ] Leaving safepoint region
[2019-12-09T02:16:44.652+0000][1][safepoint    ] Total time for which application threads were stopped: 0.0000918 seconds, Stopping threads took: 0.0000290 seconds
[2019-12-09T02:16:45.652+0000][1][safepoint    ] Application time: 1.0000920 seconds
[2019-12-09T02:16:45.652+0000][1][safepoint    ] Entering safepoint region: Cleanup
[2019-12-09T02:16:45.652+0000][1][safepoint    ] Leaving safepoint region
[2019-12-09T02:16:45.652+0000][1][safepoint    ] Total time for which application threads were stopped: 0.0000867 seconds, Stopping threads took: 0.0000251 seconds
[2019-12-09T02:16:46.652+0000][1][safepoint    ] Application time: 1.0001376 seconds
[2019-12-09T02:16:46.652+0000][1][safepoint    ] Entering safepoint region: Cleanup
[2019-12-09T02:16:46.652+0000][1][safepoint    ] Leaving safepoint region
[2019-12-09T02:16:46.652+0000][1][safepoint    ] Total time for which application threads were stopped: 0.0001085 seconds, Stopping threads took: 0.0000236 seconds
[2019-12-09T02:16:47.652+0000][1][safepoint    ] Application time: 1.0000747 seconds
[2019-12-09T02:16:47.652+0000][1][safepoint    ] Entering safepoint region: Cleanup
[2019-12-09T02:16:47.652+0000][1][safepoint    ] Leaving safepoint region
[2019-12-09T02:16:47.652+0000][1][safepoint    ] Total time for which application threads were stopped: 0.0001078 seconds, Stopping threads took: 0.0000220 seconds
[2019-12-09T02:16:48.653+0000][1][safepoint    ] Application time: 1.0000471 seconds
[2019-12-09T02:16:48.653+0000][1][safepoint    ] Entering safepoint region: Cleanup
[2019-12-09T02:16:48.653+0000][1][safepoint    ] Leaving safepoint region
[2019-12-09T02:16:48.653+0000][1][safepoint    ] Total time for which application threads were stopped: 0.0000860 seconds, Stopping threads took: 0.0000193 seconds
[2019-12-09T02:16:49.653+0000][1][safepoint    ] Application time: 1.0000906 seconds
[2019-12-09T02:16:49.653+0000][1][safepoint    ] Entering safepoint region: Cleanup
[2019-12-09T02:16:49.653+0000][1][safepoint    ] Leaving safepoint region
[2019-12-09T02:16:49.653+0000][1][safepoint    ] Total time for which application threads were stopped: 0.0000801 seconds, Stopping threads took: 0.0000179 seconds
[2019-12-09T02:16:50.653+0000][1][safepoint    ] Application time: 1.0001354 seconds
[2019-12-09T02:16:50.653+0000][1][safepoint    ] Entering safepoint region: Cleanup
[2019-12-09T02:16:50.653+0000][1][safepoint    ] Leaving safepoint region
[2019-12-09T02:16:50.653+0000][1][safepoint    ] Total time for which application threads were stopped: 0.0000886 seconds, Stopping threads took: 0.0000239 seconds
[2019-12-09T02:16:51.653+0000][1][safepoint    ] Application time: 1.0000770 seconds
[2019-12-09T02:16:51.653+0000][1][safepoint    ] Entering safepoint region: Cleanup
[2019-12-09T02:16:51.653+0000][1][safepoint    ] Leaving safepoint region
[2019-12-09T02:16:51.653+0000][1][safepoint    ] Total time for which application threads were stopped: 0.0000741 seconds, Stopping threads took: 0.0000166 seconds
[2019-12-09T02:16:52.653+0000][1][safepoint    ] Application time: 1.0000753 seconds
[2019-12-09T02:16:52.653+0000][1][safepoint    ] Entering safepoint region: Cleanup
[2019-12-09T02:16:52.654+0000][1][safepoint    ] Leaving safepoint region
[2019-12-09T02:16:52.654+0000][1][safepoint    ] Total time for which application threads were stopped: 0.0000776 seconds, Stopping threads took: 0.0000174 seconds
[2019-12-09T02:16:53.654+0000][1][safepoint    ] Application time: 1.0000767 seconds
[2019-12-09T02:16:53.654+0000][1][safepoint    ] Entering safepoint region: Cleanup
[2019-12-09T02:16:53.654+0000][1][safepoint    ] Leaving safepoint region
[2019-12-09T02:16:53.654+0000][1][safepoint    ] Total time for which application threads were stopped: 0.0000886 seconds, Stopping threads took: 0.0000176 seconds
[2019-12-09T02:16:54.654+0000][1][safepoint    ] Application time: 1.0000761 seconds
[2019-12-09T02:16:54.654+0000][1][safepoint    ] Entering safepoint region: Cleanup
[2019-12-09T02:16:54.654+0000][1][safepoint    ] Leaving safepoint region
[2019-12-09T02:16:54.654+0000][1][safepoint    ] Total time for which application threads were stopped: 0.0000754 seconds, Stopping threads took: 0.0000174 seconds
[2019-12-09T02:16:55.654+0000][1][safepoint    ] Application time: 1.0000755 seconds
[2019-12-09T02:16:55.654+0000][1][safepoint    ] Entering safepoint region: Cleanup
[2019-12-09T02:16:55.654+0000][1][safepoint    ] Leaving safepoint region
[2019-12-09T02:16:55.654+0000][1][safepoint    ] Total time for which application threads were stopped: 0.0000776 seconds, Stopping threads took: 0.0000193 seconds
[2019-12-09T02:16:56.654+0000][1][safepoint    ] Application time: 1.0000761 seconds
[2019-12-09T02:16:56.654+0000][1][safepoint    ] Entering safepoint region: Cleanup
[2019-12-09T02:16:56.654+0000][1][safepoint    ] Leaving safepoint region
[2019-12-09T02:16:56.654+0000][1][safepoint    ] Total time for which application threads were stopped: 0.0000760 seconds, Stopping threads took: 0.0000175 seconds
[2019-12-09T02:16:57.654+0000][1][safepoint    ] Application time: 1.0000759 seconds
[2019-12-09T02:16:57.654+0000][1][safepoint    ] Entering safepoint region: Cleanup
[2019-12-09T02:16:57.654+0000][1][safepoint    ] Leaving safepoint region
[2019-12-09T02:16:57.654+0000][1][safepoint    ] Total time for which application threads were stopped: 0.0000782 seconds, Stopping threads took: 0.0000179 seconds
[2019-12-09T02:16:58.655+0000][1][safepoint    ] Application time: 1.0000783 seconds
[2019-12-09T02:16:58.655+0000][1][safepoint    ] Entering safepoint region: Cleanup
[2019-12-09T02:16:58.655+0000][1][safepoint    ] Leaving safepoint region
[2019-12-09T02:16:58.655+0000][1][safepoint    ] Total time for which application threads were stopped: 0.0000848 seconds, Stopping threads took: 0.0000244 seconds
[2019-12-09T02:16:59.655+0000][1][safepoint    ] Application time: 1.0000766 seconds
[2019-12-09T02:16:59.655+0000][1][safepoint    ] Entering safepoint region: Cleanup
[2019-12-09T02:16:59.655+0000][1][safepoint    ] Leaving safepoint region
[2019-12-09T02:16:59.655+0000][1][safepoint    ] Total time for which application threads were stopped: 0.0000789 seconds, Stopping threads took: 0.0000196 seconds
[2019-12-09T02:17:00.655+0000][1][safepoint    ] Application time: 1.0000744 seconds
[2019-12-09T02:17:00.655+0000][1][safepoint    ] Entering safepoint region: Cleanup
[2019-12-09T02:17:00.655+0000][1][safepoint    ] Leaving safepoint region
[2019-12-09T02:17:00.655+0000][1][safepoint    ] Total time for which application threads were stopped: 0.0000942 seconds, Stopping threads took: 0.0000182 seconds
[2019-12-09T02:17:01.655+0000][1][safepoint    ] Application time: 1.0000817 seconds
[2019-12-09T02:17:01.655+0000][1][safepoint    ] Entering safepoint region: Cleanup
[2019-12-09T02:17:01.655+0000][1][safepoint    ] Leaving safepoint region
[2019-12-09T02:17:01.655+0000][1][safepoint    ] Total time for which application threads were stopped: 0.0000829 seconds, Stopping threads took: 0.0000196 seconds
[2019-12-09T02:17:02.655+0000][1][safepoint    ] Application time: 1.0000787 seconds
[2019-12-09T02:17:02.655+0000][1][safepoint    ] Entering safepoint region: Cleanup
[2019-12-09T02:17:02.655+0000][1][safepoint    ] Leaving safepoint region
[2019-12-09T02:17:02.655+0000][1][safepoint    ] Total time for which application threads were stopped: 0.0000794 seconds, Stopping threads took: 0.0000175 seconds
[2019-12-09T02:17:03.656+0000][1][safepoint    ] Application time: 1.0000772 seconds
[2019-12-09T02:17:03.656+0000][1][safepoint    ] Entering safepoint region: Cleanup
[2019-12-09T02:17:03.656+0000][1][safepoint    ] Leaving safepoint region
[2019-12-09T02:17:03.656+0000][1][safepoint    ] Total time for which application threads were stopped: 0.0000776 seconds, Stopping threads took: 0.0000183 seconds
[2019-12-09T02:17:04.656+0000][1][safepoint    ] Application time: 1.0000761 seconds
[2019-12-09T02:17:04.656+0000][1][safepoint    ] Entering safepoint region: Cleanup
[2019-12-09T02:17:04.656+0000][1][safepoint    ] Leaving safepoint region
[2019-12-09T02:17:04.656+0000][1][safepoint    ] Total time for which application threads were stopped: 0.0000757 seconds, Stopping threads took: 0.0000170 seconds
[2019-12-09T02:17:05.656+0000][1][safepoint    ] Application time: 1.0000766 seconds
[2019-12-09T02:17:05.656+0000][1][safepoint    ] Entering safepoint region: Cleanup
[2019-12-09T02:17:05.656+0000][1][safepoint    ] Leaving safepoint region
[2019-12-09T02:17:05.656+0000][1][safepoint    ] Total time for which application threads were stopped: 0.0000760 seconds, Stopping threads took: 0.0000171 seconds
[2019-12-09T02:17:06.656+0000][1][safepoint    ] Application time: 1.0000767 seconds
[2019-12-09T02:17:06.656+0000][1][safepoint    ] Entering safepoint region: Cleanup
[2019-12-09T02:17:06.656+0000][1][safepoint    ] Leaving safepoint region
[2019-12-09T02:17:06.656+0000][1][safepoint    ] Total time for which application threads were stopped: 0.0000826 seconds, Stopping threads took: 0.0000177 seconds
[2019-12-09T02:17:07.656+0000][1][safepoint    ] Application time: 1.0000772 seconds
[2019-12-09T02:17:07.656+0000][1][safepoint    ] Entering safepoint region: Cleanup
[2019-12-09T02:17:07.656+0000][1][safepoint    ] Leaving safepoint region
[2019-12-09T02:17:07.656+0000][1][safepoint    ] Total time for which application threads were stopped: 0.0000837 seconds, Stopping threads took: 0.0000187 seconds
[2019-12-09T02:17:08.656+0000][1][safepoint    ] Application time: 1.0000757 seconds
[2019-12-09T02:17:08.657+0000][1][safepoint    ] Entering safepoint region: Cleanup
[2019-12-09T02:17:08.657+0000][1][safepoint    ] Leaving safepoint region
[2019-12-09T02:17:08.657+0000][1][safepoint    ] Total time for which application threads were stopped: 0.0000944 seconds, Stopping threads took: 0.0000303 seconds
[2019-12-09T02:17:09.657+0000][1][safepoint    ] Application time: 1.0000765 seconds
[2019-12-09T02:17:09.657+0000][1][safepoint    ] Entering safepoint region: Cleanup
[2019-12-09T02:17:09.657+0000][1][safepoint    ] Leaving safepoint region
[2019-12-09T02:17:09.657+0000][1][safepoint    ] Total time for which application threads were stopped: 0.0000779 seconds, Stopping threads took: 0.0000166 seconds
[2019-12-09T02:17:10.657+0000][1][safepoint    ] Application time: 1.0000763 seconds
[2019-12-09T02:17:10.657+0000][1][safepoint    ] Entering safepoint region: Cleanup
[2019-12-09T02:17:10.657+0000][1][safepoint    ] Leaving safepoint region
[2019-12-09T02:17:10.657+0000][1][safepoint    ] Total time for which application threads were stopped: 0.0000781 seconds, Stopping threads took: 0.0000175 seconds
[2019-12-09T02:17:11.657+0000][1][safepoint    ] Application time: 1.0000771 seconds
[2019-12-09T02:17:11.657+0000][1][safepoint    ] Entering safepoint region: Cleanup
[2019-12-09T02:17:11.657+0000][1][safepoint    ] Leaving safepoint region
[2019-12-09T02:17:11.657+0000][1][safepoint    ] Total time for which application threads were stopped: 0.0000805 seconds, Stopping threads took: 0.0000183 seconds
[2019-12-09T02:17:12.657+0000][1][safepoint    ] Application time: 1.0000760 seconds
[2019-12-09T02:17:12.657+0000][1][safepoint    ] Entering safepoint region: Cleanup
[2019-12-09T02:17:12.657+0000][1][safepoint    ] Leaving safepoint region
[2019-12-09T02:17:12.657+0000][1][safepoint    ] Total time for which application threads were stopped: 0.0000882 seconds, Stopping threads took: 0.0000263 seconds
[2019-12-09T02:17:13.657+0000][1][safepoint    ] Application time: 1.0000757 seconds
[2019-12-09T02:17:13.658+0000][1][safepoint    ] Entering safepoint region: Cleanup
[2019-12-09T02:17:13.658+0000][1][safepoint    ] Leaving safepoint region
[2019-12-09T02:17:13.658+0000][1][safepoint    ] Total time for which application threads were stopped: 0.0000790 seconds, Stopping threads took: 0.0000174 seconds
[2019-12-09T02:17:14.658+0000][1][safepoint    ] Application time: 1.0000879 seconds
[2019-12-09T02:17:14.658+0000][1][safepoint    ] Entering safepoint region: Cleanup
[2019-12-09T02:17:14.658+0000][1][safepoint    ] Leaving safepoint region
[2019-12-09T02:17:14.658+0000][1][safepoint    ] Total time for which application threads were stopped: 0.0000801 seconds, Stopping threads took: 0.0000181 seconds
[2019-12-09T02:17:15.658+0000][1][safepoint    ] Application time: 1.0000774 seconds
[2019-12-09T02:17:15.658+0000][1][safepoint    ] Entering safepoint region: Cleanup
[2019-12-09T02:17:15.658+0000][1][safepoint    ] Leaving safepoint region
[2019-12-09T02:17:15.658+0000][1][safepoint    ] Total time for which application threads were stopped: 0.0000790 seconds, Stopping threads took: 0.0000179 seconds
[2019-12-09T02:17:16.698+0000][1][safepoint    ] Application time: 1.0403189 seconds
[2019-12-09T02:17:16.698+0000][1][safepoint    ] Entering safepoint region: Cleanup
[2019-12-09T02:17:16.698+0000][1][safepoint    ] Leaving safepoint region
[2019-12-09T02:17:16.698+0000][1][safepoint    ] Total time for which application threads were stopped: 0.0000786 seconds, Stopping threads took: 0.0000187 seconds
[2019-12-09T02:17:17.699+0000][1][safepoint    ] Application time: 1.0000794 seconds
[2019-12-09T02:17:17.699+0000][1][safepoint    ] Entering safepoint region: Cleanup
[2019-12-09T02:17:17.699+0000][1][safepoint    ] Leaving safepoint region
[2019-12-09T02:17:17.699+0000][1][safepoint    ] Total time for which application threads were stopped: 0.0000802 seconds, Stopping threads took: 0.0000171 seconds
[2019-12-09T02:17:18.699+0000][1][safepoint    ] Application time: 1.0000497 seconds
[2019-12-09T02:17:18.699+0000][1][safepoint    ] Entering safepoint region: Cleanup
[2019-12-09T02:17:18.699+0000][1][safepoint    ] Leaving safepoint region
[2019-12-09T02:17:18.699+0000][1][safepoint    ] Total time for which application threads were stopped: 0.0000921 seconds, Stopping threads took: 0.0000287 seconds
[2019-12-09T02:17:19.699+0000][1][safepoint    ] Application time: 1.0000764 seconds
[2019-12-09T02:17:19.699+0000][1][safepoint    ] Entering safepoint region: Cleanup
[2019-12-09T02:17:19.699+0000][1][safepoint    ] Leaving safepoint region
[2019-12-09T02:17:19.699+0000][1][safepoint    ] Total time for which application threads were stopped: 0.0000938 seconds, Stopping threads took: 0.0000157 seconds
[2019-12-09T02:17:20.699+0000][1][safepoint    ] Application time: 1.0000750 seconds
[2019-12-09T02:17:20.699+0000][1][safepoint    ] Entering safepoint region: Cleanup
[2019-12-09T02:17:20.699+0000][1][safepoint    ] Leaving safepoint region
[2019-12-09T02:17:20.699+0000][1][safepoint    ] Total time for which application threads were stopped: 0.0000762 seconds, Stopping threads took: 0.0000167 seconds
[2019-12-09T02:17:21.699+0000][1][safepoint    ] Application time: 1.0000746 seconds
[2019-12-09T02:17:21.699+0000][1][safepoint    ] Entering safepoint region: Cleanup
[2019-12-09T02:17:21.699+0000][1][safepoint    ] Leaving safepoint region
[2019-12-09T02:17:21.699+0000][1][safepoint    ] Total time for which application threads were stopped: 0.0000779 seconds, Stopping threads took: 0.0000195 seconds
[2019-12-09T02:17:22.700+0000][1][safepoint    ] Application time: 1.0000752 seconds
[2019-12-09T02:17:22.700+0000][1][safepoint    ] Entering safepoint region: Cleanup
[2019-12-09T02:17:22.700+0000][1][safepoint    ] Leaving safepoint region
[2019-12-09T02:17:22.700+0000][1][safepoint    ] Total time for which application threads were stopped: 0.0000775 seconds, Stopping threads took: 0.0000190 seconds
[2019-12-09T02:17:23.700+0000][1][safepoint    ] Application time: 1.0000737 seconds
[2019-12-09T02:17:23.700+0000][1][safepoint    ] Entering safepoint region: Cleanup
[2019-12-09T02:17:23.700+0000][1][safepoint    ] Leaving safepoint region
[2019-12-09T02:17:23.700+0000][1][safepoint    ] Total time for which application threads were stopped: 0.0000780 seconds, Stopping threads took: 0.0000188 seconds
[2019-12-09T02:17:24.700+0000][1][safepoint    ] Application time: 1.0000748 seconds
[2019-12-09T02:17:24.700+0000][1][safepoint    ] Entering safepoint region: Cleanup
[2019-12-09T02:17:24.700+0000][1][safepoint    ] Leaving safepoint region
[2019-12-09T02:17:24.700+0000][1][safepoint    ] Total time for which application threads were stopped: 0.0000782 seconds, Stopping threads took: 0.0000197 seconds
[2019-12-09T02:17:25.700+0000][1][safepoint    ] Application time: 1.0000775 seconds
[2019-12-09T02:17:25.700+0000][1][safepoint    ] Entering safepoint region: Cleanup
[2019-12-09T02:17:25.700+0000][1][safepoint    ] Leaving safepoint region
[2019-12-09T02:17:25.700+0000][1][safepoint    ] Total time for which application threads were stopped: 0.0000736 seconds, Stopping threads took: 0.0000152 seconds
[2019-12-09T02:17:26.700+0000][1][safepoint    ] Application time: 1.0000735 seconds
[2019-12-09T02:17:26.700+0000][1][safepoint    ] Entering safepoint region: Cleanup
[2019-12-09T02:17:26.700+0000][1][safepoint    ] Leaving safepoint region
[2019-12-09T02:17:26.700+0000][1][safepoint    ] Total time for which application threads were stopped: 0.0000758 seconds, Stopping threads took: 0.0000179 seconds
[2019-12-09T02:17:27.700+0000][1][safepoint    ] Application time: 1.0000747 seconds
[2019-12-09T02:17:27.701+0000][1][safepoint    ] Entering safepoint region: Cleanup
[2019-12-09T02:17:27.701+0000][1][safepoint    ] Leaving safepoint region
[2019-12-09T02:17:27.701+0000][1][safepoint    ] Total time for which application threads were stopped: 0.0000813 seconds, Stopping threads took: 0.0000217 seconds
[2019-12-09T02:17:28.701+0000][1][safepoint    ] Application time: 1.0000837 seconds
[2019-12-09T02:17:28.701+0000][1][safepoint    ] Entering safepoint region: Cleanup
[2019-12-09T02:17:28.701+0000][1][safepoint    ] Leaving safepoint region
[2019-12-09T02:17:28.701+0000][1][safepoint    ] Total time for which application threads were stopped: 0.0000834 seconds, Stopping threads took: 0.0000189 seconds
[2019-12-09T02:17:29.709+0000][1][safepoint    ] Application time: 1.0079185 seconds
[2019-12-09T02:17:29.709+0000][1][safepoint    ] Entering safepoint region: Cleanup
[2019-12-09T02:17:29.709+0000][1][safepoint    ] Leaving safepoint region
[2019-12-09T02:17:29.709+0000][1][safepoint    ] Total time for which application threads were stopped: 0.0001069 seconds, Stopping threads took: 0.0000244 seconds
[2019-12-09T02:17:30.709+0000][1][safepoint    ] Application time: 1.0000799 seconds
[2019-12-09T02:17:30.709+0000][1][safepoint    ] Entering safepoint region: Cleanup
[2019-12-09T02:17:30.709+0000][1][safepoint    ] Leaving safepoint region
[2019-12-09T02:17:30.709+0000][1][safepoint    ] Total time for which application threads were stopped: 0.0000754 seconds, Stopping threads took: 0.0000168 seconds
[2019-12-09T02:17:31.709+0000][1][safepoint    ] Application time: 1.0000806 seconds
[2019-12-09T02:17:31.709+0000][1][safepoint    ] Entering safepoint region: Cleanup
[2019-12-09T02:17:31.709+0000][1][safepoint    ] Leaving safepoint region
[2019-12-09T02:17:31.709+0000][1][safepoint    ] Total time for which application threads were stopped: 0.0000771 seconds, Stopping threads took: 0.0000172 seconds
[2019-12-09T02:17:32.709+0000][1][safepoint    ] Application time: 1.0000801 seconds
[2019-12-09T02:17:32.709+0000][1][safepoint    ] Entering safepoint region: Cleanup
[2019-12-09T02:17:32.709+0000][1][safepoint    ] Leaving safepoint region
[2019-12-09T02:17:32.709+0000][1][safepoint    ] Total time for which application threads were stopped: 0.0000775 seconds, Stopping threads took: 0.0000171 seconds
[2019-12-09T02:17:33.710+0000][1][safepoint    ] Application time: 1.0000791 seconds
[2019-12-09T02:17:33.710+0000][1][safepoint    ] Entering safepoint region: Cleanup
[2019-12-09T02:17:33.710+0000][1][safepoint    ] Leaving safepoint region
[2019-12-09T02:17:33.710+0000][1][safepoint    ] Total time for which application threads were stopped: 0.0000756 seconds, Stopping threads took: 0.0000157 seconds
[2019-12-09T02:17:34.710+0000][1][safepoint    ] Application time: 1.0000898 seconds
[2019-12-09T02:17:34.710+0000][1][safepoint    ] Entering safepoint region: Cleanup
[2019-12-09T02:17:34.710+0000][1][safepoint    ] Leaving safepoint region
[2019-12-09T02:17:34.710+0000][1][safepoint    ] Total time for which application threads were stopped: 0.0000783 seconds, Stopping threads took: 0.0000181 seconds
[2019-12-09T02:17:35.710+0000][1][safepoint    ] Application time: 1.0000804 seconds
[2019-12-09T02:17:35.710+0000][1][safepoint    ] Entering safepoint region: Cleanup
[2019-12-09T02:17:35.710+0000][1][safepoint    ] Leaving safepoint region
[2019-12-09T02:17:35.710+0000][1][safepoint    ] Total time for which application threads were stopped: 0.0000774 seconds, Stopping threads took: 0.0000192 seconds
[2019-12-09T02:17:37.155+0000][1][safepoint    ] Application time: 1.4449261 seconds
[2019-12-09T02:17:37.155+0000][1][safepoint    ] Entering safepoint region: Cleanup
[2019-12-09T02:17:37.155+0000][1][safepoint    ] Leaving safepoint region
[2019-12-09T02:17:37.155+0000][1][safepoint    ] Total time for which application threads were stopped: 0.0000822 seconds, Stopping threads took: 0.0000175 seconds
[2019-12-09T02:17:38.155+0000][1][safepoint    ] Application time: 1.0000549 seconds
[2019-12-09T02:17:38.155+0000][1][safepoint    ] Entering safepoint region: Cleanup
[2019-12-09T02:17:38.155+0000][1][safepoint    ] Leaving safepoint region
[2019-12-09T02:17:38.155+0000][1][safepoint    ] Total time for which application threads were stopped: 0.0000833 seconds, Stopping threads took: 0.0000221 seconds
[2019-12-09T02:17:39.155+0000][1][safepoint    ] Application time: 1.0000773 seconds
[2019-12-09T02:17:39.155+0000][1][safepoint    ] Entering safepoint region: Cleanup
[2019-12-09T02:17:39.156+0000][1][safepoint    ] Leaving safepoint region
[2019-12-09T02:17:39.156+0000][1][safepoint    ] Total time for which application threads were stopped: 0.0000863 seconds, Stopping threads took: 0.0000179 seconds
[2019-12-09T02:17:40.103+0000][1][safepoint    ] Application time: 0.9474383 seconds
[2019-12-09T02:17:40.103+0000][1][safepoint    ] Entering safepoint region: GenCollectForAllocation
[2019-12-09T02:17:40.103+0000][1][gc,start     ] GC(29) Pause Young (Allocation Failure)
[2019-12-09T02:17:40.103+0000][1][gc,task      ] GC(29) Using 2 workers of 2 for evacuation
[2019-12-09T02:17:40.111+0000][1][gc,age       ] GC(29) Desired survivor size 4456448 bytes, new threshold 6 (max threshold 6)
[2019-12-09T02:17:40.111+0000][1][gc,age       ] GC(29) Age table with threshold 6 (max threshold 6)
[2019-12-09T02:17:40.111+0000][1][gc,age       ] GC(29) - age   1:       6296 bytes,       6296 total
[2019-12-09T02:17:40.111+0000][1][gc,age       ] GC(29) - age   2:       3360 bytes,       9656 total
[2019-12-09T02:17:40.111+0000][1][gc,age       ] GC(29) - age   3:       6280 bytes,      15936 total
[2019-12-09T02:17:40.111+0000][1][gc,age       ] GC(29) - age   4:       4896 bytes,      20832 total
[2019-12-09T02:17:40.111+0000][1][gc,age       ] GC(29) - age   5:       6840 bytes,      27672 total
[2019-12-09T02:17:40.111+0000][1][gc,age       ] GC(29) - age   6:      24560 bytes,      52232 total
[2019-12-09T02:17:40.111+0000][1][gc,heap      ] GC(29) ParNew: 72611K->1770K(78656K)
[2019-12-09T02:17:40.111+0000][1][gc,heap      ] GC(29) CMS: 67802K->69572K(174784K)
[2019-12-09T02:17:40.111+0000][1][gc,metaspace ] GC(29) Metaspace: 69016K->69016K(1112064K)
[2019-12-09T02:17:40.111+0000][1][gc           ] GC(29) Pause Young (Allocation Failure) 137M->69M(247M) 7.503ms
[2019-12-09T02:17:40.111+0000][1][gc,cpu       ] GC(29) User=0.02s Sys=0.00s Real=0.01s
[2019-12-09T02:17:40.111+0000][1][safepoint    ] Leaving safepoint region
[2019-12-09T02:17:40.111+0000][1][safepoint    ] Total time for which application threads were stopped: 0.0076537 seconds, Stopping threads took: 0.0000183 seconds
[2019-12-09T02:17:41.111+0000][1][safepoint    ] Application time: 1.0001002 seconds
[2019-12-09T02:17:41.111+0000][1][safepoint    ] Entering safepoint region: Cleanup
[2019-12-09T02:17:41.111+0000][1][safepoint    ] Leaving safepoint region
[2019-12-09T02:17:41.111+0000][1][safepoint    ] Total time for which application threads were stopped: 0.0000750 seconds, Stopping threads took: 0.0000174 seconds
[2019-12-09T02:17:42.111+0000][1][safepoint    ] Application time: 1.0000764 seconds
[2019-12-09T02:17:42.111+0000][1][safepoint    ] Entering safepoint region: Cleanup
[2019-12-09T02:17:42.111+0000][1][safepoint    ] Leaving safepoint region
[2019-12-09T02:17:42.111+0000][1][safepoint    ] Total time for which application threads were stopped: 0.0000919 seconds, Stopping threads took: 0.0000258 seconds
[2019-12-09T02:17:43.111+0000][1][safepoint    ] Application time: 1.0000763 seconds
[2019-12-09T02:17:43.111+0000][1][safepoint    ] Entering safepoint region: Cleanup
[2019-12-09T02:17:43.111+0000][1][safepoint    ] Leaving safepoint region
[2019-12-09T02:17:43.111+0000][1][safepoint    ] Total time for which application threads were stopped: 0.0000767 seconds, Stopping threads took: 0.0000183 seconds
[2019-12-09T02:17:44.111+0000][1][safepoint    ] Application time: 1.0000760 seconds
[2019-12-09T02:17:44.111+0000][1][safepoint    ] Entering safepoint region: Cleanup
[2019-12-09T02:17:44.111+0000][1][safepoint    ] Leaving safepoint region
[2019-12-09T02:17:44.111+0000][1][safepoint    ] Total time for which application threads were stopped: 0.0000765 seconds, Stopping threads took: 0.0000186 seconds
[2019-12-09T02:17:45.112+0000][1][safepoint    ] Application time: 1.0000775 seconds
[2019-12-09T02:17:45.112+0000][1][safepoint    ] Entering safepoint region: Cleanup
[2019-12-09T02:17:45.112+0000][1][safepoint    ] Leaving safepoint region
[2019-12-09T02:17:45.112+0000][1][safepoint    ] Total time for which application threads were stopped: 0.0001025 seconds, Stopping threads took: 0.0000302 seconds
[2019-12-09T02:17:46.112+0000][1][safepoint    ] Application time: 1.0000818 seconds
[2019-12-09T02:17:46.112+0000][1][safepoint    ] Entering safepoint region: Cleanup
[2019-12-09T02:17:46.112+0000][1][safepoint    ] Leaving safepoint region
[2019-12-09T02:17:46.112+0000][1][safepoint    ] Total time for which application threads were stopped: 0.0000773 seconds, Stopping threads took: 0.0000179 seconds
[2019-12-09T02:17:48.112+0000][1][safepoint    ] Application time: 2.0001436 seconds
[2019-12-09T02:17:48.112+0000][1][safepoint    ] Entering safepoint region: Cleanup
[2019-12-09T02:17:48.112+0000][1][safepoint    ] Leaving safepoint region
[2019-12-09T02:17:48.112+0000][1][safepoint    ] Total time for which application threads were stopped: 0.0000803 seconds, Stopping threads took: 0.0000183 seconds
[2019-12-09T02:18:09.114+0000][1][safepoint    ] Application time: 21.0014245 seconds
[2019-12-09T02:18:09.114+0000][1][safepoint    ] Entering safepoint region: Cleanup
[2019-12-09T02:18:09.114+0000][1][safepoint    ] Leaving safepoint region
[2019-12-09T02:18:09.114+0000][1][safepoint    ] Total time for which application threads were stopped: 0.0000894 seconds, Stopping threads took: 0.0000171 seconds
[2019-12-09T02:18:12.114+0000][1][safepoint    ] Application time: 3.0002078 seconds
[2019-12-09T02:18:12.114+0000][1][safepoint    ] Entering safepoint region: Cleanup
[2019-12-09T02:18:12.114+0000][1][safepoint    ] Leaving safepoint region
[2019-12-09T02:18:12.114+0000][1][safepoint    ] Total time for which application threads were stopped: 0.0000876 seconds, Stopping threads took: 0.0000265 seconds
[2019-12-09T02:18:38.116+0000][1][safepoint    ] Application time: 26.0017815 seconds
[2019-12-09T02:18:38.116+0000][1][safepoint    ] Entering safepoint region: Cleanup
[2019-12-09T02:18:38.116+0000][1][safepoint    ] Leaving safepoint region
[2019-12-09T02:18:38.116+0000][1][safepoint    ] Total time for which application threads were stopped: 0.0000800 seconds, Stopping threads took: 0.0000177 seconds
[2019-12-09T02:18:41.116+0000][1][safepoint    ] Application time: 3.0002152 seconds
[2019-12-09T02:18:41.116+0000][1][safepoint    ] Entering safepoint region: Cleanup
[2019-12-09T02:18:41.116+0000][1][safepoint    ] Leaving safepoint region
[2019-12-09T02:18:41.116+0000][1][safepoint    ] Total time for which application threads were stopped: 0.0000827 seconds, Stopping threads took: 0.0000187 seconds
[2019-12-09T02:18:44.117+0000][1][safepoint    ] Application time: 3.0002125 seconds
[2019-12-09T02:18:44.117+0000][1][safepoint    ] Entering safepoint region: Cleanup
[2019-12-09T02:18:44.117+0000][1][safepoint    ] Leaving safepoint region
[2019-12-09T02:18:44.117+0000][1][safepoint    ] Total time for which application threads were stopped: 0.0000900 seconds, Stopping threads took: 0.0000274 seconds
[2019-12-09T02:18:45.117+0000][1][safepoint    ] Application time: 1.0000762 seconds
[2019-12-09T02:18:45.117+0000][1][safepoint    ] Entering safepoint region: Cleanup
[2019-12-09T02:18:45.117+0000][1][safepoint    ] Leaving safepoint region
[2019-12-09T02:18:45.117+0000][1][safepoint    ] Total time for which application threads were stopped: 0.0000816 seconds, Stopping threads took: 0.0000176 seconds
[2019-12-09T02:18:53.117+0000][1][safepoint    ] Application time: 8.0005483 seconds
[2019-12-09T02:18:53.117+0000][1][safepoint    ] Entering safepoint region: Cleanup
[2019-12-09T02:18:53.118+0000][1][safepoint    ] Leaving safepoint region
[2019-12-09T02:18:53.118+0000][1][safepoint    ] Total time for which application threads were stopped: 0.0000800 seconds, Stopping threads took: 0.0000191 seconds
[2019-12-09T02:19:01.118+0000][1][safepoint    ] Application time: 8.0005583 seconds
[2019-12-09T02:19:01.118+0000][1][safepoint    ] Entering safepoint region: Cleanup
[2019-12-09T02:19:01.118+0000][1][safepoint    ] Leaving safepoint region
[2019-12-09T02:19:01.118+0000][1][safepoint    ] Total time for which application threads were stopped: 0.0001031 seconds, Stopping threads took: 0.0000284 seconds
[2019-12-09T02:19:02.118+0000][1][safepoint    ] Application time: 1.0000807 seconds
[2019-12-09T02:19:02.118+0000][1][safepoint    ] Entering safepoint region: Cleanup
[2019-12-09T02:19:02.118+0000][1][safepoint    ] Leaving safepoint region
[2019-12-09T02:19:02.118+0000][1][safepoint    ] Total time for which application threads were stopped: 0.0000799 seconds, Stopping threads took: 0.0000180 seconds
[2019-12-09T02:19:04.119+0000][1][safepoint    ] Application time: 2.0001463 seconds
[2019-12-09T02:19:04.119+0000][1][safepoint    ] Entering safepoint region: Cleanup
[2019-12-09T02:19:04.119+0000][1][safepoint    ] Leaving safepoint region
[2019-12-09T02:19:04.119+0000][1][safepoint    ] Total time for which application threads were stopped: 0.0000894 seconds, Stopping threads took: 0.0000180 seconds
[2019-12-09T02:19:16.120+0000][1][safepoint    ] Application time: 12.0008256 seconds
[2019-12-09T02:19:16.120+0000][1][safepoint    ] Entering safepoint region: Cleanup
[2019-12-09T02:19:16.120+0000][1][safepoint    ] Leaving safepoint region
[2019-12-09T02:19:16.120+0000][1][safepoint    ] Total time for which application threads were stopped: 0.0000942 seconds, Stopping threads took: 0.0000188 seconds
[2019-12-09T02:19:24.120+0000][1][safepoint    ] Application time: 8.0005475 seconds
[2019-12-09T02:19:24.120+0000][1][safepoint    ] Entering safepoint region: Cleanup
[2019-12-09T02:19:24.120+0000][1][safepoint    ] Leaving safepoint region
[2019-12-09T02:19:24.120+0000][1][safepoint    ] Total time for which application threads were stopped: 0.0000779 seconds, Stopping threads took: 0.0000174 seconds
[2019-12-09T02:19:50.156+0000][1][safepoint    ] Application time: 26.0360238 seconds
[2019-12-09T02:19:50.157+0000][1][safepoint    ] Entering safepoint region: RevokeBias
[2019-12-09T02:19:50.157+0000][1][safepoint    ] Leaving safepoint region
[2019-12-09T02:19:50.157+0000][1][safepoint    ] Total time for which application threads were stopped: 0.0001807 seconds, Stopping threads took: 0.0000828 seconds
[2019-12-09T02:19:50.157+0000][1][safepoint    ] Application time: 0.0005558 seconds
[2019-12-09T02:19:50.157+0000][1][safepoint    ] Entering safepoint region: GenCollectForAllocation
[2019-12-09T02:19:50.157+0000][1][gc,start     ] GC(30) Pause Young (Allocation Failure)
[2019-12-09T02:19:50.157+0000][1][gc,task      ] GC(30) Using 2 workers of 2 for evacuation
[2019-12-09T02:19:50.159+0000][1][gc,age       ] GC(30) Desired survivor size 4456448 bytes, new threshold 6 (max threshold 6)
[2019-12-09T02:19:50.159+0000][1][gc,age       ] GC(30) Age table with threshold 6 (max threshold 6)
[2019-12-09T02:19:50.159+0000][1][gc,age       ] GC(30) - age   1:       8520 bytes,       8520 total
[2019-12-09T02:19:50.159+0000][1][gc,age       ] GC(30) - age   2:       1256 bytes,       9776 total
[2019-12-09T02:19:50.159+0000][1][gc,age       ] GC(30) - age   3:       3328 bytes,      13104 total
[2019-12-09T02:19:50.159+0000][1][gc,age       ] GC(30) - age   4:       6280 bytes,      19384 total
[2019-12-09T02:19:50.159+0000][1][gc,age       ] GC(30) - age   5:       4896 bytes,      24280 total
[2019-12-09T02:19:50.159+0000][1][gc,age       ] GC(30) - age   6:       6840 bytes,      31120 total
[2019-12-09T02:19:50.159+0000][1][gc,heap      ] GC(30) ParNew: 71722K->452K(78656K)
[2019-12-09T02:19:50.159+0000][1][gc,heap      ] GC(30) CMS: 69572K->69596K(174784K)
[2019-12-09T02:19:50.159+0000][1][gc,metaspace ] GC(30) Metaspace: 69018K->69018K(1112064K)
[2019-12-09T02:19:50.159+0000][1][gc           ] GC(30) Pause Young (Allocation Failure) 137M->68M(247M) 1.959ms
[2019-12-09T02:19:50.159+0000][1][gc,cpu       ] GC(30) User=0.00s Sys=0.00s Real=0.00s
[2019-12-09T02:19:50.159+0000][1][safepoint    ] Leaving safepoint region
[2019-12-09T02:19:50.159+0000][1][safepoint    ] Total time for which application threads were stopped: 0.0020817 seconds, Stopping threads took: 0.0000121 seconds
[2019-12-09T02:20:07.160+0000][1][safepoint    ] Application time: 17.0011704 seconds
[2019-12-09T02:20:07.160+0000][1][safepoint    ] Entering safepoint region: Cleanup
[2019-12-09T02:20:07.161+0000][1][safepoint    ] Leaving safepoint region
[2019-12-09T02:20:07.161+0000][1][safepoint    ] Total time for which application threads were stopped: 0.0000893 seconds, Stopping threads took: 0.0000287 seconds
[2019-12-09T02:20:16.161+0000][1][safepoint    ] Application time: 9.0006082 seconds
[2019-12-09T02:20:16.161+0000][1][safepoint    ] Entering safepoint region: Cleanup
[2019-12-09T02:20:16.161+0000][1][safepoint    ] Leaving safepoint region
[2019-12-09T02:20:16.161+0000][1][safepoint    ] Total time for which application threads were stopped: 0.0000758 seconds, Stopping threads took: 0.0000175 seconds
[2019-12-09T02:20:41.163+0000][1][safepoint    ] Application time: 25.0017031 seconds
[2019-12-09T02:20:41.163+0000][1][safepoint    ] Entering safepoint region: Cleanup
[2019-12-09T02:20:41.163+0000][1][safepoint    ] Leaving safepoint region
[2019-12-09T02:20:41.163+0000][1][safepoint    ] Total time for which application threads were stopped: 0.0000767 seconds, Stopping threads took: 0.0000187 seconds
[2019-12-09T02:21:11.165+0000][1][safepoint    ] Application time: 30.0020646 seconds
[2019-12-09T02:21:11.165+0000][1][safepoint    ] Entering safepoint region: Cleanup
[2019-12-09T02:21:11.165+0000][1][safepoint    ] Leaving safepoint region
[2019-12-09T02:21:11.165+0000][1][safepoint    ] Total time for which application threads were stopped: 0.0000765 seconds, Stopping threads took: 0.0000187 seconds
[2019-12-09T02:21:25.166+0000][1][safepoint    ] Application time: 14.0009518 seconds
[2019-12-09T02:21:25.166+0000][1][safepoint    ] Entering safepoint region: Cleanup
[2019-12-09T02:21:25.166+0000][1][safepoint    ] Leaving safepoint region
[2019-12-09T02:21:25.166+0000][1][safepoint    ] Total time for which application threads were stopped: 0.0000822 seconds, Stopping threads took: 0.0000252 seconds
[2019-12-09T02:21:51.168+0000][1][safepoint    ] Application time: 26.0017750 seconds
[2019-12-09T02:21:51.168+0000][1][safepoint    ] Entering safepoint region: Cleanup
[2019-12-09T02:21:51.168+0000][1][safepoint    ] Leaving safepoint region
[2019-12-09T02:21:51.168+0000][1][safepoint    ] Total time for which application threads were stopped: 0.0000845 seconds, Stopping threads took: 0.0000279 seconds
[2019-12-09T02:21:55.865+0000][1][safepoint    ] Application time: 4.6966128 seconds
[2019-12-09T02:21:55.865+0000][1][safepoint    ] Entering safepoint region: GenCollectForAllocation
[2019-12-09T02:21:55.865+0000][1][gc,start     ] GC(31) Pause Young (Allocation Failure)
[2019-12-09T02:21:55.865+0000][1][gc,task      ] GC(31) Using 2 workers of 2 for evacuation
[2019-12-09T02:21:55.867+0000][1][gc,age       ] GC(31) Desired survivor size 4456448 bytes, new threshold 6 (max threshold 6)
[2019-12-09T02:21:55.867+0000][1][gc,age       ] GC(31) Age table with threshold 6 (max threshold 6)
[2019-12-09T02:21:55.867+0000][1][gc,age       ] GC(31) - age   1:       5560 bytes,       5560 total
[2019-12-09T02:21:55.867+0000][1][gc,age       ] GC(31) - age   2:       3632 bytes,       9192 total
[2019-12-09T02:21:55.867+0000][1][gc,age       ] GC(31) - age   3:       1040 bytes,      10232 total
[2019-12-09T02:21:55.867+0000][1][gc,age       ] GC(31) - age   4:       3328 bytes,      13560 total
[2019-12-09T02:21:55.867+0000][1][gc,age       ] GC(31) - age   5:       6280 bytes,      19840 total
[2019-12-09T02:21:55.867+0000][1][gc,age       ] GC(31) - age   6:       4896 bytes,      24736 total
[2019-12-09T02:21:55.867+0000][1][gc,heap      ] GC(31) ParNew: 70404K->118K(78656K)
[2019-12-09T02:21:55.867+0000][1][gc,heap      ] GC(31) CMS: 69596K->69603K(174784K)
[2019-12-09T02:21:55.867+0000][1][gc,metaspace ] GC(31) Metaspace: 69020K->69020K(1112064K)
[2019-12-09T02:21:55.867+0000][1][gc           ] GC(31) Pause Young (Allocation Failure) 136M->68M(247M) 1.795ms
[2019-12-09T02:21:55.867+0000][1][gc,cpu       ] GC(31) User=0.00s Sys=0.00s Real=0.00s
[2019-12-09T02:21:55.867+0000][1][safepoint    ] Leaving safepoint region
[2019-12-09T02:21:55.867+0000][1][safepoint    ] Total time for which application threads were stopped: 0.0019276 seconds, Stopping threads took: 0.0000166 seconds
[2019-12-09T02:21:56.867+0000][1][safepoint    ] Application time: 1.0000837 seconds
[2019-12-09T02:21:56.867+0000][1][safepoint    ] Entering safepoint region: Cleanup
[2019-12-09T02:21:56.867+0000][1][safepoint    ] Leaving safepoint region
[2019-12-09T02:21:56.867+0000][1][safepoint    ] Total time for which application threads were stopped: 0.0000840 seconds, Stopping threads took: 0.0000170 seconds
[2019-12-09T02:21:58.867+0000][1][safepoint    ] Application time: 2.0001395 seconds
[2019-12-09T02:21:58.867+0000][1][safepoint    ] Entering safepoint region: Cleanup
[2019-12-09T02:21:58.867+0000][1][safepoint    ] Leaving safepoint region
[2019-12-09T02:21:58.867+0000][1][safepoint    ] Total time for which application threads were stopped: 0.0000674 seconds, Stopping threads took: 0.0000151 seconds
[2019-12-09T02:22:15.869+0000][1][safepoint    ] Application time: 17.0015452 seconds
[2019-12-09T02:22:15.869+0000][1][safepoint    ] Entering safepoint region: Cleanup
[2019-12-09T02:22:15.869+0000][1][safepoint    ] Leaving safepoint region
[2019-12-09T02:22:15.869+0000][1][safepoint    ] Total time for which application threads were stopped: 0.0000785 seconds, Stopping threads took: 0.0000245 seconds
[2019-12-09T02:22:29.870+0000][1][safepoint    ] Application time: 14.0009585 seconds
[2019-12-09T02:22:29.870+0000][1][safepoint    ] Entering safepoint region: Cleanup
[2019-12-09T02:22:29.870+0000][1][safepoint    ] Leaving safepoint region
[2019-12-09T02:22:29.870+0000][1][safepoint    ] Total time for which application threads were stopped: 0.0000686 seconds, Stopping threads took: 0.0000143 seconds
[2019-12-09T02:23:10.873+0000][1][safepoint    ] Application time: 41.0027826 seconds
[2019-12-09T02:23:10.873+0000][1][safepoint    ] Entering safepoint region: Cleanup
[2019-12-09T02:23:10.873+0000][1][safepoint    ] Leaving safepoint region
[2019-12-09T02:23:10.873+0000][1][safepoint    ] Total time for which application threads were stopped: 0.0000835 seconds, Stopping threads took: 0.0000281 seconds
[2019-12-09T02:23:33.875+0000][1][safepoint    ] Application time: 23.0019957 seconds
[2019-12-09T02:23:33.875+0000][1][safepoint    ] Entering safepoint region: Cleanup
[2019-12-09T02:23:33.875+0000][1][safepoint    ] Leaving safepoint region
[2019-12-09T02:23:33.875+0000][1][safepoint    ] Total time for which application threads were stopped: 0.0000806 seconds, Stopping threads took: 0.0000256 seconds
[2019-12-09T02:23:38.875+0000][1][safepoint    ] Application time: 5.0003668 seconds
[2019-12-09T02:23:38.876+0000][1][safepoint    ] Entering safepoint region: Cleanup
[2019-12-09T02:23:38.876+0000][1][safepoint    ] Leaving safepoint region
[2019-12-09T02:23:38.876+0000][1][safepoint    ] Total time for which application threads were stopped: 0.0000738 seconds, Stopping threads took: 0.0000182 seconds
[2019-12-09T02:23:46.876+0000][1][safepoint    ] Application time: 8.0006441 seconds
[2019-12-09T02:23:46.876+0000][1][safepoint    ] Entering safepoint region: Cleanup
[2019-12-09T02:23:46.876+0000][1][safepoint    ] Leaving safepoint region
[2019-12-09T02:23:46.876+0000][1][safepoint    ] Total time for which application threads were stopped: 0.0001002 seconds, Stopping threads took: 0.0000237 seconds
[2019-12-09T02:23:52.877+0000][1][safepoint    ] Application time: 6.0004141 seconds
[2019-12-09T02:23:52.877+0000][1][safepoint    ] Entering safepoint region: Cleanup
[2019-12-09T02:23:52.877+0000][1][safepoint    ] Leaving safepoint region
[2019-12-09T02:23:52.877+0000][1][safepoint    ] Total time for which application threads were stopped: 0.0000657 seconds, Stopping threads took: 0.0000160 seconds
[2019-12-09T02:23:55.877+0000][1][safepoint    ] Application time: 3.0002088 seconds
[2019-12-09T02:23:55.877+0000][1][safepoint    ] Entering safepoint region: Cleanup
[2019-12-09T02:23:55.877+0000][1][safepoint    ] Leaving safepoint region
[2019-12-09T02:23:55.877+0000][1][safepoint    ] Total time for which application threads were stopped: 0.0000731 seconds, Stopping threads took: 0.0000166 seconds
[2019-12-09T02:24:02.878+0000][1][safepoint    ] Application time: 7.0004921 seconds
[2019-12-09T02:24:02.878+0000][1][safepoint    ] Entering safepoint region: Cleanup
[2019-12-09T02:24:02.878+0000][1][safepoint    ] Leaving safepoint region
[2019-12-09T02:24:02.878+0000][1][safepoint    ] Total time for which application threads were stopped: 0.0000762 seconds, Stopping threads took: 0.0000232 seconds
[2019-12-09T02:24:05.252+0000][1][safepoint    ] Application time: 2.3738528 seconds
[2019-12-09T02:24:05.252+0000][1][safepoint    ] Entering safepoint region: GenCollectForAllocation
[2019-12-09T02:24:05.252+0000][1][gc,start     ] GC(32) Pause Young (Allocation Failure)
[2019-12-09T02:24:05.252+0000][1][gc,task      ] GC(32) Using 2 workers of 2 for evacuation
[2019-12-09T02:24:05.254+0000][1][gc,age       ] GC(32) Desired survivor size 4456448 bytes, new threshold 6 (max threshold 6)
[2019-12-09T02:24:05.254+0000][1][gc,age       ] GC(32) Age table with threshold 6 (max threshold 6)
[2019-12-09T02:24:05.254+0000][1][gc,age       ] GC(32) - age   1:       7024 bytes,       7024 total
[2019-12-09T02:24:05.254+0000][1][gc,age       ] GC(32) - age   2:       1792 bytes,       8816 total
[2019-12-09T02:24:05.254+0000][1][gc,age       ] GC(32) - age   3:       3384 bytes,      12200 total
[2019-12-09T02:24:05.254+0000][1][gc,age       ] GC(32) - age   4:       1040 bytes,      13240 total
[2019-12-09T02:24:05.254+0000][1][gc,age       ] GC(32) - age   5:       3328 bytes,      16568 total
[2019-12-09T02:24:05.254+0000][1][gc,age       ] GC(32) - age   6:       6280 bytes,      22848 total
[2019-12-09T02:24:05.254+0000][1][gc,heap      ] GC(32) ParNew: 70070K->35K(78656K)
[2019-12-09T02:24:05.254+0000][1][gc,heap      ] GC(32) CMS: 69603K->69608K(174784K)
[2019-12-09T02:24:05.254+0000][1][gc,metaspace ] GC(32) Metaspace: 69021K->69021K(1112064K)
[2019-12-09T02:24:05.254+0000][1][gc           ] GC(32) Pause Young (Allocation Failure) 136M->68M(247M) 1.797ms
[2019-12-09T02:24:05.254+0000][1][gc,cpu       ] GC(32) User=0.00s Sys=0.00s Real=0.00s
[2019-12-09T02:24:05.254+0000][1][safepoint    ] Leaving safepoint region
[2019-12-09T02:24:05.254+0000][1][safepoint    ] Total time for which application threads were stopped: 0.0019465 seconds, Stopping threads took: 0.0000234 seconds
[2019-12-09T02:24:15.254+0000][1][safepoint    ] Application time: 10.0006972 seconds
[2019-12-09T02:24:15.254+0000][1][safepoint    ] Entering safepoint region: Cleanup
[2019-12-09T02:24:15.254+0000][1][safepoint    ] Leaving safepoint region
[2019-12-09T02:24:15.254+0000][1][safepoint    ] Total time for which application threads were stopped: 0.0000851 seconds, Stopping threads took: 0.0000254 seconds
[2019-12-09T02:24:26.255+0000][1][safepoint    ] Application time: 11.0007448 seconds
[2019-12-09T02:24:26.255+0000][1][safepoint    ] Entering safepoint region: Cleanup
[2019-12-09T02:24:26.255+0000][1][safepoint    ] Leaving safepoint region
[2019-12-09T02:24:26.255+0000][1][safepoint    ] Total time for which application threads were stopped: 0.0000831 seconds, Stopping threads took: 0.0000180 seconds
[2019-12-09T02:24:39.256+0000][1][safepoint    ] Application time: 13.0009011 seconds
[2019-12-09T02:24:39.256+0000][1][safepoint    ] Entering safepoint region: Cleanup
[2019-12-09T02:24:39.256+0000][1][safepoint    ] Leaving safepoint region
[2019-12-09T02:24:39.256+0000][1][safepoint    ] Total time for which application threads were stopped: 0.0000974 seconds, Stopping threads took: 0.0000276 seconds
[2019-12-09T02:24:43.217+0000][1][safepoint    ] Application time: 3.9603979 seconds
[2019-12-09T02:24:43.217+0000][1][safepoint    ] Entering safepoint region: RevokeBias
[2019-12-09T02:24:43.217+0000][1][safepoint    ] Leaving safepoint region
[2019-12-09T02:24:43.217+0000][1][safepoint    ] Total time for which application threads were stopped: 0.0001143 seconds, Stopping threads took: 0.0000208 seconds
[2019-12-09T02:24:43.217+0000][1][safepoint    ] Application time: 0.0000720 seconds
[2019-12-09T02:24:43.217+0000][1][safepoint    ] Entering safepoint region: RevokeBias
[2019-12-09T02:24:43.217+0000][1][safepoint    ] Leaving safepoint region
[2019-12-09T02:24:43.217+0000][1][safepoint    ] Total time for which application threads were stopped: 0.0000435 seconds, Stopping threads took: 0.0000091 seconds
[2019-12-09T02:24:43.218+0000][1][safepoint    ] Application time: 0.0008730 seconds
[2019-12-09T02:24:43.220+0000][1][safepoint    ] Entering safepoint region: RevokeBias
[2019-12-09T02:24:43.220+0000][1][safepoint    ] Leaving safepoint region
[2019-12-09T02:24:43.220+0000][1][safepoint    ] Total time for which application threads were stopped: 0.0024110 seconds, Stopping threads took: 0.0023311 seconds
[2019-12-09T02:24:43.221+0000][1][safepoint    ] Application time: 0.0002876 seconds
[2019-12-09T02:24:43.221+0000][1][safepoint    ] Entering safepoint region: RevokeBias
[2019-12-09T02:24:43.221+0000][1][safepoint    ] Leaving safepoint region
[2019-12-09T02:24:43.221+0000][1][safepoint    ] Total time for which application threads were stopped: 0.0000642 seconds, Stopping threads took: 0.0000140 seconds
[2019-12-09T02:24:43.221+0000][1][safepoint    ] Application time: 0.0002679 seconds
[2019-12-09T02:24:43.221+0000][1][safepoint    ] Entering safepoint region: RevokeBias
[2019-12-09T02:24:43.221+0000][1][safepoint    ] Leaving safepoint region
[2019-12-09T02:24:43.221+0000][1][safepoint    ] Total time for which application threads were stopped: 0.0000537 seconds, Stopping threads took: 0.0000110 seconds
[2019-12-09T02:24:43.223+0000][1][safepoint    ] Application time: 0.0014922 seconds
[2019-12-09T02:24:43.223+0000][1][safepoint    ] Entering safepoint region: RevokeBias
[2019-12-09T02:24:43.223+0000][1][safepoint    ] Leaving safepoint region
[2019-12-09T02:24:43.223+0000][1][safepoint    ] Total time for which application threads were stopped: 0.0000752 seconds, Stopping threads took: 0.0000130 seconds
[2019-12-09T02:24:43.223+0000][1][safepoint    ] Application time: 0.0000845 seconds
[2019-12-09T02:24:43.223+0000][1][safepoint    ] Entering safepoint region: RevokeBias
[2019-12-09T02:24:43.223+0000][1][safepoint    ] Leaving safepoint region
[2019-12-09T02:24:43.223+0000][1][safepoint    ] Total time for which application threads were stopped: 0.0000459 seconds, Stopping threads took: 0.0000095 seconds
[2019-12-09T02:24:43.223+0000][1][safepoint    ] Application time: 0.0003450 seconds
[2019-12-09T02:24:43.223+0000][1][safepoint    ] Entering safepoint region: BulkRevokeBias
[2019-12-09T02:24:43.224+0000][1][safepoint    ] Leaving safepoint region
[2019-12-09T02:24:43.224+0000][1][safepoint    ] Total time for which application threads were stopped: 0.0006052 seconds, Stopping threads took: 0.0000118 seconds
[2019-12-09T02:24:43.224+0000][1][safepoint    ] Application time: 0.0001993 seconds
[2019-12-09T02:24:43.224+0000][1][safepoint    ] Entering safepoint region: RevokeBias
[2019-12-09T02:24:43.224+0000][1][safepoint    ] Leaving safepoint region
[2019-12-09T02:24:43.224+0000][1][safepoint    ] Total time for which application threads were stopped: 0.0000651 seconds, Stopping threads took: 0.0000104 seconds
[2019-12-09T02:24:43.237+0000][1][safepoint    ] Application time: 0.0129673 seconds
[2019-12-09T02:24:43.247+0000][1][safepoint    ] Entering safepoint region: RevokeBias
[2019-12-09T02:24:43.247+0000][1][safepoint    ] Leaving safepoint region
[2019-12-09T02:24:43.247+0000][1][safepoint    ] Total time for which application threads were stopped: 0.0095260 seconds, Stopping threads took: 0.0094500 seconds
[2019-12-09T02:24:43.253+0000][1][safepoint    ] Application time: 0.0064573 seconds
[2019-12-09T02:24:43.253+0000][1][safepoint    ] Entering safepoint region: RevokeBias
[2019-12-09T02:24:43.253+0000][1][safepoint    ] Leaving safepoint region
[2019-12-09T02:24:43.253+0000][1][safepoint    ] Total time for which application threads were stopped: 0.0001975 seconds, Stopping threads took: 0.0001106 seconds
[2019-12-09T02:24:43.254+0000][1][safepoint    ] Application time: 0.0002354 seconds
[2019-12-09T02:24:43.254+0000][1][safepoint    ] Entering safepoint region: RevokeBias
[2019-12-09T02:24:43.254+0000][1][safepoint    ] Leaving safepoint region
[2019-12-09T02:24:43.254+0000][1][safepoint    ] Total time for which application threads were stopped: 0.0000704 seconds, Stopping threads took: 0.0000137 seconds
[2019-12-09T02:24:43.258+0000][1][safepoint    ] Application time: 0.0044768 seconds
[2019-12-09T02:24:43.265+0000][1][safepoint    ] Entering safepoint region: RevokeBias
[2019-12-09T02:24:43.265+0000][1][safepoint    ] Leaving safepoint region
[2019-12-09T02:24:43.265+0000][1][safepoint    ] Total time for which application threads were stopped: 0.0071988 seconds, Stopping threads took: 0.0071353 seconds
[2019-12-09T02:24:43.266+0000][1][safepoint    ] Application time: 0.0002003 seconds
[2019-12-09T02:24:43.266+0000][1][safepoint    ] Entering safepoint region: RevokeBias
[2019-12-09T02:24:43.266+0000][1][safepoint    ] Leaving safepoint region
[2019-12-09T02:24:43.266+0000][1][safepoint    ] Total time for which application threads were stopped: 0.0000670 seconds, Stopping threads took: 0.0000116 seconds
[2019-12-09T02:24:43.268+0000][1][safepoint    ] Application time: 0.0021470 seconds
[2019-12-09T02:24:43.268+0000][1][safepoint    ] Entering safepoint region: RevokeBias
[2019-12-09T02:24:43.268+0000][1][safepoint    ] Leaving safepoint region
[2019-12-09T02:24:43.268+0000][1][safepoint    ] Total time for which application threads were stopped: 0.0000508 seconds, Stopping threads took: 0.0000101 seconds
[2019-12-09T02:24:43.270+0000][1][safepoint    ] Application time: 0.0018768 seconds
[2019-12-09T02:24:43.270+0000][1][safepoint    ] Entering safepoint region: RevokeBias
[2019-12-09T02:24:43.270+0000][1][safepoint    ] Leaving safepoint region
[2019-12-09T02:24:43.270+0000][1][safepoint    ] Total time for which application threads were stopped: 0.0000967 seconds, Stopping threads took: 0.0000441 seconds
[2019-12-09T02:24:43.274+0000][1][safepoint    ] Application time: 0.0043836 seconds
[2019-12-09T02:24:43.274+0000][1][safepoint    ] Entering safepoint region: RevokeBias
[2019-12-09T02:24:43.274+0000][1][safepoint    ] Leaving safepoint region
[2019-12-09T02:24:43.274+0000][1][safepoint    ] Total time for which application threads were stopped: 0.0000748 seconds, Stopping threads took: 0.0000240 seconds
[2019-12-09T02:24:43.275+0000][1][safepoint    ] Application time: 0.0001386 seconds
[2019-12-09T02:24:43.275+0000][1][safepoint    ] Entering safepoint region: RevokeBias
[2019-12-09T02:24:43.275+0000][1][safepoint    ] Leaving safepoint region
[2019-12-09T02:24:43.275+0000][1][safepoint    ] Total time for which application threads were stopped: 0.0000526 seconds, Stopping threads took: 0.0000100 seconds
[2019-12-09T02:24:43.275+0000][1][safepoint    ] Application time: 0.0000639 seconds
[2019-12-09T02:24:43.275+0000][1][safepoint    ] Entering safepoint region: RevokeBias
[2019-12-09T02:24:43.275+0000][1][safepoint    ] Leaving safepoint region
[2019-12-09T02:24:43.275+0000][1][safepoint    ] Total time for which application threads were stopped: 0.0000675 seconds, Stopping threads took: 0.0000090 seconds
[2019-12-09T02:24:43.275+0000][1][safepoint    ] Application time: 0.0002420 seconds
[2019-12-09T02:24:43.275+0000][1][safepoint    ] Entering safepoint region: RevokeBias
[2019-12-09T02:24:43.275+0000][1][safepoint    ] Leaving safepoint region
[2019-12-09T02:24:43.275+0000][1][safepoint    ] Total time for which application threads were stopped: 0.0000523 seconds, Stopping threads took: 0.0000100 seconds
[2019-12-09T02:24:43.275+0000][1][safepoint    ] Application time: 0.0000575 seconds
[2019-12-09T02:24:43.275+0000][1][safepoint    ] Entering safepoint region: RevokeBias
[2019-12-09T02:24:43.275+0000][1][safepoint    ] Leaving safepoint region
[2019-12-09T02:24:43.275+0000][1][safepoint    ] Total time for which application threads were stopped: 0.0000406 seconds, Stopping threads took: 0.0000086 seconds
[2019-12-09T02:24:43.276+0000][1][safepoint    ] Application time: 0.0003647 seconds
[2019-12-09T02:24:43.276+0000][1][safepoint    ] Entering safepoint region: RevokeBias
[2019-12-09T02:24:43.276+0000][1][safepoint    ] Leaving safepoint region
[2019-12-09T02:24:43.276+0000][1][safepoint    ] Total time for which application threads were stopped: 0.0000637 seconds, Stopping threads took: 0.0000117 seconds
[2019-12-09T02:24:43.317+0000][1][safepoint    ] Application time: 0.0414884 seconds
[2019-12-09T02:24:43.317+0000][1][safepoint    ] Entering safepoint region: RevokeBias
[2019-12-09T02:24:43.317+0000][1][safepoint    ] Leaving safepoint region
[2019-12-09T02:24:43.317+0000][1][safepoint    ] Total time for which application threads were stopped: 0.0001386 seconds, Stopping threads took: 0.0000168 seconds
[2019-12-09T02:24:43.343+0000][1][safepoint    ] Application time: 0.0256627 seconds
[2019-12-09T02:24:43.343+0000][1][safepoint    ] Entering safepoint region: RevokeBias
[2019-12-09T02:24:43.343+0000][1][safepoint    ] Leaving safepoint region
[2019-12-09T02:24:43.343+0000][1][safepoint    ] Total time for which application threads were stopped: 0.0002047 seconds, Stopping threads took: 0.0000364 seconds
[2019-12-09T02:24:43.382+0000][1][safepoint    ] Application time: 0.0384587 seconds
[2019-12-09T02:24:43.382+0000][1][safepoint    ] Entering safepoint region: RevokeBias
[2019-12-09T02:24:43.382+0000][1][safepoint    ] Leaving safepoint region
[2019-12-09T02:24:43.382+0000][1][safepoint    ] Total time for which application threads were stopped: 0.0005000 seconds, Stopping threads took: 0.0003140 seconds
[2019-12-09T02:24:43.382+0000][1][safepoint    ] Application time: 0.0001909 seconds
[2019-12-09T02:24:43.382+0000][1][safepoint    ] Entering safepoint region: RevokeBias
[2019-12-09T02:24:43.383+0000][1][safepoint    ] Leaving safepoint region
[2019-12-09T02:24:43.383+0000][1][safepoint    ] Total time for which application threads were stopped: 0.0001622 seconds, Stopping threads took: 0.0000539 seconds
[2019-12-09T02:24:43.387+0000][1][safepoint    ] Application time: 0.0045300 seconds
[2019-12-09T02:24:43.387+0000][1][safepoint    ] Entering safepoint region: RevokeBias
[2019-12-09T02:24:43.387+0000][1][safepoint    ] Leaving safepoint region
[2019-12-09T02:24:43.387+0000][1][safepoint    ] Total time for which application threads were stopped: 0.0001016 seconds, Stopping threads took: 0.0000132 seconds
[2019-12-09T02:24:43.388+0000][1][safepoint    ] Application time: 0.0003721 seconds
[2019-12-09T02:24:43.388+0000][1][safepoint    ] Entering safepoint region: RevokeBias
[2019-12-09T02:24:43.388+0000][1][safepoint    ] Leaving safepoint region
[2019-12-09T02:24:43.388+0000][1][safepoint    ] Total time for which application threads were stopped: 0.0001504 seconds, Stopping threads took: 0.0000394 seconds
[2019-12-09T02:24:43.398+0000][1][safepoint    ] Application time: 0.0099736 seconds
[2019-12-09T02:24:43.398+0000][1][safepoint    ] Entering safepoint region: RevokeBias
[2019-12-09T02:24:43.398+0000][1][safepoint    ] Leaving safepoint region
[2019-12-09T02:24:43.398+0000][1][safepoint    ] Total time for which application threads were stopped: 0.0001297 seconds, Stopping threads took: 0.0000131 seconds
[2019-12-09T02:24:43.398+0000][1][safepoint    ] Application time: 0.0000855 seconds
[2019-12-09T02:24:43.398+0000][1][safepoint    ] Entering safepoint region: RevokeBias
[2019-12-09T02:24:43.398+0000][1][safepoint    ] Leaving safepoint region
[2019-12-09T02:24:43.398+0000][1][safepoint    ] Total time for which application threads were stopped: 0.0000603 seconds, Stopping threads took: 0.0000090 seconds
[2019-12-09T02:24:43.400+0000][1][safepoint    ] Application time: 0.0014443 seconds
[2019-12-09T02:24:43.400+0000][1][safepoint    ] Entering safepoint region: RevokeBias
[2019-12-09T02:24:43.400+0000][1][safepoint    ] Leaving safepoint region
[2019-12-09T02:24:43.400+0000][1][safepoint    ] Total time for which application threads were stopped: 0.0000792 seconds, Stopping threads took: 0.0000122 seconds
[2019-12-09T02:24:43.401+0000][1][safepoint    ] Application time: 0.0009058 seconds
[2019-12-09T02:24:43.401+0000][1][safepoint    ] Entering safepoint region: RevokeBias
[2019-12-09T02:24:43.401+0000][1][safepoint    ] Leaving safepoint region
[2019-12-09T02:24:43.401+0000][1][safepoint    ] Total time for which application threads were stopped: 0.0000747 seconds, Stopping threads took: 0.0000135 seconds
[2019-12-09T02:24:43.430+0000][1][safepoint    ] Application time: 0.0290980 seconds
[2019-12-09T02:24:43.430+0000][1][safepoint    ] Entering safepoint region: RevokeBias
[2019-12-09T02:24:43.430+0000][1][safepoint    ] Leaving safepoint region
[2019-12-09T02:24:43.430+0000][1][safepoint    ] Total time for which application threads were stopped: 0.0000926 seconds, Stopping threads took: 0.0000142 seconds
[2019-12-09T02:24:43.435+0000][1][safepoint    ] Application time: 0.0052057 seconds
[2019-12-09T02:24:43.435+0000][1][safepoint    ] Entering safepoint region: RevokeBias
[2019-12-09T02:24:43.435+0000][1][safepoint    ] Leaving safepoint region
[2019-12-09T02:24:43.435+0000][1][safepoint    ] Total time for which application threads were stopped: 0.0000971 seconds, Stopping threads took: 0.0000172 seconds
[2019-12-09T02:24:43.437+0000][1][safepoint    ] Application time: 0.0018935 seconds
[2019-12-09T02:24:43.437+0000][1][safepoint    ] Entering safepoint region: RevokeBias
[2019-12-09T02:24:43.437+0000][1][safepoint    ] Leaving safepoint region
[2019-12-09T02:24:43.437+0000][1][safepoint    ] Total time for which application threads were stopped: 0.0000778 seconds, Stopping threads took: 0.0000131 seconds
[2019-12-09T02:24:43.444+0000][1][safepoint    ] Application time: 0.0068793 seconds
[2019-12-09T02:24:43.444+0000][1][safepoint    ] Entering safepoint region: RevokeBias
[2019-12-09T02:24:43.444+0000][1][safepoint    ] Leaving safepoint region
[2019-12-09T02:24:43.444+0000][1][safepoint    ] Total time for which application threads were stopped: 0.0001127 seconds, Stopping threads took: 0.0000660 seconds
[2019-12-09T02:24:43.457+0000][1][safepoint    ] Application time: 0.0128269 seconds
[2019-12-09T02:24:43.457+0000][1][safepoint    ] Entering safepoint region: RevokeBias
[2019-12-09T02:24:43.457+0000][1][safepoint    ] Leaving safepoint region
[2019-12-09T02:24:43.457+0000][1][safepoint    ] Total time for which application threads were stopped: 0.0004030 seconds, Stopping threads took: 0.0003365 seconds
[2019-12-09T02:24:43.458+0000][1][safepoint    ] Application time: 0.0000702 seconds
[2019-12-09T02:24:43.458+0000][1][safepoint    ] Entering safepoint region: RevokeBias
[2019-12-09T02:24:43.458+0000][1][safepoint    ] Leaving safepoint region
[2019-12-09T02:24:43.458+0000][1][safepoint    ] Total time for which application threads were stopped: 0.0000621 seconds, Stopping threads took: 0.0000195 seconds
[2019-12-09T02:24:43.460+0000][1][safepoint    ] Application time: 0.0027006 seconds
[2019-12-09T02:24:43.460+0000][1][safepoint    ] Entering safepoint region: RevokeBias
[2019-12-09T02:24:43.460+0000][1][safepoint    ] Leaving safepoint region
[2019-12-09T02:24:43.460+0000][1][safepoint    ] Total time for which application threads were stopped: 0.0000660 seconds, Stopping threads took: 0.0000128 seconds
[2019-12-09T02:24:43.460+0000][1][safepoint    ] Application time: 0.0000626 seconds
[2019-12-09T02:24:43.460+0000][1][safepoint    ] Entering safepoint region: RevokeBias
[2019-12-09T02:24:43.461+0000][1][safepoint    ] Leaving safepoint region
[2019-12-09T02:24:43.461+0000][1][safepoint    ] Total time for which application threads were stopped: 0.0000505 seconds, Stopping threads took: 0.0000095 seconds
[2019-12-09T02:24:43.470+0000][1][safepoint    ] Application time: 0.0094890 seconds
[2019-12-09T02:24:43.470+0000][1][safepoint    ] Entering safepoint region: RevokeBias
[2019-12-09T02:24:43.470+0000][1][safepoint    ] Leaving safepoint region
[2019-12-09T02:24:43.470+0000][1][safepoint    ] Total time for which application threads were stopped: 0.0000698 seconds, Stopping threads took: 0.0000139 seconds
[2019-12-09T02:24:43.470+0000][1][safepoint    ] Application time: 0.0000951 seconds
[2019-12-09T02:24:43.470+0000][1][safepoint    ] Entering safepoint region: RevokeBias
[2019-12-09T02:24:43.470+0000][1][safepoint    ] Leaving safepoint region
[2019-12-09T02:24:43.470+0000][1][safepoint    ] Total time for which application threads were stopped: 0.0000560 seconds, Stopping threads took: 0.0000097 seconds
[2019-12-09T02:24:43.470+0000][1][safepoint    ] Application time: 0.0000874 seconds
[2019-12-09T02:24:43.470+0000][1][safepoint    ] Entering safepoint region: RevokeBias
[2019-12-09T02:24:43.470+0000][1][safepoint    ] Leaving safepoint region
[2019-12-09T02:24:43.470+0000][1][safepoint    ] Total time for which application threads were stopped: 0.0000405 seconds, Stopping threads took: 0.0000087 seconds
[2019-12-09T02:24:43.471+0000][1][safepoint    ] Application time: 0.0000873 seconds
[2019-12-09T02:24:43.471+0000][1][safepoint    ] Entering safepoint region: RevokeBias
[2019-12-09T02:24:43.471+0000][1][safepoint    ] Leaving safepoint region
[2019-12-09T02:24:43.471+0000][1][safepoint    ] Total time for which application threads were stopped: 0.0000508 seconds, Stopping threads took: 0.0000240 seconds
[2019-12-09T02:24:43.473+0000][1][safepoint    ] Application time: 0.0020540 seconds
[2019-12-09T02:24:43.473+0000][1][safepoint    ] Entering safepoint region: RevokeBias
[2019-12-09T02:24:43.473+0000][1][safepoint    ] Leaving safepoint region
[2019-12-09T02:24:43.473+0000][1][safepoint    ] Total time for which application threads were stopped: 0.0001507 seconds, Stopping threads took: 0.0000138 seconds
[2019-12-09T02:24:43.505+0000][1][safepoint    ] Application time: 0.0318116 seconds
[2019-12-09T02:24:43.505+0000][1][safepoint    ] Entering safepoint region: BulkRevokeBias
[2019-12-09T02:24:43.505+0000][1][safepoint    ] Leaving safepoint region
[2019-12-09T02:24:43.505+0000][1][safepoint    ] Total time for which application threads were stopped: 0.0007072 seconds, Stopping threads took: 0.0002448 seconds
[2019-12-09T02:24:43.559+0000][1][safepoint    ] Application time: 0.0533328 seconds
[2019-12-09T02:24:43.559+0000][1][safepoint    ] Entering safepoint region: RevokeBias
[2019-12-09T02:24:43.559+0000][1][safepoint    ] Leaving safepoint region
[2019-12-09T02:24:43.559+0000][1][safepoint    ] Total time for which application threads were stopped: 0.0001499 seconds, Stopping threads took: 0.0000638 seconds
[2019-12-09T02:24:43.592+0000][1][safepoint    ] Application time: 0.0327153 seconds
[2019-12-09T02:24:43.592+0000][1][safepoint    ] Entering safepoint region: RevokeBias
[2019-12-09T02:24:43.592+0000][1][safepoint    ] Leaving safepoint region
[2019-12-09T02:24:43.592+0000][1][safepoint    ] Total time for which application threads were stopped: 0.0001014 seconds, Stopping threads took: 0.0000157 seconds
[2019-12-09T02:24:43.593+0000][1][safepoint    ] Application time: 0.0014495 seconds
[2019-12-09T02:24:43.593+0000][1][safepoint    ] Entering safepoint region: RevokeBias
[2019-12-09T02:24:43.593+0000][1][safepoint    ] Leaving safepoint region
[2019-12-09T02:24:43.593+0000][1][safepoint    ] Total time for which application threads were stopped: 0.0000771 seconds, Stopping threads took: 0.0000139 seconds
[2019-12-09T02:24:43.596+0000][1][safepoint    ] Application time: 0.0030966 seconds
[2019-12-09T02:24:43.596+0000][1][safepoint    ] Entering safepoint region: RevokeBias
[2019-12-09T02:24:43.596+0000][1][safepoint    ] Leaving safepoint region
[2019-12-09T02:24:43.596+0000][1][safepoint    ] Total time for which application threads were stopped: 0.0000641 seconds, Stopping threads took: 0.0000126 seconds
[2019-12-09T02:24:43.605+0000][1][safepoint    ] Application time: 0.0085795 seconds
[2019-12-09T02:24:43.605+0000][1][safepoint    ] Entering safepoint region: RevokeBias
[2019-12-09T02:24:43.605+0000][1][safepoint    ] Leaving safepoint region
[2019-12-09T02:24:43.605+0000][1][safepoint    ] Total time for which application threads were stopped: 0.0000387 seconds, Stopping threads took: 0.0000099 seconds
[2019-12-09T02:24:43.622+0000][1][safepoint    ] Application time: 0.0167349 seconds
[2019-12-09T02:24:43.622+0000][1][safepoint    ] Entering safepoint region: RevokeBias
[2019-12-09T02:24:43.622+0000][1][safepoint    ] Leaving safepoint region
[2019-12-09T02:24:43.622+0000][1][safepoint    ] Total time for which application threads were stopped: 0.0000346 seconds, Stopping threads took: 0.0000091 seconds
[2019-12-09T02:24:43.623+0000][1][safepoint    ] Application time: 0.0012128 seconds
[2019-12-09T02:24:43.623+0000][1][safepoint    ] Entering safepoint region: RevokeBias
[2019-12-09T02:24:43.623+0000][1][safepoint    ] Leaving safepoint region
[2019-12-09T02:24:43.623+0000][1][safepoint    ] Total time for which application threads were stopped: 0.0000454 seconds, Stopping threads took: 0.0000107 seconds
[2019-12-09T02:24:43.641+0000][1][gc,heap,exit ] Heap
[2019-12-09T02:24:43.641+0000][1][gc,heap,exit ]  par new generation   total 78656K, used 30809K [0x00000000f0000000, 0x00000000f5550000, 0x00000000f5550000)
[2019-12-09T02:24:43.641+0000][1][gc,heap,exit ]   eden space 69952K,  43% used [0x00000000f0000000, 0x00000000f1e0d860, 0x00000000f4450000)
[2019-12-09T02:24:43.641+0000][1][gc,heap,exit ]   from space 8704K,   0% used [0x00000000f4cd0000, 0x00000000f4cd8ee0, 0x00000000f5550000)
[2019-12-09T02:24:43.641+0000][1][gc,heap,exit ]   to   space 8704K,   0% used [0x00000000f4450000, 0x00000000f4450000, 0x00000000f4cd0000)
[2019-12-09T02:24:43.641+0000][1][gc,heap,exit ]  concurrent mark-sweep generation total 174784K, used 69608K [0x00000000f5550000, 0x0000000100000000, 0x0000000100000000)
[2019-12-09T02:24:43.641+0000][1][gc,heap,exit ]  Metaspace       used 69280K, capacity 74406K, committed 74576K, reserved 1112064K
[2019-12-09T02:24:43.641+0000][1][gc,heap,exit ]   class space    used 9346K, capacity 11521K, committed 11608K, reserved 1048576K
[2019-12-09T02:24:43.641+0000][1][safepoint    ] Application time: 0.0181307 seconds
[2019-12-09T02:24:43.641+0000][1][safepoint    ] Entering safepoint region: Exit
