[2019-12-09T03:21:55.154+0000][1][gc] Using Concurrent Mark Sweep
[2019-12-09T03:21:55.154+0000][1][gc,heap,coops] Heap address: 0x00000000f0000000, size: 256 MB, Compressed Oops mode: 32-bit
[2019-12-09T03:21:55.541+0000][1][safepoint    ] Entering safepoint region: EnableBiasedLocking
[2019-12-09T03:21:55.541+0000][1][safepoint    ] Leaving safepoint region
[2019-12-09T03:21:55.541+0000][1][safepoint    ] Total time for which application threads were stopped: 0.0340095 seconds, Stopping threads took: 0.0338979 seconds
[2019-12-09T03:21:55.552+0000][1][safepoint    ] Application time: 0.0098268 seconds
[2019-12-09T03:21:55.552+0000][1][safepoint    ] Entering safepoint region: RevokeBias
[2019-12-09T03:21:55.552+0000][1][safepoint    ] Leaving safepoint region
[2019-12-09T03:21:55.552+0000][1][safepoint    ] Total time for which application threads were stopped: 0.0001252 seconds, Stopping threads took: 0.0000500 seconds
[2019-12-09T03:21:55.655+0000][1][safepoint    ] Application time: 0.1034390 seconds
[2019-12-09T03:21:55.655+0000][1][safepoint    ] Entering safepoint region: Deoptimize
[2019-12-09T03:21:55.655+0000][1][safepoint    ] Leaving safepoint region
[2019-12-09T03:21:55.655+0000][1][safepoint    ] Total time for which application threads were stopped: 0.0000540 seconds, Stopping threads took: 0.0000098 seconds
[2019-12-09T03:21:56.357+0000][1][safepoint    ] Application time: 0.7016299 seconds
[2019-12-09T03:21:56.357+0000][1][safepoint    ] Entering safepoint region: Deoptimize
[2019-12-09T03:21:56.357+0000][1][safepoint    ] Leaving safepoint region
[2019-12-09T03:21:56.357+0000][1][safepoint    ] Total time for which application threads were stopped: 0.0000938 seconds, Stopping threads took: 0.0000099 seconds
[2019-12-09T03:21:57.363+0000][1][safepoint    ] Application time: 1.0056516 seconds
[2019-12-09T03:21:57.385+0000][1][safepoint    ] Entering safepoint region: Cleanup
[2019-12-09T03:21:57.385+0000][1][safepoint    ] Leaving safepoint region
[2019-12-09T03:21:57.385+0000][1][safepoint    ] Total time for which application threads were stopped: 0.0221056 seconds, Stopping threads took: 0.0220434 seconds
[2019-12-09T03:21:58.386+0000][1][safepoint    ] Application time: 1.0008283 seconds
[2019-12-09T03:21:58.398+0000][1][safepoint    ] Entering safepoint region: Cleanup
[2019-12-09T03:21:58.398+0000][1][safepoint    ] Leaving safepoint region
[2019-12-09T03:21:58.398+0000][1][safepoint    ] Total time for which application threads were stopped: 0.0121029 seconds, Stopping threads took: 0.0120429 seconds
[2019-12-09T03:21:58.806+0000][1][safepoint    ] Application time: 0.4083621 seconds
[2019-12-09T03:21:58.806+0000][1][safepoint    ] Entering safepoint region: Deoptimize
[2019-12-09T03:21:58.806+0000][1][safepoint    ] Leaving safepoint region
[2019-12-09T03:21:58.806+0000][1][safepoint    ] Total time for which application threads were stopped: 0.0001438 seconds, Stopping threads took: 0.0000105 seconds
[2019-12-09T03:21:58.985+0000][1][safepoint    ] Application time: 0.1789466 seconds
[2019-12-09T03:21:58.985+0000][1][safepoint    ] Entering safepoint region: Deoptimize
[2019-12-09T03:21:58.986+0000][1][safepoint    ] Leaving safepoint region
[2019-12-09T03:21:58.986+0000][1][safepoint    ] Total time for which application threads were stopped: 0.0001425 seconds, Stopping threads took: 0.0000112 seconds
[2019-12-09T03:21:59.280+0000][1][safepoint    ] Application time: 0.2946893 seconds
[2019-12-09T03:21:59.280+0000][1][safepoint    ] Entering safepoint region: Deoptimize
[2019-12-09T03:21:59.280+0000][1][safepoint    ] Leaving safepoint region
[2019-12-09T03:21:59.280+0000][1][safepoint    ] Total time for which application threads were stopped: 0.0001663 seconds, Stopping threads took: 0.0000097 seconds
[2019-12-09T03:21:59.401+0000][1][safepoint    ] Application time: 0.1203089 seconds
[2019-12-09T03:21:59.408+0000][1][safepoint    ] Entering safepoint region: Deoptimize
[2019-12-09T03:21:59.408+0000][1][safepoint    ] Leaving safepoint region
[2019-12-09T03:21:59.408+0000][1][safepoint    ] Total time for which application threads were stopped: 0.0071630 seconds, Stopping threads took: 0.0070120 seconds
[2019-12-09T03:22:00.409+0000][1][safepoint    ] Application time: 1.0014983 seconds
[2019-12-09T03:22:00.409+0000][1][safepoint    ] Entering safepoint region: Cleanup
[2019-12-09T03:22:00.410+0000][1][safepoint    ] Leaving safepoint region
[2019-12-09T03:22:00.410+0000][1][safepoint    ] Total time for which application threads were stopped: 0.0000869 seconds, Stopping threads took: 0.0000121 seconds
[2019-12-09T03:22:00.479+0000][1][safepoint    ] Application time: 0.0694177 seconds
[2019-12-09T03:22:00.479+0000][1][safepoint    ] Entering safepoint region: Deoptimize
[2019-12-09T03:22:00.479+0000][1][safepoint    ] Leaving safepoint region
[2019-12-09T03:22:00.479+0000][1][safepoint    ] Total time for which application threads were stopped: 0.0001806 seconds, Stopping threads took: 0.0000103 seconds
[2019-12-09T03:22:01.488+0000][1][safepoint    ] Application time: 1.0084984 seconds
[2019-12-09T03:22:01.488+0000][1][safepoint    ] Entering safepoint region: Cleanup
[2019-12-09T03:22:01.488+0000][1][safepoint    ] Leaving safepoint region
[2019-12-09T03:22:01.488+0000][1][safepoint    ] Total time for which application threads were stopped: 0.0000532 seconds, Stopping threads took: 0.0000146 seconds
[2019-12-09T03:22:02.488+0000][1][safepoint    ] Application time: 1.0004704 seconds
[2019-12-09T03:22:02.498+0000][1][safepoint    ] Entering safepoint region: Cleanup
[2019-12-09T03:22:02.498+0000][1][safepoint    ] Leaving safepoint region
[2019-12-09T03:22:02.498+0000][1][safepoint    ] Total time for which application threads were stopped: 0.0096349 seconds, Stopping threads took: 0.0095695 seconds
[2019-12-09T03:22:03.450+0000][1][safepoint    ] Application time: 0.9523735 seconds
[2019-12-09T03:22:03.450+0000][1][safepoint    ] Entering safepoint region: Deoptimize
[2019-12-09T03:22:03.451+0000][1][safepoint    ] Leaving safepoint region
[2019-12-09T03:22:03.451+0000][1][safepoint    ] Total time for which application threads were stopped: 0.0002466 seconds, Stopping threads took: 0.0000109 seconds
[2019-12-09T03:22:04.464+0000][1][safepoint    ] Application time: 1.0131019 seconds
[2019-12-09T03:22:04.491+0000][1][safepoint    ] Entering safepoint region: Cleanup
[2019-12-09T03:22:04.491+0000][1][safepoint    ] Leaving safepoint region
[2019-12-09T03:22:04.491+0000][1][safepoint    ] Total time for which application threads were stopped: 0.0271083 seconds, Stopping threads took: 0.0270373 seconds
[2019-12-09T03:22:04.541+0000][1][safepoint    ] Application time: 0.0498611 seconds
[2019-12-09T03:22:04.541+0000][1][safepoint    ] Entering safepoint region: Deoptimize
[2019-12-09T03:22:04.541+0000][1][safepoint    ] Leaving safepoint region
[2019-12-09T03:22:04.541+0000][1][safepoint    ] Total time for which application threads were stopped: 0.0002376 seconds, Stopping threads took: 0.0000119 seconds
[2019-12-09T03:22:04.567+0000][1][safepoint    ] Application time: 0.0258755 seconds
[2019-12-09T03:22:04.567+0000][1][safepoint    ] Entering safepoint region: Deoptimize
[2019-12-09T03:22:04.567+0000][1][safepoint    ] Leaving safepoint region
[2019-12-09T03:22:04.567+0000][1][safepoint    ] Total time for which application threads were stopped: 0.0002410 seconds, Stopping threads took: 0.0000115 seconds
[2019-12-09T03:22:04.743+0000][1][safepoint    ] Application time: 0.1753496 seconds
[2019-12-09T03:22:04.743+0000][1][safepoint    ] Entering safepoint region: Deoptimize
[2019-12-09T03:22:04.743+0000][1][safepoint    ] Leaving safepoint region
[2019-12-09T03:22:04.743+0000][1][safepoint    ] Total time for which application threads were stopped: 0.0002841 seconds, Stopping threads took: 0.0000122 seconds
[2019-12-09T03:22:04.813+0000][1][safepoint    ] Application time: 0.0703214 seconds
[2019-12-09T03:22:04.813+0000][1][safepoint    ] Entering safepoint region: RevokeBias
[2019-12-09T03:22:04.813+0000][1][safepoint    ] Leaving safepoint region
[2019-12-09T03:22:04.813+0000][1][safepoint    ] Total time for which application threads were stopped: 0.0001060 seconds, Stopping threads took: 0.0000133 seconds
[2019-12-09T03:22:04.814+0000][1][safepoint    ] Application time: 0.0001525 seconds
[2019-12-09T03:22:04.814+0000][1][safepoint    ] Entering safepoint region: RevokeBias
[2019-12-09T03:22:04.814+0000][1][safepoint    ] Leaving safepoint region
[2019-12-09T03:22:04.814+0000][1][safepoint    ] Total time for which application threads were stopped: 0.0000494 seconds, Stopping threads took: 0.0000091 seconds
[2019-12-09T03:22:04.814+0000][1][safepoint    ] Application time: 0.0000526 seconds
[2019-12-09T03:22:04.814+0000][1][safepoint    ] Entering safepoint region: RevokeBias
[2019-12-09T03:22:04.814+0000][1][safepoint    ] Leaving safepoint region
[2019-12-09T03:22:04.814+0000][1][safepoint    ] Total time for which application threads were stopped: 0.0000416 seconds, Stopping threads took: 0.0000075 seconds
[2019-12-09T03:22:04.814+0000][1][safepoint    ] Application time: 0.0000761 seconds
[2019-12-09T03:22:04.814+0000][1][safepoint    ] Entering safepoint region: RevokeBias
[2019-12-09T03:22:04.814+0000][1][safepoint    ] Leaving safepoint region
[2019-12-09T03:22:04.814+0000][1][safepoint    ] Total time for which application threads were stopped: 0.0000436 seconds, Stopping threads took: 0.0000081 seconds
[2019-12-09T03:22:04.814+0000][1][safepoint    ] Application time: 0.0001768 seconds
[2019-12-09T03:22:04.814+0000][1][safepoint    ] Entering safepoint region: RevokeBias
[2019-12-09T03:22:04.814+0000][1][safepoint    ] Leaving safepoint region
[2019-12-09T03:22:04.814+0000][1][safepoint    ] Total time for which application threads were stopped: 0.0000508 seconds, Stopping threads took: 0.0000081 seconds
[2019-12-09T03:22:05.824+0000][1][safepoint    ] Application time: 1.0100911 seconds
[2019-12-09T03:22:05.824+0000][1][safepoint    ] Entering safepoint region: Cleanup
[2019-12-09T03:22:05.824+0000][1][safepoint    ] Leaving safepoint region
[2019-12-09T03:22:05.824+0000][1][safepoint    ] Total time for which application threads were stopped: 0.0000775 seconds, Stopping threads took: 0.0000150 seconds
[2019-12-09T03:22:06.674+0000][1][safepoint    ] Application time: 0.8494660 seconds
[2019-12-09T03:22:06.674+0000][1][safepoint    ] Entering safepoint region: GenCollectForAllocation
[2019-12-09T03:22:06.674+0000][1][gc,start     ] GC(0) Pause Young (Allocation Failure)
[2019-12-09T03:22:06.720+0000][1][gc,task      ] GC(0) Using 2 workers of 2 for evacuation
[2019-12-09T03:22:06.819+0000][1][gc,age       ] GC(0) Desired survivor size 4456448 bytes, new threshold 1 (max threshold 6)
[2019-12-09T03:22:06.819+0000][1][gc,age       ] GC(0) Age table with threshold 1 (max threshold 6)
[2019-12-09T03:22:06.819+0000][1][gc,age       ] GC(0) - age   1:    6739120 bytes,    6739120 total
[2019-12-09T03:22:06.819+0000][1][gc,heap      ] GC(0) ParNew: 69952K->6629K(78656K)
[2019-12-09T03:22:06.819+0000][1][gc,heap      ] GC(0) CMS: 0K->0K(174784K)
[2019-12-09T03:22:06.819+0000][1][gc,metaspace ] GC(0) Metaspace: 12840K->12840K(1060864K)
[2019-12-09T03:22:06.819+0000][1][gc           ] GC(0) Pause Young (Allocation Failure) 68M->6M(247M) 145.215ms
[2019-12-09T03:22:06.819+0000][1][gc,cpu       ] GC(0) User=0.03s Sys=0.00s Real=0.15s
[2019-12-09T03:22:06.819+0000][1][safepoint    ] Leaving safepoint region
[2019-12-09T03:22:06.819+0000][1][safepoint    ] Total time for which application threads were stopped: 0.1453870 seconds, Stopping threads took: 0.0000141 seconds
[2019-12-09T03:22:06.827+0000][1][safepoint    ] Application time: 0.0082294 seconds
[2019-12-09T03:22:06.868+0000][1][safepoint    ] Entering safepoint region: RevokeBias
[2019-12-09T03:22:06.868+0000][1][safepoint    ] Leaving safepoint region
[2019-12-09T03:22:06.868+0000][1][safepoint    ] Total time for which application threads were stopped: 0.0404446 seconds, Stopping threads took: 0.0402852 seconds
[2019-12-09T03:22:06.868+0000][1][safepoint    ] Application time: 0.0001597 seconds
[2019-12-09T03:22:06.868+0000][1][safepoint    ] Entering safepoint region: RevokeBias
[2019-12-09T03:22:06.868+0000][1][safepoint    ] Leaving safepoint region
[2019-12-09T03:22:06.868+0000][1][safepoint    ] Total time for which application threads were stopped: 0.0001144 seconds, Stopping threads took: 0.0000223 seconds
[2019-12-09T03:22:06.868+0000][1][safepoint    ] Application time: 0.0000775 seconds
[2019-12-09T03:22:06.868+0000][1][safepoint    ] Entering safepoint region: RevokeBias
[2019-12-09T03:22:06.868+0000][1][safepoint    ] Leaving safepoint region
[2019-12-09T03:22:06.868+0000][1][safepoint    ] Total time for which application threads were stopped: 0.0000835 seconds, Stopping threads took: 0.0000087 seconds
[2019-12-09T03:22:06.868+0000][1][safepoint    ] Application time: 0.0000574 seconds
[2019-12-09T03:22:06.868+0000][1][safepoint    ] Entering safepoint region: RevokeBias
[2019-12-09T03:22:06.869+0000][1][safepoint    ] Leaving safepoint region
[2019-12-09T03:22:06.869+0000][1][safepoint    ] Total time for which application threads were stopped: 0.0000764 seconds, Stopping threads took: 0.0000084 seconds
[2019-12-09T03:22:06.869+0000][1][safepoint    ] Application time: 0.0000660 seconds
[2019-12-09T03:22:06.869+0000][1][safepoint    ] Entering safepoint region: RevokeBias
[2019-12-09T03:22:06.869+0000][1][safepoint    ] Leaving safepoint region
[2019-12-09T03:22:06.869+0000][1][safepoint    ] Total time for which application threads were stopped: 0.0000993 seconds, Stopping threads took: 0.0000088 seconds
[2019-12-09T03:22:06.869+0000][1][safepoint    ] Application time: 0.0000554 seconds
[2019-12-09T03:22:06.869+0000][1][safepoint    ] Entering safepoint region: RevokeBias
[2019-12-09T03:22:06.869+0000][1][safepoint    ] Leaving safepoint region
[2019-12-09T03:22:06.869+0000][1][safepoint    ] Total time for which application threads were stopped: 0.0000740 seconds, Stopping threads took: 0.0000087 seconds
[2019-12-09T03:22:06.869+0000][1][safepoint    ] Application time: 0.0000639 seconds
[2019-12-09T03:22:06.869+0000][1][safepoint    ] Entering safepoint region: RevokeBias
[2019-12-09T03:22:06.869+0000][1][safepoint    ] Leaving safepoint region
[2019-12-09T03:22:06.869+0000][1][safepoint    ] Total time for which application threads were stopped: 0.0000730 seconds, Stopping threads took: 0.0000081 seconds
[2019-12-09T03:22:06.869+0000][1][safepoint    ] Application time: 0.0000547 seconds
[2019-12-09T03:22:06.869+0000][1][safepoint    ] Entering safepoint region: RevokeBias
[2019-12-09T03:22:06.869+0000][1][safepoint    ] Leaving safepoint region
[2019-12-09T03:22:06.869+0000][1][safepoint    ] Total time for which application threads were stopped: 0.0000743 seconds, Stopping threads took: 0.0000083 seconds
[2019-12-09T03:22:06.869+0000][1][safepoint    ] Application time: 0.0000624 seconds
[2019-12-09T03:22:06.869+0000][1][safepoint    ] Entering safepoint region: RevokeBias
[2019-12-09T03:22:06.869+0000][1][safepoint    ] Leaving safepoint region
[2019-12-09T03:22:06.869+0000][1][safepoint    ] Total time for which application threads were stopped: 0.0000762 seconds, Stopping threads took: 0.0000087 seconds
[2019-12-09T03:22:06.869+0000][1][safepoint    ] Application time: 0.0000549 seconds
[2019-12-09T03:22:06.869+0000][1][safepoint    ] Entering safepoint region: RevokeBias
[2019-12-09T03:22:06.869+0000][1][safepoint    ] Leaving safepoint region
[2019-12-09T03:22:06.869+0000][1][safepoint    ] Total time for which application threads were stopped: 0.0000729 seconds, Stopping threads took: 0.0000086 seconds
[2019-12-09T03:22:06.870+0000][1][safepoint    ] Application time: 0.0000601 seconds
[2019-12-09T03:22:06.870+0000][1][safepoint    ] Entering safepoint region: RevokeBias
[2019-12-09T03:22:06.870+0000][1][safepoint    ] Leaving safepoint region
[2019-12-09T03:22:06.870+0000][1][safepoint    ] Total time for which application threads were stopped: 0.0000685 seconds, Stopping threads took: 0.0000079 seconds
[2019-12-09T03:22:06.870+0000][1][safepoint    ] Application time: 0.0000512 seconds
[2019-12-09T03:22:06.870+0000][1][safepoint    ] Entering safepoint region: RevokeBias
[2019-12-09T03:22:06.870+0000][1][safepoint    ] Leaving safepoint region
[2019-12-09T03:22:06.870+0000][1][safepoint    ] Total time for which application threads were stopped: 0.0000796 seconds, Stopping threads took: 0.0000183 seconds
[2019-12-09T03:22:06.870+0000][1][safepoint    ] Application time: 0.0000611 seconds
[2019-12-09T03:22:06.870+0000][1][safepoint    ] Entering safepoint region: RevokeBias
[2019-12-09T03:22:06.870+0000][1][safepoint    ] Leaving safepoint region
[2019-12-09T03:22:06.870+0000][1][safepoint    ] Total time for which application threads were stopped: 0.0000722 seconds, Stopping threads took: 0.0000079 seconds
[2019-12-09T03:22:06.870+0000][1][safepoint    ] Application time: 0.0000534 seconds
[2019-12-09T03:22:06.870+0000][1][safepoint    ] Entering safepoint region: RevokeBias
[2019-12-09T03:22:06.870+0000][1][safepoint    ] Leaving safepoint region
[2019-12-09T03:22:06.870+0000][1][safepoint    ] Total time for which application threads were stopped: 0.0000715 seconds, Stopping threads took: 0.0000088 seconds
[2019-12-09T03:22:06.870+0000][1][safepoint    ] Application time: 0.0000617 seconds
[2019-12-09T03:22:06.870+0000][1][safepoint    ] Entering safepoint region: RevokeBias
[2019-12-09T03:22:06.870+0000][1][safepoint    ] Leaving safepoint region
[2019-12-09T03:22:06.870+0000][1][safepoint    ] Total time for which application threads were stopped: 0.0000708 seconds, Stopping threads took: 0.0000084 seconds
[2019-12-09T03:22:06.870+0000][1][safepoint    ] Application time: 0.0000542 seconds
[2019-12-09T03:22:06.870+0000][1][safepoint    ] Entering safepoint region: RevokeBias
[2019-12-09T03:22:06.870+0000][1][safepoint    ] Leaving safepoint region
[2019-12-09T03:22:06.870+0000][1][safepoint    ] Total time for which application threads were stopped: 0.0000698 seconds, Stopping threads took: 0.0000083 seconds
[2019-12-09T03:22:06.870+0000][1][safepoint    ] Application time: 0.0000652 seconds
[2019-12-09T03:22:06.870+0000][1][safepoint    ] Entering safepoint region: RevokeBias
[2019-12-09T03:22:06.870+0000][1][safepoint    ] Leaving safepoint region
[2019-12-09T03:22:06.871+0000][1][safepoint    ] Total time for which application threads were stopped: 0.0000708 seconds, Stopping threads took: 0.0000080 seconds
[2019-12-09T03:22:06.871+0000][1][safepoint    ] Application time: 0.0000533 seconds
[2019-12-09T03:22:06.871+0000][1][safepoint    ] Entering safepoint region: RevokeBias
[2019-12-09T03:22:06.871+0000][1][safepoint    ] Leaving safepoint region
[2019-12-09T03:22:06.871+0000][1][safepoint    ] Total time for which application threads were stopped: 0.0000781 seconds, Stopping threads took: 0.0000080 seconds
[2019-12-09T03:22:06.871+0000][1][safepoint    ] Application time: 0.0000919 seconds
[2019-12-09T03:22:06.871+0000][1][safepoint    ] Entering safepoint region: RevokeBias
[2019-12-09T03:22:06.871+0000][1][safepoint    ] Leaving safepoint region
[2019-12-09T03:22:06.871+0000][1][safepoint    ] Total time for which application threads were stopped: 0.0000719 seconds, Stopping threads took: 0.0000083 seconds
[2019-12-09T03:22:06.871+0000][1][safepoint    ] Application time: 0.0000636 seconds
[2019-12-09T03:22:06.871+0000][1][safepoint    ] Entering safepoint region: RevokeBias
[2019-12-09T03:22:06.871+0000][1][safepoint    ] Leaving safepoint region
[2019-12-09T03:22:06.871+0000][1][safepoint    ] Total time for which application threads were stopped: 0.0000718 seconds, Stopping threads took: 0.0000081 seconds
[2019-12-09T03:22:06.871+0000][1][safepoint    ] Application time: 0.0000675 seconds
[2019-12-09T03:22:06.871+0000][1][safepoint    ] Entering safepoint region: RevokeBias
[2019-12-09T03:22:06.871+0000][1][safepoint    ] Leaving safepoint region
[2019-12-09T03:22:06.871+0000][1][safepoint    ] Total time for which application threads were stopped: 0.0000742 seconds, Stopping threads took: 0.0000085 seconds
[2019-12-09T03:22:06.871+0000][1][safepoint    ] Application time: 0.0000515 seconds
[2019-12-09T03:22:06.871+0000][1][safepoint    ] Entering safepoint region: RevokeBias
[2019-12-09T03:22:06.871+0000][1][safepoint    ] Leaving safepoint region
[2019-12-09T03:22:06.871+0000][1][safepoint    ] Total time for which application threads were stopped: 0.0000779 seconds, Stopping threads took: 0.0000153 seconds
[2019-12-09T03:22:06.871+0000][1][safepoint    ] Application time: 0.0000605 seconds
[2019-12-09T03:22:06.871+0000][1][safepoint    ] Entering safepoint region: RevokeBias
[2019-12-09T03:22:06.871+0000][1][safepoint    ] Leaving safepoint region
[2019-12-09T03:22:06.871+0000][1][safepoint    ] Total time for which application threads were stopped: 0.0000707 seconds, Stopping threads took: 0.0000084 seconds
[2019-12-09T03:22:06.872+0000][1][safepoint    ] Application time: 0.0000545 seconds
[2019-12-09T03:22:06.872+0000][1][safepoint    ] Entering safepoint region: RevokeBias
[2019-12-09T03:22:06.872+0000][1][safepoint    ] Leaving safepoint region
[2019-12-09T03:22:06.872+0000][1][safepoint    ] Total time for which application threads were stopped: 0.0000713 seconds, Stopping threads took: 0.0000082 seconds
[2019-12-09T03:22:06.872+0000][1][safepoint    ] Application time: 0.0000834 seconds
[2019-12-09T03:22:06.872+0000][1][safepoint    ] Entering safepoint region: RevokeBias
[2019-12-09T03:22:06.872+0000][1][safepoint    ] Leaving safepoint region
[2019-12-09T03:22:06.872+0000][1][safepoint    ] Total time for which application threads were stopped: 0.0000785 seconds, Stopping threads took: 0.0000092 seconds
[2019-12-09T03:22:06.872+0000][1][safepoint    ] Application time: 0.0000536 seconds
[2019-12-09T03:22:06.872+0000][1][safepoint    ] Entering safepoint region: RevokeBias
[2019-12-09T03:22:06.872+0000][1][safepoint    ] Leaving safepoint region
[2019-12-09T03:22:06.872+0000][1][safepoint    ] Total time for which application threads were stopped: 0.0000699 seconds, Stopping threads took: 0.0000090 seconds
[2019-12-09T03:22:06.872+0000][1][safepoint    ] Application time: 0.0003283 seconds
[2019-12-09T03:22:06.872+0000][1][safepoint    ] Entering safepoint region: RevokeBias
[2019-12-09T03:22:06.872+0000][1][safepoint    ] Leaving safepoint region
[2019-12-09T03:22:06.872+0000][1][safepoint    ] Total time for which application threads were stopped: 0.0000871 seconds, Stopping threads took: 0.0000093 seconds
[2019-12-09T03:22:06.872+0000][1][safepoint    ] Application time: 0.0000563 seconds
[2019-12-09T03:22:06.872+0000][1][safepoint    ] Entering safepoint region: RevokeBias
[2019-12-09T03:22:06.873+0000][1][safepoint    ] Leaving safepoint region
[2019-12-09T03:22:06.873+0000][1][safepoint    ] Total time for which application threads were stopped: 0.0000735 seconds, Stopping threads took: 0.0000086 seconds
[2019-12-09T03:22:06.873+0000][1][safepoint    ] Application time: 0.0000704 seconds
[2019-12-09T03:22:06.873+0000][1][safepoint    ] Entering safepoint region: RevokeBias
[2019-12-09T03:22:06.873+0000][1][safepoint    ] Leaving safepoint region
[2019-12-09T03:22:06.873+0000][1][safepoint    ] Total time for which application threads were stopped: 0.0000723 seconds, Stopping threads took: 0.0000083 seconds
[2019-12-09T03:22:06.873+0000][1][safepoint    ] Application time: 0.0000521 seconds
[2019-12-09T03:22:06.873+0000][1][safepoint    ] Entering safepoint region: RevokeBias
[2019-12-09T03:22:06.873+0000][1][safepoint    ] Leaving safepoint region
[2019-12-09T03:22:06.873+0000][1][safepoint    ] Total time for which application threads were stopped: 0.0000688 seconds, Stopping threads took: 0.0000082 seconds
[2019-12-09T03:22:07.788+0000][1][safepoint    ] Application time: 0.9154003 seconds
[2019-12-09T03:22:07.788+0000][1][safepoint    ] Entering safepoint region: Deoptimize
[2019-12-09T03:22:07.789+0000][1][safepoint    ] Leaving safepoint region
[2019-12-09T03:22:07.789+0000][1][safepoint    ] Total time for which application threads were stopped: 0.0004317 seconds, Stopping threads took: 0.0000129 seconds
[2019-12-09T03:22:08.799+0000][1][safepoint    ] Application time: 1.0100094 seconds
[2019-12-09T03:22:08.799+0000][1][safepoint    ] Entering safepoint region: Cleanup
[2019-12-09T03:22:08.799+0000][1][safepoint    ] Leaving safepoint region
[2019-12-09T03:22:08.799+0000][1][safepoint    ] Total time for which application threads were stopped: 0.0002740 seconds, Stopping threads took: 0.0002062 seconds
[2019-12-09T03:22:08.946+0000][1][safepoint    ] Application time: 0.1467469 seconds
[2019-12-09T03:22:08.946+0000][1][safepoint    ] Entering safepoint region: RevokeBias
[2019-12-09T03:22:08.946+0000][1][safepoint    ] Leaving safepoint region
[2019-12-09T03:22:08.946+0000][1][safepoint    ] Total time for which application threads were stopped: 0.0000780 seconds, Stopping threads took: 0.0000122 seconds
[2019-12-09T03:22:09.961+0000][1][safepoint    ] Application time: 1.0148244 seconds
[2019-12-09T03:22:09.961+0000][1][safepoint    ] Entering safepoint region: Cleanup
[2019-12-09T03:22:09.961+0000][1][safepoint    ] Leaving safepoint region
[2019-12-09T03:22:09.961+0000][1][safepoint    ] Total time for which application threads were stopped: 0.0000731 seconds, Stopping threads took: 0.0000161 seconds
[2019-12-09T03:22:10.548+0000][1][safepoint    ] Application time: 0.5870248 seconds
[2019-12-09T03:22:10.548+0000][1][safepoint    ] Entering safepoint region: GenCollectForAllocation
[2019-12-09T03:22:10.548+0000][1][gc,start     ] GC(1) Pause Young (Allocation Failure)
[2019-12-09T03:22:10.548+0000][1][gc,task      ] GC(1) Using 2 workers of 2 for evacuation
[2019-12-09T03:22:10.936+0000][1][gc,age       ] GC(1) Desired survivor size 4456448 bytes, new threshold 6 (max threshold 6)
[2019-12-09T03:22:10.936+0000][1][gc,age       ] GC(1) Age table with threshold 6 (max threshold 6)
[2019-12-09T03:22:10.936+0000][1][gc,age       ] GC(1) - age   1:    1188240 bytes,    1188240 total
[2019-12-09T03:22:10.936+0000][1][gc,heap      ] GC(1) ParNew: 76581K->4307K(78656K)
[2019-12-09T03:22:10.936+0000][1][gc,heap      ] GC(1) CMS: 0K->7051K(174784K)
[2019-12-09T03:22:10.936+0000][1][gc,metaspace ] GC(1) Metaspace: 14780K->14780K(1062912K)
[2019-12-09T03:22:10.936+0000][1][gc           ] GC(1) Pause Young (Allocation Failure) 74M->11M(247M) 388.205ms
[2019-12-09T03:22:10.936+0000][1][gc,cpu       ] GC(1) User=0.10s Sys=0.00s Real=0.39s
[2019-12-09T03:22:10.936+0000][1][safepoint    ] Leaving safepoint region
[2019-12-09T03:22:10.936+0000][1][safepoint    ] Total time for which application threads were stopped: 0.3883557 seconds, Stopping threads took: 0.0000139 seconds
[2019-12-09T03:22:10.965+0000][1][safepoint    ] Application time: 0.0285644 seconds
[2019-12-09T03:22:11.018+0000][1][safepoint    ] Entering safepoint region: BulkRevokeBias
[2019-12-09T03:22:11.019+0000][1][safepoint    ] Leaving safepoint region
[2019-12-09T03:22:11.019+0000][1][safepoint    ] Total time for which application threads were stopped: 0.0537395 seconds, Stopping threads took: 0.0535091 seconds
[2019-12-09T03:22:11.019+0000][1][safepoint    ] Application time: 0.0001603 seconds
[2019-12-09T03:22:11.019+0000][1][safepoint    ] Entering safepoint region: RevokeBias
[2019-12-09T03:22:11.019+0000][1][safepoint    ] Leaving safepoint region
[2019-12-09T03:22:11.019+0000][1][safepoint    ] Total time for which application threads were stopped: 0.0000646 seconds, Stopping threads took: 0.0000115 seconds
[2019-12-09T03:22:11.019+0000][1][safepoint    ] Application time: 0.0000867 seconds
[2019-12-09T03:22:11.019+0000][1][safepoint    ] Entering safepoint region: RevokeBias
[2019-12-09T03:22:11.019+0000][1][safepoint    ] Leaving safepoint region
[2019-12-09T03:22:11.019+0000][1][safepoint    ] Total time for which application threads were stopped: 0.0000567 seconds, Stopping threads took: 0.0000092 seconds
[2019-12-09T03:22:11.019+0000][1][safepoint    ] Application time: 0.0000551 seconds
[2019-12-09T03:22:11.019+0000][1][safepoint    ] Entering safepoint region: RevokeBias
[2019-12-09T03:22:11.019+0000][1][safepoint    ] Leaving safepoint region
[2019-12-09T03:22:11.019+0000][1][safepoint    ] Total time for which application threads were stopped: 0.0000527 seconds, Stopping threads took: 0.0000089 seconds
[2019-12-09T03:22:11.019+0000][1][safepoint    ] Application time: 0.0000646 seconds
[2019-12-09T03:22:11.019+0000][1][safepoint    ] Entering safepoint region: RevokeBias
[2019-12-09T03:22:11.019+0000][1][safepoint    ] Leaving safepoint region
[2019-12-09T03:22:11.019+0000][1][safepoint    ] Total time for which application threads were stopped: 0.0000532 seconds, Stopping threads took: 0.0000084 seconds
[2019-12-09T03:22:11.019+0000][1][safepoint    ] Application time: 0.0000539 seconds
[2019-12-09T03:22:11.019+0000][1][safepoint    ] Entering safepoint region: RevokeBias
[2019-12-09T03:22:11.019+0000][1][safepoint    ] Leaving safepoint region
[2019-12-09T03:22:11.019+0000][1][safepoint    ] Total time for which application threads were stopped: 0.0000499 seconds, Stopping threads took: 0.0000082 seconds
[2019-12-09T03:22:11.021+0000][1][safepoint    ] Application time: 0.0012989 seconds
[2019-12-09T03:22:11.034+0000][1][safepoint    ] Entering safepoint region: BulkRevokeBias
[2019-12-09T03:22:11.034+0000][1][safepoint    ] Leaving safepoint region
[2019-12-09T03:22:11.034+0000][1][safepoint    ] Total time for which application threads were stopped: 0.0131641 seconds, Stopping threads took: 0.0130761 seconds
[2019-12-09T03:22:11.034+0000][1][safepoint    ] Application time: 0.0000648 seconds
[2019-12-09T03:22:11.034+0000][1][safepoint    ] Entering safepoint region: RevokeBias
[2019-12-09T03:22:11.034+0000][1][safepoint    ] Leaving safepoint region
[2019-12-09T03:22:11.034+0000][1][safepoint    ] Total time for which application threads were stopped: 0.0000534 seconds, Stopping threads took: 0.0000095 seconds
[2019-12-09T03:22:11.034+0000][1][safepoint    ] Application time: 0.0000654 seconds
[2019-12-09T03:22:11.034+0000][1][safepoint    ] Entering safepoint region: BulkRevokeBias
[2019-12-09T03:22:11.034+0000][1][safepoint    ] Leaving safepoint region
[2019-12-09T03:22:11.034+0000][1][safepoint    ] Total time for which application threads were stopped: 0.0000956 seconds, Stopping threads took: 0.0000088 seconds
[2019-12-09T03:22:12.041+0000][1][safepoint    ] Application time: 1.0064817 seconds
[2019-12-09T03:22:12.083+0000][1][safepoint    ] Entering safepoint region: Cleanup
[2019-12-09T03:22:12.083+0000][1][safepoint    ] Leaving safepoint region
[2019-12-09T03:22:12.083+0000][1][safepoint    ] Total time for which application threads were stopped: 0.0420935 seconds, Stopping threads took: 0.0420315 seconds
[2019-12-09T03:22:12.317+0000][1][safepoint    ] Application time: 0.2341459 seconds
[2019-12-09T03:22:12.317+0000][1][safepoint    ] Entering safepoint region: GenCollectForAllocation
[2019-12-09T03:22:12.317+0000][1][gc,start     ] GC(2) Pause Young (Allocation Failure)
[2019-12-09T03:22:12.317+0000][1][gc,task      ] GC(2) Using 2 workers of 2 for evacuation
[2019-12-09T03:22:12.388+0000][1][gc,age       ] GC(2) Desired survivor size 4456448 bytes, new threshold 6 (max threshold 6)
[2019-12-09T03:22:12.388+0000][1][gc,age       ] GC(2) Age table with threshold 6 (max threshold 6)
[2019-12-09T03:22:12.388+0000][1][gc,age       ] GC(2) - age   1:    1115264 bytes,    1115264 total
[2019-12-09T03:22:12.388+0000][1][gc,age       ] GC(2) - age   2:     916896 bytes,    2032160 total
[2019-12-09T03:22:12.388+0000][1][gc,heap      ] GC(2) ParNew: 74259K->2350K(78656K)
[2019-12-09T03:22:12.388+0000][1][gc,heap      ] GC(2) CMS: 7051K->7051K(174784K)
[2019-12-09T03:22:12.388+0000][1][gc,metaspace ] GC(2) Metaspace: 14884K->14884K(1062912K)
[2019-12-09T03:22:12.388+0000][1][gc           ] GC(2) Pause Young (Allocation Failure) 79M->9M(247M) 70.524ms
[2019-12-09T03:22:12.388+0000][1][gc,cpu       ] GC(2) User=0.01s Sys=0.00s Real=0.07s
[2019-12-09T03:22:12.388+0000][1][safepoint    ] Leaving safepoint region
[2019-12-09T03:22:12.388+0000][1][safepoint    ] Total time for which application threads were stopped: 0.0706504 seconds, Stopping threads took: 0.0000133 seconds
[2019-12-09T03:22:12.389+0000][1][safepoint    ] Application time: 0.0012070 seconds
[2019-12-09T03:22:12.389+0000][1][safepoint    ] Entering safepoint region: RevokeBias
[2019-12-09T03:22:12.389+0000][1][safepoint    ] Leaving safepoint region
[2019-12-09T03:22:12.389+0000][1][safepoint    ] Total time for which application threads were stopped: 0.0001033 seconds, Stopping threads took: 0.0000504 seconds
[2019-12-09T03:22:12.389+0000][1][safepoint    ] Application time: 0.0000557 seconds
[2019-12-09T03:22:12.389+0000][1][safepoint    ] Entering safepoint region: RevokeBias
[2019-12-09T03:22:12.389+0000][1][safepoint    ] Leaving safepoint region
[2019-12-09T03:22:12.389+0000][1][safepoint    ] Total time for which application threads were stopped: 0.0000394 seconds, Stopping threads took: 0.0000090 seconds
[2019-12-09T03:22:12.389+0000][1][safepoint    ] Application time: 0.0000632 seconds
[2019-12-09T03:22:12.389+0000][1][safepoint    ] Entering safepoint region: RevokeBias
[2019-12-09T03:22:12.389+0000][1][safepoint    ] Leaving safepoint region
[2019-12-09T03:22:12.389+0000][1][safepoint    ] Total time for which application threads were stopped: 0.0000356 seconds, Stopping threads took: 0.0000086 seconds
[2019-12-09T03:22:12.389+0000][1][safepoint    ] Application time: 0.0000532 seconds
[2019-12-09T03:22:12.389+0000][1][safepoint    ] Entering safepoint region: RevokeBias
[2019-12-09T03:22:12.389+0000][1][safepoint    ] Leaving safepoint region
[2019-12-09T03:22:12.389+0000][1][safepoint    ] Total time for which application threads were stopped: 0.0000446 seconds, Stopping threads took: 0.0000080 seconds
[2019-12-09T03:22:12.389+0000][1][safepoint    ] Application time: 0.0000498 seconds
[2019-12-09T03:22:12.389+0000][1][safepoint    ] Entering safepoint region: RevokeBias
[2019-12-09T03:22:12.389+0000][1][safepoint    ] Leaving safepoint region
[2019-12-09T03:22:12.389+0000][1][safepoint    ] Total time for which application threads were stopped: 0.0000306 seconds, Stopping threads took: 0.0000073 seconds
[2019-12-09T03:22:12.390+0000][1][safepoint    ] Application time: 0.0000448 seconds
[2019-12-09T03:22:12.390+0000][1][safepoint    ] Entering safepoint region: RevokeBias
[2019-12-09T03:22:12.390+0000][1][safepoint    ] Leaving safepoint region
[2019-12-09T03:22:12.390+0000][1][safepoint    ] Total time for which application threads were stopped: 0.0000309 seconds, Stopping threads took: 0.0000071 seconds
[2019-12-09T03:22:12.390+0000][1][safepoint    ] Application time: 0.0000492 seconds
[2019-12-09T03:22:12.390+0000][1][safepoint    ] Entering safepoint region: RevokeBias
[2019-12-09T03:22:12.390+0000][1][safepoint    ] Leaving safepoint region
[2019-12-09T03:22:12.390+0000][1][safepoint    ] Total time for which application threads were stopped: 0.0000310 seconds, Stopping threads took: 0.0000072 seconds
[2019-12-09T03:22:12.390+0000][1][safepoint    ] Application time: 0.0000571 seconds
[2019-12-09T03:22:12.390+0000][1][safepoint    ] Entering safepoint region: RevokeBias
[2019-12-09T03:22:12.390+0000][1][safepoint    ] Leaving safepoint region
[2019-12-09T03:22:12.390+0000][1][safepoint    ] Total time for which application threads were stopped: 0.0000345 seconds, Stopping threads took: 0.0000080 seconds
[2019-12-09T03:22:12.390+0000][1][safepoint    ] Application time: 0.0000506 seconds
[2019-12-09T03:22:12.390+0000][1][safepoint    ] Entering safepoint region: RevokeBias
[2019-12-09T03:22:12.390+0000][1][safepoint    ] Leaving safepoint region
[2019-12-09T03:22:12.390+0000][1][safepoint    ] Total time for which application threads were stopped: 0.0000312 seconds, Stopping threads took: 0.0000073 seconds
[2019-12-09T03:22:12.390+0000][1][safepoint    ] Application time: 0.0000450 seconds
[2019-12-09T03:22:12.390+0000][1][safepoint    ] Entering safepoint region: RevokeBias
[2019-12-09T03:22:12.390+0000][1][safepoint    ] Leaving safepoint region
[2019-12-09T03:22:12.390+0000][1][safepoint    ] Total time for which application threads were stopped: 0.0000305 seconds, Stopping threads took: 0.0000069 seconds
[2019-12-09T03:22:12.390+0000][1][safepoint    ] Application time: 0.0000485 seconds
[2019-12-09T03:22:12.390+0000][1][safepoint    ] Entering safepoint region: RevokeBias
[2019-12-09T03:22:12.390+0000][1][safepoint    ] Leaving safepoint region
[2019-12-09T03:22:12.390+0000][1][safepoint    ] Total time for which application threads were stopped: 0.0000369 seconds, Stopping threads took: 0.0000130 seconds
[2019-12-09T03:22:12.390+0000][1][safepoint    ] Application time: 0.0000441 seconds
[2019-12-09T03:22:12.390+0000][1][safepoint    ] Entering safepoint region: RevokeBias
[2019-12-09T03:22:12.390+0000][1][safepoint    ] Leaving safepoint region
[2019-12-09T03:22:12.390+0000][1][safepoint    ] Total time for which application threads were stopped: 0.0000314 seconds, Stopping threads took: 0.0000072 seconds
[2019-12-09T03:22:12.390+0000][1][safepoint    ] Application time: 0.0000486 seconds
[2019-12-09T03:22:12.390+0000][1][safepoint    ] Entering safepoint region: RevokeBias
[2019-12-09T03:22:12.390+0000][1][safepoint    ] Leaving safepoint region
[2019-12-09T03:22:12.390+0000][1][safepoint    ] Total time for which application threads were stopped: 0.0000297 seconds, Stopping threads took: 0.0000068 seconds
[2019-12-09T03:22:12.390+0000][1][safepoint    ] Application time: 0.0000445 seconds
[2019-12-09T03:22:12.390+0000][1][safepoint    ] Entering safepoint region: RevokeBias
[2019-12-09T03:22:12.390+0000][1][safepoint    ] Leaving safepoint region
[2019-12-09T03:22:12.390+0000][1][safepoint    ] Total time for which application threads were stopped: 0.0000300 seconds, Stopping threads took: 0.0000072 seconds
[2019-12-09T03:22:12.390+0000][1][safepoint    ] Application time: 0.0000489 seconds
[2019-12-09T03:22:12.390+0000][1][safepoint    ] Entering safepoint region: RevokeBias
[2019-12-09T03:22:12.390+0000][1][safepoint    ] Leaving safepoint region
[2019-12-09T03:22:12.390+0000][1][safepoint    ] Total time for which application threads were stopped: 0.0000310 seconds, Stopping threads took: 0.0000070 seconds
[2019-12-09T03:22:12.390+0000][1][safepoint    ] Application time: 0.0000435 seconds
[2019-12-09T03:22:12.390+0000][1][safepoint    ] Entering safepoint region: RevokeBias
[2019-12-09T03:22:12.390+0000][1][safepoint    ] Leaving safepoint region
[2019-12-09T03:22:12.390+0000][1][safepoint    ] Total time for which application threads were stopped: 0.0000288 seconds, Stopping threads took: 0.0000066 seconds
[2019-12-09T03:22:12.391+0000][1][safepoint    ] Application time: 0.0000480 seconds
[2019-12-09T03:22:12.391+0000][1][safepoint    ] Entering safepoint region: RevokeBias
[2019-12-09T03:22:12.391+0000][1][safepoint    ] Leaving safepoint region
[2019-12-09T03:22:12.391+0000][1][safepoint    ] Total time for which application threads were stopped: 0.0000293 seconds, Stopping threads took: 0.0000071 seconds
[2019-12-09T03:22:12.391+0000][1][safepoint    ] Application time: 0.0000437 seconds
[2019-12-09T03:22:12.391+0000][1][safepoint    ] Entering safepoint region: RevokeBias
[2019-12-09T03:22:12.391+0000][1][safepoint    ] Leaving safepoint region
[2019-12-09T03:22:12.391+0000][1][safepoint    ] Total time for which application threads were stopped: 0.0000288 seconds, Stopping threads took: 0.0000067 seconds
[2019-12-09T03:22:13.150+0000][1][safepoint    ] Application time: 0.7597405 seconds
[2019-12-09T03:22:13.150+0000][1][safepoint    ] Entering safepoint region: Deoptimize
[2019-12-09T03:22:13.151+0000][1][safepoint    ] Leaving safepoint region
[2019-12-09T03:22:13.151+0000][1][safepoint    ] Total time for which application threads were stopped: 0.0004315 seconds, Stopping threads took: 0.0000151 seconds
[2019-12-09T03:22:13.151+0000][1][safepoint    ] Application time: 0.0005346 seconds
[2019-12-09T03:22:13.151+0000][1][safepoint    ] Entering safepoint region: Deoptimize
[2019-12-09T03:22:13.152+0000][1][safepoint    ] Leaving safepoint region
[2019-12-09T03:22:13.152+0000][1][safepoint    ] Total time for which application threads were stopped: 0.0003327 seconds, Stopping threads took: 0.0000118 seconds
[2019-12-09T03:22:14.153+0000][1][safepoint    ] Application time: 1.0009210 seconds
[2019-12-09T03:22:14.186+0000][1][safepoint    ] Entering safepoint region: Cleanup
[2019-12-09T03:22:14.186+0000][1][safepoint    ] Leaving safepoint region
[2019-12-09T03:22:14.186+0000][1][safepoint    ] Total time for which application threads were stopped: 0.0336380 seconds, Stopping threads took: 0.0335635 seconds
[2019-12-09T03:22:15.189+0000][1][safepoint    ] Application time: 1.0023161 seconds
[2019-12-09T03:22:15.340+0000][1][safepoint    ] Entering safepoint region: Cleanup
[2019-12-09T03:22:15.340+0000][1][safepoint    ] Leaving safepoint region
[2019-12-09T03:22:15.340+0000][1][safepoint    ] Total time for which application threads were stopped: 0.1510856 seconds, Stopping threads took: 0.1509965 seconds
[2019-12-09T03:22:15.610+0000][1][safepoint    ] Application time: 0.2698656 seconds
[2019-12-09T03:22:15.610+0000][1][safepoint    ] Entering safepoint region: GenCollectForAllocation
[2019-12-09T03:22:15.610+0000][1][gc,start     ] GC(3) Pause Young (Allocation Failure)
[2019-12-09T03:22:15.610+0000][1][gc,task      ] GC(3) Using 2 workers of 2 for evacuation
[2019-12-09T03:22:15.736+0000][1][gc,age       ] GC(3) Desired survivor size 4456448 bytes, new threshold 3 (max threshold 6)
[2019-12-09T03:22:15.736+0000][1][gc,age       ] GC(3) Age table with threshold 3 (max threshold 6)
[2019-12-09T03:22:15.736+0000][1][gc,age       ] GC(3) - age   1:    3221624 bytes,    3221624 total
[2019-12-09T03:22:15.736+0000][1][gc,age       ] GC(3) - age   2:    1080648 bytes,    4302272 total
[2019-12-09T03:22:15.736+0000][1][gc,age       ] GC(3) - age   3:     914592 bytes,    5216864 total
[2019-12-09T03:22:15.736+0000][1][gc,heap      ] GC(3) ParNew: 72302K->6224K(78656K)
[2019-12-09T03:22:15.736+0000][1][gc,heap      ] GC(3) CMS: 7051K->7051K(174784K)
[2019-12-09T03:22:15.736+0000][1][gc,metaspace ] GC(3) Metaspace: 18329K->18329K(1067008K)
[2019-12-09T03:22:15.736+0000][1][gc           ] GC(3) Pause Young (Allocation Failure) 77M->12M(247M) 126.221ms
[2019-12-09T03:22:15.736+0000][1][gc,cpu       ] GC(3) User=0.03s Sys=0.00s Real=0.13s
[2019-12-09T03:22:15.736+0000][1][safepoint    ] Leaving safepoint region
[2019-12-09T03:22:15.736+0000][1][safepoint    ] Total time for which application threads were stopped: 0.1263533 seconds, Stopping threads took: 0.0000121 seconds
[2019-12-09T03:22:15.739+0000][1][safepoint    ] Application time: 0.0026370 seconds
[2019-12-09T03:22:15.739+0000][1][safepoint    ] Entering safepoint region: BulkRevokeBias
[2019-12-09T03:22:15.739+0000][1][safepoint    ] Leaving safepoint region
[2019-12-09T03:22:15.739+0000][1][safepoint    ] Total time for which application threads were stopped: 0.0003304 seconds, Stopping threads took: 0.0001987 seconds
[2019-12-09T03:22:15.740+0000][1][safepoint    ] Application time: 0.0006997 seconds
[2019-12-09T03:22:15.740+0000][1][safepoint    ] Entering safepoint region: RevokeBias
[2019-12-09T03:22:15.740+0000][1][safepoint    ] Leaving safepoint region
[2019-12-09T03:22:15.740+0000][1][safepoint    ] Total time for which application threads were stopped: 0.0000564 seconds, Stopping threads took: 0.0000095 seconds
[2019-12-09T03:22:15.742+0000][1][safepoint    ] Application time: 0.0018147 seconds
[2019-12-09T03:22:15.742+0000][1][safepoint    ] Entering safepoint region: RevokeBias
[2019-12-09T03:22:15.742+0000][1][safepoint    ] Leaving safepoint region
[2019-12-09T03:22:15.742+0000][1][safepoint    ] Total time for which application threads were stopped: 0.0001054 seconds, Stopping threads took: 0.0000554 seconds
[2019-12-09T03:22:15.742+0000][1][safepoint    ] Application time: 0.0000625 seconds
[2019-12-09T03:22:15.742+0000][1][safepoint    ] Entering safepoint region: RevokeBias
[2019-12-09T03:22:15.742+0000][1][safepoint    ] Leaving safepoint region
[2019-12-09T03:22:15.742+0000][1][safepoint    ] Total time for which application threads were stopped: 0.0000467 seconds, Stopping threads took: 0.0000085 seconds
[2019-12-09T03:22:15.742+0000][1][safepoint    ] Application time: 0.0000734 seconds
[2019-12-09T03:22:15.742+0000][1][safepoint    ] Entering safepoint region: RevokeBias
[2019-12-09T03:22:15.742+0000][1][safepoint    ] Leaving safepoint region
[2019-12-09T03:22:15.742+0000][1][safepoint    ] Total time for which application threads were stopped: 0.0000471 seconds, Stopping threads took: 0.0000152 seconds
[2019-12-09T03:22:15.742+0000][1][safepoint    ] Application time: 0.0000437 seconds
[2019-12-09T03:22:15.742+0000][1][safepoint    ] Entering safepoint region: RevokeBias
[2019-12-09T03:22:15.742+0000][1][safepoint    ] Leaving safepoint region
[2019-12-09T03:22:15.742+0000][1][safepoint    ] Total time for which application threads were stopped: 0.0000395 seconds, Stopping threads took: 0.0000069 seconds
[2019-12-09T03:22:16.569+0000][1][safepoint    ] Application time: 0.8263109 seconds
[2019-12-09T03:22:16.569+0000][1][safepoint    ] Entering safepoint region: GenCollectForAllocation
[2019-12-09T03:22:16.569+0000][1][gc,start     ] GC(4) Pause Young (Allocation Failure)
[2019-12-09T03:22:16.569+0000][1][gc,task      ] GC(4) Using 2 workers of 2 for evacuation
[2019-12-09T03:22:16.756+0000][1][gc,age       ] GC(4) Desired survivor size 4456448 bytes, new threshold 2 (max threshold 6)
[2019-12-09T03:22:16.756+0000][1][gc,age       ] GC(4) Age table with threshold 2 (max threshold 6)
[2019-12-09T03:22:16.756+0000][1][gc,age       ] GC(4) - age   1:    2063896 bytes,    2063896 total
[2019-12-09T03:22:16.756+0000][1][gc,age       ] GC(4) - age   2:    2656424 bytes,    4720320 total
[2019-12-09T03:22:16.756+0000][1][gc,age       ] GC(4) - age   3:    1080648 bytes,    5800968 total
[2019-12-09T03:22:16.756+0000][1][gc,heap      ] GC(4) ParNew: 76176K->7533K(78656K)
[2019-12-09T03:22:16.756+0000][1][gc,heap      ] GC(4) CMS: 7051K->7958K(174784K)
[2019-12-09T03:22:16.756+0000][1][gc,metaspace ] GC(4) Metaspace: 18551K->18551K(1067008K)
[2019-12-09T03:22:16.757+0000][1][gc           ] GC(4) Pause Young (Allocation Failure) 81M->15M(247M) 187.888ms
[2019-12-09T03:22:16.757+0000][1][gc,cpu       ] GC(4) User=0.04s Sys=0.00s Real=0.19s
[2019-12-09T03:22:16.757+0000][1][safepoint    ] Leaving safepoint region
[2019-12-09T03:22:16.757+0000][1][safepoint    ] Total time for which application threads were stopped: 0.1880247 seconds, Stopping threads took: 0.0000132 seconds
[2019-12-09T03:22:16.758+0000][1][safepoint    ] Application time: 0.0013179 seconds
[2019-12-09T03:22:16.782+0000][1][safepoint    ] Entering safepoint region: RevokeBias
[2019-12-09T03:22:16.782+0000][1][safepoint    ] Leaving safepoint region
[2019-12-09T03:22:16.782+0000][1][safepoint    ] Total time for which application threads were stopped: 0.0239551 seconds, Stopping threads took: 0.0238796 seconds
[2019-12-09T03:22:16.782+0000][1][safepoint    ] Application time: 0.0000616 seconds
[2019-12-09T03:22:16.782+0000][1][safepoint    ] Entering safepoint region: RevokeBias
[2019-12-09T03:22:16.782+0000][1][safepoint    ] Leaving safepoint region
[2019-12-09T03:22:16.782+0000][1][safepoint    ] Total time for which application threads were stopped: 0.0000389 seconds, Stopping threads took: 0.0000075 seconds
[2019-12-09T03:22:16.782+0000][1][safepoint    ] Application time: 0.0000539 seconds
[2019-12-09T03:22:16.782+0000][1][safepoint    ] Entering safepoint region: RevokeBias
[2019-12-09T03:22:16.782+0000][1][safepoint    ] Leaving safepoint region
[2019-12-09T03:22:16.782+0000][1][safepoint    ] Total time for which application threads were stopped: 0.0000353 seconds, Stopping threads took: 0.0000067 seconds
[2019-12-09T03:22:16.782+0000][1][safepoint    ] Application time: 0.0000416 seconds
[2019-12-09T03:22:16.782+0000][1][safepoint    ] Entering safepoint region: RevokeBias
[2019-12-09T03:22:16.782+0000][1][safepoint    ] Leaving safepoint region
[2019-12-09T03:22:16.782+0000][1][safepoint    ] Total time for which application threads were stopped: 0.0000312 seconds, Stopping threads took: 0.0000061 seconds
[2019-12-09T03:22:16.801+0000][1][safepoint    ] Application time: 0.0192287 seconds
[2019-12-09T03:22:16.801+0000][1][safepoint    ] Entering safepoint region: Deoptimize
[2019-12-09T03:22:16.802+0000][1][safepoint    ] Leaving safepoint region
[2019-12-09T03:22:16.802+0000][1][safepoint    ] Total time for which application threads were stopped: 0.0003870 seconds, Stopping threads took: 0.0000124 seconds
[2019-12-09T03:22:17.213+0000][1][safepoint    ] Application time: 0.4107656 seconds
[2019-12-09T03:22:17.213+0000][1][safepoint    ] Entering safepoint region: Deoptimize
[2019-12-09T03:22:17.213+0000][1][safepoint    ] Leaving safepoint region
[2019-12-09T03:22:17.213+0000][1][safepoint    ] Total time for which application threads were stopped: 0.0004749 seconds, Stopping threads took: 0.0000127 seconds
[2019-12-09T03:22:17.245+0000][1][safepoint    ] Application time: 0.0322380 seconds
[2019-12-09T03:22:17.245+0000][1][safepoint    ] Entering safepoint region: RevokeBias
[2019-12-09T03:22:17.245+0000][1][safepoint    ] Leaving safepoint region
[2019-12-09T03:22:17.245+0000][1][safepoint    ] Total time for which application threads were stopped: 0.0000967 seconds, Stopping threads took: 0.0000129 seconds
[2019-12-09T03:22:17.859+0000][1][safepoint    ] Application time: 0.6139108 seconds
[2019-12-09T03:22:17.859+0000][1][safepoint    ] Entering safepoint region: RevokeBias
[2019-12-09T03:22:17.860+0000][1][safepoint    ] Leaving safepoint region
[2019-12-09T03:22:17.860+0000][1][safepoint    ] Total time for which application threads were stopped: 0.0000974 seconds, Stopping threads took: 0.0000142 seconds
[2019-12-09T03:22:17.860+0000][1][safepoint    ] Application time: 0.0004288 seconds
[2019-12-09T03:22:17.860+0000][1][safepoint    ] Entering safepoint region: RevokeBias
[2019-12-09T03:22:17.860+0000][1][safepoint    ] Leaving safepoint region
[2019-12-09T03:22:17.860+0000][1][safepoint    ] Total time for which application threads were stopped: 0.0000554 seconds, Stopping threads took: 0.0000119 seconds
[2019-12-09T03:22:17.861+0000][1][safepoint    ] Application time: 0.0006467 seconds
[2019-12-09T03:22:17.861+0000][1][safepoint    ] Entering safepoint region: RevokeBias
[2019-12-09T03:22:17.861+0000][1][safepoint    ] Leaving safepoint region
[2019-12-09T03:22:17.861+0000][1][safepoint    ] Total time for which application threads were stopped: 0.0000953 seconds, Stopping threads took: 0.0000571 seconds
[2019-12-09T03:22:18.237+0000][1][safepoint    ] Application time: 0.3758974 seconds
[2019-12-09T03:22:18.237+0000][1][safepoint    ] Entering safepoint region: GenCollectForAllocation
[2019-12-09T03:22:18.237+0000][1][gc,start     ] GC(5) Pause Young (Allocation Failure)
[2019-12-09T03:22:18.237+0000][1][gc,task      ] GC(5) Using 2 workers of 2 for evacuation
[2019-12-09T03:22:18.397+0000][1][gc,age       ] GC(5) Desired survivor size 4456448 bytes, new threshold 6 (max threshold 6)
[2019-12-09T03:22:18.397+0000][1][gc,age       ] GC(5) Age table with threshold 6 (max threshold 6)
[2019-12-09T03:22:18.397+0000][1][gc,age       ] GC(5) - age   1:    3009320 bytes,    3009320 total
[2019-12-09T03:22:18.397+0000][1][gc,age       ] GC(5) - age   2:     442360 bytes,    3451680 total
[2019-12-09T03:22:18.397+0000][1][gc,heap      ] GC(5) ParNew: 77485K->5190K(78656K)
[2019-12-09T03:22:18.397+0000][1][gc,heap      ] GC(5) CMS: 7958K->11637K(174784K)
[2019-12-09T03:22:18.397+0000][1][gc,metaspace ] GC(5) Metaspace: 18888K->18888K(1067008K)
[2019-12-09T03:22:18.397+0000][1][gc           ] GC(5) Pause Young (Allocation Failure) 83M->16M(247M) 160.172ms
[2019-12-09T03:22:18.397+0000][1][gc,cpu       ] GC(5) User=0.02s Sys=0.00s Real=0.16s
[2019-12-09T03:22:18.397+0000][1][safepoint    ] Leaving safepoint region
[2019-12-09T03:22:18.397+0000][1][safepoint    ] Total time for which application threads were stopped: 0.1603079 seconds, Stopping threads took: 0.0000149 seconds
[2019-12-09T03:22:18.400+0000][1][safepoint    ] Application time: 0.0027242 seconds
[2019-12-09T03:22:18.400+0000][1][safepoint    ] Entering safepoint region: RevokeBias
[2019-12-09T03:22:18.400+0000][1][safepoint    ] Leaving safepoint region
[2019-12-09T03:22:18.400+0000][1][safepoint    ] Total time for which application threads were stopped: 0.0001116 seconds, Stopping threads took: 0.0000473 seconds
[2019-12-09T03:22:18.400+0000][1][safepoint    ] Application time: 0.0000651 seconds
[2019-12-09T03:22:18.400+0000][1][safepoint    ] Entering safepoint region: RevokeBias
[2019-12-09T03:22:18.400+0000][1][safepoint    ] Leaving safepoint region
[2019-12-09T03:22:18.400+0000][1][safepoint    ] Total time for which application threads were stopped: 0.0000492 seconds, Stopping threads took: 0.0000087 seconds
[2019-12-09T03:22:18.400+0000][1][safepoint    ] Application time: 0.0000641 seconds
[2019-12-09T03:22:18.400+0000][1][safepoint    ] Entering safepoint region: RevokeBias
[2019-12-09T03:22:18.400+0000][1][safepoint    ] Leaving safepoint region
[2019-12-09T03:22:18.400+0000][1][safepoint    ] Total time for which application threads were stopped: 0.0000450 seconds, Stopping threads took: 0.0000082 seconds
[2019-12-09T03:22:18.400+0000][1][safepoint    ] Application time: 0.0000517 seconds
[2019-12-09T03:22:18.400+0000][1][safepoint    ] Entering safepoint region: RevokeBias
[2019-12-09T03:22:18.400+0000][1][safepoint    ] Leaving safepoint region
[2019-12-09T03:22:18.400+0000][1][safepoint    ] Total time for which application threads were stopped: 0.0000447 seconds, Stopping threads took: 0.0000078 seconds
[2019-12-09T03:22:18.400+0000][1][safepoint    ] Application time: 0.0000534 seconds
[2019-12-09T03:22:18.400+0000][1][safepoint    ] Entering safepoint region: RevokeBias
[2019-12-09T03:22:18.400+0000][1][safepoint    ] Leaving safepoint region
[2019-12-09T03:22:18.400+0000][1][safepoint    ] Total time for which application threads were stopped: 0.0000449 seconds, Stopping threads took: 0.0000081 seconds
[2019-12-09T03:22:18.401+0000][1][safepoint    ] Application time: 0.0000497 seconds
[2019-12-09T03:22:18.401+0000][1][safepoint    ] Entering safepoint region: RevokeBias
[2019-12-09T03:22:18.401+0000][1][safepoint    ] Leaving safepoint region
[2019-12-09T03:22:18.401+0000][1][safepoint    ] Total time for which application threads were stopped: 0.0000459 seconds, Stopping threads took: 0.0000084 seconds
[2019-12-09T03:22:19.117+0000][1][safepoint    ] Application time: 0.7159997 seconds
[2019-12-09T03:22:19.117+0000][1][safepoint    ] Entering safepoint region: RevokeBias
[2019-12-09T03:22:19.117+0000][1][safepoint    ] Leaving safepoint region
[2019-12-09T03:22:19.117+0000][1][safepoint    ] Total time for which application threads were stopped: 0.0000965 seconds, Stopping threads took: 0.0000141 seconds
[2019-12-09T03:22:19.117+0000][1][safepoint    ] Application time: 0.0002138 seconds
[2019-12-09T03:22:19.117+0000][1][safepoint    ] Entering safepoint region: RevokeBias
[2019-12-09T03:22:19.117+0000][1][safepoint    ] Leaving safepoint region
[2019-12-09T03:22:19.117+0000][1][safepoint    ] Total time for which application threads were stopped: 0.0000467 seconds, Stopping threads took: 0.0000101 seconds
[2019-12-09T03:22:19.502+0000][1][safepoint    ] Application time: 0.3847174 seconds
[2019-12-09T03:22:19.502+0000][1][safepoint    ] Entering safepoint region: GenCollectForAllocation
[2019-12-09T03:22:19.502+0000][1][gc,start     ] GC(6) Pause Young (Allocation Failure)
[2019-12-09T03:22:19.502+0000][1][gc,task      ] GC(6) Using 2 workers of 2 for evacuation
[2019-12-09T03:22:19.529+0000][1][gc,age       ] GC(6) Desired survivor size 4456448 bytes, new threshold 6 (max threshold 6)
[2019-12-09T03:22:19.529+0000][1][gc,age       ] GC(6) Age table with threshold 6 (max threshold 6)
[2019-12-09T03:22:19.529+0000][1][gc,age       ] GC(6) - age   1:    1675208 bytes,    1675208 total
[2019-12-09T03:22:19.529+0000][1][gc,age       ] GC(6) - age   2:    2191320 bytes,    3866528 total
[2019-12-09T03:22:19.529+0000][1][gc,age       ] GC(6) - age   3:     442360 bytes,    4308888 total
[2019-12-09T03:22:19.529+0000][1][gc,heap      ] GC(6) ParNew: 75142K->5738K(78656K)
[2019-12-09T03:22:19.529+0000][1][gc,heap      ] GC(6) CMS: 11637K->11637K(174784K)
[2019-12-09T03:22:19.529+0000][1][gc,metaspace ] GC(6) Metaspace: 19191K->19191K(1067008K)
[2019-12-09T03:22:19.529+0000][1][gc           ] GC(6) Pause Young (Allocation Failure) 84M->16M(247M) 27.153ms
[2019-12-09T03:22:19.529+0000][1][gc,cpu       ] GC(6) User=0.02s Sys=0.00s Real=0.03s
[2019-12-09T03:22:19.529+0000][1][safepoint    ] Leaving safepoint region
[2019-12-09T03:22:19.529+0000][1][safepoint    ] Total time for which application threads were stopped: 0.0272825 seconds, Stopping threads took: 0.0000138 seconds
[2019-12-09T03:22:19.544+0000][1][safepoint    ] Application time: 0.0147680 seconds
[2019-12-09T03:22:19.552+0000][1][safepoint    ] Entering safepoint region: RevokeBias
[2019-12-09T03:22:19.552+0000][1][safepoint    ] Leaving safepoint region
[2019-12-09T03:22:19.552+0000][1][safepoint    ] Total time for which application threads were stopped: 0.0082608 seconds, Stopping threads took: 0.0081967 seconds
[2019-12-09T03:22:19.552+0000][1][safepoint    ] Application time: 0.0000667 seconds
[2019-12-09T03:22:19.552+0000][1][safepoint    ] Entering safepoint region: RevokeBias
[2019-12-09T03:22:19.552+0000][1][safepoint    ] Leaving safepoint region
[2019-12-09T03:22:19.552+0000][1][safepoint    ] Total time for which application threads were stopped: 0.0000479 seconds, Stopping threads took: 0.0000081 seconds
[2019-12-09T03:22:19.552+0000][1][safepoint    ] Application time: 0.0000586 seconds
[2019-12-09T03:22:19.552+0000][1][safepoint    ] Entering safepoint region: BulkRevokeBias
[2019-12-09T03:22:19.552+0000][1][safepoint    ] Leaving safepoint region
[2019-12-09T03:22:19.552+0000][1][safepoint    ] Total time for which application threads were stopped: 0.0000842 seconds, Stopping threads took: 0.0000086 seconds
[2019-12-09T03:22:19.552+0000][1][safepoint    ] Application time: 0.0000435 seconds
[2019-12-09T03:22:19.552+0000][1][safepoint    ] Entering safepoint region: BulkRevokeBias
[2019-12-09T03:22:19.552+0000][1][safepoint    ] Leaving safepoint region
[2019-12-09T03:22:19.552+0000][1][safepoint    ] Total time for which application threads were stopped: 0.0000567 seconds, Stopping threads took: 0.0000071 seconds
[2019-12-09T03:22:20.474+0000][1][safepoint    ] Application time: 0.9218534 seconds
[2019-12-09T03:22:20.474+0000][1][safepoint    ] Entering safepoint region: GenCollectForAllocation
[2019-12-09T03:22:20.474+0000][1][gc,start     ] GC(7) Pause Young (Allocation Failure)
[2019-12-09T03:22:20.474+0000][1][gc,task      ] GC(7) Using 2 workers of 2 for evacuation
[2019-12-09T03:22:20.572+0000][1][gc,age       ] GC(7) Desired survivor size 4456448 bytes, new threshold 6 (max threshold 6)
[2019-12-09T03:22:20.572+0000][1][gc,age       ] GC(7) Age table with threshold 6 (max threshold 6)
[2019-12-09T03:22:20.572+0000][1][gc,age       ] GC(7) - age   1:     553216 bytes,     553216 total
[2019-12-09T03:22:20.572+0000][1][gc,age       ] GC(7) - age   2:    1128640 bytes,    1681856 total
[2019-12-09T03:22:20.572+0000][1][gc,age       ] GC(7) - age   3:    2191240 bytes,    3873096 total
[2019-12-09T03:22:20.572+0000][1][gc,age       ] GC(7) - age   4:     442360 bytes,    4315456 total
[2019-12-09T03:22:20.572+0000][1][gc,heap      ] GC(7) ParNew: 75690K->6168K(78656K)
[2019-12-09T03:22:20.572+0000][1][gc,heap      ] GC(7) CMS: 11637K->11637K(174784K)
[2019-12-09T03:22:20.572+0000][1][gc,metaspace ] GC(7) Metaspace: 19477K->19477K(1067008K)
[2019-12-09T03:22:20.572+0000][1][gc           ] GC(7) Pause Young (Allocation Failure) 85M->17M(247M) 97.792ms
[2019-12-09T03:22:20.572+0000][1][gc,cpu       ] GC(7) User=0.02s Sys=0.00s Real=0.10s
[2019-12-09T03:22:20.572+0000][1][safepoint    ] Leaving safepoint region
[2019-12-09T03:22:20.572+0000][1][safepoint    ] Total time for which application threads were stopped: 0.0979258 seconds, Stopping threads took: 0.0000131 seconds
[2019-12-09T03:22:21.186+0000][1][safepoint    ] Application time: 0.6135175 seconds
[2019-12-09T03:22:21.186+0000][1][safepoint    ] Entering safepoint region: CollectForMetadataAllocation
[2019-12-09T03:22:21.186+0000][1][safepoint    ] Leaving safepoint region
[2019-12-09T03:22:21.186+0000][1][safepoint    ] Total time for which application threads were stopped: 0.0002495 seconds, Stopping threads took: 0.0000134 seconds
[2019-12-09T03:22:22.113+0000][1][safepoint    ] Application time: 0.9270275 seconds
[2019-12-09T03:22:22.113+0000][1][safepoint    ] Entering safepoint region: GenCollectForAllocation
[2019-12-09T03:22:22.113+0000][1][gc,start     ] GC(8) Pause Young (Allocation Failure)
[2019-12-09T03:22:22.113+0000][1][gc,task      ] GC(8) Using 2 workers of 2 for evacuation
[2019-12-09T03:22:22.180+0000][1][gc,age       ] GC(8) Desired survivor size 4456448 bytes, new threshold 4 (max threshold 6)
[2019-12-09T03:22:22.180+0000][1][gc,age       ] GC(8) Age table with threshold 4 (max threshold 6)
[2019-12-09T03:22:22.180+0000][1][gc,age       ] GC(8) - age   1:    1162720 bytes,    1162720 total
[2019-12-09T03:22:22.180+0000][1][gc,age       ] GC(8) - age   2:     387752 bytes,    1550472 total
[2019-12-09T03:22:22.180+0000][1][gc,age       ] GC(8) - age   3:    1128496 bytes,    2678968 total
[2019-12-09T03:22:22.180+0000][1][gc,age       ] GC(8) - age   4:    2189024 bytes,    4867992 total
[2019-12-09T03:22:22.180+0000][1][gc,age       ] GC(8) - age   5:     442360 bytes,    5310352 total
[2019-12-09T03:22:22.180+0000][1][gc,heap      ] GC(8) ParNew: 76120K->8377K(78656K)
[2019-12-09T03:22:22.180+0000][1][gc,heap      ] GC(8) CMS: 11637K->11637K(174784K)
[2019-12-09T03:22:22.180+0000][1][gc,metaspace ] GC(8) Metaspace: 20268K->20268K(1069056K)
[2019-12-09T03:22:22.180+0000][1][gc           ] GC(8) Pause Young (Allocation Failure) 85M->19M(247M) 66.747ms
[2019-12-09T03:22:22.180+0000][1][gc,cpu       ] GC(8) User=0.01s Sys=0.00s Real=0.07s
[2019-12-09T03:22:22.180+0000][1][safepoint    ] Leaving safepoint region
[2019-12-09T03:22:22.180+0000][1][safepoint    ] Total time for which application threads were stopped: 0.0668868 seconds, Stopping threads took: 0.0000148 seconds
[2019-12-09T03:22:22.200+0000][1][safepoint    ] Application time: 0.0197204 seconds
[2019-12-09T03:22:22.256+0000][1][safepoint    ] Entering safepoint region: CMS_Initial_Mark
[2019-12-09T03:22:22.256+0000][1][gc,start     ] GC(9) Pause Initial Mark
[2019-12-09T03:22:22.259+0000][1][gc           ] GC(9) Pause Initial Mark 22M->22M(247M) 2.815ms
[2019-12-09T03:22:22.259+0000][1][gc,cpu       ] GC(9) User=0.00s Sys=0.00s Real=0.00s
[2019-12-09T03:22:22.259+0000][1][safepoint    ] Leaving safepoint region
[2019-12-09T03:22:22.259+0000][1][safepoint    ] Total time for which application threads were stopped: 0.0588552 seconds, Stopping threads took: 0.0559420 seconds
[2019-12-09T03:22:22.259+0000][1][gc           ] GC(9) Concurrent Mark
[2019-12-09T03:22:22.395+0000][1][gc           ] GC(9) Concurrent Mark 135.845ms
[2019-12-09T03:22:22.395+0000][1][gc,cpu       ] GC(9) User=0.03s Sys=0.00s Real=0.13s
[2019-12-09T03:22:22.395+0000][1][gc           ] GC(9) Concurrent Preclean
[2019-12-09T03:22:22.403+0000][1][gc           ] GC(9) Concurrent Preclean 8.481ms
[2019-12-09T03:22:22.403+0000][1][gc,cpu       ] GC(9) User=0.00s Sys=0.00s Real=0.01s
[2019-12-09T03:22:22.403+0000][1][gc           ] GC(9) Concurrent Abortable Preclean
[2019-12-09T03:22:23.320+0000][1][safepoint    ] Application time: 1.0610565 seconds
[2019-12-09T03:22:23.341+0000][1][safepoint    ] Entering safepoint region: Cleanup
[2019-12-09T03:22:23.341+0000][1][safepoint    ] Leaving safepoint region
[2019-12-09T03:22:23.341+0000][1][safepoint    ] Total time for which application threads were stopped: 0.0215845 seconds, Stopping threads took: 0.0215437 seconds
[2019-12-09T03:22:23.436+0000][1][safepoint    ] Application time: 0.0942212 seconds
[2019-12-09T03:22:23.436+0000][1][safepoint    ] Entering safepoint region: GenCollectForAllocation
[2019-12-09T03:22:23.436+0000][1][gc,start     ] GC(10) Pause Young (Allocation Failure)
[2019-12-09T03:22:23.436+0000][1][gc,task      ] GC(10) Using 2 workers of 2 for evacuation
[2019-12-09T03:22:23.598+0000][1][gc,age       ] GC(10) Desired survivor size 4456448 bytes, new threshold 6 (max threshold 6)
[2019-12-09T03:22:23.598+0000][1][gc,age       ] GC(10) Age table with threshold 6 (max threshold 6)
[2019-12-09T03:22:23.598+0000][1][gc,age       ] GC(10) - age   1:    1607632 bytes,    1607632 total
[2019-12-09T03:22:23.598+0000][1][gc,age       ] GC(10) - age   2:     623432 bytes,    2231064 total
[2019-12-09T03:22:23.598+0000][1][gc,age       ] GC(10) - age   3:     387632 bytes,    2618696 total
[2019-12-09T03:22:23.598+0000][1][gc,age       ] GC(10) - age   4:    1128496 bytes,    3747192 total
[2019-12-09T03:22:23.598+0000][1][gc,heap      ] GC(10) ParNew: 78329K->7404K(78656K)
[2019-12-09T03:22:23.598+0000][1][gc,heap      ] GC(10) CMS: 11637K->14225K(174784K)
[2019-12-09T03:22:23.598+0000][1][gc,metaspace ] GC(10) Metaspace: 20374K->20374K(1069056K)
[2019-12-09T03:22:23.598+0000][1][gc           ] GC(10) Pause Young (Allocation Failure) 87M->21M(247M) 162.149ms
[2019-12-09T03:22:23.598+0000][1][gc,cpu       ] GC(10) User=0.02s Sys=0.00s Real=0.16s
[2019-12-09T03:22:23.598+0000][1][safepoint    ] Leaving safepoint region
[2019-12-09T03:22:23.598+0000][1][safepoint    ] Total time for which application threads were stopped: 0.1622804 seconds, Stopping threads took: 0.0000133 seconds
[2019-12-09T03:22:24.481+0000][1][safepoint    ] Application time: 0.8827994 seconds
[2019-12-09T03:22:24.481+0000][1][safepoint    ] Entering safepoint region: CollectForMetadataAllocation
[2019-12-09T03:22:24.481+0000][1][safepoint    ] Leaving safepoint region
[2019-12-09T03:22:24.481+0000][1][safepoint    ] Total time for which application threads were stopped: 0.0002264 seconds, Stopping threads took: 0.0000125 seconds
[2019-12-09T03:22:24.481+0000][1][gc           ] GC(9) Concurrent Abortable Preclean 2077.841ms
[2019-12-09T03:22:24.481+0000][1][gc,cpu       ] GC(9) User=0.60s Sys=0.01s Real=2.08s
[2019-12-09T03:22:24.507+0000][1][safepoint    ] Application time: 0.0257391 seconds
[2019-12-09T03:22:24.511+0000][1][safepoint    ] Entering safepoint region: CMS_Final_Remark
[2019-12-09T03:22:24.511+0000][1][gc,start     ] GC(9) Pause Remark
[2019-12-09T03:22:24.644+0000][1][gc           ] GC(9) Pause Remark 66M->66M(247M) 132.848ms
[2019-12-09T03:22:24.644+0000][1][gc,cpu       ] GC(9) User=0.04s Sys=0.00s Real=0.13s
[2019-12-09T03:22:24.644+0000][1][safepoint    ] Leaving safepoint region
[2019-12-09T03:22:24.644+0000][1][safepoint    ] Total time for which application threads were stopped: 0.1369839 seconds, Stopping threads took: 0.0040062 seconds
[2019-12-09T03:22:24.687+0000][1][gc           ] GC(9) Concurrent Sweep
[2019-12-09T03:22:24.770+0000][1][gc           ] GC(9) Concurrent Sweep 83.101ms
[2019-12-09T03:22:24.770+0000][1][gc,cpu       ] GC(9) User=0.03s Sys=0.00s Real=0.08s
[2019-12-09T03:22:24.770+0000][1][gc           ] GC(9) Concurrent Reset
[2019-12-09T03:22:24.770+0000][1][gc           ] GC(9) Concurrent Reset 0.338ms
[2019-12-09T03:22:24.770+0000][1][gc,cpu       ] GC(9) User=0.00s Sys=0.00s Real=0.00s
[2019-12-09T03:22:24.770+0000][1][gc,heap      ] GC(9) Old: 11637K->14200K(174784K)
[2019-12-09T03:22:25.052+0000][1][safepoint    ] Application time: 0.4079935 seconds
[2019-12-09T03:22:25.052+0000][1][safepoint    ] Entering safepoint region: GenCollectForAllocation
[2019-12-09T03:22:25.052+0000][1][gc,start     ] GC(11) Pause Young (Allocation Failure)
[2019-12-09T03:22:25.052+0000][1][gc,task      ] GC(11) Using 2 workers of 2 for evacuation
[2019-12-09T03:22:25.154+0000][1][gc,age       ] GC(11) Desired survivor size 4456448 bytes, new threshold 6 (max threshold 6)
[2019-12-09T03:22:25.154+0000][1][gc,age       ] GC(11) Age table with threshold 6 (max threshold 6)
[2019-12-09T03:22:25.154+0000][1][gc,age       ] GC(11) - age   1:    1326536 bytes,    1326536 total
[2019-12-09T03:22:25.154+0000][1][gc,age       ] GC(11) - age   2:      97424 bytes,    1423960 total
[2019-12-09T03:22:25.154+0000][1][gc,age       ] GC(11) - age   3:     623384 bytes,    2047344 total
[2019-12-09T03:22:25.154+0000][1][gc,age       ] GC(11) - age   4:     387528 bytes,    2434872 total
[2019-12-09T03:22:25.154+0000][1][gc,age       ] GC(11) - age   5:    1128208 bytes,    3563080 total
[2019-12-09T03:22:25.154+0000][1][gc,heap      ] GC(11) ParNew: 77356K->5212K(78656K)
[2019-12-09T03:22:25.154+0000][1][gc,heap      ] GC(11) CMS: 14200K->14200K(174784K)
[2019-12-09T03:22:25.154+0000][1][gc,metaspace ] GC(11) Metaspace: 20460K->20460K(1069056K)
[2019-12-09T03:22:25.154+0000][1][gc           ] GC(11) Pause Young (Allocation Failure) 89M->18M(247M) 101.779ms
[2019-12-09T03:22:25.154+0000][1][gc,cpu       ] GC(11) User=0.01s Sys=0.00s Real=0.10s
[2019-12-09T03:22:25.154+0000][1][safepoint    ] Leaving safepoint region
[2019-12-09T03:22:25.154+0000][1][safepoint    ] Total time for which application threads were stopped: 0.1022895 seconds, Stopping threads took: 0.0000137 seconds
[2019-12-09T03:22:26.155+0000][1][safepoint    ] Application time: 1.0007966 seconds
[2019-12-09T03:22:26.155+0000][1][safepoint    ] Entering safepoint region: Deoptimize
[2019-12-09T03:22:26.155+0000][1][safepoint    ] Leaving safepoint region
[2019-12-09T03:22:26.155+0000][1][safepoint    ] Total time for which application threads were stopped: 0.0003849 seconds, Stopping threads took: 0.0000137 seconds
[2019-12-09T03:22:27.157+0000][1][safepoint    ] Application time: 1.0013975 seconds
[2019-12-09T03:22:27.157+0000][1][safepoint    ] Entering safepoint region: Cleanup
[2019-12-09T03:22:27.157+0000][1][safepoint    ] Leaving safepoint region
[2019-12-09T03:22:27.157+0000][1][safepoint    ] Total time for which application threads were stopped: 0.0000971 seconds, Stopping threads took: 0.0000334 seconds
[2019-12-09T03:22:28.160+0000][1][safepoint    ] Application time: 1.0028730 seconds
[2019-12-09T03:22:28.163+0000][1][safepoint    ] Entering safepoint region: Cleanup
[2019-12-09T03:22:28.163+0000][1][safepoint    ] Leaving safepoint region
[2019-12-09T03:22:28.163+0000][1][safepoint    ] Total time for which application threads were stopped: 0.0031451 seconds, Stopping threads took: 0.0029590 seconds
[2019-12-09T03:22:28.370+0000][1][safepoint    ] Application time: 0.2068180 seconds
[2019-12-09T03:22:28.370+0000][1][safepoint    ] Entering safepoint region: GenCollectForAllocation
[2019-12-09T03:22:28.370+0000][1][gc,start     ] GC(12) Pause Young (Allocation Failure)
[2019-12-09T03:22:28.370+0000][1][gc,task      ] GC(12) Using 2 workers of 2 for evacuation
[2019-12-09T03:22:28.517+0000][1][gc,age       ] GC(12) Desired survivor size 4456448 bytes, new threshold 6 (max threshold 6)
[2019-12-09T03:22:28.517+0000][1][gc,age       ] GC(12) Age table with threshold 6 (max threshold 6)
[2019-12-09T03:22:28.517+0000][1][gc,age       ] GC(12) - age   1:    1081840 bytes,    1081840 total
[2019-12-09T03:22:28.517+0000][1][gc,age       ] GC(12) - age   2:     306040 bytes,    1387880 total
[2019-12-09T03:22:28.517+0000][1][gc,age       ] GC(12) - age   3:      97424 bytes,    1485304 total
[2019-12-09T03:22:28.517+0000][1][gc,age       ] GC(12) - age   4:     623384 bytes,    2108688 total
[2019-12-09T03:22:28.517+0000][1][gc,age       ] GC(12) - age   5:     387464 bytes,    2496152 total
[2019-12-09T03:22:28.517+0000][1][gc,age       ] GC(12) - age   6:    1128208 bytes,    3624360 total
[2019-12-09T03:22:28.517+0000][1][gc,heap      ] GC(12) ParNew: 75164K->6522K(78656K)
[2019-12-09T03:22:28.517+0000][1][gc,heap      ] GC(12) CMS: 14200K->14200K(174784K)
[2019-12-09T03:22:28.517+0000][1][gc,metaspace ] GC(12) Metaspace: 23124K->23124K(1071104K)
[2019-12-09T03:22:28.517+0000][1][gc           ] GC(12) Pause Young (Allocation Failure) 87M->20M(247M) 147.219ms
[2019-12-09T03:22:28.517+0000][1][gc,cpu       ] GC(12) User=0.03s Sys=0.00s Real=0.15s
[2019-12-09T03:22:28.517+0000][1][safepoint    ] Leaving safepoint region
[2019-12-09T03:22:28.517+0000][1][safepoint    ] Total time for which application threads were stopped: 0.1473438 seconds, Stopping threads took: 0.0000124 seconds
[2019-12-09T03:22:29.398+0000][1][safepoint    ] Application time: 0.8808759 seconds
[2019-12-09T03:22:29.398+0000][1][safepoint    ] Entering safepoint region: Deoptimize
[2019-12-09T03:22:29.398+0000][1][safepoint    ] Leaving safepoint region
[2019-12-09T03:22:29.398+0000][1][safepoint    ] Total time for which application threads were stopped: 0.0004187 seconds, Stopping threads took: 0.0000137 seconds
[2019-12-09T03:22:30.125+0000][1][safepoint    ] Application time: 0.7262423 seconds
[2019-12-09T03:22:30.125+0000][1][safepoint    ] Entering safepoint region: Deoptimize
[2019-12-09T03:22:30.125+0000][1][safepoint    ] Leaving safepoint region
[2019-12-09T03:22:30.125+0000][1][safepoint    ] Total time for which application threads were stopped: 0.0004025 seconds, Stopping threads took: 0.0000145 seconds
[2019-12-09T03:22:30.192+0000][1][safepoint    ] Application time: 0.0665595 seconds
[2019-12-09T03:22:30.192+0000][1][safepoint    ] Entering safepoint region: Deoptimize
[2019-12-09T03:22:30.192+0000][1][safepoint    ] Leaving safepoint region
[2019-12-09T03:22:30.192+0000][1][safepoint    ] Total time for which application threads were stopped: 0.0004705 seconds, Stopping threads took: 0.0000140 seconds
[2019-12-09T03:22:30.234+0000][1][safepoint    ] Application time: 0.0421461 seconds
[2019-12-09T03:22:30.234+0000][1][safepoint    ] Entering safepoint region: Deoptimize
[2019-12-09T03:22:30.235+0000][1][safepoint    ] Leaving safepoint region
[2019-12-09T03:22:30.235+0000][1][safepoint    ] Total time for which application threads were stopped: 0.0004335 seconds, Stopping threads took: 0.0000121 seconds
[2019-12-09T03:22:30.294+0000][1][safepoint    ] Application time: 0.0589483 seconds
[2019-12-09T03:22:30.294+0000][1][safepoint    ] Entering safepoint region: RevokeBias
[2019-12-09T03:22:30.294+0000][1][safepoint    ] Leaving safepoint region
[2019-12-09T03:22:30.294+0000][1][safepoint    ] Total time for which application threads were stopped: 0.0000641 seconds, Stopping threads took: 0.0000128 seconds
[2019-12-09T03:22:31.313+0000][1][safepoint    ] Application time: 1.0188901 seconds
[2019-12-09T03:22:31.313+0000][1][safepoint    ] Entering safepoint region: Cleanup
[2019-12-09T03:22:31.313+0000][1][safepoint    ] Leaving safepoint region
[2019-12-09T03:22:31.313+0000][1][safepoint    ] Total time for which application threads were stopped: 0.0001320 seconds, Stopping threads took: 0.0000869 seconds
[2019-12-09T03:22:32.329+0000][1][safepoint    ] Application time: 1.0157335 seconds
[2019-12-09T03:22:32.405+0000][1][safepoint    ] Entering safepoint region: Cleanup
[2019-12-09T03:22:32.405+0000][1][safepoint    ] Leaving safepoint region
[2019-12-09T03:22:32.405+0000][1][safepoint    ] Total time for which application threads were stopped: 0.0760552 seconds, Stopping threads took: 0.0757710 seconds
[2019-12-09T03:22:33.410+0000][1][safepoint    ] Application time: 1.0050144 seconds
[2019-12-09T03:22:33.410+0000][1][safepoint    ] Entering safepoint region: Cleanup
[2019-12-09T03:22:33.410+0000][1][safepoint    ] Leaving safepoint region
[2019-12-09T03:22:33.410+0000][1][safepoint    ] Total time for which application threads were stopped: 0.0001460 seconds, Stopping threads took: 0.0000782 seconds
[2019-12-09T03:22:34.419+0000][1][safepoint    ] Application time: 1.0086731 seconds
[2019-12-09T03:22:34.419+0000][1][safepoint    ] Entering safepoint region: Cleanup
[2019-12-09T03:22:34.419+0000][1][safepoint    ] Leaving safepoint region
[2019-12-09T03:22:34.419+0000][1][safepoint    ] Total time for which application threads were stopped: 0.0000870 seconds, Stopping threads took: 0.0000492 seconds
[2019-12-09T03:22:35.425+0000][1][safepoint    ] Application time: 1.0058503 seconds
[2019-12-09T03:22:35.489+0000][1][safepoint    ] Entering safepoint region: Cleanup
[2019-12-09T03:22:35.489+0000][1][safepoint    ] Leaving safepoint region
[2019-12-09T03:22:35.489+0000][1][safepoint    ] Total time for which application threads were stopped: 0.0642630 seconds, Stopping threads took: 0.0642115 seconds
[2019-12-09T03:22:35.683+0000][1][safepoint    ] Application time: 0.1938613 seconds
[2019-12-09T03:22:35.693+0000][1][safepoint    ] Entering safepoint region: GenCollectForAllocation
[2019-12-09T03:22:35.693+0000][1][gc,start     ] GC(13) Pause Young (Allocation Failure)
[2019-12-09T03:22:35.693+0000][1][gc,task      ] GC(13) Using 2 workers of 2 for evacuation
[2019-12-09T03:22:35.987+0000][1][gc,age       ] GC(13) Desired survivor size 4456448 bytes, new threshold 1 (max threshold 6)
[2019-12-09T03:22:35.987+0000][1][gc,age       ] GC(13) Age table with threshold 1 (max threshold 6)
[2019-12-09T03:22:35.987+0000][1][gc,age       ] GC(13) - age   1:    6449784 bytes,    6449784 total
[2019-12-09T03:22:35.987+0000][1][gc,age       ] GC(13) - age   2:    1054048 bytes,    7503832 total
[2019-12-09T03:22:35.987+0000][1][gc,age       ] GC(13) - age   3:     306008 bytes,    7809840 total
[2019-12-09T03:22:35.987+0000][1][gc,age       ] GC(13) - age   4:      97272 bytes,    7907112 total
[2019-12-09T03:22:35.987+0000][1][gc,age       ] GC(13) - age   5:     620232 bytes,    8527344 total
[2019-12-09T03:22:35.987+0000][1][gc,age       ] GC(13) - age   6:     385240 bytes,    8912584 total
[2019-12-09T03:22:35.987+0000][1][gc,heap      ] GC(13) ParNew: 76474K->8704K(78656K)
[2019-12-09T03:22:35.987+0000][1][gc,heap      ] GC(13) CMS: 14200K->21995K(174784K)
[2019-12-09T03:22:35.987+0000][1][gc,metaspace ] GC(13) Metaspace: 26921K->26921K(1075200K)
[2019-12-09T03:22:35.987+0000][1][gc           ] GC(13) Pause Young (Allocation Failure) 88M->29M(247M) 293.905ms
[2019-12-09T03:22:35.987+0000][1][gc,cpu       ] GC(13) User=0.08s Sys=0.01s Real=0.30s
[2019-12-09T03:22:35.987+0000][1][safepoint    ] Leaving safepoint region
[2019-12-09T03:22:35.987+0000][1][safepoint    ] Total time for which application threads were stopped: 0.3038558 seconds, Stopping threads took: 0.0098375 seconds
[2019-12-09T03:22:37.005+0000][1][safepoint    ] Application time: 1.0179217 seconds
[2019-12-09T03:22:37.009+0000][1][safepoint    ] Entering safepoint region: Cleanup
[2019-12-09T03:22:37.009+0000][1][safepoint    ] Leaving safepoint region
[2019-12-09T03:22:37.009+0000][1][safepoint    ] Total time for which application threads were stopped: 0.0042360 seconds, Stopping threads took: 0.0041634 seconds
[2019-12-09T03:22:39.020+0000][1][safepoint    ] Application time: 2.0107038 seconds
[2019-12-09T03:22:39.037+0000][1][safepoint    ] Entering safepoint region: Cleanup
[2019-12-09T03:22:39.037+0000][1][safepoint    ] Leaving safepoint region
[2019-12-09T03:22:39.037+0000][1][safepoint    ] Total time for which application threads were stopped: 0.0168744 seconds, Stopping threads took: 0.0168261 seconds
[2019-12-09T03:22:40.253+0000][1][safepoint    ] Application time: 1.2160658 seconds
[2019-12-09T03:22:40.253+0000][1][safepoint    ] Entering safepoint region: GenCollectForAllocation
[2019-12-09T03:22:40.253+0000][1][gc,start     ] GC(14) Pause Young (Allocation Failure)
[2019-12-09T03:22:40.253+0000][1][gc,task      ] GC(14) Using 2 workers of 2 for evacuation
[2019-12-09T03:22:40.971+0000][1][gc,age       ] GC(14) Desired survivor size 4456448 bytes, new threshold 1 (max threshold 6)
[2019-12-09T03:22:40.971+0000][1][gc,age       ] GC(14) Age table with threshold 1 (max threshold 6)
[2019-12-09T03:22:40.971+0000][1][gc,age       ] GC(14) - age   1:    8595072 bytes,    8595072 total
[2019-12-09T03:22:40.971+0000][1][gc,heap      ] GC(14) ParNew: 78656K->8704K(78656K)
[2019-12-09T03:22:40.971+0000][1][gc,heap      ] GC(14) CMS: 21995K->35026K(174784K)
[2019-12-09T03:22:40.971+0000][1][gc,metaspace ] GC(14) Metaspace: 27127K->27127K(1075200K)
[2019-12-09T03:22:40.971+0000][1][gc           ] GC(14) Pause Young (Allocation Failure) 98M->42M(247M) 718.287ms
[2019-12-09T03:22:40.971+0000][1][gc,cpu       ] GC(14) User=0.18s Sys=0.00s Real=0.72s
[2019-12-09T03:22:40.971+0000][1][safepoint    ] Leaving safepoint region
[2019-12-09T03:22:40.971+0000][1][safepoint    ] Total time for which application threads were stopped: 0.7184279 seconds, Stopping threads took: 0.0000149 seconds
[2019-12-09T03:22:42.975+0000][1][safepoint    ] Application time: 2.0042567 seconds
[2019-12-09T03:22:43.015+0000][1][safepoint    ] Entering safepoint region: Cleanup
[2019-12-09T03:22:43.015+0000][1][safepoint    ] Leaving safepoint region
[2019-12-09T03:22:43.015+0000][1][safepoint    ] Total time for which application threads were stopped: 0.0393919 seconds, Stopping threads took: 0.0393471 seconds
[2019-12-09T03:22:43.548+0000][1][safepoint    ] Application time: 0.5328407 seconds
[2019-12-09T03:22:43.548+0000][1][safepoint    ] Entering safepoint region: RevokeBias
[2019-12-09T03:22:43.548+0000][1][safepoint    ] Leaving safepoint region
[2019-12-09T03:22:43.548+0000][1][safepoint    ] Total time for which application threads were stopped: 0.0000978 seconds, Stopping threads took: 0.0000152 seconds
[2019-12-09T03:22:44.552+0000][1][safepoint    ] Application time: 1.0042287 seconds
[2019-12-09T03:22:44.600+0000][1][safepoint    ] Entering safepoint region: Cleanup
[2019-12-09T03:22:44.600+0000][1][safepoint    ] Leaving safepoint region
[2019-12-09T03:22:44.600+0000][1][safepoint    ] Total time for which application threads were stopped: 0.0479185 seconds, Stopping threads took: 0.0478309 seconds
[2019-12-09T03:22:45.482+0000][1][safepoint    ] Application time: 0.8816950 seconds
[2019-12-09T03:22:45.482+0000][1][safepoint    ] Entering safepoint region: GenCollectForAllocation
[2019-12-09T03:22:45.482+0000][1][gc,start     ] GC(15) Pause Young (Allocation Failure)
[2019-12-09T03:22:45.482+0000][1][gc,task      ] GC(15) Using 2 workers of 2 for evacuation
[2019-12-09T03:22:46.086+0000][1][gc,age       ] GC(15) Desired survivor size 4456448 bytes, new threshold 1 (max threshold 6)
[2019-12-09T03:22:46.086+0000][1][gc,age       ] GC(15) Age table with threshold 1 (max threshold 6)
[2019-12-09T03:22:46.086+0000][1][gc,age       ] GC(15) - age   1:    7515032 bytes,    7515032 total
[2019-12-09T03:22:46.086+0000][1][gc,heap      ] GC(15) ParNew: 78656K->8704K(78656K)
[2019-12-09T03:22:46.086+0000][1][gc,heap      ] GC(15) CMS: 35026K->47537K(174784K)
[2019-12-09T03:22:46.086+0000][1][gc,metaspace ] GC(15) Metaspace: 29706K->29706K(1077248K)
[2019-12-09T03:22:46.086+0000][1][gc           ] GC(15) Pause Young (Allocation Failure) 111M->54M(247M) 604.164ms
[2019-12-09T03:22:46.086+0000][1][gc,cpu       ] GC(15) User=0.18s Sys=0.00s Real=0.61s
[2019-12-09T03:22:46.086+0000][1][safepoint    ] Leaving safepoint region
[2019-12-09T03:22:46.086+0000][1][safepoint    ] Total time for which application threads were stopped: 0.6043048 seconds, Stopping threads took: 0.0000153 seconds
[2019-12-09T03:22:46.109+0000][1][safepoint    ] Application time: 0.0226153 seconds
[2019-12-09T03:22:46.109+0000][1][safepoint    ] Entering safepoint region: RevokeBias
[2019-12-09T03:22:46.109+0000][1][safepoint    ] Leaving safepoint region
[2019-12-09T03:22:46.109+0000][1][safepoint    ] Total time for which application threads were stopped: 0.0001039 seconds, Stopping threads took: 0.0000159 seconds
[2019-12-09T03:22:46.651+0000][1][safepoint    ] Application time: 0.5418435 seconds
[2019-12-09T03:22:46.651+0000][1][safepoint    ] Entering safepoint region: RevokeBias
[2019-12-09T03:22:46.651+0000][1][safepoint    ] Leaving safepoint region
[2019-12-09T03:22:46.651+0000][1][safepoint    ] Total time for which application threads were stopped: 0.0001017 seconds, Stopping threads took: 0.0000138 seconds
[2019-12-09T03:22:47.046+0000][1][safepoint    ] Application time: 0.3949676 seconds
[2019-12-09T03:22:47.046+0000][1][safepoint    ] Entering safepoint region: RevokeBias
[2019-12-09T03:22:47.046+0000][1][safepoint    ] Leaving safepoint region
[2019-12-09T03:22:47.046+0000][1][safepoint    ] Total time for which application threads were stopped: 0.0000866 seconds, Stopping threads took: 0.0000138 seconds
[2019-12-09T03:22:47.173+0000][1][safepoint    ] Application time: 0.1273286 seconds
[2019-12-09T03:22:47.173+0000][1][safepoint    ] Entering safepoint region: RevokeBias
[2019-12-09T03:22:47.173+0000][1][safepoint    ] Leaving safepoint region
[2019-12-09T03:22:47.173+0000][1][safepoint    ] Total time for which application threads were stopped: 0.0000843 seconds, Stopping threads took: 0.0000136 seconds
[2019-12-09T03:22:47.246+0000][1][safepoint    ] Application time: 0.0722803 seconds
[2019-12-09T03:22:47.246+0000][1][safepoint    ] Entering safepoint region: RevokeBias
[2019-12-09T03:22:47.246+0000][1][safepoint    ] Leaving safepoint region
[2019-12-09T03:22:47.246+0000][1][safepoint    ] Total time for which application threads were stopped: 0.0000875 seconds, Stopping threads took: 0.0000215 seconds
[2019-12-09T03:22:48.248+0000][1][safepoint    ] Application time: 1.0018908 seconds
[2019-12-09T03:22:48.252+0000][1][safepoint    ] Entering safepoint region: Cleanup
[2019-12-09T03:22:48.252+0000][1][safepoint    ] Leaving safepoint region
[2019-12-09T03:22:48.252+0000][1][safepoint    ] Total time for which application threads were stopped: 0.0042627 seconds, Stopping threads took: 0.0042162 seconds
[2019-12-09T03:22:49.268+0000][1][safepoint    ] Application time: 1.0157937 seconds
[2019-12-09T03:22:49.342+0000][1][safepoint    ] Entering safepoint region: Cleanup
[2019-12-09T03:22:49.342+0000][1][safepoint    ] Leaving safepoint region
[2019-12-09T03:22:49.342+0000][1][safepoint    ] Total time for which application threads were stopped: 0.0739733 seconds, Stopping threads took: 0.0739019 seconds
[2019-12-09T03:22:49.712+0000][1][safepoint    ] Application time: 0.3699861 seconds
[2019-12-09T03:22:49.712+0000][1][safepoint    ] Entering safepoint region: GenCollectForAllocation
[2019-12-09T03:22:49.712+0000][1][gc,start     ] GC(16) Pause Young (Allocation Failure)
[2019-12-09T03:22:49.712+0000][1][gc,task      ] GC(16) Using 2 workers of 2 for evacuation
[2019-12-09T03:22:49.946+0000][1][gc,age       ] GC(16) Desired survivor size 4456448 bytes, new threshold 6 (max threshold 6)
[2019-12-09T03:22:49.946+0000][1][gc,age       ] GC(16) Age table with threshold 6 (max threshold 6)
[2019-12-09T03:22:49.946+0000][1][gc,age       ] GC(16) - age   1:    1204120 bytes,    1204120 total
[2019-12-09T03:22:49.946+0000][1][gc,heap      ] GC(16) ParNew: 78656K->7519K(78656K)
[2019-12-09T03:22:49.946+0000][1][gc,heap      ] GC(16) CMS: 47537K->54924K(174784K)
[2019-12-09T03:22:49.946+0000][1][gc,metaspace ] GC(16) Metaspace: 32970K->32970K(1079296K)
[2019-12-09T03:22:49.946+0000][1][gc           ] GC(16) Pause Young (Allocation Failure) 123M->60M(247M) 234.447ms
[2019-12-09T03:22:49.946+0000][1][gc,cpu       ] GC(16) User=0.04s Sys=0.00s Real=0.24s
[2019-12-09T03:22:49.946+0000][1][safepoint    ] Leaving safepoint region
[2019-12-09T03:22:49.946+0000][1][safepoint    ] Total time for which application threads were stopped: 0.2345923 seconds, Stopping threads took: 0.0000127 seconds
[2019-12-09T03:22:51.225+0000][1][safepoint    ] Application time: 1.2782236 seconds
[2019-12-09T03:22:51.287+0000][1][safepoint    ] Entering safepoint region: Cleanup
[2019-12-09T03:22:51.287+0000][1][safepoint    ] Leaving safepoint region
[2019-12-09T03:22:51.287+0000][1][safepoint    ] Total time for which application threads were stopped: 0.0622917 seconds, Stopping threads took: 0.0621348 seconds
[2019-12-09T03:22:51.673+0000][1][safepoint    ] Application time: 0.3855334 seconds
[2019-12-09T03:22:51.673+0000][1][safepoint    ] Entering safepoint region: CollectForMetadataAllocation
[2019-12-09T03:22:51.673+0000][1][safepoint    ] Leaving safepoint region
[2019-12-09T03:22:51.673+0000][1][safepoint    ] Total time for which application threads were stopped: 0.0002590 seconds, Stopping threads took: 0.0000118 seconds
[2019-12-09T03:22:51.818+0000][1][safepoint    ] Application time: 0.1451503 seconds
[2019-12-09T03:22:51.818+0000][1][safepoint    ] Entering safepoint region: CollectForMetadataAllocation
[2019-12-09T03:22:51.818+0000][1][safepoint    ] Leaving safepoint region
[2019-12-09T03:22:51.818+0000][1][safepoint    ] Total time for which application threads were stopped: 0.0002386 seconds, Stopping threads took: 0.0000136 seconds
[2019-12-09T03:22:51.956+0000][1][safepoint    ] Application time: 0.1374243 seconds
[2019-12-09T03:22:51.956+0000][1][safepoint    ] Entering safepoint region: CMS_Initial_Mark
[2019-12-09T03:22:51.956+0000][1][gc,start     ] GC(17) Pause Initial Mark
[2019-12-09T03:22:52.093+0000][1][gc           ] GC(17) Pause Initial Mark 121M->121M(247M) 136.837ms
[2019-12-09T03:22:52.093+0000][1][gc,cpu       ] GC(17) User=0.04s Sys=0.00s Real=0.13s
[2019-12-09T03:22:52.093+0000][1][safepoint    ] Leaving safepoint region
[2019-12-09T03:22:52.093+0000][1][safepoint    ] Total time for which application threads were stopped: 0.1370305 seconds, Stopping threads took: 0.0000601 seconds
[2019-12-09T03:22:52.094+0000][1][gc           ] GC(17) Concurrent Mark
[2019-12-09T03:22:52.251+0000][1][safepoint    ] Application time: 0.1579061 seconds
[2019-12-09T03:22:52.251+0000][1][safepoint    ] Entering safepoint region: CollectForMetadataAllocation
[2019-12-09T03:22:52.251+0000][1][safepoint    ] Leaving safepoint region
[2019-12-09T03:22:52.251+0000][1][safepoint    ] Total time for which application threads were stopped: 0.0002424 seconds, Stopping threads took: 0.0000145 seconds
[2019-12-09T03:22:52.529+0000][1][safepoint    ] Application time: 0.2777672 seconds
[2019-12-09T03:22:52.529+0000][1][safepoint    ] Entering safepoint region: CollectForMetadataAllocation
[2019-12-09T03:22:52.529+0000][1][safepoint    ] Leaving safepoint region
[2019-12-09T03:22:52.529+0000][1][safepoint    ] Total time for which application threads were stopped: 0.0002320 seconds, Stopping threads took: 0.0000138 seconds
[2019-12-09T03:22:52.693+0000][1][safepoint    ] Application time: 0.1634413 seconds
[2019-12-09T03:22:52.693+0000][1][safepoint    ] Entering safepoint region: CollectForMetadataAllocation
[2019-12-09T03:22:52.693+0000][1][safepoint    ] Leaving safepoint region
[2019-12-09T03:22:52.693+0000][1][safepoint    ] Total time for which application threads were stopped: 0.0002303 seconds, Stopping threads took: 0.0000148 seconds
[2019-12-09T03:22:52.934+0000][1][safepoint    ] Application time: 0.2409272 seconds
[2019-12-09T03:22:52.934+0000][1][safepoint    ] Entering safepoint region: CollectForMetadataAllocation
[2019-12-09T03:22:52.934+0000][1][safepoint    ] Leaving safepoint region
[2019-12-09T03:22:52.934+0000][1][safepoint    ] Total time for which application threads were stopped: 0.0002383 seconds, Stopping threads took: 0.0000162 seconds
[2019-12-09T03:22:52.979+0000][1][gc           ] GC(17) Concurrent Mark 884.939ms
[2019-12-09T03:22:52.979+0000][1][gc,cpu       ] GC(17) User=0.26s Sys=0.01s Real=0.89s
[2019-12-09T03:22:52.979+0000][1][gc           ] GC(17) Concurrent Preclean
[2019-12-09T03:22:52.997+0000][1][gc           ] GC(17) Concurrent Preclean 18.236ms
[2019-12-09T03:22:52.997+0000][1][gc,cpu       ] GC(17) User=0.01s Sys=0.00s Real=0.02s
[2019-12-09T03:22:52.997+0000][1][gc           ] GC(17) Concurrent Abortable Preclean
[2019-12-09T03:22:53.064+0000][1][safepoint    ] Application time: 0.1300165 seconds
[2019-12-09T03:22:53.064+0000][1][safepoint    ] Entering safepoint region: CollectForMetadataAllocation
[2019-12-09T03:22:53.064+0000][1][safepoint    ] Leaving safepoint region
[2019-12-09T03:22:53.064+0000][1][safepoint    ] Total time for which application threads were stopped: 0.0002330 seconds, Stopping threads took: 0.0000148 seconds
[2019-12-09T03:22:53.195+0000][1][safepoint    ] Application time: 0.1310711 seconds
[2019-12-09T03:22:53.195+0000][1][safepoint    ] Entering safepoint region: CollectForMetadataAllocation
[2019-12-09T03:22:53.196+0000][1][safepoint    ] Leaving safepoint region
[2019-12-09T03:22:53.196+0000][1][safepoint    ] Total time for which application threads were stopped: 0.0002369 seconds, Stopping threads took: 0.0000127 seconds
[2019-12-09T03:22:53.423+0000][1][safepoint    ] Application time: 0.2277966 seconds
[2019-12-09T03:22:53.423+0000][1][safepoint    ] Entering safepoint region: CollectForMetadataAllocation
[2019-12-09T03:22:53.424+0000][1][safepoint    ] Leaving safepoint region
[2019-12-09T03:22:53.424+0000][1][safepoint    ] Total time for which application threads were stopped: 0.0002509 seconds, Stopping threads took: 0.0000141 seconds
[2019-12-09T03:22:53.520+0000][1][safepoint    ] Application time: 0.0962731 seconds
[2019-12-09T03:22:53.520+0000][1][safepoint    ] Entering safepoint region: GenCollectForAllocation
[2019-12-09T03:22:53.520+0000][1][gc,start     ] GC(18) Pause Young (Allocation Failure)
[2019-12-09T03:22:53.520+0000][1][gc,task      ] GC(18) Using 2 workers of 2 for evacuation
[2019-12-09T03:22:53.605+0000][1][gc,age       ] GC(18) Desired survivor size 4456448 bytes, new threshold 6 (max threshold 6)
[2019-12-09T03:22:53.605+0000][1][gc,age       ] GC(18) Age table with threshold 6 (max threshold 6)
[2019-12-09T03:22:53.605+0000][1][gc,age       ] GC(18) - age   1:    2052392 bytes,    2052392 total
[2019-12-09T03:22:53.605+0000][1][gc,age       ] GC(18) - age   2:    1140544 bytes,    3192936 total
[2019-12-09T03:22:53.605+0000][1][gc,heap      ] GC(18) ParNew: 77471K->4200K(78656K)
[2019-12-09T03:22:53.605+0000][1][gc,heap      ] GC(18) CMS: 54924K->54924K(174784K)
[2019-12-09T03:22:53.605+0000][1][gc,metaspace ] GC(18) Metaspace: 35988K->35988K(1083392K)
[2019-12-09T03:22:53.605+0000][1][gc           ] GC(18) Pause Young (Allocation Failure) 129M->57M(247M) 84.524ms
[2019-12-09T03:22:53.605+0000][1][gc,cpu       ] GC(18) User=0.02s Sys=0.00s Real=0.08s
[2019-12-09T03:22:53.605+0000][1][safepoint    ] Leaving safepoint region
[2019-12-09T03:22:53.605+0000][1][safepoint    ] Total time for which application threads were stopped: 0.0846737 seconds, Stopping threads took: 0.0000208 seconds
[2019-12-09T03:22:53.606+0000][1][safepoint    ] Application time: 0.0009000 seconds
[2019-12-09T03:22:53.606+0000][1][safepoint    ] Entering safepoint region: RevokeBias
[2019-12-09T03:22:53.606+0000][1][safepoint    ] Leaving safepoint region
[2019-12-09T03:22:53.606+0000][1][safepoint    ] Total time for which application threads were stopped: 0.0001050 seconds, Stopping threads took: 0.0000122 seconds
[2019-12-09T03:22:54.060+0000][1][safepoint    ] Application time: 0.4539578 seconds
[2019-12-09T03:22:54.060+0000][1][safepoint    ] Entering safepoint region: CollectForMetadataAllocation
[2019-12-09T03:22:54.060+0000][1][safepoint    ] Leaving safepoint region
[2019-12-09T03:22:54.060+0000][1][safepoint    ] Total time for which application threads were stopped: 0.0001580 seconds, Stopping threads took: 0.0000159 seconds
[2019-12-09T03:22:54.444+0000][1][safepoint    ] Application time: 0.3844616 seconds
[2019-12-09T03:22:54.444+0000][1][safepoint    ] Entering safepoint region: CollectForMetadataAllocation
[2019-12-09T03:22:54.445+0000][1][safepoint    ] Leaving safepoint region
[2019-12-09T03:22:54.445+0000][1][safepoint    ] Total time for which application threads were stopped: 0.0002721 seconds, Stopping threads took: 0.0000137 seconds
[2019-12-09T03:22:54.490+0000][1][safepoint    ] Application time: 0.0451603 seconds
[2019-12-09T03:22:54.490+0000][1][safepoint    ] Entering safepoint region: RevokeBias
[2019-12-09T03:22:54.490+0000][1][safepoint    ] Leaving safepoint region
[2019-12-09T03:22:54.490+0000][1][safepoint    ] Total time for which application threads were stopped: 0.0001214 seconds, Stopping threads took: 0.0000125 seconds
[2019-12-09T03:22:54.861+0000][1][safepoint    ] Application time: 0.3706908 seconds
[2019-12-09T03:22:54.861+0000][1][safepoint    ] Entering safepoint region: CollectForMetadataAllocation
[2019-12-09T03:22:54.861+0000][1][safepoint    ] Leaving safepoint region
[2019-12-09T03:22:54.861+0000][1][safepoint    ] Total time for which application threads were stopped: 0.0002325 seconds, Stopping threads took: 0.0000145 seconds
[2019-12-09T03:22:54.944+0000][1][safepoint    ] Application time: 0.0827128 seconds
[2019-12-09T03:22:54.949+0000][1][safepoint    ] Entering safepoint region: CollectForMetadataAllocation
[2019-12-09T03:22:54.949+0000][1][safepoint    ] Leaving safepoint region
[2019-12-09T03:22:54.949+0000][1][safepoint    ] Total time for which application threads were stopped: 0.0051915 seconds, Stopping threads took: 0.0051310 seconds
[2019-12-09T03:22:55.022+0000][1][safepoint    ] Application time: 0.0728230 seconds
[2019-12-09T03:22:55.022+0000][1][safepoint    ] Entering safepoint region: CollectForMetadataAllocation
[2019-12-09T03:22:55.022+0000][1][safepoint    ] Leaving safepoint region
[2019-12-09T03:22:55.022+0000][1][safepoint    ] Total time for which application threads were stopped: 0.0002384 seconds, Stopping threads took: 0.0000138 seconds
[2019-12-09T03:22:55.304+0000][1][safepoint    ] Application time: 0.2816895 seconds
[2019-12-09T03:22:55.304+0000][1][safepoint    ] Entering safepoint region: CollectForMetadataAllocation
[2019-12-09T03:22:55.304+0000][1][safepoint    ] Leaving safepoint region
[2019-12-09T03:22:55.304+0000][1][safepoint    ] Total time for which application threads were stopped: 0.0002387 seconds, Stopping threads took: 0.0000137 seconds
[2019-12-09T03:22:55.541+0000][1][safepoint    ] Application time: 0.2370812 seconds
[2019-12-09T03:22:55.541+0000][1][safepoint    ] Entering safepoint region: CollectForMetadataAllocation
[2019-12-09T03:22:55.541+0000][1][safepoint    ] Leaving safepoint region
[2019-12-09T03:22:55.541+0000][1][safepoint    ] Total time for which application threads were stopped: 0.0001608 seconds, Stopping threads took: 0.0000132 seconds
[2019-12-09T03:22:55.890+0000][1][safepoint    ] Application time: 0.3484532 seconds
[2019-12-09T03:22:55.890+0000][1][safepoint    ] Entering safepoint region: CollectForMetadataAllocation
[2019-12-09T03:22:55.890+0000][1][safepoint    ] Leaving safepoint region
[2019-12-09T03:22:55.890+0000][1][safepoint    ] Total time for which application threads were stopped: 0.0002399 seconds, Stopping threads took: 0.0000149 seconds
[2019-12-09T03:22:56.154+0000][1][safepoint    ] Application time: 0.2642848 seconds
[2019-12-09T03:22:56.154+0000][1][safepoint    ] Entering safepoint region: CollectForMetadataAllocation
[2019-12-09T03:22:56.155+0000][1][safepoint    ] Leaving safepoint region
[2019-12-09T03:22:56.155+0000][1][safepoint    ] Total time for which application threads were stopped: 0.0002464 seconds, Stopping threads took: 0.0000152 seconds
[2019-12-09T03:22:56.489+0000][1][safepoint    ] Application time: 0.3344293 seconds
[2019-12-09T03:22:56.489+0000][1][safepoint    ] Entering safepoint region: CollectForMetadataAllocation
[2019-12-09T03:22:56.489+0000][1][safepoint    ] Leaving safepoint region
[2019-12-09T03:22:56.489+0000][1][safepoint    ] Total time for which application threads were stopped: 0.0002325 seconds, Stopping threads took: 0.0000138 seconds
[2019-12-09T03:22:56.653+0000][1][safepoint    ] Application time: 0.1633785 seconds
[2019-12-09T03:22:56.653+0000][1][safepoint    ] Entering safepoint region: CollectForMetadataAllocation
[2019-12-09T03:22:56.653+0000][1][safepoint    ] Leaving safepoint region
[2019-12-09T03:22:56.653+0000][1][safepoint    ] Total time for which application threads were stopped: 0.0002183 seconds, Stopping threads took: 0.0000141 seconds
[2019-12-09T03:22:56.889+0000][1][safepoint    ] Application time: 0.2363226 seconds
[2019-12-09T03:22:56.889+0000][1][safepoint    ] Entering safepoint region: CollectForMetadataAllocation
[2019-12-09T03:22:56.890+0000][1][safepoint    ] Leaving safepoint region
[2019-12-09T03:22:56.890+0000][1][safepoint    ] Total time for which application threads were stopped: 0.0002389 seconds, Stopping threads took: 0.0000158 seconds
[2019-12-09T03:22:57.153+0000][1][safepoint    ] Application time: 0.2633696 seconds
[2019-12-09T03:22:57.153+0000][1][safepoint    ] Entering safepoint region: CollectForMetadataAllocation
[2019-12-09T03:22:57.153+0000][1][safepoint    ] Leaving safepoint region
[2019-12-09T03:22:57.153+0000][1][safepoint    ] Total time for which application threads were stopped: 0.0002573 seconds, Stopping threads took: 0.0000148 seconds
[2019-12-09T03:22:57.491+0000][1][safepoint    ] Application time: 0.3376508 seconds
[2019-12-09T03:22:57.491+0000][1][safepoint    ] Entering safepoint region: CollectForMetadataAllocation
[2019-12-09T03:22:57.491+0000][1][safepoint    ] Leaving safepoint region
[2019-12-09T03:22:57.491+0000][1][safepoint    ] Total time for which application threads were stopped: 0.0001595 seconds, Stopping threads took: 0.0000154 seconds
[2019-12-09T03:22:57.768+0000][1][safepoint    ] Application time: 0.2766121 seconds
[2019-12-09T03:22:57.768+0000][1][safepoint    ] Entering safepoint region: CollectForMetadataAllocation
[2019-12-09T03:22:57.768+0000][1][safepoint    ] Leaving safepoint region
[2019-12-09T03:22:57.768+0000][1][safepoint    ] Total time for which application threads were stopped: 0.0002279 seconds, Stopping threads took: 0.0000148 seconds
[2019-12-09T03:22:58.156+0000][1][gc           ] GC(17) Concurrent Abortable Preclean 5159.236ms
[2019-12-09T03:22:58.156+0000][1][gc,cpu       ] GC(17) User=1.41s Sys=0.02s Real=5.16s
[2019-12-09T03:22:58.156+0000][1][safepoint    ] Application time: 0.3883370 seconds
[2019-12-09T03:22:58.170+0000][1][safepoint    ] Entering safepoint region: CMS_Final_Remark
[2019-12-09T03:22:58.170+0000][1][gc,start     ] GC(17) Pause Remark
[2019-12-09T03:22:58.335+0000][1][gc           ] GC(17) Pause Remark 78M->78M(247M) 165.051ms
[2019-12-09T03:22:58.335+0000][1][gc,cpu       ] GC(17) User=0.07s Sys=0.00s Real=0.17s
[2019-12-09T03:22:58.335+0000][1][safepoint    ] Leaving safepoint region
[2019-12-09T03:22:58.335+0000][1][safepoint    ] Total time for which application threads were stopped: 0.1785927 seconds, Stopping threads took: 0.0134042 seconds
[2019-12-09T03:22:58.343+0000][1][gc           ] GC(17) Concurrent Sweep
[2019-12-09T03:22:58.441+0000][1][safepoint    ] Application time: 0.1057609 seconds
[2019-12-09T03:22:58.441+0000][1][safepoint    ] Entering safepoint region: CollectForMetadataAllocation
[2019-12-09T03:22:58.442+0000][1][safepoint    ] Leaving safepoint region
[2019-12-09T03:22:58.442+0000][1][safepoint    ] Total time for which application threads were stopped: 0.0008079 seconds, Stopping threads took: 0.0000134 seconds
[2019-12-09T03:22:58.456+0000][1][safepoint    ] Application time: 0.0141646 seconds
[2019-12-09T03:22:58.456+0000][1][safepoint    ] Entering safepoint region: CollectForMetadataAllocation
[2019-12-09T03:22:58.456+0000][1][safepoint    ] Leaving safepoint region
[2019-12-09T03:22:58.456+0000][1][safepoint    ] Total time for which application threads were stopped: 0.0002234 seconds, Stopping threads took: 0.0000148 seconds
[2019-12-09T03:22:58.533+0000][1][gc           ] GC(17) Concurrent Sweep 189.715ms
[2019-12-09T03:22:58.533+0000][1][gc,cpu       ] GC(17) User=0.09s Sys=0.00s Real=0.19s
[2019-12-09T03:22:58.533+0000][1][gc           ] GC(17) Concurrent Reset
[2019-12-09T03:22:58.533+0000][1][gc           ] GC(17) Concurrent Reset 0.303ms
[2019-12-09T03:22:58.533+0000][1][gc,cpu       ] GC(17) User=0.00s Sys=0.00s Real=0.00s
[2019-12-09T03:22:58.533+0000][1][gc,heap      ] GC(17) Old: 54924K->54734K(174784K)
[2019-12-09T03:22:59.294+0000][1][safepoint    ] Application time: 0.8380329 seconds
[2019-12-09T03:22:59.294+0000][1][safepoint    ] Entering safepoint region: RevokeBias
[2019-12-09T03:22:59.294+0000][1][safepoint    ] Leaving safepoint region
[2019-12-09T03:22:59.294+0000][1][safepoint    ] Total time for which application threads were stopped: 0.0001053 seconds, Stopping threads took: 0.0000136 seconds
[2019-12-09T03:22:59.294+0000][1][safepoint    ] Application time: 0.0000739 seconds
[2019-12-09T03:22:59.294+0000][1][safepoint    ] Entering safepoint region: RevokeBias
[2019-12-09T03:22:59.294+0000][1][safepoint    ] Leaving safepoint region
[2019-12-09T03:22:59.294+0000][1][safepoint    ] Total time for which application threads were stopped: 0.0000666 seconds, Stopping threads took: 0.0000090 seconds
[2019-12-09T03:23:00.295+0000][1][safepoint    ] Application time: 1.0003714 seconds
[2019-12-09T03:23:00.342+0000][1][safepoint    ] Entering safepoint region: Cleanup
[2019-12-09T03:23:00.342+0000][1][safepoint    ] Leaving safepoint region
[2019-12-09T03:23:00.342+0000][1][safepoint    ] Total time for which application threads were stopped: 0.0476740 seconds, Stopping threads took: 0.0476214 seconds
[2019-12-09T03:23:02.385+0000][1][safepoint    ] Application time: 2.0422989 seconds
[2019-12-09T03:23:02.448+0000][1][safepoint    ] Entering safepoint region: Cleanup
[2019-12-09T03:23:02.448+0000][1][safepoint    ] Leaving safepoint region
[2019-12-09T03:23:02.448+0000][1][safepoint    ] Total time for which application threads were stopped: 0.0631204 seconds, Stopping threads took: 0.0630596 seconds
[2019-12-09T03:23:04.284+0000][1][safepoint    ] Application time: 1.8358259 seconds
[2019-12-09T03:23:04.322+0000][1][safepoint    ] Entering safepoint region: RevokeBias
[2019-12-09T03:23:04.322+0000][1][safepoint    ] Leaving safepoint region
[2019-12-09T03:23:04.322+0000][1][safepoint    ] Total time for which application threads were stopped: 0.0381822 seconds, Stopping threads took: 0.0380417 seconds
[2019-12-09T03:23:04.337+0000][1][safepoint    ] Application time: 0.0147691 seconds
[2019-12-09T03:23:04.374+0000][1][safepoint    ] Entering safepoint region: RevokeBias
[2019-12-09T03:23:04.374+0000][1][safepoint    ] Leaving safepoint region
[2019-12-09T03:23:04.374+0000][1][safepoint    ] Total time for which application threads were stopped: 0.0371586 seconds, Stopping threads took: 0.0370364 seconds
[2019-12-09T03:23:04.376+0000][1][safepoint    ] Application time: 0.0018231 seconds
[2019-12-09T03:23:04.396+0000][1][safepoint    ] Entering safepoint region: RevokeBias
[2019-12-09T03:23:04.396+0000][1][safepoint    ] Leaving safepoint region
[2019-12-09T03:23:04.396+0000][1][safepoint    ] Total time for which application threads were stopped: 0.0201710 seconds, Stopping threads took: 0.0199961 seconds
[2019-12-09T03:23:04.402+0000][1][safepoint    ] Application time: 0.0057789 seconds
[2019-12-09T03:23:04.437+0000][1][safepoint    ] Entering safepoint region: RevokeBias
[2019-12-09T03:23:04.437+0000][1][safepoint    ] Leaving safepoint region
[2019-12-09T03:23:04.437+0000][1][safepoint    ] Total time for which application threads were stopped: 0.0351754 seconds, Stopping threads took: 0.0350282 seconds
[2019-12-09T03:23:04.440+0000][1][safepoint    ] Application time: 0.0027956 seconds
[2019-12-09T03:23:04.460+0000][1][safepoint    ] Entering safepoint region: RevokeBias
[2019-12-09T03:23:04.460+0000][1][safepoint    ] Leaving safepoint region
[2019-12-09T03:23:04.460+0000][1][safepoint    ] Total time for which application threads were stopped: 0.0201158 seconds, Stopping threads took: 0.0200123 seconds
[2019-12-09T03:23:04.465+0000][1][safepoint    ] Application time: 0.0048365 seconds
[2019-12-09T03:23:04.465+0000][1][safepoint    ] Entering safepoint region: RevokeBias
[2019-12-09T03:23:04.465+0000][1][safepoint    ] Leaving safepoint region
[2019-12-09T03:23:04.465+0000][1][safepoint    ] Total time for which application threads were stopped: 0.0000937 seconds, Stopping threads took: 0.0000109 seconds
[2019-12-09T03:23:04.471+0000][1][safepoint    ] Application time: 0.0058777 seconds
[2019-12-09T03:23:04.504+0000][1][safepoint    ] Entering safepoint region: RevokeBias
[2019-12-09T03:23:04.504+0000][1][safepoint    ] Leaving safepoint region
[2019-12-09T03:23:04.504+0000][1][safepoint    ] Total time for which application threads were stopped: 0.0331409 seconds, Stopping threads took: 0.0330288 seconds
[2019-12-09T03:23:04.509+0000][1][safepoint    ] Application time: 0.0048894 seconds
[2019-12-09T03:23:04.696+0000][1][safepoint    ] Entering safepoint region: RevokeBias
[2019-12-09T03:23:04.696+0000][1][safepoint    ] Leaving safepoint region
[2019-12-09T03:23:04.696+0000][1][safepoint    ] Total time for which application threads were stopped: 0.1871474 seconds, Stopping threads took: 0.1870082 seconds
[2019-12-09T03:23:04.698+0000][1][safepoint    ] Application time: 0.0018896 seconds
[2019-12-09T03:23:04.753+0000][1][safepoint    ] Entering safepoint region: RevokeBias
[2019-12-09T03:23:04.753+0000][1][safepoint    ] Leaving safepoint region
[2019-12-09T03:23:04.753+0000][1][safepoint    ] Total time for which application threads were stopped: 0.0552892 seconds, Stopping threads took: 0.0551715 seconds
[2019-12-09T03:23:04.753+0000][1][safepoint    ] Application time: 0.0000868 seconds
[2019-12-09T03:23:04.753+0000][1][safepoint    ] Entering safepoint region: RevokeBias
[2019-12-09T03:23:04.753+0000][1][safepoint    ] Leaving safepoint region
[2019-12-09T03:23:04.753+0000][1][safepoint    ] Total time for which application threads were stopped: 0.0000752 seconds, Stopping threads took: 0.0000094 seconds
[2019-12-09T03:23:04.754+0000][1][safepoint    ] Application time: 0.0009363 seconds
[2019-12-09T03:23:04.754+0000][1][safepoint    ] Entering safepoint region: RevokeBias
[2019-12-09T03:23:04.754+0000][1][safepoint    ] Leaving safepoint region
[2019-12-09T03:23:04.754+0000][1][safepoint    ] Total time for which application threads were stopped: 0.0001033 seconds, Stopping threads took: 0.0000128 seconds
[2019-12-09T03:23:04.755+0000][1][safepoint    ] Application time: 0.0003275 seconds
[2019-12-09T03:23:04.755+0000][1][safepoint    ] Entering safepoint region: RevokeBias
[2019-12-09T03:23:04.755+0000][1][safepoint    ] Leaving safepoint region
[2019-12-09T03:23:04.755+0000][1][safepoint    ] Total time for which application threads were stopped: 0.0000789 seconds, Stopping threads took: 0.0000103 seconds
[2019-12-09T03:23:04.755+0000][1][safepoint    ] Application time: 0.0004340 seconds
[2019-12-09T03:23:04.755+0000][1][safepoint    ] Entering safepoint region: RevokeBias
[2019-12-09T03:23:04.755+0000][1][safepoint    ] Leaving safepoint region
[2019-12-09T03:23:04.755+0000][1][safepoint    ] Total time for which application threads were stopped: 0.0000781 seconds, Stopping threads took: 0.0000121 seconds
[2019-12-09T03:23:04.833+0000][1][safepoint    ] Application time: 0.0773303 seconds
[2019-12-09T03:23:04.879+0000][1][safepoint    ] Entering safepoint region: RevokeBias
[2019-12-09T03:23:04.879+0000][1][safepoint    ] Leaving safepoint region
[2019-12-09T03:23:04.879+0000][1][safepoint    ] Total time for which application threads were stopped: 0.0461518 seconds, Stopping threads took: 0.0460401 seconds
[2019-12-09T03:23:05.881+0000][1][safepoint    ] Application time: 1.0017818 seconds
[2019-12-09T03:23:05.949+0000][1][safepoint    ] Entering safepoint region: Cleanup
[2019-12-09T03:23:05.949+0000][1][safepoint    ] Leaving safepoint region
[2019-12-09T03:23:05.949+0000][1][safepoint    ] Total time for which application threads were stopped: 0.0680820 seconds, Stopping threads took: 0.0680002 seconds
[2019-12-09T03:23:06.270+0000][1][safepoint    ] Application time: 0.3209038 seconds
[2019-12-09T03:23:06.270+0000][1][safepoint    ] Entering safepoint region: GenCollectForAllocation
[2019-12-09T03:23:06.270+0000][1][gc,start     ] GC(19) Pause Young (Allocation Failure)
[2019-12-09T03:23:06.270+0000][1][gc,task      ] GC(19) Using 2 workers of 2 for evacuation
[2019-12-09T03:23:06.431+0000][1][gc,age       ] GC(19) Desired survivor size 4456448 bytes, new threshold 2 (max threshold 6)
[2019-12-09T03:23:06.431+0000][1][gc,age       ] GC(19) Age table with threshold 2 (max threshold 6)
[2019-12-09T03:23:06.431+0000][1][gc,age       ] GC(19) - age   1:    2851088 bytes,    2851088 total
[2019-12-09T03:23:06.431+0000][1][gc,age       ] GC(19) - age   2:    2020072 bytes,    4871160 total
[2019-12-09T03:23:06.431+0000][1][gc,age       ] GC(19) - age   3:    1138496 bytes,    6009656 total
[2019-12-09T03:23:06.431+0000][1][gc,heap      ] GC(19) ParNew: 74152K->7159K(78656K)
[2019-12-09T03:23:06.431+0000][1][gc,heap      ] GC(19) CMS: 54734K->54734K(174784K)
[2019-12-09T03:23:06.431+0000][1][gc,metaspace ] GC(19) Metaspace: 43030K->43030K(1089536K)
[2019-12-09T03:23:06.431+0000][1][gc           ] GC(19) Pause Young (Allocation Failure) 125M->60M(247M) 161.566ms
[2019-12-09T03:23:06.431+0000][1][gc,cpu       ] GC(19) User=0.04s Sys=0.00s Real=0.16s
[2019-12-09T03:23:06.432+0000][1][safepoint    ] Leaving safepoint region
[2019-12-09T03:23:06.432+0000][1][safepoint    ] Total time for which application threads were stopped: 0.1617392 seconds, Stopping threads took: 0.0000125 seconds
[2019-12-09T03:23:06.434+0000][1][safepoint    ] Application time: 0.0022008 seconds
[2019-12-09T03:23:06.434+0000][1][safepoint    ] Entering safepoint region: RevokeBias
[2019-12-09T03:23:06.434+0000][1][safepoint    ] Leaving safepoint region
[2019-12-09T03:23:06.434+0000][1][safepoint    ] Total time for which application threads were stopped: 0.0000688 seconds, Stopping threads took: 0.0000129 seconds
[2019-12-09T03:23:07.438+0000][1][safepoint    ] Application time: 1.0038710 seconds
[2019-12-09T03:23:07.470+0000][1][safepoint    ] Entering safepoint region: Cleanup
[2019-12-09T03:23:07.470+0000][1][safepoint    ] Leaving safepoint region
[2019-12-09T03:23:07.470+0000][1][safepoint    ] Total time for which application threads were stopped: 0.0321168 seconds, Stopping threads took: 0.0320442 seconds
[2019-12-09T03:23:07.841+0000][1][safepoint    ] Application time: 0.3710695 seconds
[2019-12-09T03:23:07.841+0000][1][safepoint    ] Entering safepoint region: RevokeBias
[2019-12-09T03:23:07.841+0000][1][safepoint    ] Leaving safepoint region
[2019-12-09T03:23:07.841+0000][1][safepoint    ] Total time for which application threads were stopped: 0.0001404 seconds, Stopping threads took: 0.0000410 seconds
[2019-12-09T03:23:07.878+0000][1][safepoint    ] Application time: 0.0364902 seconds
[2019-12-09T03:23:07.878+0000][1][safepoint    ] Entering safepoint region: RevokeBias
[2019-12-09T03:23:07.878+0000][1][safepoint    ] Leaving safepoint region
[2019-12-09T03:23:07.878+0000][1][safepoint    ] Total time for which application threads were stopped: 0.0000975 seconds, Stopping threads took: 0.0000114 seconds
[2019-12-09T03:23:08.893+0000][1][safepoint    ] Application time: 1.0149599 seconds
[2019-12-09T03:23:08.893+0000][1][safepoint    ] Entering safepoint region: Cleanup
[2019-12-09T03:23:08.893+0000][1][safepoint    ] Leaving safepoint region
[2019-12-09T03:23:08.893+0000][1][safepoint    ] Total time for which application threads were stopped: 0.0004053 seconds, Stopping threads took: 0.0003448 seconds
[2019-12-09T03:23:09.359+0000][1][safepoint    ] Application time: 0.4656089 seconds
[2019-12-09T03:23:09.370+0000][1][safepoint    ] Entering safepoint region: RevokeBias
[2019-12-09T03:23:09.371+0000][1][safepoint    ] Leaving safepoint region
[2019-12-09T03:23:09.371+0000][1][safepoint    ] Total time for which application threads were stopped: 0.0117629 seconds, Stopping threads took: 0.0112921 seconds
[2019-12-09T03:23:09.371+0000][1][safepoint    ] Application time: 0.0002362 seconds
[2019-12-09T03:23:09.371+0000][1][safepoint    ] Entering safepoint region: RevokeBias
[2019-12-09T03:23:09.371+0000][1][safepoint    ] Leaving safepoint region
[2019-12-09T03:23:09.371+0000][1][safepoint    ] Total time for which application threads were stopped: 0.0000774 seconds, Stopping threads took: 0.0000107 seconds
[2019-12-09T03:23:09.371+0000][1][safepoint    ] Application time: 0.0000607 seconds
[2019-12-09T03:23:09.371+0000][1][safepoint    ] Entering safepoint region: RevokeBias
[2019-12-09T03:23:09.371+0000][1][safepoint    ] Leaving safepoint region
[2019-12-09T03:23:09.371+0000][1][safepoint    ] Total time for which application threads were stopped: 0.0000514 seconds, Stopping threads took: 0.0000078 seconds
[2019-12-09T03:23:09.963+0000][1][safepoint    ] Application time: 0.5920879 seconds
[2019-12-09T03:23:09.963+0000][1][safepoint    ] Entering safepoint region: RevokeBias
[2019-12-09T03:23:09.963+0000][1][safepoint    ] Leaving safepoint region
[2019-12-09T03:23:09.963+0000][1][safepoint    ] Total time for which application threads were stopped: 0.0001002 seconds, Stopping threads took: 0.0000142 seconds
[2019-12-09T03:23:09.963+0000][1][safepoint    ] Application time: 0.0000981 seconds
[2019-12-09T03:23:09.963+0000][1][safepoint    ] Entering safepoint region: RevokeBias
[2019-12-09T03:23:09.963+0000][1][safepoint    ] Leaving safepoint region
[2019-12-09T03:23:09.963+0000][1][safepoint    ] Total time for which application threads were stopped: 0.0000696 seconds, Stopping threads took: 0.0000098 seconds
[2019-12-09T03:23:09.964+0000][1][safepoint    ] Application time: 0.0000606 seconds
[2019-12-09T03:23:09.964+0000][1][safepoint    ] Entering safepoint region: RevokeBias
[2019-12-09T03:23:09.964+0000][1][safepoint    ] Leaving safepoint region
[2019-12-09T03:23:09.964+0000][1][safepoint    ] Total time for which application threads were stopped: 0.0000562 seconds, Stopping threads took: 0.0000084 seconds
[2019-12-09T03:23:09.964+0000][1][safepoint    ] Application time: 0.0001435 seconds
[2019-12-09T03:23:09.964+0000][1][safepoint    ] Entering safepoint region: RevokeBias
[2019-12-09T03:23:09.964+0000][1][safepoint    ] Leaving safepoint region
[2019-12-09T03:23:09.964+0000][1][safepoint    ] Total time for which application threads were stopped: 0.0000682 seconds, Stopping threads took: 0.0000102 seconds
[2019-12-09T03:23:09.964+0000][1][safepoint    ] Application time: 0.0002079 seconds
[2019-12-09T03:23:09.964+0000][1][safepoint    ] Entering safepoint region: RevokeBias
[2019-12-09T03:23:09.964+0000][1][safepoint    ] Leaving safepoint region
[2019-12-09T03:23:09.964+0000][1][safepoint    ] Total time for which application threads were stopped: 0.0000701 seconds, Stopping threads took: 0.0000100 seconds
[2019-12-09T03:23:09.965+0000][1][safepoint    ] Application time: 0.0004521 seconds
[2019-12-09T03:23:09.965+0000][1][safepoint    ] Entering safepoint region: RevokeBias
[2019-12-09T03:23:09.965+0000][1][safepoint    ] Leaving safepoint region
[2019-12-09T03:23:09.965+0000][1][safepoint    ] Total time for which application threads were stopped: 0.0000842 seconds, Stopping threads took: 0.0000104 seconds
[2019-12-09T03:23:09.965+0000][1][safepoint    ] Application time: 0.0001838 seconds
[2019-12-09T03:23:09.965+0000][1][safepoint    ] Entering safepoint region: RevokeBias
[2019-12-09T03:23:09.965+0000][1][safepoint    ] Leaving safepoint region
[2019-12-09T03:23:09.965+0000][1][safepoint    ] Total time for which application threads were stopped: 0.0000658 seconds, Stopping threads took: 0.0000095 seconds
[2019-12-09T03:23:09.965+0000][1][safepoint    ] Application time: 0.0000552 seconds
[2019-12-09T03:23:09.965+0000][1][safepoint    ] Entering safepoint region: RevokeBias
[2019-12-09T03:23:09.965+0000][1][safepoint    ] Leaving safepoint region
[2019-12-09T03:23:09.965+0000][1][safepoint    ] Total time for which application threads were stopped: 0.0000526 seconds, Stopping threads took: 0.0000087 seconds
[2019-12-09T03:23:09.965+0000][1][safepoint    ] Application time: 0.0000541 seconds
[2019-12-09T03:23:09.965+0000][1][safepoint    ] Entering safepoint region: RevokeBias
[2019-12-09T03:23:09.965+0000][1][safepoint    ] Leaving safepoint region
[2019-12-09T03:23:09.965+0000][1][safepoint    ] Total time for which application threads were stopped: 0.0000452 seconds, Stopping threads took: 0.0000076 seconds
[2019-12-09T03:23:09.965+0000][1][safepoint    ] Application time: 0.0000517 seconds
[2019-12-09T03:23:09.965+0000][1][safepoint    ] Entering safepoint region: RevokeBias
[2019-12-09T03:23:09.965+0000][1][safepoint    ] Leaving safepoint region
[2019-12-09T03:23:09.965+0000][1][safepoint    ] Total time for which application threads were stopped: 0.0000494 seconds, Stopping threads took: 0.0000079 seconds
[2019-12-09T03:23:09.965+0000][1][safepoint    ] Application time: 0.0000533 seconds
[2019-12-09T03:23:09.965+0000][1][safepoint    ] Entering safepoint region: RevokeBias
[2019-12-09T03:23:09.965+0000][1][safepoint    ] Leaving safepoint region
[2019-12-09T03:23:09.965+0000][1][safepoint    ] Total time for which application threads were stopped: 0.0000461 seconds, Stopping threads took: 0.0000076 seconds
[2019-12-09T03:23:09.966+0000][1][safepoint    ] Application time: 0.0000496 seconds
[2019-12-09T03:23:09.966+0000][1][safepoint    ] Entering safepoint region: RevokeBias
[2019-12-09T03:23:09.966+0000][1][safepoint    ] Leaving safepoint region
[2019-12-09T03:23:09.966+0000][1][safepoint    ] Total time for which application threads were stopped: 0.0000439 seconds, Stopping threads took: 0.0000074 seconds
[2019-12-09T03:23:09.966+0000][1][safepoint    ] Application time: 0.0000490 seconds
[2019-12-09T03:23:09.966+0000][1][safepoint    ] Entering safepoint region: RevokeBias
[2019-12-09T03:23:09.966+0000][1][safepoint    ] Leaving safepoint region
[2019-12-09T03:23:09.966+0000][1][safepoint    ] Total time for which application threads were stopped: 0.0000663 seconds, Stopping threads took: 0.0000074 seconds
[2019-12-09T03:23:09.966+0000][1][safepoint    ] Application time: 0.0000520 seconds
[2019-12-09T03:23:09.966+0000][1][safepoint    ] Entering safepoint region: RevokeBias
[2019-12-09T03:23:09.966+0000][1][safepoint    ] Leaving safepoint region
[2019-12-09T03:23:09.966+0000][1][safepoint    ] Total time for which application threads were stopped: 0.0000460 seconds, Stopping threads took: 0.0000076 seconds
[2019-12-09T03:23:09.966+0000][1][safepoint    ] Application time: 0.0000503 seconds
[2019-12-09T03:23:09.966+0000][1][safepoint    ] Entering safepoint region: RevokeBias
[2019-12-09T03:23:09.966+0000][1][safepoint    ] Leaving safepoint region
[2019-12-09T03:23:09.966+0000][1][safepoint    ] Total time for which application threads were stopped: 0.0000431 seconds, Stopping threads took: 0.0000073 seconds
[2019-12-09T03:23:09.966+0000][1][safepoint    ] Application time: 0.0000487 seconds
[2019-12-09T03:23:09.966+0000][1][safepoint    ] Entering safepoint region: RevokeBias
[2019-12-09T03:23:09.966+0000][1][safepoint    ] Leaving safepoint region
[2019-12-09T03:23:09.966+0000][1][safepoint    ] Total time for which application threads were stopped: 0.0000427 seconds, Stopping threads took: 0.0000074 seconds
[2019-12-09T03:23:09.966+0000][1][safepoint    ] Application time: 0.0000486 seconds
[2019-12-09T03:23:09.966+0000][1][safepoint    ] Entering safepoint region: RevokeBias
[2019-12-09T03:23:09.966+0000][1][safepoint    ] Leaving safepoint region
[2019-12-09T03:23:09.966+0000][1][safepoint    ] Total time for which application threads were stopped: 0.0000432 seconds, Stopping threads took: 0.0000073 seconds
[2019-12-09T03:23:09.966+0000][1][safepoint    ] Application time: 0.0000486 seconds
[2019-12-09T03:23:09.966+0000][1][safepoint    ] Entering safepoint region: RevokeBias
[2019-12-09T03:23:09.966+0000][1][safepoint    ] Leaving safepoint region
[2019-12-09T03:23:09.966+0000][1][safepoint    ] Total time for which application threads were stopped: 0.0000429 seconds, Stopping threads took: 0.0000074 seconds
[2019-12-09T03:23:09.966+0000][1][safepoint    ] Application time: 0.0000487 seconds
[2019-12-09T03:23:09.966+0000][1][safepoint    ] Entering safepoint region: RevokeBias
[2019-12-09T03:23:09.966+0000][1][safepoint    ] Leaving safepoint region
[2019-12-09T03:23:09.966+0000][1][safepoint    ] Total time for which application threads were stopped: 0.0000433 seconds, Stopping threads took: 0.0000074 seconds
[2019-12-09T03:23:09.966+0000][1][safepoint    ] Application time: 0.0000553 seconds
[2019-12-09T03:23:09.966+0000][1][safepoint    ] Entering safepoint region: RevokeBias
[2019-12-09T03:23:09.966+0000][1][safepoint    ] Leaving safepoint region
[2019-12-09T03:23:09.966+0000][1][safepoint    ] Total time for which application threads were stopped: 0.0000439 seconds, Stopping threads took: 0.0000075 seconds
[2019-12-09T03:23:09.967+0000][1][safepoint    ] Application time: 0.0000493 seconds
[2019-12-09T03:23:09.967+0000][1][safepoint    ] Entering safepoint region: RevokeBias
[2019-12-09T03:23:09.967+0000][1][safepoint    ] Leaving safepoint region
[2019-12-09T03:23:09.967+0000][1][safepoint    ] Total time for which application threads were stopped: 0.0000432 seconds, Stopping threads took: 0.0000074 seconds
[2019-12-09T03:23:09.967+0000][1][safepoint    ] Application time: 0.0000486 seconds
[2019-12-09T03:23:09.967+0000][1][safepoint    ] Entering safepoint region: RevokeBias
[2019-12-09T03:23:09.967+0000][1][safepoint    ] Leaving safepoint region
[2019-12-09T03:23:09.967+0000][1][safepoint    ] Total time for which application threads were stopped: 0.0000427 seconds, Stopping threads took: 0.0000072 seconds
[2019-12-09T03:23:09.967+0000][1][safepoint    ] Application time: 0.0000513 seconds
[2019-12-09T03:23:09.967+0000][1][safepoint    ] Entering safepoint region: RevokeBias
[2019-12-09T03:23:09.967+0000][1][safepoint    ] Leaving safepoint region
[2019-12-09T03:23:09.967+0000][1][safepoint    ] Total time for which application threads were stopped: 0.0000508 seconds, Stopping threads took: 0.0000082 seconds
[2019-12-09T03:23:09.967+0000][1][safepoint    ] Application time: 0.0000506 seconds
[2019-12-09T03:23:09.967+0000][1][safepoint    ] Entering safepoint region: BulkRevokeBias
[2019-12-09T03:23:09.967+0000][1][safepoint    ] Leaving safepoint region
[2019-12-09T03:23:09.967+0000][1][safepoint    ] Total time for which application threads were stopped: 0.0001024 seconds, Stopping threads took: 0.0000080 seconds
[2019-12-09T03:23:09.967+0000][1][safepoint    ] Application time: 0.0001536 seconds
[2019-12-09T03:23:09.967+0000][1][safepoint    ] Entering safepoint region: RevokeBias
[2019-12-09T03:23:09.967+0000][1][safepoint    ] Leaving safepoint region
[2019-12-09T03:23:09.967+0000][1][safepoint    ] Total time for which application threads were stopped: 0.0000629 seconds, Stopping threads took: 0.0000089 seconds
[2019-12-09T03:23:09.967+0000][1][safepoint    ] Application time: 0.0000753 seconds
[2019-12-09T03:23:09.967+0000][1][safepoint    ] Entering safepoint region: RevokeBias
[2019-12-09T03:23:09.967+0000][1][safepoint    ] Leaving safepoint region
[2019-12-09T03:23:09.967+0000][1][safepoint    ] Total time for which application threads were stopped: 0.0000599 seconds, Stopping threads took: 0.0000084 seconds
[2019-12-09T03:23:09.967+0000][1][safepoint    ] Application time: 0.0001214 seconds
[2019-12-09T03:23:09.967+0000][1][safepoint    ] Entering safepoint region: RevokeBias
[2019-12-09T03:23:09.968+0000][1][safepoint    ] Leaving safepoint region
[2019-12-09T03:23:09.968+0000][1][safepoint    ] Total time for which application threads were stopped: 0.0000557 seconds, Stopping threads took: 0.0000083 seconds
[2019-12-09T03:23:09.968+0000][1][safepoint    ] Application time: 0.0000691 seconds
[2019-12-09T03:23:09.968+0000][1][safepoint    ] Entering safepoint region: RevokeBias
[2019-12-09T03:23:09.968+0000][1][safepoint    ] Leaving safepoint region
[2019-12-09T03:23:09.968+0000][1][safepoint    ] Total time for which application threads were stopped: 0.0000860 seconds, Stopping threads took: 0.0000073 seconds
[2019-12-09T03:23:09.968+0000][1][safepoint    ] Application time: 0.0000749 seconds
[2019-12-09T03:23:09.968+0000][1][safepoint    ] Entering safepoint region: RevokeBias
[2019-12-09T03:23:09.968+0000][1][safepoint    ] Leaving safepoint region
[2019-12-09T03:23:09.968+0000][1][safepoint    ] Total time for which application threads were stopped: 0.0000586 seconds, Stopping threads took: 0.0000081 seconds
[2019-12-09T03:23:09.968+0000][1][safepoint    ] Application time: 0.0000574 seconds
[2019-12-09T03:23:09.968+0000][1][safepoint    ] Entering safepoint region: RevokeBias
[2019-12-09T03:23:09.968+0000][1][safepoint    ] Leaving safepoint region
[2019-12-09T03:23:09.968+0000][1][safepoint    ] Total time for which application threads were stopped: 0.0000490 seconds, Stopping threads took: 0.0000080 seconds
[2019-12-09T03:23:09.968+0000][1][safepoint    ] Application time: 0.0001745 seconds
[2019-12-09T03:23:09.968+0000][1][safepoint    ] Entering safepoint region: RevokeBias
[2019-12-09T03:23:09.968+0000][1][safepoint    ] Leaving safepoint region
[2019-12-09T03:23:09.968+0000][1][safepoint    ] Total time for which application threads were stopped: 0.0000596 seconds, Stopping threads took: 0.0000086 seconds
[2019-12-09T03:23:09.968+0000][1][safepoint    ] Application time: 0.0000718 seconds
[2019-12-09T03:23:09.968+0000][1][safepoint    ] Entering safepoint region: BulkRevokeBias
[2019-12-09T03:23:09.968+0000][1][safepoint    ] Leaving safepoint region
[2019-12-09T03:23:09.968+0000][1][safepoint    ] Total time for which application threads were stopped: 0.0001516 seconds, Stopping threads took: 0.0000096 seconds
[2019-12-09T03:23:09.969+0000][1][safepoint    ] Application time: 0.0003254 seconds
[2019-12-09T03:23:09.969+0000][1][safepoint    ] Entering safepoint region: RevokeBias
[2019-12-09T03:23:09.969+0000][1][safepoint    ] Leaving safepoint region
[2019-12-09T03:23:09.969+0000][1][safepoint    ] Total time for which application threads were stopped: 0.0000704 seconds, Stopping threads took: 0.0000103 seconds
[2019-12-09T03:23:09.969+0000][1][safepoint    ] Application time: 0.0001209 seconds
[2019-12-09T03:23:09.969+0000][1][safepoint    ] Entering safepoint region: RevokeBias
[2019-12-09T03:23:09.969+0000][1][safepoint    ] Leaving safepoint region
[2019-12-09T03:23:09.969+0000][1][safepoint    ] Total time for which application threads were stopped: 0.0000551 seconds, Stopping threads took: 0.0000079 seconds
[2019-12-09T03:23:09.969+0000][1][safepoint    ] Application time: 0.0001810 seconds
[2019-12-09T03:23:09.969+0000][1][safepoint    ] Entering safepoint region: RevokeBias
[2019-12-09T03:23:09.969+0000][1][safepoint    ] Leaving safepoint region
[2019-12-09T03:23:09.969+0000][1][safepoint    ] Total time for which application threads were stopped: 0.0000551 seconds, Stopping threads took: 0.0000084 seconds
[2019-12-09T03:23:09.969+0000][1][safepoint    ] Application time: 0.0000697 seconds
[2019-12-09T03:23:09.969+0000][1][safepoint    ] Entering safepoint region: RevokeBias
[2019-12-09T03:23:09.969+0000][1][safepoint    ] Leaving safepoint region
[2019-12-09T03:23:09.969+0000][1][safepoint    ] Total time for which application threads were stopped: 0.0000484 seconds, Stopping threads took: 0.0000085 seconds
[2019-12-09T03:23:09.970+0000][1][safepoint    ] Application time: 0.0000506 seconds
[2019-12-09T03:23:09.970+0000][1][safepoint    ] Entering safepoint region: RevokeBias
[2019-12-09T03:23:09.970+0000][1][safepoint    ] Leaving safepoint region
[2019-12-09T03:23:09.970+0000][1][safepoint    ] Total time for which application threads were stopped: 0.0000451 seconds, Stopping threads took: 0.0000081 seconds
[2019-12-09T03:23:09.970+0000][1][safepoint    ] Application time: 0.0000502 seconds
[2019-12-09T03:23:09.970+0000][1][safepoint    ] Entering safepoint region: RevokeBias
[2019-12-09T03:23:09.970+0000][1][safepoint    ] Leaving safepoint region
[2019-12-09T03:23:09.970+0000][1][safepoint    ] Total time for which application threads were stopped: 0.0000634 seconds, Stopping threads took: 0.0000225 seconds
[2019-12-09T03:23:09.970+0000][1][safepoint    ] Application time: 0.0003392 seconds
[2019-12-09T03:23:09.970+0000][1][safepoint    ] Entering safepoint region: RevokeBias
[2019-12-09T03:23:09.970+0000][1][safepoint    ] Leaving safepoint region
[2019-12-09T03:23:09.970+0000][1][safepoint    ] Total time for which application threads were stopped: 0.0000525 seconds, Stopping threads took: 0.0000089 seconds
[2019-12-09T03:23:09.970+0000][1][safepoint    ] Application time: 0.0001102 seconds
[2019-12-09T03:23:09.970+0000][1][safepoint    ] Entering safepoint region: RevokeBias
[2019-12-09T03:23:09.970+0000][1][safepoint    ] Leaving safepoint region
[2019-12-09T03:23:09.970+0000][1][safepoint    ] Total time for which application threads were stopped: 0.0000460 seconds, Stopping threads took: 0.0000078 seconds
[2019-12-09T03:23:09.970+0000][1][safepoint    ] Application time: 0.0001418 seconds
[2019-12-09T03:23:09.970+0000][1][safepoint    ] Entering safepoint region: RevokeBias
[2019-12-09T03:23:09.971+0000][1][safepoint    ] Leaving safepoint region
[2019-12-09T03:23:09.971+0000][1][safepoint    ] Total time for which application threads were stopped: 0.0000477 seconds, Stopping threads took: 0.0000074 seconds
[2019-12-09T03:23:09.971+0000][1][safepoint    ] Application time: 0.0003448 seconds
[2019-12-09T03:23:09.971+0000][1][safepoint    ] Entering safepoint region: RevokeBias
[2019-12-09T03:23:09.971+0000][1][safepoint    ] Leaving safepoint region
[2019-12-09T03:23:09.971+0000][1][safepoint    ] Total time for which application threads were stopped: 0.0000628 seconds, Stopping threads took: 0.0000103 seconds
[2019-12-09T03:23:09.971+0000][1][safepoint    ] Application time: 0.0003848 seconds
[2019-12-09T03:23:09.971+0000][1][safepoint    ] Entering safepoint region: RevokeBias
[2019-12-09T03:23:09.971+0000][1][safepoint    ] Leaving safepoint region
[2019-12-09T03:23:09.971+0000][1][safepoint    ] Total time for which application threads were stopped: 0.0000665 seconds, Stopping threads took: 0.0000103 seconds
[2019-12-09T03:23:10.006+0000][1][safepoint    ] Application time: 0.0344560 seconds
[2019-12-09T03:23:10.006+0000][1][safepoint    ] Entering safepoint region: RevokeBias
[2019-12-09T03:23:10.006+0000][1][safepoint    ] Leaving safepoint region
[2019-12-09T03:23:10.006+0000][1][safepoint    ] Total time for which application threads were stopped: 0.0002587 seconds, Stopping threads took: 0.0001602 seconds
[2019-12-09T03:23:10.007+0000][1][safepoint    ] Application time: 0.0003154 seconds
[2019-12-09T03:23:10.007+0000][1][safepoint    ] Entering safepoint region: RevokeBias
[2019-12-09T03:23:10.007+0000][1][safepoint    ] Leaving safepoint region
[2019-12-09T03:23:10.007+0000][1][safepoint    ] Total time for which application threads were stopped: 0.0000780 seconds, Stopping threads took: 0.0000100 seconds
[2019-12-09T03:23:10.010+0000][1][safepoint    ] Application time: 0.0036860 seconds
[2019-12-09T03:23:10.010+0000][1][safepoint    ] Entering safepoint region: RevokeBias
[2019-12-09T03:23:10.010+0000][1][safepoint    ] Leaving safepoint region
[2019-12-09T03:23:10.010+0000][1][safepoint    ] Total time for which application threads were stopped: 0.0001345 seconds, Stopping threads took: 0.0000771 seconds
[2019-12-09T03:23:10.011+0000][1][safepoint    ] Application time: 0.0004513 seconds
[2019-12-09T03:23:10.011+0000][1][safepoint    ] Entering safepoint region: RevokeBias
[2019-12-09T03:23:10.011+0000][1][safepoint    ] Leaving safepoint region
[2019-12-09T03:23:10.011+0000][1][safepoint    ] Total time for which application threads were stopped: 0.0000868 seconds, Stopping threads took: 0.0000103 seconds
[2019-12-09T03:23:10.011+0000][1][safepoint    ] Application time: 0.0000434 seconds
[2019-12-09T03:23:10.011+0000][1][safepoint    ] Entering safepoint region: RevokeBias
[2019-12-09T03:23:10.011+0000][1][safepoint    ] Leaving safepoint region
[2019-12-09T03:23:10.011+0000][1][safepoint    ] Total time for which application threads were stopped: 0.0000558 seconds, Stopping threads took: 0.0000083 seconds
[2019-12-09T03:23:10.011+0000][1][safepoint    ] Application time: 0.0000449 seconds
[2019-12-09T03:23:10.011+0000][1][safepoint    ] Entering safepoint region: RevokeBias
[2019-12-09T03:23:10.011+0000][1][safepoint    ] Leaving safepoint region
[2019-12-09T03:23:10.011+0000][1][safepoint    ] Total time for which application threads were stopped: 0.0000551 seconds, Stopping threads took: 0.0000082 seconds
[2019-12-09T03:23:10.011+0000][1][safepoint    ] Application time: 0.0000401 seconds
[2019-12-09T03:23:10.011+0000][1][safepoint    ] Entering safepoint region: RevokeBias
[2019-12-09T03:23:10.011+0000][1][safepoint    ] Leaving safepoint region
[2019-12-09T03:23:10.011+0000][1][safepoint    ] Total time for which application threads were stopped: 0.0000508 seconds, Stopping threads took: 0.0000082 seconds
[2019-12-09T03:23:10.012+0000][1][safepoint    ] Application time: 0.0009132 seconds
[2019-12-09T03:23:10.012+0000][1][safepoint    ] Entering safepoint region: RevokeBias
[2019-12-09T03:23:10.012+0000][1][safepoint    ] Leaving safepoint region
[2019-12-09T03:23:10.012+0000][1][safepoint    ] Total time for which application threads were stopped: 0.0000520 seconds, Stopping threads took: 0.0000107 seconds
[2019-12-09T03:23:10.012+0000][1][safepoint    ] Application time: 0.0000371 seconds
[2019-12-09T03:23:10.012+0000][1][safepoint    ] Entering safepoint region: RevokeBias
[2019-12-09T03:23:10.012+0000][1][safepoint    ] Leaving safepoint region
[2019-12-09T03:23:10.012+0000][1][safepoint    ] Total time for which application threads were stopped: 0.0000349 seconds, Stopping threads took: 0.0000082 seconds
[2019-12-09T03:23:10.013+0000][1][safepoint    ] Application time: 0.0000392 seconds
[2019-12-09T03:23:10.013+0000][1][safepoint    ] Entering safepoint region: RevokeBias
[2019-12-09T03:23:10.013+0000][1][safepoint    ] Leaving safepoint region
[2019-12-09T03:23:10.013+0000][1][safepoint    ] Total time for which application threads were stopped: 0.0000412 seconds, Stopping threads took: 0.0000083 seconds
[2019-12-09T03:23:10.013+0000][1][safepoint    ] Application time: 0.0000350 seconds
[2019-12-09T03:23:10.013+0000][1][safepoint    ] Entering safepoint region: RevokeBias
[2019-12-09T03:23:10.013+0000][1][safepoint    ] Leaving safepoint region
[2019-12-09T03:23:10.013+0000][1][safepoint    ] Total time for which application threads were stopped: 0.0000335 seconds, Stopping threads took: 0.0000080 seconds
[2019-12-09T03:23:10.013+0000][1][safepoint    ] Application time: 0.0000492 seconds
[2019-12-09T03:23:10.013+0000][1][safepoint    ] Entering safepoint region: RevokeBias
[2019-12-09T03:23:10.013+0000][1][safepoint    ] Leaving safepoint region
[2019-12-09T03:23:10.013+0000][1][safepoint    ] Total time for which application threads were stopped: 0.0000332 seconds, Stopping threads took: 0.0000081 seconds
[2019-12-09T03:23:10.013+0000][1][safepoint    ] Application time: 0.0000345 seconds
[2019-12-09T03:23:10.013+0000][1][safepoint    ] Entering safepoint region: RevokeBias
[2019-12-09T03:23:10.013+0000][1][safepoint    ] Leaving safepoint region
[2019-12-09T03:23:10.013+0000][1][safepoint    ] Total time for which application threads were stopped: 0.0000322 seconds, Stopping threads took: 0.0000078 seconds
[2019-12-09T03:23:10.013+0000][1][safepoint    ] Application time: 0.0000364 seconds
[2019-12-09T03:23:10.013+0000][1][safepoint    ] Entering safepoint region: RevokeBias
[2019-12-09T03:23:10.013+0000][1][safepoint    ] Leaving safepoint region
[2019-12-09T03:23:10.013+0000][1][safepoint    ] Total time for which application threads were stopped: 0.0000327 seconds, Stopping threads took: 0.0000081 seconds
[2019-12-09T03:23:10.013+0000][1][safepoint    ] Application time: 0.0000371 seconds
[2019-12-09T03:23:10.013+0000][1][safepoint    ] Entering safepoint region: RevokeBias
[2019-12-09T03:23:10.013+0000][1][safepoint    ] Leaving safepoint region
[2019-12-09T03:23:10.013+0000][1][safepoint    ] Total time for which application threads were stopped: 0.0000321 seconds, Stopping threads took: 0.0000081 seconds
[2019-12-09T03:23:10.013+0000][1][safepoint    ] Application time: 0.0000350 seconds
[2019-12-09T03:23:10.013+0000][1][safepoint    ] Entering safepoint region: RevokeBias
[2019-12-09T03:23:10.013+0000][1][safepoint    ] Leaving safepoint region
[2019-12-09T03:23:10.013+0000][1][safepoint    ] Total time for which application threads were stopped: 0.0000321 seconds, Stopping threads took: 0.0000078 seconds
[2019-12-09T03:23:10.013+0000][1][safepoint    ] Application time: 0.0000344 seconds
[2019-12-09T03:23:10.013+0000][1][safepoint    ] Entering safepoint region: RevokeBias
[2019-12-09T03:23:10.013+0000][1][safepoint    ] Leaving safepoint region
[2019-12-09T03:23:10.013+0000][1][safepoint    ] Total time for which application threads were stopped: 0.0000310 seconds, Stopping threads took: 0.0000077 seconds
[2019-12-09T03:23:10.013+0000][1][safepoint    ] Application time: 0.0000374 seconds
[2019-12-09T03:23:10.013+0000][1][safepoint    ] Entering safepoint region: RevokeBias
[2019-12-09T03:23:10.013+0000][1][safepoint    ] Leaving safepoint region
[2019-12-09T03:23:10.013+0000][1][safepoint    ] Total time for which application threads were stopped: 0.0000312 seconds, Stopping threads took: 0.0000074 seconds
[2019-12-09T03:23:10.013+0000][1][safepoint    ] Application time: 0.0000342 seconds
[2019-12-09T03:23:10.013+0000][1][safepoint    ] Entering safepoint region: RevokeBias
[2019-12-09T03:23:10.013+0000][1][safepoint    ] Leaving safepoint region
[2019-12-09T03:23:10.013+0000][1][safepoint    ] Total time for which application threads were stopped: 0.0000416 seconds, Stopping threads took: 0.0000079 seconds
[2019-12-09T03:23:10.013+0000][1][safepoint    ] Application time: 0.0000347 seconds
[2019-12-09T03:23:10.013+0000][1][safepoint    ] Entering safepoint region: RevokeBias
[2019-12-09T03:23:10.013+0000][1][safepoint    ] Leaving safepoint region
[2019-12-09T03:23:10.013+0000][1][safepoint    ] Total time for which application threads were stopped: 0.0000374 seconds, Stopping threads took: 0.0000075 seconds
[2019-12-09T03:23:10.013+0000][1][safepoint    ] Application time: 0.0000347 seconds
[2019-12-09T03:23:10.013+0000][1][safepoint    ] Entering safepoint region: RevokeBias
[2019-12-09T03:23:10.014+0000][1][safepoint    ] Leaving safepoint region
[2019-12-09T03:23:10.014+0000][1][safepoint    ] Total time for which application threads were stopped: 0.0000324 seconds, Stopping threads took: 0.0000078 seconds
[2019-12-09T03:23:10.014+0000][1][safepoint    ] Application time: 0.0000346 seconds
[2019-12-09T03:23:10.014+0000][1][safepoint    ] Entering safepoint region: RevokeBias
[2019-12-09T03:23:10.014+0000][1][safepoint    ] Leaving safepoint region
[2019-12-09T03:23:10.014+0000][1][safepoint    ] Total time for which application threads were stopped: 0.0000317 seconds, Stopping threads took: 0.0000077 seconds
[2019-12-09T03:23:10.014+0000][1][safepoint    ] Application time: 0.0000338 seconds
[2019-12-09T03:23:10.014+0000][1][safepoint    ] Entering safepoint region: RevokeBias
[2019-12-09T03:23:10.014+0000][1][safepoint    ] Leaving safepoint region
[2019-12-09T03:23:10.014+0000][1][safepoint    ] Total time for which application threads were stopped: 0.0000461 seconds, Stopping threads took: 0.0000076 seconds
[2019-12-09T03:23:10.014+0000][1][safepoint    ] Application time: 0.0000361 seconds
[2019-12-09T03:23:10.014+0000][1][safepoint    ] Entering safepoint region: BulkRevokeBias
[2019-12-09T03:23:10.014+0000][1][safepoint    ] Leaving safepoint region
[2019-12-09T03:23:10.014+0000][1][safepoint    ] Total time for which application threads were stopped: 0.0001025 seconds, Stopping threads took: 0.0000079 seconds
[2019-12-09T03:23:10.052+0000][1][safepoint    ] Application time: 0.0380291 seconds
[2019-12-09T03:23:10.052+0000][1][safepoint    ] Entering safepoint region: RevokeBias
[2019-12-09T03:23:10.052+0000][1][safepoint    ] Leaving safepoint region
[2019-12-09T03:23:10.052+0000][1][safepoint    ] Total time for which application threads were stopped: 0.0000559 seconds, Stopping threads took: 0.0000105 seconds
[2019-12-09T03:23:10.063+0000][1][safepoint    ] Application time: 0.0110659 seconds
[2019-12-09T03:23:10.109+0000][1][safepoint    ] Entering safepoint region: RevokeBias
[2019-12-09T03:23:10.109+0000][1][safepoint    ] Leaving safepoint region
[2019-12-09T03:23:10.109+0000][1][safepoint    ] Total time for which application threads were stopped: 0.0456287 seconds, Stopping threads took: 0.0454797 seconds
[2019-12-09T03:23:10.109+0000][1][safepoint    ] Application time: 0.0000659 seconds
[2019-12-09T03:23:10.109+0000][1][safepoint    ] Entering safepoint region: RevokeBias
[2019-12-09T03:23:10.109+0000][1][safepoint    ] Leaving safepoint region
[2019-12-09T03:23:10.109+0000][1][safepoint    ] Total time for which application threads were stopped: 0.0000874 seconds, Stopping threads took: 0.0000080 seconds
[2019-12-09T03:23:10.109+0000][1][safepoint    ] Application time: 0.0002754 seconds
[2019-12-09T03:23:10.109+0000][1][safepoint    ] Entering safepoint region: RevokeBias
[2019-12-09T03:23:10.109+0000][1][safepoint    ] Leaving safepoint region
[2019-12-09T03:23:10.109+0000][1][safepoint    ] Total time for which application threads were stopped: 0.0001219 seconds, Stopping threads took: 0.0000108 seconds
[2019-12-09T03:23:10.111+0000][1][safepoint    ] Application time: 0.0018814 seconds
[2019-12-09T03:23:10.111+0000][1][safepoint    ] Entering safepoint region: RevokeBias
[2019-12-09T03:23:10.111+0000][1][safepoint    ] Leaving safepoint region
[2019-12-09T03:23:10.111+0000][1][safepoint    ] Total time for which application threads were stopped: 0.0000603 seconds, Stopping threads took: 0.0000100 seconds
[2019-12-09T03:23:10.122+0000][1][safepoint    ] Application time: 0.0106862 seconds
[2019-12-09T03:23:10.122+0000][1][safepoint    ] Entering safepoint region: RevokeBias
[2019-12-09T03:23:10.122+0000][1][safepoint    ] Leaving safepoint region
[2019-12-09T03:23:10.122+0000][1][safepoint    ] Total time for which application threads were stopped: 0.0000489 seconds, Stopping threads took: 0.0000105 seconds
[2019-12-09T03:23:10.140+0000][1][safepoint    ] Application time: 0.0175438 seconds
[2019-12-09T03:23:10.140+0000][1][safepoint    ] Entering safepoint region: RevokeBias
[2019-12-09T03:23:10.140+0000][1][safepoint    ] Leaving safepoint region
[2019-12-09T03:23:10.140+0000][1][safepoint    ] Total time for which application threads were stopped: 0.0000504 seconds, Stopping threads took: 0.0000126 seconds
[2019-12-09T03:23:10.166+0000][1][safepoint    ] Application time: 0.0261166 seconds
[2019-12-09T03:23:10.166+0000][1][safepoint    ] Entering safepoint region: RevokeBias
[2019-12-09T03:23:10.166+0000][1][safepoint    ] Leaving safepoint region
[2019-12-09T03:23:10.166+0000][1][safepoint    ] Total time for which application threads were stopped: 0.0000456 seconds, Stopping threads took: 0.0000109 seconds
[2019-12-09T03:23:10.282+0000][1][safepoint    ] Application time: 0.1160684 seconds
[2019-12-09T03:23:10.362+0000][1][safepoint    ] Entering safepoint region: RevokeBias
[2019-12-09T03:23:10.362+0000][1][safepoint    ] Leaving safepoint region
[2019-12-09T03:23:10.362+0000][1][safepoint    ] Total time for which application threads were stopped: 0.0799319 seconds, Stopping threads took: 0.0798391 seconds
[2019-12-09T03:23:10.362+0000][1][safepoint    ] Application time: 0.0000549 seconds
[2019-12-09T03:23:10.362+0000][1][safepoint    ] Entering safepoint region: RevokeBias
[2019-12-09T03:23:10.362+0000][1][safepoint    ] Leaving safepoint region
[2019-12-09T03:23:10.362+0000][1][safepoint    ] Total time for which application threads were stopped: 0.0000339 seconds, Stopping threads took: 0.0000083 seconds
[2019-12-09T03:23:10.918+0000][1][safepoint    ] Application time: 0.5563155 seconds
[2019-12-09T03:23:10.918+0000][1][safepoint    ] Entering safepoint region: RevokeBias
[2019-12-09T03:23:10.918+0000][1][safepoint    ] Leaving safepoint region
[2019-12-09T03:23:10.918+0000][1][safepoint    ] Total time for which application threads were stopped: 0.0000968 seconds, Stopping threads took: 0.0000153 seconds
[2019-12-09T03:23:11.389+0000][1][safepoint    ] Application time: 0.4704918 seconds
[2019-12-09T03:23:11.389+0000][1][safepoint    ] Entering safepoint region: RevokeBias
[2019-12-09T03:23:11.389+0000][1][safepoint    ] Leaving safepoint region
[2019-12-09T03:23:11.389+0000][1][safepoint    ] Total time for which application threads were stopped: 0.0001443 seconds, Stopping threads took: 0.0000974 seconds
[2019-12-09T03:23:11.389+0000][1][safepoint    ] Application time: 0.0000764 seconds
[2019-12-09T03:23:11.389+0000][1][safepoint    ] Entering safepoint region: RevokeBias
[2019-12-09T03:23:11.389+0000][1][safepoint    ] Leaving safepoint region
[2019-12-09T03:23:11.389+0000][1][safepoint    ] Total time for which application threads were stopped: 0.0000302 seconds, Stopping threads took: 0.0000073 seconds
[2019-12-09T03:23:11.817+0000][1][safepoint    ] Application time: 0.4277813 seconds
[2019-12-09T03:23:11.817+0000][1][safepoint    ] Entering safepoint region: GenCollectForAllocation
[2019-12-09T03:23:11.817+0000][1][gc,start     ] GC(20) Pause Young (Allocation Failure)
[2019-12-09T03:23:11.817+0000][1][gc,task      ] GC(20) Using 2 workers of 2 for evacuation
[2019-12-09T03:23:12.063+0000][1][gc,age       ] GC(20) Desired survivor size 4456448 bytes, new threshold 2 (max threshold 6)
[2019-12-09T03:23:12.063+0000][1][gc,age       ] GC(20) Age table with threshold 2 (max threshold 6)
[2019-12-09T03:23:12.063+0000][1][gc,age       ] GC(20) - age   1:    2429144 bytes,    2429144 total
[2019-12-09T03:23:12.063+0000][1][gc,age       ] GC(20) - age   2:    2781560 bytes,    5210704 total
[2019-12-09T03:23:12.063+0000][1][gc,heap      ] GC(20) ParNew: 77111K->7676K(78656K)
[2019-12-09T03:23:12.063+0000][1][gc,heap      ] GC(20) CMS: 54734K->57907K(174784K)
[2019-12-09T03:23:12.063+0000][1][gc,metaspace ] GC(20) Metaspace: 48456K->48456K(1093632K)
[2019-12-09T03:23:12.063+0000][1][gc           ] GC(20) Pause Young (Allocation Failure) 128M->64M(247M) 245.926ms
[2019-12-09T03:23:12.063+0000][1][gc,cpu       ] GC(20) User=0.06s Sys=0.00s Real=0.24s
[2019-12-09T03:23:12.063+0000][1][safepoint    ] Leaving safepoint region
[2019-12-09T03:23:12.063+0000][1][safepoint    ] Total time for which application threads were stopped: 0.2460728 seconds, Stopping threads took: 0.0000155 seconds
[2019-12-09T03:23:12.440+0000][1][safepoint    ] Application time: 0.3765471 seconds
[2019-12-09T03:23:12.440+0000][1][safepoint    ] Entering safepoint region: RevokeBias
[2019-12-09T03:23:12.440+0000][1][safepoint    ] Leaving safepoint region
[2019-12-09T03:23:12.440+0000][1][safepoint    ] Total time for which application threads were stopped: 0.0001069 seconds, Stopping threads took: 0.0000520 seconds
[2019-12-09T03:23:12.943+0000][1][safepoint    ] Application time: 0.5029853 seconds
[2019-12-09T03:23:12.943+0000][1][safepoint    ] Entering safepoint region: RevokeBias
[2019-12-09T03:23:12.943+0000][1][safepoint    ] Leaving safepoint region
[2019-12-09T03:23:12.943+0000][1][safepoint    ] Total time for which application threads were stopped: 0.0004647 seconds, Stopping threads took: 0.0000149 seconds
[2019-12-09T03:23:13.179+0000][1][safepoint    ] Application time: 0.2352328 seconds
[2019-12-09T03:23:13.179+0000][1][safepoint    ] Entering safepoint region: RevokeBias
[2019-12-09T03:23:13.179+0000][1][safepoint    ] Leaving safepoint region
[2019-12-09T03:23:13.179+0000][1][safepoint    ] Total time for which application threads were stopped: 0.0000815 seconds, Stopping threads took: 0.0000139 seconds
[2019-12-09T03:23:13.535+0000][1][safepoint    ] Application time: 0.3559838 seconds
[2019-12-09T03:23:13.535+0000][1][safepoint    ] Entering safepoint region: RevokeBias
[2019-12-09T03:23:13.535+0000][1][safepoint    ] Leaving safepoint region
[2019-12-09T03:23:13.535+0000][1][safepoint    ] Total time for which application threads were stopped: 0.0003905 seconds, Stopping threads took: 0.0003235 seconds
[2019-12-09T03:23:13.602+0000][1][safepoint    ] Application time: 0.0672434 seconds
[2019-12-09T03:23:13.602+0000][1][safepoint    ] Entering safepoint region: RevokeBias
[2019-12-09T03:23:13.602+0000][1][safepoint    ] Leaving safepoint region
[2019-12-09T03:23:13.602+0000][1][safepoint    ] Total time for which application threads were stopped: 0.0000690 seconds, Stopping threads took: 0.0000133 seconds
[2019-12-09T03:23:13.604+0000][1][safepoint    ] Application time: 0.0010077 seconds
[2019-12-09T03:23:13.604+0000][1][safepoint    ] Entering safepoint region: RevokeBias
[2019-12-09T03:23:13.604+0000][1][safepoint    ] Leaving safepoint region
[2019-12-09T03:23:13.604+0000][1][safepoint    ] Total time for which application threads were stopped: 0.0000623 seconds, Stopping threads took: 0.0000139 seconds
[2019-12-09T03:23:13.668+0000][1][safepoint    ] Application time: 0.0644710 seconds
[2019-12-09T03:23:13.668+0000][1][safepoint    ] Entering safepoint region: RevokeBias
[2019-12-09T03:23:13.668+0000][1][safepoint    ] Leaving safepoint region
[2019-12-09T03:23:13.668+0000][1][safepoint    ] Total time for which application threads were stopped: 0.0000701 seconds, Stopping threads took: 0.0000159 seconds
[2019-12-09T03:23:13.695+0000][1][safepoint    ] Application time: 0.0272152 seconds
[2019-12-09T03:23:13.695+0000][1][safepoint    ] Entering safepoint region: RevokeBias
[2019-12-09T03:23:13.696+0000][1][safepoint    ] Leaving safepoint region
[2019-12-09T03:23:13.696+0000][1][safepoint    ] Total time for which application threads were stopped: 0.0000670 seconds, Stopping threads took: 0.0000141 seconds
[2019-12-09T03:23:13.701+0000][1][safepoint    ] Application time: 0.0055944 seconds
[2019-12-09T03:23:13.701+0000][1][safepoint    ] Entering safepoint region: RevokeBias
[2019-12-09T03:23:13.701+0000][1][safepoint    ] Leaving safepoint region
[2019-12-09T03:23:13.701+0000][1][safepoint    ] Total time for which application threads were stopped: 0.0000555 seconds, Stopping threads took: 0.0000124 seconds
[2019-12-09T03:23:13.807+0000][1][safepoint    ] Application time: 0.1054506 seconds
[2019-12-09T03:23:13.807+0000][1][safepoint    ] Entering safepoint region: RevokeBias
[2019-12-09T03:23:13.807+0000][1][safepoint    ] Leaving safepoint region
[2019-12-09T03:23:13.807+0000][1][safepoint    ] Total time for which application threads were stopped: 0.0000699 seconds, Stopping threads took: 0.0000162 seconds
[2019-12-09T03:23:13.929+0000][1][safepoint    ] Application time: 0.1219340 seconds
[2019-12-09T03:23:13.929+0000][1][safepoint    ] Entering safepoint region: RevokeBias
[2019-12-09T03:23:13.929+0000][1][safepoint    ] Leaving safepoint region
[2019-12-09T03:23:13.929+0000][1][safepoint    ] Total time for which application threads were stopped: 0.0000839 seconds, Stopping threads took: 0.0000151 seconds
[2019-12-09T03:23:13.972+0000][1][safepoint    ] Application time: 0.0429247 seconds
[2019-12-09T03:23:13.972+0000][1][safepoint    ] Entering safepoint region: RevokeBias
[2019-12-09T03:23:13.972+0000][1][safepoint    ] Leaving safepoint region
[2019-12-09T03:23:13.972+0000][1][safepoint    ] Total time for which application threads were stopped: 0.0000722 seconds, Stopping threads took: 0.0000159 seconds
[2019-12-09T03:23:14.984+0000][1][safepoint    ] Application time: 1.0118327 seconds
[2019-12-09T03:23:14.988+0000][1][safepoint    ] Entering safepoint region: Cleanup
[2019-12-09T03:23:14.988+0000][1][safepoint    ] Leaving safepoint region
[2019-12-09T03:23:14.988+0000][1][safepoint    ] Total time for which application threads were stopped: 0.0044561 seconds, Stopping threads took: 0.0039630 seconds
[2019-12-09T03:23:15.841+0000][1][safepoint    ] Application time: 0.8527653 seconds
[2019-12-09T03:23:15.841+0000][1][safepoint    ] Entering safepoint region: RevokeBias
[2019-12-09T03:23:15.841+0000][1][safepoint    ] Leaving safepoint region
[2019-12-09T03:23:15.841+0000][1][safepoint    ] Total time for which application threads were stopped: 0.0000870 seconds, Stopping threads took: 0.0000142 seconds
[2019-12-09T03:23:16.308+0000][1][safepoint    ] Application time: 0.4665786 seconds
[2019-12-09T03:23:16.308+0000][1][safepoint    ] Entering safepoint region: RevokeBias
[2019-12-09T03:23:16.308+0000][1][safepoint    ] Leaving safepoint region
[2019-12-09T03:23:16.308+0000][1][safepoint    ] Total time for which application threads were stopped: 0.0000725 seconds, Stopping threads took: 0.0000160 seconds
[2019-12-09T03:23:17.330+0000][1][safepoint    ] Application time: 1.0218824 seconds
[2019-12-09T03:23:17.330+0000][1][safepoint    ] Entering safepoint region: Cleanup
[2019-12-09T03:23:17.330+0000][1][safepoint    ] Leaving safepoint region
[2019-12-09T03:23:17.330+0000][1][safepoint    ] Total time for which application threads were stopped: 0.0004410 seconds, Stopping threads took: 0.0003324 seconds
[2019-12-09T03:23:17.537+0000][1][safepoint    ] Application time: 0.2063082 seconds
[2019-12-09T03:23:17.537+0000][1][safepoint    ] Entering safepoint region: RevokeBias
[2019-12-09T03:23:17.537+0000][1][safepoint    ] Leaving safepoint region
[2019-12-09T03:23:17.537+0000][1][safepoint    ] Total time for which application threads were stopped: 0.0000744 seconds, Stopping threads took: 0.0000149 seconds
[2019-12-09T03:23:17.538+0000][1][safepoint    ] Application time: 0.0016033 seconds
[2019-12-09T03:23:17.538+0000][1][safepoint    ] Entering safepoint region: BulkRevokeBias
[2019-12-09T03:23:17.538+0000][1][safepoint    ] Leaving safepoint region
[2019-12-09T03:23:17.538+0000][1][safepoint    ] Total time for which application threads were stopped: 0.0001547 seconds, Stopping threads took: 0.0000135 seconds
[2019-12-09T03:23:18.249+0000][1][safepoint    ] Application time: 0.7105658 seconds
[2019-12-09T03:23:18.249+0000][1][safepoint    ] Entering safepoint region: GenCollectForAllocation
[2019-12-09T03:23:18.249+0000][1][gc,start     ] GC(21) Pause Young (Allocation Failure)
[2019-12-09T03:23:18.249+0000][1][gc,task      ] GC(21) Using 2 workers of 2 for evacuation
[2019-12-09T03:23:18.468+0000][1][gc,age       ] GC(21) Desired survivor size 4456448 bytes, new threshold 6 (max threshold 6)
[2019-12-09T03:23:18.468+0000][1][gc,age       ] GC(21) Age table with threshold 6 (max threshold 6)
[2019-12-09T03:23:18.468+0000][1][gc,age       ] GC(21) - age   1:    1688024 bytes,    1688024 total
[2019-12-09T03:23:18.468+0000][1][gc,age       ] GC(21) - age   2:    2427104 bytes,    4115128 total
[2019-12-09T03:23:18.468+0000][1][gc,heap      ] GC(21) ParNew: 77628K->5095K(78656K)
[2019-12-09T03:23:18.468+0000][1][gc,heap      ] GC(21) CMS: 57907K->60705K(174784K)
[2019-12-09T03:23:18.468+0000][1][gc,metaspace ] GC(21) Metaspace: 56343K->56343K(1101824K)
[2019-12-09T03:23:18.468+0000][1][gc           ] GC(21) Pause Young (Allocation Failure) 132M->64M(247M) 219.004ms
[2019-12-09T03:23:18.468+0000][1][gc,cpu       ] GC(21) User=0.04s Sys=0.00s Real=0.22s
[2019-12-09T03:23:18.468+0000][1][safepoint    ] Leaving safepoint region
[2019-12-09T03:23:18.468+0000][1][safepoint    ] Total time for which application threads were stopped: 0.2191669 seconds, Stopping threads took: 0.0000141 seconds
[2019-12-09T03:23:18.470+0000][1][safepoint    ] Application time: 0.0015444 seconds
[2019-12-09T03:23:18.470+0000][1][safepoint    ] Entering safepoint region: RevokeBias
[2019-12-09T03:23:18.470+0000][1][safepoint    ] Leaving safepoint region
[2019-12-09T03:23:18.470+0000][1][safepoint    ] Total time for which application threads were stopped: 0.0003047 seconds, Stopping threads took: 0.0002014 seconds
[2019-12-09T03:23:18.470+0000][1][safepoint    ] Application time: 0.0000564 seconds
[2019-12-09T03:23:18.470+0000][1][safepoint    ] Entering safepoint region: RevokeBias
[2019-12-09T03:23:18.470+0000][1][safepoint    ] Leaving safepoint region
[2019-12-09T03:23:18.470+0000][1][safepoint    ] Total time for which application threads were stopped: 0.0000717 seconds, Stopping threads took: 0.0000099 seconds
[2019-12-09T03:23:18.470+0000][1][safepoint    ] Application time: 0.0001602 seconds
[2019-12-09T03:23:18.470+0000][1][safepoint    ] Entering safepoint region: RevokeBias
[2019-12-09T03:23:18.470+0000][1][safepoint    ] Leaving safepoint region
[2019-12-09T03:23:18.470+0000][1][safepoint    ] Total time for which application threads were stopped: 0.0000681 seconds, Stopping threads took: 0.0000097 seconds
[2019-12-09T03:23:19.345+0000][1][safepoint    ] Application time: 0.8743307 seconds
[2019-12-09T03:23:19.345+0000][1][safepoint    ] Entering safepoint region: Deoptimize
[2019-12-09T03:23:19.345+0000][1][safepoint    ] Leaving safepoint region
[2019-12-09T03:23:19.346+0000][1][safepoint    ] Total time for which application threads were stopped: 0.0006677 seconds, Stopping threads took: 0.0000156 seconds
[2019-12-09T03:23:20.346+0000][1][safepoint    ] Application time: 1.0001956 seconds
[2019-12-09T03:23:20.406+0000][1][safepoint    ] Entering safepoint region: Cleanup
[2019-12-09T03:23:20.411+0000][1][safepoint    ] Leaving safepoint region
[2019-12-09T03:23:20.411+0000][1][safepoint    ] Total time for which application threads were stopped: 0.0652444 seconds, Stopping threads took: 0.0600392 seconds
[2019-12-09T03:23:21.412+0000][1][safepoint    ] Application time: 1.0007063 seconds
[2019-12-09T03:23:21.422+0000][1][safepoint    ] Entering safepoint region: Cleanup
[2019-12-09T03:23:21.422+0000][1][safepoint    ] Leaving safepoint region
[2019-12-09T03:23:21.422+0000][1][safepoint    ] Total time for which application threads were stopped: 0.0105158 seconds, Stopping threads took: 0.0099846 seconds
[2019-12-09T03:23:21.772+0000][1][safepoint    ] Application time: 0.3494311 seconds
[2019-12-09T03:23:21.772+0000][1][safepoint    ] Entering safepoint region: Deoptimize
[2019-12-09T03:23:21.772+0000][1][safepoint    ] Leaving safepoint region
[2019-12-09T03:23:21.772+0000][1][safepoint    ] Total time for which application threads were stopped: 0.0006174 seconds, Stopping threads took: 0.0000161 seconds
[2019-12-09T03:23:22.785+0000][1][safepoint    ] Application time: 1.0123487 seconds
[2019-12-09T03:23:22.785+0000][1][safepoint    ] Entering safepoint region: Cleanup
[2019-12-09T03:23:22.785+0000][1][safepoint    ] Leaving safepoint region
[2019-12-09T03:23:22.785+0000][1][safepoint    ] Total time for which application threads were stopped: 0.0002000 seconds, Stopping threads took: 0.0001275 seconds
[2019-12-09T03:23:23.787+0000][1][safepoint    ] Application time: 1.0018800 seconds
[2019-12-09T03:23:23.792+0000][1][safepoint    ] Entering safepoint region: Cleanup
[2019-12-09T03:23:23.792+0000][1][safepoint    ] Leaving safepoint region
[2019-12-09T03:23:23.792+0000][1][safepoint    ] Total time for which application threads were stopped: 0.0049778 seconds, Stopping threads took: 0.0048817 seconds
[2019-12-09T03:23:24.793+0000][1][safepoint    ] Application time: 1.0008368 seconds
[2019-12-09T03:23:24.796+0000][1][safepoint    ] Entering safepoint region: Cleanup
[2019-12-09T03:23:24.796+0000][1][safepoint    ] Leaving safepoint region
[2019-12-09T03:23:24.796+0000][1][safepoint    ] Total time for which application threads were stopped: 0.0031050 seconds, Stopping threads took: 0.0030330 seconds
[2019-12-09T03:23:25.218+0000][1][safepoint    ] Application time: 0.4218545 seconds
[2019-12-09T03:23:25.218+0000][1][safepoint    ] Entering safepoint region: BulkRevokeBias
[2019-12-09T03:23:25.218+0000][1][safepoint    ] Leaving safepoint region
[2019-12-09T03:23:25.218+0000][1][safepoint    ] Total time for which application threads were stopped: 0.0002062 seconds, Stopping threads took: 0.0000176 seconds
[2019-12-09T03:23:25.929+0000][1][safepoint    ] Application time: 0.7106721 seconds
[2019-12-09T03:23:25.929+0000][1][safepoint    ] Entering safepoint region: GenCollectForAllocation
[2019-12-09T03:23:25.929+0000][1][gc,start     ] GC(22) Pause Young (Allocation Failure)
[2019-12-09T03:23:25.929+0000][1][gc,task      ] GC(22) Using 2 workers of 2 for evacuation
[2019-12-09T03:23:26.142+0000][1][gc,age       ] GC(22) Desired survivor size 4456448 bytes, new threshold 2 (max threshold 6)
[2019-12-09T03:23:26.142+0000][1][gc,age       ] GC(22) Age table with threshold 2 (max threshold 6)
[2019-12-09T03:23:26.142+0000][1][gc,age       ] GC(22) - age   1:    3637288 bytes,    3637288 total
[2019-12-09T03:23:26.142+0000][1][gc,age       ] GC(22) - age   2:    1571480 bytes,    5208768 total
[2019-12-09T03:23:26.142+0000][1][gc,age       ] GC(22) - age   3:    2333312 bytes,    7542080 total
[2019-12-09T03:23:26.142+0000][1][gc,heap      ] GC(22) ParNew: 75047K->8704K(78656K)
[2019-12-09T03:23:26.142+0000][1][gc,heap      ] GC(22) CMS: 60705K->60761K(174784K)
[2019-12-09T03:23:26.142+0000][1][gc,metaspace ] GC(22) Metaspace: 63543K->63543K(1107968K)
[2019-12-09T03:23:26.142+0000][1][gc           ] GC(22) Pause Young (Allocation Failure) 132M->67M(247M) 213.674ms
[2019-12-09T03:23:26.142+0000][1][gc,cpu       ] GC(22) User=0.04s Sys=0.00s Real=0.21s
[2019-12-09T03:23:26.142+0000][1][safepoint    ] Leaving safepoint region
[2019-12-09T03:23:26.143+0000][1][safepoint    ] Total time for which application threads were stopped: 0.2138444 seconds, Stopping threads took: 0.0000155 seconds
[2019-12-09T03:23:26.149+0000][1][safepoint    ] Application time: 0.0062417 seconds
[2019-12-09T03:23:26.149+0000][1][safepoint    ] Entering safepoint region: RevokeBias
[2019-12-09T03:23:26.149+0000][1][safepoint    ] Leaving safepoint region
[2019-12-09T03:23:26.149+0000][1][safepoint    ] Total time for which application threads were stopped: 0.0003877 seconds, Stopping threads took: 0.0003053 seconds
[2019-12-09T03:23:26.149+0000][1][safepoint    ] Application time: 0.0000802 seconds
[2019-12-09T03:23:26.149+0000][1][safepoint    ] Entering safepoint region: RevokeBias
[2019-12-09T03:23:26.149+0000][1][safepoint    ] Leaving safepoint region
[2019-12-09T03:23:26.149+0000][1][safepoint    ] Total time for which application threads were stopped: 0.0000613 seconds, Stopping threads took: 0.0000096 seconds
[2019-12-09T03:23:26.149+0000][1][safepoint    ] Application time: 0.0000553 seconds
[2019-12-09T03:23:26.149+0000][1][safepoint    ] Entering safepoint region: RevokeBias
[2019-12-09T03:23:26.149+0000][1][safepoint    ] Leaving safepoint region
[2019-12-09T03:23:26.149+0000][1][safepoint    ] Total time for which application threads were stopped: 0.0000471 seconds, Stopping threads took: 0.0000079 seconds
[2019-12-09T03:23:26.150+0000][1][safepoint    ] Application time: 0.0000549 seconds
[2019-12-09T03:23:26.150+0000][1][safepoint    ] Entering safepoint region: RevokeBias
[2019-12-09T03:23:26.150+0000][1][safepoint    ] Leaving safepoint region
[2019-12-09T03:23:26.150+0000][1][safepoint    ] Total time for which application threads were stopped: 0.0000472 seconds, Stopping threads took: 0.0000072 seconds
[2019-12-09T03:23:26.150+0000][1][safepoint    ] Application time: 0.0000542 seconds
[2019-12-09T03:23:26.150+0000][1][safepoint    ] Entering safepoint region: RevokeBias
[2019-12-09T03:23:26.150+0000][1][safepoint    ] Leaving safepoint region
[2019-12-09T03:23:26.150+0000][1][safepoint    ] Total time for which application threads were stopped: 0.0000685 seconds, Stopping threads took: 0.0000084 seconds
[2019-12-09T03:23:26.150+0000][1][safepoint    ] Application time: 0.0000621 seconds
[2019-12-09T03:23:26.150+0000][1][safepoint    ] Entering safepoint region: RevokeBias
[2019-12-09T03:23:26.150+0000][1][safepoint    ] Leaving safepoint region
[2019-12-09T03:23:26.150+0000][1][safepoint    ] Total time for which application threads were stopped: 0.0000465 seconds, Stopping threads took: 0.0000074 seconds
[2019-12-09T03:23:26.150+0000][1][safepoint    ] Application time: 0.0000547 seconds
[2019-12-09T03:23:26.150+0000][1][safepoint    ] Entering safepoint region: RevokeBias
[2019-12-09T03:23:26.150+0000][1][safepoint    ] Leaving safepoint region
[2019-12-09T03:23:26.150+0000][1][safepoint    ] Total time for which application threads were stopped: 0.0000461 seconds, Stopping threads took: 0.0000074 seconds
[2019-12-09T03:23:26.150+0000][1][safepoint    ] Application time: 0.0000570 seconds
[2019-12-09T03:23:26.150+0000][1][safepoint    ] Entering safepoint region: RevokeBias
[2019-12-09T03:23:26.150+0000][1][safepoint    ] Leaving safepoint region
[2019-12-09T03:23:26.150+0000][1][safepoint    ] Total time for which application threads were stopped: 0.0000460 seconds, Stopping threads took: 0.0000075 seconds
[2019-12-09T03:23:26.332+0000][1][safepoint    ] Application time: 0.1816569 seconds
[2019-12-09T03:23:26.332+0000][1][safepoint    ] Entering safepoint region: Deoptimize
[2019-12-09T03:23:26.332+0000][1][safepoint    ] Leaving safepoint region
[2019-12-09T03:23:26.332+0000][1][safepoint    ] Total time for which application threads were stopped: 0.0006633 seconds, Stopping threads took: 0.0000171 seconds
[2019-12-09T03:23:26.380+0000][1][safepoint    ] Application time: 0.0478695 seconds
[2019-12-09T03:23:26.380+0000][1][safepoint    ] Entering safepoint region: RevokeBias
[2019-12-09T03:23:26.380+0000][1][safepoint    ] Leaving safepoint region
[2019-12-09T03:23:26.380+0000][1][safepoint    ] Total time for which application threads were stopped: 0.0000846 seconds, Stopping threads took: 0.0000136 seconds
[2019-12-09T03:23:26.401+0000][1][safepoint    ] Application time: 0.0202751 seconds
[2019-12-09T03:23:26.401+0000][1][safepoint    ] Entering safepoint region: RevokeBias
[2019-12-09T03:23:26.401+0000][1][safepoint    ] Leaving safepoint region
[2019-12-09T03:23:26.401+0000][1][safepoint    ] Total time for which application threads were stopped: 0.0000796 seconds, Stopping threads took: 0.0000151 seconds
[2019-12-09T03:23:26.426+0000][1][safepoint    ] Application time: 0.0248803 seconds
[2019-12-09T03:23:26.426+0000][1][safepoint    ] Entering safepoint region: RevokeBias
[2019-12-09T03:23:26.426+0000][1][safepoint    ] Leaving safepoint region
[2019-12-09T03:23:26.426+0000][1][safepoint    ] Total time for which application threads were stopped: 0.0000880 seconds, Stopping threads took: 0.0000163 seconds
[2019-12-09T03:23:26.460+0000][1][safepoint    ] Application time: 0.0338697 seconds
[2019-12-09T03:23:26.460+0000][1][safepoint    ] Entering safepoint region: RevokeBias
[2019-12-09T03:23:26.460+0000][1][safepoint    ] Leaving safepoint region
[2019-12-09T03:23:26.460+0000][1][safepoint    ] Total time for which application threads were stopped: 0.0001218 seconds, Stopping threads took: 0.0000194 seconds
[2019-12-09T03:23:26.472+0000][1][safepoint    ] Application time: 0.0118247 seconds
[2019-12-09T03:23:26.472+0000][1][safepoint    ] Entering safepoint region: RevokeBias
[2019-12-09T03:23:26.472+0000][1][safepoint    ] Leaving safepoint region
[2019-12-09T03:23:26.472+0000][1][safepoint    ] Total time for which application threads were stopped: 0.0001015 seconds, Stopping threads took: 0.0000162 seconds
[2019-12-09T03:23:26.472+0000][1][safepoint    ] Application time: 0.0005132 seconds
[2019-12-09T03:23:26.472+0000][1][safepoint    ] Entering safepoint region: RevokeBias
[2019-12-09T03:23:26.472+0000][1][safepoint    ] Leaving safepoint region
[2019-12-09T03:23:26.472+0000][1][safepoint    ] Total time for which application threads were stopped: 0.0000688 seconds, Stopping threads took: 0.0000123 seconds
[2019-12-09T03:23:26.473+0000][1][safepoint    ] Application time: 0.0002782 seconds
[2019-12-09T03:23:26.473+0000][1][safepoint    ] Entering safepoint region: RevokeBias
[2019-12-09T03:23:26.473+0000][1][safepoint    ] Leaving safepoint region
[2019-12-09T03:23:26.473+0000][1][safepoint    ] Total time for which application threads were stopped: 0.0000636 seconds, Stopping threads took: 0.0000112 seconds
[2019-12-09T03:23:26.473+0000][1][safepoint    ] Application time: 0.0000600 seconds
[2019-12-09T03:23:26.473+0000][1][safepoint    ] Entering safepoint region: RevokeBias
[2019-12-09T03:23:26.473+0000][1][safepoint    ] Leaving safepoint region
[2019-12-09T03:23:26.473+0000][1][safepoint    ] Total time for which application threads were stopped: 0.0000469 seconds, Stopping threads took: 0.0000091 seconds
[2019-12-09T03:23:26.474+0000][1][safepoint    ] Application time: 0.0006655 seconds
[2019-12-09T03:23:26.474+0000][1][safepoint    ] Entering safepoint region: RevokeBias
[2019-12-09T03:23:26.474+0000][1][safepoint    ] Leaving safepoint region
[2019-12-09T03:23:26.474+0000][1][safepoint    ] Total time for which application threads were stopped: 0.0000742 seconds, Stopping threads took: 0.0000108 seconds
[2019-12-09T03:23:26.475+0000][1][safepoint    ] Application time: 0.0012991 seconds
[2019-12-09T03:23:26.475+0000][1][safepoint    ] Entering safepoint region: RevokeBias
[2019-12-09T03:23:26.475+0000][1][safepoint    ] Leaving safepoint region
[2019-12-09T03:23:26.475+0000][1][safepoint    ] Total time for which application threads were stopped: 0.0000620 seconds, Stopping threads took: 0.0000112 seconds
[2019-12-09T03:23:26.475+0000][1][safepoint    ] Application time: 0.0000932 seconds
[2019-12-09T03:23:26.475+0000][1][safepoint    ] Entering safepoint region: RevokeBias
[2019-12-09T03:23:26.475+0000][1][safepoint    ] Leaving safepoint region
[2019-12-09T03:23:26.475+0000][1][safepoint    ] Total time for which application threads were stopped: 0.0000461 seconds, Stopping threads took: 0.0000088 seconds
[2019-12-09T03:23:26.479+0000][1][safepoint    ] Application time: 0.0042112 seconds
[2019-12-09T03:23:26.480+0000][1][safepoint    ] Entering safepoint region: Deoptimize
[2019-12-09T03:23:26.480+0000][1][safepoint    ] Leaving safepoint region
[2019-12-09T03:23:26.480+0000][1][safepoint    ] Total time for which application threads were stopped: 0.0006089 seconds, Stopping threads took: 0.0000118 seconds
[2019-12-09T03:23:26.582+0000][1][safepoint    ] Application time: 0.1017750 seconds
[2019-12-09T03:23:26.582+0000][1][safepoint    ] Entering safepoint region: RevokeBias
[2019-12-09T03:23:26.582+0000][1][safepoint    ] Leaving safepoint region
[2019-12-09T03:23:26.582+0000][1][safepoint    ] Total time for which application threads were stopped: 0.0000944 seconds, Stopping threads took: 0.0000159 seconds
[2019-12-09T03:23:26.983+0000][1][safepoint    ] Application time: 0.4010926 seconds
[2019-12-09T03:23:27.004+0000][1][safepoint    ] Entering safepoint region: RevokeBias
[2019-12-09T03:23:27.004+0000][1][safepoint    ] Leaving safepoint region
[2019-12-09T03:23:27.004+0000][1][safepoint    ] Total time for which application threads were stopped: 0.0208135 seconds, Stopping threads took: 0.0207082 seconds
[2019-12-09T03:23:27.038+0000][1][safepoint    ] Application time: 0.0339126 seconds
[2019-12-09T03:23:27.038+0000][1][safepoint    ] Entering safepoint region: RevokeBias
[2019-12-09T03:23:27.038+0000][1][safepoint    ] Leaving safepoint region
[2019-12-09T03:23:27.038+0000][1][safepoint    ] Total time for which application threads were stopped: 0.0000978 seconds, Stopping threads took: 0.0000184 seconds
[2019-12-09T03:23:27.038+0000][1][safepoint    ] Application time: 0.0001816 seconds
[2019-12-09T03:23:27.038+0000][1][safepoint    ] Entering safepoint region: RevokeBias
[2019-12-09T03:23:27.038+0000][1][safepoint    ] Leaving safepoint region
[2019-12-09T03:23:27.038+0000][1][safepoint    ] Total time for which application threads were stopped: 0.0000668 seconds, Stopping threads took: 0.0000115 seconds
[2019-12-09T03:23:27.039+0000][1][safepoint    ] Application time: 0.0004235 seconds
[2019-12-09T03:23:27.039+0000][1][safepoint    ] Entering safepoint region: RevokeBias
[2019-12-09T03:23:27.039+0000][1][safepoint    ] Leaving safepoint region
[2019-12-09T03:23:27.039+0000][1][safepoint    ] Total time for which application threads were stopped: 0.0000630 seconds, Stopping threads took: 0.0000134 seconds
[2019-12-09T03:23:27.039+0000][1][safepoint    ] Application time: 0.0000634 seconds
[2019-12-09T03:23:27.039+0000][1][safepoint    ] Entering safepoint region: RevokeBias
[2019-12-09T03:23:27.039+0000][1][safepoint    ] Leaving safepoint region
[2019-12-09T03:23:27.039+0000][1][safepoint    ] Total time for which application threads were stopped: 0.0000429 seconds, Stopping threads took: 0.0000089 seconds
[2019-12-09T03:23:27.102+0000][1][safepoint    ] Application time: 0.0627968 seconds
[2019-12-09T03:23:27.119+0000][1][safepoint    ] Entering safepoint region: RevokeBias
[2019-12-09T03:23:27.119+0000][1][safepoint    ] Leaving safepoint region
[2019-12-09T03:23:27.119+0000][1][safepoint    ] Total time for which application threads were stopped: 0.0170712 seconds, Stopping threads took: 0.0169854 seconds
[2019-12-09T03:23:27.165+0000][1][safepoint    ] Application time: 0.0458759 seconds
[2019-12-09T03:23:27.167+0000][1][safepoint    ] Entering safepoint region: RevokeBias
[2019-12-09T03:23:27.167+0000][1][safepoint    ] Leaving safepoint region
[2019-12-09T03:23:27.167+0000][1][safepoint    ] Total time for which application threads were stopped: 0.0020231 seconds, Stopping threads took: 0.0019549 seconds
[2019-12-09T03:23:27.167+0000][1][safepoint    ] Application time: 0.0003985 seconds
[2019-12-09T03:23:27.167+0000][1][safepoint    ] Entering safepoint region: RevokeBias
[2019-12-09T03:23:27.167+0000][1][safepoint    ] Leaving safepoint region
[2019-12-09T03:23:27.167+0000][1][safepoint    ] Total time for which application threads were stopped: 0.0000636 seconds, Stopping threads took: 0.0000116 seconds
[2019-12-09T03:23:27.168+0000][1][safepoint    ] Application time: 0.0004326 seconds
[2019-12-09T03:23:27.188+0000][1][safepoint    ] Entering safepoint region: RevokeBias
[2019-12-09T03:23:27.188+0000][1][safepoint    ] Leaving safepoint region
[2019-12-09T03:23:27.188+0000][1][safepoint    ] Total time for which application threads were stopped: 0.0200614 seconds, Stopping threads took: 0.0199952 seconds
[2019-12-09T03:23:27.233+0000][1][safepoint    ] Application time: 0.0447592 seconds
[2019-12-09T03:23:27.247+0000][1][safepoint    ] Entering safepoint region: RevokeBias
[2019-12-09T03:23:27.247+0000][1][safepoint    ] Leaving safepoint region
[2019-12-09T03:23:27.247+0000][1][safepoint    ] Total time for which application threads were stopped: 0.0143760 seconds, Stopping threads took: 0.0142833 seconds
[2019-12-09T03:23:27.247+0000][1][safepoint    ] Application time: 0.0003691 seconds
[2019-12-09T03:23:27.247+0000][1][safepoint    ] Entering safepoint region: RevokeBias
[2019-12-09T03:23:27.247+0000][1][safepoint    ] Leaving safepoint region
[2019-12-09T03:23:27.247+0000][1][safepoint    ] Total time for which application threads were stopped: 0.0001174 seconds, Stopping threads took: 0.0000143 seconds
[2019-12-09T03:23:27.326+0000][1][safepoint    ] Application time: 0.0782104 seconds
[2019-12-09T03:23:27.328+0000][1][safepoint    ] Entering safepoint region: RevokeBias
[2019-12-09T03:23:27.328+0000][1][safepoint    ] Leaving safepoint region
[2019-12-09T03:23:27.328+0000][1][safepoint    ] Total time for which application threads were stopped: 0.0021891 seconds, Stopping threads took: 0.0020004 seconds
[2019-12-09T03:23:27.341+0000][1][safepoint    ] Application time: 0.0127772 seconds
[2019-12-09T03:23:27.341+0000][1][safepoint    ] Entering safepoint region: RevokeBias
[2019-12-09T03:23:27.341+0000][1][safepoint    ] Leaving safepoint region
[2019-12-09T03:23:27.341+0000][1][safepoint    ] Total time for which application threads were stopped: 0.0001530 seconds, Stopping threads took: 0.0000673 seconds
[2019-12-09T03:23:27.347+0000][1][safepoint    ] Application time: 0.0061182 seconds
[2019-12-09T03:23:27.347+0000][1][safepoint    ] Entering safepoint region: RevokeBias
[2019-12-09T03:23:27.347+0000][1][safepoint    ] Leaving safepoint region
[2019-12-09T03:23:27.347+0000][1][safepoint    ] Total time for which application threads were stopped: 0.0001634 seconds, Stopping threads took: 0.0000138 seconds
[2019-12-09T03:23:27.352+0000][1][safepoint    ] Application time: 0.0044899 seconds
[2019-12-09T03:23:27.352+0000][1][safepoint    ] Entering safepoint region: RevokeBias
[2019-12-09T03:23:27.352+0000][1][safepoint    ] Leaving safepoint region
[2019-12-09T03:23:27.352+0000][1][safepoint    ] Total time for which application threads were stopped: 0.0001458 seconds, Stopping threads took: 0.0000146 seconds
[2019-12-09T03:23:27.361+0000][1][safepoint    ] Application time: 0.0088584 seconds
[2019-12-09T03:23:27.431+0000][1][safepoint    ] Entering safepoint region: RevokeBias
[2019-12-09T03:23:27.431+0000][1][safepoint    ] Leaving safepoint region
[2019-12-09T03:23:27.431+0000][1][safepoint    ] Total time for which application threads were stopped: 0.0701826 seconds, Stopping threads took: 0.0700285 seconds
[2019-12-09T03:23:27.432+0000][1][safepoint    ] Application time: 0.0005856 seconds
[2019-12-09T03:23:27.432+0000][1][safepoint    ] Entering safepoint region: RevokeBias
[2019-12-09T03:23:27.432+0000][1][safepoint    ] Leaving safepoint region
[2019-12-09T03:23:27.432+0000][1][safepoint    ] Total time for which application threads were stopped: 0.0004869 seconds, Stopping threads took: 0.0003487 seconds
[2019-12-09T03:23:27.437+0000][1][safepoint    ] Application time: 0.0047408 seconds
[2019-12-09T03:23:27.437+0000][1][safepoint    ] Entering safepoint region: RevokeBias
[2019-12-09T03:23:27.437+0000][1][safepoint    ] Leaving safepoint region
[2019-12-09T03:23:27.437+0000][1][safepoint    ] Total time for which application threads were stopped: 0.0001485 seconds, Stopping threads took: 0.0000766 seconds
[2019-12-09T03:23:27.442+0000][1][safepoint    ] Application time: 0.0047345 seconds
[2019-12-09T03:23:27.442+0000][1][safepoint    ] Entering safepoint region: RevokeBias
[2019-12-09T03:23:27.442+0000][1][safepoint    ] Leaving safepoint region
[2019-12-09T03:23:27.442+0000][1][safepoint    ] Total time for which application threads were stopped: 0.0000821 seconds, Stopping threads took: 0.0000138 seconds
[2019-12-09T03:23:27.442+0000][1][safepoint    ] Application time: 0.0005334 seconds
[2019-12-09T03:23:27.442+0000][1][safepoint    ] Entering safepoint region: RevokeBias
[2019-12-09T03:23:27.442+0000][1][safepoint    ] Leaving safepoint region
[2019-12-09T03:23:27.442+0000][1][safepoint    ] Total time for which application threads were stopped: 0.0000753 seconds, Stopping threads took: 0.0000121 seconds
[2019-12-09T03:23:27.446+0000][1][safepoint    ] Application time: 0.0033322 seconds
[2019-12-09T03:23:27.446+0000][1][safepoint    ] Entering safepoint region: RevokeBias
[2019-12-09T03:23:27.446+0000][1][safepoint    ] Leaving safepoint region
[2019-12-09T03:23:27.446+0000][1][safepoint    ] Total time for which application threads were stopped: 0.0004133 seconds, Stopping threads took: 0.0000574 seconds
[2019-12-09T03:23:27.450+0000][1][safepoint    ] Application time: 0.0034881 seconds
[2019-12-09T03:23:27.450+0000][1][safepoint    ] Entering safepoint region: RevokeBias
[2019-12-09T03:23:27.450+0000][1][safepoint    ] Leaving safepoint region
[2019-12-09T03:23:27.450+0000][1][safepoint    ] Total time for which application threads were stopped: 0.0001136 seconds, Stopping threads took: 0.0000506 seconds
[2019-12-09T03:23:27.451+0000][1][safepoint    ] Application time: 0.0012993 seconds
[2019-12-09T03:23:27.451+0000][1][safepoint    ] Entering safepoint region: RevokeBias
[2019-12-09T03:23:27.451+0000][1][safepoint    ] Leaving safepoint region
[2019-12-09T03:23:27.451+0000][1][safepoint    ] Total time for which application threads were stopped: 0.0001117 seconds, Stopping threads took: 0.0000098 seconds
[2019-12-09T03:23:27.456+0000][1][safepoint    ] Application time: 0.0044088 seconds
[2019-12-09T03:23:27.456+0000][1][safepoint    ] Entering safepoint region: RevokeBias
[2019-12-09T03:23:27.456+0000][1][safepoint    ] Leaving safepoint region
[2019-12-09T03:23:27.456+0000][1][safepoint    ] Total time for which application threads were stopped: 0.0000786 seconds, Stopping threads took: 0.0000114 seconds
[2019-12-09T03:23:27.458+0000][1][safepoint    ] Application time: 0.0017151 seconds
[2019-12-09T03:23:27.458+0000][1][safepoint    ] Entering safepoint region: RevokeBias
[2019-12-09T03:23:27.458+0000][1][safepoint    ] Leaving safepoint region
[2019-12-09T03:23:27.458+0000][1][safepoint    ] Total time for which application threads were stopped: 0.0000700 seconds, Stopping threads took: 0.0000124 seconds
[2019-12-09T03:23:27.479+0000][1][safepoint    ] Application time: 0.0213360 seconds
[2019-12-09T03:23:27.479+0000][1][safepoint    ] Entering safepoint region: RevokeBias
[2019-12-09T03:23:27.479+0000][1][safepoint    ] Leaving safepoint region
[2019-12-09T03:23:27.479+0000][1][safepoint    ] Total time for which application threads were stopped: 0.0000926 seconds, Stopping threads took: 0.0000144 seconds
[2019-12-09T03:23:27.480+0000][1][safepoint    ] Application time: 0.0010111 seconds
[2019-12-09T03:23:27.480+0000][1][safepoint    ] Entering safepoint region: RevokeBias
[2019-12-09T03:23:27.480+0000][1][safepoint    ] Leaving safepoint region
[2019-12-09T03:23:27.480+0000][1][safepoint    ] Total time for which application threads were stopped: 0.0000795 seconds, Stopping threads took: 0.0000127 seconds
[2019-12-09T03:23:27.493+0000][1][safepoint    ] Application time: 0.0127727 seconds
[2019-12-09T03:23:27.493+0000][1][safepoint    ] Entering safepoint region: RevokeBias
[2019-12-09T03:23:27.493+0000][1][safepoint    ] Leaving safepoint region
[2019-12-09T03:23:27.493+0000][1][safepoint    ] Total time for which application threads were stopped: 0.0001138 seconds, Stopping threads took: 0.0000130 seconds
[2019-12-09T03:23:27.493+0000][1][safepoint    ] Application time: 0.0001036 seconds
[2019-12-09T03:23:27.493+0000][1][safepoint    ] Entering safepoint region: RevokeBias
[2019-12-09T03:23:27.493+0000][1][safepoint    ] Leaving safepoint region
[2019-12-09T03:23:27.493+0000][1][safepoint    ] Total time for which application threads were stopped: 0.0000652 seconds, Stopping threads took: 0.0000097 seconds
[2019-12-09T03:23:27.493+0000][1][safepoint    ] Application time: 0.0000927 seconds
[2019-12-09T03:23:27.493+0000][1][safepoint    ] Entering safepoint region: RevokeBias
[2019-12-09T03:23:27.494+0000][1][safepoint    ] Leaving safepoint region
[2019-12-09T03:23:27.494+0000][1][safepoint    ] Total time for which application threads were stopped: 0.0000545 seconds, Stopping threads took: 0.0000092 seconds
[2019-12-09T03:23:27.494+0000][1][safepoint    ] Application time: 0.0000580 seconds
[2019-12-09T03:23:27.494+0000][1][safepoint    ] Entering safepoint region: RevokeBias
[2019-12-09T03:23:27.494+0000][1][safepoint    ] Leaving safepoint region
[2019-12-09T03:23:27.494+0000][1][safepoint    ] Total time for which application threads were stopped: 0.0000550 seconds, Stopping threads took: 0.0000094 seconds
[2019-12-09T03:23:27.494+0000][1][safepoint    ] Application time: 0.0000729 seconds
[2019-12-09T03:23:27.494+0000][1][safepoint    ] Entering safepoint region: RevokeBias
[2019-12-09T03:23:27.494+0000][1][safepoint    ] Leaving safepoint region
[2019-12-09T03:23:27.494+0000][1][safepoint    ] Total time for which application threads were stopped: 0.0000553 seconds, Stopping threads took: 0.0000094 seconds
[2019-12-09T03:23:27.494+0000][1][safepoint    ] Application time: 0.0005905 seconds
[2019-12-09T03:23:27.494+0000][1][safepoint    ] Entering safepoint region: RevokeBias
[2019-12-09T03:23:27.494+0000][1][safepoint    ] Leaving safepoint region
[2019-12-09T03:23:27.495+0000][1][safepoint    ] Total time for which application threads were stopped: 0.0000850 seconds, Stopping threads took: 0.0000118 seconds
[2019-12-09T03:23:27.513+0000][1][safepoint    ] Application time: 0.0184712 seconds
[2019-12-09T03:23:27.513+0000][1][safepoint    ] Entering safepoint region: RevokeBias
[2019-12-09T03:23:27.513+0000][1][safepoint    ] Leaving safepoint region
[2019-12-09T03:23:27.513+0000][1][safepoint    ] Total time for which application threads were stopped: 0.0001247 seconds, Stopping threads took: 0.0000609 seconds
[2019-12-09T03:23:27.523+0000][1][safepoint    ] Application time: 0.0102669 seconds
[2019-12-09T03:23:27.523+0000][1][safepoint    ] Entering safepoint region: RevokeBias
[2019-12-09T03:23:27.524+0000][1][safepoint    ] Leaving safepoint region
[2019-12-09T03:23:27.524+0000][1][safepoint    ] Total time for which application threads were stopped: 0.0000767 seconds, Stopping threads took: 0.0000139 seconds
[2019-12-09T03:23:27.524+0000][1][safepoint    ] Application time: 0.0009361 seconds
[2019-12-09T03:23:27.524+0000][1][safepoint    ] Entering safepoint region: RevokeBias
[2019-12-09T03:23:27.525+0000][1][safepoint    ] Leaving safepoint region
[2019-12-09T03:23:27.525+0000][1][safepoint    ] Total time for which application threads were stopped: 0.0000725 seconds, Stopping threads took: 0.0000125 seconds
[2019-12-09T03:23:27.525+0000][1][safepoint    ] Application time: 0.0002166 seconds
[2019-12-09T03:23:27.525+0000][1][safepoint    ] Entering safepoint region: RevokeBias
[2019-12-09T03:23:27.525+0000][1][safepoint    ] Leaving safepoint region
[2019-12-09T03:23:27.525+0000][1][safepoint    ] Total time for which application threads were stopped: 0.0000607 seconds, Stopping threads took: 0.0000117 seconds
[2019-12-09T03:23:27.527+0000][1][safepoint    ] Application time: 0.0021176 seconds
[2019-12-09T03:23:27.527+0000][1][safepoint    ] Entering safepoint region: RevokeBias
[2019-12-09T03:23:27.527+0000][1][safepoint    ] Leaving safepoint region
[2019-12-09T03:23:27.527+0000][1][safepoint    ] Total time for which application threads were stopped: 0.0000739 seconds, Stopping threads took: 0.0000116 seconds
[2019-12-09T03:23:27.528+0000][1][safepoint    ] Application time: 0.0006662 seconds
[2019-12-09T03:23:27.528+0000][1][safepoint    ] Entering safepoint region: RevokeBias
[2019-12-09T03:23:27.528+0000][1][safepoint    ] Leaving safepoint region
[2019-12-09T03:23:27.528+0000][1][safepoint    ] Total time for which application threads were stopped: 0.0000730 seconds, Stopping threads took: 0.0000121 seconds
[2019-12-09T03:23:27.529+0000][1][safepoint    ] Application time: 0.0015489 seconds
[2019-12-09T03:23:27.529+0000][1][safepoint    ] Entering safepoint region: RevokeBias
[2019-12-09T03:23:27.529+0000][1][safepoint    ] Leaving safepoint region
[2019-12-09T03:23:27.529+0000][1][safepoint    ] Total time for which application threads were stopped: 0.0000602 seconds, Stopping threads took: 0.0000108 seconds
[2019-12-09T03:23:27.530+0000][1][safepoint    ] Application time: 0.0003181 seconds
[2019-12-09T03:23:27.530+0000][1][safepoint    ] Entering safepoint region: RevokeBias
[2019-12-09T03:23:27.530+0000][1][safepoint    ] Leaving safepoint region
[2019-12-09T03:23:27.530+0000][1][safepoint    ] Total time for which application threads were stopped: 0.0000746 seconds, Stopping threads took: 0.0000124 seconds
[2019-12-09T03:23:27.552+0000][1][safepoint    ] Application time: 0.0219167 seconds
[2019-12-09T03:23:27.553+0000][1][safepoint    ] Entering safepoint region: RevokeBias
[2019-12-09T03:23:27.553+0000][1][safepoint    ] Leaving safepoint region
[2019-12-09T03:23:27.553+0000][1][safepoint    ] Total time for which application threads were stopped: 0.0007940 seconds, Stopping threads took: 0.0007184 seconds
[2019-12-09T03:23:27.555+0000][1][safepoint    ] Application time: 0.0022253 seconds
[2019-12-09T03:23:27.555+0000][1][safepoint    ] Entering safepoint region: RevokeBias
[2019-12-09T03:23:27.555+0000][1][safepoint    ] Leaving safepoint region
[2019-12-09T03:23:27.555+0000][1][safepoint    ] Total time for which application threads were stopped: 0.0000712 seconds, Stopping threads took: 0.0000130 seconds
[2019-12-09T03:23:27.555+0000][1][safepoint    ] Application time: 0.0001097 seconds
[2019-12-09T03:23:27.555+0000][1][safepoint    ] Entering safepoint region: RevokeBias
[2019-12-09T03:23:27.555+0000][1][safepoint    ] Leaving safepoint region
[2019-12-09T03:23:27.555+0000][1][safepoint    ] Total time for which application threads were stopped: 0.0000566 seconds, Stopping threads took: 0.0000102 seconds
[2019-12-09T03:23:27.556+0000][1][safepoint    ] Application time: 0.0005180 seconds
[2019-12-09T03:23:27.556+0000][1][safepoint    ] Entering safepoint region: RevokeBias
[2019-12-09T03:23:27.556+0000][1][safepoint    ] Leaving safepoint region
[2019-12-09T03:23:27.556+0000][1][safepoint    ] Total time for which application threads were stopped: 0.0000560 seconds, Stopping threads took: 0.0000109 seconds
[2019-12-09T03:23:27.561+0000][1][safepoint    ] Application time: 0.0055919 seconds
[2019-12-09T03:23:27.561+0000][1][safepoint    ] Entering safepoint region: RevokeBias
[2019-12-09T03:23:27.561+0000][1][safepoint    ] Leaving safepoint region
[2019-12-09T03:23:27.561+0000][1][safepoint    ] Total time for which application threads were stopped: 0.0000710 seconds, Stopping threads took: 0.0000124 seconds
[2019-12-09T03:23:27.637+0000][1][safepoint    ] Application time: 0.0758198 seconds
[2019-12-09T03:23:27.637+0000][1][safepoint    ] Entering safepoint region: RevokeBias
[2019-12-09T03:23:27.637+0000][1][safepoint    ] Leaving safepoint region
[2019-12-09T03:23:27.637+0000][1][safepoint    ] Total time for which application threads were stopped: 0.0000864 seconds, Stopping threads took: 0.0000156 seconds
[2019-12-09T03:23:27.681+0000][1][safepoint    ] Application time: 0.0433105 seconds
[2019-12-09T03:23:27.682+0000][1][safepoint    ] Entering safepoint region: RevokeBias
[2019-12-09T03:23:27.682+0000][1][safepoint    ] Leaving safepoint region
[2019-12-09T03:23:27.682+0000][1][safepoint    ] Total time for which application threads were stopped: 0.0013636 seconds, Stopping threads took: 0.0012802 seconds
[2019-12-09T03:23:27.761+0000][1][safepoint    ] Application time: 0.0791722 seconds
[2019-12-09T03:23:27.761+0000][1][safepoint    ] Entering safepoint region: RevokeBias
[2019-12-09T03:23:27.761+0000][1][safepoint    ] Leaving safepoint region
[2019-12-09T03:23:27.761+0000][1][safepoint    ] Total time for which application threads were stopped: 0.0000986 seconds, Stopping threads took: 0.0000188 seconds
[2019-12-09T03:23:27.793+0000][1][safepoint    ] Application time: 0.0312038 seconds
[2019-12-09T03:23:27.793+0000][1][safepoint    ] Entering safepoint region: RevokeBias
[2019-12-09T03:23:27.793+0000][1][safepoint    ] Leaving safepoint region
[2019-12-09T03:23:27.793+0000][1][safepoint    ] Total time for which application threads were stopped: 0.0000934 seconds, Stopping threads took: 0.0000177 seconds
[2019-12-09T03:23:27.802+0000][1][safepoint    ] Application time: 0.0089639 seconds
[2019-12-09T03:23:27.806+0000][1][safepoint    ] Entering safepoint region: RevokeBias
[2019-12-09T03:23:27.806+0000][1][safepoint    ] Leaving safepoint region
[2019-12-09T03:23:27.806+0000][1][safepoint    ] Total time for which application threads were stopped: 0.0040277 seconds, Stopping threads took: 0.0039242 seconds
[2019-12-09T03:23:27.806+0000][1][safepoint    ] Application time: 0.0000859 seconds
[2019-12-09T03:23:27.806+0000][1][safepoint    ] Entering safepoint region: RevokeBias
[2019-12-09T03:23:27.806+0000][1][safepoint    ] Leaving safepoint region
[2019-12-09T03:23:27.806+0000][1][safepoint    ] Total time for which application threads were stopped: 0.0000861 seconds, Stopping threads took: 0.0000120 seconds
[2019-12-09T03:23:27.806+0000][1][safepoint    ] Application time: 0.0000587 seconds
[2019-12-09T03:23:27.806+0000][1][safepoint    ] Entering safepoint region: RevokeBias
[2019-12-09T03:23:27.806+0000][1][safepoint    ] Leaving safepoint region
[2019-12-09T03:23:27.806+0000][1][safepoint    ] Total time for which application threads were stopped: 0.0000701 seconds, Stopping threads took: 0.0000098 seconds
[2019-12-09T03:23:27.912+0000][1][safepoint    ] Application time: 0.1054565 seconds
[2019-12-09T03:23:27.934+0000][1][safepoint    ] Entering safepoint region: RevokeBias
[2019-12-09T03:23:27.934+0000][1][safepoint    ] Leaving safepoint region
[2019-12-09T03:23:27.934+0000][1][safepoint    ] Total time for which application threads were stopped: 0.0221307 seconds, Stopping threads took: 0.0220348 seconds
[2019-12-09T03:23:27.934+0000][1][safepoint    ] Application time: 0.0003518 seconds
[2019-12-09T03:23:27.934+0000][1][safepoint    ] Entering safepoint region: RevokeBias
[2019-12-09T03:23:27.934+0000][1][safepoint    ] Leaving safepoint region
[2019-12-09T03:23:27.934+0000][1][safepoint    ] Total time for which application threads were stopped: 0.0000772 seconds, Stopping threads took: 0.0000127 seconds
[2019-12-09T03:23:27.934+0000][1][safepoint    ] Application time: 0.0000887 seconds
[2019-12-09T03:23:27.934+0000][1][safepoint    ] Entering safepoint region: RevokeBias
[2019-12-09T03:23:27.934+0000][1][safepoint    ] Leaving safepoint region
[2019-12-09T03:23:27.934+0000][1][safepoint    ] Total time for which application threads were stopped: 0.0000581 seconds, Stopping threads took: 0.0000132 seconds
[2019-12-09T03:23:27.935+0000][1][safepoint    ] Application time: 0.0003785 seconds
[2019-12-09T03:23:27.935+0000][1][safepoint    ] Entering safepoint region: RevokeBias
[2019-12-09T03:23:27.935+0000][1][safepoint    ] Leaving safepoint region
[2019-12-09T03:23:27.935+0000][1][safepoint    ] Total time for which application threads were stopped: 0.0000704 seconds, Stopping threads took: 0.0000132 seconds
[2019-12-09T03:23:27.935+0000][1][safepoint    ] Application time: 0.0004623 seconds
[2019-12-09T03:23:27.935+0000][1][safepoint    ] Entering safepoint region: RevokeBias
[2019-12-09T03:23:27.935+0000][1][safepoint    ] Leaving safepoint region
[2019-12-09T03:23:27.935+0000][1][safepoint    ] Total time for which application threads were stopped: 0.0000597 seconds, Stopping threads took: 0.0000105 seconds
[2019-12-09T03:23:27.936+0000][1][safepoint    ] Application time: 0.0004078 seconds
[2019-12-09T03:23:27.936+0000][1][safepoint    ] Entering safepoint region: RevokeBias
[2019-12-09T03:23:27.936+0000][1][safepoint    ] Leaving safepoint region
[2019-12-09T03:23:27.936+0000][1][safepoint    ] Total time for which application threads were stopped: 0.0000566 seconds, Stopping threads took: 0.0000121 seconds
[2019-12-09T03:23:27.936+0000][1][safepoint    ] Application time: 0.0000633 seconds
[2019-12-09T03:23:27.936+0000][1][safepoint    ] Entering safepoint region: RevokeBias
[2019-12-09T03:23:27.936+0000][1][safepoint    ] Leaving safepoint region
[2019-12-09T03:23:27.936+0000][1][safepoint    ] Total time for which application threads were stopped: 0.0000458 seconds, Stopping threads took: 0.0000099 seconds
[2019-12-09T03:23:27.936+0000][1][safepoint    ] Application time: 0.0000536 seconds
[2019-12-09T03:23:27.936+0000][1][safepoint    ] Entering safepoint region: RevokeBias
[2019-12-09T03:23:27.936+0000][1][safepoint    ] Leaving safepoint region
[2019-12-09T03:23:27.936+0000][1][safepoint    ] Total time for which application threads were stopped: 0.0000454 seconds, Stopping threads took: 0.0000097 seconds
[2019-12-09T03:23:27.937+0000][1][safepoint    ] Application time: 0.0010048 seconds
[2019-12-09T03:23:27.937+0000][1][safepoint    ] Entering safepoint region: RevokeBias
[2019-12-09T03:23:27.937+0000][1][safepoint    ] Leaving safepoint region
[2019-12-09T03:23:27.937+0000][1][safepoint    ] Total time for which application threads were stopped: 0.0000697 seconds, Stopping threads took: 0.0000127 seconds
[2019-12-09T03:23:27.938+0000][1][safepoint    ] Application time: 0.0002163 seconds
[2019-12-09T03:23:27.938+0000][1][safepoint    ] Entering safepoint region: RevokeBias
[2019-12-09T03:23:27.938+0000][1][safepoint    ] Leaving safepoint region
[2019-12-09T03:23:27.938+0000][1][safepoint    ] Total time for which application threads were stopped: 0.0000573 seconds, Stopping threads took: 0.0000103 seconds
[2019-12-09T03:23:27.938+0000][1][safepoint    ] Application time: 0.0002656 seconds
[2019-12-09T03:23:27.990+0000][1][safepoint    ] Entering safepoint region: RevokeBias
[2019-12-09T03:23:27.990+0000][1][safepoint    ] Leaving safepoint region
[2019-12-09T03:23:27.990+0000][1][safepoint    ] Total time for which application threads were stopped: 0.0518705 seconds, Stopping threads took: 0.0517636 seconds
[2019-12-09T03:23:27.993+0000][1][safepoint    ] Application time: 0.0034002 seconds
[2019-12-09T03:23:27.993+0000][1][safepoint    ] Entering safepoint region: RevokeBias
[2019-12-09T03:23:27.993+0000][1][safepoint    ] Leaving safepoint region
[2019-12-09T03:23:27.993+0000][1][safepoint    ] Total time for which application threads were stopped: 0.0001441 seconds, Stopping threads took: 0.0000776 seconds
[2019-12-09T03:23:27.994+0000][1][safepoint    ] Application time: 0.0004031 seconds
[2019-12-09T03:23:27.994+0000][1][safepoint    ] Entering safepoint region: RevokeBias
[2019-12-09T03:23:27.994+0000][1][safepoint    ] Leaving safepoint region
[2019-12-09T03:23:27.994+0000][1][safepoint    ] Total time for which application threads were stopped: 0.0000612 seconds, Stopping threads took: 0.0000142 seconds
[2019-12-09T03:23:27.994+0000][1][safepoint    ] Application time: 0.0000536 seconds
[2019-12-09T03:23:27.994+0000][1][safepoint    ] Entering safepoint region: RevokeBias
[2019-12-09T03:23:27.994+0000][1][safepoint    ] Leaving safepoint region
[2019-12-09T03:23:27.994+0000][1][safepoint    ] Total time for which application threads were stopped: 0.0000434 seconds, Stopping threads took: 0.0000094 seconds
[2019-12-09T03:23:27.994+0000][1][safepoint    ] Application time: 0.0000370 seconds
[2019-12-09T03:23:27.994+0000][1][safepoint    ] Entering safepoint region: RevokeBias
[2019-12-09T03:23:27.994+0000][1][safepoint    ] Leaving safepoint region
[2019-12-09T03:23:27.994+0000][1][safepoint    ] Total time for which application threads were stopped: 0.0000426 seconds, Stopping threads took: 0.0000091 seconds
[2019-12-09T03:23:27.994+0000][1][safepoint    ] Application time: 0.0002071 seconds
[2019-12-09T03:23:27.994+0000][1][safepoint    ] Entering safepoint region: RevokeBias
[2019-12-09T03:23:27.994+0000][1][safepoint    ] Leaving safepoint region
[2019-12-09T03:23:27.994+0000][1][safepoint    ] Total time for which application threads were stopped: 0.0000553 seconds, Stopping threads took: 0.0000103 seconds
[2019-12-09T03:23:28.017+0000][1][safepoint    ] Application time: 0.0229558 seconds
[2019-12-09T03:23:28.089+0000][1][safepoint    ] Entering safepoint region: RevokeBias
[2019-12-09T03:23:28.089+0000][1][safepoint    ] Leaving safepoint region
[2019-12-09T03:23:28.089+0000][1][safepoint    ] Total time for which application threads were stopped: 0.0716117 seconds, Stopping threads took: 0.0715170 seconds
[2019-12-09T03:23:28.089+0000][1][safepoint    ] Application time: 0.0004540 seconds
[2019-12-09T03:23:28.089+0000][1][safepoint    ] Entering safepoint region: RevokeBias
[2019-12-09T03:23:28.090+0000][1][safepoint    ] Leaving safepoint region
[2019-12-09T03:23:28.090+0000][1][safepoint    ] Total time for which application threads were stopped: 0.0000840 seconds, Stopping threads took: 0.0000162 seconds
[2019-12-09T03:23:28.090+0000][1][safepoint    ] Application time: 0.0004756 seconds
[2019-12-09T03:23:28.090+0000][1][safepoint    ] Entering safepoint region: RevokeBias
[2019-12-09T03:23:28.090+0000][1][safepoint    ] Leaving safepoint region
[2019-12-09T03:23:28.090+0000][1][safepoint    ] Total time for which application threads were stopped: 0.0000742 seconds, Stopping threads took: 0.0000122 seconds
[2019-12-09T03:23:28.093+0000][1][safepoint    ] Application time: 0.0024084 seconds
[2019-12-09T03:23:28.101+0000][1][safepoint    ] Entering safepoint region: RevokeBias
[2019-12-09T03:23:28.101+0000][1][safepoint    ] Leaving safepoint region
[2019-12-09T03:23:28.101+0000][1][safepoint    ] Total time for which application threads were stopped: 0.0083067 seconds, Stopping threads took: 0.0082581 seconds
[2019-12-09T03:23:28.101+0000][1][safepoint    ] Application time: 0.0000655 seconds
[2019-12-09T03:23:28.101+0000][1][safepoint    ] Entering safepoint region: RevokeBias
[2019-12-09T03:23:28.101+0000][1][safepoint    ] Leaving safepoint region
[2019-12-09T03:23:28.101+0000][1][safepoint    ] Total time for which application threads were stopped: 0.0000433 seconds, Stopping threads took: 0.0000093 seconds
[2019-12-09T03:23:28.101+0000][1][safepoint    ] Application time: 0.0000405 seconds
[2019-12-09T03:23:28.101+0000][1][safepoint    ] Entering safepoint region: RevokeBias
[2019-12-09T03:23:28.101+0000][1][safepoint    ] Leaving safepoint region
[2019-12-09T03:23:28.101+0000][1][safepoint    ] Total time for which application threads were stopped: 0.0000425 seconds, Stopping threads took: 0.0000086 seconds
[2019-12-09T03:23:28.302+0000][1][safepoint    ] Application time: 0.2007879 seconds
[2019-12-09T03:23:28.302+0000][1][safepoint    ] Entering safepoint region: RevokeBias
[2019-12-09T03:23:28.302+0000][1][safepoint    ] Leaving safepoint region
[2019-12-09T03:23:28.302+0000][1][safepoint    ] Total time for which application threads were stopped: 0.0002201 seconds, Stopping threads took: 0.0000204 seconds
[2019-12-09T03:23:28.349+0000][1][safepoint    ] Application time: 0.0467628 seconds
[2019-12-09T03:23:28.411+0000][1][safepoint    ] Entering safepoint region: RevokeBias
[2019-12-09T03:23:28.411+0000][1][safepoint    ] Leaving safepoint region
[2019-12-09T03:23:28.411+0000][1][safepoint    ] Total time for which application threads were stopped: 0.0619550 seconds, Stopping threads took: 0.0618717 seconds
[2019-12-09T03:23:28.714+0000][1][safepoint    ] Application time: 0.3027692 seconds
[2019-12-09T03:23:28.714+0000][1][safepoint    ] Entering safepoint region: RevokeBias
[2019-12-09T03:23:28.714+0000][1][safepoint    ] Leaving safepoint region
[2019-12-09T03:23:28.714+0000][1][safepoint    ] Total time for which application threads were stopped: 0.0000830 seconds, Stopping threads took: 0.0000174 seconds
[2019-12-09T03:23:28.714+0000][1][safepoint    ] Application time: 0.0004390 seconds
[2019-12-09T03:23:28.714+0000][1][safepoint    ] Entering safepoint region: RevokeBias
[2019-12-09T03:23:28.714+0000][1][safepoint    ] Leaving safepoint region
[2019-12-09T03:23:28.714+0000][1][safepoint    ] Total time for which application threads were stopped: 0.0000628 seconds, Stopping threads took: 0.0000138 seconds
[2019-12-09T03:23:28.936+0000][1][safepoint    ] Application time: 0.2213137 seconds
[2019-12-09T03:23:28.944+0000][1][safepoint    ] Entering safepoint region: RevokeBias
[2019-12-09T03:23:28.944+0000][1][safepoint    ] Leaving safepoint region
[2019-12-09T03:23:28.944+0000][1][safepoint    ] Total time for which application threads were stopped: 0.0081282 seconds, Stopping threads took: 0.0080378 seconds
[2019-12-09T03:23:28.944+0000][1][safepoint    ] Application time: 0.0003346 seconds
[2019-12-09T03:23:28.944+0000][1][safepoint    ] Entering safepoint region: RevokeBias
[2019-12-09T03:23:28.944+0000][1][safepoint    ] Leaving safepoint region
[2019-12-09T03:23:28.944+0000][1][safepoint    ] Total time for which application threads were stopped: 0.0000663 seconds, Stopping threads took: 0.0000137 seconds
[2019-12-09T03:23:28.945+0000][1][safepoint    ] Application time: 0.0003642 seconds
[2019-12-09T03:23:28.945+0000][1][safepoint    ] Entering safepoint region: RevokeBias
[2019-12-09T03:23:28.945+0000][1][safepoint    ] Leaving safepoint region
[2019-12-09T03:23:28.945+0000][1][safepoint    ] Total time for which application threads were stopped: 0.0000813 seconds, Stopping threads took: 0.0000124 seconds
[2019-12-09T03:23:28.945+0000][1][safepoint    ] Application time: 0.0004404 seconds
[2019-12-09T03:23:28.945+0000][1][safepoint    ] Entering safepoint region: RevokeBias
[2019-12-09T03:23:28.945+0000][1][safepoint    ] Leaving safepoint region
[2019-12-09T03:23:28.945+0000][1][safepoint    ] Total time for which application threads were stopped: 0.0000566 seconds, Stopping threads took: 0.0000114 seconds
[2019-12-09T03:23:28.946+0000][1][safepoint    ] Application time: 0.0003874 seconds
[2019-12-09T03:23:28.946+0000][1][safepoint    ] Entering safepoint region: RevokeBias
[2019-12-09T03:23:28.946+0000][1][safepoint    ] Leaving safepoint region
[2019-12-09T03:23:28.946+0000][1][safepoint    ] Total time for which application threads were stopped: 0.0000672 seconds, Stopping threads took: 0.0000106 seconds
[2019-12-09T03:23:28.946+0000][1][safepoint    ] Application time: 0.0000693 seconds
[2019-12-09T03:23:28.946+0000][1][safepoint    ] Entering safepoint region: RevokeBias
[2019-12-09T03:23:28.946+0000][1][safepoint    ] Leaving safepoint region
[2019-12-09T03:23:28.946+0000][1][safepoint    ] Total time for which application threads were stopped: 0.0000434 seconds, Stopping threads took: 0.0000095 seconds
[2019-12-09T03:23:28.946+0000][1][safepoint    ] Application time: 0.0000588 seconds
[2019-12-09T03:23:28.946+0000][1][safepoint    ] Entering safepoint region: RevokeBias
[2019-12-09T03:23:28.946+0000][1][safepoint    ] Leaving safepoint region
[2019-12-09T03:23:28.946+0000][1][safepoint    ] Total time for which application threads were stopped: 0.0000417 seconds, Stopping threads took: 0.0000093 seconds
[2019-12-09T03:23:28.991+0000][1][safepoint    ] Application time: 0.0454482 seconds
[2019-12-09T03:23:29.022+0000][1][safepoint    ] Entering safepoint region: RevokeBias
[2019-12-09T03:23:29.022+0000][1][safepoint    ] Leaving safepoint region
[2019-12-09T03:23:29.022+0000][1][safepoint    ] Total time for which application threads were stopped: 0.0304439 seconds, Stopping threads took: 0.0303411 seconds
[2019-12-09T03:23:29.028+0000][1][safepoint    ] Application time: 0.0057877 seconds
[2019-12-09T03:23:29.028+0000][1][safepoint    ] Entering safepoint region: RevokeBias
[2019-12-09T03:23:29.028+0000][1][safepoint    ] Leaving safepoint region
[2019-12-09T03:23:29.028+0000][1][safepoint    ] Total time for which application threads were stopped: 0.0000899 seconds, Stopping threads took: 0.0000149 seconds
[2019-12-09T03:23:29.046+0000][1][safepoint    ] Application time: 0.0177252 seconds
[2019-12-09T03:23:29.046+0000][1][safepoint    ] Entering safepoint region: RevokeBias
[2019-12-09T03:23:29.046+0000][1][safepoint    ] Leaving safepoint region
[2019-12-09T03:23:29.046+0000][1][safepoint    ] Total time for which application threads were stopped: 0.0001182 seconds, Stopping threads took: 0.0000155 seconds
[2019-12-09T03:23:29.047+0000][1][safepoint    ] Application time: 0.0008706 seconds
[2019-12-09T03:23:29.047+0000][1][safepoint    ] Entering safepoint region: RevokeBias
[2019-12-09T03:23:29.047+0000][1][safepoint    ] Leaving safepoint region
[2019-12-09T03:23:29.047+0000][1][safepoint    ] Total time for which application threads were stopped: 0.0001134 seconds, Stopping threads took: 0.0000142 seconds
[2019-12-09T03:23:29.048+0000][1][safepoint    ] Application time: 0.0012721 seconds
[2019-12-09T03:23:29.048+0000][1][safepoint    ] Entering safepoint region: RevokeBias
[2019-12-09T03:23:29.048+0000][1][safepoint    ] Leaving safepoint region
[2019-12-09T03:23:29.048+0000][1][safepoint    ] Total time for which application threads were stopped: 0.0000691 seconds, Stopping threads took: 0.0000136 seconds
[2019-12-09T03:23:29.048+0000][1][safepoint    ] Application time: 0.0002929 seconds
[2019-12-09T03:23:29.048+0000][1][safepoint    ] Entering safepoint region: RevokeBias
[2019-12-09T03:23:29.048+0000][1][safepoint    ] Leaving safepoint region
[2019-12-09T03:23:29.048+0000][1][safepoint    ] Total time for which application threads were stopped: 0.0000538 seconds, Stopping threads took: 0.0000109 seconds
[2019-12-09T03:23:29.049+0000][1][safepoint    ] Application time: 0.0000600 seconds
[2019-12-09T03:23:29.049+0000][1][safepoint    ] Entering safepoint region: RevokeBias
[2019-12-09T03:23:29.049+0000][1][safepoint    ] Leaving safepoint region
[2019-12-09T03:23:29.049+0000][1][safepoint    ] Total time for which application threads were stopped: 0.0000479 seconds, Stopping threads took: 0.0000096 seconds
[2019-12-09T03:23:29.049+0000][1][safepoint    ] Application time: 0.0001385 seconds
[2019-12-09T03:23:29.049+0000][1][safepoint    ] Entering safepoint region: RevokeBias
[2019-12-09T03:23:29.049+0000][1][safepoint    ] Leaving safepoint region
[2019-12-09T03:23:29.049+0000][1][safepoint    ] Total time for which application threads were stopped: 0.0000766 seconds, Stopping threads took: 0.0000392 seconds
[2019-12-09T03:23:29.088+0000][1][safepoint    ] Application time: 0.0391020 seconds
[2019-12-09T03:23:29.088+0000][1][safepoint    ] Entering safepoint region: RevokeBias
[2019-12-09T03:23:29.088+0000][1][safepoint    ] Leaving safepoint region
[2019-12-09T03:23:29.088+0000][1][safepoint    ] Total time for which application threads were stopped: 0.0000762 seconds, Stopping threads took: 0.0000138 seconds
[2019-12-09T03:23:29.148+0000][1][safepoint    ] Application time: 0.0599234 seconds
[2019-12-09T03:23:29.148+0000][1][safepoint    ] Entering safepoint region: RevokeBias
[2019-12-09T03:23:29.148+0000][1][safepoint    ] Leaving safepoint region
[2019-12-09T03:23:29.148+0000][1][safepoint    ] Total time for which application threads were stopped: 0.0000757 seconds, Stopping threads took: 0.0000156 seconds
[2019-12-09T03:23:29.731+0000][1][safepoint    ] Application time: 0.5825754 seconds
[2019-12-09T03:23:29.731+0000][1][safepoint    ] Entering safepoint region: RevokeBias
[2019-12-09T03:23:29.731+0000][1][safepoint    ] Leaving safepoint region
[2019-12-09T03:23:29.731+0000][1][safepoint    ] Total time for which application threads were stopped: 0.0000878 seconds, Stopping threads took: 0.0000191 seconds
[2019-12-09T03:23:29.731+0000][1][safepoint    ] Application time: 0.0004064 seconds
[2019-12-09T03:23:29.731+0000][1][safepoint    ] Entering safepoint region: RevokeBias
[2019-12-09T03:23:29.731+0000][1][safepoint    ] Leaving safepoint region
[2019-12-09T03:23:29.731+0000][1][safepoint    ] Total time for which application threads were stopped: 0.0000671 seconds, Stopping threads took: 0.0000143 seconds
[2019-12-09T03:23:29.962+0000][1][safepoint    ] Application time: 0.2307624 seconds
[2019-12-09T03:23:29.975+0000][1][safepoint    ] Entering safepoint region: RevokeBias
[2019-12-09T03:23:29.975+0000][1][safepoint    ] Leaving safepoint region
[2019-12-09T03:23:29.975+0000][1][safepoint    ] Total time for which application threads were stopped: 0.0127066 seconds, Stopping threads took: 0.0126250 seconds
[2019-12-09T03:23:29.975+0000][1][safepoint    ] Application time: 0.0003147 seconds
[2019-12-09T03:23:29.975+0000][1][safepoint    ] Entering safepoint region: RevokeBias
[2019-12-09T03:23:29.975+0000][1][safepoint    ] Leaving safepoint region
[2019-12-09T03:23:29.975+0000][1][safepoint    ] Total time for which application threads were stopped: 0.0000642 seconds, Stopping threads took: 0.0000121 seconds
[2019-12-09T03:23:29.976+0000][1][safepoint    ] Application time: 0.0003569 seconds
[2019-12-09T03:23:29.976+0000][1][safepoint    ] Entering safepoint region: RevokeBias
[2019-12-09T03:23:29.976+0000][1][safepoint    ] Leaving safepoint region
[2019-12-09T03:23:29.976+0000][1][safepoint    ] Total time for which application threads were stopped: 0.0000608 seconds, Stopping threads took: 0.0000116 seconds
[2019-12-09T03:23:29.976+0000][1][safepoint    ] Application time: 0.0004527 seconds
[2019-12-09T03:23:29.976+0000][1][safepoint    ] Entering safepoint region: RevokeBias
[2019-12-09T03:23:29.976+0000][1][safepoint    ] Leaving safepoint region
[2019-12-09T03:23:29.976+0000][1][safepoint    ] Total time for which application threads were stopped: 0.0000594 seconds, Stopping threads took: 0.0000118 seconds
[2019-12-09T03:23:29.977+0000][1][safepoint    ] Application time: 0.0003339 seconds
[2019-12-09T03:23:29.977+0000][1][safepoint    ] Entering safepoint region: RevokeBias
[2019-12-09T03:23:29.977+0000][1][safepoint    ] Leaving safepoint region
[2019-12-09T03:23:29.977+0000][1][safepoint    ] Total time for which application threads were stopped: 0.0000469 seconds, Stopping threads took: 0.0000100 seconds
[2019-12-09T03:23:29.977+0000][1][safepoint    ] Application time: 0.0000585 seconds
[2019-12-09T03:23:29.977+0000][1][safepoint    ] Entering safepoint region: RevokeBias
[2019-12-09T03:23:29.977+0000][1][safepoint    ] Leaving safepoint region
[2019-12-09T03:23:29.977+0000][1][safepoint    ] Total time for which application threads were stopped: 0.0000393 seconds, Stopping threads took: 0.0000089 seconds
[2019-12-09T03:23:29.977+0000][1][safepoint    ] Application time: 0.0000538 seconds
[2019-12-09T03:23:29.977+0000][1][safepoint    ] Entering safepoint region: RevokeBias
[2019-12-09T03:23:29.977+0000][1][safepoint    ] Leaving safepoint region
[2019-12-09T03:23:29.977+0000][1][safepoint    ] Total time for which application threads were stopped: 0.0000365 seconds, Stopping threads took: 0.0000083 seconds
[2019-12-09T03:23:30.084+0000][1][safepoint    ] Application time: 0.1069832 seconds
[2019-12-09T03:23:30.126+0000][1][safepoint    ] Entering safepoint region: RevokeBias
[2019-12-09T03:23:30.126+0000][1][safepoint    ] Leaving safepoint region
[2019-12-09T03:23:30.126+0000][1][safepoint    ] Total time for which application threads were stopped: 0.0418716 seconds, Stopping threads took: 0.0417312 seconds
[2019-12-09T03:23:30.174+0000][1][safepoint    ] Application time: 0.0479618 seconds
[2019-12-09T03:23:30.174+0000][1][safepoint    ] Entering safepoint region: RevokeBias
[2019-12-09T03:23:30.174+0000][1][safepoint    ] Leaving safepoint region
[2019-12-09T03:23:30.174+0000][1][safepoint    ] Total time for which application threads were stopped: 0.0003673 seconds, Stopping threads took: 0.0000184 seconds
[2019-12-09T03:23:30.175+0000][1][safepoint    ] Application time: 0.0007969 seconds
[2019-12-09T03:23:30.175+0000][1][safepoint    ] Entering safepoint region: RevokeBias
[2019-12-09T03:23:30.175+0000][1][safepoint    ] Leaving safepoint region
[2019-12-09T03:23:30.175+0000][1][safepoint    ] Total time for which application threads were stopped: 0.0000992 seconds, Stopping threads took: 0.0000139 seconds
[2019-12-09T03:23:30.177+0000][1][safepoint    ] Application time: 0.0015611 seconds
[2019-12-09T03:23:30.177+0000][1][safepoint    ] Entering safepoint region: RevokeBias
[2019-12-09T03:23:30.177+0000][1][safepoint    ] Leaving safepoint region
[2019-12-09T03:23:30.177+0000][1][safepoint    ] Total time for which application threads were stopped: 0.0001025 seconds, Stopping threads took: 0.0000141 seconds
[2019-12-09T03:23:30.177+0000][1][safepoint    ] Application time: 0.0005359 seconds
[2019-12-09T03:23:30.177+0000][1][safepoint    ] Entering safepoint region: RevokeBias
[2019-12-09T03:23:30.177+0000][1][safepoint    ] Leaving safepoint region
[2019-12-09T03:23:30.177+0000][1][safepoint    ] Total time for which application threads were stopped: 0.0000537 seconds, Stopping threads took: 0.0000112 seconds
[2019-12-09T03:23:30.177+0000][1][safepoint    ] Application time: 0.0000610 seconds
[2019-12-09T03:23:30.177+0000][1][safepoint    ] Entering safepoint region: RevokeBias
[2019-12-09T03:23:30.177+0000][1][safepoint    ] Leaving safepoint region
[2019-12-09T03:23:30.177+0000][1][safepoint    ] Total time for which application threads were stopped: 0.0000413 seconds, Stopping threads took: 0.0000096 seconds
[2019-12-09T03:23:30.178+0000][1][safepoint    ] Application time: 0.0000547 seconds
[2019-12-09T03:23:30.178+0000][1][safepoint    ] Entering safepoint region: RevokeBias
[2019-12-09T03:23:30.178+0000][1][safepoint    ] Leaving safepoint region
[2019-12-09T03:23:30.178+0000][1][safepoint    ] Total time for which application threads were stopped: 0.0000413 seconds, Stopping threads took: 0.0000091 seconds
[2019-12-09T03:23:30.210+0000][1][safepoint    ] Application time: 0.0323526 seconds
[2019-12-09T03:23:30.210+0000][1][safepoint    ] Entering safepoint region: RevokeBias
[2019-12-09T03:23:30.210+0000][1][safepoint    ] Leaving safepoint region
[2019-12-09T03:23:30.210+0000][1][safepoint    ] Total time for which application threads were stopped: 0.0000808 seconds, Stopping threads took: 0.0000139 seconds
[2019-12-09T03:23:30.241+0000][1][safepoint    ] Application time: 0.0313308 seconds
[2019-12-09T03:23:30.241+0000][1][safepoint    ] Entering safepoint region: RevokeBias
[2019-12-09T03:23:30.241+0000][1][safepoint    ] Leaving safepoint region
[2019-12-09T03:23:30.241+0000][1][safepoint    ] Total time for which application threads were stopped: 0.0000638 seconds, Stopping threads took: 0.0000132 seconds
[2019-12-09T03:23:30.248+0000][1][safepoint    ] Application time: 0.0065056 seconds
[2019-12-09T03:23:30.248+0000][1][safepoint    ] Entering safepoint region: RevokeBias
[2019-12-09T03:23:30.248+0000][1][safepoint    ] Leaving safepoint region
[2019-12-09T03:23:30.248+0000][1][safepoint    ] Total time for which application threads were stopped: 0.0000663 seconds, Stopping threads took: 0.0000155 seconds
[2019-12-09T03:23:30.249+0000][1][safepoint    ] Application time: 0.0009491 seconds
[2019-12-09T03:23:30.249+0000][1][safepoint    ] Entering safepoint region: RevokeBias
[2019-12-09T03:23:30.249+0000][1][safepoint    ] Leaving safepoint region
[2019-12-09T03:23:30.249+0000][1][safepoint    ] Total time for which application threads were stopped: 0.0000517 seconds, Stopping threads took: 0.0000114 seconds
[2019-12-09T03:23:30.633+0000][1][safepoint    ] Application time: 0.3842281 seconds
[2019-12-09T03:23:30.633+0000][1][safepoint    ] Entering safepoint region: BulkRevokeBias
[2019-12-09T03:23:30.634+0000][1][safepoint    ] Leaving safepoint region
[2019-12-09T03:23:30.634+0000][1][safepoint    ] Total time for which application threads were stopped: 0.0002725 seconds, Stopping threads took: 0.0000177 seconds
[2019-12-09T03:23:30.634+0000][1][safepoint    ] Application time: 0.0004930 seconds
[2019-12-09T03:23:30.634+0000][1][safepoint    ] Entering safepoint region: RevokeBias
[2019-12-09T03:23:30.634+0000][1][safepoint    ] Leaving safepoint region
[2019-12-09T03:23:30.634+0000][1][safepoint    ] Total time for which application threads were stopped: 0.0000706 seconds, Stopping threads took: 0.0000162 seconds
[2019-12-09T03:23:30.635+0000][1][safepoint    ] Application time: 0.0005356 seconds
[2019-12-09T03:23:30.635+0000][1][safepoint    ] Entering safepoint region: RevokeBias
[2019-12-09T03:23:30.635+0000][1][safepoint    ] Leaving safepoint region
[2019-12-09T03:23:30.635+0000][1][safepoint    ] Total time for which application threads were stopped: 0.0000524 seconds, Stopping threads took: 0.0000114 seconds
[2019-12-09T03:23:30.951+0000][1][safepoint    ] Application time: 0.3156409 seconds
[2019-12-09T03:23:30.968+0000][1][safepoint    ] Entering safepoint region: RevokeBias
[2019-12-09T03:23:30.968+0000][1][safepoint    ] Leaving safepoint region
[2019-12-09T03:23:30.968+0000][1][safepoint    ] Total time for which application threads were stopped: 0.0172825 seconds, Stopping threads took: 0.0171912 seconds
[2019-12-09T03:23:30.968+0000][1][safepoint    ] Application time: 0.0002838 seconds
[2019-12-09T03:23:30.968+0000][1][safepoint    ] Entering safepoint region: RevokeBias
[2019-12-09T03:23:30.968+0000][1][safepoint    ] Leaving safepoint region
[2019-12-09T03:23:30.968+0000][1][safepoint    ] Total time for which application threads were stopped: 0.0000692 seconds, Stopping threads took: 0.0000125 seconds
[2019-12-09T03:23:30.969+0000][1][safepoint    ] Application time: 0.0003468 seconds
[2019-12-09T03:23:30.969+0000][1][safepoint    ] Entering safepoint region: RevokeBias
[2019-12-09T03:23:30.969+0000][1][safepoint    ] Leaving safepoint region
[2019-12-09T03:23:30.969+0000][1][safepoint    ] Total time for which application threads were stopped: 0.0000631 seconds, Stopping threads took: 0.0000121 seconds
[2019-12-09T03:23:30.969+0000][1][safepoint    ] Application time: 0.0004175 seconds
[2019-12-09T03:23:31.013+0000][1][safepoint    ] Entering safepoint region: RevokeBias
[2019-12-09T03:23:31.013+0000][1][safepoint    ] Leaving safepoint region
[2019-12-09T03:23:31.013+0000][1][safepoint    ] Total time for which application threads were stopped: 0.0437664 seconds, Stopping threads took: 0.0436773 seconds
[2019-12-09T03:23:31.045+0000][1][safepoint    ] Application time: 0.0318866 seconds
[2019-12-09T03:23:31.094+0000][1][safepoint    ] Entering safepoint region: RevokeBias
[2019-12-09T03:23:31.094+0000][1][safepoint    ] Leaving safepoint region
[2019-12-09T03:23:31.094+0000][1][safepoint    ] Total time for which application threads were stopped: 0.0490990 seconds, Stopping threads took: 0.0490160 seconds
[2019-12-09T03:23:31.096+0000][1][safepoint    ] Application time: 0.0019519 seconds
[2019-12-09T03:23:31.096+0000][1][safepoint    ] Entering safepoint region: RevokeBias
[2019-12-09T03:23:31.096+0000][1][safepoint    ] Leaving safepoint region
[2019-12-09T03:23:31.096+0000][1][safepoint    ] Total time for which application threads were stopped: 0.0001347 seconds, Stopping threads took: 0.0000581 seconds
[2019-12-09T03:23:31.096+0000][1][safepoint    ] Application time: 0.0000837 seconds
[2019-12-09T03:23:31.096+0000][1][safepoint    ] Entering safepoint region: RevokeBias
[2019-12-09T03:23:31.096+0000][1][safepoint    ] Leaving safepoint region
[2019-12-09T03:23:31.096+0000][1][safepoint    ] Total time for which application threads were stopped: 0.0000377 seconds, Stopping threads took: 0.0000077 seconds
[2019-12-09T03:23:31.111+0000][1][safepoint    ] Application time: 0.0144308 seconds
[2019-12-09T03:23:31.111+0000][1][safepoint    ] Entering safepoint region: RevokeBias
[2019-12-09T03:23:31.111+0000][1][safepoint    ] Leaving safepoint region
[2019-12-09T03:23:31.111+0000][1][safepoint    ] Total time for which application threads were stopped: 0.0001133 seconds, Stopping threads took: 0.0000161 seconds
[2019-12-09T03:23:31.111+0000][1][safepoint    ] Application time: 0.0000642 seconds
[2019-12-09T03:23:31.111+0000][1][safepoint    ] Entering safepoint region: RevokeBias
[2019-12-09T03:23:31.111+0000][1][safepoint    ] Leaving safepoint region
[2019-12-09T03:23:31.111+0000][1][safepoint    ] Total time for which application threads were stopped: 0.0000482 seconds, Stopping threads took: 0.0000098 seconds
[2019-12-09T03:23:31.148+0000][1][safepoint    ] Application time: 0.0374469 seconds
[2019-12-09T03:23:31.148+0000][1][safepoint    ] Entering safepoint region: RevokeBias
[2019-12-09T03:23:31.149+0000][1][safepoint    ] Leaving safepoint region
[2019-12-09T03:23:31.149+0000][1][safepoint    ] Total time for which application threads were stopped: 0.0007429 seconds, Stopping threads took: 0.0000186 seconds
[2019-12-09T03:23:31.155+0000][1][safepoint    ] Application time: 0.0056979 seconds
[2019-12-09T03:23:31.155+0000][1][safepoint    ] Entering safepoint region: RevokeBias
[2019-12-09T03:23:31.155+0000][1][safepoint    ] Leaving safepoint region
[2019-12-09T03:23:31.155+0000][1][safepoint    ] Total time for which application threads were stopped: 0.0000903 seconds, Stopping threads took: 0.0000138 seconds
[2019-12-09T03:23:31.155+0000][1][safepoint    ] Application time: 0.0004936 seconds
[2019-12-09T03:23:31.155+0000][1][safepoint    ] Entering safepoint region: RevokeBias
[2019-12-09T03:23:31.155+0000][1][safepoint    ] Leaving safepoint region
[2019-12-09T03:23:31.155+0000][1][safepoint    ] Total time for which application threads were stopped: 0.0000578 seconds, Stopping threads took: 0.0000131 seconds
[2019-12-09T03:23:31.156+0000][1][safepoint    ] Application time: 0.0000452 seconds
[2019-12-09T03:23:31.156+0000][1][safepoint    ] Entering safepoint region: RevokeBias
[2019-12-09T03:23:31.156+0000][1][safepoint    ] Leaving safepoint region
[2019-12-09T03:23:31.156+0000][1][safepoint    ] Total time for which application threads were stopped: 0.0000393 seconds, Stopping threads took: 0.0000086 seconds
[2019-12-09T03:23:31.156+0000][1][safepoint    ] Application time: 0.0000347 seconds
[2019-12-09T03:23:31.156+0000][1][safepoint    ] Entering safepoint region: RevokeBias
[2019-12-09T03:23:31.156+0000][1][safepoint    ] Leaving safepoint region
[2019-12-09T03:23:31.156+0000][1][safepoint    ] Total time for which application threads were stopped: 0.0000378 seconds, Stopping threads took: 0.0000085 seconds
[2019-12-09T03:23:31.174+0000][1][safepoint    ] Application time: 0.0180755 seconds
[2019-12-09T03:23:31.174+0000][1][safepoint    ] Entering safepoint region: RevokeBias
[2019-12-09T03:23:31.174+0000][1][safepoint    ] Leaving safepoint region
[2019-12-09T03:23:31.174+0000][1][safepoint    ] Total time for which application threads were stopped: 0.0000726 seconds, Stopping threads took: 0.0000154 seconds
[2019-12-09T03:23:31.397+0000][1][safepoint    ] Application time: 0.2229641 seconds
[2019-12-09T03:23:31.397+0000][1][safepoint    ] Entering safepoint region: RevokeBias
[2019-12-09T03:23:31.397+0000][1][safepoint    ] Leaving safepoint region
[2019-12-09T03:23:31.397+0000][1][safepoint    ] Total time for which application threads were stopped: 0.0000827 seconds, Stopping threads took: 0.0000174 seconds
[2019-12-09T03:23:31.509+0000][1][safepoint    ] Application time: 0.1119808 seconds
[2019-12-09T03:23:31.509+0000][1][safepoint    ] Entering safepoint region: RevokeBias
[2019-12-09T03:23:31.509+0000][1][safepoint    ] Leaving safepoint region
[2019-12-09T03:23:31.509+0000][1][safepoint    ] Total time for which application threads were stopped: 0.0000854 seconds, Stopping threads took: 0.0000187 seconds
[2019-12-09T03:23:31.633+0000][1][safepoint    ] Application time: 0.1243300 seconds
[2019-12-09T03:23:31.633+0000][1][safepoint    ] Entering safepoint region: RevokeBias
[2019-12-09T03:23:31.633+0000][1][safepoint    ] Leaving safepoint region
[2019-12-09T03:23:31.633+0000][1][safepoint    ] Total time for which application threads were stopped: 0.0000885 seconds, Stopping threads took: 0.0000204 seconds
[2019-12-09T03:23:31.634+0000][1][safepoint    ] Application time: 0.0003977 seconds
[2019-12-09T03:23:31.634+0000][1][safepoint    ] Entering safepoint region: RevokeBias
[2019-12-09T03:23:31.634+0000][1][safepoint    ] Leaving safepoint region
[2019-12-09T03:23:31.634+0000][1][safepoint    ] Total time for which application threads were stopped: 0.0000625 seconds, Stopping threads took: 0.0000135 seconds
[2019-12-09T03:23:31.932+0000][1][safepoint    ] Application time: 0.2983108 seconds
[2019-12-09T03:23:31.932+0000][1][safepoint    ] Entering safepoint region: RevokeBias
[2019-12-09T03:23:31.932+0000][1][safepoint    ] Leaving safepoint region
[2019-12-09T03:23:31.932+0000][1][safepoint    ] Total time for which application threads were stopped: 0.0001223 seconds, Stopping threads took: 0.0000173 seconds
[2019-12-09T03:23:31.934+0000][1][safepoint    ] Application time: 0.0014981 seconds
[2019-12-09T03:23:31.934+0000][1][safepoint    ] Entering safepoint region: RevokeBias
[2019-12-09T03:23:31.934+0000][1][safepoint    ] Leaving safepoint region
[2019-12-09T03:23:31.934+0000][1][safepoint    ] Total time for which application threads were stopped: 0.0000749 seconds, Stopping threads took: 0.0000138 seconds
[2019-12-09T03:23:31.935+0000][1][safepoint    ] Application time: 0.0004893 seconds
[2019-12-09T03:23:31.935+0000][1][safepoint    ] Entering safepoint region: RevokeBias
[2019-12-09T03:23:31.935+0000][1][safepoint    ] Leaving safepoint region
[2019-12-09T03:23:31.935+0000][1][safepoint    ] Total time for which application threads were stopped: 0.0000794 seconds, Stopping threads took: 0.0000120 seconds
[2019-12-09T03:23:31.935+0000][1][safepoint    ] Application time: 0.0001595 seconds
[2019-12-09T03:23:31.935+0000][1][safepoint    ] Entering safepoint region: RevokeBias
[2019-12-09T03:23:31.935+0000][1][safepoint    ] Leaving safepoint region
[2019-12-09T03:23:31.935+0000][1][safepoint    ] Total time for which application threads were stopped: 0.0000600 seconds, Stopping threads took: 0.0000100 seconds
[2019-12-09T03:23:31.936+0000][1][safepoint    ] Application time: 0.0006099 seconds
[2019-12-09T03:23:31.936+0000][1][safepoint    ] Entering safepoint region: RevokeBias
[2019-12-09T03:23:31.936+0000][1][safepoint    ] Leaving safepoint region
[2019-12-09T03:23:31.936+0000][1][safepoint    ] Total time for which application threads were stopped: 0.0000794 seconds, Stopping threads took: 0.0000241 seconds
[2019-12-09T03:23:31.936+0000][1][safepoint    ] Application time: 0.0003914 seconds
[2019-12-09T03:23:31.936+0000][1][safepoint    ] Entering safepoint region: RevokeBias
[2019-12-09T03:23:31.936+0000][1][safepoint    ] Leaving safepoint region
[2019-12-09T03:23:31.936+0000][1][safepoint    ] Total time for which application threads were stopped: 0.0001032 seconds, Stopping threads took: 0.0000617 seconds
[2019-12-09T03:23:31.939+0000][1][safepoint    ] Application time: 0.0026858 seconds
[2019-12-09T03:23:31.939+0000][1][safepoint    ] Entering safepoint region: BulkRevokeBias
[2019-12-09T03:23:31.939+0000][1][safepoint    ] Leaving safepoint region
[2019-12-09T03:23:31.939+0000][1][safepoint    ] Total time for which application threads were stopped: 0.0003717 seconds, Stopping threads took: 0.0000279 seconds
[2019-12-09T03:23:31.939+0000][1][safepoint    ] Application time: 0.0002418 seconds
[2019-12-09T03:23:31.939+0000][1][safepoint    ] Entering safepoint region: RevokeBias
[2019-12-09T03:23:31.940+0000][1][safepoint    ] Leaving safepoint region
[2019-12-09T03:23:31.940+0000][1][safepoint    ] Total time for which application threads were stopped: 0.0000640 seconds, Stopping threads took: 0.0000115 seconds
[2019-12-09T03:23:31.940+0000][1][safepoint    ] Application time: 0.0004606 seconds
[2019-12-09T03:23:31.940+0000][1][safepoint    ] Entering safepoint region: RevokeBias
[2019-12-09T03:23:31.940+0000][1][safepoint    ] Leaving safepoint region
[2019-12-09T03:23:31.940+0000][1][safepoint    ] Total time for which application threads were stopped: 0.0000640 seconds, Stopping threads took: 0.0000115 seconds
[2019-12-09T03:23:31.941+0000][1][safepoint    ] Application time: 0.0009836 seconds
[2019-12-09T03:23:31.941+0000][1][safepoint    ] Entering safepoint region: RevokeBias
[2019-12-09T03:23:31.941+0000][1][safepoint    ] Leaving safepoint region
[2019-12-09T03:23:31.941+0000][1][safepoint    ] Total time for which application threads were stopped: 0.0000579 seconds, Stopping threads took: 0.0000121 seconds
[2019-12-09T03:23:31.941+0000][1][safepoint    ] Application time: 0.0000802 seconds
[2019-12-09T03:23:31.941+0000][1][safepoint    ] Entering safepoint region: RevokeBias
[2019-12-09T03:23:31.941+0000][1][safepoint    ] Leaving safepoint region
[2019-12-09T03:23:31.941+0000][1][safepoint    ] Total time for which application threads were stopped: 0.0000470 seconds, Stopping threads took: 0.0000096 seconds
[2019-12-09T03:23:31.941+0000][1][safepoint    ] Application time: 0.0001265 seconds
[2019-12-09T03:23:31.941+0000][1][safepoint    ] Entering safepoint region: RevokeBias
[2019-12-09T03:23:31.941+0000][1][safepoint    ] Leaving safepoint region
[2019-12-09T03:23:31.941+0000][1][safepoint    ] Total time for which application threads were stopped: 0.0000422 seconds, Stopping threads took: 0.0000098 seconds
[2019-12-09T03:23:31.951+0000][1][safepoint    ] Application time: 0.0093442 seconds
[2019-12-09T03:23:31.951+0000][1][safepoint    ] Entering safepoint region: RevokeBias
[2019-12-09T03:23:31.951+0000][1][safepoint    ] Leaving safepoint region
[2019-12-09T03:23:31.951+0000][1][safepoint    ] Total time for which application threads were stopped: 0.0000680 seconds, Stopping threads took: 0.0000135 seconds
[2019-12-09T03:23:32.031+0000][1][safepoint    ] Application time: 0.0804842 seconds
[2019-12-09T03:23:32.031+0000][1][safepoint    ] Entering safepoint region: RevokeBias
[2019-12-09T03:23:32.032+0000][1][safepoint    ] Leaving safepoint region
[2019-12-09T03:23:32.032+0000][1][safepoint    ] Total time for which application threads were stopped: 0.0000944 seconds, Stopping threads took: 0.0000170 seconds
[2019-12-09T03:23:32.617+0000][1][safepoint    ] Application time: 0.5851458 seconds
[2019-12-09T03:23:32.617+0000][1][safepoint    ] Entering safepoint region: RevokeBias
[2019-12-09T03:23:32.617+0000][1][safepoint    ] Leaving safepoint region
[2019-12-09T03:23:32.617+0000][1][safepoint    ] Total time for which application threads were stopped: 0.0000937 seconds, Stopping threads took: 0.0000212 seconds
[2019-12-09T03:23:32.617+0000][1][safepoint    ] Application time: 0.0004140 seconds
[2019-12-09T03:23:32.617+0000][1][safepoint    ] Entering safepoint region: RevokeBias
[2019-12-09T03:23:32.617+0000][1][safepoint    ] Leaving safepoint region
[2019-12-09T03:23:32.617+0000][1][safepoint    ] Total time for which application threads were stopped: 0.0000694 seconds, Stopping threads took: 0.0000148 seconds
[2019-12-09T03:23:32.943+0000][1][safepoint    ] Application time: 0.3257489 seconds
[2019-12-09T03:23:32.947+0000][1][safepoint    ] Entering safepoint region: RevokeBias
[2019-12-09T03:23:32.947+0000][1][safepoint    ] Leaving safepoint region
[2019-12-09T03:23:32.947+0000][1][safepoint    ] Total time for which application threads were stopped: 0.0037609 seconds, Stopping threads took: 0.0036778 seconds
[2019-12-09T03:23:32.947+0000][1][safepoint    ] Application time: 0.0002579 seconds
[2019-12-09T03:23:32.947+0000][1][safepoint    ] Entering safepoint region: RevokeBias
[2019-12-09T03:23:32.947+0000][1][safepoint    ] Leaving safepoint region
[2019-12-09T03:23:32.947+0000][1][safepoint    ] Total time for which application threads were stopped: 0.0000637 seconds, Stopping threads took: 0.0000111 seconds
[2019-12-09T03:23:32.948+0000][1][safepoint    ] Application time: 0.0002955 seconds
[2019-12-09T03:23:32.948+0000][1][safepoint    ] Entering safepoint region: RevokeBias
[2019-12-09T03:23:32.948+0000][1][safepoint    ] Leaving safepoint region
[2019-12-09T03:23:32.948+0000][1][safepoint    ] Total time for which application threads were stopped: 0.0000662 seconds, Stopping threads took: 0.0000115 seconds
[2019-12-09T03:23:32.965+0000][1][safepoint    ] Application time: 0.0175901 seconds
[2019-12-09T03:23:33.024+0000][1][safepoint    ] Entering safepoint region: RevokeBias
[2019-12-09T03:23:33.024+0000][1][safepoint    ] Leaving safepoint region
[2019-12-09T03:23:33.024+0000][1][safepoint    ] Total time for which application threads were stopped: 0.0591341 seconds, Stopping threads took: 0.0590295 seconds
[2019-12-09T03:23:33.097+0000][1][safepoint    ] Application time: 0.0730205 seconds
[2019-12-09T03:23:33.098+0000][1][safepoint    ] Entering safepoint region: RevokeBias
[2019-12-09T03:23:33.098+0000][1][safepoint    ] Leaving safepoint region
[2019-12-09T03:23:33.098+0000][1][safepoint    ] Total time for which application threads were stopped: 0.0008099 seconds, Stopping threads took: 0.0003686 seconds
[2019-12-09T03:23:33.099+0000][1][safepoint    ] Application time: 0.0005391 seconds
[2019-12-09T03:23:33.099+0000][1][safepoint    ] Entering safepoint region: RevokeBias
[2019-12-09T03:23:33.099+0000][1][safepoint    ] Leaving safepoint region
[2019-12-09T03:23:33.099+0000][1][safepoint    ] Total time for which application threads were stopped: 0.0000847 seconds, Stopping threads took: 0.0000156 seconds
[2019-12-09T03:23:33.099+0000][1][safepoint    ] Application time: 0.0002177 seconds
[2019-12-09T03:23:33.099+0000][1][safepoint    ] Entering safepoint region: RevokeBias
[2019-12-09T03:23:33.099+0000][1][safepoint    ] Leaving safepoint region
[2019-12-09T03:23:33.099+0000][1][safepoint    ] Total time for which application threads were stopped: 0.0001140 seconds, Stopping threads took: 0.0000539 seconds
[2019-12-09T03:23:33.133+0000][1][safepoint    ] Application time: 0.0339927 seconds
[2019-12-09T03:23:33.133+0000][1][safepoint    ] Entering safepoint region: RevokeBias
[2019-12-09T03:23:33.133+0000][1][safepoint    ] Leaving safepoint region
[2019-12-09T03:23:33.133+0000][1][safepoint    ] Total time for which application threads were stopped: 0.0000973 seconds, Stopping threads took: 0.0000161 seconds
[2019-12-09T03:23:33.134+0000][1][safepoint    ] Application time: 0.0007422 seconds
[2019-12-09T03:23:33.134+0000][1][safepoint    ] Entering safepoint region: RevokeBias
[2019-12-09T03:23:33.134+0000][1][safepoint    ] Leaving safepoint region
[2019-12-09T03:23:33.134+0000][1][safepoint    ] Total time for which application threads were stopped: 0.0000873 seconds, Stopping threads took: 0.0000157 seconds
[2019-12-09T03:23:33.181+0000][1][safepoint    ] Application time: 0.0471707 seconds
[2019-12-09T03:23:33.196+0000][1][safepoint    ] Entering safepoint region: RevokeBias
[2019-12-09T03:23:33.196+0000][1][safepoint    ] Leaving safepoint region
[2019-12-09T03:23:33.196+0000][1][safepoint    ] Total time for which application threads were stopped: 0.0148088 seconds, Stopping threads took: 0.0147221 seconds
[2019-12-09T03:23:33.197+0000][1][safepoint    ] Application time: 0.0007981 seconds
[2019-12-09T03:23:33.197+0000][1][safepoint    ] Entering safepoint region: RevokeBias
[2019-12-09T03:23:33.197+0000][1][safepoint    ] Leaving safepoint region
[2019-12-09T03:23:33.197+0000][1][safepoint    ] Total time for which application threads were stopped: 0.0001175 seconds, Stopping threads took: 0.0000135 seconds
[2019-12-09T03:23:33.198+0000][1][safepoint    ] Application time: 0.0004410 seconds
[2019-12-09T03:23:33.198+0000][1][safepoint    ] Entering safepoint region: RevokeBias
[2019-12-09T03:23:33.198+0000][1][safepoint    ] Leaving safepoint region
[2019-12-09T03:23:33.198+0000][1][safepoint    ] Total time for which application threads were stopped: 0.0000820 seconds, Stopping threads took: 0.0000115 seconds
[2019-12-09T03:23:33.199+0000][1][safepoint    ] Application time: 0.0015864 seconds
[2019-12-09T03:23:33.199+0000][1][safepoint    ] Entering safepoint region: RevokeBias
[2019-12-09T03:23:33.199+0000][1][safepoint    ] Leaving safepoint region
[2019-12-09T03:23:33.199+0000][1][safepoint    ] Total time for which application threads were stopped: 0.0000666 seconds, Stopping threads took: 0.0000115 seconds
[2019-12-09T03:23:33.561+0000][1][safepoint    ] Application time: 0.3613888 seconds
[2019-12-09T03:23:33.561+0000][1][safepoint    ] Entering safepoint region: RevokeBias
[2019-12-09T03:23:33.561+0000][1][safepoint    ] Leaving safepoint region
[2019-12-09T03:23:33.561+0000][1][safepoint    ] Total time for which application threads were stopped: 0.0000886 seconds, Stopping threads took: 0.0000189 seconds
[2019-12-09T03:23:33.847+0000][1][safepoint    ] Application time: 0.2863958 seconds
[2019-12-09T03:23:33.847+0000][1][safepoint    ] Entering safepoint region: RevokeBias
[2019-12-09T03:23:33.847+0000][1][safepoint    ] Leaving safepoint region
[2019-12-09T03:23:33.847+0000][1][safepoint    ] Total time for which application threads were stopped: 0.0001157 seconds, Stopping threads took: 0.0000200 seconds
[2019-12-09T03:23:33.913+0000][1][safepoint    ] Application time: 0.0659118 seconds
[2019-12-09T03:23:33.929+0000][1][safepoint    ] Entering safepoint region: RevokeBias
[2019-12-09T03:23:33.929+0000][1][safepoint    ] Leaving safepoint region
[2019-12-09T03:23:33.929+0000][1][safepoint    ] Total time for which application threads were stopped: 0.0158267 seconds, Stopping threads took: 0.0157445 seconds
[2019-12-09T03:23:34.038+0000][1][safepoint    ] Application time: 0.1084579 seconds
[2019-12-09T03:23:34.038+0000][1][safepoint    ] Entering safepoint region: RevokeBias
[2019-12-09T03:23:34.038+0000][1][safepoint    ] Leaving safepoint region
[2019-12-09T03:23:34.038+0000][1][safepoint    ] Total time for which application threads were stopped: 0.0003573 seconds, Stopping threads took: 0.0000197 seconds
[2019-12-09T03:23:34.129+0000][1][safepoint    ] Application time: 0.0906334 seconds
[2019-12-09T03:23:34.129+0000][1][safepoint    ] Entering safepoint region: RevokeBias
[2019-12-09T03:23:34.129+0000][1][safepoint    ] Leaving safepoint region
[2019-12-09T03:23:34.129+0000][1][safepoint    ] Total time for which application threads were stopped: 0.0002303 seconds, Stopping threads took: 0.0001126 seconds
[2019-12-09T03:23:34.129+0000][1][safepoint    ] Application time: 0.0004814 seconds
[2019-12-09T03:23:34.130+0000][1][safepoint    ] Entering safepoint region: RevokeBias
[2019-12-09T03:23:34.130+0000][1][safepoint    ] Leaving safepoint region
[2019-12-09T03:23:34.130+0000][1][safepoint    ] Total time for which application threads were stopped: 0.0000880 seconds, Stopping threads took: 0.0000154 seconds
[2019-12-09T03:23:34.179+0000][1][safepoint    ] Application time: 0.0489287 seconds
[2019-12-09T03:23:34.216+0000][1][safepoint    ] Entering safepoint region: RevokeBias
[2019-12-09T03:23:34.217+0000][1][safepoint    ] Leaving safepoint region
[2019-12-09T03:23:34.217+0000][1][safepoint    ] Total time for which application threads were stopped: 0.0380148 seconds, Stopping threads took: 0.0379173 seconds
[2019-12-09T03:23:34.217+0000][1][safepoint    ] Application time: 0.0003279 seconds
[2019-12-09T03:23:34.217+0000][1][safepoint    ] Entering safepoint region: RevokeBias
[2019-12-09T03:23:34.217+0000][1][safepoint    ] Leaving safepoint region
[2019-12-09T03:23:34.217+0000][1][safepoint    ] Total time for which application threads were stopped: 0.0000994 seconds, Stopping threads took: 0.0000156 seconds
[2019-12-09T03:23:34.217+0000][1][safepoint    ] Application time: 0.0002149 seconds
[2019-12-09T03:23:34.217+0000][1][safepoint    ] Entering safepoint region: RevokeBias
[2019-12-09T03:23:34.217+0000][1][safepoint    ] Leaving safepoint region
[2019-12-09T03:23:34.217+0000][1][safepoint    ] Total time for which application threads were stopped: 0.0000746 seconds, Stopping threads took: 0.0000120 seconds
[2019-12-09T03:23:34.218+0000][1][safepoint    ] Application time: 0.0003083 seconds
[2019-12-09T03:23:34.218+0000][1][safepoint    ] Entering safepoint region: RevokeBias
[2019-12-09T03:23:34.218+0000][1][safepoint    ] Leaving safepoint region
[2019-12-09T03:23:34.218+0000][1][safepoint    ] Total time for which application threads were stopped: 0.0000739 seconds, Stopping threads took: 0.0000135 seconds
[2019-12-09T03:23:34.221+0000][1][safepoint    ] Application time: 0.0035329 seconds
[2019-12-09T03:23:34.221+0000][1][safepoint    ] Entering safepoint region: RevokeBias
[2019-12-09T03:23:34.221+0000][1][safepoint    ] Leaving safepoint region
[2019-12-09T03:23:34.221+0000][1][safepoint    ] Total time for which application threads were stopped: 0.0000866 seconds, Stopping threads took: 0.0000124 seconds
[2019-12-09T03:23:34.222+0000][1][safepoint    ] Application time: 0.0009216 seconds
[2019-12-09T03:23:34.222+0000][1][safepoint    ] Entering safepoint region: RevokeBias
[2019-12-09T03:23:34.222+0000][1][safepoint    ] Leaving safepoint region
[2019-12-09T03:23:34.222+0000][1][safepoint    ] Total time for which application threads were stopped: 0.0000710 seconds, Stopping threads took: 0.0000115 seconds
[2019-12-09T03:23:34.223+0000][1][safepoint    ] Application time: 0.0002063 seconds
[2019-12-09T03:23:34.223+0000][1][safepoint    ] Entering safepoint region: RevokeBias
[2019-12-09T03:23:34.223+0000][1][safepoint    ] Leaving safepoint region
[2019-12-09T03:23:34.223+0000][1][safepoint    ] Total time for which application threads were stopped: 0.0000716 seconds, Stopping threads took: 0.0000129 seconds
[2019-12-09T03:23:34.225+0000][1][safepoint    ] Application time: 0.0021451 seconds
[2019-12-09T03:23:34.225+0000][1][safepoint    ] Entering safepoint region: RevokeBias
[2019-12-09T03:23:34.225+0000][1][safepoint    ] Leaving safepoint region
[2019-12-09T03:23:34.225+0000][1][safepoint    ] Total time for which application threads were stopped: 0.0000851 seconds, Stopping threads took: 0.0000134 seconds
[2019-12-09T03:23:34.225+0000][1][safepoint    ] Application time: 0.0002014 seconds
[2019-12-09T03:23:34.225+0000][1][safepoint    ] Entering safepoint region: BulkRevokeBias
[2019-12-09T03:23:34.226+0000][1][safepoint    ] Leaving safepoint region
[2019-12-09T03:23:34.226+0000][1][safepoint    ] Total time for which application threads were stopped: 0.0003571 seconds, Stopping threads took: 0.0000117 seconds
[2019-12-09T03:23:34.246+0000][1][safepoint    ] Application time: 0.0201228 seconds
[2019-12-09T03:23:34.246+0000][1][safepoint    ] Entering safepoint region: RevokeBias
[2019-12-09T03:23:34.246+0000][1][safepoint    ] Leaving safepoint region
[2019-12-09T03:23:34.246+0000][1][safepoint    ] Total time for which application threads were stopped: 0.0000994 seconds, Stopping threads took: 0.0000180 seconds
[2019-12-09T03:23:34.246+0000][1][safepoint    ] Application time: 0.0003464 seconds
[2019-12-09T03:23:34.246+0000][1][safepoint    ] Entering safepoint region: RevokeBias
[2019-12-09T03:23:34.246+0000][1][safepoint    ] Leaving safepoint region
[2019-12-09T03:23:34.246+0000][1][safepoint    ] Total time for which application threads were stopped: 0.0000788 seconds, Stopping threads took: 0.0000120 seconds
[2019-12-09T03:23:34.279+0000][1][safepoint    ] Application time: 0.0328158 seconds
[2019-12-09T03:23:34.279+0000][1][safepoint    ] Entering safepoint region: RevokeBias
[2019-12-09T03:23:34.279+0000][1][safepoint    ] Leaving safepoint region
[2019-12-09T03:23:34.279+0000][1][safepoint    ] Total time for which application threads were stopped: 0.0000936 seconds, Stopping threads took: 0.0000161 seconds
[2019-12-09T03:23:34.928+0000][1][safepoint    ] Application time: 0.6484550 seconds
[2019-12-09T03:23:34.928+0000][1][safepoint    ] Entering safepoint region: RevokeBias
[2019-12-09T03:23:34.928+0000][1][safepoint    ] Leaving safepoint region
[2019-12-09T03:23:34.928+0000][1][safepoint    ] Total time for which application threads were stopped: 0.0001782 seconds, Stopping threads took: 0.0000790 seconds
[2019-12-09T03:23:34.934+0000][1][safepoint    ] Application time: 0.0063267 seconds
[2019-12-09T03:23:34.934+0000][1][safepoint    ] Entering safepoint region: RevokeBias
[2019-12-09T03:23:34.934+0000][1][safepoint    ] Leaving safepoint region
[2019-12-09T03:23:34.934+0000][1][safepoint    ] Total time for which application threads were stopped: 0.0000940 seconds, Stopping threads took: 0.0000170 seconds
[2019-12-09T03:23:34.979+0000][1][safepoint    ] Application time: 0.0447522 seconds
[2019-12-09T03:23:34.979+0000][1][safepoint    ] Entering safepoint region: RevokeBias
[2019-12-09T03:23:34.979+0000][1][safepoint    ] Leaving safepoint region
[2019-12-09T03:23:34.979+0000][1][safepoint    ] Total time for which application threads were stopped: 0.0001012 seconds, Stopping threads took: 0.0000188 seconds
[2019-12-09T03:23:35.382+0000][1][safepoint    ] Application time: 0.4023894 seconds
[2019-12-09T03:23:35.382+0000][1][safepoint    ] Entering safepoint region: RevokeBias
[2019-12-09T03:23:35.382+0000][1][safepoint    ] Leaving safepoint region
[2019-12-09T03:23:35.382+0000][1][safepoint    ] Total time for which application threads were stopped: 0.0001766 seconds, Stopping threads took: 0.0000192 seconds
[2019-12-09T03:23:35.382+0000][1][safepoint    ] Application time: 0.0000740 seconds
[2019-12-09T03:23:35.382+0000][1][safepoint    ] Entering safepoint region: RevokeBias
[2019-12-09T03:23:35.382+0000][1][safepoint    ] Leaving safepoint region
[2019-12-09T03:23:35.382+0000][1][safepoint    ] Total time for which application threads were stopped: 0.0000841 seconds, Stopping threads took: 0.0000114 seconds
[2019-12-09T03:23:35.935+0000][1][safepoint    ] Application time: 0.5533192 seconds
[2019-12-09T03:23:35.936+0000][1][safepoint    ] Entering safepoint region: RevokeBias
[2019-12-09T03:23:35.936+0000][1][safepoint    ] Leaving safepoint region
[2019-12-09T03:23:35.936+0000][1][safepoint    ] Total time for which application threads were stopped: 0.0001554 seconds, Stopping threads took: 0.0000754 seconds
[2019-12-09T03:23:35.976+0000][1][safepoint    ] Application time: 0.0400046 seconds
[2019-12-09T03:23:35.976+0000][1][safepoint    ] Entering safepoint region: RevokeBias
[2019-12-09T03:23:35.976+0000][1][safepoint    ] Leaving safepoint region
[2019-12-09T03:23:35.976+0000][1][safepoint    ] Total time for which application threads were stopped: 0.0002383 seconds, Stopping threads took: 0.0001244 seconds
[2019-12-09T03:23:35.981+0000][1][safepoint    ] Application time: 0.0052877 seconds
[2019-12-09T03:23:35.981+0000][1][safepoint    ] Entering safepoint region: RevokeBias
[2019-12-09T03:23:35.981+0000][1][safepoint    ] Leaving safepoint region
[2019-12-09T03:23:35.981+0000][1][safepoint    ] Total time for which application threads were stopped: 0.0000823 seconds, Stopping threads took: 0.0000144 seconds
[2019-12-09T03:23:35.983+0000][1][safepoint    ] Application time: 0.0014412 seconds
[2019-12-09T03:23:35.983+0000][1][safepoint    ] Entering safepoint region: RevokeBias
[2019-12-09T03:23:35.983+0000][1][safepoint    ] Leaving safepoint region
[2019-12-09T03:23:35.983+0000][1][safepoint    ] Total time for which application threads were stopped: 0.0000816 seconds, Stopping threads took: 0.0000148 seconds
[2019-12-09T03:23:36.234+0000][1][safepoint    ] Application time: 0.2512331 seconds
[2019-12-09T03:23:36.292+0000][1][safepoint    ] Entering safepoint region: BulkRevokeBias
[2019-12-09T03:23:36.292+0000][1][safepoint    ] Leaving safepoint region
[2019-12-09T03:23:36.292+0000][1][safepoint    ] Total time for which application threads were stopped: 0.0581628 seconds, Stopping threads took: 0.0577830 seconds
[2019-12-09T03:23:36.327+0000][1][safepoint    ] Application time: 0.0350098 seconds
[2019-12-09T03:23:36.343+0000][1][safepoint    ] Entering safepoint region: RevokeBias
[2019-12-09T03:23:36.343+0000][1][safepoint    ] Leaving safepoint region
[2019-12-09T03:23:36.343+0000][1][safepoint    ] Total time for which application threads were stopped: 0.0155110 seconds, Stopping threads took: 0.0154068 seconds
[2019-12-09T03:23:36.350+0000][1][safepoint    ] Application time: 0.0069674 seconds
[2019-12-09T03:23:36.354+0000][1][safepoint    ] Entering safepoint region: RevokeBias
[2019-12-09T03:23:36.354+0000][1][safepoint    ] Leaving safepoint region
[2019-12-09T03:23:36.354+0000][1][safepoint    ] Total time for which application threads were stopped: 0.0044731 seconds, Stopping threads took: 0.0043883 seconds
[2019-12-09T03:23:36.482+0000][1][safepoint    ] Application time: 0.1275671 seconds
[2019-12-09T03:23:36.482+0000][1][safepoint    ] Entering safepoint region: RevokeBias
[2019-12-09T03:23:36.482+0000][1][safepoint    ] Leaving safepoint region
[2019-12-09T03:23:36.482+0000][1][safepoint    ] Total time for which application threads were stopped: 0.0001255 seconds, Stopping threads took: 0.0000191 seconds
[2019-12-09T03:23:36.515+0000][1][safepoint    ] Application time: 0.0326699 seconds
[2019-12-09T03:23:36.517+0000][1][safepoint    ] Entering safepoint region: RevokeBias
[2019-12-09T03:23:36.517+0000][1][safepoint    ] Leaving safepoint region
[2019-12-09T03:23:36.517+0000][1][safepoint    ] Total time for which application threads were stopped: 0.0020762 seconds, Stopping threads took: 0.0019721 seconds
[2019-12-09T03:23:36.589+0000][1][safepoint    ] Application time: 0.0718069 seconds
[2019-12-09T03:23:36.589+0000][1][safepoint    ] Entering safepoint region: RevokeBias
[2019-12-09T03:23:36.589+0000][1][safepoint    ] Leaving safepoint region
[2019-12-09T03:23:36.589+0000][1][safepoint    ] Total time for which application threads were stopped: 0.0001349 seconds, Stopping threads took: 0.0000195 seconds
[2019-12-09T03:23:36.589+0000][1][safepoint    ] Application time: 0.0000643 seconds
[2019-12-09T03:23:36.589+0000][1][safepoint    ] Entering safepoint region: RevokeBias
[2019-12-09T03:23:36.589+0000][1][safepoint    ] Leaving safepoint region
[2019-12-09T03:23:36.589+0000][1][safepoint    ] Total time for which application threads were stopped: 0.0000770 seconds, Stopping threads took: 0.0000101 seconds
[2019-12-09T03:23:36.589+0000][1][safepoint    ] Application time: 0.0000585 seconds
[2019-12-09T03:23:36.589+0000][1][safepoint    ] Entering safepoint region: RevokeBias
[2019-12-09T03:23:36.589+0000][1][safepoint    ] Leaving safepoint region
[2019-12-09T03:23:36.589+0000][1][safepoint    ] Total time for which application threads were stopped: 0.0000638 seconds, Stopping threads took: 0.0000093 seconds
[2019-12-09T03:23:36.590+0000][1][safepoint    ] Application time: 0.0011218 seconds
[2019-12-09T03:23:36.590+0000][1][safepoint    ] Entering safepoint region: RevokeBias
[2019-12-09T03:23:36.590+0000][1][safepoint    ] Leaving safepoint region
[2019-12-09T03:23:36.590+0000][1][safepoint    ] Total time for which application threads were stopped: 0.0000972 seconds, Stopping threads took: 0.0000168 seconds
[2019-12-09T03:23:36.607+0000][1][safepoint    ] Application time: 0.0161884 seconds
[2019-12-09T03:23:36.607+0000][1][safepoint    ] Entering safepoint region: RevokeBias
[2019-12-09T03:23:36.607+0000][1][safepoint    ] Leaving safepoint region
[2019-12-09T03:23:36.607+0000][1][safepoint    ] Total time for which application threads were stopped: 0.0001604 seconds, Stopping threads took: 0.0000498 seconds
[2019-12-09T03:23:36.607+0000][1][safepoint    ] Application time: 0.0000946 seconds
[2019-12-09T03:23:36.607+0000][1][safepoint    ] Entering safepoint region: RevokeBias
[2019-12-09T03:23:36.607+0000][1][safepoint    ] Leaving safepoint region
[2019-12-09T03:23:36.607+0000][1][safepoint    ] Total time for which application threads were stopped: 0.0000777 seconds, Stopping threads took: 0.0000115 seconds
[2019-12-09T03:23:36.902+0000][1][safepoint    ] Application time: 0.2950992 seconds
[2019-12-09T03:23:36.902+0000][1][safepoint    ] Entering safepoint region: RevokeBias
[2019-12-09T03:23:36.902+0000][1][safepoint    ] Leaving safepoint region
[2019-12-09T03:23:36.902+0000][1][safepoint    ] Total time for which application threads were stopped: 0.0001307 seconds, Stopping threads took: 0.0000203 seconds
[2019-12-09T03:23:36.902+0000][1][safepoint    ] Application time: 0.0000883 seconds
[2019-12-09T03:23:36.902+0000][1][safepoint    ] Entering safepoint region: RevokeBias
[2019-12-09T03:23:36.902+0000][1][safepoint    ] Leaving safepoint region
[2019-12-09T03:23:36.902+0000][1][safepoint    ] Total time for which application threads were stopped: 0.0000740 seconds, Stopping threads took: 0.0000123 seconds
[2019-12-09T03:23:37.034+0000][1][safepoint    ] Application time: 0.1318022 seconds
[2019-12-09T03:23:37.040+0000][1][safepoint    ] Entering safepoint region: RevokeBias
[2019-12-09T03:23:37.040+0000][1][safepoint    ] Leaving safepoint region
[2019-12-09T03:23:37.040+0000][1][safepoint    ] Total time for which application threads were stopped: 0.0061690 seconds, Stopping threads took: 0.0060599 seconds
[2019-12-09T03:23:37.207+0000][1][safepoint    ] Application time: 0.1664282 seconds
[2019-12-09T03:23:37.207+0000][1][safepoint    ] Entering safepoint region: RevokeBias
[2019-12-09T03:23:37.207+0000][1][safepoint    ] Leaving safepoint region
[2019-12-09T03:23:37.207+0000][1][safepoint    ] Total time for which application threads were stopped: 0.0001195 seconds, Stopping threads took: 0.0000202 seconds
[2019-12-09T03:23:37.910+0000][1][safepoint    ] Application time: 0.7028762 seconds
[2019-12-09T03:23:37.915+0000][1][safepoint    ] Entering safepoint region: RevokeBias
[2019-12-09T03:23:37.915+0000][1][safepoint    ] Leaving safepoint region
[2019-12-09T03:23:37.915+0000][1][safepoint    ] Total time for which application threads were stopped: 0.0049216 seconds, Stopping threads took: 0.0048109 seconds
[2019-12-09T03:23:37.949+0000][1][safepoint    ] Application time: 0.0339142 seconds
[2019-12-09T03:23:37.949+0000][1][safepoint    ] Entering safepoint region: RevokeBias
[2019-12-09T03:23:37.949+0000][1][safepoint    ] Leaving safepoint region
[2019-12-09T03:23:37.949+0000][1][safepoint    ] Total time for which application threads were stopped: 0.0001410 seconds, Stopping threads took: 0.0000479 seconds
[2019-12-09T03:23:37.949+0000][1][safepoint    ] Application time: 0.0002770 seconds
[2019-12-09T03:23:37.949+0000][1][safepoint    ] Entering safepoint region: RevokeBias
[2019-12-09T03:23:37.949+0000][1][safepoint    ] Leaving safepoint region
[2019-12-09T03:23:37.949+0000][1][safepoint    ] Total time for which application threads were stopped: 0.0000793 seconds, Stopping threads took: 0.0000152 seconds
[2019-12-09T03:23:37.949+0000][1][safepoint    ] Application time: 0.0000634 seconds
[2019-12-09T03:23:37.949+0000][1][safepoint    ] Entering safepoint region: RevokeBias
[2019-12-09T03:23:37.949+0000][1][safepoint    ] Leaving safepoint region
[2019-12-09T03:23:37.949+0000][1][safepoint    ] Total time for which application threads were stopped: 0.0000549 seconds, Stopping threads took: 0.0000095 seconds
[2019-12-09T03:23:37.950+0000][1][safepoint    ] Application time: 0.0001809 seconds
[2019-12-09T03:23:37.950+0000][1][safepoint    ] Entering safepoint region: RevokeBias
[2019-12-09T03:23:37.950+0000][1][safepoint    ] Leaving safepoint region
[2019-12-09T03:23:37.950+0000][1][safepoint    ] Total time for which application threads were stopped: 0.0000906 seconds, Stopping threads took: 0.0000337 seconds
[2019-12-09T03:23:37.951+0000][1][safepoint    ] Application time: 0.0014879 seconds
[2019-12-09T03:23:37.951+0000][1][safepoint    ] Entering safepoint region: RevokeBias
[2019-12-09T03:23:37.951+0000][1][safepoint    ] Leaving safepoint region
[2019-12-09T03:23:37.951+0000][1][safepoint    ] Total time for which application threads were stopped: 0.0000756 seconds, Stopping threads took: 0.0000160 seconds
[2019-12-09T03:23:37.952+0000][1][safepoint    ] Application time: 0.0003040 seconds
[2019-12-09T03:23:37.952+0000][1][safepoint    ] Entering safepoint region: RevokeBias
[2019-12-09T03:23:37.952+0000][1][safepoint    ] Leaving safepoint region
[2019-12-09T03:23:37.952+0000][1][safepoint    ] Total time for which application threads were stopped: 0.0000683 seconds, Stopping threads took: 0.0000148 seconds
[2019-12-09T03:23:37.958+0000][1][safepoint    ] Application time: 0.0058797 seconds
[2019-12-09T03:23:37.958+0000][1][safepoint    ] Entering safepoint region: RevokeBias
[2019-12-09T03:23:37.958+0000][1][safepoint    ] Leaving safepoint region
[2019-12-09T03:23:37.958+0000][1][safepoint    ] Total time for which application threads were stopped: 0.0000796 seconds, Stopping threads took: 0.0000170 seconds
[2019-12-09T03:23:37.958+0000][1][safepoint    ] Application time: 0.0000664 seconds
[2019-12-09T03:23:37.958+0000][1][safepoint    ] Entering safepoint region: RevokeBias
[2019-12-09T03:23:37.958+0000][1][safepoint    ] Leaving safepoint region
[2019-12-09T03:23:37.958+0000][1][safepoint    ] Total time for which application threads were stopped: 0.0000656 seconds, Stopping threads took: 0.0000099 seconds
[2019-12-09T03:23:38.528+0000][1][safepoint    ] Application time: 0.5696145 seconds
[2019-12-09T03:23:38.528+0000][1][safepoint    ] Entering safepoint region: Deoptimize
[2019-12-09T03:23:38.528+0000][1][safepoint    ] Leaving safepoint region
[2019-12-09T03:23:38.528+0000][1][safepoint    ] Total time for which application threads were stopped: 0.0007891 seconds, Stopping threads took: 0.0000208 seconds
[2019-12-09T03:23:39.072+0000][1][safepoint    ] Application time: 0.5438815 seconds
[2019-12-09T03:23:39.072+0000][1][safepoint    ] Entering safepoint region: BulkRevokeBias
[2019-12-09T03:23:39.073+0000][1][safepoint    ] Leaving safepoint region
[2019-12-09T03:23:39.073+0000][1][safepoint    ] Total time for which application threads were stopped: 0.0005611 seconds, Stopping threads took: 0.0000189 seconds
[2019-12-09T03:23:39.073+0000][1][safepoint    ] Application time: 0.0000769 seconds
[2019-12-09T03:23:39.073+0000][1][safepoint    ] Entering safepoint region: RevokeBias
[2019-12-09T03:23:39.073+0000][1][safepoint    ] Leaving safepoint region
[2019-12-09T03:23:39.073+0000][1][safepoint    ] Total time for which application threads were stopped: 0.0000700 seconds, Stopping threads took: 0.0000109 seconds
[2019-12-09T03:23:39.242+0000][1][safepoint    ] Application time: 0.1692640 seconds
[2019-12-09T03:23:39.242+0000][1][safepoint    ] Entering safepoint region: RevokeBias
[2019-12-09T03:23:39.242+0000][1][safepoint    ] Leaving safepoint region
[2019-12-09T03:23:39.242+0000][1][safepoint    ] Total time for which application threads were stopped: 0.0001072 seconds, Stopping threads took: 0.0000202 seconds
[2019-12-09T03:23:39.243+0000][1][safepoint    ] Application time: 0.0000969 seconds
[2019-12-09T03:23:39.243+0000][1][safepoint    ] Entering safepoint region: BulkRevokeBias
[2019-12-09T03:23:39.243+0000][1][safepoint    ] Leaving safepoint region
[2019-12-09T03:23:39.243+0000][1][safepoint    ] Total time for which application threads were stopped: 0.0004641 seconds, Stopping threads took: 0.0000114 seconds
[2019-12-09T03:23:39.243+0000][1][safepoint    ] Application time: 0.0002779 seconds
[2019-12-09T03:23:39.243+0000][1][safepoint    ] Entering safepoint region: RevokeBias
[2019-12-09T03:23:39.243+0000][1][safepoint    ] Leaving safepoint region
[2019-12-09T03:23:39.243+0000][1][safepoint    ] Total time for which application threads were stopped: 0.0000711 seconds, Stopping threads took: 0.0000137 seconds
[2019-12-09T03:23:39.648+0000][1][safepoint    ] Application time: 0.4044987 seconds
[2019-12-09T03:23:39.648+0000][1][safepoint    ] Entering safepoint region: RevokeBias
[2019-12-09T03:23:39.648+0000][1][safepoint    ] Leaving safepoint region
[2019-12-09T03:23:39.648+0000][1][safepoint    ] Total time for which application threads were stopped: 0.0001475 seconds, Stopping threads took: 0.0000219 seconds
[2019-12-09T03:23:39.648+0000][1][safepoint    ] Application time: 0.0003397 seconds
[2019-12-09T03:23:39.648+0000][1][safepoint    ] Entering safepoint region: RevokeBias
[2019-12-09T03:23:39.649+0000][1][safepoint    ] Leaving safepoint region
[2019-12-09T03:23:39.649+0000][1][safepoint    ] Total time for which application threads were stopped: 0.0000950 seconds, Stopping threads took: 0.0000166 seconds
[2019-12-09T03:23:39.650+0000][1][safepoint    ] Application time: 0.0016387 seconds
[2019-12-09T03:23:39.650+0000][1][safepoint    ] Entering safepoint region: RevokeBias
[2019-12-09T03:23:39.650+0000][1][safepoint    ] Leaving safepoint region
[2019-12-09T03:23:39.650+0000][1][safepoint    ] Total time for which application threads were stopped: 0.0000764 seconds, Stopping threads took: 0.0000155 seconds
[2019-12-09T03:23:39.650+0000][1][safepoint    ] Application time: 0.0000646 seconds
[2019-12-09T03:23:39.650+0000][1][safepoint    ] Entering safepoint region: RevokeBias
[2019-12-09T03:23:39.650+0000][1][safepoint    ] Leaving safepoint region
[2019-12-09T03:23:39.650+0000][1][safepoint    ] Total time for which application threads were stopped: 0.0000528 seconds, Stopping threads took: 0.0000091 seconds
[2019-12-09T03:23:39.650+0000][1][safepoint    ] Application time: 0.0000555 seconds
[2019-12-09T03:23:39.650+0000][1][safepoint    ] Entering safepoint region: RevokeBias
[2019-12-09T03:23:39.651+0000][1][safepoint    ] Leaving safepoint region
[2019-12-09T03:23:39.651+0000][1][safepoint    ] Total time for which application threads were stopped: 0.0000504 seconds, Stopping threads took: 0.0000092 seconds
[2019-12-09T03:23:39.651+0000][1][safepoint    ] Application time: 0.0000544 seconds
[2019-12-09T03:23:39.651+0000][1][safepoint    ] Entering safepoint region: RevokeBias
[2019-12-09T03:23:39.651+0000][1][safepoint    ] Leaving safepoint region
[2019-12-09T03:23:39.651+0000][1][safepoint    ] Total time for which application threads were stopped: 0.0000530 seconds, Stopping threads took: 0.0000101 seconds
[2019-12-09T03:23:39.668+0000][1][safepoint    ] Application time: 0.0170970 seconds
[2019-12-09T03:23:39.679+0000][1][safepoint    ] Entering safepoint region: RevokeBias
[2019-12-09T03:23:39.679+0000][1][safepoint    ] Leaving safepoint region
[2019-12-09T03:23:39.679+0000][1][safepoint    ] Total time for which application threads were stopped: 0.0110680 seconds, Stopping threads took: 0.0110005 seconds
[2019-12-09T03:23:39.679+0000][1][safepoint    ] Application time: 0.0000675 seconds
[2019-12-09T03:23:39.679+0000][1][safepoint    ] Entering safepoint region: RevokeBias
[2019-12-09T03:23:39.679+0000][1][safepoint    ] Leaving safepoint region
[2019-12-09T03:23:39.679+0000][1][safepoint    ] Total time for which application threads were stopped: 0.0000497 seconds, Stopping threads took: 0.0000099 seconds
[2019-12-09T03:23:39.679+0000][1][safepoint    ] Application time: 0.0000485 seconds
[2019-12-09T03:23:39.679+0000][1][safepoint    ] Entering safepoint region: RevokeBias
[2019-12-09T03:23:39.679+0000][1][safepoint    ] Leaving safepoint region
[2019-12-09T03:23:39.679+0000][1][safepoint    ] Total time for which application threads were stopped: 0.0000414 seconds, Stopping threads took: 0.0000077 seconds
[2019-12-09T03:23:39.679+0000][1][safepoint    ] Application time: 0.0000498 seconds
[2019-12-09T03:23:39.679+0000][1][safepoint    ] Entering safepoint region: RevokeBias
[2019-12-09T03:23:39.679+0000][1][safepoint    ] Leaving safepoint region
[2019-12-09T03:23:39.679+0000][1][safepoint    ] Total time for which application threads were stopped: 0.0000467 seconds, Stopping threads took: 0.0000081 seconds
[2019-12-09T03:23:39.821+0000][1][safepoint    ] Application time: 0.1418475 seconds
[2019-12-09T03:23:39.821+0000][1][safepoint    ] Entering safepoint region: RevokeBias
[2019-12-09T03:23:39.821+0000][1][safepoint    ] Leaving safepoint region
[2019-12-09T03:23:39.821+0000][1][safepoint    ] Total time for which application threads were stopped: 0.0001150 seconds, Stopping threads took: 0.0000202 seconds
[2019-12-09T03:23:39.897+0000][1][safepoint    ] Application time: 0.0758852 seconds
[2019-12-09T03:23:39.897+0000][1][safepoint    ] Entering safepoint region: RevokeBias
[2019-12-09T03:23:39.897+0000][1][safepoint    ] Leaving safepoint region
[2019-12-09T03:23:39.897+0000][1][safepoint    ] Total time for which application threads were stopped: 0.0001204 seconds, Stopping threads took: 0.0000197 seconds
[2019-12-09T03:23:39.898+0000][1][safepoint    ] Application time: 0.0009543 seconds
[2019-12-09T03:23:39.898+0000][1][safepoint    ] Entering safepoint region: RevokeBias
[2019-12-09T03:23:39.898+0000][1][safepoint    ] Leaving safepoint region
[2019-12-09T03:23:39.898+0000][1][safepoint    ] Total time for which application threads were stopped: 0.0000935 seconds, Stopping threads took: 0.0000182 seconds
[2019-12-09T03:23:41.250+0000][1][safepoint    ] Application time: 1.3513580 seconds
[2019-12-09T03:23:41.250+0000][1][safepoint    ] Entering safepoint region: RevokeBias
[2019-12-09T03:23:41.250+0000][1][safepoint    ] Leaving safepoint region
[2019-12-09T03:23:41.250+0000][1][safepoint    ] Total time for which application threads were stopped: 0.0001486 seconds, Stopping threads took: 0.0000192 seconds
[2019-12-09T03:23:41.253+0000][1][safepoint    ] Application time: 0.0028967 seconds
[2019-12-09T03:23:41.253+0000][1][safepoint    ] Entering safepoint region: RevokeBias
[2019-12-09T03:23:41.253+0000][1][safepoint    ] Leaving safepoint region
[2019-12-09T03:23:41.253+0000][1][safepoint    ] Total time for which application threads were stopped: 0.0000888 seconds, Stopping threads took: 0.0000157 seconds
[2019-12-09T03:23:41.253+0000][1][safepoint    ] Application time: 0.0005864 seconds
[2019-12-09T03:23:41.254+0000][1][safepoint    ] Entering safepoint region: RevokeBias
[2019-12-09T03:23:41.254+0000][1][safepoint    ] Leaving safepoint region
[2019-12-09T03:23:41.254+0000][1][safepoint    ] Total time for which application threads were stopped: 0.0000752 seconds, Stopping threads took: 0.0000136 seconds
[2019-12-09T03:23:42.263+0000][1][safepoint    ] Application time: 1.0091100 seconds
[2019-12-09T03:23:42.270+0000][1][safepoint    ] Entering safepoint region: Cleanup
[2019-12-09T03:23:42.270+0000][1][safepoint    ] Leaving safepoint region
[2019-12-09T03:23:42.270+0000][1][safepoint    ] Total time for which application threads were stopped: 0.0075612 seconds, Stopping threads took: 0.0074514 seconds
[2019-12-09T03:23:43.272+0000][1][safepoint    ] Application time: 1.0014626 seconds
[2019-12-09T03:23:43.272+0000][1][safepoint    ] Entering safepoint region: Cleanup
[2019-12-09T03:23:43.272+0000][1][safepoint    ] Leaving safepoint region
[2019-12-09T03:23:43.272+0000][1][safepoint    ] Total time for which application threads were stopped: 0.0001243 seconds, Stopping threads took: 0.0000220 seconds
[2019-12-09T03:23:44.273+0000][1][safepoint    ] Application time: 1.0007558 seconds
[2019-12-09T03:23:44.273+0000][1][safepoint    ] Entering safepoint region: Cleanup
[2019-12-09T03:23:44.273+0000][1][safepoint    ] Leaving safepoint region
[2019-12-09T03:23:44.273+0000][1][safepoint    ] Total time for which application threads were stopped: 0.0001144 seconds, Stopping threads took: 0.0000241 seconds
[2019-12-09T03:23:45.152+0000][1][safepoint    ] Application time: 0.8788686 seconds
[2019-12-09T03:23:45.152+0000][1][safepoint    ] Entering safepoint region: GenCollectForAllocation
[2019-12-09T03:23:45.152+0000][1][gc,start     ] GC(23) Pause Young (Allocation Failure)
[2019-12-09T03:23:45.152+0000][1][gc,task      ] GC(23) Using 2 workers of 2 for evacuation
[2019-12-09T03:23:45.310+0000][1][gc,age       ] GC(23) Desired survivor size 4456448 bytes, new threshold 2 (max threshold 6)
[2019-12-09T03:23:45.310+0000][1][gc,age       ] GC(23) Age table with threshold 2 (max threshold 6)
[2019-12-09T03:23:45.310+0000][1][gc,age       ] GC(23) - age   1:    1815056 bytes,    1815056 total
[2019-12-09T03:23:45.310+0000][1][gc,age       ] GC(23) - age   2:    3553056 bytes,    5368112 total
[2019-12-09T03:23:45.310+0000][1][gc,heap      ] GC(23) ParNew: 78656K->8704K(78656K)
[2019-12-09T03:23:45.310+0000][1][gc,heap      ] GC(23) CMS: 60761K->64599K(174784K)
[2019-12-09T03:23:45.310+0000][1][gc,metaspace ] GC(23) Metaspace: 68348K->68348K(1112064K)
[2019-12-09T03:23:45.310+0000][1][gc           ] GC(23) Pause Young (Allocation Failure) 136M->71M(247M) 157.810ms
[2019-12-09T03:23:45.310+0000][1][gc,cpu       ] GC(23) User=0.05s Sys=0.00s Real=0.16s
[2019-12-09T03:23:45.310+0000][1][safepoint    ] Leaving safepoint region
[2019-12-09T03:23:45.310+0000][1][safepoint    ] Total time for which application threads were stopped: 0.1580222 seconds, Stopping threads took: 0.0000221 seconds
[2019-12-09T03:23:46.311+0000][1][safepoint    ] Application time: 1.0009155 seconds
[2019-12-09T03:23:46.311+0000][1][safepoint    ] Entering safepoint region: Cleanup
[2019-12-09T03:23:46.311+0000][1][safepoint    ] Leaving safepoint region
[2019-12-09T03:23:46.311+0000][1][safepoint    ] Total time for which application threads were stopped: 0.0001080 seconds, Stopping threads took: 0.0000232 seconds
[2019-12-09T03:23:47.314+0000][1][safepoint    ] Application time: 1.0028221 seconds
[2019-12-09T03:23:47.314+0000][1][safepoint    ] Entering safepoint region: Cleanup
[2019-12-09T03:23:47.314+0000][1][safepoint    ] Leaving safepoint region
[2019-12-09T03:23:47.314+0000][1][safepoint    ] Total time for which application threads were stopped: 0.0001157 seconds, Stopping threads took: 0.0000264 seconds
[2019-12-09T03:23:48.317+0000][1][safepoint    ] Application time: 1.0032137 seconds
[2019-12-09T03:23:48.317+0000][1][safepoint    ] Entering safepoint region: Cleanup
[2019-12-09T03:23:48.317+0000][1][safepoint    ] Leaving safepoint region
[2019-12-09T03:23:48.317+0000][1][safepoint    ] Total time for which application threads were stopped: 0.0001184 seconds, Stopping threads took: 0.0000258 seconds
[2019-12-09T03:23:49.320+0000][1][safepoint    ] Application time: 1.0025052 seconds
[2019-12-09T03:23:49.320+0000][1][safepoint    ] Entering safepoint region: Cleanup
[2019-12-09T03:23:49.320+0000][1][safepoint    ] Leaving safepoint region
[2019-12-09T03:23:49.320+0000][1][safepoint    ] Total time for which application threads were stopped: 0.0001346 seconds, Stopping threads took: 0.0000344 seconds
[2019-12-09T03:23:50.322+0000][1][safepoint    ] Application time: 1.0018141 seconds
[2019-12-09T03:23:50.322+0000][1][safepoint    ] Entering safepoint region: Cleanup
[2019-12-09T03:23:50.322+0000][1][safepoint    ] Leaving safepoint region
[2019-12-09T03:23:50.322+0000][1][safepoint    ] Total time for which application threads were stopped: 0.0001521 seconds, Stopping threads took: 0.0000602 seconds
[2019-12-09T03:23:51.323+0000][1][safepoint    ] Application time: 1.0007582 seconds
[2019-12-09T03:23:51.323+0000][1][safepoint    ] Entering safepoint region: Cleanup
[2019-12-09T03:23:51.323+0000][1][safepoint    ] Leaving safepoint region
[2019-12-09T03:23:51.323+0000][1][safepoint    ] Total time for which application threads were stopped: 0.0001212 seconds, Stopping threads took: 0.0000252 seconds
[2019-12-09T03:23:52.326+0000][1][safepoint    ] Application time: 1.0028411 seconds
[2019-12-09T03:23:52.326+0000][1][safepoint    ] Entering safepoint region: Cleanup
[2019-12-09T03:23:52.326+0000][1][safepoint    ] Leaving safepoint region
[2019-12-09T03:23:52.326+0000][1][safepoint    ] Total time for which application threads were stopped: 0.0001209 seconds, Stopping threads took: 0.0000257 seconds
[2019-12-09T03:23:53.326+0000][1][safepoint    ] Application time: 1.0002484 seconds
[2019-12-09T03:23:53.326+0000][1][safepoint    ] Entering safepoint region: Cleanup
[2019-12-09T03:23:53.326+0000][1][safepoint    ] Leaving safepoint region
[2019-12-09T03:23:53.326+0000][1][safepoint    ] Total time for which application threads were stopped: 0.0001251 seconds, Stopping threads took: 0.0000242 seconds
[2019-12-09T03:23:53.428+0000][1][safepoint    ] Application time: 0.1016663 seconds
[2019-12-09T03:23:53.428+0000][1][safepoint    ] Entering safepoint region: CollectForMetadataAllocation
[2019-12-09T03:23:53.428+0000][1][safepoint    ] Leaving safepoint region
[2019-12-09T03:23:53.428+0000][1][safepoint    ] Total time for which application threads were stopped: 0.0002885 seconds, Stopping threads took: 0.0000222 seconds
[2019-12-09T03:23:54.432+0000][1][safepoint    ] Application time: 1.0034100 seconds
[2019-12-09T03:23:54.432+0000][1][safepoint    ] Entering safepoint region: Cleanup
[2019-12-09T03:23:54.432+0000][1][safepoint    ] Leaving safepoint region
[2019-12-09T03:23:54.432+0000][1][safepoint    ] Total time for which application threads were stopped: 0.0001073 seconds, Stopping threads took: 0.0000223 seconds
[2019-12-09T03:23:55.325+0000][1][safepoint    ] Application time: 0.8928993 seconds
[2019-12-09T03:23:55.325+0000][1][safepoint    ] Entering safepoint region: CMS_Initial_Mark
[2019-12-09T03:23:55.325+0000][1][gc,start     ] GC(24) Pause Initial Mark
[2019-12-09T03:23:55.343+0000][1][gc           ] GC(24) Pause Initial Mark 76M->76M(247M) 18.399ms
[2019-12-09T03:23:55.343+0000][1][gc,cpu       ] GC(24) User=0.01s Sys=0.00s Real=0.01s
[2019-12-09T03:23:55.343+0000][1][safepoint    ] Leaving safepoint region
[2019-12-09T03:23:55.343+0000][1][safepoint    ] Total time for which application threads were stopped: 0.0186017 seconds, Stopping threads took: 0.0000236 seconds
[2019-12-09T03:23:55.343+0000][1][gc           ] GC(24) Concurrent Mark
[2019-12-09T03:23:55.511+0000][1][gc           ] GC(24) Concurrent Mark 167.322ms
[2019-12-09T03:23:55.511+0000][1][gc,cpu       ] GC(24) User=0.11s Sys=0.00s Real=0.17s
[2019-12-09T03:23:55.511+0000][1][gc           ] GC(24) Concurrent Preclean
[2019-12-09T03:23:55.512+0000][1][gc           ] GC(24) Concurrent Preclean 0.879ms
[2019-12-09T03:23:55.512+0000][1][gc,cpu       ] GC(24) User=0.00s Sys=0.00s Real=0.00s
[2019-12-09T03:23:55.512+0000][1][gc           ] GC(24) Concurrent Abortable Preclean
[2019-12-09T03:23:56.347+0000][1][safepoint    ] Application time: 1.0035284 seconds
[2019-12-09T03:23:56.347+0000][1][safepoint    ] Entering safepoint region: Cleanup
[2019-12-09T03:23:56.347+0000][1][safepoint    ] Leaving safepoint region
[2019-12-09T03:23:56.347+0000][1][safepoint    ] Total time for which application threads were stopped: 0.0001082 seconds, Stopping threads took: 0.0000226 seconds
[2019-12-09T03:23:57.348+0000][1][safepoint    ] Application time: 1.0011397 seconds
[2019-12-09T03:23:57.348+0000][1][safepoint    ] Entering safepoint region: Cleanup
[2019-12-09T03:23:57.348+0000][1][safepoint    ] Leaving safepoint region
[2019-12-09T03:23:57.348+0000][1][safepoint    ] Total time for which application threads were stopped: 0.0001453 seconds, Stopping threads took: 0.0000364 seconds
[2019-12-09T03:23:58.349+0000][1][safepoint    ] Application time: 1.0002949 seconds
[2019-12-09T03:23:58.349+0000][1][safepoint    ] Entering safepoint region: Cleanup
[2019-12-09T03:23:58.349+0000][1][safepoint    ] Leaving safepoint region
[2019-12-09T03:23:58.349+0000][1][safepoint    ] Total time for which application threads were stopped: 0.0001323 seconds, Stopping threads took: 0.0000262 seconds
[2019-12-09T03:23:59.350+0000][1][safepoint    ] Application time: 1.0008111 seconds
[2019-12-09T03:23:59.350+0000][1][safepoint    ] Entering safepoint region: Cleanup
[2019-12-09T03:23:59.350+0000][1][safepoint    ] Leaving safepoint region
[2019-12-09T03:23:59.350+0000][1][safepoint    ] Total time for which application threads were stopped: 0.0001343 seconds, Stopping threads took: 0.0000276 seconds
[2019-12-09T03:24:00.354+0000][1][safepoint    ] Application time: 1.0038363 seconds
[2019-12-09T03:24:00.354+0000][1][safepoint    ] Entering safepoint region: Cleanup
[2019-12-09T03:24:00.354+0000][1][safepoint    ] Leaving safepoint region
[2019-12-09T03:24:00.354+0000][1][safepoint    ] Total time for which application threads were stopped: 0.0001226 seconds, Stopping threads took: 0.0000240 seconds
[2019-12-09T03:24:00.584+0000][1][gc           ] GC(24) Concurrent Abortable Preclean 5072.390ms
[2019-12-09T03:24:00.584+0000][1][gc,cpu       ] GC(24) User=1.65s Sys=0.00s Real=5.07s
[2019-12-09T03:24:00.584+0000][1][safepoint    ] Application time: 0.2303361 seconds
[2019-12-09T03:24:00.584+0000][1][safepoint    ] Entering safepoint region: CMS_Final_Remark
[2019-12-09T03:24:00.584+0000][1][gc,start     ] GC(24) Pause Remark
[2019-12-09T03:24:00.648+0000][1][gc           ] GC(24) Pause Remark 81M->81M(247M) 63.722ms
[2019-12-09T03:24:00.648+0000][1][gc,cpu       ] GC(24) User=0.04s Sys=0.00s Real=0.07s
[2019-12-09T03:24:00.648+0000][1][safepoint    ] Leaving safepoint region
[2019-12-09T03:24:00.648+0000][1][safepoint    ] Total time for which application threads were stopped: 0.0639490 seconds, Stopping threads took: 0.0000217 seconds
[2019-12-09T03:24:00.658+0000][1][gc           ] GC(24) Concurrent Sweep
[2019-12-09T03:24:00.742+0000][1][gc           ] GC(24) Concurrent Sweep 84.582ms
[2019-12-09T03:24:00.742+0000][1][gc,cpu       ] GC(24) User=0.04s Sys=0.00s Real=0.08s
[2019-12-09T03:24:00.742+0000][1][gc           ] GC(24) Concurrent Reset
[2019-12-09T03:24:00.743+0000][1][gc           ] GC(24) Concurrent Reset 0.336ms
[2019-12-09T03:24:00.743+0000][1][gc,cpu       ] GC(24) User=0.00s Sys=0.00s Real=0.00s
[2019-12-09T03:24:00.743+0000][1][gc,heap      ] GC(24) Old: 64599K->63959K(174784K)
[2019-12-09T03:24:01.649+0000][1][safepoint    ] Application time: 1.0005058 seconds
[2019-12-09T03:24:01.649+0000][1][safepoint    ] Entering safepoint region: Cleanup
[2019-12-09T03:24:01.650+0000][1][safepoint    ] Leaving safepoint region
[2019-12-09T03:24:01.650+0000][1][safepoint    ] Total time for which application threads were stopped: 0.0008129 seconds, Stopping threads took: 0.0000241 seconds
[2019-12-09T03:24:02.650+0000][1][safepoint    ] Application time: 1.0001263 seconds
[2019-12-09T03:24:02.650+0000][1][safepoint    ] Entering safepoint region: Cleanup
[2019-12-09T03:24:02.650+0000][1][safepoint    ] Leaving safepoint region
[2019-12-09T03:24:02.650+0000][1][safepoint    ] Total time for which application threads were stopped: 0.0001104 seconds, Stopping threads took: 0.0000236 seconds
[2019-12-09T03:24:03.651+0000][1][safepoint    ] Application time: 1.0008421 seconds
[2019-12-09T03:24:03.651+0000][1][safepoint    ] Entering safepoint region: Cleanup
[2019-12-09T03:24:03.651+0000][1][safepoint    ] Leaving safepoint region
[2019-12-09T03:24:03.651+0000][1][safepoint    ] Total time for which application threads were stopped: 0.0001128 seconds, Stopping threads took: 0.0000246 seconds
[2019-12-09T03:24:04.657+0000][1][safepoint    ] Application time: 1.0058537 seconds
[2019-12-09T03:24:04.657+0000][1][safepoint    ] Entering safepoint region: Cleanup
[2019-12-09T03:24:04.657+0000][1][safepoint    ] Leaving safepoint region
[2019-12-09T03:24:04.657+0000][1][safepoint    ] Total time for which application threads were stopped: 0.0001251 seconds, Stopping threads took: 0.0000270 seconds
[2019-12-09T03:24:05.659+0000][1][safepoint    ] Application time: 1.0017953 seconds
[2019-12-09T03:24:05.659+0000][1][safepoint    ] Entering safepoint region: Cleanup
[2019-12-09T03:24:05.659+0000][1][safepoint    ] Leaving safepoint region
[2019-12-09T03:24:05.659+0000][1][safepoint    ] Total time for which application threads were stopped: 0.0001486 seconds, Stopping threads took: 0.0000268 seconds
[2019-12-09T03:24:06.662+0000][1][safepoint    ] Application time: 1.0028112 seconds
[2019-12-09T03:24:06.662+0000][1][safepoint    ] Entering safepoint region: Cleanup
[2019-12-09T03:24:06.662+0000][1][safepoint    ] Leaving safepoint region
[2019-12-09T03:24:06.662+0000][1][safepoint    ] Total time for which application threads were stopped: 0.0001272 seconds, Stopping threads took: 0.0000264 seconds
[2019-12-09T03:24:07.662+0000][1][safepoint    ] Application time: 1.0000823 seconds
[2019-12-09T03:24:07.662+0000][1][safepoint    ] Entering safepoint region: Cleanup
[2019-12-09T03:24:07.662+0000][1][safepoint    ] Leaving safepoint region
[2019-12-09T03:24:07.662+0000][1][safepoint    ] Total time for which application threads were stopped: 0.0000887 seconds, Stopping threads took: 0.0000207 seconds
[2019-12-09T03:24:08.662+0000][1][safepoint    ] Application time: 1.0000778 seconds
[2019-12-09T03:24:08.662+0000][1][safepoint    ] Entering safepoint region: Cleanup
[2019-12-09T03:24:08.662+0000][1][safepoint    ] Leaving safepoint region
[2019-12-09T03:24:08.662+0000][1][safepoint    ] Total time for which application threads were stopped: 0.0000916 seconds, Stopping threads took: 0.0000186 seconds
[2019-12-09T03:24:09.662+0000][1][safepoint    ] Application time: 1.0000761 seconds
[2019-12-09T03:24:09.662+0000][1][safepoint    ] Entering safepoint region: Cleanup
[2019-12-09T03:24:09.663+0000][1][safepoint    ] Leaving safepoint region
[2019-12-09T03:24:09.663+0000][1][safepoint    ] Total time for which application threads were stopped: 0.0000898 seconds, Stopping threads took: 0.0000185 seconds
[2019-12-09T03:24:10.663+0000][1][safepoint    ] Application time: 1.0000757 seconds
[2019-12-09T03:24:10.663+0000][1][safepoint    ] Entering safepoint region: Cleanup
[2019-12-09T03:24:10.663+0000][1][safepoint    ] Leaving safepoint region
[2019-12-09T03:24:10.663+0000][1][safepoint    ] Total time for which application threads were stopped: 0.0001053 seconds, Stopping threads took: 0.0000274 seconds
[2019-12-09T03:24:11.663+0000][1][safepoint    ] Application time: 1.0000754 seconds
[2019-12-09T03:24:11.663+0000][1][safepoint    ] Entering safepoint region: Cleanup
[2019-12-09T03:24:11.663+0000][1][safepoint    ] Leaving safepoint region
[2019-12-09T03:24:11.663+0000][1][safepoint    ] Total time for which application threads were stopped: 0.0000845 seconds, Stopping threads took: 0.0000175 seconds
[2019-12-09T03:24:12.663+0000][1][safepoint    ] Application time: 1.0000746 seconds
[2019-12-09T03:24:12.663+0000][1][safepoint    ] Entering safepoint region: Cleanup
[2019-12-09T03:24:12.663+0000][1][safepoint    ] Leaving safepoint region
[2019-12-09T03:24:12.663+0000][1][safepoint    ] Total time for which application threads were stopped: 0.0000874 seconds, Stopping threads took: 0.0000180 seconds
[2019-12-09T03:24:13.663+0000][1][safepoint    ] Application time: 1.0000757 seconds
[2019-12-09T03:24:13.663+0000][1][safepoint    ] Entering safepoint region: Cleanup
[2019-12-09T03:24:13.663+0000][1][safepoint    ] Leaving safepoint region
[2019-12-09T03:24:13.663+0000][1][safepoint    ] Total time for which application threads were stopped: 0.0000975 seconds, Stopping threads took: 0.0000196 seconds
[2019-12-09T03:24:14.664+0000][1][safepoint    ] Application time: 1.0000850 seconds
[2019-12-09T03:24:14.664+0000][1][safepoint    ] Entering safepoint region: Cleanup
[2019-12-09T03:24:14.664+0000][1][safepoint    ] Leaving safepoint region
[2019-12-09T03:24:14.664+0000][1][safepoint    ] Total time for which application threads were stopped: 0.0001104 seconds, Stopping threads took: 0.0000221 seconds
[2019-12-09T03:24:15.664+0000][1][safepoint    ] Application time: 1.0000813 seconds
[2019-12-09T03:24:15.664+0000][1][safepoint    ] Entering safepoint region: Cleanup
[2019-12-09T03:24:15.664+0000][1][safepoint    ] Leaving safepoint region
[2019-12-09T03:24:15.664+0000][1][safepoint    ] Total time for which application threads were stopped: 0.0001236 seconds, Stopping threads took: 0.0000242 seconds
[2019-12-09T03:24:16.664+0000][1][safepoint    ] Application time: 1.0000775 seconds
[2019-12-09T03:24:16.664+0000][1][safepoint    ] Entering safepoint region: Cleanup
[2019-12-09T03:24:16.664+0000][1][safepoint    ] Leaving safepoint region
[2019-12-09T03:24:16.664+0000][1][safepoint    ] Total time for which application threads were stopped: 0.0000853 seconds, Stopping threads took: 0.0000181 seconds
[2019-12-09T03:24:17.664+0000][1][safepoint    ] Application time: 1.0000778 seconds
[2019-12-09T03:24:17.664+0000][1][safepoint    ] Entering safepoint region: Cleanup
[2019-12-09T03:24:17.664+0000][1][safepoint    ] Leaving safepoint region
[2019-12-09T03:24:17.664+0000][1][safepoint    ] Total time for which application threads were stopped: 0.0000921 seconds, Stopping threads took: 0.0000172 seconds
[2019-12-09T03:24:18.664+0000][1][safepoint    ] Application time: 1.0000796 seconds
[2019-12-09T03:24:18.664+0000][1][safepoint    ] Entering safepoint region: Cleanup
[2019-12-09T03:24:18.665+0000][1][safepoint    ] Leaving safepoint region
[2019-12-09T03:24:18.665+0000][1][safepoint    ] Total time for which application threads were stopped: 0.0000866 seconds, Stopping threads took: 0.0000178 seconds
[2019-12-09T03:24:19.665+0000][1][safepoint    ] Application time: 1.0000780 seconds
[2019-12-09T03:24:19.665+0000][1][safepoint    ] Entering safepoint region: Cleanup
[2019-12-09T03:24:19.665+0000][1][safepoint    ] Leaving safepoint region
[2019-12-09T03:24:19.665+0000][1][safepoint    ] Total time for which application threads were stopped: 0.0001055 seconds, Stopping threads took: 0.0000172 seconds
[2019-12-09T03:24:20.665+0000][1][safepoint    ] Application time: 1.0000777 seconds
[2019-12-09T03:24:20.665+0000][1][safepoint    ] Entering safepoint region: Cleanup
[2019-12-09T03:24:20.665+0000][1][safepoint    ] Leaving safepoint region
[2019-12-09T03:24:20.665+0000][1][safepoint    ] Total time for which application threads were stopped: 0.0000997 seconds, Stopping threads took: 0.0000183 seconds
[2019-12-09T03:24:21.665+0000][1][safepoint    ] Application time: 1.0000782 seconds
[2019-12-09T03:24:21.665+0000][1][safepoint    ] Entering safepoint region: Cleanup
[2019-12-09T03:24:21.665+0000][1][safepoint    ] Leaving safepoint region
[2019-12-09T03:24:21.665+0000][1][safepoint    ] Total time for which application threads were stopped: 0.0000930 seconds, Stopping threads took: 0.0000181 seconds
[2019-12-09T03:24:22.665+0000][1][safepoint    ] Application time: 1.0000784 seconds
[2019-12-09T03:24:22.665+0000][1][safepoint    ] Entering safepoint region: Cleanup
[2019-12-09T03:24:22.665+0000][1][safepoint    ] Leaving safepoint region
[2019-12-09T03:24:22.665+0000][1][safepoint    ] Total time for which application threads were stopped: 0.0000949 seconds, Stopping threads took: 0.0000202 seconds
[2019-12-09T03:24:23.666+0000][1][safepoint    ] Application time: 1.0000801 seconds
[2019-12-09T03:24:23.666+0000][1][safepoint    ] Entering safepoint region: Cleanup
[2019-12-09T03:24:23.666+0000][1][safepoint    ] Leaving safepoint region
[2019-12-09T03:24:23.666+0000][1][safepoint    ] Total time for which application threads were stopped: 0.0000908 seconds, Stopping threads took: 0.0000188 seconds
[2019-12-09T03:24:24.666+0000][1][safepoint    ] Application time: 1.0000772 seconds
[2019-12-09T03:24:24.666+0000][1][safepoint    ] Entering safepoint region: Cleanup
[2019-12-09T03:24:24.666+0000][1][safepoint    ] Leaving safepoint region
[2019-12-09T03:24:24.666+0000][1][safepoint    ] Total time for which application threads were stopped: 0.0000871 seconds, Stopping threads took: 0.0000197 seconds
[2019-12-09T03:24:25.666+0000][1][safepoint    ] Application time: 1.0000767 seconds
[2019-12-09T03:24:25.666+0000][1][safepoint    ] Entering safepoint region: Cleanup
[2019-12-09T03:24:25.666+0000][1][safepoint    ] Leaving safepoint region
[2019-12-09T03:24:25.666+0000][1][safepoint    ] Total time for which application threads were stopped: 0.0000904 seconds, Stopping threads took: 0.0000181 seconds
[2019-12-09T03:24:26.666+0000][1][safepoint    ] Application time: 1.0000766 seconds
[2019-12-09T03:24:26.666+0000][1][safepoint    ] Entering safepoint region: Cleanup
[2019-12-09T03:24:26.666+0000][1][safepoint    ] Leaving safepoint region
[2019-12-09T03:24:26.666+0000][1][safepoint    ] Total time for which application threads were stopped: 0.0000922 seconds, Stopping threads took: 0.0000183 seconds
[2019-12-09T03:24:27.666+0000][1][safepoint    ] Application time: 1.0000749 seconds
[2019-12-09T03:24:27.666+0000][1][safepoint    ] Entering safepoint region: Cleanup
[2019-12-09T03:24:27.667+0000][1][safepoint    ] Leaving safepoint region
[2019-12-09T03:24:27.667+0000][1][safepoint    ] Total time for which application threads were stopped: 0.0001288 seconds, Stopping threads took: 0.0000345 seconds
[2019-12-09T03:24:28.667+0000][1][safepoint    ] Application time: 1.0000753 seconds
[2019-12-09T03:24:28.667+0000][1][safepoint    ] Entering safepoint region: Cleanup
[2019-12-09T03:24:28.667+0000][1][safepoint    ] Leaving safepoint region
[2019-12-09T03:24:28.667+0000][1][safepoint    ] Total time for which application threads were stopped: 0.0001003 seconds, Stopping threads took: 0.0000182 seconds
[2019-12-09T03:24:29.667+0000][1][safepoint    ] Application time: 1.0000778 seconds
[2019-12-09T03:24:29.667+0000][1][safepoint    ] Entering safepoint region: Cleanup
[2019-12-09T03:24:29.667+0000][1][safepoint    ] Leaving safepoint region
[2019-12-09T03:24:29.667+0000][1][safepoint    ] Total time for which application threads were stopped: 0.0000833 seconds, Stopping threads took: 0.0000170 seconds
[2019-12-09T03:24:30.667+0000][1][safepoint    ] Application time: 1.0000773 seconds
[2019-12-09T03:24:30.667+0000][1][safepoint    ] Entering safepoint region: Cleanup
[2019-12-09T03:24:30.667+0000][1][safepoint    ] Leaving safepoint region
[2019-12-09T03:24:30.667+0000][1][safepoint    ] Total time for which application threads were stopped: 0.0000916 seconds, Stopping threads took: 0.0000183 seconds
[2019-12-09T03:24:31.667+0000][1][safepoint    ] Application time: 1.0000758 seconds
[2019-12-09T03:24:31.667+0000][1][safepoint    ] Entering safepoint region: Cleanup
[2019-12-09T03:24:31.667+0000][1][safepoint    ] Leaving safepoint region
[2019-12-09T03:24:31.667+0000][1][safepoint    ] Total time for which application threads were stopped: 0.0000886 seconds, Stopping threads took: 0.0000171 seconds
[2019-12-09T03:24:32.667+0000][1][safepoint    ] Application time: 1.0000759 seconds
[2019-12-09T03:24:32.667+0000][1][safepoint    ] Entering safepoint region: Cleanup
[2019-12-09T03:24:32.668+0000][1][safepoint    ] Leaving safepoint region
[2019-12-09T03:24:32.668+0000][1][safepoint    ] Total time for which application threads were stopped: 0.0000832 seconds, Stopping threads took: 0.0000167 seconds
[2019-12-09T03:24:33.668+0000][1][safepoint    ] Application time: 1.0000773 seconds
[2019-12-09T03:24:33.668+0000][1][safepoint    ] Entering safepoint region: Cleanup
[2019-12-09T03:24:33.668+0000][1][safepoint    ] Leaving safepoint region
[2019-12-09T03:24:33.668+0000][1][safepoint    ] Total time for which application threads were stopped: 0.0000981 seconds, Stopping threads took: 0.0000289 seconds
[2019-12-09T03:24:34.668+0000][1][safepoint    ] Application time: 1.0000760 seconds
[2019-12-09T03:24:34.668+0000][1][safepoint    ] Entering safepoint region: Cleanup
[2019-12-09T03:24:34.668+0000][1][safepoint    ] Leaving safepoint region
[2019-12-09T03:24:34.668+0000][1][safepoint    ] Total time for which application threads were stopped: 0.0000883 seconds, Stopping threads took: 0.0000166 seconds
[2019-12-09T03:24:35.668+0000][1][safepoint    ] Application time: 1.0000772 seconds
[2019-12-09T03:24:35.668+0000][1][safepoint    ] Entering safepoint region: Cleanup
[2019-12-09T03:24:35.668+0000][1][safepoint    ] Leaving safepoint region
[2019-12-09T03:24:35.668+0000][1][safepoint    ] Total time for which application threads were stopped: 0.0000903 seconds, Stopping threads took: 0.0000169 seconds
[2019-12-09T03:24:36.668+0000][1][safepoint    ] Application time: 1.0000755 seconds
[2019-12-09T03:24:36.668+0000][1][safepoint    ] Entering safepoint region: Cleanup
[2019-12-09T03:24:36.668+0000][1][safepoint    ] Leaving safepoint region
[2019-12-09T03:24:36.668+0000][1][safepoint    ] Total time for which application threads were stopped: 0.0000920 seconds, Stopping threads took: 0.0000163 seconds
[2019-12-09T03:24:37.668+0000][1][safepoint    ] Application time: 1.0000769 seconds
[2019-12-09T03:24:37.669+0000][1][safepoint    ] Entering safepoint region: Cleanup
[2019-12-09T03:24:37.669+0000][1][safepoint    ] Leaving safepoint region
[2019-12-09T03:24:37.669+0000][1][safepoint    ] Total time for which application threads were stopped: 0.0000813 seconds, Stopping threads took: 0.0000157 seconds
[2019-12-09T03:24:39.669+0000][1][safepoint    ] Application time: 2.0001430 seconds
[2019-12-09T03:24:39.669+0000][1][safepoint    ] Entering safepoint region: Cleanup
[2019-12-09T03:24:39.669+0000][1][safepoint    ] Leaving safepoint region
[2019-12-09T03:24:39.669+0000][1][safepoint    ] Total time for which application threads were stopped: 0.0000848 seconds, Stopping threads took: 0.0000172 seconds
[2019-12-09T03:24:44.669+0000][1][safepoint    ] Application time: 5.0003438 seconds
[2019-12-09T03:24:44.669+0000][1][safepoint    ] Entering safepoint region: Cleanup
[2019-12-09T03:24:44.669+0000][1][safepoint    ] Leaving safepoint region
[2019-12-09T03:24:44.669+0000][1][safepoint    ] Total time for which application threads were stopped: 0.0000816 seconds, Stopping threads took: 0.0000154 seconds
[2019-12-09T03:24:45.669+0000][1][safepoint    ] Application time: 1.0000782 seconds
[2019-12-09T03:24:45.669+0000][1][safepoint    ] Entering safepoint region: Cleanup
[2019-12-09T03:24:45.670+0000][1][safepoint    ] Leaving safepoint region
[2019-12-09T03:24:45.670+0000][1][safepoint    ] Total time for which application threads were stopped: 0.0000828 seconds, Stopping threads took: 0.0000151 seconds
[2019-12-09T03:24:46.670+0000][1][safepoint    ] Application time: 1.0000813 seconds
[2019-12-09T03:24:46.670+0000][1][safepoint    ] Entering safepoint region: Cleanup
[2019-12-09T03:24:46.670+0000][1][safepoint    ] Leaving safepoint region
[2019-12-09T03:24:46.670+0000][1][safepoint    ] Total time for which application threads were stopped: 0.0001225 seconds, Stopping threads took: 0.0000222 seconds
[2019-12-09T03:24:47.670+0000][1][safepoint    ] Application time: 1.0000772 seconds
[2019-12-09T03:24:47.670+0000][1][safepoint    ] Entering safepoint region: Cleanup
[2019-12-09T03:24:47.670+0000][1][safepoint    ] Leaving safepoint region
[2019-12-09T03:24:47.670+0000][1][safepoint    ] Total time for which application threads were stopped: 0.0000834 seconds, Stopping threads took: 0.0000169 seconds
[2019-12-09T03:24:51.670+0000][1][safepoint    ] Application time: 4.0002812 seconds
[2019-12-09T03:24:51.670+0000][1][safepoint    ] Entering safepoint region: Cleanup
[2019-12-09T03:24:51.670+0000][1][safepoint    ] Leaving safepoint region
[2019-12-09T03:24:51.670+0000][1][safepoint    ] Total time for which application threads were stopped: 0.0000819 seconds, Stopping threads took: 0.0000162 seconds
[2019-12-09T03:24:54.671+0000][1][safepoint    ] Application time: 3.0002139 seconds
[2019-12-09T03:24:54.671+0000][1][safepoint    ] Entering safepoint region: Cleanup
[2019-12-09T03:24:54.671+0000][1][safepoint    ] Leaving safepoint region
[2019-12-09T03:24:54.671+0000][1][safepoint    ] Total time for which application threads were stopped: 0.0001205 seconds, Stopping threads took: 0.0000211 seconds
[2019-12-09T03:24:55.671+0000][1][safepoint    ] Application time: 1.0000751 seconds
[2019-12-09T03:24:55.671+0000][1][safepoint    ] Entering safepoint region: Cleanup
[2019-12-09T03:24:55.671+0000][1][safepoint    ] Leaving safepoint region
[2019-12-09T03:24:55.671+0000][1][safepoint    ] Total time for which application threads were stopped: 0.0000870 seconds, Stopping threads took: 0.0000168 seconds
[2019-12-09T03:24:59.671+0000][1][safepoint    ] Application time: 4.0002774 seconds
[2019-12-09T03:24:59.671+0000][1][safepoint    ] Entering safepoint region: Cleanup
[2019-12-09T03:24:59.671+0000][1][safepoint    ] Leaving safepoint region
[2019-12-09T03:24:59.671+0000][1][safepoint    ] Total time for which application threads were stopped: 0.0001206 seconds, Stopping threads took: 0.0000274 seconds
[2019-12-09T03:25:01.672+0000][1][safepoint    ] Application time: 2.0001491 seconds
[2019-12-09T03:25:01.672+0000][1][safepoint    ] Entering safepoint region: Cleanup
[2019-12-09T03:25:01.672+0000][1][safepoint    ] Leaving safepoint region
[2019-12-09T03:25:01.672+0000][1][safepoint    ] Total time for which application threads were stopped: 0.0000997 seconds, Stopping threads took: 0.0000179 seconds
[2019-12-09T03:25:05.672+0000][1][safepoint    ] Application time: 4.0002756 seconds
[2019-12-09T03:25:05.672+0000][1][safepoint    ] Entering safepoint region: Cleanup
[2019-12-09T03:25:05.672+0000][1][safepoint    ] Leaving safepoint region
[2019-12-09T03:25:05.672+0000][1][safepoint    ] Total time for which application threads were stopped: 0.0000823 seconds, Stopping threads took: 0.0000164 seconds
[2019-12-09T03:25:07.673+0000][1][safepoint    ] Application time: 2.0005905 seconds
[2019-12-09T03:25:07.673+0000][1][safepoint    ] Entering safepoint region: Cleanup
[2019-12-09T03:25:07.673+0000][1][safepoint    ] Leaving safepoint region
[2019-12-09T03:25:07.673+0000][1][safepoint    ] Total time for which application threads were stopped: 0.0001093 seconds, Stopping threads took: 0.0000227 seconds
[2019-12-09T03:25:12.673+0000][1][safepoint    ] Application time: 5.0003403 seconds
[2019-12-09T03:25:12.673+0000][1][safepoint    ] Entering safepoint region: Cleanup
[2019-12-09T03:25:12.673+0000][1][safepoint    ] Leaving safepoint region
[2019-12-09T03:25:12.673+0000][1][safepoint    ] Total time for which application threads were stopped: 0.0000857 seconds, Stopping threads took: 0.0000177 seconds
[2019-12-09T03:25:15.674+0000][1][safepoint    ] Application time: 3.0002050 seconds
[2019-12-09T03:25:15.674+0000][1][safepoint    ] Entering safepoint region: Cleanup
[2019-12-09T03:25:15.674+0000][1][safepoint    ] Leaving safepoint region
[2019-12-09T03:25:15.674+0000][1][safepoint    ] Total time for which application threads were stopped: 0.0000796 seconds, Stopping threads took: 0.0000159 seconds
[2019-12-09T03:25:17.674+0000][1][safepoint    ] Application time: 2.0001417 seconds
[2019-12-09T03:25:17.674+0000][1][safepoint    ] Entering safepoint region: Cleanup
[2019-12-09T03:25:17.674+0000][1][safepoint    ] Leaving safepoint region
[2019-12-09T03:25:17.674+0000][1][safepoint    ] Total time for which application threads were stopped: 0.0000844 seconds, Stopping threads took: 0.0000175 seconds
[2019-12-09T03:25:18.674+0000][1][safepoint    ] Application time: 1.0000750 seconds
[2019-12-09T03:25:18.674+0000][1][safepoint    ] Entering safepoint region: Cleanup
[2019-12-09T03:25:18.674+0000][1][safepoint    ] Leaving safepoint region
[2019-12-09T03:25:18.674+0000][1][safepoint    ] Total time for which application threads were stopped: 0.0000797 seconds, Stopping threads took: 0.0000165 seconds
[2019-12-09T03:25:19.674+0000][1][safepoint    ] Application time: 1.0000767 seconds
[2019-12-09T03:25:19.674+0000][1][safepoint    ] Entering safepoint region: Cleanup
[2019-12-09T03:25:19.674+0000][1][safepoint    ] Leaving safepoint region
[2019-12-09T03:25:19.674+0000][1][safepoint    ] Total time for which application threads were stopped: 0.0000835 seconds, Stopping threads took: 0.0000162 seconds
[2019-12-09T03:25:23.675+0000][1][safepoint    ] Application time: 4.0002818 seconds
[2019-12-09T03:25:23.675+0000][1][safepoint    ] Entering safepoint region: Cleanup
[2019-12-09T03:25:23.675+0000][1][safepoint    ] Leaving safepoint region
[2019-12-09T03:25:23.675+0000][1][safepoint    ] Total time for which application threads were stopped: 0.0000921 seconds, Stopping threads took: 0.0000158 seconds
[2019-12-09T03:25:27.675+0000][1][safepoint    ] Application time: 4.0002804 seconds
[2019-12-09T03:25:27.675+0000][1][safepoint    ] Entering safepoint region: Cleanup
[2019-12-09T03:25:27.675+0000][1][safepoint    ] Leaving safepoint region
[2019-12-09T03:25:27.675+0000][1][safepoint    ] Total time for which application threads were stopped: 0.0000842 seconds, Stopping threads took: 0.0000164 seconds
[2019-12-09T03:25:29.675+0000][1][safepoint    ] Application time: 2.0001442 seconds
[2019-12-09T03:25:29.675+0000][1][safepoint    ] Entering safepoint region: Cleanup
[2019-12-09T03:25:29.675+0000][1][safepoint    ] Leaving safepoint region
[2019-12-09T03:25:29.675+0000][1][safepoint    ] Total time for which application threads were stopped: 0.0000883 seconds, Stopping threads took: 0.0000230 seconds
[2019-12-09T03:25:30.675+0000][1][safepoint    ] Application time: 1.0000726 seconds
[2019-12-09T03:25:30.676+0000][1][safepoint    ] Entering safepoint region: Cleanup
[2019-12-09T03:25:30.676+0000][1][safepoint    ] Leaving safepoint region
[2019-12-09T03:25:30.676+0000][1][safepoint    ] Total time for which application threads were stopped: 0.0000799 seconds, Stopping threads took: 0.0000157 seconds
[2019-12-09T03:25:32.676+0000][1][safepoint    ] Application time: 2.0001552 seconds
[2019-12-09T03:25:32.676+0000][1][safepoint    ] Entering safepoint region: Cleanup
[2019-12-09T03:25:32.676+0000][1][safepoint    ] Leaving safepoint region
[2019-12-09T03:25:32.676+0000][1][safepoint    ] Total time for which application threads were stopped: 0.0000978 seconds, Stopping threads took: 0.0000166 seconds
[2019-12-09T03:25:36.676+0000][1][safepoint    ] Application time: 4.0002824 seconds
[2019-12-09T03:25:36.676+0000][1][safepoint    ] Entering safepoint region: Cleanup
[2019-12-09T03:25:36.676+0000][1][safepoint    ] Leaving safepoint region
[2019-12-09T03:25:36.676+0000][1][safepoint    ] Total time for which application threads were stopped: 0.0000909 seconds, Stopping threads took: 0.0000162 seconds
[2019-12-09T03:25:37.676+0000][1][safepoint    ] Application time: 1.0000782 seconds
[2019-12-09T03:25:37.676+0000][1][safepoint    ] Entering safepoint region: Cleanup
[2019-12-09T03:25:37.676+0000][1][safepoint    ] Leaving safepoint region
[2019-12-09T03:25:37.677+0000][1][safepoint    ] Total time for which application threads were stopped: 0.0000801 seconds, Stopping threads took: 0.0000158 seconds
[2019-12-09T03:25:38.677+0000][1][safepoint    ] Application time: 1.0000784 seconds
[2019-12-09T03:25:38.677+0000][1][safepoint    ] Entering safepoint region: Cleanup
[2019-12-09T03:25:38.677+0000][1][safepoint    ] Leaving safepoint region
[2019-12-09T03:25:38.677+0000][1][safepoint    ] Total time for which application threads were stopped: 0.0000883 seconds, Stopping threads took: 0.0000156 seconds
[2019-12-09T03:25:39.677+0000][1][safepoint    ] Application time: 1.0000767 seconds
[2019-12-09T03:25:39.677+0000][1][safepoint    ] Entering safepoint region: Cleanup
[2019-12-09T03:25:39.677+0000][1][safepoint    ] Leaving safepoint region
[2019-12-09T03:25:39.677+0000][1][safepoint    ] Total time for which application threads were stopped: 0.0000789 seconds, Stopping threads took: 0.0000147 seconds
[2019-12-09T03:25:41.677+0000][1][safepoint    ] Application time: 2.0001464 seconds
[2019-12-09T03:25:41.677+0000][1][safepoint    ] Entering safepoint region: Cleanup
[2019-12-09T03:25:41.677+0000][1][safepoint    ] Leaving safepoint region
[2019-12-09T03:25:41.677+0000][1][safepoint    ] Total time for which application threads were stopped: 0.0000801 seconds, Stopping threads took: 0.0000156 seconds
[2019-12-09T03:25:42.677+0000][1][safepoint    ] Application time: 1.0000786 seconds
[2019-12-09T03:25:42.677+0000][1][safepoint    ] Entering safepoint region: Cleanup
[2019-12-09T03:25:42.677+0000][1][safepoint    ] Leaving safepoint region
[2019-12-09T03:25:42.677+0000][1][safepoint    ] Total time for which application threads were stopped: 0.0000803 seconds, Stopping threads took: 0.0000151 seconds
[2019-12-09T03:25:48.678+0000][1][safepoint    ] Application time: 6.0004077 seconds
[2019-12-09T03:25:48.678+0000][1][safepoint    ] Entering safepoint region: Cleanup
[2019-12-09T03:25:48.678+0000][1][safepoint    ] Leaving safepoint region
[2019-12-09T03:25:48.678+0000][1][safepoint    ] Total time for which application threads were stopped: 0.0000935 seconds, Stopping threads took: 0.0000206 seconds
[2019-12-09T03:25:50.678+0000][1][safepoint    ] Application time: 2.0001463 seconds
[2019-12-09T03:25:50.678+0000][1][safepoint    ] Entering safepoint region: Cleanup
[2019-12-09T03:25:50.678+0000][1][safepoint    ] Leaving safepoint region
[2019-12-09T03:25:50.678+0000][1][safepoint    ] Total time for which application threads were stopped: 0.0000802 seconds, Stopping threads took: 0.0000150 seconds
[2019-12-09T03:25:51.652+0000][1][safepoint    ] Application time: 0.9740539 seconds
[2019-12-09T03:25:51.652+0000][1][safepoint    ] Entering safepoint region: GenCollectForAllocation
[2019-12-09T03:25:51.652+0000][1][gc,start     ] GC(25) Pause Young (Allocation Failure)
[2019-12-09T03:25:51.652+0000][1][gc,task      ] GC(25) Using 2 workers of 2 for evacuation
[2019-12-09T03:25:51.669+0000][1][gc,age       ] GC(25) Desired survivor size 4456448 bytes, new threshold 6 (max threshold 6)
[2019-12-09T03:25:51.669+0000][1][gc,age       ] GC(25) Age table with threshold 6 (max threshold 6)
[2019-12-09T03:25:51.669+0000][1][gc,age       ] GC(25) - age   1:      27312 bytes,      27312 total
[2019-12-09T03:25:51.669+0000][1][gc,age       ] GC(25) - age   2:    1784352 bytes,    1811664 total
[2019-12-09T03:25:51.669+0000][1][gc,heap      ] GC(25) ParNew: 78656K->5577K(78656K)
[2019-12-09T03:25:51.669+0000][1][gc,heap      ] GC(25) CMS: 63959K->67557K(174784K)
[2019-12-09T03:25:51.669+0000][1][gc,metaspace ] GC(25) Metaspace: 68611K->68611K(1112064K)
[2019-12-09T03:25:51.669+0000][1][gc           ] GC(25) Pause Young (Allocation Failure) 139M->71M(247M) 16.266ms
[2019-12-09T03:25:51.669+0000][1][gc,cpu       ] GC(25) User=0.04s Sys=0.00s Real=0.02s
[2019-12-09T03:25:51.669+0000][1][safepoint    ] Leaving safepoint region
[2019-12-09T03:25:51.669+0000][1][safepoint    ] Total time for which application threads were stopped: 0.0164091 seconds, Stopping threads took: 0.0000161 seconds
[2019-12-09T03:26:01.669+0000][1][safepoint    ] Application time: 10.0007056 seconds
[2019-12-09T03:26:01.669+0000][1][safepoint    ] Entering safepoint region: Cleanup
[2019-12-09T03:26:01.669+0000][1][safepoint    ] Leaving safepoint region
[2019-12-09T03:26:01.669+0000][1][safepoint    ] Total time for which application threads were stopped: 0.0000913 seconds, Stopping threads took: 0.0000237 seconds
[2019-12-09T03:26:02.670+0000][1][safepoint    ] Application time: 1.0000742 seconds
[2019-12-09T03:26:02.670+0000][1][safepoint    ] Entering safepoint region: Cleanup
[2019-12-09T03:26:02.670+0000][1][safepoint    ] Leaving safepoint region
[2019-12-09T03:26:02.670+0000][1][safepoint    ] Total time for which application threads were stopped: 0.0001151 seconds, Stopping threads took: 0.0000256 seconds
[2019-12-09T03:26:04.670+0000][1][safepoint    ] Application time: 2.0001442 seconds
[2019-12-09T03:26:04.670+0000][1][safepoint    ] Entering safepoint region: Cleanup
[2019-12-09T03:26:04.670+0000][1][safepoint    ] Leaving safepoint region
[2019-12-09T03:26:04.670+0000][1][safepoint    ] Total time for which application threads were stopped: 0.0000861 seconds, Stopping threads took: 0.0000172 seconds
[2019-12-09T03:26:06.670+0000][1][safepoint    ] Application time: 2.0001441 seconds
[2019-12-09T03:26:06.670+0000][1][safepoint    ] Entering safepoint region: Cleanup
[2019-12-09T03:26:06.670+0000][1][safepoint    ] Leaving safepoint region
[2019-12-09T03:26:06.670+0000][1][safepoint    ] Total time for which application threads were stopped: 0.0000841 seconds, Stopping threads took: 0.0000161 seconds
[2019-12-09T03:26:12.671+0000][1][safepoint    ] Application time: 6.0004125 seconds
[2019-12-09T03:26:12.671+0000][1][safepoint    ] Entering safepoint region: Cleanup
[2019-12-09T03:26:12.671+0000][1][safepoint    ] Leaving safepoint region
[2019-12-09T03:26:12.671+0000][1][safepoint    ] Total time for which application threads were stopped: 0.0000793 seconds, Stopping threads took: 0.0000153 seconds
[2019-12-09T03:26:15.671+0000][1][safepoint    ] Application time: 3.0002154 seconds
[2019-12-09T03:26:15.671+0000][1][safepoint    ] Entering safepoint region: Cleanup
[2019-12-09T03:26:15.671+0000][1][safepoint    ] Leaving safepoint region
[2019-12-09T03:26:15.671+0000][1][safepoint    ] Total time for which application threads were stopped: 0.0000818 seconds, Stopping threads took: 0.0000150 seconds
[2019-12-09T03:26:17.671+0000][1][safepoint    ] Application time: 2.0001450 seconds
[2019-12-09T03:26:17.671+0000][1][safepoint    ] Entering safepoint region: Cleanup
[2019-12-09T03:26:17.671+0000][1][safepoint    ] Leaving safepoint region
[2019-12-09T03:26:17.671+0000][1][safepoint    ] Total time for which application threads were stopped: 0.0000848 seconds, Stopping threads took: 0.0000171 seconds
[2019-12-09T03:26:19.672+0000][1][safepoint    ] Application time: 2.0001443 seconds
[2019-12-09T03:26:19.672+0000][1][safepoint    ] Entering safepoint region: Cleanup
[2019-12-09T03:26:19.672+0000][1][safepoint    ] Leaving safepoint region
[2019-12-09T03:26:19.672+0000][1][safepoint    ] Total time for which application threads were stopped: 0.0000811 seconds, Stopping threads took: 0.0000159 seconds
[2019-12-09T03:26:27.674+0000][1][safepoint    ] Application time: 8.0027352 seconds
[2019-12-09T03:26:27.674+0000][1][safepoint    ] Entering safepoint region: Cleanup
[2019-12-09T03:26:27.675+0000][1][safepoint    ] Leaving safepoint region
[2019-12-09T03:26:27.675+0000][1][safepoint    ] Total time for which application threads were stopped: 0.0000895 seconds, Stopping threads took: 0.0000175 seconds
[2019-12-09T03:26:31.675+0000][1][safepoint    ] Application time: 4.0002721 seconds
[2019-12-09T03:26:31.675+0000][1][safepoint    ] Entering safepoint region: Cleanup
[2019-12-09T03:26:31.675+0000][1][safepoint    ] Leaving safepoint region
[2019-12-09T03:26:31.675+0000][1][safepoint    ] Total time for which application threads were stopped: 0.0000937 seconds, Stopping threads took: 0.0000243 seconds
[2019-12-09T03:26:35.675+0000][1][safepoint    ] Application time: 4.0002715 seconds
[2019-12-09T03:26:35.675+0000][1][safepoint    ] Entering safepoint region: Cleanup
[2019-12-09T03:26:35.675+0000][1][safepoint    ] Leaving safepoint region
[2019-12-09T03:26:35.675+0000][1][safepoint    ] Total time for which application threads were stopped: 0.0000842 seconds, Stopping threads took: 0.0000172 seconds
[2019-12-09T03:26:36.675+0000][1][safepoint    ] Application time: 1.0000769 seconds
[2019-12-09T03:26:36.675+0000][1][safepoint    ] Entering safepoint region: Cleanup
[2019-12-09T03:26:36.676+0000][1][safepoint    ] Leaving safepoint region
[2019-12-09T03:26:36.676+0000][1][safepoint    ] Total time for which application threads were stopped: 0.0000889 seconds, Stopping threads took: 0.0000172 seconds
[2019-12-09T03:26:43.676+0000][1][safepoint    ] Application time: 7.0004823 seconds
[2019-12-09T03:26:43.676+0000][1][safepoint    ] Entering safepoint region: Cleanup
[2019-12-09T03:26:43.676+0000][1][safepoint    ] Leaving safepoint region
[2019-12-09T03:26:43.676+0000][1][safepoint    ] Total time for which application threads were stopped: 0.0000838 seconds, Stopping threads took: 0.0000187 seconds
[2019-12-09T03:26:47.676+0000][1][safepoint    ] Application time: 4.0002758 seconds
[2019-12-09T03:26:47.676+0000][1][safepoint    ] Entering safepoint region: Cleanup
[2019-12-09T03:26:47.677+0000][1][safepoint    ] Leaving safepoint region
[2019-12-09T03:26:47.677+0000][1][safepoint    ] Total time for which application threads were stopped: 0.0000822 seconds, Stopping threads took: 0.0000171 seconds
[2019-12-09T03:26:49.677+0000][1][safepoint    ] Application time: 2.0001410 seconds
[2019-12-09T03:26:49.677+0000][1][safepoint    ] Entering safepoint region: Cleanup
[2019-12-09T03:26:49.677+0000][1][safepoint    ] Leaving safepoint region
[2019-12-09T03:26:49.677+0000][1][safepoint    ] Total time for which application threads were stopped: 0.0000872 seconds, Stopping threads took: 0.0000187 seconds
[2019-12-09T03:26:53.677+0000][1][safepoint    ] Application time: 4.0002724 seconds
[2019-12-09T03:26:53.677+0000][1][safepoint    ] Entering safepoint region: Cleanup
[2019-12-09T03:26:53.677+0000][1][safepoint    ] Leaving safepoint region
[2019-12-09T03:26:53.677+0000][1][safepoint    ] Total time for which application threads were stopped: 0.0000840 seconds, Stopping threads took: 0.0000167 seconds
[2019-12-09T03:26:54.677+0000][1][safepoint    ] Application time: 1.0000759 seconds
[2019-12-09T03:26:54.677+0000][1][safepoint    ] Entering safepoint region: Cleanup
[2019-12-09T03:26:54.677+0000][1][safepoint    ] Leaving safepoint region
[2019-12-09T03:26:54.677+0000][1][safepoint    ] Total time for which application threads were stopped: 0.0000853 seconds, Stopping threads took: 0.0000163 seconds
[2019-12-09T03:27:01.679+0000][1][safepoint    ] Application time: 7.0013473 seconds
[2019-12-09T03:27:01.679+0000][1][safepoint    ] Entering safepoint region: Cleanup
[2019-12-09T03:27:01.679+0000][1][safepoint    ] Leaving safepoint region
[2019-12-09T03:27:01.679+0000][1][safepoint    ] Total time for which application threads were stopped: 0.0001594 seconds, Stopping threads took: 0.0000416 seconds
[2019-12-09T03:27:02.679+0000][1][safepoint    ] Application time: 1.0000789 seconds
[2019-12-09T03:27:02.679+0000][1][safepoint    ] Entering safepoint region: Cleanup
[2019-12-09T03:27:02.679+0000][1][safepoint    ] Leaving safepoint region
[2019-12-09T03:27:02.679+0000][1][safepoint    ] Total time for which application threads were stopped: 0.0000907 seconds, Stopping threads took: 0.0000189 seconds
[2019-12-09T03:27:05.679+0000][1][safepoint    ] Application time: 3.0002113 seconds
[2019-12-09T03:27:05.679+0000][1][safepoint    ] Entering safepoint region: Cleanup
[2019-12-09T03:27:05.679+0000][1][safepoint    ] Leaving safepoint region
[2019-12-09T03:27:05.679+0000][1][safepoint    ] Total time for which application threads were stopped: 0.0000843 seconds, Stopping threads took: 0.0000177 seconds
[2019-12-09T03:27:06.680+0000][1][safepoint    ] Application time: 1.0000786 seconds
[2019-12-09T03:27:06.680+0000][1][safepoint    ] Entering safepoint region: Cleanup
[2019-12-09T03:27:06.680+0000][1][safepoint    ] Leaving safepoint region
[2019-12-09T03:27:06.680+0000][1][safepoint    ] Total time for which application threads were stopped: 0.0001053 seconds, Stopping threads took: 0.0000182 seconds
[2019-12-09T03:27:11.680+0000][1][safepoint    ] Application time: 5.0003456 seconds
[2019-12-09T03:27:11.680+0000][1][safepoint    ] Entering safepoint region: Cleanup
[2019-12-09T03:27:11.680+0000][1][safepoint    ] Leaving safepoint region
[2019-12-09T03:27:11.680+0000][1][safepoint    ] Total time for which application threads were stopped: 0.0000912 seconds, Stopping threads took: 0.0000182 seconds
[2019-12-09T03:27:18.681+0000][1][safepoint    ] Application time: 7.0004839 seconds
[2019-12-09T03:27:18.681+0000][1][safepoint    ] Entering safepoint region: Cleanup
[2019-12-09T03:27:18.681+0000][1][safepoint    ] Leaving safepoint region
[2019-12-09T03:27:18.681+0000][1][safepoint    ] Total time for which application threads were stopped: 0.0000927 seconds, Stopping threads took: 0.0000188 seconds
[2019-12-09T03:27:20.681+0000][1][safepoint    ] Application time: 2.0001422 seconds
[2019-12-09T03:27:20.681+0000][1][safepoint    ] Entering safepoint region: Cleanup
[2019-12-09T03:27:20.681+0000][1][safepoint    ] Leaving safepoint region
[2019-12-09T03:27:20.681+0000][1][safepoint    ] Total time for which application threads were stopped: 0.0000859 seconds, Stopping threads took: 0.0000173 seconds
[2019-12-09T03:27:24.681+0000][1][safepoint    ] Application time: 4.0002760 seconds
[2019-12-09T03:27:24.681+0000][1][safepoint    ] Entering safepoint region: Cleanup
[2019-12-09T03:27:24.682+0000][1][safepoint    ] Leaving safepoint region
[2019-12-09T03:27:24.682+0000][1][safepoint    ] Total time for which application threads were stopped: 0.0000870 seconds, Stopping threads took: 0.0000200 seconds
[2019-12-09T03:27:25.682+0000][1][safepoint    ] Application time: 1.0000749 seconds
[2019-12-09T03:27:25.682+0000][1][safepoint    ] Entering safepoint region: Cleanup
[2019-12-09T03:27:25.682+0000][1][safepoint    ] Leaving safepoint region
[2019-12-09T03:27:25.682+0000][1][safepoint    ] Total time for which application threads were stopped: 0.0000994 seconds, Stopping threads took: 0.0000173 seconds
[2019-12-09T03:27:27.682+0000][1][safepoint    ] Application time: 2.0001406 seconds
[2019-12-09T03:27:27.682+0000][1][safepoint    ] Entering safepoint region: Cleanup
[2019-12-09T03:27:27.682+0000][1][safepoint    ] Leaving safepoint region
[2019-12-09T03:27:27.682+0000][1][safepoint    ] Total time for which application threads were stopped: 0.0000846 seconds, Stopping threads took: 0.0000172 seconds
[2019-12-09T03:27:45.683+0000][1][safepoint    ] Application time: 18.0012357 seconds
[2019-12-09T03:27:45.683+0000][1][safepoint    ] Entering safepoint region: Cleanup
[2019-12-09T03:27:45.683+0000][1][safepoint    ] Leaving safepoint region
[2019-12-09T03:27:45.683+0000][1][safepoint    ] Total time for which application threads were stopped: 0.0001004 seconds, Stopping threads took: 0.0000264 seconds
[2019-12-09T03:27:49.684+0000][1][safepoint    ] Application time: 4.0002928 seconds
[2019-12-09T03:27:49.684+0000][1][safepoint    ] Entering safepoint region: Cleanup
[2019-12-09T03:27:49.684+0000][1][safepoint    ] Leaving safepoint region
[2019-12-09T03:27:49.684+0000][1][safepoint    ] Total time for which application threads were stopped: 0.0000874 seconds, Stopping threads took: 0.0000183 seconds
[2019-12-09T03:27:53.684+0000][1][safepoint    ] Application time: 4.0002870 seconds
[2019-12-09T03:27:53.684+0000][1][safepoint    ] Entering safepoint region: Cleanup
[2019-12-09T03:27:53.684+0000][1][safepoint    ] Leaving safepoint region
[2019-12-09T03:27:53.684+0000][1][safepoint    ] Total time for which application threads were stopped: 0.0000840 seconds, Stopping threads took: 0.0000183 seconds
[2019-12-09T03:27:57.685+0000][1][safepoint    ] Application time: 4.0002824 seconds
[2019-12-09T03:27:57.685+0000][1][safepoint    ] Entering safepoint region: Cleanup
[2019-12-09T03:27:57.685+0000][1][safepoint    ] Leaving safepoint region
[2019-12-09T03:27:57.685+0000][1][safepoint    ] Total time for which application threads were stopped: 0.0000863 seconds, Stopping threads took: 0.0000171 seconds
[2019-12-09T03:28:00.483+0000][1][safepoint    ] Application time: 2.7988532 seconds
[2019-12-09T03:28:00.484+0000][1][safepoint    ] Entering safepoint region: GenCollectForAllocation
[2019-12-09T03:28:00.484+0000][1][gc,start     ] GC(26) Pause Young (Allocation Failure)
[2019-12-09T03:28:00.484+0000][1][gc,task      ] GC(26) Using 2 workers of 2 for evacuation
[2019-12-09T03:28:00.489+0000][1][gc,age       ] GC(26) Desired survivor size 4456448 bytes, new threshold 6 (max threshold 6)
[2019-12-09T03:28:00.489+0000][1][gc,age       ] GC(26) Age table with threshold 6 (max threshold 6)
[2019-12-09T03:28:00.489+0000][1][gc,age       ] GC(26) - age   1:      13144 bytes,      13144 total
[2019-12-09T03:28:00.489+0000][1][gc,age       ] GC(26) - age   2:      23480 bytes,      36624 total
[2019-12-09T03:28:00.489+0000][1][gc,age       ] GC(26) - age   3:    1784256 bytes,    1820880 total
[2019-12-09T03:28:00.489+0000][1][gc,heap      ] GC(26) ParNew: 75529K->2755K(78656K)
[2019-12-09T03:28:00.489+0000][1][gc,heap      ] GC(26) CMS: 67557K->67557K(174784K)
[2019-12-09T03:28:00.489+0000][1][gc,metaspace ] GC(26) Metaspace: 68863K->68863K(1112064K)
[2019-12-09T03:28:00.489+0000][1][gc           ] GC(26) Pause Young (Allocation Failure) 139M->68M(247M) 5.540ms
[2019-12-09T03:28:00.489+0000][1][gc,cpu       ] GC(26) User=0.01s Sys=0.00s Real=0.01s
[2019-12-09T03:28:00.489+0000][1][safepoint    ] Leaving safepoint region
[2019-12-09T03:28:00.489+0000][1][safepoint    ] Total time for which application threads were stopped: 0.0057011 seconds, Stopping threads took: 0.0000255 seconds
[2019-12-09T03:28:03.489+0000][1][safepoint    ] Application time: 3.0002216 seconds
[2019-12-09T03:28:03.489+0000][1][safepoint    ] Entering safepoint region: Cleanup
[2019-12-09T03:28:03.490+0000][1][safepoint    ] Leaving safepoint region
[2019-12-09T03:28:03.490+0000][1][safepoint    ] Total time for which application threads were stopped: 0.0000931 seconds, Stopping threads took: 0.0000177 seconds
[2019-12-09T03:28:13.490+0000][1][safepoint    ] Application time: 10.0006774 seconds
[2019-12-09T03:28:13.490+0000][1][safepoint    ] Entering safepoint region: Cleanup
[2019-12-09T03:28:13.490+0000][1][safepoint    ] Leaving safepoint region
[2019-12-09T03:28:13.490+0000][1][safepoint    ] Total time for which application threads were stopped: 0.0000877 seconds, Stopping threads took: 0.0000179 seconds
[2019-12-09T03:28:22.491+0000][1][safepoint    ] Application time: 9.0006170 seconds
[2019-12-09T03:28:22.491+0000][1][safepoint    ] Entering safepoint region: Cleanup
[2019-12-09T03:28:22.491+0000][1][safepoint    ] Leaving safepoint region
[2019-12-09T03:28:22.491+0000][1][safepoint    ] Total time for which application threads were stopped: 0.0000921 seconds, Stopping threads took: 0.0000208 seconds
[2019-12-09T03:28:26.491+0000][1][safepoint    ] Application time: 4.0002761 seconds
[2019-12-09T03:28:26.491+0000][1][safepoint    ] Entering safepoint region: Cleanup
[2019-12-09T03:28:26.492+0000][1][safepoint    ] Leaving safepoint region
[2019-12-09T03:28:26.492+0000][1][safepoint    ] Total time for which application threads were stopped: 0.0000881 seconds, Stopping threads took: 0.0000180 seconds
[2019-12-09T03:28:31.492+0000][1][safepoint    ] Application time: 5.0003438 seconds
[2019-12-09T03:28:31.492+0000][1][safepoint    ] Entering safepoint region: Cleanup
[2019-12-09T03:28:31.492+0000][1][safepoint    ] Leaving safepoint region
[2019-12-09T03:28:31.492+0000][1][safepoint    ] Total time for which application threads were stopped: 0.0000985 seconds, Stopping threads took: 0.0000273 seconds
[2019-12-09T03:28:32.492+0000][1][safepoint    ] Application time: 1.0000759 seconds
[2019-12-09T03:28:32.492+0000][1][safepoint    ] Entering safepoint region: Cleanup
[2019-12-09T03:28:32.492+0000][1][safepoint    ] Leaving safepoint region
[2019-12-09T03:28:32.492+0000][1][safepoint    ] Total time for which application threads were stopped: 0.0000874 seconds, Stopping threads took: 0.0000185 seconds
[2019-12-09T03:28:36.493+0000][1][safepoint    ] Application time: 4.0002803 seconds
[2019-12-09T03:28:36.493+0000][1][safepoint    ] Entering safepoint region: Cleanup
[2019-12-09T03:28:36.493+0000][1][safepoint    ] Leaving safepoint region
[2019-12-09T03:28:36.493+0000][1][safepoint    ] Total time for which application threads were stopped: 0.0000884 seconds, Stopping threads took: 0.0000187 seconds
[2019-12-09T03:28:51.494+0000][1][safepoint    ] Application time: 15.0010286 seconds
[2019-12-09T03:28:51.494+0000][1][safepoint    ] Entering safepoint region: Cleanup
[2019-12-09T03:28:51.494+0000][1][safepoint    ] Leaving safepoint region
[2019-12-09T03:28:51.494+0000][1][safepoint    ] Total time for which application threads were stopped: 0.0000878 seconds, Stopping threads took: 0.0000181 seconds
[2019-12-09T03:28:55.494+0000][1][safepoint    ] Application time: 4.0002757 seconds
[2019-12-09T03:28:55.494+0000][1][safepoint    ] Entering safepoint region: Cleanup
[2019-12-09T03:28:55.494+0000][1][safepoint    ] Leaving safepoint region
[2019-12-09T03:28:55.494+0000][1][safepoint    ] Total time for which application threads were stopped: 0.0000893 seconds, Stopping threads took: 0.0000173 seconds
[2019-12-09T03:29:00.495+0000][1][safepoint    ] Application time: 5.0003475 seconds
[2019-12-09T03:29:00.495+0000][1][safepoint    ] Entering safepoint region: Cleanup
[2019-12-09T03:29:00.495+0000][1][safepoint    ] Leaving safepoint region
[2019-12-09T03:29:00.495+0000][1][safepoint    ] Total time for which application threads were stopped: 0.0001132 seconds, Stopping threads took: 0.0000278 seconds
[2019-12-09T03:29:01.495+0000][1][safepoint    ] Application time: 1.0000789 seconds
[2019-12-09T03:29:01.495+0000][1][safepoint    ] Entering safepoint region: Cleanup
[2019-12-09T03:29:01.495+0000][1][safepoint    ] Leaving safepoint region
[2019-12-09T03:29:01.495+0000][1][safepoint    ] Total time for which application threads were stopped: 0.0000895 seconds, Stopping threads took: 0.0000182 seconds
[2019-12-09T03:29:08.495+0000][1][safepoint    ] Application time: 7.0004872 seconds
[2019-12-09T03:29:08.496+0000][1][safepoint    ] Entering safepoint region: Cleanup
[2019-12-09T03:29:08.496+0000][1][safepoint    ] Leaving safepoint region
[2019-12-09T03:29:08.496+0000][1][safepoint    ] Total time for which application threads were stopped: 0.0000907 seconds, Stopping threads took: 0.0000174 seconds
[2019-12-09T03:29:09.496+0000][1][safepoint    ] Application time: 1.0000759 seconds
[2019-12-09T03:29:09.496+0000][1][safepoint    ] Entering safepoint region: Cleanup
[2019-12-09T03:29:09.496+0000][1][safepoint    ] Leaving safepoint region
[2019-12-09T03:29:09.496+0000][1][safepoint    ] Total time for which application threads were stopped: 0.0000886 seconds, Stopping threads took: 0.0000184 seconds
[2019-12-09T03:29:11.496+0000][1][safepoint    ] Application time: 2.0001420 seconds
[2019-12-09T03:29:11.496+0000][1][safepoint    ] Entering safepoint region: Cleanup
[2019-12-09T03:29:11.496+0000][1][safepoint    ] Leaving safepoint region
[2019-12-09T03:29:11.496+0000][1][safepoint    ] Total time for which application threads were stopped: 0.0000894 seconds, Stopping threads took: 0.0000188 seconds
[2019-12-09T03:29:15.496+0000][1][safepoint    ] Application time: 4.0002763 seconds
[2019-12-09T03:29:15.496+0000][1][safepoint    ] Entering safepoint region: Cleanup
[2019-12-09T03:29:15.497+0000][1][safepoint    ] Leaving safepoint region
[2019-12-09T03:29:15.497+0000][1][safepoint    ] Total time for which application threads were stopped: 0.0000976 seconds, Stopping threads took: 0.0000255 seconds
[2019-12-09T03:29:16.497+0000][1][safepoint    ] Application time: 1.0000765 seconds
[2019-12-09T03:29:16.497+0000][1][safepoint    ] Entering safepoint region: Cleanup
[2019-12-09T03:29:16.497+0000][1][safepoint    ] Leaving safepoint region
[2019-12-09T03:29:16.497+0000][1][safepoint    ] Total time for which application threads were stopped: 0.0000980 seconds, Stopping threads took: 0.0000174 seconds
[2019-12-09T03:29:19.497+0000][1][safepoint    ] Application time: 3.0002110 seconds
[2019-12-09T03:29:19.497+0000][1][safepoint    ] Entering safepoint region: Cleanup
[2019-12-09T03:29:19.497+0000][1][safepoint    ] Leaving safepoint region
[2019-12-09T03:29:19.497+0000][1][safepoint    ] Total time for which application threads were stopped: 0.0000894 seconds, Stopping threads took: 0.0000177 seconds
[2019-12-09T03:29:26.498+0000][1][safepoint    ] Application time: 7.0004858 seconds
[2019-12-09T03:29:26.498+0000][1][safepoint    ] Entering safepoint region: Cleanup
[2019-12-09T03:29:26.498+0000][1][safepoint    ] Leaving safepoint region
[2019-12-09T03:29:26.498+0000][1][safepoint    ] Total time for which application threads were stopped: 0.0000964 seconds, Stopping threads took: 0.0000173 seconds
[2019-12-09T03:29:31.498+0000][1][safepoint    ] Application time: 5.0003472 seconds
[2019-12-09T03:29:31.498+0000][1][safepoint    ] Entering safepoint region: Cleanup
[2019-12-09T03:29:31.498+0000][1][safepoint    ] Leaving safepoint region
[2019-12-09T03:29:31.498+0000][1][safepoint    ] Total time for which application threads were stopped: 0.0000980 seconds, Stopping threads took: 0.0000277 seconds
[2019-12-09T03:29:32.498+0000][1][safepoint    ] Application time: 1.0000782 seconds
[2019-12-09T03:29:32.498+0000][1][safepoint    ] Entering safepoint region: Cleanup
[2019-12-09T03:29:32.498+0000][1][safepoint    ] Leaving safepoint region
[2019-12-09T03:29:32.498+0000][1][safepoint    ] Total time for which application threads were stopped: 0.0000898 seconds, Stopping threads took: 0.0000176 seconds
[2019-12-09T03:29:33.498+0000][1][safepoint    ] Application time: 1.0000778 seconds
[2019-12-09T03:29:33.499+0000][1][safepoint    ] Entering safepoint region: Cleanup
[2019-12-09T03:29:33.499+0000][1][safepoint    ] Leaving safepoint region
[2019-12-09T03:29:33.499+0000][1][safepoint    ] Total time for which application threads were stopped: 0.0000873 seconds, Stopping threads took: 0.0000177 seconds
[2019-12-09T03:29:36.499+0000][1][safepoint    ] Application time: 3.0002143 seconds
[2019-12-09T03:29:36.499+0000][1][safepoint    ] Entering safepoint region: Cleanup
[2019-12-09T03:29:36.499+0000][1][safepoint    ] Leaving safepoint region
[2019-12-09T03:29:36.499+0000][1][safepoint    ] Total time for which application threads were stopped: 0.0000967 seconds, Stopping threads took: 0.0000191 seconds
[2019-12-09T03:29:40.499+0000][1][safepoint    ] Application time: 4.0002830 seconds
[2019-12-09T03:29:40.499+0000][1][safepoint    ] Entering safepoint region: Cleanup
[2019-12-09T03:29:40.499+0000][1][safepoint    ] Leaving safepoint region
[2019-12-09T03:29:40.499+0000][1][safepoint    ] Total time for which application threads were stopped: 0.0000874 seconds, Stopping threads took: 0.0000179 seconds
[2019-12-09T03:29:42.500+0000][1][safepoint    ] Application time: 2.0001456 seconds
[2019-12-09T03:29:42.500+0000][1][safepoint    ] Entering safepoint region: Cleanup
[2019-12-09T03:29:42.500+0000][1][safepoint    ] Leaving safepoint region
[2019-12-09T03:29:42.500+0000][1][safepoint    ] Total time for which application threads were stopped: 0.0000900 seconds, Stopping threads took: 0.0000179 seconds
[2019-12-09T03:30:01.501+0000][1][safepoint    ] Application time: 19.0013076 seconds
[2019-12-09T03:30:01.501+0000][1][safepoint    ] Entering safepoint region: Cleanup
[2019-12-09T03:30:01.501+0000][1][safepoint    ] Leaving safepoint region
[2019-12-09T03:30:01.501+0000][1][safepoint    ] Total time for which application threads were stopped: 0.0000999 seconds, Stopping threads took: 0.0000258 seconds
[2019-12-09T03:30:02.501+0000][1][safepoint    ] Application time: 1.0000811 seconds
[2019-12-09T03:30:02.501+0000][1][safepoint    ] Entering safepoint region: Cleanup
[2019-12-09T03:30:02.501+0000][1][safepoint    ] Leaving safepoint region
[2019-12-09T03:30:02.501+0000][1][safepoint    ] Total time for which application threads were stopped: 0.0000913 seconds, Stopping threads took: 0.0000186 seconds
[2019-12-09T03:30:03.501+0000][1][safepoint    ] Application time: 1.0000761 seconds
[2019-12-09T03:30:03.501+0000][1][safepoint    ] Entering safepoint region: Cleanup
[2019-12-09T03:30:03.502+0000][1][safepoint    ] Leaving safepoint region
[2019-12-09T03:30:03.502+0000][1][safepoint    ] Total time for which application threads were stopped: 0.0000969 seconds, Stopping threads took: 0.0000184 seconds
[2019-12-09T03:30:04.502+0000][1][safepoint    ] Application time: 1.0000780 seconds
[2019-12-09T03:30:04.502+0000][1][safepoint    ] Entering safepoint region: Cleanup
[2019-12-09T03:30:04.502+0000][1][safepoint    ] Leaving safepoint region
[2019-12-09T03:30:04.502+0000][1][safepoint    ] Total time for which application threads were stopped: 0.0000989 seconds, Stopping threads took: 0.0000271 seconds
[2019-12-09T03:30:05.502+0000][1][safepoint    ] Application time: 1.0000776 seconds
[2019-12-09T03:30:05.502+0000][1][safepoint    ] Entering safepoint region: Cleanup
[2019-12-09T03:30:05.502+0000][1][safepoint    ] Leaving safepoint region
[2019-12-09T03:30:05.502+0000][1][safepoint    ] Total time for which application threads were stopped: 0.0000912 seconds, Stopping threads took: 0.0000187 seconds
[2019-12-09T03:30:05.541+0000][1][safepoint    ] Application time: 0.0394621 seconds
[2019-12-09T03:30:05.541+0000][1][safepoint    ] Entering safepoint region: GenCollectForAllocation
[2019-12-09T03:30:05.542+0000][1][gc,start     ] GC(27) Pause Young (Allocation Failure)
[2019-12-09T03:30:05.542+0000][1][gc,task      ] GC(27) Using 2 workers of 2 for evacuation
[2019-12-09T03:30:05.547+0000][1][gc,age       ] GC(27) Desired survivor size 4456448 bytes, new threshold 6 (max threshold 6)
[2019-12-09T03:30:05.547+0000][1][gc,age       ] GC(27) Age table with threshold 6 (max threshold 6)
[2019-12-09T03:30:05.547+0000][1][gc,age       ] GC(27) - age   1:       8256 bytes,       8256 total
[2019-12-09T03:30:05.547+0000][1][gc,age       ] GC(27) - age   2:       8264 bytes,      16520 total
[2019-12-09T03:30:05.547+0000][1][gc,age       ] GC(27) - age   3:      23264 bytes,      39784 total
[2019-12-09T03:30:05.547+0000][1][gc,age       ] GC(27) - age   4:    1692384 bytes,    1732168 total
[2019-12-09T03:30:05.547+0000][1][gc,heap      ] GC(27) ParNew: 72707K->2689K(78656K)
[2019-12-09T03:30:05.547+0000][1][gc,heap      ] GC(27) CMS: 67557K->67557K(174784K)
[2019-12-09T03:30:05.547+0000][1][gc,metaspace ] GC(27) Metaspace: 68964K->68964K(1112064K)
[2019-12-09T03:30:05.547+0000][1][gc           ] GC(27) Pause Young (Allocation Failure) 136M->68M(247M) 5.439ms
[2019-12-09T03:30:05.547+0000][1][gc,cpu       ] GC(27) User=0.01s Sys=0.00s Real=0.01s
[2019-12-09T03:30:05.547+0000][1][safepoint    ] Leaving safepoint region
[2019-12-09T03:30:05.547+0000][1][safepoint    ] Total time for which application threads were stopped: 0.0055813 seconds, Stopping threads took: 0.0000171 seconds
[2019-12-09T03:30:06.547+0000][1][safepoint    ] Application time: 1.0000913 seconds
[2019-12-09T03:30:06.547+0000][1][safepoint    ] Entering safepoint region: Cleanup
[2019-12-09T03:30:06.547+0000][1][safepoint    ] Leaving safepoint region
[2019-12-09T03:30:06.547+0000][1][safepoint    ] Total time for which application threads were stopped: 0.0000908 seconds, Stopping threads took: 0.0000184 seconds
[2019-12-09T03:30:08.547+0000][1][safepoint    ] Application time: 2.0001442 seconds
[2019-12-09T03:30:08.547+0000][1][safepoint    ] Entering safepoint region: Cleanup
[2019-12-09T03:30:08.548+0000][1][safepoint    ] Leaving safepoint region
[2019-12-09T03:30:08.548+0000][1][safepoint    ] Total time for which application threads were stopped: 0.0000923 seconds, Stopping threads took: 0.0000179 seconds
[2019-12-09T03:30:12.548+0000][1][safepoint    ] Application time: 4.0007477 seconds
[2019-12-09T03:30:12.548+0000][1][safepoint    ] Entering safepoint region: Cleanup
[2019-12-09T03:30:12.548+0000][1][safepoint    ] Leaving safepoint region
[2019-12-09T03:30:12.548+0000][1][safepoint    ] Total time for which application threads were stopped: 0.0000902 seconds, Stopping threads took: 0.0000190 seconds
[2019-12-09T03:30:36.550+0000][1][safepoint    ] Application time: 24.0016039 seconds
[2019-12-09T03:30:36.550+0000][1][safepoint    ] Entering safepoint region: Cleanup
[2019-12-09T03:30:36.550+0000][1][safepoint    ] Leaving safepoint region
[2019-12-09T03:30:36.550+0000][1][safepoint    ] Total time for which application threads were stopped: 0.0000982 seconds, Stopping threads took: 0.0000260 seconds
[2019-12-09T03:30:46.551+0000][1][safepoint    ] Application time: 10.0006347 seconds
[2019-12-09T03:30:46.551+0000][1][safepoint    ] Entering safepoint region: Cleanup
[2019-12-09T03:30:46.551+0000][1][safepoint    ] Leaving safepoint region
[2019-12-09T03:30:46.551+0000][1][safepoint    ] Total time for which application threads were stopped: 0.0001021 seconds, Stopping threads took: 0.0000275 seconds
[2019-12-09T03:30:52.551+0000][1][safepoint    ] Application time: 6.0004058 seconds
[2019-12-09T03:30:52.551+0000][1][safepoint    ] Entering safepoint region: Cleanup
[2019-12-09T03:30:52.552+0000][1][safepoint    ] Leaving safepoint region
[2019-12-09T03:30:52.552+0000][1][safepoint    ] Total time for which application threads were stopped: 0.0000878 seconds, Stopping threads took: 0.0000179 seconds
[2019-12-09T03:31:02.552+0000][1][safepoint    ] Application time: 10.0006805 seconds
[2019-12-09T03:31:02.552+0000][1][safepoint    ] Entering safepoint region: Cleanup
[2019-12-09T03:31:02.552+0000][1][safepoint    ] Leaving safepoint region
[2019-12-09T03:31:02.552+0000][1][safepoint    ] Total time for which application threads were stopped: 0.0000955 seconds, Stopping threads took: 0.0000258 seconds
[2019-12-09T03:31:05.553+0000][1][safepoint    ] Application time: 3.0002107 seconds
[2019-12-09T03:31:05.553+0000][1][safepoint    ] Entering safepoint region: Cleanup
[2019-12-09T03:31:05.553+0000][1][safepoint    ] Leaving safepoint region
[2019-12-09T03:31:05.553+0000][1][safepoint    ] Total time for which application threads were stopped: 0.0001004 seconds, Stopping threads took: 0.0000180 seconds
[2019-12-09T03:31:06.553+0000][1][safepoint    ] Application time: 1.0000758 seconds
[2019-12-09T03:31:06.553+0000][1][safepoint    ] Entering safepoint region: Cleanup
[2019-12-09T03:31:06.553+0000][1][safepoint    ] Leaving safepoint region
[2019-12-09T03:31:06.553+0000][1][safepoint    ] Total time for which application threads were stopped: 0.0000968 seconds, Stopping threads took: 0.0000185 seconds
[2019-12-09T03:31:07.553+0000][1][safepoint    ] Application time: 1.0000766 seconds
[2019-12-09T03:31:07.553+0000][1][safepoint    ] Entering safepoint region: Cleanup
[2019-12-09T03:31:07.553+0000][1][safepoint    ] Leaving safepoint region
[2019-12-09T03:31:07.553+0000][1][safepoint    ] Total time for which application threads were stopped: 0.0000958 seconds, Stopping threads took: 0.0000176 seconds
[2019-12-09T03:31:19.554+0000][1][safepoint    ] Application time: 12.0008188 seconds
[2019-12-09T03:31:19.554+0000][1][safepoint    ] Entering safepoint region: Cleanup
[2019-12-09T03:31:19.554+0000][1][safepoint    ] Leaving safepoint region
[2019-12-09T03:31:19.554+0000][1][safepoint    ] Total time for which application threads were stopped: 0.0000878 seconds, Stopping threads took: 0.0000176 seconds
[2019-12-09T03:32:05.557+0000][1][safepoint    ] Application time: 46.0030814 seconds
[2019-12-09T03:32:05.557+0000][1][safepoint    ] Entering safepoint region: Cleanup
[2019-12-09T03:32:05.557+0000][1][safepoint    ] Leaving safepoint region
[2019-12-09T03:32:05.557+0000][1][safepoint    ] Total time for which application threads were stopped: 0.0000954 seconds, Stopping threads took: 0.0000254 seconds
[2019-12-09T03:32:08.558+0000][1][safepoint    ] Application time: 3.0002090 seconds
[2019-12-09T03:32:08.558+0000][1][safepoint    ] Entering safepoint region: Cleanup
[2019-12-09T03:32:08.558+0000][1][safepoint    ] Leaving safepoint region
[2019-12-09T03:32:08.558+0000][1][safepoint    ] Total time for which application threads were stopped: 0.0000853 seconds, Stopping threads took: 0.0000174 seconds
[2019-12-09T03:32:09.558+0000][1][safepoint    ] Application time: 1.0000778 seconds
[2019-12-09T03:32:09.558+0000][1][safepoint    ] Entering safepoint region: Cleanup
[2019-12-09T03:32:09.558+0000][1][safepoint    ] Leaving safepoint region
[2019-12-09T03:32:09.558+0000][1][safepoint    ] Total time for which application threads were stopped: 0.0000926 seconds, Stopping threads took: 0.0000185 seconds
[2019-12-09T03:32:11.558+0000][1][safepoint    ] Application time: 2.0001445 seconds
[2019-12-09T03:32:11.558+0000][1][safepoint    ] Entering safepoint region: Cleanup
[2019-12-09T03:32:11.558+0000][1][safepoint    ] Leaving safepoint region
[2019-12-09T03:32:11.558+0000][1][safepoint    ] Total time for which application threads were stopped: 0.0000917 seconds, Stopping threads took: 0.0000187 seconds
[2019-12-09T03:32:15.558+0000][1][safepoint    ] Application time: 4.0002808 seconds
[2019-12-09T03:32:15.558+0000][1][safepoint    ] Entering safepoint region: Cleanup
[2019-12-09T03:32:15.559+0000][1][safepoint    ] Leaving safepoint region
[2019-12-09T03:32:15.559+0000][1][safepoint    ] Total time for which application threads were stopped: 0.0000882 seconds, Stopping threads took: 0.0000184 seconds
[2019-12-09T03:32:15.598+0000][1][safepoint    ] Application time: 0.0395120 seconds
[2019-12-09T03:32:15.598+0000][1][safepoint    ] Entering safepoint region: GenCollectForAllocation
[2019-12-09T03:32:15.598+0000][1][gc,start     ] GC(28) Pause Young (Allocation Failure)
[2019-12-09T03:32:15.598+0000][1][gc,task      ] GC(28) Using 2 workers of 2 for evacuation
[2019-12-09T03:32:15.604+0000][1][gc,age       ] GC(28) Desired survivor size 4456448 bytes, new threshold 6 (max threshold 6)
[2019-12-09T03:32:15.604+0000][1][gc,age       ] GC(28) Age table with threshold 6 (max threshold 6)
[2019-12-09T03:32:15.604+0000][1][gc,age       ] GC(28) - age   1:      10008 bytes,      10008 total
[2019-12-09T03:32:15.604+0000][1][gc,age       ] GC(28) - age   2:       3288 bytes,      13296 total
[2019-12-09T03:32:15.604+0000][1][gc,age       ] GC(28) - age   3:       8048 bytes,      21344 total
[2019-12-09T03:32:15.604+0000][1][gc,age       ] GC(28) - age   4:      23232 bytes,      44576 total
[2019-12-09T03:32:15.604+0000][1][gc,age       ] GC(28) - age   5:    1692384 bytes,    1736960 total
[2019-12-09T03:32:15.604+0000][1][gc,heap      ] GC(28) ParNew: 72641K->2575K(78656K)
[2019-12-09T03:32:15.604+0000][1][gc,heap      ] GC(28) CMS: 67557K->67557K(174784K)
[2019-12-09T03:32:15.604+0000][1][gc,metaspace ] GC(28) Metaspace: 69001K->69001K(1112064K)
[2019-12-09T03:32:15.604+0000][1][gc           ] GC(28) Pause Young (Allocation Failure) 136M->68M(247M) 5.634ms
[2019-12-09T03:32:15.604+0000][1][gc,cpu       ] GC(28) User=0.01s Sys=0.00s Real=0.00s
[2019-12-09T03:32:15.604+0000][1][safepoint    ] Leaving safepoint region
[2019-12-09T03:32:15.604+0000][1][safepoint    ] Total time for which application threads were stopped: 0.0057744 seconds, Stopping threads took: 0.0000144 seconds
[2019-12-09T03:32:17.604+0000][1][safepoint    ] Application time: 2.0001471 seconds
[2019-12-09T03:32:17.604+0000][1][safepoint    ] Entering safepoint region: Cleanup
[2019-12-09T03:32:17.604+0000][1][safepoint    ] Leaving safepoint region
[2019-12-09T03:32:17.604+0000][1][safepoint    ] Total time for which application threads were stopped: 0.0000880 seconds, Stopping threads took: 0.0000175 seconds
[2019-12-09T03:32:19.604+0000][1][safepoint    ] Application time: 2.0001395 seconds
[2019-12-09T03:32:19.604+0000][1][safepoint    ] Entering safepoint region: Cleanup
[2019-12-09T03:32:19.604+0000][1][safepoint    ] Leaving safepoint region
[2019-12-09T03:32:19.604+0000][1][safepoint    ] Total time for which application threads were stopped: 0.0000873 seconds, Stopping threads took: 0.0000182 seconds
[2019-12-09T03:32:21.605+0000][1][safepoint    ] Application time: 2.0001415 seconds
[2019-12-09T03:32:21.605+0000][1][safepoint    ] Entering safepoint region: Cleanup
[2019-12-09T03:32:21.605+0000][1][safepoint    ] Leaving safepoint region
[2019-12-09T03:32:21.605+0000][1][safepoint    ] Total time for which application threads were stopped: 0.0001021 seconds, Stopping threads took: 0.0000184 seconds
[2019-12-09T03:32:22.605+0000][1][safepoint    ] Application time: 1.0000751 seconds
[2019-12-09T03:32:22.605+0000][1][safepoint    ] Entering safepoint region: Cleanup
[2019-12-09T03:32:22.605+0000][1][safepoint    ] Leaving safepoint region
[2019-12-09T03:32:22.605+0000][1][safepoint    ] Total time for which application threads were stopped: 0.0000934 seconds, Stopping threads took: 0.0000169 seconds
[2019-12-09T03:32:23.605+0000][1][safepoint    ] Application time: 1.0000762 seconds
[2019-12-09T03:32:23.605+0000][1][safepoint    ] Entering safepoint region: Cleanup
[2019-12-09T03:32:23.605+0000][1][safepoint    ] Leaving safepoint region
[2019-12-09T03:32:23.605+0000][1][safepoint    ] Total time for which application threads were stopped: 0.0000869 seconds, Stopping threads took: 0.0000174 seconds
[2019-12-09T03:32:38.606+0000][1][safepoint    ] Application time: 15.0009794 seconds
[2019-12-09T03:32:38.606+0000][1][safepoint    ] Entering safepoint region: Cleanup
[2019-12-09T03:32:38.606+0000][1][safepoint    ] Leaving safepoint region
[2019-12-09T03:32:38.606+0000][1][safepoint    ] Total time for which application threads were stopped: 0.0001015 seconds, Stopping threads took: 0.0000288 seconds
[2019-12-09T03:32:48.607+0000][1][safepoint    ] Application time: 10.0006799 seconds
[2019-12-09T03:32:48.607+0000][1][safepoint    ] Entering safepoint region: Cleanup
[2019-12-09T03:32:48.607+0000][1][safepoint    ] Leaving safepoint region
[2019-12-09T03:32:48.607+0000][1][safepoint    ] Total time for which application threads were stopped: 0.0000937 seconds, Stopping threads took: 0.0000257 seconds
[2019-12-09T03:32:51.607+0000][1][safepoint    ] Application time: 3.0002074 seconds
[2019-12-09T03:32:51.607+0000][1][safepoint    ] Entering safepoint region: Cleanup
[2019-12-09T03:32:51.607+0000][1][safepoint    ] Leaving safepoint region
[2019-12-09T03:32:51.607+0000][1][safepoint    ] Total time for which application threads were stopped: 0.0000957 seconds, Stopping threads took: 0.0000261 seconds
[2019-12-09T03:32:54.608+0000][1][safepoint    ] Application time: 3.0002062 seconds
[2019-12-09T03:32:54.608+0000][1][safepoint    ] Entering safepoint region: Cleanup
[2019-12-09T03:32:54.608+0000][1][safepoint    ] Leaving safepoint region
[2019-12-09T03:32:54.608+0000][1][safepoint    ] Total time for which application threads were stopped: 0.0001071 seconds, Stopping threads took: 0.0000383 seconds
[2019-12-09T03:32:56.608+0000][1][safepoint    ] Application time: 2.0001427 seconds
[2019-12-09T03:32:56.608+0000][1][safepoint    ] Entering safepoint region: Cleanup
[2019-12-09T03:32:56.608+0000][1][safepoint    ] Leaving safepoint region
[2019-12-09T03:32:56.608+0000][1][safepoint    ] Total time for which application threads were stopped: 0.0000913 seconds, Stopping threads took: 0.0000172 seconds
[2019-12-09T03:33:05.609+0000][1][safepoint    ] Application time: 9.0005861 seconds
[2019-12-09T03:33:05.609+0000][1][safepoint    ] Entering safepoint region: Cleanup
[2019-12-09T03:33:05.609+0000][1][safepoint    ] Leaving safepoint region
[2019-12-09T03:33:05.609+0000][1][safepoint    ] Total time for which application threads were stopped: 0.0000904 seconds, Stopping threads took: 0.0000189 seconds
[2019-12-09T03:33:12.609+0000][1][safepoint    ] Application time: 7.0004723 seconds
[2019-12-09T03:33:12.609+0000][1][safepoint    ] Entering safepoint region: Cleanup
[2019-12-09T03:33:12.609+0000][1][safepoint    ] Leaving safepoint region
[2019-12-09T03:33:12.609+0000][1][safepoint    ] Total time for which application threads were stopped: 0.0000873 seconds, Stopping threads took: 0.0000175 seconds
[2019-12-09T03:33:27.610+0000][1][safepoint    ] Application time: 15.0010076 seconds
[2019-12-09T03:33:27.610+0000][1][safepoint    ] Entering safepoint region: Cleanup
[2019-12-09T03:33:27.611+0000][1][safepoint    ] Leaving safepoint region
[2019-12-09T03:33:27.611+0000][1][safepoint    ] Total time for which application threads were stopped: 0.0000973 seconds, Stopping threads took: 0.0000266 seconds
[2019-12-09T03:33:30.611+0000][1][safepoint    ] Application time: 3.0002075 seconds
[2019-12-09T03:33:30.611+0000][1][safepoint    ] Entering safepoint region: Cleanup
[2019-12-09T03:33:30.611+0000][1][safepoint    ] Leaving safepoint region
[2019-12-09T03:33:30.611+0000][1][safepoint    ] Total time for which application threads were stopped: 0.0000932 seconds, Stopping threads took: 0.0000186 seconds
[2019-12-09T03:33:33.611+0000][1][safepoint    ] Application time: 3.0002088 seconds
[2019-12-09T03:33:33.611+0000][1][safepoint    ] Entering safepoint region: Cleanup
[2019-12-09T03:33:33.611+0000][1][safepoint    ] Leaving safepoint region
[2019-12-09T03:33:33.611+0000][1][safepoint    ] Total time for which application threads were stopped: 0.0000876 seconds, Stopping threads took: 0.0000176 seconds
[2019-12-09T03:33:34.611+0000][1][safepoint    ] Application time: 1.0000757 seconds
[2019-12-09T03:33:34.611+0000][1][safepoint    ] Entering safepoint region: Cleanup
[2019-12-09T03:33:34.611+0000][1][safepoint    ] Leaving safepoint region
[2019-12-09T03:33:34.611+0000][1][safepoint    ] Total time for which application threads were stopped: 0.0000872 seconds, Stopping threads took: 0.0000175 seconds
[2019-12-09T03:33:40.612+0000][1][safepoint    ] Application time: 6.0004113 seconds
[2019-12-09T03:33:40.612+0000][1][safepoint    ] Entering safepoint region: Cleanup
[2019-12-09T03:33:40.612+0000][1][safepoint    ] Leaving safepoint region
[2019-12-09T03:33:40.612+0000][1][safepoint    ] Total time for which application threads were stopped: 0.0000893 seconds, Stopping threads took: 0.0000178 seconds
[2019-12-09T03:33:42.612+0000][1][safepoint    ] Application time: 2.0001440 seconds
[2019-12-09T03:33:42.612+0000][1][safepoint    ] Entering safepoint region: Cleanup
[2019-12-09T03:33:42.612+0000][1][safepoint    ] Leaving safepoint region
[2019-12-09T03:33:42.612+0000][1][safepoint    ] Total time for which application threads were stopped: 0.0000932 seconds, Stopping threads took: 0.0000186 seconds
[2019-12-09T03:34:06.617+0000][1][safepoint    ] Application time: 24.0048487 seconds
[2019-12-09T03:34:06.617+0000][1][safepoint    ] Entering safepoint region: Cleanup
[2019-12-09T03:34:06.617+0000][1][safepoint    ] Leaving safepoint region
[2019-12-09T03:34:06.617+0000][1][safepoint    ] Total time for which application threads were stopped: 0.0000989 seconds, Stopping threads took: 0.0000251 seconds
[2019-12-09T03:34:15.618+0000][1][safepoint    ] Application time: 9.0006000 seconds
[2019-12-09T03:34:15.618+0000][1][safepoint    ] Entering safepoint region: Cleanup
[2019-12-09T03:34:15.618+0000][1][safepoint    ] Leaving safepoint region
[2019-12-09T03:34:15.618+0000][1][safepoint    ] Total time for which application threads were stopped: 0.0000867 seconds, Stopping threads took: 0.0000173 seconds
[2019-12-09T03:34:19.618+0000][1][safepoint    ] Application time: 4.0002757 seconds
[2019-12-09T03:34:19.618+0000][1][safepoint    ] Entering safepoint region: Cleanup
[2019-12-09T03:34:19.618+0000][1][safepoint    ] Leaving safepoint region
[2019-12-09T03:34:19.618+0000][1][safepoint    ] Total time for which application threads were stopped: 0.0000833 seconds, Stopping threads took: 0.0000175 seconds
[2019-12-09T03:34:25.619+0000][1][safepoint    ] Application time: 6.0004044 seconds
[2019-12-09T03:34:25.619+0000][1][safepoint    ] Entering safepoint region: Cleanup
[2019-12-09T03:34:25.619+0000][1][safepoint    ] Leaving safepoint region
[2019-12-09T03:34:25.619+0000][1][safepoint    ] Total time for which application threads were stopped: 0.0000954 seconds, Stopping threads took: 0.0000266 seconds
[2019-12-09T03:34:25.653+0000][1][safepoint    ] Application time: 0.0341946 seconds
[2019-12-09T03:34:25.653+0000][1][safepoint    ] Entering safepoint region: GenCollectForAllocation
[2019-12-09T03:34:25.653+0000][1][gc,start     ] GC(29) Pause Young (Allocation Failure)
[2019-12-09T03:34:25.653+0000][1][gc,task      ] GC(29) Using 2 workers of 2 for evacuation
[2019-12-09T03:34:25.659+0000][1][gc,age       ] GC(29) Desired survivor size 4456448 bytes, new threshold 6 (max threshold 6)
[2019-12-09T03:34:25.659+0000][1][gc,age       ] GC(29) Age table with threshold 6 (max threshold 6)
[2019-12-09T03:34:25.659+0000][1][gc,age       ] GC(29) - age   1:       7912 bytes,       7912 total
[2019-12-09T03:34:25.659+0000][1][gc,age       ] GC(29) - age   2:       4992 bytes,      12904 total
[2019-12-09T03:34:25.659+0000][1][gc,age       ] GC(29) - age   3:       3256 bytes,      16160 total
[2019-12-09T03:34:25.659+0000][1][gc,age       ] GC(29) - age   4:       8048 bytes,      24208 total
[2019-12-09T03:34:25.659+0000][1][gc,age       ] GC(29) - age   5:      23232 bytes,      47440 total
[2019-12-09T03:34:25.659+0000][1][gc,age       ] GC(29) - age   6:    1692384 bytes,    1739824 total
[2019-12-09T03:34:25.659+0000][1][gc,heap      ] GC(29) ParNew: 72527K->2552K(78656K)
[2019-12-09T03:34:25.659+0000][1][gc,heap      ] GC(29) CMS: 67557K->67557K(174784K)
[2019-12-09T03:34:25.659+0000][1][gc,metaspace ] GC(29) Metaspace: 69013K->69013K(1112064K)
[2019-12-09T03:34:25.659+0000][1][gc           ] GC(29) Pause Young (Allocation Failure) 136M->68M(247M) 5.531ms
[2019-12-09T03:34:25.659+0000][1][gc,cpu       ] GC(29) User=0.01s Sys=0.00s Real=0.01s
[2019-12-09T03:34:25.659+0000][1][safepoint    ] Leaving safepoint region
[2019-12-09T03:34:25.659+0000][1][safepoint    ] Total time for which application threads were stopped: 0.0056648 seconds, Stopping threads took: 0.0000126 seconds
[2019-12-09T03:34:26.659+0000][1][safepoint    ] Application time: 1.0000874 seconds
[2019-12-09T03:34:26.659+0000][1][safepoint    ] Entering safepoint region: Cleanup
[2019-12-09T03:34:26.659+0000][1][safepoint    ] Leaving safepoint region
[2019-12-09T03:34:26.659+0000][1][safepoint    ] Total time for which application threads were stopped: 0.0000913 seconds, Stopping threads took: 0.0000184 seconds
[2019-12-09T03:34:37.660+0000][1][safepoint    ] Application time: 11.0007421 seconds
[2019-12-09T03:34:37.660+0000][1][safepoint    ] Entering safepoint region: Cleanup
[2019-12-09T03:34:37.660+0000][1][safepoint    ] Leaving safepoint region
[2019-12-09T03:34:37.660+0000][1][safepoint    ] Total time for which application threads were stopped: 0.0000890 seconds, Stopping threads took: 0.0000174 seconds
[2019-12-09T03:34:44.660+0000][1][safepoint    ] Application time: 7.0004743 seconds
[2019-12-09T03:34:44.660+0000][1][safepoint    ] Entering safepoint region: Cleanup
[2019-12-09T03:34:44.660+0000][1][safepoint    ] Leaving safepoint region
[2019-12-09T03:34:44.661+0000][1][safepoint    ] Total time for which application threads were stopped: 0.0000898 seconds, Stopping threads took: 0.0000184 seconds
[2019-12-09T03:34:52.661+0000][1][safepoint    ] Application time: 8.0005438 seconds
[2019-12-09T03:34:52.661+0000][1][safepoint    ] Entering safepoint region: Cleanup
[2019-12-09T03:34:52.661+0000][1][safepoint    ] Leaving safepoint region
[2019-12-09T03:34:52.661+0000][1][safepoint    ] Total time for which application threads were stopped: 0.0000817 seconds, Stopping threads took: 0.0000168 seconds
[2019-12-09T03:35:18.663+0000][1][safepoint    ] Application time: 26.0019291 seconds
[2019-12-09T03:35:18.663+0000][1][safepoint    ] Entering safepoint region: Cleanup
[2019-12-09T03:35:18.663+0000][1][safepoint    ] Leaving safepoint region
[2019-12-09T03:35:18.663+0000][1][safepoint    ] Total time for which application threads were stopped: 0.0000863 seconds, Stopping threads took: 0.0000185 seconds
[2019-12-09T03:35:36.664+0000][1][safepoint    ] Application time: 18.0012332 seconds
[2019-12-09T03:35:36.665+0000][1][safepoint    ] Entering safepoint region: Cleanup
[2019-12-09T03:35:36.665+0000][1][safepoint    ] Leaving safepoint region
[2019-12-09T03:35:36.665+0000][1][safepoint    ] Total time for which application threads were stopped: 0.0000878 seconds, Stopping threads took: 0.0000182 seconds
[2019-12-09T03:35:40.665+0000][1][safepoint    ] Application time: 4.0002874 seconds
[2019-12-09T03:35:40.665+0000][1][safepoint    ] Entering safepoint region: Cleanup
[2019-12-09T03:35:40.665+0000][1][safepoint    ] Leaving safepoint region
[2019-12-09T03:35:40.665+0000][1][safepoint    ] Total time for which application threads were stopped: 0.0000850 seconds, Stopping threads took: 0.0000175 seconds
[2019-12-09T03:36:26.668+0000][1][safepoint    ] Application time: 46.0030880 seconds
[2019-12-09T03:36:26.668+0000][1][safepoint    ] Entering safepoint region: Cleanup
[2019-12-09T03:36:26.668+0000][1][safepoint    ] Leaving safepoint region
[2019-12-09T03:36:26.668+0000][1][safepoint    ] Total time for which application threads were stopped: 0.0000936 seconds, Stopping threads took: 0.0000252 seconds
[2019-12-09T03:36:29.668+0000][1][safepoint    ] Application time: 3.0002105 seconds
[2019-12-09T03:36:29.669+0000][1][safepoint    ] Entering safepoint region: Cleanup
[2019-12-09T03:36:29.669+0000][1][safepoint    ] Leaving safepoint region
[2019-12-09T03:36:29.669+0000][1][safepoint    ] Total time for which application threads were stopped: 0.0000862 seconds, Stopping threads took: 0.0000177 seconds
[2019-12-09T03:36:31.147+0000][1][safepoint    ] Application time: 1.4781784 seconds
[2019-12-09T03:36:31.147+0000][1][safepoint    ] Entering safepoint region: GenCollectForAllocation
[2019-12-09T03:36:31.147+0000][1][gc,start     ] GC(30) Pause Young (Allocation Failure)
[2019-12-09T03:36:31.147+0000][1][gc,task      ] GC(30) Using 2 workers of 2 for evacuation
[2019-12-09T03:36:31.154+0000][1][gc,age       ] GC(30) Desired survivor size 4456448 bytes, new threshold 6 (max threshold 6)
[2019-12-09T03:36:31.154+0000][1][gc,age       ] GC(30) Age table with threshold 6 (max threshold 6)
[2019-12-09T03:36:31.154+0000][1][gc,age       ] GC(30) - age   1:       5160 bytes,       5160 total
[2019-12-09T03:36:31.154+0000][1][gc,age       ] GC(30) - age   2:       3120 bytes,       8280 total
[2019-12-09T03:36:31.154+0000][1][gc,age       ] GC(30) - age   3:       4744 bytes,      13024 total
[2019-12-09T03:36:31.154+0000][1][gc,age       ] GC(30) - age   4:       3256 bytes,      16280 total
[2019-12-09T03:36:31.154+0000][1][gc,age       ] GC(30) - age   5:       8048 bytes,      24328 total
[2019-12-09T03:36:31.154+0000][1][gc,age       ] GC(30) - age   6:      23232 bytes,      47560 total
[2019-12-09T03:36:31.154+0000][1][gc,heap      ] GC(30) ParNew: 72490K->1699K(78656K)
[2019-12-09T03:36:31.154+0000][1][gc,heap      ] GC(30) CMS: 67557K->69257K(174784K)
[2019-12-09T03:36:31.154+0000][1][gc,metaspace ] GC(30) Metaspace: 69016K->69016K(1112064K)
[2019-12-09T03:36:31.154+0000][1][gc           ] GC(30) Pause Young (Allocation Failure) 136M->69M(247M) 7.408ms
[2019-12-09T03:36:31.154+0000][1][gc,cpu       ] GC(30) User=0.02s Sys=0.00s Real=0.00s
[2019-12-09T03:36:31.154+0000][1][safepoint    ] Leaving safepoint region
[2019-12-09T03:36:31.154+0000][1][safepoint    ] Total time for which application threads were stopped: 0.0076029 seconds, Stopping threads took: 0.0000505 seconds
[2019-12-09T03:36:35.155+0000][1][safepoint    ] Application time: 4.0002929 seconds
[2019-12-09T03:36:35.155+0000][1][safepoint    ] Entering safepoint region: Cleanup
[2019-12-09T03:36:35.155+0000][1][safepoint    ] Leaving safepoint region
[2019-12-09T03:36:35.155+0000][1][safepoint    ] Total time for which application threads were stopped: 0.0000785 seconds, Stopping threads took: 0.0000163 seconds
[2019-12-09T03:36:44.156+0000][1][safepoint    ] Application time: 9.0013208 seconds
[2019-12-09T03:36:44.156+0000][1][safepoint    ] Entering safepoint region: Cleanup
[2019-12-09T03:36:44.156+0000][1][safepoint    ] Leaving safepoint region
[2019-12-09T03:36:44.156+0000][1][safepoint    ] Total time for which application threads were stopped: 0.0001312 seconds, Stopping threads took: 0.0000411 seconds
[2019-12-09T03:36:54.231+0000][1][safepoint    ] Application time: 10.0745468 seconds
[2019-12-09T03:36:54.231+0000][1][safepoint    ] Entering safepoint region: RevokeBias
[2019-12-09T03:36:54.231+0000][1][safepoint    ] Leaving safepoint region
[2019-12-09T03:36:54.231+0000][1][safepoint    ] Total time for which application threads were stopped: 0.0001193 seconds, Stopping threads took: 0.0000206 seconds
[2019-12-09T03:36:54.231+0000][1][safepoint    ] Application time: 0.0001013 seconds
[2019-12-09T03:36:54.231+0000][1][safepoint    ] Entering safepoint region: RevokeBias
[2019-12-09T03:36:54.231+0000][1][safepoint    ] Leaving safepoint region
[2019-12-09T03:36:54.231+0000][1][safepoint    ] Total time for which application threads were stopped: 0.0000564 seconds, Stopping threads took: 0.0000153 seconds
[2019-12-09T03:36:54.239+0000][1][safepoint    ] Application time: 0.0075925 seconds
[2019-12-09T03:36:54.244+0000][1][safepoint    ] Entering safepoint region: RevokeBias
[2019-12-09T03:36:54.244+0000][1][safepoint    ] Leaving safepoint region
[2019-12-09T03:36:54.244+0000][1][safepoint    ] Total time for which application threads were stopped: 0.0049608 seconds, Stopping threads took: 0.0048629 seconds
[2019-12-09T03:36:54.248+0000][1][safepoint    ] Application time: 0.0043763 seconds
[2019-12-09T03:36:54.248+0000][1][safepoint    ] Entering safepoint region: RevokeBias
[2019-12-09T03:36:54.248+0000][1][safepoint    ] Leaving safepoint region
[2019-12-09T03:36:54.248+0000][1][safepoint    ] Total time for which application threads were stopped: 0.0000939 seconds, Stopping threads took: 0.0000164 seconds
[2019-12-09T03:36:54.257+0000][1][safepoint    ] Application time: 0.0084232 seconds
[2019-12-09T03:36:54.257+0000][1][safepoint    ] Entering safepoint region: RevokeBias
[2019-12-09T03:36:54.257+0000][1][safepoint    ] Leaving safepoint region
[2019-12-09T03:36:54.257+0000][1][safepoint    ] Total time for which application threads were stopped: 0.0000784 seconds, Stopping threads took: 0.0000138 seconds
[2019-12-09T03:36:54.260+0000][1][safepoint    ] Application time: 0.0034569 seconds
[2019-12-09T03:36:54.260+0000][1][safepoint    ] Entering safepoint region: RevokeBias
[2019-12-09T03:36:54.260+0000][1][safepoint    ] Leaving safepoint region
[2019-12-09T03:36:54.260+0000][1][safepoint    ] Total time for which application threads were stopped: 0.0000753 seconds, Stopping threads took: 0.0000150 seconds
[2019-12-09T03:36:54.268+0000][1][safepoint    ] Application time: 0.0074807 seconds
[2019-12-09T03:36:54.268+0000][1][safepoint    ] Entering safepoint region: RevokeBias
[2019-12-09T03:36:54.268+0000][1][safepoint    ] Leaving safepoint region
[2019-12-09T03:36:54.268+0000][1][safepoint    ] Total time for which application threads were stopped: 0.0000694 seconds, Stopping threads took: 0.0000128 seconds
[2019-12-09T03:36:54.268+0000][1][safepoint    ] Application time: 0.0001783 seconds
[2019-12-09T03:36:54.268+0000][1][safepoint    ] Entering safepoint region: RevokeBias
[2019-12-09T03:36:54.268+0000][1][safepoint    ] Leaving safepoint region
[2019-12-09T03:36:54.268+0000][1][safepoint    ] Total time for which application threads were stopped: 0.0000709 seconds, Stopping threads took: 0.0000097 seconds
[2019-12-09T03:36:54.276+0000][1][safepoint    ] Application time: 0.0080373 seconds
[2019-12-09T03:36:54.276+0000][1][safepoint    ] Entering safepoint region: RevokeBias
[2019-12-09T03:36:54.276+0000][1][safepoint    ] Leaving safepoint region
[2019-12-09T03:36:54.276+0000][1][safepoint    ] Total time for which application threads were stopped: 0.0000843 seconds, Stopping threads took: 0.0000150 seconds
[2019-12-09T03:36:54.280+0000][1][safepoint    ] Application time: 0.0034263 seconds
[2019-12-09T03:36:54.281+0000][1][safepoint    ] Entering safepoint region: RevokeBias
[2019-12-09T03:36:54.281+0000][1][safepoint    ] Leaving safepoint region
[2019-12-09T03:36:54.281+0000][1][safepoint    ] Total time for which application threads were stopped: 0.0015887 seconds, Stopping threads took: 0.0015137 seconds
[2019-12-09T03:36:54.287+0000][1][safepoint    ] Application time: 0.0059569 seconds
[2019-12-09T03:36:54.291+0000][1][safepoint    ] Entering safepoint region: RevokeBias
[2019-12-09T03:36:54.291+0000][1][safepoint    ] Leaving safepoint region
[2019-12-09T03:36:54.291+0000][1][safepoint    ] Total time for which application threads were stopped: 0.0033702 seconds, Stopping threads took: 0.0032557 seconds
[2019-12-09T03:36:54.292+0000][1][safepoint    ] Application time: 0.0013452 seconds
[2019-12-09T03:36:54.292+0000][1][safepoint    ] Entering safepoint region: RevokeBias
[2019-12-09T03:36:54.292+0000][1][safepoint    ] Leaving safepoint region
[2019-12-09T03:36:54.292+0000][1][safepoint    ] Total time for which application threads were stopped: 0.0000611 seconds, Stopping threads took: 0.0000152 seconds
[2019-12-09T03:36:54.292+0000][1][safepoint    ] Application time: 0.0000616 seconds
[2019-12-09T03:36:54.292+0000][1][safepoint    ] Entering safepoint region: RevokeBias
[2019-12-09T03:36:54.292+0000][1][safepoint    ] Leaving safepoint region
[2019-12-09T03:36:54.292+0000][1][safepoint    ] Total time for which application threads were stopped: 0.0000446 seconds, Stopping threads took: 0.0000088 seconds
[2019-12-09T03:36:54.292+0000][1][safepoint    ] Application time: 0.0000565 seconds
[2019-12-09T03:36:54.292+0000][1][safepoint    ] Entering safepoint region: RevokeBias
[2019-12-09T03:36:54.292+0000][1][safepoint    ] Leaving safepoint region
[2019-12-09T03:36:54.292+0000][1][safepoint    ] Total time for which application threads were stopped: 0.0000422 seconds, Stopping threads took: 0.0000083 seconds
[2019-12-09T03:36:54.293+0000][1][safepoint    ] Application time: 0.0001097 seconds
[2019-12-09T03:36:54.293+0000][1][safepoint    ] Entering safepoint region: RevokeBias
[2019-12-09T03:36:54.293+0000][1][safepoint    ] Leaving safepoint region
[2019-12-09T03:36:54.293+0000][1][safepoint    ] Total time for which application threads were stopped: 0.0000472 seconds, Stopping threads took: 0.0000088 seconds
[2019-12-09T03:36:54.293+0000][1][safepoint    ] Application time: 0.0000586 seconds
[2019-12-09T03:36:54.293+0000][1][safepoint    ] Entering safepoint region: RevokeBias
[2019-12-09T03:36:54.293+0000][1][safepoint    ] Leaving safepoint region
[2019-12-09T03:36:54.293+0000][1][safepoint    ] Total time for which application threads were stopped: 0.0000796 seconds, Stopping threads took: 0.0000089 seconds
[2019-12-09T03:36:54.293+0000][1][safepoint    ] Application time: 0.0002302 seconds
[2019-12-09T03:36:54.293+0000][1][safepoint    ] Entering safepoint region: RevokeBias
[2019-12-09T03:36:54.293+0000][1][safepoint    ] Leaving safepoint region
[2019-12-09T03:36:54.293+0000][1][safepoint    ] Total time for which application threads were stopped: 0.0000596 seconds, Stopping threads took: 0.0000113 seconds
[2019-12-09T03:36:54.293+0000][1][safepoint    ] Application time: 0.0000684 seconds
[2019-12-09T03:36:54.293+0000][1][safepoint    ] Entering safepoint region: RevokeBias
[2019-12-09T03:36:54.293+0000][1][safepoint    ] Leaving safepoint region
[2019-12-09T03:36:54.293+0000][1][safepoint    ] Total time for which application threads were stopped: 0.0000530 seconds, Stopping threads took: 0.0000098 seconds
[2019-12-09T03:36:54.294+0000][1][safepoint    ] Application time: 0.0012855 seconds
[2019-12-09T03:36:54.295+0000][1][safepoint    ] Entering safepoint region: RevokeBias
[2019-12-09T03:36:54.295+0000][1][safepoint    ] Leaving safepoint region
[2019-12-09T03:36:54.295+0000][1][safepoint    ] Total time for which application threads were stopped: 0.0000758 seconds, Stopping threads took: 0.0000146 seconds
[2019-12-09T03:36:54.348+0000][1][safepoint    ] Application time: 0.0535471 seconds
[2019-12-09T03:36:54.348+0000][1][safepoint    ] Entering safepoint region: RevokeBias
[2019-12-09T03:36:54.348+0000][1][safepoint    ] Leaving safepoint region
[2019-12-09T03:36:54.348+0000][1][safepoint    ] Total time for which application threads were stopped: 0.0001837 seconds, Stopping threads took: 0.0000167 seconds
[2019-12-09T03:36:54.359+0000][1][safepoint    ] Application time: 0.0107015 seconds
[2019-12-09T03:36:54.359+0000][1][safepoint    ] Entering safepoint region: RevokeBias
[2019-12-09T03:36:54.359+0000][1][safepoint    ] Leaving safepoint region
[2019-12-09T03:36:54.359+0000][1][safepoint    ] Total time for which application threads were stopped: 0.0000960 seconds, Stopping threads took: 0.0000162 seconds
[2019-12-09T03:36:54.359+0000][1][safepoint    ] Application time: 0.0002043 seconds
[2019-12-09T03:36:54.359+0000][1][safepoint    ] Entering safepoint region: RevokeBias
[2019-12-09T03:36:54.359+0000][1][safepoint    ] Leaving safepoint region
[2019-12-09T03:36:54.359+0000][1][safepoint    ] Total time for which application threads were stopped: 0.0000838 seconds, Stopping threads took: 0.0000160 seconds
[2019-12-09T03:36:54.360+0000][1][safepoint    ] Application time: 0.0001287 seconds
[2019-12-09T03:36:54.360+0000][1][safepoint    ] Entering safepoint region: RevokeBias
[2019-12-09T03:36:54.360+0000][1][safepoint    ] Leaving safepoint region
[2019-12-09T03:36:54.360+0000][1][safepoint    ] Total time for which application threads were stopped: 0.0000982 seconds, Stopping threads took: 0.0000103 seconds
[2019-12-09T03:36:54.360+0000][1][safepoint    ] Application time: 0.0002287 seconds
[2019-12-09T03:36:54.360+0000][1][safepoint    ] Entering safepoint region: RevokeBias
[2019-12-09T03:36:54.360+0000][1][safepoint    ] Leaving safepoint region
[2019-12-09T03:36:54.360+0000][1][safepoint    ] Total time for which application threads were stopped: 0.0000781 seconds, Stopping threads took: 0.0000115 seconds
[2019-12-09T03:36:54.362+0000][1][safepoint    ] Application time: 0.0022473 seconds
[2019-12-09T03:36:54.362+0000][1][safepoint    ] Entering safepoint region: RevokeBias
[2019-12-09T03:36:54.363+0000][1][safepoint    ] Leaving safepoint region
[2019-12-09T03:36:54.363+0000][1][safepoint    ] Total time for which application threads were stopped: 0.0002536 seconds, Stopping threads took: 0.0001265 seconds
[2019-12-09T03:36:54.363+0000][1][safepoint    ] Application time: 0.0003689 seconds
[2019-12-09T03:36:54.363+0000][1][safepoint    ] Entering safepoint region: RevokeBias
[2019-12-09T03:36:54.363+0000][1][safepoint    ] Leaving safepoint region
[2019-12-09T03:36:54.363+0000][1][safepoint    ] Total time for which application threads were stopped: 0.0001046 seconds, Stopping threads took: 0.0000128 seconds
[2019-12-09T03:36:54.382+0000][1][safepoint    ] Application time: 0.0184303 seconds
[2019-12-09T03:36:54.387+0000][1][safepoint    ] Entering safepoint region: RevokeBias
[2019-12-09T03:36:54.387+0000][1][safepoint    ] Leaving safepoint region
[2019-12-09T03:36:54.387+0000][1][safepoint    ] Total time for which application threads were stopped: 0.0053960 seconds, Stopping threads took: 0.0052534 seconds
[2019-12-09T03:36:54.387+0000][1][safepoint    ] Application time: 0.0004627 seconds
[2019-12-09T03:36:54.387+0000][1][safepoint    ] Entering safepoint region: RevokeBias
[2019-12-09T03:36:54.388+0000][1][safepoint    ] Leaving safepoint region
[2019-12-09T03:36:54.388+0000][1][safepoint    ] Total time for which application threads were stopped: 0.0001036 seconds, Stopping threads took: 0.0000127 seconds
[2019-12-09T03:36:54.388+0000][1][safepoint    ] Application time: 0.0003519 seconds
[2019-12-09T03:36:54.388+0000][1][safepoint    ] Entering safepoint region: RevokeBias
[2019-12-09T03:36:54.388+0000][1][safepoint    ] Leaving safepoint region
[2019-12-09T03:36:54.388+0000][1][safepoint    ] Total time for which application threads were stopped: 0.0000987 seconds, Stopping threads took: 0.0000120 seconds
[2019-12-09T03:36:54.388+0000][1][safepoint    ] Application time: 0.0000677 seconds
[2019-12-09T03:36:54.388+0000][1][safepoint    ] Entering safepoint region: RevokeBias
[2019-12-09T03:36:54.388+0000][1][safepoint    ] Leaving safepoint region
[2019-12-09T03:36:54.388+0000][1][safepoint    ] Total time for which application threads were stopped: 0.0000802 seconds, Stopping threads took: 0.0000101 seconds
[2019-12-09T03:36:54.395+0000][1][safepoint    ] Application time: 0.0072352 seconds
[2019-12-09T03:36:54.395+0000][1][safepoint    ] Entering safepoint region: RevokeBias
[2019-12-09T03:36:54.396+0000][1][safepoint    ] Leaving safepoint region
[2019-12-09T03:36:54.396+0000][1][safepoint    ] Total time for which application threads were stopped: 0.0000992 seconds, Stopping threads took: 0.0000129 seconds
[2019-12-09T03:36:54.396+0000][1][safepoint    ] Application time: 0.0004681 seconds
[2019-12-09T03:36:54.396+0000][1][safepoint    ] Entering safepoint region: RevokeBias
[2019-12-09T03:36:54.396+0000][1][safepoint    ] Leaving safepoint region
[2019-12-09T03:36:54.396+0000][1][safepoint    ] Total time for which application threads were stopped: 0.0001015 seconds, Stopping threads took: 0.0000177 seconds
[2019-12-09T03:36:54.397+0000][1][safepoint    ] Application time: 0.0008325 seconds
[2019-12-09T03:36:54.397+0000][1][safepoint    ] Entering safepoint region: RevokeBias
[2019-12-09T03:36:54.398+0000][1][safepoint    ] Leaving safepoint region
[2019-12-09T03:36:54.398+0000][1][safepoint    ] Total time for which application threads were stopped: 0.0006446 seconds, Stopping threads took: 0.0000126 seconds
[2019-12-09T03:36:54.399+0000][1][safepoint    ] Application time: 0.0016932 seconds
[2019-12-09T03:36:54.399+0000][1][safepoint    ] Entering safepoint region: RevokeBias
[2019-12-09T03:36:54.399+0000][1][safepoint    ] Leaving safepoint region
[2019-12-09T03:36:54.399+0000][1][safepoint    ] Total time for which application threads were stopped: 0.0000861 seconds, Stopping threads took: 0.0000142 seconds
[2019-12-09T03:36:54.400+0000][1][safepoint    ] Application time: 0.0000591 seconds
[2019-12-09T03:36:54.400+0000][1][safepoint    ] Entering safepoint region: RevokeBias
[2019-12-09T03:36:54.400+0000][1][safepoint    ] Leaving safepoint region
[2019-12-09T03:36:54.400+0000][1][safepoint    ] Total time for which application threads were stopped: 0.0000659 seconds, Stopping threads took: 0.0000102 seconds
[2019-12-09T03:36:54.400+0000][1][safepoint    ] Application time: 0.0000437 seconds
[2019-12-09T03:36:54.400+0000][1][safepoint    ] Entering safepoint region: RevokeBias
[2019-12-09T03:36:54.400+0000][1][safepoint    ] Leaving safepoint region
[2019-12-09T03:36:54.400+0000][1][safepoint    ] Total time for which application threads were stopped: 0.0000714 seconds, Stopping threads took: 0.0000144 seconds
[2019-12-09T03:36:54.642+0000][1][safepoint    ] Application time: 0.2420859 seconds
[2019-12-09T03:36:54.642+0000][1][safepoint    ] Entering safepoint region: RevokeBias
[2019-12-09T03:36:54.642+0000][1][safepoint    ] Leaving safepoint region
[2019-12-09T03:36:54.642+0000][1][safepoint    ] Total time for which application threads were stopped: 0.0001340 seconds, Stopping threads took: 0.0000199 seconds
[2019-12-09T03:36:54.644+0000][1][safepoint    ] Application time: 0.0022906 seconds
[2019-12-09T03:36:54.644+0000][1][safepoint    ] Entering safepoint region: RevokeBias
[2019-12-09T03:36:54.644+0000][1][safepoint    ] Leaving safepoint region
[2019-12-09T03:36:54.644+0000][1][safepoint    ] Total time for which application threads were stopped: 0.0000824 seconds, Stopping threads took: 0.0000158 seconds
[2019-12-09T03:36:54.644+0000][1][safepoint    ] Application time: 0.0000688 seconds
[2019-12-09T03:36:54.645+0000][1][safepoint    ] Entering safepoint region: RevokeBias
[2019-12-09T03:36:54.645+0000][1][safepoint    ] Leaving safepoint region
[2019-12-09T03:36:54.645+0000][1][safepoint    ] Total time for which application threads were stopped: 0.0000461 seconds, Stopping threads took: 0.0000080 seconds
[2019-12-09T03:36:54.645+0000][1][safepoint    ] Application time: 0.0000579 seconds
[2019-12-09T03:36:54.645+0000][1][safepoint    ] Entering safepoint region: RevokeBias
[2019-12-09T03:36:54.645+0000][1][safepoint    ] Leaving safepoint region
[2019-12-09T03:36:54.645+0000][1][safepoint    ] Total time for which application threads were stopped: 0.0000450 seconds, Stopping threads took: 0.0000079 seconds
[2019-12-09T03:36:54.645+0000][1][safepoint    ] Application time: 0.0001733 seconds
[2019-12-09T03:36:54.645+0000][1][safepoint    ] Entering safepoint region: RevokeBias
[2019-12-09T03:36:54.645+0000][1][safepoint    ] Leaving safepoint region
[2019-12-09T03:36:54.645+0000][1][safepoint    ] Total time for which application threads were stopped: 0.0000495 seconds, Stopping threads took: 0.0000090 seconds
[2019-12-09T03:36:54.645+0000][1][safepoint    ] Application time: 0.0000327 seconds
[2019-12-09T03:36:54.645+0000][1][safepoint    ] Entering safepoint region: RevokeBias
[2019-12-09T03:36:54.645+0000][1][safepoint    ] Leaving safepoint region
[2019-12-09T03:36:54.645+0000][1][safepoint    ] Total time for which application threads were stopped: 0.0000475 seconds, Stopping threads took: 0.0000119 seconds
[2019-12-09T03:36:54.646+0000][1][safepoint    ] Application time: 0.0006447 seconds
[2019-12-09T03:36:54.646+0000][1][safepoint    ] Entering safepoint region: RevokeBias
[2019-12-09T03:36:54.646+0000][1][safepoint    ] Leaving safepoint region
[2019-12-09T03:36:54.646+0000][1][safepoint    ] Total time for which application threads were stopped: 0.0000877 seconds, Stopping threads took: 0.0000332 seconds
[2019-12-09T03:36:54.646+0000][1][safepoint    ] Application time: 0.0000465 seconds
[2019-12-09T03:36:54.646+0000][1][safepoint    ] Entering safepoint region: RevokeBias
[2019-12-09T03:36:54.646+0000][1][safepoint    ] Leaving safepoint region
[2019-12-09T03:36:54.646+0000][1][safepoint    ] Total time for which application threads were stopped: 0.0000500 seconds, Stopping threads took: 0.0000091 seconds
[2019-12-09T03:36:54.646+0000][1][safepoint    ] Application time: 0.0000419 seconds
[2019-12-09T03:36:54.646+0000][1][safepoint    ] Entering safepoint region: RevokeBias
[2019-12-09T03:36:54.646+0000][1][safepoint    ] Leaving safepoint region
[2019-12-09T03:36:54.646+0000][1][safepoint    ] Total time for which application threads were stopped: 0.0000491 seconds, Stopping threads took: 0.0000089 seconds
[2019-12-09T03:36:54.647+0000][1][safepoint    ] Application time: 0.0005591 seconds
[2019-12-09T03:36:54.647+0000][1][safepoint    ] Entering safepoint region: RevokeBias
[2019-12-09T03:36:54.647+0000][1][safepoint    ] Leaving safepoint region
[2019-12-09T03:36:54.647+0000][1][safepoint    ] Total time for which application threads were stopped: 0.0000596 seconds, Stopping threads took: 0.0000126 seconds
[2019-12-09T03:36:54.647+0000][1][safepoint    ] Application time: 0.0000691 seconds
[2019-12-09T03:36:54.647+0000][1][safepoint    ] Entering safepoint region: RevokeBias
[2019-12-09T03:36:54.647+0000][1][safepoint    ] Leaving safepoint region
[2019-12-09T03:36:54.647+0000][1][safepoint    ] Total time for which application threads were stopped: 0.0000572 seconds, Stopping threads took: 0.0000093 seconds
[2019-12-09T03:36:54.647+0000][1][safepoint    ] Application time: 0.0000646 seconds
[2019-12-09T03:36:54.647+0000][1][safepoint    ] Entering safepoint region: RevokeBias
[2019-12-09T03:36:54.647+0000][1][safepoint    ] Leaving safepoint region
[2019-12-09T03:36:54.647+0000][1][safepoint    ] Total time for which application threads were stopped: 0.0000455 seconds, Stopping threads took: 0.0000084 seconds
[2019-12-09T03:36:54.647+0000][1][safepoint    ] Application time: 0.0000707 seconds
[2019-12-09T03:36:54.647+0000][1][safepoint    ] Entering safepoint region: RevokeBias
[2019-12-09T03:36:54.647+0000][1][safepoint    ] Leaving safepoint region
[2019-12-09T03:36:54.647+0000][1][safepoint    ] Total time for which application threads were stopped: 0.0000402 seconds, Stopping threads took: 0.0000077 seconds
[2019-12-09T03:36:54.648+0000][1][safepoint    ] Application time: 0.0007146 seconds
[2019-12-09T03:36:54.648+0000][1][safepoint    ] Entering safepoint region: RevokeBias
[2019-12-09T03:36:54.648+0000][1][safepoint    ] Leaving safepoint region
[2019-12-09T03:36:54.648+0000][1][safepoint    ] Total time for which application threads were stopped: 0.0000634 seconds, Stopping threads took: 0.0000120 seconds
[2019-12-09T03:36:54.648+0000][1][safepoint    ] Application time: 0.0003374 seconds
[2019-12-09T03:36:54.648+0000][1][safepoint    ] Entering safepoint region: BulkRevokeBias
[2019-12-09T03:36:54.649+0000][1][safepoint    ] Leaving safepoint region
[2019-12-09T03:36:54.649+0000][1][safepoint    ] Total time for which application threads were stopped: 0.0003413 seconds, Stopping threads took: 0.0000104 seconds
[2019-12-09T03:36:54.687+0000][1][safepoint    ] Application time: 0.0385575 seconds
[2019-12-09T03:36:54.687+0000][1][safepoint    ] Entering safepoint region: RevokeBias
[2019-12-09T03:36:54.687+0000][1][safepoint    ] Leaving safepoint region
[2019-12-09T03:36:54.687+0000][1][safepoint    ] Total time for which application threads were stopped: 0.0001218 seconds, Stopping threads took: 0.0000210 seconds
[2019-12-09T03:36:54.708+0000][1][safepoint    ] Application time: 0.0211306 seconds
[2019-12-09T03:36:54.708+0000][1][safepoint    ] Entering safepoint region: RevokeBias
[2019-12-09T03:36:54.708+0000][1][safepoint    ] Leaving safepoint region
[2019-12-09T03:36:54.708+0000][1][safepoint    ] Total time for which application threads were stopped: 0.0000732 seconds, Stopping threads took: 0.0000140 seconds
[2019-12-09T03:36:54.718+0000][1][safepoint    ] Application time: 0.0097783 seconds
[2019-12-09T03:36:54.718+0000][1][safepoint    ] Entering safepoint region: RevokeBias
[2019-12-09T03:36:54.718+0000][1][safepoint    ] Leaving safepoint region
[2019-12-09T03:36:54.718+0000][1][safepoint    ] Total time for which application threads were stopped: 0.0001189 seconds, Stopping threads took: 0.0000508 seconds
[2019-12-09T03:36:54.741+0000][1][safepoint    ] Application time: 0.0221752 seconds
[2019-12-09T03:36:54.741+0000][1][safepoint    ] Entering safepoint region: RevokeBias
[2019-12-09T03:36:54.741+0000][1][safepoint    ] Leaving safepoint region
[2019-12-09T03:36:54.741+0000][1][safepoint    ] Total time for which application threads were stopped: 0.0000992 seconds, Stopping threads took: 0.0000143 seconds
[2019-12-09T03:36:54.746+0000][1][safepoint    ] Application time: 0.0054300 seconds
[2019-12-09T03:36:54.748+0000][1][safepoint    ] Entering safepoint region: RevokeBias
[2019-12-09T03:36:54.748+0000][1][safepoint    ] Leaving safepoint region
[2019-12-09T03:36:54.748+0000][1][safepoint    ] Total time for which application threads were stopped: 0.0016012 seconds, Stopping threads took: 0.0015676 seconds
[2019-12-09T03:36:54.748+0000][1][safepoint    ] Application time: 0.0001979 seconds
[2019-12-09T03:36:54.748+0000][1][safepoint    ] Entering safepoint region: RevokeBias
[2019-12-09T03:36:54.748+0000][1][safepoint    ] Leaving safepoint region
[2019-12-09T03:36:54.748+0000][1][safepoint    ] Total time for which application threads were stopped: 0.0000300 seconds, Stopping threads took: 0.0000085 seconds
[2019-12-09T03:36:54.771+0000][1][safepoint    ] Application time: 0.0224774 seconds
[2019-12-09T03:36:54.771+0000][1][safepoint    ] Entering safepoint region: RevokeBias
[2019-12-09T03:36:54.771+0000][1][safepoint    ] Leaving safepoint region
[2019-12-09T03:36:54.771+0000][1][safepoint    ] Total time for which application threads were stopped: 0.0000630 seconds, Stopping threads took: 0.0000131 seconds
[2019-12-09T03:36:54.797+0000][1][gc,heap,exit ] Heap
[2019-12-09T03:36:54.797+0000][1][gc,heap,exit ]  par new generation   total 78656K, used 25957K [0x00000000f0000000, 0x00000000f5550000, 0x00000000f5550000)
[2019-12-09T03:36:54.797+0000][1][gc,heap,exit ]   eden space 69952K,  34% used [0x00000000f0000000, 0x00000000f17b07e8, 0x00000000f4450000)
[2019-12-09T03:36:54.797+0000][1][gc,heap,exit ]   from space 8704K,  19% used [0x00000000f4450000, 0x00000000f45f8e80, 0x00000000f4cd0000)
[2019-12-09T03:36:54.797+0000][1][gc,heap,exit ]   to   space 8704K,   0% used [0x00000000f4cd0000, 0x00000000f4cd0000, 0x00000000f5550000)
[2019-12-09T03:36:54.797+0000][1][gc,heap,exit ]  concurrent mark-sweep generation total 174784K, used 69257K [0x00000000f5550000, 0x0000000100000000, 0x0000000100000000)
[2019-12-09T03:36:54.797+0000][1][gc,heap,exit ]  Metaspace       used 69273K, capacity 74439K, committed 74752K, reserved 1112064K
[2019-12-09T03:36:54.797+0000][1][gc,heap,exit ]   class space    used 9344K, capacity 11563K, committed 11684K, reserved 1048576K
[2019-12-09T03:36:54.797+0000][1][safepoint    ] Application time: 0.0266617 seconds
[2019-12-09T03:36:54.797+0000][1][safepoint    ] Entering safepoint region: Exit
