[2019-12-09T02:25:02.465+0000][1][gc] Using Concurrent Mark Sweep
[2019-12-09T02:25:02.465+0000][1][gc,heap,coops] Heap address: 0x00000000f0000000, size: 256 MB, Compressed Oops mode: 32-bit
[2019-12-09T02:25:02.962+0000][1][safepoint    ] Entering safepoint region: EnableBiasedLocking
[2019-12-09T02:25:02.963+0000][1][safepoint    ] Leaving safepoint region
[2019-12-09T02:25:02.963+0000][1][safepoint    ] Total time for which application threads were stopped: 0.0849613 seconds, Stopping threads took: 0.0848677 seconds
[2019-12-09T02:25:02.973+0000][1][safepoint    ] Application time: 0.0059396 seconds
[2019-12-09T02:25:02.977+0000][1][safepoint    ] Entering safepoint region: RevokeBias
[2019-12-09T02:25:02.977+0000][1][safepoint    ] Leaving safepoint region
[2019-12-09T02:25:02.977+0000][1][safepoint    ] Total time for which application threads were stopped: 0.0040725 seconds, Stopping threads took: 0.0039973 seconds
[2019-12-09T02:25:03.119+0000][1][safepoint    ] Application time: 0.1425113 seconds
[2019-12-09T02:25:03.119+0000][1][safepoint    ] Entering safepoint region: Deoptimize
[2019-12-09T02:25:03.119+0000][1][safepoint    ] Leaving safepoint region
[2019-12-09T02:25:03.119+0000][1][safepoint    ] Total time for which application threads were stopped: 0.0000598 seconds, Stopping threads took: 0.0000105 seconds
[2019-12-09T02:25:03.341+0000][1][safepoint    ] Application time: 0.2219337 seconds
[2019-12-09T02:25:03.341+0000][1][safepoint    ] Entering safepoint region: RevokeBias
[2019-12-09T02:25:03.341+0000][1][safepoint    ] Leaving safepoint region
[2019-12-09T02:25:03.341+0000][1][safepoint    ] Total time for which application threads were stopped: 0.0000714 seconds, Stopping threads took: 0.0000104 seconds
[2019-12-09T02:25:03.471+0000][1][safepoint    ] Application time: 0.1291387 seconds
[2019-12-09T02:25:03.471+0000][1][safepoint    ] Entering safepoint region: Deoptimize
[2019-12-09T02:25:03.471+0000][1][safepoint    ] Leaving safepoint region
[2019-12-09T02:25:03.471+0000][1][safepoint    ] Total time for which application threads were stopped: 0.0001102 seconds, Stopping threads took: 0.0000095 seconds
[2019-12-09T02:25:04.473+0000][1][safepoint    ] Application time: 1.0019312 seconds
[2019-12-09T02:25:04.526+0000][1][safepoint    ] Entering safepoint region: Cleanup
[2019-12-09T02:25:04.526+0000][1][safepoint    ] Leaving safepoint region
[2019-12-09T02:25:04.526+0000][1][safepoint    ] Total time for which application threads were stopped: 0.0530747 seconds, Stopping threads took: 0.0529990 seconds
[2019-12-09T02:25:05.533+0000][1][safepoint    ] Application time: 1.0068834 seconds
[2019-12-09T02:25:05.608+0000][1][safepoint    ] Entering safepoint region: Cleanup
[2019-12-09T02:25:05.608+0000][1][safepoint    ] Leaving safepoint region
[2019-12-09T02:25:05.608+0000][1][safepoint    ] Total time for which application threads were stopped: 0.0750966 seconds, Stopping threads took: 0.0750365 seconds
[2019-12-09T02:25:06.146+0000][1][safepoint    ] Application time: 0.5379112 seconds
[2019-12-09T02:25:06.146+0000][1][safepoint    ] Entering safepoint region: Deoptimize
[2019-12-09T02:25:06.146+0000][1][safepoint    ] Leaving safepoint region
[2019-12-09T02:25:06.146+0000][1][safepoint    ] Total time for which application threads were stopped: 0.0001543 seconds, Stopping threads took: 0.0000103 seconds
[2019-12-09T02:25:06.370+0000][1][safepoint    ] Application time: 0.2240186 seconds
[2019-12-09T02:25:06.370+0000][1][safepoint    ] Entering safepoint region: Deoptimize
[2019-12-09T02:25:06.370+0000][1][safepoint    ] Leaving safepoint region
[2019-12-09T02:25:06.370+0000][1][safepoint    ] Total time for which application threads were stopped: 0.0001367 seconds, Stopping threads took: 0.0000105 seconds
[2019-12-09T02:25:06.625+0000][1][safepoint    ] Application time: 0.2551284 seconds
[2019-12-09T02:25:06.625+0000][1][safepoint    ] Entering safepoint region: Deoptimize
[2019-12-09T02:25:06.625+0000][1][safepoint    ] Leaving safepoint region
[2019-12-09T02:25:06.625+0000][1][safepoint    ] Total time for which application threads were stopped: 0.0001512 seconds, Stopping threads took: 0.0000101 seconds
[2019-12-09T02:25:06.656+0000][1][safepoint    ] Application time: 0.0307984 seconds
[2019-12-09T02:25:06.656+0000][1][safepoint    ] Entering safepoint region: Deoptimize
[2019-12-09T02:25:06.656+0000][1][safepoint    ] Leaving safepoint region
[2019-12-09T02:25:06.656+0000][1][safepoint    ] Total time for which application threads were stopped: 0.0001469 seconds, Stopping threads took: 0.0000118 seconds
[2019-12-09T02:25:07.677+0000][1][safepoint    ] Application time: 1.0208422 seconds
[2019-12-09T02:25:07.713+0000][1][safepoint    ] Entering safepoint region: Cleanup
[2019-12-09T02:25:07.713+0000][1][safepoint    ] Leaving safepoint region
[2019-12-09T02:25:07.713+0000][1][safepoint    ] Total time for which application threads were stopped: 0.0356905 seconds, Stopping threads took: 0.0356397 seconds
[2019-12-09T02:25:08.727+0000][1][safepoint    ] Application time: 1.0134720 seconds
[2019-12-09T02:25:08.727+0000][1][safepoint    ] Entering safepoint region: Cleanup
[2019-12-09T02:25:08.727+0000][1][safepoint    ] Leaving safepoint region
[2019-12-09T02:25:08.727+0000][1][safepoint    ] Total time for which application threads were stopped: 0.0001697 seconds, Stopping threads took: 0.0000838 seconds
[2019-12-09T02:25:09.453+0000][1][safepoint    ] Application time: 0.7264923 seconds
[2019-12-09T02:25:09.453+0000][1][safepoint    ] Entering safepoint region: Deoptimize
[2019-12-09T02:25:09.453+0000][1][safepoint    ] Leaving safepoint region
[2019-12-09T02:25:09.453+0000][1][safepoint    ] Total time for which application threads were stopped: 0.0002169 seconds, Stopping threads took: 0.0000123 seconds
[2019-12-09T02:25:10.454+0000][1][safepoint    ] Application time: 1.0002420 seconds
[2019-12-09T02:25:10.454+0000][1][safepoint    ] Entering safepoint region: Cleanup
[2019-12-09T02:25:10.454+0000][1][safepoint    ] Leaving safepoint region
[2019-12-09T02:25:10.454+0000][1][safepoint    ] Total time for which application threads were stopped: 0.0000500 seconds, Stopping threads took: 0.0000120 seconds
[2019-12-09T02:25:11.337+0000][1][safepoint    ] Application time: 0.8829283 seconds
[2019-12-09T02:25:11.337+0000][1][safepoint    ] Entering safepoint region: RevokeBias
[2019-12-09T02:25:11.337+0000][1][safepoint    ] Leaving safepoint region
[2019-12-09T02:25:11.337+0000][1][safepoint    ] Total time for which application threads were stopped: 0.0001293 seconds, Stopping threads took: 0.0000108 seconds
[2019-12-09T02:25:12.294+0000][1][safepoint    ] Application time: 0.9568356 seconds
[2019-12-09T02:25:12.294+0000][1][safepoint    ] Entering safepoint region: Deoptimize
[2019-12-09T02:25:12.294+0000][1][safepoint    ] Leaving safepoint region
[2019-12-09T02:25:12.294+0000][1][safepoint    ] Total time for which application threads were stopped: 0.0002477 seconds, Stopping threads took: 0.0000121 seconds
[2019-12-09T02:25:13.297+0000][1][safepoint    ] Application time: 1.0026972 seconds
[2019-12-09T02:25:13.297+0000][1][safepoint    ] Entering safepoint region: Cleanup
[2019-12-09T02:25:13.297+0000][1][safepoint    ] Leaving safepoint region
[2019-12-09T02:25:13.297+0000][1][safepoint    ] Total time for which application threads were stopped: 0.0000861 seconds, Stopping threads took: 0.0000251 seconds
[2019-12-09T02:25:13.336+0000][1][safepoint    ] Application time: 0.0387645 seconds
[2019-12-09T02:25:13.336+0000][1][safepoint    ] Entering safepoint region: Deoptimize
[2019-12-09T02:25:13.336+0000][1][safepoint    ] Leaving safepoint region
[2019-12-09T02:25:13.336+0000][1][safepoint    ] Total time for which application threads were stopped: 0.0002494 seconds, Stopping threads took: 0.0000111 seconds
[2019-12-09T02:25:13.361+0000][1][safepoint    ] Application time: 0.0249069 seconds
[2019-12-09T02:25:13.361+0000][1][safepoint    ] Entering safepoint region: Deoptimize
[2019-12-09T02:25:13.361+0000][1][safepoint    ] Leaving safepoint region
[2019-12-09T02:25:13.361+0000][1][safepoint    ] Total time for which application threads were stopped: 0.0002232 seconds, Stopping threads took: 0.0000100 seconds
[2019-12-09T02:25:13.562+0000][1][safepoint    ] Application time: 0.2009019 seconds
[2019-12-09T02:25:13.562+0000][1][safepoint    ] Entering safepoint region: Deoptimize
[2019-12-09T02:25:13.562+0000][1][safepoint    ] Leaving safepoint region
[2019-12-09T02:25:13.562+0000][1][safepoint    ] Total time for which application threads were stopped: 0.0002440 seconds, Stopping threads took: 0.0000126 seconds
[2019-12-09T02:25:13.645+0000][1][safepoint    ] Application time: 0.0826919 seconds
[2019-12-09T02:25:13.645+0000][1][safepoint    ] Entering safepoint region: RevokeBias
[2019-12-09T02:25:13.645+0000][1][safepoint    ] Leaving safepoint region
[2019-12-09T02:25:13.645+0000][1][safepoint    ] Total time for which application threads were stopped: 0.0001441 seconds, Stopping threads took: 0.0000463 seconds
[2019-12-09T02:25:13.645+0000][1][safepoint    ] Application time: 0.0002570 seconds
[2019-12-09T02:25:13.645+0000][1][safepoint    ] Entering safepoint region: RevokeBias
[2019-12-09T02:25:13.645+0000][1][safepoint    ] Leaving safepoint region
[2019-12-09T02:25:13.645+0000][1][safepoint    ] Total time for which application threads were stopped: 0.0000730 seconds, Stopping threads took: 0.0000106 seconds
[2019-12-09T02:25:13.655+0000][1][safepoint    ] Application time: 0.0092358 seconds
[2019-12-09T02:25:13.655+0000][1][safepoint    ] Entering safepoint region: RevokeBias
[2019-12-09T02:25:13.655+0000][1][safepoint    ] Leaving safepoint region
[2019-12-09T02:25:13.655+0000][1][safepoint    ] Total time for which application threads were stopped: 0.0000616 seconds, Stopping threads took: 0.0000117 seconds
[2019-12-09T02:25:13.655+0000][1][safepoint    ] Application time: 0.0000770 seconds
[2019-12-09T02:25:13.655+0000][1][safepoint    ] Entering safepoint region: RevokeBias
[2019-12-09T02:25:13.655+0000][1][safepoint    ] Leaving safepoint region
[2019-12-09T02:25:13.655+0000][1][safepoint    ] Total time for which application threads were stopped: 0.0000454 seconds, Stopping threads took: 0.0000079 seconds
[2019-12-09T02:25:13.655+0000][1][safepoint    ] Application time: 0.0001407 seconds
[2019-12-09T02:25:13.655+0000][1][safepoint    ] Entering safepoint region: RevokeBias
[2019-12-09T02:25:13.655+0000][1][safepoint    ] Leaving safepoint region
[2019-12-09T02:25:13.655+0000][1][safepoint    ] Total time for which application threads were stopped: 0.0000504 seconds, Stopping threads took: 0.0000081 seconds
[2019-12-09T02:25:13.655+0000][1][safepoint    ] Application time: 0.0002971 seconds
[2019-12-09T02:25:13.655+0000][1][safepoint    ] Entering safepoint region: RevokeBias
[2019-12-09T02:25:13.656+0000][1][safepoint    ] Leaving safepoint region
[2019-12-09T02:25:13.656+0000][1][safepoint    ] Total time for which application threads were stopped: 0.0000538 seconds, Stopping threads took: 0.0000091 seconds
[2019-12-09T02:25:14.664+0000][1][safepoint    ] Application time: 1.0081797 seconds
[2019-12-09T02:25:14.664+0000][1][safepoint    ] Entering safepoint region: Cleanup
[2019-12-09T02:25:14.664+0000][1][safepoint    ] Leaving safepoint region
[2019-12-09T02:25:14.664+0000][1][safepoint    ] Total time for which application threads were stopped: 0.0001077 seconds, Stopping threads took: 0.0000516 seconds
[2019-12-09T02:25:15.240+0000][1][safepoint    ] Application time: 0.5758242 seconds
[2019-12-09T02:25:15.256+0000][1][safepoint    ] Entering safepoint region: GenCollectForAllocation
[2019-12-09T02:25:15.256+0000][1][gc,start     ] GC(0) Pause Young (Allocation Failure)
[2019-12-09T02:25:15.256+0000][1][gc,task      ] GC(0) Using 2 workers of 2 for evacuation
[2019-12-09T02:25:15.408+0000][1][gc,age       ] GC(0) Desired survivor size 4456448 bytes, new threshold 1 (max threshold 6)
[2019-12-09T02:25:15.408+0000][1][gc,age       ] GC(0) Age table with threshold 1 (max threshold 6)
[2019-12-09T02:25:15.408+0000][1][gc,age       ] GC(0) - age   1:    6726160 bytes,    6726160 total
[2019-12-09T02:25:15.408+0000][1][gc,heap      ] GC(0) ParNew: 69952K->6616K(78656K)
[2019-12-09T02:25:15.408+0000][1][gc,heap      ] GC(0) CMS: 0K->0K(174784K)
[2019-12-09T02:25:15.408+0000][1][gc,metaspace ] GC(0) Metaspace: 12882K->12882K(1060864K)
[2019-12-09T02:25:15.408+0000][1][gc           ] GC(0) Pause Young (Allocation Failure) 68M->6M(247M) 152.350ms
[2019-12-09T02:25:15.408+0000][1][gc,cpu       ] GC(0) User=0.02s Sys=0.00s Real=0.15s
[2019-12-09T02:25:15.408+0000][1][safepoint    ] Leaving safepoint region
[2019-12-09T02:25:15.408+0000][1][safepoint    ] Total time for which application threads were stopped: 0.1684621 seconds, Stopping threads took: 0.0159886 seconds
[2019-12-09T02:25:15.416+0000][1][safepoint    ] Application time: 0.0076279 seconds
[2019-12-09T02:25:15.449+0000][1][safepoint    ] Entering safepoint region: RevokeBias
[2019-12-09T02:25:15.449+0000][1][safepoint    ] Leaving safepoint region
[2019-12-09T02:25:15.449+0000][1][safepoint    ] Total time for which application threads were stopped: 0.0333318 seconds, Stopping threads took: 0.0331791 seconds
[2019-12-09T02:25:15.449+0000][1][safepoint    ] Application time: 0.0001590 seconds
[2019-12-09T02:25:15.449+0000][1][safepoint    ] Entering safepoint region: RevokeBias
[2019-12-09T02:25:15.449+0000][1][safepoint    ] Leaving safepoint region
[2019-12-09T02:25:15.449+0000][1][safepoint    ] Total time for which application threads were stopped: 0.0000703 seconds, Stopping threads took: 0.0000104 seconds
[2019-12-09T02:25:15.450+0000][1][safepoint    ] Application time: 0.0000700 seconds
[2019-12-09T02:25:15.450+0000][1][safepoint    ] Entering safepoint region: RevokeBias
[2019-12-09T02:25:15.450+0000][1][safepoint    ] Leaving safepoint region
[2019-12-09T02:25:15.450+0000][1][safepoint    ] Total time for which application threads were stopped: 0.0000575 seconds, Stopping threads took: 0.0000096 seconds
[2019-12-09T02:25:15.450+0000][1][safepoint    ] Application time: 0.0000526 seconds
[2019-12-09T02:25:15.450+0000][1][safepoint    ] Entering safepoint region: RevokeBias
[2019-12-09T02:25:15.450+0000][1][safepoint    ] Leaving safepoint region
[2019-12-09T02:25:15.450+0000][1][safepoint    ] Total time for which application threads were stopped: 0.0000697 seconds, Stopping threads took: 0.0000226 seconds
[2019-12-09T02:25:15.450+0000][1][safepoint    ] Application time: 0.0000619 seconds
[2019-12-09T02:25:15.450+0000][1][safepoint    ] Entering safepoint region: RevokeBias
[2019-12-09T02:25:15.450+0000][1][safepoint    ] Leaving safepoint region
[2019-12-09T02:25:15.450+0000][1][safepoint    ] Total time for which application threads were stopped: 0.0000521 seconds, Stopping threads took: 0.0000083 seconds
[2019-12-09T02:25:15.450+0000][1][safepoint    ] Application time: 0.0000535 seconds
[2019-12-09T02:25:15.450+0000][1][safepoint    ] Entering safepoint region: RevokeBias
[2019-12-09T02:25:15.450+0000][1][safepoint    ] Leaving safepoint region
[2019-12-09T02:25:15.450+0000][1][safepoint    ] Total time for which application threads were stopped: 0.0000490 seconds, Stopping threads took: 0.0000085 seconds
[2019-12-09T02:25:15.450+0000][1][safepoint    ] Application time: 0.0000604 seconds
[2019-12-09T02:25:15.450+0000][1][safepoint    ] Entering safepoint region: RevokeBias
[2019-12-09T02:25:15.450+0000][1][safepoint    ] Leaving safepoint region
[2019-12-09T02:25:15.450+0000][1][safepoint    ] Total time for which application threads were stopped: 0.0000487 seconds, Stopping threads took: 0.0000085 seconds
[2019-12-09T02:25:15.450+0000][1][safepoint    ] Application time: 0.0000519 seconds
[2019-12-09T02:25:15.450+0000][1][safepoint    ] Entering safepoint region: RevokeBias
[2019-12-09T02:25:15.450+0000][1][safepoint    ] Leaving safepoint region
[2019-12-09T02:25:15.450+0000][1][safepoint    ] Total time for which application threads were stopped: 0.0000483 seconds, Stopping threads took: 0.0000076 seconds
[2019-12-09T02:25:15.450+0000][1][safepoint    ] Application time: 0.0000626 seconds
[2019-12-09T02:25:15.450+0000][1][safepoint    ] Entering safepoint region: RevokeBias
[2019-12-09T02:25:15.450+0000][1][safepoint    ] Leaving safepoint region
[2019-12-09T02:25:15.450+0000][1][safepoint    ] Total time for which application threads were stopped: 0.0000570 seconds, Stopping threads took: 0.0000157 seconds
[2019-12-09T02:25:15.450+0000][1][safepoint    ] Application time: 0.0000502 seconds
[2019-12-09T02:25:15.450+0000][1][safepoint    ] Entering safepoint region: RevokeBias
[2019-12-09T02:25:15.450+0000][1][safepoint    ] Leaving safepoint region
[2019-12-09T02:25:15.450+0000][1][safepoint    ] Total time for which application threads were stopped: 0.0000447 seconds, Stopping threads took: 0.0000079 seconds
[2019-12-09T02:25:15.451+0000][1][safepoint    ] Application time: 0.0000581 seconds
[2019-12-09T02:25:15.451+0000][1][safepoint    ] Entering safepoint region: RevokeBias
[2019-12-09T02:25:15.451+0000][1][safepoint    ] Leaving safepoint region
[2019-12-09T02:25:15.451+0000][1][safepoint    ] Total time for which application threads were stopped: 0.0000492 seconds, Stopping threads took: 0.0000079 seconds
[2019-12-09T02:25:15.451+0000][1][safepoint    ] Application time: 0.0000613 seconds
[2019-12-09T02:25:15.451+0000][1][safepoint    ] Entering safepoint region: RevokeBias
[2019-12-09T02:25:15.451+0000][1][safepoint    ] Leaving safepoint region
[2019-12-09T02:25:15.451+0000][1][safepoint    ] Total time for which application threads were stopped: 0.0000590 seconds, Stopping threads took: 0.0000088 seconds
[2019-12-09T02:25:15.451+0000][1][safepoint    ] Application time: 0.0000626 seconds
[2019-12-09T02:25:15.451+0000][1][safepoint    ] Entering safepoint region: RevokeBias
[2019-12-09T02:25:15.451+0000][1][safepoint    ] Leaving safepoint region
[2019-12-09T02:25:15.451+0000][1][safepoint    ] Total time for which application threads were stopped: 0.0000454 seconds, Stopping threads took: 0.0000077 seconds
[2019-12-09T02:25:15.451+0000][1][safepoint    ] Application time: 0.0000502 seconds
[2019-12-09T02:25:15.451+0000][1][safepoint    ] Entering safepoint region: RevokeBias
[2019-12-09T02:25:15.451+0000][1][safepoint    ] Leaving safepoint region
[2019-12-09T02:25:15.451+0000][1][safepoint    ] Total time for which application threads were stopped: 0.0000433 seconds, Stopping threads took: 0.0000073 seconds
[2019-12-09T02:25:15.451+0000][1][safepoint    ] Application time: 0.0000659 seconds
[2019-12-09T02:25:15.451+0000][1][safepoint    ] Entering safepoint region: RevokeBias
[2019-12-09T02:25:15.451+0000][1][safepoint    ] Leaving safepoint region
[2019-12-09T02:25:15.451+0000][1][safepoint    ] Total time for which application threads were stopped: 0.0000405 seconds, Stopping threads took: 0.0000070 seconds
[2019-12-09T02:25:15.451+0000][1][safepoint    ] Application time: 0.0000442 seconds
[2019-12-09T02:25:15.451+0000][1][safepoint    ] Entering safepoint region: RevokeBias
[2019-12-09T02:25:15.451+0000][1][safepoint    ] Leaving safepoint region
[2019-12-09T02:25:15.451+0000][1][safepoint    ] Total time for which application threads were stopped: 0.0000404 seconds, Stopping threads took: 0.0000071 seconds
[2019-12-09T02:25:15.451+0000][1][safepoint    ] Application time: 0.0000554 seconds
[2019-12-09T02:25:15.451+0000][1][safepoint    ] Entering safepoint region: RevokeBias
[2019-12-09T02:25:15.451+0000][1][safepoint    ] Leaving safepoint region
[2019-12-09T02:25:15.451+0000][1][safepoint    ] Total time for which application threads were stopped: 0.0000411 seconds, Stopping threads took: 0.0000070 seconds
[2019-12-09T02:25:15.451+0000][1][safepoint    ] Application time: 0.0000451 seconds
[2019-12-09T02:25:15.451+0000][1][safepoint    ] Entering safepoint region: RevokeBias
[2019-12-09T02:25:15.451+0000][1][safepoint    ] Leaving safepoint region
[2019-12-09T02:25:15.451+0000][1][safepoint    ] Total time for which application threads were stopped: 0.0000412 seconds, Stopping threads took: 0.0000069 seconds
[2019-12-09T02:25:15.452+0000][1][safepoint    ] Application time: 0.0000777 seconds
[2019-12-09T02:25:15.452+0000][1][safepoint    ] Entering safepoint region: RevokeBias
[2019-12-09T02:25:15.452+0000][1][safepoint    ] Leaving safepoint region
[2019-12-09T02:25:15.452+0000][1][safepoint    ] Total time for which application threads were stopped: 0.0000629 seconds, Stopping threads took: 0.0000135 seconds
[2019-12-09T02:25:15.452+0000][1][safepoint    ] Application time: 0.0000539 seconds
[2019-12-09T02:25:15.452+0000][1][safepoint    ] Entering safepoint region: RevokeBias
[2019-12-09T02:25:15.452+0000][1][safepoint    ] Leaving safepoint region
[2019-12-09T02:25:15.452+0000][1][safepoint    ] Total time for which application threads were stopped: 0.0000639 seconds, Stopping threads took: 0.0000079 seconds
[2019-12-09T02:25:15.452+0000][1][safepoint    ] Application time: 0.0000560 seconds
[2019-12-09T02:25:15.452+0000][1][safepoint    ] Entering safepoint region: RevokeBias
[2019-12-09T02:25:15.452+0000][1][safepoint    ] Leaving safepoint region
[2019-12-09T02:25:15.452+0000][1][safepoint    ] Total time for which application threads were stopped: 0.0000433 seconds, Stopping threads took: 0.0000071 seconds
[2019-12-09T02:25:15.452+0000][1][safepoint    ] Application time: 0.0000473 seconds
[2019-12-09T02:25:15.452+0000][1][safepoint    ] Entering safepoint region: RevokeBias
[2019-12-09T02:25:15.452+0000][1][safepoint    ] Leaving safepoint region
[2019-12-09T02:25:15.452+0000][1][safepoint    ] Total time for which application threads were stopped: 0.0000400 seconds, Stopping threads took: 0.0000069 seconds
[2019-12-09T02:25:15.452+0000][1][safepoint    ] Application time: 0.0000519 seconds
[2019-12-09T02:25:15.452+0000][1][safepoint    ] Entering safepoint region: RevokeBias
[2019-12-09T02:25:15.452+0000][1][safepoint    ] Leaving safepoint region
[2019-12-09T02:25:15.452+0000][1][safepoint    ] Total time for which application threads were stopped: 0.0000409 seconds, Stopping threads took: 0.0000070 seconds
[2019-12-09T02:25:15.452+0000][1][safepoint    ] Application time: 0.0000487 seconds
[2019-12-09T02:25:15.452+0000][1][safepoint    ] Entering safepoint region: RevokeBias
[2019-12-09T02:25:15.452+0000][1][safepoint    ] Leaving safepoint region
[2019-12-09T02:25:15.452+0000][1][safepoint    ] Total time for which application threads were stopped: 0.0000408 seconds, Stopping threads took: 0.0000079 seconds
[2019-12-09T02:25:15.452+0000][1][safepoint    ] Application time: 0.0000708 seconds
[2019-12-09T02:25:15.452+0000][1][safepoint    ] Entering safepoint region: RevokeBias
[2019-12-09T02:25:15.452+0000][1][safepoint    ] Leaving safepoint region
[2019-12-09T02:25:15.452+0000][1][safepoint    ] Total time for which application threads were stopped: 0.0000417 seconds, Stopping threads took: 0.0000075 seconds
[2019-12-09T02:25:15.452+0000][1][safepoint    ] Application time: 0.0000477 seconds
[2019-12-09T02:25:15.452+0000][1][safepoint    ] Entering safepoint region: RevokeBias
[2019-12-09T02:25:15.452+0000][1][safepoint    ] Leaving safepoint region
[2019-12-09T02:25:15.452+0000][1][safepoint    ] Total time for which application threads were stopped: 0.0000490 seconds, Stopping threads took: 0.0000076 seconds
[2019-12-09T02:25:15.453+0000][1][safepoint    ] Application time: 0.0002815 seconds
[2019-12-09T02:25:15.453+0000][1][safepoint    ] Entering safepoint region: RevokeBias
[2019-12-09T02:25:15.453+0000][1][safepoint    ] Leaving safepoint region
[2019-12-09T02:25:15.453+0000][1][safepoint    ] Total time for which application threads were stopped: 0.0000612 seconds, Stopping threads took: 0.0000101 seconds
[2019-12-09T02:25:15.453+0000][1][safepoint    ] Application time: 0.0000525 seconds
[2019-12-09T02:25:15.453+0000][1][safepoint    ] Entering safepoint region: RevokeBias
[2019-12-09T02:25:15.453+0000][1][safepoint    ] Leaving safepoint region
[2019-12-09T02:25:15.453+0000][1][safepoint    ] Total time for which application threads were stopped: 0.0000415 seconds, Stopping threads took: 0.0000071 seconds
[2019-12-09T02:25:15.453+0000][1][safepoint    ] Application time: 0.0000594 seconds
[2019-12-09T02:25:15.453+0000][1][safepoint    ] Entering safepoint region: RevokeBias
[2019-12-09T02:25:15.453+0000][1][safepoint    ] Leaving safepoint region
[2019-12-09T02:25:15.453+0000][1][safepoint    ] Total time for which application threads were stopped: 0.0000509 seconds, Stopping threads took: 0.0000127 seconds
[2019-12-09T02:25:15.453+0000][1][safepoint    ] Application time: 0.0000493 seconds
[2019-12-09T02:25:15.453+0000][1][safepoint    ] Entering safepoint region: RevokeBias
[2019-12-09T02:25:15.453+0000][1][safepoint    ] Leaving safepoint region
[2019-12-09T02:25:15.453+0000][1][safepoint    ] Total time for which application threads were stopped: 0.0000395 seconds, Stopping threads took: 0.0000069 seconds
[2019-12-09T02:25:15.928+0000][1][safepoint    ] Application time: 0.4753401 seconds
[2019-12-09T02:25:15.928+0000][1][safepoint    ] Entering safepoint region: Deoptimize
[2019-12-09T02:25:15.929+0000][1][safepoint    ] Leaving safepoint region
[2019-12-09T02:25:15.929+0000][1][safepoint    ] Total time for which application threads were stopped: 0.0004446 seconds, Stopping threads took: 0.0000132 seconds
[2019-12-09T02:25:16.934+0000][1][safepoint    ] Application time: 1.0047695 seconds
[2019-12-09T02:25:16.977+0000][1][safepoint    ] Entering safepoint region: Cleanup
[2019-12-09T02:25:16.977+0000][1][safepoint    ] Leaving safepoint region
[2019-12-09T02:25:16.977+0000][1][safepoint    ] Total time for which application threads were stopped: 0.0434540 seconds, Stopping threads took: 0.0433769 seconds
[2019-12-09T02:25:17.083+0000][1][safepoint    ] Application time: 0.1058651 seconds
[2019-12-09T02:25:17.083+0000][1][safepoint    ] Entering safepoint region: RevokeBias
[2019-12-09T02:25:17.083+0000][1][safepoint    ] Leaving safepoint region
[2019-12-09T02:25:17.083+0000][1][safepoint    ] Total time for which application threads were stopped: 0.0001218 seconds, Stopping threads took: 0.0000524 seconds
[2019-12-09T02:25:18.128+0000][1][safepoint    ] Application time: 1.0444752 seconds
[2019-12-09T02:25:18.128+0000][1][safepoint    ] Entering safepoint region: Cleanup
[2019-12-09T02:25:18.128+0000][1][safepoint    ] Leaving safepoint region
[2019-12-09T02:25:18.128+0000][1][safepoint    ] Total time for which application threads were stopped: 0.0001662 seconds, Stopping threads took: 0.0000968 seconds
[2019-12-09T02:25:18.757+0000][1][safepoint    ] Application time: 0.6287449 seconds
[2019-12-09T02:25:18.757+0000][1][safepoint    ] Entering safepoint region: GenCollectForAllocation
[2019-12-09T02:25:18.757+0000][1][gc,start     ] GC(1) Pause Young (Allocation Failure)
[2019-12-09T02:25:18.757+0000][1][gc,task      ] GC(1) Using 2 workers of 2 for evacuation
[2019-12-09T02:25:19.066+0000][1][gc,age       ] GC(1) Desired survivor size 4456448 bytes, new threshold 6 (max threshold 6)
[2019-12-09T02:25:19.066+0000][1][gc,age       ] GC(1) Age table with threshold 6 (max threshold 6)
[2019-12-09T02:25:19.066+0000][1][gc,age       ] GC(1) - age   1:    1203392 bytes,    1203392 total
[2019-12-09T02:25:19.066+0000][1][gc,heap      ] GC(1) ParNew: 76568K->4295K(78656K)
[2019-12-09T02:25:19.066+0000][1][gc,heap      ] GC(1) CMS: 0K->7042K(174784K)
[2019-12-09T02:25:19.066+0000][1][gc,metaspace ] GC(1) Metaspace: 14819K->14819K(1062912K)
[2019-12-09T02:25:19.066+0000][1][gc           ] GC(1) Pause Young (Allocation Failure) 74M->11M(247M) 309.285ms
[2019-12-09T02:25:19.066+0000][1][gc,cpu       ] GC(1) User=0.06s Sys=0.00s Real=0.31s
[2019-12-09T02:25:19.066+0000][1][safepoint    ] Leaving safepoint region
[2019-12-09T02:25:19.066+0000][1][safepoint    ] Total time for which application threads were stopped: 0.3094395 seconds, Stopping threads took: 0.0000134 seconds
[2019-12-09T02:25:19.070+0000][1][safepoint    ] Application time: 0.0037489 seconds
[2019-12-09T02:25:19.070+0000][1][safepoint    ] Entering safepoint region: BulkRevokeBias
[2019-12-09T02:25:19.070+0000][1][safepoint    ] Leaving safepoint region
[2019-12-09T02:25:19.070+0000][1][safepoint    ] Total time for which application threads were stopped: 0.0001844 seconds, Stopping threads took: 0.0000416 seconds
[2019-12-09T02:25:19.070+0000][1][safepoint    ] Application time: 0.0001187 seconds
[2019-12-09T02:25:19.070+0000][1][safepoint    ] Entering safepoint region: RevokeBias
[2019-12-09T02:25:19.070+0000][1][safepoint    ] Leaving safepoint region
[2019-12-09T02:25:19.070+0000][1][safepoint    ] Total time for which application threads were stopped: 0.0000595 seconds, Stopping threads took: 0.0000097 seconds
[2019-12-09T02:25:19.070+0000][1][safepoint    ] Application time: 0.0000674 seconds
[2019-12-09T02:25:19.070+0000][1][safepoint    ] Entering safepoint region: RevokeBias
[2019-12-09T02:25:19.070+0000][1][safepoint    ] Leaving safepoint region
[2019-12-09T02:25:19.070+0000][1][safepoint    ] Total time for which application threads were stopped: 0.0000495 seconds, Stopping threads took: 0.0000070 seconds
[2019-12-09T02:25:19.071+0000][1][safepoint    ] Application time: 0.0000449 seconds
[2019-12-09T02:25:19.071+0000][1][safepoint    ] Entering safepoint region: RevokeBias
[2019-12-09T02:25:19.071+0000][1][safepoint    ] Leaving safepoint region
[2019-12-09T02:25:19.071+0000][1][safepoint    ] Total time for which application threads were stopped: 0.0000483 seconds, Stopping threads took: 0.0000073 seconds
[2019-12-09T02:25:19.073+0000][1][safepoint    ] Application time: 0.0021779 seconds
[2019-12-09T02:25:19.073+0000][1][safepoint    ] Entering safepoint region: RevokeBias
[2019-12-09T02:25:19.073+0000][1][safepoint    ] Leaving safepoint region
[2019-12-09T02:25:19.073+0000][1][safepoint    ] Total time for which application threads were stopped: 0.0000739 seconds, Stopping threads took: 0.0000112 seconds
[2019-12-09T02:25:19.073+0000][1][safepoint    ] Application time: 0.0000621 seconds
[2019-12-09T02:25:19.073+0000][1][safepoint    ] Entering safepoint region: RevokeBias
[2019-12-09T02:25:19.073+0000][1][safepoint    ] Leaving safepoint region
[2019-12-09T02:25:19.073+0000][1][safepoint    ] Total time for which application threads were stopped: 0.0000567 seconds, Stopping threads took: 0.0000077 seconds
[2019-12-09T02:25:19.073+0000][1][safepoint    ] Application time: 0.0000754 seconds
[2019-12-09T02:25:19.073+0000][1][safepoint    ] Entering safepoint region: BulkRevokeBias
[2019-12-09T02:25:19.073+0000][1][safepoint    ] Leaving safepoint region
[2019-12-09T02:25:19.073+0000][1][safepoint    ] Total time for which application threads were stopped: 0.0000908 seconds, Stopping threads took: 0.0000078 seconds
[2019-12-09T02:25:19.073+0000][1][safepoint    ] Application time: 0.0000478 seconds
[2019-12-09T02:25:19.073+0000][1][safepoint    ] Entering safepoint region: RevokeBias
[2019-12-09T02:25:19.073+0000][1][safepoint    ] Leaving safepoint region
[2019-12-09T02:25:19.073+0000][1][safepoint    ] Total time for which application threads were stopped: 0.0000481 seconds, Stopping threads took: 0.0000074 seconds
[2019-12-09T02:25:19.073+0000][1][safepoint    ] Application time: 0.0000522 seconds
[2019-12-09T02:25:19.073+0000][1][safepoint    ] Entering safepoint region: BulkRevokeBias
[2019-12-09T02:25:19.073+0000][1][safepoint    ] Leaving safepoint region
[2019-12-09T02:25:19.073+0000][1][safepoint    ] Total time for which application threads were stopped: 0.0000650 seconds, Stopping threads took: 0.0000074 seconds
[2019-12-09T02:25:19.482+0000][1][safepoint    ] Application time: 0.4085252 seconds
[2019-12-09T02:25:19.482+0000][1][safepoint    ] Entering safepoint region: RevokeBias
[2019-12-09T02:25:19.482+0000][1][safepoint    ] Leaving safepoint region
[2019-12-09T02:25:19.482+0000][1][safepoint    ] Total time for which application threads were stopped: 0.0000979 seconds, Stopping threads took: 0.0000131 seconds
[2019-12-09T02:25:19.613+0000][1][safepoint    ] Application time: 0.1311394 seconds
[2019-12-09T02:25:19.613+0000][1][safepoint    ] Entering safepoint region: RevokeBias
[2019-12-09T02:25:19.613+0000][1][safepoint    ] Leaving safepoint region
[2019-12-09T02:25:19.613+0000][1][safepoint    ] Total time for which application threads were stopped: 0.0000807 seconds, Stopping threads took: 0.0000125 seconds
[2019-12-09T02:25:20.571+0000][1][safepoint    ] Application time: 0.9573608 seconds
[2019-12-09T02:25:20.571+0000][1][safepoint    ] Entering safepoint region: GenCollectForAllocation
[2019-12-09T02:25:20.571+0000][1][gc,start     ] GC(2) Pause Young (Allocation Failure)
[2019-12-09T02:25:20.571+0000][1][gc,task      ] GC(2) Using 2 workers of 2 for evacuation
[2019-12-09T02:25:20.636+0000][1][gc,age       ] GC(2) Desired survivor size 4456448 bytes, new threshold 6 (max threshold 6)
[2019-12-09T02:25:20.636+0000][1][gc,age       ] GC(2) Age table with threshold 6 (max threshold 6)
[2019-12-09T02:25:20.636+0000][1][gc,age       ] GC(2) - age   1:     695352 bytes,     695352 total
[2019-12-09T02:25:20.636+0000][1][gc,age       ] GC(2) - age   2:     933312 bytes,    1628664 total
[2019-12-09T02:25:20.636+0000][1][gc,heap      ] GC(2) ParNew: 74247K->2051K(78656K)
[2019-12-09T02:25:20.636+0000][1][gc,heap      ] GC(2) CMS: 7042K->7042K(174784K)
[2019-12-09T02:25:20.636+0000][1][gc,metaspace ] GC(2) Metaspace: 14923K->14923K(1062912K)
[2019-12-09T02:25:20.636+0000][1][gc           ] GC(2) Pause Young (Allocation Failure) 79M->8M(247M) 64.842ms
[2019-12-09T02:25:20.636+0000][1][gc,cpu       ] GC(2) User=0.01s Sys=0.00s Real=0.07s
[2019-12-09T02:25:20.636+0000][1][safepoint    ] Leaving safepoint region
[2019-12-09T02:25:20.636+0000][1][safepoint    ] Total time for which application threads were stopped: 0.0649873 seconds, Stopping threads took: 0.0000139 seconds
[2019-12-09T02:25:20.638+0000][1][safepoint    ] Application time: 0.0020538 seconds
[2019-12-09T02:25:20.654+0000][1][safepoint    ] Entering safepoint region: RevokeBias
[2019-12-09T02:25:20.654+0000][1][safepoint    ] Leaving safepoint region
[2019-12-09T02:25:20.654+0000][1][safepoint    ] Total time for which application threads were stopped: 0.0160122 seconds, Stopping threads took: 0.0159068 seconds
[2019-12-09T02:25:20.654+0000][1][safepoint    ] Application time: 0.0000732 seconds
[2019-12-09T02:25:20.654+0000][1][safepoint    ] Entering safepoint region: RevokeBias
[2019-12-09T02:25:20.654+0000][1][safepoint    ] Leaving safepoint region
[2019-12-09T02:25:20.654+0000][1][safepoint    ] Total time for which application threads were stopped: 0.0000613 seconds, Stopping threads took: 0.0000095 seconds
[2019-12-09T02:25:20.654+0000][1][safepoint    ] Application time: 0.0000648 seconds
[2019-12-09T02:25:20.654+0000][1][safepoint    ] Entering safepoint region: RevokeBias
[2019-12-09T02:25:20.654+0000][1][safepoint    ] Leaving safepoint region
[2019-12-09T02:25:20.654+0000][1][safepoint    ] Total time for which application threads were stopped: 0.0000560 seconds, Stopping threads took: 0.0000086 seconds
[2019-12-09T02:25:20.654+0000][1][safepoint    ] Application time: 0.0000497 seconds
[2019-12-09T02:25:20.654+0000][1][safepoint    ] Entering safepoint region: RevokeBias
[2019-12-09T02:25:20.654+0000][1][safepoint    ] Leaving safepoint region
[2019-12-09T02:25:20.654+0000][1][safepoint    ] Total time for which application threads were stopped: 0.0000520 seconds, Stopping threads took: 0.0000080 seconds
[2019-12-09T02:25:20.654+0000][1][safepoint    ] Application time: 0.0000552 seconds
[2019-12-09T02:25:20.654+0000][1][safepoint    ] Entering safepoint region: RevokeBias
[2019-12-09T02:25:20.654+0000][1][safepoint    ] Leaving safepoint region
[2019-12-09T02:25:20.654+0000][1][safepoint    ] Total time for which application threads were stopped: 0.0000542 seconds, Stopping threads took: 0.0000082 seconds
[2019-12-09T02:25:20.654+0000][1][safepoint    ] Application time: 0.0000492 seconds
[2019-12-09T02:25:20.654+0000][1][safepoint    ] Entering safepoint region: RevokeBias
[2019-12-09T02:25:20.655+0000][1][safepoint    ] Leaving safepoint region
[2019-12-09T02:25:20.655+0000][1][safepoint    ] Total time for which application threads were stopped: 0.0000505 seconds, Stopping threads took: 0.0000080 seconds
[2019-12-09T02:25:20.655+0000][1][safepoint    ] Application time: 0.0000543 seconds
[2019-12-09T02:25:20.655+0000][1][safepoint    ] Entering safepoint region: RevokeBias
[2019-12-09T02:25:20.655+0000][1][safepoint    ] Leaving safepoint region
[2019-12-09T02:25:20.655+0000][1][safepoint    ] Total time for which application threads were stopped: 0.0000609 seconds, Stopping threads took: 0.0000176 seconds
[2019-12-09T02:25:20.655+0000][1][safepoint    ] Application time: 0.0000652 seconds
[2019-12-09T02:25:20.655+0000][1][safepoint    ] Entering safepoint region: RevokeBias
[2019-12-09T02:25:20.655+0000][1][safepoint    ] Leaving safepoint region
[2019-12-09T02:25:20.655+0000][1][safepoint    ] Total time for which application threads were stopped: 0.0000549 seconds, Stopping threads took: 0.0000081 seconds
[2019-12-09T02:25:20.655+0000][1][safepoint    ] Application time: 0.0000561 seconds
[2019-12-09T02:25:20.655+0000][1][safepoint    ] Entering safepoint region: RevokeBias
[2019-12-09T02:25:20.655+0000][1][safepoint    ] Leaving safepoint region
[2019-12-09T02:25:20.655+0000][1][safepoint    ] Total time for which application threads were stopped: 0.0000517 seconds, Stopping threads took: 0.0000078 seconds
[2019-12-09T02:25:20.655+0000][1][safepoint    ] Application time: 0.0000496 seconds
[2019-12-09T02:25:20.655+0000][1][safepoint    ] Entering safepoint region: RevokeBias
[2019-12-09T02:25:20.655+0000][1][safepoint    ] Leaving safepoint region
[2019-12-09T02:25:20.655+0000][1][safepoint    ] Total time for which application threads were stopped: 0.0000512 seconds, Stopping threads took: 0.0000080 seconds
[2019-12-09T02:25:21.661+0000][1][safepoint    ] Application time: 1.0056663 seconds
[2019-12-09T02:25:21.678+0000][1][safepoint    ] Entering safepoint region: Cleanup
[2019-12-09T02:25:21.678+0000][1][safepoint    ] Leaving safepoint region
[2019-12-09T02:25:21.678+0000][1][safepoint    ] Total time for which application threads were stopped: 0.0171796 seconds, Stopping threads took: 0.0171025 seconds
[2019-12-09T02:25:21.857+0000][1][safepoint    ] Application time: 0.1793970 seconds
[2019-12-09T02:25:21.857+0000][1][safepoint    ] Entering safepoint region: Deoptimize
[2019-12-09T02:25:21.858+0000][1][safepoint    ] Leaving safepoint region
[2019-12-09T02:25:21.858+0000][1][safepoint    ] Total time for which application threads were stopped: 0.0003631 seconds, Stopping threads took: 0.0000134 seconds
[2019-12-09T02:25:21.867+0000][1][safepoint    ] Application time: 0.0095028 seconds
[2019-12-09T02:25:21.867+0000][1][safepoint    ] Entering safepoint region: Deoptimize
[2019-12-09T02:25:21.868+0000][1][safepoint    ] Leaving safepoint region
[2019-12-09T02:25:21.868+0000][1][safepoint    ] Total time for which application threads were stopped: 0.0003351 seconds, Stopping threads took: 0.0000132 seconds
[2019-12-09T02:25:22.870+0000][1][safepoint    ] Application time: 1.0021140 seconds
[2019-12-09T02:25:22.885+0000][1][safepoint    ] Entering safepoint region: Cleanup
[2019-12-09T02:25:22.885+0000][1][safepoint    ] Leaving safepoint region
[2019-12-09T02:25:22.885+0000][1][safepoint    ] Total time for which application threads were stopped: 0.0150597 seconds, Stopping threads took: 0.0149918 seconds
[2019-12-09T02:25:23.893+0000][1][safepoint    ] Application time: 1.0086654 seconds
[2019-12-09T02:25:23.929+0000][1][safepoint    ] Entering safepoint region: Cleanup
[2019-12-09T02:25:23.929+0000][1][safepoint    ] Leaving safepoint region
[2019-12-09T02:25:23.929+0000][1][safepoint    ] Total time for which application threads were stopped: 0.0355044 seconds, Stopping threads took: 0.0354385 seconds
[2019-12-09T02:25:24.563+0000][1][safepoint    ] Application time: 0.6344179 seconds
[2019-12-09T02:25:24.563+0000][1][safepoint    ] Entering safepoint region: RevokeBias
[2019-12-09T02:25:24.564+0000][1][safepoint    ] Leaving safepoint region
[2019-12-09T02:25:24.564+0000][1][safepoint    ] Total time for which application threads were stopped: 0.0000771 seconds, Stopping threads took: 0.0000132 seconds
[2019-12-09T02:25:24.683+0000][1][safepoint    ] Application time: 0.1192483 seconds
[2019-12-09T02:25:24.683+0000][1][safepoint    ] Entering safepoint region: GenCollectForAllocation
[2019-12-09T02:25:24.683+0000][1][gc,start     ] GC(3) Pause Young (Allocation Failure)
[2019-12-09T02:25:24.683+0000][1][gc,task      ] GC(3) Using 2 workers of 2 for evacuation
[2019-12-09T02:25:24.871+0000][1][gc,age       ] GC(3) Desired survivor size 4456448 bytes, new threshold 3 (max threshold 6)
[2019-12-09T02:25:24.871+0000][1][gc,age       ] GC(3) Age table with threshold 3 (max threshold 6)
[2019-12-09T02:25:24.871+0000][1][gc,age       ] GC(3) - age   1:    3647200 bytes,    3647200 total
[2019-12-09T02:25:24.871+0000][1][gc,age       ] GC(3) - age   2:     656688 bytes,    4303888 total
[2019-12-09T02:25:24.871+0000][1][gc,age       ] GC(3) - age   3:     931264 bytes,    5235152 total
[2019-12-09T02:25:24.871+0000][1][gc,heap      ] GC(3) ParNew: 72003K->5851K(78656K)
[2019-12-09T02:25:24.871+0000][1][gc,heap      ] GC(3) CMS: 7042K->7042K(174784K)
[2019-12-09T02:25:24.871+0000][1][gc,metaspace ] GC(3) Metaspace: 18489K->18489K(1067008K)
[2019-12-09T02:25:24.871+0000][1][gc           ] GC(3) Pause Young (Allocation Failure) 77M->12M(247M) 188.035ms
[2019-12-09T02:25:24.871+0000][1][gc,cpu       ] GC(3) User=0.03s Sys=0.00s Real=0.19s
[2019-12-09T02:25:24.871+0000][1][safepoint    ] Leaving safepoint region
[2019-12-09T02:25:24.871+0000][1][safepoint    ] Total time for which application threads were stopped: 0.1881698 seconds, Stopping threads took: 0.0000231 seconds
[2019-12-09T02:25:24.874+0000][1][safepoint    ] Application time: 0.0026908 seconds
[2019-12-09T02:25:24.985+0000][1][safepoint    ] Entering safepoint region: BulkRevokeBias
[2019-12-09T02:25:24.985+0000][1][safepoint    ] Leaving safepoint region
[2019-12-09T02:25:24.985+0000][1][safepoint    ] Total time for which application threads were stopped: 0.1113230 seconds, Stopping threads took: 0.1110668 seconds
[2019-12-09T02:25:24.986+0000][1][safepoint    ] Application time: 0.0007640 seconds
[2019-12-09T02:25:24.986+0000][1][safepoint    ] Entering safepoint region: RevokeBias
[2019-12-09T02:25:24.986+0000][1][safepoint    ] Leaving safepoint region
[2019-12-09T02:25:24.986+0000][1][safepoint    ] Total time for which application threads were stopped: 0.0000612 seconds, Stopping threads took: 0.0000103 seconds
[2019-12-09T02:25:24.986+0000][1][safepoint    ] Application time: 0.0000657 seconds
[2019-12-09T02:25:24.986+0000][1][safepoint    ] Entering safepoint region: RevokeBias
[2019-12-09T02:25:24.986+0000][1][safepoint    ] Leaving safepoint region
[2019-12-09T02:25:24.986+0000][1][safepoint    ] Total time for which application threads were stopped: 0.0000444 seconds, Stopping threads took: 0.0000069 seconds
[2019-12-09T02:25:24.986+0000][1][safepoint    ] Application time: 0.0000455 seconds
[2019-12-09T02:25:24.986+0000][1][safepoint    ] Entering safepoint region: RevokeBias
[2019-12-09T02:25:24.986+0000][1][safepoint    ] Leaving safepoint region
[2019-12-09T02:25:24.986+0000][1][safepoint    ] Total time for which application threads were stopped: 0.0000443 seconds, Stopping threads took: 0.0000067 seconds
[2019-12-09T02:25:24.986+0000][1][safepoint    ] Application time: 0.0000510 seconds
[2019-12-09T02:25:24.986+0000][1][safepoint    ] Entering safepoint region: RevokeBias
[2019-12-09T02:25:24.986+0000][1][safepoint    ] Leaving safepoint region
[2019-12-09T02:25:24.986+0000][1][safepoint    ] Total time for which application threads were stopped: 0.0000438 seconds, Stopping threads took: 0.0000074 seconds
[2019-12-09T02:25:24.986+0000][1][safepoint    ] Application time: 0.0000467 seconds
[2019-12-09T02:25:24.986+0000][1][safepoint    ] Entering safepoint region: RevokeBias
[2019-12-09T02:25:24.986+0000][1][safepoint    ] Leaving safepoint region
[2019-12-09T02:25:24.986+0000][1][safepoint    ] Total time for which application threads were stopped: 0.0000446 seconds, Stopping threads took: 0.0000073 seconds
[2019-12-09T02:25:24.986+0000][1][safepoint    ] Application time: 0.0000529 seconds
[2019-12-09T02:25:24.986+0000][1][safepoint    ] Entering safepoint region: RevokeBias
[2019-12-09T02:25:24.986+0000][1][safepoint    ] Leaving safepoint region
[2019-12-09T02:25:24.986+0000][1][safepoint    ] Total time for which application threads were stopped: 0.0000542 seconds, Stopping threads took: 0.0000167 seconds
[2019-12-09T02:25:24.987+0000][1][safepoint    ] Application time: 0.0000446 seconds
[2019-12-09T02:25:24.987+0000][1][safepoint    ] Entering safepoint region: RevokeBias
[2019-12-09T02:25:24.987+0000][1][safepoint    ] Leaving safepoint region
[2019-12-09T02:25:24.987+0000][1][safepoint    ] Total time for which application threads were stopped: 0.0000433 seconds, Stopping threads took: 0.0000070 seconds
[2019-12-09T02:25:24.987+0000][1][safepoint    ] Application time: 0.0000519 seconds
[2019-12-09T02:25:24.987+0000][1][safepoint    ] Entering safepoint region: RevokeBias
[2019-12-09T02:25:24.987+0000][1][safepoint    ] Leaving safepoint region
[2019-12-09T02:25:24.987+0000][1][safepoint    ] Total time for which application threads were stopped: 0.0000639 seconds, Stopping threads took: 0.0000070 seconds
[2019-12-09T02:25:24.987+0000][1][safepoint    ] Application time: 0.0000467 seconds
[2019-12-09T02:25:24.987+0000][1][safepoint    ] Entering safepoint region: RevokeBias
[2019-12-09T02:25:24.987+0000][1][safepoint    ] Leaving safepoint region
[2019-12-09T02:25:24.987+0000][1][safepoint    ] Total time for which application threads were stopped: 0.0000454 seconds, Stopping threads took: 0.0000074 seconds
[2019-12-09T02:25:24.987+0000][1][safepoint    ] Application time: 0.0000527 seconds
[2019-12-09T02:25:24.987+0000][1][safepoint    ] Entering safepoint region: RevokeBias
[2019-12-09T02:25:24.987+0000][1][safepoint    ] Leaving safepoint region
[2019-12-09T02:25:24.987+0000][1][safepoint    ] Total time for which application threads were stopped: 0.0000443 seconds, Stopping threads took: 0.0000072 seconds
[2019-12-09T02:25:24.989+0000][1][safepoint    ] Application time: 0.0016947 seconds
[2019-12-09T02:25:24.989+0000][1][safepoint    ] Entering safepoint region: RevokeBias
[2019-12-09T02:25:24.989+0000][1][safepoint    ] Leaving safepoint region
[2019-12-09T02:25:24.989+0000][1][safepoint    ] Total time for which application threads were stopped: 0.0000753 seconds, Stopping threads took: 0.0000260 seconds
[2019-12-09T02:25:24.989+0000][1][safepoint    ] Application time: 0.0000529 seconds
[2019-12-09T02:25:24.989+0000][1][safepoint    ] Entering safepoint region: RevokeBias
[2019-12-09T02:25:24.989+0000][1][safepoint    ] Leaving safepoint region
[2019-12-09T02:25:24.989+0000][1][safepoint    ] Total time for which application threads were stopped: 0.0000480 seconds, Stopping threads took: 0.0000076 seconds
[2019-12-09T02:25:24.989+0000][1][safepoint    ] Application time: 0.0000644 seconds
[2019-12-09T02:25:24.989+0000][1][safepoint    ] Entering safepoint region: RevokeBias
[2019-12-09T02:25:24.989+0000][1][safepoint    ] Leaving safepoint region
[2019-12-09T02:25:24.989+0000][1][safepoint    ] Total time for which application threads were stopped: 0.0000465 seconds, Stopping threads took: 0.0000071 seconds
[2019-12-09T02:25:24.989+0000][1][safepoint    ] Application time: 0.0000468 seconds
[2019-12-09T02:25:24.989+0000][1][safepoint    ] Entering safepoint region: RevokeBias
[2019-12-09T02:25:24.989+0000][1][safepoint    ] Leaving safepoint region
[2019-12-09T02:25:24.989+0000][1][safepoint    ] Total time for which application threads were stopped: 0.0000456 seconds, Stopping threads took: 0.0000073 seconds
[2019-12-09T02:25:25.452+0000][1][safepoint    ] Application time: 0.4625061 seconds
[2019-12-09T02:25:25.452+0000][1][safepoint    ] Entering safepoint region: GenCollectForAllocation
[2019-12-09T02:25:25.452+0000][1][gc,start     ] GC(4) Pause Young (Allocation Failure)
[2019-12-09T02:25:25.452+0000][1][gc,task      ] GC(4) Using 2 workers of 2 for evacuation
[2019-12-09T02:25:25.725+0000][1][gc,age       ] GC(4) Desired survivor size 4456448 bytes, new threshold 2 (max threshold 6)
[2019-12-09T02:25:25.725+0000][1][gc,age       ] GC(4) Age table with threshold 2 (max threshold 6)
[2019-12-09T02:25:25.725+0000][1][gc,age       ] GC(4) - age   1:    2019240 bytes,    2019240 total
[2019-12-09T02:25:25.725+0000][1][gc,age       ] GC(4) - age   2:    3080984 bytes,    5100224 total
[2019-12-09T02:25:25.725+0000][1][gc,age       ] GC(4) - age   3:     656184 bytes,    5756408 total
[2019-12-09T02:25:25.725+0000][1][gc,heap      ] GC(4) ParNew: 75803K->7716K(78656K)
[2019-12-09T02:25:25.725+0000][1][gc,heap      ] GC(4) CMS: 7042K->7965K(174784K)
[2019-12-09T02:25:25.725+0000][1][gc,metaspace ] GC(4) Metaspace: 18708K->18708K(1067008K)
[2019-12-09T02:25:25.725+0000][1][gc           ] GC(4) Pause Young (Allocation Failure) 80M->15M(247M) 273.281ms
[2019-12-09T02:25:25.725+0000][1][gc,cpu       ] GC(4) User=0.04s Sys=0.00s Real=0.28s
[2019-12-09T02:25:25.725+0000][1][safepoint    ] Leaving safepoint region
[2019-12-09T02:25:25.725+0000][1][safepoint    ] Total time for which application threads were stopped: 0.2734379 seconds, Stopping threads took: 0.0000132 seconds
[2019-12-09T02:25:25.727+0000][1][safepoint    ] Application time: 0.0017409 seconds
[2019-12-09T02:25:25.727+0000][1][safepoint    ] Entering safepoint region: RevokeBias
[2019-12-09T02:25:25.727+0000][1][safepoint    ] Leaving safepoint region
[2019-12-09T02:25:25.727+0000][1][safepoint    ] Total time for which application threads were stopped: 0.0001032 seconds, Stopping threads took: 0.0000136 seconds
[2019-12-09T02:25:25.727+0000][1][safepoint    ] Application time: 0.0000642 seconds
[2019-12-09T02:25:25.727+0000][1][safepoint    ] Entering safepoint region: RevokeBias
[2019-12-09T02:25:25.727+0000][1][safepoint    ] Leaving safepoint region
[2019-12-09T02:25:25.727+0000][1][safepoint    ] Total time for which application threads were stopped: 0.0000696 seconds, Stopping threads took: 0.0000093 seconds
[2019-12-09T02:25:25.727+0000][1][safepoint    ] Application time: 0.0000603 seconds
[2019-12-09T02:25:25.727+0000][1][safepoint    ] Entering safepoint region: RevokeBias
[2019-12-09T02:25:25.727+0000][1][safepoint    ] Leaving safepoint region
[2019-12-09T02:25:25.727+0000][1][safepoint    ] Total time for which application threads were stopped: 0.0000510 seconds, Stopping threads took: 0.0000082 seconds
[2019-12-09T02:25:25.727+0000][1][safepoint    ] Application time: 0.0000505 seconds
[2019-12-09T02:25:25.727+0000][1][safepoint    ] Entering safepoint region: RevokeBias
[2019-12-09T02:25:25.727+0000][1][safepoint    ] Leaving safepoint region
[2019-12-09T02:25:25.727+0000][1][safepoint    ] Total time for which application threads were stopped: 0.0000531 seconds, Stopping threads took: 0.0000082 seconds
[2019-12-09T02:25:25.804+0000][1][safepoint    ] Application time: 0.0765624 seconds
[2019-12-09T02:25:25.804+0000][1][safepoint    ] Entering safepoint region: Deoptimize
[2019-12-09T02:25:25.804+0000][1][safepoint    ] Leaving safepoint region
[2019-12-09T02:25:25.804+0000][1][safepoint    ] Total time for which application threads were stopped: 0.0004376 seconds, Stopping threads took: 0.0000135 seconds
[2019-12-09T02:25:26.397+0000][1][safepoint    ] Application time: 0.5923880 seconds
[2019-12-09T02:25:26.397+0000][1][safepoint    ] Entering safepoint region: Deoptimize
[2019-12-09T02:25:26.397+0000][1][safepoint    ] Leaving safepoint region
[2019-12-09T02:25:26.397+0000][1][safepoint    ] Total time for which application threads were stopped: 0.0004617 seconds, Stopping threads took: 0.0000134 seconds
[2019-12-09T02:25:26.434+0000][1][safepoint    ] Application time: 0.0364309 seconds
[2019-12-09T02:25:26.434+0000][1][safepoint    ] Entering safepoint region: RevokeBias
[2019-12-09T02:25:26.434+0000][1][safepoint    ] Leaving safepoint region
[2019-12-09T02:25:26.434+0000][1][safepoint    ] Total time for which application threads were stopped: 0.0000772 seconds, Stopping threads took: 0.0000140 seconds
[2019-12-09T02:25:26.439+0000][1][safepoint    ] Application time: 0.0049844 seconds
[2019-12-09T02:25:26.439+0000][1][safepoint    ] Entering safepoint region: RevokeBias
[2019-12-09T02:25:26.439+0000][1][safepoint    ] Leaving safepoint region
[2019-12-09T02:25:26.439+0000][1][safepoint    ] Total time for which application threads were stopped: 0.0000714 seconds, Stopping threads took: 0.0000116 seconds
[2019-12-09T02:25:27.296+0000][1][safepoint    ] Application time: 0.8575093 seconds
[2019-12-09T02:25:27.296+0000][1][safepoint    ] Entering safepoint region: GenCollectForAllocation
[2019-12-09T02:25:27.297+0000][1][gc,start     ] GC(5) Pause Young (Allocation Failure)
[2019-12-09T02:25:27.297+0000][1][gc,task      ] GC(5) Using 2 workers of 2 for evacuation
[2019-12-09T02:25:27.427+0000][1][gc,age       ] GC(5) Desired survivor size 4456448 bytes, new threshold 6 (max threshold 6)
[2019-12-09T02:25:27.427+0000][1][gc,age       ] GC(5) Age table with threshold 6 (max threshold 6)
[2019-12-09T02:25:27.427+0000][1][gc,age       ] GC(5) - age   1:    2869704 bytes,    2869704 total
[2019-12-09T02:25:27.427+0000][1][gc,age       ] GC(5) - age   2:     442336 bytes,    3312040 total
[2019-12-09T02:25:27.427+0000][1][gc,heap      ] GC(5) ParNew: 77668K->5180K(78656K)
[2019-12-09T02:25:27.427+0000][1][gc,heap      ] GC(5) CMS: 7965K->11645K(174784K)
[2019-12-09T02:25:27.427+0000][1][gc,metaspace ] GC(5) Metaspace: 19047K->19047K(1067008K)
[2019-12-09T02:25:27.427+0000][1][gc           ] GC(5) Pause Young (Allocation Failure) 83M->16M(247M) 130.476ms
[2019-12-09T02:25:27.427+0000][1][gc,cpu       ] GC(5) User=0.03s Sys=0.00s Real=0.13s
[2019-12-09T02:25:27.427+0000][1][safepoint    ] Leaving safepoint region
[2019-12-09T02:25:27.427+0000][1][safepoint    ] Total time for which application threads were stopped: 0.1306340 seconds, Stopping threads took: 0.0000143 seconds
[2019-12-09T02:25:27.437+0000][1][safepoint    ] Application time: 0.0096893 seconds
[2019-12-09T02:25:27.540+0000][1][safepoint    ] Entering safepoint region: RevokeBias
[2019-12-09T02:25:27.540+0000][1][safepoint    ] Leaving safepoint region
[2019-12-09T02:25:27.540+0000][1][safepoint    ] Total time for which application threads were stopped: 0.1029701 seconds, Stopping threads took: 0.1028917 seconds
[2019-12-09T02:25:27.544+0000][1][safepoint    ] Application time: 0.0038867 seconds
[2019-12-09T02:25:27.544+0000][1][safepoint    ] Entering safepoint region: RevokeBias
[2019-12-09T02:25:27.544+0000][1][safepoint    ] Leaving safepoint region
[2019-12-09T02:25:27.544+0000][1][safepoint    ] Total time for which application threads were stopped: 0.0001130 seconds, Stopping threads took: 0.0000466 seconds
[2019-12-09T02:25:27.549+0000][1][safepoint    ] Application time: 0.0048465 seconds
[2019-12-09T02:25:27.549+0000][1][safepoint    ] Entering safepoint region: RevokeBias
[2019-12-09T02:25:27.549+0000][1][safepoint    ] Leaving safepoint region
[2019-12-09T02:25:27.549+0000][1][safepoint    ] Total time for which application threads were stopped: 0.0000784 seconds, Stopping threads took: 0.0000121 seconds
[2019-12-09T02:25:27.561+0000][1][safepoint    ] Application time: 0.0118802 seconds
[2019-12-09T02:25:27.591+0000][1][safepoint    ] Entering safepoint region: RevokeBias
[2019-12-09T02:25:27.592+0000][1][safepoint    ] Leaving safepoint region
[2019-12-09T02:25:27.592+0000][1][safepoint    ] Total time for which application threads were stopped: 0.0308011 seconds, Stopping threads took: 0.0307344 seconds
[2019-12-09T02:25:27.595+0000][1][safepoint    ] Application time: 0.0032018 seconds
[2019-12-09T02:25:27.595+0000][1][safepoint    ] Entering safepoint region: RevokeBias
[2019-12-09T02:25:27.595+0000][1][safepoint    ] Leaving safepoint region
[2019-12-09T02:25:27.595+0000][1][safepoint    ] Total time for which application threads were stopped: 0.0001338 seconds, Stopping threads took: 0.0000411 seconds
[2019-12-09T02:25:27.595+0000][1][safepoint    ] Application time: 0.0000691 seconds
[2019-12-09T02:25:27.595+0000][1][safepoint    ] Entering safepoint region: RevokeBias
[2019-12-09T02:25:27.595+0000][1][safepoint    ] Leaving safepoint region
[2019-12-09T02:25:27.595+0000][1][safepoint    ] Total time for which application threads were stopped: 0.0000791 seconds, Stopping threads took: 0.0000089 seconds
[2019-12-09T02:25:28.608+0000][1][safepoint    ] Application time: 1.0126183 seconds
[2019-12-09T02:25:28.679+0000][1][safepoint    ] Entering safepoint region: Cleanup
[2019-12-09T02:25:28.679+0000][1][safepoint    ] Leaving safepoint region
[2019-12-09T02:25:28.679+0000][1][safepoint    ] Total time for which application threads were stopped: 0.0711546 seconds, Stopping threads took: 0.0710970 seconds
[2019-12-09T02:25:28.684+0000][1][safepoint    ] Application time: 0.0050928 seconds
[2019-12-09T02:25:28.684+0000][1][safepoint    ] Entering safepoint region: RevokeBias
[2019-12-09T02:25:28.684+0000][1][safepoint    ] Leaving safepoint region
[2019-12-09T02:25:28.684+0000][1][safepoint    ] Total time for which application threads were stopped: 0.0000583 seconds, Stopping threads took: 0.0000121 seconds
[2019-12-09T02:25:28.684+0000][1][safepoint    ] Application time: 0.0003677 seconds
[2019-12-09T02:25:28.684+0000][1][safepoint    ] Entering safepoint region: RevokeBias
[2019-12-09T02:25:28.685+0000][1][safepoint    ] Leaving safepoint region
[2019-12-09T02:25:28.685+0000][1][safepoint    ] Total time for which application threads were stopped: 0.0000464 seconds, Stopping threads took: 0.0000101 seconds
[2019-12-09T02:25:29.023+0000][1][safepoint    ] Application time: 0.3387399 seconds
[2019-12-09T02:25:29.023+0000][1][safepoint    ] Entering safepoint region: GenCollectForAllocation
[2019-12-09T02:25:29.023+0000][1][gc,start     ] GC(6) Pause Young (Allocation Failure)
[2019-12-09T02:25:29.023+0000][1][gc,task      ] GC(6) Using 2 workers of 2 for evacuation
[2019-12-09T02:25:29.115+0000][1][gc,age       ] GC(6) Desired survivor size 4456448 bytes, new threshold 6 (max threshold 6)
[2019-12-09T02:25:29.115+0000][1][gc,age       ] GC(6) Age table with threshold 6 (max threshold 6)
[2019-12-09T02:25:29.115+0000][1][gc,age       ] GC(6) - age   1:    1634384 bytes,    1634384 total
[2019-12-09T02:25:29.115+0000][1][gc,age       ] GC(6) - age   2:    2192512 bytes,    3826896 total
[2019-12-09T02:25:29.115+0000][1][gc,age       ] GC(6) - age   3:     442336 bytes,    4269232 total
[2019-12-09T02:25:29.115+0000][1][gc,heap      ] GC(6) ParNew: 75132K->5581K(78656K)
[2019-12-09T02:25:29.115+0000][1][gc,heap      ] GC(6) CMS: 11645K->11645K(174784K)
[2019-12-09T02:25:29.115+0000][1][gc,metaspace ] GC(6) Metaspace: 19354K->19354K(1067008K)
[2019-12-09T02:25:29.115+0000][1][gc           ] GC(6) Pause Young (Allocation Failure) 84M->16M(247M) 91.569ms
[2019-12-09T02:25:29.115+0000][1][gc,cpu       ] GC(6) User=0.03s Sys=0.00s Real=0.10s
[2019-12-09T02:25:29.115+0000][1][safepoint    ] Leaving safepoint region
[2019-12-09T02:25:29.115+0000][1][safepoint    ] Total time for which application threads were stopped: 0.0917072 seconds, Stopping threads took: 0.0000155 seconds
[2019-12-09T02:25:29.127+0000][1][safepoint    ] Application time: 0.0118961 seconds
[2019-12-09T02:25:29.167+0000][1][safepoint    ] Entering safepoint region: RevokeBias
[2019-12-09T02:25:29.167+0000][1][safepoint    ] Leaving safepoint region
[2019-12-09T02:25:29.167+0000][1][safepoint    ] Total time for which application threads were stopped: 0.0399549 seconds, Stopping threads took: 0.0398809 seconds
[2019-12-09T02:25:29.167+0000][1][safepoint    ] Application time: 0.0000661 seconds
[2019-12-09T02:25:29.167+0000][1][safepoint    ] Entering safepoint region: BulkRevokeBias
[2019-12-09T02:25:29.167+0000][1][safepoint    ] Leaving safepoint region
[2019-12-09T02:25:29.167+0000][1][safepoint    ] Total time for which application threads were stopped: 0.0000815 seconds, Stopping threads took: 0.0000080 seconds
[2019-12-09T02:25:29.167+0000][1][safepoint    ] Application time: 0.0000596 seconds
[2019-12-09T02:25:29.167+0000][1][safepoint    ] Entering safepoint region: BulkRevokeBias
[2019-12-09T02:25:29.167+0000][1][safepoint    ] Leaving safepoint region
[2019-12-09T02:25:29.167+0000][1][safepoint    ] Total time for which application threads were stopped: 0.0000696 seconds, Stopping threads took: 0.0000071 seconds
[2019-12-09T02:25:30.078+0000][1][safepoint    ] Application time: 0.9112552 seconds
[2019-12-09T02:25:30.079+0000][1][safepoint    ] Entering safepoint region: GenCollectForAllocation
[2019-12-09T02:25:30.079+0000][1][gc,start     ] GC(7) Pause Young (Allocation Failure)
[2019-12-09T02:25:30.079+0000][1][gc,task      ] GC(7) Using 2 workers of 2 for evacuation
[2019-12-09T02:25:30.118+0000][1][gc,age       ] GC(7) Desired survivor size 4456448 bytes, new threshold 6 (max threshold 6)
[2019-12-09T02:25:30.118+0000][1][gc,age       ] GC(7) Age table with threshold 6 (max threshold 6)
[2019-12-09T02:25:30.118+0000][1][gc,age       ] GC(7) - age   1:     402648 bytes,     402648 total
[2019-12-09T02:25:30.118+0000][1][gc,age       ] GC(7) - age   2:    1128888 bytes,    1531536 total
[2019-12-09T02:25:30.118+0000][1][gc,age       ] GC(7) - age   3:    2192432 bytes,    3723968 total
[2019-12-09T02:25:30.118+0000][1][gc,age       ] GC(7) - age   4:     442336 bytes,    4166304 total
[2019-12-09T02:25:30.118+0000][1][gc,heap      ] GC(7) ParNew: 75533K->6085K(78656K)
[2019-12-09T02:25:30.118+0000][1][gc,heap      ] GC(7) CMS: 11645K->11645K(174784K)
[2019-12-09T02:25:30.118+0000][1][gc,metaspace ] GC(7) Metaspace: 19637K->19637K(1067008K)
[2019-12-09T02:25:30.118+0000][1][gc           ] GC(7) Pause Young (Allocation Failure) 85M->17M(247M) 39.316ms
[2019-12-09T02:25:30.118+0000][1][gc,cpu       ] GC(7) User=0.01s Sys=0.00s Real=0.04s
[2019-12-09T02:25:30.118+0000][1][safepoint    ] Leaving safepoint region
[2019-12-09T02:25:30.118+0000][1][safepoint    ] Total time for which application threads were stopped: 0.0394595 seconds, Stopping threads took: 0.0000143 seconds
[2019-12-09T02:25:30.746+0000][1][safepoint    ] Application time: 0.6277210 seconds
[2019-12-09T02:25:30.746+0000][1][safepoint    ] Entering safepoint region: CollectForMetadataAllocation
[2019-12-09T02:25:30.746+0000][1][safepoint    ] Leaving safepoint region
[2019-12-09T02:25:30.746+0000][1][safepoint    ] Total time for which application threads were stopped: 0.0002628 seconds, Stopping threads took: 0.0000142 seconds
[2019-12-09T02:25:31.031+0000][1][safepoint    ] Application time: 0.2854608 seconds
[2019-12-09T02:25:31.032+0000][1][safepoint    ] Entering safepoint region: CollectForMetadataAllocation
[2019-12-09T02:25:31.032+0000][1][safepoint    ] Leaving safepoint region
[2019-12-09T02:25:31.032+0000][1][safepoint    ] Total time for which application threads were stopped: 0.0002646 seconds, Stopping threads took: 0.0000134 seconds
[2019-12-09T02:25:31.728+0000][1][safepoint    ] Application time: 0.6964094 seconds
[2019-12-09T02:25:31.728+0000][1][safepoint    ] Entering safepoint region: GenCollectForAllocation
[2019-12-09T02:25:31.728+0000][1][gc,start     ] GC(8) Pause Young (Allocation Failure)
[2019-12-09T02:25:31.728+0000][1][gc,task      ] GC(8) Using 2 workers of 2 for evacuation
[2019-12-09T02:25:31.919+0000][1][gc,age       ] GC(8) Desired survivor size 4456448 bytes, new threshold 4 (max threshold 6)
[2019-12-09T02:25:31.919+0000][1][gc,age       ] GC(8) Age table with threshold 4 (max threshold 6)
[2019-12-09T02:25:31.919+0000][1][gc,age       ] GC(8) - age   1:     972056 bytes,     972056 total
[2019-12-09T02:25:31.919+0000][1][gc,age       ] GC(8) - age   2:     385944 bytes,    1358000 total
[2019-12-09T02:25:31.919+0000][1][gc,age       ] GC(8) - age   3:    1128744 bytes,    2486744 total
[2019-12-09T02:25:31.919+0000][1][gc,age       ] GC(8) - age   4:    2190216 bytes,    4676960 total
[2019-12-09T02:25:31.919+0000][1][gc,age       ] GC(8) - age   5:     442336 bytes,    5119296 total
[2019-12-09T02:25:31.919+0000][1][gc,heap      ] GC(8) ParNew: 76037K->6098K(78656K)
[2019-12-09T02:25:31.919+0000][1][gc,heap      ] GC(8) CMS: 11645K->11645K(174784K)
[2019-12-09T02:25:31.919+0000][1][gc,metaspace ] GC(8) Metaspace: 20440K->20440K(1069056K)
[2019-12-09T02:25:31.919+0000][1][gc           ] GC(8) Pause Young (Allocation Failure) 85M->17M(247M) 190.927ms
[2019-12-09T02:25:31.919+0000][1][gc,cpu       ] GC(8) User=0.05s Sys=0.00s Real=0.19s
[2019-12-09T02:25:31.919+0000][1][safepoint    ] Leaving safepoint region
[2019-12-09T02:25:31.919+0000][1][safepoint    ] Total time for which application threads were stopped: 0.1910836 seconds, Stopping threads took: 0.0000137 seconds
[2019-12-09T02:25:31.923+0000][1][safepoint    ] Application time: 0.0034240 seconds
[2019-12-09T02:25:31.923+0000][1][safepoint    ] Entering safepoint region: CMS_Initial_Mark
[2019-12-09T02:25:31.923+0000][1][gc,start     ] GC(9) Pause Initial Mark
[2019-12-09T02:25:31.927+0000][1][gc           ] GC(9) Pause Initial Mark 21M->21M(247M) 3.700ms
[2019-12-09T02:25:31.927+0000][1][gc,cpu       ] GC(9) User=0.01s Sys=0.00s Real=0.01s
[2019-12-09T02:25:31.927+0000][1][safepoint    ] Leaving safepoint region
[2019-12-09T02:25:31.927+0000][1][safepoint    ] Total time for which application threads were stopped: 0.0040347 seconds, Stopping threads took: 0.0002424 seconds
[2019-12-09T02:25:31.927+0000][1][gc           ] GC(9) Concurrent Mark
[2019-12-09T02:25:31.955+0000][1][gc           ] GC(9) Concurrent Mark 28.107ms
[2019-12-09T02:25:31.955+0000][1][gc,cpu       ] GC(9) User=0.03s Sys=0.00s Real=0.03s
[2019-12-09T02:25:31.955+0000][1][gc           ] GC(9) Concurrent Preclean
[2019-12-09T02:25:31.955+0000][1][gc           ] GC(9) Concurrent Preclean 0.448ms
[2019-12-09T02:25:31.956+0000][1][gc,cpu       ] GC(9) User=0.00s Sys=0.00s Real=0.00s
[2019-12-09T02:25:31.956+0000][1][gc           ] GC(9) Concurrent Abortable Preclean
[2019-12-09T02:25:32.962+0000][1][safepoint    ] Application time: 1.0348821 seconds
[2019-12-09T02:25:32.996+0000][1][safepoint    ] Entering safepoint region: Cleanup
[2019-12-09T02:25:32.996+0000][1][safepoint    ] Leaving safepoint region
[2019-12-09T02:25:32.996+0000][1][safepoint    ] Total time for which application threads were stopped: 0.0345249 seconds, Stopping threads took: 0.0344864 seconds
[2019-12-09T02:25:33.115+0000][1][safepoint    ] Application time: 0.1183751 seconds
[2019-12-09T02:25:33.115+0000][1][safepoint    ] Entering safepoint region: GenCollectForAllocation
[2019-12-09T02:25:33.115+0000][1][gc,start     ] GC(10) Pause Young (Allocation Failure)
[2019-12-09T02:25:33.115+0000][1][gc,task      ] GC(10) Using 2 workers of 2 for evacuation
[2019-12-09T02:25:33.239+0000][1][gc,age       ] GC(10) Desired survivor size 4456448 bytes, new threshold 6 (max threshold 6)
[2019-12-09T02:25:33.239+0000][1][gc,age       ] GC(10) Age table with threshold 6 (max threshold 6)
[2019-12-09T02:25:33.239+0000][1][gc,age       ] GC(10) - age   1:    1271664 bytes,    1271664 total
[2019-12-09T02:25:33.239+0000][1][gc,age       ] GC(10) - age   2:     625144 bytes,    1896808 total
[2019-12-09T02:25:33.239+0000][1][gc,age       ] GC(10) - age   3:     385944 bytes,    2282752 total
[2019-12-09T02:25:33.239+0000][1][gc,age       ] GC(10) - age   4:    1128744 bytes,    3411496 total
[2019-12-09T02:25:33.239+0000][1][gc,heap      ] GC(10) ParNew: 76050K->4765K(78656K)
[2019-12-09T02:25:33.239+0000][1][gc,heap      ] GC(10) CMS: 11645K->14234K(174784K)
[2019-12-09T02:25:33.239+0000][1][gc,metaspace ] GC(10) Metaspace: 20545K->20545K(1069056K)
[2019-12-09T02:25:33.239+0000][1][gc           ] GC(10) Pause Young (Allocation Failure) 85M->18M(247M) 123.995ms
[2019-12-09T02:25:33.239+0000][1][gc,cpu       ] GC(10) User=0.02s Sys=0.00s Real=0.12s
[2019-12-09T02:25:33.239+0000][1][safepoint    ] Leaving safepoint region
[2019-12-09T02:25:33.239+0000][1][safepoint    ] Total time for which application threads were stopped: 0.1241194 seconds, Stopping threads took: 0.0000179 seconds
[2019-12-09T02:25:33.999+0000][1][gc           ] GC(9) Concurrent Abortable Preclean 2043.215ms
[2019-12-09T02:25:33.999+0000][1][gc,cpu       ] GC(9) User=0.60s Sys=0.01s Real=2.04s
[2019-12-09T02:25:33.999+0000][1][safepoint    ] Application time: 0.7599961 seconds
[2019-12-09T02:25:34.060+0000][1][safepoint    ] Entering safepoint region: CMS_Final_Remark
[2019-12-09T02:25:34.060+0000][1][gc,start     ] GC(9) Pause Remark
[2019-12-09T02:25:34.205+0000][1][gc           ] GC(9) Pause Remark 66M->66M(247M) 144.962ms
[2019-12-09T02:25:34.205+0000][1][gc,cpu       ] GC(9) User=0.04s Sys=0.00s Real=0.15s
[2019-12-09T02:25:34.205+0000][1][safepoint    ] Leaving safepoint region
[2019-12-09T02:25:34.205+0000][1][safepoint    ] Total time for which application threads were stopped: 0.2061336 seconds, Stopping threads took: 0.0610316 seconds
[2019-12-09T02:25:34.207+0000][1][gc           ] GC(9) Concurrent Sweep
[2019-12-09T02:25:34.266+0000][1][gc           ] GC(9) Concurrent Sweep 58.909ms
[2019-12-09T02:25:34.266+0000][1][gc,cpu       ] GC(9) User=0.02s Sys=0.00s Real=0.06s
[2019-12-09T02:25:34.266+0000][1][gc           ] GC(9) Concurrent Reset
[2019-12-09T02:25:34.300+0000][1][gc           ] GC(9) Concurrent Reset 33.355ms
[2019-12-09T02:25:34.300+0000][1][gc,cpu       ] GC(9) User=0.00s Sys=0.00s Real=0.03s
[2019-12-09T02:25:34.300+0000][1][gc,heap      ] GC(9) Old: 11645K->14209K(174784K)
[2019-12-09T02:25:34.484+0000][1][safepoint    ] Application time: 0.2786292 seconds
[2019-12-09T02:25:34.484+0000][1][safepoint    ] Entering safepoint region: GenCollectForAllocation
[2019-12-09T02:25:34.484+0000][1][gc,start     ] GC(11) Pause Young (Allocation Failure)
[2019-12-09T02:25:34.484+0000][1][gc,task      ] GC(11) Using 2 workers of 2 for evacuation
[2019-12-09T02:25:34.576+0000][1][gc,age       ] GC(11) Desired survivor size 4456448 bytes, new threshold 6 (max threshold 6)
[2019-12-09T02:25:34.576+0000][1][gc,age       ] GC(11) Age table with threshold 6 (max threshold 6)
[2019-12-09T02:25:34.576+0000][1][gc,age       ] GC(11) - age   1:    1005504 bytes,    1005504 total
[2019-12-09T02:25:34.576+0000][1][gc,age       ] GC(11) - age   2:      97424 bytes,    1102928 total
[2019-12-09T02:25:34.576+0000][1][gc,age       ] GC(11) - age   3:     625096 bytes,    1728024 total
[2019-12-09T02:25:34.576+0000][1][gc,age       ] GC(11) - age   4:     385840 bytes,    2113864 total
[2019-12-09T02:25:34.576+0000][1][gc,age       ] GC(11) - age   5:    1128456 bytes,    3242320 total
[2019-12-09T02:25:34.576+0000][1][gc,heap      ] GC(11) ParNew: 74717K->3690K(78656K)
[2019-12-09T02:25:34.576+0000][1][gc,heap      ] GC(11) CMS: 14209K->14209K(174784K)
[2019-12-09T02:25:34.576+0000][1][gc,metaspace ] GC(11) Metaspace: 20635K->20635K(1069056K)
[2019-12-09T02:25:34.576+0000][1][gc           ] GC(11) Pause Young (Allocation Failure) 86M->17M(247M) 92.134ms
[2019-12-09T02:25:34.576+0000][1][gc,cpu       ] GC(11) User=0.02s Sys=0.00s Real=0.10s
[2019-12-09T02:25:34.576+0000][1][safepoint    ] Leaving safepoint region
[2019-12-09T02:25:34.576+0000][1][safepoint    ] Total time for which application threads were stopped: 0.0926960 seconds, Stopping threads took: 0.0000127 seconds
[2019-12-09T02:25:35.352+0000][1][safepoint    ] Application time: 0.7757676 seconds
[2019-12-09T02:25:35.352+0000][1][safepoint    ] Entering safepoint region: Deoptimize
[2019-12-09T02:25:35.353+0000][1][safepoint    ] Leaving safepoint region
[2019-12-09T02:25:35.353+0000][1][safepoint    ] Total time for which application threads were stopped: 0.0004555 seconds, Stopping threads took: 0.0000130 seconds
[2019-12-09T02:25:36.355+0000][1][safepoint    ] Application time: 1.0021074 seconds
[2019-12-09T02:25:36.375+0000][1][safepoint    ] Entering safepoint region: Cleanup
[2019-12-09T02:25:36.375+0000][1][safepoint    ] Leaving safepoint region
[2019-12-09T02:25:36.375+0000][1][safepoint    ] Total time for which application threads were stopped: 0.0200562 seconds, Stopping threads took: 0.0199825 seconds
[2019-12-09T02:25:37.379+0000][1][safepoint    ] Application time: 1.0038854 seconds
[2019-12-09T02:25:37.379+0000][1][safepoint    ] Entering safepoint region: Cleanup
[2019-12-09T02:25:37.379+0000][1][safepoint    ] Leaving safepoint region
[2019-12-09T02:25:37.379+0000][1][safepoint    ] Total time for which application threads were stopped: 0.0000836 seconds, Stopping threads took: 0.0000164 seconds
[2019-12-09T02:25:37.507+0000][1][safepoint    ] Application time: 0.1279052 seconds
[2019-12-09T02:25:37.507+0000][1][safepoint    ] Entering safepoint region: GenCollectForAllocation
[2019-12-09T02:25:37.507+0000][1][gc,start     ] GC(12) Pause Young (Allocation Failure)
[2019-12-09T02:25:37.507+0000][1][gc,task      ] GC(12) Using 2 workers of 2 for evacuation
[2019-12-09T02:25:37.566+0000][1][gc,age       ] GC(12) Desired survivor size 4456448 bytes, new threshold 6 (max threshold 6)
[2019-12-09T02:25:37.566+0000][1][gc,age       ] GC(12) Age table with threshold 6 (max threshold 6)
[2019-12-09T02:25:37.566+0000][1][gc,age       ] GC(12) - age   1:    1106704 bytes,    1106704 total
[2019-12-09T02:25:37.566+0000][1][gc,age       ] GC(12) - age   2:     305920 bytes,    1412624 total
[2019-12-09T02:25:37.566+0000][1][gc,age       ] GC(12) - age   3:      97424 bytes,    1510048 total
[2019-12-09T02:25:37.566+0000][1][gc,age       ] GC(12) - age   4:     625032 bytes,    2135080 total
[2019-12-09T02:25:37.566+0000][1][gc,age       ] GC(12) - age   5:     385840 bytes,    2520920 total
[2019-12-09T02:25:37.566+0000][1][gc,age       ] GC(12) - age   6:    1128456 bytes,    3649376 total
[2019-12-09T02:25:37.566+0000][1][gc,heap      ] GC(12) ParNew: 73642K->4945K(78656K)
[2019-12-09T02:25:37.566+0000][1][gc,heap      ] GC(12) CMS: 14209K->14209K(174784K)
[2019-12-09T02:25:37.566+0000][1][gc,metaspace ] GC(12) Metaspace: 22915K->22915K(1071104K)
[2019-12-09T02:25:37.566+0000][1][gc           ] GC(12) Pause Young (Allocation Failure) 85M->18M(247M) 59.252ms
[2019-12-09T02:25:37.566+0000][1][gc,cpu       ] GC(12) User=0.03s Sys=0.00s Real=0.06s
[2019-12-09T02:25:37.566+0000][1][safepoint    ] Leaving safepoint region
[2019-12-09T02:25:37.566+0000][1][safepoint    ] Total time for which application threads were stopped: 0.0595326 seconds, Stopping threads took: 0.0000192 seconds
[2019-12-09T02:25:38.615+0000][1][safepoint    ] Application time: 1.0483779 seconds
[2019-12-09T02:25:38.677+0000][1][safepoint    ] Entering safepoint region: Cleanup
[2019-12-09T02:25:38.677+0000][1][safepoint    ] Leaving safepoint region
[2019-12-09T02:25:38.677+0000][1][safepoint    ] Total time for which application threads were stopped: 0.0624460 seconds, Stopping threads took: 0.0623676 seconds
[2019-12-09T02:25:38.820+0000][1][safepoint    ] Application time: 0.1425364 seconds
[2019-12-09T02:25:38.820+0000][1][safepoint    ] Entering safepoint region: Deoptimize
[2019-12-09T02:25:38.820+0000][1][safepoint    ] Leaving safepoint region
[2019-12-09T02:25:38.820+0000][1][safepoint    ] Total time for which application threads were stopped: 0.0004415 seconds, Stopping threads took: 0.0000134 seconds
[2019-12-09T02:25:39.532+0000][1][safepoint    ] Application time: 0.7119557 seconds
[2019-12-09T02:25:39.532+0000][1][safepoint    ] Entering safepoint region: Deoptimize
[2019-12-09T02:25:39.533+0000][1][safepoint    ] Leaving safepoint region
[2019-12-09T02:25:39.533+0000][1][safepoint    ] Total time for which application threads were stopped: 0.0004391 seconds, Stopping threads took: 0.0000116 seconds
[2019-12-09T02:25:39.609+0000][1][safepoint    ] Application time: 0.0767136 seconds
[2019-12-09T02:25:39.609+0000][1][safepoint    ] Entering safepoint region: Deoptimize
[2019-12-09T02:25:39.610+0000][1][safepoint    ] Leaving safepoint region
[2019-12-09T02:25:39.610+0000][1][safepoint    ] Total time for which application threads were stopped: 0.0004433 seconds, Stopping threads took: 0.0000145 seconds
[2019-12-09T02:25:39.659+0000][1][safepoint    ] Application time: 0.0492390 seconds
[2019-12-09T02:25:39.659+0000][1][safepoint    ] Entering safepoint region: Deoptimize
[2019-12-09T02:25:39.660+0000][1][safepoint    ] Leaving safepoint region
[2019-12-09T02:25:39.660+0000][1][safepoint    ] Total time for which application threads were stopped: 0.0004258 seconds, Stopping threads took: 0.0000148 seconds
[2019-12-09T02:25:39.775+0000][1][safepoint    ] Application time: 0.1158471 seconds
[2019-12-09T02:25:39.775+0000][1][safepoint    ] Entering safepoint region: RevokeBias
[2019-12-09T02:25:39.776+0000][1][safepoint    ] Leaving safepoint region
[2019-12-09T02:25:39.776+0000][1][safepoint    ] Total time for which application threads were stopped: 0.0000759 seconds, Stopping threads took: 0.0000144 seconds
[2019-12-09T02:25:40.776+0000][1][safepoint    ] Application time: 1.0001303 seconds
[2019-12-09T02:25:40.823+0000][1][safepoint    ] Entering safepoint region: Cleanup
[2019-12-09T02:25:40.823+0000][1][safepoint    ] Leaving safepoint region
[2019-12-09T02:25:40.823+0000][1][safepoint    ] Total time for which application threads were stopped: 0.0470862 seconds, Stopping threads took: 0.0470333 seconds
[2019-12-09T02:25:41.827+0000][1][safepoint    ] Application time: 1.0038738 seconds
[2019-12-09T02:25:41.890+0000][1][safepoint    ] Entering safepoint region: Cleanup
[2019-12-09T02:25:41.890+0000][1][safepoint    ] Leaving safepoint region
[2019-12-09T02:25:41.890+0000][1][safepoint    ] Total time for which application threads were stopped: 0.0632917 seconds, Stopping threads took: 0.0630367 seconds
[2019-12-09T02:25:42.294+0000][1][safepoint    ] Application time: 0.4042844 seconds
[2019-12-09T02:25:42.294+0000][1][safepoint    ] Entering safepoint region: RevokeBias
[2019-12-09T02:25:42.294+0000][1][safepoint    ] Leaving safepoint region
[2019-12-09T02:25:42.294+0000][1][safepoint    ] Total time for which application threads were stopped: 0.0000854 seconds, Stopping threads took: 0.0000144 seconds
[2019-12-09T02:25:43.298+0000][1][safepoint    ] Application time: 1.0032535 seconds
[2019-12-09T02:25:43.329+0000][1][safepoint    ] Entering safepoint region: Cleanup
[2019-12-09T02:25:43.329+0000][1][safepoint    ] Leaving safepoint region
[2019-12-09T02:25:43.329+0000][1][safepoint    ] Total time for which application threads were stopped: 0.0310211 seconds, Stopping threads took: 0.0309722 seconds
[2019-12-09T02:25:44.330+0000][1][safepoint    ] Application time: 1.0009181 seconds
[2019-12-09T02:25:44.334+0000][1][safepoint    ] Entering safepoint region: Cleanup
[2019-12-09T02:25:44.334+0000][1][safepoint    ] Leaving safepoint region
[2019-12-09T02:25:44.334+0000][1][safepoint    ] Total time for which application threads were stopped: 0.0040341 seconds, Stopping threads took: 0.0039798 seconds
[2019-12-09T02:25:45.344+0000][1][safepoint    ] Application time: 1.0099133 seconds
[2019-12-09T02:25:45.344+0000][1][safepoint    ] Entering safepoint region: Cleanup
[2019-12-09T02:25:45.344+0000][1][safepoint    ] Leaving safepoint region
[2019-12-09T02:25:45.344+0000][1][safepoint    ] Total time for which application threads were stopped: 0.0001177 seconds, Stopping threads took: 0.0000655 seconds
[2019-12-09T02:25:45.681+0000][1][safepoint    ] Application time: 0.3375586 seconds
[2019-12-09T02:25:45.681+0000][1][safepoint    ] Entering safepoint region: GenCollectForAllocation
[2019-12-09T02:25:45.682+0000][1][gc,start     ] GC(13) Pause Young (Allocation Failure)
[2019-12-09T02:25:45.682+0000][1][gc,task      ] GC(13) Using 2 workers of 2 for evacuation
[2019-12-09T02:25:46.158+0000][1][gc,age       ] GC(13) Desired survivor size 4456448 bytes, new threshold 1 (max threshold 6)
[2019-12-09T02:25:46.158+0000][1][gc,age       ] GC(13) Age table with threshold 1 (max threshold 6)
[2019-12-09T02:25:46.158+0000][1][gc,age       ] GC(13) - age   1:    6765192 bytes,    6765192 total
[2019-12-09T02:25:46.158+0000][1][gc,age       ] GC(13) - age   2:     739040 bytes,    7504232 total
[2019-12-09T02:25:46.158+0000][1][gc,age       ] GC(13) - age   3:     305624 bytes,    7809856 total
[2019-12-09T02:25:46.158+0000][1][gc,age       ] GC(13) - age   4:      97240 bytes,    7907096 total
[2019-12-09T02:25:46.158+0000][1][gc,age       ] GC(13) - age   5:     621992 bytes,    8529088 total
[2019-12-09T02:25:46.158+0000][1][gc,age       ] GC(13) - age   6:     383648 bytes,    8912736 total
[2019-12-09T02:25:46.158+0000][1][gc,heap      ] GC(13) ParNew: 74897K->8704K(78656K)
[2019-12-09T02:25:46.158+0000][1][gc,heap      ] GC(13) CMS: 14209K->22498K(174784K)
[2019-12-09T02:25:46.158+0000][1][gc,metaspace ] GC(13) Metaspace: 27168K->27168K(1075200K)
[2019-12-09T02:25:46.158+0000][1][gc           ] GC(13) Pause Young (Allocation Failure) 87M->30M(247M) 476.287ms
[2019-12-09T02:25:46.158+0000][1][gc,cpu       ] GC(13) User=0.10s Sys=0.00s Real=0.48s
[2019-12-09T02:25:46.158+0000][1][safepoint    ] Leaving safepoint region
[2019-12-09T02:25:46.158+0000][1][safepoint    ] Total time for which application threads were stopped: 0.4764394 seconds, Stopping threads took: 0.0000139 seconds
[2019-12-09T02:25:47.164+0000][1][safepoint    ] Application time: 1.0058055 seconds
[2019-12-09T02:25:47.165+0000][1][safepoint    ] Entering safepoint region: Cleanup
[2019-12-09T02:25:47.165+0000][1][safepoint    ] Leaving safepoint region
[2019-12-09T02:25:47.165+0000][1][safepoint    ] Total time for which application threads were stopped: 0.0010005 seconds, Stopping threads took: 0.0009585 seconds
[2019-12-09T02:25:49.171+0000][1][safepoint    ] Application time: 2.0059135 seconds
[2019-12-09T02:25:49.284+0000][1][safepoint    ] Entering safepoint region: Cleanup
[2019-12-09T02:25:49.284+0000][1][safepoint    ] Leaving safepoint region
[2019-12-09T02:25:49.284+0000][1][safepoint    ] Total time for which application threads were stopped: 0.1131233 seconds, Stopping threads took: 0.1130574 seconds
[2019-12-09T02:25:50.285+0000][1][safepoint    ] Application time: 1.0008211 seconds
[2019-12-09T02:25:50.327+0000][1][safepoint    ] Entering safepoint region: Cleanup
[2019-12-09T02:25:50.327+0000][1][safepoint    ] Leaving safepoint region
[2019-12-09T02:25:50.327+0000][1][safepoint    ] Total time for which application threads were stopped: 0.0421166 seconds, Stopping threads took: 0.0420443 seconds
[2019-12-09T02:25:50.596+0000][1][safepoint    ] Application time: 0.2690680 seconds
[2019-12-09T02:25:50.596+0000][1][safepoint    ] Entering safepoint region: GenCollectForAllocation
[2019-12-09T02:25:50.596+0000][1][gc,start     ] GC(14) Pause Young (Allocation Failure)
[2019-12-09T02:25:50.596+0000][1][gc,task      ] GC(14) Using 2 workers of 2 for evacuation
[2019-12-09T02:25:51.182+0000][1][gc,age       ] GC(14) Desired survivor size 4456448 bytes, new threshold 1 (max threshold 6)
[2019-12-09T02:25:51.182+0000][1][gc,age       ] GC(14) Age table with threshold 1 (max threshold 6)
[2019-12-09T02:25:51.182+0000][1][gc,age       ] GC(14) - age   1:    8700912 bytes,    8700912 total
[2019-12-09T02:25:51.182+0000][1][gc,heap      ] GC(14) ParNew: 78656K->8704K(78656K)
[2019-12-09T02:25:51.182+0000][1][gc,heap      ] GC(14) CMS: 22498K->35381K(174784K)
[2019-12-09T02:25:51.182+0000][1][gc,metaspace ] GC(14) Metaspace: 27293K->27293K(1075200K)
[2019-12-09T02:25:51.182+0000][1][gc           ] GC(14) Pause Young (Allocation Failure) 98M->43M(247M) 586.277ms
[2019-12-09T02:25:51.182+0000][1][gc,cpu       ] GC(14) User=0.14s Sys=0.00s Real=0.58s
[2019-12-09T02:25:51.182+0000][1][safepoint    ] Leaving safepoint region
[2019-12-09T02:25:51.182+0000][1][safepoint    ] Total time for which application threads were stopped: 0.5864323 seconds, Stopping threads took: 0.0000147 seconds
[2019-12-09T02:25:53.191+0000][1][safepoint    ] Application time: 2.0082851 seconds
[2019-12-09T02:25:53.197+0000][1][safepoint    ] Entering safepoint region: Cleanup
[2019-12-09T02:25:53.197+0000][1][safepoint    ] Leaving safepoint region
[2019-12-09T02:25:53.197+0000][1][safepoint    ] Total time for which application threads were stopped: 0.0060198 seconds, Stopping threads took: 0.0059784 seconds
[2019-12-09T02:25:54.200+0000][1][safepoint    ] Application time: 1.0029321 seconds
[2019-12-09T02:25:54.206+0000][1][safepoint    ] Entering safepoint region: Cleanup
[2019-12-09T02:25:54.206+0000][1][safepoint    ] Leaving safepoint region
[2019-12-09T02:25:54.206+0000][1][safepoint    ] Total time for which application threads were stopped: 0.0060565 seconds, Stopping threads took: 0.0060052 seconds
[2019-12-09T02:25:55.209+0000][1][safepoint    ] Application time: 1.0028965 seconds
[2019-12-09T02:25:55.209+0000][1][safepoint    ] Entering safepoint region: Cleanup
[2019-12-09T02:25:55.209+0000][1][safepoint    ] Leaving safepoint region
[2019-12-09T02:25:55.209+0000][1][safepoint    ] Total time for which application threads were stopped: 0.0001344 seconds, Stopping threads took: 0.0000721 seconds
[2019-12-09T02:25:56.242+0000][1][safepoint    ] Application time: 1.0328043 seconds
[2019-12-09T02:25:56.301+0000][1][safepoint    ] Entering safepoint region: Cleanup
[2019-12-09T02:25:56.301+0000][1][safepoint    ] Leaving safepoint region
[2019-12-09T02:25:56.301+0000][1][safepoint    ] Total time for which application threads were stopped: 0.0590085 seconds, Stopping threads took: 0.0589209 seconds
[2019-12-09T02:25:56.399+0000][1][safepoint    ] Application time: 0.0981826 seconds
[2019-12-09T02:25:56.399+0000][1][safepoint    ] Entering safepoint region: GenCollectForAllocation
[2019-12-09T02:25:56.399+0000][1][gc,start     ] GC(15) Pause Young (Allocation Failure)
[2019-12-09T02:25:56.399+0000][1][gc,task      ] GC(15) Using 2 workers of 2 for evacuation
[2019-12-09T02:25:56.793+0000][1][gc,age       ] GC(15) Desired survivor size 4456448 bytes, new threshold 1 (max threshold 6)
[2019-12-09T02:25:56.793+0000][1][gc,age       ] GC(15) Age table with threshold 1 (max threshold 6)
[2019-12-09T02:25:56.793+0000][1][gc,age       ] GC(15) - age   1:    7500608 bytes,    7500608 total
[2019-12-09T02:25:56.793+0000][1][gc,heap      ] GC(15) ParNew: 78656K->8704K(78656K)
[2019-12-09T02:25:56.793+0000][1][gc,heap      ] GC(15) CMS: 35381K->47647K(174784K)
[2019-12-09T02:25:56.793+0000][1][gc,metaspace ] GC(15) Metaspace: 29634K->29634K(1077248K)
[2019-12-09T02:25:56.793+0000][1][gc           ] GC(15) Pause Young (Allocation Failure) 111M->55M(247M) 393.946ms
[2019-12-09T02:25:56.793+0000][1][gc,cpu       ] GC(15) User=0.10s Sys=0.00s Real=0.39s
[2019-12-09T02:25:56.793+0000][1][safepoint    ] Leaving safepoint region
[2019-12-09T02:25:56.793+0000][1][safepoint    ] Total time for which application threads were stopped: 0.3940780 seconds, Stopping threads took: 0.0000148 seconds
[2019-12-09T02:25:58.749+0000][1][safepoint    ] Application time: 1.9556302 seconds
[2019-12-09T02:25:58.749+0000][1][safepoint    ] Entering safepoint region: Cleanup
[2019-12-09T02:25:58.749+0000][1][safepoint    ] Leaving safepoint region
[2019-12-09T02:25:58.749+0000][1][safepoint    ] Total time for which application threads were stopped: 0.0001347 seconds, Stopping threads took: 0.0000599 seconds
[2019-12-09T02:25:59.755+0000][1][safepoint    ] Application time: 1.0058155 seconds
[2019-12-09T02:25:59.858+0000][1][safepoint    ] Entering safepoint region: Cleanup
[2019-12-09T02:25:59.858+0000][1][safepoint    ] Leaving safepoint region
[2019-12-09T02:25:59.858+0000][1][safepoint    ] Total time for which application threads were stopped: 0.1031346 seconds, Stopping threads took: 0.1030611 seconds
[2019-12-09T02:26:00.520+0000][1][safepoint    ] Application time: 0.6622887 seconds
[2019-12-09T02:26:00.520+0000][1][safepoint    ] Entering safepoint region: GenCollectForAllocation
[2019-12-09T02:26:00.520+0000][1][gc,start     ] GC(16) Pause Young (Allocation Failure)
[2019-12-09T02:26:00.520+0000][1][gc,task      ] GC(16) Using 2 workers of 2 for evacuation
[2019-12-09T02:26:00.766+0000][1][gc,age       ] GC(16) Desired survivor size 4456448 bytes, new threshold 6 (max threshold 6)
[2019-12-09T02:26:00.766+0000][1][gc,age       ] GC(16) Age table with threshold 6 (max threshold 6)
[2019-12-09T02:26:00.766+0000][1][gc,age       ] GC(16) - age   1:    1248376 bytes,    1248376 total
[2019-12-09T02:26:00.766+0000][1][gc,heap      ] GC(16) ParNew: 78656K->7549K(78656K)
[2019-12-09T02:26:00.766+0000][1][gc,heap      ] GC(16) CMS: 47647K->55031K(174784K)
[2019-12-09T02:26:00.766+0000][1][gc,metaspace ] GC(16) Metaspace: 33021K->33021K(1079296K)
[2019-12-09T02:26:00.766+0000][1][gc           ] GC(16) Pause Young (Allocation Failure) 123M->61M(247M) 245.379ms
[2019-12-09T02:26:00.766+0000][1][gc,cpu       ] GC(16) User=0.05s Sys=0.01s Real=0.25s
[2019-12-09T02:26:00.766+0000][1][safepoint    ] Leaving safepoint region
[2019-12-09T02:26:00.766+0000][1][safepoint    ] Total time for which application threads were stopped: 0.2455272 seconds, Stopping threads took: 0.0000134 seconds
[2019-12-09T02:26:01.767+0000][1][safepoint    ] Application time: 1.0009823 seconds
[2019-12-09T02:26:01.791+0000][1][safepoint    ] Entering safepoint region: Cleanup
[2019-12-09T02:26:01.791+0000][1][safepoint    ] Leaving safepoint region
[2019-12-09T02:26:01.791+0000][1][safepoint    ] Total time for which application threads were stopped: 0.0242748 seconds, Stopping threads took: 0.0242094 seconds
[2019-12-09T02:26:02.801+0000][1][safepoint    ] Application time: 1.0096345 seconds
[2019-12-09T02:26:02.849+0000][1][safepoint    ] Entering safepoint region: Cleanup
[2019-12-09T02:26:02.850+0000][1][safepoint    ] Leaving safepoint region
[2019-12-09T02:26:02.850+0000][1][safepoint    ] Total time for which application threads were stopped: 0.0487837 seconds, Stopping threads took: 0.0487256 seconds
[2019-12-09T02:26:03.319+0000][1][safepoint    ] Application time: 0.4699487 seconds
[2019-12-09T02:26:03.320+0000][1][safepoint    ] Entering safepoint region: CollectForMetadataAllocation
[2019-12-09T02:26:03.320+0000][1][safepoint    ] Leaving safepoint region
[2019-12-09T02:26:03.320+0000][1][safepoint    ] Total time for which application threads were stopped: 0.0001816 seconds, Stopping threads took: 0.0000125 seconds
[2019-12-09T02:26:03.473+0000][1][safepoint    ] Application time: 0.1536831 seconds
[2019-12-09T02:26:03.473+0000][1][safepoint    ] Entering safepoint region: CollectForMetadataAllocation
[2019-12-09T02:26:03.474+0000][1][safepoint    ] Leaving safepoint region
[2019-12-09T02:26:03.474+0000][1][safepoint    ] Total time for which application threads were stopped: 0.0001330 seconds, Stopping threads took: 0.0000129 seconds
[2019-12-09T02:26:03.842+0000][1][safepoint    ] Application time: 0.3688197 seconds
[2019-12-09T02:26:03.842+0000][1][safepoint    ] Entering safepoint region: CollectForMetadataAllocation
[2019-12-09T02:26:03.843+0000][1][safepoint    ] Leaving safepoint region
[2019-12-09T02:26:03.843+0000][1][safepoint    ] Total time for which application threads were stopped: 0.0003238 seconds, Stopping threads took: 0.0000141 seconds
[2019-12-09T02:26:03.970+0000][1][safepoint    ] Application time: 0.1273425 seconds
[2019-12-09T02:26:03.970+0000][1][safepoint    ] Entering safepoint region: CollectForMetadataAllocation
[2019-12-09T02:26:03.970+0000][1][safepoint    ] Leaving safepoint region
[2019-12-09T02:26:03.970+0000][1][safepoint    ] Total time for which application threads were stopped: 0.0002489 seconds, Stopping threads took: 0.0000139 seconds
[2019-12-09T02:26:04.083+0000][1][safepoint    ] Application time: 0.1127042 seconds
[2019-12-09T02:26:04.083+0000][1][safepoint    ] Entering safepoint region: CollectForMetadataAllocation
[2019-12-09T02:26:04.083+0000][1][safepoint    ] Leaving safepoint region
[2019-12-09T02:26:04.083+0000][1][safepoint    ] Total time for which application threads were stopped: 0.0002346 seconds, Stopping threads took: 0.0000136 seconds
[2019-12-09T02:26:04.281+0000][1][safepoint    ] Application time: 0.1980239 seconds
[2019-12-09T02:26:04.282+0000][1][safepoint    ] Entering safepoint region: CollectForMetadataAllocation
[2019-12-09T02:26:04.282+0000][1][safepoint    ] Leaving safepoint region
[2019-12-09T02:26:04.282+0000][1][safepoint    ] Total time for which application threads were stopped: 0.0003563 seconds, Stopping threads took: 0.0001049 seconds
[2019-12-09T02:26:04.392+0000][1][safepoint    ] Application time: 0.1104129 seconds
[2019-12-09T02:26:04.392+0000][1][safepoint    ] Entering safepoint region: GenCollectForAllocation
[2019-12-09T02:26:04.392+0000][1][gc,start     ] GC(17) Pause Young (Allocation Failure)
[2019-12-09T02:26:04.392+0000][1][gc,task      ] GC(17) Using 2 workers of 2 for evacuation
[2019-12-09T02:26:04.471+0000][1][gc,age       ] GC(17) Desired survivor size 4456448 bytes, new threshold 6 (max threshold 6)
[2019-12-09T02:26:04.471+0000][1][gc,age       ] GC(17) Age table with threshold 6 (max threshold 6)
[2019-12-09T02:26:04.471+0000][1][gc,age       ] GC(17) - age   1:    1983704 bytes,    1983704 total
[2019-12-09T02:26:04.471+0000][1][gc,age       ] GC(17) - age   2:    1182472 bytes,    3166176 total
[2019-12-09T02:26:04.471+0000][1][gc,heap      ] GC(17) ParNew: 77501K->4231K(78656K)
[2019-12-09T02:26:04.471+0000][1][gc,heap      ] GC(17) CMS: 55031K->55031K(174784K)
[2019-12-09T02:26:04.471+0000][1][gc,metaspace ] GC(17) Metaspace: 35534K->35534K(1081344K)
[2019-12-09T02:26:04.471+0000][1][gc           ] GC(17) Pause Young (Allocation Failure) 129M->57M(247M) 79.005ms
[2019-12-09T02:26:04.471+0000][1][gc,cpu       ] GC(17) User=0.01s Sys=0.00s Real=0.08s
[2019-12-09T02:26:04.471+0000][1][safepoint    ] Leaving safepoint region
[2019-12-09T02:26:04.471+0000][1][safepoint    ] Total time for which application threads were stopped: 0.0791407 seconds, Stopping threads took: 0.0000135 seconds
[2019-12-09T02:26:04.482+0000][1][safepoint    ] Application time: 0.0106528 seconds
[2019-12-09T02:26:04.482+0000][1][safepoint    ] Entering safepoint region: CMS_Initial_Mark
[2019-12-09T02:26:04.482+0000][1][gc,start     ] GC(18) Pause Initial Mark
[2019-12-09T02:26:04.504+0000][1][gc           ] GC(18) Pause Initial Mark 59M->59M(247M) 21.504ms
[2019-12-09T02:26:04.504+0000][1][gc,cpu       ] GC(18) User=0.00s Sys=0.00s Real=0.02s
[2019-12-09T02:26:04.504+0000][1][safepoint    ] Leaving safepoint region
[2019-12-09T02:26:04.504+0000][1][safepoint    ] Total time for which application threads were stopped: 0.0216286 seconds, Stopping threads took: 0.0000126 seconds
[2019-12-09T02:26:04.504+0000][1][gc           ] GC(18) Concurrent Mark
[2019-12-09T02:26:04.549+0000][1][safepoint    ] Application time: 0.0450301 seconds
[2019-12-09T02:26:04.549+0000][1][safepoint    ] Entering safepoint region: CollectForMetadataAllocation
[2019-12-09T02:26:04.549+0000][1][safepoint    ] Leaving safepoint region
[2019-12-09T02:26:04.549+0000][1][safepoint    ] Total time for which application threads were stopped: 0.0002235 seconds, Stopping threads took: 0.0000124 seconds
[2019-12-09T02:26:04.684+0000][1][safepoint    ] Application time: 0.1354466 seconds
[2019-12-09T02:26:04.684+0000][1][safepoint    ] Entering safepoint region: CollectForMetadataAllocation
[2019-12-09T02:26:04.685+0000][1][safepoint    ] Leaving safepoint region
[2019-12-09T02:26:04.685+0000][1][safepoint    ] Total time for which application threads were stopped: 0.0002459 seconds, Stopping threads took: 0.0000125 seconds
[2019-12-09T02:26:04.971+0000][1][safepoint    ] Application time: 0.2859772 seconds
[2019-12-09T02:26:04.971+0000][1][safepoint    ] Entering safepoint region: CollectForMetadataAllocation
[2019-12-09T02:26:04.971+0000][1][safepoint    ] Leaving safepoint region
[2019-12-09T02:26:04.971+0000][1][safepoint    ] Total time for which application threads were stopped: 0.0002196 seconds, Stopping threads took: 0.0000148 seconds
[2019-12-09T02:26:05.157+0000][1][gc           ] GC(18) Concurrent Mark 653.630ms
[2019-12-09T02:26:05.157+0000][1][gc,cpu       ] GC(18) User=0.22s Sys=0.00s Real=0.66s
[2019-12-09T02:26:05.157+0000][1][gc           ] GC(18) Concurrent Preclean
[2019-12-09T02:26:05.158+0000][1][gc           ] GC(18) Concurrent Preclean 0.969ms
[2019-12-09T02:26:05.158+0000][1][gc,cpu       ] GC(18) User=0.00s Sys=0.00s Real=0.00s
[2019-12-09T02:26:05.158+0000][1][gc           ] GC(18) Concurrent Abortable Preclean
[2019-12-09T02:26:05.309+0000][1][safepoint    ] Application time: 0.3377502 seconds
[2019-12-09T02:26:05.309+0000][1][safepoint    ] Entering safepoint region: CollectForMetadataAllocation
[2019-12-09T02:26:05.309+0000][1][safepoint    ] Leaving safepoint region
[2019-12-09T02:26:05.309+0000][1][safepoint    ] Total time for which application threads were stopped: 0.0002337 seconds, Stopping threads took: 0.0000152 seconds
[2019-12-09T02:26:05.430+0000][1][safepoint    ] Application time: 0.1207223 seconds
[2019-12-09T02:26:05.430+0000][1][safepoint    ] Entering safepoint region: RevokeBias
[2019-12-09T02:26:05.430+0000][1][safepoint    ] Leaving safepoint region
[2019-12-09T02:26:05.430+0000][1][safepoint    ] Total time for which application threads were stopped: 0.0001248 seconds, Stopping threads took: 0.0000127 seconds
[2019-12-09T02:26:05.476+0000][1][safepoint    ] Application time: 0.0458284 seconds
[2019-12-09T02:26:05.476+0000][1][safepoint    ] Entering safepoint region: CollectForMetadataAllocation
[2019-12-09T02:26:05.476+0000][1][safepoint    ] Leaving safepoint region
[2019-12-09T02:26:05.476+0000][1][safepoint    ] Total time for which application threads were stopped: 0.0002281 seconds, Stopping threads took: 0.0000138 seconds
[2019-12-09T02:26:05.495+0000][1][safepoint    ] Application time: 0.0187616 seconds
[2019-12-09T02:26:05.514+0000][1][safepoint    ] Entering safepoint region: CollectForMetadataAllocation
[2019-12-09T02:26:05.514+0000][1][safepoint    ] Leaving safepoint region
[2019-12-09T02:26:05.514+0000][1][safepoint    ] Total time for which application threads were stopped: 0.0190887 seconds, Stopping threads took: 0.0190458 seconds
[2019-12-09T02:26:05.742+0000][1][safepoint    ] Application time: 0.2278623 seconds
[2019-12-09T02:26:05.742+0000][1][safepoint    ] Entering safepoint region: CollectForMetadataAllocation
[2019-12-09T02:26:05.742+0000][1][safepoint    ] Leaving safepoint region
[2019-12-09T02:26:05.742+0000][1][safepoint    ] Total time for which application threads were stopped: 0.0002319 seconds, Stopping threads took: 0.0000129 seconds
[2019-12-09T02:26:05.888+0000][1][safepoint    ] Application time: 0.1461953 seconds
[2019-12-09T02:26:05.888+0000][1][safepoint    ] Entering safepoint region: CollectForMetadataAllocation
[2019-12-09T02:26:05.888+0000][1][safepoint    ] Leaving safepoint region
[2019-12-09T02:26:05.888+0000][1][safepoint    ] Total time for which application threads were stopped: 0.0001520 seconds, Stopping threads took: 0.0000140 seconds
[2019-12-09T02:26:06.122+0000][1][safepoint    ] Application time: 0.2333180 seconds
[2019-12-09T02:26:06.122+0000][1][safepoint    ] Entering safepoint region: CollectForMetadataAllocation
[2019-12-09T02:26:06.122+0000][1][safepoint    ] Leaving safepoint region
[2019-12-09T02:26:06.122+0000][1][safepoint    ] Total time for which application threads were stopped: 0.0002471 seconds, Stopping threads took: 0.0000153 seconds
[2019-12-09T02:26:06.394+0000][1][safepoint    ] Application time: 0.2716950 seconds
[2019-12-09T02:26:06.394+0000][1][safepoint    ] Entering safepoint region: CollectForMetadataAllocation
[2019-12-09T02:26:06.394+0000][1][safepoint    ] Leaving safepoint region
[2019-12-09T02:26:06.394+0000][1][safepoint    ] Total time for which application threads were stopped: 0.0002107 seconds, Stopping threads took: 0.0000130 seconds
[2019-12-09T02:26:06.659+0000][1][safepoint    ] Application time: 0.2647528 seconds
[2019-12-09T02:26:06.659+0000][1][safepoint    ] Entering safepoint region: CollectForMetadataAllocation
[2019-12-09T02:26:06.659+0000][1][safepoint    ] Leaving safepoint region
[2019-12-09T02:26:06.659+0000][1][safepoint    ] Total time for which application threads were stopped: 0.0002393 seconds, Stopping threads took: 0.0000164 seconds
[2019-12-09T02:26:06.912+0000][1][safepoint    ] Application time: 0.2527708 seconds
[2019-12-09T02:26:06.912+0000][1][safepoint    ] Entering safepoint region: CollectForMetadataAllocation
[2019-12-09T02:26:06.912+0000][1][safepoint    ] Leaving safepoint region
[2019-12-09T02:26:06.912+0000][1][safepoint    ] Total time for which application threads were stopped: 0.0002295 seconds, Stopping threads took: 0.0000136 seconds
[2019-12-09T02:26:07.116+0000][1][safepoint    ] Application time: 0.2037346 seconds
[2019-12-09T02:26:07.116+0000][1][safepoint    ] Entering safepoint region: CollectForMetadataAllocation
[2019-12-09T02:26:07.116+0000][1][safepoint    ] Leaving safepoint region
[2019-12-09T02:26:07.116+0000][1][safepoint    ] Total time for which application threads were stopped: 0.0002559 seconds, Stopping threads took: 0.0000163 seconds
[2019-12-09T02:26:07.405+0000][1][safepoint    ] Application time: 0.2892339 seconds
[2019-12-09T02:26:07.405+0000][1][safepoint    ] Entering safepoint region: CollectForMetadataAllocation
[2019-12-09T02:26:07.406+0000][1][safepoint    ] Leaving safepoint region
[2019-12-09T02:26:07.406+0000][1][safepoint    ] Total time for which application threads were stopped: 0.0002308 seconds, Stopping threads took: 0.0000189 seconds
[2019-12-09T02:26:07.548+0000][1][safepoint    ] Application time: 0.1425973 seconds
[2019-12-09T02:26:07.548+0000][1][safepoint    ] Entering safepoint region: CollectForMetadataAllocation
[2019-12-09T02:26:07.548+0000][1][safepoint    ] Leaving safepoint region
[2019-12-09T02:26:07.548+0000][1][safepoint    ] Total time for which application threads were stopped: 0.0002215 seconds, Stopping threads took: 0.0000127 seconds
[2019-12-09T02:26:07.887+0000][1][safepoint    ] Application time: 0.3387393 seconds
[2019-12-09T02:26:07.887+0000][1][safepoint    ] Entering safepoint region: CollectForMetadataAllocation
[2019-12-09T02:26:07.887+0000][1][safepoint    ] Leaving safepoint region
[2019-12-09T02:26:07.887+0000][1][safepoint    ] Total time for which application threads were stopped: 0.0002157 seconds, Stopping threads took: 0.0000134 seconds
[2019-12-09T02:26:08.140+0000][1][safepoint    ] Application time: 0.2520701 seconds
[2019-12-09T02:26:08.140+0000][1][safepoint    ] Entering safepoint region: CollectForMetadataAllocation
[2019-12-09T02:26:08.140+0000][1][safepoint    ] Leaving safepoint region
[2019-12-09T02:26:08.140+0000][1][safepoint    ] Total time for which application threads were stopped: 0.0002640 seconds, Stopping threads took: 0.0000146 seconds
[2019-12-09T02:26:08.385+0000][1][safepoint    ] Application time: 0.2449165 seconds
[2019-12-09T02:26:08.385+0000][1][safepoint    ] Entering safepoint region: CollectForMetadataAllocation
[2019-12-09T02:26:08.385+0000][1][safepoint    ] Leaving safepoint region
[2019-12-09T02:26:08.385+0000][1][safepoint    ] Total time for which application threads were stopped: 0.0002340 seconds, Stopping threads took: 0.0000155 seconds
[2019-12-09T02:26:08.714+0000][1][safepoint    ] Application time: 0.3285615 seconds
[2019-12-09T02:26:08.714+0000][1][safepoint    ] Entering safepoint region: CollectForMetadataAllocation
[2019-12-09T02:26:08.714+0000][1][safepoint    ] Leaving safepoint region
[2019-12-09T02:26:08.714+0000][1][safepoint    ] Total time for which application threads were stopped: 0.0002520 seconds, Stopping threads took: 0.0000139 seconds
[2019-12-09T02:26:08.972+0000][1][safepoint    ] Application time: 0.2576493 seconds
[2019-12-09T02:26:08.972+0000][1][safepoint    ] Entering safepoint region: CollectForMetadataAllocation
[2019-12-09T02:26:08.972+0000][1][safepoint    ] Leaving safepoint region
[2019-12-09T02:26:08.972+0000][1][safepoint    ] Total time for which application threads were stopped: 0.0001889 seconds, Stopping threads took: 0.0000136 seconds
[2019-12-09T02:26:09.428+0000][1][safepoint    ] Application time: 0.4559331 seconds
[2019-12-09T02:26:09.428+0000][1][safepoint    ] Entering safepoint region: CollectForMetadataAllocation
[2019-12-09T02:26:09.428+0000][1][safepoint    ] Leaving safepoint region
[2019-12-09T02:26:09.428+0000][1][safepoint    ] Total time for which application threads were stopped: 0.0002294 seconds, Stopping threads took: 0.0000139 seconds
[2019-12-09T02:26:09.841+0000][1][safepoint    ] Application time: 0.4127277 seconds
[2019-12-09T02:26:09.841+0000][1][safepoint    ] Entering safepoint region: CollectForMetadataAllocation
[2019-12-09T02:26:09.841+0000][1][safepoint    ] Leaving safepoint region
[2019-12-09T02:26:09.841+0000][1][safepoint    ] Total time for which application threads were stopped: 0.0002584 seconds, Stopping threads took: 0.0000165 seconds
[2019-12-09T02:26:10.023+0000][1][safepoint    ] Application time: 0.1816732 seconds
[2019-12-09T02:26:10.023+0000][1][safepoint    ] Entering safepoint region: RevokeBias
[2019-12-09T02:26:10.023+0000][1][safepoint    ] Leaving safepoint region
[2019-12-09T02:26:10.023+0000][1][safepoint    ] Total time for which application threads were stopped: 0.0002052 seconds, Stopping threads took: 0.0001203 seconds
[2019-12-09T02:26:10.023+0000][1][safepoint    ] Application time: 0.0001023 seconds
[2019-12-09T02:26:10.023+0000][1][safepoint    ] Entering safepoint region: RevokeBias
[2019-12-09T02:26:10.023+0000][1][safepoint    ] Leaving safepoint region
[2019-12-09T02:26:10.023+0000][1][safepoint    ] Total time for which application threads were stopped: 0.0000484 seconds, Stopping threads took: 0.0000090 seconds
[2019-12-09T02:26:10.023+0000][1][safepoint    ] Application time: 0.0000869 seconds
[2019-12-09T02:26:10.023+0000][1][safepoint    ] Entering safepoint region: CollectForMetadataAllocation
[2019-12-09T02:26:10.023+0000][1][safepoint    ] Leaving safepoint region
[2019-12-09T02:26:10.023+0000][1][safepoint    ] Total time for which application threads were stopped: 0.0001932 seconds, Stopping threads took: 0.0000084 seconds
[2019-12-09T02:26:10.024+0000][1][safepoint    ] Application time: 0.0001137 seconds
[2019-12-09T02:26:10.024+0000][1][safepoint    ] Entering safepoint region: RevokeBias
[2019-12-09T02:26:10.024+0000][1][safepoint    ] Leaving safepoint region
[2019-12-09T02:26:10.024+0000][1][safepoint    ] Total time for which application threads were stopped: 0.0000575 seconds, Stopping threads took: 0.0000086 seconds
[2019-12-09T02:26:10.166+0000][1][gc           ] GC(18) Concurrent Abortable Preclean 5007.419ms
[2019-12-09T02:26:10.166+0000][1][gc,cpu       ] GC(18) User=1.43s Sys=0.02s Real=5.01s
[2019-12-09T02:26:10.166+0000][1][safepoint    ] Application time: 0.1423609 seconds
[2019-12-09T02:26:10.166+0000][1][safepoint    ] Entering safepoint region: CMS_Final_Remark
[2019-12-09T02:26:10.166+0000][1][gc,start     ] GC(18) Pause Remark
[2019-12-09T02:26:10.254+0000][1][gc           ] GC(18) Pause Remark 88M->88M(247M) 88.214ms
[2019-12-09T02:26:10.254+0000][1][gc,cpu       ] GC(18) User=0.04s Sys=0.00s Real=0.08s
[2019-12-09T02:26:10.254+0000][1][safepoint    ] Leaving safepoint region
[2019-12-09T02:26:10.254+0000][1][safepoint    ] Total time for which application threads were stopped: 0.0883970 seconds, Stopping threads took: 0.0000558 seconds
[2019-12-09T02:26:10.265+0000][1][gc           ] GC(18) Concurrent Sweep
[2019-12-09T02:26:10.581+0000][1][gc           ] GC(18) Concurrent Sweep 316.055ms
[2019-12-09T02:26:10.581+0000][1][gc,cpu       ] GC(18) User=0.10s Sys=0.01s Real=0.31s
[2019-12-09T02:26:10.581+0000][1][gc           ] GC(18) Concurrent Reset
[2019-12-09T02:26:10.581+0000][1][gc           ] GC(18) Concurrent Reset 0.317ms
[2019-12-09T02:26:10.581+0000][1][gc,cpu       ] GC(18) User=0.00s Sys=0.00s Real=0.00s
[2019-12-09T02:26:10.581+0000][1][gc,heap      ] GC(18) Old: 55031K->54813K(174784K)
[2019-12-09T02:26:11.256+0000][1][safepoint    ] Application time: 1.0013167 seconds
[2019-12-09T02:26:11.351+0000][1][safepoint    ] Entering safepoint region: Cleanup
[2019-12-09T02:26:11.352+0000][1][safepoint    ] Leaving safepoint region
[2019-12-09T02:26:11.352+0000][1][safepoint    ] Total time for which application threads were stopped: 0.0958421 seconds, Stopping threads took: 0.0949960 seconds
[2019-12-09T02:26:13.361+0000][1][safepoint    ] Application time: 2.0095570 seconds
[2019-12-09T02:26:13.429+0000][1][safepoint    ] Entering safepoint region: Cleanup
[2019-12-09T02:26:13.429+0000][1][safepoint    ] Leaving safepoint region
[2019-12-09T02:26:13.429+0000][1][safepoint    ] Total time for which application threads were stopped: 0.0676636 seconds, Stopping threads took: 0.0676085 seconds
[2019-12-09T02:26:13.691+0000][1][safepoint    ] Application time: 0.2618720 seconds
[2019-12-09T02:26:13.754+0000][1][safepoint    ] Entering safepoint region: RevokeBias
[2019-12-09T02:26:13.754+0000][1][safepoint    ] Leaving safepoint region
[2019-12-09T02:26:13.754+0000][1][safepoint    ] Total time for which application threads were stopped: 0.0631998 seconds, Stopping threads took: 0.0630871 seconds
[2019-12-09T02:26:14.762+0000][1][safepoint    ] Application time: 1.0077175 seconds
[2019-12-09T02:26:14.855+0000][1][safepoint    ] Entering safepoint region: Cleanup
[2019-12-09T02:26:14.855+0000][1][safepoint    ] Leaving safepoint region
[2019-12-09T02:26:14.855+0000][1][safepoint    ] Total time for which application threads were stopped: 0.0928811 seconds, Stopping threads took: 0.0928361 seconds
[2019-12-09T02:26:14.980+0000][1][safepoint    ] Application time: 0.1250952 seconds
[2019-12-09T02:26:15.050+0000][1][safepoint    ] Entering safepoint region: RevokeBias
[2019-12-09T02:26:15.050+0000][1][safepoint    ] Leaving safepoint region
[2019-12-09T02:26:15.050+0000][1][safepoint    ] Total time for which application threads were stopped: 0.0702103 seconds, Stopping threads took: 0.0701168 seconds
[2019-12-09T02:26:15.057+0000][1][safepoint    ] Application time: 0.0068176 seconds
[2019-12-09T02:26:15.139+0000][1][safepoint    ] Entering safepoint region: RevokeBias
[2019-12-09T02:26:15.139+0000][1][safepoint    ] Leaving safepoint region
[2019-12-09T02:26:15.139+0000][1][safepoint    ] Total time for which application threads were stopped: 0.0820472 seconds, Stopping threads took: 0.0819407 seconds
[2019-12-09T02:26:15.139+0000][1][safepoint    ] Application time: 0.0002305 seconds
[2019-12-09T02:26:15.139+0000][1][safepoint    ] Entering safepoint region: RevokeBias
[2019-12-09T02:26:15.139+0000][1][safepoint    ] Leaving safepoint region
[2019-12-09T02:26:15.139+0000][1][safepoint    ] Total time for which application threads were stopped: 0.0000786 seconds, Stopping threads took: 0.0000091 seconds
[2019-12-09T02:26:15.139+0000][1][safepoint    ] Application time: 0.0001456 seconds
[2019-12-09T02:26:15.139+0000][1][safepoint    ] Entering safepoint region: RevokeBias
[2019-12-09T02:26:15.139+0000][1][safepoint    ] Leaving safepoint region
[2019-12-09T02:26:15.139+0000][1][safepoint    ] Total time for which application threads were stopped: 0.0000671 seconds, Stopping threads took: 0.0000077 seconds
[2019-12-09T02:26:15.140+0000][1][safepoint    ] Application time: 0.0000688 seconds
[2019-12-09T02:26:15.140+0000][1][safepoint    ] Entering safepoint region: RevokeBias
[2019-12-09T02:26:15.140+0000][1][safepoint    ] Leaving safepoint region
[2019-12-09T02:26:15.140+0000][1][safepoint    ] Total time for which application threads were stopped: 0.0000595 seconds, Stopping threads took: 0.0000072 seconds
[2019-12-09T02:26:15.140+0000][1][safepoint    ] Application time: 0.0000370 seconds
[2019-12-09T02:26:15.140+0000][1][safepoint    ] Entering safepoint region: RevokeBias
[2019-12-09T02:26:15.140+0000][1][safepoint    ] Leaving safepoint region
[2019-12-09T02:26:15.140+0000][1][safepoint    ] Total time for which application threads were stopped: 0.0000553 seconds, Stopping threads took: 0.0000065 seconds
[2019-12-09T02:26:15.140+0000][1][safepoint    ] Application time: 0.0000754 seconds
[2019-12-09T02:26:15.140+0000][1][safepoint    ] Entering safepoint region: RevokeBias
[2019-12-09T02:26:15.140+0000][1][safepoint    ] Leaving safepoint region
[2019-12-09T02:26:15.140+0000][1][safepoint    ] Total time for which application threads were stopped: 0.0000651 seconds, Stopping threads took: 0.0000083 seconds
[2019-12-09T02:26:15.140+0000][1][safepoint    ] Application time: 0.0000459 seconds
[2019-12-09T02:26:15.140+0000][1][safepoint    ] Entering safepoint region: RevokeBias
[2019-12-09T02:26:15.140+0000][1][safepoint    ] Leaving safepoint region
[2019-12-09T02:26:15.140+0000][1][safepoint    ] Total time for which application threads were stopped: 0.0000584 seconds, Stopping threads took: 0.0000070 seconds
[2019-12-09T02:26:15.141+0000][1][safepoint    ] Application time: 0.0013124 seconds
[2019-12-09T02:26:15.141+0000][1][safepoint    ] Entering safepoint region: RevokeBias
[2019-12-09T02:26:15.141+0000][1][safepoint    ] Leaving safepoint region
[2019-12-09T02:26:15.141+0000][1][safepoint    ] Total time for which application threads were stopped: 0.0001000 seconds, Stopping threads took: 0.0000403 seconds
[2019-12-09T02:26:15.142+0000][1][safepoint    ] Application time: 0.0002316 seconds
[2019-12-09T02:26:15.142+0000][1][safepoint    ] Entering safepoint region: RevokeBias
[2019-12-09T02:26:15.142+0000][1][safepoint    ] Leaving safepoint region
[2019-12-09T02:26:15.142+0000][1][safepoint    ] Total time for which application threads were stopped: 0.0001038 seconds, Stopping threads took: 0.0000316 seconds
[2019-12-09T02:26:15.142+0000][1][safepoint    ] Application time: 0.0000702 seconds
[2019-12-09T02:26:15.142+0000][1][safepoint    ] Entering safepoint region: RevokeBias
[2019-12-09T02:26:15.142+0000][1][safepoint    ] Leaving safepoint region
[2019-12-09T02:26:15.142+0000][1][safepoint    ] Total time for which application threads were stopped: 0.0000668 seconds, Stopping threads took: 0.0000081 seconds
[2019-12-09T02:26:15.142+0000][1][safepoint    ] Application time: 0.0003045 seconds
[2019-12-09T02:26:15.142+0000][1][safepoint    ] Entering safepoint region: RevokeBias
[2019-12-09T02:26:15.142+0000][1][safepoint    ] Leaving safepoint region
[2019-12-09T02:26:15.142+0000][1][safepoint    ] Total time for which application threads were stopped: 0.0000704 seconds, Stopping threads took: 0.0000090 seconds
[2019-12-09T02:26:15.142+0000][1][safepoint    ] Application time: 0.0000839 seconds
[2019-12-09T02:26:15.142+0000][1][safepoint    ] Entering safepoint region: RevokeBias
[2019-12-09T02:26:15.142+0000][1][safepoint    ] Leaving safepoint region
[2019-12-09T02:26:15.142+0000][1][safepoint    ] Total time for which application threads were stopped: 0.0000640 seconds, Stopping threads took: 0.0000085 seconds
[2019-12-09T02:26:17.152+0000][1][safepoint    ] Application time: 2.0092077 seconds
[2019-12-09T02:26:17.205+0000][1][safepoint    ] Entering safepoint region: Cleanup
[2019-12-09T02:26:17.205+0000][1][safepoint    ] Leaving safepoint region
[2019-12-09T02:26:17.205+0000][1][safepoint    ] Total time for which application threads were stopped: 0.0531205 seconds, Stopping threads took: 0.0530483 seconds
[2019-12-09T02:26:18.208+0000][1][safepoint    ] Application time: 1.0028437 seconds
[2019-12-09T02:26:18.267+0000][1][safepoint    ] Entering safepoint region: Cleanup
[2019-12-09T02:26:18.267+0000][1][safepoint    ] Leaving safepoint region
[2019-12-09T02:26:18.267+0000][1][safepoint    ] Total time for which application threads were stopped: 0.0591030 seconds, Stopping threads took: 0.0590310 seconds
[2019-12-09T02:26:18.615+0000][1][safepoint    ] Application time: 0.3480490 seconds
[2019-12-09T02:26:18.615+0000][1][safepoint    ] Entering safepoint region: GenCollectForAllocation
[2019-12-09T02:26:18.615+0000][1][gc,start     ] GC(19) Pause Young (Allocation Failure)
[2019-12-09T02:26:18.615+0000][1][gc,task      ] GC(19) Using 2 workers of 2 for evacuation
[2019-12-09T02:26:18.773+0000][1][gc,age       ] GC(19) Desired survivor size 4456448 bytes, new threshold 2 (max threshold 6)
[2019-12-09T02:26:18.773+0000][1][gc,age       ] GC(19) Age table with threshold 2 (max threshold 6)
[2019-12-09T02:26:18.773+0000][1][gc,age       ] GC(19) - age   1:    2605960 bytes,    2605960 total
[2019-12-09T02:26:18.773+0000][1][gc,age       ] GC(19) - age   2:    1953944 bytes,    4559904 total
[2019-12-09T02:26:18.773+0000][1][gc,age       ] GC(19) - age   3:    1180264 bytes,    5740168 total
[2019-12-09T02:26:18.773+0000][1][gc,heap      ] GC(19) ParNew: 74183K->7119K(78656K)
[2019-12-09T02:26:18.773+0000][1][gc,heap      ] GC(19) CMS: 54813K->54813K(174784K)
[2019-12-09T02:26:18.774+0000][1][gc,metaspace ] GC(19) Metaspace: 43004K->43004K(1089536K)
[2019-12-09T02:26:18.774+0000][1][gc           ] GC(19) Pause Young (Allocation Failure) 125M->60M(247M) 158.497ms
[2019-12-09T02:26:18.774+0000][1][gc,cpu       ] GC(19) User=0.03s Sys=0.00s Real=0.15s
[2019-12-09T02:26:18.774+0000][1][safepoint    ] Leaving safepoint region
[2019-12-09T02:26:18.774+0000][1][safepoint    ] Total time for which application threads were stopped: 0.1586324 seconds, Stopping threads took: 0.0000144 seconds
[2019-12-09T02:26:19.806+0000][1][safepoint    ] Application time: 1.0322972 seconds
[2019-12-09T02:26:19.806+0000][1][safepoint    ] Entering safepoint region: Cleanup
[2019-12-09T02:26:19.806+0000][1][safepoint    ] Leaving safepoint region
[2019-12-09T02:26:19.806+0000][1][safepoint    ] Total time for which application threads were stopped: 0.0001195 seconds, Stopping threads took: 0.0000440 seconds
[2019-12-09T02:26:20.167+0000][1][safepoint    ] Application time: 0.3609279 seconds
[2019-12-09T02:26:20.167+0000][1][safepoint    ] Entering safepoint region: RevokeBias
[2019-12-09T02:26:20.167+0000][1][safepoint    ] Leaving safepoint region
[2019-12-09T02:26:20.167+0000][1][safepoint    ] Total time for which application threads were stopped: 0.0001037 seconds, Stopping threads took: 0.0000119 seconds
[2019-12-09T02:26:21.169+0000][1][safepoint    ] Application time: 1.0015860 seconds
[2019-12-09T02:26:21.169+0000][1][safepoint    ] Entering safepoint region: Cleanup
[2019-12-09T02:26:21.169+0000][1][safepoint    ] Leaving safepoint region
[2019-12-09T02:26:21.169+0000][1][safepoint    ] Total time for which application threads were stopped: 0.0000581 seconds, Stopping threads took: 0.0000158 seconds
[2019-12-09T02:26:21.592+0000][1][safepoint    ] Application time: 0.4230674 seconds
[2019-12-09T02:26:21.592+0000][1][safepoint    ] Entering safepoint region: RevokeBias
[2019-12-09T02:26:21.592+0000][1][safepoint    ] Leaving safepoint region
[2019-12-09T02:26:21.592+0000][1][safepoint    ] Total time for which application threads were stopped: 0.0005491 seconds, Stopping threads took: 0.0000987 seconds
[2019-12-09T02:26:21.593+0000][1][safepoint    ] Application time: 0.0002041 seconds
[2019-12-09T02:26:21.593+0000][1][safepoint    ] Entering safepoint region: RevokeBias
[2019-12-09T02:26:21.593+0000][1][safepoint    ] Leaving safepoint region
[2019-12-09T02:26:21.593+0000][1][safepoint    ] Total time for which application threads were stopped: 0.0000683 seconds, Stopping threads took: 0.0000115 seconds
[2019-12-09T02:26:21.593+0000][1][safepoint    ] Application time: 0.0000660 seconds
[2019-12-09T02:26:21.593+0000][1][safepoint    ] Entering safepoint region: RevokeBias
[2019-12-09T02:26:21.593+0000][1][safepoint    ] Leaving safepoint region
[2019-12-09T02:26:21.593+0000][1][safepoint    ] Total time for which application threads were stopped: 0.0000453 seconds, Stopping threads took: 0.0000079 seconds
[2019-12-09T02:26:21.599+0000][1][safepoint    ] Application time: 0.0056828 seconds
[2019-12-09T02:26:21.599+0000][1][safepoint    ] Entering safepoint region: RevokeBias
[2019-12-09T02:26:21.599+0000][1][safepoint    ] Leaving safepoint region
[2019-12-09T02:26:21.599+0000][1][safepoint    ] Total time for which application threads were stopped: 0.0000464 seconds, Stopping threads took: 0.0000104 seconds
[2019-12-09T02:26:21.843+0000][1][safepoint    ] Application time: 0.2440569 seconds
[2019-12-09T02:26:21.843+0000][1][safepoint    ] Entering safepoint region: RevokeBias
[2019-12-09T02:26:21.843+0000][1][safepoint    ] Leaving safepoint region
[2019-12-09T02:26:21.843+0000][1][safepoint    ] Total time for which application threads were stopped: 0.0006739 seconds, Stopping threads took: 0.0005795 seconds
[2019-12-09T02:26:21.860+0000][1][safepoint    ] Application time: 0.0162820 seconds
[2019-12-09T02:26:21.860+0000][1][safepoint    ] Entering safepoint region: RevokeBias
[2019-12-09T02:26:21.860+0000][1][safepoint    ] Leaving safepoint region
[2019-12-09T02:26:21.860+0000][1][safepoint    ] Total time for which application threads were stopped: 0.0001138 seconds, Stopping threads took: 0.0000231 seconds
[2019-12-09T02:26:21.893+0000][1][safepoint    ] Application time: 0.0328622 seconds
[2019-12-09T02:26:21.959+0000][1][safepoint    ] Entering safepoint region: RevokeBias
[2019-12-09T02:26:21.959+0000][1][safepoint    ] Leaving safepoint region
[2019-12-09T02:26:21.959+0000][1][safepoint    ] Total time for which application threads were stopped: 0.0661789 seconds, Stopping threads took: 0.0660653 seconds
[2019-12-09T02:26:21.959+0000][1][safepoint    ] Application time: 0.0001989 seconds
[2019-12-09T02:26:21.959+0000][1][safepoint    ] Entering safepoint region: RevokeBias
[2019-12-09T02:26:21.959+0000][1][safepoint    ] Leaving safepoint region
[2019-12-09T02:26:21.959+0000][1][safepoint    ] Total time for which application threads were stopped: 0.0001075 seconds, Stopping threads took: 0.0000112 seconds
[2019-12-09T02:26:21.960+0000][1][safepoint    ] Application time: 0.0002299 seconds
[2019-12-09T02:26:21.960+0000][1][safepoint    ] Entering safepoint region: RevokeBias
[2019-12-09T02:26:21.960+0000][1][safepoint    ] Leaving safepoint region
[2019-12-09T02:26:21.960+0000][1][safepoint    ] Total time for which application threads were stopped: 0.0000893 seconds, Stopping threads took: 0.0000098 seconds
[2019-12-09T02:26:21.960+0000][1][safepoint    ] Application time: 0.0001204 seconds
[2019-12-09T02:26:21.960+0000][1][safepoint    ] Entering safepoint region: RevokeBias
[2019-12-09T02:26:21.960+0000][1][safepoint    ] Leaving safepoint region
[2019-12-09T02:26:21.960+0000][1][safepoint    ] Total time for which application threads were stopped: 0.0000789 seconds, Stopping threads took: 0.0000110 seconds
[2019-12-09T02:26:21.960+0000][1][safepoint    ] Application time: 0.0001856 seconds
[2019-12-09T02:26:21.960+0000][1][safepoint    ] Entering safepoint region: BulkRevokeBias
[2019-12-09T02:26:21.960+0000][1][safepoint    ] Leaving safepoint region
[2019-12-09T02:26:21.960+0000][1][safepoint    ] Total time for which application threads were stopped: 0.0001304 seconds, Stopping threads took: 0.0000087 seconds
[2019-12-09T02:26:21.960+0000][1][safepoint    ] Application time: 0.0000975 seconds
[2019-12-09T02:26:21.960+0000][1][safepoint    ] Entering safepoint region: RevokeBias
[2019-12-09T02:26:21.960+0000][1][safepoint    ] Leaving safepoint region
[2019-12-09T02:26:21.960+0000][1][safepoint    ] Total time for which application threads were stopped: 0.0000800 seconds, Stopping threads took: 0.0000081 seconds
[2019-12-09T02:26:21.960+0000][1][safepoint    ] Application time: 0.0000692 seconds
[2019-12-09T02:26:21.960+0000][1][safepoint    ] Entering safepoint region: RevokeBias
[2019-12-09T02:26:21.961+0000][1][safepoint    ] Leaving safepoint region
[2019-12-09T02:26:21.961+0000][1][safepoint    ] Total time for which application threads were stopped: 0.0000721 seconds, Stopping threads took: 0.0000082 seconds
[2019-12-09T02:26:21.961+0000][1][safepoint    ] Application time: 0.0000597 seconds
[2019-12-09T02:26:21.961+0000][1][safepoint    ] Entering safepoint region: RevokeBias
[2019-12-09T02:26:21.961+0000][1][safepoint    ] Leaving safepoint region
[2019-12-09T02:26:21.961+0000][1][safepoint    ] Total time for which application threads were stopped: 0.0000937 seconds, Stopping threads took: 0.0000083 seconds
[2019-12-09T02:26:21.961+0000][1][safepoint    ] Application time: 0.0000594 seconds
[2019-12-09T02:26:21.961+0000][1][safepoint    ] Entering safepoint region: RevokeBias
[2019-12-09T02:26:21.961+0000][1][safepoint    ] Leaving safepoint region
[2019-12-09T02:26:21.961+0000][1][safepoint    ] Total time for which application threads were stopped: 0.0000730 seconds, Stopping threads took: 0.0000088 seconds
[2019-12-09T02:26:21.961+0000][1][safepoint    ] Application time: 0.0000589 seconds
[2019-12-09T02:26:21.961+0000][1][safepoint    ] Entering safepoint region: RevokeBias
[2019-12-09T02:26:21.961+0000][1][safepoint    ] Leaving safepoint region
[2019-12-09T02:26:21.961+0000][1][safepoint    ] Total time for which application threads were stopped: 0.0000722 seconds, Stopping threads took: 0.0000087 seconds
[2019-12-09T02:26:21.961+0000][1][safepoint    ] Application time: 0.0000587 seconds
[2019-12-09T02:26:21.961+0000][1][safepoint    ] Entering safepoint region: RevokeBias
[2019-12-09T02:26:21.961+0000][1][safepoint    ] Leaving safepoint region
[2019-12-09T02:26:21.961+0000][1][safepoint    ] Total time for which application threads were stopped: 0.0000694 seconds, Stopping threads took: 0.0000087 seconds
[2019-12-09T02:26:21.961+0000][1][safepoint    ] Application time: 0.0000567 seconds
[2019-12-09T02:26:21.961+0000][1][safepoint    ] Entering safepoint region: RevokeBias
[2019-12-09T02:26:21.961+0000][1][safepoint    ] Leaving safepoint region
[2019-12-09T02:26:21.961+0000][1][safepoint    ] Total time for which application threads were stopped: 0.0000694 seconds, Stopping threads took: 0.0000083 seconds
[2019-12-09T02:26:21.961+0000][1][safepoint    ] Application time: 0.0000540 seconds
[2019-12-09T02:26:21.961+0000][1][safepoint    ] Entering safepoint region: RevokeBias
[2019-12-09T02:26:21.961+0000][1][safepoint    ] Leaving safepoint region
[2019-12-09T02:26:21.961+0000][1][safepoint    ] Total time for which application threads were stopped: 0.0000587 seconds, Stopping threads took: 0.0000077 seconds
[2019-12-09T02:26:21.961+0000][1][safepoint    ] Application time: 0.0000539 seconds
[2019-12-09T02:26:21.962+0000][1][safepoint    ] Entering safepoint region: RevokeBias
[2019-12-09T02:26:21.962+0000][1][safepoint    ] Leaving safepoint region
[2019-12-09T02:26:21.962+0000][1][safepoint    ] Total time for which application threads were stopped: 0.0000619 seconds, Stopping threads took: 0.0000076 seconds
[2019-12-09T02:26:21.962+0000][1][safepoint    ] Application time: 0.0000566 seconds
[2019-12-09T02:26:21.962+0000][1][safepoint    ] Entering safepoint region: RevokeBias
[2019-12-09T02:26:21.962+0000][1][safepoint    ] Leaving safepoint region
[2019-12-09T02:26:21.962+0000][1][safepoint    ] Total time for which application threads were stopped: 0.0000900 seconds, Stopping threads took: 0.0000082 seconds
[2019-12-09T02:26:21.962+0000][1][safepoint    ] Application time: 0.0000551 seconds
[2019-12-09T02:26:21.962+0000][1][safepoint    ] Entering safepoint region: RevokeBias
[2019-12-09T02:26:21.962+0000][1][safepoint    ] Leaving safepoint region
[2019-12-09T02:26:21.962+0000][1][safepoint    ] Total time for which application threads were stopped: 0.0000639 seconds, Stopping threads took: 0.0000081 seconds
[2019-12-09T02:26:21.962+0000][1][safepoint    ] Application time: 0.0000505 seconds
[2019-12-09T02:26:21.962+0000][1][safepoint    ] Entering safepoint region: RevokeBias
[2019-12-09T02:26:21.962+0000][1][safepoint    ] Leaving safepoint region
[2019-12-09T02:26:21.962+0000][1][safepoint    ] Total time for which application threads were stopped: 0.0000574 seconds, Stopping threads took: 0.0000081 seconds
[2019-12-09T02:26:21.962+0000][1][safepoint    ] Application time: 0.0000520 seconds
[2019-12-09T02:26:21.962+0000][1][safepoint    ] Entering safepoint region: RevokeBias
[2019-12-09T02:26:21.962+0000][1][safepoint    ] Leaving safepoint region
[2019-12-09T02:26:21.962+0000][1][safepoint    ] Total time for which application threads were stopped: 0.0000605 seconds, Stopping threads took: 0.0000081 seconds
[2019-12-09T02:26:21.962+0000][1][safepoint    ] Application time: 0.0000541 seconds
[2019-12-09T02:26:21.962+0000][1][safepoint    ] Entering safepoint region: RevokeBias
[2019-12-09T02:26:21.962+0000][1][safepoint    ] Leaving safepoint region
[2019-12-09T02:26:21.962+0000][1][safepoint    ] Total time for which application threads were stopped: 0.0000622 seconds, Stopping threads took: 0.0000087 seconds
[2019-12-09T02:26:21.962+0000][1][safepoint    ] Application time: 0.0000543 seconds
[2019-12-09T02:26:21.962+0000][1][safepoint    ] Entering safepoint region: RevokeBias
[2019-12-09T02:26:21.962+0000][1][safepoint    ] Leaving safepoint region
[2019-12-09T02:26:21.962+0000][1][safepoint    ] Total time for which application threads were stopped: 0.0000624 seconds, Stopping threads took: 0.0000079 seconds
[2019-12-09T02:26:21.962+0000][1][safepoint    ] Application time: 0.0000534 seconds
[2019-12-09T02:26:21.962+0000][1][safepoint    ] Entering safepoint region: RevokeBias
[2019-12-09T02:26:21.963+0000][1][safepoint    ] Leaving safepoint region
[2019-12-09T02:26:21.963+0000][1][safepoint    ] Total time for which application threads were stopped: 0.0000601 seconds, Stopping threads took: 0.0000079 seconds
[2019-12-09T02:26:21.963+0000][1][safepoint    ] Application time: 0.0000533 seconds
[2019-12-09T02:26:21.963+0000][1][safepoint    ] Entering safepoint region: RevokeBias
[2019-12-09T02:26:21.963+0000][1][safepoint    ] Leaving safepoint region
[2019-12-09T02:26:21.963+0000][1][safepoint    ] Total time for which application threads were stopped: 0.0000661 seconds, Stopping threads took: 0.0000080 seconds
[2019-12-09T02:26:21.963+0000][1][safepoint    ] Application time: 0.0000716 seconds
[2019-12-09T02:26:21.963+0000][1][safepoint    ] Entering safepoint region: BulkRevokeBias
[2019-12-09T02:26:21.963+0000][1][safepoint    ] Leaving safepoint region
[2019-12-09T02:26:21.963+0000][1][safepoint    ] Total time for which application threads were stopped: 0.0001261 seconds, Stopping threads took: 0.0000091 seconds
[2019-12-09T02:26:21.963+0000][1][safepoint    ] Application time: 0.0001883 seconds
[2019-12-09T02:26:21.963+0000][1][safepoint    ] Entering safepoint region: RevokeBias
[2019-12-09T02:26:21.963+0000][1][safepoint    ] Leaving safepoint region
[2019-12-09T02:26:21.963+0000][1][safepoint    ] Total time for which application threads were stopped: 0.0000763 seconds, Stopping threads took: 0.0000094 seconds
[2019-12-09T02:26:21.963+0000][1][safepoint    ] Application time: 0.0001540 seconds
[2019-12-09T02:26:21.963+0000][1][safepoint    ] Entering safepoint region: RevokeBias
[2019-12-09T02:26:21.963+0000][1][safepoint    ] Leaving safepoint region
[2019-12-09T02:26:21.963+0000][1][safepoint    ] Total time for which application threads were stopped: 0.0000764 seconds, Stopping threads took: 0.0000093 seconds
[2019-12-09T02:26:21.963+0000][1][safepoint    ] Application time: 0.0000826 seconds
[2019-12-09T02:26:21.964+0000][1][safepoint    ] Entering safepoint region: RevokeBias
[2019-12-09T02:26:21.964+0000][1][safepoint    ] Leaving safepoint region
[2019-12-09T02:26:21.964+0000][1][safepoint    ] Total time for which application threads were stopped: 0.0000696 seconds, Stopping threads took: 0.0000086 seconds
[2019-12-09T02:26:21.964+0000][1][safepoint    ] Application time: 0.0001067 seconds
[2019-12-09T02:26:21.964+0000][1][safepoint    ] Entering safepoint region: RevokeBias
[2019-12-09T02:26:21.964+0000][1][safepoint    ] Leaving safepoint region
[2019-12-09T02:26:21.964+0000][1][safepoint    ] Total time for which application threads were stopped: 0.0000747 seconds, Stopping threads took: 0.0000093 seconds
[2019-12-09T02:26:21.964+0000][1][safepoint    ] Application time: 0.0000650 seconds
[2019-12-09T02:26:21.964+0000][1][safepoint    ] Entering safepoint region: RevokeBias
[2019-12-09T02:26:21.964+0000][1][safepoint    ] Leaving safepoint region
[2019-12-09T02:26:21.964+0000][1][safepoint    ] Total time for which application threads were stopped: 0.0000719 seconds, Stopping threads took: 0.0000086 seconds
[2019-12-09T02:26:21.964+0000][1][safepoint    ] Application time: 0.0001790 seconds
[2019-12-09T02:26:21.964+0000][1][safepoint    ] Entering safepoint region: RevokeBias
[2019-12-09T02:26:21.964+0000][1][safepoint    ] Leaving safepoint region
[2019-12-09T02:26:21.964+0000][1][safepoint    ] Total time for which application threads were stopped: 0.0000759 seconds, Stopping threads took: 0.0000096 seconds
[2019-12-09T02:26:21.965+0000][1][safepoint    ] Application time: 0.0003206 seconds
[2019-12-09T02:26:21.965+0000][1][safepoint    ] Entering safepoint region: RevokeBias
[2019-12-09T02:26:21.965+0000][1][safepoint    ] Leaving safepoint region
[2019-12-09T02:26:21.965+0000][1][safepoint    ] Total time for which application threads were stopped: 0.0000824 seconds, Stopping threads took: 0.0000100 seconds
[2019-12-09T02:26:21.965+0000][1][safepoint    ] Application time: 0.0001045 seconds
[2019-12-09T02:26:21.965+0000][1][safepoint    ] Entering safepoint region: RevokeBias
[2019-12-09T02:26:21.965+0000][1][safepoint    ] Leaving safepoint region
[2019-12-09T02:26:21.965+0000][1][safepoint    ] Total time for which application threads were stopped: 0.0000736 seconds, Stopping threads took: 0.0000091 seconds
[2019-12-09T02:26:21.965+0000][1][safepoint    ] Application time: 0.0002257 seconds
[2019-12-09T02:26:21.965+0000][1][safepoint    ] Entering safepoint region: RevokeBias
[2019-12-09T02:26:21.965+0000][1][safepoint    ] Leaving safepoint region
[2019-12-09T02:26:21.965+0000][1][safepoint    ] Total time for which application threads were stopped: 0.0000845 seconds, Stopping threads took: 0.0000098 seconds
[2019-12-09T02:26:21.965+0000][1][safepoint    ] Application time: 0.0000712 seconds
[2019-12-09T02:26:21.965+0000][1][safepoint    ] Entering safepoint region: RevokeBias
[2019-12-09T02:26:21.965+0000][1][safepoint    ] Leaving safepoint region
[2019-12-09T02:26:21.965+0000][1][safepoint    ] Total time for which application threads were stopped: 0.0000698 seconds, Stopping threads took: 0.0000083 seconds
[2019-12-09T02:26:21.965+0000][1][safepoint    ] Application time: 0.0000541 seconds
[2019-12-09T02:26:21.965+0000][1][safepoint    ] Entering safepoint region: RevokeBias
[2019-12-09T02:26:21.965+0000][1][safepoint    ] Leaving safepoint region
[2019-12-09T02:26:21.965+0000][1][safepoint    ] Total time for which application threads were stopped: 0.0000676 seconds, Stopping threads took: 0.0000080 seconds
[2019-12-09T02:26:21.966+0000][1][safepoint    ] Application time: 0.0000525 seconds
[2019-12-09T02:26:21.966+0000][1][safepoint    ] Entering safepoint region: RevokeBias
[2019-12-09T02:26:21.966+0000][1][safepoint    ] Leaving safepoint region
[2019-12-09T02:26:21.966+0000][1][safepoint    ] Total time for which application threads were stopped: 0.0000618 seconds, Stopping threads took: 0.0000079 seconds
[2019-12-09T02:26:21.966+0000][1][safepoint    ] Application time: 0.0003865 seconds
[2019-12-09T02:26:21.966+0000][1][safepoint    ] Entering safepoint region: RevokeBias
[2019-12-09T02:26:21.966+0000][1][safepoint    ] Leaving safepoint region
[2019-12-09T02:26:21.966+0000][1][safepoint    ] Total time for which application threads were stopped: 0.0000931 seconds, Stopping threads took: 0.0000109 seconds
[2019-12-09T02:26:21.966+0000][1][safepoint    ] Application time: 0.0001483 seconds
[2019-12-09T02:26:21.966+0000][1][safepoint    ] Entering safepoint region: RevokeBias
[2019-12-09T02:26:21.966+0000][1][safepoint    ] Leaving safepoint region
[2019-12-09T02:26:21.966+0000][1][safepoint    ] Total time for which application threads were stopped: 0.0000972 seconds, Stopping threads took: 0.0000099 seconds
[2019-12-09T02:26:21.967+0000][1][safepoint    ] Application time: 0.0004158 seconds
[2019-12-09T02:26:21.967+0000][1][safepoint    ] Entering safepoint region: RevokeBias
[2019-12-09T02:26:21.967+0000][1][safepoint    ] Leaving safepoint region
[2019-12-09T02:26:21.967+0000][1][safepoint    ] Total time for which application threads were stopped: 0.0000737 seconds, Stopping threads took: 0.0000088 seconds
[2019-12-09T02:26:21.967+0000][1][safepoint    ] Application time: 0.0004077 seconds
[2019-12-09T02:26:21.967+0000][1][safepoint    ] Entering safepoint region: RevokeBias
[2019-12-09T02:26:21.967+0000][1][safepoint    ] Leaving safepoint region
[2019-12-09T02:26:21.967+0000][1][safepoint    ] Total time for which application threads were stopped: 0.0000749 seconds, Stopping threads took: 0.0000091 seconds
[2019-12-09T02:26:21.968+0000][1][safepoint    ] Application time: 0.0001232 seconds
[2019-12-09T02:26:21.968+0000][1][safepoint    ] Entering safepoint region: RevokeBias
[2019-12-09T02:26:21.968+0000][1][safepoint    ] Leaving safepoint region
[2019-12-09T02:26:21.968+0000][1][safepoint    ] Total time for which application threads were stopped: 0.0000641 seconds, Stopping threads took: 0.0000081 seconds
[2019-12-09T02:26:21.968+0000][1][safepoint    ] Application time: 0.0002172 seconds
[2019-12-09T02:26:21.968+0000][1][safepoint    ] Entering safepoint region: RevokeBias
[2019-12-09T02:26:21.968+0000][1][safepoint    ] Leaving safepoint region
[2019-12-09T02:26:21.968+0000][1][safepoint    ] Total time for which application threads were stopped: 0.0000707 seconds, Stopping threads took: 0.0000091 seconds
[2019-12-09T02:26:21.981+0000][1][safepoint    ] Application time: 0.0135419 seconds
[2019-12-09T02:26:21.981+0000][1][safepoint    ] Entering safepoint region: RevokeBias
[2019-12-09T02:26:21.982+0000][1][safepoint    ] Leaving safepoint region
[2019-12-09T02:26:21.982+0000][1][safepoint    ] Total time for which application threads were stopped: 0.0000927 seconds, Stopping threads took: 0.0000114 seconds
[2019-12-09T02:26:21.982+0000][1][safepoint    ] Application time: 0.0000686 seconds
[2019-12-09T02:26:21.982+0000][1][safepoint    ] Entering safepoint region: RevokeBias
[2019-12-09T02:26:21.982+0000][1][safepoint    ] Leaving safepoint region
[2019-12-09T02:26:21.982+0000][1][safepoint    ] Total time for which application threads were stopped: 0.0000988 seconds, Stopping threads took: 0.0000274 seconds
[2019-12-09T02:26:21.984+0000][1][safepoint    ] Application time: 0.0018892 seconds
[2019-12-09T02:26:21.984+0000][1][safepoint    ] Entering safepoint region: RevokeBias
[2019-12-09T02:26:21.984+0000][1][safepoint    ] Leaving safepoint region
[2019-12-09T02:26:21.984+0000][1][safepoint    ] Total time for which application threads were stopped: 0.0000931 seconds, Stopping threads took: 0.0000113 seconds
[2019-12-09T02:26:21.984+0000][1][safepoint    ] Application time: 0.0002925 seconds
[2019-12-09T02:26:21.984+0000][1][safepoint    ] Entering safepoint region: RevokeBias
[2019-12-09T02:26:21.984+0000][1][safepoint    ] Leaving safepoint region
[2019-12-09T02:26:21.984+0000][1][safepoint    ] Total time for which application threads were stopped: 0.0000906 seconds, Stopping threads took: 0.0000104 seconds
[2019-12-09T02:26:21.984+0000][1][safepoint    ] Application time: 0.0000638 seconds
[2019-12-09T02:26:21.984+0000][1][safepoint    ] Entering safepoint region: RevokeBias
[2019-12-09T02:26:21.984+0000][1][safepoint    ] Leaving safepoint region
[2019-12-09T02:26:21.984+0000][1][safepoint    ] Total time for which application threads were stopped: 0.0000699 seconds, Stopping threads took: 0.0000084 seconds
[2019-12-09T02:26:21.984+0000][1][safepoint    ] Application time: 0.0000646 seconds
[2019-12-09T02:26:21.984+0000][1][safepoint    ] Entering safepoint region: RevokeBias
[2019-12-09T02:26:21.985+0000][1][safepoint    ] Leaving safepoint region
[2019-12-09T02:26:21.985+0000][1][safepoint    ] Total time for which application threads were stopped: 0.0000740 seconds, Stopping threads took: 0.0000089 seconds
[2019-12-09T02:26:21.985+0000][1][safepoint    ] Application time: 0.0002576 seconds
[2019-12-09T02:26:21.985+0000][1][safepoint    ] Entering safepoint region: RevokeBias
[2019-12-09T02:26:21.985+0000][1][safepoint    ] Leaving safepoint region
[2019-12-09T02:26:21.985+0000][1][safepoint    ] Total time for which application threads were stopped: 0.0000714 seconds, Stopping threads took: 0.0000103 seconds
[2019-12-09T02:26:21.985+0000][1][safepoint    ] Application time: 0.0000652 seconds
[2019-12-09T02:26:21.985+0000][1][safepoint    ] Entering safepoint region: RevokeBias
[2019-12-09T02:26:21.985+0000][1][safepoint    ] Leaving safepoint region
[2019-12-09T02:26:21.985+0000][1][safepoint    ] Total time for which application threads were stopped: 0.0000486 seconds, Stopping threads took: 0.0000085 seconds
[2019-12-09T02:26:21.985+0000][1][safepoint    ] Application time: 0.0001539 seconds
[2019-12-09T02:26:21.985+0000][1][safepoint    ] Entering safepoint region: RevokeBias
[2019-12-09T02:26:21.985+0000][1][safepoint    ] Leaving safepoint region
[2019-12-09T02:26:21.985+0000][1][safepoint    ] Total time for which application threads were stopped: 0.0000398 seconds, Stopping threads took: 0.0000100 seconds
[2019-12-09T02:26:21.985+0000][1][safepoint    ] Application time: 0.0000551 seconds
[2019-12-09T02:26:21.985+0000][1][safepoint    ] Entering safepoint region: RevokeBias
[2019-12-09T02:26:21.985+0000][1][safepoint    ] Leaving safepoint region
[2019-12-09T02:26:21.985+0000][1][safepoint    ] Total time for which application threads were stopped: 0.0000295 seconds, Stopping threads took: 0.0000076 seconds
[2019-12-09T02:26:21.985+0000][1][safepoint    ] Application time: 0.0000560 seconds
[2019-12-09T02:26:21.985+0000][1][safepoint    ] Entering safepoint region: RevokeBias
[2019-12-09T02:26:21.985+0000][1][safepoint    ] Leaving safepoint region
[2019-12-09T02:26:21.985+0000][1][safepoint    ] Total time for which application threads were stopped: 0.0000331 seconds, Stopping threads took: 0.0000070 seconds
[2019-12-09T02:26:21.985+0000][1][safepoint    ] Application time: 0.0000511 seconds
[2019-12-09T02:26:21.985+0000][1][safepoint    ] Entering safepoint region: RevokeBias
[2019-12-09T02:26:21.986+0000][1][safepoint    ] Leaving safepoint region
[2019-12-09T02:26:21.986+0000][1][safepoint    ] Total time for which application threads were stopped: 0.0000271 seconds, Stopping threads took: 0.0000080 seconds
[2019-12-09T02:26:21.986+0000][1][safepoint    ] Application time: 0.0000525 seconds
[2019-12-09T02:26:21.986+0000][1][safepoint    ] Entering safepoint region: RevokeBias
[2019-12-09T02:26:21.986+0000][1][safepoint    ] Leaving safepoint region
[2019-12-09T02:26:21.986+0000][1][safepoint    ] Total time for which application threads were stopped: 0.0000316 seconds, Stopping threads took: 0.0000080 seconds
[2019-12-09T02:26:21.986+0000][1][safepoint    ] Application time: 0.0000695 seconds
[2019-12-09T02:26:21.986+0000][1][safepoint    ] Entering safepoint region: RevokeBias
[2019-12-09T02:26:21.986+0000][1][safepoint    ] Leaving safepoint region
[2019-12-09T02:26:21.986+0000][1][safepoint    ] Total time for which application threads were stopped: 0.0000328 seconds, Stopping threads took: 0.0000085 seconds
[2019-12-09T02:26:21.986+0000][1][safepoint    ] Application time: 0.0000595 seconds
[2019-12-09T02:26:21.986+0000][1][safepoint    ] Entering safepoint region: RevokeBias
[2019-12-09T02:26:21.986+0000][1][safepoint    ] Leaving safepoint region
[2019-12-09T02:26:21.986+0000][1][safepoint    ] Total time for which application threads were stopped: 0.0000271 seconds, Stopping threads took: 0.0000073 seconds
[2019-12-09T02:26:21.986+0000][1][safepoint    ] Application time: 0.0000516 seconds
[2019-12-09T02:26:21.986+0000][1][safepoint    ] Entering safepoint region: RevokeBias
[2019-12-09T02:26:21.986+0000][1][safepoint    ] Leaving safepoint region
[2019-12-09T02:26:21.986+0000][1][safepoint    ] Total time for which application threads were stopped: 0.0000269 seconds, Stopping threads took: 0.0000074 seconds
[2019-12-09T02:26:21.986+0000][1][safepoint    ] Application time: 0.0000491 seconds
[2019-12-09T02:26:21.986+0000][1][safepoint    ] Entering safepoint region: RevokeBias
[2019-12-09T02:26:21.986+0000][1][safepoint    ] Leaving safepoint region
[2019-12-09T02:26:21.986+0000][1][safepoint    ] Total time for which application threads were stopped: 0.0000269 seconds, Stopping threads took: 0.0000074 seconds
[2019-12-09T02:26:21.986+0000][1][safepoint    ] Application time: 0.0000490 seconds
[2019-12-09T02:26:21.986+0000][1][safepoint    ] Entering safepoint region: RevokeBias
[2019-12-09T02:26:21.986+0000][1][safepoint    ] Leaving safepoint region
[2019-12-09T02:26:21.986+0000][1][safepoint    ] Total time for which application threads were stopped: 0.0000265 seconds, Stopping threads took: 0.0000074 seconds
[2019-12-09T02:26:21.986+0000][1][safepoint    ] Application time: 0.0000512 seconds
[2019-12-09T02:26:21.986+0000][1][safepoint    ] Entering safepoint region: RevokeBias
[2019-12-09T02:26:21.986+0000][1][safepoint    ] Leaving safepoint region
[2019-12-09T02:26:21.986+0000][1][safepoint    ] Total time for which application threads were stopped: 0.0000265 seconds, Stopping threads took: 0.0000073 seconds
[2019-12-09T02:26:21.986+0000][1][safepoint    ] Application time: 0.0000487 seconds
[2019-12-09T02:26:21.986+0000][1][safepoint    ] Entering safepoint region: RevokeBias
[2019-12-09T02:26:21.986+0000][1][safepoint    ] Leaving safepoint region
[2019-12-09T02:26:21.986+0000][1][safepoint    ] Total time for which application threads were stopped: 0.0000275 seconds, Stopping threads took: 0.0000078 seconds
[2019-12-09T02:26:21.986+0000][1][safepoint    ] Application time: 0.0000497 seconds
[2019-12-09T02:26:21.986+0000][1][safepoint    ] Entering safepoint region: RevokeBias
[2019-12-09T02:26:21.986+0000][1][safepoint    ] Leaving safepoint region
[2019-12-09T02:26:21.986+0000][1][safepoint    ] Total time for which application threads were stopped: 0.0000311 seconds, Stopping threads took: 0.0000116 seconds
[2019-12-09T02:26:21.986+0000][1][safepoint    ] Application time: 0.0000491 seconds
[2019-12-09T02:26:21.986+0000][1][safepoint    ] Entering safepoint region: RevokeBias
[2019-12-09T02:26:21.986+0000][1][safepoint    ] Leaving safepoint region
[2019-12-09T02:26:21.986+0000][1][safepoint    ] Total time for which application threads were stopped: 0.0000273 seconds, Stopping threads took: 0.0000074 seconds
[2019-12-09T02:26:21.987+0000][1][safepoint    ] Application time: 0.0000486 seconds
[2019-12-09T02:26:21.987+0000][1][safepoint    ] Entering safepoint region: RevokeBias
[2019-12-09T02:26:21.987+0000][1][safepoint    ] Leaving safepoint region
[2019-12-09T02:26:21.987+0000][1][safepoint    ] Total time for which application threads were stopped: 0.0000267 seconds, Stopping threads took: 0.0000071 seconds
[2019-12-09T02:26:21.987+0000][1][safepoint    ] Application time: 0.0000491 seconds
[2019-12-09T02:26:21.987+0000][1][safepoint    ] Entering safepoint region: RevokeBias
[2019-12-09T02:26:21.987+0000][1][safepoint    ] Leaving safepoint region
[2019-12-09T02:26:21.987+0000][1][safepoint    ] Total time for which application threads were stopped: 0.0000270 seconds, Stopping threads took: 0.0000075 seconds
[2019-12-09T02:26:21.987+0000][1][safepoint    ] Application time: 0.0000654 seconds
[2019-12-09T02:26:21.987+0000][1][safepoint    ] Entering safepoint region: BulkRevokeBias
[2019-12-09T02:26:21.987+0000][1][safepoint    ] Leaving safepoint region
[2019-12-09T02:26:21.987+0000][1][safepoint    ] Total time for which application threads were stopped: 0.0000936 seconds, Stopping threads took: 0.0000082 seconds
[2019-12-09T02:26:22.545+0000][1][safepoint    ] Application time: 0.5581325 seconds
[2019-12-09T02:26:22.545+0000][1][safepoint    ] Entering safepoint region: RevokeBias
[2019-12-09T02:26:22.545+0000][1][safepoint    ] Leaving safepoint region
[2019-12-09T02:26:22.545+0000][1][safepoint    ] Total time for which application threads were stopped: 0.0001971 seconds, Stopping threads took: 0.0000761 seconds
[2019-12-09T02:26:22.545+0000][1][safepoint    ] Application time: 0.0000654 seconds
[2019-12-09T02:26:22.545+0000][1][safepoint    ] Entering safepoint region: RevokeBias
[2019-12-09T02:26:22.545+0000][1][safepoint    ] Leaving safepoint region
[2019-12-09T02:26:22.545+0000][1][safepoint    ] Total time for which application threads were stopped: 0.0000387 seconds, Stopping threads took: 0.0000080 seconds
[2019-12-09T02:26:23.383+0000][1][safepoint    ] Application time: 0.8380835 seconds
[2019-12-09T02:26:23.383+0000][1][safepoint    ] Entering safepoint region: GenCollectForAllocation
[2019-12-09T02:26:23.384+0000][1][gc,start     ] GC(20) Pause Young (Allocation Failure)
[2019-12-09T02:26:23.384+0000][1][gc,task      ] GC(20) Using 2 workers of 2 for evacuation
[2019-12-09T02:26:23.744+0000][1][gc,age       ] GC(20) Desired survivor size 4456448 bytes, new threshold 2 (max threshold 6)
[2019-12-09T02:26:23.744+0000][1][gc,age       ] GC(20) Age table with threshold 2 (max threshold 6)
[2019-12-09T02:26:23.744+0000][1][gc,age       ] GC(20) - age   1:    2727064 bytes,    2727064 total
[2019-12-09T02:26:23.744+0000][1][gc,age       ] GC(20) - age   2:    2529312 bytes,    5256376 total
[2019-12-09T02:26:23.744+0000][1][gc,heap      ] GC(20) ParNew: 77071K->8704K(78656K)
[2019-12-09T02:26:23.744+0000][1][gc,heap      ] GC(20) CMS: 54813K->57962K(174784K)
[2019-12-09T02:26:23.744+0000][1][gc,metaspace ] GC(20) Metaspace: 48381K->48381K(1093632K)
[2019-12-09T02:26:23.744+0000][1][gc           ] GC(20) Pause Young (Allocation Failure) 128M->65M(247M) 360.669ms
[2019-12-09T02:26:23.744+0000][1][gc,cpu       ] GC(20) User=0.08s Sys=0.00s Real=0.36s
[2019-12-09T02:26:23.744+0000][1][safepoint    ] Leaving safepoint region
[2019-12-09T02:26:23.744+0000][1][safepoint    ] Total time for which application threads were stopped: 0.3608019 seconds, Stopping threads took: 0.0000145 seconds
[2019-12-09T02:26:23.823+0000][1][safepoint    ] Application time: 0.0784353 seconds
[2019-12-09T02:26:23.852+0000][1][safepoint    ] Entering safepoint region: RevokeBias
[2019-12-09T02:26:23.852+0000][1][safepoint    ] Leaving safepoint region
[2019-12-09T02:26:23.852+0000][1][safepoint    ] Total time for which application threads were stopped: 0.0290680 seconds, Stopping threads took: 0.0290051 seconds
[2019-12-09T02:26:23.878+0000][1][safepoint    ] Application time: 0.0263443 seconds
[2019-12-09T02:26:23.878+0000][1][safepoint    ] Entering safepoint region: RevokeBias
[2019-12-09T02:26:23.878+0000][1][safepoint    ] Leaving safepoint region
[2019-12-09T02:26:23.878+0000][1][safepoint    ] Total time for which application threads were stopped: 0.0000640 seconds, Stopping threads took: 0.0000139 seconds
[2019-12-09T02:26:23.919+0000][1][safepoint    ] Application time: 0.0406501 seconds
[2019-12-09T02:26:23.990+0000][1][safepoint    ] Entering safepoint region: RevokeBias
[2019-12-09T02:26:23.990+0000][1][safepoint    ] Leaving safepoint region
[2019-12-09T02:26:23.990+0000][1][safepoint    ] Total time for which application threads were stopped: 0.0710444 seconds, Stopping threads took: 0.0709113 seconds
[2019-12-09T02:26:24.008+0000][1][safepoint    ] Application time: 0.0177442 seconds
[2019-12-09T02:26:24.008+0000][1][safepoint    ] Entering safepoint region: RevokeBias
[2019-12-09T02:26:24.008+0000][1][safepoint    ] Leaving safepoint region
[2019-12-09T02:26:24.008+0000][1][safepoint    ] Total time for which application threads were stopped: 0.0001502 seconds, Stopping threads took: 0.0000448 seconds
[2019-12-09T02:26:24.008+0000][1][safepoint    ] Application time: 0.0000707 seconds
[2019-12-09T02:26:24.008+0000][1][safepoint    ] Entering safepoint region: RevokeBias
[2019-12-09T02:26:24.008+0000][1][safepoint    ] Leaving safepoint region
[2019-12-09T02:26:24.008+0000][1][safepoint    ] Total time for which application threads were stopped: 0.0000643 seconds, Stopping threads took: 0.0000083 seconds
[2019-12-09T02:26:24.008+0000][1][safepoint    ] Application time: 0.0003947 seconds
[2019-12-09T02:26:24.009+0000][1][safepoint    ] Entering safepoint region: RevokeBias
[2019-12-09T02:26:24.009+0000][1][safepoint    ] Leaving safepoint region
[2019-12-09T02:26:24.009+0000][1][safepoint    ] Total time for which application threads were stopped: 0.0000874 seconds, Stopping threads took: 0.0000106 seconds
[2019-12-09T02:26:24.009+0000][1][safepoint    ] Application time: 0.0000999 seconds
[2019-12-09T02:26:24.009+0000][1][safepoint    ] Entering safepoint region: RevokeBias
[2019-12-09T02:26:24.009+0000][1][safepoint    ] Leaving safepoint region
[2019-12-09T02:26:24.009+0000][1][safepoint    ] Total time for which application threads were stopped: 0.0000662 seconds, Stopping threads took: 0.0000078 seconds
[2019-12-09T02:26:24.009+0000][1][safepoint    ] Application time: 0.0000469 seconds
[2019-12-09T02:26:24.009+0000][1][safepoint    ] Entering safepoint region: RevokeBias
[2019-12-09T02:26:24.009+0000][1][safepoint    ] Leaving safepoint region
[2019-12-09T02:26:24.009+0000][1][safepoint    ] Total time for which application threads were stopped: 0.0000511 seconds, Stopping threads took: 0.0000064 seconds
[2019-12-09T02:26:24.009+0000][1][safepoint    ] Application time: 0.0000439 seconds
[2019-12-09T02:26:24.009+0000][1][safepoint    ] Entering safepoint region: RevokeBias
[2019-12-09T02:26:24.009+0000][1][safepoint    ] Leaving safepoint region
[2019-12-09T02:26:24.009+0000][1][safepoint    ] Total time for which application threads were stopped: 0.0000516 seconds, Stopping threads took: 0.0000068 seconds
[2019-12-09T02:26:24.009+0000][1][safepoint    ] Application time: 0.0000460 seconds
[2019-12-09T02:26:24.009+0000][1][safepoint    ] Entering safepoint region: RevokeBias
[2019-12-09T02:26:24.009+0000][1][safepoint    ] Leaving safepoint region
[2019-12-09T02:26:24.009+0000][1][safepoint    ] Total time for which application threads were stopped: 0.0000591 seconds, Stopping threads took: 0.0000073 seconds
[2019-12-09T02:26:24.009+0000][1][safepoint    ] Application time: 0.0000454 seconds
[2019-12-09T02:26:24.009+0000][1][safepoint    ] Entering safepoint region: RevokeBias
[2019-12-09T02:26:24.009+0000][1][safepoint    ] Leaving safepoint region
[2019-12-09T02:26:24.009+0000][1][safepoint    ] Total time for which application threads were stopped: 0.0000546 seconds, Stopping threads took: 0.0000069 seconds
[2019-12-09T02:26:24.009+0000][1][safepoint    ] Application time: 0.0000439 seconds
[2019-12-09T02:26:24.009+0000][1][safepoint    ] Entering safepoint region: RevokeBias
[2019-12-09T02:26:24.009+0000][1][safepoint    ] Leaving safepoint region
[2019-12-09T02:26:24.009+0000][1][safepoint    ] Total time for which application threads were stopped: 0.0000529 seconds, Stopping threads took: 0.0000065 seconds
[2019-12-09T02:26:24.009+0000][1][safepoint    ] Application time: 0.0000441 seconds
[2019-12-09T02:26:24.009+0000][1][safepoint    ] Entering safepoint region: RevokeBias
[2019-12-09T02:26:24.009+0000][1][safepoint    ] Leaving safepoint region
[2019-12-09T02:26:24.009+0000][1][safepoint    ] Total time for which application threads were stopped: 0.0000529 seconds, Stopping threads took: 0.0000065 seconds
[2019-12-09T02:26:24.010+0000][1][safepoint    ] Application time: 0.0000435 seconds
[2019-12-09T02:26:24.010+0000][1][safepoint    ] Entering safepoint region: RevokeBias
[2019-12-09T02:26:24.010+0000][1][safepoint    ] Leaving safepoint region
[2019-12-09T02:26:24.010+0000][1][safepoint    ] Total time for which application threads were stopped: 0.0000531 seconds, Stopping threads took: 0.0000065 seconds
[2019-12-09T02:26:24.010+0000][1][safepoint    ] Application time: 0.0000459 seconds
[2019-12-09T02:26:24.010+0000][1][safepoint    ] Entering safepoint region: RevokeBias
[2019-12-09T02:26:24.010+0000][1][safepoint    ] Leaving safepoint region
[2019-12-09T02:26:24.010+0000][1][safepoint    ] Total time for which application threads were stopped: 0.0000301 seconds, Stopping threads took: 0.0000068 seconds
[2019-12-09T02:26:24.010+0000][1][safepoint    ] Application time: 0.0000554 seconds
[2019-12-09T02:26:24.010+0000][1][safepoint    ] Entering safepoint region: RevokeBias
[2019-12-09T02:26:24.010+0000][1][safepoint    ] Leaving safepoint region
[2019-12-09T02:26:24.010+0000][1][safepoint    ] Total time for which application threads were stopped: 0.0000573 seconds, Stopping threads took: 0.0000067 seconds
[2019-12-09T02:26:24.010+0000][1][safepoint    ] Application time: 0.0000451 seconds
[2019-12-09T02:26:24.010+0000][1][safepoint    ] Entering safepoint region: RevokeBias
[2019-12-09T02:26:24.010+0000][1][safepoint    ] Leaving safepoint region
[2019-12-09T02:26:24.010+0000][1][safepoint    ] Total time for which application threads were stopped: 0.0000536 seconds, Stopping threads took: 0.0000066 seconds
[2019-12-09T02:26:24.010+0000][1][safepoint    ] Application time: 0.0000434 seconds
[2019-12-09T02:26:24.010+0000][1][safepoint    ] Entering safepoint region: RevokeBias
[2019-12-09T02:26:24.010+0000][1][safepoint    ] Leaving safepoint region
[2019-12-09T02:26:24.010+0000][1][safepoint    ] Total time for which application threads were stopped: 0.0000525 seconds, Stopping threads took: 0.0000066 seconds
[2019-12-09T02:26:24.010+0000][1][safepoint    ] Application time: 0.0000429 seconds
[2019-12-09T02:26:24.010+0000][1][safepoint    ] Entering safepoint region: RevokeBias
[2019-12-09T02:26:24.010+0000][1][safepoint    ] Leaving safepoint region
[2019-12-09T02:26:24.010+0000][1][safepoint    ] Total time for which application threads were stopped: 0.0000526 seconds, Stopping threads took: 0.0000067 seconds
[2019-12-09T02:26:24.010+0000][1][safepoint    ] Application time: 0.0000436 seconds
[2019-12-09T02:26:24.010+0000][1][safepoint    ] Entering safepoint region: RevokeBias
[2019-12-09T02:26:24.010+0000][1][safepoint    ] Leaving safepoint region
[2019-12-09T02:26:24.010+0000][1][safepoint    ] Total time for which application threads were stopped: 0.0000528 seconds, Stopping threads took: 0.0000067 seconds
[2019-12-09T02:26:24.644+0000][1][safepoint    ] Application time: 0.6337026 seconds
[2019-12-09T02:26:24.644+0000][1][safepoint    ] Entering safepoint region: RevokeBias
[2019-12-09T02:26:24.644+0000][1][safepoint    ] Leaving safepoint region
[2019-12-09T02:26:24.644+0000][1][safepoint    ] Total time for which application threads were stopped: 0.0004711 seconds, Stopping threads took: 0.0000161 seconds
[2019-12-09T02:26:24.976+0000][1][safepoint    ] Application time: 0.3315467 seconds
[2019-12-09T02:26:24.977+0000][1][safepoint    ] Entering safepoint region: RevokeBias
[2019-12-09T02:26:24.977+0000][1][safepoint    ] Leaving safepoint region
[2019-12-09T02:26:24.977+0000][1][safepoint    ] Total time for which application threads were stopped: 0.0005601 seconds, Stopping threads took: 0.0004960 seconds
[2019-12-09T02:26:25.616+0000][1][safepoint    ] Application time: 0.6390477 seconds
[2019-12-09T02:26:25.616+0000][1][safepoint    ] Entering safepoint region: BulkRevokeBias
[2019-12-09T02:26:25.616+0000][1][safepoint    ] Leaving safepoint region
[2019-12-09T02:26:25.616+0000][1][safepoint    ] Total time for which application threads were stopped: 0.0001656 seconds, Stopping threads took: 0.0000178 seconds
[2019-12-09T02:26:25.998+0000][1][safepoint    ] Application time: 0.3821443 seconds
[2019-12-09T02:26:26.040+0000][1][safepoint    ] Entering safepoint region: RevokeBias
[2019-12-09T02:26:26.040+0000][1][safepoint    ] Leaving safepoint region
[2019-12-09T02:26:26.040+0000][1][safepoint    ] Total time for which application threads were stopped: 0.0422051 seconds, Stopping threads took: 0.0417175 seconds
[2019-12-09T02:26:27.043+0000][1][safepoint    ] Application time: 1.0024343 seconds
[2019-12-09T02:26:27.047+0000][1][safepoint    ] Entering safepoint region: Cleanup
[2019-12-09T02:26:27.047+0000][1][safepoint    ] Leaving safepoint region
[2019-12-09T02:26:27.047+0000][1][safepoint    ] Total time for which application threads were stopped: 0.0040425 seconds, Stopping threads took: 0.0039784 seconds
[2019-12-09T02:26:28.049+0000][1][safepoint    ] Application time: 1.0019052 seconds
[2019-12-09T02:26:28.049+0000][1][safepoint    ] Entering safepoint region: Cleanup
[2019-12-09T02:26:28.049+0000][1][safepoint    ] Leaving safepoint region
[2019-12-09T02:26:28.049+0000][1][safepoint    ] Total time for which application threads were stopped: 0.0001406 seconds, Stopping threads took: 0.0000443 seconds
[2019-12-09T02:26:29.052+0000][1][safepoint    ] Application time: 1.0028069 seconds
[2019-12-09T02:26:29.083+0000][1][safepoint    ] Entering safepoint region: Cleanup
[2019-12-09T02:26:29.083+0000][1][safepoint    ] Leaving safepoint region
[2019-12-09T02:26:29.083+0000][1][safepoint    ] Total time for which application threads were stopped: 0.0313714 seconds, Stopping threads took: 0.0313235 seconds
[2019-12-09T02:26:29.103+0000][1][safepoint    ] Application time: 0.0196587 seconds
[2019-12-09T02:26:29.114+0000][1][safepoint    ] Entering safepoint region: GenCollectForAllocation
[2019-12-09T02:26:29.114+0000][1][gc,start     ] GC(21) Pause Young (Allocation Failure)
[2019-12-09T02:26:29.114+0000][1][gc,task      ] GC(21) Using 2 workers of 2 for evacuation
[2019-12-09T02:26:29.186+0000][1][gc,age       ] GC(21) Desired survivor size 4456448 bytes, new threshold 6 (max threshold 6)
[2019-12-09T02:26:29.186+0000][1][gc,age       ] GC(21) Age table with threshold 6 (max threshold 6)
[2019-12-09T02:26:29.186+0000][1][gc,age       ] GC(21) - age   1:    1634888 bytes,    1634888 total
[2019-12-09T02:26:29.186+0000][1][gc,age       ] GC(21) - age   2:    2657816 bytes,    4292704 total
[2019-12-09T02:26:29.186+0000][1][gc,heap      ] GC(21) ParNew: 78656K->6307K(78656K)
[2019-12-09T02:26:29.186+0000][1][gc,heap      ] GC(21) CMS: 57962K->60497K(174784K)
[2019-12-09T02:26:29.186+0000][1][gc,metaspace ] GC(21) Metaspace: 56127K->56127K(1099776K)
[2019-12-09T02:26:29.186+0000][1][gc           ] GC(21) Pause Young (Allocation Failure) 133M->65M(247M) 72.080ms
[2019-12-09T02:26:29.186+0000][1][gc,cpu       ] GC(21) User=0.04s Sys=0.00s Real=0.08s
[2019-12-09T02:26:29.186+0000][1][safepoint    ] Leaving safepoint region
[2019-12-09T02:26:29.186+0000][1][safepoint    ] Total time for which application threads were stopped: 0.0831456 seconds, Stopping threads took: 0.0109187 seconds
[2019-12-09T02:26:30.234+0000][1][safepoint    ] Application time: 1.0477384 seconds
[2019-12-09T02:26:30.234+0000][1][safepoint    ] Entering safepoint region: Cleanup
[2019-12-09T02:26:30.234+0000][1][safepoint    ] Leaving safepoint region
[2019-12-09T02:26:30.234+0000][1][safepoint    ] Total time for which application threads were stopped: 0.0000905 seconds, Stopping threads took: 0.0000205 seconds
[2019-12-09T02:26:30.372+0000][1][safepoint    ] Application time: 0.1377543 seconds
[2019-12-09T02:26:30.372+0000][1][safepoint    ] Entering safepoint region: Deoptimize
[2019-12-09T02:26:30.372+0000][1][safepoint    ] Leaving safepoint region
[2019-12-09T02:26:30.372+0000][1][safepoint    ] Total time for which application threads were stopped: 0.0006354 seconds, Stopping threads took: 0.0000162 seconds
[2019-12-09T02:26:30.758+0000][1][safepoint    ] Application time: 0.3854240 seconds
[2019-12-09T02:26:30.835+0000][1][safepoint    ] Entering safepoint region: RevokeBias
[2019-12-09T02:26:30.835+0000][1][safepoint    ] Leaving safepoint region
[2019-12-09T02:26:30.835+0000][1][safepoint    ] Total time for which application threads were stopped: 0.0772206 seconds, Stopping threads took: 0.0771016 seconds
[2019-12-09T02:26:30.838+0000][1][safepoint    ] Application time: 0.0027143 seconds
[2019-12-09T02:26:30.840+0000][1][safepoint    ] Entering safepoint region: RevokeBias
[2019-12-09T02:26:30.840+0000][1][safepoint    ] Leaving safepoint region
[2019-12-09T02:26:30.840+0000][1][safepoint    ] Total time for which application threads were stopped: 0.0021715 seconds, Stopping threads took: 0.0020713 seconds
[2019-12-09T02:26:30.841+0000][1][safepoint    ] Application time: 0.0009969 seconds
[2019-12-09T02:26:30.841+0000][1][safepoint    ] Entering safepoint region: RevokeBias
[2019-12-09T02:26:30.841+0000][1][safepoint    ] Leaving safepoint region
[2019-12-09T02:26:30.841+0000][1][safepoint    ] Total time for which application threads were stopped: 0.0000933 seconds, Stopping threads took: 0.0000127 seconds
[2019-12-09T02:26:30.913+0000][1][safepoint    ] Application time: 0.0716774 seconds
[2019-12-09T02:26:30.913+0000][1][safepoint    ] Entering safepoint region: RevokeBias
[2019-12-09T02:26:30.913+0000][1][safepoint    ] Leaving safepoint region
[2019-12-09T02:26:30.913+0000][1][safepoint    ] Total time for which application threads were stopped: 0.0000899 seconds, Stopping threads took: 0.0000152 seconds
[2019-12-09T02:26:30.925+0000][1][safepoint    ] Application time: 0.0118729 seconds
[2019-12-09T02:26:30.925+0000][1][safepoint    ] Entering safepoint region: RevokeBias
[2019-12-09T02:26:30.925+0000][1][safepoint    ] Leaving safepoint region
[2019-12-09T02:26:30.925+0000][1][safepoint    ] Total time for which application threads were stopped: 0.0000817 seconds, Stopping threads took: 0.0000147 seconds
[2019-12-09T02:26:30.936+0000][1][safepoint    ] Application time: 0.0108935 seconds
[2019-12-09T02:26:30.936+0000][1][safepoint    ] Entering safepoint region: RevokeBias
[2019-12-09T02:26:30.936+0000][1][safepoint    ] Leaving safepoint region
[2019-12-09T02:26:30.936+0000][1][safepoint    ] Total time for which application threads were stopped: 0.0000753 seconds, Stopping threads took: 0.0000134 seconds
[2019-12-09T02:26:30.937+0000][1][safepoint    ] Application time: 0.0009354 seconds
[2019-12-09T02:26:30.937+0000][1][safepoint    ] Entering safepoint region: RevokeBias
[2019-12-09T02:26:30.937+0000][1][safepoint    ] Leaving safepoint region
[2019-12-09T02:26:30.937+0000][1][safepoint    ] Total time for which application threads were stopped: 0.0000588 seconds, Stopping threads took: 0.0000110 seconds
[2019-12-09T02:26:31.938+0000][1][safepoint    ] Application time: 1.0008604 seconds
[2019-12-09T02:26:31.947+0000][1][safepoint    ] Entering safepoint region: Cleanup
[2019-12-09T02:26:31.948+0000][1][safepoint    ] Leaving safepoint region
[2019-12-09T02:26:31.948+0000][1][safepoint    ] Total time for which application threads were stopped: 0.0102271 seconds, Stopping threads took: 0.0089787 seconds
[2019-12-09T02:26:32.744+0000][1][safepoint    ] Application time: 0.7957262 seconds
[2019-12-09T02:26:32.744+0000][1][safepoint    ] Entering safepoint region: Deoptimize
[2019-12-09T02:26:32.744+0000][1][safepoint    ] Leaving safepoint region
[2019-12-09T02:26:32.744+0000][1][safepoint    ] Total time for which application threads were stopped: 0.0006980 seconds, Stopping threads took: 0.0000162 seconds
[2019-12-09T02:26:33.745+0000][1][safepoint    ] Application time: 1.0006123 seconds
[2019-12-09T02:26:33.745+0000][1][safepoint    ] Entering safepoint region: Cleanup
[2019-12-09T02:26:33.745+0000][1][safepoint    ] Leaving safepoint region
[2019-12-09T02:26:33.745+0000][1][safepoint    ] Total time for which application threads were stopped: 0.0002850 seconds, Stopping threads took: 0.0002150 seconds
[2019-12-09T02:26:34.746+0000][1][safepoint    ] Application time: 1.0003034 seconds
[2019-12-09T02:26:34.746+0000][1][safepoint    ] Entering safepoint region: Cleanup
[2019-12-09T02:26:34.746+0000][1][safepoint    ] Leaving safepoint region
[2019-12-09T02:26:34.746+0000][1][safepoint    ] Total time for which application threads were stopped: 0.0001230 seconds, Stopping threads took: 0.0000163 seconds
[2019-12-09T02:26:35.747+0000][1][safepoint    ] Application time: 1.0008435 seconds
[2019-12-09T02:26:35.760+0000][1][safepoint    ] Entering safepoint region: Cleanup
[2019-12-09T02:26:35.760+0000][1][safepoint    ] Leaving safepoint region
[2019-12-09T02:26:35.760+0000][1][safepoint    ] Total time for which application threads were stopped: 0.0130608 seconds, Stopping threads took: 0.0129914 seconds
[2019-12-09T02:26:36.194+0000][1][safepoint    ] Application time: 0.4338460 seconds
[2019-12-09T02:26:36.194+0000][1][safepoint    ] Entering safepoint region: RevokeBias
[2019-12-09T02:26:36.194+0000][1][safepoint    ] Leaving safepoint region
[2019-12-09T02:26:36.194+0000][1][safepoint    ] Total time for which application threads were stopped: 0.0001016 seconds, Stopping threads took: 0.0000158 seconds
[2019-12-09T02:26:36.657+0000][1][safepoint    ] Application time: 0.4628859 seconds
[2019-12-09T02:26:36.657+0000][1][safepoint    ] Entering safepoint region: GenCollectForAllocation
[2019-12-09T02:26:36.657+0000][1][gc,start     ] GC(22) Pause Young (Allocation Failure)
[2019-12-09T02:26:36.657+0000][1][gc,task      ] GC(22) Using 2 workers of 2 for evacuation
[2019-12-09T02:26:36.832+0000][1][gc,age       ] GC(22) Desired survivor size 4456448 bytes, new threshold 2 (max threshold 6)
[2019-12-09T02:26:36.832+0000][1][gc,age       ] GC(22) Age table with threshold 2 (max threshold 6)
[2019-12-09T02:26:36.832+0000][1][gc,age       ] GC(22) - age   1:    3423864 bytes,    3423864 total
[2019-12-09T02:26:36.832+0000][1][gc,age       ] GC(22) - age   2:    1526096 bytes,    4949960 total
[2019-12-09T02:26:36.832+0000][1][gc,age       ] GC(22) - age   3:    2604592 bytes,    7554552 total
[2019-12-09T02:26:36.833+0000][1][gc,heap      ] GC(22) ParNew: 76259K->8704K(78656K)
[2019-12-09T02:26:36.833+0000][1][gc,heap      ] GC(22) CMS: 60497K->60775K(174784K)
[2019-12-09T02:26:36.833+0000][1][gc,metaspace ] GC(22) Metaspace: 63215K->63215K(1107968K)
[2019-12-09T02:26:36.833+0000][1][gc           ] GC(22) Pause Young (Allocation Failure) 133M->67M(247M) 175.695ms
[2019-12-09T02:26:36.833+0000][1][gc,cpu       ] GC(22) User=0.04s Sys=0.00s Real=0.17s
[2019-12-09T02:26:36.833+0000][1][safepoint    ] Leaving safepoint region
[2019-12-09T02:26:36.833+0000][1][safepoint    ] Total time for which application threads were stopped: 0.1758410 seconds, Stopping threads took: 0.0000162 seconds
[2019-12-09T02:26:37.038+0000][1][safepoint    ] Application time: 0.2055520 seconds
[2019-12-09T02:26:37.038+0000][1][safepoint    ] Entering safepoint region: Deoptimize
[2019-12-09T02:26:37.039+0000][1][safepoint    ] Leaving safepoint region
[2019-12-09T02:26:37.039+0000][1][safepoint    ] Total time for which application threads were stopped: 0.0007418 seconds, Stopping threads took: 0.0000161 seconds
[2019-12-09T02:26:37.096+0000][1][safepoint    ] Application time: 0.0566556 seconds
[2019-12-09T02:26:37.119+0000][1][safepoint    ] Entering safepoint region: RevokeBias
[2019-12-09T02:26:37.119+0000][1][safepoint    ] Leaving safepoint region
[2019-12-09T02:26:37.119+0000][1][safepoint    ] Total time for which application threads were stopped: 0.0231668 seconds, Stopping threads took: 0.0230772 seconds
[2019-12-09T02:26:37.119+0000][1][safepoint    ] Application time: 0.0000922 seconds
[2019-12-09T02:26:37.119+0000][1][safepoint    ] Entering safepoint region: RevokeBias
[2019-12-09T02:26:37.119+0000][1][safepoint    ] Leaving safepoint region
[2019-12-09T02:26:37.119+0000][1][safepoint    ] Total time for which application threads were stopped: 0.0000443 seconds, Stopping threads took: 0.0000100 seconds
[2019-12-09T02:26:37.119+0000][1][safepoint    ] Application time: 0.0000536 seconds
[2019-12-09T02:26:37.119+0000][1][safepoint    ] Entering safepoint region: RevokeBias
[2019-12-09T02:26:37.119+0000][1][safepoint    ] Leaving safepoint region
[2019-12-09T02:26:37.119+0000][1][safepoint    ] Total time for which application threads were stopped: 0.0000349 seconds, Stopping threads took: 0.0000066 seconds
[2019-12-09T02:26:37.119+0000][1][safepoint    ] Application time: 0.0000508 seconds
[2019-12-09T02:26:37.119+0000][1][safepoint    ] Entering safepoint region: RevokeBias
[2019-12-09T02:26:37.119+0000][1][safepoint    ] Leaving safepoint region
[2019-12-09T02:26:37.119+0000][1][safepoint    ] Total time for which application threads were stopped: 0.0000333 seconds, Stopping threads took: 0.0000071 seconds
[2019-12-09T02:26:37.119+0000][1][safepoint    ] Application time: 0.0000517 seconds
[2019-12-09T02:26:37.119+0000][1][safepoint    ] Entering safepoint region: RevokeBias
[2019-12-09T02:26:37.119+0000][1][safepoint    ] Leaving safepoint region
[2019-12-09T02:26:37.119+0000][1][safepoint    ] Total time for which application threads were stopped: 0.0000352 seconds, Stopping threads took: 0.0000071 seconds
[2019-12-09T02:26:37.119+0000][1][safepoint    ] Application time: 0.0000554 seconds
[2019-12-09T02:26:37.119+0000][1][safepoint    ] Entering safepoint region: RevokeBias
[2019-12-09T02:26:37.119+0000][1][safepoint    ] Leaving safepoint region
[2019-12-09T02:26:37.119+0000][1][safepoint    ] Total time for which application threads were stopped: 0.0000373 seconds, Stopping threads took: 0.0000073 seconds
[2019-12-09T02:26:37.119+0000][1][safepoint    ] Application time: 0.0000581 seconds
[2019-12-09T02:26:37.119+0000][1][safepoint    ] Entering safepoint region: RevokeBias
[2019-12-09T02:26:37.119+0000][1][safepoint    ] Leaving safepoint region
[2019-12-09T02:26:37.119+0000][1][safepoint    ] Total time for which application threads were stopped: 0.0000382 seconds, Stopping threads took: 0.0000076 seconds
[2019-12-09T02:26:37.120+0000][1][safepoint    ] Application time: 0.0000539 seconds
[2019-12-09T02:26:37.120+0000][1][safepoint    ] Entering safepoint region: RevokeBias
[2019-12-09T02:26:37.120+0000][1][safepoint    ] Leaving safepoint region
[2019-12-09T02:26:37.120+0000][1][safepoint    ] Total time for which application threads were stopped: 0.0000377 seconds, Stopping threads took: 0.0000070 seconds
[2019-12-09T02:26:37.121+0000][1][safepoint    ] Application time: 0.0014843 seconds
[2019-12-09T02:26:37.121+0000][1][safepoint    ] Entering safepoint region: BulkRevokeBias
[2019-12-09T02:26:37.121+0000][1][safepoint    ] Leaving safepoint region
[2019-12-09T02:26:37.121+0000][1][safepoint    ] Total time for which application threads were stopped: 0.0002183 seconds, Stopping threads took: 0.0000132 seconds
[2019-12-09T02:26:37.123+0000][1][safepoint    ] Application time: 0.0013433 seconds
[2019-12-09T02:26:37.123+0000][1][safepoint    ] Entering safepoint region: RevokeBias
[2019-12-09T02:26:37.123+0000][1][safepoint    ] Leaving safepoint region
[2019-12-09T02:26:37.123+0000][1][safepoint    ] Total time for which application threads were stopped: 0.0000578 seconds, Stopping threads took: 0.0000109 seconds
[2019-12-09T02:26:37.123+0000][1][safepoint    ] Application time: 0.0004640 seconds
[2019-12-09T02:26:37.123+0000][1][safepoint    ] Entering safepoint region: RevokeBias
[2019-12-09T02:26:37.123+0000][1][safepoint    ] Leaving safepoint region
[2019-12-09T02:26:37.123+0000][1][safepoint    ] Total time for which application threads were stopped: 0.0000654 seconds, Stopping threads took: 0.0000102 seconds
[2019-12-09T02:26:37.123+0000][1][safepoint    ] Application time: 0.0000643 seconds
[2019-12-09T02:26:37.123+0000][1][safepoint    ] Entering safepoint region: RevokeBias
[2019-12-09T02:26:37.123+0000][1][safepoint    ] Leaving safepoint region
[2019-12-09T02:26:37.123+0000][1][safepoint    ] Total time for which application threads were stopped: 0.0000568 seconds, Stopping threads took: 0.0000087 seconds
[2019-12-09T02:26:37.124+0000][1][safepoint    ] Application time: 0.0003578 seconds
[2019-12-09T02:26:37.124+0000][1][safepoint    ] Entering safepoint region: RevokeBias
[2019-12-09T02:26:37.124+0000][1][safepoint    ] Leaving safepoint region
[2019-12-09T02:26:37.124+0000][1][safepoint    ] Total time for which application threads were stopped: 0.0000552 seconds, Stopping threads took: 0.0000101 seconds
[2019-12-09T02:26:37.124+0000][1][safepoint    ] Application time: 0.0002169 seconds
[2019-12-09T02:26:37.124+0000][1][safepoint    ] Entering safepoint region: RevokeBias
[2019-12-09T02:26:37.124+0000][1][safepoint    ] Leaving safepoint region
[2019-12-09T02:26:37.124+0000][1][safepoint    ] Total time for which application threads were stopped: 0.0000545 seconds, Stopping threads took: 0.0000091 seconds
[2019-12-09T02:26:37.124+0000][1][safepoint    ] Application time: 0.0000608 seconds
[2019-12-09T02:26:37.124+0000][1][safepoint    ] Entering safepoint region: RevokeBias
[2019-12-09T02:26:37.124+0000][1][safepoint    ] Leaving safepoint region
[2019-12-09T02:26:37.124+0000][1][safepoint    ] Total time for which application threads were stopped: 0.0000471 seconds, Stopping threads took: 0.0000077 seconds
[2019-12-09T02:26:37.128+0000][1][safepoint    ] Application time: 0.0037134 seconds
[2019-12-09T02:26:37.128+0000][1][safepoint    ] Entering safepoint region: RevokeBias
[2019-12-09T02:26:37.128+0000][1][safepoint    ] Leaving safepoint region
[2019-12-09T02:26:37.128+0000][1][safepoint    ] Total time for which application threads were stopped: 0.0000662 seconds, Stopping threads took: 0.0000111 seconds
[2019-12-09T02:26:37.128+0000][1][safepoint    ] Application time: 0.0001181 seconds
[2019-12-09T02:26:37.128+0000][1][safepoint    ] Entering safepoint region: RevokeBias
[2019-12-09T02:26:37.128+0000][1][safepoint    ] Leaving safepoint region
[2019-12-09T02:26:37.128+0000][1][safepoint    ] Total time for which application threads were stopped: 0.0000502 seconds, Stopping threads took: 0.0000088 seconds
[2019-12-09T02:26:37.135+0000][1][safepoint    ] Application time: 0.0062222 seconds
[2019-12-09T02:26:37.135+0000][1][safepoint    ] Entering safepoint region: Deoptimize
[2019-12-09T02:26:37.135+0000][1][safepoint    ] Leaving safepoint region
[2019-12-09T02:26:37.135+0000][1][safepoint    ] Total time for which application threads were stopped: 0.0007138 seconds, Stopping threads took: 0.0000123 seconds
[2019-12-09T02:26:37.136+0000][1][safepoint    ] Application time: 0.0005336 seconds
[2019-12-09T02:26:37.136+0000][1][safepoint    ] Entering safepoint region: RevokeBias
[2019-12-09T02:26:37.136+0000][1][safepoint    ] Leaving safepoint region
[2019-12-09T02:26:37.136+0000][1][safepoint    ] Total time for which application threads were stopped: 0.0000435 seconds, Stopping threads took: 0.0000117 seconds
[2019-12-09T02:26:37.434+0000][1][safepoint    ] Application time: 0.2976906 seconds
[2019-12-09T02:26:37.474+0000][1][safepoint    ] Entering safepoint region: RevokeBias
[2019-12-09T02:26:37.474+0000][1][safepoint    ] Leaving safepoint region
[2019-12-09T02:26:37.474+0000][1][safepoint    ] Total time for which application threads were stopped: 0.0402309 seconds, Stopping threads took: 0.0401491 seconds
[2019-12-09T02:26:37.474+0000][1][safepoint    ] Application time: 0.0002086 seconds
[2019-12-09T02:26:37.474+0000][1][safepoint    ] Entering safepoint region: RevokeBias
[2019-12-09T02:26:37.474+0000][1][safepoint    ] Leaving safepoint region
[2019-12-09T02:26:37.474+0000][1][safepoint    ] Total time for which application threads were stopped: 0.0000740 seconds, Stopping threads took: 0.0000140 seconds
[2019-12-09T02:26:37.474+0000][1][safepoint    ] Application time: 0.0000744 seconds
[2019-12-09T02:26:37.474+0000][1][safepoint    ] Entering safepoint region: RevokeBias
[2019-12-09T02:26:37.474+0000][1][safepoint    ] Leaving safepoint region
[2019-12-09T02:26:37.474+0000][1][safepoint    ] Total time for which application threads were stopped: 0.0000491 seconds, Stopping threads took: 0.0000094 seconds
[2019-12-09T02:26:37.475+0000][1][safepoint    ] Application time: 0.0003184 seconds
[2019-12-09T02:26:37.475+0000][1][safepoint    ] Entering safepoint region: RevokeBias
[2019-12-09T02:26:37.475+0000][1][safepoint    ] Leaving safepoint region
[2019-12-09T02:26:37.475+0000][1][safepoint    ] Total time for which application threads were stopped: 0.0000818 seconds, Stopping threads took: 0.0000322 seconds
[2019-12-09T02:26:37.475+0000][1][safepoint    ] Application time: 0.0000668 seconds
[2019-12-09T02:26:37.475+0000][1][safepoint    ] Entering safepoint region: RevokeBias
[2019-12-09T02:26:37.475+0000][1][safepoint    ] Leaving safepoint region
[2019-12-09T02:26:37.475+0000][1][safepoint    ] Total time for which application threads were stopped: 0.0000522 seconds, Stopping threads took: 0.0000100 seconds
[2019-12-09T02:26:37.522+0000][1][safepoint    ] Application time: 0.0469094 seconds
[2019-12-09T02:26:37.522+0000][1][safepoint    ] Entering safepoint region: RevokeBias
[2019-12-09T02:26:37.522+0000][1][safepoint    ] Leaving safepoint region
[2019-12-09T02:26:37.522+0000][1][safepoint    ] Total time for which application threads were stopped: 0.0001401 seconds, Stopping threads took: 0.0000676 seconds
[2019-12-09T02:26:37.523+0000][1][safepoint    ] Application time: 0.0005561 seconds
[2019-12-09T02:26:37.523+0000][1][safepoint    ] Entering safepoint region: RevokeBias
[2019-12-09T02:26:37.523+0000][1][safepoint    ] Leaving safepoint region
[2019-12-09T02:26:37.523+0000][1][safepoint    ] Total time for which application threads were stopped: 0.0000679 seconds, Stopping threads took: 0.0000150 seconds
[2019-12-09T02:26:37.523+0000][1][safepoint    ] Application time: 0.0003258 seconds
[2019-12-09T02:26:37.523+0000][1][safepoint    ] Entering safepoint region: RevokeBias
[2019-12-09T02:26:37.523+0000][1][safepoint    ] Leaving safepoint region
[2019-12-09T02:26:37.523+0000][1][safepoint    ] Total time for which application threads were stopped: 0.0000516 seconds, Stopping threads took: 0.0000117 seconds
[2019-12-09T02:26:37.523+0000][1][safepoint    ] Application time: 0.0004515 seconds
[2019-12-09T02:26:37.524+0000][1][safepoint    ] Entering safepoint region: RevokeBias
[2019-12-09T02:26:37.524+0000][1][safepoint    ] Leaving safepoint region
[2019-12-09T02:26:37.524+0000][1][safepoint    ] Total time for which application threads were stopped: 0.0000554 seconds, Stopping threads took: 0.0000122 seconds
[2019-12-09T02:26:37.538+0000][1][safepoint    ] Application time: 0.0144996 seconds
[2019-12-09T02:26:37.599+0000][1][safepoint    ] Entering safepoint region: RevokeBias
[2019-12-09T02:26:37.599+0000][1][safepoint    ] Leaving safepoint region
[2019-12-09T02:26:37.599+0000][1][safepoint    ] Total time for which application threads were stopped: 0.0607312 seconds, Stopping threads took: 0.0606347 seconds
[2019-12-09T02:26:37.616+0000][1][safepoint    ] Application time: 0.0172365 seconds
[2019-12-09T02:26:37.616+0000][1][safepoint    ] Entering safepoint region: RevokeBias
[2019-12-09T02:26:37.616+0000][1][safepoint    ] Leaving safepoint region
[2019-12-09T02:26:37.616+0000][1][safepoint    ] Total time for which application threads were stopped: 0.0001873 seconds, Stopping threads took: 0.0000769 seconds
[2019-12-09T02:26:37.618+0000][1][safepoint    ] Application time: 0.0021092 seconds
[2019-12-09T02:26:37.618+0000][1][safepoint    ] Entering safepoint region: RevokeBias
[2019-12-09T02:26:37.619+0000][1][safepoint    ] Leaving safepoint region
[2019-12-09T02:26:37.619+0000][1][safepoint    ] Total time for which application threads were stopped: 0.0001499 seconds, Stopping threads took: 0.0000580 seconds
[2019-12-09T02:26:37.621+0000][1][safepoint    ] Application time: 0.0025418 seconds
[2019-12-09T02:26:37.621+0000][1][safepoint    ] Entering safepoint region: RevokeBias
[2019-12-09T02:26:37.621+0000][1][safepoint    ] Leaving safepoint region
[2019-12-09T02:26:37.621+0000][1][safepoint    ] Total time for which application threads were stopped: 0.0001121 seconds, Stopping threads took: 0.0000519 seconds
[2019-12-09T02:26:37.621+0000][1][safepoint    ] Application time: 0.0000654 seconds
[2019-12-09T02:26:37.621+0000][1][safepoint    ] Entering safepoint region: RevokeBias
[2019-12-09T02:26:37.621+0000][1][safepoint    ] Leaving safepoint region
[2019-12-09T02:26:37.621+0000][1][safepoint    ] Total time for which application threads were stopped: 0.0000491 seconds, Stopping threads took: 0.0000086 seconds
[2019-12-09T02:26:37.630+0000][1][safepoint    ] Application time: 0.0080829 seconds
[2019-12-09T02:26:37.641+0000][1][safepoint    ] Entering safepoint region: RevokeBias
[2019-12-09T02:26:37.641+0000][1][safepoint    ] Leaving safepoint region
[2019-12-09T02:26:37.641+0000][1][safepoint    ] Total time for which application threads were stopped: 0.0112552 seconds, Stopping threads took: 0.0111955 seconds
[2019-12-09T02:26:37.641+0000][1][safepoint    ] Application time: 0.0000703 seconds
[2019-12-09T02:26:37.641+0000][1][safepoint    ] Entering safepoint region: RevokeBias
[2019-12-09T02:26:37.641+0000][1][safepoint    ] Leaving safepoint region
[2019-12-09T02:26:37.641+0000][1][safepoint    ] Total time for which application threads were stopped: 0.0000419 seconds, Stopping threads took: 0.0000080 seconds
[2019-12-09T02:26:37.641+0000][1][safepoint    ] Application time: 0.0000521 seconds
[2019-12-09T02:26:37.641+0000][1][safepoint    ] Entering safepoint region: RevokeBias
[2019-12-09T02:26:37.641+0000][1][safepoint    ] Leaving safepoint region
[2019-12-09T02:26:37.641+0000][1][safepoint    ] Total time for which application threads were stopped: 0.0000410 seconds, Stopping threads took: 0.0000072 seconds
[2019-12-09T02:26:37.642+0000][1][safepoint    ] Application time: 0.0005570 seconds
[2019-12-09T02:26:37.642+0000][1][safepoint    ] Entering safepoint region: RevokeBias
[2019-12-09T02:26:37.642+0000][1][safepoint    ] Leaving safepoint region
[2019-12-09T02:26:37.642+0000][1][safepoint    ] Total time for which application threads were stopped: 0.0000604 seconds, Stopping threads took: 0.0000116 seconds
[2019-12-09T02:26:37.647+0000][1][safepoint    ] Application time: 0.0052161 seconds
[2019-12-09T02:26:37.647+0000][1][safepoint    ] Entering safepoint region: RevokeBias
[2019-12-09T02:26:37.647+0000][1][safepoint    ] Leaving safepoint region
[2019-12-09T02:26:37.647+0000][1][safepoint    ] Total time for which application threads were stopped: 0.0001123 seconds, Stopping threads took: 0.0000642 seconds
[2019-12-09T02:26:37.647+0000][1][safepoint    ] Application time: 0.0000838 seconds
[2019-12-09T02:26:37.647+0000][1][safepoint    ] Entering safepoint region: RevokeBias
[2019-12-09T02:26:37.647+0000][1][safepoint    ] Leaving safepoint region
[2019-12-09T02:26:37.647+0000][1][safepoint    ] Total time for which application threads were stopped: 0.0000440 seconds, Stopping threads took: 0.0000089 seconds
[2019-12-09T02:26:37.648+0000][1][safepoint    ] Application time: 0.0004509 seconds
[2019-12-09T02:26:37.648+0000][1][safepoint    ] Entering safepoint region: RevokeBias
[2019-12-09T02:26:37.648+0000][1][safepoint    ] Leaving safepoint region
[2019-12-09T02:26:37.648+0000][1][safepoint    ] Total time for which application threads were stopped: 0.0000846 seconds, Stopping threads took: 0.0000120 seconds
[2019-12-09T02:26:37.648+0000][1][safepoint    ] Application time: 0.0000589 seconds
[2019-12-09T02:26:37.648+0000][1][safepoint    ] Entering safepoint region: RevokeBias
[2019-12-09T02:26:37.648+0000][1][safepoint    ] Leaving safepoint region
[2019-12-09T02:26:37.648+0000][1][safepoint    ] Total time for which application threads were stopped: 0.0000608 seconds, Stopping threads took: 0.0000088 seconds
[2019-12-09T02:26:37.648+0000][1][safepoint    ] Application time: 0.0000573 seconds
[2019-12-09T02:26:37.648+0000][1][safepoint    ] Entering safepoint region: RevokeBias
[2019-12-09T02:26:37.648+0000][1][safepoint    ] Leaving safepoint region
[2019-12-09T02:26:37.648+0000][1][safepoint    ] Total time for which application threads were stopped: 0.0000505 seconds, Stopping threads took: 0.0000095 seconds
[2019-12-09T02:26:37.653+0000][1][safepoint    ] Application time: 0.0048958 seconds
[2019-12-09T02:26:37.653+0000][1][safepoint    ] Entering safepoint region: RevokeBias
[2019-12-09T02:26:37.653+0000][1][safepoint    ] Leaving safepoint region
[2019-12-09T02:26:37.653+0000][1][safepoint    ] Total time for which application threads were stopped: 0.0000665 seconds, Stopping threads took: 0.0000129 seconds
[2019-12-09T02:26:37.653+0000][1][safepoint    ] Application time: 0.0000800 seconds
[2019-12-09T02:26:37.653+0000][1][safepoint    ] Entering safepoint region: RevokeBias
[2019-12-09T02:26:37.653+0000][1][safepoint    ] Leaving safepoint region
[2019-12-09T02:26:37.653+0000][1][safepoint    ] Total time for which application threads were stopped: 0.0000527 seconds, Stopping threads took: 0.0000092 seconds
[2019-12-09T02:26:37.662+0000][1][safepoint    ] Application time: 0.0092306 seconds
[2019-12-09T02:26:37.662+0000][1][safepoint    ] Entering safepoint region: RevokeBias
[2019-12-09T02:26:37.662+0000][1][safepoint    ] Leaving safepoint region
[2019-12-09T02:26:37.662+0000][1][safepoint    ] Total time for which application threads were stopped: 0.0000553 seconds, Stopping threads took: 0.0000114 seconds
[2019-12-09T02:26:37.710+0000][1][safepoint    ] Application time: 0.0472669 seconds
[2019-12-09T02:26:37.710+0000][1][safepoint    ] Entering safepoint region: RevokeBias
[2019-12-09T02:26:37.710+0000][1][safepoint    ] Leaving safepoint region
[2019-12-09T02:26:37.710+0000][1][safepoint    ] Total time for which application threads were stopped: 0.0005034 seconds, Stopping threads took: 0.0004027 seconds
[2019-12-09T02:26:37.737+0000][1][safepoint    ] Application time: 0.0266454 seconds
[2019-12-09T02:26:37.737+0000][1][safepoint    ] Entering safepoint region: RevokeBias
[2019-12-09T02:26:37.737+0000][1][safepoint    ] Leaving safepoint region
[2019-12-09T02:26:37.737+0000][1][safepoint    ] Total time for which application threads were stopped: 0.0001071 seconds, Stopping threads took: 0.0000165 seconds
[2019-12-09T02:26:37.737+0000][1][safepoint    ] Application time: 0.0001692 seconds
[2019-12-09T02:26:37.737+0000][1][safepoint    ] Entering safepoint region: RevokeBias
[2019-12-09T02:26:37.737+0000][1][safepoint    ] Leaving safepoint region
[2019-12-09T02:26:37.737+0000][1][safepoint    ] Total time for which application threads were stopped: 0.0001035 seconds, Stopping threads took: 0.0000121 seconds
[2019-12-09T02:26:37.745+0000][1][safepoint    ] Application time: 0.0073992 seconds
[2019-12-09T02:26:37.754+0000][1][safepoint    ] Entering safepoint region: RevokeBias
[2019-12-09T02:26:37.754+0000][1][safepoint    ] Leaving safepoint region
[2019-12-09T02:26:37.754+0000][1][safepoint    ] Total time for which application threads were stopped: 0.0090797 seconds, Stopping threads took: 0.0089970 seconds
[2019-12-09T02:26:37.754+0000][1][safepoint    ] Application time: 0.0004319 seconds
[2019-12-09T02:26:37.754+0000][1][safepoint    ] Entering safepoint region: RevokeBias
[2019-12-09T02:26:37.754+0000][1][safepoint    ] Leaving safepoint region
[2019-12-09T02:26:37.754+0000][1][safepoint    ] Total time for which application threads were stopped: 0.0001295 seconds, Stopping threads took: 0.0000104 seconds
[2019-12-09T02:26:37.807+0000][1][safepoint    ] Application time: 0.0525048 seconds
[2019-12-09T02:26:37.888+0000][1][safepoint    ] Entering safepoint region: RevokeBias
[2019-12-09T02:26:37.888+0000][1][safepoint    ] Leaving safepoint region
[2019-12-09T02:26:37.888+0000][1][safepoint    ] Total time for which application threads were stopped: 0.0808512 seconds, Stopping threads took: 0.0807403 seconds
[2019-12-09T02:26:37.890+0000][1][safepoint    ] Application time: 0.0022640 seconds
[2019-12-09T02:26:37.890+0000][1][safepoint    ] Entering safepoint region: RevokeBias
[2019-12-09T02:26:37.890+0000][1][safepoint    ] Leaving safepoint region
[2019-12-09T02:26:37.890+0000][1][safepoint    ] Total time for which application threads were stopped: 0.0001075 seconds, Stopping threads took: 0.0000340 seconds
[2019-12-09T02:26:37.892+0000][1][safepoint    ] Application time: 0.0013834 seconds
[2019-12-09T02:26:37.892+0000][1][safepoint    ] Entering safepoint region: RevokeBias
[2019-12-09T02:26:37.892+0000][1][safepoint    ] Leaving safepoint region
[2019-12-09T02:26:37.892+0000][1][safepoint    ] Total time for which application threads were stopped: 0.0000816 seconds, Stopping threads took: 0.0000131 seconds
[2019-12-09T02:26:37.892+0000][1][safepoint    ] Application time: 0.0000752 seconds
[2019-12-09T02:26:37.892+0000][1][safepoint    ] Entering safepoint region: RevokeBias
[2019-12-09T02:26:37.892+0000][1][safepoint    ] Leaving safepoint region
[2019-12-09T02:26:37.892+0000][1][safepoint    ] Total time for which application threads were stopped: 0.0000431 seconds, Stopping threads took: 0.0000082 seconds
[2019-12-09T02:26:37.893+0000][1][safepoint    ] Application time: 0.0012986 seconds
[2019-12-09T02:26:37.893+0000][1][safepoint    ] Entering safepoint region: RevokeBias
[2019-12-09T02:26:37.893+0000][1][safepoint    ] Leaving safepoint region
[2019-12-09T02:26:37.893+0000][1][safepoint    ] Total time for which application threads were stopped: 0.0000770 seconds, Stopping threads took: 0.0000124 seconds
[2019-12-09T02:26:37.895+0000][1][safepoint    ] Application time: 0.0018609 seconds
[2019-12-09T02:26:37.903+0000][1][safepoint    ] Entering safepoint region: RevokeBias
[2019-12-09T02:26:37.904+0000][1][safepoint    ] Leaving safepoint region
[2019-12-09T02:26:37.904+0000][1][safepoint    ] Total time for which application threads were stopped: 0.0083477 seconds, Stopping threads took: 0.0082723 seconds
[2019-12-09T02:26:37.905+0000][1][safepoint    ] Application time: 0.0018164 seconds
[2019-12-09T02:26:37.905+0000][1][safepoint    ] Entering safepoint region: RevokeBias
[2019-12-09T02:26:37.905+0000][1][safepoint    ] Leaving safepoint region
[2019-12-09T02:26:37.905+0000][1][safepoint    ] Total time for which application threads were stopped: 0.0000670 seconds, Stopping threads took: 0.0000109 seconds
[2019-12-09T02:26:37.905+0000][1][safepoint    ] Application time: 0.0000456 seconds
[2019-12-09T02:26:37.906+0000][1][safepoint    ] Entering safepoint region: RevokeBias
[2019-12-09T02:26:37.906+0000][1][safepoint    ] Leaving safepoint region
[2019-12-09T02:26:37.906+0000][1][safepoint    ] Total time for which application threads were stopped: 0.0000421 seconds, Stopping threads took: 0.0000075 seconds
[2019-12-09T02:26:37.906+0000][1][safepoint    ] Application time: 0.0000467 seconds
[2019-12-09T02:26:37.906+0000][1][safepoint    ] Entering safepoint region: RevokeBias
[2019-12-09T02:26:37.906+0000][1][safepoint    ] Leaving safepoint region
[2019-12-09T02:26:37.906+0000][1][safepoint    ] Total time for which application threads were stopped: 0.0000395 seconds, Stopping threads took: 0.0000074 seconds
[2019-12-09T02:26:37.907+0000][1][safepoint    ] Application time: 0.0014391 seconds
[2019-12-09T02:26:37.907+0000][1][safepoint    ] Entering safepoint region: RevokeBias
[2019-12-09T02:26:37.907+0000][1][safepoint    ] Leaving safepoint region
[2019-12-09T02:26:37.907+0000][1][safepoint    ] Total time for which application threads were stopped: 0.0000662 seconds, Stopping threads took: 0.0000126 seconds
[2019-12-09T02:26:37.907+0000][1][safepoint    ] Application time: 0.0001595 seconds
[2019-12-09T02:26:37.907+0000][1][safepoint    ] Entering safepoint region: RevokeBias
[2019-12-09T02:26:37.907+0000][1][safepoint    ] Leaving safepoint region
[2019-12-09T02:26:37.907+0000][1][safepoint    ] Total time for which application threads were stopped: 0.0000562 seconds, Stopping threads took: 0.0000106 seconds
[2019-12-09T02:26:37.908+0000][1][safepoint    ] Application time: 0.0000632 seconds
[2019-12-09T02:26:37.908+0000][1][safepoint    ] Entering safepoint region: RevokeBias
[2019-12-09T02:26:37.908+0000][1][safepoint    ] Leaving safepoint region
[2019-12-09T02:26:37.908+0000][1][safepoint    ] Total time for which application threads were stopped: 0.0000479 seconds, Stopping threads took: 0.0000082 seconds
[2019-12-09T02:26:37.908+0000][1][safepoint    ] Application time: 0.0004691 seconds
[2019-12-09T02:26:37.908+0000][1][safepoint    ] Entering safepoint region: RevokeBias
[2019-12-09T02:26:37.908+0000][1][safepoint    ] Leaving safepoint region
[2019-12-09T02:26:37.908+0000][1][safepoint    ] Total time for which application threads were stopped: 0.0000605 seconds, Stopping threads took: 0.0000116 seconds
[2019-12-09T02:26:37.908+0000][1][safepoint    ] Application time: 0.0001599 seconds
[2019-12-09T02:26:37.908+0000][1][safepoint    ] Entering safepoint region: RevokeBias
[2019-12-09T02:26:37.908+0000][1][safepoint    ] Leaving safepoint region
[2019-12-09T02:26:37.908+0000][1][safepoint    ] Total time for which application threads were stopped: 0.0000547 seconds, Stopping threads took: 0.0000109 seconds
[2019-12-09T02:26:37.911+0000][1][safepoint    ] Application time: 0.0022744 seconds
[2019-12-09T02:26:37.911+0000][1][safepoint    ] Entering safepoint region: RevokeBias
[2019-12-09T02:26:37.911+0000][1][safepoint    ] Leaving safepoint region
[2019-12-09T02:26:37.911+0000][1][safepoint    ] Total time for which application threads were stopped: 0.0000829 seconds, Stopping threads took: 0.0000112 seconds
[2019-12-09T02:26:37.911+0000][1][safepoint    ] Application time: 0.0001654 seconds
[2019-12-09T02:26:37.911+0000][1][safepoint    ] Entering safepoint region: RevokeBias
[2019-12-09T02:26:37.911+0000][1][safepoint    ] Leaving safepoint region
[2019-12-09T02:26:37.911+0000][1][safepoint    ] Total time for which application threads were stopped: 0.0000550 seconds, Stopping threads took: 0.0000098 seconds
[2019-12-09T02:26:37.926+0000][1][safepoint    ] Application time: 0.0147870 seconds
[2019-12-09T02:26:37.935+0000][1][safepoint    ] Entering safepoint region: RevokeBias
[2019-12-09T02:26:37.935+0000][1][safepoint    ] Leaving safepoint region
[2019-12-09T02:26:37.935+0000][1][safepoint    ] Total time for which application threads were stopped: 0.0091271 seconds, Stopping threads took: 0.0090446 seconds
[2019-12-09T02:26:37.960+0000][1][safepoint    ] Application time: 0.0248046 seconds
[2019-12-09T02:26:37.978+0000][1][safepoint    ] Entering safepoint region: RevokeBias
[2019-12-09T02:26:37.978+0000][1][safepoint    ] Leaving safepoint region
[2019-12-09T02:26:37.978+0000][1][safepoint    ] Total time for which application threads were stopped: 0.0185545 seconds, Stopping threads took: 0.0184256 seconds
[2019-12-09T02:26:37.991+0000][1][safepoint    ] Application time: 0.0128667 seconds
[2019-12-09T02:26:37.991+0000][1][safepoint    ] Entering safepoint region: RevokeBias
[2019-12-09T02:26:37.991+0000][1][safepoint    ] Leaving safepoint region
[2019-12-09T02:26:37.991+0000][1][safepoint    ] Total time for which application threads were stopped: 0.0001091 seconds, Stopping threads took: 0.0000161 seconds
[2019-12-09T02:26:38.007+0000][1][safepoint    ] Application time: 0.0153572 seconds
[2019-12-09T02:26:38.007+0000][1][safepoint    ] Entering safepoint region: RevokeBias
[2019-12-09T02:26:38.007+0000][1][safepoint    ] Leaving safepoint region
[2019-12-09T02:26:38.007+0000][1][safepoint    ] Total time for which application threads were stopped: 0.0000963 seconds, Stopping threads took: 0.0000183 seconds
[2019-12-09T02:26:38.007+0000][1][safepoint    ] Application time: 0.0004671 seconds
[2019-12-09T02:26:38.007+0000][1][safepoint    ] Entering safepoint region: RevokeBias
[2019-12-09T02:26:38.007+0000][1][safepoint    ] Leaving safepoint region
[2019-12-09T02:26:38.007+0000][1][safepoint    ] Total time for which application threads were stopped: 0.0000689 seconds, Stopping threads took: 0.0000126 seconds
[2019-12-09T02:26:38.008+0000][1][safepoint    ] Application time: 0.0003649 seconds
[2019-12-09T02:26:38.008+0000][1][safepoint    ] Entering safepoint region: RevokeBias
[2019-12-09T02:26:38.008+0000][1][safepoint    ] Leaving safepoint region
[2019-12-09T02:26:38.008+0000][1][safepoint    ] Total time for which application threads were stopped: 0.0000860 seconds, Stopping threads took: 0.0000132 seconds
[2019-12-09T02:26:38.014+0000][1][safepoint    ] Application time: 0.0059546 seconds
[2019-12-09T02:26:38.014+0000][1][safepoint    ] Entering safepoint region: RevokeBias
[2019-12-09T02:26:38.014+0000][1][safepoint    ] Leaving safepoint region
[2019-12-09T02:26:38.014+0000][1][safepoint    ] Total time for which application threads were stopped: 0.0004686 seconds, Stopping threads took: 0.0004086 seconds
[2019-12-09T02:26:38.017+0000][1][safepoint    ] Application time: 0.0022641 seconds
[2019-12-09T02:26:38.017+0000][1][safepoint    ] Entering safepoint region: RevokeBias
[2019-12-09T02:26:38.017+0000][1][safepoint    ] Leaving safepoint region
[2019-12-09T02:26:38.017+0000][1][safepoint    ] Total time for which application threads were stopped: 0.0000745 seconds, Stopping threads took: 0.0000124 seconds
[2019-12-09T02:26:38.104+0000][1][safepoint    ] Application time: 0.0871253 seconds
[2019-12-09T02:26:38.104+0000][1][safepoint    ] Entering safepoint region: RevokeBias
[2019-12-09T02:26:38.104+0000][1][safepoint    ] Leaving safepoint region
[2019-12-09T02:26:38.104+0000][1][safepoint    ] Total time for which application threads were stopped: 0.0000902 seconds, Stopping threads took: 0.0000166 seconds
[2019-12-09T02:26:38.421+0000][1][safepoint    ] Application time: 0.3171651 seconds
[2019-12-09T02:26:38.422+0000][1][safepoint    ] Entering safepoint region: RevokeBias
[2019-12-09T02:26:38.422+0000][1][safepoint    ] Leaving safepoint region
[2019-12-09T02:26:38.422+0000][1][safepoint    ] Total time for which application threads were stopped: 0.0011329 seconds, Stopping threads took: 0.0010458 seconds
[2019-12-09T02:26:38.422+0000][1][safepoint    ] Application time: 0.0001224 seconds
[2019-12-09T02:26:38.422+0000][1][safepoint    ] Entering safepoint region: RevokeBias
[2019-12-09T02:26:38.423+0000][1][safepoint    ] Leaving safepoint region
[2019-12-09T02:26:38.423+0000][1][safepoint    ] Total time for which application threads were stopped: 0.0000578 seconds, Stopping threads took: 0.0000101 seconds
[2019-12-09T02:26:38.423+0000][1][safepoint    ] Application time: 0.0003727 seconds
[2019-12-09T02:26:38.423+0000][1][safepoint    ] Entering safepoint region: RevokeBias
[2019-12-09T02:26:38.423+0000][1][safepoint    ] Leaving safepoint region
[2019-12-09T02:26:38.423+0000][1][safepoint    ] Total time for which application threads were stopped: 0.0000679 seconds, Stopping threads took: 0.0000117 seconds
[2019-12-09T02:26:38.423+0000][1][safepoint    ] Application time: 0.0003549 seconds
[2019-12-09T02:26:38.423+0000][1][safepoint    ] Entering safepoint region: BulkRevokeBias
[2019-12-09T02:26:38.424+0000][1][safepoint    ] Leaving safepoint region
[2019-12-09T02:26:38.424+0000][1][safepoint    ] Total time for which application threads were stopped: 0.0002997 seconds, Stopping threads took: 0.0000114 seconds
[2019-12-09T02:26:38.424+0000][1][safepoint    ] Application time: 0.0002374 seconds
[2019-12-09T02:26:38.424+0000][1][safepoint    ] Entering safepoint region: RevokeBias
[2019-12-09T02:26:38.424+0000][1][safepoint    ] Leaving safepoint region
[2019-12-09T02:26:38.424+0000][1][safepoint    ] Total time for which application threads were stopped: 0.0000834 seconds, Stopping threads took: 0.0000123 seconds
[2019-12-09T02:26:38.425+0000][1][safepoint    ] Application time: 0.0006560 seconds
[2019-12-09T02:26:38.425+0000][1][safepoint    ] Entering safepoint region: RevokeBias
[2019-12-09T02:26:38.425+0000][1][safepoint    ] Leaving safepoint region
[2019-12-09T02:26:38.425+0000][1][safepoint    ] Total time for which application threads were stopped: 0.0000739 seconds, Stopping threads took: 0.0000118 seconds
[2019-12-09T02:26:38.425+0000][1][safepoint    ] Application time: 0.0005290 seconds
[2019-12-09T02:26:38.425+0000][1][safepoint    ] Entering safepoint region: RevokeBias
[2019-12-09T02:26:38.425+0000][1][safepoint    ] Leaving safepoint region
[2019-12-09T02:26:38.425+0000][1][safepoint    ] Total time for which application threads were stopped: 0.0000587 seconds, Stopping threads took: 0.0000121 seconds
[2019-12-09T02:26:38.426+0000][1][safepoint    ] Application time: 0.0000794 seconds
[2019-12-09T02:26:38.426+0000][1][safepoint    ] Entering safepoint region: RevokeBias
[2019-12-09T02:26:38.426+0000][1][safepoint    ] Leaving safepoint region
[2019-12-09T02:26:38.426+0000][1][safepoint    ] Total time for which application threads were stopped: 0.0000466 seconds, Stopping threads took: 0.0000089 seconds
[2019-12-09T02:26:38.426+0000][1][safepoint    ] Application time: 0.0000713 seconds
[2019-12-09T02:26:38.426+0000][1][safepoint    ] Entering safepoint region: RevokeBias
[2019-12-09T02:26:38.426+0000][1][safepoint    ] Leaving safepoint region
[2019-12-09T02:26:38.426+0000][1][safepoint    ] Total time for which application threads were stopped: 0.0000643 seconds, Stopping threads took: 0.0000093 seconds
[2019-12-09T02:26:38.505+0000][1][safepoint    ] Application time: 0.0789882 seconds
[2019-12-09T02:26:38.505+0000][1][safepoint    ] Entering safepoint region: RevokeBias
[2019-12-09T02:26:38.505+0000][1][safepoint    ] Leaving safepoint region
[2019-12-09T02:26:38.505+0000][1][safepoint    ] Total time for which application threads were stopped: 0.0000895 seconds, Stopping threads took: 0.0000184 seconds
[2019-12-09T02:26:38.512+0000][1][safepoint    ] Application time: 0.0071558 seconds
[2019-12-09T02:26:38.512+0000][1][safepoint    ] Entering safepoint region: RevokeBias
[2019-12-09T02:26:38.512+0000][1][safepoint    ] Leaving safepoint region
[2019-12-09T02:26:38.512+0000][1][safepoint    ] Total time for which application threads were stopped: 0.0000768 seconds, Stopping threads took: 0.0000154 seconds
[2019-12-09T02:26:38.512+0000][1][safepoint    ] Application time: 0.0003932 seconds
[2019-12-09T02:26:38.513+0000][1][safepoint    ] Entering safepoint region: RevokeBias
[2019-12-09T02:26:38.513+0000][1][safepoint    ] Leaving safepoint region
[2019-12-09T02:26:38.513+0000][1][safepoint    ] Total time for which application threads were stopped: 0.0000658 seconds, Stopping threads took: 0.0000134 seconds
[2019-12-09T02:26:38.513+0000][1][safepoint    ] Application time: 0.0004538 seconds
[2019-12-09T02:26:38.513+0000][1][safepoint    ] Entering safepoint region: RevokeBias
[2019-12-09T02:26:38.513+0000][1][safepoint    ] Leaving safepoint region
[2019-12-09T02:26:38.513+0000][1][safepoint    ] Total time for which application threads were stopped: 0.0000696 seconds, Stopping threads took: 0.0000136 seconds
[2019-12-09T02:26:38.513+0000][1][safepoint    ] Application time: 0.0003459 seconds
[2019-12-09T02:26:38.514+0000][1][safepoint    ] Entering safepoint region: RevokeBias
[2019-12-09T02:26:38.514+0000][1][safepoint    ] Leaving safepoint region
[2019-12-09T02:26:38.514+0000][1][safepoint    ] Total time for which application threads were stopped: 0.0000564 seconds, Stopping threads took: 0.0000139 seconds
[2019-12-09T02:26:38.514+0000][1][safepoint    ] Application time: 0.0000473 seconds
[2019-12-09T02:26:38.514+0000][1][safepoint    ] Entering safepoint region: RevokeBias
[2019-12-09T02:26:38.514+0000][1][safepoint    ] Leaving safepoint region
[2019-12-09T02:26:38.514+0000][1][safepoint    ] Total time for which application threads were stopped: 0.0000439 seconds, Stopping threads took: 0.0000101 seconds
[2019-12-09T02:26:38.514+0000][1][safepoint    ] Application time: 0.0000408 seconds
[2019-12-09T02:26:38.514+0000][1][safepoint    ] Entering safepoint region: RevokeBias
[2019-12-09T02:26:38.514+0000][1][safepoint    ] Leaving safepoint region
[2019-12-09T02:26:38.514+0000][1][safepoint    ] Total time for which application threads were stopped: 0.0000418 seconds, Stopping threads took: 0.0000094 seconds
[2019-12-09T02:26:39.105+0000][1][safepoint    ] Application time: 0.5912476 seconds
[2019-12-09T02:26:39.105+0000][1][safepoint    ] Entering safepoint region: RevokeBias
[2019-12-09T02:26:39.105+0000][1][safepoint    ] Leaving safepoint region
[2019-12-09T02:26:39.105+0000][1][safepoint    ] Total time for which application threads were stopped: 0.0001050 seconds, Stopping threads took: 0.0000190 seconds
[2019-12-09T02:26:39.105+0000][1][safepoint    ] Application time: 0.0000958 seconds
[2019-12-09T02:26:39.105+0000][1][safepoint    ] Entering safepoint region: RevokeBias
[2019-12-09T02:26:39.105+0000][1][safepoint    ] Leaving safepoint region
[2019-12-09T02:26:39.105+0000][1][safepoint    ] Total time for which application threads were stopped: 0.0000643 seconds, Stopping threads took: 0.0000100 seconds
[2019-12-09T02:26:39.105+0000][1][safepoint    ] Application time: 0.0000456 seconds
[2019-12-09T02:26:39.105+0000][1][safepoint    ] Entering safepoint region: RevokeBias
[2019-12-09T02:26:39.105+0000][1][safepoint    ] Leaving safepoint region
[2019-12-09T02:26:39.105+0000][1][safepoint    ] Total time for which application threads were stopped: 0.0000591 seconds, Stopping threads took: 0.0000109 seconds
[2019-12-09T02:26:39.106+0000][1][safepoint    ] Application time: 0.0006254 seconds
[2019-12-09T02:26:39.106+0000][1][safepoint    ] Entering safepoint region: RevokeBias
[2019-12-09T02:26:39.106+0000][1][safepoint    ] Leaving safepoint region
[2019-12-09T02:26:39.106+0000][1][safepoint    ] Total time for which application threads were stopped: 0.0000810 seconds, Stopping threads took: 0.0000162 seconds
[2019-12-09T02:26:39.107+0000][1][safepoint    ] Application time: 0.0006358 seconds
[2019-12-09T02:26:39.107+0000][1][safepoint    ] Entering safepoint region: RevokeBias
[2019-12-09T02:26:39.107+0000][1][safepoint    ] Leaving safepoint region
[2019-12-09T02:26:39.107+0000][1][safepoint    ] Total time for which application threads were stopped: 0.0000689 seconds, Stopping threads took: 0.0000154 seconds
[2019-12-09T02:26:39.114+0000][1][safepoint    ] Application time: 0.0071304 seconds
[2019-12-09T02:26:39.114+0000][1][safepoint    ] Entering safepoint region: RevokeBias
[2019-12-09T02:26:39.114+0000][1][safepoint    ] Leaving safepoint region
[2019-12-09T02:26:39.114+0000][1][safepoint    ] Total time for which application threads were stopped: 0.0000745 seconds, Stopping threads took: 0.0000123 seconds
[2019-12-09T02:26:39.143+0000][1][safepoint    ] Application time: 0.0282952 seconds
[2019-12-09T02:26:39.143+0000][1][safepoint    ] Entering safepoint region: RevokeBias
[2019-12-09T02:26:39.143+0000][1][safepoint    ] Leaving safepoint region
[2019-12-09T02:26:39.143+0000][1][safepoint    ] Total time for which application threads were stopped: 0.0000800 seconds, Stopping threads took: 0.0000160 seconds
[2019-12-09T02:26:39.412+0000][1][safepoint    ] Application time: 0.2697876 seconds
[2019-12-09T02:26:39.413+0000][1][safepoint    ] Entering safepoint region: RevokeBias
[2019-12-09T02:26:39.413+0000][1][safepoint    ] Leaving safepoint region
[2019-12-09T02:26:39.413+0000][1][safepoint    ] Total time for which application threads were stopped: 0.0002798 seconds, Stopping threads took: 0.0001763 seconds
[2019-12-09T02:26:39.425+0000][1][safepoint    ] Application time: 0.0122565 seconds
[2019-12-09T02:26:39.506+0000][1][safepoint    ] Entering safepoint region: RevokeBias
[2019-12-09T02:26:39.506+0000][1][safepoint    ] Leaving safepoint region
[2019-12-09T02:26:39.506+0000][1][safepoint    ] Total time for which application threads were stopped: 0.0808196 seconds, Stopping threads took: 0.0807195 seconds
[2019-12-09T02:26:39.534+0000][1][safepoint    ] Application time: 0.0283714 seconds
[2019-12-09T02:26:39.548+0000][1][safepoint    ] Entering safepoint region: RevokeBias
[2019-12-09T02:26:39.548+0000][1][safepoint    ] Leaving safepoint region
[2019-12-09T02:26:39.548+0000][1][safepoint    ] Total time for which application threads were stopped: 0.0135794 seconds, Stopping threads took: 0.0134930 seconds
[2019-12-09T02:26:39.579+0000][1][safepoint    ] Application time: 0.0308437 seconds
[2019-12-09T02:26:39.579+0000][1][safepoint    ] Entering safepoint region: RevokeBias
[2019-12-09T02:26:39.579+0000][1][safepoint    ] Leaving safepoint region
[2019-12-09T02:26:39.579+0000][1][safepoint    ] Total time for which application threads were stopped: 0.0004901 seconds, Stopping threads took: 0.0003959 seconds
[2019-12-09T02:26:39.580+0000][1][safepoint    ] Application time: 0.0002897 seconds
[2019-12-09T02:26:39.580+0000][1][safepoint    ] Entering safepoint region: RevokeBias
[2019-12-09T02:26:39.580+0000][1][safepoint    ] Leaving safepoint region
[2019-12-09T02:26:39.580+0000][1][safepoint    ] Total time for which application threads were stopped: 0.0000657 seconds, Stopping threads took: 0.0000119 seconds
[2019-12-09T02:26:39.585+0000][1][safepoint    ] Application time: 0.0057746 seconds
[2019-12-09T02:26:39.585+0000][1][safepoint    ] Entering safepoint region: RevokeBias
[2019-12-09T02:26:39.585+0000][1][safepoint    ] Leaving safepoint region
[2019-12-09T02:26:39.585+0000][1][safepoint    ] Total time for which application threads were stopped: 0.0000781 seconds, Stopping threads took: 0.0000138 seconds
[2019-12-09T02:26:39.586+0000][1][safepoint    ] Application time: 0.0003670 seconds
[2019-12-09T02:26:39.586+0000][1][safepoint    ] Entering safepoint region: RevokeBias
[2019-12-09T02:26:39.586+0000][1][safepoint    ] Leaving safepoint region
[2019-12-09T02:26:39.586+0000][1][safepoint    ] Total time for which application threads were stopped: 0.0000546 seconds, Stopping threads took: 0.0000104 seconds
[2019-12-09T02:26:39.587+0000][1][safepoint    ] Application time: 0.0013203 seconds
[2019-12-09T02:26:39.587+0000][1][safepoint    ] Entering safepoint region: RevokeBias
[2019-12-09T02:26:39.587+0000][1][safepoint    ] Leaving safepoint region
[2019-12-09T02:26:39.587+0000][1][safepoint    ] Total time for which application threads were stopped: 0.0000716 seconds, Stopping threads took: 0.0000122 seconds
[2019-12-09T02:26:39.587+0000][1][safepoint    ] Application time: 0.0000678 seconds
[2019-12-09T02:26:39.587+0000][1][safepoint    ] Entering safepoint region: RevokeBias
[2019-12-09T02:26:39.587+0000][1][safepoint    ] Leaving safepoint region
[2019-12-09T02:26:39.587+0000][1][safepoint    ] Total time for which application threads were stopped: 0.0000422 seconds, Stopping threads took: 0.0000093 seconds
[2019-12-09T02:26:39.588+0000][1][safepoint    ] Application time: 0.0002654 seconds
[2019-12-09T02:26:39.588+0000][1][safepoint    ] Entering safepoint region: RevokeBias
[2019-12-09T02:26:39.588+0000][1][safepoint    ] Leaving safepoint region
[2019-12-09T02:26:39.588+0000][1][safepoint    ] Total time for which application threads were stopped: 0.0000558 seconds, Stopping threads took: 0.0000105 seconds
[2019-12-09T02:26:39.588+0000][1][safepoint    ] Application time: 0.0002514 seconds
[2019-12-09T02:26:39.588+0000][1][safepoint    ] Entering safepoint region: RevokeBias
[2019-12-09T02:26:39.588+0000][1][safepoint    ] Leaving safepoint region
[2019-12-09T02:26:39.588+0000][1][safepoint    ] Total time for which application threads were stopped: 0.0000589 seconds, Stopping threads took: 0.0000097 seconds
[2019-12-09T02:26:39.618+0000][1][safepoint    ] Application time: 0.0295085 seconds
[2019-12-09T02:26:39.618+0000][1][safepoint    ] Entering safepoint region: RevokeBias
[2019-12-09T02:26:39.618+0000][1][safepoint    ] Leaving safepoint region
[2019-12-09T02:26:39.618+0000][1][safepoint    ] Total time for which application threads were stopped: 0.0001844 seconds, Stopping threads took: 0.0001002 seconds
[2019-12-09T02:26:39.692+0000][1][safepoint    ] Application time: 0.0740633 seconds
[2019-12-09T02:26:39.692+0000][1][safepoint    ] Entering safepoint region: RevokeBias
[2019-12-09T02:26:39.692+0000][1][safepoint    ] Leaving safepoint region
[2019-12-09T02:26:39.692+0000][1][safepoint    ] Total time for which application threads were stopped: 0.0001444 seconds, Stopping threads took: 0.0000664 seconds
[2019-12-09T02:26:39.693+0000][1][safepoint    ] Application time: 0.0007845 seconds
[2019-12-09T02:26:39.693+0000][1][safepoint    ] Entering safepoint region: RevokeBias
[2019-12-09T02:26:39.693+0000][1][safepoint    ] Leaving safepoint region
[2019-12-09T02:26:39.693+0000][1][safepoint    ] Total time for which application threads were stopped: 0.0000722 seconds, Stopping threads took: 0.0000136 seconds
[2019-12-09T02:26:39.693+0000][1][safepoint    ] Application time: 0.0000690 seconds
[2019-12-09T02:26:39.693+0000][1][safepoint    ] Entering safepoint region: RevokeBias
[2019-12-09T02:26:39.693+0000][1][safepoint    ] Leaving safepoint region
[2019-12-09T02:26:39.693+0000][1][safepoint    ] Total time for which application threads were stopped: 0.0000399 seconds, Stopping threads took: 0.0000084 seconds
[2019-12-09T02:26:39.694+0000][1][safepoint    ] Application time: 0.0007796 seconds
[2019-12-09T02:26:39.694+0000][1][safepoint    ] Entering safepoint region: RevokeBias
[2019-12-09T02:26:39.694+0000][1][safepoint    ] Leaving safepoint region
[2019-12-09T02:26:39.694+0000][1][safepoint    ] Total time for which application threads were stopped: 0.0000759 seconds, Stopping threads took: 0.0000129 seconds
[2019-12-09T02:26:39.695+0000][1][safepoint    ] Application time: 0.0004851 seconds
[2019-12-09T02:26:39.695+0000][1][safepoint    ] Entering safepoint region: RevokeBias
[2019-12-09T02:26:39.695+0000][1][safepoint    ] Leaving safepoint region
[2019-12-09T02:26:39.695+0000][1][safepoint    ] Total time for which application threads were stopped: 0.0000889 seconds, Stopping threads took: 0.0000120 seconds
[2019-12-09T02:26:39.706+0000][1][safepoint    ] Application time: 0.0110993 seconds
[2019-12-09T02:26:39.706+0000][1][safepoint    ] Entering safepoint region: RevokeBias
[2019-12-09T02:26:39.706+0000][1][safepoint    ] Leaving safepoint region
[2019-12-09T02:26:39.706+0000][1][safepoint    ] Total time for which application threads were stopped: 0.0000644 seconds, Stopping threads took: 0.0000131 seconds
[2019-12-09T02:26:39.706+0000][1][safepoint    ] Application time: 0.0000528 seconds
[2019-12-09T02:26:39.706+0000][1][safepoint    ] Entering safepoint region: RevokeBias
[2019-12-09T02:26:39.706+0000][1][safepoint    ] Leaving safepoint region
[2019-12-09T02:26:39.706+0000][1][safepoint    ] Total time for which application threads were stopped: 0.0000435 seconds, Stopping threads took: 0.0000090 seconds
[2019-12-09T02:26:39.706+0000][1][safepoint    ] Application time: 0.0000378 seconds
[2019-12-09T02:26:39.706+0000][1][safepoint    ] Entering safepoint region: RevokeBias
[2019-12-09T02:26:39.706+0000][1][safepoint    ] Leaving safepoint region
[2019-12-09T02:26:39.706+0000][1][safepoint    ] Total time for which application threads were stopped: 0.0000427 seconds, Stopping threads took: 0.0000092 seconds
[2019-12-09T02:26:40.019+0000][1][safepoint    ] Application time: 0.3130212 seconds
[2019-12-09T02:26:40.019+0000][1][safepoint    ] Entering safepoint region: RevokeBias
[2019-12-09T02:26:40.019+0000][1][safepoint    ] Leaving safepoint region
[2019-12-09T02:26:40.019+0000][1][safepoint    ] Total time for which application threads were stopped: 0.0001291 seconds, Stopping threads took: 0.0000506 seconds
[2019-12-09T02:26:40.050+0000][1][safepoint    ] Application time: 0.0307111 seconds
[2019-12-09T02:26:40.062+0000][1][safepoint    ] Entering safepoint region: RevokeBias
[2019-12-09T02:26:40.062+0000][1][safepoint    ] Leaving safepoint region
[2019-12-09T02:26:40.062+0000][1][safepoint    ] Total time for which application threads were stopped: 0.0118459 seconds, Stopping threads took: 0.0117664 seconds
[2019-12-09T02:26:40.100+0000][1][safepoint    ] Application time: 0.0378653 seconds
[2019-12-09T02:26:40.121+0000][1][safepoint    ] Entering safepoint region: RevokeBias
[2019-12-09T02:26:40.121+0000][1][safepoint    ] Leaving safepoint region
[2019-12-09T02:26:40.121+0000][1][safepoint    ] Total time for which application threads were stopped: 0.0212026 seconds, Stopping threads took: 0.0210449 seconds
[2019-12-09T02:26:40.122+0000][1][safepoint    ] Application time: 0.0010321 seconds
[2019-12-09T02:26:40.122+0000][1][safepoint    ] Entering safepoint region: RevokeBias
[2019-12-09T02:26:40.122+0000][1][safepoint    ] Leaving safepoint region
[2019-12-09T02:26:40.122+0000][1][safepoint    ] Total time for which application threads were stopped: 0.0000992 seconds, Stopping threads took: 0.0000281 seconds
[2019-12-09T02:26:40.136+0000][1][safepoint    ] Application time: 0.0136143 seconds
[2019-12-09T02:26:40.143+0000][1][safepoint    ] Entering safepoint region: RevokeBias
[2019-12-09T02:26:40.143+0000][1][safepoint    ] Leaving safepoint region
[2019-12-09T02:26:40.143+0000][1][safepoint    ] Total time for which application threads were stopped: 0.0071206 seconds, Stopping threads took: 0.0070207 seconds
[2019-12-09T02:26:40.144+0000][1][safepoint    ] Application time: 0.0015858 seconds
[2019-12-09T02:26:40.144+0000][1][safepoint    ] Entering safepoint region: RevokeBias
[2019-12-09T02:26:40.145+0000][1][safepoint    ] Leaving safepoint region
[2019-12-09T02:26:40.145+0000][1][safepoint    ] Total time for which application threads were stopped: 0.0000841 seconds, Stopping threads took: 0.0000123 seconds
[2019-12-09T02:26:40.145+0000][1][safepoint    ] Application time: 0.0003474 seconds
[2019-12-09T02:26:40.145+0000][1][safepoint    ] Entering safepoint region: RevokeBias
[2019-12-09T02:26:40.145+0000][1][safepoint    ] Leaving safepoint region
[2019-12-09T02:26:40.145+0000][1][safepoint    ] Total time for which application threads were stopped: 0.0002463 seconds, Stopping threads took: 0.0000106 seconds
[2019-12-09T02:26:40.146+0000][1][safepoint    ] Application time: 0.0005934 seconds
[2019-12-09T02:26:40.146+0000][1][safepoint    ] Entering safepoint region: RevokeBias
[2019-12-09T02:26:40.146+0000][1][safepoint    ] Leaving safepoint region
[2019-12-09T02:26:40.146+0000][1][safepoint    ] Total time for which application threads were stopped: 0.0002469 seconds, Stopping threads took: 0.0000127 seconds
[2019-12-09T02:26:40.148+0000][1][safepoint    ] Application time: 0.0021311 seconds
[2019-12-09T02:26:40.148+0000][1][safepoint    ] Entering safepoint region: RevokeBias
[2019-12-09T02:26:40.148+0000][1][safepoint    ] Leaving safepoint region
[2019-12-09T02:26:40.148+0000][1][safepoint    ] Total time for which application threads were stopped: 0.0000795 seconds, Stopping threads took: 0.0000112 seconds
[2019-12-09T02:26:40.149+0000][1][safepoint    ] Application time: 0.0006857 seconds
[2019-12-09T02:26:40.149+0000][1][safepoint    ] Entering safepoint region: RevokeBias
[2019-12-09T02:26:40.149+0000][1][safepoint    ] Leaving safepoint region
[2019-12-09T02:26:40.149+0000][1][safepoint    ] Total time for which application threads were stopped: 0.0002916 seconds, Stopping threads took: 0.0000113 seconds
[2019-12-09T02:26:40.195+0000][1][safepoint    ] Application time: 0.0456834 seconds
[2019-12-09T02:26:40.195+0000][1][safepoint    ] Entering safepoint region: RevokeBias
[2019-12-09T02:26:40.195+0000][1][safepoint    ] Leaving safepoint region
[2019-12-09T02:26:40.195+0000][1][safepoint    ] Total time for which application threads were stopped: 0.0000906 seconds, Stopping threads took: 0.0000184 seconds
[2019-12-09T02:26:40.208+0000][1][safepoint    ] Application time: 0.0131876 seconds
[2019-12-09T02:26:40.208+0000][1][safepoint    ] Entering safepoint region: RevokeBias
[2019-12-09T02:26:40.208+0000][1][safepoint    ] Leaving safepoint region
[2019-12-09T02:26:40.208+0000][1][safepoint    ] Total time for which application threads were stopped: 0.0000650 seconds, Stopping threads took: 0.0000150 seconds
[2019-12-09T02:26:40.254+0000][1][safepoint    ] Application time: 0.0460537 seconds
[2019-12-09T02:26:40.265+0000][1][safepoint    ] Entering safepoint region: RevokeBias
[2019-12-09T02:26:40.265+0000][1][safepoint    ] Leaving safepoint region
[2019-12-09T02:26:40.265+0000][1][safepoint    ] Total time for which application threads were stopped: 0.0105174 seconds, Stopping threads took: 0.0104447 seconds
[2019-12-09T02:26:40.346+0000][1][safepoint    ] Application time: 0.0807777 seconds
[2019-12-09T02:26:40.365+0000][1][safepoint    ] Entering safepoint region: RevokeBias
[2019-12-09T02:26:40.365+0000][1][safepoint    ] Leaving safepoint region
[2019-12-09T02:26:40.365+0000][1][safepoint    ] Total time for which application threads were stopped: 0.0192544 seconds, Stopping threads took: 0.0191705 seconds
[2019-12-09T02:26:40.366+0000][1][safepoint    ] Application time: 0.0006591 seconds
[2019-12-09T02:26:40.366+0000][1][safepoint    ] Entering safepoint region: RevokeBias
[2019-12-09T02:26:40.366+0000][1][safepoint    ] Leaving safepoint region
[2019-12-09T02:26:40.366+0000][1][safepoint    ] Total time for which application threads were stopped: 0.0000695 seconds, Stopping threads took: 0.0000150 seconds
[2019-12-09T02:26:40.366+0000][1][safepoint    ] Application time: 0.0006184 seconds
[2019-12-09T02:26:40.366+0000][1][safepoint    ] Entering safepoint region: RevokeBias
[2019-12-09T02:26:40.367+0000][1][safepoint    ] Leaving safepoint region
[2019-12-09T02:26:40.367+0000][1][safepoint    ] Total time for which application threads were stopped: 0.0000601 seconds, Stopping threads took: 0.0000115 seconds
[2019-12-09T02:26:40.369+0000][1][safepoint    ] Application time: 0.0021710 seconds
[2019-12-09T02:26:40.369+0000][1][safepoint    ] Entering safepoint region: RevokeBias
[2019-12-09T02:26:40.369+0000][1][safepoint    ] Leaving safepoint region
[2019-12-09T02:26:40.369+0000][1][safepoint    ] Total time for which application threads were stopped: 0.0000527 seconds, Stopping threads took: 0.0000125 seconds
[2019-12-09T02:26:40.369+0000][1][safepoint    ] Application time: 0.0002646 seconds
[2019-12-09T02:26:40.369+0000][1][safepoint    ] Entering safepoint region: RevokeBias
[2019-12-09T02:26:40.369+0000][1][safepoint    ] Leaving safepoint region
[2019-12-09T02:26:40.369+0000][1][safepoint    ] Total time for which application threads were stopped: 0.0000467 seconds, Stopping threads took: 0.0000101 seconds
[2019-12-09T02:26:40.378+0000][1][safepoint    ] Application time: 0.0089118 seconds
[2019-12-09T02:26:40.378+0000][1][safepoint    ] Entering safepoint region: RevokeBias
[2019-12-09T02:26:40.378+0000][1][safepoint    ] Leaving safepoint region
[2019-12-09T02:26:40.378+0000][1][safepoint    ] Total time for which application threads were stopped: 0.0001175 seconds, Stopping threads took: 0.0000633 seconds
[2019-12-09T02:26:40.379+0000][1][safepoint    ] Application time: 0.0007361 seconds
[2019-12-09T02:26:40.379+0000][1][safepoint    ] Entering safepoint region: RevokeBias
[2019-12-09T02:26:40.379+0000][1][safepoint    ] Leaving safepoint region
[2019-12-09T02:26:40.379+0000][1][safepoint    ] Total time for which application threads were stopped: 0.0000562 seconds, Stopping threads took: 0.0000115 seconds
[2019-12-09T02:26:40.379+0000][1][safepoint    ] Application time: 0.0001627 seconds
[2019-12-09T02:26:40.379+0000][1][safepoint    ] Entering safepoint region: RevokeBias
[2019-12-09T02:26:40.379+0000][1][safepoint    ] Leaving safepoint region
[2019-12-09T02:26:40.379+0000][1][safepoint    ] Total time for which application threads were stopped: 0.0000510 seconds, Stopping threads took: 0.0000098 seconds
[2019-12-09T02:26:40.380+0000][1][safepoint    ] Application time: 0.0002441 seconds
[2019-12-09T02:26:40.380+0000][1][safepoint    ] Entering safepoint region: RevokeBias
[2019-12-09T02:26:40.380+0000][1][safepoint    ] Leaving safepoint region
[2019-12-09T02:26:40.380+0000][1][safepoint    ] Total time for which application threads were stopped: 0.0000586 seconds, Stopping threads took: 0.0000121 seconds
[2019-12-09T02:26:40.380+0000][1][safepoint    ] Application time: 0.0003815 seconds
[2019-12-09T02:26:40.380+0000][1][safepoint    ] Entering safepoint region: RevokeBias
[2019-12-09T02:26:40.380+0000][1][safepoint    ] Leaving safepoint region
[2019-12-09T02:26:40.380+0000][1][safepoint    ] Total time for which application threads were stopped: 0.0000593 seconds, Stopping threads took: 0.0000119 seconds
[2019-12-09T02:26:40.380+0000][1][safepoint    ] Application time: 0.0003199 seconds
[2019-12-09T02:26:40.380+0000][1][safepoint    ] Entering safepoint region: RevokeBias
[2019-12-09T02:26:40.380+0000][1][safepoint    ] Leaving safepoint region
[2019-12-09T02:26:40.380+0000][1][safepoint    ] Total time for which application threads were stopped: 0.0000505 seconds, Stopping threads took: 0.0000113 seconds
[2019-12-09T02:26:40.381+0000][1][safepoint    ] Application time: 0.0000472 seconds
[2019-12-09T02:26:40.381+0000][1][safepoint    ] Entering safepoint region: RevokeBias
[2019-12-09T02:26:40.381+0000][1][safepoint    ] Leaving safepoint region
[2019-12-09T02:26:40.381+0000][1][safepoint    ] Total time for which application threads were stopped: 0.0000405 seconds, Stopping threads took: 0.0000090 seconds
[2019-12-09T02:26:40.381+0000][1][safepoint    ] Application time: 0.0000397 seconds
[2019-12-09T02:26:40.381+0000][1][safepoint    ] Entering safepoint region: RevokeBias
[2019-12-09T02:26:40.381+0000][1][safepoint    ] Leaving safepoint region
[2019-12-09T02:26:40.381+0000][1][safepoint    ] Total time for which application threads were stopped: 0.0000411 seconds, Stopping threads took: 0.0000093 seconds
[2019-12-09T02:26:40.392+0000][1][safepoint    ] Application time: 0.0118253 seconds
[2019-12-09T02:26:40.393+0000][1][safepoint    ] Entering safepoint region: RevokeBias
[2019-12-09T02:26:40.393+0000][1][safepoint    ] Leaving safepoint region
[2019-12-09T02:26:40.393+0000][1][safepoint    ] Total time for which application threads were stopped: 0.0000718 seconds, Stopping threads took: 0.0000130 seconds
[2019-12-09T02:26:40.394+0000][1][safepoint    ] Application time: 0.0018702 seconds
[2019-12-09T02:26:40.394+0000][1][safepoint    ] Entering safepoint region: RevokeBias
[2019-12-09T02:26:40.395+0000][1][safepoint    ] Leaving safepoint region
[2019-12-09T02:26:40.395+0000][1][safepoint    ] Total time for which application threads were stopped: 0.0000589 seconds, Stopping threads took: 0.0000131 seconds
[2019-12-09T02:26:40.395+0000][1][safepoint    ] Application time: 0.0003054 seconds
[2019-12-09T02:26:40.395+0000][1][safepoint    ] Entering safepoint region: RevokeBias
[2019-12-09T02:26:40.395+0000][1][safepoint    ] Leaving safepoint region
[2019-12-09T02:26:40.395+0000][1][safepoint    ] Total time for which application threads were stopped: 0.0000543 seconds, Stopping threads took: 0.0000116 seconds
[2019-12-09T02:26:40.395+0000][1][safepoint    ] Application time: 0.0002224 seconds
[2019-12-09T02:26:40.395+0000][1][safepoint    ] Entering safepoint region: RevokeBias
[2019-12-09T02:26:40.395+0000][1][safepoint    ] Leaving safepoint region
[2019-12-09T02:26:40.395+0000][1][safepoint    ] Total time for which application threads were stopped: 0.0000532 seconds, Stopping threads took: 0.0000099 seconds
[2019-12-09T02:26:40.396+0000][1][safepoint    ] Application time: 0.0005969 seconds
[2019-12-09T02:26:40.396+0000][1][safepoint    ] Entering safepoint region: RevokeBias
[2019-12-09T02:26:40.396+0000][1][safepoint    ] Leaving safepoint region
[2019-12-09T02:26:40.396+0000][1][safepoint    ] Total time for which application threads were stopped: 0.0000584 seconds, Stopping threads took: 0.0000113 seconds
[2019-12-09T02:26:40.396+0000][1][safepoint    ] Application time: 0.0001793 seconds
[2019-12-09T02:26:40.396+0000][1][safepoint    ] Entering safepoint region: RevokeBias
[2019-12-09T02:26:40.396+0000][1][safepoint    ] Leaving safepoint region
[2019-12-09T02:26:40.396+0000][1][safepoint    ] Total time for which application threads were stopped: 0.0000474 seconds, Stopping threads took: 0.0000097 seconds
[2019-12-09T02:26:40.396+0000][1][safepoint    ] Application time: 0.0002275 seconds
[2019-12-09T02:26:40.396+0000][1][safepoint    ] Entering safepoint region: RevokeBias
[2019-12-09T02:26:40.396+0000][1][safepoint    ] Leaving safepoint region
[2019-12-09T02:26:40.396+0000][1][safepoint    ] Total time for which application threads were stopped: 0.0000499 seconds, Stopping threads took: 0.0000101 seconds
[2019-12-09T02:26:40.404+0000][1][safepoint    ] Application time: 0.0077388 seconds
[2019-12-09T02:26:40.416+0000][1][safepoint    ] Entering safepoint region: RevokeBias
[2019-12-09T02:26:40.416+0000][1][safepoint    ] Leaving safepoint region
[2019-12-09T02:26:40.416+0000][1][safepoint    ] Total time for which application threads were stopped: 0.0114290 seconds, Stopping threads took: 0.0113502 seconds
[2019-12-09T02:26:40.418+0000][1][safepoint    ] Application time: 0.0022214 seconds
[2019-12-09T02:26:40.418+0000][1][safepoint    ] Entering safepoint region: RevokeBias
[2019-12-09T02:26:40.418+0000][1][safepoint    ] Leaving safepoint region
[2019-12-09T02:26:40.418+0000][1][safepoint    ] Total time for which application threads were stopped: 0.0000605 seconds, Stopping threads took: 0.0000122 seconds
[2019-12-09T02:26:40.418+0000][1][safepoint    ] Application time: 0.0003120 seconds
[2019-12-09T02:26:40.418+0000][1][safepoint    ] Entering safepoint region: RevokeBias
[2019-12-09T02:26:40.418+0000][1][safepoint    ] Leaving safepoint region
[2019-12-09T02:26:40.418+0000][1][safepoint    ] Total time for which application threads were stopped: 0.0000587 seconds, Stopping threads took: 0.0000116 seconds
[2019-12-09T02:26:40.419+0000][1][safepoint    ] Application time: 0.0003347 seconds
[2019-12-09T02:26:40.419+0000][1][safepoint    ] Entering safepoint region: RevokeBias
[2019-12-09T02:26:40.419+0000][1][safepoint    ] Leaving safepoint region
[2019-12-09T02:26:40.419+0000][1][safepoint    ] Total time for which application threads were stopped: 0.0000564 seconds, Stopping threads took: 0.0000122 seconds
[2019-12-09T02:26:40.420+0000][1][safepoint    ] Application time: 0.0010602 seconds
[2019-12-09T02:26:40.420+0000][1][safepoint    ] Entering safepoint region: RevokeBias
[2019-12-09T02:26:40.420+0000][1][safepoint    ] Leaving safepoint region
[2019-12-09T02:26:40.420+0000][1][safepoint    ] Total time for which application threads were stopped: 0.0000511 seconds, Stopping threads took: 0.0000120 seconds
[2019-12-09T02:26:40.420+0000][1][safepoint    ] Application time: 0.0002348 seconds
[2019-12-09T02:26:40.420+0000][1][safepoint    ] Entering safepoint region: RevokeBias
[2019-12-09T02:26:40.420+0000][1][safepoint    ] Leaving safepoint region
[2019-12-09T02:26:40.420+0000][1][safepoint    ] Total time for which application threads were stopped: 0.0000492 seconds, Stopping threads took: 0.0000112 seconds
[2019-12-09T02:26:40.420+0000][1][safepoint    ] Application time: 0.0002367 seconds
[2019-12-09T02:26:40.420+0000][1][safepoint    ] Entering safepoint region: RevokeBias
[2019-12-09T02:26:40.421+0000][1][safepoint    ] Leaving safepoint region
[2019-12-09T02:26:40.421+0000][1][safepoint    ] Total time for which application threads were stopped: 0.0000498 seconds, Stopping threads took: 0.0000117 seconds
[2019-12-09T02:26:40.421+0000][1][safepoint    ] Application time: 0.0001500 seconds
[2019-12-09T02:26:40.421+0000][1][safepoint    ] Entering safepoint region: RevokeBias
[2019-12-09T02:26:40.421+0000][1][safepoint    ] Leaving safepoint region
[2019-12-09T02:26:40.421+0000][1][safepoint    ] Total time for which application threads were stopped: 0.0000482 seconds, Stopping threads took: 0.0000106 seconds
[2019-12-09T02:26:40.421+0000][1][safepoint    ] Application time: 0.0002432 seconds
[2019-12-09T02:26:40.421+0000][1][safepoint    ] Entering safepoint region: RevokeBias
[2019-12-09T02:26:40.421+0000][1][safepoint    ] Leaving safepoint region
[2019-12-09T02:26:40.421+0000][1][safepoint    ] Total time for which application threads were stopped: 0.0000497 seconds, Stopping threads took: 0.0000111 seconds
[2019-12-09T02:26:40.456+0000][1][safepoint    ] Application time: 0.0345726 seconds
[2019-12-09T02:26:40.456+0000][1][safepoint    ] Entering safepoint region: RevokeBias
[2019-12-09T02:26:40.456+0000][1][safepoint    ] Leaving safepoint region
[2019-12-09T02:26:40.456+0000][1][safepoint    ] Total time for which application threads were stopped: 0.0000751 seconds, Stopping threads took: 0.0000155 seconds
[2019-12-09T02:26:40.456+0000][1][safepoint    ] Application time: 0.0000652 seconds
[2019-12-09T02:26:40.456+0000][1][safepoint    ] Entering safepoint region: RevokeBias
[2019-12-09T02:26:40.456+0000][1][safepoint    ] Leaving safepoint region
[2019-12-09T02:26:40.456+0000][1][safepoint    ] Total time for which application threads were stopped: 0.0000545 seconds, Stopping threads took: 0.0000098 seconds
[2019-12-09T02:26:40.462+0000][1][safepoint    ] Application time: 0.0062892 seconds
[2019-12-09T02:26:40.462+0000][1][safepoint    ] Entering safepoint region: RevokeBias
[2019-12-09T02:26:40.462+0000][1][safepoint    ] Leaving safepoint region
[2019-12-09T02:26:40.462+0000][1][safepoint    ] Total time for which application threads were stopped: 0.0000602 seconds, Stopping threads took: 0.0000130 seconds
[2019-12-09T02:26:40.541+0000][1][safepoint    ] Application time: 0.0782146 seconds
[2019-12-09T02:26:40.573+0000][1][safepoint    ] Entering safepoint region: BulkRevokeBias
[2019-12-09T02:26:40.573+0000][1][safepoint    ] Leaving safepoint region
[2019-12-09T02:26:40.573+0000][1][safepoint    ] Total time for which application threads were stopped: 0.0326011 seconds, Stopping threads took: 0.0322817 seconds
[2019-12-09T02:26:40.760+0000][1][safepoint    ] Application time: 0.1866570 seconds
[2019-12-09T02:26:40.790+0000][1][safepoint    ] Entering safepoint region: RevokeBias
[2019-12-09T02:26:40.790+0000][1][safepoint    ] Leaving safepoint region
[2019-12-09T02:26:40.790+0000][1][safepoint    ] Total time for which application threads were stopped: 0.0299862 seconds, Stopping threads took: 0.0298872 seconds
[2019-12-09T02:26:40.800+0000][1][safepoint    ] Application time: 0.0103464 seconds
[2019-12-09T02:26:40.800+0000][1][safepoint    ] Entering safepoint region: RevokeBias
[2019-12-09T02:26:40.800+0000][1][safepoint    ] Leaving safepoint region
[2019-12-09T02:26:40.800+0000][1][safepoint    ] Total time for which application threads were stopped: 0.0000883 seconds, Stopping threads took: 0.0000186 seconds
[2019-12-09T02:26:40.853+0000][1][safepoint    ] Application time: 0.0525233 seconds
[2019-12-09T02:26:40.853+0000][1][safepoint    ] Entering safepoint region: RevokeBias
[2019-12-09T02:26:40.853+0000][1][safepoint    ] Leaving safepoint region
[2019-12-09T02:26:40.853+0000][1][safepoint    ] Total time for which application threads were stopped: 0.0001107 seconds, Stopping threads took: 0.0000411 seconds
[2019-12-09T02:26:40.857+0000][1][safepoint    ] Application time: 0.0042795 seconds
[2019-12-09T02:26:40.857+0000][1][safepoint    ] Entering safepoint region: RevokeBias
[2019-12-09T02:26:40.857+0000][1][safepoint    ] Leaving safepoint region
[2019-12-09T02:26:40.857+0000][1][safepoint    ] Total time for which application threads were stopped: 0.0001239 seconds, Stopping threads took: 0.0000465 seconds
[2019-12-09T02:26:40.868+0000][1][safepoint    ] Application time: 0.0103247 seconds
[2019-12-09T02:26:40.868+0000][1][safepoint    ] Entering safepoint region: RevokeBias
[2019-12-09T02:26:40.868+0000][1][safepoint    ] Leaving safepoint region
[2019-12-09T02:26:40.868+0000][1][safepoint    ] Total time for which application threads were stopped: 0.0001356 seconds, Stopping threads took: 0.0000623 seconds
[2019-12-09T02:26:40.898+0000][1][safepoint    ] Application time: 0.0299129 seconds
[2019-12-09T02:26:40.898+0000][1][safepoint    ] Entering safepoint region: RevokeBias
[2019-12-09T02:26:40.898+0000][1][safepoint    ] Leaving safepoint region
[2019-12-09T02:26:40.898+0000][1][safepoint    ] Total time for which application threads were stopped: 0.0001094 seconds, Stopping threads took: 0.0000398 seconds
[2019-12-09T02:26:40.907+0000][1][safepoint    ] Application time: 0.0087502 seconds
[2019-12-09T02:26:40.907+0000][1][safepoint    ] Entering safepoint region: RevokeBias
[2019-12-09T02:26:40.907+0000][1][safepoint    ] Leaving safepoint region
[2019-12-09T02:26:40.907+0000][1][safepoint    ] Total time for which application threads were stopped: 0.0001173 seconds, Stopping threads took: 0.0000461 seconds
[2019-12-09T02:26:40.908+0000][1][safepoint    ] Application time: 0.0011863 seconds
[2019-12-09T02:26:40.908+0000][1][safepoint    ] Entering safepoint region: RevokeBias
[2019-12-09T02:26:40.908+0000][1][safepoint    ] Leaving safepoint region
[2019-12-09T02:26:40.908+0000][1][safepoint    ] Total time for which application threads were stopped: 0.0001215 seconds, Stopping threads took: 0.0000568 seconds
[2019-12-09T02:26:40.909+0000][1][safepoint    ] Application time: 0.0007137 seconds
[2019-12-09T02:26:40.909+0000][1][safepoint    ] Entering safepoint region: RevokeBias
[2019-12-09T02:26:40.909+0000][1][safepoint    ] Leaving safepoint region
[2019-12-09T02:26:40.909+0000][1][safepoint    ] Total time for which application threads were stopped: 0.0000699 seconds, Stopping threads took: 0.0000123 seconds
[2019-12-09T02:26:40.909+0000][1][safepoint    ] Application time: 0.0000587 seconds
[2019-12-09T02:26:40.909+0000][1][safepoint    ] Entering safepoint region: RevokeBias
[2019-12-09T02:26:40.909+0000][1][safepoint    ] Leaving safepoint region
[2019-12-09T02:26:40.909+0000][1][safepoint    ] Total time for which application threads were stopped: 0.0000477 seconds, Stopping threads took: 0.0000085 seconds
[2019-12-09T02:26:41.011+0000][1][safepoint    ] Application time: 0.1019809 seconds
[2019-12-09T02:26:41.011+0000][1][safepoint    ] Entering safepoint region: RevokeBias
[2019-12-09T02:26:41.011+0000][1][safepoint    ] Leaving safepoint region
[2019-12-09T02:26:41.011+0000][1][safepoint    ] Total time for which application threads were stopped: 0.0001062 seconds, Stopping threads took: 0.0000182 seconds
[2019-12-09T02:26:41.042+0000][1][safepoint    ] Application time: 0.0303118 seconds
[2019-12-09T02:26:41.051+0000][1][safepoint    ] Entering safepoint region: RevokeBias
[2019-12-09T02:26:41.051+0000][1][safepoint    ] Leaving safepoint region
[2019-12-09T02:26:41.051+0000][1][safepoint    ] Total time for which application threads were stopped: 0.0097184 seconds, Stopping threads took: 0.0096380 seconds
[2019-12-09T02:26:41.170+0000][1][safepoint    ] Application time: 0.1189547 seconds
[2019-12-09T02:26:41.170+0000][1][safepoint    ] Entering safepoint region: RevokeBias
[2019-12-09T02:26:41.170+0000][1][safepoint    ] Leaving safepoint region
[2019-12-09T02:26:41.170+0000][1][safepoint    ] Total time for which application threads were stopped: 0.0001417 seconds, Stopping threads took: 0.0000746 seconds
[2019-12-09T02:26:41.185+0000][1][safepoint    ] Application time: 0.0142168 seconds
[2019-12-09T02:26:41.185+0000][1][safepoint    ] Entering safepoint region: RevokeBias
[2019-12-09T02:26:41.185+0000][1][safepoint    ] Leaving safepoint region
[2019-12-09T02:26:41.185+0000][1][safepoint    ] Total time for which application threads were stopped: 0.0000910 seconds, Stopping threads took: 0.0000183 seconds
[2019-12-09T02:26:41.203+0000][1][safepoint    ] Application time: 0.0179296 seconds
[2019-12-09T02:26:41.203+0000][1][safepoint    ] Entering safepoint region: RevokeBias
[2019-12-09T02:26:41.203+0000][1][safepoint    ] Leaving safepoint region
[2019-12-09T02:26:41.203+0000][1][safepoint    ] Total time for which application threads were stopped: 0.0001322 seconds, Stopping threads took: 0.0000698 seconds
[2019-12-09T02:26:41.203+0000][1][safepoint    ] Application time: 0.0000616 seconds
[2019-12-09T02:26:41.203+0000][1][safepoint    ] Entering safepoint region: RevokeBias
[2019-12-09T02:26:41.203+0000][1][safepoint    ] Leaving safepoint region
[2019-12-09T02:26:41.203+0000][1][safepoint    ] Total time for which application threads were stopped: 0.0000494 seconds, Stopping threads took: 0.0000096 seconds
[2019-12-09T02:26:41.203+0000][1][safepoint    ] Application time: 0.0001829 seconds
[2019-12-09T02:26:41.203+0000][1][safepoint    ] Entering safepoint region: RevokeBias
[2019-12-09T02:26:41.203+0000][1][safepoint    ] Leaving safepoint region
[2019-12-09T02:26:41.203+0000][1][safepoint    ] Total time for which application threads were stopped: 0.0000576 seconds, Stopping threads took: 0.0000119 seconds
[2019-12-09T02:26:41.205+0000][1][safepoint    ] Application time: 0.0017688 seconds
[2019-12-09T02:26:41.205+0000][1][safepoint    ] Entering safepoint region: RevokeBias
[2019-12-09T02:26:41.205+0000][1][safepoint    ] Leaving safepoint region
[2019-12-09T02:26:41.205+0000][1][safepoint    ] Total time for which application threads were stopped: 0.0000601 seconds, Stopping threads took: 0.0000146 seconds
[2019-12-09T02:26:41.205+0000][1][safepoint    ] Application time: 0.0002411 seconds
[2019-12-09T02:26:41.205+0000][1][safepoint    ] Entering safepoint region: RevokeBias
[2019-12-09T02:26:41.205+0000][1][safepoint    ] Leaving safepoint region
[2019-12-09T02:26:41.205+0000][1][safepoint    ] Total time for which application threads were stopped: 0.0000468 seconds, Stopping threads took: 0.0000111 seconds
[2019-12-09T02:26:41.248+0000][1][safepoint    ] Application time: 0.0428269 seconds
[2019-12-09T02:26:41.248+0000][1][safepoint    ] Entering safepoint region: RevokeBias
[2019-12-09T02:26:41.248+0000][1][safepoint    ] Leaving safepoint region
[2019-12-09T02:26:41.248+0000][1][safepoint    ] Total time for which application threads were stopped: 0.0000820 seconds, Stopping threads took: 0.0000161 seconds
[2019-12-09T02:26:41.280+0000][1][safepoint    ] Application time: 0.0318575 seconds
[2019-12-09T02:26:41.280+0000][1][safepoint    ] Entering safepoint region: RevokeBias
[2019-12-09T02:26:41.280+0000][1][safepoint    ] Leaving safepoint region
[2019-12-09T02:26:41.280+0000][1][safepoint    ] Total time for which application threads were stopped: 0.0000958 seconds, Stopping threads took: 0.0000167 seconds
[2019-12-09T02:26:41.281+0000][1][safepoint    ] Application time: 0.0001798 seconds
[2019-12-09T02:26:41.281+0000][1][safepoint    ] Entering safepoint region: RevokeBias
[2019-12-09T02:26:41.281+0000][1][safepoint    ] Leaving safepoint region
[2019-12-09T02:26:41.281+0000][1][safepoint    ] Total time for which application threads were stopped: 0.0000665 seconds, Stopping threads took: 0.0000117 seconds
[2019-12-09T02:26:41.281+0000][1][safepoint    ] Application time: 0.0001069 seconds
[2019-12-09T02:26:41.281+0000][1][safepoint    ] Entering safepoint region: RevokeBias
[2019-12-09T02:26:41.281+0000][1][safepoint    ] Leaving safepoint region
[2019-12-09T02:26:41.281+0000][1][safepoint    ] Total time for which application threads were stopped: 0.0000601 seconds, Stopping threads took: 0.0000097 seconds
[2019-12-09T02:26:41.606+0000][1][safepoint    ] Application time: 0.3249459 seconds
[2019-12-09T02:26:41.606+0000][1][safepoint    ] Entering safepoint region: RevokeBias
[2019-12-09T02:26:41.606+0000][1][safepoint    ] Leaving safepoint region
[2019-12-09T02:26:41.606+0000][1][safepoint    ] Total time for which application threads were stopped: 0.0002658 seconds, Stopping threads took: 0.0001921 seconds
[2019-12-09T02:26:41.883+0000][1][safepoint    ] Application time: 0.2765981 seconds
[2019-12-09T02:26:41.883+0000][1][safepoint    ] Entering safepoint region: Deoptimize
[2019-12-09T02:26:41.883+0000][1][safepoint    ] Leaving safepoint region
[2019-12-09T02:26:41.883+0000][1][safepoint    ] Total time for which application threads were stopped: 0.0007550 seconds, Stopping threads took: 0.0000197 seconds
[2019-12-09T02:26:42.206+0000][1][safepoint    ] Application time: 0.3228466 seconds
[2019-12-09T02:26:42.304+0000][1][safepoint    ] Entering safepoint region: RevokeBias
[2019-12-09T02:26:42.304+0000][1][safepoint    ] Leaving safepoint region
[2019-12-09T02:26:42.304+0000][1][safepoint    ] Total time for which application threads were stopped: 0.0974726 seconds, Stopping threads took: 0.0973671 seconds
[2019-12-09T02:26:42.495+0000][1][safepoint    ] Application time: 0.1910963 seconds
[2019-12-09T02:26:42.495+0000][1][safepoint    ] Entering safepoint region: BulkRevokeBias
[2019-12-09T02:26:42.495+0000][1][safepoint    ] Leaving safepoint region
[2019-12-09T02:26:42.495+0000][1][safepoint    ] Total time for which application threads were stopped: 0.0004250 seconds, Stopping threads took: 0.0000185 seconds
[2019-12-09T02:26:42.495+0000][1][safepoint    ] Application time: 0.0000649 seconds
[2019-12-09T02:26:42.495+0000][1][safepoint    ] Entering safepoint region: RevokeBias
[2019-12-09T02:26:42.496+0000][1][safepoint    ] Leaving safepoint region
[2019-12-09T02:26:42.496+0000][1][safepoint    ] Total time for which application threads were stopped: 0.0000717 seconds, Stopping threads took: 0.0000126 seconds
[2019-12-09T02:26:42.559+0000][1][safepoint    ] Application time: 0.0636591 seconds
[2019-12-09T02:26:42.559+0000][1][safepoint    ] Entering safepoint region: RevokeBias
[2019-12-09T02:26:42.559+0000][1][safepoint    ] Leaving safepoint region
[2019-12-09T02:26:42.559+0000][1][safepoint    ] Total time for which application threads were stopped: 0.0000893 seconds, Stopping threads took: 0.0000201 seconds
[2019-12-09T02:26:42.568+0000][1][safepoint    ] Application time: 0.0084364 seconds
[2019-12-09T02:26:42.568+0000][1][safepoint    ] Entering safepoint region: BulkRevokeBias
[2019-12-09T02:26:42.568+0000][1][safepoint    ] Leaving safepoint region
[2019-12-09T02:26:42.568+0000][1][safepoint    ] Total time for which application threads were stopped: 0.0003970 seconds, Stopping threads took: 0.0000208 seconds
[2019-12-09T02:26:42.569+0000][1][safepoint    ] Application time: 0.0002870 seconds
[2019-12-09T02:26:42.569+0000][1][safepoint    ] Entering safepoint region: RevokeBias
[2019-12-09T02:26:42.569+0000][1][safepoint    ] Leaving safepoint region
[2019-12-09T02:26:42.569+0000][1][safepoint    ] Total time for which application threads were stopped: 0.0000678 seconds, Stopping threads took: 0.0000163 seconds
[2019-12-09T02:26:42.584+0000][1][safepoint    ] Application time: 0.0156259 seconds
[2019-12-09T02:26:42.584+0000][1][safepoint    ] Entering safepoint region: RevokeBias
[2019-12-09T02:26:42.584+0000][1][safepoint    ] Leaving safepoint region
[2019-12-09T02:26:42.584+0000][1][safepoint    ] Total time for which application threads were stopped: 0.0000631 seconds, Stopping threads took: 0.0000163 seconds
[2019-12-09T02:26:42.584+0000][1][safepoint    ] Application time: 0.0000566 seconds
[2019-12-09T02:26:42.584+0000][1][safepoint    ] Entering safepoint region: RevokeBias
[2019-12-09T02:26:42.584+0000][1][safepoint    ] Leaving safepoint region
[2019-12-09T02:26:42.584+0000][1][safepoint    ] Total time for which application threads were stopped: 0.0000404 seconds, Stopping threads took: 0.0000095 seconds
[2019-12-09T02:26:42.622+0000][1][safepoint    ] Application time: 0.0370805 seconds
[2019-12-09T02:26:42.622+0000][1][safepoint    ] Entering safepoint region: RevokeBias
[2019-12-09T02:26:42.622+0000][1][safepoint    ] Leaving safepoint region
[2019-12-09T02:26:42.622+0000][1][safepoint    ] Total time for which application threads were stopped: 0.0000732 seconds, Stopping threads took: 0.0000156 seconds
[2019-12-09T02:26:42.954+0000][1][safepoint    ] Application time: 0.3321097 seconds
[2019-12-09T02:26:42.954+0000][1][safepoint    ] Entering safepoint region: RevokeBias
[2019-12-09T02:26:42.954+0000][1][safepoint    ] Leaving safepoint region
[2019-12-09T02:26:42.954+0000][1][safepoint    ] Total time for which application threads were stopped: 0.0001134 seconds, Stopping threads took: 0.0000214 seconds
[2019-12-09T02:26:43.091+0000][1][safepoint    ] Application time: 0.1373004 seconds
[2019-12-09T02:26:43.091+0000][1][safepoint    ] Entering safepoint region: RevokeBias
[2019-12-09T02:26:43.091+0000][1][safepoint    ] Leaving safepoint region
[2019-12-09T02:26:43.091+0000][1][safepoint    ] Total time for which application threads were stopped: 0.0000890 seconds, Stopping threads took: 0.0000190 seconds
[2019-12-09T02:26:43.092+0000][1][safepoint    ] Application time: 0.0004365 seconds
[2019-12-09T02:26:43.092+0000][1][safepoint    ] Entering safepoint region: RevokeBias
[2019-12-09T02:26:43.092+0000][1][safepoint    ] Leaving safepoint region
[2019-12-09T02:26:43.092+0000][1][safepoint    ] Total time for which application threads were stopped: 0.0000769 seconds, Stopping threads took: 0.0000187 seconds
[2019-12-09T02:26:43.094+0000][1][safepoint    ] Application time: 0.0016743 seconds
[2019-12-09T02:26:43.094+0000][1][safepoint    ] Entering safepoint region: RevokeBias
[2019-12-09T02:26:43.094+0000][1][safepoint    ] Leaving safepoint region
[2019-12-09T02:26:43.094+0000][1][safepoint    ] Total time for which application threads were stopped: 0.0000534 seconds, Stopping threads took: 0.0000140 seconds
[2019-12-09T02:26:43.114+0000][1][safepoint    ] Application time: 0.0201092 seconds
[2019-12-09T02:26:43.114+0000][1][safepoint    ] Entering safepoint region: RevokeBias
[2019-12-09T02:26:43.114+0000][1][safepoint    ] Leaving safepoint region
[2019-12-09T02:26:43.114+0000][1][safepoint    ] Total time for which application threads were stopped: 0.0000563 seconds, Stopping threads took: 0.0000147 seconds
[2019-12-09T02:26:43.114+0000][1][safepoint    ] Application time: 0.0000482 seconds
[2019-12-09T02:26:43.114+0000][1][safepoint    ] Entering safepoint region: RevokeBias
[2019-12-09T02:26:43.114+0000][1][safepoint    ] Leaving safepoint region
[2019-12-09T02:26:43.114+0000][1][safepoint    ] Total time for which application threads were stopped: 0.0000400 seconds, Stopping threads took: 0.0000091 seconds
[2019-12-09T02:26:43.114+0000][1][safepoint    ] Application time: 0.0000360 seconds
[2019-12-09T02:26:43.114+0000][1][safepoint    ] Entering safepoint region: RevokeBias
[2019-12-09T02:26:43.114+0000][1][safepoint    ] Leaving safepoint region
[2019-12-09T02:26:43.114+0000][1][safepoint    ] Total time for which application threads were stopped: 0.0000371 seconds, Stopping threads took: 0.0000088 seconds
[2019-12-09T02:26:43.114+0000][1][safepoint    ] Application time: 0.0000345 seconds
[2019-12-09T02:26:43.114+0000][1][safepoint    ] Entering safepoint region: RevokeBias
[2019-12-09T02:26:43.114+0000][1][safepoint    ] Leaving safepoint region
[2019-12-09T02:26:43.114+0000][1][safepoint    ] Total time for which application threads were stopped: 0.0000374 seconds, Stopping threads took: 0.0000089 seconds
[2019-12-09T02:26:43.114+0000][1][safepoint    ] Application time: 0.0000353 seconds
[2019-12-09T02:26:43.114+0000][1][safepoint    ] Entering safepoint region: RevokeBias
[2019-12-09T02:26:43.114+0000][1][safepoint    ] Leaving safepoint region
[2019-12-09T02:26:43.114+0000][1][safepoint    ] Total time for which application threads were stopped: 0.0000368 seconds, Stopping threads took: 0.0000089 seconds
[2019-12-09T02:26:43.114+0000][1][safepoint    ] Application time: 0.0000351 seconds
[2019-12-09T02:26:43.114+0000][1][safepoint    ] Entering safepoint region: RevokeBias
[2019-12-09T02:26:43.114+0000][1][safepoint    ] Leaving safepoint region
[2019-12-09T02:26:43.114+0000][1][safepoint    ] Total time for which application threads were stopped: 0.0000370 seconds, Stopping threads took: 0.0000087 seconds
[2019-12-09T02:26:43.114+0000][1][safepoint    ] Application time: 0.0000341 seconds
[2019-12-09T02:26:43.114+0000][1][safepoint    ] Entering safepoint region: RevokeBias
[2019-12-09T02:26:43.114+0000][1][safepoint    ] Leaving safepoint region
[2019-12-09T02:26:43.114+0000][1][safepoint    ] Total time for which application threads were stopped: 0.0000438 seconds, Stopping threads took: 0.0000087 seconds
[2019-12-09T02:26:43.368+0000][1][safepoint    ] Application time: 0.2534195 seconds
[2019-12-09T02:26:43.414+0000][1][safepoint    ] Entering safepoint region: RevokeBias
[2019-12-09T02:26:43.414+0000][1][safepoint    ] Leaving safepoint region
[2019-12-09T02:26:43.414+0000][1][safepoint    ] Total time for which application threads were stopped: 0.0460875 seconds, Stopping threads took: 0.0460058 seconds
[2019-12-09T02:26:43.420+0000][1][safepoint    ] Application time: 0.0064158 seconds
[2019-12-09T02:26:43.420+0000][1][safepoint    ] Entering safepoint region: RevokeBias
[2019-12-09T02:26:43.420+0000][1][safepoint    ] Leaving safepoint region
[2019-12-09T02:26:43.420+0000][1][safepoint    ] Total time for which application threads were stopped: 0.0000755 seconds, Stopping threads took: 0.0000159 seconds
[2019-12-09T02:26:43.471+0000][1][safepoint    ] Application time: 0.0504035 seconds
[2019-12-09T02:26:43.471+0000][1][safepoint    ] Entering safepoint region: RevokeBias
[2019-12-09T02:26:43.471+0000][1][safepoint    ] Leaving safepoint region
[2019-12-09T02:26:43.471+0000][1][safepoint    ] Total time for which application threads were stopped: 0.0000860 seconds, Stopping threads took: 0.0000183 seconds
[2019-12-09T02:26:43.475+0000][1][safepoint    ] Application time: 0.0038819 seconds
[2019-12-09T02:26:43.475+0000][1][safepoint    ] Entering safepoint region: RevokeBias
[2019-12-09T02:26:43.475+0000][1][safepoint    ] Leaving safepoint region
[2019-12-09T02:26:43.475+0000][1][safepoint    ] Total time for which application threads were stopped: 0.0000797 seconds, Stopping threads took: 0.0000194 seconds
[2019-12-09T02:26:43.981+0000][1][safepoint    ] Application time: 0.5061794 seconds
[2019-12-09T02:26:43.981+0000][1][safepoint    ] Entering safepoint region: BulkRevokeBias
[2019-12-09T02:26:43.981+0000][1][safepoint    ] Leaving safepoint region
[2019-12-09T02:26:43.981+0000][1][safepoint    ] Total time for which application threads were stopped: 0.0003098 seconds, Stopping threads took: 0.0000205 seconds
[2019-12-09T02:26:44.985+0000][1][safepoint    ] Application time: 1.0032109 seconds
[2019-12-09T02:26:44.985+0000][1][safepoint    ] Entering safepoint region: Cleanup
[2019-12-09T02:26:44.985+0000][1][safepoint    ] Leaving safepoint region
[2019-12-09T02:26:44.985+0000][1][safepoint    ] Total time for which application threads were stopped: 0.0001039 seconds, Stopping threads took: 0.0000232 seconds
[2019-12-09T02:26:45.154+0000][1][safepoint    ] Application time: 0.1689423 seconds
[2019-12-09T02:26:45.174+0000][1][safepoint    ] Entering safepoint region: RevokeBias
[2019-12-09T02:26:45.174+0000][1][safepoint    ] Leaving safepoint region
[2019-12-09T02:26:45.174+0000][1][safepoint    ] Total time for which application threads were stopped: 0.0200657 seconds, Stopping threads took: 0.0199326 seconds
[2019-12-09T02:26:45.175+0000][1][safepoint    ] Application time: 0.0007307 seconds
[2019-12-09T02:26:45.175+0000][1][safepoint    ] Entering safepoint region: RevokeBias
[2019-12-09T02:26:45.175+0000][1][safepoint    ] Leaving safepoint region
[2019-12-09T02:26:45.175+0000][1][safepoint    ] Total time for which application threads were stopped: 0.0001101 seconds, Stopping threads took: 0.0000143 seconds
[2019-12-09T02:26:45.175+0000][1][safepoint    ] Application time: 0.0006487 seconds
[2019-12-09T02:26:45.175+0000][1][safepoint    ] Entering safepoint region: RevokeBias
[2019-12-09T02:26:45.176+0000][1][safepoint    ] Leaving safepoint region
[2019-12-09T02:26:45.176+0000][1][safepoint    ] Total time for which application threads were stopped: 0.0000836 seconds, Stopping threads took: 0.0000125 seconds
[2019-12-09T02:26:45.176+0000][1][safepoint    ] Application time: 0.0004907 seconds
[2019-12-09T02:26:45.176+0000][1][safepoint    ] Entering safepoint region: RevokeBias
[2019-12-09T02:26:45.176+0000][1][safepoint    ] Leaving safepoint region
[2019-12-09T02:26:45.176+0000][1][safepoint    ] Total time for which application threads were stopped: 0.0000725 seconds, Stopping threads took: 0.0000124 seconds
[2019-12-09T02:26:45.184+0000][1][safepoint    ] Application time: 0.0082009 seconds
[2019-12-09T02:26:45.201+0000][1][safepoint    ] Entering safepoint region: RevokeBias
[2019-12-09T02:26:45.201+0000][1][safepoint    ] Leaving safepoint region
[2019-12-09T02:26:45.201+0000][1][safepoint    ] Total time for which application threads were stopped: 0.0167971 seconds, Stopping threads took: 0.0167285 seconds
[2019-12-09T02:26:45.221+0000][1][safepoint    ] Application time: 0.0194390 seconds
[2019-12-09T02:26:45.221+0000][1][safepoint    ] Entering safepoint region: BulkRevokeBias
[2019-12-09T02:26:45.221+0000][1][safepoint    ] Leaving safepoint region
[2019-12-09T02:26:45.221+0000][1][safepoint    ] Total time for which application threads were stopped: 0.0005199 seconds, Stopping threads took: 0.0000569 seconds
[2019-12-09T02:26:45.240+0000][1][safepoint    ] Application time: 0.0183960 seconds
[2019-12-09T02:26:45.240+0000][1][safepoint    ] Entering safepoint region: RevokeBias
[2019-12-09T02:26:45.240+0000][1][safepoint    ] Leaving safepoint region
[2019-12-09T02:26:45.240+0000][1][safepoint    ] Total time for which application threads were stopped: 0.0004582 seconds, Stopping threads took: 0.0000542 seconds
[2019-12-09T02:26:45.338+0000][1][safepoint    ] Application time: 0.0981456 seconds
[2019-12-09T02:26:45.364+0000][1][safepoint    ] Entering safepoint region: RevokeBias
[2019-12-09T02:26:45.364+0000][1][safepoint    ] Leaving safepoint region
[2019-12-09T02:26:45.364+0000][1][safepoint    ] Total time for which application threads were stopped: 0.0256007 seconds, Stopping threads took: 0.0255043 seconds
[2019-12-09T02:26:45.369+0000][1][safepoint    ] Application time: 0.0047865 seconds
[2019-12-09T02:26:45.369+0000][1][safepoint    ] Entering safepoint region: RevokeBias
[2019-12-09T02:26:45.369+0000][1][safepoint    ] Leaving safepoint region
[2019-12-09T02:26:45.369+0000][1][safepoint    ] Total time for which application threads were stopped: 0.0001036 seconds, Stopping threads took: 0.0000161 seconds
[2019-12-09T02:26:45.473+0000][1][safepoint    ] Application time: 0.1045362 seconds
[2019-12-09T02:26:45.473+0000][1][safepoint    ] Entering safepoint region: RevokeBias
[2019-12-09T02:26:45.473+0000][1][safepoint    ] Leaving safepoint region
[2019-12-09T02:26:45.473+0000][1][safepoint    ] Total time for which application threads were stopped: 0.0001092 seconds, Stopping threads took: 0.0000204 seconds
[2019-12-09T02:26:46.477+0000][1][safepoint    ] Application time: 1.0033025 seconds
[2019-12-09T02:26:46.477+0000][1][safepoint    ] Entering safepoint region: Cleanup
[2019-12-09T02:26:46.477+0000][1][safepoint    ] Leaving safepoint region
[2019-12-09T02:26:46.477+0000][1][safepoint    ] Total time for which application threads were stopped: 0.0001069 seconds, Stopping threads took: 0.0000258 seconds
[2019-12-09T02:26:48.221+0000][1][safepoint    ] Application time: 1.7443657 seconds
[2019-12-09T02:26:48.221+0000][1][safepoint    ] Entering safepoint region: RevokeBias
[2019-12-09T02:26:48.221+0000][1][safepoint    ] Leaving safepoint region
[2019-12-09T02:26:48.221+0000][1][safepoint    ] Total time for which application threads were stopped: 0.0001268 seconds, Stopping threads took: 0.0000187 seconds
[2019-12-09T02:26:48.230+0000][1][safepoint    ] Application time: 0.0082846 seconds
[2019-12-09T02:26:48.230+0000][1][safepoint    ] Entering safepoint region: RevokeBias
[2019-12-09T02:26:48.230+0000][1][safepoint    ] Leaving safepoint region
[2019-12-09T02:26:48.230+0000][1][safepoint    ] Total time for which application threads were stopped: 0.0000794 seconds, Stopping threads took: 0.0000181 seconds
[2019-12-09T02:26:48.230+0000][1][safepoint    ] Application time: 0.0004447 seconds
[2019-12-09T02:26:48.230+0000][1][safepoint    ] Entering safepoint region: RevokeBias
[2019-12-09T02:26:48.230+0000][1][safepoint    ] Leaving safepoint region
[2019-12-09T02:26:48.230+0000][1][safepoint    ] Total time for which application threads were stopped: 0.0000665 seconds, Stopping threads took: 0.0000150 seconds
[2019-12-09T02:26:48.231+0000][1][safepoint    ] Application time: 0.0005804 seconds
[2019-12-09T02:26:48.231+0000][1][safepoint    ] Entering safepoint region: RevokeBias
[2019-12-09T02:26:48.231+0000][1][safepoint    ] Leaving safepoint region
[2019-12-09T02:26:48.231+0000][1][safepoint    ] Total time for which application threads were stopped: 0.0000675 seconds, Stopping threads took: 0.0000168 seconds
[2019-12-09T02:26:49.236+0000][1][safepoint    ] Application time: 1.0047220 seconds
[2019-12-09T02:26:49.259+0000][1][safepoint    ] Entering safepoint region: Cleanup
[2019-12-09T02:26:49.259+0000][1][safepoint    ] Leaving safepoint region
[2019-12-09T02:26:49.259+0000][1][safepoint    ] Total time for which application threads were stopped: 0.0231149 seconds, Stopping threads took: 0.0230335 seconds
[2019-12-09T02:26:50.261+0000][1][safepoint    ] Application time: 1.0022012 seconds
[2019-12-09T02:26:50.261+0000][1][safepoint    ] Entering safepoint region: Cleanup
[2019-12-09T02:26:50.261+0000][1][safepoint    ] Leaving safepoint region
[2019-12-09T02:26:50.261+0000][1][safepoint    ] Total time for which application threads were stopped: 0.0001001 seconds, Stopping threads took: 0.0000241 seconds
[2019-12-09T02:26:51.262+0000][1][safepoint    ] Application time: 1.0005083 seconds
[2019-12-09T02:26:51.262+0000][1][safepoint    ] Entering safepoint region: Cleanup
[2019-12-09T02:26:51.262+0000][1][safepoint    ] Leaving safepoint region
[2019-12-09T02:26:51.262+0000][1][safepoint    ] Total time for which application threads were stopped: 0.0000962 seconds, Stopping threads took: 0.0000241 seconds
[2019-12-09T02:26:52.265+0000][1][safepoint    ] Application time: 1.0027869 seconds
[2019-12-09T02:26:52.265+0000][1][safepoint    ] Entering safepoint region: Cleanup
[2019-12-09T02:26:52.265+0000][1][safepoint    ] Leaving safepoint region
[2019-12-09T02:26:52.265+0000][1][safepoint    ] Total time for which application threads were stopped: 0.0001076 seconds, Stopping threads took: 0.0000278 seconds
[2019-12-09T02:26:53.266+0000][1][safepoint    ] Application time: 1.0007378 seconds
[2019-12-09T02:26:53.266+0000][1][safepoint    ] Entering safepoint region: Cleanup
[2019-12-09T02:26:53.266+0000][1][safepoint    ] Leaving safepoint region
[2019-12-09T02:26:53.266+0000][1][safepoint    ] Total time for which application threads were stopped: 0.0001194 seconds, Stopping threads took: 0.0000397 seconds
[2019-12-09T02:26:54.267+0000][1][safepoint    ] Application time: 1.0009266 seconds
[2019-12-09T02:26:54.267+0000][1][safepoint    ] Entering safepoint region: Cleanup
[2019-12-09T02:26:54.267+0000][1][safepoint    ] Leaving safepoint region
[2019-12-09T02:26:54.267+0000][1][safepoint    ] Total time for which application threads were stopped: 0.0001081 seconds, Stopping threads took: 0.0000248 seconds
[2019-12-09T02:26:55.273+0000][1][safepoint    ] Application time: 1.0058641 seconds
[2019-12-09T02:26:55.273+0000][1][safepoint    ] Entering safepoint region: Cleanup
[2019-12-09T02:26:55.273+0000][1][safepoint    ] Leaving safepoint region
[2019-12-09T02:26:55.273+0000][1][safepoint    ] Total time for which application threads were stopped: 0.0001283 seconds, Stopping threads took: 0.0000372 seconds
[2019-12-09T02:26:56.279+0000][1][safepoint    ] Application time: 1.0058365 seconds
[2019-12-09T02:26:56.279+0000][1][safepoint    ] Entering safepoint region: Cleanup
[2019-12-09T02:26:56.279+0000][1][safepoint    ] Leaving safepoint region
[2019-12-09T02:26:56.279+0000][1][safepoint    ] Total time for which application threads were stopped: 0.0001158 seconds, Stopping threads took: 0.0000385 seconds
[2019-12-09T02:26:57.282+0000][1][safepoint    ] Application time: 1.0027756 seconds
[2019-12-09T02:26:57.282+0000][1][safepoint    ] Entering safepoint region: Cleanup
[2019-12-09T02:26:57.282+0000][1][safepoint    ] Leaving safepoint region
[2019-12-09T02:26:57.282+0000][1][safepoint    ] Total time for which application threads were stopped: 0.0001145 seconds, Stopping threads took: 0.0000382 seconds
[2019-12-09T02:26:58.284+0000][1][safepoint    ] Application time: 1.0018748 seconds
[2019-12-09T02:26:58.284+0000][1][safepoint    ] Entering safepoint region: Cleanup
[2019-12-09T02:26:58.284+0000][1][safepoint    ] Leaving safepoint region
[2019-12-09T02:26:58.284+0000][1][safepoint    ] Total time for which application threads were stopped: 0.0001046 seconds, Stopping threads took: 0.0000248 seconds
[2019-12-09T02:26:59.285+0000][1][safepoint    ] Application time: 1.0007892 seconds
[2019-12-09T02:26:59.285+0000][1][safepoint    ] Entering safepoint region: Cleanup
[2019-12-09T02:26:59.285+0000][1][safepoint    ] Leaving safepoint region
[2019-12-09T02:26:59.285+0000][1][safepoint    ] Total time for which application threads were stopped: 0.0001011 seconds, Stopping threads took: 0.0000230 seconds
[2019-12-09T02:27:00.285+0000][1][safepoint    ] Application time: 1.0004023 seconds
[2019-12-09T02:27:00.285+0000][1][safepoint    ] Entering safepoint region: Cleanup
[2019-12-09T02:27:00.285+0000][1][safepoint    ] Leaving safepoint region
[2019-12-09T02:27:00.285+0000][1][safepoint    ] Total time for which application threads were stopped: 0.0001136 seconds, Stopping threads took: 0.0000266 seconds
[2019-12-09T02:27:01.288+0000][1][safepoint    ] Application time: 1.0022836 seconds
[2019-12-09T02:27:01.288+0000][1][safepoint    ] Entering safepoint region: Cleanup
[2019-12-09T02:27:01.288+0000][1][safepoint    ] Leaving safepoint region
[2019-12-09T02:27:01.288+0000][1][safepoint    ] Total time for which application threads were stopped: 0.0001198 seconds, Stopping threads took: 0.0000362 seconds
[2019-12-09T02:27:02.291+0000][1][safepoint    ] Application time: 1.0028787 seconds
[2019-12-09T02:27:02.291+0000][1][safepoint    ] Entering safepoint region: Cleanup
[2019-12-09T02:27:02.291+0000][1][safepoint    ] Leaving safepoint region
[2019-12-09T02:27:02.291+0000][1][safepoint    ] Total time for which application threads were stopped: 0.0001215 seconds, Stopping threads took: 0.0000273 seconds
[2019-12-09T02:27:03.293+0000][1][safepoint    ] Application time: 1.0017873 seconds
[2019-12-09T02:27:03.293+0000][1][safepoint    ] Entering safepoint region: Cleanup
[2019-12-09T02:27:03.293+0000][1][safepoint    ] Leaving safepoint region
[2019-12-09T02:27:03.293+0000][1][safepoint    ] Total time for which application threads were stopped: 0.0001045 seconds, Stopping threads took: 0.0000254 seconds
[2019-12-09T02:27:04.303+0000][1][safepoint    ] Application time: 1.0096854 seconds
[2019-12-09T02:27:04.303+0000][1][safepoint    ] Entering safepoint region: Cleanup
[2019-12-09T02:27:04.303+0000][1][safepoint    ] Leaving safepoint region
[2019-12-09T02:27:04.303+0000][1][safepoint    ] Total time for which application threads were stopped: 0.0001371 seconds, Stopping threads took: 0.0000390 seconds
[2019-12-09T02:27:05.304+0000][1][safepoint    ] Application time: 1.0009900 seconds
[2019-12-09T02:27:05.304+0000][1][safepoint    ] Entering safepoint region: Cleanup
[2019-12-09T02:27:05.304+0000][1][safepoint    ] Leaving safepoint region
[2019-12-09T02:27:05.304+0000][1][safepoint    ] Total time for which application threads were stopped: 0.0001134 seconds, Stopping threads took: 0.0000282 seconds
[2019-12-09T02:27:06.137+0000][1][safepoint    ] Application time: 0.8331867 seconds
[2019-12-09T02:27:06.137+0000][1][safepoint    ] Entering safepoint region: GenCollectForAllocation
[2019-12-09T02:27:06.137+0000][1][gc,start     ] GC(23) Pause Young (Allocation Failure)
[2019-12-09T02:27:06.137+0000][1][gc,task      ] GC(23) Using 2 workers of 2 for evacuation
[2019-12-09T02:27:06.215+0000][1][gc,age       ] GC(23) Desired survivor size 4456448 bytes, new threshold 2 (max threshold 6)
[2019-12-09T02:27:06.215+0000][1][gc,age       ] GC(23) Age table with threshold 2 (max threshold 6)
[2019-12-09T02:27:06.215+0000][1][gc,age       ] GC(23) - age   1:    1818928 bytes,    1818928 total
[2019-12-09T02:27:06.215+0000][1][gc,age       ] GC(23) - age   2:    3371336 bytes,    5190264 total
[2019-12-09T02:27:06.215+0000][1][gc,heap      ] GC(23) ParNew: 78656K->6516K(78656K)
[2019-12-09T02:27:06.215+0000][1][gc,heap      ] GC(23) CMS: 60775K->64827K(174784K)
[2019-12-09T02:27:06.215+0000][1][gc,metaspace ] GC(23) Metaspace: 68283K->68283K(1112064K)
[2019-12-09T02:27:06.215+0000][1][gc           ] GC(23) Pause Young (Allocation Failure) 136M->69M(247M) 78.098ms
[2019-12-09T02:27:06.215+0000][1][gc,cpu       ] GC(23) User=0.05s Sys=0.00s Real=0.08s
[2019-12-09T02:27:06.215+0000][1][safepoint    ] Leaving safepoint region
[2019-12-09T02:27:06.215+0000][1][safepoint    ] Total time for which application threads were stopped: 0.0783113 seconds, Stopping threads took: 0.0000226 seconds
[2019-12-09T02:27:07.216+0000][1][safepoint    ] Application time: 1.0002414 seconds
[2019-12-09T02:27:07.216+0000][1][safepoint    ] Entering safepoint region: Cleanup
[2019-12-09T02:27:07.216+0000][1][safepoint    ] Leaving safepoint region
[2019-12-09T02:27:07.216+0000][1][safepoint    ] Total time for which application threads were stopped: 0.0001175 seconds, Stopping threads took: 0.0000238 seconds
[2019-12-09T02:27:08.217+0000][1][safepoint    ] Application time: 1.0008356 seconds
[2019-12-09T02:27:08.217+0000][1][safepoint    ] Entering safepoint region: Cleanup
[2019-12-09T02:27:08.217+0000][1][safepoint    ] Leaving safepoint region
[2019-12-09T02:27:08.217+0000][1][safepoint    ] Total time for which application threads were stopped: 0.0001095 seconds, Stopping threads took: 0.0000261 seconds
[2019-12-09T02:27:09.218+0000][1][safepoint    ] Application time: 1.0008255 seconds
[2019-12-09T02:27:09.218+0000][1][safepoint    ] Entering safepoint region: Cleanup
[2019-12-09T02:27:09.218+0000][1][safepoint    ] Leaving safepoint region
[2019-12-09T02:27:09.218+0000][1][safepoint    ] Total time for which application threads were stopped: 0.0001129 seconds, Stopping threads took: 0.0000262 seconds
[2019-12-09T02:27:10.224+0000][1][safepoint    ] Application time: 1.0058369 seconds
[2019-12-09T02:27:10.224+0000][1][safepoint    ] Entering safepoint region: Cleanup
[2019-12-09T02:27:10.224+0000][1][safepoint    ] Leaving safepoint region
[2019-12-09T02:27:10.224+0000][1][safepoint    ] Total time for which application threads were stopped: 0.0001218 seconds, Stopping threads took: 0.0000262 seconds
[2019-12-09T02:27:11.226+0000][1][safepoint    ] Application time: 1.0018333 seconds
[2019-12-09T02:27:11.226+0000][1][safepoint    ] Entering safepoint region: Cleanup
[2019-12-09T02:27:11.226+0000][1][safepoint    ] Leaving safepoint region
[2019-12-09T02:27:11.226+0000][1][safepoint    ] Total time for which application threads were stopped: 0.0001013 seconds, Stopping threads took: 0.0000228 seconds
[2019-12-09T02:27:12.229+0000][1][safepoint    ] Application time: 1.0028582 seconds
[2019-12-09T02:27:12.229+0000][1][safepoint    ] Entering safepoint region: Cleanup
[2019-12-09T02:27:12.229+0000][1][safepoint    ] Leaving safepoint region
[2019-12-09T02:27:12.229+0000][1][safepoint    ] Total time for which application threads were stopped: 0.0001052 seconds, Stopping threads took: 0.0000258 seconds
[2019-12-09T02:27:13.231+0000][1][safepoint    ] Application time: 1.0018448 seconds
[2019-12-09T02:27:13.231+0000][1][safepoint    ] Entering safepoint region: Cleanup
[2019-12-09T02:27:13.231+0000][1][safepoint    ] Leaving safepoint region
[2019-12-09T02:27:13.231+0000][1][safepoint    ] Total time for which application threads were stopped: 0.0001089 seconds, Stopping threads took: 0.0000222 seconds
[2019-12-09T02:27:14.231+0000][1][safepoint    ] Application time: 1.0000753 seconds
[2019-12-09T02:27:14.231+0000][1][safepoint    ] Entering safepoint region: Cleanup
[2019-12-09T02:27:14.231+0000][1][safepoint    ] Leaving safepoint region
[2019-12-09T02:27:14.231+0000][1][safepoint    ] Total time for which application threads were stopped: 0.0000798 seconds, Stopping threads took: 0.0000172 seconds
[2019-12-09T02:27:15.231+0000][1][safepoint    ] Application time: 1.0000758 seconds
[2019-12-09T02:27:15.231+0000][1][safepoint    ] Entering safepoint region: Cleanup
[2019-12-09T02:27:15.231+0000][1][safepoint    ] Leaving safepoint region
[2019-12-09T02:27:15.231+0000][1][safepoint    ] Total time for which application threads were stopped: 0.0000832 seconds, Stopping threads took: 0.0000210 seconds
[2019-12-09T02:27:16.231+0000][1][safepoint    ] Application time: 1.0000860 seconds
[2019-12-09T02:27:16.231+0000][1][safepoint    ] Entering safepoint region: Cleanup
[2019-12-09T02:27:16.231+0000][1][safepoint    ] Leaving safepoint region
[2019-12-09T02:27:16.231+0000][1][safepoint    ] Total time for which application threads were stopped: 0.0000779 seconds, Stopping threads took: 0.0000204 seconds
[2019-12-09T02:27:17.232+0000][1][safepoint    ] Application time: 1.0000836 seconds
[2019-12-09T02:27:17.232+0000][1][safepoint    ] Entering safepoint region: Cleanup
[2019-12-09T02:27:17.232+0000][1][safepoint    ] Leaving safepoint region
[2019-12-09T02:27:17.232+0000][1][safepoint    ] Total time for which application threads were stopped: 0.0000748 seconds, Stopping threads took: 0.0000160 seconds
[2019-12-09T02:27:18.232+0000][1][safepoint    ] Application time: 1.0000832 seconds
[2019-12-09T02:27:18.232+0000][1][safepoint    ] Entering safepoint region: Cleanup
[2019-12-09T02:27:18.232+0000][1][safepoint    ] Leaving safepoint region
[2019-12-09T02:27:18.232+0000][1][safepoint    ] Total time for which application threads were stopped: 0.0000870 seconds, Stopping threads took: 0.0000176 seconds
[2019-12-09T02:27:19.232+0000][1][safepoint    ] Application time: 1.0000755 seconds
[2019-12-09T02:27:19.232+0000][1][safepoint    ] Entering safepoint region: Cleanup
[2019-12-09T02:27:19.232+0000][1][safepoint    ] Leaving safepoint region
[2019-12-09T02:27:19.232+0000][1][safepoint    ] Total time for which application threads were stopped: 0.0000739 seconds, Stopping threads took: 0.0000183 seconds
[2019-12-09T02:27:20.232+0000][1][safepoint    ] Application time: 1.0000760 seconds
[2019-12-09T02:27:20.232+0000][1][safepoint    ] Entering safepoint region: Cleanup
[2019-12-09T02:27:20.232+0000][1][safepoint    ] Leaving safepoint region
[2019-12-09T02:27:20.232+0000][1][safepoint    ] Total time for which application threads were stopped: 0.0000694 seconds, Stopping threads took: 0.0000165 seconds
[2019-12-09T02:27:21.232+0000][1][safepoint    ] Application time: 1.0000809 seconds
[2019-12-09T02:27:21.232+0000][1][safepoint    ] Entering safepoint region: Cleanup
[2019-12-09T02:27:21.232+0000][1][safepoint    ] Leaving safepoint region
[2019-12-09T02:27:21.232+0000][1][safepoint    ] Total time for which application threads were stopped: 0.0001144 seconds, Stopping threads took: 0.0000549 seconds
[2019-12-09T02:27:22.232+0000][1][safepoint    ] Application time: 1.0000788 seconds
[2019-12-09T02:27:22.232+0000][1][safepoint    ] Entering safepoint region: Cleanup
[2019-12-09T02:27:22.233+0000][1][safepoint    ] Leaving safepoint region
[2019-12-09T02:27:22.233+0000][1][safepoint    ] Total time for which application threads were stopped: 0.0000672 seconds, Stopping threads took: 0.0000147 seconds
[2019-12-09T02:27:23.233+0000][1][safepoint    ] Application time: 1.0001770 seconds
[2019-12-09T02:27:23.233+0000][1][safepoint    ] Entering safepoint region: Cleanup
[2019-12-09T02:27:23.233+0000][1][safepoint    ] Leaving safepoint region
[2019-12-09T02:27:23.233+0000][1][safepoint    ] Total time for which application threads were stopped: 0.0000989 seconds, Stopping threads took: 0.0000231 seconds
[2019-12-09T02:27:24.233+0000][1][safepoint    ] Application time: 1.0000955 seconds
[2019-12-09T02:27:24.233+0000][1][safepoint    ] Entering safepoint region: Cleanup
[2019-12-09T02:27:24.233+0000][1][safepoint    ] Leaving safepoint region
[2019-12-09T02:27:24.233+0000][1][safepoint    ] Total time for which application threads were stopped: 0.0001126 seconds, Stopping threads took: 0.0000247 seconds
[2019-12-09T02:27:25.233+0000][1][safepoint    ] Application time: 1.0000741 seconds
[2019-12-09T02:27:25.233+0000][1][safepoint    ] Entering safepoint region: Cleanup
[2019-12-09T02:27:25.233+0000][1][safepoint    ] Leaving safepoint region
[2019-12-09T02:27:25.233+0000][1][safepoint    ] Total time for which application threads were stopped: 0.0000818 seconds, Stopping threads took: 0.0000149 seconds
[2019-12-09T02:27:26.235+0000][1][safepoint    ] Application time: 1.0016385 seconds
[2019-12-09T02:27:26.235+0000][1][safepoint    ] Entering safepoint region: Cleanup
[2019-12-09T02:27:26.235+0000][1][safepoint    ] Leaving safepoint region
[2019-12-09T02:27:26.235+0000][1][safepoint    ] Total time for which application threads were stopped: 0.0001010 seconds, Stopping threads took: 0.0000202 seconds
[2019-12-09T02:27:27.235+0000][1][safepoint    ] Application time: 1.0000761 seconds
[2019-12-09T02:27:27.235+0000][1][safepoint    ] Entering safepoint region: Cleanup
[2019-12-09T02:27:27.235+0000][1][safepoint    ] Leaving safepoint region
[2019-12-09T02:27:27.235+0000][1][safepoint    ] Total time for which application threads were stopped: 0.0000761 seconds, Stopping threads took: 0.0000161 seconds
[2019-12-09T02:27:28.235+0000][1][safepoint    ] Application time: 1.0000950 seconds
[2019-12-09T02:27:28.235+0000][1][safepoint    ] Entering safepoint region: Cleanup
[2019-12-09T02:27:28.235+0000][1][safepoint    ] Leaving safepoint region
[2019-12-09T02:27:28.235+0000][1][safepoint    ] Total time for which application threads were stopped: 0.0000811 seconds, Stopping threads took: 0.0000180 seconds
[2019-12-09T02:27:29.236+0000][1][safepoint    ] Application time: 1.0000754 seconds
[2019-12-09T02:27:29.236+0000][1][safepoint    ] Entering safepoint region: Cleanup
[2019-12-09T02:27:29.236+0000][1][safepoint    ] Leaving safepoint region
[2019-12-09T02:27:29.236+0000][1][safepoint    ] Total time for which application threads were stopped: 0.0000762 seconds, Stopping threads took: 0.0000169 seconds
[2019-12-09T02:27:30.236+0000][1][safepoint    ] Application time: 1.0000781 seconds
[2019-12-09T02:27:30.236+0000][1][safepoint    ] Entering safepoint region: Cleanup
[2019-12-09T02:27:30.236+0000][1][safepoint    ] Leaving safepoint region
[2019-12-09T02:27:30.236+0000][1][safepoint    ] Total time for which application threads were stopped: 0.0000706 seconds, Stopping threads took: 0.0000178 seconds
[2019-12-09T02:27:31.236+0000][1][safepoint    ] Application time: 1.0000746 seconds
[2019-12-09T02:27:31.236+0000][1][safepoint    ] Entering safepoint region: Cleanup
[2019-12-09T02:27:31.236+0000][1][safepoint    ] Leaving safepoint region
[2019-12-09T02:27:31.236+0000][1][safepoint    ] Total time for which application threads were stopped: 0.0000748 seconds, Stopping threads took: 0.0000149 seconds
[2019-12-09T02:27:32.236+0000][1][safepoint    ] Application time: 1.0000757 seconds
[2019-12-09T02:27:32.236+0000][1][safepoint    ] Entering safepoint region: Cleanup
[2019-12-09T02:27:32.236+0000][1][safepoint    ] Leaving safepoint region
[2019-12-09T02:27:32.236+0000][1][safepoint    ] Total time for which application threads were stopped: 0.0000777 seconds, Stopping threads took: 0.0000197 seconds
[2019-12-09T02:27:33.236+0000][1][safepoint    ] Application time: 1.0000766 seconds
[2019-12-09T02:27:33.236+0000][1][safepoint    ] Entering safepoint region: Cleanup
[2019-12-09T02:27:33.236+0000][1][safepoint    ] Leaving safepoint region
[2019-12-09T02:27:33.236+0000][1][safepoint    ] Total time for which application threads were stopped: 0.0000797 seconds, Stopping threads took: 0.0000195 seconds
[2019-12-09T02:27:34.236+0000][1][safepoint    ] Application time: 1.0000767 seconds
[2019-12-09T02:27:34.237+0000][1][safepoint    ] Entering safepoint region: Cleanup
[2019-12-09T02:27:34.237+0000][1][safepoint    ] Leaving safepoint region
[2019-12-09T02:27:34.237+0000][1][safepoint    ] Total time for which application threads were stopped: 0.0000935 seconds, Stopping threads took: 0.0000269 seconds
[2019-12-09T02:27:35.237+0000][1][safepoint    ] Application time: 1.0000775 seconds
[2019-12-09T02:27:35.237+0000][1][safepoint    ] Entering safepoint region: Cleanup
[2019-12-09T02:27:35.237+0000][1][safepoint    ] Leaving safepoint region
[2019-12-09T02:27:35.237+0000][1][safepoint    ] Total time for which application threads were stopped: 0.0000785 seconds, Stopping threads took: 0.0000155 seconds
[2019-12-09T02:27:36.238+0000][1][safepoint    ] Application time: 1.0007781 seconds
[2019-12-09T02:27:36.238+0000][1][safepoint    ] Entering safepoint region: Cleanup
[2019-12-09T02:27:36.238+0000][1][safepoint    ] Leaving safepoint region
[2019-12-09T02:27:36.238+0000][1][safepoint    ] Total time for which application threads were stopped: 0.0001298 seconds, Stopping threads took: 0.0000227 seconds
[2019-12-09T02:27:37.238+0000][1][safepoint    ] Application time: 1.0000821 seconds
[2019-12-09T02:27:37.238+0000][1][safepoint    ] Entering safepoint region: Cleanup
[2019-12-09T02:27:37.238+0000][1][safepoint    ] Leaving safepoint region
[2019-12-09T02:27:37.238+0000][1][safepoint    ] Total time for which application threads were stopped: 0.0000797 seconds, Stopping threads took: 0.0000166 seconds
[2019-12-09T02:27:38.238+0000][1][safepoint    ] Application time: 1.0000784 seconds
[2019-12-09T02:27:38.238+0000][1][safepoint    ] Entering safepoint region: Cleanup
[2019-12-09T02:27:38.238+0000][1][safepoint    ] Leaving safepoint region
[2019-12-09T02:27:38.238+0000][1][safepoint    ] Total time for which application threads were stopped: 0.0000788 seconds, Stopping threads took: 0.0000190 seconds
[2019-12-09T02:27:39.238+0000][1][safepoint    ] Application time: 1.0000784 seconds
[2019-12-09T02:27:39.238+0000][1][safepoint    ] Entering safepoint region: Cleanup
[2019-12-09T02:27:39.238+0000][1][safepoint    ] Leaving safepoint region
[2019-12-09T02:27:39.238+0000][1][safepoint    ] Total time for which application threads were stopped: 0.0000755 seconds, Stopping threads took: 0.0000179 seconds
[2019-12-09T02:27:40.238+0000][1][safepoint    ] Application time: 1.0000758 seconds
[2019-12-09T02:27:40.238+0000][1][safepoint    ] Entering safepoint region: Cleanup
[2019-12-09T02:27:40.239+0000][1][safepoint    ] Leaving safepoint region
[2019-12-09T02:27:40.239+0000][1][safepoint    ] Total time for which application threads were stopped: 0.0000786 seconds, Stopping threads took: 0.0000158 seconds
[2019-12-09T02:27:41.239+0000][1][safepoint    ] Application time: 1.0001924 seconds
[2019-12-09T02:27:41.243+0000][1][safepoint    ] Entering safepoint region: Cleanup
[2019-12-09T02:27:41.243+0000][1][safepoint    ] Leaving safepoint region
[2019-12-09T02:27:41.243+0000][1][safepoint    ] Total time for which application threads were stopped: 0.0040294 seconds, Stopping threads took: 0.0039420 seconds
[2019-12-09T02:27:42.243+0000][1][safepoint    ] Application time: 1.0000823 seconds
[2019-12-09T02:27:42.243+0000][1][safepoint    ] Entering safepoint region: Cleanup
[2019-12-09T02:27:42.243+0000][1][safepoint    ] Leaving safepoint region
[2019-12-09T02:27:42.243+0000][1][safepoint    ] Total time for which application threads were stopped: 0.0000738 seconds, Stopping threads took: 0.0000157 seconds
[2019-12-09T02:27:43.243+0000][1][safepoint    ] Application time: 1.0000765 seconds
[2019-12-09T02:27:43.243+0000][1][safepoint    ] Entering safepoint region: Cleanup
[2019-12-09T02:27:43.243+0000][1][safepoint    ] Leaving safepoint region
[2019-12-09T02:27:43.243+0000][1][safepoint    ] Total time for which application threads were stopped: 0.0000748 seconds, Stopping threads took: 0.0000153 seconds
[2019-12-09T02:27:44.243+0000][1][safepoint    ] Application time: 1.0000780 seconds
[2019-12-09T02:27:44.243+0000][1][safepoint    ] Entering safepoint region: Cleanup
[2019-12-09T02:27:44.243+0000][1][safepoint    ] Leaving safepoint region
[2019-12-09T02:27:44.243+0000][1][safepoint    ] Total time for which application threads were stopped: 0.0000726 seconds, Stopping threads took: 0.0000166 seconds
[2019-12-09T02:27:46.244+0000][1][safepoint    ] Application time: 2.0003352 seconds
[2019-12-09T02:27:46.244+0000][1][safepoint    ] Entering safepoint region: Cleanup
[2019-12-09T02:27:46.244+0000][1][safepoint    ] Leaving safepoint region
[2019-12-09T02:27:46.244+0000][1][safepoint    ] Total time for which application threads were stopped: 0.0001182 seconds, Stopping threads took: 0.0000271 seconds
[2019-12-09T02:27:47.244+0000][1][safepoint    ] Application time: 1.0000766 seconds
[2019-12-09T02:27:47.244+0000][1][safepoint    ] Entering safepoint region: Cleanup
[2019-12-09T02:27:47.244+0000][1][safepoint    ] Leaving safepoint region
[2019-12-09T02:27:47.244+0000][1][safepoint    ] Total time for which application threads were stopped: 0.0000759 seconds, Stopping threads took: 0.0000172 seconds
[2019-12-09T02:27:49.244+0000][1][safepoint    ] Application time: 2.0001416 seconds
[2019-12-09T02:27:49.244+0000][1][safepoint    ] Entering safepoint region: Cleanup
[2019-12-09T02:27:49.244+0000][1][safepoint    ] Leaving safepoint region
[2019-12-09T02:27:49.244+0000][1][safepoint    ] Total time for which application threads were stopped: 0.0000783 seconds, Stopping threads took: 0.0000182 seconds
[2019-12-09T02:27:54.245+0000][1][safepoint    ] Application time: 5.0003405 seconds
[2019-12-09T02:27:54.245+0000][1][safepoint    ] Entering safepoint region: Cleanup
[2019-12-09T02:27:54.245+0000][1][safepoint    ] Leaving safepoint region
[2019-12-09T02:27:54.245+0000][1][safepoint    ] Total time for which application threads were stopped: 0.0000779 seconds, Stopping threads took: 0.0000198 seconds
[2019-12-09T02:27:55.245+0000][1][safepoint    ] Application time: 1.0000734 seconds
[2019-12-09T02:27:55.245+0000][1][safepoint    ] Entering safepoint region: Cleanup
[2019-12-09T02:27:55.245+0000][1][safepoint    ] Leaving safepoint region
[2019-12-09T02:27:55.245+0000][1][safepoint    ] Total time for which application threads were stopped: 0.0000733 seconds, Stopping threads took: 0.0000154 seconds
[2019-12-09T02:27:56.245+0000][1][safepoint    ] Application time: 1.0000746 seconds
[2019-12-09T02:27:56.245+0000][1][safepoint    ] Entering safepoint region: Cleanup
[2019-12-09T02:27:56.245+0000][1][safepoint    ] Leaving safepoint region
[2019-12-09T02:27:56.245+0000][1][safepoint    ] Total time for which application threads were stopped: 0.0000798 seconds, Stopping threads took: 0.0000159 seconds
[2019-12-09T02:27:57.245+0000][1][safepoint    ] Application time: 1.0000765 seconds
[2019-12-09T02:27:57.245+0000][1][safepoint    ] Entering safepoint region: Cleanup
[2019-12-09T02:27:57.245+0000][1][safepoint    ] Leaving safepoint region
[2019-12-09T02:27:57.245+0000][1][safepoint    ] Total time for which application threads were stopped: 0.0000717 seconds, Stopping threads took: 0.0000154 seconds
[2019-12-09T02:27:58.245+0000][1][safepoint    ] Application time: 1.0000757 seconds
[2019-12-09T02:27:58.246+0000][1][safepoint    ] Entering safepoint region: Cleanup
[2019-12-09T02:27:58.246+0000][1][safepoint    ] Leaving safepoint region
[2019-12-09T02:27:58.246+0000][1][safepoint    ] Total time for which application threads were stopped: 0.0000791 seconds, Stopping threads took: 0.0000170 seconds
[2019-12-09T02:28:00.247+0000][1][safepoint    ] Application time: 2.0010975 seconds
[2019-12-09T02:28:00.247+0000][1][safepoint    ] Entering safepoint region: Cleanup
[2019-12-09T02:28:00.247+0000][1][safepoint    ] Leaving safepoint region
[2019-12-09T02:28:00.247+0000][1][safepoint    ] Total time for which application threads were stopped: 0.0001001 seconds, Stopping threads took: 0.0000204 seconds
[2019-12-09T02:28:06.249+0000][1][safepoint    ] Application time: 6.0021833 seconds
[2019-12-09T02:28:06.249+0000][1][safepoint    ] Entering safepoint region: Cleanup
[2019-12-09T02:28:06.249+0000][1][safepoint    ] Leaving safepoint region
[2019-12-09T02:28:06.249+0000][1][safepoint    ] Total time for which application threads were stopped: 0.0000893 seconds, Stopping threads took: 0.0000238 seconds
[2019-12-09T02:28:07.249+0000][1][safepoint    ] Application time: 1.0000754 seconds
[2019-12-09T02:28:07.249+0000][1][safepoint    ] Entering safepoint region: Cleanup
[2019-12-09T02:28:07.249+0000][1][safepoint    ] Leaving safepoint region
[2019-12-09T02:28:07.249+0000][1][safepoint    ] Total time for which application threads were stopped: 0.0000741 seconds, Stopping threads took: 0.0000156 seconds
[2019-12-09T02:28:09.250+0000][1][safepoint    ] Application time: 2.0001393 seconds
[2019-12-09T02:28:09.250+0000][1][safepoint    ] Entering safepoint region: Cleanup
[2019-12-09T02:28:09.250+0000][1][safepoint    ] Leaving safepoint region
[2019-12-09T02:28:09.250+0000][1][safepoint    ] Total time for which application threads were stopped: 0.0000753 seconds, Stopping threads took: 0.0000146 seconds
[2019-12-09T02:28:10.250+0000][1][safepoint    ] Application time: 1.0000754 seconds
[2019-12-09T02:28:10.250+0000][1][safepoint    ] Entering safepoint region: Cleanup
[2019-12-09T02:28:10.250+0000][1][safepoint    ] Leaving safepoint region
[2019-12-09T02:28:10.250+0000][1][safepoint    ] Total time for which application threads were stopped: 0.0000810 seconds, Stopping threads took: 0.0000156 seconds
[2019-12-09T02:28:11.250+0000][1][safepoint    ] Application time: 1.0000759 seconds
[2019-12-09T02:28:11.250+0000][1][safepoint    ] Entering safepoint region: Cleanup
[2019-12-09T02:28:11.250+0000][1][safepoint    ] Leaving safepoint region
[2019-12-09T02:28:11.250+0000][1][safepoint    ] Total time for which application threads were stopped: 0.0000724 seconds, Stopping threads took: 0.0000145 seconds
[2019-12-09T02:28:12.250+0000][1][safepoint    ] Application time: 1.0000747 seconds
[2019-12-09T02:28:12.250+0000][1][safepoint    ] Entering safepoint region: Cleanup
[2019-12-09T02:28:12.250+0000][1][safepoint    ] Leaving safepoint region
[2019-12-09T02:28:12.250+0000][1][safepoint    ] Total time for which application threads were stopped: 0.0000738 seconds, Stopping threads took: 0.0000158 seconds
[2019-12-09T02:28:15.250+0000][1][safepoint    ] Application time: 3.0002067 seconds
[2019-12-09T02:28:15.250+0000][1][safepoint    ] Entering safepoint region: Cleanup
[2019-12-09T02:28:15.251+0000][1][safepoint    ] Leaving safepoint region
[2019-12-09T02:28:15.251+0000][1][safepoint    ] Total time for which application threads were stopped: 0.0000712 seconds, Stopping threads took: 0.0000159 seconds
[2019-12-09T02:28:16.251+0000][1][safepoint    ] Application time: 1.0000889 seconds
[2019-12-09T02:28:16.251+0000][1][safepoint    ] Entering safepoint region: Cleanup
[2019-12-09T02:28:16.251+0000][1][safepoint    ] Leaving safepoint region
[2019-12-09T02:28:16.251+0000][1][safepoint    ] Total time for which application threads were stopped: 0.0001226 seconds, Stopping threads took: 0.0000238 seconds
[2019-12-09T02:28:17.251+0000][1][safepoint    ] Application time: 1.0000755 seconds
[2019-12-09T02:28:17.251+0000][1][safepoint    ] Entering safepoint region: Cleanup
[2019-12-09T02:28:17.251+0000][1][safepoint    ] Leaving safepoint region
[2019-12-09T02:28:17.251+0000][1][safepoint    ] Total time for which application threads were stopped: 0.0000688 seconds, Stopping threads took: 0.0000142 seconds
[2019-12-09T02:28:18.251+0000][1][safepoint    ] Application time: 1.0000752 seconds
[2019-12-09T02:28:18.251+0000][1][safepoint    ] Entering safepoint region: Cleanup
[2019-12-09T02:28:18.251+0000][1][safepoint    ] Leaving safepoint region
[2019-12-09T02:28:18.251+0000][1][safepoint    ] Total time for which application threads were stopped: 0.0000774 seconds, Stopping threads took: 0.0000164 seconds
[2019-12-09T02:28:19.251+0000][1][safepoint    ] Application time: 1.0000751 seconds
[2019-12-09T02:28:19.251+0000][1][safepoint    ] Entering safepoint region: Cleanup
[2019-12-09T02:28:19.251+0000][1][safepoint    ] Leaving safepoint region
[2019-12-09T02:28:19.251+0000][1][safepoint    ] Total time for which application threads were stopped: 0.0000873 seconds, Stopping threads took: 0.0000260 seconds
[2019-12-09T02:28:28.252+0000][1][safepoint    ] Application time: 9.0006119 seconds
[2019-12-09T02:28:28.252+0000][1][safepoint    ] Entering safepoint region: Cleanup
[2019-12-09T02:28:28.252+0000][1][safepoint    ] Leaving safepoint region
[2019-12-09T02:28:28.252+0000][1][safepoint    ] Total time for which application threads were stopped: 0.0000743 seconds, Stopping threads took: 0.0000185 seconds
[2019-12-09T02:28:30.252+0000][1][safepoint    ] Application time: 2.0001421 seconds
[2019-12-09T02:28:30.252+0000][1][safepoint    ] Entering safepoint region: Cleanup
[2019-12-09T02:28:30.252+0000][1][safepoint    ] Leaving safepoint region
[2019-12-09T02:28:30.252+0000][1][safepoint    ] Total time for which application threads were stopped: 0.0000768 seconds, Stopping threads took: 0.0000144 seconds
[2019-12-09T02:28:31.252+0000][1][safepoint    ] Application time: 1.0000765 seconds
[2019-12-09T02:28:31.252+0000][1][safepoint    ] Entering safepoint region: Cleanup
[2019-12-09T02:28:31.253+0000][1][safepoint    ] Leaving safepoint region
[2019-12-09T02:28:31.253+0000][1][safepoint    ] Total time for which application threads were stopped: 0.0000760 seconds, Stopping threads took: 0.0000155 seconds
[2019-12-09T02:28:34.253+0000][1][safepoint    ] Application time: 3.0002177 seconds
[2019-12-09T02:28:34.253+0000][1][safepoint    ] Entering safepoint region: Cleanup
[2019-12-09T02:28:34.253+0000][1][safepoint    ] Leaving safepoint region
[2019-12-09T02:28:34.253+0000][1][safepoint    ] Total time for which application threads were stopped: 0.0000844 seconds, Stopping threads took: 0.0000237 seconds
[2019-12-09T02:28:36.253+0000][1][safepoint    ] Application time: 2.0001428 seconds
[2019-12-09T02:28:36.253+0000][1][safepoint    ] Entering safepoint region: Cleanup
[2019-12-09T02:28:36.253+0000][1][safepoint    ] Leaving safepoint region
[2019-12-09T02:28:36.253+0000][1][safepoint    ] Total time for which application threads were stopped: 0.0000741 seconds, Stopping threads took: 0.0000163 seconds
[2019-12-09T02:28:37.253+0000][1][safepoint    ] Application time: 1.0000780 seconds
[2019-12-09T02:28:37.253+0000][1][safepoint    ] Entering safepoint region: Cleanup
[2019-12-09T02:28:37.253+0000][1][safepoint    ] Leaving safepoint region
[2019-12-09T02:28:37.253+0000][1][safepoint    ] Total time for which application threads were stopped: 0.0000722 seconds, Stopping threads took: 0.0000165 seconds
[2019-12-09T02:28:38.253+0000][1][safepoint    ] Application time: 1.0000767 seconds
[2019-12-09T02:28:38.253+0000][1][safepoint    ] Entering safepoint region: Cleanup
[2019-12-09T02:28:38.254+0000][1][safepoint    ] Leaving safepoint region
[2019-12-09T02:28:38.254+0000][1][safepoint    ] Total time for which application threads were stopped: 0.0000658 seconds, Stopping threads took: 0.0000150 seconds
[2019-12-09T02:28:39.254+0000][1][safepoint    ] Application time: 1.0000777 seconds
[2019-12-09T02:28:39.254+0000][1][safepoint    ] Entering safepoint region: Cleanup
[2019-12-09T02:28:39.254+0000][1][safepoint    ] Leaving safepoint region
[2019-12-09T02:28:39.254+0000][1][safepoint    ] Total time for which application threads were stopped: 0.0000854 seconds, Stopping threads took: 0.0000159 seconds
[2019-12-09T02:28:40.254+0000][1][safepoint    ] Application time: 1.0000773 seconds
[2019-12-09T02:28:40.254+0000][1][safepoint    ] Entering safepoint region: Cleanup
[2019-12-09T02:28:40.254+0000][1][safepoint    ] Leaving safepoint region
[2019-12-09T02:28:40.254+0000][1][safepoint    ] Total time for which application threads were stopped: 0.0000722 seconds, Stopping threads took: 0.0000151 seconds
[2019-12-09T02:28:41.254+0000][1][safepoint    ] Application time: 1.0000764 seconds
[2019-12-09T02:28:41.254+0000][1][safepoint    ] Entering safepoint region: Cleanup
[2019-12-09T02:28:41.254+0000][1][safepoint    ] Leaving safepoint region
[2019-12-09T02:28:41.254+0000][1][safepoint    ] Total time for which application threads were stopped: 0.0000907 seconds, Stopping threads took: 0.0000163 seconds
[2019-12-09T02:28:42.254+0000][1][safepoint    ] Application time: 1.0000758 seconds
[2019-12-09T02:28:42.254+0000][1][safepoint    ] Entering safepoint region: Cleanup
[2019-12-09T02:28:42.254+0000][1][safepoint    ] Leaving safepoint region
[2019-12-09T02:28:42.254+0000][1][safepoint    ] Total time for which application threads were stopped: 0.0000691 seconds, Stopping threads took: 0.0000151 seconds
[2019-12-09T02:28:43.254+0000][1][safepoint    ] Application time: 1.0000770 seconds
[2019-12-09T02:28:43.254+0000][1][safepoint    ] Entering safepoint region: Cleanup
[2019-12-09T02:28:43.254+0000][1][safepoint    ] Leaving safepoint region
[2019-12-09T02:28:43.255+0000][1][safepoint    ] Total time for which application threads were stopped: 0.0000684 seconds, Stopping threads took: 0.0000159 seconds
[2019-12-09T02:28:44.255+0000][1][safepoint    ] Application time: 1.0000780 seconds
[2019-12-09T02:28:44.255+0000][1][safepoint    ] Entering safepoint region: Cleanup
[2019-12-09T02:28:44.255+0000][1][safepoint    ] Leaving safepoint region
[2019-12-09T02:28:44.255+0000][1][safepoint    ] Total time for which application threads were stopped: 0.0000885 seconds, Stopping threads took: 0.0000164 seconds
[2019-12-09T02:28:45.255+0000][1][safepoint    ] Application time: 1.0000764 seconds
[2019-12-09T02:28:45.255+0000][1][safepoint    ] Entering safepoint region: Cleanup
[2019-12-09T02:28:45.255+0000][1][safepoint    ] Leaving safepoint region
[2019-12-09T02:28:45.255+0000][1][safepoint    ] Total time for which application threads were stopped: 0.0000656 seconds, Stopping threads took: 0.0000145 seconds
[2019-12-09T02:28:46.255+0000][1][safepoint    ] Application time: 1.0000784 seconds
[2019-12-09T02:28:46.255+0000][1][safepoint    ] Entering safepoint region: Cleanup
[2019-12-09T02:28:46.255+0000][1][safepoint    ] Leaving safepoint region
[2019-12-09T02:28:46.255+0000][1][safepoint    ] Total time for which application threads were stopped: 0.0000720 seconds, Stopping threads took: 0.0000161 seconds
[2019-12-09T02:28:47.255+0000][1][safepoint    ] Application time: 1.0000787 seconds
[2019-12-09T02:28:47.255+0000][1][safepoint    ] Entering safepoint region: Cleanup
[2019-12-09T02:28:47.255+0000][1][safepoint    ] Leaving safepoint region
[2019-12-09T02:28:47.255+0000][1][safepoint    ] Total time for which application threads were stopped: 0.0000717 seconds, Stopping threads took: 0.0000157 seconds
[2019-12-09T02:28:48.255+0000][1][safepoint    ] Application time: 1.0000764 seconds
[2019-12-09T02:28:48.255+0000][1][safepoint    ] Entering safepoint region: Cleanup
[2019-12-09T02:28:48.255+0000][1][safepoint    ] Leaving safepoint region
[2019-12-09T02:28:48.255+0000][1][safepoint    ] Total time for which application threads were stopped: 0.0000689 seconds, Stopping threads took: 0.0000164 seconds
[2019-12-09T02:28:49.256+0000][1][safepoint    ] Application time: 1.0000757 seconds
[2019-12-09T02:28:49.256+0000][1][safepoint    ] Entering safepoint region: Cleanup
[2019-12-09T02:28:49.256+0000][1][safepoint    ] Leaving safepoint region
[2019-12-09T02:28:49.256+0000][1][safepoint    ] Total time for which application threads were stopped: 0.0000683 seconds, Stopping threads took: 0.0000153 seconds
[2019-12-09T02:28:50.256+0000][1][safepoint    ] Application time: 1.0000751 seconds
[2019-12-09T02:28:50.256+0000][1][safepoint    ] Entering safepoint region: Cleanup
[2019-12-09T02:28:50.256+0000][1][safepoint    ] Leaving safepoint region
[2019-12-09T02:28:50.256+0000][1][safepoint    ] Total time for which application threads were stopped: 0.0000759 seconds, Stopping threads took: 0.0000181 seconds
[2019-12-09T02:28:51.256+0000][1][safepoint    ] Application time: 1.0000749 seconds
[2019-12-09T02:28:51.256+0000][1][safepoint    ] Entering safepoint region: Cleanup
[2019-12-09T02:28:51.256+0000][1][safepoint    ] Leaving safepoint region
[2019-12-09T02:28:51.256+0000][1][safepoint    ] Total time for which application threads were stopped: 0.0000707 seconds, Stopping threads took: 0.0000161 seconds
[2019-12-09T02:28:52.256+0000][1][safepoint    ] Application time: 1.0000747 seconds
[2019-12-09T02:28:52.256+0000][1][safepoint    ] Entering safepoint region: Cleanup
[2019-12-09T02:28:52.256+0000][1][safepoint    ] Leaving safepoint region
[2019-12-09T02:28:52.256+0000][1][safepoint    ] Total time for which application threads were stopped: 0.0000685 seconds, Stopping threads took: 0.0000155 seconds
[2019-12-09T02:28:53.256+0000][1][safepoint    ] Application time: 1.0000755 seconds
[2019-12-09T02:28:53.256+0000][1][safepoint    ] Entering safepoint region: Cleanup
[2019-12-09T02:28:53.256+0000][1][safepoint    ] Leaving safepoint region
[2019-12-09T02:28:53.256+0000][1][safepoint    ] Total time for which application threads were stopped: 0.0000715 seconds, Stopping threads took: 0.0000160 seconds
[2019-12-09T02:28:54.256+0000][1][safepoint    ] Application time: 1.0000790 seconds
[2019-12-09T02:28:54.257+0000][1][safepoint    ] Entering safepoint region: Cleanup
[2019-12-09T02:28:54.257+0000][1][safepoint    ] Leaving safepoint region
[2019-12-09T02:28:54.257+0000][1][safepoint    ] Total time for which application threads were stopped: 0.0000729 seconds, Stopping threads took: 0.0000155 seconds
[2019-12-09T02:28:55.257+0000][1][safepoint    ] Application time: 1.0000761 seconds
[2019-12-09T02:28:55.257+0000][1][safepoint    ] Entering safepoint region: Cleanup
[2019-12-09T02:28:55.257+0000][1][safepoint    ] Leaving safepoint region
[2019-12-09T02:28:55.257+0000][1][safepoint    ] Total time for which application threads were stopped: 0.0000697 seconds, Stopping threads took: 0.0000154 seconds
[2019-12-09T02:28:56.257+0000][1][safepoint    ] Application time: 1.0000759 seconds
[2019-12-09T02:28:56.257+0000][1][safepoint    ] Entering safepoint region: Cleanup
[2019-12-09T02:28:56.257+0000][1][safepoint    ] Leaving safepoint region
[2019-12-09T02:28:56.257+0000][1][safepoint    ] Total time for which application threads were stopped: 0.0000703 seconds, Stopping threads took: 0.0000166 seconds
[2019-12-09T02:28:57.257+0000][1][safepoint    ] Application time: 1.0000762 seconds
[2019-12-09T02:28:57.257+0000][1][safepoint    ] Entering safepoint region: Cleanup
[2019-12-09T02:28:57.257+0000][1][safepoint    ] Leaving safepoint region
[2019-12-09T02:28:57.257+0000][1][safepoint    ] Total time for which application threads were stopped: 0.0000733 seconds, Stopping threads took: 0.0000164 seconds
[2019-12-09T02:28:58.257+0000][1][safepoint    ] Application time: 1.0000758 seconds
[2019-12-09T02:28:58.257+0000][1][safepoint    ] Entering safepoint region: Cleanup
[2019-12-09T02:28:58.257+0000][1][safepoint    ] Leaving safepoint region
[2019-12-09T02:28:58.257+0000][1][safepoint    ] Total time for which application threads were stopped: 0.0000728 seconds, Stopping threads took: 0.0000179 seconds
[2019-12-09T02:28:59.257+0000][1][safepoint    ] Application time: 1.0000765 seconds
[2019-12-09T02:28:59.257+0000][1][safepoint    ] Entering safepoint region: Cleanup
[2019-12-09T02:28:59.258+0000][1][safepoint    ] Leaving safepoint region
[2019-12-09T02:28:59.258+0000][1][safepoint    ] Total time for which application threads were stopped: 0.0000708 seconds, Stopping threads took: 0.0000166 seconds
[2019-12-09T02:29:00.258+0000][1][safepoint    ] Application time: 1.0000759 seconds
[2019-12-09T02:29:00.258+0000][1][safepoint    ] Entering safepoint region: Cleanup
[2019-12-09T02:29:00.258+0000][1][safepoint    ] Leaving safepoint region
[2019-12-09T02:29:00.258+0000][1][safepoint    ] Total time for which application threads were stopped: 0.0000797 seconds, Stopping threads took: 0.0000139 seconds
[2019-12-09T02:29:01.258+0000][1][safepoint    ] Application time: 1.0000777 seconds
[2019-12-09T02:29:01.258+0000][1][safepoint    ] Entering safepoint region: Cleanup
[2019-12-09T02:29:01.258+0000][1][safepoint    ] Leaving safepoint region
[2019-12-09T02:29:01.258+0000][1][safepoint    ] Total time for which application threads were stopped: 0.0001034 seconds, Stopping threads took: 0.0000218 seconds
[2019-12-09T02:29:02.258+0000][1][safepoint    ] Application time: 1.0000760 seconds
[2019-12-09T02:29:02.258+0000][1][safepoint    ] Entering safepoint region: Cleanup
[2019-12-09T02:29:02.258+0000][1][safepoint    ] Leaving safepoint region
[2019-12-09T02:29:02.258+0000][1][safepoint    ] Total time for which application threads were stopped: 0.0000722 seconds, Stopping threads took: 0.0000154 seconds
[2019-12-09T02:29:03.258+0000][1][safepoint    ] Application time: 1.0000944 seconds
[2019-12-09T02:29:03.258+0000][1][safepoint    ] Entering safepoint region: Cleanup
[2019-12-09T02:29:03.258+0000][1][safepoint    ] Leaving safepoint region
[2019-12-09T02:29:03.258+0000][1][safepoint    ] Total time for which application threads were stopped: 0.0001028 seconds, Stopping threads took: 0.0000237 seconds
[2019-12-09T02:29:04.258+0000][1][safepoint    ] Application time: 1.0000776 seconds
[2019-12-09T02:29:04.259+0000][1][safepoint    ] Entering safepoint region: Cleanup
[2019-12-09T02:29:04.259+0000][1][safepoint    ] Leaving safepoint region
[2019-12-09T02:29:04.259+0000][1][safepoint    ] Total time for which application threads were stopped: 0.0000840 seconds, Stopping threads took: 0.0000265 seconds
[2019-12-09T02:29:05.259+0000][1][safepoint    ] Application time: 1.0000761 seconds
[2019-12-09T02:29:05.259+0000][1][safepoint    ] Entering safepoint region: Cleanup
[2019-12-09T02:29:05.259+0000][1][safepoint    ] Leaving safepoint region
[2019-12-09T02:29:05.259+0000][1][safepoint    ] Total time for which application threads were stopped: 0.0000668 seconds, Stopping threads took: 0.0000146 seconds
[2019-12-09T02:29:06.259+0000][1][safepoint    ] Application time: 1.0000770 seconds
[2019-12-09T02:29:06.259+0000][1][safepoint    ] Entering safepoint region: Cleanup
[2019-12-09T02:29:06.259+0000][1][safepoint    ] Leaving safepoint region
[2019-12-09T02:29:06.259+0000][1][safepoint    ] Total time for which application threads were stopped: 0.0000715 seconds, Stopping threads took: 0.0000163 seconds
[2019-12-09T02:29:07.259+0000][1][safepoint    ] Application time: 1.0000769 seconds
[2019-12-09T02:29:07.259+0000][1][safepoint    ] Entering safepoint region: Cleanup
[2019-12-09T02:29:07.259+0000][1][safepoint    ] Leaving safepoint region
[2019-12-09T02:29:07.259+0000][1][safepoint    ] Total time for which application threads were stopped: 0.0000722 seconds, Stopping threads took: 0.0000160 seconds
[2019-12-09T02:29:08.259+0000][1][safepoint    ] Application time: 1.0000760 seconds
[2019-12-09T02:29:08.259+0000][1][safepoint    ] Entering safepoint region: Cleanup
[2019-12-09T02:29:08.259+0000][1][safepoint    ] Leaving safepoint region
[2019-12-09T02:29:08.259+0000][1][safepoint    ] Total time for which application threads were stopped: 0.0000748 seconds, Stopping threads took: 0.0000154 seconds
[2019-12-09T02:29:09.259+0000][1][safepoint    ] Application time: 1.0000770 seconds
[2019-12-09T02:29:09.259+0000][1][safepoint    ] Entering safepoint region: Cleanup
[2019-12-09T02:29:09.260+0000][1][safepoint    ] Leaving safepoint region
[2019-12-09T02:29:09.260+0000][1][safepoint    ] Total time for which application threads were stopped: 0.0000703 seconds, Stopping threads took: 0.0000148 seconds
[2019-12-09T02:29:10.260+0000][1][safepoint    ] Application time: 1.0000778 seconds
[2019-12-09T02:29:10.260+0000][1][safepoint    ] Entering safepoint region: Cleanup
[2019-12-09T02:29:10.260+0000][1][safepoint    ] Leaving safepoint region
[2019-12-09T02:29:10.260+0000][1][safepoint    ] Total time for which application threads were stopped: 0.0000837 seconds, Stopping threads took: 0.0000149 seconds
[2019-12-09T02:29:11.260+0000][1][safepoint    ] Application time: 1.0000774 seconds
[2019-12-09T02:29:11.260+0000][1][safepoint    ] Entering safepoint region: Cleanup
[2019-12-09T02:29:11.260+0000][1][safepoint    ] Leaving safepoint region
[2019-12-09T02:29:11.260+0000][1][safepoint    ] Total time for which application threads were stopped: 0.0000697 seconds, Stopping threads took: 0.0000153 seconds
[2019-12-09T02:29:11.302+0000][1][safepoint    ] Application time: 0.0423597 seconds
[2019-12-09T02:29:11.302+0000][1][safepoint    ] Entering safepoint region: GenCollectForAllocation
[2019-12-09T02:29:11.302+0000][1][gc,start     ] GC(24) Pause Young (Allocation Failure)
[2019-12-09T02:29:11.302+0000][1][gc,task      ] GC(24) Using 2 workers of 2 for evacuation
[2019-12-09T02:29:11.318+0000][1][gc,age       ] GC(24) Desired survivor size 4456448 bytes, new threshold 6 (max threshold 6)
[2019-12-09T02:29:11.318+0000][1][gc,age       ] GC(24) Age table with threshold 6 (max threshold 6)
[2019-12-09T02:29:11.318+0000][1][gc,age       ] GC(24) - age   1:      30448 bytes,      30448 total
[2019-12-09T02:29:11.318+0000][1][gc,age       ] GC(24) - age   2:    1792232 bytes,    1822680 total
[2019-12-09T02:29:11.318+0000][1][gc,heap      ] GC(24) ParNew: 76468K->5430K(78656K)
[2019-12-09T02:29:11.318+0000][1][gc,heap      ] GC(24) CMS: 64827K->68245K(174784K)
[2019-12-09T02:29:11.318+0000][1][gc,metaspace ] GC(24) Metaspace: 68600K->68600K(1112064K)
[2019-12-09T02:29:11.318+0000][1][gc           ] GC(24) Pause Young (Allocation Failure) 137M->71M(247M) 15.714ms
[2019-12-09T02:29:11.318+0000][1][gc,cpu       ] GC(24) User=0.03s Sys=0.00s Real=0.02s
[2019-12-09T02:29:11.318+0000][1][safepoint    ] Leaving safepoint region
[2019-12-09T02:29:11.318+0000][1][safepoint    ] Total time for which application threads were stopped: 0.0158467 seconds, Stopping threads took: 0.0000134 seconds
[2019-12-09T02:29:12.318+0000][1][safepoint    ] Application time: 1.0000856 seconds
[2019-12-09T02:29:12.318+0000][1][safepoint    ] Entering safepoint region: Cleanup
[2019-12-09T02:29:12.318+0000][1][safepoint    ] Leaving safepoint region
[2019-12-09T02:29:12.318+0000][1][safepoint    ] Total time for which application threads were stopped: 0.0000781 seconds, Stopping threads took: 0.0000177 seconds
[2019-12-09T02:29:13.318+0000][1][safepoint    ] Application time: 1.0000763 seconds
[2019-12-09T02:29:13.318+0000][1][safepoint    ] Entering safepoint region: Cleanup
[2019-12-09T02:29:13.319+0000][1][safepoint    ] Leaving safepoint region
[2019-12-09T02:29:13.319+0000][1][safepoint    ] Total time for which application threads were stopped: 0.0000796 seconds, Stopping threads took: 0.0000176 seconds
[2019-12-09T02:29:14.319+0000][1][safepoint    ] Application time: 1.0000767 seconds
[2019-12-09T02:29:14.319+0000][1][safepoint    ] Entering safepoint region: Cleanup
[2019-12-09T02:29:14.319+0000][1][safepoint    ] Leaving safepoint region
[2019-12-09T02:29:14.319+0000][1][safepoint    ] Total time for which application threads were stopped: 0.0000721 seconds, Stopping threads took: 0.0000173 seconds
[2019-12-09T02:29:15.319+0000][1][safepoint    ] Application time: 1.0000754 seconds
[2019-12-09T02:29:15.319+0000][1][safepoint    ] Entering safepoint region: Cleanup
[2019-12-09T02:29:15.319+0000][1][safepoint    ] Leaving safepoint region
[2019-12-09T02:29:15.319+0000][1][safepoint    ] Total time for which application threads were stopped: 0.0000754 seconds, Stopping threads took: 0.0000173 seconds
[2019-12-09T02:29:16.319+0000][1][safepoint    ] Application time: 1.0000757 seconds
[2019-12-09T02:29:16.319+0000][1][safepoint    ] Entering safepoint region: Cleanup
[2019-12-09T02:29:16.319+0000][1][safepoint    ] Leaving safepoint region
[2019-12-09T02:29:16.319+0000][1][safepoint    ] Total time for which application threads were stopped: 0.0000799 seconds, Stopping threads took: 0.0000179 seconds
[2019-12-09T02:29:17.319+0000][1][safepoint    ] Application time: 1.0000755 seconds
[2019-12-09T02:29:17.319+0000][1][safepoint    ] Entering safepoint region: Cleanup
[2019-12-09T02:29:17.319+0000][1][safepoint    ] Leaving safepoint region
[2019-12-09T02:29:17.319+0000][1][safepoint    ] Total time for which application threads were stopped: 0.0000720 seconds, Stopping threads took: 0.0000174 seconds
[2019-12-09T02:29:18.319+0000][1][safepoint    ] Application time: 1.0000750 seconds
[2019-12-09T02:29:18.319+0000][1][safepoint    ] Entering safepoint region: Cleanup
[2019-12-09T02:29:18.320+0000][1][safepoint    ] Leaving safepoint region
[2019-12-09T02:29:18.320+0000][1][safepoint    ] Total time for which application threads were stopped: 0.0000722 seconds, Stopping threads took: 0.0000164 seconds
[2019-12-09T02:29:19.320+0000][1][safepoint    ] Application time: 1.0000766 seconds
[2019-12-09T02:29:19.320+0000][1][safepoint    ] Entering safepoint region: Cleanup
[2019-12-09T02:29:19.320+0000][1][safepoint    ] Leaving safepoint region
[2019-12-09T02:29:19.320+0000][1][safepoint    ] Total time for which application threads were stopped: 0.0000924 seconds, Stopping threads took: 0.0000229 seconds
[2019-12-09T02:29:20.320+0000][1][safepoint    ] Application time: 1.0000814 seconds
[2019-12-09T02:29:20.320+0000][1][safepoint    ] Entering safepoint region: Cleanup
[2019-12-09T02:29:20.320+0000][1][safepoint    ] Leaving safepoint region
[2019-12-09T02:29:20.320+0000][1][safepoint    ] Total time for which application threads were stopped: 0.0000683 seconds, Stopping threads took: 0.0000156 seconds
[2019-12-09T02:29:21.320+0000][1][safepoint    ] Application time: 1.0000776 seconds
[2019-12-09T02:29:21.320+0000][1][safepoint    ] Entering safepoint region: Cleanup
[2019-12-09T02:29:21.320+0000][1][safepoint    ] Leaving safepoint region
[2019-12-09T02:29:21.320+0000][1][safepoint    ] Total time for which application threads were stopped: 0.0000688 seconds, Stopping threads took: 0.0000152 seconds
[2019-12-09T02:29:22.320+0000][1][safepoint    ] Application time: 1.0000756 seconds
[2019-12-09T02:29:22.320+0000][1][safepoint    ] Entering safepoint region: Cleanup
[2019-12-09T02:29:22.320+0000][1][safepoint    ] Leaving safepoint region
[2019-12-09T02:29:22.320+0000][1][safepoint    ] Total time for which application threads were stopped: 0.0000700 seconds, Stopping threads took: 0.0000157 seconds
[2019-12-09T02:29:23.320+0000][1][safepoint    ] Application time: 1.0000772 seconds
[2019-12-09T02:29:23.320+0000][1][safepoint    ] Entering safepoint region: Cleanup
[2019-12-09T02:29:23.320+0000][1][safepoint    ] Leaving safepoint region
[2019-12-09T02:29:23.320+0000][1][safepoint    ] Total time for which application threads were stopped: 0.0000688 seconds, Stopping threads took: 0.0000161 seconds
[2019-12-09T02:29:24.321+0000][1][safepoint    ] Application time: 1.0000753 seconds
[2019-12-09T02:29:24.321+0000][1][safepoint    ] Entering safepoint region: Cleanup
[2019-12-09T02:29:24.321+0000][1][safepoint    ] Leaving safepoint region
[2019-12-09T02:29:24.321+0000][1][safepoint    ] Total time for which application threads were stopped: 0.0000818 seconds, Stopping threads took: 0.0000165 seconds
[2019-12-09T02:29:25.321+0000][1][safepoint    ] Application time: 1.0000765 seconds
[2019-12-09T02:29:25.321+0000][1][safepoint    ] Entering safepoint region: Cleanup
[2019-12-09T02:29:25.321+0000][1][safepoint    ] Leaving safepoint region
[2019-12-09T02:29:25.321+0000][1][safepoint    ] Total time for which application threads were stopped: 0.0000743 seconds, Stopping threads took: 0.0000175 seconds
[2019-12-09T02:29:26.321+0000][1][safepoint    ] Application time: 1.0000766 seconds
[2019-12-09T02:29:26.321+0000][1][safepoint    ] Entering safepoint region: Cleanup
[2019-12-09T02:29:26.321+0000][1][safepoint    ] Leaving safepoint region
[2019-12-09T02:29:26.321+0000][1][safepoint    ] Total time for which application threads were stopped: 0.0000778 seconds, Stopping threads took: 0.0000187 seconds
[2019-12-09T02:29:27.321+0000][1][safepoint    ] Application time: 1.0000756 seconds
[2019-12-09T02:29:27.321+0000][1][safepoint    ] Entering safepoint region: Cleanup
[2019-12-09T02:29:27.321+0000][1][safepoint    ] Leaving safepoint region
[2019-12-09T02:29:27.321+0000][1][safepoint    ] Total time for which application threads were stopped: 0.0000846 seconds, Stopping threads took: 0.0000168 seconds
[2019-12-09T02:29:28.321+0000][1][safepoint    ] Application time: 1.0000754 seconds
[2019-12-09T02:29:28.321+0000][1][safepoint    ] Entering safepoint region: Cleanup
[2019-12-09T02:29:28.321+0000][1][safepoint    ] Leaving safepoint region
[2019-12-09T02:29:28.321+0000][1][safepoint    ] Total time for which application threads were stopped: 0.0000756 seconds, Stopping threads took: 0.0000178 seconds
[2019-12-09T02:29:29.322+0000][1][safepoint    ] Application time: 1.0000756 seconds
[2019-12-09T02:29:29.322+0000][1][safepoint    ] Entering safepoint region: Cleanup
[2019-12-09T02:29:29.322+0000][1][safepoint    ] Leaving safepoint region
[2019-12-09T02:29:29.322+0000][1][safepoint    ] Total time for which application threads were stopped: 0.0000775 seconds, Stopping threads took: 0.0000221 seconds
[2019-12-09T02:29:30.322+0000][1][safepoint    ] Application time: 1.0000763 seconds
[2019-12-09T02:29:30.322+0000][1][safepoint    ] Entering safepoint region: Cleanup
[2019-12-09T02:29:30.322+0000][1][safepoint    ] Leaving safepoint region
[2019-12-09T02:29:30.322+0000][1][safepoint    ] Total time for which application threads were stopped: 0.0000707 seconds, Stopping threads took: 0.0000152 seconds
[2019-12-09T02:29:31.322+0000][1][safepoint    ] Application time: 1.0000747 seconds
[2019-12-09T02:29:31.322+0000][1][safepoint    ] Entering safepoint region: Cleanup
[2019-12-09T02:29:31.322+0000][1][safepoint    ] Leaving safepoint region
[2019-12-09T02:29:31.322+0000][1][safepoint    ] Total time for which application threads were stopped: 0.0000726 seconds, Stopping threads took: 0.0000145 seconds
[2019-12-09T02:29:32.322+0000][1][safepoint    ] Application time: 1.0000745 seconds
[2019-12-09T02:29:32.322+0000][1][safepoint    ] Entering safepoint region: Cleanup
[2019-12-09T02:29:32.322+0000][1][safepoint    ] Leaving safepoint region
[2019-12-09T02:29:32.322+0000][1][safepoint    ] Total time for which application threads were stopped: 0.0000770 seconds, Stopping threads took: 0.0000173 seconds
[2019-12-09T02:29:33.322+0000][1][safepoint    ] Application time: 1.0000757 seconds
[2019-12-09T02:29:33.322+0000][1][safepoint    ] Entering safepoint region: Cleanup
[2019-12-09T02:29:33.322+0000][1][safepoint    ] Leaving safepoint region
[2019-12-09T02:29:33.322+0000][1][safepoint    ] Total time for which application threads were stopped: 0.0000757 seconds, Stopping threads took: 0.0000164 seconds
[2019-12-09T02:29:34.323+0000][1][safepoint    ] Application time: 1.0000754 seconds
[2019-12-09T02:29:34.323+0000][1][safepoint    ] Entering safepoint region: Cleanup
[2019-12-09T02:29:34.323+0000][1][safepoint    ] Leaving safepoint region
[2019-12-09T02:29:34.323+0000][1][safepoint    ] Total time for which application threads were stopped: 0.0000792 seconds, Stopping threads took: 0.0000229 seconds
[2019-12-09T02:29:35.323+0000][1][safepoint    ] Application time: 1.0000765 seconds
[2019-12-09T02:29:35.323+0000][1][safepoint    ] Entering safepoint region: Cleanup
[2019-12-09T02:29:35.323+0000][1][safepoint    ] Leaving safepoint region
[2019-12-09T02:29:35.323+0000][1][safepoint    ] Total time for which application threads were stopped: 0.0000703 seconds, Stopping threads took: 0.0000157 seconds
[2019-12-09T02:29:36.323+0000][1][safepoint    ] Application time: 1.0000767 seconds
[2019-12-09T02:29:36.323+0000][1][safepoint    ] Entering safepoint region: Cleanup
[2019-12-09T02:29:36.323+0000][1][safepoint    ] Leaving safepoint region
[2019-12-09T02:29:36.323+0000][1][safepoint    ] Total time for which application threads were stopped: 0.0000749 seconds, Stopping threads took: 0.0000186 seconds
[2019-12-09T02:29:37.323+0000][1][safepoint    ] Application time: 1.0000773 seconds
[2019-12-09T02:29:37.323+0000][1][safepoint    ] Entering safepoint region: Cleanup
[2019-12-09T02:29:37.323+0000][1][safepoint    ] Leaving safepoint region
[2019-12-09T02:29:37.323+0000][1][safepoint    ] Total time for which application threads were stopped: 0.0000779 seconds, Stopping threads took: 0.0000152 seconds
[2019-12-09T02:29:38.323+0000][1][safepoint    ] Application time: 1.0000780 seconds
[2019-12-09T02:29:38.323+0000][1][safepoint    ] Entering safepoint region: Cleanup
[2019-12-09T02:29:38.323+0000][1][safepoint    ] Leaving safepoint region
[2019-12-09T02:29:38.323+0000][1][safepoint    ] Total time for which application threads were stopped: 0.0000758 seconds, Stopping threads took: 0.0000192 seconds
[2019-12-09T02:29:39.324+0000][1][safepoint    ] Application time: 1.0000788 seconds
[2019-12-09T02:29:39.324+0000][1][safepoint    ] Entering safepoint region: Cleanup
[2019-12-09T02:29:39.324+0000][1][safepoint    ] Leaving safepoint region
[2019-12-09T02:29:39.324+0000][1][safepoint    ] Total time for which application threads were stopped: 0.0000817 seconds, Stopping threads took: 0.0000165 seconds
[2019-12-09T02:29:40.324+0000][1][safepoint    ] Application time: 1.0000831 seconds
[2019-12-09T02:29:40.324+0000][1][safepoint    ] Entering safepoint region: Cleanup
[2019-12-09T02:29:40.324+0000][1][safepoint    ] Leaving safepoint region
[2019-12-09T02:29:40.324+0000][1][safepoint    ] Total time for which application threads were stopped: 0.0000975 seconds, Stopping threads took: 0.0000240 seconds
[2019-12-09T02:29:41.324+0000][1][safepoint    ] Application time: 1.0000780 seconds
[2019-12-09T02:29:41.324+0000][1][safepoint    ] Entering safepoint region: Cleanup
[2019-12-09T02:29:41.324+0000][1][safepoint    ] Leaving safepoint region
[2019-12-09T02:29:41.324+0000][1][safepoint    ] Total time for which application threads were stopped: 0.0000713 seconds, Stopping threads took: 0.0000158 seconds
[2019-12-09T02:29:42.324+0000][1][safepoint    ] Application time: 1.0000739 seconds
[2019-12-09T02:29:42.324+0000][1][safepoint    ] Entering safepoint region: Cleanup
[2019-12-09T02:29:42.324+0000][1][safepoint    ] Leaving safepoint region
[2019-12-09T02:29:42.324+0000][1][safepoint    ] Total time for which application threads were stopped: 0.0000696 seconds, Stopping threads took: 0.0000151 seconds
[2019-12-09T02:29:43.324+0000][1][safepoint    ] Application time: 1.0000748 seconds
[2019-12-09T02:29:43.324+0000][1][safepoint    ] Entering safepoint region: Cleanup
[2019-12-09T02:29:43.324+0000][1][safepoint    ] Leaving safepoint region
[2019-12-09T02:29:43.324+0000][1][safepoint    ] Total time for which application threads were stopped: 0.0000733 seconds, Stopping threads took: 0.0000172 seconds
[2019-12-09T02:29:44.324+0000][1][safepoint    ] Application time: 1.0000792 seconds
[2019-12-09T02:29:44.325+0000][1][safepoint    ] Entering safepoint region: Cleanup
[2019-12-09T02:29:44.325+0000][1][safepoint    ] Leaving safepoint region
[2019-12-09T02:29:44.325+0000][1][safepoint    ] Total time for which application threads were stopped: 0.0000759 seconds, Stopping threads took: 0.0000170 seconds
[2019-12-09T02:29:45.325+0000][1][safepoint    ] Application time: 1.0000838 seconds
[2019-12-09T02:29:45.325+0000][1][safepoint    ] Entering safepoint region: Cleanup
[2019-12-09T02:29:45.325+0000][1][safepoint    ] Leaving safepoint region
[2019-12-09T02:29:45.325+0000][1][safepoint    ] Total time for which application threads were stopped: 0.0000681 seconds, Stopping threads took: 0.0000157 seconds
[2019-12-09T02:29:46.325+0000][1][safepoint    ] Application time: 1.0000771 seconds
[2019-12-09T02:29:46.325+0000][1][safepoint    ] Entering safepoint region: Cleanup
[2019-12-09T02:29:46.325+0000][1][safepoint    ] Leaving safepoint region
[2019-12-09T02:29:46.325+0000][1][safepoint    ] Total time for which application threads were stopped: 0.0000892 seconds, Stopping threads took: 0.0000167 seconds
[2019-12-09T02:29:47.325+0000][1][safepoint    ] Application time: 1.0000757 seconds
[2019-12-09T02:29:47.325+0000][1][safepoint    ] Entering safepoint region: Cleanup
[2019-12-09T02:29:47.325+0000][1][safepoint    ] Leaving safepoint region
[2019-12-09T02:29:47.325+0000][1][safepoint    ] Total time for which application threads were stopped: 0.0000707 seconds, Stopping threads took: 0.0000160 seconds
[2019-12-09T02:29:48.325+0000][1][safepoint    ] Application time: 1.0000774 seconds
[2019-12-09T02:29:48.325+0000][1][safepoint    ] Entering safepoint region: Cleanup
[2019-12-09T02:29:48.325+0000][1][safepoint    ] Leaving safepoint region
[2019-12-09T02:29:48.325+0000][1][safepoint    ] Total time for which application threads were stopped: 0.0000731 seconds, Stopping threads took: 0.0000160 seconds
[2019-12-09T02:29:49.325+0000][1][safepoint    ] Application time: 1.0000753 seconds
[2019-12-09T02:29:49.326+0000][1][safepoint    ] Entering safepoint region: Cleanup
[2019-12-09T02:29:49.326+0000][1][safepoint    ] Leaving safepoint region
[2019-12-09T02:29:49.326+0000][1][safepoint    ] Total time for which application threads were stopped: 0.0000776 seconds, Stopping threads took: 0.0000154 seconds
[2019-12-09T02:29:50.326+0000][1][safepoint    ] Application time: 1.0000749 seconds
[2019-12-09T02:29:50.326+0000][1][safepoint    ] Entering safepoint region: Cleanup
[2019-12-09T02:29:50.326+0000][1][safepoint    ] Leaving safepoint region
[2019-12-09T02:29:50.326+0000][1][safepoint    ] Total time for which application threads were stopped: 0.0000798 seconds, Stopping threads took: 0.0000197 seconds
[2019-12-09T02:29:51.326+0000][1][safepoint    ] Application time: 1.0000749 seconds
[2019-12-09T02:29:51.326+0000][1][safepoint    ] Entering safepoint region: Cleanup
[2019-12-09T02:29:51.326+0000][1][safepoint    ] Leaving safepoint region
[2019-12-09T02:29:51.326+0000][1][safepoint    ] Total time for which application threads were stopped: 0.0000704 seconds, Stopping threads took: 0.0000156 seconds
[2019-12-09T02:29:52.326+0000][1][safepoint    ] Application time: 1.0000752 seconds
[2019-12-09T02:29:52.326+0000][1][safepoint    ] Entering safepoint region: Cleanup
[2019-12-09T02:29:52.326+0000][1][safepoint    ] Leaving safepoint region
[2019-12-09T02:29:52.326+0000][1][safepoint    ] Total time for which application threads were stopped: 0.0000747 seconds, Stopping threads took: 0.0000159 seconds
[2019-12-09T02:29:53.326+0000][1][safepoint    ] Application time: 1.0000750 seconds
[2019-12-09T02:29:53.326+0000][1][safepoint    ] Entering safepoint region: Cleanup
[2019-12-09T02:29:53.326+0000][1][safepoint    ] Leaving safepoint region
[2019-12-09T02:29:53.326+0000][1][safepoint    ] Total time for which application threads were stopped: 0.0000710 seconds, Stopping threads took: 0.0000160 seconds
[2019-12-09T02:29:54.326+0000][1][safepoint    ] Application time: 1.0000726 seconds
[2019-12-09T02:29:54.326+0000][1][safepoint    ] Entering safepoint region: Cleanup
[2019-12-09T02:29:54.327+0000][1][safepoint    ] Leaving safepoint region
[2019-12-09T02:29:54.327+0000][1][safepoint    ] Total time for which application threads were stopped: 0.0000685 seconds, Stopping threads took: 0.0000152 seconds
[2019-12-09T02:29:55.327+0000][1][safepoint    ] Application time: 1.0000792 seconds
[2019-12-09T02:29:55.327+0000][1][safepoint    ] Entering safepoint region: Cleanup
[2019-12-09T02:29:55.327+0000][1][safepoint    ] Leaving safepoint region
[2019-12-09T02:29:55.327+0000][1][safepoint    ] Total time for which application threads were stopped: 0.0000797 seconds, Stopping threads took: 0.0000166 seconds
[2019-12-09T02:29:56.327+0000][1][safepoint    ] Application time: 1.0000813 seconds
[2019-12-09T02:29:56.327+0000][1][safepoint    ] Entering safepoint region: Cleanup
[2019-12-09T02:29:56.327+0000][1][safepoint    ] Leaving safepoint region
[2019-12-09T02:29:56.327+0000][1][safepoint    ] Total time for which application threads were stopped: 0.0000753 seconds, Stopping threads took: 0.0000192 seconds
[2019-12-09T02:29:57.327+0000][1][safepoint    ] Application time: 1.0000751 seconds
[2019-12-09T02:29:57.327+0000][1][safepoint    ] Entering safepoint region: Cleanup
[2019-12-09T02:29:57.327+0000][1][safepoint    ] Leaving safepoint region
[2019-12-09T02:29:57.327+0000][1][safepoint    ] Total time for which application threads were stopped: 0.0000722 seconds, Stopping threads took: 0.0000149 seconds
[2019-12-09T02:29:58.327+0000][1][safepoint    ] Application time: 1.0000739 seconds
[2019-12-09T02:29:58.327+0000][1][safepoint    ] Entering safepoint region: Cleanup
[2019-12-09T02:29:58.327+0000][1][safepoint    ] Leaving safepoint region
[2019-12-09T02:29:58.327+0000][1][safepoint    ] Total time for which application threads were stopped: 0.0000685 seconds, Stopping threads took: 0.0000153 seconds
[2019-12-09T02:29:59.327+0000][1][safepoint    ] Application time: 1.0000747 seconds
[2019-12-09T02:29:59.327+0000][1][safepoint    ] Entering safepoint region: Cleanup
[2019-12-09T02:29:59.327+0000][1][safepoint    ] Leaving safepoint region
[2019-12-09T02:29:59.327+0000][1][safepoint    ] Total time for which application threads were stopped: 0.0000804 seconds, Stopping threads took: 0.0000153 seconds
[2019-12-09T02:30:00.328+0000][1][safepoint    ] Application time: 1.0000757 seconds
[2019-12-09T02:30:00.328+0000][1][safepoint    ] Entering safepoint region: Cleanup
[2019-12-09T02:30:00.328+0000][1][safepoint    ] Leaving safepoint region
[2019-12-09T02:30:00.328+0000][1][safepoint    ] Total time for which application threads were stopped: 0.0000770 seconds, Stopping threads took: 0.0000168 seconds
[2019-12-09T02:30:01.328+0000][1][safepoint    ] Application time: 1.0000829 seconds
[2019-12-09T02:30:01.328+0000][1][safepoint    ] Entering safepoint region: Cleanup
[2019-12-09T02:30:01.328+0000][1][safepoint    ] Leaving safepoint region
[2019-12-09T02:30:01.328+0000][1][safepoint    ] Total time for which application threads were stopped: 0.0000760 seconds, Stopping threads took: 0.0000184 seconds
[2019-12-09T02:30:02.328+0000][1][safepoint    ] Application time: 1.0000769 seconds
[2019-12-09T02:30:02.328+0000][1][safepoint    ] Entering safepoint region: Cleanup
[2019-12-09T02:30:02.328+0000][1][safepoint    ] Leaving safepoint region
[2019-12-09T02:30:02.328+0000][1][safepoint    ] Total time for which application threads were stopped: 0.0000695 seconds, Stopping threads took: 0.0000150 seconds
[2019-12-09T02:30:03.328+0000][1][safepoint    ] Application time: 1.0000763 seconds
[2019-12-09T02:30:03.328+0000][1][safepoint    ] Entering safepoint region: Cleanup
[2019-12-09T02:30:03.328+0000][1][safepoint    ] Leaving safepoint region
[2019-12-09T02:30:03.328+0000][1][safepoint    ] Total time for which application threads were stopped: 0.0000700 seconds, Stopping threads took: 0.0000160 seconds
[2019-12-09T02:30:04.328+0000][1][safepoint    ] Application time: 1.0000755 seconds
[2019-12-09T02:30:04.328+0000][1][safepoint    ] Entering safepoint region: Cleanup
[2019-12-09T02:30:04.328+0000][1][safepoint    ] Leaving safepoint region
[2019-12-09T02:30:04.328+0000][1][safepoint    ] Total time for which application threads were stopped: 0.0000744 seconds, Stopping threads took: 0.0000214 seconds
[2019-12-09T02:30:05.329+0000][1][safepoint    ] Application time: 1.0000765 seconds
[2019-12-09T02:30:05.329+0000][1][safepoint    ] Entering safepoint region: Cleanup
[2019-12-09T02:30:05.329+0000][1][safepoint    ] Leaving safepoint region
[2019-12-09T02:30:05.329+0000][1][safepoint    ] Total time for which application threads were stopped: 0.0000749 seconds, Stopping threads took: 0.0000168 seconds
[2019-12-09T02:30:06.329+0000][1][safepoint    ] Application time: 1.0000782 seconds
[2019-12-09T02:30:06.329+0000][1][safepoint    ] Entering safepoint region: Cleanup
[2019-12-09T02:30:06.329+0000][1][safepoint    ] Leaving safepoint region
[2019-12-09T02:30:06.329+0000][1][safepoint    ] Total time for which application threads were stopped: 0.0000755 seconds, Stopping threads took: 0.0000176 seconds
[2019-12-09T02:30:07.329+0000][1][safepoint    ] Application time: 1.0000762 seconds
[2019-12-09T02:30:07.329+0000][1][safepoint    ] Entering safepoint region: Cleanup
[2019-12-09T02:30:07.329+0000][1][safepoint    ] Leaving safepoint region
[2019-12-09T02:30:07.329+0000][1][safepoint    ] Total time for which application threads were stopped: 0.0000735 seconds, Stopping threads took: 0.0000166 seconds
[2019-12-09T02:30:08.329+0000][1][safepoint    ] Application time: 1.0000760 seconds
[2019-12-09T02:30:08.329+0000][1][safepoint    ] Entering safepoint region: Cleanup
[2019-12-09T02:30:08.329+0000][1][safepoint    ] Leaving safepoint region
[2019-12-09T02:30:08.329+0000][1][safepoint    ] Total time for which application threads were stopped: 0.0000720 seconds, Stopping threads took: 0.0000151 seconds
[2019-12-09T02:30:09.329+0000][1][safepoint    ] Application time: 1.0000744 seconds
[2019-12-09T02:30:09.329+0000][1][safepoint    ] Entering safepoint region: Cleanup
[2019-12-09T02:30:09.329+0000][1][safepoint    ] Leaving safepoint region
[2019-12-09T02:30:09.329+0000][1][safepoint    ] Total time for which application threads were stopped: 0.0000774 seconds, Stopping threads took: 0.0000166 seconds
[2019-12-09T02:30:10.329+0000][1][safepoint    ] Application time: 1.0000784 seconds
[2019-12-09T02:30:10.330+0000][1][safepoint    ] Entering safepoint region: Cleanup
[2019-12-09T02:30:10.330+0000][1][safepoint    ] Leaving safepoint region
[2019-12-09T02:30:10.330+0000][1][safepoint    ] Total time for which application threads were stopped: 0.0000810 seconds, Stopping threads took: 0.0000162 seconds
[2019-12-09T02:30:11.330+0000][1][safepoint    ] Application time: 1.0000754 seconds
[2019-12-09T02:30:11.330+0000][1][safepoint    ] Entering safepoint region: Cleanup
[2019-12-09T02:30:11.330+0000][1][safepoint    ] Leaving safepoint region
[2019-12-09T02:30:11.330+0000][1][safepoint    ] Total time for which application threads were stopped: 0.0000721 seconds, Stopping threads took: 0.0000162 seconds
[2019-12-09T02:30:12.330+0000][1][safepoint    ] Application time: 1.0000750 seconds
[2019-12-09T02:30:12.330+0000][1][safepoint    ] Entering safepoint region: Cleanup
[2019-12-09T02:30:12.330+0000][1][safepoint    ] Leaving safepoint region
[2019-12-09T02:30:12.330+0000][1][safepoint    ] Total time for which application threads were stopped: 0.0000706 seconds, Stopping threads took: 0.0000164 seconds
[2019-12-09T02:30:13.330+0000][1][safepoint    ] Application time: 1.0000861 seconds
[2019-12-09T02:30:13.330+0000][1][safepoint    ] Entering safepoint region: Cleanup
[2019-12-09T02:30:13.330+0000][1][safepoint    ] Leaving safepoint region
[2019-12-09T02:30:13.330+0000][1][safepoint    ] Total time for which application threads were stopped: 0.0000709 seconds, Stopping threads took: 0.0000169 seconds
[2019-12-09T02:30:14.451+0000][1][safepoint    ] Application time: 1.1211607 seconds
[2019-12-09T02:30:14.451+0000][1][safepoint    ] Entering safepoint region: Cleanup
[2019-12-09T02:30:14.452+0000][1][safepoint    ] Leaving safepoint region
[2019-12-09T02:30:14.452+0000][1][safepoint    ] Total time for which application threads were stopped: 0.0001574 seconds, Stopping threads took: 0.0000143 seconds
[2019-12-09T02:30:15.452+0000][1][safepoint    ] Application time: 1.0000794 seconds
[2019-12-09T02:30:15.452+0000][1][safepoint    ] Entering safepoint region: Cleanup
[2019-12-09T02:30:15.452+0000][1][safepoint    ] Leaving safepoint region
[2019-12-09T02:30:15.452+0000][1][safepoint    ] Total time for which application threads were stopped: 0.0000824 seconds, Stopping threads took: 0.0000152 seconds
[2019-12-09T02:30:16.452+0000][1][safepoint    ] Application time: 1.0000775 seconds
[2019-12-09T02:30:16.452+0000][1][safepoint    ] Entering safepoint region: Cleanup
[2019-12-09T02:30:16.452+0000][1][safepoint    ] Leaving safepoint region
[2019-12-09T02:30:16.452+0000][1][safepoint    ] Total time for which application threads were stopped: 0.0000690 seconds, Stopping threads took: 0.0000155 seconds
[2019-12-09T02:30:17.452+0000][1][safepoint    ] Application time: 1.0000791 seconds
[2019-12-09T02:30:17.452+0000][1][safepoint    ] Entering safepoint region: Cleanup
[2019-12-09T02:30:17.452+0000][1][safepoint    ] Leaving safepoint region
[2019-12-09T02:30:17.452+0000][1][safepoint    ] Total time for which application threads were stopped: 0.0000690 seconds, Stopping threads took: 0.0000149 seconds
[2019-12-09T02:30:18.452+0000][1][safepoint    ] Application time: 1.0000765 seconds
[2019-12-09T02:30:18.452+0000][1][safepoint    ] Entering safepoint region: Cleanup
[2019-12-09T02:30:18.452+0000][1][safepoint    ] Leaving safepoint region
[2019-12-09T02:30:18.452+0000][1][safepoint    ] Total time for which application threads were stopped: 0.0000743 seconds, Stopping threads took: 0.0000152 seconds
[2019-12-09T02:30:19.452+0000][1][safepoint    ] Application time: 1.0000751 seconds
[2019-12-09T02:30:19.452+0000][1][safepoint    ] Entering safepoint region: Cleanup
[2019-12-09T02:30:19.452+0000][1][safepoint    ] Leaving safepoint region
[2019-12-09T02:30:19.452+0000][1][safepoint    ] Total time for which application threads were stopped: 0.0000692 seconds, Stopping threads took: 0.0000154 seconds
[2019-12-09T02:30:20.453+0000][1][safepoint    ] Application time: 1.0000781 seconds
[2019-12-09T02:30:20.453+0000][1][safepoint    ] Entering safepoint region: Cleanup
[2019-12-09T02:30:20.453+0000][1][safepoint    ] Leaving safepoint region
[2019-12-09T02:30:20.453+0000][1][safepoint    ] Total time for which application threads were stopped: 0.0000842 seconds, Stopping threads took: 0.0000147 seconds
[2019-12-09T02:30:21.453+0000][1][safepoint    ] Application time: 1.0000764 seconds
[2019-12-09T02:30:21.453+0000][1][safepoint    ] Entering safepoint region: Cleanup
[2019-12-09T02:30:21.453+0000][1][safepoint    ] Leaving safepoint region
[2019-12-09T02:30:21.453+0000][1][safepoint    ] Total time for which application threads were stopped: 0.0000737 seconds, Stopping threads took: 0.0000156 seconds
[2019-12-09T02:30:22.453+0000][1][safepoint    ] Application time: 1.0000785 seconds
[2019-12-09T02:30:22.453+0000][1][safepoint    ] Entering safepoint region: Cleanup
[2019-12-09T02:30:22.453+0000][1][safepoint    ] Leaving safepoint region
[2019-12-09T02:30:22.453+0000][1][safepoint    ] Total time for which application threads were stopped: 0.0000704 seconds, Stopping threads took: 0.0000152 seconds
[2019-12-09T02:30:23.453+0000][1][safepoint    ] Application time: 1.0000716 seconds
[2019-12-09T02:30:23.453+0000][1][safepoint    ] Entering safepoint region: Cleanup
[2019-12-09T02:30:23.453+0000][1][safepoint    ] Leaving safepoint region
[2019-12-09T02:30:23.453+0000][1][safepoint    ] Total time for which application threads were stopped: 0.0000715 seconds, Stopping threads took: 0.0000155 seconds
[2019-12-09T02:30:24.453+0000][1][safepoint    ] Application time: 1.0000773 seconds
[2019-12-09T02:30:24.453+0000][1][safepoint    ] Entering safepoint region: Cleanup
[2019-12-09T02:30:24.453+0000][1][safepoint    ] Leaving safepoint region
[2019-12-09T02:30:24.453+0000][1][safepoint    ] Total time for which application threads were stopped: 0.0000783 seconds, Stopping threads took: 0.0000156 seconds
[2019-12-09T02:30:25.454+0000][1][safepoint    ] Application time: 1.0000747 seconds
[2019-12-09T02:30:25.454+0000][1][safepoint    ] Entering safepoint region: Cleanup
[2019-12-09T02:30:25.454+0000][1][safepoint    ] Leaving safepoint region
[2019-12-09T02:30:25.454+0000][1][safepoint    ] Total time for which application threads were stopped: 0.0000782 seconds, Stopping threads took: 0.0000172 seconds
[2019-12-09T02:30:26.454+0000][1][safepoint    ] Application time: 1.0000775 seconds
[2019-12-09T02:30:26.454+0000][1][safepoint    ] Entering safepoint region: Cleanup
[2019-12-09T02:30:26.454+0000][1][safepoint    ] Leaving safepoint region
[2019-12-09T02:30:26.454+0000][1][safepoint    ] Total time for which application threads were stopped: 0.0000731 seconds, Stopping threads took: 0.0000150 seconds
[2019-12-09T02:30:27.454+0000][1][safepoint    ] Application time: 1.0000755 seconds
[2019-12-09T02:30:27.454+0000][1][safepoint    ] Entering safepoint region: Cleanup
[2019-12-09T02:30:27.454+0000][1][safepoint    ] Leaving safepoint region
[2019-12-09T02:30:27.454+0000][1][safepoint    ] Total time for which application threads were stopped: 0.0000696 seconds, Stopping threads took: 0.0000162 seconds
[2019-12-09T02:30:28.454+0000][1][safepoint    ] Application time: 1.0000725 seconds
[2019-12-09T02:30:28.454+0000][1][safepoint    ] Entering safepoint region: Cleanup
[2019-12-09T02:30:28.454+0000][1][safepoint    ] Leaving safepoint region
[2019-12-09T02:30:28.454+0000][1][safepoint    ] Total time for which application threads were stopped: 0.0000674 seconds, Stopping threads took: 0.0000148 seconds
[2019-12-09T02:30:29.454+0000][1][safepoint    ] Application time: 1.0000717 seconds
[2019-12-09T02:30:29.454+0000][1][safepoint    ] Entering safepoint region: Cleanup
[2019-12-09T02:30:29.454+0000][1][safepoint    ] Leaving safepoint region
[2019-12-09T02:30:29.454+0000][1][safepoint    ] Total time for which application threads were stopped: 0.0000730 seconds, Stopping threads took: 0.0000149 seconds
[2019-12-09T02:30:30.454+0000][1][safepoint    ] Application time: 1.0000742 seconds
[2019-12-09T02:30:30.455+0000][1][safepoint    ] Entering safepoint region: Cleanup
[2019-12-09T02:30:30.455+0000][1][safepoint    ] Leaving safepoint region
[2019-12-09T02:30:30.455+0000][1][safepoint    ] Total time for which application threads were stopped: 0.0000701 seconds, Stopping threads took: 0.0000153 seconds
[2019-12-09T02:30:31.455+0000][1][safepoint    ] Application time: 1.0000909 seconds
[2019-12-09T02:30:31.455+0000][1][safepoint    ] Entering safepoint region: Cleanup
[2019-12-09T02:30:31.455+0000][1][safepoint    ] Leaving safepoint region
[2019-12-09T02:30:31.455+0000][1][safepoint    ] Total time for which application threads were stopped: 0.0001032 seconds, Stopping threads took: 0.0000217 seconds
[2019-12-09T02:30:32.455+0000][1][safepoint    ] Application time: 1.0000790 seconds
[2019-12-09T02:30:32.455+0000][1][safepoint    ] Entering safepoint region: Cleanup
[2019-12-09T02:30:32.455+0000][1][safepoint    ] Leaving safepoint region
[2019-12-09T02:30:32.455+0000][1][safepoint    ] Total time for which application threads were stopped: 0.0000738 seconds, Stopping threads took: 0.0000172 seconds
[2019-12-09T02:30:33.455+0000][1][safepoint    ] Application time: 1.0000745 seconds
[2019-12-09T02:30:33.455+0000][1][safepoint    ] Entering safepoint region: Cleanup
[2019-12-09T02:30:33.455+0000][1][safepoint    ] Leaving safepoint region
[2019-12-09T02:30:33.455+0000][1][safepoint    ] Total time for which application threads were stopped: 0.0000687 seconds, Stopping threads took: 0.0000155 seconds
[2019-12-09T02:30:34.455+0000][1][safepoint    ] Application time: 1.0000760 seconds
[2019-12-09T02:30:34.455+0000][1][safepoint    ] Entering safepoint region: Cleanup
[2019-12-09T02:30:34.455+0000][1][safepoint    ] Leaving safepoint region
[2019-12-09T02:30:34.455+0000][1][safepoint    ] Total time for which application threads were stopped: 0.0000755 seconds, Stopping threads took: 0.0000208 seconds
[2019-12-09T02:30:35.455+0000][1][safepoint    ] Application time: 1.0000766 seconds
[2019-12-09T02:30:35.456+0000][1][safepoint    ] Entering safepoint region: Cleanup
[2019-12-09T02:30:35.456+0000][1][safepoint    ] Leaving safepoint region
[2019-12-09T02:30:35.456+0000][1][safepoint    ] Total time for which application threads were stopped: 0.0000701 seconds, Stopping threads took: 0.0000156 seconds
[2019-12-09T02:30:36.456+0000][1][safepoint    ] Application time: 1.0001019 seconds
[2019-12-09T02:30:36.456+0000][1][safepoint    ] Entering safepoint region: Cleanup
[2019-12-09T02:30:36.456+0000][1][safepoint    ] Leaving safepoint region
[2019-12-09T02:30:36.456+0000][1][safepoint    ] Total time for which application threads were stopped: 0.0000899 seconds, Stopping threads took: 0.0000194 seconds
[2019-12-09T02:30:37.456+0000][1][safepoint    ] Application time: 1.0000774 seconds
[2019-12-09T02:30:37.456+0000][1][safepoint    ] Entering safepoint region: Cleanup
[2019-12-09T02:30:37.456+0000][1][safepoint    ] Leaving safepoint region
[2019-12-09T02:30:37.456+0000][1][safepoint    ] Total time for which application threads were stopped: 0.0000740 seconds, Stopping threads took: 0.0000146 seconds
[2019-12-09T02:30:38.456+0000][1][safepoint    ] Application time: 1.0000785 seconds
[2019-12-09T02:30:38.456+0000][1][safepoint    ] Entering safepoint region: Cleanup
[2019-12-09T02:30:38.456+0000][1][safepoint    ] Leaving safepoint region
[2019-12-09T02:30:38.456+0000][1][safepoint    ] Total time for which application threads were stopped: 0.0000698 seconds, Stopping threads took: 0.0000151 seconds
[2019-12-09T02:30:39.456+0000][1][safepoint    ] Application time: 1.0000778 seconds
[2019-12-09T02:30:39.456+0000][1][safepoint    ] Entering safepoint region: Cleanup
[2019-12-09T02:30:39.456+0000][1][safepoint    ] Leaving safepoint region
[2019-12-09T02:30:39.456+0000][1][safepoint    ] Total time for which application threads were stopped: 0.0000701 seconds, Stopping threads took: 0.0000154 seconds
[2019-12-09T02:30:40.456+0000][1][safepoint    ] Application time: 1.0000751 seconds
[2019-12-09T02:30:40.457+0000][1][safepoint    ] Entering safepoint region: Cleanup
[2019-12-09T02:30:40.457+0000][1][safepoint    ] Leaving safepoint region
[2019-12-09T02:30:40.457+0000][1][safepoint    ] Total time for which application threads were stopped: 0.0000769 seconds, Stopping threads took: 0.0000152 seconds
[2019-12-09T02:30:41.457+0000][1][safepoint    ] Application time: 1.0000892 seconds
[2019-12-09T02:30:41.457+0000][1][safepoint    ] Entering safepoint region: Cleanup
[2019-12-09T02:30:41.457+0000][1][safepoint    ] Leaving safepoint region
[2019-12-09T02:30:41.457+0000][1][safepoint    ] Total time for which application threads were stopped: 0.0000981 seconds, Stopping threads took: 0.0000226 seconds
[2019-12-09T02:30:42.457+0000][1][safepoint    ] Application time: 1.0000746 seconds
[2019-12-09T02:30:42.457+0000][1][safepoint    ] Entering safepoint region: Cleanup
[2019-12-09T02:30:42.457+0000][1][safepoint    ] Leaving safepoint region
[2019-12-09T02:30:42.457+0000][1][safepoint    ] Total time for which application threads were stopped: 0.0000726 seconds, Stopping threads took: 0.0000174 seconds
[2019-12-09T02:30:43.457+0000][1][safepoint    ] Application time: 1.0000749 seconds
[2019-12-09T02:30:43.457+0000][1][safepoint    ] Entering safepoint region: Cleanup
[2019-12-09T02:30:43.457+0000][1][safepoint    ] Leaving safepoint region
[2019-12-09T02:30:43.457+0000][1][safepoint    ] Total time for which application threads were stopped: 0.0000737 seconds, Stopping threads took: 0.0000175 seconds
[2019-12-09T02:30:44.457+0000][1][safepoint    ] Application time: 1.0000760 seconds
[2019-12-09T02:30:44.457+0000][1][safepoint    ] Entering safepoint region: Cleanup
[2019-12-09T02:30:44.457+0000][1][safepoint    ] Leaving safepoint region
[2019-12-09T02:30:44.457+0000][1][safepoint    ] Total time for which application threads were stopped: 0.0000728 seconds, Stopping threads took: 0.0000171 seconds
[2019-12-09T02:30:45.458+0000][1][safepoint    ] Application time: 1.0000756 seconds
[2019-12-09T02:30:45.458+0000][1][safepoint    ] Entering safepoint region: Cleanup
[2019-12-09T02:30:45.458+0000][1][safepoint    ] Leaving safepoint region
[2019-12-09T02:30:45.458+0000][1][safepoint    ] Total time for which application threads were stopped: 0.0000811 seconds, Stopping threads took: 0.0000166 seconds
[2019-12-09T02:30:46.458+0000][1][safepoint    ] Application time: 1.0000800 seconds
[2019-12-09T02:30:46.458+0000][1][safepoint    ] Entering safepoint region: Cleanup
[2019-12-09T02:30:46.458+0000][1][safepoint    ] Leaving safepoint region
[2019-12-09T02:30:46.458+0000][1][safepoint    ] Total time for which application threads were stopped: 0.0001022 seconds, Stopping threads took: 0.0000230 seconds
[2019-12-09T02:30:47.458+0000][1][safepoint    ] Application time: 1.0000773 seconds
[2019-12-09T02:30:47.458+0000][1][safepoint    ] Entering safepoint region: Cleanup
[2019-12-09T02:30:47.458+0000][1][safepoint    ] Leaving safepoint region
[2019-12-09T02:30:47.458+0000][1][safepoint    ] Total time for which application threads were stopped: 0.0000800 seconds, Stopping threads took: 0.0000170 seconds
[2019-12-09T02:30:48.458+0000][1][safepoint    ] Application time: 1.0000769 seconds
[2019-12-09T02:30:48.458+0000][1][safepoint    ] Entering safepoint region: Cleanup
[2019-12-09T02:30:48.458+0000][1][safepoint    ] Leaving safepoint region
[2019-12-09T02:30:48.458+0000][1][safepoint    ] Total time for which application threads were stopped: 0.0000737 seconds, Stopping threads took: 0.0000179 seconds
[2019-12-09T02:30:49.458+0000][1][safepoint    ] Application time: 1.0000761 seconds
[2019-12-09T02:30:49.458+0000][1][safepoint    ] Entering safepoint region: Cleanup
[2019-12-09T02:30:49.458+0000][1][safepoint    ] Leaving safepoint region
[2019-12-09T02:30:49.458+0000][1][safepoint    ] Total time for which application threads were stopped: 0.0000763 seconds, Stopping threads took: 0.0000166 seconds
[2019-12-09T02:30:50.459+0000][1][safepoint    ] Application time: 1.0000755 seconds
[2019-12-09T02:30:50.459+0000][1][safepoint    ] Entering safepoint region: Cleanup
[2019-12-09T02:30:50.459+0000][1][safepoint    ] Leaving safepoint region
[2019-12-09T02:30:50.459+0000][1][safepoint    ] Total time for which application threads were stopped: 0.0000753 seconds, Stopping threads took: 0.0000195 seconds
[2019-12-09T02:30:51.459+0000][1][safepoint    ] Application time: 1.0000545 seconds
[2019-12-09T02:30:51.459+0000][1][safepoint    ] Entering safepoint region: Cleanup
[2019-12-09T02:30:51.459+0000][1][safepoint    ] Leaving safepoint region
[2019-12-09T02:30:51.459+0000][1][safepoint    ] Total time for which application threads were stopped: 0.0000997 seconds, Stopping threads took: 0.0000208 seconds
[2019-12-09T02:30:52.459+0000][1][safepoint    ] Application time: 1.0000769 seconds
[2019-12-09T02:30:52.459+0000][1][safepoint    ] Entering safepoint region: Cleanup
[2019-12-09T02:30:52.459+0000][1][safepoint    ] Leaving safepoint region
[2019-12-09T02:30:52.459+0000][1][safepoint    ] Total time for which application threads were stopped: 0.0000746 seconds, Stopping threads took: 0.0000164 seconds
[2019-12-09T02:30:53.459+0000][1][safepoint    ] Application time: 1.0000768 seconds
[2019-12-09T02:30:53.459+0000][1][safepoint    ] Entering safepoint region: Cleanup
[2019-12-09T02:30:53.459+0000][1][safepoint    ] Leaving safepoint region
[2019-12-09T02:30:53.459+0000][1][safepoint    ] Total time for which application threads were stopped: 0.0000696 seconds, Stopping threads took: 0.0000160 seconds
[2019-12-09T02:30:54.459+0000][1][safepoint    ] Application time: 1.0000770 seconds
[2019-12-09T02:30:54.459+0000][1][safepoint    ] Entering safepoint region: Cleanup
[2019-12-09T02:30:54.459+0000][1][safepoint    ] Leaving safepoint region
[2019-12-09T02:30:54.459+0000][1][safepoint    ] Total time for which application threads were stopped: 0.0000829 seconds, Stopping threads took: 0.0000176 seconds
[2019-12-09T02:30:55.460+0000][1][safepoint    ] Application time: 1.0000762 seconds
[2019-12-09T02:30:55.460+0000][1][safepoint    ] Entering safepoint region: Cleanup
[2019-12-09T02:30:55.460+0000][1][safepoint    ] Leaving safepoint region
[2019-12-09T02:30:55.460+0000][1][safepoint    ] Total time for which application threads were stopped: 0.0000714 seconds, Stopping threads took: 0.0000158 seconds
[2019-12-09T02:30:56.460+0000][1][safepoint    ] Application time: 1.0000766 seconds
[2019-12-09T02:30:56.460+0000][1][safepoint    ] Entering safepoint region: Cleanup
[2019-12-09T02:30:56.460+0000][1][safepoint    ] Leaving safepoint region
[2019-12-09T02:30:56.460+0000][1][safepoint    ] Total time for which application threads were stopped: 0.0000722 seconds, Stopping threads took: 0.0000172 seconds
[2019-12-09T02:30:57.460+0000][1][safepoint    ] Application time: 1.0000772 seconds
[2019-12-09T02:30:57.460+0000][1][safepoint    ] Entering safepoint region: Cleanup
[2019-12-09T02:30:57.460+0000][1][safepoint    ] Leaving safepoint region
[2019-12-09T02:30:57.460+0000][1][safepoint    ] Total time for which application threads were stopped: 0.0000760 seconds, Stopping threads took: 0.0000165 seconds
[2019-12-09T02:30:58.460+0000][1][safepoint    ] Application time: 1.0000768 seconds
[2019-12-09T02:30:58.460+0000][1][safepoint    ] Entering safepoint region: Cleanup
[2019-12-09T02:30:58.460+0000][1][safepoint    ] Leaving safepoint region
[2019-12-09T02:30:58.460+0000][1][safepoint    ] Total time for which application threads were stopped: 0.0000734 seconds, Stopping threads took: 0.0000181 seconds
[2019-12-09T02:30:59.460+0000][1][safepoint    ] Application time: 1.0000759 seconds
[2019-12-09T02:30:59.460+0000][1][safepoint    ] Entering safepoint region: Cleanup
[2019-12-09T02:30:59.460+0000][1][safepoint    ] Leaving safepoint region
[2019-12-09T02:30:59.460+0000][1][safepoint    ] Total time for which application threads were stopped: 0.0000731 seconds, Stopping threads took: 0.0000159 seconds
[2019-12-09T02:31:00.460+0000][1][safepoint    ] Application time: 1.0000775 seconds
[2019-12-09T02:31:00.461+0000][1][safepoint    ] Entering safepoint region: Cleanup
[2019-12-09T02:31:00.461+0000][1][safepoint    ] Leaving safepoint region
[2019-12-09T02:31:00.461+0000][1][safepoint    ] Total time for which application threads were stopped: 0.0000729 seconds, Stopping threads took: 0.0000171 seconds
[2019-12-09T02:31:01.296+0000][1][safepoint    ] Application time: 0.8351405 seconds
[2019-12-09T02:31:01.296+0000][1][safepoint    ] Entering safepoint region: RevokeBias
[2019-12-09T02:31:01.296+0000][1][safepoint    ] Leaving safepoint region
[2019-12-09T02:31:01.296+0000][1][safepoint    ] Total time for which application threads were stopped: 0.0001125 seconds, Stopping threads took: 0.0000191 seconds
[2019-12-09T02:31:01.296+0000][1][safepoint    ] Application time: 0.0000791 seconds
[2019-12-09T02:31:01.296+0000][1][safepoint    ] Entering safepoint region: RevokeBias
[2019-12-09T02:31:01.296+0000][1][safepoint    ] Leaving safepoint region
[2019-12-09T02:31:01.296+0000][1][safepoint    ] Total time for which application threads were stopped: 0.0000459 seconds, Stopping threads took: 0.0000093 seconds
[2019-12-09T02:31:01.300+0000][1][safepoint    ] Application time: 0.0035344 seconds
[2019-12-09T02:31:01.300+0000][1][safepoint    ] Entering safepoint region: RevokeBias
[2019-12-09T02:31:01.300+0000][1][safepoint    ] Leaving safepoint region
[2019-12-09T02:31:01.300+0000][1][safepoint    ] Total time for which application threads were stopped: 0.0000737 seconds, Stopping threads took: 0.0000175 seconds
[2019-12-09T02:31:01.300+0000][1][safepoint    ] Application time: 0.0001336 seconds
[2019-12-09T02:31:01.300+0000][1][safepoint    ] Entering safepoint region: RevokeBias
[2019-12-09T02:31:01.300+0000][1][safepoint    ] Leaving safepoint region
[2019-12-09T02:31:01.300+0000][1][safepoint    ] Total time for which application threads were stopped: 0.0000512 seconds, Stopping threads took: 0.0000110 seconds
[2019-12-09T02:31:01.317+0000][1][safepoint    ] Application time: 0.0171625 seconds
[2019-12-09T02:31:01.317+0000][1][safepoint    ] Entering safepoint region: RevokeBias
[2019-12-09T02:31:01.317+0000][1][safepoint    ] Leaving safepoint region
[2019-12-09T02:31:01.317+0000][1][safepoint    ] Total time for which application threads were stopped: 0.0000846 seconds, Stopping threads took: 0.0000152 seconds
[2019-12-09T02:31:01.317+0000][1][safepoint    ] Application time: 0.0000962 seconds
[2019-12-09T02:31:01.317+0000][1][safepoint    ] Entering safepoint region: RevokeBias
[2019-12-09T02:31:01.317+0000][1][safepoint    ] Leaving safepoint region
[2019-12-09T02:31:01.317+0000][1][safepoint    ] Total time for which application threads were stopped: 0.0000391 seconds, Stopping threads took: 0.0000078 seconds
[2019-12-09T02:31:01.318+0000][1][safepoint    ] Application time: 0.0003080 seconds
[2019-12-09T02:31:01.318+0000][1][safepoint    ] Entering safepoint region: RevokeBias
[2019-12-09T02:31:01.318+0000][1][safepoint    ] Leaving safepoint region
[2019-12-09T02:31:01.318+0000][1][safepoint    ] Total time for which application threads were stopped: 0.0000645 seconds, Stopping threads took: 0.0000117 seconds
[2019-12-09T02:31:01.320+0000][1][safepoint    ] Application time: 0.0024465 seconds
[2019-12-09T02:31:01.343+0000][1][safepoint    ] Entering safepoint region: RevokeBias
[2019-12-09T02:31:01.343+0000][1][safepoint    ] Leaving safepoint region
[2019-12-09T02:31:01.343+0000][1][safepoint    ] Total time for which application threads were stopped: 0.0227802 seconds, Stopping threads took: 0.0226954 seconds
[2019-12-09T02:31:01.362+0000][1][safepoint    ] Application time: 0.0190607 seconds
[2019-12-09T02:31:01.364+0000][1][safepoint    ] Entering safepoint region: RevokeBias
[2019-12-09T02:31:01.364+0000][1][safepoint    ] Leaving safepoint region
[2019-12-09T02:31:01.364+0000][1][safepoint    ] Total time for which application threads were stopped: 0.0024231 seconds, Stopping threads took: 0.0022799 seconds
[2019-12-09T02:31:01.365+0000][1][safepoint    ] Application time: 0.0002531 seconds
[2019-12-09T02:31:01.365+0000][1][safepoint    ] Entering safepoint region: RevokeBias
[2019-12-09T02:31:01.365+0000][1][safepoint    ] Leaving safepoint region
[2019-12-09T02:31:01.365+0000][1][safepoint    ] Total time for which application threads were stopped: 0.0000843 seconds, Stopping threads took: 0.0000130 seconds
[2019-12-09T02:31:01.367+0000][1][safepoint    ] Application time: 0.0021817 seconds
[2019-12-09T02:31:01.367+0000][1][safepoint    ] Entering safepoint region: BulkRevokeBias
[2019-12-09T02:31:01.368+0000][1][safepoint    ] Leaving safepoint region
[2019-12-09T02:31:01.368+0000][1][safepoint    ] Total time for which application threads were stopped: 0.0008966 seconds, Stopping threads took: 0.0003537 seconds
[2019-12-09T02:31:01.412+0000][1][safepoint    ] Application time: 0.0440132 seconds
[2019-12-09T02:31:01.412+0000][1][safepoint    ] Entering safepoint region: RevokeBias
[2019-12-09T02:31:01.412+0000][1][safepoint    ] Leaving safepoint region
[2019-12-09T02:31:01.412+0000][1][safepoint    ] Total time for which application threads were stopped: 0.0002234 seconds, Stopping threads took: 0.0000210 seconds
[2019-12-09T02:31:01.414+0000][1][safepoint    ] Application time: 0.0015874 seconds
[2019-12-09T02:31:01.414+0000][1][safepoint    ] Entering safepoint region: RevokeBias
[2019-12-09T02:31:01.414+0000][1][safepoint    ] Leaving safepoint region
[2019-12-09T02:31:01.414+0000][1][safepoint    ] Total time for which application threads were stopped: 0.0001504 seconds, Stopping threads took: 0.0000161 seconds
[2019-12-09T02:31:01.415+0000][1][safepoint    ] Application time: 0.0009043 seconds
[2019-12-09T02:31:01.415+0000][1][safepoint    ] Entering safepoint region: RevokeBias
[2019-12-09T02:31:01.415+0000][1][safepoint    ] Leaving safepoint region
[2019-12-09T02:31:01.415+0000][1][safepoint    ] Total time for which application threads were stopped: 0.0001259 seconds, Stopping threads took: 0.0000140 seconds
[2019-12-09T02:31:01.440+0000][1][safepoint    ] Application time: 0.0253254 seconds
[2019-12-09T02:31:01.440+0000][1][safepoint    ] Entering safepoint region: RevokeBias
[2019-12-09T02:31:01.441+0000][1][safepoint    ] Leaving safepoint region
[2019-12-09T02:31:01.441+0000][1][safepoint    ] Total time for which application threads were stopped: 0.0002496 seconds, Stopping threads took: 0.0000841 seconds
[2019-12-09T02:31:01.441+0000][1][safepoint    ] Application time: 0.0004058 seconds
[2019-12-09T02:31:01.441+0000][1][safepoint    ] Entering safepoint region: RevokeBias
[2019-12-09T02:31:01.441+0000][1][safepoint    ] Leaving safepoint region
[2019-12-09T02:31:01.441+0000][1][safepoint    ] Total time for which application threads were stopped: 0.0001926 seconds, Stopping threads took: 0.0000754 seconds
[2019-12-09T02:31:01.445+0000][1][safepoint    ] Application time: 0.0038209 seconds
[2019-12-09T02:31:01.445+0000][1][safepoint    ] Entering safepoint region: RevokeBias
[2019-12-09T02:31:01.445+0000][1][safepoint    ] Leaving safepoint region
[2019-12-09T02:31:01.445+0000][1][safepoint    ] Total time for which application threads were stopped: 0.0001394 seconds, Stopping threads took: 0.0000141 seconds
[2019-12-09T02:31:01.445+0000][1][safepoint    ] Application time: 0.0001221 seconds
[2019-12-09T02:31:01.445+0000][1][safepoint    ] Entering safepoint region: RevokeBias
[2019-12-09T02:31:01.445+0000][1][safepoint    ] Leaving safepoint region
[2019-12-09T02:31:01.445+0000][1][safepoint    ] Total time for which application threads were stopped: 0.0000611 seconds, Stopping threads took: 0.0000105 seconds
[2019-12-09T02:31:01.447+0000][1][safepoint    ] Application time: 0.0012793 seconds
[2019-12-09T02:31:01.447+0000][1][safepoint    ] Entering safepoint region: RevokeBias
[2019-12-09T02:31:01.447+0000][1][safepoint    ] Leaving safepoint region
[2019-12-09T02:31:01.447+0000][1][safepoint    ] Total time for which application threads were stopped: 0.0000858 seconds, Stopping threads took: 0.0000145 seconds
[2019-12-09T02:31:01.447+0000][1][safepoint    ] Application time: 0.0005765 seconds
[2019-12-09T02:31:01.447+0000][1][safepoint    ] Entering safepoint region: RevokeBias
[2019-12-09T02:31:01.448+0000][1][safepoint    ] Leaving safepoint region
[2019-12-09T02:31:01.448+0000][1][safepoint    ] Total time for which application threads were stopped: 0.0000842 seconds, Stopping threads took: 0.0000133 seconds
[2019-12-09T02:31:01.452+0000][1][safepoint    ] Application time: 0.0041518 seconds
[2019-12-09T02:31:01.452+0000][1][safepoint    ] Entering safepoint region: RevokeBias
[2019-12-09T02:31:01.452+0000][1][safepoint    ] Leaving safepoint region
[2019-12-09T02:31:01.452+0000][1][safepoint    ] Total time for which application threads were stopped: 0.0001096 seconds, Stopping threads took: 0.0000455 seconds
[2019-12-09T02:31:01.455+0000][1][safepoint    ] Application time: 0.0030167 seconds
[2019-12-09T02:31:01.455+0000][1][safepoint    ] Entering safepoint region: RevokeBias
[2019-12-09T02:31:01.455+0000][1][safepoint    ] Leaving safepoint region
[2019-12-09T02:31:01.455+0000][1][safepoint    ] Total time for which application threads were stopped: 0.0002105 seconds, Stopping threads took: 0.0001073 seconds
[2019-12-09T02:31:01.455+0000][1][safepoint    ] Application time: 0.0002186 seconds
[2019-12-09T02:31:01.455+0000][1][safepoint    ] Entering safepoint region: RevokeBias
[2019-12-09T02:31:01.455+0000][1][safepoint    ] Leaving safepoint region
[2019-12-09T02:31:01.455+0000][1][safepoint    ] Total time for which application threads were stopped: 0.0000891 seconds, Stopping threads took: 0.0000117 seconds
[2019-12-09T02:31:01.456+0000][1][safepoint    ] Application time: 0.0000611 seconds
[2019-12-09T02:31:01.456+0000][1][safepoint    ] Entering safepoint region: RevokeBias
[2019-12-09T02:31:01.456+0000][1][safepoint    ] Leaving safepoint region
[2019-12-09T02:31:01.456+0000][1][safepoint    ] Total time for which application threads were stopped: 0.0000711 seconds, Stopping threads took: 0.0000095 seconds
[2019-12-09T02:31:01.456+0000][1][safepoint    ] Application time: 0.0000546 seconds
[2019-12-09T02:31:01.456+0000][1][safepoint    ] Entering safepoint region: RevokeBias
[2019-12-09T02:31:01.456+0000][1][safepoint    ] Leaving safepoint region
[2019-12-09T02:31:01.456+0000][1][safepoint    ] Total time for which application threads were stopped: 0.0000992 seconds, Stopping threads took: 0.0000351 seconds
[2019-12-09T02:31:01.499+0000][1][safepoint    ] Application time: 0.0428640 seconds
[2019-12-09T02:31:01.499+0000][1][safepoint    ] Entering safepoint region: RevokeBias
[2019-12-09T02:31:01.499+0000][1][safepoint    ] Leaving safepoint region
[2019-12-09T02:31:01.499+0000][1][safepoint    ] Total time for which application threads were stopped: 0.0002125 seconds, Stopping threads took: 0.0000996 seconds
[2019-12-09T02:31:01.499+0000][1][safepoint    ] Application time: 0.0000770 seconds
[2019-12-09T02:31:01.499+0000][1][safepoint    ] Entering safepoint region: RevokeBias
[2019-12-09T02:31:01.499+0000][1][safepoint    ] Leaving safepoint region
[2019-12-09T02:31:01.499+0000][1][safepoint    ] Total time for which application threads were stopped: 0.0000657 seconds, Stopping threads took: 0.0000101 seconds
[2019-12-09T02:31:01.499+0000][1][safepoint    ] Application time: 0.0003795 seconds
[2019-12-09T02:31:01.499+0000][1][safepoint    ] Entering safepoint region: RevokeBias
[2019-12-09T02:31:01.500+0000][1][safepoint    ] Leaving safepoint region
[2019-12-09T02:31:01.500+0000][1][safepoint    ] Total time for which application threads were stopped: 0.0001106 seconds, Stopping threads took: 0.0000133 seconds
[2019-12-09T02:31:01.529+0000][1][safepoint    ] Application time: 0.0293550 seconds
[2019-12-09T02:31:01.530+0000][1][safepoint    ] Entering safepoint region: RevokeBias
[2019-12-09T02:31:01.530+0000][1][safepoint    ] Leaving safepoint region
[2019-12-09T02:31:01.530+0000][1][safepoint    ] Total time for which application threads were stopped: 0.0008233 seconds, Stopping threads took: 0.0006918 seconds
[2019-12-09T02:31:01.542+0000][1][safepoint    ] Application time: 0.0119793 seconds
[2019-12-09T02:31:01.550+0000][1][safepoint    ] Entering safepoint region: RevokeBias
[2019-12-09T02:31:01.550+0000][1][safepoint    ] Leaving safepoint region
[2019-12-09T02:31:01.550+0000][1][safepoint    ] Total time for which application threads were stopped: 0.0080683 seconds, Stopping threads took: 0.0079910 seconds
[2019-12-09T02:31:01.551+0000][1][safepoint    ] Application time: 0.0014249 seconds
[2019-12-09T02:31:01.551+0000][1][safepoint    ] Entering safepoint region: RevokeBias
[2019-12-09T02:31:01.551+0000][1][safepoint    ] Leaving safepoint region
[2019-12-09T02:31:01.551+0000][1][safepoint    ] Total time for which application threads were stopped: 0.0000847 seconds, Stopping threads took: 0.0000150 seconds
[2019-12-09T02:31:01.552+0000][1][safepoint    ] Application time: 0.0004276 seconds
[2019-12-09T02:31:01.552+0000][1][safepoint    ] Entering safepoint region: RevokeBias
[2019-12-09T02:31:01.552+0000][1][safepoint    ] Leaving safepoint region
[2019-12-09T02:31:01.552+0000][1][safepoint    ] Total time for which application threads were stopped: 0.0000756 seconds, Stopping threads took: 0.0000220 seconds
[2019-12-09T02:31:01.552+0000][1][safepoint    ] Application time: 0.0000572 seconds
[2019-12-09T02:31:01.552+0000][1][safepoint    ] Entering safepoint region: RevokeBias
[2019-12-09T02:31:01.552+0000][1][safepoint    ] Leaving safepoint region
[2019-12-09T02:31:01.552+0000][1][safepoint    ] Total time for which application threads were stopped: 0.0000410 seconds, Stopping threads took: 0.0000071 seconds
[2019-12-09T02:31:01.552+0000][1][safepoint    ] Application time: 0.0000481 seconds
[2019-12-09T02:31:01.552+0000][1][safepoint    ] Entering safepoint region: RevokeBias
[2019-12-09T02:31:01.552+0000][1][safepoint    ] Leaving safepoint region
[2019-12-09T02:31:01.552+0000][1][safepoint    ] Total time for which application threads were stopped: 0.0000407 seconds, Stopping threads took: 0.0000076 seconds
[2019-12-09T02:31:01.552+0000][1][safepoint    ] Application time: 0.0001000 seconds
[2019-12-09T02:31:01.552+0000][1][safepoint    ] Entering safepoint region: RevokeBias
[2019-12-09T02:31:01.552+0000][1][safepoint    ] Leaving safepoint region
[2019-12-09T02:31:01.552+0000][1][safepoint    ] Total time for which application threads were stopped: 0.0000419 seconds, Stopping threads took: 0.0000082 seconds
[2019-12-09T02:31:01.552+0000][1][safepoint    ] Application time: 0.0000483 seconds
[2019-12-09T02:31:01.552+0000][1][safepoint    ] Entering safepoint region: RevokeBias
[2019-12-09T02:31:01.552+0000][1][safepoint    ] Leaving safepoint region
[2019-12-09T02:31:01.552+0000][1][safepoint    ] Total time for which application threads were stopped: 0.0000403 seconds, Stopping threads took: 0.0000078 seconds
[2019-12-09T02:31:01.556+0000][1][safepoint    ] Application time: 0.0036019 seconds
[2019-12-09T02:31:01.556+0000][1][safepoint    ] Entering safepoint region: RevokeBias
[2019-12-09T02:31:01.556+0000][1][safepoint    ] Leaving safepoint region
[2019-12-09T02:31:01.556+0000][1][safepoint    ] Total time for which application threads were stopped: 0.0001182 seconds, Stopping threads took: 0.0000558 seconds
[2019-12-09T02:31:01.557+0000][1][safepoint    ] Application time: 0.0003902 seconds
[2019-12-09T02:31:01.557+0000][1][safepoint    ] Entering safepoint region: RevokeBias
[2019-12-09T02:31:01.557+0000][1][safepoint    ] Leaving safepoint region
[2019-12-09T02:31:01.557+0000][1][safepoint    ] Total time for which application threads were stopped: 0.0000608 seconds, Stopping threads took: 0.0000101 seconds
[2019-12-09T02:31:01.557+0000][1][safepoint    ] Application time: 0.0000978 seconds
[2019-12-09T02:31:01.557+0000][1][safepoint    ] Entering safepoint region: RevokeBias
[2019-12-09T02:31:01.557+0000][1][safepoint    ] Leaving safepoint region
[2019-12-09T02:31:01.557+0000][1][safepoint    ] Total time for which application threads were stopped: 0.0000512 seconds, Stopping threads took: 0.0000088 seconds
[2019-12-09T02:31:01.557+0000][1][safepoint    ] Application time: 0.0002096 seconds
[2019-12-09T02:31:01.557+0000][1][safepoint    ] Entering safepoint region: RevokeBias
[2019-12-09T02:31:01.557+0000][1][safepoint    ] Leaving safepoint region
[2019-12-09T02:31:01.557+0000][1][safepoint    ] Total time for which application threads were stopped: 0.0000586 seconds, Stopping threads took: 0.0000097 seconds
[2019-12-09T02:31:01.557+0000][1][safepoint    ] Application time: 0.0000781 seconds
[2019-12-09T02:31:01.557+0000][1][safepoint    ] Entering safepoint region: RevokeBias
[2019-12-09T02:31:01.557+0000][1][safepoint    ] Leaving safepoint region
[2019-12-09T02:31:01.557+0000][1][safepoint    ] Total time for which application threads were stopped: 0.0000488 seconds, Stopping threads took: 0.0000082 seconds
[2019-12-09T02:31:01.557+0000][1][safepoint    ] Application time: 0.0000717 seconds
[2019-12-09T02:31:01.557+0000][1][safepoint    ] Entering safepoint region: RevokeBias
[2019-12-09T02:31:01.557+0000][1][safepoint    ] Leaving safepoint region
[2019-12-09T02:31:01.557+0000][1][safepoint    ] Total time for which application threads were stopped: 0.0000449 seconds, Stopping threads took: 0.0000083 seconds
[2019-12-09T02:31:01.557+0000][1][safepoint    ] Application time: 0.0000830 seconds
[2019-12-09T02:31:01.557+0000][1][safepoint    ] Entering safepoint region: RevokeBias
[2019-12-09T02:31:01.558+0000][1][safepoint    ] Leaving safepoint region
[2019-12-09T02:31:01.558+0000][1][safepoint    ] Total time for which application threads were stopped: 0.0000457 seconds, Stopping threads took: 0.0000082 seconds
[2019-12-09T02:31:01.562+0000][1][safepoint    ] Application time: 0.0043131 seconds
[2019-12-09T02:31:01.563+0000][1][safepoint    ] Entering safepoint region: RevokeBias
[2019-12-09T02:31:01.563+0000][1][safepoint    ] Leaving safepoint region
[2019-12-09T02:31:01.563+0000][1][safepoint    ] Total time for which application threads were stopped: 0.0010417 seconds, Stopping threads took: 0.0009699 seconds
[2019-12-09T02:31:01.577+0000][1][safepoint    ] Application time: 0.0145343 seconds
[2019-12-09T02:31:01.577+0000][1][safepoint    ] Entering safepoint region: BulkRevokeBias
[2019-12-09T02:31:01.578+0000][1][safepoint    ] Leaving safepoint region
[2019-12-09T02:31:01.578+0000][1][safepoint    ] Total time for which application threads were stopped: 0.0004662 seconds, Stopping threads took: 0.0000141 seconds
[2019-12-09T02:31:01.584+0000][1][safepoint    ] Application time: 0.0059443 seconds
[2019-12-09T02:31:01.584+0000][1][safepoint    ] Entering safepoint region: RevokeBias
[2019-12-09T02:31:01.584+0000][1][safepoint    ] Leaving safepoint region
[2019-12-09T02:31:01.584+0000][1][safepoint    ] Total time for which application threads were stopped: 0.0000737 seconds, Stopping threads took: 0.0000146 seconds
[2019-12-09T02:31:01.585+0000][1][safepoint    ] Application time: 0.0014196 seconds
[2019-12-09T02:31:01.585+0000][1][safepoint    ] Entering safepoint region: BulkRevokeBias
[2019-12-09T02:31:01.586+0000][1][safepoint    ] Leaving safepoint region
[2019-12-09T02:31:01.586+0000][1][safepoint    ] Total time for which application threads were stopped: 0.0003208 seconds, Stopping threads took: 0.0000125 seconds
[2019-12-09T02:31:01.713+0000][1][safepoint    ] Application time: 0.1275445 seconds
[2019-12-09T02:31:01.713+0000][1][safepoint    ] Entering safepoint region: RevokeBias
[2019-12-09T02:31:01.713+0000][1][safepoint    ] Leaving safepoint region
[2019-12-09T02:31:01.713+0000][1][safepoint    ] Total time for which application threads were stopped: 0.0001242 seconds, Stopping threads took: 0.0000498 seconds
[2019-12-09T02:31:01.714+0000][1][safepoint    ] Application time: 0.0005504 seconds
[2019-12-09T02:31:01.714+0000][1][safepoint    ] Entering safepoint region: RevokeBias
[2019-12-09T02:31:01.714+0000][1][safepoint    ] Leaving safepoint region
[2019-12-09T02:31:01.714+0000][1][safepoint    ] Total time for which application threads were stopped: 0.0000662 seconds, Stopping threads took: 0.0000125 seconds
[2019-12-09T02:31:01.725+0000][1][safepoint    ] Application time: 0.0103936 seconds
[2019-12-09T02:31:01.725+0000][1][safepoint    ] Entering safepoint region: RevokeBias
[2019-12-09T02:31:01.725+0000][1][safepoint    ] Leaving safepoint region
[2019-12-09T02:31:01.725+0000][1][safepoint    ] Total time for which application threads were stopped: 0.0000792 seconds, Stopping threads took: 0.0000145 seconds
[2019-12-09T02:31:01.737+0000][1][safepoint    ] Application time: 0.0122623 seconds
[2019-12-09T02:31:01.737+0000][1][safepoint    ] Entering safepoint region: RevokeBias
[2019-12-09T02:31:01.737+0000][1][safepoint    ] Leaving safepoint region
[2019-12-09T02:31:01.737+0000][1][safepoint    ] Total time for which application threads were stopped: 0.0000618 seconds, Stopping threads took: 0.0000125 seconds
[2019-12-09T02:31:01.746+0000][1][safepoint    ] Application time: 0.0089373 seconds
[2019-12-09T02:31:01.746+0000][1][safepoint    ] Entering safepoint region: RevokeBias
[2019-12-09T02:31:01.746+0000][1][safepoint    ] Leaving safepoint region
[2019-12-09T02:31:01.746+0000][1][safepoint    ] Total time for which application threads were stopped: 0.0000630 seconds, Stopping threads took: 0.0000212 seconds
[2019-12-09T02:31:01.747+0000][1][safepoint    ] Application time: 0.0014046 seconds
[2019-12-09T02:31:01.747+0000][1][safepoint    ] Entering safepoint region: RevokeBias
[2019-12-09T02:31:01.748+0000][1][safepoint    ] Leaving safepoint region
[2019-12-09T02:31:01.748+0000][1][safepoint    ] Total time for which application threads were stopped: 0.0000599 seconds, Stopping threads took: 0.0000116 seconds
[2019-12-09T02:31:01.834+0000][1][gc,heap,exit ] Heap
[2019-12-09T02:31:01.834+0000][1][gc,heap,exit ]  par new generation   total 78656K, used 74478K [0x00000000f0000000, 0x00000000f5550000, 0x00000000f5550000)
[2019-12-09T02:31:01.834+0000][1][gc,heap,exit ]   eden space 69952K,  98% used [0x00000000f0000000, 0x00000000f436e1a8, 0x00000000f4450000)
[2019-12-09T02:31:01.834+0000][1][gc,heap,exit ]   from space 8704K,  62% used [0x00000000f4cd0000, 0x00000000f521da10, 0x00000000f5550000)
[2019-12-09T02:31:01.834+0000][1][gc,heap,exit ]   to   space 8704K,   0% used [0x00000000f4450000, 0x00000000f4450000, 0x00000000f4cd0000)
[2019-12-09T02:31:01.834+0000][1][gc,heap,exit ]  concurrent mark-sweep generation total 174784K, used 68245K [0x00000000f5550000, 0x0000000100000000, 0x0000000100000000)
[2019-12-09T02:31:01.834+0000][1][gc,heap,exit ]  Metaspace       used 69102K, capacity 74230K, committed 74532K, reserved 1112064K
[2019-12-09T02:31:01.834+0000][1][gc,heap,exit ]   class space    used 9348K, capacity 11558K, committed 11668K, reserved 1048576K
[2019-12-09T02:31:01.840+0000][1][safepoint    ] Application time: 0.0925946 seconds
[2019-12-09T02:31:01.840+0000][1][safepoint    ] Entering safepoint region: Exit
