[2019-12-09T02:31:56.721+0000][1][gc] Using Concurrent Mark Sweep
[2019-12-09T02:31:56.721+0000][1][gc,heap,coops] Heap address: 0x00000000f0000000, size: 256 MB, Compressed Oops mode: 32-bit
[2019-12-09T02:31:56.925+0000][1][safepoint    ] Entering safepoint region: EnableBiasedLocking
[2019-12-09T02:31:56.925+0000][1][safepoint    ] Leaving safepoint region
[2019-12-09T02:31:56.925+0000][1][safepoint    ] Total time for which application threads were stopped: 0.0072985 seconds, Stopping threads took: 0.0072205 seconds
[2019-12-09T02:31:56.943+0000][1][safepoint    ] Application time: 0.0178861 seconds
[2019-12-09T02:31:56.943+0000][1][safepoint    ] Entering safepoint region: RevokeBias
[2019-12-09T02:31:56.944+0000][1][safepoint    ] Leaving safepoint region
[2019-12-09T02:31:56.944+0000][1][safepoint    ] Total time for which application threads were stopped: 0.0001063 seconds, Stopping threads took: 0.0000394 seconds
[2019-12-09T02:31:57.040+0000][1][safepoint    ] Application time: 0.0961427 seconds
[2019-12-09T02:31:57.040+0000][1][safepoint    ] Entering safepoint region: Deoptimize
[2019-12-09T02:31:57.040+0000][1][safepoint    ] Leaving safepoint region
[2019-12-09T02:31:57.040+0000][1][safepoint    ] Total time for which application threads were stopped: 0.0000693 seconds, Stopping threads took: 0.0000107 seconds
[2019-12-09T02:31:57.948+0000][1][safepoint    ] Application time: 0.9079668 seconds
[2019-12-09T02:31:57.948+0000][1][safepoint    ] Entering safepoint region: Deoptimize
[2019-12-09T02:31:57.948+0000][1][safepoint    ] Leaving safepoint region
[2019-12-09T02:31:57.948+0000][1][safepoint    ] Total time for which application threads were stopped: 0.0000991 seconds, Stopping threads took: 0.0000104 seconds
[2019-12-09T02:31:58.955+0000][1][safepoint    ] Application time: 1.0068031 seconds
[2019-12-09T02:31:58.955+0000][1][safepoint    ] Entering safepoint region: Cleanup
[2019-12-09T02:31:58.955+0000][1][safepoint    ] Leaving safepoint region
[2019-12-09T02:31:58.955+0000][1][safepoint    ] Total time for which application threads were stopped: 0.0001613 seconds, Stopping threads took: 0.0000923 seconds
[2019-12-09T02:31:59.959+0000][1][safepoint    ] Application time: 1.0038597 seconds
[2019-12-09T02:31:59.997+0000][1][safepoint    ] Entering safepoint region: Cleanup
[2019-12-09T02:31:59.997+0000][1][safepoint    ] Leaving safepoint region
[2019-12-09T02:31:59.997+0000][1][safepoint    ] Total time for which application threads were stopped: 0.0380990 seconds, Stopping threads took: 0.0380410 seconds
[2019-12-09T02:32:00.787+0000][1][safepoint    ] Application time: 0.7903881 seconds
[2019-12-09T02:32:00.787+0000][1][safepoint    ] Entering safepoint region: Deoptimize
[2019-12-09T02:32:00.787+0000][1][safepoint    ] Leaving safepoint region
[2019-12-09T02:32:00.788+0000][1][safepoint    ] Total time for which application threads were stopped: 0.0001693 seconds, Stopping threads took: 0.0000199 seconds
[2019-12-09T02:32:01.326+0000][1][safepoint    ] Application time: 0.5380161 seconds
[2019-12-09T02:32:01.326+0000][1][safepoint    ] Entering safepoint region: Deoptimize
[2019-12-09T02:32:01.326+0000][1][safepoint    ] Leaving safepoint region
[2019-12-09T02:32:01.326+0000][1][safepoint    ] Total time for which application threads were stopped: 0.0001889 seconds, Stopping threads took: 0.0000117 seconds
[2019-12-09T02:32:01.515+0000][1][safepoint    ] Application time: 0.1895737 seconds
[2019-12-09T02:32:01.515+0000][1][safepoint    ] Entering safepoint region: Deoptimize
[2019-12-09T02:32:01.516+0000][1][safepoint    ] Leaving safepoint region
[2019-12-09T02:32:01.516+0000][1][safepoint    ] Total time for which application threads were stopped: 0.0001602 seconds, Stopping threads took: 0.0000114 seconds
[2019-12-09T02:32:02.517+0000][1][safepoint    ] Application time: 1.0011741 seconds
[2019-12-09T02:32:02.526+0000][1][safepoint    ] Entering safepoint region: Cleanup
[2019-12-09T02:32:02.526+0000][1][safepoint    ] Leaving safepoint region
[2019-12-09T02:32:02.526+0000][1][safepoint    ] Total time for which application threads were stopped: 0.0090827 seconds, Stopping threads took: 0.0090364 seconds
[2019-12-09T02:32:03.533+0000][1][safepoint    ] Application time: 1.0068522 seconds
[2019-12-09T02:32:03.551+0000][1][safepoint    ] Entering safepoint region: Cleanup
[2019-12-09T02:32:03.551+0000][1][safepoint    ] Leaving safepoint region
[2019-12-09T02:32:03.551+0000][1][safepoint    ] Total time for which application threads were stopped: 0.0182079 seconds, Stopping threads took: 0.0181291 seconds
[2019-12-09T02:32:04.553+0000][1][safepoint    ] Application time: 1.0019922 seconds
[2019-12-09T02:32:04.553+0000][1][safepoint    ] Entering safepoint region: Cleanup
[2019-12-09T02:32:04.553+0000][1][safepoint    ] Leaving safepoint region
[2019-12-09T02:32:04.553+0000][1][safepoint    ] Total time for which application threads were stopped: 0.0000548 seconds, Stopping threads took: 0.0000134 seconds
[2019-12-09T02:32:04.740+0000][1][safepoint    ] Application time: 0.1868070 seconds
[2019-12-09T02:32:04.740+0000][1][safepoint    ] Entering safepoint region: Deoptimize
[2019-12-09T02:32:04.740+0000][1][safepoint    ] Leaving safepoint region
[2019-12-09T02:32:04.740+0000][1][safepoint    ] Total time for which application threads were stopped: 0.0002040 seconds, Stopping threads took: 0.0000124 seconds
[2019-12-09T02:32:05.747+0000][1][safepoint    ] Application time: 1.0066135 seconds
[2019-12-09T02:32:05.747+0000][1][safepoint    ] Entering safepoint region: Cleanup
[2019-12-09T02:32:05.747+0000][1][safepoint    ] Leaving safepoint region
[2019-12-09T02:32:05.747+0000][1][safepoint    ] Total time for which application threads were stopped: 0.0000474 seconds, Stopping threads took: 0.0000121 seconds
[2019-12-09T02:32:06.749+0000][1][safepoint    ] Application time: 1.0018775 seconds
[2019-12-09T02:32:06.749+0000][1][safepoint    ] Entering safepoint region: Cleanup
[2019-12-09T02:32:06.749+0000][1][safepoint    ] Leaving safepoint region
[2019-12-09T02:32:06.749+0000][1][safepoint    ] Total time for which application threads were stopped: 0.0000679 seconds, Stopping threads took: 0.0000153 seconds
[2019-12-09T02:32:07.756+0000][1][safepoint    ] Application time: 1.0068880 seconds
[2019-12-09T02:32:07.756+0000][1][safepoint    ] Entering safepoint region: Cleanup
[2019-12-09T02:32:07.756+0000][1][safepoint    ] Leaving safepoint region
[2019-12-09T02:32:07.756+0000][1][safepoint    ] Total time for which application threads were stopped: 0.0002966 seconds, Stopping threads took: 0.0002081 seconds
[2019-12-09T02:32:08.017+0000][1][safepoint    ] Application time: 0.2612845 seconds
[2019-12-09T02:32:08.017+0000][1][safepoint    ] Entering safepoint region: Deoptimize
[2019-12-09T02:32:08.018+0000][1][safepoint    ] Leaving safepoint region
[2019-12-09T02:32:08.018+0000][1][safepoint    ] Total time for which application threads were stopped: 0.0002285 seconds, Stopping threads took: 0.0000111 seconds
[2019-12-09T02:32:09.020+0000][1][safepoint    ] Application time: 1.0021103 seconds
[2019-12-09T02:32:09.020+0000][1][safepoint    ] Entering safepoint region: Cleanup
[2019-12-09T02:32:09.020+0000][1][safepoint    ] Leaving safepoint region
[2019-12-09T02:32:09.020+0000][1][safepoint    ] Total time for which application threads were stopped: 0.0002425 seconds, Stopping threads took: 0.0001826 seconds
[2019-12-09T02:32:09.138+0000][1][safepoint    ] Application time: 0.1177759 seconds
[2019-12-09T02:32:09.138+0000][1][safepoint    ] Entering safepoint region: Deoptimize
[2019-12-09T02:32:09.138+0000][1][safepoint    ] Leaving safepoint region
[2019-12-09T02:32:09.138+0000][1][safepoint    ] Total time for which application threads were stopped: 0.0002459 seconds, Stopping threads took: 0.0000112 seconds
[2019-12-09T02:32:09.162+0000][1][safepoint    ] Application time: 0.0236458 seconds
[2019-12-09T02:32:09.162+0000][1][safepoint    ] Entering safepoint region: Deoptimize
[2019-12-09T02:32:09.162+0000][1][safepoint    ] Leaving safepoint region
[2019-12-09T02:32:09.162+0000][1][safepoint    ] Total time for which application threads were stopped: 0.0002506 seconds, Stopping threads took: 0.0000112 seconds
[2019-12-09T02:32:09.393+0000][1][safepoint    ] Application time: 0.2314889 seconds
[2019-12-09T02:32:09.394+0000][1][safepoint    ] Entering safepoint region: Deoptimize
[2019-12-09T02:32:09.394+0000][1][safepoint    ] Leaving safepoint region
[2019-12-09T02:32:09.394+0000][1][safepoint    ] Total time for which application threads were stopped: 0.0003037 seconds, Stopping threads took: 0.0000129 seconds
[2019-12-09T02:32:09.425+0000][1][safepoint    ] Application time: 0.0308758 seconds
[2019-12-09T02:32:09.442+0000][1][safepoint    ] Entering safepoint region: RevokeBias
[2019-12-09T02:32:09.442+0000][1][safepoint    ] Leaving safepoint region
[2019-12-09T02:32:09.442+0000][1][safepoint    ] Total time for which application threads were stopped: 0.0172724 seconds, Stopping threads took: 0.0172126 seconds
[2019-12-09T02:32:09.451+0000][1][safepoint    ] Application time: 0.0087153 seconds
[2019-12-09T02:32:09.451+0000][1][safepoint    ] Entering safepoint region: RevokeBias
[2019-12-09T02:32:09.451+0000][1][safepoint    ] Leaving safepoint region
[2019-12-09T02:32:09.451+0000][1][safepoint    ] Total time for which application threads were stopped: 0.0000751 seconds, Stopping threads took: 0.0000123 seconds
[2019-12-09T02:32:09.451+0000][1][safepoint    ] Application time: 0.0000894 seconds
[2019-12-09T02:32:09.451+0000][1][safepoint    ] Entering safepoint region: RevokeBias
[2019-12-09T02:32:09.451+0000][1][safepoint    ] Leaving safepoint region
[2019-12-09T02:32:09.451+0000][1][safepoint    ] Total time for which application threads were stopped: 0.0000434 seconds, Stopping threads took: 0.0000082 seconds
[2019-12-09T02:32:09.451+0000][1][safepoint    ] Application time: 0.0001488 seconds
[2019-12-09T02:32:09.451+0000][1][safepoint    ] Entering safepoint region: RevokeBias
[2019-12-09T02:32:09.451+0000][1][safepoint    ] Leaving safepoint region
[2019-12-09T02:32:09.451+0000][1][safepoint    ] Total time for which application threads were stopped: 0.0000435 seconds, Stopping threads took: 0.0000084 seconds
[2019-12-09T02:32:10.455+0000][1][safepoint    ] Application time: 1.0035136 seconds
[2019-12-09T02:32:10.455+0000][1][safepoint    ] Entering safepoint region: Cleanup
[2019-12-09T02:32:10.455+0000][1][safepoint    ] Leaving safepoint region
[2019-12-09T02:32:10.455+0000][1][safepoint    ] Total time for which application threads were stopped: 0.0000646 seconds, Stopping threads took: 0.0000150 seconds
[2019-12-09T02:32:10.742+0000][1][safepoint    ] Application time: 0.2873744 seconds
[2019-12-09T02:32:10.742+0000][1][safepoint    ] Entering safepoint region: RevokeBias
[2019-12-09T02:32:10.742+0000][1][safepoint    ] Leaving safepoint region
[2019-12-09T02:32:10.742+0000][1][safepoint    ] Total time for which application threads were stopped: 0.0000741 seconds, Stopping threads took: 0.0000139 seconds
[2019-12-09T02:32:11.044+0000][1][safepoint    ] Application time: 0.3012619 seconds
[2019-12-09T02:32:11.044+0000][1][safepoint    ] Entering safepoint region: GenCollectForAllocation
[2019-12-09T02:32:11.044+0000][1][gc,start     ] GC(0) Pause Young (Allocation Failure)
[2019-12-09T02:32:11.047+0000][1][gc,task      ] GC(0) Using 2 workers of 2 for evacuation
[2019-12-09T02:32:11.163+0000][1][gc,age       ] GC(0) Desired survivor size 4456448 bytes, new threshold 1 (max threshold 6)
[2019-12-09T02:32:11.163+0000][1][gc,age       ] GC(0) Age table with threshold 1 (max threshold 6)
[2019-12-09T02:32:11.163+0000][1][gc,age       ] GC(0) - age   1:    6495328 bytes,    6495328 total
[2019-12-09T02:32:11.163+0000][1][gc,heap      ] GC(0) ParNew: 69952K->6390K(78656K)
[2019-12-09T02:32:11.163+0000][1][gc,heap      ] GC(0) CMS: 0K->0K(174784K)
[2019-12-09T02:32:11.163+0000][1][gc,metaspace ] GC(0) Metaspace: 12837K->12837K(1060864K)
[2019-12-09T02:32:11.163+0000][1][gc           ] GC(0) Pause Young (Allocation Failure) 68M->6M(247M) 119.355ms
[2019-12-09T02:32:11.163+0000][1][gc,cpu       ] GC(0) User=0.03s Sys=0.01s Real=0.12s
[2019-12-09T02:32:11.163+0000][1][safepoint    ] Leaving safepoint region
[2019-12-09T02:32:11.163+0000][1][safepoint    ] Total time for which application threads were stopped: 0.1195138 seconds, Stopping threads took: 0.0000129 seconds
[2019-12-09T02:32:11.169+0000][1][safepoint    ] Application time: 0.0061136 seconds
[2019-12-09T02:32:11.188+0000][1][safepoint    ] Entering safepoint region: RevokeBias
[2019-12-09T02:32:11.188+0000][1][safepoint    ] Leaving safepoint region
[2019-12-09T02:32:11.188+0000][1][safepoint    ] Total time for which application threads were stopped: 0.0187426 seconds, Stopping threads took: 0.0186536 seconds
[2019-12-09T02:32:11.188+0000][1][safepoint    ] Application time: 0.0000704 seconds
[2019-12-09T02:32:11.188+0000][1][safepoint    ] Entering safepoint region: RevokeBias
[2019-12-09T02:32:11.188+0000][1][safepoint    ] Leaving safepoint region
[2019-12-09T02:32:11.188+0000][1][safepoint    ] Total time for which application threads were stopped: 0.0000417 seconds, Stopping threads took: 0.0000088 seconds
[2019-12-09T02:32:11.188+0000][1][safepoint    ] Application time: 0.0000773 seconds
[2019-12-09T02:32:11.188+0000][1][safepoint    ] Entering safepoint region: RevokeBias
[2019-12-09T02:32:11.188+0000][1][safepoint    ] Leaving safepoint region
[2019-12-09T02:32:11.188+0000][1][safepoint    ] Total time for which application threads were stopped: 0.0000360 seconds, Stopping threads took: 0.0000069 seconds
[2019-12-09T02:32:11.188+0000][1][safepoint    ] Application time: 0.0000451 seconds
[2019-12-09T02:32:11.188+0000][1][safepoint    ] Entering safepoint region: RevokeBias
[2019-12-09T02:32:11.188+0000][1][safepoint    ] Leaving safepoint region
[2019-12-09T02:32:11.188+0000][1][safepoint    ] Total time for which application threads were stopped: 0.0000309 seconds, Stopping threads took: 0.0000069 seconds
[2019-12-09T02:32:11.188+0000][1][safepoint    ] Application time: 0.0000493 seconds
[2019-12-09T02:32:11.188+0000][1][safepoint    ] Entering safepoint region: RevokeBias
[2019-12-09T02:32:11.188+0000][1][safepoint    ] Leaving safepoint region
[2019-12-09T02:32:11.188+0000][1][safepoint    ] Total time for which application threads were stopped: 0.0000345 seconds, Stopping threads took: 0.0000072 seconds
[2019-12-09T02:32:11.189+0000][1][safepoint    ] Application time: 0.0000443 seconds
[2019-12-09T02:32:11.189+0000][1][safepoint    ] Entering safepoint region: RevokeBias
[2019-12-09T02:32:11.189+0000][1][safepoint    ] Leaving safepoint region
[2019-12-09T02:32:11.189+0000][1][safepoint    ] Total time for which application threads were stopped: 0.0000318 seconds, Stopping threads took: 0.0000071 seconds
[2019-12-09T02:32:11.189+0000][1][safepoint    ] Application time: 0.0000475 seconds
[2019-12-09T02:32:11.189+0000][1][safepoint    ] Entering safepoint region: RevokeBias
[2019-12-09T02:32:11.189+0000][1][safepoint    ] Leaving safepoint region
[2019-12-09T02:32:11.189+0000][1][safepoint    ] Total time for which application threads were stopped: 0.0000329 seconds, Stopping threads took: 0.0000072 seconds
[2019-12-09T02:32:11.189+0000][1][safepoint    ] Application time: 0.0000613 seconds
[2019-12-09T02:32:11.189+0000][1][safepoint    ] Entering safepoint region: RevokeBias
[2019-12-09T02:32:11.189+0000][1][safepoint    ] Leaving safepoint region
[2019-12-09T02:32:11.189+0000][1][safepoint    ] Total time for which application threads were stopped: 0.0000348 seconds, Stopping threads took: 0.0000071 seconds
[2019-12-09T02:32:11.189+0000][1][safepoint    ] Application time: 0.0000544 seconds
[2019-12-09T02:32:11.189+0000][1][safepoint    ] Entering safepoint region: RevokeBias
[2019-12-09T02:32:11.189+0000][1][safepoint    ] Leaving safepoint region
[2019-12-09T02:32:11.189+0000][1][safepoint    ] Total time for which application threads were stopped: 0.0000334 seconds, Stopping threads took: 0.0000070 seconds
[2019-12-09T02:32:11.189+0000][1][safepoint    ] Application time: 0.0000457 seconds
[2019-12-09T02:32:11.189+0000][1][safepoint    ] Entering safepoint region: RevokeBias
[2019-12-09T02:32:11.189+0000][1][safepoint    ] Leaving safepoint region
[2019-12-09T02:32:11.189+0000][1][safepoint    ] Total time for which application threads were stopped: 0.0000411 seconds, Stopping threads took: 0.0000155 seconds
[2019-12-09T02:32:11.189+0000][1][safepoint    ] Application time: 0.0000494 seconds
[2019-12-09T02:32:11.189+0000][1][safepoint    ] Entering safepoint region: RevokeBias
[2019-12-09T02:32:11.189+0000][1][safepoint    ] Leaving safepoint region
[2019-12-09T02:32:11.189+0000][1][safepoint    ] Total time for which application threads were stopped: 0.0000324 seconds, Stopping threads took: 0.0000070 seconds
[2019-12-09T02:32:11.189+0000][1][safepoint    ] Application time: 0.0000449 seconds
[2019-12-09T02:32:11.189+0000][1][safepoint    ] Entering safepoint region: RevokeBias
[2019-12-09T02:32:11.189+0000][1][safepoint    ] Leaving safepoint region
[2019-12-09T02:32:11.189+0000][1][safepoint    ] Total time for which application threads were stopped: 0.0000317 seconds, Stopping threads took: 0.0000071 seconds
[2019-12-09T02:32:11.189+0000][1][safepoint    ] Application time: 0.0000502 seconds
[2019-12-09T02:32:11.189+0000][1][safepoint    ] Entering safepoint region: RevokeBias
[2019-12-09T02:32:11.189+0000][1][safepoint    ] Leaving safepoint region
[2019-12-09T02:32:11.189+0000][1][safepoint    ] Total time for which application threads were stopped: 0.0000330 seconds, Stopping threads took: 0.0000072 seconds
[2019-12-09T02:32:11.189+0000][1][safepoint    ] Application time: 0.0000443 seconds
[2019-12-09T02:32:11.189+0000][1][safepoint    ] Entering safepoint region: RevokeBias
[2019-12-09T02:32:11.189+0000][1][safepoint    ] Leaving safepoint region
[2019-12-09T02:32:11.189+0000][1][safepoint    ] Total time for which application threads were stopped: 0.0000315 seconds, Stopping threads took: 0.0000070 seconds
[2019-12-09T02:32:11.189+0000][1][safepoint    ] Application time: 0.0000484 seconds
[2019-12-09T02:32:11.189+0000][1][safepoint    ] Entering safepoint region: RevokeBias
[2019-12-09T02:32:11.189+0000][1][safepoint    ] Leaving safepoint region
[2019-12-09T02:32:11.189+0000][1][safepoint    ] Total time for which application threads were stopped: 0.0000321 seconds, Stopping threads took: 0.0000069 seconds
[2019-12-09T02:32:11.190+0000][1][safepoint    ] Application time: 0.0000452 seconds
[2019-12-09T02:32:11.190+0000][1][safepoint    ] Entering safepoint region: RevokeBias
[2019-12-09T02:32:11.190+0000][1][safepoint    ] Leaving safepoint region
[2019-12-09T02:32:11.190+0000][1][safepoint    ] Total time for which application threads were stopped: 0.0000320 seconds, Stopping threads took: 0.0000070 seconds
[2019-12-09T02:32:11.190+0000][1][safepoint    ] Application time: 0.0000522 seconds
[2019-12-09T02:32:11.190+0000][1][safepoint    ] Entering safepoint region: RevokeBias
[2019-12-09T02:32:11.190+0000][1][safepoint    ] Leaving safepoint region
[2019-12-09T02:32:11.190+0000][1][safepoint    ] Total time for which application threads were stopped: 0.0000330 seconds, Stopping threads took: 0.0000072 seconds
[2019-12-09T02:32:11.190+0000][1][safepoint    ] Application time: 0.0000577 seconds
[2019-12-09T02:32:11.190+0000][1][safepoint    ] Entering safepoint region: RevokeBias
[2019-12-09T02:32:11.190+0000][1][safepoint    ] Leaving safepoint region
[2019-12-09T02:32:11.190+0000][1][safepoint    ] Total time for which application threads were stopped: 0.0000329 seconds, Stopping threads took: 0.0000073 seconds
[2019-12-09T02:32:11.190+0000][1][safepoint    ] Application time: 0.0000737 seconds
[2019-12-09T02:32:11.190+0000][1][safepoint    ] Entering safepoint region: RevokeBias
[2019-12-09T02:32:11.190+0000][1][safepoint    ] Leaving safepoint region
[2019-12-09T02:32:11.190+0000][1][safepoint    ] Total time for which application threads were stopped: 0.0000338 seconds, Stopping threads took: 0.0000070 seconds
[2019-12-09T02:32:11.190+0000][1][safepoint    ] Application time: 0.0000453 seconds
[2019-12-09T02:32:11.190+0000][1][safepoint    ] Entering safepoint region: RevokeBias
[2019-12-09T02:32:11.190+0000][1][safepoint    ] Leaving safepoint region
[2019-12-09T02:32:11.190+0000][1][safepoint    ] Total time for which application threads were stopped: 0.0000385 seconds, Stopping threads took: 0.0000126 seconds
[2019-12-09T02:32:11.190+0000][1][safepoint    ] Application time: 0.0000495 seconds
[2019-12-09T02:32:11.190+0000][1][safepoint    ] Entering safepoint region: RevokeBias
[2019-12-09T02:32:11.190+0000][1][safepoint    ] Leaving safepoint region
[2019-12-09T02:32:11.190+0000][1][safepoint    ] Total time for which application threads were stopped: 0.0000332 seconds, Stopping threads took: 0.0000072 seconds
[2019-12-09T02:32:11.190+0000][1][safepoint    ] Application time: 0.0000433 seconds
[2019-12-09T02:32:11.190+0000][1][safepoint    ] Entering safepoint region: RevokeBias
[2019-12-09T02:32:11.190+0000][1][safepoint    ] Leaving safepoint region
[2019-12-09T02:32:11.190+0000][1][safepoint    ] Total time for which application threads were stopped: 0.0000327 seconds, Stopping threads took: 0.0000069 seconds
[2019-12-09T02:32:11.190+0000][1][safepoint    ] Application time: 0.0000493 seconds
[2019-12-09T02:32:11.190+0000][1][safepoint    ] Entering safepoint region: RevokeBias
[2019-12-09T02:32:11.190+0000][1][safepoint    ] Leaving safepoint region
[2019-12-09T02:32:11.190+0000][1][safepoint    ] Total time for which application threads were stopped: 0.0000336 seconds, Stopping threads took: 0.0000073 seconds
[2019-12-09T02:32:11.190+0000][1][safepoint    ] Application time: 0.0000445 seconds
[2019-12-09T02:32:11.190+0000][1][safepoint    ] Entering safepoint region: RevokeBias
[2019-12-09T02:32:11.190+0000][1][safepoint    ] Leaving safepoint region
[2019-12-09T02:32:11.190+0000][1][safepoint    ] Total time for which application threads were stopped: 0.0000314 seconds, Stopping threads took: 0.0000064 seconds
[2019-12-09T02:32:11.190+0000][1][safepoint    ] Application time: 0.0000673 seconds
[2019-12-09T02:32:11.190+0000][1][safepoint    ] Entering safepoint region: RevokeBias
[2019-12-09T02:32:11.190+0000][1][safepoint    ] Leaving safepoint region
[2019-12-09T02:32:11.190+0000][1][safepoint    ] Total time for which application threads were stopped: 0.0000327 seconds, Stopping threads took: 0.0000070 seconds
[2019-12-09T02:32:11.191+0000][1][safepoint    ] Application time: 0.0000443 seconds
[2019-12-09T02:32:11.191+0000][1][safepoint    ] Entering safepoint region: RevokeBias
[2019-12-09T02:32:11.191+0000][1][safepoint    ] Leaving safepoint region
[2019-12-09T02:32:11.191+0000][1][safepoint    ] Total time for which application threads were stopped: 0.0000316 seconds, Stopping threads took: 0.0000069 seconds
[2019-12-09T02:32:11.191+0000][1][safepoint    ] Application time: 0.0003538 seconds
[2019-12-09T02:32:11.191+0000][1][safepoint    ] Entering safepoint region: RevokeBias
[2019-12-09T02:32:11.191+0000][1][safepoint    ] Leaving safepoint region
[2019-12-09T02:32:11.191+0000][1][safepoint    ] Total time for which application threads were stopped: 0.0000573 seconds, Stopping threads took: 0.0000100 seconds
[2019-12-09T02:32:11.191+0000][1][safepoint    ] Application time: 0.0000553 seconds
[2019-12-09T02:32:11.191+0000][1][safepoint    ] Entering safepoint region: RevokeBias
[2019-12-09T02:32:11.191+0000][1][safepoint    ] Leaving safepoint region
[2019-12-09T02:32:11.191+0000][1][safepoint    ] Total time for which application threads were stopped: 0.0000380 seconds, Stopping threads took: 0.0000082 seconds
[2019-12-09T02:32:11.191+0000][1][safepoint    ] Application time: 0.0000672 seconds
[2019-12-09T02:32:11.191+0000][1][safepoint    ] Entering safepoint region: RevokeBias
[2019-12-09T02:32:11.191+0000][1][safepoint    ] Leaving safepoint region
[2019-12-09T02:32:11.191+0000][1][safepoint    ] Total time for which application threads were stopped: 0.0000370 seconds, Stopping threads took: 0.0000078 seconds
[2019-12-09T02:32:11.191+0000][1][safepoint    ] Application time: 0.0000501 seconds
[2019-12-09T02:32:11.191+0000][1][safepoint    ] Entering safepoint region: RevokeBias
[2019-12-09T02:32:11.191+0000][1][safepoint    ] Leaving safepoint region
[2019-12-09T02:32:11.191+0000][1][safepoint    ] Total time for which application threads were stopped: 0.0000426 seconds, Stopping threads took: 0.0000146 seconds
[2019-12-09T02:32:11.195+0000][1][safepoint    ] Application time: 0.0034864 seconds
[2019-12-09T02:32:11.206+0000][1][safepoint    ] Entering safepoint region: RevokeBias
[2019-12-09T02:32:11.206+0000][1][safepoint    ] Leaving safepoint region
[2019-12-09T02:32:11.206+0000][1][safepoint    ] Total time for which application threads were stopped: 0.0111682 seconds, Stopping threads took: 0.0111139 seconds
[2019-12-09T02:32:12.233+0000][1][safepoint    ] Application time: 1.0265638 seconds
[2019-12-09T02:32:12.233+0000][1][safepoint    ] Entering safepoint region: RevokeBias
[2019-12-09T02:32:12.233+0000][1][safepoint    ] Leaving safepoint region
[2019-12-09T02:32:12.233+0000][1][safepoint    ] Total time for which application threads were stopped: 0.0001405 seconds, Stopping threads took: 0.0000115 seconds
[2019-12-09T02:32:12.634+0000][1][safepoint    ] Application time: 0.4010276 seconds
[2019-12-09T02:32:12.634+0000][1][safepoint    ] Entering safepoint region: Deoptimize
[2019-12-09T02:32:12.634+0000][1][safepoint    ] Leaving safepoint region
[2019-12-09T02:32:12.634+0000][1][safepoint    ] Total time for which application threads were stopped: 0.0004489 seconds, Stopping threads took: 0.0000138 seconds
[2019-12-09T02:32:13.641+0000][1][safepoint    ] Application time: 1.0064147 seconds
[2019-12-09T02:32:13.641+0000][1][safepoint    ] Entering safepoint region: Cleanup
[2019-12-09T02:32:13.641+0000][1][safepoint    ] Leaving safepoint region
[2019-12-09T02:32:13.641+0000][1][safepoint    ] Total time for which application threads were stopped: 0.0001886 seconds, Stopping threads took: 0.0001119 seconds
[2019-12-09T02:32:13.684+0000][1][safepoint    ] Application time: 0.0434745 seconds
[2019-12-09T02:32:13.684+0000][1][safepoint    ] Entering safepoint region: RevokeBias
[2019-12-09T02:32:13.685+0000][1][safepoint    ] Leaving safepoint region
[2019-12-09T02:32:13.685+0000][1][safepoint    ] Total time for which application threads were stopped: 0.0000693 seconds, Stopping threads took: 0.0000133 seconds
[2019-12-09T02:32:14.696+0000][1][safepoint    ] Application time: 1.0112302 seconds
[2019-12-09T02:32:14.731+0000][1][safepoint    ] Entering safepoint region: Cleanup
[2019-12-09T02:32:14.731+0000][1][safepoint    ] Leaving safepoint region
[2019-12-09T02:32:14.731+0000][1][safepoint    ] Total time for which application threads were stopped: 0.0351218 seconds, Stopping threads took: 0.0350498 seconds
[2019-12-09T02:32:14.855+0000][1][safepoint    ] Application time: 0.1245094 seconds
[2019-12-09T02:32:14.855+0000][1][safepoint    ] Entering safepoint region: RevokeBias
[2019-12-09T02:32:14.856+0000][1][safepoint    ] Leaving safepoint region
[2019-12-09T02:32:14.856+0000][1][safepoint    ] Total time for which application threads were stopped: 0.0000937 seconds, Stopping threads took: 0.0000131 seconds
[2019-12-09T02:32:14.904+0000][1][safepoint    ] Application time: 0.0483148 seconds
[2019-12-09T02:32:14.904+0000][1][safepoint    ] Entering safepoint region: RevokeBias
[2019-12-09T02:32:14.904+0000][1][safepoint    ] Leaving safepoint region
[2019-12-09T02:32:14.904+0000][1][safepoint    ] Total time for which application threads were stopped: 0.0000826 seconds, Stopping threads took: 0.0000134 seconds
[2019-12-09T02:32:14.953+0000][1][safepoint    ] Application time: 0.0487139 seconds
[2019-12-09T02:32:14.953+0000][1][safepoint    ] Entering safepoint region: GenCollectForAllocation
[2019-12-09T02:32:14.953+0000][1][gc,start     ] GC(1) Pause Young (Allocation Failure)
[2019-12-09T02:32:14.953+0000][1][gc,task      ] GC(1) Using 2 workers of 2 for evacuation
[2019-12-09T02:32:15.217+0000][1][gc,age       ] GC(1) Desired survivor size 4456448 bytes, new threshold 6 (max threshold 6)
[2019-12-09T02:32:15.217+0000][1][gc,age       ] GC(1) Age table with threshold 6 (max threshold 6)
[2019-12-09T02:32:15.217+0000][1][gc,age       ] GC(1) - age   1:    1409056 bytes,    1409056 total
[2019-12-09T02:32:15.217+0000][1][gc,heap      ] GC(1) ParNew: 76342K->4100K(78656K)
[2019-12-09T02:32:15.217+0000][1][gc,heap      ] GC(1) CMS: 0K->6823K(174784K)
[2019-12-09T02:32:15.217+0000][1][gc,metaspace ] GC(1) Metaspace: 14926K->14926K(1062912K)
[2019-12-09T02:32:15.217+0000][1][gc           ] GC(1) Pause Young (Allocation Failure) 74M->10M(247M) 264.075ms
[2019-12-09T02:32:15.217+0000][1][gc,cpu       ] GC(1) User=0.08s Sys=0.00s Real=0.27s
[2019-12-09T02:32:15.217+0000][1][safepoint    ] Leaving safepoint region
[2019-12-09T02:32:15.217+0000][1][safepoint    ] Total time for which application threads were stopped: 0.2642273 seconds, Stopping threads took: 0.0000132 seconds
[2019-12-09T02:32:15.221+0000][1][safepoint    ] Application time: 0.0038568 seconds
[2019-12-09T02:32:15.263+0000][1][safepoint    ] Entering safepoint region: BulkRevokeBias
[2019-12-09T02:32:15.263+0000][1][safepoint    ] Leaving safepoint region
[2019-12-09T02:32:15.263+0000][1][safepoint    ] Total time for which application threads were stopped: 0.0420826 seconds, Stopping threads took: 0.0418977 seconds
[2019-12-09T02:32:15.263+0000][1][safepoint    ] Application time: 0.0001270 seconds
[2019-12-09T02:32:15.263+0000][1][safepoint    ] Entering safepoint region: RevokeBias
[2019-12-09T02:32:15.263+0000][1][safepoint    ] Leaving safepoint region
[2019-12-09T02:32:15.263+0000][1][safepoint    ] Total time for which application threads were stopped: 0.0000704 seconds, Stopping threads took: 0.0000084 seconds
[2019-12-09T02:32:15.263+0000][1][safepoint    ] Application time: 0.0000652 seconds
[2019-12-09T02:32:15.263+0000][1][safepoint    ] Entering safepoint region: RevokeBias
[2019-12-09T02:32:15.263+0000][1][safepoint    ] Leaving safepoint region
[2019-12-09T02:32:15.263+0000][1][safepoint    ] Total time for which application threads were stopped: 0.0000667 seconds, Stopping threads took: 0.0000071 seconds
[2019-12-09T02:32:15.263+0000][1][safepoint    ] Application time: 0.0000444 seconds
[2019-12-09T02:32:15.263+0000][1][safepoint    ] Entering safepoint region: RevokeBias
[2019-12-09T02:32:15.263+0000][1][safepoint    ] Leaving safepoint region
[2019-12-09T02:32:15.263+0000][1][safepoint    ] Total time for which application threads were stopped: 0.0000652 seconds, Stopping threads took: 0.0000069 seconds
[2019-12-09T02:32:15.264+0000][1][safepoint    ] Application time: 0.0000469 seconds
[2019-12-09T02:32:15.264+0000][1][safepoint    ] Entering safepoint region: RevokeBias
[2019-12-09T02:32:15.264+0000][1][safepoint    ] Leaving safepoint region
[2019-12-09T02:32:15.264+0000][1][safepoint    ] Total time for which application threads were stopped: 0.0000652 seconds, Stopping threads took: 0.0000068 seconds
[2019-12-09T02:32:15.264+0000][1][safepoint    ] Application time: 0.0000435 seconds
[2019-12-09T02:32:15.264+0000][1][safepoint    ] Entering safepoint region: RevokeBias
[2019-12-09T02:32:15.264+0000][1][safepoint    ] Leaving safepoint region
[2019-12-09T02:32:15.264+0000][1][safepoint    ] Total time for which application threads were stopped: 0.0000783 seconds, Stopping threads took: 0.0000070 seconds
[2019-12-09T02:32:15.264+0000][1][safepoint    ] Application time: 0.0000539 seconds
[2019-12-09T02:32:15.264+0000][1][safepoint    ] Entering safepoint region: BulkRevokeBias
[2019-12-09T02:32:15.264+0000][1][safepoint    ] Leaving safepoint region
[2019-12-09T02:32:15.264+0000][1][safepoint    ] Total time for which application threads were stopped: 0.0001077 seconds, Stopping threads took: 0.0000070 seconds
[2019-12-09T02:32:15.264+0000][1][safepoint    ] Application time: 0.0000465 seconds
[2019-12-09T02:32:15.264+0000][1][safepoint    ] Entering safepoint region: RevokeBias
[2019-12-09T02:32:15.264+0000][1][safepoint    ] Leaving safepoint region
[2019-12-09T02:32:15.264+0000][1][safepoint    ] Total time for which application threads were stopped: 0.0000681 seconds, Stopping threads took: 0.0000067 seconds
[2019-12-09T02:32:15.264+0000][1][safepoint    ] Application time: 0.0000507 seconds
[2019-12-09T02:32:15.264+0000][1][safepoint    ] Entering safepoint region: BulkRevokeBias
[2019-12-09T02:32:15.264+0000][1][safepoint    ] Leaving safepoint region
[2019-12-09T02:32:15.264+0000][1][safepoint    ] Total time for which application threads were stopped: 0.0000994 seconds, Stopping threads took: 0.0000067 seconds
[2019-12-09T02:32:16.273+0000][1][safepoint    ] Application time: 1.0085279 seconds
[2019-12-09T02:32:16.339+0000][1][safepoint    ] Entering safepoint region: Cleanup
[2019-12-09T02:32:16.339+0000][1][safepoint    ] Leaving safepoint region
[2019-12-09T02:32:16.339+0000][1][safepoint    ] Total time for which application threads were stopped: 0.0661382 seconds, Stopping threads took: 0.0660763 seconds
[2019-12-09T02:32:16.361+0000][1][safepoint    ] Application time: 0.0216019 seconds
[2019-12-09T02:32:16.361+0000][1][safepoint    ] Entering safepoint region: GenCollectForAllocation
[2019-12-09T02:32:16.361+0000][1][gc,start     ] GC(2) Pause Young (Allocation Failure)
[2019-12-09T02:32:16.361+0000][1][gc,task      ] GC(2) Using 2 workers of 2 for evacuation
[2019-12-09T02:32:16.438+0000][1][gc,age       ] GC(2) Desired survivor size 4456448 bytes, new threshold 6 (max threshold 6)
[2019-12-09T02:32:16.438+0000][1][gc,age       ] GC(2) Age table with threshold 6 (max threshold 6)
[2019-12-09T02:32:16.438+0000][1][gc,age       ] GC(2) - age   1:     607216 bytes,     607216 total
[2019-12-09T02:32:16.438+0000][1][gc,age       ] GC(2) - age   2:    1149696 bytes,    1756912 total
[2019-12-09T02:32:16.438+0000][1][gc,heap      ] GC(2) ParNew: 74052K->2053K(78656K)
[2019-12-09T02:32:16.438+0000][1][gc,heap      ] GC(2) CMS: 6823K->6823K(174784K)
[2019-12-09T02:32:16.438+0000][1][gc,metaspace ] GC(2) Metaspace: 15003K->15003K(1062912K)
[2019-12-09T02:32:16.438+0000][1][gc           ] GC(2) Pause Young (Allocation Failure) 78M->8M(247M) 77.338ms
[2019-12-09T02:32:16.438+0000][1][gc,cpu       ] GC(2) User=0.01s Sys=0.00s Real=0.08s
[2019-12-09T02:32:16.438+0000][1][safepoint    ] Leaving safepoint region
[2019-12-09T02:32:16.438+0000][1][safepoint    ] Total time for which application threads were stopped: 0.0774724 seconds, Stopping threads took: 0.0000126 seconds
[2019-12-09T02:32:16.449+0000][1][safepoint    ] Application time: 0.0107973 seconds
[2019-12-09T02:32:16.511+0000][1][safepoint    ] Entering safepoint region: RevokeBias
[2019-12-09T02:32:16.511+0000][1][safepoint    ] Leaving safepoint region
[2019-12-09T02:32:16.511+0000][1][safepoint    ] Total time for which application threads were stopped: 0.0621491 seconds, Stopping threads took: 0.0619605 seconds
[2019-12-09T02:32:16.511+0000][1][safepoint    ] Application time: 0.0000726 seconds
[2019-12-09T02:32:16.511+0000][1][safepoint    ] Entering safepoint region: RevokeBias
[2019-12-09T02:32:16.511+0000][1][safepoint    ] Leaving safepoint region
[2019-12-09T02:32:16.511+0000][1][safepoint    ] Total time for which application threads were stopped: 0.0000980 seconds, Stopping threads took: 0.0000093 seconds
[2019-12-09T02:32:16.511+0000][1][safepoint    ] Application time: 0.0000722 seconds
[2019-12-09T02:32:16.511+0000][1][safepoint    ] Entering safepoint region: RevokeBias
[2019-12-09T02:32:16.511+0000][1][safepoint    ] Leaving safepoint region
[2019-12-09T02:32:16.511+0000][1][safepoint    ] Total time for which application threads were stopped: 0.0000809 seconds, Stopping threads took: 0.0000080 seconds
[2019-12-09T02:32:16.511+0000][1][safepoint    ] Application time: 0.0000488 seconds
[2019-12-09T02:32:16.511+0000][1][safepoint    ] Entering safepoint region: RevokeBias
[2019-12-09T02:32:16.512+0000][1][safepoint    ] Leaving safepoint region
[2019-12-09T02:32:16.512+0000][1][safepoint    ] Total time for which application threads were stopped: 0.0000759 seconds, Stopping threads took: 0.0000076 seconds
[2019-12-09T02:32:16.512+0000][1][safepoint    ] Application time: 0.0000544 seconds
[2019-12-09T02:32:16.512+0000][1][safepoint    ] Entering safepoint region: RevokeBias
[2019-12-09T02:32:16.512+0000][1][safepoint    ] Leaving safepoint region
[2019-12-09T02:32:16.512+0000][1][safepoint    ] Total time for which application threads were stopped: 0.0000841 seconds, Stopping threads took: 0.0000165 seconds
[2019-12-09T02:32:16.512+0000][1][safepoint    ] Application time: 0.0000677 seconds
[2019-12-09T02:32:16.512+0000][1][safepoint    ] Entering safepoint region: RevokeBias
[2019-12-09T02:32:16.512+0000][1][safepoint    ] Leaving safepoint region
[2019-12-09T02:32:16.512+0000][1][safepoint    ] Total time for which application threads were stopped: 0.0000763 seconds, Stopping threads took: 0.0000076 seconds
[2019-12-09T02:32:16.512+0000][1][safepoint    ] Application time: 0.0000523 seconds
[2019-12-09T02:32:16.512+0000][1][safepoint    ] Entering safepoint region: RevokeBias
[2019-12-09T02:32:16.512+0000][1][safepoint    ] Leaving safepoint region
[2019-12-09T02:32:16.512+0000][1][safepoint    ] Total time for which application threads were stopped: 0.0000751 seconds, Stopping threads took: 0.0000074 seconds
[2019-12-09T02:32:16.512+0000][1][safepoint    ] Application time: 0.0000459 seconds
[2019-12-09T02:32:16.512+0000][1][safepoint    ] Entering safepoint region: RevokeBias
[2019-12-09T02:32:16.512+0000][1][safepoint    ] Leaving safepoint region
[2019-12-09T02:32:16.512+0000][1][safepoint    ] Total time for which application threads were stopped: 0.0000719 seconds, Stopping threads took: 0.0000069 seconds
[2019-12-09T02:32:16.512+0000][1][safepoint    ] Application time: 0.0000541 seconds
[2019-12-09T02:32:16.512+0000][1][safepoint    ] Entering safepoint region: RevokeBias
[2019-12-09T02:32:16.512+0000][1][safepoint    ] Leaving safepoint region
[2019-12-09T02:32:16.512+0000][1][safepoint    ] Total time for which application threads were stopped: 0.0000753 seconds, Stopping threads took: 0.0000070 seconds
[2019-12-09T02:32:16.512+0000][1][safepoint    ] Application time: 0.0000492 seconds
[2019-12-09T02:32:16.512+0000][1][safepoint    ] Entering safepoint region: RevokeBias
[2019-12-09T02:32:16.512+0000][1][safepoint    ] Leaving safepoint region
[2019-12-09T02:32:16.512+0000][1][safepoint    ] Total time for which application threads were stopped: 0.0000793 seconds, Stopping threads took: 0.0000079 seconds
[2019-12-09T02:32:17.514+0000][1][safepoint    ] Application time: 1.0013074 seconds
[2019-12-09T02:32:17.533+0000][1][safepoint    ] Entering safepoint region: Cleanup
[2019-12-09T02:32:17.533+0000][1][safepoint    ] Leaving safepoint region
[2019-12-09T02:32:17.533+0000][1][safepoint    ] Total time for which application threads were stopped: 0.0191026 seconds, Stopping threads took: 0.0190130 seconds
[2019-12-09T02:32:17.767+0000][1][safepoint    ] Application time: 0.2344314 seconds
[2019-12-09T02:32:17.767+0000][1][safepoint    ] Entering safepoint region: Deoptimize
[2019-12-09T02:32:17.768+0000][1][safepoint    ] Leaving safepoint region
[2019-12-09T02:32:17.768+0000][1][safepoint    ] Total time for which application threads were stopped: 0.0004008 seconds, Stopping threads took: 0.0000133 seconds
[2019-12-09T02:32:17.768+0000][1][safepoint    ] Application time: 0.0005201 seconds
[2019-12-09T02:32:17.768+0000][1][safepoint    ] Entering safepoint region: Deoptimize
[2019-12-09T02:32:17.769+0000][1][safepoint    ] Leaving safepoint region
[2019-12-09T02:32:17.769+0000][1][safepoint    ] Total time for which application threads were stopped: 0.0003222 seconds, Stopping threads took: 0.0000117 seconds
[2019-12-09T02:32:18.769+0000][1][safepoint    ] Application time: 1.0000981 seconds
[2019-12-09T02:32:18.804+0000][1][safepoint    ] Entering safepoint region: Cleanup
[2019-12-09T02:32:18.804+0000][1][safepoint    ] Leaving safepoint region
[2019-12-09T02:32:18.804+0000][1][safepoint    ] Total time for which application threads were stopped: 0.0353362 seconds, Stopping threads took: 0.0352662 seconds
[2019-12-09T02:32:19.823+0000][1][safepoint    ] Application time: 1.0186401 seconds
[2019-12-09T02:32:19.823+0000][1][safepoint    ] Entering safepoint region: Cleanup
[2019-12-09T02:32:19.823+0000][1][safepoint    ] Leaving safepoint region
[2019-12-09T02:32:19.823+0000][1][safepoint    ] Total time for which application threads were stopped: 0.0002496 seconds, Stopping threads took: 0.0002021 seconds
[2019-12-09T02:32:20.126+0000][1][safepoint    ] Application time: 0.3026892 seconds
[2019-12-09T02:32:20.126+0000][1][safepoint    ] Entering safepoint region: GenCollectForAllocation
[2019-12-09T02:32:20.126+0000][1][gc,start     ] GC(3) Pause Young (Allocation Failure)
[2019-12-09T02:32:20.126+0000][1][gc,task      ] GC(3) Using 2 workers of 2 for evacuation
[2019-12-09T02:32:20.233+0000][1][gc,age       ] GC(3) Desired survivor size 4456448 bytes, new threshold 3 (max threshold 6)
[2019-12-09T02:32:20.233+0000][1][gc,age       ] GC(3) Age table with threshold 3 (max threshold 6)
[2019-12-09T02:32:20.233+0000][1][gc,age       ] GC(3) - age   1:    3679368 bytes,    3679368 total
[2019-12-09T02:32:20.233+0000][1][gc,age       ] GC(3) - age   2:     594296 bytes,    4273664 total
[2019-12-09T02:32:20.233+0000][1][gc,age       ] GC(3) - age   3:    1147616 bytes,    5421280 total
[2019-12-09T02:32:20.233+0000][1][gc,heap      ] GC(3) ParNew: 72005K->6522K(78656K)
[2019-12-09T02:32:20.233+0000][1][gc,heap      ] GC(3) CMS: 6823K->6823K(174784K)
[2019-12-09T02:32:20.233+0000][1][gc,metaspace ] GC(3) Metaspace: 18553K->18553K(1067008K)
[2019-12-09T02:32:20.233+0000][1][gc           ] GC(3) Pause Young (Allocation Failure) 76M->13M(247M) 107.190ms
[2019-12-09T02:32:20.233+0000][1][gc,cpu       ] GC(3) User=0.03s Sys=0.00s Real=0.10s
[2019-12-09T02:32:20.233+0000][1][safepoint    ] Leaving safepoint region
[2019-12-09T02:32:20.233+0000][1][safepoint    ] Total time for which application threads were stopped: 0.1073398 seconds, Stopping threads took: 0.0000154 seconds
[2019-12-09T02:32:20.249+0000][1][safepoint    ] Application time: 0.0156728 seconds
[2019-12-09T02:32:20.306+0000][1][safepoint    ] Entering safepoint region: BulkRevokeBias
[2019-12-09T02:32:20.306+0000][1][safepoint    ] Leaving safepoint region
[2019-12-09T02:32:20.306+0000][1][safepoint    ] Total time for which application threads were stopped: 0.0571876 seconds, Stopping threads took: 0.0569621 seconds
[2019-12-09T02:32:20.307+0000][1][safepoint    ] Application time: 0.0007154 seconds
[2019-12-09T02:32:20.307+0000][1][safepoint    ] Entering safepoint region: RevokeBias
[2019-12-09T02:32:20.307+0000][1][safepoint    ] Leaving safepoint region
[2019-12-09T02:32:20.307+0000][1][safepoint    ] Total time for which application threads were stopped: 0.0001006 seconds, Stopping threads took: 0.0000100 seconds
[2019-12-09T02:32:20.307+0000][1][safepoint    ] Application time: 0.0000686 seconds
[2019-12-09T02:32:20.307+0000][1][safepoint    ] Entering safepoint region: RevokeBias
[2019-12-09T02:32:20.307+0000][1][safepoint    ] Leaving safepoint region
[2019-12-09T02:32:20.307+0000][1][safepoint    ] Total time for which application threads were stopped: 0.0000643 seconds, Stopping threads took: 0.0000075 seconds
[2019-12-09T02:32:20.307+0000][1][safepoint    ] Application time: 0.0000446 seconds
[2019-12-09T02:32:20.307+0000][1][safepoint    ] Entering safepoint region: RevokeBias
[2019-12-09T02:32:20.307+0000][1][safepoint    ] Leaving safepoint region
[2019-12-09T02:32:20.307+0000][1][safepoint    ] Total time for which application threads were stopped: 0.0000586 seconds, Stopping threads took: 0.0000068 seconds
[2019-12-09T02:32:20.307+0000][1][safepoint    ] Application time: 0.0000474 seconds
[2019-12-09T02:32:20.307+0000][1][safepoint    ] Entering safepoint region: RevokeBias
[2019-12-09T02:32:20.307+0000][1][safepoint    ] Leaving safepoint region
[2019-12-09T02:32:20.307+0000][1][safepoint    ] Total time for which application threads were stopped: 0.0000599 seconds, Stopping threads took: 0.0000066 seconds
[2019-12-09T02:32:20.307+0000][1][safepoint    ] Application time: 0.0000439 seconds
[2019-12-09T02:32:20.307+0000][1][safepoint    ] Entering safepoint region: RevokeBias
[2019-12-09T02:32:20.307+0000][1][safepoint    ] Leaving safepoint region
[2019-12-09T02:32:20.307+0000][1][safepoint    ] Total time for which application threads were stopped: 0.0000688 seconds, Stopping threads took: 0.0000067 seconds
[2019-12-09T02:32:20.307+0000][1][safepoint    ] Application time: 0.0000476 seconds
[2019-12-09T02:32:20.307+0000][1][safepoint    ] Entering safepoint region: RevokeBias
[2019-12-09T02:32:20.307+0000][1][safepoint    ] Leaving safepoint region
[2019-12-09T02:32:20.307+0000][1][safepoint    ] Total time for which application threads were stopped: 0.0000598 seconds, Stopping threads took: 0.0000070 seconds
[2019-12-09T02:32:20.308+0000][1][safepoint    ] Application time: 0.0000439 seconds
[2019-12-09T02:32:20.308+0000][1][safepoint    ] Entering safepoint region: RevokeBias
[2019-12-09T02:32:20.308+0000][1][safepoint    ] Leaving safepoint region
[2019-12-09T02:32:20.308+0000][1][safepoint    ] Total time for which application threads were stopped: 0.0000602 seconds, Stopping threads took: 0.0000071 seconds
[2019-12-09T02:32:20.308+0000][1][safepoint    ] Application time: 0.0000457 seconds
[2019-12-09T02:32:20.308+0000][1][safepoint    ] Entering safepoint region: RevokeBias
[2019-12-09T02:32:20.308+0000][1][safepoint    ] Leaving safepoint region
[2019-12-09T02:32:20.308+0000][1][safepoint    ] Total time for which application threads were stopped: 0.0000764 seconds, Stopping threads took: 0.0000067 seconds
[2019-12-09T02:32:20.308+0000][1][safepoint    ] Application time: 0.0000448 seconds
[2019-12-09T02:32:20.308+0000][1][safepoint    ] Entering safepoint region: RevokeBias
[2019-12-09T02:32:20.308+0000][1][safepoint    ] Leaving safepoint region
[2019-12-09T02:32:20.308+0000][1][safepoint    ] Total time for which application threads were stopped: 0.0000613 seconds, Stopping threads took: 0.0000071 seconds
[2019-12-09T02:32:20.308+0000][1][safepoint    ] Application time: 0.0000476 seconds
[2019-12-09T02:32:20.308+0000][1][safepoint    ] Entering safepoint region: RevokeBias
[2019-12-09T02:32:20.308+0000][1][safepoint    ] Leaving safepoint region
[2019-12-09T02:32:20.308+0000][1][safepoint    ] Total time for which application threads were stopped: 0.0000591 seconds, Stopping threads took: 0.0000072 seconds
[2019-12-09T02:32:20.313+0000][1][safepoint    ] Application time: 0.0048251 seconds
[2019-12-09T02:32:20.350+0000][1][safepoint    ] Entering safepoint region: RevokeBias
[2019-12-09T02:32:20.350+0000][1][safepoint    ] Leaving safepoint region
[2019-12-09T02:32:20.350+0000][1][safepoint    ] Total time for which application threads were stopped: 0.0370490 seconds, Stopping threads took: 0.0369560 seconds
[2019-12-09T02:32:20.350+0000][1][safepoint    ] Application time: 0.0000717 seconds
[2019-12-09T02:32:20.350+0000][1][safepoint    ] Entering safepoint region: RevokeBias
[2019-12-09T02:32:20.350+0000][1][safepoint    ] Leaving safepoint region
[2019-12-09T02:32:20.350+0000][1][safepoint    ] Total time for which application threads were stopped: 0.0000601 seconds, Stopping threads took: 0.0000078 seconds
[2019-12-09T02:32:20.350+0000][1][safepoint    ] Application time: 0.0000668 seconds
[2019-12-09T02:32:20.350+0000][1][safepoint    ] Entering safepoint region: RevokeBias
[2019-12-09T02:32:20.350+0000][1][safepoint    ] Leaving safepoint region
[2019-12-09T02:32:20.350+0000][1][safepoint    ] Total time for which application threads were stopped: 0.0000554 seconds, Stopping threads took: 0.0000076 seconds
[2019-12-09T02:32:20.350+0000][1][safepoint    ] Application time: 0.0000505 seconds
[2019-12-09T02:32:20.350+0000][1][safepoint    ] Entering safepoint region: RevokeBias
[2019-12-09T02:32:20.350+0000][1][safepoint    ] Leaving safepoint region
[2019-12-09T02:32:20.350+0000][1][safepoint    ] Total time for which application threads were stopped: 0.0000559 seconds, Stopping threads took: 0.0000081 seconds
[2019-12-09T02:32:21.410+0000][1][safepoint    ] Application time: 1.0594462 seconds
[2019-12-09T02:32:21.410+0000][1][safepoint    ] Entering safepoint region: GenCollectForAllocation
[2019-12-09T02:32:21.410+0000][1][gc,start     ] GC(4) Pause Young (Allocation Failure)
[2019-12-09T02:32:21.410+0000][1][gc,task      ] GC(4) Using 2 workers of 2 for evacuation
[2019-12-09T02:32:21.549+0000][1][gc,age       ] GC(4) Desired survivor size 4456448 bytes, new threshold 2 (max threshold 6)
[2019-12-09T02:32:21.549+0000][1][gc,age       ] GC(4) Age table with threshold 2 (max threshold 6)
[2019-12-09T02:32:21.550+0000][1][gc,age       ] GC(4) - age   1:    1886272 bytes,    1886272 total
[2019-12-09T02:32:21.550+0000][1][gc,age       ] GC(4) - age   2:    3117136 bytes,    5003408 total
[2019-12-09T02:32:21.550+0000][1][gc,age       ] GC(4) - age   3:     594296 bytes,    5597704 total
[2019-12-09T02:32:21.550+0000][1][gc,heap      ] GC(4) ParNew: 76474K->6559K(78656K)
[2019-12-09T02:32:21.550+0000][1][gc,heap      ] GC(4) CMS: 6823K->7959K(174784K)
[2019-12-09T02:32:21.550+0000][1][gc,metaspace ] GC(4) Metaspace: 18765K->18765K(1067008K)
[2019-12-09T02:32:21.550+0000][1][gc           ] GC(4) Pause Young (Allocation Failure) 81M->14M(247M) 139.687ms
[2019-12-09T02:32:21.550+0000][1][gc,cpu       ] GC(4) User=0.02s Sys=0.00s Real=0.14s
[2019-12-09T02:32:21.550+0000][1][safepoint    ] Leaving safepoint region
[2019-12-09T02:32:21.550+0000][1][safepoint    ] Total time for which application threads were stopped: 0.1398679 seconds, Stopping threads took: 0.0000244 seconds
[2019-12-09T02:32:21.558+0000][1][safepoint    ] Application time: 0.0081863 seconds
[2019-12-09T02:32:21.558+0000][1][safepoint    ] Entering safepoint region: RevokeBias
[2019-12-09T02:32:21.558+0000][1][safepoint    ] Leaving safepoint region
[2019-12-09T02:32:21.558+0000][1][safepoint    ] Total time for which application threads were stopped: 0.0000763 seconds, Stopping threads took: 0.0000131 seconds
[2019-12-09T02:32:21.558+0000][1][safepoint    ] Application time: 0.0000574 seconds
[2019-12-09T02:32:21.558+0000][1][safepoint    ] Entering safepoint region: RevokeBias
[2019-12-09T02:32:21.558+0000][1][safepoint    ] Leaving safepoint region
[2019-12-09T02:32:21.558+0000][1][safepoint    ] Total time for which application threads were stopped: 0.0000424 seconds, Stopping threads took: 0.0000086 seconds
[2019-12-09T02:32:21.558+0000][1][safepoint    ] Application time: 0.0000578 seconds
[2019-12-09T02:32:21.558+0000][1][safepoint    ] Entering safepoint region: RevokeBias
[2019-12-09T02:32:21.558+0000][1][safepoint    ] Leaving safepoint region
[2019-12-09T02:32:21.558+0000][1][safepoint    ] Total time for which application threads were stopped: 0.0000408 seconds, Stopping threads took: 0.0000082 seconds
[2019-12-09T02:32:21.558+0000][1][safepoint    ] Application time: 0.0000519 seconds
[2019-12-09T02:32:21.558+0000][1][safepoint    ] Entering safepoint region: RevokeBias
[2019-12-09T02:32:21.558+0000][1][safepoint    ] Leaving safepoint region
[2019-12-09T02:32:21.558+0000][1][safepoint    ] Total time for which application threads were stopped: 0.0000406 seconds, Stopping threads took: 0.0000083 seconds
[2019-12-09T02:32:21.701+0000][1][safepoint    ] Application time: 0.1425804 seconds
[2019-12-09T02:32:21.701+0000][1][safepoint    ] Entering safepoint region: Deoptimize
[2019-12-09T02:32:21.701+0000][1][safepoint    ] Leaving safepoint region
[2019-12-09T02:32:21.701+0000][1][safepoint    ] Total time for which application threads were stopped: 0.0004154 seconds, Stopping threads took: 0.0000147 seconds
[2019-12-09T02:32:22.051+0000][1][safepoint    ] Application time: 0.3497975 seconds
[2019-12-09T02:32:22.051+0000][1][safepoint    ] Entering safepoint region: Deoptimize
[2019-12-09T02:32:22.052+0000][1][safepoint    ] Leaving safepoint region
[2019-12-09T02:32:22.052+0000][1][safepoint    ] Total time for which application threads were stopped: 0.0004267 seconds, Stopping threads took: 0.0000130 seconds
[2019-12-09T02:32:22.086+0000][1][safepoint    ] Application time: 0.0341590 seconds
[2019-12-09T02:32:22.086+0000][1][safepoint    ] Entering safepoint region: RevokeBias
[2019-12-09T02:32:22.086+0000][1][safepoint    ] Leaving safepoint region
[2019-12-09T02:32:22.086+0000][1][safepoint    ] Total time for which application threads were stopped: 0.0000928 seconds, Stopping threads took: 0.0000135 seconds
[2019-12-09T02:32:22.668+0000][1][safepoint    ] Application time: 0.5820046 seconds
[2019-12-09T02:32:22.668+0000][1][safepoint    ] Entering safepoint region: RevokeBias
[2019-12-09T02:32:22.668+0000][1][safepoint    ] Leaving safepoint region
[2019-12-09T02:32:22.668+0000][1][safepoint    ] Total time for which application threads were stopped: 0.0000768 seconds, Stopping threads took: 0.0000131 seconds
[2019-12-09T02:32:22.668+0000][1][safepoint    ] Application time: 0.0004358 seconds
[2019-12-09T02:32:22.668+0000][1][safepoint    ] Entering safepoint region: RevokeBias
[2019-12-09T02:32:22.669+0000][1][safepoint    ] Leaving safepoint region
[2019-12-09T02:32:22.669+0000][1][safepoint    ] Total time for which application threads were stopped: 0.0000577 seconds, Stopping threads took: 0.0000118 seconds
[2019-12-09T02:32:22.669+0000][1][safepoint    ] Application time: 0.0004103 seconds
[2019-12-09T02:32:22.669+0000][1][safepoint    ] Entering safepoint region: RevokeBias
[2019-12-09T02:32:22.669+0000][1][safepoint    ] Leaving safepoint region
[2019-12-09T02:32:22.669+0000][1][safepoint    ] Total time for which application threads were stopped: 0.0000523 seconds, Stopping threads took: 0.0000119 seconds
[2019-12-09T02:32:22.669+0000][1][safepoint    ] Application time: 0.0004479 seconds
[2019-12-09T02:32:22.669+0000][1][safepoint    ] Entering safepoint region: RevokeBias
[2019-12-09T02:32:22.670+0000][1][safepoint    ] Leaving safepoint region
[2019-12-09T02:32:22.670+0000][1][safepoint    ] Total time for which application threads were stopped: 0.0000467 seconds, Stopping threads took: 0.0000101 seconds
[2019-12-09T02:32:22.673+0000][1][safepoint    ] Application time: 0.0037343 seconds
[2019-12-09T02:32:22.673+0000][1][safepoint    ] Entering safepoint region: RevokeBias
[2019-12-09T02:32:22.673+0000][1][safepoint    ] Leaving safepoint region
[2019-12-09T02:32:22.673+0000][1][safepoint    ] Total time for which application threads were stopped: 0.0000474 seconds, Stopping threads took: 0.0000109 seconds
[2019-12-09T02:32:22.674+0000][1][safepoint    ] Application time: 0.0004435 seconds
[2019-12-09T02:32:22.674+0000][1][safepoint    ] Entering safepoint region: RevokeBias
[2019-12-09T02:32:22.674+0000][1][safepoint    ] Leaving safepoint region
[2019-12-09T02:32:22.674+0000][1][safepoint    ] Total time for which application threads were stopped: 0.0000461 seconds, Stopping threads took: 0.0000103 seconds
[2019-12-09T02:32:22.674+0000][1][safepoint    ] Application time: 0.0004942 seconds
[2019-12-09T02:32:22.674+0000][1][safepoint    ] Entering safepoint region: RevokeBias
[2019-12-09T02:32:22.674+0000][1][safepoint    ] Leaving safepoint region
[2019-12-09T02:32:22.674+0000][1][safepoint    ] Total time for which application threads were stopped: 0.0000456 seconds, Stopping threads took: 0.0000098 seconds
[2019-12-09T02:32:22.675+0000][1][safepoint    ] Application time: 0.0004525 seconds
[2019-12-09T02:32:22.675+0000][1][safepoint    ] Entering safepoint region: RevokeBias
[2019-12-09T02:32:22.675+0000][1][safepoint    ] Leaving safepoint region
[2019-12-09T02:32:22.675+0000][1][safepoint    ] Total time for which application threads were stopped: 0.0000438 seconds, Stopping threads took: 0.0000101 seconds
[2019-12-09T02:32:22.675+0000][1][safepoint    ] Application time: 0.0005087 seconds
[2019-12-09T02:32:22.675+0000][1][safepoint    ] Entering safepoint region: RevokeBias
[2019-12-09T02:32:22.676+0000][1][safepoint    ] Leaving safepoint region
[2019-12-09T02:32:22.676+0000][1][safepoint    ] Total time for which application threads were stopped: 0.0000430 seconds, Stopping threads took: 0.0000109 seconds
[2019-12-09T02:32:22.676+0000][1][safepoint    ] Application time: 0.0006379 seconds
[2019-12-09T02:32:22.676+0000][1][safepoint    ] Entering safepoint region: RevokeBias
[2019-12-09T02:32:22.676+0000][1][safepoint    ] Leaving safepoint region
[2019-12-09T02:32:22.676+0000][1][safepoint    ] Total time for which application threads were stopped: 0.0000527 seconds, Stopping threads took: 0.0000106 seconds
[2019-12-09T02:32:23.046+0000][1][safepoint    ] Application time: 0.3697609 seconds
[2019-12-09T02:32:23.046+0000][1][safepoint    ] Entering safepoint region: GenCollectForAllocation
[2019-12-09T02:32:23.046+0000][1][gc,start     ] GC(5) Pause Young (Allocation Failure)
[2019-12-09T02:32:23.046+0000][1][gc,task      ] GC(5) Using 2 workers of 2 for evacuation
[2019-12-09T02:32:23.187+0000][1][gc,age       ] GC(5) Desired survivor size 4456448 bytes, new threshold 6 (max threshold 6)
[2019-12-09T02:32:23.187+0000][1][gc,age       ] GC(5) Age table with threshold 6 (max threshold 6)
[2019-12-09T02:32:23.187+0000][1][gc,age       ] GC(5) - age   1:    2858144 bytes,    2858144 total
[2019-12-09T02:32:23.187+0000][1][gc,age       ] GC(5) - age   2:     443312 bytes,    3301456 total
[2019-12-09T02:32:23.187+0000][1][gc,heap      ] GC(5) ParNew: 76511K->5193K(78656K)
[2019-12-09T02:32:23.187+0000][1][gc,heap      ] GC(5) CMS: 7959K->11614K(174784K)
[2019-12-09T02:32:23.187+0000][1][gc,metaspace ] GC(5) Metaspace: 19105K->19105K(1067008K)
[2019-12-09T02:32:23.187+0000][1][gc           ] GC(5) Pause Young (Allocation Failure) 82M->16M(247M) 140.633ms
[2019-12-09T02:32:23.187+0000][1][gc,cpu       ] GC(5) User=0.04s Sys=0.00s Real=0.14s
[2019-12-09T02:32:23.187+0000][1][safepoint    ] Leaving safepoint region
[2019-12-09T02:32:23.187+0000][1][safepoint    ] Total time for which application threads were stopped: 0.1407701 seconds, Stopping threads took: 0.0000139 seconds
[2019-12-09T02:32:23.191+0000][1][safepoint    ] Application time: 0.0039563 seconds
[2019-12-09T02:32:23.191+0000][1][safepoint    ] Entering safepoint region: RevokeBias
[2019-12-09T02:32:23.191+0000][1][safepoint    ] Leaving safepoint region
[2019-12-09T02:32:23.191+0000][1][safepoint    ] Total time for which application threads were stopped: 0.0001508 seconds, Stopping threads took: 0.0000459 seconds
[2019-12-09T02:32:23.191+0000][1][safepoint    ] Application time: 0.0000682 seconds
[2019-12-09T02:32:23.191+0000][1][safepoint    ] Entering safepoint region: RevokeBias
[2019-12-09T02:32:23.191+0000][1][safepoint    ] Leaving safepoint region
[2019-12-09T02:32:23.191+0000][1][safepoint    ] Total time for which application threads were stopped: 0.0000766 seconds, Stopping threads took: 0.0000079 seconds
[2019-12-09T02:32:23.191+0000][1][safepoint    ] Application time: 0.0000589 seconds
[2019-12-09T02:32:23.191+0000][1][safepoint    ] Entering safepoint region: RevokeBias
[2019-12-09T02:32:23.191+0000][1][safepoint    ] Leaving safepoint region
[2019-12-09T02:32:23.191+0000][1][safepoint    ] Total time for which application threads were stopped: 0.0000717 seconds, Stopping threads took: 0.0000086 seconds
[2019-12-09T02:32:23.191+0000][1][safepoint    ] Application time: 0.0000518 seconds
[2019-12-09T02:32:23.191+0000][1][safepoint    ] Entering safepoint region: RevokeBias
[2019-12-09T02:32:23.191+0000][1][safepoint    ] Leaving safepoint region
[2019-12-09T02:32:23.191+0000][1][safepoint    ] Total time for which application threads were stopped: 0.0000745 seconds, Stopping threads took: 0.0000110 seconds
[2019-12-09T02:32:23.192+0000][1][safepoint    ] Application time: 0.0000647 seconds
[2019-12-09T02:32:23.192+0000][1][safepoint    ] Entering safepoint region: RevokeBias
[2019-12-09T02:32:23.192+0000][1][safepoint    ] Leaving safepoint region
[2019-12-09T02:32:23.192+0000][1][safepoint    ] Total time for which application threads were stopped: 0.0000618 seconds, Stopping threads took: 0.0000065 seconds
[2019-12-09T02:32:23.192+0000][1][safepoint    ] Application time: 0.0000453 seconds
[2019-12-09T02:32:23.192+0000][1][safepoint    ] Entering safepoint region: RevokeBias
[2019-12-09T02:32:23.192+0000][1][safepoint    ] Leaving safepoint region
[2019-12-09T02:32:23.192+0000][1][safepoint    ] Total time for which application threads were stopped: 0.0000827 seconds, Stopping threads took: 0.0000074 seconds
[2019-12-09T02:32:23.996+0000][1][safepoint    ] Application time: 0.8038226 seconds
[2019-12-09T02:32:23.996+0000][1][safepoint    ] Entering safepoint region: RevokeBias
[2019-12-09T02:32:23.996+0000][1][safepoint    ] Leaving safepoint region
[2019-12-09T02:32:23.996+0000][1][safepoint    ] Total time for which application threads were stopped: 0.0000763 seconds, Stopping threads took: 0.0000119 seconds
[2019-12-09T02:32:23.996+0000][1][safepoint    ] Application time: 0.0002183 seconds
[2019-12-09T02:32:23.996+0000][1][safepoint    ] Entering safepoint region: RevokeBias
[2019-12-09T02:32:23.996+0000][1][safepoint    ] Leaving safepoint region
[2019-12-09T02:32:23.996+0000][1][safepoint    ] Total time for which application threads were stopped: 0.0000593 seconds, Stopping threads took: 0.0000111 seconds
[2019-12-09T02:32:24.377+0000][1][safepoint    ] Application time: 0.3807264 seconds
[2019-12-09T02:32:24.377+0000][1][safepoint    ] Entering safepoint region: GenCollectForAllocation
[2019-12-09T02:32:24.377+0000][1][gc,start     ] GC(6) Pause Young (Allocation Failure)
[2019-12-09T02:32:24.377+0000][1][gc,task      ] GC(6) Using 2 workers of 2 for evacuation
[2019-12-09T02:32:24.485+0000][1][gc,age       ] GC(6) Desired survivor size 4456448 bytes, new threshold 6 (max threshold 6)
[2019-12-09T02:32:24.485+0000][1][gc,age       ] GC(6) Age table with threshold 6 (max threshold 6)
[2019-12-09T02:32:24.485+0000][1][gc,age       ] GC(6) - age   1:    1471928 bytes,    1471928 total
[2019-12-09T02:32:24.485+0000][1][gc,age       ] GC(6) - age   2:    2192504 bytes,    3664432 total
[2019-12-09T02:32:24.485+0000][1][gc,age       ] GC(6) - age   3:     443312 bytes,    4107744 total
[2019-12-09T02:32:24.485+0000][1][gc,heap      ] GC(6) ParNew: 75145K->7432K(78656K)
[2019-12-09T02:32:24.485+0000][1][gc,heap      ] GC(6) CMS: 11614K->11614K(174784K)
[2019-12-09T02:32:24.485+0000][1][gc,metaspace ] GC(6) Metaspace: 19411K->19411K(1067008K)
[2019-12-09T02:32:24.485+0000][1][gc           ] GC(6) Pause Young (Allocation Failure) 84M->18M(247M) 108.188ms
[2019-12-09T02:32:24.485+0000][1][gc,cpu       ] GC(6) User=0.03s Sys=0.00s Real=0.11s
[2019-12-09T02:32:24.485+0000][1][safepoint    ] Leaving safepoint region
[2019-12-09T02:32:24.485+0000][1][safepoint    ] Total time for which application threads were stopped: 0.1083205 seconds, Stopping threads took: 0.0000123 seconds
[2019-12-09T02:32:24.493+0000][1][safepoint    ] Application time: 0.0077311 seconds
[2019-12-09T02:32:24.598+0000][1][safepoint    ] Entering safepoint region: RevokeBias
[2019-12-09T02:32:24.598+0000][1][safepoint    ] Leaving safepoint region
[2019-12-09T02:32:24.598+0000][1][safepoint    ] Total time for which application threads were stopped: 0.1049928 seconds, Stopping threads took: 0.1049104 seconds
[2019-12-09T02:32:24.599+0000][1][safepoint    ] Application time: 0.0009220 seconds
[2019-12-09T02:32:24.599+0000][1][safepoint    ] Entering safepoint region: BulkRevokeBias
[2019-12-09T02:32:24.599+0000][1][safepoint    ] Leaving safepoint region
[2019-12-09T02:32:24.599+0000][1][safepoint    ] Total time for which application threads were stopped: 0.0001642 seconds, Stopping threads took: 0.0000441 seconds
[2019-12-09T02:32:24.601+0000][1][safepoint    ] Application time: 0.0017424 seconds
[2019-12-09T02:32:24.643+0000][1][safepoint    ] Entering safepoint region: BulkRevokeBias
[2019-12-09T02:32:24.643+0000][1][safepoint    ] Leaving safepoint region
[2019-12-09T02:32:24.643+0000][1][safepoint    ] Total time for which application threads were stopped: 0.0422084 seconds, Stopping threads took: 0.0420990 seconds
[2019-12-09T02:32:25.480+0000][1][safepoint    ] Application time: 0.8366419 seconds
[2019-12-09T02:32:25.480+0000][1][safepoint    ] Entering safepoint region: GenCollectForAllocation
[2019-12-09T02:32:25.480+0000][1][gc,start     ] GC(7) Pause Young (Allocation Failure)
[2019-12-09T02:32:25.480+0000][1][gc,task      ] GC(7) Using 2 workers of 2 for evacuation
[2019-12-09T02:32:25.551+0000][1][gc,age       ] GC(7) Desired survivor size 4456448 bytes, new threshold 6 (max threshold 6)
[2019-12-09T02:32:25.551+0000][1][gc,age       ] GC(7) Age table with threshold 6 (max threshold 6)
[2019-12-09T02:32:25.551+0000][1][gc,age       ] GC(7) - age   1:     384480 bytes,     384480 total
[2019-12-09T02:32:25.551+0000][1][gc,age       ] GC(7) - age   2:    1128888 bytes,    1513368 total
[2019-12-09T02:32:25.551+0000][1][gc,age       ] GC(7) - age   3:    2192424 bytes,    3705792 total
[2019-12-09T02:32:25.551+0000][1][gc,age       ] GC(7) - age   4:     443312 bytes,    4149104 total
[2019-12-09T02:32:25.551+0000][1][gc,heap      ] GC(7) ParNew: 77384K->5034K(78656K)
[2019-12-09T02:32:25.551+0000][1][gc,heap      ] GC(7) CMS: 11614K->11614K(174784K)
[2019-12-09T02:32:25.551+0000][1][gc,metaspace ] GC(7) Metaspace: 19686K->19686K(1067008K)
[2019-12-09T02:32:25.551+0000][1][gc           ] GC(7) Pause Young (Allocation Failure) 86M->16M(247M) 71.264ms
[2019-12-09T02:32:25.551+0000][1][gc,cpu       ] GC(7) User=0.02s Sys=0.00s Real=0.07s
[2019-12-09T02:32:25.551+0000][1][safepoint    ] Leaving safepoint region
[2019-12-09T02:32:25.551+0000][1][safepoint    ] Total time for which application threads were stopped: 0.0714060 seconds, Stopping threads took: 0.0000109 seconds
[2019-12-09T02:32:26.220+0000][1][safepoint    ] Application time: 0.6692850 seconds
[2019-12-09T02:32:26.220+0000][1][safepoint    ] Entering safepoint region: CollectForMetadataAllocation
[2019-12-09T02:32:26.221+0000][1][safepoint    ] Leaving safepoint region
[2019-12-09T02:32:26.221+0000][1][safepoint    ] Total time for which application threads were stopped: 0.0002651 seconds, Stopping threads took: 0.0000150 seconds
[2019-12-09T02:32:26.448+0000][1][safepoint    ] Application time: 0.2268795 seconds
[2019-12-09T02:32:26.448+0000][1][safepoint    ] Entering safepoint region: CollectForMetadataAllocation
[2019-12-09T02:32:26.448+0000][1][safepoint    ] Leaving safepoint region
[2019-12-09T02:32:26.448+0000][1][safepoint    ] Total time for which application threads were stopped: 0.0002605 seconds, Stopping threads took: 0.0000146 seconds
[2019-12-09T02:32:27.335+0000][1][safepoint    ] Application time: 0.8874431 seconds
[2019-12-09T02:32:27.335+0000][1][safepoint    ] Entering safepoint region: GenCollectForAllocation
[2019-12-09T02:32:27.335+0000][1][gc,start     ] GC(8) Pause Young (Allocation Failure)
[2019-12-09T02:32:27.335+0000][1][gc,task      ] GC(8) Using 2 workers of 2 for evacuation
[2019-12-09T02:32:27.437+0000][1][gc,age       ] GC(8) Desired survivor size 4456448 bytes, new threshold 4 (max threshold 6)
[2019-12-09T02:32:27.437+0000][1][gc,age       ] GC(8) Age table with threshold 4 (max threshold 6)
[2019-12-09T02:32:27.437+0000][1][gc,age       ] GC(8) - age   1:     929400 bytes,     929400 total
[2019-12-09T02:32:27.437+0000][1][gc,age       ] GC(8) - age   2:     361600 bytes,    1291000 total
[2019-12-09T02:32:27.437+0000][1][gc,age       ] GC(8) - age   3:    1128744 bytes,    2419744 total
[2019-12-09T02:32:27.437+0000][1][gc,age       ] GC(8) - age   4:    2190208 bytes,    4609952 total
[2019-12-09T02:32:27.437+0000][1][gc,age       ] GC(8) - age   5:     443312 bytes,    5053264 total
[2019-12-09T02:32:27.437+0000][1][gc,heap      ] GC(8) ParNew: 74986K->5281K(78656K)
[2019-12-09T02:32:27.437+0000][1][gc,heap      ] GC(8) CMS: 11614K->11614K(174784K)
[2019-12-09T02:32:27.437+0000][1][gc,metaspace ] GC(8) Metaspace: 20492K->20492K(1069056K)
[2019-12-09T02:32:27.437+0000][1][gc           ] GC(8) Pause Young (Allocation Failure) 84M->16M(247M) 101.582ms
[2019-12-09T02:32:27.437+0000][1][gc,cpu       ] GC(8) User=0.02s Sys=0.00s Real=0.10s
[2019-12-09T02:32:27.437+0000][1][safepoint    ] Leaving safepoint region
[2019-12-09T02:32:27.437+0000][1][safepoint    ] Total time for which application threads were stopped: 0.1017193 seconds, Stopping threads took: 0.0000143 seconds
[2019-12-09T02:32:27.440+0000][1][safepoint    ] Application time: 0.0027839 seconds
[2019-12-09T02:32:27.492+0000][1][safepoint    ] Entering safepoint region: CMS_Initial_Mark
[2019-12-09T02:32:27.492+0000][1][gc,start     ] GC(9) Pause Initial Mark
[2019-12-09T02:32:27.495+0000][1][gc           ] GC(9) Pause Initial Mark 17M->17M(247M) 2.941ms
[2019-12-09T02:32:27.495+0000][1][gc,cpu       ] GC(9) User=0.00s Sys=0.00s Real=0.01s
[2019-12-09T02:32:27.495+0000][1][safepoint    ] Leaving safepoint region
[2019-12-09T02:32:27.495+0000][1][safepoint    ] Total time for which application threads were stopped: 0.0550744 seconds, Stopping threads took: 0.0520338 seconds
[2019-12-09T02:32:27.495+0000][1][gc           ] GC(9) Concurrent Mark
[2019-12-09T02:32:27.589+0000][1][gc           ] GC(9) Concurrent Mark 94.107ms
[2019-12-09T02:32:27.589+0000][1][gc,cpu       ] GC(9) User=0.04s Sys=0.00s Real=0.09s
[2019-12-09T02:32:27.589+0000][1][gc           ] GC(9) Concurrent Preclean
[2019-12-09T02:32:27.590+0000][1][gc           ] GC(9) Concurrent Preclean 0.404ms
[2019-12-09T02:32:27.590+0000][1][gc,cpu       ] GC(9) User=0.00s Sys=0.00s Real=0.00s
[2019-12-09T02:32:27.590+0000][1][gc           ] GC(9) Concurrent Abortable Preclean
[2019-12-09T02:32:28.524+0000][1][safepoint    ] Application time: 1.0288336 seconds
[2019-12-09T02:32:28.524+0000][1][safepoint    ] Entering safepoint region: Cleanup
[2019-12-09T02:32:28.524+0000][1][safepoint    ] Leaving safepoint region
[2019-12-09T02:32:28.524+0000][1][safepoint    ] Total time for which application threads were stopped: 0.0001761 seconds, Stopping threads took: 0.0001374 seconds
[2019-12-09T02:32:28.785+0000][1][safepoint    ] Application time: 0.2607939 seconds
[2019-12-09T02:32:28.785+0000][1][safepoint    ] Entering safepoint region: GenCollectForAllocation
[2019-12-09T02:32:28.785+0000][1][gc,start     ] GC(10) Pause Young (Allocation Failure)
[2019-12-09T02:32:28.785+0000][1][gc,task      ] GC(10) Using 2 workers of 2 for evacuation
[2019-12-09T02:32:28.897+0000][1][gc,age       ] GC(10) Desired survivor size 4456448 bytes, new threshold 6 (max threshold 6)
[2019-12-09T02:32:28.897+0000][1][gc,age       ] GC(10) Age table with threshold 6 (max threshold 6)
[2019-12-09T02:32:28.897+0000][1][gc,age       ] GC(10) - age   1:    1132312 bytes,    1132312 total
[2019-12-09T02:32:28.897+0000][1][gc,age       ] GC(10) - age   2:     649416 bytes,    1781728 total
[2019-12-09T02:32:28.897+0000][1][gc,age       ] GC(10) - age   3:     361600 bytes,    2143328 total
[2019-12-09T02:32:28.897+0000][1][gc,age       ] GC(10) - age   4:    1128744 bytes,    3272072 total
[2019-12-09T02:32:28.897+0000][1][gc,heap      ] GC(10) ParNew: 75233K->4581K(78656K)
[2019-12-09T02:32:28.897+0000][1][gc,heap      ] GC(10) CMS: 11614K->14204K(174784K)
[2019-12-09T02:32:28.897+0000][1][gc,metaspace ] GC(10) Metaspace: 20598K->20598K(1069056K)
[2019-12-09T02:32:28.897+0000][1][gc           ] GC(10) Pause Young (Allocation Failure) 84M->18M(247M) 112.261ms
[2019-12-09T02:32:28.897+0000][1][gc,cpu       ] GC(10) User=0.04s Sys=0.00s Real=0.11s
[2019-12-09T02:32:28.897+0000][1][safepoint    ] Leaving safepoint region
[2019-12-09T02:32:28.897+0000][1][safepoint    ] Total time for which application threads were stopped: 0.1123869 seconds, Stopping threads took: 0.0000150 seconds
[2019-12-09T02:32:29.556+0000][1][gc           ] GC(9) Concurrent Abortable Preclean 1966.146ms
[2019-12-09T02:32:29.556+0000][1][gc,cpu       ] GC(9) User=0.53s Sys=0.00s Real=1.97s
[2019-12-09T02:32:29.556+0000][1][safepoint    ] Application time: 0.6586122 seconds
[2019-12-09T02:32:29.556+0000][1][safepoint    ] Entering safepoint region: CMS_Final_Remark
[2019-12-09T02:32:29.556+0000][1][gc,start     ] GC(9) Pause Remark
[2019-12-09T02:32:29.741+0000][1][gc           ] GC(9) Pause Remark 60M->60M(247M) 184.862ms
[2019-12-09T02:32:29.741+0000][1][gc,cpu       ] GC(9) User=0.05s Sys=0.00s Real=0.18s
[2019-12-09T02:32:29.741+0000][1][safepoint    ] Leaving safepoint region
[2019-12-09T02:32:29.741+0000][1][safepoint    ] Total time for which application threads were stopped: 0.1849887 seconds, Stopping threads took: 0.0000132 seconds
[2019-12-09T02:32:29.793+0000][1][gc           ] GC(9) Concurrent Sweep
[2019-12-09T02:32:29.873+0000][1][gc           ] GC(9) Concurrent Sweep 80.358ms
[2019-12-09T02:32:29.873+0000][1][gc,cpu       ] GC(9) User=0.04s Sys=0.00s Real=0.08s
[2019-12-09T02:32:29.873+0000][1][gc           ] GC(9) Concurrent Reset
[2019-12-09T02:32:29.897+0000][1][gc           ] GC(9) Concurrent Reset 23.266ms
[2019-12-09T02:32:29.897+0000][1][gc,cpu       ] GC(9) User=0.00s Sys=0.00s Real=0.03s
[2019-12-09T02:32:29.897+0000][1][gc,heap      ] GC(9) Old: 11614K->14194K(174784K)
[2019-12-09T02:32:30.346+0000][1][safepoint    ] Application time: 0.6049145 seconds
[2019-12-09T02:32:30.346+0000][1][safepoint    ] Entering safepoint region: GenCollectForAllocation
[2019-12-09T02:32:30.346+0000][1][gc,start     ] GC(11) Pause Young (Allocation Failure)
[2019-12-09T02:32:30.346+0000][1][gc,task      ] GC(11) Using 2 workers of 2 for evacuation
[2019-12-09T02:32:30.465+0000][1][gc,age       ] GC(11) Desired survivor size 4456448 bytes, new threshold 6 (max threshold 6)
[2019-12-09T02:32:30.465+0000][1][gc,age       ] GC(11) Age table with threshold 6 (max threshold 6)
[2019-12-09T02:32:30.465+0000][1][gc,age       ] GC(11) - age   1:     999992 bytes,     999992 total
[2019-12-09T02:32:30.465+0000][1][gc,age       ] GC(11) - age   2:      97424 bytes,    1097416 total
[2019-12-09T02:32:30.465+0000][1][gc,age       ] GC(11) - age   3:     649368 bytes,    1746784 total
[2019-12-09T02:32:30.465+0000][1][gc,age       ] GC(11) - age   4:     361496 bytes,    2108280 total
[2019-12-09T02:32:30.465+0000][1][gc,age       ] GC(11) - age   5:    1128456 bytes,    3236736 total
[2019-12-09T02:32:30.465+0000][1][gc,heap      ] GC(11) ParNew: 74533K->5312K(78656K)
[2019-12-09T02:32:30.465+0000][1][gc,heap      ] GC(11) CMS: 14194K->14194K(174784K)
[2019-12-09T02:32:30.465+0000][1][gc,metaspace ] GC(11) Metaspace: 20688K->20688K(1069056K)
[2019-12-09T02:32:30.465+0000][1][gc           ] GC(11) Pause Young (Allocation Failure) 86M->19M(247M) 118.705ms
[2019-12-09T02:32:30.465+0000][1][gc,cpu       ] GC(11) User=0.02s Sys=0.00s Real=0.12s
[2019-12-09T02:32:30.465+0000][1][safepoint    ] Leaving safepoint region
[2019-12-09T02:32:30.465+0000][1][safepoint    ] Total time for which application threads were stopped: 0.1192275 seconds, Stopping threads took: 0.0000155 seconds
[2019-12-09T02:32:31.341+0000][1][safepoint    ] Application time: 0.8761634 seconds
[2019-12-09T02:32:31.341+0000][1][safepoint    ] Entering safepoint region: Deoptimize
[2019-12-09T02:32:31.342+0000][1][safepoint    ] Leaving safepoint region
[2019-12-09T02:32:31.342+0000][1][safepoint    ] Total time for which application threads were stopped: 0.0004401 seconds, Stopping threads took: 0.0000144 seconds
[2019-12-09T02:32:32.344+0000][1][safepoint    ] Application time: 1.0020691 seconds
[2019-12-09T02:32:32.350+0000][1][safepoint    ] Entering safepoint region: Cleanup
[2019-12-09T02:32:32.350+0000][1][safepoint    ] Leaving safepoint region
[2019-12-09T02:32:32.350+0000][1][safepoint    ] Total time for which application threads were stopped: 0.0061320 seconds, Stopping threads took: 0.0060805 seconds
[2019-12-09T02:32:33.362+0000][1][safepoint    ] Application time: 1.0118183 seconds
[2019-12-09T02:32:33.362+0000][1][safepoint    ] Entering safepoint region: Cleanup
[2019-12-09T02:32:33.362+0000][1][safepoint    ] Leaving safepoint region
[2019-12-09T02:32:33.362+0000][1][safepoint    ] Total time for which application threads were stopped: 0.0000737 seconds, Stopping threads took: 0.0000158 seconds
[2019-12-09T02:32:33.425+0000][1][safepoint    ] Application time: 0.0633062 seconds
[2019-12-09T02:32:33.425+0000][1][safepoint    ] Entering safepoint region: GenCollectForAllocation
[2019-12-09T02:32:33.425+0000][1][gc,start     ] GC(12) Pause Young (Allocation Failure)
[2019-12-09T02:32:33.425+0000][1][gc,task      ] GC(12) Using 2 workers of 2 for evacuation
[2019-12-09T02:32:33.507+0000][1][gc,age       ] GC(12) Desired survivor size 4456448 bytes, new threshold 6 (max threshold 6)
[2019-12-09T02:32:33.507+0000][1][gc,age       ] GC(12) Age table with threshold 6 (max threshold 6)
[2019-12-09T02:32:33.507+0000][1][gc,age       ] GC(12) - age   1:    1037816 bytes,    1037816 total
[2019-12-09T02:32:33.507+0000][1][gc,age       ] GC(12) - age   2:     305568 bytes,    1343384 total
[2019-12-09T02:32:33.507+0000][1][gc,age       ] GC(12) - age   3:      97424 bytes,    1440808 total
[2019-12-09T02:32:33.507+0000][1][gc,age       ] GC(12) - age   4:     649304 bytes,    2090112 total
[2019-12-09T02:32:33.507+0000][1][gc,age       ] GC(12) - age   5:     361496 bytes,    2451608 total
[2019-12-09T02:32:33.507+0000][1][gc,age       ] GC(12) - age   6:    1128456 bytes,    3580064 total
[2019-12-09T02:32:33.507+0000][1][gc,heap      ] GC(12) ParNew: 75264K->4141K(78656K)
[2019-12-09T02:32:33.507+0000][1][gc,heap      ] GC(12) CMS: 14194K->14194K(174784K)
[2019-12-09T02:32:33.507+0000][1][gc,metaspace ] GC(12) Metaspace: 22886K->22886K(1071104K)
[2019-12-09T02:32:33.507+0000][1][gc           ] GC(12) Pause Young (Allocation Failure) 87M->17M(247M) 81.788ms
[2019-12-09T02:32:33.507+0000][1][gc,cpu       ] GC(12) User=0.03s Sys=0.00s Real=0.08s
[2019-12-09T02:32:33.507+0000][1][safepoint    ] Leaving safepoint region
[2019-12-09T02:32:33.507+0000][1][safepoint    ] Total time for which application threads were stopped: 0.0819098 seconds, Stopping threads took: 0.0000138 seconds
[2019-12-09T02:32:34.426+0000][1][safepoint    ] Application time: 0.9184835 seconds
[2019-12-09T02:32:34.426+0000][1][safepoint    ] Entering safepoint region: Deoptimize
[2019-12-09T02:32:34.426+0000][1][safepoint    ] Leaving safepoint region
[2019-12-09T02:32:34.426+0000][1][safepoint    ] Total time for which application threads were stopped: 0.0006230 seconds, Stopping threads took: 0.0000131 seconds
[2019-12-09T02:32:35.384+0000][1][safepoint    ] Application time: 0.9575862 seconds
[2019-12-09T02:32:35.384+0000][1][safepoint    ] Entering safepoint region: Deoptimize
[2019-12-09T02:32:35.384+0000][1][safepoint    ] Leaving safepoint region
[2019-12-09T02:32:35.384+0000][1][safepoint    ] Total time for which application threads were stopped: 0.0004196 seconds, Stopping threads took: 0.0000140 seconds
[2019-12-09T02:32:35.493+0000][1][safepoint    ] Application time: 0.1088240 seconds
[2019-12-09T02:32:35.493+0000][1][safepoint    ] Entering safepoint region: Deoptimize
[2019-12-09T02:32:35.494+0000][1][safepoint    ] Leaving safepoint region
[2019-12-09T02:32:35.494+0000][1][safepoint    ] Total time for which application threads were stopped: 0.0004271 seconds, Stopping threads took: 0.0000140 seconds
[2019-12-09T02:32:35.576+0000][1][safepoint    ] Application time: 0.0822358 seconds
[2019-12-09T02:32:35.576+0000][1][safepoint    ] Entering safepoint region: Deoptimize
[2019-12-09T02:32:35.576+0000][1][safepoint    ] Leaving safepoint region
[2019-12-09T02:32:35.576+0000][1][safepoint    ] Total time for which application threads were stopped: 0.0004507 seconds, Stopping threads took: 0.0000150 seconds
[2019-12-09T02:32:36.591+0000][1][safepoint    ] Application time: 1.0143810 seconds
[2019-12-09T02:32:36.594+0000][1][safepoint    ] Entering safepoint region: Cleanup
[2019-12-09T02:32:36.594+0000][1][safepoint    ] Leaving safepoint region
[2019-12-09T02:32:36.594+0000][1][safepoint    ] Total time for which application threads were stopped: 0.0031913 seconds, Stopping threads took: 0.0031372 seconds
[2019-12-09T02:32:37.597+0000][1][safepoint    ] Application time: 1.0027672 seconds
[2019-12-09T02:32:37.691+0000][1][safepoint    ] Entering safepoint region: Cleanup
[2019-12-09T02:32:37.691+0000][1][safepoint    ] Leaving safepoint region
[2019-12-09T02:32:37.691+0000][1][safepoint    ] Total time for which application threads were stopped: 0.0942660 seconds, Stopping threads took: 0.0940164 seconds
[2019-12-09T02:32:38.705+0000][1][safepoint    ] Application time: 1.0136806 seconds
[2019-12-09T02:32:38.758+0000][1][safepoint    ] Entering safepoint region: Cleanup
[2019-12-09T02:32:38.758+0000][1][safepoint    ] Leaving safepoint region
[2019-12-09T02:32:38.758+0000][1][safepoint    ] Total time for which application threads were stopped: 0.0531201 seconds, Stopping threads took: 0.0530441 seconds
[2019-12-09T02:32:39.760+0000][1][safepoint    ] Application time: 1.0018237 seconds
[2019-12-09T02:32:39.851+0000][1][safepoint    ] Entering safepoint region: Cleanup
[2019-12-09T02:32:39.851+0000][1][safepoint    ] Leaving safepoint region
[2019-12-09T02:32:39.851+0000][1][safepoint    ] Total time for which application threads were stopped: 0.0910554 seconds, Stopping threads took: 0.0910006 seconds
[2019-12-09T02:32:40.865+0000][1][safepoint    ] Application time: 1.0138890 seconds
[2019-12-09T02:32:40.881+0000][1][safepoint    ] Entering safepoint region: Cleanup
[2019-12-09T02:32:40.881+0000][1][safepoint    ] Leaving safepoint region
[2019-12-09T02:32:40.881+0000][1][safepoint    ] Total time for which application threads were stopped: 0.0165124 seconds, Stopping threads took: 0.0164429 seconds
[2019-12-09T02:32:41.459+0000][1][safepoint    ] Application time: 0.5773882 seconds
[2019-12-09T02:32:41.459+0000][1][safepoint    ] Entering safepoint region: GenCollectForAllocation
[2019-12-09T02:32:41.459+0000][1][gc,start     ] GC(13) Pause Young (Allocation Failure)
[2019-12-09T02:32:41.459+0000][1][gc,task      ] GC(13) Using 2 workers of 2 for evacuation
[2019-12-09T02:32:41.729+0000][1][gc,age       ] GC(13) Desired survivor size 4456448 bytes, new threshold 1 (max threshold 6)
[2019-12-09T02:32:41.729+0000][1][gc,age       ] GC(13) Age table with threshold 1 (max threshold 6)
[2019-12-09T02:32:41.729+0000][1][gc,age       ] GC(13) - age   1:    6771288 bytes,    6771288 total
[2019-12-09T02:32:41.729+0000][1][gc,age       ] GC(13) - age   2:     733184 bytes,    7504472 total
[2019-12-09T02:32:41.729+0000][1][gc,age       ] GC(13) - age   3:     305304 bytes,    7809776 total
[2019-12-09T02:32:41.729+0000][1][gc,age       ] GC(13) - age   4:      97240 bytes,    7907016 total
[2019-12-09T02:32:41.729+0000][1][gc,age       ] GC(13) - age   5:     646120 bytes,    8553136 total
[2019-12-09T02:32:41.729+0000][1][gc,age       ] GC(13) - age   6:     359304 bytes,    8912440 total
[2019-12-09T02:32:41.729+0000][1][gc,heap      ] GC(13) ParNew: 74093K->8704K(78656K)
[2019-12-09T02:32:41.729+0000][1][gc,heap      ] GC(13) CMS: 14194K->21431K(174784K)
[2019-12-09T02:32:41.729+0000][1][gc,metaspace ] GC(13) Metaspace: 27242K->27242K(1075200K)
[2019-12-09T02:32:41.729+0000][1][gc           ] GC(13) Pause Young (Allocation Failure) 86M->29M(247M) 269.827ms
[2019-12-09T02:32:41.729+0000][1][gc,cpu       ] GC(13) User=0.08s Sys=0.00s Real=0.27s
[2019-12-09T02:32:41.729+0000][1][safepoint    ] Leaving safepoint region
[2019-12-09T02:32:41.729+0000][1][safepoint    ] Total time for which application threads were stopped: 0.2702124 seconds, Stopping threads took: 0.0000472 seconds
[2019-12-09T02:32:42.731+0000][1][safepoint    ] Application time: 1.0017754 seconds
[2019-12-09T02:32:42.760+0000][1][safepoint    ] Entering safepoint region: Cleanup
[2019-12-09T02:32:42.761+0000][1][safepoint    ] Leaving safepoint region
[2019-12-09T02:32:42.761+0000][1][safepoint    ] Total time for which application threads were stopped: 0.0298146 seconds, Stopping threads took: 0.0297517 seconds
[2019-12-09T02:32:44.351+0000][1][safepoint    ] Application time: 1.5903940 seconds
[2019-12-09T02:32:44.351+0000][1][safepoint    ] Entering safepoint region: RevokeBias
[2019-12-09T02:32:44.351+0000][1][safepoint    ] Leaving safepoint region
[2019-12-09T02:32:44.351+0000][1][safepoint    ] Total time for which application threads were stopped: 0.0000832 seconds, Stopping threads took: 0.0000133 seconds
[2019-12-09T02:32:45.361+0000][1][safepoint    ] Application time: 1.0096164 seconds
[2019-12-09T02:32:45.423+0000][1][safepoint    ] Entering safepoint region: Cleanup
[2019-12-09T02:32:45.423+0000][1][safepoint    ] Leaving safepoint region
[2019-12-09T02:32:45.423+0000][1][safepoint    ] Total time for which application threads were stopped: 0.0626992 seconds, Stopping threads took: 0.0626518 seconds
[2019-12-09T02:32:46.195+0000][1][safepoint    ] Application time: 0.7710809 seconds
[2019-12-09T02:32:46.195+0000][1][safepoint    ] Entering safepoint region: GenCollectForAllocation
[2019-12-09T02:32:46.195+0000][1][gc,start     ] GC(14) Pause Young (Allocation Failure)
[2019-12-09T02:32:46.195+0000][1][gc,task      ] GC(14) Using 2 workers of 2 for evacuation
[2019-12-09T02:32:46.666+0000][1][gc,age       ] GC(14) Desired survivor size 4456448 bytes, new threshold 1 (max threshold 6)
[2019-12-09T02:32:46.666+0000][1][gc,age       ] GC(14) Age table with threshold 1 (max threshold 6)
[2019-12-09T02:32:46.666+0000][1][gc,age       ] GC(14) - age   1:    8912776 bytes,    8912776 total
[2019-12-09T02:32:46.666+0000][1][gc,heap      ] GC(14) ParNew: 78656K->8704K(78656K)
[2019-12-09T02:32:46.666+0000][1][gc,heap      ] GC(14) CMS: 21431K->35025K(174784K)
[2019-12-09T02:32:46.666+0000][1][gc,metaspace ] GC(14) Metaspace: 27298K->27298K(1075200K)
[2019-12-09T02:32:46.666+0000][1][gc           ] GC(14) Pause Young (Allocation Failure) 97M->42M(247M) 471.606ms
[2019-12-09T02:32:46.666+0000][1][gc,cpu       ] GC(14) User=0.12s Sys=0.00s Real=0.48s
[2019-12-09T02:32:46.666+0000][1][safepoint    ] Leaving safepoint region
[2019-12-09T02:32:46.666+0000][1][safepoint    ] Total time for which application threads were stopped: 0.4717627 seconds, Stopping threads took: 0.0000133 seconds
[2019-12-09T02:32:47.767+0000][1][safepoint    ] Application time: 1.1003623 seconds
[2019-12-09T02:32:47.815+0000][1][safepoint    ] Entering safepoint region: Cleanup
[2019-12-09T02:32:47.815+0000][1][safepoint    ] Leaving safepoint region
[2019-12-09T02:32:47.815+0000][1][safepoint    ] Total time for which application threads were stopped: 0.0481415 seconds, Stopping threads took: 0.0480264 seconds
[2019-12-09T02:32:49.818+0000][1][safepoint    ] Application time: 2.0028019 seconds
[2019-12-09T02:32:49.849+0000][1][safepoint    ] Entering safepoint region: Cleanup
[2019-12-09T02:32:49.849+0000][1][safepoint    ] Leaving safepoint region
[2019-12-09T02:32:49.849+0000][1][safepoint    ] Total time for which application threads were stopped: 0.0310774 seconds, Stopping threads took: 0.0310201 seconds
[2019-12-09T02:32:50.852+0000][1][safepoint    ] Application time: 1.0028984 seconds
[2019-12-09T02:32:50.886+0000][1][safepoint    ] Entering safepoint region: Cleanup
[2019-12-09T02:32:50.886+0000][1][safepoint    ] Leaving safepoint region
[2019-12-09T02:32:50.886+0000][1][safepoint    ] Total time for which application threads were stopped: 0.0340797 seconds, Stopping threads took: 0.0340079 seconds
[2019-12-09T02:32:51.593+0000][1][safepoint    ] Application time: 0.7068463 seconds
[2019-12-09T02:32:51.593+0000][1][safepoint    ] Entering safepoint region: GenCollectForAllocation
[2019-12-09T02:32:51.593+0000][1][gc,start     ] GC(15) Pause Young (Allocation Failure)
[2019-12-09T02:32:51.593+0000][1][gc,task      ] GC(15) Using 2 workers of 2 for evacuation
[2019-12-09T02:32:52.235+0000][1][gc,age       ] GC(15) Desired survivor size 4456448 bytes, new threshold 1 (max threshold 6)
[2019-12-09T02:32:52.235+0000][1][gc,age       ] GC(15) Age table with threshold 1 (max threshold 6)
[2019-12-09T02:32:52.235+0000][1][gc,age       ] GC(15) - age   1:    6744552 bytes,    6744552 total
[2019-12-09T02:32:52.235+0000][1][gc,heap      ] GC(15) ParNew: 78656K->8704K(78656K)
[2019-12-09T02:32:52.235+0000][1][gc,heap      ] GC(15) CMS: 35025K->48400K(174784K)
[2019-12-09T02:32:52.235+0000][1][gc,metaspace ] GC(15) Metaspace: 29514K->29514K(1077248K)
[2019-12-09T02:32:52.235+0000][1][gc           ] GC(15) Pause Young (Allocation Failure) 111M->55M(247M) 642.189ms
[2019-12-09T02:32:52.235+0000][1][gc,cpu       ] GC(15) User=0.16s Sys=0.00s Real=0.65s
[2019-12-09T02:32:52.235+0000][1][safepoint    ] Leaving safepoint region
[2019-12-09T02:32:52.235+0000][1][safepoint    ] Total time for which application threads were stopped: 0.6423385 seconds, Stopping threads took: 0.0000158 seconds
[2019-12-09T02:32:52.236+0000][1][safepoint    ] Application time: 0.0010545 seconds
[2019-12-09T02:32:52.236+0000][1][safepoint    ] Entering safepoint region: RevokeBias
[2019-12-09T02:32:52.236+0000][1][safepoint    ] Leaving safepoint region
[2019-12-09T02:32:52.236+0000][1][safepoint    ] Total time for which application threads were stopped: 0.0000921 seconds, Stopping threads took: 0.0000205 seconds
[2019-12-09T02:32:53.237+0000][1][safepoint    ] Application time: 1.0004407 seconds
[2019-12-09T02:32:53.294+0000][1][safepoint    ] Entering safepoint region: Cleanup
[2019-12-09T02:32:53.294+0000][1][safepoint    ] Leaving safepoint region
[2019-12-09T02:32:53.294+0000][1][safepoint    ] Total time for which application threads were stopped: 0.0570351 seconds, Stopping threads took: 0.0569901 seconds
[2019-12-09T02:32:54.297+0000][1][safepoint    ] Application time: 1.0029420 seconds
[2019-12-09T02:32:54.310+0000][1][safepoint    ] Entering safepoint region: Cleanup
[2019-12-09T02:32:54.310+0000][1][safepoint    ] Leaving safepoint region
[2019-12-09T02:32:54.310+0000][1][safepoint    ] Total time for which application threads were stopped: 0.0131222 seconds, Stopping threads took: 0.0130819 seconds
[2019-12-09T02:32:55.317+0000][1][safepoint    ] Application time: 1.0068086 seconds
[2019-12-09T02:32:55.395+0000][1][safepoint    ] Entering safepoint region: Cleanup
[2019-12-09T02:32:55.395+0000][1][safepoint    ] Leaving safepoint region
[2019-12-09T02:32:55.395+0000][1][safepoint    ] Total time for which application threads were stopped: 0.0780590 seconds, Stopping threads took: 0.0779982 seconds
[2019-12-09T02:32:55.472+0000][1][safepoint    ] Application time: 0.0769180 seconds
[2019-12-09T02:32:55.472+0000][1][safepoint    ] Entering safepoint region: GenCollectForAllocation
[2019-12-09T02:32:55.472+0000][1][gc,start     ] GC(16) Pause Young (Allocation Failure)
[2019-12-09T02:32:55.472+0000][1][gc,task      ] GC(16) Using 2 workers of 2 for evacuation
[2019-12-09T02:32:55.688+0000][1][gc,age       ] GC(16) Desired survivor size 4456448 bytes, new threshold 6 (max threshold 6)
[2019-12-09T02:32:55.688+0000][1][gc,age       ] GC(16) Age table with threshold 6 (max threshold 6)
[2019-12-09T02:32:55.688+0000][1][gc,age       ] GC(16) - age   1:    1274320 bytes,    1274320 total
[2019-12-09T02:32:55.688+0000][1][gc,heap      ] GC(16) ParNew: 78656K->7028K(78656K)
[2019-12-09T02:32:55.688+0000][1][gc,heap      ] GC(16) CMS: 48400K->55042K(174784K)
[2019-12-09T02:32:55.688+0000][1][gc,metaspace ] GC(16) Metaspace: 33035K->33035K(1079296K)
[2019-12-09T02:32:55.688+0000][1][gc           ] GC(16) Pause Young (Allocation Failure) 124M->60M(247M) 216.381ms
[2019-12-09T02:32:55.688+0000][1][gc,cpu       ] GC(16) User=0.07s Sys=0.00s Real=0.22s
[2019-12-09T02:32:55.688+0000][1][safepoint    ] Leaving safepoint region
[2019-12-09T02:32:55.688+0000][1][safepoint    ] Total time for which application threads were stopped: 0.2165206 seconds, Stopping threads took: 0.0000157 seconds
[2019-12-09T02:32:56.691+0000][1][safepoint    ] Application time: 1.0023827 seconds
[2019-12-09T02:32:56.748+0000][1][safepoint    ] Entering safepoint region: Cleanup
[2019-12-09T02:32:56.748+0000][1][safepoint    ] Leaving safepoint region
[2019-12-09T02:32:56.748+0000][1][safepoint    ] Total time for which application threads were stopped: 0.0571079 seconds, Stopping threads took: 0.0570406 seconds
[2019-12-09T02:32:57.600+0000][1][safepoint    ] Application time: 0.8517700 seconds
[2019-12-09T02:32:57.600+0000][1][safepoint    ] Entering safepoint region: CollectForMetadataAllocation
[2019-12-09T02:32:57.600+0000][1][safepoint    ] Leaving safepoint region
[2019-12-09T02:32:57.600+0000][1][safepoint    ] Total time for which application threads were stopped: 0.0002651 seconds, Stopping threads took: 0.0000319 seconds
[2019-12-09T02:32:57.709+0000][1][safepoint    ] Application time: 0.1091683 seconds
[2019-12-09T02:32:57.718+0000][1][safepoint    ] Entering safepoint region: CMS_Initial_Mark
[2019-12-09T02:32:57.718+0000][1][gc,start     ] GC(17) Pause Initial Mark
[2019-12-09T02:32:57.874+0000][1][gc           ] GC(17) Pause Initial Mark 122M->122M(247M) 156.215ms
[2019-12-09T02:32:57.874+0000][1][gc,cpu       ] GC(17) User=0.04s Sys=0.00s Real=0.15s
[2019-12-09T02:32:57.874+0000][1][safepoint    ] Leaving safepoint region
[2019-12-09T02:32:57.874+0000][1][safepoint    ] Total time for which application threads were stopped: 0.1651936 seconds, Stopping threads took: 0.0088678 seconds
[2019-12-09T02:32:57.874+0000][1][gc           ] GC(17) Concurrent Mark
[2019-12-09T02:32:58.175+0000][1][safepoint    ] Application time: 0.3004044 seconds
[2019-12-09T02:32:58.175+0000][1][safepoint    ] Entering safepoint region: CollectForMetadataAllocation
[2019-12-09T02:32:58.175+0000][1][safepoint    ] Leaving safepoint region
[2019-12-09T02:32:58.175+0000][1][safepoint    ] Total time for which application threads were stopped: 0.0002398 seconds, Stopping threads took: 0.0000154 seconds
[2019-12-09T02:32:58.755+0000][1][safepoint    ] Application time: 0.5803314 seconds
[2019-12-09T02:32:58.755+0000][1][safepoint    ] Entering safepoint region: CollectForMetadataAllocation
[2019-12-09T02:32:58.756+0000][1][safepoint    ] Leaving safepoint region
[2019-12-09T02:32:58.756+0000][1][safepoint    ] Total time for which application threads were stopped: 0.0002416 seconds, Stopping threads took: 0.0000137 seconds
[2019-12-09T02:32:58.777+0000][1][gc           ] GC(17) Concurrent Mark 902.587ms
[2019-12-09T02:32:58.777+0000][1][gc,cpu       ] GC(17) User=0.24s Sys=0.00s Real=0.91s
[2019-12-09T02:32:58.777+0000][1][gc           ] GC(17) Concurrent Preclean
[2019-12-09T02:32:58.779+0000][1][gc           ] GC(17) Concurrent Preclean 1.538ms
[2019-12-09T02:32:58.779+0000][1][gc,cpu       ] GC(17) User=0.00s Sys=0.00s Real=0.00s
[2019-12-09T02:32:58.779+0000][1][gc           ] GC(17) Concurrent Abortable Preclean
[2019-12-09T02:32:59.015+0000][1][safepoint    ] Application time: 0.2595612 seconds
[2019-12-09T02:32:59.015+0000][1][safepoint    ] Entering safepoint region: CollectForMetadataAllocation
[2019-12-09T02:32:59.015+0000][1][safepoint    ] Leaving safepoint region
[2019-12-09T02:32:59.015+0000][1][safepoint    ] Total time for which application threads were stopped: 0.0002422 seconds, Stopping threads took: 0.0000137 seconds
[2019-12-09T02:32:59.276+0000][1][safepoint    ] Application time: 0.2605162 seconds
[2019-12-09T02:32:59.276+0000][1][safepoint    ] Entering safepoint region: CollectForMetadataAllocation
[2019-12-09T02:32:59.276+0000][1][safepoint    ] Leaving safepoint region
[2019-12-09T02:32:59.276+0000][1][safepoint    ] Total time for which application threads were stopped: 0.0002069 seconds, Stopping threads took: 0.0000140 seconds
[2019-12-09T02:32:59.455+0000][1][safepoint    ] Application time: 0.1785884 seconds
[2019-12-09T02:32:59.455+0000][1][safepoint    ] Entering safepoint region: CollectForMetadataAllocation
[2019-12-09T02:32:59.455+0000][1][safepoint    ] Leaving safepoint region
[2019-12-09T02:32:59.455+0000][1][safepoint    ] Total time for which application threads were stopped: 0.0002359 seconds, Stopping threads took: 0.0000147 seconds
[2019-12-09T02:32:59.641+0000][1][safepoint    ] Application time: 0.1855039 seconds
[2019-12-09T02:32:59.641+0000][1][safepoint    ] Entering safepoint region: GenCollectForAllocation
[2019-12-09T02:32:59.641+0000][1][gc,start     ] GC(18) Pause Young (Allocation Failure)
[2019-12-09T02:32:59.641+0000][1][gc,task      ] GC(18) Using 2 workers of 2 for evacuation
[2019-12-09T02:32:59.693+0000][1][gc           ] GC(17) Concurrent Abortable Preclean 914.073ms
[2019-12-09T02:32:59.693+0000][1][gc,cpu       ] GC(17) User=0.24s Sys=0.01s Real=0.91s
[2019-12-09T02:32:59.784+0000][1][gc,age       ] GC(18) Desired survivor size 4456448 bytes, new threshold 6 (max threshold 6)
[2019-12-09T02:32:59.785+0000][1][gc,age       ] GC(18) Age table with threshold 6 (max threshold 6)
[2019-12-09T02:32:59.785+0000][1][gc,age       ] GC(18) - age   1:    1944560 bytes,    1944560 total
[2019-12-09T02:32:59.785+0000][1][gc,age       ] GC(18) - age   2:    1207904 bytes,    3152464 total
[2019-12-09T02:32:59.785+0000][1][gc,heap      ] GC(18) ParNew: 76980K->3981K(78656K)
[2019-12-09T02:32:59.785+0000][1][gc,heap      ] GC(18) CMS: 55042K->55042K(174784K)
[2019-12-09T02:32:59.785+0000][1][gc,metaspace ] GC(18) Metaspace: 35314K->35314K(1081344K)
[2019-12-09T02:32:59.785+0000][1][gc           ] GC(18) Pause Young (Allocation Failure) 128M->57M(247M) 143.844ms
[2019-12-09T02:32:59.785+0000][1][gc,cpu       ] GC(18) User=0.01s Sys=0.00s Real=0.14s
[2019-12-09T02:32:59.785+0000][1][safepoint    ] Leaving safepoint region
[2019-12-09T02:32:59.785+0000][1][safepoint    ] Total time for which application threads were stopped: 0.1439870 seconds, Stopping threads took: 0.0000126 seconds
[2019-12-09T02:32:59.786+0000][1][safepoint    ] Application time: 0.0013847 seconds
[2019-12-09T02:32:59.786+0000][1][safepoint    ] Entering safepoint region: CMS_Final_Remark
[2019-12-09T02:32:59.786+0000][1][gc,start     ] GC(17) Pause Remark
[2019-12-09T02:32:59.866+0000][1][gc           ] GC(17) Pause Remark 59M->59M(247M) 79.223ms
[2019-12-09T02:32:59.866+0000][1][gc,cpu       ] GC(17) User=0.02s Sys=0.00s Real=0.08s
[2019-12-09T02:32:59.866+0000][1][safepoint    ] Leaving safepoint region
[2019-12-09T02:32:59.866+0000][1][safepoint    ] Total time for which application threads were stopped: 0.0795828 seconds, Stopping threads took: 0.0002656 seconds
[2019-12-09T02:32:59.890+0000][1][gc           ] GC(17) Concurrent Sweep
[2019-12-09T02:32:59.920+0000][1][safepoint    ] Application time: 0.0540192 seconds
[2019-12-09T02:32:59.920+0000][1][safepoint    ] Entering safepoint region: CollectForMetadataAllocation
[2019-12-09T02:32:59.920+0000][1][safepoint    ] Leaving safepoint region
[2019-12-09T02:32:59.920+0000][1][safepoint    ] Total time for which application threads were stopped: 0.0004561 seconds, Stopping threads took: 0.0000134 seconds
[2019-12-09T02:32:59.942+0000][1][safepoint    ] Application time: 0.0215855 seconds
[2019-12-09T02:32:59.961+0000][1][safepoint    ] Entering safepoint region: CollectForMetadataAllocation
[2019-12-09T02:32:59.961+0000][1][safepoint    ] Leaving safepoint region
[2019-12-09T02:32:59.961+0000][1][safepoint    ] Total time for which application threads were stopped: 0.0191830 seconds, Stopping threads took: 0.0189557 seconds
[2019-12-09T02:33:00.139+0000][1][safepoint    ] Application time: 0.1777546 seconds
[2019-12-09T02:33:00.139+0000][1][safepoint    ] Entering safepoint region: CollectForMetadataAllocation
[2019-12-09T02:33:00.139+0000][1][safepoint    ] Leaving safepoint region
[2019-12-09T02:33:00.139+0000][1][safepoint    ] Total time for which application threads were stopped: 0.0002531 seconds, Stopping threads took: 0.0000161 seconds
[2019-12-09T02:33:00.182+0000][1][gc           ] GC(17) Concurrent Sweep 291.979ms
[2019-12-09T02:33:00.182+0000][1][gc,cpu       ] GC(17) User=0.10s Sys=0.00s Real=0.29s
[2019-12-09T02:33:00.182+0000][1][gc           ] GC(17) Concurrent Reset
[2019-12-09T02:33:00.182+0000][1][gc           ] GC(17) Concurrent Reset 0.304ms
[2019-12-09T02:33:00.182+0000][1][gc,cpu       ] GC(17) User=0.00s Sys=0.00s Real=0.00s
[2019-12-09T02:33:00.182+0000][1][gc,heap      ] GC(17) Old: 55042K->54855K(174784K)
[2019-12-09T02:33:00.870+0000][1][safepoint    ] Application time: 0.7305594 seconds
[2019-12-09T02:33:00.870+0000][1][safepoint    ] Entering safepoint region: RevokeBias
[2019-12-09T02:33:00.870+0000][1][safepoint    ] Leaving safepoint region
[2019-12-09T02:33:00.870+0000][1][safepoint    ] Total time for which application threads were stopped: 0.0001601 seconds, Stopping threads took: 0.0000144 seconds
[2019-12-09T02:33:01.873+0000][1][safepoint    ] Application time: 1.0029038 seconds
[2019-12-09T02:33:01.875+0000][1][safepoint    ] Entering safepoint region: Cleanup
[2019-12-09T02:33:01.875+0000][1][safepoint    ] Leaving safepoint region
[2019-12-09T02:33:01.875+0000][1][safepoint    ] Total time for which application threads were stopped: 0.0023407 seconds, Stopping threads took: 0.0022659 seconds
[2019-12-09T02:33:03.913+0000][1][safepoint    ] Application time: 2.0376180 seconds
[2019-12-09T02:33:03.921+0000][1][safepoint    ] Entering safepoint region: Cleanup
[2019-12-09T02:33:03.921+0000][1][safepoint    ] Leaving safepoint region
[2019-12-09T02:33:03.921+0000][1][safepoint    ] Total time for which application threads were stopped: 0.0081469 seconds, Stopping threads took: 0.0081026 seconds
[2019-12-09T02:33:04.306+0000][1][safepoint    ] Application time: 0.3851165 seconds
[2019-12-09T02:33:04.308+0000][1][safepoint    ] Entering safepoint region: RevokeBias
[2019-12-09T02:33:04.308+0000][1][safepoint    ] Leaving safepoint region
[2019-12-09T02:33:04.308+0000][1][safepoint    ] Total time for which application threads were stopped: 0.0018906 seconds, Stopping threads took: 0.0018408 seconds
[2019-12-09T02:33:05.312+0000][1][safepoint    ] Application time: 1.0037656 seconds
[2019-12-09T02:33:05.364+0000][1][safepoint    ] Entering safepoint region: Cleanup
[2019-12-09T02:33:05.364+0000][1][safepoint    ] Leaving safepoint region
[2019-12-09T02:33:05.364+0000][1][safepoint    ] Total time for which application threads were stopped: 0.0522504 seconds, Stopping threads took: 0.0521906 seconds
[2019-12-09T02:33:07.381+0000][1][safepoint    ] Application time: 2.0166823 seconds
[2019-12-09T02:33:07.405+0000][1][safepoint    ] Entering safepoint region: Cleanup
[2019-12-09T02:33:07.405+0000][1][safepoint    ] Leaving safepoint region
[2019-12-09T02:33:07.405+0000][1][safepoint    ] Total time for which application threads were stopped: 0.0241184 seconds, Stopping threads took: 0.0240722 seconds
[2019-12-09T02:33:08.406+0000][1][safepoint    ] Application time: 1.0008376 seconds
[2019-12-09T02:33:08.473+0000][1][safepoint    ] Entering safepoint region: Cleanup
[2019-12-09T02:33:08.473+0000][1][safepoint    ] Leaving safepoint region
[2019-12-09T02:33:08.473+0000][1][safepoint    ] Total time for which application threads were stopped: 0.0671927 seconds, Stopping threads took: 0.0671442 seconds
[2019-12-09T02:33:09.273+0000][1][safepoint    ] Application time: 0.7998634 seconds
[2019-12-09T02:33:09.341+0000][1][safepoint    ] Entering safepoint region: RevokeBias
[2019-12-09T02:33:09.341+0000][1][safepoint    ] Leaving safepoint region
[2019-12-09T02:33:09.341+0000][1][safepoint    ] Total time for which application threads were stopped: 0.0680681 seconds, Stopping threads took: 0.0679541 seconds
[2019-12-09T02:33:09.344+0000][1][safepoint    ] Application time: 0.0029703 seconds
[2019-12-09T02:33:09.344+0000][1][safepoint    ] Entering safepoint region: RevokeBias
[2019-12-09T02:33:09.344+0000][1][safepoint    ] Leaving safepoint region
[2019-12-09T02:33:09.344+0000][1][safepoint    ] Total time for which application threads were stopped: 0.0003167 seconds, Stopping threads took: 0.0002482 seconds
[2019-12-09T02:33:09.344+0000][1][safepoint    ] Application time: 0.0001938 seconds
[2019-12-09T02:33:09.344+0000][1][safepoint    ] Entering safepoint region: RevokeBias
[2019-12-09T02:33:09.345+0000][1][safepoint    ] Leaving safepoint region
[2019-12-09T02:33:09.345+0000][1][safepoint    ] Total time for which application threads were stopped: 0.0000687 seconds, Stopping threads took: 0.0000092 seconds
[2019-12-09T02:33:09.345+0000][1][safepoint    ] Application time: 0.0001367 seconds
[2019-12-09T02:33:09.345+0000][1][safepoint    ] Entering safepoint region: RevokeBias
[2019-12-09T02:33:09.345+0000][1][safepoint    ] Leaving safepoint region
[2019-12-09T02:33:09.345+0000][1][safepoint    ] Total time for which application threads were stopped: 0.0000911 seconds, Stopping threads took: 0.0000087 seconds
[2019-12-09T02:33:09.345+0000][1][safepoint    ] Application time: 0.0000918 seconds
[2019-12-09T02:33:09.345+0000][1][safepoint    ] Entering safepoint region: RevokeBias
[2019-12-09T02:33:09.345+0000][1][safepoint    ] Leaving safepoint region
[2019-12-09T02:33:09.345+0000][1][safepoint    ] Total time for which application threads were stopped: 0.0000761 seconds, Stopping threads took: 0.0000093 seconds
[2019-12-09T02:33:09.345+0000][1][safepoint    ] Application time: 0.0000547 seconds
[2019-12-09T02:33:09.345+0000][1][safepoint    ] Entering safepoint region: RevokeBias
[2019-12-09T02:33:09.345+0000][1][safepoint    ] Leaving safepoint region
[2019-12-09T02:33:09.345+0000][1][safepoint    ] Total time for which application threads were stopped: 0.0000716 seconds, Stopping threads took: 0.0000152 seconds
[2019-12-09T02:33:09.345+0000][1][safepoint    ] Application time: 0.0000921 seconds
[2019-12-09T02:33:09.345+0000][1][safepoint    ] Entering safepoint region: RevokeBias
[2019-12-09T02:33:09.345+0000][1][safepoint    ] Leaving safepoint region
[2019-12-09T02:33:09.345+0000][1][safepoint    ] Total time for which application threads were stopped: 0.0000703 seconds, Stopping threads took: 0.0000088 seconds
[2019-12-09T02:33:09.345+0000][1][safepoint    ] Application time: 0.0000653 seconds
[2019-12-09T02:33:09.345+0000][1][safepoint    ] Entering safepoint region: RevokeBias
[2019-12-09T02:33:09.345+0000][1][safepoint    ] Leaving safepoint region
[2019-12-09T02:33:09.345+0000][1][safepoint    ] Total time for which application threads were stopped: 0.0000688 seconds, Stopping threads took: 0.0000090 seconds
[2019-12-09T02:33:09.347+0000][1][safepoint    ] Application time: 0.0011239 seconds
[2019-12-09T02:33:09.347+0000][1][safepoint    ] Entering safepoint region: RevokeBias
[2019-12-09T02:33:09.347+0000][1][safepoint    ] Leaving safepoint region
[2019-12-09T02:33:09.347+0000][1][safepoint    ] Total time for which application threads were stopped: 0.0000908 seconds, Stopping threads took: 0.0000109 seconds
[2019-12-09T02:33:09.347+0000][1][safepoint    ] Application time: 0.0005352 seconds
[2019-12-09T02:33:09.347+0000][1][safepoint    ] Entering safepoint region: RevokeBias
[2019-12-09T02:33:09.347+0000][1][safepoint    ] Leaving safepoint region
[2019-12-09T02:33:09.347+0000][1][safepoint    ] Total time for which application threads were stopped: 0.0000781 seconds, Stopping threads took: 0.0000107 seconds
[2019-12-09T02:33:09.455+0000][1][safepoint    ] Application time: 0.1074095 seconds
[2019-12-09T02:33:09.556+0000][1][safepoint    ] Entering safepoint region: RevokeBias
[2019-12-09T02:33:09.556+0000][1][safepoint    ] Leaving safepoint region
[2019-12-09T02:33:09.556+0000][1][safepoint    ] Total time for which application threads were stopped: 0.1014764 seconds, Stopping threads took: 0.1013751 seconds
[2019-12-09T02:33:10.562+0000][1][safepoint    ] Application time: 1.0055051 seconds
[2019-12-09T02:33:10.580+0000][1][safepoint    ] Entering safepoint region: Cleanup
[2019-12-09T02:33:10.580+0000][1][safepoint    ] Leaving safepoint region
[2019-12-09T02:33:10.580+0000][1][safepoint    ] Total time for which application threads were stopped: 0.0180315 seconds, Stopping threads took: 0.0179776 seconds
[2019-12-09T02:33:11.581+0000][1][safepoint    ] Application time: 1.0009419 seconds
[2019-12-09T02:33:11.619+0000][1][safepoint    ] Entering safepoint region: Cleanup
[2019-12-09T02:33:11.619+0000][1][safepoint    ] Leaving safepoint region
[2019-12-09T02:33:11.619+0000][1][safepoint    ] Total time for which application threads were stopped: 0.0380411 seconds, Stopping threads took: 0.0379749 seconds
[2019-12-09T02:33:12.621+0000][1][safepoint    ] Application time: 1.0018499 seconds
[2019-12-09T02:33:12.660+0000][1][safepoint    ] Entering safepoint region: Cleanup
[2019-12-09T02:33:12.660+0000][1][safepoint    ] Leaving safepoint region
[2019-12-09T02:33:12.660+0000][1][safepoint    ] Total time for which application threads were stopped: 0.0392918 seconds, Stopping threads took: 0.0392079 seconds
[2019-12-09T02:33:12.672+0000][1][safepoint    ] Application time: 0.0121230 seconds
[2019-12-09T02:33:12.672+0000][1][safepoint    ] Entering safepoint region: GenCollectForAllocation
[2019-12-09T02:33:12.672+0000][1][gc,start     ] GC(19) Pause Young (Allocation Failure)
[2019-12-09T02:33:12.672+0000][1][gc,task      ] GC(19) Using 2 workers of 2 for evacuation
[2019-12-09T02:33:12.781+0000][1][gc,age       ] GC(19) Desired survivor size 4456448 bytes, new threshold 3 (max threshold 6)
[2019-12-09T02:33:12.781+0000][1][gc,age       ] GC(19) Age table with threshold 3 (max threshold 6)
[2019-12-09T02:33:12.781+0000][1][gc,age       ] GC(19) - age   1:    2533696 bytes,    2533696 total
[2019-12-09T02:33:12.781+0000][1][gc,age       ] GC(19) - age   2:    1911704 bytes,    4445400 total
[2019-12-09T02:33:12.781+0000][1][gc,age       ] GC(19) - age   3:    1205824 bytes,    5651224 total
[2019-12-09T02:33:12.781+0000][1][gc,heap      ] GC(19) ParNew: 73933K->7016K(78656K)
[2019-12-09T02:33:12.781+0000][1][gc,heap      ] GC(19) CMS: 54855K->54855K(174784K)
[2019-12-09T02:33:12.781+0000][1][gc,metaspace ] GC(19) Metaspace: 43116K->43116K(1089536K)
[2019-12-09T02:33:12.781+0000][1][gc           ] GC(19) Pause Young (Allocation Failure) 125M->60M(247M) 108.624ms
[2019-12-09T02:33:12.781+0000][1][gc,cpu       ] GC(19) User=0.03s Sys=0.00s Real=0.11s
[2019-12-09T02:33:12.781+0000][1][safepoint    ] Leaving safepoint region
[2019-12-09T02:33:12.781+0000][1][safepoint    ] Total time for which application threads were stopped: 0.1087592 seconds, Stopping threads took: 0.0000137 seconds
[2019-12-09T02:33:12.799+0000][1][safepoint    ] Application time: 0.0178208 seconds
[2019-12-09T02:33:12.799+0000][1][safepoint    ] Entering safepoint region: RevokeBias
[2019-12-09T02:33:12.799+0000][1][safepoint    ] Leaving safepoint region
[2019-12-09T02:33:12.799+0000][1][safepoint    ] Total time for which application threads were stopped: 0.0000613 seconds, Stopping threads took: 0.0000121 seconds
[2019-12-09T02:33:12.799+0000][1][safepoint    ] Application time: 0.0000594 seconds
[2019-12-09T02:33:12.799+0000][1][safepoint    ] Entering safepoint region: RevokeBias
[2019-12-09T02:33:12.799+0000][1][safepoint    ] Leaving safepoint region
[2019-12-09T02:33:12.799+0000][1][safepoint    ] Total time for which application threads were stopped: 0.0000295 seconds, Stopping threads took: 0.0000080 seconds
[2019-12-09T02:33:12.799+0000][1][safepoint    ] Application time: 0.0000538 seconds
[2019-12-09T02:33:12.799+0000][1][safepoint    ] Entering safepoint region: RevokeBias
[2019-12-09T02:33:12.799+0000][1][safepoint    ] Leaving safepoint region
[2019-12-09T02:33:12.799+0000][1][safepoint    ] Total time for which application threads were stopped: 0.0000303 seconds, Stopping threads took: 0.0000084 seconds
[2019-12-09T02:33:12.799+0000][1][safepoint    ] Application time: 0.0000526 seconds
[2019-12-09T02:33:12.799+0000][1][safepoint    ] Entering safepoint region: RevokeBias
[2019-12-09T02:33:12.799+0000][1][safepoint    ] Leaving safepoint region
[2019-12-09T02:33:12.799+0000][1][safepoint    ] Total time for which application threads were stopped: 0.0000310 seconds, Stopping threads took: 0.0000089 seconds
[2019-12-09T02:33:12.799+0000][1][safepoint    ] Application time: 0.0000600 seconds
[2019-12-09T02:33:12.799+0000][1][safepoint    ] Entering safepoint region: RevokeBias
[2019-12-09T02:33:12.799+0000][1][safepoint    ] Leaving safepoint region
[2019-12-09T02:33:12.799+0000][1][safepoint    ] Total time for which application threads were stopped: 0.0000262 seconds, Stopping threads took: 0.0000066 seconds
[2019-12-09T02:33:12.799+0000][1][safepoint    ] Application time: 0.0000506 seconds
[2019-12-09T02:33:12.799+0000][1][safepoint    ] Entering safepoint region: RevokeBias
[2019-12-09T02:33:12.799+0000][1][safepoint    ] Leaving safepoint region
[2019-12-09T02:33:12.799+0000][1][safepoint    ] Total time for which application threads were stopped: 0.0000263 seconds, Stopping threads took: 0.0000070 seconds
[2019-12-09T02:33:13.806+0000][1][safepoint    ] Application time: 1.0063339 seconds
[2019-12-09T02:33:13.842+0000][1][safepoint    ] Entering safepoint region: Cleanup
[2019-12-09T02:33:13.842+0000][1][safepoint    ] Leaving safepoint region
[2019-12-09T02:33:13.842+0000][1][safepoint    ] Total time for which application threads were stopped: 0.0360852 seconds, Stopping threads took: 0.0360218 seconds
[2019-12-09T02:33:14.328+0000][1][safepoint    ] Application time: 0.4861373 seconds
[2019-12-09T02:33:14.328+0000][1][safepoint    ] Entering safepoint region: RevokeBias
[2019-12-09T02:33:14.328+0000][1][safepoint    ] Leaving safepoint region
[2019-12-09T02:33:14.328+0000][1][safepoint    ] Total time for which application threads were stopped: 0.0001323 seconds, Stopping threads took: 0.0000202 seconds
[2019-12-09T02:33:14.387+0000][1][safepoint    ] Application time: 0.0586978 seconds
[2019-12-09T02:33:14.387+0000][1][safepoint    ] Entering safepoint region: RevokeBias
[2019-12-09T02:33:14.387+0000][1][safepoint    ] Leaving safepoint region
[2019-12-09T02:33:14.387+0000][1][safepoint    ] Total time for which application threads were stopped: 0.0000818 seconds, Stopping threads took: 0.0000118 seconds
[2019-12-09T02:33:15.402+0000][1][safepoint    ] Application time: 1.0147509 seconds
[2019-12-09T02:33:15.402+0000][1][safepoint    ] Entering safepoint region: Cleanup
[2019-12-09T02:33:15.402+0000][1][safepoint    ] Leaving safepoint region
[2019-12-09T02:33:15.402+0000][1][safepoint    ] Total time for which application threads were stopped: 0.0001434 seconds, Stopping threads took: 0.0000879 seconds
[2019-12-09T02:33:16.069+0000][1][safepoint    ] Application time: 0.6670062 seconds
[2019-12-09T02:33:16.069+0000][1][safepoint    ] Entering safepoint region: RevokeBias
[2019-12-09T02:33:16.070+0000][1][safepoint    ] Leaving safepoint region
[2019-12-09T02:33:16.070+0000][1][safepoint    ] Total time for which application threads were stopped: 0.0005909 seconds, Stopping threads took: 0.0001120 seconds
[2019-12-09T02:33:16.070+0000][1][safepoint    ] Application time: 0.0002252 seconds
[2019-12-09T02:33:16.070+0000][1][safepoint    ] Entering safepoint region: RevokeBias
[2019-12-09T02:33:16.070+0000][1][safepoint    ] Leaving safepoint region
[2019-12-09T02:33:16.070+0000][1][safepoint    ] Total time for which application threads were stopped: 0.0000767 seconds, Stopping threads took: 0.0000102 seconds
[2019-12-09T02:33:16.070+0000][1][safepoint    ] Application time: 0.0000790 seconds
[2019-12-09T02:33:16.070+0000][1][safepoint    ] Entering safepoint region: RevokeBias
[2019-12-09T02:33:16.070+0000][1][safepoint    ] Leaving safepoint region
[2019-12-09T02:33:16.070+0000][1][safepoint    ] Total time for which application threads were stopped: 0.0000606 seconds, Stopping threads took: 0.0000081 seconds
[2019-12-09T02:33:16.073+0000][1][safepoint    ] Application time: 0.0030672 seconds
[2019-12-09T02:33:16.073+0000][1][safepoint    ] Entering safepoint region: RevokeBias
[2019-12-09T02:33:16.073+0000][1][safepoint    ] Leaving safepoint region
[2019-12-09T02:33:16.073+0000][1][safepoint    ] Total time for which application threads were stopped: 0.0000497 seconds, Stopping threads took: 0.0000116 seconds
[2019-12-09T02:33:16.690+0000][1][safepoint    ] Application time: 0.6165495 seconds
[2019-12-09T02:33:16.690+0000][1][safepoint    ] Entering safepoint region: RevokeBias
[2019-12-09T02:33:16.690+0000][1][safepoint    ] Leaving safepoint region
[2019-12-09T02:33:16.690+0000][1][safepoint    ] Total time for which application threads were stopped: 0.0001021 seconds, Stopping threads took: 0.0000149 seconds
[2019-12-09T02:33:16.709+0000][1][safepoint    ] Application time: 0.0188657 seconds
[2019-12-09T02:33:16.768+0000][1][safepoint    ] Entering safepoint region: RevokeBias
[2019-12-09T02:33:16.768+0000][1][safepoint    ] Leaving safepoint region
[2019-12-09T02:33:16.768+0000][1][safepoint    ] Total time for which application threads were stopped: 0.0591836 seconds, Stopping threads took: 0.0590692 seconds
[2019-12-09T02:33:16.770+0000][1][safepoint    ] Application time: 0.0018029 seconds
[2019-12-09T02:33:16.788+0000][1][safepoint    ] Entering safepoint region: RevokeBias
[2019-12-09T02:33:16.788+0000][1][safepoint    ] Leaving safepoint region
[2019-12-09T02:33:16.788+0000][1][safepoint    ] Total time for which application threads were stopped: 0.0185048 seconds, Stopping threads took: 0.0184225 seconds
[2019-12-09T02:33:16.788+0000][1][safepoint    ] Application time: 0.0001511 seconds
[2019-12-09T02:33:16.788+0000][1][safepoint    ] Entering safepoint region: BulkRevokeBias
[2019-12-09T02:33:16.789+0000][1][safepoint    ] Leaving safepoint region
[2019-12-09T02:33:16.789+0000][1][safepoint    ] Total time for which application threads were stopped: 0.0001316 seconds, Stopping threads took: 0.0000146 seconds
[2019-12-09T02:33:16.789+0000][1][safepoint    ] Application time: 0.0001536 seconds
[2019-12-09T02:33:16.789+0000][1][safepoint    ] Entering safepoint region: RevokeBias
[2019-12-09T02:33:16.789+0000][1][safepoint    ] Leaving safepoint region
[2019-12-09T02:33:16.789+0000][1][safepoint    ] Total time for which application threads were stopped: 0.0000585 seconds, Stopping threads took: 0.0000079 seconds
[2019-12-09T02:33:16.789+0000][1][safepoint    ] Application time: 0.0001838 seconds
[2019-12-09T02:33:16.789+0000][1][safepoint    ] Entering safepoint region: RevokeBias
[2019-12-09T02:33:16.789+0000][1][safepoint    ] Leaving safepoint region
[2019-12-09T02:33:16.789+0000][1][safepoint    ] Total time for which application threads were stopped: 0.0000578 seconds, Stopping threads took: 0.0000081 seconds
[2019-12-09T02:33:16.789+0000][1][safepoint    ] Application time: 0.0000754 seconds
[2019-12-09T02:33:16.789+0000][1][safepoint    ] Entering safepoint region: RevokeBias
[2019-12-09T02:33:16.789+0000][1][safepoint    ] Leaving safepoint region
[2019-12-09T02:33:16.789+0000][1][safepoint    ] Total time for which application threads were stopped: 0.0000496 seconds, Stopping threads took: 0.0000077 seconds
[2019-12-09T02:33:16.789+0000][1][safepoint    ] Application time: 0.0001709 seconds
[2019-12-09T02:33:16.789+0000][1][safepoint    ] Entering safepoint region: RevokeBias
[2019-12-09T02:33:16.789+0000][1][safepoint    ] Leaving safepoint region
[2019-12-09T02:33:16.789+0000][1][safepoint    ] Total time for which application threads were stopped: 0.0000776 seconds, Stopping threads took: 0.0000185 seconds
[2019-12-09T02:33:16.790+0000][1][safepoint    ] Application time: 0.0000559 seconds
[2019-12-09T02:33:16.790+0000][1][safepoint    ] Entering safepoint region: RevokeBias
[2019-12-09T02:33:16.790+0000][1][safepoint    ] Leaving safepoint region
[2019-12-09T02:33:16.790+0000][1][safepoint    ] Total time for which application threads were stopped: 0.0000537 seconds, Stopping threads took: 0.0000079 seconds
[2019-12-09T02:33:16.790+0000][1][safepoint    ] Application time: 0.0000706 seconds
[2019-12-09T02:33:16.790+0000][1][safepoint    ] Entering safepoint region: RevokeBias
[2019-12-09T02:33:16.790+0000][1][safepoint    ] Leaving safepoint region
[2019-12-09T02:33:16.790+0000][1][safepoint    ] Total time for which application threads were stopped: 0.0000560 seconds, Stopping threads took: 0.0000084 seconds
[2019-12-09T02:33:16.790+0000][1][safepoint    ] Application time: 0.0000750 seconds
[2019-12-09T02:33:16.790+0000][1][safepoint    ] Entering safepoint region: RevokeBias
[2019-12-09T02:33:16.790+0000][1][safepoint    ] Leaving safepoint region
[2019-12-09T02:33:16.790+0000][1][safepoint    ] Total time for which application threads were stopped: 0.0000492 seconds, Stopping threads took: 0.0000086 seconds
[2019-12-09T02:33:16.790+0000][1][safepoint    ] Application time: 0.0000536 seconds
[2019-12-09T02:33:16.790+0000][1][safepoint    ] Entering safepoint region: RevokeBias
[2019-12-09T02:33:16.790+0000][1][safepoint    ] Leaving safepoint region
[2019-12-09T02:33:16.790+0000][1][safepoint    ] Total time for which application threads were stopped: 0.0000475 seconds, Stopping threads took: 0.0000085 seconds
[2019-12-09T02:33:16.790+0000][1][safepoint    ] Application time: 0.0000529 seconds
[2019-12-09T02:33:16.790+0000][1][safepoint    ] Entering safepoint region: RevokeBias
[2019-12-09T02:33:16.790+0000][1][safepoint    ] Leaving safepoint region
[2019-12-09T02:33:16.790+0000][1][safepoint    ] Total time for which application threads were stopped: 0.0000466 seconds, Stopping threads took: 0.0000086 seconds
[2019-12-09T02:33:16.790+0000][1][safepoint    ] Application time: 0.0000523 seconds
[2019-12-09T02:33:16.790+0000][1][safepoint    ] Entering safepoint region: RevokeBias
[2019-12-09T02:33:16.790+0000][1][safepoint    ] Leaving safepoint region
[2019-12-09T02:33:16.790+0000][1][safepoint    ] Total time for which application threads were stopped: 0.0000515 seconds, Stopping threads took: 0.0000135 seconds
[2019-12-09T02:33:16.790+0000][1][safepoint    ] Application time: 0.0000528 seconds
[2019-12-09T02:33:16.790+0000][1][safepoint    ] Entering safepoint region: RevokeBias
[2019-12-09T02:33:16.790+0000][1][safepoint    ] Leaving safepoint region
[2019-12-09T02:33:16.790+0000][1][safepoint    ] Total time for which application threads were stopped: 0.0000483 seconds, Stopping threads took: 0.0000087 seconds
[2019-12-09T02:33:16.790+0000][1][safepoint    ] Application time: 0.0000518 seconds
[2019-12-09T02:33:16.790+0000][1][safepoint    ] Entering safepoint region: RevokeBias
[2019-12-09T02:33:16.790+0000][1][safepoint    ] Leaving safepoint region
[2019-12-09T02:33:16.790+0000][1][safepoint    ] Total time for which application threads were stopped: 0.0000476 seconds, Stopping threads took: 0.0000080 seconds
[2019-12-09T02:33:16.791+0000][1][safepoint    ] Application time: 0.0000517 seconds
[2019-12-09T02:33:16.791+0000][1][safepoint    ] Entering safepoint region: RevokeBias
[2019-12-09T02:33:16.791+0000][1][safepoint    ] Leaving safepoint region
[2019-12-09T02:33:16.791+0000][1][safepoint    ] Total time for which application threads were stopped: 0.0000464 seconds, Stopping threads took: 0.0000083 seconds
[2019-12-09T02:33:16.791+0000][1][safepoint    ] Application time: 0.0000525 seconds
[2019-12-09T02:33:16.791+0000][1][safepoint    ] Entering safepoint region: RevokeBias
[2019-12-09T02:33:16.791+0000][1][safepoint    ] Leaving safepoint region
[2019-12-09T02:33:16.791+0000][1][safepoint    ] Total time for which application threads were stopped: 0.0000475 seconds, Stopping threads took: 0.0000088 seconds
[2019-12-09T02:33:16.791+0000][1][safepoint    ] Application time: 0.0000543 seconds
[2019-12-09T02:33:16.791+0000][1][safepoint    ] Entering safepoint region: RevokeBias
[2019-12-09T02:33:16.791+0000][1][safepoint    ] Leaving safepoint region
[2019-12-09T02:33:16.791+0000][1][safepoint    ] Total time for which application threads were stopped: 0.0000460 seconds, Stopping threads took: 0.0000082 seconds
[2019-12-09T02:33:16.791+0000][1][safepoint    ] Application time: 0.0000761 seconds
[2019-12-09T02:33:16.791+0000][1][safepoint    ] Entering safepoint region: RevokeBias
[2019-12-09T02:33:16.791+0000][1][safepoint    ] Leaving safepoint region
[2019-12-09T02:33:16.791+0000][1][safepoint    ] Total time for which application threads were stopped: 0.0000482 seconds, Stopping threads took: 0.0000083 seconds
[2019-12-09T02:33:16.791+0000][1][safepoint    ] Application time: 0.0000530 seconds
[2019-12-09T02:33:16.791+0000][1][safepoint    ] Entering safepoint region: RevokeBias
[2019-12-09T02:33:16.791+0000][1][safepoint    ] Leaving safepoint region
[2019-12-09T02:33:16.791+0000][1][safepoint    ] Total time for which application threads were stopped: 0.0000464 seconds, Stopping threads took: 0.0000083 seconds
[2019-12-09T02:33:16.791+0000][1][safepoint    ] Application time: 0.0000520 seconds
[2019-12-09T02:33:16.791+0000][1][safepoint    ] Entering safepoint region: RevokeBias
[2019-12-09T02:33:16.791+0000][1][safepoint    ] Leaving safepoint region
[2019-12-09T02:33:16.791+0000][1][safepoint    ] Total time for which application threads were stopped: 0.0000462 seconds, Stopping threads took: 0.0000083 seconds
[2019-12-09T02:33:16.791+0000][1][safepoint    ] Application time: 0.0000519 seconds
[2019-12-09T02:33:16.791+0000][1][safepoint    ] Entering safepoint region: RevokeBias
[2019-12-09T02:33:16.791+0000][1][safepoint    ] Leaving safepoint region
[2019-12-09T02:33:16.791+0000][1][safepoint    ] Total time for which application threads were stopped: 0.0000456 seconds, Stopping threads took: 0.0000084 seconds
[2019-12-09T02:33:16.791+0000][1][safepoint    ] Application time: 0.0000527 seconds
[2019-12-09T02:33:16.791+0000][1][safepoint    ] Entering safepoint region: RevokeBias
[2019-12-09T02:33:16.791+0000][1][safepoint    ] Leaving safepoint region
[2019-12-09T02:33:16.791+0000][1][safepoint    ] Total time for which application threads were stopped: 0.0000494 seconds, Stopping threads took: 0.0000132 seconds
[2019-12-09T02:33:16.792+0000][1][safepoint    ] Application time: 0.0000543 seconds
[2019-12-09T02:33:16.792+0000][1][safepoint    ] Entering safepoint region: BulkRevokeBias
[2019-12-09T02:33:16.792+0000][1][safepoint    ] Leaving safepoint region
[2019-12-09T02:33:16.792+0000][1][safepoint    ] Total time for which application threads were stopped: 0.0001028 seconds, Stopping threads took: 0.0000078 seconds
[2019-12-09T02:33:16.792+0000][1][safepoint    ] Application time: 0.0001846 seconds
[2019-12-09T02:33:16.792+0000][1][safepoint    ] Entering safepoint region: RevokeBias
[2019-12-09T02:33:16.792+0000][1][safepoint    ] Leaving safepoint region
[2019-12-09T02:33:16.792+0000][1][safepoint    ] Total time for which application threads were stopped: 0.0000601 seconds, Stopping threads took: 0.0000081 seconds
[2019-12-09T02:33:16.792+0000][1][safepoint    ] Application time: 0.0001275 seconds
[2019-12-09T02:33:16.792+0000][1][safepoint    ] Entering safepoint region: RevokeBias
[2019-12-09T02:33:16.792+0000][1][safepoint    ] Leaving safepoint region
[2019-12-09T02:33:16.792+0000][1][safepoint    ] Total time for which application threads were stopped: 0.0000443 seconds, Stopping threads took: 0.0000076 seconds
[2019-12-09T02:33:16.793+0000][1][safepoint    ] Application time: 0.0005370 seconds
[2019-12-09T02:33:16.793+0000][1][safepoint    ] Entering safepoint region: RevokeBias
[2019-12-09T02:33:16.793+0000][1][safepoint    ] Leaving safepoint region
[2019-12-09T02:33:16.793+0000][1][safepoint    ] Total time for which application threads were stopped: 0.0001075 seconds, Stopping threads took: 0.0000092 seconds
[2019-12-09T02:33:16.793+0000][1][safepoint    ] Application time: 0.0001077 seconds
[2019-12-09T02:33:16.793+0000][1][safepoint    ] Entering safepoint region: RevokeBias
[2019-12-09T02:33:16.793+0000][1][safepoint    ] Leaving safepoint region
[2019-12-09T02:33:16.793+0000][1][safepoint    ] Total time for which application threads were stopped: 0.0000767 seconds, Stopping threads took: 0.0000086 seconds
[2019-12-09T02:33:16.793+0000][1][safepoint    ] Application time: 0.0000798 seconds
[2019-12-09T02:33:16.793+0000][1][safepoint    ] Entering safepoint region: RevokeBias
[2019-12-09T02:33:16.793+0000][1][safepoint    ] Leaving safepoint region
[2019-12-09T02:33:16.793+0000][1][safepoint    ] Total time for which application threads were stopped: 0.0000733 seconds, Stopping threads took: 0.0000074 seconds
[2019-12-09T02:33:16.793+0000][1][safepoint    ] Application time: 0.0001875 seconds
[2019-12-09T02:33:16.793+0000][1][safepoint    ] Entering safepoint region: RevokeBias
[2019-12-09T02:33:16.793+0000][1][safepoint    ] Leaving safepoint region
[2019-12-09T02:33:16.793+0000][1][safepoint    ] Total time for which application threads were stopped: 0.0000699 seconds, Stopping threads took: 0.0000079 seconds
[2019-12-09T02:33:16.794+0000][1][safepoint    ] Application time: 0.0003302 seconds
[2019-12-09T02:33:16.794+0000][1][safepoint    ] Entering safepoint region: RevokeBias
[2019-12-09T02:33:16.794+0000][1][safepoint    ] Leaving safepoint region
[2019-12-09T02:33:16.794+0000][1][safepoint    ] Total time for which application threads were stopped: 0.0000598 seconds, Stopping threads took: 0.0000089 seconds
[2019-12-09T02:33:16.794+0000][1][safepoint    ] Application time: 0.0000561 seconds
[2019-12-09T02:33:16.794+0000][1][safepoint    ] Entering safepoint region: RevokeBias
[2019-12-09T02:33:16.794+0000][1][safepoint    ] Leaving safepoint region
[2019-12-09T02:33:16.794+0000][1][safepoint    ] Total time for which application threads were stopped: 0.0000441 seconds, Stopping threads took: 0.0000073 seconds
[2019-12-09T02:33:16.794+0000][1][safepoint    ] Application time: 0.0000495 seconds
[2019-12-09T02:33:16.794+0000][1][safepoint    ] Entering safepoint region: RevokeBias
[2019-12-09T02:33:16.794+0000][1][safepoint    ] Leaving safepoint region
[2019-12-09T02:33:16.794+0000][1][safepoint    ] Total time for which application threads were stopped: 0.0000481 seconds, Stopping threads took: 0.0000120 seconds
[2019-12-09T02:33:16.794+0000][1][safepoint    ] Application time: 0.0000507 seconds
[2019-12-09T02:33:16.794+0000][1][safepoint    ] Entering safepoint region: RevokeBias
[2019-12-09T02:33:16.794+0000][1][safepoint    ] Leaving safepoint region
[2019-12-09T02:33:16.794+0000][1][safepoint    ] Total time for which application threads were stopped: 0.0000427 seconds, Stopping threads took: 0.0000073 seconds
[2019-12-09T02:33:16.794+0000][1][safepoint    ] Application time: 0.0000492 seconds
[2019-12-09T02:33:16.794+0000][1][safepoint    ] Entering safepoint region: RevokeBias
[2019-12-09T02:33:16.794+0000][1][safepoint    ] Leaving safepoint region
[2019-12-09T02:33:16.794+0000][1][safepoint    ] Total time for which application threads were stopped: 0.0000422 seconds, Stopping threads took: 0.0000073 seconds
[2019-12-09T02:33:16.794+0000][1][safepoint    ] Application time: 0.0000513 seconds
[2019-12-09T02:33:16.794+0000][1][safepoint    ] Entering safepoint region: RevokeBias
[2019-12-09T02:33:16.794+0000][1][safepoint    ] Leaving safepoint region
[2019-12-09T02:33:16.794+0000][1][safepoint    ] Total time for which application threads were stopped: 0.0000424 seconds, Stopping threads took: 0.0000074 seconds
[2019-12-09T02:33:16.794+0000][1][safepoint    ] Application time: 0.0000506 seconds
[2019-12-09T02:33:16.794+0000][1][safepoint    ] Entering safepoint region: RevokeBias
[2019-12-09T02:33:16.794+0000][1][safepoint    ] Leaving safepoint region
[2019-12-09T02:33:16.794+0000][1][safepoint    ] Total time for which application threads were stopped: 0.0000418 seconds, Stopping threads took: 0.0000073 seconds
[2019-12-09T02:33:16.795+0000][1][safepoint    ] Application time: 0.0000494 seconds
[2019-12-09T02:33:16.795+0000][1][safepoint    ] Entering safepoint region: RevokeBias
[2019-12-09T02:33:16.795+0000][1][safepoint    ] Leaving safepoint region
[2019-12-09T02:33:16.795+0000][1][safepoint    ] Total time for which application threads were stopped: 0.0000423 seconds, Stopping threads took: 0.0000077 seconds
[2019-12-09T02:33:16.795+0000][1][safepoint    ] Application time: 0.0000497 seconds
[2019-12-09T02:33:16.795+0000][1][safepoint    ] Entering safepoint region: RevokeBias
[2019-12-09T02:33:16.795+0000][1][safepoint    ] Leaving safepoint region
[2019-12-09T02:33:16.795+0000][1][safepoint    ] Total time for which application threads were stopped: 0.0000621 seconds, Stopping threads took: 0.0000072 seconds
[2019-12-09T02:33:16.795+0000][1][safepoint    ] Application time: 0.0000723 seconds
[2019-12-09T02:33:16.795+0000][1][safepoint    ] Entering safepoint region: RevokeBias
[2019-12-09T02:33:16.795+0000][1][safepoint    ] Leaving safepoint region
[2019-12-09T02:33:16.795+0000][1][safepoint    ] Total time for which application threads were stopped: 0.0000451 seconds, Stopping threads took: 0.0000074 seconds
[2019-12-09T02:33:16.795+0000][1][safepoint    ] Application time: 0.0000497 seconds
[2019-12-09T02:33:16.795+0000][1][safepoint    ] Entering safepoint region: RevokeBias
[2019-12-09T02:33:16.795+0000][1][safepoint    ] Leaving safepoint region
[2019-12-09T02:33:16.795+0000][1][safepoint    ] Total time for which application threads were stopped: 0.0000423 seconds, Stopping threads took: 0.0000073 seconds
[2019-12-09T02:33:16.795+0000][1][safepoint    ] Application time: 0.0000495 seconds
[2019-12-09T02:33:16.795+0000][1][safepoint    ] Entering safepoint region: RevokeBias
[2019-12-09T02:33:16.795+0000][1][safepoint    ] Leaving safepoint region
[2019-12-09T02:33:16.795+0000][1][safepoint    ] Total time for which application threads were stopped: 0.0000421 seconds, Stopping threads took: 0.0000071 seconds
[2019-12-09T02:33:16.795+0000][1][safepoint    ] Application time: 0.0000495 seconds
[2019-12-09T02:33:16.795+0000][1][safepoint    ] Entering safepoint region: RevokeBias
[2019-12-09T02:33:16.795+0000][1][safepoint    ] Leaving safepoint region
[2019-12-09T02:33:16.795+0000][1][safepoint    ] Total time for which application threads were stopped: 0.0000576 seconds, Stopping threads took: 0.0000108 seconds
[2019-12-09T02:33:16.795+0000][1][safepoint    ] Application time: 0.0000500 seconds
[2019-12-09T02:33:16.795+0000][1][safepoint    ] Entering safepoint region: RevokeBias
[2019-12-09T02:33:16.795+0000][1][safepoint    ] Leaving safepoint region
[2019-12-09T02:33:16.795+0000][1][safepoint    ] Total time for which application threads were stopped: 0.0000423 seconds, Stopping threads took: 0.0000075 seconds
[2019-12-09T02:33:16.795+0000][1][safepoint    ] Application time: 0.0000490 seconds
[2019-12-09T02:33:16.795+0000][1][safepoint    ] Entering safepoint region: RevokeBias
[2019-12-09T02:33:16.795+0000][1][safepoint    ] Leaving safepoint region
[2019-12-09T02:33:16.795+0000][1][safepoint    ] Total time for which application threads were stopped: 0.0000417 seconds, Stopping threads took: 0.0000072 seconds
[2019-12-09T02:33:16.795+0000][1][safepoint    ] Application time: 0.0000500 seconds
[2019-12-09T02:33:16.795+0000][1][safepoint    ] Entering safepoint region: BulkRevokeBias
[2019-12-09T02:33:16.796+0000][1][safepoint    ] Leaving safepoint region
[2019-12-09T02:33:16.796+0000][1][safepoint    ] Total time for which application threads were stopped: 0.0001075 seconds, Stopping threads took: 0.0000074 seconds
[2019-12-09T02:33:16.796+0000][1][safepoint    ] Application time: 0.0005052 seconds
[2019-12-09T02:33:16.796+0000][1][safepoint    ] Entering safepoint region: RevokeBias
[2019-12-09T02:33:16.796+0000][1][safepoint    ] Leaving safepoint region
[2019-12-09T02:33:16.796+0000][1][safepoint    ] Total time for which application threads were stopped: 0.0001009 seconds, Stopping threads took: 0.0000104 seconds
[2019-12-09T02:33:16.797+0000][1][safepoint    ] Application time: 0.0010232 seconds
[2019-12-09T02:33:16.797+0000][1][safepoint    ] Entering safepoint region: RevokeBias
[2019-12-09T02:33:16.797+0000][1][safepoint    ] Leaving safepoint region
[2019-12-09T02:33:16.797+0000][1][safepoint    ] Total time for which application threads were stopped: 0.0000648 seconds, Stopping threads took: 0.0000101 seconds
[2019-12-09T02:33:16.800+0000][1][safepoint    ] Application time: 0.0028275 seconds
[2019-12-09T02:33:16.800+0000][1][safepoint    ] Entering safepoint region: RevokeBias
[2019-12-09T02:33:16.800+0000][1][safepoint    ] Leaving safepoint region
[2019-12-09T02:33:16.800+0000][1][safepoint    ] Total time for which application threads were stopped: 0.0000850 seconds, Stopping threads took: 0.0000108 seconds
[2019-12-09T02:33:16.800+0000][1][safepoint    ] Application time: 0.0000772 seconds
[2019-12-09T02:33:16.800+0000][1][safepoint    ] Entering safepoint region: RevokeBias
[2019-12-09T02:33:16.800+0000][1][safepoint    ] Leaving safepoint region
[2019-12-09T02:33:16.800+0000][1][safepoint    ] Total time for which application threads were stopped: 0.0000497 seconds, Stopping threads took: 0.0000083 seconds
[2019-12-09T02:33:16.802+0000][1][safepoint    ] Application time: 0.0013327 seconds
[2019-12-09T02:33:16.802+0000][1][safepoint    ] Entering safepoint region: RevokeBias
[2019-12-09T02:33:16.802+0000][1][safepoint    ] Leaving safepoint region
[2019-12-09T02:33:16.802+0000][1][safepoint    ] Total time for which application threads were stopped: 0.0001674 seconds, Stopping threads took: 0.0001283 seconds
[2019-12-09T02:33:16.802+0000][1][safepoint    ] Application time: 0.0000534 seconds
[2019-12-09T02:33:16.802+0000][1][safepoint    ] Entering safepoint region: RevokeBias
[2019-12-09T02:33:16.802+0000][1][safepoint    ] Leaving safepoint region
[2019-12-09T02:33:16.802+0000][1][safepoint    ] Total time for which application threads were stopped: 0.0000360 seconds, Stopping threads took: 0.0000078 seconds
[2019-12-09T02:33:16.802+0000][1][safepoint    ] Application time: 0.0003047 seconds
[2019-12-09T02:33:16.802+0000][1][safepoint    ] Entering safepoint region: RevokeBias
[2019-12-09T02:33:16.802+0000][1][safepoint    ] Leaving safepoint region
[2019-12-09T02:33:16.802+0000][1][safepoint    ] Total time for which application threads were stopped: 0.0000470 seconds, Stopping threads took: 0.0000130 seconds
[2019-12-09T02:33:16.803+0000][1][safepoint    ] Application time: 0.0001162 seconds
[2019-12-09T02:33:16.803+0000][1][safepoint    ] Entering safepoint region: RevokeBias
[2019-12-09T02:33:16.803+0000][1][safepoint    ] Leaving safepoint region
[2019-12-09T02:33:16.803+0000][1][safepoint    ] Total time for which application threads were stopped: 0.0000378 seconds, Stopping threads took: 0.0000077 seconds
[2019-12-09T02:33:16.803+0000][1][safepoint    ] Application time: 0.0003365 seconds
[2019-12-09T02:33:16.803+0000][1][safepoint    ] Entering safepoint region: RevokeBias
[2019-12-09T02:33:16.803+0000][1][safepoint    ] Leaving safepoint region
[2019-12-09T02:33:16.803+0000][1][safepoint    ] Total time for which application threads were stopped: 0.0000512 seconds, Stopping threads took: 0.0000107 seconds
[2019-12-09T02:33:16.803+0000][1][safepoint    ] Application time: 0.0004172 seconds
[2019-12-09T02:33:16.803+0000][1][safepoint    ] Entering safepoint region: RevokeBias
[2019-12-09T02:33:16.803+0000][1][safepoint    ] Leaving safepoint region
[2019-12-09T02:33:16.803+0000][1][safepoint    ] Total time for which application threads were stopped: 0.0000509 seconds, Stopping threads took: 0.0000101 seconds
[2019-12-09T02:33:16.804+0000][1][safepoint    ] Application time: 0.0001292 seconds
[2019-12-09T02:33:16.804+0000][1][safepoint    ] Entering safepoint region: RevokeBias
[2019-12-09T02:33:16.804+0000][1][safepoint    ] Leaving safepoint region
[2019-12-09T02:33:16.804+0000][1][safepoint    ] Total time for which application threads were stopped: 0.0000670 seconds, Stopping threads took: 0.0000090 seconds
[2019-12-09T02:33:16.804+0000][1][safepoint    ] Application time: 0.0002330 seconds
[2019-12-09T02:33:16.804+0000][1][safepoint    ] Entering safepoint region: RevokeBias
[2019-12-09T02:33:16.804+0000][1][safepoint    ] Leaving safepoint region
[2019-12-09T02:33:16.804+0000][1][safepoint    ] Total time for which application threads were stopped: 0.0000491 seconds, Stopping threads took: 0.0000092 seconds
[2019-12-09T02:33:16.805+0000][1][safepoint    ] Application time: 0.0014006 seconds
[2019-12-09T02:33:16.805+0000][1][safepoint    ] Entering safepoint region: RevokeBias
[2019-12-09T02:33:16.805+0000][1][safepoint    ] Leaving safepoint region
[2019-12-09T02:33:16.805+0000][1][safepoint    ] Total time for which application threads were stopped: 0.0000561 seconds, Stopping threads took: 0.0000096 seconds
[2019-12-09T02:33:16.806+0000][1][safepoint    ] Application time: 0.0000608 seconds
[2019-12-09T02:33:16.806+0000][1][safepoint    ] Entering safepoint region: RevokeBias
[2019-12-09T02:33:16.806+0000][1][safepoint    ] Leaving safepoint region
[2019-12-09T02:33:16.806+0000][1][safepoint    ] Total time for which application threads were stopped: 0.0000408 seconds, Stopping threads took: 0.0000074 seconds
[2019-12-09T02:33:16.822+0000][1][safepoint    ] Application time: 0.0159120 seconds
[2019-12-09T02:33:16.822+0000][1][safepoint    ] Entering safepoint region: RevokeBias
[2019-12-09T02:33:16.822+0000][1][safepoint    ] Leaving safepoint region
[2019-12-09T02:33:16.822+0000][1][safepoint    ] Total time for which application threads were stopped: 0.0000650 seconds, Stopping threads took: 0.0000120 seconds
[2019-12-09T02:33:16.822+0000][1][safepoint    ] Application time: 0.0000751 seconds
[2019-12-09T02:33:16.822+0000][1][safepoint    ] Entering safepoint region: RevokeBias
[2019-12-09T02:33:16.822+0000][1][safepoint    ] Leaving safepoint region
[2019-12-09T02:33:16.822+0000][1][safepoint    ] Total time for which application threads were stopped: 0.0000476 seconds, Stopping threads took: 0.0000085 seconds
[2019-12-09T02:33:16.822+0000][1][safepoint    ] Application time: 0.0002310 seconds
[2019-12-09T02:33:16.822+0000][1][safepoint    ] Entering safepoint region: RevokeBias
[2019-12-09T02:33:16.822+0000][1][safepoint    ] Leaving safepoint region
[2019-12-09T02:33:16.822+0000][1][safepoint    ] Total time for which application threads were stopped: 0.0000552 seconds, Stopping threads took: 0.0000148 seconds
[2019-12-09T02:33:16.823+0000][1][safepoint    ] Application time: 0.0005783 seconds
[2019-12-09T02:33:16.823+0000][1][safepoint    ] Entering safepoint region: RevokeBias
[2019-12-09T02:33:16.823+0000][1][safepoint    ] Leaving safepoint region
[2019-12-09T02:33:16.823+0000][1][safepoint    ] Total time for which application threads were stopped: 0.0000474 seconds, Stopping threads took: 0.0000154 seconds
[2019-12-09T02:33:16.849+0000][1][safepoint    ] Application time: 0.0261246 seconds
[2019-12-09T02:33:16.849+0000][1][safepoint    ] Entering safepoint region: RevokeBias
[2019-12-09T02:33:16.849+0000][1][safepoint    ] Leaving safepoint region
[2019-12-09T02:33:16.849+0000][1][safepoint    ] Total time for which application threads were stopped: 0.0000507 seconds, Stopping threads took: 0.0000124 seconds
[2019-12-09T02:33:17.027+0000][1][safepoint    ] Application time: 0.1777911 seconds
[2019-12-09T02:33:17.027+0000][1][safepoint    ] Entering safepoint region: RevokeBias
[2019-12-09T02:33:17.027+0000][1][safepoint    ] Leaving safepoint region
[2019-12-09T02:33:17.027+0000][1][safepoint    ] Total time for which application threads were stopped: 0.0001464 seconds, Stopping threads took: 0.0000851 seconds
[2019-12-09T02:33:17.073+0000][1][safepoint    ] Application time: 0.0457744 seconds
[2019-12-09T02:33:17.151+0000][1][safepoint    ] Entering safepoint region: RevokeBias
[2019-12-09T02:33:17.151+0000][1][safepoint    ] Leaving safepoint region
[2019-12-09T02:33:17.151+0000][1][safepoint    ] Total time for which application threads were stopped: 0.0781882 seconds, Stopping threads took: 0.0780006 seconds
[2019-12-09T02:33:18.180+0000][1][safepoint    ] Application time: 1.0292490 seconds
[2019-12-09T02:33:18.214+0000][1][safepoint    ] Entering safepoint region: RevokeBias
[2019-12-09T02:33:18.214+0000][1][safepoint    ] Leaving safepoint region
[2019-12-09T02:33:18.214+0000][1][safepoint    ] Total time for which application threads were stopped: 0.0336398 seconds, Stopping threads took: 0.0335598 seconds
[2019-12-09T02:33:18.222+0000][1][safepoint    ] Application time: 0.0079097 seconds
[2019-12-09T02:33:18.222+0000][1][safepoint    ] Entering safepoint region: RevokeBias
[2019-12-09T02:33:18.222+0000][1][safepoint    ] Leaving safepoint region
[2019-12-09T02:33:18.222+0000][1][safepoint    ] Total time for which application threads were stopped: 0.0001178 seconds, Stopping threads took: 0.0000703 seconds
[2019-12-09T02:33:18.224+0000][1][safepoint    ] Application time: 0.0021642 seconds
[2019-12-09T02:33:18.224+0000][1][safepoint    ] Entering safepoint region: GenCollectForAllocation
[2019-12-09T02:33:18.224+0000][1][gc,start     ] GC(20) Pause Young (Allocation Failure)
[2019-12-09T02:33:18.224+0000][1][gc,task      ] GC(20) Using 2 workers of 2 for evacuation
[2019-12-09T02:33:18.337+0000][1][gc,age       ] GC(20) Desired survivor size 4456448 bytes, new threshold 2 (max threshold 6)
[2019-12-09T02:33:18.337+0000][1][gc,age       ] GC(20) Age table with threshold 2 (max threshold 6)
[2019-12-09T02:33:18.337+0000][1][gc,age       ] GC(20) - age   1:    2814536 bytes,    2814536 total
[2019-12-09T02:33:18.337+0000][1][gc,age       ] GC(20) - age   2:    2459272 bytes,    5273808 total
[2019-12-09T02:33:18.337+0000][1][gc,age       ] GC(20) - age   3:    1656472 bytes,    6930280 total
[2019-12-09T02:33:18.337+0000][1][gc,heap      ] GC(20) ParNew: 76968K->8704K(78656K)
[2019-12-09T02:33:18.337+0000][1][gc,heap      ] GC(20) CMS: 54855K->56309K(174784K)
[2019-12-09T02:33:18.337+0000][1][gc,metaspace ] GC(20) Metaspace: 48420K->48420K(1093632K)
[2019-12-09T02:33:18.337+0000][1][gc           ] GC(20) Pause Young (Allocation Failure) 128M->63M(247M) 112.598ms
[2019-12-09T02:33:18.337+0000][1][gc,cpu       ] GC(20) User=0.04s Sys=0.00s Real=0.12s
[2019-12-09T02:33:18.337+0000][1][safepoint    ] Leaving safepoint region
[2019-12-09T02:33:18.337+0000][1][safepoint    ] Total time for which application threads were stopped: 0.1127468 seconds, Stopping threads took: 0.0000125 seconds
[2019-12-09T02:33:18.909+0000][1][safepoint    ] Application time: 0.5719959 seconds
[2019-12-09T02:33:18.909+0000][1][safepoint    ] Entering safepoint region: RevokeBias
[2019-12-09T02:33:18.909+0000][1][safepoint    ] Leaving safepoint region
[2019-12-09T02:33:18.909+0000][1][safepoint    ] Total time for which application threads were stopped: 0.0005010 seconds, Stopping threads took: 0.0000164 seconds
[2019-12-09T02:33:19.257+0000][1][safepoint    ] Application time: 0.3475605 seconds
[2019-12-09T02:33:19.312+0000][1][safepoint    ] Entering safepoint region: RevokeBias
[2019-12-09T02:33:19.312+0000][1][safepoint    ] Leaving safepoint region
[2019-12-09T02:33:19.312+0000][1][safepoint    ] Total time for which application threads were stopped: 0.0549083 seconds, Stopping threads took: 0.0548306 seconds
[2019-12-09T02:33:19.468+0000][1][safepoint    ] Application time: 0.1556959 seconds
[2019-12-09T02:33:19.468+0000][1][safepoint    ] Entering safepoint region: RevokeBias
[2019-12-09T02:33:19.468+0000][1][safepoint    ] Leaving safepoint region
[2019-12-09T02:33:19.468+0000][1][safepoint    ] Total time for which application threads were stopped: 0.0000956 seconds, Stopping threads took: 0.0000344 seconds
[2019-12-09T02:33:19.469+0000][1][safepoint    ] Application time: 0.0010448 seconds
[2019-12-09T02:33:19.469+0000][1][safepoint    ] Entering safepoint region: RevokeBias
[2019-12-09T02:33:19.469+0000][1][safepoint    ] Leaving safepoint region
[2019-12-09T02:33:19.469+0000][1][safepoint    ] Total time for which application threads were stopped: 0.0000585 seconds, Stopping threads took: 0.0000132 seconds
[2019-12-09T02:33:19.503+0000][1][safepoint    ] Application time: 0.0344757 seconds
[2019-12-09T02:33:19.503+0000][1][safepoint    ] Entering safepoint region: RevokeBias
[2019-12-09T02:33:19.503+0000][1][safepoint    ] Leaving safepoint region
[2019-12-09T02:33:19.503+0000][1][safepoint    ] Total time for which application threads were stopped: 0.0000619 seconds, Stopping threads took: 0.0000142 seconds
[2019-12-09T02:33:19.507+0000][1][safepoint    ] Application time: 0.0030969 seconds
[2019-12-09T02:33:19.507+0000][1][safepoint    ] Entering safepoint region: RevokeBias
[2019-12-09T02:33:19.507+0000][1][safepoint    ] Leaving safepoint region
[2019-12-09T02:33:19.507+0000][1][safepoint    ] Total time for which application threads were stopped: 0.0000534 seconds, Stopping threads took: 0.0000125 seconds
[2019-12-09T02:33:19.558+0000][1][safepoint    ] Application time: 0.0518165 seconds
[2019-12-09T02:33:19.559+0000][1][safepoint    ] Entering safepoint region: RevokeBias
[2019-12-09T02:33:19.559+0000][1][safepoint    ] Leaving safepoint region
[2019-12-09T02:33:19.559+0000][1][safepoint    ] Total time for which application threads were stopped: 0.0000623 seconds, Stopping threads took: 0.0000140 seconds
[2019-12-09T02:33:19.663+0000][1][safepoint    ] Application time: 0.1040320 seconds
[2019-12-09T02:33:19.663+0000][1][safepoint    ] Entering safepoint region: RevokeBias
[2019-12-09T02:33:19.663+0000][1][safepoint    ] Leaving safepoint region
[2019-12-09T02:33:19.663+0000][1][safepoint    ] Total time for which application threads were stopped: 0.0000890 seconds, Stopping threads took: 0.0000153 seconds
[2019-12-09T02:33:19.689+0000][1][safepoint    ] Application time: 0.0260884 seconds
[2019-12-09T02:33:19.689+0000][1][safepoint    ] Entering safepoint region: RevokeBias
[2019-12-09T02:33:19.689+0000][1][safepoint    ] Leaving safepoint region
[2019-12-09T02:33:19.689+0000][1][safepoint    ] Total time for which application threads were stopped: 0.0000622 seconds, Stopping threads took: 0.0000137 seconds
[2019-12-09T02:33:19.785+0000][1][safepoint    ] Application time: 0.0958145 seconds
[2019-12-09T02:33:19.785+0000][1][safepoint    ] Entering safepoint region: RevokeBias
[2019-12-09T02:33:19.785+0000][1][safepoint    ] Leaving safepoint region
[2019-12-09T02:33:19.785+0000][1][safepoint    ] Total time for which application threads were stopped: 0.0000885 seconds, Stopping threads took: 0.0000222 seconds
[2019-12-09T02:33:20.331+0000][1][safepoint    ] Application time: 0.5461402 seconds
[2019-12-09T02:33:20.396+0000][1][safepoint    ] Entering safepoint region: RevokeBias
[2019-12-09T02:33:20.396+0000][1][safepoint    ] Leaving safepoint region
[2019-12-09T02:33:20.396+0000][1][safepoint    ] Total time for which application threads were stopped: 0.0647892 seconds, Stopping threads took: 0.0647146 seconds
[2019-12-09T02:33:21.397+0000][1][safepoint    ] Application time: 1.0008514 seconds
[2019-12-09T02:33:21.454+0000][1][safepoint    ] Entering safepoint region: Cleanup
[2019-12-09T02:33:21.454+0000][1][safepoint    ] Leaving safepoint region
[2019-12-09T02:33:21.455+0000][1][safepoint    ] Total time for which application threads were stopped: 0.0577650 seconds, Stopping threads took: 0.0572736 seconds
[2019-12-09T02:33:21.796+0000][1][safepoint    ] Application time: 0.3411937 seconds
[2019-12-09T02:33:21.796+0000][1][safepoint    ] Entering safepoint region: RevokeBias
[2019-12-09T02:33:21.796+0000][1][safepoint    ] Leaving safepoint region
[2019-12-09T02:33:21.796+0000][1][safepoint    ] Total time for which application threads were stopped: 0.0000893 seconds, Stopping threads took: 0.0000161 seconds
[2019-12-09T02:33:22.803+0000][1][safepoint    ] Application time: 1.0068698 seconds
[2019-12-09T02:33:22.829+0000][1][safepoint    ] Entering safepoint region: Cleanup
[2019-12-09T02:33:22.829+0000][1][safepoint    ] Leaving safepoint region
[2019-12-09T02:33:22.829+0000][1][safepoint    ] Total time for which application threads were stopped: 0.0261160 seconds, Stopping threads took: 0.0260203 seconds
[2019-12-09T02:33:23.237+0000][1][safepoint    ] Application time: 0.4078532 seconds
[2019-12-09T02:33:23.237+0000][1][safepoint    ] Entering safepoint region: RevokeBias
[2019-12-09T02:33:23.237+0000][1][safepoint    ] Leaving safepoint region
[2019-12-09T02:33:23.237+0000][1][safepoint    ] Total time for which application threads were stopped: 0.0000990 seconds, Stopping threads took: 0.0000172 seconds
[2019-12-09T02:33:23.464+0000][1][safepoint    ] Application time: 0.2268524 seconds
[2019-12-09T02:33:23.464+0000][1][safepoint    ] Entering safepoint region: RevokeBias
[2019-12-09T02:33:23.464+0000][1][safepoint    ] Leaving safepoint region
[2019-12-09T02:33:23.464+0000][1][safepoint    ] Total time for which application threads were stopped: 0.0000719 seconds, Stopping threads took: 0.0000163 seconds
[2019-12-09T02:33:23.466+0000][1][safepoint    ] Application time: 0.0018497 seconds
[2019-12-09T02:33:23.466+0000][1][safepoint    ] Entering safepoint region: RevokeBias
[2019-12-09T02:33:23.466+0000][1][safepoint    ] Leaving safepoint region
[2019-12-09T02:33:23.466+0000][1][safepoint    ] Total time for which application threads were stopped: 0.0000647 seconds, Stopping threads took: 0.0000154 seconds
[2019-12-09T02:33:23.810+0000][1][safepoint    ] Application time: 0.3439121 seconds
[2019-12-09T02:33:23.810+0000][1][safepoint    ] Entering safepoint region: GenCollectForAllocation
[2019-12-09T02:33:23.810+0000][1][gc,start     ] GC(21) Pause Young (Allocation Failure)
[2019-12-09T02:33:23.810+0000][1][gc,task      ] GC(21) Using 2 workers of 2 for evacuation
[2019-12-09T02:33:24.086+0000][1][gc,age       ] GC(21) Desired survivor size 4456448 bytes, new threshold 6 (max threshold 6)
[2019-12-09T02:33:24.086+0000][1][gc,age       ] GC(21) Age table with threshold 6 (max threshold 6)
[2019-12-09T02:33:24.086+0000][1][gc,age       ] GC(21) - age   1:    1628200 bytes,    1628200 total
[2019-12-09T02:33:24.086+0000][1][gc,age       ] GC(21) - age   2:    2747312 bytes,    4375512 total
[2019-12-09T02:33:24.086+0000][1][gc,heap      ] GC(21) ParNew: 78656K->6286K(78656K)
[2019-12-09T02:33:24.086+0000][1][gc,heap      ] GC(21) CMS: 56309K->60446K(174784K)
[2019-12-09T02:33:24.086+0000][1][gc,metaspace ] GC(21) Metaspace: 56031K->56031K(1099776K)
[2019-12-09T02:33:24.086+0000][1][gc           ] GC(21) Pause Young (Allocation Failure) 131M->65M(247M) 275.895ms
[2019-12-09T02:33:24.086+0000][1][gc,cpu       ] GC(21) User=0.08s Sys=0.00s Real=0.28s
[2019-12-09T02:33:24.086+0000][1][safepoint    ] Leaving safepoint region
[2019-12-09T02:33:24.086+0000][1][safepoint    ] Total time for which application threads were stopped: 0.2760468 seconds, Stopping threads took: 0.0000160 seconds
[2019-12-09T02:33:24.859+0000][1][safepoint    ] Application time: 0.7729137 seconds
[2019-12-09T02:33:24.859+0000][1][safepoint    ] Entering safepoint region: Deoptimize
[2019-12-09T02:33:24.859+0000][1][safepoint    ] Leaving safepoint region
[2019-12-09T02:33:24.859+0000][1][safepoint    ] Total time for which application threads were stopped: 0.0006316 seconds, Stopping threads took: 0.0000142 seconds
[2019-12-09T02:33:24.912+0000][1][safepoint    ] Application time: 0.0525831 seconds
[2019-12-09T02:33:24.912+0000][1][safepoint    ] Entering safepoint region: RevokeBias
[2019-12-09T02:33:24.912+0000][1][safepoint    ] Leaving safepoint region
[2019-12-09T02:33:24.912+0000][1][safepoint    ] Total time for which application threads were stopped: 0.0000874 seconds, Stopping threads took: 0.0000165 seconds
[2019-12-09T02:33:24.914+0000][1][safepoint    ] Application time: 0.0022160 seconds
[2019-12-09T02:33:24.914+0000][1][safepoint    ] Entering safepoint region: RevokeBias
[2019-12-09T02:33:24.914+0000][1][safepoint    ] Leaving safepoint region
[2019-12-09T02:33:24.914+0000][1][safepoint    ] Total time for which application threads were stopped: 0.0000627 seconds, Stopping threads took: 0.0000137 seconds
[2019-12-09T02:33:24.915+0000][1][safepoint    ] Application time: 0.0005302 seconds
[2019-12-09T02:33:24.915+0000][1][safepoint    ] Entering safepoint region: BulkRevokeBias
[2019-12-09T02:33:24.915+0000][1][safepoint    ] Leaving safepoint region
[2019-12-09T02:33:24.915+0000][1][safepoint    ] Total time for which application threads were stopped: 0.0002462 seconds, Stopping threads took: 0.0000136 seconds
[2019-12-09T02:33:25.130+0000][1][safepoint    ] Application time: 0.2148122 seconds
[2019-12-09T02:33:25.198+0000][1][safepoint    ] Entering safepoint region: RevokeBias
[2019-12-09T02:33:25.198+0000][1][safepoint    ] Leaving safepoint region
[2019-12-09T02:33:25.198+0000][1][safepoint    ] Total time for which application threads were stopped: 0.0679024 seconds, Stopping threads took: 0.0677958 seconds
[2019-12-09T02:33:25.198+0000][1][safepoint    ] Application time: 0.0000807 seconds
[2019-12-09T02:33:25.198+0000][1][safepoint    ] Entering safepoint region: RevokeBias
[2019-12-09T02:33:25.198+0000][1][safepoint    ] Leaving safepoint region
[2019-12-09T02:33:25.198+0000][1][safepoint    ] Total time for which application threads were stopped: 0.0000581 seconds, Stopping threads took: 0.0000086 seconds
[2019-12-09T02:33:25.198+0000][1][safepoint    ] Application time: 0.0002188 seconds
[2019-12-09T02:33:25.198+0000][1][safepoint    ] Entering safepoint region: RevokeBias
[2019-12-09T02:33:25.198+0000][1][safepoint    ] Leaving safepoint region
[2019-12-09T02:33:25.198+0000][1][safepoint    ] Total time for which application threads were stopped: 0.0000698 seconds, Stopping threads took: 0.0000109 seconds
[2019-12-09T02:33:26.200+0000][1][safepoint    ] Application time: 1.0012430 seconds
[2019-12-09T02:33:26.238+0000][1][safepoint    ] Entering safepoint region: Cleanup
[2019-12-09T02:33:26.239+0000][1][safepoint    ] Leaving safepoint region
[2019-12-09T02:33:26.239+0000][1][safepoint    ] Total time for which application threads were stopped: 0.0392140 seconds, Stopping threads took: 0.0379965 seconds
[2019-12-09T02:33:27.173+0000][1][safepoint    ] Application time: 0.9337413 seconds
[2019-12-09T02:33:27.173+0000][1][safepoint    ] Entering safepoint region: Deoptimize
[2019-12-09T02:33:27.173+0000][1][safepoint    ] Leaving safepoint region
[2019-12-09T02:33:27.173+0000][1][safepoint    ] Total time for which application threads were stopped: 0.0006225 seconds, Stopping threads took: 0.0000164 seconds
[2019-12-09T02:33:27.813+0000][1][safepoint    ] Application time: 0.6398167 seconds
[2019-12-09T02:33:27.813+0000][1][safepoint    ] Entering safepoint region: CollectForMetadataAllocation
[2019-12-09T02:33:27.813+0000][1][safepoint    ] Leaving safepoint region
[2019-12-09T02:33:27.813+0000][1][safepoint    ] Total time for which application threads were stopped: 0.0001964 seconds, Stopping threads took: 0.0000170 seconds
[2019-12-09T02:33:28.101+0000][1][safepoint    ] Application time: 0.2879491 seconds
[2019-12-09T02:33:28.168+0000][1][safepoint    ] Entering safepoint region: CMS_Initial_Mark
[2019-12-09T02:33:28.168+0000][1][gc,start     ] GC(22) Pause Initial Mark
[2019-12-09T02:33:28.226+0000][1][gc           ] GC(22) Pause Initial Mark 104M->104M(247M) 57.862ms
[2019-12-09T02:33:28.226+0000][1][gc,cpu       ] GC(22) User=0.03s Sys=0.00s Real=0.06s
[2019-12-09T02:33:28.226+0000][1][safepoint    ] Leaving safepoint region
[2019-12-09T02:33:28.226+0000][1][safepoint    ] Total time for which application threads were stopped: 0.1244057 seconds, Stopping threads took: 0.0663994 seconds
[2019-12-09T02:33:28.244+0000][1][gc           ] GC(22) Concurrent Mark
[2019-12-09T02:33:28.416+0000][1][safepoint    ] Application time: 0.1898925 seconds
[2019-12-09T02:33:28.416+0000][1][safepoint    ] Entering safepoint region: CollectForMetadataAllocation
[2019-12-09T02:33:28.416+0000][1][safepoint    ] Leaving safepoint region
[2019-12-09T02:33:28.416+0000][1][safepoint    ] Total time for which application threads were stopped: 0.0002417 seconds, Stopping threads took: 0.0000179 seconds
[2019-12-09T02:33:28.828+0000][1][safepoint    ] Application time: 0.4117629 seconds
[2019-12-09T02:33:28.828+0000][1][safepoint    ] Entering safepoint region: CollectForMetadataAllocation
[2019-12-09T02:33:28.828+0000][1][safepoint    ] Leaving safepoint region
[2019-12-09T02:33:28.828+0000][1][safepoint    ] Total time for which application threads were stopped: 0.0002892 seconds, Stopping threads took: 0.0000164 seconds
[2019-12-09T02:33:29.012+0000][1][gc           ] GC(22) Concurrent Mark 768.151ms
[2019-12-09T02:33:29.012+0000][1][gc,cpu       ] GC(22) User=0.26s Sys=0.01s Real=0.77s
[2019-12-09T02:33:29.012+0000][1][gc           ] GC(22) Concurrent Preclean
[2019-12-09T02:33:29.031+0000][1][gc           ] GC(22) Concurrent Preclean 18.611ms
[2019-12-09T02:33:29.031+0000][1][gc,cpu       ] GC(22) User=0.00s Sys=0.00s Real=0.02s
[2019-12-09T02:33:29.031+0000][1][gc           ] GC(22) Concurrent Abortable Preclean
[2019-12-09T02:33:29.389+0000][1][safepoint    ] Application time: 0.5605962 seconds
[2019-12-09T02:33:29.389+0000][1][safepoint    ] Entering safepoint region: CollectForMetadataAllocation
[2019-12-09T02:33:29.389+0000][1][safepoint    ] Leaving safepoint region
[2019-12-09T02:33:29.389+0000][1][safepoint    ] Total time for which application threads were stopped: 0.0001625 seconds, Stopping threads took: 0.0000164 seconds
[2019-12-09T02:33:29.459+0000][1][safepoint    ] Application time: 0.0697792 seconds
[2019-12-09T02:33:29.459+0000][1][safepoint    ] Entering safepoint region: CollectForMetadataAllocation
[2019-12-09T02:33:29.459+0000][1][safepoint    ] Leaving safepoint region
[2019-12-09T02:33:29.459+0000][1][safepoint    ] Total time for which application threads were stopped: 0.0002710 seconds, Stopping threads took: 0.0000174 seconds
[2019-12-09T02:33:29.923+0000][1][safepoint    ] Application time: 0.4641132 seconds
[2019-12-09T02:33:29.923+0000][1][safepoint    ] Entering safepoint region: CollectForMetadataAllocation
[2019-12-09T02:33:29.923+0000][1][safepoint    ] Leaving safepoint region
[2019-12-09T02:33:29.923+0000][1][safepoint    ] Total time for which application threads were stopped: 0.0002329 seconds, Stopping threads took: 0.0000158 seconds
[2019-12-09T02:33:30.097+0000][1][safepoint    ] Application time: 0.1738777 seconds
[2019-12-09T02:33:30.097+0000][1][safepoint    ] Entering safepoint region: CollectForMetadataAllocation
[2019-12-09T02:33:30.098+0000][1][safepoint    ] Leaving safepoint region
[2019-12-09T02:33:30.098+0000][1][safepoint    ] Total time for which application threads were stopped: 0.0002270 seconds, Stopping threads took: 0.0000221 seconds
[2019-12-09T02:33:30.765+0000][1][safepoint    ] Application time: 0.6675160 seconds
[2019-12-09T02:33:30.765+0000][1][safepoint    ] Entering safepoint region: CollectForMetadataAllocation
[2019-12-09T02:33:30.765+0000][1][safepoint    ] Leaving safepoint region
[2019-12-09T02:33:30.765+0000][1][safepoint    ] Total time for which application threads were stopped: 0.0001978 seconds, Stopping threads took: 0.0000180 seconds
[2019-12-09T02:33:31.257+0000][1][safepoint    ] Application time: 0.4914290 seconds
[2019-12-09T02:33:31.257+0000][1][safepoint    ] Entering safepoint region: CollectForMetadataAllocation
[2019-12-09T02:33:31.257+0000][1][safepoint    ] Leaving safepoint region
[2019-12-09T02:33:31.257+0000][1][safepoint    ] Total time for which application threads were stopped: 0.0002293 seconds, Stopping threads took: 0.0000163 seconds
[2019-12-09T02:33:31.681+0000][1][safepoint    ] Application time: 0.4241845 seconds
[2019-12-09T02:33:31.681+0000][1][safepoint    ] Entering safepoint region: CollectForMetadataAllocation
[2019-12-09T02:33:31.681+0000][1][safepoint    ] Leaving safepoint region
[2019-12-09T02:33:31.681+0000][1][safepoint    ] Total time for which application threads were stopped: 0.0002474 seconds, Stopping threads took: 0.0000153 seconds
[2019-12-09T02:33:31.856+0000][1][safepoint    ] Application time: 0.1749937 seconds
[2019-12-09T02:33:31.856+0000][1][safepoint    ] Entering safepoint region: RevokeBias
[2019-12-09T02:33:31.857+0000][1][safepoint    ] Leaving safepoint region
[2019-12-09T02:33:31.857+0000][1][safepoint    ] Total time for which application threads were stopped: 0.0000724 seconds, Stopping threads took: 0.0000146 seconds
[2019-12-09T02:33:32.004+0000][1][safepoint    ] Application time: 0.1471537 seconds
[2019-12-09T02:33:32.004+0000][1][safepoint    ] Entering safepoint region: CollectForMetadataAllocation
[2019-12-09T02:33:32.004+0000][1][safepoint    ] Leaving safepoint region
[2019-12-09T02:33:32.004+0000][1][safepoint    ] Total time for which application threads were stopped: 0.0002362 seconds, Stopping threads took: 0.0000184 seconds
[2019-12-09T02:33:32.248+0000][1][safepoint    ] Application time: 0.2437147 seconds
[2019-12-09T02:33:32.248+0000][1][safepoint    ] Entering safepoint region: CollectForMetadataAllocation
[2019-12-09T02:33:32.248+0000][1][safepoint    ] Leaving safepoint region
[2019-12-09T02:33:32.248+0000][1][safepoint    ] Total time for which application threads were stopped: 0.0002513 seconds, Stopping threads took: 0.0000161 seconds
[2019-12-09T02:33:32.282+0000][1][safepoint    ] Application time: 0.0337199 seconds
[2019-12-09T02:33:32.282+0000][1][safepoint    ] Entering safepoint region: GenCollectForAllocation
[2019-12-09T02:33:32.282+0000][1][gc,start     ] GC(23) Pause Young (Allocation Failure)
[2019-12-09T02:33:32.282+0000][1][gc,task      ] GC(23) Using 2 workers of 2 for evacuation
[2019-12-09T02:33:32.474+0000][1][gc,age       ] GC(23) Desired survivor size 4456448 bytes, new threshold 2 (max threshold 6)
[2019-12-09T02:33:32.474+0000][1][gc,age       ] GC(23) Age table with threshold 2 (max threshold 6)
[2019-12-09T02:33:32.474+0000][1][gc,age       ] GC(23) - age   1:    3671280 bytes,    3671280 total
[2019-12-09T02:33:32.474+0000][1][gc,age       ] GC(23) - age   2:    1515648 bytes,    5186928 total
[2019-12-09T02:33:32.474+0000][1][gc,age       ] GC(23) - age   3:    2723800 bytes,    7910728 total
[2019-12-09T02:33:32.475+0000][1][gc,heap      ] GC(23) ParNew: 76238K->8704K(78656K)
[2019-12-09T02:33:32.475+0000][1][gc,heap      ] GC(23) CMS: 60446K->60446K(174784K)
[2019-12-09T02:33:32.475+0000][1][gc,metaspace ] GC(23) Metaspace: 63164K->63164K(1107968K)
[2019-12-09T02:33:32.475+0000][1][gc           ] GC(23) Pause Young (Allocation Failure) 133M->67M(247M) 192.691ms
[2019-12-09T02:33:32.475+0000][1][gc,cpu       ] GC(23) User=0.04s Sys=0.00s Real=0.19s
[2019-12-09T02:33:32.475+0000][1][safepoint    ] Leaving safepoint region
[2019-12-09T02:33:32.475+0000][1][safepoint    ] Total time for which application threads were stopped: 0.1928478 seconds, Stopping threads took: 0.0000157 seconds
[2019-12-09T02:33:32.668+0000][1][safepoint    ] Application time: 0.1937562 seconds
[2019-12-09T02:33:32.668+0000][1][safepoint    ] Entering safepoint region: CollectForMetadataAllocation
[2019-12-09T02:33:32.669+0000][1][safepoint    ] Leaving safepoint region
[2019-12-09T02:33:32.669+0000][1][safepoint    ] Total time for which application threads were stopped: 0.0003197 seconds, Stopping threads took: 0.0000167 seconds
[2019-12-09T02:33:32.694+0000][1][safepoint    ] Application time: 0.0250157 seconds
[2019-12-09T02:33:32.694+0000][1][safepoint    ] Entering safepoint region: RevokeBias
[2019-12-09T02:33:32.694+0000][1][safepoint    ] Leaving safepoint region
[2019-12-09T02:33:32.694+0000][1][safepoint    ] Total time for which application threads were stopped: 0.0001581 seconds, Stopping threads took: 0.0000683 seconds
[2019-12-09T02:33:32.694+0000][1][safepoint    ] Application time: 0.0000629 seconds
[2019-12-09T02:33:32.694+0000][1][safepoint    ] Entering safepoint region: RevokeBias
[2019-12-09T02:33:32.694+0000][1][safepoint    ] Leaving safepoint region
[2019-12-09T02:33:32.694+0000][1][safepoint    ] Total time for which application threads were stopped: 0.0000550 seconds, Stopping threads took: 0.0000076 seconds
[2019-12-09T02:33:32.694+0000][1][safepoint    ] Application time: 0.0000370 seconds
[2019-12-09T02:33:32.694+0000][1][safepoint    ] Entering safepoint region: RevokeBias
[2019-12-09T02:33:32.694+0000][1][safepoint    ] Leaving safepoint region
[2019-12-09T02:33:32.694+0000][1][safepoint    ] Total time for which application threads were stopped: 0.0000499 seconds, Stopping threads took: 0.0000075 seconds
[2019-12-09T02:33:32.694+0000][1][safepoint    ] Application time: 0.0000349 seconds
[2019-12-09T02:33:32.694+0000][1][safepoint    ] Entering safepoint region: RevokeBias
[2019-12-09T02:33:32.694+0000][1][safepoint    ] Leaving safepoint region
[2019-12-09T02:33:32.694+0000][1][safepoint    ] Total time for which application threads were stopped: 0.0000490 seconds, Stopping threads took: 0.0000074 seconds
[2019-12-09T02:33:32.694+0000][1][safepoint    ] Application time: 0.0000383 seconds
[2019-12-09T02:33:32.694+0000][1][safepoint    ] Entering safepoint region: RevokeBias
[2019-12-09T02:33:32.694+0000][1][safepoint    ] Leaving safepoint region
[2019-12-09T02:33:32.694+0000][1][safepoint    ] Total time for which application threads were stopped: 0.0000554 seconds, Stopping threads took: 0.0000083 seconds
[2019-12-09T02:33:32.694+0000][1][safepoint    ] Application time: 0.0000403 seconds
[2019-12-09T02:33:32.694+0000][1][safepoint    ] Entering safepoint region: RevokeBias
[2019-12-09T02:33:32.694+0000][1][safepoint    ] Leaving safepoint region
[2019-12-09T02:33:32.695+0000][1][safepoint    ] Total time for which application threads were stopped: 0.0000546 seconds, Stopping threads took: 0.0000085 seconds
[2019-12-09T02:33:32.695+0000][1][safepoint    ] Application time: 0.0000413 seconds
[2019-12-09T02:33:32.695+0000][1][safepoint    ] Entering safepoint region: RevokeBias
[2019-12-09T02:33:32.695+0000][1][safepoint    ] Leaving safepoint region
[2019-12-09T02:33:32.695+0000][1][safepoint    ] Total time for which application threads were stopped: 0.0000545 seconds, Stopping threads took: 0.0000081 seconds
[2019-12-09T02:33:33.044+0000][1][safepoint    ] Application time: 0.3491030 seconds
[2019-12-09T02:33:33.044+0000][1][safepoint    ] Entering safepoint region: CollectForMetadataAllocation
[2019-12-09T02:33:33.044+0000][1][safepoint    ] Leaving safepoint region
[2019-12-09T02:33:33.044+0000][1][safepoint    ] Total time for which application threads were stopped: 0.0002425 seconds, Stopping threads took: 0.0000162 seconds
[2019-12-09T02:33:33.185+0000][1][safepoint    ] Application time: 0.1407383 seconds
[2019-12-09T02:33:33.185+0000][1][safepoint    ] Entering safepoint region: CollectForMetadataAllocation
[2019-12-09T02:33:33.185+0000][1][safepoint    ] Leaving safepoint region
[2019-12-09T02:33:33.185+0000][1][safepoint    ] Total time for which application threads were stopped: 0.0002149 seconds, Stopping threads took: 0.0000154 seconds
[2019-12-09T02:33:33.305+0000][1][safepoint    ] Application time: 0.1197353 seconds
[2019-12-09T02:33:33.305+0000][1][safepoint    ] Entering safepoint region: CollectForMetadataAllocation
[2019-12-09T02:33:33.305+0000][1][safepoint    ] Leaving safepoint region
[2019-12-09T02:33:33.305+0000][1][safepoint    ] Total time for which application threads were stopped: 0.0002357 seconds, Stopping threads took: 0.0000164 seconds
[2019-12-09T02:33:33.388+0000][1][safepoint    ] Application time: 0.0826743 seconds
[2019-12-09T02:33:33.388+0000][1][safepoint    ] Entering safepoint region: Deoptimize
[2019-12-09T02:33:33.388+0000][1][safepoint    ] Leaving safepoint region
[2019-12-09T02:33:33.388+0000][1][safepoint    ] Total time for which application threads were stopped: 0.0007210 seconds, Stopping threads took: 0.0000205 seconds
[2019-12-09T02:33:33.486+0000][1][safepoint    ] Application time: 0.0975511 seconds
[2019-12-09T02:33:33.486+0000][1][safepoint    ] Entering safepoint region: BulkRevokeBias
[2019-12-09T02:33:33.486+0000][1][safepoint    ] Leaving safepoint region
[2019-12-09T02:33:33.486+0000][1][safepoint    ] Total time for which application threads were stopped: 0.0001933 seconds, Stopping threads took: 0.0000144 seconds
[2019-12-09T02:33:33.488+0000][1][safepoint    ] Application time: 0.0012305 seconds
[2019-12-09T02:33:33.488+0000][1][safepoint    ] Entering safepoint region: RevokeBias
[2019-12-09T02:33:33.488+0000][1][safepoint    ] Leaving safepoint region
[2019-12-09T02:33:33.488+0000][1][safepoint    ] Total time for which application threads were stopped: 0.0000700 seconds, Stopping threads took: 0.0000127 seconds
[2019-12-09T02:33:33.489+0000][1][safepoint    ] Application time: 0.0015263 seconds
[2019-12-09T02:33:33.489+0000][1][safepoint    ] Entering safepoint region: RevokeBias
[2019-12-09T02:33:33.489+0000][1][safepoint    ] Leaving safepoint region
[2019-12-09T02:33:33.489+0000][1][safepoint    ] Total time for which application threads were stopped: 0.0000726 seconds, Stopping threads took: 0.0000113 seconds
[2019-12-09T02:33:33.489+0000][1][safepoint    ] Application time: 0.0000475 seconds
[2019-12-09T02:33:33.489+0000][1][safepoint    ] Entering safepoint region: RevokeBias
[2019-12-09T02:33:33.489+0000][1][safepoint    ] Leaving safepoint region
[2019-12-09T02:33:33.489+0000][1][safepoint    ] Total time for which application threads were stopped: 0.0000474 seconds, Stopping threads took: 0.0000078 seconds
[2019-12-09T02:33:33.490+0000][1][safepoint    ] Application time: 0.0003132 seconds
[2019-12-09T02:33:33.490+0000][1][safepoint    ] Entering safepoint region: RevokeBias
[2019-12-09T02:33:33.490+0000][1][safepoint    ] Leaving safepoint region
[2019-12-09T02:33:33.490+0000][1][safepoint    ] Total time for which application threads were stopped: 0.0000792 seconds, Stopping threads took: 0.0000289 seconds
[2019-12-09T02:33:33.491+0000][1][safepoint    ] Application time: 0.0011295 seconds
[2019-12-09T02:33:33.491+0000][1][safepoint    ] Entering safepoint region: RevokeBias
[2019-12-09T02:33:33.491+0000][1][safepoint    ] Leaving safepoint region
[2019-12-09T02:33:33.491+0000][1][safepoint    ] Total time for which application threads were stopped: 0.0000634 seconds, Stopping threads took: 0.0000102 seconds
[2019-12-09T02:33:33.491+0000][1][safepoint    ] Application time: 0.0000470 seconds
[2019-12-09T02:33:33.491+0000][1][safepoint    ] Entering safepoint region: RevokeBias
[2019-12-09T02:33:33.491+0000][1][safepoint    ] Leaving safepoint region
[2019-12-09T02:33:33.491+0000][1][safepoint    ] Total time for which application threads were stopped: 0.0000450 seconds, Stopping threads took: 0.0000076 seconds
[2019-12-09T02:33:33.495+0000][1][safepoint    ] Application time: 0.0037023 seconds
[2019-12-09T02:33:33.495+0000][1][safepoint    ] Entering safepoint region: RevokeBias
[2019-12-09T02:33:33.495+0000][1][safepoint    ] Leaving safepoint region
[2019-12-09T02:33:33.495+0000][1][safepoint    ] Total time for which application threads were stopped: 0.0000689 seconds, Stopping threads took: 0.0000111 seconds
[2019-12-09T02:33:33.495+0000][1][safepoint    ] Application time: 0.0001245 seconds
[2019-12-09T02:33:33.495+0000][1][safepoint    ] Entering safepoint region: RevokeBias
[2019-12-09T02:33:33.495+0000][1][safepoint    ] Leaving safepoint region
[2019-12-09T02:33:33.495+0000][1][safepoint    ] Total time for which application threads were stopped: 0.0000533 seconds, Stopping threads took: 0.0000097 seconds
[2019-12-09T02:33:33.500+0000][1][safepoint    ] Application time: 0.0053407 seconds
[2019-12-09T02:33:33.500+0000][1][safepoint    ] Entering safepoint region: Deoptimize
[2019-12-09T02:33:33.501+0000][1][safepoint    ] Leaving safepoint region
[2019-12-09T02:33:33.501+0000][1][safepoint    ] Total time for which application threads were stopped: 0.0006317 seconds, Stopping threads took: 0.0000122 seconds
[2019-12-09T02:33:33.502+0000][1][safepoint    ] Application time: 0.0005262 seconds
[2019-12-09T02:33:33.502+0000][1][safepoint    ] Entering safepoint region: RevokeBias
[2019-12-09T02:33:33.502+0000][1][safepoint    ] Leaving safepoint region
[2019-12-09T02:33:33.502+0000][1][safepoint    ] Total time for which application threads were stopped: 0.0000658 seconds, Stopping threads took: 0.0000119 seconds
[2019-12-09T02:33:33.622+0000][1][safepoint    ] Application time: 0.1203785 seconds
[2019-12-09T02:33:33.622+0000][1][safepoint    ] Entering safepoint region: CollectForMetadataAllocation
[2019-12-09T02:33:33.622+0000][1][safepoint    ] Leaving safepoint region
[2019-12-09T02:33:33.622+0000][1][safepoint    ] Total time for which application threads were stopped: 0.0001974 seconds, Stopping threads took: 0.0000417 seconds
[2019-12-09T02:33:33.769+0000][1][safepoint    ] Application time: 0.1465102 seconds
[2019-12-09T02:33:33.769+0000][1][safepoint    ] Entering safepoint region: RevokeBias
[2019-12-09T02:33:33.769+0000][1][safepoint    ] Leaving safepoint region
[2019-12-09T02:33:33.769+0000][1][safepoint    ] Total time for which application threads were stopped: 0.0001194 seconds, Stopping threads took: 0.0000565 seconds
[2019-12-09T02:33:33.769+0000][1][safepoint    ] Application time: 0.0001342 seconds
[2019-12-09T02:33:33.769+0000][1][safepoint    ] Entering safepoint region: RevokeBias
[2019-12-09T02:33:33.769+0000][1][safepoint    ] Leaving safepoint region
[2019-12-09T02:33:33.769+0000][1][safepoint    ] Total time for which application threads were stopped: 0.0000473 seconds, Stopping threads took: 0.0000101 seconds
[2019-12-09T02:33:33.769+0000][1][safepoint    ] Application time: 0.0000636 seconds
[2019-12-09T02:33:33.769+0000][1][safepoint    ] Entering safepoint region: RevokeBias
[2019-12-09T02:33:33.769+0000][1][safepoint    ] Leaving safepoint region
[2019-12-09T02:33:33.769+0000][1][safepoint    ] Total time for which application threads were stopped: 0.0000362 seconds, Stopping threads took: 0.0000085 seconds
[2019-12-09T02:33:33.770+0000][1][safepoint    ] Application time: 0.0005973 seconds
[2019-12-09T02:33:33.770+0000][1][safepoint    ] Entering safepoint region: RevokeBias
[2019-12-09T02:33:33.770+0000][1][safepoint    ] Leaving safepoint region
[2019-12-09T02:33:33.770+0000][1][safepoint    ] Total time for which application threads were stopped: 0.0000723 seconds, Stopping threads took: 0.0000143 seconds
[2019-12-09T02:33:33.798+0000][1][safepoint    ] Application time: 0.0282787 seconds
[2019-12-09T02:33:33.798+0000][1][safepoint    ] Entering safepoint region: RevokeBias
[2019-12-09T02:33:33.798+0000][1][safepoint    ] Leaving safepoint region
[2019-12-09T02:33:33.798+0000][1][safepoint    ] Total time for which application threads were stopped: 0.0001221 seconds, Stopping threads took: 0.0000153 seconds
[2019-12-09T02:33:33.799+0000][1][safepoint    ] Application time: 0.0000895 seconds
[2019-12-09T02:33:33.799+0000][1][safepoint    ] Entering safepoint region: RevokeBias
[2019-12-09T02:33:33.799+0000][1][safepoint    ] Leaving safepoint region
[2019-12-09T02:33:33.799+0000][1][safepoint    ] Total time for which application threads were stopped: 0.0000587 seconds, Stopping threads took: 0.0000106 seconds
[2019-12-09T02:33:33.799+0000][1][safepoint    ] Application time: 0.0000530 seconds
[2019-12-09T02:33:33.799+0000][1][safepoint    ] Entering safepoint region: RevokeBias
[2019-12-09T02:33:33.799+0000][1][safepoint    ] Leaving safepoint region
[2019-12-09T02:33:33.799+0000][1][safepoint    ] Total time for which application threads were stopped: 0.0000766 seconds, Stopping threads took: 0.0000104 seconds
[2019-12-09T02:33:33.799+0000][1][safepoint    ] Application time: 0.0001299 seconds
[2019-12-09T02:33:33.799+0000][1][safepoint    ] Entering safepoint region: RevokeBias
[2019-12-09T02:33:33.799+0000][1][safepoint    ] Leaving safepoint region
[2019-12-09T02:33:33.799+0000][1][safepoint    ] Total time for which application threads were stopped: 0.0000696 seconds, Stopping threads took: 0.0000099 seconds
[2019-12-09T02:33:33.799+0000][1][safepoint    ] Application time: 0.0003078 seconds
[2019-12-09T02:33:33.799+0000][1][safepoint    ] Entering safepoint region: RevokeBias
[2019-12-09T02:33:33.799+0000][1][safepoint    ] Leaving safepoint region
[2019-12-09T02:33:33.799+0000][1][safepoint    ] Total time for which application threads were stopped: 0.0000790 seconds, Stopping threads took: 0.0000121 seconds
[2019-12-09T02:33:33.799+0000][1][safepoint    ] Application time: 0.0000571 seconds
[2019-12-09T02:33:33.799+0000][1][safepoint    ] Entering safepoint region: RevokeBias
[2019-12-09T02:33:33.800+0000][1][safepoint    ] Leaving safepoint region
[2019-12-09T02:33:33.800+0000][1][safepoint    ] Total time for which application threads were stopped: 0.0000575 seconds, Stopping threads took: 0.0000092 seconds
[2019-12-09T02:33:33.800+0000][1][safepoint    ] Application time: 0.0000423 seconds
[2019-12-09T02:33:33.800+0000][1][safepoint    ] Entering safepoint region: RevokeBias
[2019-12-09T02:33:33.800+0000][1][safepoint    ] Leaving safepoint region
[2019-12-09T02:33:33.800+0000][1][safepoint    ] Total time for which application threads were stopped: 0.0000569 seconds, Stopping threads took: 0.0000090 seconds
[2019-12-09T02:33:33.803+0000][1][safepoint    ] Application time: 0.0029624 seconds
[2019-12-09T02:33:33.803+0000][1][safepoint    ] Entering safepoint region: RevokeBias
[2019-12-09T02:33:33.803+0000][1][safepoint    ] Leaving safepoint region
[2019-12-09T02:33:33.803+0000][1][safepoint    ] Total time for which application threads were stopped: 0.0000982 seconds, Stopping threads took: 0.0000120 seconds
[2019-12-09T02:33:33.803+0000][1][safepoint    ] Application time: 0.0002648 seconds
[2019-12-09T02:33:33.803+0000][1][safepoint    ] Entering safepoint region: RevokeBias
[2019-12-09T02:33:33.803+0000][1][safepoint    ] Leaving safepoint region
[2019-12-09T02:33:33.803+0000][1][safepoint    ] Total time for which application threads were stopped: 0.0000935 seconds, Stopping threads took: 0.0000151 seconds
[2019-12-09T02:33:33.847+0000][1][safepoint    ] Application time: 0.0439340 seconds
[2019-12-09T02:33:33.847+0000][1][safepoint    ] Entering safepoint region: RevokeBias
[2019-12-09T02:33:33.847+0000][1][safepoint    ] Leaving safepoint region
[2019-12-09T02:33:33.847+0000][1][safepoint    ] Total time for which application threads were stopped: 0.0000996 seconds, Stopping threads took: 0.0000130 seconds
[2019-12-09T02:33:33.862+0000][1][safepoint    ] Application time: 0.0146318 seconds
[2019-12-09T02:33:33.862+0000][1][safepoint    ] Entering safepoint region: RevokeBias
[2019-12-09T02:33:33.862+0000][1][safepoint    ] Leaving safepoint region
[2019-12-09T02:33:33.862+0000][1][safepoint    ] Total time for which application threads were stopped: 0.0003081 seconds, Stopping threads took: 0.0002261 seconds
[2019-12-09T02:33:33.883+0000][1][safepoint    ] Application time: 0.0203467 seconds
[2019-12-09T02:33:33.883+0000][1][safepoint    ] Entering safepoint region: RevokeBias
[2019-12-09T02:33:33.883+0000][1][safepoint    ] Leaving safepoint region
[2019-12-09T02:33:33.883+0000][1][safepoint    ] Total time for which application threads were stopped: 0.0001463 seconds, Stopping threads took: 0.0000139 seconds
[2019-12-09T02:33:33.883+0000][1][safepoint    ] Application time: 0.0000711 seconds
[2019-12-09T02:33:33.883+0000][1][safepoint    ] Entering safepoint region: RevokeBias
[2019-12-09T02:33:33.883+0000][1][safepoint    ] Leaving safepoint region
[2019-12-09T02:33:33.883+0000][1][safepoint    ] Total time for which application threads were stopped: 0.0000633 seconds, Stopping threads took: 0.0000094 seconds
[2019-12-09T02:33:33.925+0000][1][safepoint    ] Application time: 0.0421954 seconds
[2019-12-09T02:33:33.989+0000][1][safepoint    ] Entering safepoint region: RevokeBias
[2019-12-09T02:33:33.989+0000][1][safepoint    ] Leaving safepoint region
[2019-12-09T02:33:33.989+0000][1][safepoint    ] Total time for which application threads were stopped: 0.0639239 seconds, Stopping threads took: 0.0637727 seconds
[2019-12-09T02:33:34.002+0000][1][safepoint    ] Application time: 0.0127761 seconds
[2019-12-09T02:33:34.039+0000][1][safepoint    ] Entering safepoint region: RevokeBias
[2019-12-09T02:33:34.039+0000][1][safepoint    ] Leaving safepoint region
[2019-12-09T02:33:34.039+0000][1][safepoint    ] Total time for which application threads were stopped: 0.0372373 seconds, Stopping threads took: 0.0371051 seconds
[2019-12-09T02:33:34.039+0000][1][safepoint    ] Application time: 0.0001493 seconds
[2019-12-09T02:33:34.039+0000][1][safepoint    ] Entering safepoint region: RevokeBias
[2019-12-09T02:33:34.039+0000][1][safepoint    ] Leaving safepoint region
[2019-12-09T02:33:34.039+0000][1][safepoint    ] Total time for which application threads were stopped: 0.0000544 seconds, Stopping threads took: 0.0000115 seconds
[2019-12-09T02:33:34.039+0000][1][safepoint    ] Application time: 0.0000496 seconds
[2019-12-09T02:33:34.039+0000][1][safepoint    ] Entering safepoint region: RevokeBias
[2019-12-09T02:33:34.039+0000][1][safepoint    ] Leaving safepoint region
[2019-12-09T02:33:34.039+0000][1][safepoint    ] Total time for which application threads were stopped: 0.0000742 seconds, Stopping threads took: 0.0000080 seconds
[2019-12-09T02:33:34.040+0000][1][safepoint    ] Application time: 0.0000682 seconds
[2019-12-09T02:33:34.040+0000][1][safepoint    ] Entering safepoint region: RevokeBias
[2019-12-09T02:33:34.040+0000][1][safepoint    ] Leaving safepoint region
[2019-12-09T02:33:34.040+0000][1][safepoint    ] Total time for which application threads were stopped: 0.0000413 seconds, Stopping threads took: 0.0000082 seconds
[2019-12-09T02:33:34.040+0000][1][safepoint    ] Application time: 0.0007763 seconds
[2019-12-09T02:33:34.040+0000][1][safepoint    ] Entering safepoint region: RevokeBias
[2019-12-09T02:33:34.040+0000][1][safepoint    ] Leaving safepoint region
[2019-12-09T02:33:34.040+0000][1][safepoint    ] Total time for which application threads were stopped: 0.0001181 seconds, Stopping threads took: 0.0000141 seconds
[2019-12-09T02:33:34.042+0000][1][safepoint    ] Application time: 0.0011137 seconds
[2019-12-09T02:33:34.042+0000][1][safepoint    ] Entering safepoint region: RevokeBias
[2019-12-09T02:33:34.042+0000][1][safepoint    ] Leaving safepoint region
[2019-12-09T02:33:34.042+0000][1][safepoint    ] Total time for which application threads were stopped: 0.0000797 seconds, Stopping threads took: 0.0000134 seconds
[2019-12-09T02:33:34.042+0000][1][safepoint    ] Application time: 0.0002052 seconds
[2019-12-09T02:33:34.042+0000][1][safepoint    ] Entering safepoint region: RevokeBias
[2019-12-09T02:33:34.042+0000][1][safepoint    ] Leaving safepoint region
[2019-12-09T02:33:34.042+0000][1][safepoint    ] Total time for which application threads were stopped: 0.0000539 seconds, Stopping threads took: 0.0000108 seconds
[2019-12-09T02:33:34.042+0000][1][safepoint    ] Application time: 0.0001170 seconds
[2019-12-09T02:33:34.042+0000][1][safepoint    ] Entering safepoint region: RevokeBias
[2019-12-09T02:33:34.042+0000][1][safepoint    ] Leaving safepoint region
[2019-12-09T02:33:34.042+0000][1][safepoint    ] Total time for which application threads were stopped: 0.0000448 seconds, Stopping threads took: 0.0000095 seconds
[2019-12-09T02:33:34.042+0000][1][safepoint    ] Application time: 0.0000851 seconds
[2019-12-09T02:33:34.042+0000][1][safepoint    ] Entering safepoint region: RevokeBias
[2019-12-09T02:33:34.042+0000][1][safepoint    ] Leaving safepoint region
[2019-12-09T02:33:34.042+0000][1][safepoint    ] Total time for which application threads were stopped: 0.0000466 seconds, Stopping threads took: 0.0000095 seconds
[2019-12-09T02:33:34.046+0000][1][safepoint    ] Application time: 0.0033649 seconds
[2019-12-09T02:33:34.081+0000][1][safepoint    ] Entering safepoint region: RevokeBias
[2019-12-09T02:33:34.081+0000][1][safepoint    ] Leaving safepoint region
[2019-12-09T02:33:34.081+0000][1][safepoint    ] Total time for which application threads were stopped: 0.0351707 seconds, Stopping threads took: 0.0350689 seconds
[2019-12-09T02:33:34.082+0000][1][safepoint    ] Application time: 0.0011666 seconds
[2019-12-09T02:33:34.082+0000][1][safepoint    ] Entering safepoint region: RevokeBias
[2019-12-09T02:33:34.082+0000][1][safepoint    ] Leaving safepoint region
[2019-12-09T02:33:34.082+0000][1][safepoint    ] Total time for which application threads were stopped: 0.0001046 seconds, Stopping threads took: 0.0000135 seconds
[2019-12-09T02:33:34.083+0000][1][safepoint    ] Application time: 0.0003266 seconds
[2019-12-09T02:33:34.083+0000][1][safepoint    ] Entering safepoint region: RevokeBias
[2019-12-09T02:33:34.083+0000][1][safepoint    ] Leaving safepoint region
[2019-12-09T02:33:34.083+0000][1][safepoint    ] Total time for which application threads were stopped: 0.0000897 seconds, Stopping threads took: 0.0000117 seconds
[2019-12-09T02:33:34.223+0000][1][safepoint    ] Application time: 0.1400801 seconds
[2019-12-09T02:33:34.310+0000][1][safepoint    ] Entering safepoint region: CollectForMetadataAllocation
[2019-12-09T02:33:34.310+0000][1][safepoint    ] Leaving safepoint region
[2019-12-09T02:33:34.310+0000][1][safepoint    ] Total time for which application threads were stopped: 0.0872487 seconds, Stopping threads took: 0.0869818 seconds
[2019-12-09T02:33:34.346+0000][1][safepoint    ] Application time: 0.0360532 seconds
[2019-12-09T02:33:34.383+0000][1][safepoint    ] Entering safepoint region: RevokeBias
[2019-12-09T02:33:34.383+0000][1][safepoint    ] Leaving safepoint region
[2019-12-09T02:33:34.383+0000][1][safepoint    ] Total time for which application threads were stopped: 0.0368356 seconds, Stopping threads took: 0.0367292 seconds
[2019-12-09T02:33:34.394+0000][1][safepoint    ] Application time: 0.0114356 seconds
[2019-12-09T02:33:34.423+0000][1][safepoint    ] Entering safepoint region: RevokeBias
[2019-12-09T02:33:34.423+0000][1][safepoint    ] Leaving safepoint region
[2019-12-09T02:33:34.423+0000][1][safepoint    ] Total time for which application threads were stopped: 0.0286228 seconds, Stopping threads took: 0.0285468 seconds
[2019-12-09T02:33:34.424+0000][1][safepoint    ] Application time: 0.0005891 seconds
[2019-12-09T02:33:34.424+0000][1][safepoint    ] Entering safepoint region: RevokeBias
[2019-12-09T02:33:34.424+0000][1][safepoint    ] Leaving safepoint region
[2019-12-09T02:33:34.424+0000][1][safepoint    ] Total time for which application threads were stopped: 0.0000857 seconds, Stopping threads took: 0.0000107 seconds
[2019-12-09T02:33:34.582+0000][1][safepoint    ] Application time: 0.1579874 seconds
[2019-12-09T02:33:34.582+0000][1][safepoint    ] Entering safepoint region: RevokeBias
[2019-12-09T02:33:34.582+0000][1][safepoint    ] Leaving safepoint region
[2019-12-09T02:33:34.582+0000][1][safepoint    ] Total time for which application threads were stopped: 0.0007323 seconds, Stopping threads took: 0.0006220 seconds
[2019-12-09T02:33:34.742+0000][1][safepoint    ] Application time: 0.1599398 seconds
[2019-12-09T02:33:34.784+0000][1][safepoint    ] Entering safepoint region: RevokeBias
[2019-12-09T02:33:34.784+0000][1][safepoint    ] Leaving safepoint region
[2019-12-09T02:33:34.784+0000][1][safepoint    ] Total time for which application threads were stopped: 0.0415340 seconds, Stopping threads took: 0.0412588 seconds
[2019-12-09T02:33:34.794+0000][1][safepoint    ] Application time: 0.0101337 seconds
[2019-12-09T02:33:34.794+0000][1][safepoint    ] Entering safepoint region: RevokeBias
[2019-12-09T02:33:34.794+0000][1][safepoint    ] Leaving safepoint region
[2019-12-09T02:33:34.794+0000][1][safepoint    ] Total time for which application threads were stopped: 0.0001206 seconds, Stopping threads took: 0.0000161 seconds
[2019-12-09T02:33:34.794+0000][1][safepoint    ] Application time: 0.0001006 seconds
[2019-12-09T02:33:34.794+0000][1][safepoint    ] Entering safepoint region: RevokeBias
[2019-12-09T02:33:34.794+0000][1][safepoint    ] Leaving safepoint region
[2019-12-09T02:33:34.794+0000][1][safepoint    ] Total time for which application threads were stopped: 0.0000647 seconds, Stopping threads took: 0.0000095 seconds
[2019-12-09T02:33:34.795+0000][1][safepoint    ] Application time: 0.0003800 seconds
[2019-12-09T02:33:34.795+0000][1][safepoint    ] Entering safepoint region: RevokeBias
[2019-12-09T02:33:34.795+0000][1][safepoint    ] Leaving safepoint region
[2019-12-09T02:33:34.795+0000][1][safepoint    ] Total time for which application threads were stopped: 0.0000861 seconds, Stopping threads took: 0.0000125 seconds
[2019-12-09T02:33:34.797+0000][1][gc           ] GC(22) Concurrent Abortable Preclean 5766.010ms
[2019-12-09T02:33:34.797+0000][1][gc,cpu       ] GC(22) User=1.73s Sys=0.04s Real=5.77s
[2019-12-09T02:33:34.797+0000][1][safepoint    ] Application time: 0.0022677 seconds
[2019-12-09T02:33:34.797+0000][1][safepoint    ] Entering safepoint region: CMS_Final_Remark
[2019-12-09T02:33:34.797+0000][1][gc,start     ] GC(22) Pause Remark
[2019-12-09T02:33:34.993+0000][1][gc           ] GC(22) Pause Remark 82M->82M(247M) 195.839ms
[2019-12-09T02:33:34.993+0000][1][gc,cpu       ] GC(22) User=0.05s Sys=0.00s Real=0.19s
[2019-12-09T02:33:34.994+0000][1][safepoint    ] Leaving safepoint region
[2019-12-09T02:33:34.994+0000][1][safepoint    ] Total time for which application threads were stopped: 0.1965417 seconds, Stopping threads took: 0.0000133 seconds
[2019-12-09T02:33:34.994+0000][1][gc           ] GC(22) Concurrent Sweep
[2019-12-09T02:33:35.042+0000][1][safepoint    ] Application time: 0.0485766 seconds
[2019-12-09T02:33:35.052+0000][1][safepoint    ] Entering safepoint region: RevokeBias
[2019-12-09T02:33:35.054+0000][1][safepoint    ] Leaving safepoint region
[2019-12-09T02:33:35.054+0000][1][safepoint    ] Total time for which application threads were stopped: 0.0113449 seconds, Stopping threads took: 0.0093123 seconds
[2019-12-09T02:33:35.070+0000][1][safepoint    ] Application time: 0.0161440 seconds
[2019-12-09T02:33:35.119+0000][1][safepoint    ] Entering safepoint region: RevokeBias
[2019-12-09T02:33:35.119+0000][1][safepoint    ] Leaving safepoint region
[2019-12-09T02:33:35.119+0000][1][safepoint    ] Total time for which application threads were stopped: 0.0487429 seconds, Stopping threads took: 0.0486267 seconds
[2019-12-09T02:33:35.119+0000][1][safepoint    ] Application time: 0.0004050 seconds
[2019-12-09T02:33:35.119+0000][1][safepoint    ] Entering safepoint region: RevokeBias
[2019-12-09T02:33:35.119+0000][1][safepoint    ] Leaving safepoint region
[2019-12-09T02:33:35.119+0000][1][safepoint    ] Total time for which application threads were stopped: 0.0001181 seconds, Stopping threads took: 0.0000149 seconds
[2019-12-09T02:33:35.119+0000][1][safepoint    ] Application time: 0.0001085 seconds
[2019-12-09T02:33:35.119+0000][1][safepoint    ] Entering safepoint region: RevokeBias
[2019-12-09T02:33:35.119+0000][1][safepoint    ] Leaving safepoint region
[2019-12-09T02:33:35.119+0000][1][safepoint    ] Total time for which application threads were stopped: 0.0000724 seconds, Stopping threads took: 0.0000097 seconds
[2019-12-09T02:33:35.123+0000][1][safepoint    ] Application time: 0.0037982 seconds
[2019-12-09T02:33:35.123+0000][1][safepoint    ] Entering safepoint region: RevokeBias
[2019-12-09T02:33:35.123+0000][1][safepoint    ] Leaving safepoint region
[2019-12-09T02:33:35.123+0000][1][safepoint    ] Total time for which application threads were stopped: 0.0001547 seconds, Stopping threads took: 0.0000990 seconds
[2019-12-09T02:33:35.124+0000][1][safepoint    ] Application time: 0.0004689 seconds
[2019-12-09T02:33:35.124+0000][1][safepoint    ] Entering safepoint region: RevokeBias
[2019-12-09T02:33:35.124+0000][1][safepoint    ] Leaving safepoint region
[2019-12-09T02:33:35.124+0000][1][safepoint    ] Total time for which application threads were stopped: 0.0000587 seconds, Stopping threads took: 0.0000108 seconds
[2019-12-09T02:33:35.124+0000][1][safepoint    ] Application time: 0.0002166 seconds
[2019-12-09T02:33:35.124+0000][1][safepoint    ] Entering safepoint region: RevokeBias
[2019-12-09T02:33:35.124+0000][1][safepoint    ] Leaving safepoint region
[2019-12-09T02:33:35.124+0000][1][safepoint    ] Total time for which application threads were stopped: 0.0000690 seconds, Stopping threads took: 0.0000106 seconds
[2019-12-09T02:33:35.124+0000][1][safepoint    ] Application time: 0.0000388 seconds
[2019-12-09T02:33:35.124+0000][1][safepoint    ] Entering safepoint region: RevokeBias
[2019-12-09T02:33:35.124+0000][1][safepoint    ] Leaving safepoint region
[2019-12-09T02:33:35.124+0000][1][safepoint    ] Total time for which application threads were stopped: 0.0000547 seconds, Stopping threads took: 0.0000082 seconds
[2019-12-09T02:33:35.124+0000][1][safepoint    ] Application time: 0.0000420 seconds
[2019-12-09T02:33:35.124+0000][1][safepoint    ] Entering safepoint region: RevokeBias
[2019-12-09T02:33:35.125+0000][1][safepoint    ] Leaving safepoint region
[2019-12-09T02:33:35.125+0000][1][safepoint    ] Total time for which application threads were stopped: 0.0000537 seconds, Stopping threads took: 0.0000085 seconds
[2019-12-09T02:33:35.137+0000][1][safepoint    ] Application time: 0.0127360 seconds
[2019-12-09T02:33:35.137+0000][1][safepoint    ] Entering safepoint region: RevokeBias
[2019-12-09T02:33:35.137+0000][1][safepoint    ] Leaving safepoint region
[2019-12-09T02:33:35.137+0000][1][safepoint    ] Total time for which application threads were stopped: 0.0000706 seconds, Stopping threads took: 0.0000142 seconds
[2019-12-09T02:33:35.148+0000][1][safepoint    ] Application time: 0.0103216 seconds
[2019-12-09T02:33:35.148+0000][1][safepoint    ] Entering safepoint region: RevokeBias
[2019-12-09T02:33:35.148+0000][1][safepoint    ] Leaving safepoint region
[2019-12-09T02:33:35.148+0000][1][safepoint    ] Total time for which application threads were stopped: 0.0000680 seconds, Stopping threads took: 0.0000139 seconds
[2019-12-09T02:33:35.240+0000][1][safepoint    ] Application time: 0.0920819 seconds
[2019-12-09T02:33:35.318+0000][1][safepoint    ] Entering safepoint region: RevokeBias
[2019-12-09T02:33:35.318+0000][1][safepoint    ] Leaving safepoint region
[2019-12-09T02:33:35.318+0000][1][safepoint    ] Total time for which application threads were stopped: 0.0779838 seconds, Stopping threads took: 0.0778728 seconds
[2019-12-09T02:33:35.332+0000][1][safepoint    ] Application time: 0.0143837 seconds
[2019-12-09T02:33:35.332+0000][1][safepoint    ] Entering safepoint region: RevokeBias
[2019-12-09T02:33:35.332+0000][1][safepoint    ] Leaving safepoint region
[2019-12-09T02:33:35.332+0000][1][safepoint    ] Total time for which application threads were stopped: 0.0001737 seconds, Stopping threads took: 0.0000930 seconds
[2019-12-09T02:33:35.336+0000][1][safepoint    ] Application time: 0.0034220 seconds
[2019-12-09T02:33:35.336+0000][1][safepoint    ] Entering safepoint region: RevokeBias
[2019-12-09T02:33:35.336+0000][1][safepoint    ] Leaving safepoint region
[2019-12-09T02:33:35.336+0000][1][safepoint    ] Total time for which application threads were stopped: 0.0001399 seconds, Stopping threads took: 0.0000751 seconds
[2019-12-09T02:33:35.338+0000][1][safepoint    ] Application time: 0.0016157 seconds
[2019-12-09T02:33:35.338+0000][1][safepoint    ] Entering safepoint region: RevokeBias
[2019-12-09T02:33:35.338+0000][1][safepoint    ] Leaving safepoint region
[2019-12-09T02:33:35.338+0000][1][safepoint    ] Total time for which application threads were stopped: 0.0001055 seconds, Stopping threads took: 0.0000125 seconds
[2019-12-09T02:33:35.338+0000][1][safepoint    ] Application time: 0.0000909 seconds
[2019-12-09T02:33:35.338+0000][1][safepoint    ] Entering safepoint region: RevokeBias
[2019-12-09T02:33:35.338+0000][1][safepoint    ] Leaving safepoint region
[2019-12-09T02:33:35.338+0000][1][safepoint    ] Total time for which application threads were stopped: 0.0000542 seconds, Stopping threads took: 0.0000097 seconds
[2019-12-09T02:33:35.338+0000][1][safepoint    ] Application time: 0.0003690 seconds
[2019-12-09T02:33:35.338+0000][1][safepoint    ] Entering safepoint region: RevokeBias
[2019-12-09T02:33:35.338+0000][1][safepoint    ] Leaving safepoint region
[2019-12-09T02:33:35.338+0000][1][safepoint    ] Total time for which application threads were stopped: 0.0000653 seconds, Stopping threads took: 0.0000114 seconds
[2019-12-09T02:33:35.340+0000][1][safepoint    ] Application time: 0.0011284 seconds
[2019-12-09T02:33:35.340+0000][1][safepoint    ] Entering safepoint region: RevokeBias
[2019-12-09T02:33:35.340+0000][1][safepoint    ] Leaving safepoint region
[2019-12-09T02:33:35.340+0000][1][safepoint    ] Total time for which application threads were stopped: 0.0000721 seconds, Stopping threads took: 0.0000113 seconds
[2019-12-09T02:33:35.340+0000][1][safepoint    ] Application time: 0.0002555 seconds
[2019-12-09T02:33:35.340+0000][1][safepoint    ] Entering safepoint region: RevokeBias
[2019-12-09T02:33:35.340+0000][1][safepoint    ] Leaving safepoint region
[2019-12-09T02:33:35.340+0000][1][safepoint    ] Total time for which application threads were stopped: 0.0000559 seconds, Stopping threads took: 0.0000098 seconds
[2019-12-09T02:33:35.341+0000][1][safepoint    ] Application time: 0.0009187 seconds
[2019-12-09T02:33:35.341+0000][1][safepoint    ] Entering safepoint region: RevokeBias
[2019-12-09T02:33:35.341+0000][1][safepoint    ] Leaving safepoint region
[2019-12-09T02:33:35.341+0000][1][safepoint    ] Total time for which application threads were stopped: 0.0000529 seconds, Stopping threads took: 0.0000104 seconds
[2019-12-09T02:33:35.341+0000][1][safepoint    ] Application time: 0.0002226 seconds
[2019-12-09T02:33:35.341+0000][1][safepoint    ] Entering safepoint region: RevokeBias
[2019-12-09T02:33:35.341+0000][1][safepoint    ] Leaving safepoint region
[2019-12-09T02:33:35.341+0000][1][safepoint    ] Total time for which application threads were stopped: 0.0000588 seconds, Stopping threads took: 0.0000103 seconds
[2019-12-09T02:33:35.403+0000][1][gc           ] GC(22) Concurrent Sweep 408.930ms
[2019-12-09T02:33:35.403+0000][1][gc,cpu       ] GC(22) User=0.15s Sys=0.01s Real=0.41s
[2019-12-09T02:33:35.403+0000][1][gc           ] GC(22) Concurrent Reset
[2019-12-09T02:33:35.404+0000][1][gc           ] GC(22) Concurrent Reset 0.346ms
[2019-12-09T02:33:35.404+0000][1][gc,cpu       ] GC(22) User=0.00s Sys=0.00s Real=0.00s
[2019-12-09T02:33:35.404+0000][1][gc,heap      ] GC(22) Old: 60446K->60229K(174784K)
[2019-12-09T02:33:35.434+0000][1][safepoint    ] Application time: 0.0925110 seconds
[2019-12-09T02:33:35.434+0000][1][safepoint    ] Entering safepoint region: RevokeBias
[2019-12-09T02:33:35.434+0000][1][safepoint    ] Leaving safepoint region
[2019-12-09T02:33:35.434+0000][1][safepoint    ] Total time for which application threads were stopped: 0.0003225 seconds, Stopping threads took: 0.0002336 seconds
[2019-12-09T02:33:35.459+0000][1][safepoint    ] Application time: 0.0243451 seconds
[2019-12-09T02:33:35.459+0000][1][safepoint    ] Entering safepoint region: RevokeBias
[2019-12-09T02:33:35.459+0000][1][safepoint    ] Leaving safepoint region
[2019-12-09T02:33:35.459+0000][1][safepoint    ] Total time for which application threads were stopped: 0.0001362 seconds, Stopping threads took: 0.0000212 seconds
[2019-12-09T02:33:35.459+0000][1][safepoint    ] Application time: 0.0002285 seconds
[2019-12-09T02:33:35.459+0000][1][safepoint    ] Entering safepoint region: RevokeBias
[2019-12-09T02:33:35.459+0000][1][safepoint    ] Leaving safepoint region
[2019-12-09T02:33:35.459+0000][1][safepoint    ] Total time for which application threads were stopped: 0.0000632 seconds, Stopping threads took: 0.0000111 seconds
[2019-12-09T02:33:35.500+0000][1][safepoint    ] Application time: 0.0413893 seconds
[2019-12-09T02:33:35.501+0000][1][safepoint    ] Entering safepoint region: RevokeBias
[2019-12-09T02:33:35.501+0000][1][safepoint    ] Leaving safepoint region
[2019-12-09T02:33:35.501+0000][1][safepoint    ] Total time for which application threads were stopped: 0.0001298 seconds, Stopping threads took: 0.0000665 seconds
[2019-12-09T02:33:35.501+0000][1][safepoint    ] Application time: 0.0008005 seconds
[2019-12-09T02:33:35.501+0000][1][safepoint    ] Entering safepoint region: RevokeBias
[2019-12-09T02:33:35.501+0000][1][safepoint    ] Leaving safepoint region
[2019-12-09T02:33:35.501+0000][1][safepoint    ] Total time for which application threads were stopped: 0.0000621 seconds, Stopping threads took: 0.0000132 seconds
[2019-12-09T02:33:35.502+0000][1][safepoint    ] Application time: 0.0009932 seconds
[2019-12-09T02:33:35.503+0000][1][safepoint    ] Entering safepoint region: RevokeBias
[2019-12-09T02:33:35.503+0000][1][safepoint    ] Leaving safepoint region
[2019-12-09T02:33:35.503+0000][1][safepoint    ] Total time for which application threads were stopped: 0.0005562 seconds, Stopping threads took: 0.0005061 seconds
[2019-12-09T02:33:35.617+0000][1][safepoint    ] Application time: 0.1143976 seconds
[2019-12-09T02:33:35.624+0000][1][safepoint    ] Entering safepoint region: RevokeBias
[2019-12-09T02:33:35.624+0000][1][safepoint    ] Leaving safepoint region
[2019-12-09T02:33:35.624+0000][1][safepoint    ] Total time for which application threads were stopped: 0.0068196 seconds, Stopping threads took: 0.0067414 seconds
[2019-12-09T02:33:35.625+0000][1][safepoint    ] Application time: 0.0004515 seconds
[2019-12-09T02:33:35.625+0000][1][safepoint    ] Entering safepoint region: RevokeBias
[2019-12-09T02:33:35.625+0000][1][safepoint    ] Leaving safepoint region
[2019-12-09T02:33:35.625+0000][1][safepoint    ] Total time for which application threads were stopped: 0.0000754 seconds, Stopping threads took: 0.0000120 seconds
[2019-12-09T02:33:35.625+0000][1][safepoint    ] Application time: 0.0005304 seconds
[2019-12-09T02:33:35.625+0000][1][safepoint    ] Entering safepoint region: RevokeBias
[2019-12-09T02:33:35.625+0000][1][safepoint    ] Leaving safepoint region
[2019-12-09T02:33:35.625+0000][1][safepoint    ] Total time for which application threads were stopped: 0.0000716 seconds, Stopping threads took: 0.0000120 seconds
[2019-12-09T02:33:35.626+0000][1][safepoint    ] Application time: 0.0006854 seconds
[2019-12-09T02:33:35.626+0000][1][safepoint    ] Entering safepoint region: RevokeBias
[2019-12-09T02:33:35.626+0000][1][safepoint    ] Leaving safepoint region
[2019-12-09T02:33:35.626+0000][1][safepoint    ] Total time for which application threads were stopped: 0.0000929 seconds, Stopping threads took: 0.0000487 seconds
[2019-12-09T02:33:35.635+0000][1][safepoint    ] Application time: 0.0083729 seconds
[2019-12-09T02:33:35.635+0000][1][safepoint    ] Entering safepoint region: RevokeBias
[2019-12-09T02:33:35.635+0000][1][safepoint    ] Leaving safepoint region
[2019-12-09T02:33:35.635+0000][1][safepoint    ] Total time for which application threads were stopped: 0.0000613 seconds, Stopping threads took: 0.0000141 seconds
[2019-12-09T02:33:35.635+0000][1][safepoint    ] Application time: 0.0002545 seconds
[2019-12-09T02:33:35.635+0000][1][safepoint    ] Entering safepoint region: RevokeBias
[2019-12-09T02:33:35.635+0000][1][safepoint    ] Leaving safepoint region
[2019-12-09T02:33:35.635+0000][1][safepoint    ] Total time for which application threads were stopped: 0.0000616 seconds, Stopping threads took: 0.0000165 seconds
[2019-12-09T02:33:35.672+0000][1][safepoint    ] Application time: 0.0366027 seconds
[2019-12-09T02:33:35.672+0000][1][safepoint    ] Entering safepoint region: RevokeBias
[2019-12-09T02:33:35.672+0000][1][safepoint    ] Leaving safepoint region
[2019-12-09T02:33:35.672+0000][1][safepoint    ] Total time for which application threads were stopped: 0.0001072 seconds, Stopping threads took: 0.0000188 seconds
[2019-12-09T02:33:35.703+0000][1][safepoint    ] Application time: 0.0316179 seconds
[2019-12-09T02:33:35.704+0000][1][safepoint    ] Entering safepoint region: RevokeBias
[2019-12-09T02:33:35.704+0000][1][safepoint    ] Leaving safepoint region
[2019-12-09T02:33:35.704+0000][1][safepoint    ] Total time for which application threads were stopped: 0.0001886 seconds, Stopping threads took: 0.0000658 seconds
[2019-12-09T02:33:35.719+0000][1][safepoint    ] Application time: 0.0156550 seconds
[2019-12-09T02:33:35.719+0000][1][safepoint    ] Entering safepoint region: RevokeBias
[2019-12-09T02:33:35.719+0000][1][safepoint    ] Leaving safepoint region
[2019-12-09T02:33:35.719+0000][1][safepoint    ] Total time for which application threads were stopped: 0.0001104 seconds, Stopping threads took: 0.0000473 seconds
[2019-12-09T02:33:35.729+0000][1][safepoint    ] Application time: 0.0094738 seconds
[2019-12-09T02:33:35.729+0000][1][safepoint    ] Entering safepoint region: RevokeBias
[2019-12-09T02:33:35.729+0000][1][safepoint    ] Leaving safepoint region
[2019-12-09T02:33:35.729+0000][1][safepoint    ] Total time for which application threads were stopped: 0.0000782 seconds, Stopping threads took: 0.0000155 seconds
[2019-12-09T02:33:35.752+0000][1][safepoint    ] Application time: 0.0233330 seconds
[2019-12-09T02:33:35.762+0000][1][safepoint    ] Entering safepoint region: RevokeBias
[2019-12-09T02:33:35.762+0000][1][safepoint    ] Leaving safepoint region
[2019-12-09T02:33:35.762+0000][1][safepoint    ] Total time for which application threads were stopped: 0.0093636 seconds, Stopping threads took: 0.0092955 seconds
[2019-12-09T02:33:35.839+0000][1][safepoint    ] Application time: 0.0768812 seconds
[2019-12-09T02:33:35.839+0000][1][safepoint    ] Entering safepoint region: RevokeBias
[2019-12-09T02:33:35.839+0000][1][safepoint    ] Leaving safepoint region
[2019-12-09T02:33:35.839+0000][1][safepoint    ] Total time for which application threads were stopped: 0.0000982 seconds, Stopping threads took: 0.0000183 seconds
[2019-12-09T02:33:35.839+0000][1][safepoint    ] Application time: 0.0003804 seconds
[2019-12-09T02:33:35.839+0000][1][safepoint    ] Entering safepoint region: RevokeBias
[2019-12-09T02:33:35.839+0000][1][safepoint    ] Leaving safepoint region
[2019-12-09T02:33:35.839+0000][1][safepoint    ] Total time for which application threads were stopped: 0.0000632 seconds, Stopping threads took: 0.0000140 seconds
[2019-12-09T02:33:36.354+0000][1][safepoint    ] Application time: 0.5144104 seconds
[2019-12-09T02:33:36.354+0000][1][safepoint    ] Entering safepoint region: RevokeBias
[2019-12-09T02:33:36.354+0000][1][safepoint    ] Leaving safepoint region
[2019-12-09T02:33:36.354+0000][1][safepoint    ] Total time for which application threads were stopped: 0.0000891 seconds, Stopping threads took: 0.0000191 seconds
[2019-12-09T02:33:36.354+0000][1][safepoint    ] Application time: 0.0004334 seconds
[2019-12-09T02:33:36.354+0000][1][safepoint    ] Entering safepoint region: RevokeBias
[2019-12-09T02:33:36.354+0000][1][safepoint    ] Leaving safepoint region
[2019-12-09T02:33:36.354+0000][1][safepoint    ] Total time for which application threads were stopped: 0.0000612 seconds, Stopping threads took: 0.0000127 seconds
[2019-12-09T02:33:36.541+0000][1][safepoint    ] Application time: 0.1866989 seconds
[2019-12-09T02:33:36.541+0000][1][safepoint    ] Entering safepoint region: RevokeBias
[2019-12-09T02:33:36.541+0000][1][safepoint    ] Leaving safepoint region
[2019-12-09T02:33:36.541+0000][1][safepoint    ] Total time for which application threads were stopped: 0.0000898 seconds, Stopping threads took: 0.0000227 seconds
[2019-12-09T02:33:36.542+0000][1][safepoint    ] Application time: 0.0004075 seconds
[2019-12-09T02:33:36.542+0000][1][safepoint    ] Entering safepoint region: BulkRevokeBias
[2019-12-09T02:33:36.542+0000][1][safepoint    ] Leaving safepoint region
[2019-12-09T02:33:36.542+0000][1][safepoint    ] Total time for which application threads were stopped: 0.0004187 seconds, Stopping threads took: 0.0000132 seconds
[2019-12-09T02:33:36.546+0000][1][safepoint    ] Application time: 0.0041162 seconds
[2019-12-09T02:33:36.559+0000][1][safepoint    ] Entering safepoint region: RevokeBias
[2019-12-09T02:33:36.559+0000][1][safepoint    ] Leaving safepoint region
[2019-12-09T02:33:36.559+0000][1][safepoint    ] Total time for which application threads were stopped: 0.0127285 seconds, Stopping threads took: 0.0126743 seconds
[2019-12-09T02:33:36.559+0000][1][safepoint    ] Application time: 0.0003305 seconds
[2019-12-09T02:33:36.559+0000][1][safepoint    ] Entering safepoint region: RevokeBias
[2019-12-09T02:33:36.559+0000][1][safepoint    ] Leaving safepoint region
[2019-12-09T02:33:36.559+0000][1][safepoint    ] Total time for which application threads were stopped: 0.0000521 seconds, Stopping threads took: 0.0000111 seconds
[2019-12-09T02:33:36.655+0000][1][safepoint    ] Application time: 0.0954652 seconds
[2019-12-09T02:33:36.685+0000][1][safepoint    ] Entering safepoint region: RevokeBias
[2019-12-09T02:33:36.685+0000][1][safepoint    ] Leaving safepoint region
[2019-12-09T02:33:36.685+0000][1][safepoint    ] Total time for which application threads were stopped: 0.0302592 seconds, Stopping threads took: 0.0301530 seconds
[2019-12-09T02:33:36.686+0000][1][safepoint    ] Application time: 0.0004963 seconds
[2019-12-09T02:33:36.686+0000][1][safepoint    ] Entering safepoint region: RevokeBias
[2019-12-09T02:33:36.686+0000][1][safepoint    ] Leaving safepoint region
[2019-12-09T02:33:36.686+0000][1][safepoint    ] Total time for which application threads were stopped: 0.0000759 seconds, Stopping threads took: 0.0000152 seconds
[2019-12-09T02:33:36.686+0000][1][safepoint    ] Application time: 0.0003572 seconds
[2019-12-09T02:33:36.686+0000][1][safepoint    ] Entering safepoint region: RevokeBias
[2019-12-09T02:33:36.686+0000][1][safepoint    ] Leaving safepoint region
[2019-12-09T02:33:36.686+0000][1][safepoint    ] Total time for which application threads were stopped: 0.0000640 seconds, Stopping threads took: 0.0000126 seconds
[2019-12-09T02:33:36.748+0000][1][safepoint    ] Application time: 0.0616595 seconds
[2019-12-09T02:33:36.759+0000][1][safepoint    ] Entering safepoint region: RevokeBias
[2019-12-09T02:33:36.759+0000][1][safepoint    ] Leaving safepoint region
[2019-12-09T02:33:36.759+0000][1][safepoint    ] Total time for which application threads were stopped: 0.0110083 seconds, Stopping threads took: 0.0109212 seconds
[2019-12-09T02:33:36.759+0000][1][safepoint    ] Application time: 0.0001628 seconds
[2019-12-09T02:33:36.759+0000][1][safepoint    ] Entering safepoint region: RevokeBias
[2019-12-09T02:33:36.759+0000][1][safepoint    ] Leaving safepoint region
[2019-12-09T02:33:36.759+0000][1][safepoint    ] Total time for which application threads were stopped: 0.0000495 seconds, Stopping threads took: 0.0000098 seconds
[2019-12-09T02:33:36.765+0000][1][safepoint    ] Application time: 0.0059858 seconds
[2019-12-09T02:33:36.765+0000][1][safepoint    ] Entering safepoint region: RevokeBias
[2019-12-09T02:33:36.765+0000][1][safepoint    ] Leaving safepoint region
[2019-12-09T02:33:36.765+0000][1][safepoint    ] Total time for which application threads were stopped: 0.0001219 seconds, Stopping threads took: 0.0000157 seconds
[2019-12-09T02:33:36.766+0000][1][safepoint    ] Application time: 0.0008775 seconds
[2019-12-09T02:33:36.766+0000][1][safepoint    ] Entering safepoint region: RevokeBias
[2019-12-09T02:33:36.766+0000][1][safepoint    ] Leaving safepoint region
[2019-12-09T02:33:36.766+0000][1][safepoint    ] Total time for which application threads were stopped: 0.0000742 seconds, Stopping threads took: 0.0000184 seconds
[2019-12-09T02:33:36.776+0000][1][safepoint    ] Application time: 0.0099421 seconds
[2019-12-09T02:33:36.776+0000][1][safepoint    ] Entering safepoint region: RevokeBias
[2019-12-09T02:33:36.776+0000][1][safepoint    ] Leaving safepoint region
[2019-12-09T02:33:36.776+0000][1][safepoint    ] Total time for which application threads were stopped: 0.0000881 seconds, Stopping threads took: 0.0000278 seconds
[2019-12-09T02:33:36.785+0000][1][safepoint    ] Application time: 0.0090016 seconds
[2019-12-09T02:33:36.785+0000][1][safepoint    ] Entering safepoint region: RevokeBias
[2019-12-09T02:33:36.785+0000][1][safepoint    ] Leaving safepoint region
[2019-12-09T02:33:36.785+0000][1][safepoint    ] Total time for which application threads were stopped: 0.0000744 seconds, Stopping threads took: 0.0000140 seconds
[2019-12-09T02:33:36.825+0000][1][safepoint    ] Application time: 0.0397620 seconds
[2019-12-09T02:33:36.825+0000][1][safepoint    ] Entering safepoint region: RevokeBias
[2019-12-09T02:33:36.825+0000][1][safepoint    ] Leaving safepoint region
[2019-12-09T02:33:36.825+0000][1][safepoint    ] Total time for which application threads were stopped: 0.0000976 seconds, Stopping threads took: 0.0000158 seconds
[2019-12-09T02:33:36.825+0000][1][safepoint    ] Application time: 0.0002395 seconds
[2019-12-09T02:33:36.825+0000][1][safepoint    ] Entering safepoint region: RevokeBias
[2019-12-09T02:33:36.826+0000][1][safepoint    ] Leaving safepoint region
[2019-12-09T02:33:36.826+0000][1][safepoint    ] Total time for which application threads were stopped: 0.0000875 seconds, Stopping threads took: 0.0000112 seconds
[2019-12-09T02:33:36.826+0000][1][safepoint    ] Application time: 0.0004584 seconds
[2019-12-09T02:33:36.826+0000][1][safepoint    ] Entering safepoint region: RevokeBias
[2019-12-09T02:33:36.826+0000][1][safepoint    ] Leaving safepoint region
[2019-12-09T02:33:36.826+0000][1][safepoint    ] Total time for which application threads were stopped: 0.0000524 seconds, Stopping threads took: 0.0000119 seconds
[2019-12-09T02:33:36.830+0000][1][safepoint    ] Application time: 0.0041674 seconds
[2019-12-09T02:33:36.830+0000][1][safepoint    ] Entering safepoint region: RevokeBias
[2019-12-09T02:33:36.830+0000][1][safepoint    ] Leaving safepoint region
[2019-12-09T02:33:36.830+0000][1][safepoint    ] Total time for which application threads were stopped: 0.0000626 seconds, Stopping threads took: 0.0000108 seconds
[2019-12-09T02:33:36.834+0000][1][safepoint    ] Application time: 0.0036810 seconds
[2019-12-09T02:33:36.834+0000][1][safepoint    ] Entering safepoint region: RevokeBias
[2019-12-09T02:33:36.834+0000][1][safepoint    ] Leaving safepoint region
[2019-12-09T02:33:36.834+0000][1][safepoint    ] Total time for which application threads were stopped: 0.0000603 seconds, Stopping threads took: 0.0000131 seconds
[2019-12-09T02:33:36.850+0000][1][safepoint    ] Application time: 0.0161278 seconds
[2019-12-09T02:33:36.850+0000][1][safepoint    ] Entering safepoint region: RevokeBias
[2019-12-09T02:33:36.850+0000][1][safepoint    ] Leaving safepoint region
[2019-12-09T02:33:36.850+0000][1][safepoint    ] Total time for which application threads were stopped: 0.0000651 seconds, Stopping threads took: 0.0000125 seconds
[2019-12-09T02:33:37.088+0000][1][safepoint    ] Application time: 0.2375592 seconds
[2019-12-09T02:33:37.088+0000][1][safepoint    ] Entering safepoint region: RevokeBias
[2019-12-09T02:33:37.088+0000][1][safepoint    ] Leaving safepoint region
[2019-12-09T02:33:37.088+0000][1][safepoint    ] Total time for which application threads were stopped: 0.0000949 seconds, Stopping threads took: 0.0000170 seconds
[2019-12-09T02:33:37.131+0000][1][safepoint    ] Application time: 0.0428264 seconds
[2019-12-09T02:33:37.138+0000][1][safepoint    ] Entering safepoint region: BulkRevokeBias
[2019-12-09T02:33:37.138+0000][1][safepoint    ] Leaving safepoint region
[2019-12-09T02:33:37.138+0000][1][safepoint    ] Total time for which application threads were stopped: 0.0073262 seconds, Stopping threads took: 0.0069497 seconds
[2019-12-09T02:33:37.139+0000][1][safepoint    ] Application time: 0.0004592 seconds
[2019-12-09T02:33:37.139+0000][1][safepoint    ] Entering safepoint region: RevokeBias
[2019-12-09T02:33:37.139+0000][1][safepoint    ] Leaving safepoint region
[2019-12-09T02:33:37.139+0000][1][safepoint    ] Total time for which application threads were stopped: 0.0001325 seconds, Stopping threads took: 0.0000133 seconds
[2019-12-09T02:33:37.139+0000][1][safepoint    ] Application time: 0.0003921 seconds
[2019-12-09T02:33:37.139+0000][1][safepoint    ] Entering safepoint region: RevokeBias
[2019-12-09T02:33:37.139+0000][1][safepoint    ] Leaving safepoint region
[2019-12-09T02:33:37.139+0000][1][safepoint    ] Total time for which application threads were stopped: 0.0000896 seconds, Stopping threads took: 0.0000109 seconds
[2019-12-09T02:33:37.143+0000][1][safepoint    ] Application time: 0.0035060 seconds
[2019-12-09T02:33:37.143+0000][1][safepoint    ] Entering safepoint region: RevokeBias
[2019-12-09T02:33:37.143+0000][1][safepoint    ] Leaving safepoint region
[2019-12-09T02:33:37.143+0000][1][safepoint    ] Total time for which application threads were stopped: 0.0000686 seconds, Stopping threads took: 0.0000125 seconds
[2019-12-09T02:33:37.143+0000][1][safepoint    ] Application time: 0.0005110 seconds
[2019-12-09T02:33:37.144+0000][1][safepoint    ] Entering safepoint region: RevokeBias
[2019-12-09T02:33:37.144+0000][1][safepoint    ] Leaving safepoint region
[2019-12-09T02:33:37.144+0000][1][safepoint    ] Total time for which application threads were stopped: 0.0000655 seconds, Stopping threads took: 0.0000115 seconds
[2019-12-09T02:33:37.144+0000][1][safepoint    ] Application time: 0.0003481 seconds
[2019-12-09T02:33:37.144+0000][1][safepoint    ] Entering safepoint region: RevokeBias
[2019-12-09T02:33:37.144+0000][1][safepoint    ] Leaving safepoint region
[2019-12-09T02:33:37.144+0000][1][safepoint    ] Total time for which application threads were stopped: 0.0000584 seconds, Stopping threads took: 0.0000111 seconds
[2019-12-09T02:33:37.144+0000][1][safepoint    ] Application time: 0.0001822 seconds
[2019-12-09T02:33:37.144+0000][1][safepoint    ] Entering safepoint region: RevokeBias
[2019-12-09T02:33:37.144+0000][1][safepoint    ] Leaving safepoint region
[2019-12-09T02:33:37.144+0000][1][safepoint    ] Total time for which application threads were stopped: 0.0000478 seconds, Stopping threads took: 0.0000096 seconds
[2019-12-09T02:33:37.145+0000][1][safepoint    ] Application time: 0.0002658 seconds
[2019-12-09T02:33:37.145+0000][1][safepoint    ] Entering safepoint region: RevokeBias
[2019-12-09T02:33:37.145+0000][1][safepoint    ] Leaving safepoint region
[2019-12-09T02:33:37.145+0000][1][safepoint    ] Total time for which application threads were stopped: 0.0000559 seconds, Stopping threads took: 0.0000117 seconds
[2019-12-09T02:33:37.145+0000][1][safepoint    ] Application time: 0.0002578 seconds
[2019-12-09T02:33:37.145+0000][1][safepoint    ] Entering safepoint region: RevokeBias
[2019-12-09T02:33:37.145+0000][1][safepoint    ] Leaving safepoint region
[2019-12-09T02:33:37.145+0000][1][safepoint    ] Total time for which application threads were stopped: 0.0000545 seconds, Stopping threads took: 0.0000120 seconds
[2019-12-09T02:33:37.147+0000][1][safepoint    ] Application time: 0.0020189 seconds
[2019-12-09T02:33:37.147+0000][1][safepoint    ] Entering safepoint region: RevokeBias
[2019-12-09T02:33:37.147+0000][1][safepoint    ] Leaving safepoint region
[2019-12-09T02:33:37.147+0000][1][safepoint    ] Total time for which application threads were stopped: 0.0000714 seconds, Stopping threads took: 0.0000117 seconds
[2019-12-09T02:33:37.147+0000][1][safepoint    ] Application time: 0.0003571 seconds
[2019-12-09T02:33:37.147+0000][1][safepoint    ] Entering safepoint region: RevokeBias
[2019-12-09T02:33:37.148+0000][1][safepoint    ] Leaving safepoint region
[2019-12-09T02:33:37.148+0000][1][safepoint    ] Total time for which application threads were stopped: 0.0000852 seconds, Stopping threads took: 0.0000163 seconds
[2019-12-09T02:33:37.148+0000][1][safepoint    ] Application time: 0.0002962 seconds
[2019-12-09T02:33:37.148+0000][1][safepoint    ] Entering safepoint region: RevokeBias
[2019-12-09T02:33:37.148+0000][1][safepoint    ] Leaving safepoint region
[2019-12-09T02:33:37.148+0000][1][safepoint    ] Total time for which application threads were stopped: 0.0000669 seconds, Stopping threads took: 0.0000103 seconds
[2019-12-09T02:33:37.148+0000][1][safepoint    ] Application time: 0.0003473 seconds
[2019-12-09T02:33:37.148+0000][1][safepoint    ] Entering safepoint region: RevokeBias
[2019-12-09T02:33:37.148+0000][1][safepoint    ] Leaving safepoint region
[2019-12-09T02:33:37.149+0000][1][safepoint    ] Total time for which application threads were stopped: 0.0002298 seconds, Stopping threads took: 0.0000105 seconds
[2019-12-09T02:33:37.150+0000][1][safepoint    ] Application time: 0.0010123 seconds
[2019-12-09T02:33:37.150+0000][1][safepoint    ] Entering safepoint region: RevokeBias
[2019-12-09T02:33:37.150+0000][1][safepoint    ] Leaving safepoint region
[2019-12-09T02:33:37.150+0000][1][safepoint    ] Total time for which application threads were stopped: 0.0003127 seconds, Stopping threads took: 0.0000121 seconds
[2019-12-09T02:33:37.524+0000][1][safepoint    ] Application time: 0.3744985 seconds
[2019-12-09T02:33:37.524+0000][1][safepoint    ] Entering safepoint region: RevokeBias
[2019-12-09T02:33:37.524+0000][1][safepoint    ] Leaving safepoint region
[2019-12-09T02:33:37.524+0000][1][safepoint    ] Total time for which application threads were stopped: 0.0000844 seconds, Stopping threads took: 0.0000171 seconds
[2019-12-09T02:33:37.557+0000][1][safepoint    ] Application time: 0.0328187 seconds
[2019-12-09T02:33:37.557+0000][1][safepoint    ] Entering safepoint region: RevokeBias
[2019-12-09T02:33:37.557+0000][1][safepoint    ] Leaving safepoint region
[2019-12-09T02:33:37.557+0000][1][safepoint    ] Total time for which application threads were stopped: 0.0000921 seconds, Stopping threads took: 0.0000185 seconds
[2019-12-09T02:33:37.651+0000][1][safepoint    ] Application time: 0.0932266 seconds
[2019-12-09T02:33:37.665+0000][1][safepoint    ] Entering safepoint region: RevokeBias
[2019-12-09T02:33:37.665+0000][1][safepoint    ] Leaving safepoint region
[2019-12-09T02:33:37.665+0000][1][safepoint    ] Total time for which application threads were stopped: 0.0141451 seconds, Stopping threads took: 0.0140545 seconds
[2019-12-09T02:33:37.667+0000][1][safepoint    ] Application time: 0.0023885 seconds
[2019-12-09T02:33:37.667+0000][1][safepoint    ] Entering safepoint region: RevokeBias
[2019-12-09T02:33:37.667+0000][1][safepoint    ] Leaving safepoint region
[2019-12-09T02:33:37.667+0000][1][safepoint    ] Total time for which application threads were stopped: 0.0000769 seconds, Stopping threads took: 0.0000141 seconds
[2019-12-09T02:33:37.694+0000][1][safepoint    ] Application time: 0.0266812 seconds
[2019-12-09T02:33:37.694+0000][1][safepoint    ] Entering safepoint region: RevokeBias
[2019-12-09T02:33:37.694+0000][1][safepoint    ] Leaving safepoint region
[2019-12-09T02:33:37.694+0000][1][safepoint    ] Total time for which application threads were stopped: 0.0001663 seconds, Stopping threads took: 0.0000974 seconds
[2019-12-09T02:33:37.697+0000][1][safepoint    ] Application time: 0.0031787 seconds
[2019-12-09T02:33:37.697+0000][1][safepoint    ] Entering safepoint region: RevokeBias
[2019-12-09T02:33:37.698+0000][1][safepoint    ] Leaving safepoint region
[2019-12-09T02:33:37.698+0000][1][safepoint    ] Total time for which application threads were stopped: 0.0000728 seconds, Stopping threads took: 0.0000149 seconds
[2019-12-09T02:33:37.703+0000][1][safepoint    ] Application time: 0.0052982 seconds
[2019-12-09T02:33:37.703+0000][1][safepoint    ] Entering safepoint region: RevokeBias
[2019-12-09T02:33:37.703+0000][1][safepoint    ] Leaving safepoint region
[2019-12-09T02:33:37.703+0000][1][safepoint    ] Total time for which application threads were stopped: 0.0000648 seconds, Stopping threads took: 0.0000188 seconds
[2019-12-09T02:33:37.707+0000][1][safepoint    ] Application time: 0.0036103 seconds
[2019-12-09T02:33:37.707+0000][1][safepoint    ] Entering safepoint region: RevokeBias
[2019-12-09T02:33:37.707+0000][1][safepoint    ] Leaving safepoint region
[2019-12-09T02:33:37.707+0000][1][safepoint    ] Total time for which application threads were stopped: 0.0000558 seconds, Stopping threads took: 0.0000120 seconds
[2019-12-09T02:33:37.739+0000][1][safepoint    ] Application time: 0.0320963 seconds
[2019-12-09T02:33:37.739+0000][1][safepoint    ] Entering safepoint region: RevokeBias
[2019-12-09T02:33:37.739+0000][1][safepoint    ] Leaving safepoint region
[2019-12-09T02:33:37.739+0000][1][safepoint    ] Total time for which application threads were stopped: 0.0001011 seconds, Stopping threads took: 0.0000444 seconds
[2019-12-09T02:33:38.110+0000][1][safepoint    ] Application time: 0.3708767 seconds
[2019-12-09T02:33:38.110+0000][1][safepoint    ] Entering safepoint region: RevokeBias
[2019-12-09T02:33:38.110+0000][1][safepoint    ] Leaving safepoint region
[2019-12-09T02:33:38.110+0000][1][safepoint    ] Total time for which application threads were stopped: 0.0000967 seconds, Stopping threads took: 0.0000182 seconds
[2019-12-09T02:33:38.167+0000][1][safepoint    ] Application time: 0.0569299 seconds
[2019-12-09T02:33:38.167+0000][1][safepoint    ] Entering safepoint region: RevokeBias
[2019-12-09T02:33:38.167+0000][1][safepoint    ] Leaving safepoint region
[2019-12-09T02:33:38.167+0000][1][safepoint    ] Total time for which application threads were stopped: 0.0000917 seconds, Stopping threads took: 0.0000204 seconds
[2019-12-09T02:33:38.167+0000][1][safepoint    ] Application time: 0.0004090 seconds
[2019-12-09T02:33:38.167+0000][1][safepoint    ] Entering safepoint region: RevokeBias
[2019-12-09T02:33:38.167+0000][1][safepoint    ] Leaving safepoint region
[2019-12-09T02:33:38.167+0000][1][safepoint    ] Total time for which application threads were stopped: 0.0000544 seconds, Stopping threads took: 0.0000120 seconds
[2019-12-09T02:33:38.204+0000][1][safepoint    ] Application time: 0.0366282 seconds
[2019-12-09T02:33:38.204+0000][1][safepoint    ] Entering safepoint region: RevokeBias
[2019-12-09T02:33:38.204+0000][1][safepoint    ] Leaving safepoint region
[2019-12-09T02:33:38.204+0000][1][safepoint    ] Total time for which application threads were stopped: 0.0003173 seconds, Stopping threads took: 0.0000175 seconds
[2019-12-09T02:33:38.666+0000][1][safepoint    ] Application time: 0.4619178 seconds
[2019-12-09T02:33:38.685+0000][1][safepoint    ] Entering safepoint region: RevokeBias
[2019-12-09T02:33:38.685+0000][1][safepoint    ] Leaving safepoint region
[2019-12-09T02:33:38.685+0000][1][safepoint    ] Total time for which application threads were stopped: 0.0190441 seconds, Stopping threads took: 0.0189515 seconds
[2019-12-09T02:33:38.687+0000][1][safepoint    ] Application time: 0.0020280 seconds
[2019-12-09T02:33:38.687+0000][1][safepoint    ] Entering safepoint region: RevokeBias
[2019-12-09T02:33:38.688+0000][1][safepoint    ] Leaving safepoint region
[2019-12-09T02:33:38.688+0000][1][safepoint    ] Total time for which application threads were stopped: 0.0000876 seconds, Stopping threads took: 0.0000146 seconds
[2019-12-09T02:33:38.688+0000][1][safepoint    ] Application time: 0.0000627 seconds
[2019-12-09T02:33:38.688+0000][1][safepoint    ] Entering safepoint region: RevokeBias
[2019-12-09T02:33:38.688+0000][1][safepoint    ] Leaving safepoint region
[2019-12-09T02:33:38.688+0000][1][safepoint    ] Total time for which application threads were stopped: 0.0000489 seconds, Stopping threads took: 0.0000083 seconds
[2019-12-09T02:33:38.690+0000][1][safepoint    ] Application time: 0.0025537 seconds
[2019-12-09T02:33:38.690+0000][1][safepoint    ] Entering safepoint region: RevokeBias
[2019-12-09T02:33:38.690+0000][1][safepoint    ] Leaving safepoint region
[2019-12-09T02:33:38.690+0000][1][safepoint    ] Total time for which application threads were stopped: 0.0000753 seconds, Stopping threads took: 0.0000197 seconds
[2019-12-09T02:33:38.701+0000][1][safepoint    ] Application time: 0.0102992 seconds
[2019-12-09T02:33:38.701+0000][1][safepoint    ] Entering safepoint region: RevokeBias
[2019-12-09T02:33:38.701+0000][1][safepoint    ] Leaving safepoint region
[2019-12-09T02:33:38.701+0000][1][safepoint    ] Total time for which application threads were stopped: 0.0000976 seconds, Stopping threads took: 0.0000143 seconds
[2019-12-09T02:33:38.725+0000][1][safepoint    ] Application time: 0.0247552 seconds
[2019-12-09T02:33:38.726+0000][1][safepoint    ] Entering safepoint region: RevokeBias
[2019-12-09T02:33:38.726+0000][1][safepoint    ] Leaving safepoint region
[2019-12-09T02:33:38.726+0000][1][safepoint    ] Total time for which application threads were stopped: 0.0000782 seconds, Stopping threads took: 0.0000154 seconds
[2019-12-09T02:33:38.762+0000][1][safepoint    ] Application time: 0.0364534 seconds
[2019-12-09T02:33:38.762+0000][1][safepoint    ] Entering safepoint region: RevokeBias
[2019-12-09T02:33:38.762+0000][1][safepoint    ] Leaving safepoint region
[2019-12-09T02:33:38.762+0000][1][safepoint    ] Total time for which application threads were stopped: 0.0000839 seconds, Stopping threads took: 0.0000154 seconds
[2019-12-09T02:33:38.773+0000][1][safepoint    ] Application time: 0.0108384 seconds
[2019-12-09T02:33:38.773+0000][1][safepoint    ] Entering safepoint region: RevokeBias
[2019-12-09T02:33:38.773+0000][1][safepoint    ] Leaving safepoint region
[2019-12-09T02:33:38.773+0000][1][safepoint    ] Total time for which application threads were stopped: 0.0001094 seconds, Stopping threads took: 0.0000559 seconds
[2019-12-09T02:33:39.434+0000][1][safepoint    ] Application time: 0.6612732 seconds
[2019-12-09T02:33:39.496+0000][1][safepoint    ] Entering safepoint region: RevokeBias
[2019-12-09T02:33:39.496+0000][1][safepoint    ] Leaving safepoint region
[2019-12-09T02:33:39.496+0000][1][safepoint    ] Total time for which application threads were stopped: 0.0620092 seconds, Stopping threads took: 0.0618961 seconds
[2019-12-09T02:33:39.499+0000][1][safepoint    ] Application time: 0.0022933 seconds
[2019-12-09T02:33:39.499+0000][1][safepoint    ] Entering safepoint region: RevokeBias
[2019-12-09T02:33:39.499+0000][1][safepoint    ] Leaving safepoint region
[2019-12-09T02:33:39.499+0000][1][safepoint    ] Total time for which application threads were stopped: 0.0000942 seconds, Stopping threads took: 0.0000157 seconds
[2019-12-09T02:33:39.501+0000][1][safepoint    ] Application time: 0.0018058 seconds
[2019-12-09T02:33:39.508+0000][1][safepoint    ] Entering safepoint region: RevokeBias
[2019-12-09T02:33:39.508+0000][1][safepoint    ] Leaving safepoint region
[2019-12-09T02:33:39.508+0000][1][safepoint    ] Total time for which application threads were stopped: 0.0071907 seconds, Stopping threads took: 0.0071224 seconds
[2019-12-09T02:33:39.509+0000][1][safepoint    ] Application time: 0.0014545 seconds
[2019-12-09T02:33:39.509+0000][1][safepoint    ] Entering safepoint region: BulkRevokeBias
[2019-12-09T02:33:39.510+0000][1][safepoint    ] Leaving safepoint region
[2019-12-09T02:33:39.510+0000][1][safepoint    ] Total time for which application threads were stopped: 0.0003700 seconds, Stopping threads took: 0.0000131 seconds
[2019-12-09T02:33:39.510+0000][1][safepoint    ] Application time: 0.0004997 seconds
[2019-12-09T02:33:39.510+0000][1][safepoint    ] Entering safepoint region: RevokeBias
[2019-12-09T02:33:39.510+0000][1][safepoint    ] Leaving safepoint region
[2019-12-09T02:33:39.510+0000][1][safepoint    ] Total time for which application threads were stopped: 0.0000737 seconds, Stopping threads took: 0.0000131 seconds
[2019-12-09T02:33:39.549+0000][1][safepoint    ] Application time: 0.0385552 seconds
[2019-12-09T02:33:39.574+0000][1][safepoint    ] Entering safepoint region: RevokeBias
[2019-12-09T02:33:39.574+0000][1][safepoint    ] Leaving safepoint region
[2019-12-09T02:33:39.574+0000][1][safepoint    ] Total time for which application threads were stopped: 0.0249098 seconds, Stopping threads took: 0.0248141 seconds
[2019-12-09T02:33:39.579+0000][1][safepoint    ] Application time: 0.0050715 seconds
[2019-12-09T02:33:39.579+0000][1][safepoint    ] Entering safepoint region: RevokeBias
[2019-12-09T02:33:39.579+0000][1][safepoint    ] Leaving safepoint region
[2019-12-09T02:33:39.579+0000][1][safepoint    ] Total time for which application threads were stopped: 0.0000976 seconds, Stopping threads took: 0.0000155 seconds
[2019-12-09T02:33:39.580+0000][1][safepoint    ] Application time: 0.0013218 seconds
[2019-12-09T02:33:39.580+0000][1][safepoint    ] Entering safepoint region: RevokeBias
[2019-12-09T02:33:39.581+0000][1][safepoint    ] Leaving safepoint region
[2019-12-09T02:33:39.581+0000][1][safepoint    ] Total time for which application threads were stopped: 0.0000919 seconds, Stopping threads took: 0.0000136 seconds
[2019-12-09T02:33:39.581+0000][1][safepoint    ] Application time: 0.0002039 seconds
[2019-12-09T02:33:39.581+0000][1][safepoint    ] Entering safepoint region: RevokeBias
[2019-12-09T02:33:39.581+0000][1][safepoint    ] Leaving safepoint region
[2019-12-09T02:33:39.581+0000][1][safepoint    ] Total time for which application threads were stopped: 0.0000707 seconds, Stopping threads took: 0.0000110 seconds
[2019-12-09T02:33:39.581+0000][1][safepoint    ] Application time: 0.0001747 seconds
[2019-12-09T02:33:39.581+0000][1][safepoint    ] Entering safepoint region: RevokeBias
[2019-12-09T02:33:39.581+0000][1][safepoint    ] Leaving safepoint region
[2019-12-09T02:33:39.581+0000][1][safepoint    ] Total time for which application threads were stopped: 0.0000698 seconds, Stopping threads took: 0.0000100 seconds
[2019-12-09T02:33:39.581+0000][1][safepoint    ] Application time: 0.0001658 seconds
[2019-12-09T02:33:39.581+0000][1][safepoint    ] Entering safepoint region: RevokeBias
[2019-12-09T02:33:39.581+0000][1][safepoint    ] Leaving safepoint region
[2019-12-09T02:33:39.581+0000][1][safepoint    ] Total time for which application threads were stopped: 0.0000661 seconds, Stopping threads took: 0.0000101 seconds
[2019-12-09T02:33:39.582+0000][1][safepoint    ] Application time: 0.0002747 seconds
[2019-12-09T02:33:39.582+0000][1][safepoint    ] Entering safepoint region: RevokeBias
[2019-12-09T02:33:39.582+0000][1][safepoint    ] Leaving safepoint region
[2019-12-09T02:33:39.582+0000][1][safepoint    ] Total time for which application threads were stopped: 0.0001005 seconds, Stopping threads took: 0.0000110 seconds
[2019-12-09T02:33:39.582+0000][1][safepoint    ] Application time: 0.0003096 seconds
[2019-12-09T02:33:39.582+0000][1][safepoint    ] Entering safepoint region: RevokeBias
[2019-12-09T02:33:39.582+0000][1][safepoint    ] Leaving safepoint region
[2019-12-09T02:33:39.582+0000][1][safepoint    ] Total time for which application threads were stopped: 0.0000870 seconds, Stopping threads took: 0.0000122 seconds
[2019-12-09T02:33:39.582+0000][1][safepoint    ] Application time: 0.0001775 seconds
[2019-12-09T02:33:39.582+0000][1][safepoint    ] Entering safepoint region: RevokeBias
[2019-12-09T02:33:39.582+0000][1][safepoint    ] Leaving safepoint region
[2019-12-09T02:33:39.582+0000][1][safepoint    ] Total time for which application threads were stopped: 0.0000667 seconds, Stopping threads took: 0.0000101 seconds
[2019-12-09T02:33:39.583+0000][1][safepoint    ] Application time: 0.0001647 seconds
[2019-12-09T02:33:39.583+0000][1][safepoint    ] Entering safepoint region: RevokeBias
[2019-12-09T02:33:39.583+0000][1][safepoint    ] Leaving safepoint region
[2019-12-09T02:33:39.583+0000][1][safepoint    ] Total time for which application threads were stopped: 0.0000852 seconds, Stopping threads took: 0.0000095 seconds
[2019-12-09T02:33:39.583+0000][1][safepoint    ] Application time: 0.0003083 seconds
[2019-12-09T02:33:39.583+0000][1][safepoint    ] Entering safepoint region: BulkRevokeBias
[2019-12-09T02:33:39.583+0000][1][safepoint    ] Leaving safepoint region
[2019-12-09T02:33:39.583+0000][1][safepoint    ] Total time for which application threads were stopped: 0.0003958 seconds, Stopping threads took: 0.0000277 seconds
[2019-12-09T02:33:39.705+0000][1][safepoint    ] Application time: 0.1210717 seconds
[2019-12-09T02:33:39.753+0000][1][safepoint    ] Entering safepoint region: RevokeBias
[2019-12-09T02:33:39.753+0000][1][safepoint    ] Leaving safepoint region
[2019-12-09T02:33:39.753+0000][1][safepoint    ] Total time for which application threads were stopped: 0.0483531 seconds, Stopping threads took: 0.0482595 seconds
[2019-12-09T02:33:39.783+0000][1][safepoint    ] Application time: 0.0302579 seconds
[2019-12-09T02:33:39.783+0000][1][safepoint    ] Entering safepoint region: RevokeBias
[2019-12-09T02:33:39.783+0000][1][safepoint    ] Leaving safepoint region
[2019-12-09T02:33:39.783+0000][1][safepoint    ] Total time for which application threads were stopped: 0.0001300 seconds, Stopping threads took: 0.0000492 seconds
[2019-12-09T02:33:39.794+0000][1][safepoint    ] Application time: 0.0108617 seconds
[2019-12-09T02:33:39.794+0000][1][safepoint    ] Entering safepoint region: RevokeBias
[2019-12-09T02:33:39.794+0000][1][safepoint    ] Leaving safepoint region
[2019-12-09T02:33:39.794+0000][1][safepoint    ] Total time for which application threads were stopped: 0.0000884 seconds, Stopping threads took: 0.0000179 seconds
[2019-12-09T02:33:39.863+0000][1][safepoint    ] Application time: 0.0687249 seconds
[2019-12-09T02:33:39.863+0000][1][safepoint    ] Entering safepoint region: RevokeBias
[2019-12-09T02:33:39.863+0000][1][safepoint    ] Leaving safepoint region
[2019-12-09T02:33:39.863+0000][1][safepoint    ] Total time for which application threads were stopped: 0.0001129 seconds, Stopping threads took: 0.0000185 seconds
[2019-12-09T02:33:39.895+0000][1][safepoint    ] Application time: 0.0315644 seconds
[2019-12-09T02:33:39.899+0000][1][safepoint    ] Entering safepoint region: RevokeBias
[2019-12-09T02:33:39.899+0000][1][safepoint    ] Leaving safepoint region
[2019-12-09T02:33:39.899+0000][1][safepoint    ] Total time for which application threads were stopped: 0.0040499 seconds, Stopping threads took: 0.0039429 seconds
[2019-12-09T02:33:39.899+0000][1][safepoint    ] Application time: 0.0000730 seconds
[2019-12-09T02:33:39.899+0000][1][safepoint    ] Entering safepoint region: RevokeBias
[2019-12-09T02:33:39.899+0000][1][safepoint    ] Leaving safepoint region
[2019-12-09T02:33:39.899+0000][1][safepoint    ] Total time for which application threads were stopped: 0.0000730 seconds, Stopping threads took: 0.0000109 seconds
[2019-12-09T02:33:39.900+0000][1][safepoint    ] Application time: 0.0011073 seconds
[2019-12-09T02:33:39.900+0000][1][safepoint    ] Entering safepoint region: RevokeBias
[2019-12-09T02:33:39.900+0000][1][safepoint    ] Leaving safepoint region
[2019-12-09T02:33:39.900+0000][1][safepoint    ] Total time for which application threads were stopped: 0.0000815 seconds, Stopping threads took: 0.0000150 seconds
[2019-12-09T02:33:39.900+0000][1][safepoint    ] Application time: 0.0001492 seconds
[2019-12-09T02:33:39.900+0000][1][safepoint    ] Entering safepoint region: RevokeBias
[2019-12-09T02:33:39.900+0000][1][safepoint    ] Leaving safepoint region
[2019-12-09T02:33:39.900+0000][1][safepoint    ] Total time for which application threads were stopped: 0.0000701 seconds, Stopping threads took: 0.0000118 seconds
[2019-12-09T02:33:39.901+0000][1][safepoint    ] Application time: 0.0000461 seconds
[2019-12-09T02:33:39.901+0000][1][safepoint    ] Entering safepoint region: RevokeBias
[2019-12-09T02:33:39.901+0000][1][safepoint    ] Leaving safepoint region
[2019-12-09T02:33:39.901+0000][1][safepoint    ] Total time for which application threads were stopped: 0.0000587 seconds, Stopping threads took: 0.0000095 seconds
[2019-12-09T02:33:40.415+0000][1][safepoint    ] Application time: 0.5144552 seconds
[2019-12-09T02:33:40.425+0000][1][safepoint    ] Entering safepoint region: RevokeBias
[2019-12-09T02:33:40.425+0000][1][safepoint    ] Leaving safepoint region
[2019-12-09T02:33:40.425+0000][1][safepoint    ] Total time for which application threads were stopped: 0.0097814 seconds, Stopping threads took: 0.0096734 seconds
[2019-12-09T02:33:40.427+0000][1][safepoint    ] Application time: 0.0022959 seconds
[2019-12-09T02:33:40.427+0000][1][safepoint    ] Entering safepoint region: RevokeBias
[2019-12-09T02:33:40.427+0000][1][safepoint    ] Leaving safepoint region
[2019-12-09T02:33:40.427+0000][1][safepoint    ] Total time for which application threads were stopped: 0.0000802 seconds, Stopping threads took: 0.0000183 seconds
[2019-12-09T02:33:40.435+0000][1][safepoint    ] Application time: 0.0074590 seconds
[2019-12-09T02:33:40.435+0000][1][safepoint    ] Entering safepoint region: RevokeBias
[2019-12-09T02:33:40.435+0000][1][safepoint    ] Leaving safepoint region
[2019-12-09T02:33:40.435+0000][1][safepoint    ] Total time for which application threads were stopped: 0.0002933 seconds, Stopping threads took: 0.0002330 seconds
[2019-12-09T02:33:40.455+0000][1][safepoint    ] Application time: 0.0199210 seconds
[2019-12-09T02:33:40.455+0000][1][safepoint    ] Entering safepoint region: RevokeBias
[2019-12-09T02:33:40.455+0000][1][safepoint    ] Leaving safepoint region
[2019-12-09T02:33:40.455+0000][1][safepoint    ] Total time for which application threads were stopped: 0.0000760 seconds, Stopping threads took: 0.0000151 seconds
[2019-12-09T02:33:40.455+0000][1][safepoint    ] Application time: 0.0002594 seconds
[2019-12-09T02:33:40.455+0000][1][safepoint    ] Entering safepoint region: RevokeBias
[2019-12-09T02:33:40.455+0000][1][safepoint    ] Leaving safepoint region
[2019-12-09T02:33:40.455+0000][1][safepoint    ] Total time for which application threads were stopped: 0.0000631 seconds, Stopping threads took: 0.0000139 seconds
[2019-12-09T02:33:40.456+0000][1][safepoint    ] Application time: 0.0000671 seconds
[2019-12-09T02:33:40.456+0000][1][safepoint    ] Entering safepoint region: RevokeBias
[2019-12-09T02:33:40.456+0000][1][safepoint    ] Leaving safepoint region
[2019-12-09T02:33:40.456+0000][1][safepoint    ] Total time for which application threads were stopped: 0.0000477 seconds, Stopping threads took: 0.0000100 seconds
[2019-12-09T02:33:40.456+0000][1][safepoint    ] Application time: 0.0002101 seconds
[2019-12-09T02:33:40.456+0000][1][safepoint    ] Entering safepoint region: RevokeBias
[2019-12-09T02:33:40.456+0000][1][safepoint    ] Leaving safepoint region
[2019-12-09T02:33:40.456+0000][1][safepoint    ] Total time for which application threads were stopped: 0.0000637 seconds, Stopping threads took: 0.0000135 seconds
[2019-12-09T02:33:40.457+0000][1][safepoint    ] Application time: 0.0015621 seconds
[2019-12-09T02:33:40.457+0000][1][safepoint    ] Entering safepoint region: RevokeBias
[2019-12-09T02:33:40.458+0000][1][safepoint    ] Leaving safepoint region
[2019-12-09T02:33:40.458+0000][1][safepoint    ] Total time for which application threads were stopped: 0.0000597 seconds, Stopping threads took: 0.0000132 seconds
[2019-12-09T02:33:40.458+0000][1][safepoint    ] Application time: 0.0002688 seconds
[2019-12-09T02:33:40.458+0000][1][safepoint    ] Entering safepoint region: RevokeBias
[2019-12-09T02:33:40.458+0000][1][safepoint    ] Leaving safepoint region
[2019-12-09T02:33:40.458+0000][1][safepoint    ] Total time for which application threads were stopped: 0.0000538 seconds, Stopping threads took: 0.0000127 seconds
[2019-12-09T02:33:40.479+0000][1][safepoint    ] Application time: 0.0207161 seconds
[2019-12-09T02:33:40.479+0000][1][safepoint    ] Entering safepoint region: RevokeBias
[2019-12-09T02:33:40.479+0000][1][safepoint    ] Leaving safepoint region
[2019-12-09T02:33:40.479+0000][1][safepoint    ] Total time for which application threads were stopped: 0.0000888 seconds, Stopping threads took: 0.0000142 seconds
[2019-12-09T02:33:40.491+0000][1][safepoint    ] Application time: 0.0120308 seconds
[2019-12-09T02:33:40.491+0000][1][safepoint    ] Entering safepoint region: RevokeBias
[2019-12-09T02:33:40.491+0000][1][safepoint    ] Leaving safepoint region
[2019-12-09T02:33:40.491+0000][1][safepoint    ] Total time for which application threads were stopped: 0.0000691 seconds, Stopping threads took: 0.0000141 seconds
[2019-12-09T02:33:40.957+0000][1][safepoint    ] Application time: 0.4658789 seconds
[2019-12-09T02:33:40.957+0000][1][safepoint    ] Entering safepoint region: Deoptimize
[2019-12-09T02:33:40.957+0000][1][safepoint    ] Leaving safepoint region
[2019-12-09T02:33:40.957+0000][1][safepoint    ] Total time for which application threads were stopped: 0.0007464 seconds, Stopping threads took: 0.0000201 seconds
[2019-12-09T02:33:41.303+0000][1][safepoint    ] Application time: 0.3459184 seconds
[2019-12-09T02:33:41.303+0000][1][safepoint    ] Entering safepoint region: BulkRevokeBias
[2019-12-09T02:33:41.304+0000][1][safepoint    ] Leaving safepoint region
[2019-12-09T02:33:41.304+0000][1][safepoint    ] Total time for which application threads were stopped: 0.0008758 seconds, Stopping threads took: 0.0000186 seconds
[2019-12-09T02:33:41.320+0000][1][safepoint    ] Application time: 0.0154006 seconds
[2019-12-09T02:33:41.320+0000][1][safepoint    ] Entering safepoint region: RevokeBias
[2019-12-09T02:33:41.320+0000][1][safepoint    ] Leaving safepoint region
[2019-12-09T02:33:41.320+0000][1][safepoint    ] Total time for which application threads were stopped: 0.0000745 seconds, Stopping threads took: 0.0000143 seconds
[2019-12-09T02:33:41.399+0000][1][safepoint    ] Application time: 0.0790755 seconds
[2019-12-09T02:33:41.399+0000][1][safepoint    ] Entering safepoint region: RevokeBias
[2019-12-09T02:33:41.399+0000][1][safepoint    ] Leaving safepoint region
[2019-12-09T02:33:41.399+0000][1][safepoint    ] Total time for which application threads were stopped: 0.0001010 seconds, Stopping threads took: 0.0000209 seconds
[2019-12-09T02:33:41.405+0000][1][safepoint    ] Application time: 0.0057004 seconds
[2019-12-09T02:33:41.405+0000][1][safepoint    ] Entering safepoint region: BulkRevokeBias
[2019-12-09T02:33:41.405+0000][1][safepoint    ] Leaving safepoint region
[2019-12-09T02:33:41.405+0000][1][safepoint    ] Total time for which application threads were stopped: 0.0003977 seconds, Stopping threads took: 0.0000155 seconds
[2019-12-09T02:33:41.405+0000][1][safepoint    ] Application time: 0.0002700 seconds
[2019-12-09T02:33:41.405+0000][1][safepoint    ] Entering safepoint region: RevokeBias
[2019-12-09T02:33:41.406+0000][1][safepoint    ] Leaving safepoint region
[2019-12-09T02:33:41.406+0000][1][safepoint    ] Total time for which application threads were stopped: 0.0000632 seconds, Stopping threads took: 0.0000117 seconds
[2019-12-09T02:33:41.764+0000][1][safepoint    ] Application time: 0.3581671 seconds
[2019-12-09T02:33:41.764+0000][1][safepoint    ] Entering safepoint region: RevokeBias
[2019-12-09T02:33:41.764+0000][1][safepoint    ] Leaving safepoint region
[2019-12-09T02:33:41.764+0000][1][safepoint    ] Total time for which application threads were stopped: 0.0001235 seconds, Stopping threads took: 0.0000199 seconds
[2019-12-09T02:33:41.774+0000][1][safepoint    ] Application time: 0.0104619 seconds
[2019-12-09T02:33:41.774+0000][1][safepoint    ] Entering safepoint region: RevokeBias
[2019-12-09T02:33:41.774+0000][1][safepoint    ] Leaving safepoint region
[2019-12-09T02:33:41.774+0000][1][safepoint    ] Total time for which application threads were stopped: 0.0000957 seconds, Stopping threads took: 0.0000210 seconds
[2019-12-09T02:33:41.809+0000][1][safepoint    ] Application time: 0.0348161 seconds
[2019-12-09T02:33:41.809+0000][1][safepoint    ] Entering safepoint region: RevokeBias
[2019-12-09T02:33:41.809+0000][1][safepoint    ] Leaving safepoint region
[2019-12-09T02:33:41.809+0000][1][safepoint    ] Total time for which application threads were stopped: 0.0000868 seconds, Stopping threads took: 0.0000183 seconds
[2019-12-09T02:33:41.813+0000][1][safepoint    ] Application time: 0.0033489 seconds
[2019-12-09T02:33:41.813+0000][1][safepoint    ] Entering safepoint region: RevokeBias
[2019-12-09T02:33:41.813+0000][1][safepoint    ] Leaving safepoint region
[2019-12-09T02:33:41.813+0000][1][safepoint    ] Total time for which application threads were stopped: 0.0001819 seconds, Stopping threads took: 0.0001238 seconds
[2019-12-09T02:33:41.813+0000][1][safepoint    ] Application time: 0.0000474 seconds
[2019-12-09T02:33:41.813+0000][1][safepoint    ] Entering safepoint region: RevokeBias
[2019-12-09T02:33:41.813+0000][1][safepoint    ] Leaving safepoint region
[2019-12-09T02:33:41.813+0000][1][safepoint    ] Total time for which application threads were stopped: 0.0000438 seconds, Stopping threads took: 0.0000090 seconds
[2019-12-09T02:33:41.813+0000][1][safepoint    ] Application time: 0.0000393 seconds
[2019-12-09T02:33:41.813+0000][1][safepoint    ] Entering safepoint region: RevokeBias
[2019-12-09T02:33:41.813+0000][1][safepoint    ] Leaving safepoint region
[2019-12-09T02:33:41.813+0000][1][safepoint    ] Total time for which application threads were stopped: 0.0000430 seconds, Stopping threads took: 0.0000091 seconds
[2019-12-09T02:33:41.813+0000][1][safepoint    ] Application time: 0.0000373 seconds
[2019-12-09T02:33:41.813+0000][1][safepoint    ] Entering safepoint region: RevokeBias
[2019-12-09T02:33:41.813+0000][1][safepoint    ] Leaving safepoint region
[2019-12-09T02:33:41.813+0000][1][safepoint    ] Total time for which application threads were stopped: 0.0000422 seconds, Stopping threads took: 0.0000088 seconds
[2019-12-09T02:33:41.813+0000][1][safepoint    ] Application time: 0.0000391 seconds
[2019-12-09T02:33:41.813+0000][1][safepoint    ] Entering safepoint region: RevokeBias
[2019-12-09T02:33:41.813+0000][1][safepoint    ] Leaving safepoint region
[2019-12-09T02:33:41.813+0000][1][safepoint    ] Total time for which application threads were stopped: 0.0000411 seconds, Stopping threads took: 0.0000088 seconds
[2019-12-09T02:33:41.813+0000][1][safepoint    ] Application time: 0.0000373 seconds
[2019-12-09T02:33:41.813+0000][1][safepoint    ] Entering safepoint region: RevokeBias
[2019-12-09T02:33:41.813+0000][1][safepoint    ] Leaving safepoint region
[2019-12-09T02:33:41.813+0000][1][safepoint    ] Total time for which application threads were stopped: 0.0000418 seconds, Stopping threads took: 0.0000092 seconds
[2019-12-09T02:33:41.814+0000][1][safepoint    ] Application time: 0.0000384 seconds
[2019-12-09T02:33:41.814+0000][1][safepoint    ] Entering safepoint region: RevokeBias
[2019-12-09T02:33:41.814+0000][1][safepoint    ] Leaving safepoint region
[2019-12-09T02:33:41.814+0000][1][safepoint    ] Total time for which application threads were stopped: 0.0000421 seconds, Stopping threads took: 0.0000091 seconds
[2019-12-09T02:33:42.147+0000][1][safepoint    ] Application time: 0.3332002 seconds
[2019-12-09T02:33:42.147+0000][1][safepoint    ] Entering safepoint region: RevokeBias
[2019-12-09T02:33:42.147+0000][1][safepoint    ] Leaving safepoint region
[2019-12-09T02:33:42.147+0000][1][safepoint    ] Total time for which application threads were stopped: 0.0000972 seconds, Stopping threads took: 0.0000210 seconds
[2019-12-09T02:33:42.193+0000][1][safepoint    ] Application time: 0.0458167 seconds
[2019-12-09T02:33:42.193+0000][1][safepoint    ] Entering safepoint region: RevokeBias
[2019-12-09T02:33:42.193+0000][1][safepoint    ] Leaving safepoint region
[2019-12-09T02:33:42.193+0000][1][safepoint    ] Total time for which application threads were stopped: 0.0000946 seconds, Stopping threads took: 0.0000187 seconds
[2019-12-09T02:33:42.194+0000][1][safepoint    ] Application time: 0.0009527 seconds
[2019-12-09T02:33:42.194+0000][1][safepoint    ] Entering safepoint region: RevokeBias
[2019-12-09T02:33:42.194+0000][1][safepoint    ] Leaving safepoint region
[2019-12-09T02:33:42.194+0000][1][safepoint    ] Total time for which application threads were stopped: 0.0000846 seconds, Stopping threads took: 0.0000178 seconds
[2019-12-09T02:33:43.195+0000][1][safepoint    ] Application time: 1.0007836 seconds
[2019-12-09T02:33:43.195+0000][1][safepoint    ] Entering safepoint region: Cleanup
[2019-12-09T02:33:43.195+0000][1][safepoint    ] Leaving safepoint region
[2019-12-09T02:33:43.195+0000][1][safepoint    ] Total time for which application threads were stopped: 0.0001019 seconds, Stopping threads took: 0.0000250 seconds
[2019-12-09T02:33:43.661+0000][1][safepoint    ] Application time: 0.4661217 seconds
[2019-12-09T02:33:43.661+0000][1][safepoint    ] Entering safepoint region: RevokeBias
[2019-12-09T02:33:43.661+0000][1][safepoint    ] Leaving safepoint region
[2019-12-09T02:33:43.661+0000][1][safepoint    ] Total time for which application threads were stopped: 0.0001027 seconds, Stopping threads took: 0.0000200 seconds
[2019-12-09T02:33:43.661+0000][1][safepoint    ] Application time: 0.0001040 seconds
[2019-12-09T02:33:43.661+0000][1][safepoint    ] Entering safepoint region: RevokeBias
[2019-12-09T02:33:43.661+0000][1][safepoint    ] Leaving safepoint region
[2019-12-09T02:33:43.661+0000][1][safepoint    ] Total time for which application threads were stopped: 0.0000433 seconds, Stopping threads took: 0.0000087 seconds
[2019-12-09T02:33:43.662+0000][1][safepoint    ] Application time: 0.0005690 seconds
[2019-12-09T02:33:43.662+0000][1][safepoint    ] Entering safepoint region: RevokeBias
[2019-12-09T02:33:43.662+0000][1][safepoint    ] Leaving safepoint region
[2019-12-09T02:33:43.662+0000][1][safepoint    ] Total time for which application threads were stopped: 0.0000691 seconds, Stopping threads took: 0.0000153 seconds
[2019-12-09T02:33:44.668+0000][1][safepoint    ] Application time: 1.0057696 seconds
[2019-12-09T02:33:44.668+0000][1][safepoint    ] Entering safepoint region: Cleanup
[2019-12-09T02:33:44.668+0000][1][safepoint    ] Leaving safepoint region
[2019-12-09T02:33:44.668+0000][1][safepoint    ] Total time for which application threads were stopped: 0.0001028 seconds, Stopping threads took: 0.0000204 seconds
[2019-12-09T02:33:45.671+0000][1][safepoint    ] Application time: 1.0028735 seconds
[2019-12-09T02:33:45.671+0000][1][safepoint    ] Entering safepoint region: Cleanup
[2019-12-09T02:33:45.671+0000][1][safepoint    ] Leaving safepoint region
[2019-12-09T02:33:45.671+0000][1][safepoint    ] Total time for which application threads were stopped: 0.0001058 seconds, Stopping threads took: 0.0000224 seconds
[2019-12-09T02:33:46.673+0000][1][safepoint    ] Application time: 1.0017997 seconds
[2019-12-09T02:33:46.673+0000][1][safepoint    ] Entering safepoint region: Cleanup
[2019-12-09T02:33:46.673+0000][1][safepoint    ] Leaving safepoint region
[2019-12-09T02:33:46.673+0000][1][safepoint    ] Total time for which application threads were stopped: 0.0001071 seconds, Stopping threads took: 0.0000233 seconds
[2019-12-09T02:33:47.674+0000][1][safepoint    ] Application time: 1.0008348 seconds
[2019-12-09T02:33:47.674+0000][1][safepoint    ] Entering safepoint region: Cleanup
[2019-12-09T02:33:47.674+0000][1][safepoint    ] Leaving safepoint region
[2019-12-09T02:33:47.674+0000][1][safepoint    ] Total time for which application threads were stopped: 0.0001058 seconds, Stopping threads took: 0.0000242 seconds
[2019-12-09T02:33:48.677+0000][1][safepoint    ] Application time: 1.0028734 seconds
[2019-12-09T02:33:48.677+0000][1][safepoint    ] Entering safepoint region: Cleanup
[2019-12-09T02:33:48.677+0000][1][safepoint    ] Leaving safepoint region
[2019-12-09T02:33:48.677+0000][1][safepoint    ] Total time for which application threads were stopped: 0.0001033 seconds, Stopping threads took: 0.0000236 seconds
[2019-12-09T02:33:49.681+0000][1][safepoint    ] Application time: 1.0038200 seconds
[2019-12-09T02:33:49.681+0000][1][safepoint    ] Entering safepoint region: Cleanup
[2019-12-09T02:33:49.681+0000][1][safepoint    ] Leaving safepoint region
[2019-12-09T02:33:49.681+0000][1][safepoint    ] Total time for which application threads were stopped: 0.0001006 seconds, Stopping threads took: 0.0000227 seconds
[2019-12-09T02:33:50.684+0000][1][safepoint    ] Application time: 1.0029130 seconds
[2019-12-09T02:33:50.684+0000][1][safepoint    ] Entering safepoint region: Cleanup
[2019-12-09T02:33:50.684+0000][1][safepoint    ] Leaving safepoint region
[2019-12-09T02:33:50.684+0000][1][safepoint    ] Total time for which application threads were stopped: 0.0001109 seconds, Stopping threads took: 0.0000250 seconds
[2019-12-09T02:33:51.686+0000][1][safepoint    ] Application time: 1.0018223 seconds
[2019-12-09T02:33:51.686+0000][1][safepoint    ] Entering safepoint region: Cleanup
[2019-12-09T02:33:51.686+0000][1][safepoint    ] Leaving safepoint region
[2019-12-09T02:33:51.686+0000][1][safepoint    ] Total time for which application threads were stopped: 0.0001253 seconds, Stopping threads took: 0.0000412 seconds
[2019-12-09T02:33:52.687+0000][1][safepoint    ] Application time: 1.0008181 seconds
[2019-12-09T02:33:52.687+0000][1][safepoint    ] Entering safepoint region: Cleanup
[2019-12-09T02:33:52.687+0000][1][safepoint    ] Leaving safepoint region
[2019-12-09T02:33:52.687+0000][1][safepoint    ] Total time for which application threads were stopped: 0.0001123 seconds, Stopping threads took: 0.0000307 seconds
[2019-12-09T02:33:53.688+0000][1][safepoint    ] Application time: 1.0008226 seconds
[2019-12-09T02:33:53.688+0000][1][safepoint    ] Entering safepoint region: Cleanup
[2019-12-09T02:33:53.688+0000][1][safepoint    ] Leaving safepoint region
[2019-12-09T02:33:53.688+0000][1][safepoint    ] Total time for which application threads were stopped: 0.0000998 seconds, Stopping threads took: 0.0000231 seconds
[2019-12-09T02:33:54.542+0000][1][safepoint    ] Application time: 0.8543203 seconds
[2019-12-09T02:33:54.542+0000][1][safepoint    ] Entering safepoint region: GenCollectForAllocation
[2019-12-09T02:33:54.542+0000][1][gc,start     ] GC(24) Pause Young (Allocation Failure)
[2019-12-09T02:33:54.542+0000][1][gc,task      ] GC(24) Using 2 workers of 2 for evacuation
[2019-12-09T02:33:54.652+0000][1][gc,age       ] GC(24) Desired survivor size 4456448 bytes, new threshold 2 (max threshold 6)
[2019-12-09T02:33:54.652+0000][1][gc,age       ] GC(24) Age table with threshold 2 (max threshold 6)
[2019-12-09T02:33:54.652+0000][1][gc,age       ] GC(24) - age   1:    1887312 bytes,    1887312 total
[2019-12-09T02:33:54.652+0000][1][gc,age       ] GC(24) - age   2:    3616160 bytes,    5503472 total
[2019-12-09T02:33:54.652+0000][1][gc,heap      ] GC(24) ParNew: 78656K->6988K(78656K)
[2019-12-09T02:33:54.652+0000][1][gc,heap      ] GC(24) CMS: 60229K->64355K(174784K)
[2019-12-09T02:33:54.652+0000][1][gc,metaspace ] GC(24) Metaspace: 68287K->68287K(1112064K)
[2019-12-09T02:33:54.652+0000][1][gc           ] GC(24) Pause Young (Allocation Failure) 135M->69M(247M) 109.296ms
[2019-12-09T02:33:54.652+0000][1][gc,cpu       ] GC(24) User=0.05s Sys=0.00s Real=0.11s
[2019-12-09T02:33:54.652+0000][1][safepoint    ] Leaving safepoint region
[2019-12-09T02:33:54.652+0000][1][safepoint    ] Total time for which application threads were stopped: 0.1095084 seconds, Stopping threads took: 0.0000256 seconds
[2019-12-09T02:33:55.652+0000][1][safepoint    ] Application time: 1.0000955 seconds
[2019-12-09T02:33:55.652+0000][1][safepoint    ] Entering safepoint region: Cleanup
[2019-12-09T02:33:55.652+0000][1][safepoint    ] Leaving safepoint region
[2019-12-09T02:33:55.652+0000][1][safepoint    ] Total time for which application threads were stopped: 0.0001146 seconds, Stopping threads took: 0.0000248 seconds
[2019-12-09T02:33:56.653+0000][1][safepoint    ] Application time: 1.0006767 seconds
[2019-12-09T02:33:56.653+0000][1][safepoint    ] Entering safepoint region: Cleanup
[2019-12-09T02:33:56.653+0000][1][safepoint    ] Leaving safepoint region
[2019-12-09T02:33:56.653+0000][1][safepoint    ] Total time for which application threads were stopped: 0.0001015 seconds, Stopping threads took: 0.0000235 seconds
[2019-12-09T02:33:57.655+0000][1][safepoint    ] Application time: 1.0017131 seconds
[2019-12-09T02:33:57.655+0000][1][safepoint    ] Entering safepoint region: Cleanup
[2019-12-09T02:33:57.655+0000][1][safepoint    ] Leaving safepoint region
[2019-12-09T02:33:57.655+0000][1][safepoint    ] Total time for which application threads were stopped: 0.0001502 seconds, Stopping threads took: 0.0000262 seconds
[2019-12-09T02:33:58.659+0000][1][safepoint    ] Application time: 1.0043283 seconds
[2019-12-09T02:33:58.659+0000][1][safepoint    ] Entering safepoint region: Cleanup
[2019-12-09T02:33:58.659+0000][1][safepoint    ] Leaving safepoint region
[2019-12-09T02:33:58.659+0000][1][safepoint    ] Total time for which application threads were stopped: 0.0001190 seconds, Stopping threads took: 0.0000332 seconds
[2019-12-09T02:33:59.660+0000][1][safepoint    ] Application time: 1.0004441 seconds
[2019-12-09T02:33:59.660+0000][1][safepoint    ] Entering safepoint region: Cleanup
[2019-12-09T02:33:59.660+0000][1][safepoint    ] Leaving safepoint region
[2019-12-09T02:33:59.660+0000][1][safepoint    ] Total time for which application threads were stopped: 0.0001298 seconds, Stopping threads took: 0.0000297 seconds
[2019-12-09T02:34:00.661+0000][1][safepoint    ] Application time: 1.0008533 seconds
[2019-12-09T02:34:00.661+0000][1][safepoint    ] Entering safepoint region: Cleanup
[2019-12-09T02:34:00.661+0000][1][safepoint    ] Leaving safepoint region
[2019-12-09T02:34:00.661+0000][1][safepoint    ] Total time for which application threads were stopped: 0.0001195 seconds, Stopping threads took: 0.0000260 seconds
[2019-12-09T02:34:01.662+0000][1][safepoint    ] Application time: 1.0008051 seconds
[2019-12-09T02:34:01.662+0000][1][safepoint    ] Entering safepoint region: Cleanup
[2019-12-09T02:34:01.662+0000][1][safepoint    ] Leaving safepoint region
[2019-12-09T02:34:01.662+0000][1][safepoint    ] Total time for which application threads were stopped: 0.0001216 seconds, Stopping threads took: 0.0000271 seconds
[2019-12-09T02:34:02.663+0000][1][safepoint    ] Application time: 1.0008317 seconds
[2019-12-09T02:34:02.663+0000][1][safepoint    ] Entering safepoint region: Cleanup
[2019-12-09T02:34:02.663+0000][1][safepoint    ] Leaving safepoint region
[2019-12-09T02:34:02.663+0000][1][safepoint    ] Total time for which application threads were stopped: 0.0001093 seconds, Stopping threads took: 0.0000257 seconds
[2019-12-09T02:34:03.665+0000][1][safepoint    ] Application time: 1.0018061 seconds
[2019-12-09T02:34:03.665+0000][1][safepoint    ] Entering safepoint region: Cleanup
[2019-12-09T02:34:03.665+0000][1][safepoint    ] Leaving safepoint region
[2019-12-09T02:34:03.665+0000][1][safepoint    ] Total time for which application threads were stopped: 0.0001100 seconds, Stopping threads took: 0.0000249 seconds
[2019-12-09T02:34:04.671+0000][1][safepoint    ] Application time: 1.0058877 seconds
[2019-12-09T02:34:04.671+0000][1][safepoint    ] Entering safepoint region: Cleanup
[2019-12-09T02:34:04.671+0000][1][safepoint    ] Leaving safepoint region
[2019-12-09T02:34:04.671+0000][1][safepoint    ] Total time for which application threads were stopped: 0.0001087 seconds, Stopping threads took: 0.0000258 seconds
[2019-12-09T02:34:05.672+0000][1][safepoint    ] Application time: 1.0008051 seconds
[2019-12-09T02:34:05.672+0000][1][safepoint    ] Entering safepoint region: Cleanup
[2019-12-09T02:34:05.672+0000][1][safepoint    ] Leaving safepoint region
[2019-12-09T02:34:05.672+0000][1][safepoint    ] Total time for which application threads were stopped: 0.0000996 seconds, Stopping threads took: 0.0000239 seconds
[2019-12-09T02:34:06.673+0000][1][safepoint    ] Application time: 1.0008522 seconds
[2019-12-09T02:34:06.673+0000][1][safepoint    ] Entering safepoint region: Cleanup
[2019-12-09T02:34:06.673+0000][1][safepoint    ] Leaving safepoint region
[2019-12-09T02:34:06.673+0000][1][safepoint    ] Total time for which application threads were stopped: 0.0001136 seconds, Stopping threads took: 0.0000262 seconds
[2019-12-09T02:34:08.526+0000][1][safepoint    ] Application time: 1.8532841 seconds
[2019-12-09T02:34:08.526+0000][1][safepoint    ] Entering safepoint region: Cleanup
[2019-12-09T02:34:08.526+0000][1][safepoint    ] Leaving safepoint region
[2019-12-09T02:34:08.526+0000][1][safepoint    ] Total time for which application threads were stopped: 0.0001634 seconds, Stopping threads took: 0.0000233 seconds
[2019-12-09T02:34:09.526+0000][1][safepoint    ] Application time: 1.0000753 seconds
[2019-12-09T02:34:09.527+0000][1][safepoint    ] Entering safepoint region: Cleanup
[2019-12-09T02:34:09.527+0000][1][safepoint    ] Leaving safepoint region
[2019-12-09T02:34:09.527+0000][1][safepoint    ] Total time for which application threads were stopped: 0.0000814 seconds, Stopping threads took: 0.0000164 seconds
[2019-12-09T02:34:10.527+0000][1][safepoint    ] Application time: 1.0000860 seconds
[2019-12-09T02:34:10.527+0000][1][safepoint    ] Entering safepoint region: Cleanup
[2019-12-09T02:34:10.527+0000][1][safepoint    ] Leaving safepoint region
[2019-12-09T02:34:10.527+0000][1][safepoint    ] Total time for which application threads were stopped: 0.0001057 seconds, Stopping threads took: 0.0000235 seconds
[2019-12-09T02:34:11.527+0000][1][safepoint    ] Application time: 1.0000760 seconds
[2019-12-09T02:34:11.527+0000][1][safepoint    ] Entering safepoint region: Cleanup
[2019-12-09T02:34:11.527+0000][1][safepoint    ] Leaving safepoint region
[2019-12-09T02:34:11.527+0000][1][safepoint    ] Total time for which application threads were stopped: 0.0000772 seconds, Stopping threads took: 0.0000181 seconds
[2019-12-09T02:34:12.527+0000][1][safepoint    ] Application time: 1.0000776 seconds
[2019-12-09T02:34:12.527+0000][1][safepoint    ] Entering safepoint region: Cleanup
[2019-12-09T02:34:12.527+0000][1][safepoint    ] Leaving safepoint region
[2019-12-09T02:34:12.527+0000][1][safepoint    ] Total time for which application threads were stopped: 0.0000897 seconds, Stopping threads took: 0.0000189 seconds
[2019-12-09T02:34:13.527+0000][1][safepoint    ] Application time: 1.0000842 seconds
[2019-12-09T02:34:13.527+0000][1][safepoint    ] Entering safepoint region: Cleanup
[2019-12-09T02:34:13.527+0000][1][safepoint    ] Leaving safepoint region
[2019-12-09T02:34:13.527+0000][1][safepoint    ] Total time for which application threads were stopped: 0.0000854 seconds, Stopping threads took: 0.0000210 seconds
[2019-12-09T02:34:14.528+0000][1][safepoint    ] Application time: 1.0000781 seconds
[2019-12-09T02:34:14.528+0000][1][safepoint    ] Entering safepoint region: Cleanup
[2019-12-09T02:34:14.528+0000][1][safepoint    ] Leaving safepoint region
[2019-12-09T02:34:14.528+0000][1][safepoint    ] Total time for which application threads were stopped: 0.0000797 seconds, Stopping threads took: 0.0000176 seconds
[2019-12-09T02:34:15.528+0000][1][safepoint    ] Application time: 1.0000800 seconds
[2019-12-09T02:34:15.528+0000][1][safepoint    ] Entering safepoint region: Cleanup
[2019-12-09T02:34:15.528+0000][1][safepoint    ] Leaving safepoint region
[2019-12-09T02:34:15.528+0000][1][safepoint    ] Total time for which application threads were stopped: 0.0000753 seconds, Stopping threads took: 0.0000175 seconds
[2019-12-09T02:34:16.528+0000][1][safepoint    ] Application time: 1.0000771 seconds
[2019-12-09T02:34:16.528+0000][1][safepoint    ] Entering safepoint region: Cleanup
[2019-12-09T02:34:16.528+0000][1][safepoint    ] Leaving safepoint region
[2019-12-09T02:34:16.528+0000][1][safepoint    ] Total time for which application threads were stopped: 0.0000798 seconds, Stopping threads took: 0.0000182 seconds
[2019-12-09T02:34:17.532+0000][1][safepoint    ] Application time: 1.0036610 seconds
[2019-12-09T02:34:17.532+0000][1][safepoint    ] Entering safepoint region: Cleanup
[2019-12-09T02:34:17.532+0000][1][safepoint    ] Leaving safepoint region
[2019-12-09T02:34:17.532+0000][1][safepoint    ] Total time for which application threads were stopped: 0.0001317 seconds, Stopping threads took: 0.0000276 seconds
[2019-12-09T02:34:18.532+0000][1][safepoint    ] Application time: 1.0000897 seconds
[2019-12-09T02:34:18.532+0000][1][safepoint    ] Entering safepoint region: Cleanup
[2019-12-09T02:34:18.532+0000][1][safepoint    ] Leaving safepoint region
[2019-12-09T02:34:18.532+0000][1][safepoint    ] Total time for which application threads were stopped: 0.0001224 seconds, Stopping threads took: 0.0000265 seconds
[2019-12-09T02:34:19.532+0000][1][safepoint    ] Application time: 1.0000766 seconds
[2019-12-09T02:34:19.532+0000][1][safepoint    ] Entering safepoint region: Cleanup
[2019-12-09T02:34:19.532+0000][1][safepoint    ] Leaving safepoint region
[2019-12-09T02:34:19.532+0000][1][safepoint    ] Total time for which application threads were stopped: 0.0000956 seconds, Stopping threads took: 0.0000184 seconds
[2019-12-09T02:34:20.532+0000][1][safepoint    ] Application time: 1.0000760 seconds
[2019-12-09T02:34:20.533+0000][1][safepoint    ] Entering safepoint region: Cleanup
[2019-12-09T02:34:20.533+0000][1][safepoint    ] Leaving safepoint region
[2019-12-09T02:34:20.533+0000][1][safepoint    ] Total time for which application threads were stopped: 0.0000807 seconds, Stopping threads took: 0.0000182 seconds
[2019-12-09T02:34:21.533+0000][1][safepoint    ] Application time: 1.0000753 seconds
[2019-12-09T02:34:21.533+0000][1][safepoint    ] Entering safepoint region: Cleanup
[2019-12-09T02:34:21.533+0000][1][safepoint    ] Leaving safepoint region
[2019-12-09T02:34:21.533+0000][1][safepoint    ] Total time for which application threads were stopped: 0.0000831 seconds, Stopping threads took: 0.0000173 seconds
[2019-12-09T02:34:22.533+0000][1][safepoint    ] Application time: 1.0000757 seconds
[2019-12-09T02:34:22.533+0000][1][safepoint    ] Entering safepoint region: Cleanup
[2019-12-09T02:34:22.533+0000][1][safepoint    ] Leaving safepoint region
[2019-12-09T02:34:22.533+0000][1][safepoint    ] Total time for which application threads were stopped: 0.0000856 seconds, Stopping threads took: 0.0000176 seconds
[2019-12-09T02:34:23.533+0000][1][safepoint    ] Application time: 1.0000753 seconds
[2019-12-09T02:34:23.533+0000][1][safepoint    ] Entering safepoint region: Cleanup
[2019-12-09T02:34:23.533+0000][1][safepoint    ] Leaving safepoint region
[2019-12-09T02:34:23.533+0000][1][safepoint    ] Total time for which application threads were stopped: 0.0000856 seconds, Stopping threads took: 0.0000161 seconds
[2019-12-09T02:34:24.533+0000][1][safepoint    ] Application time: 1.0000789 seconds
[2019-12-09T02:34:24.533+0000][1][safepoint    ] Entering safepoint region: Cleanup
[2019-12-09T02:34:24.533+0000][1][safepoint    ] Leaving safepoint region
[2019-12-09T02:34:24.533+0000][1][safepoint    ] Total time for which application threads were stopped: 0.0000810 seconds, Stopping threads took: 0.0000171 seconds
[2019-12-09T02:34:25.533+0000][1][safepoint    ] Application time: 1.0000764 seconds
[2019-12-09T02:34:25.534+0000][1][safepoint    ] Entering safepoint region: Cleanup
[2019-12-09T02:34:25.534+0000][1][safepoint    ] Leaving safepoint region
[2019-12-09T02:34:25.534+0000][1][safepoint    ] Total time for which application threads were stopped: 0.0000834 seconds, Stopping threads took: 0.0000170 seconds
[2019-12-09T02:34:26.534+0000][1][safepoint    ] Application time: 1.0000801 seconds
[2019-12-09T02:34:26.534+0000][1][safepoint    ] Entering safepoint region: Cleanup
[2019-12-09T02:34:26.534+0000][1][safepoint    ] Leaving safepoint region
[2019-12-09T02:34:26.534+0000][1][safepoint    ] Total time for which application threads were stopped: 0.0000815 seconds, Stopping threads took: 0.0000173 seconds
[2019-12-09T02:34:27.534+0000][1][safepoint    ] Application time: 1.0000765 seconds
[2019-12-09T02:34:27.534+0000][1][safepoint    ] Entering safepoint region: Cleanup
[2019-12-09T02:34:27.534+0000][1][safepoint    ] Leaving safepoint region
[2019-12-09T02:34:27.534+0000][1][safepoint    ] Total time for which application threads were stopped: 0.0000869 seconds, Stopping threads took: 0.0000174 seconds
[2019-12-09T02:34:28.534+0000][1][safepoint    ] Application time: 1.0000787 seconds
[2019-12-09T02:34:28.534+0000][1][safepoint    ] Entering safepoint region: Cleanup
[2019-12-09T02:34:28.534+0000][1][safepoint    ] Leaving safepoint region
[2019-12-09T02:34:28.534+0000][1][safepoint    ] Total time for which application threads were stopped: 0.0000908 seconds, Stopping threads took: 0.0000248 seconds
[2019-12-09T02:34:29.534+0000][1][safepoint    ] Application time: 1.0000788 seconds
[2019-12-09T02:34:29.534+0000][1][safepoint    ] Entering safepoint region: Cleanup
[2019-12-09T02:34:29.534+0000][1][safepoint    ] Leaving safepoint region
[2019-12-09T02:34:29.534+0000][1][safepoint    ] Total time for which application threads were stopped: 0.0000869 seconds, Stopping threads took: 0.0000170 seconds
[2019-12-09T02:34:30.535+0000][1][safepoint    ] Application time: 1.0000783 seconds
[2019-12-09T02:34:30.535+0000][1][safepoint    ] Entering safepoint region: Cleanup
[2019-12-09T02:34:30.535+0000][1][safepoint    ] Leaving safepoint region
[2019-12-09T02:34:30.535+0000][1][safepoint    ] Total time for which application threads were stopped: 0.0000866 seconds, Stopping threads took: 0.0000190 seconds
[2019-12-09T02:34:31.535+0000][1][safepoint    ] Application time: 1.0000771 seconds
[2019-12-09T02:34:31.535+0000][1][safepoint    ] Entering safepoint region: Cleanup
[2019-12-09T02:34:31.535+0000][1][safepoint    ] Leaving safepoint region
[2019-12-09T02:34:31.535+0000][1][safepoint    ] Total time for which application threads were stopped: 0.0000809 seconds, Stopping threads took: 0.0000178 seconds
[2019-12-09T02:34:32.535+0000][1][safepoint    ] Application time: 1.0000795 seconds
[2019-12-09T02:34:32.535+0000][1][safepoint    ] Entering safepoint region: Cleanup
[2019-12-09T02:34:32.535+0000][1][safepoint    ] Leaving safepoint region
[2019-12-09T02:34:32.535+0000][1][safepoint    ] Total time for which application threads were stopped: 0.0000797 seconds, Stopping threads took: 0.0000184 seconds
[2019-12-09T02:34:33.535+0000][1][safepoint    ] Application time: 1.0000832 seconds
[2019-12-09T02:34:33.535+0000][1][safepoint    ] Entering safepoint region: Cleanup
[2019-12-09T02:34:33.535+0000][1][safepoint    ] Leaving safepoint region
[2019-12-09T02:34:33.535+0000][1][safepoint    ] Total time for which application threads were stopped: 0.0000819 seconds, Stopping threads took: 0.0000193 seconds
[2019-12-09T02:34:34.535+0000][1][safepoint    ] Application time: 1.0000771 seconds
[2019-12-09T02:34:34.535+0000][1][safepoint    ] Entering safepoint region: Cleanup
[2019-12-09T02:34:34.535+0000][1][safepoint    ] Leaving safepoint region
[2019-12-09T02:34:34.535+0000][1][safepoint    ] Total time for which application threads were stopped: 0.0000918 seconds, Stopping threads took: 0.0000173 seconds
[2019-12-09T02:34:35.536+0000][1][safepoint    ] Application time: 1.0000801 seconds
[2019-12-09T02:34:35.536+0000][1][safepoint    ] Entering safepoint region: Cleanup
[2019-12-09T02:34:35.536+0000][1][safepoint    ] Leaving safepoint region
[2019-12-09T02:34:35.536+0000][1][safepoint    ] Total time for which application threads were stopped: 0.0000953 seconds, Stopping threads took: 0.0000184 seconds
[2019-12-09T02:34:36.536+0000][1][safepoint    ] Application time: 1.0000768 seconds
[2019-12-09T02:34:36.536+0000][1][safepoint    ] Entering safepoint region: Cleanup
[2019-12-09T02:34:36.536+0000][1][safepoint    ] Leaving safepoint region
[2019-12-09T02:34:36.536+0000][1][safepoint    ] Total time for which application threads were stopped: 0.0000842 seconds, Stopping threads took: 0.0000177 seconds
[2019-12-09T02:34:37.536+0000][1][safepoint    ] Application time: 1.0000778 seconds
[2019-12-09T02:34:37.536+0000][1][safepoint    ] Entering safepoint region: Cleanup
[2019-12-09T02:34:37.536+0000][1][safepoint    ] Leaving safepoint region
[2019-12-09T02:34:37.536+0000][1][safepoint    ] Total time for which application threads were stopped: 0.0000863 seconds, Stopping threads took: 0.0000171 seconds
[2019-12-09T02:34:38.536+0000][1][safepoint    ] Application time: 1.0000783 seconds
[2019-12-09T02:34:38.536+0000][1][safepoint    ] Entering safepoint region: Cleanup
[2019-12-09T02:34:38.536+0000][1][safepoint    ] Leaving safepoint region
[2019-12-09T02:34:38.536+0000][1][safepoint    ] Total time for which application threads were stopped: 0.0000850 seconds, Stopping threads took: 0.0000167 seconds
[2019-12-09T02:34:39.536+0000][1][safepoint    ] Application time: 1.0000825 seconds
[2019-12-09T02:34:39.536+0000][1][safepoint    ] Entering safepoint region: Cleanup
[2019-12-09T02:34:39.537+0000][1][safepoint    ] Leaving safepoint region
[2019-12-09T02:34:39.537+0000][1][safepoint    ] Total time for which application threads were stopped: 0.0000867 seconds, Stopping threads took: 0.0000176 seconds
[2019-12-09T02:34:40.537+0000][1][safepoint    ] Application time: 1.0000789 seconds
[2019-12-09T02:34:40.537+0000][1][safepoint    ] Entering safepoint region: Cleanup
[2019-12-09T02:34:40.537+0000][1][safepoint    ] Leaving safepoint region
[2019-12-09T02:34:40.537+0000][1][safepoint    ] Total time for which application threads were stopped: 0.0000944 seconds, Stopping threads took: 0.0000179 seconds
[2019-12-09T02:34:41.537+0000][1][safepoint    ] Application time: 1.0000788 seconds
[2019-12-09T02:34:41.537+0000][1][safepoint    ] Entering safepoint region: Cleanup
[2019-12-09T02:34:41.537+0000][1][safepoint    ] Leaving safepoint region
[2019-12-09T02:34:41.537+0000][1][safepoint    ] Total time for which application threads were stopped: 0.0000805 seconds, Stopping threads took: 0.0000168 seconds
[2019-12-09T02:34:42.537+0000][1][safepoint    ] Application time: 1.0000791 seconds
[2019-12-09T02:34:42.537+0000][1][safepoint    ] Entering safepoint region: Cleanup
[2019-12-09T02:34:42.537+0000][1][safepoint    ] Leaving safepoint region
[2019-12-09T02:34:42.537+0000][1][safepoint    ] Total time for which application threads were stopped: 0.0000807 seconds, Stopping threads took: 0.0000170 seconds
[2019-12-09T02:34:43.537+0000][1][safepoint    ] Application time: 1.0000791 seconds
[2019-12-09T02:34:43.537+0000][1][safepoint    ] Entering safepoint region: Cleanup
[2019-12-09T02:34:43.537+0000][1][safepoint    ] Leaving safepoint region
[2019-12-09T02:34:43.537+0000][1][safepoint    ] Total time for which application threads were stopped: 0.0000813 seconds, Stopping threads took: 0.0000180 seconds
[2019-12-09T02:34:44.537+0000][1][safepoint    ] Application time: 1.0000777 seconds
[2019-12-09T02:34:44.537+0000][1][safepoint    ] Entering safepoint region: Cleanup
[2019-12-09T02:34:44.538+0000][1][safepoint    ] Leaving safepoint region
[2019-12-09T02:34:44.538+0000][1][safepoint    ] Total time for which application threads were stopped: 0.0000875 seconds, Stopping threads took: 0.0000183 seconds
[2019-12-09T02:34:45.538+0000][1][safepoint    ] Application time: 1.0000782 seconds
[2019-12-09T02:34:45.538+0000][1][safepoint    ] Entering safepoint region: Cleanup
[2019-12-09T02:34:45.538+0000][1][safepoint    ] Leaving safepoint region
[2019-12-09T02:34:45.538+0000][1][safepoint    ] Total time for which application threads were stopped: 0.0000792 seconds, Stopping threads took: 0.0000207 seconds
[2019-12-09T02:34:46.538+0000][1][safepoint    ] Application time: 1.0000817 seconds
[2019-12-09T02:34:46.538+0000][1][safepoint    ] Entering safepoint region: Cleanup
[2019-12-09T02:34:46.538+0000][1][safepoint    ] Leaving safepoint region
[2019-12-09T02:34:46.538+0000][1][safepoint    ] Total time for which application threads were stopped: 0.0000936 seconds, Stopping threads took: 0.0000195 seconds
[2019-12-09T02:34:47.538+0000][1][safepoint    ] Application time: 1.0000770 seconds
[2019-12-09T02:34:47.538+0000][1][safepoint    ] Entering safepoint region: Cleanup
[2019-12-09T02:34:47.538+0000][1][safepoint    ] Leaving safepoint region
[2019-12-09T02:34:47.538+0000][1][safepoint    ] Total time for which application threads were stopped: 0.0000798 seconds, Stopping threads took: 0.0000173 seconds
[2019-12-09T02:34:48.538+0000][1][safepoint    ] Application time: 1.0000768 seconds
[2019-12-09T02:34:48.538+0000][1][safepoint    ] Entering safepoint region: Cleanup
[2019-12-09T02:34:48.538+0000][1][safepoint    ] Leaving safepoint region
[2019-12-09T02:34:48.538+0000][1][safepoint    ] Total time for which application threads were stopped: 0.0000805 seconds, Stopping threads took: 0.0000162 seconds
[2019-12-09T02:34:49.538+0000][1][safepoint    ] Application time: 1.0000755 seconds
[2019-12-09T02:34:49.539+0000][1][safepoint    ] Entering safepoint region: Cleanup
[2019-12-09T02:34:49.539+0000][1][safepoint    ] Leaving safepoint region
[2019-12-09T02:34:49.539+0000][1][safepoint    ] Total time for which application threads were stopped: 0.0001005 seconds, Stopping threads took: 0.0000182 seconds
[2019-12-09T02:34:50.539+0000][1][safepoint    ] Application time: 1.0000767 seconds
[2019-12-09T02:34:50.539+0000][1][safepoint    ] Entering safepoint region: Cleanup
[2019-12-09T02:34:50.539+0000][1][safepoint    ] Leaving safepoint region
[2019-12-09T02:34:50.539+0000][1][safepoint    ] Total time for which application threads were stopped: 0.0000767 seconds, Stopping threads took: 0.0000176 seconds
[2019-12-09T02:34:51.539+0000][1][safepoint    ] Application time: 1.0000787 seconds
[2019-12-09T02:34:51.539+0000][1][safepoint    ] Entering safepoint region: Cleanup
[2019-12-09T02:34:51.539+0000][1][safepoint    ] Leaving safepoint region
[2019-12-09T02:34:51.539+0000][1][safepoint    ] Total time for which application threads were stopped: 0.0000809 seconds, Stopping threads took: 0.0000165 seconds
[2019-12-09T02:34:52.539+0000][1][safepoint    ] Application time: 1.0000757 seconds
[2019-12-09T02:34:52.539+0000][1][safepoint    ] Entering safepoint region: Cleanup
[2019-12-09T02:34:52.539+0000][1][safepoint    ] Leaving safepoint region
[2019-12-09T02:34:52.539+0000][1][safepoint    ] Total time for which application threads were stopped: 0.0000759 seconds, Stopping threads took: 0.0000162 seconds
[2019-12-09T02:34:53.539+0000][1][safepoint    ] Application time: 1.0000783 seconds
[2019-12-09T02:34:53.539+0000][1][safepoint    ] Entering safepoint region: Cleanup
[2019-12-09T02:34:53.539+0000][1][safepoint    ] Leaving safepoint region
[2019-12-09T02:34:53.539+0000][1][safepoint    ] Total time for which application threads were stopped: 0.0000822 seconds, Stopping threads took: 0.0000160 seconds
[2019-12-09T02:34:54.540+0000][1][safepoint    ] Application time: 1.0000766 seconds
[2019-12-09T02:34:54.540+0000][1][safepoint    ] Entering safepoint region: Cleanup
[2019-12-09T02:34:54.540+0000][1][safepoint    ] Leaving safepoint region
[2019-12-09T02:34:54.540+0000][1][safepoint    ] Total time for which application threads were stopped: 0.0000986 seconds, Stopping threads took: 0.0000179 seconds
[2019-12-09T02:34:55.540+0000][1][safepoint    ] Application time: 1.0000762 seconds
[2019-12-09T02:34:55.540+0000][1][safepoint    ] Entering safepoint region: Cleanup
[2019-12-09T02:34:55.540+0000][1][safepoint    ] Leaving safepoint region
[2019-12-09T02:34:55.540+0000][1][safepoint    ] Total time for which application threads were stopped: 0.0000753 seconds, Stopping threads took: 0.0000172 seconds
[2019-12-09T02:34:56.540+0000][1][safepoint    ] Application time: 1.0000778 seconds
[2019-12-09T02:34:56.540+0000][1][safepoint    ] Entering safepoint region: Cleanup
[2019-12-09T02:34:56.540+0000][1][safepoint    ] Leaving safepoint region
[2019-12-09T02:34:56.540+0000][1][safepoint    ] Total time for which application threads were stopped: 0.0000767 seconds, Stopping threads took: 0.0000177 seconds
[2019-12-09T02:34:57.540+0000][1][safepoint    ] Application time: 1.0000787 seconds
[2019-12-09T02:34:57.540+0000][1][safepoint    ] Entering safepoint region: Cleanup
[2019-12-09T02:34:57.540+0000][1][safepoint    ] Leaving safepoint region
[2019-12-09T02:34:57.540+0000][1][safepoint    ] Total time for which application threads were stopped: 0.0000747 seconds, Stopping threads took: 0.0000165 seconds
[2019-12-09T02:34:58.540+0000][1][safepoint    ] Application time: 1.0000788 seconds
[2019-12-09T02:34:58.540+0000][1][safepoint    ] Entering safepoint region: Cleanup
[2019-12-09T02:34:58.540+0000][1][safepoint    ] Leaving safepoint region
[2019-12-09T02:34:58.540+0000][1][safepoint    ] Total time for which application threads were stopped: 0.0000894 seconds, Stopping threads took: 0.0000236 seconds
[2019-12-09T02:34:59.541+0000][1][safepoint    ] Application time: 1.0000751 seconds
[2019-12-09T02:34:59.541+0000][1][safepoint    ] Entering safepoint region: Cleanup
[2019-12-09T02:34:59.541+0000][1][safepoint    ] Leaving safepoint region
[2019-12-09T02:34:59.541+0000][1][safepoint    ] Total time for which application threads were stopped: 0.0000802 seconds, Stopping threads took: 0.0000164 seconds
[2019-12-09T02:35:00.541+0000][1][safepoint    ] Application time: 1.0000637 seconds
[2019-12-09T02:35:00.541+0000][1][safepoint    ] Entering safepoint region: Cleanup
[2019-12-09T02:35:00.541+0000][1][safepoint    ] Leaving safepoint region
[2019-12-09T02:35:00.541+0000][1][safepoint    ] Total time for which application threads were stopped: 0.0000754 seconds, Stopping threads took: 0.0000175 seconds
[2019-12-09T02:35:01.541+0000][1][safepoint    ] Application time: 1.0000807 seconds
[2019-12-09T02:35:01.541+0000][1][safepoint    ] Entering safepoint region: Cleanup
[2019-12-09T02:35:01.541+0000][1][safepoint    ] Leaving safepoint region
[2019-12-09T02:35:01.541+0000][1][safepoint    ] Total time for which application threads were stopped: 0.0000841 seconds, Stopping threads took: 0.0000174 seconds
[2019-12-09T02:35:02.541+0000][1][safepoint    ] Application time: 1.0000807 seconds
[2019-12-09T02:35:02.541+0000][1][safepoint    ] Entering safepoint region: Cleanup
[2019-12-09T02:35:02.541+0000][1][safepoint    ] Leaving safepoint region
[2019-12-09T02:35:02.541+0000][1][safepoint    ] Total time for which application threads were stopped: 0.0000833 seconds, Stopping threads took: 0.0000174 seconds
[2019-12-09T02:35:03.541+0000][1][safepoint    ] Application time: 1.0002440 seconds
[2019-12-09T02:35:03.542+0000][1][safepoint    ] Entering safepoint region: Cleanup
[2019-12-09T02:35:03.542+0000][1][safepoint    ] Leaving safepoint region
[2019-12-09T02:35:03.542+0000][1][safepoint    ] Total time for which application threads were stopped: 0.0001046 seconds, Stopping threads took: 0.0000221 seconds
[2019-12-09T02:35:04.542+0000][1][safepoint    ] Application time: 1.0000774 seconds
[2019-12-09T02:35:04.542+0000][1][safepoint    ] Entering safepoint region: Cleanup
[2019-12-09T02:35:04.542+0000][1][safepoint    ] Leaving safepoint region
[2019-12-09T02:35:04.542+0000][1][safepoint    ] Total time for which application threads were stopped: 0.0001114 seconds, Stopping threads took: 0.0000339 seconds
[2019-12-09T02:35:05.542+0000][1][safepoint    ] Application time: 1.0000824 seconds
[2019-12-09T02:35:05.542+0000][1][safepoint    ] Entering safepoint region: Cleanup
[2019-12-09T02:35:05.542+0000][1][safepoint    ] Leaving safepoint region
[2019-12-09T02:35:05.542+0000][1][safepoint    ] Total time for which application threads were stopped: 0.0000786 seconds, Stopping threads took: 0.0000191 seconds
[2019-12-09T02:35:06.542+0000][1][safepoint    ] Application time: 1.0000766 seconds
[2019-12-09T02:35:06.542+0000][1][safepoint    ] Entering safepoint region: Cleanup
[2019-12-09T02:35:06.542+0000][1][safepoint    ] Leaving safepoint region
[2019-12-09T02:35:06.542+0000][1][safepoint    ] Total time for which application threads were stopped: 0.0000762 seconds, Stopping threads took: 0.0000167 seconds
[2019-12-09T02:35:07.542+0000][1][safepoint    ] Application time: 1.0000789 seconds
[2019-12-09T02:35:07.542+0000][1][safepoint    ] Entering safepoint region: Cleanup
[2019-12-09T02:35:07.542+0000][1][safepoint    ] Leaving safepoint region
[2019-12-09T02:35:07.542+0000][1][safepoint    ] Total time for which application threads were stopped: 0.0000788 seconds, Stopping threads took: 0.0000176 seconds
[2019-12-09T02:35:08.543+0000][1][safepoint    ] Application time: 1.0000778 seconds
[2019-12-09T02:35:08.543+0000][1][safepoint    ] Entering safepoint region: Cleanup
[2019-12-09T02:35:08.543+0000][1][safepoint    ] Leaving safepoint region
[2019-12-09T02:35:08.543+0000][1][safepoint    ] Total time for which application threads were stopped: 0.0000866 seconds, Stopping threads took: 0.0000180 seconds
[2019-12-09T02:35:09.543+0000][1][safepoint    ] Application time: 1.0000779 seconds
[2019-12-09T02:35:09.543+0000][1][safepoint    ] Entering safepoint region: Cleanup
[2019-12-09T02:35:09.543+0000][1][safepoint    ] Leaving safepoint region
[2019-12-09T02:35:09.543+0000][1][safepoint    ] Total time for which application threads were stopped: 0.0000887 seconds, Stopping threads took: 0.0000176 seconds
[2019-12-09T02:35:10.543+0000][1][safepoint    ] Application time: 1.0000866 seconds
[2019-12-09T02:35:10.543+0000][1][safepoint    ] Entering safepoint region: Cleanup
[2019-12-09T02:35:10.543+0000][1][safepoint    ] Leaving safepoint region
[2019-12-09T02:35:10.543+0000][1][safepoint    ] Total time for which application threads were stopped: 0.0001122 seconds, Stopping threads took: 0.0000242 seconds
[2019-12-09T02:35:11.543+0000][1][safepoint    ] Application time: 1.0000761 seconds
[2019-12-09T02:35:11.543+0000][1][safepoint    ] Entering safepoint region: Cleanup
[2019-12-09T02:35:11.543+0000][1][safepoint    ] Leaving safepoint region
[2019-12-09T02:35:11.543+0000][1][safepoint    ] Total time for which application threads were stopped: 0.0000844 seconds, Stopping threads took: 0.0000177 seconds
[2019-12-09T02:35:12.543+0000][1][safepoint    ] Application time: 1.0000755 seconds
[2019-12-09T02:35:12.544+0000][1][safepoint    ] Entering safepoint region: Cleanup
[2019-12-09T02:35:12.544+0000][1][safepoint    ] Leaving safepoint region
[2019-12-09T02:35:12.544+0000][1][safepoint    ] Total time for which application threads were stopped: 0.0000762 seconds, Stopping threads took: 0.0000168 seconds
[2019-12-09T02:35:13.544+0000][1][safepoint    ] Application time: 1.0000756 seconds
[2019-12-09T02:35:13.544+0000][1][safepoint    ] Entering safepoint region: Cleanup
[2019-12-09T02:35:13.544+0000][1][safepoint    ] Leaving safepoint region
[2019-12-09T02:35:13.544+0000][1][safepoint    ] Total time for which application threads were stopped: 0.0000823 seconds, Stopping threads took: 0.0000174 seconds
[2019-12-09T02:35:14.544+0000][1][safepoint    ] Application time: 1.0000772 seconds
[2019-12-09T02:35:14.544+0000][1][safepoint    ] Entering safepoint region: Cleanup
[2019-12-09T02:35:14.544+0000][1][safepoint    ] Leaving safepoint region
[2019-12-09T02:35:14.544+0000][1][safepoint    ] Total time for which application threads were stopped: 0.0000785 seconds, Stopping threads took: 0.0000172 seconds
[2019-12-09T02:35:15.544+0000][1][safepoint    ] Application time: 1.0000790 seconds
[2019-12-09T02:35:15.544+0000][1][safepoint    ] Entering safepoint region: Cleanup
[2019-12-09T02:35:15.544+0000][1][safepoint    ] Leaving safepoint region
[2019-12-09T02:35:15.544+0000][1][safepoint    ] Total time for which application threads were stopped: 0.0000839 seconds, Stopping threads took: 0.0000177 seconds
[2019-12-09T02:35:16.544+0000][1][safepoint    ] Application time: 1.0000790 seconds
[2019-12-09T02:35:16.544+0000][1][safepoint    ] Entering safepoint region: Cleanup
[2019-12-09T02:35:16.544+0000][1][safepoint    ] Leaving safepoint region
[2019-12-09T02:35:16.544+0000][1][safepoint    ] Total time for which application threads were stopped: 0.0000787 seconds, Stopping threads took: 0.0000179 seconds
[2019-12-09T02:35:17.544+0000][1][safepoint    ] Application time: 1.0000777 seconds
[2019-12-09T02:35:17.545+0000][1][safepoint    ] Entering safepoint region: Cleanup
[2019-12-09T02:35:17.545+0000][1][safepoint    ] Leaving safepoint region
[2019-12-09T02:35:17.545+0000][1][safepoint    ] Total time for which application threads were stopped: 0.0000845 seconds, Stopping threads took: 0.0000178 seconds
[2019-12-09T02:35:18.545+0000][1][safepoint    ] Application time: 1.0000866 seconds
[2019-12-09T02:35:18.545+0000][1][safepoint    ] Entering safepoint region: Cleanup
[2019-12-09T02:35:18.545+0000][1][safepoint    ] Leaving safepoint region
[2019-12-09T02:35:18.545+0000][1][safepoint    ] Total time for which application threads were stopped: 0.0000824 seconds, Stopping threads took: 0.0000184 seconds
[2019-12-09T02:35:19.545+0000][1][safepoint    ] Application time: 1.0000766 seconds
[2019-12-09T02:35:19.545+0000][1][safepoint    ] Entering safepoint region: Cleanup
[2019-12-09T02:35:19.545+0000][1][safepoint    ] Leaving safepoint region
[2019-12-09T02:35:19.545+0000][1][safepoint    ] Total time for which application threads were stopped: 0.0000900 seconds, Stopping threads took: 0.0000185 seconds
[2019-12-09T02:35:20.545+0000][1][safepoint    ] Application time: 1.0000786 seconds
[2019-12-09T02:35:20.545+0000][1][safepoint    ] Entering safepoint region: Cleanup
[2019-12-09T02:35:20.545+0000][1][safepoint    ] Leaving safepoint region
[2019-12-09T02:35:20.545+0000][1][safepoint    ] Total time for which application threads were stopped: 0.0000796 seconds, Stopping threads took: 0.0000185 seconds
[2019-12-09T02:35:21.545+0000][1][safepoint    ] Application time: 1.0000771 seconds
[2019-12-09T02:35:21.545+0000][1][safepoint    ] Entering safepoint region: Cleanup
[2019-12-09T02:35:21.545+0000][1][safepoint    ] Leaving safepoint region
[2019-12-09T02:35:21.545+0000][1][safepoint    ] Total time for which application threads were stopped: 0.0000761 seconds, Stopping threads took: 0.0000179 seconds
[2019-12-09T02:35:22.546+0000][1][safepoint    ] Application time: 1.0000772 seconds
[2019-12-09T02:35:22.546+0000][1][safepoint    ] Entering safepoint region: Cleanup
[2019-12-09T02:35:22.546+0000][1][safepoint    ] Leaving safepoint region
[2019-12-09T02:35:22.546+0000][1][safepoint    ] Total time for which application threads were stopped: 0.0000821 seconds, Stopping threads took: 0.0000213 seconds
[2019-12-09T02:35:23.546+0000][1][safepoint    ] Application time: 1.0000803 seconds
[2019-12-09T02:35:23.546+0000][1][safepoint    ] Entering safepoint region: Cleanup
[2019-12-09T02:35:23.546+0000][1][safepoint    ] Leaving safepoint region
[2019-12-09T02:35:23.546+0000][1][safepoint    ] Total time for which application threads were stopped: 0.0000859 seconds, Stopping threads took: 0.0000210 seconds
[2019-12-09T02:35:24.546+0000][1][safepoint    ] Application time: 1.0000790 seconds
[2019-12-09T02:35:24.546+0000][1][safepoint    ] Entering safepoint region: Cleanup
[2019-12-09T02:35:24.546+0000][1][safepoint    ] Leaving safepoint region
[2019-12-09T02:35:24.546+0000][1][safepoint    ] Total time for which application threads were stopped: 0.0000793 seconds, Stopping threads took: 0.0000159 seconds
[2019-12-09T02:35:25.546+0000][1][safepoint    ] Application time: 1.0000781 seconds
[2019-12-09T02:35:25.546+0000][1][safepoint    ] Entering safepoint region: Cleanup
[2019-12-09T02:35:25.546+0000][1][safepoint    ] Leaving safepoint region
[2019-12-09T02:35:25.546+0000][1][safepoint    ] Total time for which application threads were stopped: 0.0000792 seconds, Stopping threads took: 0.0000175 seconds
[2019-12-09T02:35:26.546+0000][1][safepoint    ] Application time: 1.0000786 seconds
[2019-12-09T02:35:26.546+0000][1][safepoint    ] Entering safepoint region: Cleanup
[2019-12-09T02:35:26.546+0000][1][safepoint    ] Leaving safepoint region
[2019-12-09T02:35:26.546+0000][1][safepoint    ] Total time for which application threads were stopped: 0.0000918 seconds, Stopping threads took: 0.0000175 seconds
[2019-12-09T02:35:27.547+0000][1][safepoint    ] Application time: 1.0000781 seconds
[2019-12-09T02:35:27.547+0000][1][safepoint    ] Entering safepoint region: Cleanup
[2019-12-09T02:35:27.547+0000][1][safepoint    ] Leaving safepoint region
[2019-12-09T02:35:27.547+0000][1][safepoint    ] Total time for which application threads were stopped: 0.0000961 seconds, Stopping threads took: 0.0000186 seconds
[2019-12-09T02:35:28.547+0000][1][safepoint    ] Application time: 1.0000756 seconds
[2019-12-09T02:35:28.547+0000][1][safepoint    ] Entering safepoint region: Cleanup
[2019-12-09T02:35:28.547+0000][1][safepoint    ] Leaving safepoint region
[2019-12-09T02:35:28.547+0000][1][safepoint    ] Total time for which application threads were stopped: 0.0000859 seconds, Stopping threads took: 0.0000274 seconds
[2019-12-09T02:35:29.547+0000][1][safepoint    ] Application time: 1.0000761 seconds
[2019-12-09T02:35:29.547+0000][1][safepoint    ] Entering safepoint region: Cleanup
[2019-12-09T02:35:29.547+0000][1][safepoint    ] Leaving safepoint region
[2019-12-09T02:35:29.547+0000][1][safepoint    ] Total time for which application threads were stopped: 0.0000788 seconds, Stopping threads took: 0.0000169 seconds
[2019-12-09T02:35:30.547+0000][1][safepoint    ] Application time: 1.0000768 seconds
[2019-12-09T02:35:30.547+0000][1][safepoint    ] Entering safepoint region: Cleanup
[2019-12-09T02:35:30.547+0000][1][safepoint    ] Leaving safepoint region
[2019-12-09T02:35:30.547+0000][1][safepoint    ] Total time for which application threads were stopped: 0.0000781 seconds, Stopping threads took: 0.0000178 seconds
[2019-12-09T02:35:31.547+0000][1][safepoint    ] Application time: 1.0000780 seconds
[2019-12-09T02:35:31.547+0000][1][safepoint    ] Entering safepoint region: Cleanup
[2019-12-09T02:35:31.548+0000][1][safepoint    ] Leaving safepoint region
[2019-12-09T02:35:31.548+0000][1][safepoint    ] Total time for which application threads were stopped: 0.0000797 seconds, Stopping threads took: 0.0000179 seconds
[2019-12-09T02:35:32.548+0000][1][safepoint    ] Application time: 1.0000780 seconds
[2019-12-09T02:35:32.548+0000][1][safepoint    ] Entering safepoint region: Cleanup
[2019-12-09T02:35:32.548+0000][1][safepoint    ] Leaving safepoint region
[2019-12-09T02:35:32.548+0000][1][safepoint    ] Total time for which application threads were stopped: 0.0000885 seconds, Stopping threads took: 0.0000175 seconds
[2019-12-09T02:35:33.548+0000][1][safepoint    ] Application time: 1.0000772 seconds
[2019-12-09T02:35:33.548+0000][1][safepoint    ] Entering safepoint region: Cleanup
[2019-12-09T02:35:33.548+0000][1][safepoint    ] Leaving safepoint region
[2019-12-09T02:35:33.548+0000][1][safepoint    ] Total time for which application threads were stopped: 0.0000764 seconds, Stopping threads took: 0.0000175 seconds
[2019-12-09T02:35:34.548+0000][1][safepoint    ] Application time: 1.0000768 seconds
[2019-12-09T02:35:34.548+0000][1][safepoint    ] Entering safepoint region: Cleanup
[2019-12-09T02:35:34.548+0000][1][safepoint    ] Leaving safepoint region
[2019-12-09T02:35:34.548+0000][1][safepoint    ] Total time for which application threads were stopped: 0.0000810 seconds, Stopping threads took: 0.0000168 seconds
[2019-12-09T02:35:35.548+0000][1][safepoint    ] Application time: 1.0000776 seconds
[2019-12-09T02:35:35.548+0000][1][safepoint    ] Entering safepoint region: Cleanup
[2019-12-09T02:35:35.548+0000][1][safepoint    ] Leaving safepoint region
[2019-12-09T02:35:35.548+0000][1][safepoint    ] Total time for which application threads were stopped: 0.0000782 seconds, Stopping threads took: 0.0000178 seconds
[2019-12-09T02:35:36.548+0000][1][safepoint    ] Application time: 1.0000755 seconds
[2019-12-09T02:35:36.548+0000][1][safepoint    ] Entering safepoint region: Cleanup
[2019-12-09T02:35:36.549+0000][1][safepoint    ] Leaving safepoint region
[2019-12-09T02:35:36.549+0000][1][safepoint    ] Total time for which application threads were stopped: 0.0000777 seconds, Stopping threads took: 0.0000171 seconds
[2019-12-09T02:35:37.549+0000][1][safepoint    ] Application time: 1.0000779 seconds
[2019-12-09T02:35:37.549+0000][1][safepoint    ] Entering safepoint region: Cleanup
[2019-12-09T02:35:37.549+0000][1][safepoint    ] Leaving safepoint region
[2019-12-09T02:35:37.549+0000][1][safepoint    ] Total time for which application threads were stopped: 0.0001001 seconds, Stopping threads took: 0.0000176 seconds
[2019-12-09T02:35:38.549+0000][1][safepoint    ] Application time: 1.0000777 seconds
[2019-12-09T02:35:38.549+0000][1][safepoint    ] Entering safepoint region: Cleanup
[2019-12-09T02:35:38.549+0000][1][safepoint    ] Leaving safepoint region
[2019-12-09T02:35:38.549+0000][1][safepoint    ] Total time for which application threads were stopped: 0.0000884 seconds, Stopping threads took: 0.0000263 seconds
[2019-12-09T02:35:39.549+0000][1][safepoint    ] Application time: 1.0000776 seconds
[2019-12-09T02:35:39.549+0000][1][safepoint    ] Entering safepoint region: Cleanup
[2019-12-09T02:35:39.549+0000][1][safepoint    ] Leaving safepoint region
[2019-12-09T02:35:39.549+0000][1][safepoint    ] Total time for which application threads were stopped: 0.0000878 seconds, Stopping threads took: 0.0000246 seconds
[2019-12-09T02:35:40.549+0000][1][safepoint    ] Application time: 1.0000777 seconds
[2019-12-09T02:35:40.549+0000][1][safepoint    ] Entering safepoint region: Cleanup
[2019-12-09T02:35:40.549+0000][1][safepoint    ] Leaving safepoint region
[2019-12-09T02:35:40.549+0000][1][safepoint    ] Total time for which application threads were stopped: 0.0000787 seconds, Stopping threads took: 0.0000176 seconds
[2019-12-09T02:35:41.549+0000][1][safepoint    ] Application time: 1.0000773 seconds
[2019-12-09T02:35:41.550+0000][1][safepoint    ] Entering safepoint region: Cleanup
[2019-12-09T02:35:41.550+0000][1][safepoint    ] Leaving safepoint region
[2019-12-09T02:35:41.550+0000][1][safepoint    ] Total time for which application threads were stopped: 0.0000781 seconds, Stopping threads took: 0.0000173 seconds
[2019-12-09T02:35:42.550+0000][1][safepoint    ] Application time: 1.0000769 seconds
[2019-12-09T02:35:42.550+0000][1][safepoint    ] Entering safepoint region: Cleanup
[2019-12-09T02:35:42.550+0000][1][safepoint    ] Leaving safepoint region
[2019-12-09T02:35:42.550+0000][1][safepoint    ] Total time for which application threads were stopped: 0.0000809 seconds, Stopping threads took: 0.0000176 seconds
[2019-12-09T02:35:43.550+0000][1][safepoint    ] Application time: 1.0000770 seconds
[2019-12-09T02:35:43.550+0000][1][safepoint    ] Entering safepoint region: Cleanup
[2019-12-09T02:35:43.550+0000][1][safepoint    ] Leaving safepoint region
[2019-12-09T02:35:43.550+0000][1][safepoint    ] Total time for which application threads were stopped: 0.0000767 seconds, Stopping threads took: 0.0000164 seconds
[2019-12-09T02:35:44.550+0000][1][safepoint    ] Application time: 1.0000760 seconds
[2019-12-09T02:35:44.550+0000][1][safepoint    ] Entering safepoint region: Cleanup
[2019-12-09T02:35:44.550+0000][1][safepoint    ] Leaving safepoint region
[2019-12-09T02:35:44.550+0000][1][safepoint    ] Total time for which application threads were stopped: 0.0000770 seconds, Stopping threads took: 0.0000187 seconds
[2019-12-09T02:35:45.550+0000][1][safepoint    ] Application time: 1.0000767 seconds
[2019-12-09T02:35:45.550+0000][1][safepoint    ] Entering safepoint region: Cleanup
[2019-12-09T02:35:45.550+0000][1][safepoint    ] Leaving safepoint region
[2019-12-09T02:35:45.550+0000][1][safepoint    ] Total time for which application threads were stopped: 0.0000916 seconds, Stopping threads took: 0.0000173 seconds
[2019-12-09T02:35:46.551+0000][1][safepoint    ] Application time: 1.0000790 seconds
[2019-12-09T02:35:46.551+0000][1][safepoint    ] Entering safepoint region: Cleanup
[2019-12-09T02:35:46.551+0000][1][safepoint    ] Leaving safepoint region
[2019-12-09T02:35:46.551+0000][1][safepoint    ] Total time for which application threads were stopped: 0.0000757 seconds, Stopping threads took: 0.0000174 seconds
[2019-12-09T02:35:47.551+0000][1][safepoint    ] Application time: 1.0000740 seconds
[2019-12-09T02:35:47.551+0000][1][safepoint    ] Entering safepoint region: Cleanup
[2019-12-09T02:35:47.551+0000][1][safepoint    ] Leaving safepoint region
[2019-12-09T02:35:47.551+0000][1][safepoint    ] Total time for which application threads were stopped: 0.0000779 seconds, Stopping threads took: 0.0000192 seconds
[2019-12-09T02:35:48.551+0000][1][safepoint    ] Application time: 1.0000777 seconds
[2019-12-09T02:35:48.551+0000][1][safepoint    ] Entering safepoint region: Cleanup
[2019-12-09T02:35:48.551+0000][1][safepoint    ] Leaving safepoint region
[2019-12-09T02:35:48.551+0000][1][safepoint    ] Total time for which application threads were stopped: 0.0000845 seconds, Stopping threads took: 0.0000176 seconds
[2019-12-09T02:35:49.551+0000][1][safepoint    ] Application time: 1.0000769 seconds
[2019-12-09T02:35:49.551+0000][1][safepoint    ] Entering safepoint region: Cleanup
[2019-12-09T02:35:49.551+0000][1][safepoint    ] Leaving safepoint region
[2019-12-09T02:35:49.551+0000][1][safepoint    ] Total time for which application threads were stopped: 0.0000912 seconds, Stopping threads took: 0.0000258 seconds
[2019-12-09T02:35:50.551+0000][1][safepoint    ] Application time: 1.0000762 seconds
[2019-12-09T02:35:50.551+0000][1][safepoint    ] Entering safepoint region: Cleanup
[2019-12-09T02:35:50.551+0000][1][safepoint    ] Leaving safepoint region
[2019-12-09T02:35:50.551+0000][1][safepoint    ] Total time for which application threads were stopped: 0.0000755 seconds, Stopping threads took: 0.0000173 seconds
[2019-12-09T02:35:51.552+0000][1][safepoint    ] Application time: 1.0000760 seconds
[2019-12-09T02:35:51.552+0000][1][safepoint    ] Entering safepoint region: Cleanup
[2019-12-09T02:35:51.552+0000][1][safepoint    ] Leaving safepoint region
[2019-12-09T02:35:51.552+0000][1][safepoint    ] Total time for which application threads were stopped: 0.0000810 seconds, Stopping threads took: 0.0000198 seconds
[2019-12-09T02:35:52.552+0000][1][safepoint    ] Application time: 1.0000799 seconds
[2019-12-09T02:35:52.552+0000][1][safepoint    ] Entering safepoint region: Cleanup
[2019-12-09T02:35:52.552+0000][1][safepoint    ] Leaving safepoint region
[2019-12-09T02:35:52.552+0000][1][safepoint    ] Total time for which application threads were stopped: 0.0000798 seconds, Stopping threads took: 0.0000187 seconds
[2019-12-09T02:35:53.552+0000][1][safepoint    ] Application time: 1.0000779 seconds
[2019-12-09T02:35:53.552+0000][1][safepoint    ] Entering safepoint region: Cleanup
[2019-12-09T02:35:53.552+0000][1][safepoint    ] Leaving safepoint region
[2019-12-09T02:35:53.552+0000][1][safepoint    ] Total time for which application threads were stopped: 0.0000771 seconds, Stopping threads took: 0.0000175 seconds
[2019-12-09T02:35:54.552+0000][1][safepoint    ] Application time: 1.0000780 seconds
[2019-12-09T02:35:54.552+0000][1][safepoint    ] Entering safepoint region: Cleanup
[2019-12-09T02:35:54.552+0000][1][safepoint    ] Leaving safepoint region
[2019-12-09T02:35:54.552+0000][1][safepoint    ] Total time for which application threads were stopped: 0.0000776 seconds, Stopping threads took: 0.0000167 seconds
[2019-12-09T02:35:55.552+0000][1][safepoint    ] Application time: 1.0000756 seconds
[2019-12-09T02:35:55.552+0000][1][safepoint    ] Entering safepoint region: Cleanup
[2019-12-09T02:35:55.552+0000][1][safepoint    ] Leaving safepoint region
[2019-12-09T02:35:55.552+0000][1][safepoint    ] Total time for which application threads were stopped: 0.0000776 seconds, Stopping threads took: 0.0000176 seconds
[2019-12-09T02:35:56.553+0000][1][safepoint    ] Application time: 1.0000789 seconds
[2019-12-09T02:35:56.553+0000][1][safepoint    ] Entering safepoint region: Cleanup
[2019-12-09T02:35:56.553+0000][1][safepoint    ] Leaving safepoint region
[2019-12-09T02:35:56.553+0000][1][safepoint    ] Total time for which application threads were stopped: 0.0000874 seconds, Stopping threads took: 0.0000192 seconds
[2019-12-09T02:35:57.553+0000][1][safepoint    ] Application time: 1.0000776 seconds
[2019-12-09T02:35:57.553+0000][1][safepoint    ] Entering safepoint region: Cleanup
[2019-12-09T02:35:57.553+0000][1][safepoint    ] Leaving safepoint region
[2019-12-09T02:35:57.553+0000][1][safepoint    ] Total time for which application threads were stopped: 0.0000845 seconds, Stopping threads took: 0.0000184 seconds
[2019-12-09T02:35:58.553+0000][1][safepoint    ] Application time: 1.0000762 seconds
[2019-12-09T02:35:58.553+0000][1][safepoint    ] Entering safepoint region: Cleanup
[2019-12-09T02:35:58.553+0000][1][safepoint    ] Leaving safepoint region
[2019-12-09T02:35:58.553+0000][1][safepoint    ] Total time for which application threads were stopped: 0.0000824 seconds, Stopping threads took: 0.0000165 seconds
[2019-12-09T02:35:59.553+0000][1][safepoint    ] Application time: 1.0000774 seconds
[2019-12-09T02:35:59.553+0000][1][safepoint    ] Entering safepoint region: Cleanup
[2019-12-09T02:35:59.553+0000][1][safepoint    ] Leaving safepoint region
[2019-12-09T02:35:59.553+0000][1][safepoint    ] Total time for which application threads were stopped: 0.0000880 seconds, Stopping threads took: 0.0000261 seconds
[2019-12-09T02:36:00.553+0000][1][safepoint    ] Application time: 1.0000775 seconds
[2019-12-09T02:36:00.553+0000][1][safepoint    ] Entering safepoint region: Cleanup
[2019-12-09T02:36:00.553+0000][1][safepoint    ] Leaving safepoint region
[2019-12-09T02:36:00.553+0000][1][safepoint    ] Total time for which application threads were stopped: 0.0000790 seconds, Stopping threads took: 0.0000177 seconds
[2019-12-09T02:36:01.554+0000][1][safepoint    ] Application time: 1.0000899 seconds
[2019-12-09T02:36:01.554+0000][1][safepoint    ] Entering safepoint region: Cleanup
[2019-12-09T02:36:01.554+0000][1][safepoint    ] Leaving safepoint region
[2019-12-09T02:36:01.554+0000][1][safepoint    ] Total time for which application threads were stopped: 0.0001385 seconds, Stopping threads took: 0.0000267 seconds
[2019-12-09T02:36:01.779+0000][1][safepoint    ] Application time: 0.2250194 seconds
[2019-12-09T02:36:01.779+0000][1][safepoint    ] Entering safepoint region: GenCollectForAllocation
[2019-12-09T02:36:01.779+0000][1][gc,start     ] GC(25) Pause Young (Allocation Failure)
[2019-12-09T02:36:01.779+0000][1][gc,task      ] GC(25) Using 2 workers of 2 for evacuation
[2019-12-09T02:36:01.797+0000][1][gc,age       ] GC(25) Desired survivor size 4456448 bytes, new threshold 6 (max threshold 6)
[2019-12-09T02:36:01.797+0000][1][gc,age       ] GC(25) Age table with threshold 6 (max threshold 6)
[2019-12-09T02:36:01.797+0000][1][gc,age       ] GC(25) - age   1:      22800 bytes,      22800 total
[2019-12-09T02:36:01.797+0000][1][gc,age       ] GC(25) - age   2:    1860568 bytes,    1883368 total
[2019-12-09T02:36:01.797+0000][1][gc,heap      ] GC(25) ParNew: 76940K->5777K(78656K)
[2019-12-09T02:36:01.797+0000][1][gc,heap      ] GC(25) CMS: 64355K->68022K(174784K)
[2019-12-09T02:36:01.797+0000][1][gc,metaspace ] GC(25) Metaspace: 68585K->68585K(1112064K)
[2019-12-09T02:36:01.798+0000][1][gc           ] GC(25) Pause Young (Allocation Failure) 137M->72M(247M) 18.590ms
[2019-12-09T02:36:01.798+0000][1][gc,cpu       ] GC(25) User=0.03s Sys=0.00s Real=0.02s
[2019-12-09T02:36:01.798+0000][1][safepoint    ] Leaving safepoint region
[2019-12-09T02:36:01.798+0000][1][safepoint    ] Total time for which application threads were stopped: 0.0187627 seconds, Stopping threads took: 0.0000165 seconds
[2019-12-09T02:36:02.798+0000][1][safepoint    ] Application time: 1.0004443 seconds
[2019-12-09T02:36:02.798+0000][1][safepoint    ] Entering safepoint region: Cleanup
[2019-12-09T02:36:02.798+0000][1][safepoint    ] Leaving safepoint region
[2019-12-09T02:36:02.798+0000][1][safepoint    ] Total time for which application threads were stopped: 0.0001025 seconds, Stopping threads took: 0.0000216 seconds
[2019-12-09T02:36:03.798+0000][1][safepoint    ] Application time: 1.0000809 seconds
[2019-12-09T02:36:03.798+0000][1][safepoint    ] Entering safepoint region: Cleanup
[2019-12-09T02:36:03.798+0000][1][safepoint    ] Leaving safepoint region
[2019-12-09T02:36:03.798+0000][1][safepoint    ] Total time for which application threads were stopped: 0.0001033 seconds, Stopping threads took: 0.0000192 seconds
[2019-12-09T02:36:04.799+0000][1][safepoint    ] Application time: 1.0000816 seconds
[2019-12-09T02:36:04.799+0000][1][safepoint    ] Entering safepoint region: Cleanup
[2019-12-09T02:36:04.799+0000][1][safepoint    ] Leaving safepoint region
[2019-12-09T02:36:04.799+0000][1][safepoint    ] Total time for which application threads were stopped: 0.0000824 seconds, Stopping threads took: 0.0000167 seconds
[2019-12-09T02:36:05.799+0000][1][safepoint    ] Application time: 1.0000953 seconds
[2019-12-09T02:36:05.799+0000][1][safepoint    ] Entering safepoint region: Cleanup
[2019-12-09T02:36:05.799+0000][1][safepoint    ] Leaving safepoint region
[2019-12-09T02:36:05.799+0000][1][safepoint    ] Total time for which application threads were stopped: 0.0001085 seconds, Stopping threads took: 0.0000246 seconds
[2019-12-09T02:36:06.799+0000][1][safepoint    ] Application time: 1.0000767 seconds
[2019-12-09T02:36:06.799+0000][1][safepoint    ] Entering safepoint region: Cleanup
[2019-12-09T02:36:06.799+0000][1][safepoint    ] Leaving safepoint region
[2019-12-09T02:36:06.799+0000][1][safepoint    ] Total time for which application threads were stopped: 0.0000742 seconds, Stopping threads took: 0.0000170 seconds
[2019-12-09T02:36:07.800+0000][1][safepoint    ] Application time: 1.0006711 seconds
[2019-12-09T02:36:07.800+0000][1][safepoint    ] Entering safepoint region: Cleanup
[2019-12-09T02:36:07.800+0000][1][safepoint    ] Leaving safepoint region
[2019-12-09T02:36:07.800+0000][1][safepoint    ] Total time for which application threads were stopped: 0.0001177 seconds, Stopping threads took: 0.0000346 seconds
[2019-12-09T02:36:08.800+0000][1][safepoint    ] Application time: 1.0000783 seconds
[2019-12-09T02:36:08.800+0000][1][safepoint    ] Entering safepoint region: Cleanup
[2019-12-09T02:36:08.800+0000][1][safepoint    ] Leaving safepoint region
[2019-12-09T02:36:08.800+0000][1][safepoint    ] Total time for which application threads were stopped: 0.0000871 seconds, Stopping threads took: 0.0000231 seconds
[2019-12-09T02:36:09.800+0000][1][safepoint    ] Application time: 1.0000771 seconds
[2019-12-09T02:36:09.800+0000][1][safepoint    ] Entering safepoint region: Cleanup
[2019-12-09T02:36:09.800+0000][1][safepoint    ] Leaving safepoint region
[2019-12-09T02:36:09.800+0000][1][safepoint    ] Total time for which application threads were stopped: 0.0000776 seconds, Stopping threads took: 0.0000170 seconds
[2019-12-09T02:36:10.800+0000][1][safepoint    ] Application time: 1.0000767 seconds
[2019-12-09T02:36:10.800+0000][1][safepoint    ] Entering safepoint region: Cleanup
[2019-12-09T02:36:10.801+0000][1][safepoint    ] Leaving safepoint region
[2019-12-09T02:36:10.801+0000][1][safepoint    ] Total time for which application threads were stopped: 0.0000757 seconds, Stopping threads took: 0.0000162 seconds
[2019-12-09T02:36:11.801+0000][1][safepoint    ] Application time: 1.0000777 seconds
[2019-12-09T02:36:11.801+0000][1][safepoint    ] Entering safepoint region: Cleanup
[2019-12-09T02:36:11.801+0000][1][safepoint    ] Leaving safepoint region
[2019-12-09T02:36:11.801+0000][1][safepoint    ] Total time for which application threads were stopped: 0.0000988 seconds, Stopping threads took: 0.0000180 seconds
[2019-12-09T02:36:12.801+0000][1][safepoint    ] Application time: 1.0000775 seconds
[2019-12-09T02:36:12.801+0000][1][safepoint    ] Entering safepoint region: Cleanup
[2019-12-09T02:36:12.801+0000][1][safepoint    ] Leaving safepoint region
[2019-12-09T02:36:12.801+0000][1][safepoint    ] Total time for which application threads were stopped: 0.0000770 seconds, Stopping threads took: 0.0000170 seconds
[2019-12-09T02:36:13.801+0000][1][safepoint    ] Application time: 1.0000767 seconds
[2019-12-09T02:36:13.801+0000][1][safepoint    ] Entering safepoint region: Cleanup
[2019-12-09T02:36:13.801+0000][1][safepoint    ] Leaving safepoint region
[2019-12-09T02:36:13.801+0000][1][safepoint    ] Total time for which application threads were stopped: 0.0000761 seconds, Stopping threads took: 0.0000161 seconds
[2019-12-09T02:36:14.801+0000][1][safepoint    ] Application time: 1.0000757 seconds
[2019-12-09T02:36:14.801+0000][1][safepoint    ] Entering safepoint region: Cleanup
[2019-12-09T02:36:14.801+0000][1][safepoint    ] Leaving safepoint region
[2019-12-09T02:36:14.801+0000][1][safepoint    ] Total time for which application threads were stopped: 0.0000756 seconds, Stopping threads took: 0.0000154 seconds
[2019-12-09T02:36:15.801+0000][1][safepoint    ] Application time: 1.0000777 seconds
[2019-12-09T02:36:15.801+0000][1][safepoint    ] Entering safepoint region: Cleanup
[2019-12-09T02:36:15.802+0000][1][safepoint    ] Leaving safepoint region
[2019-12-09T02:36:15.802+0000][1][safepoint    ] Total time for which application threads were stopped: 0.0000756 seconds, Stopping threads took: 0.0000157 seconds
[2019-12-09T02:36:16.802+0000][1][safepoint    ] Application time: 1.0000767 seconds
[2019-12-09T02:36:16.802+0000][1][safepoint    ] Entering safepoint region: Cleanup
[2019-12-09T02:36:16.802+0000][1][safepoint    ] Leaving safepoint region
[2019-12-09T02:36:16.802+0000][1][safepoint    ] Total time for which application threads were stopped: 0.0000834 seconds, Stopping threads took: 0.0000265 seconds
[2019-12-09T02:36:17.802+0000][1][safepoint    ] Application time: 1.0000758 seconds
[2019-12-09T02:36:17.802+0000][1][safepoint    ] Entering safepoint region: Cleanup
[2019-12-09T02:36:17.802+0000][1][safepoint    ] Leaving safepoint region
[2019-12-09T02:36:17.802+0000][1][safepoint    ] Total time for which application threads were stopped: 0.0000834 seconds, Stopping threads took: 0.0000205 seconds
[2019-12-09T02:36:18.802+0000][1][safepoint    ] Application time: 1.0000766 seconds
[2019-12-09T02:36:18.802+0000][1][safepoint    ] Entering safepoint region: Cleanup
[2019-12-09T02:36:18.802+0000][1][safepoint    ] Leaving safepoint region
[2019-12-09T02:36:18.802+0000][1][safepoint    ] Total time for which application threads were stopped: 0.0000818 seconds, Stopping threads took: 0.0000210 seconds
[2019-12-09T02:36:19.802+0000][1][safepoint    ] Application time: 1.0000758 seconds
[2019-12-09T02:36:19.802+0000][1][safepoint    ] Entering safepoint region: Cleanup
[2019-12-09T02:36:19.802+0000][1][safepoint    ] Leaving safepoint region
[2019-12-09T02:36:19.802+0000][1][safepoint    ] Total time for which application threads were stopped: 0.0000798 seconds, Stopping threads took: 0.0000202 seconds
[2019-12-09T02:36:20.802+0000][1][safepoint    ] Application time: 1.0000775 seconds
[2019-12-09T02:36:20.802+0000][1][safepoint    ] Entering safepoint region: Cleanup
[2019-12-09T02:36:20.803+0000][1][safepoint    ] Leaving safepoint region
[2019-12-09T02:36:20.803+0000][1][safepoint    ] Total time for which application threads were stopped: 0.0000831 seconds, Stopping threads took: 0.0000173 seconds
[2019-12-09T02:36:21.803+0000][1][safepoint    ] Application time: 1.0000767 seconds
[2019-12-09T02:36:21.803+0000][1][safepoint    ] Entering safepoint region: Cleanup
[2019-12-09T02:36:21.803+0000][1][safepoint    ] Leaving safepoint region
[2019-12-09T02:36:21.803+0000][1][safepoint    ] Total time for which application threads were stopped: 0.0000821 seconds, Stopping threads took: 0.0000170 seconds
[2019-12-09T02:36:22.803+0000][1][safepoint    ] Application time: 1.0000793 seconds
[2019-12-09T02:36:22.803+0000][1][safepoint    ] Entering safepoint region: Cleanup
[2019-12-09T02:36:22.803+0000][1][safepoint    ] Leaving safepoint region
[2019-12-09T02:36:22.803+0000][1][safepoint    ] Total time for which application threads were stopped: 0.0000880 seconds, Stopping threads took: 0.0000183 seconds
[2019-12-09T02:36:23.803+0000][1][safepoint    ] Application time: 1.0000784 seconds
[2019-12-09T02:36:23.803+0000][1][safepoint    ] Entering safepoint region: Cleanup
[2019-12-09T02:36:23.803+0000][1][safepoint    ] Leaving safepoint region
[2019-12-09T02:36:23.803+0000][1][safepoint    ] Total time for which application threads were stopped: 0.0000716 seconds, Stopping threads took: 0.0000155 seconds
[2019-12-09T02:36:24.803+0000][1][safepoint    ] Application time: 1.0000776 seconds
[2019-12-09T02:36:24.803+0000][1][safepoint    ] Entering safepoint region: Cleanup
[2019-12-09T02:36:24.803+0000][1][safepoint    ] Leaving safepoint region
[2019-12-09T02:36:24.803+0000][1][safepoint    ] Total time for which application threads were stopped: 0.0000743 seconds, Stopping threads took: 0.0000160 seconds
[2019-12-09T02:36:25.803+0000][1][safepoint    ] Application time: 1.0000778 seconds
[2019-12-09T02:36:25.803+0000][1][safepoint    ] Entering safepoint region: Cleanup
[2019-12-09T02:36:25.804+0000][1][safepoint    ] Leaving safepoint region
[2019-12-09T02:36:25.804+0000][1][safepoint    ] Total time for which application threads were stopped: 0.0000743 seconds, Stopping threads took: 0.0000149 seconds
[2019-12-09T02:36:26.804+0000][1][safepoint    ] Application time: 1.0000756 seconds
[2019-12-09T02:36:26.804+0000][1][safepoint    ] Entering safepoint region: Cleanup
[2019-12-09T02:36:26.804+0000][1][safepoint    ] Leaving safepoint region
[2019-12-09T02:36:26.804+0000][1][safepoint    ] Total time for which application threads were stopped: 0.0000744 seconds, Stopping threads took: 0.0000175 seconds
[2019-12-09T02:36:27.806+0000][1][safepoint    ] Application time: 1.0019423 seconds
[2019-12-09T02:36:27.806+0000][1][safepoint    ] Entering safepoint region: Cleanup
[2019-12-09T02:36:27.806+0000][1][safepoint    ] Leaving safepoint region
[2019-12-09T02:36:27.806+0000][1][safepoint    ] Total time for which application threads were stopped: 0.0001123 seconds, Stopping threads took: 0.0000246 seconds
[2019-12-09T02:36:28.806+0000][1][safepoint    ] Application time: 1.0000807 seconds
[2019-12-09T02:36:28.806+0000][1][safepoint    ] Entering safepoint region: Cleanup
[2019-12-09T02:36:28.806+0000][1][safepoint    ] Leaving safepoint region
[2019-12-09T02:36:28.806+0000][1][safepoint    ] Total time for which application threads were stopped: 0.0000754 seconds, Stopping threads took: 0.0000170 seconds
[2019-12-09T02:36:29.806+0000][1][safepoint    ] Application time: 1.0000781 seconds
[2019-12-09T02:36:29.806+0000][1][safepoint    ] Entering safepoint region: Cleanup
[2019-12-09T02:36:29.806+0000][1][safepoint    ] Leaving safepoint region
[2019-12-09T02:36:29.806+0000][1][safepoint    ] Total time for which application threads were stopped: 0.0000719 seconds, Stopping threads took: 0.0000161 seconds
[2019-12-09T02:36:30.806+0000][1][safepoint    ] Application time: 1.0000768 seconds
[2019-12-09T02:36:30.806+0000][1][safepoint    ] Entering safepoint region: Cleanup
[2019-12-09T02:36:30.806+0000][1][safepoint    ] Leaving safepoint region
[2019-12-09T02:36:30.806+0000][1][safepoint    ] Total time for which application threads were stopped: 0.0000852 seconds, Stopping threads took: 0.0000176 seconds
[2019-12-09T02:36:31.807+0000][1][safepoint    ] Application time: 1.0000767 seconds
[2019-12-09T02:36:31.807+0000][1][safepoint    ] Entering safepoint region: Cleanup
[2019-12-09T02:36:31.807+0000][1][safepoint    ] Leaving safepoint region
[2019-12-09T02:36:31.807+0000][1][safepoint    ] Total time for which application threads were stopped: 0.0000734 seconds, Stopping threads took: 0.0000177 seconds
[2019-12-09T02:36:32.807+0000][1][safepoint    ] Application time: 1.0000848 seconds
[2019-12-09T02:36:32.807+0000][1][safepoint    ] Entering safepoint region: Cleanup
[2019-12-09T02:36:32.807+0000][1][safepoint    ] Leaving safepoint region
[2019-12-09T02:36:32.807+0000][1][safepoint    ] Total time for which application threads were stopped: 0.0000792 seconds, Stopping threads took: 0.0000156 seconds
[2019-12-09T02:36:33.807+0000][1][safepoint    ] Application time: 1.0000781 seconds
[2019-12-09T02:36:33.807+0000][1][safepoint    ] Entering safepoint region: Cleanup
[2019-12-09T02:36:33.807+0000][1][safepoint    ] Leaving safepoint region
[2019-12-09T02:36:33.807+0000][1][safepoint    ] Total time for which application threads were stopped: 0.0000752 seconds, Stopping threads took: 0.0000177 seconds
[2019-12-09T02:36:34.807+0000][1][safepoint    ] Application time: 1.0000770 seconds
[2019-12-09T02:36:34.807+0000][1][safepoint    ] Entering safepoint region: Cleanup
[2019-12-09T02:36:34.807+0000][1][safepoint    ] Leaving safepoint region
[2019-12-09T02:36:34.807+0000][1][safepoint    ] Total time for which application threads were stopped: 0.0000748 seconds, Stopping threads took: 0.0000150 seconds
[2019-12-09T02:36:35.807+0000][1][safepoint    ] Application time: 1.0000771 seconds
[2019-12-09T02:36:35.807+0000][1][safepoint    ] Entering safepoint region: Cleanup
[2019-12-09T02:36:35.807+0000][1][safepoint    ] Leaving safepoint region
[2019-12-09T02:36:35.807+0000][1][safepoint    ] Total time for which application threads were stopped: 0.0000765 seconds, Stopping threads took: 0.0000176 seconds
[2019-12-09T02:36:36.808+0000][1][safepoint    ] Application time: 1.0000769 seconds
[2019-12-09T02:36:36.808+0000][1][safepoint    ] Entering safepoint region: Cleanup
[2019-12-09T02:36:36.808+0000][1][safepoint    ] Leaving safepoint region
[2019-12-09T02:36:36.808+0000][1][safepoint    ] Total time for which application threads were stopped: 0.0000721 seconds, Stopping threads took: 0.0000165 seconds
[2019-12-09T02:36:37.808+0000][1][safepoint    ] Application time: 1.0000756 seconds
[2019-12-09T02:36:37.808+0000][1][safepoint    ] Entering safepoint region: Cleanup
[2019-12-09T02:36:37.808+0000][1][safepoint    ] Leaving safepoint region
[2019-12-09T02:36:37.808+0000][1][safepoint    ] Total time for which application threads were stopped: 0.0000757 seconds, Stopping threads took: 0.0000172 seconds
[2019-12-09T02:36:38.808+0000][1][safepoint    ] Application time: 1.0000759 seconds
[2019-12-09T02:36:38.808+0000][1][safepoint    ] Entering safepoint region: Cleanup
[2019-12-09T02:36:38.808+0000][1][safepoint    ] Leaving safepoint region
[2019-12-09T02:36:38.808+0000][1][safepoint    ] Total time for which application threads were stopped: 0.0000852 seconds, Stopping threads took: 0.0000266 seconds
[2019-12-09T02:36:39.808+0000][1][safepoint    ] Application time: 1.0000791 seconds
[2019-12-09T02:36:39.808+0000][1][safepoint    ] Entering safepoint region: Cleanup
[2019-12-09T02:36:39.808+0000][1][safepoint    ] Leaving safepoint region
[2019-12-09T02:36:39.808+0000][1][safepoint    ] Total time for which application threads were stopped: 0.0000771 seconds, Stopping threads took: 0.0000195 seconds
[2019-12-09T02:36:40.808+0000][1][safepoint    ] Application time: 1.0000764 seconds
[2019-12-09T02:36:40.808+0000][1][safepoint    ] Entering safepoint region: Cleanup
[2019-12-09T02:36:40.808+0000][1][safepoint    ] Leaving safepoint region
[2019-12-09T02:36:40.808+0000][1][safepoint    ] Total time for which application threads were stopped: 0.0000757 seconds, Stopping threads took: 0.0000166 seconds
[2019-12-09T02:36:41.809+0000][1][safepoint    ] Application time: 1.0000766 seconds
[2019-12-09T02:36:41.809+0000][1][safepoint    ] Entering safepoint region: Cleanup
[2019-12-09T02:36:41.809+0000][1][safepoint    ] Leaving safepoint region
[2019-12-09T02:36:41.809+0000][1][safepoint    ] Total time for which application threads were stopped: 0.0000771 seconds, Stopping threads took: 0.0000180 seconds
[2019-12-09T02:36:42.809+0000][1][safepoint    ] Application time: 1.0000757 seconds
[2019-12-09T02:36:42.809+0000][1][safepoint    ] Entering safepoint region: Cleanup
[2019-12-09T02:36:42.809+0000][1][safepoint    ] Leaving safepoint region
[2019-12-09T02:36:42.809+0000][1][safepoint    ] Total time for which application threads were stopped: 0.0000709 seconds, Stopping threads took: 0.0000150 seconds
[2019-12-09T02:36:43.809+0000][1][safepoint    ] Application time: 1.0000759 seconds
[2019-12-09T02:36:43.809+0000][1][safepoint    ] Entering safepoint region: Cleanup
[2019-12-09T02:36:43.809+0000][1][safepoint    ] Leaving safepoint region
[2019-12-09T02:36:43.809+0000][1][safepoint    ] Total time for which application threads were stopped: 0.0000795 seconds, Stopping threads took: 0.0000161 seconds
[2019-12-09T02:36:44.809+0000][1][safepoint    ] Application time: 1.0000784 seconds
[2019-12-09T02:36:44.809+0000][1][safepoint    ] Entering safepoint region: Cleanup
[2019-12-09T02:36:44.809+0000][1][safepoint    ] Leaving safepoint region
[2019-12-09T02:36:44.809+0000][1][safepoint    ] Total time for which application threads were stopped: 0.0000787 seconds, Stopping threads took: 0.0000178 seconds
[2019-12-09T02:36:45.809+0000][1][safepoint    ] Application time: 1.0000782 seconds
[2019-12-09T02:36:45.809+0000][1][safepoint    ] Entering safepoint region: Cleanup
[2019-12-09T02:36:45.809+0000][1][safepoint    ] Leaving safepoint region
[2019-12-09T02:36:45.809+0000][1][safepoint    ] Total time for which application threads were stopped: 0.0000808 seconds, Stopping threads took: 0.0000164 seconds
[2019-12-09T02:36:46.810+0000][1][safepoint    ] Application time: 1.0000781 seconds
[2019-12-09T02:36:46.810+0000][1][safepoint    ] Entering safepoint region: Cleanup
[2019-12-09T02:36:46.810+0000][1][safepoint    ] Leaving safepoint region
[2019-12-09T02:36:46.810+0000][1][safepoint    ] Total time for which application threads were stopped: 0.0000747 seconds, Stopping threads took: 0.0000165 seconds
[2019-12-09T02:36:47.810+0000][1][safepoint    ] Application time: 1.0000776 seconds
[2019-12-09T02:36:47.810+0000][1][safepoint    ] Entering safepoint region: Cleanup
[2019-12-09T02:36:47.810+0000][1][safepoint    ] Leaving safepoint region
[2019-12-09T02:36:47.810+0000][1][safepoint    ] Total time for which application threads were stopped: 0.0000834 seconds, Stopping threads took: 0.0000178 seconds
[2019-12-09T02:36:48.810+0000][1][safepoint    ] Application time: 1.0000788 seconds
[2019-12-09T02:36:48.810+0000][1][safepoint    ] Entering safepoint region: Cleanup
[2019-12-09T02:36:48.810+0000][1][safepoint    ] Leaving safepoint region
[2019-12-09T02:36:48.810+0000][1][safepoint    ] Total time for which application threads were stopped: 0.0000750 seconds, Stopping threads took: 0.0000167 seconds
[2019-12-09T02:36:49.810+0000][1][safepoint    ] Application time: 1.0000781 seconds
[2019-12-09T02:36:49.810+0000][1][safepoint    ] Entering safepoint region: Cleanup
[2019-12-09T02:36:49.810+0000][1][safepoint    ] Leaving safepoint region
[2019-12-09T02:36:49.810+0000][1][safepoint    ] Total time for which application threads were stopped: 0.0000774 seconds, Stopping threads took: 0.0000186 seconds
[2019-12-09T02:36:50.810+0000][1][safepoint    ] Application time: 1.0000761 seconds
[2019-12-09T02:36:50.810+0000][1][safepoint    ] Entering safepoint region: Cleanup
[2019-12-09T02:36:50.810+0000][1][safepoint    ] Leaving safepoint region
[2019-12-09T02:36:50.810+0000][1][safepoint    ] Total time for which application threads were stopped: 0.0000723 seconds, Stopping threads took: 0.0000162 seconds
[2019-12-09T02:36:51.811+0000][1][safepoint    ] Application time: 1.0000771 seconds
[2019-12-09T02:36:51.811+0000][1][safepoint    ] Entering safepoint region: Cleanup
[2019-12-09T02:36:51.811+0000][1][safepoint    ] Leaving safepoint region
[2019-12-09T02:36:51.811+0000][1][safepoint    ] Total time for which application threads were stopped: 0.0000841 seconds, Stopping threads took: 0.0000159 seconds
[2019-12-09T02:36:52.811+0000][1][safepoint    ] Application time: 1.0000763 seconds
[2019-12-09T02:36:52.811+0000][1][safepoint    ] Entering safepoint region: Cleanup
[2019-12-09T02:36:52.811+0000][1][safepoint    ] Leaving safepoint region
[2019-12-09T02:36:52.811+0000][1][safepoint    ] Total time for which application threads were stopped: 0.0000742 seconds, Stopping threads took: 0.0000169 seconds
[2019-12-09T02:36:53.811+0000][1][safepoint    ] Application time: 1.0000754 seconds
[2019-12-09T02:36:53.811+0000][1][safepoint    ] Entering safepoint region: Cleanup
[2019-12-09T02:36:53.811+0000][1][safepoint    ] Leaving safepoint region
[2019-12-09T02:36:53.811+0000][1][safepoint    ] Total time for which application threads were stopped: 0.0000769 seconds, Stopping threads took: 0.0000162 seconds
[2019-12-09T02:36:54.811+0000][1][safepoint    ] Application time: 1.0000766 seconds
[2019-12-09T02:36:54.811+0000][1][safepoint    ] Entering safepoint region: Cleanup
[2019-12-09T02:36:54.811+0000][1][safepoint    ] Leaving safepoint region
[2019-12-09T02:36:54.811+0000][1][safepoint    ] Total time for which application threads were stopped: 0.0000722 seconds, Stopping threads took: 0.0000152 seconds
[2019-12-09T02:36:55.811+0000][1][safepoint    ] Application time: 1.0000768 seconds
[2019-12-09T02:36:55.811+0000][1][safepoint    ] Entering safepoint region: Cleanup
[2019-12-09T02:36:55.811+0000][1][safepoint    ] Leaving safepoint region
[2019-12-09T02:36:55.811+0000][1][safepoint    ] Total time for which application threads were stopped: 0.0000757 seconds, Stopping threads took: 0.0000175 seconds
[2019-12-09T02:36:56.811+0000][1][safepoint    ] Application time: 1.0000766 seconds
[2019-12-09T02:36:56.812+0000][1][safepoint    ] Entering safepoint region: Cleanup
[2019-12-09T02:36:56.812+0000][1][safepoint    ] Leaving safepoint region
[2019-12-09T02:36:56.812+0000][1][safepoint    ] Total time for which application threads were stopped: 0.0000720 seconds, Stopping threads took: 0.0000161 seconds
[2019-12-09T02:36:57.812+0000][1][safepoint    ] Application time: 1.0000882 seconds
[2019-12-09T02:36:57.812+0000][1][safepoint    ] Entering safepoint region: Cleanup
[2019-12-09T02:36:57.812+0000][1][safepoint    ] Leaving safepoint region
[2019-12-09T02:36:57.812+0000][1][safepoint    ] Total time for which application threads were stopped: 0.0000754 seconds, Stopping threads took: 0.0000181 seconds
[2019-12-09T02:36:58.812+0000][1][safepoint    ] Application time: 1.0000754 seconds
[2019-12-09T02:36:58.812+0000][1][safepoint    ] Entering safepoint region: Cleanup
[2019-12-09T02:36:58.812+0000][1][safepoint    ] Leaving safepoint region
[2019-12-09T02:36:58.812+0000][1][safepoint    ] Total time for which application threads were stopped: 0.0000779 seconds, Stopping threads took: 0.0000158 seconds
[2019-12-09T02:36:59.812+0000][1][safepoint    ] Application time: 1.0000771 seconds
[2019-12-09T02:36:59.812+0000][1][safepoint    ] Entering safepoint region: Cleanup
[2019-12-09T02:36:59.812+0000][1][safepoint    ] Leaving safepoint region
[2019-12-09T02:36:59.812+0000][1][safepoint    ] Total time for which application threads were stopped: 0.0000761 seconds, Stopping threads took: 0.0000174 seconds
[2019-12-09T02:37:00.812+0000][1][safepoint    ] Application time: 1.0000768 seconds
[2019-12-09T02:37:00.812+0000][1][safepoint    ] Entering safepoint region: Cleanup
[2019-12-09T02:37:00.812+0000][1][safepoint    ] Leaving safepoint region
[2019-12-09T02:37:00.812+0000][1][safepoint    ] Total time for which application threads were stopped: 0.0000770 seconds, Stopping threads took: 0.0000190 seconds
[2019-12-09T02:37:01.812+0000][1][safepoint    ] Application time: 1.0000641 seconds
[2019-12-09T02:37:01.813+0000][1][safepoint    ] Entering safepoint region: Cleanup
[2019-12-09T02:37:01.813+0000][1][safepoint    ] Leaving safepoint region
[2019-12-09T02:37:01.813+0000][1][safepoint    ] Total time for which application threads were stopped: 0.0001287 seconds, Stopping threads took: 0.0000312 seconds
[2019-12-09T02:37:02.813+0000][1][safepoint    ] Application time: 1.0000806 seconds
[2019-12-09T02:37:02.813+0000][1][safepoint    ] Entering safepoint region: Cleanup
[2019-12-09T02:37:02.813+0000][1][safepoint    ] Leaving safepoint region
[2019-12-09T02:37:02.813+0000][1][safepoint    ] Total time for which application threads were stopped: 0.0000829 seconds, Stopping threads took: 0.0000182 seconds
[2019-12-09T02:37:03.813+0000][1][safepoint    ] Application time: 1.0000770 seconds
[2019-12-09T02:37:03.813+0000][1][safepoint    ] Entering safepoint region: Cleanup
[2019-12-09T02:37:03.813+0000][1][safepoint    ] Leaving safepoint region
[2019-12-09T02:37:03.813+0000][1][safepoint    ] Total time for which application threads were stopped: 0.0000764 seconds, Stopping threads took: 0.0000192 seconds
[2019-12-09T02:37:04.813+0000][1][safepoint    ] Application time: 1.0000760 seconds
[2019-12-09T02:37:04.813+0000][1][safepoint    ] Entering safepoint region: Cleanup
[2019-12-09T02:37:04.813+0000][1][safepoint    ] Leaving safepoint region
[2019-12-09T02:37:04.813+0000][1][safepoint    ] Total time for which application threads were stopped: 0.0000761 seconds, Stopping threads took: 0.0000164 seconds
[2019-12-09T02:37:05.813+0000][1][safepoint    ] Application time: 1.0000753 seconds
[2019-12-09T02:37:05.813+0000][1][safepoint    ] Entering safepoint region: Cleanup
[2019-12-09T02:37:05.813+0000][1][safepoint    ] Leaving safepoint region
[2019-12-09T02:37:05.813+0000][1][safepoint    ] Total time for which application threads were stopped: 0.0000720 seconds, Stopping threads took: 0.0000155 seconds
[2019-12-09T02:37:06.814+0000][1][safepoint    ] Application time: 1.0000780 seconds
[2019-12-09T02:37:06.814+0000][1][safepoint    ] Entering safepoint region: Cleanup
[2019-12-09T02:37:06.814+0000][1][safepoint    ] Leaving safepoint region
[2019-12-09T02:37:06.814+0000][1][safepoint    ] Total time for which application threads were stopped: 0.0000924 seconds, Stopping threads took: 0.0000213 seconds
[2019-12-09T02:37:07.814+0000][1][safepoint    ] Application time: 1.0000780 seconds
[2019-12-09T02:37:07.814+0000][1][safepoint    ] Entering safepoint region: Cleanup
[2019-12-09T02:37:07.814+0000][1][safepoint    ] Leaving safepoint region
[2019-12-09T02:37:07.814+0000][1][safepoint    ] Total time for which application threads were stopped: 0.0000855 seconds, Stopping threads took: 0.0000201 seconds
[2019-12-09T02:37:08.814+0000][1][safepoint    ] Application time: 1.0000765 seconds
[2019-12-09T02:37:08.814+0000][1][safepoint    ] Entering safepoint region: Cleanup
[2019-12-09T02:37:08.814+0000][1][safepoint    ] Leaving safepoint region
[2019-12-09T02:37:08.814+0000][1][safepoint    ] Total time for which application threads were stopped: 0.0000847 seconds, Stopping threads took: 0.0000236 seconds
[2019-12-09T02:37:09.814+0000][1][safepoint    ] Application time: 1.0000778 seconds
[2019-12-09T02:37:09.814+0000][1][safepoint    ] Entering safepoint region: Cleanup
[2019-12-09T02:37:09.814+0000][1][safepoint    ] Leaving safepoint region
[2019-12-09T02:37:09.814+0000][1][safepoint    ] Total time for which application threads were stopped: 0.0000779 seconds, Stopping threads took: 0.0000163 seconds
[2019-12-09T02:37:10.814+0000][1][safepoint    ] Application time: 1.0000763 seconds
[2019-12-09T02:37:10.814+0000][1][safepoint    ] Entering safepoint region: Cleanup
[2019-12-09T02:37:10.814+0000][1][safepoint    ] Leaving safepoint region
[2019-12-09T02:37:10.814+0000][1][safepoint    ] Total time for which application threads were stopped: 0.0000709 seconds, Stopping threads took: 0.0000154 seconds
[2019-12-09T02:37:11.815+0000][1][safepoint    ] Application time: 1.0000754 seconds
[2019-12-09T02:37:11.815+0000][1][safepoint    ] Entering safepoint region: Cleanup
[2019-12-09T02:37:11.815+0000][1][safepoint    ] Leaving safepoint region
[2019-12-09T02:37:11.815+0000][1][safepoint    ] Total time for which application threads were stopped: 0.0000756 seconds, Stopping threads took: 0.0000156 seconds
[2019-12-09T02:37:12.815+0000][1][safepoint    ] Application time: 1.0000748 seconds
[2019-12-09T02:37:12.815+0000][1][safepoint    ] Entering safepoint region: Cleanup
[2019-12-09T02:37:12.815+0000][1][safepoint    ] Leaving safepoint region
[2019-12-09T02:37:12.815+0000][1][safepoint    ] Total time for which application threads were stopped: 0.0000791 seconds, Stopping threads took: 0.0000162 seconds
[2019-12-09T02:37:13.815+0000][1][safepoint    ] Application time: 1.0000760 seconds
[2019-12-09T02:37:13.815+0000][1][safepoint    ] Entering safepoint region: Cleanup
[2019-12-09T02:37:13.815+0000][1][safepoint    ] Leaving safepoint region
[2019-12-09T02:37:13.815+0000][1][safepoint    ] Total time for which application threads were stopped: 0.0000716 seconds, Stopping threads took: 0.0000159 seconds
[2019-12-09T02:37:14.815+0000][1][safepoint    ] Application time: 1.0000750 seconds
[2019-12-09T02:37:14.815+0000][1][safepoint    ] Entering safepoint region: Cleanup
[2019-12-09T02:37:14.815+0000][1][safepoint    ] Leaving safepoint region
[2019-12-09T02:37:14.815+0000][1][safepoint    ] Total time for which application threads were stopped: 0.0000876 seconds, Stopping threads took: 0.0000155 seconds
[2019-12-09T02:37:15.815+0000][1][safepoint    ] Application time: 1.0000753 seconds
[2019-12-09T02:37:15.815+0000][1][safepoint    ] Entering safepoint region: Cleanup
[2019-12-09T02:37:15.815+0000][1][safepoint    ] Leaving safepoint region
[2019-12-09T02:37:15.815+0000][1][safepoint    ] Total time for which application threads were stopped: 0.0000772 seconds, Stopping threads took: 0.0000170 seconds
[2019-12-09T02:37:16.816+0000][1][safepoint    ] Application time: 1.0000771 seconds
[2019-12-09T02:37:16.816+0000][1][safepoint    ] Entering safepoint region: Cleanup
[2019-12-09T02:37:16.816+0000][1][safepoint    ] Leaving safepoint region
[2019-12-09T02:37:16.816+0000][1][safepoint    ] Total time for which application threads were stopped: 0.0000741 seconds, Stopping threads took: 0.0000165 seconds
[2019-12-09T02:37:17.816+0000][1][safepoint    ] Application time: 1.0000776 seconds
[2019-12-09T02:37:17.816+0000][1][safepoint    ] Entering safepoint region: Cleanup
[2019-12-09T02:37:17.816+0000][1][safepoint    ] Leaving safepoint region
[2019-12-09T02:37:17.816+0000][1][safepoint    ] Total time for which application threads were stopped: 0.0000728 seconds, Stopping threads took: 0.0000165 seconds
[2019-12-09T02:37:18.816+0000][1][safepoint    ] Application time: 1.0000752 seconds
[2019-12-09T02:37:18.816+0000][1][safepoint    ] Entering safepoint region: Cleanup
[2019-12-09T02:37:18.816+0000][1][safepoint    ] Leaving safepoint region
[2019-12-09T02:37:18.816+0000][1][safepoint    ] Total time for which application threads were stopped: 0.0000758 seconds, Stopping threads took: 0.0000189 seconds
[2019-12-09T02:37:19.816+0000][1][safepoint    ] Application time: 1.0000760 seconds
[2019-12-09T02:37:19.816+0000][1][safepoint    ] Entering safepoint region: Cleanup
[2019-12-09T02:37:19.816+0000][1][safepoint    ] Leaving safepoint region
[2019-12-09T02:37:19.816+0000][1][safepoint    ] Total time for which application threads were stopped: 0.0000970 seconds, Stopping threads took: 0.0000297 seconds
[2019-12-09T02:37:20.816+0000][1][safepoint    ] Application time: 1.0000780 seconds
[2019-12-09T02:37:20.816+0000][1][safepoint    ] Entering safepoint region: Cleanup
[2019-12-09T02:37:20.816+0000][1][safepoint    ] Leaving safepoint region
[2019-12-09T02:37:20.816+0000][1][safepoint    ] Total time for which application threads were stopped: 0.0000735 seconds, Stopping threads took: 0.0000161 seconds
[2019-12-09T02:37:21.817+0000][1][safepoint    ] Application time: 1.0000835 seconds
[2019-12-09T02:37:21.817+0000][1][safepoint    ] Entering safepoint region: Cleanup
[2019-12-09T02:37:21.817+0000][1][safepoint    ] Leaving safepoint region
[2019-12-09T02:37:21.817+0000][1][safepoint    ] Total time for which application threads were stopped: 0.0000780 seconds, Stopping threads took: 0.0000160 seconds
[2019-12-09T02:37:22.817+0000][1][safepoint    ] Application time: 1.0000780 seconds
[2019-12-09T02:37:22.817+0000][1][safepoint    ] Entering safepoint region: Cleanup
[2019-12-09T02:37:22.817+0000][1][safepoint    ] Leaving safepoint region
[2019-12-09T02:37:22.817+0000][1][safepoint    ] Total time for which application threads were stopped: 0.0000814 seconds, Stopping threads took: 0.0000167 seconds
[2019-12-09T02:37:23.817+0000][1][safepoint    ] Application time: 1.0000777 seconds
[2019-12-09T02:37:23.817+0000][1][safepoint    ] Entering safepoint region: Cleanup
[2019-12-09T02:37:23.817+0000][1][safepoint    ] Leaving safepoint region
[2019-12-09T02:37:23.817+0000][1][safepoint    ] Total time for which application threads were stopped: 0.0000750 seconds, Stopping threads took: 0.0000166 seconds
[2019-12-09T02:37:24.943+0000][1][safepoint    ] Application time: 1.1258665 seconds
[2019-12-09T02:37:24.943+0000][1][safepoint    ] Entering safepoint region: Cleanup
[2019-12-09T02:37:24.943+0000][1][safepoint    ] Leaving safepoint region
[2019-12-09T02:37:24.943+0000][1][safepoint    ] Total time for which application threads were stopped: 0.0001081 seconds, Stopping threads took: 0.0000134 seconds
[2019-12-09T02:37:25.943+0000][1][safepoint    ] Application time: 1.0000783 seconds
[2019-12-09T02:37:25.943+0000][1][safepoint    ] Entering safepoint region: Cleanup
[2019-12-09T02:37:25.943+0000][1][safepoint    ] Leaving safepoint region
[2019-12-09T02:37:25.943+0000][1][safepoint    ] Total time for which application threads were stopped: 0.0000692 seconds, Stopping threads took: 0.0000147 seconds
[2019-12-09T02:37:26.943+0000][1][safepoint    ] Application time: 1.0000759 seconds
[2019-12-09T02:37:26.943+0000][1][safepoint    ] Entering safepoint region: Cleanup
[2019-12-09T02:37:26.943+0000][1][safepoint    ] Leaving safepoint region
[2019-12-09T02:37:26.943+0000][1][safepoint    ] Total time for which application threads were stopped: 0.0000807 seconds, Stopping threads took: 0.0000215 seconds
[2019-12-09T02:37:27.943+0000][1][safepoint    ] Application time: 1.0000785 seconds
[2019-12-09T02:37:27.944+0000][1][safepoint    ] Entering safepoint region: Cleanup
[2019-12-09T02:37:27.944+0000][1][safepoint    ] Leaving safepoint region
[2019-12-09T02:37:27.944+0000][1][safepoint    ] Total time for which application threads were stopped: 0.0000681 seconds, Stopping threads took: 0.0000142 seconds
[2019-12-09T02:37:28.944+0000][1][safepoint    ] Application time: 1.0000776 seconds
[2019-12-09T02:37:28.944+0000][1][safepoint    ] Entering safepoint region: Cleanup
[2019-12-09T02:37:28.944+0000][1][safepoint    ] Leaving safepoint region
[2019-12-09T02:37:28.944+0000][1][safepoint    ] Total time for which application threads were stopped: 0.0000762 seconds, Stopping threads took: 0.0000162 seconds
[2019-12-09T02:37:29.944+0000][1][safepoint    ] Application time: 1.0000783 seconds
[2019-12-09T02:37:29.944+0000][1][safepoint    ] Entering safepoint region: Cleanup
[2019-12-09T02:37:29.944+0000][1][safepoint    ] Leaving safepoint region
[2019-12-09T02:37:29.944+0000][1][safepoint    ] Total time for which application threads were stopped: 0.0000716 seconds, Stopping threads took: 0.0000141 seconds
[2019-12-09T02:37:30.944+0000][1][safepoint    ] Application time: 1.0000791 seconds
[2019-12-09T02:37:30.944+0000][1][safepoint    ] Entering safepoint region: Cleanup
[2019-12-09T02:37:30.944+0000][1][safepoint    ] Leaving safepoint region
[2019-12-09T02:37:30.944+0000][1][safepoint    ] Total time for which application threads were stopped: 0.0000711 seconds, Stopping threads took: 0.0000151 seconds
[2019-12-09T02:37:31.944+0000][1][safepoint    ] Application time: 1.0000770 seconds
[2019-12-09T02:37:31.944+0000][1][safepoint    ] Entering safepoint region: Cleanup
[2019-12-09T02:37:31.944+0000][1][safepoint    ] Leaving safepoint region
[2019-12-09T02:37:31.944+0000][1][safepoint    ] Total time for which application threads were stopped: 0.0000758 seconds, Stopping threads took: 0.0000150 seconds
[2019-12-09T02:37:32.944+0000][1][safepoint    ] Application time: 1.0000769 seconds
[2019-12-09T02:37:32.944+0000][1][safepoint    ] Entering safepoint region: Cleanup
[2019-12-09T02:37:32.945+0000][1][safepoint    ] Leaving safepoint region
[2019-12-09T02:37:32.945+0000][1][safepoint    ] Total time for which application threads were stopped: 0.0000744 seconds, Stopping threads took: 0.0000170 seconds
[2019-12-09T02:37:33.945+0000][1][safepoint    ] Application time: 1.0000881 seconds
[2019-12-09T02:37:33.945+0000][1][safepoint    ] Entering safepoint region: Cleanup
[2019-12-09T02:37:33.945+0000][1][safepoint    ] Leaving safepoint region
[2019-12-09T02:37:33.945+0000][1][safepoint    ] Total time for which application threads were stopped: 0.0001108 seconds, Stopping threads took: 0.0000347 seconds
[2019-12-09T02:37:34.945+0000][1][safepoint    ] Application time: 1.0000783 seconds
[2019-12-09T02:37:34.945+0000][1][safepoint    ] Entering safepoint region: Cleanup
[2019-12-09T02:37:34.945+0000][1][safepoint    ] Leaving safepoint region
[2019-12-09T02:37:34.945+0000][1][safepoint    ] Total time for which application threads were stopped: 0.0000893 seconds, Stopping threads took: 0.0000145 seconds
[2019-12-09T02:37:35.945+0000][1][safepoint    ] Application time: 1.0000764 seconds
[2019-12-09T02:37:35.945+0000][1][safepoint    ] Entering safepoint region: Cleanup
[2019-12-09T02:37:35.945+0000][1][safepoint    ] Leaving safepoint region
[2019-12-09T02:37:35.945+0000][1][safepoint    ] Total time for which application threads were stopped: 0.0000761 seconds, Stopping threads took: 0.0000156 seconds
[2019-12-09T02:37:36.945+0000][1][safepoint    ] Application time: 1.0000794 seconds
[2019-12-09T02:37:36.945+0000][1][safepoint    ] Entering safepoint region: Cleanup
[2019-12-09T02:37:36.945+0000][1][safepoint    ] Leaving safepoint region
[2019-12-09T02:37:36.945+0000][1][safepoint    ] Total time for which application threads were stopped: 0.0000826 seconds, Stopping threads took: 0.0000239 seconds
[2019-12-09T02:37:37.945+0000][1][safepoint    ] Application time: 1.0000810 seconds
[2019-12-09T02:37:37.946+0000][1][safepoint    ] Entering safepoint region: Cleanup
[2019-12-09T02:37:37.946+0000][1][safepoint    ] Leaving safepoint region
[2019-12-09T02:37:37.946+0000][1][safepoint    ] Total time for which application threads were stopped: 0.0000758 seconds, Stopping threads took: 0.0000165 seconds
[2019-12-09T02:37:38.946+0000][1][safepoint    ] Application time: 1.0000803 seconds
[2019-12-09T02:37:38.946+0000][1][safepoint    ] Entering safepoint region: Cleanup
[2019-12-09T02:37:38.946+0000][1][safepoint    ] Leaving safepoint region
[2019-12-09T02:37:38.946+0000][1][safepoint    ] Total time for which application threads were stopped: 0.0000863 seconds, Stopping threads took: 0.0000213 seconds
[2019-12-09T02:37:39.946+0000][1][safepoint    ] Application time: 1.0000790 seconds
[2019-12-09T02:37:39.946+0000][1][safepoint    ] Entering safepoint region: Cleanup
[2019-12-09T02:37:39.946+0000][1][safepoint    ] Leaving safepoint region
[2019-12-09T02:37:39.946+0000][1][safepoint    ] Total time for which application threads were stopped: 0.0000725 seconds, Stopping threads took: 0.0000156 seconds
[2019-12-09T02:37:40.946+0000][1][safepoint    ] Application time: 1.0000808 seconds
[2019-12-09T02:37:40.946+0000][1][safepoint    ] Entering safepoint region: Cleanup
[2019-12-09T02:37:40.946+0000][1][safepoint    ] Leaving safepoint region
[2019-12-09T02:37:40.946+0000][1][safepoint    ] Total time for which application threads were stopped: 0.0000724 seconds, Stopping threads took: 0.0000160 seconds
[2019-12-09T02:37:41.946+0000][1][safepoint    ] Application time: 1.0000834 seconds
[2019-12-09T02:37:41.946+0000][1][safepoint    ] Entering safepoint region: Cleanup
[2019-12-09T02:37:41.946+0000][1][safepoint    ] Leaving safepoint region
[2019-12-09T02:37:41.946+0000][1][safepoint    ] Total time for which application threads were stopped: 0.0000744 seconds, Stopping threads took: 0.0000163 seconds
[2019-12-09T02:37:42.946+0000][1][safepoint    ] Application time: 1.0000854 seconds
[2019-12-09T02:37:42.947+0000][1][safepoint    ] Entering safepoint region: Cleanup
[2019-12-09T02:37:42.947+0000][1][safepoint    ] Leaving safepoint region
[2019-12-09T02:37:42.947+0000][1][safepoint    ] Total time for which application threads were stopped: 0.0001185 seconds, Stopping threads took: 0.0000473 seconds
[2019-12-09T02:37:43.947+0000][1][safepoint    ] Application time: 1.0000877 seconds
[2019-12-09T02:37:43.947+0000][1][safepoint    ] Entering safepoint region: Cleanup
[2019-12-09T02:37:43.947+0000][1][safepoint    ] Leaving safepoint region
[2019-12-09T02:37:43.947+0000][1][safepoint    ] Total time for which application threads were stopped: 0.0000796 seconds, Stopping threads took: 0.0000195 seconds
[2019-12-09T02:37:44.947+0000][1][safepoint    ] Application time: 1.0000830 seconds
[2019-12-09T02:37:44.947+0000][1][safepoint    ] Entering safepoint region: Cleanup
[2019-12-09T02:37:44.947+0000][1][safepoint    ] Leaving safepoint region
[2019-12-09T02:37:44.947+0000][1][safepoint    ] Total time for which application threads were stopped: 0.0000723 seconds, Stopping threads took: 0.0000181 seconds
[2019-12-09T02:37:45.947+0000][1][safepoint    ] Application time: 1.0000796 seconds
[2019-12-09T02:37:45.947+0000][1][safepoint    ] Entering safepoint region: Cleanup
[2019-12-09T02:37:45.947+0000][1][safepoint    ] Leaving safepoint region
[2019-12-09T02:37:45.947+0000][1][safepoint    ] Total time for which application threads were stopped: 0.0000738 seconds, Stopping threads took: 0.0000175 seconds
[2019-12-09T02:37:46.947+0000][1][safepoint    ] Application time: 1.0000808 seconds
[2019-12-09T02:37:46.947+0000][1][safepoint    ] Entering safepoint region: Cleanup
[2019-12-09T02:37:46.947+0000][1][safepoint    ] Leaving safepoint region
[2019-12-09T02:37:46.947+0000][1][safepoint    ] Total time for which application threads were stopped: 0.0000849 seconds, Stopping threads took: 0.0000262 seconds
[2019-12-09T02:37:47.947+0000][1][safepoint    ] Application time: 1.0000838 seconds
[2019-12-09T02:37:47.948+0000][1][safepoint    ] Entering safepoint region: Cleanup
[2019-12-09T02:37:47.948+0000][1][safepoint    ] Leaving safepoint region
[2019-12-09T02:37:47.948+0000][1][safepoint    ] Total time for which application threads were stopped: 0.0000768 seconds, Stopping threads took: 0.0000183 seconds
[2019-12-09T02:37:48.948+0000][1][safepoint    ] Application time: 1.0000772 seconds
[2019-12-09T02:37:48.948+0000][1][safepoint    ] Entering safepoint region: Cleanup
[2019-12-09T02:37:48.948+0000][1][safepoint    ] Leaving safepoint region
[2019-12-09T02:37:48.948+0000][1][safepoint    ] Total time for which application threads were stopped: 0.0000759 seconds, Stopping threads took: 0.0000177 seconds
[2019-12-09T02:37:49.948+0000][1][safepoint    ] Application time: 1.0000789 seconds
[2019-12-09T02:37:49.948+0000][1][safepoint    ] Entering safepoint region: Cleanup
[2019-12-09T02:37:49.948+0000][1][safepoint    ] Leaving safepoint region
[2019-12-09T02:37:49.948+0000][1][safepoint    ] Total time for which application threads were stopped: 0.0000713 seconds, Stopping threads took: 0.0000173 seconds
[2019-12-09T02:37:50.948+0000][1][safepoint    ] Application time: 1.0000774 seconds
[2019-12-09T02:37:50.948+0000][1][safepoint    ] Entering safepoint region: Cleanup
[2019-12-09T02:37:50.948+0000][1][safepoint    ] Leaving safepoint region
[2019-12-09T02:37:50.948+0000][1][safepoint    ] Total time for which application threads were stopped: 0.0000738 seconds, Stopping threads took: 0.0000169 seconds
[2019-12-09T02:37:51.948+0000][1][safepoint    ] Application time: 1.0000861 seconds
[2019-12-09T02:37:51.948+0000][1][safepoint    ] Entering safepoint region: Cleanup
[2019-12-09T02:37:51.948+0000][1][safepoint    ] Leaving safepoint region
[2019-12-09T02:37:51.948+0000][1][safepoint    ] Total time for which application threads were stopped: 0.0000923 seconds, Stopping threads took: 0.0000208 seconds
[2019-12-09T02:37:52.948+0000][1][safepoint    ] Application time: 1.0000772 seconds
[2019-12-09T02:37:52.948+0000][1][safepoint    ] Entering safepoint region: Cleanup
[2019-12-09T02:37:52.949+0000][1][safepoint    ] Leaving safepoint region
[2019-12-09T02:37:52.949+0000][1][safepoint    ] Total time for which application threads were stopped: 0.0000764 seconds, Stopping threads took: 0.0000157 seconds
[2019-12-09T02:37:53.949+0000][1][safepoint    ] Application time: 1.0000747 seconds
[2019-12-09T02:37:53.949+0000][1][safepoint    ] Entering safepoint region: Cleanup
[2019-12-09T02:37:53.949+0000][1][safepoint    ] Leaving safepoint region
[2019-12-09T02:37:53.949+0000][1][safepoint    ] Total time for which application threads were stopped: 0.0000893 seconds, Stopping threads took: 0.0000160 seconds
[2019-12-09T02:37:54.950+0000][1][safepoint    ] Application time: 1.0009065 seconds
[2019-12-09T02:37:54.950+0000][1][safepoint    ] Entering safepoint region: Cleanup
[2019-12-09T02:37:54.950+0000][1][safepoint    ] Leaving safepoint region
[2019-12-09T02:37:54.950+0000][1][safepoint    ] Total time for which application threads were stopped: 0.0000954 seconds, Stopping threads took: 0.0000218 seconds
[2019-12-09T02:37:55.951+0000][1][safepoint    ] Application time: 1.0009126 seconds
[2019-12-09T02:37:55.951+0000][1][safepoint    ] Entering safepoint region: Cleanup
[2019-12-09T02:37:55.951+0000][1][safepoint    ] Leaving safepoint region
[2019-12-09T02:37:55.951+0000][1][safepoint    ] Total time for which application threads were stopped: 0.0001128 seconds, Stopping threads took: 0.0000256 seconds
[2019-12-09T02:37:56.951+0000][1][safepoint    ] Application time: 1.0000787 seconds
[2019-12-09T02:37:56.951+0000][1][safepoint    ] Entering safepoint region: Cleanup
[2019-12-09T02:37:56.951+0000][1][safepoint    ] Leaving safepoint region
[2019-12-09T02:37:56.951+0000][1][safepoint    ] Total time for which application threads were stopped: 0.0000782 seconds, Stopping threads took: 0.0000159 seconds
[2019-12-09T02:37:57.951+0000][1][safepoint    ] Application time: 1.0000865 seconds
[2019-12-09T02:37:57.951+0000][1][safepoint    ] Entering safepoint region: Cleanup
[2019-12-09T02:37:57.951+0000][1][safepoint    ] Leaving safepoint region
[2019-12-09T02:37:57.951+0000][1][safepoint    ] Total time for which application threads were stopped: 0.0001049 seconds, Stopping threads took: 0.0000239 seconds
[2019-12-09T02:37:58.951+0000][1][safepoint    ] Application time: 1.0000770 seconds
[2019-12-09T02:37:58.951+0000][1][safepoint    ] Entering safepoint region: Cleanup
[2019-12-09T02:37:58.951+0000][1][safepoint    ] Leaving safepoint region
[2019-12-09T02:37:58.951+0000][1][safepoint    ] Total time for which application threads were stopped: 0.0000753 seconds, Stopping threads took: 0.0000166 seconds
[2019-12-09T02:37:59.952+0000][1][safepoint    ] Application time: 1.0000833 seconds
[2019-12-09T02:37:59.952+0000][1][safepoint    ] Entering safepoint region: Cleanup
[2019-12-09T02:37:59.952+0000][1][safepoint    ] Leaving safepoint region
[2019-12-09T02:37:59.952+0000][1][safepoint    ] Total time for which application threads were stopped: 0.0000713 seconds, Stopping threads took: 0.0000158 seconds
[2019-12-09T02:38:00.952+0000][1][safepoint    ] Application time: 1.0001078 seconds
[2019-12-09T02:38:00.952+0000][1][safepoint    ] Entering safepoint region: Cleanup
[2019-12-09T02:38:00.952+0000][1][safepoint    ] Leaving safepoint region
[2019-12-09T02:38:00.952+0000][1][safepoint    ] Total time for which application threads were stopped: 0.0001013 seconds, Stopping threads took: 0.0000229 seconds
[2019-12-09T02:38:01.955+0000][1][safepoint    ] Application time: 1.0029019 seconds
[2019-12-09T02:38:01.955+0000][1][safepoint    ] Entering safepoint region: Cleanup
[2019-12-09T02:38:01.955+0000][1][safepoint    ] Leaving safepoint region
[2019-12-09T02:38:01.955+0000][1][safepoint    ] Total time for which application threads were stopped: 0.0001208 seconds, Stopping threads took: 0.0000233 seconds
[2019-12-09T02:38:02.955+0000][1][safepoint    ] Application time: 1.0000745 seconds
[2019-12-09T02:38:02.955+0000][1][safepoint    ] Entering safepoint region: Cleanup
[2019-12-09T02:38:02.955+0000][1][safepoint    ] Leaving safepoint region
[2019-12-09T02:38:02.955+0000][1][safepoint    ] Total time for which application threads were stopped: 0.0000745 seconds, Stopping threads took: 0.0000156 seconds
[2019-12-09T02:38:03.955+0000][1][safepoint    ] Application time: 1.0000774 seconds
[2019-12-09T02:38:03.955+0000][1][safepoint    ] Entering safepoint region: Cleanup
[2019-12-09T02:38:03.955+0000][1][safepoint    ] Leaving safepoint region
[2019-12-09T02:38:03.955+0000][1][safepoint    ] Total time for which application threads were stopped: 0.0000728 seconds, Stopping threads took: 0.0000155 seconds
[2019-12-09T02:38:04.955+0000][1][safepoint    ] Application time: 1.0000951 seconds
[2019-12-09T02:38:04.956+0000][1][safepoint    ] Entering safepoint region: Cleanup
[2019-12-09T02:38:04.956+0000][1][safepoint    ] Leaving safepoint region
[2019-12-09T02:38:04.956+0000][1][safepoint    ] Total time for which application threads were stopped: 0.0001057 seconds, Stopping threads took: 0.0000218 seconds
[2019-12-09T02:38:05.956+0000][1][safepoint    ] Application time: 1.0000896 seconds
[2019-12-09T02:38:05.956+0000][1][safepoint    ] Entering safepoint region: Cleanup
[2019-12-09T02:38:05.956+0000][1][safepoint    ] Leaving safepoint region
[2019-12-09T02:38:05.956+0000][1][safepoint    ] Total time for which application threads were stopped: 0.0000730 seconds, Stopping threads took: 0.0000154 seconds
[2019-12-09T02:38:06.851+0000][1][safepoint    ] Application time: 0.8952702 seconds
[2019-12-09T02:38:06.851+0000][1][safepoint    ] Entering safepoint region: GenCollectForAllocation
[2019-12-09T02:38:06.851+0000][1][gc,start     ] GC(26) Pause Young (Allocation Failure)
[2019-12-09T02:38:06.851+0000][1][gc,task      ] GC(26) Using 2 workers of 2 for evacuation
[2019-12-09T02:38:06.857+0000][1][gc,age       ] GC(26) Desired survivor size 4456448 bytes, new threshold 6 (max threshold 6)
[2019-12-09T02:38:06.857+0000][1][gc,age       ] GC(26) Age table with threshold 6 (max threshold 6)
[2019-12-09T02:38:06.857+0000][1][gc,age       ] GC(26) - age   1:      15480 bytes,      15480 total
[2019-12-09T02:38:06.857+0000][1][gc,age       ] GC(26) - age   2:      18056 bytes,      33536 total
[2019-12-09T02:38:06.857+0000][1][gc,age       ] GC(26) - age   3:    1860472 bytes,    1894008 total
[2019-12-09T02:38:06.857+0000][1][gc,heap      ] GC(26) ParNew: 75729K->2856K(78656K)
[2019-12-09T02:38:06.857+0000][1][gc,heap      ] GC(26) CMS: 68022K->68022K(174784K)
[2019-12-09T02:38:06.857+0000][1][gc,metaspace ] GC(26) Metaspace: 68837K->68837K(1112064K)
[2019-12-09T02:38:06.857+0000][1][gc           ] GC(26) Pause Young (Allocation Failure) 140M->69M(247M) 5.507ms
[2019-12-09T02:38:06.857+0000][1][gc,cpu       ] GC(26) User=0.02s Sys=0.00s Real=0.01s
[2019-12-09T02:38:06.857+0000][1][safepoint    ] Leaving safepoint region
[2019-12-09T02:38:06.857+0000][1][safepoint    ] Total time for which application threads were stopped: 0.0056515 seconds, Stopping threads took: 0.0000157 seconds
[2019-12-09T02:38:07.857+0000][1][safepoint    ] Application time: 1.0000841 seconds
[2019-12-09T02:38:07.857+0000][1][safepoint    ] Entering safepoint region: Cleanup
[2019-12-09T02:38:07.857+0000][1][safepoint    ] Leaving safepoint region
[2019-12-09T02:38:07.857+0000][1][safepoint    ] Total time for which application threads were stopped: 0.0000761 seconds, Stopping threads took: 0.0000160 seconds
[2019-12-09T02:38:08.857+0000][1][safepoint    ] Application time: 1.0000765 seconds
[2019-12-09T02:38:08.857+0000][1][safepoint    ] Entering safepoint region: Cleanup
[2019-12-09T02:38:08.857+0000][1][safepoint    ] Leaving safepoint region
[2019-12-09T02:38:08.857+0000][1][safepoint    ] Total time for which application threads were stopped: 0.0000831 seconds, Stopping threads took: 0.0000243 seconds
[2019-12-09T02:38:09.857+0000][1][safepoint    ] Application time: 1.0000827 seconds
[2019-12-09T02:38:09.857+0000][1][safepoint    ] Entering safepoint region: Cleanup
[2019-12-09T02:38:09.857+0000][1][safepoint    ] Leaving safepoint region
[2019-12-09T02:38:09.857+0000][1][safepoint    ] Total time for which application threads were stopped: 0.0000908 seconds, Stopping threads took: 0.0000185 seconds
[2019-12-09T02:38:10.857+0000][1][safepoint    ] Application time: 1.0000846 seconds
[2019-12-09T02:38:10.858+0000][1][safepoint    ] Entering safepoint region: Cleanup
[2019-12-09T02:38:10.858+0000][1][safepoint    ] Leaving safepoint region
[2019-12-09T02:38:10.858+0000][1][safepoint    ] Total time for which application threads were stopped: 0.0000879 seconds, Stopping threads took: 0.0000229 seconds
[2019-12-09T02:38:11.858+0000][1][safepoint    ] Application time: 1.0000939 seconds
[2019-12-09T02:38:11.858+0000][1][safepoint    ] Entering safepoint region: Cleanup
[2019-12-09T02:38:11.858+0000][1][safepoint    ] Leaving safepoint region
[2019-12-09T02:38:11.858+0000][1][safepoint    ] Total time for which application threads were stopped: 0.0001167 seconds, Stopping threads took: 0.0000466 seconds
[2019-12-09T02:38:12.858+0000][1][safepoint    ] Application time: 1.0000865 seconds
[2019-12-09T02:38:12.858+0000][1][safepoint    ] Entering safepoint region: Cleanup
[2019-12-09T02:38:12.858+0000][1][safepoint    ] Leaving safepoint region
[2019-12-09T02:38:12.858+0000][1][safepoint    ] Total time for which application threads were stopped: 0.0000733 seconds, Stopping threads took: 0.0000159 seconds
[2019-12-09T02:38:13.858+0000][1][safepoint    ] Application time: 1.0000766 seconds
[2019-12-09T02:38:13.858+0000][1][safepoint    ] Entering safepoint region: Cleanup
[2019-12-09T02:38:13.858+0000][1][safepoint    ] Leaving safepoint region
[2019-12-09T02:38:13.858+0000][1][safepoint    ] Total time for which application threads were stopped: 0.0000716 seconds, Stopping threads took: 0.0000156 seconds
[2019-12-09T02:38:14.858+0000][1][safepoint    ] Application time: 1.0000752 seconds
[2019-12-09T02:38:14.858+0000][1][safepoint    ] Entering safepoint region: Cleanup
[2019-12-09T02:38:14.858+0000][1][safepoint    ] Leaving safepoint region
[2019-12-09T02:38:14.858+0000][1][safepoint    ] Total time for which application threads were stopped: 0.0000708 seconds, Stopping threads took: 0.0000157 seconds
[2019-12-09T02:38:15.859+0000][1][safepoint    ] Application time: 1.0000776 seconds
[2019-12-09T02:38:15.859+0000][1][safepoint    ] Entering safepoint region: Cleanup
[2019-12-09T02:38:15.859+0000][1][safepoint    ] Leaving safepoint region
[2019-12-09T02:38:15.859+0000][1][safepoint    ] Total time for which application threads were stopped: 0.0000751 seconds, Stopping threads took: 0.0000148 seconds
[2019-12-09T02:38:16.859+0000][1][safepoint    ] Application time: 1.0000745 seconds
[2019-12-09T02:38:16.859+0000][1][safepoint    ] Entering safepoint region: Cleanup
[2019-12-09T02:38:16.859+0000][1][safepoint    ] Leaving safepoint region
[2019-12-09T02:38:16.859+0000][1][safepoint    ] Total time for which application threads were stopped: 0.0000839 seconds, Stopping threads took: 0.0000155 seconds
[2019-12-09T02:38:17.859+0000][1][safepoint    ] Application time: 1.0000764 seconds
[2019-12-09T02:38:17.859+0000][1][safepoint    ] Entering safepoint region: Cleanup
[2019-12-09T02:38:17.859+0000][1][safepoint    ] Leaving safepoint region
[2019-12-09T02:38:17.859+0000][1][safepoint    ] Total time for which application threads were stopped: 0.0000723 seconds, Stopping threads took: 0.0000161 seconds
[2019-12-09T02:38:18.859+0000][1][safepoint    ] Application time: 1.0000757 seconds
[2019-12-09T02:38:18.859+0000][1][safepoint    ] Entering safepoint region: Cleanup
[2019-12-09T02:38:18.859+0000][1][safepoint    ] Leaving safepoint region
[2019-12-09T02:38:18.859+0000][1][safepoint    ] Total time for which application threads were stopped: 0.0000764 seconds, Stopping threads took: 0.0000162 seconds
[2019-12-09T02:38:19.859+0000][1][safepoint    ] Application time: 1.0000760 seconds
[2019-12-09T02:38:19.859+0000][1][safepoint    ] Entering safepoint region: Cleanup
[2019-12-09T02:38:19.859+0000][1][safepoint    ] Leaving safepoint region
[2019-12-09T02:38:19.859+0000][1][safepoint    ] Total time for which application threads were stopped: 0.0000743 seconds, Stopping threads took: 0.0000155 seconds
[2019-12-09T02:38:20.860+0000][1][safepoint    ] Application time: 1.0000761 seconds
[2019-12-09T02:38:20.860+0000][1][safepoint    ] Entering safepoint region: Cleanup
[2019-12-09T02:38:20.860+0000][1][safepoint    ] Leaving safepoint region
[2019-12-09T02:38:20.860+0000][1][safepoint    ] Total time for which application threads were stopped: 0.0000796 seconds, Stopping threads took: 0.0000170 seconds
[2019-12-09T02:38:21.860+0000][1][safepoint    ] Application time: 1.0000756 seconds
[2019-12-09T02:38:21.860+0000][1][safepoint    ] Entering safepoint region: Cleanup
[2019-12-09T02:38:21.860+0000][1][safepoint    ] Leaving safepoint region
[2019-12-09T02:38:21.860+0000][1][safepoint    ] Total time for which application threads were stopped: 0.0000727 seconds, Stopping threads took: 0.0000173 seconds
[2019-12-09T02:38:22.860+0000][1][safepoint    ] Application time: 1.0000814 seconds
[2019-12-09T02:38:22.860+0000][1][safepoint    ] Entering safepoint region: Cleanup
[2019-12-09T02:38:22.860+0000][1][safepoint    ] Leaving safepoint region
[2019-12-09T02:38:22.860+0000][1][safepoint    ] Total time for which application threads were stopped: 0.0000728 seconds, Stopping threads took: 0.0000168 seconds
[2019-12-09T02:38:23.860+0000][1][safepoint    ] Application time: 1.0000775 seconds
[2019-12-09T02:38:23.860+0000][1][safepoint    ] Entering safepoint region: Cleanup
[2019-12-09T02:38:23.860+0000][1][safepoint    ] Leaving safepoint region
[2019-12-09T02:38:23.860+0000][1][safepoint    ] Total time for which application threads were stopped: 0.0000725 seconds, Stopping threads took: 0.0000161 seconds
[2019-12-09T02:38:24.860+0000][1][safepoint    ] Application time: 1.0000763 seconds
[2019-12-09T02:38:24.860+0000][1][safepoint    ] Entering safepoint region: Cleanup
[2019-12-09T02:38:24.860+0000][1][safepoint    ] Leaving safepoint region
[2019-12-09T02:38:24.860+0000][1][safepoint    ] Total time for which application threads were stopped: 0.0000886 seconds, Stopping threads took: 0.0000164 seconds
[2019-12-09T02:38:25.861+0000][1][safepoint    ] Application time: 1.0000755 seconds
[2019-12-09T02:38:25.861+0000][1][safepoint    ] Entering safepoint region: Cleanup
[2019-12-09T02:38:25.861+0000][1][safepoint    ] Leaving safepoint region
[2019-12-09T02:38:25.861+0000][1][safepoint    ] Total time for which application threads were stopped: 0.0000744 seconds, Stopping threads took: 0.0000170 seconds
[2019-12-09T02:38:26.861+0000][1][safepoint    ] Application time: 1.0000757 seconds
[2019-12-09T02:38:26.861+0000][1][safepoint    ] Entering safepoint region: Cleanup
[2019-12-09T02:38:26.861+0000][1][safepoint    ] Leaving safepoint region
[2019-12-09T02:38:26.861+0000][1][safepoint    ] Total time for which application threads were stopped: 0.0000752 seconds, Stopping threads took: 0.0000160 seconds
[2019-12-09T02:38:27.861+0000][1][safepoint    ] Application time: 1.0000749 seconds
[2019-12-09T02:38:27.861+0000][1][safepoint    ] Entering safepoint region: Cleanup
[2019-12-09T02:38:27.861+0000][1][safepoint    ] Leaving safepoint region
[2019-12-09T02:38:27.861+0000][1][safepoint    ] Total time for which application threads were stopped: 0.0000737 seconds, Stopping threads took: 0.0000164 seconds
[2019-12-09T02:38:28.861+0000][1][safepoint    ] Application time: 1.0000757 seconds
[2019-12-09T02:38:28.861+0000][1][safepoint    ] Entering safepoint region: Cleanup
[2019-12-09T02:38:28.861+0000][1][safepoint    ] Leaving safepoint region
[2019-12-09T02:38:28.861+0000][1][safepoint    ] Total time for which application threads were stopped: 0.0000748 seconds, Stopping threads took: 0.0000160 seconds
[2019-12-09T02:38:29.861+0000][1][safepoint    ] Application time: 1.0000759 seconds
[2019-12-09T02:38:29.861+0000][1][safepoint    ] Entering safepoint region: Cleanup
[2019-12-09T02:38:29.861+0000][1][safepoint    ] Leaving safepoint region
[2019-12-09T02:38:29.861+0000][1][safepoint    ] Total time for which application threads were stopped: 0.0000727 seconds, Stopping threads took: 0.0000152 seconds
[2019-12-09T02:38:30.861+0000][1][safepoint    ] Application time: 1.0000758 seconds
[2019-12-09T02:38:30.862+0000][1][safepoint    ] Entering safepoint region: Cleanup
[2019-12-09T02:38:30.862+0000][1][safepoint    ] Leaving safepoint region
[2019-12-09T02:38:30.862+0000][1][safepoint    ] Total time for which application threads were stopped: 0.0000733 seconds, Stopping threads took: 0.0000166 seconds
[2019-12-09T02:38:31.862+0000][1][safepoint    ] Application time: 1.0000799 seconds
[2019-12-09T02:38:31.862+0000][1][safepoint    ] Entering safepoint region: Cleanup
[2019-12-09T02:38:31.862+0000][1][safepoint    ] Leaving safepoint region
[2019-12-09T02:38:31.862+0000][1][safepoint    ] Total time for which application threads were stopped: 0.0000734 seconds, Stopping threads took: 0.0000160 seconds
[2019-12-09T02:38:32.862+0000][1][safepoint    ] Application time: 1.0000733 seconds
[2019-12-09T02:38:32.862+0000][1][safepoint    ] Entering safepoint region: Cleanup
[2019-12-09T02:38:32.862+0000][1][safepoint    ] Leaving safepoint region
[2019-12-09T02:38:32.862+0000][1][safepoint    ] Total time for which application threads were stopped: 0.0000740 seconds, Stopping threads took: 0.0000148 seconds
[2019-12-09T02:38:33.862+0000][1][safepoint    ] Application time: 1.0000746 seconds
[2019-12-09T02:38:33.862+0000][1][safepoint    ] Entering safepoint region: Cleanup
[2019-12-09T02:38:33.862+0000][1][safepoint    ] Leaving safepoint region
[2019-12-09T02:38:33.862+0000][1][safepoint    ] Total time for which application threads were stopped: 0.0000787 seconds, Stopping threads took: 0.0000185 seconds
[2019-12-09T02:38:34.862+0000][1][safepoint    ] Application time: 1.0000754 seconds
[2019-12-09T02:38:34.862+0000][1][safepoint    ] Entering safepoint region: Cleanup
[2019-12-09T02:38:34.862+0000][1][safepoint    ] Leaving safepoint region
[2019-12-09T02:38:34.862+0000][1][safepoint    ] Total time for which application threads were stopped: 0.0000719 seconds, Stopping threads took: 0.0000151 seconds
[2019-12-09T02:38:35.862+0000][1][safepoint    ] Application time: 1.0000768 seconds
[2019-12-09T02:38:35.862+0000][1][safepoint    ] Entering safepoint region: Cleanup
[2019-12-09T02:38:35.863+0000][1][safepoint    ] Leaving safepoint region
[2019-12-09T02:38:35.863+0000][1][safepoint    ] Total time for which application threads were stopped: 0.0000729 seconds, Stopping threads took: 0.0000166 seconds
[2019-12-09T02:38:36.863+0000][1][safepoint    ] Application time: 1.0000753 seconds
[2019-12-09T02:38:36.863+0000][1][safepoint    ] Entering safepoint region: Cleanup
[2019-12-09T02:38:36.863+0000][1][safepoint    ] Leaving safepoint region
[2019-12-09T02:38:36.863+0000][1][safepoint    ] Total time for which application threads were stopped: 0.0000809 seconds, Stopping threads took: 0.0000183 seconds
[2019-12-09T02:38:37.863+0000][1][safepoint    ] Application time: 1.0000732 seconds
[2019-12-09T02:38:37.863+0000][1][safepoint    ] Entering safepoint region: Cleanup
[2019-12-09T02:38:37.863+0000][1][safepoint    ] Leaving safepoint region
[2019-12-09T02:38:37.863+0000][1][safepoint    ] Total time for which application threads were stopped: 0.0000740 seconds, Stopping threads took: 0.0000167 seconds
[2019-12-09T02:38:38.863+0000][1][safepoint    ] Application time: 1.0000816 seconds
[2019-12-09T02:38:38.863+0000][1][safepoint    ] Entering safepoint region: Cleanup
[2019-12-09T02:38:38.863+0000][1][safepoint    ] Leaving safepoint region
[2019-12-09T02:38:38.863+0000][1][safepoint    ] Total time for which application threads were stopped: 0.0000941 seconds, Stopping threads took: 0.0000219 seconds
[2019-12-09T02:38:39.863+0000][1][safepoint    ] Application time: 1.0000907 seconds
[2019-12-09T02:38:39.863+0000][1][safepoint    ] Entering safepoint region: Cleanup
[2019-12-09T02:38:39.863+0000][1][safepoint    ] Leaving safepoint region
[2019-12-09T02:38:39.863+0000][1][safepoint    ] Total time for which application threads were stopped: 0.0000773 seconds, Stopping threads took: 0.0000161 seconds
[2019-12-09T02:38:40.863+0000][1][safepoint    ] Application time: 1.0000757 seconds
[2019-12-09T02:38:40.864+0000][1][safepoint    ] Entering safepoint region: Cleanup
[2019-12-09T02:38:40.864+0000][1][safepoint    ] Leaving safepoint region
[2019-12-09T02:38:40.864+0000][1][safepoint    ] Total time for which application threads were stopped: 0.0000770 seconds, Stopping threads took: 0.0000153 seconds
[2019-12-09T02:38:41.864+0000][1][safepoint    ] Application time: 1.0000774 seconds
[2019-12-09T02:38:41.864+0000][1][safepoint    ] Entering safepoint region: Cleanup
[2019-12-09T02:38:41.864+0000][1][safepoint    ] Leaving safepoint region
[2019-12-09T02:38:41.864+0000][1][safepoint    ] Total time for which application threads were stopped: 0.0000718 seconds, Stopping threads took: 0.0000149 seconds
[2019-12-09T02:38:42.864+0000][1][safepoint    ] Application time: 1.0000753 seconds
[2019-12-09T02:38:42.864+0000][1][safepoint    ] Entering safepoint region: Cleanup
[2019-12-09T02:38:42.864+0000][1][safepoint    ] Leaving safepoint region
[2019-12-09T02:38:42.864+0000][1][safepoint    ] Total time for which application threads were stopped: 0.0000736 seconds, Stopping threads took: 0.0000150 seconds
[2019-12-09T02:38:43.864+0000][1][safepoint    ] Application time: 1.0000757 seconds
[2019-12-09T02:38:43.864+0000][1][safepoint    ] Entering safepoint region: Cleanup
[2019-12-09T02:38:43.864+0000][1][safepoint    ] Leaving safepoint region
[2019-12-09T02:38:43.864+0000][1][safepoint    ] Total time for which application threads were stopped: 0.0000729 seconds, Stopping threads took: 0.0000166 seconds
[2019-12-09T02:38:44.864+0000][1][safepoint    ] Application time: 1.0000772 seconds
[2019-12-09T02:38:44.864+0000][1][safepoint    ] Entering safepoint region: Cleanup
[2019-12-09T02:38:44.864+0000][1][safepoint    ] Leaving safepoint region
[2019-12-09T02:38:44.864+0000][1][safepoint    ] Total time for which application threads were stopped: 0.0000724 seconds, Stopping threads took: 0.0000160 seconds
[2019-12-09T02:38:45.864+0000][1][safepoint    ] Application time: 1.0000782 seconds
[2019-12-09T02:38:45.865+0000][1][safepoint    ] Entering safepoint region: Cleanup
[2019-12-09T02:38:45.865+0000][1][safepoint    ] Leaving safepoint region
[2019-12-09T02:38:45.865+0000][1][safepoint    ] Total time for which application threads were stopped: 0.0000729 seconds, Stopping threads took: 0.0000156 seconds
[2019-12-09T02:38:46.865+0000][1][safepoint    ] Application time: 1.0000755 seconds
[2019-12-09T02:38:46.865+0000][1][safepoint    ] Entering safepoint region: Cleanup
[2019-12-09T02:38:46.865+0000][1][safepoint    ] Leaving safepoint region
[2019-12-09T02:38:46.865+0000][1][safepoint    ] Total time for which application threads were stopped: 0.0000739 seconds, Stopping threads took: 0.0000170 seconds
[2019-12-09T02:38:47.865+0000][1][safepoint    ] Application time: 1.0000795 seconds
[2019-12-09T02:38:47.865+0000][1][safepoint    ] Entering safepoint region: Cleanup
[2019-12-09T02:38:47.865+0000][1][safepoint    ] Leaving safepoint region
[2019-12-09T02:38:47.865+0000][1][safepoint    ] Total time for which application threads were stopped: 0.0000841 seconds, Stopping threads took: 0.0000172 seconds
[2019-12-09T02:38:48.865+0000][1][safepoint    ] Application time: 1.0000825 seconds
[2019-12-09T02:38:48.865+0000][1][safepoint    ] Entering safepoint region: Cleanup
[2019-12-09T02:38:48.865+0000][1][safepoint    ] Leaving safepoint region
[2019-12-09T02:38:48.865+0000][1][safepoint    ] Total time for which application threads were stopped: 0.0001478 seconds, Stopping threads took: 0.0000532 seconds
[2019-12-09T02:38:49.865+0000][1][safepoint    ] Application time: 1.0000829 seconds
[2019-12-09T02:38:49.865+0000][1][safepoint    ] Entering safepoint region: Cleanup
[2019-12-09T02:38:49.865+0000][1][safepoint    ] Leaving safepoint region
[2019-12-09T02:38:49.865+0000][1][safepoint    ] Total time for which application threads were stopped: 0.0000799 seconds, Stopping threads took: 0.0000186 seconds
[2019-12-09T02:38:50.866+0000][1][safepoint    ] Application time: 1.0000765 seconds
[2019-12-09T02:38:50.866+0000][1][safepoint    ] Entering safepoint region: Cleanup
[2019-12-09T02:38:50.866+0000][1][safepoint    ] Leaving safepoint region
[2019-12-09T02:38:50.866+0000][1][safepoint    ] Total time for which application threads were stopped: 0.0000767 seconds, Stopping threads took: 0.0000174 seconds
[2019-12-09T02:38:51.866+0000][1][safepoint    ] Application time: 1.0000850 seconds
[2019-12-09T02:38:51.866+0000][1][safepoint    ] Entering safepoint region: Cleanup
[2019-12-09T02:38:51.866+0000][1][safepoint    ] Leaving safepoint region
[2019-12-09T02:38:51.866+0000][1][safepoint    ] Total time for which application threads were stopped: 0.0000746 seconds, Stopping threads took: 0.0000168 seconds
[2019-12-09T02:38:52.866+0000][1][safepoint    ] Application time: 1.0000755 seconds
[2019-12-09T02:38:52.866+0000][1][safepoint    ] Entering safepoint region: Cleanup
[2019-12-09T02:38:52.866+0000][1][safepoint    ] Leaving safepoint region
[2019-12-09T02:38:52.866+0000][1][safepoint    ] Total time for which application threads were stopped: 0.0000772 seconds, Stopping threads took: 0.0000173 seconds
[2019-12-09T02:38:53.866+0000][1][safepoint    ] Application time: 1.0000774 seconds
[2019-12-09T02:38:53.866+0000][1][safepoint    ] Entering safepoint region: Cleanup
[2019-12-09T02:38:53.866+0000][1][safepoint    ] Leaving safepoint region
[2019-12-09T02:38:53.866+0000][1][safepoint    ] Total time for which application threads were stopped: 0.0000777 seconds, Stopping threads took: 0.0000178 seconds
[2019-12-09T02:38:54.866+0000][1][safepoint    ] Application time: 1.0000755 seconds
[2019-12-09T02:38:54.866+0000][1][safepoint    ] Entering safepoint region: Cleanup
[2019-12-09T02:38:54.866+0000][1][safepoint    ] Leaving safepoint region
[2019-12-09T02:38:54.866+0000][1][safepoint    ] Total time for which application threads were stopped: 0.0000767 seconds, Stopping threads took: 0.0000174 seconds
[2019-12-09T02:38:55.867+0000][1][safepoint    ] Application time: 1.0000758 seconds
[2019-12-09T02:38:55.867+0000][1][safepoint    ] Entering safepoint region: Cleanup
[2019-12-09T02:38:55.867+0000][1][safepoint    ] Leaving safepoint region
[2019-12-09T02:38:55.867+0000][1][safepoint    ] Total time for which application threads were stopped: 0.0000766 seconds, Stopping threads took: 0.0000172 seconds
[2019-12-09T02:38:56.867+0000][1][safepoint    ] Application time: 1.0000742 seconds
[2019-12-09T02:38:56.867+0000][1][safepoint    ] Entering safepoint region: Cleanup
[2019-12-09T02:38:56.867+0000][1][safepoint    ] Leaving safepoint region
[2019-12-09T02:38:56.867+0000][1][safepoint    ] Total time for which application threads were stopped: 0.0000753 seconds, Stopping threads took: 0.0000166 seconds
[2019-12-09T02:38:57.867+0000][1][safepoint    ] Application time: 1.0000763 seconds
[2019-12-09T02:38:57.867+0000][1][safepoint    ] Entering safepoint region: Cleanup
[2019-12-09T02:38:57.867+0000][1][safepoint    ] Leaving safepoint region
[2019-12-09T02:38:57.867+0000][1][safepoint    ] Total time for which application threads were stopped: 0.0000756 seconds, Stopping threads took: 0.0000170 seconds
[2019-12-09T02:38:58.867+0000][1][safepoint    ] Application time: 1.0000760 seconds
[2019-12-09T02:38:58.867+0000][1][safepoint    ] Entering safepoint region: Cleanup
[2019-12-09T02:38:58.867+0000][1][safepoint    ] Leaving safepoint region
[2019-12-09T02:38:58.867+0000][1][safepoint    ] Total time for which application threads were stopped: 0.0000759 seconds, Stopping threads took: 0.0000178 seconds
[2019-12-09T02:38:59.867+0000][1][safepoint    ] Application time: 1.0000756 seconds
[2019-12-09T02:38:59.867+0000][1][safepoint    ] Entering safepoint region: Cleanup
[2019-12-09T02:38:59.867+0000][1][safepoint    ] Leaving safepoint region
[2019-12-09T02:38:59.867+0000][1][safepoint    ] Total time for which application threads were stopped: 0.0000747 seconds, Stopping threads took: 0.0000161 seconds
[2019-12-09T02:39:00.868+0000][1][safepoint    ] Application time: 1.0000769 seconds
[2019-12-09T02:39:00.868+0000][1][safepoint    ] Entering safepoint region: Cleanup
[2019-12-09T02:39:00.868+0000][1][safepoint    ] Leaving safepoint region
[2019-12-09T02:39:00.868+0000][1][safepoint    ] Total time for which application threads were stopped: 0.0000764 seconds, Stopping threads took: 0.0000174 seconds
[2019-12-09T02:39:01.868+0000][1][safepoint    ] Application time: 1.0000767 seconds
[2019-12-09T02:39:01.868+0000][1][safepoint    ] Entering safepoint region: Cleanup
[2019-12-09T02:39:01.868+0000][1][safepoint    ] Leaving safepoint region
[2019-12-09T02:39:01.868+0000][1][safepoint    ] Total time for which application threads were stopped: 0.0000820 seconds, Stopping threads took: 0.0000173 seconds
[2019-12-09T02:39:02.868+0000][1][safepoint    ] Application time: 1.0000764 seconds
[2019-12-09T02:39:02.868+0000][1][safepoint    ] Entering safepoint region: Cleanup
[2019-12-09T02:39:02.868+0000][1][safepoint    ] Leaving safepoint region
[2019-12-09T02:39:02.868+0000][1][safepoint    ] Total time for which application threads were stopped: 0.0000777 seconds, Stopping threads took: 0.0000175 seconds
[2019-12-09T02:39:03.868+0000][1][safepoint    ] Application time: 1.0000757 seconds
[2019-12-09T02:39:03.868+0000][1][safepoint    ] Entering safepoint region: Cleanup
[2019-12-09T02:39:03.868+0000][1][safepoint    ] Leaving safepoint region
[2019-12-09T02:39:03.868+0000][1][safepoint    ] Total time for which application threads were stopped: 0.0000761 seconds, Stopping threads took: 0.0000178 seconds
[2019-12-09T02:39:04.868+0000][1][safepoint    ] Application time: 1.0000768 seconds
[2019-12-09T02:39:04.868+0000][1][safepoint    ] Entering safepoint region: Cleanup
[2019-12-09T02:39:04.868+0000][1][safepoint    ] Leaving safepoint region
[2019-12-09T02:39:04.868+0000][1][safepoint    ] Total time for which application threads were stopped: 0.0000782 seconds, Stopping threads took: 0.0000175 seconds
[2019-12-09T02:39:05.869+0000][1][safepoint    ] Application time: 1.0000760 seconds
[2019-12-09T02:39:05.869+0000][1][safepoint    ] Entering safepoint region: Cleanup
[2019-12-09T02:39:05.869+0000][1][safepoint    ] Leaving safepoint region
[2019-12-09T02:39:05.869+0000][1][safepoint    ] Total time for which application threads were stopped: 0.0000772 seconds, Stopping threads took: 0.0000177 seconds
[2019-12-09T02:39:06.869+0000][1][safepoint    ] Application time: 1.0000873 seconds
[2019-12-09T02:39:06.869+0000][1][safepoint    ] Entering safepoint region: Cleanup
[2019-12-09T02:39:06.869+0000][1][safepoint    ] Leaving safepoint region
[2019-12-09T02:39:06.869+0000][1][safepoint    ] Total time for which application threads were stopped: 0.0000791 seconds, Stopping threads took: 0.0000164 seconds
[2019-12-09T02:39:07.869+0000][1][safepoint    ] Application time: 1.0000767 seconds
[2019-12-09T02:39:07.869+0000][1][safepoint    ] Entering safepoint region: Cleanup
[2019-12-09T02:39:07.869+0000][1][safepoint    ] Leaving safepoint region
[2019-12-09T02:39:07.869+0000][1][safepoint    ] Total time for which application threads were stopped: 0.0000762 seconds, Stopping threads took: 0.0000172 seconds
[2019-12-09T02:39:08.869+0000][1][safepoint    ] Application time: 1.0000766 seconds
[2019-12-09T02:39:08.869+0000][1][safepoint    ] Entering safepoint region: Cleanup
[2019-12-09T02:39:08.869+0000][1][safepoint    ] Leaving safepoint region
[2019-12-09T02:39:08.869+0000][1][safepoint    ] Total time for which application threads were stopped: 0.0000738 seconds, Stopping threads took: 0.0000168 seconds
[2019-12-09T02:39:09.869+0000][1][safepoint    ] Application time: 1.0000763 seconds
[2019-12-09T02:39:09.869+0000][1][safepoint    ] Entering safepoint region: Cleanup
[2019-12-09T02:39:09.869+0000][1][safepoint    ] Leaving safepoint region
[2019-12-09T02:39:09.869+0000][1][safepoint    ] Total time for which application threads were stopped: 0.0000776 seconds, Stopping threads took: 0.0000179 seconds
[2019-12-09T02:39:10.870+0000][1][safepoint    ] Application time: 1.0000757 seconds
[2019-12-09T02:39:10.870+0000][1][safepoint    ] Entering safepoint region: Cleanup
[2019-12-09T02:39:10.870+0000][1][safepoint    ] Leaving safepoint region
[2019-12-09T02:39:10.870+0000][1][safepoint    ] Total time for which application threads were stopped: 0.0000845 seconds, Stopping threads took: 0.0000176 seconds
[2019-12-09T02:39:11.870+0000][1][safepoint    ] Application time: 1.0000770 seconds
[2019-12-09T02:39:11.870+0000][1][safepoint    ] Entering safepoint region: Cleanup
[2019-12-09T02:39:11.870+0000][1][safepoint    ] Leaving safepoint region
[2019-12-09T02:39:11.870+0000][1][safepoint    ] Total time for which application threads were stopped: 0.0000784 seconds, Stopping threads took: 0.0000196 seconds
[2019-12-09T02:39:12.870+0000][1][safepoint    ] Application time: 1.0000778 seconds
[2019-12-09T02:39:12.870+0000][1][safepoint    ] Entering safepoint region: Cleanup
[2019-12-09T02:39:12.870+0000][1][safepoint    ] Leaving safepoint region
[2019-12-09T02:39:12.870+0000][1][safepoint    ] Total time for which application threads were stopped: 0.0000834 seconds, Stopping threads took: 0.0000186 seconds
[2019-12-09T02:39:13.870+0000][1][safepoint    ] Application time: 1.0000775 seconds
[2019-12-09T02:39:13.870+0000][1][safepoint    ] Entering safepoint region: Cleanup
[2019-12-09T02:39:13.870+0000][1][safepoint    ] Leaving safepoint region
[2019-12-09T02:39:13.870+0000][1][safepoint    ] Total time for which application threads were stopped: 0.0000955 seconds, Stopping threads took: 0.0000249 seconds
[2019-12-09T02:39:14.870+0000][1][safepoint    ] Application time: 1.0000757 seconds
[2019-12-09T02:39:14.870+0000][1][safepoint    ] Entering safepoint region: Cleanup
[2019-12-09T02:39:14.871+0000][1][safepoint    ] Leaving safepoint region
[2019-12-09T02:39:14.871+0000][1][safepoint    ] Total time for which application threads were stopped: 0.0000758 seconds, Stopping threads took: 0.0000177 seconds
[2019-12-09T02:39:15.871+0000][1][safepoint    ] Application time: 1.0000769 seconds
[2019-12-09T02:39:15.871+0000][1][safepoint    ] Entering safepoint region: Cleanup
[2019-12-09T02:39:15.871+0000][1][safepoint    ] Leaving safepoint region
[2019-12-09T02:39:15.871+0000][1][safepoint    ] Total time for which application threads were stopped: 0.0000929 seconds, Stopping threads took: 0.0000178 seconds
[2019-12-09T02:39:16.871+0000][1][safepoint    ] Application time: 1.0000749 seconds
[2019-12-09T02:39:16.871+0000][1][safepoint    ] Entering safepoint region: Cleanup
[2019-12-09T02:39:16.871+0000][1][safepoint    ] Leaving safepoint region
[2019-12-09T02:39:16.871+0000][1][safepoint    ] Total time for which application threads were stopped: 0.0000761 seconds, Stopping threads took: 0.0000176 seconds
[2019-12-09T02:39:17.871+0000][1][safepoint    ] Application time: 1.0000760 seconds
[2019-12-09T02:39:17.871+0000][1][safepoint    ] Entering safepoint region: Cleanup
[2019-12-09T02:39:17.871+0000][1][safepoint    ] Leaving safepoint region
[2019-12-09T02:39:17.871+0000][1][safepoint    ] Total time for which application threads were stopped: 0.0000817 seconds, Stopping threads took: 0.0000168 seconds
[2019-12-09T02:39:18.871+0000][1][safepoint    ] Application time: 1.0000743 seconds
[2019-12-09T02:39:18.871+0000][1][safepoint    ] Entering safepoint region: Cleanup
[2019-12-09T02:39:18.871+0000][1][safepoint    ] Leaving safepoint region
[2019-12-09T02:39:18.871+0000][1][safepoint    ] Total time for which application threads were stopped: 0.0000806 seconds, Stopping threads took: 0.0000203 seconds
[2019-12-09T02:39:19.871+0000][1][safepoint    ] Application time: 1.0000749 seconds
[2019-12-09T02:39:19.871+0000][1][safepoint    ] Entering safepoint region: Cleanup
[2019-12-09T02:39:19.872+0000][1][safepoint    ] Leaving safepoint region
[2019-12-09T02:39:19.872+0000][1][safepoint    ] Total time for which application threads were stopped: 0.0000790 seconds, Stopping threads took: 0.0000179 seconds
[2019-12-09T02:39:20.872+0000][1][safepoint    ] Application time: 1.0000764 seconds
[2019-12-09T02:39:20.872+0000][1][safepoint    ] Entering safepoint region: Cleanup
[2019-12-09T02:39:20.872+0000][1][safepoint    ] Leaving safepoint region
[2019-12-09T02:39:20.872+0000][1][safepoint    ] Total time for which application threads were stopped: 0.0000942 seconds, Stopping threads took: 0.0000162 seconds
[2019-12-09T02:39:21.872+0000][1][safepoint    ] Application time: 1.0000781 seconds
[2019-12-09T02:39:21.872+0000][1][safepoint    ] Entering safepoint region: Cleanup
[2019-12-09T02:39:21.872+0000][1][safepoint    ] Leaving safepoint region
[2019-12-09T02:39:21.872+0000][1][safepoint    ] Total time for which application threads were stopped: 0.0000779 seconds, Stopping threads took: 0.0000175 seconds
[2019-12-09T02:39:22.872+0000][1][safepoint    ] Application time: 1.0000796 seconds
[2019-12-09T02:39:22.872+0000][1][safepoint    ] Entering safepoint region: Cleanup
[2019-12-09T02:39:22.872+0000][1][safepoint    ] Leaving safepoint region
[2019-12-09T02:39:22.872+0000][1][safepoint    ] Total time for which application threads were stopped: 0.0000774 seconds, Stopping threads took: 0.0000172 seconds
[2019-12-09T02:39:23.872+0000][1][safepoint    ] Application time: 1.0000780 seconds
[2019-12-09T02:39:23.872+0000][1][safepoint    ] Entering safepoint region: Cleanup
[2019-12-09T02:39:23.872+0000][1][safepoint    ] Leaving safepoint region
[2019-12-09T02:39:23.872+0000][1][safepoint    ] Total time for which application threads were stopped: 0.0000773 seconds, Stopping threads took: 0.0000175 seconds
[2019-12-09T02:39:24.872+0000][1][safepoint    ] Application time: 1.0000798 seconds
[2019-12-09T02:39:24.872+0000][1][safepoint    ] Entering safepoint region: Cleanup
[2019-12-09T02:39:24.873+0000][1][safepoint    ] Leaving safepoint region
[2019-12-09T02:39:24.873+0000][1][safepoint    ] Total time for which application threads were stopped: 0.0000791 seconds, Stopping threads took: 0.0000179 seconds
[2019-12-09T02:39:25.873+0000][1][safepoint    ] Application time: 1.0000807 seconds
[2019-12-09T02:39:25.873+0000][1][safepoint    ] Entering safepoint region: Cleanup
[2019-12-09T02:39:25.873+0000][1][safepoint    ] Leaving safepoint region
[2019-12-09T02:39:25.873+0000][1][safepoint    ] Total time for which application threads were stopped: 0.0001121 seconds, Stopping threads took: 0.0000485 seconds
[2019-12-09T02:39:26.873+0000][1][safepoint    ] Application time: 1.0000797 seconds
[2019-12-09T02:39:26.873+0000][1][safepoint    ] Entering safepoint region: Cleanup
[2019-12-09T02:39:26.873+0000][1][safepoint    ] Leaving safepoint region
[2019-12-09T02:39:26.873+0000][1][safepoint    ] Total time for which application threads were stopped: 0.0000815 seconds, Stopping threads took: 0.0000180 seconds
[2019-12-09T02:39:27.873+0000][1][safepoint    ] Application time: 1.0000783 seconds
[2019-12-09T02:39:27.873+0000][1][safepoint    ] Entering safepoint region: Cleanup
[2019-12-09T02:39:27.873+0000][1][safepoint    ] Leaving safepoint region
[2019-12-09T02:39:27.873+0000][1][safepoint    ] Total time for which application threads were stopped: 0.0000913 seconds, Stopping threads took: 0.0000179 seconds
[2019-12-09T02:39:28.873+0000][1][safepoint    ] Application time: 1.0000757 seconds
[2019-12-09T02:39:28.873+0000][1][safepoint    ] Entering safepoint region: Cleanup
[2019-12-09T02:39:28.873+0000][1][safepoint    ] Leaving safepoint region
[2019-12-09T02:39:28.873+0000][1][safepoint    ] Total time for which application threads were stopped: 0.0000769 seconds, Stopping threads took: 0.0000175 seconds
[2019-12-09T02:39:29.873+0000][1][safepoint    ] Application time: 1.0000759 seconds
[2019-12-09T02:39:29.874+0000][1][safepoint    ] Entering safepoint region: Cleanup
[2019-12-09T02:39:29.874+0000][1][safepoint    ] Leaving safepoint region
[2019-12-09T02:39:29.874+0000][1][safepoint    ] Total time for which application threads were stopped: 0.0000771 seconds, Stopping threads took: 0.0000189 seconds
[2019-12-09T02:39:30.874+0000][1][safepoint    ] Application time: 1.0000849 seconds
[2019-12-09T02:39:30.874+0000][1][safepoint    ] Entering safepoint region: Cleanup
[2019-12-09T02:39:30.874+0000][1][safepoint    ] Leaving safepoint region
[2019-12-09T02:39:30.874+0000][1][safepoint    ] Total time for which application threads were stopped: 0.0000789 seconds, Stopping threads took: 0.0000184 seconds
[2019-12-09T02:39:31.874+0000][1][safepoint    ] Application time: 1.0000783 seconds
[2019-12-09T02:39:31.874+0000][1][safepoint    ] Entering safepoint region: Cleanup
[2019-12-09T02:39:31.874+0000][1][safepoint    ] Leaving safepoint region
[2019-12-09T02:39:31.874+0000][1][safepoint    ] Total time for which application threads were stopped: 0.0000765 seconds, Stopping threads took: 0.0000173 seconds
[2019-12-09T02:39:32.874+0000][1][safepoint    ] Application time: 1.0000766 seconds
[2019-12-09T02:39:32.874+0000][1][safepoint    ] Entering safepoint region: Cleanup
[2019-12-09T02:39:32.874+0000][1][safepoint    ] Leaving safepoint region
[2019-12-09T02:39:32.874+0000][1][safepoint    ] Total time for which application threads were stopped: 0.0000768 seconds, Stopping threads took: 0.0000169 seconds
[2019-12-09T02:39:33.874+0000][1][safepoint    ] Application time: 1.0000763 seconds
[2019-12-09T02:39:33.874+0000][1][safepoint    ] Entering safepoint region: Cleanup
[2019-12-09T02:39:33.874+0000][1][safepoint    ] Leaving safepoint region
[2019-12-09T02:39:33.874+0000][1][safepoint    ] Total time for which application threads were stopped: 0.0000813 seconds, Stopping threads took: 0.0000169 seconds
[2019-12-09T02:39:34.874+0000][1][safepoint    ] Application time: 1.0000750 seconds
[2019-12-09T02:39:34.875+0000][1][safepoint    ] Entering safepoint region: Cleanup
[2019-12-09T02:39:34.875+0000][1][safepoint    ] Leaving safepoint region
[2019-12-09T02:39:34.875+0000][1][safepoint    ] Total time for which application threads were stopped: 0.0000814 seconds, Stopping threads took: 0.0000178 seconds
[2019-12-09T02:39:35.875+0000][1][safepoint    ] Application time: 1.0000804 seconds
[2019-12-09T02:39:35.875+0000][1][safepoint    ] Entering safepoint region: Cleanup
[2019-12-09T02:39:35.875+0000][1][safepoint    ] Leaving safepoint region
[2019-12-09T02:39:35.875+0000][1][safepoint    ] Total time for which application threads were stopped: 0.0000911 seconds, Stopping threads took: 0.0000305 seconds
[2019-12-09T02:39:36.875+0000][1][safepoint    ] Application time: 1.0000760 seconds
[2019-12-09T02:39:36.875+0000][1][safepoint    ] Entering safepoint region: Cleanup
[2019-12-09T02:39:36.875+0000][1][safepoint    ] Leaving safepoint region
[2019-12-09T02:39:36.875+0000][1][safepoint    ] Total time for which application threads were stopped: 0.0000909 seconds, Stopping threads took: 0.0000229 seconds
[2019-12-09T02:39:37.875+0000][1][safepoint    ] Application time: 1.0000773 seconds
[2019-12-09T02:39:37.875+0000][1][safepoint    ] Entering safepoint region: Cleanup
[2019-12-09T02:39:37.875+0000][1][safepoint    ] Leaving safepoint region
[2019-12-09T02:39:37.875+0000][1][safepoint    ] Total time for which application threads were stopped: 0.0000759 seconds, Stopping threads took: 0.0000178 seconds
[2019-12-09T02:39:38.875+0000][1][safepoint    ] Application time: 1.0000771 seconds
[2019-12-09T02:39:38.875+0000][1][safepoint    ] Entering safepoint region: Cleanup
[2019-12-09T02:39:38.875+0000][1][safepoint    ] Leaving safepoint region
[2019-12-09T02:39:38.875+0000][1][safepoint    ] Total time for which application threads were stopped: 0.0000770 seconds, Stopping threads took: 0.0000175 seconds
[2019-12-09T02:39:39.876+0000][1][safepoint    ] Application time: 1.0000762 seconds
[2019-12-09T02:39:39.876+0000][1][safepoint    ] Entering safepoint region: Cleanup
[2019-12-09T02:39:39.876+0000][1][safepoint    ] Leaving safepoint region
[2019-12-09T02:39:39.876+0000][1][safepoint    ] Total time for which application threads were stopped: 0.0000810 seconds, Stopping threads took: 0.0000176 seconds
[2019-12-09T02:39:40.876+0000][1][safepoint    ] Application time: 1.0000770 seconds
[2019-12-09T02:39:40.876+0000][1][safepoint    ] Entering safepoint region: Cleanup
[2019-12-09T02:39:40.876+0000][1][safepoint    ] Leaving safepoint region
[2019-12-09T02:39:40.876+0000][1][safepoint    ] Total time for which application threads were stopped: 0.0000827 seconds, Stopping threads took: 0.0000182 seconds
[2019-12-09T02:39:41.876+0000][1][safepoint    ] Application time: 1.0000762 seconds
[2019-12-09T02:39:41.876+0000][1][safepoint    ] Entering safepoint region: Cleanup
[2019-12-09T02:39:41.876+0000][1][safepoint    ] Leaving safepoint region
[2019-12-09T02:39:41.876+0000][1][safepoint    ] Total time for which application threads were stopped: 0.0000815 seconds, Stopping threads took: 0.0000170 seconds
[2019-12-09T02:39:42.876+0000][1][safepoint    ] Application time: 1.0000762 seconds
[2019-12-09T02:39:42.876+0000][1][safepoint    ] Entering safepoint region: Cleanup
[2019-12-09T02:39:42.876+0000][1][safepoint    ] Leaving safepoint region
[2019-12-09T02:39:42.876+0000][1][safepoint    ] Total time for which application threads were stopped: 0.0000778 seconds, Stopping threads took: 0.0000177 seconds
[2019-12-09T02:39:43.876+0000][1][safepoint    ] Application time: 1.0000757 seconds
[2019-12-09T02:39:43.876+0000][1][safepoint    ] Entering safepoint region: Cleanup
[2019-12-09T02:39:43.876+0000][1][safepoint    ] Leaving safepoint region
[2019-12-09T02:39:43.876+0000][1][safepoint    ] Total time for which application threads were stopped: 0.0000903 seconds, Stopping threads took: 0.0000252 seconds
[2019-12-09T02:39:44.877+0000][1][safepoint    ] Application time: 1.0000756 seconds
[2019-12-09T02:39:44.877+0000][1][safepoint    ] Entering safepoint region: Cleanup
[2019-12-09T02:39:44.877+0000][1][safepoint    ] Leaving safepoint region
[2019-12-09T02:39:44.877+0000][1][safepoint    ] Total time for which application threads were stopped: 0.0000767 seconds, Stopping threads took: 0.0000175 seconds
[2019-12-09T02:39:45.877+0000][1][safepoint    ] Application time: 1.0000786 seconds
[2019-12-09T02:39:45.877+0000][1][safepoint    ] Entering safepoint region: Cleanup
[2019-12-09T02:39:45.877+0000][1][safepoint    ] Leaving safepoint region
[2019-12-09T02:39:45.877+0000][1][safepoint    ] Total time for which application threads were stopped: 0.0000781 seconds, Stopping threads took: 0.0000170 seconds
[2019-12-09T02:39:46.877+0000][1][safepoint    ] Application time: 1.0000759 seconds
[2019-12-09T02:39:46.877+0000][1][safepoint    ] Entering safepoint region: Cleanup
[2019-12-09T02:39:46.877+0000][1][safepoint    ] Leaving safepoint region
[2019-12-09T02:39:46.877+0000][1][safepoint    ] Total time for which application threads were stopped: 0.0000759 seconds, Stopping threads took: 0.0000168 seconds
[2019-12-09T02:39:47.877+0000][1][safepoint    ] Application time: 1.0000743 seconds
[2019-12-09T02:39:47.877+0000][1][safepoint    ] Entering safepoint region: Cleanup
[2019-12-09T02:39:47.877+0000][1][safepoint    ] Leaving safepoint region
[2019-12-09T02:39:47.877+0000][1][safepoint    ] Total time for which application threads were stopped: 0.0000771 seconds, Stopping threads took: 0.0000178 seconds
[2019-12-09T02:39:48.877+0000][1][safepoint    ] Application time: 1.0000750 seconds
[2019-12-09T02:39:48.877+0000][1][safepoint    ] Entering safepoint region: Cleanup
[2019-12-09T02:39:48.877+0000][1][safepoint    ] Leaving safepoint region
[2019-12-09T02:39:48.877+0000][1][safepoint    ] Total time for which application threads were stopped: 0.0000765 seconds, Stopping threads took: 0.0000172 seconds
[2019-12-09T02:39:49.878+0000][1][safepoint    ] Application time: 1.0000766 seconds
[2019-12-09T02:39:49.878+0000][1][safepoint    ] Entering safepoint region: Cleanup
[2019-12-09T02:39:49.878+0000][1][safepoint    ] Leaving safepoint region
[2019-12-09T02:39:49.878+0000][1][safepoint    ] Total time for which application threads were stopped: 0.0000768 seconds, Stopping threads took: 0.0000171 seconds
[2019-12-09T02:39:50.878+0000][1][safepoint    ] Application time: 1.0000775 seconds
[2019-12-09T02:39:50.878+0000][1][safepoint    ] Entering safepoint region: Cleanup
[2019-12-09T02:39:50.878+0000][1][safepoint    ] Leaving safepoint region
[2019-12-09T02:39:50.878+0000][1][safepoint    ] Total time for which application threads were stopped: 0.0000776 seconds, Stopping threads took: 0.0000185 seconds
[2019-12-09T02:39:51.878+0000][1][safepoint    ] Application time: 1.0000767 seconds
[2019-12-09T02:39:51.878+0000][1][safepoint    ] Entering safepoint region: Cleanup
[2019-12-09T02:39:51.878+0000][1][safepoint    ] Leaving safepoint region
[2019-12-09T02:39:51.878+0000][1][safepoint    ] Total time for which application threads were stopped: 0.0000775 seconds, Stopping threads took: 0.0000179 seconds
[2019-12-09T02:39:52.878+0000][1][safepoint    ] Application time: 1.0000770 seconds
[2019-12-09T02:39:52.878+0000][1][safepoint    ] Entering safepoint region: Cleanup
[2019-12-09T02:39:52.878+0000][1][safepoint    ] Leaving safepoint region
[2019-12-09T02:39:52.878+0000][1][safepoint    ] Total time for which application threads were stopped: 0.0000807 seconds, Stopping threads took: 0.0000180 seconds
[2019-12-09T02:39:53.878+0000][1][safepoint    ] Application time: 1.0000750 seconds
[2019-12-09T02:39:53.878+0000][1][safepoint    ] Entering safepoint region: Cleanup
[2019-12-09T02:39:53.878+0000][1][safepoint    ] Leaving safepoint region
[2019-12-09T02:39:53.878+0000][1][safepoint    ] Total time for which application threads were stopped: 0.0000782 seconds, Stopping threads took: 0.0000185 seconds
[2019-12-09T02:39:54.879+0000][1][safepoint    ] Application time: 1.0000762 seconds
[2019-12-09T02:39:54.879+0000][1][safepoint    ] Entering safepoint region: Cleanup
[2019-12-09T02:39:54.879+0000][1][safepoint    ] Leaving safepoint region
[2019-12-09T02:39:54.879+0000][1][safepoint    ] Total time for which application threads were stopped: 0.0000907 seconds, Stopping threads took: 0.0000245 seconds
[2019-12-09T02:39:55.879+0000][1][safepoint    ] Application time: 1.0000764 seconds
[2019-12-09T02:39:55.879+0000][1][safepoint    ] Entering safepoint region: Cleanup
[2019-12-09T02:39:55.879+0000][1][safepoint    ] Leaving safepoint region
[2019-12-09T02:39:55.879+0000][1][safepoint    ] Total time for which application threads were stopped: 0.0000776 seconds, Stopping threads took: 0.0000178 seconds
[2019-12-09T02:39:56.879+0000][1][safepoint    ] Application time: 1.0000763 seconds
[2019-12-09T02:39:56.879+0000][1][safepoint    ] Entering safepoint region: Cleanup
[2019-12-09T02:39:56.879+0000][1][safepoint    ] Leaving safepoint region
[2019-12-09T02:39:56.879+0000][1][safepoint    ] Total time for which application threads were stopped: 0.0000778 seconds, Stopping threads took: 0.0000185 seconds
[2019-12-09T02:39:57.879+0000][1][safepoint    ] Application time: 1.0000789 seconds
[2019-12-09T02:39:57.879+0000][1][safepoint    ] Entering safepoint region: Cleanup
[2019-12-09T02:39:57.879+0000][1][safepoint    ] Leaving safepoint region
[2019-12-09T02:39:57.879+0000][1][safepoint    ] Total time for which application threads were stopped: 0.0000769 seconds, Stopping threads took: 0.0000179 seconds
[2019-12-09T02:39:58.879+0000][1][safepoint    ] Application time: 1.0000766 seconds
[2019-12-09T02:39:58.879+0000][1][safepoint    ] Entering safepoint region: Cleanup
[2019-12-09T02:39:58.879+0000][1][safepoint    ] Leaving safepoint region
[2019-12-09T02:39:58.879+0000][1][safepoint    ] Total time for which application threads were stopped: 0.0000759 seconds, Stopping threads took: 0.0000165 seconds
[2019-12-09T02:39:59.880+0000][1][safepoint    ] Application time: 1.0000769 seconds
[2019-12-09T02:39:59.880+0000][1][safepoint    ] Entering safepoint region: Cleanup
[2019-12-09T02:39:59.880+0000][1][safepoint    ] Leaving safepoint region
[2019-12-09T02:39:59.880+0000][1][safepoint    ] Total time for which application threads were stopped: 0.0000726 seconds, Stopping threads took: 0.0000153 seconds
[2019-12-09T02:40:00.880+0000][1][safepoint    ] Application time: 1.0000827 seconds
[2019-12-09T02:40:00.880+0000][1][safepoint    ] Entering safepoint region: Cleanup
[2019-12-09T02:40:00.880+0000][1][safepoint    ] Leaving safepoint region
[2019-12-09T02:40:00.880+0000][1][safepoint    ] Total time for which application threads were stopped: 0.0000779 seconds, Stopping threads took: 0.0000181 seconds
[2019-12-09T02:40:01.880+0000][1][safepoint    ] Application time: 1.0000800 seconds
[2019-12-09T02:40:01.880+0000][1][safepoint    ] Entering safepoint region: Cleanup
[2019-12-09T02:40:01.880+0000][1][safepoint    ] Leaving safepoint region
[2019-12-09T02:40:01.880+0000][1][safepoint    ] Total time for which application threads were stopped: 0.0000809 seconds, Stopping threads took: 0.0000186 seconds
[2019-12-09T02:40:02.880+0000][1][safepoint    ] Application time: 1.0000765 seconds
[2019-12-09T02:40:02.880+0000][1][safepoint    ] Entering safepoint region: Cleanup
[2019-12-09T02:40:02.880+0000][1][safepoint    ] Leaving safepoint region
[2019-12-09T02:40:02.880+0000][1][safepoint    ] Total time for which application threads were stopped: 0.0000777 seconds, Stopping threads took: 0.0000190 seconds
[2019-12-09T02:40:03.880+0000][1][safepoint    ] Application time: 1.0000760 seconds
[2019-12-09T02:40:03.880+0000][1][safepoint    ] Entering safepoint region: Cleanup
[2019-12-09T02:40:03.880+0000][1][safepoint    ] Leaving safepoint region
[2019-12-09T02:40:03.880+0000][1][safepoint    ] Total time for which application threads were stopped: 0.0000743 seconds, Stopping threads took: 0.0000167 seconds
[2019-12-09T02:40:04.880+0000][1][safepoint    ] Application time: 1.0000753 seconds
[2019-12-09T02:40:04.881+0000][1][safepoint    ] Entering safepoint region: Cleanup
[2019-12-09T02:40:04.881+0000][1][safepoint    ] Leaving safepoint region
[2019-12-09T02:40:04.881+0000][1][safepoint    ] Total time for which application threads were stopped: 0.0001051 seconds, Stopping threads took: 0.0000334 seconds
[2019-12-09T02:40:05.881+0000][1][safepoint    ] Application time: 1.0000753 seconds
[2019-12-09T02:40:05.881+0000][1][safepoint    ] Entering safepoint region: Cleanup
[2019-12-09T02:40:05.881+0000][1][safepoint    ] Leaving safepoint region
[2019-12-09T02:40:05.881+0000][1][safepoint    ] Total time for which application threads were stopped: 0.0000733 seconds, Stopping threads took: 0.0000162 seconds
[2019-12-09T02:40:06.881+0000][1][safepoint    ] Application time: 1.0000767 seconds
[2019-12-09T02:40:06.881+0000][1][safepoint    ] Entering safepoint region: Cleanup
[2019-12-09T02:40:06.881+0000][1][safepoint    ] Leaving safepoint region
[2019-12-09T02:40:06.881+0000][1][safepoint    ] Total time for which application threads were stopped: 0.0000794 seconds, Stopping threads took: 0.0000184 seconds
[2019-12-09T02:40:07.881+0000][1][safepoint    ] Application time: 1.0000844 seconds
[2019-12-09T02:40:07.881+0000][1][safepoint    ] Entering safepoint region: Cleanup
[2019-12-09T02:40:07.881+0000][1][safepoint    ] Leaving safepoint region
[2019-12-09T02:40:07.881+0000][1][safepoint    ] Total time for which application threads were stopped: 0.0000769 seconds, Stopping threads took: 0.0000172 seconds
[2019-12-09T02:40:08.881+0000][1][safepoint    ] Application time: 1.0000768 seconds
[2019-12-09T02:40:08.881+0000][1][safepoint    ] Entering safepoint region: Cleanup
[2019-12-09T02:40:08.881+0000][1][safepoint    ] Leaving safepoint region
[2019-12-09T02:40:08.881+0000][1][safepoint    ] Total time for which application threads were stopped: 0.0000777 seconds, Stopping threads took: 0.0000175 seconds
[2019-12-09T02:40:09.882+0000][1][safepoint    ] Application time: 1.0000757 seconds
[2019-12-09T02:40:09.882+0000][1][safepoint    ] Entering safepoint region: Cleanup
[2019-12-09T02:40:09.882+0000][1][safepoint    ] Leaving safepoint region
[2019-12-09T02:40:09.882+0000][1][safepoint    ] Total time for which application threads were stopped: 0.0000763 seconds, Stopping threads took: 0.0000181 seconds
[2019-12-09T02:40:10.882+0000][1][safepoint    ] Application time: 1.0000761 seconds
[2019-12-09T02:40:10.882+0000][1][safepoint    ] Entering safepoint region: Cleanup
[2019-12-09T02:40:10.882+0000][1][safepoint    ] Leaving safepoint region
[2019-12-09T02:40:10.882+0000][1][safepoint    ] Total time for which application threads were stopped: 0.0000785 seconds, Stopping threads took: 0.0000177 seconds
[2019-12-09T02:40:11.882+0000][1][safepoint    ] Application time: 1.0000762 seconds
[2019-12-09T02:40:11.882+0000][1][safepoint    ] Entering safepoint region: Cleanup
[2019-12-09T02:40:11.882+0000][1][safepoint    ] Leaving safepoint region
[2019-12-09T02:40:11.882+0000][1][safepoint    ] Total time for which application threads were stopped: 0.0000772 seconds, Stopping threads took: 0.0000170 seconds
[2019-12-09T02:40:12.882+0000][1][safepoint    ] Application time: 1.0000757 seconds
[2019-12-09T02:40:12.882+0000][1][safepoint    ] Entering safepoint region: Cleanup
[2019-12-09T02:40:12.882+0000][1][safepoint    ] Leaving safepoint region
[2019-12-09T02:40:12.882+0000][1][safepoint    ] Total time for which application threads were stopped: 0.0000798 seconds, Stopping threads took: 0.0000191 seconds
[2019-12-09T02:40:13.882+0000][1][safepoint    ] Application time: 1.0000751 seconds
[2019-12-09T02:40:13.882+0000][1][safepoint    ] Entering safepoint region: Cleanup
[2019-12-09T02:40:13.882+0000][1][safepoint    ] Leaving safepoint region
[2019-12-09T02:40:13.882+0000][1][safepoint    ] Total time for which application threads were stopped: 0.0000836 seconds, Stopping threads took: 0.0000247 seconds
[2019-12-09T02:40:14.883+0000][1][safepoint    ] Application time: 1.0000769 seconds
[2019-12-09T02:40:14.883+0000][1][safepoint    ] Entering safepoint region: Cleanup
[2019-12-09T02:40:14.883+0000][1][safepoint    ] Leaving safepoint region
[2019-12-09T02:40:14.883+0000][1][safepoint    ] Total time for which application threads were stopped: 0.0000846 seconds, Stopping threads took: 0.0000259 seconds
[2019-12-09T02:40:14.935+0000][1][safepoint    ] Application time: 0.0525754 seconds
[2019-12-09T02:40:14.935+0000][1][safepoint    ] Entering safepoint region: GenCollectForAllocation
[2019-12-09T02:40:14.935+0000][1][gc,start     ] GC(27) Pause Young (Allocation Failure)
[2019-12-09T02:40:14.935+0000][1][gc,task      ] GC(27) Using 2 workers of 2 for evacuation
[2019-12-09T02:40:14.941+0000][1][gc,age       ] GC(27) Desired survivor size 4456448 bytes, new threshold 6 (max threshold 6)
[2019-12-09T02:40:14.941+0000][1][gc,age       ] GC(27) Age table with threshold 6 (max threshold 6)
[2019-12-09T02:40:14.941+0000][1][gc,age       ] GC(27) - age   1:       9032 bytes,       9032 total
[2019-12-09T02:40:14.941+0000][1][gc,age       ] GC(27) - age   2:      10672 bytes,      19704 total
[2019-12-09T02:40:14.941+0000][1][gc,age       ] GC(27) - age   3:      17840 bytes,      37544 total
[2019-12-09T02:40:14.941+0000][1][gc,age       ] GC(27) - age   4:    1763304 bytes,    1800848 total
[2019-12-09T02:40:14.941+0000][1][gc,heap      ] GC(27) ParNew: 72793K->2794K(78656K)
[2019-12-09T02:40:14.941+0000][1][gc,heap      ] GC(27) CMS: 68022K->68022K(174784K)
[2019-12-09T02:40:14.941+0000][1][gc,metaspace ] GC(27) Metaspace: 68943K->68943K(1112064K)
[2019-12-09T02:40:14.941+0000][1][gc           ] GC(27) Pause Young (Allocation Failure) 137M->69M(247M) 5.511ms
[2019-12-09T02:40:14.941+0000][1][gc,cpu       ] GC(27) User=0.01s Sys=0.00s Real=0.00s
[2019-12-09T02:40:14.941+0000][1][safepoint    ] Leaving safepoint region
[2019-12-09T02:40:14.941+0000][1][safepoint    ] Total time for which application threads were stopped: 0.0056658 seconds, Stopping threads took: 0.0000289 seconds
[2019-12-09T02:40:15.941+0000][1][safepoint    ] Application time: 1.0000898 seconds
[2019-12-09T02:40:15.941+0000][1][safepoint    ] Entering safepoint region: Cleanup
[2019-12-09T02:40:15.941+0000][1][safepoint    ] Leaving safepoint region
[2019-12-09T02:40:15.941+0000][1][safepoint    ] Total time for which application threads were stopped: 0.0000854 seconds, Stopping threads took: 0.0000163 seconds
[2019-12-09T02:40:16.941+0000][1][safepoint    ] Application time: 1.0000724 seconds
[2019-12-09T02:40:16.941+0000][1][safepoint    ] Entering safepoint region: Cleanup
[2019-12-09T02:40:16.941+0000][1][safepoint    ] Leaving safepoint region
[2019-12-09T02:40:16.941+0000][1][safepoint    ] Total time for which application threads were stopped: 0.0000750 seconds, Stopping threads took: 0.0000151 seconds
[2019-12-09T02:40:17.941+0000][1][safepoint    ] Application time: 1.0000767 seconds
[2019-12-09T02:40:17.941+0000][1][safepoint    ] Entering safepoint region: Cleanup
[2019-12-09T02:40:17.942+0000][1][safepoint    ] Leaving safepoint region
[2019-12-09T02:40:17.942+0000][1][safepoint    ] Total time for which application threads were stopped: 0.0000763 seconds, Stopping threads took: 0.0000172 seconds
[2019-12-09T02:40:18.942+0000][1][safepoint    ] Application time: 1.0000756 seconds
[2019-12-09T02:40:18.942+0000][1][safepoint    ] Entering safepoint region: Cleanup
[2019-12-09T02:40:18.942+0000][1][safepoint    ] Leaving safepoint region
[2019-12-09T02:40:18.942+0000][1][safepoint    ] Total time for which application threads were stopped: 0.0000848 seconds, Stopping threads took: 0.0000150 seconds
[2019-12-09T02:40:19.942+0000][1][safepoint    ] Application time: 1.0000762 seconds
[2019-12-09T02:40:19.942+0000][1][safepoint    ] Entering safepoint region: Cleanup
[2019-12-09T02:40:19.942+0000][1][safepoint    ] Leaving safepoint region
[2019-12-09T02:40:19.942+0000][1][safepoint    ] Total time for which application threads were stopped: 0.0000762 seconds, Stopping threads took: 0.0000170 seconds
[2019-12-09T02:40:20.942+0000][1][safepoint    ] Application time: 1.0000765 seconds
[2019-12-09T02:40:20.942+0000][1][safepoint    ] Entering safepoint region: Cleanup
[2019-12-09T02:40:20.942+0000][1][safepoint    ] Leaving safepoint region
[2019-12-09T02:40:20.942+0000][1][safepoint    ] Total time for which application threads were stopped: 0.0000838 seconds, Stopping threads took: 0.0000253 seconds
[2019-12-09T02:40:21.942+0000][1][safepoint    ] Application time: 1.0000781 seconds
[2019-12-09T02:40:21.942+0000][1][safepoint    ] Entering safepoint region: Cleanup
[2019-12-09T02:40:21.942+0000][1][safepoint    ] Leaving safepoint region
[2019-12-09T02:40:21.942+0000][1][safepoint    ] Total time for which application threads were stopped: 0.0000763 seconds, Stopping threads took: 0.0000196 seconds
[2019-12-09T02:40:22.942+0000][1][safepoint    ] Application time: 1.0000761 seconds
[2019-12-09T02:40:22.942+0000][1][safepoint    ] Entering safepoint region: Cleanup
[2019-12-09T02:40:22.943+0000][1][safepoint    ] Leaving safepoint region
[2019-12-09T02:40:22.943+0000][1][safepoint    ] Total time for which application threads were stopped: 0.0000794 seconds, Stopping threads took: 0.0000167 seconds
[2019-12-09T02:40:23.943+0000][1][safepoint    ] Application time: 1.0000764 seconds
[2019-12-09T02:40:23.943+0000][1][safepoint    ] Entering safepoint region: Cleanup
[2019-12-09T02:40:23.943+0000][1][safepoint    ] Leaving safepoint region
[2019-12-09T02:40:23.943+0000][1][safepoint    ] Total time for which application threads were stopped: 0.0000867 seconds, Stopping threads took: 0.0000157 seconds
[2019-12-09T02:40:24.943+0000][1][safepoint    ] Application time: 1.0000816 seconds
[2019-12-09T02:40:24.943+0000][1][safepoint    ] Entering safepoint region: Cleanup
[2019-12-09T02:40:24.943+0000][1][safepoint    ] Leaving safepoint region
[2019-12-09T02:40:24.943+0000][1][safepoint    ] Total time for which application threads were stopped: 0.0000774 seconds, Stopping threads took: 0.0000178 seconds
[2019-12-09T02:40:25.943+0000][1][safepoint    ] Application time: 1.0000761 seconds
[2019-12-09T02:40:25.943+0000][1][safepoint    ] Entering safepoint region: Cleanup
[2019-12-09T02:40:25.943+0000][1][safepoint    ] Leaving safepoint region
[2019-12-09T02:40:25.943+0000][1][safepoint    ] Total time for which application threads were stopped: 0.0000725 seconds, Stopping threads took: 0.0000165 seconds
[2019-12-09T02:40:26.943+0000][1][safepoint    ] Application time: 1.0000757 seconds
[2019-12-09T02:40:26.943+0000][1][safepoint    ] Entering safepoint region: Cleanup
[2019-12-09T02:40:26.943+0000][1][safepoint    ] Leaving safepoint region
[2019-12-09T02:40:26.943+0000][1][safepoint    ] Total time for which application threads were stopped: 0.0000764 seconds, Stopping threads took: 0.0000165 seconds
[2019-12-09T02:40:27.943+0000][1][safepoint    ] Application time: 1.0000760 seconds
[2019-12-09T02:40:27.943+0000][1][safepoint    ] Entering safepoint region: Cleanup
[2019-12-09T02:40:27.943+0000][1][safepoint    ] Leaving safepoint region
[2019-12-09T02:40:27.944+0000][1][safepoint    ] Total time for which application threads were stopped: 0.0000771 seconds, Stopping threads took: 0.0000169 seconds
[2019-12-09T02:40:28.944+0000][1][safepoint    ] Application time: 1.0000742 seconds
[2019-12-09T02:40:28.944+0000][1][safepoint    ] Entering safepoint region: Cleanup
[2019-12-09T02:40:28.944+0000][1][safepoint    ] Leaving safepoint region
[2019-12-09T02:40:28.944+0000][1][safepoint    ] Total time for which application threads were stopped: 0.0000875 seconds, Stopping threads took: 0.0000158 seconds
[2019-12-09T02:40:29.944+0000][1][safepoint    ] Application time: 1.0000792 seconds
[2019-12-09T02:40:29.944+0000][1][safepoint    ] Entering safepoint region: Cleanup
[2019-12-09T02:40:29.944+0000][1][safepoint    ] Leaving safepoint region
[2019-12-09T02:40:29.944+0000][1][safepoint    ] Total time for which application threads were stopped: 0.0000734 seconds, Stopping threads took: 0.0000155 seconds
[2019-12-09T02:40:30.944+0000][1][safepoint    ] Application time: 1.0000773 seconds
[2019-12-09T02:40:30.944+0000][1][safepoint    ] Entering safepoint region: Cleanup
[2019-12-09T02:40:30.944+0000][1][safepoint    ] Leaving safepoint region
[2019-12-09T02:40:30.944+0000][1][safepoint    ] Total time for which application threads were stopped: 0.0000919 seconds, Stopping threads took: 0.0000311 seconds
[2019-12-09T02:40:31.944+0000][1][safepoint    ] Application time: 1.0000760 seconds
[2019-12-09T02:40:31.944+0000][1][safepoint    ] Entering safepoint region: Cleanup
[2019-12-09T02:40:31.944+0000][1][safepoint    ] Leaving safepoint region
[2019-12-09T02:40:31.944+0000][1][safepoint    ] Total time for which application threads were stopped: 0.0000712 seconds, Stopping threads took: 0.0000144 seconds
[2019-12-09T02:40:32.944+0000][1][safepoint    ] Application time: 1.0000765 seconds
[2019-12-09T02:40:32.944+0000][1][safepoint    ] Entering safepoint region: Cleanup
[2019-12-09T02:40:32.945+0000][1][safepoint    ] Leaving safepoint region
[2019-12-09T02:40:32.945+0000][1][safepoint    ] Total time for which application threads were stopped: 0.0000817 seconds, Stopping threads took: 0.0000160 seconds
[2019-12-09T02:40:33.945+0000][1][safepoint    ] Application time: 1.0000758 seconds
[2019-12-09T02:40:33.945+0000][1][safepoint    ] Entering safepoint region: Cleanup
[2019-12-09T02:40:33.945+0000][1][safepoint    ] Leaving safepoint region
[2019-12-09T02:40:33.945+0000][1][safepoint    ] Total time for which application threads were stopped: 0.0000892 seconds, Stopping threads took: 0.0000156 seconds
[2019-12-09T02:40:34.945+0000][1][safepoint    ] Application time: 1.0000775 seconds
[2019-12-09T02:40:34.945+0000][1][safepoint    ] Entering safepoint region: Cleanup
[2019-12-09T02:40:34.945+0000][1][safepoint    ] Leaving safepoint region
[2019-12-09T02:40:34.945+0000][1][safepoint    ] Total time for which application threads were stopped: 0.0000761 seconds, Stopping threads took: 0.0000165 seconds
[2019-12-09T02:40:35.945+0000][1][safepoint    ] Application time: 1.0000742 seconds
[2019-12-09T02:40:35.945+0000][1][safepoint    ] Entering safepoint region: Cleanup
[2019-12-09T02:40:35.945+0000][1][safepoint    ] Leaving safepoint region
[2019-12-09T02:40:35.945+0000][1][safepoint    ] Total time for which application threads were stopped: 0.0000823 seconds, Stopping threads took: 0.0000186 seconds
[2019-12-09T02:40:36.945+0000][1][safepoint    ] Application time: 1.0000766 seconds
[2019-12-09T02:40:36.945+0000][1][safepoint    ] Entering safepoint region: Cleanup
[2019-12-09T02:40:36.945+0000][1][safepoint    ] Leaving safepoint region
[2019-12-09T02:40:36.945+0000][1][safepoint    ] Total time for which application threads were stopped: 0.0000763 seconds, Stopping threads took: 0.0000200 seconds
[2019-12-09T02:40:37.945+0000][1][safepoint    ] Application time: 1.0000746 seconds
[2019-12-09T02:40:37.945+0000][1][safepoint    ] Entering safepoint region: Cleanup
[2019-12-09T02:40:37.945+0000][1][safepoint    ] Leaving safepoint region
[2019-12-09T02:40:37.946+0000][1][safepoint    ] Total time for which application threads were stopped: 0.0000735 seconds, Stopping threads took: 0.0000172 seconds
[2019-12-09T02:40:38.946+0000][1][safepoint    ] Application time: 1.0000757 seconds
[2019-12-09T02:40:38.946+0000][1][safepoint    ] Entering safepoint region: Cleanup
[2019-12-09T02:40:38.946+0000][1][safepoint    ] Leaving safepoint region
[2019-12-09T02:40:38.946+0000][1][safepoint    ] Total time for which application threads were stopped: 0.0000902 seconds, Stopping threads took: 0.0000157 seconds
[2019-12-09T02:40:39.946+0000][1][safepoint    ] Application time: 1.0000773 seconds
[2019-12-09T02:40:39.946+0000][1][safepoint    ] Entering safepoint region: Cleanup
[2019-12-09T02:40:39.946+0000][1][safepoint    ] Leaving safepoint region
[2019-12-09T02:40:39.946+0000][1][safepoint    ] Total time for which application threads were stopped: 0.0000742 seconds, Stopping threads took: 0.0000154 seconds
[2019-12-09T02:40:40.946+0000][1][safepoint    ] Application time: 1.0000757 seconds
[2019-12-09T02:40:40.946+0000][1][safepoint    ] Entering safepoint region: Cleanup
[2019-12-09T02:40:40.946+0000][1][safepoint    ] Leaving safepoint region
[2019-12-09T02:40:40.946+0000][1][safepoint    ] Total time for which application threads were stopped: 0.0000819 seconds, Stopping threads took: 0.0000242 seconds
[2019-12-09T02:40:41.946+0000][1][safepoint    ] Application time: 1.0000751 seconds
[2019-12-09T02:40:41.946+0000][1][safepoint    ] Entering safepoint region: Cleanup
[2019-12-09T02:40:41.946+0000][1][safepoint    ] Leaving safepoint region
[2019-12-09T02:40:41.946+0000][1][safepoint    ] Total time for which application threads were stopped: 0.0000744 seconds, Stopping threads took: 0.0000153 seconds
[2019-12-09T02:40:42.946+0000][1][safepoint    ] Application time: 1.0000751 seconds
[2019-12-09T02:40:42.946+0000][1][safepoint    ] Entering safepoint region: Cleanup
[2019-12-09T02:40:42.946+0000][1][safepoint    ] Leaving safepoint region
[2019-12-09T02:40:42.947+0000][1][safepoint    ] Total time for which application threads were stopped: 0.0000770 seconds, Stopping threads took: 0.0000169 seconds
[2019-12-09T02:40:43.947+0000][1][safepoint    ] Application time: 1.0000772 seconds
[2019-12-09T02:40:43.947+0000][1][safepoint    ] Entering safepoint region: Cleanup
[2019-12-09T02:40:43.947+0000][1][safepoint    ] Leaving safepoint region
[2019-12-09T02:40:43.947+0000][1][safepoint    ] Total time for which application threads were stopped: 0.0000940 seconds, Stopping threads took: 0.0000237 seconds
[2019-12-09T02:40:44.947+0000][1][safepoint    ] Application time: 1.0000766 seconds
[2019-12-09T02:40:44.947+0000][1][safepoint    ] Entering safepoint region: Cleanup
[2019-12-09T02:40:44.947+0000][1][safepoint    ] Leaving safepoint region
[2019-12-09T02:40:44.947+0000][1][safepoint    ] Total time for which application threads were stopped: 0.0000761 seconds, Stopping threads took: 0.0000179 seconds
[2019-12-09T02:40:45.947+0000][1][safepoint    ] Application time: 1.0000766 seconds
[2019-12-09T02:40:45.947+0000][1][safepoint    ] Entering safepoint region: Cleanup
[2019-12-09T02:40:45.947+0000][1][safepoint    ] Leaving safepoint region
[2019-12-09T02:40:45.947+0000][1][safepoint    ] Total time for which application threads were stopped: 0.0000763 seconds, Stopping threads took: 0.0000181 seconds
[2019-12-09T02:40:46.947+0000][1][safepoint    ] Application time: 1.0000768 seconds
[2019-12-09T02:40:46.947+0000][1][safepoint    ] Entering safepoint region: Cleanup
[2019-12-09T02:40:46.947+0000][1][safepoint    ] Leaving safepoint region
[2019-12-09T02:40:46.947+0000][1][safepoint    ] Total time for which application threads were stopped: 0.0000716 seconds, Stopping threads took: 0.0000149 seconds
[2019-12-09T02:40:47.947+0000][1][safepoint    ] Application time: 1.0000759 seconds
[2019-12-09T02:40:47.947+0000][1][safepoint    ] Entering safepoint region: Cleanup
[2019-12-09T02:40:47.947+0000][1][safepoint    ] Leaving safepoint region
[2019-12-09T02:40:47.947+0000][1][safepoint    ] Total time for which application threads were stopped: 0.0000768 seconds, Stopping threads took: 0.0000175 seconds
[2019-12-09T02:40:48.948+0000][1][safepoint    ] Application time: 1.0000763 seconds
[2019-12-09T02:40:48.948+0000][1][safepoint    ] Entering safepoint region: Cleanup
[2019-12-09T02:40:48.948+0000][1][safepoint    ] Leaving safepoint region
[2019-12-09T02:40:48.948+0000][1][safepoint    ] Total time for which application threads were stopped: 0.0000839 seconds, Stopping threads took: 0.0000162 seconds
[2019-12-09T02:40:49.948+0000][1][safepoint    ] Application time: 1.0000767 seconds
[2019-12-09T02:40:49.948+0000][1][safepoint    ] Entering safepoint region: Cleanup
[2019-12-09T02:40:49.948+0000][1][safepoint    ] Leaving safepoint region
[2019-12-09T02:40:49.948+0000][1][safepoint    ] Total time for which application threads were stopped: 0.0000794 seconds, Stopping threads took: 0.0000186 seconds
[2019-12-09T02:40:50.948+0000][1][safepoint    ] Application time: 1.0000761 seconds
[2019-12-09T02:40:50.948+0000][1][safepoint    ] Entering safepoint region: Cleanup
[2019-12-09T02:40:50.948+0000][1][safepoint    ] Leaving safepoint region
[2019-12-09T02:40:50.948+0000][1][safepoint    ] Total time for which application threads were stopped: 0.0000846 seconds, Stopping threads took: 0.0000174 seconds
[2019-12-09T02:40:51.948+0000][1][safepoint    ] Application time: 1.0000764 seconds
[2019-12-09T02:40:51.948+0000][1][safepoint    ] Entering safepoint region: Cleanup
[2019-12-09T02:40:51.948+0000][1][safepoint    ] Leaving safepoint region
[2019-12-09T02:40:51.948+0000][1][safepoint    ] Total time for which application threads were stopped: 0.0000738 seconds, Stopping threads took: 0.0000182 seconds
[2019-12-09T02:40:52.948+0000][1][safepoint    ] Application time: 1.0000756 seconds
[2019-12-09T02:40:52.948+0000][1][safepoint    ] Entering safepoint region: Cleanup
[2019-12-09T02:40:52.948+0000][1][safepoint    ] Leaving safepoint region
[2019-12-09T02:40:52.948+0000][1][safepoint    ] Total time for which application threads were stopped: 0.0000780 seconds, Stopping threads took: 0.0000191 seconds
[2019-12-09T02:40:53.949+0000][1][safepoint    ] Application time: 1.0000765 seconds
[2019-12-09T02:40:53.949+0000][1][safepoint    ] Entering safepoint region: Cleanup
[2019-12-09T02:40:53.949+0000][1][safepoint    ] Leaving safepoint region
[2019-12-09T02:40:53.949+0000][1][safepoint    ] Total time for which application threads were stopped: 0.0000841 seconds, Stopping threads took: 0.0000151 seconds
[2019-12-09T02:40:54.949+0000][1][safepoint    ] Application time: 1.0000749 seconds
[2019-12-09T02:40:54.949+0000][1][safepoint    ] Entering safepoint region: Cleanup
[2019-12-09T02:40:54.949+0000][1][safepoint    ] Leaving safepoint region
[2019-12-09T02:40:54.949+0000][1][safepoint    ] Total time for which application threads were stopped: 0.0000743 seconds, Stopping threads took: 0.0000158 seconds
[2019-12-09T02:40:55.949+0000][1][safepoint    ] Application time: 1.0000759 seconds
[2019-12-09T02:40:55.949+0000][1][safepoint    ] Entering safepoint region: Cleanup
[2019-12-09T02:40:55.949+0000][1][safepoint    ] Leaving safepoint region
[2019-12-09T02:40:55.949+0000][1][safepoint    ] Total time for which application threads were stopped: 0.0000760 seconds, Stopping threads took: 0.0000169 seconds
[2019-12-09T02:40:56.949+0000][1][safepoint    ] Application time: 1.0000764 seconds
[2019-12-09T02:40:56.949+0000][1][safepoint    ] Entering safepoint region: Cleanup
[2019-12-09T02:40:56.949+0000][1][safepoint    ] Leaving safepoint region
[2019-12-09T02:40:56.949+0000][1][safepoint    ] Total time for which application threads were stopped: 0.0000732 seconds, Stopping threads took: 0.0000160 seconds
[2019-12-09T02:40:57.949+0000][1][safepoint    ] Application time: 1.0000755 seconds
[2019-12-09T02:40:57.949+0000][1][safepoint    ] Entering safepoint region: Cleanup
[2019-12-09T02:40:57.949+0000][1][safepoint    ] Leaving safepoint region
[2019-12-09T02:40:57.949+0000][1][safepoint    ] Total time for which application threads were stopped: 0.0000761 seconds, Stopping threads took: 0.0000166 seconds
[2019-12-09T02:40:58.950+0000][1][safepoint    ] Application time: 1.0000757 seconds
[2019-12-09T02:40:58.950+0000][1][safepoint    ] Entering safepoint region: Cleanup
[2019-12-09T02:40:58.950+0000][1][safepoint    ] Leaving safepoint region
[2019-12-09T02:40:58.950+0000][1][safepoint    ] Total time for which application threads were stopped: 0.0000776 seconds, Stopping threads took: 0.0000151 seconds
[2019-12-09T02:40:59.950+0000][1][safepoint    ] Application time: 1.0000862 seconds
[2019-12-09T02:40:59.950+0000][1][safepoint    ] Entering safepoint region: Cleanup
[2019-12-09T02:40:59.950+0000][1][safepoint    ] Leaving safepoint region
[2019-12-09T02:40:59.950+0000][1][safepoint    ] Total time for which application threads were stopped: 0.0000761 seconds, Stopping threads took: 0.0000185 seconds
[2019-12-09T02:41:00.950+0000][1][safepoint    ] Application time: 1.0000741 seconds
[2019-12-09T02:41:00.950+0000][1][safepoint    ] Entering safepoint region: Cleanup
[2019-12-09T02:41:00.950+0000][1][safepoint    ] Leaving safepoint region
[2019-12-09T02:41:00.950+0000][1][safepoint    ] Total time for which application threads were stopped: 0.0000819 seconds, Stopping threads took: 0.0000157 seconds
[2019-12-09T02:41:01.950+0000][1][safepoint    ] Application time: 1.0000764 seconds
[2019-12-09T02:41:01.950+0000][1][safepoint    ] Entering safepoint region: Cleanup
[2019-12-09T02:41:01.950+0000][1][safepoint    ] Leaving safepoint region
[2019-12-09T02:41:01.950+0000][1][safepoint    ] Total time for which application threads were stopped: 0.0000746 seconds, Stopping threads took: 0.0000143 seconds
[2019-12-09T02:41:02.950+0000][1][safepoint    ] Application time: 1.0000743 seconds
[2019-12-09T02:41:02.950+0000][1][safepoint    ] Entering safepoint region: Cleanup
[2019-12-09T02:41:02.950+0000][1][safepoint    ] Leaving safepoint region
[2019-12-09T02:41:02.950+0000][1][safepoint    ] Total time for which application threads were stopped: 0.0000754 seconds, Stopping threads took: 0.0000175 seconds
[2019-12-09T02:41:03.951+0000][1][safepoint    ] Application time: 1.0000756 seconds
[2019-12-09T02:41:03.951+0000][1][safepoint    ] Entering safepoint region: Cleanup
[2019-12-09T02:41:03.951+0000][1][safepoint    ] Leaving safepoint region
[2019-12-09T02:41:03.951+0000][1][safepoint    ] Total time for which application threads were stopped: 0.0000773 seconds, Stopping threads took: 0.0000195 seconds
[2019-12-09T02:41:04.951+0000][1][safepoint    ] Application time: 1.0000860 seconds
[2019-12-09T02:41:04.951+0000][1][safepoint    ] Entering safepoint region: Cleanup
[2019-12-09T02:41:04.951+0000][1][safepoint    ] Leaving safepoint region
[2019-12-09T02:41:04.951+0000][1][safepoint    ] Total time for which application threads were stopped: 0.0000778 seconds, Stopping threads took: 0.0000156 seconds
[2019-12-09T02:41:05.951+0000][1][safepoint    ] Application time: 1.0000773 seconds
[2019-12-09T02:41:05.951+0000][1][safepoint    ] Entering safepoint region: Cleanup
[2019-12-09T02:41:05.951+0000][1][safepoint    ] Leaving safepoint region
[2019-12-09T02:41:05.951+0000][1][safepoint    ] Total time for which application threads were stopped: 0.0000754 seconds, Stopping threads took: 0.0000177 seconds
[2019-12-09T02:41:06.951+0000][1][safepoint    ] Application time: 1.0000757 seconds
[2019-12-09T02:41:06.951+0000][1][safepoint    ] Entering safepoint region: Cleanup
[2019-12-09T02:41:06.951+0000][1][safepoint    ] Leaving safepoint region
[2019-12-09T02:41:06.951+0000][1][safepoint    ] Total time for which application threads were stopped: 0.0000761 seconds, Stopping threads took: 0.0000163 seconds
[2019-12-09T02:41:07.951+0000][1][safepoint    ] Application time: 1.0000750 seconds
[2019-12-09T02:41:07.951+0000][1][safepoint    ] Entering safepoint region: Cleanup
[2019-12-09T02:41:07.951+0000][1][safepoint    ] Leaving safepoint region
[2019-12-09T02:41:07.951+0000][1][safepoint    ] Total time for which application threads were stopped: 0.0000746 seconds, Stopping threads took: 0.0000162 seconds
[2019-12-09T02:41:08.952+0000][1][safepoint    ] Application time: 1.0000754 seconds
[2019-12-09T02:41:08.952+0000][1][safepoint    ] Entering safepoint region: Cleanup
[2019-12-09T02:41:08.952+0000][1][safepoint    ] Leaving safepoint region
[2019-12-09T02:41:08.952+0000][1][safepoint    ] Total time for which application threads were stopped: 0.0000743 seconds, Stopping threads took: 0.0000153 seconds
[2019-12-09T02:41:09.952+0000][1][safepoint    ] Application time: 1.0000741 seconds
[2019-12-09T02:41:09.952+0000][1][safepoint    ] Entering safepoint region: Cleanup
[2019-12-09T02:41:09.952+0000][1][safepoint    ] Leaving safepoint region
[2019-12-09T02:41:09.952+0000][1][safepoint    ] Total time for which application threads were stopped: 0.0000803 seconds, Stopping threads took: 0.0000166 seconds
[2019-12-09T02:41:10.952+0000][1][safepoint    ] Application time: 1.0000759 seconds
[2019-12-09T02:41:10.952+0000][1][safepoint    ] Entering safepoint region: Cleanup
[2019-12-09T02:41:10.952+0000][1][safepoint    ] Leaving safepoint region
[2019-12-09T02:41:10.952+0000][1][safepoint    ] Total time for which application threads were stopped: 0.0000844 seconds, Stopping threads took: 0.0000168 seconds
[2019-12-09T02:41:11.952+0000][1][safepoint    ] Application time: 1.0000759 seconds
[2019-12-09T02:41:11.952+0000][1][safepoint    ] Entering safepoint region: Cleanup
[2019-12-09T02:41:11.952+0000][1][safepoint    ] Leaving safepoint region
[2019-12-09T02:41:11.952+0000][1][safepoint    ] Total time for which application threads were stopped: 0.0000745 seconds, Stopping threads took: 0.0000167 seconds
[2019-12-09T02:41:12.952+0000][1][safepoint    ] Application time: 1.0000748 seconds
[2019-12-09T02:41:12.952+0000][1][safepoint    ] Entering safepoint region: Cleanup
[2019-12-09T02:41:12.952+0000][1][safepoint    ] Leaving safepoint region
[2019-12-09T02:41:12.952+0000][1][safepoint    ] Total time for which application threads were stopped: 0.0000739 seconds, Stopping threads took: 0.0000157 seconds
[2019-12-09T02:41:13.953+0000][1][safepoint    ] Application time: 1.0000756 seconds
[2019-12-09T02:41:13.953+0000][1][safepoint    ] Entering safepoint region: Cleanup
[2019-12-09T02:41:13.953+0000][1][safepoint    ] Leaving safepoint region
[2019-12-09T02:41:13.953+0000][1][safepoint    ] Total time for which application threads were stopped: 0.0000777 seconds, Stopping threads took: 0.0000204 seconds
[2019-12-09T02:41:14.953+0000][1][safepoint    ] Application time: 1.0000745 seconds
[2019-12-09T02:41:14.953+0000][1][safepoint    ] Entering safepoint region: Cleanup
[2019-12-09T02:41:14.953+0000][1][safepoint    ] Leaving safepoint region
[2019-12-09T02:41:14.953+0000][1][safepoint    ] Total time for which application threads were stopped: 0.0000723 seconds, Stopping threads took: 0.0000152 seconds
[2019-12-09T02:41:15.953+0000][1][safepoint    ] Application time: 1.0000753 seconds
[2019-12-09T02:41:15.953+0000][1][safepoint    ] Entering safepoint region: Cleanup
[2019-12-09T02:41:15.953+0000][1][safepoint    ] Leaving safepoint region
[2019-12-09T02:41:15.953+0000][1][safepoint    ] Total time for which application threads were stopped: 0.0000800 seconds, Stopping threads took: 0.0000159 seconds
[2019-12-09T02:41:16.953+0000][1][safepoint    ] Application time: 1.0000760 seconds
[2019-12-09T02:41:16.953+0000][1][safepoint    ] Entering safepoint region: Cleanup
[2019-12-09T02:41:16.953+0000][1][safepoint    ] Leaving safepoint region
[2019-12-09T02:41:16.953+0000][1][safepoint    ] Total time for which application threads were stopped: 0.0000795 seconds, Stopping threads took: 0.0000224 seconds
[2019-12-09T02:41:17.953+0000][1][safepoint    ] Application time: 1.0000727 seconds
[2019-12-09T02:41:17.953+0000][1][safepoint    ] Entering safepoint region: Cleanup
[2019-12-09T02:41:17.953+0000][1][safepoint    ] Leaving safepoint region
[2019-12-09T02:41:17.953+0000][1][safepoint    ] Total time for which application threads were stopped: 0.0000740 seconds, Stopping threads took: 0.0000161 seconds
[2019-12-09T02:41:18.953+0000][1][safepoint    ] Application time: 1.0000763 seconds
[2019-12-09T02:41:18.954+0000][1][safepoint    ] Entering safepoint region: Cleanup
[2019-12-09T02:41:18.954+0000][1][safepoint    ] Leaving safepoint region
[2019-12-09T02:41:18.954+0000][1][safepoint    ] Total time for which application threads were stopped: 0.0000831 seconds, Stopping threads took: 0.0000171 seconds
[2019-12-09T02:41:19.954+0000][1][safepoint    ] Application time: 1.0000834 seconds
[2019-12-09T02:41:19.954+0000][1][safepoint    ] Entering safepoint region: Cleanup
[2019-12-09T02:41:19.954+0000][1][safepoint    ] Leaving safepoint region
[2019-12-09T02:41:19.954+0000][1][safepoint    ] Total time for which application threads were stopped: 0.0000763 seconds, Stopping threads took: 0.0000169 seconds
[2019-12-09T02:41:20.954+0000][1][safepoint    ] Application time: 1.0000757 seconds
[2019-12-09T02:41:20.954+0000][1][safepoint    ] Entering safepoint region: Cleanup
[2019-12-09T02:41:20.954+0000][1][safepoint    ] Leaving safepoint region
[2019-12-09T02:41:20.954+0000][1][safepoint    ] Total time for which application threads were stopped: 0.0000763 seconds, Stopping threads took: 0.0000182 seconds
[2019-12-09T02:41:21.954+0000][1][safepoint    ] Application time: 1.0000768 seconds
[2019-12-09T02:41:21.954+0000][1][safepoint    ] Entering safepoint region: Cleanup
[2019-12-09T02:41:21.954+0000][1][safepoint    ] Leaving safepoint region
[2019-12-09T02:41:21.954+0000][1][safepoint    ] Total time for which application threads were stopped: 0.0000727 seconds, Stopping threads took: 0.0000144 seconds
[2019-12-09T02:41:22.954+0000][1][safepoint    ] Application time: 1.0000768 seconds
[2019-12-09T02:41:22.954+0000][1][safepoint    ] Entering safepoint region: Cleanup
[2019-12-09T02:41:22.954+0000][1][safepoint    ] Leaving safepoint region
[2019-12-09T02:41:22.954+0000][1][safepoint    ] Total time for which application threads were stopped: 0.0000798 seconds, Stopping threads took: 0.0000203 seconds
[2019-12-09T02:41:23.954+0000][1][safepoint    ] Application time: 1.0000770 seconds
[2019-12-09T02:41:23.955+0000][1][safepoint    ] Entering safepoint region: Cleanup
[2019-12-09T02:41:23.955+0000][1][safepoint    ] Leaving safepoint region
[2019-12-09T02:41:23.955+0000][1][safepoint    ] Total time for which application threads were stopped: 0.0000764 seconds, Stopping threads took: 0.0000163 seconds
[2019-12-09T02:41:24.955+0000][1][safepoint    ] Application time: 1.0000870 seconds
[2019-12-09T02:41:24.955+0000][1][safepoint    ] Entering safepoint region: Cleanup
[2019-12-09T02:41:24.955+0000][1][safepoint    ] Leaving safepoint region
[2019-12-09T02:41:24.955+0000][1][safepoint    ] Total time for which application threads were stopped: 0.0000818 seconds, Stopping threads took: 0.0000167 seconds
[2019-12-09T02:41:25.955+0000][1][safepoint    ] Application time: 1.0000768 seconds
[2019-12-09T02:41:25.955+0000][1][safepoint    ] Entering safepoint region: Cleanup
[2019-12-09T02:41:25.955+0000][1][safepoint    ] Leaving safepoint region
[2019-12-09T02:41:25.955+0000][1][safepoint    ] Total time for which application threads were stopped: 0.0000767 seconds, Stopping threads took: 0.0000175 seconds
[2019-12-09T02:41:26.955+0000][1][safepoint    ] Application time: 1.0000760 seconds
[2019-12-09T02:41:26.955+0000][1][safepoint    ] Entering safepoint region: Cleanup
[2019-12-09T02:41:26.955+0000][1][safepoint    ] Leaving safepoint region
[2019-12-09T02:41:26.955+0000][1][safepoint    ] Total time for which application threads were stopped: 0.0000739 seconds, Stopping threads took: 0.0000178 seconds
[2019-12-09T02:41:27.955+0000][1][safepoint    ] Application time: 1.0000773 seconds
[2019-12-09T02:41:27.955+0000][1][safepoint    ] Entering safepoint region: Cleanup
[2019-12-09T02:41:27.955+0000][1][safepoint    ] Leaving safepoint region
[2019-12-09T02:41:27.955+0000][1][safepoint    ] Total time for which application threads were stopped: 0.0000744 seconds, Stopping threads took: 0.0000163 seconds
[2019-12-09T02:41:28.955+0000][1][safepoint    ] Application time: 1.0000759 seconds
[2019-12-09T02:41:28.956+0000][1][safepoint    ] Entering safepoint region: Cleanup
[2019-12-09T02:41:28.956+0000][1][safepoint    ] Leaving safepoint region
[2019-12-09T02:41:28.956+0000][1][safepoint    ] Total time for which application threads were stopped: 0.0000769 seconds, Stopping threads took: 0.0000160 seconds
[2019-12-09T02:41:29.956+0000][1][safepoint    ] Application time: 1.0000770 seconds
[2019-12-09T02:41:29.956+0000][1][safepoint    ] Entering safepoint region: Cleanup
[2019-12-09T02:41:29.956+0000][1][safepoint    ] Leaving safepoint region
[2019-12-09T02:41:29.956+0000][1][safepoint    ] Total time for which application threads were stopped: 0.0000738 seconds, Stopping threads took: 0.0000160 seconds
[2019-12-09T02:41:30.956+0000][1][safepoint    ] Application time: 1.0000761 seconds
[2019-12-09T02:41:30.956+0000][1][safepoint    ] Entering safepoint region: Cleanup
[2019-12-09T02:41:30.956+0000][1][safepoint    ] Leaving safepoint region
[2019-12-09T02:41:30.956+0000][1][safepoint    ] Total time for which application threads were stopped: 0.0000796 seconds, Stopping threads took: 0.0000169 seconds
[2019-12-09T02:41:31.956+0000][1][safepoint    ] Application time: 1.0000759 seconds
[2019-12-09T02:41:31.956+0000][1][safepoint    ] Entering safepoint region: Cleanup
[2019-12-09T02:41:31.956+0000][1][safepoint    ] Leaving safepoint region
[2019-12-09T02:41:31.956+0000][1][safepoint    ] Total time for which application threads were stopped: 0.0000733 seconds, Stopping threads took: 0.0000155 seconds
[2019-12-09T02:41:32.956+0000][1][safepoint    ] Application time: 1.0000758 seconds
[2019-12-09T02:41:32.956+0000][1][safepoint    ] Entering safepoint region: Cleanup
[2019-12-09T02:41:32.956+0000][1][safepoint    ] Leaving safepoint region
[2019-12-09T02:41:32.956+0000][1][safepoint    ] Total time for which application threads were stopped: 0.0000837 seconds, Stopping threads took: 0.0000158 seconds
[2019-12-09T02:41:33.956+0000][1][safepoint    ] Application time: 1.0000764 seconds
[2019-12-09T02:41:33.957+0000][1][safepoint    ] Entering safepoint region: Cleanup
[2019-12-09T02:41:33.957+0000][1][safepoint    ] Leaving safepoint region
[2019-12-09T02:41:33.957+0000][1][safepoint    ] Total time for which application threads were stopped: 0.0000771 seconds, Stopping threads took: 0.0000171 seconds
[2019-12-09T02:41:34.957+0000][1][safepoint    ] Application time: 1.0000756 seconds
[2019-12-09T02:41:34.957+0000][1][safepoint    ] Entering safepoint region: Cleanup
[2019-12-09T02:41:34.957+0000][1][safepoint    ] Leaving safepoint region
[2019-12-09T02:41:34.957+0000][1][safepoint    ] Total time for which application threads were stopped: 0.0000752 seconds, Stopping threads took: 0.0000167 seconds
[2019-12-09T02:41:35.957+0000][1][safepoint    ] Application time: 1.0000753 seconds
[2019-12-09T02:41:35.957+0000][1][safepoint    ] Entering safepoint region: Cleanup
[2019-12-09T02:41:35.957+0000][1][safepoint    ] Leaving safepoint region
[2019-12-09T02:41:35.957+0000][1][safepoint    ] Total time for which application threads were stopped: 0.0000732 seconds, Stopping threads took: 0.0000151 seconds
[2019-12-09T02:41:36.957+0000][1][safepoint    ] Application time: 1.0000768 seconds
[2019-12-09T02:41:36.957+0000][1][safepoint    ] Entering safepoint region: Cleanup
[2019-12-09T02:41:36.957+0000][1][safepoint    ] Leaving safepoint region
[2019-12-09T02:41:36.957+0000][1][safepoint    ] Total time for which application threads were stopped: 0.0000734 seconds, Stopping threads took: 0.0000157 seconds
[2019-12-09T02:41:37.957+0000][1][safepoint    ] Application time: 1.0000762 seconds
[2019-12-09T02:41:37.957+0000][1][safepoint    ] Entering safepoint region: Cleanup
[2019-12-09T02:41:37.957+0000][1][safepoint    ] Leaving safepoint region
[2019-12-09T02:41:37.957+0000][1][safepoint    ] Total time for which application threads were stopped: 0.0000781 seconds, Stopping threads took: 0.0000186 seconds
[2019-12-09T02:41:38.957+0000][1][safepoint    ] Application time: 1.0000755 seconds
[2019-12-09T02:41:38.957+0000][1][safepoint    ] Entering safepoint region: Cleanup
[2019-12-09T02:41:38.958+0000][1][safepoint    ] Leaving safepoint region
[2019-12-09T02:41:38.958+0000][1][safepoint    ] Total time for which application threads were stopped: 0.0000718 seconds, Stopping threads took: 0.0000143 seconds
[2019-12-09T02:41:39.958+0000][1][safepoint    ] Application time: 1.0000751 seconds
[2019-12-09T02:41:39.958+0000][1][safepoint    ] Entering safepoint region: Cleanup
[2019-12-09T02:41:39.958+0000][1][safepoint    ] Leaving safepoint region
[2019-12-09T02:41:39.958+0000][1][safepoint    ] Total time for which application threads were stopped: 0.0000833 seconds, Stopping threads took: 0.0000196 seconds
[2019-12-09T02:41:40.958+0000][1][safepoint    ] Application time: 1.0000752 seconds
[2019-12-09T02:41:40.958+0000][1][safepoint    ] Entering safepoint region: Cleanup
[2019-12-09T02:41:40.958+0000][1][safepoint    ] Leaving safepoint region
[2019-12-09T02:41:40.958+0000][1][safepoint    ] Total time for which application threads were stopped: 0.0000810 seconds, Stopping threads took: 0.0000169 seconds
[2019-12-09T02:41:41.958+0000][1][safepoint    ] Application time: 1.0000744 seconds
[2019-12-09T02:41:41.958+0000][1][safepoint    ] Entering safepoint region: Cleanup
[2019-12-09T02:41:41.958+0000][1][safepoint    ] Leaving safepoint region
[2019-12-09T02:41:41.958+0000][1][safepoint    ] Total time for which application threads were stopped: 0.0000868 seconds, Stopping threads took: 0.0000155 seconds
[2019-12-09T02:41:42.958+0000][1][safepoint    ] Application time: 1.0000767 seconds
[2019-12-09T02:41:42.958+0000][1][safepoint    ] Entering safepoint region: Cleanup
[2019-12-09T02:41:42.958+0000][1][safepoint    ] Leaving safepoint region
[2019-12-09T02:41:42.958+0000][1][safepoint    ] Total time for which application threads were stopped: 0.0000725 seconds, Stopping threads took: 0.0000147 seconds
[2019-12-09T02:41:43.958+0000][1][safepoint    ] Application time: 1.0000748 seconds
[2019-12-09T02:41:43.959+0000][1][safepoint    ] Entering safepoint region: Cleanup
[2019-12-09T02:41:43.959+0000][1][safepoint    ] Leaving safepoint region
[2019-12-09T02:41:43.959+0000][1][safepoint    ] Total time for which application threads were stopped: 0.0000774 seconds, Stopping threads took: 0.0000204 seconds
[2019-12-09T02:41:44.959+0000][1][safepoint    ] Application time: 1.0000758 seconds
[2019-12-09T02:41:44.959+0000][1][safepoint    ] Entering safepoint region: Cleanup
[2019-12-09T02:41:44.959+0000][1][safepoint    ] Leaving safepoint region
[2019-12-09T02:41:44.959+0000][1][safepoint    ] Total time for which application threads were stopped: 0.0000723 seconds, Stopping threads took: 0.0000164 seconds
[2019-12-09T02:41:45.959+0000][1][safepoint    ] Application time: 1.0000753 seconds
[2019-12-09T02:41:45.959+0000][1][safepoint    ] Entering safepoint region: Cleanup
[2019-12-09T02:41:45.959+0000][1][safepoint    ] Leaving safepoint region
[2019-12-09T02:41:45.959+0000][1][safepoint    ] Total time for which application threads were stopped: 0.0000754 seconds, Stopping threads took: 0.0000177 seconds
[2019-12-09T02:41:46.959+0000][1][safepoint    ] Application time: 1.0000761 seconds
[2019-12-09T02:41:46.959+0000][1][safepoint    ] Entering safepoint region: Cleanup
[2019-12-09T02:41:46.959+0000][1][safepoint    ] Leaving safepoint region
[2019-12-09T02:41:46.959+0000][1][safepoint    ] Total time for which application threads were stopped: 0.0000722 seconds, Stopping threads took: 0.0000160 seconds
[2019-12-09T02:41:47.959+0000][1][safepoint    ] Application time: 1.0000767 seconds
[2019-12-09T02:41:47.959+0000][1][safepoint    ] Entering safepoint region: Cleanup
[2019-12-09T02:41:47.959+0000][1][safepoint    ] Leaving safepoint region
[2019-12-09T02:41:47.959+0000][1][safepoint    ] Total time for which application threads were stopped: 0.0000733 seconds, Stopping threads took: 0.0000158 seconds
[2019-12-09T02:41:48.959+0000][1][safepoint    ] Application time: 1.0000752 seconds
[2019-12-09T02:41:48.959+0000][1][safepoint    ] Entering safepoint region: Cleanup
[2019-12-09T02:41:48.960+0000][1][safepoint    ] Leaving safepoint region
[2019-12-09T02:41:48.960+0000][1][safepoint    ] Total time for which application threads were stopped: 0.0000735 seconds, Stopping threads took: 0.0000173 seconds
[2019-12-09T02:41:49.960+0000][1][safepoint    ] Application time: 1.0000754 seconds
[2019-12-09T02:41:49.960+0000][1][safepoint    ] Entering safepoint region: Cleanup
[2019-12-09T02:41:49.960+0000][1][safepoint    ] Leaving safepoint region
[2019-12-09T02:41:49.960+0000][1][safepoint    ] Total time for which application threads were stopped: 0.0000857 seconds, Stopping threads took: 0.0000189 seconds
[2019-12-09T02:41:50.960+0000][1][safepoint    ] Application time: 1.0000765 seconds
[2019-12-09T02:41:50.960+0000][1][safepoint    ] Entering safepoint region: Cleanup
[2019-12-09T02:41:50.960+0000][1][safepoint    ] Leaving safepoint region
[2019-12-09T02:41:50.960+0000][1][safepoint    ] Total time for which application threads were stopped: 0.0000802 seconds, Stopping threads took: 0.0000172 seconds
[2019-12-09T02:41:51.960+0000][1][safepoint    ] Application time: 1.0000758 seconds
[2019-12-09T02:41:51.960+0000][1][safepoint    ] Entering safepoint region: Cleanup
[2019-12-09T02:41:51.960+0000][1][safepoint    ] Leaving safepoint region
[2019-12-09T02:41:51.960+0000][1][safepoint    ] Total time for which application threads were stopped: 0.0000741 seconds, Stopping threads took: 0.0000176 seconds
[2019-12-09T02:41:52.960+0000][1][safepoint    ] Application time: 1.0000771 seconds
[2019-12-09T02:41:52.960+0000][1][safepoint    ] Entering safepoint region: Cleanup
[2019-12-09T02:41:52.960+0000][1][safepoint    ] Leaving safepoint region
[2019-12-09T02:41:52.960+0000][1][safepoint    ] Total time for which application threads were stopped: 0.0000754 seconds, Stopping threads took: 0.0000169 seconds
[2019-12-09T02:41:53.960+0000][1][safepoint    ] Application time: 1.0000766 seconds
[2019-12-09T02:41:53.960+0000][1][safepoint    ] Entering safepoint region: Cleanup
[2019-12-09T02:41:53.961+0000][1][safepoint    ] Leaving safepoint region
[2019-12-09T02:41:53.961+0000][1][safepoint    ] Total time for which application threads were stopped: 0.0000766 seconds, Stopping threads took: 0.0000159 seconds
[2019-12-09T02:41:54.961+0000][1][safepoint    ] Application time: 1.0000767 seconds
[2019-12-09T02:41:54.961+0000][1][safepoint    ] Entering safepoint region: Cleanup
[2019-12-09T02:41:54.961+0000][1][safepoint    ] Leaving safepoint region
[2019-12-09T02:41:54.961+0000][1][safepoint    ] Total time for which application threads were stopped: 0.0000874 seconds, Stopping threads took: 0.0000155 seconds
[2019-12-09T02:41:55.961+0000][1][safepoint    ] Application time: 1.0000753 seconds
[2019-12-09T02:41:55.961+0000][1][safepoint    ] Entering safepoint region: Cleanup
[2019-12-09T02:41:55.961+0000][1][safepoint    ] Leaving safepoint region
[2019-12-09T02:41:55.961+0000][1][safepoint    ] Total time for which application threads were stopped: 0.0000738 seconds, Stopping threads took: 0.0000150 seconds
[2019-12-09T02:41:56.961+0000][1][safepoint    ] Application time: 1.0000758 seconds
[2019-12-09T02:41:56.961+0000][1][safepoint    ] Entering safepoint region: Cleanup
[2019-12-09T02:41:56.961+0000][1][safepoint    ] Leaving safepoint region
[2019-12-09T02:41:56.961+0000][1][safepoint    ] Total time for which application threads were stopped: 0.0000725 seconds, Stopping threads took: 0.0000159 seconds
[2019-12-09T02:41:57.961+0000][1][safepoint    ] Application time: 1.0000772 seconds
[2019-12-09T02:41:57.961+0000][1][safepoint    ] Entering safepoint region: Cleanup
[2019-12-09T02:41:57.961+0000][1][safepoint    ] Leaving safepoint region
[2019-12-09T02:41:57.961+0000][1][safepoint    ] Total time for which application threads were stopped: 0.0000736 seconds, Stopping threads took: 0.0000155 seconds
[2019-12-09T02:41:58.961+0000][1][safepoint    ] Application time: 1.0000766 seconds
[2019-12-09T02:41:58.961+0000][1][safepoint    ] Entering safepoint region: Cleanup
[2019-12-09T02:41:58.961+0000][1][safepoint    ] Leaving safepoint region
[2019-12-09T02:41:58.962+0000][1][safepoint    ] Total time for which application threads were stopped: 0.0000739 seconds, Stopping threads took: 0.0000160 seconds
[2019-12-09T02:41:59.962+0000][1][safepoint    ] Application time: 1.0000762 seconds
[2019-12-09T02:41:59.962+0000][1][safepoint    ] Entering safepoint region: Cleanup
[2019-12-09T02:41:59.962+0000][1][safepoint    ] Leaving safepoint region
[2019-12-09T02:41:59.962+0000][1][safepoint    ] Total time for which application threads were stopped: 0.0000892 seconds, Stopping threads took: 0.0000164 seconds
[2019-12-09T02:42:00.962+0000][1][safepoint    ] Application time: 1.0000761 seconds
[2019-12-09T02:42:00.962+0000][1][safepoint    ] Entering safepoint region: Cleanup
[2019-12-09T02:42:00.962+0000][1][safepoint    ] Leaving safepoint region
[2019-12-09T02:42:00.962+0000][1][safepoint    ] Total time for which application threads were stopped: 0.0000781 seconds, Stopping threads took: 0.0000182 seconds
[2019-12-09T02:42:01.962+0000][1][safepoint    ] Application time: 1.0000774 seconds
[2019-12-09T02:42:01.962+0000][1][safepoint    ] Entering safepoint region: Cleanup
[2019-12-09T02:42:01.962+0000][1][safepoint    ] Leaving safepoint region
[2019-12-09T02:42:01.962+0000][1][safepoint    ] Total time for which application threads were stopped: 0.0000759 seconds, Stopping threads took: 0.0000166 seconds
[2019-12-09T02:42:02.962+0000][1][safepoint    ] Application time: 1.0000782 seconds
[2019-12-09T02:42:02.962+0000][1][safepoint    ] Entering safepoint region: Cleanup
[2019-12-09T02:42:02.962+0000][1][safepoint    ] Leaving safepoint region
[2019-12-09T02:42:02.962+0000][1][safepoint    ] Total time for which application threads were stopped: 0.0000792 seconds, Stopping threads took: 0.0000177 seconds
[2019-12-09T02:42:03.962+0000][1][safepoint    ] Application time: 1.0000761 seconds
[2019-12-09T02:42:03.962+0000][1][safepoint    ] Entering safepoint region: Cleanup
[2019-12-09T02:42:03.963+0000][1][safepoint    ] Leaving safepoint region
[2019-12-09T02:42:03.963+0000][1][safepoint    ] Total time for which application threads were stopped: 0.0000742 seconds, Stopping threads took: 0.0000169 seconds
[2019-12-09T02:42:04.963+0000][1][safepoint    ] Application time: 1.0000804 seconds
[2019-12-09T02:42:04.963+0000][1][safepoint    ] Entering safepoint region: Cleanup
[2019-12-09T02:42:04.963+0000][1][safepoint    ] Leaving safepoint region
[2019-12-09T02:42:04.963+0000][1][safepoint    ] Total time for which application threads were stopped: 0.0000898 seconds, Stopping threads took: 0.0000170 seconds
[2019-12-09T02:42:05.963+0000][1][safepoint    ] Application time: 1.0000773 seconds
[2019-12-09T02:42:05.963+0000][1][safepoint    ] Entering safepoint region: Cleanup
[2019-12-09T02:42:05.963+0000][1][safepoint    ] Leaving safepoint region
[2019-12-09T02:42:05.963+0000][1][safepoint    ] Total time for which application threads were stopped: 0.0000749 seconds, Stopping threads took: 0.0000171 seconds
[2019-12-09T02:42:06.963+0000][1][safepoint    ] Application time: 1.0000779 seconds
[2019-12-09T02:42:06.963+0000][1][safepoint    ] Entering safepoint region: Cleanup
[2019-12-09T02:42:06.963+0000][1][safepoint    ] Leaving safepoint region
[2019-12-09T02:42:06.963+0000][1][safepoint    ] Total time for which application threads were stopped: 0.0000718 seconds, Stopping threads took: 0.0000156 seconds
[2019-12-09T02:42:07.963+0000][1][safepoint    ] Application time: 1.0000777 seconds
[2019-12-09T02:42:07.963+0000][1][safepoint    ] Entering safepoint region: Cleanup
[2019-12-09T02:42:07.963+0000][1][safepoint    ] Leaving safepoint region
[2019-12-09T02:42:07.963+0000][1][safepoint    ] Total time for which application threads were stopped: 0.0000745 seconds, Stopping threads took: 0.0000164 seconds
[2019-12-09T02:42:08.963+0000][1][safepoint    ] Application time: 1.0000768 seconds
[2019-12-09T02:42:08.963+0000][1][safepoint    ] Entering safepoint region: Cleanup
[2019-12-09T02:42:08.963+0000][1][safepoint    ] Leaving safepoint region
[2019-12-09T02:42:08.963+0000][1][safepoint    ] Total time for which application threads were stopped: 0.0000731 seconds, Stopping threads took: 0.0000179 seconds
[2019-12-09T02:42:09.964+0000][1][safepoint    ] Application time: 1.0000757 seconds
[2019-12-09T02:42:09.964+0000][1][safepoint    ] Entering safepoint region: Cleanup
[2019-12-09T02:42:09.964+0000][1][safepoint    ] Leaving safepoint region
[2019-12-09T02:42:09.964+0000][1][safepoint    ] Total time for which application threads were stopped: 0.0000705 seconds, Stopping threads took: 0.0000153 seconds
[2019-12-09T02:42:10.964+0000][1][safepoint    ] Application time: 1.0000741 seconds
[2019-12-09T02:42:10.964+0000][1][safepoint    ] Entering safepoint region: Cleanup
[2019-12-09T02:42:10.964+0000][1][safepoint    ] Leaving safepoint region
[2019-12-09T02:42:10.964+0000][1][safepoint    ] Total time for which application threads were stopped: 0.0000719 seconds, Stopping threads took: 0.0000168 seconds
[2019-12-09T02:42:11.964+0000][1][safepoint    ] Application time: 1.0000773 seconds
[2019-12-09T02:42:11.964+0000][1][safepoint    ] Entering safepoint region: Cleanup
[2019-12-09T02:42:11.964+0000][1][safepoint    ] Leaving safepoint region
[2019-12-09T02:42:11.964+0000][1][safepoint    ] Total time for which application threads were stopped: 0.0000714 seconds, Stopping threads took: 0.0000163 seconds
[2019-12-09T02:42:12.964+0000][1][safepoint    ] Application time: 1.0000751 seconds
[2019-12-09T02:42:12.964+0000][1][safepoint    ] Entering safepoint region: Cleanup
[2019-12-09T02:42:12.964+0000][1][safepoint    ] Leaving safepoint region
[2019-12-09T02:42:12.964+0000][1][safepoint    ] Total time for which application threads were stopped: 0.0000734 seconds, Stopping threads took: 0.0000146 seconds
[2019-12-09T02:42:13.964+0000][1][safepoint    ] Application time: 1.0000757 seconds
[2019-12-09T02:42:13.964+0000][1][safepoint    ] Entering safepoint region: Cleanup
[2019-12-09T02:42:13.964+0000][1][safepoint    ] Leaving safepoint region
[2019-12-09T02:42:13.964+0000][1][safepoint    ] Total time for which application threads were stopped: 0.0000816 seconds, Stopping threads took: 0.0000223 seconds
[2019-12-09T02:42:14.965+0000][1][safepoint    ] Application time: 1.0000751 seconds
[2019-12-09T02:42:14.965+0000][1][safepoint    ] Entering safepoint region: Cleanup
[2019-12-09T02:42:14.965+0000][1][safepoint    ] Leaving safepoint region
[2019-12-09T02:42:14.965+0000][1][safepoint    ] Total time for which application threads were stopped: 0.0000715 seconds, Stopping threads took: 0.0000154 seconds
[2019-12-09T02:42:15.965+0000][1][safepoint    ] Application time: 1.0000768 seconds
[2019-12-09T02:42:15.965+0000][1][safepoint    ] Entering safepoint region: Cleanup
[2019-12-09T02:42:15.965+0000][1][safepoint    ] Leaving safepoint region
[2019-12-09T02:42:15.965+0000][1][safepoint    ] Total time for which application threads were stopped: 0.0000832 seconds, Stopping threads took: 0.0000182 seconds
[2019-12-09T02:42:16.965+0000][1][safepoint    ] Application time: 1.0000767 seconds
[2019-12-09T02:42:16.965+0000][1][safepoint    ] Entering safepoint region: Cleanup
[2019-12-09T02:42:16.965+0000][1][safepoint    ] Leaving safepoint region
[2019-12-09T02:42:16.965+0000][1][safepoint    ] Total time for which application threads were stopped: 0.0000772 seconds, Stopping threads took: 0.0000147 seconds
[2019-12-09T02:42:17.965+0000][1][safepoint    ] Application time: 1.0000765 seconds
[2019-12-09T02:42:17.965+0000][1][safepoint    ] Entering safepoint region: Cleanup
[2019-12-09T02:42:17.965+0000][1][safepoint    ] Leaving safepoint region
[2019-12-09T02:42:17.965+0000][1][safepoint    ] Total time for which application threads were stopped: 0.0000739 seconds, Stopping threads took: 0.0000157 seconds
[2019-12-09T02:42:18.965+0000][1][safepoint    ] Application time: 1.0000760 seconds
[2019-12-09T02:42:18.965+0000][1][safepoint    ] Entering safepoint region: Cleanup
[2019-12-09T02:42:18.965+0000][1][safepoint    ] Leaving safepoint region
[2019-12-09T02:42:18.965+0000][1][safepoint    ] Total time for which application threads were stopped: 0.0000750 seconds, Stopping threads took: 0.0000164 seconds
[2019-12-09T02:42:19.966+0000][1][safepoint    ] Application time: 1.0000741 seconds
[2019-12-09T02:42:19.966+0000][1][safepoint    ] Entering safepoint region: Cleanup
[2019-12-09T02:42:19.966+0000][1][safepoint    ] Leaving safepoint region
[2019-12-09T02:42:19.966+0000][1][safepoint    ] Total time for which application threads were stopped: 0.0000941 seconds, Stopping threads took: 0.0000156 seconds
[2019-12-09T02:42:20.966+0000][1][safepoint    ] Application time: 1.0000746 seconds
[2019-12-09T02:42:20.966+0000][1][safepoint    ] Entering safepoint region: Cleanup
[2019-12-09T02:42:20.966+0000][1][safepoint    ] Leaving safepoint region
[2019-12-09T02:42:20.966+0000][1][safepoint    ] Total time for which application threads were stopped: 0.0000775 seconds, Stopping threads took: 0.0000186 seconds
[2019-12-09T02:42:21.958+0000][1][safepoint    ] Application time: 0.9921839 seconds
[2019-12-09T02:42:21.958+0000][1][safepoint    ] Entering safepoint region: GenCollectForAllocation
[2019-12-09T02:42:21.958+0000][1][gc,start     ] GC(28) Pause Young (Allocation Failure)
[2019-12-09T02:42:21.958+0000][1][gc,task      ] GC(28) Using 2 workers of 2 for evacuation
[2019-12-09T02:42:21.964+0000][1][gc,age       ] GC(28) Desired survivor size 4456448 bytes, new threshold 6 (max threshold 6)
[2019-12-09T02:42:21.964+0000][1][gc,age       ] GC(28) Age table with threshold 6 (max threshold 6)
[2019-12-09T02:42:21.964+0000][1][gc,age       ] GC(28) - age   1:       8136 bytes,       8136 total
[2019-12-09T02:42:21.964+0000][1][gc,age       ] GC(28) - age   2:       4936 bytes,      13072 total
[2019-12-09T02:42:21.964+0000][1][gc,age       ] GC(28) - age   3:      10640 bytes,      23712 total
[2019-12-09T02:42:21.964+0000][1][gc,age       ] GC(28) - age   4:      17840 bytes,      41552 total
[2019-12-09T02:42:21.964+0000][1][gc,age       ] GC(28) - age   5:    1763336 bytes,    1804888 total
[2019-12-09T02:42:21.964+0000][1][gc,heap      ] GC(28) ParNew: 72746K->2677K(78656K)
[2019-12-09T02:42:21.964+0000][1][gc,heap      ] GC(28) CMS: 68022K->68022K(174784K)
[2019-12-09T02:42:21.964+0000][1][gc,metaspace ] GC(28) Metaspace: 68991K->68991K(1112064K)
[2019-12-09T02:42:21.964+0000][1][gc           ] GC(28) Pause Young (Allocation Failure) 137M->69M(247M) 5.551ms
[2019-12-09T02:42:21.964+0000][1][gc,cpu       ] GC(28) User=0.01s Sys=0.00s Real=0.00s
[2019-12-09T02:42:21.964+0000][1][safepoint    ] Leaving safepoint region
[2019-12-09T02:42:21.964+0000][1][safepoint    ] Total time for which application threads were stopped: 0.0056992 seconds, Stopping threads took: 0.0000167 seconds
[2019-12-09T02:42:22.964+0000][1][safepoint    ] Application time: 1.0000844 seconds
[2019-12-09T02:42:22.964+0000][1][safepoint    ] Entering safepoint region: Cleanup
[2019-12-09T02:42:22.964+0000][1][safepoint    ] Leaving safepoint region
[2019-12-09T02:42:22.964+0000][1][safepoint    ] Total time for which application threads were stopped: 0.0000750 seconds, Stopping threads took: 0.0000162 seconds
[2019-12-09T02:42:23.964+0000][1][safepoint    ] Application time: 1.0000755 seconds
[2019-12-09T02:42:23.964+0000][1][safepoint    ] Entering safepoint region: Cleanup
[2019-12-09T02:42:23.964+0000][1][safepoint    ] Leaving safepoint region
[2019-12-09T02:42:23.964+0000][1][safepoint    ] Total time for which application threads were stopped: 0.0000771 seconds, Stopping threads took: 0.0000159 seconds
[2019-12-09T02:42:24.964+0000][1][safepoint    ] Application time: 1.0000775 seconds
[2019-12-09T02:42:24.964+0000][1][safepoint    ] Entering safepoint region: Cleanup
[2019-12-09T02:42:24.964+0000][1][safepoint    ] Leaving safepoint region
[2019-12-09T02:42:24.964+0000][1][safepoint    ] Total time for which application threads were stopped: 0.0000728 seconds, Stopping threads took: 0.0000151 seconds
[2019-12-09T02:42:25.964+0000][1][safepoint    ] Application time: 1.0000753 seconds
[2019-12-09T02:42:25.964+0000][1][safepoint    ] Entering safepoint region: Cleanup
[2019-12-09T02:42:25.965+0000][1][safepoint    ] Leaving safepoint region
[2019-12-09T02:42:25.965+0000][1][safepoint    ] Total time for which application threads were stopped: 0.0000774 seconds, Stopping threads took: 0.0000185 seconds
[2019-12-09T02:42:26.965+0000][1][safepoint    ] Application time: 1.0000807 seconds
[2019-12-09T02:42:26.965+0000][1][safepoint    ] Entering safepoint region: Cleanup
[2019-12-09T02:42:26.965+0000][1][safepoint    ] Leaving safepoint region
[2019-12-09T02:42:26.965+0000][1][safepoint    ] Total time for which application threads were stopped: 0.0001305 seconds, Stopping threads took: 0.0000650 seconds
[2019-12-09T02:42:27.965+0000][1][safepoint    ] Application time: 1.0000854 seconds
[2019-12-09T02:42:27.965+0000][1][safepoint    ] Entering safepoint region: Cleanup
[2019-12-09T02:42:27.965+0000][1][safepoint    ] Leaving safepoint region
[2019-12-09T02:42:27.965+0000][1][safepoint    ] Total time for which application threads were stopped: 0.0000842 seconds, Stopping threads took: 0.0000176 seconds
[2019-12-09T02:42:28.965+0000][1][safepoint    ] Application time: 1.0000772 seconds
[2019-12-09T02:42:28.965+0000][1][safepoint    ] Entering safepoint region: Cleanup
[2019-12-09T02:42:28.965+0000][1][safepoint    ] Leaving safepoint region
[2019-12-09T02:42:28.965+0000][1][safepoint    ] Total time for which application threads were stopped: 0.0000773 seconds, Stopping threads took: 0.0000176 seconds
[2019-12-09T02:42:29.965+0000][1][safepoint    ] Application time: 1.0000739 seconds
[2019-12-09T02:42:29.965+0000][1][safepoint    ] Entering safepoint region: Cleanup
[2019-12-09T02:42:29.965+0000][1][safepoint    ] Leaving safepoint region
[2019-12-09T02:42:29.965+0000][1][safepoint    ] Total time for which application threads were stopped: 0.0000789 seconds, Stopping threads took: 0.0000184 seconds
[2019-12-09T02:42:30.965+0000][1][safepoint    ] Application time: 1.0000785 seconds
[2019-12-09T02:42:30.966+0000][1][safepoint    ] Entering safepoint region: Cleanup
[2019-12-09T02:42:30.966+0000][1][safepoint    ] Leaving safepoint region
[2019-12-09T02:42:30.966+0000][1][safepoint    ] Total time for which application threads were stopped: 0.0000770 seconds, Stopping threads took: 0.0000179 seconds
[2019-12-09T02:42:31.966+0000][1][safepoint    ] Application time: 1.0000909 seconds
[2019-12-09T02:42:31.966+0000][1][safepoint    ] Entering safepoint region: Cleanup
[2019-12-09T02:42:31.966+0000][1][safepoint    ] Leaving safepoint region
[2019-12-09T02:42:31.966+0000][1][safepoint    ] Total time for which application threads were stopped: 0.0000805 seconds, Stopping threads took: 0.0000177 seconds
[2019-12-09T02:42:32.966+0000][1][safepoint    ] Application time: 1.0000776 seconds
[2019-12-09T02:42:32.966+0000][1][safepoint    ] Entering safepoint region: Cleanup
[2019-12-09T02:42:32.966+0000][1][safepoint    ] Leaving safepoint region
[2019-12-09T02:42:32.966+0000][1][safepoint    ] Total time for which application threads were stopped: 0.0000729 seconds, Stopping threads took: 0.0000166 seconds
[2019-12-09T02:42:33.966+0000][1][safepoint    ] Application time: 1.0000737 seconds
[2019-12-09T02:42:33.966+0000][1][safepoint    ] Entering safepoint region: Cleanup
[2019-12-09T02:42:33.966+0000][1][safepoint    ] Leaving safepoint region
[2019-12-09T02:42:33.966+0000][1][safepoint    ] Total time for which application threads were stopped: 0.0000770 seconds, Stopping threads took: 0.0000183 seconds
[2019-12-09T02:42:34.966+0000][1][safepoint    ] Application time: 1.0000764 seconds
[2019-12-09T02:42:34.966+0000][1][safepoint    ] Entering safepoint region: Cleanup
[2019-12-09T02:42:34.966+0000][1][safepoint    ] Leaving safepoint region
[2019-12-09T02:42:34.966+0000][1][safepoint    ] Total time for which application threads were stopped: 0.0000790 seconds, Stopping threads took: 0.0000176 seconds
[2019-12-09T02:42:35.966+0000][1][safepoint    ] Application time: 1.0000731 seconds
[2019-12-09T02:42:35.967+0000][1][safepoint    ] Entering safepoint region: Cleanup
[2019-12-09T02:42:35.967+0000][1][safepoint    ] Leaving safepoint region
[2019-12-09T02:42:35.967+0000][1][safepoint    ] Total time for which application threads were stopped: 0.0000904 seconds, Stopping threads took: 0.0000164 seconds
[2019-12-09T02:42:36.967+0000][1][safepoint    ] Application time: 1.0000760 seconds
[2019-12-09T02:42:36.967+0000][1][safepoint    ] Entering safepoint region: Cleanup
[2019-12-09T02:42:36.967+0000][1][safepoint    ] Leaving safepoint region
[2019-12-09T02:42:36.967+0000][1][safepoint    ] Total time for which application threads were stopped: 0.0000828 seconds, Stopping threads took: 0.0000169 seconds
[2019-12-09T02:42:37.967+0000][1][safepoint    ] Application time: 1.0000768 seconds
[2019-12-09T02:42:37.967+0000][1][safepoint    ] Entering safepoint region: Cleanup
[2019-12-09T02:42:37.967+0000][1][safepoint    ] Leaving safepoint region
[2019-12-09T02:42:37.967+0000][1][safepoint    ] Total time for which application threads were stopped: 0.0000768 seconds, Stopping threads took: 0.0000170 seconds
[2019-12-09T02:42:38.967+0000][1][safepoint    ] Application time: 1.0000817 seconds
[2019-12-09T02:42:38.967+0000][1][safepoint    ] Entering safepoint region: Cleanup
[2019-12-09T02:42:38.967+0000][1][safepoint    ] Leaving safepoint region
[2019-12-09T02:42:38.967+0000][1][safepoint    ] Total time for which application threads were stopped: 0.0000806 seconds, Stopping threads took: 0.0000180 seconds
[2019-12-09T02:42:39.967+0000][1][safepoint    ] Application time: 1.0000771 seconds
[2019-12-09T02:42:39.967+0000][1][safepoint    ] Entering safepoint region: Cleanup
[2019-12-09T02:42:39.967+0000][1][safepoint    ] Leaving safepoint region
[2019-12-09T02:42:39.967+0000][1][safepoint    ] Total time for which application threads were stopped: 0.0000740 seconds, Stopping threads took: 0.0000160 seconds
[2019-12-09T02:42:40.967+0000][1][safepoint    ] Application time: 1.0000776 seconds
[2019-12-09T02:42:40.968+0000][1][safepoint    ] Entering safepoint region: Cleanup
[2019-12-09T02:42:40.968+0000][1][safepoint    ] Leaving safepoint region
[2019-12-09T02:42:40.968+0000][1][safepoint    ] Total time for which application threads were stopped: 0.0000733 seconds, Stopping threads took: 0.0000164 seconds
[2019-12-09T02:42:41.968+0000][1][safepoint    ] Application time: 1.0000756 seconds
[2019-12-09T02:42:41.968+0000][1][safepoint    ] Entering safepoint region: Cleanup
[2019-12-09T02:42:41.968+0000][1][safepoint    ] Leaving safepoint region
[2019-12-09T02:42:41.968+0000][1][safepoint    ] Total time for which application threads were stopped: 0.0000749 seconds, Stopping threads took: 0.0000165 seconds
[2019-12-09T02:42:42.968+0000][1][safepoint    ] Application time: 1.0000766 seconds
[2019-12-09T02:42:42.968+0000][1][safepoint    ] Entering safepoint region: Cleanup
[2019-12-09T02:42:42.968+0000][1][safepoint    ] Leaving safepoint region
[2019-12-09T02:42:42.968+0000][1][safepoint    ] Total time for which application threads were stopped: 0.0000763 seconds, Stopping threads took: 0.0000176 seconds
[2019-12-09T02:42:43.968+0000][1][safepoint    ] Application time: 1.0000771 seconds
[2019-12-09T02:42:43.968+0000][1][safepoint    ] Entering safepoint region: Cleanup
[2019-12-09T02:42:43.968+0000][1][safepoint    ] Leaving safepoint region
[2019-12-09T02:42:43.968+0000][1][safepoint    ] Total time for which application threads were stopped: 0.0000786 seconds, Stopping threads took: 0.0000181 seconds
[2019-12-09T02:42:44.968+0000][1][safepoint    ] Application time: 1.0000759 seconds
[2019-12-09T02:42:44.968+0000][1][safepoint    ] Entering safepoint region: Cleanup
[2019-12-09T02:42:44.968+0000][1][safepoint    ] Leaving safepoint region
[2019-12-09T02:42:44.968+0000][1][safepoint    ] Total time for which application threads were stopped: 0.0000865 seconds, Stopping threads took: 0.0000275 seconds
[2019-12-09T02:42:45.968+0000][1][safepoint    ] Application time: 1.0000774 seconds
[2019-12-09T02:42:45.969+0000][1][safepoint    ] Entering safepoint region: Cleanup
[2019-12-09T02:42:45.969+0000][1][safepoint    ] Leaving safepoint region
[2019-12-09T02:42:45.969+0000][1][safepoint    ] Total time for which application threads were stopped: 0.0000742 seconds, Stopping threads took: 0.0000161 seconds
[2019-12-09T02:42:46.969+0000][1][safepoint    ] Application time: 1.0000787 seconds
[2019-12-09T02:42:46.969+0000][1][safepoint    ] Entering safepoint region: Cleanup
[2019-12-09T02:42:46.969+0000][1][safepoint    ] Leaving safepoint region
[2019-12-09T02:42:46.969+0000][1][safepoint    ] Total time for which application threads were stopped: 0.0000767 seconds, Stopping threads took: 0.0000178 seconds
[2019-12-09T02:42:47.969+0000][1][safepoint    ] Application time: 1.0000775 seconds
[2019-12-09T02:42:47.969+0000][1][safepoint    ] Entering safepoint region: Cleanup
[2019-12-09T02:42:47.969+0000][1][safepoint    ] Leaving safepoint region
[2019-12-09T02:42:47.969+0000][1][safepoint    ] Total time for which application threads were stopped: 0.0000765 seconds, Stopping threads took: 0.0000171 seconds
[2019-12-09T02:42:48.969+0000][1][safepoint    ] Application time: 1.0000767 seconds
[2019-12-09T02:42:48.969+0000][1][safepoint    ] Entering safepoint region: Cleanup
[2019-12-09T02:42:48.969+0000][1][safepoint    ] Leaving safepoint region
[2019-12-09T02:42:48.969+0000][1][safepoint    ] Total time for which application threads were stopped: 0.0000747 seconds, Stopping threads took: 0.0000165 seconds
[2019-12-09T02:42:49.969+0000][1][safepoint    ] Application time: 1.0000803 seconds
[2019-12-09T02:42:49.969+0000][1][safepoint    ] Entering safepoint region: Cleanup
[2019-12-09T02:42:49.969+0000][1][safepoint    ] Leaving safepoint region
[2019-12-09T02:42:49.969+0000][1][safepoint    ] Total time for which application threads were stopped: 0.0000837 seconds, Stopping threads took: 0.0000240 seconds
[2019-12-09T02:42:50.969+0000][1][safepoint    ] Application time: 1.0000780 seconds
[2019-12-09T02:42:50.970+0000][1][safepoint    ] Entering safepoint region: Cleanup
[2019-12-09T02:42:50.970+0000][1][safepoint    ] Leaving safepoint region
[2019-12-09T02:42:50.970+0000][1][safepoint    ] Total time for which application threads were stopped: 0.0000802 seconds, Stopping threads took: 0.0000199 seconds
[2019-12-09T02:42:51.970+0000][1][safepoint    ] Application time: 1.0000854 seconds
[2019-12-09T02:42:51.970+0000][1][safepoint    ] Entering safepoint region: Cleanup
[2019-12-09T02:42:51.970+0000][1][safepoint    ] Leaving safepoint region
[2019-12-09T02:42:51.970+0000][1][safepoint    ] Total time for which application threads were stopped: 0.0000740 seconds, Stopping threads took: 0.0000154 seconds
[2019-12-09T02:42:52.970+0000][1][safepoint    ] Application time: 1.0000770 seconds
[2019-12-09T02:42:52.970+0000][1][safepoint    ] Entering safepoint region: Cleanup
[2019-12-09T02:42:52.970+0000][1][safepoint    ] Leaving safepoint region
[2019-12-09T02:42:52.970+0000][1][safepoint    ] Total time for which application threads were stopped: 0.0000751 seconds, Stopping threads took: 0.0000174 seconds
[2019-12-09T02:42:53.970+0000][1][safepoint    ] Application time: 1.0000759 seconds
[2019-12-09T02:42:53.970+0000][1][safepoint    ] Entering safepoint region: Cleanup
[2019-12-09T02:42:53.970+0000][1][safepoint    ] Leaving safepoint region
[2019-12-09T02:42:53.970+0000][1][safepoint    ] Total time for which application threads were stopped: 0.0000751 seconds, Stopping threads took: 0.0000171 seconds
[2019-12-09T02:42:54.970+0000][1][safepoint    ] Application time: 1.0000780 seconds
[2019-12-09T02:42:54.970+0000][1][safepoint    ] Entering safepoint region: Cleanup
[2019-12-09T02:42:54.970+0000][1][safepoint    ] Leaving safepoint region
[2019-12-09T02:42:54.970+0000][1][safepoint    ] Total time for which application threads were stopped: 0.0000799 seconds, Stopping threads took: 0.0000166 seconds
[2019-12-09T02:42:55.970+0000][1][safepoint    ] Application time: 1.0000798 seconds
[2019-12-09T02:42:55.971+0000][1][safepoint    ] Entering safepoint region: Cleanup
[2019-12-09T02:42:55.971+0000][1][safepoint    ] Leaving safepoint region
[2019-12-09T02:42:55.971+0000][1][safepoint    ] Total time for which application threads were stopped: 0.0000890 seconds, Stopping threads took: 0.0000169 seconds
[2019-12-09T02:42:56.971+0000][1][safepoint    ] Application time: 1.0000796 seconds
[2019-12-09T02:42:56.971+0000][1][safepoint    ] Entering safepoint region: Cleanup
[2019-12-09T02:42:56.971+0000][1][safepoint    ] Leaving safepoint region
[2019-12-09T02:42:56.971+0000][1][safepoint    ] Total time for which application threads were stopped: 0.0000765 seconds, Stopping threads took: 0.0000170 seconds
[2019-12-09T02:42:57.971+0000][1][safepoint    ] Application time: 1.0000781 seconds
[2019-12-09T02:42:57.971+0000][1][safepoint    ] Entering safepoint region: Cleanup
[2019-12-09T02:42:57.971+0000][1][safepoint    ] Leaving safepoint region
[2019-12-09T02:42:57.971+0000][1][safepoint    ] Total time for which application threads were stopped: 0.0000759 seconds, Stopping threads took: 0.0000167 seconds
[2019-12-09T02:42:58.971+0000][1][safepoint    ] Application time: 1.0000786 seconds
[2019-12-09T02:42:58.971+0000][1][safepoint    ] Entering safepoint region: Cleanup
[2019-12-09T02:42:58.971+0000][1][safepoint    ] Leaving safepoint region
[2019-12-09T02:42:58.971+0000][1][safepoint    ] Total time for which application threads were stopped: 0.0000759 seconds, Stopping threads took: 0.0000162 seconds
[2019-12-09T02:42:59.971+0000][1][safepoint    ] Application time: 1.0000756 seconds
[2019-12-09T02:42:59.971+0000][1][safepoint    ] Entering safepoint region: Cleanup
[2019-12-09T02:42:59.971+0000][1][safepoint    ] Leaving safepoint region
[2019-12-09T02:42:59.971+0000][1][safepoint    ] Total time for which application threads were stopped: 0.0000848 seconds, Stopping threads took: 0.0000192 seconds
[2019-12-09T02:43:00.972+0000][1][safepoint    ] Application time: 1.0000805 seconds
[2019-12-09T02:43:00.972+0000][1][safepoint    ] Entering safepoint region: Cleanup
[2019-12-09T02:43:00.972+0000][1][safepoint    ] Leaving safepoint region
[2019-12-09T02:43:00.972+0000][1][safepoint    ] Total time for which application threads were stopped: 0.0000756 seconds, Stopping threads took: 0.0000167 seconds
[2019-12-09T02:43:01.972+0000][1][safepoint    ] Application time: 1.0000848 seconds
[2019-12-09T02:43:01.972+0000][1][safepoint    ] Entering safepoint region: Cleanup
[2019-12-09T02:43:01.972+0000][1][safepoint    ] Leaving safepoint region
[2019-12-09T02:43:01.972+0000][1][safepoint    ] Total time for which application threads were stopped: 0.0001013 seconds, Stopping threads took: 0.0000220 seconds
[2019-12-09T02:43:02.972+0000][1][safepoint    ] Application time: 1.0000796 seconds
[2019-12-09T02:43:02.972+0000][1][safepoint    ] Entering safepoint region: Cleanup
[2019-12-09T02:43:02.972+0000][1][safepoint    ] Leaving safepoint region
[2019-12-09T02:43:02.972+0000][1][safepoint    ] Total time for which application threads were stopped: 0.0000763 seconds, Stopping threads took: 0.0000182 seconds
[2019-12-09T02:43:03.972+0000][1][safepoint    ] Application time: 1.0000808 seconds
[2019-12-09T02:43:03.972+0000][1][safepoint    ] Entering safepoint region: Cleanup
[2019-12-09T02:43:03.972+0000][1][safepoint    ] Leaving safepoint region
[2019-12-09T02:43:03.972+0000][1][safepoint    ] Total time for which application threads were stopped: 0.0000800 seconds, Stopping threads took: 0.0000172 seconds
[2019-12-09T02:43:04.972+0000][1][safepoint    ] Application time: 1.0000800 seconds
[2019-12-09T02:43:04.972+0000][1][safepoint    ] Entering safepoint region: Cleanup
[2019-12-09T02:43:04.972+0000][1][safepoint    ] Leaving safepoint region
[2019-12-09T02:43:04.972+0000][1][safepoint    ] Total time for which application threads were stopped: 0.0000788 seconds, Stopping threads took: 0.0000172 seconds
[2019-12-09T02:43:05.973+0000][1][safepoint    ] Application time: 1.0000807 seconds
[2019-12-09T02:43:05.973+0000][1][safepoint    ] Entering safepoint region: Cleanup
[2019-12-09T02:43:05.973+0000][1][safepoint    ] Leaving safepoint region
[2019-12-09T02:43:05.973+0000][1][safepoint    ] Total time for which application threads were stopped: 0.0000887 seconds, Stopping threads took: 0.0000164 seconds
[2019-12-09T02:43:06.973+0000][1][safepoint    ] Application time: 1.0000808 seconds
[2019-12-09T02:43:06.973+0000][1][safepoint    ] Entering safepoint region: Cleanup
[2019-12-09T02:43:06.973+0000][1][safepoint    ] Leaving safepoint region
[2019-12-09T02:43:06.973+0000][1][safepoint    ] Total time for which application threads were stopped: 0.0000804 seconds, Stopping threads took: 0.0000188 seconds
[2019-12-09T02:43:07.973+0000][1][safepoint    ] Application time: 1.0001309 seconds
[2019-12-09T02:43:07.973+0000][1][safepoint    ] Entering safepoint region: Cleanup
[2019-12-09T02:43:07.973+0000][1][safepoint    ] Leaving safepoint region
[2019-12-09T02:43:07.973+0000][1][safepoint    ] Total time for which application threads were stopped: 0.0001102 seconds, Stopping threads took: 0.0000204 seconds
[2019-12-09T02:43:08.973+0000][1][safepoint    ] Application time: 1.0000752 seconds
[2019-12-09T02:43:08.973+0000][1][safepoint    ] Entering safepoint region: Cleanup
[2019-12-09T02:43:08.973+0000][1][safepoint    ] Leaving safepoint region
[2019-12-09T02:43:08.973+0000][1][safepoint    ] Total time for which application threads were stopped: 0.0000770 seconds, Stopping threads took: 0.0000171 seconds
[2019-12-09T02:43:09.973+0000][1][safepoint    ] Application time: 1.0000742 seconds
[2019-12-09T02:43:09.974+0000][1][safepoint    ] Entering safepoint region: Cleanup
[2019-12-09T02:43:09.974+0000][1][safepoint    ] Leaving safepoint region
[2019-12-09T02:43:09.974+0000][1][safepoint    ] Total time for which application threads were stopped: 0.0000793 seconds, Stopping threads took: 0.0000182 seconds
[2019-12-09T02:43:10.974+0000][1][safepoint    ] Application time: 1.0000863 seconds
[2019-12-09T02:43:10.974+0000][1][safepoint    ] Entering safepoint region: Cleanup
[2019-12-09T02:43:10.974+0000][1][safepoint    ] Leaving safepoint region
[2019-12-09T02:43:10.974+0000][1][safepoint    ] Total time for which application threads were stopped: 0.0000779 seconds, Stopping threads took: 0.0000173 seconds
[2019-12-09T02:43:11.974+0000][1][safepoint    ] Application time: 1.0000741 seconds
[2019-12-09T02:43:11.974+0000][1][safepoint    ] Entering safepoint region: Cleanup
[2019-12-09T02:43:11.974+0000][1][safepoint    ] Leaving safepoint region
[2019-12-09T02:43:11.974+0000][1][safepoint    ] Total time for which application threads were stopped: 0.0000782 seconds, Stopping threads took: 0.0000184 seconds
[2019-12-09T02:43:12.974+0000][1][safepoint    ] Application time: 1.0000788 seconds
[2019-12-09T02:43:12.974+0000][1][safepoint    ] Entering safepoint region: Cleanup
[2019-12-09T02:43:12.974+0000][1][safepoint    ] Leaving safepoint region
[2019-12-09T02:43:12.974+0000][1][safepoint    ] Total time for which application threads were stopped: 0.0000761 seconds, Stopping threads took: 0.0000182 seconds
[2019-12-09T02:43:13.974+0000][1][safepoint    ] Application time: 1.0000751 seconds
[2019-12-09T02:43:13.974+0000][1][safepoint    ] Entering safepoint region: Cleanup
[2019-12-09T02:43:13.974+0000][1][safepoint    ] Leaving safepoint region
[2019-12-09T02:43:13.974+0000][1][safepoint    ] Total time for which application threads were stopped: 0.0000781 seconds, Stopping threads took: 0.0000178 seconds
[2019-12-09T02:43:14.974+0000][1][safepoint    ] Application time: 1.0000773 seconds
[2019-12-09T02:43:14.975+0000][1][safepoint    ] Entering safepoint region: Cleanup
[2019-12-09T02:43:14.975+0000][1][safepoint    ] Leaving safepoint region
[2019-12-09T02:43:14.975+0000][1][safepoint    ] Total time for which application threads were stopped: 0.0000800 seconds, Stopping threads took: 0.0000171 seconds
[2019-12-09T02:43:15.975+0000][1][safepoint    ] Application time: 1.0000742 seconds
[2019-12-09T02:43:15.975+0000][1][safepoint    ] Entering safepoint region: Cleanup
[2019-12-09T02:43:15.975+0000][1][safepoint    ] Leaving safepoint region
[2019-12-09T02:43:15.975+0000][1][safepoint    ] Total time for which application threads were stopped: 0.0000762 seconds, Stopping threads took: 0.0000173 seconds
[2019-12-09T02:43:16.975+0000][1][safepoint    ] Application time: 1.0000749 seconds
[2019-12-09T02:43:16.975+0000][1][safepoint    ] Entering safepoint region: Cleanup
[2019-12-09T02:43:16.975+0000][1][safepoint    ] Leaving safepoint region
[2019-12-09T02:43:16.975+0000][1][safepoint    ] Total time for which application threads were stopped: 0.0000768 seconds, Stopping threads took: 0.0000169 seconds
[2019-12-09T02:43:17.975+0000][1][safepoint    ] Application time: 1.0000757 seconds
[2019-12-09T02:43:17.975+0000][1][safepoint    ] Entering safepoint region: Cleanup
[2019-12-09T02:43:17.975+0000][1][safepoint    ] Leaving safepoint region
[2019-12-09T02:43:17.975+0000][1][safepoint    ] Total time for which application threads were stopped: 0.0000745 seconds, Stopping threads took: 0.0000186 seconds
[2019-12-09T02:43:18.975+0000][1][safepoint    ] Application time: 1.0000751 seconds
[2019-12-09T02:43:18.975+0000][1][safepoint    ] Entering safepoint region: Cleanup
[2019-12-09T02:43:18.975+0000][1][safepoint    ] Leaving safepoint region
[2019-12-09T02:43:18.975+0000][1][safepoint    ] Total time for which application threads were stopped: 0.0000764 seconds, Stopping threads took: 0.0000171 seconds
[2019-12-09T02:43:19.975+0000][1][safepoint    ] Application time: 1.0000753 seconds
[2019-12-09T02:43:19.976+0000][1][safepoint    ] Entering safepoint region: Cleanup
[2019-12-09T02:43:19.976+0000][1][safepoint    ] Leaving safepoint region
[2019-12-09T02:43:19.976+0000][1][safepoint    ] Total time for which application threads were stopped: 0.0000927 seconds, Stopping threads took: 0.0000264 seconds
[2019-12-09T02:43:20.976+0000][1][safepoint    ] Application time: 1.0000894 seconds
[2019-12-09T02:43:20.976+0000][1][safepoint    ] Entering safepoint region: Cleanup
[2019-12-09T02:43:20.976+0000][1][safepoint    ] Leaving safepoint region
[2019-12-09T02:43:20.976+0000][1][safepoint    ] Total time for which application threads were stopped: 0.0000778 seconds, Stopping threads took: 0.0000177 seconds
[2019-12-09T02:43:21.976+0000][1][safepoint    ] Application time: 1.0000755 seconds
[2019-12-09T02:43:21.976+0000][1][safepoint    ] Entering safepoint region: Cleanup
[2019-12-09T02:43:21.976+0000][1][safepoint    ] Leaving safepoint region
[2019-12-09T02:43:21.976+0000][1][safepoint    ] Total time for which application threads were stopped: 0.0000752 seconds, Stopping threads took: 0.0000170 seconds
[2019-12-09T02:43:22.976+0000][1][safepoint    ] Application time: 1.0000757 seconds
[2019-12-09T02:43:22.976+0000][1][safepoint    ] Entering safepoint region: Cleanup
[2019-12-09T02:43:22.976+0000][1][safepoint    ] Leaving safepoint region
[2019-12-09T02:43:22.976+0000][1][safepoint    ] Total time for which application threads were stopped: 0.0000766 seconds, Stopping threads took: 0.0000178 seconds
[2019-12-09T02:43:23.976+0000][1][safepoint    ] Application time: 1.0000756 seconds
[2019-12-09T02:43:23.976+0000][1][safepoint    ] Entering safepoint region: Cleanup
[2019-12-09T02:43:23.976+0000][1][safepoint    ] Leaving safepoint region
[2019-12-09T02:43:23.976+0000][1][safepoint    ] Total time for which application threads were stopped: 0.0000820 seconds, Stopping threads took: 0.0000162 seconds
[2019-12-09T02:43:24.976+0000][1][safepoint    ] Application time: 1.0000742 seconds
[2019-12-09T02:43:24.977+0000][1][safepoint    ] Entering safepoint region: Cleanup
[2019-12-09T02:43:24.977+0000][1][safepoint    ] Leaving safepoint region
[2019-12-09T02:43:24.977+0000][1][safepoint    ] Total time for which application threads were stopped: 0.0000793 seconds, Stopping threads took: 0.0000171 seconds
[2019-12-09T02:43:25.977+0000][1][safepoint    ] Application time: 1.0000835 seconds
[2019-12-09T02:43:25.977+0000][1][safepoint    ] Entering safepoint region: Cleanup
[2019-12-09T02:43:25.977+0000][1][safepoint    ] Leaving safepoint region
[2019-12-09T02:43:25.977+0000][1][safepoint    ] Total time for which application threads were stopped: 0.0000755 seconds, Stopping threads took: 0.0000168 seconds
[2019-12-09T02:43:26.977+0000][1][safepoint    ] Application time: 1.0000759 seconds
[2019-12-09T02:43:26.977+0000][1][safepoint    ] Entering safepoint region: Cleanup
[2019-12-09T02:43:26.977+0000][1][safepoint    ] Leaving safepoint region
[2019-12-09T02:43:26.977+0000][1][safepoint    ] Total time for which application threads were stopped: 0.0000769 seconds, Stopping threads took: 0.0000175 seconds
[2019-12-09T02:43:27.977+0000][1][safepoint    ] Application time: 1.0000758 seconds
[2019-12-09T02:43:27.977+0000][1][safepoint    ] Entering safepoint region: Cleanup
[2019-12-09T02:43:27.977+0000][1][safepoint    ] Leaving safepoint region
[2019-12-09T02:43:27.977+0000][1][safepoint    ] Total time for which application threads were stopped: 0.0000726 seconds, Stopping threads took: 0.0000153 seconds
[2019-12-09T02:43:28.977+0000][1][safepoint    ] Application time: 1.0000773 seconds
[2019-12-09T02:43:28.977+0000][1][safepoint    ] Entering safepoint region: Cleanup
[2019-12-09T02:43:28.977+0000][1][safepoint    ] Leaving safepoint region
[2019-12-09T02:43:28.977+0000][1][safepoint    ] Total time for which application threads were stopped: 0.0000777 seconds, Stopping threads took: 0.0000178 seconds
[2019-12-09T02:43:29.977+0000][1][safepoint    ] Application time: 1.0000771 seconds
[2019-12-09T02:43:29.978+0000][1][safepoint    ] Entering safepoint region: Cleanup
[2019-12-09T02:43:29.978+0000][1][safepoint    ] Leaving safepoint region
[2019-12-09T02:43:29.978+0000][1][safepoint    ] Total time for which application threads were stopped: 0.0000763 seconds, Stopping threads took: 0.0000162 seconds
[2019-12-09T02:43:30.978+0000][1][safepoint    ] Application time: 1.0000764 seconds
[2019-12-09T02:43:30.978+0000][1][safepoint    ] Entering safepoint region: Cleanup
[2019-12-09T02:43:30.978+0000][1][safepoint    ] Leaving safepoint region
[2019-12-09T02:43:30.978+0000][1][safepoint    ] Total time for which application threads were stopped: 0.0000791 seconds, Stopping threads took: 0.0000189 seconds
[2019-12-09T02:43:31.978+0000][1][safepoint    ] Application time: 1.0000759 seconds
[2019-12-09T02:43:31.978+0000][1][safepoint    ] Entering safepoint region: Cleanup
[2019-12-09T02:43:31.978+0000][1][safepoint    ] Leaving safepoint region
[2019-12-09T02:43:31.978+0000][1][safepoint    ] Total time for which application threads were stopped: 0.0000815 seconds, Stopping threads took: 0.0000175 seconds
[2019-12-09T02:43:32.978+0000][1][safepoint    ] Application time: 1.0000764 seconds
[2019-12-09T02:43:32.978+0000][1][safepoint    ] Entering safepoint region: Cleanup
[2019-12-09T02:43:32.978+0000][1][safepoint    ] Leaving safepoint region
[2019-12-09T02:43:32.978+0000][1][safepoint    ] Total time for which application threads were stopped: 0.0000854 seconds, Stopping threads took: 0.0000180 seconds
[2019-12-09T02:43:33.978+0000][1][safepoint    ] Application time: 1.0000740 seconds
[2019-12-09T02:43:33.978+0000][1][safepoint    ] Entering safepoint region: Cleanup
[2019-12-09T02:43:33.978+0000][1][safepoint    ] Leaving safepoint region
[2019-12-09T02:43:33.978+0000][1][safepoint    ] Total time for which application threads were stopped: 0.0000772 seconds, Stopping threads took: 0.0000176 seconds
[2019-12-09T02:43:34.978+0000][1][safepoint    ] Application time: 1.0000761 seconds
[2019-12-09T02:43:34.979+0000][1][safepoint    ] Entering safepoint region: Cleanup
[2019-12-09T02:43:34.979+0000][1][safepoint    ] Leaving safepoint region
[2019-12-09T02:43:34.979+0000][1][safepoint    ] Total time for which application threads were stopped: 0.0000768 seconds, Stopping threads took: 0.0000165 seconds
[2019-12-09T02:43:35.979+0000][1][safepoint    ] Application time: 1.0000749 seconds
[2019-12-09T02:43:35.979+0000][1][safepoint    ] Entering safepoint region: Cleanup
[2019-12-09T02:43:35.979+0000][1][safepoint    ] Leaving safepoint region
[2019-12-09T02:43:35.979+0000][1][safepoint    ] Total time for which application threads were stopped: 0.0000771 seconds, Stopping threads took: 0.0000172 seconds
[2019-12-09T02:43:36.979+0000][1][safepoint    ] Application time: 1.0000762 seconds
[2019-12-09T02:43:36.979+0000][1][safepoint    ] Entering safepoint region: Cleanup
[2019-12-09T02:43:36.979+0000][1][safepoint    ] Leaving safepoint region
[2019-12-09T02:43:36.979+0000][1][safepoint    ] Total time for which application threads were stopped: 0.0000734 seconds, Stopping threads took: 0.0000156 seconds
[2019-12-09T02:43:37.979+0000][1][safepoint    ] Application time: 1.0000764 seconds
[2019-12-09T02:43:37.979+0000][1][safepoint    ] Entering safepoint region: Cleanup
[2019-12-09T02:43:37.979+0000][1][safepoint    ] Leaving safepoint region
[2019-12-09T02:43:37.979+0000][1][safepoint    ] Total time for which application threads were stopped: 0.0000769 seconds, Stopping threads took: 0.0000160 seconds
[2019-12-09T02:43:38.979+0000][1][safepoint    ] Application time: 1.0000747 seconds
[2019-12-09T02:43:38.979+0000][1][safepoint    ] Entering safepoint region: Cleanup
[2019-12-09T02:43:38.979+0000][1][safepoint    ] Leaving safepoint region
[2019-12-09T02:43:38.979+0000][1][safepoint    ] Total time for which application threads were stopped: 0.0000772 seconds, Stopping threads took: 0.0000175 seconds
[2019-12-09T02:43:39.979+0000][1][safepoint    ] Application time: 1.0000672 seconds
[2019-12-09T02:43:39.979+0000][1][safepoint    ] Entering safepoint region: Cleanup
[2019-12-09T02:43:39.980+0000][1][safepoint    ] Leaving safepoint region
[2019-12-09T02:43:39.980+0000][1][safepoint    ] Total time for which application threads were stopped: 0.0000748 seconds, Stopping threads took: 0.0000168 seconds
[2019-12-09T02:43:40.980+0000][1][safepoint    ] Application time: 1.0000773 seconds
[2019-12-09T02:43:40.980+0000][1][safepoint    ] Entering safepoint region: Cleanup
[2019-12-09T02:43:40.980+0000][1][safepoint    ] Leaving safepoint region
[2019-12-09T02:43:40.980+0000][1][safepoint    ] Total time for which application threads were stopped: 0.0000913 seconds, Stopping threads took: 0.0000197 seconds
[2019-12-09T02:43:41.980+0000][1][safepoint    ] Application time: 1.0000727 seconds
[2019-12-09T02:43:41.980+0000][1][safepoint    ] Entering safepoint region: Cleanup
[2019-12-09T02:43:41.980+0000][1][safepoint    ] Leaving safepoint region
[2019-12-09T02:43:41.980+0000][1][safepoint    ] Total time for which application threads were stopped: 0.0000820 seconds, Stopping threads took: 0.0000162 seconds
[2019-12-09T02:43:42.980+0000][1][safepoint    ] Application time: 1.0000762 seconds
[2019-12-09T02:43:42.980+0000][1][safepoint    ] Entering safepoint region: Cleanup
[2019-12-09T02:43:42.980+0000][1][safepoint    ] Leaving safepoint region
[2019-12-09T02:43:42.980+0000][1][safepoint    ] Total time for which application threads were stopped: 0.0000774 seconds, Stopping threads took: 0.0000161 seconds
[2019-12-09T02:43:43.980+0000][1][safepoint    ] Application time: 1.0000761 seconds
[2019-12-09T02:43:43.980+0000][1][safepoint    ] Entering safepoint region: Cleanup
[2019-12-09T02:43:43.980+0000][1][safepoint    ] Leaving safepoint region
[2019-12-09T02:43:43.980+0000][1][safepoint    ] Total time for which application threads were stopped: 0.0000770 seconds, Stopping threads took: 0.0000174 seconds
[2019-12-09T02:43:44.980+0000][1][safepoint    ] Application time: 1.0000746 seconds
[2019-12-09T02:43:44.980+0000][1][safepoint    ] Entering safepoint region: Cleanup
[2019-12-09T02:43:44.981+0000][1][safepoint    ] Leaving safepoint region
[2019-12-09T02:43:44.981+0000][1][safepoint    ] Total time for which application threads were stopped: 0.0000777 seconds, Stopping threads took: 0.0000175 seconds
[2019-12-09T02:43:45.981+0000][1][safepoint    ] Application time: 1.0000739 seconds
[2019-12-09T02:43:45.981+0000][1][safepoint    ] Entering safepoint region: Cleanup
[2019-12-09T02:43:45.981+0000][1][safepoint    ] Leaving safepoint region
[2019-12-09T02:43:45.981+0000][1][safepoint    ] Total time for which application threads were stopped: 0.0000911 seconds, Stopping threads took: 0.0000177 seconds
[2019-12-09T02:43:46.981+0000][1][safepoint    ] Application time: 1.0000756 seconds
[2019-12-09T02:43:46.981+0000][1][safepoint    ] Entering safepoint region: Cleanup
[2019-12-09T02:43:46.981+0000][1][safepoint    ] Leaving safepoint region
[2019-12-09T02:43:46.981+0000][1][safepoint    ] Total time for which application threads were stopped: 0.0000831 seconds, Stopping threads took: 0.0000166 seconds
[2019-12-09T02:43:47.981+0000][1][safepoint    ] Application time: 1.0000743 seconds
[2019-12-09T02:43:47.981+0000][1][safepoint    ] Entering safepoint region: Cleanup
[2019-12-09T02:43:47.981+0000][1][safepoint    ] Leaving safepoint region
[2019-12-09T02:43:47.981+0000][1][safepoint    ] Total time for which application threads were stopped: 0.0000770 seconds, Stopping threads took: 0.0000170 seconds
[2019-12-09T02:43:48.981+0000][1][safepoint    ] Application time: 1.0000768 seconds
[2019-12-09T02:43:48.981+0000][1][safepoint    ] Entering safepoint region: Cleanup
[2019-12-09T02:43:48.981+0000][1][safepoint    ] Leaving safepoint region
[2019-12-09T02:43:48.981+0000][1][safepoint    ] Total time for which application threads were stopped: 0.0000835 seconds, Stopping threads took: 0.0000181 seconds
[2019-12-09T02:43:49.981+0000][1][safepoint    ] Application time: 1.0000755 seconds
[2019-12-09T02:43:49.981+0000][1][safepoint    ] Entering safepoint region: Cleanup
[2019-12-09T02:43:49.982+0000][1][safepoint    ] Leaving safepoint region
[2019-12-09T02:43:49.982+0000][1][safepoint    ] Total time for which application threads were stopped: 0.0000856 seconds, Stopping threads took: 0.0000264 seconds
[2019-12-09T02:43:50.982+0000][1][safepoint    ] Application time: 1.0000756 seconds
[2019-12-09T02:43:50.982+0000][1][safepoint    ] Entering safepoint region: Cleanup
[2019-12-09T02:43:50.982+0000][1][safepoint    ] Leaving safepoint region
[2019-12-09T02:43:50.982+0000][1][safepoint    ] Total time for which application threads were stopped: 0.0000849 seconds, Stopping threads took: 0.0000158 seconds
[2019-12-09T02:43:51.982+0000][1][safepoint    ] Application time: 1.0000740 seconds
[2019-12-09T02:43:51.982+0000][1][safepoint    ] Entering safepoint region: Cleanup
[2019-12-09T02:43:51.982+0000][1][safepoint    ] Leaving safepoint region
[2019-12-09T02:43:51.982+0000][1][safepoint    ] Total time for which application threads were stopped: 0.0000760 seconds, Stopping threads took: 0.0000176 seconds
[2019-12-09T02:43:52.982+0000][1][safepoint    ] Application time: 1.0000746 seconds
[2019-12-09T02:43:52.982+0000][1][safepoint    ] Entering safepoint region: Cleanup
[2019-12-09T02:43:52.982+0000][1][safepoint    ] Leaving safepoint region
[2019-12-09T02:43:52.982+0000][1][safepoint    ] Total time for which application threads were stopped: 0.0000751 seconds, Stopping threads took: 0.0000173 seconds
[2019-12-09T02:43:53.982+0000][1][safepoint    ] Application time: 1.0000748 seconds
[2019-12-09T02:43:53.982+0000][1][safepoint    ] Entering safepoint region: Cleanup
[2019-12-09T02:43:53.982+0000][1][safepoint    ] Leaving safepoint region
[2019-12-09T02:43:53.982+0000][1][safepoint    ] Total time for which application threads were stopped: 0.0000763 seconds, Stopping threads took: 0.0000165 seconds
[2019-12-09T02:43:54.982+0000][1][safepoint    ] Application time: 1.0000765 seconds
[2019-12-09T02:43:54.982+0000][1][safepoint    ] Entering safepoint region: Cleanup
[2019-12-09T02:43:54.983+0000][1][safepoint    ] Leaving safepoint region
[2019-12-09T02:43:54.983+0000][1][safepoint    ] Total time for which application threads were stopped: 0.0000827 seconds, Stopping threads took: 0.0000168 seconds
[2019-12-09T02:43:55.983+0000][1][safepoint    ] Application time: 1.0000762 seconds
[2019-12-09T02:43:55.983+0000][1][safepoint    ] Entering safepoint region: Cleanup
[2019-12-09T02:43:55.983+0000][1][safepoint    ] Leaving safepoint region
[2019-12-09T02:43:55.983+0000][1][safepoint    ] Total time for which application threads were stopped: 0.0000982 seconds, Stopping threads took: 0.0000178 seconds
[2019-12-09T02:43:56.983+0000][1][safepoint    ] Application time: 1.0000772 seconds
[2019-12-09T02:43:56.983+0000][1][safepoint    ] Entering safepoint region: Cleanup
[2019-12-09T02:43:56.983+0000][1][safepoint    ] Leaving safepoint region
[2019-12-09T02:43:56.983+0000][1][safepoint    ] Total time for which application threads were stopped: 0.0000764 seconds, Stopping threads took: 0.0000181 seconds
[2019-12-09T02:43:57.983+0000][1][safepoint    ] Application time: 1.0000762 seconds
[2019-12-09T02:43:57.983+0000][1][safepoint    ] Entering safepoint region: Cleanup
[2019-12-09T02:43:57.983+0000][1][safepoint    ] Leaving safepoint region
[2019-12-09T02:43:57.983+0000][1][safepoint    ] Total time for which application threads were stopped: 0.0000816 seconds, Stopping threads took: 0.0000161 seconds
[2019-12-09T02:43:58.983+0000][1][safepoint    ] Application time: 1.0000752 seconds
[2019-12-09T02:43:58.983+0000][1][safepoint    ] Entering safepoint region: Cleanup
[2019-12-09T02:43:58.983+0000][1][safepoint    ] Leaving safepoint region
[2019-12-09T02:43:58.983+0000][1][safepoint    ] Total time for which application threads were stopped: 0.0001015 seconds, Stopping threads took: 0.0000388 seconds
[2019-12-09T02:43:59.983+0000][1][safepoint    ] Application time: 1.0000763 seconds
[2019-12-09T02:43:59.983+0000][1][safepoint    ] Entering safepoint region: Cleanup
[2019-12-09T02:43:59.984+0000][1][safepoint    ] Leaving safepoint region
[2019-12-09T02:43:59.984+0000][1][safepoint    ] Total time for which application threads were stopped: 0.0000782 seconds, Stopping threads took: 0.0000170 seconds
[2019-12-09T02:44:00.984+0000][1][safepoint    ] Application time: 1.0000757 seconds
[2019-12-09T02:44:00.984+0000][1][safepoint    ] Entering safepoint region: Cleanup
[2019-12-09T02:44:00.984+0000][1][safepoint    ] Leaving safepoint region
[2019-12-09T02:44:00.984+0000][1][safepoint    ] Total time for which application threads were stopped: 0.0000786 seconds, Stopping threads took: 0.0000180 seconds
[2019-12-09T02:44:01.984+0000][1][safepoint    ] Application time: 1.0000768 seconds
[2019-12-09T02:44:01.984+0000][1][safepoint    ] Entering safepoint region: Cleanup
[2019-12-09T02:44:01.984+0000][1][safepoint    ] Leaving safepoint region
[2019-12-09T02:44:01.984+0000][1][safepoint    ] Total time for which application threads were stopped: 0.0000791 seconds, Stopping threads took: 0.0000186 seconds
[2019-12-09T02:44:02.984+0000][1][safepoint    ] Application time: 1.0000771 seconds
[2019-12-09T02:44:02.984+0000][1][safepoint    ] Entering safepoint region: Cleanup
[2019-12-09T02:44:02.984+0000][1][safepoint    ] Leaving safepoint region
[2019-12-09T02:44:02.984+0000][1][safepoint    ] Total time for which application threads were stopped: 0.0000777 seconds, Stopping threads took: 0.0000178 seconds
[2019-12-09T02:44:03.984+0000][1][safepoint    ] Application time: 1.0000769 seconds
[2019-12-09T02:44:03.984+0000][1][safepoint    ] Entering safepoint region: Cleanup
[2019-12-09T02:44:03.984+0000][1][safepoint    ] Leaving safepoint region
[2019-12-09T02:44:03.984+0000][1][safepoint    ] Total time for which application threads were stopped: 0.0000771 seconds, Stopping threads took: 0.0000169 seconds
[2019-12-09T02:44:04.984+0000][1][safepoint    ] Application time: 1.0000766 seconds
[2019-12-09T02:44:04.985+0000][1][safepoint    ] Entering safepoint region: Cleanup
[2019-12-09T02:44:04.985+0000][1][safepoint    ] Leaving safepoint region
[2019-12-09T02:44:04.985+0000][1][safepoint    ] Total time for which application threads were stopped: 0.0000784 seconds, Stopping threads took: 0.0000179 seconds
[2019-12-09T02:44:05.985+0000][1][safepoint    ] Application time: 1.0000765 seconds
[2019-12-09T02:44:05.985+0000][1][safepoint    ] Entering safepoint region: Cleanup
[2019-12-09T02:44:05.985+0000][1][safepoint    ] Leaving safepoint region
[2019-12-09T02:44:05.985+0000][1][safepoint    ] Total time for which application threads were stopped: 0.0000765 seconds, Stopping threads took: 0.0000191 seconds
[2019-12-09T02:44:06.985+0000][1][safepoint    ] Application time: 1.0000754 seconds
[2019-12-09T02:44:06.985+0000][1][safepoint    ] Entering safepoint region: Cleanup
[2019-12-09T02:44:06.985+0000][1][safepoint    ] Leaving safepoint region
[2019-12-09T02:44:06.985+0000][1][safepoint    ] Total time for which application threads were stopped: 0.0000856 seconds, Stopping threads took: 0.0000243 seconds
[2019-12-09T02:44:07.985+0000][1][safepoint    ] Application time: 1.0000764 seconds
[2019-12-09T02:44:07.985+0000][1][safepoint    ] Entering safepoint region: Cleanup
[2019-12-09T02:44:07.985+0000][1][safepoint    ] Leaving safepoint region
[2019-12-09T02:44:07.985+0000][1][safepoint    ] Total time for which application threads were stopped: 0.0001004 seconds, Stopping threads took: 0.0000188 seconds
[2019-12-09T02:44:08.985+0000][1][safepoint    ] Application time: 1.0000769 seconds
[2019-12-09T02:44:08.985+0000][1][safepoint    ] Entering safepoint region: Cleanup
[2019-12-09T02:44:08.985+0000][1][safepoint    ] Leaving safepoint region
[2019-12-09T02:44:08.985+0000][1][safepoint    ] Total time for which application threads were stopped: 0.0000846 seconds, Stopping threads took: 0.0000241 seconds
[2019-12-09T02:44:09.985+0000][1][safepoint    ] Application time: 1.0000754 seconds
[2019-12-09T02:44:09.986+0000][1][safepoint    ] Entering safepoint region: Cleanup
[2019-12-09T02:44:09.986+0000][1][safepoint    ] Leaving safepoint region
[2019-12-09T02:44:09.986+0000][1][safepoint    ] Total time for which application threads were stopped: 0.0000739 seconds, Stopping threads took: 0.0000173 seconds
[2019-12-09T02:44:10.986+0000][1][safepoint    ] Application time: 1.0000767 seconds
[2019-12-09T02:44:10.986+0000][1][safepoint    ] Entering safepoint region: Cleanup
[2019-12-09T02:44:10.986+0000][1][safepoint    ] Leaving safepoint region
[2019-12-09T02:44:10.986+0000][1][safepoint    ] Total time for which application threads were stopped: 0.0000778 seconds, Stopping threads took: 0.0000176 seconds
[2019-12-09T02:44:11.986+0000][1][safepoint    ] Application time: 1.0000757 seconds
[2019-12-09T02:44:11.986+0000][1][safepoint    ] Entering safepoint region: Cleanup
[2019-12-09T02:44:11.986+0000][1][safepoint    ] Leaving safepoint region
[2019-12-09T02:44:11.986+0000][1][safepoint    ] Total time for which application threads were stopped: 0.0000790 seconds, Stopping threads took: 0.0000181 seconds
[2019-12-09T02:44:12.986+0000][1][safepoint    ] Application time: 1.0000745 seconds
[2019-12-09T02:44:12.986+0000][1][safepoint    ] Entering safepoint region: Cleanup
[2019-12-09T02:44:12.986+0000][1][safepoint    ] Leaving safepoint region
[2019-12-09T02:44:12.986+0000][1][safepoint    ] Total time for which application threads were stopped: 0.0000873 seconds, Stopping threads took: 0.0000202 seconds
[2019-12-09T02:44:13.986+0000][1][safepoint    ] Application time: 1.0000764 seconds
[2019-12-09T02:44:13.986+0000][1][safepoint    ] Entering safepoint region: Cleanup
[2019-12-09T02:44:13.986+0000][1][safepoint    ] Leaving safepoint region
[2019-12-09T02:44:13.986+0000][1][safepoint    ] Total time for which application threads were stopped: 0.0000795 seconds, Stopping threads took: 0.0000201 seconds
[2019-12-09T02:44:14.986+0000][1][safepoint    ] Application time: 1.0000761 seconds
[2019-12-09T02:44:14.987+0000][1][safepoint    ] Entering safepoint region: Cleanup
[2019-12-09T02:44:14.987+0000][1][safepoint    ] Leaving safepoint region
[2019-12-09T02:44:14.987+0000][1][safepoint    ] Total time for which application threads were stopped: 0.0000789 seconds, Stopping threads took: 0.0000187 seconds
[2019-12-09T02:44:15.987+0000][1][safepoint    ] Application time: 1.0000861 seconds
[2019-12-09T02:44:15.987+0000][1][safepoint    ] Entering safepoint region: Cleanup
[2019-12-09T02:44:15.987+0000][1][safepoint    ] Leaving safepoint region
[2019-12-09T02:44:15.987+0000][1][safepoint    ] Total time for which application threads were stopped: 0.0000788 seconds, Stopping threads took: 0.0000187 seconds
[2019-12-09T02:44:16.987+0000][1][safepoint    ] Application time: 1.0000743 seconds
[2019-12-09T02:44:16.987+0000][1][safepoint    ] Entering safepoint region: Cleanup
[2019-12-09T02:44:16.987+0000][1][safepoint    ] Leaving safepoint region
[2019-12-09T02:44:16.987+0000][1][safepoint    ] Total time for which application threads were stopped: 0.0000764 seconds, Stopping threads took: 0.0000174 seconds
[2019-12-09T02:44:17.987+0000][1][safepoint    ] Application time: 1.0000746 seconds
[2019-12-09T02:44:17.987+0000][1][safepoint    ] Entering safepoint region: Cleanup
[2019-12-09T02:44:17.987+0000][1][safepoint    ] Leaving safepoint region
[2019-12-09T02:44:17.987+0000][1][safepoint    ] Total time for which application threads were stopped: 0.0000806 seconds, Stopping threads took: 0.0000167 seconds
[2019-12-09T02:44:18.987+0000][1][safepoint    ] Application time: 1.0000775 seconds
[2019-12-09T02:44:18.987+0000][1][safepoint    ] Entering safepoint region: Cleanup
[2019-12-09T02:44:18.987+0000][1][safepoint    ] Leaving safepoint region
[2019-12-09T02:44:18.987+0000][1][safepoint    ] Total time for which application threads were stopped: 0.0000844 seconds, Stopping threads took: 0.0000250 seconds
[2019-12-09T02:44:19.988+0000][1][safepoint    ] Application time: 1.0000789 seconds
[2019-12-09T02:44:19.988+0000][1][safepoint    ] Entering safepoint region: Cleanup
[2019-12-09T02:44:19.988+0000][1][safepoint    ] Leaving safepoint region
[2019-12-09T02:44:19.988+0000][1][safepoint    ] Total time for which application threads were stopped: 0.0000861 seconds, Stopping threads took: 0.0000259 seconds
[2019-12-09T02:44:20.988+0000][1][safepoint    ] Application time: 1.0000693 seconds
[2019-12-09T02:44:20.988+0000][1][safepoint    ] Entering safepoint region: Cleanup
[2019-12-09T02:44:20.988+0000][1][safepoint    ] Leaving safepoint region
[2019-12-09T02:44:20.988+0000][1][safepoint    ] Total time for which application threads were stopped: 0.0000773 seconds, Stopping threads took: 0.0000174 seconds
[2019-12-09T02:44:21.988+0000][1][safepoint    ] Application time: 1.0000753 seconds
[2019-12-09T02:44:21.988+0000][1][safepoint    ] Entering safepoint region: Cleanup
[2019-12-09T02:44:21.988+0000][1][safepoint    ] Leaving safepoint region
[2019-12-09T02:44:21.988+0000][1][safepoint    ] Total time for which application threads were stopped: 0.0000738 seconds, Stopping threads took: 0.0000161 seconds
[2019-12-09T02:44:22.988+0000][1][safepoint    ] Application time: 1.0000745 seconds
[2019-12-09T02:44:22.988+0000][1][safepoint    ] Entering safepoint region: Cleanup
[2019-12-09T02:44:22.988+0000][1][safepoint    ] Leaving safepoint region
[2019-12-09T02:44:22.988+0000][1][safepoint    ] Total time for which application threads were stopped: 0.0000798 seconds, Stopping threads took: 0.0000188 seconds
[2019-12-09T02:44:23.988+0000][1][safepoint    ] Application time: 1.0000737 seconds
[2019-12-09T02:44:23.988+0000][1][safepoint    ] Entering safepoint region: Cleanup
[2019-12-09T02:44:23.988+0000][1][safepoint    ] Leaving safepoint region
[2019-12-09T02:44:23.988+0000][1][safepoint    ] Total time for which application threads were stopped: 0.0000773 seconds, Stopping threads took: 0.0000175 seconds
[2019-12-09T02:44:24.988+0000][1][safepoint    ] Application time: 1.0000766 seconds
[2019-12-09T02:44:24.989+0000][1][safepoint    ] Entering safepoint region: Cleanup
[2019-12-09T02:44:24.989+0000][1][safepoint    ] Leaving safepoint region
[2019-12-09T02:44:24.989+0000][1][safepoint    ] Total time for which application threads were stopped: 0.0000808 seconds, Stopping threads took: 0.0000217 seconds
[2019-12-09T02:44:25.989+0000][1][safepoint    ] Application time: 1.0000371 seconds
[2019-12-09T02:44:25.989+0000][1][safepoint    ] Entering safepoint region: Cleanup
[2019-12-09T02:44:25.989+0000][1][safepoint    ] Leaving safepoint region
[2019-12-09T02:44:25.989+0000][1][safepoint    ] Total time for which application threads were stopped: 0.0000782 seconds, Stopping threads took: 0.0000192 seconds
[2019-12-09T02:44:26.989+0000][1][safepoint    ] Application time: 1.0000762 seconds
[2019-12-09T02:44:26.989+0000][1][safepoint    ] Entering safepoint region: Cleanup
[2019-12-09T02:44:26.989+0000][1][safepoint    ] Leaving safepoint region
[2019-12-09T02:44:26.989+0000][1][safepoint    ] Total time for which application threads were stopped: 0.0000758 seconds, Stopping threads took: 0.0000169 seconds
[2019-12-09T02:44:28.017+0000][1][safepoint    ] Application time: 1.0276477 seconds
[2019-12-09T02:44:28.017+0000][1][safepoint    ] Entering safepoint region: Cleanup
[2019-12-09T02:44:28.017+0000][1][safepoint    ] Leaving safepoint region
[2019-12-09T02:44:28.017+0000][1][safepoint    ] Total time for which application threads were stopped: 0.0001196 seconds, Stopping threads took: 0.0000323 seconds
[2019-12-09T02:44:28.317+0000][1][safepoint    ] Application time: 0.2997135 seconds
[2019-12-09T02:44:28.317+0000][1][safepoint    ] Entering safepoint region: GenCollectForAllocation
[2019-12-09T02:44:28.317+0000][1][gc,start     ] GC(29) Pause Young (Allocation Failure)
[2019-12-09T02:44:28.317+0000][1][gc,task      ] GC(29) Using 2 workers of 2 for evacuation
[2019-12-09T02:44:28.322+0000][1][gc,age       ] GC(29) Desired survivor size 4456448 bytes, new threshold 6 (max threshold 6)
[2019-12-09T02:44:28.322+0000][1][gc,age       ] GC(29) Age table with threshold 6 (max threshold 6)
[2019-12-09T02:44:28.322+0000][1][gc,age       ] GC(29) - age   1:       5616 bytes,       5616 total
[2019-12-09T02:44:28.322+0000][1][gc,age       ] GC(29) - age   2:       3480 bytes,       9096 total
[2019-12-09T02:44:28.322+0000][1][gc,age       ] GC(29) - age   3:       4720 bytes,      13816 total
[2019-12-09T02:44:28.322+0000][1][gc,age       ] GC(29) - age   4:      10640 bytes,      24456 total
[2019-12-09T02:44:28.322+0000][1][gc,age       ] GC(29) - age   5:      17840 bytes,      42296 total
[2019-12-09T02:44:28.322+0000][1][gc,age       ] GC(29) - age   6:    1763304 bytes,    1805600 total
[2019-12-09T02:44:28.322+0000][1][gc,heap      ] GC(29) ParNew: 72612K->2652K(78656K)
[2019-12-09T02:44:28.322+0000][1][gc,heap      ] GC(29) CMS: 68022K->68022K(174784K)
[2019-12-09T02:44:28.322+0000][1][gc,metaspace ] GC(29) Metaspace: 69001K->69001K(1112064K)
[2019-12-09T02:44:28.322+0000][1][gc           ] GC(29) Pause Young (Allocation Failure) 137M->69M(247M) 5.613ms
[2019-12-09T02:44:28.322+0000][1][gc,cpu       ] GC(29) User=0.01s Sys=0.00s Real=0.00s
[2019-12-09T02:44:28.322+0000][1][safepoint    ] Leaving safepoint region
[2019-12-09T02:44:28.322+0000][1][safepoint    ] Total time for which application threads were stopped: 0.0057629 seconds, Stopping threads took: 0.0000230 seconds
[2019-12-09T02:44:29.322+0000][1][safepoint    ] Application time: 1.0000904 seconds
[2019-12-09T02:44:29.322+0000][1][safepoint    ] Entering safepoint region: Cleanup
[2019-12-09T02:44:29.323+0000][1][safepoint    ] Leaving safepoint region
[2019-12-09T02:44:29.323+0000][1][safepoint    ] Total time for which application threads were stopped: 0.0001010 seconds, Stopping threads took: 0.0000228 seconds
[2019-12-09T02:44:30.323+0000][1][safepoint    ] Application time: 1.0000761 seconds
[2019-12-09T02:44:30.323+0000][1][safepoint    ] Entering safepoint region: Cleanup
[2019-12-09T02:44:30.323+0000][1][safepoint    ] Leaving safepoint region
[2019-12-09T02:44:30.323+0000][1][safepoint    ] Total time for which application threads were stopped: 0.0000804 seconds, Stopping threads took: 0.0000160 seconds
[2019-12-09T02:44:31.323+0000][1][safepoint    ] Application time: 1.0000740 seconds
[2019-12-09T02:44:31.323+0000][1][safepoint    ] Entering safepoint region: Cleanup
[2019-12-09T02:44:31.323+0000][1][safepoint    ] Leaving safepoint region
[2019-12-09T02:44:31.323+0000][1][safepoint    ] Total time for which application threads were stopped: 0.0000785 seconds, Stopping threads took: 0.0000159 seconds
[2019-12-09T02:44:32.323+0000][1][safepoint    ] Application time: 1.0000784 seconds
[2019-12-09T02:44:32.323+0000][1][safepoint    ] Entering safepoint region: Cleanup
[2019-12-09T02:44:32.323+0000][1][safepoint    ] Leaving safepoint region
[2019-12-09T02:44:32.323+0000][1][safepoint    ] Total time for which application threads were stopped: 0.0000740 seconds, Stopping threads took: 0.0000167 seconds
[2019-12-09T02:44:33.323+0000][1][safepoint    ] Application time: 1.0000855 seconds
[2019-12-09T02:44:33.323+0000][1][safepoint    ] Entering safepoint region: Cleanup
[2019-12-09T02:44:33.323+0000][1][safepoint    ] Leaving safepoint region
[2019-12-09T02:44:33.323+0000][1][safepoint    ] Total time for which application threads were stopped: 0.0001007 seconds, Stopping threads took: 0.0000226 seconds
[2019-12-09T02:44:34.323+0000][1][safepoint    ] Application time: 1.0000761 seconds
[2019-12-09T02:44:34.323+0000][1][safepoint    ] Entering safepoint region: Cleanup
[2019-12-09T02:44:34.324+0000][1][safepoint    ] Leaving safepoint region
[2019-12-09T02:44:34.324+0000][1][safepoint    ] Total time for which application threads were stopped: 0.0000732 seconds, Stopping threads took: 0.0000163 seconds
[2019-12-09T02:44:35.324+0000][1][safepoint    ] Application time: 1.0000788 seconds
[2019-12-09T02:44:35.324+0000][1][safepoint    ] Entering safepoint region: Cleanup
[2019-12-09T02:44:35.324+0000][1][safepoint    ] Leaving safepoint region
[2019-12-09T02:44:35.324+0000][1][safepoint    ] Total time for which application threads were stopped: 0.0000864 seconds, Stopping threads took: 0.0000289 seconds
[2019-12-09T02:44:36.324+0000][1][safepoint    ] Application time: 1.0000767 seconds
[2019-12-09T02:44:36.324+0000][1][safepoint    ] Entering safepoint region: Cleanup
[2019-12-09T02:44:36.324+0000][1][safepoint    ] Leaving safepoint region
[2019-12-09T02:44:36.324+0000][1][safepoint    ] Total time for which application threads were stopped: 0.0000742 seconds, Stopping threads took: 0.0000160 seconds
[2019-12-09T02:44:37.324+0000][1][safepoint    ] Application time: 1.0000792 seconds
[2019-12-09T02:44:37.324+0000][1][safepoint    ] Entering safepoint region: Cleanup
[2019-12-09T02:44:37.324+0000][1][safepoint    ] Leaving safepoint region
[2019-12-09T02:44:37.324+0000][1][safepoint    ] Total time for which application threads were stopped: 0.0000755 seconds, Stopping threads took: 0.0000165 seconds
[2019-12-09T02:44:38.324+0000][1][safepoint    ] Application time: 1.0000768 seconds
[2019-12-09T02:44:38.324+0000][1][safepoint    ] Entering safepoint region: Cleanup
[2019-12-09T02:44:38.324+0000][1][safepoint    ] Leaving safepoint region
[2019-12-09T02:44:38.324+0000][1][safepoint    ] Total time for which application threads were stopped: 0.0000749 seconds, Stopping threads took: 0.0000175 seconds
[2019-12-09T02:44:39.324+0000][1][safepoint    ] Application time: 1.0000762 seconds
[2019-12-09T02:44:39.324+0000][1][safepoint    ] Entering safepoint region: Cleanup
[2019-12-09T02:44:39.325+0000][1][safepoint    ] Leaving safepoint region
[2019-12-09T02:44:39.325+0000][1][safepoint    ] Total time for which application threads were stopped: 0.0000733 seconds, Stopping threads took: 0.0000172 seconds
[2019-12-09T02:44:40.325+0000][1][safepoint    ] Application time: 1.0000759 seconds
[2019-12-09T02:44:40.325+0000][1][safepoint    ] Entering safepoint region: Cleanup
[2019-12-09T02:44:40.325+0000][1][safepoint    ] Leaving safepoint region
[2019-12-09T02:44:40.325+0000][1][safepoint    ] Total time for which application threads were stopped: 0.0000923 seconds, Stopping threads took: 0.0000180 seconds
[2019-12-09T02:44:41.325+0000][1][safepoint    ] Application time: 1.0000756 seconds
[2019-12-09T02:44:41.325+0000][1][safepoint    ] Entering safepoint region: Cleanup
[2019-12-09T02:44:41.325+0000][1][safepoint    ] Leaving safepoint region
[2019-12-09T02:44:41.325+0000][1][safepoint    ] Total time for which application threads were stopped: 0.0000759 seconds, Stopping threads took: 0.0000166 seconds
[2019-12-09T02:44:42.325+0000][1][safepoint    ] Application time: 1.0000772 seconds
[2019-12-09T02:44:42.325+0000][1][safepoint    ] Entering safepoint region: Cleanup
[2019-12-09T02:44:42.325+0000][1][safepoint    ] Leaving safepoint region
[2019-12-09T02:44:42.325+0000][1][safepoint    ] Total time for which application threads were stopped: 0.0000736 seconds, Stopping threads took: 0.0000174 seconds
[2019-12-09T02:44:43.325+0000][1][safepoint    ] Application time: 1.0000768 seconds
[2019-12-09T02:44:43.325+0000][1][safepoint    ] Entering safepoint region: Cleanup
[2019-12-09T02:44:43.325+0000][1][safepoint    ] Leaving safepoint region
[2019-12-09T02:44:43.325+0000][1][safepoint    ] Total time for which application threads were stopped: 0.0000726 seconds, Stopping threads took: 0.0000157 seconds
[2019-12-09T02:44:44.325+0000][1][safepoint    ] Application time: 1.0000896 seconds
[2019-12-09T02:44:44.325+0000][1][safepoint    ] Entering safepoint region: Cleanup
[2019-12-09T02:44:44.326+0000][1][safepoint    ] Leaving safepoint region
[2019-12-09T02:44:44.326+0000][1][safepoint    ] Total time for which application threads were stopped: 0.0001077 seconds, Stopping threads took: 0.0000258 seconds
[2019-12-09T02:44:45.326+0000][1][safepoint    ] Application time: 1.0000765 seconds
[2019-12-09T02:44:45.326+0000][1][safepoint    ] Entering safepoint region: Cleanup
[2019-12-09T02:44:45.326+0000][1][safepoint    ] Leaving safepoint region
[2019-12-09T02:44:45.326+0000][1][safepoint    ] Total time for which application threads were stopped: 0.0000869 seconds, Stopping threads took: 0.0000169 seconds
[2019-12-09T02:44:46.326+0000][1][safepoint    ] Application time: 1.0000800 seconds
[2019-12-09T02:44:46.326+0000][1][safepoint    ] Entering safepoint region: Cleanup
[2019-12-09T02:44:46.326+0000][1][safepoint    ] Leaving safepoint region
[2019-12-09T02:44:46.326+0000][1][safepoint    ] Total time for which application threads were stopped: 0.0000816 seconds, Stopping threads took: 0.0000175 seconds
[2019-12-09T02:44:47.326+0000][1][safepoint    ] Application time: 1.0000771 seconds
[2019-12-09T02:44:47.326+0000][1][safepoint    ] Entering safepoint region: Cleanup
[2019-12-09T02:44:47.326+0000][1][safepoint    ] Leaving safepoint region
[2019-12-09T02:44:47.326+0000][1][safepoint    ] Total time for which application threads were stopped: 0.0000716 seconds, Stopping threads took: 0.0000163 seconds
[2019-12-09T02:44:48.326+0000][1][safepoint    ] Application time: 1.0000760 seconds
[2019-12-09T02:44:48.326+0000][1][safepoint    ] Entering safepoint region: Cleanup
[2019-12-09T02:44:48.326+0000][1][safepoint    ] Leaving safepoint region
[2019-12-09T02:44:48.326+0000][1][safepoint    ] Total time for which application threads were stopped: 0.0000720 seconds, Stopping threads took: 0.0000173 seconds
[2019-12-09T02:44:49.326+0000][1][safepoint    ] Application time: 1.0000815 seconds
[2019-12-09T02:44:49.326+0000][1][safepoint    ] Entering safepoint region: Cleanup
[2019-12-09T02:44:49.327+0000][1][safepoint    ] Leaving safepoint region
[2019-12-09T02:44:49.327+0000][1][safepoint    ] Total time for which application threads were stopped: 0.0001126 seconds, Stopping threads took: 0.0000312 seconds
[2019-12-09T02:44:50.327+0000][1][safepoint    ] Application time: 1.0000784 seconds
[2019-12-09T02:44:50.327+0000][1][safepoint    ] Entering safepoint region: Cleanup
[2019-12-09T02:44:50.327+0000][1][safepoint    ] Leaving safepoint region
[2019-12-09T02:44:50.327+0000][1][safepoint    ] Total time for which application threads were stopped: 0.0000847 seconds, Stopping threads took: 0.0000265 seconds
[2019-12-09T02:44:51.327+0000][1][safepoint    ] Application time: 1.0000770 seconds
[2019-12-09T02:44:51.327+0000][1][safepoint    ] Entering safepoint region: Cleanup
[2019-12-09T02:44:51.327+0000][1][safepoint    ] Leaving safepoint region
[2019-12-09T02:44:51.327+0000][1][safepoint    ] Total time for which application threads were stopped: 0.0000731 seconds, Stopping threads took: 0.0000165 seconds
[2019-12-09T02:44:52.327+0000][1][safepoint    ] Application time: 1.0000756 seconds
[2019-12-09T02:44:52.327+0000][1][safepoint    ] Entering safepoint region: Cleanup
[2019-12-09T02:44:52.327+0000][1][safepoint    ] Leaving safepoint region
[2019-12-09T02:44:52.327+0000][1][safepoint    ] Total time for which application threads were stopped: 0.0000718 seconds, Stopping threads took: 0.0000161 seconds
[2019-12-09T02:44:53.327+0000][1][safepoint    ] Application time: 1.0000764 seconds
[2019-12-09T02:44:53.327+0000][1][safepoint    ] Entering safepoint region: Cleanup
[2019-12-09T02:44:53.327+0000][1][safepoint    ] Leaving safepoint region
[2019-12-09T02:44:53.327+0000][1][safepoint    ] Total time for which application threads were stopped: 0.0000765 seconds, Stopping threads took: 0.0000194 seconds
[2019-12-09T02:44:54.327+0000][1][safepoint    ] Application time: 1.0000763 seconds
[2019-12-09T02:44:54.327+0000][1][safepoint    ] Entering safepoint region: Cleanup
[2019-12-09T02:44:54.328+0000][1][safepoint    ] Leaving safepoint region
[2019-12-09T02:44:54.328+0000][1][safepoint    ] Total time for which application threads were stopped: 0.0000799 seconds, Stopping threads took: 0.0000232 seconds
[2019-12-09T02:44:55.328+0000][1][safepoint    ] Application time: 1.0000911 seconds
[2019-12-09T02:44:55.328+0000][1][safepoint    ] Entering safepoint region: Cleanup
[2019-12-09T02:44:55.328+0000][1][safepoint    ] Leaving safepoint region
[2019-12-09T02:44:55.328+0000][1][safepoint    ] Total time for which application threads were stopped: 0.0001128 seconds, Stopping threads took: 0.0000239 seconds
[2019-12-09T02:44:56.328+0000][1][safepoint    ] Application time: 1.0000779 seconds
[2019-12-09T02:44:56.328+0000][1][safepoint    ] Entering safepoint region: Cleanup
[2019-12-09T02:44:56.328+0000][1][safepoint    ] Leaving safepoint region
[2019-12-09T02:44:56.328+0000][1][safepoint    ] Total time for which application threads were stopped: 0.0000740 seconds, Stopping threads took: 0.0000166 seconds
[2019-12-09T02:44:57.328+0000][1][safepoint    ] Application time: 1.0000759 seconds
[2019-12-09T02:44:57.328+0000][1][safepoint    ] Entering safepoint region: Cleanup
[2019-12-09T02:44:57.328+0000][1][safepoint    ] Leaving safepoint region
[2019-12-09T02:44:57.328+0000][1][safepoint    ] Total time for which application threads were stopped: 0.0000703 seconds, Stopping threads took: 0.0000155 seconds
[2019-12-09T02:44:58.328+0000][1][safepoint    ] Application time: 1.0000745 seconds
[2019-12-09T02:44:58.328+0000][1][safepoint    ] Entering safepoint region: Cleanup
[2019-12-09T02:44:58.328+0000][1][safepoint    ] Leaving safepoint region
[2019-12-09T02:44:58.328+0000][1][safepoint    ] Total time for which application threads were stopped: 0.0000799 seconds, Stopping threads took: 0.0000160 seconds
[2019-12-09T02:44:59.328+0000][1][safepoint    ] Application time: 1.0000767 seconds
[2019-12-09T02:44:59.328+0000][1][safepoint    ] Entering safepoint region: Cleanup
[2019-12-09T02:44:59.329+0000][1][safepoint    ] Leaving safepoint region
[2019-12-09T02:44:59.329+0000][1][safepoint    ] Total time for which application threads were stopped: 0.0000840 seconds, Stopping threads took: 0.0000227 seconds
[2019-12-09T02:45:00.329+0000][1][safepoint    ] Application time: 1.0000757 seconds
[2019-12-09T02:45:00.329+0000][1][safepoint    ] Entering safepoint region: Cleanup
[2019-12-09T02:45:00.329+0000][1][safepoint    ] Leaving safepoint region
[2019-12-09T02:45:00.329+0000][1][safepoint    ] Total time for which application threads were stopped: 0.0000864 seconds, Stopping threads took: 0.0000188 seconds
[2019-12-09T02:45:01.329+0000][1][safepoint    ] Application time: 1.0007479 seconds
[2019-12-09T02:45:01.330+0000][1][safepoint    ] Entering safepoint region: Cleanup
[2019-12-09T02:45:01.330+0000][1][safepoint    ] Leaving safepoint region
[2019-12-09T02:45:01.330+0000][1][safepoint    ] Total time for which application threads were stopped: 0.0001170 seconds, Stopping threads took: 0.0000278 seconds
[2019-12-09T02:45:02.330+0000][1][safepoint    ] Application time: 1.0000768 seconds
[2019-12-09T02:45:02.330+0000][1][safepoint    ] Entering safepoint region: Cleanup
[2019-12-09T02:45:02.330+0000][1][safepoint    ] Leaving safepoint region
[2019-12-09T02:45:02.330+0000][1][safepoint    ] Total time for which application threads were stopped: 0.0000752 seconds, Stopping threads took: 0.0000177 seconds
[2019-12-09T02:45:03.330+0000][1][safepoint    ] Application time: 1.0000771 seconds
[2019-12-09T02:45:03.330+0000][1][safepoint    ] Entering safepoint region: Cleanup
[2019-12-09T02:45:03.330+0000][1][safepoint    ] Leaving safepoint region
[2019-12-09T02:45:03.330+0000][1][safepoint    ] Total time for which application threads were stopped: 0.0000733 seconds, Stopping threads took: 0.0000179 seconds
[2019-12-09T02:45:04.330+0000][1][safepoint    ] Application time: 1.0000817 seconds
[2019-12-09T02:45:04.330+0000][1][safepoint    ] Entering safepoint region: Cleanup
[2019-12-09T02:45:04.330+0000][1][safepoint    ] Leaving safepoint region
[2019-12-09T02:45:04.330+0000][1][safepoint    ] Total time for which application threads were stopped: 0.0000792 seconds, Stopping threads took: 0.0000233 seconds
[2019-12-09T02:45:05.330+0000][1][safepoint    ] Application time: 1.0000769 seconds
[2019-12-09T02:45:05.330+0000][1][safepoint    ] Entering safepoint region: Cleanup
[2019-12-09T02:45:05.330+0000][1][safepoint    ] Leaving safepoint region
[2019-12-09T02:45:05.330+0000][1][safepoint    ] Total time for which application threads were stopped: 0.0000858 seconds, Stopping threads took: 0.0000205 seconds
[2019-12-09T02:45:06.331+0000][1][safepoint    ] Application time: 1.0000784 seconds
[2019-12-09T02:45:06.331+0000][1][safepoint    ] Entering safepoint region: Cleanup
[2019-12-09T02:45:06.331+0000][1][safepoint    ] Leaving safepoint region
[2019-12-09T02:45:06.331+0000][1][safepoint    ] Total time for which application threads were stopped: 0.0000736 seconds, Stopping threads took: 0.0000168 seconds
[2019-12-09T02:45:07.331+0000][1][safepoint    ] Application time: 1.0000795 seconds
[2019-12-09T02:45:07.331+0000][1][safepoint    ] Entering safepoint region: Cleanup
[2019-12-09T02:45:07.331+0000][1][safepoint    ] Leaving safepoint region
[2019-12-09T02:45:07.331+0000][1][safepoint    ] Total time for which application threads were stopped: 0.0000733 seconds, Stopping threads took: 0.0000162 seconds
[2019-12-09T02:45:08.331+0000][1][safepoint    ] Application time: 1.0000851 seconds
[2019-12-09T02:45:08.331+0000][1][safepoint    ] Entering safepoint region: Cleanup
[2019-12-09T02:45:08.331+0000][1][safepoint    ] Leaving safepoint region
[2019-12-09T02:45:08.331+0000][1][safepoint    ] Total time for which application threads were stopped: 0.0000968 seconds, Stopping threads took: 0.0000235 seconds
[2019-12-09T02:45:09.331+0000][1][safepoint    ] Application time: 1.0000765 seconds
[2019-12-09T02:45:09.331+0000][1][safepoint    ] Entering safepoint region: Cleanup
[2019-12-09T02:45:09.331+0000][1][safepoint    ] Leaving safepoint region
[2019-12-09T02:45:09.331+0000][1][safepoint    ] Total time for which application threads were stopped: 0.0000728 seconds, Stopping threads took: 0.0000166 seconds
[2019-12-09T02:45:10.331+0000][1][safepoint    ] Application time: 1.0000789 seconds
[2019-12-09T02:45:10.331+0000][1][safepoint    ] Entering safepoint region: Cleanup
[2019-12-09T02:45:10.331+0000][1][safepoint    ] Leaving safepoint region
[2019-12-09T02:45:10.331+0000][1][safepoint    ] Total time for which application threads were stopped: 0.0000821 seconds, Stopping threads took: 0.0000165 seconds
[2019-12-09T02:45:11.332+0000][1][safepoint    ] Application time: 1.0000777 seconds
[2019-12-09T02:45:11.332+0000][1][safepoint    ] Entering safepoint region: Cleanup
[2019-12-09T02:45:11.332+0000][1][safepoint    ] Leaving safepoint region
[2019-12-09T02:45:11.332+0000][1][safepoint    ] Total time for which application threads were stopped: 0.0000725 seconds, Stopping threads took: 0.0000169 seconds
[2019-12-09T02:45:12.332+0000][1][safepoint    ] Application time: 1.0000783 seconds
[2019-12-09T02:45:12.332+0000][1][safepoint    ] Entering safepoint region: Cleanup
[2019-12-09T02:45:12.332+0000][1][safepoint    ] Leaving safepoint region
[2019-12-09T02:45:12.332+0000][1][safepoint    ] Total time for which application threads were stopped: 0.0000761 seconds, Stopping threads took: 0.0000176 seconds
[2019-12-09T02:45:13.332+0000][1][safepoint    ] Application time: 1.0000771 seconds
[2019-12-09T02:45:13.332+0000][1][safepoint    ] Entering safepoint region: Cleanup
[2019-12-09T02:45:13.332+0000][1][safepoint    ] Leaving safepoint region
[2019-12-09T02:45:13.332+0000][1][safepoint    ] Total time for which application threads were stopped: 0.0000717 seconds, Stopping threads took: 0.0000169 seconds
[2019-12-09T02:45:14.332+0000][1][safepoint    ] Application time: 1.0000772 seconds
[2019-12-09T02:45:14.332+0000][1][safepoint    ] Entering safepoint region: Cleanup
[2019-12-09T02:45:14.332+0000][1][safepoint    ] Leaving safepoint region
[2019-12-09T02:45:14.332+0000][1][safepoint    ] Total time for which application threads were stopped: 0.0000788 seconds, Stopping threads took: 0.0000231 seconds
[2019-12-09T02:45:15.332+0000][1][safepoint    ] Application time: 1.0000776 seconds
[2019-12-09T02:45:15.332+0000][1][safepoint    ] Entering safepoint region: Cleanup
[2019-12-09T02:45:15.332+0000][1][safepoint    ] Leaving safepoint region
[2019-12-09T02:45:15.332+0000][1][safepoint    ] Total time for which application threads were stopped: 0.0000718 seconds, Stopping threads took: 0.0000164 seconds
[2019-12-09T02:45:16.332+0000][1][safepoint    ] Application time: 1.0000776 seconds
[2019-12-09T02:45:16.333+0000][1][safepoint    ] Entering safepoint region: Cleanup
[2019-12-09T02:45:16.333+0000][1][safepoint    ] Leaving safepoint region
[2019-12-09T02:45:16.333+0000][1][safepoint    ] Total time for which application threads were stopped: 0.0000748 seconds, Stopping threads took: 0.0000171 seconds
[2019-12-09T02:45:17.333+0000][1][safepoint    ] Application time: 1.0000954 seconds
[2019-12-09T02:45:17.333+0000][1][safepoint    ] Entering safepoint region: Cleanup
[2019-12-09T02:45:17.333+0000][1][safepoint    ] Leaving safepoint region
[2019-12-09T02:45:17.333+0000][1][safepoint    ] Total time for which application threads were stopped: 0.0000979 seconds, Stopping threads took: 0.0000234 seconds
[2019-12-09T02:45:18.333+0000][1][safepoint    ] Application time: 1.0000794 seconds
[2019-12-09T02:45:18.333+0000][1][safepoint    ] Entering safepoint region: Cleanup
[2019-12-09T02:45:18.333+0000][1][safepoint    ] Leaving safepoint region
[2019-12-09T02:45:18.333+0000][1][safepoint    ] Total time for which application threads were stopped: 0.0000739 seconds, Stopping threads took: 0.0000175 seconds
[2019-12-09T02:45:19.333+0000][1][safepoint    ] Application time: 1.0000773 seconds
[2019-12-09T02:45:19.333+0000][1][safepoint    ] Entering safepoint region: Cleanup
[2019-12-09T02:45:19.333+0000][1][safepoint    ] Leaving safepoint region
[2019-12-09T02:45:19.333+0000][1][safepoint    ] Total time for which application threads were stopped: 0.0000786 seconds, Stopping threads took: 0.0000235 seconds
[2019-12-09T02:45:20.333+0000][1][safepoint    ] Application time: 1.0000788 seconds
[2019-12-09T02:45:20.333+0000][1][safepoint    ] Entering safepoint region: Cleanup
[2019-12-09T02:45:20.333+0000][1][safepoint    ] Leaving safepoint region
[2019-12-09T02:45:20.333+0000][1][safepoint    ] Total time for which application threads were stopped: 0.0000788 seconds, Stopping threads took: 0.0000197 seconds
[2019-12-09T02:45:21.334+0000][1][safepoint    ] Application time: 1.0000773 seconds
[2019-12-09T02:45:21.334+0000][1][safepoint    ] Entering safepoint region: Cleanup
[2019-12-09T02:45:21.334+0000][1][safepoint    ] Leaving safepoint region
[2019-12-09T02:45:21.334+0000][1][safepoint    ] Total time for which application threads were stopped: 0.0000765 seconds, Stopping threads took: 0.0000176 seconds
[2019-12-09T02:45:22.334+0000][1][safepoint    ] Application time: 1.0000764 seconds
[2019-12-09T02:45:22.334+0000][1][safepoint    ] Entering safepoint region: Cleanup
[2019-12-09T02:45:22.334+0000][1][safepoint    ] Leaving safepoint region
[2019-12-09T02:45:22.334+0000][1][safepoint    ] Total time for which application threads were stopped: 0.0000713 seconds, Stopping threads took: 0.0000160 seconds
[2019-12-09T02:45:23.334+0000][1][safepoint    ] Application time: 1.0000771 seconds
[2019-12-09T02:45:23.334+0000][1][safepoint    ] Entering safepoint region: Cleanup
[2019-12-09T02:45:23.334+0000][1][safepoint    ] Leaving safepoint region
[2019-12-09T02:45:23.334+0000][1][safepoint    ] Total time for which application threads were stopped: 0.0000729 seconds, Stopping threads took: 0.0000173 seconds
[2019-12-09T02:45:24.334+0000][1][safepoint    ] Application time: 1.0000756 seconds
[2019-12-09T02:45:24.334+0000][1][safepoint    ] Entering safepoint region: Cleanup
[2019-12-09T02:45:24.334+0000][1][safepoint    ] Leaving safepoint region
[2019-12-09T02:45:24.334+0000][1][safepoint    ] Total time for which application threads were stopped: 0.0000748 seconds, Stopping threads took: 0.0000164 seconds
[2019-12-09T02:45:25.334+0000][1][safepoint    ] Application time: 1.0000739 seconds
[2019-12-09T02:45:25.334+0000][1][safepoint    ] Entering safepoint region: Cleanup
[2019-12-09T02:45:25.334+0000][1][safepoint    ] Leaving safepoint region
[2019-12-09T02:45:25.334+0000][1][safepoint    ] Total time for which application threads were stopped: 0.0000797 seconds, Stopping threads took: 0.0000185 seconds
[2019-12-09T02:45:26.334+0000][1][safepoint    ] Application time: 1.0000768 seconds
[2019-12-09T02:45:26.335+0000][1][safepoint    ] Entering safepoint region: Cleanup
[2019-12-09T02:45:26.335+0000][1][safepoint    ] Leaving safepoint region
[2019-12-09T02:45:26.335+0000][1][safepoint    ] Total time for which application threads were stopped: 0.0000750 seconds, Stopping threads took: 0.0000175 seconds
[2019-12-09T02:45:27.335+0000][1][safepoint    ] Application time: 1.0000738 seconds
[2019-12-09T02:45:27.335+0000][1][safepoint    ] Entering safepoint region: Cleanup
[2019-12-09T02:45:27.335+0000][1][safepoint    ] Leaving safepoint region
[2019-12-09T02:45:27.335+0000][1][safepoint    ] Total time for which application threads were stopped: 0.0000712 seconds, Stopping threads took: 0.0000168 seconds
[2019-12-09T02:45:28.335+0000][1][safepoint    ] Application time: 1.0000816 seconds
[2019-12-09T02:45:28.335+0000][1][safepoint    ] Entering safepoint region: Cleanup
[2019-12-09T02:45:28.335+0000][1][safepoint    ] Leaving safepoint region
[2019-12-09T02:45:28.335+0000][1][safepoint    ] Total time for which application threads were stopped: 0.0000764 seconds, Stopping threads took: 0.0000171 seconds
[2019-12-09T02:45:29.335+0000][1][safepoint    ] Application time: 1.0000652 seconds
[2019-12-09T02:45:29.335+0000][1][safepoint    ] Entering safepoint region: Cleanup
[2019-12-09T02:45:29.335+0000][1][safepoint    ] Leaving safepoint region
[2019-12-09T02:45:29.335+0000][1][safepoint    ] Total time for which application threads were stopped: 0.0000733 seconds, Stopping threads took: 0.0000170 seconds
[2019-12-09T02:45:30.335+0000][1][safepoint    ] Application time: 1.0000777 seconds
[2019-12-09T02:45:30.335+0000][1][safepoint    ] Entering safepoint region: Cleanup
[2019-12-09T02:45:30.335+0000][1][safepoint    ] Leaving safepoint region
[2019-12-09T02:45:30.335+0000][1][safepoint    ] Total time for which application threads were stopped: 0.0000785 seconds, Stopping threads took: 0.0000174 seconds
[2019-12-09T02:45:31.335+0000][1][safepoint    ] Application time: 1.0000772 seconds
[2019-12-09T02:45:31.335+0000][1][safepoint    ] Entering safepoint region: Cleanup
[2019-12-09T02:45:31.336+0000][1][safepoint    ] Leaving safepoint region
[2019-12-09T02:45:31.336+0000][1][safepoint    ] Total time for which application threads were stopped: 0.0000805 seconds, Stopping threads took: 0.0000188 seconds
[2019-12-09T02:45:32.336+0000][1][safepoint    ] Application time: 1.0000764 seconds
[2019-12-09T02:45:32.336+0000][1][safepoint    ] Entering safepoint region: Cleanup
[2019-12-09T02:45:32.336+0000][1][safepoint    ] Leaving safepoint region
[2019-12-09T02:45:32.336+0000][1][safepoint    ] Total time for which application threads were stopped: 0.0000888 seconds, Stopping threads took: 0.0000158 seconds
[2019-12-09T02:45:33.336+0000][1][safepoint    ] Application time: 1.0000784 seconds
[2019-12-09T02:45:33.336+0000][1][safepoint    ] Entering safepoint region: Cleanup
[2019-12-09T02:45:33.336+0000][1][safepoint    ] Leaving safepoint region
[2019-12-09T02:45:33.336+0000][1][safepoint    ] Total time for which application threads were stopped: 0.0000735 seconds, Stopping threads took: 0.0000170 seconds
[2019-12-09T02:45:34.336+0000][1][safepoint    ] Application time: 1.0000772 seconds
[2019-12-09T02:45:34.336+0000][1][safepoint    ] Entering safepoint region: Cleanup
[2019-12-09T02:45:34.336+0000][1][safepoint    ] Leaving safepoint region
[2019-12-09T02:45:34.336+0000][1][safepoint    ] Total time for which application threads were stopped: 0.0000798 seconds, Stopping threads took: 0.0000228 seconds
[2019-12-09T02:45:35.336+0000][1][safepoint    ] Application time: 1.0000775 seconds
[2019-12-09T02:45:35.336+0000][1][safepoint    ] Entering safepoint region: Cleanup
[2019-12-09T02:45:35.336+0000][1][safepoint    ] Leaving safepoint region
[2019-12-09T02:45:35.336+0000][1][safepoint    ] Total time for which application threads were stopped: 0.0000737 seconds, Stopping threads took: 0.0000170 seconds
[2019-12-09T02:45:36.336+0000][1][safepoint    ] Application time: 1.0000765 seconds
[2019-12-09T02:45:36.336+0000][1][safepoint    ] Entering safepoint region: Cleanup
[2019-12-09T02:45:36.337+0000][1][safepoint    ] Leaving safepoint region
[2019-12-09T02:45:36.337+0000][1][safepoint    ] Total time for which application threads were stopped: 0.0000734 seconds, Stopping threads took: 0.0000165 seconds
[2019-12-09T02:45:37.337+0000][1][safepoint    ] Application time: 1.0000797 seconds
[2019-12-09T02:45:37.337+0000][1][safepoint    ] Entering safepoint region: Cleanup
[2019-12-09T02:45:37.337+0000][1][safepoint    ] Leaving safepoint region
[2019-12-09T02:45:37.337+0000][1][safepoint    ] Total time for which application threads were stopped: 0.0000853 seconds, Stopping threads took: 0.0000164 seconds
[2019-12-09T02:45:38.337+0000][1][safepoint    ] Application time: 1.0000810 seconds
[2019-12-09T02:45:38.337+0000][1][safepoint    ] Entering safepoint region: Cleanup
[2019-12-09T02:45:38.337+0000][1][safepoint    ] Leaving safepoint region
[2019-12-09T02:45:38.337+0000][1][safepoint    ] Total time for which application threads were stopped: 0.0000746 seconds, Stopping threads took: 0.0000170 seconds
[2019-12-09T02:45:39.337+0000][1][safepoint    ] Application time: 1.0000781 seconds
[2019-12-09T02:45:39.337+0000][1][safepoint    ] Entering safepoint region: Cleanup
[2019-12-09T02:45:39.337+0000][1][safepoint    ] Leaving safepoint region
[2019-12-09T02:45:39.337+0000][1][safepoint    ] Total time for which application threads were stopped: 0.0000744 seconds, Stopping threads took: 0.0000172 seconds
[2019-12-09T02:45:40.337+0000][1][safepoint    ] Application time: 1.0000779 seconds
[2019-12-09T02:45:40.337+0000][1][safepoint    ] Entering safepoint region: Cleanup
[2019-12-09T02:45:40.337+0000][1][safepoint    ] Leaving safepoint region
[2019-12-09T02:45:40.337+0000][1][safepoint    ] Total time for which application threads were stopped: 0.0000745 seconds, Stopping threads took: 0.0000178 seconds
[2019-12-09T02:45:41.337+0000][1][safepoint    ] Application time: 1.0000784 seconds
[2019-12-09T02:45:41.337+0000][1][safepoint    ] Entering safepoint region: Cleanup
[2019-12-09T02:45:41.338+0000][1][safepoint    ] Leaving safepoint region
[2019-12-09T02:45:41.338+0000][1][safepoint    ] Total time for which application threads were stopped: 0.0000754 seconds, Stopping threads took: 0.0000169 seconds
[2019-12-09T02:45:42.338+0000][1][safepoint    ] Application time: 1.0000793 seconds
[2019-12-09T02:45:42.338+0000][1][safepoint    ] Entering safepoint region: Cleanup
[2019-12-09T02:45:42.338+0000][1][safepoint    ] Leaving safepoint region
[2019-12-09T02:45:42.338+0000][1][safepoint    ] Total time for which application threads were stopped: 0.0000871 seconds, Stopping threads took: 0.0000160 seconds
[2019-12-09T02:45:43.338+0000][1][safepoint    ] Application time: 1.0000777 seconds
[2019-12-09T02:45:43.338+0000][1][safepoint    ] Entering safepoint region: Cleanup
[2019-12-09T02:45:43.338+0000][1][safepoint    ] Leaving safepoint region
[2019-12-09T02:45:43.338+0000][1][safepoint    ] Total time for which application threads were stopped: 0.0000752 seconds, Stopping threads took: 0.0000181 seconds
[2019-12-09T02:45:44.338+0000][1][safepoint    ] Application time: 1.0000777 seconds
[2019-12-09T02:45:44.338+0000][1][safepoint    ] Entering safepoint region: Cleanup
[2019-12-09T02:45:44.338+0000][1][safepoint    ] Leaving safepoint region
[2019-12-09T02:45:44.338+0000][1][safepoint    ] Total time for which application threads were stopped: 0.0000773 seconds, Stopping threads took: 0.0000219 seconds
[2019-12-09T02:45:45.338+0000][1][safepoint    ] Application time: 1.0000819 seconds
[2019-12-09T02:45:45.338+0000][1][safepoint    ] Entering safepoint region: Cleanup
[2019-12-09T02:45:45.338+0000][1][safepoint    ] Leaving safepoint region
[2019-12-09T02:45:45.338+0000][1][safepoint    ] Total time for which application threads were stopped: 0.0001069 seconds, Stopping threads took: 0.0000296 seconds
[2019-12-09T02:45:46.338+0000][1][safepoint    ] Application time: 1.0000784 seconds
[2019-12-09T02:45:46.338+0000][1][safepoint    ] Entering safepoint region: Cleanup
[2019-12-09T02:45:46.339+0000][1][safepoint    ] Leaving safepoint region
[2019-12-09T02:45:46.339+0000][1][safepoint    ] Total time for which application threads were stopped: 0.0000765 seconds, Stopping threads took: 0.0000174 seconds
[2019-12-09T02:45:47.339+0000][1][safepoint    ] Application time: 1.0000782 seconds
[2019-12-09T02:45:47.339+0000][1][safepoint    ] Entering safepoint region: Cleanup
[2019-12-09T02:45:47.339+0000][1][safepoint    ] Leaving safepoint region
[2019-12-09T02:45:47.339+0000][1][safepoint    ] Total time for which application threads were stopped: 0.0000887 seconds, Stopping threads took: 0.0000150 seconds
[2019-12-09T02:45:48.339+0000][1][safepoint    ] Application time: 1.0000764 seconds
[2019-12-09T02:45:48.339+0000][1][safepoint    ] Entering safepoint region: Cleanup
[2019-12-09T02:45:48.339+0000][1][safepoint    ] Leaving safepoint region
[2019-12-09T02:45:48.339+0000][1][safepoint    ] Total time for which application threads were stopped: 0.0000771 seconds, Stopping threads took: 0.0000170 seconds
[2019-12-09T02:45:49.339+0000][1][safepoint    ] Application time: 1.0000754 seconds
[2019-12-09T02:45:49.339+0000][1][safepoint    ] Entering safepoint region: Cleanup
[2019-12-09T02:45:49.339+0000][1][safepoint    ] Leaving safepoint region
[2019-12-09T02:45:49.339+0000][1][safepoint    ] Total time for which application threads were stopped: 0.0000804 seconds, Stopping threads took: 0.0000214 seconds
[2019-12-09T02:45:50.339+0000][1][safepoint    ] Application time: 1.0001022 seconds
[2019-12-09T02:45:50.339+0000][1][safepoint    ] Entering safepoint region: Cleanup
[2019-12-09T02:45:50.339+0000][1][safepoint    ] Leaving safepoint region
[2019-12-09T02:45:50.339+0000][1][safepoint    ] Total time for which application threads were stopped: 0.0001034 seconds, Stopping threads took: 0.0000258 seconds
[2019-12-09T02:45:51.339+0000][1][safepoint    ] Application time: 1.0000765 seconds
[2019-12-09T02:45:51.340+0000][1][safepoint    ] Entering safepoint region: Cleanup
[2019-12-09T02:45:51.340+0000][1][safepoint    ] Leaving safepoint region
[2019-12-09T02:45:51.340+0000][1][safepoint    ] Total time for which application threads were stopped: 0.0000722 seconds, Stopping threads took: 0.0000168 seconds
[2019-12-09T02:45:52.340+0000][1][safepoint    ] Application time: 1.0000783 seconds
[2019-12-09T02:45:52.340+0000][1][safepoint    ] Entering safepoint region: Cleanup
[2019-12-09T02:45:52.340+0000][1][safepoint    ] Leaving safepoint region
[2019-12-09T02:45:52.340+0000][1][safepoint    ] Total time for which application threads were stopped: 0.0000781 seconds, Stopping threads took: 0.0000171 seconds
[2019-12-09T02:45:53.340+0000][1][safepoint    ] Application time: 1.0000795 seconds
[2019-12-09T02:45:53.340+0000][1][safepoint    ] Entering safepoint region: Cleanup
[2019-12-09T02:45:53.340+0000][1][safepoint    ] Leaving safepoint region
[2019-12-09T02:45:53.340+0000][1][safepoint    ] Total time for which application threads were stopped: 0.0000769 seconds, Stopping threads took: 0.0000175 seconds
[2019-12-09T02:45:54.340+0000][1][safepoint    ] Application time: 1.0000789 seconds
[2019-12-09T02:45:54.340+0000][1][safepoint    ] Entering safepoint region: Cleanup
[2019-12-09T02:45:54.340+0000][1][safepoint    ] Leaving safepoint region
[2019-12-09T02:45:54.340+0000][1][safepoint    ] Total time for which application threads were stopped: 0.0000769 seconds, Stopping threads took: 0.0000178 seconds
[2019-12-09T02:45:55.341+0000][1][safepoint    ] Application time: 1.0003513 seconds
[2019-12-09T02:45:55.341+0000][1][safepoint    ] Entering safepoint region: Cleanup
[2019-12-09T02:45:55.341+0000][1][safepoint    ] Leaving safepoint region
[2019-12-09T02:45:55.341+0000][1][safepoint    ] Total time for which application threads were stopped: 0.0000813 seconds, Stopping threads took: 0.0000231 seconds
[2019-12-09T02:45:56.341+0000][1][safepoint    ] Application time: 1.0000861 seconds
[2019-12-09T02:45:56.341+0000][1][safepoint    ] Entering safepoint region: Cleanup
[2019-12-09T02:45:56.341+0000][1][safepoint    ] Leaving safepoint region
[2019-12-09T02:45:56.341+0000][1][safepoint    ] Total time for which application threads were stopped: 0.0001122 seconds, Stopping threads took: 0.0000257 seconds
[2019-12-09T02:45:57.341+0000][1][safepoint    ] Application time: 1.0000792 seconds
[2019-12-09T02:45:57.341+0000][1][safepoint    ] Entering safepoint region: Cleanup
[2019-12-09T02:45:57.341+0000][1][safepoint    ] Leaving safepoint region
[2019-12-09T02:45:57.341+0000][1][safepoint    ] Total time for which application threads were stopped: 0.0000765 seconds, Stopping threads took: 0.0000176 seconds
[2019-12-09T02:45:58.341+0000][1][safepoint    ] Application time: 1.0001109 seconds
[2019-12-09T02:45:58.341+0000][1][safepoint    ] Entering safepoint region: Cleanup
[2019-12-09T02:45:58.341+0000][1][safepoint    ] Leaving safepoint region
[2019-12-09T02:45:58.341+0000][1][safepoint    ] Total time for which application threads were stopped: 0.0000879 seconds, Stopping threads took: 0.0000252 seconds
[2019-12-09T02:45:59.341+0000][1][safepoint    ] Application time: 1.0001053 seconds
[2019-12-09T02:45:59.342+0000][1][safepoint    ] Entering safepoint region: Cleanup
[2019-12-09T02:45:59.342+0000][1][safepoint    ] Leaving safepoint region
[2019-12-09T02:45:59.342+0000][1][safepoint    ] Total time for which application threads were stopped: 0.0001107 seconds, Stopping threads took: 0.0000313 seconds
[2019-12-09T02:46:00.342+0000][1][safepoint    ] Application time: 1.0000754 seconds
[2019-12-09T02:46:00.342+0000][1][safepoint    ] Entering safepoint region: Cleanup
[2019-12-09T02:46:00.342+0000][1][safepoint    ] Leaving safepoint region
[2019-12-09T02:46:00.342+0000][1][safepoint    ] Total time for which application threads were stopped: 0.0001106 seconds, Stopping threads took: 0.0000245 seconds
[2019-12-09T02:46:01.342+0000][1][safepoint    ] Application time: 1.0000824 seconds
[2019-12-09T02:46:01.342+0000][1][safepoint    ] Entering safepoint region: Cleanup
[2019-12-09T02:46:01.342+0000][1][safepoint    ] Leaving safepoint region
[2019-12-09T02:46:01.342+0000][1][safepoint    ] Total time for which application threads were stopped: 0.0000778 seconds, Stopping threads took: 0.0000182 seconds
[2019-12-09T02:46:02.342+0000][1][safepoint    ] Application time: 1.0001141 seconds
[2019-12-09T02:46:02.342+0000][1][safepoint    ] Entering safepoint region: Cleanup
[2019-12-09T02:46:02.342+0000][1][safepoint    ] Leaving safepoint region
[2019-12-09T02:46:02.342+0000][1][safepoint    ] Total time for which application threads were stopped: 0.0000897 seconds, Stopping threads took: 0.0000232 seconds
[2019-12-09T02:46:03.343+0000][1][safepoint    ] Application time: 1.0001817 seconds
[2019-12-09T02:46:03.343+0000][1][safepoint    ] Entering safepoint region: Cleanup
[2019-12-09T02:46:03.343+0000][1][safepoint    ] Leaving safepoint region
[2019-12-09T02:46:03.343+0000][1][safepoint    ] Total time for which application threads were stopped: 0.0001281 seconds, Stopping threads took: 0.0000252 seconds
[2019-12-09T02:46:04.343+0000][1][safepoint    ] Application time: 1.0002883 seconds
[2019-12-09T02:46:04.343+0000][1][safepoint    ] Entering safepoint region: Cleanup
[2019-12-09T02:46:04.343+0000][1][safepoint    ] Leaving safepoint region
[2019-12-09T02:46:04.343+0000][1][safepoint    ] Total time for which application threads were stopped: 0.0001166 seconds, Stopping threads took: 0.0000331 seconds
[2019-12-09T02:46:05.343+0000][1][safepoint    ] Application time: 1.0000792 seconds
[2019-12-09T02:46:05.343+0000][1][safepoint    ] Entering safepoint region: Cleanup
[2019-12-09T02:46:05.343+0000][1][safepoint    ] Leaving safepoint region
[2019-12-09T02:46:05.343+0000][1][safepoint    ] Total time for which application threads were stopped: 0.0001269 seconds, Stopping threads took: 0.0000366 seconds
[2019-12-09T02:46:06.343+0000][1][safepoint    ] Application time: 1.0000791 seconds
[2019-12-09T02:46:06.344+0000][1][safepoint    ] Entering safepoint region: Cleanup
[2019-12-09T02:46:06.344+0000][1][safepoint    ] Leaving safepoint region
[2019-12-09T02:46:06.344+0000][1][safepoint    ] Total time for which application threads were stopped: 0.0000743 seconds, Stopping threads took: 0.0000162 seconds
[2019-12-09T02:46:07.344+0000][1][safepoint    ] Application time: 1.0000910 seconds
[2019-12-09T02:46:07.344+0000][1][safepoint    ] Entering safepoint region: Cleanup
[2019-12-09T02:46:07.344+0000][1][safepoint    ] Leaving safepoint region
[2019-12-09T02:46:07.344+0000][1][safepoint    ] Total time for which application threads were stopped: 0.0000771 seconds, Stopping threads took: 0.0000183 seconds
[2019-12-09T02:46:08.344+0000][1][safepoint    ] Application time: 1.0000820 seconds
[2019-12-09T02:46:08.344+0000][1][safepoint    ] Entering safepoint region: Cleanup
[2019-12-09T02:46:08.344+0000][1][safepoint    ] Leaving safepoint region
[2019-12-09T02:46:08.344+0000][1][safepoint    ] Total time for which application threads were stopped: 0.0000803 seconds, Stopping threads took: 0.0000190 seconds
[2019-12-09T02:46:09.344+0000][1][safepoint    ] Application time: 1.0000850 seconds
[2019-12-09T02:46:09.344+0000][1][safepoint    ] Entering safepoint region: Cleanup
[2019-12-09T02:46:09.344+0000][1][safepoint    ] Leaving safepoint region
[2019-12-09T02:46:09.344+0000][1][safepoint    ] Total time for which application threads were stopped: 0.0001107 seconds, Stopping threads took: 0.0000228 seconds
[2019-12-09T02:46:10.344+0000][1][safepoint    ] Application time: 1.0000853 seconds
[2019-12-09T02:46:10.344+0000][1][safepoint    ] Entering safepoint region: Cleanup
[2019-12-09T02:46:10.345+0000][1][safepoint    ] Leaving safepoint region
[2019-12-09T02:46:10.345+0000][1][safepoint    ] Total time for which application threads were stopped: 0.0001114 seconds, Stopping threads took: 0.0000244 seconds
[2019-12-09T02:46:11.345+0000][1][safepoint    ] Application time: 1.0000756 seconds
[2019-12-09T02:46:11.345+0000][1][safepoint    ] Entering safepoint region: Cleanup
[2019-12-09T02:46:11.345+0000][1][safepoint    ] Leaving safepoint region
[2019-12-09T02:46:11.345+0000][1][safepoint    ] Total time for which application threads were stopped: 0.0000881 seconds, Stopping threads took: 0.0000174 seconds
[2019-12-09T02:46:12.345+0000][1][safepoint    ] Application time: 1.0000770 seconds
[2019-12-09T02:46:12.345+0000][1][safepoint    ] Entering safepoint region: Cleanup
[2019-12-09T02:46:12.345+0000][1][safepoint    ] Leaving safepoint region
[2019-12-09T02:46:12.345+0000][1][safepoint    ] Total time for which application threads were stopped: 0.0000748 seconds, Stopping threads took: 0.0000161 seconds
[2019-12-09T02:46:13.345+0000][1][safepoint    ] Application time: 1.0000753 seconds
[2019-12-09T02:46:13.345+0000][1][safepoint    ] Entering safepoint region: Cleanup
[2019-12-09T02:46:13.345+0000][1][safepoint    ] Leaving safepoint region
[2019-12-09T02:46:13.345+0000][1][safepoint    ] Total time for which application threads were stopped: 0.0000737 seconds, Stopping threads took: 0.0000179 seconds
[2019-12-09T02:46:14.345+0000][1][safepoint    ] Application time: 1.0000765 seconds
[2019-12-09T02:46:14.345+0000][1][safepoint    ] Entering safepoint region: Cleanup
[2019-12-09T02:46:14.345+0000][1][safepoint    ] Leaving safepoint region
[2019-12-09T02:46:14.345+0000][1][safepoint    ] Total time for which application threads were stopped: 0.0000770 seconds, Stopping threads took: 0.0000177 seconds
[2019-12-09T02:46:15.345+0000][1][safepoint    ] Application time: 1.0000787 seconds
[2019-12-09T02:46:15.345+0000][1][safepoint    ] Entering safepoint region: Cleanup
[2019-12-09T02:46:15.346+0000][1][safepoint    ] Leaving safepoint region
[2019-12-09T02:46:15.346+0000][1][safepoint    ] Total time for which application threads were stopped: 0.0000892 seconds, Stopping threads took: 0.0000235 seconds
[2019-12-09T02:46:16.346+0000][1][safepoint    ] Application time: 1.0000791 seconds
[2019-12-09T02:46:16.346+0000][1][safepoint    ] Entering safepoint region: Cleanup
[2019-12-09T02:46:16.346+0000][1][safepoint    ] Leaving safepoint region
[2019-12-09T02:46:16.346+0000][1][safepoint    ] Total time for which application threads were stopped: 0.0000871 seconds, Stopping threads took: 0.0000173 seconds
[2019-12-09T02:46:17.346+0000][1][safepoint    ] Application time: 1.0000768 seconds
[2019-12-09T02:46:17.346+0000][1][safepoint    ] Entering safepoint region: Cleanup
[2019-12-09T02:46:17.346+0000][1][safepoint    ] Leaving safepoint region
[2019-12-09T02:46:17.346+0000][1][safepoint    ] Total time for which application threads were stopped: 0.0000742 seconds, Stopping threads took: 0.0000177 seconds
[2019-12-09T02:46:18.346+0000][1][safepoint    ] Application time: 1.0000762 seconds
[2019-12-09T02:46:18.346+0000][1][safepoint    ] Entering safepoint region: Cleanup
[2019-12-09T02:46:18.346+0000][1][safepoint    ] Leaving safepoint region
[2019-12-09T02:46:18.346+0000][1][safepoint    ] Total time for which application threads were stopped: 0.0000750 seconds, Stopping threads took: 0.0000177 seconds
[2019-12-09T02:46:19.346+0000][1][safepoint    ] Application time: 1.0000755 seconds
[2019-12-09T02:46:19.346+0000][1][safepoint    ] Entering safepoint region: Cleanup
[2019-12-09T02:46:19.346+0000][1][safepoint    ] Leaving safepoint region
[2019-12-09T02:46:19.346+0000][1][safepoint    ] Total time for which application threads were stopped: 0.0000729 seconds, Stopping threads took: 0.0000169 seconds
[2019-12-09T02:46:20.346+0000][1][safepoint    ] Application time: 1.0000815 seconds
[2019-12-09T02:46:20.346+0000][1][safepoint    ] Entering safepoint region: Cleanup
[2019-12-09T02:46:20.347+0000][1][safepoint    ] Leaving safepoint region
[2019-12-09T02:46:20.347+0000][1][safepoint    ] Total time for which application threads were stopped: 0.0000821 seconds, Stopping threads took: 0.0000245 seconds
[2019-12-09T02:46:21.347+0000][1][safepoint    ] Application time: 1.0000783 seconds
[2019-12-09T02:46:21.347+0000][1][safepoint    ] Entering safepoint region: Cleanup
[2019-12-09T02:46:21.347+0000][1][safepoint    ] Leaving safepoint region
[2019-12-09T02:46:21.347+0000][1][safepoint    ] Total time for which application threads were stopped: 0.0000869 seconds, Stopping threads took: 0.0000179 seconds
[2019-12-09T02:46:22.347+0000][1][safepoint    ] Application time: 1.0000765 seconds
[2019-12-09T02:46:22.347+0000][1][safepoint    ] Entering safepoint region: Cleanup
[2019-12-09T02:46:22.347+0000][1][safepoint    ] Leaving safepoint region
[2019-12-09T02:46:22.347+0000][1][safepoint    ] Total time for which application threads were stopped: 0.0000752 seconds, Stopping threads took: 0.0000173 seconds
[2019-12-09T02:46:23.347+0000][1][safepoint    ] Application time: 1.0000759 seconds
[2019-12-09T02:46:23.347+0000][1][safepoint    ] Entering safepoint region: Cleanup
[2019-12-09T02:46:23.347+0000][1][safepoint    ] Leaving safepoint region
[2019-12-09T02:46:23.347+0000][1][safepoint    ] Total time for which application threads were stopped: 0.0000734 seconds, Stopping threads took: 0.0000174 seconds
[2019-12-09T02:46:24.347+0000][1][safepoint    ] Application time: 1.0000761 seconds
[2019-12-09T02:46:24.347+0000][1][safepoint    ] Entering safepoint region: Cleanup
[2019-12-09T02:46:24.347+0000][1][safepoint    ] Leaving safepoint region
[2019-12-09T02:46:24.347+0000][1][safepoint    ] Total time for which application threads were stopped: 0.0000749 seconds, Stopping threads took: 0.0000173 seconds
[2019-12-09T02:46:25.347+0000][1][safepoint    ] Application time: 1.0000785 seconds
[2019-12-09T02:46:25.347+0000][1][safepoint    ] Entering safepoint region: Cleanup
[2019-12-09T02:46:25.348+0000][1][safepoint    ] Leaving safepoint region
[2019-12-09T02:46:25.348+0000][1][safepoint    ] Total time for which application threads were stopped: 0.0000830 seconds, Stopping threads took: 0.0000175 seconds
[2019-12-09T02:46:26.348+0000][1][safepoint    ] Application time: 1.0000450 seconds
[2019-12-09T02:46:26.348+0000][1][safepoint    ] Entering safepoint region: Cleanup
[2019-12-09T02:46:26.348+0000][1][safepoint    ] Leaving safepoint region
[2019-12-09T02:46:26.348+0000][1][safepoint    ] Total time for which application threads were stopped: 0.0000869 seconds, Stopping threads took: 0.0000187 seconds
[2019-12-09T02:46:27.348+0000][1][safepoint    ] Application time: 1.0000761 seconds
[2019-12-09T02:46:27.348+0000][1][safepoint    ] Entering safepoint region: Cleanup
[2019-12-09T02:46:27.348+0000][1][safepoint    ] Leaving safepoint region
[2019-12-09T02:46:27.348+0000][1][safepoint    ] Total time for which application threads were stopped: 0.0000750 seconds, Stopping threads took: 0.0000180 seconds
[2019-12-09T02:46:28.348+0000][1][safepoint    ] Application time: 1.0000747 seconds
[2019-12-09T02:46:28.348+0000][1][safepoint    ] Entering safepoint region: Cleanup
[2019-12-09T02:46:28.348+0000][1][safepoint    ] Leaving safepoint region
[2019-12-09T02:46:28.348+0000][1][safepoint    ] Total time for which application threads were stopped: 0.0000765 seconds, Stopping threads took: 0.0000173 seconds
[2019-12-09T02:46:29.348+0000][1][safepoint    ] Application time: 1.0000768 seconds
[2019-12-09T02:46:29.348+0000][1][safepoint    ] Entering safepoint region: Cleanup
[2019-12-09T02:46:29.348+0000][1][safepoint    ] Leaving safepoint region
[2019-12-09T02:46:29.348+0000][1][safepoint    ] Total time for which application threads were stopped: 0.0000741 seconds, Stopping threads took: 0.0000178 seconds
[2019-12-09T02:46:30.348+0000][1][safepoint    ] Application time: 1.0000776 seconds
[2019-12-09T02:46:30.348+0000][1][safepoint    ] Entering safepoint region: Cleanup
[2019-12-09T02:46:30.348+0000][1][safepoint    ] Leaving safepoint region
[2019-12-09T02:46:30.348+0000][1][safepoint    ] Total time for which application threads were stopped: 0.0000810 seconds, Stopping threads took: 0.0000248 seconds
[2019-12-09T02:46:31.349+0000][1][safepoint    ] Application time: 1.0000765 seconds
[2019-12-09T02:46:31.349+0000][1][safepoint    ] Entering safepoint region: Cleanup
[2019-12-09T02:46:31.349+0000][1][safepoint    ] Leaving safepoint region
[2019-12-09T02:46:31.349+0000][1][safepoint    ] Total time for which application threads were stopped: 0.0000933 seconds, Stopping threads took: 0.0000210 seconds
[2019-12-09T02:46:32.349+0000][1][safepoint    ] Application time: 1.0000757 seconds
[2019-12-09T02:46:32.349+0000][1][safepoint    ] Entering safepoint region: Cleanup
[2019-12-09T02:46:32.349+0000][1][safepoint    ] Leaving safepoint region
[2019-12-09T02:46:32.349+0000][1][safepoint    ] Total time for which application threads were stopped: 0.0000748 seconds, Stopping threads took: 0.0000172 seconds
[2019-12-09T02:46:33.349+0000][1][safepoint    ] Application time: 1.0000755 seconds
[2019-12-09T02:46:33.349+0000][1][safepoint    ] Entering safepoint region: Cleanup
[2019-12-09T02:46:33.349+0000][1][safepoint    ] Leaving safepoint region
[2019-12-09T02:46:33.349+0000][1][safepoint    ] Total time for which application threads were stopped: 0.0000752 seconds, Stopping threads took: 0.0000176 seconds
[2019-12-09T02:46:34.349+0000][1][safepoint    ] Application time: 1.0000753 seconds
[2019-12-09T02:46:34.349+0000][1][safepoint    ] Entering safepoint region: Cleanup
[2019-12-09T02:46:34.349+0000][1][safepoint    ] Leaving safepoint region
[2019-12-09T02:46:34.349+0000][1][safepoint    ] Total time for which application threads were stopped: 0.0000745 seconds, Stopping threads took: 0.0000173 seconds
[2019-12-09T02:46:35.349+0000][1][safepoint    ] Application time: 1.0000787 seconds
[2019-12-09T02:46:35.349+0000][1][safepoint    ] Entering safepoint region: Cleanup
[2019-12-09T02:46:35.349+0000][1][safepoint    ] Leaving safepoint region
[2019-12-09T02:46:35.349+0000][1][safepoint    ] Total time for which application threads were stopped: 0.0000879 seconds, Stopping threads took: 0.0000238 seconds
[2019-12-09T02:46:36.350+0000][1][safepoint    ] Application time: 1.0000765 seconds
[2019-12-09T02:46:36.350+0000][1][safepoint    ] Entering safepoint region: Cleanup
[2019-12-09T02:46:36.350+0000][1][safepoint    ] Leaving safepoint region
[2019-12-09T02:46:36.350+0000][1][safepoint    ] Total time for which application threads were stopped: 0.0000892 seconds, Stopping threads took: 0.0000172 seconds
[2019-12-09T02:46:37.063+0000][1][safepoint    ] Application time: 0.7137330 seconds
[2019-12-09T02:46:37.063+0000][1][safepoint    ] Entering safepoint region: GenCollectForAllocation
[2019-12-09T02:46:37.064+0000][1][gc,start     ] GC(30) Pause Young (Allocation Failure)
[2019-12-09T02:46:37.064+0000][1][gc,task      ] GC(30) Using 2 workers of 2 for evacuation
[2019-12-09T02:46:37.071+0000][1][gc,age       ] GC(30) Desired survivor size 4456448 bytes, new threshold 6 (max threshold 6)
[2019-12-09T02:46:37.071+0000][1][gc,age       ] GC(30) Age table with threshold 6 (max threshold 6)
[2019-12-09T02:46:37.071+0000][1][gc,age       ] GC(30) - age   1:       8568 bytes,       8568 total
[2019-12-09T02:46:37.071+0000][1][gc,age       ] GC(30) - age   2:       1944 bytes,      10512 total
[2019-12-09T02:46:37.071+0000][1][gc,age       ] GC(30) - age   3:       3264 bytes,      13776 total
[2019-12-09T02:46:37.071+0000][1][gc,age       ] GC(30) - age   4:       4720 bytes,      18496 total
[2019-12-09T02:46:37.071+0000][1][gc,age       ] GC(30) - age   5:      10640 bytes,      29136 total
[2019-12-09T02:46:37.071+0000][1][gc,age       ] GC(30) - age   6:      17840 bytes,      46976 total
[2019-12-09T02:46:37.071+0000][1][gc,heap      ] GC(30) ParNew: 72604K->1764K(78656K)
[2019-12-09T02:46:37.071+0000][1][gc,heap      ] GC(30) CMS: 68022K->69793K(174784K)
[2019-12-09T02:46:37.071+0000][1][gc,metaspace ] GC(30) Metaspace: 69006K->69006K(1112064K)
[2019-12-09T02:46:37.071+0000][1][gc           ] GC(30) Pause Young (Allocation Failure) 137M->69M(247M) 7.292ms
[2019-12-09T02:46:37.071+0000][1][gc,cpu       ] GC(30) User=0.01s Sys=0.00s Real=0.01s
[2019-12-09T02:46:37.071+0000][1][safepoint    ] Leaving safepoint region
[2019-12-09T02:46:37.071+0000][1][safepoint    ] Total time for which application threads were stopped: 0.0074360 seconds, Stopping threads took: 0.0000160 seconds
[2019-12-09T02:46:38.071+0000][1][safepoint    ] Application time: 1.0000880 seconds
[2019-12-09T02:46:38.071+0000][1][safepoint    ] Entering safepoint region: Cleanup
[2019-12-09T02:46:38.071+0000][1][safepoint    ] Leaving safepoint region
[2019-12-09T02:46:38.071+0000][1][safepoint    ] Total time for which application threads were stopped: 0.0000753 seconds, Stopping threads took: 0.0000181 seconds
[2019-12-09T02:46:39.071+0000][1][safepoint    ] Application time: 1.0000762 seconds
[2019-12-09T02:46:39.071+0000][1][safepoint    ] Entering safepoint region: Cleanup
[2019-12-09T02:46:39.071+0000][1][safepoint    ] Leaving safepoint region
[2019-12-09T02:46:39.071+0000][1][safepoint    ] Total time for which application threads were stopped: 0.0000759 seconds, Stopping threads took: 0.0000185 seconds
[2019-12-09T02:46:40.071+0000][1][safepoint    ] Application time: 1.0000774 seconds
[2019-12-09T02:46:40.071+0000][1][safepoint    ] Entering safepoint region: Cleanup
[2019-12-09T02:46:40.072+0000][1][safepoint    ] Leaving safepoint region
[2019-12-09T02:46:40.072+0000][1][safepoint    ] Total time for which application threads were stopped: 0.0000752 seconds, Stopping threads took: 0.0000177 seconds
[2019-12-09T02:46:41.223+0000][1][safepoint    ] Application time: 1.1516804 seconds
[2019-12-09T02:46:41.223+0000][1][safepoint    ] Entering safepoint region: Cleanup
[2019-12-09T02:46:41.223+0000][1][safepoint    ] Leaving safepoint region
[2019-12-09T02:46:41.223+0000][1][safepoint    ] Total time for which application threads were stopped: 0.0001273 seconds, Stopping threads took: 0.0000216 seconds
[2019-12-09T02:46:42.223+0000][1][safepoint    ] Application time: 1.0000787 seconds
[2019-12-09T02:46:42.224+0000][1][safepoint    ] Entering safepoint region: Cleanup
[2019-12-09T02:46:42.224+0000][1][safepoint    ] Leaving safepoint region
[2019-12-09T02:46:42.224+0000][1][safepoint    ] Total time for which application threads were stopped: 0.0000885 seconds, Stopping threads took: 0.0000164 seconds
[2019-12-09T02:46:43.224+0000][1][safepoint    ] Application time: 1.0000921 seconds
[2019-12-09T02:46:43.224+0000][1][safepoint    ] Entering safepoint region: Cleanup
[2019-12-09T02:46:43.224+0000][1][safepoint    ] Leaving safepoint region
[2019-12-09T02:46:43.224+0000][1][safepoint    ] Total time for which application threads were stopped: 0.0000719 seconds, Stopping threads took: 0.0000174 seconds
[2019-12-09T02:46:44.224+0000][1][safepoint    ] Application time: 1.0000839 seconds
[2019-12-09T02:46:44.224+0000][1][safepoint    ] Entering safepoint region: Cleanup
[2019-12-09T02:46:44.224+0000][1][safepoint    ] Leaving safepoint region
[2019-12-09T02:46:44.224+0000][1][safepoint    ] Total time for which application threads were stopped: 0.0000914 seconds, Stopping threads took: 0.0000228 seconds
[2019-12-09T02:46:45.224+0000][1][safepoint    ] Application time: 1.0000775 seconds
[2019-12-09T02:46:45.224+0000][1][safepoint    ] Entering safepoint region: Cleanup
[2019-12-09T02:46:45.224+0000][1][safepoint    ] Leaving safepoint region
[2019-12-09T02:46:45.224+0000][1][safepoint    ] Total time for which application threads were stopped: 0.0000771 seconds, Stopping threads took: 0.0000234 seconds
[2019-12-09T02:46:46.224+0000][1][safepoint    ] Application time: 1.0000779 seconds
[2019-12-09T02:46:46.224+0000][1][safepoint    ] Entering safepoint region: Cleanup
[2019-12-09T02:46:46.224+0000][1][safepoint    ] Leaving safepoint region
[2019-12-09T02:46:46.224+0000][1][safepoint    ] Total time for which application threads were stopped: 0.0000725 seconds, Stopping threads took: 0.0000177 seconds
[2019-12-09T02:46:47.225+0000][1][safepoint    ] Application time: 1.0000779 seconds
[2019-12-09T02:46:47.225+0000][1][safepoint    ] Entering safepoint region: Cleanup
[2019-12-09T02:46:47.225+0000][1][safepoint    ] Leaving safepoint region
[2019-12-09T02:46:47.225+0000][1][safepoint    ] Total time for which application threads were stopped: 0.0000706 seconds, Stopping threads took: 0.0000165 seconds
[2019-12-09T02:46:48.225+0000][1][safepoint    ] Application time: 1.0000777 seconds
[2019-12-09T02:46:48.225+0000][1][safepoint    ] Entering safepoint region: Cleanup
[2019-12-09T02:46:48.225+0000][1][safepoint    ] Leaving safepoint region
[2019-12-09T02:46:48.225+0000][1][safepoint    ] Total time for which application threads were stopped: 0.0000742 seconds, Stopping threads took: 0.0000179 seconds
[2019-12-09T02:46:49.225+0000][1][safepoint    ] Application time: 1.0000776 seconds
[2019-12-09T02:46:49.225+0000][1][safepoint    ] Entering safepoint region: Cleanup
[2019-12-09T02:46:49.225+0000][1][safepoint    ] Leaving safepoint region
[2019-12-09T02:46:49.225+0000][1][safepoint    ] Total time for which application threads were stopped: 0.0000686 seconds, Stopping threads took: 0.0000166 seconds
[2019-12-09T02:46:50.225+0000][1][safepoint    ] Application time: 1.0000803 seconds
[2019-12-09T02:46:50.225+0000][1][safepoint    ] Entering safepoint region: Cleanup
[2019-12-09T02:46:50.225+0000][1][safepoint    ] Leaving safepoint region
[2019-12-09T02:46:50.225+0000][1][safepoint    ] Total time for which application threads were stopped: 0.0000812 seconds, Stopping threads took: 0.0000260 seconds
[2019-12-09T02:46:51.225+0000][1][safepoint    ] Application time: 1.0000773 seconds
[2019-12-09T02:46:51.225+0000][1][safepoint    ] Entering safepoint region: Cleanup
[2019-12-09T02:46:51.225+0000][1][safepoint    ] Leaving safepoint region
[2019-12-09T02:46:51.225+0000][1][safepoint    ] Total time for which application threads were stopped: 0.0000791 seconds, Stopping threads took: 0.0000187 seconds
[2019-12-09T02:46:52.226+0000][1][safepoint    ] Application time: 1.0000766 seconds
[2019-12-09T02:46:52.226+0000][1][safepoint    ] Entering safepoint region: Cleanup
[2019-12-09T02:46:52.226+0000][1][safepoint    ] Leaving safepoint region
[2019-12-09T02:46:52.226+0000][1][safepoint    ] Total time for which application threads were stopped: 0.0000701 seconds, Stopping threads took: 0.0000180 seconds
[2019-12-09T02:46:53.226+0000][1][safepoint    ] Application time: 1.0000771 seconds
[2019-12-09T02:46:53.226+0000][1][safepoint    ] Entering safepoint region: Cleanup
[2019-12-09T02:46:53.226+0000][1][safepoint    ] Leaving safepoint region
[2019-12-09T02:46:53.226+0000][1][safepoint    ] Total time for which application threads were stopped: 0.0000705 seconds, Stopping threads took: 0.0000171 seconds
[2019-12-09T02:46:54.226+0000][1][safepoint    ] Application time: 1.0000828 seconds
[2019-12-09T02:46:54.226+0000][1][safepoint    ] Entering safepoint region: Cleanup
[2019-12-09T02:46:54.226+0000][1][safepoint    ] Leaving safepoint region
[2019-12-09T02:46:54.226+0000][1][safepoint    ] Total time for which application threads were stopped: 0.0000703 seconds, Stopping threads took: 0.0000173 seconds
[2019-12-09T02:46:55.226+0000][1][safepoint    ] Application time: 1.0000774 seconds
[2019-12-09T02:46:55.226+0000][1][safepoint    ] Entering safepoint region: Cleanup
[2019-12-09T02:46:55.226+0000][1][safepoint    ] Leaving safepoint region
[2019-12-09T02:46:55.226+0000][1][safepoint    ] Total time for which application threads were stopped: 0.0000697 seconds, Stopping threads took: 0.0000168 seconds
[2019-12-09T02:46:56.226+0000][1][safepoint    ] Application time: 1.0000778 seconds
[2019-12-09T02:46:56.226+0000][1][safepoint    ] Entering safepoint region: Cleanup
[2019-12-09T02:46:56.226+0000][1][safepoint    ] Leaving safepoint region
[2019-12-09T02:46:56.226+0000][1][safepoint    ] Total time for which application threads were stopped: 0.0000711 seconds, Stopping threads took: 0.0000170 seconds
[2019-12-09T02:46:57.226+0000][1][safepoint    ] Application time: 1.0000771 seconds
[2019-12-09T02:46:57.227+0000][1][safepoint    ] Entering safepoint region: Cleanup
[2019-12-09T02:46:57.227+0000][1][safepoint    ] Leaving safepoint region
[2019-12-09T02:46:57.227+0000][1][safepoint    ] Total time for which application threads were stopped: 0.0000794 seconds, Stopping threads took: 0.0000168 seconds
[2019-12-09T02:46:58.227+0000][1][safepoint    ] Application time: 1.0000757 seconds
[2019-12-09T02:46:58.227+0000][1][safepoint    ] Entering safepoint region: Cleanup
[2019-12-09T02:46:58.227+0000][1][safepoint    ] Leaving safepoint region
[2019-12-09T02:46:58.227+0000][1][safepoint    ] Total time for which application threads were stopped: 0.0000720 seconds, Stopping threads took: 0.0000175 seconds
[2019-12-09T02:46:59.227+0000][1][safepoint    ] Application time: 1.0000742 seconds
[2019-12-09T02:46:59.227+0000][1][safepoint    ] Entering safepoint region: Cleanup
[2019-12-09T02:46:59.227+0000][1][safepoint    ] Leaving safepoint region
[2019-12-09T02:46:59.227+0000][1][safepoint    ] Total time for which application threads were stopped: 0.0000700 seconds, Stopping threads took: 0.0000170 seconds
[2019-12-09T02:47:00.227+0000][1][safepoint    ] Application time: 1.0000760 seconds
[2019-12-09T02:47:00.227+0000][1][safepoint    ] Entering safepoint region: Cleanup
[2019-12-09T02:47:00.227+0000][1][safepoint    ] Leaving safepoint region
[2019-12-09T02:47:00.227+0000][1][safepoint    ] Total time for which application threads were stopped: 0.0000801 seconds, Stopping threads took: 0.0000258 seconds
[2019-12-09T02:47:01.227+0000][1][safepoint    ] Application time: 1.0000768 seconds
[2019-12-09T02:47:01.227+0000][1][safepoint    ] Entering safepoint region: Cleanup
[2019-12-09T02:47:01.227+0000][1][safepoint    ] Leaving safepoint region
[2019-12-09T02:47:01.227+0000][1][safepoint    ] Total time for which application threads were stopped: 0.0000721 seconds, Stopping threads took: 0.0000176 seconds
[2019-12-09T02:47:02.227+0000][1][safepoint    ] Application time: 1.0000786 seconds
[2019-12-09T02:47:02.227+0000][1][safepoint    ] Entering safepoint region: Cleanup
[2019-12-09T02:47:02.228+0000][1][safepoint    ] Leaving safepoint region
[2019-12-09T02:47:02.228+0000][1][safepoint    ] Total time for which application threads were stopped: 0.0000698 seconds, Stopping threads took: 0.0000167 seconds
[2019-12-09T02:47:03.228+0000][1][safepoint    ] Application time: 1.0000773 seconds
[2019-12-09T02:47:03.228+0000][1][safepoint    ] Entering safepoint region: Cleanup
[2019-12-09T02:47:03.228+0000][1][safepoint    ] Leaving safepoint region
[2019-12-09T02:47:03.228+0000][1][safepoint    ] Total time for which application threads were stopped: 0.0000815 seconds, Stopping threads took: 0.0000211 seconds
[2019-12-09T02:47:04.228+0000][1][safepoint    ] Application time: 1.0000781 seconds
[2019-12-09T02:47:04.228+0000][1][safepoint    ] Entering safepoint region: Cleanup
[2019-12-09T02:47:04.228+0000][1][safepoint    ] Leaving safepoint region
[2019-12-09T02:47:04.228+0000][1][safepoint    ] Total time for which application threads were stopped: 0.0000717 seconds, Stopping threads took: 0.0000174 seconds
[2019-12-09T02:47:05.228+0000][1][safepoint    ] Application time: 1.0000789 seconds
[2019-12-09T02:47:05.228+0000][1][safepoint    ] Entering safepoint region: Cleanup
[2019-12-09T02:47:05.228+0000][1][safepoint    ] Leaving safepoint region
[2019-12-09T02:47:05.228+0000][1][safepoint    ] Total time for which application threads were stopped: 0.0000765 seconds, Stopping threads took: 0.0000244 seconds
[2019-12-09T02:47:06.228+0000][1][safepoint    ] Application time: 1.0000782 seconds
[2019-12-09T02:47:06.228+0000][1][safepoint    ] Entering safepoint region: Cleanup
[2019-12-09T02:47:06.228+0000][1][safepoint    ] Leaving safepoint region
[2019-12-09T02:47:06.228+0000][1][safepoint    ] Total time for which application threads were stopped: 0.0000720 seconds, Stopping threads took: 0.0000168 seconds
[2019-12-09T02:47:07.228+0000][1][safepoint    ] Application time: 1.0000771 seconds
[2019-12-09T02:47:07.228+0000][1][safepoint    ] Entering safepoint region: Cleanup
[2019-12-09T02:47:07.229+0000][1][safepoint    ] Leaving safepoint region
[2019-12-09T02:47:07.229+0000][1][safepoint    ] Total time for which application threads were stopped: 0.0000703 seconds, Stopping threads took: 0.0000177 seconds
[2019-12-09T02:47:08.229+0000][1][safepoint    ] Application time: 1.0000786 seconds
[2019-12-09T02:47:08.229+0000][1][safepoint    ] Entering safepoint region: Cleanup
[2019-12-09T02:47:08.229+0000][1][safepoint    ] Leaving safepoint region
[2019-12-09T02:47:08.229+0000][1][safepoint    ] Total time for which application threads were stopped: 0.0000815 seconds, Stopping threads took: 0.0000281 seconds
[2019-12-09T02:47:09.229+0000][1][safepoint    ] Application time: 1.0000767 seconds
[2019-12-09T02:47:09.229+0000][1][safepoint    ] Entering safepoint region: Cleanup
[2019-12-09T02:47:09.229+0000][1][safepoint    ] Leaving safepoint region
[2019-12-09T02:47:09.229+0000][1][safepoint    ] Total time for which application threads were stopped: 0.0000757 seconds, Stopping threads took: 0.0000157 seconds
[2019-12-09T02:47:10.229+0000][1][safepoint    ] Application time: 1.0000779 seconds
[2019-12-09T02:47:10.229+0000][1][safepoint    ] Entering safepoint region: Cleanup
[2019-12-09T02:47:10.229+0000][1][safepoint    ] Leaving safepoint region
[2019-12-09T02:47:10.229+0000][1][safepoint    ] Total time for which application threads were stopped: 0.0000684 seconds, Stopping threads took: 0.0000163 seconds
[2019-12-09T02:47:11.229+0000][1][safepoint    ] Application time: 1.0000797 seconds
[2019-12-09T02:47:11.229+0000][1][safepoint    ] Entering safepoint region: Cleanup
[2019-12-09T02:47:11.229+0000][1][safepoint    ] Leaving safepoint region
[2019-12-09T02:47:11.229+0000][1][safepoint    ] Total time for which application threads were stopped: 0.0000728 seconds, Stopping threads took: 0.0000178 seconds
[2019-12-09T02:47:12.229+0000][1][safepoint    ] Application time: 1.0000770 seconds
[2019-12-09T02:47:12.229+0000][1][safepoint    ] Entering safepoint region: Cleanup
[2019-12-09T02:47:12.230+0000][1][safepoint    ] Leaving safepoint region
[2019-12-09T02:47:12.230+0000][1][safepoint    ] Total time for which application threads were stopped: 0.0000679 seconds, Stopping threads took: 0.0000168 seconds
[2019-12-09T02:47:13.230+0000][1][safepoint    ] Application time: 1.0000768 seconds
[2019-12-09T02:47:13.230+0000][1][safepoint    ] Entering safepoint region: Cleanup
[2019-12-09T02:47:13.230+0000][1][safepoint    ] Leaving safepoint region
[2019-12-09T02:47:13.230+0000][1][safepoint    ] Total time for which application threads were stopped: 0.0000798 seconds, Stopping threads took: 0.0000159 seconds
[2019-12-09T02:47:14.230+0000][1][safepoint    ] Application time: 1.0000772 seconds
[2019-12-09T02:47:14.230+0000][1][safepoint    ] Entering safepoint region: Cleanup
[2019-12-09T02:47:14.230+0000][1][safepoint    ] Leaving safepoint region
[2019-12-09T02:47:14.230+0000][1][safepoint    ] Total time for which application threads were stopped: 0.0000679 seconds, Stopping threads took: 0.0000165 seconds
[2019-12-09T02:47:15.230+0000][1][safepoint    ] Application time: 1.0000780 seconds
[2019-12-09T02:47:15.230+0000][1][safepoint    ] Entering safepoint region: Cleanup
[2019-12-09T02:47:15.230+0000][1][safepoint    ] Leaving safepoint region
[2019-12-09T02:47:15.230+0000][1][safepoint    ] Total time for which application threads were stopped: 0.0000702 seconds, Stopping threads took: 0.0000176 seconds
[2019-12-09T02:47:16.230+0000][1][safepoint    ] Application time: 1.0000770 seconds
[2019-12-09T02:47:16.230+0000][1][safepoint    ] Entering safepoint region: Cleanup
[2019-12-09T02:47:16.230+0000][1][safepoint    ] Leaving safepoint region
[2019-12-09T02:47:16.230+0000][1][safepoint    ] Total time for which application threads were stopped: 0.0000676 seconds, Stopping threads took: 0.0000166 seconds
[2019-12-09T02:47:17.230+0000][1][safepoint    ] Application time: 1.0000773 seconds
[2019-12-09T02:47:17.230+0000][1][safepoint    ] Entering safepoint region: Cleanup
[2019-12-09T02:47:17.230+0000][1][safepoint    ] Leaving safepoint region
[2019-12-09T02:47:17.230+0000][1][safepoint    ] Total time for which application threads were stopped: 0.0000682 seconds, Stopping threads took: 0.0000156 seconds
[2019-12-09T02:47:18.231+0000][1][safepoint    ] Application time: 1.0000783 seconds
[2019-12-09T02:47:18.231+0000][1][safepoint    ] Entering safepoint region: Cleanup
[2019-12-09T02:47:18.231+0000][1][safepoint    ] Leaving safepoint region
[2019-12-09T02:47:18.231+0000][1][safepoint    ] Total time for which application threads were stopped: 0.0000713 seconds, Stopping threads took: 0.0000175 seconds
[2019-12-09T02:47:19.231+0000][1][safepoint    ] Application time: 1.0000783 seconds
[2019-12-09T02:47:19.231+0000][1][safepoint    ] Entering safepoint region: Cleanup
[2019-12-09T02:47:19.231+0000][1][safepoint    ] Leaving safepoint region
[2019-12-09T02:47:19.231+0000][1][safepoint    ] Total time for which application threads were stopped: 0.0000686 seconds, Stopping threads took: 0.0000161 seconds
[2019-12-09T02:47:20.231+0000][1][safepoint    ] Application time: 1.0000790 seconds
[2019-12-09T02:47:20.231+0000][1][safepoint    ] Entering safepoint region: Cleanup
[2019-12-09T02:47:20.231+0000][1][safepoint    ] Leaving safepoint region
[2019-12-09T02:47:20.231+0000][1][safepoint    ] Total time for which application threads were stopped: 0.0000687 seconds, Stopping threads took: 0.0000173 seconds
[2019-12-09T02:47:21.231+0000][1][safepoint    ] Application time: 1.0000776 seconds
[2019-12-09T02:47:21.231+0000][1][safepoint    ] Entering safepoint region: Cleanup
[2019-12-09T02:47:21.231+0000][1][safepoint    ] Leaving safepoint region
[2019-12-09T02:47:21.231+0000][1][safepoint    ] Total time for which application threads were stopped: 0.0000708 seconds, Stopping threads took: 0.0000174 seconds
[2019-12-09T02:47:22.231+0000][1][safepoint    ] Application time: 1.0000777 seconds
[2019-12-09T02:47:22.231+0000][1][safepoint    ] Entering safepoint region: Cleanup
[2019-12-09T02:47:22.231+0000][1][safepoint    ] Leaving safepoint region
[2019-12-09T02:47:22.231+0000][1][safepoint    ] Total time for which application threads were stopped: 0.0000701 seconds, Stopping threads took: 0.0000179 seconds
[2019-12-09T02:47:23.231+0000][1][safepoint    ] Application time: 1.0000768 seconds
[2019-12-09T02:47:23.232+0000][1][safepoint    ] Entering safepoint region: Cleanup
[2019-12-09T02:47:23.232+0000][1][safepoint    ] Leaving safepoint region
[2019-12-09T02:47:23.232+0000][1][safepoint    ] Total time for which application threads were stopped: 0.0000721 seconds, Stopping threads took: 0.0000183 seconds
[2019-12-09T02:47:24.232+0000][1][safepoint    ] Application time: 1.0000871 seconds
[2019-12-09T02:47:24.232+0000][1][safepoint    ] Entering safepoint region: Cleanup
[2019-12-09T02:47:24.232+0000][1][safepoint    ] Leaving safepoint region
[2019-12-09T02:47:24.232+0000][1][safepoint    ] Total time for which application threads were stopped: 0.0000693 seconds, Stopping threads took: 0.0000168 seconds
[2019-12-09T02:47:25.232+0000][1][safepoint    ] Application time: 1.0000783 seconds
[2019-12-09T02:47:25.232+0000][1][safepoint    ] Entering safepoint region: Cleanup
[2019-12-09T02:47:25.232+0000][1][safepoint    ] Leaving safepoint region
[2019-12-09T02:47:25.232+0000][1][safepoint    ] Total time for which application threads were stopped: 0.0000682 seconds, Stopping threads took: 0.0000170 seconds
[2019-12-09T02:47:26.232+0000][1][safepoint    ] Application time: 1.0000777 seconds
[2019-12-09T02:47:26.232+0000][1][safepoint    ] Entering safepoint region: Cleanup
[2019-12-09T02:47:26.232+0000][1][safepoint    ] Leaving safepoint region
[2019-12-09T02:47:26.232+0000][1][safepoint    ] Total time for which application threads were stopped: 0.0000728 seconds, Stopping threads took: 0.0000176 seconds
[2019-12-09T02:47:27.232+0000][1][safepoint    ] Application time: 1.0000755 seconds
[2019-12-09T02:47:27.232+0000][1][safepoint    ] Entering safepoint region: Cleanup
[2019-12-09T02:47:27.232+0000][1][safepoint    ] Leaving safepoint region
[2019-12-09T02:47:27.232+0000][1][safepoint    ] Total time for which application threads were stopped: 0.0000703 seconds, Stopping threads took: 0.0000175 seconds
[2019-12-09T02:47:28.232+0000][1][safepoint    ] Application time: 1.0000774 seconds
[2019-12-09T02:47:28.233+0000][1][safepoint    ] Entering safepoint region: Cleanup
[2019-12-09T02:47:28.233+0000][1][safepoint    ] Leaving safepoint region
[2019-12-09T02:47:28.233+0000][1][safepoint    ] Total time for which application threads were stopped: 0.0000717 seconds, Stopping threads took: 0.0000166 seconds
[2019-12-09T02:47:29.233+0000][1][safepoint    ] Application time: 1.0000764 seconds
[2019-12-09T02:47:29.233+0000][1][safepoint    ] Entering safepoint region: Cleanup
[2019-12-09T02:47:29.233+0000][1][safepoint    ] Leaving safepoint region
[2019-12-09T02:47:29.233+0000][1][safepoint    ] Total time for which application threads were stopped: 0.0000696 seconds, Stopping threads took: 0.0000170 seconds
[2019-12-09T02:47:30.233+0000][1][safepoint    ] Application time: 1.0000782 seconds
[2019-12-09T02:47:30.233+0000][1][safepoint    ] Entering safepoint region: Cleanup
[2019-12-09T02:47:30.233+0000][1][safepoint    ] Leaving safepoint region
[2019-12-09T02:47:30.233+0000][1][safepoint    ] Total time for which application threads were stopped: 0.0000701 seconds, Stopping threads took: 0.0000168 seconds
[2019-12-09T02:47:31.233+0000][1][safepoint    ] Application time: 1.0000785 seconds
[2019-12-09T02:47:31.233+0000][1][safepoint    ] Entering safepoint region: Cleanup
[2019-12-09T02:47:31.233+0000][1][safepoint    ] Leaving safepoint region
[2019-12-09T02:47:31.233+0000][1][safepoint    ] Total time for which application threads were stopped: 0.0000705 seconds, Stopping threads took: 0.0000184 seconds
[2019-12-09T02:47:32.233+0000][1][safepoint    ] Application time: 1.0000759 seconds
[2019-12-09T02:47:32.233+0000][1][safepoint    ] Entering safepoint region: Cleanup
[2019-12-09T02:47:32.233+0000][1][safepoint    ] Leaving safepoint region
[2019-12-09T02:47:32.233+0000][1][safepoint    ] Total time for which application threads were stopped: 0.0000745 seconds, Stopping threads took: 0.0000226 seconds
[2019-12-09T02:47:33.233+0000][1][safepoint    ] Application time: 1.0000755 seconds
[2019-12-09T02:47:33.233+0000][1][safepoint    ] Entering safepoint region: Cleanup
[2019-12-09T02:47:33.234+0000][1][safepoint    ] Leaving safepoint region
[2019-12-09T02:47:33.234+0000][1][safepoint    ] Total time for which application threads were stopped: 0.0000719 seconds, Stopping threads took: 0.0000179 seconds
[2019-12-09T02:47:34.234+0000][1][safepoint    ] Application time: 1.0000771 seconds
[2019-12-09T02:47:34.234+0000][1][safepoint    ] Entering safepoint region: Cleanup
[2019-12-09T02:47:34.234+0000][1][safepoint    ] Leaving safepoint region
[2019-12-09T02:47:34.234+0000][1][safepoint    ] Total time for which application threads were stopped: 0.0000770 seconds, Stopping threads took: 0.0000173 seconds
[2019-12-09T02:47:35.234+0000][1][safepoint    ] Application time: 1.0000765 seconds
[2019-12-09T02:47:35.234+0000][1][safepoint    ] Entering safepoint region: Cleanup
[2019-12-09T02:47:35.234+0000][1][safepoint    ] Leaving safepoint region
[2019-12-09T02:47:35.234+0000][1][safepoint    ] Total time for which application threads were stopped: 0.0000761 seconds, Stopping threads took: 0.0000239 seconds
[2019-12-09T02:47:36.234+0000][1][safepoint    ] Application time: 1.0000770 seconds
[2019-12-09T02:47:36.234+0000][1][safepoint    ] Entering safepoint region: Cleanup
[2019-12-09T02:47:36.234+0000][1][safepoint    ] Leaving safepoint region
[2019-12-09T02:47:36.234+0000][1][safepoint    ] Total time for which application threads were stopped: 0.0000728 seconds, Stopping threads took: 0.0000193 seconds
[2019-12-09T02:47:37.234+0000][1][safepoint    ] Application time: 1.0000747 seconds
[2019-12-09T02:47:37.234+0000][1][safepoint    ] Entering safepoint region: Cleanup
[2019-12-09T02:47:37.234+0000][1][safepoint    ] Leaving safepoint region
[2019-12-09T02:47:37.234+0000][1][safepoint    ] Total time for which application threads were stopped: 0.0000689 seconds, Stopping threads took: 0.0000183 seconds
[2019-12-09T02:47:38.234+0000][1][safepoint    ] Application time: 1.0000754 seconds
[2019-12-09T02:47:38.234+0000][1][safepoint    ] Entering safepoint region: Cleanup
[2019-12-09T02:47:38.234+0000][1][safepoint    ] Leaving safepoint region
[2019-12-09T02:47:38.234+0000][1][safepoint    ] Total time for which application threads were stopped: 0.0000703 seconds, Stopping threads took: 0.0000168 seconds
[2019-12-09T02:47:40.120+0000][1][safepoint    ] Application time: 1.8857736 seconds
[2019-12-09T02:47:40.120+0000][1][safepoint    ] Entering safepoint region: Cleanup
[2019-12-09T02:47:40.120+0000][1][safepoint    ] Leaving safepoint region
[2019-12-09T02:47:40.120+0000][1][safepoint    ] Total time for which application threads were stopped: 0.0000987 seconds, Stopping threads took: 0.0000172 seconds
[2019-12-09T02:47:41.120+0000][1][safepoint    ] Application time: 1.0000760 seconds
[2019-12-09T02:47:41.121+0000][1][safepoint    ] Entering safepoint region: Cleanup
[2019-12-09T02:47:41.121+0000][1][safepoint    ] Leaving safepoint region
[2019-12-09T02:47:41.121+0000][1][safepoint    ] Total time for which application threads were stopped: 0.0000658 seconds, Stopping threads took: 0.0000156 seconds
[2019-12-09T02:47:42.121+0000][1][safepoint    ] Application time: 1.0000765 seconds
[2019-12-09T02:47:42.121+0000][1][safepoint    ] Entering safepoint region: Cleanup
[2019-12-09T02:47:42.121+0000][1][safepoint    ] Leaving safepoint region
[2019-12-09T02:47:42.121+0000][1][safepoint    ] Total time for which application threads were stopped: 0.0000703 seconds, Stopping threads took: 0.0000160 seconds
[2019-12-09T02:47:43.121+0000][1][safepoint    ] Application time: 1.0000778 seconds
[2019-12-09T02:47:43.121+0000][1][safepoint    ] Entering safepoint region: Cleanup
[2019-12-09T02:47:43.121+0000][1][safepoint    ] Leaving safepoint region
[2019-12-09T02:47:43.121+0000][1][safepoint    ] Total time for which application threads were stopped: 0.0000778 seconds, Stopping threads took: 0.0000248 seconds
[2019-12-09T02:47:44.121+0000][1][safepoint    ] Application time: 1.0000773 seconds
[2019-12-09T02:47:44.121+0000][1][safepoint    ] Entering safepoint region: Cleanup
[2019-12-09T02:47:44.121+0000][1][safepoint    ] Leaving safepoint region
[2019-12-09T02:47:44.121+0000][1][safepoint    ] Total time for which application threads were stopped: 0.0000697 seconds, Stopping threads took: 0.0000172 seconds
[2019-12-09T02:47:45.121+0000][1][safepoint    ] Application time: 1.0000772 seconds
[2019-12-09T02:47:45.121+0000][1][safepoint    ] Entering safepoint region: Cleanup
[2019-12-09T02:47:45.121+0000][1][safepoint    ] Leaving safepoint region
[2019-12-09T02:47:45.121+0000][1][safepoint    ] Total time for which application threads were stopped: 0.0000722 seconds, Stopping threads took: 0.0000179 seconds
[2019-12-09T02:47:46.121+0000][1][safepoint    ] Application time: 1.0000781 seconds
[2019-12-09T02:47:46.121+0000][1][safepoint    ] Entering safepoint region: Cleanup
[2019-12-09T02:47:46.122+0000][1][safepoint    ] Leaving safepoint region
[2019-12-09T02:47:46.122+0000][1][safepoint    ] Total time for which application threads were stopped: 0.0000714 seconds, Stopping threads took: 0.0000171 seconds
[2019-12-09T02:47:47.122+0000][1][safepoint    ] Application time: 1.0000763 seconds
[2019-12-09T02:47:47.122+0000][1][safepoint    ] Entering safepoint region: Cleanup
[2019-12-09T02:47:47.122+0000][1][safepoint    ] Leaving safepoint region
[2019-12-09T02:47:47.122+0000][1][safepoint    ] Total time for which application threads were stopped: 0.0000757 seconds, Stopping threads took: 0.0000249 seconds
[2019-12-09T02:47:48.122+0000][1][safepoint    ] Application time: 1.0000763 seconds
[2019-12-09T02:47:48.122+0000][1][safepoint    ] Entering safepoint region: Cleanup
[2019-12-09T02:47:48.122+0000][1][safepoint    ] Leaving safepoint region
[2019-12-09T02:47:48.122+0000][1][safepoint    ] Total time for which application threads were stopped: 0.0000707 seconds, Stopping threads took: 0.0000188 seconds
[2019-12-09T02:47:49.122+0000][1][safepoint    ] Application time: 1.0000770 seconds
[2019-12-09T02:47:49.122+0000][1][safepoint    ] Entering safepoint region: Cleanup
[2019-12-09T02:47:49.122+0000][1][safepoint    ] Leaving safepoint region
[2019-12-09T02:47:49.122+0000][1][safepoint    ] Total time for which application threads were stopped: 0.0000709 seconds, Stopping threads took: 0.0000181 seconds
[2019-12-09T02:47:50.122+0000][1][safepoint    ] Application time: 1.0000767 seconds
[2019-12-09T02:47:50.122+0000][1][safepoint    ] Entering safepoint region: Cleanup
[2019-12-09T02:47:50.122+0000][1][safepoint    ] Leaving safepoint region
[2019-12-09T02:47:50.122+0000][1][safepoint    ] Total time for which application threads were stopped: 0.0000691 seconds, Stopping threads took: 0.0000184 seconds
[2019-12-09T02:47:51.122+0000][1][safepoint    ] Application time: 1.0000771 seconds
[2019-12-09T02:47:51.122+0000][1][safepoint    ] Entering safepoint region: Cleanup
[2019-12-09T02:47:51.123+0000][1][safepoint    ] Leaving safepoint region
[2019-12-09T02:47:51.123+0000][1][safepoint    ] Total time for which application threads were stopped: 0.0000709 seconds, Stopping threads took: 0.0000178 seconds
[2019-12-09T02:47:52.123+0000][1][safepoint    ] Application time: 1.0000778 seconds
[2019-12-09T02:47:52.123+0000][1][safepoint    ] Entering safepoint region: Cleanup
[2019-12-09T02:47:52.123+0000][1][safepoint    ] Leaving safepoint region
[2019-12-09T02:47:52.123+0000][1][safepoint    ] Total time for which application threads were stopped: 0.0000869 seconds, Stopping threads took: 0.0000185 seconds
[2019-12-09T02:47:53.123+0000][1][safepoint    ] Application time: 1.0000758 seconds
[2019-12-09T02:47:53.123+0000][1][safepoint    ] Entering safepoint region: Cleanup
[2019-12-09T02:47:53.123+0000][1][safepoint    ] Leaving safepoint region
[2019-12-09T02:47:53.123+0000][1][safepoint    ] Total time for which application threads were stopped: 0.0000792 seconds, Stopping threads took: 0.0000258 seconds
[2019-12-09T02:47:54.123+0000][1][safepoint    ] Application time: 1.0000772 seconds
[2019-12-09T02:47:54.123+0000][1][safepoint    ] Entering safepoint region: Cleanup
[2019-12-09T02:47:54.123+0000][1][safepoint    ] Leaving safepoint region
[2019-12-09T02:47:54.123+0000][1][safepoint    ] Total time for which application threads were stopped: 0.0000695 seconds, Stopping threads took: 0.0000183 seconds
[2019-12-09T02:47:55.123+0000][1][safepoint    ] Application time: 1.0000765 seconds
[2019-12-09T02:47:55.123+0000][1][safepoint    ] Entering safepoint region: Cleanup
[2019-12-09T02:47:55.123+0000][1][safepoint    ] Leaving safepoint region
[2019-12-09T02:47:55.123+0000][1][safepoint    ] Total time for which application threads were stopped: 0.0000697 seconds, Stopping threads took: 0.0000174 seconds
[2019-12-09T02:47:56.123+0000][1][safepoint    ] Application time: 1.0000769 seconds
[2019-12-09T02:47:56.123+0000][1][safepoint    ] Entering safepoint region: Cleanup
[2019-12-09T02:47:56.124+0000][1][safepoint    ] Leaving safepoint region
[2019-12-09T02:47:56.124+0000][1][safepoint    ] Total time for which application threads were stopped: 0.0000819 seconds, Stopping threads took: 0.0000187 seconds
[2019-12-09T02:47:57.124+0000][1][safepoint    ] Application time: 1.0000769 seconds
[2019-12-09T02:47:57.124+0000][1][safepoint    ] Entering safepoint region: Cleanup
[2019-12-09T02:47:57.124+0000][1][safepoint    ] Leaving safepoint region
[2019-12-09T02:47:57.124+0000][1][safepoint    ] Total time for which application threads were stopped: 0.0000828 seconds, Stopping threads took: 0.0000163 seconds
[2019-12-09T02:47:58.124+0000][1][safepoint    ] Application time: 1.0000756 seconds
[2019-12-09T02:47:58.124+0000][1][safepoint    ] Entering safepoint region: Cleanup
[2019-12-09T02:47:58.124+0000][1][safepoint    ] Leaving safepoint region
[2019-12-09T02:47:58.124+0000][1][safepoint    ] Total time for which application threads were stopped: 0.0000726 seconds, Stopping threads took: 0.0000184 seconds
[2019-12-09T02:47:59.124+0000][1][safepoint    ] Application time: 1.0000759 seconds
[2019-12-09T02:47:59.124+0000][1][safepoint    ] Entering safepoint region: Cleanup
[2019-12-09T02:47:59.124+0000][1][safepoint    ] Leaving safepoint region
[2019-12-09T02:47:59.124+0000][1][safepoint    ] Total time for which application threads were stopped: 0.0000726 seconds, Stopping threads took: 0.0000160 seconds
[2019-12-09T02:48:00.124+0000][1][safepoint    ] Application time: 1.0000775 seconds
[2019-12-09T02:48:00.124+0000][1][safepoint    ] Entering safepoint region: Cleanup
[2019-12-09T02:48:00.124+0000][1][safepoint    ] Leaving safepoint region
[2019-12-09T02:48:00.124+0000][1][safepoint    ] Total time for which application threads were stopped: 0.0000798 seconds, Stopping threads took: 0.0000178 seconds
[2019-12-09T02:48:01.124+0000][1][safepoint    ] Application time: 1.0000767 seconds
[2019-12-09T02:48:01.124+0000][1][safepoint    ] Entering safepoint region: Cleanup
[2019-12-09T02:48:01.124+0000][1][safepoint    ] Leaving safepoint region
[2019-12-09T02:48:01.124+0000][1][safepoint    ] Total time for which application threads were stopped: 0.0000692 seconds, Stopping threads took: 0.0000176 seconds
[2019-12-09T02:48:02.125+0000][1][safepoint    ] Application time: 1.0000764 seconds
[2019-12-09T02:48:02.125+0000][1][safepoint    ] Entering safepoint region: Cleanup
[2019-12-09T02:48:02.125+0000][1][safepoint    ] Leaving safepoint region
[2019-12-09T02:48:02.125+0000][1][safepoint    ] Total time for which application threads were stopped: 0.0000893 seconds, Stopping threads took: 0.0000167 seconds
[2019-12-09T02:48:03.125+0000][1][safepoint    ] Application time: 1.0000743 seconds
[2019-12-09T02:48:03.125+0000][1][safepoint    ] Entering safepoint region: Cleanup
[2019-12-09T02:48:03.125+0000][1][safepoint    ] Leaving safepoint region
[2019-12-09T02:48:03.125+0000][1][safepoint    ] Total time for which application threads were stopped: 0.0000820 seconds, Stopping threads took: 0.0000193 seconds
[2019-12-09T02:48:04.125+0000][1][safepoint    ] Application time: 1.0000766 seconds
[2019-12-09T02:48:04.125+0000][1][safepoint    ] Entering safepoint region: Cleanup
[2019-12-09T02:48:04.125+0000][1][safepoint    ] Leaving safepoint region
[2019-12-09T02:48:04.125+0000][1][safepoint    ] Total time for which application threads were stopped: 0.0000739 seconds, Stopping threads took: 0.0000190 seconds
[2019-12-09T02:48:05.125+0000][1][safepoint    ] Application time: 1.0000763 seconds
[2019-12-09T02:48:05.125+0000][1][safepoint    ] Entering safepoint region: Cleanup
[2019-12-09T02:48:05.125+0000][1][safepoint    ] Leaving safepoint region
[2019-12-09T02:48:05.125+0000][1][safepoint    ] Total time for which application threads were stopped: 0.0000823 seconds, Stopping threads took: 0.0000252 seconds
[2019-12-09T02:48:06.125+0000][1][safepoint    ] Application time: 1.0000761 seconds
[2019-12-09T02:48:06.125+0000][1][safepoint    ] Entering safepoint region: Cleanup
[2019-12-09T02:48:06.125+0000][1][safepoint    ] Leaving safepoint region
[2019-12-09T02:48:06.125+0000][1][safepoint    ] Total time for which application threads were stopped: 0.0000730 seconds, Stopping threads took: 0.0000165 seconds
[2019-12-09T02:48:07.126+0000][1][safepoint    ] Application time: 1.0000755 seconds
[2019-12-09T02:48:07.126+0000][1][safepoint    ] Entering safepoint region: Cleanup
[2019-12-09T02:48:07.126+0000][1][safepoint    ] Leaving safepoint region
[2019-12-09T02:48:07.126+0000][1][safepoint    ] Total time for which application threads were stopped: 0.0000859 seconds, Stopping threads took: 0.0000157 seconds
[2019-12-09T02:48:08.126+0000][1][safepoint    ] Application time: 1.0000751 seconds
[2019-12-09T02:48:08.126+0000][1][safepoint    ] Entering safepoint region: Cleanup
[2019-12-09T02:48:08.126+0000][1][safepoint    ] Leaving safepoint region
[2019-12-09T02:48:08.126+0000][1][safepoint    ] Total time for which application threads were stopped: 0.0000721 seconds, Stopping threads took: 0.0000169 seconds
[2019-12-09T02:48:09.126+0000][1][safepoint    ] Application time: 1.0000793 seconds
[2019-12-09T02:48:09.126+0000][1][safepoint    ] Entering safepoint region: Cleanup
[2019-12-09T02:48:09.126+0000][1][safepoint    ] Leaving safepoint region
[2019-12-09T02:48:09.126+0000][1][safepoint    ] Total time for which application threads were stopped: 0.0000893 seconds, Stopping threads took: 0.0000214 seconds
[2019-12-09T02:48:10.126+0000][1][safepoint    ] Application time: 1.0000779 seconds
[2019-12-09T02:48:10.126+0000][1][safepoint    ] Entering safepoint region: Cleanup
[2019-12-09T02:48:10.126+0000][1][safepoint    ] Leaving safepoint region
[2019-12-09T02:48:10.126+0000][1][safepoint    ] Total time for which application threads were stopped: 0.0000813 seconds, Stopping threads took: 0.0000266 seconds
[2019-12-09T02:48:11.126+0000][1][safepoint    ] Application time: 1.0000764 seconds
[2019-12-09T02:48:11.126+0000][1][safepoint    ] Entering safepoint region: Cleanup
[2019-12-09T02:48:11.127+0000][1][safepoint    ] Leaving safepoint region
[2019-12-09T02:48:11.127+0000][1][safepoint    ] Total time for which application threads were stopped: 0.0000711 seconds, Stopping threads took: 0.0000160 seconds
[2019-12-09T02:48:12.127+0000][1][safepoint    ] Application time: 1.0000769 seconds
[2019-12-09T02:48:12.127+0000][1][safepoint    ] Entering safepoint region: Cleanup
[2019-12-09T02:48:12.127+0000][1][safepoint    ] Leaving safepoint region
[2019-12-09T02:48:12.127+0000][1][safepoint    ] Total time for which application threads were stopped: 0.0000866 seconds, Stopping threads took: 0.0000188 seconds
[2019-12-09T02:48:13.127+0000][1][safepoint    ] Application time: 1.0000763 seconds
[2019-12-09T02:48:13.127+0000][1][safepoint    ] Entering safepoint region: Cleanup
[2019-12-09T02:48:13.127+0000][1][safepoint    ] Leaving safepoint region
[2019-12-09T02:48:13.127+0000][1][safepoint    ] Total time for which application threads were stopped: 0.0000843 seconds, Stopping threads took: 0.0000158 seconds
[2019-12-09T02:48:14.127+0000][1][safepoint    ] Application time: 1.0000824 seconds
[2019-12-09T02:48:14.127+0000][1][safepoint    ] Entering safepoint region: Cleanup
[2019-12-09T02:48:14.127+0000][1][safepoint    ] Leaving safepoint region
[2019-12-09T02:48:14.127+0000][1][safepoint    ] Total time for which application threads were stopped: 0.0000807 seconds, Stopping threads took: 0.0000198 seconds
[2019-12-09T02:48:15.127+0000][1][safepoint    ] Application time: 1.0000768 seconds
[2019-12-09T02:48:15.127+0000][1][safepoint    ] Entering safepoint region: Cleanup
[2019-12-09T02:48:15.127+0000][1][safepoint    ] Leaving safepoint region
[2019-12-09T02:48:15.127+0000][1][safepoint    ] Total time for which application threads were stopped: 0.0000740 seconds, Stopping threads took: 0.0000171 seconds
[2019-12-09T02:48:16.127+0000][1][safepoint    ] Application time: 1.0000758 seconds
[2019-12-09T02:48:16.127+0000][1][safepoint    ] Entering safepoint region: Cleanup
[2019-12-09T02:48:16.128+0000][1][safepoint    ] Leaving safepoint region
[2019-12-09T02:48:16.128+0000][1][safepoint    ] Total time for which application threads were stopped: 0.0000751 seconds, Stopping threads took: 0.0000149 seconds
[2019-12-09T02:48:17.128+0000][1][safepoint    ] Application time: 1.0000766 seconds
[2019-12-09T02:48:17.128+0000][1][safepoint    ] Entering safepoint region: Cleanup
[2019-12-09T02:48:17.128+0000][1][safepoint    ] Leaving safepoint region
[2019-12-09T02:48:17.128+0000][1][safepoint    ] Total time for which application threads were stopped: 0.0000810 seconds, Stopping threads took: 0.0000147 seconds
[2019-12-09T02:48:18.128+0000][1][safepoint    ] Application time: 1.0000748 seconds
[2019-12-09T02:48:18.128+0000][1][safepoint    ] Entering safepoint region: Cleanup
[2019-12-09T02:48:18.128+0000][1][safepoint    ] Leaving safepoint region
[2019-12-09T02:48:18.128+0000][1][safepoint    ] Total time for which application threads were stopped: 0.0000682 seconds, Stopping threads took: 0.0000142 seconds
[2019-12-09T02:48:19.128+0000][1][safepoint    ] Application time: 1.0000768 seconds
[2019-12-09T02:48:19.128+0000][1][safepoint    ] Entering safepoint region: Cleanup
[2019-12-09T02:48:19.128+0000][1][safepoint    ] Leaving safepoint region
[2019-12-09T02:48:19.128+0000][1][safepoint    ] Total time for which application threads were stopped: 0.0000769 seconds, Stopping threads took: 0.0000223 seconds
[2019-12-09T02:48:20.128+0000][1][safepoint    ] Application time: 1.0000772 seconds
[2019-12-09T02:48:20.128+0000][1][safepoint    ] Entering safepoint region: Cleanup
[2019-12-09T02:48:20.128+0000][1][safepoint    ] Leaving safepoint region
[2019-12-09T02:48:20.128+0000][1][safepoint    ] Total time for which application threads were stopped: 0.0000765 seconds, Stopping threads took: 0.0000199 seconds
[2019-12-09T02:48:21.128+0000][1][safepoint    ] Application time: 1.0000763 seconds
[2019-12-09T02:48:21.128+0000][1][safepoint    ] Entering safepoint region: Cleanup
[2019-12-09T02:48:21.129+0000][1][safepoint    ] Leaving safepoint region
[2019-12-09T02:48:21.129+0000][1][safepoint    ] Total time for which application threads were stopped: 0.0000703 seconds, Stopping threads took: 0.0000158 seconds
[2019-12-09T02:48:22.129+0000][1][safepoint    ] Application time: 1.0000777 seconds
[2019-12-09T02:48:22.129+0000][1][safepoint    ] Entering safepoint region: Cleanup
[2019-12-09T02:48:22.129+0000][1][safepoint    ] Leaving safepoint region
[2019-12-09T02:48:22.129+0000][1][safepoint    ] Total time for which application threads were stopped: 0.0000848 seconds, Stopping threads took: 0.0000165 seconds
[2019-12-09T02:48:23.129+0000][1][safepoint    ] Application time: 1.0000753 seconds
[2019-12-09T02:48:23.129+0000][1][safepoint    ] Entering safepoint region: Cleanup
[2019-12-09T02:48:23.129+0000][1][safepoint    ] Leaving safepoint region
[2019-12-09T02:48:23.129+0000][1][safepoint    ] Total time for which application threads were stopped: 0.0000831 seconds, Stopping threads took: 0.0000157 seconds
[2019-12-09T02:48:24.129+0000][1][safepoint    ] Application time: 1.0000771 seconds
[2019-12-09T02:48:24.129+0000][1][safepoint    ] Entering safepoint region: Cleanup
[2019-12-09T02:48:24.129+0000][1][safepoint    ] Leaving safepoint region
[2019-12-09T02:48:24.129+0000][1][safepoint    ] Total time for which application threads were stopped: 0.0000730 seconds, Stopping threads took: 0.0000180 seconds
[2019-12-09T02:48:25.129+0000][1][safepoint    ] Application time: 1.0000758 seconds
[2019-12-09T02:48:25.129+0000][1][safepoint    ] Entering safepoint region: Cleanup
[2019-12-09T02:48:25.129+0000][1][safepoint    ] Leaving safepoint region
[2019-12-09T02:48:25.129+0000][1][safepoint    ] Total time for which application threads were stopped: 0.0000737 seconds, Stopping threads took: 0.0000165 seconds
[2019-12-09T02:48:26.129+0000][1][safepoint    ] Application time: 1.0000764 seconds
[2019-12-09T02:48:26.129+0000][1][safepoint    ] Entering safepoint region: Cleanup
[2019-12-09T02:48:26.129+0000][1][safepoint    ] Leaving safepoint region
[2019-12-09T02:48:26.130+0000][1][safepoint    ] Total time for which application threads were stopped: 0.0000760 seconds, Stopping threads took: 0.0000186 seconds
[2019-12-09T02:48:27.130+0000][1][safepoint    ] Application time: 1.0000528 seconds
[2019-12-09T02:48:27.130+0000][1][safepoint    ] Entering safepoint region: Cleanup
[2019-12-09T02:48:27.130+0000][1][safepoint    ] Leaving safepoint region
[2019-12-09T02:48:27.130+0000][1][safepoint    ] Total time for which application threads were stopped: 0.0000715 seconds, Stopping threads took: 0.0000159 seconds
[2019-12-09T02:48:28.130+0000][1][safepoint    ] Application time: 1.0000854 seconds
[2019-12-09T02:48:28.130+0000][1][safepoint    ] Entering safepoint region: Cleanup
[2019-12-09T02:48:28.130+0000][1][safepoint    ] Leaving safepoint region
[2019-12-09T02:48:28.130+0000][1][safepoint    ] Total time for which application threads were stopped: 0.0000707 seconds, Stopping threads took: 0.0000168 seconds
[2019-12-09T02:48:29.130+0000][1][safepoint    ] Application time: 1.0000759 seconds
[2019-12-09T02:48:29.130+0000][1][safepoint    ] Entering safepoint region: Cleanup
[2019-12-09T02:48:29.130+0000][1][safepoint    ] Leaving safepoint region
[2019-12-09T02:48:29.130+0000][1][safepoint    ] Total time for which application threads were stopped: 0.0000728 seconds, Stopping threads took: 0.0000170 seconds
[2019-12-09T02:48:30.130+0000][1][safepoint    ] Application time: 1.0000789 seconds
[2019-12-09T02:48:30.130+0000][1][safepoint    ] Entering safepoint region: Cleanup
[2019-12-09T02:48:30.130+0000][1][safepoint    ] Leaving safepoint region
[2019-12-09T02:48:30.130+0000][1][safepoint    ] Total time for which application threads were stopped: 0.0000735 seconds, Stopping threads took: 0.0000164 seconds
[2019-12-09T02:48:31.130+0000][1][safepoint    ] Application time: 1.0000781 seconds
[2019-12-09T02:48:31.130+0000][1][safepoint    ] Entering safepoint region: Cleanup
[2019-12-09T02:48:31.130+0000][1][safepoint    ] Leaving safepoint region
[2019-12-09T02:48:31.130+0000][1][safepoint    ] Total time for which application threads were stopped: 0.0000713 seconds, Stopping threads took: 0.0000160 seconds
[2019-12-09T02:48:32.131+0000][1][safepoint    ] Application time: 1.0000756 seconds
[2019-12-09T02:48:32.131+0000][1][safepoint    ] Entering safepoint region: Cleanup
[2019-12-09T02:48:32.131+0000][1][safepoint    ] Leaving safepoint region
[2019-12-09T02:48:32.131+0000][1][safepoint    ] Total time for which application threads were stopped: 0.0000685 seconds, Stopping threads took: 0.0000143 seconds
[2019-12-09T02:48:33.131+0000][1][safepoint    ] Application time: 1.0000755 seconds
[2019-12-09T02:48:33.131+0000][1][safepoint    ] Entering safepoint region: Cleanup
[2019-12-09T02:48:33.131+0000][1][safepoint    ] Leaving safepoint region
[2019-12-09T02:48:33.131+0000][1][safepoint    ] Total time for which application threads were stopped: 0.0000744 seconds, Stopping threads took: 0.0000165 seconds
[2019-12-09T02:48:34.131+0000][1][safepoint    ] Application time: 1.0000770 seconds
[2019-12-09T02:48:34.131+0000][1][safepoint    ] Entering safepoint region: Cleanup
[2019-12-09T02:48:34.131+0000][1][safepoint    ] Leaving safepoint region
[2019-12-09T02:48:34.131+0000][1][safepoint    ] Total time for which application threads were stopped: 0.0000740 seconds, Stopping threads took: 0.0000178 seconds
[2019-12-09T02:48:35.131+0000][1][safepoint    ] Application time: 1.0000762 seconds
[2019-12-09T02:48:35.131+0000][1][safepoint    ] Entering safepoint region: Cleanup
[2019-12-09T02:48:35.131+0000][1][safepoint    ] Leaving safepoint region
[2019-12-09T02:48:35.131+0000][1][safepoint    ] Total time for which application threads were stopped: 0.0000749 seconds, Stopping threads took: 0.0000188 seconds
[2019-12-09T02:48:36.131+0000][1][safepoint    ] Application time: 1.0000767 seconds
[2019-12-09T02:48:36.131+0000][1][safepoint    ] Entering safepoint region: Cleanup
[2019-12-09T02:48:36.131+0000][1][safepoint    ] Leaving safepoint region
[2019-12-09T02:48:36.131+0000][1][safepoint    ] Total time for which application threads were stopped: 0.0000748 seconds, Stopping threads took: 0.0000185 seconds
[2019-12-09T02:48:37.132+0000][1][safepoint    ] Application time: 1.0000763 seconds
[2019-12-09T02:48:37.132+0000][1][safepoint    ] Entering safepoint region: Cleanup
[2019-12-09T02:48:37.132+0000][1][safepoint    ] Leaving safepoint region
[2019-12-09T02:48:37.132+0000][1][safepoint    ] Total time for which application threads were stopped: 0.0000736 seconds, Stopping threads took: 0.0000171 seconds
[2019-12-09T02:48:38.132+0000][1][safepoint    ] Application time: 1.0000759 seconds
[2019-12-09T02:48:38.132+0000][1][safepoint    ] Entering safepoint region: Cleanup
[2019-12-09T02:48:38.132+0000][1][safepoint    ] Leaving safepoint region
[2019-12-09T02:48:38.132+0000][1][safepoint    ] Total time for which application threads were stopped: 0.0000726 seconds, Stopping threads took: 0.0000162 seconds
[2019-12-09T02:48:39.132+0000][1][safepoint    ] Application time: 1.0000778 seconds
[2019-12-09T02:48:39.132+0000][1][safepoint    ] Entering safepoint region: Cleanup
[2019-12-09T02:48:39.132+0000][1][safepoint    ] Leaving safepoint region
[2019-12-09T02:48:39.132+0000][1][safepoint    ] Total time for which application threads were stopped: 0.0000853 seconds, Stopping threads took: 0.0000191 seconds
[2019-12-09T02:48:40.132+0000][1][safepoint    ] Application time: 1.0000750 seconds
[2019-12-09T02:48:40.132+0000][1][safepoint    ] Entering safepoint region: Cleanup
[2019-12-09T02:48:40.132+0000][1][safepoint    ] Leaving safepoint region
[2019-12-09T02:48:40.132+0000][1][safepoint    ] Total time for which application threads were stopped: 0.0000734 seconds, Stopping threads took: 0.0000202 seconds
[2019-12-09T02:48:41.132+0000][1][safepoint    ] Application time: 1.0000757 seconds
[2019-12-09T02:48:41.132+0000][1][safepoint    ] Entering safepoint region: Cleanup
[2019-12-09T02:48:41.132+0000][1][safepoint    ] Leaving safepoint region
[2019-12-09T02:48:41.132+0000][1][safepoint    ] Total time for which application threads were stopped: 0.0000688 seconds, Stopping threads took: 0.0000159 seconds
[2019-12-09T02:48:42.132+0000][1][safepoint    ] Application time: 1.0000747 seconds
[2019-12-09T02:48:42.132+0000][1][safepoint    ] Entering safepoint region: Cleanup
[2019-12-09T02:48:42.133+0000][1][safepoint    ] Leaving safepoint region
[2019-12-09T02:48:42.133+0000][1][safepoint    ] Total time for which application threads were stopped: 0.0000651 seconds, Stopping threads took: 0.0000144 seconds
[2019-12-09T02:48:43.133+0000][1][safepoint    ] Application time: 1.0000768 seconds
[2019-12-09T02:48:43.133+0000][1][safepoint    ] Entering safepoint region: Cleanup
[2019-12-09T02:48:43.133+0000][1][safepoint    ] Leaving safepoint region
[2019-12-09T02:48:43.133+0000][1][safepoint    ] Total time for which application threads were stopped: 0.0000803 seconds, Stopping threads took: 0.0000144 seconds
[2019-12-09T02:48:43.292+0000][1][safepoint    ] Application time: 0.1587973 seconds
[2019-12-09T02:48:43.292+0000][1][safepoint    ] Entering safepoint region: GenCollectForAllocation
[2019-12-09T02:48:43.292+0000][1][gc,start     ] GC(31) Pause Young (Allocation Failure)
[2019-12-09T02:48:43.292+0000][1][gc,task      ] GC(31) Using 2 workers of 2 for evacuation
[2019-12-09T02:48:43.294+0000][1][gc,age       ] GC(31) Desired survivor size 4456448 bytes, new threshold 6 (max threshold 6)
[2019-12-09T02:48:43.294+0000][1][gc,age       ] GC(31) Age table with threshold 6 (max threshold 6)
[2019-12-09T02:48:43.294+0000][1][gc,age       ] GC(31) - age   1:       6944 bytes,       6944 total
[2019-12-09T02:48:43.294+0000][1][gc,age       ] GC(31) - age   2:       3744 bytes,      10688 total
[2019-12-09T02:48:43.294+0000][1][gc,age       ] GC(31) - age   3:       1728 bytes,      12416 total
[2019-12-09T02:48:43.294+0000][1][gc,age       ] GC(31) - age   4:       3264 bytes,      15680 total
[2019-12-09T02:48:43.294+0000][1][gc,age       ] GC(31) - age   5:       4720 bytes,      20400 total
[2019-12-09T02:48:43.294+0000][1][gc,age       ] GC(31) - age   6:      10640 bytes,      31040 total
[2019-12-09T02:48:43.294+0000][1][gc,heap      ] GC(31) ParNew: 71665K->449K(78656K)
[2019-12-09T02:48:43.294+0000][1][gc,heap      ] GC(31) CMS: 69793K->69810K(174784K)
[2019-12-09T02:48:43.294+0000][1][gc,metaspace ] GC(31) Metaspace: 69007K->69007K(1112064K)
[2019-12-09T02:48:43.294+0000][1][gc           ] GC(31) Pause Young (Allocation Failure) 138M->68M(247M) 1.927ms
[2019-12-09T02:48:43.294+0000][1][gc,cpu       ] GC(31) User=0.00s Sys=0.00s Real=0.00s
[2019-12-09T02:48:43.294+0000][1][safepoint    ] Leaving safepoint region
[2019-12-09T02:48:43.294+0000][1][safepoint    ] Total time for which application threads were stopped: 0.0020681 seconds, Stopping threads took: 0.0000166 seconds
[2019-12-09T02:48:44.294+0000][1][safepoint    ] Application time: 1.0000742 seconds
[2019-12-09T02:48:44.294+0000][1][safepoint    ] Entering safepoint region: Cleanup
[2019-12-09T02:48:44.294+0000][1][safepoint    ] Leaving safepoint region
[2019-12-09T02:48:44.294+0000][1][safepoint    ] Total time for which application threads were stopped: 0.0001075 seconds, Stopping threads took: 0.0000229 seconds
[2019-12-09T02:48:45.294+0000][1][safepoint    ] Application time: 1.0000708 seconds
[2019-12-09T02:48:45.294+0000][1][safepoint    ] Entering safepoint region: Cleanup
[2019-12-09T02:48:45.294+0000][1][safepoint    ] Leaving safepoint region
[2019-12-09T02:48:45.294+0000][1][safepoint    ] Total time for which application threads were stopped: 0.0000735 seconds, Stopping threads took: 0.0000168 seconds
[2019-12-09T02:48:46.294+0000][1][safepoint    ] Application time: 1.0000770 seconds
[2019-12-09T02:48:46.294+0000][1][safepoint    ] Entering safepoint region: Cleanup
[2019-12-09T02:48:46.294+0000][1][safepoint    ] Leaving safepoint region
[2019-12-09T02:48:46.294+0000][1][safepoint    ] Total time for which application threads were stopped: 0.0000750 seconds, Stopping threads took: 0.0000171 seconds
[2019-12-09T02:48:47.294+0000][1][safepoint    ] Application time: 1.0000760 seconds
[2019-12-09T02:48:47.294+0000][1][safepoint    ] Entering safepoint region: Cleanup
[2019-12-09T02:48:47.294+0000][1][safepoint    ] Leaving safepoint region
[2019-12-09T02:48:47.294+0000][1][safepoint    ] Total time for which application threads were stopped: 0.0000741 seconds, Stopping threads took: 0.0000175 seconds
[2019-12-09T02:48:48.295+0000][1][safepoint    ] Application time: 1.0000758 seconds
[2019-12-09T02:48:48.295+0000][1][safepoint    ] Entering safepoint region: Cleanup
[2019-12-09T02:48:48.295+0000][1][safepoint    ] Leaving safepoint region
[2019-12-09T02:48:48.295+0000][1][safepoint    ] Total time for which application threads were stopped: 0.0000734 seconds, Stopping threads took: 0.0000163 seconds
[2019-12-09T02:48:49.295+0000][1][safepoint    ] Application time: 1.0000743 seconds
[2019-12-09T02:48:49.295+0000][1][safepoint    ] Entering safepoint region: Cleanup
[2019-12-09T02:48:49.295+0000][1][safepoint    ] Leaving safepoint region
[2019-12-09T02:48:49.295+0000][1][safepoint    ] Total time for which application threads were stopped: 0.0000734 seconds, Stopping threads took: 0.0000168 seconds
[2019-12-09T02:48:50.295+0000][1][safepoint    ] Application time: 1.0000751 seconds
[2019-12-09T02:48:50.295+0000][1][safepoint    ] Entering safepoint region: Cleanup
[2019-12-09T02:48:50.295+0000][1][safepoint    ] Leaving safepoint region
[2019-12-09T02:48:50.295+0000][1][safepoint    ] Total time for which application threads were stopped: 0.0000760 seconds, Stopping threads took: 0.0000173 seconds
[2019-12-09T02:48:51.295+0000][1][safepoint    ] Application time: 1.0000761 seconds
[2019-12-09T02:48:51.295+0000][1][safepoint    ] Entering safepoint region: Cleanup
[2019-12-09T02:48:51.295+0000][1][safepoint    ] Leaving safepoint region
[2019-12-09T02:48:51.295+0000][1][safepoint    ] Total time for which application threads were stopped: 0.0000737 seconds, Stopping threads took: 0.0000171 seconds
[2019-12-09T02:48:53.124+0000][1][safepoint    ] Application time: 1.8290726 seconds
[2019-12-09T02:48:53.124+0000][1][safepoint    ] Entering safepoint region: Cleanup
[2019-12-09T02:48:53.124+0000][1][safepoint    ] Leaving safepoint region
[2019-12-09T02:48:53.124+0000][1][safepoint    ] Total time for which application threads were stopped: 0.0000803 seconds, Stopping threads took: 0.0000150 seconds
[2019-12-09T02:48:54.124+0000][1][safepoint    ] Application time: 1.0000754 seconds
[2019-12-09T02:48:54.125+0000][1][safepoint    ] Entering safepoint region: Cleanup
[2019-12-09T02:48:54.125+0000][1][safepoint    ] Leaving safepoint region
[2019-12-09T02:48:54.125+0000][1][safepoint    ] Total time for which application threads were stopped: 0.0000713 seconds, Stopping threads took: 0.0000156 seconds
[2019-12-09T02:48:55.125+0000][1][safepoint    ] Application time: 1.0000875 seconds
[2019-12-09T02:48:55.125+0000][1][safepoint    ] Entering safepoint region: Cleanup
[2019-12-09T02:48:55.125+0000][1][safepoint    ] Leaving safepoint region
[2019-12-09T02:48:55.125+0000][1][safepoint    ] Total time for which application threads were stopped: 0.0000714 seconds, Stopping threads took: 0.0000155 seconds
[2019-12-09T02:48:56.125+0000][1][safepoint    ] Application time: 1.0000768 seconds
[2019-12-09T02:48:56.125+0000][1][safepoint    ] Entering safepoint region: Cleanup
[2019-12-09T02:48:56.125+0000][1][safepoint    ] Leaving safepoint region
[2019-12-09T02:48:56.125+0000][1][safepoint    ] Total time for which application threads were stopped: 0.0000693 seconds, Stopping threads took: 0.0000144 seconds
[2019-12-09T02:48:57.125+0000][1][safepoint    ] Application time: 1.0000726 seconds
[2019-12-09T02:48:57.125+0000][1][safepoint    ] Entering safepoint region: Cleanup
[2019-12-09T02:48:57.125+0000][1][safepoint    ] Leaving safepoint region
[2019-12-09T02:48:57.125+0000][1][safepoint    ] Total time for which application threads were stopped: 0.0000710 seconds, Stopping threads took: 0.0000179 seconds
[2019-12-09T02:48:58.125+0000][1][safepoint    ] Application time: 1.0000759 seconds
[2019-12-09T02:48:58.125+0000][1][safepoint    ] Entering safepoint region: Cleanup
[2019-12-09T02:48:58.125+0000][1][safepoint    ] Leaving safepoint region
[2019-12-09T02:48:58.125+0000][1][safepoint    ] Total time for which application threads were stopped: 0.0000728 seconds, Stopping threads took: 0.0000153 seconds
[2019-12-09T02:48:59.125+0000][1][safepoint    ] Application time: 1.0000742 seconds
[2019-12-09T02:48:59.125+0000][1][safepoint    ] Entering safepoint region: Cleanup
[2019-12-09T02:48:59.126+0000][1][safepoint    ] Leaving safepoint region
[2019-12-09T02:48:59.126+0000][1][safepoint    ] Total time for which application threads were stopped: 0.0000700 seconds, Stopping threads took: 0.0000143 seconds
[2019-12-09T02:49:00.126+0000][1][safepoint    ] Application time: 1.0000765 seconds
[2019-12-09T02:49:00.126+0000][1][safepoint    ] Entering safepoint region: Cleanup
[2019-12-09T02:49:00.126+0000][1][safepoint    ] Leaving safepoint region
[2019-12-09T02:49:00.126+0000][1][safepoint    ] Total time for which application threads were stopped: 0.0000823 seconds, Stopping threads took: 0.0000186 seconds
[2019-12-09T02:49:01.126+0000][1][safepoint    ] Application time: 1.0000867 seconds
[2019-12-09T02:49:01.126+0000][1][safepoint    ] Entering safepoint region: Cleanup
[2019-12-09T02:49:01.126+0000][1][safepoint    ] Leaving safepoint region
[2019-12-09T02:49:01.126+0000][1][safepoint    ] Total time for which application threads were stopped: 0.0001117 seconds, Stopping threads took: 0.0000239 seconds
[2019-12-09T02:49:02.126+0000][1][safepoint    ] Application time: 1.0000795 seconds
[2019-12-09T02:49:02.126+0000][1][safepoint    ] Entering safepoint region: Cleanup
[2019-12-09T02:49:02.126+0000][1][safepoint    ] Leaving safepoint region
[2019-12-09T02:49:02.126+0000][1][safepoint    ] Total time for which application threads were stopped: 0.0000698 seconds, Stopping threads took: 0.0000141 seconds
[2019-12-09T02:49:03.126+0000][1][safepoint    ] Application time: 1.0000768 seconds
[2019-12-09T02:49:03.126+0000][1][safepoint    ] Entering safepoint region: Cleanup
[2019-12-09T02:49:03.126+0000][1][safepoint    ] Leaving safepoint region
[2019-12-09T02:49:03.126+0000][1][safepoint    ] Total time for which application threads were stopped: 0.0000732 seconds, Stopping threads took: 0.0000159 seconds
[2019-12-09T02:49:04.127+0000][1][safepoint    ] Application time: 1.0000761 seconds
[2019-12-09T02:49:04.127+0000][1][safepoint    ] Entering safepoint region: Cleanup
[2019-12-09T02:49:04.127+0000][1][safepoint    ] Leaving safepoint region
[2019-12-09T02:49:04.127+0000][1][safepoint    ] Total time for which application threads were stopped: 0.0000719 seconds, Stopping threads took: 0.0000163 seconds
[2019-12-09T02:49:05.127+0000][1][safepoint    ] Application time: 1.0000767 seconds
[2019-12-09T02:49:05.127+0000][1][safepoint    ] Entering safepoint region: Cleanup
[2019-12-09T02:49:05.127+0000][1][safepoint    ] Leaving safepoint region
[2019-12-09T02:49:05.127+0000][1][safepoint    ] Total time for which application threads were stopped: 0.0000722 seconds, Stopping threads took: 0.0000160 seconds
[2019-12-09T02:49:06.127+0000][1][safepoint    ] Application time: 1.0000762 seconds
[2019-12-09T02:49:06.127+0000][1][safepoint    ] Entering safepoint region: Cleanup
[2019-12-09T02:49:06.127+0000][1][safepoint    ] Leaving safepoint region
[2019-12-09T02:49:06.127+0000][1][safepoint    ] Total time for which application threads were stopped: 0.0000696 seconds, Stopping threads took: 0.0000148 seconds
[2019-12-09T02:49:07.127+0000][1][safepoint    ] Application time: 1.0000762 seconds
[2019-12-09T02:49:07.127+0000][1][safepoint    ] Entering safepoint region: Cleanup
[2019-12-09T02:49:07.127+0000][1][safepoint    ] Leaving safepoint region
[2019-12-09T02:49:07.127+0000][1][safepoint    ] Total time for which application threads were stopped: 0.0000717 seconds, Stopping threads took: 0.0000161 seconds
[2019-12-09T02:49:08.127+0000][1][safepoint    ] Application time: 1.0000795 seconds
[2019-12-09T02:49:08.127+0000][1][safepoint    ] Entering safepoint region: Cleanup
[2019-12-09T02:49:08.127+0000][1][safepoint    ] Leaving safepoint region
[2019-12-09T02:49:08.127+0000][1][safepoint    ] Total time for which application threads were stopped: 0.0000735 seconds, Stopping threads took: 0.0000159 seconds
[2019-12-09T02:49:09.127+0000][1][safepoint    ] Application time: 1.0000880 seconds
[2019-12-09T02:49:09.128+0000][1][safepoint    ] Entering safepoint region: Cleanup
[2019-12-09T02:49:09.128+0000][1][safepoint    ] Leaving safepoint region
[2019-12-09T02:49:09.128+0000][1][safepoint    ] Total time for which application threads were stopped: 0.0000755 seconds, Stopping threads took: 0.0000163 seconds
[2019-12-09T02:49:10.128+0000][1][safepoint    ] Application time: 1.0000910 seconds
[2019-12-09T02:49:10.128+0000][1][safepoint    ] Entering safepoint region: Cleanup
[2019-12-09T02:49:10.128+0000][1][safepoint    ] Leaving safepoint region
[2019-12-09T02:49:10.128+0000][1][safepoint    ] Total time for which application threads were stopped: 0.0000729 seconds, Stopping threads took: 0.0000152 seconds
[2019-12-09T02:49:11.128+0000][1][safepoint    ] Application time: 1.0000794 seconds
[2019-12-09T02:49:11.128+0000][1][safepoint    ] Entering safepoint region: Cleanup
[2019-12-09T02:49:11.128+0000][1][safepoint    ] Leaving safepoint region
[2019-12-09T02:49:11.128+0000][1][safepoint    ] Total time for which application threads were stopped: 0.0000758 seconds, Stopping threads took: 0.0000164 seconds
[2019-12-09T02:49:12.130+0000][1][safepoint    ] Application time: 1.0016085 seconds
[2019-12-09T02:49:12.130+0000][1][safepoint    ] Entering safepoint region: Cleanup
[2019-12-09T02:49:12.130+0000][1][safepoint    ] Leaving safepoint region
[2019-12-09T02:49:12.130+0000][1][safepoint    ] Total time for which application threads were stopped: 0.0000822 seconds, Stopping threads took: 0.0000247 seconds
[2019-12-09T02:49:13.130+0000][1][safepoint    ] Application time: 1.0000854 seconds
[2019-12-09T02:49:13.130+0000][1][safepoint    ] Entering safepoint region: Cleanup
[2019-12-09T02:49:13.130+0000][1][safepoint    ] Leaving safepoint region
[2019-12-09T02:49:13.130+0000][1][safepoint    ] Total time for which application threads were stopped: 0.0000718 seconds, Stopping threads took: 0.0000163 seconds
[2019-12-09T02:49:14.130+0000][1][safepoint    ] Application time: 1.0000792 seconds
[2019-12-09T02:49:14.130+0000][1][safepoint    ] Entering safepoint region: Cleanup
[2019-12-09T02:49:14.130+0000][1][safepoint    ] Leaving safepoint region
[2019-12-09T02:49:14.130+0000][1][safepoint    ] Total time for which application threads were stopped: 0.0000747 seconds, Stopping threads took: 0.0000157 seconds
[2019-12-09T02:49:15.130+0000][1][safepoint    ] Application time: 1.0000796 seconds
[2019-12-09T02:49:15.130+0000][1][safepoint    ] Entering safepoint region: Cleanup
[2019-12-09T02:49:15.130+0000][1][safepoint    ] Leaving safepoint region
[2019-12-09T02:49:15.130+0000][1][safepoint    ] Total time for which application threads were stopped: 0.0000889 seconds, Stopping threads took: 0.0000254 seconds
[2019-12-09T02:49:16.130+0000][1][safepoint    ] Application time: 1.0000835 seconds
[2019-12-09T02:49:16.131+0000][1][safepoint    ] Entering safepoint region: Cleanup
[2019-12-09T02:49:16.131+0000][1][safepoint    ] Leaving safepoint region
[2019-12-09T02:49:16.131+0000][1][safepoint    ] Total time for which application threads were stopped: 0.0000754 seconds, Stopping threads took: 0.0000168 seconds
[2019-12-09T02:49:17.130+0000][1][safepoint    ] Application time: 0.9991569 seconds
[2019-12-09T02:49:17.130+0000][1][safepoint    ] Entering safepoint region: RevokeBias
[2019-12-09T02:49:17.130+0000][1][safepoint    ] Leaving safepoint region
[2019-12-09T02:49:17.130+0000][1][safepoint    ] Total time for which application threads were stopped: 0.0001249 seconds, Stopping threads took: 0.0000162 seconds
[2019-12-09T02:49:18.130+0000][1][safepoint    ] Application time: 1.0000869 seconds
[2019-12-09T02:49:18.130+0000][1][safepoint    ] Entering safepoint region: Cleanup
[2019-12-09T02:49:18.130+0000][1][safepoint    ] Leaving safepoint region
[2019-12-09T02:49:18.130+0000][1][safepoint    ] Total time for which application threads were stopped: 0.0000814 seconds, Stopping threads took: 0.0000171 seconds
[2019-12-09T02:49:19.130+0000][1][safepoint    ] Application time: 1.0000766 seconds
[2019-12-09T02:49:19.130+0000][1][safepoint    ] Entering safepoint region: Cleanup
[2019-12-09T02:49:19.130+0000][1][safepoint    ] Leaving safepoint region
[2019-12-09T02:49:19.130+0000][1][safepoint    ] Total time for which application threads were stopped: 0.0000780 seconds, Stopping threads took: 0.0000190 seconds
[2019-12-09T02:49:20.130+0000][1][safepoint    ] Application time: 1.0000771 seconds
[2019-12-09T02:49:20.130+0000][1][safepoint    ] Entering safepoint region: Cleanup
[2019-12-09T02:49:20.131+0000][1][safepoint    ] Leaving safepoint region
[2019-12-09T02:49:20.131+0000][1][safepoint    ] Total time for which application threads were stopped: 0.0000813 seconds, Stopping threads took: 0.0000236 seconds
[2019-12-09T02:49:21.131+0000][1][safepoint    ] Application time: 1.0000759 seconds
[2019-12-09T02:49:21.131+0000][1][safepoint    ] Entering safepoint region: Cleanup
[2019-12-09T02:49:21.131+0000][1][safepoint    ] Leaving safepoint region
[2019-12-09T02:49:21.131+0000][1][safepoint    ] Total time for which application threads were stopped: 0.0000876 seconds, Stopping threads took: 0.0000288 seconds
[2019-12-09T02:49:22.131+0000][1][safepoint    ] Application time: 1.0000758 seconds
[2019-12-09T02:49:22.131+0000][1][safepoint    ] Entering safepoint region: Cleanup
[2019-12-09T02:49:22.131+0000][1][safepoint    ] Leaving safepoint region
[2019-12-09T02:49:22.131+0000][1][safepoint    ] Total time for which application threads were stopped: 0.0000762 seconds, Stopping threads took: 0.0000182 seconds
[2019-12-09T02:49:23.131+0000][1][safepoint    ] Application time: 1.0000756 seconds
[2019-12-09T02:49:23.131+0000][1][safepoint    ] Entering safepoint region: Cleanup
[2019-12-09T02:49:23.131+0000][1][safepoint    ] Leaving safepoint region
[2019-12-09T02:49:23.131+0000][1][safepoint    ] Total time for which application threads were stopped: 0.0000739 seconds, Stopping threads took: 0.0000160 seconds
[2019-12-09T02:49:24.131+0000][1][safepoint    ] Application time: 1.0000793 seconds
[2019-12-09T02:49:24.131+0000][1][safepoint    ] Entering safepoint region: Cleanup
[2019-12-09T02:49:24.131+0000][1][safepoint    ] Leaving safepoint region
[2019-12-09T02:49:24.131+0000][1][safepoint    ] Total time for which application threads were stopped: 0.0000775 seconds, Stopping threads took: 0.0000178 seconds
[2019-12-09T02:49:25.131+0000][1][safepoint    ] Application time: 1.0000757 seconds
[2019-12-09T02:49:25.131+0000][1][safepoint    ] Entering safepoint region: Cleanup
[2019-12-09T02:49:25.132+0000][1][safepoint    ] Leaving safepoint region
[2019-12-09T02:49:25.132+0000][1][safepoint    ] Total time for which application threads were stopped: 0.0000764 seconds, Stopping threads took: 0.0000187 seconds
[2019-12-09T02:49:26.132+0000][1][safepoint    ] Application time: 1.0000809 seconds
[2019-12-09T02:49:26.132+0000][1][safepoint    ] Entering safepoint region: Cleanup
[2019-12-09T02:49:26.132+0000][1][safepoint    ] Leaving safepoint region
[2019-12-09T02:49:26.132+0000][1][safepoint    ] Total time for which application threads were stopped: 0.0000915 seconds, Stopping threads took: 0.0000311 seconds
[2019-12-09T02:49:27.132+0000][1][safepoint    ] Application time: 1.0000801 seconds
[2019-12-09T02:49:27.132+0000][1][safepoint    ] Entering safepoint region: Cleanup
[2019-12-09T02:49:27.132+0000][1][safepoint    ] Leaving safepoint region
[2019-12-09T02:49:27.132+0000][1][safepoint    ] Total time for which application threads were stopped: 0.0000760 seconds, Stopping threads took: 0.0000177 seconds
[2019-12-09T02:49:28.132+0000][1][safepoint    ] Application time: 1.0000776 seconds
[2019-12-09T02:49:28.132+0000][1][safepoint    ] Entering safepoint region: Cleanup
[2019-12-09T02:49:28.132+0000][1][safepoint    ] Leaving safepoint region
[2019-12-09T02:49:28.132+0000][1][safepoint    ] Total time for which application threads were stopped: 0.0000761 seconds, Stopping threads took: 0.0000182 seconds
[2019-12-09T02:49:29.132+0000][1][safepoint    ] Application time: 1.0000796 seconds
[2019-12-09T02:49:29.132+0000][1][safepoint    ] Entering safepoint region: Cleanup
[2019-12-09T02:49:29.132+0000][1][safepoint    ] Leaving safepoint region
[2019-12-09T02:49:29.132+0000][1][safepoint    ] Total time for which application threads were stopped: 0.0000765 seconds, Stopping threads took: 0.0000175 seconds
[2019-12-09T02:49:30.132+0000][1][safepoint    ] Application time: 1.0000770 seconds
[2019-12-09T02:49:30.132+0000][1][safepoint    ] Entering safepoint region: Cleanup
[2019-12-09T02:49:30.133+0000][1][safepoint    ] Leaving safepoint region
[2019-12-09T02:49:30.133+0000][1][safepoint    ] Total time for which application threads were stopped: 0.0000849 seconds, Stopping threads took: 0.0000255 seconds
[2019-12-09T02:49:31.133+0000][1][safepoint    ] Application time: 1.0000791 seconds
[2019-12-09T02:49:31.133+0000][1][safepoint    ] Entering safepoint region: Cleanup
[2019-12-09T02:49:31.133+0000][1][safepoint    ] Leaving safepoint region
[2019-12-09T02:49:31.133+0000][1][safepoint    ] Total time for which application threads were stopped: 0.0000768 seconds, Stopping threads took: 0.0000190 seconds
[2019-12-09T02:49:32.133+0000][1][safepoint    ] Application time: 1.0000776 seconds
[2019-12-09T02:49:32.133+0000][1][safepoint    ] Entering safepoint region: Cleanup
[2019-12-09T02:49:32.133+0000][1][safepoint    ] Leaving safepoint region
[2019-12-09T02:49:32.133+0000][1][safepoint    ] Total time for which application threads were stopped: 0.0000785 seconds, Stopping threads took: 0.0000192 seconds
[2019-12-09T02:49:33.133+0000][1][safepoint    ] Application time: 1.0000790 seconds
[2019-12-09T02:49:33.133+0000][1][safepoint    ] Entering safepoint region: Cleanup
[2019-12-09T02:49:33.133+0000][1][safepoint    ] Leaving safepoint region
[2019-12-09T02:49:33.133+0000][1][safepoint    ] Total time for which application threads were stopped: 0.0000757 seconds, Stopping threads took: 0.0000173 seconds
[2019-12-09T02:49:34.133+0000][1][safepoint    ] Application time: 1.0000780 seconds
[2019-12-09T02:49:34.133+0000][1][safepoint    ] Entering safepoint region: Cleanup
[2019-12-09T02:49:34.133+0000][1][safepoint    ] Leaving safepoint region
[2019-12-09T02:49:34.133+0000][1][safepoint    ] Total time for which application threads were stopped: 0.0000754 seconds, Stopping threads took: 0.0000170 seconds
[2019-12-09T02:49:35.133+0000][1][safepoint    ] Application time: 1.0000759 seconds
[2019-12-09T02:49:35.134+0000][1][safepoint    ] Entering safepoint region: Cleanup
[2019-12-09T02:49:35.134+0000][1][safepoint    ] Leaving safepoint region
[2019-12-09T02:49:35.134+0000][1][safepoint    ] Total time for which application threads were stopped: 0.0000767 seconds, Stopping threads took: 0.0000179 seconds
[2019-12-09T02:49:36.134+0000][1][safepoint    ] Application time: 1.0000812 seconds
[2019-12-09T02:49:36.134+0000][1][safepoint    ] Entering safepoint region: Cleanup
[2019-12-09T02:49:36.134+0000][1][safepoint    ] Leaving safepoint region
[2019-12-09T02:49:36.134+0000][1][safepoint    ] Total time for which application threads were stopped: 0.0000782 seconds, Stopping threads took: 0.0000191 seconds
[2019-12-09T02:49:37.134+0000][1][safepoint    ] Application time: 1.0000764 seconds
[2019-12-09T02:49:37.134+0000][1][safepoint    ] Entering safepoint region: Cleanup
[2019-12-09T02:49:37.134+0000][1][safepoint    ] Leaving safepoint region
[2019-12-09T02:49:37.134+0000][1][safepoint    ] Total time for which application threads were stopped: 0.0000771 seconds, Stopping threads took: 0.0000175 seconds
[2019-12-09T02:49:38.134+0000][1][safepoint    ] Application time: 1.0000789 seconds
[2019-12-09T02:49:38.134+0000][1][safepoint    ] Entering safepoint region: Cleanup
[2019-12-09T02:49:38.134+0000][1][safepoint    ] Leaving safepoint region
[2019-12-09T02:49:38.134+0000][1][safepoint    ] Total time for which application threads were stopped: 0.0000802 seconds, Stopping threads took: 0.0000175 seconds
[2019-12-09T02:49:39.134+0000][1][safepoint    ] Application time: 1.0000810 seconds
[2019-12-09T02:49:39.134+0000][1][safepoint    ] Entering safepoint region: Cleanup
[2019-12-09T02:49:39.134+0000][1][safepoint    ] Leaving safepoint region
[2019-12-09T02:49:39.134+0000][1][safepoint    ] Total time for which application threads were stopped: 0.0000754 seconds, Stopping threads took: 0.0000180 seconds
[2019-12-09T02:49:40.134+0000][1][safepoint    ] Application time: 1.0000769 seconds
[2019-12-09T02:49:40.135+0000][1][safepoint    ] Entering safepoint region: Cleanup
[2019-12-09T02:49:40.135+0000][1][safepoint    ] Leaving safepoint region
[2019-12-09T02:49:40.135+0000][1][safepoint    ] Total time for which application threads were stopped: 0.0000828 seconds, Stopping threads took: 0.0000243 seconds
[2019-12-09T02:49:41.135+0000][1][safepoint    ] Application time: 1.0000874 seconds
[2019-12-09T02:49:41.135+0000][1][safepoint    ] Entering safepoint region: Cleanup
[2019-12-09T02:49:41.135+0000][1][safepoint    ] Leaving safepoint region
[2019-12-09T02:49:41.135+0000][1][safepoint    ] Total time for which application threads were stopped: 0.0000827 seconds, Stopping threads took: 0.0000181 seconds
[2019-12-09T02:49:42.135+0000][1][safepoint    ] Application time: 1.0000763 seconds
[2019-12-09T02:49:42.135+0000][1][safepoint    ] Entering safepoint region: Cleanup
[2019-12-09T02:49:42.135+0000][1][safepoint    ] Leaving safepoint region
[2019-12-09T02:49:42.135+0000][1][safepoint    ] Total time for which application threads were stopped: 0.0000761 seconds, Stopping threads took: 0.0000173 seconds
[2019-12-09T02:49:43.135+0000][1][safepoint    ] Application time: 1.0000769 seconds
[2019-12-09T02:49:43.135+0000][1][safepoint    ] Entering safepoint region: Cleanup
[2019-12-09T02:49:43.135+0000][1][safepoint    ] Leaving safepoint region
[2019-12-09T02:49:43.135+0000][1][safepoint    ] Total time for which application threads were stopped: 0.0000770 seconds, Stopping threads took: 0.0000190 seconds
[2019-12-09T02:49:44.135+0000][1][safepoint    ] Application time: 1.0000784 seconds
[2019-12-09T02:49:44.135+0000][1][safepoint    ] Entering safepoint region: Cleanup
[2019-12-09T02:49:44.135+0000][1][safepoint    ] Leaving safepoint region
[2019-12-09T02:49:44.135+0000][1][safepoint    ] Total time for which application threads were stopped: 0.0000818 seconds, Stopping threads took: 0.0000179 seconds
[2019-12-09T02:49:45.135+0000][1][safepoint    ] Application time: 1.0000788 seconds
[2019-12-09T02:49:45.136+0000][1][safepoint    ] Entering safepoint region: Cleanup
[2019-12-09T02:49:45.136+0000][1][safepoint    ] Leaving safepoint region
[2019-12-09T02:49:45.136+0000][1][safepoint    ] Total time for which application threads were stopped: 0.0000887 seconds, Stopping threads took: 0.0000252 seconds
[2019-12-09T02:49:46.136+0000][1][safepoint    ] Application time: 1.0000830 seconds
[2019-12-09T02:49:46.136+0000][1][safepoint    ] Entering safepoint region: Cleanup
[2019-12-09T02:49:46.136+0000][1][safepoint    ] Leaving safepoint region
[2019-12-09T02:49:46.136+0000][1][safepoint    ] Total time for which application threads were stopped: 0.0000776 seconds, Stopping threads took: 0.0000183 seconds
[2019-12-09T02:49:47.136+0000][1][safepoint    ] Application time: 1.0000773 seconds
[2019-12-09T02:49:47.136+0000][1][safepoint    ] Entering safepoint region: Cleanup
[2019-12-09T02:49:47.136+0000][1][safepoint    ] Leaving safepoint region
[2019-12-09T02:49:47.136+0000][1][safepoint    ] Total time for which application threads were stopped: 0.0000761 seconds, Stopping threads took: 0.0000168 seconds
[2019-12-09T02:49:48.136+0000][1][safepoint    ] Application time: 1.0000767 seconds
[2019-12-09T02:49:48.136+0000][1][safepoint    ] Entering safepoint region: Cleanup
[2019-12-09T02:49:48.136+0000][1][safepoint    ] Leaving safepoint region
[2019-12-09T02:49:48.136+0000][1][safepoint    ] Total time for which application threads were stopped: 0.0000770 seconds, Stopping threads took: 0.0000172 seconds
[2019-12-09T02:49:49.136+0000][1][safepoint    ] Application time: 1.0000775 seconds
[2019-12-09T02:49:49.136+0000][1][safepoint    ] Entering safepoint region: Cleanup
[2019-12-09T02:49:49.136+0000][1][safepoint    ] Leaving safepoint region
[2019-12-09T02:49:49.136+0000][1][safepoint    ] Total time for which application threads were stopped: 0.0000775 seconds, Stopping threads took: 0.0000177 seconds
[2019-12-09T02:49:50.136+0000][1][safepoint    ] Application time: 1.0000760 seconds
[2019-12-09T02:49:50.137+0000][1][safepoint    ] Entering safepoint region: Cleanup
[2019-12-09T02:49:50.137+0000][1][safepoint    ] Leaving safepoint region
[2019-12-09T02:49:50.137+0000][1][safepoint    ] Total time for which application threads were stopped: 0.0000822 seconds, Stopping threads took: 0.0000180 seconds
[2019-12-09T02:49:51.137+0000][1][safepoint    ] Application time: 1.0000795 seconds
[2019-12-09T02:49:51.137+0000][1][safepoint    ] Entering safepoint region: Cleanup
[2019-12-09T02:49:51.137+0000][1][safepoint    ] Leaving safepoint region
[2019-12-09T02:49:51.137+0000][1][safepoint    ] Total time for which application threads were stopped: 0.0000796 seconds, Stopping threads took: 0.0000193 seconds
[2019-12-09T02:49:52.137+0000][1][safepoint    ] Application time: 1.0000787 seconds
[2019-12-09T02:49:52.137+0000][1][safepoint    ] Entering safepoint region: Cleanup
[2019-12-09T02:49:52.137+0000][1][safepoint    ] Leaving safepoint region
[2019-12-09T02:49:52.137+0000][1][safepoint    ] Total time for which application threads were stopped: 0.0000836 seconds, Stopping threads took: 0.0000264 seconds
[2019-12-09T02:49:53.137+0000][1][safepoint    ] Application time: 1.0000868 seconds
[2019-12-09T02:49:53.137+0000][1][safepoint    ] Entering safepoint region: Cleanup
[2019-12-09T02:49:53.137+0000][1][safepoint    ] Leaving safepoint region
[2019-12-09T02:49:53.137+0000][1][safepoint    ] Total time for which application threads were stopped: 0.0001054 seconds, Stopping threads took: 0.0000249 seconds
[2019-12-09T02:49:54.137+0000][1][safepoint    ] Application time: 1.0000793 seconds
[2019-12-09T02:49:54.137+0000][1][safepoint    ] Entering safepoint region: Cleanup
[2019-12-09T02:49:54.137+0000][1][safepoint    ] Leaving safepoint region
[2019-12-09T02:49:54.137+0000][1][safepoint    ] Total time for which application threads were stopped: 0.0000758 seconds, Stopping threads took: 0.0000177 seconds
[2019-12-09T02:49:55.138+0000][1][safepoint    ] Application time: 1.0000752 seconds
[2019-12-09T02:49:55.138+0000][1][safepoint    ] Entering safepoint region: Cleanup
[2019-12-09T02:49:55.138+0000][1][safepoint    ] Leaving safepoint region
[2019-12-09T02:49:55.138+0000][1][safepoint    ] Total time for which application threads were stopped: 0.0000733 seconds, Stopping threads took: 0.0000168 seconds
[2019-12-09T02:49:56.138+0000][1][safepoint    ] Application time: 1.0000926 seconds
[2019-12-09T02:49:56.138+0000][1][safepoint    ] Entering safepoint region: Cleanup
[2019-12-09T02:49:56.138+0000][1][safepoint    ] Leaving safepoint region
[2019-12-09T02:49:56.138+0000][1][safepoint    ] Total time for which application threads were stopped: 0.0001027 seconds, Stopping threads took: 0.0000259 seconds
[2019-12-09T02:49:57.138+0000][1][safepoint    ] Application time: 1.0000772 seconds
[2019-12-09T02:49:57.138+0000][1][safepoint    ] Entering safepoint region: Cleanup
[2019-12-09T02:49:57.138+0000][1][safepoint    ] Leaving safepoint region
[2019-12-09T02:49:57.138+0000][1][safepoint    ] Total time for which application threads were stopped: 0.0000785 seconds, Stopping threads took: 0.0000191 seconds
[2019-12-09T02:49:58.138+0000][1][safepoint    ] Application time: 1.0000772 seconds
[2019-12-09T02:49:58.138+0000][1][safepoint    ] Entering safepoint region: Cleanup
[2019-12-09T02:49:58.138+0000][1][safepoint    ] Leaving safepoint region
[2019-12-09T02:49:58.138+0000][1][safepoint    ] Total time for which application threads were stopped: 0.0000762 seconds, Stopping threads took: 0.0000174 seconds
[2019-12-09T02:49:59.138+0000][1][safepoint    ] Application time: 1.0000778 seconds
[2019-12-09T02:49:59.138+0000][1][safepoint    ] Entering safepoint region: Cleanup
[2019-12-09T02:49:59.139+0000][1][safepoint    ] Leaving safepoint region
[2019-12-09T02:49:59.139+0000][1][safepoint    ] Total time for which application threads were stopped: 0.0000769 seconds, Stopping threads took: 0.0000183 seconds
[2019-12-09T02:50:00.139+0000][1][safepoint    ] Application time: 1.0000757 seconds
[2019-12-09T02:50:00.139+0000][1][safepoint    ] Entering safepoint region: Cleanup
[2019-12-09T02:50:00.139+0000][1][safepoint    ] Leaving safepoint region
[2019-12-09T02:50:00.139+0000][1][safepoint    ] Total time for which application threads were stopped: 0.0000997 seconds, Stopping threads took: 0.0000187 seconds
[2019-12-09T02:50:01.139+0000][1][safepoint    ] Application time: 1.0000788 seconds
[2019-12-09T02:50:01.139+0000][1][safepoint    ] Entering safepoint region: Cleanup
[2019-12-09T02:50:01.139+0000][1][safepoint    ] Leaving safepoint region
[2019-12-09T02:50:01.139+0000][1][safepoint    ] Total time for which application threads were stopped: 0.0000788 seconds, Stopping threads took: 0.0000182 seconds
[2019-12-09T02:50:02.139+0000][1][safepoint    ] Application time: 1.0000814 seconds
[2019-12-09T02:50:02.139+0000][1][safepoint    ] Entering safepoint region: Cleanup
[2019-12-09T02:50:02.139+0000][1][safepoint    ] Leaving safepoint region
[2019-12-09T02:50:02.139+0000][1][safepoint    ] Total time for which application threads were stopped: 0.0000962 seconds, Stopping threads took: 0.0000275 seconds
[2019-12-09T02:50:02.273+0000][1][safepoint    ] Application time: 0.1336459 seconds
[2019-12-09T02:50:02.273+0000][1][safepoint    ] Entering safepoint region: RevokeBias
[2019-12-09T02:50:02.273+0000][1][safepoint    ] Leaving safepoint region
[2019-12-09T02:50:02.273+0000][1][safepoint    ] Total time for which application threads were stopped: 0.0001038 seconds, Stopping threads took: 0.0000200 seconds
[2019-12-09T02:50:02.273+0000][1][safepoint    ] Application time: 0.0000888 seconds
[2019-12-09T02:50:02.273+0000][1][safepoint    ] Entering safepoint region: RevokeBias
[2019-12-09T02:50:02.273+0000][1][safepoint    ] Leaving safepoint region
[2019-12-09T02:50:02.273+0000][1][safepoint    ] Total time for which application threads were stopped: 0.0000481 seconds, Stopping threads took: 0.0000102 seconds
[2019-12-09T02:50:02.276+0000][1][safepoint    ] Application time: 0.0031818 seconds
[2019-12-09T02:50:02.276+0000][1][safepoint    ] Entering safepoint region: RevokeBias
[2019-12-09T02:50:02.276+0000][1][safepoint    ] Leaving safepoint region
[2019-12-09T02:50:02.276+0000][1][safepoint    ] Total time for which application threads were stopped: 0.0000870 seconds, Stopping threads took: 0.0000207 seconds
[2019-12-09T02:50:02.277+0000][1][safepoint    ] Application time: 0.0003628 seconds
[2019-12-09T02:50:02.277+0000][1][safepoint    ] Entering safepoint region: RevokeBias
[2019-12-09T02:50:02.277+0000][1][safepoint    ] Leaving safepoint region
[2019-12-09T02:50:02.277+0000][1][safepoint    ] Total time for which application threads were stopped: 0.0000717 seconds, Stopping threads took: 0.0000133 seconds
[2019-12-09T02:50:02.278+0000][1][safepoint    ] Application time: 0.0013417 seconds
[2019-12-09T02:50:02.278+0000][1][safepoint    ] Entering safepoint region: RevokeBias
[2019-12-09T02:50:02.278+0000][1][safepoint    ] Leaving safepoint region
[2019-12-09T02:50:02.278+0000][1][safepoint    ] Total time for which application threads were stopped: 0.0000620 seconds, Stopping threads took: 0.0000139 seconds
[2019-12-09T02:50:02.279+0000][1][safepoint    ] Application time: 0.0002779 seconds
[2019-12-09T02:50:02.279+0000][1][safepoint    ] Entering safepoint region: RevokeBias
[2019-12-09T02:50:02.279+0000][1][safepoint    ] Leaving safepoint region
[2019-12-09T02:50:02.279+0000][1][safepoint    ] Total time for which application threads were stopped: 0.0000572 seconds, Stopping threads took: 0.0000130 seconds
[2019-12-09T02:50:02.279+0000][1][safepoint    ] Application time: 0.0004237 seconds
[2019-12-09T02:50:02.279+0000][1][safepoint    ] Entering safepoint region: RevokeBias
[2019-12-09T02:50:02.279+0000][1][safepoint    ] Leaving safepoint region
[2019-12-09T02:50:02.279+0000][1][safepoint    ] Total time for which application threads were stopped: 0.0000661 seconds, Stopping threads took: 0.0000127 seconds
[2019-12-09T02:50:02.279+0000][1][safepoint    ] Application time: 0.0002243 seconds
[2019-12-09T02:50:02.279+0000][1][safepoint    ] Entering safepoint region: RevokeBias
[2019-12-09T02:50:02.279+0000][1][safepoint    ] Leaving safepoint region
[2019-12-09T02:50:02.279+0000][1][safepoint    ] Total time for which application threads were stopped: 0.0000793 seconds, Stopping threads took: 0.0000121 seconds
[2019-12-09T02:50:02.292+0000][1][safepoint    ] Application time: 0.0128638 seconds
[2019-12-09T02:50:02.292+0000][1][safepoint    ] Entering safepoint region: RevokeBias
[2019-12-09T02:50:02.292+0000][1][safepoint    ] Leaving safepoint region
[2019-12-09T02:50:02.292+0000][1][safepoint    ] Total time for which application threads were stopped: 0.0000742 seconds, Stopping threads took: 0.0000150 seconds
[2019-12-09T02:50:02.295+0000][1][safepoint    ] Application time: 0.0022295 seconds
[2019-12-09T02:50:02.295+0000][1][safepoint    ] Entering safepoint region: RevokeBias
[2019-12-09T02:50:02.295+0000][1][safepoint    ] Leaving safepoint region
[2019-12-09T02:50:02.295+0000][1][safepoint    ] Total time for which application threads were stopped: 0.0007764 seconds, Stopping threads took: 0.0006823 seconds
[2019-12-09T02:50:02.296+0000][1][safepoint    ] Application time: 0.0006526 seconds
[2019-12-09T02:50:02.296+0000][1][safepoint    ] Entering safepoint region: RevokeBias
[2019-12-09T02:50:02.296+0000][1][safepoint    ] Leaving safepoint region
[2019-12-09T02:50:02.296+0000][1][safepoint    ] Total time for which application threads were stopped: 0.0000538 seconds, Stopping threads took: 0.0000122 seconds
[2019-12-09T02:50:02.296+0000][1][safepoint    ] Application time: 0.0000999 seconds
[2019-12-09T02:50:02.296+0000][1][safepoint    ] Entering safepoint region: RevokeBias
[2019-12-09T02:50:02.296+0000][1][safepoint    ] Leaving safepoint region
[2019-12-09T02:50:02.296+0000][1][safepoint    ] Total time for which application threads were stopped: 0.0000445 seconds, Stopping threads took: 0.0000090 seconds
[2019-12-09T02:50:02.303+0000][1][safepoint    ] Application time: 0.0062534 seconds
[2019-12-09T02:50:02.303+0000][1][safepoint    ] Entering safepoint region: RevokeBias
[2019-12-09T02:50:02.303+0000][1][safepoint    ] Leaving safepoint region
[2019-12-09T02:50:02.303+0000][1][safepoint    ] Total time for which application threads were stopped: 0.0000595 seconds, Stopping threads took: 0.0000158 seconds
[2019-12-09T02:50:02.303+0000][1][safepoint    ] Application time: 0.0000661 seconds
[2019-12-09T02:50:02.303+0000][1][safepoint    ] Entering safepoint region: RevokeBias
[2019-12-09T02:50:02.303+0000][1][safepoint    ] Leaving safepoint region
[2019-12-09T02:50:02.303+0000][1][safepoint    ] Total time for which application threads were stopped: 0.0000418 seconds, Stopping threads took: 0.0000091 seconds
[2019-12-09T02:50:02.303+0000][1][safepoint    ] Application time: 0.0001153 seconds
[2019-12-09T02:50:02.303+0000][1][safepoint    ] Entering safepoint region: RevokeBias
[2019-12-09T02:50:02.303+0000][1][safepoint    ] Leaving safepoint region
[2019-12-09T02:50:02.303+0000][1][safepoint    ] Total time for which application threads were stopped: 0.0000452 seconds, Stopping threads took: 0.0000095 seconds
[2019-12-09T02:50:02.303+0000][1][safepoint    ] Application time: 0.0000546 seconds
[2019-12-09T02:50:02.303+0000][1][safepoint    ] Entering safepoint region: RevokeBias
[2019-12-09T02:50:02.303+0000][1][safepoint    ] Leaving safepoint region
[2019-12-09T02:50:02.303+0000][1][safepoint    ] Total time for which application threads were stopped: 0.0000402 seconds, Stopping threads took: 0.0000088 seconds
[2019-12-09T02:50:02.303+0000][1][safepoint    ] Application time: 0.0002222 seconds
[2019-12-09T02:50:02.303+0000][1][safepoint    ] Entering safepoint region: RevokeBias
[2019-12-09T02:50:02.303+0000][1][safepoint    ] Leaving safepoint region
[2019-12-09T02:50:02.303+0000][1][safepoint    ] Total time for which application threads were stopped: 0.0000529 seconds, Stopping threads took: 0.0000116 seconds
[2019-12-09T02:50:02.304+0000][1][safepoint    ] Application time: 0.0000609 seconds
[2019-12-09T02:50:02.304+0000][1][safepoint    ] Entering safepoint region: RevokeBias
[2019-12-09T02:50:02.304+0000][1][safepoint    ] Leaving safepoint region
[2019-12-09T02:50:02.304+0000][1][safepoint    ] Total time for which application threads were stopped: 0.0000449 seconds, Stopping threads took: 0.0000086 seconds
[2019-12-09T02:50:02.304+0000][1][safepoint    ] Application time: 0.0003909 seconds
[2019-12-09T02:50:02.304+0000][1][safepoint    ] Entering safepoint region: RevokeBias
[2019-12-09T02:50:02.304+0000][1][safepoint    ] Leaving safepoint region
[2019-12-09T02:50:02.304+0000][1][safepoint    ] Total time for which application threads were stopped: 0.0000651 seconds, Stopping threads took: 0.0000129 seconds
[2019-12-09T02:50:02.345+0000][1][safepoint    ] Application time: 0.0411866 seconds
[2019-12-09T02:50:02.345+0000][1][safepoint    ] Entering safepoint region: RevokeBias
[2019-12-09T02:50:02.345+0000][1][safepoint    ] Leaving safepoint region
[2019-12-09T02:50:02.345+0000][1][safepoint    ] Total time for which application threads were stopped: 0.0001287 seconds, Stopping threads took: 0.0000194 seconds
[2019-12-09T02:50:02.360+0000][1][safepoint    ] Application time: 0.0144103 seconds
[2019-12-09T02:50:02.360+0000][1][safepoint    ] Entering safepoint region: RevokeBias
[2019-12-09T02:50:02.360+0000][1][safepoint    ] Leaving safepoint region
[2019-12-09T02:50:02.360+0000][1][safepoint    ] Total time for which application threads were stopped: 0.0001115 seconds, Stopping threads took: 0.0000166 seconds
[2019-12-09T02:50:02.360+0000][1][safepoint    ] Application time: 0.0002323 seconds
[2019-12-09T02:50:02.360+0000][1][safepoint    ] Entering safepoint region: BulkRevokeBias
[2019-12-09T02:50:02.361+0000][1][safepoint    ] Leaving safepoint region
[2019-12-09T02:50:02.361+0000][1][safepoint    ] Total time for which application threads were stopped: 0.0003709 seconds, Stopping threads took: 0.0000142 seconds
[2019-12-09T02:50:02.432+0000][1][safepoint    ] Application time: 0.0711640 seconds
[2019-12-09T02:50:02.432+0000][1][safepoint    ] Entering safepoint region: RevokeBias
[2019-12-09T02:50:02.432+0000][1][safepoint    ] Leaving safepoint region
[2019-12-09T02:50:02.432+0000][1][safepoint    ] Total time for which application threads were stopped: 0.0001068 seconds, Stopping threads took: 0.0000184 seconds
[2019-12-09T02:50:02.440+0000][1][safepoint    ] Application time: 0.0077906 seconds
[2019-12-09T02:50:02.440+0000][1][safepoint    ] Entering safepoint region: RevokeBias
[2019-12-09T02:50:02.440+0000][1][safepoint    ] Leaving safepoint region
[2019-12-09T02:50:02.440+0000][1][safepoint    ] Total time for which application threads were stopped: 0.0001063 seconds, Stopping threads took: 0.0000182 seconds
[2019-12-09T02:50:02.445+0000][1][safepoint    ] Application time: 0.0049186 seconds
[2019-12-09T02:50:02.445+0000][1][safepoint    ] Entering safepoint region: RevokeBias
[2019-12-09T02:50:02.445+0000][1][safepoint    ] Leaving safepoint region
[2019-12-09T02:50:02.445+0000][1][safepoint    ] Total time for which application threads were stopped: 0.0000726 seconds, Stopping threads took: 0.0000133 seconds
[2019-12-09T02:50:02.452+0000][1][safepoint    ] Application time: 0.0067829 seconds
[2019-12-09T02:50:02.452+0000][1][safepoint    ] Entering safepoint region: RevokeBias
[2019-12-09T02:50:02.452+0000][1][safepoint    ] Leaving safepoint region
[2019-12-09T02:50:02.452+0000][1][safepoint    ] Total time for which application threads were stopped: 0.0000862 seconds, Stopping threads took: 0.0000289 seconds
[2019-12-09T02:50:02.452+0000][1][safepoint    ] Application time: 0.0000885 seconds
[2019-12-09T02:50:02.452+0000][1][safepoint    ] Entering safepoint region: RevokeBias
[2019-12-09T02:50:02.452+0000][1][safepoint    ] Leaving safepoint region
[2019-12-09T02:50:02.452+0000][1][safepoint    ] Total time for which application threads were stopped: 0.0000418 seconds, Stopping threads took: 0.0000080 seconds
[2019-12-09T02:50:02.452+0000][1][safepoint    ] Application time: 0.0002116 seconds
[2019-12-09T02:50:02.452+0000][1][safepoint    ] Entering safepoint region: RevokeBias
[2019-12-09T02:50:02.452+0000][1][safepoint    ] Leaving safepoint region
[2019-12-09T02:50:02.452+0000][1][safepoint    ] Total time for which application threads were stopped: 0.0000603 seconds, Stopping threads took: 0.0000105 seconds
[2019-12-09T02:50:02.452+0000][1][safepoint    ] Application time: 0.0000543 seconds
[2019-12-09T02:50:02.452+0000][1][safepoint    ] Entering safepoint region: RevokeBias
[2019-12-09T02:50:02.452+0000][1][safepoint    ] Leaving safepoint region
[2019-12-09T02:50:02.452+0000][1][safepoint    ] Total time for which application threads were stopped: 0.0000413 seconds, Stopping threads took: 0.0000084 seconds
[2019-12-09T02:50:02.453+0000][1][safepoint    ] Application time: 0.0008257 seconds
[2019-12-09T02:50:02.453+0000][1][safepoint    ] Entering safepoint region: RevokeBias
[2019-12-09T02:50:02.453+0000][1][safepoint    ] Leaving safepoint region
[2019-12-09T02:50:02.453+0000][1][safepoint    ] Total time for which application threads were stopped: 0.0000621 seconds, Stopping threads took: 0.0000132 seconds
[2019-12-09T02:50:02.453+0000][1][safepoint    ] Application time: 0.0000668 seconds
[2019-12-09T02:50:02.453+0000][1][safepoint    ] Entering safepoint region: RevokeBias
[2019-12-09T02:50:02.453+0000][1][safepoint    ] Leaving safepoint region
[2019-12-09T02:50:02.453+0000][1][safepoint    ] Total time for which application threads were stopped: 0.0000448 seconds, Stopping threads took: 0.0000092 seconds
[2019-12-09T02:50:02.453+0000][1][safepoint    ] Application time: 0.0000580 seconds
[2019-12-09T02:50:02.453+0000][1][safepoint    ] Entering safepoint region: RevokeBias
[2019-12-09T02:50:02.453+0000][1][safepoint    ] Leaving safepoint region
[2019-12-09T02:50:02.453+0000][1][safepoint    ] Total time for which application threads were stopped: 0.0000450 seconds, Stopping threads took: 0.0000091 seconds
[2019-12-09T02:50:02.454+0000][1][safepoint    ] Application time: 0.0000773 seconds
[2019-12-09T02:50:02.454+0000][1][safepoint    ] Entering safepoint region: RevokeBias
[2019-12-09T02:50:02.454+0000][1][safepoint    ] Leaving safepoint region
[2019-12-09T02:50:02.454+0000][1][safepoint    ] Total time for which application threads were stopped: 0.0000499 seconds, Stopping threads took: 0.0000097 seconds
[2019-12-09T02:50:02.454+0000][1][safepoint    ] Application time: 0.0000820 seconds
[2019-12-09T02:50:02.454+0000][1][safepoint    ] Entering safepoint region: RevokeBias
[2019-12-09T02:50:02.454+0000][1][safepoint    ] Leaving safepoint region
[2019-12-09T02:50:02.454+0000][1][safepoint    ] Total time for which application threads were stopped: 0.0000392 seconds, Stopping threads took: 0.0000087 seconds
[2019-12-09T02:50:02.454+0000][1][safepoint    ] Application time: 0.0000827 seconds
[2019-12-09T02:50:02.454+0000][1][safepoint    ] Entering safepoint region: RevokeBias
[2019-12-09T02:50:02.454+0000][1][safepoint    ] Leaving safepoint region
[2019-12-09T02:50:02.454+0000][1][safepoint    ] Total time for which application threads were stopped: 0.0000406 seconds, Stopping threads took: 0.0000091 seconds
[2019-12-09T02:50:02.460+0000][1][safepoint    ] Application time: 0.0059262 seconds
[2019-12-09T02:50:02.460+0000][1][safepoint    ] Entering safepoint region: RevokeBias
[2019-12-09T02:50:02.460+0000][1][safepoint    ] Leaving safepoint region
[2019-12-09T02:50:02.460+0000][1][safepoint    ] Total time for which application threads were stopped: 0.0000944 seconds, Stopping threads took: 0.0000117 seconds
[2019-12-09T02:50:02.460+0000][1][safepoint    ] Application time: 0.0003904 seconds
[2019-12-09T02:50:02.460+0000][1][safepoint    ] Entering safepoint region: BulkRevokeBias
[2019-12-09T02:50:02.461+0000][1][safepoint    ] Leaving safepoint region
[2019-12-09T02:50:02.461+0000][1][safepoint    ] Total time for which application threads were stopped: 0.0002950 seconds, Stopping threads took: 0.0000122 seconds
[2019-12-09T02:50:02.506+0000][1][safepoint    ] Application time: 0.0452851 seconds
[2019-12-09T02:50:02.515+0000][1][safepoint    ] Entering safepoint region: RevokeBias
[2019-12-09T02:50:02.515+0000][1][safepoint    ] Leaving safepoint region
[2019-12-09T02:50:02.515+0000][1][safepoint    ] Total time for which application threads were stopped: 0.0087834 seconds, Stopping threads took: 0.0086548 seconds
[2019-12-09T02:50:02.517+0000][1][safepoint    ] Application time: 0.0017676 seconds
[2019-12-09T02:50:02.517+0000][1][safepoint    ] Entering safepoint region: RevokeBias
[2019-12-09T02:50:02.517+0000][1][safepoint    ] Leaving safepoint region
[2019-12-09T02:50:02.517+0000][1][safepoint    ] Total time for which application threads were stopped: 0.0000661 seconds, Stopping threads took: 0.0000119 seconds
[2019-12-09T02:50:02.518+0000][1][safepoint    ] Application time: 0.0012108 seconds
[2019-12-09T02:50:02.518+0000][1][safepoint    ] Entering safepoint region: RevokeBias
[2019-12-09T02:50:02.518+0000][1][safepoint    ] Leaving safepoint region
[2019-12-09T02:50:02.518+0000][1][safepoint    ] Total time for which application threads were stopped: 0.0000921 seconds, Stopping threads took: 0.0000429 seconds
[2019-12-09T02:50:02.526+0000][1][safepoint    ] Application time: 0.0079549 seconds
[2019-12-09T02:50:02.526+0000][1][safepoint    ] Entering safepoint region: RevokeBias
[2019-12-09T02:50:02.526+0000][1][safepoint    ] Leaving safepoint region
[2019-12-09T02:50:02.526+0000][1][safepoint    ] Total time for which application threads were stopped: 0.0000614 seconds, Stopping threads took: 0.0000126 seconds
[2019-12-09T02:50:02.592+0000][1][safepoint    ] Application time: 0.0663909 seconds
[2019-12-09T02:50:02.592+0000][1][safepoint    ] Entering safepoint region: RevokeBias
[2019-12-09T02:50:02.593+0000][1][safepoint    ] Leaving safepoint region
[2019-12-09T02:50:02.593+0000][1][safepoint    ] Total time for which application threads were stopped: 0.0001015 seconds, Stopping threads took: 0.0000158 seconds
[2019-12-09T02:50:02.604+0000][1][safepoint    ] Application time: 0.0111967 seconds
[2019-12-09T02:50:02.604+0000][1][safepoint    ] Entering safepoint region: RevokeBias
[2019-12-09T02:50:02.604+0000][1][safepoint    ] Leaving safepoint region
[2019-12-09T02:50:02.604+0000][1][safepoint    ] Total time for which application threads were stopped: 0.0000934 seconds, Stopping threads took: 0.0000168 seconds
[2019-12-09T02:50:02.606+0000][1][safepoint    ] Application time: 0.0016533 seconds
[2019-12-09T02:50:02.606+0000][1][safepoint    ] Entering safepoint region: RevokeBias
[2019-12-09T02:50:02.606+0000][1][safepoint    ] Leaving safepoint region
[2019-12-09T02:50:02.606+0000][1][safepoint    ] Total time for which application threads were stopped: 0.0000710 seconds, Stopping threads took: 0.0000138 seconds
[2019-12-09T02:50:02.607+0000][1][safepoint    ] Application time: 0.0015986 seconds
[2019-12-09T02:50:02.607+0000][1][safepoint    ] Entering safepoint region: RevokeBias
[2019-12-09T02:50:02.607+0000][1][safepoint    ] Leaving safepoint region
[2019-12-09T02:50:02.607+0000][1][safepoint    ] Total time for which application threads were stopped: 0.0002315 seconds, Stopping threads took: 0.0002031 seconds
[2019-12-09T02:50:02.608+0000][1][safepoint    ] Application time: 0.0002936 seconds
[2019-12-09T02:50:02.608+0000][1][safepoint    ] Entering safepoint region: RevokeBias
[2019-12-09T02:50:02.608+0000][1][safepoint    ] Leaving safepoint region
[2019-12-09T02:50:02.608+0000][1][safepoint    ] Total time for which application threads were stopped: 0.0000325 seconds, Stopping threads took: 0.0000088 seconds
[2019-12-09T02:50:02.609+0000][1][safepoint    ] Application time: 0.0012101 seconds
[2019-12-09T02:50:02.609+0000][1][safepoint    ] Entering safepoint region: RevokeBias
[2019-12-09T02:50:02.609+0000][1][safepoint    ] Leaving safepoint region
[2019-12-09T02:50:02.609+0000][1][safepoint    ] Total time for which application threads were stopped: 0.0000458 seconds, Stopping threads took: 0.0000105 seconds
[2019-12-09T02:50:02.624+0000][1][gc,heap,exit ] Heap
[2019-12-09T02:50:02.624+0000][1][gc,heap,exit ]  par new generation   total 78656K, used 52218K [0x00000000f0000000, 0x00000000f5550000, 0x00000000f5550000)
[2019-12-09T02:50:02.624+0000][1][gc,heap,exit ]   eden space 69952K,  74% used [0x00000000f0000000, 0x00000000f328e470, 0x00000000f4450000)
[2019-12-09T02:50:02.624+0000][1][gc,heap,exit ]   from space 8704K,   5% used [0x00000000f4cd0000, 0x00000000f4d406e0, 0x00000000f5550000)
[2019-12-09T02:50:02.624+0000][1][gc,heap,exit ]   to   space 8704K,   0% used [0x00000000f4450000, 0x00000000f4450000, 0x00000000f4cd0000)
[2019-12-09T02:50:02.624+0000][1][gc,heap,exit ]  concurrent mark-sweep generation total 174784K, used 69810K [0x00000000f5550000, 0x0000000100000000, 0x0000000100000000)
[2019-12-09T02:50:02.624+0000][1][gc,heap,exit ]  Metaspace       used 69174K, capacity 74402K, committed 74536K, reserved 1112064K
[2019-12-09T02:50:02.624+0000][1][gc,heap,exit ]   class space    used 9336K, capacity 11524K, committed 11560K, reserved 1048576K
[2019-12-09T02:50:02.624+0000][1][safepoint    ] Application time: 0.0151523 seconds
[2019-12-09T02:50:02.624+0000][1][safepoint    ] Entering safepoint region: Exit
