[2019-12-09T01:41:59.118+0000][1][gc] Using Concurrent Mark Sweep
[2019-12-09T01:41:59.118+0000][1][gc,heap,coops] Heap address: 0x00000000f0000000, size: 256 MB, Compressed Oops mode: 32-bit
[2019-12-09T01:41:59.521+0000][1][safepoint    ] Entering safepoint region: EnableBiasedLocking
[2019-12-09T01:41:59.521+0000][1][safepoint    ] Leaving safepoint region
[2019-12-09T01:41:59.521+0000][1][safepoint    ] Total time for which application threads were stopped: 0.0057407 seconds, Stopping threads took: 0.0056614 seconds
[2019-12-09T01:41:59.544+0000][1][safepoint    ] Application time: 0.0228982 seconds
[2019-12-09T01:41:59.544+0000][1][safepoint    ] Entering safepoint region: RevokeBias
[2019-12-09T01:41:59.544+0000][1][safepoint    ] Leaving safepoint region
[2019-12-09T01:41:59.545+0000][1][safepoint    ] Total time for which application threads were stopped: 0.0003084 seconds, Stopping threads took: 0.0002123 seconds
[2019-12-09T01:41:59.628+0000][1][safepoint    ] Application time: 0.0835430 seconds
[2019-12-09T01:41:59.628+0000][1][safepoint    ] Entering safepoint region: Deoptimize
[2019-12-09T01:41:59.628+0000][1][safepoint    ] Leaving safepoint region
[2019-12-09T01:41:59.628+0000][1][safepoint    ] Total time for which application threads were stopped: 0.0000654 seconds, Stopping threads took: 0.0000102 seconds
[2019-12-09T01:42:00.358+0000][1][safepoint    ] Application time: 0.7294454 seconds
[2019-12-09T01:42:00.358+0000][1][safepoint    ] Entering safepoint region: Deoptimize
[2019-12-09T01:42:00.358+0000][1][safepoint    ] Leaving safepoint region
[2019-12-09T01:42:00.358+0000][1][safepoint    ] Total time for which application threads were stopped: 0.0001346 seconds, Stopping threads took: 0.0000118 seconds
[2019-12-09T01:42:01.366+0000][1][safepoint    ] Application time: 1.0083133 seconds
[2019-12-09T01:42:01.366+0000][1][safepoint    ] Entering safepoint region: Cleanup
[2019-12-09T01:42:01.366+0000][1][safepoint    ] Leaving safepoint region
[2019-12-09T01:42:01.366+0000][1][safepoint    ] Total time for which application threads were stopped: 0.0000768 seconds, Stopping threads took: 0.0000121 seconds
[2019-12-09T01:42:02.368+0000][1][safepoint    ] Application time: 1.0015053 seconds
[2019-12-09T01:42:02.445+0000][1][safepoint    ] Entering safepoint region: Cleanup
[2019-12-09T01:42:02.445+0000][1][safepoint    ] Leaving safepoint region
[2019-12-09T01:42:02.445+0000][1][safepoint    ] Total time for which application threads were stopped: 0.0771296 seconds, Stopping threads took: 0.0770771 seconds
[2019-12-09T01:42:03.147+0000][1][safepoint    ] Application time: 0.7019387 seconds
[2019-12-09T01:42:03.147+0000][1][safepoint    ] Entering safepoint region: Deoptimize
[2019-12-09T01:42:03.147+0000][1][safepoint    ] Leaving safepoint region
[2019-12-09T01:42:03.147+0000][1][safepoint    ] Total time for which application threads were stopped: 0.0001694 seconds, Stopping threads took: 0.0000116 seconds
[2019-12-09T01:42:03.434+0000][1][safepoint    ] Application time: 0.2866814 seconds
[2019-12-09T01:42:03.434+0000][1][safepoint    ] Entering safepoint region: Deoptimize
[2019-12-09T01:42:03.434+0000][1][safepoint    ] Leaving safepoint region
[2019-12-09T01:42:03.434+0000][1][safepoint    ] Total time for which application threads were stopped: 0.0001520 seconds, Stopping threads took: 0.0000103 seconds
[2019-12-09T01:42:03.925+0000][1][safepoint    ] Application time: 0.4913761 seconds
[2019-12-09T01:42:03.925+0000][1][safepoint    ] Entering safepoint region: Deoptimize
[2019-12-09T01:42:03.925+0000][1][safepoint    ] Leaving safepoint region
[2019-12-09T01:42:03.925+0000][1][safepoint    ] Total time for which application threads were stopped: 0.0001606 seconds, Stopping threads took: 0.0000095 seconds
[2019-12-09T01:42:04.056+0000][1][safepoint    ] Application time: 0.1300704 seconds
[2019-12-09T01:42:04.056+0000][1][safepoint    ] Entering safepoint region: Deoptimize
[2019-12-09T01:42:04.056+0000][1][safepoint    ] Leaving safepoint region
[2019-12-09T01:42:04.056+0000][1][safepoint    ] Total time for which application threads were stopped: 0.0001811 seconds, Stopping threads took: 0.0000119 seconds
[2019-12-09T01:42:05.070+0000][1][safepoint    ] Application time: 1.0139067 seconds
[2019-12-09T01:42:05.152+0000][1][safepoint    ] Entering safepoint region: Cleanup
[2019-12-09T01:42:05.152+0000][1][safepoint    ] Leaving safepoint region
[2019-12-09T01:42:05.152+0000][1][safepoint    ] Total time for which application threads were stopped: 0.0822379 seconds, Stopping threads took: 0.0821851 seconds
[2019-12-09T01:42:06.153+0000][1][safepoint    ] Application time: 1.0007162 seconds
[2019-12-09T01:42:06.173+0000][1][safepoint    ] Entering safepoint region: Cleanup
[2019-12-09T01:42:06.173+0000][1][safepoint    ] Leaving safepoint region
[2019-12-09T01:42:06.173+0000][1][safepoint    ] Total time for which application threads were stopped: 0.0201336 seconds, Stopping threads took: 0.0200792 seconds
[2019-12-09T01:42:07.175+0000][1][safepoint    ] Application time: 1.0018147 seconds
[2019-12-09T01:42:07.175+0000][1][safepoint    ] Entering safepoint region: Cleanup
[2019-12-09T01:42:07.175+0000][1][safepoint    ] Leaving safepoint region
[2019-12-09T01:42:07.175+0000][1][safepoint    ] Total time for which application threads were stopped: 0.0000575 seconds, Stopping threads took: 0.0000123 seconds
[2019-12-09T01:42:08.176+0000][1][safepoint    ] Application time: 1.0008990 seconds
[2019-12-09T01:42:08.180+0000][1][safepoint    ] Entering safepoint region: Cleanup
[2019-12-09T01:42:08.180+0000][1][safepoint    ] Leaving safepoint region
[2019-12-09T01:42:08.180+0000][1][safepoint    ] Total time for which application threads were stopped: 0.0040417 seconds, Stopping threads took: 0.0039847 seconds
[2019-12-09T01:42:08.182+0000][1][safepoint    ] Application time: 0.0021336 seconds
[2019-12-09T01:42:08.182+0000][1][safepoint    ] Entering safepoint region: Deoptimize
[2019-12-09T01:42:08.182+0000][1][safepoint    ] Leaving safepoint region
[2019-12-09T01:42:08.182+0000][1][safepoint    ] Total time for which application threads were stopped: 0.0001833 seconds, Stopping threads took: 0.0000101 seconds
[2019-12-09T01:42:09.193+0000][1][safepoint    ] Application time: 1.0105539 seconds
[2019-12-09T01:42:09.193+0000][1][safepoint    ] Entering safepoint region: Cleanup
[2019-12-09T01:42:09.193+0000][1][safepoint    ] Leaving safepoint region
[2019-12-09T01:42:09.193+0000][1][safepoint    ] Total time for which application threads were stopped: 0.0000583 seconds, Stopping threads took: 0.0000155 seconds
[2019-12-09T01:42:10.206+0000][1][safepoint    ] Application time: 1.0132881 seconds
[2019-12-09T01:42:10.206+0000][1][safepoint    ] Entering safepoint region: Cleanup
[2019-12-09T01:42:10.206+0000][1][safepoint    ] Leaving safepoint region
[2019-12-09T01:42:10.206+0000][1][safepoint    ] Total time for which application threads were stopped: 0.0000948 seconds, Stopping threads took: 0.0000143 seconds
[2019-12-09T01:42:10.696+0000][1][safepoint    ] Application time: 0.4897858 seconds
[2019-12-09T01:42:10.696+0000][1][safepoint    ] Entering safepoint region: Deoptimize
[2019-12-09T01:42:10.696+0000][1][safepoint    ] Leaving safepoint region
[2019-12-09T01:42:10.696+0000][1][safepoint    ] Total time for which application threads were stopped: 0.0002461 seconds, Stopping threads took: 0.0000110 seconds
[2019-12-09T01:42:11.703+0000][1][safepoint    ] Application time: 1.0063858 seconds
[2019-12-09T01:42:11.703+0000][1][safepoint    ] Entering safepoint region: Cleanup
[2019-12-09T01:42:11.703+0000][1][safepoint    ] Leaving safepoint region
[2019-12-09T01:42:11.703+0000][1][safepoint    ] Total time for which application threads were stopped: 0.0000761 seconds, Stopping threads took: 0.0000137 seconds
[2019-12-09T01:42:11.714+0000][1][safepoint    ] Application time: 0.0107078 seconds
[2019-12-09T01:42:11.714+0000][1][safepoint    ] Entering safepoint region: Deoptimize
[2019-12-09T01:42:11.714+0000][1][safepoint    ] Leaving safepoint region
[2019-12-09T01:42:11.714+0000][1][safepoint    ] Total time for which application threads were stopped: 0.0002471 seconds, Stopping threads took: 0.0000121 seconds
[2019-12-09T01:42:11.715+0000][1][safepoint    ] Application time: 0.0010994 seconds
[2019-12-09T01:42:11.715+0000][1][safepoint    ] Entering safepoint region: Deoptimize
[2019-12-09T01:42:11.715+0000][1][safepoint    ] Leaving safepoint region
[2019-12-09T01:42:11.715+0000][1][safepoint    ] Total time for which application threads were stopped: 0.0001915 seconds, Stopping threads took: 0.0000101 seconds
[2019-12-09T01:42:11.992+0000][1][safepoint    ] Application time: 0.2765494 seconds
[2019-12-09T01:42:11.992+0000][1][safepoint    ] Entering safepoint region: Deoptimize
[2019-12-09T01:42:11.992+0000][1][safepoint    ] Leaving safepoint region
[2019-12-09T01:42:11.992+0000][1][safepoint    ] Total time for which application threads were stopped: 0.0002623 seconds, Stopping threads took: 0.0000124 seconds
[2019-12-09T01:42:12.063+0000][1][safepoint    ] Application time: 0.0705730 seconds
[2019-12-09T01:42:12.063+0000][1][safepoint    ] Entering safepoint region: RevokeBias
[2019-12-09T01:42:12.063+0000][1][safepoint    ] Leaving safepoint region
[2019-12-09T01:42:12.063+0000][1][safepoint    ] Total time for which application threads were stopped: 0.0001113 seconds, Stopping threads took: 0.0000458 seconds
[2019-12-09T01:42:12.063+0000][1][safepoint    ] Application time: 0.0000655 seconds
[2019-12-09T01:42:12.063+0000][1][safepoint    ] Entering safepoint region: RevokeBias
[2019-12-09T01:42:12.063+0000][1][safepoint    ] Leaving safepoint region
[2019-12-09T01:42:12.063+0000][1][safepoint    ] Total time for which application threads were stopped: 0.0000322 seconds, Stopping threads took: 0.0000085 seconds
[2019-12-09T01:42:12.063+0000][1][safepoint    ] Application time: 0.0000784 seconds
[2019-12-09T01:42:12.063+0000][1][safepoint    ] Entering safepoint region: RevokeBias
[2019-12-09T01:42:12.063+0000][1][safepoint    ] Leaving safepoint region
[2019-12-09T01:42:12.063+0000][1][safepoint    ] Total time for which application threads were stopped: 0.0000308 seconds, Stopping threads took: 0.0000083 seconds
[2019-12-09T01:42:12.063+0000][1][safepoint    ] Application time: 0.0001624 seconds
[2019-12-09T01:42:12.063+0000][1][safepoint    ] Entering safepoint region: RevokeBias
[2019-12-09T01:42:12.063+0000][1][safepoint    ] Leaving safepoint region
[2019-12-09T01:42:12.063+0000][1][safepoint    ] Total time for which application threads were stopped: 0.0000302 seconds, Stopping threads took: 0.0000079 seconds
[2019-12-09T01:42:13.065+0000][1][safepoint    ] Application time: 1.0015215 seconds
[2019-12-09T01:42:13.069+0000][1][safepoint    ] Entering safepoint region: Cleanup
[2019-12-09T01:42:13.069+0000][1][safepoint    ] Leaving safepoint region
[2019-12-09T01:42:13.069+0000][1][safepoint    ] Total time for which application threads were stopped: 0.0040379 seconds, Stopping threads took: 0.0039649 seconds
[2019-12-09T01:42:13.341+0000][1][safepoint    ] Application time: 0.2719000 seconds
[2019-12-09T01:42:13.341+0000][1][safepoint    ] Entering safepoint region: GenCollectForAllocation
[2019-12-09T01:42:13.341+0000][1][gc,start     ] GC(0) Pause Young (Allocation Failure)
[2019-12-09T01:42:13.341+0000][1][gc,task      ] GC(0) Using 2 workers of 2 for evacuation
[2019-12-09T01:42:13.500+0000][1][gc,age       ] GC(0) Desired survivor size 4456448 bytes, new threshold 1 (max threshold 6)
[2019-12-09T01:42:13.500+0000][1][gc,age       ] GC(0) Age table with threshold 1 (max threshold 6)
[2019-12-09T01:42:13.500+0000][1][gc,age       ] GC(0) - age   1:    6482808 bytes,    6482808 total
[2019-12-09T01:42:13.500+0000][1][gc,heap      ] GC(0) ParNew: 69952K->6380K(78656K)
[2019-12-09T01:42:13.500+0000][1][gc,heap      ] GC(0) CMS: 0K->0K(174784K)
[2019-12-09T01:42:13.500+0000][1][gc,metaspace ] GC(0) Metaspace: 12653K->12653K(1060864K)
[2019-12-09T01:42:13.500+0000][1][gc           ] GC(0) Pause Young (Allocation Failure) 68M->6M(247M) 158.838ms
[2019-12-09T01:42:13.500+0000][1][gc,cpu       ] GC(0) User=0.03s Sys=0.00s Real=0.16s
[2019-12-09T01:42:13.500+0000][1][safepoint    ] Leaving safepoint region
[2019-12-09T01:42:13.500+0000][1][safepoint    ] Total time for which application threads were stopped: 0.1590166 seconds, Stopping threads took: 0.0000146 seconds
[2019-12-09T01:42:13.507+0000][1][safepoint    ] Application time: 0.0076285 seconds
[2019-12-09T01:42:13.508+0000][1][safepoint    ] Entering safepoint region: RevokeBias
[2019-12-09T01:42:13.508+0000][1][safepoint    ] Leaving safepoint region
[2019-12-09T01:42:13.508+0000][1][safepoint    ] Total time for which application threads were stopped: 0.0004382 seconds, Stopping threads took: 0.0003703 seconds
[2019-12-09T01:42:13.508+0000][1][safepoint    ] Application time: 0.0000551 seconds
[2019-12-09T01:42:13.508+0000][1][safepoint    ] Entering safepoint region: RevokeBias
[2019-12-09T01:42:13.508+0000][1][safepoint    ] Leaving safepoint region
[2019-12-09T01:42:13.508+0000][1][safepoint    ] Total time for which application threads were stopped: 0.0000461 seconds, Stopping threads took: 0.0000081 seconds
[2019-12-09T01:42:13.508+0000][1][safepoint    ] Application time: 0.0000567 seconds
[2019-12-09T01:42:13.508+0000][1][safepoint    ] Entering safepoint region: RevokeBias
[2019-12-09T01:42:13.508+0000][1][safepoint    ] Leaving safepoint region
[2019-12-09T01:42:13.508+0000][1][safepoint    ] Total time for which application threads were stopped: 0.0000407 seconds, Stopping threads took: 0.0000069 seconds
[2019-12-09T01:42:13.508+0000][1][safepoint    ] Application time: 0.0000452 seconds
[2019-12-09T01:42:13.508+0000][1][safepoint    ] Entering safepoint region: RevokeBias
[2019-12-09T01:42:13.508+0000][1][safepoint    ] Leaving safepoint region
[2019-12-09T01:42:13.508+0000][1][safepoint    ] Total time for which application threads were stopped: 0.0000381 seconds, Stopping threads took: 0.0000071 seconds
[2019-12-09T01:42:13.508+0000][1][safepoint    ] Application time: 0.0000494 seconds
[2019-12-09T01:42:13.508+0000][1][safepoint    ] Entering safepoint region: RevokeBias
[2019-12-09T01:42:13.508+0000][1][safepoint    ] Leaving safepoint region
[2019-12-09T01:42:13.508+0000][1][safepoint    ] Total time for which application threads were stopped: 0.0000393 seconds, Stopping threads took: 0.0000075 seconds
[2019-12-09T01:42:13.508+0000][1][safepoint    ] Application time: 0.0000446 seconds
[2019-12-09T01:42:13.508+0000][1][safepoint    ] Entering safepoint region: RevokeBias
[2019-12-09T01:42:13.508+0000][1][safepoint    ] Leaving safepoint region
[2019-12-09T01:42:13.508+0000][1][safepoint    ] Total time for which application threads were stopped: 0.0000385 seconds, Stopping threads took: 0.0000071 seconds
[2019-12-09T01:42:13.508+0000][1][safepoint    ] Application time: 0.0000487 seconds
[2019-12-09T01:42:13.508+0000][1][safepoint    ] Entering safepoint region: RevokeBias
[2019-12-09T01:42:13.508+0000][1][safepoint    ] Leaving safepoint region
[2019-12-09T01:42:13.508+0000][1][safepoint    ] Total time for which application threads were stopped: 0.0000394 seconds, Stopping threads took: 0.0000070 seconds
[2019-12-09T01:42:13.509+0000][1][safepoint    ] Application time: 0.0000450 seconds
[2019-12-09T01:42:13.509+0000][1][safepoint    ] Entering safepoint region: RevokeBias
[2019-12-09T01:42:13.509+0000][1][safepoint    ] Leaving safepoint region
[2019-12-09T01:42:13.509+0000][1][safepoint    ] Total time for which application threads were stopped: 0.0000374 seconds, Stopping threads took: 0.0000069 seconds
[2019-12-09T01:42:13.509+0000][1][safepoint    ] Application time: 0.0000487 seconds
[2019-12-09T01:42:13.509+0000][1][safepoint    ] Entering safepoint region: RevokeBias
[2019-12-09T01:42:13.509+0000][1][safepoint    ] Leaving safepoint region
[2019-12-09T01:42:13.509+0000][1][safepoint    ] Total time for which application threads were stopped: 0.0000582 seconds, Stopping threads took: 0.0000070 seconds
[2019-12-09T01:42:13.509+0000][1][safepoint    ] Application time: 0.0000457 seconds
[2019-12-09T01:42:13.509+0000][1][safepoint    ] Entering safepoint region: RevokeBias
[2019-12-09T01:42:13.509+0000][1][safepoint    ] Leaving safepoint region
[2019-12-09T01:42:13.509+0000][1][safepoint    ] Total time for which application threads were stopped: 0.0001299 seconds, Stopping threads took: 0.0000615 seconds
[2019-12-09T01:42:13.509+0000][1][safepoint    ] Application time: 0.0000740 seconds
[2019-12-09T01:42:13.509+0000][1][safepoint    ] Entering safepoint region: RevokeBias
[2019-12-09T01:42:13.509+0000][1][safepoint    ] Leaving safepoint region
[2019-12-09T01:42:13.509+0000][1][safepoint    ] Total time for which application threads were stopped: 0.0000529 seconds, Stopping threads took: 0.0000081 seconds
[2019-12-09T01:42:13.509+0000][1][safepoint    ] Application time: 0.0000555 seconds
[2019-12-09T01:42:13.509+0000][1][safepoint    ] Entering safepoint region: RevokeBias
[2019-12-09T01:42:13.509+0000][1][safepoint    ] Leaving safepoint region
[2019-12-09T01:42:13.509+0000][1][safepoint    ] Total time for which application threads were stopped: 0.0000525 seconds, Stopping threads took: 0.0000087 seconds
[2019-12-09T01:42:13.509+0000][1][safepoint    ] Application time: 0.0000628 seconds
[2019-12-09T01:42:13.509+0000][1][safepoint    ] Entering safepoint region: RevokeBias
[2019-12-09T01:42:13.509+0000][1][safepoint    ] Leaving safepoint region
[2019-12-09T01:42:13.509+0000][1][safepoint    ] Total time for which application threads were stopped: 0.0000488 seconds, Stopping threads took: 0.0000083 seconds
[2019-12-09T01:42:13.509+0000][1][safepoint    ] Application time: 0.0000525 seconds
[2019-12-09T01:42:13.509+0000][1][safepoint    ] Entering safepoint region: RevokeBias
[2019-12-09T01:42:13.509+0000][1][safepoint    ] Leaving safepoint region
[2019-12-09T01:42:13.509+0000][1][safepoint    ] Total time for which application threads were stopped: 0.0000481 seconds, Stopping threads took: 0.0000078 seconds
[2019-12-09T01:42:13.509+0000][1][safepoint    ] Application time: 0.0000609 seconds
[2019-12-09T01:42:13.509+0000][1][safepoint    ] Entering safepoint region: RevokeBias
[2019-12-09T01:42:13.510+0000][1][safepoint    ] Leaving safepoint region
[2019-12-09T01:42:13.510+0000][1][safepoint    ] Total time for which application threads were stopped: 0.0000434 seconds, Stopping threads took: 0.0000082 seconds
[2019-12-09T01:42:13.510+0000][1][safepoint    ] Application time: 0.0000521 seconds
[2019-12-09T01:42:13.510+0000][1][safepoint    ] Entering safepoint region: RevokeBias
[2019-12-09T01:42:13.510+0000][1][safepoint    ] Leaving safepoint region
[2019-12-09T01:42:13.510+0000][1][safepoint    ] Total time for which application threads were stopped: 0.0000440 seconds, Stopping threads took: 0.0000083 seconds
[2019-12-09T01:42:13.510+0000][1][safepoint    ] Application time: 0.0000829 seconds
[2019-12-09T01:42:13.510+0000][1][safepoint    ] Entering safepoint region: RevokeBias
[2019-12-09T01:42:13.510+0000][1][safepoint    ] Leaving safepoint region
[2019-12-09T01:42:13.510+0000][1][safepoint    ] Total time for which application threads were stopped: 0.0000478 seconds, Stopping threads took: 0.0000079 seconds
[2019-12-09T01:42:13.510+0000][1][safepoint    ] Application time: 0.0000526 seconds
[2019-12-09T01:42:13.510+0000][1][safepoint    ] Entering safepoint region: RevokeBias
[2019-12-09T01:42:13.510+0000][1][safepoint    ] Leaving safepoint region
[2019-12-09T01:42:13.510+0000][1][safepoint    ] Total time for which application threads were stopped: 0.0000421 seconds, Stopping threads took: 0.0000078 seconds
[2019-12-09T01:42:13.510+0000][1][safepoint    ] Application time: 0.0000766 seconds
[2019-12-09T01:42:13.510+0000][1][safepoint    ] Entering safepoint region: RevokeBias
[2019-12-09T01:42:13.510+0000][1][safepoint    ] Leaving safepoint region
[2019-12-09T01:42:13.510+0000][1][safepoint    ] Total time for which application threads were stopped: 0.0000480 seconds, Stopping threads took: 0.0000083 seconds
[2019-12-09T01:42:13.510+0000][1][safepoint    ] Application time: 0.0000533 seconds
[2019-12-09T01:42:13.510+0000][1][safepoint    ] Entering safepoint region: RevokeBias
[2019-12-09T01:42:13.510+0000][1][safepoint    ] Leaving safepoint region
[2019-12-09T01:42:13.510+0000][1][safepoint    ] Total time for which application threads were stopped: 0.0000519 seconds, Stopping threads took: 0.0000143 seconds
[2019-12-09T01:42:13.510+0000][1][safepoint    ] Application time: 0.0000619 seconds
[2019-12-09T01:42:13.510+0000][1][safepoint    ] Entering safepoint region: RevokeBias
[2019-12-09T01:42:13.510+0000][1][safepoint    ] Leaving safepoint region
[2019-12-09T01:42:13.510+0000][1][safepoint    ] Total time for which application threads were stopped: 0.0000465 seconds, Stopping threads took: 0.0000080 seconds
[2019-12-09T01:42:13.510+0000][1][safepoint    ] Application time: 0.0000525 seconds
[2019-12-09T01:42:13.510+0000][1][safepoint    ] Entering safepoint region: RevokeBias
[2019-12-09T01:42:13.510+0000][1][safepoint    ] Leaving safepoint region
[2019-12-09T01:42:13.510+0000][1][safepoint    ] Total time for which application threads were stopped: 0.0000447 seconds, Stopping threads took: 0.0000078 seconds
[2019-12-09T01:42:13.510+0000][1][safepoint    ] Application time: 0.0000616 seconds
[2019-12-09T01:42:13.510+0000][1][safepoint    ] Entering safepoint region: RevokeBias
[2019-12-09T01:42:13.511+0000][1][safepoint    ] Leaving safepoint region
[2019-12-09T01:42:13.511+0000][1][safepoint    ] Total time for which application threads were stopped: 0.0000467 seconds, Stopping threads took: 0.0000079 seconds
[2019-12-09T01:42:13.511+0000][1][safepoint    ] Application time: 0.0000557 seconds
[2019-12-09T01:42:13.511+0000][1][safepoint    ] Entering safepoint region: RevokeBias
[2019-12-09T01:42:13.511+0000][1][safepoint    ] Leaving safepoint region
[2019-12-09T01:42:13.511+0000][1][safepoint    ] Total time for which application threads were stopped: 0.0000444 seconds, Stopping threads took: 0.0000080 seconds
[2019-12-09T01:42:13.511+0000][1][safepoint    ] Application time: 0.0000954 seconds
[2019-12-09T01:42:13.511+0000][1][safepoint    ] Entering safepoint region: RevokeBias
[2019-12-09T01:42:13.511+0000][1][safepoint    ] Leaving safepoint region
[2019-12-09T01:42:13.511+0000][1][safepoint    ] Total time for which application threads were stopped: 0.0000515 seconds, Stopping threads took: 0.0000083 seconds
[2019-12-09T01:42:13.511+0000][1][safepoint    ] Application time: 0.0000586 seconds
[2019-12-09T01:42:13.511+0000][1][safepoint    ] Entering safepoint region: RevokeBias
[2019-12-09T01:42:13.511+0000][1][safepoint    ] Leaving safepoint region
[2019-12-09T01:42:13.511+0000][1][safepoint    ] Total time for which application threads were stopped: 0.0000461 seconds, Stopping threads took: 0.0000084 seconds
[2019-12-09T01:42:13.511+0000][1][safepoint    ] Application time: 0.0003517 seconds
[2019-12-09T01:42:13.511+0000][1][safepoint    ] Entering safepoint region: RevokeBias
[2019-12-09T01:42:13.511+0000][1][safepoint    ] Leaving safepoint region
[2019-12-09T01:42:13.511+0000][1][safepoint    ] Total time for which application threads were stopped: 0.0000485 seconds, Stopping threads took: 0.0000089 seconds
[2019-12-09T01:42:13.511+0000][1][safepoint    ] Application time: 0.0000521 seconds
[2019-12-09T01:42:13.511+0000][1][safepoint    ] Entering safepoint region: RevokeBias
[2019-12-09T01:42:13.511+0000][1][safepoint    ] Leaving safepoint region
[2019-12-09T01:42:13.511+0000][1][safepoint    ] Total time for which application threads were stopped: 0.0000430 seconds, Stopping threads took: 0.0000082 seconds
[2019-12-09T01:42:13.512+0000][1][safepoint    ] Application time: 0.0000657 seconds
[2019-12-09T01:42:13.512+0000][1][safepoint    ] Entering safepoint region: RevokeBias
[2019-12-09T01:42:13.512+0000][1][safepoint    ] Leaving safepoint region
[2019-12-09T01:42:13.512+0000][1][safepoint    ] Total time for which application threads were stopped: 0.0000465 seconds, Stopping threads took: 0.0000080 seconds
[2019-12-09T01:42:13.512+0000][1][safepoint    ] Application time: 0.0000517 seconds
[2019-12-09T01:42:13.512+0000][1][safepoint    ] Entering safepoint region: RevokeBias
[2019-12-09T01:42:13.512+0000][1][safepoint    ] Leaving safepoint region
[2019-12-09T01:42:13.512+0000][1][safepoint    ] Total time for which application threads were stopped: 0.0000664 seconds, Stopping threads took: 0.0000264 seconds
[2019-12-09T01:42:13.523+0000][1][safepoint    ] Application time: 0.0108676 seconds
[2019-12-09T01:42:13.523+0000][1][safepoint    ] Entering safepoint region: RevokeBias
[2019-12-09T01:42:13.523+0000][1][safepoint    ] Leaving safepoint region
[2019-12-09T01:42:13.523+0000][1][safepoint    ] Total time for which application threads were stopped: 0.0001623 seconds, Stopping threads took: 0.0000821 seconds
[2019-12-09T01:42:14.343+0000][1][safepoint    ] Application time: 0.8205986 seconds
[2019-12-09T01:42:14.343+0000][1][safepoint    ] Entering safepoint region: RevokeBias
[2019-12-09T01:42:14.344+0000][1][safepoint    ] Leaving safepoint region
[2019-12-09T01:42:14.344+0000][1][safepoint    ] Total time for which application threads were stopped: 0.0001096 seconds, Stopping threads took: 0.0000128 seconds
[2019-12-09T01:42:14.850+0000][1][safepoint    ] Application time: 0.5059811 seconds
[2019-12-09T01:42:14.850+0000][1][safepoint    ] Entering safepoint region: Deoptimize
[2019-12-09T01:42:14.850+0000][1][safepoint    ] Leaving safepoint region
[2019-12-09T01:42:14.850+0000][1][safepoint    ] Total time for which application threads were stopped: 0.0004357 seconds, Stopping threads took: 0.0000141 seconds
[2019-12-09T01:42:15.869+0000][1][safepoint    ] Application time: 1.0186875 seconds
[2019-12-09T01:42:15.925+0000][1][safepoint    ] Entering safepoint region: Cleanup
[2019-12-09T01:42:15.925+0000][1][safepoint    ] Leaving safepoint region
[2019-12-09T01:42:15.925+0000][1][safepoint    ] Total time for which application threads were stopped: 0.0562025 seconds, Stopping threads took: 0.0561200 seconds
[2019-12-09T01:42:16.084+0000][1][safepoint    ] Application time: 0.1594933 seconds
[2019-12-09T01:42:16.114+0000][1][safepoint    ] Entering safepoint region: RevokeBias
[2019-12-09T01:42:16.114+0000][1][safepoint    ] Leaving safepoint region
[2019-12-09T01:42:16.114+0000][1][safepoint    ] Total time for which application threads were stopped: 0.0293697 seconds, Stopping threads took: 0.0292798 seconds
[2019-12-09T01:42:17.116+0000][1][safepoint    ] Application time: 1.0018468 seconds
[2019-12-09T01:42:17.242+0000][1][safepoint    ] Entering safepoint region: Cleanup
[2019-12-09T01:42:17.242+0000][1][safepoint    ] Leaving safepoint region
[2019-12-09T01:42:17.242+0000][1][safepoint    ] Total time for which application threads were stopped: 0.1260896 seconds, Stopping threads took: 0.1259998 seconds
[2019-12-09T01:42:17.691+0000][1][safepoint    ] Application time: 0.4488714 seconds
[2019-12-09T01:42:17.691+0000][1][safepoint    ] Entering safepoint region: GenCollectForAllocation
[2019-12-09T01:42:17.691+0000][1][gc,start     ] GC(1) Pause Young (Allocation Failure)
[2019-12-09T01:42:17.691+0000][1][gc,task      ] GC(1) Using 2 workers of 2 for evacuation
[2019-12-09T01:42:18.065+0000][1][gc,age       ] GC(1) Desired survivor size 4456448 bytes, new threshold 6 (max threshold 6)
[2019-12-09T01:42:18.065+0000][1][gc,age       ] GC(1) Age table with threshold 6 (max threshold 6)
[2019-12-09T01:42:18.065+0000][1][gc,age       ] GC(1) - age   1:    1374392 bytes,    1374392 total
[2019-12-09T01:42:18.065+0000][1][gc,heap      ] GC(1) ParNew: 76332K->4074K(78656K)
[2019-12-09T01:42:18.065+0000][1][gc,heap      ] GC(1) CMS: 0K->6825K(174784K)
[2019-12-09T01:42:18.065+0000][1][gc,metaspace ] GC(1) Metaspace: 14724K->14724K(1062912K)
[2019-12-09T01:42:18.065+0000][1][gc           ] GC(1) Pause Young (Allocation Failure) 74M->10M(247M) 374.199ms
[2019-12-09T01:42:18.065+0000][1][gc,cpu       ] GC(1) User=0.07s Sys=0.00s Real=0.38s
[2019-12-09T01:42:18.065+0000][1][safepoint    ] Leaving safepoint region
[2019-12-09T01:42:18.065+0000][1][safepoint    ] Total time for which application threads were stopped: 0.3744075 seconds, Stopping threads took: 0.0000694 seconds
[2019-12-09T01:42:18.071+0000][1][safepoint    ] Application time: 0.0056742 seconds
[2019-12-09T01:42:18.080+0000][1][safepoint    ] Entering safepoint region: BulkRevokeBias
[2019-12-09T01:42:18.086+0000][1][safepoint    ] Leaving safepoint region
[2019-12-09T01:42:18.086+0000][1][safepoint    ] Total time for which application threads were stopped: 0.0149084 seconds, Stopping threads took: 0.0086531 seconds
[2019-12-09T01:42:18.086+0000][1][safepoint    ] Application time: 0.0001511 seconds
[2019-12-09T01:42:18.086+0000][1][safepoint    ] Entering safepoint region: RevokeBias
[2019-12-09T01:42:18.086+0000][1][safepoint    ] Leaving safepoint region
[2019-12-09T01:42:18.086+0000][1][safepoint    ] Total time for which application threads were stopped: 0.0000869 seconds, Stopping threads took: 0.0000097 seconds
[2019-12-09T01:42:18.086+0000][1][safepoint    ] Application time: 0.0000786 seconds
[2019-12-09T01:42:18.086+0000][1][safepoint    ] Entering safepoint region: RevokeBias
[2019-12-09T01:42:18.086+0000][1][safepoint    ] Leaving safepoint region
[2019-12-09T01:42:18.086+0000][1][safepoint    ] Total time for which application threads were stopped: 0.0000742 seconds, Stopping threads took: 0.0000088 seconds
[2019-12-09T01:42:18.086+0000][1][safepoint    ] Application time: 0.0000533 seconds
[2019-12-09T01:42:18.086+0000][1][safepoint    ] Entering safepoint region: RevokeBias
[2019-12-09T01:42:18.086+0000][1][safepoint    ] Leaving safepoint region
[2019-12-09T01:42:18.086+0000][1][safepoint    ] Total time for which application threads were stopped: 0.0000776 seconds, Stopping threads took: 0.0000086 seconds
[2019-12-09T01:42:18.086+0000][1][safepoint    ] Application time: 0.0000547 seconds
[2019-12-09T01:42:18.086+0000][1][safepoint    ] Entering safepoint region: RevokeBias
[2019-12-09T01:42:18.086+0000][1][safepoint    ] Leaving safepoint region
[2019-12-09T01:42:18.087+0000][1][safepoint    ] Total time for which application threads were stopped: 0.0000632 seconds, Stopping threads took: 0.0000078 seconds
[2019-12-09T01:42:18.087+0000][1][safepoint    ] Application time: 0.0000468 seconds
[2019-12-09T01:42:18.087+0000][1][safepoint    ] Entering safepoint region: RevokeBias
[2019-12-09T01:42:18.087+0000][1][safepoint    ] Leaving safepoint region
[2019-12-09T01:42:18.087+0000][1][safepoint    ] Total time for which application threads were stopped: 0.0000599 seconds, Stopping threads took: 0.0000074 seconds
[2019-12-09T01:42:18.087+0000][1][safepoint    ] Application time: 0.0000700 seconds
[2019-12-09T01:42:18.087+0000][1][safepoint    ] Entering safepoint region: BulkRevokeBias
[2019-12-09T01:42:18.087+0000][1][safepoint    ] Leaving safepoint region
[2019-12-09T01:42:18.087+0000][1][safepoint    ] Total time for which application threads were stopped: 0.0000886 seconds, Stopping threads took: 0.0000073 seconds
[2019-12-09T01:42:18.087+0000][1][safepoint    ] Application time: 0.0000500 seconds
[2019-12-09T01:42:18.087+0000][1][safepoint    ] Entering safepoint region: RevokeBias
[2019-12-09T01:42:18.087+0000][1][safepoint    ] Leaving safepoint region
[2019-12-09T01:42:18.087+0000][1][safepoint    ] Total time for which application threads were stopped: 0.0000627 seconds, Stopping threads took: 0.0000072 seconds
[2019-12-09T01:42:18.087+0000][1][safepoint    ] Application time: 0.0000552 seconds
[2019-12-09T01:42:18.087+0000][1][safepoint    ] Entering safepoint region: BulkRevokeBias
[2019-12-09T01:42:18.087+0000][1][safepoint    ] Leaving safepoint region
[2019-12-09T01:42:18.087+0000][1][safepoint    ] Total time for which application threads were stopped: 0.0000813 seconds, Stopping threads took: 0.0000075 seconds
[2019-12-09T01:42:19.089+0000][1][safepoint    ] Application time: 1.0018210 seconds
[2019-12-09T01:42:19.134+0000][1][safepoint    ] Entering safepoint region: Cleanup
[2019-12-09T01:42:19.134+0000][1][safepoint    ] Leaving safepoint region
[2019-12-09T01:42:19.134+0000][1][safepoint    ] Total time for which application threads were stopped: 0.0448838 seconds, Stopping threads took: 0.0448127 seconds
[2019-12-09T01:42:19.729+0000][1][safepoint    ] Application time: 0.5948346 seconds
[2019-12-09T01:42:19.729+0000][1][safepoint    ] Entering safepoint region: RevokeBias
[2019-12-09T01:42:19.729+0000][1][safepoint    ] Leaving safepoint region
[2019-12-09T01:42:19.729+0000][1][safepoint    ] Total time for which application threads were stopped: 0.0000919 seconds, Stopping threads took: 0.0000123 seconds
[2019-12-09T01:42:20.618+0000][1][safepoint    ] Application time: 0.8888684 seconds
[2019-12-09T01:42:20.618+0000][1][safepoint    ] Entering safepoint region: Deoptimize
[2019-12-09T01:42:20.618+0000][1][safepoint    ] Leaving safepoint region
[2019-12-09T01:42:20.618+0000][1][safepoint    ] Total time for which application threads were stopped: 0.0003908 seconds, Stopping threads took: 0.0000120 seconds
[2019-12-09T01:42:20.619+0000][1][safepoint    ] Application time: 0.0004710 seconds
[2019-12-09T01:42:20.619+0000][1][safepoint    ] Entering safepoint region: Deoptimize
[2019-12-09T01:42:20.619+0000][1][safepoint    ] Leaving safepoint region
[2019-12-09T01:42:20.619+0000][1][safepoint    ] Total time for which application threads were stopped: 0.0003800 seconds, Stopping threads took: 0.0000106 seconds
[2019-12-09T01:42:21.201+0000][1][safepoint    ] Application time: 0.5817027 seconds
[2019-12-09T01:42:21.201+0000][1][safepoint    ] Entering safepoint region: GenCollectForAllocation
[2019-12-09T01:42:21.201+0000][1][gc,start     ] GC(2) Pause Young (Allocation Failure)
[2019-12-09T01:42:21.201+0000][1][gc,task      ] GC(2) Using 2 workers of 2 for evacuation
[2019-12-09T01:42:21.285+0000][1][gc,age       ] GC(2) Desired survivor size 4456448 bytes, new threshold 6 (max threshold 6)
[2019-12-09T01:42:21.285+0000][1][gc,age       ] GC(2) Age table with threshold 6 (max threshold 6)
[2019-12-09T01:42:21.285+0000][1][gc,age       ] GC(2) - age   1:    2502840 bytes,    2502840 total
[2019-12-09T01:42:21.285+0000][1][gc,age       ] GC(2) - age   2:    1100656 bytes,    3603496 total
[2019-12-09T01:42:21.285+0000][1][gc,heap      ] GC(2) ParNew: 74026K->4362K(78656K)
[2019-12-09T01:42:21.285+0000][1][gc,heap      ] GC(2) CMS: 6825K->6825K(174784K)
[2019-12-09T01:42:21.285+0000][1][gc,metaspace ] GC(2) Metaspace: 16905K->16905K(1064960K)
[2019-12-09T01:42:21.285+0000][1][gc           ] GC(2) Pause Young (Allocation Failure) 78M->10M(247M) 84.159ms
[2019-12-09T01:42:21.285+0000][1][gc,cpu       ] GC(2) User=0.01s Sys=0.00s Real=0.09s
[2019-12-09T01:42:21.285+0000][1][safepoint    ] Leaving safepoint region
[2019-12-09T01:42:21.285+0000][1][safepoint    ] Total time for which application threads were stopped: 0.0843085 seconds, Stopping threads took: 0.0000133 seconds
[2019-12-09T01:42:21.291+0000][1][safepoint    ] Application time: 0.0058547 seconds
[2019-12-09T01:42:21.291+0000][1][safepoint    ] Entering safepoint region: RevokeBias
[2019-12-09T01:42:21.291+0000][1][safepoint    ] Leaving safepoint region
[2019-12-09T01:42:21.291+0000][1][safepoint    ] Total time for which application threads were stopped: 0.0000972 seconds, Stopping threads took: 0.0000167 seconds
[2019-12-09T01:42:21.291+0000][1][safepoint    ] Application time: 0.0000873 seconds
[2019-12-09T01:42:21.291+0000][1][safepoint    ] Entering safepoint region: RevokeBias
[2019-12-09T01:42:21.291+0000][1][safepoint    ] Leaving safepoint region
[2019-12-09T01:42:21.291+0000][1][safepoint    ] Total time for which application threads were stopped: 0.0000640 seconds, Stopping threads took: 0.0000088 seconds
[2019-12-09T01:42:21.291+0000][1][safepoint    ] Application time: 0.0000638 seconds
[2019-12-09T01:42:21.291+0000][1][safepoint    ] Entering safepoint region: RevokeBias
[2019-12-09T01:42:21.291+0000][1][safepoint    ] Leaving safepoint region
[2019-12-09T01:42:21.291+0000][1][safepoint    ] Total time for which application threads were stopped: 0.0000515 seconds, Stopping threads took: 0.0000073 seconds
[2019-12-09T01:42:21.291+0000][1][safepoint    ] Application time: 0.0000503 seconds
[2019-12-09T01:42:21.291+0000][1][safepoint    ] Entering safepoint region: RevokeBias
[2019-12-09T01:42:21.291+0000][1][safepoint    ] Leaving safepoint region
[2019-12-09T01:42:21.291+0000][1][safepoint    ] Total time for which application threads were stopped: 0.0000635 seconds, Stopping threads took: 0.0000182 seconds
[2019-12-09T01:42:21.292+0000][1][safepoint    ] Application time: 0.0000581 seconds
[2019-12-09T01:42:21.292+0000][1][safepoint    ] Entering safepoint region: RevokeBias
[2019-12-09T01:42:21.292+0000][1][safepoint    ] Leaving safepoint region
[2019-12-09T01:42:21.292+0000][1][safepoint    ] Total time for which application threads were stopped: 0.0000530 seconds, Stopping threads took: 0.0000075 seconds
[2019-12-09T01:42:21.292+0000][1][safepoint    ] Application time: 0.0000586 seconds
[2019-12-09T01:42:21.292+0000][1][safepoint    ] Entering safepoint region: RevokeBias
[2019-12-09T01:42:21.292+0000][1][safepoint    ] Leaving safepoint region
[2019-12-09T01:42:21.292+0000][1][safepoint    ] Total time for which application threads were stopped: 0.0000675 seconds, Stopping threads took: 0.0000247 seconds
[2019-12-09T01:42:21.292+0000][1][safepoint    ] Application time: 0.0000637 seconds
[2019-12-09T01:42:21.292+0000][1][safepoint    ] Entering safepoint region: RevokeBias
[2019-12-09T01:42:21.292+0000][1][safepoint    ] Leaving safepoint region
[2019-12-09T01:42:21.292+0000][1][safepoint    ] Total time for which application threads were stopped: 0.0000499 seconds, Stopping threads took: 0.0000072 seconds
[2019-12-09T01:42:21.292+0000][1][safepoint    ] Application time: 0.0000457 seconds
[2019-12-09T01:42:21.292+0000][1][safepoint    ] Entering safepoint region: RevokeBias
[2019-12-09T01:42:21.292+0000][1][safepoint    ] Leaving safepoint region
[2019-12-09T01:42:21.292+0000][1][safepoint    ] Total time for which application threads were stopped: 0.0000437 seconds, Stopping threads took: 0.0000067 seconds
[2019-12-09T01:42:21.292+0000][1][safepoint    ] Application time: 0.0000488 seconds
[2019-12-09T01:42:21.292+0000][1][safepoint    ] Entering safepoint region: RevokeBias
[2019-12-09T01:42:21.292+0000][1][safepoint    ] Leaving safepoint region
[2019-12-09T01:42:21.292+0000][1][safepoint    ] Total time for which application threads were stopped: 0.0000476 seconds, Stopping threads took: 0.0000069 seconds
[2019-12-09T01:42:21.292+0000][1][safepoint    ] Application time: 0.0000450 seconds
[2019-12-09T01:42:21.292+0000][1][safepoint    ] Entering safepoint region: RevokeBias
[2019-12-09T01:42:21.292+0000][1][safepoint    ] Leaving safepoint region
[2019-12-09T01:42:21.292+0000][1][safepoint    ] Total time for which application threads were stopped: 0.0000458 seconds, Stopping threads took: 0.0000068 seconds
[2019-12-09T01:42:21.292+0000][1][safepoint    ] Application time: 0.0000478 seconds
[2019-12-09T01:42:21.292+0000][1][safepoint    ] Entering safepoint region: RevokeBias
[2019-12-09T01:42:21.292+0000][1][safepoint    ] Leaving safepoint region
[2019-12-09T01:42:21.292+0000][1][safepoint    ] Total time for which application threads were stopped: 0.0000446 seconds, Stopping threads took: 0.0000065 seconds
[2019-12-09T01:42:21.292+0000][1][safepoint    ] Application time: 0.0000451 seconds
[2019-12-09T01:42:21.292+0000][1][safepoint    ] Entering safepoint region: RevokeBias
[2019-12-09T01:42:21.292+0000][1][safepoint    ] Leaving safepoint region
[2019-12-09T01:42:21.292+0000][1][safepoint    ] Total time for which application threads were stopped: 0.0000453 seconds, Stopping threads took: 0.0000066 seconds
[2019-12-09T01:42:21.292+0000][1][safepoint    ] Application time: 0.0000501 seconds
[2019-12-09T01:42:21.292+0000][1][safepoint    ] Entering safepoint region: RevokeBias
[2019-12-09T01:42:21.293+0000][1][safepoint    ] Leaving safepoint region
[2019-12-09T01:42:21.293+0000][1][safepoint    ] Total time for which application threads were stopped: 0.0000473 seconds, Stopping threads took: 0.0000064 seconds
[2019-12-09T01:42:21.293+0000][1][safepoint    ] Application time: 0.0000436 seconds
[2019-12-09T01:42:21.293+0000][1][safepoint    ] Entering safepoint region: RevokeBias
[2019-12-09T01:42:21.293+0000][1][safepoint    ] Leaving safepoint region
[2019-12-09T01:42:21.293+0000][1][safepoint    ] Total time for which application threads were stopped: 0.0000503 seconds, Stopping threads took: 0.0000130 seconds
[2019-12-09T01:42:21.293+0000][1][safepoint    ] Application time: 0.0000480 seconds
[2019-12-09T01:42:21.293+0000][1][safepoint    ] Entering safepoint region: RevokeBias
[2019-12-09T01:42:21.293+0000][1][safepoint    ] Leaving safepoint region
[2019-12-09T01:42:21.293+0000][1][safepoint    ] Total time for which application threads were stopped: 0.0000479 seconds, Stopping threads took: 0.0000080 seconds
[2019-12-09T01:42:21.293+0000][1][safepoint    ] Application time: 0.0000449 seconds
[2019-12-09T01:42:21.293+0000][1][safepoint    ] Entering safepoint region: RevokeBias
[2019-12-09T01:42:21.293+0000][1][safepoint    ] Leaving safepoint region
[2019-12-09T01:42:21.293+0000][1][safepoint    ] Total time for which application threads were stopped: 0.0000450 seconds, Stopping threads took: 0.0000072 seconds
[2019-12-09T01:42:21.293+0000][1][safepoint    ] Application time: 0.0000473 seconds
[2019-12-09T01:42:21.293+0000][1][safepoint    ] Entering safepoint region: RevokeBias
[2019-12-09T01:42:21.293+0000][1][safepoint    ] Leaving safepoint region
[2019-12-09T01:42:21.293+0000][1][safepoint    ] Total time for which application threads were stopped: 0.0000454 seconds, Stopping threads took: 0.0000070 seconds
[2019-12-09T01:42:21.293+0000][1][safepoint    ] Application time: 0.0000429 seconds
[2019-12-09T01:42:21.293+0000][1][safepoint    ] Entering safepoint region: RevokeBias
[2019-12-09T01:42:21.293+0000][1][safepoint    ] Leaving safepoint region
[2019-12-09T01:42:21.293+0000][1][safepoint    ] Total time for which application threads were stopped: 0.0000439 seconds, Stopping threads took: 0.0000071 seconds
[2019-12-09T01:42:21.293+0000][1][safepoint    ] Application time: 0.0000469 seconds
[2019-12-09T01:42:21.293+0000][1][safepoint    ] Entering safepoint region: RevokeBias
[2019-12-09T01:42:21.293+0000][1][safepoint    ] Leaving safepoint region
[2019-12-09T01:42:21.293+0000][1][safepoint    ] Total time for which application threads were stopped: 0.0000448 seconds, Stopping threads took: 0.0000066 seconds
[2019-12-09T01:42:21.300+0000][1][safepoint    ] Application time: 0.0066351 seconds
[2019-12-09T01:42:21.300+0000][1][safepoint    ] Entering safepoint region: RevokeBias
[2019-12-09T01:42:21.300+0000][1][safepoint    ] Leaving safepoint region
[2019-12-09T01:42:21.300+0000][1][safepoint    ] Total time for which application threads were stopped: 0.0006734 seconds, Stopping threads took: 0.0005704 seconds
[2019-12-09T01:42:21.321+0000][1][safepoint    ] Application time: 0.0201984 seconds
[2019-12-09T01:42:21.339+0000][1][safepoint    ] Entering safepoint region: RevokeBias
[2019-12-09T01:42:21.340+0000][1][safepoint    ] Leaving safepoint region
[2019-12-09T01:42:21.340+0000][1][safepoint    ] Total time for which application threads were stopped: 0.0187905 seconds, Stopping threads took: 0.0186991 seconds
[2019-12-09T01:42:22.486+0000][1][safepoint    ] Application time: 1.1461946 seconds
[2019-12-09T01:42:22.497+0000][1][safepoint    ] Entering safepoint region: Cleanup
[2019-12-09T01:42:22.497+0000][1][safepoint    ] Leaving safepoint region
[2019-12-09T01:42:22.497+0000][1][safepoint    ] Total time for which application threads were stopped: 0.0110825 seconds, Stopping threads took: 0.0109796 seconds
[2019-12-09T01:42:23.208+0000][1][safepoint    ] Application time: 0.7110954 seconds
[2019-12-09T01:42:23.208+0000][1][safepoint    ] Entering safepoint region: GenCollectForAllocation
[2019-12-09T01:42:23.208+0000][1][gc,start     ] GC(3) Pause Young (Allocation Failure)
[2019-12-09T01:42:23.208+0000][1][gc,task      ] GC(3) Using 2 workers of 2 for evacuation
[2019-12-09T01:42:23.325+0000][1][gc,age       ] GC(3) Desired survivor size 4456448 bytes, new threshold 2 (max threshold 6)
[2019-12-09T01:42:23.325+0000][1][gc,age       ] GC(3) Age table with threshold 2 (max threshold 6)
[2019-12-09T01:42:23.325+0000][1][gc,age       ] GC(3) - age   1:    3317368 bytes,    3317368 total
[2019-12-09T01:42:23.325+0000][1][gc,age       ] GC(3) - age   2:    2319264 bytes,    5636632 total
[2019-12-09T01:42:23.325+0000][1][gc,age       ] GC(3) - age   3:    1100528 bytes,    6737160 total
[2019-12-09T01:42:23.325+0000][1][gc,heap      ] GC(3) ParNew: 74314K->8263K(78656K)
[2019-12-09T01:42:23.325+0000][1][gc,heap      ] GC(3) CMS: 6825K->6825K(174784K)
[2019-12-09T01:42:23.325+0000][1][gc,metaspace ] GC(3) Metaspace: 18341K->18341K(1067008K)
[2019-12-09T01:42:23.325+0000][1][gc           ] GC(3) Pause Young (Allocation Failure) 79M->14M(247M) 116.977ms
[2019-12-09T01:42:23.325+0000][1][gc,cpu       ] GC(3) User=0.02s Sys=0.00s Real=0.12s
[2019-12-09T01:42:23.325+0000][1][safepoint    ] Leaving safepoint region
[2019-12-09T01:42:23.325+0000][1][safepoint    ] Total time for which application threads were stopped: 0.1171157 seconds, Stopping threads took: 0.0000146 seconds
[2019-12-09T01:42:23.329+0000][1][safepoint    ] Application time: 0.0036688 seconds
[2019-12-09T01:42:23.329+0000][1][safepoint    ] Entering safepoint region: BulkRevokeBias
[2019-12-09T01:42:23.329+0000][1][safepoint    ] Leaving safepoint region
[2019-12-09T01:42:23.329+0000][1][safepoint    ] Total time for which application threads were stopped: 0.0002517 seconds, Stopping threads took: 0.0000487 seconds
[2019-12-09T01:42:23.338+0000][1][safepoint    ] Application time: 0.0086701 seconds
[2019-12-09T01:42:23.384+0000][1][safepoint    ] Entering safepoint region: RevokeBias
[2019-12-09T01:42:23.384+0000][1][safepoint    ] Leaving safepoint region
[2019-12-09T01:42:23.384+0000][1][safepoint    ] Total time for which application threads were stopped: 0.0461197 seconds, Stopping threads took: 0.0460133 seconds
[2019-12-09T01:42:23.387+0000][1][safepoint    ] Application time: 0.0028212 seconds
[2019-12-09T01:42:23.387+0000][1][safepoint    ] Entering safepoint region: RevokeBias
[2019-12-09T01:42:23.387+0000][1][safepoint    ] Leaving safepoint region
[2019-12-09T01:42:23.387+0000][1][safepoint    ] Total time for which application threads were stopped: 0.0001146 seconds, Stopping threads took: 0.0000638 seconds
[2019-12-09T01:42:23.406+0000][1][safepoint    ] Application time: 0.0187854 seconds
[2019-12-09T01:42:23.472+0000][1][safepoint    ] Entering safepoint region: RevokeBias
[2019-12-09T01:42:23.472+0000][1][safepoint    ] Leaving safepoint region
[2019-12-09T01:42:23.472+0000][1][safepoint    ] Total time for which application threads were stopped: 0.0662195 seconds, Stopping threads took: 0.0661447 seconds
[2019-12-09T01:42:24.286+0000][1][safepoint    ] Application time: 0.8141361 seconds
[2019-12-09T01:42:24.286+0000][1][safepoint    ] Entering safepoint region: Deoptimize
[2019-12-09T01:42:24.286+0000][1][safepoint    ] Leaving safepoint region
[2019-12-09T01:42:24.287+0000][1][safepoint    ] Total time for which application threads were stopped: 0.0004351 seconds, Stopping threads took: 0.0000141 seconds
[2019-12-09T01:42:24.693+0000][1][safepoint    ] Application time: 0.4066314 seconds
[2019-12-09T01:42:24.693+0000][1][safepoint    ] Entering safepoint region: Deoptimize
[2019-12-09T01:42:24.694+0000][1][safepoint    ] Leaving safepoint region
[2019-12-09T01:42:24.694+0000][1][safepoint    ] Total time for which application threads were stopped: 0.0004029 seconds, Stopping threads took: 0.0000125 seconds
[2019-12-09T01:42:24.742+0000][1][safepoint    ] Application time: 0.0482607 seconds
[2019-12-09T01:42:24.742+0000][1][safepoint    ] Entering safepoint region: RevokeBias
[2019-12-09T01:42:24.742+0000][1][safepoint    ] Leaving safepoint region
[2019-12-09T01:42:24.742+0000][1][safepoint    ] Total time for which application threads were stopped: 0.0000794 seconds, Stopping threads took: 0.0000135 seconds
[2019-12-09T01:42:24.956+0000][1][safepoint    ] Application time: 0.2138156 seconds
[2019-12-09T01:42:24.956+0000][1][safepoint    ] Entering safepoint region: GenCollectForAllocation
[2019-12-09T01:42:24.956+0000][1][gc,start     ] GC(4) Pause Young (Allocation Failure)
[2019-12-09T01:42:24.956+0000][1][gc,task      ] GC(4) Using 2 workers of 2 for evacuation
[2019-12-09T01:42:25.135+0000][1][gc,age       ] GC(4) Desired survivor size 4456448 bytes, new threshold 6 (max threshold 6)
[2019-12-09T01:42:25.135+0000][1][gc,age       ] GC(4) Age table with threshold 6 (max threshold 6)
[2019-12-09T01:42:25.135+0000][1][gc,age       ] GC(4) - age   1:    2149264 bytes,    2149264 total
[2019-12-09T01:42:25.135+0000][1][gc,age       ] GC(4) - age   2:    1420792 bytes,    3570056 total
[2019-12-09T01:42:25.135+0000][1][gc,heap      ] GC(4) ParNew: 78215K->5617K(78656K)
[2019-12-09T01:42:25.135+0000][1][gc,heap      ] GC(4) CMS: 6825K->10199K(174784K)
[2019-12-09T01:42:25.135+0000][1][gc,metaspace ] GC(4) Metaspace: 18714K->18714K(1067008K)
[2019-12-09T01:42:25.135+0000][1][gc           ] GC(4) Pause Young (Allocation Failure) 83M->15M(247M) 179.530ms
[2019-12-09T01:42:25.135+0000][1][gc,cpu       ] GC(4) User=0.05s Sys=0.00s Real=0.18s
[2019-12-09T01:42:25.135+0000][1][safepoint    ] Leaving safepoint region
[2019-12-09T01:42:25.135+0000][1][safepoint    ] Total time for which application threads were stopped: 0.1796686 seconds, Stopping threads took: 0.0000228 seconds
[2019-12-09T01:42:25.146+0000][1][safepoint    ] Application time: 0.0102339 seconds
[2019-12-09T01:42:25.199+0000][1][safepoint    ] Entering safepoint region: RevokeBias
[2019-12-09T01:42:25.199+0000][1][safepoint    ] Leaving safepoint region
[2019-12-09T01:42:25.199+0000][1][safepoint    ] Total time for which application threads were stopped: 0.0529609 seconds, Stopping threads took: 0.0528099 seconds
[2019-12-09T01:42:25.201+0000][1][safepoint    ] Application time: 0.0020285 seconds
[2019-12-09T01:42:25.207+0000][1][safepoint    ] Entering safepoint region: RevokeBias
[2019-12-09T01:42:25.207+0000][1][safepoint    ] Leaving safepoint region
[2019-12-09T01:42:25.207+0000][1][safepoint    ] Total time for which application threads were stopped: 0.0061124 seconds, Stopping threads took: 0.0060320 seconds
[2019-12-09T01:42:25.210+0000][1][safepoint    ] Application time: 0.0028185 seconds
[2019-12-09T01:42:25.223+0000][1][safepoint    ] Entering safepoint region: RevokeBias
[2019-12-09T01:42:25.223+0000][1][safepoint    ] Leaving safepoint region
[2019-12-09T01:42:25.223+0000][1][safepoint    ] Total time for which application threads were stopped: 0.0131097 seconds, Stopping threads took: 0.0130467 seconds
[2019-12-09T01:42:25.228+0000][1][safepoint    ] Application time: 0.0048617 seconds
[2019-12-09T01:42:25.254+0000][1][safepoint    ] Entering safepoint region: RevokeBias
[2019-12-09T01:42:25.254+0000][1][safepoint    ] Leaving safepoint region
[2019-12-09T01:42:25.254+0000][1][safepoint    ] Total time for which application threads were stopped: 0.0261431 seconds, Stopping threads took: 0.0260742 seconds
[2019-12-09T01:42:25.255+0000][1][safepoint    ] Application time: 0.0008603 seconds
[2019-12-09T01:42:25.255+0000][1][safepoint    ] Entering safepoint region: RevokeBias
[2019-12-09T01:42:25.255+0000][1][safepoint    ] Leaving safepoint region
[2019-12-09T01:42:25.255+0000][1][safepoint    ] Total time for which application threads were stopped: 0.0000727 seconds, Stopping threads took: 0.0000124 seconds
[2019-12-09T01:42:25.255+0000][1][safepoint    ] Application time: 0.0000527 seconds
[2019-12-09T01:42:25.255+0000][1][safepoint    ] Entering safepoint region: RevokeBias
[2019-12-09T01:42:25.255+0000][1][safepoint    ] Leaving safepoint region
[2019-12-09T01:42:25.255+0000][1][safepoint    ] Total time for which application threads were stopped: 0.0000384 seconds, Stopping threads took: 0.0000080 seconds
[2019-12-09T01:42:25.255+0000][1][safepoint    ] Application time: 0.0000371 seconds
[2019-12-09T01:42:25.255+0000][1][safepoint    ] Entering safepoint region: RevokeBias
[2019-12-09T01:42:25.255+0000][1][safepoint    ] Leaving safepoint region
[2019-12-09T01:42:25.255+0000][1][safepoint    ] Total time for which application threads were stopped: 0.0000372 seconds, Stopping threads took: 0.0000081 seconds
[2019-12-09T01:42:25.255+0000][1][safepoint    ] Application time: 0.0000347 seconds
[2019-12-09T01:42:25.255+0000][1][safepoint    ] Entering safepoint region: RevokeBias
[2019-12-09T01:42:25.255+0000][1][safepoint    ] Leaving safepoint region
[2019-12-09T01:42:25.255+0000][1][safepoint    ] Total time for which application threads were stopped: 0.0000386 seconds, Stopping threads took: 0.0000079 seconds
[2019-12-09T01:42:25.437+0000][1][safepoint    ] Application time: 0.1815487 seconds
[2019-12-09T01:42:25.437+0000][1][safepoint    ] Entering safepoint region: RevokeBias
[2019-12-09T01:42:25.437+0000][1][safepoint    ] Leaving safepoint region
[2019-12-09T01:42:25.437+0000][1][safepoint    ] Total time for which application threads were stopped: 0.0001435 seconds, Stopping threads took: 0.0000143 seconds
[2019-12-09T01:42:26.297+0000][1][safepoint    ] Application time: 0.8598104 seconds
[2019-12-09T01:42:26.297+0000][1][safepoint    ] Entering safepoint region: GenCollectForAllocation
[2019-12-09T01:42:26.297+0000][1][gc,start     ] GC(5) Pause Young (Allocation Failure)
[2019-12-09T01:42:26.297+0000][1][gc,task      ] GC(5) Using 2 workers of 2 for evacuation
[2019-12-09T01:42:26.354+0000][1][gc,age       ] GC(5) Desired survivor size 4456448 bytes, new threshold 3 (max threshold 6)
[2019-12-09T01:42:26.354+0000][1][gc,age       ] GC(5) Age table with threshold 3 (max threshold 6)
[2019-12-09T01:42:26.354+0000][1][gc,age       ] GC(5) - age   1:    1188688 bytes,    1188688 total
[2019-12-09T01:42:26.354+0000][1][gc,age       ] GC(5) - age   2:    1865520 bytes,    3054208 total
[2019-12-09T01:42:26.354+0000][1][gc,age       ] GC(5) - age   3:    1419984 bytes,    4474192 total
[2019-12-09T01:42:26.354+0000][1][gc,heap      ] GC(5) ParNew: 75569K->8038K(78656K)
[2019-12-09T01:42:26.354+0000][1][gc,heap      ] GC(5) CMS: 10199K->10199K(174784K)
[2019-12-09T01:42:26.354+0000][1][gc,metaspace ] GC(5) Metaspace: 18933K->18933K(1067008K)
[2019-12-09T01:42:26.354+0000][1][gc           ] GC(5) Pause Young (Allocation Failure) 83M->17M(247M) 57.135ms
[2019-12-09T01:42:26.354+0000][1][gc,cpu       ] GC(5) User=0.03s Sys=0.00s Real=0.05s
[2019-12-09T01:42:26.354+0000][1][safepoint    ] Leaving safepoint region
[2019-12-09T01:42:26.354+0000][1][safepoint    ] Total time for which application threads were stopped: 0.0572737 seconds, Stopping threads took: 0.0000128 seconds
[2019-12-09T01:42:26.381+0000][1][safepoint    ] Application time: 0.0268156 seconds
[2019-12-09T01:42:26.381+0000][1][safepoint    ] Entering safepoint region: RevokeBias
[2019-12-09T01:42:26.381+0000][1][safepoint    ] Leaving safepoint region
[2019-12-09T01:42:26.381+0000][1][safepoint    ] Total time for which application threads were stopped: 0.0001590 seconds, Stopping threads took: 0.0000477 seconds
[2019-12-09T01:42:26.381+0000][1][safepoint    ] Application time: 0.0000684 seconds
[2019-12-09T01:42:26.381+0000][1][safepoint    ] Entering safepoint region: RevokeBias
[2019-12-09T01:42:26.381+0000][1][safepoint    ] Leaving safepoint region
[2019-12-09T01:42:26.381+0000][1][safepoint    ] Total time for which application threads were stopped: 0.0000754 seconds, Stopping threads took: 0.0000087 seconds
[2019-12-09T01:42:26.381+0000][1][safepoint    ] Application time: 0.0000623 seconds
[2019-12-09T01:42:26.381+0000][1][safepoint    ] Entering safepoint region: RevokeBias
[2019-12-09T01:42:26.381+0000][1][safepoint    ] Leaving safepoint region
[2019-12-09T01:42:26.381+0000][1][safepoint    ] Total time for which application threads were stopped: 0.0000704 seconds, Stopping threads took: 0.0000082 seconds
[2019-12-09T01:42:26.381+0000][1][safepoint    ] Application time: 0.0000512 seconds
[2019-12-09T01:42:26.381+0000][1][safepoint    ] Entering safepoint region: RevokeBias
[2019-12-09T01:42:26.381+0000][1][safepoint    ] Leaving safepoint region
[2019-12-09T01:42:26.381+0000][1][safepoint    ] Total time for which application threads were stopped: 0.0000708 seconds, Stopping threads took: 0.0000079 seconds
[2019-12-09T01:42:26.382+0000][1][safepoint    ] Application time: 0.0000479 seconds
[2019-12-09T01:42:26.382+0000][1][safepoint    ] Entering safepoint region: RevokeBias
[2019-12-09T01:42:26.382+0000][1][safepoint    ] Leaving safepoint region
[2019-12-09T01:42:26.382+0000][1][safepoint    ] Total time for which application threads were stopped: 0.0000624 seconds, Stopping threads took: 0.0000074 seconds
[2019-12-09T01:42:26.382+0000][1][safepoint    ] Application time: 0.0000443 seconds
[2019-12-09T01:42:26.382+0000][1][safepoint    ] Entering safepoint region: BulkRevokeBias
[2019-12-09T01:42:26.382+0000][1][safepoint    ] Leaving safepoint region
[2019-12-09T01:42:26.382+0000][1][safepoint    ] Total time for which application threads were stopped: 0.0000966 seconds, Stopping threads took: 0.0000072 seconds
[2019-12-09T01:42:26.610+0000][1][safepoint    ] Application time: 0.2282213 seconds
[2019-12-09T01:42:26.610+0000][1][safepoint    ] Entering safepoint region: BulkRevokeBias
[2019-12-09T01:42:26.610+0000][1][safepoint    ] Leaving safepoint region
[2019-12-09T01:42:26.610+0000][1][safepoint    ] Total time for which application threads were stopped: 0.0001450 seconds, Stopping threads took: 0.0000140 seconds
[2019-12-09T01:42:27.958+0000][1][safepoint    ] Application time: 1.3475015 seconds
[2019-12-09T01:42:27.958+0000][1][safepoint    ] Entering safepoint region: GenCollectForAllocation
[2019-12-09T01:42:27.958+0000][1][gc,start     ] GC(6) Pause Young (Allocation Failure)
[2019-12-09T01:42:27.958+0000][1][gc,task      ] GC(6) Using 2 workers of 2 for evacuation
[2019-12-09T01:42:28.103+0000][1][gc,age       ] GC(6) Desired survivor size 4456448 bytes, new threshold 6 (max threshold 6)
[2019-12-09T01:42:28.103+0000][1][gc,age       ] GC(6) Age table with threshold 6 (max threshold 6)
[2019-12-09T01:42:28.103+0000][1][gc,age       ] GC(6) - age   1:    1424248 bytes,    1424248 total
[2019-12-09T01:42:28.103+0000][1][gc,age       ] GC(6) - age   2:     861688 bytes,    2285936 total
[2019-12-09T01:42:28.103+0000][1][gc,age       ] GC(6) - age   3:    1865496 bytes,    4151432 total
[2019-12-09T01:42:28.103+0000][1][gc,heap      ] GC(6) ParNew: 77990K->6608K(78656K)
[2019-12-09T01:42:28.103+0000][1][gc,heap      ] GC(6) CMS: 10199K->11601K(174784K)
[2019-12-09T01:42:28.103+0000][1][gc,metaspace ] GC(6) Metaspace: 19462K->19462K(1067008K)
[2019-12-09T01:42:28.103+0000][1][gc           ] GC(6) Pause Young (Allocation Failure) 86M->17M(247M) 145.126ms
[2019-12-09T01:42:28.103+0000][1][gc,cpu       ] GC(6) User=0.01s Sys=0.00s Real=0.14s
[2019-12-09T01:42:28.103+0000][1][safepoint    ] Leaving safepoint region
[2019-12-09T01:42:28.103+0000][1][safepoint    ] Total time for which application threads were stopped: 0.1452733 seconds, Stopping threads took: 0.0000152 seconds
[2019-12-09T01:42:29.118+0000][1][safepoint    ] Application time: 1.0146740 seconds
[2019-12-09T01:42:29.214+0000][1][safepoint    ] Entering safepoint region: Cleanup
[2019-12-09T01:42:29.214+0000][1][safepoint    ] Leaving safepoint region
[2019-12-09T01:42:29.214+0000][1][safepoint    ] Total time for which application threads were stopped: 0.0960610 seconds, Stopping threads took: 0.0959945 seconds
[2019-12-09T01:42:29.284+0000][1][safepoint    ] Application time: 0.0700791 seconds
[2019-12-09T01:42:29.284+0000][1][safepoint    ] Entering safepoint region: CollectForMetadataAllocation
[2019-12-09T01:42:29.284+0000][1][safepoint    ] Leaving safepoint region
[2019-12-09T01:42:29.284+0000][1][safepoint    ] Total time for which application threads were stopped: 0.0002170 seconds, Stopping threads took: 0.0000116 seconds
[2019-12-09T01:42:29.975+0000][1][safepoint    ] Application time: 0.6906099 seconds
[2019-12-09T01:42:29.975+0000][1][safepoint    ] Entering safepoint region: GenCollectForAllocation
[2019-12-09T01:42:29.975+0000][1][gc,start     ] GC(7) Pause Young (Allocation Failure)
[2019-12-09T01:42:29.975+0000][1][gc,task      ] GC(7) Using 2 workers of 2 for evacuation
[2019-12-09T01:42:30.116+0000][1][gc,age       ] GC(7) Desired survivor size 4456448 bytes, new threshold 4 (max threshold 6)
[2019-12-09T01:42:30.116+0000][1][gc,age       ] GC(7) Age table with threshold 4 (max threshold 6)
[2019-12-09T01:42:30.116+0000][1][gc,age       ] GC(7) - age   1:    1474664 bytes,    1474664 total
[2019-12-09T01:42:30.116+0000][1][gc,age       ] GC(7) - age   2:    1389136 bytes,    2863800 total
[2019-12-09T01:42:30.116+0000][1][gc,age       ] GC(7) - age   3:     861688 bytes,    3725488 total
[2019-12-09T01:42:30.116+0000][1][gc,age       ] GC(7) - age   4:    1863304 bytes,    5588792 total
[2019-12-09T01:42:30.116+0000][1][gc,heap      ] GC(7) ParNew: 76560K->7402K(78656K)
[2019-12-09T01:42:30.116+0000][1][gc,heap      ] GC(7) CMS: 11601K->11601K(174784K)
[2019-12-09T01:42:30.116+0000][1][gc,metaspace ] GC(7) Metaspace: 20273K->20273K(1069056K)
[2019-12-09T01:42:30.116+0000][1][gc           ] GC(7) Pause Young (Allocation Failure) 86M->18M(247M) 141.154ms
[2019-12-09T01:42:30.116+0000][1][gc,cpu       ] GC(7) User=0.03s Sys=0.00s Real=0.14s
[2019-12-09T01:42:30.116+0000][1][safepoint    ] Leaving safepoint region
[2019-12-09T01:42:30.116+0000][1][safepoint    ] Total time for which application threads were stopped: 0.1412950 seconds, Stopping threads took: 0.0000155 seconds
[2019-12-09T01:42:30.127+0000][1][safepoint    ] Application time: 0.0106749 seconds
[2019-12-09T01:42:30.127+0000][1][safepoint    ] Entering safepoint region: CMS_Initial_Mark
[2019-12-09T01:42:30.127+0000][1][gc,start     ] GC(8) Pause Initial Mark
[2019-12-09T01:42:30.130+0000][1][gc           ] GC(8) Pause Initial Mark 19M->19M(247M) 3.042ms
[2019-12-09T01:42:30.130+0000][1][gc,cpu       ] GC(8) User=0.00s Sys=0.00s Real=0.00s
[2019-12-09T01:42:30.130+0000][1][safepoint    ] Leaving safepoint region
[2019-12-09T01:42:30.130+0000][1][safepoint    ] Total time for which application threads were stopped: 0.0031787 seconds, Stopping threads took: 0.0000454 seconds
[2019-12-09T01:42:30.130+0000][1][gc           ] GC(8) Concurrent Mark
[2019-12-09T01:42:30.194+0000][1][gc           ] GC(8) Concurrent Mark 64.181ms
[2019-12-09T01:42:30.194+0000][1][gc,cpu       ] GC(8) User=0.03s Sys=0.00s Real=0.06s
[2019-12-09T01:42:30.194+0000][1][gc           ] GC(8) Concurrent Preclean
[2019-12-09T01:42:30.227+0000][1][gc           ] GC(8) Concurrent Preclean 32.492ms
[2019-12-09T01:42:30.227+0000][1][gc,cpu       ] GC(8) User=0.01s Sys=0.00s Real=0.04s
[2019-12-09T01:42:30.227+0000][1][gc           ] GC(8) Concurrent Abortable Preclean
[2019-12-09T01:42:31.509+0000][1][safepoint    ] Application time: 1.3787537 seconds
[2019-12-09T01:42:31.509+0000][1][safepoint    ] Entering safepoint region: GenCollectForAllocation
[2019-12-09T01:42:31.509+0000][1][gc,start     ] GC(9) Pause Young (Allocation Failure)
[2019-12-09T01:42:31.509+0000][1][gc,task      ] GC(9) Using 2 workers of 2 for evacuation
[2019-12-09T01:42:31.640+0000][1][gc,age       ] GC(9) Desired survivor size 4456448 bytes, new threshold 6 (max threshold 6)
[2019-12-09T01:42:31.640+0000][1][gc,age       ] GC(9) Age table with threshold 6 (max threshold 6)
[2019-12-09T01:42:31.640+0000][1][gc,age       ] GC(9) - age   1:     300920 bytes,     300920 total
[2019-12-09T01:42:31.640+0000][1][gc,age       ] GC(9) - age   2:     656640 bytes,     957560 total
[2019-12-09T01:42:31.640+0000][1][gc,age       ] GC(9) - age   3:    1389032 bytes,    2346592 total
[2019-12-09T01:42:31.640+0000][1][gc,age       ] GC(9) - age   4:     861688 bytes,    3208280 total
[2019-12-09T01:42:31.640+0000][1][gc,heap      ] GC(9) ParNew: 77354K->7528K(78656K)
[2019-12-09T01:42:31.640+0000][1][gc,heap      ] GC(9) CMS: 11601K->13434K(174784K)
[2019-12-09T01:42:31.640+0000][1][gc,metaspace ] GC(9) Metaspace: 20394K->20394K(1069056K)
[2019-12-09T01:42:31.640+0000][1][gc           ] GC(9) Pause Young (Allocation Failure) 86M->20M(247M) 130.951ms
[2019-12-09T01:42:31.640+0000][1][gc,cpu       ] GC(9) User=0.03s Sys=0.00s Real=0.13s
[2019-12-09T01:42:31.640+0000][1][safepoint    ] Leaving safepoint region
[2019-12-09T01:42:31.640+0000][1][safepoint    ] Total time for which application threads were stopped: 0.1310850 seconds, Stopping threads took: 0.0000147 seconds
[2019-12-09T01:42:32.210+0000][1][safepoint    ] Application time: 0.5704936 seconds
[2019-12-09T01:42:32.210+0000][1][safepoint    ] Entering safepoint region: CollectForMetadataAllocation
[2019-12-09T01:42:32.211+0000][1][safepoint    ] Leaving safepoint region
[2019-12-09T01:42:32.211+0000][1][safepoint    ] Total time for which application threads were stopped: 0.0002333 seconds, Stopping threads took: 0.0000133 seconds
[2019-12-09T01:42:32.434+0000][1][gc           ] GC(8) Concurrent Abortable Preclean 2206.898ms
[2019-12-09T01:42:32.434+0000][1][gc,cpu       ] GC(8) User=0.58s Sys=0.01s Real=2.20s
[2019-12-09T01:42:32.434+0000][1][safepoint    ] Application time: 0.2231482 seconds
[2019-12-09T01:42:32.508+0000][1][safepoint    ] Entering safepoint region: CMS_Final_Remark
[2019-12-09T01:42:32.508+0000][1][gc,start     ] GC(8) Pause Remark
[2019-12-09T01:42:32.575+0000][1][gc           ] GC(8) Pause Remark 60M->60M(247M) 67.161ms
[2019-12-09T01:42:32.575+0000][1][gc,cpu       ] GC(8) User=0.03s Sys=0.00s Real=0.07s
[2019-12-09T01:42:32.575+0000][1][safepoint    ] Leaving safepoint region
[2019-12-09T01:42:32.575+0000][1][safepoint    ] Total time for which application threads were stopped: 0.1414420 seconds, Stopping threads took: 0.0741568 seconds
[2019-12-09T01:42:32.575+0000][1][gc           ] GC(8) Concurrent Sweep
[2019-12-09T01:42:32.691+0000][1][gc           ] GC(8) Concurrent Sweep 115.864ms
[2019-12-09T01:42:32.691+0000][1][gc,cpu       ] GC(8) User=0.02s Sys=0.00s Real=0.11s
[2019-12-09T01:42:32.691+0000][1][gc           ] GC(8) Concurrent Reset
[2019-12-09T01:42:32.692+0000][1][gc           ] GC(8) Concurrent Reset 0.346ms
[2019-12-09T01:42:32.692+0000][1][gc,cpu       ] GC(8) User=0.00s Sys=0.00s Real=0.00s
[2019-12-09T01:42:32.692+0000][1][gc,heap      ] GC(8) Old: 11601K->13405K(174784K)
[2019-12-09T01:42:33.111+0000][1][safepoint    ] Application time: 0.5359205 seconds
[2019-12-09T01:42:33.111+0000][1][safepoint    ] Entering safepoint region: GenCollectForAllocation
[2019-12-09T01:42:33.112+0000][1][gc,start     ] GC(10) Pause Young (Allocation Failure)
[2019-12-09T01:42:33.112+0000][1][gc,task      ] GC(10) Using 2 workers of 2 for evacuation
[2019-12-09T01:42:33.147+0000][1][gc,age       ] GC(10) Desired survivor size 4456448 bytes, new threshold 5 (max threshold 6)
[2019-12-09T01:42:33.147+0000][1][gc,age       ] GC(10) Age table with threshold 5 (max threshold 6)
[2019-12-09T01:42:33.147+0000][1][gc,age       ] GC(10) - age   1:    1979288 bytes,    1979288 total
[2019-12-09T01:42:33.147+0000][1][gc,age       ] GC(10) - age   2:     131368 bytes,    2110656 total
[2019-12-09T01:42:33.147+0000][1][gc,age       ] GC(10) - age   3:     656592 bytes,    2767248 total
[2019-12-09T01:42:33.147+0000][1][gc,age       ] GC(10) - age   4:    1389032 bytes,    4156280 total
[2019-12-09T01:42:33.147+0000][1][gc,age       ] GC(10) - age   5:     861344 bytes,    5017624 total
[2019-12-09T01:42:33.147+0000][1][gc,heap      ] GC(10) ParNew: 77480K->5414K(78656K)
[2019-12-09T01:42:33.147+0000][1][gc,heap      ] GC(10) CMS: 13405K->13405K(174784K)
[2019-12-09T01:42:33.147+0000][1][gc,metaspace ] GC(10) Metaspace: 20480K->20480K(1069056K)
[2019-12-09T01:42:33.147+0000][1][gc           ] GC(10) Pause Young (Allocation Failure) 88M->18M(247M) 35.264ms
[2019-12-09T01:42:33.147+0000][1][gc,cpu       ] GC(10) User=0.02s Sys=0.00s Real=0.04s
[2019-12-09T01:42:33.147+0000][1][safepoint    ] Leaving safepoint region
[2019-12-09T01:42:33.147+0000][1][safepoint    ] Total time for which application threads were stopped: 0.0358002 seconds, Stopping threads took: 0.0000147 seconds
[2019-12-09T01:42:33.820+0000][1][safepoint    ] Application time: 0.6726948 seconds
[2019-12-09T01:42:33.820+0000][1][safepoint    ] Entering safepoint region: Deoptimize
[2019-12-09T01:42:33.820+0000][1][safepoint    ] Leaving safepoint region
[2019-12-09T01:42:33.820+0000][1][safepoint    ] Total time for which application threads were stopped: 0.0004159 seconds, Stopping threads took: 0.0000133 seconds
[2019-12-09T01:42:34.836+0000][1][safepoint    ] Application time: 1.0155179 seconds
[2019-12-09T01:42:34.880+0000][1][safepoint    ] Entering safepoint region: Cleanup
[2019-12-09T01:42:34.880+0000][1][safepoint    ] Leaving safepoint region
[2019-12-09T01:42:34.880+0000][1][safepoint    ] Total time for which application threads were stopped: 0.0441174 seconds, Stopping threads took: 0.0440662 seconds
[2019-12-09T01:42:35.882+0000][1][safepoint    ] Application time: 1.0018655 seconds
[2019-12-09T01:42:35.933+0000][1][safepoint    ] Entering safepoint region: Cleanup
[2019-12-09T01:42:35.933+0000][1][safepoint    ] Leaving safepoint region
[2019-12-09T01:42:35.933+0000][1][safepoint    ] Total time for which application threads were stopped: 0.0513288 seconds, Stopping threads took: 0.0511099 seconds
[2019-12-09T01:42:36.236+0000][1][safepoint    ] Application time: 0.3033039 seconds
[2019-12-09T01:42:36.236+0000][1][safepoint    ] Entering safepoint region: Deoptimize
[2019-12-09T01:42:36.237+0000][1][safepoint    ] Leaving safepoint region
[2019-12-09T01:42:36.237+0000][1][safepoint    ] Total time for which application threads were stopped: 0.0004851 seconds, Stopping threads took: 0.0000140 seconds
[2019-12-09T01:42:36.507+0000][1][safepoint    ] Application time: 0.2702393 seconds
[2019-12-09T01:42:36.507+0000][1][safepoint    ] Entering safepoint region: RevokeBias
[2019-12-09T01:42:36.507+0000][1][safepoint    ] Leaving safepoint region
[2019-12-09T01:42:36.507+0000][1][safepoint    ] Total time for which application threads were stopped: 0.0000656 seconds, Stopping threads took: 0.0000143 seconds
[2019-12-09T01:42:36.702+0000][1][safepoint    ] Application time: 0.1950917 seconds
[2019-12-09T01:42:36.702+0000][1][safepoint    ] Entering safepoint region: Deoptimize
[2019-12-09T01:42:36.703+0000][1][safepoint    ] Leaving safepoint region
[2019-12-09T01:42:36.703+0000][1][safepoint    ] Total time for which application threads were stopped: 0.0004285 seconds, Stopping threads took: 0.0000124 seconds
[2019-12-09T01:42:36.790+0000][1][safepoint    ] Application time: 0.0873519 seconds
[2019-12-09T01:42:36.790+0000][1][safepoint    ] Entering safepoint region: Deoptimize
[2019-12-09T01:42:36.791+0000][1][safepoint    ] Leaving safepoint region
[2019-12-09T01:42:36.791+0000][1][safepoint    ] Total time for which application threads were stopped: 0.0004709 seconds, Stopping threads took: 0.0000136 seconds
[2019-12-09T01:42:36.828+0000][1][safepoint    ] Application time: 0.0374245 seconds
[2019-12-09T01:42:36.828+0000][1][safepoint    ] Entering safepoint region: Deoptimize
[2019-12-09T01:42:36.829+0000][1][safepoint    ] Leaving safepoint region
[2019-12-09T01:42:36.829+0000][1][safepoint    ] Total time for which application threads were stopped: 0.0004561 seconds, Stopping threads took: 0.0000134 seconds
[2019-12-09T01:42:37.846+0000][1][safepoint    ] Application time: 1.0170909 seconds
[2019-12-09T01:42:37.883+0000][1][safepoint    ] Entering safepoint region: Cleanup
[2019-12-09T01:42:37.883+0000][1][safepoint    ] Leaving safepoint region
[2019-12-09T01:42:37.883+0000][1][safepoint    ] Total time for which application threads were stopped: 0.0370299 seconds, Stopping threads took: 0.0369791 seconds
[2019-12-09T01:42:38.836+0000][1][safepoint    ] Application time: 0.9528845 seconds
[2019-12-09T01:42:38.836+0000][1][safepoint    ] Entering safepoint region: GenCollectForAllocation
[2019-12-09T01:42:38.836+0000][1][gc,start     ] GC(11) Pause Young (Allocation Failure)
[2019-12-09T01:42:38.836+0000][1][gc,task      ] GC(11) Using 2 workers of 2 for evacuation
[2019-12-09T01:42:38.980+0000][1][gc,age       ] GC(11) Desired survivor size 4456448 bytes, new threshold 1 (max threshold 6)
[2019-12-09T01:42:38.980+0000][1][gc,age       ] GC(11) Age table with threshold 1 (max threshold 6)
[2019-12-09T01:42:38.980+0000][1][gc,age       ] GC(11) - age   1:    5698136 bytes,    5698136 total
[2019-12-09T01:42:38.980+0000][1][gc,age       ] GC(11) - age   2:     354360 bytes,    6052496 total
[2019-12-09T01:42:38.980+0000][1][gc,age       ] GC(11) - age   3:     131104 bytes,    6183600 total
[2019-12-09T01:42:38.980+0000][1][gc,age       ] GC(11) - age   4:     653488 bytes,    6837088 total
[2019-12-09T01:42:38.980+0000][1][gc,age       ] GC(11) - age   5:    1386712 bytes,    8223800 total
[2019-12-09T01:42:38.980+0000][1][gc,heap      ] GC(11) ParNew: 75366K->8704K(78656K)
[2019-12-09T01:42:38.980+0000][1][gc,heap      ] GC(11) CMS: 13405K->14253K(174784K)
[2019-12-09T01:42:38.980+0000][1][gc,metaspace ] GC(11) Metaspace: 26862K->26862K(1075200K)
[2019-12-09T01:42:38.980+0000][1][gc           ] GC(11) Pause Young (Allocation Failure) 86M->22M(247M) 143.649ms
[2019-12-09T01:42:38.980+0000][1][gc,cpu       ] GC(11) User=0.04s Sys=0.00s Real=0.14s
[2019-12-09T01:42:38.980+0000][1][safepoint    ] Leaving safepoint region
[2019-12-09T01:42:38.980+0000][1][safepoint    ] Total time for which application threads were stopped: 0.1440033 seconds, Stopping threads took: 0.0000265 seconds
[2019-12-09T01:42:39.984+0000][1][safepoint    ] Application time: 1.0039358 seconds
[2019-12-09T01:42:39.989+0000][1][safepoint    ] Entering safepoint region: Cleanup
[2019-12-09T01:42:39.989+0000][1][safepoint    ] Leaving safepoint region
[2019-12-09T01:42:39.989+0000][1][safepoint    ] Total time for which application threads were stopped: 0.0050854 seconds, Stopping threads took: 0.0050252 seconds
[2019-12-09T01:42:40.994+0000][1][safepoint    ] Application time: 1.0053178 seconds
[2019-12-09T01:42:41.022+0000][1][safepoint    ] Entering safepoint region: Cleanup
[2019-12-09T01:42:41.022+0000][1][safepoint    ] Leaving safepoint region
[2019-12-09T01:42:41.022+0000][1][safepoint    ] Total time for which application threads were stopped: 0.0276972 seconds, Stopping threads took: 0.0276567 seconds
[2019-12-09T01:42:42.033+0000][1][safepoint    ] Application time: 1.0107970 seconds
[2019-12-09T01:42:42.059+0000][1][safepoint    ] Entering safepoint region: Cleanup
[2019-12-09T01:42:42.059+0000][1][safepoint    ] Leaving safepoint region
[2019-12-09T01:42:42.059+0000][1][safepoint    ] Total time for which application threads were stopped: 0.0262807 seconds, Stopping threads took: 0.0262288 seconds
[2019-12-09T01:42:43.069+0000][1][safepoint    ] Application time: 1.0096675 seconds
[2019-12-09T01:42:43.069+0000][1][safepoint    ] Entering safepoint region: Cleanup
[2019-12-09T01:42:43.069+0000][1][safepoint    ] Leaving safepoint region
[2019-12-09T01:42:43.069+0000][1][safepoint    ] Total time for which application threads were stopped: 0.0001186 seconds, Stopping threads took: 0.0000662 seconds
[2019-12-09T01:42:44.070+0000][1][safepoint    ] Application time: 1.0008304 seconds
[2019-12-09T01:42:44.075+0000][1][safepoint    ] Entering safepoint region: Cleanup
[2019-12-09T01:42:44.075+0000][1][safepoint    ] Leaving safepoint region
[2019-12-09T01:42:44.075+0000][1][safepoint    ] Total time for which application threads were stopped: 0.0050331 seconds, Stopping threads took: 0.0049812 seconds
[2019-12-09T01:42:44.807+0000][1][safepoint    ] Application time: 0.7319187 seconds
[2019-12-09T01:42:44.807+0000][1][safepoint    ] Entering safepoint region: GenCollectForAllocation
[2019-12-09T01:42:44.807+0000][1][gc,start     ] GC(12) Pause Young (Allocation Failure)
[2019-12-09T01:42:44.807+0000][1][gc,task      ] GC(12) Using 2 workers of 2 for evacuation
[2019-12-09T01:42:45.360+0000][1][gc,age       ] GC(12) Desired survivor size 4456448 bytes, new threshold 1 (max threshold 6)
[2019-12-09T01:42:45.360+0000][1][gc,age       ] GC(12) Age table with threshold 1 (max threshold 6)
[2019-12-09T01:42:45.360+0000][1][gc,age       ] GC(12) - age   1:    8912840 bytes,    8912840 total
[2019-12-09T01:42:45.360+0000][1][gc,heap      ] GC(12) ParNew: 78656K->8704K(78656K)
[2019-12-09T01:42:45.360+0000][1][gc,heap      ] GC(12) CMS: 14253K->26611K(174784K)
[2019-12-09T01:42:45.360+0000][1][gc,metaspace ] GC(12) Metaspace: 27121K->27121K(1075200K)
[2019-12-09T01:42:45.360+0000][1][gc           ] GC(12) Pause Young (Allocation Failure) 90M->34M(247M) 553.053ms
[2019-12-09T01:42:45.360+0000][1][gc,cpu       ] GC(12) User=0.14s Sys=0.01s Real=0.55s
[2019-12-09T01:42:45.360+0000][1][safepoint    ] Leaving safepoint region
[2019-12-09T01:42:45.360+0000][1][safepoint    ] Total time for which application threads were stopped: 0.5532235 seconds, Stopping threads took: 0.0000140 seconds
[2019-12-09T01:42:47.366+0000][1][safepoint    ] Application time: 2.0057208 seconds
[2019-12-09T01:42:47.370+0000][1][safepoint    ] Entering safepoint region: Cleanup
[2019-12-09T01:42:47.370+0000][1][safepoint    ] Leaving safepoint region
[2019-12-09T01:42:47.370+0000][1][safepoint    ] Total time for which application threads were stopped: 0.0040202 seconds, Stopping threads took: 0.0039762 seconds
[2019-12-09T01:42:48.371+0000][1][safepoint    ] Application time: 1.0009409 seconds
[2019-12-09T01:42:48.422+0000][1][safepoint    ] Entering safepoint region: Cleanup
[2019-12-09T01:42:48.422+0000][1][safepoint    ] Leaving safepoint region
[2019-12-09T01:42:48.422+0000][1][safepoint    ] Total time for which application threads were stopped: 0.0511210 seconds, Stopping threads took: 0.0510718 seconds
[2019-12-09T01:42:49.640+0000][1][safepoint    ] Application time: 1.2178261 seconds
[2019-12-09T01:42:49.640+0000][1][safepoint    ] Entering safepoint region: GenCollectForAllocation
[2019-12-09T01:42:49.640+0000][1][gc,start     ] GC(13) Pause Young (Allocation Failure)
[2019-12-09T01:42:49.640+0000][1][gc,task      ] GC(13) Using 2 workers of 2 for evacuation
[2019-12-09T01:42:50.146+0000][1][gc,age       ] GC(13) Desired survivor size 4456448 bytes, new threshold 1 (max threshold 6)
[2019-12-09T01:42:50.146+0000][1][gc,age       ] GC(13) Age table with threshold 1 (max threshold 6)
[2019-12-09T01:42:50.146+0000][1][gc,age       ] GC(13) - age   1:    8912808 bytes,    8912808 total
[2019-12-09T01:42:50.146+0000][1][gc,heap      ] GC(13) ParNew: 78656K->8704K(78656K)
[2019-12-09T01:42:50.146+0000][1][gc,heap      ] GC(13) CMS: 26611K->39472K(174784K)
[2019-12-09T01:42:50.146+0000][1][gc,metaspace ] GC(13) Metaspace: 27144K->27144K(1075200K)
[2019-12-09T01:42:50.146+0000][1][gc           ] GC(13) Pause Young (Allocation Failure) 102M->47M(247M) 506.007ms
[2019-12-09T01:42:50.146+0000][1][gc,cpu       ] GC(13) User=0.11s Sys=0.00s Real=0.51s
[2019-12-09T01:42:50.146+0000][1][safepoint    ] Leaving safepoint region
[2019-12-09T01:42:50.146+0000][1][safepoint    ] Total time for which application threads were stopped: 0.5061310 seconds, Stopping threads took: 0.0000130 seconds
[2019-12-09T01:42:51.154+0000][1][safepoint    ] Application time: 1.0078135 seconds
[2019-12-09T01:42:51.161+0000][1][safepoint    ] Entering safepoint region: Cleanup
[2019-12-09T01:42:51.161+0000][1][safepoint    ] Leaving safepoint region
[2019-12-09T01:42:51.161+0000][1][safepoint    ] Total time for which application threads were stopped: 0.0070927 seconds, Stopping threads took: 0.0070494 seconds
[2019-12-09T01:42:51.545+0000][1][safepoint    ] Application time: 0.3838874 seconds
[2019-12-09T01:42:51.545+0000][1][safepoint    ] Entering safepoint region: RevokeBias
[2019-12-09T01:42:51.545+0000][1][safepoint    ] Leaving safepoint region
[2019-12-09T01:42:51.545+0000][1][safepoint    ] Total time for which application threads were stopped: 0.0000930 seconds, Stopping threads took: 0.0000142 seconds
[2019-12-09T01:42:52.592+0000][1][safepoint    ] Application time: 1.0468327 seconds
[2019-12-09T01:42:52.594+0000][1][safepoint    ] Entering safepoint region: Cleanup
[2019-12-09T01:42:52.594+0000][1][safepoint    ] Leaving safepoint region
[2019-12-09T01:42:52.594+0000][1][safepoint    ] Total time for which application threads were stopped: 0.0026192 seconds, Stopping threads took: 0.0025478 seconds
[2019-12-09T01:42:53.596+0000][1][safepoint    ] Application time: 1.0013279 seconds
[2019-12-09T01:42:53.601+0000][1][safepoint    ] Entering safepoint region: Cleanup
[2019-12-09T01:42:53.601+0000][1][safepoint    ] Leaving safepoint region
[2019-12-09T01:42:53.601+0000][1][safepoint    ] Total time for which application threads were stopped: 0.0050464 seconds, Stopping threads took: 0.0049738 seconds
[2019-12-09T01:42:54.647+0000][1][safepoint    ] Application time: 1.0459130 seconds
[2019-12-09T01:42:54.647+0000][1][safepoint    ] Entering safepoint region: Cleanup
[2019-12-09T01:42:54.647+0000][1][safepoint    ] Leaving safepoint region
[2019-12-09T01:42:54.647+0000][1][safepoint    ] Total time for which application threads were stopped: 0.0001705 seconds, Stopping threads took: 0.0001180 seconds
[2019-12-09T01:42:56.343+0000][1][safepoint    ] Application time: 1.6956745 seconds
[2019-12-09T01:42:56.343+0000][1][safepoint    ] Entering safepoint region: GenCollectForAllocation
[2019-12-09T01:42:56.343+0000][1][gc,start     ] GC(14) Pause Young (Allocation Failure)
[2019-12-09T01:42:56.343+0000][1][gc,task      ] GC(14) Using 2 workers of 2 for evacuation
[2019-12-09T01:42:56.572+0000][1][gc,age       ] GC(14) Desired survivor size 4456448 bytes, new threshold 1 (max threshold 6)
[2019-12-09T01:42:56.572+0000][1][gc,age       ] GC(14) Age table with threshold 1 (max threshold 6)
[2019-12-09T01:42:56.572+0000][1][gc,age       ] GC(14) - age   1:    6852616 bytes,    6852616 total
[2019-12-09T01:42:56.572+0000][1][gc,heap      ] GC(14) ParNew: 78656K->8704K(78656K)
[2019-12-09T01:42:56.572+0000][1][gc,heap      ] GC(14) CMS: 39472K->49021K(174784K)
[2019-12-09T01:42:56.572+0000][1][gc,metaspace ] GC(14) Metaspace: 32624K->32624K(1079296K)
[2019-12-09T01:42:56.572+0000][1][gc           ] GC(14) Pause Young (Allocation Failure) 115M->56M(247M) 229.347ms
[2019-12-09T01:42:56.572+0000][1][gc,cpu       ] GC(14) User=0.09s Sys=0.00s Real=0.23s
[2019-12-09T01:42:56.572+0000][1][safepoint    ] Leaving safepoint region
[2019-12-09T01:42:56.572+0000][1][safepoint    ] Total time for which application threads were stopped: 0.2295284 seconds, Stopping threads took: 0.0000152 seconds
[2019-12-09T01:42:57.594+0000][1][safepoint    ] Application time: 1.0215143 seconds
[2019-12-09T01:42:57.634+0000][1][safepoint    ] Entering safepoint region: Cleanup
[2019-12-09T01:42:57.634+0000][1][safepoint    ] Leaving safepoint region
[2019-12-09T01:42:57.634+0000][1][safepoint    ] Total time for which application threads were stopped: 0.0401267 seconds, Stopping threads took: 0.0400498 seconds
[2019-12-09T01:42:57.735+0000][1][safepoint    ] Application time: 0.1008755 seconds
[2019-12-09T01:42:57.735+0000][1][safepoint    ] Entering safepoint region: GenCollectForAllocation
[2019-12-09T01:42:57.735+0000][1][gc,start     ] GC(15) Pause Young (Allocation Failure)
[2019-12-09T01:42:57.735+0000][1][gc,task      ] GC(15) Using 2 workers of 2 for evacuation
[2019-12-09T01:42:57.903+0000][1][gc,age       ] GC(15) Desired survivor size 4456448 bytes, new threshold 6 (max threshold 6)
[2019-12-09T01:42:57.903+0000][1][gc,age       ] GC(15) Age table with threshold 6 (max threshold 6)
[2019-12-09T01:42:57.903+0000][1][gc,age       ] GC(15) - age   1:     294256 bytes,     294256 total
[2019-12-09T01:42:57.903+0000][1][gc,heap      ] GC(15) ParNew: 78656K->7168K(78656K)
[2019-12-09T01:42:57.903+0000][1][gc,heap      ] GC(15) CMS: 49021K->55749K(174784K)
[2019-12-09T01:42:57.903+0000][1][gc,metaspace ] GC(15) Metaspace: 32961K->32961K(1079296K)
[2019-12-09T01:42:57.903+0000][1][gc           ] GC(15) Pause Young (Allocation Failure) 124M->61M(247M) 168.007ms
[2019-12-09T01:42:57.903+0000][1][gc,cpu       ] GC(15) User=0.04s Sys=0.00s Real=0.16s
[2019-12-09T01:42:57.903+0000][1][safepoint    ] Leaving safepoint region
[2019-12-09T01:42:57.903+0000][1][safepoint    ] Total time for which application threads were stopped: 0.1681343 seconds, Stopping threads took: 0.0000157 seconds
[2019-12-09T01:42:58.905+0000][1][safepoint    ] Application time: 1.0018097 seconds
[2019-12-09T01:42:58.945+0000][1][safepoint    ] Entering safepoint region: Cleanup
[2019-12-09T01:42:58.945+0000][1][safepoint    ] Leaving safepoint region
[2019-12-09T01:42:58.945+0000][1][safepoint    ] Total time for which application threads were stopped: 0.0403602 seconds, Stopping threads took: 0.0402907 seconds
[2019-12-09T01:42:59.957+0000][1][safepoint    ] Application time: 1.0115411 seconds
[2019-12-09T01:42:59.957+0000][1][safepoint    ] Entering safepoint region: Cleanup
[2019-12-09T01:42:59.957+0000][1][safepoint    ] Leaving safepoint region
[2019-12-09T01:42:59.958+0000][1][safepoint    ] Total time for which application threads were stopped: 0.0007540 seconds, Stopping threads took: 0.0006966 seconds
[2019-12-09T01:43:00.046+0000][1][safepoint    ] Application time: 0.0881426 seconds
[2019-12-09T01:43:00.046+0000][1][safepoint    ] Entering safepoint region: CollectForMetadataAllocation
[2019-12-09T01:43:00.046+0000][1][safepoint    ] Leaving safepoint region
[2019-12-09T01:43:00.046+0000][1][safepoint    ] Total time for which application threads were stopped: 0.0001712 seconds, Stopping threads took: 0.0000165 seconds
[2019-12-09T01:43:00.324+0000][1][safepoint    ] Application time: 0.2785946 seconds
[2019-12-09T01:43:00.325+0000][1][safepoint    ] Entering safepoint region: CollectForMetadataAllocation
[2019-12-09T01:43:00.325+0000][1][safepoint    ] Leaving safepoint region
[2019-12-09T01:43:00.325+0000][1][safepoint    ] Total time for which application threads were stopped: 0.0002667 seconds, Stopping threads took: 0.0000150 seconds
[2019-12-09T01:43:00.561+0000][1][safepoint    ] Application time: 0.2362015 seconds
[2019-12-09T01:43:00.561+0000][1][safepoint    ] Entering safepoint region: CollectForMetadataAllocation
[2019-12-09T01:43:00.561+0000][1][safepoint    ] Leaving safepoint region
[2019-12-09T01:43:00.561+0000][1][safepoint    ] Total time for which application threads were stopped: 0.0002654 seconds, Stopping threads took: 0.0000145 seconds
[2019-12-09T01:43:00.712+0000][1][safepoint    ] Application time: 0.1509666 seconds
[2019-12-09T01:43:00.712+0000][1][safepoint    ] Entering safepoint region: CollectForMetadataAllocation
[2019-12-09T01:43:00.712+0000][1][safepoint    ] Leaving safepoint region
[2019-12-09T01:43:00.712+0000][1][safepoint    ] Total time for which application threads were stopped: 0.0001560 seconds, Stopping threads took: 0.0000130 seconds
[2019-12-09T01:43:00.868+0000][1][safepoint    ] Application time: 0.1557211 seconds
[2019-12-09T01:43:00.868+0000][1][safepoint    ] Entering safepoint region: CollectForMetadataAllocation
[2019-12-09T01:43:00.868+0000][1][safepoint    ] Leaving safepoint region
[2019-12-09T01:43:00.868+0000][1][safepoint    ] Total time for which application threads were stopped: 0.0002504 seconds, Stopping threads took: 0.0000150 seconds
[2019-12-09T01:43:01.004+0000][1][safepoint    ] Application time: 0.1358657 seconds
[2019-12-09T01:43:01.004+0000][1][safepoint    ] Entering safepoint region: CollectForMetadataAllocation
[2019-12-09T01:43:01.005+0000][1][safepoint    ] Leaving safepoint region
[2019-12-09T01:43:01.005+0000][1][safepoint    ] Total time for which application threads were stopped: 0.0002275 seconds, Stopping threads took: 0.0000137 seconds
[2019-12-09T01:43:01.203+0000][1][safepoint    ] Application time: 0.1987004 seconds
[2019-12-09T01:43:01.203+0000][1][safepoint    ] Entering safepoint region: CollectForMetadataAllocation
[2019-12-09T01:43:01.204+0000][1][safepoint    ] Leaving safepoint region
[2019-12-09T01:43:01.204+0000][1][safepoint    ] Total time for which application threads were stopped: 0.0002388 seconds, Stopping threads took: 0.0000153 seconds
[2019-12-09T01:43:01.335+0000][1][safepoint    ] Application time: 0.1314464 seconds
[2019-12-09T01:43:01.335+0000][1][safepoint    ] Entering safepoint region: CollectForMetadataAllocation
[2019-12-09T01:43:01.335+0000][1][safepoint    ] Leaving safepoint region
[2019-12-09T01:43:01.335+0000][1][safepoint    ] Total time for which application threads were stopped: 0.0002296 seconds, Stopping threads took: 0.0000161 seconds
[2019-12-09T01:43:01.618+0000][1][safepoint    ] Application time: 0.2823212 seconds
[2019-12-09T01:43:01.618+0000][1][safepoint    ] Entering safepoint region: CollectForMetadataAllocation
[2019-12-09T01:43:01.618+0000][1][safepoint    ] Leaving safepoint region
[2019-12-09T01:43:01.618+0000][1][safepoint    ] Total time for which application threads were stopped: 0.0002743 seconds, Stopping threads took: 0.0000238 seconds
[2019-12-09T01:43:01.909+0000][1][safepoint    ] Application time: 0.2907428 seconds
[2019-12-09T01:43:01.919+0000][1][safepoint    ] Entering safepoint region: CMS_Initial_Mark
[2019-12-09T01:43:01.919+0000][1][gc,start     ] GC(16) Pause Initial Mark
[2019-12-09T01:43:02.104+0000][1][gc           ] GC(16) Pause Initial Mark 109M->109M(247M) 184.994ms
[2019-12-09T01:43:02.104+0000][1][gc,cpu       ] GC(16) User=0.03s Sys=0.00s Real=0.18s
[2019-12-09T01:43:02.104+0000][1][safepoint    ] Leaving safepoint region
[2019-12-09T01:43:02.104+0000][1][safepoint    ] Total time for which application threads were stopped: 0.1952116 seconds, Stopping threads took: 0.0101034 seconds
[2019-12-09T01:43:02.104+0000][1][gc           ] GC(16) Concurrent Mark
[2019-12-09T01:43:02.145+0000][1][safepoint    ] Application time: 0.0407387 seconds
[2019-12-09T01:43:02.145+0000][1][safepoint    ] Entering safepoint region: CollectForMetadataAllocation
[2019-12-09T01:43:02.145+0000][1][safepoint    ] Leaving safepoint region
[2019-12-09T01:43:02.145+0000][1][safepoint    ] Total time for which application threads were stopped: 0.0002454 seconds, Stopping threads took: 0.0000184 seconds
[2019-12-09T01:43:02.538+0000][1][safepoint    ] Application time: 0.3927424 seconds
[2019-12-09T01:43:02.538+0000][1][safepoint    ] Entering safepoint region: RevokeBias
[2019-12-09T01:43:02.538+0000][1][safepoint    ] Leaving safepoint region
[2019-12-09T01:43:02.538+0000][1][safepoint    ] Total time for which application threads were stopped: 0.0001508 seconds, Stopping threads took: 0.0000151 seconds
[2019-12-09T01:43:02.538+0000][1][safepoint    ] Application time: 0.0002193 seconds
[2019-12-09T01:43:02.538+0000][1][safepoint    ] Entering safepoint region: CollectForMetadataAllocation
[2019-12-09T01:43:02.538+0000][1][safepoint    ] Leaving safepoint region
[2019-12-09T01:43:02.538+0000][1][safepoint    ] Total time for which application threads were stopped: 0.0002303 seconds, Stopping threads took: 0.0000086 seconds
[2019-12-09T01:43:03.059+0000][1][safepoint    ] Application time: 0.5206736 seconds
[2019-12-09T01:43:03.091+0000][1][safepoint    ] Entering safepoint region: CollectForMetadataAllocation
[2019-12-09T01:43:03.091+0000][1][safepoint    ] Leaving safepoint region
[2019-12-09T01:43:03.091+0000][1][safepoint    ] Total time for which application threads were stopped: 0.0318593 seconds, Stopping threads took: 0.0315940 seconds
[2019-12-09T01:43:03.376+0000][1][gc           ] GC(16) Concurrent Mark 1272.403ms
[2019-12-09T01:43:03.377+0000][1][gc,cpu       ] GC(16) User=0.30s Sys=0.01s Real=1.28s
[2019-12-09T01:43:03.377+0000][1][gc           ] GC(16) Concurrent Preclean
[2019-12-09T01:43:03.387+0000][1][gc           ] GC(16) Concurrent Preclean 10.491ms
[2019-12-09T01:43:03.387+0000][1][gc,cpu       ] GC(16) User=0.00s Sys=0.00s Real=0.01s
[2019-12-09T01:43:03.387+0000][1][gc           ] GC(16) Concurrent Abortable Preclean
[2019-12-09T01:43:03.410+0000][1][safepoint    ] Application time: 0.3189914 seconds
[2019-12-09T01:43:03.410+0000][1][safepoint    ] Entering safepoint region: CollectForMetadataAllocation
[2019-12-09T01:43:03.410+0000][1][safepoint    ] Leaving safepoint region
[2019-12-09T01:43:03.410+0000][1][safepoint    ] Total time for which application threads were stopped: 0.0002288 seconds, Stopping threads took: 0.0000150 seconds
[2019-12-09T01:43:03.639+0000][1][safepoint    ] Application time: 0.2285477 seconds
[2019-12-09T01:43:03.639+0000][1][safepoint    ] Entering safepoint region: CollectForMetadataAllocation
[2019-12-09T01:43:03.639+0000][1][safepoint    ] Leaving safepoint region
[2019-12-09T01:43:03.639+0000][1][safepoint    ] Total time for which application threads were stopped: 0.0001566 seconds, Stopping threads took: 0.0000160 seconds
[2019-12-09T01:43:04.021+0000][1][safepoint    ] Application time: 0.3822155 seconds
[2019-12-09T01:43:04.021+0000][1][safepoint    ] Entering safepoint region: CollectForMetadataAllocation
[2019-12-09T01:43:04.022+0000][1][safepoint    ] Leaving safepoint region
[2019-12-09T01:43:04.022+0000][1][safepoint    ] Total time for which application threads were stopped: 0.0002627 seconds, Stopping threads took: 0.0000164 seconds
[2019-12-09T01:43:04.317+0000][1][safepoint    ] Application time: 0.2952408 seconds
[2019-12-09T01:43:04.317+0000][1][safepoint    ] Entering safepoint region: CollectForMetadataAllocation
[2019-12-09T01:43:04.317+0000][1][safepoint    ] Leaving safepoint region
[2019-12-09T01:43:04.317+0000][1][safepoint    ] Total time for which application threads were stopped: 0.0002527 seconds, Stopping threads took: 0.0000151 seconds
[2019-12-09T01:43:04.503+0000][1][safepoint    ] Application time: 0.1863342 seconds
[2019-12-09T01:43:04.503+0000][1][safepoint    ] Entering safepoint region: CollectForMetadataAllocation
[2019-12-09T01:43:04.504+0000][1][safepoint    ] Leaving safepoint region
[2019-12-09T01:43:04.504+0000][1][safepoint    ] Total time for which application threads were stopped: 0.0002515 seconds, Stopping threads took: 0.0000144 seconds
[2019-12-09T01:43:04.569+0000][1][safepoint    ] Application time: 0.0654707 seconds
[2019-12-09T01:43:04.569+0000][1][safepoint    ] Entering safepoint region: CollectForMetadataAllocation
[2019-12-09T01:43:04.569+0000][1][safepoint    ] Leaving safepoint region
[2019-12-09T01:43:04.570+0000][1][safepoint    ] Total time for which application threads were stopped: 0.0002498 seconds, Stopping threads took: 0.0000130 seconds
[2019-12-09T01:43:04.639+0000][1][safepoint    ] Application time: 0.0696762 seconds
[2019-12-09T01:43:04.639+0000][1][safepoint    ] Entering safepoint region: CollectForMetadataAllocation
[2019-12-09T01:43:04.639+0000][1][safepoint    ] Leaving safepoint region
[2019-12-09T01:43:04.639+0000][1][safepoint    ] Total time for which application threads were stopped: 0.0002155 seconds, Stopping threads took: 0.0000127 seconds
[2019-12-09T01:43:04.695+0000][1][safepoint    ] Application time: 0.0559119 seconds
[2019-12-09T01:43:04.695+0000][1][safepoint    ] Entering safepoint region: CollectForMetadataAllocation
[2019-12-09T01:43:04.696+0000][1][safepoint    ] Leaving safepoint region
[2019-12-09T01:43:04.696+0000][1][safepoint    ] Total time for which application threads were stopped: 0.0002378 seconds, Stopping threads took: 0.0000141 seconds
[2019-12-09T01:43:04.842+0000][1][safepoint    ] Application time: 0.1458789 seconds
[2019-12-09T01:43:04.842+0000][1][safepoint    ] Entering safepoint region: CollectForMetadataAllocation
[2019-12-09T01:43:04.842+0000][1][safepoint    ] Leaving safepoint region
[2019-12-09T01:43:04.842+0000][1][safepoint    ] Total time for which application threads were stopped: 0.0001904 seconds, Stopping threads took: 0.0000144 seconds
[2019-12-09T01:43:05.031+0000][1][safepoint    ] Application time: 0.1893063 seconds
[2019-12-09T01:43:05.031+0000][1][safepoint    ] Entering safepoint region: CollectForMetadataAllocation
[2019-12-09T01:43:05.031+0000][1][safepoint    ] Leaving safepoint region
[2019-12-09T01:43:05.031+0000][1][safepoint    ] Total time for which application threads were stopped: 0.0001587 seconds, Stopping threads took: 0.0000154 seconds
[2019-12-09T01:43:05.279+0000][1][safepoint    ] Application time: 0.2474467 seconds
[2019-12-09T01:43:05.279+0000][1][safepoint    ] Entering safepoint region: CollectForMetadataAllocation
[2019-12-09T01:43:05.279+0000][1][safepoint    ] Leaving safepoint region
[2019-12-09T01:43:05.279+0000][1][safepoint    ] Total time for which application threads were stopped: 0.0002259 seconds, Stopping threads took: 0.0000139 seconds
[2019-12-09T01:43:05.510+0000][1][safepoint    ] Application time: 0.2305598 seconds
[2019-12-09T01:43:05.510+0000][1][safepoint    ] Entering safepoint region: CollectForMetadataAllocation
[2019-12-09T01:43:05.510+0000][1][safepoint    ] Leaving safepoint region
[2019-12-09T01:43:05.510+0000][1][safepoint    ] Total time for which application threads were stopped: 0.0002493 seconds, Stopping threads took: 0.0000139 seconds
[2019-12-09T01:43:05.820+0000][1][safepoint    ] Application time: 0.3100996 seconds
[2019-12-09T01:43:05.820+0000][1][safepoint    ] Entering safepoint region: CollectForMetadataAllocation
[2019-12-09T01:43:05.820+0000][1][safepoint    ] Leaving safepoint region
[2019-12-09T01:43:05.820+0000][1][safepoint    ] Total time for which application threads were stopped: 0.0002210 seconds, Stopping threads took: 0.0000137 seconds
[2019-12-09T01:43:05.859+0000][1][safepoint    ] Application time: 0.0385195 seconds
[2019-12-09T01:43:05.859+0000][1][safepoint    ] Entering safepoint region: GenCollectForAllocation
[2019-12-09T01:43:05.859+0000][1][gc,start     ] GC(17) Pause Young (Allocation Failure)
[2019-12-09T01:43:05.859+0000][1][gc,task      ] GC(17) Using 2 workers of 2 for evacuation
[2019-12-09T01:43:05.900+0000][1][gc,age       ] GC(17) Desired survivor size 4456448 bytes, new threshold 6 (max threshold 6)
[2019-12-09T01:43:05.900+0000][1][gc,age       ] GC(17) Age table with threshold 6 (max threshold 6)
[2019-12-09T01:43:05.900+0000][1][gc,age       ] GC(17) - age   1:    3071520 bytes,    3071520 total
[2019-12-09T01:43:05.900+0000][1][gc,age       ] GC(17) - age   2:     252120 bytes,    3323640 total
[2019-12-09T01:43:05.900+0000][1][gc,heap      ] GC(17) ParNew: 77120K->3691K(78656K)
[2019-12-09T01:43:05.900+0000][1][gc,heap      ] GC(17) CMS: 55749K->55749K(174784K)
[2019-12-09T01:43:05.900+0000][1][gc,metaspace ] GC(17) Metaspace: 41196K->41196K(1087488K)
[2019-12-09T01:43:05.900+0000][1][gc           ] GC(17) Pause Young (Allocation Failure) 129M->58M(247M) 41.383ms
[2019-12-09T01:43:05.900+0000][1][gc,cpu       ] GC(17) User=0.02s Sys=0.00s Real=0.04s
[2019-12-09T01:43:05.900+0000][1][safepoint    ] Leaving safepoint region
[2019-12-09T01:43:05.900+0000][1][safepoint    ] Total time for which application threads were stopped: 0.0415165 seconds, Stopping threads took: 0.0000139 seconds
[2019-12-09T01:43:05.928+0000][1][safepoint    ] Application time: 0.0279765 seconds
[2019-12-09T01:43:05.928+0000][1][safepoint    ] Entering safepoint region: RevokeBias
[2019-12-09T01:43:05.928+0000][1][safepoint    ] Leaving safepoint region
[2019-12-09T01:43:05.928+0000][1][safepoint    ] Total time for which application threads were stopped: 0.0001431 seconds, Stopping threads took: 0.0000400 seconds
[2019-12-09T01:43:06.187+0000][1][safepoint    ] Application time: 0.2582880 seconds
[2019-12-09T01:43:06.187+0000][1][safepoint    ] Entering safepoint region: CollectForMetadataAllocation
[2019-12-09T01:43:06.187+0000][1][safepoint    ] Leaving safepoint region
[2019-12-09T01:43:06.187+0000][1][safepoint    ] Total time for which application threads were stopped: 0.0002383 seconds, Stopping threads took: 0.0000164 seconds
[2019-12-09T01:43:06.495+0000][1][safepoint    ] Application time: 0.3077210 seconds
[2019-12-09T01:43:06.495+0000][1][safepoint    ] Entering safepoint region: CollectForMetadataAllocation
[2019-12-09T01:43:06.495+0000][1][safepoint    ] Leaving safepoint region
[2019-12-09T01:43:06.495+0000][1][safepoint    ] Total time for which application threads were stopped: 0.0002434 seconds, Stopping threads took: 0.0000151 seconds
[2019-12-09T01:43:06.732+0000][1][safepoint    ] Application time: 0.2367434 seconds
[2019-12-09T01:43:06.741+0000][1][safepoint    ] Entering safepoint region: RevokeBias
[2019-12-09T01:43:06.741+0000][1][safepoint    ] Leaving safepoint region
[2019-12-09T01:43:06.741+0000][1][safepoint    ] Total time for which application threads were stopped: 0.0090290 seconds, Stopping threads took: 0.0089434 seconds
[2019-12-09T01:43:06.786+0000][1][safepoint    ] Application time: 0.0449121 seconds
[2019-12-09T01:43:06.875+0000][1][safepoint    ] Entering safepoint region: RevokeBias
[2019-12-09T01:43:06.875+0000][1][safepoint    ] Leaving safepoint region
[2019-12-09T01:43:06.875+0000][1][safepoint    ] Total time for which application threads were stopped: 0.0890901 seconds, Stopping threads took: 0.0889614 seconds
[2019-12-09T01:43:06.908+0000][1][safepoint    ] Application time: 0.0328777 seconds
[2019-12-09T01:43:06.908+0000][1][safepoint    ] Entering safepoint region: CollectForMetadataAllocation
[2019-12-09T01:43:06.908+0000][1][safepoint    ] Leaving safepoint region
[2019-12-09T01:43:06.908+0000][1][safepoint    ] Total time for which application threads were stopped: 0.0002141 seconds, Stopping threads took: 0.0000128 seconds
[2019-12-09T01:43:07.945+0000][1][safepoint    ] Application time: 1.0367012 seconds
[2019-12-09T01:43:08.016+0000][1][safepoint    ] Entering safepoint region: Cleanup
[2019-12-09T01:43:08.016+0000][1][safepoint    ] Leaving safepoint region
[2019-12-09T01:43:08.016+0000][1][safepoint    ] Total time for which application threads were stopped: 0.0711114 seconds, Stopping threads took: 0.0710590 seconds
[2019-12-09T01:43:08.480+0000][1][gc           ] GC(16) Concurrent Abortable Preclean 5093.213ms
[2019-12-09T01:43:08.480+0000][1][gc,cpu       ] GC(16) User=1.40s Sys=0.02s Real=5.09s
[2019-12-09T01:43:08.480+0000][1][safepoint    ] Application time: 0.4644936 seconds
[2019-12-09T01:43:08.551+0000][1][safepoint    ] Entering safepoint region: CMS_Final_Remark
[2019-12-09T01:43:08.551+0000][1][gc,start     ] GC(16) Pause Remark
[2019-12-09T01:43:08.749+0000][1][gc           ] GC(16) Pause Remark 65M->65M(247M) 198.414ms
[2019-12-09T01:43:08.749+0000][1][gc,cpu       ] GC(16) User=0.03s Sys=0.00s Real=0.20s
[2019-12-09T01:43:08.749+0000][1][safepoint    ] Leaving safepoint region
[2019-12-09T01:43:08.749+0000][1][safepoint    ] Total time for which application threads were stopped: 0.2689241 seconds, Stopping threads took: 0.0703743 seconds
[2019-12-09T01:43:08.757+0000][1][gc           ] GC(16) Concurrent Sweep
[2019-12-09T01:43:08.887+0000][1][gc           ] GC(16) Concurrent Sweep 130.229ms
[2019-12-09T01:43:08.887+0000][1][gc,cpu       ] GC(16) User=0.08s Sys=0.00s Real=0.13s
[2019-12-09T01:43:08.887+0000][1][gc           ] GC(16) Concurrent Reset
[2019-12-09T01:43:08.887+0000][1][gc           ] GC(16) Concurrent Reset 0.344ms
[2019-12-09T01:43:08.887+0000][1][gc,cpu       ] GC(16) User=0.00s Sys=0.00s Real=0.00s
[2019-12-09T01:43:08.887+0000][1][gc,heap      ] GC(16) Old: 55749K->55559K(174784K)
[2019-12-09T01:43:11.888+0000][1][safepoint    ] Application time: 3.1385256 seconds
[2019-12-09T01:43:11.941+0000][1][safepoint    ] Entering safepoint region: RevokeBias
[2019-12-09T01:43:11.942+0000][1][safepoint    ] Leaving safepoint region
[2019-12-09T01:43:11.942+0000][1][safepoint    ] Total time for which application threads were stopped: 0.0538330 seconds, Stopping threads took: 0.0529267 seconds
[2019-12-09T01:43:11.942+0000][1][safepoint    ] Application time: 0.0001859 seconds
[2019-12-09T01:43:11.942+0000][1][safepoint    ] Entering safepoint region: RevokeBias
[2019-12-09T01:43:11.942+0000][1][safepoint    ] Leaving safepoint region
[2019-12-09T01:43:11.942+0000][1][safepoint    ] Total time for which application threads were stopped: 0.0000617 seconds, Stopping threads took: 0.0000096 seconds
[2019-12-09T01:43:11.942+0000][1][safepoint    ] Application time: 0.0001204 seconds
[2019-12-09T01:43:11.942+0000][1][safepoint    ] Entering safepoint region: RevokeBias
[2019-12-09T01:43:11.942+0000][1][safepoint    ] Leaving safepoint region
[2019-12-09T01:43:11.942+0000][1][safepoint    ] Total time for which application threads were stopped: 0.0000450 seconds, Stopping threads took: 0.0000081 seconds
[2019-12-09T01:43:11.942+0000][1][safepoint    ] Application time: 0.0000953 seconds
[2019-12-09T01:43:11.942+0000][1][safepoint    ] Entering safepoint region: RevokeBias
[2019-12-09T01:43:11.942+0000][1][safepoint    ] Leaving safepoint region
[2019-12-09T01:43:11.942+0000][1][safepoint    ] Total time for which application threads were stopped: 0.0000410 seconds, Stopping threads took: 0.0000074 seconds
[2019-12-09T01:43:11.942+0000][1][safepoint    ] Application time: 0.0000872 seconds
[2019-12-09T01:43:11.942+0000][1][safepoint    ] Entering safepoint region: RevokeBias
[2019-12-09T01:43:11.942+0000][1][safepoint    ] Leaving safepoint region
[2019-12-09T01:43:11.942+0000][1][safepoint    ] Total time for which application threads were stopped: 0.0000456 seconds, Stopping threads took: 0.0000140 seconds
[2019-12-09T01:43:11.943+0000][1][safepoint    ] Application time: 0.0002674 seconds
[2019-12-09T01:43:11.943+0000][1][safepoint    ] Entering safepoint region: RevokeBias
[2019-12-09T01:43:11.943+0000][1][safepoint    ] Leaving safepoint region
[2019-12-09T01:43:11.943+0000][1][safepoint    ] Total time for which application threads were stopped: 0.0000719 seconds, Stopping threads took: 0.0000098 seconds
[2019-12-09T01:43:11.943+0000][1][safepoint    ] Application time: 0.0001564 seconds
[2019-12-09T01:43:11.943+0000][1][safepoint    ] Entering safepoint region: RevokeBias
[2019-12-09T01:43:11.943+0000][1][safepoint    ] Leaving safepoint region
[2019-12-09T01:43:11.943+0000][1][safepoint    ] Total time for which application threads were stopped: 0.0000651 seconds, Stopping threads took: 0.0000086 seconds
[2019-12-09T01:43:11.943+0000][1][safepoint    ] Application time: 0.0000642 seconds
[2019-12-09T01:43:11.943+0000][1][safepoint    ] Entering safepoint region: RevokeBias
[2019-12-09T01:43:11.943+0000][1][safepoint    ] Leaving safepoint region
[2019-12-09T01:43:11.943+0000][1][safepoint    ] Total time for which application threads were stopped: 0.0000499 seconds, Stopping threads took: 0.0000073 seconds
[2019-12-09T01:43:11.943+0000][1][safepoint    ] Application time: 0.0001278 seconds
[2019-12-09T01:43:11.943+0000][1][safepoint    ] Entering safepoint region: RevokeBias
[2019-12-09T01:43:11.943+0000][1][safepoint    ] Leaving safepoint region
[2019-12-09T01:43:11.943+0000][1][safepoint    ] Total time for which application threads were stopped: 0.0000509 seconds, Stopping threads took: 0.0000077 seconds
[2019-12-09T01:43:11.943+0000][1][safepoint    ] Application time: 0.0000681 seconds
[2019-12-09T01:43:11.943+0000][1][safepoint    ] Entering safepoint region: RevokeBias
[2019-12-09T01:43:11.944+0000][1][safepoint    ] Leaving safepoint region
[2019-12-09T01:43:11.944+0000][1][safepoint    ] Total time for which application threads were stopped: 0.0000440 seconds, Stopping threads took: 0.0000075 seconds
[2019-12-09T01:43:11.945+0000][1][safepoint    ] Application time: 0.0013554 seconds
[2019-12-09T01:43:11.945+0000][1][safepoint    ] Entering safepoint region: RevokeBias
[2019-12-09T01:43:11.945+0000][1][safepoint    ] Leaving safepoint region
[2019-12-09T01:43:11.945+0000][1][safepoint    ] Total time for which application threads were stopped: 0.0000601 seconds, Stopping threads took: 0.0000106 seconds
[2019-12-09T01:43:11.945+0000][1][safepoint    ] Application time: 0.0003462 seconds
[2019-12-09T01:43:11.945+0000][1][safepoint    ] Entering safepoint region: RevokeBias
[2019-12-09T01:43:11.945+0000][1][safepoint    ] Leaving safepoint region
[2019-12-09T01:43:11.945+0000][1][safepoint    ] Total time for which application threads were stopped: 0.0000550 seconds, Stopping threads took: 0.0000096 seconds
[2019-12-09T01:43:12.072+0000][1][safepoint    ] Application time: 0.1263984 seconds
[2019-12-09T01:43:12.135+0000][1][safepoint    ] Entering safepoint region: RevokeBias
[2019-12-09T01:43:12.135+0000][1][safepoint    ] Leaving safepoint region
[2019-12-09T01:43:12.135+0000][1][safepoint    ] Total time for which application threads were stopped: 0.0630654 seconds, Stopping threads took: 0.0629424 seconds
[2019-12-09T01:43:15.184+0000][1][safepoint    ] Application time: 3.0488185 seconds
[2019-12-09T01:43:15.222+0000][1][safepoint    ] Entering safepoint region: Cleanup
[2019-12-09T01:43:15.222+0000][1][safepoint    ] Leaving safepoint region
[2019-12-09T01:43:15.222+0000][1][safepoint    ] Total time for which application threads were stopped: 0.0378369 seconds, Stopping threads took: 0.0377838 seconds
[2019-12-09T01:43:18.245+0000][1][safepoint    ] Application time: 3.0233200 seconds
[2019-12-09T01:43:18.296+0000][1][safepoint    ] Entering safepoint region: Cleanup
[2019-12-09T01:43:18.296+0000][1][safepoint    ] Leaving safepoint region
[2019-12-09T01:43:18.296+0000][1][safepoint    ] Total time for which application threads were stopped: 0.0509075 seconds, Stopping threads took: 0.0508358 seconds
[2019-12-09T01:43:19.298+0000][1][safepoint    ] Application time: 1.0018232 seconds
[2019-12-09T01:43:19.425+0000][1][safepoint    ] Entering safepoint region: Cleanup
[2019-12-09T01:43:19.425+0000][1][safepoint    ] Leaving safepoint region
[2019-12-09T01:43:19.425+0000][1][safepoint    ] Total time for which application threads were stopped: 0.1271581 seconds, Stopping threads took: 0.1270563 seconds
[2019-12-09T01:43:20.435+0000][1][safepoint    ] Application time: 1.0098336 seconds
[2019-12-09T01:43:20.439+0000][1][safepoint    ] Entering safepoint region: Cleanup
[2019-12-09T01:43:20.439+0000][1][safepoint    ] Leaving safepoint region
[2019-12-09T01:43:20.439+0000][1][safepoint    ] Total time for which application threads were stopped: 0.0040250 seconds, Stopping threads took: 0.0039722 seconds
[2019-12-09T01:43:21.419+0000][1][safepoint    ] Application time: 0.9804143 seconds
[2019-12-09T01:43:21.419+0000][1][safepoint    ] Entering safepoint region: RevokeBias
[2019-12-09T01:43:21.419+0000][1][safepoint    ] Leaving safepoint region
[2019-12-09T01:43:21.419+0000][1][safepoint    ] Total time for which application threads were stopped: 0.0001211 seconds, Stopping threads took: 0.0000133 seconds
[2019-12-09T01:43:21.470+0000][1][safepoint    ] Application time: 0.0504268 seconds
[2019-12-09T01:43:21.470+0000][1][safepoint    ] Entering safepoint region: RevokeBias
[2019-12-09T01:43:21.470+0000][1][safepoint    ] Leaving safepoint region
[2019-12-09T01:43:21.470+0000][1][safepoint    ] Total time for which application threads were stopped: 0.0000816 seconds, Stopping threads took: 0.0000119 seconds
[2019-12-09T01:43:22.196+0000][1][safepoint    ] Application time: 0.7264185 seconds
[2019-12-09T01:43:22.196+0000][1][safepoint    ] Entering safepoint region: GenCollectForAllocation
[2019-12-09T01:43:22.196+0000][1][gc,start     ] GC(18) Pause Young (Allocation Failure)
[2019-12-09T01:43:22.197+0000][1][gc,task      ] GC(18) Using 2 workers of 2 for evacuation
[2019-12-09T01:43:22.317+0000][1][gc,age       ] GC(18) Desired survivor size 4456448 bytes, new threshold 2 (max threshold 6)
[2019-12-09T01:43:22.317+0000][1][gc,age       ] GC(18) Age table with threshold 2 (max threshold 6)
[2019-12-09T01:43:22.317+0000][1][gc,age       ] GC(18) - age   1:    3363888 bytes,    3363888 total
[2019-12-09T01:43:22.317+0000][1][gc,age       ] GC(18) - age   2:    2995536 bytes,    6359424 total
[2019-12-09T01:43:22.317+0000][1][gc,age       ] GC(18) - age   3:     252056 bytes,    6611480 total
[2019-12-09T01:43:22.317+0000][1][gc,heap      ] GC(18) ParNew: 73643K->8687K(78656K)
[2019-12-09T01:43:22.317+0000][1][gc,heap      ] GC(18) CMS: 55559K->55559K(174784K)
[2019-12-09T01:43:22.317+0000][1][gc,metaspace ] GC(18) Metaspace: 45121K->45121K(1091584K)
[2019-12-09T01:43:22.317+0000][1][gc           ] GC(18) Pause Young (Allocation Failure) 126M->62M(247M) 120.256ms
[2019-12-09T01:43:22.317+0000][1][gc,cpu       ] GC(18) User=0.04s Sys=0.00s Real=0.12s
[2019-12-09T01:43:22.317+0000][1][safepoint    ] Leaving safepoint region
[2019-12-09T01:43:22.317+0000][1][safepoint    ] Total time for which application threads were stopped: 0.1204136 seconds, Stopping threads took: 0.0000138 seconds
[2019-12-09T01:43:22.490+0000][1][safepoint    ] Application time: 0.1732509 seconds
[2019-12-09T01:43:22.490+0000][1][safepoint    ] Entering safepoint region: RevokeBias
[2019-12-09T01:43:22.490+0000][1][safepoint    ] Leaving safepoint region
[2019-12-09T01:43:22.490+0000][1][safepoint    ] Total time for which application threads were stopped: 0.0000599 seconds, Stopping threads took: 0.0000127 seconds
[2019-12-09T01:43:23.229+0000][1][safepoint    ] Application time: 0.7387316 seconds
[2019-12-09T01:43:23.229+0000][1][safepoint    ] Entering safepoint region: RevokeBias
[2019-12-09T01:43:23.229+0000][1][safepoint    ] Leaving safepoint region
[2019-12-09T01:43:23.229+0000][1][safepoint    ] Total time for which application threads were stopped: 0.0004530 seconds, Stopping threads took: 0.0000189 seconds
[2019-12-09T01:43:23.828+0000][1][safepoint    ] Application time: 0.5983055 seconds
[2019-12-09T01:43:23.828+0000][1][safepoint    ] Entering safepoint region: RevokeBias
[2019-12-09T01:43:23.828+0000][1][safepoint    ] Leaving safepoint region
[2019-12-09T01:43:23.828+0000][1][safepoint    ] Total time for which application threads were stopped: 0.0001249 seconds, Stopping threads took: 0.0000153 seconds
[2019-12-09T01:43:23.870+0000][1][safepoint    ] Application time: 0.0418242 seconds
[2019-12-09T01:43:23.939+0000][1][safepoint    ] Entering safepoint region: RevokeBias
[2019-12-09T01:43:23.939+0000][1][safepoint    ] Leaving safepoint region
[2019-12-09T01:43:23.939+0000][1][safepoint    ] Total time for which application threads were stopped: 0.0691511 seconds, Stopping threads took: 0.0690441 seconds
[2019-12-09T01:43:23.940+0000][1][safepoint    ] Application time: 0.0011119 seconds
[2019-12-09T01:43:23.940+0000][1][safepoint    ] Entering safepoint region: RevokeBias
[2019-12-09T01:43:23.940+0000][1][safepoint    ] Leaving safepoint region
[2019-12-09T01:43:23.940+0000][1][safepoint    ] Total time for which application threads were stopped: 0.0000832 seconds, Stopping threads took: 0.0000127 seconds
[2019-12-09T01:43:23.971+0000][1][safepoint    ] Application time: 0.0305733 seconds
[2019-12-09T01:43:23.971+0000][1][safepoint    ] Entering safepoint region: RevokeBias
[2019-12-09T01:43:23.971+0000][1][safepoint    ] Leaving safepoint region
[2019-12-09T01:43:23.971+0000][1][safepoint    ] Total time for which application threads were stopped: 0.0000914 seconds, Stopping threads took: 0.0000141 seconds
[2019-12-09T01:43:23.994+0000][1][safepoint    ] Application time: 0.0228739 seconds
[2019-12-09T01:43:23.994+0000][1][safepoint    ] Entering safepoint region: RevokeBias
[2019-12-09T01:43:23.994+0000][1][safepoint    ] Leaving safepoint region
[2019-12-09T01:43:23.994+0000][1][safepoint    ] Total time for which application threads were stopped: 0.0000954 seconds, Stopping threads took: 0.0000157 seconds
[2019-12-09T01:43:24.012+0000][1][safepoint    ] Application time: 0.0178666 seconds
[2019-12-09T01:43:24.012+0000][1][safepoint    ] Entering safepoint region: RevokeBias
[2019-12-09T01:43:24.012+0000][1][safepoint    ] Leaving safepoint region
[2019-12-09T01:43:24.013+0000][1][safepoint    ] Total time for which application threads were stopped: 0.0007558 seconds, Stopping threads took: 0.0006567 seconds
[2019-12-09T01:43:24.013+0000][1][safepoint    ] Application time: 0.0001143 seconds
[2019-12-09T01:43:24.013+0000][1][safepoint    ] Entering safepoint region: RevokeBias
[2019-12-09T01:43:24.013+0000][1][safepoint    ] Leaving safepoint region
[2019-12-09T01:43:24.013+0000][1][safepoint    ] Total time for which application threads were stopped: 0.0001053 seconds, Stopping threads took: 0.0000095 seconds
[2019-12-09T01:43:24.013+0000][1][safepoint    ] Application time: 0.0000580 seconds
[2019-12-09T01:43:24.013+0000][1][safepoint    ] Entering safepoint region: RevokeBias
[2019-12-09T01:43:24.013+0000][1][safepoint    ] Leaving safepoint region
[2019-12-09T01:43:24.013+0000][1][safepoint    ] Total time for which application threads were stopped: 0.0000508 seconds, Stopping threads took: 0.0000089 seconds
[2019-12-09T01:43:24.013+0000][1][safepoint    ] Application time: 0.0000562 seconds
[2019-12-09T01:43:24.013+0000][1][safepoint    ] Entering safepoint region: RevokeBias
[2019-12-09T01:43:24.013+0000][1][safepoint    ] Leaving safepoint region
[2019-12-09T01:43:24.013+0000][1][safepoint    ] Total time for which application threads were stopped: 0.0000547 seconds, Stopping threads took: 0.0000085 seconds
[2019-12-09T01:43:24.013+0000][1][safepoint    ] Application time: 0.0000541 seconds
[2019-12-09T01:43:24.013+0000][1][safepoint    ] Entering safepoint region: RevokeBias
[2019-12-09T01:43:24.013+0000][1][safepoint    ] Leaving safepoint region
[2019-12-09T01:43:24.013+0000][1][safepoint    ] Total time for which application threads were stopped: 0.0000603 seconds, Stopping threads took: 0.0000173 seconds
[2019-12-09T01:43:24.013+0000][1][safepoint    ] Application time: 0.0000533 seconds
[2019-12-09T01:43:24.013+0000][1][safepoint    ] Entering safepoint region: RevokeBias
[2019-12-09T01:43:24.013+0000][1][safepoint    ] Leaving safepoint region
[2019-12-09T01:43:24.013+0000][1][safepoint    ] Total time for which application threads were stopped: 0.0000500 seconds, Stopping threads took: 0.0000088 seconds
[2019-12-09T01:43:24.013+0000][1][safepoint    ] Application time: 0.0000524 seconds
[2019-12-09T01:43:24.013+0000][1][safepoint    ] Entering safepoint region: RevokeBias
[2019-12-09T01:43:24.013+0000][1][safepoint    ] Leaving safepoint region
[2019-12-09T01:43:24.013+0000][1][safepoint    ] Total time for which application threads were stopped: 0.0000480 seconds, Stopping threads took: 0.0000077 seconds
[2019-12-09T01:43:24.013+0000][1][safepoint    ] Application time: 0.0000535 seconds
[2019-12-09T01:43:24.013+0000][1][safepoint    ] Entering safepoint region: RevokeBias
[2019-12-09T01:43:24.013+0000][1][safepoint    ] Leaving safepoint region
[2019-12-09T01:43:24.013+0000][1][safepoint    ] Total time for which application threads were stopped: 0.0000505 seconds, Stopping threads took: 0.0000083 seconds
[2019-12-09T01:43:24.014+0000][1][safepoint    ] Application time: 0.0000534 seconds
[2019-12-09T01:43:24.014+0000][1][safepoint    ] Entering safepoint region: RevokeBias
[2019-12-09T01:43:24.014+0000][1][safepoint    ] Leaving safepoint region
[2019-12-09T01:43:24.014+0000][1][safepoint    ] Total time for which application threads were stopped: 0.0000502 seconds, Stopping threads took: 0.0000082 seconds
[2019-12-09T01:43:24.014+0000][1][safepoint    ] Application time: 0.0000694 seconds
[2019-12-09T01:43:24.014+0000][1][safepoint    ] Entering safepoint region: RevokeBias
[2019-12-09T01:43:24.014+0000][1][safepoint    ] Leaving safepoint region
[2019-12-09T01:43:24.014+0000][1][safepoint    ] Total time for which application threads were stopped: 0.0000513 seconds, Stopping threads took: 0.0000087 seconds
[2019-12-09T01:43:24.014+0000][1][safepoint    ] Application time: 0.0000507 seconds
[2019-12-09T01:43:24.014+0000][1][safepoint    ] Entering safepoint region: RevokeBias
[2019-12-09T01:43:24.014+0000][1][safepoint    ] Leaving safepoint region
[2019-12-09T01:43:24.014+0000][1][safepoint    ] Total time for which application threads were stopped: 0.0000424 seconds, Stopping threads took: 0.0000075 seconds
[2019-12-09T01:43:24.014+0000][1][safepoint    ] Application time: 0.0000495 seconds
[2019-12-09T01:43:24.014+0000][1][safepoint    ] Entering safepoint region: RevokeBias
[2019-12-09T01:43:24.014+0000][1][safepoint    ] Leaving safepoint region
[2019-12-09T01:43:24.014+0000][1][safepoint    ] Total time for which application threads were stopped: 0.0000410 seconds, Stopping threads took: 0.0000073 seconds
[2019-12-09T01:43:24.014+0000][1][safepoint    ] Application time: 0.0000488 seconds
[2019-12-09T01:43:24.014+0000][1][safepoint    ] Entering safepoint region: RevokeBias
[2019-12-09T01:43:24.014+0000][1][safepoint    ] Leaving safepoint region
[2019-12-09T01:43:24.014+0000][1][safepoint    ] Total time for which application threads were stopped: 0.0000430 seconds, Stopping threads took: 0.0000075 seconds
[2019-12-09T01:43:24.014+0000][1][safepoint    ] Application time: 0.0000487 seconds
[2019-12-09T01:43:24.014+0000][1][safepoint    ] Entering safepoint region: RevokeBias
[2019-12-09T01:43:24.014+0000][1][safepoint    ] Leaving safepoint region
[2019-12-09T01:43:24.014+0000][1][safepoint    ] Total time for which application threads were stopped: 0.0000430 seconds, Stopping threads took: 0.0000073 seconds
[2019-12-09T01:43:24.014+0000][1][safepoint    ] Application time: 0.0000502 seconds
[2019-12-09T01:43:24.014+0000][1][safepoint    ] Entering safepoint region: RevokeBias
[2019-12-09T01:43:24.014+0000][1][safepoint    ] Leaving safepoint region
[2019-12-09T01:43:24.014+0000][1][safepoint    ] Total time for which application threads were stopped: 0.0000491 seconds, Stopping threads took: 0.0000123 seconds
[2019-12-09T01:43:24.014+0000][1][safepoint    ] Application time: 0.0000501 seconds
[2019-12-09T01:43:24.014+0000][1][safepoint    ] Entering safepoint region: RevokeBias
[2019-12-09T01:43:24.014+0000][1][safepoint    ] Leaving safepoint region
[2019-12-09T01:43:24.014+0000][1][safepoint    ] Total time for which application threads were stopped: 0.0000436 seconds, Stopping threads took: 0.0000075 seconds
[2019-12-09T01:43:24.014+0000][1][safepoint    ] Application time: 0.0000500 seconds
[2019-12-09T01:43:24.014+0000][1][safepoint    ] Entering safepoint region: RevokeBias
[2019-12-09T01:43:24.015+0000][1][safepoint    ] Leaving safepoint region
[2019-12-09T01:43:24.015+0000][1][safepoint    ] Total time for which application threads were stopped: 0.0000443 seconds, Stopping threads took: 0.0000076 seconds
[2019-12-09T01:43:24.015+0000][1][safepoint    ] Application time: 0.0000495 seconds
[2019-12-09T01:43:24.015+0000][1][safepoint    ] Entering safepoint region: RevokeBias
[2019-12-09T01:43:24.015+0000][1][safepoint    ] Leaving safepoint region
[2019-12-09T01:43:24.015+0000][1][safepoint    ] Total time for which application threads were stopped: 0.0000440 seconds, Stopping threads took: 0.0000075 seconds
[2019-12-09T01:43:24.015+0000][1][safepoint    ] Application time: 0.0000630 seconds
[2019-12-09T01:43:24.015+0000][1][safepoint    ] Entering safepoint region: BulkRevokeBias
[2019-12-09T01:43:24.015+0000][1][safepoint    ] Leaving safepoint region
[2019-12-09T01:43:24.015+0000][1][safepoint    ] Total time for which application threads were stopped: 0.0001135 seconds, Stopping threads took: 0.0000078 seconds
[2019-12-09T01:43:24.015+0000][1][safepoint    ] Application time: 0.0001874 seconds
[2019-12-09T01:43:24.015+0000][1][safepoint    ] Entering safepoint region: RevokeBias
[2019-12-09T01:43:24.015+0000][1][safepoint    ] Leaving safepoint region
[2019-12-09T01:43:24.015+0000][1][safepoint    ] Total time for which application threads were stopped: 0.0000676 seconds, Stopping threads took: 0.0000085 seconds
[2019-12-09T01:43:24.015+0000][1][safepoint    ] Application time: 0.0000799 seconds
[2019-12-09T01:43:24.015+0000][1][safepoint    ] Entering safepoint region: RevokeBias
[2019-12-09T01:43:24.015+0000][1][safepoint    ] Leaving safepoint region
[2019-12-09T01:43:24.015+0000][1][safepoint    ] Total time for which application threads were stopped: 0.0000503 seconds, Stopping threads took: 0.0000076 seconds
[2019-12-09T01:43:24.015+0000][1][safepoint    ] Application time: 0.0001177 seconds
[2019-12-09T01:43:24.015+0000][1][safepoint    ] Entering safepoint region: RevokeBias
[2019-12-09T01:43:24.015+0000][1][safepoint    ] Leaving safepoint region
[2019-12-09T01:43:24.015+0000][1][safepoint    ] Total time for which application threads were stopped: 0.0000548 seconds, Stopping threads took: 0.0000078 seconds
[2019-12-09T01:43:24.015+0000][1][safepoint    ] Application time: 0.0000649 seconds
[2019-12-09T01:43:24.016+0000][1][safepoint    ] Entering safepoint region: RevokeBias
[2019-12-09T01:43:24.016+0000][1][safepoint    ] Leaving safepoint region
[2019-12-09T01:43:24.016+0000][1][safepoint    ] Total time for which application threads were stopped: 0.0000458 seconds, Stopping threads took: 0.0000075 seconds
[2019-12-09T01:43:24.016+0000][1][safepoint    ] Application time: 0.0000837 seconds
[2019-12-09T01:43:24.016+0000][1][safepoint    ] Entering safepoint region: RevokeBias
[2019-12-09T01:43:24.016+0000][1][safepoint    ] Leaving safepoint region
[2019-12-09T01:43:24.016+0000][1][safepoint    ] Total time for which application threads were stopped: 0.0000703 seconds, Stopping threads took: 0.0000080 seconds
[2019-12-09T01:43:24.016+0000][1][safepoint    ] Application time: 0.0000614 seconds
[2019-12-09T01:43:24.016+0000][1][safepoint    ] Entering safepoint region: RevokeBias
[2019-12-09T01:43:24.016+0000][1][safepoint    ] Leaving safepoint region
[2019-12-09T01:43:24.016+0000][1][safepoint    ] Total time for which application threads were stopped: 0.0000550 seconds, Stopping threads took: 0.0000124 seconds
[2019-12-09T01:43:24.016+0000][1][safepoint    ] Application time: 0.0001685 seconds
[2019-12-09T01:43:24.016+0000][1][safepoint    ] Entering safepoint region: RevokeBias
[2019-12-09T01:43:24.016+0000][1][safepoint    ] Leaving safepoint region
[2019-12-09T01:43:24.016+0000][1][safepoint    ] Total time for which application threads were stopped: 0.0000480 seconds, Stopping threads took: 0.0000079 seconds
[2019-12-09T01:43:24.016+0000][1][safepoint    ] Application time: 0.0002966 seconds
[2019-12-09T01:43:24.016+0000][1][safepoint    ] Entering safepoint region: RevokeBias
[2019-12-09T01:43:24.016+0000][1][safepoint    ] Leaving safepoint region
[2019-12-09T01:43:24.016+0000][1][safepoint    ] Total time for which application threads were stopped: 0.0000572 seconds, Stopping threads took: 0.0000088 seconds
[2019-12-09T01:43:24.017+0000][1][safepoint    ] Application time: 0.0000823 seconds
[2019-12-09T01:43:24.017+0000][1][safepoint    ] Entering safepoint region: RevokeBias
[2019-12-09T01:43:24.017+0000][1][safepoint    ] Leaving safepoint region
[2019-12-09T01:43:24.017+0000][1][safepoint    ] Total time for which application threads were stopped: 0.0000493 seconds, Stopping threads took: 0.0000080 seconds
[2019-12-09T01:43:24.017+0000][1][safepoint    ] Application time: 0.0001813 seconds
[2019-12-09T01:43:24.017+0000][1][safepoint    ] Entering safepoint region: RevokeBias
[2019-12-09T01:43:24.017+0000][1][safepoint    ] Leaving safepoint region
[2019-12-09T01:43:24.017+0000][1][safepoint    ] Total time for which application threads were stopped: 0.0000629 seconds, Stopping threads took: 0.0000090 seconds
[2019-12-09T01:43:24.017+0000][1][safepoint    ] Application time: 0.0000664 seconds
[2019-12-09T01:43:24.017+0000][1][safepoint    ] Entering safepoint region: RevokeBias
[2019-12-09T01:43:24.017+0000][1][safepoint    ] Leaving safepoint region
[2019-12-09T01:43:24.017+0000][1][safepoint    ] Total time for which application threads were stopped: 0.0000584 seconds, Stopping threads took: 0.0000085 seconds
[2019-12-09T01:43:24.017+0000][1][safepoint    ] Application time: 0.0000526 seconds
[2019-12-09T01:43:24.017+0000][1][safepoint    ] Entering safepoint region: RevokeBias
[2019-12-09T01:43:24.017+0000][1][safepoint    ] Leaving safepoint region
[2019-12-09T01:43:24.017+0000][1][safepoint    ] Total time for which application threads were stopped: 0.0000499 seconds, Stopping threads took: 0.0000083 seconds
[2019-12-09T01:43:24.018+0000][1][safepoint    ] Application time: 0.0011595 seconds
[2019-12-09T01:43:24.018+0000][1][safepoint    ] Entering safepoint region: RevokeBias
[2019-12-09T01:43:24.018+0000][1][safepoint    ] Leaving safepoint region
[2019-12-09T01:43:24.018+0000][1][safepoint    ] Total time for which application threads were stopped: 0.0000872 seconds, Stopping threads took: 0.0000114 seconds
[2019-12-09T01:43:24.019+0000][1][safepoint    ] Application time: 0.0003922 seconds
[2019-12-09T01:43:24.019+0000][1][safepoint    ] Entering safepoint region: RevokeBias
[2019-12-09T01:43:24.019+0000][1][safepoint    ] Leaving safepoint region
[2019-12-09T01:43:24.019+0000][1][safepoint    ] Total time for which application threads were stopped: 0.0000736 seconds, Stopping threads took: 0.0000110 seconds
[2019-12-09T01:43:24.019+0000][1][safepoint    ] Application time: 0.0001512 seconds
[2019-12-09T01:43:24.019+0000][1][safepoint    ] Entering safepoint region: RevokeBias
[2019-12-09T01:43:24.019+0000][1][safepoint    ] Leaving safepoint region
[2019-12-09T01:43:24.019+0000][1][safepoint    ] Total time for which application threads were stopped: 0.0000686 seconds, Stopping threads took: 0.0000082 seconds
[2019-12-09T01:43:24.019+0000][1][safepoint    ] Application time: 0.0001644 seconds
[2019-12-09T01:43:24.019+0000][1][safepoint    ] Entering safepoint region: RevokeBias
[2019-12-09T01:43:24.019+0000][1][safepoint    ] Leaving safepoint region
[2019-12-09T01:43:24.019+0000][1][safepoint    ] Total time for which application threads were stopped: 0.0001194 seconds, Stopping threads took: 0.0000130 seconds
[2019-12-09T01:43:24.020+0000][1][safepoint    ] Application time: 0.0003969 seconds
[2019-12-09T01:43:24.020+0000][1][safepoint    ] Entering safepoint region: RevokeBias
[2019-12-09T01:43:24.020+0000][1][safepoint    ] Leaving safepoint region
[2019-12-09T01:43:24.020+0000][1][safepoint    ] Total time for which application threads were stopped: 0.0000845 seconds, Stopping threads took: 0.0000114 seconds
[2019-12-09T01:43:24.020+0000][1][safepoint    ] Application time: 0.0004710 seconds
[2019-12-09T01:43:24.020+0000][1][safepoint    ] Entering safepoint region: RevokeBias
[2019-12-09T01:43:24.021+0000][1][safepoint    ] Leaving safepoint region
[2019-12-09T01:43:24.021+0000][1][safepoint    ] Total time for which application threads were stopped: 0.0000801 seconds, Stopping threads took: 0.0000105 seconds
[2019-12-09T01:43:24.021+0000][1][safepoint    ] Application time: 0.0001786 seconds
[2019-12-09T01:43:24.021+0000][1][safepoint    ] Entering safepoint region: RevokeBias
[2019-12-09T01:43:24.021+0000][1][safepoint    ] Leaving safepoint region
[2019-12-09T01:43:24.021+0000][1][safepoint    ] Total time for which application threads were stopped: 0.0000891 seconds, Stopping threads took: 0.0000097 seconds
[2019-12-09T01:43:24.021+0000][1][safepoint    ] Application time: 0.0002486 seconds
[2019-12-09T01:43:24.021+0000][1][safepoint    ] Entering safepoint region: RevokeBias
[2019-12-09T01:43:24.021+0000][1][safepoint    ] Leaving safepoint region
[2019-12-09T01:43:24.021+0000][1][safepoint    ] Total time for which application threads were stopped: 0.0000719 seconds, Stopping threads took: 0.0000093 seconds
[2019-12-09T01:43:24.023+0000][1][safepoint    ] Application time: 0.0016814 seconds
[2019-12-09T01:43:24.023+0000][1][safepoint    ] Entering safepoint region: RevokeBias
[2019-12-09T01:43:24.023+0000][1][safepoint    ] Leaving safepoint region
[2019-12-09T01:43:24.023+0000][1][safepoint    ] Total time for which application threads were stopped: 0.0001048 seconds, Stopping threads took: 0.0000111 seconds
[2019-12-09T01:43:24.023+0000][1][safepoint    ] Application time: 0.0000694 seconds
[2019-12-09T01:43:24.023+0000][1][safepoint    ] Entering safepoint region: RevokeBias
[2019-12-09T01:43:24.023+0000][1][safepoint    ] Leaving safepoint region
[2019-12-09T01:43:24.023+0000][1][safepoint    ] Total time for which application threads were stopped: 0.0000571 seconds, Stopping threads took: 0.0000093 seconds
[2019-12-09T01:43:24.023+0000][1][safepoint    ] Application time: 0.0000779 seconds
[2019-12-09T01:43:24.023+0000][1][safepoint    ] Entering safepoint region: RevokeBias
[2019-12-09T01:43:24.023+0000][1][safepoint    ] Leaving safepoint region
[2019-12-09T01:43:24.023+0000][1][safepoint    ] Total time for which application threads were stopped: 0.0000832 seconds, Stopping threads took: 0.0000089 seconds
[2019-12-09T01:43:24.082+0000][1][safepoint    ] Application time: 0.0591387 seconds
[2019-12-09T01:43:24.083+0000][1][safepoint    ] Entering safepoint region: RevokeBias
[2019-12-09T01:43:24.083+0000][1][safepoint    ] Leaving safepoint region
[2019-12-09T01:43:24.083+0000][1][safepoint    ] Total time for which application threads were stopped: 0.0001426 seconds, Stopping threads took: 0.0000176 seconds
[2019-12-09T01:43:24.091+0000][1][safepoint    ] Application time: 0.0080824 seconds
[2019-12-09T01:43:24.091+0000][1][safepoint    ] Entering safepoint region: RevokeBias
[2019-12-09T01:43:24.091+0000][1][safepoint    ] Leaving safepoint region
[2019-12-09T01:43:24.091+0000][1][safepoint    ] Total time for which application threads were stopped: 0.0001580 seconds, Stopping threads took: 0.0000137 seconds
[2019-12-09T01:43:24.091+0000][1][safepoint    ] Application time: 0.0000824 seconds
[2019-12-09T01:43:24.091+0000][1][safepoint    ] Entering safepoint region: RevokeBias
[2019-12-09T01:43:24.091+0000][1][safepoint    ] Leaving safepoint region
[2019-12-09T01:43:24.091+0000][1][safepoint    ] Total time for which application threads were stopped: 0.0000949 seconds, Stopping threads took: 0.0000142 seconds
[2019-12-09T01:43:24.091+0000][1][safepoint    ] Application time: 0.0002368 seconds
[2019-12-09T01:43:24.091+0000][1][safepoint    ] Entering safepoint region: RevokeBias
[2019-12-09T01:43:24.091+0000][1][safepoint    ] Leaving safepoint region
[2019-12-09T01:43:24.091+0000][1][safepoint    ] Total time for which application threads were stopped: 0.0000818 seconds, Stopping threads took: 0.0000085 seconds
[2019-12-09T01:43:24.092+0000][1][safepoint    ] Application time: 0.0001419 seconds
[2019-12-09T01:43:24.092+0000][1][safepoint    ] Entering safepoint region: RevokeBias
[2019-12-09T01:43:24.092+0000][1][safepoint    ] Leaving safepoint region
[2019-12-09T01:43:24.092+0000][1][safepoint    ] Total time for which application threads were stopped: 0.0000353 seconds, Stopping threads took: 0.0000088 seconds
[2019-12-09T01:43:24.092+0000][1][safepoint    ] Application time: 0.0000673 seconds
[2019-12-09T01:43:24.092+0000][1][safepoint    ] Entering safepoint region: RevokeBias
[2019-12-09T01:43:24.092+0000][1][safepoint    ] Leaving safepoint region
[2019-12-09T01:43:24.092+0000][1][safepoint    ] Total time for which application threads were stopped: 0.0000341 seconds, Stopping threads took: 0.0000091 seconds
[2019-12-09T01:43:24.092+0000][1][safepoint    ] Application time: 0.0000532 seconds
[2019-12-09T01:43:24.092+0000][1][safepoint    ] Entering safepoint region: RevokeBias
[2019-12-09T01:43:24.092+0000][1][safepoint    ] Leaving safepoint region
[2019-12-09T01:43:24.092+0000][1][safepoint    ] Total time for which application threads were stopped: 0.0000304 seconds, Stopping threads took: 0.0000089 seconds
[2019-12-09T01:43:24.092+0000][1][safepoint    ] Application time: 0.0000532 seconds
[2019-12-09T01:43:24.092+0000][1][safepoint    ] Entering safepoint region: RevokeBias
[2019-12-09T01:43:24.092+0000][1][safepoint    ] Leaving safepoint region
[2019-12-09T01:43:24.092+0000][1][safepoint    ] Total time for which application threads were stopped: 0.0000306 seconds, Stopping threads took: 0.0000087 seconds
[2019-12-09T01:43:24.092+0000][1][safepoint    ] Application time: 0.0000518 seconds
[2019-12-09T01:43:24.092+0000][1][safepoint    ] Entering safepoint region: RevokeBias
[2019-12-09T01:43:24.092+0000][1][safepoint    ] Leaving safepoint region
[2019-12-09T01:43:24.092+0000][1][safepoint    ] Total time for which application threads were stopped: 0.0000312 seconds, Stopping threads took: 0.0000087 seconds
[2019-12-09T01:43:24.092+0000][1][safepoint    ] Application time: 0.0000542 seconds
[2019-12-09T01:43:24.092+0000][1][safepoint    ] Entering safepoint region: BulkRevokeBias
[2019-12-09T01:43:24.092+0000][1][safepoint    ] Leaving safepoint region
[2019-12-09T01:43:24.092+0000][1][safepoint    ] Total time for which application threads were stopped: 0.0000998 seconds, Stopping threads took: 0.0000081 seconds
[2019-12-09T01:43:24.151+0000][1][safepoint    ] Application time: 0.0588187 seconds
[2019-12-09T01:43:24.209+0000][1][safepoint    ] Entering safepoint region: RevokeBias
[2019-12-09T01:43:24.209+0000][1][safepoint    ] Leaving safepoint region
[2019-12-09T01:43:24.209+0000][1][safepoint    ] Total time for which application threads were stopped: 0.0578521 seconds, Stopping threads took: 0.0577086 seconds
[2019-12-09T01:43:24.209+0000][1][safepoint    ] Application time: 0.0000744 seconds
[2019-12-09T01:43:24.209+0000][1][safepoint    ] Entering safepoint region: RevokeBias
[2019-12-09T01:43:24.209+0000][1][safepoint    ] Leaving safepoint region
[2019-12-09T01:43:24.209+0000][1][safepoint    ] Total time for which application threads were stopped: 0.0000382 seconds, Stopping threads took: 0.0000088 seconds
[2019-12-09T01:43:25.223+0000][1][safepoint    ] Application time: 1.0136094 seconds
[2019-12-09T01:43:25.232+0000][1][safepoint    ] Entering safepoint region: RevokeBias
[2019-12-09T01:43:25.232+0000][1][safepoint    ] Leaving safepoint region
[2019-12-09T01:43:25.232+0000][1][safepoint    ] Total time for which application threads were stopped: 0.0091160 seconds, Stopping threads took: 0.0090250 seconds
[2019-12-09T01:43:25.233+0000][1][safepoint    ] Application time: 0.0009076 seconds
[2019-12-09T01:43:25.236+0000][1][safepoint    ] Entering safepoint region: RevokeBias
[2019-12-09T01:43:25.236+0000][1][safepoint    ] Leaving safepoint region
[2019-12-09T01:43:25.236+0000][1][safepoint    ] Total time for which application threads were stopped: 0.0029776 seconds, Stopping threads took: 0.0029226 seconds
[2019-12-09T01:43:26.238+0000][1][safepoint    ] Application time: 1.0019165 seconds
[2019-12-09T01:43:26.290+0000][1][safepoint    ] Entering safepoint region: Cleanup
[2019-12-09T01:43:26.290+0000][1][safepoint    ] Leaving safepoint region
[2019-12-09T01:43:26.290+0000][1][safepoint    ] Total time for which application threads were stopped: 0.0521004 seconds, Stopping threads took: 0.0520408 seconds
[2019-12-09T01:43:26.300+0000][1][safepoint    ] Application time: 0.0101570 seconds
[2019-12-09T01:43:26.300+0000][1][safepoint    ] Entering safepoint region: RevokeBias
[2019-12-09T01:43:26.300+0000][1][safepoint    ] Leaving safepoint region
[2019-12-09T01:43:26.300+0000][1][safepoint    ] Total time for which application threads were stopped: 0.0000910 seconds, Stopping threads took: 0.0000424 seconds
[2019-12-09T01:43:26.678+0000][1][safepoint    ] Application time: 0.3781042 seconds
[2019-12-09T01:43:26.678+0000][1][safepoint    ] Entering safepoint region: RevokeBias
[2019-12-09T01:43:26.679+0000][1][safepoint    ] Leaving safepoint region
[2019-12-09T01:43:26.679+0000][1][safepoint    ] Total time for which application threads were stopped: 0.0004826 seconds, Stopping threads took: 0.0000172 seconds
[2019-12-09T01:43:27.379+0000][1][safepoint    ] Application time: 0.7000914 seconds
[2019-12-09T01:43:27.449+0000][1][safepoint    ] Entering safepoint region: GenCollectForAllocation
[2019-12-09T01:43:27.449+0000][1][gc,start     ] GC(19) Pause Young (Allocation Failure)
[2019-12-09T01:43:27.449+0000][1][gc,task      ] GC(19) Using 2 workers of 2 for evacuation
[2019-12-09T01:43:27.672+0000][1][gc,age       ] GC(19) Desired survivor size 4456448 bytes, new threshold 2 (max threshold 6)
[2019-12-09T01:43:27.672+0000][1][gc,age       ] GC(19) Age table with threshold 2 (max threshold 6)
[2019-12-09T01:43:27.672+0000][1][gc,age       ] GC(19) - age   1:    1311000 bytes,    1311000 total
[2019-12-09T01:43:27.672+0000][1][gc,age       ] GC(19) - age   2:    3308752 bytes,    4619752 total
[2019-12-09T01:43:27.672+0000][1][gc,heap      ] GC(19) ParNew: 78639K->5566K(78656K)
[2019-12-09T01:43:27.672+0000][1][gc,heap      ] GC(19) CMS: 55559K->58806K(174784K)
[2019-12-09T01:43:27.672+0000][1][gc,metaspace ] GC(19) Metaspace: 50688K->50688K(1095680K)
[2019-12-09T01:43:27.672+0000][1][gc           ] GC(19) Pause Young (Allocation Failure) 131M->62M(247M) 223.412ms
[2019-12-09T01:43:27.672+0000][1][gc,cpu       ] GC(19) User=0.06s Sys=0.00s Real=0.22s
[2019-12-09T01:43:27.672+0000][1][safepoint    ] Leaving safepoint region
[2019-12-09T01:43:27.672+0000][1][safepoint    ] Total time for which application threads were stopped: 0.2933963 seconds, Stopping threads took: 0.0698501 seconds
[2019-12-09T01:43:27.683+0000][1][safepoint    ] Application time: 0.0110203 seconds
[2019-12-09T01:43:27.684+0000][1][safepoint    ] Entering safepoint region: RevokeBias
[2019-12-09T01:43:27.684+0000][1][safepoint    ] Leaving safepoint region
[2019-12-09T01:43:27.684+0000][1][safepoint    ] Total time for which application threads were stopped: 0.0007638 seconds, Stopping threads took: 0.0006985 seconds
[2019-12-09T01:43:28.694+0000][1][safepoint    ] Application time: 1.0095736 seconds
[2019-12-09T01:43:28.694+0000][1][safepoint    ] Entering safepoint region: Cleanup
[2019-12-09T01:43:28.694+0000][1][safepoint    ] Leaving safepoint region
[2019-12-09T01:43:28.694+0000][1][safepoint    ] Total time for which application threads were stopped: 0.0007102 seconds, Stopping threads took: 0.0002494 seconds
[2019-12-09T01:43:29.700+0000][1][safepoint    ] Application time: 1.0052432 seconds
[2019-12-09T01:43:29.746+0000][1][safepoint    ] Entering safepoint region: Cleanup
[2019-12-09T01:43:29.746+0000][1][safepoint    ] Leaving safepoint region
[2019-12-09T01:43:29.746+0000][1][safepoint    ] Total time for which application threads were stopped: 0.0466685 seconds, Stopping threads took: 0.0465561 seconds
[2019-12-09T01:43:30.751+0000][1][safepoint    ] Application time: 1.0042772 seconds
[2019-12-09T01:43:30.844+0000][1][safepoint    ] Entering safepoint region: Cleanup
[2019-12-09T01:43:30.844+0000][1][safepoint    ] Leaving safepoint region
[2019-12-09T01:43:30.844+0000][1][safepoint    ] Total time for which application threads were stopped: 0.0933795 seconds, Stopping threads took: 0.0932368 seconds
[2019-12-09T01:43:31.856+0000][1][safepoint    ] Application time: 1.0115924 seconds
[2019-12-09T01:43:31.856+0000][1][safepoint    ] Entering safepoint region: Cleanup
[2019-12-09T01:43:31.856+0000][1][safepoint    ] Leaving safepoint region
[2019-12-09T01:43:31.856+0000][1][safepoint    ] Total time for which application threads were stopped: 0.0000762 seconds, Stopping threads took: 0.0000158 seconds
[2019-12-09T01:43:31.949+0000][1][safepoint    ] Application time: 0.0930357 seconds
[2019-12-09T01:43:31.949+0000][1][safepoint    ] Entering safepoint region: RevokeBias
[2019-12-09T01:43:31.949+0000][1][safepoint    ] Leaving safepoint region
[2019-12-09T01:43:31.949+0000][1][safepoint    ] Total time for which application threads were stopped: 0.0001134 seconds, Stopping threads took: 0.0000447 seconds
[2019-12-09T01:43:31.949+0000][1][safepoint    ] Application time: 0.0002097 seconds
[2019-12-09T01:43:31.949+0000][1][safepoint    ] Entering safepoint region: RevokeBias
[2019-12-09T01:43:31.949+0000][1][safepoint    ] Leaving safepoint region
[2019-12-09T01:43:31.949+0000][1][safepoint    ] Total time for which application threads were stopped: 0.0000664 seconds, Stopping threads took: 0.0000107 seconds
[2019-12-09T01:43:31.949+0000][1][safepoint    ] Application time: 0.0000467 seconds
[2019-12-09T01:43:31.949+0000][1][safepoint    ] Entering safepoint region: RevokeBias
[2019-12-09T01:43:31.949+0000][1][safepoint    ] Leaving safepoint region
[2019-12-09T01:43:31.949+0000][1][safepoint    ] Total time for which application threads were stopped: 0.0000498 seconds, Stopping threads took: 0.0000093 seconds
[2019-12-09T01:43:31.950+0000][1][safepoint    ] Application time: 0.0001762 seconds
[2019-12-09T01:43:31.950+0000][1][safepoint    ] Entering safepoint region: RevokeBias
[2019-12-09T01:43:31.950+0000][1][safepoint    ] Leaving safepoint region
[2019-12-09T01:43:31.950+0000][1][safepoint    ] Total time for which application threads were stopped: 0.0000761 seconds, Stopping threads took: 0.0000110 seconds
[2019-12-09T01:43:32.960+0000][1][safepoint    ] Application time: 1.0099819 seconds
[2019-12-09T01:43:33.017+0000][1][safepoint    ] Entering safepoint region: Cleanup
[2019-12-09T01:43:33.017+0000][1][safepoint    ] Leaving safepoint region
[2019-12-09T01:43:33.017+0000][1][safepoint    ] Total time for which application threads were stopped: 0.0572374 seconds, Stopping threads took: 0.0571305 seconds
[2019-12-09T01:43:33.163+0000][1][safepoint    ] Application time: 0.1457560 seconds
[2019-12-09T01:43:33.163+0000][1][safepoint    ] Entering safepoint region: Deoptimize
[2019-12-09T01:43:33.163+0000][1][safepoint    ] Leaving safepoint region
[2019-12-09T01:43:33.163+0000][1][safepoint    ] Total time for which application threads were stopped: 0.0006106 seconds, Stopping threads took: 0.0000161 seconds
[2019-12-09T01:43:33.589+0000][1][safepoint    ] Application time: 0.4260440 seconds
[2019-12-09T01:43:33.589+0000][1][safepoint    ] Entering safepoint region: RevokeBias
[2019-12-09T01:43:33.590+0000][1][safepoint    ] Leaving safepoint region
[2019-12-09T01:43:33.590+0000][1][safepoint    ] Total time for which application threads were stopped: 0.0001021 seconds, Stopping threads took: 0.0000144 seconds
[2019-12-09T01:43:33.609+0000][1][safepoint    ] Application time: 0.0191733 seconds
[2019-12-09T01:43:33.609+0000][1][safepoint    ] Entering safepoint region: RevokeBias
[2019-12-09T01:43:33.609+0000][1][safepoint    ] Leaving safepoint region
[2019-12-09T01:43:33.609+0000][1][safepoint    ] Total time for which application threads were stopped: 0.0000830 seconds, Stopping threads took: 0.0000156 seconds
[2019-12-09T01:43:33.609+0000][1][safepoint    ] Application time: 0.0001375 seconds
[2019-12-09T01:43:33.609+0000][1][safepoint    ] Entering safepoint region: RevokeBias
[2019-12-09T01:43:33.609+0000][1][safepoint    ] Leaving safepoint region
[2019-12-09T01:43:33.609+0000][1][safepoint    ] Total time for which application threads were stopped: 0.0000579 seconds, Stopping threads took: 0.0000098 seconds
[2019-12-09T01:43:33.631+0000][1][safepoint    ] Application time: 0.0221372 seconds
[2019-12-09T01:43:33.631+0000][1][safepoint    ] Entering safepoint region: RevokeBias
[2019-12-09T01:43:33.631+0000][1][safepoint    ] Leaving safepoint region
[2019-12-09T01:43:33.631+0000][1][safepoint    ] Total time for which application threads were stopped: 0.0000840 seconds, Stopping threads took: 0.0000134 seconds
[2019-12-09T01:43:34.633+0000][1][safepoint    ] Application time: 1.0013308 seconds
[2019-12-09T01:43:34.655+0000][1][safepoint    ] Entering safepoint region: Cleanup
[2019-12-09T01:43:34.656+0000][1][safepoint    ] Leaving safepoint region
[2019-12-09T01:43:34.656+0000][1][safepoint    ] Total time for which application threads were stopped: 0.0229578 seconds, Stopping threads took: 0.0218137 seconds
[2019-12-09T01:43:35.061+0000][1][safepoint    ] Application time: 0.4050159 seconds
[2019-12-09T01:43:35.061+0000][1][safepoint    ] Entering safepoint region: RevokeBias
[2019-12-09T01:43:35.061+0000][1][safepoint    ] Leaving safepoint region
[2019-12-09T01:43:35.061+0000][1][safepoint    ] Total time for which application threads were stopped: 0.0000835 seconds, Stopping threads took: 0.0000153 seconds
[2019-12-09T01:43:35.159+0000][1][safepoint    ] Application time: 0.0978469 seconds
[2019-12-09T01:43:35.163+0000][1][safepoint    ] Entering safepoint region: GenCollectForAllocation
[2019-12-09T01:43:35.163+0000][1][gc,start     ] GC(20) Pause Young (Allocation Failure)
[2019-12-09T01:43:35.163+0000][1][gc,task      ] GC(20) Using 2 workers of 2 for evacuation
[2019-12-09T01:43:35.413+0000][1][gc,age       ] GC(20) Desired survivor size 4456448 bytes, new threshold 6 (max threshold 6)
[2019-12-09T01:43:35.413+0000][1][gc,age       ] GC(20) Age table with threshold 6 (max threshold 6)
[2019-12-09T01:43:35.413+0000][1][gc,age       ] GC(20) - age   1:    2968296 bytes,    2968296 total
[2019-12-09T01:43:35.413+0000][1][gc,age       ] GC(20) - age   2:    1275128 bytes,    4243424 total
[2019-12-09T01:43:35.413+0000][1][gc,heap      ] GC(20) ParNew: 75518K->7162K(78656K)
[2019-12-09T01:43:35.413+0000][1][gc,heap      ] GC(20) CMS: 58806K->62135K(174784K)
[2019-12-09T01:43:35.413+0000][1][gc,metaspace ] GC(20) Metaspace: 58750K->58750K(1103872K)
[2019-12-09T01:43:35.413+0000][1][gc           ] GC(20) Pause Young (Allocation Failure) 131M->67M(247M) 250.416ms
[2019-12-09T01:43:35.413+0000][1][gc,cpu       ] GC(20) User=0.04s Sys=0.00s Real=0.25s
[2019-12-09T01:43:35.413+0000][1][safepoint    ] Leaving safepoint region
[2019-12-09T01:43:35.413+0000][1][safepoint    ] Total time for which application threads were stopped: 0.2545494 seconds, Stopping threads took: 0.0039987 seconds
[2019-12-09T01:43:35.940+0000][1][safepoint    ] Application time: 0.5262598 seconds
[2019-12-09T01:43:35.940+0000][1][safepoint    ] Entering safepoint region: Deoptimize
[2019-12-09T01:43:35.940+0000][1][safepoint    ] Leaving safepoint region
[2019-12-09T01:43:35.940+0000][1][safepoint    ] Total time for which application threads were stopped: 0.0006610 seconds, Stopping threads took: 0.0000158 seconds
[2019-12-09T01:43:36.959+0000][1][safepoint    ] Application time: 1.0184561 seconds
[2019-12-09T01:43:36.966+0000][1][safepoint    ] Entering safepoint region: Cleanup
[2019-12-09T01:43:36.966+0000][1][safepoint    ] Leaving safepoint region
[2019-12-09T01:43:36.966+0000][1][safepoint    ] Total time for which application threads were stopped: 0.0072440 seconds, Stopping threads took: 0.0071556 seconds
[2019-12-09T01:43:37.725+0000][1][safepoint    ] Application time: 0.7590892 seconds
[2019-12-09T01:43:37.725+0000][1][safepoint    ] Entering safepoint region: RevokeBias
[2019-12-09T01:43:37.725+0000][1][safepoint    ] Leaving safepoint region
[2019-12-09T01:43:37.725+0000][1][safepoint    ] Total time for which application threads were stopped: 0.0000901 seconds, Stopping threads took: 0.0000142 seconds
[2019-12-09T01:43:37.725+0000][1][safepoint    ] Application time: 0.0001237 seconds
[2019-12-09T01:43:37.725+0000][1][safepoint    ] Entering safepoint region: RevokeBias
[2019-12-09T01:43:37.725+0000][1][safepoint    ] Leaving safepoint region
[2019-12-09T01:43:37.725+0000][1][safepoint    ] Total time for which application threads were stopped: 0.0000296 seconds, Stopping threads took: 0.0000069 seconds
[2019-12-09T01:43:37.725+0000][1][safepoint    ] Application time: 0.0000598 seconds
[2019-12-09T01:43:37.725+0000][1][safepoint    ] Entering safepoint region: RevokeBias
[2019-12-09T01:43:37.725+0000][1][safepoint    ] Leaving safepoint region
[2019-12-09T01:43:37.725+0000][1][safepoint    ] Total time for which application threads were stopped: 0.0000298 seconds, Stopping threads took: 0.0000067 seconds
[2019-12-09T01:43:37.726+0000][1][safepoint    ] Application time: 0.0000903 seconds
[2019-12-09T01:43:37.726+0000][1][safepoint    ] Entering safepoint region: RevokeBias
[2019-12-09T01:43:37.726+0000][1][safepoint    ] Leaving safepoint region
[2019-12-09T01:43:37.726+0000][1][safepoint    ] Total time for which application threads were stopped: 0.0000300 seconds, Stopping threads took: 0.0000067 seconds
[2019-12-09T01:43:37.726+0000][1][safepoint    ] Application time: 0.0001020 seconds
[2019-12-09T01:43:37.726+0000][1][safepoint    ] Entering safepoint region: RevokeBias
[2019-12-09T01:43:37.726+0000][1][safepoint    ] Leaving safepoint region
[2019-12-09T01:43:37.726+0000][1][safepoint    ] Total time for which application threads were stopped: 0.0000305 seconds, Stopping threads took: 0.0000070 seconds
[2019-12-09T01:43:37.726+0000][1][safepoint    ] Application time: 0.0000682 seconds
[2019-12-09T01:43:37.726+0000][1][safepoint    ] Entering safepoint region: RevokeBias
[2019-12-09T01:43:37.726+0000][1][safepoint    ] Leaving safepoint region
[2019-12-09T01:43:37.726+0000][1][safepoint    ] Total time for which application threads were stopped: 0.0000286 seconds, Stopping threads took: 0.0000066 seconds
[2019-12-09T01:43:37.726+0000][1][safepoint    ] Application time: 0.0000595 seconds
[2019-12-09T01:43:37.726+0000][1][safepoint    ] Entering safepoint region: RevokeBias
[2019-12-09T01:43:37.726+0000][1][safepoint    ] Leaving safepoint region
[2019-12-09T01:43:37.726+0000][1][safepoint    ] Total time for which application threads were stopped: 0.0000282 seconds, Stopping threads took: 0.0000066 seconds
[2019-12-09T01:43:37.726+0000][1][safepoint    ] Application time: 0.0000586 seconds
[2019-12-09T01:43:37.726+0000][1][safepoint    ] Entering safepoint region: RevokeBias
[2019-12-09T01:43:37.726+0000][1][safepoint    ] Leaving safepoint region
[2019-12-09T01:43:37.726+0000][1][safepoint    ] Total time for which application threads were stopped: 0.0000277 seconds, Stopping threads took: 0.0000067 seconds
[2019-12-09T01:43:37.726+0000][1][safepoint    ] Application time: 0.0001562 seconds
[2019-12-09T01:43:37.726+0000][1][safepoint    ] Entering safepoint region: RevokeBias
[2019-12-09T01:43:37.726+0000][1][safepoint    ] Leaving safepoint region
[2019-12-09T01:43:37.726+0000][1][safepoint    ] Total time for which application threads were stopped: 0.0000277 seconds, Stopping threads took: 0.0000066 seconds
[2019-12-09T01:43:37.726+0000][1][safepoint    ] Application time: 0.0001362 seconds
[2019-12-09T01:43:37.726+0000][1][safepoint    ] Entering safepoint region: RevokeBias
[2019-12-09T01:43:37.726+0000][1][safepoint    ] Leaving safepoint region
[2019-12-09T01:43:37.726+0000][1][safepoint    ] Total time for which application threads were stopped: 0.0000279 seconds, Stopping threads took: 0.0000068 seconds
[2019-12-09T01:43:37.727+0000][1][safepoint    ] Application time: 0.0000521 seconds
[2019-12-09T01:43:37.727+0000][1][safepoint    ] Entering safepoint region: RevokeBias
[2019-12-09T01:43:37.727+0000][1][safepoint    ] Leaving safepoint region
[2019-12-09T01:43:37.727+0000][1][safepoint    ] Total time for which application threads were stopped: 0.0000281 seconds, Stopping threads took: 0.0000066 seconds
[2019-12-09T01:43:38.728+0000][1][safepoint    ] Application time: 1.0011371 seconds
[2019-12-09T01:43:38.844+0000][1][safepoint    ] Entering safepoint region: Cleanup
[2019-12-09T01:43:38.844+0000][1][safepoint    ] Leaving safepoint region
[2019-12-09T01:43:38.844+0000][1][safepoint    ] Total time for which application threads were stopped: 0.1161253 seconds, Stopping threads took: 0.1160391 seconds
[2019-12-09T01:43:39.572+0000][1][safepoint    ] Application time: 0.7278388 seconds
[2019-12-09T01:43:39.572+0000][1][safepoint    ] Entering safepoint region: RevokeBias
[2019-12-09T01:43:39.572+0000][1][safepoint    ] Leaving safepoint region
[2019-12-09T01:43:39.572+0000][1][safepoint    ] Total time for which application threads were stopped: 0.0000876 seconds, Stopping threads took: 0.0000157 seconds
[2019-12-09T01:43:40.422+0000][1][safepoint    ] Application time: 0.8503745 seconds
[2019-12-09T01:43:40.423+0000][1][safepoint    ] Entering safepoint region: RevokeBias
[2019-12-09T01:43:40.423+0000][1][safepoint    ] Leaving safepoint region
[2019-12-09T01:43:40.423+0000][1][safepoint    ] Total time for which application threads were stopped: 0.0004614 seconds, Stopping threads took: 0.0003395 seconds
[2019-12-09T01:43:40.423+0000][1][safepoint    ] Application time: 0.0000947 seconds
[2019-12-09T01:43:40.423+0000][1][safepoint    ] Entering safepoint region: RevokeBias
[2019-12-09T01:43:40.423+0000][1][safepoint    ] Leaving safepoint region
[2019-12-09T01:43:40.423+0000][1][safepoint    ] Total time for which application threads were stopped: 0.0000589 seconds, Stopping threads took: 0.0000084 seconds
[2019-12-09T01:43:40.423+0000][1][safepoint    ] Application time: 0.0000495 seconds
[2019-12-09T01:43:40.423+0000][1][safepoint    ] Entering safepoint region: RevokeBias
[2019-12-09T01:43:40.423+0000][1][safepoint    ] Leaving safepoint region
[2019-12-09T01:43:40.423+0000][1][safepoint    ] Total time for which application threads were stopped: 0.0000443 seconds, Stopping threads took: 0.0000070 seconds
[2019-12-09T01:43:40.423+0000][1][safepoint    ] Application time: 0.0000481 seconds
[2019-12-09T01:43:40.423+0000][1][safepoint    ] Entering safepoint region: RevokeBias
[2019-12-09T01:43:40.423+0000][1][safepoint    ] Leaving safepoint region
[2019-12-09T01:43:40.423+0000][1][safepoint    ] Total time for which application threads were stopped: 0.0000432 seconds, Stopping threads took: 0.0000069 seconds
[2019-12-09T01:43:40.423+0000][1][safepoint    ] Application time: 0.0000492 seconds
[2019-12-09T01:43:40.423+0000][1][safepoint    ] Entering safepoint region: RevokeBias
[2019-12-09T01:43:40.423+0000][1][safepoint    ] Leaving safepoint region
[2019-12-09T01:43:40.423+0000][1][safepoint    ] Total time for which application threads were stopped: 0.0000435 seconds, Stopping threads took: 0.0000068 seconds
[2019-12-09T01:43:40.423+0000][1][safepoint    ] Application time: 0.0000523 seconds
[2019-12-09T01:43:40.423+0000][1][safepoint    ] Entering safepoint region: RevokeBias
[2019-12-09T01:43:40.423+0000][1][safepoint    ] Leaving safepoint region
[2019-12-09T01:43:40.423+0000][1][safepoint    ] Total time for which application threads were stopped: 0.0000412 seconds, Stopping threads took: 0.0000069 seconds
[2019-12-09T01:43:40.423+0000][1][safepoint    ] Application time: 0.0000487 seconds
[2019-12-09T01:43:40.423+0000][1][safepoint    ] Entering safepoint region: RevokeBias
[2019-12-09T01:43:40.423+0000][1][safepoint    ] Leaving safepoint region
[2019-12-09T01:43:40.423+0000][1][safepoint    ] Total time for which application threads were stopped: 0.0000406 seconds, Stopping threads took: 0.0000072 seconds
[2019-12-09T01:43:40.423+0000][1][safepoint    ] Application time: 0.0000506 seconds
[2019-12-09T01:43:40.423+0000][1][safepoint    ] Entering safepoint region: RevokeBias
[2019-12-09T01:43:40.424+0000][1][safepoint    ] Leaving safepoint region
[2019-12-09T01:43:40.424+0000][1][safepoint    ] Total time for which application threads were stopped: 0.0000403 seconds, Stopping threads took: 0.0000068 seconds
[2019-12-09T01:43:40.734+0000][1][safepoint    ] Application time: 0.3103970 seconds
[2019-12-09T01:43:40.734+0000][1][safepoint    ] Entering safepoint region: Deoptimize
[2019-12-09T01:43:40.735+0000][1][safepoint    ] Leaving safepoint region
[2019-12-09T01:43:40.735+0000][1][safepoint    ] Total time for which application threads were stopped: 0.0007496 seconds, Stopping threads took: 0.0000146 seconds
[2019-12-09T01:43:40.828+0000][1][safepoint    ] Application time: 0.0933326 seconds
[2019-12-09T01:43:40.848+0000][1][safepoint    ] Entering safepoint region: RevokeBias
[2019-12-09T01:43:40.848+0000][1][safepoint    ] Leaving safepoint region
[2019-12-09T01:43:40.848+0000][1][safepoint    ] Total time for which application threads were stopped: 0.0198078 seconds, Stopping threads took: 0.0197279 seconds
[2019-12-09T01:43:40.866+0000][1][safepoint    ] Application time: 0.0183058 seconds
[2019-12-09T01:43:40.866+0000][1][safepoint    ] Entering safepoint region: RevokeBias
[2019-12-09T01:43:40.866+0000][1][safepoint    ] Leaving safepoint region
[2019-12-09T01:43:40.866+0000][1][safepoint    ] Total time for which application threads were stopped: 0.0001472 seconds, Stopping threads took: 0.0000877 seconds
[2019-12-09T01:43:40.867+0000][1][safepoint    ] Application time: 0.0008767 seconds
[2019-12-09T01:43:40.867+0000][1][safepoint    ] Entering safepoint region: RevokeBias
[2019-12-09T01:43:40.867+0000][1][safepoint    ] Leaving safepoint region
[2019-12-09T01:43:40.867+0000][1][safepoint    ] Total time for which application threads were stopped: 0.0000605 seconds, Stopping threads took: 0.0000116 seconds
[2019-12-09T01:43:40.868+0000][1][safepoint    ] Application time: 0.0005041 seconds
[2019-12-09T01:43:40.868+0000][1][safepoint    ] Entering safepoint region: RevokeBias
[2019-12-09T01:43:40.868+0000][1][safepoint    ] Leaving safepoint region
[2019-12-09T01:43:40.868+0000][1][safepoint    ] Total time for which application threads were stopped: 0.0000685 seconds, Stopping threads took: 0.0000114 seconds
[2019-12-09T01:43:40.868+0000][1][safepoint    ] Application time: 0.0000665 seconds
[2019-12-09T01:43:40.868+0000][1][safepoint    ] Entering safepoint region: RevokeBias
[2019-12-09T01:43:40.868+0000][1][safepoint    ] Leaving safepoint region
[2019-12-09T01:43:40.868+0000][1][safepoint    ] Total time for which application threads were stopped: 0.0000525 seconds, Stopping threads took: 0.0000090 seconds
[2019-12-09T01:43:40.868+0000][1][safepoint    ] Application time: 0.0001096 seconds
[2019-12-09T01:43:40.868+0000][1][safepoint    ] Entering safepoint region: RevokeBias
[2019-12-09T01:43:40.868+0000][1][safepoint    ] Leaving safepoint region
[2019-12-09T01:43:40.868+0000][1][safepoint    ] Total time for which application threads were stopped: 0.0000534 seconds, Stopping threads took: 0.0000094 seconds
[2019-12-09T01:43:40.899+0000][1][safepoint    ] Application time: 0.0307990 seconds
[2019-12-09T01:43:40.899+0000][1][safepoint    ] Entering safepoint region: RevokeBias
[2019-12-09T01:43:40.899+0000][1][safepoint    ] Leaving safepoint region
[2019-12-09T01:43:40.899+0000][1][safepoint    ] Total time for which application threads were stopped: 0.0000802 seconds, Stopping threads took: 0.0000140 seconds
[2019-12-09T01:43:40.899+0000][1][safepoint    ] Application time: 0.0002450 seconds
[2019-12-09T01:43:40.899+0000][1][safepoint    ] Entering safepoint region: RevokeBias
[2019-12-09T01:43:40.899+0000][1][safepoint    ] Leaving safepoint region
[2019-12-09T01:43:40.900+0000][1][safepoint    ] Total time for which application threads were stopped: 0.0000724 seconds, Stopping threads took: 0.0000110 seconds
[2019-12-09T01:43:40.900+0000][1][safepoint    ] Application time: 0.0000633 seconds
[2019-12-09T01:43:40.900+0000][1][safepoint    ] Entering safepoint region: RevokeBias
[2019-12-09T01:43:40.900+0000][1][safepoint    ] Leaving safepoint region
[2019-12-09T01:43:40.900+0000][1][safepoint    ] Total time for which application threads were stopped: 0.0000545 seconds, Stopping threads took: 0.0000092 seconds
[2019-12-09T01:43:40.900+0000][1][safepoint    ] Application time: 0.0001278 seconds
[2019-12-09T01:43:40.900+0000][1][safepoint    ] Entering safepoint region: RevokeBias
[2019-12-09T01:43:40.900+0000][1][safepoint    ] Leaving safepoint region
[2019-12-09T01:43:40.900+0000][1][safepoint    ] Total time for which application threads were stopped: 0.0000573 seconds, Stopping threads took: 0.0000097 seconds
[2019-12-09T01:43:40.900+0000][1][safepoint    ] Application time: 0.0005850 seconds
[2019-12-09T01:43:40.900+0000][1][safepoint    ] Entering safepoint region: BulkRevokeBias
[2019-12-09T01:43:40.901+0000][1][safepoint    ] Leaving safepoint region
[2019-12-09T01:43:40.901+0000][1][safepoint    ] Total time for which application threads were stopped: 0.0001620 seconds, Stopping threads took: 0.0000118 seconds
[2019-12-09T01:43:40.901+0000][1][safepoint    ] Application time: 0.0001318 seconds
[2019-12-09T01:43:40.901+0000][1][safepoint    ] Entering safepoint region: RevokeBias
[2019-12-09T01:43:40.901+0000][1][safepoint    ] Leaving safepoint region
[2019-12-09T01:43:40.901+0000][1][safepoint    ] Total time for which application threads were stopped: 0.0000640 seconds, Stopping threads took: 0.0000109 seconds
[2019-12-09T01:43:40.921+0000][1][safepoint    ] Application time: 0.0203822 seconds
[2019-12-09T01:43:40.921+0000][1][safepoint    ] Entering safepoint region: RevokeBias
[2019-12-09T01:43:40.921+0000][1][safepoint    ] Leaving safepoint region
[2019-12-09T01:43:40.921+0000][1][safepoint    ] Total time for which application threads were stopped: 0.0000802 seconds, Stopping threads took: 0.0000124 seconds
[2019-12-09T01:43:40.936+0000][1][safepoint    ] Application time: 0.0147968 seconds
[2019-12-09T01:43:40.936+0000][1][safepoint    ] Entering safepoint region: RevokeBias
[2019-12-09T01:43:40.936+0000][1][safepoint    ] Leaving safepoint region
[2019-12-09T01:43:40.936+0000][1][safepoint    ] Total time for which application threads were stopped: 0.0000750 seconds, Stopping threads took: 0.0000128 seconds
[2019-12-09T01:43:40.938+0000][1][safepoint    ] Application time: 0.0014270 seconds
[2019-12-09T01:43:40.938+0000][1][safepoint    ] Entering safepoint region: RevokeBias
[2019-12-09T01:43:40.938+0000][1][safepoint    ] Leaving safepoint region
[2019-12-09T01:43:40.938+0000][1][safepoint    ] Total time for which application threads were stopped: 0.0000668 seconds, Stopping threads took: 0.0000118 seconds
[2019-12-09T01:43:40.949+0000][1][safepoint    ] Application time: 0.0113887 seconds
[2019-12-09T01:43:40.949+0000][1][safepoint    ] Entering safepoint region: RevokeBias
[2019-12-09T01:43:40.949+0000][1][safepoint    ] Leaving safepoint region
[2019-12-09T01:43:40.949+0000][1][safepoint    ] Total time for which application threads were stopped: 0.0001122 seconds, Stopping threads took: 0.0000443 seconds
[2019-12-09T01:43:40.950+0000][1][safepoint    ] Application time: 0.0001926 seconds
[2019-12-09T01:43:40.950+0000][1][safepoint    ] Entering safepoint region: BulkRevokeBias
[2019-12-09T01:43:40.950+0000][1][safepoint    ] Leaving safepoint region
[2019-12-09T01:43:40.950+0000][1][safepoint    ] Total time for which application threads were stopped: 0.0001818 seconds, Stopping threads took: 0.0000109 seconds
[2019-12-09T01:43:40.950+0000][1][safepoint    ] Application time: 0.0002680 seconds
[2019-12-09T01:43:40.950+0000][1][safepoint    ] Entering safepoint region: Deoptimize
[2019-12-09T01:43:40.951+0000][1][safepoint    ] Leaving safepoint region
[2019-12-09T01:43:40.951+0000][1][safepoint    ] Total time for which application threads were stopped: 0.0006619 seconds, Stopping threads took: 0.0000119 seconds
[2019-12-09T01:43:40.951+0000][1][safepoint    ] Application time: 0.0007816 seconds
[2019-12-09T01:43:40.952+0000][1][safepoint    ] Entering safepoint region: RevokeBias
[2019-12-09T01:43:40.952+0000][1][safepoint    ] Leaving safepoint region
[2019-12-09T01:43:40.952+0000][1][safepoint    ] Total time for which application threads were stopped: 0.0000471 seconds, Stopping threads took: 0.0000116 seconds
[2019-12-09T01:43:41.150+0000][1][safepoint    ] Application time: 0.1987958 seconds
[2019-12-09T01:43:41.168+0000][1][safepoint    ] Entering safepoint region: RevokeBias
[2019-12-09T01:43:41.168+0000][1][safepoint    ] Leaving safepoint region
[2019-12-09T01:43:41.168+0000][1][safepoint    ] Total time for which application threads were stopped: 0.0174189 seconds, Stopping threads took: 0.0173476 seconds
[2019-12-09T01:43:41.168+0000][1][safepoint    ] Application time: 0.0001300 seconds
[2019-12-09T01:43:41.168+0000][1][safepoint    ] Entering safepoint region: RevokeBias
[2019-12-09T01:43:41.168+0000][1][safepoint    ] Leaving safepoint region
[2019-12-09T01:43:41.168+0000][1][safepoint    ] Total time for which application threads were stopped: 0.0000436 seconds, Stopping threads took: 0.0000113 seconds
[2019-12-09T01:43:41.168+0000][1][safepoint    ] Application time: 0.0000605 seconds
[2019-12-09T01:43:41.168+0000][1][safepoint    ] Entering safepoint region: RevokeBias
[2019-12-09T01:43:41.168+0000][1][safepoint    ] Leaving safepoint region
[2019-12-09T01:43:41.168+0000][1][safepoint    ] Total time for which application threads were stopped: 0.0000322 seconds, Stopping threads took: 0.0000081 seconds
[2019-12-09T01:43:41.169+0000][1][safepoint    ] Application time: 0.0011590 seconds
[2019-12-09T01:43:41.169+0000][1][safepoint    ] Entering safepoint region: RevokeBias
[2019-12-09T01:43:41.169+0000][1][safepoint    ] Leaving safepoint region
[2019-12-09T01:43:41.169+0000][1][safepoint    ] Total time for which application threads were stopped: 0.0000631 seconds, Stopping threads took: 0.0000137 seconds
[2019-12-09T01:43:41.169+0000][1][safepoint    ] Application time: 0.0000597 seconds
[2019-12-09T01:43:41.169+0000][1][safepoint    ] Entering safepoint region: RevokeBias
[2019-12-09T01:43:41.169+0000][1][safepoint    ] Leaving safepoint region
[2019-12-09T01:43:41.169+0000][1][safepoint    ] Total time for which application threads were stopped: 0.0000454 seconds, Stopping threads took: 0.0000096 seconds
[2019-12-09T01:43:41.170+0000][1][safepoint    ] Application time: 0.0002896 seconds
[2019-12-09T01:43:41.170+0000][1][safepoint    ] Entering safepoint region: RevokeBias
[2019-12-09T01:43:41.170+0000][1][safepoint    ] Leaving safepoint region
[2019-12-09T01:43:41.170+0000][1][safepoint    ] Total time for which application threads were stopped: 0.0000557 seconds, Stopping threads took: 0.0000118 seconds
[2019-12-09T01:43:41.170+0000][1][safepoint    ] Application time: 0.0000415 seconds
[2019-12-09T01:43:41.170+0000][1][safepoint    ] Entering safepoint region: RevokeBias
[2019-12-09T01:43:41.170+0000][1][safepoint    ] Leaving safepoint region
[2019-12-09T01:43:41.170+0000][1][safepoint    ] Total time for which application threads were stopped: 0.0000453 seconds, Stopping threads took: 0.0000094 seconds
[2019-12-09T01:43:41.170+0000][1][safepoint    ] Application time: 0.0000416 seconds
[2019-12-09T01:43:41.170+0000][1][safepoint    ] Entering safepoint region: RevokeBias
[2019-12-09T01:43:41.170+0000][1][safepoint    ] Leaving safepoint region
[2019-12-09T01:43:41.170+0000][1][safepoint    ] Total time for which application threads were stopped: 0.0000423 seconds, Stopping threads took: 0.0000089 seconds
[2019-12-09T01:43:41.184+0000][1][safepoint    ] Application time: 0.0143808 seconds
[2019-12-09T01:43:41.190+0000][1][safepoint    ] Entering safepoint region: RevokeBias
[2019-12-09T01:43:41.190+0000][1][safepoint    ] Leaving safepoint region
[2019-12-09T01:43:41.190+0000][1][safepoint    ] Total time for which application threads were stopped: 0.0053829 seconds, Stopping threads took: 0.0052795 seconds
[2019-12-09T01:43:41.190+0000][1][safepoint    ] Application time: 0.0000736 seconds
[2019-12-09T01:43:41.190+0000][1][safepoint    ] Entering safepoint region: RevokeBias
[2019-12-09T01:43:41.190+0000][1][safepoint    ] Leaving safepoint region
[2019-12-09T01:43:41.190+0000][1][safepoint    ] Total time for which application threads were stopped: 0.0000913 seconds, Stopping threads took: 0.0000099 seconds
[2019-12-09T01:43:41.193+0000][1][safepoint    ] Application time: 0.0029258 seconds
[2019-12-09T01:43:41.197+0000][1][safepoint    ] Entering safepoint region: RevokeBias
[2019-12-09T01:43:41.197+0000][1][safepoint    ] Leaving safepoint region
[2019-12-09T01:43:41.197+0000][1][safepoint    ] Total time for which application threads were stopped: 0.0039302 seconds, Stopping threads took: 0.0038444 seconds
[2019-12-09T01:43:41.278+0000][1][safepoint    ] Application time: 0.0809533 seconds
[2019-12-09T01:43:41.323+0000][1][safepoint    ] Entering safepoint region: RevokeBias
[2019-12-09T01:43:41.323+0000][1][safepoint    ] Leaving safepoint region
[2019-12-09T01:43:41.323+0000][1][safepoint    ] Total time for which application threads were stopped: 0.0450065 seconds, Stopping threads took: 0.0448928 seconds
[2019-12-09T01:43:41.323+0000][1][safepoint    ] Application time: 0.0000705 seconds
[2019-12-09T01:43:41.323+0000][1][safepoint    ] Entering safepoint region: RevokeBias
[2019-12-09T01:43:41.323+0000][1][safepoint    ] Leaving safepoint region
[2019-12-09T01:43:41.323+0000][1][safepoint    ] Total time for which application threads were stopped: 0.0000830 seconds, Stopping threads took: 0.0000107 seconds
[2019-12-09T01:43:41.324+0000][1][safepoint    ] Application time: 0.0008683 seconds
[2019-12-09T01:43:41.324+0000][1][safepoint    ] Entering safepoint region: RevokeBias
[2019-12-09T01:43:41.324+0000][1][safepoint    ] Leaving safepoint region
[2019-12-09T01:43:41.324+0000][1][safepoint    ] Total time for which application threads were stopped: 0.0000991 seconds, Stopping threads took: 0.0000137 seconds
[2019-12-09T01:43:41.324+0000][1][safepoint    ] Application time: 0.0000924 seconds
[2019-12-09T01:43:41.324+0000][1][safepoint    ] Entering safepoint region: RevokeBias
[2019-12-09T01:43:41.324+0000][1][safepoint    ] Leaving safepoint region
[2019-12-09T01:43:41.324+0000][1][safepoint    ] Total time for which application threads were stopped: 0.0000745 seconds, Stopping threads took: 0.0000092 seconds
[2019-12-09T01:43:41.324+0000][1][safepoint    ] Application time: 0.0000421 seconds
[2019-12-09T01:43:41.324+0000][1][safepoint    ] Entering safepoint region: RevokeBias
[2019-12-09T01:43:41.324+0000][1][safepoint    ] Leaving safepoint region
[2019-12-09T01:43:41.324+0000][1][safepoint    ] Total time for which application threads were stopped: 0.0000693 seconds, Stopping threads took: 0.0000088 seconds
[2019-12-09T01:43:41.325+0000][1][safepoint    ] Application time: 0.0006272 seconds
[2019-12-09T01:43:41.325+0000][1][safepoint    ] Entering safepoint region: RevokeBias
[2019-12-09T01:43:41.325+0000][1][safepoint    ] Leaving safepoint region
[2019-12-09T01:43:41.325+0000][1][safepoint    ] Total time for which application threads were stopped: 0.0000897 seconds, Stopping threads took: 0.0000122 seconds
[2019-12-09T01:43:41.326+0000][1][safepoint    ] Application time: 0.0005705 seconds
[2019-12-09T01:43:41.326+0000][1][safepoint    ] Entering safepoint region: RevokeBias
[2019-12-09T01:43:41.326+0000][1][safepoint    ] Leaving safepoint region
[2019-12-09T01:43:41.326+0000][1][safepoint    ] Total time for which application threads were stopped: 0.0000493 seconds, Stopping threads took: 0.0000122 seconds
[2019-12-09T01:43:41.326+0000][1][safepoint    ] Application time: 0.0001153 seconds
[2019-12-09T01:43:41.326+0000][1][safepoint    ] Entering safepoint region: RevokeBias
[2019-12-09T01:43:41.326+0000][1][safepoint    ] Leaving safepoint region
[2019-12-09T01:43:41.326+0000][1][safepoint    ] Total time for which application threads were stopped: 0.0000407 seconds, Stopping threads took: 0.0000091 seconds
[2019-12-09T01:43:41.326+0000][1][safepoint    ] Application time: 0.0001113 seconds
[2019-12-09T01:43:41.326+0000][1][safepoint    ] Entering safepoint region: RevokeBias
[2019-12-09T01:43:41.326+0000][1][safepoint    ] Leaving safepoint region
[2019-12-09T01:43:41.326+0000][1][safepoint    ] Total time for which application threads were stopped: 0.0000753 seconds, Stopping threads took: 0.0000092 seconds
[2019-12-09T01:43:41.327+0000][1][safepoint    ] Application time: 0.0012574 seconds
[2019-12-09T01:43:41.328+0000][1][safepoint    ] Entering safepoint region: RevokeBias
[2019-12-09T01:43:41.328+0000][1][safepoint    ] Leaving safepoint region
[2019-12-09T01:43:41.328+0000][1][safepoint    ] Total time for which application threads were stopped: 0.0000826 seconds, Stopping threads took: 0.0000122 seconds
[2019-12-09T01:43:41.328+0000][1][safepoint    ] Application time: 0.0000470 seconds
[2019-12-09T01:43:41.328+0000][1][safepoint    ] Entering safepoint region: RevokeBias
[2019-12-09T01:43:41.328+0000][1][safepoint    ] Leaving safepoint region
[2019-12-09T01:43:41.328+0000][1][safepoint    ] Total time for which application threads were stopped: 0.0000920 seconds, Stopping threads took: 0.0000090 seconds
[2019-12-09T01:43:41.332+0000][1][safepoint    ] Application time: 0.0041166 seconds
[2019-12-09T01:43:41.406+0000][1][safepoint    ] Entering safepoint region: RevokeBias
[2019-12-09T01:43:41.407+0000][1][safepoint    ] Leaving safepoint region
[2019-12-09T01:43:41.407+0000][1][safepoint    ] Total time for which application threads were stopped: 0.0746810 seconds, Stopping threads took: 0.0746128 seconds
[2019-12-09T01:43:41.410+0000][1][safepoint    ] Application time: 0.0032501 seconds
[2019-12-09T01:43:41.410+0000][1][safepoint    ] Entering safepoint region: RevokeBias
[2019-12-09T01:43:41.410+0000][1][safepoint    ] Leaving safepoint region
[2019-12-09T01:43:41.410+0000][1][safepoint    ] Total time for which application threads were stopped: 0.0001325 seconds, Stopping threads took: 0.0000888 seconds
[2019-12-09T01:43:41.410+0000][1][safepoint    ] Application time: 0.0000855 seconds
[2019-12-09T01:43:41.410+0000][1][safepoint    ] Entering safepoint region: RevokeBias
[2019-12-09T01:43:41.410+0000][1][safepoint    ] Leaving safepoint region
[2019-12-09T01:43:41.410+0000][1][safepoint    ] Total time for which application threads were stopped: 0.0000420 seconds, Stopping threads took: 0.0000096 seconds
[2019-12-09T01:43:41.411+0000][1][safepoint    ] Application time: 0.0006310 seconds
[2019-12-09T01:43:41.411+0000][1][safepoint    ] Entering safepoint region: RevokeBias
[2019-12-09T01:43:41.411+0000][1][safepoint    ] Leaving safepoint region
[2019-12-09T01:43:41.411+0000][1][safepoint    ] Total time for which application threads were stopped: 0.0000554 seconds, Stopping threads took: 0.0000132 seconds
[2019-12-09T01:43:41.411+0000][1][safepoint    ] Application time: 0.0000628 seconds
[2019-12-09T01:43:41.411+0000][1][safepoint    ] Entering safepoint region: RevokeBias
[2019-12-09T01:43:41.411+0000][1][safepoint    ] Leaving safepoint region
[2019-12-09T01:43:41.411+0000][1][safepoint    ] Total time for which application threads were stopped: 0.0000423 seconds, Stopping threads took: 0.0000091 seconds
[2019-12-09T01:43:41.475+0000][1][safepoint    ] Application time: 0.0637443 seconds
[2019-12-09T01:43:41.507+0000][1][safepoint    ] Entering safepoint region: RevokeBias
[2019-12-09T01:43:41.507+0000][1][safepoint    ] Leaving safepoint region
[2019-12-09T01:43:41.507+0000][1][safepoint    ] Total time for which application threads were stopped: 0.0322627 seconds, Stopping threads took: 0.0321405 seconds
[2019-12-09T01:43:41.522+0000][1][safepoint    ] Application time: 0.0149211 seconds
[2019-12-09T01:43:41.554+0000][1][safepoint    ] Entering safepoint region: RevokeBias
[2019-12-09T01:43:41.554+0000][1][safepoint    ] Leaving safepoint region
[2019-12-09T01:43:41.554+0000][1][safepoint    ] Total time for which application threads were stopped: 0.0321188 seconds, Stopping threads took: 0.0319536 seconds
[2019-12-09T01:43:41.561+0000][1][safepoint    ] Application time: 0.0068525 seconds
[2019-12-09T01:43:41.626+0000][1][safepoint    ] Entering safepoint region: RevokeBias
[2019-12-09T01:43:41.626+0000][1][safepoint    ] Leaving safepoint region
[2019-12-09T01:43:41.626+0000][1][safepoint    ] Total time for which application threads were stopped: 0.0654070 seconds, Stopping threads took: 0.0653255 seconds
[2019-12-09T01:43:41.709+0000][1][safepoint    ] Application time: 0.0823486 seconds
[2019-12-09T01:43:41.713+0000][1][safepoint    ] Entering safepoint region: RevokeBias
[2019-12-09T01:43:41.713+0000][1][safepoint    ] Leaving safepoint region
[2019-12-09T01:43:41.713+0000][1][safepoint    ] Total time for which application threads were stopped: 0.0040945 seconds, Stopping threads took: 0.0040173 seconds
[2019-12-09T01:43:41.713+0000][1][safepoint    ] Application time: 0.0001317 seconds
[2019-12-09T01:43:41.713+0000][1][safepoint    ] Entering safepoint region: RevokeBias
[2019-12-09T01:43:41.713+0000][1][safepoint    ] Leaving safepoint region
[2019-12-09T01:43:41.713+0000][1][safepoint    ] Total time for which application threads were stopped: 0.0000638 seconds, Stopping threads took: 0.0000103 seconds
[2019-12-09T01:43:41.724+0000][1][safepoint    ] Application time: 0.0107042 seconds
[2019-12-09T01:43:41.731+0000][1][safepoint    ] Entering safepoint region: RevokeBias
[2019-12-09T01:43:41.731+0000][1][safepoint    ] Leaving safepoint region
[2019-12-09T01:43:41.731+0000][1][safepoint    ] Total time for which application threads were stopped: 0.0069879 seconds, Stopping threads took: 0.0069236 seconds
[2019-12-09T01:43:41.731+0000][1][safepoint    ] Application time: 0.0006323 seconds
[2019-12-09T01:43:41.731+0000][1][safepoint    ] Entering safepoint region: RevokeBias
[2019-12-09T01:43:41.732+0000][1][safepoint    ] Leaving safepoint region
[2019-12-09T01:43:41.732+0000][1][safepoint    ] Total time for which application threads were stopped: 0.0000615 seconds, Stopping threads took: 0.0000128 seconds
[2019-12-09T01:43:41.732+0000][1][safepoint    ] Application time: 0.0000668 seconds
[2019-12-09T01:43:41.732+0000][1][safepoint    ] Entering safepoint region: RevokeBias
[2019-12-09T01:43:41.732+0000][1][safepoint    ] Leaving safepoint region
[2019-12-09T01:43:41.732+0000][1][safepoint    ] Total time for which application threads were stopped: 0.0000636 seconds, Stopping threads took: 0.0000092 seconds
[2019-12-09T01:43:41.732+0000][1][safepoint    ] Application time: 0.0004653 seconds
[2019-12-09T01:43:41.732+0000][1][safepoint    ] Entering safepoint region: RevokeBias
[2019-12-09T01:43:41.732+0000][1][safepoint    ] Leaving safepoint region
[2019-12-09T01:43:41.732+0000][1][safepoint    ] Total time for which application threads were stopped: 0.0000551 seconds, Stopping threads took: 0.0000110 seconds
[2019-12-09T01:43:41.753+0000][1][safepoint    ] Application time: 0.0206116 seconds
[2019-12-09T01:43:41.753+0000][1][safepoint    ] Entering safepoint region: RevokeBias
[2019-12-09T01:43:41.753+0000][1][safepoint    ] Leaving safepoint region
[2019-12-09T01:43:41.753+0000][1][safepoint    ] Total time for which application threads were stopped: 0.0004288 seconds, Stopping threads took: 0.0003403 seconds
[2019-12-09T01:43:41.819+0000][1][safepoint    ] Application time: 0.0654394 seconds
[2019-12-09T01:43:41.880+0000][1][safepoint    ] Entering safepoint region: RevokeBias
[2019-12-09T01:43:41.881+0000][1][safepoint    ] Leaving safepoint region
[2019-12-09T01:43:41.881+0000][1][safepoint    ] Total time for which application threads were stopped: 0.0617510 seconds, Stopping threads took: 0.0615943 seconds
[2019-12-09T01:43:41.946+0000][1][safepoint    ] Application time: 0.0653515 seconds
[2019-12-09T01:43:41.983+0000][1][safepoint    ] Entering safepoint region: RevokeBias
[2019-12-09T01:43:41.983+0000][1][safepoint    ] Leaving safepoint region
[2019-12-09T01:43:41.983+0000][1][safepoint    ] Total time for which application threads were stopped: 0.0372523 seconds, Stopping threads took: 0.0371414 seconds
[2019-12-09T01:43:41.985+0000][1][safepoint    ] Application time: 0.0018305 seconds
[2019-12-09T01:43:42.015+0000][1][safepoint    ] Entering safepoint region: RevokeBias
[2019-12-09T01:43:42.015+0000][1][safepoint    ] Leaving safepoint region
[2019-12-09T01:43:42.015+0000][1][safepoint    ] Total time for which application threads were stopped: 0.0299606 seconds, Stopping threads took: 0.0297725 seconds
[2019-12-09T01:43:42.072+0000][1][safepoint    ] Application time: 0.0566949 seconds
[2019-12-09T01:43:42.072+0000][1][safepoint    ] Entering safepoint region: RevokeBias
[2019-12-09T01:43:42.072+0000][1][safepoint    ] Leaving safepoint region
[2019-12-09T01:43:42.072+0000][1][safepoint    ] Total time for which application threads were stopped: 0.0001213 seconds, Stopping threads took: 0.0000210 seconds
[2019-12-09T01:43:42.076+0000][1][safepoint    ] Application time: 0.0045210 seconds
[2019-12-09T01:43:42.076+0000][1][safepoint    ] Entering safepoint region: RevokeBias
[2019-12-09T01:43:42.077+0000][1][safepoint    ] Leaving safepoint region
[2019-12-09T01:43:42.077+0000][1][safepoint    ] Total time for which application threads were stopped: 0.0000921 seconds, Stopping threads took: 0.0000155 seconds
[2019-12-09T01:43:42.082+0000][1][safepoint    ] Application time: 0.0053555 seconds
[2019-12-09T01:43:42.082+0000][1][safepoint    ] Entering safepoint region: RevokeBias
[2019-12-09T01:43:42.082+0000][1][safepoint    ] Leaving safepoint region
[2019-12-09T01:43:42.082+0000][1][safepoint    ] Total time for which application threads were stopped: 0.0000967 seconds, Stopping threads took: 0.0000151 seconds
[2019-12-09T01:43:42.085+0000][1][safepoint    ] Application time: 0.0025370 seconds
[2019-12-09T01:43:42.085+0000][1][safepoint    ] Entering safepoint region: RevokeBias
[2019-12-09T01:43:42.085+0000][1][safepoint    ] Leaving safepoint region
[2019-12-09T01:43:42.085+0000][1][safepoint    ] Total time for which application threads were stopped: 0.0001262 seconds, Stopping threads took: 0.0000286 seconds
[2019-12-09T01:43:42.109+0000][1][safepoint    ] Application time: 0.0240077 seconds
[2019-12-09T01:43:42.109+0000][1][safepoint    ] Entering safepoint region: RevokeBias
[2019-12-09T01:43:42.109+0000][1][safepoint    ] Leaving safepoint region
[2019-12-09T01:43:42.109+0000][1][safepoint    ] Total time for which application threads were stopped: 0.0001309 seconds, Stopping threads took: 0.0000167 seconds
[2019-12-09T01:43:42.113+0000][1][safepoint    ] Application time: 0.0038181 seconds
[2019-12-09T01:43:42.113+0000][1][safepoint    ] Entering safepoint region: RevokeBias
[2019-12-09T01:43:42.113+0000][1][safepoint    ] Leaving safepoint region
[2019-12-09T01:43:42.113+0000][1][safepoint    ] Total time for which application threads were stopped: 0.0001420 seconds, Stopping threads took: 0.0000145 seconds
[2019-12-09T01:43:42.114+0000][1][safepoint    ] Application time: 0.0007261 seconds
[2019-12-09T01:43:42.114+0000][1][safepoint    ] Entering safepoint region: RevokeBias
[2019-12-09T01:43:42.114+0000][1][safepoint    ] Leaving safepoint region
[2019-12-09T01:43:42.114+0000][1][safepoint    ] Total time for which application threads were stopped: 0.0001066 seconds, Stopping threads took: 0.0000136 seconds
[2019-12-09T01:43:42.134+0000][1][safepoint    ] Application time: 0.0202245 seconds
[2019-12-09T01:43:42.134+0000][1][safepoint    ] Entering safepoint region: RevokeBias
[2019-12-09T01:43:42.134+0000][1][safepoint    ] Leaving safepoint region
[2019-12-09T01:43:42.134+0000][1][safepoint    ] Total time for which application threads were stopped: 0.0001079 seconds, Stopping threads took: 0.0000179 seconds
[2019-12-09T01:43:42.197+0000][1][safepoint    ] Application time: 0.0632694 seconds
[2019-12-09T01:43:42.197+0000][1][safepoint    ] Entering safepoint region: RevokeBias
[2019-12-09T01:43:42.198+0000][1][safepoint    ] Leaving safepoint region
[2019-12-09T01:43:42.198+0000][1][safepoint    ] Total time for which application threads were stopped: 0.0001589 seconds, Stopping threads took: 0.0000845 seconds
[2019-12-09T01:43:42.245+0000][1][safepoint    ] Application time: 0.0471417 seconds
[2019-12-09T01:43:42.283+0000][1][safepoint    ] Entering safepoint region: RevokeBias
[2019-12-09T01:43:42.283+0000][1][safepoint    ] Leaving safepoint region
[2019-12-09T01:43:42.283+0000][1][safepoint    ] Total time for which application threads were stopped: 0.0380873 seconds, Stopping threads took: 0.0379804 seconds
[2019-12-09T01:43:42.319+0000][1][safepoint    ] Application time: 0.0358400 seconds
[2019-12-09T01:43:42.412+0000][1][safepoint    ] Entering safepoint region: RevokeBias
[2019-12-09T01:43:42.412+0000][1][safepoint    ] Leaving safepoint region
[2019-12-09T01:43:42.412+0000][1][safepoint    ] Total time for which application threads were stopped: 0.0933066 seconds, Stopping threads took: 0.0932026 seconds
[2019-12-09T01:43:42.478+0000][1][safepoint    ] Application time: 0.0664449 seconds
[2019-12-09T01:43:42.522+0000][1][safepoint    ] Entering safepoint region: BulkRevokeBias
[2019-12-09T01:43:42.522+0000][1][safepoint    ] Leaving safepoint region
[2019-12-09T01:43:42.522+0000][1][safepoint    ] Total time for which application threads were stopped: 0.0436252 seconds, Stopping threads took: 0.0432712 seconds
[2019-12-09T01:43:42.564+0000][1][safepoint    ] Application time: 0.0414440 seconds
[2019-12-09T01:43:42.564+0000][1][safepoint    ] Entering safepoint region: RevokeBias
[2019-12-09T01:43:42.564+0000][1][safepoint    ] Leaving safepoint region
[2019-12-09T01:43:42.564+0000][1][safepoint    ] Total time for which application threads were stopped: 0.0002536 seconds, Stopping threads took: 0.0001346 seconds
[2019-12-09T01:43:42.588+0000][1][safepoint    ] Application time: 0.0239130 seconds
[2019-12-09T01:43:42.589+0000][1][safepoint    ] Entering safepoint region: RevokeBias
[2019-12-09T01:43:42.589+0000][1][safepoint    ] Leaving safepoint region
[2019-12-09T01:43:42.589+0000][1][safepoint    ] Total time for which application threads were stopped: 0.0015074 seconds, Stopping threads took: 0.0012786 seconds
[2019-12-09T01:43:42.592+0000][1][safepoint    ] Application time: 0.0028256 seconds
[2019-12-09T01:43:42.592+0000][1][safepoint    ] Entering safepoint region: RevokeBias
[2019-12-09T01:43:42.592+0000][1][safepoint    ] Leaving safepoint region
[2019-12-09T01:43:42.592+0000][1][safepoint    ] Total time for which application threads were stopped: 0.0001840 seconds, Stopping threads took: 0.0000738 seconds
[2019-12-09T01:43:42.594+0000][1][safepoint    ] Application time: 0.0019797 seconds
[2019-12-09T01:43:42.594+0000][1][safepoint    ] Entering safepoint region: RevokeBias
[2019-12-09T01:43:42.594+0000][1][safepoint    ] Leaving safepoint region
[2019-12-09T01:43:42.594+0000][1][safepoint    ] Total time for which application threads were stopped: 0.0000776 seconds, Stopping threads took: 0.0000124 seconds
[2019-12-09T01:43:42.598+0000][1][safepoint    ] Application time: 0.0035283 seconds
[2019-12-09T01:43:42.598+0000][1][safepoint    ] Entering safepoint region: RevokeBias
[2019-12-09T01:43:42.598+0000][1][safepoint    ] Leaving safepoint region
[2019-12-09T01:43:42.598+0000][1][safepoint    ] Total time for which application threads were stopped: 0.0000690 seconds, Stopping threads took: 0.0000125 seconds
[2019-12-09T01:43:42.600+0000][1][safepoint    ] Application time: 0.0016321 seconds
[2019-12-09T01:43:42.600+0000][1][safepoint    ] Entering safepoint region: RevokeBias
[2019-12-09T01:43:42.600+0000][1][safepoint    ] Leaving safepoint region
[2019-12-09T01:43:42.600+0000][1][safepoint    ] Total time for which application threads were stopped: 0.0000716 seconds, Stopping threads took: 0.0000135 seconds
[2019-12-09T01:43:42.600+0000][1][safepoint    ] Application time: 0.0001596 seconds
[2019-12-09T01:43:42.600+0000][1][safepoint    ] Entering safepoint region: RevokeBias
[2019-12-09T01:43:42.600+0000][1][safepoint    ] Leaving safepoint region
[2019-12-09T01:43:42.600+0000][1][safepoint    ] Total time for which application threads were stopped: 0.0000711 seconds, Stopping threads took: 0.0000099 seconds
[2019-12-09T01:43:42.601+0000][1][safepoint    ] Application time: 0.0004540 seconds
[2019-12-09T01:43:42.601+0000][1][safepoint    ] Entering safepoint region: RevokeBias
[2019-12-09T01:43:42.601+0000][1][safepoint    ] Leaving safepoint region
[2019-12-09T01:43:42.601+0000][1][safepoint    ] Total time for which application threads were stopped: 0.0000698 seconds, Stopping threads took: 0.0000124 seconds
[2019-12-09T01:43:42.602+0000][1][safepoint    ] Application time: 0.0011285 seconds
[2019-12-09T01:43:42.602+0000][1][safepoint    ] Entering safepoint region: RevokeBias
[2019-12-09T01:43:42.602+0000][1][safepoint    ] Leaving safepoint region
[2019-12-09T01:43:42.602+0000][1][safepoint    ] Total time for which application threads were stopped: 0.0000822 seconds, Stopping threads took: 0.0000133 seconds
[2019-12-09T01:43:42.609+0000][1][safepoint    ] Application time: 0.0068083 seconds
[2019-12-09T01:43:42.609+0000][1][safepoint    ] Entering safepoint region: RevokeBias
[2019-12-09T01:43:42.609+0000][1][safepoint    ] Leaving safepoint region
[2019-12-09T01:43:42.609+0000][1][safepoint    ] Total time for which application threads were stopped: 0.0002644 seconds, Stopping threads took: 0.0001976 seconds
[2019-12-09T01:43:42.610+0000][1][safepoint    ] Application time: 0.0008654 seconds
[2019-12-09T01:43:42.610+0000][1][safepoint    ] Entering safepoint region: RevokeBias
[2019-12-09T01:43:42.610+0000][1][safepoint    ] Leaving safepoint region
[2019-12-09T01:43:42.610+0000][1][safepoint    ] Total time for which application threads were stopped: 0.0000629 seconds, Stopping threads took: 0.0000124 seconds
[2019-12-09T01:43:42.610+0000][1][safepoint    ] Application time: 0.0000897 seconds
[2019-12-09T01:43:42.610+0000][1][safepoint    ] Entering safepoint region: RevokeBias
[2019-12-09T01:43:42.610+0000][1][safepoint    ] Leaving safepoint region
[2019-12-09T01:43:42.610+0000][1][safepoint    ] Total time for which application threads were stopped: 0.0000604 seconds, Stopping threads took: 0.0000191 seconds
[2019-12-09T01:43:42.610+0000][1][safepoint    ] Application time: 0.0000585 seconds
[2019-12-09T01:43:42.610+0000][1][safepoint    ] Entering safepoint region: RevokeBias
[2019-12-09T01:43:42.610+0000][1][safepoint    ] Leaving safepoint region
[2019-12-09T01:43:42.610+0000][1][safepoint    ] Total time for which application threads were stopped: 0.0000482 seconds, Stopping threads took: 0.0000094 seconds
[2019-12-09T01:43:42.638+0000][1][safepoint    ] Application time: 0.0274382 seconds
[2019-12-09T01:43:42.638+0000][1][safepoint    ] Entering safepoint region: RevokeBias
[2019-12-09T01:43:42.638+0000][1][safepoint    ] Leaving safepoint region
[2019-12-09T01:43:42.638+0000][1][safepoint    ] Total time for which application threads were stopped: 0.0000742 seconds, Stopping threads took: 0.0000161 seconds
[2019-12-09T01:43:42.666+0000][1][safepoint    ] Application time: 0.0282446 seconds
[2019-12-09T01:43:42.666+0000][1][safepoint    ] Entering safepoint region: RevokeBias
[2019-12-09T01:43:42.666+0000][1][safepoint    ] Leaving safepoint region
[2019-12-09T01:43:42.666+0000][1][safepoint    ] Total time for which application threads were stopped: 0.0003944 seconds, Stopping threads took: 0.0003105 seconds
[2019-12-09T01:43:42.673+0000][1][safepoint    ] Application time: 0.0069546 seconds
[2019-12-09T01:43:42.692+0000][1][safepoint    ] Entering safepoint region: RevokeBias
[2019-12-09T01:43:42.692+0000][1][safepoint    ] Leaving safepoint region
[2019-12-09T01:43:42.692+0000][1][safepoint    ] Total time for which application threads were stopped: 0.0185046 seconds, Stopping threads took: 0.0183869 seconds
[2019-12-09T01:43:42.692+0000][1][safepoint    ] Application time: 0.0004948 seconds
[2019-12-09T01:43:42.692+0000][1][safepoint    ] Entering safepoint region: RevokeBias
[2019-12-09T01:43:42.693+0000][1][safepoint    ] Leaving safepoint region
[2019-12-09T01:43:42.693+0000][1][safepoint    ] Total time for which application threads were stopped: 0.0001006 seconds, Stopping threads took: 0.0000122 seconds
[2019-12-09T01:43:42.693+0000][1][safepoint    ] Application time: 0.0002121 seconds
[2019-12-09T01:43:42.693+0000][1][safepoint    ] Entering safepoint region: RevokeBias
[2019-12-09T01:43:42.693+0000][1][safepoint    ] Leaving safepoint region
[2019-12-09T01:43:42.693+0000][1][safepoint    ] Total time for which application threads were stopped: 0.0000842 seconds, Stopping threads took: 0.0000102 seconds
[2019-12-09T01:43:42.693+0000][1][safepoint    ] Application time: 0.0003620 seconds
[2019-12-09T01:43:42.693+0000][1][safepoint    ] Entering safepoint region: RevokeBias
[2019-12-09T01:43:42.693+0000][1][safepoint    ] Leaving safepoint region
[2019-12-09T01:43:42.693+0000][1][safepoint    ] Total time for which application threads were stopped: 0.0000782 seconds, Stopping threads took: 0.0000100 seconds
[2019-12-09T01:43:42.696+0000][1][safepoint    ] Application time: 0.0024178 seconds
[2019-12-09T01:43:42.696+0000][1][safepoint    ] Entering safepoint region: RevokeBias
[2019-12-09T01:43:42.696+0000][1][safepoint    ] Leaving safepoint region
[2019-12-09T01:43:42.696+0000][1][safepoint    ] Total time for which application threads were stopped: 0.0000800 seconds, Stopping threads took: 0.0000128 seconds
[2019-12-09T01:43:42.700+0000][1][safepoint    ] Application time: 0.0043644 seconds
[2019-12-09T01:43:42.700+0000][1][safepoint    ] Entering safepoint region: RevokeBias
[2019-12-09T01:43:42.700+0000][1][safepoint    ] Leaving safepoint region
[2019-12-09T01:43:42.700+0000][1][safepoint    ] Total time for which application threads were stopped: 0.0001543 seconds, Stopping threads took: 0.0000676 seconds
[2019-12-09T01:43:42.701+0000][1][safepoint    ] Application time: 0.0001356 seconds
[2019-12-09T01:43:42.701+0000][1][safepoint    ] Entering safepoint region: RevokeBias
[2019-12-09T01:43:42.701+0000][1][safepoint    ] Leaving safepoint region
[2019-12-09T01:43:42.701+0000][1][safepoint    ] Total time for which application threads were stopped: 0.0001031 seconds, Stopping threads took: 0.0000118 seconds
[2019-12-09T01:43:42.705+0000][1][safepoint    ] Application time: 0.0042461 seconds
[2019-12-09T01:43:42.705+0000][1][safepoint    ] Entering safepoint region: RevokeBias
[2019-12-09T01:43:42.705+0000][1][safepoint    ] Leaving safepoint region
[2019-12-09T01:43:42.705+0000][1][safepoint    ] Total time for which application threads were stopped: 0.0001316 seconds, Stopping threads took: 0.0000695 seconds
[2019-12-09T01:43:42.708+0000][1][safepoint    ] Application time: 0.0028819 seconds
[2019-12-09T01:43:42.708+0000][1][safepoint    ] Entering safepoint region: RevokeBias
[2019-12-09T01:43:42.708+0000][1][safepoint    ] Leaving safepoint region
[2019-12-09T01:43:42.708+0000][1][safepoint    ] Total time for which application threads were stopped: 0.0000751 seconds, Stopping threads took: 0.0000108 seconds
[2019-12-09T01:43:42.708+0000][1][safepoint    ] Application time: 0.0000435 seconds
[2019-12-09T01:43:42.708+0000][1][safepoint    ] Entering safepoint region: RevokeBias
[2019-12-09T01:43:42.708+0000][1][safepoint    ] Leaving safepoint region
[2019-12-09T01:43:42.708+0000][1][safepoint    ] Total time for which application threads were stopped: 0.0000410 seconds, Stopping threads took: 0.0000077 seconds
[2019-12-09T01:43:42.710+0000][1][safepoint    ] Application time: 0.0018682 seconds
[2019-12-09T01:43:42.710+0000][1][safepoint    ] Entering safepoint region: RevokeBias
[2019-12-09T01:43:42.710+0000][1][safepoint    ] Leaving safepoint region
[2019-12-09T01:43:42.710+0000][1][safepoint    ] Total time for which application threads were stopped: 0.0000895 seconds, Stopping threads took: 0.0000121 seconds
[2019-12-09T01:43:42.711+0000][1][safepoint    ] Application time: 0.0004471 seconds
[2019-12-09T01:43:42.711+0000][1][safepoint    ] Entering safepoint region: RevokeBias
[2019-12-09T01:43:42.711+0000][1][safepoint    ] Leaving safepoint region
[2019-12-09T01:43:42.711+0000][1][safepoint    ] Total time for which application threads were stopped: 0.0000894 seconds, Stopping threads took: 0.0000306 seconds
[2019-12-09T01:43:42.712+0000][1][safepoint    ] Application time: 0.0009613 seconds
[2019-12-09T01:43:42.712+0000][1][safepoint    ] Entering safepoint region: RevokeBias
[2019-12-09T01:43:42.712+0000][1][safepoint    ] Leaving safepoint region
[2019-12-09T01:43:42.712+0000][1][safepoint    ] Total time for which application threads were stopped: 0.0001191 seconds, Stopping threads took: 0.0000704 seconds
[2019-12-09T01:43:42.774+0000][1][safepoint    ] Application time: 0.0618585 seconds
[2019-12-09T01:43:42.774+0000][1][safepoint    ] Entering safepoint region: BulkRevokeBias
[2019-12-09T01:43:42.791+0000][1][safepoint    ] Leaving safepoint region
[2019-12-09T01:43:42.791+0000][1][safepoint    ] Total time for which application threads were stopped: 0.0176885 seconds, Stopping threads took: 0.0000188 seconds
[2019-12-09T01:43:42.811+0000][1][safepoint    ] Application time: 0.0197978 seconds
[2019-12-09T01:43:42.811+0000][1][safepoint    ] Entering safepoint region: RevokeBias
[2019-12-09T01:43:42.811+0000][1][safepoint    ] Leaving safepoint region
[2019-12-09T01:43:42.811+0000][1][safepoint    ] Total time for which application threads were stopped: 0.0001157 seconds, Stopping threads took: 0.0000181 seconds
[2019-12-09T01:43:42.817+0000][1][safepoint    ] Application time: 0.0057471 seconds
[2019-12-09T01:43:42.837+0000][1][safepoint    ] Entering safepoint region: RevokeBias
[2019-12-09T01:43:42.837+0000][1][safepoint    ] Leaving safepoint region
[2019-12-09T01:43:42.837+0000][1][safepoint    ] Total time for which application threads were stopped: 0.0196749 seconds, Stopping threads took: 0.0195605 seconds
[2019-12-09T01:43:42.857+0000][1][safepoint    ] Application time: 0.0197177 seconds
[2019-12-09T01:43:42.886+0000][1][safepoint    ] Entering safepoint region: RevokeBias
[2019-12-09T01:43:42.886+0000][1][safepoint    ] Leaving safepoint region
[2019-12-09T01:43:42.886+0000][1][safepoint    ] Total time for which application threads were stopped: 0.0293471 seconds, Stopping threads took: 0.0292370 seconds
[2019-12-09T01:43:42.887+0000][1][safepoint    ] Application time: 0.0006303 seconds
[2019-12-09T01:43:42.887+0000][1][safepoint    ] Entering safepoint region: RevokeBias
[2019-12-09T01:43:42.887+0000][1][safepoint    ] Leaving safepoint region
[2019-12-09T01:43:42.887+0000][1][safepoint    ] Total time for which application threads were stopped: 0.0001115 seconds, Stopping threads took: 0.0000156 seconds
[2019-12-09T01:43:42.887+0000][1][safepoint    ] Application time: 0.0003475 seconds
[2019-12-09T01:43:42.887+0000][1][safepoint    ] Entering safepoint region: RevokeBias
[2019-12-09T01:43:42.887+0000][1][safepoint    ] Leaving safepoint region
[2019-12-09T01:43:42.887+0000][1][safepoint    ] Total time for which application threads were stopped: 0.0000653 seconds, Stopping threads took: 0.0000110 seconds
[2019-12-09T01:43:42.888+0000][1][safepoint    ] Application time: 0.0004305 seconds
[2019-12-09T01:43:42.888+0000][1][safepoint    ] Entering safepoint region: RevokeBias
[2019-12-09T01:43:42.888+0000][1][safepoint    ] Leaving safepoint region
[2019-12-09T01:43:42.888+0000][1][safepoint    ] Total time for which application threads were stopped: 0.0000865 seconds, Stopping threads took: 0.0000107 seconds
[2019-12-09T01:43:42.892+0000][1][safepoint    ] Application time: 0.0038730 seconds
[2019-12-09T01:43:42.903+0000][1][safepoint    ] Entering safepoint region: RevokeBias
[2019-12-09T01:43:42.903+0000][1][safepoint    ] Leaving safepoint region
[2019-12-09T01:43:42.903+0000][1][safepoint    ] Total time for which application threads were stopped: 0.0117343 seconds, Stopping threads took: 0.0116687 seconds
[2019-12-09T01:43:42.919+0000][1][safepoint    ] Application time: 0.0160449 seconds
[2019-12-09T01:43:42.919+0000][1][safepoint    ] Entering safepoint region: RevokeBias
[2019-12-09T01:43:42.920+0000][1][safepoint    ] Leaving safepoint region
[2019-12-09T01:43:42.920+0000][1][safepoint    ] Total time for which application threads were stopped: 0.0001654 seconds, Stopping threads took: 0.0000676 seconds
[2019-12-09T01:43:42.929+0000][1][safepoint    ] Application time: 0.0096326 seconds
[2019-12-09T01:43:42.929+0000][1][safepoint    ] Entering safepoint region: RevokeBias
[2019-12-09T01:43:42.929+0000][1][safepoint    ] Leaving safepoint region
[2019-12-09T01:43:42.929+0000][1][safepoint    ] Total time for which application threads were stopped: 0.0001375 seconds, Stopping threads took: 0.0000726 seconds
[2019-12-09T01:43:42.937+0000][1][safepoint    ] Application time: 0.0079212 seconds
[2019-12-09T01:43:42.937+0000][1][safepoint    ] Entering safepoint region: RevokeBias
[2019-12-09T01:43:42.937+0000][1][safepoint    ] Leaving safepoint region
[2019-12-09T01:43:42.937+0000][1][safepoint    ] Total time for which application threads were stopped: 0.0001298 seconds, Stopping threads took: 0.0000131 seconds
[2019-12-09T01:43:42.938+0000][1][safepoint    ] Application time: 0.0005261 seconds
[2019-12-09T01:43:42.938+0000][1][safepoint    ] Entering safepoint region: RevokeBias
[2019-12-09T01:43:42.938+0000][1][safepoint    ] Leaving safepoint region
[2019-12-09T01:43:42.938+0000][1][safepoint    ] Total time for which application threads were stopped: 0.0002278 seconds, Stopping threads took: 0.0000120 seconds
[2019-12-09T01:43:42.945+0000][1][safepoint    ] Application time: 0.0064720 seconds
[2019-12-09T01:43:42.945+0000][1][safepoint    ] Entering safepoint region: RevokeBias
[2019-12-09T01:43:42.945+0000][1][safepoint    ] Leaving safepoint region
[2019-12-09T01:43:42.945+0000][1][safepoint    ] Total time for which application threads were stopped: 0.0000626 seconds, Stopping threads took: 0.0000130 seconds
[2019-12-09T01:43:42.957+0000][1][safepoint    ] Application time: 0.0122360 seconds
[2019-12-09T01:43:42.988+0000][1][safepoint    ] Entering safepoint region: RevokeBias
[2019-12-09T01:43:42.988+0000][1][safepoint    ] Leaving safepoint region
[2019-12-09T01:43:42.988+0000][1][safepoint    ] Total time for which application threads were stopped: 0.0311622 seconds, Stopping threads took: 0.0310707 seconds
[2019-12-09T01:43:42.989+0000][1][safepoint    ] Application time: 0.0004005 seconds
[2019-12-09T01:43:42.989+0000][1][safepoint    ] Entering safepoint region: RevokeBias
[2019-12-09T01:43:42.989+0000][1][safepoint    ] Leaving safepoint region
[2019-12-09T01:43:42.989+0000][1][safepoint    ] Total time for which application threads were stopped: 0.0000812 seconds, Stopping threads took: 0.0000162 seconds
[2019-12-09T01:43:42.989+0000][1][safepoint    ] Application time: 0.0001918 seconds
[2019-12-09T01:43:42.989+0000][1][safepoint    ] Entering safepoint region: RevokeBias
[2019-12-09T01:43:42.989+0000][1][safepoint    ] Leaving safepoint region
[2019-12-09T01:43:42.989+0000][1][safepoint    ] Total time for which application threads were stopped: 0.0000639 seconds, Stopping threads took: 0.0000112 seconds
[2019-12-09T01:43:42.989+0000][1][safepoint    ] Application time: 0.0003266 seconds
[2019-12-09T01:43:42.989+0000][1][safepoint    ] Entering safepoint region: RevokeBias
[2019-12-09T01:43:42.989+0000][1][safepoint    ] Leaving safepoint region
[2019-12-09T01:43:42.989+0000][1][safepoint    ] Total time for which application threads were stopped: 0.0000616 seconds, Stopping threads took: 0.0000124 seconds
[2019-12-09T01:43:42.990+0000][1][safepoint    ] Application time: 0.0001319 seconds
[2019-12-09T01:43:42.990+0000][1][safepoint    ] Entering safepoint region: RevokeBias
[2019-12-09T01:43:42.990+0000][1][safepoint    ] Leaving safepoint region
[2019-12-09T01:43:42.990+0000][1][safepoint    ] Total time for which application threads were stopped: 0.0000760 seconds, Stopping threads took: 0.0000100 seconds
[2019-12-09T01:43:42.990+0000][1][safepoint    ] Application time: 0.0006318 seconds
[2019-12-09T01:43:42.990+0000][1][safepoint    ] Entering safepoint region: RevokeBias
[2019-12-09T01:43:42.990+0000][1][safepoint    ] Leaving safepoint region
[2019-12-09T01:43:42.990+0000][1][safepoint    ] Total time for which application threads were stopped: 0.0000685 seconds, Stopping threads took: 0.0000120 seconds
[2019-12-09T01:43:42.994+0000][1][safepoint    ] Application time: 0.0035204 seconds
[2019-12-09T01:43:42.994+0000][1][safepoint    ] Entering safepoint region: RevokeBias
[2019-12-09T01:43:42.994+0000][1][safepoint    ] Leaving safepoint region
[2019-12-09T01:43:42.994+0000][1][safepoint    ] Total time for which application threads were stopped: 0.0000694 seconds, Stopping threads took: 0.0000123 seconds
[2019-12-09T01:43:42.996+0000][1][safepoint    ] Application time: 0.0023147 seconds
[2019-12-09T01:43:42.996+0000][1][safepoint    ] Entering safepoint region: RevokeBias
[2019-12-09T01:43:42.997+0000][1][safepoint    ] Leaving safepoint region
[2019-12-09T01:43:42.997+0000][1][safepoint    ] Total time for which application threads were stopped: 0.0001570 seconds, Stopping threads took: 0.0001040 seconds
[2019-12-09T01:43:42.997+0000][1][safepoint    ] Application time: 0.0002359 seconds
[2019-12-09T01:43:42.997+0000][1][safepoint    ] Entering safepoint region: RevokeBias
[2019-12-09T01:43:42.997+0000][1][safepoint    ] Leaving safepoint region
[2019-12-09T01:43:42.997+0000][1][safepoint    ] Total time for which application threads were stopped: 0.0000614 seconds, Stopping threads took: 0.0000120 seconds
[2019-12-09T01:43:42.997+0000][1][safepoint    ] Application time: 0.0003919 seconds
[2019-12-09T01:43:42.997+0000][1][safepoint    ] Entering safepoint region: RevokeBias
[2019-12-09T01:43:42.997+0000][1][safepoint    ] Leaving safepoint region
[2019-12-09T01:43:42.997+0000][1][safepoint    ] Total time for which application threads were stopped: 0.0000519 seconds, Stopping threads took: 0.0000106 seconds
[2019-12-09T01:43:43.006+0000][1][safepoint    ] Application time: 0.0089364 seconds
[2019-12-09T01:43:43.010+0000][1][safepoint    ] Entering safepoint region: RevokeBias
[2019-12-09T01:43:43.010+0000][1][safepoint    ] Leaving safepoint region
[2019-12-09T01:43:43.010+0000][1][safepoint    ] Total time for which application threads were stopped: 0.0040297 seconds, Stopping threads took: 0.0039572 seconds
[2019-12-09T01:43:43.011+0000][1][safepoint    ] Application time: 0.0003994 seconds
[2019-12-09T01:43:43.011+0000][1][safepoint    ] Entering safepoint region: RevokeBias
[2019-12-09T01:43:43.011+0000][1][safepoint    ] Leaving safepoint region
[2019-12-09T01:43:43.011+0000][1][safepoint    ] Total time for which application threads were stopped: 0.0000791 seconds, Stopping threads took: 0.0000131 seconds
[2019-12-09T01:43:43.011+0000][1][safepoint    ] Application time: 0.0001461 seconds
[2019-12-09T01:43:43.011+0000][1][safepoint    ] Entering safepoint region: RevokeBias
[2019-12-09T01:43:43.011+0000][1][safepoint    ] Leaving safepoint region
[2019-12-09T01:43:43.011+0000][1][safepoint    ] Total time for which application threads were stopped: 0.0000525 seconds, Stopping threads took: 0.0000083 seconds
[2019-12-09T01:43:43.011+0000][1][safepoint    ] Application time: 0.0001788 seconds
[2019-12-09T01:43:43.011+0000][1][safepoint    ] Entering safepoint region: RevokeBias
[2019-12-09T01:43:43.011+0000][1][safepoint    ] Leaving safepoint region
[2019-12-09T01:43:43.011+0000][1][safepoint    ] Total time for which application threads were stopped: 0.0000647 seconds, Stopping threads took: 0.0000106 seconds
[2019-12-09T01:43:43.011+0000][1][safepoint    ] Application time: 0.0000809 seconds
[2019-12-09T01:43:43.011+0000][1][safepoint    ] Entering safepoint region: RevokeBias
[2019-12-09T01:43:43.011+0000][1][safepoint    ] Leaving safepoint region
[2019-12-09T01:43:43.011+0000][1][safepoint    ] Total time for which application threads were stopped: 0.0000475 seconds, Stopping threads took: 0.0000085 seconds
[2019-12-09T01:43:43.012+0000][1][safepoint    ] Application time: 0.0001206 seconds
[2019-12-09T01:43:43.012+0000][1][safepoint    ] Entering safepoint region: RevokeBias
[2019-12-09T01:43:43.012+0000][1][safepoint    ] Leaving safepoint region
[2019-12-09T01:43:43.012+0000][1][safepoint    ] Total time for which application threads were stopped: 0.0000774 seconds, Stopping threads took: 0.0000103 seconds
[2019-12-09T01:43:43.012+0000][1][safepoint    ] Application time: 0.0001868 seconds
[2019-12-09T01:43:43.012+0000][1][safepoint    ] Entering safepoint region: BulkRevokeBias
[2019-12-09T01:43:43.013+0000][1][safepoint    ] Leaving safepoint region
[2019-12-09T01:43:43.013+0000][1][safepoint    ] Total time for which application threads were stopped: 0.0007196 seconds, Stopping threads took: 0.0000096 seconds
[2019-12-09T01:43:43.025+0000][1][safepoint    ] Application time: 0.0123523 seconds
[2019-12-09T01:43:43.025+0000][1][safepoint    ] Entering safepoint region: RevokeBias
[2019-12-09T01:43:43.025+0000][1][safepoint    ] Leaving safepoint region
[2019-12-09T01:43:43.025+0000][1][safepoint    ] Total time for which application threads were stopped: 0.0000749 seconds, Stopping threads took: 0.0000133 seconds
[2019-12-09T01:43:43.025+0000][1][safepoint    ] Application time: 0.0002513 seconds
[2019-12-09T01:43:43.025+0000][1][safepoint    ] Entering safepoint region: RevokeBias
[2019-12-09T01:43:43.025+0000][1][safepoint    ] Leaving safepoint region
[2019-12-09T01:43:43.025+0000][1][safepoint    ] Total time for which application threads were stopped: 0.0000685 seconds, Stopping threads took: 0.0000119 seconds
[2019-12-09T01:43:43.026+0000][1][safepoint    ] Application time: 0.0007144 seconds
[2019-12-09T01:43:43.026+0000][1][safepoint    ] Entering safepoint region: RevokeBias
[2019-12-09T01:43:43.026+0000][1][safepoint    ] Leaving safepoint region
[2019-12-09T01:43:43.026+0000][1][safepoint    ] Total time for which application threads were stopped: 0.0000638 seconds, Stopping threads took: 0.0000119 seconds
[2019-12-09T01:43:43.027+0000][1][safepoint    ] Application time: 0.0002709 seconds
[2019-12-09T01:43:43.027+0000][1][safepoint    ] Entering safepoint region: RevokeBias
[2019-12-09T01:43:43.027+0000][1][safepoint    ] Leaving safepoint region
[2019-12-09T01:43:43.027+0000][1][safepoint    ] Total time for which application threads were stopped: 0.0000673 seconds, Stopping threads took: 0.0000117 seconds
[2019-12-09T01:43:43.027+0000][1][safepoint    ] Application time: 0.0002625 seconds
[2019-12-09T01:43:43.027+0000][1][safepoint    ] Entering safepoint region: BulkRevokeBias
[2019-12-09T01:43:43.027+0000][1][safepoint    ] Leaving safepoint region
[2019-12-09T01:43:43.027+0000][1][safepoint    ] Total time for which application threads were stopped: 0.0002593 seconds, Stopping threads took: 0.0000123 seconds
[2019-12-09T01:43:43.028+0000][1][safepoint    ] Application time: 0.0003694 seconds
[2019-12-09T01:43:43.028+0000][1][safepoint    ] Entering safepoint region: RevokeBias
[2019-12-09T01:43:43.028+0000][1][safepoint    ] Leaving safepoint region
[2019-12-09T01:43:43.028+0000][1][safepoint    ] Total time for which application threads were stopped: 0.0000684 seconds, Stopping threads took: 0.0000122 seconds
[2019-12-09T01:43:43.028+0000][1][safepoint    ] Application time: 0.0002563 seconds
[2019-12-09T01:43:43.028+0000][1][safepoint    ] Entering safepoint region: RevokeBias
[2019-12-09T01:43:43.028+0000][1][safepoint    ] Leaving safepoint region
[2019-12-09T01:43:43.028+0000][1][safepoint    ] Total time for which application threads were stopped: 0.0000669 seconds, Stopping threads took: 0.0000126 seconds
[2019-12-09T01:43:43.074+0000][1][safepoint    ] Application time: 0.0465184 seconds
[2019-12-09T01:43:43.138+0000][1][safepoint    ] Entering safepoint region: RevokeBias
[2019-12-09T01:43:43.139+0000][1][safepoint    ] Leaving safepoint region
[2019-12-09T01:43:43.139+0000][1][safepoint    ] Total time for which application threads were stopped: 0.0641018 seconds, Stopping threads took: 0.0639561 seconds
[2019-12-09T01:43:43.146+0000][1][safepoint    ] Application time: 0.0076548 seconds
[2019-12-09T01:43:43.146+0000][1][safepoint    ] Entering safepoint region: RevokeBias
[2019-12-09T01:43:43.146+0000][1][safepoint    ] Leaving safepoint region
[2019-12-09T01:43:43.146+0000][1][safepoint    ] Total time for which application threads were stopped: 0.0001241 seconds, Stopping threads took: 0.0000171 seconds
[2019-12-09T01:43:43.152+0000][1][safepoint    ] Application time: 0.0052720 seconds
[2019-12-09T01:43:43.152+0000][1][safepoint    ] Entering safepoint region: RevokeBias
[2019-12-09T01:43:43.152+0000][1][safepoint    ] Leaving safepoint region
[2019-12-09T01:43:43.152+0000][1][safepoint    ] Total time for which application threads were stopped: 0.0001102 seconds, Stopping threads took: 0.0000171 seconds
[2019-12-09T01:43:43.162+0000][1][safepoint    ] Application time: 0.0099571 seconds
[2019-12-09T01:43:43.176+0000][1][safepoint    ] Entering safepoint region: RevokeBias
[2019-12-09T01:43:43.176+0000][1][safepoint    ] Leaving safepoint region
[2019-12-09T01:43:43.176+0000][1][safepoint    ] Total time for which application threads were stopped: 0.0139915 seconds, Stopping threads took: 0.0138895 seconds
[2019-12-09T01:43:43.179+0000][1][safepoint    ] Application time: 0.0035010 seconds
[2019-12-09T01:43:43.179+0000][1][safepoint    ] Entering safepoint region: RevokeBias
[2019-12-09T01:43:43.180+0000][1][safepoint    ] Leaving safepoint region
[2019-12-09T01:43:43.180+0000][1][safepoint    ] Total time for which application threads were stopped: 0.0009985 seconds, Stopping threads took: 0.0000625 seconds
[2019-12-09T01:43:43.342+0000][1][safepoint    ] Application time: 0.1619284 seconds
[2019-12-09T01:43:43.416+0000][1][safepoint    ] Entering safepoint region: RevokeBias
[2019-12-09T01:43:43.416+0000][1][safepoint    ] Leaving safepoint region
[2019-12-09T01:43:43.416+0000][1][safepoint    ] Total time for which application threads were stopped: 0.0735874 seconds, Stopping threads took: 0.0734280 seconds
[2019-12-09T01:43:43.417+0000][1][safepoint    ] Application time: 0.0010196 seconds
[2019-12-09T01:43:43.417+0000][1][safepoint    ] Entering safepoint region: RevokeBias
[2019-12-09T01:43:43.417+0000][1][safepoint    ] Leaving safepoint region
[2019-12-09T01:43:43.417+0000][1][safepoint    ] Total time for which application threads were stopped: 0.0001384 seconds, Stopping threads took: 0.0000158 seconds
[2019-12-09T01:43:43.417+0000][1][safepoint    ] Application time: 0.0002156 seconds
[2019-12-09T01:43:43.417+0000][1][safepoint    ] Entering safepoint region: RevokeBias
[2019-12-09T01:43:43.417+0000][1][safepoint    ] Leaving safepoint region
[2019-12-09T01:43:43.417+0000][1][safepoint    ] Total time for which application threads were stopped: 0.0000906 seconds, Stopping threads took: 0.0000128 seconds
[2019-12-09T01:43:43.418+0000][1][safepoint    ] Application time: 0.0001929 seconds
[2019-12-09T01:43:43.418+0000][1][safepoint    ] Entering safepoint region: RevokeBias
[2019-12-09T01:43:43.418+0000][1][safepoint    ] Leaving safepoint region
[2019-12-09T01:43:43.418+0000][1][safepoint    ] Total time for which application threads were stopped: 0.0001068 seconds, Stopping threads took: 0.0000118 seconds
[2019-12-09T01:43:43.418+0000][1][safepoint    ] Application time: 0.0006274 seconds
[2019-12-09T01:43:43.418+0000][1][safepoint    ] Entering safepoint region: RevokeBias
[2019-12-09T01:43:43.419+0000][1][safepoint    ] Leaving safepoint region
[2019-12-09T01:43:43.419+0000][1][safepoint    ] Total time for which application threads were stopped: 0.0001092 seconds, Stopping threads took: 0.0000126 seconds
[2019-12-09T01:43:43.419+0000][1][safepoint    ] Application time: 0.0002132 seconds
[2019-12-09T01:43:43.424+0000][1][safepoint    ] Entering safepoint region: RevokeBias
[2019-12-09T01:43:43.424+0000][1][safepoint    ] Leaving safepoint region
[2019-12-09T01:43:43.424+0000][1][safepoint    ] Total time for which application threads were stopped: 0.0050978 seconds, Stopping threads took: 0.0050204 seconds
[2019-12-09T01:43:43.487+0000][1][safepoint    ] Application time: 0.0633978 seconds
[2019-12-09T01:43:43.584+0000][1][safepoint    ] Entering safepoint region: RevokeBias
[2019-12-09T01:43:43.584+0000][1][safepoint    ] Leaving safepoint region
[2019-12-09T01:43:43.584+0000][1][safepoint    ] Total time for which application threads were stopped: 0.0965735 seconds, Stopping threads took: 0.0964342 seconds
[2019-12-09T01:43:43.994+0000][1][safepoint    ] Application time: 0.4096182 seconds
[2019-12-09T01:43:43.994+0000][1][safepoint    ] Entering safepoint region: GenCollectForAllocation
[2019-12-09T01:43:43.994+0000][1][gc,start     ] GC(21) Pause Young (Allocation Failure)
[2019-12-09T01:43:43.994+0000][1][gc,task      ] GC(21) Using 2 workers of 2 for evacuation
[2019-12-09T01:43:44.200+0000][1][gc,age       ] GC(21) Desired survivor size 4456448 bytes, new threshold 2 (max threshold 6)
[2019-12-09T01:43:44.200+0000][1][gc,age       ] GC(21) Age table with threshold 2 (max threshold 6)
[2019-12-09T01:43:44.200+0000][1][gc,age       ] GC(21) - age   1:    3136576 bytes,    3136576 total
[2019-12-09T01:43:44.200+0000][1][gc,age       ] GC(21) - age   2:    2638976 bytes,    5775552 total
[2019-12-09T01:43:44.200+0000][1][gc,age       ] GC(21) - age   3:    1249384 bytes,    7024936 total
[2019-12-09T01:43:44.200+0000][1][gc,heap      ] GC(21) ParNew: 77114K->8243K(78656K)
[2019-12-09T01:43:44.200+0000][1][gc,heap      ] GC(21) CMS: 62135K->62135K(174784K)
[2019-12-09T01:43:44.200+0000][1][gc,metaspace ] GC(21) Metaspace: 66221K->66221K(1110016K)
[2019-12-09T01:43:44.200+0000][1][gc           ] GC(21) Pause Young (Allocation Failure) 135M->68M(247M) 205.988ms
[2019-12-09T01:43:44.200+0000][1][gc,cpu       ] GC(21) User=0.05s Sys=0.00s Real=0.21s
[2019-12-09T01:43:44.200+0000][1][safepoint    ] Leaving safepoint region
[2019-12-09T01:43:44.200+0000][1][safepoint    ] Total time for which application threads were stopped: 0.2061895 seconds, Stopping threads took: 0.0000188 seconds
[2019-12-09T01:43:44.281+0000][1][safepoint    ] Application time: 0.0813907 seconds
[2019-12-09T01:43:44.281+0000][1][safepoint    ] Entering safepoint region: RevokeBias
[2019-12-09T01:43:44.281+0000][1][safepoint    ] Leaving safepoint region
[2019-12-09T01:43:44.281+0000][1][safepoint    ] Total time for which application threads were stopped: 0.0001050 seconds, Stopping threads took: 0.0000189 seconds
[2019-12-09T01:43:44.281+0000][1][safepoint    ] Application time: 0.0000599 seconds
[2019-12-09T01:43:44.281+0000][1][safepoint    ] Entering safepoint region: RevokeBias
[2019-12-09T01:43:44.281+0000][1][safepoint    ] Leaving safepoint region
[2019-12-09T01:43:44.281+0000][1][safepoint    ] Total time for which application threads were stopped: 0.0000546 seconds, Stopping threads took: 0.0000094 seconds
[2019-12-09T01:43:44.335+0000][1][safepoint    ] Application time: 0.0540708 seconds
[2019-12-09T01:43:44.335+0000][1][safepoint    ] Entering safepoint region: RevokeBias
[2019-12-09T01:43:44.336+0000][1][safepoint    ] Leaving safepoint region
[2019-12-09T01:43:44.336+0000][1][safepoint    ] Total time for which application threads were stopped: 0.0001010 seconds, Stopping threads took: 0.0000177 seconds
[2019-12-09T01:43:44.336+0000][1][safepoint    ] Application time: 0.0003532 seconds
[2019-12-09T01:43:44.336+0000][1][safepoint    ] Entering safepoint region: RevokeBias
[2019-12-09T01:43:44.336+0000][1][safepoint    ] Leaving safepoint region
[2019-12-09T01:43:44.336+0000][1][safepoint    ] Total time for which application threads were stopped: 0.0000768 seconds, Stopping threads took: 0.0000153 seconds
[2019-12-09T01:43:44.671+0000][1][safepoint    ] Application time: 0.3346565 seconds
[2019-12-09T01:43:44.671+0000][1][safepoint    ] Entering safepoint region: RevokeBias
[2019-12-09T01:43:44.671+0000][1][safepoint    ] Leaving safepoint region
[2019-12-09T01:43:44.671+0000][1][safepoint    ] Total time for which application threads were stopped: 0.0001201 seconds, Stopping threads took: 0.0000181 seconds
[2019-12-09T01:43:44.674+0000][1][safepoint    ] Application time: 0.0028389 seconds
[2019-12-09T01:43:44.674+0000][1][safepoint    ] Entering safepoint region: RevokeBias
[2019-12-09T01:43:44.674+0000][1][safepoint    ] Leaving safepoint region
[2019-12-09T01:43:44.674+0000][1][safepoint    ] Total time for which application threads were stopped: 0.0001237 seconds, Stopping threads took: 0.0000430 seconds
[2019-12-09T01:43:44.674+0000][1][safepoint    ] Application time: 0.0000490 seconds
[2019-12-09T01:43:44.674+0000][1][safepoint    ] Entering safepoint region: RevokeBias
[2019-12-09T01:43:44.674+0000][1][safepoint    ] Leaving safepoint region
[2019-12-09T01:43:44.674+0000][1][safepoint    ] Total time for which application threads were stopped: 0.0000470 seconds, Stopping threads took: 0.0000079 seconds
[2019-12-09T01:43:44.675+0000][1][safepoint    ] Application time: 0.0010357 seconds
[2019-12-09T01:43:44.675+0000][1][safepoint    ] Entering safepoint region: RevokeBias
[2019-12-09T01:43:44.675+0000][1][safepoint    ] Leaving safepoint region
[2019-12-09T01:43:44.675+0000][1][safepoint    ] Total time for which application threads were stopped: 0.0000801 seconds, Stopping threads took: 0.0000144 seconds
[2019-12-09T01:43:44.675+0000][1][safepoint    ] Application time: 0.0001434 seconds
[2019-12-09T01:43:44.675+0000][1][safepoint    ] Entering safepoint region: RevokeBias
[2019-12-09T01:43:44.675+0000][1][safepoint    ] Leaving safepoint region
[2019-12-09T01:43:44.675+0000][1][safepoint    ] Total time for which application threads were stopped: 0.0000594 seconds, Stopping threads took: 0.0000097 seconds
[2019-12-09T01:43:44.675+0000][1][safepoint    ] Application time: 0.0000407 seconds
[2019-12-09T01:43:44.675+0000][1][safepoint    ] Entering safepoint region: RevokeBias
[2019-12-09T01:43:44.675+0000][1][safepoint    ] Leaving safepoint region
[2019-12-09T01:43:44.675+0000][1][safepoint    ] Total time for which application threads were stopped: 0.0000473 seconds, Stopping threads took: 0.0000088 seconds
[2019-12-09T01:43:44.808+0000][1][safepoint    ] Application time: 0.1323736 seconds
[2019-12-09T01:43:44.817+0000][1][safepoint    ] Entering safepoint region: RevokeBias
[2019-12-09T01:43:44.817+0000][1][safepoint    ] Leaving safepoint region
[2019-12-09T01:43:44.817+0000][1][safepoint    ] Total time for which application threads were stopped: 0.0095079 seconds, Stopping threads took: 0.0094084 seconds
[2019-12-09T01:43:44.820+0000][1][safepoint    ] Application time: 0.0026027 seconds
[2019-12-09T01:43:44.867+0000][1][safepoint    ] Entering safepoint region: RevokeBias
[2019-12-09T01:43:44.867+0000][1][safepoint    ] Leaving safepoint region
[2019-12-09T01:43:44.867+0000][1][safepoint    ] Total time for which application threads were stopped: 0.0469851 seconds, Stopping threads took: 0.0468260 seconds
[2019-12-09T01:43:44.868+0000][1][safepoint    ] Application time: 0.0005461 seconds
[2019-12-09T01:43:44.868+0000][1][safepoint    ] Entering safepoint region: RevokeBias
[2019-12-09T01:43:44.868+0000][1][safepoint    ] Leaving safepoint region
[2019-12-09T01:43:44.868+0000][1][safepoint    ] Total time for which application threads were stopped: 0.0001520 seconds, Stopping threads took: 0.0000160 seconds
[2019-12-09T01:43:44.868+0000][1][safepoint    ] Application time: 0.0000864 seconds
[2019-12-09T01:43:44.868+0000][1][safepoint    ] Entering safepoint region: RevokeBias
[2019-12-09T01:43:44.868+0000][1][safepoint    ] Leaving safepoint region
[2019-12-09T01:43:44.868+0000][1][safepoint    ] Total time for which application threads were stopped: 0.0001087 seconds, Stopping threads took: 0.0000124 seconds
[2019-12-09T01:43:44.868+0000][1][safepoint    ] Application time: 0.0000758 seconds
[2019-12-09T01:43:44.868+0000][1][safepoint    ] Entering safepoint region: RevokeBias
[2019-12-09T01:43:44.868+0000][1][safepoint    ] Leaving safepoint region
[2019-12-09T01:43:44.868+0000][1][safepoint    ] Total time for which application threads were stopped: 0.0000982 seconds, Stopping threads took: 0.0000100 seconds
[2019-12-09T01:43:44.868+0000][1][safepoint    ] Application time: 0.0002669 seconds
[2019-12-09T01:43:44.868+0000][1][safepoint    ] Entering safepoint region: RevokeBias
[2019-12-09T01:43:44.869+0000][1][safepoint    ] Leaving safepoint region
[2019-12-09T01:43:44.869+0000][1][safepoint    ] Total time for which application threads were stopped: 0.0001052 seconds, Stopping threads took: 0.0000139 seconds
[2019-12-09T01:43:44.903+0000][1][safepoint    ] Application time: 0.0340873 seconds
[2019-12-09T01:43:44.911+0000][1][safepoint    ] Entering safepoint region: RevokeBias
[2019-12-09T01:43:44.911+0000][1][safepoint    ] Leaving safepoint region
[2019-12-09T01:43:44.911+0000][1][safepoint    ] Total time for which application threads were stopped: 0.0081341 seconds, Stopping threads took: 0.0080575 seconds
[2019-12-09T01:43:44.988+0000][1][safepoint    ] Application time: 0.0768156 seconds
[2019-12-09T01:43:45.037+0000][1][safepoint    ] Entering safepoint region: BulkRevokeBias
[2019-12-09T01:43:45.037+0000][1][safepoint    ] Leaving safepoint region
[2019-12-09T01:43:45.037+0000][1][safepoint    ] Total time for which application threads were stopped: 0.0498256 seconds, Stopping threads took: 0.0491826 seconds
[2019-12-09T01:43:45.095+0000][1][safepoint    ] Application time: 0.0576470 seconds
[2019-12-09T01:43:45.108+0000][1][safepoint    ] Entering safepoint region: RevokeBias
[2019-12-09T01:43:45.108+0000][1][safepoint    ] Leaving safepoint region
[2019-12-09T01:43:45.108+0000][1][safepoint    ] Total time for which application threads were stopped: 0.0127135 seconds, Stopping threads took: 0.0125594 seconds
[2019-12-09T01:43:45.109+0000][1][safepoint    ] Application time: 0.0007823 seconds
[2019-12-09T01:43:45.109+0000][1][safepoint    ] Entering safepoint region: RevokeBias
[2019-12-09T01:43:45.110+0000][1][safepoint    ] Leaving safepoint region
[2019-12-09T01:43:45.110+0000][1][safepoint    ] Total time for which application threads were stopped: 0.0009896 seconds, Stopping threads took: 0.0000363 seconds
[2019-12-09T01:43:45.172+0000][1][safepoint    ] Application time: 0.0619059 seconds
[2019-12-09T01:43:45.196+0000][1][safepoint    ] Entering safepoint region: Deoptimize
[2019-12-09T01:43:45.197+0000][1][safepoint    ] Leaving safepoint region
[2019-12-09T01:43:45.197+0000][1][safepoint    ] Total time for which application threads were stopped: 0.0250186 seconds, Stopping threads took: 0.0242619 seconds
[2019-12-09T01:43:46.041+0000][1][safepoint    ] Application time: 0.8445876 seconds
[2019-12-09T01:43:46.042+0000][1][safepoint    ] Entering safepoint region: RevokeBias
[2019-12-09T01:43:46.042+0000][1][safepoint    ] Leaving safepoint region
[2019-12-09T01:43:46.042+0000][1][safepoint    ] Total time for which application threads were stopped: 0.0007705 seconds, Stopping threads took: 0.0006690 seconds
[2019-12-09T01:43:46.042+0000][1][safepoint    ] Application time: 0.0001938 seconds
[2019-12-09T01:43:46.042+0000][1][safepoint    ] Entering safepoint region: RevokeBias
[2019-12-09T01:43:46.042+0000][1][safepoint    ] Leaving safepoint region
[2019-12-09T01:43:46.042+0000][1][safepoint    ] Total time for which application threads were stopped: 0.0000710 seconds, Stopping threads took: 0.0000117 seconds
[2019-12-09T01:43:46.044+0000][1][safepoint    ] Application time: 0.0015794 seconds
[2019-12-09T01:43:46.044+0000][1][safepoint    ] Entering safepoint region: RevokeBias
[2019-12-09T01:43:46.044+0000][1][safepoint    ] Leaving safepoint region
[2019-12-09T01:43:46.044+0000][1][safepoint    ] Total time for which application threads were stopped: 0.0001068 seconds, Stopping threads took: 0.0000410 seconds
[2019-12-09T01:43:46.044+0000][1][safepoint    ] Application time: 0.0001073 seconds
[2019-12-09T01:43:46.044+0000][1][safepoint    ] Entering safepoint region: RevokeBias
[2019-12-09T01:43:46.044+0000][1][safepoint    ] Leaving safepoint region
[2019-12-09T01:43:46.044+0000][1][safepoint    ] Total time for which application threads were stopped: 0.0000742 seconds, Stopping threads took: 0.0000318 seconds
[2019-12-09T01:43:46.838+0000][1][safepoint    ] Application time: 0.7939614 seconds
[2019-12-09T01:43:46.838+0000][1][safepoint    ] Entering safepoint region: RevokeBias
[2019-12-09T01:43:46.838+0000][1][safepoint    ] Leaving safepoint region
[2019-12-09T01:43:46.838+0000][1][safepoint    ] Total time for which application threads were stopped: 0.0001522 seconds, Stopping threads took: 0.0000458 seconds
[2019-12-09T01:43:46.839+0000][1][safepoint    ] Application time: 0.0001750 seconds
[2019-12-09T01:43:46.839+0000][1][safepoint    ] Entering safepoint region: RevokeBias
[2019-12-09T01:43:46.839+0000][1][safepoint    ] Leaving safepoint region
[2019-12-09T01:43:46.839+0000][1][safepoint    ] Total time for which application threads were stopped: 0.0000693 seconds, Stopping threads took: 0.0000107 seconds
[2019-12-09T01:43:47.839+0000][1][safepoint    ] Application time: 1.0000505 seconds
[2019-12-09T01:43:47.839+0000][1][safepoint    ] Entering safepoint region: Cleanup
[2019-12-09T01:43:47.839+0000][1][safepoint    ] Leaving safepoint region
[2019-12-09T01:43:47.839+0000][1][safepoint    ] Total time for which application threads were stopped: 0.0001255 seconds, Stopping threads took: 0.0000251 seconds
[2019-12-09T01:43:48.841+0000][1][safepoint    ] Application time: 1.0018326 seconds
[2019-12-09T01:43:48.841+0000][1][safepoint    ] Entering safepoint region: Cleanup
[2019-12-09T01:43:48.841+0000][1][safepoint    ] Leaving safepoint region
[2019-12-09T01:43:48.841+0000][1][safepoint    ] Total time for which application threads were stopped: 0.0001258 seconds, Stopping threads took: 0.0000234 seconds
[2019-12-09T01:43:48.903+0000][1][safepoint    ] Application time: 0.0624897 seconds
[2019-12-09T01:43:48.912+0000][1][safepoint    ] Entering safepoint region: RevokeBias
[2019-12-09T01:43:48.912+0000][1][safepoint    ] Leaving safepoint region
[2019-12-09T01:43:48.912+0000][1][safepoint    ] Total time for which application threads were stopped: 0.0085070 seconds, Stopping threads took: 0.0084177 seconds
[2019-12-09T01:43:48.922+0000][1][safepoint    ] Application time: 0.0099466 seconds
[2019-12-09T01:43:48.944+0000][1][safepoint    ] Entering safepoint region: RevokeBias
[2019-12-09T01:43:48.944+0000][1][safepoint    ] Leaving safepoint region
[2019-12-09T01:43:48.944+0000][1][safepoint    ] Total time for which application threads were stopped: 0.0221105 seconds, Stopping threads took: 0.0219310 seconds
[2019-12-09T01:43:48.949+0000][1][safepoint    ] Application time: 0.0049276 seconds
[2019-12-09T01:43:48.949+0000][1][safepoint    ] Entering safepoint region: RevokeBias
[2019-12-09T01:43:48.949+0000][1][safepoint    ] Leaving safepoint region
[2019-12-09T01:43:48.949+0000][1][safepoint    ] Total time for which application threads were stopped: 0.0001108 seconds, Stopping threads took: 0.0000468 seconds
[2019-12-09T01:43:48.955+0000][1][safepoint    ] Application time: 0.0058233 seconds
[2019-12-09T01:43:48.955+0000][1][safepoint    ] Entering safepoint region: RevokeBias
[2019-12-09T01:43:48.955+0000][1][safepoint    ] Leaving safepoint region
[2019-12-09T01:43:48.955+0000][1][safepoint    ] Total time for which application threads were stopped: 0.0001121 seconds, Stopping threads took: 0.0000590 seconds
[2019-12-09T01:43:48.957+0000][1][safepoint    ] Application time: 0.0019581 seconds
[2019-12-09T01:43:48.957+0000][1][safepoint    ] Entering safepoint region: RevokeBias
[2019-12-09T01:43:48.957+0000][1][safepoint    ] Leaving safepoint region
[2019-12-09T01:43:48.957+0000][1][safepoint    ] Total time for which application threads were stopped: 0.0000556 seconds, Stopping threads took: 0.0000121 seconds
[2019-12-09T01:43:48.957+0000][1][safepoint    ] Application time: 0.0001861 seconds
[2019-12-09T01:43:48.957+0000][1][safepoint    ] Entering safepoint region: RevokeBias
[2019-12-09T01:43:48.957+0000][1][safepoint    ] Leaving safepoint region
[2019-12-09T01:43:48.957+0000][1][safepoint    ] Total time for which application threads were stopped: 0.0000540 seconds, Stopping threads took: 0.0000106 seconds
[2019-12-09T01:43:48.967+0000][1][safepoint    ] Application time: 0.0096695 seconds
[2019-12-09T01:43:48.967+0000][1][safepoint    ] Entering safepoint region: RevokeBias
[2019-12-09T01:43:48.967+0000][1][safepoint    ] Leaving safepoint region
[2019-12-09T01:43:48.967+0000][1][safepoint    ] Total time for which application threads were stopped: 0.0000595 seconds, Stopping threads took: 0.0000133 seconds
[2019-12-09T01:43:48.967+0000][1][safepoint    ] Application time: 0.0002652 seconds
[2019-12-09T01:43:48.967+0000][1][safepoint    ] Entering safepoint region: RevokeBias
[2019-12-09T01:43:48.967+0000][1][safepoint    ] Leaving safepoint region
[2019-12-09T01:43:48.967+0000][1][safepoint    ] Total time for which application threads were stopped: 0.0000557 seconds, Stopping threads took: 0.0000117 seconds
[2019-12-09T01:43:48.997+0000][1][safepoint    ] Application time: 0.0299022 seconds
[2019-12-09T01:43:48.997+0000][1][safepoint    ] Entering safepoint region: BulkRevokeBias
[2019-12-09T01:43:48.998+0000][1][safepoint    ] Leaving safepoint region
[2019-12-09T01:43:48.998+0000][1][safepoint    ] Total time for which application threads were stopped: 0.0005606 seconds, Stopping threads took: 0.0000199 seconds
[2019-12-09T01:43:49.009+0000][1][safepoint    ] Application time: 0.0107908 seconds
[2019-12-09T01:43:49.009+0000][1][safepoint    ] Entering safepoint region: RevokeBias
[2019-12-09T01:43:49.009+0000][1][safepoint    ] Leaving safepoint region
[2019-12-09T01:43:49.009+0000][1][safepoint    ] Total time for which application threads were stopped: 0.0001056 seconds, Stopping threads took: 0.0000196 seconds
[2019-12-09T01:43:49.499+0000][1][safepoint    ] Application time: 0.4897878 seconds
[2019-12-09T01:43:49.499+0000][1][safepoint    ] Entering safepoint region: Deoptimize
[2019-12-09T01:43:49.499+0000][1][safepoint    ] Leaving safepoint region
[2019-12-09T01:43:49.499+0000][1][safepoint    ] Total time for which application threads were stopped: 0.0007151 seconds, Stopping threads took: 0.0000213 seconds
[2019-12-09T01:43:49.776+0000][1][safepoint    ] Application time: 0.2762862 seconds
[2019-12-09T01:43:49.776+0000][1][safepoint    ] Entering safepoint region: BulkRevokeBias
[2019-12-09T01:43:49.776+0000][1][safepoint    ] Leaving safepoint region
[2019-12-09T01:43:49.776+0000][1][safepoint    ] Total time for which application threads were stopped: 0.0005401 seconds, Stopping threads took: 0.0000208 seconds
[2019-12-09T01:43:49.814+0000][1][safepoint    ] Application time: 0.0376448 seconds
[2019-12-09T01:43:49.814+0000][1][safepoint    ] Entering safepoint region: RevokeBias
[2019-12-09T01:43:49.814+0000][1][safepoint    ] Leaving safepoint region
[2019-12-09T01:43:49.814+0000][1][safepoint    ] Total time for which application threads were stopped: 0.0001018 seconds, Stopping threads took: 0.0000220 seconds
[2019-12-09T01:43:49.827+0000][1][safepoint    ] Application time: 0.0125803 seconds
[2019-12-09T01:43:49.827+0000][1][safepoint    ] Entering safepoint region: RevokeBias
[2019-12-09T01:43:49.827+0000][1][safepoint    ] Leaving safepoint region
[2019-12-09T01:43:49.827+0000][1][safepoint    ] Total time for which application threads were stopped: 0.0000965 seconds, Stopping threads took: 0.0000267 seconds
[2019-12-09T01:43:49.873+0000][1][safepoint    ] Application time: 0.0458678 seconds
[2019-12-09T01:43:49.873+0000][1][safepoint    ] Entering safepoint region: RevokeBias
[2019-12-09T01:43:49.873+0000][1][safepoint    ] Leaving safepoint region
[2019-12-09T01:43:49.873+0000][1][safepoint    ] Total time for which application threads were stopped: 0.0000985 seconds, Stopping threads took: 0.0000178 seconds
[2019-12-09T01:43:49.875+0000][1][safepoint    ] Application time: 0.0022638 seconds
[2019-12-09T01:43:49.875+0000][1][safepoint    ] Entering safepoint region: RevokeBias
[2019-12-09T01:43:49.875+0000][1][safepoint    ] Leaving safepoint region
[2019-12-09T01:43:49.875+0000][1][safepoint    ] Total time for which application threads were stopped: 0.0001264 seconds, Stopping threads took: 0.0000559 seconds
[2019-12-09T01:43:49.878+0000][1][safepoint    ] Application time: 0.0023054 seconds
[2019-12-09T01:43:49.878+0000][1][safepoint    ] Entering safepoint region: RevokeBias
[2019-12-09T01:43:49.878+0000][1][safepoint    ] Leaving safepoint region
[2019-12-09T01:43:49.878+0000][1][safepoint    ] Total time for which application threads were stopped: 0.0000597 seconds, Stopping threads took: 0.0000135 seconds
[2019-12-09T01:43:49.878+0000][1][safepoint    ] Application time: 0.0000658 seconds
[2019-12-09T01:43:49.878+0000][1][safepoint    ] Entering safepoint region: RevokeBias
[2019-12-09T01:43:49.878+0000][1][safepoint    ] Leaving safepoint region
[2019-12-09T01:43:49.878+0000][1][safepoint    ] Total time for which application threads were stopped: 0.0000431 seconds, Stopping threads took: 0.0000087 seconds
[2019-12-09T01:43:49.878+0000][1][safepoint    ] Application time: 0.0000451 seconds
[2019-12-09T01:43:49.878+0000][1][safepoint    ] Entering safepoint region: RevokeBias
[2019-12-09T01:43:49.878+0000][1][safepoint    ] Leaving safepoint region
[2019-12-09T01:43:49.878+0000][1][safepoint    ] Total time for which application threads were stopped: 0.0000385 seconds, Stopping threads took: 0.0000077 seconds
[2019-12-09T01:43:49.878+0000][1][safepoint    ] Application time: 0.0000432 seconds
[2019-12-09T01:43:49.878+0000][1][safepoint    ] Entering safepoint region: RevokeBias
[2019-12-09T01:43:49.878+0000][1][safepoint    ] Leaving safepoint region
[2019-12-09T01:43:49.878+0000][1][safepoint    ] Total time for which application threads were stopped: 0.0000384 seconds, Stopping threads took: 0.0000075 seconds
[2019-12-09T01:43:49.878+0000][1][safepoint    ] Application time: 0.0000437 seconds
[2019-12-09T01:43:49.878+0000][1][safepoint    ] Entering safepoint region: RevokeBias
[2019-12-09T01:43:49.878+0000][1][safepoint    ] Leaving safepoint region
[2019-12-09T01:43:49.878+0000][1][safepoint    ] Total time for which application threads were stopped: 0.0000392 seconds, Stopping threads took: 0.0000075 seconds
[2019-12-09T01:43:49.878+0000][1][safepoint    ] Application time: 0.0000432 seconds
[2019-12-09T01:43:49.878+0000][1][safepoint    ] Entering safepoint region: RevokeBias
[2019-12-09T01:43:49.878+0000][1][safepoint    ] Leaving safepoint region
[2019-12-09T01:43:49.878+0000][1][safepoint    ] Total time for which application threads were stopped: 0.0000380 seconds, Stopping threads took: 0.0000074 seconds
[2019-12-09T01:43:49.878+0000][1][safepoint    ] Application time: 0.0000428 seconds
[2019-12-09T01:43:49.878+0000][1][safepoint    ] Entering safepoint region: RevokeBias
[2019-12-09T01:43:49.878+0000][1][safepoint    ] Leaving safepoint region
[2019-12-09T01:43:49.878+0000][1][safepoint    ] Total time for which application threads were stopped: 0.0000394 seconds, Stopping threads took: 0.0000077 seconds
[2019-12-09T01:43:49.992+0000][1][safepoint    ] Application time: 0.1138872 seconds
[2019-12-09T01:43:49.992+0000][1][safepoint    ] Entering safepoint region: RevokeBias
[2019-12-09T01:43:49.992+0000][1][safepoint    ] Leaving safepoint region
[2019-12-09T01:43:49.992+0000][1][safepoint    ] Total time for which application threads were stopped: 0.0000991 seconds, Stopping threads took: 0.0000211 seconds
[2019-12-09T01:43:49.996+0000][1][safepoint    ] Application time: 0.0039444 seconds
[2019-12-09T01:43:49.996+0000][1][safepoint    ] Entering safepoint region: RevokeBias
[2019-12-09T01:43:49.996+0000][1][safepoint    ] Leaving safepoint region
[2019-12-09T01:43:49.996+0000][1][safepoint    ] Total time for which application threads were stopped: 0.0000852 seconds, Stopping threads took: 0.0000175 seconds
[2019-12-09T01:43:50.058+0000][1][safepoint    ] Application time: 0.0615575 seconds
[2019-12-09T01:43:50.058+0000][1][safepoint    ] Entering safepoint region: RevokeBias
[2019-12-09T01:43:50.058+0000][1][safepoint    ] Leaving safepoint region
[2019-12-09T01:43:50.058+0000][1][safepoint    ] Total time for which application threads were stopped: 0.0001143 seconds, Stopping threads took: 0.0000225 seconds
[2019-12-09T01:43:50.059+0000][1][safepoint    ] Application time: 0.0009791 seconds
[2019-12-09T01:43:50.059+0000][1][safepoint    ] Entering safepoint region: RevokeBias
[2019-12-09T01:43:50.059+0000][1][safepoint    ] Leaving safepoint region
[2019-12-09T01:43:50.059+0000][1][safepoint    ] Total time for which application threads were stopped: 0.0000928 seconds, Stopping threads took: 0.0000187 seconds
[2019-12-09T01:43:50.064+0000][1][safepoint    ] Application time: 0.0052635 seconds
[2019-12-09T01:43:50.064+0000][1][safepoint    ] Entering safepoint region: RevokeBias
[2019-12-09T01:43:50.065+0000][1][safepoint    ] Leaving safepoint region
[2019-12-09T01:43:50.065+0000][1][safepoint    ] Total time for which application threads were stopped: 0.0000763 seconds, Stopping threads took: 0.0000161 seconds
[2019-12-09T01:43:50.074+0000][1][safepoint    ] Application time: 0.0097861 seconds
[2019-12-09T01:43:50.074+0000][1][safepoint    ] Entering safepoint region: RevokeBias
[2019-12-09T01:43:50.074+0000][1][safepoint    ] Leaving safepoint region
[2019-12-09T01:43:50.074+0000][1][safepoint    ] Total time for which application threads were stopped: 0.0000678 seconds, Stopping threads took: 0.0000137 seconds
[2019-12-09T01:43:51.075+0000][1][safepoint    ] Application time: 1.0002635 seconds
[2019-12-09T01:43:51.075+0000][1][safepoint    ] Entering safepoint region: Cleanup
[2019-12-09T01:43:51.075+0000][1][safepoint    ] Leaving safepoint region
[2019-12-09T01:43:51.075+0000][1][safepoint    ] Total time for which application threads were stopped: 0.0001369 seconds, Stopping threads took: 0.0000271 seconds
[2019-12-09T01:43:52.076+0000][1][safepoint    ] Application time: 1.0007956 seconds
[2019-12-09T01:43:52.076+0000][1][safepoint    ] Entering safepoint region: Cleanup
[2019-12-09T01:43:52.076+0000][1][safepoint    ] Leaving safepoint region
[2019-12-09T01:43:52.076+0000][1][safepoint    ] Total time for which application threads were stopped: 0.0001196 seconds, Stopping threads took: 0.0000240 seconds
[2019-12-09T01:43:53.077+0000][1][safepoint    ] Application time: 1.0008593 seconds
[2019-12-09T01:43:53.077+0000][1][safepoint    ] Entering safepoint region: Cleanup
[2019-12-09T01:43:53.077+0000][1][safepoint    ] Leaving safepoint region
[2019-12-09T01:43:53.077+0000][1][safepoint    ] Total time for which application threads were stopped: 0.0001274 seconds, Stopping threads took: 0.0000261 seconds
[2019-12-09T01:43:54.078+0000][1][safepoint    ] Application time: 1.0007935 seconds
[2019-12-09T01:43:54.078+0000][1][safepoint    ] Entering safepoint region: Cleanup
[2019-12-09T01:43:54.078+0000][1][safepoint    ] Leaving safepoint region
[2019-12-09T01:43:54.078+0000][1][safepoint    ] Total time for which application threads were stopped: 0.0001162 seconds, Stopping threads took: 0.0000308 seconds
[2019-12-09T01:43:55.087+0000][1][safepoint    ] Application time: 1.0088449 seconds
[2019-12-09T01:43:55.087+0000][1][safepoint    ] Entering safepoint region: Cleanup
[2019-12-09T01:43:55.087+0000][1][safepoint    ] Leaving safepoint region
[2019-12-09T01:43:55.087+0000][1][safepoint    ] Total time for which application threads were stopped: 0.0001219 seconds, Stopping threads took: 0.0000244 seconds
[2019-12-09T01:43:56.088+0000][1][safepoint    ] Application time: 1.0008356 seconds
[2019-12-09T01:43:56.088+0000][1][safepoint    ] Entering safepoint region: Cleanup
[2019-12-09T01:43:56.088+0000][1][safepoint    ] Leaving safepoint region
[2019-12-09T01:43:56.088+0000][1][safepoint    ] Total time for which application threads were stopped: 0.0001276 seconds, Stopping threads took: 0.0000296 seconds
[2019-12-09T01:43:57.090+0000][1][safepoint    ] Application time: 1.0018507 seconds
[2019-12-09T01:43:57.090+0000][1][safepoint    ] Entering safepoint region: Cleanup
[2019-12-09T01:43:57.090+0000][1][safepoint    ] Leaving safepoint region
[2019-12-09T01:43:57.090+0000][1][safepoint    ] Total time for which application threads were stopped: 0.0001211 seconds, Stopping threads took: 0.0000276 seconds
[2019-12-09T01:43:58.091+0000][1][safepoint    ] Application time: 1.0007638 seconds
[2019-12-09T01:43:58.091+0000][1][safepoint    ] Entering safepoint region: Cleanup
[2019-12-09T01:43:58.091+0000][1][safepoint    ] Leaving safepoint region
[2019-12-09T01:43:58.091+0000][1][safepoint    ] Total time for which application threads were stopped: 0.0001230 seconds, Stopping threads took: 0.0000258 seconds
[2019-12-09T01:43:59.093+0000][1][safepoint    ] Application time: 1.0018416 seconds
[2019-12-09T01:43:59.093+0000][1][safepoint    ] Entering safepoint region: Cleanup
[2019-12-09T01:43:59.093+0000][1][safepoint    ] Leaving safepoint region
[2019-12-09T01:43:59.093+0000][1][safepoint    ] Total time for which application threads were stopped: 0.0001328 seconds, Stopping threads took: 0.0000290 seconds
[2019-12-09T01:44:00.097+0000][1][safepoint    ] Application time: 1.0038317 seconds
[2019-12-09T01:44:00.097+0000][1][safepoint    ] Entering safepoint region: Cleanup
[2019-12-09T01:44:00.097+0000][1][safepoint    ] Leaving safepoint region
[2019-12-09T01:44:00.097+0000][1][safepoint    ] Total time for which application threads were stopped: 0.0001270 seconds, Stopping threads took: 0.0000256 seconds
[2019-12-09T01:44:01.103+0000][1][safepoint    ] Application time: 1.0062359 seconds
[2019-12-09T01:44:01.103+0000][1][safepoint    ] Entering safepoint region: Cleanup
[2019-12-09T01:44:01.103+0000][1][safepoint    ] Leaving safepoint region
[2019-12-09T01:44:01.103+0000][1][safepoint    ] Total time for which application threads were stopped: 0.0001554 seconds, Stopping threads took: 0.0000342 seconds
[2019-12-09T01:44:02.104+0000][1][safepoint    ] Application time: 1.0003607 seconds
[2019-12-09T01:44:02.104+0000][1][safepoint    ] Entering safepoint region: Cleanup
[2019-12-09T01:44:02.104+0000][1][safepoint    ] Leaving safepoint region
[2019-12-09T01:44:02.104+0000][1][safepoint    ] Total time for which application threads were stopped: 0.0001482 seconds, Stopping threads took: 0.0000385 seconds
[2019-12-09T01:44:03.105+0000][1][safepoint    ] Application time: 1.0007849 seconds
[2019-12-09T01:44:03.105+0000][1][safepoint    ] Entering safepoint region: Cleanup
[2019-12-09T01:44:03.105+0000][1][safepoint    ] Leaving safepoint region
[2019-12-09T01:44:03.105+0000][1][safepoint    ] Total time for which application threads were stopped: 0.0001294 seconds, Stopping threads took: 0.0000274 seconds
[2019-12-09T01:44:04.108+0000][1][safepoint    ] Application time: 1.0028508 seconds
[2019-12-09T01:44:04.108+0000][1][safepoint    ] Entering safepoint region: Cleanup
[2019-12-09T01:44:04.108+0000][1][safepoint    ] Leaving safepoint region
[2019-12-09T01:44:04.108+0000][1][safepoint    ] Total time for which application threads were stopped: 0.0001384 seconds, Stopping threads took: 0.0000364 seconds
[2019-12-09T01:44:05.117+0000][1][safepoint    ] Application time: 1.0092064 seconds
[2019-12-09T01:44:05.117+0000][1][safepoint    ] Entering safepoint region: Cleanup
[2019-12-09T01:44:05.117+0000][1][safepoint    ] Leaving safepoint region
[2019-12-09T01:44:05.117+0000][1][safepoint    ] Total time for which application threads were stopped: 0.0001349 seconds, Stopping threads took: 0.0000286 seconds
[2019-12-09T01:44:06.118+0000][1][safepoint    ] Application time: 1.0002808 seconds
[2019-12-09T01:44:06.118+0000][1][safepoint    ] Entering safepoint region: Cleanup
[2019-12-09T01:44:06.118+0000][1][safepoint    ] Leaving safepoint region
[2019-12-09T01:44:06.118+0000][1][safepoint    ] Total time for which application threads were stopped: 0.0001520 seconds, Stopping threads took: 0.0000258 seconds
[2019-12-09T01:44:07.120+0000][1][safepoint    ] Application time: 1.0019033 seconds
[2019-12-09T01:44:07.120+0000][1][safepoint    ] Entering safepoint region: Cleanup
[2019-12-09T01:44:07.120+0000][1][safepoint    ] Leaving safepoint region
[2019-12-09T01:44:07.120+0000][1][safepoint    ] Total time for which application threads were stopped: 0.0001441 seconds, Stopping threads took: 0.0000265 seconds
[2019-12-09T01:44:08.123+0000][1][safepoint    ] Application time: 1.0027954 seconds
[2019-12-09T01:44:08.123+0000][1][safepoint    ] Entering safepoint region: Cleanup
[2019-12-09T01:44:08.123+0000][1][safepoint    ] Leaving safepoint region
[2019-12-09T01:44:08.123+0000][1][safepoint    ] Total time for which application threads were stopped: 0.0001245 seconds, Stopping threads took: 0.0000304 seconds
[2019-12-09T01:44:09.124+0000][1][safepoint    ] Application time: 1.0008114 seconds
[2019-12-09T01:44:09.124+0000][1][safepoint    ] Entering safepoint region: Cleanup
[2019-12-09T01:44:09.124+0000][1][safepoint    ] Leaving safepoint region
[2019-12-09T01:44:09.124+0000][1][safepoint    ] Total time for which application threads were stopped: 0.0001250 seconds, Stopping threads took: 0.0000280 seconds
[2019-12-09T01:44:09.492+0000][1][safepoint    ] Application time: 0.3684321 seconds
[2019-12-09T01:44:09.492+0000][1][safepoint    ] Entering safepoint region: RevokeBias
[2019-12-09T01:44:09.493+0000][1][safepoint    ] Leaving safepoint region
[2019-12-09T01:44:09.493+0000][1][safepoint    ] Total time for which application threads were stopped: 0.0001615 seconds, Stopping threads took: 0.0000212 seconds
[2019-12-09T01:44:09.493+0000][1][safepoint    ] Application time: 0.0003569 seconds
[2019-12-09T01:44:09.493+0000][1][safepoint    ] Entering safepoint region: RevokeBias
[2019-12-09T01:44:09.493+0000][1][safepoint    ] Leaving safepoint region
[2019-12-09T01:44:09.493+0000][1][safepoint    ] Total time for which application threads were stopped: 0.0001086 seconds, Stopping threads took: 0.0000162 seconds
[2019-12-09T01:44:09.506+0000][1][safepoint    ] Application time: 0.0126370 seconds
[2019-12-09T01:44:09.506+0000][1][safepoint    ] Entering safepoint region: Deoptimize
[2019-12-09T01:44:09.507+0000][1][safepoint    ] Leaving safepoint region
[2019-12-09T01:44:09.507+0000][1][safepoint    ] Total time for which application threads were stopped: 0.0008332 seconds, Stopping threads took: 0.0000169 seconds
[2019-12-09T01:44:09.517+0000][1][safepoint    ] Application time: 0.0102207 seconds
[2019-12-09T01:44:09.517+0000][1][safepoint    ] Entering safepoint region: Deoptimize
[2019-12-09T01:44:09.518+0000][1][safepoint    ] Leaving safepoint region
[2019-12-09T01:44:09.518+0000][1][safepoint    ] Total time for which application threads were stopped: 0.0008285 seconds, Stopping threads took: 0.0000173 seconds
[2019-12-09T01:44:10.518+0000][1][safepoint    ] Application time: 1.0001724 seconds
[2019-12-09T01:44:10.518+0000][1][safepoint    ] Entering safepoint region: Cleanup
[2019-12-09T01:44:10.518+0000][1][safepoint    ] Leaving safepoint region
[2019-12-09T01:44:10.518+0000][1][safepoint    ] Total time for which application threads were stopped: 0.0001980 seconds, Stopping threads took: 0.0000255 seconds
[2019-12-09T01:44:11.518+0000][1][safepoint    ] Application time: 1.0001431 seconds
[2019-12-09T01:44:11.518+0000][1][safepoint    ] Entering safepoint region: Cleanup
[2019-12-09T01:44:11.518+0000][1][safepoint    ] Leaving safepoint region
[2019-12-09T01:44:11.518+0000][1][safepoint    ] Total time for which application threads were stopped: 0.0001189 seconds, Stopping threads took: 0.0000249 seconds
[2019-12-09T01:44:12.521+0000][1][safepoint    ] Application time: 1.0023292 seconds
[2019-12-09T01:44:12.521+0000][1][safepoint    ] Entering safepoint region: Cleanup
[2019-12-09T01:44:12.521+0000][1][safepoint    ] Leaving safepoint region
[2019-12-09T01:44:12.521+0000][1][safepoint    ] Total time for which application threads were stopped: 0.0001078 seconds, Stopping threads took: 0.0000212 seconds
[2019-12-09T01:44:13.524+0000][1][safepoint    ] Application time: 1.0031439 seconds
[2019-12-09T01:44:13.524+0000][1][safepoint    ] Entering safepoint region: Cleanup
[2019-12-09T01:44:13.524+0000][1][safepoint    ] Leaving safepoint region
[2019-12-09T01:44:13.524+0000][1][safepoint    ] Total time for which application threads were stopped: 0.0001198 seconds, Stopping threads took: 0.0000240 seconds
[2019-12-09T01:44:14.528+0000][1][safepoint    ] Application time: 1.0035321 seconds
[2019-12-09T01:44:14.528+0000][1][safepoint    ] Entering safepoint region: Cleanup
[2019-12-09T01:44:14.528+0000][1][safepoint    ] Leaving safepoint region
[2019-12-09T01:44:14.528+0000][1][safepoint    ] Total time for which application threads were stopped: 0.0001296 seconds, Stopping threads took: 0.0000242 seconds
[2019-12-09T01:44:15.400+0000][1][safepoint    ] Application time: 0.8724656 seconds
[2019-12-09T01:44:15.400+0000][1][safepoint    ] Entering safepoint region: GenCollectForAllocation
[2019-12-09T01:44:15.401+0000][1][gc,start     ] GC(22) Pause Young (Allocation Failure)
[2019-12-09T01:44:15.401+0000][1][gc,task      ] GC(22) Using 2 workers of 2 for evacuation
[2019-12-09T01:44:15.453+0000][1][gc,age       ] GC(22) Desired survivor size 4456448 bytes, new threshold 6 (max threshold 6)
[2019-12-09T01:44:15.453+0000][1][gc,age       ] GC(22) Age table with threshold 6 (max threshold 6)
[2019-12-09T01:44:15.453+0000][1][gc,age       ] GC(22) - age   1:    1292776 bytes,    1292776 total
[2019-12-09T01:44:15.454+0000][1][gc,age       ] GC(22) - age   2:    2979568 bytes,    4272344 total
[2019-12-09T01:44:15.454+0000][1][gc,heap      ] GC(22) ParNew: 78187K->5832K(78656K)
[2019-12-09T01:44:15.454+0000][1][gc,heap      ] GC(22) CMS: 62135K->66059K(174784K)
[2019-12-09T01:44:15.454+0000][1][gc,metaspace ] GC(22) Metaspace: 70132K->70132K(1114112K)
[2019-12-09T01:44:15.454+0000][1][gc           ] GC(22) Pause Young (Allocation Failure) 137M->70M(247M) 53.026ms
[2019-12-09T01:44:15.454+0000][1][gc,cpu       ] GC(22) User=0.05s Sys=0.00s Real=0.05s
[2019-12-09T01:44:15.454+0000][1][safepoint    ] Leaving safepoint region
[2019-12-09T01:44:15.454+0000][1][safepoint    ] Total time for which application threads were stopped: 0.0532435 seconds, Stopping threads took: 0.0000248 seconds
[2019-12-09T01:44:16.454+0000][1][safepoint    ] Application time: 1.0000507 seconds
[2019-12-09T01:44:16.454+0000][1][safepoint    ] Entering safepoint region: Cleanup
[2019-12-09T01:44:16.454+0000][1][safepoint    ] Leaving safepoint region
[2019-12-09T01:44:16.454+0000][1][safepoint    ] Total time for which application threads were stopped: 0.0001131 seconds, Stopping threads took: 0.0000233 seconds
[2019-12-09T01:44:17.454+0000][1][safepoint    ] Application time: 1.0000768 seconds
[2019-12-09T01:44:17.454+0000][1][safepoint    ] Entering safepoint region: Cleanup
[2019-12-09T01:44:17.454+0000][1][safepoint    ] Leaving safepoint region
[2019-12-09T01:44:17.454+0000][1][safepoint    ] Total time for which application threads were stopped: 0.0000868 seconds, Stopping threads took: 0.0000178 seconds
[2019-12-09T01:44:18.454+0000][1][safepoint    ] Application time: 1.0000777 seconds
[2019-12-09T01:44:18.454+0000][1][safepoint    ] Entering safepoint region: Cleanup
[2019-12-09T01:44:18.454+0000][1][safepoint    ] Leaving safepoint region
[2019-12-09T01:44:18.454+0000][1][safepoint    ] Total time for which application threads were stopped: 0.0000837 seconds, Stopping threads took: 0.0000180 seconds
[2019-12-09T01:44:19.454+0000][1][safepoint    ] Application time: 1.0000761 seconds
[2019-12-09T01:44:19.454+0000][1][safepoint    ] Entering safepoint region: Cleanup
[2019-12-09T01:44:19.454+0000][1][safepoint    ] Leaving safepoint region
[2019-12-09T01:44:19.454+0000][1][safepoint    ] Total time for which application threads were stopped: 0.0000919 seconds, Stopping threads took: 0.0000191 seconds
[2019-12-09T01:44:20.455+0000][1][safepoint    ] Application time: 1.0000790 seconds
[2019-12-09T01:44:20.455+0000][1][safepoint    ] Entering safepoint region: Cleanup
[2019-12-09T01:44:20.455+0000][1][safepoint    ] Leaving safepoint region
[2019-12-09T01:44:20.455+0000][1][safepoint    ] Total time for which application threads were stopped: 0.0000931 seconds, Stopping threads took: 0.0000185 seconds
[2019-12-09T01:44:21.455+0000][1][safepoint    ] Application time: 1.0000382 seconds
[2019-12-09T01:44:21.455+0000][1][safepoint    ] Entering safepoint region: Cleanup
[2019-12-09T01:44:21.455+0000][1][safepoint    ] Leaving safepoint region
[2019-12-09T01:44:21.455+0000][1][safepoint    ] Total time for which application threads were stopped: 0.0001190 seconds, Stopping threads took: 0.0000365 seconds
[2019-12-09T01:44:22.455+0000][1][safepoint    ] Application time: 1.0000765 seconds
[2019-12-09T01:44:22.455+0000][1][safepoint    ] Entering safepoint region: Cleanup
[2019-12-09T01:44:22.455+0000][1][safepoint    ] Leaving safepoint region
[2019-12-09T01:44:22.455+0000][1][safepoint    ] Total time for which application threads were stopped: 0.0000933 seconds, Stopping threads took: 0.0000174 seconds
[2019-12-09T01:44:23.455+0000][1][safepoint    ] Application time: 1.0000756 seconds
[2019-12-09T01:44:23.455+0000][1][safepoint    ] Entering safepoint region: Cleanup
[2019-12-09T01:44:23.455+0000][1][safepoint    ] Leaving safepoint region
[2019-12-09T01:44:23.455+0000][1][safepoint    ] Total time for which application threads were stopped: 0.0000918 seconds, Stopping threads took: 0.0000190 seconds
[2019-12-09T01:44:24.455+0000][1][safepoint    ] Application time: 1.0000837 seconds
[2019-12-09T01:44:24.455+0000][1][safepoint    ] Entering safepoint region: Cleanup
[2019-12-09T01:44:24.455+0000][1][safepoint    ] Leaving safepoint region
[2019-12-09T01:44:24.455+0000][1][safepoint    ] Total time for which application threads were stopped: 0.0001178 seconds, Stopping threads took: 0.0000256 seconds
[2019-12-09T01:44:25.456+0000][1][safepoint    ] Application time: 1.0000748 seconds
[2019-12-09T01:44:25.456+0000][1][safepoint    ] Entering safepoint region: Cleanup
[2019-12-09T01:44:25.456+0000][1][safepoint    ] Leaving safepoint region
[2019-12-09T01:44:25.456+0000][1][safepoint    ] Total time for which application threads were stopped: 0.0001055 seconds, Stopping threads took: 0.0000183 seconds
[2019-12-09T01:44:26.456+0000][1][safepoint    ] Application time: 1.0000756 seconds
[2019-12-09T01:44:26.456+0000][1][safepoint    ] Entering safepoint region: Cleanup
[2019-12-09T01:44:26.456+0000][1][safepoint    ] Leaving safepoint region
[2019-12-09T01:44:26.456+0000][1][safepoint    ] Total time for which application threads were stopped: 0.0001050 seconds, Stopping threads took: 0.0000184 seconds
[2019-12-09T01:44:27.456+0000][1][safepoint    ] Application time: 1.0000759 seconds
[2019-12-09T01:44:27.456+0000][1][safepoint    ] Entering safepoint region: Cleanup
[2019-12-09T01:44:27.456+0000][1][safepoint    ] Leaving safepoint region
[2019-12-09T01:44:27.456+0000][1][safepoint    ] Total time for which application threads were stopped: 0.0000917 seconds, Stopping threads took: 0.0000187 seconds
[2019-12-09T01:44:28.456+0000][1][safepoint    ] Application time: 1.0000752 seconds
[2019-12-09T01:44:28.456+0000][1][safepoint    ] Entering safepoint region: Cleanup
[2019-12-09T01:44:28.456+0000][1][safepoint    ] Leaving safepoint region
[2019-12-09T01:44:28.456+0000][1][safepoint    ] Total time for which application threads were stopped: 0.0000827 seconds, Stopping threads took: 0.0000173 seconds
[2019-12-09T01:44:29.456+0000][1][safepoint    ] Application time: 1.0000748 seconds
[2019-12-09T01:44:29.456+0000][1][safepoint    ] Entering safepoint region: Cleanup
[2019-12-09T01:44:29.456+0000][1][safepoint    ] Leaving safepoint region
[2019-12-09T01:44:29.456+0000][1][safepoint    ] Total time for which application threads were stopped: 0.0000880 seconds, Stopping threads took: 0.0000235 seconds
[2019-12-09T01:44:30.457+0000][1][safepoint    ] Application time: 1.0000772 seconds
[2019-12-09T01:44:30.457+0000][1][safepoint    ] Entering safepoint region: Cleanup
[2019-12-09T01:44:30.457+0000][1][safepoint    ] Leaving safepoint region
[2019-12-09T01:44:30.457+0000][1][safepoint    ] Total time for which application threads were stopped: 0.0001064 seconds, Stopping threads took: 0.0000189 seconds
[2019-12-09T01:44:31.457+0000][1][safepoint    ] Application time: 1.0000770 seconds
[2019-12-09T01:44:31.457+0000][1][safepoint    ] Entering safepoint region: Cleanup
[2019-12-09T01:44:31.457+0000][1][safepoint    ] Leaving safepoint region
[2019-12-09T01:44:31.457+0000][1][safepoint    ] Total time for which application threads were stopped: 0.0000995 seconds, Stopping threads took: 0.0000266 seconds
[2019-12-09T01:44:32.457+0000][1][safepoint    ] Application time: 1.0000771 seconds
[2019-12-09T01:44:32.457+0000][1][safepoint    ] Entering safepoint region: Cleanup
[2019-12-09T01:44:32.457+0000][1][safepoint    ] Leaving safepoint region
[2019-12-09T01:44:32.457+0000][1][safepoint    ] Total time for which application threads were stopped: 0.0000896 seconds, Stopping threads took: 0.0000170 seconds
[2019-12-09T01:44:33.457+0000][1][safepoint    ] Application time: 1.0000743 seconds
[2019-12-09T01:44:33.457+0000][1][safepoint    ] Entering safepoint region: Cleanup
[2019-12-09T01:44:33.457+0000][1][safepoint    ] Leaving safepoint region
[2019-12-09T01:44:33.457+0000][1][safepoint    ] Total time for which application threads were stopped: 0.0000912 seconds, Stopping threads took: 0.0000247 seconds
[2019-12-09T01:44:34.457+0000][1][safepoint    ] Application time: 1.0000756 seconds
[2019-12-09T01:44:34.457+0000][1][safepoint    ] Entering safepoint region: Cleanup
[2019-12-09T01:44:34.458+0000][1][safepoint    ] Leaving safepoint region
[2019-12-09T01:44:34.458+0000][1][safepoint    ] Total time for which application threads were stopped: 0.0000881 seconds, Stopping threads took: 0.0000178 seconds
[2019-12-09T01:44:35.458+0000][1][safepoint    ] Application time: 1.0000801 seconds
[2019-12-09T01:44:35.458+0000][1][safepoint    ] Entering safepoint region: Cleanup
[2019-12-09T01:44:35.458+0000][1][safepoint    ] Leaving safepoint region
[2019-12-09T01:44:35.458+0000][1][safepoint    ] Total time for which application threads were stopped: 0.0001287 seconds, Stopping threads took: 0.0000250 seconds
[2019-12-09T01:44:36.458+0000][1][safepoint    ] Application time: 1.0000771 seconds
[2019-12-09T01:44:36.458+0000][1][safepoint    ] Entering safepoint region: Cleanup
[2019-12-09T01:44:36.458+0000][1][safepoint    ] Leaving safepoint region
[2019-12-09T01:44:36.458+0000][1][safepoint    ] Total time for which application threads were stopped: 0.0000939 seconds, Stopping threads took: 0.0000164 seconds
[2019-12-09T01:44:37.458+0000][1][safepoint    ] Application time: 1.0000758 seconds
[2019-12-09T01:44:37.458+0000][1][safepoint    ] Entering safepoint region: Cleanup
[2019-12-09T01:44:37.458+0000][1][safepoint    ] Leaving safepoint region
[2019-12-09T01:44:37.458+0000][1][safepoint    ] Total time for which application threads were stopped: 0.0000873 seconds, Stopping threads took: 0.0000180 seconds
[2019-12-09T01:44:38.458+0000][1][safepoint    ] Application time: 1.0000760 seconds
[2019-12-09T01:44:38.458+0000][1][safepoint    ] Entering safepoint region: Cleanup
[2019-12-09T01:44:38.458+0000][1][safepoint    ] Leaving safepoint region
[2019-12-09T01:44:38.458+0000][1][safepoint    ] Total time for which application threads were stopped: 0.0000987 seconds, Stopping threads took: 0.0000185 seconds
[2019-12-09T01:44:39.458+0000][1][safepoint    ] Application time: 1.0000814 seconds
[2019-12-09T01:44:39.459+0000][1][safepoint    ] Entering safepoint region: Cleanup
[2019-12-09T01:44:39.459+0000][1][safepoint    ] Leaving safepoint region
[2019-12-09T01:44:39.459+0000][1][safepoint    ] Total time for which application threads were stopped: 0.0001330 seconds, Stopping threads took: 0.0000224 seconds
[2019-12-09T01:44:40.459+0000][1][safepoint    ] Application time: 1.0000517 seconds
[2019-12-09T01:44:40.459+0000][1][safepoint    ] Entering safepoint region: Cleanup
[2019-12-09T01:44:40.459+0000][1][safepoint    ] Leaving safepoint region
[2019-12-09T01:44:40.459+0000][1][safepoint    ] Total time for which application threads were stopped: 0.0001203 seconds, Stopping threads took: 0.0000261 seconds
[2019-12-09T01:44:41.459+0000][1][safepoint    ] Application time: 1.0000746 seconds
[2019-12-09T01:44:41.459+0000][1][safepoint    ] Entering safepoint region: Cleanup
[2019-12-09T01:44:41.459+0000][1][safepoint    ] Leaving safepoint region
[2019-12-09T01:44:41.459+0000][1][safepoint    ] Total time for which application threads were stopped: 0.0000979 seconds, Stopping threads took: 0.0000202 seconds
[2019-12-09T01:44:42.459+0000][1][safepoint    ] Application time: 1.0000794 seconds
[2019-12-09T01:44:42.459+0000][1][safepoint    ] Entering safepoint region: Cleanup
[2019-12-09T01:44:42.459+0000][1][safepoint    ] Leaving safepoint region
[2019-12-09T01:44:42.459+0000][1][safepoint    ] Total time for which application threads were stopped: 0.0000884 seconds, Stopping threads took: 0.0000176 seconds
[2019-12-09T01:44:43.459+0000][1][safepoint    ] Application time: 1.0000763 seconds
[2019-12-09T01:44:43.459+0000][1][safepoint    ] Entering safepoint region: Cleanup
[2019-12-09T01:44:43.459+0000][1][safepoint    ] Leaving safepoint region
[2019-12-09T01:44:43.459+0000][1][safepoint    ] Total time for which application threads were stopped: 0.0000868 seconds, Stopping threads took: 0.0000175 seconds
[2019-12-09T01:44:44.460+0000][1][safepoint    ] Application time: 1.0000772 seconds
[2019-12-09T01:44:44.460+0000][1][safepoint    ] Entering safepoint region: Cleanup
[2019-12-09T01:44:44.460+0000][1][safepoint    ] Leaving safepoint region
[2019-12-09T01:44:44.460+0000][1][safepoint    ] Total time for which application threads were stopped: 0.0001017 seconds, Stopping threads took: 0.0000186 seconds
[2019-12-09T01:44:45.460+0000][1][safepoint    ] Application time: 1.0000802 seconds
[2019-12-09T01:44:45.460+0000][1][safepoint    ] Entering safepoint region: Cleanup
[2019-12-09T01:44:45.460+0000][1][safepoint    ] Leaving safepoint region
[2019-12-09T01:44:45.460+0000][1][safepoint    ] Total time for which application threads were stopped: 0.0001410 seconds, Stopping threads took: 0.0000234 seconds
[2019-12-09T01:44:47.460+0000][1][safepoint    ] Application time: 2.0001419 seconds
[2019-12-09T01:44:47.460+0000][1][safepoint    ] Entering safepoint region: Cleanup
[2019-12-09T01:44:47.460+0000][1][safepoint    ] Leaving safepoint region
[2019-12-09T01:44:47.460+0000][1][safepoint    ] Total time for which application threads were stopped: 0.0000867 seconds, Stopping threads took: 0.0000178 seconds
[2019-12-09T01:44:49.460+0000][1][safepoint    ] Application time: 2.0001394 seconds
[2019-12-09T01:44:49.460+0000][1][safepoint    ] Entering safepoint region: Cleanup
[2019-12-09T01:44:49.460+0000][1][safepoint    ] Leaving safepoint region
[2019-12-09T01:44:49.460+0000][1][safepoint    ] Total time for which application threads were stopped: 0.0000815 seconds, Stopping threads took: 0.0000168 seconds
[2019-12-09T01:44:50.461+0000][1][safepoint    ] Application time: 1.0000865 seconds
[2019-12-09T01:44:50.461+0000][1][safepoint    ] Entering safepoint region: Cleanup
[2019-12-09T01:44:50.461+0000][1][safepoint    ] Leaving safepoint region
[2019-12-09T01:44:50.461+0000][1][safepoint    ] Total time for which application threads were stopped: 0.0001461 seconds, Stopping threads took: 0.0000259 seconds
[2019-12-09T01:44:51.461+0000][1][safepoint    ] Application time: 1.0000751 seconds
[2019-12-09T01:44:51.461+0000][1][safepoint    ] Entering safepoint region: Cleanup
[2019-12-09T01:44:51.461+0000][1][safepoint    ] Leaving safepoint region
[2019-12-09T01:44:51.461+0000][1][safepoint    ] Total time for which application threads were stopped: 0.0001079 seconds, Stopping threads took: 0.0000216 seconds
[2019-12-09T01:44:54.461+0000][1][safepoint    ] Application time: 3.0002180 seconds
[2019-12-09T01:44:54.461+0000][1][safepoint    ] Entering safepoint region: Cleanup
[2019-12-09T01:44:54.461+0000][1][safepoint    ] Leaving safepoint region
[2019-12-09T01:44:54.461+0000][1][safepoint    ] Total time for which application threads were stopped: 0.0001320 seconds, Stopping threads took: 0.0000295 seconds
[2019-12-09T01:44:55.461+0000][1][safepoint    ] Application time: 1.0000882 seconds
[2019-12-09T01:44:55.462+0000][1][safepoint    ] Entering safepoint region: Cleanup
[2019-12-09T01:44:55.462+0000][1][safepoint    ] Leaving safepoint region
[2019-12-09T01:44:55.462+0000][1][safepoint    ] Total time for which application threads were stopped: 0.0001440 seconds, Stopping threads took: 0.0000251 seconds
[2019-12-09T01:44:56.462+0000][1][safepoint    ] Application time: 1.0000785 seconds
[2019-12-09T01:44:56.462+0000][1][safepoint    ] Entering safepoint region: Cleanup
[2019-12-09T01:44:56.462+0000][1][safepoint    ] Leaving safepoint region
[2019-12-09T01:44:56.462+0000][1][safepoint    ] Total time for which application threads were stopped: 0.0000998 seconds, Stopping threads took: 0.0000179 seconds
[2019-12-09T01:44:57.462+0000][1][safepoint    ] Application time: 1.0000746 seconds
[2019-12-09T01:44:57.462+0000][1][safepoint    ] Entering safepoint region: Cleanup
[2019-12-09T01:44:57.462+0000][1][safepoint    ] Leaving safepoint region
[2019-12-09T01:44:57.462+0000][1][safepoint    ] Total time for which application threads were stopped: 0.0000885 seconds, Stopping threads took: 0.0000183 seconds
[2019-12-09T01:44:59.462+0000][1][safepoint    ] Application time: 2.0001402 seconds
[2019-12-09T01:44:59.462+0000][1][safepoint    ] Entering safepoint region: Cleanup
[2019-12-09T01:44:59.462+0000][1][safepoint    ] Leaving safepoint region
[2019-12-09T01:44:59.462+0000][1][safepoint    ] Total time for which application threads were stopped: 0.0000895 seconds, Stopping threads took: 0.0000179 seconds
[2019-12-09T01:45:00.462+0000][1][safepoint    ] Application time: 1.0000877 seconds
[2019-12-09T01:45:00.462+0000][1][safepoint    ] Entering safepoint region: Cleanup
[2019-12-09T01:45:00.463+0000][1][safepoint    ] Leaving safepoint region
[2019-12-09T01:45:00.463+0000][1][safepoint    ] Total time for which application threads were stopped: 0.0001166 seconds, Stopping threads took: 0.0000254 seconds
[2019-12-09T01:45:02.463+0000][1][safepoint    ] Application time: 2.0002090 seconds
[2019-12-09T01:45:02.463+0000][1][safepoint    ] Entering safepoint region: Cleanup
[2019-12-09T01:45:02.463+0000][1][safepoint    ] Leaving safepoint region
[2019-12-09T01:45:02.463+0000][1][safepoint    ] Total time for which application threads were stopped: 0.0000880 seconds, Stopping threads took: 0.0000172 seconds
[2019-12-09T01:45:03.463+0000][1][safepoint    ] Application time: 1.0000780 seconds
[2019-12-09T01:45:03.463+0000][1][safepoint    ] Entering safepoint region: Cleanup
[2019-12-09T01:45:03.463+0000][1][safepoint    ] Leaving safepoint region
[2019-12-09T01:45:03.463+0000][1][safepoint    ] Total time for which application threads were stopped: 0.0000907 seconds, Stopping threads took: 0.0000186 seconds
[2019-12-09T01:45:04.463+0000][1][safepoint    ] Application time: 1.0000743 seconds
[2019-12-09T01:45:04.463+0000][1][safepoint    ] Entering safepoint region: Cleanup
[2019-12-09T01:45:04.463+0000][1][safepoint    ] Leaving safepoint region
[2019-12-09T01:45:04.463+0000][1][safepoint    ] Total time for which application threads were stopped: 0.0000937 seconds, Stopping threads took: 0.0000176 seconds
[2019-12-09T01:45:06.463+0000][1][safepoint    ] Application time: 2.0001398 seconds
[2019-12-09T01:45:06.464+0000][1][safepoint    ] Entering safepoint region: Cleanup
[2019-12-09T01:45:06.464+0000][1][safepoint    ] Leaving safepoint region
[2019-12-09T01:45:06.464+0000][1][safepoint    ] Total time for which application threads were stopped: 0.0001041 seconds, Stopping threads took: 0.0000180 seconds
[2019-12-09T01:45:07.464+0000][1][safepoint    ] Application time: 1.0000566 seconds
[2019-12-09T01:45:07.464+0000][1][safepoint    ] Entering safepoint region: Cleanup
[2019-12-09T01:45:07.464+0000][1][safepoint    ] Leaving safepoint region
[2019-12-09T01:45:07.464+0000][1][safepoint    ] Total time for which application threads were stopped: 0.0000856 seconds, Stopping threads took: 0.0000172 seconds
[2019-12-09T01:45:09.464+0000][1][safepoint    ] Application time: 2.0001488 seconds
[2019-12-09T01:45:09.464+0000][1][safepoint    ] Entering safepoint region: Cleanup
[2019-12-09T01:45:09.464+0000][1][safepoint    ] Leaving safepoint region
[2019-12-09T01:45:09.464+0000][1][safepoint    ] Total time for which application threads were stopped: 0.0001257 seconds, Stopping threads took: 0.0000239 seconds
[2019-12-09T01:45:10.464+0000][1][safepoint    ] Application time: 1.0000772 seconds
[2019-12-09T01:45:10.464+0000][1][safepoint    ] Entering safepoint region: Cleanup
[2019-12-09T01:45:10.464+0000][1][safepoint    ] Leaving safepoint region
[2019-12-09T01:45:10.464+0000][1][safepoint    ] Total time for which application threads were stopped: 0.0000854 seconds, Stopping threads took: 0.0000174 seconds
[2019-12-09T01:45:11.464+0000][1][safepoint    ] Application time: 1.0000750 seconds
[2019-12-09T01:45:11.464+0000][1][safepoint    ] Entering safepoint region: Cleanup
[2019-12-09T01:45:11.465+0000][1][safepoint    ] Leaving safepoint region
[2019-12-09T01:45:11.465+0000][1][safepoint    ] Total time for which application threads were stopped: 0.0000832 seconds, Stopping threads took: 0.0000167 seconds
[2019-12-09T01:45:13.465+0000][1][safepoint    ] Application time: 2.0001386 seconds
[2019-12-09T01:45:13.465+0000][1][safepoint    ] Entering safepoint region: Cleanup
[2019-12-09T01:45:13.465+0000][1][safepoint    ] Leaving safepoint region
[2019-12-09T01:45:13.465+0000][1][safepoint    ] Total time for which application threads were stopped: 0.0000878 seconds, Stopping threads took: 0.0000157 seconds
[2019-12-09T01:45:14.465+0000][1][safepoint    ] Application time: 1.0000752 seconds
[2019-12-09T01:45:14.465+0000][1][safepoint    ] Entering safepoint region: Cleanup
[2019-12-09T01:45:14.465+0000][1][safepoint    ] Leaving safepoint region
[2019-12-09T01:45:14.465+0000][1][safepoint    ] Total time for which application threads were stopped: 0.0000885 seconds, Stopping threads took: 0.0000171 seconds
[2019-12-09T01:45:15.465+0000][1][safepoint    ] Application time: 1.0000732 seconds
[2019-12-09T01:45:15.465+0000][1][safepoint    ] Entering safepoint region: Cleanup
[2019-12-09T01:45:15.465+0000][1][safepoint    ] Leaving safepoint region
[2019-12-09T01:45:15.465+0000][1][safepoint    ] Total time for which application threads were stopped: 0.0000893 seconds, Stopping threads took: 0.0000166 seconds
[2019-12-09T01:45:16.465+0000][1][safepoint    ] Application time: 1.0000737 seconds
[2019-12-09T01:45:16.465+0000][1][safepoint    ] Entering safepoint region: Cleanup
[2019-12-09T01:45:16.465+0000][1][safepoint    ] Leaving safepoint region
[2019-12-09T01:45:16.465+0000][1][safepoint    ] Total time for which application threads were stopped: 0.0000831 seconds, Stopping threads took: 0.0000166 seconds
[2019-12-09T01:45:20.466+0000][1][safepoint    ] Application time: 4.0002792 seconds
[2019-12-09T01:45:20.466+0000][1][safepoint    ] Entering safepoint region: Cleanup
[2019-12-09T01:45:20.466+0000][1][safepoint    ] Leaving safepoint region
[2019-12-09T01:45:20.466+0000][1][safepoint    ] Total time for which application threads were stopped: 0.0000985 seconds, Stopping threads took: 0.0000291 seconds
[2019-12-09T01:45:21.466+0000][1][safepoint    ] Application time: 1.0000733 seconds
[2019-12-09T01:45:21.466+0000][1][safepoint    ] Entering safepoint region: Cleanup
[2019-12-09T01:45:21.466+0000][1][safepoint    ] Leaving safepoint region
[2019-12-09T01:45:21.466+0000][1][safepoint    ] Total time for which application threads were stopped: 0.0000907 seconds, Stopping threads took: 0.0000183 seconds
[2019-12-09T01:45:22.466+0000][1][safepoint    ] Application time: 1.0000753 seconds
[2019-12-09T01:45:22.466+0000][1][safepoint    ] Entering safepoint region: Cleanup
[2019-12-09T01:45:22.466+0000][1][safepoint    ] Leaving safepoint region
[2019-12-09T01:45:22.466+0000][1][safepoint    ] Total time for which application threads were stopped: 0.0000810 seconds, Stopping threads took: 0.0000161 seconds
[2019-12-09T01:45:23.466+0000][1][safepoint    ] Application time: 1.0000758 seconds
[2019-12-09T01:45:23.466+0000][1][safepoint    ] Entering safepoint region: Cleanup
[2019-12-09T01:45:23.466+0000][1][safepoint    ] Leaving safepoint region
[2019-12-09T01:45:23.466+0000][1][safepoint    ] Total time for which application threads were stopped: 0.0000804 seconds, Stopping threads took: 0.0000152 seconds
[2019-12-09T01:45:26.467+0000][1][safepoint    ] Application time: 3.0002124 seconds
[2019-12-09T01:45:26.467+0000][1][safepoint    ] Entering safepoint region: Cleanup
[2019-12-09T01:45:26.467+0000][1][safepoint    ] Leaving safepoint region
[2019-12-09T01:45:26.467+0000][1][safepoint    ] Total time for which application threads were stopped: 0.0001223 seconds, Stopping threads took: 0.0000271 seconds
[2019-12-09T01:45:26.596+0000][1][safepoint    ] Application time: 0.1292422 seconds
[2019-12-09T01:45:26.596+0000][1][safepoint    ] Entering safepoint region: GenCollectForAllocation
[2019-12-09T01:45:26.596+0000][1][gc,start     ] GC(23) Pause Young (Allocation Failure)
[2019-12-09T01:45:26.596+0000][1][gc,task      ] GC(23) Using 2 workers of 2 for evacuation
[2019-12-09T01:45:26.608+0000][1][gc,age       ] GC(23) Desired survivor size 4456448 bytes, new threshold 6 (max threshold 6)
[2019-12-09T01:45:26.608+0000][1][gc,age       ] GC(23) Age table with threshold 6 (max threshold 6)
[2019-12-09T01:45:26.608+0000][1][gc,age       ] GC(23) - age   1:      32904 bytes,      32904 total
[2019-12-09T01:45:26.608+0000][1][gc,age       ] GC(23) - age   2:    1274216 bytes,    1307120 total
[2019-12-09T01:45:26.608+0000][1][gc,age       ] GC(23) - age   3:    2975840 bytes,    4282960 total
[2019-12-09T01:45:26.608+0000][1][gc,heap      ] GC(23) ParNew: 75725K->6880K(78656K)
[2019-12-09T01:45:26.608+0000][1][gc,heap      ] GC(23) CMS: 66059K->66059K(174784K)
[2019-12-09T01:45:26.608+0000][1][gc,metaspace ] GC(23) Metaspace: 70522K->70522K(1114112K)
[2019-12-09T01:45:26.608+0000][1][gc           ] GC(23) Pause Young (Allocation Failure) 138M->71M(247M) 11.642ms
[2019-12-09T01:45:26.608+0000][1][gc,cpu       ] GC(23) User=0.02s Sys=0.00s Real=0.01s
[2019-12-09T01:45:26.608+0000][1][safepoint    ] Leaving safepoint region
[2019-12-09T01:45:26.608+0000][1][safepoint    ] Total time for which application threads were stopped: 0.0117928 seconds, Stopping threads took: 0.0000181 seconds
[2019-12-09T01:45:32.610+0000][1][safepoint    ] Application time: 6.0025197 seconds
[2019-12-09T01:45:32.610+0000][1][safepoint    ] Entering safepoint region: Cleanup
[2019-12-09T01:45:32.610+0000][1][safepoint    ] Leaving safepoint region
[2019-12-09T01:45:32.610+0000][1][safepoint    ] Total time for which application threads were stopped: 0.0001204 seconds, Stopping threads took: 0.0000251 seconds
[2019-12-09T01:45:35.611+0000][1][safepoint    ] Application time: 3.0002047 seconds
[2019-12-09T01:45:35.611+0000][1][safepoint    ] Entering safepoint region: Cleanup
[2019-12-09T01:45:35.611+0000][1][safepoint    ] Leaving safepoint region
[2019-12-09T01:45:35.611+0000][1][safepoint    ] Total time for which application threads were stopped: 0.0000860 seconds, Stopping threads took: 0.0000234 seconds
[2019-12-09T01:45:40.611+0000][1][safepoint    ] Application time: 5.0003544 seconds
[2019-12-09T01:45:40.611+0000][1][safepoint    ] Entering safepoint region: Cleanup
[2019-12-09T01:45:40.611+0000][1][safepoint    ] Leaving safepoint region
[2019-12-09T01:45:40.611+0000][1][safepoint    ] Total time for which application threads were stopped: 0.0000763 seconds, Stopping threads took: 0.0000143 seconds
[2019-12-09T01:45:41.611+0000][1][safepoint    ] Application time: 1.0000742 seconds
[2019-12-09T01:45:41.611+0000][1][safepoint    ] Entering safepoint region: Cleanup
[2019-12-09T01:45:41.611+0000][1][safepoint    ] Leaving safepoint region
[2019-12-09T01:45:41.611+0000][1][safepoint    ] Total time for which application threads were stopped: 0.0000790 seconds, Stopping threads took: 0.0000147 seconds
[2019-12-09T01:45:42.612+0000][1][safepoint    ] Application time: 1.0000759 seconds
[2019-12-09T01:45:42.612+0000][1][safepoint    ] Entering safepoint region: Cleanup
[2019-12-09T01:45:42.612+0000][1][safepoint    ] Leaving safepoint region
[2019-12-09T01:45:42.612+0000][1][safepoint    ] Total time for which application threads were stopped: 0.0000811 seconds, Stopping threads took: 0.0000155 seconds
[2019-12-09T01:45:45.612+0000][1][safepoint    ] Application time: 3.0002066 seconds
[2019-12-09T01:45:45.612+0000][1][safepoint    ] Entering safepoint region: Cleanup
[2019-12-09T01:45:45.612+0000][1][safepoint    ] Leaving safepoint region
[2019-12-09T01:45:45.612+0000][1][safepoint    ] Total time for which application threads were stopped: 0.0000834 seconds, Stopping threads took: 0.0000160 seconds
[2019-12-09T01:45:46.612+0000][1][safepoint    ] Application time: 1.0000751 seconds
[2019-12-09T01:45:46.612+0000][1][safepoint    ] Entering safepoint region: Cleanup
[2019-12-09T01:45:46.612+0000][1][safepoint    ] Leaving safepoint region
[2019-12-09T01:45:46.612+0000][1][safepoint    ] Total time for which application threads were stopped: 0.0000782 seconds, Stopping threads took: 0.0000153 seconds
[2019-12-09T01:45:47.612+0000][1][safepoint    ] Application time: 1.0000731 seconds
[2019-12-09T01:45:47.612+0000][1][safepoint    ] Entering safepoint region: Cleanup
[2019-12-09T01:45:47.612+0000][1][safepoint    ] Leaving safepoint region
[2019-12-09T01:45:47.612+0000][1][safepoint    ] Total time for which application threads were stopped: 0.0000864 seconds, Stopping threads took: 0.0000155 seconds
[2019-12-09T01:45:48.612+0000][1][safepoint    ] Application time: 1.0000758 seconds
[2019-12-09T01:45:48.612+0000][1][safepoint    ] Entering safepoint region: Cleanup
[2019-12-09T01:45:48.613+0000][1][safepoint    ] Leaving safepoint region
[2019-12-09T01:45:48.613+0000][1][safepoint    ] Total time for which application threads were stopped: 0.0000779 seconds, Stopping threads took: 0.0000150 seconds
[2019-12-09T01:45:51.613+0000][1][safepoint    ] Application time: 3.0002104 seconds
[2019-12-09T01:45:51.613+0000][1][safepoint    ] Entering safepoint region: Cleanup
[2019-12-09T01:45:51.613+0000][1][safepoint    ] Leaving safepoint region
[2019-12-09T01:45:51.613+0000][1][safepoint    ] Total time for which application threads were stopped: 0.0000755 seconds, Stopping threads took: 0.0000149 seconds
[2019-12-09T01:45:55.614+0000][1][safepoint    ] Application time: 4.0009207 seconds
[2019-12-09T01:45:55.614+0000][1][safepoint    ] Entering safepoint region: Cleanup
[2019-12-09T01:45:55.614+0000][1][safepoint    ] Leaving safepoint region
[2019-12-09T01:45:55.614+0000][1][safepoint    ] Total time for which application threads were stopped: 0.0000915 seconds, Stopping threads took: 0.0000277 seconds
[2019-12-09T01:45:56.614+0000][1][safepoint    ] Application time: 1.0001617 seconds
[2019-12-09T01:45:56.614+0000][1][safepoint    ] Entering safepoint region: Cleanup
[2019-12-09T01:45:56.614+0000][1][safepoint    ] Leaving safepoint region
[2019-12-09T01:45:56.614+0000][1][safepoint    ] Total time for which application threads were stopped: 0.0000917 seconds, Stopping threads took: 0.0000153 seconds
[2019-12-09T01:45:59.615+0000][1][safepoint    ] Application time: 3.0003689 seconds
[2019-12-09T01:45:59.615+0000][1][safepoint    ] Entering safepoint region: Cleanup
[2019-12-09T01:45:59.615+0000][1][safepoint    ] Leaving safepoint region
[2019-12-09T01:45:59.615+0000][1][safepoint    ] Total time for which application threads were stopped: 0.0000766 seconds, Stopping threads took: 0.0000147 seconds
[2019-12-09T01:46:15.616+0000][1][safepoint    ] Application time: 16.0014510 seconds
[2019-12-09T01:46:15.616+0000][1][safepoint    ] Entering safepoint region: Cleanup
[2019-12-09T01:46:15.616+0000][1][safepoint    ] Leaving safepoint region
[2019-12-09T01:46:15.616+0000][1][safepoint    ] Total time for which application threads were stopped: 0.0000839 seconds, Stopping threads took: 0.0000155 seconds
[2019-12-09T01:46:18.616+0000][1][safepoint    ] Application time: 3.0002038 seconds
[2019-12-09T01:46:18.616+0000][1][safepoint    ] Entering safepoint region: Cleanup
[2019-12-09T01:46:18.617+0000][1][safepoint    ] Leaving safepoint region
[2019-12-09T01:46:18.617+0000][1][safepoint    ] Total time for which application threads were stopped: 0.0000898 seconds, Stopping threads took: 0.0000164 seconds
[2019-12-09T01:46:21.617+0000][1][safepoint    ] Application time: 3.0002131 seconds
[2019-12-09T01:46:21.617+0000][1][safepoint    ] Entering safepoint region: Cleanup
[2019-12-09T01:46:21.617+0000][1][safepoint    ] Leaving safepoint region
[2019-12-09T01:46:21.617+0000][1][safepoint    ] Total time for which application threads were stopped: 0.0000839 seconds, Stopping threads took: 0.0000156 seconds
[2019-12-09T01:46:23.617+0000][1][safepoint    ] Application time: 2.0001527 seconds
[2019-12-09T01:46:23.617+0000][1][safepoint    ] Entering safepoint region: Cleanup
[2019-12-09T01:46:23.617+0000][1][safepoint    ] Leaving safepoint region
[2019-12-09T01:46:23.617+0000][1][safepoint    ] Total time for which application threads were stopped: 0.0000875 seconds, Stopping threads took: 0.0000182 seconds
[2019-12-09T01:46:25.617+0000][1][safepoint    ] Application time: 2.0001420 seconds
[2019-12-09T01:46:25.617+0000][1][safepoint    ] Entering safepoint region: Cleanup
[2019-12-09T01:46:25.617+0000][1][safepoint    ] Leaving safepoint region
[2019-12-09T01:46:25.617+0000][1][safepoint    ] Total time for which application threads were stopped: 0.0000842 seconds, Stopping threads took: 0.0000165 seconds
[2019-12-09T01:46:26.618+0000][1][safepoint    ] Application time: 1.0000778 seconds
[2019-12-09T01:46:26.618+0000][1][safepoint    ] Entering safepoint region: Cleanup
[2019-12-09T01:46:26.618+0000][1][safepoint    ] Leaving safepoint region
[2019-12-09T01:46:26.618+0000][1][safepoint    ] Total time for which application threads were stopped: 0.0000854 seconds, Stopping threads took: 0.0000160 seconds
[2019-12-09T01:46:27.618+0000][1][safepoint    ] Application time: 1.0000764 seconds
[2019-12-09T01:46:27.618+0000][1][safepoint    ] Entering safepoint region: Cleanup
[2019-12-09T01:46:27.618+0000][1][safepoint    ] Leaving safepoint region
[2019-12-09T01:46:27.618+0000][1][safepoint    ] Total time for which application threads were stopped: 0.0000818 seconds, Stopping threads took: 0.0000161 seconds
[2019-12-09T01:46:28.618+0000][1][safepoint    ] Application time: 1.0000750 seconds
[2019-12-09T01:46:28.618+0000][1][safepoint    ] Entering safepoint region: Cleanup
[2019-12-09T01:46:28.618+0000][1][safepoint    ] Leaving safepoint region
[2019-12-09T01:46:28.618+0000][1][safepoint    ] Total time for which application threads were stopped: 0.0000868 seconds, Stopping threads took: 0.0000170 seconds
[2019-12-09T01:46:29.618+0000][1][safepoint    ] Application time: 1.0000749 seconds
[2019-12-09T01:46:29.618+0000][1][safepoint    ] Entering safepoint region: Cleanup
[2019-12-09T01:46:29.618+0000][1][safepoint    ] Leaving safepoint region
[2019-12-09T01:46:29.618+0000][1][safepoint    ] Total time for which application threads were stopped: 0.0000869 seconds, Stopping threads took: 0.0000155 seconds
[2019-12-09T01:46:31.618+0000][1][safepoint    ] Application time: 2.0001446 seconds
[2019-12-09T01:46:31.618+0000][1][safepoint    ] Entering safepoint region: Cleanup
[2019-12-09T01:46:31.618+0000][1][safepoint    ] Leaving safepoint region
[2019-12-09T01:46:31.619+0000][1][safepoint    ] Total time for which application threads were stopped: 0.0000832 seconds, Stopping threads took: 0.0000160 seconds
[2019-12-09T01:46:32.619+0000][1][safepoint    ] Application time: 1.0000750 seconds
[2019-12-09T01:46:32.619+0000][1][safepoint    ] Entering safepoint region: Cleanup
[2019-12-09T01:46:32.619+0000][1][safepoint    ] Leaving safepoint region
[2019-12-09T01:46:32.619+0000][1][safepoint    ] Total time for which application threads were stopped: 0.0000989 seconds, Stopping threads took: 0.0000159 seconds
[2019-12-09T01:46:34.619+0000][1][safepoint    ] Application time: 2.0001432 seconds
[2019-12-09T01:46:34.619+0000][1][safepoint    ] Entering safepoint region: Cleanup
[2019-12-09T01:46:34.619+0000][1][safepoint    ] Leaving safepoint region
[2019-12-09T01:46:34.619+0000][1][safepoint    ] Total time for which application threads were stopped: 0.0001001 seconds, Stopping threads took: 0.0000336 seconds
[2019-12-09T01:46:38.619+0000][1][safepoint    ] Application time: 4.0002753 seconds
[2019-12-09T01:46:38.619+0000][1][safepoint    ] Entering safepoint region: Cleanup
[2019-12-09T01:46:38.619+0000][1][safepoint    ] Leaving safepoint region
[2019-12-09T01:46:38.619+0000][1][safepoint    ] Total time for which application threads were stopped: 0.0000846 seconds, Stopping threads took: 0.0000165 seconds
[2019-12-09T01:46:39.536+0000][1][safepoint    ] Application time: 0.9167404 seconds
[2019-12-09T01:46:39.536+0000][1][safepoint    ] Entering safepoint region: GenCollectForAllocation
[2019-12-09T01:46:39.536+0000][1][gc,start     ] GC(24) Pause Young (Allocation Failure)
[2019-12-09T01:46:39.536+0000][1][gc,task      ] GC(24) Using 2 workers of 2 for evacuation
[2019-12-09T01:46:39.548+0000][1][gc,age       ] GC(24) Desired survivor size 4456448 bytes, new threshold 6 (max threshold 6)
[2019-12-09T01:46:39.548+0000][1][gc,age       ] GC(24) Age table with threshold 6 (max threshold 6)
[2019-12-09T01:46:39.548+0000][1][gc,age       ] GC(24) - age   1:       8248 bytes,       8248 total
[2019-12-09T01:46:39.548+0000][1][gc,age       ] GC(24) - age   2:      28328 bytes,      36576 total
[2019-12-09T01:46:39.548+0000][1][gc,age       ] GC(24) - age   3:    1274120 bytes,    1310696 total
[2019-12-09T01:46:39.548+0000][1][gc,age       ] GC(24) - age   4:    2975864 bytes,    4286560 total
[2019-12-09T01:46:39.548+0000][1][gc,heap      ] GC(24) ParNew: 76832K->6425K(78656K)
[2019-12-09T01:46:39.548+0000][1][gc,heap      ] GC(24) CMS: 66059K->66059K(174784K)
[2019-12-09T01:46:39.548+0000][1][gc,metaspace ] GC(24) Metaspace: 70549K->70549K(1114112K)
[2019-12-09T01:46:39.548+0000][1][gc           ] GC(24) Pause Young (Allocation Failure) 139M->70M(247M) 12.182ms
[2019-12-09T01:46:39.549+0000][1][gc,cpu       ] GC(24) User=0.03s Sys=0.00s Real=0.01s
[2019-12-09T01:46:39.549+0000][1][safepoint    ] Leaving safepoint region
[2019-12-09T01:46:39.549+0000][1][safepoint    ] Total time for which application threads were stopped: 0.0123404 seconds, Stopping threads took: 0.0000161 seconds
[2019-12-09T01:46:45.549+0000][1][safepoint    ] Application time: 6.0004314 seconds
[2019-12-09T01:46:45.549+0000][1][safepoint    ] Entering safepoint region: Cleanup
[2019-12-09T01:46:45.549+0000][1][safepoint    ] Leaving safepoint region
[2019-12-09T01:46:45.549+0000][1][safepoint    ] Total time for which application threads were stopped: 0.0000880 seconds, Stopping threads took: 0.0000176 seconds
[2019-12-09T01:46:51.550+0000][1][safepoint    ] Application time: 6.0004153 seconds
[2019-12-09T01:46:51.550+0000][1][safepoint    ] Entering safepoint region: Cleanup
[2019-12-09T01:46:51.550+0000][1][safepoint    ] Leaving safepoint region
[2019-12-09T01:46:51.550+0000][1][safepoint    ] Total time for which application threads were stopped: 0.0001134 seconds, Stopping threads took: 0.0000242 seconds
[2019-12-09T01:46:52.550+0000][1][safepoint    ] Application time: 1.0000872 seconds
[2019-12-09T01:46:52.550+0000][1][safepoint    ] Entering safepoint region: Cleanup
[2019-12-09T01:46:52.550+0000][1][safepoint    ] Leaving safepoint region
[2019-12-09T01:46:52.550+0000][1][safepoint    ] Total time for which application threads were stopped: 0.0000823 seconds, Stopping threads took: 0.0000161 seconds
[2019-12-09T01:46:53.550+0000][1][safepoint    ] Application time: 1.0000762 seconds
[2019-12-09T01:46:53.550+0000][1][safepoint    ] Entering safepoint region: Cleanup
[2019-12-09T01:46:53.550+0000][1][safepoint    ] Leaving safepoint region
[2019-12-09T01:46:53.550+0000][1][safepoint    ] Total time for which application threads were stopped: 0.0000918 seconds, Stopping threads took: 0.0000198 seconds
[2019-12-09T01:46:56.550+0000][1][safepoint    ] Application time: 3.0002092 seconds
[2019-12-09T01:46:56.550+0000][1][safepoint    ] Entering safepoint region: Cleanup
[2019-12-09T01:46:56.550+0000][1][safepoint    ] Leaving safepoint region
[2019-12-09T01:46:56.550+0000][1][safepoint    ] Total time for which application threads were stopped: 0.0000970 seconds, Stopping threads took: 0.0000251 seconds
[2019-12-09T01:47:02.551+0000][1][safepoint    ] Application time: 6.0004091 seconds
[2019-12-09T01:47:02.551+0000][1][safepoint    ] Entering safepoint region: Cleanup
[2019-12-09T01:47:02.551+0000][1][safepoint    ] Leaving safepoint region
[2019-12-09T01:47:02.551+0000][1][safepoint    ] Total time for which application threads were stopped: 0.0000883 seconds, Stopping threads took: 0.0000178 seconds
[2019-12-09T01:47:05.551+0000][1][safepoint    ] Application time: 3.0002097 seconds
[2019-12-09T01:47:05.551+0000][1][safepoint    ] Entering safepoint region: Cleanup
[2019-12-09T01:47:05.551+0000][1][safepoint    ] Leaving safepoint region
[2019-12-09T01:47:05.551+0000][1][safepoint    ] Total time for which application threads were stopped: 0.0000896 seconds, Stopping threads took: 0.0000170 seconds
[2019-12-09T01:47:07.551+0000][1][safepoint    ] Application time: 2.0001407 seconds
[2019-12-09T01:47:07.551+0000][1][safepoint    ] Entering safepoint region: Cleanup
[2019-12-09T01:47:07.552+0000][1][safepoint    ] Leaving safepoint region
[2019-12-09T01:47:07.552+0000][1][safepoint    ] Total time for which application threads were stopped: 0.0000833 seconds, Stopping threads took: 0.0000171 seconds
[2019-12-09T01:47:08.552+0000][1][safepoint    ] Application time: 1.0000772 seconds
[2019-12-09T01:47:08.552+0000][1][safepoint    ] Entering safepoint region: Cleanup
[2019-12-09T01:47:08.552+0000][1][safepoint    ] Leaving safepoint region
[2019-12-09T01:47:08.552+0000][1][safepoint    ] Total time for which application threads were stopped: 0.0000887 seconds, Stopping threads took: 0.0000190 seconds
[2019-12-09T01:47:11.552+0000][1][safepoint    ] Application time: 3.0002052 seconds
[2019-12-09T01:47:11.552+0000][1][safepoint    ] Entering safepoint region: Cleanup
[2019-12-09T01:47:11.552+0000][1][safepoint    ] Leaving safepoint region
[2019-12-09T01:47:11.552+0000][1][safepoint    ] Total time for which application threads were stopped: 0.0000823 seconds, Stopping threads took: 0.0000168 seconds
[2019-12-09T01:47:15.552+0000][1][safepoint    ] Application time: 4.0002734 seconds
[2019-12-09T01:47:15.552+0000][1][safepoint    ] Entering safepoint region: Cleanup
[2019-12-09T01:47:15.552+0000][1][safepoint    ] Leaving safepoint region
[2019-12-09T01:47:15.552+0000][1][safepoint    ] Total time for which application threads were stopped: 0.0000847 seconds, Stopping threads took: 0.0000180 seconds
[2019-12-09T01:47:16.553+0000][1][safepoint    ] Application time: 1.0000768 seconds
[2019-12-09T01:47:16.553+0000][1][safepoint    ] Entering safepoint region: Cleanup
[2019-12-09T01:47:16.553+0000][1][safepoint    ] Leaving safepoint region
[2019-12-09T01:47:16.553+0000][1][safepoint    ] Total time for which application threads were stopped: 0.0000999 seconds, Stopping threads took: 0.0000191 seconds
[2019-12-09T01:47:22.553+0000][1][safepoint    ] Application time: 6.0004051 seconds
[2019-12-09T01:47:22.553+0000][1][safepoint    ] Entering safepoint region: Cleanup
[2019-12-09T01:47:22.553+0000][1][safepoint    ] Leaving safepoint region
[2019-12-09T01:47:22.553+0000][1][safepoint    ] Total time for which application threads were stopped: 0.0000922 seconds, Stopping threads took: 0.0000181 seconds
[2019-12-09T01:47:23.553+0000][1][safepoint    ] Application time: 1.0000741 seconds
[2019-12-09T01:47:23.553+0000][1][safepoint    ] Entering safepoint region: Cleanup
[2019-12-09T01:47:23.553+0000][1][safepoint    ] Leaving safepoint region
[2019-12-09T01:47:23.553+0000][1][safepoint    ] Total time for which application threads were stopped: 0.0000878 seconds, Stopping threads took: 0.0000175 seconds
[2019-12-09T01:47:28.554+0000][1][safepoint    ] Application time: 5.0003427 seconds
[2019-12-09T01:47:28.554+0000][1][safepoint    ] Entering safepoint region: Cleanup
[2019-12-09T01:47:28.554+0000][1][safepoint    ] Leaving safepoint region
[2019-12-09T01:47:28.554+0000][1][safepoint    ] Total time for which application threads were stopped: 0.0000887 seconds, Stopping threads took: 0.0000177 seconds
[2019-12-09T01:47:29.554+0000][1][safepoint    ] Application time: 1.0000743 seconds
[2019-12-09T01:47:29.554+0000][1][safepoint    ] Entering safepoint region: Cleanup
[2019-12-09T01:47:29.554+0000][1][safepoint    ] Leaving safepoint region
[2019-12-09T01:47:29.554+0000][1][safepoint    ] Total time for which application threads were stopped: 0.0000834 seconds, Stopping threads took: 0.0000167 seconds
[2019-12-09T01:47:31.554+0000][1][safepoint    ] Application time: 2.0001416 seconds
[2019-12-09T01:47:31.554+0000][1][safepoint    ] Entering safepoint region: Cleanup
[2019-12-09T01:47:31.554+0000][1][safepoint    ] Leaving safepoint region
[2019-12-09T01:47:31.554+0000][1][safepoint    ] Total time for which application threads were stopped: 0.0001048 seconds, Stopping threads took: 0.0000270 seconds
[2019-12-09T01:47:32.555+0000][1][safepoint    ] Application time: 1.0000770 seconds
[2019-12-09T01:47:32.555+0000][1][safepoint    ] Entering safepoint region: Cleanup
[2019-12-09T01:47:32.555+0000][1][safepoint    ] Leaving safepoint region
[2019-12-09T01:47:32.555+0000][1][safepoint    ] Total time for which application threads were stopped: 0.0000857 seconds, Stopping threads took: 0.0000160 seconds
[2019-12-09T01:47:35.555+0000][1][safepoint    ] Application time: 3.0002072 seconds
[2019-12-09T01:47:35.555+0000][1][safepoint    ] Entering safepoint region: Cleanup
[2019-12-09T01:47:35.555+0000][1][safepoint    ] Leaving safepoint region
[2019-12-09T01:47:35.555+0000][1][safepoint    ] Total time for which application threads were stopped: 0.0000929 seconds, Stopping threads took: 0.0000235 seconds
[2019-12-09T01:47:40.555+0000][1][safepoint    ] Application time: 5.0003413 seconds
[2019-12-09T01:47:40.555+0000][1][safepoint    ] Entering safepoint region: Cleanup
[2019-12-09T01:47:40.555+0000][1][safepoint    ] Leaving safepoint region
[2019-12-09T01:47:40.555+0000][1][safepoint    ] Total time for which application threads were stopped: 0.0000907 seconds, Stopping threads took: 0.0000197 seconds
[2019-12-09T01:47:42.556+0000][1][safepoint    ] Application time: 2.0001440 seconds
[2019-12-09T01:47:42.556+0000][1][safepoint    ] Entering safepoint region: Cleanup
[2019-12-09T01:47:42.556+0000][1][safepoint    ] Leaving safepoint region
[2019-12-09T01:47:42.556+0000][1][safepoint    ] Total time for which application threads were stopped: 0.0001037 seconds, Stopping threads took: 0.0000180 seconds
[2019-12-09T01:47:44.556+0000][1][safepoint    ] Application time: 2.0001417 seconds
[2019-12-09T01:47:44.556+0000][1][safepoint    ] Entering safepoint region: Cleanup
[2019-12-09T01:47:44.556+0000][1][safepoint    ] Leaving safepoint region
[2019-12-09T01:47:44.556+0000][1][safepoint    ] Total time for which application threads were stopped: 0.0000874 seconds, Stopping threads took: 0.0000177 seconds
[2019-12-09T01:47:45.556+0000][1][safepoint    ] Application time: 1.0000769 seconds
[2019-12-09T01:47:45.556+0000][1][safepoint    ] Entering safepoint region: Cleanup
[2019-12-09T01:47:45.556+0000][1][safepoint    ] Leaving safepoint region
[2019-12-09T01:47:45.556+0000][1][safepoint    ] Total time for which application threads were stopped: 0.0000889 seconds, Stopping threads took: 0.0000180 seconds
[2019-12-09T01:47:47.556+0000][1][safepoint    ] Application time: 2.0001422 seconds
[2019-12-09T01:47:47.556+0000][1][safepoint    ] Entering safepoint region: Cleanup
[2019-12-09T01:47:47.556+0000][1][safepoint    ] Leaving safepoint region
[2019-12-09T01:47:47.556+0000][1][safepoint    ] Total time for which application threads were stopped: 0.0000896 seconds, Stopping threads took: 0.0000200 seconds
[2019-12-09T01:47:49.745+0000][1][safepoint    ] Application time: 2.1882546 seconds
[2019-12-09T01:47:49.745+0000][1][safepoint    ] Entering safepoint region: GenCollectForAllocation
[2019-12-09T01:47:49.745+0000][1][gc,start     ] GC(25) Pause Young (Allocation Failure)
[2019-12-09T01:47:49.745+0000][1][gc,task      ] GC(25) Using 2 workers of 2 for evacuation
[2019-12-09T01:47:49.756+0000][1][gc,age       ] GC(25) Desired survivor size 4456448 bytes, new threshold 6 (max threshold 6)
[2019-12-09T01:47:49.756+0000][1][gc,age       ] GC(25) Age table with threshold 6 (max threshold 6)
[2019-12-09T01:47:49.756+0000][1][gc,age       ] GC(25) - age   1:      11512 bytes,      11512 total
[2019-12-09T01:47:49.756+0000][1][gc,age       ] GC(25) - age   2:       2568 bytes,      14080 total
[2019-12-09T01:47:49.756+0000][1][gc,age       ] GC(25) - age   3:      28232 bytes,      42312 total
[2019-12-09T01:47:49.756+0000][1][gc,age       ] GC(25) - age   4:    1270792 bytes,    1313104 total
[2019-12-09T01:47:49.756+0000][1][gc,age       ] GC(25) - age   5:    2975840 bytes,    4288944 total
[2019-12-09T01:47:49.756+0000][1][gc,heap      ] GC(25) ParNew: 76377K->6315K(78656K)
[2019-12-09T01:47:49.756+0000][1][gc,heap      ] GC(25) CMS: 66059K->66059K(174784K)
[2019-12-09T01:47:49.756+0000][1][gc,metaspace ] GC(25) Metaspace: 70557K->70557K(1114112K)
[2019-12-09T01:47:49.756+0000][1][gc           ] GC(25) Pause Young (Allocation Failure) 139M->70M(247M) 10.944ms
[2019-12-09T01:47:49.756+0000][1][gc,cpu       ] GC(25) User=0.02s Sys=0.00s Real=0.01s
[2019-12-09T01:47:49.756+0000][1][safepoint    ] Leaving safepoint region
[2019-12-09T01:47:49.756+0000][1][safepoint    ] Total time for which application threads were stopped: 0.0111036 seconds, Stopping threads took: 0.0000226 seconds
[2019-12-09T01:47:53.756+0000][1][safepoint    ] Application time: 4.0002808 seconds
[2019-12-09T01:47:53.756+0000][1][safepoint    ] Entering safepoint region: Cleanup
[2019-12-09T01:47:53.756+0000][1][safepoint    ] Leaving safepoint region
[2019-12-09T01:47:53.756+0000][1][safepoint    ] Total time for which application threads were stopped: 0.0000793 seconds, Stopping threads took: 0.0000170 seconds
[2019-12-09T01:47:54.756+0000][1][safepoint    ] Application time: 1.0000767 seconds
[2019-12-09T01:47:54.756+0000][1][safepoint    ] Entering safepoint region: Cleanup
[2019-12-09T01:47:54.756+0000][1][safepoint    ] Leaving safepoint region
[2019-12-09T01:47:54.756+0000][1][safepoint    ] Total time for which application threads were stopped: 0.0000790 seconds, Stopping threads took: 0.0000171 seconds
[2019-12-09T01:47:55.757+0000][1][safepoint    ] Application time: 1.0004119 seconds
[2019-12-09T01:47:55.757+0000][1][safepoint    ] Entering safepoint region: Cleanup
[2019-12-09T01:47:55.757+0000][1][safepoint    ] Leaving safepoint region
[2019-12-09T01:47:55.757+0000][1][safepoint    ] Total time for which application threads were stopped: 0.0001319 seconds, Stopping threads took: 0.0000297 seconds
[2019-12-09T01:47:56.757+0000][1][safepoint    ] Application time: 1.0000777 seconds
[2019-12-09T01:47:56.757+0000][1][safepoint    ] Entering safepoint region: Cleanup
[2019-12-09T01:47:56.757+0000][1][safepoint    ] Leaving safepoint region
[2019-12-09T01:47:56.757+0000][1][safepoint    ] Total time for which application threads were stopped: 0.0000905 seconds, Stopping threads took: 0.0000256 seconds
[2019-12-09T01:47:57.757+0000][1][safepoint    ] Application time: 1.0000784 seconds
[2019-12-09T01:47:57.757+0000][1][safepoint    ] Entering safepoint region: Cleanup
[2019-12-09T01:47:57.757+0000][1][safepoint    ] Leaving safepoint region
[2019-12-09T01:47:57.758+0000][1][safepoint    ] Total time for which application threads were stopped: 0.0000819 seconds, Stopping threads took: 0.0000179 seconds
[2019-12-09T01:47:58.758+0000][1][safepoint    ] Application time: 1.0000748 seconds
[2019-12-09T01:47:58.758+0000][1][safepoint    ] Entering safepoint region: Cleanup
[2019-12-09T01:47:58.758+0000][1][safepoint    ] Leaving safepoint region
[2019-12-09T01:47:58.758+0000][1][safepoint    ] Total time for which application threads were stopped: 0.0000930 seconds, Stopping threads took: 0.0000190 seconds
[2019-12-09T01:47:59.758+0000][1][safepoint    ] Application time: 1.0000777 seconds
[2019-12-09T01:47:59.758+0000][1][safepoint    ] Entering safepoint region: Cleanup
[2019-12-09T01:47:59.758+0000][1][safepoint    ] Leaving safepoint region
[2019-12-09T01:47:59.758+0000][1][safepoint    ] Total time for which application threads were stopped: 0.0000946 seconds, Stopping threads took: 0.0000186 seconds
[2019-12-09T01:48:00.758+0000][1][safepoint    ] Application time: 1.0000775 seconds
[2019-12-09T01:48:00.758+0000][1][safepoint    ] Entering safepoint region: Cleanup
[2019-12-09T01:48:00.758+0000][1][safepoint    ] Leaving safepoint region
[2019-12-09T01:48:00.758+0000][1][safepoint    ] Total time for which application threads were stopped: 0.0000851 seconds, Stopping threads took: 0.0000203 seconds
[2019-12-09T01:48:01.758+0000][1][safepoint    ] Application time: 1.0000822 seconds
[2019-12-09T01:48:01.758+0000][1][safepoint    ] Entering safepoint region: Cleanup
[2019-12-09T01:48:01.758+0000][1][safepoint    ] Leaving safepoint region
[2019-12-09T01:48:01.758+0000][1][safepoint    ] Total time for which application threads were stopped: 0.0000989 seconds, Stopping threads took: 0.0000254 seconds
[2019-12-09T01:48:02.758+0000][1][safepoint    ] Application time: 1.0000813 seconds
[2019-12-09T01:48:02.759+0000][1][safepoint    ] Entering safepoint region: Cleanup
[2019-12-09T01:48:02.759+0000][1][safepoint    ] Leaving safepoint region
[2019-12-09T01:48:02.759+0000][1][safepoint    ] Total time for which application threads were stopped: 0.0000864 seconds, Stopping threads took: 0.0000196 seconds
[2019-12-09T01:48:03.759+0000][1][safepoint    ] Application time: 1.0000808 seconds
[2019-12-09T01:48:03.759+0000][1][safepoint    ] Entering safepoint region: Cleanup
[2019-12-09T01:48:03.759+0000][1][safepoint    ] Leaving safepoint region
[2019-12-09T01:48:03.759+0000][1][safepoint    ] Total time for which application threads were stopped: 0.0000829 seconds, Stopping threads took: 0.0000179 seconds
[2019-12-09T01:48:04.759+0000][1][safepoint    ] Application time: 1.0000777 seconds
[2019-12-09T01:48:04.759+0000][1][safepoint    ] Entering safepoint region: Cleanup
[2019-12-09T01:48:04.759+0000][1][safepoint    ] Leaving safepoint region
[2019-12-09T01:48:04.759+0000][1][safepoint    ] Total time for which application threads were stopped: 0.0000805 seconds, Stopping threads took: 0.0000164 seconds
[2019-12-09T01:48:05.759+0000][1][safepoint    ] Application time: 1.0000760 seconds
[2019-12-09T01:48:05.759+0000][1][safepoint    ] Entering safepoint region: Cleanup
[2019-12-09T01:48:05.759+0000][1][safepoint    ] Leaving safepoint region
[2019-12-09T01:48:05.759+0000][1][safepoint    ] Total time for which application threads were stopped: 0.0000839 seconds, Stopping threads took: 0.0000185 seconds
[2019-12-09T01:48:06.759+0000][1][safepoint    ] Application time: 1.0000762 seconds
[2019-12-09T01:48:06.759+0000][1][safepoint    ] Entering safepoint region: Cleanup
[2019-12-09T01:48:06.759+0000][1][safepoint    ] Leaving safepoint region
[2019-12-09T01:48:06.759+0000][1][safepoint    ] Total time for which application threads were stopped: 0.0000829 seconds, Stopping threads took: 0.0000181 seconds
[2019-12-09T01:48:07.759+0000][1][safepoint    ] Application time: 1.0000748 seconds
[2019-12-09T01:48:07.760+0000][1][safepoint    ] Entering safepoint region: Cleanup
[2019-12-09T01:48:07.760+0000][1][safepoint    ] Leaving safepoint region
[2019-12-09T01:48:07.760+0000][1][safepoint    ] Total time for which application threads were stopped: 0.0000798 seconds, Stopping threads took: 0.0000175 seconds
[2019-12-09T01:48:08.760+0000][1][safepoint    ] Application time: 1.0008251 seconds
[2019-12-09T01:48:08.760+0000][1][safepoint    ] Entering safepoint region: Cleanup
[2019-12-09T01:48:08.761+0000][1][safepoint    ] Leaving safepoint region
[2019-12-09T01:48:08.761+0000][1][safepoint    ] Total time for which application threads were stopped: 0.0001154 seconds, Stopping threads took: 0.0000248 seconds
[2019-12-09T01:48:09.761+0000][1][safepoint    ] Application time: 1.0000753 seconds
[2019-12-09T01:48:09.761+0000][1][safepoint    ] Entering safepoint region: Cleanup
[2019-12-09T01:48:09.761+0000][1][safepoint    ] Leaving safepoint region
[2019-12-09T01:48:09.761+0000][1][safepoint    ] Total time for which application threads were stopped: 0.0000879 seconds, Stopping threads took: 0.0000170 seconds
[2019-12-09T01:48:10.761+0000][1][safepoint    ] Application time: 1.0000766 seconds
[2019-12-09T01:48:10.761+0000][1][safepoint    ] Entering safepoint region: Cleanup
[2019-12-09T01:48:10.761+0000][1][safepoint    ] Leaving safepoint region
[2019-12-09T01:48:10.761+0000][1][safepoint    ] Total time for which application threads were stopped: 0.0000811 seconds, Stopping threads took: 0.0000178 seconds
[2019-12-09T01:48:11.762+0000][1][safepoint    ] Application time: 1.0007124 seconds
[2019-12-09T01:48:11.762+0000][1][safepoint    ] Entering safepoint region: Cleanup
[2019-12-09T01:48:11.762+0000][1][safepoint    ] Leaving safepoint region
[2019-12-09T01:48:11.762+0000][1][safepoint    ] Total time for which application threads were stopped: 0.0001174 seconds, Stopping threads took: 0.0000263 seconds
[2019-12-09T01:48:12.762+0000][1][safepoint    ] Application time: 1.0000769 seconds
[2019-12-09T01:48:12.762+0000][1][safepoint    ] Entering safepoint region: Cleanup
[2019-12-09T01:48:12.762+0000][1][safepoint    ] Leaving safepoint region
[2019-12-09T01:48:12.762+0000][1][safepoint    ] Total time for which application threads were stopped: 0.0000794 seconds, Stopping threads took: 0.0000175 seconds
[2019-12-09T01:48:13.762+0000][1][safepoint    ] Application time: 1.0000787 seconds
[2019-12-09T01:48:13.762+0000][1][safepoint    ] Entering safepoint region: Cleanup
[2019-12-09T01:48:13.762+0000][1][safepoint    ] Leaving safepoint region
[2019-12-09T01:48:13.762+0000][1][safepoint    ] Total time for which application threads were stopped: 0.0000834 seconds, Stopping threads took: 0.0000175 seconds
[2019-12-09T01:48:14.762+0000][1][safepoint    ] Application time: 1.0000767 seconds
[2019-12-09T01:48:14.762+0000][1][safepoint    ] Entering safepoint region: Cleanup
[2019-12-09T01:48:14.762+0000][1][safepoint    ] Leaving safepoint region
[2019-12-09T01:48:14.762+0000][1][safepoint    ] Total time for which application threads were stopped: 0.0000834 seconds, Stopping threads took: 0.0000185 seconds
[2019-12-09T01:48:15.763+0000][1][safepoint    ] Application time: 1.0000771 seconds
[2019-12-09T01:48:15.763+0000][1][safepoint    ] Entering safepoint region: Cleanup
[2019-12-09T01:48:15.763+0000][1][safepoint    ] Leaving safepoint region
[2019-12-09T01:48:15.763+0000][1][safepoint    ] Total time for which application threads were stopped: 0.0001043 seconds, Stopping threads took: 0.0000182 seconds
[2019-12-09T01:48:16.763+0000][1][safepoint    ] Application time: 1.0000782 seconds
[2019-12-09T01:48:16.763+0000][1][safepoint    ] Entering safepoint region: Cleanup
[2019-12-09T01:48:16.763+0000][1][safepoint    ] Leaving safepoint region
[2019-12-09T01:48:16.763+0000][1][safepoint    ] Total time for which application threads were stopped: 0.0000802 seconds, Stopping threads took: 0.0000165 seconds
[2019-12-09T01:48:17.763+0000][1][safepoint    ] Application time: 1.0000753 seconds
[2019-12-09T01:48:17.763+0000][1][safepoint    ] Entering safepoint region: Cleanup
[2019-12-09T01:48:17.763+0000][1][safepoint    ] Leaving safepoint region
[2019-12-09T01:48:17.763+0000][1][safepoint    ] Total time for which application threads were stopped: 0.0000894 seconds, Stopping threads took: 0.0000183 seconds
[2019-12-09T01:48:18.763+0000][1][safepoint    ] Application time: 1.0000782 seconds
[2019-12-09T01:48:18.763+0000][1][safepoint    ] Entering safepoint region: Cleanup
[2019-12-09T01:48:18.763+0000][1][safepoint    ] Leaving safepoint region
[2019-12-09T01:48:18.763+0000][1][safepoint    ] Total time for which application threads were stopped: 0.0000830 seconds, Stopping threads took: 0.0000176 seconds
[2019-12-09T01:48:19.763+0000][1][safepoint    ] Application time: 1.0000746 seconds
[2019-12-09T01:48:19.763+0000][1][safepoint    ] Entering safepoint region: Cleanup
[2019-12-09T01:48:19.763+0000][1][safepoint    ] Leaving safepoint region
[2019-12-09T01:48:19.763+0000][1][safepoint    ] Total time for which application threads were stopped: 0.0000805 seconds, Stopping threads took: 0.0000161 seconds
[2019-12-09T01:48:20.764+0000][1][safepoint    ] Application time: 1.0000776 seconds
[2019-12-09T01:48:20.764+0000][1][safepoint    ] Entering safepoint region: Cleanup
[2019-12-09T01:48:20.764+0000][1][safepoint    ] Leaving safepoint region
[2019-12-09T01:48:20.764+0000][1][safepoint    ] Total time for which application threads were stopped: 0.0000960 seconds, Stopping threads took: 0.0000176 seconds
[2019-12-09T01:48:21.769+0000][1][safepoint    ] Application time: 1.0049807 seconds
[2019-12-09T01:48:21.769+0000][1][safepoint    ] Entering safepoint region: Cleanup
[2019-12-09T01:48:21.769+0000][1][safepoint    ] Leaving safepoint region
[2019-12-09T01:48:21.769+0000][1][safepoint    ] Total time for which application threads were stopped: 0.0001330 seconds, Stopping threads took: 0.0000296 seconds
[2019-12-09T01:48:22.053+0000][1][safepoint    ] Application time: 0.2844082 seconds
[2019-12-09T01:48:22.053+0000][1][safepoint    ] Entering safepoint region: RevokeBias
[2019-12-09T01:48:22.053+0000][1][safepoint    ] Leaving safepoint region
[2019-12-09T01:48:22.053+0000][1][safepoint    ] Total time for which application threads were stopped: 0.0001108 seconds, Stopping threads took: 0.0000185 seconds
[2019-12-09T01:48:22.054+0000][1][safepoint    ] Application time: 0.0000797 seconds
[2019-12-09T01:48:22.054+0000][1][safepoint    ] Entering safepoint region: RevokeBias
[2019-12-09T01:48:22.054+0000][1][safepoint    ] Leaving safepoint region
[2019-12-09T01:48:22.054+0000][1][safepoint    ] Total time for which application threads were stopped: 0.0000534 seconds, Stopping threads took: 0.0000100 seconds
[2019-12-09T01:48:22.055+0000][1][safepoint    ] Application time: 0.0013432 seconds
[2019-12-09T01:48:22.055+0000][1][safepoint    ] Entering safepoint region: RevokeBias
[2019-12-09T01:48:22.055+0000][1][safepoint    ] Leaving safepoint region
[2019-12-09T01:48:22.055+0000][1][safepoint    ] Total time for which application threads were stopped: 0.0000843 seconds, Stopping threads took: 0.0000182 seconds
[2019-12-09T01:48:22.060+0000][1][safepoint    ] Application time: 0.0053335 seconds
[2019-12-09T01:48:22.060+0000][1][safepoint    ] Entering safepoint region: RevokeBias
[2019-12-09T01:48:22.060+0000][1][safepoint    ] Leaving safepoint region
[2019-12-09T01:48:22.060+0000][1][safepoint    ] Total time for which application threads were stopped: 0.0000702 seconds, Stopping threads took: 0.0000151 seconds
[2019-12-09T01:48:22.062+0000][1][safepoint    ] Application time: 0.0017331 seconds
[2019-12-09T01:48:22.062+0000][1][safepoint    ] Entering safepoint region: RevokeBias
[2019-12-09T01:48:22.062+0000][1][safepoint    ] Leaving safepoint region
[2019-12-09T01:48:22.062+0000][1][safepoint    ] Total time for which application threads were stopped: 0.0000579 seconds, Stopping threads took: 0.0000121 seconds
[2019-12-09T01:48:22.066+0000][1][safepoint    ] Application time: 0.0039454 seconds
[2019-12-09T01:48:22.066+0000][1][safepoint    ] Entering safepoint region: RevokeBias
[2019-12-09T01:48:22.066+0000][1][safepoint    ] Leaving safepoint region
[2019-12-09T01:48:22.066+0000][1][safepoint    ] Total time for which application threads were stopped: 0.0000790 seconds, Stopping threads took: 0.0000147 seconds
[2019-12-09T01:48:22.069+0000][1][safepoint    ] Application time: 0.0030998 seconds
[2019-12-09T01:48:22.069+0000][1][safepoint    ] Entering safepoint region: RevokeBias
[2019-12-09T01:48:22.070+0000][1][safepoint    ] Leaving safepoint region
[2019-12-09T01:48:22.070+0000][1][safepoint    ] Total time for which application threads were stopped: 0.0001005 seconds, Stopping threads took: 0.0000142 seconds
[2019-12-09T01:48:22.071+0000][1][safepoint    ] Application time: 0.0015370 seconds
[2019-12-09T01:48:22.071+0000][1][safepoint    ] Entering safepoint region: RevokeBias
[2019-12-09T01:48:22.071+0000][1][safepoint    ] Leaving safepoint region
[2019-12-09T01:48:22.071+0000][1][safepoint    ] Total time for which application threads were stopped: 0.0001395 seconds, Stopping threads took: 0.0000667 seconds
[2019-12-09T01:48:22.072+0000][1][safepoint    ] Application time: 0.0010471 seconds
[2019-12-09T01:48:22.083+0000][1][safepoint    ] Entering safepoint region: RevokeBias
[2019-12-09T01:48:22.083+0000][1][safepoint    ] Leaving safepoint region
[2019-12-09T01:48:22.083+0000][1][safepoint    ] Total time for which application threads were stopped: 0.0105653 seconds, Stopping threads took: 0.0105015 seconds
[2019-12-09T01:48:22.108+0000][1][safepoint    ] Application time: 0.0246751 seconds
[2019-12-09T01:48:22.108+0000][1][safepoint    ] Entering safepoint region: RevokeBias
[2019-12-09T01:48:22.108+0000][1][safepoint    ] Leaving safepoint region
[2019-12-09T01:48:22.108+0000][1][safepoint    ] Total time for which application threads were stopped: 0.0001237 seconds, Stopping threads took: 0.0000156 seconds
[2019-12-09T01:48:22.108+0000][1][safepoint    ] Application time: 0.0003921 seconds
[2019-12-09T01:48:22.128+0000][1][safepoint    ] Entering safepoint region: RevokeBias
[2019-12-09T01:48:22.128+0000][1][safepoint    ] Leaving safepoint region
[2019-12-09T01:48:22.128+0000][1][safepoint    ] Total time for which application threads were stopped: 0.0197542 seconds, Stopping threads took: 0.0196672 seconds
[2019-12-09T01:48:22.130+0000][1][safepoint    ] Application time: 0.0018480 seconds
[2019-12-09T01:48:22.130+0000][1][safepoint    ] Entering safepoint region: RevokeBias
[2019-12-09T01:48:22.130+0000][1][safepoint    ] Leaving safepoint region
[2019-12-09T01:48:22.130+0000][1][safepoint    ] Total time for which application threads were stopped: 0.0001003 seconds, Stopping threads took: 0.0000151 seconds
[2019-12-09T01:48:22.131+0000][1][safepoint    ] Application time: 0.0014627 seconds
[2019-12-09T01:48:22.131+0000][1][safepoint    ] Entering safepoint region: RevokeBias
[2019-12-09T01:48:22.131+0000][1][safepoint    ] Leaving safepoint region
[2019-12-09T01:48:22.131+0000][1][safepoint    ] Total time for which application threads were stopped: 0.0000813 seconds, Stopping threads took: 0.0000133 seconds
[2019-12-09T01:48:22.132+0000][1][safepoint    ] Application time: 0.0003367 seconds
[2019-12-09T01:48:22.132+0000][1][safepoint    ] Entering safepoint region: RevokeBias
[2019-12-09T01:48:22.132+0000][1][safepoint    ] Leaving safepoint region
[2019-12-09T01:48:22.132+0000][1][safepoint    ] Total time for which application threads were stopped: 0.0000833 seconds, Stopping threads took: 0.0000121 seconds
[2019-12-09T01:48:22.134+0000][1][safepoint    ] Application time: 0.0018601 seconds
[2019-12-09T01:48:22.134+0000][1][safepoint    ] Entering safepoint region: RevokeBias
[2019-12-09T01:48:22.134+0000][1][safepoint    ] Leaving safepoint region
[2019-12-09T01:48:22.134+0000][1][safepoint    ] Total time for which application threads were stopped: 0.0000889 seconds, Stopping threads took: 0.0000134 seconds
[2019-12-09T01:48:22.134+0000][1][safepoint    ] Application time: 0.0001953 seconds
[2019-12-09T01:48:22.134+0000][1][safepoint    ] Entering safepoint region: RevokeBias
[2019-12-09T01:48:22.134+0000][1][safepoint    ] Leaving safepoint region
[2019-12-09T01:48:22.134+0000][1][safepoint    ] Total time for which application threads were stopped: 0.0000534 seconds, Stopping threads took: 0.0000112 seconds
[2019-12-09T01:48:22.134+0000][1][safepoint    ] Application time: 0.0002350 seconds
[2019-12-09T01:48:22.134+0000][1][safepoint    ] Entering safepoint region: RevokeBias
[2019-12-09T01:48:22.134+0000][1][safepoint    ] Leaving safepoint region
[2019-12-09T01:48:22.134+0000][1][safepoint    ] Total time for which application threads were stopped: 0.0000613 seconds, Stopping threads took: 0.0000124 seconds
[2019-12-09T01:48:22.135+0000][1][safepoint    ] Application time: 0.0000567 seconds
[2019-12-09T01:48:22.135+0000][1][safepoint    ] Entering safepoint region: RevokeBias
[2019-12-09T01:48:22.135+0000][1][safepoint    ] Leaving safepoint region
[2019-12-09T01:48:22.135+0000][1][safepoint    ] Total time for which application threads were stopped: 0.0000502 seconds, Stopping threads took: 0.0000092 seconds
[2019-12-09T01:48:22.135+0000][1][safepoint    ] Application time: 0.0004227 seconds
[2019-12-09T01:48:22.135+0000][1][safepoint    ] Entering safepoint region: RevokeBias
[2019-12-09T01:48:22.135+0000][1][safepoint    ] Leaving safepoint region
[2019-12-09T01:48:22.135+0000][1][safepoint    ] Total time for which application threads were stopped: 0.0000697 seconds, Stopping threads took: 0.0000124 seconds
[2019-12-09T01:48:22.136+0000][1][safepoint    ] Application time: 0.0009648 seconds
[2019-12-09T01:48:22.136+0000][1][safepoint    ] Entering safepoint region: RevokeBias
[2019-12-09T01:48:22.136+0000][1][safepoint    ] Leaving safepoint region
[2019-12-09T01:48:22.136+0000][1][safepoint    ] Total time for which application threads were stopped: 0.0000697 seconds, Stopping threads took: 0.0000125 seconds
[2019-12-09T01:48:22.142+0000][1][safepoint    ] Application time: 0.0056353 seconds
[2019-12-09T01:48:22.181+0000][1][safepoint    ] Entering safepoint region: RevokeBias
[2019-12-09T01:48:22.181+0000][1][safepoint    ] Leaving safepoint region
[2019-12-09T01:48:22.181+0000][1][safepoint    ] Total time for which application threads were stopped: 0.0392320 seconds, Stopping threads took: 0.0390766 seconds
[2019-12-09T01:48:22.182+0000][1][safepoint    ] Application time: 0.0004736 seconds
[2019-12-09T01:48:22.182+0000][1][safepoint    ] Entering safepoint region: RevokeBias
[2019-12-09T01:48:22.182+0000][1][safepoint    ] Leaving safepoint region
[2019-12-09T01:48:22.182+0000][1][safepoint    ] Total time for which application threads were stopped: 0.0001455 seconds, Stopping threads took: 0.0000151 seconds
[2019-12-09T01:48:22.190+0000][1][safepoint    ] Application time: 0.0085159 seconds
[2019-12-09T01:48:22.190+0000][1][safepoint    ] Entering safepoint region: RevokeBias
[2019-12-09T01:48:22.191+0000][1][safepoint    ] Leaving safepoint region
[2019-12-09T01:48:22.191+0000][1][safepoint    ] Total time for which application threads were stopped: 0.0002186 seconds, Stopping threads took: 0.0000410 seconds
[2019-12-09T01:48:22.192+0000][1][safepoint    ] Application time: 0.0018335 seconds
[2019-12-09T01:48:22.192+0000][1][safepoint    ] Entering safepoint region: RevokeBias
[2019-12-09T01:48:22.192+0000][1][safepoint    ] Leaving safepoint region
[2019-12-09T01:48:22.192+0000][1][safepoint    ] Total time for which application threads were stopped: 0.0000920 seconds, Stopping threads took: 0.0000131 seconds
[2019-12-09T01:48:22.213+0000][1][safepoint    ] Application time: 0.0203871 seconds
[2019-12-09T01:48:22.213+0000][1][safepoint    ] Entering safepoint region: RevokeBias
[2019-12-09T01:48:22.213+0000][1][safepoint    ] Leaving safepoint region
[2019-12-09T01:48:22.213+0000][1][safepoint    ] Total time for which application threads were stopped: 0.0001122 seconds, Stopping threads took: 0.0000162 seconds
[2019-12-09T01:48:22.213+0000][1][safepoint    ] Application time: 0.0003157 seconds
[2019-12-09T01:48:22.213+0000][1][safepoint    ] Entering safepoint region: RevokeBias
[2019-12-09T01:48:22.213+0000][1][safepoint    ] Leaving safepoint region
[2019-12-09T01:48:22.213+0000][1][safepoint    ] Total time for which application threads were stopped: 0.0001172 seconds, Stopping threads took: 0.0000119 seconds
[2019-12-09T01:48:22.214+0000][1][safepoint    ] Application time: 0.0009605 seconds
[2019-12-09T01:48:22.214+0000][1][safepoint    ] Entering safepoint region: BulkRevokeBias
[2019-12-09T01:48:22.215+0000][1][safepoint    ] Leaving safepoint region
[2019-12-09T01:48:22.215+0000][1][safepoint    ] Total time for which application threads were stopped: 0.0004165 seconds, Stopping threads took: 0.0000142 seconds
[2019-12-09T01:48:22.381+0000][1][safepoint    ] Application time: 0.1661154 seconds
[2019-12-09T01:48:22.381+0000][1][safepoint    ] Entering safepoint region: RevokeBias
[2019-12-09T01:48:22.381+0000][1][safepoint    ] Leaving safepoint region
[2019-12-09T01:48:22.381+0000][1][safepoint    ] Total time for which application threads were stopped: 0.0004092 seconds, Stopping threads took: 0.0002157 seconds
[2019-12-09T01:48:22.383+0000][1][safepoint    ] Application time: 0.0012758 seconds
[2019-12-09T01:48:22.383+0000][1][safepoint    ] Entering safepoint region: RevokeBias
[2019-12-09T01:48:22.383+0000][1][safepoint    ] Leaving safepoint region
[2019-12-09T01:48:22.383+0000][1][safepoint    ] Total time for which application threads were stopped: 0.0001474 seconds, Stopping threads took: 0.0000143 seconds
[2019-12-09T01:48:22.383+0000][1][safepoint    ] Application time: 0.0004423 seconds
[2019-12-09T01:48:22.383+0000][1][safepoint    ] Entering safepoint region: RevokeBias
[2019-12-09T01:48:22.383+0000][1][safepoint    ] Leaving safepoint region
[2019-12-09T01:48:22.383+0000][1][safepoint    ] Total time for which application threads were stopped: 0.0001224 seconds, Stopping threads took: 0.0000119 seconds
[2019-12-09T01:48:22.424+0000][1][safepoint    ] Application time: 0.0403215 seconds
[2019-12-09T01:48:22.424+0000][1][safepoint    ] Entering safepoint region: RevokeBias
[2019-12-09T01:48:22.424+0000][1][safepoint    ] Leaving safepoint region
[2019-12-09T01:48:22.424+0000][1][safepoint    ] Total time for which application threads were stopped: 0.0001371 seconds, Stopping threads took: 0.0000177 seconds
[2019-12-09T01:48:22.424+0000][1][safepoint    ] Application time: 0.0003920 seconds
[2019-12-09T01:48:22.424+0000][1][safepoint    ] Entering safepoint region: RevokeBias
[2019-12-09T01:48:22.425+0000][1][safepoint    ] Leaving safepoint region
[2019-12-09T01:48:22.425+0000][1][safepoint    ] Total time for which application threads were stopped: 0.0001137 seconds, Stopping threads took: 0.0000155 seconds
[2019-12-09T01:48:22.431+0000][1][safepoint    ] Application time: 0.0061469 seconds
[2019-12-09T01:48:22.431+0000][1][safepoint    ] Entering safepoint region: RevokeBias
[2019-12-09T01:48:22.431+0000][1][safepoint    ] Leaving safepoint region
[2019-12-09T01:48:22.431+0000][1][safepoint    ] Total time for which application threads were stopped: 0.0000856 seconds, Stopping threads took: 0.0000139 seconds
[2019-12-09T01:48:22.445+0000][1][safepoint    ] Application time: 0.0145615 seconds
[2019-12-09T01:48:22.445+0000][1][safepoint    ] Entering safepoint region: RevokeBias
[2019-12-09T01:48:22.445+0000][1][safepoint    ] Leaving safepoint region
[2019-12-09T01:48:22.445+0000][1][safepoint    ] Total time for which application threads were stopped: 0.0001083 seconds, Stopping threads took: 0.0000437 seconds
[2019-12-09T01:48:22.446+0000][1][safepoint    ] Application time: 0.0000587 seconds
[2019-12-09T01:48:22.446+0000][1][safepoint    ] Entering safepoint region: RevokeBias
[2019-12-09T01:48:22.446+0000][1][safepoint    ] Leaving safepoint region
[2019-12-09T01:48:22.446+0000][1][safepoint    ] Total time for which application threads were stopped: 0.0000510 seconds, Stopping threads took: 0.0000089 seconds
[2019-12-09T01:48:22.446+0000][1][safepoint    ] Application time: 0.0000804 seconds
[2019-12-09T01:48:22.446+0000][1][safepoint    ] Entering safepoint region: RevokeBias
[2019-12-09T01:48:22.446+0000][1][safepoint    ] Leaving safepoint region
[2019-12-09T01:48:22.446+0000][1][safepoint    ] Total time for which application threads were stopped: 0.0000509 seconds, Stopping threads took: 0.0000092 seconds
[2019-12-09T01:48:22.446+0000][1][safepoint    ] Application time: 0.0000596 seconds
[2019-12-09T01:48:22.446+0000][1][safepoint    ] Entering safepoint region: RevokeBias
[2019-12-09T01:48:22.446+0000][1][safepoint    ] Leaving safepoint region
[2019-12-09T01:48:22.446+0000][1][safepoint    ] Total time for which application threads were stopped: 0.0000470 seconds, Stopping threads took: 0.0000078 seconds
[2019-12-09T01:48:22.446+0000][1][safepoint    ] Application time: 0.0000688 seconds
[2019-12-09T01:48:22.446+0000][1][safepoint    ] Entering safepoint region: RevokeBias
[2019-12-09T01:48:22.446+0000][1][safepoint    ] Leaving safepoint region
[2019-12-09T01:48:22.446+0000][1][safepoint    ] Total time for which application threads were stopped: 0.0000475 seconds, Stopping threads took: 0.0000092 seconds
[2019-12-09T01:48:22.467+0000][1][safepoint    ] Application time: 0.0206619 seconds
[2019-12-09T01:48:22.467+0000][1][safepoint    ] Entering safepoint region: RevokeBias
[2019-12-09T01:48:22.467+0000][1][safepoint    ] Leaving safepoint region
[2019-12-09T01:48:22.467+0000][1][safepoint    ] Total time for which application threads were stopped: 0.0000871 seconds, Stopping threads took: 0.0000161 seconds
[2019-12-09T01:48:22.467+0000][1][safepoint    ] Application time: 0.0004247 seconds
[2019-12-09T01:48:22.467+0000][1][safepoint    ] Entering safepoint region: BulkRevokeBias
[2019-12-09T01:48:22.468+0000][1][safepoint    ] Leaving safepoint region
[2019-12-09T01:48:22.468+0000][1][safepoint    ] Total time for which application threads were stopped: 0.0003865 seconds, Stopping threads took: 0.0000139 seconds
[2019-12-09T01:48:22.476+0000][1][safepoint    ] Application time: 0.0082384 seconds
[2019-12-09T01:48:22.476+0000][1][safepoint    ] Entering safepoint region: RevokeBias
[2019-12-09T01:48:22.476+0000][1][safepoint    ] Leaving safepoint region
[2019-12-09T01:48:22.476+0000][1][safepoint    ] Total time for which application threads were stopped: 0.0001715 seconds, Stopping threads took: 0.0000142 seconds
[2019-12-09T01:48:22.500+0000][1][safepoint    ] Application time: 0.0240611 seconds
[2019-12-09T01:48:22.531+0000][1][safepoint    ] Entering safepoint region: RevokeBias
[2019-12-09T01:48:22.531+0000][1][safepoint    ] Leaving safepoint region
[2019-12-09T01:48:22.531+0000][1][safepoint    ] Total time for which application threads were stopped: 0.0312176 seconds, Stopping threads took: 0.0311186 seconds
[2019-12-09T01:48:22.551+0000][1][safepoint    ] Application time: 0.0199701 seconds
[2019-12-09T01:48:22.552+0000][1][safepoint    ] Entering safepoint region: RevokeBias
[2019-12-09T01:48:22.552+0000][1][safepoint    ] Leaving safepoint region
[2019-12-09T01:48:22.552+0000][1][safepoint    ] Total time for which application threads were stopped: 0.0001740 seconds, Stopping threads took: 0.0000941 seconds
[2019-12-09T01:48:22.555+0000][1][safepoint    ] Application time: 0.0032603 seconds
[2019-12-09T01:48:22.555+0000][1][safepoint    ] Entering safepoint region: RevokeBias
[2019-12-09T01:48:22.555+0000][1][safepoint    ] Leaving safepoint region
[2019-12-09T01:48:22.555+0000][1][safepoint    ] Total time for which application threads were stopped: 0.0000692 seconds, Stopping threads took: 0.0000122 seconds
[2019-12-09T01:48:22.565+0000][1][safepoint    ] Application time: 0.0097072 seconds
[2019-12-09T01:48:22.565+0000][1][safepoint    ] Entering safepoint region: RevokeBias
[2019-12-09T01:48:22.565+0000][1][safepoint    ] Leaving safepoint region
[2019-12-09T01:48:22.565+0000][1][safepoint    ] Total time for which application threads were stopped: 0.0000644 seconds, Stopping threads took: 0.0000139 seconds
[2019-12-09T01:48:22.578+0000][1][safepoint    ] Application time: 0.0133782 seconds
[2019-12-09T01:48:22.578+0000][1][safepoint    ] Entering safepoint region: RevokeBias
[2019-12-09T01:48:22.578+0000][1][safepoint    ] Leaving safepoint region
[2019-12-09T01:48:22.578+0000][1][safepoint    ] Total time for which application threads were stopped: 0.0000459 seconds, Stopping threads took: 0.0000120 seconds
[2019-12-09T01:48:22.578+0000][1][safepoint    ] Application time: 0.0002049 seconds
[2019-12-09T01:48:22.578+0000][1][safepoint    ] Entering safepoint region: RevokeBias
[2019-12-09T01:48:22.578+0000][1][safepoint    ] Leaving safepoint region
[2019-12-09T01:48:22.579+0000][1][safepoint    ] Total time for which application threads were stopped: 0.0000403 seconds, Stopping threads took: 0.0000091 seconds
[2019-12-09T01:48:22.588+0000][1][safepoint    ] Application time: 0.0090932 seconds
[2019-12-09T01:48:22.588+0000][1][safepoint    ] Entering safepoint region: RevokeBias
[2019-12-09T01:48:22.588+0000][1][safepoint    ] Leaving safepoint region
[2019-12-09T01:48:22.588+0000][1][safepoint    ] Total time for which application threads were stopped: 0.0000729 seconds, Stopping threads took: 0.0000108 seconds
[2019-12-09T01:48:22.609+0000][1][gc,heap,exit ] Heap
[2019-12-09T01:48:22.609+0000][1][gc,heap,exit ]  par new generation   total 78656K, used 50790K [0x00000000f0000000, 0x00000000f5550000, 0x00000000f5550000)
[2019-12-09T01:48:22.609+0000][1][gc,heap,exit ]   eden space 69952K,  63% used [0x00000000f0000000, 0x00000000f2b6e9b8, 0x00000000f4450000)
[2019-12-09T01:48:22.609+0000][1][gc,heap,exit ]   from space 8704K,  72% used [0x00000000f4450000, 0x00000000f4a7aee8, 0x00000000f4cd0000)
[2019-12-09T01:48:22.609+0000][1][gc,heap,exit ]   to   space 8704K,   0% used [0x00000000f4cd0000, 0x00000000f4cd0000, 0x00000000f5550000)
[2019-12-09T01:48:22.609+0000][1][gc,heap,exit ]  concurrent mark-sweep generation total 174784K, used 66059K [0x00000000f5550000, 0x0000000100000000, 0x0000000100000000)
[2019-12-09T01:48:22.609+0000][1][gc,heap,exit ]  Metaspace       used 70834K, capacity 76166K, committed 76296K, reserved 1114112K
[2019-12-09T01:48:22.609+0000][1][gc,heap,exit ]   class space    used 9587K, capacity 11825K, committed 11924K, reserved 1048576K
[2019-12-09T01:48:22.609+0000][1][safepoint    ] Application time: 0.0214861 seconds
[2019-12-09T01:48:22.609+0000][1][safepoint    ] Entering safepoint region: Exit
