[2019-12-09T01:51:12.626+0000][1][gc] Using Concurrent Mark Sweep
[2019-12-09T01:51:12.626+0000][1][gc,heap,coops] Heap address: 0x00000000f0000000, size: 256 MB, Compressed Oops mode: 32-bit
[2019-12-09T01:51:12.981+0000][1][safepoint    ] Entering safepoint region: EnableBiasedLocking
[2019-12-09T01:51:12.981+0000][1][safepoint    ] Leaving safepoint region
[2019-12-09T01:51:12.981+0000][1][safepoint    ] Total time for which application threads were stopped: 0.0059262 seconds, Stopping threads took: 0.0058453 seconds
[2019-12-09T01:51:13.020+0000][1][safepoint    ] Application time: 0.0192275 seconds
[2019-12-09T01:51:13.044+0000][1][safepoint    ] Entering safepoint region: RevokeBias
[2019-12-09T01:51:13.044+0000][1][safepoint    ] Leaving safepoint region
[2019-12-09T01:51:13.044+0000][1][safepoint    ] Total time for which application threads were stopped: 0.0238360 seconds, Stopping threads took: 0.0237262 seconds
[2019-12-09T01:51:13.076+0000][1][safepoint    ] Application time: 0.0321530 seconds
[2019-12-09T01:51:13.076+0000][1][safepoint    ] Entering safepoint region: Deoptimize
[2019-12-09T01:51:13.076+0000][1][safepoint    ] Leaving safepoint region
[2019-12-09T01:51:13.076+0000][1][safepoint    ] Total time for which application threads were stopped: 0.0000455 seconds, Stopping threads took: 0.0000106 seconds
[2019-12-09T01:51:13.973+0000][1][safepoint    ] Application time: 0.8966468 seconds
[2019-12-09T01:51:13.973+0000][1][safepoint    ] Entering safepoint region: Deoptimize
[2019-12-09T01:51:13.973+0000][1][safepoint    ] Leaving safepoint region
[2019-12-09T01:51:13.973+0000][1][safepoint    ] Total time for which application threads were stopped: 0.0001079 seconds, Stopping threads took: 0.0000125 seconds
[2019-12-09T01:51:14.974+0000][1][safepoint    ] Application time: 1.0007885 seconds
[2019-12-09T01:51:15.023+0000][1][safepoint    ] Entering safepoint region: Cleanup
[2019-12-09T01:51:15.023+0000][1][safepoint    ] Leaving safepoint region
[2019-12-09T01:51:15.023+0000][1][safepoint    ] Total time for which application threads were stopped: 0.0491224 seconds, Stopping threads took: 0.0490560 seconds
[2019-12-09T01:51:16.029+0000][1][safepoint    ] Application time: 1.0060008 seconds
[2019-12-09T01:51:16.029+0000][1][safepoint    ] Entering safepoint region: Cleanup
[2019-12-09T01:51:16.029+0000][1][safepoint    ] Leaving safepoint region
[2019-12-09T01:51:16.029+0000][1][safepoint    ] Total time for which application threads were stopped: 0.0001393 seconds, Stopping threads took: 0.0000772 seconds
[2019-12-09T01:51:16.250+0000][1][safepoint    ] Application time: 0.2208743 seconds
[2019-12-09T01:51:16.250+0000][1][safepoint    ] Entering safepoint region: Deoptimize
[2019-12-09T01:51:16.250+0000][1][safepoint    ] Leaving safepoint region
[2019-12-09T01:51:16.250+0000][1][safepoint    ] Total time for which application threads were stopped: 0.0001280 seconds, Stopping threads took: 0.0000102 seconds
[2019-12-09T01:51:16.511+0000][1][safepoint    ] Application time: 0.2610514 seconds
[2019-12-09T01:51:16.511+0000][1][safepoint    ] Entering safepoint region: Deoptimize
[2019-12-09T01:51:16.511+0000][1][safepoint    ] Leaving safepoint region
[2019-12-09T01:51:16.511+0000][1][safepoint    ] Total time for which application threads were stopped: 0.0001456 seconds, Stopping threads took: 0.0000111 seconds
[2019-12-09T01:51:17.010+0000][1][safepoint    ] Application time: 0.4983733 seconds
[2019-12-09T01:51:17.010+0000][1][safepoint    ] Entering safepoint region: Deoptimize
[2019-12-09T01:51:17.010+0000][1][safepoint    ] Leaving safepoint region
[2019-12-09T01:51:17.010+0000][1][safepoint    ] Total time for which application threads were stopped: 0.0001579 seconds, Stopping threads took: 0.0000109 seconds
[2019-12-09T01:51:17.143+0000][1][safepoint    ] Application time: 0.1327930 seconds
[2019-12-09T01:51:17.143+0000][1][safepoint    ] Entering safepoint region: Deoptimize
[2019-12-09T01:51:17.143+0000][1][safepoint    ] Leaving safepoint region
[2019-12-09T01:51:17.143+0000][1][safepoint    ] Total time for which application threads were stopped: 0.0001464 seconds, Stopping threads took: 0.0000106 seconds
[2019-12-09T01:51:18.178+0000][1][safepoint    ] Application time: 1.0347974 seconds
[2019-12-09T01:51:18.178+0000][1][safepoint    ] Entering safepoint region: Cleanup
[2019-12-09T01:51:18.178+0000][1][safepoint    ] Leaving safepoint region
[2019-12-09T01:51:18.178+0000][1][safepoint    ] Total time for which application threads were stopped: 0.0000768 seconds, Stopping threads took: 0.0000324 seconds
[2019-12-09T01:51:19.179+0000][1][safepoint    ] Application time: 1.0008717 seconds
[2019-12-09T01:51:19.179+0000][1][safepoint    ] Entering safepoint region: Cleanup
[2019-12-09T01:51:19.179+0000][1][safepoint    ] Leaving safepoint region
[2019-12-09T01:51:19.179+0000][1][safepoint    ] Total time for which application threads were stopped: 0.0000764 seconds, Stopping threads took: 0.0000154 seconds
[2019-12-09T01:51:20.158+0000][1][safepoint    ] Application time: 0.9789971 seconds
[2019-12-09T01:51:20.158+0000][1][safepoint    ] Entering safepoint region: Deoptimize
[2019-12-09T01:51:20.158+0000][1][safepoint    ] Leaving safepoint region
[2019-12-09T01:51:20.158+0000][1][safepoint    ] Total time for which application threads were stopped: 0.0002220 seconds, Stopping threads took: 0.0000101 seconds
[2019-12-09T01:51:21.159+0000][1][safepoint    ] Application time: 1.0006195 seconds
[2019-12-09T01:51:21.159+0000][1][safepoint    ] Entering safepoint region: Cleanup
[2019-12-09T01:51:21.159+0000][1][safepoint    ] Leaving safepoint region
[2019-12-09T01:51:21.159+0000][1][safepoint    ] Total time for which application threads were stopped: 0.0000537 seconds, Stopping threads took: 0.0000151 seconds
[2019-12-09T01:51:22.163+0000][1][safepoint    ] Application time: 1.0038929 seconds
[2019-12-09T01:51:22.163+0000][1][safepoint    ] Entering safepoint region: Cleanup
[2019-12-09T01:51:22.163+0000][1][safepoint    ] Leaving safepoint region
[2019-12-09T01:51:22.163+0000][1][safepoint    ] Total time for which application threads were stopped: 0.0000520 seconds, Stopping threads took: 0.0000149 seconds
[2019-12-09T01:51:23.165+0000][1][safepoint    ] Application time: 1.0018973 seconds
[2019-12-09T01:51:23.165+0000][1][safepoint    ] Entering safepoint region: Cleanup
[2019-12-09T01:51:23.165+0000][1][safepoint    ] Leaving safepoint region
[2019-12-09T01:51:23.165+0000][1][safepoint    ] Total time for which application threads were stopped: 0.0000882 seconds, Stopping threads took: 0.0000133 seconds
[2019-12-09T01:51:23.749+0000][1][safepoint    ] Application time: 0.5840883 seconds
[2019-12-09T01:51:23.749+0000][1][safepoint    ] Entering safepoint region: Deoptimize
[2019-12-09T01:51:23.749+0000][1][safepoint    ] Leaving safepoint region
[2019-12-09T01:51:23.749+0000][1][safepoint    ] Total time for which application threads were stopped: 0.0002355 seconds, Stopping threads took: 0.0000105 seconds
[2019-12-09T01:51:24.752+0000][1][safepoint    ] Application time: 1.0025038 seconds
[2019-12-09T01:51:24.762+0000][1][safepoint    ] Entering safepoint region: Cleanup
[2019-12-09T01:51:24.762+0000][1][safepoint    ] Leaving safepoint region
[2019-12-09T01:51:24.762+0000][1][safepoint    ] Total time for which application threads were stopped: 0.0101180 seconds, Stopping threads took: 0.0100314 seconds
[2019-12-09T01:51:24.985+0000][1][safepoint    ] Application time: 0.2235857 seconds
[2019-12-09T01:51:24.985+0000][1][safepoint    ] Entering safepoint region: Deoptimize
[2019-12-09T01:51:24.986+0000][1][safepoint    ] Leaving safepoint region
[2019-12-09T01:51:24.986+0000][1][safepoint    ] Total time for which application threads were stopped: 0.0002743 seconds, Stopping threads took: 0.0000118 seconds
[2019-12-09T01:51:24.994+0000][1][safepoint    ] Application time: 0.0080445 seconds
[2019-12-09T01:51:24.994+0000][1][safepoint    ] Entering safepoint region: Deoptimize
[2019-12-09T01:51:24.994+0000][1][safepoint    ] Leaving safepoint region
[2019-12-09T01:51:24.994+0000][1][safepoint    ] Total time for which application threads were stopped: 0.0001873 seconds, Stopping threads took: 0.0000099 seconds
[2019-12-09T01:51:25.161+0000][1][safepoint    ] Application time: 0.1664930 seconds
[2019-12-09T01:51:25.161+0000][1][safepoint    ] Entering safepoint region: Deoptimize
[2019-12-09T01:51:25.161+0000][1][safepoint    ] Leaving safepoint region
[2019-12-09T01:51:25.161+0000][1][safepoint    ] Total time for which application threads were stopped: 0.0003173 seconds, Stopping threads took: 0.0000138 seconds
[2019-12-09T01:51:25.234+0000][1][safepoint    ] Application time: 0.0734524 seconds
[2019-12-09T01:51:25.234+0000][1][safepoint    ] Entering safepoint region: RevokeBias
[2019-12-09T01:51:25.234+0000][1][safepoint    ] Leaving safepoint region
[2019-12-09T01:51:25.234+0000][1][safepoint    ] Total time for which application threads were stopped: 0.0000765 seconds, Stopping threads took: 0.0000391 seconds
[2019-12-09T01:51:25.235+0000][1][safepoint    ] Application time: 0.0000555 seconds
[2019-12-09T01:51:25.235+0000][1][safepoint    ] Entering safepoint region: RevokeBias
[2019-12-09T01:51:25.235+0000][1][safepoint    ] Leaving safepoint region
[2019-12-09T01:51:25.235+0000][1][safepoint    ] Total time for which application threads were stopped: 0.0000276 seconds, Stopping threads took: 0.0000067 seconds
[2019-12-09T01:51:25.235+0000][1][safepoint    ] Application time: 0.0000639 seconds
[2019-12-09T01:51:25.235+0000][1][safepoint    ] Entering safepoint region: RevokeBias
[2019-12-09T01:51:25.235+0000][1][safepoint    ] Leaving safepoint region
[2019-12-09T01:51:25.235+0000][1][safepoint    ] Total time for which application threads were stopped: 0.0000244 seconds, Stopping threads took: 0.0000062 seconds
[2019-12-09T01:51:25.235+0000][1][safepoint    ] Application time: 0.0001577 seconds
[2019-12-09T01:51:25.235+0000][1][safepoint    ] Entering safepoint region: RevokeBias
[2019-12-09T01:51:25.235+0000][1][safepoint    ] Leaving safepoint region
[2019-12-09T01:51:25.235+0000][1][safepoint    ] Total time for which application threads were stopped: 0.0000346 seconds, Stopping threads took: 0.0000078 seconds
[2019-12-09T01:51:25.248+0000][1][safepoint    ] Application time: 0.0133068 seconds
[2019-12-09T01:51:25.248+0000][1][safepoint    ] Entering safepoint region: Deoptimize
[2019-12-09T01:51:25.248+0000][1][safepoint    ] Leaving safepoint region
[2019-12-09T01:51:25.248+0000][1][safepoint    ] Total time for which application threads were stopped: 0.0002420 seconds, Stopping threads took: 0.0000121 seconds
[2019-12-09T01:51:26.259+0000][1][safepoint    ] Application time: 1.0102485 seconds
[2019-12-09T01:51:26.259+0000][1][safepoint    ] Entering safepoint region: Cleanup
[2019-12-09T01:51:26.259+0000][1][safepoint    ] Leaving safepoint region
[2019-12-09T01:51:26.259+0000][1][safepoint    ] Total time for which application threads were stopped: 0.0000671 seconds, Stopping threads took: 0.0000154 seconds
[2019-12-09T01:51:26.566+0000][1][safepoint    ] Application time: 0.3066736 seconds
[2019-12-09T01:51:26.566+0000][1][safepoint    ] Entering safepoint region: GenCollectForAllocation
[2019-12-09T01:51:26.566+0000][1][gc,start     ] GC(0) Pause Young (Allocation Failure)
[2019-12-09T01:51:26.569+0000][1][gc,task      ] GC(0) Using 2 workers of 2 for evacuation
[2019-12-09T01:51:26.727+0000][1][gc,age       ] GC(0) Desired survivor size 4456448 bytes, new threshold 1 (max threshold 6)
[2019-12-09T01:51:26.727+0000][1][gc,age       ] GC(0) Age table with threshold 1 (max threshold 6)
[2019-12-09T01:51:26.727+0000][1][gc,age       ] GC(0) - age   1:    6495584 bytes,    6495584 total
[2019-12-09T01:51:26.727+0000][1][gc,heap      ] GC(0) ParNew: 69952K->6391K(78656K)
[2019-12-09T01:51:26.727+0000][1][gc,heap      ] GC(0) CMS: 0K->0K(174784K)
[2019-12-09T01:51:26.727+0000][1][gc,metaspace ] GC(0) Metaspace: 12812K->12812K(1060864K)
[2019-12-09T01:51:26.727+0000][1][gc           ] GC(0) Pause Young (Allocation Failure) 68M->6M(247M) 161.383ms
[2019-12-09T01:51:26.727+0000][1][gc,cpu       ] GC(0) User=0.02s Sys=0.00s Real=0.16s
[2019-12-09T01:51:26.727+0000][1][safepoint    ] Leaving safepoint region
[2019-12-09T01:51:26.727+0000][1][safepoint    ] Total time for which application threads were stopped: 0.1615404 seconds, Stopping threads took: 0.0000128 seconds
[2019-12-09T01:51:26.736+0000][1][safepoint    ] Application time: 0.0086181 seconds
[2019-12-09T01:51:26.738+0000][1][safepoint    ] Entering safepoint region: RevokeBias
[2019-12-09T01:51:26.738+0000][1][safepoint    ] Leaving safepoint region
[2019-12-09T01:51:26.738+0000][1][safepoint    ] Total time for which application threads were stopped: 0.0020629 seconds, Stopping threads took: 0.0019971 seconds
[2019-12-09T01:51:26.747+0000][1][safepoint    ] Application time: 0.0089030 seconds
[2019-12-09T01:51:26.747+0000][1][safepoint    ] Entering safepoint region: RevokeBias
[2019-12-09T01:51:26.747+0000][1][safepoint    ] Leaving safepoint region
[2019-12-09T01:51:26.747+0000][1][safepoint    ] Total time for which application threads were stopped: 0.0000952 seconds, Stopping threads took: 0.0000254 seconds
[2019-12-09T01:51:26.752+0000][1][safepoint    ] Application time: 0.0048685 seconds
[2019-12-09T01:51:26.752+0000][1][safepoint    ] Entering safepoint region: RevokeBias
[2019-12-09T01:51:26.752+0000][1][safepoint    ] Leaving safepoint region
[2019-12-09T01:51:26.752+0000][1][safepoint    ] Total time for which application threads were stopped: 0.0000604 seconds, Stopping threads took: 0.0000109 seconds
[2019-12-09T01:51:26.754+0000][1][safepoint    ] Application time: 0.0019454 seconds
[2019-12-09T01:51:26.774+0000][1][safepoint    ] Entering safepoint region: RevokeBias
[2019-12-09T01:51:26.774+0000][1][safepoint    ] Leaving safepoint region
[2019-12-09T01:51:26.774+0000][1][safepoint    ] Total time for which application threads were stopped: 0.0200164 seconds, Stopping threads took: 0.0199656 seconds
[2019-12-09T01:51:26.776+0000][1][safepoint    ] Application time: 0.0019136 seconds
[2019-12-09T01:51:26.776+0000][1][safepoint    ] Entering safepoint region: RevokeBias
[2019-12-09T01:51:26.776+0000][1][safepoint    ] Leaving safepoint region
[2019-12-09T01:51:26.776+0000][1][safepoint    ] Total time for which application threads were stopped: 0.0000646 seconds, Stopping threads took: 0.0000201 seconds
[2019-12-09T01:51:26.780+0000][1][safepoint    ] Application time: 0.0039218 seconds
[2019-12-09T01:51:26.784+0000][1][safepoint    ] Entering safepoint region: RevokeBias
[2019-12-09T01:51:26.784+0000][1][safepoint    ] Leaving safepoint region
[2019-12-09T01:51:26.784+0000][1][safepoint    ] Total time for which application threads were stopped: 0.0040339 seconds, Stopping threads took: 0.0039844 seconds
[2019-12-09T01:51:26.793+0000][1][safepoint    ] Application time: 0.0089178 seconds
[2019-12-09T01:51:26.793+0000][1][safepoint    ] Entering safepoint region: RevokeBias
[2019-12-09T01:51:26.793+0000][1][safepoint    ] Leaving safepoint region
[2019-12-09T01:51:26.793+0000][1][safepoint    ] Total time for which application threads were stopped: 0.0000752 seconds, Stopping threads took: 0.0000387 seconds
[2019-12-09T01:51:26.793+0000][1][safepoint    ] Application time: 0.0000573 seconds
[2019-12-09T01:51:26.793+0000][1][safepoint    ] Entering safepoint region: RevokeBias
[2019-12-09T01:51:26.793+0000][1][safepoint    ] Leaving safepoint region
[2019-12-09T01:51:26.793+0000][1][safepoint    ] Total time for which application threads were stopped: 0.0000294 seconds, Stopping threads took: 0.0000076 seconds
[2019-12-09T01:51:26.793+0000][1][safepoint    ] Application time: 0.0000595 seconds
[2019-12-09T01:51:26.793+0000][1][safepoint    ] Entering safepoint region: RevokeBias
[2019-12-09T01:51:26.793+0000][1][safepoint    ] Leaving safepoint region
[2019-12-09T01:51:26.793+0000][1][safepoint    ] Total time for which application threads were stopped: 0.0000287 seconds, Stopping threads took: 0.0000076 seconds
[2019-12-09T01:51:26.793+0000][1][safepoint    ] Application time: 0.0000489 seconds
[2019-12-09T01:51:26.793+0000][1][safepoint    ] Entering safepoint region: RevokeBias
[2019-12-09T01:51:26.793+0000][1][safepoint    ] Leaving safepoint region
[2019-12-09T01:51:26.793+0000][1][safepoint    ] Total time for which application threads were stopped: 0.0000352 seconds, Stopping threads took: 0.0000152 seconds
[2019-12-09T01:51:26.793+0000][1][safepoint    ] Application time: 0.0000535 seconds
[2019-12-09T01:51:26.793+0000][1][safepoint    ] Entering safepoint region: RevokeBias
[2019-12-09T01:51:26.793+0000][1][safepoint    ] Leaving safepoint region
[2019-12-09T01:51:26.793+0000][1][safepoint    ] Total time for which application threads were stopped: 0.0000266 seconds, Stopping threads took: 0.0000070 seconds
[2019-12-09T01:51:26.793+0000][1][safepoint    ] Application time: 0.0000481 seconds
[2019-12-09T01:51:26.793+0000][1][safepoint    ] Entering safepoint region: RevokeBias
[2019-12-09T01:51:26.793+0000][1][safepoint    ] Leaving safepoint region
[2019-12-09T01:51:26.793+0000][1][safepoint    ] Total time for which application threads were stopped: 0.0000260 seconds, Stopping threads took: 0.0000071 seconds
[2019-12-09T01:51:26.793+0000][1][safepoint    ] Application time: 0.0000606 seconds
[2019-12-09T01:51:26.793+0000][1][safepoint    ] Entering safepoint region: RevokeBias
[2019-12-09T01:51:26.793+0000][1][safepoint    ] Leaving safepoint region
[2019-12-09T01:51:26.793+0000][1][safepoint    ] Total time for which application threads were stopped: 0.0000235 seconds, Stopping threads took: 0.0000059 seconds
[2019-12-09T01:51:26.793+0000][1][safepoint    ] Application time: 0.0000421 seconds
[2019-12-09T01:51:26.793+0000][1][safepoint    ] Entering safepoint region: RevokeBias
[2019-12-09T01:51:26.793+0000][1][safepoint    ] Leaving safepoint region
[2019-12-09T01:51:26.793+0000][1][safepoint    ] Total time for which application threads were stopped: 0.0000249 seconds, Stopping threads took: 0.0000062 seconds
[2019-12-09T01:51:26.794+0000][1][safepoint    ] Application time: 0.0000456 seconds
[2019-12-09T01:51:26.794+0000][1][safepoint    ] Entering safepoint region: RevokeBias
[2019-12-09T01:51:26.794+0000][1][safepoint    ] Leaving safepoint region
[2019-12-09T01:51:26.794+0000][1][safepoint    ] Total time for which application threads were stopped: 0.0000229 seconds, Stopping threads took: 0.0000060 seconds
[2019-12-09T01:51:26.794+0000][1][safepoint    ] Application time: 0.0000418 seconds
[2019-12-09T01:51:26.794+0000][1][safepoint    ] Entering safepoint region: RevokeBias
[2019-12-09T01:51:26.794+0000][1][safepoint    ] Leaving safepoint region
[2019-12-09T01:51:26.794+0000][1][safepoint    ] Total time for which application threads were stopped: 0.0000227 seconds, Stopping threads took: 0.0000059 seconds
[2019-12-09T01:51:26.794+0000][1][safepoint    ] Application time: 0.0000609 seconds
[2019-12-09T01:51:26.794+0000][1][safepoint    ] Entering safepoint region: RevokeBias
[2019-12-09T01:51:26.794+0000][1][safepoint    ] Leaving safepoint region
[2019-12-09T01:51:26.794+0000][1][safepoint    ] Total time for which application threads were stopped: 0.0000245 seconds, Stopping threads took: 0.0000062 seconds
[2019-12-09T01:51:26.794+0000][1][safepoint    ] Application time: 0.0000432 seconds
[2019-12-09T01:51:26.794+0000][1][safepoint    ] Entering safepoint region: RevokeBias
[2019-12-09T01:51:26.794+0000][1][safepoint    ] Leaving safepoint region
[2019-12-09T01:51:26.794+0000][1][safepoint    ] Total time for which application threads were stopped: 0.0000230 seconds, Stopping threads took: 0.0000063 seconds
[2019-12-09T01:51:26.794+0000][1][safepoint    ] Application time: 0.0000690 seconds
[2019-12-09T01:51:26.794+0000][1][safepoint    ] Entering safepoint region: RevokeBias
[2019-12-09T01:51:26.794+0000][1][safepoint    ] Leaving safepoint region
[2019-12-09T01:51:26.794+0000][1][safepoint    ] Total time for which application threads were stopped: 0.0000228 seconds, Stopping threads took: 0.0000060 seconds
[2019-12-09T01:51:26.794+0000][1][safepoint    ] Application time: 0.0000410 seconds
[2019-12-09T01:51:26.794+0000][1][safepoint    ] Entering safepoint region: RevokeBias
[2019-12-09T01:51:26.794+0000][1][safepoint    ] Leaving safepoint region
[2019-12-09T01:51:26.794+0000][1][safepoint    ] Total time for which application threads were stopped: 0.0000289 seconds, Stopping threads took: 0.0000113 seconds
[2019-12-09T01:51:26.794+0000][1][safepoint    ] Application time: 0.0000451 seconds
[2019-12-09T01:51:26.794+0000][1][safepoint    ] Entering safepoint region: RevokeBias
[2019-12-09T01:51:26.794+0000][1][safepoint    ] Leaving safepoint region
[2019-12-09T01:51:26.794+0000][1][safepoint    ] Total time for which application threads were stopped: 0.0000237 seconds, Stopping threads took: 0.0000063 seconds
[2019-12-09T01:51:26.794+0000][1][safepoint    ] Application time: 0.0000420 seconds
[2019-12-09T01:51:26.794+0000][1][safepoint    ] Entering safepoint region: RevokeBias
[2019-12-09T01:51:26.794+0000][1][safepoint    ] Leaving safepoint region
[2019-12-09T01:51:26.794+0000][1][safepoint    ] Total time for which application threads were stopped: 0.0000231 seconds, Stopping threads took: 0.0000061 seconds
[2019-12-09T01:51:26.794+0000][1][safepoint    ] Application time: 0.0000451 seconds
[2019-12-09T01:51:26.794+0000][1][safepoint    ] Entering safepoint region: RevokeBias
[2019-12-09T01:51:26.794+0000][1][safepoint    ] Leaving safepoint region
[2019-12-09T01:51:26.794+0000][1][safepoint    ] Total time for which application threads were stopped: 0.0000243 seconds, Stopping threads took: 0.0000067 seconds
[2019-12-09T01:51:26.794+0000][1][safepoint    ] Application time: 0.0000418 seconds
[2019-12-09T01:51:26.794+0000][1][safepoint    ] Entering safepoint region: RevokeBias
[2019-12-09T01:51:26.794+0000][1][safepoint    ] Leaving safepoint region
[2019-12-09T01:51:26.794+0000][1][safepoint    ] Total time for which application threads were stopped: 0.0000236 seconds, Stopping threads took: 0.0000063 seconds
[2019-12-09T01:51:26.794+0000][1][safepoint    ] Application time: 0.0000616 seconds
[2019-12-09T01:51:26.794+0000][1][safepoint    ] Entering safepoint region: RevokeBias
[2019-12-09T01:51:26.794+0000][1][safepoint    ] Leaving safepoint region
[2019-12-09T01:51:26.794+0000][1][safepoint    ] Total time for which application threads were stopped: 0.0000234 seconds, Stopping threads took: 0.0000061 seconds
[2019-12-09T01:51:26.794+0000][1][safepoint    ] Application time: 0.0000419 seconds
[2019-12-09T01:51:26.794+0000][1][safepoint    ] Entering safepoint region: RevokeBias
[2019-12-09T01:51:26.794+0000][1][safepoint    ] Leaving safepoint region
[2019-12-09T01:51:26.794+0000][1][safepoint    ] Total time for which application threads were stopped: 0.0000228 seconds, Stopping threads took: 0.0000058 seconds
[2019-12-09T01:51:26.795+0000][1][safepoint    ] Application time: 0.0003274 seconds
[2019-12-09T01:51:26.795+0000][1][safepoint    ] Entering safepoint region: RevokeBias
[2019-12-09T01:51:26.795+0000][1][safepoint    ] Leaving safepoint region
[2019-12-09T01:51:26.795+0000][1][safepoint    ] Total time for which application threads were stopped: 0.0000375 seconds, Stopping threads took: 0.0000081 seconds
[2019-12-09T01:51:26.795+0000][1][safepoint    ] Application time: 0.0000473 seconds
[2019-12-09T01:51:26.795+0000][1][safepoint    ] Entering safepoint region: RevokeBias
[2019-12-09T01:51:26.795+0000][1][safepoint    ] Leaving safepoint region
[2019-12-09T01:51:26.795+0000][1][safepoint    ] Total time for which application threads were stopped: 0.0000286 seconds, Stopping threads took: 0.0000068 seconds
[2019-12-09T01:51:26.795+0000][1][safepoint    ] Application time: 0.0000604 seconds
[2019-12-09T01:51:26.795+0000][1][safepoint    ] Entering safepoint region: RevokeBias
[2019-12-09T01:51:26.795+0000][1][safepoint    ] Leaving safepoint region
[2019-12-09T01:51:26.795+0000][1][safepoint    ] Total time for which application threads were stopped: 0.0000300 seconds, Stopping threads took: 0.0000071 seconds
[2019-12-09T01:51:26.795+0000][1][safepoint    ] Application time: 0.0000453 seconds
[2019-12-09T01:51:26.795+0000][1][safepoint    ] Entering safepoint region: RevokeBias
[2019-12-09T01:51:26.795+0000][1][safepoint    ] Leaving safepoint region
[2019-12-09T01:51:26.795+0000][1][safepoint    ] Total time for which application threads were stopped: 0.0000338 seconds, Stopping threads took: 0.0000120 seconds
[2019-12-09T01:51:27.877+0000][1][safepoint    ] Application time: 1.0815548 seconds
[2019-12-09T01:51:27.877+0000][1][safepoint    ] Entering safepoint region: Cleanup
[2019-12-09T01:51:27.877+0000][1][safepoint    ] Leaving safepoint region
[2019-12-09T01:51:27.877+0000][1][safepoint    ] Total time for which application threads were stopped: 0.0001486 seconds, Stopping threads took: 0.0000563 seconds
[2019-12-09T01:51:28.407+0000][1][safepoint    ] Application time: 0.5299722 seconds
[2019-12-09T01:51:28.407+0000][1][safepoint    ] Entering safepoint region: Deoptimize
[2019-12-09T01:51:28.407+0000][1][safepoint    ] Leaving safepoint region
[2019-12-09T01:51:28.407+0000][1][safepoint    ] Total time for which application threads were stopped: 0.0004007 seconds, Stopping threads took: 0.0000127 seconds
[2019-12-09T01:51:29.412+0000][1][safepoint    ] Application time: 1.0043635 seconds
[2019-12-09T01:51:29.412+0000][1][safepoint    ] Entering safepoint region: Cleanup
[2019-12-09T01:51:29.412+0000][1][safepoint    ] Leaving safepoint region
[2019-12-09T01:51:29.412+0000][1][safepoint    ] Total time for which application threads were stopped: 0.0001410 seconds, Stopping threads took: 0.0000718 seconds
[2019-12-09T01:51:29.579+0000][1][safepoint    ] Application time: 0.1672145 seconds
[2019-12-09T01:51:29.579+0000][1][safepoint    ] Entering safepoint region: RevokeBias
[2019-12-09T01:51:29.579+0000][1][safepoint    ] Leaving safepoint region
[2019-12-09T01:51:29.579+0000][1][safepoint    ] Total time for which application threads were stopped: 0.0000823 seconds, Stopping threads took: 0.0000139 seconds
[2019-12-09T01:51:30.577+0000][1][safepoint    ] Application time: 0.9978986 seconds
[2019-12-09T01:51:30.577+0000][1][safepoint    ] Entering safepoint region: GenCollectForAllocation
[2019-12-09T01:51:30.577+0000][1][gc,start     ] GC(1) Pause Young (Allocation Failure)
[2019-12-09T01:51:30.577+0000][1][gc,task      ] GC(1) Using 2 workers of 2 for evacuation
[2019-12-09T01:51:30.783+0000][1][gc,age       ] GC(1) Desired survivor size 4456448 bytes, new threshold 6 (max threshold 6)
[2019-12-09T01:51:30.783+0000][1][gc,age       ] GC(1) Age table with threshold 6 (max threshold 6)
[2019-12-09T01:51:30.783+0000][1][gc,age       ] GC(1) - age   1:    1380968 bytes,    1380968 total
[2019-12-09T01:51:30.783+0000][1][gc,heap      ] GC(1) ParNew: 76343K->4107K(78656K)
[2019-12-09T01:51:30.783+0000][1][gc,heap      ] GC(1) CMS: 0K->6824K(174784K)
[2019-12-09T01:51:30.783+0000][1][gc,metaspace ] GC(1) Metaspace: 14986K->14986K(1062912K)
[2019-12-09T01:51:30.783+0000][1][gc           ] GC(1) Pause Young (Allocation Failure) 74M->10M(247M) 206.055ms
[2019-12-09T01:51:30.783+0000][1][gc,cpu       ] GC(1) User=0.06s Sys=0.00s Real=0.20s
[2019-12-09T01:51:30.783+0000][1][safepoint    ] Leaving safepoint region
[2019-12-09T01:51:30.783+0000][1][safepoint    ] Total time for which application threads were stopped: 0.2062194 seconds, Stopping threads took: 0.0000145 seconds
[2019-12-09T01:51:30.787+0000][1][safepoint    ] Application time: 0.0034183 seconds
[2019-12-09T01:51:30.787+0000][1][safepoint    ] Entering safepoint region: BulkRevokeBias
[2019-12-09T01:51:30.787+0000][1][safepoint    ] Leaving safepoint region
[2019-12-09T01:51:30.787+0000][1][safepoint    ] Total time for which application threads were stopped: 0.0001785 seconds, Stopping threads took: 0.0000447 seconds
[2019-12-09T01:51:30.787+0000][1][safepoint    ] Application time: 0.0001341 seconds
[2019-12-09T01:51:30.787+0000][1][safepoint    ] Entering safepoint region: RevokeBias
[2019-12-09T01:51:30.787+0000][1][safepoint    ] Leaving safepoint region
[2019-12-09T01:51:30.787+0000][1][safepoint    ] Total time for which application threads were stopped: 0.0000585 seconds, Stopping threads took: 0.0000093 seconds
[2019-12-09T01:51:30.787+0000][1][safepoint    ] Application time: 0.0000678 seconds
[2019-12-09T01:51:30.787+0000][1][safepoint    ] Entering safepoint region: RevokeBias
[2019-12-09T01:51:30.787+0000][1][safepoint    ] Leaving safepoint region
[2019-12-09T01:51:30.787+0000][1][safepoint    ] Total time for which application threads were stopped: 0.0000568 seconds, Stopping threads took: 0.0000085 seconds
[2019-12-09T01:51:30.787+0000][1][safepoint    ] Application time: 0.0000524 seconds
[2019-12-09T01:51:30.787+0000][1][safepoint    ] Entering safepoint region: RevokeBias
[2019-12-09T01:51:30.788+0000][1][safepoint    ] Leaving safepoint region
[2019-12-09T01:51:30.788+0000][1][safepoint    ] Total time for which application threads were stopped: 0.0000545 seconds, Stopping threads took: 0.0000079 seconds
[2019-12-09T01:51:30.788+0000][1][safepoint    ] Application time: 0.0000696 seconds
[2019-12-09T01:51:30.788+0000][1][safepoint    ] Entering safepoint region: RevokeBias
[2019-12-09T01:51:30.788+0000][1][safepoint    ] Leaving safepoint region
[2019-12-09T01:51:30.788+0000][1][safepoint    ] Total time for which application threads were stopped: 0.0000460 seconds, Stopping threads took: 0.0000070 seconds
[2019-12-09T01:51:30.788+0000][1][safepoint    ] Application time: 0.0000580 seconds
[2019-12-09T01:51:30.788+0000][1][safepoint    ] Entering safepoint region: RevokeBias
[2019-12-09T01:51:30.788+0000][1][safepoint    ] Leaving safepoint region
[2019-12-09T01:51:30.788+0000][1][safepoint    ] Total time for which application threads were stopped: 0.0000477 seconds, Stopping threads took: 0.0000074 seconds
[2019-12-09T01:51:30.788+0000][1][safepoint    ] Application time: 0.0000534 seconds
[2019-12-09T01:51:30.788+0000][1][safepoint    ] Entering safepoint region: BulkRevokeBias
[2019-12-09T01:51:30.788+0000][1][safepoint    ] Leaving safepoint region
[2019-12-09T01:51:30.788+0000][1][safepoint    ] Total time for which application threads were stopped: 0.0000761 seconds, Stopping threads took: 0.0000071 seconds
[2019-12-09T01:51:30.788+0000][1][safepoint    ] Application time: 0.0000467 seconds
[2019-12-09T01:51:30.788+0000][1][safepoint    ] Entering safepoint region: RevokeBias
[2019-12-09T01:51:30.788+0000][1][safepoint    ] Leaving safepoint region
[2019-12-09T01:51:30.788+0000][1][safepoint    ] Total time for which application threads were stopped: 0.0000476 seconds, Stopping threads took: 0.0000073 seconds
[2019-12-09T01:51:30.788+0000][1][safepoint    ] Application time: 0.0000530 seconds
[2019-12-09T01:51:30.788+0000][1][safepoint    ] Entering safepoint region: BulkRevokeBias
[2019-12-09T01:51:30.788+0000][1][safepoint    ] Leaving safepoint region
[2019-12-09T01:51:30.788+0000][1][safepoint    ] Total time for which application threads were stopped: 0.0000873 seconds, Stopping threads took: 0.0000072 seconds
[2019-12-09T01:51:31.791+0000][1][safepoint    ] Application time: 1.0025244 seconds
[2019-12-09T01:51:31.853+0000][1][safepoint    ] Entering safepoint region: Cleanup
[2019-12-09T01:51:31.853+0000][1][safepoint    ] Leaving safepoint region
[2019-12-09T01:51:31.853+0000][1][safepoint    ] Total time for which application threads were stopped: 0.0621421 seconds, Stopping threads took: 0.0620699 seconds
[2019-12-09T01:51:32.299+0000][1][safepoint    ] Application time: 0.4465968 seconds
[2019-12-09T01:51:32.300+0000][1][safepoint    ] Entering safepoint region: GenCollectForAllocation
[2019-12-09T01:51:32.300+0000][1][gc,start     ] GC(2) Pause Young (Allocation Failure)
[2019-12-09T01:51:32.300+0000][1][gc,task      ] GC(2) Using 2 workers of 2 for evacuation
[2019-12-09T01:51:32.378+0000][1][gc,age       ] GC(2) Desired survivor size 4456448 bytes, new threshold 6 (max threshold 6)
[2019-12-09T01:51:32.378+0000][1][gc,age       ] GC(2) Age table with threshold 6 (max threshold 6)
[2019-12-09T01:51:32.378+0000][1][gc,age       ] GC(2) - age   1:     499720 bytes,     499720 total
[2019-12-09T01:51:32.378+0000][1][gc,age       ] GC(2) - age   2:    1174584 bytes,    1674304 total
[2019-12-09T01:51:32.378+0000][1][gc,heap      ] GC(2) ParNew: 74059K->2046K(78656K)
[2019-12-09T01:51:32.378+0000][1][gc,heap      ] GC(2) CMS: 6824K->6824K(174784K)
[2019-12-09T01:51:32.378+0000][1][gc,metaspace ] GC(2) Metaspace: 15098K->15098K(1062912K)
[2019-12-09T01:51:32.378+0000][1][gc           ] GC(2) Pause Young (Allocation Failure) 78M->8M(247M) 78.316ms
[2019-12-09T01:51:32.378+0000][1][gc,cpu       ] GC(2) User=0.02s Sys=0.00s Real=0.08s
[2019-12-09T01:51:32.378+0000][1][safepoint    ] Leaving safepoint region
[2019-12-09T01:51:32.378+0000][1][safepoint    ] Total time for which application threads were stopped: 0.0784536 seconds, Stopping threads took: 0.0000151 seconds
[2019-12-09T01:51:32.380+0000][1][safepoint    ] Application time: 0.0018339 seconds
[2019-12-09T01:51:32.388+0000][1][safepoint    ] Entering safepoint region: RevokeBias
[2019-12-09T01:51:32.388+0000][1][safepoint    ] Leaving safepoint region
[2019-12-09T01:51:32.388+0000][1][safepoint    ] Total time for which application threads were stopped: 0.0083290 seconds, Stopping threads took: 0.0081535 seconds
[2019-12-09T01:51:32.388+0000][1][safepoint    ] Application time: 0.0000725 seconds
[2019-12-09T01:51:32.388+0000][1][safepoint    ] Entering safepoint region: RevokeBias
[2019-12-09T01:51:32.388+0000][1][safepoint    ] Leaving safepoint region
[2019-12-09T01:51:32.388+0000][1][safepoint    ] Total time for which application threads were stopped: 0.0000954 seconds, Stopping threads took: 0.0000094 seconds
[2019-12-09T01:51:32.388+0000][1][safepoint    ] Application time: 0.0000670 seconds
[2019-12-09T01:51:32.388+0000][1][safepoint    ] Entering safepoint region: RevokeBias
[2019-12-09T01:51:32.389+0000][1][safepoint    ] Leaving safepoint region
[2019-12-09T01:51:32.389+0000][1][safepoint    ] Total time for which application threads were stopped: 0.0000957 seconds, Stopping threads took: 0.0000074 seconds
[2019-12-09T01:51:32.389+0000][1][safepoint    ] Application time: 0.0000581 seconds
[2019-12-09T01:51:32.389+0000][1][safepoint    ] Entering safepoint region: RevokeBias
[2019-12-09T01:51:32.389+0000][1][safepoint    ] Leaving safepoint region
[2019-12-09T01:51:32.389+0000][1][safepoint    ] Total time for which application threads were stopped: 0.0001189 seconds, Stopping threads took: 0.0000083 seconds
[2019-12-09T01:51:32.389+0000][1][safepoint    ] Application time: 0.0000642 seconds
[2019-12-09T01:51:32.389+0000][1][safepoint    ] Entering safepoint region: RevokeBias
[2019-12-09T01:51:32.389+0000][1][safepoint    ] Leaving safepoint region
[2019-12-09T01:51:32.389+0000][1][safepoint    ] Total time for which application threads were stopped: 0.0000932 seconds, Stopping threads took: 0.0000082 seconds
[2019-12-09T01:51:32.389+0000][1][safepoint    ] Application time: 0.0000513 seconds
[2019-12-09T01:51:32.389+0000][1][safepoint    ] Entering safepoint region: RevokeBias
[2019-12-09T01:51:32.389+0000][1][safepoint    ] Leaving safepoint region
[2019-12-09T01:51:32.389+0000][1][safepoint    ] Total time for which application threads were stopped: 0.0000871 seconds, Stopping threads took: 0.0000081 seconds
[2019-12-09T01:51:32.389+0000][1][safepoint    ] Application time: 0.0000584 seconds
[2019-12-09T01:51:32.389+0000][1][safepoint    ] Entering safepoint region: RevokeBias
[2019-12-09T01:51:32.389+0000][1][safepoint    ] Leaving safepoint region
[2019-12-09T01:51:32.389+0000][1][safepoint    ] Total time for which application threads were stopped: 0.0000853 seconds, Stopping threads took: 0.0000081 seconds
[2019-12-09T01:51:32.389+0000][1][safepoint    ] Application time: 0.0000515 seconds
[2019-12-09T01:51:32.389+0000][1][safepoint    ] Entering safepoint region: RevokeBias
[2019-12-09T01:51:32.389+0000][1][safepoint    ] Leaving safepoint region
[2019-12-09T01:51:32.389+0000][1][safepoint    ] Total time for which application threads were stopped: 0.0001014 seconds, Stopping threads took: 0.0000079 seconds
[2019-12-09T01:51:33.402+0000][1][safepoint    ] Application time: 1.0123247 seconds
[2019-12-09T01:51:33.402+0000][1][safepoint    ] Entering safepoint region: Cleanup
[2019-12-09T01:51:33.402+0000][1][safepoint    ] Leaving safepoint region
[2019-12-09T01:51:33.402+0000][1][safepoint    ] Total time for which application threads were stopped: 0.0002430 seconds, Stopping threads took: 0.0001381 seconds
[2019-12-09T01:51:33.486+0000][1][safepoint    ] Application time: 0.0842900 seconds
[2019-12-09T01:51:33.486+0000][1][safepoint    ] Entering safepoint region: Deoptimize
[2019-12-09T01:51:33.487+0000][1][safepoint    ] Leaving safepoint region
[2019-12-09T01:51:33.487+0000][1][safepoint    ] Total time for which application threads were stopped: 0.0003824 seconds, Stopping threads took: 0.0000125 seconds
[2019-12-09T01:51:33.487+0000][1][safepoint    ] Application time: 0.0005202 seconds
[2019-12-09T01:51:33.487+0000][1][safepoint    ] Entering safepoint region: Deoptimize
[2019-12-09T01:51:33.488+0000][1][safepoint    ] Leaving safepoint region
[2019-12-09T01:51:33.488+0000][1][safepoint    ] Total time for which application threads were stopped: 0.0003498 seconds, Stopping threads took: 0.0000110 seconds
[2019-12-09T01:51:34.537+0000][1][safepoint    ] Application time: 1.0495736 seconds
[2019-12-09T01:51:34.537+0000][1][safepoint    ] Entering safepoint region: Cleanup
[2019-12-09T01:51:34.537+0000][1][safepoint    ] Leaving safepoint region
[2019-12-09T01:51:34.537+0000][1][safepoint    ] Total time for which application threads were stopped: 0.0001256 seconds, Stopping threads took: 0.0000589 seconds
[2019-12-09T01:51:35.543+0000][1][safepoint    ] Application time: 1.0053969 seconds
[2019-12-09T01:51:35.543+0000][1][safepoint    ] Entering safepoint region: Cleanup
[2019-12-09T01:51:35.543+0000][1][safepoint    ] Leaving safepoint region
[2019-12-09T01:51:35.543+0000][1][safepoint    ] Total time for which application threads were stopped: 0.0001052 seconds, Stopping threads took: 0.0000419 seconds
[2019-12-09T01:51:35.602+0000][1][safepoint    ] Application time: 0.0590255 seconds
[2019-12-09T01:51:35.602+0000][1][safepoint    ] Entering safepoint region: GenCollectForAllocation
[2019-12-09T01:51:35.602+0000][1][gc,start     ] GC(3) Pause Young (Allocation Failure)
[2019-12-09T01:51:35.602+0000][1][gc,task      ] GC(3) Using 2 workers of 2 for evacuation
[2019-12-09T01:51:35.750+0000][1][gc,age       ] GC(3) Desired survivor size 4456448 bytes, new threshold 3 (max threshold 6)
[2019-12-09T01:51:35.750+0000][1][gc,age       ] GC(3) Age table with threshold 3 (max threshold 6)
[2019-12-09T01:51:35.750+0000][1][gc,age       ] GC(3) - age   1:    3782520 bytes,    3782520 total
[2019-12-09T01:51:35.750+0000][1][gc,age       ] GC(3) - age   2:     487184 bytes,    4269704 total
[2019-12-09T01:51:35.750+0000][1][gc,age       ] GC(3) - age   3:    1172440 bytes,    5442144 total
[2019-12-09T01:51:35.750+0000][1][gc,heap      ] GC(3) ParNew: 71998K->5965K(78656K)
[2019-12-09T01:51:35.750+0000][1][gc,heap      ] GC(3) CMS: 6824K->6824K(174784K)
[2019-12-09T01:51:35.750+0000][1][gc,metaspace ] GC(3) Metaspace: 18601K->18601K(1067008K)
[2019-12-09T01:51:35.751+0000][1][gc           ] GC(3) Pause Young (Allocation Failure) 76M->12M(247M) 148.469ms
[2019-12-09T01:51:35.751+0000][1][gc,cpu       ] GC(3) User=0.02s Sys=0.00s Real=0.15s
[2019-12-09T01:51:35.751+0000][1][safepoint    ] Leaving safepoint region
[2019-12-09T01:51:35.751+0000][1][safepoint    ] Total time for which application threads were stopped: 0.1486034 seconds, Stopping threads took: 0.0000146 seconds
[2019-12-09T01:51:35.753+0000][1][safepoint    ] Application time: 0.0021479 seconds
[2019-12-09T01:51:35.753+0000][1][safepoint    ] Entering safepoint region: BulkRevokeBias
[2019-12-09T01:51:35.753+0000][1][safepoint    ] Leaving safepoint region
[2019-12-09T01:51:35.753+0000][1][safepoint    ] Total time for which application threads were stopped: 0.0001615 seconds, Stopping threads took: 0.0000389 seconds
[2019-12-09T01:51:35.754+0000][1][safepoint    ] Application time: 0.0006507 seconds
[2019-12-09T01:51:35.754+0000][1][safepoint    ] Entering safepoint region: RevokeBias
[2019-12-09T01:51:35.754+0000][1][safepoint    ] Leaving safepoint region
[2019-12-09T01:51:35.754+0000][1][safepoint    ] Total time for which application threads were stopped: 0.0000682 seconds, Stopping threads took: 0.0000092 seconds
[2019-12-09T01:51:35.754+0000][1][safepoint    ] Application time: 0.0000759 seconds
[2019-12-09T01:51:35.754+0000][1][safepoint    ] Entering safepoint region: RevokeBias
[2019-12-09T01:51:35.754+0000][1][safepoint    ] Leaving safepoint region
[2019-12-09T01:51:35.754+0000][1][safepoint    ] Total time for which application threads were stopped: 0.0000534 seconds, Stopping threads took: 0.0000083 seconds
[2019-12-09T01:51:35.754+0000][1][safepoint    ] Application time: 0.0000502 seconds
[2019-12-09T01:51:35.754+0000][1][safepoint    ] Entering safepoint region: RevokeBias
[2019-12-09T01:51:35.754+0000][1][safepoint    ] Leaving safepoint region
[2019-12-09T01:51:35.754+0000][1][safepoint    ] Total time for which application threads were stopped: 0.0000337 seconds, Stopping threads took: 0.0000071 seconds
[2019-12-09T01:51:35.754+0000][1][safepoint    ] Application time: 0.0000580 seconds
[2019-12-09T01:51:35.754+0000][1][safepoint    ] Entering safepoint region: RevokeBias
[2019-12-09T01:51:35.754+0000][1][safepoint    ] Leaving safepoint region
[2019-12-09T01:51:35.754+0000][1][safepoint    ] Total time for which application threads were stopped: 0.0000368 seconds, Stopping threads took: 0.0000074 seconds
[2019-12-09T01:51:35.754+0000][1][safepoint    ] Application time: 0.0000505 seconds
[2019-12-09T01:51:35.754+0000][1][safepoint    ] Entering safepoint region: RevokeBias
[2019-12-09T01:51:35.754+0000][1][safepoint    ] Leaving safepoint region
[2019-12-09T01:51:35.754+0000][1][safepoint    ] Total time for which application threads were stopped: 0.0000359 seconds, Stopping threads took: 0.0000070 seconds
[2019-12-09T01:51:35.754+0000][1][safepoint    ] Application time: 0.0000564 seconds
[2019-12-09T01:51:35.754+0000][1][safepoint    ] Entering safepoint region: RevokeBias
[2019-12-09T01:51:35.754+0000][1][safepoint    ] Leaving safepoint region
[2019-12-09T01:51:35.754+0000][1][safepoint    ] Total time for which application threads were stopped: 0.0000395 seconds, Stopping threads took: 0.0000078 seconds
[2019-12-09T01:51:35.754+0000][1][safepoint    ] Application time: 0.0000510 seconds
[2019-12-09T01:51:35.754+0000][1][safepoint    ] Entering safepoint region: RevokeBias
[2019-12-09T01:51:35.754+0000][1][safepoint    ] Leaving safepoint region
[2019-12-09T01:51:35.754+0000][1][safepoint    ] Total time for which application threads were stopped: 0.0000373 seconds, Stopping threads took: 0.0000082 seconds
[2019-12-09T01:51:35.754+0000][1][safepoint    ] Application time: 0.0000564 seconds
[2019-12-09T01:51:35.754+0000][1][safepoint    ] Entering safepoint region: RevokeBias
[2019-12-09T01:51:35.754+0000][1][safepoint    ] Leaving safepoint region
[2019-12-09T01:51:35.754+0000][1][safepoint    ] Total time for which application threads were stopped: 0.0000357 seconds, Stopping threads took: 0.0000081 seconds
[2019-12-09T01:51:35.755+0000][1][safepoint    ] Application time: 0.0000526 seconds
[2019-12-09T01:51:35.755+0000][1][safepoint    ] Entering safepoint region: RevokeBias
[2019-12-09T01:51:35.755+0000][1][safepoint    ] Leaving safepoint region
[2019-12-09T01:51:35.755+0000][1][safepoint    ] Total time for which application threads were stopped: 0.0000359 seconds, Stopping threads took: 0.0000076 seconds
[2019-12-09T01:51:35.755+0000][1][safepoint    ] Application time: 0.0000550 seconds
[2019-12-09T01:51:35.755+0000][1][safepoint    ] Entering safepoint region: RevokeBias
[2019-12-09T01:51:35.755+0000][1][safepoint    ] Leaving safepoint region
[2019-12-09T01:51:35.755+0000][1][safepoint    ] Total time for which application threads were stopped: 0.0000350 seconds, Stopping threads took: 0.0000077 seconds
[2019-12-09T01:51:35.755+0000][1][safepoint    ] Application time: 0.0000641 seconds
[2019-12-09T01:51:35.755+0000][1][safepoint    ] Entering safepoint region: RevokeBias
[2019-12-09T01:51:35.755+0000][1][safepoint    ] Leaving safepoint region
[2019-12-09T01:51:35.755+0000][1][safepoint    ] Total time for which application threads were stopped: 0.0000457 seconds, Stopping threads took: 0.0000088 seconds
[2019-12-09T01:51:35.755+0000][1][safepoint    ] Application time: 0.0000581 seconds
[2019-12-09T01:51:35.755+0000][1][safepoint    ] Entering safepoint region: RevokeBias
[2019-12-09T01:51:35.755+0000][1][safepoint    ] Leaving safepoint region
[2019-12-09T01:51:35.755+0000][1][safepoint    ] Total time for which application threads were stopped: 0.0000389 seconds, Stopping threads took: 0.0000080 seconds
[2019-12-09T01:51:35.756+0000][1][safepoint    ] Application time: 0.0014784 seconds
[2019-12-09T01:51:35.756+0000][1][safepoint    ] Entering safepoint region: RevokeBias
[2019-12-09T01:51:35.756+0000][1][safepoint    ] Leaving safepoint region
[2019-12-09T01:51:35.756+0000][1][safepoint    ] Total time for which application threads were stopped: 0.0000667 seconds, Stopping threads took: 0.0000127 seconds
[2019-12-09T01:51:35.757+0000][1][safepoint    ] Application time: 0.0000711 seconds
[2019-12-09T01:51:35.757+0000][1][safepoint    ] Entering safepoint region: RevokeBias
[2019-12-09T01:51:35.757+0000][1][safepoint    ] Leaving safepoint region
[2019-12-09T01:51:35.757+0000][1][safepoint    ] Total time for which application threads were stopped: 0.0000436 seconds, Stopping threads took: 0.0000087 seconds
[2019-12-09T01:51:35.757+0000][1][safepoint    ] Application time: 0.0000864 seconds
[2019-12-09T01:51:35.757+0000][1][safepoint    ] Entering safepoint region: RevokeBias
[2019-12-09T01:51:35.757+0000][1][safepoint    ] Leaving safepoint region
[2019-12-09T01:51:35.757+0000][1][safepoint    ] Total time for which application threads were stopped: 0.0000434 seconds, Stopping threads took: 0.0000087 seconds
[2019-12-09T01:51:35.757+0000][1][safepoint    ] Application time: 0.0000532 seconds
[2019-12-09T01:51:35.757+0000][1][safepoint    ] Entering safepoint region: RevokeBias
[2019-12-09T01:51:35.757+0000][1][safepoint    ] Leaving safepoint region
[2019-12-09T01:51:35.757+0000][1][safepoint    ] Total time for which application threads were stopped: 0.0000383 seconds, Stopping threads took: 0.0000080 seconds
[2019-12-09T01:51:36.662+0000][1][safepoint    ] Application time: 0.9046937 seconds
[2019-12-09T01:51:36.662+0000][1][safepoint    ] Entering safepoint region: GenCollectForAllocation
[2019-12-09T01:51:36.662+0000][1][gc,start     ] GC(4) Pause Young (Allocation Failure)
[2019-12-09T01:51:36.662+0000][1][gc,task      ] GC(4) Using 2 workers of 2 for evacuation
[2019-12-09T01:51:36.908+0000][1][gc,age       ] GC(4) Desired survivor size 4456448 bytes, new threshold 2 (max threshold 6)
[2019-12-09T01:51:36.908+0000][1][gc,age       ] GC(4) Age table with threshold 2 (max threshold 6)
[2019-12-09T01:51:36.908+0000][1][gc,age       ] GC(4) - age   1:    1713616 bytes,    1713616 total
[2019-12-09T01:51:36.908+0000][1][gc,age       ] GC(4) - age   2:    3224696 bytes,    4938312 total
[2019-12-09T01:51:36.908+0000][1][gc,age       ] GC(4) - age   3:     487184 bytes,    5425496 total
[2019-12-09T01:51:36.908+0000][1][gc,heap      ] GC(4) ParNew: 75917K->6027K(78656K)
[2019-12-09T01:51:36.908+0000][1][gc,heap      ] GC(4) CMS: 6824K->7985K(174784K)
[2019-12-09T01:51:36.908+0000][1][gc,metaspace ] GC(4) Metaspace: 18813K->18813K(1067008K)
[2019-12-09T01:51:36.908+0000][1][gc           ] GC(4) Pause Young (Allocation Failure) 80M->13M(247M) 246.102ms
[2019-12-09T01:51:36.908+0000][1][gc,cpu       ] GC(4) User=0.04s Sys=0.00s Real=0.25s
[2019-12-09T01:51:36.908+0000][1][safepoint    ] Leaving safepoint region
[2019-12-09T01:51:36.908+0000][1][safepoint    ] Total time for which application threads were stopped: 0.2462495 seconds, Stopping threads took: 0.0000147 seconds
[2019-12-09T01:51:36.948+0000][1][safepoint    ] Application time: 0.0399520 seconds
[2019-12-09T01:51:37.024+0000][1][safepoint    ] Entering safepoint region: RevokeBias
[2019-12-09T01:51:37.024+0000][1][safepoint    ] Leaving safepoint region
[2019-12-09T01:51:37.024+0000][1][safepoint    ] Total time for which application threads were stopped: 0.0760197 seconds, Stopping threads took: 0.0758981 seconds
[2019-12-09T01:51:37.043+0000][1][safepoint    ] Application time: 0.0188547 seconds
[2019-12-09T01:51:37.043+0000][1][safepoint    ] Entering safepoint region: RevokeBias
[2019-12-09T01:51:37.043+0000][1][safepoint    ] Leaving safepoint region
[2019-12-09T01:51:37.043+0000][1][safepoint    ] Total time for which application threads were stopped: 0.0000655 seconds, Stopping threads took: 0.0000156 seconds
[2019-12-09T01:51:37.043+0000][1][safepoint    ] Application time: 0.0000728 seconds
[2019-12-09T01:51:37.043+0000][1][safepoint    ] Entering safepoint region: RevokeBias
[2019-12-09T01:51:37.043+0000][1][safepoint    ] Leaving safepoint region
[2019-12-09T01:51:37.043+0000][1][safepoint    ] Total time for which application threads were stopped: 0.0000367 seconds, Stopping threads took: 0.0000082 seconds
[2019-12-09T01:51:37.043+0000][1][safepoint    ] Application time: 0.0000493 seconds
[2019-12-09T01:51:37.043+0000][1][safepoint    ] Entering safepoint region: RevokeBias
[2019-12-09T01:51:37.043+0000][1][safepoint    ] Leaving safepoint region
[2019-12-09T01:51:37.043+0000][1][safepoint    ] Total time for which application threads were stopped: 0.0000305 seconds, Stopping threads took: 0.0000077 seconds
[2019-12-09T01:51:37.076+0000][1][safepoint    ] Application time: 0.0329839 seconds
[2019-12-09T01:51:37.076+0000][1][safepoint    ] Entering safepoint region: Deoptimize
[2019-12-09T01:51:37.076+0000][1][safepoint    ] Leaving safepoint region
[2019-12-09T01:51:37.076+0000][1][safepoint    ] Total time for which application threads were stopped: 0.0003653 seconds, Stopping threads took: 0.0000107 seconds
[2019-12-09T01:51:37.276+0000][1][safepoint    ] Application time: 0.1995925 seconds
[2019-12-09T01:51:37.276+0000][1][safepoint    ] Entering safepoint region: Deoptimize
[2019-12-09T01:51:37.276+0000][1][safepoint    ] Leaving safepoint region
[2019-12-09T01:51:37.277+0000][1][safepoint    ] Total time for which application threads were stopped: 0.0004382 seconds, Stopping threads took: 0.0000133 seconds
[2019-12-09T01:51:37.600+0000][1][safepoint    ] Application time: 0.3238709 seconds
[2019-12-09T01:51:37.600+0000][1][safepoint    ] Entering safepoint region: GenCollectForAllocation
[2019-12-09T01:51:37.600+0000][1][gc,start     ] GC(5) Pause Young (Allocation Failure)
[2019-12-09T01:51:37.601+0000][1][gc,task      ] GC(5) Using 2 workers of 2 for evacuation
[2019-12-09T01:51:37.779+0000][1][gc,age       ] GC(5) Desired survivor size 4456448 bytes, new threshold 6 (max threshold 6)
[2019-12-09T01:51:37.779+0000][1][gc,age       ] GC(5) Age table with threshold 6 (max threshold 6)
[2019-12-09T01:51:37.779+0000][1][gc,age       ] GC(5) - age   1:    2713648 bytes,    2713648 total
[2019-12-09T01:51:37.779+0000][1][gc,age       ] GC(5) - age   2:     442832 bytes,    3156480 total
[2019-12-09T01:51:37.779+0000][1][gc,heap      ] GC(5) ParNew: 75979K->4978K(78656K)
[2019-12-09T01:51:37.779+0000][1][gc,heap      ] GC(5) CMS: 7985K->11640K(174784K)
[2019-12-09T01:51:37.779+0000][1][gc,metaspace ] GC(5) Metaspace: 19160K->19160K(1067008K)
[2019-12-09T01:51:37.779+0000][1][gc           ] GC(5) Pause Young (Allocation Failure) 81M->16M(247M) 178.673ms
[2019-12-09T01:51:37.779+0000][1][gc,cpu       ] GC(5) User=0.04s Sys=0.00s Real=0.18s
[2019-12-09T01:51:37.779+0000][1][safepoint    ] Leaving safepoint region
[2019-12-09T01:51:37.779+0000][1][safepoint    ] Total time for which application threads were stopped: 0.1788056 seconds, Stopping threads took: 0.0000122 seconds
[2019-12-09T01:51:37.811+0000][1][safepoint    ] Application time: 0.0315043 seconds
[2019-12-09T01:51:37.880+0000][1][safepoint    ] Entering safepoint region: RevokeBias
[2019-12-09T01:51:37.880+0000][1][safepoint    ] Leaving safepoint region
[2019-12-09T01:51:37.880+0000][1][safepoint    ] Total time for which application threads were stopped: 0.0691658 seconds, Stopping threads took: 0.0690623 seconds
[2019-12-09T01:51:37.888+0000][1][safepoint    ] Application time: 0.0077859 seconds
[2019-12-09T01:51:37.888+0000][1][safepoint    ] Entering safepoint region: RevokeBias
[2019-12-09T01:51:37.888+0000][1][safepoint    ] Leaving safepoint region
[2019-12-09T01:51:37.888+0000][1][safepoint    ] Total time for which application threads were stopped: 0.0001481 seconds, Stopping threads took: 0.0000400 seconds
[2019-12-09T01:51:37.888+0000][1][safepoint    ] Application time: 0.0000653 seconds
[2019-12-09T01:51:37.888+0000][1][safepoint    ] Entering safepoint region: RevokeBias
[2019-12-09T01:51:37.888+0000][1][safepoint    ] Leaving safepoint region
[2019-12-09T01:51:37.888+0000][1][safepoint    ] Total time for which application threads were stopped: 0.0000876 seconds, Stopping threads took: 0.0000088 seconds
[2019-12-09T01:51:37.888+0000][1][safepoint    ] Application time: 0.0000386 seconds
[2019-12-09T01:51:37.888+0000][1][safepoint    ] Entering safepoint region: RevokeBias
[2019-12-09T01:51:37.888+0000][1][safepoint    ] Leaving safepoint region
[2019-12-09T01:51:37.888+0000][1][safepoint    ] Total time for which application threads were stopped: 0.0000748 seconds, Stopping threads took: 0.0000083 seconds
[2019-12-09T01:51:37.888+0000][1][safepoint    ] Application time: 0.0000385 seconds
[2019-12-09T01:51:37.888+0000][1][safepoint    ] Entering safepoint region: RevokeBias
[2019-12-09T01:51:37.888+0000][1][safepoint    ] Leaving safepoint region
[2019-12-09T01:51:37.888+0000][1][safepoint    ] Total time for which application threads were stopped: 0.0000736 seconds, Stopping threads took: 0.0000080 seconds
[2019-12-09T01:51:37.888+0000][1][safepoint    ] Application time: 0.0000343 seconds
[2019-12-09T01:51:37.888+0000][1][safepoint    ] Entering safepoint region: RevokeBias
[2019-12-09T01:51:37.888+0000][1][safepoint    ] Leaving safepoint region
[2019-12-09T01:51:37.888+0000][1][safepoint    ] Total time for which application threads were stopped: 0.0000713 seconds, Stopping threads took: 0.0000080 seconds
[2019-12-09T01:51:38.609+0000][1][safepoint    ] Application time: 0.7207590 seconds
[2019-12-09T01:51:38.609+0000][1][safepoint    ] Entering safepoint region: RevokeBias
[2019-12-09T01:51:38.609+0000][1][safepoint    ] Leaving safepoint region
[2019-12-09T01:51:38.609+0000][1][safepoint    ] Total time for which application threads were stopped: 0.0000851 seconds, Stopping threads took: 0.0000139 seconds
[2019-12-09T01:51:38.610+0000][1][safepoint    ] Application time: 0.0002228 seconds
[2019-12-09T01:51:38.610+0000][1][safepoint    ] Entering safepoint region: RevokeBias
[2019-12-09T01:51:38.610+0000][1][safepoint    ] Leaving safepoint region
[2019-12-09T01:51:38.610+0000][1][safepoint    ] Total time for which application threads were stopped: 0.0000522 seconds, Stopping threads took: 0.0000109 seconds
[2019-12-09T01:51:38.879+0000][1][safepoint    ] Application time: 0.2696226 seconds
[2019-12-09T01:51:38.879+0000][1][safepoint    ] Entering safepoint region: GenCollectForAllocation
[2019-12-09T01:51:38.879+0000][1][gc,start     ] GC(6) Pause Young (Allocation Failure)
[2019-12-09T01:51:38.879+0000][1][gc,task      ] GC(6) Using 2 workers of 2 for evacuation
[2019-12-09T01:51:38.938+0000][1][gc,age       ] GC(6) Desired survivor size 4456448 bytes, new threshold 6 (max threshold 6)
[2019-12-09T01:51:38.938+0000][1][gc,age       ] GC(6) Age table with threshold 6 (max threshold 6)
[2019-12-09T01:51:38.938+0000][1][gc,age       ] GC(6) - age   1:    1360064 bytes,    1360064 total
[2019-12-09T01:51:38.938+0000][1][gc,age       ] GC(6) - age   2:    2193176 bytes,    3553240 total
[2019-12-09T01:51:38.938+0000][1][gc,age       ] GC(6) - age   3:     442832 bytes,    3996072 total
[2019-12-09T01:51:38.938+0000][1][gc,heap      ] GC(6) ParNew: 74930K->5334K(78656K)
[2019-12-09T01:51:38.938+0000][1][gc,heap      ] GC(6) CMS: 11640K->11640K(174784K)
[2019-12-09T01:51:38.938+0000][1][gc,metaspace ] GC(6) Metaspace: 19467K->19467K(1067008K)
[2019-12-09T01:51:38.938+0000][1][gc           ] GC(6) Pause Young (Allocation Failure) 84M->16M(247M) 58.994ms
[2019-12-09T01:51:38.938+0000][1][gc,cpu       ] GC(6) User=0.01s Sys=0.00s Real=0.06s
[2019-12-09T01:51:38.938+0000][1][safepoint    ] Leaving safepoint region
[2019-12-09T01:51:38.938+0000][1][safepoint    ] Total time for which application threads were stopped: 0.0591356 seconds, Stopping threads took: 0.0000130 seconds
[2019-12-09T01:51:38.941+0000][1][safepoint    ] Application time: 0.0023468 seconds
[2019-12-09T01:51:38.941+0000][1][safepoint    ] Entering safepoint region: RevokeBias
[2019-12-09T01:51:38.941+0000][1][safepoint    ] Leaving safepoint region
[2019-12-09T01:51:38.941+0000][1][safepoint    ] Total time for which application threads were stopped: 0.0001048 seconds, Stopping threads took: 0.0000443 seconds
[2019-12-09T01:51:38.941+0000][1][safepoint    ] Application time: 0.0000536 seconds
[2019-12-09T01:51:38.941+0000][1][safepoint    ] Entering safepoint region: BulkRevokeBias
[2019-12-09T01:51:38.941+0000][1][safepoint    ] Leaving safepoint region
[2019-12-09T01:51:38.941+0000][1][safepoint    ] Total time for which application threads were stopped: 0.0000727 seconds, Stopping threads took: 0.0000077 seconds
[2019-12-09T01:51:38.941+0000][1][safepoint    ] Application time: 0.0000553 seconds
[2019-12-09T01:51:38.941+0000][1][safepoint    ] Entering safepoint region: BulkRevokeBias
[2019-12-09T01:51:38.941+0000][1][safepoint    ] Leaving safepoint region
[2019-12-09T01:51:38.941+0000][1][safepoint    ] Total time for which application threads were stopped: 0.0000566 seconds, Stopping threads took: 0.0000068 seconds
[2019-12-09T01:51:39.942+0000][1][safepoint    ] Application time: 1.0004965 seconds
[2019-12-09T01:51:40.003+0000][1][safepoint    ] Entering safepoint region: Cleanup
[2019-12-09T01:51:40.003+0000][1][safepoint    ] Leaving safepoint region
[2019-12-09T01:51:40.003+0000][1][safepoint    ] Total time for which application threads were stopped: 0.0610599 seconds, Stopping threads took: 0.0610172 seconds
[2019-12-09T01:51:40.140+0000][1][safepoint    ] Application time: 0.1373777 seconds
[2019-12-09T01:51:40.140+0000][1][safepoint    ] Entering safepoint region: GenCollectForAllocation
[2019-12-09T01:51:40.140+0000][1][gc,start     ] GC(7) Pause Young (Allocation Failure)
[2019-12-09T01:51:40.140+0000][1][gc,task      ] GC(7) Using 2 workers of 2 for evacuation
[2019-12-09T01:51:40.209+0000][1][gc,age       ] GC(7) Desired survivor size 4456448 bytes, new threshold 6 (max threshold 6)
[2019-12-09T01:51:40.209+0000][1][gc,age       ] GC(7) Age table with threshold 6 (max threshold 6)
[2019-12-09T01:51:40.209+0000][1][gc,age       ] GC(7) - age   1:     377744 bytes,     377744 total
[2019-12-09T01:51:40.209+0000][1][gc,age       ] GC(7) - age   2:    1128800 bytes,    1506544 total
[2019-12-09T01:51:40.209+0000][1][gc,age       ] GC(7) - age   3:    2193096 bytes,    3699640 total
[2019-12-09T01:51:40.209+0000][1][gc,age       ] GC(7) - age   4:     442832 bytes,    4142472 total
[2019-12-09T01:51:40.209+0000][1][gc,heap      ] GC(7) ParNew: 75286K->5723K(78656K)
[2019-12-09T01:51:40.209+0000][1][gc,heap      ] GC(7) CMS: 11640K->11640K(174784K)
[2019-12-09T01:51:40.209+0000][1][gc,metaspace ] GC(7) Metaspace: 19740K->19740K(1067008K)
[2019-12-09T01:51:40.209+0000][1][gc           ] GC(7) Pause Young (Allocation Failure) 84M->16M(247M) 69.034ms
[2019-12-09T01:51:40.209+0000][1][gc,cpu       ] GC(7) User=0.02s Sys=0.00s Real=0.07s
[2019-12-09T01:51:40.209+0000][1][safepoint    ] Leaving safepoint region
[2019-12-09T01:51:40.209+0000][1][safepoint    ] Total time for which application threads were stopped: 0.0691651 seconds, Stopping threads took: 0.0000132 seconds
[2019-12-09T01:51:40.724+0000][1][safepoint    ] Application time: 0.5150629 seconds
[2019-12-09T01:51:40.724+0000][1][safepoint    ] Entering safepoint region: CollectForMetadataAllocation
[2019-12-09T01:51:40.725+0000][1][safepoint    ] Leaving safepoint region
[2019-12-09T01:51:40.725+0000][1][safepoint    ] Total time for which application threads were stopped: 0.0002498 seconds, Stopping threads took: 0.0000135 seconds
[2019-12-09T01:51:40.953+0000][1][safepoint    ] Application time: 0.2279631 seconds
[2019-12-09T01:51:40.953+0000][1][safepoint    ] Entering safepoint region: CollectForMetadataAllocation
[2019-12-09T01:51:40.960+0000][1][safepoint    ] Leaving safepoint region
[2019-12-09T01:51:40.960+0000][1][safepoint    ] Total time for which application threads were stopped: 0.0071711 seconds, Stopping threads took: 0.0000168 seconds
[2019-12-09T01:51:41.847+0000][1][safepoint    ] Application time: 0.8871310 seconds
[2019-12-09T01:51:41.847+0000][1][safepoint    ] Entering safepoint region: GenCollectForAllocation
[2019-12-09T01:51:41.847+0000][1][gc,start     ] GC(8) Pause Young (Allocation Failure)
[2019-12-09T01:51:41.847+0000][1][gc,task      ] GC(8) Using 2 workers of 2 for evacuation
[2019-12-09T01:51:41.943+0000][1][gc,age       ] GC(8) Desired survivor size 4456448 bytes, new threshold 5 (max threshold 6)
[2019-12-09T01:51:41.943+0000][1][gc,age       ] GC(8) Age table with threshold 5 (max threshold 6)
[2019-12-09T01:51:41.943+0000][1][gc,age       ] GC(8) - age   1:     678008 bytes,     678008 total
[2019-12-09T01:51:41.943+0000][1][gc,age       ] GC(8) - age   2:     360448 bytes,    1038456 total
[2019-12-09T01:51:41.943+0000][1][gc,age       ] GC(8) - age   3:    1128656 bytes,    2167112 total
[2019-12-09T01:51:41.943+0000][1][gc,age       ] GC(8) - age   4:    2190880 bytes,    4357992 total
[2019-12-09T01:51:41.943+0000][1][gc,age       ] GC(8) - age   5:     442832 bytes,    4800824 total
[2019-12-09T01:51:41.943+0000][1][gc,heap      ] GC(8) ParNew: 75675K->5982K(78656K)
[2019-12-09T01:51:41.943+0000][1][gc,heap      ] GC(8) CMS: 11640K->11640K(174784K)
[2019-12-09T01:51:41.943+0000][1][gc,metaspace ] GC(8) Metaspace: 20547K->20547K(1069056K)
[2019-12-09T01:51:41.943+0000][1][gc           ] GC(8) Pause Young (Allocation Failure) 85M->17M(247M) 95.800ms
[2019-12-09T01:51:41.943+0000][1][gc,cpu       ] GC(8) User=0.03s Sys=0.00s Real=0.09s
[2019-12-09T01:51:41.943+0000][1][safepoint    ] Leaving safepoint region
[2019-12-09T01:51:41.943+0000][1][safepoint    ] Total time for which application threads were stopped: 0.0959376 seconds, Stopping threads took: 0.0000129 seconds
[2019-12-09T01:51:41.947+0000][1][safepoint    ] Application time: 0.0037089 seconds
[2019-12-09T01:51:41.978+0000][1][safepoint    ] Entering safepoint region: CMS_Initial_Mark
[2019-12-09T01:51:41.978+0000][1][gc,start     ] GC(9) Pause Initial Mark
[2019-12-09T01:51:41.981+0000][1][gc           ] GC(9) Pause Initial Mark 18M->18M(247M) 3.178ms
[2019-12-09T01:51:41.981+0000][1][gc,cpu       ] GC(9) User=0.00s Sys=0.00s Real=0.00s
[2019-12-09T01:51:41.981+0000][1][safepoint    ] Leaving safepoint region
[2019-12-09T01:51:41.981+0000][1][safepoint    ] Total time for which application threads were stopped: 0.0344842 seconds, Stopping threads took: 0.0312085 seconds
[2019-12-09T01:51:41.981+0000][1][gc           ] GC(9) Concurrent Mark
[2019-12-09T01:51:42.051+0000][1][gc           ] GC(9) Concurrent Mark 69.315ms
[2019-12-09T01:51:42.051+0000][1][gc,cpu       ] GC(9) User=0.03s Sys=0.00s Real=0.07s
[2019-12-09T01:51:42.053+0000][1][gc           ] GC(9) Concurrent Preclean
[2019-12-09T01:51:42.053+0000][1][gc           ] GC(9) Concurrent Preclean 0.437ms
[2019-12-09T01:51:42.053+0000][1][gc,cpu       ] GC(9) User=0.00s Sys=0.00s Real=0.00s
[2019-12-09T01:51:42.053+0000][1][gc           ] GC(9) Concurrent Abortable Preclean
[2019-12-09T01:51:43.125+0000][1][safepoint    ] Application time: 1.1437280 seconds
[2019-12-09T01:51:43.125+0000][1][safepoint    ] Entering safepoint region: GenCollectForAllocation
[2019-12-09T01:51:43.125+0000][1][gc,start     ] GC(10) Pause Young (Allocation Failure)
[2019-12-09T01:51:43.125+0000][1][gc,task      ] GC(10) Using 2 workers of 2 for evacuation
[2019-12-09T01:51:43.239+0000][1][gc,age       ] GC(10) Desired survivor size 4456448 bytes, new threshold 5 (max threshold 6)
[2019-12-09T01:51:43.239+0000][1][gc,age       ] GC(10) Age table with threshold 5 (max threshold 6)
[2019-12-09T01:51:43.239+0000][1][gc,age       ] GC(10) - age   1:     880864 bytes,     880864 total
[2019-12-09T01:51:43.239+0000][1][gc,age       ] GC(10) - age   2:     650424 bytes,    1531288 total
[2019-12-09T01:51:43.239+0000][1][gc,age       ] GC(10) - age   3:     360448 bytes,    1891736 total
[2019-12-09T01:51:43.239+0000][1][gc,age       ] GC(10) - age   4:    1128656 bytes,    3020392 total
[2019-12-09T01:51:43.239+0000][1][gc,age       ] GC(10) - age   5:    2190688 bytes,    5211080 total
[2019-12-09T01:51:43.239+0000][1][gc,heap      ] GC(10) ParNew: 75934K->6769K(78656K)
[2019-12-09T01:51:43.239+0000][1][gc,heap      ] GC(10) CMS: 11640K->12076K(174784K)
[2019-12-09T01:51:43.239+0000][1][gc,metaspace ] GC(10) Metaspace: 20663K->20663K(1069056K)
[2019-12-09T01:51:43.239+0000][1][gc           ] GC(10) Pause Young (Allocation Failure) 85M->18M(247M) 114.224ms
[2019-12-09T01:51:43.239+0000][1][gc,cpu       ] GC(10) User=0.03s Sys=0.00s Real=0.11s
[2019-12-09T01:51:43.239+0000][1][safepoint    ] Leaving safepoint region
[2019-12-09T01:51:43.239+0000][1][safepoint    ] Total time for which application threads were stopped: 0.1143458 seconds, Stopping threads took: 0.0000136 seconds
[2019-12-09T01:51:44.063+0000][1][gc           ] GC(9) Concurrent Abortable Preclean 2009.525ms
[2019-12-09T01:51:44.063+0000][1][gc,cpu       ] GC(9) User=0.56s Sys=0.01s Real=2.01s
[2019-12-09T01:51:44.063+0000][1][safepoint    ] Application time: 0.8234227 seconds
[2019-12-09T01:51:44.066+0000][1][safepoint    ] Entering safepoint region: CMS_Final_Remark
[2019-12-09T01:51:44.066+0000][1][gc,start     ] GC(9) Pause Remark
[2019-12-09T01:51:44.273+0000][1][gc           ] GC(9) Pause Remark 66M->66M(247M) 206.853ms
[2019-12-09T01:51:44.273+0000][1][gc,cpu       ] GC(9) User=0.07s Sys=0.00s Real=0.20s
[2019-12-09T01:51:44.273+0000][1][safepoint    ] Leaving safepoint region
[2019-12-09T01:51:44.273+0000][1][safepoint    ] Total time for which application threads were stopped: 0.2099058 seconds, Stopping threads took: 0.0029107 seconds
[2019-12-09T01:51:44.275+0000][1][gc           ] GC(9) Concurrent Sweep
[2019-12-09T01:51:44.311+0000][1][gc           ] GC(9) Concurrent Sweep 36.003ms
[2019-12-09T01:51:44.311+0000][1][gc,cpu       ] GC(9) User=0.01s Sys=0.00s Real=0.03s
[2019-12-09T01:51:44.311+0000][1][gc           ] GC(9) Concurrent Reset
[2019-12-09T01:51:44.311+0000][1][gc           ] GC(9) Concurrent Reset 0.344ms
[2019-12-09T01:51:44.311+0000][1][gc,cpu       ] GC(9) User=0.00s Sys=0.00s Real=0.00s
[2019-12-09T01:51:44.311+0000][1][gc,heap      ] GC(9) Old: 11640K->12067K(174784K)
[2019-12-09T01:51:44.666+0000][1][safepoint    ] Application time: 0.3929873 seconds
[2019-12-09T01:51:44.666+0000][1][safepoint    ] Entering safepoint region: GenCollectForAllocation
[2019-12-09T01:51:44.666+0000][1][gc,start     ] GC(11) Pause Young (Allocation Failure)
[2019-12-09T01:51:44.666+0000][1][gc,task      ] GC(11) Using 2 workers of 2 for evacuation
[2019-12-09T01:51:44.759+0000][1][gc,age       ] GC(11) Desired survivor size 4456448 bytes, new threshold 6 (max threshold 6)
[2019-12-09T01:51:44.759+0000][1][gc,age       ] GC(11) Age table with threshold 6 (max threshold 6)
[2019-12-09T01:51:44.759+0000][1][gc,age       ] GC(11) - age   1:     777600 bytes,     777600 total
[2019-12-09T01:51:44.759+0000][1][gc,age       ] GC(11) - age   2:      97480 bytes,     875080 total
[2019-12-09T01:51:44.759+0000][1][gc,age       ] GC(11) - age   3:     650280 bytes,    1525360 total
[2019-12-09T01:51:44.759+0000][1][gc,age       ] GC(11) - age   4:     360344 bytes,    1885704 total
[2019-12-09T01:51:44.759+0000][1][gc,age       ] GC(11) - age   5:    1128368 bytes,    3014072 total
[2019-12-09T01:51:44.759+0000][1][gc,heap      ] GC(11) ParNew: 76721K->4945K(78656K)
[2019-12-09T01:51:44.759+0000][1][gc,heap      ] GC(11) CMS: 12067K->14219K(174784K)
[2019-12-09T01:51:44.759+0000][1][gc,metaspace ] GC(11) Metaspace: 20752K->20752K(1069056K)
[2019-12-09T01:51:44.759+0000][1][gc           ] GC(11) Pause Young (Allocation Failure) 86M->18M(247M) 92.461ms
[2019-12-09T01:51:44.759+0000][1][gc,cpu       ] GC(11) User=0.03s Sys=0.01s Real=0.09s
[2019-12-09T01:51:44.759+0000][1][safepoint    ] Leaving safepoint region
[2019-12-09T01:51:44.759+0000][1][safepoint    ] Total time for which application threads were stopped: 0.0930201 seconds, Stopping threads took: 0.0000140 seconds
[2019-12-09T01:51:45.718+0000][1][safepoint    ] Application time: 0.9593735 seconds
[2019-12-09T01:51:45.718+0000][1][safepoint    ] Entering safepoint region: Deoptimize
[2019-12-09T01:51:45.719+0000][1][safepoint    ] Leaving safepoint region
[2019-12-09T01:51:45.719+0000][1][safepoint    ] Total time for which application threads were stopped: 0.0004767 seconds, Stopping threads took: 0.0000134 seconds
[2019-12-09T01:51:46.078+0000][1][safepoint    ] Application time: 0.3590114 seconds
[2019-12-09T01:51:46.089+0000][1][safepoint    ] Entering safepoint region: RevokeBias
[2019-12-09T01:51:46.089+0000][1][safepoint    ] Leaving safepoint region
[2019-12-09T01:51:46.089+0000][1][safepoint    ] Total time for which application threads were stopped: 0.0110646 seconds, Stopping threads took: 0.0109861 seconds
[2019-12-09T01:51:47.094+0000][1][safepoint    ] Application time: 1.0048875 seconds
[2019-12-09T01:51:47.094+0000][1][safepoint    ] Entering safepoint region: Cleanup
[2019-12-09T01:51:47.094+0000][1][safepoint    ] Leaving safepoint region
[2019-12-09T01:51:47.094+0000][1][safepoint    ] Total time for which application threads were stopped: 0.0000913 seconds, Stopping threads took: 0.0000511 seconds
[2019-12-09T01:51:47.357+0000][1][safepoint    ] Application time: 0.2634574 seconds
[2019-12-09T01:51:47.357+0000][1][safepoint    ] Entering safepoint region: GenCollectForAllocation
[2019-12-09T01:51:47.357+0000][1][gc,start     ] GC(12) Pause Young (Allocation Failure)
[2019-12-09T01:51:47.357+0000][1][gc,task      ] GC(12) Using 2 workers of 2 for evacuation
[2019-12-09T01:51:47.469+0000][1][gc,age       ] GC(12) Desired survivor size 4456448 bytes, new threshold 6 (max threshold 6)
[2019-12-09T01:51:47.469+0000][1][gc,age       ] GC(12) Age table with threshold 6 (max threshold 6)
[2019-12-09T01:51:47.469+0000][1][gc,age       ] GC(12) - age   1:    1059128 bytes,    1059128 total
[2019-12-09T01:51:47.469+0000][1][gc,age       ] GC(12) - age   2:     305632 bytes,    1364760 total
[2019-12-09T01:51:47.469+0000][1][gc,age       ] GC(12) - age   3:      97480 bytes,    1462240 total
[2019-12-09T01:51:47.469+0000][1][gc,age       ] GC(12) - age   4:     650216 bytes,    2112456 total
[2019-12-09T01:51:47.469+0000][1][gc,age       ] GC(12) - age   5:     360344 bytes,    2472800 total
[2019-12-09T01:51:47.469+0000][1][gc,age       ] GC(12) - age   6:    1128368 bytes,    3601168 total
[2019-12-09T01:51:47.469+0000][1][gc,heap      ] GC(12) ParNew: 74897K->4680K(78656K)
[2019-12-09T01:51:47.469+0000][1][gc,heap      ] GC(12) CMS: 14219K->14219K(174784K)
[2019-12-09T01:51:47.469+0000][1][gc,metaspace ] GC(12) Metaspace: 22850K->22850K(1071104K)
[2019-12-09T01:51:47.470+0000][1][gc           ] GC(12) Pause Young (Allocation Failure) 87M->18M(247M) 112.088ms
[2019-12-09T01:51:47.470+0000][1][gc,cpu       ] GC(12) User=0.02s Sys=0.00s Real=0.11s
[2019-12-09T01:51:47.470+0000][1][safepoint    ] Leaving safepoint region
[2019-12-09T01:51:47.470+0000][1][safepoint    ] Total time for which application threads were stopped: 0.1122375 seconds, Stopping threads took: 0.0000135 seconds
[2019-12-09T01:51:48.456+0000][1][safepoint    ] Application time: 0.9861574 seconds
[2019-12-09T01:51:48.456+0000][1][safepoint    ] Entering safepoint region: Deoptimize
[2019-12-09T01:51:48.456+0000][1][safepoint    ] Leaving safepoint region
[2019-12-09T01:51:48.456+0000][1][safepoint    ] Total time for which application threads were stopped: 0.0007054 seconds, Stopping threads took: 0.0000125 seconds
[2019-12-09T01:51:49.180+0000][1][safepoint    ] Application time: 0.7232198 seconds
[2019-12-09T01:51:49.180+0000][1][safepoint    ] Entering safepoint region: Deoptimize
[2019-12-09T01:51:49.180+0000][1][safepoint    ] Leaving safepoint region
[2019-12-09T01:51:49.180+0000][1][safepoint    ] Total time for which application threads were stopped: 0.0004890 seconds, Stopping threads took: 0.0000125 seconds
[2019-12-09T01:51:49.261+0000][1][safepoint    ] Application time: 0.0804683 seconds
[2019-12-09T01:51:49.261+0000][1][safepoint    ] Entering safepoint region: Deoptimize
[2019-12-09T01:51:49.261+0000][1][safepoint    ] Leaving safepoint region
[2019-12-09T01:51:49.261+0000][1][safepoint    ] Total time for which application threads were stopped: 0.0004615 seconds, Stopping threads took: 0.0000232 seconds
[2019-12-09T01:51:49.289+0000][1][safepoint    ] Application time: 0.0274900 seconds
[2019-12-09T01:51:49.289+0000][1][safepoint    ] Entering safepoint region: Deoptimize
[2019-12-09T01:51:49.289+0000][1][safepoint    ] Leaving safepoint region
[2019-12-09T01:51:49.289+0000][1][safepoint    ] Total time for which application threads were stopped: 0.0004761 seconds, Stopping threads took: 0.0000128 seconds
[2019-12-09T01:51:49.343+0000][1][safepoint    ] Application time: 0.0538593 seconds
[2019-12-09T01:51:49.343+0000][1][safepoint    ] Entering safepoint region: RevokeBias
[2019-12-09T01:51:49.343+0000][1][safepoint    ] Leaving safepoint region
[2019-12-09T01:51:49.343+0000][1][safepoint    ] Total time for which application threads were stopped: 0.0000677 seconds, Stopping threads took: 0.0000144 seconds
[2019-12-09T01:51:50.344+0000][1][safepoint    ] Application time: 1.0005059 seconds
[2019-12-09T01:51:50.431+0000][1][safepoint    ] Entering safepoint region: Cleanup
[2019-12-09T01:51:50.431+0000][1][safepoint    ] Leaving safepoint region
[2019-12-09T01:51:50.431+0000][1][safepoint    ] Total time for which application threads were stopped: 0.0871188 seconds, Stopping threads took: 0.0870656 seconds
[2019-12-09T01:51:51.450+0000][1][safepoint    ] Application time: 1.0188816 seconds
[2019-12-09T01:51:51.497+0000][1][safepoint    ] Entering safepoint region: Cleanup
[2019-12-09T01:51:51.497+0000][1][safepoint    ] Leaving safepoint region
[2019-12-09T01:51:51.497+0000][1][safepoint    ] Total time for which application threads were stopped: 0.0472850 seconds, Stopping threads took: 0.0470428 seconds
[2019-12-09T01:51:52.522+0000][1][safepoint    ] Application time: 1.0246123 seconds
[2019-12-09T01:51:52.592+0000][1][safepoint    ] Entering safepoint region: Cleanup
[2019-12-09T01:51:52.592+0000][1][safepoint    ] Leaving safepoint region
[2019-12-09T01:51:52.592+0000][1][safepoint    ] Total time for which application threads were stopped: 0.0701360 seconds, Stopping threads took: 0.0700855 seconds
[2019-12-09T01:51:52.616+0000][1][safepoint    ] Application time: 0.0240335 seconds
[2019-12-09T01:51:52.616+0000][1][safepoint    ] Entering safepoint region: RevokeBias
[2019-12-09T01:51:52.616+0000][1][safepoint    ] Leaving safepoint region
[2019-12-09T01:51:52.616+0000][1][safepoint    ] Total time for which application threads were stopped: 0.0000787 seconds, Stopping threads took: 0.0000134 seconds
[2019-12-09T01:51:53.668+0000][1][safepoint    ] Application time: 1.0516670 seconds
[2019-12-09T01:51:53.683+0000][1][safepoint    ] Entering safepoint region: Cleanup
[2019-12-09T01:51:53.683+0000][1][safepoint    ] Leaving safepoint region
[2019-12-09T01:51:53.683+0000][1][safepoint    ] Total time for which application threads were stopped: 0.0151798 seconds, Stopping threads took: 0.0151402 seconds
[2019-12-09T01:51:54.688+0000][1][safepoint    ] Application time: 1.0047801 seconds
[2019-12-09T01:51:54.738+0000][1][safepoint    ] Entering safepoint region: Cleanup
[2019-12-09T01:51:54.739+0000][1][safepoint    ] Leaving safepoint region
[2019-12-09T01:51:54.739+0000][1][safepoint    ] Total time for which application threads were stopped: 0.0507790 seconds, Stopping threads took: 0.0507380 seconds
[2019-12-09T01:51:55.759+0000][1][safepoint    ] Application time: 1.0201577 seconds
[2019-12-09T01:51:55.882+0000][1][safepoint    ] Entering safepoint region: Cleanup
[2019-12-09T01:51:55.882+0000][1][safepoint    ] Leaving safepoint region
[2019-12-09T01:51:55.882+0000][1][safepoint    ] Total time for which application threads were stopped: 0.1230923 seconds, Stopping threads took: 0.1230242 seconds
[2019-12-09T01:51:55.906+0000][1][safepoint    ] Application time: 0.0244265 seconds
[2019-12-09T01:51:55.906+0000][1][safepoint    ] Entering safepoint region: GenCollectForAllocation
[2019-12-09T01:51:55.906+0000][1][gc,start     ] GC(13) Pause Young (Allocation Failure)
[2019-12-09T01:51:55.906+0000][1][gc,task      ] GC(13) Using 2 workers of 2 for evacuation
[2019-12-09T01:51:56.193+0000][1][gc,age       ] GC(13) Desired survivor size 4456448 bytes, new threshold 1 (max threshold 6)
[2019-12-09T01:51:56.193+0000][1][gc,age       ] GC(13) Age table with threshold 1 (max threshold 6)
[2019-12-09T01:51:56.193+0000][1][gc,age       ] GC(13) - age   1:    6794960 bytes,    6794960 total
[2019-12-09T01:51:56.193+0000][1][gc,age       ] GC(13) - age   2:     711168 bytes,    7506128 total
[2019-12-09T01:51:56.193+0000][1][gc,age       ] GC(13) - age   3:     305352 bytes,    7811480 total
[2019-12-09T01:51:56.193+0000][1][gc,age       ] GC(13) - age   4:      97232 bytes,    7908712 total
[2019-12-09T01:51:56.193+0000][1][gc,age       ] GC(13) - age   5:     645896 bytes,    8554608 total
[2019-12-09T01:51:56.193+0000][1][gc,age       ] GC(13) - age   6:     358104 bytes,    8912712 total
[2019-12-09T01:51:56.193+0000][1][gc,heap      ] GC(13) ParNew: 74632K->8704K(78656K)
[2019-12-09T01:51:56.193+0000][1][gc,heap      ] GC(13) CMS: 14219K->21834K(174784K)
[2019-12-09T01:51:56.193+0000][1][gc,metaspace ] GC(13) Metaspace: 27263K->27263K(1075200K)
[2019-12-09T01:51:56.193+0000][1][gc           ] GC(13) Pause Young (Allocation Failure) 86M->29M(247M) 286.350ms
[2019-12-09T01:51:56.193+0000][1][gc,cpu       ] GC(13) User=0.08s Sys=0.00s Real=0.28s
[2019-12-09T01:51:56.193+0000][1][safepoint    ] Leaving safepoint region
[2019-12-09T01:51:56.193+0000][1][safepoint    ] Total time for which application threads were stopped: 0.2864816 seconds, Stopping threads took: 0.0000134 seconds
[2019-12-09T01:51:57.194+0000][1][safepoint    ] Application time: 1.0008995 seconds
[2019-12-09T01:51:57.237+0000][1][safepoint    ] Entering safepoint region: Cleanup
[2019-12-09T01:51:57.237+0000][1][safepoint    ] Leaving safepoint region
[2019-12-09T01:51:57.237+0000][1][safepoint    ] Total time for which application threads were stopped: 0.0433058 seconds, Stopping threads took: 0.0432496 seconds
[2019-12-09T01:51:58.248+0000][1][safepoint    ] Application time: 1.0106565 seconds
[2019-12-09T01:51:58.287+0000][1][safepoint    ] Entering safepoint region: Cleanup
[2019-12-09T01:51:58.287+0000][1][safepoint    ] Leaving safepoint region
[2019-12-09T01:51:58.287+0000][1][safepoint    ] Total time for which application threads were stopped: 0.0394223 seconds, Stopping threads took: 0.0393703 seconds
[2019-12-09T01:51:59.289+0000][1][safepoint    ] Application time: 1.0015462 seconds
[2019-12-09T01:51:59.348+0000][1][safepoint    ] Entering safepoint region: Cleanup
[2019-12-09T01:51:59.348+0000][1][safepoint    ] Leaving safepoint region
[2019-12-09T01:51:59.348+0000][1][safepoint    ] Total time for which application threads were stopped: 0.0590385 seconds, Stopping threads took: 0.0589851 seconds
[2019-12-09T01:52:00.358+0000][1][safepoint    ] Application time: 1.0098845 seconds
[2019-12-09T01:52:00.405+0000][1][safepoint    ] Entering safepoint region: Cleanup
[2019-12-09T01:52:00.405+0000][1][safepoint    ] Leaving safepoint region
[2019-12-09T01:52:00.405+0000][1][safepoint    ] Total time for which application threads were stopped: 0.0470727 seconds, Stopping threads took: 0.0470131 seconds
[2019-12-09T01:52:00.731+0000][1][safepoint    ] Application time: 0.3261131 seconds
[2019-12-09T01:52:00.731+0000][1][safepoint    ] Entering safepoint region: GenCollectForAllocation
[2019-12-09T01:52:00.731+0000][1][gc,start     ] GC(14) Pause Young (Allocation Failure)
[2019-12-09T01:52:00.731+0000][1][gc,task      ] GC(14) Using 2 workers of 2 for evacuation
[2019-12-09T01:52:01.186+0000][1][gc,age       ] GC(14) Desired survivor size 4456448 bytes, new threshold 1 (max threshold 6)
[2019-12-09T01:52:01.186+0000][1][gc,age       ] GC(14) Age table with threshold 1 (max threshold 6)
[2019-12-09T01:52:01.186+0000][1][gc,age       ] GC(14) - age   1:    8912800 bytes,    8912800 total
[2019-12-09T01:52:01.186+0000][1][gc,heap      ] GC(14) ParNew: 78656K->8704K(78656K)
[2019-12-09T01:52:01.186+0000][1][gc,heap      ] GC(14) CMS: 21834K->34823K(174784K)
[2019-12-09T01:52:01.186+0000][1][gc,metaspace ] GC(14) Metaspace: 27393K->27393K(1075200K)
[2019-12-09T01:52:01.186+0000][1][gc           ] GC(14) Pause Young (Allocation Failure) 98M->42M(247M) 454.870ms
[2019-12-09T01:52:01.186+0000][1][gc,cpu       ] GC(14) User=0.12s Sys=0.00s Real=0.46s
[2019-12-09T01:52:01.186+0000][1][safepoint    ] Leaving safepoint region
[2019-12-09T01:52:01.186+0000][1][safepoint    ] Total time for which application threads were stopped: 0.4549995 seconds, Stopping threads took: 0.0000138 seconds
[2019-12-09T01:52:02.196+0000][1][safepoint    ] Application time: 1.0102880 seconds
[2019-12-09T01:52:02.279+0000][1][safepoint    ] Entering safepoint region: Cleanup
[2019-12-09T01:52:02.279+0000][1][safepoint    ] Leaving safepoint region
[2019-12-09T01:52:02.279+0000][1][safepoint    ] Total time for which application threads were stopped: 0.0825198 seconds, Stopping threads took: 0.0824597 seconds
[2019-12-09T01:52:04.308+0000][1][safepoint    ] Application time: 2.0288613 seconds
[2019-12-09T01:52:04.346+0000][1][safepoint    ] Entering safepoint region: Cleanup
[2019-12-09T01:52:04.346+0000][1][safepoint    ] Leaving safepoint region
[2019-12-09T01:52:04.346+0000][1][safepoint    ] Total time for which application threads were stopped: 0.0381366 seconds, Stopping threads took: 0.0380844 seconds
[2019-12-09T01:52:05.372+0000][1][safepoint    ] Application time: 1.0260041 seconds
[2019-12-09T01:52:05.372+0000][1][safepoint    ] Entering safepoint region: Cleanup
[2019-12-09T01:52:05.372+0000][1][safepoint    ] Leaving safepoint region
[2019-12-09T01:52:05.372+0000][1][safepoint    ] Total time for which application threads were stopped: 0.0002187 seconds, Stopping threads took: 0.0001370 seconds
[2019-12-09T01:52:05.880+0000][1][safepoint    ] Application time: 0.5074680 seconds
[2019-12-09T01:52:05.880+0000][1][safepoint    ] Entering safepoint region: GenCollectForAllocation
[2019-12-09T01:52:05.880+0000][1][gc,start     ] GC(15) Pause Young (Allocation Failure)
[2019-12-09T01:52:05.880+0000][1][gc,task      ] GC(15) Using 2 workers of 2 for evacuation
[2019-12-09T01:52:06.339+0000][1][gc,age       ] GC(15) Desired survivor size 4456448 bytes, new threshold 1 (max threshold 6)
[2019-12-09T01:52:06.339+0000][1][gc,age       ] GC(15) Age table with threshold 1 (max threshold 6)
[2019-12-09T01:52:06.339+0000][1][gc,age       ] GC(15) - age   1:    8912824 bytes,    8912824 total
[2019-12-09T01:52:06.339+0000][1][gc,heap      ] GC(15) ParNew: 78656K->8704K(78656K)
[2019-12-09T01:52:06.339+0000][1][gc,heap      ] GC(15) CMS: 34823K->45841K(174784K)
[2019-12-09T01:52:06.339+0000][1][gc,metaspace ] GC(15) Metaspace: 29540K->29540K(1077248K)
[2019-12-09T01:52:06.339+0000][1][gc           ] GC(15) Pause Young (Allocation Failure) 110M->53M(247M) 459.275ms
[2019-12-09T01:52:06.339+0000][1][gc,cpu       ] GC(15) User=0.14s Sys=0.00s Real=0.46s
[2019-12-09T01:52:06.339+0000][1][safepoint    ] Leaving safepoint region
[2019-12-09T01:52:06.339+0000][1][safepoint    ] Total time for which application threads were stopped: 0.4594166 seconds, Stopping threads took: 0.0000162 seconds
[2019-12-09T01:52:07.341+0000][1][safepoint    ] Application time: 1.0015812 seconds
[2019-12-09T01:52:07.341+0000][1][safepoint    ] Entering safepoint region: Cleanup
[2019-12-09T01:52:07.341+0000][1][safepoint    ] Leaving safepoint region
[2019-12-09T01:52:07.341+0000][1][safepoint    ] Total time for which application threads were stopped: 0.0001505 seconds, Stopping threads took: 0.0000995 seconds
[2019-12-09T01:52:08.344+0000][1][safepoint    ] Application time: 1.0027993 seconds
[2019-12-09T01:52:08.351+0000][1][safepoint    ] Entering safepoint region: Cleanup
[2019-12-09T01:52:08.351+0000][1][safepoint    ] Leaving safepoint region
[2019-12-09T01:52:08.351+0000][1][safepoint    ] Total time for which application threads were stopped: 0.0070170 seconds, Stopping threads took: 0.0069791 seconds
[2019-12-09T01:52:09.358+0000][1][safepoint    ] Application time: 1.0069486 seconds
[2019-12-09T01:52:09.393+0000][1][safepoint    ] Entering safepoint region: Cleanup
[2019-12-09T01:52:09.393+0000][1][safepoint    ] Leaving safepoint region
[2019-12-09T01:52:09.393+0000][1][safepoint    ] Total time for which application threads were stopped: 0.0356237 seconds, Stopping threads took: 0.0355557 seconds
[2019-12-09T01:52:09.624+0000][1][safepoint    ] Application time: 0.2306570 seconds
[2019-12-09T01:52:09.624+0000][1][safepoint    ] Entering safepoint region: GenCollectForAllocation
[2019-12-09T01:52:09.624+0000][1][gc,start     ] GC(16) Pause Young (Allocation Failure)
[2019-12-09T01:52:09.624+0000][1][gc,task      ] GC(16) Using 2 workers of 2 for evacuation
[2019-12-09T01:52:09.834+0000][1][gc,age       ] GC(16) Desired survivor size 4456448 bytes, new threshold 6 (max threshold 6)
[2019-12-09T01:52:09.834+0000][1][gc,age       ] GC(16) Age table with threshold 6 (max threshold 6)
[2019-12-09T01:52:09.834+0000][1][gc,age       ] GC(16) - age   1:    1290792 bytes,    1290792 total
[2019-12-09T01:52:09.834+0000][1][gc,heap      ] GC(16) ParNew: 78656K->8618K(78656K)
[2019-12-09T01:52:09.834+0000][1][gc,heap      ] GC(16) CMS: 45841K->54609K(174784K)
[2019-12-09T01:52:09.834+0000][1][gc,metaspace ] GC(16) Metaspace: 33119K->33119K(1079296K)
[2019-12-09T01:52:09.834+0000][1][gc           ] GC(16) Pause Young (Allocation Failure) 121M->61M(247M) 210.302ms
[2019-12-09T01:52:09.835+0000][1][gc,cpu       ] GC(16) User=0.06s Sys=0.00s Real=0.21s
[2019-12-09T01:52:09.835+0000][1][safepoint    ] Leaving safepoint region
[2019-12-09T01:52:09.835+0000][1][safepoint    ] Total time for which application threads were stopped: 0.2104442 seconds, Stopping threads took: 0.0000139 seconds
[2019-12-09T01:52:10.841+0000][1][safepoint    ] Application time: 1.0061551 seconds
[2019-12-09T01:52:10.908+0000][1][safepoint    ] Entering safepoint region: Cleanup
[2019-12-09T01:52:10.908+0000][1][safepoint    ] Leaving safepoint region
[2019-12-09T01:52:10.908+0000][1][safepoint    ] Total time for which application threads were stopped: 0.0670650 seconds, Stopping threads took: 0.0669997 seconds
[2019-12-09T01:52:11.921+0000][1][safepoint    ] Application time: 1.0128911 seconds
[2019-12-09T01:52:11.995+0000][1][safepoint    ] Entering safepoint region: Cleanup
[2019-12-09T01:52:11.995+0000][1][safepoint    ] Leaving safepoint region
[2019-12-09T01:52:11.995+0000][1][safepoint    ] Total time for which application threads were stopped: 0.0740983 seconds, Stopping threads took: 0.0740357 seconds
[2019-12-09T01:52:12.370+0000][1][safepoint    ] Application time: 0.3747428 seconds
[2019-12-09T01:52:12.370+0000][1][safepoint    ] Entering safepoint region: CollectForMetadataAllocation
[2019-12-09T01:52:12.370+0000][1][safepoint    ] Leaving safepoint region
[2019-12-09T01:52:12.370+0000][1][safepoint    ] Total time for which application threads were stopped: 0.0001911 seconds, Stopping threads took: 0.0000132 seconds
[2019-12-09T01:52:12.511+0000][1][safepoint    ] Application time: 0.1411974 seconds
[2019-12-09T01:52:12.511+0000][1][safepoint    ] Entering safepoint region: CollectForMetadataAllocation
[2019-12-09T01:52:12.511+0000][1][safepoint    ] Leaving safepoint region
[2019-12-09T01:52:12.511+0000][1][safepoint    ] Total time for which application threads were stopped: 0.0001445 seconds, Stopping threads took: 0.0000136 seconds
[2019-12-09T01:52:12.809+0000][1][safepoint    ] Application time: 0.2982568 seconds
[2019-12-09T01:52:12.810+0000][1][safepoint    ] Entering safepoint region: CollectForMetadataAllocation
[2019-12-09T01:52:12.810+0000][1][safepoint    ] Leaving safepoint region
[2019-12-09T01:52:12.810+0000][1][safepoint    ] Total time for which application threads were stopped: 0.0002749 seconds, Stopping threads took: 0.0000156 seconds
[2019-12-09T01:52:12.940+0000][1][safepoint    ] Application time: 0.1305597 seconds
[2019-12-09T01:52:12.940+0000][1][safepoint    ] Entering safepoint region: CollectForMetadataAllocation
[2019-12-09T01:52:12.941+0000][1][safepoint    ] Leaving safepoint region
[2019-12-09T01:52:12.941+0000][1][safepoint    ] Total time for which application threads were stopped: 0.0002239 seconds, Stopping threads took: 0.0000140 seconds
[2019-12-09T01:52:13.090+0000][1][safepoint    ] Application time: 0.1491231 seconds
[2019-12-09T01:52:13.090+0000][1][safepoint    ] Entering safepoint region: CollectForMetadataAllocation
[2019-12-09T01:52:13.090+0000][1][safepoint    ] Leaving safepoint region
[2019-12-09T01:52:13.090+0000][1][safepoint    ] Total time for which application threads were stopped: 0.0002240 seconds, Stopping threads took: 0.0000146 seconds
[2019-12-09T01:52:13.138+0000][1][safepoint    ] Application time: 0.0482822 seconds
[2019-12-09T01:52:13.138+0000][1][safepoint    ] Entering safepoint region: GenCollectForAllocation
[2019-12-09T01:52:13.138+0000][1][gc,start     ] GC(17) Pause Young (Allocation Failure)
[2019-12-09T01:52:13.138+0000][1][gc,task      ] GC(17) Using 2 workers of 2 for evacuation
[2019-12-09T01:52:13.229+0000][1][gc,age       ] GC(17) Desired survivor size 4456448 bytes, new threshold 6 (max threshold 6)
[2019-12-09T01:52:13.229+0000][1][gc,age       ] GC(17) Age table with threshold 6 (max threshold 6)
[2019-12-09T01:52:13.229+0000][1][gc,age       ] GC(17) - age   1:    1914968 bytes,    1914968 total
[2019-12-09T01:52:13.229+0000][1][gc,age       ] GC(17) - age   2:    1223880 bytes,    3138848 total
[2019-12-09T01:52:13.229+0000][1][gc,heap      ] GC(17) ParNew: 78570K->4781K(78656K)
[2019-12-09T01:52:13.229+0000][1][gc,heap      ] GC(17) CMS: 54609K->54609K(174784K)
[2019-12-09T01:52:13.229+0000][1][gc,metaspace ] GC(17) Metaspace: 35192K->35192K(1081344K)
[2019-12-09T01:52:13.229+0000][1][gc           ] GC(17) Pause Young (Allocation Failure) 130M->57M(247M) 90.700ms
[2019-12-09T01:52:13.229+0000][1][gc,cpu       ] GC(17) User=0.02s Sys=0.00s Real=0.09s
[2019-12-09T01:52:13.229+0000][1][safepoint    ] Leaving safepoint region
[2019-12-09T01:52:13.229+0000][1][safepoint    ] Total time for which application threads were stopped: 0.0908331 seconds, Stopping threads took: 0.0000137 seconds
[2019-12-09T01:52:13.235+0000][1][safepoint    ] Application time: 0.0055776 seconds
[2019-12-09T01:52:13.238+0000][1][safepoint    ] Entering safepoint region: CMS_Initial_Mark
[2019-12-09T01:52:13.238+0000][1][gc,start     ] GC(18) Pause Initial Mark
[2019-12-09T01:52:13.242+0000][1][gc           ] GC(18) Pause Initial Mark 59M->59M(247M) 4.461ms
[2019-12-09T01:52:13.242+0000][1][gc,cpu       ] GC(18) User=0.00s Sys=0.00s Real=0.00s
[2019-12-09T01:52:13.242+0000][1][safepoint    ] Leaving safepoint region
[2019-12-09T01:52:13.242+0000][1][safepoint    ] Total time for which application threads were stopped: 0.0076149 seconds, Stopping threads took: 0.0030720 seconds
[2019-12-09T01:52:13.242+0000][1][gc           ] GC(18) Concurrent Mark
[2019-12-09T01:52:13.340+0000][1][safepoint    ] Application time: 0.0973521 seconds
[2019-12-09T01:52:13.340+0000][1][safepoint    ] Entering safepoint region: CollectForMetadataAllocation
[2019-12-09T01:52:13.340+0000][1][safepoint    ] Leaving safepoint region
[2019-12-09T01:52:13.340+0000][1][safepoint    ] Total time for which application threads were stopped: 0.0001829 seconds, Stopping threads took: 0.0000149 seconds
[2019-12-09T01:52:13.457+0000][1][safepoint    ] Application time: 0.1167517 seconds
[2019-12-09T01:52:13.457+0000][1][safepoint    ] Entering safepoint region: CollectForMetadataAllocation
[2019-12-09T01:52:13.457+0000][1][safepoint    ] Leaving safepoint region
[2019-12-09T01:52:13.457+0000][1][safepoint    ] Total time for which application threads were stopped: 0.0002540 seconds, Stopping threads took: 0.0000139 seconds
[2019-12-09T01:52:13.847+0000][1][safepoint    ] Application time: 0.3903748 seconds
[2019-12-09T01:52:13.847+0000][1][safepoint    ] Entering safepoint region: CollectForMetadataAllocation
[2019-12-09T01:52:13.848+0000][1][safepoint    ] Leaving safepoint region
[2019-12-09T01:52:13.848+0000][1][safepoint    ] Total time for which application threads were stopped: 0.0002328 seconds, Stopping threads took: 0.0000139 seconds
[2019-12-09T01:52:13.984+0000][1][gc           ] GC(18) Concurrent Mark 741.422ms
[2019-12-09T01:52:13.984+0000][1][gc,cpu       ] GC(18) User=0.24s Sys=0.00s Real=0.74s
[2019-12-09T01:52:13.984+0000][1][gc           ] GC(18) Concurrent Preclean
[2019-12-09T01:52:13.985+0000][1][gc           ] GC(18) Concurrent Preclean 1.088ms
[2019-12-09T01:52:13.985+0000][1][gc,cpu       ] GC(18) User=0.00s Sys=0.00s Real=0.01s
[2019-12-09T01:52:13.985+0000][1][gc           ] GC(18) Concurrent Abortable Preclean
[2019-12-09T01:52:14.075+0000][1][safepoint    ] Application time: 0.2273584 seconds
[2019-12-09T01:52:14.075+0000][1][safepoint    ] Entering safepoint region: CollectForMetadataAllocation
[2019-12-09T01:52:14.075+0000][1][safepoint    ] Leaving safepoint region
[2019-12-09T01:52:14.075+0000][1][safepoint    ] Total time for which application threads were stopped: 0.0002177 seconds, Stopping threads took: 0.0000128 seconds
[2019-12-09T01:52:14.315+0000][1][safepoint    ] Application time: 0.2399552 seconds
[2019-12-09T01:52:14.315+0000][1][safepoint    ] Entering safepoint region: CollectForMetadataAllocation
[2019-12-09T01:52:14.316+0000][1][safepoint    ] Leaving safepoint region
[2019-12-09T01:52:14.316+0000][1][safepoint    ] Total time for which application threads were stopped: 0.0002494 seconds, Stopping threads took: 0.0000445 seconds
[2019-12-09T01:52:14.396+0000][1][safepoint    ] Application time: 0.0801923 seconds
[2019-12-09T01:52:14.396+0000][1][safepoint    ] Entering safepoint region: CollectForMetadataAllocation
[2019-12-09T01:52:14.396+0000][1][safepoint    ] Leaving safepoint region
[2019-12-09T01:52:14.396+0000][1][safepoint    ] Total time for which application threads were stopped: 0.0005058 seconds, Stopping threads took: 0.0004576 seconds
[2019-12-09T01:52:14.524+0000][1][safepoint    ] Application time: 0.1274508 seconds
[2019-12-09T01:52:14.524+0000][1][safepoint    ] Entering safepoint region: RevokeBias
[2019-12-09T01:52:14.524+0000][1][safepoint    ] Leaving safepoint region
[2019-12-09T01:52:14.524+0000][1][safepoint    ] Total time for which application threads were stopped: 0.0001597 seconds, Stopping threads took: 0.0000253 seconds
[2019-12-09T01:52:14.583+0000][1][safepoint    ] Application time: 0.0587760 seconds
[2019-12-09T01:52:14.583+0000][1][safepoint    ] Entering safepoint region: CollectForMetadataAllocation
[2019-12-09T01:52:14.583+0000][1][safepoint    ] Leaving safepoint region
[2019-12-09T01:52:14.583+0000][1][safepoint    ] Total time for which application threads were stopped: 0.0002469 seconds, Stopping threads took: 0.0000137 seconds
[2019-12-09T01:52:14.859+0000][1][safepoint    ] Application time: 0.2761193 seconds
[2019-12-09T01:52:14.859+0000][1][safepoint    ] Entering safepoint region: CollectForMetadataAllocation
[2019-12-09T01:52:14.859+0000][1][safepoint    ] Leaving safepoint region
[2019-12-09T01:52:14.859+0000][1][safepoint    ] Total time for which application threads were stopped: 0.0001617 seconds, Stopping threads took: 0.0000138 seconds
[2019-12-09T01:52:15.212+0000][1][safepoint    ] Application time: 0.3523905 seconds
[2019-12-09T01:52:15.212+0000][1][safepoint    ] Entering safepoint region: CollectForMetadataAllocation
[2019-12-09T01:52:15.212+0000][1][safepoint    ] Leaving safepoint region
[2019-12-09T01:52:15.212+0000][1][safepoint    ] Total time for which application threads were stopped: 0.0002173 seconds, Stopping threads took: 0.0000141 seconds
[2019-12-09T01:52:15.381+0000][1][safepoint    ] Application time: 0.1687497 seconds
[2019-12-09T01:52:15.381+0000][1][safepoint    ] Entering safepoint region: CollectForMetadataAllocation
[2019-12-09T01:52:15.381+0000][1][safepoint    ] Leaving safepoint region
[2019-12-09T01:52:15.381+0000][1][safepoint    ] Total time for which application threads were stopped: 0.0002483 seconds, Stopping threads took: 0.0000221 seconds
[2019-12-09T01:52:15.605+0000][1][safepoint    ] Application time: 0.2237334 seconds
[2019-12-09T01:52:15.605+0000][1][safepoint    ] Entering safepoint region: CollectForMetadataAllocation
[2019-12-09T01:52:15.605+0000][1][safepoint    ] Leaving safepoint region
[2019-12-09T01:52:15.605+0000][1][safepoint    ] Total time for which application threads were stopped: 0.0002258 seconds, Stopping threads took: 0.0000137 seconds
[2019-12-09T01:52:15.966+0000][1][safepoint    ] Application time: 0.3607371 seconds
[2019-12-09T01:52:15.966+0000][1][safepoint    ] Entering safepoint region: CollectForMetadataAllocation
[2019-12-09T01:52:15.966+0000][1][safepoint    ] Leaving safepoint region
[2019-12-09T01:52:15.966+0000][1][safepoint    ] Total time for which application threads were stopped: 0.0001567 seconds, Stopping threads took: 0.0000136 seconds
[2019-12-09T01:52:16.172+0000][1][safepoint    ] Application time: 0.2057774 seconds
[2019-12-09T01:52:16.172+0000][1][safepoint    ] Entering safepoint region: CollectForMetadataAllocation
[2019-12-09T01:52:16.172+0000][1][safepoint    ] Leaving safepoint region
[2019-12-09T01:52:16.172+0000][1][safepoint    ] Total time for which application threads were stopped: 0.0002519 seconds, Stopping threads took: 0.0000150 seconds
[2019-12-09T01:52:16.471+0000][1][safepoint    ] Application time: 0.2986743 seconds
[2019-12-09T01:52:16.471+0000][1][safepoint    ] Entering safepoint region: CollectForMetadataAllocation
[2019-12-09T01:52:16.471+0000][1][safepoint    ] Leaving safepoint region
[2019-12-09T01:52:16.471+0000][1][safepoint    ] Total time for which application threads were stopped: 0.0002015 seconds, Stopping threads took: 0.0000117 seconds
[2019-12-09T01:52:16.647+0000][1][safepoint    ] Application time: 0.1757949 seconds
[2019-12-09T01:52:16.647+0000][1][safepoint    ] Entering safepoint region: CollectForMetadataAllocation
[2019-12-09T01:52:16.647+0000][1][safepoint    ] Leaving safepoint region
[2019-12-09T01:52:16.647+0000][1][safepoint    ] Total time for which application threads were stopped: 0.0002140 seconds, Stopping threads took: 0.0000143 seconds
[2019-12-09T01:52:16.886+0000][1][safepoint    ] Application time: 0.2387328 seconds
[2019-12-09T01:52:16.886+0000][1][safepoint    ] Entering safepoint region: CollectForMetadataAllocation
[2019-12-09T01:52:16.886+0000][1][safepoint    ] Leaving safepoint region
[2019-12-09T01:52:16.886+0000][1][safepoint    ] Total time for which application threads were stopped: 0.0002437 seconds, Stopping threads took: 0.0000142 seconds
[2019-12-09T01:52:17.118+0000][1][safepoint    ] Application time: 0.2317366 seconds
[2019-12-09T01:52:17.118+0000][1][safepoint    ] Entering safepoint region: CollectForMetadataAllocation
[2019-12-09T01:52:17.118+0000][1][safepoint    ] Leaving safepoint region
[2019-12-09T01:52:17.118+0000][1][safepoint    ] Total time for which application threads were stopped: 0.0001865 seconds, Stopping threads took: 0.0000165 seconds
[2019-12-09T01:52:17.325+0000][1][safepoint    ] Application time: 0.2069980 seconds
[2019-12-09T01:52:17.325+0000][1][safepoint    ] Entering safepoint region: CollectForMetadataAllocation
[2019-12-09T01:52:17.325+0000][1][safepoint    ] Leaving safepoint region
[2019-12-09T01:52:17.325+0000][1][safepoint    ] Total time for which application threads were stopped: 0.0002352 seconds, Stopping threads took: 0.0000147 seconds
[2019-12-09T01:52:17.638+0000][1][safepoint    ] Application time: 0.3124591 seconds
[2019-12-09T01:52:17.638+0000][1][safepoint    ] Entering safepoint region: CollectForMetadataAllocation
[2019-12-09T01:52:17.638+0000][1][safepoint    ] Leaving safepoint region
[2019-12-09T01:52:17.638+0000][1][safepoint    ] Total time for which application threads were stopped: 0.0002483 seconds, Stopping threads took: 0.0000155 seconds
[2019-12-09T01:52:17.969+0000][1][safepoint    ] Application time: 0.3307012 seconds
[2019-12-09T01:52:17.969+0000][1][safepoint    ] Entering safepoint region: CollectForMetadataAllocation
[2019-12-09T01:52:17.969+0000][1][safepoint    ] Leaving safepoint region
[2019-12-09T01:52:17.969+0000][1][safepoint    ] Total time for which application threads were stopped: 0.0002301 seconds, Stopping threads took: 0.0000159 seconds
[2019-12-09T01:52:18.327+0000][1][safepoint    ] Application time: 0.3579775 seconds
[2019-12-09T01:52:18.327+0000][1][safepoint    ] Entering safepoint region: CollectForMetadataAllocation
[2019-12-09T01:52:18.327+0000][1][safepoint    ] Leaving safepoint region
[2019-12-09T01:52:18.327+0000][1][safepoint    ] Total time for which application threads were stopped: 0.0002221 seconds, Stopping threads took: 0.0000125 seconds
[2019-12-09T01:52:18.561+0000][1][safepoint    ] Application time: 0.2342009 seconds
[2019-12-09T01:52:18.561+0000][1][safepoint    ] Entering safepoint region: CollectForMetadataAllocation
[2019-12-09T01:52:18.562+0000][1][safepoint    ] Leaving safepoint region
[2019-12-09T01:52:18.562+0000][1][safepoint    ] Total time for which application threads were stopped: 0.0002507 seconds, Stopping threads took: 0.0000135 seconds
[2019-12-09T01:52:18.753+0000][1][safepoint    ] Application time: 0.1910735 seconds
[2019-12-09T01:52:18.753+0000][1][safepoint    ] Entering safepoint region: CollectForMetadataAllocation
[2019-12-09T01:52:18.753+0000][1][safepoint    ] Leaving safepoint region
[2019-12-09T01:52:18.753+0000][1][safepoint    ] Total time for which application threads were stopped: 0.0002309 seconds, Stopping threads took: 0.0000139 seconds
[2019-12-09T01:52:19.094+0000][1][safepoint    ] Application time: 0.3406600 seconds
[2019-12-09T01:52:19.094+0000][1][safepoint    ] Entering safepoint region: RevokeBias
[2019-12-09T01:52:19.094+0000][1][safepoint    ] Leaving safepoint region
[2019-12-09T01:52:19.094+0000][1][safepoint    ] Total time for which application threads were stopped: 0.0003187 seconds, Stopping threads took: 0.0000160 seconds
[2019-12-09T01:52:19.119+0000][1][gc           ] GC(18) Concurrent Abortable Preclean 5134.393ms
[2019-12-09T01:52:19.119+0000][1][gc,cpu       ] GC(18) User=1.56s Sys=0.02s Real=5.13s
[2019-12-09T01:52:19.120+0000][1][safepoint    ] Application time: 0.0254154 seconds
[2019-12-09T01:52:19.173+0000][1][safepoint    ] Entering safepoint region: CMS_Final_Remark
[2019-12-09T01:52:19.173+0000][1][gc,start     ] GC(18) Pause Remark
[2019-12-09T01:52:19.277+0000][1][gc           ] GC(18) Pause Remark 91M->91M(247M) 104.295ms
[2019-12-09T01:52:19.277+0000][1][gc,cpu       ] GC(18) User=0.04s Sys=0.00s Real=0.11s
[2019-12-09T01:52:19.277+0000][1][safepoint    ] Leaving safepoint region
[2019-12-09T01:52:19.277+0000][1][safepoint    ] Total time for which application threads were stopped: 0.1576412 seconds, Stopping threads took: 0.0532277 seconds
[2019-12-09T01:52:19.292+0000][1][gc           ] GC(18) Concurrent Sweep
[2019-12-09T01:52:19.693+0000][1][gc           ] GC(18) Concurrent Sweep 401.266ms
[2019-12-09T01:52:19.693+0000][1][gc,cpu       ] GC(18) User=0.13s Sys=0.00s Real=0.40s
[2019-12-09T01:52:19.693+0000][1][gc           ] GC(18) Concurrent Reset
[2019-12-09T01:52:19.693+0000][1][gc           ] GC(18) Concurrent Reset 0.340ms
[2019-12-09T01:52:19.694+0000][1][gc,cpu       ] GC(18) User=0.00s Sys=0.00s Real=0.00s
[2019-12-09T01:52:19.694+0000][1][gc,heap      ] GC(18) Old: 54609K->54386K(174784K)
[2019-12-09T01:52:20.316+0000][1][safepoint    ] Application time: 1.0385275 seconds
[2019-12-09T01:52:20.316+0000][1][safepoint    ] Entering safepoint region: Cleanup
[2019-12-09T01:52:20.317+0000][1][safepoint    ] Leaving safepoint region
[2019-12-09T01:52:20.317+0000][1][safepoint    ] Total time for which application threads were stopped: 0.0009485 seconds, Stopping threads took: 0.0000707 seconds
[2019-12-09T01:52:24.082+0000][1][safepoint    ] Application time: 3.7654339 seconds
[2019-12-09T01:52:24.136+0000][1][safepoint    ] Entering safepoint region: RevokeBias
[2019-12-09T01:52:24.136+0000][1][safepoint    ] Leaving safepoint region
[2019-12-09T01:52:24.136+0000][1][safepoint    ] Total time for which application threads were stopped: 0.0538835 seconds, Stopping threads took: 0.0536956 seconds
[2019-12-09T01:52:24.136+0000][1][safepoint    ] Application time: 0.0003266 seconds
[2019-12-09T01:52:24.136+0000][1][safepoint    ] Entering safepoint region: RevokeBias
[2019-12-09T01:52:24.137+0000][1][safepoint    ] Leaving safepoint region
[2019-12-09T01:52:24.137+0000][1][safepoint    ] Total time for which application threads were stopped: 0.0001004 seconds, Stopping threads took: 0.0000107 seconds
[2019-12-09T01:52:24.137+0000][1][safepoint    ] Application time: 0.0001416 seconds
[2019-12-09T01:52:24.137+0000][1][safepoint    ] Entering safepoint region: RevokeBias
[2019-12-09T01:52:24.137+0000][1][safepoint    ] Leaving safepoint region
[2019-12-09T01:52:24.137+0000][1][safepoint    ] Total time for which application threads were stopped: 0.0000847 seconds, Stopping threads took: 0.0000134 seconds
[2019-12-09T01:52:24.137+0000][1][safepoint    ] Application time: 0.0000835 seconds
[2019-12-09T01:52:24.137+0000][1][safepoint    ] Entering safepoint region: RevokeBias
[2019-12-09T01:52:24.137+0000][1][safepoint    ] Leaving safepoint region
[2019-12-09T01:52:24.137+0000][1][safepoint    ] Total time for which application threads were stopped: 0.0000799 seconds, Stopping threads took: 0.0000080 seconds
[2019-12-09T01:52:24.137+0000][1][safepoint    ] Application time: 0.0000538 seconds
[2019-12-09T01:52:24.137+0000][1][safepoint    ] Entering safepoint region: RevokeBias
[2019-12-09T01:52:24.137+0000][1][safepoint    ] Leaving safepoint region
[2019-12-09T01:52:24.137+0000][1][safepoint    ] Total time for which application threads were stopped: 0.0000743 seconds, Stopping threads took: 0.0000082 seconds
[2019-12-09T01:52:24.137+0000][1][safepoint    ] Application time: 0.0000937 seconds
[2019-12-09T01:52:24.137+0000][1][safepoint    ] Entering safepoint region: RevokeBias
[2019-12-09T01:52:24.137+0000][1][safepoint    ] Leaving safepoint region
[2019-12-09T01:52:24.137+0000][1][safepoint    ] Total time for which application threads were stopped: 0.0000805 seconds, Stopping threads took: 0.0000084 seconds
[2019-12-09T01:52:24.137+0000][1][safepoint    ] Application time: 0.0000598 seconds
[2019-12-09T01:52:24.137+0000][1][safepoint    ] Entering safepoint region: RevokeBias
[2019-12-09T01:52:24.137+0000][1][safepoint    ] Leaving safepoint region
[2019-12-09T01:52:24.137+0000][1][safepoint    ] Total time for which application threads were stopped: 0.0000790 seconds, Stopping threads took: 0.0000083 seconds
[2019-12-09T01:52:24.139+0000][1][safepoint    ] Application time: 0.0011399 seconds
[2019-12-09T01:52:24.139+0000][1][safepoint    ] Entering safepoint region: RevokeBias
[2019-12-09T01:52:24.139+0000][1][safepoint    ] Leaving safepoint region
[2019-12-09T01:52:24.139+0000][1][safepoint    ] Total time for which application threads were stopped: 0.0001443 seconds, Stopping threads took: 0.0000112 seconds
[2019-12-09T01:52:24.139+0000][1][safepoint    ] Application time: 0.0002376 seconds
[2019-12-09T01:52:24.139+0000][1][safepoint    ] Entering safepoint region: RevokeBias
[2019-12-09T01:52:24.139+0000][1][safepoint    ] Leaving safepoint region
[2019-12-09T01:52:24.139+0000][1][safepoint    ] Total time for which application threads were stopped: 0.0000955 seconds, Stopping threads took: 0.0000091 seconds
[2019-12-09T01:52:24.139+0000][1][safepoint    ] Application time: 0.0003590 seconds
[2019-12-09T01:52:24.140+0000][1][safepoint    ] Entering safepoint region: RevokeBias
[2019-12-09T01:52:24.140+0000][1][safepoint    ] Leaving safepoint region
[2019-12-09T01:52:24.140+0000][1][safepoint    ] Total time for which application threads were stopped: 0.0000931 seconds, Stopping threads took: 0.0000098 seconds
[2019-12-09T01:52:24.140+0000][1][safepoint    ] Application time: 0.0000839 seconds
[2019-12-09T01:52:24.140+0000][1][safepoint    ] Entering safepoint region: RevokeBias
[2019-12-09T01:52:24.140+0000][1][safepoint    ] Leaving safepoint region
[2019-12-09T01:52:24.140+0000][1][safepoint    ] Total time for which application threads were stopped: 0.0000794 seconds, Stopping threads took: 0.0000088 seconds
[2019-12-09T01:52:24.140+0000][1][safepoint    ] Application time: 0.0000961 seconds
[2019-12-09T01:52:24.140+0000][1][safepoint    ] Entering safepoint region: RevokeBias
[2019-12-09T01:52:24.140+0000][1][safepoint    ] Leaving safepoint region
[2019-12-09T01:52:24.140+0000][1][safepoint    ] Total time for which application threads were stopped: 0.0000889 seconds, Stopping threads took: 0.0000086 seconds
[2019-12-09T01:52:25.141+0000][1][safepoint    ] Application time: 1.0006956 seconds
[2019-12-09T01:52:25.141+0000][1][safepoint    ] Entering safepoint region: Cleanup
[2019-12-09T01:52:25.141+0000][1][safepoint    ] Leaving safepoint region
[2019-12-09T01:52:25.141+0000][1][safepoint    ] Total time for which application threads were stopped: 0.0000990 seconds, Stopping threads took: 0.0000484 seconds
[2019-12-09T01:52:25.237+0000][1][safepoint    ] Application time: 0.0961382 seconds
[2019-12-09T01:52:25.301+0000][1][safepoint    ] Entering safepoint region: RevokeBias
[2019-12-09T01:52:25.301+0000][1][safepoint    ] Leaving safepoint region
[2019-12-09T01:52:25.301+0000][1][safepoint    ] Total time for which application threads were stopped: 0.0638931 seconds, Stopping threads took: 0.0637707 seconds
[2019-12-09T01:52:27.332+0000][1][safepoint    ] Application time: 2.0307796 seconds
[2019-12-09T01:52:27.411+0000][1][safepoint    ] Entering safepoint region: Cleanup
[2019-12-09T01:52:27.411+0000][1][safepoint    ] Leaving safepoint region
[2019-12-09T01:52:27.411+0000][1][safepoint    ] Total time for which application threads were stopped: 0.0790325 seconds, Stopping threads took: 0.0789748 seconds
[2019-12-09T01:52:28.412+0000][1][safepoint    ] Application time: 1.0008987 seconds
[2019-12-09T01:52:28.471+0000][1][safepoint    ] Entering safepoint region: Cleanup
[2019-12-09T01:52:28.471+0000][1][safepoint    ] Leaving safepoint region
[2019-12-09T01:52:28.471+0000][1][safepoint    ] Total time for which application threads were stopped: 0.0590485 seconds, Stopping threads took: 0.0589950 seconds
[2019-12-09T01:52:29.474+0000][1][safepoint    ] Application time: 1.0028998 seconds
[2019-12-09T01:52:29.492+0000][1][safepoint    ] Entering safepoint region: Cleanup
[2019-12-09T01:52:29.492+0000][1][safepoint    ] Leaving safepoint region
[2019-12-09T01:52:29.492+0000][1][safepoint    ] Total time for which application threads were stopped: 0.0181900 seconds, Stopping threads took: 0.0181219 seconds
[2019-12-09T01:52:30.515+0000][1][safepoint    ] Application time: 1.0227696 seconds
[2019-12-09T01:52:30.576+0000][1][safepoint    ] Entering safepoint region: Cleanup
[2019-12-09T01:52:30.576+0000][1][safepoint    ] Leaving safepoint region
[2019-12-09T01:52:30.576+0000][1][safepoint    ] Total time for which application threads were stopped: 0.0615973 seconds, Stopping threads took: 0.0615100 seconds
[2019-12-09T01:52:30.923+0000][1][safepoint    ] Application time: 0.3469623 seconds
[2019-12-09T01:52:30.923+0000][1][safepoint    ] Entering safepoint region: GenCollectForAllocation
[2019-12-09T01:52:30.923+0000][1][gc,start     ] GC(19) Pause Young (Allocation Failure)
[2019-12-09T01:52:30.923+0000][1][gc,task      ] GC(19) Using 2 workers of 2 for evacuation
[2019-12-09T01:52:31.106+0000][1][gc,age       ] GC(19) Desired survivor size 4456448 bytes, new threshold 2 (max threshold 6)
[2019-12-09T01:52:31.106+0000][1][gc,age       ] GC(19) Age table with threshold 2 (max threshold 6)
[2019-12-09T01:52:31.106+0000][1][gc,age       ] GC(19) - age   1:    2831856 bytes,    2831856 total
[2019-12-09T01:52:31.106+0000][1][gc,age       ] GC(19) - age   2:    1890624 bytes,    4722480 total
[2019-12-09T01:52:31.106+0000][1][gc,age       ] GC(19) - age   3:    1221448 bytes,    5943928 total
[2019-12-09T01:52:31.106+0000][1][gc,heap      ] GC(19) ParNew: 74733K->7241K(78656K)
[2019-12-09T01:52:31.106+0000][1][gc,heap      ] GC(19) CMS: 54386K->54386K(174784K)
[2019-12-09T01:52:31.106+0000][1][gc,metaspace ] GC(19) Metaspace: 43074K->43074K(1089536K)
[2019-12-09T01:52:31.106+0000][1][gc           ] GC(19) Pause Young (Allocation Failure) 126M->60M(247M) 182.834ms
[2019-12-09T01:52:31.106+0000][1][gc,cpu       ] GC(19) User=0.05s Sys=0.00s Real=0.19s
[2019-12-09T01:52:31.106+0000][1][safepoint    ] Leaving safepoint region
[2019-12-09T01:52:31.106+0000][1][safepoint    ] Total time for which application threads were stopped: 0.1829758 seconds, Stopping threads took: 0.0000150 seconds
[2019-12-09T01:52:31.234+0000][1][safepoint    ] Application time: 0.1273658 seconds
[2019-12-09T01:52:31.234+0000][1][safepoint    ] Entering safepoint region: RevokeBias
[2019-12-09T01:52:31.234+0000][1][safepoint    ] Leaving safepoint region
[2019-12-09T01:52:31.234+0000][1][safepoint    ] Total time for which application threads were stopped: 0.0000714 seconds, Stopping threads took: 0.0000140 seconds
[2019-12-09T01:52:32.237+0000][1][safepoint    ] Application time: 1.0034543 seconds
[2019-12-09T01:52:32.287+0000][1][safepoint    ] Entering safepoint region: Cleanup
[2019-12-09T01:52:32.287+0000][1][safepoint    ] Leaving safepoint region
[2019-12-09T01:52:32.287+0000][1][safepoint    ] Total time for which application threads were stopped: 0.0496206 seconds, Stopping threads took: 0.0495413 seconds
[2019-12-09T01:52:32.381+0000][1][safepoint    ] Application time: 0.0944205 seconds
[2019-12-09T01:52:32.381+0000][1][safepoint    ] Entering safepoint region: RevokeBias
[2019-12-09T01:52:32.381+0000][1][safepoint    ] Leaving safepoint region
[2019-12-09T01:52:32.381+0000][1][safepoint    ] Total time for which application threads were stopped: 0.0000901 seconds, Stopping threads took: 0.0000127 seconds
[2019-12-09T01:52:32.393+0000][1][safepoint    ] Application time: 0.0111799 seconds
[2019-12-09T01:52:32.393+0000][1][safepoint    ] Entering safepoint region: RevokeBias
[2019-12-09T01:52:32.393+0000][1][safepoint    ] Leaving safepoint region
[2019-12-09T01:52:32.393+0000][1][safepoint    ] Total time for which application threads were stopped: 0.0000846 seconds, Stopping threads took: 0.0000105 seconds
[2019-12-09T01:52:33.395+0000][1][safepoint    ] Application time: 1.0019010 seconds
[2019-12-09T01:52:33.397+0000][1][safepoint    ] Entering safepoint region: Cleanup
[2019-12-09T01:52:33.397+0000][1][safepoint    ] Leaving safepoint region
[2019-12-09T01:52:33.397+0000][1][safepoint    ] Total time for which application threads were stopped: 0.0020386 seconds, Stopping threads took: 0.0019835 seconds
[2019-12-09T01:52:33.915+0000][1][safepoint    ] Application time: 0.5179355 seconds
[2019-12-09T01:52:33.915+0000][1][safepoint    ] Entering safepoint region: RevokeBias
[2019-12-09T01:52:33.915+0000][1][safepoint    ] Leaving safepoint region
[2019-12-09T01:52:33.915+0000][1][safepoint    ] Total time for which application threads were stopped: 0.0004605 seconds, Stopping threads took: 0.0000118 seconds
[2019-12-09T01:52:34.665+0000][1][safepoint    ] Application time: 0.7494853 seconds
[2019-12-09T01:52:34.665+0000][1][safepoint    ] Entering safepoint region: RevokeBias
[2019-12-09T01:52:34.665+0000][1][safepoint    ] Leaving safepoint region
[2019-12-09T01:52:34.665+0000][1][safepoint    ] Total time for which application threads were stopped: 0.0001147 seconds, Stopping threads took: 0.0000135 seconds
[2019-12-09T01:52:34.670+0000][1][safepoint    ] Application time: 0.0048412 seconds
[2019-12-09T01:52:34.703+0000][1][safepoint    ] Entering safepoint region: RevokeBias
[2019-12-09T01:52:34.703+0000][1][safepoint    ] Leaving safepoint region
[2019-12-09T01:52:34.703+0000][1][safepoint    ] Total time for which application threads were stopped: 0.0330834 seconds, Stopping threads took: 0.0330185 seconds
[2019-12-09T01:52:34.757+0000][1][safepoint    ] Application time: 0.0538842 seconds
[2019-12-09T01:52:34.757+0000][1][safepoint    ] Entering safepoint region: RevokeBias
[2019-12-09T01:52:34.757+0000][1][safepoint    ] Leaving safepoint region
[2019-12-09T01:52:34.757+0000][1][safepoint    ] Total time for which application threads were stopped: 0.0001033 seconds, Stopping threads took: 0.0000220 seconds
[2019-12-09T01:52:34.757+0000][1][safepoint    ] Application time: 0.0001794 seconds
[2019-12-09T01:52:34.757+0000][1][safepoint    ] Entering safepoint region: RevokeBias
[2019-12-09T01:52:34.757+0000][1][safepoint    ] Leaving safepoint region
[2019-12-09T01:52:34.757+0000][1][safepoint    ] Total time for which application threads were stopped: 0.0000609 seconds, Stopping threads took: 0.0000084 seconds
[2019-12-09T01:52:34.757+0000][1][safepoint    ] Application time: 0.0000483 seconds
[2019-12-09T01:52:34.757+0000][1][safepoint    ] Entering safepoint region: RevokeBias
[2019-12-09T01:52:34.757+0000][1][safepoint    ] Leaving safepoint region
[2019-12-09T01:52:34.757+0000][1][safepoint    ] Total time for which application threads were stopped: 0.0000522 seconds, Stopping threads took: 0.0000078 seconds
[2019-12-09T01:52:34.757+0000][1][safepoint    ] Application time: 0.0000523 seconds
[2019-12-09T01:52:34.757+0000][1][safepoint    ] Entering safepoint region: RevokeBias
[2019-12-09T01:52:34.757+0000][1][safepoint    ] Leaving safepoint region
[2019-12-09T01:52:34.757+0000][1][safepoint    ] Total time for which application threads were stopped: 0.0000452 seconds, Stopping threads took: 0.0000083 seconds
[2019-12-09T01:52:34.757+0000][1][safepoint    ] Application time: 0.0000529 seconds
[2019-12-09T01:52:34.757+0000][1][safepoint    ] Entering safepoint region: RevokeBias
[2019-12-09T01:52:34.757+0000][1][safepoint    ] Leaving safepoint region
[2019-12-09T01:52:34.757+0000][1][safepoint    ] Total time for which application threads were stopped: 0.0000453 seconds, Stopping threads took: 0.0000078 seconds
[2019-12-09T01:52:34.758+0000][1][safepoint    ] Application time: 0.0000519 seconds
[2019-12-09T01:52:34.758+0000][1][safepoint    ] Entering safepoint region: RevokeBias
[2019-12-09T01:52:34.758+0000][1][safepoint    ] Leaving safepoint region
[2019-12-09T01:52:34.758+0000][1][safepoint    ] Total time for which application threads were stopped: 0.0000460 seconds, Stopping threads took: 0.0000085 seconds
[2019-12-09T01:52:34.758+0000][1][safepoint    ] Application time: 0.0000525 seconds
[2019-12-09T01:52:34.758+0000][1][safepoint    ] Entering safepoint region: RevokeBias
[2019-12-09T01:52:34.758+0000][1][safepoint    ] Leaving safepoint region
[2019-12-09T01:52:34.758+0000][1][safepoint    ] Total time for which application threads were stopped: 0.0000597 seconds, Stopping threads took: 0.0000083 seconds
[2019-12-09T01:52:34.758+0000][1][safepoint    ] Application time: 0.0000555 seconds
[2019-12-09T01:52:34.758+0000][1][safepoint    ] Entering safepoint region: BulkRevokeBias
[2019-12-09T01:52:34.758+0000][1][safepoint    ] Leaving safepoint region
[2019-12-09T01:52:34.758+0000][1][safepoint    ] Total time for which application threads were stopped: 0.0000948 seconds, Stopping threads took: 0.0000078 seconds
[2019-12-09T01:52:34.758+0000][1][safepoint    ] Application time: 0.0001593 seconds
[2019-12-09T01:52:34.758+0000][1][safepoint    ] Entering safepoint region: RevokeBias
[2019-12-09T01:52:34.758+0000][1][safepoint    ] Leaving safepoint region
[2019-12-09T01:52:34.758+0000][1][safepoint    ] Total time for which application threads were stopped: 0.0000607 seconds, Stopping threads took: 0.0000092 seconds
[2019-12-09T01:52:34.759+0000][1][safepoint    ] Application time: 0.0006234 seconds
[2019-12-09T01:52:34.759+0000][1][safepoint    ] Entering safepoint region: RevokeBias
[2019-12-09T01:52:34.759+0000][1][safepoint    ] Leaving safepoint region
[2019-12-09T01:52:34.759+0000][1][safepoint    ] Total time for which application threads were stopped: 0.0000688 seconds, Stopping threads took: 0.0000128 seconds
[2019-12-09T01:52:34.759+0000][1][safepoint    ] Application time: 0.0000957 seconds
[2019-12-09T01:52:34.759+0000][1][safepoint    ] Entering safepoint region: RevokeBias
[2019-12-09T01:52:34.759+0000][1][safepoint    ] Leaving safepoint region
[2019-12-09T01:52:34.759+0000][1][safepoint    ] Total time for which application threads were stopped: 0.0000526 seconds, Stopping threads took: 0.0000133 seconds
[2019-12-09T01:52:34.759+0000][1][safepoint    ] Application time: 0.0001943 seconds
[2019-12-09T01:52:34.759+0000][1][safepoint    ] Entering safepoint region: RevokeBias
[2019-12-09T01:52:34.759+0000][1][safepoint    ] Leaving safepoint region
[2019-12-09T01:52:34.759+0000][1][safepoint    ] Total time for which application threads were stopped: 0.0000555 seconds, Stopping threads took: 0.0000089 seconds
[2019-12-09T01:52:34.759+0000][1][safepoint    ] Application time: 0.0000531 seconds
[2019-12-09T01:52:34.759+0000][1][safepoint    ] Entering safepoint region: RevokeBias
[2019-12-09T01:52:34.759+0000][1][safepoint    ] Leaving safepoint region
[2019-12-09T01:52:34.759+0000][1][safepoint    ] Total time for which application threads were stopped: 0.0000445 seconds, Stopping threads took: 0.0000082 seconds
[2019-12-09T01:52:34.759+0000][1][safepoint    ] Application time: 0.0000529 seconds
[2019-12-09T01:52:34.759+0000][1][safepoint    ] Entering safepoint region: RevokeBias
[2019-12-09T01:52:34.759+0000][1][safepoint    ] Leaving safepoint region
[2019-12-09T01:52:34.759+0000][1][safepoint    ] Total time for which application threads were stopped: 0.0000442 seconds, Stopping threads took: 0.0000078 seconds
[2019-12-09T01:52:34.760+0000][1][safepoint    ] Application time: 0.0000505 seconds
[2019-12-09T01:52:34.760+0000][1][safepoint    ] Entering safepoint region: RevokeBias
[2019-12-09T01:52:34.760+0000][1][safepoint    ] Leaving safepoint region
[2019-12-09T01:52:34.760+0000][1][safepoint    ] Total time for which application threads were stopped: 0.0000445 seconds, Stopping threads took: 0.0000079 seconds
[2019-12-09T01:52:34.760+0000][1][safepoint    ] Application time: 0.0000522 seconds
[2019-12-09T01:52:34.760+0000][1][safepoint    ] Entering safepoint region: RevokeBias
[2019-12-09T01:52:34.760+0000][1][safepoint    ] Leaving safepoint region
[2019-12-09T01:52:34.760+0000][1][safepoint    ] Total time for which application threads were stopped: 0.0000614 seconds, Stopping threads took: 0.0000076 seconds
[2019-12-09T01:52:34.760+0000][1][safepoint    ] Application time: 0.0000518 seconds
[2019-12-09T01:52:34.760+0000][1][safepoint    ] Entering safepoint region: RevokeBias
[2019-12-09T01:52:34.760+0000][1][safepoint    ] Leaving safepoint region
[2019-12-09T01:52:34.760+0000][1][safepoint    ] Total time for which application threads were stopped: 0.0000442 seconds, Stopping threads took: 0.0000078 seconds
[2019-12-09T01:52:34.760+0000][1][safepoint    ] Application time: 0.0000524 seconds
[2019-12-09T01:52:34.760+0000][1][safepoint    ] Entering safepoint region: RevokeBias
[2019-12-09T01:52:34.760+0000][1][safepoint    ] Leaving safepoint region
[2019-12-09T01:52:34.760+0000][1][safepoint    ] Total time for which application threads were stopped: 0.0000448 seconds, Stopping threads took: 0.0000078 seconds
[2019-12-09T01:52:34.760+0000][1][safepoint    ] Application time: 0.0000527 seconds
[2019-12-09T01:52:34.760+0000][1][safepoint    ] Entering safepoint region: RevokeBias
[2019-12-09T01:52:34.760+0000][1][safepoint    ] Leaving safepoint region
[2019-12-09T01:52:34.760+0000][1][safepoint    ] Total time for which application threads were stopped: 0.0000435 seconds, Stopping threads took: 0.0000083 seconds
[2019-12-09T01:52:34.760+0000][1][safepoint    ] Application time: 0.0000516 seconds
[2019-12-09T01:52:34.760+0000][1][safepoint    ] Entering safepoint region: RevokeBias
[2019-12-09T01:52:34.760+0000][1][safepoint    ] Leaving safepoint region
[2019-12-09T01:52:34.760+0000][1][safepoint    ] Total time for which application threads were stopped: 0.0000446 seconds, Stopping threads took: 0.0000078 seconds
[2019-12-09T01:52:34.760+0000][1][safepoint    ] Application time: 0.0000526 seconds
[2019-12-09T01:52:34.760+0000][1][safepoint    ] Entering safepoint region: RevokeBias
[2019-12-09T01:52:34.760+0000][1][safepoint    ] Leaving safepoint region
[2019-12-09T01:52:34.760+0000][1][safepoint    ] Total time for which application threads were stopped: 0.0000469 seconds, Stopping threads took: 0.0000120 seconds
[2019-12-09T01:52:34.760+0000][1][safepoint    ] Application time: 0.0000517 seconds
[2019-12-09T01:52:34.760+0000][1][safepoint    ] Entering safepoint region: RevokeBias
[2019-12-09T01:52:34.760+0000][1][safepoint    ] Leaving safepoint region
[2019-12-09T01:52:34.760+0000][1][safepoint    ] Total time for which application threads were stopped: 0.0000430 seconds, Stopping threads took: 0.0000081 seconds
[2019-12-09T01:52:34.760+0000][1][safepoint    ] Application time: 0.0000502 seconds
[2019-12-09T01:52:34.760+0000][1][safepoint    ] Entering safepoint region: RevokeBias
[2019-12-09T01:52:34.761+0000][1][safepoint    ] Leaving safepoint region
[2019-12-09T01:52:34.761+0000][1][safepoint    ] Total time for which application threads were stopped: 0.0000419 seconds, Stopping threads took: 0.0000080 seconds
[2019-12-09T01:52:34.761+0000][1][safepoint    ] Application time: 0.0000502 seconds
[2019-12-09T01:52:34.761+0000][1][safepoint    ] Entering safepoint region: RevokeBias
[2019-12-09T01:52:34.761+0000][1][safepoint    ] Leaving safepoint region
[2019-12-09T01:52:34.761+0000][1][safepoint    ] Total time for which application threads were stopped: 0.0000422 seconds, Stopping threads took: 0.0000082 seconds
[2019-12-09T01:52:34.761+0000][1][safepoint    ] Application time: 0.0000657 seconds
[2019-12-09T01:52:34.761+0000][1][safepoint    ] Entering safepoint region: RevokeBias
[2019-12-09T01:52:34.761+0000][1][safepoint    ] Leaving safepoint region
[2019-12-09T01:52:34.761+0000][1][safepoint    ] Total time for which application threads were stopped: 0.0000463 seconds, Stopping threads took: 0.0000083 seconds
[2019-12-09T01:52:34.761+0000][1][safepoint    ] Application time: 0.0000529 seconds
[2019-12-09T01:52:34.761+0000][1][safepoint    ] Entering safepoint region: RevokeBias
[2019-12-09T01:52:34.761+0000][1][safepoint    ] Leaving safepoint region
[2019-12-09T01:52:34.761+0000][1][safepoint    ] Total time for which application threads were stopped: 0.0000445 seconds, Stopping threads took: 0.0000088 seconds
[2019-12-09T01:52:34.761+0000][1][safepoint    ] Application time: 0.0000524 seconds
[2019-12-09T01:52:34.761+0000][1][safepoint    ] Entering safepoint region: RevokeBias
[2019-12-09T01:52:34.761+0000][1][safepoint    ] Leaving safepoint region
[2019-12-09T01:52:34.761+0000][1][safepoint    ] Total time for which application threads were stopped: 0.0000422 seconds, Stopping threads took: 0.0000072 seconds
[2019-12-09T01:52:34.761+0000][1][safepoint    ] Application time: 0.0000514 seconds
[2019-12-09T01:52:34.761+0000][1][safepoint    ] Entering safepoint region: RevokeBias
[2019-12-09T01:52:34.761+0000][1][safepoint    ] Leaving safepoint region
[2019-12-09T01:52:34.761+0000][1][safepoint    ] Total time for which application threads were stopped: 0.0000419 seconds, Stopping threads took: 0.0000082 seconds
[2019-12-09T01:52:34.761+0000][1][safepoint    ] Application time: 0.0000519 seconds
[2019-12-09T01:52:34.761+0000][1][safepoint    ] Entering safepoint region: BulkRevokeBias
[2019-12-09T01:52:34.761+0000][1][safepoint    ] Leaving safepoint region
[2019-12-09T01:52:34.761+0000][1][safepoint    ] Total time for which application threads were stopped: 0.0000951 seconds, Stopping threads took: 0.0000079 seconds
[2019-12-09T01:52:34.761+0000][1][safepoint    ] Application time: 0.0001876 seconds
[2019-12-09T01:52:34.761+0000][1][safepoint    ] Entering safepoint region: RevokeBias
[2019-12-09T01:52:34.762+0000][1][safepoint    ] Leaving safepoint region
[2019-12-09T01:52:34.762+0000][1][safepoint    ] Total time for which application threads were stopped: 0.0000581 seconds, Stopping threads took: 0.0000089 seconds
[2019-12-09T01:52:34.762+0000][1][safepoint    ] Application time: 0.0001485 seconds
[2019-12-09T01:52:34.762+0000][1][safepoint    ] Entering safepoint region: RevokeBias
[2019-12-09T01:52:34.762+0000][1][safepoint    ] Leaving safepoint region
[2019-12-09T01:52:34.762+0000][1][safepoint    ] Total time for which application threads were stopped: 0.0000692 seconds, Stopping threads took: 0.0000192 seconds
[2019-12-09T01:52:34.762+0000][1][safepoint    ] Application time: 0.0000780 seconds
[2019-12-09T01:52:34.762+0000][1][safepoint    ] Entering safepoint region: RevokeBias
[2019-12-09T01:52:34.762+0000][1][safepoint    ] Leaving safepoint region
[2019-12-09T01:52:34.762+0000][1][safepoint    ] Total time for which application threads were stopped: 0.0000469 seconds, Stopping threads took: 0.0000082 seconds
[2019-12-09T01:52:34.762+0000][1][safepoint    ] Application time: 0.0000910 seconds
[2019-12-09T01:52:34.762+0000][1][safepoint    ] Entering safepoint region: RevokeBias
[2019-12-09T01:52:34.762+0000][1][safepoint    ] Leaving safepoint region
[2019-12-09T01:52:34.762+0000][1][safepoint    ] Total time for which application threads were stopped: 0.0000533 seconds, Stopping threads took: 0.0000082 seconds
[2019-12-09T01:52:34.762+0000][1][safepoint    ] Application time: 0.0000611 seconds
[2019-12-09T01:52:34.762+0000][1][safepoint    ] Entering safepoint region: RevokeBias
[2019-12-09T01:52:34.762+0000][1][safepoint    ] Leaving safepoint region
[2019-12-09T01:52:34.762+0000][1][safepoint    ] Total time for which application threads were stopped: 0.0000482 seconds, Stopping threads took: 0.0000082 seconds
[2019-12-09T01:52:34.762+0000][1][safepoint    ] Application time: 0.0001778 seconds
[2019-12-09T01:52:34.762+0000][1][safepoint    ] Entering safepoint region: RevokeBias
[2019-12-09T01:52:34.762+0000][1][safepoint    ] Leaving safepoint region
[2019-12-09T01:52:34.762+0000][1][safepoint    ] Total time for which application threads were stopped: 0.0000567 seconds, Stopping threads took: 0.0000100 seconds
[2019-12-09T01:52:34.763+0000][1][safepoint    ] Application time: 0.0003065 seconds
[2019-12-09T01:52:34.763+0000][1][safepoint    ] Entering safepoint region: RevokeBias
[2019-12-09T01:52:34.763+0000][1][safepoint    ] Leaving safepoint region
[2019-12-09T01:52:34.763+0000][1][safepoint    ] Total time for which application threads were stopped: 0.0000637 seconds, Stopping threads took: 0.0000104 seconds
[2019-12-09T01:52:34.763+0000][1][safepoint    ] Application time: 0.0000834 seconds
[2019-12-09T01:52:34.763+0000][1][safepoint    ] Entering safepoint region: RevokeBias
[2019-12-09T01:52:34.763+0000][1][safepoint    ] Leaving safepoint region
[2019-12-09T01:52:34.763+0000][1][safepoint    ] Total time for which application threads were stopped: 0.0000508 seconds, Stopping threads took: 0.0000082 seconds
[2019-12-09T01:52:34.763+0000][1][safepoint    ] Application time: 0.0001800 seconds
[2019-12-09T01:52:34.763+0000][1][safepoint    ] Entering safepoint region: RevokeBias
[2019-12-09T01:52:34.763+0000][1][safepoint    ] Leaving safepoint region
[2019-12-09T01:52:34.763+0000][1][safepoint    ] Total time for which application threads were stopped: 0.0000611 seconds, Stopping threads took: 0.0000093 seconds
[2019-12-09T01:52:34.763+0000][1][safepoint    ] Application time: 0.0000671 seconds
[2019-12-09T01:52:34.763+0000][1][safepoint    ] Entering safepoint region: RevokeBias
[2019-12-09T01:52:34.763+0000][1][safepoint    ] Leaving safepoint region
[2019-12-09T01:52:34.763+0000][1][safepoint    ] Total time for which application threads were stopped: 0.0000480 seconds, Stopping threads took: 0.0000082 seconds
[2019-12-09T01:52:34.763+0000][1][safepoint    ] Application time: 0.0000532 seconds
[2019-12-09T01:52:34.763+0000][1][safepoint    ] Entering safepoint region: RevokeBias
[2019-12-09T01:52:34.763+0000][1][safepoint    ] Leaving safepoint region
[2019-12-09T01:52:34.764+0000][1][safepoint    ] Total time for which application threads were stopped: 0.0000454 seconds, Stopping threads took: 0.0000080 seconds
[2019-12-09T01:52:34.764+0000][1][safepoint    ] Application time: 0.0000526 seconds
[2019-12-09T01:52:34.764+0000][1][safepoint    ] Entering safepoint region: RevokeBias
[2019-12-09T01:52:34.764+0000][1][safepoint    ] Leaving safepoint region
[2019-12-09T01:52:34.764+0000][1][safepoint    ] Total time for which application threads were stopped: 0.0000493 seconds, Stopping threads took: 0.0000125 seconds
[2019-12-09T01:52:34.764+0000][1][safepoint    ] Application time: 0.0003563 seconds
[2019-12-09T01:52:34.764+0000][1][safepoint    ] Entering safepoint region: RevokeBias
[2019-12-09T01:52:34.764+0000][1][safepoint    ] Leaving safepoint region
[2019-12-09T01:52:34.764+0000][1][safepoint    ] Total time for which application threads were stopped: 0.0000589 seconds, Stopping threads took: 0.0000111 seconds
[2019-12-09T01:52:34.764+0000][1][safepoint    ] Application time: 0.0001475 seconds
[2019-12-09T01:52:34.764+0000][1][safepoint    ] Entering safepoint region: RevokeBias
[2019-12-09T01:52:34.764+0000][1][safepoint    ] Leaving safepoint region
[2019-12-09T01:52:34.764+0000][1][safepoint    ] Total time for which application threads were stopped: 0.0000478 seconds, Stopping threads took: 0.0000081 seconds
[2019-12-09T01:52:34.764+0000][1][safepoint    ] Application time: 0.0001602 seconds
[2019-12-09T01:52:34.764+0000][1][safepoint    ] Entering safepoint region: RevokeBias
[2019-12-09T01:52:34.765+0000][1][safepoint    ] Leaving safepoint region
[2019-12-09T01:52:34.765+0000][1][safepoint    ] Total time for which application threads were stopped: 0.0000480 seconds, Stopping threads took: 0.0000080 seconds
[2019-12-09T01:52:34.765+0000][1][safepoint    ] Application time: 0.0003762 seconds
[2019-12-09T01:52:34.765+0000][1][safepoint    ] Entering safepoint region: RevokeBias
[2019-12-09T01:52:34.765+0000][1][safepoint    ] Leaving safepoint region
[2019-12-09T01:52:34.765+0000][1][safepoint    ] Total time for which application threads were stopped: 0.0000576 seconds, Stopping threads took: 0.0000100 seconds
[2019-12-09T01:52:34.765+0000][1][safepoint    ] Application time: 0.0004706 seconds
[2019-12-09T01:52:34.765+0000][1][safepoint    ] Entering safepoint region: RevokeBias
[2019-12-09T01:52:34.766+0000][1][safepoint    ] Leaving safepoint region
[2019-12-09T01:52:34.766+0000][1][safepoint    ] Total time for which application threads were stopped: 0.0000565 seconds, Stopping threads took: 0.0000098 seconds
[2019-12-09T01:52:34.766+0000][1][safepoint    ] Application time: 0.0001815 seconds
[2019-12-09T01:52:34.766+0000][1][safepoint    ] Entering safepoint region: RevokeBias
[2019-12-09T01:52:34.766+0000][1][safepoint    ] Leaving safepoint region
[2019-12-09T01:52:34.766+0000][1][safepoint    ] Total time for which application threads were stopped: 0.0000569 seconds, Stopping threads took: 0.0000103 seconds
[2019-12-09T01:52:34.766+0000][1][safepoint    ] Application time: 0.0002466 seconds
[2019-12-09T01:52:34.766+0000][1][safepoint    ] Entering safepoint region: RevokeBias
[2019-12-09T01:52:34.766+0000][1][safepoint    ] Leaving safepoint region
[2019-12-09T01:52:34.766+0000][1][safepoint    ] Total time for which application threads were stopped: 0.0000553 seconds, Stopping threads took: 0.0000097 seconds
[2019-12-09T01:52:34.795+0000][1][safepoint    ] Application time: 0.0288965 seconds
[2019-12-09T01:52:34.795+0000][1][safepoint    ] Entering safepoint region: RevokeBias
[2019-12-09T01:52:34.795+0000][1][safepoint    ] Leaving safepoint region
[2019-12-09T01:52:34.795+0000][1][safepoint    ] Total time for which application threads were stopped: 0.0000829 seconds, Stopping threads took: 0.0000130 seconds
[2019-12-09T01:52:34.813+0000][1][safepoint    ] Application time: 0.0179979 seconds
[2019-12-09T01:52:34.817+0000][1][safepoint    ] Entering safepoint region: RevokeBias
[2019-12-09T01:52:34.817+0000][1][safepoint    ] Leaving safepoint region
[2019-12-09T01:52:34.817+0000][1][safepoint    ] Total time for which application threads were stopped: 0.0036714 seconds, Stopping threads took: 0.0035958 seconds
[2019-12-09T01:52:34.817+0000][1][safepoint    ] Application time: 0.0004898 seconds
[2019-12-09T01:52:34.817+0000][1][safepoint    ] Entering safepoint region: RevokeBias
[2019-12-09T01:52:34.817+0000][1][safepoint    ] Leaving safepoint region
[2019-12-09T01:52:34.817+0000][1][safepoint    ] Total time for which application threads were stopped: 0.0000730 seconds, Stopping threads took: 0.0000162 seconds
[2019-12-09T01:52:34.818+0000][1][safepoint    ] Application time: 0.0001773 seconds
[2019-12-09T01:52:34.818+0000][1][safepoint    ] Entering safepoint region: RevokeBias
[2019-12-09T01:52:34.818+0000][1][safepoint    ] Leaving safepoint region
[2019-12-09T01:52:34.818+0000][1][safepoint    ] Total time for which application threads were stopped: 0.0001002 seconds, Stopping threads took: 0.0000081 seconds
[2019-12-09T01:52:34.818+0000][1][safepoint    ] Application time: 0.0000430 seconds
[2019-12-09T01:52:34.818+0000][1][safepoint    ] Entering safepoint region: RevokeBias
[2019-12-09T01:52:34.818+0000][1][safepoint    ] Leaving safepoint region
[2019-12-09T01:52:34.818+0000][1][safepoint    ] Total time for which application threads were stopped: 0.0000401 seconds, Stopping threads took: 0.0000081 seconds
[2019-12-09T01:52:34.818+0000][1][safepoint    ] Application time: 0.0000653 seconds
[2019-12-09T01:52:34.818+0000][1][safepoint    ] Entering safepoint region: RevokeBias
[2019-12-09T01:52:34.818+0000][1][safepoint    ] Leaving safepoint region
[2019-12-09T01:52:34.818+0000][1][safepoint    ] Total time for which application threads were stopped: 0.0000825 seconds, Stopping threads took: 0.0000075 seconds
[2019-12-09T01:52:34.839+0000][1][safepoint    ] Application time: 0.0207558 seconds
[2019-12-09T01:52:34.839+0000][1][safepoint    ] Entering safepoint region: RevokeBias
[2019-12-09T01:52:34.839+0000][1][safepoint    ] Leaving safepoint region
[2019-12-09T01:52:34.839+0000][1][safepoint    ] Total time for which application threads were stopped: 0.0000904 seconds, Stopping threads took: 0.0000409 seconds
[2019-12-09T01:52:34.839+0000][1][safepoint    ] Application time: 0.0000449 seconds
[2019-12-09T01:52:34.839+0000][1][safepoint    ] Entering safepoint region: RevokeBias
[2019-12-09T01:52:34.839+0000][1][safepoint    ] Leaving safepoint region
[2019-12-09T01:52:34.839+0000][1][safepoint    ] Total time for which application threads were stopped: 0.0000389 seconds, Stopping threads took: 0.0000091 seconds
[2019-12-09T01:52:34.839+0000][1][safepoint    ] Application time: 0.0000363 seconds
[2019-12-09T01:52:34.839+0000][1][safepoint    ] Entering safepoint region: RevokeBias
[2019-12-09T01:52:34.839+0000][1][safepoint    ] Leaving safepoint region
[2019-12-09T01:52:34.839+0000][1][safepoint    ] Total time for which application threads were stopped: 0.0000360 seconds, Stopping threads took: 0.0000086 seconds
[2019-12-09T01:52:34.839+0000][1][safepoint    ] Application time: 0.0000398 seconds
[2019-12-09T01:52:34.839+0000][1][safepoint    ] Entering safepoint region: RevokeBias
[2019-12-09T01:52:34.839+0000][1][safepoint    ] Leaving safepoint region
[2019-12-09T01:52:34.839+0000][1][safepoint    ] Total time for which application threads were stopped: 0.0000359 seconds, Stopping threads took: 0.0000083 seconds
[2019-12-09T01:52:34.839+0000][1][safepoint    ] Application time: 0.0000359 seconds
[2019-12-09T01:52:34.839+0000][1][safepoint    ] Entering safepoint region: RevokeBias
[2019-12-09T01:52:34.839+0000][1][safepoint    ] Leaving safepoint region
[2019-12-09T01:52:34.839+0000][1][safepoint    ] Total time for which application threads were stopped: 0.0000353 seconds, Stopping threads took: 0.0000073 seconds
[2019-12-09T01:52:34.839+0000][1][safepoint    ] Application time: 0.0000368 seconds
[2019-12-09T01:52:34.839+0000][1][safepoint    ] Entering safepoint region: RevokeBias
[2019-12-09T01:52:34.839+0000][1][safepoint    ] Leaving safepoint region
[2019-12-09T01:52:34.839+0000][1][safepoint    ] Total time for which application threads were stopped: 0.0000362 seconds, Stopping threads took: 0.0000082 seconds
[2019-12-09T01:52:34.839+0000][1][safepoint    ] Application time: 0.0000364 seconds
[2019-12-09T01:52:34.839+0000][1][safepoint    ] Entering safepoint region: RevokeBias
[2019-12-09T01:52:34.839+0000][1][safepoint    ] Leaving safepoint region
[2019-12-09T01:52:34.839+0000][1][safepoint    ] Total time for which application threads were stopped: 0.0000416 seconds, Stopping threads took: 0.0000137 seconds
[2019-12-09T01:52:34.839+0000][1][safepoint    ] Application time: 0.0000385 seconds
[2019-12-09T01:52:34.839+0000][1][safepoint    ] Entering safepoint region: RevokeBias
[2019-12-09T01:52:34.839+0000][1][safepoint    ] Leaving safepoint region
[2019-12-09T01:52:34.840+0000][1][safepoint    ] Total time for which application threads were stopped: 0.0000362 seconds, Stopping threads took: 0.0000084 seconds
[2019-12-09T01:52:34.840+0000][1][safepoint    ] Application time: 0.0000392 seconds
[2019-12-09T01:52:34.840+0000][1][safepoint    ] Entering safepoint region: RevokeBias
[2019-12-09T01:52:34.840+0000][1][safepoint    ] Leaving safepoint region
[2019-12-09T01:52:34.840+0000][1][safepoint    ] Total time for which application threads were stopped: 0.0000357 seconds, Stopping threads took: 0.0000083 seconds
[2019-12-09T01:52:34.840+0000][1][safepoint    ] Application time: 0.0000361 seconds
[2019-12-09T01:52:34.840+0000][1][safepoint    ] Entering safepoint region: RevokeBias
[2019-12-09T01:52:34.840+0000][1][safepoint    ] Leaving safepoint region
[2019-12-09T01:52:34.840+0000][1][safepoint    ] Total time for which application threads were stopped: 0.0000587 seconds, Stopping threads took: 0.0000083 seconds
[2019-12-09T01:52:34.840+0000][1][safepoint    ] Application time: 0.0000384 seconds
[2019-12-09T01:52:34.840+0000][1][safepoint    ] Entering safepoint region: RevokeBias
[2019-12-09T01:52:34.840+0000][1][safepoint    ] Leaving safepoint region
[2019-12-09T01:52:34.840+0000][1][safepoint    ] Total time for which application threads were stopped: 0.0000385 seconds, Stopping threads took: 0.0000087 seconds
[2019-12-09T01:52:34.840+0000][1][safepoint    ] Application time: 0.0000402 seconds
[2019-12-09T01:52:34.840+0000][1][safepoint    ] Entering safepoint region: RevokeBias
[2019-12-09T01:52:34.840+0000][1][safepoint    ] Leaving safepoint region
[2019-12-09T01:52:34.840+0000][1][safepoint    ] Total time for which application threads were stopped: 0.0000356 seconds, Stopping threads took: 0.0000085 seconds
[2019-12-09T01:52:34.840+0000][1][safepoint    ] Application time: 0.0000393 seconds
[2019-12-09T01:52:34.840+0000][1][safepoint    ] Entering safepoint region: RevokeBias
[2019-12-09T01:52:34.840+0000][1][safepoint    ] Leaving safepoint region
[2019-12-09T01:52:34.840+0000][1][safepoint    ] Total time for which application threads were stopped: 0.0000360 seconds, Stopping threads took: 0.0000084 seconds
[2019-12-09T01:52:34.840+0000][1][safepoint    ] Application time: 0.0000363 seconds
[2019-12-09T01:52:34.840+0000][1][safepoint    ] Entering safepoint region: RevokeBias
[2019-12-09T01:52:34.840+0000][1][safepoint    ] Leaving safepoint region
[2019-12-09T01:52:34.840+0000][1][safepoint    ] Total time for which application threads were stopped: 0.0000357 seconds, Stopping threads took: 0.0000084 seconds
[2019-12-09T01:52:34.840+0000][1][safepoint    ] Application time: 0.0000362 seconds
[2019-12-09T01:52:34.840+0000][1][safepoint    ] Entering safepoint region: RevokeBias
[2019-12-09T01:52:34.840+0000][1][safepoint    ] Leaving safepoint region
[2019-12-09T01:52:34.840+0000][1][safepoint    ] Total time for which application threads were stopped: 0.0000359 seconds, Stopping threads took: 0.0000083 seconds
[2019-12-09T01:52:34.840+0000][1][safepoint    ] Application time: 0.0000359 seconds
[2019-12-09T01:52:34.840+0000][1][safepoint    ] Entering safepoint region: RevokeBias
[2019-12-09T01:52:34.840+0000][1][safepoint    ] Leaving safepoint region
[2019-12-09T01:52:34.840+0000][1][safepoint    ] Total time for which application threads were stopped: 0.0000351 seconds, Stopping threads took: 0.0000083 seconds
[2019-12-09T01:52:34.840+0000][1][safepoint    ] Application time: 0.0000353 seconds
[2019-12-09T01:52:34.840+0000][1][safepoint    ] Entering safepoint region: RevokeBias
[2019-12-09T01:52:34.840+0000][1][safepoint    ] Leaving safepoint region
[2019-12-09T01:52:34.840+0000][1][safepoint    ] Total time for which application threads were stopped: 0.0000388 seconds, Stopping threads took: 0.0000123 seconds
[2019-12-09T01:52:34.840+0000][1][safepoint    ] Application time: 0.0000360 seconds
[2019-12-09T01:52:34.840+0000][1][safepoint    ] Entering safepoint region: BulkRevokeBias
[2019-12-09T01:52:34.841+0000][1][safepoint    ] Leaving safepoint region
[2019-12-09T01:52:34.841+0000][1][safepoint    ] Total time for which application threads were stopped: 0.0001094 seconds, Stopping threads took: 0.0000079 seconds
[2019-12-09T01:52:34.841+0000][1][safepoint    ] Application time: 0.0005248 seconds
[2019-12-09T01:52:34.841+0000][1][safepoint    ] Entering safepoint region: RevokeBias
[2019-12-09T01:52:34.841+0000][1][safepoint    ] Leaving safepoint region
[2019-12-09T01:52:34.841+0000][1][safepoint    ] Total time for which application threads were stopped: 0.0001038 seconds, Stopping threads took: 0.0000109 seconds
[2019-12-09T01:52:34.845+0000][1][safepoint    ] Application time: 0.0035472 seconds
[2019-12-09T01:52:34.856+0000][1][safepoint    ] Entering safepoint region: RevokeBias
[2019-12-09T01:52:34.856+0000][1][safepoint    ] Leaving safepoint region
[2019-12-09T01:52:34.856+0000][1][safepoint    ] Total time for which application threads were stopped: 0.0111545 seconds, Stopping threads took: 0.0110463 seconds
[2019-12-09T01:52:34.856+0000][1][safepoint    ] Application time: 0.0002272 seconds
[2019-12-09T01:52:34.856+0000][1][safepoint    ] Entering safepoint region: RevokeBias
[2019-12-09T01:52:34.856+0000][1][safepoint    ] Leaving safepoint region
[2019-12-09T01:52:34.856+0000][1][safepoint    ] Total time for which application threads were stopped: 0.0000878 seconds, Stopping threads took: 0.0000090 seconds
[2019-12-09T01:52:34.862+0000][1][safepoint    ] Application time: 0.0053325 seconds
[2019-12-09T01:52:34.862+0000][1][safepoint    ] Entering safepoint region: RevokeBias
[2019-12-09T01:52:34.862+0000][1][safepoint    ] Leaving safepoint region
[2019-12-09T01:52:34.862+0000][1][safepoint    ] Total time for which application threads were stopped: 0.0000694 seconds, Stopping threads took: 0.0000388 seconds
[2019-12-09T01:52:34.867+0000][1][safepoint    ] Application time: 0.0055439 seconds
[2019-12-09T01:52:34.867+0000][1][safepoint    ] Entering safepoint region: RevokeBias
[2019-12-09T01:52:34.867+0000][1][safepoint    ] Leaving safepoint region
[2019-12-09T01:52:34.867+0000][1][safepoint    ] Total time for which application threads were stopped: 0.0000643 seconds, Stopping threads took: 0.0000360 seconds
[2019-12-09T01:52:34.874+0000][1][safepoint    ] Application time: 0.0068932 seconds
[2019-12-09T01:52:34.874+0000][1][safepoint    ] Entering safepoint region: RevokeBias
[2019-12-09T01:52:34.874+0000][1][safepoint    ] Leaving safepoint region
[2019-12-09T01:52:34.874+0000][1][safepoint    ] Total time for which application threads were stopped: 0.0000761 seconds, Stopping threads took: 0.0000388 seconds
[2019-12-09T01:52:35.310+0000][1][safepoint    ] Application time: 0.4351784 seconds
[2019-12-09T01:52:35.310+0000][1][safepoint    ] Entering safepoint region: RevokeBias
[2019-12-09T01:52:35.310+0000][1][safepoint    ] Leaving safepoint region
[2019-12-09T01:52:35.310+0000][1][safepoint    ] Total time for which application threads were stopped: 0.0001089 seconds, Stopping threads took: 0.0000155 seconds
[2019-12-09T01:52:35.821+0000][1][safepoint    ] Application time: 0.5115335 seconds
[2019-12-09T01:52:35.850+0000][1][safepoint    ] Entering safepoint region: RevokeBias
[2019-12-09T01:52:35.850+0000][1][safepoint    ] Leaving safepoint region
[2019-12-09T01:52:35.850+0000][1][safepoint    ] Total time for which application threads were stopped: 0.0289772 seconds, Stopping threads took: 0.0289136 seconds
[2019-12-09T01:52:35.857+0000][1][safepoint    ] Application time: 0.0065636 seconds
[2019-12-09T01:52:35.869+0000][1][safepoint    ] Entering safepoint region: RevokeBias
[2019-12-09T01:52:35.869+0000][1][safepoint    ] Leaving safepoint region
[2019-12-09T01:52:35.869+0000][1][safepoint    ] Total time for which application threads were stopped: 0.0122715 seconds, Stopping threads took: 0.0122129 seconds
[2019-12-09T01:52:35.997+0000][1][safepoint    ] Application time: 0.1279394 seconds
[2019-12-09T01:52:35.997+0000][1][safepoint    ] Entering safepoint region: GenCollectForAllocation
[2019-12-09T01:52:35.997+0000][1][gc,start     ] GC(20) Pause Young (Allocation Failure)
[2019-12-09T01:52:35.997+0000][1][gc,task      ] GC(20) Using 2 workers of 2 for evacuation
[2019-12-09T01:52:36.229+0000][1][gc,age       ] GC(20) Desired survivor size 4456448 bytes, new threshold 2 (max threshold 6)
[2019-12-09T01:52:36.229+0000][1][gc,age       ] GC(20) Age table with threshold 2 (max threshold 6)
[2019-12-09T01:52:36.229+0000][1][gc,age       ] GC(20) - age   1:    2824248 bytes,    2824248 total
[2019-12-09T01:52:36.229+0000][1][gc,age       ] GC(20) - age   2:    2468520 bytes,    5292768 total
[2019-12-09T01:52:36.229+0000][1][gc,heap      ] GC(20) ParNew: 77193K->7616K(78656K)
[2019-12-09T01:52:36.229+0000][1][gc,heap      ] GC(20) CMS: 54386K->57512K(174784K)
[2019-12-09T01:52:36.229+0000][1][gc,metaspace ] GC(20) Metaspace: 48387K->48387K(1093632K)
[2019-12-09T01:52:36.229+0000][1][gc           ] GC(20) Pause Young (Allocation Failure) 128M->63M(247M) 232.312ms
[2019-12-09T01:52:36.229+0000][1][gc,cpu       ] GC(20) User=0.06s Sys=0.00s Real=0.23s
[2019-12-09T01:52:36.230+0000][1][safepoint    ] Leaving safepoint region
[2019-12-09T01:52:36.230+0000][1][safepoint    ] Total time for which application threads were stopped: 0.2324497 seconds, Stopping threads took: 0.0000148 seconds
[2019-12-09T01:52:36.501+0000][1][safepoint    ] Application time: 0.2718256 seconds
[2019-12-09T01:52:36.501+0000][1][safepoint    ] Entering safepoint region: RevokeBias
[2019-12-09T01:52:36.502+0000][1][safepoint    ] Leaving safepoint region
[2019-12-09T01:52:36.502+0000][1][safepoint    ] Total time for which application threads were stopped: 0.0004839 seconds, Stopping threads took: 0.0000163 seconds
[2019-12-09T01:52:36.921+0000][1][safepoint    ] Application time: 0.4191198 seconds
[2019-12-09T01:52:36.921+0000][1][safepoint    ] Entering safepoint region: RevokeBias
[2019-12-09T01:52:36.921+0000][1][safepoint    ] Leaving safepoint region
[2019-12-09T01:52:36.921+0000][1][safepoint    ] Total time for which application threads were stopped: 0.0000801 seconds, Stopping threads took: 0.0000176 seconds
[2019-12-09T01:52:37.285+0000][1][safepoint    ] Application time: 0.3635700 seconds
[2019-12-09T01:52:37.285+0000][1][safepoint    ] Entering safepoint region: RevokeBias
[2019-12-09T01:52:37.285+0000][1][safepoint    ] Leaving safepoint region
[2019-12-09T01:52:37.285+0000][1][safepoint    ] Total time for which application threads were stopped: 0.0000730 seconds, Stopping threads took: 0.0000156 seconds
[2019-12-09T01:52:37.300+0000][1][safepoint    ] Application time: 0.0150409 seconds
[2019-12-09T01:52:37.300+0000][1][safepoint    ] Entering safepoint region: RevokeBias
[2019-12-09T01:52:37.300+0000][1][safepoint    ] Leaving safepoint region
[2019-12-09T01:52:37.300+0000][1][safepoint    ] Total time for which application threads were stopped: 0.0000681 seconds, Stopping threads took: 0.0000156 seconds
[2019-12-09T01:52:37.334+0000][1][safepoint    ] Application time: 0.0336055 seconds
[2019-12-09T01:52:37.334+0000][1][safepoint    ] Entering safepoint region: RevokeBias
[2019-12-09T01:52:37.334+0000][1][safepoint    ] Leaving safepoint region
[2019-12-09T01:52:37.334+0000][1][safepoint    ] Total time for which application threads were stopped: 0.0000648 seconds, Stopping threads took: 0.0000148 seconds
[2019-12-09T01:52:37.361+0000][1][safepoint    ] Application time: 0.0271025 seconds
[2019-12-09T01:52:37.361+0000][1][safepoint    ] Entering safepoint region: RevokeBias
[2019-12-09T01:52:37.361+0000][1][safepoint    ] Leaving safepoint region
[2019-12-09T01:52:37.361+0000][1][safepoint    ] Total time for which application threads were stopped: 0.0000717 seconds, Stopping threads took: 0.0000151 seconds
[2019-12-09T01:52:37.407+0000][1][safepoint    ] Application time: 0.0461160 seconds
[2019-12-09T01:52:37.407+0000][1][safepoint    ] Entering safepoint region: RevokeBias
[2019-12-09T01:52:37.407+0000][1][safepoint    ] Leaving safepoint region
[2019-12-09T01:52:37.407+0000][1][safepoint    ] Total time for which application threads were stopped: 0.0000667 seconds, Stopping threads took: 0.0000148 seconds
[2019-12-09T01:52:37.479+0000][1][safepoint    ] Application time: 0.0715681 seconds
[2019-12-09T01:52:37.479+0000][1][safepoint    ] Entering safepoint region: RevokeBias
[2019-12-09T01:52:37.479+0000][1][safepoint    ] Leaving safepoint region
[2019-12-09T01:52:37.479+0000][1][safepoint    ] Total time for which application threads were stopped: 0.0000817 seconds, Stopping threads took: 0.0000272 seconds
[2019-12-09T01:52:37.531+0000][1][safepoint    ] Application time: 0.0522337 seconds
[2019-12-09T01:52:37.531+0000][1][safepoint    ] Entering safepoint region: RevokeBias
[2019-12-09T01:52:37.531+0000][1][safepoint    ] Leaving safepoint region
[2019-12-09T01:52:37.531+0000][1][safepoint    ] Total time for which application threads were stopped: 0.0000638 seconds, Stopping threads took: 0.0000144 seconds
[2019-12-09T01:52:37.664+0000][1][safepoint    ] Application time: 0.1325296 seconds
[2019-12-09T01:52:37.664+0000][1][safepoint    ] Entering safepoint region: RevokeBias
[2019-12-09T01:52:37.664+0000][1][safepoint    ] Leaving safepoint region
[2019-12-09T01:52:37.664+0000][1][safepoint    ] Total time for which application threads were stopped: 0.0000677 seconds, Stopping threads took: 0.0000154 seconds
[2019-12-09T01:52:37.960+0000][1][safepoint    ] Application time: 0.2960269 seconds
[2019-12-09T01:52:37.960+0000][1][safepoint    ] Entering safepoint region: RevokeBias
[2019-12-09T01:52:37.960+0000][1][safepoint    ] Leaving safepoint region
[2019-12-09T01:52:37.960+0000][1][safepoint    ] Total time for which application threads were stopped: 0.0000699 seconds, Stopping threads took: 0.0000146 seconds
[2019-12-09T01:52:38.968+0000][1][safepoint    ] Application time: 1.0077868 seconds
[2019-12-09T01:52:38.968+0000][1][safepoint    ] Entering safepoint region: Cleanup
[2019-12-09T01:52:38.968+0000][1][safepoint    ] Leaving safepoint region
[2019-12-09T01:52:38.968+0000][1][safepoint    ] Total time for which application threads were stopped: 0.0006022 seconds, Stopping threads took: 0.0000864 seconds
[2019-12-09T01:52:39.462+0000][1][safepoint    ] Application time: 0.4933159 seconds
[2019-12-09T01:52:39.462+0000][1][safepoint    ] Entering safepoint region: RevokeBias
[2019-12-09T01:52:39.462+0000][1][safepoint    ] Leaving safepoint region
[2019-12-09T01:52:39.462+0000][1][safepoint    ] Total time for which application threads were stopped: 0.0000856 seconds, Stopping threads took: 0.0000148 seconds
[2019-12-09T01:52:40.463+0000][1][safepoint    ] Application time: 1.0008769 seconds
[2019-12-09T01:52:40.543+0000][1][safepoint    ] Entering safepoint region: Cleanup
[2019-12-09T01:52:40.543+0000][1][safepoint    ] Leaving safepoint region
[2019-12-09T01:52:40.543+0000][1][safepoint    ] Total time for which application threads were stopped: 0.0801497 seconds, Stopping threads took: 0.0800615 seconds
[2019-12-09T01:52:41.101+0000][1][safepoint    ] Application time: 0.5585044 seconds
[2019-12-09T01:52:41.101+0000][1][safepoint    ] Entering safepoint region: RevokeBias
[2019-12-09T01:52:41.102+0000][1][safepoint    ] Leaving safepoint region
[2019-12-09T01:52:41.102+0000][1][safepoint    ] Total time for which application threads were stopped: 0.0000896 seconds, Stopping threads took: 0.0000154 seconds
[2019-12-09T01:52:41.104+0000][1][safepoint    ] Application time: 0.0020816 seconds
[2019-12-09T01:52:41.104+0000][1][safepoint    ] Entering safepoint region: RevokeBias
[2019-12-09T01:52:41.104+0000][1][safepoint    ] Leaving safepoint region
[2019-12-09T01:52:41.104+0000][1][safepoint    ] Total time for which application threads were stopped: 0.0000854 seconds, Stopping threads took: 0.0000144 seconds
[2019-12-09T01:52:41.557+0000][1][safepoint    ] Application time: 0.4529757 seconds
[2019-12-09T01:52:41.557+0000][1][safepoint    ] Entering safepoint region: GenCollectForAllocation
[2019-12-09T01:52:41.557+0000][1][gc,start     ] GC(21) Pause Young (Allocation Failure)
[2019-12-09T01:52:41.557+0000][1][gc,task      ] GC(21) Using 2 workers of 2 for evacuation
[2019-12-09T01:52:41.816+0000][1][gc,age       ] GC(21) Desired survivor size 4456448 bytes, new threshold 6 (max threshold 6)
[2019-12-09T01:52:41.816+0000][1][gc,age       ] GC(21) Age table with threshold 6 (max threshold 6)
[2019-12-09T01:52:41.816+0000][1][gc,age       ] GC(21) - age   1:    1626984 bytes,    1626984 total
[2019-12-09T01:52:41.816+0000][1][gc,age       ] GC(21) - age   2:    2756856 bytes,    4383840 total
[2019-12-09T01:52:41.816+0000][1][gc,heap      ] GC(21) ParNew: 77568K->5145K(78656K)
[2019-12-09T01:52:41.816+0000][1][gc,heap      ] GC(21) CMS: 57512K->59988K(174784K)
[2019-12-09T01:52:41.816+0000][1][gc,metaspace ] GC(21) Metaspace: 56086K->56086K(1099776K)
[2019-12-09T01:52:41.816+0000][1][gc           ] GC(21) Pause Young (Allocation Failure) 131M->63M(247M) 259.003ms
[2019-12-09T01:52:41.816+0000][1][gc,cpu       ] GC(21) User=0.07s Sys=0.00s Real=0.26s
[2019-12-09T01:52:41.816+0000][1][safepoint    ] Leaving safepoint region
[2019-12-09T01:52:41.816+0000][1][safepoint    ] Total time for which application threads were stopped: 0.2591519 seconds, Stopping threads took: 0.0000151 seconds
[2019-12-09T01:52:42.787+0000][1][safepoint    ] Application time: 0.9710148 seconds
[2019-12-09T01:52:42.787+0000][1][safepoint    ] Entering safepoint region: Deoptimize
[2019-12-09T01:52:42.788+0000][1][safepoint    ] Leaving safepoint region
[2019-12-09T01:52:42.788+0000][1][safepoint    ] Total time for which application threads were stopped: 0.0006644 seconds, Stopping threads took: 0.0000133 seconds
[2019-12-09T01:52:42.873+0000][1][safepoint    ] Application time: 0.0852099 seconds
[2019-12-09T01:52:42.873+0000][1][safepoint    ] Entering safepoint region: RevokeBias
[2019-12-09T01:52:42.873+0000][1][safepoint    ] Leaving safepoint region
[2019-12-09T01:52:42.873+0000][1][safepoint    ] Total time for which application threads were stopped: 0.0000824 seconds, Stopping threads took: 0.0000156 seconds
[2019-12-09T01:52:42.873+0000][1][safepoint    ] Application time: 0.0005329 seconds
[2019-12-09T01:52:42.874+0000][1][safepoint    ] Entering safepoint region: RevokeBias
[2019-12-09T01:52:42.874+0000][1][safepoint    ] Leaving safepoint region
[2019-12-09T01:52:42.874+0000][1][safepoint    ] Total time for which application threads were stopped: 0.0000541 seconds, Stopping threads took: 0.0000116 seconds
[2019-12-09T01:52:42.874+0000][1][safepoint    ] Application time: 0.0003049 seconds
[2019-12-09T01:52:42.874+0000][1][safepoint    ] Entering safepoint region: BulkRevokeBias
[2019-12-09T01:52:42.874+0000][1][safepoint    ] Leaving safepoint region
[2019-12-09T01:52:42.874+0000][1][safepoint    ] Total time for which application threads were stopped: 0.0001763 seconds, Stopping threads took: 0.0000117 seconds
[2019-12-09T01:52:42.933+0000][1][safepoint    ] Application time: 0.0589355 seconds
[2019-12-09T01:52:42.933+0000][1][safepoint    ] Entering safepoint region: RevokeBias
[2019-12-09T01:52:42.933+0000][1][safepoint    ] Leaving safepoint region
[2019-12-09T01:52:42.933+0000][1][safepoint    ] Total time for which application threads were stopped: 0.0001306 seconds, Stopping threads took: 0.0000139 seconds
[2019-12-09T01:52:42.933+0000][1][safepoint    ] Application time: 0.0000652 seconds
[2019-12-09T01:52:42.933+0000][1][safepoint    ] Entering safepoint region: RevokeBias
[2019-12-09T01:52:42.933+0000][1][safepoint    ] Leaving safepoint region
[2019-12-09T01:52:42.933+0000][1][safepoint    ] Total time for which application threads were stopped: 0.0000710 seconds, Stopping threads took: 0.0000085 seconds
[2019-12-09T01:52:42.934+0000][1][safepoint    ] Application time: 0.0001724 seconds
[2019-12-09T01:52:42.934+0000][1][safepoint    ] Entering safepoint region: RevokeBias
[2019-12-09T01:52:42.934+0000][1][safepoint    ] Leaving safepoint region
[2019-12-09T01:52:42.934+0000][1][safepoint    ] Total time for which application threads were stopped: 0.0000992 seconds, Stopping threads took: 0.0000098 seconds
[2019-12-09T01:52:43.947+0000][1][safepoint    ] Application time: 1.0130791 seconds
[2019-12-09T01:52:43.962+0000][1][safepoint    ] Entering safepoint region: Cleanup
[2019-12-09T01:52:43.968+0000][1][safepoint    ] Leaving safepoint region
[2019-12-09T01:52:43.968+0000][1][safepoint    ] Total time for which application threads were stopped: 0.0212067 seconds, Stopping threads took: 0.0150015 seconds
[2019-12-09T01:52:44.981+0000][1][safepoint    ] Application time: 1.0127606 seconds
[2019-12-09T01:52:45.023+0000][1][safepoint    ] Entering safepoint region: Cleanup
[2019-12-09T01:52:45.023+0000][1][safepoint    ] Leaving safepoint region
[2019-12-09T01:52:45.023+0000][1][safepoint    ] Total time for which application threads were stopped: 0.0421169 seconds, Stopping threads took: 0.0420147 seconds
[2019-12-09T01:52:45.221+0000][1][safepoint    ] Application time: 0.1978509 seconds
[2019-12-09T01:52:45.221+0000][1][safepoint    ] Entering safepoint region: Deoptimize
[2019-12-09T01:52:45.221+0000][1][safepoint    ] Leaving safepoint region
[2019-12-09T01:52:45.221+0000][1][safepoint    ] Total time for which application threads were stopped: 0.0007058 seconds, Stopping threads took: 0.0000276 seconds
[2019-12-09T01:52:46.223+0000][1][safepoint    ] Application time: 1.0012496 seconds
[2019-12-09T01:52:46.252+0000][1][safepoint    ] Entering safepoint region: Cleanup
[2019-12-09T01:52:46.252+0000][1][safepoint    ] Leaving safepoint region
[2019-12-09T01:52:46.252+0000][1][safepoint    ] Total time for which application threads were stopped: 0.0290744 seconds, Stopping threads took: 0.0290015 seconds
[2019-12-09T01:52:47.253+0000][1][safepoint    ] Application time: 1.0008918 seconds
[2019-12-09T01:52:47.253+0000][1][safepoint    ] Entering safepoint region: Cleanup
[2019-12-09T01:52:47.253+0000][1][safepoint    ] Leaving safepoint region
[2019-12-09T01:52:47.253+0000][1][safepoint    ] Total time for which application threads were stopped: 0.0002833 seconds, Stopping threads took: 0.0002213 seconds
[2019-12-09T01:52:48.257+0000][1][safepoint    ] Application time: 1.0042345 seconds
[2019-12-09T01:52:48.326+0000][1][safepoint    ] Entering safepoint region: Cleanup
[2019-12-09T01:52:48.326+0000][1][safepoint    ] Leaving safepoint region
[2019-12-09T01:52:48.326+0000][1][safepoint    ] Total time for which application threads were stopped: 0.0686112 seconds, Stopping threads took: 0.0685511 seconds
[2019-12-09T01:52:48.401+0000][1][safepoint    ] Application time: 0.0748287 seconds
[2019-12-09T01:52:48.401+0000][1][safepoint    ] Entering safepoint region: RevokeBias
[2019-12-09T01:52:48.401+0000][1][safepoint    ] Leaving safepoint region
[2019-12-09T01:52:48.401+0000][1][safepoint    ] Total time for which application threads were stopped: 0.0000688 seconds, Stopping threads took: 0.0000142 seconds
[2019-12-09T01:52:48.762+0000][1][safepoint    ] Application time: 0.3614141 seconds
[2019-12-09T01:52:48.762+0000][1][safepoint    ] Entering safepoint region: GenCollectForAllocation
[2019-12-09T01:52:48.762+0000][1][gc,start     ] GC(22) Pause Young (Allocation Failure)
[2019-12-09T01:52:48.762+0000][1][gc,task      ] GC(22) Using 2 workers of 2 for evacuation
[2019-12-09T01:52:48.892+0000][1][gc,age       ] GC(22) Desired survivor size 4456448 bytes, new threshold 2 (max threshold 6)
[2019-12-09T01:52:48.892+0000][1][gc,age       ] GC(22) Age table with threshold 2 (max threshold 6)
[2019-12-09T01:52:48.892+0000][1][gc,age       ] GC(22) - age   1:    3657800 bytes,    3657800 total
[2019-12-09T01:52:48.892+0000][1][gc,age       ] GC(22) - age   2:    1533032 bytes,    5190832 total
[2019-12-09T01:52:48.892+0000][1][gc,age       ] GC(22) - age   3:    2733728 bytes,    7924560 total
[2019-12-09T01:52:48.892+0000][1][gc,heap      ] GC(22) ParNew: 75097K->8704K(78656K)
[2019-12-09T01:52:48.892+0000][1][gc,heap      ] GC(22) CMS: 59988K->59988K(174784K)
[2019-12-09T01:52:48.892+0000][1][gc,metaspace ] GC(22) Metaspace: 63214K->63214K(1107968K)
[2019-12-09T01:52:48.892+0000][1][gc           ] GC(22) Pause Young (Allocation Failure) 131M->67M(247M) 129.407ms
[2019-12-09T01:52:48.892+0000][1][gc,cpu       ] GC(22) User=0.04s Sys=0.00s Real=0.13s
[2019-12-09T01:52:48.892+0000][1][safepoint    ] Leaving safepoint region
[2019-12-09T01:52:48.892+0000][1][safepoint    ] Total time for which application threads were stopped: 0.1295545 seconds, Stopping threads took: 0.0000152 seconds
[2019-12-09T01:52:49.289+0000][1][safepoint    ] Application time: 0.3969792 seconds
[2019-12-09T01:52:49.289+0000][1][safepoint    ] Entering safepoint region: Deoptimize
[2019-12-09T01:52:49.290+0000][1][safepoint    ] Leaving safepoint region
[2019-12-09T01:52:49.290+0000][1][safepoint    ] Total time for which application threads were stopped: 0.0008500 seconds, Stopping threads took: 0.0001993 seconds
[2019-12-09T01:52:49.364+0000][1][safepoint    ] Application time: 0.0739928 seconds
[2019-12-09T01:52:49.364+0000][1][safepoint    ] Entering safepoint region: BulkRevokeBias
[2019-12-09T01:52:49.364+0000][1][safepoint    ] Leaving safepoint region
[2019-12-09T01:52:49.364+0000][1][safepoint    ] Total time for which application threads were stopped: 0.0002065 seconds, Stopping threads took: 0.0000172 seconds
[2019-12-09T01:52:49.365+0000][1][safepoint    ] Application time: 0.0008047 seconds
[2019-12-09T01:52:49.366+0000][1][safepoint    ] Entering safepoint region: RevokeBias
[2019-12-09T01:52:49.366+0000][1][safepoint    ] Leaving safepoint region
[2019-12-09T01:52:49.366+0000][1][safepoint    ] Total time for which application threads were stopped: 0.0010242 seconds, Stopping threads took: 0.0009482 seconds
[2019-12-09T01:52:49.366+0000][1][safepoint    ] Application time: 0.0000906 seconds
[2019-12-09T01:52:49.366+0000][1][safepoint    ] Entering safepoint region: RevokeBias
[2019-12-09T01:52:49.366+0000][1][safepoint    ] Leaving safepoint region
[2019-12-09T01:52:49.366+0000][1][safepoint    ] Total time for which application threads were stopped: 0.0000595 seconds, Stopping threads took: 0.0000102 seconds
[2019-12-09T01:52:49.366+0000][1][safepoint    ] Application time: 0.0000607 seconds
[2019-12-09T01:52:49.366+0000][1][safepoint    ] Entering safepoint region: RevokeBias
[2019-12-09T01:52:49.366+0000][1][safepoint    ] Leaving safepoint region
[2019-12-09T01:52:49.366+0000][1][safepoint    ] Total time for which application threads were stopped: 0.0000449 seconds, Stopping threads took: 0.0000092 seconds
[2019-12-09T01:52:49.366+0000][1][safepoint    ] Application time: 0.0000583 seconds
[2019-12-09T01:52:49.366+0000][1][safepoint    ] Entering safepoint region: RevokeBias
[2019-12-09T01:52:49.366+0000][1][safepoint    ] Leaving safepoint region
[2019-12-09T01:52:49.366+0000][1][safepoint    ] Total time for which application threads were stopped: 0.0000433 seconds, Stopping threads took: 0.0000086 seconds
[2019-12-09T01:52:49.366+0000][1][safepoint    ] Application time: 0.0000621 seconds
[2019-12-09T01:52:49.366+0000][1][safepoint    ] Entering safepoint region: RevokeBias
[2019-12-09T01:52:49.366+0000][1][safepoint    ] Leaving safepoint region
[2019-12-09T01:52:49.366+0000][1][safepoint    ] Total time for which application threads were stopped: 0.0000448 seconds, Stopping threads took: 0.0000089 seconds
[2019-12-09T01:52:49.366+0000][1][safepoint    ] Application time: 0.0000596 seconds
[2019-12-09T01:52:49.366+0000][1][safepoint    ] Entering safepoint region: RevokeBias
[2019-12-09T01:52:49.366+0000][1][safepoint    ] Leaving safepoint region
[2019-12-09T01:52:49.366+0000][1][safepoint    ] Total time for which application threads were stopped: 0.0000447 seconds, Stopping threads took: 0.0000079 seconds
[2019-12-09T01:52:49.367+0000][1][safepoint    ] Application time: 0.0000629 seconds
[2019-12-09T01:52:49.367+0000][1][safepoint    ] Entering safepoint region: RevokeBias
[2019-12-09T01:52:49.367+0000][1][safepoint    ] Leaving safepoint region
[2019-12-09T01:52:49.367+0000][1][safepoint    ] Total time for which application threads were stopped: 0.0000441 seconds, Stopping threads took: 0.0000092 seconds
[2019-12-09T01:52:49.369+0000][1][safepoint    ] Application time: 0.0026194 seconds
[2019-12-09T01:52:49.369+0000][1][safepoint    ] Entering safepoint region: RevokeBias
[2019-12-09T01:52:49.369+0000][1][safepoint    ] Leaving safepoint region
[2019-12-09T01:52:49.369+0000][1][safepoint    ] Total time for which application threads were stopped: 0.0000586 seconds, Stopping threads took: 0.0000119 seconds
[2019-12-09T01:52:49.370+0000][1][safepoint    ] Application time: 0.0004697 seconds
[2019-12-09T01:52:49.370+0000][1][safepoint    ] Entering safepoint region: RevokeBias
[2019-12-09T01:52:49.370+0000][1][safepoint    ] Leaving safepoint region
[2019-12-09T01:52:49.370+0000][1][safepoint    ] Total time for which application threads were stopped: 0.0000641 seconds, Stopping threads took: 0.0000107 seconds
[2019-12-09T01:52:49.370+0000][1][safepoint    ] Application time: 0.0000618 seconds
[2019-12-09T01:52:49.370+0000][1][safepoint    ] Entering safepoint region: RevokeBias
[2019-12-09T01:52:49.370+0000][1][safepoint    ] Leaving safepoint region
[2019-12-09T01:52:49.370+0000][1][safepoint    ] Total time for which application threads were stopped: 0.0000504 seconds, Stopping threads took: 0.0000089 seconds
[2019-12-09T01:52:49.370+0000][1][safepoint    ] Application time: 0.0003755 seconds
[2019-12-09T01:52:49.370+0000][1][safepoint    ] Entering safepoint region: RevokeBias
[2019-12-09T01:52:49.370+0000][1][safepoint    ] Leaving safepoint region
[2019-12-09T01:52:49.370+0000][1][safepoint    ] Total time for which application threads were stopped: 0.0000576 seconds, Stopping threads took: 0.0000107 seconds
[2019-12-09T01:52:49.371+0000][1][safepoint    ] Application time: 0.0002273 seconds
[2019-12-09T01:52:49.371+0000][1][safepoint    ] Entering safepoint region: RevokeBias
[2019-12-09T01:52:49.371+0000][1][safepoint    ] Leaving safepoint region
[2019-12-09T01:52:49.371+0000][1][safepoint    ] Total time for which application threads were stopped: 0.0000581 seconds, Stopping threads took: 0.0000103 seconds
[2019-12-09T01:52:49.371+0000][1][safepoint    ] Application time: 0.0000606 seconds
[2019-12-09T01:52:49.371+0000][1][safepoint    ] Entering safepoint region: RevokeBias
[2019-12-09T01:52:49.371+0000][1][safepoint    ] Leaving safepoint region
[2019-12-09T01:52:49.371+0000][1][safepoint    ] Total time for which application threads were stopped: 0.0000487 seconds, Stopping threads took: 0.0000085 seconds
[2019-12-09T01:52:49.377+0000][1][safepoint    ] Application time: 0.0058392 seconds
[2019-12-09T01:52:49.377+0000][1][safepoint    ] Entering safepoint region: RevokeBias
[2019-12-09T01:52:49.377+0000][1][safepoint    ] Leaving safepoint region
[2019-12-09T01:52:49.377+0000][1][safepoint    ] Total time for which application threads were stopped: 0.0000733 seconds, Stopping threads took: 0.0000129 seconds
[2019-12-09T01:52:49.377+0000][1][safepoint    ] Application time: 0.0001038 seconds
[2019-12-09T01:52:49.377+0000][1][safepoint    ] Entering safepoint region: RevokeBias
[2019-12-09T01:52:49.377+0000][1][safepoint    ] Leaving safepoint region
[2019-12-09T01:52:49.377+0000][1][safepoint    ] Total time for which application threads were stopped: 0.0000532 seconds, Stopping threads took: 0.0000093 seconds
[2019-12-09T01:52:49.384+0000][1][safepoint    ] Application time: 0.0066847 seconds
[2019-12-09T01:52:49.384+0000][1][safepoint    ] Entering safepoint region: Deoptimize
[2019-12-09T01:52:49.384+0000][1][safepoint    ] Leaving safepoint region
[2019-12-09T01:52:49.384+0000][1][safepoint    ] Total time for which application threads were stopped: 0.0006579 seconds, Stopping threads took: 0.0000121 seconds
[2019-12-09T01:52:49.385+0000][1][safepoint    ] Application time: 0.0005558 seconds
[2019-12-09T01:52:49.385+0000][1][safepoint    ] Entering safepoint region: RevokeBias
[2019-12-09T01:52:49.385+0000][1][safepoint    ] Leaving safepoint region
[2019-12-09T01:52:49.385+0000][1][safepoint    ] Total time for which application threads were stopped: 0.0000440 seconds, Stopping threads took: 0.0000106 seconds
[2019-12-09T01:52:49.445+0000][1][safepoint    ] Application time: 0.0603483 seconds
[2019-12-09T01:52:49.445+0000][1][safepoint    ] Entering safepoint region: RevokeBias
[2019-12-09T01:52:49.446+0000][1][safepoint    ] Leaving safepoint region
[2019-12-09T01:52:49.446+0000][1][safepoint    ] Total time for which application threads were stopped: 0.0000994 seconds, Stopping threads took: 0.0000146 seconds
[2019-12-09T01:52:49.528+0000][1][safepoint    ] Application time: 0.0828856 seconds
[2019-12-09T01:52:49.544+0000][1][safepoint    ] Entering safepoint region: RevokeBias
[2019-12-09T01:52:49.544+0000][1][safepoint    ] Leaving safepoint region
[2019-12-09T01:52:49.544+0000][1][safepoint    ] Total time for which application threads were stopped: 0.0154383 seconds, Stopping threads took: 0.0153760 seconds
[2019-12-09T01:52:49.544+0000][1][safepoint    ] Application time: 0.0001297 seconds
[2019-12-09T01:52:49.544+0000][1][safepoint    ] Entering safepoint region: RevokeBias
[2019-12-09T01:52:49.544+0000][1][safepoint    ] Leaving safepoint region
[2019-12-09T01:52:49.544+0000][1][safepoint    ] Total time for which application threads were stopped: 0.0000433 seconds, Stopping threads took: 0.0000088 seconds
[2019-12-09T01:52:49.544+0000][1][safepoint    ] Application time: 0.0000720 seconds
[2019-12-09T01:52:49.544+0000][1][safepoint    ] Entering safepoint region: RevokeBias
[2019-12-09T01:52:49.544+0000][1][safepoint    ] Leaving safepoint region
[2019-12-09T01:52:49.544+0000][1][safepoint    ] Total time for which application threads were stopped: 0.0000357 seconds, Stopping threads took: 0.0000081 seconds
[2019-12-09T01:52:49.545+0000][1][safepoint    ] Application time: 0.0011812 seconds
[2019-12-09T01:52:49.545+0000][1][safepoint    ] Entering safepoint region: RevokeBias
[2019-12-09T01:52:49.546+0000][1][safepoint    ] Leaving safepoint region
[2019-12-09T01:52:49.546+0000][1][safepoint    ] Total time for which application threads were stopped: 0.0001039 seconds, Stopping threads took: 0.0000125 seconds
[2019-12-09T01:52:49.551+0000][1][safepoint    ] Application time: 0.0052872 seconds
[2019-12-09T01:52:49.593+0000][1][safepoint    ] Entering safepoint region: RevokeBias
[2019-12-09T01:52:49.594+0000][1][safepoint    ] Leaving safepoint region
[2019-12-09T01:52:49.594+0000][1][safepoint    ] Total time for which application threads were stopped: 0.0427489 seconds, Stopping threads took: 0.0426400 seconds
[2019-12-09T01:52:49.594+0000][1][safepoint    ] Application time: 0.0004166 seconds
[2019-12-09T01:52:49.594+0000][1][safepoint    ] Entering safepoint region: RevokeBias
[2019-12-09T01:52:49.594+0000][1][safepoint    ] Leaving safepoint region
[2019-12-09T01:52:49.594+0000][1][safepoint    ] Total time for which application threads were stopped: 0.0000999 seconds, Stopping threads took: 0.0000122 seconds
[2019-12-09T01:52:49.594+0000][1][safepoint    ] Application time: 0.0000610 seconds
[2019-12-09T01:52:49.594+0000][1][safepoint    ] Entering safepoint region: RevokeBias
[2019-12-09T01:52:49.594+0000][1][safepoint    ] Leaving safepoint region
[2019-12-09T01:52:49.594+0000][1][safepoint    ] Total time for which application threads were stopped: 0.0000716 seconds, Stopping threads took: 0.0000089 seconds
[2019-12-09T01:52:49.594+0000][1][safepoint    ] Application time: 0.0000562 seconds
[2019-12-09T01:52:49.594+0000][1][safepoint    ] Entering safepoint region: RevokeBias
[2019-12-09T01:52:49.594+0000][1][safepoint    ] Leaving safepoint region
[2019-12-09T01:52:49.594+0000][1][safepoint    ] Total time for which application threads were stopped: 0.0000694 seconds, Stopping threads took: 0.0000077 seconds
[2019-12-09T01:52:49.605+0000][1][safepoint    ] Application time: 0.0102002 seconds
[2019-12-09T01:52:49.612+0000][1][safepoint    ] Entering safepoint region: RevokeBias
[2019-12-09T01:52:49.612+0000][1][safepoint    ] Leaving safepoint region
[2019-12-09T01:52:49.612+0000][1][safepoint    ] Total time for which application threads were stopped: 0.0078246 seconds, Stopping threads took: 0.0077288 seconds
[2019-12-09T01:52:49.613+0000][1][safepoint    ] Application time: 0.0000887 seconds
[2019-12-09T01:52:49.613+0000][1][safepoint    ] Entering safepoint region: RevokeBias
[2019-12-09T01:52:49.613+0000][1][safepoint    ] Leaving safepoint region
[2019-12-09T01:52:49.613+0000][1][safepoint    ] Total time for which application threads were stopped: 0.0001066 seconds, Stopping threads took: 0.0000099 seconds
[2019-12-09T01:52:49.629+0000][1][safepoint    ] Application time: 0.0158728 seconds
[2019-12-09T01:52:49.660+0000][1][safepoint    ] Entering safepoint region: RevokeBias
[2019-12-09T01:52:49.660+0000][1][safepoint    ] Leaving safepoint region
[2019-12-09T01:52:49.660+0000][1][safepoint    ] Total time for which application threads were stopped: 0.0312568 seconds, Stopping threads took: 0.0311260 seconds
[2019-12-09T01:52:49.660+0000][1][safepoint    ] Application time: 0.0000847 seconds
[2019-12-09T01:52:49.660+0000][1][safepoint    ] Entering safepoint region: RevokeBias
[2019-12-09T01:52:49.660+0000][1][safepoint    ] Leaving safepoint region
[2019-12-09T01:52:49.660+0000][1][safepoint    ] Total time for which application threads were stopped: 0.0000901 seconds, Stopping threads took: 0.0000107 seconds
[2019-12-09T01:52:49.661+0000][1][safepoint    ] Application time: 0.0007449 seconds
[2019-12-09T01:52:49.661+0000][1][safepoint    ] Entering safepoint region: RevokeBias
[2019-12-09T01:52:49.661+0000][1][safepoint    ] Leaving safepoint region
[2019-12-09T01:52:49.661+0000][1][safepoint    ] Total time for which application threads were stopped: 0.0000964 seconds, Stopping threads took: 0.0000115 seconds
[2019-12-09T01:52:49.661+0000][1][safepoint    ] Application time: 0.0001140 seconds
[2019-12-09T01:52:49.661+0000][1][safepoint    ] Entering safepoint region: RevokeBias
[2019-12-09T01:52:49.661+0000][1][safepoint    ] Leaving safepoint region
[2019-12-09T01:52:49.661+0000][1][safepoint    ] Total time for which application threads were stopped: 0.0000863 seconds, Stopping threads took: 0.0000100 seconds
[2019-12-09T01:52:49.661+0000][1][safepoint    ] Application time: 0.0000622 seconds
[2019-12-09T01:52:49.661+0000][1][safepoint    ] Entering safepoint region: RevokeBias
[2019-12-09T01:52:49.661+0000][1][safepoint    ] Leaving safepoint region
[2019-12-09T01:52:49.661+0000][1][safepoint    ] Total time for which application threads were stopped: 0.0000805 seconds, Stopping threads took: 0.0000085 seconds
[2019-12-09T01:52:49.662+0000][1][safepoint    ] Application time: 0.0006295 seconds
[2019-12-09T01:52:49.662+0000][1][safepoint    ] Entering safepoint region: RevokeBias
[2019-12-09T01:52:49.662+0000][1][safepoint    ] Leaving safepoint region
[2019-12-09T01:52:49.662+0000][1][safepoint    ] Total time for which application threads were stopped: 0.0001260 seconds, Stopping threads took: 0.0000462 seconds
[2019-12-09T01:52:49.693+0000][1][safepoint    ] Application time: 0.0304871 seconds
[2019-12-09T01:52:49.705+0000][1][safepoint    ] Entering safepoint region: RevokeBias
[2019-12-09T01:52:49.705+0000][1][safepoint    ] Leaving safepoint region
[2019-12-09T01:52:49.705+0000][1][safepoint    ] Total time for which application threads were stopped: 0.0124405 seconds, Stopping threads took: 0.0123666 seconds
[2019-12-09T01:52:49.705+0000][1][safepoint    ] Application time: 0.0001524 seconds
[2019-12-09T01:52:49.705+0000][1][safepoint    ] Entering safepoint region: RevokeBias
[2019-12-09T01:52:49.705+0000][1][safepoint    ] Leaving safepoint region
[2019-12-09T01:52:49.705+0000][1][safepoint    ] Total time for which application threads were stopped: 0.0000519 seconds, Stopping threads took: 0.0000111 seconds
[2019-12-09T01:52:49.705+0000][1][safepoint    ] Application time: 0.0001157 seconds
[2019-12-09T01:52:49.705+0000][1][safepoint    ] Entering safepoint region: RevokeBias
[2019-12-09T01:52:49.706+0000][1][safepoint    ] Leaving safepoint region
[2019-12-09T01:52:49.706+0000][1][safepoint    ] Total time for which application threads were stopped: 0.0001637 seconds, Stopping threads took: 0.0000094 seconds
[2019-12-09T01:52:49.713+0000][1][safepoint    ] Application time: 0.0076392 seconds
[2019-12-09T01:52:49.713+0000][1][safepoint    ] Entering safepoint region: RevokeBias
[2019-12-09T01:52:49.713+0000][1][safepoint    ] Leaving safepoint region
[2019-12-09T01:52:49.713+0000][1][safepoint    ] Total time for which application threads were stopped: 0.0001256 seconds, Stopping threads took: 0.0000129 seconds
[2019-12-09T01:52:49.713+0000][1][safepoint    ] Application time: 0.0000572 seconds
[2019-12-09T01:52:49.713+0000][1][safepoint    ] Entering safepoint region: RevokeBias
[2019-12-09T01:52:49.714+0000][1][safepoint    ] Leaving safepoint region
[2019-12-09T01:52:49.714+0000][1][safepoint    ] Total time for which application threads were stopped: 0.0000767 seconds, Stopping threads took: 0.0000095 seconds
[2019-12-09T01:52:49.780+0000][1][safepoint    ] Application time: 0.0665605 seconds
[2019-12-09T01:52:49.830+0000][1][safepoint    ] Entering safepoint region: RevokeBias
[2019-12-09T01:52:49.830+0000][1][safepoint    ] Leaving safepoint region
[2019-12-09T01:52:49.830+0000][1][safepoint    ] Total time for which application threads were stopped: 0.0498786 seconds, Stopping threads took: 0.0497851 seconds
[2019-12-09T01:52:49.832+0000][1][safepoint    ] Application time: 0.0023145 seconds
[2019-12-09T01:52:49.832+0000][1][safepoint    ] Entering safepoint region: RevokeBias
[2019-12-09T01:52:49.832+0000][1][safepoint    ] Leaving safepoint region
[2019-12-09T01:52:49.832+0000][1][safepoint    ] Total time for which application threads were stopped: 0.0000771 seconds, Stopping threads took: 0.0000143 seconds
[2019-12-09T01:52:49.834+0000][1][safepoint    ] Application time: 0.0013146 seconds
[2019-12-09T01:52:49.839+0000][1][safepoint    ] Entering safepoint region: RevokeBias
[2019-12-09T01:52:49.839+0000][1][safepoint    ] Leaving safepoint region
[2019-12-09T01:52:49.839+0000][1][safepoint    ] Total time for which application threads were stopped: 0.0050934 seconds, Stopping threads took: 0.0050383 seconds
[2019-12-09T01:52:49.839+0000][1][safepoint    ] Application time: 0.0005962 seconds
[2019-12-09T01:52:49.840+0000][1][safepoint    ] Entering safepoint region: RevokeBias
[2019-12-09T01:52:49.840+0000][1][safepoint    ] Leaving safepoint region
[2019-12-09T01:52:49.840+0000][1][safepoint    ] Total time for which application threads were stopped: 0.0000585 seconds, Stopping threads took: 0.0000109 seconds
[2019-12-09T01:52:49.840+0000][1][safepoint    ] Application time: 0.0000802 seconds
[2019-12-09T01:52:49.840+0000][1][safepoint    ] Entering safepoint region: RevokeBias
[2019-12-09T01:52:49.840+0000][1][safepoint    ] Leaving safepoint region
[2019-12-09T01:52:49.840+0000][1][safepoint    ] Total time for which application threads were stopped: 0.0000626 seconds, Stopping threads took: 0.0000088 seconds
[2019-12-09T01:52:49.862+0000][1][safepoint    ] Application time: 0.0222131 seconds
[2019-12-09T01:52:49.862+0000][1][safepoint    ] Entering safepoint region: RevokeBias
[2019-12-09T01:52:49.862+0000][1][safepoint    ] Leaving safepoint region
[2019-12-09T01:52:49.862+0000][1][safepoint    ] Total time for which application threads were stopped: 0.0001908 seconds, Stopping threads took: 0.0001003 seconds
[2019-12-09T01:52:49.863+0000][1][safepoint    ] Application time: 0.0010220 seconds
[2019-12-09T01:52:49.863+0000][1][safepoint    ] Entering safepoint region: RevokeBias
[2019-12-09T01:52:49.863+0000][1][safepoint    ] Leaving safepoint region
[2019-12-09T01:52:49.863+0000][1][safepoint    ] Total time for which application threads were stopped: 0.0000681 seconds, Stopping threads took: 0.0000121 seconds
[2019-12-09T01:52:49.925+0000][1][safepoint    ] Application time: 0.0614767 seconds
[2019-12-09T01:52:49.955+0000][1][safepoint    ] Entering safepoint region: RevokeBias
[2019-12-09T01:52:49.955+0000][1][safepoint    ] Leaving safepoint region
[2019-12-09T01:52:49.955+0000][1][safepoint    ] Total time for which application threads were stopped: 0.0301797 seconds, Stopping threads took: 0.0301001 seconds
[2019-12-09T01:52:49.966+0000][1][safepoint    ] Application time: 0.0105897 seconds
[2019-12-09T01:52:49.966+0000][1][safepoint    ] Entering safepoint region: RevokeBias
[2019-12-09T01:52:49.966+0000][1][safepoint    ] Leaving safepoint region
[2019-12-09T01:52:49.966+0000][1][safepoint    ] Total time for which application threads were stopped: 0.0007847 seconds, Stopping threads took: 0.0006431 seconds
[2019-12-09T01:52:49.967+0000][1][safepoint    ] Application time: 0.0004356 seconds
[2019-12-09T01:52:49.967+0000][1][safepoint    ] Entering safepoint region: RevokeBias
[2019-12-09T01:52:49.967+0000][1][safepoint    ] Leaving safepoint region
[2019-12-09T01:52:49.967+0000][1][safepoint    ] Total time for which application threads were stopped: 0.0000822 seconds, Stopping threads took: 0.0000134 seconds
[2019-12-09T01:52:49.967+0000][1][safepoint    ] Application time: 0.0001033 seconds
[2019-12-09T01:52:49.967+0000][1][safepoint    ] Entering safepoint region: RevokeBias
[2019-12-09T01:52:49.967+0000][1][safepoint    ] Leaving safepoint region
[2019-12-09T01:52:49.967+0000][1][safepoint    ] Total time for which application threads were stopped: 0.0000476 seconds, Stopping threads took: 0.0000085 seconds
[2019-12-09T01:52:49.967+0000][1][safepoint    ] Application time: 0.0000736 seconds
[2019-12-09T01:52:49.967+0000][1][safepoint    ] Entering safepoint region: RevokeBias
[2019-12-09T01:52:49.967+0000][1][safepoint    ] Leaving safepoint region
[2019-12-09T01:52:49.967+0000][1][safepoint    ] Total time for which application threads were stopped: 0.0000466 seconds, Stopping threads took: 0.0000085 seconds
[2019-12-09T01:52:49.968+0000][1][safepoint    ] Application time: 0.0011464 seconds
[2019-12-09T01:52:49.968+0000][1][safepoint    ] Entering safepoint region: RevokeBias
[2019-12-09T01:52:49.968+0000][1][safepoint    ] Leaving safepoint region
[2019-12-09T01:52:49.968+0000][1][safepoint    ] Total time for which application threads were stopped: 0.0000622 seconds, Stopping threads took: 0.0000113 seconds
[2019-12-09T01:52:49.969+0000][1][safepoint    ] Application time: 0.0001433 seconds
[2019-12-09T01:52:49.969+0000][1][safepoint    ] Entering safepoint region: RevokeBias
[2019-12-09T01:52:49.969+0000][1][safepoint    ] Leaving safepoint region
[2019-12-09T01:52:49.969+0000][1][safepoint    ] Total time for which application threads were stopped: 0.0000716 seconds, Stopping threads took: 0.0000091 seconds
[2019-12-09T01:52:49.969+0000][1][safepoint    ] Application time: 0.0004868 seconds
[2019-12-09T01:52:49.969+0000][1][safepoint    ] Entering safepoint region: RevokeBias
[2019-12-09T01:52:49.969+0000][1][safepoint    ] Leaving safepoint region
[2019-12-09T01:52:49.969+0000][1][safepoint    ] Total time for which application threads were stopped: 0.0000546 seconds, Stopping threads took: 0.0000097 seconds
[2019-12-09T01:52:49.978+0000][1][safepoint    ] Application time: 0.0083331 seconds
[2019-12-09T01:52:49.978+0000][1][safepoint    ] Entering safepoint region: RevokeBias
[2019-12-09T01:52:49.978+0000][1][safepoint    ] Leaving safepoint region
[2019-12-09T01:52:49.978+0000][1][safepoint    ] Total time for which application threads were stopped: 0.0000995 seconds, Stopping threads took: 0.0000115 seconds
[2019-12-09T01:52:50.034+0000][1][safepoint    ] Application time: 0.0560036 seconds
[2019-12-09T01:52:50.096+0000][1][safepoint    ] Entering safepoint region: RevokeBias
[2019-12-09T01:52:50.096+0000][1][safepoint    ] Leaving safepoint region
[2019-12-09T01:52:50.096+0000][1][safepoint    ] Total time for which application threads were stopped: 0.0620920 seconds, Stopping threads took: 0.0619546 seconds
[2019-12-09T01:52:50.096+0000][1][safepoint    ] Application time: 0.0002089 seconds
[2019-12-09T01:52:50.096+0000][1][safepoint    ] Entering safepoint region: RevokeBias
[2019-12-09T01:52:50.096+0000][1][safepoint    ] Leaving safepoint region
[2019-12-09T01:52:50.096+0000][1][safepoint    ] Total time for which application threads were stopped: 0.0001043 seconds, Stopping threads took: 0.0000252 seconds
[2019-12-09T01:52:50.103+0000][1][safepoint    ] Application time: 0.0068455 seconds
[2019-12-09T01:52:50.103+0000][1][safepoint    ] Entering safepoint region: RevokeBias
[2019-12-09T01:52:50.103+0000][1][safepoint    ] Leaving safepoint region
[2019-12-09T01:52:50.103+0000][1][safepoint    ] Total time for which application threads were stopped: 0.0000974 seconds, Stopping threads took: 0.0000149 seconds
[2019-12-09T01:52:50.103+0000][1][safepoint    ] Application time: 0.0000633 seconds
[2019-12-09T01:52:50.103+0000][1][safepoint    ] Entering safepoint region: RevokeBias
[2019-12-09T01:52:50.103+0000][1][safepoint    ] Leaving safepoint region
[2019-12-09T01:52:50.103+0000][1][safepoint    ] Total time for which application threads were stopped: 0.0000649 seconds, Stopping threads took: 0.0000085 seconds
[2019-12-09T01:52:50.104+0000][1][safepoint    ] Application time: 0.0003777 seconds
[2019-12-09T01:52:50.104+0000][1][safepoint    ] Entering safepoint region: RevokeBias
[2019-12-09T01:52:50.104+0000][1][safepoint    ] Leaving safepoint region
[2019-12-09T01:52:50.104+0000][1][safepoint    ] Total time for which application threads were stopped: 0.0001014 seconds, Stopping threads took: 0.0000122 seconds
[2019-12-09T01:52:50.104+0000][1][safepoint    ] Application time: 0.0005308 seconds
[2019-12-09T01:52:50.104+0000][1][safepoint    ] Entering safepoint region: RevokeBias
[2019-12-09T01:52:50.104+0000][1][safepoint    ] Leaving safepoint region
[2019-12-09T01:52:50.104+0000][1][safepoint    ] Total time for which application threads were stopped: 0.0000910 seconds, Stopping threads took: 0.0000124 seconds
[2019-12-09T01:52:50.153+0000][1][safepoint    ] Application time: 0.0485833 seconds
[2019-12-09T01:52:50.154+0000][1][safepoint    ] Entering safepoint region: RevokeBias
[2019-12-09T01:52:50.154+0000][1][safepoint    ] Leaving safepoint region
[2019-12-09T01:52:50.154+0000][1][safepoint    ] Total time for which application threads were stopped: 0.0008375 seconds, Stopping threads took: 0.0007574 seconds
[2019-12-09T01:52:50.182+0000][1][safepoint    ] Application time: 0.0280953 seconds
[2019-12-09T01:52:50.227+0000][1][safepoint    ] Entering safepoint region: RevokeBias
[2019-12-09T01:52:50.227+0000][1][safepoint    ] Leaving safepoint region
[2019-12-09T01:52:50.227+0000][1][safepoint    ] Total time for which application threads were stopped: 0.0449848 seconds, Stopping threads took: 0.0449099 seconds
[2019-12-09T01:52:50.227+0000][1][safepoint    ] Application time: 0.0001008 seconds
[2019-12-09T01:52:50.227+0000][1][safepoint    ] Entering safepoint region: RevokeBias
[2019-12-09T01:52:50.227+0000][1][safepoint    ] Leaving safepoint region
[2019-12-09T01:52:50.227+0000][1][safepoint    ] Total time for which application threads were stopped: 0.0000590 seconds, Stopping threads took: 0.0000094 seconds
[2019-12-09T01:52:50.228+0000][1][safepoint    ] Application time: 0.0003655 seconds
[2019-12-09T01:52:50.228+0000][1][safepoint    ] Entering safepoint region: RevokeBias
[2019-12-09T01:52:50.228+0000][1][safepoint    ] Leaving safepoint region
[2019-12-09T01:52:50.228+0000][1][safepoint    ] Total time for which application threads were stopped: 0.0000911 seconds, Stopping threads took: 0.0000143 seconds
[2019-12-09T01:52:50.228+0000][1][safepoint    ] Application time: 0.0000813 seconds
[2019-12-09T01:52:50.228+0000][1][safepoint    ] Entering safepoint region: RevokeBias
[2019-12-09T01:52:50.228+0000][1][safepoint    ] Leaving safepoint region
[2019-12-09T01:52:50.228+0000][1][safepoint    ] Total time for which application threads were stopped: 0.0000546 seconds, Stopping threads took: 0.0000095 seconds
[2019-12-09T01:52:50.228+0000][1][safepoint    ] Application time: 0.0001380 seconds
[2019-12-09T01:52:50.228+0000][1][safepoint    ] Entering safepoint region: RevokeBias
[2019-12-09T01:52:50.228+0000][1][safepoint    ] Leaving safepoint region
[2019-12-09T01:52:50.228+0000][1][safepoint    ] Total time for which application threads were stopped: 0.0000500 seconds, Stopping threads took: 0.0000091 seconds
[2019-12-09T01:52:50.228+0000][1][safepoint    ] Application time: 0.0000686 seconds
[2019-12-09T01:52:50.228+0000][1][safepoint    ] Entering safepoint region: RevokeBias
[2019-12-09T01:52:50.228+0000][1][safepoint    ] Leaving safepoint region
[2019-12-09T01:52:50.228+0000][1][safepoint    ] Total time for which application threads were stopped: 0.0000415 seconds, Stopping threads took: 0.0000077 seconds
[2019-12-09T01:52:50.229+0000][1][safepoint    ] Application time: 0.0002684 seconds
[2019-12-09T01:52:50.229+0000][1][safepoint    ] Entering safepoint region: RevokeBias
[2019-12-09T01:52:50.229+0000][1][safepoint    ] Leaving safepoint region
[2019-12-09T01:52:50.229+0000][1][safepoint    ] Total time for which application threads were stopped: 0.0000558 seconds, Stopping threads took: 0.0000103 seconds
[2019-12-09T01:52:50.229+0000][1][safepoint    ] Application time: 0.0000723 seconds
[2019-12-09T01:52:50.229+0000][1][safepoint    ] Entering safepoint region: RevokeBias
[2019-12-09T01:52:50.229+0000][1][safepoint    ] Leaving safepoint region
[2019-12-09T01:52:50.229+0000][1][safepoint    ] Total time for which application threads were stopped: 0.0000707 seconds, Stopping threads took: 0.0000092 seconds
[2019-12-09T01:52:50.229+0000][1][safepoint    ] Application time: 0.0001312 seconds
[2019-12-09T01:52:50.229+0000][1][safepoint    ] Entering safepoint region: RevokeBias
[2019-12-09T01:52:50.229+0000][1][safepoint    ] Leaving safepoint region
[2019-12-09T01:52:50.229+0000][1][safepoint    ] Total time for which application threads were stopped: 0.0000546 seconds, Stopping threads took: 0.0000097 seconds
[2019-12-09T01:52:50.229+0000][1][safepoint    ] Application time: 0.0000695 seconds
[2019-12-09T01:52:50.229+0000][1][safepoint    ] Entering safepoint region: RevokeBias
[2019-12-09T01:52:50.229+0000][1][safepoint    ] Leaving safepoint region
[2019-12-09T01:52:50.229+0000][1][safepoint    ] Total time for which application threads were stopped: 0.0000485 seconds, Stopping threads took: 0.0000086 seconds
[2019-12-09T01:52:50.229+0000][1][safepoint    ] Application time: 0.0002483 seconds
[2019-12-09T01:52:50.229+0000][1][safepoint    ] Entering safepoint region: RevokeBias
[2019-12-09T01:52:50.229+0000][1][safepoint    ] Leaving safepoint region
[2019-12-09T01:52:50.229+0000][1][safepoint    ] Total time for which application threads were stopped: 0.0000576 seconds, Stopping threads took: 0.0000104 seconds
[2019-12-09T01:52:50.229+0000][1][safepoint    ] Application time: 0.0000704 seconds
[2019-12-09T01:52:50.229+0000][1][safepoint    ] Entering safepoint region: BulkRevokeBias
[2019-12-09T01:52:50.230+0000][1][safepoint    ] Leaving safepoint region
[2019-12-09T01:52:50.230+0000][1][safepoint    ] Total time for which application threads were stopped: 0.0006287 seconds, Stopping threads took: 0.0000089 seconds
[2019-12-09T01:52:50.259+0000][1][safepoint    ] Application time: 0.0286157 seconds
[2019-12-09T01:52:50.259+0000][1][safepoint    ] Entering safepoint region: RevokeBias
[2019-12-09T01:52:50.259+0000][1][safepoint    ] Leaving safepoint region
[2019-12-09T01:52:50.259+0000][1][safepoint    ] Total time for which application threads were stopped: 0.0001421 seconds, Stopping threads took: 0.0000768 seconds
[2019-12-09T01:52:50.294+0000][1][safepoint    ] Application time: 0.0347975 seconds
[2019-12-09T01:52:50.356+0000][1][safepoint    ] Entering safepoint region: RevokeBias
[2019-12-09T01:52:50.356+0000][1][safepoint    ] Leaving safepoint region
[2019-12-09T01:52:50.356+0000][1][safepoint    ] Total time for which application threads were stopped: 0.0622006 seconds, Stopping threads took: 0.0620298 seconds
[2019-12-09T01:52:50.357+0000][1][safepoint    ] Application time: 0.0009196 seconds
[2019-12-09T01:52:50.357+0000][1][safepoint    ] Entering safepoint region: RevokeBias
[2019-12-09T01:52:50.357+0000][1][safepoint    ] Leaving safepoint region
[2019-12-09T01:52:50.357+0000][1][safepoint    ] Total time for which application threads were stopped: 0.0001314 seconds, Stopping threads took: 0.0000144 seconds
[2019-12-09T01:52:50.359+0000][1][safepoint    ] Application time: 0.0016749 seconds
[2019-12-09T01:52:50.397+0000][1][safepoint    ] Entering safepoint region: RevokeBias
[2019-12-09T01:52:50.397+0000][1][safepoint    ] Leaving safepoint region
[2019-12-09T01:52:50.397+0000][1][safepoint    ] Total time for which application threads were stopped: 0.0382879 seconds, Stopping threads took: 0.0381665 seconds
[2019-12-09T01:52:50.408+0000][1][safepoint    ] Application time: 0.0113147 seconds
[2019-12-09T01:52:50.409+0000][1][safepoint    ] Entering safepoint region: RevokeBias
[2019-12-09T01:52:50.409+0000][1][safepoint    ] Leaving safepoint region
[2019-12-09T01:52:50.409+0000][1][safepoint    ] Total time for which application threads were stopped: 0.0002912 seconds, Stopping threads took: 0.0002092 seconds
[2019-12-09T01:52:50.409+0000][1][safepoint    ] Application time: 0.0001926 seconds
[2019-12-09T01:52:50.409+0000][1][safepoint    ] Entering safepoint region: RevokeBias
[2019-12-09T01:52:50.409+0000][1][safepoint    ] Leaving safepoint region
[2019-12-09T01:52:50.409+0000][1][safepoint    ] Total time for which application threads were stopped: 0.0000636 seconds, Stopping threads took: 0.0000093 seconds
[2019-12-09T01:52:50.409+0000][1][safepoint    ] Application time: 0.0002255 seconds
[2019-12-09T01:52:50.409+0000][1][safepoint    ] Entering safepoint region: RevokeBias
[2019-12-09T01:52:50.409+0000][1][safepoint    ] Leaving safepoint region
[2019-12-09T01:52:50.409+0000][1][safepoint    ] Total time for which application threads were stopped: 0.0000584 seconds, Stopping threads took: 0.0000091 seconds
[2019-12-09T01:52:50.413+0000][1][safepoint    ] Application time: 0.0041055 seconds
[2019-12-09T01:52:50.413+0000][1][safepoint    ] Entering safepoint region: RevokeBias
[2019-12-09T01:52:50.413+0000][1][safepoint    ] Leaving safepoint region
[2019-12-09T01:52:50.413+0000][1][safepoint    ] Total time for which application threads were stopped: 0.0000687 seconds, Stopping threads took: 0.0000119 seconds
[2019-12-09T01:52:50.414+0000][1][safepoint    ] Application time: 0.0000614 seconds
[2019-12-09T01:52:50.414+0000][1][safepoint    ] Entering safepoint region: RevokeBias
[2019-12-09T01:52:50.414+0000][1][safepoint    ] Leaving safepoint region
[2019-12-09T01:52:50.414+0000][1][safepoint    ] Total time for which application threads were stopped: 0.0000585 seconds, Stopping threads took: 0.0000088 seconds
[2019-12-09T01:52:50.464+0000][1][safepoint    ] Application time: 0.0503085 seconds
[2019-12-09T01:52:50.466+0000][1][safepoint    ] Entering safepoint region: RevokeBias
[2019-12-09T01:52:50.466+0000][1][safepoint    ] Leaving safepoint region
[2019-12-09T01:52:50.466+0000][1][safepoint    ] Total time for which application threads were stopped: 0.0019253 seconds, Stopping threads took: 0.0018128 seconds
[2019-12-09T01:52:50.469+0000][1][safepoint    ] Application time: 0.0035881 seconds
[2019-12-09T01:52:50.469+0000][1][safepoint    ] Entering safepoint region: RevokeBias
[2019-12-09T01:52:50.470+0000][1][safepoint    ] Leaving safepoint region
[2019-12-09T01:52:50.470+0000][1][safepoint    ] Total time for which application threads were stopped: 0.0000861 seconds, Stopping threads took: 0.0000122 seconds
[2019-12-09T01:52:50.509+0000][1][safepoint    ] Application time: 0.0395345 seconds
[2019-12-09T01:52:50.514+0000][1][safepoint    ] Entering safepoint region: RevokeBias
[2019-12-09T01:52:50.514+0000][1][safepoint    ] Leaving safepoint region
[2019-12-09T01:52:50.514+0000][1][safepoint    ] Total time for which application threads were stopped: 0.0048005 seconds, Stopping threads took: 0.0047207 seconds
[2019-12-09T01:52:50.533+0000][1][safepoint    ] Application time: 0.0189201 seconds
[2019-12-09T01:52:50.561+0000][1][safepoint    ] Entering safepoint region: RevokeBias
[2019-12-09T01:52:50.561+0000][1][safepoint    ] Leaving safepoint region
[2019-12-09T01:52:50.561+0000][1][safepoint    ] Total time for which application threads were stopped: 0.0279696 seconds, Stopping threads took: 0.0278737 seconds
[2019-12-09T01:52:50.563+0000][1][safepoint    ] Application time: 0.0025394 seconds
[2019-12-09T01:52:50.581+0000][1][safepoint    ] Entering safepoint region: RevokeBias
[2019-12-09T01:52:50.581+0000][1][safepoint    ] Leaving safepoint region
[2019-12-09T01:52:50.581+0000][1][safepoint    ] Total time for which application threads were stopped: 0.0174725 seconds, Stopping threads took: 0.0173925 seconds
[2019-12-09T01:52:50.590+0000][1][safepoint    ] Application time: 0.0091367 seconds
[2019-12-09T01:52:50.609+0000][1][safepoint    ] Entering safepoint region: RevokeBias
[2019-12-09T01:52:50.609+0000][1][safepoint    ] Leaving safepoint region
[2019-12-09T01:52:50.609+0000][1][safepoint    ] Total time for which application threads were stopped: 0.0190472 seconds, Stopping threads took: 0.0189483 seconds
[2019-12-09T01:52:50.613+0000][1][safepoint    ] Application time: 0.0039140 seconds
[2019-12-09T01:52:50.626+0000][1][safepoint    ] Entering safepoint region: RevokeBias
[2019-12-09T01:52:50.626+0000][1][safepoint    ] Leaving safepoint region
[2019-12-09T01:52:50.626+0000][1][safepoint    ] Total time for which application threads were stopped: 0.0127571 seconds, Stopping threads took: 0.0126763 seconds
[2019-12-09T01:52:50.630+0000][1][safepoint    ] Application time: 0.0046529 seconds
[2019-12-09T01:52:50.631+0000][1][safepoint    ] Entering safepoint region: RevokeBias
[2019-12-09T01:52:50.631+0000][1][safepoint    ] Leaving safepoint region
[2019-12-09T01:52:50.631+0000][1][safepoint    ] Total time for which application threads were stopped: 0.0001032 seconds, Stopping threads took: 0.0000135 seconds
[2019-12-09T01:52:50.631+0000][1][safepoint    ] Application time: 0.0005214 seconds
[2019-12-09T01:52:50.631+0000][1][safepoint    ] Entering safepoint region: RevokeBias
[2019-12-09T01:52:50.631+0000][1][safepoint    ] Leaving safepoint region
[2019-12-09T01:52:50.631+0000][1][safepoint    ] Total time for which application threads were stopped: 0.0000934 seconds, Stopping threads took: 0.0000108 seconds
[2019-12-09T01:52:50.631+0000][1][safepoint    ] Application time: 0.0000836 seconds
[2019-12-09T01:52:50.631+0000][1][safepoint    ] Entering safepoint region: RevokeBias
[2019-12-09T01:52:50.631+0000][1][safepoint    ] Leaving safepoint region
[2019-12-09T01:52:50.631+0000][1][safepoint    ] Total time for which application threads were stopped: 0.0000860 seconds, Stopping threads took: 0.0000076 seconds
[2019-12-09T01:52:50.632+0000][1][safepoint    ] Application time: 0.0002108 seconds
[2019-12-09T01:52:50.632+0000][1][safepoint    ] Entering safepoint region: RevokeBias
[2019-12-09T01:52:50.632+0000][1][safepoint    ] Leaving safepoint region
[2019-12-09T01:52:50.632+0000][1][safepoint    ] Total time for which application threads were stopped: 0.0004083 seconds, Stopping threads took: 0.0000247 seconds
[2019-12-09T01:52:50.634+0000][1][safepoint    ] Application time: 0.0020426 seconds
[2019-12-09T01:52:50.634+0000][1][safepoint    ] Entering safepoint region: RevokeBias
[2019-12-09T01:52:50.635+0000][1][safepoint    ] Leaving safepoint region
[2019-12-09T01:52:50.635+0000][1][safepoint    ] Total time for which application threads were stopped: 0.0005478 seconds, Stopping threads took: 0.0001236 seconds
[2019-12-09T01:52:50.638+0000][1][safepoint    ] Application time: 0.0027912 seconds
[2019-12-09T01:52:50.638+0000][1][safepoint    ] Entering safepoint region: RevokeBias
[2019-12-09T01:52:50.638+0000][1][safepoint    ] Leaving safepoint region
[2019-12-09T01:52:50.638+0000][1][safepoint    ] Total time for which application threads were stopped: 0.0000663 seconds, Stopping threads took: 0.0000118 seconds
[2019-12-09T01:52:50.650+0000][1][safepoint    ] Application time: 0.0121559 seconds
[2019-12-09T01:52:50.650+0000][1][safepoint    ] Entering safepoint region: RevokeBias
[2019-12-09T01:52:50.650+0000][1][safepoint    ] Leaving safepoint region
[2019-12-09T01:52:50.650+0000][1][safepoint    ] Total time for which application threads were stopped: 0.0001426 seconds, Stopping threads took: 0.0000826 seconds
[2019-12-09T01:52:50.650+0000][1][safepoint    ] Application time: 0.0003413 seconds
[2019-12-09T01:52:50.650+0000][1][safepoint    ] Entering safepoint region: RevokeBias
[2019-12-09T01:52:50.650+0000][1][safepoint    ] Leaving safepoint region
[2019-12-09T01:52:50.650+0000][1][safepoint    ] Total time for which application threads were stopped: 0.0000692 seconds, Stopping threads took: 0.0000111 seconds
[2019-12-09T01:52:50.651+0000][1][safepoint    ] Application time: 0.0002938 seconds
[2019-12-09T01:52:50.651+0000][1][safepoint    ] Entering safepoint region: RevokeBias
[2019-12-09T01:52:50.651+0000][1][safepoint    ] Leaving safepoint region
[2019-12-09T01:52:50.651+0000][1][safepoint    ] Total time for which application threads were stopped: 0.0000857 seconds, Stopping threads took: 0.0000331 seconds
[2019-12-09T01:52:50.652+0000][1][safepoint    ] Application time: 0.0013076 seconds
[2019-12-09T01:52:50.652+0000][1][safepoint    ] Entering safepoint region: RevokeBias
[2019-12-09T01:52:50.652+0000][1][safepoint    ] Leaving safepoint region
[2019-12-09T01:52:50.652+0000][1][safepoint    ] Total time for which application threads were stopped: 0.0000774 seconds, Stopping threads took: 0.0000117 seconds
[2019-12-09T01:52:50.652+0000][1][safepoint    ] Application time: 0.0001119 seconds
[2019-12-09T01:52:50.652+0000][1][safepoint    ] Entering safepoint region: RevokeBias
[2019-12-09T01:52:50.652+0000][1][safepoint    ] Leaving safepoint region
[2019-12-09T01:52:50.652+0000][1][safepoint    ] Total time for which application threads were stopped: 0.0000683 seconds, Stopping threads took: 0.0000093 seconds
[2019-12-09T01:52:50.674+0000][1][safepoint    ] Application time: 0.0220960 seconds
[2019-12-09T01:52:50.675+0000][1][safepoint    ] Entering safepoint region: RevokeBias
[2019-12-09T01:52:50.675+0000][1][safepoint    ] Leaving safepoint region
[2019-12-09T01:52:50.675+0000][1][safepoint    ] Total time for which application threads were stopped: 0.0002446 seconds, Stopping threads took: 0.0001176 seconds
[2019-12-09T01:52:50.733+0000][1][safepoint    ] Application time: 0.0577594 seconds
[2019-12-09T01:52:50.780+0000][1][safepoint    ] Entering safepoint region: RevokeBias
[2019-12-09T01:52:50.780+0000][1][safepoint    ] Leaving safepoint region
[2019-12-09T01:52:50.780+0000][1][safepoint    ] Total time for which application threads were stopped: 0.0473327 seconds, Stopping threads took: 0.0472352 seconds
[2019-12-09T01:52:50.780+0000][1][safepoint    ] Application time: 0.0004311 seconds
[2019-12-09T01:52:50.780+0000][1][safepoint    ] Entering safepoint region: RevokeBias
[2019-12-09T01:52:50.780+0000][1][safepoint    ] Leaving safepoint region
[2019-12-09T01:52:50.780+0000][1][safepoint    ] Total time for which application threads were stopped: 0.0000874 seconds, Stopping threads took: 0.0000129 seconds
[2019-12-09T01:52:50.781+0000][1][safepoint    ] Application time: 0.0001914 seconds
[2019-12-09T01:52:50.781+0000][1][safepoint    ] Entering safepoint region: RevokeBias
[2019-12-09T01:52:50.781+0000][1][safepoint    ] Leaving safepoint region
[2019-12-09T01:52:50.781+0000][1][safepoint    ] Total time for which application threads were stopped: 0.0000854 seconds, Stopping threads took: 0.0000094 seconds
[2019-12-09T01:52:50.781+0000][1][safepoint    ] Application time: 0.0002698 seconds
[2019-12-09T01:52:50.781+0000][1][safepoint    ] Entering safepoint region: RevokeBias
[2019-12-09T01:52:50.781+0000][1][safepoint    ] Leaving safepoint region
[2019-12-09T01:52:50.781+0000][1][safepoint    ] Total time for which application threads were stopped: 0.0000691 seconds, Stopping threads took: 0.0000102 seconds
[2019-12-09T01:52:50.800+0000][1][safepoint    ] Application time: 0.0186223 seconds
[2019-12-09T01:52:50.831+0000][1][safepoint    ] Entering safepoint region: RevokeBias
[2019-12-09T01:52:50.831+0000][1][safepoint    ] Leaving safepoint region
[2019-12-09T01:52:50.831+0000][1][safepoint    ] Total time for which application threads were stopped: 0.0312859 seconds, Stopping threads took: 0.0312039 seconds
[2019-12-09T01:52:50.832+0000][1][safepoint    ] Application time: 0.0006421 seconds
[2019-12-09T01:52:50.832+0000][1][safepoint    ] Entering safepoint region: RevokeBias
[2019-12-09T01:52:50.832+0000][1][safepoint    ] Leaving safepoint region
[2019-12-09T01:52:50.832+0000][1][safepoint    ] Total time for which application threads were stopped: 0.0000878 seconds, Stopping threads took: 0.0000155 seconds
[2019-12-09T01:52:50.832+0000][1][safepoint    ] Application time: 0.0002630 seconds
[2019-12-09T01:52:50.832+0000][1][safepoint    ] Entering safepoint region: RevokeBias
[2019-12-09T01:52:50.832+0000][1][safepoint    ] Leaving safepoint region
[2019-12-09T01:52:50.832+0000][1][safepoint    ] Total time for which application threads were stopped: 0.0000742 seconds, Stopping threads took: 0.0000111 seconds
[2019-12-09T01:52:50.833+0000][1][safepoint    ] Application time: 0.0003688 seconds
[2019-12-09T01:52:50.833+0000][1][safepoint    ] Entering safepoint region: RevokeBias
[2019-12-09T01:52:50.833+0000][1][safepoint    ] Leaving safepoint region
[2019-12-09T01:52:50.833+0000][1][safepoint    ] Total time for which application threads were stopped: 0.0000615 seconds, Stopping threads took: 0.0000107 seconds
[2019-12-09T01:52:50.833+0000][1][safepoint    ] Application time: 0.0003045 seconds
[2019-12-09T01:52:50.833+0000][1][safepoint    ] Entering safepoint region: RevokeBias
[2019-12-09T01:52:50.833+0000][1][safepoint    ] Leaving safepoint region
[2019-12-09T01:52:50.833+0000][1][safepoint    ] Total time for which application threads were stopped: 0.0000634 seconds, Stopping threads took: 0.0000102 seconds
[2019-12-09T01:52:50.833+0000][1][safepoint    ] Application time: 0.0002231 seconds
[2019-12-09T01:52:50.833+0000][1][safepoint    ] Entering safepoint region: RevokeBias
[2019-12-09T01:52:50.833+0000][1][safepoint    ] Leaving safepoint region
[2019-12-09T01:52:50.833+0000][1][safepoint    ] Total time for which application threads were stopped: 0.0000524 seconds, Stopping threads took: 0.0000101 seconds
[2019-12-09T01:52:50.841+0000][1][safepoint    ] Application time: 0.0079949 seconds
[2019-12-09T01:52:50.883+0000][1][safepoint    ] Entering safepoint region: RevokeBias
[2019-12-09T01:52:50.883+0000][1][safepoint    ] Leaving safepoint region
[2019-12-09T01:52:50.883+0000][1][safepoint    ] Total time for which application threads were stopped: 0.0415532 seconds, Stopping threads took: 0.0414709 seconds
[2019-12-09T01:52:50.898+0000][1][safepoint    ] Application time: 0.0154150 seconds
[2019-12-09T01:52:50.922+0000][1][safepoint    ] Entering safepoint region: RevokeBias
[2019-12-09T01:52:50.922+0000][1][safepoint    ] Leaving safepoint region
[2019-12-09T01:52:50.922+0000][1][safepoint    ] Total time for which application threads were stopped: 0.0234627 seconds, Stopping threads took: 0.0232173 seconds
[2019-12-09T01:52:50.934+0000][1][safepoint    ] Application time: 0.0125404 seconds
[2019-12-09T01:52:50.953+0000][1][safepoint    ] Entering safepoint region: RevokeBias
[2019-12-09T01:52:50.953+0000][1][safepoint    ] Leaving safepoint region
[2019-12-09T01:52:50.953+0000][1][safepoint    ] Total time for which application threads were stopped: 0.0185152 seconds, Stopping threads took: 0.0183918 seconds
[2019-12-09T01:52:50.954+0000][1][safepoint    ] Application time: 0.0013361 seconds
[2019-12-09T01:52:50.954+0000][1][safepoint    ] Entering safepoint region: RevokeBias
[2019-12-09T01:52:50.954+0000][1][safepoint    ] Leaving safepoint region
[2019-12-09T01:52:50.954+0000][1][safepoint    ] Total time for which application threads were stopped: 0.0000686 seconds, Stopping threads took: 0.0000113 seconds
[2019-12-09T01:52:51.012+0000][1][safepoint    ] Application time: 0.0576786 seconds
[2019-12-09T01:52:51.012+0000][1][safepoint    ] Entering safepoint region: RevokeBias
[2019-12-09T01:52:51.012+0000][1][safepoint    ] Leaving safepoint region
[2019-12-09T01:52:51.012+0000][1][safepoint    ] Total time for which application threads were stopped: 0.0002125 seconds, Stopping threads took: 0.0001219 seconds
[2019-12-09T01:52:51.016+0000][1][safepoint    ] Application time: 0.0034624 seconds
[2019-12-09T01:52:51.016+0000][1][safepoint    ] Entering safepoint region: RevokeBias
[2019-12-09T01:52:51.016+0000][1][safepoint    ] Leaving safepoint region
[2019-12-09T01:52:51.016+0000][1][safepoint    ] Total time for which application threads were stopped: 0.0001224 seconds, Stopping threads took: 0.0000533 seconds
[2019-12-09T01:52:51.023+0000][1][safepoint    ] Application time: 0.0068410 seconds
[2019-12-09T01:52:51.023+0000][1][safepoint    ] Entering safepoint region: RevokeBias
[2019-12-09T01:52:51.023+0000][1][safepoint    ] Leaving safepoint region
[2019-12-09T01:52:51.023+0000][1][safepoint    ] Total time for which application threads were stopped: 0.0001439 seconds, Stopping threads took: 0.0000804 seconds
[2019-12-09T01:52:51.038+0000][1][safepoint    ] Application time: 0.0154999 seconds
[2019-12-09T01:52:51.038+0000][1][safepoint    ] Entering safepoint region: RevokeBias
[2019-12-09T01:52:51.039+0000][1][safepoint    ] Leaving safepoint region
[2019-12-09T01:52:51.039+0000][1][safepoint    ] Total time for which application threads were stopped: 0.0001580 seconds, Stopping threads took: 0.0000861 seconds
[2019-12-09T01:52:51.052+0000][1][safepoint    ] Application time: 0.0136178 seconds
[2019-12-09T01:52:51.052+0000][1][safepoint    ] Entering safepoint region: RevokeBias
[2019-12-09T01:52:51.052+0000][1][safepoint    ] Leaving safepoint region
[2019-12-09T01:52:51.052+0000][1][safepoint    ] Total time for which application threads were stopped: 0.0001586 seconds, Stopping threads took: 0.0000930 seconds
[2019-12-09T01:52:51.053+0000][1][safepoint    ] Application time: 0.0007834 seconds
[2019-12-09T01:52:51.053+0000][1][safepoint    ] Entering safepoint region: RevokeBias
[2019-12-09T01:52:51.053+0000][1][safepoint    ] Leaving safepoint region
[2019-12-09T01:52:51.053+0000][1][safepoint    ] Total time for which application threads were stopped: 0.0000708 seconds, Stopping threads took: 0.0000133 seconds
[2019-12-09T01:52:51.067+0000][1][safepoint    ] Application time: 0.0137646 seconds
[2019-12-09T01:52:51.067+0000][1][safepoint    ] Entering safepoint region: RevokeBias
[2019-12-09T01:52:51.067+0000][1][safepoint    ] Leaving safepoint region
[2019-12-09T01:52:51.067+0000][1][safepoint    ] Total time for which application threads were stopped: 0.0001172 seconds, Stopping threads took: 0.0000684 seconds
[2019-12-09T01:52:51.068+0000][1][safepoint    ] Application time: 0.0003829 seconds
[2019-12-09T01:52:51.068+0000][1][safepoint    ] Entering safepoint region: RevokeBias
[2019-12-09T01:52:51.068+0000][1][safepoint    ] Leaving safepoint region
[2019-12-09T01:52:51.068+0000][1][safepoint    ] Total time for which application threads were stopped: 0.0000612 seconds, Stopping threads took: 0.0000100 seconds
[2019-12-09T01:52:51.075+0000][1][safepoint    ] Application time: 0.0073708 seconds
[2019-12-09T01:52:51.075+0000][1][safepoint    ] Entering safepoint region: BulkRevokeBias
[2019-12-09T01:52:51.076+0000][1][safepoint    ] Leaving safepoint region
[2019-12-09T01:52:51.076+0000][1][safepoint    ] Total time for which application threads were stopped: 0.0005090 seconds, Stopping threads took: 0.0000713 seconds
[2019-12-09T01:52:51.079+0000][1][safepoint    ] Application time: 0.0036307 seconds
[2019-12-09T01:52:51.079+0000][1][safepoint    ] Entering safepoint region: RevokeBias
[2019-12-09T01:52:51.079+0000][1][safepoint    ] Leaving safepoint region
[2019-12-09T01:52:51.079+0000][1][safepoint    ] Total time for which application threads were stopped: 0.0000598 seconds, Stopping threads took: 0.0000131 seconds
[2019-12-09T01:52:51.080+0000][1][safepoint    ] Application time: 0.0011137 seconds
[2019-12-09T01:52:51.080+0000][1][safepoint    ] Entering safepoint region: RevokeBias
[2019-12-09T01:52:51.080+0000][1][safepoint    ] Leaving safepoint region
[2019-12-09T01:52:51.080+0000][1][safepoint    ] Total time for which application threads were stopped: 0.0000580 seconds, Stopping threads took: 0.0000132 seconds
[2019-12-09T01:52:51.081+0000][1][safepoint    ] Application time: 0.0000701 seconds
[2019-12-09T01:52:51.081+0000][1][safepoint    ] Entering safepoint region: RevokeBias
[2019-12-09T01:52:51.081+0000][1][safepoint    ] Leaving safepoint region
[2019-12-09T01:52:51.081+0000][1][safepoint    ] Total time for which application threads were stopped: 0.0000470 seconds, Stopping threads took: 0.0000090 seconds
[2019-12-09T01:52:51.088+0000][1][safepoint    ] Application time: 0.0076515 seconds
[2019-12-09T01:52:51.090+0000][1][safepoint    ] Entering safepoint region: RevokeBias
[2019-12-09T01:52:51.090+0000][1][safepoint    ] Leaving safepoint region
[2019-12-09T01:52:51.090+0000][1][safepoint    ] Total time for which application threads were stopped: 0.0015029 seconds, Stopping threads took: 0.0014485 seconds
[2019-12-09T01:52:51.108+0000][1][safepoint    ] Application time: 0.0180342 seconds
[2019-12-09T01:52:51.108+0000][1][safepoint    ] Entering safepoint region: RevokeBias
[2019-12-09T01:52:51.108+0000][1][safepoint    ] Leaving safepoint region
[2019-12-09T01:52:51.108+0000][1][safepoint    ] Total time for which application threads were stopped: 0.0000567 seconds, Stopping threads took: 0.0000124 seconds
[2019-12-09T01:52:51.173+0000][1][safepoint    ] Application time: 0.0647912 seconds
[2019-12-09T01:52:51.173+0000][1][safepoint    ] Entering safepoint region: RevokeBias
[2019-12-09T01:52:51.173+0000][1][safepoint    ] Leaving safepoint region
[2019-12-09T01:52:51.173+0000][1][safepoint    ] Total time for which application threads were stopped: 0.0000805 seconds, Stopping threads took: 0.0000179 seconds
[2019-12-09T01:52:51.192+0000][1][safepoint    ] Application time: 0.0192378 seconds
[2019-12-09T01:52:51.192+0000][1][safepoint    ] Entering safepoint region: RevokeBias
[2019-12-09T01:52:51.192+0000][1][safepoint    ] Leaving safepoint region
[2019-12-09T01:52:51.192+0000][1][safepoint    ] Total time for which application threads were stopped: 0.0000777 seconds, Stopping threads took: 0.0000172 seconds
[2019-12-09T01:52:51.200+0000][1][safepoint    ] Application time: 0.0074952 seconds
[2019-12-09T01:52:51.200+0000][1][safepoint    ] Entering safepoint region: RevokeBias
[2019-12-09T01:52:51.200+0000][1][safepoint    ] Leaving safepoint region
[2019-12-09T01:52:51.200+0000][1][safepoint    ] Total time for which application threads were stopped: 0.0000866 seconds, Stopping threads took: 0.0000177 seconds
[2019-12-09T01:52:51.222+0000][1][safepoint    ] Application time: 0.0219306 seconds
[2019-12-09T01:52:51.222+0000][1][safepoint    ] Entering safepoint region: RevokeBias
[2019-12-09T01:52:51.222+0000][1][safepoint    ] Leaving safepoint region
[2019-12-09T01:52:51.222+0000][1][safepoint    ] Total time for which application threads were stopped: 0.0000799 seconds, Stopping threads took: 0.0000160 seconds
[2019-12-09T01:52:51.266+0000][1][safepoint    ] Application time: 0.0437906 seconds
[2019-12-09T01:52:51.266+0000][1][safepoint    ] Entering safepoint region: RevokeBias
[2019-12-09T01:52:51.266+0000][1][safepoint    ] Leaving safepoint region
[2019-12-09T01:52:51.266+0000][1][safepoint    ] Total time for which application threads were stopped: 0.0001047 seconds, Stopping threads took: 0.0000327 seconds
[2019-12-09T01:52:51.630+0000][1][safepoint    ] Application time: 0.3641332 seconds
[2019-12-09T01:52:51.630+0000][1][safepoint    ] Entering safepoint region: BulkRevokeBias
[2019-12-09T01:52:51.630+0000][1][safepoint    ] Leaving safepoint region
[2019-12-09T01:52:51.630+0000][1][safepoint    ] Total time for which application threads were stopped: 0.0003987 seconds, Stopping threads took: 0.0000168 seconds
[2019-12-09T01:52:51.631+0000][1][safepoint    ] Application time: 0.0003473 seconds
[2019-12-09T01:52:51.631+0000][1][safepoint    ] Entering safepoint region: RevokeBias
[2019-12-09T01:52:51.631+0000][1][safepoint    ] Leaving safepoint region
[2019-12-09T01:52:51.631+0000][1][safepoint    ] Total time for which application threads were stopped: 0.0000790 seconds, Stopping threads took: 0.0000158 seconds
[2019-12-09T01:52:51.680+0000][1][safepoint    ] Application time: 0.0491082 seconds
[2019-12-09T01:52:51.726+0000][1][safepoint    ] Entering safepoint region: RevokeBias
[2019-12-09T01:52:51.726+0000][1][safepoint    ] Leaving safepoint region
[2019-12-09T01:52:51.726+0000][1][safepoint    ] Total time for which application threads were stopped: 0.0459470 seconds, Stopping threads took: 0.0458429 seconds
[2019-12-09T01:52:51.743+0000][1][safepoint    ] Application time: 0.0170923 seconds
[2019-12-09T01:52:51.743+0000][1][safepoint    ] Entering safepoint region: RevokeBias
[2019-12-09T01:52:51.743+0000][1][safepoint    ] Leaving safepoint region
[2019-12-09T01:52:51.743+0000][1][safepoint    ] Total time for which application threads were stopped: 0.0001386 seconds, Stopping threads took: 0.0000558 seconds
[2019-12-09T01:52:51.743+0000][1][safepoint    ] Application time: 0.0000528 seconds
[2019-12-09T01:52:51.743+0000][1][safepoint    ] Entering safepoint region: RevokeBias
[2019-12-09T01:52:51.743+0000][1][safepoint    ] Leaving safepoint region
[2019-12-09T01:52:51.743+0000][1][safepoint    ] Total time for which application threads were stopped: 0.0000532 seconds, Stopping threads took: 0.0000091 seconds
[2019-12-09T01:52:51.746+0000][1][safepoint    ] Application time: 0.0025969 seconds
[2019-12-09T01:52:51.746+0000][1][safepoint    ] Entering safepoint region: RevokeBias
[2019-12-09T01:52:51.746+0000][1][safepoint    ] Leaving safepoint region
[2019-12-09T01:52:51.746+0000][1][safepoint    ] Total time for which application threads were stopped: 0.0000872 seconds, Stopping threads took: 0.0000162 seconds
[2019-12-09T01:52:51.746+0000][1][safepoint    ] Application time: 0.0001776 seconds
[2019-12-09T01:52:51.746+0000][1][safepoint    ] Entering safepoint region: RevokeBias
[2019-12-09T01:52:51.746+0000][1][safepoint    ] Leaving safepoint region
[2019-12-09T01:52:51.746+0000][1][safepoint    ] Total time for which application threads were stopped: 0.0000640 seconds, Stopping threads took: 0.0000117 seconds
[2019-12-09T01:52:51.746+0000][1][safepoint    ] Application time: 0.0000432 seconds
[2019-12-09T01:52:51.746+0000][1][safepoint    ] Entering safepoint region: RevokeBias
[2019-12-09T01:52:51.746+0000][1][safepoint    ] Leaving safepoint region
[2019-12-09T01:52:51.746+0000][1][safepoint    ] Total time for which application threads were stopped: 0.0000516 seconds, Stopping threads took: 0.0000097 seconds
[2019-12-09T01:52:51.812+0000][1][safepoint    ] Application time: 0.0654048 seconds
[2019-12-09T01:52:51.857+0000][1][safepoint    ] Entering safepoint region: RevokeBias
[2019-12-09T01:52:51.857+0000][1][safepoint    ] Leaving safepoint region
[2019-12-09T01:52:51.857+0000][1][safepoint    ] Total time for which application threads were stopped: 0.0450287 seconds, Stopping threads took: 0.0449075 seconds
[2019-12-09T01:52:51.887+0000][1][safepoint    ] Application time: 0.0302178 seconds
[2019-12-09T01:52:51.911+0000][1][safepoint    ] Entering safepoint region: RevokeBias
[2019-12-09T01:52:51.911+0000][1][safepoint    ] Leaving safepoint region
[2019-12-09T01:52:51.911+0000][1][safepoint    ] Total time for which application threads were stopped: 0.0237980 seconds, Stopping threads took: 0.0236823 seconds
[2019-12-09T01:52:51.911+0000][1][safepoint    ] Application time: 0.0002794 seconds
[2019-12-09T01:52:51.911+0000][1][safepoint    ] Entering safepoint region: RevokeBias
[2019-12-09T01:52:51.911+0000][1][safepoint    ] Leaving safepoint region
[2019-12-09T01:52:51.911+0000][1][safepoint    ] Total time for which application threads were stopped: 0.0000770 seconds, Stopping threads took: 0.0000136 seconds
[2019-12-09T01:52:51.945+0000][1][safepoint    ] Application time: 0.0338121 seconds
[2019-12-09T01:52:51.954+0000][1][safepoint    ] Entering safepoint region: RevokeBias
[2019-12-09T01:52:51.954+0000][1][safepoint    ] Leaving safepoint region
[2019-12-09T01:52:51.954+0000][1][safepoint    ] Total time for which application threads were stopped: 0.0089026 seconds, Stopping threads took: 0.0087812 seconds
[2019-12-09T01:52:51.955+0000][1][safepoint    ] Application time: 0.0005517 seconds
[2019-12-09T01:52:51.956+0000][1][safepoint    ] Entering safepoint region: RevokeBias
[2019-12-09T01:52:51.956+0000][1][safepoint    ] Leaving safepoint region
[2019-12-09T01:52:51.956+0000][1][safepoint    ] Total time for which application threads were stopped: 0.0011088 seconds, Stopping threads took: 0.0009932 seconds
[2019-12-09T01:52:51.956+0000][1][safepoint    ] Application time: 0.0000999 seconds
[2019-12-09T01:52:51.956+0000][1][safepoint    ] Entering safepoint region: RevokeBias
[2019-12-09T01:52:51.956+0000][1][safepoint    ] Leaving safepoint region
[2019-12-09T01:52:51.956+0000][1][safepoint    ] Total time for which application threads were stopped: 0.0000856 seconds, Stopping threads took: 0.0000109 seconds
[2019-12-09T01:52:51.956+0000][1][safepoint    ] Application time: 0.0000612 seconds
[2019-12-09T01:52:51.956+0000][1][safepoint    ] Entering safepoint region: RevokeBias
[2019-12-09T01:52:51.956+0000][1][safepoint    ] Leaving safepoint region
[2019-12-09T01:52:51.956+0000][1][safepoint    ] Total time for which application threads were stopped: 0.0000753 seconds, Stopping threads took: 0.0000086 seconds
[2019-12-09T01:52:51.956+0000][1][safepoint    ] Application time: 0.0002605 seconds
[2019-12-09T01:52:51.956+0000][1][safepoint    ] Entering safepoint region: RevokeBias
[2019-12-09T01:52:51.956+0000][1][safepoint    ] Leaving safepoint region
[2019-12-09T01:52:51.956+0000][1][safepoint    ] Total time for which application threads were stopped: 0.0000820 seconds, Stopping threads took: 0.0000109 seconds
[2019-12-09T01:52:51.974+0000][1][safepoint    ] Application time: 0.0175194 seconds
[2019-12-09T01:52:51.991+0000][1][safepoint    ] Entering safepoint region: RevokeBias
[2019-12-09T01:52:51.991+0000][1][safepoint    ] Leaving safepoint region
[2019-12-09T01:52:51.991+0000][1][safepoint    ] Total time for which application threads were stopped: 0.0167151 seconds, Stopping threads took: 0.0165854 seconds
[2019-12-09T01:52:51.992+0000][1][safepoint    ] Application time: 0.0009036 seconds
[2019-12-09T01:52:51.992+0000][1][safepoint    ] Entering safepoint region: RevokeBias
[2019-12-09T01:52:51.992+0000][1][safepoint    ] Leaving safepoint region
[2019-12-09T01:52:51.992+0000][1][safepoint    ] Total time for which application threads were stopped: 0.0001293 seconds, Stopping threads took: 0.0000135 seconds
[2019-12-09T01:52:52.110+0000][1][safepoint    ] Application time: 0.1181953 seconds
[2019-12-09T01:52:52.110+0000][1][safepoint    ] Entering safepoint region: RevokeBias
[2019-12-09T01:52:52.111+0000][1][safepoint    ] Leaving safepoint region
[2019-12-09T01:52:52.111+0000][1][safepoint    ] Total time for which application threads were stopped: 0.0006599 seconds, Stopping threads took: 0.0000619 seconds
[2019-12-09T01:52:52.115+0000][1][safepoint    ] Application time: 0.0040368 seconds
[2019-12-09T01:52:52.115+0000][1][safepoint    ] Entering safepoint region: RevokeBias
[2019-12-09T01:52:52.115+0000][1][safepoint    ] Leaving safepoint region
[2019-12-09T01:52:52.115+0000][1][safepoint    ] Total time for which application threads were stopped: 0.0001395 seconds, Stopping threads took: 0.0000175 seconds
[2019-12-09T01:52:52.120+0000][1][safepoint    ] Application time: 0.0054976 seconds
[2019-12-09T01:52:52.120+0000][1][safepoint    ] Entering safepoint region: RevokeBias
[2019-12-09T01:52:52.121+0000][1][safepoint    ] Leaving safepoint region
[2019-12-09T01:52:52.121+0000][1][safepoint    ] Total time for which application threads were stopped: 0.0001173 seconds, Stopping threads took: 0.0000176 seconds
[2019-12-09T01:52:52.124+0000][1][safepoint    ] Application time: 0.0031365 seconds
[2019-12-09T01:52:52.130+0000][1][safepoint    ] Entering safepoint region: RevokeBias
[2019-12-09T01:52:52.130+0000][1][safepoint    ] Leaving safepoint region
[2019-12-09T01:52:52.130+0000][1][safepoint    ] Total time for which application threads were stopped: 0.0061887 seconds, Stopping threads took: 0.0060731 seconds
[2019-12-09T01:52:52.133+0000][1][safepoint    ] Application time: 0.0027034 seconds
[2019-12-09T01:52:52.133+0000][1][safepoint    ] Entering safepoint region: RevokeBias
[2019-12-09T01:52:52.133+0000][1][safepoint    ] Leaving safepoint region
[2019-12-09T01:52:52.133+0000][1][safepoint    ] Total time for which application threads were stopped: 0.0001029 seconds, Stopping threads took: 0.0000132 seconds
[2019-12-09T01:52:52.133+0000][1][safepoint    ] Application time: 0.0003692 seconds
[2019-12-09T01:52:52.133+0000][1][safepoint    ] Entering safepoint region: RevokeBias
[2019-12-09T01:52:52.133+0000][1][safepoint    ] Leaving safepoint region
[2019-12-09T01:52:52.133+0000][1][safepoint    ] Total time for which application threads were stopped: 0.0000766 seconds, Stopping threads took: 0.0000124 seconds
[2019-12-09T01:52:52.134+0000][1][safepoint    ] Application time: 0.0011937 seconds
[2019-12-09T01:52:52.134+0000][1][safepoint    ] Entering safepoint region: RevokeBias
[2019-12-09T01:52:52.135+0000][1][safepoint    ] Leaving safepoint region
[2019-12-09T01:52:52.135+0000][1][safepoint    ] Total time for which application threads were stopped: 0.0000935 seconds, Stopping threads took: 0.0000138 seconds
[2019-12-09T01:52:52.160+0000][1][safepoint    ] Application time: 0.0255303 seconds
[2019-12-09T01:52:52.160+0000][1][safepoint    ] Entering safepoint region: RevokeBias
[2019-12-09T01:52:52.160+0000][1][safepoint    ] Leaving safepoint region
[2019-12-09T01:52:52.160+0000][1][safepoint    ] Total time for which application threads were stopped: 0.0001104 seconds, Stopping threads took: 0.0000171 seconds
[2019-12-09T01:52:52.160+0000][1][safepoint    ] Application time: 0.0002279 seconds
[2019-12-09T01:52:52.160+0000][1][safepoint    ] Entering safepoint region: BulkRevokeBias
[2019-12-09T01:52:52.161+0000][1][safepoint    ] Leaving safepoint region
[2019-12-09T01:52:52.161+0000][1][safepoint    ] Total time for which application threads were stopped: 0.0004070 seconds, Stopping threads took: 0.0000141 seconds
[2019-12-09T01:52:52.204+0000][1][safepoint    ] Application time: 0.0430202 seconds
[2019-12-09T01:52:52.204+0000][1][safepoint    ] Entering safepoint region: RevokeBias
[2019-12-09T01:52:52.204+0000][1][safepoint    ] Leaving safepoint region
[2019-12-09T01:52:52.204+0000][1][safepoint    ] Total time for which application threads were stopped: 0.0002307 seconds, Stopping threads took: 0.0001275 seconds
[2019-12-09T01:52:52.205+0000][1][safepoint    ] Application time: 0.0003821 seconds
[2019-12-09T01:52:52.205+0000][1][safepoint    ] Entering safepoint region: RevokeBias
[2019-12-09T01:52:52.205+0000][1][safepoint    ] Leaving safepoint region
[2019-12-09T01:52:52.205+0000][1][safepoint    ] Total time for which application threads were stopped: 0.0001417 seconds, Stopping threads took: 0.0000139 seconds
[2019-12-09T01:52:52.205+0000][1][safepoint    ] Application time: 0.0001984 seconds
[2019-12-09T01:52:52.205+0000][1][safepoint    ] Entering safepoint region: RevokeBias
[2019-12-09T01:52:52.205+0000][1][safepoint    ] Leaving safepoint region
[2019-12-09T01:52:52.205+0000][1][safepoint    ] Total time for which application threads were stopped: 0.0001008 seconds, Stopping threads took: 0.0000119 seconds
[2019-12-09T01:52:52.213+0000][1][safepoint    ] Application time: 0.0078278 seconds
[2019-12-09T01:52:52.213+0000][1][safepoint    ] Entering safepoint region: RevokeBias
[2019-12-09T01:52:52.213+0000][1][safepoint    ] Leaving safepoint region
[2019-12-09T01:52:52.213+0000][1][safepoint    ] Total time for which application threads were stopped: 0.0000878 seconds, Stopping threads took: 0.0000147 seconds
[2019-12-09T01:52:52.268+0000][1][safepoint    ] Application time: 0.0552640 seconds
[2019-12-09T01:52:52.268+0000][1][safepoint    ] Entering safepoint region: RevokeBias
[2019-12-09T01:52:52.269+0000][1][safepoint    ] Leaving safepoint region
[2019-12-09T01:52:52.269+0000][1][safepoint    ] Total time for which application threads were stopped: 0.0002716 seconds, Stopping threads took: 0.0001461 seconds
[2019-12-09T01:52:52.270+0000][1][safepoint    ] Application time: 0.0009948 seconds
[2019-12-09T01:52:52.270+0000][1][safepoint    ] Entering safepoint region: RevokeBias
[2019-12-09T01:52:52.270+0000][1][safepoint    ] Leaving safepoint region
[2019-12-09T01:52:52.270+0000][1][safepoint    ] Total time for which application threads were stopped: 0.0001170 seconds, Stopping threads took: 0.0000151 seconds
[2019-12-09T01:52:52.286+0000][1][safepoint    ] Application time: 0.0159749 seconds
[2019-12-09T01:52:52.286+0000][1][safepoint    ] Entering safepoint region: RevokeBias
[2019-12-09T01:52:52.286+0000][1][safepoint    ] Leaving safepoint region
[2019-12-09T01:52:52.286+0000][1][safepoint    ] Total time for which application threads were stopped: 0.0001095 seconds, Stopping threads took: 0.0000134 seconds
[2019-12-09T01:52:52.288+0000][1][safepoint    ] Application time: 0.0020705 seconds
[2019-12-09T01:52:52.288+0000][1][safepoint    ] Entering safepoint region: RevokeBias
[2019-12-09T01:52:52.288+0000][1][safepoint    ] Leaving safepoint region
[2019-12-09T01:52:52.288+0000][1][safepoint    ] Total time for which application threads were stopped: 0.0000915 seconds, Stopping threads took: 0.0000147 seconds
[2019-12-09T01:52:52.288+0000][1][safepoint    ] Application time: 0.0002239 seconds
[2019-12-09T01:52:52.288+0000][1][safepoint    ] Entering safepoint region: RevokeBias
[2019-12-09T01:52:52.288+0000][1][safepoint    ] Leaving safepoint region
[2019-12-09T01:52:52.288+0000][1][safepoint    ] Total time for which application threads were stopped: 0.0001046 seconds, Stopping threads took: 0.0000391 seconds
[2019-12-09T01:52:52.297+0000][1][safepoint    ] Application time: 0.0085203 seconds
[2019-12-09T01:52:52.297+0000][1][safepoint    ] Entering safepoint region: RevokeBias
[2019-12-09T01:52:52.297+0000][1][safepoint    ] Leaving safepoint region
[2019-12-09T01:52:52.297+0000][1][safepoint    ] Total time for which application threads were stopped: 0.0001014 seconds, Stopping threads took: 0.0000241 seconds
[2019-12-09T01:52:52.297+0000][1][safepoint    ] Application time: 0.0003935 seconds
[2019-12-09T01:52:52.297+0000][1][safepoint    ] Entering safepoint region: RevokeBias
[2019-12-09T01:52:52.298+0000][1][safepoint    ] Leaving safepoint region
[2019-12-09T01:52:52.298+0000][1][safepoint    ] Total time for which application threads were stopped: 0.0000797 seconds, Stopping threads took: 0.0000121 seconds
[2019-12-09T01:52:52.319+0000][1][safepoint    ] Application time: 0.0213737 seconds
[2019-12-09T01:52:52.319+0000][1][safepoint    ] Entering safepoint region: RevokeBias
[2019-12-09T01:52:52.319+0000][1][safepoint    ] Leaving safepoint region
[2019-12-09T01:52:52.319+0000][1][safepoint    ] Total time for which application threads were stopped: 0.0000946 seconds, Stopping threads took: 0.0000140 seconds
[2019-12-09T01:52:52.319+0000][1][safepoint    ] Application time: 0.0002368 seconds
[2019-12-09T01:52:52.319+0000][1][safepoint    ] Entering safepoint region: RevokeBias
[2019-12-09T01:52:52.319+0000][1][safepoint    ] Leaving safepoint region
[2019-12-09T01:52:52.319+0000][1][safepoint    ] Total time for which application threads were stopped: 0.0000827 seconds, Stopping threads took: 0.0000136 seconds
[2019-12-09T01:52:52.357+0000][1][safepoint    ] Application time: 0.0380142 seconds
[2019-12-09T01:52:52.402+0000][1][safepoint    ] Entering safepoint region: RevokeBias
[2019-12-09T01:52:52.402+0000][1][safepoint    ] Leaving safepoint region
[2019-12-09T01:52:52.402+0000][1][safepoint    ] Total time for which application threads were stopped: 0.0448194 seconds, Stopping threads took: 0.0446990 seconds
[2019-12-09T01:52:52.402+0000][1][safepoint    ] Application time: 0.0000847 seconds
[2019-12-09T01:52:52.402+0000][1][safepoint    ] Entering safepoint region: RevokeBias
[2019-12-09T01:52:52.402+0000][1][safepoint    ] Leaving safepoint region
[2019-12-09T01:52:52.402+0000][1][safepoint    ] Total time for which application threads were stopped: 0.0000932 seconds, Stopping threads took: 0.0000137 seconds
[2019-12-09T01:52:52.607+0000][1][safepoint    ] Application time: 0.2049974 seconds
[2019-12-09T01:52:52.607+0000][1][safepoint    ] Entering safepoint region: Deoptimize
[2019-12-09T01:52:52.608+0000][1][safepoint    ] Leaving safepoint region
[2019-12-09T01:52:52.608+0000][1][safepoint    ] Total time for which application threads were stopped: 0.0007697 seconds, Stopping threads took: 0.0000201 seconds
[2019-12-09T01:52:53.197+0000][1][safepoint    ] Application time: 0.5889490 seconds
[2019-12-09T01:52:53.197+0000][1][safepoint    ] Entering safepoint region: RevokeBias
[2019-12-09T01:52:53.197+0000][1][safepoint    ] Leaving safepoint region
[2019-12-09T01:52:53.197+0000][1][safepoint    ] Total time for which application threads were stopped: 0.0001961 seconds, Stopping threads took: 0.0000826 seconds
[2019-12-09T01:52:54.198+0000][1][safepoint    ] Application time: 1.0002666 seconds
[2019-12-09T01:52:54.198+0000][1][safepoint    ] Entering safepoint region: Cleanup
[2019-12-09T01:52:54.198+0000][1][safepoint    ] Leaving safepoint region
[2019-12-09T01:52:54.198+0000][1][safepoint    ] Total time for which application threads were stopped: 0.0001090 seconds, Stopping threads took: 0.0000229 seconds
[2019-12-09T01:52:54.255+0000][1][safepoint    ] Application time: 0.0569939 seconds
[2019-12-09T01:52:54.309+0000][1][safepoint    ] Entering safepoint region: RevokeBias
[2019-12-09T01:52:54.309+0000][1][safepoint    ] Leaving safepoint region
[2019-12-09T01:52:54.309+0000][1][safepoint    ] Total time for which application threads were stopped: 0.0539756 seconds, Stopping threads took: 0.0538486 seconds
[2019-12-09T01:52:54.358+0000][1][safepoint    ] Application time: 0.0488660 seconds
[2019-12-09T01:52:54.400+0000][1][safepoint    ] Entering safepoint region: RevokeBias
[2019-12-09T01:52:54.400+0000][1][safepoint    ] Leaving safepoint region
[2019-12-09T01:52:54.400+0000][1][safepoint    ] Total time for which application threads were stopped: 0.0421927 seconds, Stopping threads took: 0.0420763 seconds
[2019-12-09T01:52:54.402+0000][1][safepoint    ] Application time: 0.0022362 seconds
[2019-12-09T01:52:54.402+0000][1][safepoint    ] Entering safepoint region: RevokeBias
[2019-12-09T01:52:54.402+0000][1][safepoint    ] Leaving safepoint region
[2019-12-09T01:52:54.402+0000][1][safepoint    ] Total time for which application threads were stopped: 0.0001023 seconds, Stopping threads took: 0.0000177 seconds
[2019-12-09T01:52:54.402+0000][1][safepoint    ] Application time: 0.0001098 seconds
[2019-12-09T01:52:54.402+0000][1][safepoint    ] Entering safepoint region: RevokeBias
[2019-12-09T01:52:54.403+0000][1][safepoint    ] Leaving safepoint region
[2019-12-09T01:52:54.403+0000][1][safepoint    ] Total time for which application threads were stopped: 0.0000528 seconds, Stopping threads took: 0.0000096 seconds
[2019-12-09T01:52:55.403+0000][1][safepoint    ] Application time: 1.0001803 seconds
[2019-12-09T01:52:55.403+0000][1][safepoint    ] Entering safepoint region: Cleanup
[2019-12-09T01:52:55.403+0000][1][safepoint    ] Leaving safepoint region
[2019-12-09T01:52:55.403+0000][1][safepoint    ] Total time for which application threads were stopped: 0.0001049 seconds, Stopping threads took: 0.0000228 seconds
[2019-12-09T01:52:56.419+0000][1][safepoint    ] Application time: 1.0156650 seconds
[2019-12-09T01:52:56.419+0000][1][safepoint    ] Entering safepoint region: Cleanup
[2019-12-09T01:52:56.419+0000][1][safepoint    ] Leaving safepoint region
[2019-12-09T01:52:56.419+0000][1][safepoint    ] Total time for which application threads were stopped: 0.0001185 seconds, Stopping threads took: 0.0000350 seconds
[2019-12-09T01:52:56.864+0000][1][safepoint    ] Application time: 0.4452031 seconds
[2019-12-09T01:52:56.889+0000][1][safepoint    ] Entering safepoint region: RevokeBias
[2019-12-09T01:52:56.889+0000][1][safepoint    ] Leaving safepoint region
[2019-12-09T01:52:56.889+0000][1][safepoint    ] Total time for which application threads were stopped: 0.0249235 seconds, Stopping threads took: 0.0248266 seconds
[2019-12-09T01:52:56.959+0000][1][safepoint    ] Application time: 0.0704553 seconds
[2019-12-09T01:52:56.959+0000][1][safepoint    ] Entering safepoint region: RevokeBias
[2019-12-09T01:52:56.960+0000][1][safepoint    ] Leaving safepoint region
[2019-12-09T01:52:56.960+0000][1][safepoint    ] Total time for which application threads were stopped: 0.0001576 seconds, Stopping threads took: 0.0000664 seconds
[2019-12-09T01:52:56.960+0000][1][safepoint    ] Application time: 0.0004277 seconds
[2019-12-09T01:52:56.960+0000][1][safepoint    ] Entering safepoint region: RevokeBias
[2019-12-09T01:52:56.960+0000][1][safepoint    ] Leaving safepoint region
[2019-12-09T01:52:56.960+0000][1][safepoint    ] Total time for which application threads were stopped: 0.0000837 seconds, Stopping threads took: 0.0000155 seconds
[2019-12-09T01:52:56.960+0000][1][safepoint    ] Application time: 0.0000594 seconds
[2019-12-09T01:52:56.960+0000][1][safepoint    ] Entering safepoint region: RevokeBias
[2019-12-09T01:52:56.960+0000][1][safepoint    ] Leaving safepoint region
[2019-12-09T01:52:56.960+0000][1][safepoint    ] Total time for which application threads were stopped: 0.0000549 seconds, Stopping threads took: 0.0000096 seconds
[2019-12-09T01:52:56.960+0000][1][safepoint    ] Application time: 0.0001790 seconds
[2019-12-09T01:52:56.960+0000][1][safepoint    ] Entering safepoint region: RevokeBias
[2019-12-09T01:52:56.960+0000][1][safepoint    ] Leaving safepoint region
[2019-12-09T01:52:56.960+0000][1][safepoint    ] Total time for which application threads were stopped: 0.0000570 seconds, Stopping threads took: 0.0000105 seconds
[2019-12-09T01:52:56.962+0000][1][safepoint    ] Application time: 0.0013703 seconds
[2019-12-09T01:52:56.962+0000][1][safepoint    ] Entering safepoint region: RevokeBias
[2019-12-09T01:52:56.962+0000][1][safepoint    ] Leaving safepoint region
[2019-12-09T01:52:56.962+0000][1][safepoint    ] Total time for which application threads were stopped: 0.0000716 seconds, Stopping threads took: 0.0000149 seconds
[2019-12-09T01:52:56.962+0000][1][safepoint    ] Application time: 0.0002595 seconds
[2019-12-09T01:52:56.962+0000][1][safepoint    ] Entering safepoint region: RevokeBias
[2019-12-09T01:52:56.962+0000][1][safepoint    ] Leaving safepoint region
[2019-12-09T01:52:56.962+0000][1][safepoint    ] Total time for which application threads were stopped: 0.0000649 seconds, Stopping threads took: 0.0000133 seconds
[2019-12-09T01:52:56.987+0000][1][safepoint    ] Application time: 0.0246050 seconds
[2019-12-09T01:52:56.987+0000][1][safepoint    ] Entering safepoint region: BulkRevokeBias
[2019-12-09T01:52:56.988+0000][1][safepoint    ] Leaving safepoint region
[2019-12-09T01:52:56.988+0000][1][safepoint    ] Total time for which application threads were stopped: 0.0007006 seconds, Stopping threads took: 0.0000175 seconds
[2019-12-09T01:52:57.006+0000][1][safepoint    ] Application time: 0.0181733 seconds
[2019-12-09T01:52:57.006+0000][1][safepoint    ] Entering safepoint region: RevokeBias
[2019-12-09T01:52:57.006+0000][1][safepoint    ] Leaving safepoint region
[2019-12-09T01:52:57.006+0000][1][safepoint    ] Total time for which application threads were stopped: 0.0001008 seconds, Stopping threads took: 0.0000164 seconds
[2019-12-09T01:52:57.348+0000][1][safepoint    ] Application time: 0.3422304 seconds
[2019-12-09T01:52:57.348+0000][1][safepoint    ] Entering safepoint region: Deoptimize
[2019-12-09T01:52:57.349+0000][1][safepoint    ] Leaving safepoint region
[2019-12-09T01:52:57.349+0000][1][safepoint    ] Total time for which application threads were stopped: 0.0007662 seconds, Stopping threads took: 0.0000210 seconds
[2019-12-09T01:52:57.651+0000][1][safepoint    ] Application time: 0.3022896 seconds
[2019-12-09T01:52:57.651+0000][1][safepoint    ] Entering safepoint region: BulkRevokeBias
[2019-12-09T01:52:57.652+0000][1][safepoint    ] Leaving safepoint region
[2019-12-09T01:52:57.652+0000][1][safepoint    ] Total time for which application threads were stopped: 0.0006317 seconds, Stopping threads took: 0.0000198 seconds
[2019-12-09T01:52:57.684+0000][1][safepoint    ] Application time: 0.0320412 seconds
[2019-12-09T01:52:57.684+0000][1][safepoint    ] Entering safepoint region: RevokeBias
[2019-12-09T01:52:57.684+0000][1][safepoint    ] Leaving safepoint region
[2019-12-09T01:52:57.684+0000][1][safepoint    ] Total time for which application threads were stopped: 0.0001000 seconds, Stopping threads took: 0.0000190 seconds
[2019-12-09T01:52:57.695+0000][1][safepoint    ] Application time: 0.0108854 seconds
[2019-12-09T01:52:57.695+0000][1][safepoint    ] Entering safepoint region: RevokeBias
[2019-12-09T01:52:57.695+0000][1][safepoint    ] Leaving safepoint region
[2019-12-09T01:52:57.695+0000][1][safepoint    ] Total time for which application threads were stopped: 0.0000888 seconds, Stopping threads took: 0.0000181 seconds
[2019-12-09T01:52:57.730+0000][1][safepoint    ] Application time: 0.0353498 seconds
[2019-12-09T01:52:57.731+0000][1][safepoint    ] Entering safepoint region: RevokeBias
[2019-12-09T01:52:57.731+0000][1][safepoint    ] Leaving safepoint region
[2019-12-09T01:52:57.731+0000][1][safepoint    ] Total time for which application threads were stopped: 0.0000924 seconds, Stopping threads took: 0.0000165 seconds
[2019-12-09T01:52:57.747+0000][1][safepoint    ] Application time: 0.0162704 seconds
[2019-12-09T01:52:57.747+0000][1][safepoint    ] Entering safepoint region: RevokeBias
[2019-12-09T01:52:57.747+0000][1][safepoint    ] Leaving safepoint region
[2019-12-09T01:52:57.747+0000][1][safepoint    ] Total time for which application threads were stopped: 0.0000831 seconds, Stopping threads took: 0.0000173 seconds
[2019-12-09T01:52:57.755+0000][1][safepoint    ] Application time: 0.0077372 seconds
[2019-12-09T01:52:57.755+0000][1][safepoint    ] Entering safepoint region: RevokeBias
[2019-12-09T01:52:57.755+0000][1][safepoint    ] Leaving safepoint region
[2019-12-09T01:52:57.755+0000][1][safepoint    ] Total time for which application threads were stopped: 0.0000694 seconds, Stopping threads took: 0.0000151 seconds
[2019-12-09T01:52:57.755+0000][1][safepoint    ] Application time: 0.0000523 seconds
[2019-12-09T01:52:57.755+0000][1][safepoint    ] Entering safepoint region: RevokeBias
[2019-12-09T01:52:57.755+0000][1][safepoint    ] Leaving safepoint region
[2019-12-09T01:52:57.755+0000][1][safepoint    ] Total time for which application threads were stopped: 0.0000453 seconds, Stopping threads took: 0.0000088 seconds
[2019-12-09T01:52:57.755+0000][1][safepoint    ] Application time: 0.0000468 seconds
[2019-12-09T01:52:57.755+0000][1][safepoint    ] Entering safepoint region: RevokeBias
[2019-12-09T01:52:57.755+0000][1][safepoint    ] Leaving safepoint region
[2019-12-09T01:52:57.755+0000][1][safepoint    ] Total time for which application threads were stopped: 0.0000437 seconds, Stopping threads took: 0.0000083 seconds
[2019-12-09T01:52:57.755+0000][1][safepoint    ] Application time: 0.0000443 seconds
[2019-12-09T01:52:57.755+0000][1][safepoint    ] Entering safepoint region: RevokeBias
[2019-12-09T01:52:57.755+0000][1][safepoint    ] Leaving safepoint region
[2019-12-09T01:52:57.755+0000][1][safepoint    ] Total time for which application threads were stopped: 0.0000419 seconds, Stopping threads took: 0.0000080 seconds
[2019-12-09T01:52:57.755+0000][1][safepoint    ] Application time: 0.0000446 seconds
[2019-12-09T01:52:57.755+0000][1][safepoint    ] Entering safepoint region: RevokeBias
[2019-12-09T01:52:57.755+0000][1][safepoint    ] Leaving safepoint region
[2019-12-09T01:52:57.755+0000][1][safepoint    ] Total time for which application threads were stopped: 0.0000416 seconds, Stopping threads took: 0.0000084 seconds
[2019-12-09T01:52:57.755+0000][1][safepoint    ] Application time: 0.0000444 seconds
[2019-12-09T01:52:57.755+0000][1][safepoint    ] Entering safepoint region: RevokeBias
[2019-12-09T01:52:57.755+0000][1][safepoint    ] Leaving safepoint region
[2019-12-09T01:52:57.755+0000][1][safepoint    ] Total time for which application threads were stopped: 0.0000429 seconds, Stopping threads took: 0.0000075 seconds
[2019-12-09T01:52:57.755+0000][1][safepoint    ] Application time: 0.0000445 seconds
[2019-12-09T01:52:57.755+0000][1][safepoint    ] Entering safepoint region: RevokeBias
[2019-12-09T01:52:57.755+0000][1][safepoint    ] Leaving safepoint region
[2019-12-09T01:52:57.755+0000][1][safepoint    ] Total time for which application threads were stopped: 0.0000426 seconds, Stopping threads took: 0.0000082 seconds
[2019-12-09T01:52:57.871+0000][1][safepoint    ] Application time: 0.1158806 seconds
[2019-12-09T01:52:57.871+0000][1][safepoint    ] Entering safepoint region: RevokeBias
[2019-12-09T01:52:57.872+0000][1][safepoint    ] Leaving safepoint region
[2019-12-09T01:52:57.872+0000][1][safepoint    ] Total time for which application threads were stopped: 0.0001423 seconds, Stopping threads took: 0.0000618 seconds
[2019-12-09T01:52:57.873+0000][1][safepoint    ] Application time: 0.0012552 seconds
[2019-12-09T01:52:57.873+0000][1][safepoint    ] Entering safepoint region: RevokeBias
[2019-12-09T01:52:57.873+0000][1][safepoint    ] Leaving safepoint region
[2019-12-09T01:52:57.873+0000][1][safepoint    ] Total time for which application threads were stopped: 0.0000715 seconds, Stopping threads took: 0.0000142 seconds
[2019-12-09T01:52:57.941+0000][1][safepoint    ] Application time: 0.0680296 seconds
[2019-12-09T01:52:57.941+0000][1][safepoint    ] Entering safepoint region: RevokeBias
[2019-12-09T01:52:57.941+0000][1][safepoint    ] Leaving safepoint region
[2019-12-09T01:52:57.941+0000][1][safepoint    ] Total time for which application threads were stopped: 0.0001149 seconds, Stopping threads took: 0.0000198 seconds
[2019-12-09T01:52:57.942+0000][1][safepoint    ] Application time: 0.0010370 seconds
[2019-12-09T01:52:57.942+0000][1][safepoint    ] Entering safepoint region: RevokeBias
[2019-12-09T01:52:57.942+0000][1][safepoint    ] Leaving safepoint region
[2019-12-09T01:52:57.942+0000][1][safepoint    ] Total time for which application threads were stopped: 0.0000925 seconds, Stopping threads took: 0.0000174 seconds
[2019-12-09T01:52:57.947+0000][1][safepoint    ] Application time: 0.0052340 seconds
[2019-12-09T01:52:57.947+0000][1][safepoint    ] Entering safepoint region: RevokeBias
[2019-12-09T01:52:57.948+0000][1][safepoint    ] Leaving safepoint region
[2019-12-09T01:52:57.948+0000][1][safepoint    ] Total time for which application threads were stopped: 0.0000692 seconds, Stopping threads took: 0.0000148 seconds
[2019-12-09T01:52:57.955+0000][1][safepoint    ] Application time: 0.0077069 seconds
[2019-12-09T01:52:57.955+0000][1][safepoint    ] Entering safepoint region: RevokeBias
[2019-12-09T01:52:57.955+0000][1][safepoint    ] Leaving safepoint region
[2019-12-09T01:52:57.955+0000][1][safepoint    ] Total time for which application threads were stopped: 0.0000590 seconds, Stopping threads took: 0.0000133 seconds
[2019-12-09T01:52:58.956+0000][1][safepoint    ] Application time: 1.0004101 seconds
[2019-12-09T01:52:58.956+0000][1][safepoint    ] Entering safepoint region: Cleanup
[2019-12-09T01:52:58.956+0000][1][safepoint    ] Leaving safepoint region
[2019-12-09T01:52:58.956+0000][1][safepoint    ] Total time for which application threads were stopped: 0.0001366 seconds, Stopping threads took: 0.0000247 seconds
[2019-12-09T01:52:59.960+0000][1][safepoint    ] Application time: 1.0037493 seconds
[2019-12-09T01:52:59.960+0000][1][safepoint    ] Entering safepoint region: Cleanup
[2019-12-09T01:52:59.960+0000][1][safepoint    ] Leaving safepoint region
[2019-12-09T01:52:59.960+0000][1][safepoint    ] Total time for which application threads were stopped: 0.0001354 seconds, Stopping threads took: 0.0000298 seconds
[2019-12-09T01:53:00.963+0000][1][safepoint    ] Application time: 1.0028853 seconds
[2019-12-09T01:53:00.963+0000][1][safepoint    ] Entering safepoint region: Cleanup
[2019-12-09T01:53:00.963+0000][1][safepoint    ] Leaving safepoint region
[2019-12-09T01:53:00.963+0000][1][safepoint    ] Total time for which application threads were stopped: 0.0001140 seconds, Stopping threads took: 0.0000227 seconds
[2019-12-09T01:53:01.964+0000][1][safepoint    ] Application time: 1.0008814 seconds
[2019-12-09T01:53:01.964+0000][1][safepoint    ] Entering safepoint region: Cleanup
[2019-12-09T01:53:01.964+0000][1][safepoint    ] Leaving safepoint region
[2019-12-09T01:53:01.964+0000][1][safepoint    ] Total time for which application threads were stopped: 0.0001108 seconds, Stopping threads took: 0.0000231 seconds
[2019-12-09T01:53:02.677+0000][1][safepoint    ] Application time: 0.7126405 seconds
[2019-12-09T01:53:02.677+0000][1][safepoint    ] Entering safepoint region: GenCollectForAllocation
[2019-12-09T01:53:02.677+0000][1][gc,start     ] GC(23) Pause Young (Allocation Failure)
[2019-12-09T01:53:02.677+0000][1][gc,task      ] GC(23) Using 2 workers of 2 for evacuation
[2019-12-09T01:53:02.797+0000][1][gc,age       ] GC(23) Desired survivor size 4456448 bytes, new threshold 2 (max threshold 6)
[2019-12-09T01:53:02.797+0000][1][gc,age       ] GC(23) Age table with threshold 2 (max threshold 6)
[2019-12-09T01:53:02.797+0000][1][gc,age       ] GC(23) - age   1:    2089720 bytes,    2089720 total
[2019-12-09T01:53:02.797+0000][1][gc,age       ] GC(23) - age   2:    3602768 bytes,    5692488 total
[2019-12-09T01:53:02.797+0000][1][gc,heap      ] GC(23) ParNew: 78621K->6928K(78656K)
[2019-12-09T01:53:02.797+0000][1][gc,heap      ] GC(23) CMS: 59988K->64197K(174784K)
[2019-12-09T01:53:02.797+0000][1][gc,metaspace ] GC(23) Metaspace: 69160K->69160K(1112064K)
[2019-12-09T01:53:02.797+0000][1][gc           ] GC(23) Pause Young (Allocation Failure) 135M->69M(247M) 120.058ms
[2019-12-09T01:53:02.797+0000][1][gc,cpu       ] GC(23) User=0.05s Sys=0.00s Real=0.12s
[2019-12-09T01:53:02.797+0000][1][safepoint    ] Leaving safepoint region
[2019-12-09T01:53:02.797+0000][1][safepoint    ] Total time for which application threads were stopped: 0.1202721 seconds, Stopping threads took: 0.0000206 seconds
[2019-12-09T01:53:03.801+0000][1][safepoint    ] Application time: 1.0037177 seconds
[2019-12-09T01:53:03.801+0000][1][safepoint    ] Entering safepoint region: Cleanup
[2019-12-09T01:53:03.801+0000][1][safepoint    ] Leaving safepoint region
[2019-12-09T01:53:03.801+0000][1][safepoint    ] Total time for which application threads were stopped: 0.0001236 seconds, Stopping threads took: 0.0000264 seconds
[2019-12-09T01:53:04.626+0000][1][safepoint    ] Application time: 0.8248285 seconds
[2019-12-09T01:53:04.626+0000][1][safepoint    ] Entering safepoint region: RevokeBias
[2019-12-09T01:53:04.626+0000][1][safepoint    ] Leaving safepoint region
[2019-12-09T01:53:04.626+0000][1][safepoint    ] Total time for which application threads were stopped: 0.0001554 seconds, Stopping threads took: 0.0000227 seconds
[2019-12-09T01:53:04.694+0000][1][safepoint    ] Application time: 0.0685596 seconds
[2019-12-09T01:53:04.695+0000][1][safepoint    ] Entering safepoint region: Deoptimize
[2019-12-09T01:53:04.695+0000][1][safepoint    ] Leaving safepoint region
[2019-12-09T01:53:04.695+0000][1][safepoint    ] Total time for which application threads were stopped: 0.0007888 seconds, Stopping threads took: 0.0000217 seconds
[2019-12-09T01:53:04.716+0000][1][safepoint    ] Application time: 0.0204077 seconds
[2019-12-09T01:53:04.716+0000][1][safepoint    ] Entering safepoint region: RevokeBias
[2019-12-09T01:53:04.716+0000][1][safepoint    ] Leaving safepoint region
[2019-12-09T01:53:04.716+0000][1][safepoint    ] Total time for which application threads were stopped: 0.0001214 seconds, Stopping threads took: 0.0000196 seconds
[2019-12-09T01:53:04.716+0000][1][safepoint    ] Application time: 0.0003228 seconds
[2019-12-09T01:53:04.716+0000][1][safepoint    ] Entering safepoint region: RevokeBias
[2019-12-09T01:53:04.716+0000][1][safepoint    ] Leaving safepoint region
[2019-12-09T01:53:04.716+0000][1][safepoint    ] Total time for which application threads were stopped: 0.0000897 seconds, Stopping threads took: 0.0000144 seconds
[2019-12-09T01:53:04.730+0000][1][safepoint    ] Application time: 0.0135645 seconds
[2019-12-09T01:53:04.730+0000][1][safepoint    ] Entering safepoint region: Deoptimize
[2019-12-09T01:53:04.731+0000][1][safepoint    ] Leaving safepoint region
[2019-12-09T01:53:04.731+0000][1][safepoint    ] Total time for which application threads were stopped: 0.0008848 seconds, Stopping threads took: 0.0000147 seconds
[2019-12-09T01:53:04.736+0000][1][safepoint    ] Application time: 0.0050363 seconds
[2019-12-09T01:53:04.736+0000][1][safepoint    ] Entering safepoint region: Deoptimize
[2019-12-09T01:53:04.736+0000][1][safepoint    ] Leaving safepoint region
[2019-12-09T01:53:04.736+0000][1][safepoint    ] Total time for which application threads were stopped: 0.0005765 seconds, Stopping threads took: 0.0000151 seconds
[2019-12-09T01:53:05.740+0000][1][safepoint    ] Application time: 1.0032555 seconds
[2019-12-09T01:53:05.740+0000][1][safepoint    ] Entering safepoint region: Cleanup
[2019-12-09T01:53:05.740+0000][1][safepoint    ] Leaving safepoint region
[2019-12-09T01:53:05.740+0000][1][safepoint    ] Total time for which application threads were stopped: 0.0001409 seconds, Stopping threads took: 0.0000251 seconds
[2019-12-09T01:53:06.745+0000][1][safepoint    ] Application time: 1.0048154 seconds
[2019-12-09T01:53:06.745+0000][1][safepoint    ] Entering safepoint region: Cleanup
[2019-12-09T01:53:06.745+0000][1][safepoint    ] Leaving safepoint region
[2019-12-09T01:53:06.745+0000][1][safepoint    ] Total time for which application threads were stopped: 0.0001202 seconds, Stopping threads took: 0.0000258 seconds
[2019-12-09T01:53:07.746+0000][1][safepoint    ] Application time: 1.0008213 seconds
[2019-12-09T01:53:07.746+0000][1][safepoint    ] Entering safepoint region: Cleanup
[2019-12-09T01:53:07.746+0000][1][safepoint    ] Leaving safepoint region
[2019-12-09T01:53:07.746+0000][1][safepoint    ] Total time for which application threads were stopped: 0.0001290 seconds, Stopping threads took: 0.0000287 seconds
[2019-12-09T01:53:08.763+0000][1][safepoint    ] Application time: 1.0168160 seconds
[2019-12-09T01:53:08.763+0000][1][safepoint    ] Entering safepoint region: Cleanup
[2019-12-09T01:53:08.763+0000][1][safepoint    ] Leaving safepoint region
[2019-12-09T01:53:08.763+0000][1][safepoint    ] Total time for which application threads were stopped: 0.0001383 seconds, Stopping threads took: 0.0000277 seconds
[2019-12-09T01:53:09.769+0000][1][safepoint    ] Application time: 1.0058025 seconds
[2019-12-09T01:53:09.769+0000][1][safepoint    ] Entering safepoint region: Cleanup
[2019-12-09T01:53:09.769+0000][1][safepoint    ] Leaving safepoint region
[2019-12-09T01:53:09.769+0000][1][safepoint    ] Total time for which application threads were stopped: 0.0001329 seconds, Stopping threads took: 0.0000281 seconds
[2019-12-09T01:53:10.776+0000][1][safepoint    ] Application time: 1.0068956 seconds
[2019-12-09T01:53:10.776+0000][1][safepoint    ] Entering safepoint region: Cleanup
[2019-12-09T01:53:10.776+0000][1][safepoint    ] Leaving safepoint region
[2019-12-09T01:53:10.776+0000][1][safepoint    ] Total time for which application threads were stopped: 0.0001469 seconds, Stopping threads took: 0.0000292 seconds
[2019-12-09T01:53:11.777+0000][1][safepoint    ] Application time: 1.0007227 seconds
[2019-12-09T01:53:11.777+0000][1][safepoint    ] Entering safepoint region: Cleanup
[2019-12-09T01:53:11.777+0000][1][safepoint    ] Leaving safepoint region
[2019-12-09T01:53:11.777+0000][1][safepoint    ] Total time for which application threads were stopped: 0.0001310 seconds, Stopping threads took: 0.0000271 seconds
[2019-12-09T01:53:12.778+0000][1][safepoint    ] Application time: 1.0008227 seconds
[2019-12-09T01:53:12.778+0000][1][safepoint    ] Entering safepoint region: Cleanup
[2019-12-09T01:53:12.778+0000][1][safepoint    ] Leaving safepoint region
[2019-12-09T01:53:12.778+0000][1][safepoint    ] Total time for which application threads were stopped: 0.0001378 seconds, Stopping threads took: 0.0000269 seconds
[2019-12-09T01:53:13.779+0000][1][safepoint    ] Application time: 1.0007920 seconds
[2019-12-09T01:53:13.779+0000][1][safepoint    ] Entering safepoint region: Cleanup
[2019-12-09T01:53:13.779+0000][1][safepoint    ] Leaving safepoint region
[2019-12-09T01:53:13.779+0000][1][safepoint    ] Total time for which application threads were stopped: 0.0001446 seconds, Stopping threads took: 0.0000285 seconds
[2019-12-09T01:53:14.782+0000][1][safepoint    ] Application time: 1.0028070 seconds
[2019-12-09T01:53:14.782+0000][1][safepoint    ] Entering safepoint region: Cleanup
[2019-12-09T01:53:14.782+0000][1][safepoint    ] Leaving safepoint region
[2019-12-09T01:53:14.782+0000][1][safepoint    ] Total time for which application threads were stopped: 0.0001534 seconds, Stopping threads took: 0.0000272 seconds
[2019-12-09T01:53:15.784+0000][1][safepoint    ] Application time: 1.0018028 seconds
[2019-12-09T01:53:15.784+0000][1][safepoint    ] Entering safepoint region: Cleanup
[2019-12-09T01:53:15.784+0000][1][safepoint    ] Leaving safepoint region
[2019-12-09T01:53:15.784+0000][1][safepoint    ] Total time for which application threads were stopped: 0.0001365 seconds, Stopping threads took: 0.0000279 seconds
[2019-12-09T01:53:16.787+0000][1][safepoint    ] Application time: 1.0028014 seconds
[2019-12-09T01:53:16.787+0000][1][safepoint    ] Entering safepoint region: Cleanup
[2019-12-09T01:53:16.787+0000][1][safepoint    ] Leaving safepoint region
[2019-12-09T01:53:16.787+0000][1][safepoint    ] Total time for which application threads were stopped: 0.0001242 seconds, Stopping threads took: 0.0000264 seconds
[2019-12-09T01:53:17.787+0000][1][safepoint    ] Application time: 1.0000847 seconds
[2019-12-09T01:53:17.787+0000][1][safepoint    ] Entering safepoint region: Cleanup
[2019-12-09T01:53:17.787+0000][1][safepoint    ] Leaving safepoint region
[2019-12-09T01:53:17.787+0000][1][safepoint    ] Total time for which application threads were stopped: 0.0001302 seconds, Stopping threads took: 0.0000271 seconds
[2019-12-09T01:53:18.790+0000][1][safepoint    ] Application time: 1.0026061 seconds
[2019-12-09T01:53:18.790+0000][1][safepoint    ] Entering safepoint region: Cleanup
[2019-12-09T01:53:18.790+0000][1][safepoint    ] Leaving safepoint region
[2019-12-09T01:53:18.790+0000][1][safepoint    ] Total time for which application threads were stopped: 0.0001341 seconds, Stopping threads took: 0.0000303 seconds
[2019-12-09T01:53:19.791+0000][1][safepoint    ] Application time: 1.0007726 seconds
[2019-12-09T01:53:19.791+0000][1][safepoint    ] Entering safepoint region: Cleanup
[2019-12-09T01:53:19.791+0000][1][safepoint    ] Leaving safepoint region
[2019-12-09T01:53:19.791+0000][1][safepoint    ] Total time for which application threads were stopped: 0.0001284 seconds, Stopping threads took: 0.0000255 seconds
[2019-12-09T01:53:20.791+0000][1][safepoint    ] Application time: 1.0000844 seconds
[2019-12-09T01:53:20.791+0000][1][safepoint    ] Entering safepoint region: Cleanup
[2019-12-09T01:53:20.791+0000][1][safepoint    ] Leaving safepoint region
[2019-12-09T01:53:20.791+0000][1][safepoint    ] Total time for which application threads were stopped: 0.0001136 seconds, Stopping threads took: 0.0000229 seconds
[2019-12-09T01:53:21.791+0000][1][safepoint    ] Application time: 1.0000794 seconds
[2019-12-09T01:53:21.791+0000][1][safepoint    ] Entering safepoint region: Cleanup
[2019-12-09T01:53:21.791+0000][1][safepoint    ] Leaving safepoint region
[2019-12-09T01:53:21.791+0000][1][safepoint    ] Total time for which application threads were stopped: 0.0001118 seconds, Stopping threads took: 0.0000208 seconds
[2019-12-09T01:53:22.791+0000][1][safepoint    ] Application time: 1.0000809 seconds
[2019-12-09T01:53:22.791+0000][1][safepoint    ] Entering safepoint region: Cleanup
[2019-12-09T01:53:22.792+0000][1][safepoint    ] Leaving safepoint region
[2019-12-09T01:53:22.792+0000][1][safepoint    ] Total time for which application threads were stopped: 0.0001146 seconds, Stopping threads took: 0.0000221 seconds
[2019-12-09T01:53:23.792+0000][1][safepoint    ] Application time: 1.0000925 seconds
[2019-12-09T01:53:23.792+0000][1][safepoint    ] Entering safepoint region: Cleanup
[2019-12-09T01:53:23.792+0000][1][safepoint    ] Leaving safepoint region
[2019-12-09T01:53:23.792+0000][1][safepoint    ] Total time for which application threads were stopped: 0.0001098 seconds, Stopping threads took: 0.0000210 seconds
[2019-12-09T01:53:24.792+0000][1][safepoint    ] Application time: 1.0000760 seconds
[2019-12-09T01:53:24.792+0000][1][safepoint    ] Entering safepoint region: Cleanup
[2019-12-09T01:53:24.792+0000][1][safepoint    ] Leaving safepoint region
[2019-12-09T01:53:24.792+0000][1][safepoint    ] Total time for which application threads were stopped: 0.0000845 seconds, Stopping threads took: 0.0000154 seconds
[2019-12-09T01:53:25.792+0000][1][safepoint    ] Application time: 1.0000768 seconds
[2019-12-09T01:53:25.792+0000][1][safepoint    ] Entering safepoint region: Cleanup
[2019-12-09T01:53:25.792+0000][1][safepoint    ] Leaving safepoint region
[2019-12-09T01:53:25.792+0000][1][safepoint    ] Total time for which application threads were stopped: 0.0000898 seconds, Stopping threads took: 0.0000180 seconds
[2019-12-09T01:53:26.792+0000][1][safepoint    ] Application time: 1.0000775 seconds
[2019-12-09T01:53:26.792+0000][1][safepoint    ] Entering safepoint region: Cleanup
[2019-12-09T01:53:26.792+0000][1][safepoint    ] Leaving safepoint region
[2019-12-09T01:53:26.792+0000][1][safepoint    ] Total time for which application threads were stopped: 0.0000922 seconds, Stopping threads took: 0.0000183 seconds
[2019-12-09T01:53:27.793+0000][1][safepoint    ] Application time: 1.0000765 seconds
[2019-12-09T01:53:27.793+0000][1][safepoint    ] Entering safepoint region: Cleanup
[2019-12-09T01:53:27.793+0000][1][safepoint    ] Leaving safepoint region
[2019-12-09T01:53:27.793+0000][1][safepoint    ] Total time for which application threads were stopped: 0.0000826 seconds, Stopping threads took: 0.0000175 seconds
[2019-12-09T01:53:28.793+0000][1][safepoint    ] Application time: 1.0000757 seconds
[2019-12-09T01:53:28.793+0000][1][safepoint    ] Entering safepoint region: Cleanup
[2019-12-09T01:53:28.793+0000][1][safepoint    ] Leaving safepoint region
[2019-12-09T01:53:28.793+0000][1][safepoint    ] Total time for which application threads were stopped: 0.0000947 seconds, Stopping threads took: 0.0000174 seconds
[2019-12-09T01:53:29.793+0000][1][safepoint    ] Application time: 1.0000766 seconds
[2019-12-09T01:53:29.793+0000][1][safepoint    ] Entering safepoint region: Cleanup
[2019-12-09T01:53:29.793+0000][1][safepoint    ] Leaving safepoint region
[2019-12-09T01:53:29.793+0000][1][safepoint    ] Total time for which application threads were stopped: 0.0000899 seconds, Stopping threads took: 0.0000158 seconds
[2019-12-09T01:53:30.793+0000][1][safepoint    ] Application time: 1.0000760 seconds
[2019-12-09T01:53:30.793+0000][1][safepoint    ] Entering safepoint region: Cleanup
[2019-12-09T01:53:30.793+0000][1][safepoint    ] Leaving safepoint region
[2019-12-09T01:53:30.793+0000][1][safepoint    ] Total time for which application threads were stopped: 0.0000907 seconds, Stopping threads took: 0.0000173 seconds
[2019-12-09T01:53:31.793+0000][1][safepoint    ] Application time: 1.0000761 seconds
[2019-12-09T01:53:31.793+0000][1][safepoint    ] Entering safepoint region: Cleanup
[2019-12-09T01:53:31.793+0000][1][safepoint    ] Leaving safepoint region
[2019-12-09T01:53:31.793+0000][1][safepoint    ] Total time for which application threads were stopped: 0.0000851 seconds, Stopping threads took: 0.0000177 seconds
[2019-12-09T01:53:32.794+0000][1][safepoint    ] Application time: 1.0000781 seconds
[2019-12-09T01:53:32.794+0000][1][safepoint    ] Entering safepoint region: Cleanup
[2019-12-09T01:53:32.794+0000][1][safepoint    ] Leaving safepoint region
[2019-12-09T01:53:32.794+0000][1][safepoint    ] Total time for which application threads were stopped: 0.0000970 seconds, Stopping threads took: 0.0000234 seconds
[2019-12-09T01:53:33.794+0000][1][safepoint    ] Application time: 1.0000771 seconds
[2019-12-09T01:53:33.794+0000][1][safepoint    ] Entering safepoint region: Cleanup
[2019-12-09T01:53:33.794+0000][1][safepoint    ] Leaving safepoint region
[2019-12-09T01:53:33.794+0000][1][safepoint    ] Total time for which application threads were stopped: 0.0000773 seconds, Stopping threads took: 0.0000149 seconds
[2019-12-09T01:53:34.794+0000][1][safepoint    ] Application time: 1.0000752 seconds
[2019-12-09T01:53:34.794+0000][1][safepoint    ] Entering safepoint region: Cleanup
[2019-12-09T01:53:34.794+0000][1][safepoint    ] Leaving safepoint region
[2019-12-09T01:53:34.794+0000][1][safepoint    ] Total time for which application threads were stopped: 0.0000930 seconds, Stopping threads took: 0.0000235 seconds
[2019-12-09T01:53:35.794+0000][1][safepoint    ] Application time: 1.0000772 seconds
[2019-12-09T01:53:35.794+0000][1][safepoint    ] Entering safepoint region: Cleanup
[2019-12-09T01:53:35.794+0000][1][safepoint    ] Leaving safepoint region
[2019-12-09T01:53:35.794+0000][1][safepoint    ] Total time for which application threads were stopped: 0.0000887 seconds, Stopping threads took: 0.0000180 seconds
[2019-12-09T01:53:36.794+0000][1][safepoint    ] Application time: 1.0000759 seconds
[2019-12-09T01:53:36.794+0000][1][safepoint    ] Entering safepoint region: Cleanup
[2019-12-09T01:53:36.794+0000][1][safepoint    ] Leaving safepoint region
[2019-12-09T01:53:36.794+0000][1][safepoint    ] Total time for which application threads were stopped: 0.0000877 seconds, Stopping threads took: 0.0000160 seconds
[2019-12-09T01:53:37.795+0000][1][safepoint    ] Application time: 1.0000742 seconds
[2019-12-09T01:53:37.795+0000][1][safepoint    ] Entering safepoint region: Cleanup
[2019-12-09T01:53:37.795+0000][1][safepoint    ] Leaving safepoint region
[2019-12-09T01:53:37.795+0000][1][safepoint    ] Total time for which application threads were stopped: 0.0000877 seconds, Stopping threads took: 0.0000169 seconds
[2019-12-09T01:53:39.558+0000][1][safepoint    ] Application time: 1.7633923 seconds
[2019-12-09T01:53:39.558+0000][1][safepoint    ] Entering safepoint region: Cleanup
[2019-12-09T01:53:39.558+0000][1][safepoint    ] Leaving safepoint region
[2019-12-09T01:53:39.558+0000][1][safepoint    ] Total time for which application threads were stopped: 0.0001823 seconds, Stopping threads took: 0.0000425 seconds
[2019-12-09T01:53:40.558+0000][1][safepoint    ] Application time: 1.0000836 seconds
[2019-12-09T01:53:40.558+0000][1][safepoint    ] Entering safepoint region: Cleanup
[2019-12-09T01:53:40.558+0000][1][safepoint    ] Leaving safepoint region
[2019-12-09T01:53:40.558+0000][1][safepoint    ] Total time for which application threads were stopped: 0.0001009 seconds, Stopping threads took: 0.0000171 seconds
[2019-12-09T01:53:41.559+0000][1][safepoint    ] Application time: 1.0000760 seconds
[2019-12-09T01:53:41.559+0000][1][safepoint    ] Entering safepoint region: Cleanup
[2019-12-09T01:53:41.559+0000][1][safepoint    ] Leaving safepoint region
[2019-12-09T01:53:41.559+0000][1][safepoint    ] Total time for which application threads were stopped: 0.0000996 seconds, Stopping threads took: 0.0000166 seconds
[2019-12-09T01:53:42.559+0000][1][safepoint    ] Application time: 1.0000782 seconds
[2019-12-09T01:53:42.559+0000][1][safepoint    ] Entering safepoint region: Cleanup
[2019-12-09T01:53:42.559+0000][1][safepoint    ] Leaving safepoint region
[2019-12-09T01:53:42.559+0000][1][safepoint    ] Total time for which application threads were stopped: 0.0000845 seconds, Stopping threads took: 0.0000169 seconds
[2019-12-09T01:53:43.559+0000][1][safepoint    ] Application time: 1.0000717 seconds
[2019-12-09T01:53:43.559+0000][1][safepoint    ] Entering safepoint region: Cleanup
[2019-12-09T01:53:43.559+0000][1][safepoint    ] Leaving safepoint region
[2019-12-09T01:53:43.559+0000][1][safepoint    ] Total time for which application threads were stopped: 0.0000950 seconds, Stopping threads took: 0.0000205 seconds
[2019-12-09T01:53:44.559+0000][1][safepoint    ] Application time: 1.0000746 seconds
[2019-12-09T01:53:44.559+0000][1][safepoint    ] Entering safepoint region: Cleanup
[2019-12-09T01:53:44.559+0000][1][safepoint    ] Leaving safepoint region
[2019-12-09T01:53:44.559+0000][1][safepoint    ] Total time for which application threads were stopped: 0.0000869 seconds, Stopping threads took: 0.0000153 seconds
[2019-12-09T01:53:45.559+0000][1][safepoint    ] Application time: 1.0000788 seconds
[2019-12-09T01:53:45.559+0000][1][safepoint    ] Entering safepoint region: Cleanup
[2019-12-09T01:53:45.560+0000][1][safepoint    ] Leaving safepoint region
[2019-12-09T01:53:45.560+0000][1][safepoint    ] Total time for which application threads were stopped: 0.0000973 seconds, Stopping threads took: 0.0000177 seconds
[2019-12-09T01:53:46.560+0000][1][safepoint    ] Application time: 1.0000820 seconds
[2019-12-09T01:53:46.560+0000][1][safepoint    ] Entering safepoint region: Cleanup
[2019-12-09T01:53:46.560+0000][1][safepoint    ] Leaving safepoint region
[2019-12-09T01:53:46.560+0000][1][safepoint    ] Total time for which application threads were stopped: 0.0001126 seconds, Stopping threads took: 0.0000323 seconds
[2019-12-09T01:53:47.560+0000][1][safepoint    ] Application time: 1.0000800 seconds
[2019-12-09T01:53:47.560+0000][1][safepoint    ] Entering safepoint region: Cleanup
[2019-12-09T01:53:47.560+0000][1][safepoint    ] Leaving safepoint region
[2019-12-09T01:53:47.560+0000][1][safepoint    ] Total time for which application threads were stopped: 0.0001061 seconds, Stopping threads took: 0.0000179 seconds
[2019-12-09T01:53:48.560+0000][1][safepoint    ] Application time: 1.0000836 seconds
[2019-12-09T01:53:48.560+0000][1][safepoint    ] Entering safepoint region: Cleanup
[2019-12-09T01:53:48.560+0000][1][safepoint    ] Leaving safepoint region
[2019-12-09T01:53:48.560+0000][1][safepoint    ] Total time for which application threads were stopped: 0.0000996 seconds, Stopping threads took: 0.0000182 seconds
[2019-12-09T01:53:49.560+0000][1][safepoint    ] Application time: 1.0000840 seconds
[2019-12-09T01:53:49.560+0000][1][safepoint    ] Entering safepoint region: Cleanup
[2019-12-09T01:53:49.561+0000][1][safepoint    ] Leaving safepoint region
[2019-12-09T01:53:49.561+0000][1][safepoint    ] Total time for which application threads were stopped: 0.0001398 seconds, Stopping threads took: 0.0000500 seconds
[2019-12-09T01:53:50.561+0000][1][safepoint    ] Application time: 1.0000859 seconds
[2019-12-09T01:53:50.561+0000][1][safepoint    ] Entering safepoint region: Cleanup
[2019-12-09T01:53:50.561+0000][1][safepoint    ] Leaving safepoint region
[2019-12-09T01:53:50.561+0000][1][safepoint    ] Total time for which application threads were stopped: 0.0001089 seconds, Stopping threads took: 0.0000194 seconds
[2019-12-09T01:53:51.561+0000][1][safepoint    ] Application time: 1.0000728 seconds
[2019-12-09T01:53:51.561+0000][1][safepoint    ] Entering safepoint region: Cleanup
[2019-12-09T01:53:51.561+0000][1][safepoint    ] Leaving safepoint region
[2019-12-09T01:53:51.561+0000][1][safepoint    ] Total time for which application threads were stopped: 0.0000861 seconds, Stopping threads took: 0.0000175 seconds
[2019-12-09T01:53:52.561+0000][1][safepoint    ] Application time: 1.0000780 seconds
[2019-12-09T01:53:52.561+0000][1][safepoint    ] Entering safepoint region: Cleanup
[2019-12-09T01:53:52.561+0000][1][safepoint    ] Leaving safepoint region
[2019-12-09T01:53:52.561+0000][1][safepoint    ] Total time for which application threads were stopped: 0.0001106 seconds, Stopping threads took: 0.0000187 seconds
[2019-12-09T01:53:53.561+0000][1][safepoint    ] Application time: 1.0000761 seconds
[2019-12-09T01:53:53.561+0000][1][safepoint    ] Entering safepoint region: Cleanup
[2019-12-09T01:53:53.561+0000][1][safepoint    ] Leaving safepoint region
[2019-12-09T01:53:53.561+0000][1][safepoint    ] Total time for which application threads were stopped: 0.0000939 seconds, Stopping threads took: 0.0000251 seconds
[2019-12-09T01:53:55.562+0000][1][safepoint    ] Application time: 2.0001462 seconds
[2019-12-09T01:53:55.562+0000][1][safepoint    ] Entering safepoint region: Cleanup
[2019-12-09T01:53:55.562+0000][1][safepoint    ] Leaving safepoint region
[2019-12-09T01:53:55.562+0000][1][safepoint    ] Total time for which application threads were stopped: 0.0001071 seconds, Stopping threads took: 0.0000220 seconds
[2019-12-09T01:53:56.562+0000][1][safepoint    ] Application time: 1.0000758 seconds
[2019-12-09T01:53:56.562+0000][1][safepoint    ] Entering safepoint region: Cleanup
[2019-12-09T01:53:56.562+0000][1][safepoint    ] Leaving safepoint region
[2019-12-09T01:53:56.562+0000][1][safepoint    ] Total time for which application threads were stopped: 0.0000964 seconds, Stopping threads took: 0.0000215 seconds
[2019-12-09T01:53:57.562+0000][1][safepoint    ] Application time: 1.0000768 seconds
[2019-12-09T01:53:57.562+0000][1][safepoint    ] Entering safepoint region: Cleanup
[2019-12-09T01:53:57.562+0000][1][safepoint    ] Leaving safepoint region
[2019-12-09T01:53:57.562+0000][1][safepoint    ] Total time for which application threads were stopped: 0.0000901 seconds, Stopping threads took: 0.0000188 seconds
[2019-12-09T01:53:58.562+0000][1][safepoint    ] Application time: 1.0000768 seconds
[2019-12-09T01:53:58.562+0000][1][safepoint    ] Entering safepoint region: Cleanup
[2019-12-09T01:53:58.562+0000][1][safepoint    ] Leaving safepoint region
[2019-12-09T01:53:58.562+0000][1][safepoint    ] Total time for which application threads were stopped: 0.0000887 seconds, Stopping threads took: 0.0000184 seconds
[2019-12-09T01:53:59.562+0000][1][safepoint    ] Application time: 1.0000783 seconds
[2019-12-09T01:53:59.562+0000][1][safepoint    ] Entering safepoint region: Cleanup
[2019-12-09T01:53:59.563+0000][1][safepoint    ] Leaving safepoint region
[2019-12-09T01:53:59.563+0000][1][safepoint    ] Total time for which application threads were stopped: 0.0000915 seconds, Stopping threads took: 0.0000183 seconds
[2019-12-09T01:54:00.563+0000][1][safepoint    ] Application time: 1.0000762 seconds
[2019-12-09T01:54:00.563+0000][1][safepoint    ] Entering safepoint region: Cleanup
[2019-12-09T01:54:00.563+0000][1][safepoint    ] Leaving safepoint region
[2019-12-09T01:54:00.563+0000][1][safepoint    ] Total time for which application threads were stopped: 0.0001018 seconds, Stopping threads took: 0.0000302 seconds
[2019-12-09T01:54:01.563+0000][1][safepoint    ] Application time: 1.0000771 seconds
[2019-12-09T01:54:01.563+0000][1][safepoint    ] Entering safepoint region: Cleanup
[2019-12-09T01:54:01.563+0000][1][safepoint    ] Leaving safepoint region
[2019-12-09T01:54:01.563+0000][1][safepoint    ] Total time for which application threads were stopped: 0.0000931 seconds, Stopping threads took: 0.0000221 seconds
[2019-12-09T01:54:02.563+0000][1][safepoint    ] Application time: 1.0000772 seconds
[2019-12-09T01:54:02.563+0000][1][safepoint    ] Entering safepoint region: Cleanup
[2019-12-09T01:54:02.563+0000][1][safepoint    ] Leaving safepoint region
[2019-12-09T01:54:02.563+0000][1][safepoint    ] Total time for which application threads were stopped: 0.0000951 seconds, Stopping threads took: 0.0000196 seconds
[2019-12-09T01:54:03.563+0000][1][safepoint    ] Application time: 1.0000737 seconds
[2019-12-09T01:54:03.563+0000][1][safepoint    ] Entering safepoint region: Cleanup
[2019-12-09T01:54:03.563+0000][1][safepoint    ] Leaving safepoint region
[2019-12-09T01:54:03.563+0000][1][safepoint    ] Total time for which application threads were stopped: 0.0000929 seconds, Stopping threads took: 0.0000170 seconds
[2019-12-09T01:54:04.564+0000][1][safepoint    ] Application time: 1.0000751 seconds
[2019-12-09T01:54:04.564+0000][1][safepoint    ] Entering safepoint region: Cleanup
[2019-12-09T01:54:04.564+0000][1][safepoint    ] Leaving safepoint region
[2019-12-09T01:54:04.564+0000][1][safepoint    ] Total time for which application threads were stopped: 0.0001121 seconds, Stopping threads took: 0.0000235 seconds
[2019-12-09T01:54:05.564+0000][1][safepoint    ] Application time: 1.0000765 seconds
[2019-12-09T01:54:05.564+0000][1][safepoint    ] Entering safepoint region: Cleanup
[2019-12-09T01:54:05.564+0000][1][safepoint    ] Leaving safepoint region
[2019-12-09T01:54:05.564+0000][1][safepoint    ] Total time for which application threads were stopped: 0.0000906 seconds, Stopping threads took: 0.0000181 seconds
[2019-12-09T01:54:08.421+0000][1][safepoint    ] Application time: 2.8572386 seconds
[2019-12-09T01:54:08.421+0000][1][safepoint    ] Entering safepoint region: GenCollectForAllocation
[2019-12-09T01:54:08.421+0000][1][gc,start     ] GC(24) Pause Young (Allocation Failure)
[2019-12-09T01:54:08.421+0000][1][gc,task      ] GC(24) Using 2 workers of 2 for evacuation
[2019-12-09T01:54:08.438+0000][1][gc,age       ] GC(24) Desired survivor size 4456448 bytes, new threshold 6 (max threshold 6)
[2019-12-09T01:54:08.438+0000][1][gc,age       ] GC(24) Age table with threshold 6 (max threshold 6)
[2019-12-09T01:54:08.438+0000][1][gc,age       ] GC(24) - age   1:     266824 bytes,     266824 total
[2019-12-09T01:54:08.438+0000][1][gc,age       ] GC(24) - age   2:    2046192 bytes,    2313016 total
[2019-12-09T01:54:08.438+0000][1][gc,heap      ] GC(24) ParNew: 76880K->5901K(78656K)
[2019-12-09T01:54:08.438+0000][1][gc,heap      ] GC(24) CMS: 64197K->67849K(174784K)
[2019-12-09T01:54:08.438+0000][1][gc,metaspace ] GC(24) Metaspace: 70589K->70589K(1114112K)
[2019-12-09T01:54:08.438+0000][1][gc           ] GC(24) Pause Young (Allocation Failure) 137M->72M(247M) 17.232ms
[2019-12-09T01:54:08.439+0000][1][gc,cpu       ] GC(24) User=0.03s Sys=0.00s Real=0.02s
[2019-12-09T01:54:08.439+0000][1][safepoint    ] Leaving safepoint region
[2019-12-09T01:54:08.439+0000][1][safepoint    ] Total time for which application threads were stopped: 0.0173965 seconds, Stopping threads took: 0.0000170 seconds
[2019-12-09T01:54:10.439+0000][1][safepoint    ] Application time: 2.0001558 seconds
[2019-12-09T01:54:10.439+0000][1][safepoint    ] Entering safepoint region: Cleanup
[2019-12-09T01:54:10.439+0000][1][safepoint    ] Leaving safepoint region
[2019-12-09T01:54:10.439+0000][1][safepoint    ] Total time for which application threads were stopped: 0.0000913 seconds, Stopping threads took: 0.0000184 seconds
[2019-12-09T01:54:13.439+0000][1][safepoint    ] Application time: 3.0002135 seconds
[2019-12-09T01:54:13.439+0000][1][safepoint    ] Entering safepoint region: Cleanup
[2019-12-09T01:54:13.439+0000][1][safepoint    ] Leaving safepoint region
[2019-12-09T01:54:13.439+0000][1][safepoint    ] Total time for which application threads were stopped: 0.0000960 seconds, Stopping threads took: 0.0000174 seconds
[2019-12-09T01:54:15.439+0000][1][safepoint    ] Application time: 2.0001441 seconds
[2019-12-09T01:54:15.439+0000][1][safepoint    ] Entering safepoint region: Cleanup
[2019-12-09T01:54:15.439+0000][1][safepoint    ] Leaving safepoint region
[2019-12-09T01:54:15.439+0000][1][safepoint    ] Total time for which application threads were stopped: 0.0000939 seconds, Stopping threads took: 0.0000198 seconds
[2019-12-09T01:54:17.440+0000][1][safepoint    ] Application time: 2.0001465 seconds
[2019-12-09T01:54:17.440+0000][1][safepoint    ] Entering safepoint region: Cleanup
[2019-12-09T01:54:17.440+0000][1][safepoint    ] Leaving safepoint region
[2019-12-09T01:54:17.440+0000][1][safepoint    ] Total time for which application threads were stopped: 0.0000995 seconds, Stopping threads took: 0.0000173 seconds
[2019-12-09T01:54:18.440+0000][1][safepoint    ] Application time: 1.0000777 seconds
[2019-12-09T01:54:18.440+0000][1][safepoint    ] Entering safepoint region: Cleanup
[2019-12-09T01:54:18.440+0000][1][safepoint    ] Leaving safepoint region
[2019-12-09T01:54:18.440+0000][1][safepoint    ] Total time for which application threads were stopped: 0.0000865 seconds, Stopping threads took: 0.0000168 seconds
[2019-12-09T01:54:19.440+0000][1][safepoint    ] Application time: 1.0000767 seconds
[2019-12-09T01:54:19.440+0000][1][safepoint    ] Entering safepoint region: Cleanup
[2019-12-09T01:54:19.440+0000][1][safepoint    ] Leaving safepoint region
[2019-12-09T01:54:19.440+0000][1][safepoint    ] Total time for which application threads were stopped: 0.0000955 seconds, Stopping threads took: 0.0000182 seconds
[2019-12-09T01:54:20.440+0000][1][safepoint    ] Application time: 1.0000756 seconds
[2019-12-09T01:54:20.440+0000][1][safepoint    ] Entering safepoint region: Cleanup
[2019-12-09T01:54:20.440+0000][1][safepoint    ] Leaving safepoint region
[2019-12-09T01:54:20.440+0000][1][safepoint    ] Total time for which application threads were stopped: 0.0000903 seconds, Stopping threads took: 0.0000216 seconds
[2019-12-09T01:54:21.440+0000][1][safepoint    ] Application time: 1.0000762 seconds
[2019-12-09T01:54:21.440+0000][1][safepoint    ] Entering safepoint region: Cleanup
[2019-12-09T01:54:21.441+0000][1][safepoint    ] Leaving safepoint region
[2019-12-09T01:54:21.441+0000][1][safepoint    ] Total time for which application threads were stopped: 0.0000907 seconds, Stopping threads took: 0.0000194 seconds
[2019-12-09T01:54:22.441+0000][1][safepoint    ] Application time: 1.0000769 seconds
[2019-12-09T01:54:22.441+0000][1][safepoint    ] Entering safepoint region: Cleanup
[2019-12-09T01:54:22.441+0000][1][safepoint    ] Leaving safepoint region
[2019-12-09T01:54:22.441+0000][1][safepoint    ] Total time for which application threads were stopped: 0.0000952 seconds, Stopping threads took: 0.0000203 seconds
[2019-12-09T01:54:23.441+0000][1][safepoint    ] Application time: 1.0000752 seconds
[2019-12-09T01:54:23.441+0000][1][safepoint    ] Entering safepoint region: Cleanup
[2019-12-09T01:54:23.441+0000][1][safepoint    ] Leaving safepoint region
[2019-12-09T01:54:23.441+0000][1][safepoint    ] Total time for which application threads were stopped: 0.0000852 seconds, Stopping threads took: 0.0000176 seconds
[2019-12-09T01:54:24.441+0000][1][safepoint    ] Application time: 1.0000764 seconds
[2019-12-09T01:54:24.441+0000][1][safepoint    ] Entering safepoint region: Cleanup
[2019-12-09T01:54:24.441+0000][1][safepoint    ] Leaving safepoint region
[2019-12-09T01:54:24.441+0000][1][safepoint    ] Total time for which application threads were stopped: 0.0000921 seconds, Stopping threads took: 0.0000176 seconds
[2019-12-09T01:54:29.442+0000][1][safepoint    ] Application time: 5.0003554 seconds
[2019-12-09T01:54:29.442+0000][1][safepoint    ] Entering safepoint region: Cleanup
[2019-12-09T01:54:29.442+0000][1][safepoint    ] Leaving safepoint region
[2019-12-09T01:54:29.442+0000][1][safepoint    ] Total time for which application threads were stopped: 0.0001115 seconds, Stopping threads took: 0.0000260 seconds
[2019-12-09T01:54:30.442+0000][1][safepoint    ] Application time: 1.0000740 seconds
[2019-12-09T01:54:30.442+0000][1][safepoint    ] Entering safepoint region: Cleanup
[2019-12-09T01:54:30.442+0000][1][safepoint    ] Leaving safepoint region
[2019-12-09T01:54:30.442+0000][1][safepoint    ] Total time for which application threads were stopped: 0.0000993 seconds, Stopping threads took: 0.0000275 seconds
[2019-12-09T01:54:31.442+0000][1][safepoint    ] Application time: 1.0000776 seconds
[2019-12-09T01:54:31.442+0000][1][safepoint    ] Entering safepoint region: Cleanup
[2019-12-09T01:54:31.442+0000][1][safepoint    ] Leaving safepoint region
[2019-12-09T01:54:31.442+0000][1][safepoint    ] Total time for which application threads were stopped: 0.0000869 seconds, Stopping threads took: 0.0000184 seconds
[2019-12-09T01:54:34.442+0000][1][safepoint    ] Application time: 3.0002111 seconds
[2019-12-09T01:54:34.442+0000][1][safepoint    ] Entering safepoint region: Cleanup
[2019-12-09T01:54:34.442+0000][1][safepoint    ] Leaving safepoint region
[2019-12-09T01:54:34.442+0000][1][safepoint    ] Total time for which application threads were stopped: 0.0000965 seconds, Stopping threads took: 0.0000181 seconds
[2019-12-09T01:54:39.443+0000][1][safepoint    ] Application time: 5.0003455 seconds
[2019-12-09T01:54:39.443+0000][1][safepoint    ] Entering safepoint region: Cleanup
[2019-12-09T01:54:39.443+0000][1][safepoint    ] Leaving safepoint region
[2019-12-09T01:54:39.443+0000][1][safepoint    ] Total time for which application threads were stopped: 0.0000921 seconds, Stopping threads took: 0.0000193 seconds
[2019-12-09T01:54:43.443+0000][1][safepoint    ] Application time: 4.0002818 seconds
[2019-12-09T01:54:43.443+0000][1][safepoint    ] Entering safepoint region: Cleanup
[2019-12-09T01:54:43.443+0000][1][safepoint    ] Leaving safepoint region
[2019-12-09T01:54:43.443+0000][1][safepoint    ] Total time for which application threads were stopped: 0.0000881 seconds, Stopping threads took: 0.0000207 seconds
[2019-12-09T01:54:47.444+0000][1][safepoint    ] Application time: 4.0002855 seconds
[2019-12-09T01:54:47.444+0000][1][safepoint    ] Entering safepoint region: Cleanup
[2019-12-09T01:54:47.444+0000][1][safepoint    ] Leaving safepoint region
[2019-12-09T01:54:47.444+0000][1][safepoint    ] Total time for which application threads were stopped: 0.0000878 seconds, Stopping threads took: 0.0000193 seconds
[2019-12-09T01:54:48.444+0000][1][safepoint    ] Application time: 1.0000761 seconds
[2019-12-09T01:54:48.444+0000][1][safepoint    ] Entering safepoint region: Cleanup
[2019-12-09T01:54:48.444+0000][1][safepoint    ] Leaving safepoint region
[2019-12-09T01:54:48.444+0000][1][safepoint    ] Total time for which application threads were stopped: 0.0000853 seconds, Stopping threads took: 0.0000162 seconds
[2019-12-09T01:54:50.444+0000][1][safepoint    ] Application time: 2.0001415 seconds
[2019-12-09T01:54:50.444+0000][1][safepoint    ] Entering safepoint region: Cleanup
[2019-12-09T01:54:50.444+0000][1][safepoint    ] Leaving safepoint region
[2019-12-09T01:54:50.444+0000][1][safepoint    ] Total time for which application threads were stopped: 0.0000865 seconds, Stopping threads took: 0.0000182 seconds
[2019-12-09T01:54:52.444+0000][1][safepoint    ] Application time: 2.0001423 seconds
[2019-12-09T01:54:52.444+0000][1][safepoint    ] Entering safepoint region: Cleanup
[2019-12-09T01:54:52.445+0000][1][safepoint    ] Leaving safepoint region
[2019-12-09T01:54:52.445+0000][1][safepoint    ] Total time for which application threads were stopped: 0.0000921 seconds, Stopping threads took: 0.0000193 seconds
[2019-12-09T01:54:54.445+0000][1][safepoint    ] Application time: 2.0001413 seconds
[2019-12-09T01:54:54.445+0000][1][safepoint    ] Entering safepoint region: Cleanup
[2019-12-09T01:54:54.445+0000][1][safepoint    ] Leaving safepoint region
[2019-12-09T01:54:54.445+0000][1][safepoint    ] Total time for which application threads were stopped: 0.0000946 seconds, Stopping threads took: 0.0000193 seconds
[2019-12-09T01:54:55.445+0000][1][safepoint    ] Application time: 1.0000762 seconds
[2019-12-09T01:54:55.445+0000][1][safepoint    ] Entering safepoint region: Cleanup
[2019-12-09T01:54:55.445+0000][1][safepoint    ] Leaving safepoint region
[2019-12-09T01:54:55.445+0000][1][safepoint    ] Total time for which application threads were stopped: 0.0000972 seconds, Stopping threads took: 0.0000184 seconds
[2019-12-09T01:54:56.445+0000][1][safepoint    ] Application time: 1.0000759 seconds
[2019-12-09T01:54:56.445+0000][1][safepoint    ] Entering safepoint region: Cleanup
[2019-12-09T01:54:56.445+0000][1][safepoint    ] Leaving safepoint region
[2019-12-09T01:54:56.445+0000][1][safepoint    ] Total time for which application threads were stopped: 0.0000959 seconds, Stopping threads took: 0.0000206 seconds
[2019-12-09T01:54:59.445+0000][1][safepoint    ] Application time: 3.0002073 seconds
[2019-12-09T01:54:59.446+0000][1][safepoint    ] Entering safepoint region: Cleanup
[2019-12-09T01:54:59.446+0000][1][safepoint    ] Leaving safepoint region
[2019-12-09T01:54:59.446+0000][1][safepoint    ] Total time for which application threads were stopped: 0.0001036 seconds, Stopping threads took: 0.0000192 seconds
[2019-12-09T01:55:02.446+0000][1][safepoint    ] Application time: 3.0002054 seconds
[2019-12-09T01:55:02.446+0000][1][safepoint    ] Entering safepoint region: Cleanup
[2019-12-09T01:55:02.446+0000][1][safepoint    ] Leaving safepoint region
[2019-12-09T01:55:02.446+0000][1][safepoint    ] Total time for which application threads were stopped: 0.0001011 seconds, Stopping threads took: 0.0000285 seconds
[2019-12-09T01:55:06.446+0000][1][safepoint    ] Application time: 4.0002760 seconds
[2019-12-09T01:55:06.446+0000][1][safepoint    ] Entering safepoint region: Cleanup
[2019-12-09T01:55:06.446+0000][1][safepoint    ] Leaving safepoint region
[2019-12-09T01:55:06.446+0000][1][safepoint    ] Total time for which application threads were stopped: 0.0000861 seconds, Stopping threads took: 0.0000173 seconds
[2019-12-09T01:55:14.447+0000][1][safepoint    ] Application time: 8.0005637 seconds
[2019-12-09T01:55:14.447+0000][1][safepoint    ] Entering safepoint region: Cleanup
[2019-12-09T01:55:14.447+0000][1][safepoint    ] Leaving safepoint region
[2019-12-09T01:55:14.447+0000][1][safepoint    ] Total time for which application threads were stopped: 0.0000904 seconds, Stopping threads took: 0.0000195 seconds
[2019-12-09T01:55:17.447+0000][1][safepoint    ] Application time: 3.0002131 seconds
[2019-12-09T01:55:17.447+0000][1][safepoint    ] Entering safepoint region: Cleanup
[2019-12-09T01:55:17.447+0000][1][safepoint    ] Leaving safepoint region
[2019-12-09T01:55:17.447+0000][1][safepoint    ] Total time for which application threads were stopped: 0.0000916 seconds, Stopping threads took: 0.0000214 seconds
[2019-12-09T01:55:18.848+0000][1][safepoint    ] Application time: 1.4009970 seconds
[2019-12-09T01:55:18.848+0000][1][safepoint    ] Entering safepoint region: GenCollectForAllocation
[2019-12-09T01:55:18.849+0000][1][gc,start     ] GC(25) Pause Young (Allocation Failure)
[2019-12-09T01:55:18.849+0000][1][gc,task      ] GC(25) Using 2 workers of 2 for evacuation
[2019-12-09T01:55:18.855+0000][1][gc,age       ] GC(25) Desired survivor size 4456448 bytes, new threshold 6 (max threshold 6)
[2019-12-09T01:55:18.855+0000][1][gc,age       ] GC(25) Age table with threshold 6 (max threshold 6)
[2019-12-09T01:55:18.855+0000][1][gc,age       ] GC(25) - age   1:      28160 bytes,      28160 total
[2019-12-09T01:55:18.855+0000][1][gc,age       ] GC(25) - age   2:     258544 bytes,     286704 total
[2019-12-09T01:55:18.855+0000][1][gc,age       ] GC(25) - age   3:    2046096 bytes,    2332800 total
[2019-12-09T01:55:18.855+0000][1][gc,heap      ] GC(25) ParNew: 75853K->4080K(78656K)
[2019-12-09T01:55:18.855+0000][1][gc,heap      ] GC(25) CMS: 67849K->67849K(174784K)
[2019-12-09T01:55:18.855+0000][1][gc,metaspace ] GC(25) Metaspace: 70659K->70659K(1114112K)
[2019-12-09T01:55:18.855+0000][1][gc           ] GC(25) Pause Young (Allocation Failure) 140M->70M(247M) 6.390ms
[2019-12-09T01:55:18.855+0000][1][gc,cpu       ] GC(25) User=0.01s Sys=0.00s Real=0.01s
[2019-12-09T01:55:18.855+0000][1][safepoint    ] Leaving safepoint region
[2019-12-09T01:55:18.855+0000][1][safepoint    ] Total time for which application threads were stopped: 0.0065697 seconds, Stopping threads took: 0.0000177 seconds
[2019-12-09T01:55:20.855+0000][1][safepoint    ] Application time: 2.0001571 seconds
[2019-12-09T01:55:20.855+0000][1][safepoint    ] Entering safepoint region: Cleanup
[2019-12-09T01:55:20.855+0000][1][safepoint    ] Leaving safepoint region
[2019-12-09T01:55:20.855+0000][1][safepoint    ] Total time for which application threads were stopped: 0.0000980 seconds, Stopping threads took: 0.0000200 seconds
[2019-12-09T01:55:22.855+0000][1][safepoint    ] Application time: 2.0001467 seconds
[2019-12-09T01:55:22.856+0000][1][safepoint    ] Entering safepoint region: Cleanup
[2019-12-09T01:55:22.856+0000][1][safepoint    ] Leaving safepoint region
[2019-12-09T01:55:22.856+0000][1][safepoint    ] Total time for which application threads were stopped: 0.0000965 seconds, Stopping threads took: 0.0000195 seconds
[2019-12-09T01:55:23.856+0000][1][safepoint    ] Application time: 1.0000790 seconds
[2019-12-09T01:55:23.856+0000][1][safepoint    ] Entering safepoint region: Cleanup
[2019-12-09T01:55:23.856+0000][1][safepoint    ] Leaving safepoint region
[2019-12-09T01:55:23.856+0000][1][safepoint    ] Total time for which application threads were stopped: 0.0000867 seconds, Stopping threads took: 0.0000171 seconds
[2019-12-09T01:55:24.856+0000][1][safepoint    ] Application time: 1.0000797 seconds
[2019-12-09T01:55:24.856+0000][1][safepoint    ] Entering safepoint region: Cleanup
[2019-12-09T01:55:24.856+0000][1][safepoint    ] Leaving safepoint region
[2019-12-09T01:55:24.856+0000][1][safepoint    ] Total time for which application threads were stopped: 0.0000919 seconds, Stopping threads took: 0.0000194 seconds
[2019-12-09T01:55:26.856+0000][1][safepoint    ] Application time: 2.0001518 seconds
[2019-12-09T01:55:26.856+0000][1][safepoint    ] Entering safepoint region: Cleanup
[2019-12-09T01:55:26.856+0000][1][safepoint    ] Leaving safepoint region
[2019-12-09T01:55:26.856+0000][1][safepoint    ] Total time for which application threads were stopped: 0.0000965 seconds, Stopping threads took: 0.0000207 seconds
[2019-12-09T01:55:27.856+0000][1][safepoint    ] Application time: 1.0000806 seconds
[2019-12-09T01:55:27.856+0000][1][safepoint    ] Entering safepoint region: Cleanup
[2019-12-09T01:55:27.857+0000][1][safepoint    ] Leaving safepoint region
[2019-12-09T01:55:27.857+0000][1][safepoint    ] Total time for which application threads were stopped: 0.0000935 seconds, Stopping threads took: 0.0000220 seconds
[2019-12-09T01:55:31.857+0000][1][safepoint    ] Application time: 4.0009067 seconds
[2019-12-09T01:55:31.858+0000][1][safepoint    ] Entering safepoint region: Cleanup
[2019-12-09T01:55:31.858+0000][1][safepoint    ] Leaving safepoint region
[2019-12-09T01:55:31.858+0000][1][safepoint    ] Total time for which application threads were stopped: 0.0001212 seconds, Stopping threads took: 0.0000227 seconds
[2019-12-09T01:55:37.858+0000][1][safepoint    ] Application time: 6.0004273 seconds
[2019-12-09T01:55:37.858+0000][1][safepoint    ] Entering safepoint region: Cleanup
[2019-12-09T01:55:37.858+0000][1][safepoint    ] Leaving safepoint region
[2019-12-09T01:55:37.858+0000][1][safepoint    ] Total time for which application threads were stopped: 0.0000933 seconds, Stopping threads took: 0.0000203 seconds
[2019-12-09T01:55:38.858+0000][1][safepoint    ] Application time: 1.0000768 seconds
[2019-12-09T01:55:38.858+0000][1][safepoint    ] Entering safepoint region: Cleanup
[2019-12-09T01:55:38.858+0000][1][safepoint    ] Leaving safepoint region
[2019-12-09T01:55:38.858+0000][1][safepoint    ] Total time for which application threads were stopped: 0.0000945 seconds, Stopping threads took: 0.0000183 seconds
[2019-12-09T01:55:39.858+0000][1][safepoint    ] Application time: 1.0000751 seconds
[2019-12-09T01:55:39.859+0000][1][safepoint    ] Entering safepoint region: Cleanup
[2019-12-09T01:55:39.859+0000][1][safepoint    ] Leaving safepoint region
[2019-12-09T01:55:39.859+0000][1][safepoint    ] Total time for which application threads were stopped: 0.0000845 seconds, Stopping threads took: 0.0000169 seconds
[2019-12-09T01:55:40.859+0000][1][safepoint    ] Application time: 1.0000763 seconds
[2019-12-09T01:55:40.859+0000][1][safepoint    ] Entering safepoint region: Cleanup
[2019-12-09T01:55:40.859+0000][1][safepoint    ] Leaving safepoint region
[2019-12-09T01:55:40.859+0000][1][safepoint    ] Total time for which application threads were stopped: 0.0000854 seconds, Stopping threads took: 0.0000174 seconds
[2019-12-09T01:55:43.859+0000][1][safepoint    ] Application time: 3.0002075 seconds
[2019-12-09T01:55:43.859+0000][1][safepoint    ] Entering safepoint region: Cleanup
[2019-12-09T01:55:43.859+0000][1][safepoint    ] Leaving safepoint region
[2019-12-09T01:55:43.859+0000][1][safepoint    ] Total time for which application threads were stopped: 0.0000870 seconds, Stopping threads took: 0.0000179 seconds
[2019-12-09T01:55:52.860+0000][1][safepoint    ] Application time: 9.0006037 seconds
[2019-12-09T01:55:52.860+0000][1][safepoint    ] Entering safepoint region: Cleanup
[2019-12-09T01:55:52.860+0000][1][safepoint    ] Leaving safepoint region
[2019-12-09T01:55:52.860+0000][1][safepoint    ] Total time for which application threads were stopped: 0.0000990 seconds, Stopping threads took: 0.0000279 seconds
[2019-12-09T01:55:53.860+0000][1][safepoint    ] Application time: 1.0000786 seconds
[2019-12-09T01:55:53.860+0000][1][safepoint    ] Entering safepoint region: Cleanup
[2019-12-09T01:55:53.860+0000][1][safepoint    ] Leaving safepoint region
[2019-12-09T01:55:53.860+0000][1][safepoint    ] Total time for which application threads were stopped: 0.0000825 seconds, Stopping threads took: 0.0000167 seconds
[2019-12-09T01:55:56.860+0000][1][safepoint    ] Application time: 3.0002064 seconds
[2019-12-09T01:55:56.860+0000][1][safepoint    ] Entering safepoint region: Cleanup
[2019-12-09T01:55:56.860+0000][1][safepoint    ] Leaving safepoint region
[2019-12-09T01:55:56.860+0000][1][safepoint    ] Total time for which application threads were stopped: 0.0000972 seconds, Stopping threads took: 0.0000247 seconds
[2019-12-09T01:55:58.861+0000][1][safepoint    ] Application time: 2.0001446 seconds
[2019-12-09T01:55:58.861+0000][1][safepoint    ] Entering safepoint region: Cleanup
[2019-12-09T01:55:58.861+0000][1][safepoint    ] Leaving safepoint region
[2019-12-09T01:55:58.861+0000][1][safepoint    ] Total time for which application threads were stopped: 0.0001018 seconds, Stopping threads took: 0.0000181 seconds
[2019-12-09T01:55:59.861+0000][1][safepoint    ] Application time: 1.0000759 seconds
[2019-12-09T01:55:59.861+0000][1][safepoint    ] Entering safepoint region: Cleanup
[2019-12-09T01:55:59.861+0000][1][safepoint    ] Leaving safepoint region
[2019-12-09T01:55:59.861+0000][1][safepoint    ] Total time for which application threads were stopped: 0.0000882 seconds, Stopping threads took: 0.0000197 seconds
[2019-12-09T01:56:02.861+0000][1][safepoint    ] Application time: 3.0002102 seconds
[2019-12-09T01:56:02.861+0000][1][safepoint    ] Entering safepoint region: Cleanup
[2019-12-09T01:56:02.861+0000][1][safepoint    ] Leaving safepoint region
[2019-12-09T01:56:02.861+0000][1][safepoint    ] Total time for which application threads were stopped: 0.0000817 seconds, Stopping threads took: 0.0000180 seconds
[2019-12-09T01:56:04.861+0000][1][safepoint    ] Application time: 2.0001443 seconds
[2019-12-09T01:56:04.861+0000][1][safepoint    ] Entering safepoint region: Cleanup
[2019-12-09T01:56:04.862+0000][1][safepoint    ] Leaving safepoint region
[2019-12-09T01:56:04.862+0000][1][safepoint    ] Total time for which application threads were stopped: 0.0000924 seconds, Stopping threads took: 0.0000193 seconds
[2019-12-09T01:56:07.862+0000][1][safepoint    ] Application time: 3.0002145 seconds
[2019-12-09T01:56:07.862+0000][1][safepoint    ] Entering safepoint region: Cleanup
[2019-12-09T01:56:07.862+0000][1][safepoint    ] Leaving safepoint region
[2019-12-09T01:56:07.862+0000][1][safepoint    ] Total time for which application threads were stopped: 0.0000887 seconds, Stopping threads took: 0.0000191 seconds
[2019-12-09T01:56:09.862+0000][1][safepoint    ] Application time: 2.0001415 seconds
[2019-12-09T01:56:09.862+0000][1][safepoint    ] Entering safepoint region: Cleanup
[2019-12-09T01:56:09.862+0000][1][safepoint    ] Leaving safepoint region
[2019-12-09T01:56:09.862+0000][1][safepoint    ] Total time for which application threads were stopped: 0.0000887 seconds, Stopping threads took: 0.0000174 seconds
[2019-12-09T01:56:10.862+0000][1][safepoint    ] Application time: 1.0000752 seconds
[2019-12-09T01:56:10.862+0000][1][safepoint    ] Entering safepoint region: Cleanup
[2019-12-09T01:56:10.862+0000][1][safepoint    ] Leaving safepoint region
[2019-12-09T01:56:10.862+0000][1][safepoint    ] Total time for which application threads were stopped: 0.0000872 seconds, Stopping threads took: 0.0000184 seconds
[2019-12-09T01:56:13.863+0000][1][safepoint    ] Application time: 3.0002061 seconds
[2019-12-09T01:56:13.863+0000][1][safepoint    ] Entering safepoint region: Cleanup
[2019-12-09T01:56:13.863+0000][1][safepoint    ] Leaving safepoint region
[2019-12-09T01:56:13.863+0000][1][safepoint    ] Total time for which application threads were stopped: 0.0000858 seconds, Stopping threads took: 0.0000165 seconds
[2019-12-09T01:56:16.863+0000][1][safepoint    ] Application time: 3.0002165 seconds
[2019-12-09T01:56:16.863+0000][1][safepoint    ] Entering safepoint region: Cleanup
[2019-12-09T01:56:16.863+0000][1][safepoint    ] Leaving safepoint region
[2019-12-09T01:56:16.863+0000][1][safepoint    ] Total time for which application threads were stopped: 0.0000900 seconds, Stopping threads took: 0.0000183 seconds
[2019-12-09T01:56:18.863+0000][1][safepoint    ] Application time: 2.0001420 seconds
[2019-12-09T01:56:18.863+0000][1][safepoint    ] Entering safepoint region: Cleanup
[2019-12-09T01:56:18.863+0000][1][safepoint    ] Leaving safepoint region
[2019-12-09T01:56:18.863+0000][1][safepoint    ] Total time for which application threads were stopped: 0.0000869 seconds, Stopping threads took: 0.0000179 seconds
[2019-12-09T01:56:20.863+0000][1][safepoint    ] Application time: 2.0001043 seconds
[2019-12-09T01:56:20.863+0000][1][safepoint    ] Entering safepoint region: Cleanup
[2019-12-09T01:56:20.864+0000][1][safepoint    ] Leaving safepoint region
[2019-12-09T01:56:20.864+0000][1][safepoint    ] Total time for which application threads were stopped: 0.0000894 seconds, Stopping threads took: 0.0000188 seconds
[2019-12-09T01:56:26.864+0000][1][safepoint    ] Application time: 6.0004058 seconds
[2019-12-09T01:56:26.864+0000][1][safepoint    ] Entering safepoint region: Cleanup
[2019-12-09T01:56:26.864+0000][1][safepoint    ] Leaving safepoint region
[2019-12-09T01:56:26.864+0000][1][safepoint    ] Total time for which application threads were stopped: 0.0000976 seconds, Stopping threads took: 0.0000274 seconds
[2019-12-09T01:56:28.864+0000][1][safepoint    ] Application time: 2.0001452 seconds
[2019-12-09T01:56:28.864+0000][1][safepoint    ] Entering safepoint region: Cleanup
[2019-12-09T01:56:28.864+0000][1][safepoint    ] Leaving safepoint region
[2019-12-09T01:56:28.864+0000][1][safepoint    ] Total time for which application threads were stopped: 0.0000879 seconds, Stopping threads took: 0.0000173 seconds
[2019-12-09T01:56:29.864+0000][1][safepoint    ] Application time: 1.0000759 seconds
[2019-12-09T01:56:29.864+0000][1][safepoint    ] Entering safepoint region: Cleanup
[2019-12-09T01:56:29.865+0000][1][safepoint    ] Leaving safepoint region
[2019-12-09T01:56:29.865+0000][1][safepoint    ] Total time for which application threads were stopped: 0.0000902 seconds, Stopping threads took: 0.0000215 seconds
[2019-12-09T01:56:30.865+0000][1][safepoint    ] Application time: 1.0000752 seconds
[2019-12-09T01:56:30.865+0000][1][safepoint    ] Entering safepoint region: Cleanup
[2019-12-09T01:56:30.865+0000][1][safepoint    ] Leaving safepoint region
[2019-12-09T01:56:30.865+0000][1][safepoint    ] Total time for which application threads were stopped: 0.0000978 seconds, Stopping threads took: 0.0000290 seconds
[2019-12-09T01:56:31.865+0000][1][safepoint    ] Application time: 1.0000751 seconds
[2019-12-09T01:56:31.865+0000][1][safepoint    ] Entering safepoint region: Cleanup
[2019-12-09T01:56:31.865+0000][1][safepoint    ] Leaving safepoint region
[2019-12-09T01:56:31.865+0000][1][safepoint    ] Total time for which application threads were stopped: 0.0000996 seconds, Stopping threads took: 0.0000186 seconds
[2019-12-09T01:56:31.942+0000][1][safepoint    ] Application time: 0.0775024 seconds
[2019-12-09T01:56:31.943+0000][1][safepoint    ] Entering safepoint region: GenCollectForAllocation
[2019-12-09T01:56:31.943+0000][1][gc,start     ] GC(26) Pause Young (Allocation Failure)
[2019-12-09T01:56:31.943+0000][1][gc,task      ] GC(26) Using 2 workers of 2 for evacuation
[2019-12-09T01:56:31.950+0000][1][gc,age       ] GC(26) Desired survivor size 4456448 bytes, new threshold 6 (max threshold 6)
[2019-12-09T01:56:31.950+0000][1][gc,age       ] GC(26) Age table with threshold 6 (max threshold 6)
[2019-12-09T01:56:31.950+0000][1][gc,age       ] GC(26) - age   1:       7624 bytes,       7624 total
[2019-12-09T01:56:31.950+0000][1][gc,age       ] GC(26) - age   2:      23424 bytes,      31048 total
[2019-12-09T01:56:31.950+0000][1][gc,age       ] GC(26) - age   3:     258448 bytes,     289496 total
[2019-12-09T01:56:31.950+0000][1][gc,age       ] GC(26) - age   4:    2046096 bytes,    2335592 total
[2019-12-09T01:56:31.950+0000][1][gc,heap      ] GC(26) ParNew: 74032K->2728K(78656K)
[2019-12-09T01:56:31.950+0000][1][gc,heap      ] GC(26) CMS: 67849K->67849K(174784K)
[2019-12-09T01:56:31.950+0000][1][gc,metaspace ] GC(26) Metaspace: 70684K->70684K(1114112K)
[2019-12-09T01:56:31.950+0000][1][gc           ] GC(26) Pause Young (Allocation Failure) 138M->68M(247M) 7.413ms
[2019-12-09T01:56:31.950+0000][1][gc,cpu       ] GC(26) User=0.01s Sys=0.00s Real=0.01s
[2019-12-09T01:56:31.950+0000][1][safepoint    ] Leaving safepoint region
[2019-12-09T01:56:31.950+0000][1][safepoint    ] Total time for which application threads were stopped: 0.0075955 seconds, Stopping threads took: 0.0000236 seconds
[2019-12-09T01:56:32.950+0000][1][safepoint    ] Application time: 1.0000915 seconds
[2019-12-09T01:56:32.950+0000][1][safepoint    ] Entering safepoint region: Cleanup
[2019-12-09T01:56:32.950+0000][1][safepoint    ] Leaving safepoint region
[2019-12-09T01:56:32.950+0000][1][safepoint    ] Total time for which application threads were stopped: 0.0000837 seconds, Stopping threads took: 0.0000172 seconds
[2019-12-09T01:56:33.950+0000][1][safepoint    ] Application time: 1.0000736 seconds
[2019-12-09T01:56:33.950+0000][1][safepoint    ] Entering safepoint region: Cleanup
[2019-12-09T01:56:33.951+0000][1][safepoint    ] Leaving safepoint region
[2019-12-09T01:56:33.951+0000][1][safepoint    ] Total time for which application threads were stopped: 0.0000859 seconds, Stopping threads took: 0.0000187 seconds
[2019-12-09T01:56:34.951+0000][1][safepoint    ] Application time: 1.0000746 seconds
[2019-12-09T01:56:34.951+0000][1][safepoint    ] Entering safepoint region: Cleanup
[2019-12-09T01:56:34.951+0000][1][safepoint    ] Leaving safepoint region
[2019-12-09T01:56:34.951+0000][1][safepoint    ] Total time for which application threads were stopped: 0.0000989 seconds, Stopping threads took: 0.0000172 seconds
[2019-12-09T01:56:35.951+0000][1][safepoint    ] Application time: 1.0000752 seconds
[2019-12-09T01:56:35.951+0000][1][safepoint    ] Entering safepoint region: Cleanup
[2019-12-09T01:56:35.951+0000][1][safepoint    ] Leaving safepoint region
[2019-12-09T01:56:35.951+0000][1][safepoint    ] Total time for which application threads were stopped: 0.0000846 seconds, Stopping threads took: 0.0000175 seconds
[2019-12-09T01:56:39.951+0000][1][safepoint    ] Application time: 4.0002786 seconds
[2019-12-09T01:56:39.951+0000][1][safepoint    ] Entering safepoint region: Cleanup
[2019-12-09T01:56:39.951+0000][1][safepoint    ] Leaving safepoint region
[2019-12-09T01:56:39.951+0000][1][safepoint    ] Total time for which application threads were stopped: 0.0000884 seconds, Stopping threads took: 0.0000189 seconds
[2019-12-09T01:56:43.952+0000][1][safepoint    ] Application time: 4.0002834 seconds
[2019-12-09T01:56:43.952+0000][1][safepoint    ] Entering safepoint region: Cleanup
[2019-12-09T01:56:43.952+0000][1][safepoint    ] Leaving safepoint region
[2019-12-09T01:56:43.952+0000][1][safepoint    ] Total time for which application threads were stopped: 0.0001057 seconds, Stopping threads took: 0.0000313 seconds
[2019-12-09T01:56:50.952+0000][1][safepoint    ] Application time: 7.0004939 seconds
[2019-12-09T01:56:50.952+0000][1][safepoint    ] Entering safepoint region: Cleanup
[2019-12-09T01:56:50.952+0000][1][safepoint    ] Leaving safepoint region
[2019-12-09T01:56:50.952+0000][1][safepoint    ] Total time for which application threads were stopped: 0.0000981 seconds, Stopping threads took: 0.0000222 seconds
[2019-12-09T01:56:54.953+0000][1][safepoint    ] Application time: 4.0002352 seconds
[2019-12-09T01:56:54.953+0000][1][safepoint    ] Entering safepoint region: Cleanup
[2019-12-09T01:56:54.953+0000][1][safepoint    ] Leaving safepoint region
[2019-12-09T01:56:54.953+0000][1][safepoint    ] Total time for which application threads were stopped: 0.0000883 seconds, Stopping threads took: 0.0000230 seconds
[2019-12-09T01:57:06.954+0000][1][safepoint    ] Application time: 12.0008023 seconds
[2019-12-09T01:57:06.954+0000][1][safepoint    ] Entering safepoint region: Cleanup
[2019-12-09T01:57:06.954+0000][1][safepoint    ] Leaving safepoint region
[2019-12-09T01:57:06.954+0000][1][safepoint    ] Total time for which application threads were stopped: 0.0000938 seconds, Stopping threads took: 0.0000176 seconds
[2019-12-09T01:57:21.955+0000][1][safepoint    ] Application time: 15.0009972 seconds
[2019-12-09T01:57:21.955+0000][1][safepoint    ] Entering safepoint region: Cleanup
[2019-12-09T01:57:21.955+0000][1][safepoint    ] Leaving safepoint region
[2019-12-09T01:57:21.955+0000][1][safepoint    ] Total time for which application threads were stopped: 0.0000750 seconds, Stopping threads took: 0.0000152 seconds
[2019-12-09T01:57:30.955+0000][1][safepoint    ] Application time: 9.0005921 seconds
[2019-12-09T01:57:30.955+0000][1][safepoint    ] Entering safepoint region: Cleanup
[2019-12-09T01:57:30.955+0000][1][safepoint    ] Leaving safepoint region
[2019-12-09T01:57:30.955+0000][1][safepoint    ] Total time for which application threads were stopped: 0.0000865 seconds, Stopping threads took: 0.0000191 seconds
[2019-12-09T01:57:34.956+0000][1][safepoint    ] Application time: 4.0002757 seconds
[2019-12-09T01:57:34.956+0000][1][safepoint    ] Entering safepoint region: Cleanup
[2019-12-09T01:57:34.956+0000][1][safepoint    ] Leaving safepoint region
[2019-12-09T01:57:34.956+0000][1][safepoint    ] Total time for which application threads were stopped: 0.0000874 seconds, Stopping threads took: 0.0000178 seconds
[2019-12-09T01:57:38.956+0000][1][safepoint    ] Application time: 4.0002837 seconds
[2019-12-09T01:57:38.956+0000][1][safepoint    ] Entering safepoint region: Cleanup
[2019-12-09T01:57:38.956+0000][1][safepoint    ] Leaving safepoint region
[2019-12-09T01:57:38.956+0000][1][safepoint    ] Total time for which application threads were stopped: 0.0000874 seconds, Stopping threads took: 0.0000190 seconds
[2019-12-09T01:57:43.527+0000][1][safepoint    ] Application time: 4.5711714 seconds
[2019-12-09T01:57:43.528+0000][1][safepoint    ] Entering safepoint region: GenCollectForAllocation
[2019-12-09T01:57:43.528+0000][1][gc,start     ] GC(27) Pause Young (Allocation Failure)
[2019-12-09T01:57:43.528+0000][1][gc,task      ] GC(27) Using 2 workers of 2 for evacuation
[2019-12-09T01:57:43.534+0000][1][gc,age       ] GC(27) Desired survivor size 4456448 bytes, new threshold 6 (max threshold 6)
[2019-12-09T01:57:43.534+0000][1][gc,age       ] GC(27) Age table with threshold 6 (max threshold 6)
[2019-12-09T01:57:43.534+0000][1][gc,age       ] GC(27) - age   1:      29528 bytes,      29528 total
[2019-12-09T01:57:43.534+0000][1][gc,age       ] GC(27) - age   2:       2648 bytes,      32176 total
[2019-12-09T01:57:43.534+0000][1][gc,age       ] GC(27) - age   3:      23424 bytes,      55600 total
[2019-12-09T01:57:43.534+0000][1][gc,age       ] GC(27) - age   4:     223368 bytes,     278968 total
[2019-12-09T01:57:43.534+0000][1][gc,age       ] GC(27) - age   5:    1869552 bytes,    2148520 total
[2019-12-09T01:57:43.534+0000][1][gc,heap      ] GC(27) ParNew: 72680K->3077K(78656K)
[2019-12-09T01:57:43.534+0000][1][gc,heap      ] GC(27) CMS: 67849K->67849K(174784K)
[2019-12-09T01:57:43.534+0000][1][gc,metaspace ] GC(27) Metaspace: 70710K->70710K(1114112K)
[2019-12-09T01:57:43.534+0000][1][gc           ] GC(27) Pause Young (Allocation Failure) 137M->69M(247M) 6.340ms
[2019-12-09T01:57:43.534+0000][1][gc,cpu       ] GC(27) User=0.01s Sys=0.00s Real=0.00s
[2019-12-09T01:57:43.534+0000][1][safepoint    ] Leaving safepoint region
[2019-12-09T01:57:43.534+0000][1][safepoint    ] Total time for which application threads were stopped: 0.0064894 seconds, Stopping threads took: 0.0000165 seconds
[2019-12-09T01:57:44.534+0000][1][safepoint    ] Application time: 1.0000890 seconds
[2019-12-09T01:57:44.534+0000][1][safepoint    ] Entering safepoint region: Cleanup
[2019-12-09T01:57:44.534+0000][1][safepoint    ] Leaving safepoint region
[2019-12-09T01:57:44.534+0000][1][safepoint    ] Total time for which application threads were stopped: 0.0000842 seconds, Stopping threads took: 0.0000171 seconds
[2019-12-09T01:57:45.534+0000][1][safepoint    ] Application time: 1.0000756 seconds
[2019-12-09T01:57:45.534+0000][1][safepoint    ] Entering safepoint region: Cleanup
[2019-12-09T01:57:45.534+0000][1][safepoint    ] Leaving safepoint region
[2019-12-09T01:57:45.534+0000][1][safepoint    ] Total time for which application threads were stopped: 0.0000878 seconds, Stopping threads took: 0.0000205 seconds
[2019-12-09T01:57:52.535+0000][1][safepoint    ] Application time: 7.0004760 seconds
[2019-12-09T01:57:52.535+0000][1][safepoint    ] Entering safepoint region: Cleanup
[2019-12-09T01:57:52.535+0000][1][safepoint    ] Leaving safepoint region
[2019-12-09T01:57:52.535+0000][1][safepoint    ] Total time for which application threads were stopped: 0.0000826 seconds, Stopping threads took: 0.0000170 seconds
[2019-12-09T01:58:04.536+0000][1][safepoint    ] Application time: 12.0008122 seconds
[2019-12-09T01:58:04.536+0000][1][safepoint    ] Entering safepoint region: Cleanup
[2019-12-09T01:58:04.536+0000][1][safepoint    ] Leaving safepoint region
[2019-12-09T01:58:04.536+0000][1][safepoint    ] Total time for which application threads were stopped: 0.0000879 seconds, Stopping threads took: 0.0000184 seconds
[2019-12-09T01:58:07.536+0000][1][safepoint    ] Application time: 3.0002081 seconds
[2019-12-09T01:58:07.536+0000][1][safepoint    ] Entering safepoint region: Cleanup
[2019-12-09T01:58:07.536+0000][1][safepoint    ] Leaving safepoint region
[2019-12-09T01:58:07.536+0000][1][safepoint    ] Total time for which application threads were stopped: 0.0000858 seconds, Stopping threads took: 0.0000194 seconds
[2019-12-09T01:58:08.536+0000][1][safepoint    ] Application time: 1.0000773 seconds
[2019-12-09T01:58:08.536+0000][1][safepoint    ] Entering safepoint region: Cleanup
[2019-12-09T01:58:08.536+0000][1][safepoint    ] Leaving safepoint region
[2019-12-09T01:58:08.537+0000][1][safepoint    ] Total time for which application threads were stopped: 0.0000922 seconds, Stopping threads took: 0.0000209 seconds
[2019-12-09T01:58:11.537+0000][1][safepoint    ] Application time: 3.0002091 seconds
[2019-12-09T01:58:11.537+0000][1][safepoint    ] Entering safepoint region: Cleanup
[2019-12-09T01:58:11.537+0000][1][safepoint    ] Leaving safepoint region
[2019-12-09T01:58:11.537+0000][1][safepoint    ] Total time for which application threads were stopped: 0.0000866 seconds, Stopping threads took: 0.0000180 seconds
[2019-12-09T01:58:16.537+0000][1][safepoint    ] Application time: 5.0003382 seconds
[2019-12-09T01:58:16.537+0000][1][safepoint    ] Entering safepoint region: Cleanup
[2019-12-09T01:58:16.537+0000][1][safepoint    ] Leaving safepoint region
[2019-12-09T01:58:16.537+0000][1][safepoint    ] Total time for which application threads were stopped: 0.0000891 seconds, Stopping threads took: 0.0000206 seconds
[2019-12-09T01:58:18.537+0000][1][safepoint    ] Application time: 2.0001424 seconds
[2019-12-09T01:58:18.538+0000][1][safepoint    ] Entering safepoint region: Cleanup
[2019-12-09T01:58:18.538+0000][1][safepoint    ] Leaving safepoint region
[2019-12-09T01:58:18.538+0000][1][safepoint    ] Total time for which application threads were stopped: 0.0000874 seconds, Stopping threads took: 0.0000183 seconds
[2019-12-09T01:58:25.538+0000][1][safepoint    ] Application time: 7.0004764 seconds
[2019-12-09T01:58:25.538+0000][1][safepoint    ] Entering safepoint region: Cleanup
[2019-12-09T01:58:25.538+0000][1][safepoint    ] Leaving safepoint region
[2019-12-09T01:58:25.538+0000][1][safepoint    ] Total time for which application threads were stopped: 0.0001024 seconds, Stopping threads took: 0.0000277 seconds
[2019-12-09T01:58:26.538+0000][1][safepoint    ] Application time: 1.0000746 seconds
[2019-12-09T01:58:26.538+0000][1][safepoint    ] Entering safepoint region: Cleanup
[2019-12-09T01:58:26.538+0000][1][safepoint    ] Leaving safepoint region
[2019-12-09T01:58:26.538+0000][1][safepoint    ] Total time for which application threads were stopped: 0.0000934 seconds, Stopping threads took: 0.0000198 seconds
[2019-12-09T01:58:29.539+0000][1][safepoint    ] Application time: 3.0002069 seconds
[2019-12-09T01:58:29.539+0000][1][safepoint    ] Entering safepoint region: Cleanup
[2019-12-09T01:58:29.539+0000][1][safepoint    ] Leaving safepoint region
[2019-12-09T01:58:29.539+0000][1][safepoint    ] Total time for which application threads were stopped: 0.0000970 seconds, Stopping threads took: 0.0000284 seconds
[2019-12-09T01:58:30.003+0000][1][safepoint    ] Application time: 0.4639490 seconds
[2019-12-09T01:58:30.003+0000][1][safepoint    ] Entering safepoint region: RevokeBias
[2019-12-09T01:58:30.003+0000][1][safepoint    ] Leaving safepoint region
[2019-12-09T01:58:30.003+0000][1][safepoint    ] Total time for which application threads were stopped: 0.0000987 seconds, Stopping threads took: 0.0000159 seconds
[2019-12-09T01:58:31.003+0000][1][safepoint    ] Application time: 1.0000850 seconds
[2019-12-09T01:58:31.003+0000][1][safepoint    ] Entering safepoint region: Cleanup
[2019-12-09T01:58:31.003+0000][1][safepoint    ] Leaving safepoint region
[2019-12-09T01:58:31.003+0000][1][safepoint    ] Total time for which application threads were stopped: 0.0000924 seconds, Stopping threads took: 0.0000191 seconds
[2019-12-09T01:58:32.003+0000][1][safepoint    ] Application time: 1.0000815 seconds
[2019-12-09T01:58:32.003+0000][1][safepoint    ] Entering safepoint region: Cleanup
[2019-12-09T01:58:32.003+0000][1][safepoint    ] Leaving safepoint region
[2019-12-09T01:58:32.003+0000][1][safepoint    ] Total time for which application threads were stopped: 0.0000980 seconds, Stopping threads took: 0.0000197 seconds
[2019-12-09T01:58:36.004+0000][1][safepoint    ] Application time: 4.0002918 seconds
[2019-12-09T01:58:36.004+0000][1][safepoint    ] Entering safepoint region: Cleanup
[2019-12-09T01:58:36.004+0000][1][safepoint    ] Leaving safepoint region
[2019-12-09T01:58:36.004+0000][1][safepoint    ] Total time for which application threads were stopped: 0.0001040 seconds, Stopping threads took: 0.0000202 seconds
[2019-12-09T01:58:38.004+0000][1][safepoint    ] Application time: 2.0001493 seconds
[2019-12-09T01:58:38.004+0000][1][safepoint    ] Entering safepoint region: Cleanup
[2019-12-09T01:58:38.004+0000][1][safepoint    ] Leaving safepoint region
[2019-12-09T01:58:38.004+0000][1][safepoint    ] Total time for which application threads were stopped: 0.0000901 seconds, Stopping threads took: 0.0000187 seconds
[2019-12-09T01:58:39.004+0000][1][safepoint    ] Application time: 1.0000788 seconds
[2019-12-09T01:58:39.004+0000][1][safepoint    ] Entering safepoint region: Cleanup
[2019-12-09T01:58:39.004+0000][1][safepoint    ] Leaving safepoint region
[2019-12-09T01:58:39.004+0000][1][safepoint    ] Total time for which application threads were stopped: 0.0000876 seconds, Stopping threads took: 0.0000177 seconds
[2019-12-09T01:58:45.005+0000][1][safepoint    ] Application time: 6.0004315 seconds
[2019-12-09T01:58:45.005+0000][1][safepoint    ] Entering safepoint region: Cleanup
[2019-12-09T01:58:45.005+0000][1][safepoint    ] Leaving safepoint region
[2019-12-09T01:58:45.005+0000][1][safepoint    ] Total time for which application threads were stopped: 0.0000926 seconds, Stopping threads took: 0.0000205 seconds
[2019-12-09T01:58:49.005+0000][1][safepoint    ] Application time: 4.0002865 seconds
[2019-12-09T01:58:49.005+0000][1][safepoint    ] Entering safepoint region: Cleanup
[2019-12-09T01:58:49.005+0000][1][safepoint    ] Leaving safepoint region
[2019-12-09T01:58:49.005+0000][1][safepoint    ] Total time for which application threads were stopped: 0.0000891 seconds, Stopping threads took: 0.0000194 seconds
[2019-12-09T01:58:52.005+0000][1][safepoint    ] Application time: 3.0002171 seconds
[2019-12-09T01:58:52.005+0000][1][safepoint    ] Entering safepoint region: Cleanup
[2019-12-09T01:58:52.006+0000][1][safepoint    ] Leaving safepoint region
[2019-12-09T01:58:52.006+0000][1][safepoint    ] Total time for which application threads were stopped: 0.0000848 seconds, Stopping threads took: 0.0000163 seconds
[2019-12-09T01:58:57.093+0000][1][safepoint    ] Application time: 5.0871219 seconds
[2019-12-09T01:58:57.093+0000][1][safepoint    ] Entering safepoint region: GenCollectForAllocation
[2019-12-09T01:58:57.093+0000][1][gc,start     ] GC(28) Pause Young (Allocation Failure)
[2019-12-09T01:58:57.093+0000][1][gc,task      ] GC(28) Using 2 workers of 2 for evacuation
[2019-12-09T01:58:57.099+0000][1][gc,age       ] GC(28) Desired survivor size 4456448 bytes, new threshold 6 (max threshold 6)
[2019-12-09T01:58:57.099+0000][1][gc,age       ] GC(28) Age table with threshold 6 (max threshold 6)
[2019-12-09T01:58:57.099+0000][1][gc,age       ] GC(28) - age   1:      10488 bytes,      10488 total
[2019-12-09T01:58:57.099+0000][1][gc,age       ] GC(28) - age   2:      24672 bytes,      35160 total
[2019-12-09T01:58:57.099+0000][1][gc,age       ] GC(28) - age   3:       2552 bytes,      37712 total
[2019-12-09T01:58:57.099+0000][1][gc,age       ] GC(28) - age   4:      23424 bytes,      61136 total
[2019-12-09T01:58:57.099+0000][1][gc,age       ] GC(28) - age   5:     219952 bytes,     281088 total
[2019-12-09T01:58:57.099+0000][1][gc,age       ] GC(28) - age   6:    1869552 bytes,    2150640 total
[2019-12-09T01:58:57.099+0000][1][gc,heap      ] GC(28) ParNew: 72991K->3129K(78656K)
[2019-12-09T01:58:57.099+0000][1][gc,heap      ] GC(28) CMS: 67849K->67849K(174784K)
[2019-12-09T01:58:57.099+0000][1][gc,metaspace ] GC(28) Metaspace: 70716K->70716K(1114112K)
[2019-12-09T01:58:57.099+0000][1][gc           ] GC(28) Pause Young (Allocation Failure) 137M->69M(247M) 6.299ms
[2019-12-09T01:58:57.099+0000][1][gc,cpu       ] GC(28) User=0.01s Sys=0.00s Real=0.01s
[2019-12-09T01:58:57.099+0000][1][safepoint    ] Leaving safepoint region
[2019-12-09T01:58:57.099+0000][1][safepoint    ] Total time for which application threads were stopped: 0.0064894 seconds, Stopping threads took: 0.0000297 seconds
[2019-12-09T01:59:03.101+0000][1][safepoint    ] Application time: 6.0015612 seconds
[2019-12-09T01:59:03.101+0000][1][safepoint    ] Entering safepoint region: Cleanup
[2019-12-09T01:59:03.101+0000][1][safepoint    ] Leaving safepoint region
[2019-12-09T01:59:03.101+0000][1][safepoint    ] Total time for which application threads were stopped: 0.0000816 seconds, Stopping threads took: 0.0000171 seconds
[2019-12-09T01:59:04.101+0000][1][safepoint    ] Application time: 1.0000757 seconds
[2019-12-09T01:59:04.101+0000][1][safepoint    ] Entering safepoint region: Cleanup
[2019-12-09T01:59:04.101+0000][1][safepoint    ] Leaving safepoint region
[2019-12-09T01:59:04.101+0000][1][safepoint    ] Total time for which application threads were stopped: 0.0000842 seconds, Stopping threads took: 0.0000166 seconds
[2019-12-09T01:59:06.101+0000][1][safepoint    ] Application time: 2.0001427 seconds
[2019-12-09T01:59:06.101+0000][1][safepoint    ] Entering safepoint region: Cleanup
[2019-12-09T01:59:06.101+0000][1][safepoint    ] Leaving safepoint region
[2019-12-09T01:59:06.101+0000][1][safepoint    ] Total time for which application threads were stopped: 0.0000802 seconds, Stopping threads took: 0.0000163 seconds
[2019-12-09T01:59:07.907+0000][1][safepoint    ] Application time: 1.8054541 seconds
[2019-12-09T01:59:07.907+0000][1][safepoint    ] Entering safepoint region: RevokeBias
[2019-12-09T01:59:07.907+0000][1][safepoint    ] Leaving safepoint region
[2019-12-09T01:59:07.907+0000][1][safepoint    ] Total time for which application threads were stopped: 0.0001503 seconds, Stopping threads took: 0.0000233 seconds
[2019-12-09T01:59:07.910+0000][1][safepoint    ] Application time: 0.0033740 seconds
[2019-12-09T01:59:07.910+0000][1][safepoint    ] Entering safepoint region: RevokeBias
[2019-12-09T01:59:07.911+0000][1][safepoint    ] Leaving safepoint region
[2019-12-09T01:59:07.911+0000][1][safepoint    ] Total time for which application threads were stopped: 0.0001101 seconds, Stopping threads took: 0.0000217 seconds
[2019-12-09T01:59:08.911+0000][1][safepoint    ] Application time: 1.0000812 seconds
[2019-12-09T01:59:08.911+0000][1][safepoint    ] Entering safepoint region: Cleanup
[2019-12-09T01:59:08.911+0000][1][safepoint    ] Leaving safepoint region
[2019-12-09T01:59:08.911+0000][1][safepoint    ] Total time for which application threads were stopped: 0.0001167 seconds, Stopping threads took: 0.0000299 seconds
[2019-12-09T01:59:09.911+0000][1][safepoint    ] Application time: 1.0000758 seconds
[2019-12-09T01:59:09.911+0000][1][safepoint    ] Entering safepoint region: Cleanup
[2019-12-09T01:59:09.911+0000][1][safepoint    ] Leaving safepoint region
[2019-12-09T01:59:09.911+0000][1][safepoint    ] Total time for which application threads were stopped: 0.0000803 seconds, Stopping threads took: 0.0000186 seconds
[2019-12-09T01:59:10.911+0000][1][safepoint    ] Application time: 1.0000765 seconds
[2019-12-09T01:59:10.911+0000][1][safepoint    ] Entering safepoint region: Cleanup
[2019-12-09T01:59:10.911+0000][1][safepoint    ] Leaving safepoint region
[2019-12-09T01:59:10.911+0000][1][safepoint    ] Total time for which application threads were stopped: 0.0000807 seconds, Stopping threads took: 0.0000176 seconds
[2019-12-09T01:59:11.911+0000][1][safepoint    ] Application time: 1.0000766 seconds
[2019-12-09T01:59:11.911+0000][1][safepoint    ] Entering safepoint region: Cleanup
[2019-12-09T01:59:11.911+0000][1][safepoint    ] Leaving safepoint region
[2019-12-09T01:59:11.911+0000][1][safepoint    ] Total time for which application threads were stopped: 0.0000850 seconds, Stopping threads took: 0.0000182 seconds
[2019-12-09T01:59:12.911+0000][1][safepoint    ] Application time: 1.0000763 seconds
[2019-12-09T01:59:12.912+0000][1][safepoint    ] Entering safepoint region: Cleanup
[2019-12-09T01:59:12.912+0000][1][safepoint    ] Leaving safepoint region
[2019-12-09T01:59:12.912+0000][1][safepoint    ] Total time for which application threads were stopped: 0.0000878 seconds, Stopping threads took: 0.0000192 seconds
[2019-12-09T01:59:13.912+0000][1][safepoint    ] Application time: 1.0000858 seconds
[2019-12-09T01:59:13.912+0000][1][safepoint    ] Entering safepoint region: Cleanup
[2019-12-09T01:59:13.912+0000][1][safepoint    ] Leaving safepoint region
[2019-12-09T01:59:13.912+0000][1][safepoint    ] Total time for which application threads were stopped: 0.0000864 seconds, Stopping threads took: 0.0000187 seconds
[2019-12-09T01:59:14.912+0000][1][safepoint    ] Application time: 1.0000762 seconds
[2019-12-09T01:59:14.912+0000][1][safepoint    ] Entering safepoint region: Cleanup
[2019-12-09T01:59:14.912+0000][1][safepoint    ] Leaving safepoint region
[2019-12-09T01:59:14.912+0000][1][safepoint    ] Total time for which application threads were stopped: 0.0000856 seconds, Stopping threads took: 0.0000193 seconds
[2019-12-09T01:59:15.912+0000][1][safepoint    ] Application time: 1.0000761 seconds
[2019-12-09T01:59:15.912+0000][1][safepoint    ] Entering safepoint region: Cleanup
[2019-12-09T01:59:15.912+0000][1][safepoint    ] Leaving safepoint region
[2019-12-09T01:59:15.912+0000][1][safepoint    ] Total time for which application threads were stopped: 0.0000832 seconds, Stopping threads took: 0.0000190 seconds
[2019-12-09T01:59:16.912+0000][1][safepoint    ] Application time: 1.0000732 seconds
[2019-12-09T01:59:16.912+0000][1][safepoint    ] Entering safepoint region: Cleanup
[2019-12-09T01:59:16.912+0000][1][safepoint    ] Leaving safepoint region
[2019-12-09T01:59:16.912+0000][1][safepoint    ] Total time for which application threads were stopped: 0.0000881 seconds, Stopping threads took: 0.0000180 seconds
[2019-12-09T01:59:17.913+0000][1][safepoint    ] Application time: 1.0000770 seconds
[2019-12-09T01:59:17.913+0000][1][safepoint    ] Entering safepoint region: Cleanup
[2019-12-09T01:59:17.913+0000][1][safepoint    ] Leaving safepoint region
[2019-12-09T01:59:17.913+0000][1][safepoint    ] Total time for which application threads were stopped: 0.0000887 seconds, Stopping threads took: 0.0000247 seconds
[2019-12-09T01:59:18.913+0000][1][safepoint    ] Application time: 1.0000759 seconds
[2019-12-09T01:59:18.913+0000][1][safepoint    ] Entering safepoint region: Cleanup
[2019-12-09T01:59:18.913+0000][1][safepoint    ] Leaving safepoint region
[2019-12-09T01:59:18.913+0000][1][safepoint    ] Total time for which application threads were stopped: 0.0000873 seconds, Stopping threads took: 0.0000188 seconds
[2019-12-09T01:59:19.913+0000][1][safepoint    ] Application time: 1.0000733 seconds
[2019-12-09T01:59:19.913+0000][1][safepoint    ] Entering safepoint region: Cleanup
[2019-12-09T01:59:19.913+0000][1][safepoint    ] Leaving safepoint region
[2019-12-09T01:59:19.913+0000][1][safepoint    ] Total time for which application threads were stopped: 0.0000920 seconds, Stopping threads took: 0.0000195 seconds
[2019-12-09T01:59:20.913+0000][1][safepoint    ] Application time: 1.0000772 seconds
[2019-12-09T01:59:20.913+0000][1][safepoint    ] Entering safepoint region: Cleanup
[2019-12-09T01:59:20.913+0000][1][safepoint    ] Leaving safepoint region
[2019-12-09T01:59:20.913+0000][1][safepoint    ] Total time for which application threads were stopped: 0.0000833 seconds, Stopping threads took: 0.0000188 seconds
[2019-12-09T01:59:21.913+0000][1][safepoint    ] Application time: 1.0000753 seconds
[2019-12-09T01:59:21.913+0000][1][safepoint    ] Entering safepoint region: Cleanup
[2019-12-09T01:59:21.913+0000][1][safepoint    ] Leaving safepoint region
[2019-12-09T01:59:21.913+0000][1][safepoint    ] Total time for which application threads were stopped: 0.0000847 seconds, Stopping threads took: 0.0000191 seconds
[2019-12-09T01:59:22.914+0000][1][safepoint    ] Application time: 1.0000761 seconds
[2019-12-09T01:59:22.914+0000][1][safepoint    ] Entering safepoint region: Cleanup
[2019-12-09T01:59:22.914+0000][1][safepoint    ] Leaving safepoint region
[2019-12-09T01:59:22.914+0000][1][safepoint    ] Total time for which application threads were stopped: 0.0000913 seconds, Stopping threads took: 0.0000193 seconds
[2019-12-09T01:59:23.914+0000][1][safepoint    ] Application time: 1.0000741 seconds
[2019-12-09T01:59:23.914+0000][1][safepoint    ] Entering safepoint region: Cleanup
[2019-12-09T01:59:23.914+0000][1][safepoint    ] Leaving safepoint region
[2019-12-09T01:59:23.914+0000][1][safepoint    ] Total time for which application threads were stopped: 0.0000826 seconds, Stopping threads took: 0.0000179 seconds
[2019-12-09T01:59:24.914+0000][1][safepoint    ] Application time: 1.0000748 seconds
[2019-12-09T01:59:24.914+0000][1][safepoint    ] Entering safepoint region: Cleanup
[2019-12-09T01:59:24.914+0000][1][safepoint    ] Leaving safepoint region
[2019-12-09T01:59:24.914+0000][1][safepoint    ] Total time for which application threads were stopped: 0.0000869 seconds, Stopping threads took: 0.0000196 seconds
[2019-12-09T01:59:25.914+0000][1][safepoint    ] Application time: 1.0000763 seconds
[2019-12-09T01:59:25.914+0000][1][safepoint    ] Entering safepoint region: Cleanup
[2019-12-09T01:59:25.914+0000][1][safepoint    ] Leaving safepoint region
[2019-12-09T01:59:25.914+0000][1][safepoint    ] Total time for which application threads were stopped: 0.0000943 seconds, Stopping threads took: 0.0000270 seconds
[2019-12-09T01:59:26.914+0000][1][safepoint    ] Application time: 1.0000750 seconds
[2019-12-09T01:59:26.914+0000][1][safepoint    ] Entering safepoint region: Cleanup
[2019-12-09T01:59:26.915+0000][1][safepoint    ] Leaving safepoint region
[2019-12-09T01:59:26.915+0000][1][safepoint    ] Total time for which application threads were stopped: 0.0000869 seconds, Stopping threads took: 0.0000219 seconds
[2019-12-09T01:59:27.915+0000][1][safepoint    ] Application time: 1.0000826 seconds
[2019-12-09T01:59:27.915+0000][1][safepoint    ] Entering safepoint region: Cleanup
[2019-12-09T01:59:27.915+0000][1][safepoint    ] Leaving safepoint region
[2019-12-09T01:59:27.915+0000][1][safepoint    ] Total time for which application threads were stopped: 0.0001040 seconds, Stopping threads took: 0.0000262 seconds
[2019-12-09T01:59:28.915+0000][1][safepoint    ] Application time: 1.0000774 seconds
[2019-12-09T01:59:28.915+0000][1][safepoint    ] Entering safepoint region: Cleanup
[2019-12-09T01:59:28.915+0000][1][safepoint    ] Leaving safepoint region
[2019-12-09T01:59:28.915+0000][1][safepoint    ] Total time for which application threads were stopped: 0.0000846 seconds, Stopping threads took: 0.0000187 seconds
[2019-12-09T01:59:29.915+0000][1][safepoint    ] Application time: 1.0000770 seconds
[2019-12-09T01:59:29.915+0000][1][safepoint    ] Entering safepoint region: Cleanup
[2019-12-09T01:59:29.915+0000][1][safepoint    ] Leaving safepoint region
[2019-12-09T01:59:29.915+0000][1][safepoint    ] Total time for which application threads were stopped: 0.0000854 seconds, Stopping threads took: 0.0000187 seconds
[2019-12-09T01:59:30.915+0000][1][safepoint    ] Application time: 1.0000768 seconds
[2019-12-09T01:59:30.915+0000][1][safepoint    ] Entering safepoint region: Cleanup
[2019-12-09T01:59:30.915+0000][1][safepoint    ] Leaving safepoint region
[2019-12-09T01:59:30.915+0000][1][safepoint    ] Total time for which application threads were stopped: 0.0000858 seconds, Stopping threads took: 0.0000187 seconds
[2019-12-09T01:59:31.915+0000][1][safepoint    ] Application time: 1.0000787 seconds
[2019-12-09T01:59:31.915+0000][1][safepoint    ] Entering safepoint region: Cleanup
[2019-12-09T01:59:31.916+0000][1][safepoint    ] Leaving safepoint region
[2019-12-09T01:59:31.916+0000][1][safepoint    ] Total time for which application threads were stopped: 0.0000822 seconds, Stopping threads took: 0.0000170 seconds
[2019-12-09T01:59:32.916+0000][1][safepoint    ] Application time: 1.0000768 seconds
[2019-12-09T01:59:32.916+0000][1][safepoint    ] Entering safepoint region: Cleanup
[2019-12-09T01:59:32.916+0000][1][safepoint    ] Leaving safepoint region
[2019-12-09T01:59:32.916+0000][1][safepoint    ] Total time for which application threads were stopped: 0.0000853 seconds, Stopping threads took: 0.0000200 seconds
[2019-12-09T01:59:33.916+0000][1][safepoint    ] Application time: 1.0000744 seconds
[2019-12-09T01:59:33.916+0000][1][safepoint    ] Entering safepoint region: Cleanup
[2019-12-09T01:59:33.916+0000][1][safepoint    ] Leaving safepoint region
[2019-12-09T01:59:33.916+0000][1][safepoint    ] Total time for which application threads were stopped: 0.0000845 seconds, Stopping threads took: 0.0000184 seconds
[2019-12-09T01:59:34.916+0000][1][safepoint    ] Application time: 1.0000775 seconds
[2019-12-09T01:59:34.916+0000][1][safepoint    ] Entering safepoint region: Cleanup
[2019-12-09T01:59:34.916+0000][1][safepoint    ] Leaving safepoint region
[2019-12-09T01:59:34.916+0000][1][safepoint    ] Total time for which application threads were stopped: 0.0000855 seconds, Stopping threads took: 0.0000189 seconds
[2019-12-09T01:59:35.916+0000][1][safepoint    ] Application time: 1.0000752 seconds
[2019-12-09T01:59:35.916+0000][1][safepoint    ] Entering safepoint region: Cleanup
[2019-12-09T01:59:35.916+0000][1][safepoint    ] Leaving safepoint region
[2019-12-09T01:59:35.916+0000][1][safepoint    ] Total time for which application threads were stopped: 0.0000844 seconds, Stopping threads took: 0.0000185 seconds
[2019-12-09T01:59:36.916+0000][1][safepoint    ] Application time: 1.0000817 seconds
[2019-12-09T01:59:36.917+0000][1][safepoint    ] Entering safepoint region: Cleanup
[2019-12-09T01:59:36.917+0000][1][safepoint    ] Leaving safepoint region
[2019-12-09T01:59:36.917+0000][1][safepoint    ] Total time for which application threads were stopped: 0.0000835 seconds, Stopping threads took: 0.0000170 seconds
[2019-12-09T01:59:37.917+0000][1][safepoint    ] Application time: 1.0000820 seconds
[2019-12-09T01:59:37.917+0000][1][safepoint    ] Entering safepoint region: Cleanup
[2019-12-09T01:59:37.917+0000][1][safepoint    ] Leaving safepoint region
[2019-12-09T01:59:37.917+0000][1][safepoint    ] Total time for which application threads were stopped: 0.0000967 seconds, Stopping threads took: 0.0000196 seconds
[2019-12-09T01:59:38.917+0000][1][safepoint    ] Application time: 1.0000759 seconds
[2019-12-09T01:59:38.917+0000][1][safepoint    ] Entering safepoint region: Cleanup
[2019-12-09T01:59:38.917+0000][1][safepoint    ] Leaving safepoint region
[2019-12-09T01:59:38.917+0000][1][safepoint    ] Total time for which application threads were stopped: 0.0000849 seconds, Stopping threads took: 0.0000184 seconds
[2019-12-09T01:59:39.917+0000][1][safepoint    ] Application time: 1.0000759 seconds
[2019-12-09T01:59:39.917+0000][1][safepoint    ] Entering safepoint region: Cleanup
[2019-12-09T01:59:39.917+0000][1][safepoint    ] Leaving safepoint region
[2019-12-09T01:59:39.917+0000][1][safepoint    ] Total time for which application threads were stopped: 0.0000857 seconds, Stopping threads took: 0.0000191 seconds
[2019-12-09T01:59:40.917+0000][1][safepoint    ] Application time: 1.0000766 seconds
[2019-12-09T01:59:40.917+0000][1][safepoint    ] Entering safepoint region: Cleanup
[2019-12-09T01:59:40.917+0000][1][safepoint    ] Leaving safepoint region
[2019-12-09T01:59:40.917+0000][1][safepoint    ] Total time for which application threads were stopped: 0.0000840 seconds, Stopping threads took: 0.0000183 seconds
[2019-12-09T01:59:41.918+0000][1][safepoint    ] Application time: 1.0000776 seconds
[2019-12-09T01:59:41.918+0000][1][safepoint    ] Entering safepoint region: Cleanup
[2019-12-09T01:59:41.918+0000][1][safepoint    ] Leaving safepoint region
[2019-12-09T01:59:41.918+0000][1][safepoint    ] Total time for which application threads were stopped: 0.0000898 seconds, Stopping threads took: 0.0000198 seconds
[2019-12-09T01:59:42.918+0000][1][safepoint    ] Application time: 1.0000751 seconds
[2019-12-09T01:59:42.918+0000][1][safepoint    ] Entering safepoint region: Cleanup
[2019-12-09T01:59:42.918+0000][1][safepoint    ] Leaving safepoint region
[2019-12-09T01:59:42.918+0000][1][safepoint    ] Total time for which application threads were stopped: 0.0000844 seconds, Stopping threads took: 0.0000182 seconds
[2019-12-09T01:59:43.918+0000][1][safepoint    ] Application time: 1.0000771 seconds
[2019-12-09T01:59:43.918+0000][1][safepoint    ] Entering safepoint region: Cleanup
[2019-12-09T01:59:43.918+0000][1][safepoint    ] Leaving safepoint region
[2019-12-09T01:59:43.918+0000][1][safepoint    ] Total time for which application threads were stopped: 0.0000842 seconds, Stopping threads took: 0.0000186 seconds
[2019-12-09T01:59:44.918+0000][1][safepoint    ] Application time: 1.0000753 seconds
[2019-12-09T01:59:44.918+0000][1][safepoint    ] Entering safepoint region: Cleanup
[2019-12-09T01:59:44.918+0000][1][safepoint    ] Leaving safepoint region
[2019-12-09T01:59:44.918+0000][1][safepoint    ] Total time for which application threads were stopped: 0.0000857 seconds, Stopping threads took: 0.0000187 seconds
[2019-12-09T01:59:45.918+0000][1][safepoint    ] Application time: 1.0000764 seconds
[2019-12-09T01:59:45.918+0000][1][safepoint    ] Entering safepoint region: Cleanup
[2019-12-09T01:59:45.918+0000][1][safepoint    ] Leaving safepoint region
[2019-12-09T01:59:45.918+0000][1][safepoint    ] Total time for which application threads were stopped: 0.0000907 seconds, Stopping threads took: 0.0000187 seconds
[2019-12-09T01:59:46.919+0000][1][safepoint    ] Application time: 1.0000761 seconds
[2019-12-09T01:59:46.919+0000][1][safepoint    ] Entering safepoint region: Cleanup
[2019-12-09T01:59:46.919+0000][1][safepoint    ] Leaving safepoint region
[2019-12-09T01:59:46.919+0000][1][safepoint    ] Total time for which application threads were stopped: 0.0000979 seconds, Stopping threads took: 0.0000190 seconds
[2019-12-09T01:59:47.919+0000][1][safepoint    ] Application time: 1.0000762 seconds
[2019-12-09T01:59:47.919+0000][1][safepoint    ] Entering safepoint region: Cleanup
[2019-12-09T01:59:47.919+0000][1][safepoint    ] Leaving safepoint region
[2019-12-09T01:59:47.919+0000][1][safepoint    ] Total time for which application threads were stopped: 0.0000913 seconds, Stopping threads took: 0.0000184 seconds
[2019-12-09T01:59:48.919+0000][1][safepoint    ] Application time: 1.0000758 seconds
[2019-12-09T01:59:48.919+0000][1][safepoint    ] Entering safepoint region: Cleanup
[2019-12-09T01:59:48.919+0000][1][safepoint    ] Leaving safepoint region
[2019-12-09T01:59:48.919+0000][1][safepoint    ] Total time for which application threads were stopped: 0.0000823 seconds, Stopping threads took: 0.0000179 seconds
[2019-12-09T01:59:49.919+0000][1][safepoint    ] Application time: 1.0000825 seconds
[2019-12-09T01:59:49.919+0000][1][safepoint    ] Entering safepoint region: Cleanup
[2019-12-09T01:59:49.919+0000][1][safepoint    ] Leaving safepoint region
[2019-12-09T01:59:49.919+0000][1][safepoint    ] Total time for which application threads were stopped: 0.0000913 seconds, Stopping threads took: 0.0000187 seconds
[2019-12-09T01:59:50.919+0000][1][safepoint    ] Application time: 1.0000766 seconds
[2019-12-09T01:59:50.919+0000][1][safepoint    ] Entering safepoint region: Cleanup
[2019-12-09T01:59:50.920+0000][1][safepoint    ] Leaving safepoint region
[2019-12-09T01:59:50.920+0000][1][safepoint    ] Total time for which application threads were stopped: 0.0000894 seconds, Stopping threads took: 0.0000175 seconds
[2019-12-09T01:59:51.920+0000][1][safepoint    ] Application time: 1.0000748 seconds
[2019-12-09T01:59:51.920+0000][1][safepoint    ] Entering safepoint region: Cleanup
[2019-12-09T01:59:51.920+0000][1][safepoint    ] Leaving safepoint region
[2019-12-09T01:59:51.920+0000][1][safepoint    ] Total time for which application threads were stopped: 0.0000954 seconds, Stopping threads took: 0.0000291 seconds
[2019-12-09T01:59:52.920+0000][1][safepoint    ] Application time: 1.0000755 seconds
[2019-12-09T01:59:52.920+0000][1][safepoint    ] Entering safepoint region: Cleanup
[2019-12-09T01:59:52.920+0000][1][safepoint    ] Leaving safepoint region
[2019-12-09T01:59:52.920+0000][1][safepoint    ] Total time for which application threads were stopped: 0.0000858 seconds, Stopping threads took: 0.0000193 seconds
[2019-12-09T01:59:53.920+0000][1][safepoint    ] Application time: 1.0000765 seconds
[2019-12-09T01:59:53.920+0000][1][safepoint    ] Entering safepoint region: Cleanup
[2019-12-09T01:59:53.920+0000][1][safepoint    ] Leaving safepoint region
[2019-12-09T01:59:53.920+0000][1][safepoint    ] Total time for which application threads were stopped: 0.0000861 seconds, Stopping threads took: 0.0000185 seconds
[2019-12-09T01:59:54.920+0000][1][safepoint    ] Application time: 1.0000782 seconds
[2019-12-09T01:59:54.920+0000][1][safepoint    ] Entering safepoint region: Cleanup
[2019-12-09T01:59:54.920+0000][1][safepoint    ] Leaving safepoint region
[2019-12-09T01:59:54.920+0000][1][safepoint    ] Total time for which application threads were stopped: 0.0000846 seconds, Stopping threads took: 0.0000178 seconds
[2019-12-09T01:59:55.920+0000][1][safepoint    ] Application time: 1.0000751 seconds
[2019-12-09T01:59:55.921+0000][1][safepoint    ] Entering safepoint region: Cleanup
[2019-12-09T01:59:55.921+0000][1][safepoint    ] Leaving safepoint region
[2019-12-09T01:59:55.921+0000][1][safepoint    ] Total time for which application threads were stopped: 0.0000943 seconds, Stopping threads took: 0.0000286 seconds
[2019-12-09T01:59:56.921+0000][1][safepoint    ] Application time: 1.0000776 seconds
[2019-12-09T01:59:56.921+0000][1][safepoint    ] Entering safepoint region: Cleanup
[2019-12-09T01:59:56.921+0000][1][safepoint    ] Leaving safepoint region
[2019-12-09T01:59:56.921+0000][1][safepoint    ] Total time for which application threads were stopped: 0.0000823 seconds, Stopping threads took: 0.0000179 seconds
[2019-12-09T01:59:57.921+0000][1][safepoint    ] Application time: 1.0000766 seconds
[2019-12-09T01:59:57.921+0000][1][safepoint    ] Entering safepoint region: Cleanup
[2019-12-09T01:59:57.921+0000][1][safepoint    ] Leaving safepoint region
[2019-12-09T01:59:57.921+0000][1][safepoint    ] Total time for which application threads were stopped: 0.0000959 seconds, Stopping threads took: 0.0000200 seconds
[2019-12-09T01:59:58.921+0000][1][safepoint    ] Application time: 1.0000760 seconds
[2019-12-09T01:59:58.921+0000][1][safepoint    ] Entering safepoint region: Cleanup
[2019-12-09T01:59:58.921+0000][1][safepoint    ] Leaving safepoint region
[2019-12-09T01:59:58.921+0000][1][safepoint    ] Total time for which application threads were stopped: 0.0000858 seconds, Stopping threads took: 0.0000180 seconds
[2019-12-09T01:59:59.921+0000][1][safepoint    ] Application time: 1.0000779 seconds
[2019-12-09T01:59:59.921+0000][1][safepoint    ] Entering safepoint region: Cleanup
[2019-12-09T01:59:59.921+0000][1][safepoint    ] Leaving safepoint region
[2019-12-09T01:59:59.921+0000][1][safepoint    ] Total time for which application threads were stopped: 0.0000839 seconds, Stopping threads took: 0.0000179 seconds
[2019-12-09T02:00:00.922+0000][1][safepoint    ] Application time: 1.0000779 seconds
[2019-12-09T02:00:00.922+0000][1][safepoint    ] Entering safepoint region: Cleanup
[2019-12-09T02:00:00.922+0000][1][safepoint    ] Leaving safepoint region
[2019-12-09T02:00:00.922+0000][1][safepoint    ] Total time for which application threads were stopped: 0.0000844 seconds, Stopping threads took: 0.0000182 seconds
[2019-12-09T02:00:01.922+0000][1][safepoint    ] Application time: 1.0000723 seconds
[2019-12-09T02:00:01.922+0000][1][safepoint    ] Entering safepoint region: Cleanup
[2019-12-09T02:00:01.922+0000][1][safepoint    ] Leaving safepoint region
[2019-12-09T02:00:01.922+0000][1][safepoint    ] Total time for which application threads were stopped: 0.0001287 seconds, Stopping threads took: 0.0000269 seconds
[2019-12-09T02:00:02.922+0000][1][safepoint    ] Application time: 1.0000778 seconds
[2019-12-09T02:00:02.922+0000][1][safepoint    ] Entering safepoint region: Cleanup
[2019-12-09T02:00:02.922+0000][1][safepoint    ] Leaving safepoint region
[2019-12-09T02:00:02.922+0000][1][safepoint    ] Total time for which application threads were stopped: 0.0000844 seconds, Stopping threads took: 0.0000182 seconds
[2019-12-09T02:00:03.922+0000][1][safepoint    ] Application time: 1.0000765 seconds
[2019-12-09T02:00:03.922+0000][1][safepoint    ] Entering safepoint region: Cleanup
[2019-12-09T02:00:03.922+0000][1][safepoint    ] Leaving safepoint region
[2019-12-09T02:00:03.922+0000][1][safepoint    ] Total time for which application threads were stopped: 0.0000898 seconds, Stopping threads took: 0.0000194 seconds
[2019-12-09T02:00:04.922+0000][1][safepoint    ] Application time: 1.0000766 seconds
[2019-12-09T02:00:04.922+0000][1][safepoint    ] Entering safepoint region: Cleanup
[2019-12-09T02:00:04.923+0000][1][safepoint    ] Leaving safepoint region
[2019-12-09T02:00:04.923+0000][1][safepoint    ] Total time for which application threads were stopped: 0.0000852 seconds, Stopping threads took: 0.0000189 seconds
[2019-12-09T02:00:05.923+0000][1][safepoint    ] Application time: 1.0000766 seconds
[2019-12-09T02:00:05.923+0000][1][safepoint    ] Entering safepoint region: Cleanup
[2019-12-09T02:00:05.923+0000][1][safepoint    ] Leaving safepoint region
[2019-12-09T02:00:05.923+0000][1][safepoint    ] Total time for which application threads were stopped: 0.0000937 seconds, Stopping threads took: 0.0000180 seconds
[2019-12-09T02:00:06.923+0000][1][safepoint    ] Application time: 1.0000747 seconds
[2019-12-09T02:00:06.923+0000][1][safepoint    ] Entering safepoint region: Cleanup
[2019-12-09T02:00:06.923+0000][1][safepoint    ] Leaving safepoint region
[2019-12-09T02:00:06.923+0000][1][safepoint    ] Total time for which application threads were stopped: 0.0000864 seconds, Stopping threads took: 0.0000188 seconds
[2019-12-09T02:00:07.923+0000][1][safepoint    ] Application time: 1.0000767 seconds
[2019-12-09T02:00:07.923+0000][1][safepoint    ] Entering safepoint region: Cleanup
[2019-12-09T02:00:07.923+0000][1][safepoint    ] Leaving safepoint region
[2019-12-09T02:00:07.923+0000][1][safepoint    ] Total time for which application threads were stopped: 0.0000845 seconds, Stopping threads took: 0.0000193 seconds
[2019-12-09T02:00:08.595+0000][1][safepoint    ] Application time: 0.6720200 seconds
[2019-12-09T02:00:08.595+0000][1][safepoint    ] Entering safepoint region: GenCollectForAllocation
[2019-12-09T02:00:08.595+0000][1][gc,start     ] GC(29) Pause Young (Allocation Failure)
[2019-12-09T02:00:08.595+0000][1][gc,task      ] GC(29) Using 2 workers of 2 for evacuation
[2019-12-09T02:00:08.603+0000][1][gc,age       ] GC(29) Desired survivor size 4456448 bytes, new threshold 6 (max threshold 6)
[2019-12-09T02:00:08.603+0000][1][gc,age       ] GC(29) Age table with threshold 6 (max threshold 6)
[2019-12-09T02:00:08.603+0000][1][gc,age       ] GC(29) - age   1:      66072 bytes,      66072 total
[2019-12-09T02:00:08.604+0000][1][gc,age       ] GC(29) - age   2:       5512 bytes,      71584 total
[2019-12-09T02:00:08.604+0000][1][gc,age       ] GC(29) - age   3:      24672 bytes,      96256 total
[2019-12-09T02:00:08.604+0000][1][gc,age       ] GC(29) - age   4:       2552 bytes,      98808 total
[2019-12-09T02:00:08.604+0000][1][gc,age       ] GC(29) - age   5:      23424 bytes,     122232 total
[2019-12-09T02:00:08.604+0000][1][gc,age       ] GC(29) - age   6:     219152 bytes,     341384 total
[2019-12-09T02:00:08.604+0000][1][gc,heap      ] GC(29) ParNew: 73081K->2096K(78656K)
[2019-12-09T02:00:08.604+0000][1][gc,heap      ] GC(29) CMS: 67849K->69719K(174784K)
[2019-12-09T02:00:08.604+0000][1][gc,metaspace ] GC(29) Metaspace: 70739K->70739K(1114112K)
[2019-12-09T02:00:08.604+0000][1][gc           ] GC(29) Pause Young (Allocation Failure) 137M->70M(247M) 8.241ms
[2019-12-09T02:00:08.604+0000][1][gc,cpu       ] GC(29) User=0.02s Sys=0.00s Real=0.00s
[2019-12-09T02:00:08.604+0000][1][safepoint    ] Leaving safepoint region
[2019-12-09T02:00:08.604+0000][1][safepoint    ] Total time for which application threads were stopped: 0.0084018 seconds, Stopping threads took: 0.0000171 seconds
[2019-12-09T02:00:09.604+0000][1][safepoint    ] Application time: 1.0000878 seconds
[2019-12-09T02:00:09.604+0000][1][safepoint    ] Entering safepoint region: Cleanup
[2019-12-09T02:00:09.604+0000][1][safepoint    ] Leaving safepoint region
[2019-12-09T02:00:09.604+0000][1][safepoint    ] Total time for which application threads were stopped: 0.0000901 seconds, Stopping threads took: 0.0000181 seconds
[2019-12-09T02:00:10.604+0000][1][safepoint    ] Application time: 1.0000760 seconds
[2019-12-09T02:00:10.604+0000][1][safepoint    ] Entering safepoint region: Cleanup
[2019-12-09T02:00:10.604+0000][1][safepoint    ] Leaving safepoint region
[2019-12-09T02:00:10.604+0000][1][safepoint    ] Total time for which application threads were stopped: 0.0000918 seconds, Stopping threads took: 0.0000256 seconds
[2019-12-09T02:00:11.604+0000][1][safepoint    ] Application time: 1.0000747 seconds
[2019-12-09T02:00:11.604+0000][1][safepoint    ] Entering safepoint region: Cleanup
[2019-12-09T02:00:11.604+0000][1][safepoint    ] Leaving safepoint region
[2019-12-09T02:00:11.604+0000][1][safepoint    ] Total time for which application threads were stopped: 0.0000865 seconds, Stopping threads took: 0.0000194 seconds
[2019-12-09T02:00:12.604+0000][1][safepoint    ] Application time: 1.0000758 seconds
[2019-12-09T02:00:12.604+0000][1][safepoint    ] Entering safepoint region: Cleanup
[2019-12-09T02:00:12.604+0000][1][safepoint    ] Leaving safepoint region
[2019-12-09T02:00:12.604+0000][1][safepoint    ] Total time for which application threads were stopped: 0.0000880 seconds, Stopping threads took: 0.0000169 seconds
[2019-12-09T02:00:13.605+0000][1][safepoint    ] Application time: 1.0000742 seconds
[2019-12-09T02:00:13.605+0000][1][safepoint    ] Entering safepoint region: Cleanup
[2019-12-09T02:00:13.605+0000][1][safepoint    ] Leaving safepoint region
[2019-12-09T02:00:13.605+0000][1][safepoint    ] Total time for which application threads were stopped: 0.0000961 seconds, Stopping threads took: 0.0000181 seconds
[2019-12-09T02:00:14.605+0000][1][safepoint    ] Application time: 1.0000937 seconds
[2019-12-09T02:00:14.605+0000][1][safepoint    ] Entering safepoint region: Cleanup
[2019-12-09T02:00:14.605+0000][1][safepoint    ] Leaving safepoint region
[2019-12-09T02:00:14.605+0000][1][safepoint    ] Total time for which application threads were stopped: 0.0000863 seconds, Stopping threads took: 0.0000193 seconds
[2019-12-09T02:00:15.605+0000][1][safepoint    ] Application time: 1.0000760 seconds
[2019-12-09T02:00:15.605+0000][1][safepoint    ] Entering safepoint region: Cleanup
[2019-12-09T02:00:15.605+0000][1][safepoint    ] Leaving safepoint region
[2019-12-09T02:00:15.605+0000][1][safepoint    ] Total time for which application threads were stopped: 0.0000866 seconds, Stopping threads took: 0.0000184 seconds
[2019-12-09T02:00:16.605+0000][1][safepoint    ] Application time: 1.0000762 seconds
[2019-12-09T02:00:16.605+0000][1][safepoint    ] Entering safepoint region: Cleanup
[2019-12-09T02:00:16.605+0000][1][safepoint    ] Leaving safepoint region
[2019-12-09T02:00:16.605+0000][1][safepoint    ] Total time for which application threads were stopped: 0.0000855 seconds, Stopping threads took: 0.0000188 seconds
[2019-12-09T02:00:17.605+0000][1][safepoint    ] Application time: 1.0000771 seconds
[2019-12-09T02:00:17.605+0000][1][safepoint    ] Entering safepoint region: Cleanup
[2019-12-09T02:00:17.605+0000][1][safepoint    ] Leaving safepoint region
[2019-12-09T02:00:17.605+0000][1][safepoint    ] Total time for which application threads were stopped: 0.0000819 seconds, Stopping threads took: 0.0000178 seconds
[2019-12-09T02:00:18.606+0000][1][safepoint    ] Application time: 1.0000758 seconds
[2019-12-09T02:00:18.606+0000][1][safepoint    ] Entering safepoint region: Cleanup
[2019-12-09T02:00:18.606+0000][1][safepoint    ] Leaving safepoint region
[2019-12-09T02:00:18.606+0000][1][safepoint    ] Total time for which application threads were stopped: 0.0000924 seconds, Stopping threads took: 0.0000178 seconds
[2019-12-09T02:00:19.606+0000][1][safepoint    ] Application time: 1.0000756 seconds
[2019-12-09T02:00:19.606+0000][1][safepoint    ] Entering safepoint region: Cleanup
[2019-12-09T02:00:19.606+0000][1][safepoint    ] Leaving safepoint region
[2019-12-09T02:00:19.606+0000][1][safepoint    ] Total time for which application threads were stopped: 0.0000845 seconds, Stopping threads took: 0.0000191 seconds
[2019-12-09T02:00:20.606+0000][1][safepoint    ] Application time: 1.0000750 seconds
[2019-12-09T02:00:20.606+0000][1][safepoint    ] Entering safepoint region: Cleanup
[2019-12-09T02:00:20.606+0000][1][safepoint    ] Leaving safepoint region
[2019-12-09T02:00:20.606+0000][1][safepoint    ] Total time for which application threads were stopped: 0.0000857 seconds, Stopping threads took: 0.0000174 seconds
[2019-12-09T02:00:21.606+0000][1][safepoint    ] Application time: 1.0000735 seconds
[2019-12-09T02:00:21.606+0000][1][safepoint    ] Entering safepoint region: Cleanup
[2019-12-09T02:00:21.606+0000][1][safepoint    ] Leaving safepoint region
[2019-12-09T02:00:21.606+0000][1][safepoint    ] Total time for which application threads were stopped: 0.0000815 seconds, Stopping threads took: 0.0000171 seconds
[2019-12-09T02:00:22.606+0000][1][safepoint    ] Application time: 1.0000764 seconds
[2019-12-09T02:00:22.606+0000][1][safepoint    ] Entering safepoint region: Cleanup
[2019-12-09T02:00:22.606+0000][1][safepoint    ] Leaving safepoint region
[2019-12-09T02:00:22.607+0000][1][safepoint    ] Total time for which application threads were stopped: 0.0000859 seconds, Stopping threads took: 0.0000205 seconds
[2019-12-09T02:00:23.607+0000][1][safepoint    ] Application time: 1.0000746 seconds
[2019-12-09T02:00:23.607+0000][1][safepoint    ] Entering safepoint region: Cleanup
[2019-12-09T02:00:23.607+0000][1][safepoint    ] Leaving safepoint region
[2019-12-09T02:00:23.607+0000][1][safepoint    ] Total time for which application threads were stopped: 0.0000905 seconds, Stopping threads took: 0.0000168 seconds
[2019-12-09T02:00:24.607+0000][1][safepoint    ] Application time: 1.0000756 seconds
[2019-12-09T02:00:24.607+0000][1][safepoint    ] Entering safepoint region: Cleanup
[2019-12-09T02:00:24.607+0000][1][safepoint    ] Leaving safepoint region
[2019-12-09T02:00:24.607+0000][1][safepoint    ] Total time for which application threads were stopped: 0.0000838 seconds, Stopping threads took: 0.0000180 seconds
[2019-12-09T02:00:25.607+0000][1][safepoint    ] Application time: 1.0000748 seconds
[2019-12-09T02:00:25.607+0000][1][safepoint    ] Entering safepoint region: Cleanup
[2019-12-09T02:00:25.607+0000][1][safepoint    ] Leaving safepoint region
[2019-12-09T02:00:25.607+0000][1][safepoint    ] Total time for which application threads were stopped: 0.0000925 seconds, Stopping threads took: 0.0000228 seconds
[2019-12-09T02:00:26.607+0000][1][safepoint    ] Application time: 1.0000754 seconds
[2019-12-09T02:00:26.607+0000][1][safepoint    ] Entering safepoint region: Cleanup
[2019-12-09T02:00:26.607+0000][1][safepoint    ] Leaving safepoint region
[2019-12-09T02:00:26.607+0000][1][safepoint    ] Total time for which application threads were stopped: 0.0000917 seconds, Stopping threads took: 0.0000177 seconds
[2019-12-09T02:00:27.607+0000][1][safepoint    ] Application time: 1.0000752 seconds
[2019-12-09T02:00:27.607+0000][1][safepoint    ] Entering safepoint region: Cleanup
[2019-12-09T02:00:27.608+0000][1][safepoint    ] Leaving safepoint region
[2019-12-09T02:00:27.608+0000][1][safepoint    ] Total time for which application threads were stopped: 0.0000835 seconds, Stopping threads took: 0.0000178 seconds
[2019-12-09T02:00:28.608+0000][1][safepoint    ] Application time: 1.0000767 seconds
[2019-12-09T02:00:28.608+0000][1][safepoint    ] Entering safepoint region: Cleanup
[2019-12-09T02:00:28.608+0000][1][safepoint    ] Leaving safepoint region
[2019-12-09T02:00:28.608+0000][1][safepoint    ] Total time for which application threads were stopped: 0.0000947 seconds, Stopping threads took: 0.0000196 seconds
[2019-12-09T02:00:29.608+0000][1][safepoint    ] Application time: 1.0000761 seconds
[2019-12-09T02:00:29.608+0000][1][safepoint    ] Entering safepoint region: Cleanup
[2019-12-09T02:00:29.608+0000][1][safepoint    ] Leaving safepoint region
[2019-12-09T02:00:29.608+0000][1][safepoint    ] Total time for which application threads were stopped: 0.0000924 seconds, Stopping threads took: 0.0000187 seconds
[2019-12-09T02:00:30.608+0000][1][safepoint    ] Application time: 1.0000761 seconds
[2019-12-09T02:00:30.608+0000][1][safepoint    ] Entering safepoint region: Cleanup
[2019-12-09T02:00:30.608+0000][1][safepoint    ] Leaving safepoint region
[2019-12-09T02:00:30.608+0000][1][safepoint    ] Total time for which application threads were stopped: 0.0000863 seconds, Stopping threads took: 0.0000209 seconds
[2019-12-09T02:00:31.608+0000][1][safepoint    ] Application time: 1.0000761 seconds
[2019-12-09T02:00:31.608+0000][1][safepoint    ] Entering safepoint region: Cleanup
[2019-12-09T02:00:31.608+0000][1][safepoint    ] Leaving safepoint region
[2019-12-09T02:00:31.608+0000][1][safepoint    ] Total time for which application threads were stopped: 0.0000871 seconds, Stopping threads took: 0.0000223 seconds
[2019-12-09T02:00:32.608+0000][1][safepoint    ] Application time: 1.0000758 seconds
[2019-12-09T02:00:32.608+0000][1][safepoint    ] Entering safepoint region: Cleanup
[2019-12-09T02:00:32.609+0000][1][safepoint    ] Leaving safepoint region
[2019-12-09T02:00:32.609+0000][1][safepoint    ] Total time for which application threads were stopped: 0.0000813 seconds, Stopping threads took: 0.0000181 seconds
[2019-12-09T02:00:33.609+0000][1][safepoint    ] Application time: 1.0000753 seconds
[2019-12-09T02:00:33.609+0000][1][safepoint    ] Entering safepoint region: Cleanup
[2019-12-09T02:00:33.609+0000][1][safepoint    ] Leaving safepoint region
[2019-12-09T02:00:33.609+0000][1][safepoint    ] Total time for which application threads were stopped: 0.0000969 seconds, Stopping threads took: 0.0000180 seconds
[2019-12-09T02:00:34.609+0000][1][safepoint    ] Application time: 1.0000774 seconds
[2019-12-09T02:00:34.609+0000][1][safepoint    ] Entering safepoint region: Cleanup
[2019-12-09T02:00:34.609+0000][1][safepoint    ] Leaving safepoint region
[2019-12-09T02:00:34.609+0000][1][safepoint    ] Total time for which application threads were stopped: 0.0000866 seconds, Stopping threads took: 0.0000193 seconds
[2019-12-09T02:00:35.609+0000][1][safepoint    ] Application time: 1.0000751 seconds
[2019-12-09T02:00:35.609+0000][1][safepoint    ] Entering safepoint region: Cleanup
[2019-12-09T02:00:35.609+0000][1][safepoint    ] Leaving safepoint region
[2019-12-09T02:00:35.609+0000][1][safepoint    ] Total time for which application threads were stopped: 0.0000824 seconds, Stopping threads took: 0.0000183 seconds
[2019-12-09T02:00:36.609+0000][1][safepoint    ] Application time: 1.0000750 seconds
[2019-12-09T02:00:36.609+0000][1][safepoint    ] Entering safepoint region: Cleanup
[2019-12-09T02:00:36.609+0000][1][safepoint    ] Leaving safepoint region
[2019-12-09T02:00:36.609+0000][1][safepoint    ] Total time for which application threads were stopped: 0.0000912 seconds, Stopping threads took: 0.0000228 seconds
[2019-12-09T02:00:37.609+0000][1][safepoint    ] Application time: 1.0000788 seconds
[2019-12-09T02:00:37.609+0000][1][safepoint    ] Entering safepoint region: Cleanup
[2019-12-09T02:00:37.610+0000][1][safepoint    ] Leaving safepoint region
[2019-12-09T02:00:37.610+0000][1][safepoint    ] Total time for which application threads were stopped: 0.0000797 seconds, Stopping threads took: 0.0000171 seconds
[2019-12-09T02:00:38.610+0000][1][safepoint    ] Application time: 1.0000766 seconds
[2019-12-09T02:00:38.610+0000][1][safepoint    ] Entering safepoint region: Cleanup
[2019-12-09T02:00:38.610+0000][1][safepoint    ] Leaving safepoint region
[2019-12-09T02:00:38.610+0000][1][safepoint    ] Total time for which application threads were stopped: 0.0000897 seconds, Stopping threads took: 0.0000270 seconds
[2019-12-09T02:00:39.610+0000][1][safepoint    ] Application time: 1.0000671 seconds
[2019-12-09T02:00:39.610+0000][1][safepoint    ] Entering safepoint region: Cleanup
[2019-12-09T02:00:39.610+0000][1][safepoint    ] Leaving safepoint region
[2019-12-09T02:00:39.610+0000][1][safepoint    ] Total time for which application threads were stopped: 0.0000963 seconds, Stopping threads took: 0.0000254 seconds
[2019-12-09T02:00:40.610+0000][1][safepoint    ] Application time: 1.0000803 seconds
[2019-12-09T02:00:40.610+0000][1][safepoint    ] Entering safepoint region: Cleanup
[2019-12-09T02:00:40.610+0000][1][safepoint    ] Leaving safepoint region
[2019-12-09T02:00:40.610+0000][1][safepoint    ] Total time for which application threads were stopped: 0.0000845 seconds, Stopping threads took: 0.0000181 seconds
[2019-12-09T02:00:41.610+0000][1][safepoint    ] Application time: 1.0000769 seconds
[2019-12-09T02:00:41.610+0000][1][safepoint    ] Entering safepoint region: Cleanup
[2019-12-09T02:00:41.610+0000][1][safepoint    ] Leaving safepoint region
[2019-12-09T02:00:41.610+0000][1][safepoint    ] Total time for which application threads were stopped: 0.0000940 seconds, Stopping threads took: 0.0000191 seconds
[2019-12-09T02:00:42.610+0000][1][safepoint    ] Application time: 1.0000777 seconds
[2019-12-09T02:00:42.611+0000][1][safepoint    ] Entering safepoint region: Cleanup
[2019-12-09T02:00:42.611+0000][1][safepoint    ] Leaving safepoint region
[2019-12-09T02:00:42.611+0000][1][safepoint    ] Total time for which application threads were stopped: 0.0000821 seconds, Stopping threads took: 0.0000178 seconds
[2019-12-09T02:00:43.611+0000][1][safepoint    ] Application time: 1.0001396 seconds
[2019-12-09T02:00:43.611+0000][1][safepoint    ] Entering safepoint region: Cleanup
[2019-12-09T02:00:43.611+0000][1][safepoint    ] Leaving safepoint region
[2019-12-09T02:00:43.611+0000][1][safepoint    ] Total time for which application threads were stopped: 0.0001347 seconds, Stopping threads took: 0.0000375 seconds
[2019-12-09T02:00:44.611+0000][1][safepoint    ] Application time: 1.0000886 seconds
[2019-12-09T02:00:44.611+0000][1][safepoint    ] Entering safepoint region: Cleanup
[2019-12-09T02:00:44.611+0000][1][safepoint    ] Leaving safepoint region
[2019-12-09T02:00:44.611+0000][1][safepoint    ] Total time for which application threads were stopped: 0.0001187 seconds, Stopping threads took: 0.0000285 seconds
[2019-12-09T02:00:45.614+0000][1][safepoint    ] Application time: 1.0025325 seconds
[2019-12-09T02:00:45.614+0000][1][safepoint    ] Entering safepoint region: Cleanup
[2019-12-09T02:00:45.614+0000][1][safepoint    ] Leaving safepoint region
[2019-12-09T02:00:45.614+0000][1][safepoint    ] Total time for which application threads were stopped: 0.0001157 seconds, Stopping threads took: 0.0000271 seconds
[2019-12-09T02:00:46.621+0000][1][safepoint    ] Application time: 1.0068317 seconds
[2019-12-09T02:00:46.621+0000][1][safepoint    ] Entering safepoint region: Cleanup
[2019-12-09T02:00:46.621+0000][1][safepoint    ] Leaving safepoint region
[2019-12-09T02:00:46.621+0000][1][safepoint    ] Total time for which application threads were stopped: 0.0001192 seconds, Stopping threads took: 0.0000286 seconds
[2019-12-09T02:00:47.623+0000][1][safepoint    ] Application time: 1.0018331 seconds
[2019-12-09T02:00:47.623+0000][1][safepoint    ] Entering safepoint region: Cleanup
[2019-12-09T02:00:47.623+0000][1][safepoint    ] Leaving safepoint region
[2019-12-09T02:00:47.623+0000][1][safepoint    ] Total time for which application threads were stopped: 0.0001226 seconds, Stopping threads took: 0.0000273 seconds
[2019-12-09T02:00:48.626+0000][1][safepoint    ] Application time: 1.0028158 seconds
[2019-12-09T02:00:48.626+0000][1][safepoint    ] Entering safepoint region: Cleanup
[2019-12-09T02:00:48.626+0000][1][safepoint    ] Leaving safepoint region
[2019-12-09T02:00:48.626+0000][1][safepoint    ] Total time for which application threads were stopped: 0.0001137 seconds, Stopping threads took: 0.0000249 seconds
[2019-12-09T02:00:49.628+0000][1][safepoint    ] Application time: 1.0018603 seconds
[2019-12-09T02:00:49.628+0000][1][safepoint    ] Entering safepoint region: Cleanup
[2019-12-09T02:00:49.628+0000][1][safepoint    ] Leaving safepoint region
[2019-12-09T02:00:49.628+0000][1][safepoint    ] Total time for which application threads were stopped: 0.0001176 seconds, Stopping threads took: 0.0000275 seconds
[2019-12-09T02:00:50.629+0000][1][safepoint    ] Application time: 1.0007941 seconds
[2019-12-09T02:00:50.629+0000][1][safepoint    ] Entering safepoint region: Cleanup
[2019-12-09T02:00:50.629+0000][1][safepoint    ] Leaving safepoint region
[2019-12-09T02:00:50.629+0000][1][safepoint    ] Total time for which application threads were stopped: 0.0001273 seconds, Stopping threads took: 0.0000270 seconds
[2019-12-09T02:00:51.631+0000][1][safepoint    ] Application time: 1.0018213 seconds
[2019-12-09T02:00:51.631+0000][1][safepoint    ] Entering safepoint region: Cleanup
[2019-12-09T02:00:51.631+0000][1][safepoint    ] Leaving safepoint region
[2019-12-09T02:00:51.631+0000][1][safepoint    ] Total time for which application threads were stopped: 0.0001184 seconds, Stopping threads took: 0.0000273 seconds
[2019-12-09T02:00:52.633+0000][1][safepoint    ] Application time: 1.0018300 seconds
[2019-12-09T02:00:52.633+0000][1][safepoint    ] Entering safepoint region: Cleanup
[2019-12-09T02:00:52.633+0000][1][safepoint    ] Leaving safepoint region
[2019-12-09T02:00:52.633+0000][1][safepoint    ] Total time for which application threads were stopped: 0.0001235 seconds, Stopping threads took: 0.0000292 seconds
[2019-12-09T02:00:53.634+0000][1][safepoint    ] Application time: 1.0008124 seconds
[2019-12-09T02:00:53.634+0000][1][safepoint    ] Entering safepoint region: Cleanup
[2019-12-09T02:00:53.634+0000][1][safepoint    ] Leaving safepoint region
[2019-12-09T02:00:53.634+0000][1][safepoint    ] Total time for which application threads were stopped: 0.0001122 seconds, Stopping threads took: 0.0000241 seconds
[2019-12-09T02:00:54.636+0000][1][safepoint    ] Application time: 1.0018498 seconds
[2019-12-09T02:00:54.636+0000][1][safepoint    ] Entering safepoint region: Cleanup
[2019-12-09T02:00:54.636+0000][1][safepoint    ] Leaving safepoint region
[2019-12-09T02:00:54.636+0000][1][safepoint    ] Total time for which application threads were stopped: 0.0001323 seconds, Stopping threads took: 0.0000366 seconds
[2019-12-09T02:00:55.638+0000][1][safepoint    ] Application time: 1.0017925 seconds
[2019-12-09T02:00:55.638+0000][1][safepoint    ] Entering safepoint region: Cleanup
[2019-12-09T02:00:55.638+0000][1][safepoint    ] Leaving safepoint region
[2019-12-09T02:00:55.638+0000][1][safepoint    ] Total time for which application threads were stopped: 0.0001115 seconds, Stopping threads took: 0.0000247 seconds
[2019-12-09T02:00:56.639+0000][1][safepoint    ] Application time: 1.0009087 seconds
[2019-12-09T02:00:56.639+0000][1][safepoint    ] Entering safepoint region: Cleanup
[2019-12-09T02:00:56.639+0000][1][safepoint    ] Leaving safepoint region
[2019-12-09T02:00:56.639+0000][1][safepoint    ] Total time for which application threads were stopped: 0.0001156 seconds, Stopping threads took: 0.0000256 seconds
[2019-12-09T02:00:57.640+0000][1][safepoint    ] Application time: 1.0007555 seconds
[2019-12-09T02:00:57.640+0000][1][safepoint    ] Entering safepoint region: Cleanup
[2019-12-09T02:00:57.640+0000][1][safepoint    ] Leaving safepoint region
[2019-12-09T02:00:57.640+0000][1][safepoint    ] Total time for which application threads were stopped: 0.0001297 seconds, Stopping threads took: 0.0000258 seconds
[2019-12-09T02:00:58.643+0000][1][safepoint    ] Application time: 1.0028036 seconds
[2019-12-09T02:00:58.643+0000][1][safepoint    ] Entering safepoint region: Cleanup
[2019-12-09T02:00:58.643+0000][1][safepoint    ] Leaving safepoint region
[2019-12-09T02:00:58.643+0000][1][safepoint    ] Total time for which application threads were stopped: 0.0001116 seconds, Stopping threads took: 0.0000240 seconds
[2019-12-09T02:00:59.647+0000][1][safepoint    ] Application time: 1.0038343 seconds
[2019-12-09T02:00:59.647+0000][1][safepoint    ] Entering safepoint region: Cleanup
[2019-12-09T02:00:59.647+0000][1][safepoint    ] Leaving safepoint region
[2019-12-09T02:00:59.647+0000][1][safepoint    ] Total time for which application threads were stopped: 0.0001162 seconds, Stopping threads took: 0.0000276 seconds
[2019-12-09T02:01:00.648+0000][1][safepoint    ] Application time: 1.0008337 seconds
[2019-12-09T02:01:00.648+0000][1][safepoint    ] Entering safepoint region: Cleanup
[2019-12-09T02:01:00.648+0000][1][safepoint    ] Leaving safepoint region
[2019-12-09T02:01:00.648+0000][1][safepoint    ] Total time for which application threads were stopped: 0.0001250 seconds, Stopping threads took: 0.0000292 seconds
[2019-12-09T02:01:01.649+0000][1][safepoint    ] Application time: 1.0008847 seconds
[2019-12-09T02:01:01.649+0000][1][safepoint    ] Entering safepoint region: Cleanup
[2019-12-09T02:01:01.649+0000][1][safepoint    ] Leaving safepoint region
[2019-12-09T02:01:01.649+0000][1][safepoint    ] Total time for which application threads were stopped: 0.0001267 seconds, Stopping threads took: 0.0000281 seconds
[2019-12-09T02:01:02.652+0000][1][safepoint    ] Application time: 1.0027400 seconds
[2019-12-09T02:01:02.652+0000][1][safepoint    ] Entering safepoint region: Cleanup
[2019-12-09T02:01:02.652+0000][1][safepoint    ] Leaving safepoint region
[2019-12-09T02:01:02.652+0000][1][safepoint    ] Total time for which application threads were stopped: 0.0001152 seconds, Stopping threads took: 0.0000282 seconds
[2019-12-09T02:01:03.654+0000][1][safepoint    ] Application time: 1.0018276 seconds
[2019-12-09T02:01:03.654+0000][1][safepoint    ] Entering safepoint region: Cleanup
[2019-12-09T02:01:03.654+0000][1][safepoint    ] Leaving safepoint region
[2019-12-09T02:01:03.654+0000][1][safepoint    ] Total time for which application threads were stopped: 0.0001208 seconds, Stopping threads took: 0.0000273 seconds
[2019-12-09T02:01:04.657+0000][1][safepoint    ] Application time: 1.0028025 seconds
[2019-12-09T02:01:04.657+0000][1][safepoint    ] Entering safepoint region: Cleanup
[2019-12-09T02:01:04.657+0000][1][safepoint    ] Leaving safepoint region
[2019-12-09T02:01:04.657+0000][1][safepoint    ] Total time for which application threads were stopped: 0.0001175 seconds, Stopping threads took: 0.0000305 seconds
[2019-12-09T02:01:05.660+0000][1][safepoint    ] Application time: 1.0028286 seconds
[2019-12-09T02:01:05.660+0000][1][safepoint    ] Entering safepoint region: Cleanup
[2019-12-09T02:01:05.660+0000][1][safepoint    ] Leaving safepoint region
[2019-12-09T02:01:05.660+0000][1][safepoint    ] Total time for which application threads were stopped: 0.0001093 seconds, Stopping threads took: 0.0000253 seconds
[2019-12-09T02:01:06.665+0000][1][safepoint    ] Application time: 1.0048425 seconds
[2019-12-09T02:01:06.665+0000][1][safepoint    ] Entering safepoint region: Cleanup
[2019-12-09T02:01:06.665+0000][1][safepoint    ] Leaving safepoint region
[2019-12-09T02:01:06.665+0000][1][safepoint    ] Total time for which application threads were stopped: 0.0001227 seconds, Stopping threads took: 0.0000266 seconds
[2019-12-09T02:01:07.668+0000][1][safepoint    ] Application time: 1.0028139 seconds
[2019-12-09T02:01:07.668+0000][1][safepoint    ] Entering safepoint region: Cleanup
[2019-12-09T02:01:07.668+0000][1][safepoint    ] Leaving safepoint region
[2019-12-09T02:01:07.668+0000][1][safepoint    ] Total time for which application threads were stopped: 0.0001175 seconds, Stopping threads took: 0.0000272 seconds
[2019-12-09T02:01:08.670+0000][1][safepoint    ] Application time: 1.0018296 seconds
[2019-12-09T02:01:08.670+0000][1][safepoint    ] Entering safepoint region: Cleanup
[2019-12-09T02:01:08.670+0000][1][safepoint    ] Leaving safepoint region
[2019-12-09T02:01:08.670+0000][1][safepoint    ] Total time for which application threads were stopped: 0.0001214 seconds, Stopping threads took: 0.0000265 seconds
[2019-12-09T02:01:09.672+0000][1][safepoint    ] Application time: 1.0018315 seconds
[2019-12-09T02:01:09.672+0000][1][safepoint    ] Entering safepoint region: Cleanup
[2019-12-09T02:01:09.672+0000][1][safepoint    ] Leaving safepoint region
[2019-12-09T02:01:09.672+0000][1][safepoint    ] Total time for which application threads were stopped: 0.0001277 seconds, Stopping threads took: 0.0000286 seconds
[2019-12-09T02:01:10.674+0000][1][safepoint    ] Application time: 1.0018009 seconds
[2019-12-09T02:01:10.674+0000][1][safepoint    ] Entering safepoint region: Cleanup
[2019-12-09T02:01:10.674+0000][1][safepoint    ] Leaving safepoint region
[2019-12-09T02:01:10.674+0000][1][safepoint    ] Total time for which application threads were stopped: 0.0001150 seconds, Stopping threads took: 0.0000264 seconds
[2019-12-09T02:01:11.676+0000][1][safepoint    ] Application time: 1.0018333 seconds
[2019-12-09T02:01:11.676+0000][1][safepoint    ] Entering safepoint region: Cleanup
[2019-12-09T02:01:11.676+0000][1][safepoint    ] Leaving safepoint region
[2019-12-09T02:01:11.676+0000][1][safepoint    ] Total time for which application threads were stopped: 0.0001198 seconds, Stopping threads took: 0.0000258 seconds
[2019-12-09T02:01:12.677+0000][1][safepoint    ] Application time: 1.0008237 seconds
[2019-12-09T02:01:12.677+0000][1][safepoint    ] Entering safepoint region: Cleanup
[2019-12-09T02:01:12.677+0000][1][safepoint    ] Leaving safepoint region
[2019-12-09T02:01:12.677+0000][1][safepoint    ] Total time for which application threads were stopped: 0.0001151 seconds, Stopping threads took: 0.0000254 seconds
[2019-12-09T02:01:13.679+0000][1][safepoint    ] Application time: 1.0018347 seconds
[2019-12-09T02:01:13.679+0000][1][safepoint    ] Entering safepoint region: Cleanup
[2019-12-09T02:01:13.679+0000][1][safepoint    ] Leaving safepoint region
[2019-12-09T02:01:13.679+0000][1][safepoint    ] Total time for which application threads were stopped: 0.0001250 seconds, Stopping threads took: 0.0000291 seconds
[2019-12-09T02:01:14.681+0000][1][safepoint    ] Application time: 1.0018204 seconds
[2019-12-09T02:01:14.681+0000][1][safepoint    ] Entering safepoint region: Cleanup
[2019-12-09T02:01:14.681+0000][1][safepoint    ] Leaving safepoint region
[2019-12-09T02:01:14.681+0000][1][safepoint    ] Total time for which application threads were stopped: 0.0001304 seconds, Stopping threads took: 0.0000344 seconds
[2019-12-09T02:01:15.683+0000][1][safepoint    ] Application time: 1.0018604 seconds
[2019-12-09T02:01:15.683+0000][1][safepoint    ] Entering safepoint region: Cleanup
[2019-12-09T02:01:15.683+0000][1][safepoint    ] Leaving safepoint region
[2019-12-09T02:01:15.683+0000][1][safepoint    ] Total time for which application threads were stopped: 0.0001161 seconds, Stopping threads took: 0.0000255 seconds
[2019-12-09T02:01:16.684+0000][1][safepoint    ] Application time: 1.0007717 seconds
[2019-12-09T02:01:16.684+0000][1][safepoint    ] Entering safepoint region: Cleanup
[2019-12-09T02:01:16.684+0000][1][safepoint    ] Leaving safepoint region
[2019-12-09T02:01:16.684+0000][1][safepoint    ] Total time for which application threads were stopped: 0.0001316 seconds, Stopping threads took: 0.0000356 seconds
[2019-12-09T02:01:17.685+0000][1][safepoint    ] Application time: 1.0008095 seconds
[2019-12-09T02:01:17.685+0000][1][safepoint    ] Entering safepoint region: Cleanup
[2019-12-09T02:01:17.685+0000][1][safepoint    ] Leaving safepoint region
[2019-12-09T02:01:17.685+0000][1][safepoint    ] Total time for which application threads were stopped: 0.0001127 seconds, Stopping threads took: 0.0000273 seconds
[2019-12-09T02:01:18.686+0000][1][safepoint    ] Application time: 1.0013115 seconds
[2019-12-09T02:01:18.686+0000][1][safepoint    ] Entering safepoint region: Cleanup
[2019-12-09T02:01:18.686+0000][1][safepoint    ] Leaving safepoint region
[2019-12-09T02:01:18.686+0000][1][safepoint    ] Total time for which application threads were stopped: 0.0001134 seconds, Stopping threads took: 0.0000261 seconds
[2019-12-09T02:01:19.688+0000][1][safepoint    ] Application time: 1.0013627 seconds
[2019-12-09T02:01:19.688+0000][1][safepoint    ] Entering safepoint region: Cleanup
[2019-12-09T02:01:19.688+0000][1][safepoint    ] Leaving safepoint region
[2019-12-09T02:01:19.688+0000][1][safepoint    ] Total time for which application threads were stopped: 0.0001223 seconds, Stopping threads took: 0.0000267 seconds
[2019-12-09T02:01:20.690+0000][1][safepoint    ] Application time: 1.0018935 seconds
[2019-12-09T02:01:20.690+0000][1][safepoint    ] Entering safepoint region: Cleanup
[2019-12-09T02:01:20.690+0000][1][safepoint    ] Leaving safepoint region
[2019-12-09T02:01:20.690+0000][1][safepoint    ] Total time for which application threads were stopped: 0.0001275 seconds, Stopping threads took: 0.0000304 seconds
[2019-12-09T02:01:21.691+0000][1][safepoint    ] Application time: 1.0007433 seconds
[2019-12-09T02:01:21.691+0000][1][safepoint    ] Entering safepoint region: Cleanup
[2019-12-09T02:01:21.691+0000][1][safepoint    ] Leaving safepoint region
[2019-12-09T02:01:21.691+0000][1][safepoint    ] Total time for which application threads were stopped: 0.0001199 seconds, Stopping threads took: 0.0000262 seconds
[2019-12-09T02:01:22.325+0000][1][safepoint    ] Application time: 0.6338845 seconds
[2019-12-09T02:01:22.325+0000][1][safepoint    ] Entering safepoint region: GenCollectForAllocation
[2019-12-09T02:01:22.325+0000][1][gc,start     ] GC(30) Pause Young (Allocation Failure)
[2019-12-09T02:01:22.325+0000][1][gc,task      ] GC(30) Using 2 workers of 2 for evacuation
[2019-12-09T02:01:22.330+0000][1][gc,age       ] GC(30) Desired survivor size 4456448 bytes, new threshold 6 (max threshold 6)
[2019-12-09T02:01:22.330+0000][1][gc,age       ] GC(30) Age table with threshold 6 (max threshold 6)
[2019-12-09T02:01:22.330+0000][1][gc,age       ] GC(30) - age   1:       5856 bytes,       5856 total
[2019-12-09T02:01:22.330+0000][1][gc,age       ] GC(30) - age   2:      60288 bytes,      66144 total
[2019-12-09T02:01:22.330+0000][1][gc,age       ] GC(30) - age   3:       5416 bytes,      71560 total
[2019-12-09T02:01:22.330+0000][1][gc,age       ] GC(30) - age   4:      24672 bytes,      96232 total
[2019-12-09T02:01:22.330+0000][1][gc,age       ] GC(30) - age   5:       2552 bytes,      98784 total
[2019-12-09T02:01:22.330+0000][1][gc,age       ] GC(30) - age   6:      23424 bytes,     122208 total
[2019-12-09T02:01:22.330+0000][1][gc,heap      ] GC(30) ParNew: 72012K->586K(78656K)
[2019-12-09T02:01:22.330+0000][1][gc,heap      ] GC(30) CMS: 69719K->69938K(174784K)
[2019-12-09T02:01:22.330+0000][1][gc,metaspace ] GC(30) Metaspace: 70749K->70749K(1114112K)
[2019-12-09T02:01:22.330+0000][1][gc           ] GC(30) Pause Young (Allocation Failure) 138M->68M(247M) 5.106ms
[2019-12-09T02:01:22.330+0000][1][gc,cpu       ] GC(30) User=0.01s Sys=0.00s Real=0.00s
[2019-12-09T02:01:22.330+0000][1][safepoint    ] Leaving safepoint region
[2019-12-09T02:01:22.330+0000][1][safepoint    ] Total time for which application threads were stopped: 0.0053219 seconds, Stopping threads took: 0.0000267 seconds
[2019-12-09T02:01:23.332+0000][1][safepoint    ] Application time: 1.0015554 seconds
[2019-12-09T02:01:23.332+0000][1][safepoint    ] Entering safepoint region: Cleanup
[2019-12-09T02:01:23.332+0000][1][safepoint    ] Leaving safepoint region
[2019-12-09T02:01:23.332+0000][1][safepoint    ] Total time for which application threads were stopped: 0.0001190 seconds, Stopping threads took: 0.0000267 seconds
[2019-12-09T02:01:24.333+0000][1][safepoint    ] Application time: 1.0008639 seconds
[2019-12-09T02:01:24.333+0000][1][safepoint    ] Entering safepoint region: Cleanup
[2019-12-09T02:01:24.333+0000][1][safepoint    ] Leaving safepoint region
[2019-12-09T02:01:24.333+0000][1][safepoint    ] Total time for which application threads were stopped: 0.0001313 seconds, Stopping threads took: 0.0000287 seconds
[2019-12-09T02:01:25.333+0000][1][safepoint    ] Application time: 1.0000889 seconds
[2019-12-09T02:01:25.333+0000][1][safepoint    ] Entering safepoint region: Cleanup
[2019-12-09T02:01:25.333+0000][1][safepoint    ] Leaving safepoint region
[2019-12-09T02:01:25.333+0000][1][safepoint    ] Total time for which application threads were stopped: 0.0001299 seconds, Stopping threads took: 0.0000301 seconds
[2019-12-09T02:01:26.342+0000][1][safepoint    ] Application time: 1.0084991 seconds
[2019-12-09T02:01:26.342+0000][1][safepoint    ] Entering safepoint region: Cleanup
[2019-12-09T02:01:26.342+0000][1][safepoint    ] Leaving safepoint region
[2019-12-09T02:01:26.342+0000][1][safepoint    ] Total time for which application threads were stopped: 0.0001214 seconds, Stopping threads took: 0.0000280 seconds
[2019-12-09T02:01:27.343+0000][1][safepoint    ] Application time: 1.0008108 seconds
[2019-12-09T02:01:27.343+0000][1][safepoint    ] Entering safepoint region: Cleanup
[2019-12-09T02:01:27.343+0000][1][safepoint    ] Leaving safepoint region
[2019-12-09T02:01:27.343+0000][1][safepoint    ] Total time for which application threads were stopped: 0.0001232 seconds, Stopping threads took: 0.0000292 seconds
[2019-12-09T02:01:28.115+0000][1][safepoint    ] Application time: 0.7726124 seconds
[2019-12-09T02:01:28.116+0000][1][safepoint    ] Entering safepoint region: RevokeBias
[2019-12-09T02:01:28.116+0000][1][safepoint    ] Leaving safepoint region
[2019-12-09T02:01:28.116+0000][1][safepoint    ] Total time for which application threads were stopped: 0.0001387 seconds, Stopping threads took: 0.0000210 seconds
[2019-12-09T02:01:28.127+0000][1][safepoint    ] Application time: 0.0115189 seconds
[2019-12-09T02:01:28.127+0000][1][safepoint    ] Entering safepoint region: RevokeBias
[2019-12-09T02:01:28.127+0000][1][safepoint    ] Leaving safepoint region
[2019-12-09T02:01:28.127+0000][1][safepoint    ] Total time for which application threads were stopped: 0.0001314 seconds, Stopping threads took: 0.0000203 seconds
[2019-12-09T02:01:29.130+0000][1][safepoint    ] Application time: 1.0023520 seconds
[2019-12-09T02:01:29.130+0000][1][safepoint    ] Entering safepoint region: Cleanup
[2019-12-09T02:01:29.130+0000][1][safepoint    ] Leaving safepoint region
[2019-12-09T02:01:29.130+0000][1][safepoint    ] Total time for which application threads were stopped: 0.0002066 seconds, Stopping threads took: 0.0000382 seconds
[2019-12-09T02:01:30.130+0000][1][safepoint    ] Application time: 1.0001279 seconds
[2019-12-09T02:01:30.130+0000][1][safepoint    ] Entering safepoint region: Cleanup
[2019-12-09T02:01:30.130+0000][1][safepoint    ] Leaving safepoint region
[2019-12-09T02:01:30.130+0000][1][safepoint    ] Total time for which application threads were stopped: 0.0001270 seconds, Stopping threads took: 0.0000273 seconds
[2019-12-09T02:01:31.131+0000][1][safepoint    ] Application time: 1.0004688 seconds
[2019-12-09T02:01:31.131+0000][1][safepoint    ] Entering safepoint region: Cleanup
[2019-12-09T02:01:31.131+0000][1][safepoint    ] Leaving safepoint region
[2019-12-09T02:01:31.131+0000][1][safepoint    ] Total time for which application threads were stopped: 0.0001204 seconds, Stopping threads took: 0.0000240 seconds
[2019-12-09T02:01:32.134+0000][1][safepoint    ] Application time: 1.0027949 seconds
[2019-12-09T02:01:32.134+0000][1][safepoint    ] Entering safepoint region: Cleanup
[2019-12-09T02:01:32.134+0000][1][safepoint    ] Leaving safepoint region
[2019-12-09T02:01:32.134+0000][1][safepoint    ] Total time for which application threads were stopped: 0.0001391 seconds, Stopping threads took: 0.0000293 seconds
[2019-12-09T02:01:33.134+0000][1][safepoint    ] Application time: 1.0000870 seconds
[2019-12-09T02:01:33.134+0000][1][safepoint    ] Entering safepoint region: Cleanup
[2019-12-09T02:01:33.134+0000][1][safepoint    ] Leaving safepoint region
[2019-12-09T02:01:33.134+0000][1][safepoint    ] Total time for which application threads were stopped: 0.0001287 seconds, Stopping threads took: 0.0000265 seconds
[2019-12-09T02:01:34.135+0000][1][safepoint    ] Application time: 1.0005435 seconds
[2019-12-09T02:01:34.135+0000][1][safepoint    ] Entering safepoint region: Cleanup
[2019-12-09T02:01:34.135+0000][1][safepoint    ] Leaving safepoint region
[2019-12-09T02:01:34.135+0000][1][safepoint    ] Total time for which application threads were stopped: 0.0001219 seconds, Stopping threads took: 0.0000239 seconds
[2019-12-09T02:01:34.157+0000][1][safepoint    ] Application time: 0.0225457 seconds
[2019-12-09T02:01:34.157+0000][1][safepoint    ] Entering safepoint region: RevokeBias
[2019-12-09T02:01:34.158+0000][1][safepoint    ] Leaving safepoint region
[2019-12-09T02:01:34.158+0000][1][safepoint    ] Total time for which application threads were stopped: 0.0001451 seconds, Stopping threads took: 0.0000230 seconds
[2019-12-09T02:01:35.158+0000][1][safepoint    ] Application time: 1.0000685 seconds
[2019-12-09T02:01:35.158+0000][1][safepoint    ] Entering safepoint region: Cleanup
[2019-12-09T02:01:35.158+0000][1][safepoint    ] Leaving safepoint region
[2019-12-09T02:01:35.158+0000][1][safepoint    ] Total time for which application threads were stopped: 0.0001020 seconds, Stopping threads took: 0.0000204 seconds
[2019-12-09T02:01:36.160+0000][1][safepoint    ] Application time: 1.0018635 seconds
[2019-12-09T02:01:36.160+0000][1][safepoint    ] Entering safepoint region: Cleanup
[2019-12-09T02:01:36.160+0000][1][safepoint    ] Leaving safepoint region
[2019-12-09T02:01:36.160+0000][1][safepoint    ] Total time for which application threads were stopped: 0.0001174 seconds, Stopping threads took: 0.0000272 seconds
[2019-12-09T02:01:37.160+0000][1][safepoint    ] Application time: 1.0000811 seconds
[2019-12-09T02:01:37.160+0000][1][safepoint    ] Entering safepoint region: Cleanup
[2019-12-09T02:01:37.160+0000][1][safepoint    ] Leaving safepoint region
[2019-12-09T02:01:37.160+0000][1][safepoint    ] Total time for which application threads were stopped: 0.0000868 seconds, Stopping threads took: 0.0000204 seconds
[2019-12-09T02:01:38.160+0000][1][safepoint    ] Application time: 1.0000792 seconds
[2019-12-09T02:01:38.160+0000][1][safepoint    ] Entering safepoint region: Cleanup
[2019-12-09T02:01:38.160+0000][1][safepoint    ] Leaving safepoint region
[2019-12-09T02:01:38.160+0000][1][safepoint    ] Total time for which application threads were stopped: 0.0000853 seconds, Stopping threads took: 0.0000195 seconds
[2019-12-09T02:01:39.160+0000][1][safepoint    ] Application time: 1.0000769 seconds
[2019-12-09T02:01:39.160+0000][1][safepoint    ] Entering safepoint region: Cleanup
[2019-12-09T02:01:39.161+0000][1][safepoint    ] Leaving safepoint region
[2019-12-09T02:01:39.161+0000][1][safepoint    ] Total time for which application threads were stopped: 0.0000849 seconds, Stopping threads took: 0.0000192 seconds
[2019-12-09T02:01:40.161+0000][1][safepoint    ] Application time: 1.0000788 seconds
[2019-12-09T02:01:40.161+0000][1][safepoint    ] Entering safepoint region: Cleanup
[2019-12-09T02:01:40.161+0000][1][safepoint    ] Leaving safepoint region
[2019-12-09T02:01:40.161+0000][1][safepoint    ] Total time for which application threads were stopped: 0.0000944 seconds, Stopping threads took: 0.0000187 seconds
[2019-12-09T02:01:41.161+0000][1][safepoint    ] Application time: 1.0000761 seconds
[2019-12-09T02:01:41.161+0000][1][safepoint    ] Entering safepoint region: Cleanup
[2019-12-09T02:01:41.161+0000][1][safepoint    ] Leaving safepoint region
[2019-12-09T02:01:41.161+0000][1][safepoint    ] Total time for which application threads were stopped: 0.0000863 seconds, Stopping threads took: 0.0000181 seconds
[2019-12-09T02:01:42.161+0000][1][safepoint    ] Application time: 1.0000786 seconds
[2019-12-09T02:01:42.161+0000][1][safepoint    ] Entering safepoint region: Cleanup
[2019-12-09T02:01:42.161+0000][1][safepoint    ] Leaving safepoint region
[2019-12-09T02:01:42.161+0000][1][safepoint    ] Total time for which application threads were stopped: 0.0000835 seconds, Stopping threads took: 0.0000181 seconds
[2019-12-09T02:01:43.161+0000][1][safepoint    ] Application time: 1.0000787 seconds
[2019-12-09T02:01:43.161+0000][1][safepoint    ] Entering safepoint region: Cleanup
[2019-12-09T02:01:43.161+0000][1][safepoint    ] Leaving safepoint region
[2019-12-09T02:01:43.161+0000][1][safepoint    ] Total time for which application threads were stopped: 0.0000896 seconds, Stopping threads took: 0.0000187 seconds
[2019-12-09T02:01:44.161+0000][1][safepoint    ] Application time: 1.0001279 seconds
[2019-12-09T02:01:44.162+0000][1][safepoint    ] Entering safepoint region: Cleanup
[2019-12-09T02:01:44.162+0000][1][safepoint    ] Leaving safepoint region
[2019-12-09T02:01:44.162+0000][1][safepoint    ] Total time for which application threads were stopped: 0.0000941 seconds, Stopping threads took: 0.0000249 seconds
[2019-12-09T02:01:44.729+0000][1][safepoint    ] Application time: 0.5678148 seconds
[2019-12-09T02:01:44.730+0000][1][safepoint    ] Entering safepoint region: RevokeBias
[2019-12-09T02:01:44.730+0000][1][safepoint    ] Leaving safepoint region
[2019-12-09T02:01:44.730+0000][1][safepoint    ] Total time for which application threads were stopped: 0.0001736 seconds, Stopping threads took: 0.0000229 seconds
[2019-12-09T02:01:44.730+0000][1][safepoint    ] Application time: 0.0000971 seconds
[2019-12-09T02:01:44.730+0000][1][safepoint    ] Entering safepoint region: RevokeBias
[2019-12-09T02:01:44.730+0000][1][safepoint    ] Leaving safepoint region
[2019-12-09T02:01:44.730+0000][1][safepoint    ] Total time for which application threads were stopped: 0.0001227 seconds, Stopping threads took: 0.0000148 seconds
[2019-12-09T02:01:44.749+0000][1][safepoint    ] Application time: 0.0190292 seconds
[2019-12-09T02:01:44.749+0000][1][safepoint    ] Entering safepoint region: RevokeBias
[2019-12-09T02:01:44.749+0000][1][safepoint    ] Leaving safepoint region
[2019-12-09T02:01:44.749+0000][1][safepoint    ] Total time for which application threads were stopped: 0.0001270 seconds, Stopping threads took: 0.0000208 seconds
[2019-12-09T02:01:44.749+0000][1][safepoint    ] Application time: 0.0000681 seconds
[2019-12-09T02:01:44.749+0000][1][safepoint    ] Entering safepoint region: RevokeBias
[2019-12-09T02:01:44.749+0000][1][safepoint    ] Leaving safepoint region
[2019-12-09T02:01:44.749+0000][1][safepoint    ] Total time for which application threads were stopped: 0.0000743 seconds, Stopping threads took: 0.0000107 seconds
[2019-12-09T02:01:45.749+0000][1][safepoint    ] Application time: 1.0000821 seconds
[2019-12-09T02:01:45.749+0000][1][safepoint    ] Entering safepoint region: Cleanup
[2019-12-09T02:01:45.749+0000][1][safepoint    ] Leaving safepoint region
[2019-12-09T02:01:45.749+0000][1][safepoint    ] Total time for which application threads were stopped: 0.0000808 seconds, Stopping threads took: 0.0000164 seconds
[2019-12-09T02:01:46.750+0000][1][safepoint    ] Application time: 1.0000780 seconds
[2019-12-09T02:01:46.750+0000][1][safepoint    ] Entering safepoint region: Cleanup
[2019-12-09T02:01:46.750+0000][1][safepoint    ] Leaving safepoint region
[2019-12-09T02:01:46.750+0000][1][safepoint    ] Total time for which application threads were stopped: 0.0000805 seconds, Stopping threads took: 0.0000170 seconds
[2019-12-09T02:01:47.750+0000][1][safepoint    ] Application time: 1.0000738 seconds
[2019-12-09T02:01:47.750+0000][1][safepoint    ] Entering safepoint region: Cleanup
[2019-12-09T02:01:47.750+0000][1][safepoint    ] Leaving safepoint region
[2019-12-09T02:01:47.750+0000][1][safepoint    ] Total time for which application threads were stopped: 0.0000829 seconds, Stopping threads took: 0.0000176 seconds
[2019-12-09T02:01:48.750+0000][1][safepoint    ] Application time: 1.0000768 seconds
[2019-12-09T02:01:48.750+0000][1][safepoint    ] Entering safepoint region: Cleanup
[2019-12-09T02:01:48.750+0000][1][safepoint    ] Leaving safepoint region
[2019-12-09T02:01:48.750+0000][1][safepoint    ] Total time for which application threads were stopped: 0.0000829 seconds, Stopping threads took: 0.0000173 seconds
[2019-12-09T02:01:49.750+0000][1][safepoint    ] Application time: 1.0000760 seconds
[2019-12-09T02:01:49.750+0000][1][safepoint    ] Entering safepoint region: Cleanup
[2019-12-09T02:01:49.750+0000][1][safepoint    ] Leaving safepoint region
[2019-12-09T02:01:49.750+0000][1][safepoint    ] Total time for which application threads were stopped: 0.0000815 seconds, Stopping threads took: 0.0000179 seconds
[2019-12-09T02:01:50.750+0000][1][safepoint    ] Application time: 1.0000763 seconds
[2019-12-09T02:01:50.750+0000][1][safepoint    ] Entering safepoint region: Cleanup
[2019-12-09T02:01:50.750+0000][1][safepoint    ] Leaving safepoint region
[2019-12-09T02:01:50.750+0000][1][safepoint    ] Total time for which application threads were stopped: 0.0000813 seconds, Stopping threads took: 0.0000172 seconds
[2019-12-09T02:01:51.751+0000][1][safepoint    ] Application time: 1.0000762 seconds
[2019-12-09T02:01:51.751+0000][1][safepoint    ] Entering safepoint region: Cleanup
[2019-12-09T02:01:51.751+0000][1][safepoint    ] Leaving safepoint region
[2019-12-09T02:01:51.751+0000][1][safepoint    ] Total time for which application threads were stopped: 0.0000797 seconds, Stopping threads took: 0.0000173 seconds
[2019-12-09T02:01:52.751+0000][1][safepoint    ] Application time: 1.0000864 seconds
[2019-12-09T02:01:52.751+0000][1][safepoint    ] Entering safepoint region: Cleanup
[2019-12-09T02:01:52.751+0000][1][safepoint    ] Leaving safepoint region
[2019-12-09T02:01:52.751+0000][1][safepoint    ] Total time for which application threads were stopped: 0.0000775 seconds, Stopping threads took: 0.0000162 seconds
[2019-12-09T02:01:53.751+0000][1][safepoint    ] Application time: 1.0000749 seconds
[2019-12-09T02:01:53.751+0000][1][safepoint    ] Entering safepoint region: Cleanup
[2019-12-09T02:01:53.751+0000][1][safepoint    ] Leaving safepoint region
[2019-12-09T02:01:53.751+0000][1][safepoint    ] Total time for which application threads were stopped: 0.0000774 seconds, Stopping threads took: 0.0000155 seconds
[2019-12-09T02:01:54.751+0000][1][safepoint    ] Application time: 1.0000777 seconds
[2019-12-09T02:01:54.751+0000][1][safepoint    ] Entering safepoint region: Cleanup
[2019-12-09T02:01:54.751+0000][1][safepoint    ] Leaving safepoint region
[2019-12-09T02:01:54.751+0000][1][safepoint    ] Total time for which application threads were stopped: 0.0000836 seconds, Stopping threads took: 0.0000190 seconds
[2019-12-09T02:01:55.751+0000][1][safepoint    ] Application time: 1.0000835 seconds
[2019-12-09T02:01:55.751+0000][1][safepoint    ] Entering safepoint region: Cleanup
[2019-12-09T02:01:55.751+0000][1][safepoint    ] Leaving safepoint region
[2019-12-09T02:01:55.752+0000][1][safepoint    ] Total time for which application threads were stopped: 0.0001149 seconds, Stopping threads took: 0.0000255 seconds
[2019-12-09T02:01:56.752+0000][1][safepoint    ] Application time: 1.0000749 seconds
[2019-12-09T02:01:56.752+0000][1][safepoint    ] Entering safepoint region: Cleanup
[2019-12-09T02:01:56.752+0000][1][safepoint    ] Leaving safepoint region
[2019-12-09T02:01:56.752+0000][1][safepoint    ] Total time for which application threads were stopped: 0.0000907 seconds, Stopping threads took: 0.0000178 seconds
[2019-12-09T02:01:57.752+0000][1][safepoint    ] Application time: 1.0000766 seconds
[2019-12-09T02:01:57.752+0000][1][safepoint    ] Entering safepoint region: Cleanup
[2019-12-09T02:01:57.752+0000][1][safepoint    ] Leaving safepoint region
[2019-12-09T02:01:57.752+0000][1][safepoint    ] Total time for which application threads were stopped: 0.0000757 seconds, Stopping threads took: 0.0000171 seconds
[2019-12-09T02:01:58.752+0000][1][safepoint    ] Application time: 1.0000764 seconds
[2019-12-09T02:01:58.752+0000][1][safepoint    ] Entering safepoint region: Cleanup
[2019-12-09T02:01:58.752+0000][1][safepoint    ] Leaving safepoint region
[2019-12-09T02:01:58.752+0000][1][safepoint    ] Total time for which application threads were stopped: 0.0000856 seconds, Stopping threads took: 0.0000167 seconds
[2019-12-09T02:01:59.752+0000][1][safepoint    ] Application time: 1.0000772 seconds
[2019-12-09T02:01:59.752+0000][1][safepoint    ] Entering safepoint region: Cleanup
[2019-12-09T02:01:59.752+0000][1][safepoint    ] Leaving safepoint region
[2019-12-09T02:01:59.752+0000][1][safepoint    ] Total time for which application threads were stopped: 0.0000880 seconds, Stopping threads took: 0.0000253 seconds
[2019-12-09T02:02:00.752+0000][1][safepoint    ] Application time: 1.0000757 seconds
[2019-12-09T02:02:00.752+0000][1][safepoint    ] Entering safepoint region: Cleanup
[2019-12-09T02:02:00.752+0000][1][safepoint    ] Leaving safepoint region
[2019-12-09T02:02:00.753+0000][1][safepoint    ] Total time for which application threads were stopped: 0.0000788 seconds, Stopping threads took: 0.0000176 seconds
[2019-12-09T02:02:01.753+0000][1][safepoint    ] Application time: 1.0000766 seconds
[2019-12-09T02:02:01.753+0000][1][safepoint    ] Entering safepoint region: Cleanup
[2019-12-09T02:02:01.753+0000][1][safepoint    ] Leaving safepoint region
[2019-12-09T02:02:01.753+0000][1][safepoint    ] Total time for which application threads were stopped: 0.0000946 seconds, Stopping threads took: 0.0000185 seconds
[2019-12-09T02:02:02.753+0000][1][safepoint    ] Application time: 1.0000763 seconds
[2019-12-09T02:02:02.753+0000][1][safepoint    ] Entering safepoint region: Cleanup
[2019-12-09T02:02:02.753+0000][1][safepoint    ] Leaving safepoint region
[2019-12-09T02:02:02.753+0000][1][safepoint    ] Total time for which application threads were stopped: 0.0000786 seconds, Stopping threads took: 0.0000179 seconds
[2019-12-09T02:02:03.753+0000][1][safepoint    ] Application time: 1.0000762 seconds
[2019-12-09T02:02:03.753+0000][1][safepoint    ] Entering safepoint region: Cleanup
[2019-12-09T02:02:03.753+0000][1][safepoint    ] Leaving safepoint region
[2019-12-09T02:02:03.753+0000][1][safepoint    ] Total time for which application threads were stopped: 0.0000796 seconds, Stopping threads took: 0.0000165 seconds
[2019-12-09T02:02:04.753+0000][1][safepoint    ] Application time: 1.0000751 seconds
[2019-12-09T02:02:04.753+0000][1][safepoint    ] Entering safepoint region: Cleanup
[2019-12-09T02:02:04.753+0000][1][safepoint    ] Leaving safepoint region
[2019-12-09T02:02:04.753+0000][1][safepoint    ] Total time for which application threads were stopped: 0.0000784 seconds, Stopping threads took: 0.0000173 seconds
[2019-12-09T02:02:05.753+0000][1][safepoint    ] Application time: 1.0000740 seconds
[2019-12-09T02:02:05.753+0000][1][safepoint    ] Entering safepoint region: Cleanup
[2019-12-09T02:02:05.754+0000][1][safepoint    ] Leaving safepoint region
[2019-12-09T02:02:05.754+0000][1][safepoint    ] Total time for which application threads were stopped: 0.0000867 seconds, Stopping threads took: 0.0000185 seconds
[2019-12-09T02:02:06.754+0000][1][safepoint    ] Application time: 1.0000742 seconds
[2019-12-09T02:02:06.754+0000][1][safepoint    ] Entering safepoint region: Cleanup
[2019-12-09T02:02:06.754+0000][1][safepoint    ] Leaving safepoint region
[2019-12-09T02:02:06.754+0000][1][safepoint    ] Total time for which application threads were stopped: 0.0000886 seconds, Stopping threads took: 0.0000165 seconds
[2019-12-09T02:02:07.754+0000][1][safepoint    ] Application time: 1.0000749 seconds
[2019-12-09T02:02:07.754+0000][1][safepoint    ] Entering safepoint region: Cleanup
[2019-12-09T02:02:07.754+0000][1][safepoint    ] Leaving safepoint region
[2019-12-09T02:02:07.754+0000][1][safepoint    ] Total time for which application threads were stopped: 0.0000754 seconds, Stopping threads took: 0.0000152 seconds
[2019-12-09T02:02:08.754+0000][1][safepoint    ] Application time: 1.0000752 seconds
[2019-12-09T02:02:08.754+0000][1][safepoint    ] Entering safepoint region: Cleanup
[2019-12-09T02:02:08.754+0000][1][safepoint    ] Leaving safepoint region
[2019-12-09T02:02:08.754+0000][1][safepoint    ] Total time for which application threads were stopped: 0.0000776 seconds, Stopping threads took: 0.0000168 seconds
[2019-12-09T02:02:09.754+0000][1][safepoint    ] Application time: 1.0000759 seconds
[2019-12-09T02:02:09.754+0000][1][safepoint    ] Entering safepoint region: Cleanup
[2019-12-09T02:02:09.754+0000][1][safepoint    ] Leaving safepoint region
[2019-12-09T02:02:09.754+0000][1][safepoint    ] Total time for which application threads were stopped: 0.0000778 seconds, Stopping threads took: 0.0000165 seconds
[2019-12-09T02:02:10.754+0000][1][safepoint    ] Application time: 1.0000753 seconds
[2019-12-09T02:02:10.754+0000][1][safepoint    ] Entering safepoint region: Cleanup
[2019-12-09T02:02:10.754+0000][1][safepoint    ] Leaving safepoint region
[2019-12-09T02:02:10.754+0000][1][safepoint    ] Total time for which application threads were stopped: 0.0000805 seconds, Stopping threads took: 0.0000175 seconds
[2019-12-09T02:02:11.755+0000][1][safepoint    ] Application time: 1.0000773 seconds
[2019-12-09T02:02:11.755+0000][1][safepoint    ] Entering safepoint region: Cleanup
[2019-12-09T02:02:11.755+0000][1][safepoint    ] Leaving safepoint region
[2019-12-09T02:02:11.755+0000][1][safepoint    ] Total time for which application threads were stopped: 0.0000827 seconds, Stopping threads took: 0.0000190 seconds
[2019-12-09T02:02:12.755+0000][1][safepoint    ] Application time: 1.0000756 seconds
[2019-12-09T02:02:12.755+0000][1][safepoint    ] Entering safepoint region: Cleanup
[2019-12-09T02:02:12.755+0000][1][safepoint    ] Leaving safepoint region
[2019-12-09T02:02:12.755+0000][1][safepoint    ] Total time for which application threads were stopped: 0.0000794 seconds, Stopping threads took: 0.0000162 seconds
[2019-12-09T02:02:13.755+0000][1][safepoint    ] Application time: 1.0000744 seconds
[2019-12-09T02:02:13.755+0000][1][safepoint    ] Entering safepoint region: Cleanup
[2019-12-09T02:02:13.755+0000][1][safepoint    ] Leaving safepoint region
[2019-12-09T02:02:13.755+0000][1][safepoint    ] Total time for which application threads were stopped: 0.0000857 seconds, Stopping threads took: 0.0000185 seconds
[2019-12-09T02:02:14.755+0000][1][safepoint    ] Application time: 1.0000740 seconds
[2019-12-09T02:02:14.755+0000][1][safepoint    ] Entering safepoint region: Cleanup
[2019-12-09T02:02:14.755+0000][1][safepoint    ] Leaving safepoint region
[2019-12-09T02:02:14.755+0000][1][safepoint    ] Total time for which application threads were stopped: 0.0000778 seconds, Stopping threads took: 0.0000184 seconds
[2019-12-09T02:02:15.755+0000][1][safepoint    ] Application time: 1.0000747 seconds
[2019-12-09T02:02:15.755+0000][1][safepoint    ] Entering safepoint region: Cleanup
[2019-12-09T02:02:15.755+0000][1][safepoint    ] Leaving safepoint region
[2019-12-09T02:02:15.755+0000][1][safepoint    ] Total time for which application threads were stopped: 0.0000801 seconds, Stopping threads took: 0.0000165 seconds
[2019-12-09T02:02:16.756+0000][1][safepoint    ] Application time: 1.0000728 seconds
[2019-12-09T02:02:16.756+0000][1][safepoint    ] Entering safepoint region: Cleanup
[2019-12-09T02:02:16.756+0000][1][safepoint    ] Leaving safepoint region
[2019-12-09T02:02:16.756+0000][1][safepoint    ] Total time for which application threads were stopped: 0.0000770 seconds, Stopping threads took: 0.0000161 seconds
[2019-12-09T02:02:17.756+0000][1][safepoint    ] Application time: 1.0000734 seconds
[2019-12-09T02:02:17.756+0000][1][safepoint    ] Entering safepoint region: Cleanup
[2019-12-09T02:02:17.756+0000][1][safepoint    ] Leaving safepoint region
[2019-12-09T02:02:17.756+0000][1][safepoint    ] Total time for which application threads were stopped: 0.0000742 seconds, Stopping threads took: 0.0000155 seconds
[2019-12-09T02:02:18.756+0000][1][safepoint    ] Application time: 1.0000748 seconds
[2019-12-09T02:02:18.756+0000][1][safepoint    ] Entering safepoint region: Cleanup
[2019-12-09T02:02:18.756+0000][1][safepoint    ] Leaving safepoint region
[2019-12-09T02:02:18.756+0000][1][safepoint    ] Total time for which application threads were stopped: 0.0000758 seconds, Stopping threads took: 0.0000163 seconds
[2019-12-09T02:02:19.756+0000][1][safepoint    ] Application time: 1.0000756 seconds
[2019-12-09T02:02:19.756+0000][1][safepoint    ] Entering safepoint region: Cleanup
[2019-12-09T02:02:19.756+0000][1][safepoint    ] Leaving safepoint region
[2019-12-09T02:02:19.756+0000][1][safepoint    ] Total time for which application threads were stopped: 0.0000797 seconds, Stopping threads took: 0.0000167 seconds
[2019-12-09T02:02:20.756+0000][1][safepoint    ] Application time: 1.0000730 seconds
[2019-12-09T02:02:20.756+0000][1][safepoint    ] Entering safepoint region: Cleanup
[2019-12-09T02:02:20.756+0000][1][safepoint    ] Leaving safepoint region
[2019-12-09T02:02:20.756+0000][1][safepoint    ] Total time for which application threads were stopped: 0.0000778 seconds, Stopping threads took: 0.0000174 seconds
[2019-12-09T02:02:21.756+0000][1][safepoint    ] Application time: 1.0000743 seconds
[2019-12-09T02:02:21.756+0000][1][safepoint    ] Entering safepoint region: Cleanup
[2019-12-09T02:02:21.757+0000][1][safepoint    ] Leaving safepoint region
[2019-12-09T02:02:21.757+0000][1][safepoint    ] Total time for which application threads were stopped: 0.0000764 seconds, Stopping threads took: 0.0000162 seconds
[2019-12-09T02:02:22.757+0000][1][safepoint    ] Application time: 1.0000736 seconds
[2019-12-09T02:02:22.757+0000][1][safepoint    ] Entering safepoint region: Cleanup
[2019-12-09T02:02:22.757+0000][1][safepoint    ] Leaving safepoint region
[2019-12-09T02:02:22.757+0000][1][safepoint    ] Total time for which application threads were stopped: 0.0000937 seconds, Stopping threads took: 0.0000295 seconds
[2019-12-09T02:02:23.757+0000][1][safepoint    ] Application time: 1.0000802 seconds
[2019-12-09T02:02:23.757+0000][1][safepoint    ] Entering safepoint region: Cleanup
[2019-12-09T02:02:23.757+0000][1][safepoint    ] Leaving safepoint region
[2019-12-09T02:02:23.757+0000][1][safepoint    ] Total time for which application threads were stopped: 0.0000736 seconds, Stopping threads took: 0.0000159 seconds
[2019-12-09T02:02:24.757+0000][1][safepoint    ] Application time: 1.0000765 seconds
[2019-12-09T02:02:24.757+0000][1][safepoint    ] Entering safepoint region: Cleanup
[2019-12-09T02:02:24.757+0000][1][safepoint    ] Leaving safepoint region
[2019-12-09T02:02:24.757+0000][1][safepoint    ] Total time for which application threads were stopped: 0.0000778 seconds, Stopping threads took: 0.0000179 seconds
[2019-12-09T02:02:25.757+0000][1][safepoint    ] Application time: 1.0000762 seconds
[2019-12-09T02:02:25.757+0000][1][safepoint    ] Entering safepoint region: Cleanup
[2019-12-09T02:02:25.757+0000][1][safepoint    ] Leaving safepoint region
[2019-12-09T02:02:25.757+0000][1][safepoint    ] Total time for which application threads were stopped: 0.0000753 seconds, Stopping threads took: 0.0000172 seconds
[2019-12-09T02:02:26.757+0000][1][safepoint    ] Application time: 1.0000803 seconds
[2019-12-09T02:02:26.757+0000][1][safepoint    ] Entering safepoint region: Cleanup
[2019-12-09T02:02:26.758+0000][1][safepoint    ] Leaving safepoint region
[2019-12-09T02:02:26.758+0000][1][safepoint    ] Total time for which application threads were stopped: 0.0001049 seconds, Stopping threads took: 0.0000244 seconds
[2019-12-09T02:02:27.758+0000][1][safepoint    ] Application time: 1.0000764 seconds
[2019-12-09T02:02:27.758+0000][1][safepoint    ] Entering safepoint region: Cleanup
[2019-12-09T02:02:27.758+0000][1][safepoint    ] Leaving safepoint region
[2019-12-09T02:02:27.758+0000][1][safepoint    ] Total time for which application threads were stopped: 0.0000874 seconds, Stopping threads took: 0.0000277 seconds
[2019-12-09T02:02:28.678+0000][1][safepoint    ] Application time: 0.9198840 seconds
[2019-12-09T02:02:28.678+0000][1][safepoint    ] Entering safepoint region: GenCollectForAllocation
[2019-12-09T02:02:28.678+0000][1][gc,start     ] GC(31) Pause Young (Allocation Failure)
[2019-12-09T02:02:28.678+0000][1][gc,task      ] GC(31) Using 2 workers of 2 for evacuation
[2019-12-09T02:02:28.680+0000][1][gc,age       ] GC(31) Desired survivor size 4456448 bytes, new threshold 6 (max threshold 6)
[2019-12-09T02:02:28.680+0000][1][gc,age       ] GC(31) Age table with threshold 6 (max threshold 6)
[2019-12-09T02:02:28.680+0000][1][gc,age       ] GC(31) - age   1:     192720 bytes,     192720 total
[2019-12-09T02:02:28.680+0000][1][gc,age       ] GC(31) - age   2:       1120 bytes,     193840 total
[2019-12-09T02:02:28.680+0000][1][gc,age       ] GC(31) - age   3:      60288 bytes,     254128 total
[2019-12-09T02:02:28.680+0000][1][gc,age       ] GC(31) - age   4:       5416 bytes,     259544 total
[2019-12-09T02:02:28.680+0000][1][gc,age       ] GC(31) - age   5:      24672 bytes,     284216 total
[2019-12-09T02:02:28.680+0000][1][gc,age       ] GC(31) - age   6:       2552 bytes,     286768 total
[2019-12-09T02:02:28.680+0000][1][gc,heap      ] GC(31) ParNew: 70538K->320K(78656K)
[2019-12-09T02:02:28.680+0000][1][gc,heap      ] GC(31) CMS: 69938K->69960K(174784K)
[2019-12-09T02:02:28.680+0000][1][gc,metaspace ] GC(31) Metaspace: 70978K->70978K(1114112K)
[2019-12-09T02:02:28.680+0000][1][gc           ] GC(31) Pause Young (Allocation Failure) 137M->68M(247M) 2.332ms
[2019-12-09T02:02:28.680+0000][1][gc,cpu       ] GC(31) User=0.00s Sys=0.00s Real=0.00s
[2019-12-09T02:02:28.680+0000][1][safepoint    ] Leaving safepoint region
[2019-12-09T02:02:28.680+0000][1][safepoint    ] Total time for which application threads were stopped: 0.0025239 seconds, Stopping threads took: 0.0000555 seconds
[2019-12-09T02:02:29.680+0000][1][safepoint    ] Application time: 1.0000920 seconds
[2019-12-09T02:02:29.680+0000][1][safepoint    ] Entering safepoint region: Cleanup
[2019-12-09T02:02:29.680+0000][1][safepoint    ] Leaving safepoint region
[2019-12-09T02:02:29.680+0000][1][safepoint    ] Total time for which application threads were stopped: 0.0000755 seconds, Stopping threads took: 0.0000164 seconds
[2019-12-09T02:02:30.681+0000][1][safepoint    ] Application time: 1.0000897 seconds
[2019-12-09T02:02:30.681+0000][1][safepoint    ] Entering safepoint region: Cleanup
[2019-12-09T02:02:30.681+0000][1][safepoint    ] Leaving safepoint region
[2019-12-09T02:02:30.681+0000][1][safepoint    ] Total time for which application threads were stopped: 0.0001067 seconds, Stopping threads took: 0.0000245 seconds
[2019-12-09T02:02:31.681+0000][1][safepoint    ] Application time: 1.0000787 seconds
[2019-12-09T02:02:31.681+0000][1][safepoint    ] Entering safepoint region: Cleanup
[2019-12-09T02:02:31.681+0000][1][safepoint    ] Leaving safepoint region
[2019-12-09T02:02:31.681+0000][1][safepoint    ] Total time for which application threads were stopped: 0.0001342 seconds, Stopping threads took: 0.0000357 seconds
[2019-12-09T02:02:32.681+0000][1][safepoint    ] Application time: 1.0000743 seconds
[2019-12-09T02:02:32.681+0000][1][safepoint    ] Entering safepoint region: Cleanup
[2019-12-09T02:02:32.681+0000][1][safepoint    ] Leaving safepoint region
[2019-12-09T02:02:32.681+0000][1][safepoint    ] Total time for which application threads were stopped: 0.0000813 seconds, Stopping threads took: 0.0000170 seconds
[2019-12-09T02:02:33.681+0000][1][safepoint    ] Application time: 1.0000788 seconds
[2019-12-09T02:02:33.681+0000][1][safepoint    ] Entering safepoint region: Cleanup
[2019-12-09T02:02:33.681+0000][1][safepoint    ] Leaving safepoint region
[2019-12-09T02:02:33.681+0000][1][safepoint    ] Total time for which application threads were stopped: 0.0000779 seconds, Stopping threads took: 0.0000171 seconds
[2019-12-09T02:02:34.681+0000][1][safepoint    ] Application time: 1.0000773 seconds
[2019-12-09T02:02:34.681+0000][1][safepoint    ] Entering safepoint region: Cleanup
[2019-12-09T02:02:34.682+0000][1][safepoint    ] Leaving safepoint region
[2019-12-09T02:02:34.682+0000][1][safepoint    ] Total time for which application threads were stopped: 0.0000823 seconds, Stopping threads took: 0.0000175 seconds
[2019-12-09T02:02:35.682+0000][1][safepoint    ] Application time: 1.0000768 seconds
[2019-12-09T02:02:35.682+0000][1][safepoint    ] Entering safepoint region: Cleanup
[2019-12-09T02:02:35.682+0000][1][safepoint    ] Leaving safepoint region
[2019-12-09T02:02:35.682+0000][1][safepoint    ] Total time for which application threads were stopped: 0.0000836 seconds, Stopping threads took: 0.0000248 seconds
[2019-12-09T02:02:36.682+0000][1][safepoint    ] Application time: 1.0000746 seconds
[2019-12-09T02:02:36.682+0000][1][safepoint    ] Entering safepoint region: Cleanup
[2019-12-09T02:02:36.682+0000][1][safepoint    ] Leaving safepoint region
[2019-12-09T02:02:36.682+0000][1][safepoint    ] Total time for which application threads were stopped: 0.0000772 seconds, Stopping threads took: 0.0000162 seconds
[2019-12-09T02:02:37.682+0000][1][safepoint    ] Application time: 1.0000757 seconds
[2019-12-09T02:02:37.682+0000][1][safepoint    ] Entering safepoint region: Cleanup
[2019-12-09T02:02:37.682+0000][1][safepoint    ] Leaving safepoint region
[2019-12-09T02:02:37.682+0000][1][safepoint    ] Total time for which application threads were stopped: 0.0000767 seconds, Stopping threads took: 0.0000162 seconds
[2019-12-09T02:02:38.682+0000][1][safepoint    ] Application time: 1.0000731 seconds
[2019-12-09T02:02:38.682+0000][1][safepoint    ] Entering safepoint region: Cleanup
[2019-12-09T02:02:38.682+0000][1][safepoint    ] Leaving safepoint region
[2019-12-09T02:02:38.682+0000][1][safepoint    ] Total time for which application threads were stopped: 0.0000777 seconds, Stopping threads took: 0.0000163 seconds
[2019-12-09T02:02:39.682+0000][1][safepoint    ] Application time: 1.0000794 seconds
[2019-12-09T02:02:39.682+0000][1][safepoint    ] Entering safepoint region: Cleanup
[2019-12-09T02:02:39.683+0000][1][safepoint    ] Leaving safepoint region
[2019-12-09T02:02:39.683+0000][1][safepoint    ] Total time for which application threads were stopped: 0.0000896 seconds, Stopping threads took: 0.0000240 seconds
[2019-12-09T02:02:40.683+0000][1][safepoint    ] Application time: 1.0000888 seconds
[2019-12-09T02:02:40.683+0000][1][safepoint    ] Entering safepoint region: Cleanup
[2019-12-09T02:02:40.683+0000][1][safepoint    ] Leaving safepoint region
[2019-12-09T02:02:40.683+0000][1][safepoint    ] Total time for which application threads were stopped: 0.0001401 seconds, Stopping threads took: 0.0000479 seconds
[2019-12-09T02:02:40.870+0000][1][safepoint    ] Application time: 0.1874803 seconds
[2019-12-09T02:02:40.870+0000][1][safepoint    ] Entering safepoint region: RevokeBias
[2019-12-09T02:02:40.870+0000][1][safepoint    ] Leaving safepoint region
[2019-12-09T02:02:40.870+0000][1][safepoint    ] Total time for which application threads were stopped: 0.0001265 seconds, Stopping threads took: 0.0000313 seconds
[2019-12-09T02:02:40.873+0000][1][safepoint    ] Application time: 0.0024539 seconds
[2019-12-09T02:02:40.873+0000][1][safepoint    ] Entering safepoint region: RevokeBias
[2019-12-09T02:02:40.873+0000][1][safepoint    ] Leaving safepoint region
[2019-12-09T02:02:40.873+0000][1][safepoint    ] Total time for which application threads were stopped: 0.0000720 seconds, Stopping threads took: 0.0000151 seconds
[2019-12-09T02:02:40.880+0000][1][safepoint    ] Application time: 0.0067452 seconds
[2019-12-09T02:02:40.885+0000][1][safepoint    ] Entering safepoint region: RevokeBias
[2019-12-09T02:02:40.885+0000][1][safepoint    ] Leaving safepoint region
[2019-12-09T02:02:40.885+0000][1][safepoint    ] Total time for which application threads were stopped: 0.0056064 seconds, Stopping threads took: 0.0055429 seconds
[2019-12-09T02:02:40.888+0000][1][safepoint    ] Application time: 0.0030712 seconds
[2019-12-09T02:02:40.888+0000][1][safepoint    ] Entering safepoint region: RevokeBias
[2019-12-09T02:02:40.889+0000][1][safepoint    ] Leaving safepoint region
[2019-12-09T02:02:40.889+0000][1][safepoint    ] Total time for which application threads were stopped: 0.0000710 seconds, Stopping threads took: 0.0000155 seconds
[2019-12-09T02:02:40.890+0000][1][safepoint    ] Application time: 0.0010354 seconds
[2019-12-09T02:02:40.890+0000][1][safepoint    ] Entering safepoint region: RevokeBias
[2019-12-09T02:02:40.890+0000][1][safepoint    ] Leaving safepoint region
[2019-12-09T02:02:40.890+0000][1][safepoint    ] Total time for which application threads were stopped: 0.0000825 seconds, Stopping threads took: 0.0000144 seconds
[2019-12-09T02:02:40.890+0000][1][safepoint    ] Application time: 0.0001258 seconds
[2019-12-09T02:02:40.890+0000][1][safepoint    ] Entering safepoint region: RevokeBias
[2019-12-09T02:02:40.890+0000][1][safepoint    ] Leaving safepoint region
[2019-12-09T02:02:40.890+0000][1][safepoint    ] Total time for which application threads were stopped: 0.0000571 seconds, Stopping threads took: 0.0000110 seconds
[2019-12-09T02:02:40.890+0000][1][safepoint    ] Application time: 0.0005194 seconds
[2019-12-09T02:02:40.890+0000][1][safepoint    ] Entering safepoint region: RevokeBias
[2019-12-09T02:02:40.890+0000][1][safepoint    ] Leaving safepoint region
[2019-12-09T02:02:40.891+0000][1][safepoint    ] Total time for which application threads were stopped: 0.0000691 seconds, Stopping threads took: 0.0000141 seconds
[2019-12-09T02:02:40.891+0000][1][safepoint    ] Application time: 0.0002258 seconds
[2019-12-09T02:02:40.891+0000][1][safepoint    ] Entering safepoint region: RevokeBias
[2019-12-09T02:02:40.891+0000][1][safepoint    ] Leaving safepoint region
[2019-12-09T02:02:40.891+0000][1][safepoint    ] Total time for which application threads were stopped: 0.0000714 seconds, Stopping threads took: 0.0000109 seconds
[2019-12-09T02:02:40.892+0000][1][safepoint    ] Application time: 0.0007107 seconds
[2019-12-09T02:02:40.892+0000][1][safepoint    ] Entering safepoint region: RevokeBias
[2019-12-09T02:02:40.892+0000][1][safepoint    ] Leaving safepoint region
[2019-12-09T02:02:40.892+0000][1][safepoint    ] Total time for which application threads were stopped: 0.0000668 seconds, Stopping threads took: 0.0000123 seconds
[2019-12-09T02:02:40.898+0000][1][safepoint    ] Application time: 0.0067342 seconds
[2019-12-09T02:02:40.898+0000][1][safepoint    ] Entering safepoint region: RevokeBias
[2019-12-09T02:02:40.898+0000][1][safepoint    ] Leaving safepoint region
[2019-12-09T02:02:40.898+0000][1][safepoint    ] Total time for which application threads were stopped: 0.0000633 seconds, Stopping threads took: 0.0000125 seconds
[2019-12-09T02:02:40.902+0000][1][safepoint    ] Application time: 0.0035290 seconds
[2019-12-09T02:02:40.902+0000][1][safepoint    ] Entering safepoint region: RevokeBias
[2019-12-09T02:02:40.902+0000][1][safepoint    ] Leaving safepoint region
[2019-12-09T02:02:40.902+0000][1][safepoint    ] Total time for which application threads were stopped: 0.0000691 seconds, Stopping threads took: 0.0000152 seconds
[2019-12-09T02:02:40.906+0000][1][safepoint    ] Application time: 0.0034686 seconds
[2019-12-09T02:02:40.906+0000][1][safepoint    ] Entering safepoint region: RevokeBias
[2019-12-09T02:02:40.906+0000][1][safepoint    ] Leaving safepoint region
[2019-12-09T02:02:40.906+0000][1][safepoint    ] Total time for which application threads were stopped: 0.0000621 seconds, Stopping threads took: 0.0000145 seconds
[2019-12-09T02:02:40.910+0000][1][safepoint    ] Application time: 0.0041673 seconds
[2019-12-09T02:02:40.910+0000][1][safepoint    ] Entering safepoint region: RevokeBias
[2019-12-09T02:02:40.910+0000][1][safepoint    ] Leaving safepoint region
[2019-12-09T02:02:40.910+0000][1][safepoint    ] Total time for which application threads were stopped: 0.0000531 seconds, Stopping threads took: 0.0000123 seconds
[2019-12-09T02:02:40.910+0000][1][safepoint    ] Application time: 0.0000474 seconds
[2019-12-09T02:02:40.910+0000][1][safepoint    ] Entering safepoint region: RevokeBias
[2019-12-09T02:02:40.910+0000][1][safepoint    ] Leaving safepoint region
[2019-12-09T02:02:40.910+0000][1][safepoint    ] Total time for which application threads were stopped: 0.0000471 seconds, Stopping threads took: 0.0000101 seconds
[2019-12-09T02:02:40.910+0000][1][safepoint    ] Application time: 0.0002654 seconds
[2019-12-09T02:02:40.910+0000][1][safepoint    ] Entering safepoint region: RevokeBias
[2019-12-09T02:02:40.910+0000][1][safepoint    ] Leaving safepoint region
[2019-12-09T02:02:40.910+0000][1][safepoint    ] Total time for which application threads were stopped: 0.0000580 seconds, Stopping threads took: 0.0000121 seconds
[2019-12-09T02:02:40.910+0000][1][safepoint    ] Application time: 0.0000651 seconds
[2019-12-09T02:02:40.910+0000][1][safepoint    ] Entering safepoint region: RevokeBias
[2019-12-09T02:02:40.910+0000][1][safepoint    ] Leaving safepoint region
[2019-12-09T02:02:40.910+0000][1][safepoint    ] Total time for which application threads were stopped: 0.0000491 seconds, Stopping threads took: 0.0000095 seconds
[2019-12-09T02:02:40.911+0000][1][safepoint    ] Application time: 0.0003902 seconds
[2019-12-09T02:02:40.911+0000][1][safepoint    ] Entering safepoint region: RevokeBias
[2019-12-09T02:02:40.911+0000][1][safepoint    ] Leaving safepoint region
[2019-12-09T02:02:40.911+0000][1][safepoint    ] Total time for which application threads were stopped: 0.0000681 seconds, Stopping threads took: 0.0000128 seconds
[2019-12-09T02:02:40.912+0000][1][safepoint    ] Application time: 0.0009841 seconds
[2019-12-09T02:02:40.912+0000][1][safepoint    ] Entering safepoint region: RevokeBias
[2019-12-09T02:02:40.912+0000][1][safepoint    ] Leaving safepoint region
[2019-12-09T02:02:40.912+0000][1][safepoint    ] Total time for which application threads were stopped: 0.0001166 seconds, Stopping threads took: 0.0000538 seconds
[2019-12-09T02:02:40.912+0000][1][safepoint    ] Application time: 0.0001751 seconds
[2019-12-09T02:02:40.912+0000][1][safepoint    ] Entering safepoint region: RevokeBias
[2019-12-09T02:02:40.912+0000][1][safepoint    ] Leaving safepoint region
[2019-12-09T02:02:40.912+0000][1][safepoint    ] Total time for which application threads were stopped: 0.0000524 seconds, Stopping threads took: 0.0000111 seconds
[2019-12-09T02:02:40.912+0000][1][safepoint    ] Application time: 0.0000413 seconds
[2019-12-09T02:02:40.912+0000][1][safepoint    ] Entering safepoint region: RevokeBias
[2019-12-09T02:02:40.912+0000][1][safepoint    ] Leaving safepoint region
[2019-12-09T02:02:40.912+0000][1][safepoint    ] Total time for which application threads were stopped: 0.0000449 seconds, Stopping threads took: 0.0000097 seconds
[2019-12-09T02:02:40.913+0000][1][safepoint    ] Application time: 0.0000459 seconds
[2019-12-09T02:02:40.913+0000][1][safepoint    ] Entering safepoint region: RevokeBias
[2019-12-09T02:02:40.913+0000][1][safepoint    ] Leaving safepoint region
[2019-12-09T02:02:40.913+0000][1][safepoint    ] Total time for which application threads were stopped: 0.0000396 seconds, Stopping threads took: 0.0000076 seconds
[2019-12-09T02:02:40.913+0000][1][safepoint    ] Application time: 0.0008985 seconds
[2019-12-09T02:02:40.913+0000][1][safepoint    ] Entering safepoint region: RevokeBias
[2019-12-09T02:02:40.914+0000][1][safepoint    ] Leaving safepoint region
[2019-12-09T02:02:40.914+0000][1][safepoint    ] Total time for which application threads were stopped: 0.0000617 seconds, Stopping threads took: 0.0000120 seconds
[2019-12-09T02:02:40.914+0000][1][safepoint    ] Application time: 0.0000644 seconds
[2019-12-09T02:02:40.914+0000][1][safepoint    ] Entering safepoint region: RevokeBias
[2019-12-09T02:02:40.914+0000][1][safepoint    ] Leaving safepoint region
[2019-12-09T02:02:40.914+0000][1][safepoint    ] Total time for which application threads were stopped: 0.0000433 seconds, Stopping threads took: 0.0000084 seconds
[2019-12-09T02:02:40.914+0000][1][safepoint    ] Application time: 0.0000570 seconds
[2019-12-09T02:02:40.914+0000][1][safepoint    ] Entering safepoint region: RevokeBias
[2019-12-09T02:02:40.914+0000][1][safepoint    ] Leaving safepoint region
[2019-12-09T02:02:40.914+0000][1][safepoint    ] Total time for which application threads were stopped: 0.0000446 seconds, Stopping threads took: 0.0000087 seconds
[2019-12-09T02:02:40.921+0000][1][safepoint    ] Application time: 0.0073257 seconds
[2019-12-09T02:02:40.921+0000][1][safepoint    ] Entering safepoint region: RevokeBias
[2019-12-09T02:02:40.921+0000][1][safepoint    ] Leaving safepoint region
[2019-12-09T02:02:40.921+0000][1][safepoint    ] Total time for which application threads were stopped: 0.0000699 seconds, Stopping threads took: 0.0000134 seconds
[2019-12-09T02:02:40.936+0000][1][safepoint    ] Application time: 0.0144607 seconds
[2019-12-09T02:02:40.936+0000][1][safepoint    ] Entering safepoint region: RevokeBias
[2019-12-09T02:02:40.936+0000][1][safepoint    ] Leaving safepoint region
[2019-12-09T02:02:40.936+0000][1][safepoint    ] Total time for which application threads were stopped: 0.0002142 seconds, Stopping threads took: 0.0001041 seconds
[2019-12-09T02:02:40.936+0000][1][safepoint    ] Application time: 0.0001277 seconds
[2019-12-09T02:02:40.936+0000][1][safepoint    ] Entering safepoint region: RevokeBias
[2019-12-09T02:02:40.936+0000][1][safepoint    ] Leaving safepoint region
[2019-12-09T02:02:40.936+0000][1][safepoint    ] Total time for which application threads were stopped: 0.0000444 seconds, Stopping threads took: 0.0000091 seconds
[2019-12-09T02:02:40.937+0000][1][safepoint    ] Application time: 0.0006492 seconds
[2019-12-09T02:02:40.937+0000][1][safepoint    ] Entering safepoint region: RevokeBias
[2019-12-09T02:02:40.937+0000][1][safepoint    ] Leaving safepoint region
[2019-12-09T02:02:40.937+0000][1][safepoint    ] Total time for which application threads were stopped: 0.0000582 seconds, Stopping threads took: 0.0000127 seconds
[2019-12-09T02:02:40.937+0000][1][safepoint    ] Application time: 0.0000694 seconds
[2019-12-09T02:02:40.937+0000][1][safepoint    ] Entering safepoint region: RevokeBias
[2019-12-09T02:02:40.937+0000][1][safepoint    ] Leaving safepoint region
[2019-12-09T02:02:40.937+0000][1][safepoint    ] Total time for which application threads were stopped: 0.0000480 seconds, Stopping threads took: 0.0000093 seconds
[2019-12-09T02:02:40.937+0000][1][safepoint    ] Application time: 0.0000557 seconds
[2019-12-09T02:02:40.937+0000][1][safepoint    ] Entering safepoint region: RevokeBias
[2019-12-09T02:02:40.937+0000][1][safepoint    ] Leaving safepoint region
[2019-12-09T02:02:40.937+0000][1][safepoint    ] Total time for which application threads were stopped: 0.0000443 seconds, Stopping threads took: 0.0000091 seconds
[2019-12-09T02:02:40.937+0000][1][safepoint    ] Application time: 0.0000691 seconds
[2019-12-09T02:02:40.937+0000][1][safepoint    ] Entering safepoint region: RevokeBias
[2019-12-09T02:02:40.937+0000][1][safepoint    ] Leaving safepoint region
[2019-12-09T02:02:40.937+0000][1][safepoint    ] Total time for which application threads were stopped: 0.0000486 seconds, Stopping threads took: 0.0000090 seconds
[2019-12-09T02:02:40.937+0000][1][safepoint    ] Application time: 0.0000706 seconds
[2019-12-09T02:02:40.937+0000][1][safepoint    ] Entering safepoint region: RevokeBias
[2019-12-09T02:02:40.937+0000][1][safepoint    ] Leaving safepoint region
[2019-12-09T02:02:40.937+0000][1][safepoint    ] Total time for which application threads were stopped: 0.0000383 seconds, Stopping threads took: 0.0000081 seconds
[2019-12-09T02:02:40.937+0000][1][safepoint    ] Application time: 0.0000708 seconds
[2019-12-09T02:02:40.937+0000][1][safepoint    ] Entering safepoint region: RevokeBias
[2019-12-09T02:02:40.937+0000][1][safepoint    ] Leaving safepoint region
[2019-12-09T02:02:40.938+0000][1][safepoint    ] Total time for which application threads were stopped: 0.0000387 seconds, Stopping threads took: 0.0000079 seconds
[2019-12-09T02:02:40.940+0000][1][safepoint    ] Application time: 0.0027860 seconds
[2019-12-09T02:02:40.947+0000][1][safepoint    ] Entering safepoint region: RevokeBias
[2019-12-09T02:02:40.947+0000][1][safepoint    ] Leaving safepoint region
[2019-12-09T02:02:40.947+0000][1][safepoint    ] Total time for which application threads were stopped: 0.0065369 seconds, Stopping threads took: 0.0064387 seconds
[2019-12-09T02:02:40.951+0000][1][safepoint    ] Application time: 0.0039853 seconds
[2019-12-09T02:02:40.957+0000][1][safepoint    ] Entering safepoint region: RevokeBias
[2019-12-09T02:02:40.958+0000][1][safepoint    ] Leaving safepoint region
[2019-12-09T02:02:40.958+0000][1][safepoint    ] Total time for which application threads were stopped: 0.0067273 seconds, Stopping threads took: 0.0066240 seconds
[2019-12-09T02:02:40.970+0000][1][safepoint    ] Application time: 0.0127336 seconds
[2019-12-09T02:02:40.970+0000][1][safepoint    ] Entering safepoint region: RevokeBias
[2019-12-09T02:02:40.970+0000][1][safepoint    ] Leaving safepoint region
[2019-12-09T02:02:40.970+0000][1][safepoint    ] Total time for which application threads were stopped: 0.0001285 seconds, Stopping threads took: 0.0000517 seconds
[2019-12-09T02:02:40.971+0000][1][safepoint    ] Application time: 0.0000819 seconds
[2019-12-09T02:02:40.971+0000][1][safepoint    ] Entering safepoint region: BulkRevokeBias
[2019-12-09T02:02:40.971+0000][1][safepoint    ] Leaving safepoint region
[2019-12-09T02:02:40.971+0000][1][safepoint    ] Total time for which application threads were stopped: 0.0003453 seconds, Stopping threads took: 0.0000092 seconds
[2019-12-09T02:02:40.976+0000][1][safepoint    ] Application time: 0.0051303 seconds
[2019-12-09T02:02:40.976+0000][1][safepoint    ] Entering safepoint region: RevokeBias
[2019-12-09T02:02:40.976+0000][1][safepoint    ] Leaving safepoint region
[2019-12-09T02:02:40.976+0000][1][safepoint    ] Total time for which application threads were stopped: 0.0000993 seconds, Stopping threads took: 0.0000274 seconds
[2019-12-09T02:02:40.977+0000][1][safepoint    ] Application time: 0.0004046 seconds
[2019-12-09T02:02:40.977+0000][1][safepoint    ] Entering safepoint region: RevokeBias
[2019-12-09T02:02:40.977+0000][1][safepoint    ] Leaving safepoint region
[2019-12-09T02:02:40.977+0000][1][safepoint    ] Total time for which application threads were stopped: 0.0003949 seconds, Stopping threads took: 0.0000106 seconds
[2019-12-09T02:02:41.006+0000][1][safepoint    ] Application time: 0.0288788 seconds
[2019-12-09T02:02:41.006+0000][1][safepoint    ] Entering safepoint region: RevokeBias
[2019-12-09T02:02:41.006+0000][1][safepoint    ] Leaving safepoint region
[2019-12-09T02:02:41.006+0000][1][safepoint    ] Total time for which application threads were stopped: 0.0001254 seconds, Stopping threads took: 0.0000214 seconds
[2019-12-09T02:02:41.030+0000][1][safepoint    ] Application time: 0.0238854 seconds
[2019-12-09T02:02:41.030+0000][1][safepoint    ] Entering safepoint region: RevokeBias
[2019-12-09T02:02:41.030+0000][1][safepoint    ] Leaving safepoint region
[2019-12-09T02:02:41.030+0000][1][safepoint    ] Total time for which application threads were stopped: 0.0000769 seconds, Stopping threads took: 0.0000128 seconds
[2019-12-09T02:02:41.046+0000][1][safepoint    ] Application time: 0.0161287 seconds
[2019-12-09T02:02:41.046+0000][1][safepoint    ] Entering safepoint region: RevokeBias
[2019-12-09T02:02:41.046+0000][1][safepoint    ] Leaving safepoint region
[2019-12-09T02:02:41.046+0000][1][safepoint    ] Total time for which application threads were stopped: 0.0000855 seconds, Stopping threads took: 0.0000138 seconds
[2019-12-09T02:02:41.047+0000][1][safepoint    ] Application time: 0.0005257 seconds
[2019-12-09T02:02:41.047+0000][1][safepoint    ] Entering safepoint region: RevokeBias
[2019-12-09T02:02:41.047+0000][1][safepoint    ] Leaving safepoint region
[2019-12-09T02:02:41.047+0000][1][safepoint    ] Total time for which application threads were stopped: 0.0000688 seconds, Stopping threads took: 0.0000121 seconds
[2019-12-09T02:02:41.065+0000][1][safepoint    ] Application time: 0.0179675 seconds
[2019-12-09T02:02:41.065+0000][1][safepoint    ] Entering safepoint region: RevokeBias
[2019-12-09T02:02:41.065+0000][1][safepoint    ] Leaving safepoint region
[2019-12-09T02:02:41.065+0000][1][safepoint    ] Total time for which application threads were stopped: 0.0000749 seconds, Stopping threads took: 0.0000133 seconds
[2019-12-09T02:02:41.065+0000][1][safepoint    ] Application time: 0.0002310 seconds
[2019-12-09T02:02:41.065+0000][1][safepoint    ] Entering safepoint region: RevokeBias
[2019-12-09T02:02:41.065+0000][1][safepoint    ] Leaving safepoint region
[2019-12-09T02:02:41.065+0000][1][safepoint    ] Total time for which application threads were stopped: 0.0000636 seconds, Stopping threads took: 0.0000105 seconds
[2019-12-09T02:02:41.066+0000][1][safepoint    ] Application time: 0.0011525 seconds
[2019-12-09T02:02:41.067+0000][1][safepoint    ] Entering safepoint region: RevokeBias
[2019-12-09T02:02:41.067+0000][1][safepoint    ] Leaving safepoint region
[2019-12-09T02:02:41.067+0000][1][safepoint    ] Total time for which application threads were stopped: 0.0000601 seconds, Stopping threads took: 0.0000131 seconds
[2019-12-09T02:02:41.079+0000][1][safepoint    ] Application time: 0.0121415 seconds
[2019-12-09T02:02:41.079+0000][1][safepoint    ] Entering safepoint region: RevokeBias
[2019-12-09T02:02:41.079+0000][1][safepoint    ] Leaving safepoint region
[2019-12-09T02:02:41.079+0000][1][safepoint    ] Total time for which application threads were stopped: 0.0000504 seconds, Stopping threads took: 0.0000123 seconds
[2019-12-09T02:02:41.079+0000][1][safepoint    ] Application time: 0.0004640 seconds
[2019-12-09T02:02:41.079+0000][1][safepoint    ] Entering safepoint region: RevokeBias
[2019-12-09T02:02:41.079+0000][1][safepoint    ] Leaving safepoint region
[2019-12-09T02:02:41.079+0000][1][safepoint    ] Total time for which application threads were stopped: 0.0000458 seconds, Stopping threads took: 0.0000109 seconds
[2019-12-09T02:02:41.081+0000][1][safepoint    ] Application time: 0.0011932 seconds
[2019-12-09T02:02:41.081+0000][1][safepoint    ] Entering safepoint region: RevokeBias
[2019-12-09T02:02:41.081+0000][1][safepoint    ] Leaving safepoint region
[2019-12-09T02:02:41.081+0000][1][safepoint    ] Total time for which application threads were stopped: 0.0000570 seconds, Stopping threads took: 0.0000111 seconds
[2019-12-09T02:02:41.093+0000][1][gc,heap,exit ] Heap
[2019-12-09T02:02:41.093+0000][1][gc,heap,exit ]  par new generation   total 78656K, used 20399K [0x00000000f0000000, 0x00000000f5550000, 0x00000000f5550000)
[2019-12-09T02:02:41.093+0000][1][gc,heap,exit ]   eden space 69952K,  28% used [0x00000000f0000000, 0x00000000f139bc30, 0x00000000f4450000)
[2019-12-09T02:02:41.093+0000][1][gc,heap,exit ]   from space 8704K,   3% used [0x00000000f4450000, 0x00000000f44a0320, 0x00000000f4cd0000)
[2019-12-09T02:02:41.093+0000][1][gc,heap,exit ]   to   space 8704K,   0% used [0x00000000f4cd0000, 0x00000000f4cd0000, 0x00000000f5550000)
[2019-12-09T02:02:41.093+0000][1][gc,heap,exit ]  concurrent mark-sweep generation total 174784K, used 69960K [0x00000000f5550000, 0x0000000100000000, 0x0000000100000000)
[2019-12-09T02:02:41.093+0000][1][gc,heap,exit ]  Metaspace       used 71139K, capacity 76404K, committed 76488K, reserved 1114112K
[2019-12-09T02:02:41.093+0000][1][gc,heap,exit ]   class space    used 9621K, capacity 11837K, committed 11868K, reserved 1048576K
[2019-12-09T02:02:41.093+0000][1][safepoint    ] Application time: 0.0122703 seconds
[2019-12-09T02:02:41.093+0000][1][safepoint    ] Entering safepoint region: Exit
