[2019-12-09T03:37:58.740+0000][1][gc] Using Concurrent Mark Sweep
[2019-12-09T03:37:58.740+0000][1][gc,heap,coops] Heap address: 0x00000000f0000000, size: 256 MB, Compressed Oops mode: 32-bit
[2019-12-09T03:37:58.972+0000][1][safepoint    ] Entering safepoint region: EnableBiasedLocking
[2019-12-09T03:37:58.972+0000][1][safepoint    ] Leaving safepoint region
[2019-12-09T03:37:58.972+0000][1][safepoint    ] Total time for which application threads were stopped: 0.0241612 seconds, Stopping threads took: 0.0240710 seconds
[2019-12-09T03:37:58.998+0000][1][safepoint    ] Application time: 0.0263214 seconds
[2019-12-09T03:37:58.999+0000][1][safepoint    ] Entering safepoint region: RevokeBias
[2019-12-09T03:37:58.999+0000][1][safepoint    ] Leaving safepoint region
[2019-12-09T03:37:58.999+0000][1][safepoint    ] Total time for which application threads were stopped: 0.0001692 seconds, Stopping threads took: 0.0001038 seconds
[2019-12-09T03:37:59.097+0000][1][safepoint    ] Application time: 0.0985515 seconds
[2019-12-09T03:37:59.097+0000][1][safepoint    ] Entering safepoint region: Deoptimize
[2019-12-09T03:37:59.097+0000][1][safepoint    ] Leaving safepoint region
[2019-12-09T03:37:59.097+0000][1][safepoint    ] Total time for which application threads were stopped: 0.0000523 seconds, Stopping threads took: 0.0000112 seconds
[2019-12-09T03:37:59.875+0000][1][safepoint    ] Application time: 0.7772150 seconds
[2019-12-09T03:37:59.875+0000][1][safepoint    ] Entering safepoint region: Deoptimize
[2019-12-09T03:37:59.875+0000][1][safepoint    ] Leaving safepoint region
[2019-12-09T03:37:59.875+0000][1][safepoint    ] Total time for which application threads were stopped: 0.0001055 seconds, Stopping threads took: 0.0000117 seconds
[2019-12-09T03:38:00.876+0000][1][safepoint    ] Application time: 1.0009349 seconds
[2019-12-09T03:38:00.876+0000][1][safepoint    ] Entering safepoint region: Cleanup
[2019-12-09T03:38:00.876+0000][1][safepoint    ] Leaving safepoint region
[2019-12-09T03:38:00.876+0000][1][safepoint    ] Total time for which application threads were stopped: 0.0001007 seconds, Stopping threads took: 0.0000236 seconds
[2019-12-09T03:38:01.885+0000][1][safepoint    ] Application time: 1.0091743 seconds
[2019-12-09T03:38:01.915+0000][1][safepoint    ] Entering safepoint region: Cleanup
[2019-12-09T03:38:01.915+0000][1][safepoint    ] Leaving safepoint region
[2019-12-09T03:38:01.915+0000][1][safepoint    ] Total time for which application threads were stopped: 0.0298771 seconds, Stopping threads took: 0.0298038 seconds
[2019-12-09T03:38:02.418+0000][1][safepoint    ] Application time: 0.5034183 seconds
[2019-12-09T03:38:02.418+0000][1][safepoint    ] Entering safepoint region: Deoptimize
[2019-12-09T03:38:02.418+0000][1][safepoint    ] Leaving safepoint region
[2019-12-09T03:38:02.418+0000][1][safepoint    ] Total time for which application threads were stopped: 0.0001558 seconds, Stopping threads took: 0.0000112 seconds
[2019-12-09T03:38:02.607+0000][1][safepoint    ] Application time: 0.1888792 seconds
[2019-12-09T03:38:02.607+0000][1][safepoint    ] Entering safepoint region: Deoptimize
[2019-12-09T03:38:02.608+0000][1][safepoint    ] Leaving safepoint region
[2019-12-09T03:38:02.608+0000][1][safepoint    ] Total time for which application threads were stopped: 0.0001391 seconds, Stopping threads took: 0.0000118 seconds
[2019-12-09T03:38:02.853+0000][1][safepoint    ] Application time: 0.2459223 seconds
[2019-12-09T03:38:02.853+0000][1][safepoint    ] Entering safepoint region: Deoptimize
[2019-12-09T03:38:02.854+0000][1][safepoint    ] Leaving safepoint region
[2019-12-09T03:38:02.854+0000][1][safepoint    ] Total time for which application threads were stopped: 0.0001608 seconds, Stopping threads took: 0.0000103 seconds
[2019-12-09T03:38:02.953+0000][1][safepoint    ] Application time: 0.0991724 seconds
[2019-12-09T03:38:02.953+0000][1][safepoint    ] Entering safepoint region: Deoptimize
[2019-12-09T03:38:02.953+0000][1][safepoint    ] Leaving safepoint region
[2019-12-09T03:38:02.953+0000][1][safepoint    ] Total time for which application threads were stopped: 0.0001598 seconds, Stopping threads took: 0.0000120 seconds
[2019-12-09T03:38:03.961+0000][1][safepoint    ] Application time: 1.0076709 seconds
[2019-12-09T03:38:03.981+0000][1][safepoint    ] Entering safepoint region: Cleanup
[2019-12-09T03:38:03.981+0000][1][safepoint    ] Leaving safepoint region
[2019-12-09T03:38:03.981+0000][1][safepoint    ] Total time for which application threads were stopped: 0.0200551 seconds, Stopping threads took: 0.0200024 seconds
[2019-12-09T03:38:04.987+0000][1][safepoint    ] Application time: 1.0059034 seconds
[2019-12-09T03:38:04.987+0000][1][safepoint    ] Entering safepoint region: Cleanup
[2019-12-09T03:38:04.987+0000][1][safepoint    ] Leaving safepoint region
[2019-12-09T03:38:04.987+0000][1][safepoint    ] Total time for which application threads were stopped: 0.0001416 seconds, Stopping threads took: 0.0000848 seconds
[2019-12-09T03:38:05.988+0000][1][safepoint    ] Application time: 1.0008251 seconds
[2019-12-09T03:38:05.988+0000][1][safepoint    ] Entering safepoint region: Cleanup
[2019-12-09T03:38:05.988+0000][1][safepoint    ] Leaving safepoint region
[2019-12-09T03:38:05.988+0000][1][safepoint    ] Total time for which application threads were stopped: 0.0000653 seconds, Stopping threads took: 0.0000129 seconds
[2019-12-09T03:38:06.378+0000][1][safepoint    ] Application time: 0.3900932 seconds
[2019-12-09T03:38:06.378+0000][1][safepoint    ] Entering safepoint region: Deoptimize
[2019-12-09T03:38:06.378+0000][1][safepoint    ] Leaving safepoint region
[2019-12-09T03:38:06.378+0000][1][safepoint    ] Total time for which application threads were stopped: 0.0001881 seconds, Stopping threads took: 0.0000115 seconds
[2019-12-09T03:38:07.401+0000][1][safepoint    ] Application time: 1.0225542 seconds
[2019-12-09T03:38:07.441+0000][1][safepoint    ] Entering safepoint region: Cleanup
[2019-12-09T03:38:07.441+0000][1][safepoint    ] Leaving safepoint region
[2019-12-09T03:38:07.441+0000][1][safepoint    ] Total time for which application threads were stopped: 0.0400749 seconds, Stopping threads took: 0.0400152 seconds
[2019-12-09T03:38:08.458+0000][1][safepoint    ] Application time: 1.0168936 seconds
[2019-12-09T03:38:08.504+0000][1][safepoint    ] Entering safepoint region: Cleanup
[2019-12-09T03:38:08.504+0000][1][safepoint    ] Leaving safepoint region
[2019-12-09T03:38:08.504+0000][1][safepoint    ] Total time for which application threads were stopped: 0.0460398 seconds, Stopping threads took: 0.0459843 seconds
[2019-12-09T03:38:09.475+0000][1][safepoint    ] Application time: 0.9713627 seconds
[2019-12-09T03:38:09.475+0000][1][safepoint    ] Entering safepoint region: Deoptimize
[2019-12-09T03:38:09.475+0000][1][safepoint    ] Leaving safepoint region
[2019-12-09T03:38:09.475+0000][1][safepoint    ] Total time for which application threads were stopped: 0.0002639 seconds, Stopping threads took: 0.0000103 seconds
[2019-12-09T03:38:10.476+0000][1][safepoint    ] Application time: 1.0001623 seconds
[2019-12-09T03:38:10.476+0000][1][safepoint    ] Entering safepoint region: Cleanup
[2019-12-09T03:38:10.476+0000][1][safepoint    ] Leaving safepoint region
[2019-12-09T03:38:10.476+0000][1][safepoint    ] Total time for which application threads were stopped: 0.0001214 seconds, Stopping threads took: 0.0000476 seconds
[2019-12-09T03:38:10.499+0000][1][safepoint    ] Application time: 0.0230784 seconds
[2019-12-09T03:38:10.499+0000][1][safepoint    ] Entering safepoint region: Deoptimize
[2019-12-09T03:38:10.499+0000][1][safepoint    ] Leaving safepoint region
[2019-12-09T03:38:10.499+0000][1][safepoint    ] Total time for which application threads were stopped: 0.0002346 seconds, Stopping threads took: 0.0000106 seconds
[2019-12-09T03:38:10.499+0000][1][safepoint    ] Application time: 0.0001540 seconds
[2019-12-09T03:38:10.499+0000][1][safepoint    ] Entering safepoint region: Deoptimize
[2019-12-09T03:38:10.500+0000][1][safepoint    ] Leaving safepoint region
[2019-12-09T03:38:10.500+0000][1][safepoint    ] Total time for which application threads were stopped: 0.0001943 seconds, Stopping threads took: 0.0000082 seconds
[2019-12-09T03:38:10.752+0000][1][safepoint    ] Application time: 0.2521457 seconds
[2019-12-09T03:38:10.752+0000][1][safepoint    ] Entering safepoint region: Deoptimize
[2019-12-09T03:38:10.752+0000][1][safepoint    ] Leaving safepoint region
[2019-12-09T03:38:10.752+0000][1][safepoint    ] Total time for which application threads were stopped: 0.0002594 seconds, Stopping threads took: 0.0000126 seconds
[2019-12-09T03:38:10.825+0000][1][safepoint    ] Application time: 0.0727108 seconds
[2019-12-09T03:38:10.825+0000][1][safepoint    ] Entering safepoint region: RevokeBias
[2019-12-09T03:38:10.825+0000][1][safepoint    ] Leaving safepoint region
[2019-12-09T03:38:10.825+0000][1][safepoint    ] Total time for which application threads were stopped: 0.0001462 seconds, Stopping threads took: 0.0000625 seconds
[2019-12-09T03:38:10.846+0000][1][safepoint    ] Application time: 0.0208074 seconds
[2019-12-09T03:38:10.846+0000][1][safepoint    ] Entering safepoint region: RevokeBias
[2019-12-09T03:38:10.846+0000][1][safepoint    ] Leaving safepoint region
[2019-12-09T03:38:10.846+0000][1][safepoint    ] Total time for which application threads were stopped: 0.0002905 seconds, Stopping threads took: 0.0000125 seconds
[2019-12-09T03:38:10.858+0000][1][safepoint    ] Application time: 0.0116917 seconds
[2019-12-09T03:38:10.858+0000][1][safepoint    ] Entering safepoint region: RevokeBias
[2019-12-09T03:38:10.858+0000][1][safepoint    ] Leaving safepoint region
[2019-12-09T03:38:10.858+0000][1][safepoint    ] Total time for which application threads were stopped: 0.0000729 seconds, Stopping threads took: 0.0000210 seconds
[2019-12-09T03:38:10.858+0000][1][safepoint    ] Application time: 0.0000730 seconds
[2019-12-09T03:38:10.858+0000][1][safepoint    ] Entering safepoint region: RevokeBias
[2019-12-09T03:38:10.858+0000][1][safepoint    ] Leaving safepoint region
[2019-12-09T03:38:10.858+0000][1][safepoint    ] Total time for which application threads were stopped: 0.0000398 seconds, Stopping threads took: 0.0000076 seconds
[2019-12-09T03:38:10.858+0000][1][safepoint    ] Application time: 0.0001271 seconds
[2019-12-09T03:38:10.858+0000][1][safepoint    ] Entering safepoint region: RevokeBias
[2019-12-09T03:38:10.858+0000][1][safepoint    ] Leaving safepoint region
[2019-12-09T03:38:10.858+0000][1][safepoint    ] Total time for which application threads were stopped: 0.0000433 seconds, Stopping threads took: 0.0000078 seconds
[2019-12-09T03:38:10.858+0000][1][safepoint    ] Application time: 0.0002950 seconds
[2019-12-09T03:38:10.858+0000][1][safepoint    ] Entering safepoint region: RevokeBias
[2019-12-09T03:38:10.859+0000][1][safepoint    ] Leaving safepoint region
[2019-12-09T03:38:10.859+0000][1][safepoint    ] Total time for which application threads were stopped: 0.0000581 seconds, Stopping threads took: 0.0000090 seconds
[2019-12-09T03:38:11.861+0000][1][safepoint    ] Application time: 1.0023046 seconds
[2019-12-09T03:38:11.953+0000][1][safepoint    ] Entering safepoint region: Cleanup
[2019-12-09T03:38:11.953+0000][1][safepoint    ] Leaving safepoint region
[2019-12-09T03:38:11.953+0000][1][safepoint    ] Total time for which application threads were stopped: 0.0919528 seconds, Stopping threads took: 0.0918849 seconds
[2019-12-09T03:38:12.425+0000][1][safepoint    ] Application time: 0.4720538 seconds
[2019-12-09T03:38:12.425+0000][1][safepoint    ] Entering safepoint region: GenCollectForAllocation
[2019-12-09T03:38:12.425+0000][1][gc,start     ] GC(0) Pause Young (Allocation Failure)
[2019-12-09T03:38:12.436+0000][1][gc,task      ] GC(0) Using 2 workers of 2 for evacuation
[2019-12-09T03:38:12.582+0000][1][gc,age       ] GC(0) Desired survivor size 4456448 bytes, new threshold 1 (max threshold 6)
[2019-12-09T03:38:12.582+0000][1][gc,age       ] GC(0) Age table with threshold 1 (max threshold 6)
[2019-12-09T03:38:12.582+0000][1][gc,age       ] GC(0) - age   1:    6689456 bytes,    6689456 total
[2019-12-09T03:38:12.582+0000][1][gc,heap      ] GC(0) ParNew: 69952K->6582K(78656K)
[2019-12-09T03:38:12.582+0000][1][gc,heap      ] GC(0) CMS: 0K->0K(174784K)
[2019-12-09T03:38:12.582+0000][1][gc,metaspace ] GC(0) Metaspace: 12917K->12917K(1060864K)
[2019-12-09T03:38:12.582+0000][1][gc           ] GC(0) Pause Young (Allocation Failure) 68M->6M(247M) 157.123ms
[2019-12-09T03:38:12.582+0000][1][gc,cpu       ] GC(0) User=0.05s Sys=0.00s Real=0.15s
[2019-12-09T03:38:12.582+0000][1][safepoint    ] Leaving safepoint region
[2019-12-09T03:38:12.582+0000][1][safepoint    ] Total time for which application threads were stopped: 0.1572652 seconds, Stopping threads took: 0.0000140 seconds
[2019-12-09T03:38:12.591+0000][1][safepoint    ] Application time: 0.0086386 seconds
[2019-12-09T03:38:12.591+0000][1][safepoint    ] Entering safepoint region: RevokeBias
[2019-12-09T03:38:12.591+0000][1][safepoint    ] Leaving safepoint region
[2019-12-09T03:38:12.591+0000][1][safepoint    ] Total time for which application threads were stopped: 0.0001162 seconds, Stopping threads took: 0.0000635 seconds
[2019-12-09T03:38:12.591+0000][1][safepoint    ] Application time: 0.0000556 seconds
[2019-12-09T03:38:12.591+0000][1][safepoint    ] Entering safepoint region: RevokeBias
[2019-12-09T03:38:12.591+0000][1][safepoint    ] Leaving safepoint region
[2019-12-09T03:38:12.591+0000][1][safepoint    ] Total time for which application threads were stopped: 0.0000332 seconds, Stopping threads took: 0.0000076 seconds
[2019-12-09T03:38:12.591+0000][1][safepoint    ] Application time: 0.0000527 seconds
[2019-12-09T03:38:12.591+0000][1][safepoint    ] Entering safepoint region: RevokeBias
[2019-12-09T03:38:12.591+0000][1][safepoint    ] Leaving safepoint region
[2019-12-09T03:38:12.591+0000][1][safepoint    ] Total time for which application threads were stopped: 0.0000305 seconds, Stopping threads took: 0.0000067 seconds
[2019-12-09T03:38:12.591+0000][1][safepoint    ] Application time: 0.0000452 seconds
[2019-12-09T03:38:12.591+0000][1][safepoint    ] Entering safepoint region: RevokeBias
[2019-12-09T03:38:12.591+0000][1][safepoint    ] Leaving safepoint region
[2019-12-09T03:38:12.591+0000][1][safepoint    ] Total time for which application threads were stopped: 0.0000297 seconds, Stopping threads took: 0.0000068 seconds
[2019-12-09T03:38:12.591+0000][1][safepoint    ] Application time: 0.0000490 seconds
[2019-12-09T03:38:12.591+0000][1][safepoint    ] Entering safepoint region: RevokeBias
[2019-12-09T03:38:12.591+0000][1][safepoint    ] Leaving safepoint region
[2019-12-09T03:38:12.591+0000][1][safepoint    ] Total time for which application threads were stopped: 0.0000308 seconds, Stopping threads took: 0.0000071 seconds
[2019-12-09T03:38:12.591+0000][1][safepoint    ] Application time: 0.0000442 seconds
[2019-12-09T03:38:12.591+0000][1][safepoint    ] Entering safepoint region: RevokeBias
[2019-12-09T03:38:12.591+0000][1][safepoint    ] Leaving safepoint region
[2019-12-09T03:38:12.591+0000][1][safepoint    ] Total time for which application threads were stopped: 0.0000307 seconds, Stopping threads took: 0.0000072 seconds
[2019-12-09T03:38:12.592+0000][1][safepoint    ] Application time: 0.0000495 seconds
[2019-12-09T03:38:12.592+0000][1][safepoint    ] Entering safepoint region: RevokeBias
[2019-12-09T03:38:12.592+0000][1][safepoint    ] Leaving safepoint region
[2019-12-09T03:38:12.592+0000][1][safepoint    ] Total time for which application threads were stopped: 0.0000301 seconds, Stopping threads took: 0.0000068 seconds
[2019-12-09T03:38:12.592+0000][1][safepoint    ] Application time: 0.0000441 seconds
[2019-12-09T03:38:12.592+0000][1][safepoint    ] Entering safepoint region: RevokeBias
[2019-12-09T03:38:12.592+0000][1][safepoint    ] Leaving safepoint region
[2019-12-09T03:38:12.592+0000][1][safepoint    ] Total time for which application threads were stopped: 0.0000296 seconds, Stopping threads took: 0.0000069 seconds
[2019-12-09T03:38:12.592+0000][1][safepoint    ] Application time: 0.0000613 seconds
[2019-12-09T03:38:12.592+0000][1][safepoint    ] Entering safepoint region: RevokeBias
[2019-12-09T03:38:12.592+0000][1][safepoint    ] Leaving safepoint region
[2019-12-09T03:38:12.592+0000][1][safepoint    ] Total time for which application threads were stopped: 0.0000402 seconds, Stopping threads took: 0.0000156 seconds
[2019-12-09T03:38:12.592+0000][1][safepoint    ] Application time: 0.0000457 seconds
[2019-12-09T03:38:12.592+0000][1][safepoint    ] Entering safepoint region: RevokeBias
[2019-12-09T03:38:12.592+0000][1][safepoint    ] Leaving safepoint region
[2019-12-09T03:38:12.592+0000][1][safepoint    ] Total time for which application threads were stopped: 0.0000293 seconds, Stopping threads took: 0.0000069 seconds
[2019-12-09T03:38:12.592+0000][1][safepoint    ] Application time: 0.0000508 seconds
[2019-12-09T03:38:12.592+0000][1][safepoint    ] Entering safepoint region: RevokeBias
[2019-12-09T03:38:12.592+0000][1][safepoint    ] Leaving safepoint region
[2019-12-09T03:38:12.592+0000][1][safepoint    ] Total time for which application threads were stopped: 0.0000305 seconds, Stopping threads took: 0.0000069 seconds
[2019-12-09T03:38:12.592+0000][1][safepoint    ] Application time: 0.0000439 seconds
[2019-12-09T03:38:12.592+0000][1][safepoint    ] Entering safepoint region: RevokeBias
[2019-12-09T03:38:12.592+0000][1][safepoint    ] Leaving safepoint region
[2019-12-09T03:38:12.592+0000][1][safepoint    ] Total time for which application threads were stopped: 0.0000294 seconds, Stopping threads took: 0.0000070 seconds
[2019-12-09T03:38:12.592+0000][1][safepoint    ] Application time: 0.0000474 seconds
[2019-12-09T03:38:12.592+0000][1][safepoint    ] Entering safepoint region: RevokeBias
[2019-12-09T03:38:12.592+0000][1][safepoint    ] Leaving safepoint region
[2019-12-09T03:38:12.592+0000][1][safepoint    ] Total time for which application threads were stopped: 0.0000292 seconds, Stopping threads took: 0.0000068 seconds
[2019-12-09T03:38:12.592+0000][1][safepoint    ] Application time: 0.0000436 seconds
[2019-12-09T03:38:12.592+0000][1][safepoint    ] Entering safepoint region: RevokeBias
[2019-12-09T03:38:12.592+0000][1][safepoint    ] Leaving safepoint region
[2019-12-09T03:38:12.592+0000][1][safepoint    ] Total time for which application threads were stopped: 0.0000290 seconds, Stopping threads took: 0.0000070 seconds
[2019-12-09T03:38:12.592+0000][1][safepoint    ] Application time: 0.0000472 seconds
[2019-12-09T03:38:12.592+0000][1][safepoint    ] Entering safepoint region: RevokeBias
[2019-12-09T03:38:12.592+0000][1][safepoint    ] Leaving safepoint region
[2019-12-09T03:38:12.592+0000][1][safepoint    ] Total time for which application threads were stopped: 0.0000291 seconds, Stopping threads took: 0.0000069 seconds
[2019-12-09T03:38:12.592+0000][1][safepoint    ] Application time: 0.0000432 seconds
[2019-12-09T03:38:12.592+0000][1][safepoint    ] Entering safepoint region: RevokeBias
[2019-12-09T03:38:12.592+0000][1][safepoint    ] Leaving safepoint region
[2019-12-09T03:38:12.592+0000][1][safepoint    ] Total time for which application threads were stopped: 0.0000296 seconds, Stopping threads took: 0.0000070 seconds
[2019-12-09T03:38:12.592+0000][1][safepoint    ] Application time: 0.0000497 seconds
[2019-12-09T03:38:12.592+0000][1][safepoint    ] Entering safepoint region: RevokeBias
[2019-12-09T03:38:12.592+0000][1][safepoint    ] Leaving safepoint region
[2019-12-09T03:38:12.592+0000][1][safepoint    ] Total time for which application threads were stopped: 0.0000302 seconds, Stopping threads took: 0.0000071 seconds
[2019-12-09T03:38:12.593+0000][1][safepoint    ] Application time: 0.0000438 seconds
[2019-12-09T03:38:12.593+0000][1][safepoint    ] Entering safepoint region: RevokeBias
[2019-12-09T03:38:12.593+0000][1][safepoint    ] Leaving safepoint region
[2019-12-09T03:38:12.593+0000][1][safepoint    ] Total time for which application threads were stopped: 0.0000289 seconds, Stopping threads took: 0.0000070 seconds
[2019-12-09T03:38:12.593+0000][1][safepoint    ] Application time: 0.0000690 seconds
[2019-12-09T03:38:12.593+0000][1][safepoint    ] Entering safepoint region: RevokeBias
[2019-12-09T03:38:12.593+0000][1][safepoint    ] Leaving safepoint region
[2019-12-09T03:38:12.593+0000][1][safepoint    ] Total time for which application threads were stopped: 0.0000356 seconds, Stopping threads took: 0.0000118 seconds
[2019-12-09T03:38:12.601+0000][1][safepoint    ] Application time: 0.0080851 seconds
[2019-12-09T03:38:12.636+0000][1][safepoint    ] Entering safepoint region: RevokeBias
[2019-12-09T03:38:12.636+0000][1][safepoint    ] Leaving safepoint region
[2019-12-09T03:38:12.636+0000][1][safepoint    ] Total time for which application threads were stopped: 0.0355698 seconds, Stopping threads took: 0.0354615 seconds
[2019-12-09T03:38:12.639+0000][1][safepoint    ] Application time: 0.0023188 seconds
[2019-12-09T03:38:12.639+0000][1][safepoint    ] Entering safepoint region: RevokeBias
[2019-12-09T03:38:12.639+0000][1][safepoint    ] Leaving safepoint region
[2019-12-09T03:38:12.639+0000][1][safepoint    ] Total time for which application threads were stopped: 0.0001007 seconds, Stopping threads took: 0.0000112 seconds
[2019-12-09T03:38:12.639+0000][1][safepoint    ] Application time: 0.0000587 seconds
[2019-12-09T03:38:12.639+0000][1][safepoint    ] Entering safepoint region: RevokeBias
[2019-12-09T03:38:12.639+0000][1][safepoint    ] Leaving safepoint region
[2019-12-09T03:38:12.639+0000][1][safepoint    ] Total time for which application threads were stopped: 0.0000583 seconds, Stopping threads took: 0.0000077 seconds
[2019-12-09T03:38:12.639+0000][1][safepoint    ] Application time: 0.0000606 seconds
[2019-12-09T03:38:12.639+0000][1][safepoint    ] Entering safepoint region: RevokeBias
[2019-12-09T03:38:12.639+0000][1][safepoint    ] Leaving safepoint region
[2019-12-09T03:38:12.639+0000][1][safepoint    ] Total time for which application threads were stopped: 0.0000559 seconds, Stopping threads took: 0.0000074 seconds
[2019-12-09T03:38:12.639+0000][1][safepoint    ] Application time: 0.0000479 seconds
[2019-12-09T03:38:12.639+0000][1][safepoint    ] Entering safepoint region: RevokeBias
[2019-12-09T03:38:12.639+0000][1][safepoint    ] Leaving safepoint region
[2019-12-09T03:38:12.639+0000][1][safepoint    ] Total time for which application threads were stopped: 0.0000564 seconds, Stopping threads took: 0.0000073 seconds
[2019-12-09T03:38:12.639+0000][1][safepoint    ] Application time: 0.0000738 seconds
[2019-12-09T03:38:12.639+0000][1][safepoint    ] Entering safepoint region: RevokeBias
[2019-12-09T03:38:12.639+0000][1][safepoint    ] Leaving safepoint region
[2019-12-09T03:38:12.639+0000][1][safepoint    ] Total time for which application threads were stopped: 0.0000556 seconds, Stopping threads took: 0.0000073 seconds
[2019-12-09T03:38:12.639+0000][1][safepoint    ] Application time: 0.0000460 seconds
[2019-12-09T03:38:12.639+0000][1][safepoint    ] Entering safepoint region: RevokeBias
[2019-12-09T03:38:12.639+0000][1][safepoint    ] Leaving safepoint region
[2019-12-09T03:38:12.639+0000][1][safepoint    ] Total time for which application threads were stopped: 0.0000562 seconds, Stopping threads took: 0.0000074 seconds
[2019-12-09T03:38:12.640+0000][1][safepoint    ] Application time: 0.0003539 seconds
[2019-12-09T03:38:12.640+0000][1][safepoint    ] Entering safepoint region: RevokeBias
[2019-12-09T03:38:12.640+0000][1][safepoint    ] Leaving safepoint region
[2019-12-09T03:38:12.640+0000][1][safepoint    ] Total time for which application threads were stopped: 0.0000849 seconds, Stopping threads took: 0.0000116 seconds
[2019-12-09T03:38:12.640+0000][1][safepoint    ] Application time: 0.0000595 seconds
[2019-12-09T03:38:12.640+0000][1][safepoint    ] Entering safepoint region: RevokeBias
[2019-12-09T03:38:12.640+0000][1][safepoint    ] Leaving safepoint region
[2019-12-09T03:38:12.640+0000][1][safepoint    ] Total time for which application threads were stopped: 0.0000659 seconds, Stopping threads took: 0.0000089 seconds
[2019-12-09T03:38:12.640+0000][1][safepoint    ] Application time: 0.0000709 seconds
[2019-12-09T03:38:12.640+0000][1][safepoint    ] Entering safepoint region: RevokeBias
[2019-12-09T03:38:12.640+0000][1][safepoint    ] Leaving safepoint region
[2019-12-09T03:38:12.640+0000][1][safepoint    ] Total time for which application threads were stopped: 0.0000762 seconds, Stopping threads took: 0.0000171 seconds
[2019-12-09T03:38:12.640+0000][1][safepoint    ] Application time: 0.0000546 seconds
[2019-12-09T03:38:12.640+0000][1][safepoint    ] Entering safepoint region: RevokeBias
[2019-12-09T03:38:12.640+0000][1][safepoint    ] Leaving safepoint region
[2019-12-09T03:38:12.640+0000][1][safepoint    ] Total time for which application threads were stopped: 0.0000631 seconds, Stopping threads took: 0.0000083 seconds
[2019-12-09T03:38:12.676+0000][1][safepoint    ] Application time: 0.0353160 seconds
[2019-12-09T03:38:12.680+0000][1][safepoint    ] Entering safepoint region: RevokeBias
[2019-12-09T03:38:12.680+0000][1][safepoint    ] Leaving safepoint region
[2019-12-09T03:38:12.680+0000][1][safepoint    ] Total time for which application threads were stopped: 0.0045935 seconds, Stopping threads took: 0.0045350 seconds
[2019-12-09T03:38:13.695+0000][1][safepoint    ] Application time: 1.0147723 seconds
[2019-12-09T03:38:13.695+0000][1][safepoint    ] Entering safepoint region: RevokeBias
[2019-12-09T03:38:13.695+0000][1][safepoint    ] Leaving safepoint region
[2019-12-09T03:38:13.695+0000][1][safepoint    ] Total time for which application threads were stopped: 0.0001103 seconds, Stopping threads took: 0.0000131 seconds
[2019-12-09T03:38:13.765+0000][1][safepoint    ] Application time: 0.0694567 seconds
[2019-12-09T03:38:13.765+0000][1][safepoint    ] Entering safepoint region: Deoptimize
[2019-12-09T03:38:13.765+0000][1][safepoint    ] Leaving safepoint region
[2019-12-09T03:38:13.765+0000][1][safepoint    ] Total time for which application threads were stopped: 0.0004022 seconds, Stopping threads took: 0.0000140 seconds
[2019-12-09T03:38:14.768+0000][1][safepoint    ] Application time: 1.0025360 seconds
[2019-12-09T03:38:14.784+0000][1][safepoint    ] Entering safepoint region: Cleanup
[2019-12-09T03:38:14.784+0000][1][safepoint    ] Leaving safepoint region
[2019-12-09T03:38:14.784+0000][1][safepoint    ] Total time for which application threads were stopped: 0.0162507 seconds, Stopping threads took: 0.0161916 seconds
[2019-12-09T03:38:15.179+0000][1][safepoint    ] Application time: 0.3947160 seconds
[2019-12-09T03:38:15.179+0000][1][safepoint    ] Entering safepoint region: RevokeBias
[2019-12-09T03:38:15.179+0000][1][safepoint    ] Leaving safepoint region
[2019-12-09T03:38:15.179+0000][1][safepoint    ] Total time for which application threads were stopped: 0.0000844 seconds, Stopping threads took: 0.0000139 seconds
[2019-12-09T03:38:15.825+0000][1][safepoint    ] Application time: 0.6458736 seconds
[2019-12-09T03:38:15.825+0000][1][safepoint    ] Entering safepoint region: GenCollectForAllocation
[2019-12-09T03:38:15.825+0000][1][gc,start     ] GC(1) Pause Young (Allocation Failure)
[2019-12-09T03:38:15.825+0000][1][gc,task      ] GC(1) Using 2 workers of 2 for evacuation
[2019-12-09T03:38:16.131+0000][1][gc,age       ] GC(1) Desired survivor size 4456448 bytes, new threshold 6 (max threshold 6)
[2019-12-09T03:38:16.131+0000][1][gc,age       ] GC(1) Age table with threshold 6 (max threshold 6)
[2019-12-09T03:38:16.131+0000][1][gc,age       ] GC(1) - age   1:    1197440 bytes,    1197440 total
[2019-12-09T03:38:16.131+0000][1][gc,heap      ] GC(1) ParNew: 76534K->4289K(78656K)
[2019-12-09T03:38:16.131+0000][1][gc,heap      ] GC(1) CMS: 0K->7049K(174784K)
[2019-12-09T03:38:16.131+0000][1][gc,metaspace ] GC(1) Metaspace: 14848K->14848K(1062912K)
[2019-12-09T03:38:16.131+0000][1][gc           ] GC(1) Pause Young (Allocation Failure) 74M->11M(247M) 306.128ms
[2019-12-09T03:38:16.131+0000][1][gc,cpu       ] GC(1) User=0.07s Sys=0.00s Real=0.30s
[2019-12-09T03:38:16.131+0000][1][safepoint    ] Leaving safepoint region
[2019-12-09T03:38:16.131+0000][1][safepoint    ] Total time for which application threads were stopped: 0.3063000 seconds, Stopping threads took: 0.0000164 seconds
[2019-12-09T03:38:16.133+0000][1][safepoint    ] Application time: 0.0020947 seconds
[2019-12-09T03:38:16.134+0000][1][safepoint    ] Entering safepoint region: BulkRevokeBias
[2019-12-09T03:38:16.134+0000][1][safepoint    ] Leaving safepoint region
[2019-12-09T03:38:16.134+0000][1][safepoint    ] Total time for which application threads were stopped: 0.0006556 seconds, Stopping threads took: 0.0005467 seconds
[2019-12-09T03:38:16.134+0000][1][safepoint    ] Application time: 0.0001210 seconds
[2019-12-09T03:38:16.134+0000][1][safepoint    ] Entering safepoint region: RevokeBias
[2019-12-09T03:38:16.134+0000][1][safepoint    ] Leaving safepoint region
[2019-12-09T03:38:16.134+0000][1][safepoint    ] Total time for which application threads were stopped: 0.0000352 seconds, Stopping threads took: 0.0000080 seconds
[2019-12-09T03:38:16.134+0000][1][safepoint    ] Application time: 0.0000702 seconds
[2019-12-09T03:38:16.134+0000][1][safepoint    ] Entering safepoint region: RevokeBias
[2019-12-09T03:38:16.134+0000][1][safepoint    ] Leaving safepoint region
[2019-12-09T03:38:16.134+0000][1][safepoint    ] Total time for which application threads were stopped: 0.0000324 seconds, Stopping threads took: 0.0000066 seconds
[2019-12-09T03:38:16.134+0000][1][safepoint    ] Application time: 0.0000434 seconds
[2019-12-09T03:38:16.134+0000][1][safepoint    ] Entering safepoint region: RevokeBias
[2019-12-09T03:38:16.134+0000][1][safepoint    ] Leaving safepoint region
[2019-12-09T03:38:16.134+0000][1][safepoint    ] Total time for which application threads were stopped: 0.0000301 seconds, Stopping threads took: 0.0000068 seconds
[2019-12-09T03:38:16.134+0000][1][safepoint    ] Application time: 0.0000471 seconds
[2019-12-09T03:38:16.134+0000][1][safepoint    ] Entering safepoint region: RevokeBias
[2019-12-09T03:38:16.134+0000][1][safepoint    ] Leaving safepoint region
[2019-12-09T03:38:16.134+0000][1][safepoint    ] Total time for which application threads were stopped: 0.0000304 seconds, Stopping threads took: 0.0000068 seconds
[2019-12-09T03:38:16.134+0000][1][safepoint    ] Application time: 0.0000426 seconds
[2019-12-09T03:38:16.134+0000][1][safepoint    ] Entering safepoint region: RevokeBias
[2019-12-09T03:38:16.134+0000][1][safepoint    ] Leaving safepoint region
[2019-12-09T03:38:16.134+0000][1][safepoint    ] Total time for which application threads were stopped: 0.0000291 seconds, Stopping threads took: 0.0000067 seconds
[2019-12-09T03:38:16.134+0000][1][safepoint    ] Application time: 0.0000482 seconds
[2019-12-09T03:38:16.134+0000][1][safepoint    ] Entering safepoint region: BulkRevokeBias
[2019-12-09T03:38:16.135+0000][1][safepoint    ] Leaving safepoint region
[2019-12-09T03:38:16.135+0000][1][safepoint    ] Total time for which application threads were stopped: 0.0000563 seconds, Stopping threads took: 0.0000066 seconds
[2019-12-09T03:38:16.135+0000][1][safepoint    ] Application time: 0.0000458 seconds
[2019-12-09T03:38:16.135+0000][1][safepoint    ] Entering safepoint region: RevokeBias
[2019-12-09T03:38:16.135+0000][1][safepoint    ] Leaving safepoint region
[2019-12-09T03:38:16.135+0000][1][safepoint    ] Total time for which application threads were stopped: 0.0000334 seconds, Stopping threads took: 0.0000072 seconds
[2019-12-09T03:38:16.135+0000][1][safepoint    ] Application time: 0.0000623 seconds
[2019-12-09T03:38:16.135+0000][1][safepoint    ] Entering safepoint region: BulkRevokeBias
[2019-12-09T03:38:16.135+0000][1][safepoint    ] Leaving safepoint region
[2019-12-09T03:38:16.135+0000][1][safepoint    ] Total time for which application threads were stopped: 0.0000541 seconds, Stopping threads took: 0.0000067 seconds
[2019-12-09T03:38:17.149+0000][1][safepoint    ] Application time: 1.0139503 seconds
[2019-12-09T03:38:17.149+0000][1][safepoint    ] Entering safepoint region: Cleanup
[2019-12-09T03:38:17.149+0000][1][safepoint    ] Leaving safepoint region
[2019-12-09T03:38:17.149+0000][1][safepoint    ] Total time for which application threads were stopped: 0.0000827 seconds, Stopping threads took: 0.0000142 seconds
[2019-12-09T03:38:17.627+0000][1][safepoint    ] Application time: 0.4784521 seconds
[2019-12-09T03:38:17.627+0000][1][safepoint    ] Entering safepoint region: GenCollectForAllocation
[2019-12-09T03:38:17.627+0000][1][gc,start     ] GC(2) Pause Young (Allocation Failure)
[2019-12-09T03:38:17.627+0000][1][gc,task      ] GC(2) Using 2 workers of 2 for evacuation
[2019-12-09T03:38:17.691+0000][1][gc,age       ] GC(2) Desired survivor size 4456448 bytes, new threshold 6 (max threshold 6)
[2019-12-09T03:38:17.691+0000][1][gc,age       ] GC(2) Age table with threshold 6 (max threshold 6)
[2019-12-09T03:38:17.691+0000][1][gc,age       ] GC(2) - age   1:     577264 bytes,     577264 total
[2019-12-09T03:38:17.691+0000][1][gc,age       ] GC(2) - age   2:     927760 bytes,    1505024 total
[2019-12-09T03:38:17.691+0000][1][gc,heap      ] GC(2) ParNew: 74241K->2047K(78656K)
[2019-12-09T03:38:17.691+0000][1][gc,heap      ] GC(2) CMS: 7049K->7049K(174784K)
[2019-12-09T03:38:17.691+0000][1][gc,metaspace ] GC(2) Metaspace: 14977K->14977K(1062912K)
[2019-12-09T03:38:17.691+0000][1][gc           ] GC(2) Pause Young (Allocation Failure) 79M->8M(247M) 63.814ms
[2019-12-09T03:38:17.691+0000][1][gc,cpu       ] GC(2) User=0.00s Sys=0.00s Real=0.06s
[2019-12-09T03:38:17.691+0000][1][safepoint    ] Leaving safepoint region
[2019-12-09T03:38:17.691+0000][1][safepoint    ] Total time for which application threads were stopped: 0.0639892 seconds, Stopping threads took: 0.0000470 seconds
[2019-12-09T03:38:17.702+0000][1][safepoint    ] Application time: 0.0107277 seconds
[2019-12-09T03:38:17.702+0000][1][safepoint    ] Entering safepoint region: RevokeBias
[2019-12-09T03:38:17.702+0000][1][safepoint    ] Leaving safepoint region
[2019-12-09T03:38:17.702+0000][1][safepoint    ] Total time for which application threads were stopped: 0.0001148 seconds, Stopping threads took: 0.0000138 seconds
[2019-12-09T03:38:17.702+0000][1][safepoint    ] Application time: 0.0000623 seconds
[2019-12-09T03:38:17.702+0000][1][safepoint    ] Entering safepoint region: RevokeBias
[2019-12-09T03:38:17.702+0000][1][safepoint    ] Leaving safepoint region
[2019-12-09T03:38:17.702+0000][1][safepoint    ] Total time for which application threads were stopped: 0.0000729 seconds, Stopping threads took: 0.0000089 seconds
[2019-12-09T03:38:17.702+0000][1][safepoint    ] Application time: 0.0000696 seconds
[2019-12-09T03:38:17.702+0000][1][safepoint    ] Entering safepoint region: RevokeBias
[2019-12-09T03:38:17.703+0000][1][safepoint    ] Leaving safepoint region
[2019-12-09T03:38:17.703+0000][1][safepoint    ] Total time for which application threads were stopped: 0.0000773 seconds, Stopping threads took: 0.0000087 seconds
[2019-12-09T03:38:17.703+0000][1][safepoint    ] Application time: 0.0000562 seconds
[2019-12-09T03:38:17.703+0000][1][safepoint    ] Entering safepoint region: RevokeBias
[2019-12-09T03:38:17.703+0000][1][safepoint    ] Leaving safepoint region
[2019-12-09T03:38:17.703+0000][1][safepoint    ] Total time for which application threads were stopped: 0.0000655 seconds, Stopping threads took: 0.0000085 seconds
[2019-12-09T03:38:17.703+0000][1][safepoint    ] Application time: 0.0000622 seconds
[2019-12-09T03:38:17.703+0000][1][safepoint    ] Entering safepoint region: RevokeBias
[2019-12-09T03:38:17.703+0000][1][safepoint    ] Leaving safepoint region
[2019-12-09T03:38:17.703+0000][1][safepoint    ] Total time for which application threads were stopped: 0.0000630 seconds, Stopping threads took: 0.0000079 seconds
[2019-12-09T03:38:17.703+0000][1][safepoint    ] Application time: 0.0000516 seconds
[2019-12-09T03:38:17.703+0000][1][safepoint    ] Entering safepoint region: RevokeBias
[2019-12-09T03:38:17.703+0000][1][safepoint    ] Leaving safepoint region
[2019-12-09T03:38:17.703+0000][1][safepoint    ] Total time for which application threads were stopped: 0.0000638 seconds, Stopping threads took: 0.0000160 seconds
[2019-12-09T03:38:17.703+0000][1][safepoint    ] Application time: 0.0000595 seconds
[2019-12-09T03:38:17.703+0000][1][safepoint    ] Entering safepoint region: RevokeBias
[2019-12-09T03:38:17.703+0000][1][safepoint    ] Leaving safepoint region
[2019-12-09T03:38:17.703+0000][1][safepoint    ] Total time for which application threads were stopped: 0.0000634 seconds, Stopping threads took: 0.0000163 seconds
[2019-12-09T03:38:17.703+0000][1][safepoint    ] Application time: 0.0000538 seconds
[2019-12-09T03:38:17.703+0000][1][safepoint    ] Entering safepoint region: RevokeBias
[2019-12-09T03:38:17.703+0000][1][safepoint    ] Leaving safepoint region
[2019-12-09T03:38:17.703+0000][1][safepoint    ] Total time for which application threads were stopped: 0.0000584 seconds, Stopping threads took: 0.0000076 seconds
[2019-12-09T03:38:17.703+0000][1][safepoint    ] Application time: 0.0000600 seconds
[2019-12-09T03:38:17.703+0000][1][safepoint    ] Entering safepoint region: RevokeBias
[2019-12-09T03:38:17.703+0000][1][safepoint    ] Leaving safepoint region
[2019-12-09T03:38:17.703+0000][1][safepoint    ] Total time for which application threads were stopped: 0.0000624 seconds, Stopping threads took: 0.0000073 seconds
[2019-12-09T03:38:17.703+0000][1][safepoint    ] Application time: 0.0000432 seconds
[2019-12-09T03:38:17.703+0000][1][safepoint    ] Entering safepoint region: RevokeBias
[2019-12-09T03:38:17.703+0000][1][safepoint    ] Leaving safepoint region
[2019-12-09T03:38:17.703+0000][1][safepoint    ] Total time for which application threads were stopped: 0.0000453 seconds, Stopping threads took: 0.0000063 seconds
[2019-12-09T03:38:18.713+0000][1][safepoint    ] Application time: 1.0092295 seconds
[2019-12-09T03:38:18.715+0000][1][safepoint    ] Entering safepoint region: Cleanup
[2019-12-09T03:38:18.715+0000][1][safepoint    ] Leaving safepoint region
[2019-12-09T03:38:18.715+0000][1][safepoint    ] Total time for which application threads were stopped: 0.0019611 seconds, Stopping threads took: 0.0018532 seconds
[2019-12-09T03:38:18.759+0000][1][safepoint    ] Application time: 0.0440656 seconds
[2019-12-09T03:38:18.759+0000][1][safepoint    ] Entering safepoint region: Deoptimize
[2019-12-09T03:38:18.759+0000][1][safepoint    ] Leaving safepoint region
[2019-12-09T03:38:18.759+0000][1][safepoint    ] Total time for which application threads were stopped: 0.0003394 seconds, Stopping threads took: 0.0000120 seconds
[2019-12-09T03:38:18.777+0000][1][safepoint    ] Application time: 0.0180563 seconds
[2019-12-09T03:38:18.777+0000][1][safepoint    ] Entering safepoint region: Deoptimize
[2019-12-09T03:38:18.778+0000][1][safepoint    ] Leaving safepoint region
[2019-12-09T03:38:18.778+0000][1][safepoint    ] Total time for which application threads were stopped: 0.0003478 seconds, Stopping threads took: 0.0000135 seconds
[2019-12-09T03:38:19.779+0000][1][safepoint    ] Application time: 1.0011058 seconds
[2019-12-09T03:38:19.783+0000][1][safepoint    ] Entering safepoint region: Cleanup
[2019-12-09T03:38:19.783+0000][1][safepoint    ] Leaving safepoint region
[2019-12-09T03:38:19.783+0000][1][safepoint    ] Total time for which application threads were stopped: 0.0040478 seconds, Stopping threads took: 0.0039818 seconds
[2019-12-09T03:38:20.785+0000][1][safepoint    ] Application time: 1.0022301 seconds
[2019-12-09T03:38:20.785+0000][1][safepoint    ] Entering safepoint region: Cleanup
[2019-12-09T03:38:20.785+0000][1][safepoint    ] Leaving safepoint region
[2019-12-09T03:38:20.785+0000][1][safepoint    ] Total time for which application threads were stopped: 0.0002963 seconds, Stopping threads took: 0.0002325 seconds
[2019-12-09T03:38:20.949+0000][1][safepoint    ] Application time: 0.1639993 seconds
[2019-12-09T03:38:20.949+0000][1][safepoint    ] Entering safepoint region: RevokeBias
[2019-12-09T03:38:20.949+0000][1][safepoint    ] Leaving safepoint region
[2019-12-09T03:38:20.949+0000][1][safepoint    ] Total time for which application threads were stopped: 0.0000708 seconds, Stopping threads took: 0.0000133 seconds
[2019-12-09T03:38:21.043+0000][1][safepoint    ] Application time: 0.0934561 seconds
[2019-12-09T03:38:21.043+0000][1][safepoint    ] Entering safepoint region: GenCollectForAllocation
[2019-12-09T03:38:21.043+0000][1][gc,start     ] GC(3) Pause Young (Allocation Failure)
[2019-12-09T03:38:21.043+0000][1][gc,task      ] GC(3) Using 2 workers of 2 for evacuation
[2019-12-09T03:38:21.167+0000][1][gc,age       ] GC(3) Desired survivor size 4456448 bytes, new threshold 3 (max threshold 6)
[2019-12-09T03:38:21.167+0000][1][gc,age       ] GC(3) Age table with threshold 3 (max threshold 6)
[2019-12-09T03:38:21.167+0000][1][gc,age       ] GC(3) - age   1:    3741760 bytes,    3741760 total
[2019-12-09T03:38:21.167+0000][1][gc,age       ] GC(3) - age   2:     564144 bytes,    4305904 total
[2019-12-09T03:38:21.167+0000][1][gc,age       ] GC(3) - age   3:     925584 bytes,    5231488 total
[2019-12-09T03:38:21.167+0000][1][gc,heap      ] GC(3) ParNew: 71999K->6080K(78656K)
[2019-12-09T03:38:21.167+0000][1][gc,heap      ] GC(3) CMS: 7049K->7049K(174784K)
[2019-12-09T03:38:21.167+0000][1][gc,metaspace ] GC(3) Metaspace: 18483K->18483K(1067008K)
[2019-12-09T03:38:21.167+0000][1][gc           ] GC(3) Pause Young (Allocation Failure) 77M->12M(247M) 124.021ms
[2019-12-09T03:38:21.167+0000][1][gc,cpu       ] GC(3) User=0.02s Sys=0.00s Real=0.13s
[2019-12-09T03:38:21.167+0000][1][safepoint    ] Leaving safepoint region
[2019-12-09T03:38:21.167+0000][1][safepoint    ] Total time for which application threads were stopped: 0.1241652 seconds, Stopping threads took: 0.0000246 seconds
[2019-12-09T03:38:21.177+0000][1][safepoint    ] Application time: 0.0095919 seconds
[2019-12-09T03:38:21.177+0000][1][safepoint    ] Entering safepoint region: BulkRevokeBias
[2019-12-09T03:38:21.177+0000][1][safepoint    ] Leaving safepoint region
[2019-12-09T03:38:21.177+0000][1][safepoint    ] Total time for which application threads were stopped: 0.0002190 seconds, Stopping threads took: 0.0000933 seconds
[2019-12-09T03:38:21.178+0000][1][safepoint    ] Application time: 0.0012637 seconds
[2019-12-09T03:38:21.178+0000][1][safepoint    ] Entering safepoint region: RevokeBias
[2019-12-09T03:38:21.178+0000][1][safepoint    ] Leaving safepoint region
[2019-12-09T03:38:21.178+0000][1][safepoint    ] Total time for which application threads were stopped: 0.0000569 seconds, Stopping threads took: 0.0000096 seconds
[2019-12-09T03:38:21.178+0000][1][safepoint    ] Application time: 0.0000610 seconds
[2019-12-09T03:38:21.178+0000][1][safepoint    ] Entering safepoint region: RevokeBias
[2019-12-09T03:38:21.178+0000][1][safepoint    ] Leaving safepoint region
[2019-12-09T03:38:21.178+0000][1][safepoint    ] Total time for which application threads were stopped: 0.0000442 seconds, Stopping threads took: 0.0000074 seconds
[2019-12-09T03:38:21.179+0000][1][safepoint    ] Application time: 0.0000454 seconds
[2019-12-09T03:38:21.179+0000][1][safepoint    ] Entering safepoint region: RevokeBias
[2019-12-09T03:38:21.179+0000][1][safepoint    ] Leaving safepoint region
[2019-12-09T03:38:21.179+0000][1][safepoint    ] Total time for which application threads were stopped: 0.0000477 seconds, Stopping threads took: 0.0000072 seconds
[2019-12-09T03:38:21.179+0000][1][safepoint    ] Application time: 0.0000499 seconds
[2019-12-09T03:38:21.179+0000][1][safepoint    ] Entering safepoint region: RevokeBias
[2019-12-09T03:38:21.179+0000][1][safepoint    ] Leaving safepoint region
[2019-12-09T03:38:21.179+0000][1][safepoint    ] Total time for which application threads were stopped: 0.0000629 seconds, Stopping threads took: 0.0000071 seconds
[2019-12-09T03:38:21.179+0000][1][safepoint    ] Application time: 0.0000459 seconds
[2019-12-09T03:38:21.179+0000][1][safepoint    ] Entering safepoint region: RevokeBias
[2019-12-09T03:38:21.179+0000][1][safepoint    ] Leaving safepoint region
[2019-12-09T03:38:21.179+0000][1][safepoint    ] Total time for which application threads were stopped: 0.0000413 seconds, Stopping threads took: 0.0000072 seconds
[2019-12-09T03:38:21.179+0000][1][safepoint    ] Application time: 0.0000502 seconds
[2019-12-09T03:38:21.179+0000][1][safepoint    ] Entering safepoint region: RevokeBias
[2019-12-09T03:38:21.179+0000][1][safepoint    ] Leaving safepoint region
[2019-12-09T03:38:21.179+0000][1][safepoint    ] Total time for which application threads were stopped: 0.0000564 seconds, Stopping threads took: 0.0000078 seconds
[2019-12-09T03:38:21.179+0000][1][safepoint    ] Application time: 0.0000455 seconds
[2019-12-09T03:38:21.179+0000][1][safepoint    ] Entering safepoint region: RevokeBias
[2019-12-09T03:38:21.179+0000][1][safepoint    ] Leaving safepoint region
[2019-12-09T03:38:21.179+0000][1][safepoint    ] Total time for which application threads were stopped: 0.0000539 seconds, Stopping threads took: 0.0000071 seconds
[2019-12-09T03:38:21.179+0000][1][safepoint    ] Application time: 0.0000491 seconds
[2019-12-09T03:38:21.179+0000][1][safepoint    ] Entering safepoint region: RevokeBias
[2019-12-09T03:38:21.179+0000][1][safepoint    ] Leaving safepoint region
[2019-12-09T03:38:21.179+0000][1][safepoint    ] Total time for which application threads were stopped: 0.0000440 seconds, Stopping threads took: 0.0000069 seconds
[2019-12-09T03:38:21.179+0000][1][safepoint    ] Application time: 0.0000442 seconds
[2019-12-09T03:38:21.179+0000][1][safepoint    ] Entering safepoint region: RevokeBias
[2019-12-09T03:38:21.179+0000][1][safepoint    ] Leaving safepoint region
[2019-12-09T03:38:21.179+0000][1][safepoint    ] Total time for which application threads were stopped: 0.0000440 seconds, Stopping threads took: 0.0000066 seconds
[2019-12-09T03:38:21.179+0000][1][safepoint    ] Application time: 0.0000483 seconds
[2019-12-09T03:38:21.179+0000][1][safepoint    ] Entering safepoint region: RevokeBias
[2019-12-09T03:38:21.179+0000][1][safepoint    ] Leaving safepoint region
[2019-12-09T03:38:21.179+0000][1][safepoint    ] Total time for which application threads were stopped: 0.0000436 seconds, Stopping threads took: 0.0000068 seconds
[2019-12-09T03:38:21.180+0000][1][safepoint    ] Application time: 0.0001638 seconds
[2019-12-09T03:38:21.180+0000][1][safepoint    ] Entering safepoint region: RevokeBias
[2019-12-09T03:38:21.180+0000][1][safepoint    ] Leaving safepoint region
[2019-12-09T03:38:21.180+0000][1][safepoint    ] Total time for which application threads were stopped: 0.0000470 seconds, Stopping threads took: 0.0000078 seconds
[2019-12-09T03:38:21.180+0000][1][safepoint    ] Application time: 0.0000445 seconds
[2019-12-09T03:38:21.180+0000][1][safepoint    ] Entering safepoint region: RevokeBias
[2019-12-09T03:38:21.180+0000][1][safepoint    ] Leaving safepoint region
[2019-12-09T03:38:21.180+0000][1][safepoint    ] Total time for which application threads were stopped: 0.0000556 seconds, Stopping threads took: 0.0000060 seconds
[2019-12-09T03:38:21.180+0000][1][safepoint    ] Application time: 0.0000492 seconds
[2019-12-09T03:38:21.180+0000][1][safepoint    ] Entering safepoint region: RevokeBias
[2019-12-09T03:38:21.180+0000][1][safepoint    ] Leaving safepoint region
[2019-12-09T03:38:21.180+0000][1][safepoint    ] Total time for which application threads were stopped: 0.0000412 seconds, Stopping threads took: 0.0000059 seconds
[2019-12-09T03:38:21.180+0000][1][safepoint    ] Application time: 0.0000449 seconds
[2019-12-09T03:38:21.180+0000][1][safepoint    ] Entering safepoint region: RevokeBias
[2019-12-09T03:38:21.180+0000][1][safepoint    ] Leaving safepoint region
[2019-12-09T03:38:21.180+0000][1][safepoint    ] Total time for which application threads were stopped: 0.0000422 seconds, Stopping threads took: 0.0000070 seconds
[2019-12-09T03:38:22.183+0000][1][safepoint    ] Application time: 1.0027958 seconds
[2019-12-09T03:38:22.204+0000][1][safepoint    ] Entering safepoint region: Cleanup
[2019-12-09T03:38:22.204+0000][1][safepoint    ] Leaving safepoint region
[2019-12-09T03:38:22.204+0000][1][safepoint    ] Total time for which application threads were stopped: 0.0210300 seconds, Stopping threads took: 0.0209759 seconds
[2019-12-09T03:38:22.431+0000][1][safepoint    ] Application time: 0.2269300 seconds
[2019-12-09T03:38:22.431+0000][1][safepoint    ] Entering safepoint region: GenCollectForAllocation
[2019-12-09T03:38:22.431+0000][1][gc,start     ] GC(4) Pause Young (Allocation Failure)
[2019-12-09T03:38:22.431+0000][1][gc,task      ] GC(4) Using 2 workers of 2 for evacuation
[2019-12-09T03:38:22.589+0000][1][gc,age       ] GC(4) Desired survivor size 4456448 bytes, new threshold 2 (max threshold 6)
[2019-12-09T03:38:22.589+0000][1][gc,age       ] GC(4) Age table with threshold 2 (max threshold 6)
[2019-12-09T03:38:22.589+0000][1][gc,age       ] GC(4) - age   1:    1991424 bytes,    1991424 total
[2019-12-09T03:38:22.589+0000][1][gc,age       ] GC(4) - age   2:    3176696 bytes,    5168120 total
[2019-12-09T03:38:22.589+0000][1][gc,age       ] GC(4) - age   3:     564144 bytes,    5732264 total
[2019-12-09T03:38:22.589+0000][1][gc,heap      ] GC(4) ParNew: 76032K->5943K(78656K)
[2019-12-09T03:38:22.589+0000][1][gc,heap      ] GC(4) CMS: 7049K->7967K(174784K)
[2019-12-09T03:38:22.589+0000][1][gc,metaspace ] GC(4) Metaspace: 18696K->18696K(1067008K)
[2019-12-09T03:38:22.589+0000][1][gc           ] GC(4) Pause Young (Allocation Failure) 81M->13M(247M) 158.267ms
[2019-12-09T03:38:22.589+0000][1][gc,cpu       ] GC(4) User=0.04s Sys=0.00s Real=0.16s
[2019-12-09T03:38:22.589+0000][1][safepoint    ] Leaving safepoint region
[2019-12-09T03:38:22.589+0000][1][safepoint    ] Total time for which application threads were stopped: 0.1584101 seconds, Stopping threads took: 0.0000259 seconds
[2019-12-09T03:38:22.599+0000][1][safepoint    ] Application time: 0.0096848 seconds
[2019-12-09T03:38:22.649+0000][1][safepoint    ] Entering safepoint region: RevokeBias
[2019-12-09T03:38:22.649+0000][1][safepoint    ] Leaving safepoint region
[2019-12-09T03:38:22.649+0000][1][safepoint    ] Total time for which application threads were stopped: 0.0500757 seconds, Stopping threads took: 0.0499219 seconds
[2019-12-09T03:38:22.649+0000][1][safepoint    ] Application time: 0.0000939 seconds
[2019-12-09T03:38:22.649+0000][1][safepoint    ] Entering safepoint region: RevokeBias
[2019-12-09T03:38:22.649+0000][1][safepoint    ] Leaving safepoint region
[2019-12-09T03:38:22.649+0000][1][safepoint    ] Total time for which application threads were stopped: 0.0000900 seconds, Stopping threads took: 0.0000092 seconds
[2019-12-09T03:38:22.649+0000][1][safepoint    ] Application time: 0.0000810 seconds
[2019-12-09T03:38:22.649+0000][1][safepoint    ] Entering safepoint region: RevokeBias
[2019-12-09T03:38:22.649+0000][1][safepoint    ] Leaving safepoint region
[2019-12-09T03:38:22.649+0000][1][safepoint    ] Total time for which application threads were stopped: 0.0000839 seconds, Stopping threads took: 0.0000087 seconds
[2019-12-09T03:38:22.649+0000][1][safepoint    ] Application time: 0.0000530 seconds
[2019-12-09T03:38:22.649+0000][1][safepoint    ] Entering safepoint region: RevokeBias
[2019-12-09T03:38:22.649+0000][1][safepoint    ] Leaving safepoint region
[2019-12-09T03:38:22.650+0000][1][safepoint    ] Total time for which application threads were stopped: 0.0000894 seconds, Stopping threads took: 0.0000080 seconds
[2019-12-09T03:38:22.704+0000][1][safepoint    ] Application time: 0.0541918 seconds
[2019-12-09T03:38:22.704+0000][1][safepoint    ] Entering safepoint region: Deoptimize
[2019-12-09T03:38:22.704+0000][1][safepoint    ] Leaving safepoint region
[2019-12-09T03:38:22.704+0000][1][safepoint    ] Total time for which application threads were stopped: 0.0003739 seconds, Stopping threads took: 0.0000113 seconds
[2019-12-09T03:38:23.208+0000][1][safepoint    ] Application time: 0.5042248 seconds
[2019-12-09T03:38:23.208+0000][1][safepoint    ] Entering safepoint region: Deoptimize
[2019-12-09T03:38:23.209+0000][1][safepoint    ] Leaving safepoint region
[2019-12-09T03:38:23.209+0000][1][safepoint    ] Total time for which application threads were stopped: 0.0004121 seconds, Stopping threads took: 0.0000118 seconds
[2019-12-09T03:38:23.263+0000][1][safepoint    ] Application time: 0.0543376 seconds
[2019-12-09T03:38:23.263+0000][1][safepoint    ] Entering safepoint region: RevokeBias
[2019-12-09T03:38:23.263+0000][1][safepoint    ] Leaving safepoint region
[2019-12-09T03:38:23.263+0000][1][safepoint    ] Total time for which application threads were stopped: 0.0000777 seconds, Stopping threads took: 0.0000121 seconds
[2019-12-09T03:38:23.982+0000][1][safepoint    ] Application time: 0.7188577 seconds
[2019-12-09T03:38:23.982+0000][1][safepoint    ] Entering safepoint region: RevokeBias
[2019-12-09T03:38:23.982+0000][1][safepoint    ] Leaving safepoint region
[2019-12-09T03:38:23.982+0000][1][safepoint    ] Total time for which application threads were stopped: 0.0000970 seconds, Stopping threads took: 0.0000136 seconds
[2019-12-09T03:38:23.983+0000][1][safepoint    ] Application time: 0.0007667 seconds
[2019-12-09T03:38:23.983+0000][1][safepoint    ] Entering safepoint region: RevokeBias
[2019-12-09T03:38:23.983+0000][1][safepoint    ] Leaving safepoint region
[2019-12-09T03:38:23.983+0000][1][safepoint    ] Total time for which application threads were stopped: 0.0000537 seconds, Stopping threads took: 0.0000113 seconds
[2019-12-09T03:38:23.984+0000][1][safepoint    ] Application time: 0.0004886 seconds
[2019-12-09T03:38:23.984+0000][1][safepoint    ] Entering safepoint region: RevokeBias
[2019-12-09T03:38:23.984+0000][1][safepoint    ] Leaving safepoint region
[2019-12-09T03:38:23.984+0000][1][safepoint    ] Total time for which application threads were stopped: 0.0000465 seconds, Stopping threads took: 0.0000104 seconds
[2019-12-09T03:38:24.491+0000][1][safepoint    ] Application time: 0.5070040 seconds
[2019-12-09T03:38:24.491+0000][1][safepoint    ] Entering safepoint region: GenCollectForAllocation
[2019-12-09T03:38:24.491+0000][1][gc,start     ] GC(5) Pause Young (Allocation Failure)
[2019-12-09T03:38:24.491+0000][1][gc,task      ] GC(5) Using 2 workers of 2 for evacuation
[2019-12-09T03:38:24.613+0000][1][gc,age       ] GC(5) Desired survivor size 4456448 bytes, new threshold 6 (max threshold 6)
[2019-12-09T03:38:24.613+0000][1][gc,age       ] GC(5) Age table with threshold 6 (max threshold 6)
[2019-12-09T03:38:24.613+0000][1][gc,age       ] GC(5) - age   1:    2869008 bytes,    2869008 total
[2019-12-09T03:38:24.613+0000][1][gc,age       ] GC(5) - age   2:     442792 bytes,    3311800 total
[2019-12-09T03:38:24.613+0000][1][gc,heap      ] GC(5) ParNew: 75895K->5189K(78656K)
[2019-12-09T03:38:24.613+0000][1][gc,heap      ] GC(5) CMS: 7967K->11650K(174784K)
[2019-12-09T03:38:24.613+0000][1][gc,metaspace ] GC(5) Metaspace: 19033K->19033K(1067008K)
[2019-12-09T03:38:24.613+0000][1][gc           ] GC(5) Pause Young (Allocation Failure) 81M->16M(247M) 122.249ms
[2019-12-09T03:38:24.613+0000][1][gc,cpu       ] GC(5) User=0.02s Sys=0.00s Real=0.12s
[2019-12-09T03:38:24.613+0000][1][safepoint    ] Leaving safepoint region
[2019-12-09T03:38:24.613+0000][1][safepoint    ] Total time for which application threads were stopped: 0.1224050 seconds, Stopping threads took: 0.0000146 seconds
[2019-12-09T03:38:24.620+0000][1][safepoint    ] Application time: 0.0066760 seconds
[2019-12-09T03:38:24.620+0000][1][safepoint    ] Entering safepoint region: RevokeBias
[2019-12-09T03:38:24.620+0000][1][safepoint    ] Leaving safepoint region
[2019-12-09T03:38:24.620+0000][1][safepoint    ] Total time for which application threads were stopped: 0.0001080 seconds, Stopping threads took: 0.0000424 seconds
[2019-12-09T03:38:24.620+0000][1][safepoint    ] Application time: 0.0000619 seconds
[2019-12-09T03:38:24.620+0000][1][safepoint    ] Entering safepoint region: RevokeBias
[2019-12-09T03:38:24.620+0000][1][safepoint    ] Leaving safepoint region
[2019-12-09T03:38:24.620+0000][1][safepoint    ] Total time for which application threads were stopped: 0.0000430 seconds, Stopping threads took: 0.0000091 seconds
[2019-12-09T03:38:24.620+0000][1][safepoint    ] Application time: 0.0000551 seconds
[2019-12-09T03:38:24.620+0000][1][safepoint    ] Entering safepoint region: RevokeBias
[2019-12-09T03:38:24.620+0000][1][safepoint    ] Leaving safepoint region
[2019-12-09T03:38:24.620+0000][1][safepoint    ] Total time for which application threads were stopped: 0.0000399 seconds, Stopping threads took: 0.0000084 seconds
[2019-12-09T03:38:24.620+0000][1][safepoint    ] Application time: 0.0000530 seconds
[2019-12-09T03:38:24.620+0000][1][safepoint    ] Entering safepoint region: RevokeBias
[2019-12-09T03:38:24.620+0000][1][safepoint    ] Leaving safepoint region
[2019-12-09T03:38:24.620+0000][1][safepoint    ] Total time for which application threads were stopped: 0.0000395 seconds, Stopping threads took: 0.0000085 seconds
[2019-12-09T03:38:24.620+0000][1][safepoint    ] Application time: 0.0000546 seconds
[2019-12-09T03:38:24.620+0000][1][safepoint    ] Entering safepoint region: RevokeBias
[2019-12-09T03:38:24.620+0000][1][safepoint    ] Leaving safepoint region
[2019-12-09T03:38:24.620+0000][1][safepoint    ] Total time for which application threads were stopped: 0.0000383 seconds, Stopping threads took: 0.0000084 seconds
[2019-12-09T03:38:24.621+0000][1][safepoint    ] Application time: 0.0000523 seconds
[2019-12-09T03:38:24.621+0000][1][safepoint    ] Entering safepoint region: RevokeBias
[2019-12-09T03:38:24.621+0000][1][safepoint    ] Leaving safepoint region
[2019-12-09T03:38:24.621+0000][1][safepoint    ] Total time for which application threads were stopped: 0.0000366 seconds, Stopping threads took: 0.0000082 seconds
[2019-12-09T03:38:25.489+0000][1][safepoint    ] Application time: 0.8685699 seconds
[2019-12-09T03:38:25.489+0000][1][safepoint    ] Entering safepoint region: RevokeBias
[2019-12-09T03:38:25.489+0000][1][safepoint    ] Leaving safepoint region
[2019-12-09T03:38:25.489+0000][1][safepoint    ] Total time for which application threads were stopped: 0.0000802 seconds, Stopping threads took: 0.0000134 seconds
[2019-12-09T03:38:25.489+0000][1][safepoint    ] Application time: 0.0002178 seconds
[2019-12-09T03:38:25.489+0000][1][safepoint    ] Entering safepoint region: RevokeBias
[2019-12-09T03:38:25.490+0000][1][safepoint    ] Leaving safepoint region
[2019-12-09T03:38:25.490+0000][1][safepoint    ] Total time for which application threads were stopped: 0.0000509 seconds, Stopping threads took: 0.0000103 seconds
[2019-12-09T03:38:25.799+0000][1][safepoint    ] Application time: 0.3092608 seconds
[2019-12-09T03:38:25.799+0000][1][safepoint    ] Entering safepoint region: GenCollectForAllocation
[2019-12-09T03:38:25.799+0000][1][gc,start     ] GC(6) Pause Young (Allocation Failure)
[2019-12-09T03:38:25.799+0000][1][gc,task      ] GC(6) Using 2 workers of 2 for evacuation
[2019-12-09T03:38:25.897+0000][1][gc,age       ] GC(6) Desired survivor size 4456448 bytes, new threshold 6 (max threshold 6)
[2019-12-09T03:38:25.897+0000][1][gc,age       ] GC(6) Age table with threshold 6 (max threshold 6)
[2019-12-09T03:38:25.897+0000][1][gc,age       ] GC(6) - age   1:    1666288 bytes,    1666288 total
[2019-12-09T03:38:25.897+0000][1][gc,age       ] GC(6) - age   2:    2191888 bytes,    3858176 total
[2019-12-09T03:38:25.897+0000][1][gc,age       ] GC(6) - age   3:     442792 bytes,    4300968 total
[2019-12-09T03:38:25.897+0000][1][gc,heap      ] GC(6) ParNew: 75141K->5584K(78656K)
[2019-12-09T03:38:25.897+0000][1][gc,heap      ] GC(6) CMS: 11650K->11650K(174784K)
[2019-12-09T03:38:25.897+0000][1][gc,metaspace ] GC(6) Metaspace: 19336K->19336K(1067008K)
[2019-12-09T03:38:25.897+0000][1][gc           ] GC(6) Pause Young (Allocation Failure) 84M->16M(247M) 98.023ms
[2019-12-09T03:38:25.897+0000][1][gc,cpu       ] GC(6) User=0.03s Sys=0.00s Real=0.10s
[2019-12-09T03:38:25.897+0000][1][safepoint    ] Leaving safepoint region
[2019-12-09T03:38:25.897+0000][1][safepoint    ] Total time for which application threads were stopped: 0.0981617 seconds, Stopping threads took: 0.0000155 seconds
[2019-12-09T03:38:25.908+0000][1][safepoint    ] Application time: 0.0107139 seconds
[2019-12-09T03:38:25.988+0000][1][safepoint    ] Entering safepoint region: RevokeBias
[2019-12-09T03:38:25.988+0000][1][safepoint    ] Leaving safepoint region
[2019-12-09T03:38:25.988+0000][1][safepoint    ] Total time for which application threads were stopped: 0.0800974 seconds, Stopping threads took: 0.0800181 seconds
[2019-12-09T03:38:25.989+0000][1][safepoint    ] Application time: 0.0008997 seconds
[2019-12-09T03:38:25.989+0000][1][safepoint    ] Entering safepoint region: BulkRevokeBias
[2019-12-09T03:38:25.989+0000][1][safepoint    ] Leaving safepoint region
[2019-12-09T03:38:25.989+0000][1][safepoint    ] Total time for which application threads were stopped: 0.0001683 seconds, Stopping threads took: 0.0000442 seconds
[2019-12-09T03:38:25.989+0000][1][safepoint    ] Application time: 0.0000791 seconds
[2019-12-09T03:38:25.989+0000][1][safepoint    ] Entering safepoint region: BulkRevokeBias
[2019-12-09T03:38:25.989+0000][1][safepoint    ] Leaving safepoint region
[2019-12-09T03:38:25.989+0000][1][safepoint    ] Total time for which application threads were stopped: 0.0000920 seconds, Stopping threads took: 0.0000087 seconds
[2019-12-09T03:38:26.992+0000][1][safepoint    ] Application time: 1.0025417 seconds
[2019-12-09T03:38:26.992+0000][1][safepoint    ] Entering safepoint region: Cleanup
[2019-12-09T03:38:26.992+0000][1][safepoint    ] Leaving safepoint region
[2019-12-09T03:38:26.992+0000][1][safepoint    ] Total time for which application threads were stopped: 0.0000575 seconds, Stopping threads took: 0.0000157 seconds
[2019-12-09T03:38:27.158+0000][1][safepoint    ] Application time: 0.1658870 seconds
[2019-12-09T03:38:27.158+0000][1][safepoint    ] Entering safepoint region: GenCollectForAllocation
[2019-12-09T03:38:27.158+0000][1][gc,start     ] GC(7) Pause Young (Allocation Failure)
[2019-12-09T03:38:27.158+0000][1][gc,task      ] GC(7) Using 2 workers of 2 for evacuation
[2019-12-09T03:38:27.236+0000][1][gc,age       ] GC(7) Desired survivor size 4456448 bytes, new threshold 6 (max threshold 6)
[2019-12-09T03:38:27.236+0000][1][gc,age       ] GC(7) Age table with threshold 6 (max threshold 6)
[2019-12-09T03:38:27.236+0000][1][gc,age       ] GC(7) - age   1:     417160 bytes,     417160 total
[2019-12-09T03:38:27.236+0000][1][gc,age       ] GC(7) - age   2:    1128872 bytes,    1546032 total
[2019-12-09T03:38:27.236+0000][1][gc,age       ] GC(7) - age   3:    2191808 bytes,    3737840 total
[2019-12-09T03:38:27.236+0000][1][gc,age       ] GC(7) - age   4:     442792 bytes,    4180632 total
[2019-12-09T03:38:27.236+0000][1][gc,heap      ] GC(7) ParNew: 75536K->6121K(78656K)
[2019-12-09T03:38:27.236+0000][1][gc,heap      ] GC(7) CMS: 11650K->11650K(174784K)
[2019-12-09T03:38:27.236+0000][1][gc,metaspace ] GC(7) Metaspace: 19627K->19627K(1067008K)
[2019-12-09T03:38:27.236+0000][1][gc           ] GC(7) Pause Young (Allocation Failure) 85M->17M(247M) 78.423ms
[2019-12-09T03:38:27.236+0000][1][gc,cpu       ] GC(7) User=0.02s Sys=0.00s Real=0.08s
[2019-12-09T03:38:27.236+0000][1][safepoint    ] Leaving safepoint region
[2019-12-09T03:38:27.236+0000][1][safepoint    ] Total time for which application threads were stopped: 0.0785551 seconds, Stopping threads took: 0.0000123 seconds
[2019-12-09T03:38:27.844+0000][1][safepoint    ] Application time: 0.6075093 seconds
[2019-12-09T03:38:27.844+0000][1][safepoint    ] Entering safepoint region: CollectForMetadataAllocation
[2019-12-09T03:38:27.844+0000][1][safepoint    ] Leaving safepoint region
[2019-12-09T03:38:27.844+0000][1][safepoint    ] Total time for which application threads were stopped: 0.0002531 seconds, Stopping threads took: 0.0000123 seconds
[2019-12-09T03:38:28.051+0000][1][safepoint    ] Application time: 0.2070116 seconds
[2019-12-09T03:38:28.051+0000][1][safepoint    ] Entering safepoint region: CollectForMetadataAllocation
[2019-12-09T03:38:28.051+0000][1][safepoint    ] Leaving safepoint region
[2019-12-09T03:38:28.051+0000][1][safepoint    ] Total time for which application threads were stopped: 0.0002385 seconds, Stopping threads took: 0.0000146 seconds
[2019-12-09T03:38:28.702+0000][1][safepoint    ] Application time: 0.6503993 seconds
[2019-12-09T03:38:28.702+0000][1][safepoint    ] Entering safepoint region: GenCollectForAllocation
[2019-12-09T03:38:28.702+0000][1][gc,start     ] GC(8) Pause Young (Allocation Failure)
[2019-12-09T03:38:28.702+0000][1][gc,task      ] GC(8) Using 2 workers of 2 for evacuation
[2019-12-09T03:38:28.795+0000][1][gc,age       ] GC(8) Desired survivor size 4456448 bytes, new threshold 4 (max threshold 6)
[2019-12-09T03:38:28.795+0000][1][gc,age       ] GC(8) Age table with threshold 4 (max threshold 6)
[2019-12-09T03:38:28.795+0000][1][gc,age       ] GC(8) - age   1:    1069488 bytes,    1069488 total
[2019-12-09T03:38:28.795+0000][1][gc,age       ] GC(8) - age   2:     387616 bytes,    1457104 total
[2019-12-09T03:38:28.795+0000][1][gc,age       ] GC(8) - age   3:    1128728 bytes,    2585832 total
[2019-12-09T03:38:28.795+0000][1][gc,age       ] GC(8) - age   4:    2189592 bytes,    4775424 total
[2019-12-09T03:38:28.795+0000][1][gc,age       ] GC(8) - age   5:     442792 bytes,    5218216 total
[2019-12-09T03:38:28.795+0000][1][gc,heap      ] GC(8) ParNew: 76073K->6123K(78656K)
[2019-12-09T03:38:28.795+0000][1][gc,heap      ] GC(8) CMS: 11650K->11650K(174784K)
[2019-12-09T03:38:28.795+0000][1][gc,metaspace ] GC(8) Metaspace: 20419K->20419K(1069056K)
[2019-12-09T03:38:28.795+0000][1][gc           ] GC(8) Pause Young (Allocation Failure) 85M->17M(247M) 93.138ms
[2019-12-09T03:38:28.795+0000][1][gc,cpu       ] GC(8) User=0.03s Sys=0.00s Real=0.10s
[2019-12-09T03:38:28.795+0000][1][safepoint    ] Leaving safepoint region
[2019-12-09T03:38:28.795+0000][1][safepoint    ] Total time for which application threads were stopped: 0.0932707 seconds, Stopping threads took: 0.0000136 seconds
[2019-12-09T03:38:28.803+0000][1][safepoint    ] Application time: 0.0077292 seconds
[2019-12-09T03:38:28.866+0000][1][safepoint    ] Entering safepoint region: CMS_Initial_Mark
[2019-12-09T03:38:28.866+0000][1][gc,start     ] GC(9) Pause Initial Mark
[2019-12-09T03:38:28.869+0000][1][gc           ] GC(9) Pause Initial Mark 20M->20M(247M) 3.327ms
[2019-12-09T03:38:28.869+0000][1][gc,cpu       ] GC(9) User=0.01s Sys=0.00s Real=0.00s
[2019-12-09T03:38:28.869+0000][1][safepoint    ] Leaving safepoint region
[2019-12-09T03:38:28.869+0000][1][safepoint    ] Total time for which application threads were stopped: 0.0663131 seconds, Stopping threads took: 0.0628719 seconds
[2019-12-09T03:38:28.869+0000][1][gc           ] GC(9) Concurrent Mark
[2019-12-09T03:38:28.932+0000][1][gc           ] GC(9) Concurrent Mark 62.726ms
[2019-12-09T03:38:28.932+0000][1][gc,cpu       ] GC(9) User=0.03s Sys=0.01s Real=0.06s
[2019-12-09T03:38:28.932+0000][1][gc           ] GC(9) Concurrent Preclean
[2019-12-09T03:38:28.932+0000][1][gc           ] GC(9) Concurrent Preclean 0.407ms
[2019-12-09T03:38:28.932+0000][1][gc,cpu       ] GC(9) User=0.00s Sys=0.00s Real=0.00s
[2019-12-09T03:38:28.932+0000][1][gc           ] GC(9) Concurrent Abortable Preclean
[2019-12-09T03:38:29.112+0000][1][safepoint    ] Application time: 0.2425324 seconds
[2019-12-09T03:38:29.112+0000][1][safepoint    ] Entering safepoint region: RevokeBias
[2019-12-09T03:38:29.112+0000][1][safepoint    ] Leaving safepoint region
[2019-12-09T03:38:29.112+0000][1][safepoint    ] Total time for which application threads were stopped: 0.0000863 seconds, Stopping threads took: 0.0000141 seconds
[2019-12-09T03:38:29.149+0000][1][safepoint    ] Application time: 0.0369129 seconds
[2019-12-09T03:38:29.149+0000][1][safepoint    ] Entering safepoint region: RevokeBias
[2019-12-09T03:38:29.149+0000][1][safepoint    ] Leaving safepoint region
[2019-12-09T03:38:29.149+0000][1][safepoint    ] Total time for which application threads were stopped: 0.0000842 seconds, Stopping threads took: 0.0000133 seconds
[2019-12-09T03:38:29.566+0000][1][safepoint    ] Application time: 0.4166504 seconds
[2019-12-09T03:38:29.586+0000][1][safepoint    ] Entering safepoint region: RevokeBias
[2019-12-09T03:38:29.586+0000][1][safepoint    ] Leaving safepoint region
[2019-12-09T03:38:29.586+0000][1][safepoint    ] Total time for which application threads were stopped: 0.0202459 seconds, Stopping threads took: 0.0201560 seconds
[2019-12-09T03:38:29.624+0000][1][safepoint    ] Application time: 0.0378153 seconds
[2019-12-09T03:38:29.624+0000][1][safepoint    ] Entering safepoint region: RevokeBias
[2019-12-09T03:38:29.624+0000][1][safepoint    ] Leaving safepoint region
[2019-12-09T03:38:29.624+0000][1][safepoint    ] Total time for which application threads were stopped: 0.0000942 seconds, Stopping threads took: 0.0000200 seconds
[2019-12-09T03:38:30.149+0000][1][safepoint    ] Application time: 0.5252941 seconds
[2019-12-09T03:38:30.149+0000][1][safepoint    ] Entering safepoint region: GenCollectForAllocation
[2019-12-09T03:38:30.149+0000][1][gc,start     ] GC(10) Pause Young (Allocation Failure)
[2019-12-09T03:38:30.149+0000][1][gc,task      ] GC(10) Using 2 workers of 2 for evacuation
[2019-12-09T03:38:30.228+0000][1][gc           ] GC(9) Concurrent Abortable Preclean 1295.237ms
[2019-12-09T03:38:30.228+0000][1][gc,cpu       ] GC(9) User=0.34s Sys=0.00s Real=1.30s
[2019-12-09T03:38:30.284+0000][1][gc,age       ] GC(10) Desired survivor size 4456448 bytes, new threshold 6 (max threshold 6)
[2019-12-09T03:38:30.284+0000][1][gc,age       ] GC(10) Age table with threshold 6 (max threshold 6)
[2019-12-09T03:38:30.284+0000][1][gc,age       ] GC(10) - age   1:    1380560 bytes,    1380560 total
[2019-12-09T03:38:30.284+0000][1][gc,age       ] GC(10) - age   2:     623520 bytes,    2004080 total
[2019-12-09T03:38:30.284+0000][1][gc,age       ] GC(10) - age   3:     387496 bytes,    2391576 total
[2019-12-09T03:38:30.284+0000][1][gc,age       ] GC(10) - age   4:    1128728 bytes,    3520304 total
[2019-12-09T03:38:30.284+0000][1][gc,heap      ] GC(10) ParNew: 76075K->7263K(78656K)
[2019-12-09T03:38:30.284+0000][1][gc,heap      ] GC(10) CMS: 11650K->14239K(174784K)
[2019-12-09T03:38:30.284+0000][1][gc,metaspace ] GC(10) Metaspace: 20537K->20537K(1069056K)
[2019-12-09T03:38:30.284+0000][1][gc           ] GC(10) Pause Young (Allocation Failure) 85M->20M(247M) 134.448ms
[2019-12-09T03:38:30.284+0000][1][gc,cpu       ] GC(10) User=0.03s Sys=0.00s Real=0.13s
[2019-12-09T03:38:30.284+0000][1][safepoint    ] Leaving safepoint region
[2019-12-09T03:38:30.284+0000][1][safepoint    ] Total time for which application threads were stopped: 0.1345884 seconds, Stopping threads took: 0.0000138 seconds
[2019-12-09T03:38:30.285+0000][1][safepoint    ] Application time: 0.0011000 seconds
[2019-12-09T03:38:30.304+0000][1][safepoint    ] Entering safepoint region: CMS_Final_Remark
[2019-12-09T03:38:30.304+0000][1][gc,start     ] GC(9) Pause Remark
[2019-12-09T03:38:30.341+0000][1][gc           ] GC(9) Pause Remark 22M->22M(247M) 36.598ms
[2019-12-09T03:38:30.341+0000][1][gc,cpu       ] GC(9) User=0.02s Sys=0.00s Real=0.04s
[2019-12-09T03:38:30.341+0000][1][safepoint    ] Leaving safepoint region
[2019-12-09T03:38:30.341+0000][1][safepoint    ] Total time for which application threads were stopped: 0.0557512 seconds, Stopping threads took: 0.0190352 seconds
[2019-12-09T03:38:30.341+0000][1][gc           ] GC(9) Concurrent Sweep
[2019-12-09T03:38:30.347+0000][1][gc           ] GC(9) Concurrent Sweep 6.390ms
[2019-12-09T03:38:30.347+0000][1][gc,cpu       ] GC(9) User=0.00s Sys=0.00s Real=0.01s
[2019-12-09T03:38:30.347+0000][1][gc           ] GC(9) Concurrent Reset
[2019-12-09T03:38:30.347+0000][1][gc           ] GC(9) Concurrent Reset 0.332ms
[2019-12-09T03:38:30.348+0000][1][gc,cpu       ] GC(9) User=0.00s Sys=0.00s Real=0.00s
[2019-12-09T03:38:30.348+0000][1][gc,heap      ] GC(9) Old: 11650K->14213K(174784K)
[2019-12-09T03:38:30.403+0000][1][safepoint    ] Application time: 0.0623358 seconds
[2019-12-09T03:38:30.403+0000][1][safepoint    ] Entering safepoint region: RevokeBias
[2019-12-09T03:38:30.403+0000][1][safepoint    ] Leaving safepoint region
[2019-12-09T03:38:30.403+0000][1][safepoint    ] Total time for which application threads were stopped: 0.0004809 seconds, Stopping threads took: 0.0000139 seconds
[2019-12-09T03:38:30.434+0000][1][safepoint    ] Application time: 0.0303236 seconds
[2019-12-09T03:38:30.434+0000][1][safepoint    ] Entering safepoint region: RevokeBias
[2019-12-09T03:38:30.434+0000][1][safepoint    ] Leaving safepoint region
[2019-12-09T03:38:30.434+0000][1][safepoint    ] Total time for which application threads were stopped: 0.0000733 seconds, Stopping threads took: 0.0000113 seconds
[2019-12-09T03:38:30.436+0000][1][safepoint    ] Application time: 0.0025452 seconds
[2019-12-09T03:38:30.437+0000][1][safepoint    ] Entering safepoint region: RevokeBias
[2019-12-09T03:38:30.437+0000][1][safepoint    ] Leaving safepoint region
[2019-12-09T03:38:30.437+0000][1][safepoint    ] Total time for which application threads were stopped: 0.0000772 seconds, Stopping threads took: 0.0000132 seconds
[2019-12-09T03:38:30.813+0000][1][safepoint    ] Application time: 0.3768640 seconds
[2019-12-09T03:38:30.813+0000][1][safepoint    ] Entering safepoint region: RevokeBias
[2019-12-09T03:38:30.814+0000][1][safepoint    ] Leaving safepoint region
[2019-12-09T03:38:30.814+0000][1][safepoint    ] Total time for which application threads were stopped: 0.0001007 seconds, Stopping threads took: 0.0000122 seconds
[2019-12-09T03:38:30.826+0000][1][safepoint    ] Application time: 0.0121792 seconds
[2019-12-09T03:38:30.826+0000][1][safepoint    ] Entering safepoint region: RevokeBias
[2019-12-09T03:38:30.826+0000][1][safepoint    ] Leaving safepoint region
[2019-12-09T03:38:30.826+0000][1][safepoint    ] Total time for which application threads were stopped: 0.0000799 seconds, Stopping threads took: 0.0000128 seconds
[2019-12-09T03:38:31.029+0000][1][safepoint    ] Application time: 0.2029119 seconds
[2019-12-09T03:38:31.029+0000][1][safepoint    ] Entering safepoint region: RevokeBias
[2019-12-09T03:38:31.029+0000][1][safepoint    ] Leaving safepoint region
[2019-12-09T03:38:31.029+0000][1][safepoint    ] Total time for which application threads were stopped: 0.0000952 seconds, Stopping threads took: 0.0000137 seconds
[2019-12-09T03:38:31.044+0000][1][safepoint    ] Application time: 0.0147680 seconds
[2019-12-09T03:38:31.044+0000][1][safepoint    ] Entering safepoint region: RevokeBias
[2019-12-09T03:38:31.044+0000][1][safepoint    ] Leaving safepoint region
[2019-12-09T03:38:31.044+0000][1][safepoint    ] Total time for which application threads were stopped: 0.0000745 seconds, Stopping threads took: 0.0000116 seconds
[2019-12-09T03:38:31.129+0000][1][safepoint    ] Application time: 0.0854062 seconds
[2019-12-09T03:38:31.129+0000][1][safepoint    ] Entering safepoint region: GenCollectForAllocation
[2019-12-09T03:38:31.129+0000][1][gc,start     ] GC(11) Pause Young (Allocation Failure)
[2019-12-09T03:38:31.129+0000][1][gc,task      ] GC(11) Using 2 workers of 2 for evacuation
[2019-12-09T03:38:31.191+0000][1][gc,age       ] GC(11) Desired survivor size 4456448 bytes, new threshold 6 (max threshold 6)
[2019-12-09T03:38:31.191+0000][1][gc,age       ] GC(11) Age table with threshold 6 (max threshold 6)
[2019-12-09T03:38:31.191+0000][1][gc,age       ] GC(11) - age   1:    1016080 bytes,    1016080 total
[2019-12-09T03:38:31.191+0000][1][gc,age       ] GC(11) - age   2:      97480 bytes,    1113560 total
[2019-12-09T03:38:31.191+0000][1][gc,age       ] GC(11) - age   3:     623472 bytes,    1737032 total
[2019-12-09T03:38:31.191+0000][1][gc,age       ] GC(11) - age   4:     387392 bytes,    2124424 total
[2019-12-09T03:38:31.191+0000][1][gc,age       ] GC(11) - age   5:    1128440 bytes,    3252864 total
[2019-12-09T03:38:31.191+0000][1][gc,heap      ] GC(11) ParNew: 77215K->5127K(78656K)
[2019-12-09T03:38:31.191+0000][1][gc,heap      ] GC(11) CMS: 14213K->14213K(174784K)
[2019-12-09T03:38:31.191+0000][1][gc,metaspace ] GC(11) Metaspace: 20600K->20600K(1069056K)
[2019-12-09T03:38:31.191+0000][1][gc           ] GC(11) Pause Young (Allocation Failure) 89M->18M(247M) 61.641ms
[2019-12-09T03:38:31.191+0000][1][gc,cpu       ] GC(11) User=0.02s Sys=0.00s Real=0.06s
[2019-12-09T03:38:31.191+0000][1][safepoint    ] Leaving safepoint region
[2019-12-09T03:38:31.191+0000][1][safepoint    ] Total time for which application threads were stopped: 0.0617747 seconds, Stopping threads took: 0.0000147 seconds
[2019-12-09T03:38:31.227+0000][1][safepoint    ] Application time: 0.0361020 seconds
[2019-12-09T03:38:31.227+0000][1][safepoint    ] Entering safepoint region: RevokeBias
[2019-12-09T03:38:31.227+0000][1][safepoint    ] Leaving safepoint region
[2019-12-09T03:38:31.227+0000][1][safepoint    ] Total time for which application threads were stopped: 0.0000970 seconds, Stopping threads took: 0.0000196 seconds
[2019-12-09T03:38:31.264+0000][1][safepoint    ] Application time: 0.0365282 seconds
[2019-12-09T03:38:31.264+0000][1][safepoint    ] Entering safepoint region: RevokeBias
[2019-12-09T03:38:31.264+0000][1][safepoint    ] Leaving safepoint region
[2019-12-09T03:38:31.264+0000][1][safepoint    ] Total time for which application threads were stopped: 0.0000851 seconds, Stopping threads took: 0.0000140 seconds
[2019-12-09T03:38:31.467+0000][1][safepoint    ] Application time: 0.2033302 seconds
[2019-12-09T03:38:31.467+0000][1][safepoint    ] Entering safepoint region: RevokeBias
[2019-12-09T03:38:31.467+0000][1][safepoint    ] Leaving safepoint region
[2019-12-09T03:38:31.467+0000][1][safepoint    ] Total time for which application threads were stopped: 0.0000861 seconds, Stopping threads took: 0.0000138 seconds
[2019-12-09T03:38:31.492+0000][1][safepoint    ] Application time: 0.0247967 seconds
[2019-12-09T03:38:31.492+0000][1][safepoint    ] Entering safepoint region: RevokeBias
[2019-12-09T03:38:31.492+0000][1][safepoint    ] Leaving safepoint region
[2019-12-09T03:38:31.492+0000][1][safepoint    ] Total time for which application threads were stopped: 0.0000822 seconds, Stopping threads took: 0.0000126 seconds
[2019-12-09T03:38:31.518+0000][1][safepoint    ] Application time: 0.0252433 seconds
[2019-12-09T03:38:31.518+0000][1][safepoint    ] Entering safepoint region: RevokeBias
[2019-12-09T03:38:31.518+0000][1][safepoint    ] Leaving safepoint region
[2019-12-09T03:38:31.518+0000][1][safepoint    ] Total time for which application threads were stopped: 0.0001586 seconds, Stopping threads took: 0.0000196 seconds
[2019-12-09T03:38:31.869+0000][1][safepoint    ] Application time: 0.3507780 seconds
[2019-12-09T03:38:31.869+0000][1][safepoint    ] Entering safepoint region: RevokeBias
[2019-12-09T03:38:31.869+0000][1][safepoint    ] Leaving safepoint region
[2019-12-09T03:38:31.869+0000][1][safepoint    ] Total time for which application threads were stopped: 0.0000891 seconds, Stopping threads took: 0.0000138 seconds
[2019-12-09T03:38:31.897+0000][1][safepoint    ] Application time: 0.0282713 seconds
[2019-12-09T03:38:31.897+0000][1][safepoint    ] Entering safepoint region: RevokeBias
[2019-12-09T03:38:31.897+0000][1][safepoint    ] Leaving safepoint region
[2019-12-09T03:38:31.897+0000][1][safepoint    ] Total time for which application threads were stopped: 0.0000847 seconds, Stopping threads took: 0.0000138 seconds
[2019-12-09T03:38:32.099+0000][1][safepoint    ] Application time: 0.2023356 seconds
[2019-12-09T03:38:32.099+0000][1][safepoint    ] Entering safepoint region: Deoptimize
[2019-12-09T03:38:32.100+0000][1][safepoint    ] Leaving safepoint region
[2019-12-09T03:38:32.100+0000][1][safepoint    ] Total time for which application threads were stopped: 0.0004339 seconds, Stopping threads took: 0.0000128 seconds
[2019-12-09T03:38:33.204+0000][1][safepoint    ] Application time: 1.1043706 seconds
[2019-12-09T03:38:33.213+0000][1][safepoint    ] Entering safepoint region: Cleanup
[2019-12-09T03:38:33.213+0000][1][safepoint    ] Leaving safepoint region
[2019-12-09T03:38:33.213+0000][1][safepoint    ] Total time for which application threads were stopped: 0.0085815 seconds, Stopping threads took: 0.0085065 seconds
[2019-12-09T03:38:34.025+0000][1][safepoint    ] Application time: 0.8118913 seconds
[2019-12-09T03:38:34.025+0000][1][safepoint    ] Entering safepoint region: GenCollectForAllocation
[2019-12-09T03:38:34.025+0000][1][gc,start     ] GC(12) Pause Young (Allocation Failure)
[2019-12-09T03:38:34.025+0000][1][gc,task      ] GC(12) Using 2 workers of 2 for evacuation
[2019-12-09T03:38:34.139+0000][1][gc,age       ] GC(12) Desired survivor size 4456448 bytes, new threshold 6 (max threshold 6)
[2019-12-09T03:38:34.139+0000][1][gc,age       ] GC(12) Age table with threshold 6 (max threshold 6)
[2019-12-09T03:38:34.139+0000][1][gc,age       ] GC(12) - age   1:    1120984 bytes,    1120984 total
[2019-12-09T03:38:34.139+0000][1][gc,age       ] GC(12) - age   2:     305792 bytes,    1426776 total
[2019-12-09T03:38:34.139+0000][1][gc,age       ] GC(12) - age   3:      97480 bytes,    1524256 total
[2019-12-09T03:38:34.139+0000][1][gc,age       ] GC(12) - age   4:     623472 bytes,    2147728 total
[2019-12-09T03:38:34.139+0000][1][gc,age       ] GC(12) - age   5:     387328 bytes,    2535056 total
[2019-12-09T03:38:34.139+0000][1][gc,age       ] GC(12) - age   6:    1128440 bytes,    3663496 total
[2019-12-09T03:38:34.139+0000][1][gc,heap      ] GC(12) ParNew: 75077K->4367K(78656K)
[2019-12-09T03:38:34.139+0000][1][gc,heap      ] GC(12) CMS: 14213K->14213K(174784K)
[2019-12-09T03:38:34.139+0000][1][gc,metaspace ] GC(12) Metaspace: 22932K->22932K(1071104K)
[2019-12-09T03:38:34.139+0000][1][gc           ] GC(12) Pause Young (Allocation Failure) 87M->18M(247M) 114.052ms
[2019-12-09T03:38:34.139+0000][1][gc,cpu       ] GC(12) User=0.02s Sys=0.00s Real=0.11s
[2019-12-09T03:38:34.139+0000][1][safepoint    ] Leaving safepoint region
[2019-12-09T03:38:34.139+0000][1][safepoint    ] Total time for which application threads were stopped: 0.1143605 seconds, Stopping threads took: 0.0000156 seconds
[2019-12-09T03:38:35.146+0000][1][safepoint    ] Application time: 1.0068270 seconds
[2019-12-09T03:38:35.146+0000][1][safepoint    ] Entering safepoint region: Deoptimize
[2019-12-09T03:38:35.147+0000][1][safepoint    ] Leaving safepoint region
[2019-12-09T03:38:35.147+0000][1][safepoint    ] Total time for which application threads were stopped: 0.0005000 seconds, Stopping threads took: 0.0000819 seconds
[2019-12-09T03:38:35.757+0000][1][safepoint    ] Application time: 0.6101944 seconds
[2019-12-09T03:38:35.757+0000][1][safepoint    ] Entering safepoint region: Deoptimize
[2019-12-09T03:38:35.757+0000][1][safepoint    ] Leaving safepoint region
[2019-12-09T03:38:35.757+0000][1][safepoint    ] Total time for which application threads were stopped: 0.0004466 seconds, Stopping threads took: 0.0000140 seconds
[2019-12-09T03:38:35.897+0000][1][safepoint    ] Application time: 0.1397647 seconds
[2019-12-09T03:38:35.897+0000][1][safepoint    ] Entering safepoint region: Deoptimize
[2019-12-09T03:38:35.897+0000][1][safepoint    ] Leaving safepoint region
[2019-12-09T03:38:35.897+0000][1][safepoint    ] Total time for which application threads were stopped: 0.0004568 seconds, Stopping threads took: 0.0000145 seconds
[2019-12-09T03:38:35.939+0000][1][safepoint    ] Application time: 0.0415401 seconds
[2019-12-09T03:38:35.939+0000][1][safepoint    ] Entering safepoint region: Deoptimize
[2019-12-09T03:38:35.939+0000][1][safepoint    ] Leaving safepoint region
[2019-12-09T03:38:35.940+0000][1][safepoint    ] Total time for which application threads were stopped: 0.0004370 seconds, Stopping threads took: 0.0000161 seconds
[2019-12-09T03:38:36.945+0000][1][safepoint    ] Application time: 1.0051833 seconds
[2019-12-09T03:38:37.014+0000][1][safepoint    ] Entering safepoint region: Cleanup
[2019-12-09T03:38:37.014+0000][1][safepoint    ] Leaving safepoint region
[2019-12-09T03:38:37.014+0000][1][safepoint    ] Total time for which application threads were stopped: 0.0696101 seconds, Stopping threads took: 0.0695614 seconds
[2019-12-09T03:38:38.018+0000][1][safepoint    ] Application time: 1.0033441 seconds
[2019-12-09T03:38:38.018+0000][1][safepoint    ] Entering safepoint region: Cleanup
[2019-12-09T03:38:38.018+0000][1][safepoint    ] Leaving safepoint region
[2019-12-09T03:38:38.018+0000][1][safepoint    ] Total time for which application threads were stopped: 0.0003343 seconds, Stopping threads took: 0.0000869 seconds
[2019-12-09T03:38:39.023+0000][1][safepoint    ] Application time: 1.0046226 seconds
[2019-12-09T03:38:39.110+0000][1][safepoint    ] Entering safepoint region: Cleanup
[2019-12-09T03:38:39.110+0000][1][safepoint    ] Leaving safepoint region
[2019-12-09T03:38:39.110+0000][1][safepoint    ] Total time for which application threads were stopped: 0.0870658 seconds, Stopping threads took: 0.0869932 seconds
[2019-12-09T03:38:40.116+0000][1][safepoint    ] Application time: 1.0059092 seconds
[2019-12-09T03:38:40.179+0000][1][safepoint    ] Entering safepoint region: Cleanup
[2019-12-09T03:38:40.179+0000][1][safepoint    ] Leaving safepoint region
[2019-12-09T03:38:40.179+0000][1][safepoint    ] Total time for which application threads were stopped: 0.0630544 seconds, Stopping threads took: 0.0629859 seconds
[2019-12-09T03:38:41.181+0000][1][safepoint    ] Application time: 1.0019972 seconds
[2019-12-09T03:38:41.219+0000][1][safepoint    ] Entering safepoint region: Cleanup
[2019-12-09T03:38:41.219+0000][1][safepoint    ] Leaving safepoint region
[2019-12-09T03:38:41.219+0000][1][safepoint    ] Total time for which application threads were stopped: 0.0380116 seconds, Stopping threads took: 0.0379575 seconds
[2019-12-09T03:38:42.214+0000][1][safepoint    ] Application time: 0.9948581 seconds
[2019-12-09T03:38:42.214+0000][1][safepoint    ] Entering safepoint region: GenCollectForAllocation
[2019-12-09T03:38:42.214+0000][1][gc,start     ] GC(13) Pause Young (Allocation Failure)
[2019-12-09T03:38:42.214+0000][1][gc,task      ] GC(13) Using 2 workers of 2 for evacuation
[2019-12-09T03:38:42.543+0000][1][gc,age       ] GC(13) Desired survivor size 4456448 bytes, new threshold 1 (max threshold 6)
[2019-12-09T03:38:42.543+0000][1][gc,age       ] GC(13) Age table with threshold 1 (max threshold 6)
[2019-12-09T03:38:42.543+0000][1][gc,age       ] GC(13) - age   1:    6481696 bytes,    6481696 total
[2019-12-09T03:38:42.543+0000][1][gc,age       ] GC(13) - age   2:    1022656 bytes,    7504352 total
[2019-12-09T03:38:42.543+0000][1][gc,age       ] GC(13) - age   3:     305528 bytes,    7809880 total
[2019-12-09T03:38:42.543+0000][1][gc,age       ] GC(13) - age   4:      97264 bytes,    7907144 total
[2019-12-09T03:38:42.543+0000][1][gc,age       ] GC(13) - age   5:     620464 bytes,    8527608 total
[2019-12-09T03:38:42.543+0000][1][gc,age       ] GC(13) - age   6:     385104 bytes,    8912712 total
[2019-12-09T03:38:42.543+0000][1][gc,heap      ] GC(13) ParNew: 74319K->8704K(78656K)
[2019-12-09T03:38:42.543+0000][1][gc,heap      ] GC(13) CMS: 14213K->21541K(174784K)
[2019-12-09T03:38:42.543+0000][1][gc,metaspace ] GC(13) Metaspace: 27101K->27101K(1075200K)
[2019-12-09T03:38:42.543+0000][1][gc           ] GC(13) Pause Young (Allocation Failure) 86M->29M(247M) 329.332ms
[2019-12-09T03:38:42.543+0000][1][gc,cpu       ] GC(13) User=0.08s Sys=0.00s Real=0.33s
[2019-12-09T03:38:42.543+0000][1][safepoint    ] Leaving safepoint region
[2019-12-09T03:38:42.543+0000][1][safepoint    ] Total time for which application threads were stopped: 0.3294572 seconds, Stopping threads took: 0.0000148 seconds
[2019-12-09T03:38:43.545+0000][1][safepoint    ] Application time: 1.0014554 seconds
[2019-12-09T03:38:43.732+0000][1][safepoint    ] Entering safepoint region: Cleanup
[2019-12-09T03:38:43.732+0000][1][safepoint    ] Leaving safepoint region
[2019-12-09T03:38:43.732+0000][1][safepoint    ] Total time for which application threads were stopped: 0.1871014 seconds, Stopping threads took: 0.1870350 seconds
[2019-12-09T03:38:44.751+0000][1][safepoint    ] Application time: 1.0188504 seconds
[2019-12-09T03:38:44.751+0000][1][safepoint    ] Entering safepoint region: Cleanup
[2019-12-09T03:38:44.751+0000][1][safepoint    ] Leaving safepoint region
[2019-12-09T03:38:44.751+0000][1][safepoint    ] Total time for which application threads were stopped: 0.0001076 seconds, Stopping threads took: 0.0000496 seconds
[2019-12-09T03:38:45.755+0000][1][safepoint    ] Application time: 1.0038387 seconds
[2019-12-09T03:38:45.760+0000][1][safepoint    ] Entering safepoint region: Cleanup
[2019-12-09T03:38:45.760+0000][1][safepoint    ] Leaving safepoint region
[2019-12-09T03:38:45.760+0000][1][safepoint    ] Total time for which application threads were stopped: 0.0050418 seconds, Stopping threads took: 0.0049901 seconds
[2019-12-09T03:38:46.099+0000][1][safepoint    ] Application time: 0.3389300 seconds
[2019-12-09T03:38:46.099+0000][1][safepoint    ] Entering safepoint region: GenCollectForAllocation
[2019-12-09T03:38:46.099+0000][1][gc,start     ] GC(14) Pause Young (Allocation Failure)
[2019-12-09T03:38:46.099+0000][1][gc,task      ] GC(14) Using 2 workers of 2 for evacuation
[2019-12-09T03:38:46.539+0000][1][gc,age       ] GC(14) Desired survivor size 4456448 bytes, new threshold 1 (max threshold 6)
[2019-12-09T03:38:46.539+0000][1][gc,age       ] GC(14) Age table with threshold 1 (max threshold 6)
[2019-12-09T03:38:46.539+0000][1][gc,age       ] GC(14) - age   1:    8269656 bytes,    8269656 total
[2019-12-09T03:38:46.539+0000][1][gc,heap      ] GC(14) ParNew: 78656K->8704K(78656K)
[2019-12-09T03:38:46.539+0000][1][gc,heap      ] GC(14) CMS: 21541K->35248K(174784K)
[2019-12-09T03:38:46.539+0000][1][gc,metaspace ] GC(14) Metaspace: 27235K->27235K(1075200K)
[2019-12-09T03:38:46.539+0000][1][gc           ] GC(14) Pause Young (Allocation Failure) 97M->42M(247M) 439.845ms
[2019-12-09T03:38:46.539+0000][1][gc,cpu       ] GC(14) User=0.12s Sys=0.00s Real=0.44s
[2019-12-09T03:38:46.539+0000][1][safepoint    ] Leaving safepoint region
[2019-12-09T03:38:46.539+0000][1][safepoint    ] Total time for which application threads were stopped: 0.4399776 seconds, Stopping threads took: 0.0000156 seconds
[2019-12-09T03:38:47.212+0000][1][safepoint    ] Application time: 0.6727693 seconds
[2019-12-09T03:38:47.212+0000][1][safepoint    ] Entering safepoint region: RevokeBias
[2019-12-09T03:38:47.212+0000][1][safepoint    ] Leaving safepoint region
[2019-12-09T03:38:47.212+0000][1][safepoint    ] Total time for which application threads were stopped: 0.0000788 seconds, Stopping threads took: 0.0000124 seconds
[2019-12-09T03:38:48.218+0000][1][safepoint    ] Application time: 1.0060527 seconds
[2019-12-09T03:38:48.246+0000][1][safepoint    ] Entering safepoint region: Cleanup
[2019-12-09T03:38:48.246+0000][1][safepoint    ] Leaving safepoint region
[2019-12-09T03:38:48.246+0000][1][safepoint    ] Total time for which application threads were stopped: 0.0280395 seconds, Stopping threads took: 0.0279935 seconds
[2019-12-09T03:38:49.684+0000][1][safepoint    ] Application time: 1.4379104 seconds
[2019-12-09T03:38:49.696+0000][1][safepoint    ] Entering safepoint region: Cleanup
[2019-12-09T03:38:49.696+0000][1][safepoint    ] Leaving safepoint region
[2019-12-09T03:38:49.696+0000][1][safepoint    ] Total time for which application threads were stopped: 0.0120867 seconds, Stopping threads took: 0.0120129 seconds
[2019-12-09T03:38:50.747+0000][1][safepoint    ] Application time: 1.0508662 seconds
[2019-12-09T03:38:50.833+0000][1][safepoint    ] Entering safepoint region: Cleanup
[2019-12-09T03:38:50.833+0000][1][safepoint    ] Leaving safepoint region
[2019-12-09T03:38:50.833+0000][1][safepoint    ] Total time for which application threads were stopped: 0.0860675 seconds, Stopping threads took: 0.0859922 seconds
[2019-12-09T03:38:51.834+0000][1][safepoint    ] Application time: 1.0009029 seconds
[2019-12-09T03:38:51.834+0000][1][safepoint    ] Entering safepoint region: Cleanup
[2019-12-09T03:38:51.834+0000][1][safepoint    ] Leaving safepoint region
[2019-12-09T03:38:51.834+0000][1][safepoint    ] Total time for which application threads were stopped: 0.0001699 seconds, Stopping threads took: 0.0001099 seconds
[2019-12-09T03:38:51.834+0000][1][safepoint    ] Application time: 0.0002922 seconds
[2019-12-09T03:38:51.834+0000][1][safepoint    ] Entering safepoint region: GenCollectForAllocation
[2019-12-09T03:38:51.834+0000][1][gc,start     ] GC(15) Pause Young (Allocation Failure)
[2019-12-09T03:38:51.834+0000][1][gc,task      ] GC(15) Using 2 workers of 2 for evacuation
[2019-12-09T03:38:52.228+0000][1][gc,age       ] GC(15) Desired survivor size 4456448 bytes, new threshold 1 (max threshold 6)
[2019-12-09T03:38:52.228+0000][1][gc,age       ] GC(15) Age table with threshold 1 (max threshold 6)
[2019-12-09T03:38:52.228+0000][1][gc,age       ] GC(15) - age   1:    8912824 bytes,    8912824 total
[2019-12-09T03:38:52.228+0000][1][gc,heap      ] GC(15) ParNew: 78656K->8704K(78656K)
[2019-12-09T03:38:52.228+0000][1][gc,heap      ] GC(15) CMS: 35248K->45790K(174784K)
[2019-12-09T03:38:52.228+0000][1][gc,metaspace ] GC(15) Metaspace: 29536K->29536K(1077248K)
[2019-12-09T03:38:52.228+0000][1][gc           ] GC(15) Pause Young (Allocation Failure) 111M->53M(247M) 393.852ms
[2019-12-09T03:38:52.228+0000][1][gc,cpu       ] GC(15) User=0.09s Sys=0.00s Real=0.40s
[2019-12-09T03:38:52.228+0000][1][safepoint    ] Leaving safepoint region
[2019-12-09T03:38:52.228+0000][1][safepoint    ] Total time for which application threads were stopped: 0.3939811 seconds, Stopping threads took: 0.0000109 seconds
[2019-12-09T03:38:53.242+0000][1][safepoint    ] Application time: 1.0134739 seconds
[2019-12-09T03:38:53.242+0000][1][safepoint    ] Entering safepoint region: Cleanup
[2019-12-09T03:38:53.242+0000][1][safepoint    ] Leaving safepoint region
[2019-12-09T03:38:53.242+0000][1][safepoint    ] Total time for which application threads were stopped: 0.0000981 seconds, Stopping threads took: 0.0000551 seconds
[2019-12-09T03:38:54.287+0000][1][safepoint    ] Application time: 1.0448552 seconds
[2019-12-09T03:38:54.287+0000][1][safepoint    ] Entering safepoint region: Cleanup
[2019-12-09T03:38:54.287+0000][1][safepoint    ] Leaving safepoint region
[2019-12-09T03:38:54.287+0000][1][safepoint    ] Total time for which application threads were stopped: 0.0000873 seconds, Stopping threads took: 0.0000458 seconds
[2019-12-09T03:38:55.288+0000][1][safepoint    ] Application time: 1.0008480 seconds
[2019-12-09T03:38:55.345+0000][1][safepoint    ] Entering safepoint region: Cleanup
[2019-12-09T03:38:55.345+0000][1][safepoint    ] Leaving safepoint region
[2019-12-09T03:38:55.345+0000][1][safepoint    ] Total time for which application threads were stopped: 0.0570694 seconds, Stopping threads took: 0.0570007 seconds
[2019-12-09T03:38:55.640+0000][1][safepoint    ] Application time: 0.2948873 seconds
[2019-12-09T03:38:55.640+0000][1][safepoint    ] Entering safepoint region: GenCollectForAllocation
[2019-12-09T03:38:55.640+0000][1][gc,start     ] GC(16) Pause Young (Allocation Failure)
[2019-12-09T03:38:55.640+0000][1][gc,task      ] GC(16) Using 2 workers of 2 for evacuation
[2019-12-09T03:38:55.853+0000][1][gc,age       ] GC(16) Desired survivor size 4456448 bytes, new threshold 6 (max threshold 6)
[2019-12-09T03:38:55.853+0000][1][gc,age       ] GC(16) Age table with threshold 6 (max threshold 6)
[2019-12-09T03:38:55.853+0000][1][gc,age       ] GC(16) - age   1:    1266296 bytes,    1266296 total
[2019-12-09T03:38:55.853+0000][1][gc,heap      ] GC(16) ParNew: 78656K->8503K(78656K)
[2019-12-09T03:38:55.853+0000][1][gc,heap      ] GC(16) CMS: 45790K->54545K(174784K)
[2019-12-09T03:38:55.853+0000][1][gc,metaspace ] GC(16) Metaspace: 33012K->33012K(1079296K)
[2019-12-09T03:38:55.853+0000][1][gc           ] GC(16) Pause Young (Allocation Failure) 121M->61M(247M) 213.234ms
[2019-12-09T03:38:55.853+0000][1][gc,cpu       ] GC(16) User=0.06s Sys=0.00s Real=0.21s
[2019-12-09T03:38:55.853+0000][1][safepoint    ] Leaving safepoint region
[2019-12-09T03:38:55.853+0000][1][safepoint    ] Total time for which application threads were stopped: 0.2133715 seconds, Stopping threads took: 0.0000150 seconds
[2019-12-09T03:38:56.855+0000][1][safepoint    ] Application time: 1.0015977 seconds
[2019-12-09T03:38:56.933+0000][1][safepoint    ] Entering safepoint region: Cleanup
[2019-12-09T03:38:56.933+0000][1][safepoint    ] Leaving safepoint region
[2019-12-09T03:38:56.933+0000][1][safepoint    ] Total time for which application threads were stopped: 0.0780533 seconds, Stopping threads took: 0.0779822 seconds
[2019-12-09T03:38:57.934+0000][1][safepoint    ] Application time: 1.0008866 seconds
[2019-12-09T03:38:57.992+0000][1][safepoint    ] Entering safepoint region: Cleanup
[2019-12-09T03:38:57.992+0000][1][safepoint    ] Leaving safepoint region
[2019-12-09T03:38:57.992+0000][1][safepoint    ] Total time for which application threads were stopped: 0.0581534 seconds, Stopping threads took: 0.0580804 seconds
[2019-12-09T03:38:58.447+0000][1][safepoint    ] Application time: 0.4547997 seconds
[2019-12-09T03:38:58.447+0000][1][safepoint    ] Entering safepoint region: CollectForMetadataAllocation
[2019-12-09T03:38:58.447+0000][1][safepoint    ] Leaving safepoint region
[2019-12-09T03:38:58.447+0000][1][safepoint    ] Total time for which application threads were stopped: 0.0002662 seconds, Stopping threads took: 0.0000144 seconds
[2019-12-09T03:38:58.819+0000][1][safepoint    ] Application time: 0.3716219 seconds
[2019-12-09T03:38:58.819+0000][1][safepoint    ] Entering safepoint region: CollectForMetadataAllocation
[2019-12-09T03:38:58.819+0000][1][safepoint    ] Leaving safepoint region
[2019-12-09T03:38:58.819+0000][1][safepoint    ] Total time for which application threads were stopped: 0.0002522 seconds, Stopping threads took: 0.0000144 seconds
[2019-12-09T03:38:59.196+0000][1][safepoint    ] Application time: 0.3774354 seconds
[2019-12-09T03:38:59.196+0000][1][safepoint    ] Entering safepoint region: CollectForMetadataAllocation
[2019-12-09T03:38:59.197+0000][1][safepoint    ] Leaving safepoint region
[2019-12-09T03:38:59.197+0000][1][safepoint    ] Total time for which application threads were stopped: 0.0002454 seconds, Stopping threads took: 0.0000137 seconds
[2019-12-09T03:38:59.513+0000][1][safepoint    ] Application time: 0.3160869 seconds
[2019-12-09T03:38:59.513+0000][1][safepoint    ] Entering safepoint region: CollectForMetadataAllocation
[2019-12-09T03:38:59.513+0000][1][safepoint    ] Leaving safepoint region
[2019-12-09T03:38:59.513+0000][1][safepoint    ] Total time for which application threads were stopped: 0.0002425 seconds, Stopping threads took: 0.0000145 seconds
[2019-12-09T03:38:59.686+0000][1][safepoint    ] Application time: 0.1731216 seconds
[2019-12-09T03:38:59.686+0000][1][safepoint    ] Entering safepoint region: CollectForMetadataAllocation
[2019-12-09T03:38:59.686+0000][1][safepoint    ] Leaving safepoint region
[2019-12-09T03:38:59.686+0000][1][safepoint    ] Total time for which application threads were stopped: 0.0002513 seconds, Stopping threads took: 0.0000475 seconds
[2019-12-09T03:38:59.822+0000][1][safepoint    ] Application time: 0.1354872 seconds
[2019-12-09T03:38:59.822+0000][1][safepoint    ] Entering safepoint region: CollectForMetadataAllocation
[2019-12-09T03:38:59.822+0000][1][safepoint    ] Leaving safepoint region
[2019-12-09T03:38:59.822+0000][1][safepoint    ] Total time for which application threads were stopped: 0.0002428 seconds, Stopping threads took: 0.0000130 seconds
[2019-12-09T03:38:59.867+0000][1][safepoint    ] Application time: 0.0445311 seconds
[2019-12-09T03:38:59.872+0000][1][safepoint    ] Entering safepoint region: CMS_Initial_Mark
[2019-12-09T03:38:59.872+0000][1][gc,start     ] GC(17) Pause Initial Mark
[2019-12-09T03:39:00.014+0000][1][gc           ] GC(17) Pause Initial Mark 129M->129M(247M) 142.044ms
[2019-12-09T03:39:00.014+0000][1][gc,cpu       ] GC(17) User=0.04s Sys=0.00s Real=0.14s
[2019-12-09T03:39:00.014+0000][1][safepoint    ] Leaving safepoint region
[2019-12-09T03:39:00.014+0000][1][safepoint    ] Total time for which application threads were stopped: 0.1472058 seconds, Stopping threads took: 0.0050388 seconds
[2019-12-09T03:39:00.014+0000][1][gc           ] GC(17) Concurrent Mark
[2019-12-09T03:39:00.116+0000][1][safepoint    ] Application time: 0.1017976 seconds
[2019-12-09T03:39:00.116+0000][1][safepoint    ] Entering safepoint region: GenCollectForAllocation
[2019-12-09T03:39:00.116+0000][1][gc,start     ] GC(18) Pause Young (Allocation Failure)
[2019-12-09T03:39:00.116+0000][1][gc,task      ] GC(18) Using 2 workers of 2 for evacuation
[2019-12-09T03:39:00.202+0000][1][gc,age       ] GC(18) Desired survivor size 4456448 bytes, new threshold 6 (max threshold 6)
[2019-12-09T03:39:00.203+0000][1][gc,age       ] GC(18) Age table with threshold 6 (max threshold 6)
[2019-12-09T03:39:00.203+0000][1][gc,age       ] GC(18) - age   1:    1951832 bytes,    1951832 total
[2019-12-09T03:39:00.203+0000][1][gc,age       ] GC(18) - age   2:    1199800 bytes,    3151632 total
[2019-12-09T03:39:00.203+0000][1][gc,heap      ] GC(18) ParNew: 78455K->3536K(78656K)
[2019-12-09T03:39:00.203+0000][1][gc,heap      ] GC(18) CMS: 54545K->54545K(174784K)
[2019-12-09T03:39:00.203+0000][1][gc,metaspace ] GC(18) Metaspace: 35367K->35367K(1081344K)
[2019-12-09T03:39:00.203+0000][1][gc           ] GC(18) Pause Young (Allocation Failure) 129M->56M(247M) 86.720ms
[2019-12-09T03:39:00.203+0000][1][gc,cpu       ] GC(18) User=0.02s Sys=0.00s Real=0.08s
[2019-12-09T03:39:00.203+0000][1][safepoint    ] Leaving safepoint region
[2019-12-09T03:39:00.203+0000][1][safepoint    ] Total time for which application threads were stopped: 0.0868413 seconds, Stopping threads took: 0.0000139 seconds
[2019-12-09T03:39:00.214+0000][1][safepoint    ] Application time: 0.0110506 seconds
[2019-12-09T03:39:00.214+0000][1][safepoint    ] Entering safepoint region: CollectForMetadataAllocation
[2019-12-09T03:39:00.214+0000][1][safepoint    ] Leaving safepoint region
[2019-12-09T03:39:00.214+0000][1][safepoint    ] Total time for which application threads were stopped: 0.0002186 seconds, Stopping threads took: 0.0000141 seconds
[2019-12-09T03:39:00.640+0000][1][safepoint    ] Application time: 0.4257563 seconds
[2019-12-09T03:39:00.640+0000][1][safepoint    ] Entering safepoint region: CollectForMetadataAllocation
[2019-12-09T03:39:00.640+0000][1][safepoint    ] Leaving safepoint region
[2019-12-09T03:39:00.640+0000][1][safepoint    ] Total time for which application threads were stopped: 0.0002453 seconds, Stopping threads took: 0.0000149 seconds
[2019-12-09T03:39:00.801+0000][1][safepoint    ] Application time: 0.1613995 seconds
[2019-12-09T03:39:00.801+0000][1][safepoint    ] Entering safepoint region: CollectForMetadataAllocation
[2019-12-09T03:39:00.802+0000][1][safepoint    ] Leaving safepoint region
[2019-12-09T03:39:00.802+0000][1][safepoint    ] Total time for which application threads were stopped: 0.0002521 seconds, Stopping threads took: 0.0000141 seconds
[2019-12-09T03:39:00.937+0000][1][gc           ] GC(17) Concurrent Mark 923.298ms
[2019-12-09T03:39:00.937+0000][1][gc,cpu       ] GC(17) User=0.25s Sys=0.01s Real=0.93s
[2019-12-09T03:39:00.937+0000][1][gc           ] GC(17) Concurrent Preclean
[2019-12-09T03:39:00.959+0000][1][gc           ] GC(17) Concurrent Preclean 21.495ms
[2019-12-09T03:39:00.959+0000][1][gc,cpu       ] GC(17) User=0.01s Sys=0.00s Real=0.02s
[2019-12-09T03:39:00.959+0000][1][gc           ] GC(17) Concurrent Abortable Preclean
[2019-12-09T03:39:01.088+0000][1][safepoint    ] Application time: 0.2860219 seconds
[2019-12-09T03:39:01.088+0000][1][safepoint    ] Entering safepoint region: CollectForMetadataAllocation
[2019-12-09T03:39:01.088+0000][1][safepoint    ] Leaving safepoint region
[2019-12-09T03:39:01.088+0000][1][safepoint    ] Total time for which application threads were stopped: 0.0001344 seconds, Stopping threads took: 0.0000133 seconds
[2019-12-09T03:39:01.443+0000][1][safepoint    ] Application time: 0.3551726 seconds
[2019-12-09T03:39:01.443+0000][1][safepoint    ] Entering safepoint region: CollectForMetadataAllocation
[2019-12-09T03:39:01.443+0000][1][safepoint    ] Leaving safepoint region
[2019-12-09T03:39:01.443+0000][1][safepoint    ] Total time for which application threads were stopped: 0.0002192 seconds, Stopping threads took: 0.0000121 seconds
[2019-12-09T03:39:01.463+0000][1][safepoint    ] Application time: 0.0197215 seconds
[2019-12-09T03:39:01.463+0000][1][safepoint    ] Entering safepoint region: CollectForMetadataAllocation
[2019-12-09T03:39:01.463+0000][1][safepoint    ] Leaving safepoint region
[2019-12-09T03:39:01.463+0000][1][safepoint    ] Total time for which application threads were stopped: 0.0000543 seconds, Stopping threads took: 0.0000128 seconds
[2019-12-09T03:39:01.467+0000][1][safepoint    ] Application time: 0.0035351 seconds
[2019-12-09T03:39:01.467+0000][1][safepoint    ] Entering safepoint region: RevokeBias
[2019-12-09T03:39:01.467+0000][1][safepoint    ] Leaving safepoint region
[2019-12-09T03:39:01.467+0000][1][safepoint    ] Total time for which application threads were stopped: 0.0001217 seconds, Stopping threads took: 0.0000120 seconds
[2019-12-09T03:39:01.669+0000][1][safepoint    ] Application time: 0.2021381 seconds
[2019-12-09T03:39:01.669+0000][1][safepoint    ] Entering safepoint region: CollectForMetadataAllocation
[2019-12-09T03:39:01.669+0000][1][safepoint    ] Leaving safepoint region
[2019-12-09T03:39:01.669+0000][1][safepoint    ] Total time for which application threads were stopped: 0.0002568 seconds, Stopping threads took: 0.0000151 seconds
[2019-12-09T03:39:02.083+0000][1][safepoint    ] Application time: 0.4134774 seconds
[2019-12-09T03:39:02.083+0000][1][safepoint    ] Entering safepoint region: CollectForMetadataAllocation
[2019-12-09T03:39:02.083+0000][1][safepoint    ] Leaving safepoint region
[2019-12-09T03:39:02.083+0000][1][safepoint    ] Total time for which application threads were stopped: 0.0002360 seconds, Stopping threads took: 0.0000136 seconds
[2019-12-09T03:39:02.440+0000][1][safepoint    ] Application time: 0.3571635 seconds
[2019-12-09T03:39:02.440+0000][1][safepoint    ] Entering safepoint region: CollectForMetadataAllocation
[2019-12-09T03:39:02.440+0000][1][safepoint    ] Leaving safepoint region
[2019-12-09T03:39:02.440+0000][1][safepoint    ] Total time for which application threads were stopped: 0.0002294 seconds, Stopping threads took: 0.0000137 seconds
[2019-12-09T03:39:02.704+0000][1][safepoint    ] Application time: 0.2633967 seconds
[2019-12-09T03:39:02.704+0000][1][safepoint    ] Entering safepoint region: CollectForMetadataAllocation
[2019-12-09T03:39:02.704+0000][1][safepoint    ] Leaving safepoint region
[2019-12-09T03:39:02.704+0000][1][safepoint    ] Total time for which application threads were stopped: 0.0001523 seconds, Stopping threads took: 0.0000142 seconds
[2019-12-09T03:39:03.160+0000][1][safepoint    ] Application time: 0.4556163 seconds
[2019-12-09T03:39:03.160+0000][1][safepoint    ] Entering safepoint region: CollectForMetadataAllocation
[2019-12-09T03:39:03.160+0000][1][safepoint    ] Leaving safepoint region
[2019-12-09T03:39:03.160+0000][1][safepoint    ] Total time for which application threads were stopped: 0.0002478 seconds, Stopping threads took: 0.0000146 seconds
[2019-12-09T03:39:03.347+0000][1][safepoint    ] Application time: 0.1867204 seconds
[2019-12-09T03:39:03.347+0000][1][safepoint    ] Entering safepoint region: CollectForMetadataAllocation
[2019-12-09T03:39:03.347+0000][1][safepoint    ] Leaving safepoint region
[2019-12-09T03:39:03.347+0000][1][safepoint    ] Total time for which application threads were stopped: 0.0002353 seconds, Stopping threads took: 0.0000154 seconds
[2019-12-09T03:39:03.647+0000][1][safepoint    ] Application time: 0.2997985 seconds
[2019-12-09T03:39:03.647+0000][1][safepoint    ] Entering safepoint region: CollectForMetadataAllocation
[2019-12-09T03:39:03.647+0000][1][safepoint    ] Leaving safepoint region
[2019-12-09T03:39:03.647+0000][1][safepoint    ] Total time for which application threads were stopped: 0.0002428 seconds, Stopping threads took: 0.0000141 seconds
[2019-12-09T03:39:03.899+0000][1][safepoint    ] Application time: 0.2516684 seconds
[2019-12-09T03:39:03.899+0000][1][safepoint    ] Entering safepoint region: CollectForMetadataAllocation
[2019-12-09T03:39:03.899+0000][1][safepoint    ] Leaving safepoint region
[2019-12-09T03:39:03.899+0000][1][safepoint    ] Total time for which application threads were stopped: 0.0002362 seconds, Stopping threads took: 0.0000150 seconds
[2019-12-09T03:39:04.121+0000][1][safepoint    ] Application time: 0.2215031 seconds
[2019-12-09T03:39:04.121+0000][1][safepoint    ] Entering safepoint region: CollectForMetadataAllocation
[2019-12-09T03:39:04.121+0000][1][safepoint    ] Leaving safepoint region
[2019-12-09T03:39:04.121+0000][1][safepoint    ] Total time for which application threads were stopped: 0.0002655 seconds, Stopping threads took: 0.0000149 seconds
[2019-12-09T03:39:04.381+0000][1][safepoint    ] Application time: 0.2601021 seconds
[2019-12-09T03:39:04.381+0000][1][safepoint    ] Entering safepoint region: CollectForMetadataAllocation
[2019-12-09T03:39:04.381+0000][1][safepoint    ] Leaving safepoint region
[2019-12-09T03:39:04.381+0000][1][safepoint    ] Total time for which application threads were stopped: 0.0002386 seconds, Stopping threads took: 0.0000141 seconds
[2019-12-09T03:39:04.633+0000][1][safepoint    ] Application time: 0.2514391 seconds
[2019-12-09T03:39:04.633+0000][1][safepoint    ] Entering safepoint region: CollectForMetadataAllocation
[2019-12-09T03:39:04.633+0000][1][safepoint    ] Leaving safepoint region
[2019-12-09T03:39:04.633+0000][1][safepoint    ] Total time for which application threads were stopped: 0.0001477 seconds, Stopping threads took: 0.0000140 seconds
[2019-12-09T03:39:04.840+0000][1][safepoint    ] Application time: 0.2068805 seconds
[2019-12-09T03:39:04.840+0000][1][safepoint    ] Entering safepoint region: CollectForMetadataAllocation
[2019-12-09T03:39:04.840+0000][1][safepoint    ] Leaving safepoint region
[2019-12-09T03:39:04.840+0000][1][safepoint    ] Total time for which application threads were stopped: 0.0002257 seconds, Stopping threads took: 0.0000146 seconds
[2019-12-09T03:39:05.217+0000][1][safepoint    ] Application time: 0.3772409 seconds
[2019-12-09T03:39:05.217+0000][1][safepoint    ] Entering safepoint region: CollectForMetadataAllocation
[2019-12-09T03:39:05.218+0000][1][safepoint    ] Leaving safepoint region
[2019-12-09T03:39:05.218+0000][1][safepoint    ] Total time for which application threads were stopped: 0.0002585 seconds, Stopping threads took: 0.0000136 seconds
[2019-12-09T03:39:05.600+0000][1][safepoint    ] Application time: 0.3821315 seconds
[2019-12-09T03:39:05.600+0000][1][safepoint    ] Entering safepoint region: CollectForMetadataAllocation
[2019-12-09T03:39:05.600+0000][1][safepoint    ] Leaving safepoint region
[2019-12-09T03:39:05.600+0000][1][safepoint    ] Total time for which application threads were stopped: 0.0002293 seconds, Stopping threads took: 0.0000140 seconds
[2019-12-09T03:39:05.927+0000][1][safepoint    ] Application time: 0.3274102 seconds
[2019-12-09T03:39:05.927+0000][1][safepoint    ] Entering safepoint region: CollectForMetadataAllocation
[2019-12-09T03:39:05.928+0000][1][safepoint    ] Leaving safepoint region
[2019-12-09T03:39:05.928+0000][1][safepoint    ] Total time for which application threads were stopped: 0.0003009 seconds, Stopping threads took: 0.0000149 seconds
[2019-12-09T03:39:06.215+0000][1][safepoint    ] Application time: 0.2869565 seconds
[2019-12-09T03:39:06.215+0000][1][safepoint    ] Entering safepoint region: CollectForMetadataAllocation
[2019-12-09T03:39:06.215+0000][1][safepoint    ] Leaving safepoint region
[2019-12-09T03:39:06.215+0000][1][safepoint    ] Total time for which application threads were stopped: 0.0002290 seconds, Stopping threads took: 0.0000150 seconds
[2019-12-09T03:39:06.265+0000][1][gc           ] GC(17) Concurrent Abortable Preclean 5305.638ms
[2019-12-09T03:39:06.265+0000][1][gc,cpu       ] GC(17) User=1.46s Sys=0.03s Real=5.30s
[2019-12-09T03:39:06.296+0000][1][safepoint    ] Application time: 0.0807239 seconds
[2019-12-09T03:39:06.358+0000][1][safepoint    ] Entering safepoint region: CMS_Final_Remark
[2019-12-09T03:39:06.358+0000][1][gc,start     ] GC(17) Pause Remark
[2019-12-09T03:39:06.458+0000][1][gc           ] GC(17) Pause Remark 85M->85M(247M) 100.475ms
[2019-12-09T03:39:06.459+0000][1][gc,cpu       ] GC(17) User=0.03s Sys=0.00s Real=0.10s
[2019-12-09T03:39:06.459+0000][1][safepoint    ] Leaving safepoint region
[2019-12-09T03:39:06.459+0000][1][safepoint    ] Total time for which application threads were stopped: 0.1627925 seconds, Stopping threads took: 0.0621734 seconds
[2019-12-09T03:39:06.459+0000][1][gc           ] GC(17) Concurrent Sweep
[2019-12-09T03:39:06.649+0000][1][safepoint    ] Application time: 0.1901511 seconds
[2019-12-09T03:39:06.649+0000][1][safepoint    ] Entering safepoint region: CollectForMetadataAllocation
[2019-12-09T03:39:06.650+0000][1][safepoint    ] Leaving safepoint region
[2019-12-09T03:39:06.650+0000][1][safepoint    ] Total time for which application threads were stopped: 0.0008855 seconds, Stopping threads took: 0.0000253 seconds
[2019-12-09T03:39:06.659+0000][1][safepoint    ] Application time: 0.0090478 seconds
[2019-12-09T03:39:06.659+0000][1][safepoint    ] Entering safepoint region: CollectForMetadataAllocation
[2019-12-09T03:39:06.659+0000][1][safepoint    ] Leaving safepoint region
[2019-12-09T03:39:06.659+0000][1][safepoint    ] Total time for which application threads were stopped: 0.0002075 seconds, Stopping threads took: 0.0000124 seconds
[2019-12-09T03:39:06.824+0000][1][safepoint    ] Application time: 0.1647789 seconds
[2019-12-09T03:39:06.824+0000][1][safepoint    ] Entering safepoint region: RevokeBias
[2019-12-09T03:39:06.824+0000][1][safepoint    ] Leaving safepoint region
[2019-12-09T03:39:06.824+0000][1][safepoint    ] Total time for which application threads were stopped: 0.0002927 seconds, Stopping threads took: 0.0002025 seconds
[2019-12-09T03:39:06.824+0000][1][safepoint    ] Application time: 0.0001651 seconds
[2019-12-09T03:39:06.824+0000][1][safepoint    ] Entering safepoint region: RevokeBias
[2019-12-09T03:39:06.824+0000][1][safepoint    ] Leaving safepoint region
[2019-12-09T03:39:06.824+0000][1][safepoint    ] Total time for which application threads were stopped: 0.0000668 seconds, Stopping threads took: 0.0000106 seconds
[2019-12-09T03:39:06.830+0000][1][gc           ] GC(17) Concurrent Sweep 371.815ms
[2019-12-09T03:39:06.830+0000][1][gc,cpu       ] GC(17) User=0.10s Sys=0.00s Real=0.37s
[2019-12-09T03:39:06.831+0000][1][gc           ] GC(17) Concurrent Reset
[2019-12-09T03:39:06.831+0000][1][gc           ] GC(17) Concurrent Reset 0.346ms
[2019-12-09T03:39:06.831+0000][1][gc,cpu       ] GC(17) User=0.00s Sys=0.00s Real=0.00s
[2019-12-09T03:39:06.831+0000][1][gc,heap      ] GC(17) Old: 54545K->54354K(174784K)
[2019-12-09T03:39:07.831+0000][1][safepoint    ] Application time: 1.0063863 seconds
[2019-12-09T03:39:07.912+0000][1][safepoint    ] Entering safepoint region: Cleanup
[2019-12-09T03:39:07.912+0000][1][safepoint    ] Leaving safepoint region
[2019-12-09T03:39:07.912+0000][1][safepoint    ] Total time for which application threads were stopped: 0.0810778 seconds, Stopping threads took: 0.0810187 seconds
[2019-12-09T03:39:09.917+0000][1][safepoint    ] Application time: 2.0048654 seconds
[2019-12-09T03:39:09.996+0000][1][safepoint    ] Entering safepoint region: Cleanup
[2019-12-09T03:39:09.996+0000][1][safepoint    ] Leaving safepoint region
[2019-12-09T03:39:09.996+0000][1][safepoint    ] Total time for which application threads were stopped: 0.0790979 seconds, Stopping threads took: 0.0790429 seconds
[2019-12-09T03:39:10.867+0000][1][safepoint    ] Application time: 0.8708598 seconds
[2019-12-09T03:39:10.867+0000][1][safepoint    ] Entering safepoint region: RevokeBias
[2019-12-09T03:39:10.867+0000][1][safepoint    ] Leaving safepoint region
[2019-12-09T03:39:10.867+0000][1][safepoint    ] Total time for which application threads were stopped: 0.0001327 seconds, Stopping threads took: 0.0000451 seconds
[2019-12-09T03:39:11.794+0000][1][safepoint    ] Application time: 0.9269325 seconds
[2019-12-09T03:39:11.863+0000][1][safepoint    ] Entering safepoint region: RevokeBias
[2019-12-09T03:39:11.863+0000][1][safepoint    ] Leaving safepoint region
[2019-12-09T03:39:11.863+0000][1][safepoint    ] Total time for which application threads were stopped: 0.0690858 seconds, Stopping threads took: 0.0689480 seconds
[2019-12-09T03:39:11.866+0000][1][safepoint    ] Application time: 0.0028939 seconds
[2019-12-09T03:39:11.866+0000][1][safepoint    ] Entering safepoint region: RevokeBias
[2019-12-09T03:39:11.866+0000][1][safepoint    ] Leaving safepoint region
[2019-12-09T03:39:11.866+0000][1][safepoint    ] Total time for which application threads were stopped: 0.0003460 seconds, Stopping threads took: 0.0002491 seconds
[2019-12-09T03:39:11.866+0000][1][safepoint    ] Application time: 0.0001484 seconds
[2019-12-09T03:39:11.866+0000][1][safepoint    ] Entering safepoint region: RevokeBias
[2019-12-09T03:39:11.866+0000][1][safepoint    ] Leaving safepoint region
[2019-12-09T03:39:11.866+0000][1][safepoint    ] Total time for which application threads were stopped: 0.0000842 seconds, Stopping threads took: 0.0000171 seconds
[2019-12-09T03:39:11.867+0000][1][safepoint    ] Application time: 0.0001071 seconds
[2019-12-09T03:39:11.867+0000][1][safepoint    ] Entering safepoint region: RevokeBias
[2019-12-09T03:39:11.867+0000][1][safepoint    ] Leaving safepoint region
[2019-12-09T03:39:11.867+0000][1][safepoint    ] Total time for which application threads were stopped: 0.0000617 seconds, Stopping threads took: 0.0000085 seconds
[2019-12-09T03:39:11.867+0000][1][safepoint    ] Application time: 0.0001787 seconds
[2019-12-09T03:39:11.867+0000][1][safepoint    ] Entering safepoint region: RevokeBias
[2019-12-09T03:39:11.867+0000][1][safepoint    ] Leaving safepoint region
[2019-12-09T03:39:11.867+0000][1][safepoint    ] Total time for which application threads were stopped: 0.0000667 seconds, Stopping threads took: 0.0000094 seconds
[2019-12-09T03:39:11.867+0000][1][safepoint    ] Application time: 0.0001641 seconds
[2019-12-09T03:39:11.867+0000][1][safepoint    ] Entering safepoint region: RevokeBias
[2019-12-09T03:39:11.867+0000][1][safepoint    ] Leaving safepoint region
[2019-12-09T03:39:11.867+0000][1][safepoint    ] Total time for which application threads were stopped: 0.0000608 seconds, Stopping threads took: 0.0000079 seconds
[2019-12-09T03:39:11.867+0000][1][safepoint    ] Application time: 0.0000776 seconds
[2019-12-09T03:39:11.867+0000][1][safepoint    ] Entering safepoint region: RevokeBias
[2019-12-09T03:39:11.867+0000][1][safepoint    ] Leaving safepoint region
[2019-12-09T03:39:11.867+0000][1][safepoint    ] Total time for which application threads were stopped: 0.0000620 seconds, Stopping threads took: 0.0000090 seconds
[2019-12-09T03:39:11.867+0000][1][safepoint    ] Application time: 0.0000564 seconds
[2019-12-09T03:39:11.867+0000][1][safepoint    ] Entering safepoint region: RevokeBias
[2019-12-09T03:39:11.867+0000][1][safepoint    ] Leaving safepoint region
[2019-12-09T03:39:11.867+0000][1][safepoint    ] Total time for which application threads were stopped: 0.0000542 seconds, Stopping threads took: 0.0000084 seconds
[2019-12-09T03:39:11.868+0000][1][safepoint    ] Application time: 0.0000895 seconds
[2019-12-09T03:39:11.868+0000][1][safepoint    ] Entering safepoint region: RevokeBias
[2019-12-09T03:39:11.868+0000][1][safepoint    ] Leaving safepoint region
[2019-12-09T03:39:11.868+0000][1][safepoint    ] Total time for which application threads were stopped: 0.0000605 seconds, Stopping threads took: 0.0000088 seconds
[2019-12-09T03:39:11.868+0000][1][safepoint    ] Application time: 0.0000807 seconds
[2019-12-09T03:39:11.868+0000][1][safepoint    ] Entering safepoint region: RevokeBias
[2019-12-09T03:39:11.868+0000][1][safepoint    ] Leaving safepoint region
[2019-12-09T03:39:11.868+0000][1][safepoint    ] Total time for which application threads were stopped: 0.0000633 seconds, Stopping threads took: 0.0000083 seconds
[2019-12-09T03:39:11.869+0000][1][safepoint    ] Application time: 0.0007588 seconds
[2019-12-09T03:39:11.869+0000][1][safepoint    ] Entering safepoint region: RevokeBias
[2019-12-09T03:39:11.869+0000][1][safepoint    ] Leaving safepoint region
[2019-12-09T03:39:11.869+0000][1][safepoint    ] Total time for which application threads were stopped: 0.0000745 seconds, Stopping threads took: 0.0000109 seconds
[2019-12-09T03:39:11.869+0000][1][safepoint    ] Application time: 0.0000939 seconds
[2019-12-09T03:39:11.869+0000][1][safepoint    ] Entering safepoint region: RevokeBias
[2019-12-09T03:39:11.869+0000][1][safepoint    ] Leaving safepoint region
[2019-12-09T03:39:11.869+0000][1][safepoint    ] Total time for which application threads were stopped: 0.0000676 seconds, Stopping threads took: 0.0000087 seconds
[2019-12-09T03:39:11.869+0000][1][safepoint    ] Application time: 0.0002517 seconds
[2019-12-09T03:39:11.869+0000][1][safepoint    ] Entering safepoint region: RevokeBias
[2019-12-09T03:39:11.869+0000][1][safepoint    ] Leaving safepoint region
[2019-12-09T03:39:11.869+0000][1][safepoint    ] Total time for which application threads were stopped: 0.0000791 seconds, Stopping threads took: 0.0000150 seconds
[2019-12-09T03:39:11.870+0000][1][safepoint    ] Application time: 0.0003748 seconds
[2019-12-09T03:39:11.870+0000][1][safepoint    ] Entering safepoint region: RevokeBias
[2019-12-09T03:39:11.870+0000][1][safepoint    ] Leaving safepoint region
[2019-12-09T03:39:11.870+0000][1][safepoint    ] Total time for which application threads were stopped: 0.0000883 seconds, Stopping threads took: 0.0000101 seconds
[2019-12-09T03:39:12.888+0000][1][safepoint    ] Application time: 1.0179911 seconds
[2019-12-09T03:39:12.958+0000][1][safepoint    ] Entering safepoint region: Cleanup
[2019-12-09T03:39:12.958+0000][1][safepoint    ] Leaving safepoint region
[2019-12-09T03:39:12.959+0000][1][safepoint    ] Total time for which application threads were stopped: 0.0707497 seconds, Stopping threads took: 0.0706611 seconds
[2019-12-09T03:39:13.883+0000][1][safepoint    ] Application time: 0.9242294 seconds
[2019-12-09T03:39:13.883+0000][1][safepoint    ] Entering safepoint region: GenCollectForAllocation
[2019-12-09T03:39:13.883+0000][1][gc,start     ] GC(19) Pause Young (Allocation Failure)
[2019-12-09T03:39:13.883+0000][1][gc,task      ] GC(19) Using 2 workers of 2 for evacuation
[2019-12-09T03:39:14.004+0000][1][gc,age       ] GC(19) Desired survivor size 4456448 bytes, new threshold 2 (max threshold 6)
[2019-12-09T03:39:14.004+0000][1][gc,age       ] GC(19) Age table with threshold 2 (max threshold 6)
[2019-12-09T03:39:14.004+0000][1][gc,age       ] GC(19) - age   1:    2604824 bytes,    2604824 total
[2019-12-09T03:39:14.004+0000][1][gc,age       ] GC(19) - age   2:    1926240 bytes,    4531064 total
[2019-12-09T03:39:14.004+0000][1][gc,age       ] GC(19) - age   3:    1197720 bytes,    5728784 total
[2019-12-09T03:39:14.004+0000][1][gc,heap      ] GC(19) ParNew: 73488K->5795K(78656K)
[2019-12-09T03:39:14.004+0000][1][gc,heap      ] GC(19) CMS: 54354K->54354K(174784K)
[2019-12-09T03:39:14.004+0000][1][gc,metaspace ] GC(19) Metaspace: 42987K->42987K(1089536K)
[2019-12-09T03:39:14.004+0000][1][gc           ] GC(19) Pause Young (Allocation Failure) 124M->58M(247M) 121.491ms
[2019-12-09T03:39:14.004+0000][1][gc,cpu       ] GC(19) User=0.04s Sys=0.00s Real=0.12s
[2019-12-09T03:39:14.004+0000][1][safepoint    ] Leaving safepoint region
[2019-12-09T03:39:14.004+0000][1][safepoint    ] Total time for which application threads were stopped: 0.1216285 seconds, Stopping threads took: 0.0000137 seconds
[2019-12-09T03:39:15.031+0000][1][safepoint    ] Application time: 1.0263025 seconds
[2019-12-09T03:39:15.059+0000][1][safepoint    ] Entering safepoint region: Cleanup
[2019-12-09T03:39:15.059+0000][1][safepoint    ] Leaving safepoint region
[2019-12-09T03:39:15.059+0000][1][safepoint    ] Total time for which application threads were stopped: 0.0281167 seconds, Stopping threads took: 0.0280333 seconds
[2019-12-09T03:39:15.164+0000][1][safepoint    ] Application time: 0.1048338 seconds
[2019-12-09T03:39:15.164+0000][1][safepoint    ] Entering safepoint region: RevokeBias
[2019-12-09T03:39:15.164+0000][1][safepoint    ] Leaving safepoint region
[2019-12-09T03:39:15.164+0000][1][safepoint    ] Total time for which application threads were stopped: 0.0001037 seconds, Stopping threads took: 0.0000148 seconds
[2019-12-09T03:39:15.204+0000][1][safepoint    ] Application time: 0.0398520 seconds
[2019-12-09T03:39:15.204+0000][1][safepoint    ] Entering safepoint region: RevokeBias
[2019-12-09T03:39:15.204+0000][1][safepoint    ] Leaving safepoint region
[2019-12-09T03:39:15.204+0000][1][safepoint    ] Total time for which application threads were stopped: 0.0001177 seconds, Stopping threads took: 0.0000161 seconds
[2019-12-09T03:39:16.206+0000][1][safepoint    ] Application time: 1.0018254 seconds
[2019-12-09T03:39:16.206+0000][1][safepoint    ] Entering safepoint region: Cleanup
[2019-12-09T03:39:16.206+0000][1][safepoint    ] Leaving safepoint region
[2019-12-09T03:39:16.206+0000][1][safepoint    ] Total time for which application threads were stopped: 0.0002115 seconds, Stopping threads took: 0.0001475 seconds
[2019-12-09T03:39:17.227+0000][1][safepoint    ] Application time: 1.0207401 seconds
[2019-12-09T03:39:17.227+0000][1][safepoint    ] Entering safepoint region: Cleanup
[2019-12-09T03:39:17.227+0000][1][safepoint    ] Leaving safepoint region
[2019-12-09T03:39:17.227+0000][1][safepoint    ] Total time for which application threads were stopped: 0.0004658 seconds, Stopping threads took: 0.0000141 seconds
[2019-12-09T03:39:17.276+0000][1][safepoint    ] Application time: 0.0491131 seconds
[2019-12-09T03:39:17.337+0000][1][safepoint    ] Entering safepoint region: RevokeBias
[2019-12-09T03:39:17.337+0000][1][safepoint    ] Leaving safepoint region
[2019-12-09T03:39:17.337+0000][1][safepoint    ] Total time for which application threads were stopped: 0.0605172 seconds, Stopping threads took: 0.0604020 seconds
[2019-12-09T03:39:17.337+0000][1][safepoint    ] Application time: 0.0001147 seconds
[2019-12-09T03:39:17.337+0000][1][safepoint    ] Entering safepoint region: RevokeBias
[2019-12-09T03:39:17.337+0000][1][safepoint    ] Leaving safepoint region
[2019-12-09T03:39:17.337+0000][1][safepoint    ] Total time for which application threads were stopped: 0.0000778 seconds, Stopping threads took: 0.0000092 seconds
[2019-12-09T03:39:17.337+0000][1][safepoint    ] Application time: 0.0000594 seconds
[2019-12-09T03:39:17.337+0000][1][safepoint    ] Entering safepoint region: RevokeBias
[2019-12-09T03:39:17.337+0000][1][safepoint    ] Leaving safepoint region
[2019-12-09T03:39:17.337+0000][1][safepoint    ] Total time for which application threads were stopped: 0.0000589 seconds, Stopping threads took: 0.0000068 seconds
[2019-12-09T03:39:17.337+0000][1][safepoint    ] Application time: 0.0001271 seconds
[2019-12-09T03:39:17.337+0000][1][safepoint    ] Entering safepoint region: RevokeBias
[2019-12-09T03:39:17.337+0000][1][safepoint    ] Leaving safepoint region
[2019-12-09T03:39:17.337+0000][1][safepoint    ] Total time for which application threads were stopped: 0.0000688 seconds, Stopping threads took: 0.0000080 seconds
[2019-12-09T03:39:17.338+0000][1][safepoint    ] Application time: 0.0005869 seconds
[2019-12-09T03:39:17.338+0000][1][safepoint    ] Entering safepoint region: RevokeBias
[2019-12-09T03:39:17.338+0000][1][safepoint    ] Leaving safepoint region
[2019-12-09T03:39:17.338+0000][1][safepoint    ] Total time for which application threads were stopped: 0.0000859 seconds, Stopping threads took: 0.0000118 seconds
[2019-12-09T03:39:17.338+0000][1][safepoint    ] Application time: 0.0000928 seconds
[2019-12-09T03:39:17.338+0000][1][safepoint    ] Entering safepoint region: RevokeBias
[2019-12-09T03:39:17.338+0000][1][safepoint    ] Leaving safepoint region
[2019-12-09T03:39:17.338+0000][1][safepoint    ] Total time for which application threads were stopped: 0.0000609 seconds, Stopping threads took: 0.0000083 seconds
[2019-12-09T03:39:17.339+0000][1][safepoint    ] Application time: 0.0001887 seconds
[2019-12-09T03:39:17.339+0000][1][safepoint    ] Entering safepoint region: RevokeBias
[2019-12-09T03:39:17.339+0000][1][safepoint    ] Leaving safepoint region
[2019-12-09T03:39:17.339+0000][1][safepoint    ] Total time for which application threads were stopped: 0.0000814 seconds, Stopping threads took: 0.0000101 seconds
[2019-12-09T03:39:17.339+0000][1][safepoint    ] Application time: 0.0000582 seconds
[2019-12-09T03:39:17.339+0000][1][safepoint    ] Entering safepoint region: RevokeBias
[2019-12-09T03:39:17.339+0000][1][safepoint    ] Leaving safepoint region
[2019-12-09T03:39:17.339+0000][1][safepoint    ] Total time for which application threads were stopped: 0.0000733 seconds, Stopping threads took: 0.0000096 seconds
[2019-12-09T03:39:17.339+0000][1][safepoint    ] Application time: 0.0000584 seconds
[2019-12-09T03:39:17.339+0000][1][safepoint    ] Entering safepoint region: RevokeBias
[2019-12-09T03:39:17.339+0000][1][safepoint    ] Leaving safepoint region
[2019-12-09T03:39:17.339+0000][1][safepoint    ] Total time for which application threads were stopped: 0.0000710 seconds, Stopping threads took: 0.0000085 seconds
[2019-12-09T03:39:17.339+0000][1][safepoint    ] Application time: 0.0000560 seconds
[2019-12-09T03:39:17.339+0000][1][safepoint    ] Entering safepoint region: RevokeBias
[2019-12-09T03:39:17.339+0000][1][safepoint    ] Leaving safepoint region
[2019-12-09T03:39:17.339+0000][1][safepoint    ] Total time for which application threads were stopped: 0.0000639 seconds, Stopping threads took: 0.0000087 seconds
[2019-12-09T03:39:17.339+0000][1][safepoint    ] Application time: 0.0000529 seconds
[2019-12-09T03:39:17.339+0000][1][safepoint    ] Entering safepoint region: RevokeBias
[2019-12-09T03:39:17.339+0000][1][safepoint    ] Leaving safepoint region
[2019-12-09T03:39:17.339+0000][1][safepoint    ] Total time for which application threads were stopped: 0.0000627 seconds, Stopping threads took: 0.0000082 seconds
[2019-12-09T03:39:17.339+0000][1][safepoint    ] Application time: 0.0000505 seconds
[2019-12-09T03:39:17.339+0000][1][safepoint    ] Entering safepoint region: RevokeBias
[2019-12-09T03:39:17.339+0000][1][safepoint    ] Leaving safepoint region
[2019-12-09T03:39:17.339+0000][1][safepoint    ] Total time for which application threads were stopped: 0.0000600 seconds, Stopping threads took: 0.0000082 seconds
[2019-12-09T03:39:17.339+0000][1][safepoint    ] Application time: 0.0000519 seconds
[2019-12-09T03:39:17.339+0000][1][safepoint    ] Entering safepoint region: RevokeBias
[2019-12-09T03:39:17.339+0000][1][safepoint    ] Leaving safepoint region
[2019-12-09T03:39:17.339+0000][1][safepoint    ] Total time for which application threads were stopped: 0.0000722 seconds, Stopping threads took: 0.0000081 seconds
[2019-12-09T03:39:17.340+0000][1][safepoint    ] Application time: 0.0000560 seconds
[2019-12-09T03:39:17.340+0000][1][safepoint    ] Entering safepoint region: RevokeBias
[2019-12-09T03:39:17.340+0000][1][safepoint    ] Leaving safepoint region
[2019-12-09T03:39:17.340+0000][1][safepoint    ] Total time for which application threads were stopped: 0.0000630 seconds, Stopping threads took: 0.0000085 seconds
[2019-12-09T03:39:17.340+0000][1][safepoint    ] Application time: 0.0000518 seconds
[2019-12-09T03:39:17.340+0000][1][safepoint    ] Entering safepoint region: RevokeBias
[2019-12-09T03:39:17.340+0000][1][safepoint    ] Leaving safepoint region
[2019-12-09T03:39:17.340+0000][1][safepoint    ] Total time for which application threads were stopped: 0.0000780 seconds, Stopping threads took: 0.0000071 seconds
[2019-12-09T03:39:17.340+0000][1][safepoint    ] Application time: 0.0000536 seconds
[2019-12-09T03:39:17.340+0000][1][safepoint    ] Entering safepoint region: RevokeBias
[2019-12-09T03:39:17.340+0000][1][safepoint    ] Leaving safepoint region
[2019-12-09T03:39:17.340+0000][1][safepoint    ] Total time for which application threads were stopped: 0.0000591 seconds, Stopping threads took: 0.0000076 seconds
[2019-12-09T03:39:17.340+0000][1][safepoint    ] Application time: 0.0000549 seconds
[2019-12-09T03:39:17.340+0000][1][safepoint    ] Entering safepoint region: RevokeBias
[2019-12-09T03:39:17.340+0000][1][safepoint    ] Leaving safepoint region
[2019-12-09T03:39:17.340+0000][1][safepoint    ] Total time for which application threads were stopped: 0.0000641 seconds, Stopping threads took: 0.0000082 seconds
[2019-12-09T03:39:17.340+0000][1][safepoint    ] Application time: 0.0000545 seconds
[2019-12-09T03:39:17.340+0000][1][safepoint    ] Entering safepoint region: RevokeBias
[2019-12-09T03:39:17.340+0000][1][safepoint    ] Leaving safepoint region
[2019-12-09T03:39:17.340+0000][1][safepoint    ] Total time for which application threads were stopped: 0.0000633 seconds, Stopping threads took: 0.0000082 seconds
[2019-12-09T03:39:17.340+0000][1][safepoint    ] Application time: 0.0000545 seconds
[2019-12-09T03:39:17.340+0000][1][safepoint    ] Entering safepoint region: RevokeBias
[2019-12-09T03:39:17.340+0000][1][safepoint    ] Leaving safepoint region
[2019-12-09T03:39:17.340+0000][1][safepoint    ] Total time for which application threads were stopped: 0.0000689 seconds, Stopping threads took: 0.0000125 seconds
[2019-12-09T03:39:17.340+0000][1][safepoint    ] Application time: 0.0000563 seconds
[2019-12-09T03:39:17.340+0000][1][safepoint    ] Entering safepoint region: RevokeBias
[2019-12-09T03:39:17.340+0000][1][safepoint    ] Leaving safepoint region
[2019-12-09T03:39:17.340+0000][1][safepoint    ] Total time for which application threads were stopped: 0.0000629 seconds, Stopping threads took: 0.0000083 seconds
[2019-12-09T03:39:17.340+0000][1][safepoint    ] Application time: 0.0000546 seconds
[2019-12-09T03:39:17.340+0000][1][safepoint    ] Entering safepoint region: RevokeBias
[2019-12-09T03:39:17.341+0000][1][safepoint    ] Leaving safepoint region
[2019-12-09T03:39:17.341+0000][1][safepoint    ] Total time for which application threads were stopped: 0.0000623 seconds, Stopping threads took: 0.0000077 seconds
[2019-12-09T03:39:17.341+0000][1][safepoint    ] Application time: 0.0000536 seconds
[2019-12-09T03:39:17.341+0000][1][safepoint    ] Entering safepoint region: RevokeBias
[2019-12-09T03:39:17.341+0000][1][safepoint    ] Leaving safepoint region
[2019-12-09T03:39:17.341+0000][1][safepoint    ] Total time for which application threads were stopped: 0.0000604 seconds, Stopping threads took: 0.0000080 seconds
[2019-12-09T03:39:17.341+0000][1][safepoint    ] Application time: 0.0000556 seconds
[2019-12-09T03:39:17.341+0000][1][safepoint    ] Entering safepoint region: RevokeBias
[2019-12-09T03:39:17.341+0000][1][safepoint    ] Leaving safepoint region
[2019-12-09T03:39:17.341+0000][1][safepoint    ] Total time for which application threads were stopped: 0.0000686 seconds, Stopping threads took: 0.0000086 seconds
[2019-12-09T03:39:17.341+0000][1][safepoint    ] Application time: 0.0000545 seconds
[2019-12-09T03:39:17.341+0000][1][safepoint    ] Entering safepoint region: BulkRevokeBias
[2019-12-09T03:39:17.341+0000][1][safepoint    ] Leaving safepoint region
[2019-12-09T03:39:17.341+0000][1][safepoint    ] Total time for which application threads were stopped: 0.0001231 seconds, Stopping threads took: 0.0000073 seconds
[2019-12-09T03:39:17.341+0000][1][safepoint    ] Application time: 0.0001895 seconds
[2019-12-09T03:39:17.341+0000][1][safepoint    ] Entering safepoint region: RevokeBias
[2019-12-09T03:39:17.341+0000][1][safepoint    ] Leaving safepoint region
[2019-12-09T03:39:17.341+0000][1][safepoint    ] Total time for which application threads were stopped: 0.0000818 seconds, Stopping threads took: 0.0000096 seconds
[2019-12-09T03:39:17.341+0000][1][safepoint    ] Application time: 0.0000914 seconds
[2019-12-09T03:39:17.341+0000][1][safepoint    ] Entering safepoint region: RevokeBias
[2019-12-09T03:39:17.341+0000][1][safepoint    ] Leaving safepoint region
[2019-12-09T03:39:17.341+0000][1][safepoint    ] Total time for which application threads were stopped: 0.0000708 seconds, Stopping threads took: 0.0000084 seconds
[2019-12-09T03:39:17.342+0000][1][safepoint    ] Application time: 0.0001410 seconds
[2019-12-09T03:39:17.342+0000][1][safepoint    ] Entering safepoint region: RevokeBias
[2019-12-09T03:39:17.342+0000][1][safepoint    ] Leaving safepoint region
[2019-12-09T03:39:17.342+0000][1][safepoint    ] Total time for which application threads were stopped: 0.0000950 seconds, Stopping threads took: 0.0000094 seconds
[2019-12-09T03:39:17.342+0000][1][safepoint    ] Application time: 0.0000760 seconds
[2019-12-09T03:39:17.342+0000][1][safepoint    ] Entering safepoint region: RevokeBias
[2019-12-09T03:39:17.342+0000][1][safepoint    ] Leaving safepoint region
[2019-12-09T03:39:17.342+0000][1][safepoint    ] Total time for which application threads were stopped: 0.0000668 seconds, Stopping threads took: 0.0000092 seconds
[2019-12-09T03:39:17.342+0000][1][safepoint    ] Application time: 0.0000922 seconds
[2019-12-09T03:39:17.342+0000][1][safepoint    ] Entering safepoint region: RevokeBias
[2019-12-09T03:39:17.342+0000][1][safepoint    ] Leaving safepoint region
[2019-12-09T03:39:17.342+0000][1][safepoint    ] Total time for which application threads were stopped: 0.0000786 seconds, Stopping threads took: 0.0000128 seconds
[2019-12-09T03:39:17.342+0000][1][safepoint    ] Application time: 0.0000647 seconds
[2019-12-09T03:39:17.342+0000][1][safepoint    ] Entering safepoint region: RevokeBias
[2019-12-09T03:39:17.342+0000][1][safepoint    ] Leaving safepoint region
[2019-12-09T03:39:17.342+0000][1][safepoint    ] Total time for which application threads were stopped: 0.0000672 seconds, Stopping threads took: 0.0000081 seconds
[2019-12-09T03:39:17.342+0000][1][safepoint    ] Application time: 0.0001817 seconds
[2019-12-09T03:39:17.342+0000][1][safepoint    ] Entering safepoint region: RevokeBias
[2019-12-09T03:39:17.343+0000][1][safepoint    ] Leaving safepoint region
[2019-12-09T03:39:17.343+0000][1][safepoint    ] Total time for which application threads were stopped: 0.0000782 seconds, Stopping threads took: 0.0000101 seconds
[2019-12-09T03:39:17.343+0000][1][safepoint    ] Application time: 0.0000607 seconds
[2019-12-09T03:39:17.343+0000][1][safepoint    ] Entering safepoint region: RevokeBias
[2019-12-09T03:39:17.343+0000][1][safepoint    ] Leaving safepoint region
[2019-12-09T03:39:17.343+0000][1][safepoint    ] Total time for which application threads were stopped: 0.0000868 seconds, Stopping threads took: 0.0000087 seconds
[2019-12-09T03:39:17.343+0000][1][safepoint    ] Application time: 0.0003133 seconds
[2019-12-09T03:39:17.343+0000][1][safepoint    ] Entering safepoint region: RevokeBias
[2019-12-09T03:39:17.343+0000][1][safepoint    ] Leaving safepoint region
[2019-12-09T03:39:17.343+0000][1][safepoint    ] Total time for which application threads were stopped: 0.0000872 seconds, Stopping threads took: 0.0000106 seconds
[2019-12-09T03:39:17.343+0000][1][safepoint    ] Application time: 0.0000917 seconds
[2019-12-09T03:39:17.343+0000][1][safepoint    ] Entering safepoint region: BulkRevokeBias
[2019-12-09T03:39:17.343+0000][1][safepoint    ] Leaving safepoint region
[2019-12-09T03:39:17.343+0000][1][safepoint    ] Total time for which application threads were stopped: 0.0001289 seconds, Stopping threads took: 0.0000087 seconds
[2019-12-09T03:39:17.344+0000][1][safepoint    ] Application time: 0.0001695 seconds
[2019-12-09T03:39:17.344+0000][1][safepoint    ] Entering safepoint region: RevokeBias
[2019-12-09T03:39:17.344+0000][1][safepoint    ] Leaving safepoint region
[2019-12-09T03:39:17.344+0000][1][safepoint    ] Total time for which application threads were stopped: 0.0000700 seconds, Stopping threads took: 0.0000085 seconds
[2019-12-09T03:39:17.344+0000][1][safepoint    ] Application time: 0.0001906 seconds
[2019-12-09T03:39:17.344+0000][1][safepoint    ] Entering safepoint region: RevokeBias
[2019-12-09T03:39:17.344+0000][1][safepoint    ] Leaving safepoint region
[2019-12-09T03:39:17.344+0000][1][safepoint    ] Total time for which application threads were stopped: 0.0000719 seconds, Stopping threads took: 0.0000087 seconds
[2019-12-09T03:39:17.344+0000][1][safepoint    ] Application time: 0.0000801 seconds
[2019-12-09T03:39:17.344+0000][1][safepoint    ] Entering safepoint region: RevokeBias
[2019-12-09T03:39:17.344+0000][1][safepoint    ] Leaving safepoint region
[2019-12-09T03:39:17.344+0000][1][safepoint    ] Total time for which application threads were stopped: 0.0000684 seconds, Stopping threads took: 0.0000089 seconds
[2019-12-09T03:39:17.344+0000][1][safepoint    ] Application time: 0.0000546 seconds
[2019-12-09T03:39:17.344+0000][1][safepoint    ] Entering safepoint region: RevokeBias
[2019-12-09T03:39:17.344+0000][1][safepoint    ] Leaving safepoint region
[2019-12-09T03:39:17.344+0000][1][safepoint    ] Total time for which application threads were stopped: 0.0000630 seconds, Stopping threads took: 0.0000080 seconds
[2019-12-09T03:39:17.344+0000][1][safepoint    ] Application time: 0.0000542 seconds
[2019-12-09T03:39:17.344+0000][1][safepoint    ] Entering safepoint region: RevokeBias
[2019-12-09T03:39:17.344+0000][1][safepoint    ] Leaving safepoint region
[2019-12-09T03:39:17.344+0000][1][safepoint    ] Total time for which application threads were stopped: 0.0000681 seconds, Stopping threads took: 0.0000131 seconds
[2019-12-09T03:39:17.345+0000][1][safepoint    ] Application time: 0.0003840 seconds
[2019-12-09T03:39:17.345+0000][1][safepoint    ] Entering safepoint region: RevokeBias
[2019-12-09T03:39:17.345+0000][1][safepoint    ] Leaving safepoint region
[2019-12-09T03:39:17.345+0000][1][safepoint    ] Total time for which application threads were stopped: 0.0000724 seconds, Stopping threads took: 0.0000103 seconds
[2019-12-09T03:39:17.346+0000][1][safepoint    ] Application time: 0.0015418 seconds
[2019-12-09T03:39:17.346+0000][1][safepoint    ] Entering safepoint region: RevokeBias
[2019-12-09T03:39:17.346+0000][1][safepoint    ] Leaving safepoint region
[2019-12-09T03:39:17.346+0000][1][safepoint    ] Total time for which application threads were stopped: 0.0000657 seconds, Stopping threads took: 0.0000093 seconds
[2019-12-09T03:39:17.347+0000][1][safepoint    ] Application time: 0.0001719 seconds
[2019-12-09T03:39:17.347+0000][1][safepoint    ] Entering safepoint region: RevokeBias
[2019-12-09T03:39:17.347+0000][1][safepoint    ] Leaving safepoint region
[2019-12-09T03:39:17.347+0000][1][safepoint    ] Total time for which application threads were stopped: 0.0000813 seconds, Stopping threads took: 0.0000255 seconds
[2019-12-09T03:39:17.347+0000][1][safepoint    ] Application time: 0.0003415 seconds
[2019-12-09T03:39:17.347+0000][1][safepoint    ] Entering safepoint region: RevokeBias
[2019-12-09T03:39:17.347+0000][1][safepoint    ] Leaving safepoint region
[2019-12-09T03:39:17.347+0000][1][safepoint    ] Total time for which application threads were stopped: 0.0000697 seconds, Stopping threads took: 0.0000094 seconds
[2019-12-09T03:39:17.348+0000][1][safepoint    ] Application time: 0.0004509 seconds
[2019-12-09T03:39:17.348+0000][1][safepoint    ] Entering safepoint region: RevokeBias
[2019-12-09T03:39:17.348+0000][1][safepoint    ] Leaving safepoint region
[2019-12-09T03:39:17.348+0000][1][safepoint    ] Total time for which application threads were stopped: 0.0000863 seconds, Stopping threads took: 0.0000096 seconds
[2019-12-09T03:39:17.348+0000][1][safepoint    ] Application time: 0.0001383 seconds
[2019-12-09T03:39:17.348+0000][1][safepoint    ] Entering safepoint region: RevokeBias
[2019-12-09T03:39:17.348+0000][1][safepoint    ] Leaving safepoint region
[2019-12-09T03:39:17.348+0000][1][safepoint    ] Total time for which application threads were stopped: 0.0000670 seconds, Stopping threads took: 0.0000091 seconds
[2019-12-09T03:39:17.348+0000][1][safepoint    ] Application time: 0.0002222 seconds
[2019-12-09T03:39:17.348+0000][1][safepoint    ] Entering safepoint region: RevokeBias
[2019-12-09T03:39:17.348+0000][1][safepoint    ] Leaving safepoint region
[2019-12-09T03:39:17.348+0000][1][safepoint    ] Total time for which application threads were stopped: 0.0000669 seconds, Stopping threads took: 0.0000098 seconds
[2019-12-09T03:39:17.350+0000][1][safepoint    ] Application time: 0.0015671 seconds
[2019-12-09T03:39:17.350+0000][1][safepoint    ] Entering safepoint region: RevokeBias
[2019-12-09T03:39:17.350+0000][1][safepoint    ] Leaving safepoint region
[2019-12-09T03:39:17.350+0000][1][safepoint    ] Total time for which application threads were stopped: 0.0000798 seconds, Stopping threads took: 0.0000105 seconds
[2019-12-09T03:39:17.351+0000][1][safepoint    ] Application time: 0.0006199 seconds
[2019-12-09T03:39:17.351+0000][1][safepoint    ] Entering safepoint region: RevokeBias
[2019-12-09T03:39:17.351+0000][1][safepoint    ] Leaving safepoint region
[2019-12-09T03:39:17.351+0000][1][safepoint    ] Total time for which application threads were stopped: 0.0000973 seconds, Stopping threads took: 0.0000111 seconds
[2019-12-09T03:39:17.352+0000][1][safepoint    ] Application time: 0.0009832 seconds
[2019-12-09T03:39:17.352+0000][1][safepoint    ] Entering safepoint region: RevokeBias
[2019-12-09T03:39:17.352+0000][1][safepoint    ] Leaving safepoint region
[2019-12-09T03:39:17.352+0000][1][safepoint    ] Total time for which application threads were stopped: 0.0000578 seconds, Stopping threads took: 0.0000175 seconds
[2019-12-09T03:39:17.352+0000][1][safepoint    ] Application time: 0.0000573 seconds
[2019-12-09T03:39:17.352+0000][1][safepoint    ] Entering safepoint region: RevokeBias
[2019-12-09T03:39:17.352+0000][1][safepoint    ] Leaving safepoint region
[2019-12-09T03:39:17.352+0000][1][safepoint    ] Total time for which application threads were stopped: 0.0000358 seconds, Stopping threads took: 0.0000077 seconds
[2019-12-09T03:39:17.352+0000][1][safepoint    ] Application time: 0.0000557 seconds
[2019-12-09T03:39:17.352+0000][1][safepoint    ] Entering safepoint region: RevokeBias
[2019-12-09T03:39:17.352+0000][1][safepoint    ] Leaving safepoint region
[2019-12-09T03:39:17.352+0000][1][safepoint    ] Total time for which application threads were stopped: 0.0000378 seconds, Stopping threads took: 0.0000084 seconds
[2019-12-09T03:39:17.352+0000][1][safepoint    ] Application time: 0.0000507 seconds
[2019-12-09T03:39:17.352+0000][1][safepoint    ] Entering safepoint region: RevokeBias
[2019-12-09T03:39:17.352+0000][1][safepoint    ] Leaving safepoint region
[2019-12-09T03:39:17.352+0000][1][safepoint    ] Total time for which application threads were stopped: 0.0000374 seconds, Stopping threads took: 0.0000085 seconds
[2019-12-09T03:39:17.352+0000][1][safepoint    ] Application time: 0.0000501 seconds
[2019-12-09T03:39:17.352+0000][1][safepoint    ] Entering safepoint region: RevokeBias
[2019-12-09T03:39:17.352+0000][1][safepoint    ] Leaving safepoint region
[2019-12-09T03:39:17.352+0000][1][safepoint    ] Total time for which application threads were stopped: 0.0000341 seconds, Stopping threads took: 0.0000072 seconds
[2019-12-09T03:39:17.352+0000][1][safepoint    ] Application time: 0.0000543 seconds
[2019-12-09T03:39:17.352+0000][1][safepoint    ] Entering safepoint region: RevokeBias
[2019-12-09T03:39:17.352+0000][1][safepoint    ] Leaving safepoint region
[2019-12-09T03:39:17.352+0000][1][safepoint    ] Total time for which application threads were stopped: 0.0000356 seconds, Stopping threads took: 0.0000077 seconds
[2019-12-09T03:39:17.352+0000][1][safepoint    ] Application time: 0.0000507 seconds
[2019-12-09T03:39:17.352+0000][1][safepoint    ] Entering safepoint region: RevokeBias
[2019-12-09T03:39:17.352+0000][1][safepoint    ] Leaving safepoint region
[2019-12-09T03:39:17.352+0000][1][safepoint    ] Total time for which application threads were stopped: 0.0000340 seconds, Stopping threads took: 0.0000076 seconds
[2019-12-09T03:39:17.352+0000][1][safepoint    ] Application time: 0.0000507 seconds
[2019-12-09T03:39:17.352+0000][1][safepoint    ] Entering safepoint region: RevokeBias
[2019-12-09T03:39:17.353+0000][1][safepoint    ] Leaving safepoint region
[2019-12-09T03:39:17.353+0000][1][safepoint    ] Total time for which application threads were stopped: 0.0000355 seconds, Stopping threads took: 0.0000078 seconds
[2019-12-09T03:39:17.353+0000][1][safepoint    ] Application time: 0.0000505 seconds
[2019-12-09T03:39:17.353+0000][1][safepoint    ] Entering safepoint region: RevokeBias
[2019-12-09T03:39:17.353+0000][1][safepoint    ] Leaving safepoint region
[2019-12-09T03:39:17.353+0000][1][safepoint    ] Total time for which application threads were stopped: 0.0000356 seconds, Stopping threads took: 0.0000078 seconds
[2019-12-09T03:39:17.353+0000][1][safepoint    ] Application time: 0.0000752 seconds
[2019-12-09T03:39:17.353+0000][1][safepoint    ] Entering safepoint region: RevokeBias
[2019-12-09T03:39:17.353+0000][1][safepoint    ] Leaving safepoint region
[2019-12-09T03:39:17.353+0000][1][safepoint    ] Total time for which application threads were stopped: 0.0000387 seconds, Stopping threads took: 0.0000089 seconds
[2019-12-09T03:39:17.353+0000][1][safepoint    ] Application time: 0.0000566 seconds
[2019-12-09T03:39:17.353+0000][1][safepoint    ] Entering safepoint region: RevokeBias
[2019-12-09T03:39:17.353+0000][1][safepoint    ] Leaving safepoint region
[2019-12-09T03:39:17.353+0000][1][safepoint    ] Total time for which application threads were stopped: 0.0000408 seconds, Stopping threads took: 0.0000120 seconds
[2019-12-09T03:39:17.353+0000][1][safepoint    ] Application time: 0.0000511 seconds
[2019-12-09T03:39:17.353+0000][1][safepoint    ] Entering safepoint region: RevokeBias
[2019-12-09T03:39:17.353+0000][1][safepoint    ] Leaving safepoint region
[2019-12-09T03:39:17.353+0000][1][safepoint    ] Total time for which application threads were stopped: 0.0000347 seconds, Stopping threads took: 0.0000076 seconds
[2019-12-09T03:39:17.353+0000][1][safepoint    ] Application time: 0.0000513 seconds
[2019-12-09T03:39:17.353+0000][1][safepoint    ] Entering safepoint region: RevokeBias
[2019-12-09T03:39:17.353+0000][1][safepoint    ] Leaving safepoint region
[2019-12-09T03:39:17.353+0000][1][safepoint    ] Total time for which application threads were stopped: 0.0000344 seconds, Stopping threads took: 0.0000075 seconds
[2019-12-09T03:39:17.353+0000][1][safepoint    ] Application time: 0.0000547 seconds
[2019-12-09T03:39:17.353+0000][1][safepoint    ] Entering safepoint region: RevokeBias
[2019-12-09T03:39:17.353+0000][1][safepoint    ] Leaving safepoint region
[2019-12-09T03:39:17.353+0000][1][safepoint    ] Total time for which application threads were stopped: 0.0000369 seconds, Stopping threads took: 0.0000085 seconds
[2019-12-09T03:39:17.353+0000][1][safepoint    ] Application time: 0.0000503 seconds
[2019-12-09T03:39:17.353+0000][1][safepoint    ] Entering safepoint region: RevokeBias
[2019-12-09T03:39:17.353+0000][1][safepoint    ] Leaving safepoint region
[2019-12-09T03:39:17.353+0000][1][safepoint    ] Total time for which application threads were stopped: 0.0000337 seconds, Stopping threads took: 0.0000079 seconds
[2019-12-09T03:39:17.353+0000][1][safepoint    ] Application time: 0.0000514 seconds
[2019-12-09T03:39:17.353+0000][1][safepoint    ] Entering safepoint region: RevokeBias
[2019-12-09T03:39:17.353+0000][1][safepoint    ] Leaving safepoint region
[2019-12-09T03:39:17.353+0000][1][safepoint    ] Total time for which application threads were stopped: 0.0000355 seconds, Stopping threads took: 0.0000076 seconds
[2019-12-09T03:39:17.353+0000][1][safepoint    ] Application time: 0.0000517 seconds
[2019-12-09T03:39:17.353+0000][1][safepoint    ] Entering safepoint region: RevokeBias
[2019-12-09T03:39:17.353+0000][1][safepoint    ] Leaving safepoint region
[2019-12-09T03:39:17.353+0000][1][safepoint    ] Total time for which application threads were stopped: 0.0000364 seconds, Stopping threads took: 0.0000078 seconds
[2019-12-09T03:39:17.354+0000][1][safepoint    ] Application time: 0.0000521 seconds
[2019-12-09T03:39:17.354+0000][1][safepoint    ] Entering safepoint region: RevokeBias
[2019-12-09T03:39:17.354+0000][1][safepoint    ] Leaving safepoint region
[2019-12-09T03:39:17.354+0000][1][safepoint    ] Total time for which application threads were stopped: 0.0000305 seconds, Stopping threads took: 0.0000069 seconds
[2019-12-09T03:39:17.354+0000][1][safepoint    ] Application time: 0.0000504 seconds
[2019-12-09T03:39:17.354+0000][1][safepoint    ] Entering safepoint region: RevokeBias
[2019-12-09T03:39:17.354+0000][1][safepoint    ] Leaving safepoint region
[2019-12-09T03:39:17.354+0000][1][safepoint    ] Total time for which application threads were stopped: 0.0000516 seconds, Stopping threads took: 0.0000083 seconds
[2019-12-09T03:39:17.354+0000][1][safepoint    ] Application time: 0.0000539 seconds
[2019-12-09T03:39:17.354+0000][1][safepoint    ] Entering safepoint region: BulkRevokeBias
[2019-12-09T03:39:17.354+0000][1][safepoint    ] Leaving safepoint region
[2019-12-09T03:39:17.354+0000][1][safepoint    ] Total time for which application threads were stopped: 0.0001005 seconds, Stopping threads took: 0.0000081 seconds
[2019-12-09T03:39:17.355+0000][1][safepoint    ] Application time: 0.0010157 seconds
[2019-12-09T03:39:17.355+0000][1][safepoint    ] Entering safepoint region: RevokeBias
[2019-12-09T03:39:17.355+0000][1][safepoint    ] Leaving safepoint region
[2019-12-09T03:39:17.355+0000][1][safepoint    ] Total time for which application threads were stopped: 0.0000541 seconds, Stopping threads took: 0.0000148 seconds
[2019-12-09T03:39:17.392+0000][1][safepoint    ] Application time: 0.0368095 seconds
[2019-12-09T03:39:17.392+0000][1][safepoint    ] Entering safepoint region: RevokeBias
[2019-12-09T03:39:17.392+0000][1][safepoint    ] Leaving safepoint region
[2019-12-09T03:39:17.392+0000][1][safepoint    ] Total time for which application threads were stopped: 0.0005755 seconds, Stopping threads took: 0.0004968 seconds
[2019-12-09T03:39:17.394+0000][1][safepoint    ] Application time: 0.0011462 seconds
[2019-12-09T03:39:17.394+0000][1][safepoint    ] Entering safepoint region: RevokeBias
[2019-12-09T03:39:17.394+0000][1][safepoint    ] Leaving safepoint region
[2019-12-09T03:39:17.394+0000][1][safepoint    ] Total time for which application threads were stopped: 0.0000902 seconds, Stopping threads took: 0.0000122 seconds
[2019-12-09T03:39:17.394+0000][1][safepoint    ] Application time: 0.0000790 seconds
[2019-12-09T03:39:17.394+0000][1][safepoint    ] Entering safepoint region: RevokeBias
[2019-12-09T03:39:17.394+0000][1][safepoint    ] Leaving safepoint region
[2019-12-09T03:39:17.394+0000][1][safepoint    ] Total time for which application threads were stopped: 0.0000596 seconds, Stopping threads took: 0.0000095 seconds
[2019-12-09T03:39:17.394+0000][1][safepoint    ] Application time: 0.0002494 seconds
[2019-12-09T03:39:17.394+0000][1][safepoint    ] Entering safepoint region: RevokeBias
[2019-12-09T03:39:17.394+0000][1][safepoint    ] Leaving safepoint region
[2019-12-09T03:39:17.394+0000][1][safepoint    ] Total time for which application threads were stopped: 0.0000598 seconds, Stopping threads took: 0.0000097 seconds
[2019-12-09T03:39:17.413+0000][1][safepoint    ] Application time: 0.0186389 seconds
[2019-12-09T03:39:17.413+0000][1][safepoint    ] Entering safepoint region: RevokeBias
[2019-12-09T03:39:17.413+0000][1][safepoint    ] Leaving safepoint region
[2019-12-09T03:39:17.413+0000][1][safepoint    ] Total time for which application threads were stopped: 0.0000595 seconds, Stopping threads took: 0.0000141 seconds
[2019-12-09T03:39:17.426+0000][1][safepoint    ] Application time: 0.0129919 seconds
[2019-12-09T03:39:17.426+0000][1][safepoint    ] Entering safepoint region: RevokeBias
[2019-12-09T03:39:17.426+0000][1][safepoint    ] Leaving safepoint region
[2019-12-09T03:39:17.426+0000][1][safepoint    ] Total time for which application threads were stopped: 0.0000573 seconds, Stopping threads took: 0.0000133 seconds
[2019-12-09T03:39:17.449+0000][1][safepoint    ] Application time: 0.0234475 seconds
[2019-12-09T03:39:17.449+0000][1][safepoint    ] Entering safepoint region: RevokeBias
[2019-12-09T03:39:17.450+0000][1][safepoint    ] Leaving safepoint region
[2019-12-09T03:39:17.450+0000][1][safepoint    ] Total time for which application threads were stopped: 0.0000608 seconds, Stopping threads took: 0.0000154 seconds
[2019-12-09T03:39:17.656+0000][1][safepoint    ] Application time: 0.2064786 seconds
[2019-12-09T03:39:17.656+0000][1][safepoint    ] Entering safepoint region: RevokeBias
[2019-12-09T03:39:17.657+0000][1][safepoint    ] Leaving safepoint region
[2019-12-09T03:39:17.657+0000][1][safepoint    ] Total time for which application threads were stopped: 0.0004653 seconds, Stopping threads took: 0.0003659 seconds
[2019-12-09T03:39:17.657+0000][1][safepoint    ] Application time: 0.0000750 seconds
[2019-12-09T03:39:17.657+0000][1][safepoint    ] Entering safepoint region: RevokeBias
[2019-12-09T03:39:17.657+0000][1][safepoint    ] Leaving safepoint region
[2019-12-09T03:39:17.657+0000][1][safepoint    ] Total time for which application threads were stopped: 0.0000405 seconds, Stopping threads took: 0.0000098 seconds
[2019-12-09T03:39:17.953+0000][1][safepoint    ] Application time: 0.2965366 seconds
[2019-12-09T03:39:17.953+0000][1][safepoint    ] Entering safepoint region: RevokeBias
[2019-12-09T03:39:17.953+0000][1][safepoint    ] Leaving safepoint region
[2019-12-09T03:39:17.953+0000][1][safepoint    ] Total time for which application threads were stopped: 0.0000847 seconds, Stopping threads took: 0.0000221 seconds
[2019-12-09T03:39:18.437+0000][1][safepoint    ] Application time: 0.4833776 seconds
[2019-12-09T03:39:18.437+0000][1][safepoint    ] Entering safepoint region: RevokeBias
[2019-12-09T03:39:18.437+0000][1][safepoint    ] Leaving safepoint region
[2019-12-09T03:39:18.437+0000][1][safepoint    ] Total time for which application threads were stopped: 0.0000830 seconds, Stopping threads took: 0.0000243 seconds
[2019-12-09T03:39:18.703+0000][1][safepoint    ] Application time: 0.2658735 seconds
[2019-12-09T03:39:18.773+0000][1][safepoint    ] Entering safepoint region: RevokeBias
[2019-12-09T03:39:18.773+0000][1][safepoint    ] Leaving safepoint region
[2019-12-09T03:39:18.773+0000][1][safepoint    ] Total time for which application threads were stopped: 0.0702325 seconds, Stopping threads took: 0.0701592 seconds
[2019-12-09T03:39:18.776+0000][1][safepoint    ] Application time: 0.0027324 seconds
[2019-12-09T03:39:18.776+0000][1][safepoint    ] Entering safepoint region: RevokeBias
[2019-12-09T03:39:18.776+0000][1][safepoint    ] Leaving safepoint region
[2019-12-09T03:39:18.776+0000][1][safepoint    ] Total time for which application threads were stopped: 0.0002426 seconds, Stopping threads took: 0.0001932 seconds
[2019-12-09T03:39:18.780+0000][1][safepoint    ] Application time: 0.0036158 seconds
[2019-12-09T03:39:18.780+0000][1][safepoint    ] Entering safepoint region: GenCollectForAllocation
[2019-12-09T03:39:18.780+0000][1][gc,start     ] GC(20) Pause Young (Allocation Failure)
[2019-12-09T03:39:18.780+0000][1][gc,task      ] GC(20) Using 2 workers of 2 for evacuation
[2019-12-09T03:39:19.056+0000][1][gc,age       ] GC(20) Desired survivor size 4456448 bytes, new threshold 2 (max threshold 6)
[2019-12-09T03:39:19.056+0000][1][gc,age       ] GC(20) Age table with threshold 2 (max threshold 6)
[2019-12-09T03:39:19.056+0000][1][gc,age       ] GC(20) - age   1:    2838008 bytes,    2838008 total
[2019-12-09T03:39:19.057+0000][1][gc,age       ] GC(20) - age   2:    2448056 bytes,    5286064 total
[2019-12-09T03:39:19.057+0000][1][gc,heap      ] GC(20) ParNew: 75747K->7380K(78656K)
[2019-12-09T03:39:19.057+0000][1][gc,heap      ] GC(20) CMS: 54354K->57493K(174784K)
[2019-12-09T03:39:19.057+0000][1][gc,metaspace ] GC(20) Metaspace: 48374K->48374K(1093632K)
[2019-12-09T03:39:19.057+0000][1][gc           ] GC(20) Pause Young (Allocation Failure) 127M->63M(247M) 276.835ms
[2019-12-09T03:39:19.057+0000][1][gc,cpu       ] GC(20) User=0.07s Sys=0.00s Real=0.28s
[2019-12-09T03:39:19.057+0000][1][safepoint    ] Leaving safepoint region
[2019-12-09T03:39:19.057+0000][1][safepoint    ] Total time for which application threads were stopped: 0.2769740 seconds, Stopping threads took: 0.0000115 seconds
[2019-12-09T03:39:19.063+0000][1][safepoint    ] Application time: 0.0060819 seconds
[2019-12-09T03:39:19.063+0000][1][safepoint    ] Entering safepoint region: RevokeBias
[2019-12-09T03:39:19.063+0000][1][safepoint    ] Leaving safepoint region
[2019-12-09T03:39:19.063+0000][1][safepoint    ] Total time for which application threads were stopped: 0.0000662 seconds, Stopping threads took: 0.0000144 seconds
[2019-12-09T03:39:19.063+0000][1][safepoint    ] Application time: 0.0000655 seconds
[2019-12-09T03:39:19.063+0000][1][safepoint    ] Entering safepoint region: RevokeBias
[2019-12-09T03:39:19.063+0000][1][safepoint    ] Leaving safepoint region
[2019-12-09T03:39:19.063+0000][1][safepoint    ] Total time for which application threads were stopped: 0.0000351 seconds, Stopping threads took: 0.0000085 seconds
[2019-12-09T03:39:19.940+0000][1][safepoint    ] Application time: 0.8768258 seconds
[2019-12-09T03:39:19.940+0000][1][safepoint    ] Entering safepoint region: RevokeBias
[2019-12-09T03:39:19.940+0000][1][safepoint    ] Leaving safepoint region
[2019-12-09T03:39:19.940+0000][1][safepoint    ] Total time for which application threads were stopped: 0.0004690 seconds, Stopping threads took: 0.0000159 seconds
[2019-12-09T03:39:20.136+0000][1][safepoint    ] Application time: 0.1956992 seconds
[2019-12-09T03:39:20.136+0000][1][safepoint    ] Entering safepoint region: RevokeBias
[2019-12-09T03:39:20.136+0000][1][safepoint    ] Leaving safepoint region
[2019-12-09T03:39:20.136+0000][1][safepoint    ] Total time for which application threads were stopped: 0.0000782 seconds, Stopping threads took: 0.0000158 seconds
[2019-12-09T03:39:20.763+0000][1][safepoint    ] Application time: 0.6264522 seconds
[2019-12-09T03:39:20.763+0000][1][safepoint    ] Entering safepoint region: RevokeBias
[2019-12-09T03:39:20.763+0000][1][safepoint    ] Leaving safepoint region
[2019-12-09T03:39:20.763+0000][1][safepoint    ] Total time for which application threads were stopped: 0.0001082 seconds, Stopping threads took: 0.0000149 seconds
[2019-12-09T03:39:20.764+0000][1][safepoint    ] Application time: 0.0010984 seconds
[2019-12-09T03:39:20.764+0000][1][safepoint    ] Entering safepoint region: RevokeBias
[2019-12-09T03:39:20.764+0000][1][safepoint    ] Leaving safepoint region
[2019-12-09T03:39:20.764+0000][1][safepoint    ] Total time for which application threads were stopped: 0.0000575 seconds, Stopping threads took: 0.0000130 seconds
[2019-12-09T03:39:20.813+0000][1][safepoint    ] Application time: 0.0486193 seconds
[2019-12-09T03:39:20.813+0000][1][safepoint    ] Entering safepoint region: RevokeBias
[2019-12-09T03:39:20.813+0000][1][safepoint    ] Leaving safepoint region
[2019-12-09T03:39:20.813+0000][1][safepoint    ] Total time for which application threads were stopped: 0.0000640 seconds, Stopping threads took: 0.0000149 seconds
[2019-12-09T03:39:20.816+0000][1][safepoint    ] Application time: 0.0031431 seconds
[2019-12-09T03:39:20.816+0000][1][safepoint    ] Entering safepoint region: RevokeBias
[2019-12-09T03:39:20.816+0000][1][safepoint    ] Leaving safepoint region
[2019-12-09T03:39:20.816+0000][1][safepoint    ] Total time for which application threads were stopped: 0.0000503 seconds, Stopping threads took: 0.0000117 seconds
[2019-12-09T03:39:20.896+0000][1][safepoint    ] Application time: 0.0799363 seconds
[2019-12-09T03:39:20.896+0000][1][safepoint    ] Entering safepoint region: RevokeBias
[2019-12-09T03:39:20.896+0000][1][safepoint    ] Leaving safepoint region
[2019-12-09T03:39:20.896+0000][1][safepoint    ] Total time for which application threads were stopped: 0.0000711 seconds, Stopping threads took: 0.0000164 seconds
[2019-12-09T03:39:20.934+0000][1][safepoint    ] Application time: 0.0383617 seconds
[2019-12-09T03:39:20.934+0000][1][safepoint    ] Entering safepoint region: RevokeBias
[2019-12-09T03:39:20.934+0000][1][safepoint    ] Leaving safepoint region
[2019-12-09T03:39:20.934+0000][1][safepoint    ] Total time for which application threads were stopped: 0.0000634 seconds, Stopping threads took: 0.0000143 seconds
[2019-12-09T03:39:20.983+0000][1][safepoint    ] Application time: 0.0490285 seconds
[2019-12-09T03:39:20.983+0000][1][safepoint    ] Entering safepoint region: RevokeBias
[2019-12-09T03:39:20.984+0000][1][safepoint    ] Leaving safepoint region
[2019-12-09T03:39:20.984+0000][1][safepoint    ] Total time for which application threads were stopped: 0.0000698 seconds, Stopping threads took: 0.0000159 seconds
[2019-12-09T03:39:21.050+0000][1][safepoint    ] Application time: 0.0663326 seconds
[2019-12-09T03:39:21.050+0000][1][safepoint    ] Entering safepoint region: RevokeBias
[2019-12-09T03:39:21.050+0000][1][safepoint    ] Leaving safepoint region
[2019-12-09T03:39:21.050+0000][1][safepoint    ] Total time for which application threads were stopped: 0.0000696 seconds, Stopping threads took: 0.0000155 seconds
[2019-12-09T03:39:21.140+0000][1][safepoint    ] Application time: 0.0895190 seconds
[2019-12-09T03:39:21.157+0000][1][safepoint    ] Entering safepoint region: RevokeBias
[2019-12-09T03:39:21.157+0000][1][safepoint    ] Leaving safepoint region
[2019-12-09T03:39:21.157+0000][1][safepoint    ] Total time for which application threads were stopped: 0.0172734 seconds, Stopping threads took: 0.0172123 seconds
[2019-12-09T03:39:22.159+0000][1][safepoint    ] Application time: 1.0019087 seconds
[2019-12-09T03:39:22.264+0000][1][safepoint    ] Entering safepoint region: Cleanup
[2019-12-09T03:39:22.264+0000][1][safepoint    ] Leaving safepoint region
[2019-12-09T03:39:22.264+0000][1][safepoint    ] Total time for which application threads were stopped: 0.1055365 seconds, Stopping threads took: 0.1050495 seconds
[2019-12-09T03:39:22.266+0000][1][safepoint    ] Application time: 0.0016146 seconds
[2019-12-09T03:39:22.291+0000][1][safepoint    ] Entering safepoint region: RevokeBias
[2019-12-09T03:39:22.291+0000][1][safepoint    ] Leaving safepoint region
[2019-12-09T03:39:22.291+0000][1][safepoint    ] Total time for which application threads were stopped: 0.0249274 seconds, Stopping threads took: 0.0248144 seconds
[2019-12-09T03:39:22.556+0000][1][safepoint    ] Application time: 0.2648067 seconds
[2019-12-09T03:39:22.556+0000][1][safepoint    ] Entering safepoint region: RevokeBias
[2019-12-09T03:39:22.556+0000][1][safepoint    ] Leaving safepoint region
[2019-12-09T03:39:22.556+0000][1][safepoint    ] Total time for which application threads were stopped: 0.0001115 seconds, Stopping threads took: 0.0000173 seconds
[2019-12-09T03:39:23.089+0000][1][safepoint    ] Application time: 0.5328383 seconds
[2019-12-09T03:39:23.092+0000][1][safepoint    ] Entering safepoint region: RevokeBias
[2019-12-09T03:39:23.092+0000][1][safepoint    ] Leaving safepoint region
[2019-12-09T03:39:23.092+0000][1][safepoint    ] Total time for which application threads were stopped: 0.0031553 seconds, Stopping threads took: 0.0030492 seconds
[2019-12-09T03:39:23.257+0000][1][safepoint    ] Application time: 0.1648141 seconds
[2019-12-09T03:39:23.257+0000][1][safepoint    ] Entering safepoint region: BulkRevokeBias
[2019-12-09T03:39:23.257+0000][1][safepoint    ] Leaving safepoint region
[2019-12-09T03:39:23.257+0000][1][safepoint    ] Total time for which application threads were stopped: 0.0001941 seconds, Stopping threads took: 0.0000183 seconds
[2019-12-09T03:39:24.268+0000][1][safepoint    ] Application time: 1.0107369 seconds
[2019-12-09T03:39:24.268+0000][1][safepoint    ] Entering safepoint region: Cleanup
[2019-12-09T03:39:24.268+0000][1][safepoint    ] Leaving safepoint region
[2019-12-09T03:39:24.268+0000][1][safepoint    ] Total time for which application threads were stopped: 0.0000988 seconds, Stopping threads took: 0.0000150 seconds
[2019-12-09T03:39:25.269+0000][1][safepoint    ] Application time: 1.0008725 seconds
[2019-12-09T03:39:25.273+0000][1][safepoint    ] Entering safepoint region: Cleanup
[2019-12-09T03:39:25.273+0000][1][safepoint    ] Leaving safepoint region
[2019-12-09T03:39:25.273+0000][1][safepoint    ] Total time for which application threads were stopped: 0.0040652 seconds, Stopping threads took: 0.0039676 seconds
[2019-12-09T03:39:25.512+0000][1][safepoint    ] Application time: 0.2395784 seconds
[2019-12-09T03:39:25.512+0000][1][safepoint    ] Entering safepoint region: GenCollectForAllocation
[2019-12-09T03:39:25.513+0000][1][gc,start     ] GC(21) Pause Young (Allocation Failure)
[2019-12-09T03:39:25.513+0000][1][gc,task      ] GC(21) Using 2 workers of 2 for evacuation
[2019-12-09T03:39:25.684+0000][1][gc,age       ] GC(21) Desired survivor size 4456448 bytes, new threshold 6 (max threshold 6)
[2019-12-09T03:39:25.684+0000][1][gc,age       ] GC(21) Age table with threshold 6 (max threshold 6)
[2019-12-09T03:39:25.684+0000][1][gc,age       ] GC(21) - age   1:    1664048 bytes,    1664048 total
[2019-12-09T03:39:25.684+0000][1][gc,age       ] GC(21) - age   2:    2768024 bytes,    4432072 total
[2019-12-09T03:39:25.684+0000][1][gc,heap      ] GC(21) ParNew: 77332K->7652K(78656K)
[2019-12-09T03:39:25.684+0000][1][gc,heap      ] GC(21) CMS: 57493K->59948K(174784K)
[2019-12-09T03:39:25.684+0000][1][gc,metaspace ] GC(21) Metaspace: 56200K->56200K(1101824K)
[2019-12-09T03:39:25.684+0000][1][gc           ] GC(21) Pause Young (Allocation Failure) 131M->66M(247M) 171.528ms
[2019-12-09T03:39:25.684+0000][1][gc,cpu       ] GC(21) User=0.04s Sys=0.00s Real=0.17s
[2019-12-09T03:39:25.684+0000][1][safepoint    ] Leaving safepoint region
[2019-12-09T03:39:25.684+0000][1][safepoint    ] Total time for which application threads were stopped: 0.1716947 seconds, Stopping threads took: 0.0000160 seconds
[2019-12-09T03:39:25.760+0000][1][safepoint    ] Application time: 0.0755477 seconds
[2019-12-09T03:39:25.760+0000][1][safepoint    ] Entering safepoint region: RevokeBias
[2019-12-09T03:39:25.760+0000][1][safepoint    ] Leaving safepoint region
[2019-12-09T03:39:25.760+0000][1][safepoint    ] Total time for which application threads were stopped: 0.0003436 seconds, Stopping threads took: 0.0002407 seconds
[2019-12-09T03:39:25.760+0000][1][safepoint    ] Application time: 0.0000744 seconds
[2019-12-09T03:39:25.760+0000][1][safepoint    ] Entering safepoint region: RevokeBias
[2019-12-09T03:39:25.760+0000][1][safepoint    ] Leaving safepoint region
[2019-12-09T03:39:25.760+0000][1][safepoint    ] Total time for which application threads were stopped: 0.0000679 seconds, Stopping threads took: 0.0000093 seconds
[2019-12-09T03:39:25.760+0000][1][safepoint    ] Application time: 0.0001835 seconds
[2019-12-09T03:39:25.760+0000][1][safepoint    ] Entering safepoint region: RevokeBias
[2019-12-09T03:39:25.761+0000][1][safepoint    ] Leaving safepoint region
[2019-12-09T03:39:25.761+0000][1][safepoint    ] Total time for which application threads were stopped: 0.0000832 seconds, Stopping threads took: 0.0000110 seconds
[2019-12-09T03:39:26.381+0000][1][safepoint    ] Application time: 0.6202464 seconds
[2019-12-09T03:39:26.381+0000][1][safepoint    ] Entering safepoint region: Deoptimize
[2019-12-09T03:39:26.382+0000][1][safepoint    ] Leaving safepoint region
[2019-12-09T03:39:26.382+0000][1][safepoint    ] Total time for which application threads were stopped: 0.0006939 seconds, Stopping threads took: 0.0000157 seconds
[2019-12-09T03:39:26.734+0000][1][safepoint    ] Application time: 0.3523711 seconds
[2019-12-09T03:39:26.734+0000][1][safepoint    ] Entering safepoint region: RevokeBias
[2019-12-09T03:39:26.734+0000][1][safepoint    ] Leaving safepoint region
[2019-12-09T03:39:26.734+0000][1][safepoint    ] Total time for which application threads were stopped: 0.0001182 seconds, Stopping threads took: 0.0000165 seconds
[2019-12-09T03:39:26.798+0000][1][safepoint    ] Application time: 0.0637536 seconds
[2019-12-09T03:39:26.798+0000][1][safepoint    ] Entering safepoint region: RevokeBias
[2019-12-09T03:39:26.798+0000][1][safepoint    ] Leaving safepoint region
[2019-12-09T03:39:26.798+0000][1][safepoint    ] Total time for which application threads were stopped: 0.0001266 seconds, Stopping threads took: 0.0000510 seconds
[2019-12-09T03:39:26.798+0000][1][safepoint    ] Application time: 0.0001738 seconds
[2019-12-09T03:39:26.798+0000][1][safepoint    ] Entering safepoint region: RevokeBias
[2019-12-09T03:39:26.798+0000][1][safepoint    ] Leaving safepoint region
[2019-12-09T03:39:26.798+0000][1][safepoint    ] Total time for which application threads were stopped: 0.0000683 seconds, Stopping threads took: 0.0000116 seconds
[2019-12-09T03:39:26.822+0000][1][safepoint    ] Application time: 0.0241729 seconds
[2019-12-09T03:39:26.822+0000][1][safepoint    ] Entering safepoint region: RevokeBias
[2019-12-09T03:39:26.823+0000][1][safepoint    ] Leaving safepoint region
[2019-12-09T03:39:26.823+0000][1][safepoint    ] Total time for which application threads were stopped: 0.0000684 seconds, Stopping threads took: 0.0000126 seconds
[2019-12-09T03:39:27.842+0000][1][safepoint    ] Application time: 1.0194134 seconds
[2019-12-09T03:39:27.851+0000][1][safepoint    ] Entering safepoint region: Cleanup
[2019-12-09T03:39:27.852+0000][1][safepoint    ] Leaving safepoint region
[2019-12-09T03:39:27.852+0000][1][safepoint    ] Total time for which application threads were stopped: 0.0099808 seconds, Stopping threads took: 0.0087414 seconds
[2019-12-09T03:39:28.853+0000][1][safepoint    ] Application time: 1.0007161 seconds
[2019-12-09T03:39:28.858+0000][1][safepoint    ] Entering safepoint region: Cleanup
[2019-12-09T03:39:28.858+0000][1][safepoint    ] Leaving safepoint region
[2019-12-09T03:39:28.858+0000][1][safepoint    ] Total time for which application threads were stopped: 0.0051039 seconds, Stopping threads took: 0.0050490 seconds
[2019-12-09T03:39:29.166+0000][1][safepoint    ] Application time: 0.3078616 seconds
[2019-12-09T03:39:29.166+0000][1][safepoint    ] Entering safepoint region: Deoptimize
[2019-12-09T03:39:29.166+0000][1][safepoint    ] Leaving safepoint region
[2019-12-09T03:39:29.166+0000][1][safepoint    ] Total time for which application threads were stopped: 0.0006325 seconds, Stopping threads took: 0.0000160 seconds
[2019-12-09T03:39:30.184+0000][1][safepoint    ] Application time: 1.0176194 seconds
[2019-12-09T03:39:30.185+0000][1][safepoint    ] Entering safepoint region: Cleanup
[2019-12-09T03:39:30.185+0000][1][safepoint    ] Leaving safepoint region
[2019-12-09T03:39:30.185+0000][1][safepoint    ] Total time for which application threads were stopped: 0.0013646 seconds, Stopping threads took: 0.0012830 seconds
[2019-12-09T03:39:31.188+0000][1][safepoint    ] Application time: 1.0022961 seconds
[2019-12-09T03:39:31.193+0000][1][safepoint    ] Entering safepoint region: Cleanup
[2019-12-09T03:39:31.193+0000][1][safepoint    ] Leaving safepoint region
[2019-12-09T03:39:31.193+0000][1][safepoint    ] Total time for which application threads were stopped: 0.0050888 seconds, Stopping threads took: 0.0050067 seconds
[2019-12-09T03:39:32.197+0000][1][safepoint    ] Application time: 1.0045611 seconds
[2019-12-09T03:39:32.262+0000][1][safepoint    ] Entering safepoint region: Cleanup
[2019-12-09T03:39:32.262+0000][1][safepoint    ] Leaving safepoint region
[2019-12-09T03:39:32.262+0000][1][safepoint    ] Total time for which application threads were stopped: 0.0643865 seconds, Stopping threads took: 0.0643099 seconds
[2019-12-09T03:39:32.317+0000][1][safepoint    ] Application time: 0.0553604 seconds
[2019-12-09T03:39:32.317+0000][1][safepoint    ] Entering safepoint region: BulkRevokeBias
[2019-12-09T03:39:32.317+0000][1][safepoint    ] Leaving safepoint region
[2019-12-09T03:39:32.317+0000][1][safepoint    ] Total time for which application threads were stopped: 0.0001763 seconds, Stopping threads took: 0.0000152 seconds
[2019-12-09T03:39:32.815+0000][1][safepoint    ] Application time: 0.4973923 seconds
[2019-12-09T03:39:32.815+0000][1][safepoint    ] Entering safepoint region: GenCollectForAllocation
[2019-12-09T03:39:32.815+0000][1][gc,start     ] GC(22) Pause Young (Allocation Failure)
[2019-12-09T03:39:32.815+0000][1][gc,task      ] GC(22) Using 2 workers of 2 for evacuation
[2019-12-09T03:39:32.935+0000][1][gc,age       ] GC(22) Desired survivor size 4456448 bytes, new threshold 2 (max threshold 6)
[2019-12-09T03:39:32.935+0000][1][gc,age       ] GC(22) Age table with threshold 2 (max threshold 6)
[2019-12-09T03:39:32.935+0000][1][gc,age       ] GC(22) - age   1:    3678640 bytes,    3678640 total
[2019-12-09T03:39:32.935+0000][1][gc,age       ] GC(22) - age   2:    1575600 bytes,    5254240 total
[2019-12-09T03:39:32.935+0000][1][gc,age       ] GC(22) - age   3:    2739344 bytes,    7993584 total
[2019-12-09T03:39:32.936+0000][1][gc,heap      ] GC(22) ParNew: 77604K->8695K(78656K)
[2019-12-09T03:39:32.936+0000][1][gc,heap      ] GC(22) CMS: 59948K->59948K(174784K)
[2019-12-09T03:39:32.936+0000][1][gc,metaspace ] GC(22) Metaspace: 63412K->63412K(1107968K)
[2019-12-09T03:39:32.936+0000][1][gc           ] GC(22) Pause Young (Allocation Failure) 134M->67M(247M) 120.619ms
[2019-12-09T03:39:32.936+0000][1][gc,cpu       ] GC(22) User=0.05s Sys=0.00s Real=0.12s
[2019-12-09T03:39:32.936+0000][1][safepoint    ] Leaving safepoint region
[2019-12-09T03:39:32.936+0000][1][safepoint    ] Total time for which application threads were stopped: 0.1207863 seconds, Stopping threads took: 0.0000246 seconds
[2019-12-09T03:39:33.184+0000][1][safepoint    ] Application time: 0.2486932 seconds
[2019-12-09T03:39:33.185+0000][1][safepoint    ] Entering safepoint region: RevokeBias
[2019-12-09T03:39:33.185+0000][1][safepoint    ] Leaving safepoint region
[2019-12-09T03:39:33.185+0000][1][safepoint    ] Total time for which application threads were stopped: 0.0003545 seconds, Stopping threads took: 0.0001888 seconds
[2019-12-09T03:39:33.185+0000][1][safepoint    ] Application time: 0.0000911 seconds
[2019-12-09T03:39:33.185+0000][1][safepoint    ] Entering safepoint region: RevokeBias
[2019-12-09T03:39:33.185+0000][1][safepoint    ] Leaving safepoint region
[2019-12-09T03:39:33.185+0000][1][safepoint    ] Total time for which application threads were stopped: 0.0001102 seconds, Stopping threads took: 0.0000109 seconds
[2019-12-09T03:39:33.185+0000][1][safepoint    ] Application time: 0.0000677 seconds
[2019-12-09T03:39:33.185+0000][1][safepoint    ] Entering safepoint region: RevokeBias
[2019-12-09T03:39:33.185+0000][1][safepoint    ] Leaving safepoint region
[2019-12-09T03:39:33.185+0000][1][safepoint    ] Total time for which application threads were stopped: 0.0000757 seconds, Stopping threads took: 0.0000093 seconds
[2019-12-09T03:39:33.185+0000][1][safepoint    ] Application time: 0.0000630 seconds
[2019-12-09T03:39:33.185+0000][1][safepoint    ] Entering safepoint region: RevokeBias
[2019-12-09T03:39:33.185+0000][1][safepoint    ] Leaving safepoint region
[2019-12-09T03:39:33.185+0000][1][safepoint    ] Total time for which application threads were stopped: 0.0000721 seconds, Stopping threads took: 0.0000094 seconds
[2019-12-09T03:39:33.185+0000][1][safepoint    ] Application time: 0.0000586 seconds
[2019-12-09T03:39:33.185+0000][1][safepoint    ] Entering safepoint region: RevokeBias
[2019-12-09T03:39:33.185+0000][1][safepoint    ] Leaving safepoint region
[2019-12-09T03:39:33.185+0000][1][safepoint    ] Total time for which application threads were stopped: 0.0000695 seconds, Stopping threads took: 0.0000085 seconds
[2019-12-09T03:39:33.185+0000][1][safepoint    ] Application time: 0.0000667 seconds
[2019-12-09T03:39:33.185+0000][1][safepoint    ] Entering safepoint region: RevokeBias
[2019-12-09T03:39:33.186+0000][1][safepoint    ] Leaving safepoint region
[2019-12-09T03:39:33.186+0000][1][safepoint    ] Total time for which application threads were stopped: 0.0000688 seconds, Stopping threads took: 0.0000088 seconds
[2019-12-09T03:39:33.186+0000][1][safepoint    ] Application time: 0.0000628 seconds
[2019-12-09T03:39:33.186+0000][1][safepoint    ] Entering safepoint region: RevokeBias
[2019-12-09T03:39:33.186+0000][1][safepoint    ] Leaving safepoint region
[2019-12-09T03:39:33.186+0000][1][safepoint    ] Total time for which application threads were stopped: 0.0000951 seconds, Stopping threads took: 0.0000088 seconds
[2019-12-09T03:39:33.186+0000][1][safepoint    ] Application time: 0.0000659 seconds
[2019-12-09T03:39:33.186+0000][1][safepoint    ] Entering safepoint region: RevokeBias
[2019-12-09T03:39:33.186+0000][1][safepoint    ] Leaving safepoint region
[2019-12-09T03:39:33.186+0000][1][safepoint    ] Total time for which application threads were stopped: 0.0000716 seconds, Stopping threads took: 0.0000085 seconds
[2019-12-09T03:39:33.240+0000][1][safepoint    ] Application time: 0.0542566 seconds
[2019-12-09T03:39:33.240+0000][1][safepoint    ] Entering safepoint region: Deoptimize
[2019-12-09T03:39:33.241+0000][1][safepoint    ] Leaving safepoint region
[2019-12-09T03:39:33.241+0000][1][safepoint    ] Total time for which application threads were stopped: 0.0007022 seconds, Stopping threads took: 0.0000139 seconds
[2019-12-09T03:39:33.328+0000][1][safepoint    ] Application time: 0.0872153 seconds
[2019-12-09T03:39:33.328+0000][1][safepoint    ] Entering safepoint region: RevokeBias
[2019-12-09T03:39:33.328+0000][1][safepoint    ] Leaving safepoint region
[2019-12-09T03:39:33.328+0000][1][safepoint    ] Total time for which application threads were stopped: 0.0000970 seconds, Stopping threads took: 0.0000160 seconds
[2019-12-09T03:39:33.345+0000][1][safepoint    ] Application time: 0.0164926 seconds
[2019-12-09T03:39:33.345+0000][1][safepoint    ] Entering safepoint region: RevokeBias
[2019-12-09T03:39:33.345+0000][1][safepoint    ] Leaving safepoint region
[2019-12-09T03:39:33.345+0000][1][safepoint    ] Total time for which application threads were stopped: 0.0000744 seconds, Stopping threads took: 0.0000152 seconds
[2019-12-09T03:39:33.348+0000][1][safepoint    ] Application time: 0.0028002 seconds
[2019-12-09T03:39:33.348+0000][1][safepoint    ] Entering safepoint region: RevokeBias
[2019-12-09T03:39:33.348+0000][1][safepoint    ] Leaving safepoint region
[2019-12-09T03:39:33.348+0000][1][safepoint    ] Total time for which application threads were stopped: 0.0000860 seconds, Stopping threads took: 0.0000123 seconds
[2019-12-09T03:39:33.348+0000][1][safepoint    ] Application time: 0.0004325 seconds
[2019-12-09T03:39:33.348+0000][1][safepoint    ] Entering safepoint region: RevokeBias
[2019-12-09T03:39:33.348+0000][1][safepoint    ] Leaving safepoint region
[2019-12-09T03:39:33.348+0000][1][safepoint    ] Total time for which application threads were stopped: 0.0000694 seconds, Stopping threads took: 0.0000098 seconds
[2019-12-09T03:39:33.348+0000][1][safepoint    ] Application time: 0.0000609 seconds
[2019-12-09T03:39:33.348+0000][1][safepoint    ] Entering safepoint region: RevokeBias
[2019-12-09T03:39:33.348+0000][1][safepoint    ] Leaving safepoint region
[2019-12-09T03:39:33.348+0000][1][safepoint    ] Total time for which application threads were stopped: 0.0000470 seconds, Stopping threads took: 0.0000078 seconds
[2019-12-09T03:39:33.349+0000][1][safepoint    ] Application time: 0.0003641 seconds
[2019-12-09T03:39:33.349+0000][1][safepoint    ] Entering safepoint region: RevokeBias
[2019-12-09T03:39:33.349+0000][1][safepoint    ] Leaving safepoint region
[2019-12-09T03:39:33.349+0000][1][safepoint    ] Total time for which application threads were stopped: 0.0000574 seconds, Stopping threads took: 0.0000096 seconds
[2019-12-09T03:39:33.349+0000][1][safepoint    ] Application time: 0.0001970 seconds
[2019-12-09T03:39:33.349+0000][1][safepoint    ] Entering safepoint region: RevokeBias
[2019-12-09T03:39:33.349+0000][1][safepoint    ] Leaving safepoint region
[2019-12-09T03:39:33.349+0000][1][safepoint    ] Total time for which application threads were stopped: 0.0000563 seconds, Stopping threads took: 0.0000088 seconds
[2019-12-09T03:39:33.382+0000][1][safepoint    ] Application time: 0.0331430 seconds
[2019-12-09T03:39:33.382+0000][1][safepoint    ] Entering safepoint region: RevokeBias
[2019-12-09T03:39:33.382+0000][1][safepoint    ] Leaving safepoint region
[2019-12-09T03:39:33.382+0000][1][safepoint    ] Total time for which application threads were stopped: 0.0000762 seconds, Stopping threads took: 0.0000129 seconds
[2019-12-09T03:39:33.388+0000][1][safepoint    ] Application time: 0.0060742 seconds
[2019-12-09T03:39:33.388+0000][1][safepoint    ] Entering safepoint region: RevokeBias
[2019-12-09T03:39:33.389+0000][1][safepoint    ] Leaving safepoint region
[2019-12-09T03:39:33.389+0000][1][safepoint    ] Total time for which application threads were stopped: 0.0000667 seconds, Stopping threads took: 0.0000118 seconds
[2019-12-09T03:39:33.390+0000][1][safepoint    ] Application time: 0.0013794 seconds
[2019-12-09T03:39:33.390+0000][1][safepoint    ] Entering safepoint region: RevokeBias
[2019-12-09T03:39:33.390+0000][1][safepoint    ] Leaving safepoint region
[2019-12-09T03:39:33.390+0000][1][safepoint    ] Total time for which application threads were stopped: 0.0000685 seconds, Stopping threads took: 0.0000121 seconds
[2019-12-09T03:39:33.401+0000][1][safepoint    ] Application time: 0.0107873 seconds
[2019-12-09T03:39:33.401+0000][1][safepoint    ] Entering safepoint region: RevokeBias
[2019-12-09T03:39:33.401+0000][1][safepoint    ] Leaving safepoint region
[2019-12-09T03:39:33.401+0000][1][safepoint    ] Total time for which application threads were stopped: 0.0000679 seconds, Stopping threads took: 0.0000116 seconds
[2019-12-09T03:39:33.419+0000][1][safepoint    ] Application time: 0.0178516 seconds
[2019-12-09T03:39:33.419+0000][1][safepoint    ] Entering safepoint region: Deoptimize
[2019-12-09T03:39:33.419+0000][1][safepoint    ] Leaving safepoint region
[2019-12-09T03:39:33.419+0000][1][safepoint    ] Total time for which application threads were stopped: 0.0006636 seconds, Stopping threads took: 0.0000130 seconds
[2019-12-09T03:39:33.546+0000][1][safepoint    ] Application time: 0.1269274 seconds
[2019-12-09T03:39:33.559+0000][1][safepoint    ] Entering safepoint region: RevokeBias
[2019-12-09T03:39:33.559+0000][1][safepoint    ] Leaving safepoint region
[2019-12-09T03:39:33.559+0000][1][safepoint    ] Total time for which application threads were stopped: 0.0125056 seconds, Stopping threads took: 0.0124442 seconds
[2019-12-09T03:39:33.570+0000][1][safepoint    ] Application time: 0.0113516 seconds
[2019-12-09T03:39:33.570+0000][1][safepoint    ] Entering safepoint region: RevokeBias
[2019-12-09T03:39:33.570+0000][1][safepoint    ] Leaving safepoint region
[2019-12-09T03:39:33.570+0000][1][safepoint    ] Total time for which application threads were stopped: 0.0000700 seconds, Stopping threads took: 0.0000139 seconds
[2019-12-09T03:39:33.585+0000][1][safepoint    ] Application time: 0.0144498 seconds
[2019-12-09T03:39:33.640+0000][1][safepoint    ] Entering safepoint region: RevokeBias
[2019-12-09T03:39:33.640+0000][1][safepoint    ] Leaving safepoint region
[2019-12-09T03:39:33.640+0000][1][safepoint    ] Total time for which application threads were stopped: 0.0550103 seconds, Stopping threads took: 0.0549102 seconds
[2019-12-09T03:39:33.640+0000][1][safepoint    ] Application time: 0.0001999 seconds
[2019-12-09T03:39:33.640+0000][1][safepoint    ] Entering safepoint region: RevokeBias
[2019-12-09T03:39:33.640+0000][1][safepoint    ] Leaving safepoint region
[2019-12-09T03:39:33.640+0000][1][safepoint    ] Total time for which application threads were stopped: 0.0000809 seconds, Stopping threads took: 0.0000097 seconds
[2019-12-09T03:39:33.647+0000][1][safepoint    ] Application time: 0.0066266 seconds
[2019-12-09T03:39:33.667+0000][1][safepoint    ] Entering safepoint region: RevokeBias
[2019-12-09T03:39:33.667+0000][1][safepoint    ] Leaving safepoint region
[2019-12-09T03:39:33.667+0000][1][safepoint    ] Total time for which application threads were stopped: 0.0197778 seconds, Stopping threads took: 0.0197200 seconds
[2019-12-09T03:39:33.697+0000][1][safepoint    ] Application time: 0.0307405 seconds
[2019-12-09T03:39:33.771+0000][1][safepoint    ] Entering safepoint region: RevokeBias
[2019-12-09T03:39:33.771+0000][1][safepoint    ] Leaving safepoint region
[2019-12-09T03:39:33.771+0000][1][safepoint    ] Total time for which application threads were stopped: 0.0734641 seconds, Stopping threads took: 0.0733968 seconds
[2019-12-09T03:39:33.781+0000][1][safepoint    ] Application time: 0.0099603 seconds
[2019-12-09T03:39:33.785+0000][1][safepoint    ] Entering safepoint region: RevokeBias
[2019-12-09T03:39:33.785+0000][1][safepoint    ] Leaving safepoint region
[2019-12-09T03:39:33.785+0000][1][safepoint    ] Total time for which application threads were stopped: 0.0045114 seconds, Stopping threads took: 0.0044348 seconds
[2019-12-09T03:39:33.871+0000][1][safepoint    ] Application time: 0.0852622 seconds
[2019-12-09T03:39:33.916+0000][1][safepoint    ] Entering safepoint region: RevokeBias
[2019-12-09T03:39:33.916+0000][1][safepoint    ] Leaving safepoint region
[2019-12-09T03:39:33.916+0000][1][safepoint    ] Total time for which application threads were stopped: 0.0453464 seconds, Stopping threads took: 0.0451784 seconds
[2019-12-09T03:39:33.918+0000][1][safepoint    ] Application time: 0.0021874 seconds
[2019-12-09T03:39:33.919+0000][1][safepoint    ] Entering safepoint region: RevokeBias
[2019-12-09T03:39:33.919+0000][1][safepoint    ] Leaving safepoint region
[2019-12-09T03:39:33.919+0000][1][safepoint    ] Total time for which application threads were stopped: 0.0005909 seconds, Stopping threads took: 0.0004731 seconds
[2019-12-09T03:39:33.925+0000][1][safepoint    ] Application time: 0.0063352 seconds
[2019-12-09T03:39:33.927+0000][1][safepoint    ] Entering safepoint region: RevokeBias
[2019-12-09T03:39:33.927+0000][1][safepoint    ] Leaving safepoint region
[2019-12-09T03:39:33.927+0000][1][safepoint    ] Total time for which application threads were stopped: 0.0019373 seconds, Stopping threads took: 0.0018206 seconds
[2019-12-09T03:39:33.929+0000][1][safepoint    ] Application time: 0.0016930 seconds
[2019-12-09T03:39:33.932+0000][1][safepoint    ] Entering safepoint region: RevokeBias
[2019-12-09T03:39:33.932+0000][1][safepoint    ] Leaving safepoint region
[2019-12-09T03:39:33.932+0000][1][safepoint    ] Total time for which application threads were stopped: 0.0030834 seconds, Stopping threads took: 0.0030201 seconds
[2019-12-09T03:39:33.943+0000][1][safepoint    ] Application time: 0.0108592 seconds
[2019-12-09T03:39:33.960+0000][1][safepoint    ] Entering safepoint region: RevokeBias
[2019-12-09T03:39:33.960+0000][1][safepoint    ] Leaving safepoint region
[2019-12-09T03:39:33.960+0000][1][safepoint    ] Total time for which application threads were stopped: 0.0170300 seconds, Stopping threads took: 0.0169560 seconds
[2019-12-09T03:39:33.997+0000][1][safepoint    ] Application time: 0.0374324 seconds
[2019-12-09T03:39:33.997+0000][1][safepoint    ] Entering safepoint region: RevokeBias
[2019-12-09T03:39:33.997+0000][1][safepoint    ] Leaving safepoint region
[2019-12-09T03:39:33.997+0000][1][safepoint    ] Total time for which application threads were stopped: 0.0001922 seconds, Stopping threads took: 0.0000799 seconds
[2019-12-09T03:39:34.025+0000][1][safepoint    ] Application time: 0.0272453 seconds
[2019-12-09T03:39:34.036+0000][1][safepoint    ] Entering safepoint region: RevokeBias
[2019-12-09T03:39:34.036+0000][1][safepoint    ] Leaving safepoint region
[2019-12-09T03:39:34.036+0000][1][safepoint    ] Total time for which application threads were stopped: 0.0111925 seconds, Stopping threads took: 0.0110637 seconds
[2019-12-09T03:39:34.079+0000][1][safepoint    ] Application time: 0.0428664 seconds
[2019-12-09T03:39:34.149+0000][1][safepoint    ] Entering safepoint region: RevokeBias
[2019-12-09T03:39:34.149+0000][1][safepoint    ] Leaving safepoint region
[2019-12-09T03:39:34.149+0000][1][safepoint    ] Total time for which application threads were stopped: 0.0700729 seconds, Stopping threads took: 0.0698895 seconds
[2019-12-09T03:39:34.153+0000][1][safepoint    ] Application time: 0.0037993 seconds
[2019-12-09T03:39:34.153+0000][1][safepoint    ] Entering safepoint region: RevokeBias
[2019-12-09T03:39:34.153+0000][1][safepoint    ] Leaving safepoint region
[2019-12-09T03:39:34.153+0000][1][safepoint    ] Total time for which application threads were stopped: 0.0002891 seconds, Stopping threads took: 0.0001435 seconds
[2019-12-09T03:39:34.164+0000][1][safepoint    ] Application time: 0.0106184 seconds
[2019-12-09T03:39:34.164+0000][1][safepoint    ] Entering safepoint region: RevokeBias
[2019-12-09T03:39:34.164+0000][1][safepoint    ] Leaving safepoint region
[2019-12-09T03:39:34.164+0000][1][safepoint    ] Total time for which application threads were stopped: 0.0001992 seconds, Stopping threads took: 0.0001095 seconds
[2019-12-09T03:39:34.173+0000][1][safepoint    ] Application time: 0.0094800 seconds
[2019-12-09T03:39:34.173+0000][1][safepoint    ] Entering safepoint region: RevokeBias
[2019-12-09T03:39:34.174+0000][1][safepoint    ] Leaving safepoint region
[2019-12-09T03:39:34.174+0000][1][safepoint    ] Total time for which application threads were stopped: 0.0001610 seconds, Stopping threads took: 0.0000539 seconds
[2019-12-09T03:39:34.205+0000][1][safepoint    ] Application time: 0.0318030 seconds
[2019-12-09T03:39:34.251+0000][1][safepoint    ] Entering safepoint region: RevokeBias
[2019-12-09T03:39:34.251+0000][1][safepoint    ] Leaving safepoint region
[2019-12-09T03:39:34.251+0000][1][safepoint    ] Total time for which application threads were stopped: 0.0459247 seconds, Stopping threads took: 0.0458242 seconds
[2019-12-09T03:39:34.261+0000][1][safepoint    ] Application time: 0.0093314 seconds
[2019-12-09T03:39:34.261+0000][1][safepoint    ] Entering safepoint region: RevokeBias
[2019-12-09T03:39:34.261+0000][1][safepoint    ] Leaving safepoint region
[2019-12-09T03:39:34.261+0000][1][safepoint    ] Total time for which application threads were stopped: 0.0000901 seconds, Stopping threads took: 0.0000161 seconds
[2019-12-09T03:39:34.261+0000][1][safepoint    ] Application time: 0.0006366 seconds
[2019-12-09T03:39:34.262+0000][1][safepoint    ] Entering safepoint region: RevokeBias
[2019-12-09T03:39:34.262+0000][1][safepoint    ] Leaving safepoint region
[2019-12-09T03:39:34.262+0000][1][safepoint    ] Total time for which application threads were stopped: 0.0000954 seconds, Stopping threads took: 0.0000125 seconds
[2019-12-09T03:39:34.262+0000][1][safepoint    ] Application time: 0.0000553 seconds
[2019-12-09T03:39:34.262+0000][1][safepoint    ] Entering safepoint region: RevokeBias
[2019-12-09T03:39:34.262+0000][1][safepoint    ] Leaving safepoint region
[2019-12-09T03:39:34.262+0000][1][safepoint    ] Total time for which application threads were stopped: 0.0000727 seconds, Stopping threads took: 0.0000290 seconds
[2019-12-09T03:39:34.282+0000][1][safepoint    ] Application time: 0.0207336 seconds
[2019-12-09T03:39:34.283+0000][1][safepoint    ] Entering safepoint region: RevokeBias
[2019-12-09T03:39:34.283+0000][1][safepoint    ] Leaving safepoint region
[2019-12-09T03:39:34.283+0000][1][safepoint    ] Total time for which application threads were stopped: 0.0002728 seconds, Stopping threads took: 0.0000141 seconds
[2019-12-09T03:39:34.283+0000][1][safepoint    ] Application time: 0.0004282 seconds
[2019-12-09T03:39:34.283+0000][1][safepoint    ] Entering safepoint region: RevokeBias
[2019-12-09T03:39:34.283+0000][1][safepoint    ] Leaving safepoint region
[2019-12-09T03:39:34.283+0000][1][safepoint    ] Total time for which application threads were stopped: 0.0000643 seconds, Stopping threads took: 0.0000124 seconds
[2019-12-09T03:39:34.331+0000][1][safepoint    ] Application time: 0.0476456 seconds
[2019-12-09T03:39:34.345+0000][1][safepoint    ] Entering safepoint region: RevokeBias
[2019-12-09T03:39:34.345+0000][1][safepoint    ] Leaving safepoint region
[2019-12-09T03:39:34.345+0000][1][safepoint    ] Total time for which application threads were stopped: 0.0140619 seconds, Stopping threads took: 0.0139629 seconds
[2019-12-09T03:39:34.345+0000][1][safepoint    ] Application time: 0.0000693 seconds
[2019-12-09T03:39:34.345+0000][1][safepoint    ] Entering safepoint region: RevokeBias
[2019-12-09T03:39:34.345+0000][1][safepoint    ] Leaving safepoint region
[2019-12-09T03:39:34.345+0000][1][safepoint    ] Total time for which application threads were stopped: 0.0000544 seconds, Stopping threads took: 0.0000102 seconds
[2019-12-09T03:39:34.347+0000][1][safepoint    ] Application time: 0.0021881 seconds
[2019-12-09T03:39:34.347+0000][1][safepoint    ] Entering safepoint region: RevokeBias
[2019-12-09T03:39:34.347+0000][1][safepoint    ] Leaving safepoint region
[2019-12-09T03:39:34.347+0000][1][safepoint    ] Total time for which application threads were stopped: 0.0000885 seconds, Stopping threads took: 0.0000248 seconds
[2019-12-09T03:39:34.348+0000][1][safepoint    ] Application time: 0.0006735 seconds
[2019-12-09T03:39:34.348+0000][1][safepoint    ] Entering safepoint region: RevokeBias
[2019-12-09T03:39:34.348+0000][1][safepoint    ] Leaving safepoint region
[2019-12-09T03:39:34.348+0000][1][safepoint    ] Total time for which application threads were stopped: 0.0000616 seconds, Stopping threads took: 0.0000126 seconds
[2019-12-09T03:39:34.349+0000][1][safepoint    ] Application time: 0.0012028 seconds
[2019-12-09T03:39:34.349+0000][1][safepoint    ] Entering safepoint region: RevokeBias
[2019-12-09T03:39:34.350+0000][1][safepoint    ] Leaving safepoint region
[2019-12-09T03:39:34.350+0000][1][safepoint    ] Total time for which application threads were stopped: 0.0000770 seconds, Stopping threads took: 0.0000222 seconds
[2019-12-09T03:39:34.350+0000][1][safepoint    ] Application time: 0.0005820 seconds
[2019-12-09T03:39:34.350+0000][1][safepoint    ] Entering safepoint region: RevokeBias
[2019-12-09T03:39:34.350+0000][1][safepoint    ] Leaving safepoint region
[2019-12-09T03:39:34.350+0000][1][safepoint    ] Total time for which application threads were stopped: 0.0000666 seconds, Stopping threads took: 0.0000114 seconds
[2019-12-09T03:39:34.355+0000][1][safepoint    ] Application time: 0.0046691 seconds
[2019-12-09T03:39:34.355+0000][1][safepoint    ] Entering safepoint region: RevokeBias
[2019-12-09T03:39:34.355+0000][1][safepoint    ] Leaving safepoint region
[2019-12-09T03:39:34.355+0000][1][safepoint    ] Total time for which application threads were stopped: 0.0000647 seconds, Stopping threads took: 0.0000120 seconds
[2019-12-09T03:39:34.360+0000][1][safepoint    ] Application time: 0.0047007 seconds
[2019-12-09T03:39:34.360+0000][1][safepoint    ] Entering safepoint region: RevokeBias
[2019-12-09T03:39:34.360+0000][1][safepoint    ] Leaving safepoint region
[2019-12-09T03:39:34.360+0000][1][safepoint    ] Total time for which application threads were stopped: 0.0000709 seconds, Stopping threads took: 0.0000130 seconds
[2019-12-09T03:39:34.366+0000][1][safepoint    ] Application time: 0.0057551 seconds
[2019-12-09T03:39:34.366+0000][1][safepoint    ] Entering safepoint region: RevokeBias
[2019-12-09T03:39:34.366+0000][1][safepoint    ] Leaving safepoint region
[2019-12-09T03:39:34.366+0000][1][safepoint    ] Total time for which application threads were stopped: 0.0000683 seconds, Stopping threads took: 0.0000125 seconds
[2019-12-09T03:39:34.472+0000][1][safepoint    ] Application time: 0.1063177 seconds
[2019-12-09T03:39:34.538+0000][1][safepoint    ] Entering safepoint region: RevokeBias
[2019-12-09T03:39:34.538+0000][1][safepoint    ] Leaving safepoint region
[2019-12-09T03:39:34.538+0000][1][safepoint    ] Total time for which application threads were stopped: 0.0664033 seconds, Stopping threads took: 0.0663073 seconds
[2019-12-09T03:39:34.539+0000][1][safepoint    ] Application time: 0.0006590 seconds
[2019-12-09T03:39:34.539+0000][1][safepoint    ] Entering safepoint region: RevokeBias
[2019-12-09T03:39:34.539+0000][1][safepoint    ] Leaving safepoint region
[2019-12-09T03:39:34.539+0000][1][safepoint    ] Total time for which application threads were stopped: 0.0000648 seconds, Stopping threads took: 0.0000116 seconds
[2019-12-09T03:39:34.540+0000][1][safepoint    ] Application time: 0.0006728 seconds
[2019-12-09T03:39:34.540+0000][1][safepoint    ] Entering safepoint region: RevokeBias
[2019-12-09T03:39:34.540+0000][1][safepoint    ] Leaving safepoint region
[2019-12-09T03:39:34.540+0000][1][safepoint    ] Total time for which application threads were stopped: 0.0000645 seconds, Stopping threads took: 0.0000117 seconds
[2019-12-09T03:39:34.542+0000][1][safepoint    ] Application time: 0.0018840 seconds
[2019-12-09T03:39:34.542+0000][1][safepoint    ] Entering safepoint region: RevokeBias
[2019-12-09T03:39:34.542+0000][1][safepoint    ] Leaving safepoint region
[2019-12-09T03:39:34.542+0000][1][safepoint    ] Total time for which application threads were stopped: 0.0001249 seconds, Stopping threads took: 0.0000778 seconds
[2019-12-09T03:39:34.563+0000][1][safepoint    ] Application time: 0.0214123 seconds
[2019-12-09T03:39:34.563+0000][1][safepoint    ] Entering safepoint region: RevokeBias
[2019-12-09T03:39:34.564+0000][1][safepoint    ] Leaving safepoint region
[2019-12-09T03:39:34.564+0000][1][safepoint    ] Total time for which application threads were stopped: 0.0000835 seconds, Stopping threads took: 0.0000143 seconds
[2019-12-09T03:39:34.574+0000][1][safepoint    ] Application time: 0.0104181 seconds
[2019-12-09T03:39:34.586+0000][1][safepoint    ] Entering safepoint region: RevokeBias
[2019-12-09T03:39:34.586+0000][1][safepoint    ] Leaving safepoint region
[2019-12-09T03:39:34.586+0000][1][safepoint    ] Total time for which application threads were stopped: 0.0121244 seconds, Stopping threads took: 0.0120336 seconds
[2019-12-09T03:39:34.606+0000][1][safepoint    ] Application time: 0.0196196 seconds
[2019-12-09T03:39:34.635+0000][1][safepoint    ] Entering safepoint region: RevokeBias
[2019-12-09T03:39:34.635+0000][1][safepoint    ] Leaving safepoint region
[2019-12-09T03:39:34.635+0000][1][safepoint    ] Total time for which application threads were stopped: 0.0290446 seconds, Stopping threads took: 0.0289688 seconds
[2019-12-09T03:39:34.639+0000][1][safepoint    ] Application time: 0.0042374 seconds
[2019-12-09T03:39:34.639+0000][1][safepoint    ] Entering safepoint region: RevokeBias
[2019-12-09T03:39:34.639+0000][1][safepoint    ] Leaving safepoint region
[2019-12-09T03:39:34.639+0000][1][safepoint    ] Total time for which application threads were stopped: 0.0002076 seconds, Stopping threads took: 0.0001348 seconds
[2019-12-09T03:39:34.650+0000][1][safepoint    ] Application time: 0.0103058 seconds
[2019-12-09T03:39:34.650+0000][1][safepoint    ] Entering safepoint region: RevokeBias
[2019-12-09T03:39:34.650+0000][1][safepoint    ] Leaving safepoint region
[2019-12-09T03:39:34.650+0000][1][safepoint    ] Total time for which application threads were stopped: 0.0001534 seconds, Stopping threads took: 0.0000385 seconds
[2019-12-09T03:39:34.671+0000][1][safepoint    ] Application time: 0.0209724 seconds
[2019-12-09T03:39:34.713+0000][1][safepoint    ] Entering safepoint region: RevokeBias
[2019-12-09T03:39:34.713+0000][1][safepoint    ] Leaving safepoint region
[2019-12-09T03:39:34.713+0000][1][safepoint    ] Total time for which application threads were stopped: 0.0421548 seconds, Stopping threads took: 0.0420693 seconds
[2019-12-09T03:39:34.722+0000][1][safepoint    ] Application time: 0.0087767 seconds
[2019-12-09T03:39:34.722+0000][1][safepoint    ] Entering safepoint region: RevokeBias
[2019-12-09T03:39:34.722+0000][1][safepoint    ] Leaving safepoint region
[2019-12-09T03:39:34.722+0000][1][safepoint    ] Total time for which application threads were stopped: 0.0006877 seconds, Stopping threads took: 0.0005970 seconds
[2019-12-09T03:39:34.723+0000][1][safepoint    ] Application time: 0.0004939 seconds
[2019-12-09T03:39:34.723+0000][1][safepoint    ] Entering safepoint region: RevokeBias
[2019-12-09T03:39:34.723+0000][1][safepoint    ] Leaving safepoint region
[2019-12-09T03:39:34.723+0000][1][safepoint    ] Total time for which application threads were stopped: 0.0000754 seconds, Stopping threads took: 0.0000119 seconds
[2019-12-09T03:39:34.723+0000][1][safepoint    ] Application time: 0.0001579 seconds
[2019-12-09T03:39:34.723+0000][1][safepoint    ] Entering safepoint region: RevokeBias
[2019-12-09T03:39:34.723+0000][1][safepoint    ] Leaving safepoint region
[2019-12-09T03:39:34.723+0000][1][safepoint    ] Total time for which application threads were stopped: 0.0000552 seconds, Stopping threads took: 0.0000100 seconds
[2019-12-09T03:39:34.724+0000][1][safepoint    ] Application time: 0.0002861 seconds
[2019-12-09T03:39:34.724+0000][1][safepoint    ] Entering safepoint region: RevokeBias
[2019-12-09T03:39:34.724+0000][1][safepoint    ] Leaving safepoint region
[2019-12-09T03:39:34.724+0000][1][safepoint    ] Total time for which application threads were stopped: 0.0000978 seconds, Stopping threads took: 0.0000112 seconds
[2019-12-09T03:39:34.724+0000][1][safepoint    ] Application time: 0.0000889 seconds
[2019-12-09T03:39:34.724+0000][1][safepoint    ] Entering safepoint region: RevokeBias
[2019-12-09T03:39:34.724+0000][1][safepoint    ] Leaving safepoint region
[2019-12-09T03:39:34.724+0000][1][safepoint    ] Total time for which application threads were stopped: 0.0000596 seconds, Stopping threads took: 0.0000094 seconds
[2019-12-09T03:39:34.724+0000][1][safepoint    ] Application time: 0.0000411 seconds
[2019-12-09T03:39:34.724+0000][1][safepoint    ] Entering safepoint region: RevokeBias
[2019-12-09T03:39:34.724+0000][1][safepoint    ] Leaving safepoint region
[2019-12-09T03:39:34.724+0000][1][safepoint    ] Total time for which application threads were stopped: 0.0000521 seconds, Stopping threads took: 0.0000087 seconds
[2019-12-09T03:39:34.743+0000][1][safepoint    ] Application time: 0.0186216 seconds
[2019-12-09T03:39:34.743+0000][1][safepoint    ] Entering safepoint region: RevokeBias
[2019-12-09T03:39:34.743+0000][1][safepoint    ] Leaving safepoint region
[2019-12-09T03:39:34.743+0000][1][safepoint    ] Total time for which application threads were stopped: 0.0000758 seconds, Stopping threads took: 0.0000124 seconds
[2019-12-09T03:39:34.775+0000][1][safepoint    ] Application time: 0.0320829 seconds
[2019-12-09T03:39:34.775+0000][1][safepoint    ] Entering safepoint region: RevokeBias
[2019-12-09T03:39:34.775+0000][1][safepoint    ] Leaving safepoint region
[2019-12-09T03:39:34.775+0000][1][safepoint    ] Total time for which application threads were stopped: 0.0001069 seconds, Stopping threads took: 0.0000426 seconds
[2019-12-09T03:39:34.775+0000][1][safepoint    ] Application time: 0.0003687 seconds
[2019-12-09T03:39:34.775+0000][1][safepoint    ] Entering safepoint region: RevokeBias
[2019-12-09T03:39:34.775+0000][1][safepoint    ] Leaving safepoint region
[2019-12-09T03:39:34.775+0000][1][safepoint    ] Total time for which application threads were stopped: 0.0000728 seconds, Stopping threads took: 0.0000125 seconds
[2019-12-09T03:39:34.788+0000][1][safepoint    ] Application time: 0.0122779 seconds
[2019-12-09T03:39:34.788+0000][1][safepoint    ] Entering safepoint region: RevokeBias
[2019-12-09T03:39:34.788+0000][1][safepoint    ] Leaving safepoint region
[2019-12-09T03:39:34.788+0000][1][safepoint    ] Total time for which application threads were stopped: 0.0001633 seconds, Stopping threads took: 0.0000929 seconds
[2019-12-09T03:39:34.788+0000][1][safepoint    ] Application time: 0.0000967 seconds
[2019-12-09T03:39:34.788+0000][1][safepoint    ] Entering safepoint region: RevokeBias
[2019-12-09T03:39:34.788+0000][1][safepoint    ] Leaving safepoint region
[2019-12-09T03:39:34.788+0000][1][safepoint    ] Total time for which application threads were stopped: 0.0000648 seconds, Stopping threads took: 0.0000095 seconds
[2019-12-09T03:39:34.790+0000][1][safepoint    ] Application time: 0.0015824 seconds
[2019-12-09T03:39:34.790+0000][1][safepoint    ] Entering safepoint region: RevokeBias
[2019-12-09T03:39:34.790+0000][1][safepoint    ] Leaving safepoint region
[2019-12-09T03:39:34.790+0000][1][safepoint    ] Total time for which application threads were stopped: 0.0000980 seconds, Stopping threads took: 0.0000129 seconds
[2019-12-09T03:39:34.790+0000][1][safepoint    ] Application time: 0.0001148 seconds
[2019-12-09T03:39:34.790+0000][1][safepoint    ] Entering safepoint region: RevokeBias
[2019-12-09T03:39:34.790+0000][1][safepoint    ] Leaving safepoint region
[2019-12-09T03:39:34.790+0000][1][safepoint    ] Total time for which application threads were stopped: 0.0000646 seconds, Stopping threads took: 0.0000097 seconds
[2019-12-09T03:39:34.818+0000][1][safepoint    ] Application time: 0.0276018 seconds
[2019-12-09T03:39:34.825+0000][1][safepoint    ] Entering safepoint region: RevokeBias
[2019-12-09T03:39:34.825+0000][1][safepoint    ] Leaving safepoint region
[2019-12-09T03:39:34.825+0000][1][safepoint    ] Total time for which application threads were stopped: 0.0073333 seconds, Stopping threads took: 0.0072370 seconds
[2019-12-09T03:39:34.843+0000][1][safepoint    ] Application time: 0.0176326 seconds
[2019-12-09T03:39:34.882+0000][1][safepoint    ] Entering safepoint region: RevokeBias
[2019-12-09T03:39:34.882+0000][1][safepoint    ] Leaving safepoint region
[2019-12-09T03:39:34.882+0000][1][safepoint    ] Total time for which application threads were stopped: 0.0393420 seconds, Stopping threads took: 0.0392253 seconds
[2019-12-09T03:39:34.882+0000][1][safepoint    ] Application time: 0.0003928 seconds
[2019-12-09T03:39:34.882+0000][1][safepoint    ] Entering safepoint region: RevokeBias
[2019-12-09T03:39:34.882+0000][1][safepoint    ] Leaving safepoint region
[2019-12-09T03:39:34.882+0000][1][safepoint    ] Total time for which application threads were stopped: 0.0001043 seconds, Stopping threads took: 0.0000124 seconds
[2019-12-09T03:39:34.910+0000][1][safepoint    ] Application time: 0.0270783 seconds
[2019-12-09T03:39:34.910+0000][1][safepoint    ] Entering safepoint region: RevokeBias
[2019-12-09T03:39:34.910+0000][1][safepoint    ] Leaving safepoint region
[2019-12-09T03:39:34.910+0000][1][safepoint    ] Total time for which application threads were stopped: 0.0001478 seconds, Stopping threads took: 0.0000773 seconds
[2019-12-09T03:39:34.911+0000][1][safepoint    ] Application time: 0.0016170 seconds
[2019-12-09T03:39:34.913+0000][1][safepoint    ] Entering safepoint region: RevokeBias
[2019-12-09T03:39:34.913+0000][1][safepoint    ] Leaving safepoint region
[2019-12-09T03:39:34.913+0000][1][safepoint    ] Total time for which application threads were stopped: 0.0014880 seconds, Stopping threads took: 0.0014299 seconds
[2019-12-09T03:39:34.919+0000][1][safepoint    ] Application time: 0.0061601 seconds
[2019-12-09T03:39:34.919+0000][1][safepoint    ] Entering safepoint region: RevokeBias
[2019-12-09T03:39:34.919+0000][1][safepoint    ] Leaving safepoint region
[2019-12-09T03:39:34.919+0000][1][safepoint    ] Total time for which application threads were stopped: 0.0000743 seconds, Stopping threads took: 0.0000127 seconds
[2019-12-09T03:39:34.936+0000][1][safepoint    ] Application time: 0.0165696 seconds
[2019-12-09T03:39:34.945+0000][1][safepoint    ] Entering safepoint region: RevokeBias
[2019-12-09T03:39:34.945+0000][1][safepoint    ] Leaving safepoint region
[2019-12-09T03:39:34.945+0000][1][safepoint    ] Total time for which application threads were stopped: 0.0090878 seconds, Stopping threads took: 0.0090235 seconds
[2019-12-09T03:39:34.946+0000][1][safepoint    ] Application time: 0.0011406 seconds
[2019-12-09T03:39:34.946+0000][1][safepoint    ] Entering safepoint region: RevokeBias
[2019-12-09T03:39:34.946+0000][1][safepoint    ] Leaving safepoint region
[2019-12-09T03:39:34.946+0000][1][safepoint    ] Total time for which application threads were stopped: 0.0000709 seconds, Stopping threads took: 0.0000113 seconds
[2019-12-09T03:39:34.952+0000][1][safepoint    ] Application time: 0.0059877 seconds
[2019-12-09T03:39:34.985+0000][1][safepoint    ] Entering safepoint region: RevokeBias
[2019-12-09T03:39:34.985+0000][1][safepoint    ] Leaving safepoint region
[2019-12-09T03:39:34.985+0000][1][safepoint    ] Total time for which application threads were stopped: 0.0332788 seconds, Stopping threads took: 0.0331895 seconds
[2019-12-09T03:39:34.989+0000][1][safepoint    ] Application time: 0.0034562 seconds
[2019-12-09T03:39:34.989+0000][1][safepoint    ] Entering safepoint region: RevokeBias
[2019-12-09T03:39:34.989+0000][1][safepoint    ] Leaving safepoint region
[2019-12-09T03:39:34.989+0000][1][safepoint    ] Total time for which application threads were stopped: 0.0001280 seconds, Stopping threads took: 0.0000137 seconds
[2019-12-09T03:39:34.992+0000][1][safepoint    ] Application time: 0.0029683 seconds
[2019-12-09T03:39:34.992+0000][1][safepoint    ] Entering safepoint region: RevokeBias
[2019-12-09T03:39:34.992+0000][1][safepoint    ] Leaving safepoint region
[2019-12-09T03:39:34.992+0000][1][safepoint    ] Total time for which application threads were stopped: 0.0000907 seconds, Stopping threads took: 0.0000145 seconds
[2019-12-09T03:39:35.023+0000][1][safepoint    ] Application time: 0.0304620 seconds
[2019-12-09T03:39:35.050+0000][1][safepoint    ] Entering safepoint region: RevokeBias
[2019-12-09T03:39:35.050+0000][1][safepoint    ] Leaving safepoint region
[2019-12-09T03:39:35.050+0000][1][safepoint    ] Total time for which application threads were stopped: 0.0274421 seconds, Stopping threads took: 0.0273398 seconds
[2019-12-09T03:39:35.057+0000][1][safepoint    ] Application time: 0.0074368 seconds
[2019-12-09T03:39:35.103+0000][1][safepoint    ] Entering safepoint region: RevokeBias
[2019-12-09T03:39:35.103+0000][1][safepoint    ] Leaving safepoint region
[2019-12-09T03:39:35.103+0000][1][safepoint    ] Total time for which application threads were stopped: 0.0454267 seconds, Stopping threads took: 0.0453002 seconds
[2019-12-09T03:39:35.126+0000][1][safepoint    ] Application time: 0.0232171 seconds
[2019-12-09T03:39:35.257+0000][1][safepoint    ] Entering safepoint region: RevokeBias
[2019-12-09T03:39:35.257+0000][1][safepoint    ] Leaving safepoint region
[2019-12-09T03:39:35.257+0000][1][safepoint    ] Total time for which application threads were stopped: 0.1309164 seconds, Stopping threads took: 0.1307784 seconds
[2019-12-09T03:39:35.344+0000][1][safepoint    ] Application time: 0.0865142 seconds
[2019-12-09T03:39:35.344+0000][1][safepoint    ] Entering safepoint region: RevokeBias
[2019-12-09T03:39:35.344+0000][1][safepoint    ] Leaving safepoint region
[2019-12-09T03:39:35.344+0000][1][safepoint    ] Total time for which application threads were stopped: 0.0001499 seconds, Stopping threads took: 0.0000165 seconds
[2019-12-09T03:39:35.344+0000][1][safepoint    ] Application time: 0.0002581 seconds
[2019-12-09T03:39:35.344+0000][1][safepoint    ] Entering safepoint region: RevokeBias
[2019-12-09T03:39:35.344+0000][1][safepoint    ] Leaving safepoint region
[2019-12-09T03:39:35.344+0000][1][safepoint    ] Total time for which application threads were stopped: 0.0000730 seconds, Stopping threads took: 0.0000108 seconds
[2019-12-09T03:39:35.345+0000][1][safepoint    ] Application time: 0.0005154 seconds
[2019-12-09T03:39:35.345+0000][1][safepoint    ] Entering safepoint region: RevokeBias
[2019-12-09T03:39:35.345+0000][1][safepoint    ] Leaving safepoint region
[2019-12-09T03:39:35.345+0000][1][safepoint    ] Total time for which application threads were stopped: 0.0004726 seconds, Stopping threads took: 0.0000141 seconds
[2019-12-09T03:39:35.352+0000][1][safepoint    ] Application time: 0.0065803 seconds
[2019-12-09T03:39:35.352+0000][1][safepoint    ] Entering safepoint region: RevokeBias
[2019-12-09T03:39:35.352+0000][1][safepoint    ] Leaving safepoint region
[2019-12-09T03:39:35.352+0000][1][safepoint    ] Total time for which application threads were stopped: 0.0001550 seconds, Stopping threads took: 0.0000599 seconds
[2019-12-09T03:39:35.353+0000][1][safepoint    ] Application time: 0.0009956 seconds
[2019-12-09T03:39:35.353+0000][1][safepoint    ] Entering safepoint region: RevokeBias
[2019-12-09T03:39:35.353+0000][1][safepoint    ] Leaving safepoint region
[2019-12-09T03:39:35.353+0000][1][safepoint    ] Total time for which application threads were stopped: 0.0003895 seconds, Stopping threads took: 0.0000105 seconds
[2019-12-09T03:39:35.364+0000][1][safepoint    ] Application time: 0.0105006 seconds
[2019-12-09T03:39:35.364+0000][1][safepoint    ] Entering safepoint region: RevokeBias
[2019-12-09T03:39:35.364+0000][1][safepoint    ] Leaving safepoint region
[2019-12-09T03:39:35.364+0000][1][safepoint    ] Total time for which application threads were stopped: 0.0001548 seconds, Stopping threads took: 0.0000957 seconds
[2019-12-09T03:39:35.376+0000][1][safepoint    ] Application time: 0.0119707 seconds
[2019-12-09T03:39:35.425+0000][1][safepoint    ] Entering safepoint region: BulkRevokeBias
[2019-12-09T03:39:35.426+0000][1][safepoint    ] Leaving safepoint region
[2019-12-09T03:39:35.426+0000][1][safepoint    ] Total time for which application threads were stopped: 0.0497571 seconds, Stopping threads took: 0.0489571 seconds
[2019-12-09T03:39:35.439+0000][1][safepoint    ] Application time: 0.0134686 seconds
[2019-12-09T03:39:35.439+0000][1][safepoint    ] Entering safepoint region: RevokeBias
[2019-12-09T03:39:35.439+0000][1][safepoint    ] Leaving safepoint region
[2019-12-09T03:39:35.439+0000][1][safepoint    ] Total time for which application threads were stopped: 0.0002211 seconds, Stopping threads took: 0.0001304 seconds
[2019-12-09T03:39:35.440+0000][1][safepoint    ] Application time: 0.0003921 seconds
[2019-12-09T03:39:35.440+0000][1][safepoint    ] Entering safepoint region: RevokeBias
[2019-12-09T03:39:35.440+0000][1][safepoint    ] Leaving safepoint region
[2019-12-09T03:39:35.440+0000][1][safepoint    ] Total time for which application threads were stopped: 0.0000755 seconds, Stopping threads took: 0.0000130 seconds
[2019-12-09T03:39:35.482+0000][1][safepoint    ] Application time: 0.0423061 seconds
[2019-12-09T03:39:35.530+0000][1][safepoint    ] Entering safepoint region: RevokeBias
[2019-12-09T03:39:35.530+0000][1][safepoint    ] Leaving safepoint region
[2019-12-09T03:39:35.530+0000][1][safepoint    ] Total time for which application threads were stopped: 0.0475786 seconds, Stopping threads took: 0.0474641 seconds
[2019-12-09T03:39:35.533+0000][1][safepoint    ] Application time: 0.0028478 seconds
[2019-12-09T03:39:35.533+0000][1][safepoint    ] Entering safepoint region: RevokeBias
[2019-12-09T03:39:35.533+0000][1][safepoint    ] Leaving safepoint region
[2019-12-09T03:39:35.533+0000][1][safepoint    ] Total time for which application threads were stopped: 0.0000873 seconds, Stopping threads took: 0.0000147 seconds
[2019-12-09T03:39:35.533+0000][1][safepoint    ] Application time: 0.0003909 seconds
[2019-12-09T03:39:35.533+0000][1][safepoint    ] Entering safepoint region: RevokeBias
[2019-12-09T03:39:35.533+0000][1][safepoint    ] Leaving safepoint region
[2019-12-09T03:39:35.533+0000][1][safepoint    ] Total time for which application threads were stopped: 0.0000725 seconds, Stopping threads took: 0.0000116 seconds
[2019-12-09T03:39:35.539+0000][1][safepoint    ] Application time: 0.0055430 seconds
[2019-12-09T03:39:35.539+0000][1][safepoint    ] Entering safepoint region: RevokeBias
[2019-12-09T03:39:35.539+0000][1][safepoint    ] Leaving safepoint region
[2019-12-09T03:39:35.539+0000][1][safepoint    ] Total time for which application threads were stopped: 0.0002165 seconds, Stopping threads took: 0.0000920 seconds
[2019-12-09T03:39:35.540+0000][1][safepoint    ] Application time: 0.0004124 seconds
[2019-12-09T03:39:35.540+0000][1][safepoint    ] Entering safepoint region: RevokeBias
[2019-12-09T03:39:35.540+0000][1][safepoint    ] Leaving safepoint region
[2019-12-09T03:39:35.540+0000][1][safepoint    ] Total time for which application threads were stopped: 0.0001605 seconds, Stopping threads took: 0.0000125 seconds
[2019-12-09T03:39:35.543+0000][1][safepoint    ] Application time: 0.0031553 seconds
[2019-12-09T03:39:35.543+0000][1][safepoint    ] Entering safepoint region: RevokeBias
[2019-12-09T03:39:35.543+0000][1][safepoint    ] Leaving safepoint region
[2019-12-09T03:39:35.543+0000][1][safepoint    ] Total time for which application threads were stopped: 0.0000769 seconds, Stopping threads took: 0.0000128 seconds
[2019-12-09T03:39:35.544+0000][1][safepoint    ] Application time: 0.0006393 seconds
[2019-12-09T03:39:35.544+0000][1][safepoint    ] Entering safepoint region: RevokeBias
[2019-12-09T03:39:35.544+0000][1][safepoint    ] Leaving safepoint region
[2019-12-09T03:39:35.544+0000][1][safepoint    ] Total time for which application threads were stopped: 0.0000979 seconds, Stopping threads took: 0.0000134 seconds
[2019-12-09T03:39:35.544+0000][1][safepoint    ] Application time: 0.0003136 seconds
[2019-12-09T03:39:35.544+0000][1][safepoint    ] Entering safepoint region: RevokeBias
[2019-12-09T03:39:35.544+0000][1][safepoint    ] Leaving safepoint region
[2019-12-09T03:39:35.544+0000][1][safepoint    ] Total time for which application threads were stopped: 0.0000665 seconds, Stopping threads took: 0.0000114 seconds
[2019-12-09T03:39:35.545+0000][1][safepoint    ] Application time: 0.0003656 seconds
[2019-12-09T03:39:35.545+0000][1][safepoint    ] Entering safepoint region: RevokeBias
[2019-12-09T03:39:35.545+0000][1][safepoint    ] Leaving safepoint region
[2019-12-09T03:39:35.545+0000][1][safepoint    ] Total time for which application threads were stopped: 0.0000655 seconds, Stopping threads took: 0.0000115 seconds
[2019-12-09T03:39:35.545+0000][1][safepoint    ] Application time: 0.0004078 seconds
[2019-12-09T03:39:35.545+0000][1][safepoint    ] Entering safepoint region: RevokeBias
[2019-12-09T03:39:35.545+0000][1][safepoint    ] Leaving safepoint region
[2019-12-09T03:39:35.545+0000][1][safepoint    ] Total time for which application threads were stopped: 0.0000579 seconds, Stopping threads took: 0.0000112 seconds
[2019-12-09T03:39:35.559+0000][1][safepoint    ] Application time: 0.0134980 seconds
[2019-12-09T03:39:35.559+0000][1][safepoint    ] Entering safepoint region: RevokeBias
[2019-12-09T03:39:35.559+0000][1][safepoint    ] Leaving safepoint region
[2019-12-09T03:39:35.559+0000][1][safepoint    ] Total time for which application threads were stopped: 0.0001193 seconds, Stopping threads took: 0.0000299 seconds
[2019-12-09T03:39:35.566+0000][1][safepoint    ] Application time: 0.0070443 seconds
[2019-12-09T03:39:35.566+0000][1][safepoint    ] Entering safepoint region: RevokeBias
[2019-12-09T03:39:35.566+0000][1][safepoint    ] Leaving safepoint region
[2019-12-09T03:39:35.566+0000][1][safepoint    ] Total time for which application threads were stopped: 0.0002657 seconds, Stopping threads took: 0.0002039 seconds
[2019-12-09T03:39:35.566+0000][1][safepoint    ] Application time: 0.0002617 seconds
[2019-12-09T03:39:35.566+0000][1][safepoint    ] Entering safepoint region: RevokeBias
[2019-12-09T03:39:35.566+0000][1][safepoint    ] Leaving safepoint region
[2019-12-09T03:39:35.566+0000][1][safepoint    ] Total time for which application threads were stopped: 0.0000593 seconds, Stopping threads took: 0.0000105 seconds
[2019-12-09T03:39:35.573+0000][1][safepoint    ] Application time: 0.0068963 seconds
[2019-12-09T03:39:35.573+0000][1][safepoint    ] Entering safepoint region: RevokeBias
[2019-12-09T03:39:35.573+0000][1][safepoint    ] Leaving safepoint region
[2019-12-09T03:39:35.573+0000][1][safepoint    ] Total time for which application threads were stopped: 0.0000772 seconds, Stopping threads took: 0.0000134 seconds
[2019-12-09T03:39:35.574+0000][1][safepoint    ] Application time: 0.0004375 seconds
[2019-12-09T03:39:35.574+0000][1][safepoint    ] Entering safepoint region: RevokeBias
[2019-12-09T03:39:35.574+0000][1][safepoint    ] Leaving safepoint region
[2019-12-09T03:39:35.574+0000][1][safepoint    ] Total time for which application threads were stopped: 0.0000685 seconds, Stopping threads took: 0.0000129 seconds
[2019-12-09T03:39:35.574+0000][1][safepoint    ] Application time: 0.0001953 seconds
[2019-12-09T03:39:35.574+0000][1][safepoint    ] Entering safepoint region: RevokeBias
[2019-12-09T03:39:35.574+0000][1][safepoint    ] Leaving safepoint region
[2019-12-09T03:39:35.574+0000][1][safepoint    ] Total time for which application threads were stopped: 0.0000586 seconds, Stopping threads took: 0.0000106 seconds
[2019-12-09T03:39:35.575+0000][1][safepoint    ] Application time: 0.0003427 seconds
[2019-12-09T03:39:35.575+0000][1][safepoint    ] Entering safepoint region: RevokeBias
[2019-12-09T03:39:35.575+0000][1][safepoint    ] Leaving safepoint region
[2019-12-09T03:39:35.575+0000][1][safepoint    ] Total time for which application threads were stopped: 0.0000556 seconds, Stopping threads took: 0.0000098 seconds
[2019-12-09T03:39:35.575+0000][1][safepoint    ] Application time: 0.0004605 seconds
[2019-12-09T03:39:35.575+0000][1][safepoint    ] Entering safepoint region: RevokeBias
[2019-12-09T03:39:35.575+0000][1][safepoint    ] Leaving safepoint region
[2019-12-09T03:39:35.575+0000][1][safepoint    ] Total time for which application threads were stopped: 0.0000578 seconds, Stopping threads took: 0.0000110 seconds
[2019-12-09T03:39:35.575+0000][1][safepoint    ] Application time: 0.0002149 seconds
[2019-12-09T03:39:35.575+0000][1][safepoint    ] Entering safepoint region: RevokeBias
[2019-12-09T03:39:35.575+0000][1][safepoint    ] Leaving safepoint region
[2019-12-09T03:39:35.575+0000][1][safepoint    ] Total time for which application threads were stopped: 0.0000588 seconds, Stopping threads took: 0.0000108 seconds
[2019-12-09T03:39:35.576+0000][1][safepoint    ] Application time: 0.0001195 seconds
[2019-12-09T03:39:35.576+0000][1][safepoint    ] Entering safepoint region: RevokeBias
[2019-12-09T03:39:35.576+0000][1][safepoint    ] Leaving safepoint region
[2019-12-09T03:39:35.576+0000][1][safepoint    ] Total time for which application threads were stopped: 0.0000727 seconds, Stopping threads took: 0.0000098 seconds
[2019-12-09T03:39:35.576+0000][1][safepoint    ] Application time: 0.0002094 seconds
[2019-12-09T03:39:35.576+0000][1][safepoint    ] Entering safepoint region: BulkRevokeBias
[2019-12-09T03:39:35.576+0000][1][safepoint    ] Leaving safepoint region
[2019-12-09T03:39:35.576+0000][1][safepoint    ] Total time for which application threads were stopped: 0.0003964 seconds, Stopping threads took: 0.0000109 seconds
[2019-12-09T03:39:35.600+0000][1][safepoint    ] Application time: 0.0235184 seconds
[2019-12-09T03:39:35.623+0000][1][safepoint    ] Entering safepoint region: RevokeBias
[2019-12-09T03:39:35.623+0000][1][safepoint    ] Leaving safepoint region
[2019-12-09T03:39:35.623+0000][1][safepoint    ] Total time for which application threads were stopped: 0.0230285 seconds, Stopping threads took: 0.0229517 seconds
[2019-12-09T03:39:35.646+0000][1][safepoint    ] Application time: 0.0231867 seconds
[2019-12-09T03:39:35.646+0000][1][safepoint    ] Entering safepoint region: RevokeBias
[2019-12-09T03:39:35.646+0000][1][safepoint    ] Leaving safepoint region
[2019-12-09T03:39:35.646+0000][1][safepoint    ] Total time for which application threads were stopped: 0.0001389 seconds, Stopping threads took: 0.0000533 seconds
[2019-12-09T03:39:35.647+0000][1][safepoint    ] Application time: 0.0004582 seconds
[2019-12-09T03:39:35.647+0000][1][safepoint    ] Entering safepoint region: RevokeBias
[2019-12-09T03:39:35.647+0000][1][safepoint    ] Leaving safepoint region
[2019-12-09T03:39:35.647+0000][1][safepoint    ] Total time for which application threads were stopped: 0.0000696 seconds, Stopping threads took: 0.0000122 seconds
[2019-12-09T03:39:35.650+0000][1][safepoint    ] Application time: 0.0030763 seconds
[2019-12-09T03:39:35.686+0000][1][safepoint    ] Entering safepoint region: RevokeBias
[2019-12-09T03:39:35.686+0000][1][safepoint    ] Leaving safepoint region
[2019-12-09T03:39:35.686+0000][1][safepoint    ] Total time for which application threads were stopped: 0.0358860 seconds, Stopping threads took: 0.0357944 seconds
[2019-12-09T03:39:35.696+0000][1][safepoint    ] Application time: 0.0098811 seconds
[2019-12-09T03:39:35.696+0000][1][safepoint    ] Entering safepoint region: RevokeBias
[2019-12-09T03:39:35.696+0000][1][safepoint    ] Leaving safepoint region
[2019-12-09T03:39:35.696+0000][1][safepoint    ] Total time for which application threads were stopped: 0.0000859 seconds, Stopping threads took: 0.0000167 seconds
[2019-12-09T03:39:35.696+0000][1][safepoint    ] Application time: 0.0001170 seconds
[2019-12-09T03:39:35.696+0000][1][safepoint    ] Entering safepoint region: BulkRevokeBias
[2019-12-09T03:39:35.696+0000][1][safepoint    ] Leaving safepoint region
[2019-12-09T03:39:35.696+0000][1][safepoint    ] Total time for which application threads were stopped: 0.0004209 seconds, Stopping threads took: 0.0000095 seconds
[2019-12-09T03:39:35.697+0000][1][safepoint    ] Application time: 0.0005254 seconds
[2019-12-09T03:39:35.697+0000][1][safepoint    ] Entering safepoint region: RevokeBias
[2019-12-09T03:39:35.697+0000][1][safepoint    ] Leaving safepoint region
[2019-12-09T03:39:35.697+0000][1][safepoint    ] Total time for which application threads were stopped: 0.0000910 seconds, Stopping threads took: 0.0000150 seconds
[2019-12-09T03:39:35.728+0000][1][safepoint    ] Application time: 0.0309342 seconds
[2019-12-09T03:39:35.728+0000][1][safepoint    ] Entering safepoint region: RevokeBias
[2019-12-09T03:39:35.728+0000][1][safepoint    ] Leaving safepoint region
[2019-12-09T03:39:35.728+0000][1][safepoint    ] Total time for which application threads were stopped: 0.0001392 seconds, Stopping threads took: 0.0000175 seconds
[2019-12-09T03:39:35.751+0000][1][safepoint    ] Application time: 0.0233225 seconds
[2019-12-09T03:39:35.752+0000][1][safepoint    ] Entering safepoint region: RevokeBias
[2019-12-09T03:39:35.752+0000][1][safepoint    ] Leaving safepoint region
[2019-12-09T03:39:35.752+0000][1][safepoint    ] Total time for which application threads were stopped: 0.0003151 seconds, Stopping threads took: 0.0001788 seconds
[2019-12-09T03:39:35.775+0000][1][safepoint    ] Application time: 0.0228012 seconds
[2019-12-09T03:39:35.776+0000][1][safepoint    ] Entering safepoint region: RevokeBias
[2019-12-09T03:39:35.776+0000][1][safepoint    ] Leaving safepoint region
[2019-12-09T03:39:35.776+0000][1][safepoint    ] Total time for which application threads were stopped: 0.0012006 seconds, Stopping threads took: 0.0011132 seconds
[2019-12-09T03:39:35.801+0000][1][safepoint    ] Application time: 0.0250251 seconds
[2019-12-09T03:39:35.806+0000][1][safepoint    ] Entering safepoint region: RevokeBias
[2019-12-09T03:39:35.806+0000][1][safepoint    ] Leaving safepoint region
[2019-12-09T03:39:35.806+0000][1][safepoint    ] Total time for which application threads were stopped: 0.0049797 seconds, Stopping threads took: 0.0048843 seconds
[2019-12-09T03:39:35.841+0000][1][safepoint    ] Application time: 0.0348816 seconds
[2019-12-09T03:39:35.841+0000][1][safepoint    ] Entering safepoint region: RevokeBias
[2019-12-09T03:39:35.841+0000][1][safepoint    ] Leaving safepoint region
[2019-12-09T03:39:35.841+0000][1][safepoint    ] Total time for which application threads were stopped: 0.0001267 seconds, Stopping threads took: 0.0000165 seconds
[2019-12-09T03:39:35.843+0000][1][safepoint    ] Application time: 0.0024726 seconds
[2019-12-09T03:39:35.843+0000][1][safepoint    ] Entering safepoint region: RevokeBias
[2019-12-09T03:39:35.844+0000][1][safepoint    ] Leaving safepoint region
[2019-12-09T03:39:35.844+0000][1][safepoint    ] Total time for which application threads were stopped: 0.0006387 seconds, Stopping threads took: 0.0000148 seconds
[2019-12-09T03:39:36.094+0000][1][safepoint    ] Application time: 0.2498888 seconds
[2019-12-09T03:39:36.157+0000][1][safepoint    ] Entering safepoint region: RevokeBias
[2019-12-09T03:39:36.157+0000][1][safepoint    ] Leaving safepoint region
[2019-12-09T03:39:36.157+0000][1][safepoint    ] Total time for which application threads were stopped: 0.0630011 seconds, Stopping threads took: 0.0628089 seconds
[2019-12-09T03:39:36.158+0000][1][safepoint    ] Application time: 0.0008432 seconds
[2019-12-09T03:39:36.158+0000][1][safepoint    ] Entering safepoint region: RevokeBias
[2019-12-09T03:39:36.158+0000][1][safepoint    ] Leaving safepoint region
[2019-12-09T03:39:36.158+0000][1][safepoint    ] Total time for which application threads were stopped: 0.0001231 seconds, Stopping threads took: 0.0000171 seconds
[2019-12-09T03:39:36.158+0000][1][safepoint    ] Application time: 0.0004598 seconds
[2019-12-09T03:39:36.159+0000][1][safepoint    ] Entering safepoint region: RevokeBias
[2019-12-09T03:39:36.159+0000][1][safepoint    ] Leaving safepoint region
[2019-12-09T03:39:36.159+0000][1][safepoint    ] Total time for which application threads were stopped: 0.0000946 seconds, Stopping threads took: 0.0000127 seconds
[2019-12-09T03:39:36.166+0000][1][safepoint    ] Application time: 0.0069167 seconds
[2019-12-09T03:39:36.166+0000][1][safepoint    ] Entering safepoint region: RevokeBias
[2019-12-09T03:39:36.166+0000][1][safepoint    ] Leaving safepoint region
[2019-12-09T03:39:36.166+0000][1][safepoint    ] Total time for which application threads were stopped: 0.0000954 seconds, Stopping threads took: 0.0000146 seconds
[2019-12-09T03:39:36.166+0000][1][safepoint    ] Application time: 0.0002059 seconds
[2019-12-09T03:39:36.166+0000][1][safepoint    ] Entering safepoint region: RevokeBias
[2019-12-09T03:39:36.166+0000][1][safepoint    ] Leaving safepoint region
[2019-12-09T03:39:36.166+0000][1][safepoint    ] Total time for which application threads were stopped: 0.0000737 seconds, Stopping threads took: 0.0000109 seconds
[2019-12-09T03:39:36.548+0000][1][safepoint    ] Application time: 0.3818150 seconds
[2019-12-09T03:39:36.587+0000][1][safepoint    ] Entering safepoint region: RevokeBias
[2019-12-09T03:39:36.587+0000][1][safepoint    ] Leaving safepoint region
[2019-12-09T03:39:36.587+0000][1][safepoint    ] Total time for which application threads were stopped: 0.0391360 seconds, Stopping threads took: 0.0389635 seconds
[2019-12-09T03:39:36.589+0000][1][safepoint    ] Application time: 0.0018453 seconds
[2019-12-09T03:39:36.589+0000][1][safepoint    ] Entering safepoint region: RevokeBias
[2019-12-09T03:39:36.589+0000][1][safepoint    ] Leaving safepoint region
[2019-12-09T03:39:36.589+0000][1][safepoint    ] Total time for which application threads were stopped: 0.0001499 seconds, Stopping threads took: 0.0000166 seconds
[2019-12-09T03:39:36.617+0000][1][safepoint    ] Application time: 0.0279577 seconds
[2019-12-09T03:39:36.617+0000][1][safepoint    ] Entering safepoint region: BulkRevokeBias
[2019-12-09T03:39:36.617+0000][1][safepoint    ] Leaving safepoint region
[2019-12-09T03:39:36.617+0000][1][safepoint    ] Total time for which application threads were stopped: 0.0004206 seconds, Stopping threads took: 0.0000186 seconds
[2019-12-09T03:39:36.698+0000][1][safepoint    ] Application time: 0.0802485 seconds
[2019-12-09T03:39:36.713+0000][1][safepoint    ] Entering safepoint region: RevokeBias
[2019-12-09T03:39:36.713+0000][1][safepoint    ] Leaving safepoint region
[2019-12-09T03:39:36.713+0000][1][safepoint    ] Total time for which application threads were stopped: 0.0151407 seconds, Stopping threads took: 0.0150355 seconds
[2019-12-09T03:39:36.713+0000][1][safepoint    ] Application time: 0.0004874 seconds
[2019-12-09T03:39:36.713+0000][1][safepoint    ] Entering safepoint region: RevokeBias
[2019-12-09T03:39:36.713+0000][1][safepoint    ] Leaving safepoint region
[2019-12-09T03:39:36.713+0000][1][safepoint    ] Total time for which application threads were stopped: 0.0000908 seconds, Stopping threads took: 0.0000172 seconds
[2019-12-09T03:39:36.799+0000][1][safepoint    ] Application time: 0.0856246 seconds
[2019-12-09T03:39:36.830+0000][1][safepoint    ] Entering safepoint region: RevokeBias
[2019-12-09T03:39:36.830+0000][1][safepoint    ] Leaving safepoint region
[2019-12-09T03:39:36.830+0000][1][safepoint    ] Total time for which application threads were stopped: 0.0308039 seconds, Stopping threads took: 0.0306725 seconds
[2019-12-09T03:39:36.835+0000][1][safepoint    ] Application time: 0.0052982 seconds
[2019-12-09T03:39:36.835+0000][1][safepoint    ] Entering safepoint region: RevokeBias
[2019-12-09T03:39:36.835+0000][1][safepoint    ] Leaving safepoint region
[2019-12-09T03:39:36.835+0000][1][safepoint    ] Total time for which application threads were stopped: 0.0001377 seconds, Stopping threads took: 0.0000495 seconds
[2019-12-09T03:39:36.884+0000][1][safepoint    ] Application time: 0.0483621 seconds
[2019-12-09T03:39:36.884+0000][1][safepoint    ] Entering safepoint region: RevokeBias
[2019-12-09T03:39:36.884+0000][1][safepoint    ] Leaving safepoint region
[2019-12-09T03:39:36.884+0000][1][safepoint    ] Total time for which application threads were stopped: 0.0001557 seconds, Stopping threads took: 0.0000526 seconds
[2019-12-09T03:39:36.885+0000][1][safepoint    ] Application time: 0.0012043 seconds
[2019-12-09T03:39:36.885+0000][1][safepoint    ] Entering safepoint region: RevokeBias
[2019-12-09T03:39:36.885+0000][1][safepoint    ] Leaving safepoint region
[2019-12-09T03:39:36.885+0000][1][safepoint    ] Total time for which application threads were stopped: 0.0001463 seconds, Stopping threads took: 0.0000658 seconds
[2019-12-09T03:39:36.886+0000][1][safepoint    ] Application time: 0.0008000 seconds
[2019-12-09T03:39:36.886+0000][1][safepoint    ] Entering safepoint region: RevokeBias
[2019-12-09T03:39:36.886+0000][1][safepoint    ] Leaving safepoint region
[2019-12-09T03:39:36.886+0000][1][safepoint    ] Total time for which application threads were stopped: 0.0000791 seconds, Stopping threads took: 0.0000145 seconds
[2019-12-09T03:39:36.886+0000][1][safepoint    ] Application time: 0.0000463 seconds
[2019-12-09T03:39:36.886+0000][1][safepoint    ] Entering safepoint region: RevokeBias
[2019-12-09T03:39:36.886+0000][1][safepoint    ] Leaving safepoint region
[2019-12-09T03:39:36.886+0000][1][safepoint    ] Total time for which application threads were stopped: 0.0000558 seconds, Stopping threads took: 0.0000097 seconds
[2019-12-09T03:39:36.985+0000][1][safepoint    ] Application time: 0.0983314 seconds
[2019-12-09T03:39:37.000+0000][1][safepoint    ] Entering safepoint region: RevokeBias
[2019-12-09T03:39:37.000+0000][1][safepoint    ] Leaving safepoint region
[2019-12-09T03:39:37.000+0000][1][safepoint    ] Total time for which application threads were stopped: 0.0154735 seconds, Stopping threads took: 0.0153630 seconds
[2019-12-09T03:39:37.012+0000][1][safepoint    ] Application time: 0.0119492 seconds
[2019-12-09T03:39:37.012+0000][1][safepoint    ] Entering safepoint region: RevokeBias
[2019-12-09T03:39:37.012+0000][1][safepoint    ] Leaving safepoint region
[2019-12-09T03:39:37.012+0000][1][safepoint    ] Total time for which application threads were stopped: 0.0001536 seconds, Stopping threads took: 0.0000590 seconds
[2019-12-09T03:39:37.013+0000][1][safepoint    ] Application time: 0.0004687 seconds
[2019-12-09T03:39:37.013+0000][1][safepoint    ] Entering safepoint region: RevokeBias
[2019-12-09T03:39:37.013+0000][1][safepoint    ] Leaving safepoint region
[2019-12-09T03:39:37.013+0000][1][safepoint    ] Total time for which application threads were stopped: 0.0000861 seconds, Stopping threads took: 0.0000147 seconds
[2019-12-09T03:39:37.013+0000][1][safepoint    ] Application time: 0.0000780 seconds
[2019-12-09T03:39:37.013+0000][1][safepoint    ] Entering safepoint region: RevokeBias
[2019-12-09T03:39:37.013+0000][1][safepoint    ] Leaving safepoint region
[2019-12-09T03:39:37.013+0000][1][safepoint    ] Total time for which application threads were stopped: 0.0000695 seconds, Stopping threads took: 0.0000103 seconds
[2019-12-09T03:39:37.013+0000][1][safepoint    ] Application time: 0.0000642 seconds
[2019-12-09T03:39:37.013+0000][1][safepoint    ] Entering safepoint region: RevokeBias
[2019-12-09T03:39:37.013+0000][1][safepoint    ] Leaving safepoint region
[2019-12-09T03:39:37.013+0000][1][safepoint    ] Total time for which application threads were stopped: 0.0000630 seconds, Stopping threads took: 0.0000096 seconds
[2019-12-09T03:39:37.014+0000][1][safepoint    ] Application time: 0.0002534 seconds
[2019-12-09T03:39:37.014+0000][1][safepoint    ] Entering safepoint region: RevokeBias
[2019-12-09T03:39:37.014+0000][1][safepoint    ] Leaving safepoint region
[2019-12-09T03:39:37.014+0000][1][safepoint    ] Total time for which application threads were stopped: 0.0000739 seconds, Stopping threads took: 0.0000125 seconds
[2019-12-09T03:39:37.092+0000][1][safepoint    ] Application time: 0.0781032 seconds
[2019-12-09T03:39:37.120+0000][1][safepoint    ] Entering safepoint region: RevokeBias
[2019-12-09T03:39:37.120+0000][1][safepoint    ] Leaving safepoint region
[2019-12-09T03:39:37.120+0000][1][safepoint    ] Total time for which application threads were stopped: 0.0281021 seconds, Stopping threads took: 0.0280000 seconds
[2019-12-09T03:39:37.342+0000][1][safepoint    ] Application time: 0.2224897 seconds
[2019-12-09T03:39:37.363+0000][1][safepoint    ] Entering safepoint region: Deoptimize
[2019-12-09T03:39:37.364+0000][1][safepoint    ] Leaving safepoint region
[2019-12-09T03:39:37.364+0000][1][safepoint    ] Total time for which application threads were stopped: 0.0216543 seconds, Stopping threads took: 0.0208646 seconds
[2019-12-09T03:39:38.342+0000][1][safepoint    ] Application time: 0.9776416 seconds
[2019-12-09T03:39:38.371+0000][1][safepoint    ] Entering safepoint region: RevokeBias
[2019-12-09T03:39:38.371+0000][1][safepoint    ] Leaving safepoint region
[2019-12-09T03:39:38.371+0000][1][safepoint    ] Total time for which application threads were stopped: 0.0290547 seconds, Stopping threads took: 0.0289180 seconds
[2019-12-09T03:39:38.371+0000][1][safepoint    ] Application time: 0.0002268 seconds
[2019-12-09T03:39:38.371+0000][1][safepoint    ] Entering safepoint region: RevokeBias
[2019-12-09T03:39:38.371+0000][1][safepoint    ] Leaving safepoint region
[2019-12-09T03:39:38.371+0000][1][safepoint    ] Total time for which application threads were stopped: 0.0000923 seconds, Stopping threads took: 0.0000152 seconds
[2019-12-09T03:39:38.372+0000][1][safepoint    ] Application time: 0.0003700 seconds
[2019-12-09T03:39:38.372+0000][1][safepoint    ] Entering safepoint region: RevokeBias
[2019-12-09T03:39:38.372+0000][1][safepoint    ] Leaving safepoint region
[2019-12-09T03:39:38.372+0000][1][safepoint    ] Total time for which application threads were stopped: 0.0000821 seconds, Stopping threads took: 0.0000158 seconds
[2019-12-09T03:39:38.372+0000][1][safepoint    ] Application time: 0.0002485 seconds
[2019-12-09T03:39:38.377+0000][1][safepoint    ] Entering safepoint region: RevokeBias
[2019-12-09T03:39:38.377+0000][1][safepoint    ] Leaving safepoint region
[2019-12-09T03:39:38.377+0000][1][safepoint    ] Total time for which application threads were stopped: 0.0049633 seconds, Stopping threads took: 0.0048519 seconds
[2019-12-09T03:39:38.379+0000][1][safepoint    ] Application time: 0.0022555 seconds
[2019-12-09T03:39:38.379+0000][1][safepoint    ] Entering safepoint region: RevokeBias
[2019-12-09T03:39:38.379+0000][1][safepoint    ] Leaving safepoint region
[2019-12-09T03:39:38.379+0000][1][safepoint    ] Total time for which application threads were stopped: 0.0001132 seconds, Stopping threads took: 0.0000427 seconds
[2019-12-09T03:39:38.382+0000][1][safepoint    ] Application time: 0.0025453 seconds
[2019-12-09T03:39:38.382+0000][1][safepoint    ] Entering safepoint region: RevokeBias
[2019-12-09T03:39:38.382+0000][1][safepoint    ] Leaving safepoint region
[2019-12-09T03:39:38.382+0000][1][safepoint    ] Total time for which application threads were stopped: 0.0001213 seconds, Stopping threads took: 0.0000598 seconds
[2019-12-09T03:39:39.408+0000][1][safepoint    ] Application time: 1.0257473 seconds
[2019-12-09T03:39:39.408+0000][1][safepoint    ] Entering safepoint region: Cleanup
[2019-12-09T03:39:39.408+0000][1][safepoint    ] Leaving safepoint region
[2019-12-09T03:39:39.408+0000][1][safepoint    ] Total time for which application threads were stopped: 0.0001122 seconds, Stopping threads took: 0.0000212 seconds
[2019-12-09T03:39:40.412+0000][1][safepoint    ] Application time: 1.0038639 seconds
[2019-12-09T03:39:40.412+0000][1][safepoint    ] Entering safepoint region: Cleanup
[2019-12-09T03:39:40.412+0000][1][safepoint    ] Leaving safepoint region
[2019-12-09T03:39:40.412+0000][1][safepoint    ] Total time for which application threads were stopped: 0.0001074 seconds, Stopping threads took: 0.0000220 seconds
[2019-12-09T03:39:40.733+0000][1][safepoint    ] Application time: 0.3208635 seconds
[2019-12-09T03:39:40.784+0000][1][safepoint    ] Entering safepoint region: RevokeBias
[2019-12-09T03:39:40.784+0000][1][safepoint    ] Leaving safepoint region
[2019-12-09T03:39:40.784+0000][1][safepoint    ] Total time for which application threads were stopped: 0.0511439 seconds, Stopping threads took: 0.0510046 seconds
[2019-12-09T03:39:40.837+0000][1][safepoint    ] Application time: 0.0530064 seconds
[2019-12-09T03:39:40.858+0000][1][safepoint    ] Entering safepoint region: RevokeBias
[2019-12-09T03:39:40.858+0000][1][safepoint    ] Leaving safepoint region
[2019-12-09T03:39:40.858+0000][1][safepoint    ] Total time for which application threads were stopped: 0.0208748 seconds, Stopping threads took: 0.0207755 seconds
[2019-12-09T03:39:40.886+0000][1][safepoint    ] Application time: 0.0277494 seconds
[2019-12-09T03:39:40.886+0000][1][safepoint    ] Entering safepoint region: RevokeBias
[2019-12-09T03:39:40.886+0000][1][safepoint    ] Leaving safepoint region
[2019-12-09T03:39:40.886+0000][1][safepoint    ] Total time for which application threads were stopped: 0.0001548 seconds, Stopping threads took: 0.0000685 seconds
[2019-12-09T03:39:40.886+0000][1][safepoint    ] Application time: 0.0000711 seconds
[2019-12-09T03:39:40.886+0000][1][safepoint    ] Entering safepoint region: RevokeBias
[2019-12-09T03:39:40.886+0000][1][safepoint    ] Leaving safepoint region
[2019-12-09T03:39:40.886+0000][1][safepoint    ] Total time for which application threads were stopped: 0.0000589 seconds, Stopping threads took: 0.0000111 seconds
[2019-12-09T03:39:40.886+0000][1][safepoint    ] Application time: 0.0003103 seconds
[2019-12-09T03:39:40.886+0000][1][safepoint    ] Entering safepoint region: RevokeBias
[2019-12-09T03:39:40.886+0000][1][safepoint    ] Leaving safepoint region
[2019-12-09T03:39:40.886+0000][1][safepoint    ] Total time for which application threads were stopped: 0.0000939 seconds, Stopping threads took: 0.0000178 seconds
[2019-12-09T03:39:40.888+0000][1][safepoint    ] Application time: 0.0016291 seconds
[2019-12-09T03:39:40.888+0000][1][safepoint    ] Entering safepoint region: RevokeBias
[2019-12-09T03:39:40.888+0000][1][safepoint    ] Leaving safepoint region
[2019-12-09T03:39:40.888+0000][1][safepoint    ] Total time for which application threads were stopped: 0.0000736 seconds, Stopping threads took: 0.0000154 seconds
[2019-12-09T03:39:40.888+0000][1][safepoint    ] Application time: 0.0002944 seconds
[2019-12-09T03:39:40.888+0000][1][safepoint    ] Entering safepoint region: RevokeBias
[2019-12-09T03:39:40.888+0000][1][safepoint    ] Leaving safepoint region
[2019-12-09T03:39:40.889+0000][1][safepoint    ] Total time for which application threads were stopped: 0.0000636 seconds, Stopping threads took: 0.0000126 seconds
[2019-12-09T03:39:40.891+0000][1][safepoint    ] Application time: 0.0023411 seconds
[2019-12-09T03:39:40.917+0000][1][safepoint    ] Entering safepoint region: RevokeBias
[2019-12-09T03:39:40.917+0000][1][safepoint    ] Leaving safepoint region
[2019-12-09T03:39:40.917+0000][1][safepoint    ] Total time for which application threads were stopped: 0.0261438 seconds, Stopping threads took: 0.0259100 seconds
[2019-12-09T03:39:40.946+0000][1][safepoint    ] Application time: 0.0290065 seconds
[2019-12-09T03:39:40.946+0000][1][safepoint    ] Entering safepoint region: BulkRevokeBias
[2019-12-09T03:39:40.947+0000][1][safepoint    ] Leaving safepoint region
[2019-12-09T03:39:40.947+0000][1][safepoint    ] Total time for which application threads were stopped: 0.0013455 seconds, Stopping threads took: 0.0000176 seconds
[2019-12-09T03:39:40.947+0000][1][safepoint    ] Application time: 0.0000680 seconds
[2019-12-09T03:39:40.948+0000][1][safepoint    ] Entering safepoint region: RevokeBias
[2019-12-09T03:39:40.948+0000][1][safepoint    ] Leaving safepoint region
[2019-12-09T03:39:40.948+0000][1][safepoint    ] Total time for which application threads were stopped: 0.0000700 seconds, Stopping threads took: 0.0000114 seconds
[2019-12-09T03:39:41.247+0000][1][safepoint    ] Application time: 0.2994346 seconds
[2019-12-09T03:39:41.247+0000][1][safepoint    ] Entering safepoint region: Deoptimize
[2019-12-09T03:39:41.248+0000][1][safepoint    ] Leaving safepoint region
[2019-12-09T03:39:41.248+0000][1][safepoint    ] Total time for which application threads were stopped: 0.0008318 seconds, Stopping threads took: 0.0000217 seconds
[2019-12-09T03:39:41.577+0000][1][safepoint    ] Application time: 0.3290006 seconds
[2019-12-09T03:39:41.577+0000][1][safepoint    ] Entering safepoint region: BulkRevokeBias
[2019-12-09T03:39:41.577+0000][1][safepoint    ] Leaving safepoint region
[2019-12-09T03:39:41.577+0000][1][safepoint    ] Total time for which application threads were stopped: 0.0004890 seconds, Stopping threads took: 0.0000225 seconds
[2019-12-09T03:39:41.616+0000][1][safepoint    ] Application time: 0.0386962 seconds
[2019-12-09T03:39:41.616+0000][1][safepoint    ] Entering safepoint region: RevokeBias
[2019-12-09T03:39:41.616+0000][1][safepoint    ] Leaving safepoint region
[2019-12-09T03:39:41.616+0000][1][safepoint    ] Total time for which application threads were stopped: 0.0001015 seconds, Stopping threads took: 0.0000204 seconds
[2019-12-09T03:39:41.617+0000][1][safepoint    ] Application time: 0.0006811 seconds
[2019-12-09T03:39:41.617+0000][1][safepoint    ] Entering safepoint region: RevokeBias
[2019-12-09T03:39:41.617+0000][1][safepoint    ] Leaving safepoint region
[2019-12-09T03:39:41.617+0000][1][safepoint    ] Total time for which application threads were stopped: 0.0000836 seconds, Stopping threads took: 0.0000173 seconds
[2019-12-09T03:39:41.705+0000][1][safepoint    ] Application time: 0.0876498 seconds
[2019-12-09T03:39:41.705+0000][1][safepoint    ] Entering safepoint region: RevokeBias
[2019-12-09T03:39:41.705+0000][1][safepoint    ] Leaving safepoint region
[2019-12-09T03:39:41.705+0000][1][safepoint    ] Total time for which application threads were stopped: 0.0001194 seconds, Stopping threads took: 0.0000217 seconds
[2019-12-09T03:39:41.722+0000][1][safepoint    ] Application time: 0.0168490 seconds
[2019-12-09T03:39:41.722+0000][1][safepoint    ] Entering safepoint region: RevokeBias
[2019-12-09T03:39:41.722+0000][1][safepoint    ] Leaving safepoint region
[2019-12-09T03:39:41.722+0000][1][safepoint    ] Total time for which application threads were stopped: 0.0001080 seconds, Stopping threads took: 0.0000184 seconds
[2019-12-09T03:39:41.731+0000][1][safepoint    ] Application time: 0.0088526 seconds
[2019-12-09T03:39:41.731+0000][1][safepoint    ] Entering safepoint region: RevokeBias
[2019-12-09T03:39:41.731+0000][1][safepoint    ] Leaving safepoint region
[2019-12-09T03:39:41.731+0000][1][safepoint    ] Total time for which application threads were stopped: 0.0000807 seconds, Stopping threads took: 0.0000156 seconds
[2019-12-09T03:39:41.731+0000][1][safepoint    ] Application time: 0.0000525 seconds
[2019-12-09T03:39:41.731+0000][1][safepoint    ] Entering safepoint region: RevokeBias
[2019-12-09T03:39:41.731+0000][1][safepoint    ] Leaving safepoint region
[2019-12-09T03:39:41.731+0000][1][safepoint    ] Total time for which application threads were stopped: 0.0000402 seconds, Stopping threads took: 0.0000076 seconds
[2019-12-09T03:39:41.731+0000][1][safepoint    ] Application time: 0.0000437 seconds
[2019-12-09T03:39:41.731+0000][1][safepoint    ] Entering safepoint region: RevokeBias
[2019-12-09T03:39:41.731+0000][1][safepoint    ] Leaving safepoint region
[2019-12-09T03:39:41.731+0000][1][safepoint    ] Total time for which application threads were stopped: 0.0000383 seconds, Stopping threads took: 0.0000073 seconds
[2019-12-09T03:39:41.731+0000][1][safepoint    ] Application time: 0.0000428 seconds
[2019-12-09T03:39:41.731+0000][1][safepoint    ] Entering safepoint region: RevokeBias
[2019-12-09T03:39:41.731+0000][1][safepoint    ] Leaving safepoint region
[2019-12-09T03:39:41.731+0000][1][safepoint    ] Total time for which application threads were stopped: 0.0000383 seconds, Stopping threads took: 0.0000073 seconds
[2019-12-09T03:39:41.731+0000][1][safepoint    ] Application time: 0.0000438 seconds
[2019-12-09T03:39:41.731+0000][1][safepoint    ] Entering safepoint region: RevokeBias
[2019-12-09T03:39:41.731+0000][1][safepoint    ] Leaving safepoint region
[2019-12-09T03:39:41.731+0000][1][safepoint    ] Total time for which application threads were stopped: 0.0000379 seconds, Stopping threads took: 0.0000071 seconds
[2019-12-09T03:39:41.731+0000][1][safepoint    ] Application time: 0.0000440 seconds
[2019-12-09T03:39:41.731+0000][1][safepoint    ] Entering safepoint region: RevokeBias
[2019-12-09T03:39:41.731+0000][1][safepoint    ] Leaving safepoint region
[2019-12-09T03:39:41.731+0000][1][safepoint    ] Total time for which application threads were stopped: 0.0000378 seconds, Stopping threads took: 0.0000071 seconds
[2019-12-09T03:39:41.731+0000][1][safepoint    ] Application time: 0.0000426 seconds
[2019-12-09T03:39:41.731+0000][1][safepoint    ] Entering safepoint region: RevokeBias
[2019-12-09T03:39:41.731+0000][1][safepoint    ] Leaving safepoint region
[2019-12-09T03:39:41.731+0000][1][safepoint    ] Total time for which application threads were stopped: 0.0000383 seconds, Stopping threads took: 0.0000073 seconds
[2019-12-09T03:39:41.869+0000][1][safepoint    ] Application time: 0.1372866 seconds
[2019-12-09T03:39:41.869+0000][1][safepoint    ] Entering safepoint region: RevokeBias
[2019-12-09T03:39:41.869+0000][1][safepoint    ] Leaving safepoint region
[2019-12-09T03:39:41.869+0000][1][safepoint    ] Total time for which application threads were stopped: 0.0001021 seconds, Stopping threads took: 0.0000212 seconds
[2019-12-09T03:39:41.869+0000][1][safepoint    ] Application time: 0.0004745 seconds
[2019-12-09T03:39:41.869+0000][1][safepoint    ] Entering safepoint region: RevokeBias
[2019-12-09T03:39:41.869+0000][1][safepoint    ] Leaving safepoint region
[2019-12-09T03:39:41.869+0000][1][safepoint    ] Total time for which application threads were stopped: 0.0000897 seconds, Stopping threads took: 0.0000171 seconds
[2019-12-09T03:39:41.895+0000][1][safepoint    ] Application time: 0.0254204 seconds
[2019-12-09T03:39:41.895+0000][1][safepoint    ] Entering safepoint region: RevokeBias
[2019-12-09T03:39:41.895+0000][1][safepoint    ] Leaving safepoint region
[2019-12-09T03:39:41.895+0000][1][safepoint    ] Total time for which application threads were stopped: 0.0001037 seconds, Stopping threads took: 0.0000209 seconds
[2019-12-09T03:39:41.896+0000][1][safepoint    ] Application time: 0.0008444 seconds
[2019-12-09T03:39:41.896+0000][1][safepoint    ] Entering safepoint region: RevokeBias
[2019-12-09T03:39:41.896+0000][1][safepoint    ] Leaving safepoint region
[2019-12-09T03:39:41.896+0000][1][safepoint    ] Total time for which application threads were stopped: 0.0000808 seconds, Stopping threads took: 0.0000158 seconds
[2019-12-09T03:39:41.899+0000][1][safepoint    ] Application time: 0.0034018 seconds
[2019-12-09T03:39:41.899+0000][1][safepoint    ] Entering safepoint region: RevokeBias
[2019-12-09T03:39:41.899+0000][1][safepoint    ] Leaving safepoint region
[2019-12-09T03:39:41.899+0000][1][safepoint    ] Total time for which application threads were stopped: 0.0000745 seconds, Stopping threads took: 0.0000165 seconds
[2019-12-09T03:39:41.907+0000][1][safepoint    ] Application time: 0.0079782 seconds
[2019-12-09T03:39:41.907+0000][1][safepoint    ] Entering safepoint region: RevokeBias
[2019-12-09T03:39:41.908+0000][1][safepoint    ] Leaving safepoint region
[2019-12-09T03:39:41.908+0000][1][safepoint    ] Total time for which application threads were stopped: 0.0000599 seconds, Stopping threads took: 0.0000135 seconds
[2019-12-09T03:39:42.981+0000][1][safepoint    ] Application time: 1.0734904 seconds
[2019-12-09T03:39:42.981+0000][1][safepoint    ] Entering safepoint region: Cleanup
[2019-12-09T03:39:42.981+0000][1][safepoint    ] Leaving safepoint region
[2019-12-09T03:39:42.981+0000][1][safepoint    ] Total time for which application threads were stopped: 0.0001500 seconds, Stopping threads took: 0.0000260 seconds
[2019-12-09T03:39:43.985+0000][1][safepoint    ] Application time: 1.0034808 seconds
[2019-12-09T03:39:43.985+0000][1][safepoint    ] Entering safepoint region: Cleanup
[2019-12-09T03:39:43.985+0000][1][safepoint    ] Leaving safepoint region
[2019-12-09T03:39:43.985+0000][1][safepoint    ] Total time for which application threads were stopped: 0.0001243 seconds, Stopping threads took: 0.0000247 seconds
[2019-12-09T03:39:44.987+0000][1][safepoint    ] Application time: 1.0019102 seconds
[2019-12-09T03:39:44.987+0000][1][safepoint    ] Entering safepoint region: Cleanup
[2019-12-09T03:39:44.987+0000][1][safepoint    ] Leaving safepoint region
[2019-12-09T03:39:44.987+0000][1][safepoint    ] Total time for which application threads were stopped: 0.0001323 seconds, Stopping threads took: 0.0000246 seconds
[2019-12-09T03:39:45.990+0000][1][safepoint    ] Application time: 1.0027246 seconds
[2019-12-09T03:39:45.990+0000][1][safepoint    ] Entering safepoint region: Cleanup
[2019-12-09T03:39:45.990+0000][1][safepoint    ] Leaving safepoint region
[2019-12-09T03:39:45.990+0000][1][safepoint    ] Total time for which application threads were stopped: 0.0001497 seconds, Stopping threads took: 0.0000268 seconds
[2019-12-09T03:39:46.993+0000][1][safepoint    ] Application time: 1.0027970 seconds
[2019-12-09T03:39:46.993+0000][1][safepoint    ] Entering safepoint region: Cleanup
[2019-12-09T03:39:46.993+0000][1][safepoint    ] Leaving safepoint region
[2019-12-09T03:39:46.993+0000][1][safepoint    ] Total time for which application threads were stopped: 0.0001367 seconds, Stopping threads took: 0.0000277 seconds
[2019-12-09T03:39:47.994+0000][1][safepoint    ] Application time: 1.0007904 seconds
[2019-12-09T03:39:47.994+0000][1][safepoint    ] Entering safepoint region: Cleanup
[2019-12-09T03:39:47.994+0000][1][safepoint    ] Leaving safepoint region
[2019-12-09T03:39:47.994+0000][1][safepoint    ] Total time for which application threads were stopped: 0.0001255 seconds, Stopping threads took: 0.0000276 seconds
[2019-12-09T03:39:48.482+0000][1][safepoint    ] Application time: 0.4883279 seconds
[2019-12-09T03:39:48.482+0000][1][safepoint    ] Entering safepoint region: GenCollectForAllocation
[2019-12-09T03:39:48.482+0000][1][gc,start     ] GC(23) Pause Young (Allocation Failure)
[2019-12-09T03:39:48.482+0000][1][gc,task      ] GC(23) Using 2 workers of 2 for evacuation
[2019-12-09T03:39:48.600+0000][1][gc,age       ] GC(23) Desired survivor size 4456448 bytes, new threshold 2 (max threshold 6)
[2019-12-09T03:39:48.600+0000][1][gc,age       ] GC(23) Age table with threshold 2 (max threshold 6)
[2019-12-09T03:39:48.600+0000][1][gc,age       ] GC(23) - age   1:    2006456 bytes,    2006456 total
[2019-12-09T03:39:48.600+0000][1][gc,age       ] GC(23) - age   2:    3615088 bytes,    5621544 total
[2019-12-09T03:39:48.600+0000][1][gc,heap      ] GC(23) ParNew: 78610K->6579K(78656K)
[2019-12-09T03:39:48.600+0000][1][gc,heap      ] GC(23) CMS: 59948K->64214K(174784K)
[2019-12-09T03:39:48.600+0000][1][gc,metaspace ] GC(23) Metaspace: 69119K->69119K(1112064K)
[2019-12-09T03:39:48.600+0000][1][gc           ] GC(23) Pause Young (Allocation Failure) 135M->69M(247M) 118.033ms
[2019-12-09T03:39:48.600+0000][1][gc,cpu       ] GC(23) User=0.05s Sys=0.00s Real=0.12s
[2019-12-09T03:39:48.600+0000][1][safepoint    ] Leaving safepoint region
[2019-12-09T03:39:48.600+0000][1][safepoint    ] Total time for which application threads were stopped: 0.1182352 seconds, Stopping threads took: 0.0000228 seconds
[2019-12-09T03:39:49.605+0000][1][safepoint    ] Application time: 1.0042130 seconds
[2019-12-09T03:39:49.605+0000][1][safepoint    ] Entering safepoint region: Cleanup
[2019-12-09T03:39:49.605+0000][1][safepoint    ] Leaving safepoint region
[2019-12-09T03:39:49.605+0000][1][safepoint    ] Total time for which application threads were stopped: 0.0001139 seconds, Stopping threads took: 0.0000243 seconds
[2019-12-09T03:39:50.606+0000][1][safepoint    ] Application time: 1.0008786 seconds
[2019-12-09T03:39:50.606+0000][1][safepoint    ] Entering safepoint region: Cleanup
[2019-12-09T03:39:50.606+0000][1][safepoint    ] Leaving safepoint region
[2019-12-09T03:39:50.606+0000][1][safepoint    ] Total time for which application threads were stopped: 0.0001234 seconds, Stopping threads took: 0.0000255 seconds
[2019-12-09T03:39:51.608+0000][1][safepoint    ] Application time: 1.0017824 seconds
[2019-12-09T03:39:51.608+0000][1][safepoint    ] Entering safepoint region: Cleanup
[2019-12-09T03:39:51.608+0000][1][safepoint    ] Leaving safepoint region
[2019-12-09T03:39:51.608+0000][1][safepoint    ] Total time for which application threads were stopped: 0.0001397 seconds, Stopping threads took: 0.0000275 seconds
[2019-12-09T03:39:51.798+0000][1][safepoint    ] Application time: 0.1898174 seconds
[2019-12-09T03:39:51.798+0000][1][safepoint    ] Entering safepoint region: RevokeBias
[2019-12-09T03:39:51.798+0000][1][safepoint    ] Leaving safepoint region
[2019-12-09T03:39:51.798+0000][1][safepoint    ] Total time for which application threads were stopped: 0.0001509 seconds, Stopping threads took: 0.0000229 seconds
[2019-12-09T03:39:51.913+0000][1][safepoint    ] Application time: 0.1148377 seconds
[2019-12-09T03:39:51.913+0000][1][safepoint    ] Entering safepoint region: RevokeBias
[2019-12-09T03:39:51.913+0000][1][safepoint    ] Leaving safepoint region
[2019-12-09T03:39:51.913+0000][1][safepoint    ] Total time for which application threads were stopped: 0.0001435 seconds, Stopping threads took: 0.0000200 seconds
[2019-12-09T03:39:51.916+0000][1][safepoint    ] Application time: 0.0028739 seconds
[2019-12-09T03:39:51.916+0000][1][safepoint    ] Entering safepoint region: RevokeBias
[2019-12-09T03:39:51.916+0000][1][safepoint    ] Leaving safepoint region
[2019-12-09T03:39:51.916+0000][1][safepoint    ] Total time for which application threads were stopped: 0.0001314 seconds, Stopping threads took: 0.0000278 seconds
[2019-12-09T03:39:52.921+0000][1][safepoint    ] Application time: 1.0047452 seconds
[2019-12-09T03:39:52.921+0000][1][safepoint    ] Entering safepoint region: Cleanup
[2019-12-09T03:39:52.921+0000][1][safepoint    ] Leaving safepoint region
[2019-12-09T03:39:52.921+0000][1][safepoint    ] Total time for which application threads were stopped: 0.0001516 seconds, Stopping threads took: 0.0000257 seconds
[2019-12-09T03:39:53.556+0000][1][safepoint    ] Application time: 0.6347894 seconds
[2019-12-09T03:39:53.556+0000][1][safepoint    ] Entering safepoint region: RevokeBias
[2019-12-09T03:39:53.556+0000][1][safepoint    ] Leaving safepoint region
[2019-12-09T03:39:53.556+0000][1][safepoint    ] Total time for which application threads were stopped: 0.0001544 seconds, Stopping threads took: 0.0000244 seconds
[2019-12-09T03:39:53.559+0000][1][safepoint    ] Application time: 0.0033141 seconds
[2019-12-09T03:39:53.559+0000][1][safepoint    ] Entering safepoint region: RevokeBias
[2019-12-09T03:39:53.559+0000][1][safepoint    ] Leaving safepoint region
[2019-12-09T03:39:53.559+0000][1][safepoint    ] Total time for which application threads were stopped: 0.0001200 seconds, Stopping threads took: 0.0000206 seconds
[2019-12-09T03:39:53.561+0000][1][safepoint    ] Application time: 0.0012887 seconds
[2019-12-09T03:39:53.561+0000][1][safepoint    ] Entering safepoint region: RevokeBias
[2019-12-09T03:39:53.561+0000][1][safepoint    ] Leaving safepoint region
[2019-12-09T03:39:53.561+0000][1][safepoint    ] Total time for which application threads were stopped: 0.0000886 seconds, Stopping threads took: 0.0000176 seconds
[2019-12-09T03:39:53.611+0000][1][safepoint    ] Application time: 0.0505411 seconds
[2019-12-09T03:39:53.611+0000][1][safepoint    ] Entering safepoint region: RevokeBias
[2019-12-09T03:39:53.612+0000][1][safepoint    ] Leaving safepoint region
[2019-12-09T03:39:53.612+0000][1][safepoint    ] Total time for which application threads were stopped: 0.0001453 seconds, Stopping threads took: 0.0000221 seconds
[2019-12-09T03:39:53.705+0000][1][safepoint    ] Application time: 0.0934781 seconds
[2019-12-09T03:39:53.730+0000][1][safepoint    ] Entering safepoint region: RevokeBias
[2019-12-09T03:39:53.730+0000][1][safepoint    ] Leaving safepoint region
[2019-12-09T03:39:53.730+0000][1][safepoint    ] Total time for which application threads were stopped: 0.0248996 seconds, Stopping threads took: 0.0247630 seconds
[2019-12-09T03:39:53.731+0000][1][safepoint    ] Application time: 0.0015371 seconds
[2019-12-09T03:39:53.732+0000][1][safepoint    ] Entering safepoint region: CollectForMetadataAllocation
[2019-12-09T03:39:53.732+0000][1][safepoint    ] Leaving safepoint region
[2019-12-09T03:39:53.732+0000][1][safepoint    ] Total time for which application threads were stopped: 0.0003214 seconds, Stopping threads took: 0.0000195 seconds
[2019-12-09T03:39:53.777+0000][1][safepoint    ] Application time: 0.0448476 seconds
[2019-12-09T03:39:53.777+0000][1][safepoint    ] Entering safepoint region: CollectForMetadataAllocation
[2019-12-09T03:39:53.777+0000][1][safepoint    ] Leaving safepoint region
[2019-12-09T03:39:53.777+0000][1][safepoint    ] Total time for which application threads were stopped: 0.0003430 seconds, Stopping threads took: 0.0000551 seconds
[2019-12-09T03:39:53.883+0000][1][safepoint    ] Application time: 0.1063343 seconds
[2019-12-09T03:39:53.883+0000][1][safepoint    ] Entering safepoint region: CollectForMetadataAllocation
[2019-12-09T03:39:53.884+0000][1][safepoint    ] Leaving safepoint region
[2019-12-09T03:39:53.884+0000][1][safepoint    ] Total time for which application threads were stopped: 0.0003349 seconds, Stopping threads took: 0.0000226 seconds
[2019-12-09T03:39:53.977+0000][1][safepoint    ] Application time: 0.0932177 seconds
[2019-12-09T03:39:53.977+0000][1][safepoint    ] Entering safepoint region: RevokeBias
[2019-12-09T03:39:53.977+0000][1][safepoint    ] Leaving safepoint region
[2019-12-09T03:39:53.977+0000][1][safepoint    ] Total time for which application threads were stopped: 0.0001198 seconds, Stopping threads took: 0.0000220 seconds
[2019-12-09T03:39:53.977+0000][1][safepoint    ] Application time: 0.0002079 seconds
[2019-12-09T03:39:53.977+0000][1][safepoint    ] Entering safepoint region: RevokeBias
[2019-12-09T03:39:53.977+0000][1][safepoint    ] Leaving safepoint region
[2019-12-09T03:39:53.978+0000][1][safepoint    ] Total time for which application threads were stopped: 0.0001062 seconds, Stopping threads took: 0.0000173 seconds
[2019-12-09T03:39:54.000+0000][1][safepoint    ] Application time: 0.0225806 seconds
[2019-12-09T03:39:54.010+0000][1][safepoint    ] Entering safepoint region: CollectForMetadataAllocation
[2019-12-09T03:39:54.011+0000][1][safepoint    ] Leaving safepoint region
[2019-12-09T03:39:54.011+0000][1][safepoint    ] Total time for which application threads were stopped: 0.0106228 seconds, Stopping threads took: 0.0103122 seconds
[2019-12-09T03:39:54.610+0000][1][safepoint    ] Application time: 0.5990094 seconds
[2019-12-09T03:39:54.610+0000][1][safepoint    ] Entering safepoint region: CMS_Initial_Mark
[2019-12-09T03:39:54.610+0000][1][gc,start     ] GC(24) Pause Initial Mark
[2019-12-09T03:39:54.648+0000][1][gc           ] GC(24) Pause Initial Mark 95M->95M(247M) 37.747ms
[2019-12-09T03:39:54.648+0000][1][gc,cpu       ] GC(24) User=0.02s Sys=0.00s Real=0.04s
[2019-12-09T03:39:54.648+0000][1][safepoint    ] Leaving safepoint region
[2019-12-09T03:39:54.648+0000][1][safepoint    ] Total time for which application threads were stopped: 0.0379981 seconds, Stopping threads took: 0.0000266 seconds
[2019-12-09T03:39:54.648+0000][1][gc           ] GC(24) Concurrent Mark
[2019-12-09T03:39:54.802+0000][1][gc           ] GC(24) Concurrent Mark 153.688ms
[2019-12-09T03:39:54.802+0000][1][gc,cpu       ] GC(24) User=0.11s Sys=0.00s Real=0.15s
[2019-12-09T03:39:54.802+0000][1][gc           ] GC(24) Concurrent Preclean
[2019-12-09T03:39:54.809+0000][1][gc           ] GC(24) Concurrent Preclean 7.648ms
[2019-12-09T03:39:54.809+0000][1][gc,cpu       ] GC(24) User=0.01s Sys=0.00s Real=0.01s
[2019-12-09T03:39:54.809+0000][1][gc           ] GC(24) Concurrent Abortable Preclean
[2019-12-09T03:39:55.649+0000][1][safepoint    ] Application time: 1.0009082 seconds
[2019-12-09T03:39:55.649+0000][1][safepoint    ] Entering safepoint region: Cleanup
[2019-12-09T03:39:55.649+0000][1][safepoint    ] Leaving safepoint region
[2019-12-09T03:39:55.649+0000][1][safepoint    ] Total time for which application threads were stopped: 0.0001267 seconds, Stopping threads took: 0.0000270 seconds
[2019-12-09T03:39:56.653+0000][1][safepoint    ] Application time: 1.0038535 seconds
[2019-12-09T03:39:56.653+0000][1][safepoint    ] Entering safepoint region: Cleanup
[2019-12-09T03:39:56.653+0000][1][safepoint    ] Leaving safepoint region
[2019-12-09T03:39:56.653+0000][1][safepoint    ] Total time for which application threads were stopped: 0.0001478 seconds, Stopping threads took: 0.0000257 seconds
[2019-12-09T03:39:57.660+0000][1][safepoint    ] Application time: 1.0068493 seconds
[2019-12-09T03:39:57.660+0000][1][safepoint    ] Entering safepoint region: Cleanup
[2019-12-09T03:39:57.660+0000][1][safepoint    ] Leaving safepoint region
[2019-12-09T03:39:57.660+0000][1][safepoint    ] Total time for which application threads were stopped: 0.0001476 seconds, Stopping threads took: 0.0000264 seconds
[2019-12-09T03:39:58.663+0000][1][safepoint    ] Application time: 1.0027369 seconds
[2019-12-09T03:39:58.663+0000][1][safepoint    ] Entering safepoint region: Cleanup
[2019-12-09T03:39:58.663+0000][1][safepoint    ] Leaving safepoint region
[2019-12-09T03:39:58.663+0000][1][safepoint    ] Total time for which application threads were stopped: 0.0001233 seconds, Stopping threads took: 0.0000261 seconds
[2019-12-09T03:39:59.392+0000][1][safepoint    ] Application time: 0.7288609 seconds
[2019-12-09T03:39:59.411+0000][1][safepoint    ] Entering safepoint region: RevokeBias
[2019-12-09T03:39:59.411+0000][1][safepoint    ] Leaving safepoint region
[2019-12-09T03:39:59.411+0000][1][safepoint    ] Total time for which application threads were stopped: 0.0193175 seconds, Stopping threads took: 0.0189829 seconds
[2019-12-09T03:39:59.415+0000][1][safepoint    ] Application time: 0.0037344 seconds
[2019-12-09T03:39:59.415+0000][1][safepoint    ] Entering safepoint region: RevokeBias
[2019-12-09T03:39:59.415+0000][1][safepoint    ] Leaving safepoint region
[2019-12-09T03:39:59.415+0000][1][safepoint    ] Total time for which application threads were stopped: 0.0001194 seconds, Stopping threads took: 0.0000224 seconds
[2019-12-09T03:39:59.445+0000][1][safepoint    ] Application time: 0.0303342 seconds
[2019-12-09T03:39:59.454+0000][1][safepoint    ] Entering safepoint region: RevokeBias
[2019-12-09T03:39:59.454+0000][1][safepoint    ] Leaving safepoint region
[2019-12-09T03:39:59.454+0000][1][safepoint    ] Total time for which application threads were stopped: 0.0086014 seconds, Stopping threads took: 0.0084425 seconds
[2019-12-09T03:39:59.497+0000][1][safepoint    ] Application time: 0.0427471 seconds
[2019-12-09T03:39:59.501+0000][1][safepoint    ] Entering safepoint region: RevokeBias
[2019-12-09T03:39:59.501+0000][1][safepoint    ] Leaving safepoint region
[2019-12-09T03:39:59.501+0000][1][safepoint    ] Total time for which application threads were stopped: 0.0041077 seconds, Stopping threads took: 0.0039629 seconds
[2019-12-09T03:39:59.567+0000][1][safepoint    ] Application time: 0.0657042 seconds
[2019-12-09T03:39:59.567+0000][1][safepoint    ] Entering safepoint region: RevokeBias
[2019-12-09T03:39:59.567+0000][1][safepoint    ] Leaving safepoint region
[2019-12-09T03:39:59.567+0000][1][safepoint    ] Total time for which application threads were stopped: 0.0001946 seconds, Stopping threads took: 0.0000227 seconds
[2019-12-09T03:39:59.870+0000][1][safepoint    ] Application time: 0.3029693 seconds
[2019-12-09T03:39:59.870+0000][1][safepoint    ] Entering safepoint region: CollectForMetadataAllocation
[2019-12-09T03:39:59.870+0000][1][safepoint    ] Leaving safepoint region
[2019-12-09T03:39:59.870+0000][1][safepoint    ] Total time for which application threads were stopped: 0.0004831 seconds, Stopping threads took: 0.0001100 seconds
[2019-12-09T03:39:59.879+0000][1][safepoint    ] Application time: 0.0082282 seconds
[2019-12-09T03:39:59.879+0000][1][safepoint    ] Entering safepoint region: RevokeBias
[2019-12-09T03:39:59.879+0000][1][safepoint    ] Leaving safepoint region
[2019-12-09T03:39:59.879+0000][1][safepoint    ] Total time for which application threads were stopped: 0.0001614 seconds, Stopping threads took: 0.0000204 seconds
[2019-12-09T03:39:59.879+0000][1][safepoint    ] Application time: 0.0005065 seconds
[2019-12-09T03:39:59.879+0000][1][safepoint    ] Entering safepoint region: RevokeBias
[2019-12-09T03:39:59.879+0000][1][safepoint    ] Leaving safepoint region
[2019-12-09T03:39:59.879+0000][1][safepoint    ] Total time for which application threads were stopped: 0.0001105 seconds, Stopping threads took: 0.0000154 seconds
[2019-12-09T03:39:59.901+0000][1][safepoint    ] Application time: 0.0213531 seconds
[2019-12-09T03:39:59.914+0000][1][safepoint    ] Entering safepoint region: CollectForMetadataAllocation
[2019-12-09T03:39:59.914+0000][1][safepoint    ] Leaving safepoint region
[2019-12-09T03:39:59.914+0000][1][safepoint    ] Total time for which application threads were stopped: 0.0131473 seconds, Stopping threads took: 0.0130306 seconds
[2019-12-09T03:39:59.956+0000][1][safepoint    ] Application time: 0.0415866 seconds
[2019-12-09T03:39:59.956+0000][1][safepoint    ] Entering safepoint region: RevokeBias
[2019-12-09T03:39:59.956+0000][1][safepoint    ] Leaving safepoint region
[2019-12-09T03:39:59.956+0000][1][safepoint    ] Total time for which application threads were stopped: 0.0001840 seconds, Stopping threads took: 0.0000238 seconds
[2019-12-09T03:39:59.991+0000][1][safepoint    ] Application time: 0.0353344 seconds
[2019-12-09T03:39:59.991+0000][1][safepoint    ] Entering safepoint region: CollectForMetadataAllocation
[2019-12-09T03:39:59.991+0000][1][safepoint    ] Leaving safepoint region
[2019-12-09T03:39:59.991+0000][1][safepoint    ] Total time for which application threads were stopped: 0.0002600 seconds, Stopping threads took: 0.0000241 seconds
[2019-12-09T03:40:00.093+0000][1][safepoint    ] Application time: 0.1017188 seconds
[2019-12-09T03:40:00.093+0000][1][safepoint    ] Entering safepoint region: RevokeBias
[2019-12-09T03:40:00.093+0000][1][safepoint    ] Leaving safepoint region
[2019-12-09T03:40:00.093+0000][1][safepoint    ] Total time for which application threads were stopped: 0.0001932 seconds, Stopping threads took: 0.0000245 seconds
[2019-12-09T03:40:00.122+0000][1][gc           ] GC(24) Concurrent Abortable Preclean 5312.835ms
[2019-12-09T03:40:00.122+0000][1][gc,cpu       ] GC(24) User=2.01s Sys=0.04s Real=5.31s
[2019-12-09T03:40:00.122+0000][1][safepoint    ] Application time: 0.0289124 seconds
[2019-12-09T03:40:00.122+0000][1][safepoint    ] Entering safepoint region: CMS_Final_Remark
[2019-12-09T03:40:00.122+0000][1][gc,start     ] GC(24) Pause Remark
[2019-12-09T03:40:00.245+0000][1][gc           ] GC(24) Pause Remark 119M->119M(247M) 122.115ms
[2019-12-09T03:40:00.245+0000][1][gc,cpu       ] GC(24) User=0.06s Sys=0.00s Real=0.12s
[2019-12-09T03:40:00.245+0000][1][safepoint    ] Leaving safepoint region
[2019-12-09T03:40:00.245+0000][1][safepoint    ] Total time for which application threads were stopped: 0.1223456 seconds, Stopping threads took: 0.0000225 seconds
[2019-12-09T03:40:00.259+0000][1][gc           ] GC(24) Concurrent Sweep
[2019-12-09T03:40:00.281+0000][1][safepoint    ] Application time: 0.0361042 seconds
[2019-12-09T03:40:00.281+0000][1][safepoint    ] Entering safepoint region: RevokeBias
[2019-12-09T03:40:00.282+0000][1][safepoint    ] Leaving safepoint region
[2019-12-09T03:40:00.282+0000][1][safepoint    ] Total time for which application threads were stopped: 0.0009658 seconds, Stopping threads took: 0.0000974 seconds
[2019-12-09T03:40:00.288+0000][1][safepoint    ] Application time: 0.0060127 seconds
[2019-12-09T03:40:00.288+0000][1][safepoint    ] Entering safepoint region: RevokeBias
[2019-12-09T03:40:00.288+0000][1][safepoint    ] Leaving safepoint region
[2019-12-09T03:40:00.288+0000][1][safepoint    ] Total time for which application threads were stopped: 0.0001239 seconds, Stopping threads took: 0.0000217 seconds
[2019-12-09T03:40:00.386+0000][1][gc           ] GC(24) Concurrent Sweep 127.075ms
[2019-12-09T03:40:00.386+0000][1][gc,cpu       ] GC(24) User=0.06s Sys=0.00s Real=0.13s
[2019-12-09T03:40:00.386+0000][1][gc           ] GC(24) Concurrent Reset
[2019-12-09T03:40:00.386+0000][1][gc           ] GC(24) Concurrent Reset 0.332ms
[2019-12-09T03:40:00.386+0000][1][gc,cpu       ] GC(24) User=0.00s Sys=0.00s Real=0.00s
[2019-12-09T03:40:00.386+0000][1][gc,heap      ] GC(24) Old: 64214K->63666K(174784K)
[2019-12-09T03:40:01.290+0000][1][safepoint    ] Application time: 1.0018597 seconds
[2019-12-09T03:40:01.290+0000][1][safepoint    ] Entering safepoint region: Cleanup
[2019-12-09T03:40:01.290+0000][1][safepoint    ] Leaving safepoint region
[2019-12-09T03:40:01.290+0000][1][safepoint    ] Total time for which application threads were stopped: 0.0001637 seconds, Stopping threads took: 0.0000280 seconds
[2019-12-09T03:40:01.810+0000][1][safepoint    ] Application time: 0.5196818 seconds
[2019-12-09T03:40:01.825+0000][1][safepoint    ] Entering safepoint region: RevokeBias
[2019-12-09T03:40:01.825+0000][1][safepoint    ] Leaving safepoint region
[2019-12-09T03:40:01.825+0000][1][safepoint    ] Total time for which application threads were stopped: 0.0152606 seconds, Stopping threads took: 0.0150722 seconds
[2019-12-09T03:40:01.879+0000][1][safepoint    ] Application time: 0.0537343 seconds
[2019-12-09T03:40:01.879+0000][1][safepoint    ] Entering safepoint region: RevokeBias
[2019-12-09T03:40:01.879+0000][1][safepoint    ] Leaving safepoint region
[2019-12-09T03:40:01.879+0000][1][safepoint    ] Total time for which application threads were stopped: 0.0001841 seconds, Stopping threads took: 0.0000445 seconds
[2019-12-09T03:40:02.879+0000][1][safepoint    ] Application time: 1.0000877 seconds
[2019-12-09T03:40:02.879+0000][1][safepoint    ] Entering safepoint region: Cleanup
[2019-12-09T03:40:02.879+0000][1][safepoint    ] Leaving safepoint region
[2019-12-09T03:40:02.879+0000][1][safepoint    ] Total time for which application threads were stopped: 0.0001273 seconds, Stopping threads took: 0.0000246 seconds
[2019-12-09T03:40:03.613+0000][1][safepoint    ] Application time: 0.7339384 seconds
[2019-12-09T03:40:03.613+0000][1][safepoint    ] Entering safepoint region: RevokeBias
[2019-12-09T03:40:03.613+0000][1][safepoint    ] Leaving safepoint region
[2019-12-09T03:40:03.613+0000][1][safepoint    ] Total time for which application threads were stopped: 0.0001590 seconds, Stopping threads took: 0.0000227 seconds
[2019-12-09T03:40:03.644+0000][1][safepoint    ] Application time: 0.0311653 seconds
[2019-12-09T03:40:03.645+0000][1][safepoint    ] Entering safepoint region: RevokeBias
[2019-12-09T03:40:03.645+0000][1][safepoint    ] Leaving safepoint region
[2019-12-09T03:40:03.645+0000][1][safepoint    ] Total time for which application threads were stopped: 0.0001414 seconds, Stopping threads took: 0.0000227 seconds
[2019-12-09T03:40:04.393+0000][1][safepoint    ] Application time: 0.7483143 seconds
[2019-12-09T03:40:04.410+0000][1][safepoint    ] Entering safepoint region: RevokeBias
[2019-12-09T03:40:04.410+0000][1][safepoint    ] Leaving safepoint region
[2019-12-09T03:40:04.410+0000][1][safepoint    ] Total time for which application threads were stopped: 0.0172822 seconds, Stopping threads took: 0.0171039 seconds
[2019-12-09T03:40:04.413+0000][1][safepoint    ] Application time: 0.0029653 seconds
[2019-12-09T03:40:04.413+0000][1][safepoint    ] Entering safepoint region: RevokeBias
[2019-12-09T03:40:04.413+0000][1][safepoint    ] Leaving safepoint region
[2019-12-09T03:40:04.413+0000][1][safepoint    ] Total time for which application threads were stopped: 0.0001146 seconds, Stopping threads took: 0.0000167 seconds
[2019-12-09T03:40:04.715+0000][1][safepoint    ] Application time: 0.3020526 seconds
[2019-12-09T03:40:04.715+0000][1][safepoint    ] Entering safepoint region: RevokeBias
[2019-12-09T03:40:04.716+0000][1][safepoint    ] Leaving safepoint region
[2019-12-09T03:40:04.716+0000][1][safepoint    ] Total time for which application threads were stopped: 0.0001731 seconds, Stopping threads took: 0.0000227 seconds
[2019-12-09T03:40:04.716+0000][1][safepoint    ] Application time: 0.0000839 seconds
[2019-12-09T03:40:04.716+0000][1][safepoint    ] Entering safepoint region: RevokeBias
[2019-12-09T03:40:04.716+0000][1][safepoint    ] Leaving safepoint region
[2019-12-09T03:40:04.716+0000][1][safepoint    ] Total time for which application threads were stopped: 0.0000953 seconds, Stopping threads took: 0.0000117 seconds
[2019-12-09T03:40:04.717+0000][1][safepoint    ] Application time: 0.0006686 seconds
[2019-12-09T03:40:04.717+0000][1][safepoint    ] Entering safepoint region: GenCollectForAllocation
[2019-12-09T03:40:04.717+0000][1][gc,start     ] GC(25) Pause Young (Allocation Failure)
[2019-12-09T03:40:04.717+0000][1][gc,task      ] GC(25) Using 2 workers of 2 for evacuation
[2019-12-09T03:40:04.780+0000][1][gc,age       ] GC(25) Desired survivor size 4456448 bytes, new threshold 6 (max threshold 6)
[2019-12-09T03:40:04.780+0000][1][gc,age       ] GC(25) Age table with threshold 6 (max threshold 6)
[2019-12-09T03:40:04.780+0000][1][gc,age       ] GC(25) - age   1:    2265368 bytes,    2265368 total
[2019-12-09T03:40:04.780+0000][1][gc,age       ] GC(25) - age   2:    1906120 bytes,    4171488 total
[2019-12-09T03:40:04.780+0000][1][gc,heap      ] GC(25) ParNew: 76531K->8643K(78656K)
[2019-12-09T03:40:04.780+0000][1][gc,heap      ] GC(25) CMS: 63666K->67301K(174784K)
[2019-12-09T03:40:04.780+0000][1][gc,metaspace ] GC(25) Metaspace: 73182K->73182K(1116160K)
[2019-12-09T03:40:04.780+0000][1][gc           ] GC(25) Pause Young (Allocation Failure) 136M->74M(247M) 63.218ms
[2019-12-09T03:40:04.780+0000][1][gc,cpu       ] GC(25) User=0.04s Sys=0.00s Real=0.06s
[2019-12-09T03:40:04.780+0000][1][safepoint    ] Leaving safepoint region
[2019-12-09T03:40:04.780+0000][1][safepoint    ] Total time for which application threads were stopped: 0.0634335 seconds, Stopping threads took: 0.0000178 seconds
[2019-12-09T03:40:04.783+0000][1][safepoint    ] Application time: 0.0031047 seconds
[2019-12-09T03:40:04.783+0000][1][safepoint    ] Entering safepoint region: Deoptimize
[2019-12-09T03:40:04.784+0000][1][safepoint    ] Leaving safepoint region
[2019-12-09T03:40:04.784+0000][1][safepoint    ] Total time for which application threads were stopped: 0.0010810 seconds, Stopping threads took: 0.0000195 seconds
[2019-12-09T03:40:04.789+0000][1][safepoint    ] Application time: 0.0048316 seconds
[2019-12-09T03:40:04.789+0000][1][safepoint    ] Entering safepoint region: Deoptimize
[2019-12-09T03:40:04.790+0000][1][safepoint    ] Leaving safepoint region
[2019-12-09T03:40:04.790+0000][1][safepoint    ] Total time for which application threads were stopped: 0.0008877 seconds, Stopping threads took: 0.0000171 seconds
[2019-12-09T03:40:05.413+0000][1][safepoint    ] Application time: 0.6228095 seconds
[2019-12-09T03:40:05.413+0000][1][safepoint    ] Entering safepoint region: RevokeBias
[2019-12-09T03:40:05.413+0000][1][safepoint    ] Leaving safepoint region
[2019-12-09T03:40:05.413+0000][1][safepoint    ] Total time for which application threads were stopped: 0.0001967 seconds, Stopping threads took: 0.0000303 seconds
[2019-12-09T03:40:05.413+0000][1][safepoint    ] Application time: 0.0002124 seconds
[2019-12-09T03:40:05.413+0000][1][safepoint    ] Entering safepoint region: RevokeBias
[2019-12-09T03:40:05.413+0000][1][safepoint    ] Leaving safepoint region
[2019-12-09T03:40:05.413+0000][1][safepoint    ] Total time for which application threads were stopped: 0.0001068 seconds, Stopping threads took: 0.0000152 seconds
[2019-12-09T03:40:05.752+0000][1][safepoint    ] Application time: 0.3387855 seconds
[2019-12-09T03:40:05.752+0000][1][safepoint    ] Entering safepoint region: RevokeBias
[2019-12-09T03:40:05.752+0000][1][safepoint    ] Leaving safepoint region
[2019-12-09T03:40:05.752+0000][1][safepoint    ] Total time for which application threads were stopped: 0.0001713 seconds, Stopping threads took: 0.0000234 seconds
[2019-12-09T03:40:06.757+0000][1][safepoint    ] Application time: 1.0046819 seconds
[2019-12-09T03:40:06.757+0000][1][safepoint    ] Entering safepoint region: Cleanup
[2019-12-09T03:40:06.757+0000][1][safepoint    ] Leaving safepoint region
[2019-12-09T03:40:06.757+0000][1][safepoint    ] Total time for which application threads were stopped: 0.0003630 seconds, Stopping threads took: 0.0002001 seconds
[2019-12-09T03:40:06.825+0000][1][safepoint    ] Application time: 0.0678015 seconds
[2019-12-09T03:40:06.827+0000][1][safepoint    ] Entering safepoint region: RevokeBias
[2019-12-09T03:40:06.827+0000][1][safepoint    ] Leaving safepoint region
[2019-12-09T03:40:06.827+0000][1][safepoint    ] Total time for which application threads were stopped: 0.0016479 seconds, Stopping threads took: 0.0015035 seconds
[2019-12-09T03:40:07.608+0000][1][safepoint    ] Application time: 0.7808674 seconds
[2019-12-09T03:40:07.609+0000][1][safepoint    ] Entering safepoint region: RevokeBias
[2019-12-09T03:40:07.609+0000][1][safepoint    ] Leaving safepoint region
[2019-12-09T03:40:07.609+0000][1][safepoint    ] Total time for which application threads were stopped: 0.0014554 seconds, Stopping threads took: 0.0012364 seconds
[2019-12-09T03:40:07.664+0000][1][safepoint    ] Application time: 0.0550385 seconds
[2019-12-09T03:40:07.664+0000][1][safepoint    ] Entering safepoint region: RevokeBias
[2019-12-09T03:40:07.665+0000][1][safepoint    ] Leaving safepoint region
[2019-12-09T03:40:07.665+0000][1][safepoint    ] Total time for which application threads were stopped: 0.0002261 seconds, Stopping threads took: 0.0000711 seconds
[2019-12-09T03:40:07.665+0000][1][safepoint    ] Application time: 0.0000698 seconds
[2019-12-09T03:40:07.665+0000][1][safepoint    ] Entering safepoint region: RevokeBias
[2019-12-09T03:40:07.665+0000][1][safepoint    ] Leaving safepoint region
[2019-12-09T03:40:07.665+0000][1][safepoint    ] Total time for which application threads were stopped: 0.0001754 seconds, Stopping threads took: 0.0000409 seconds
[2019-12-09T03:40:08.317+0000][1][safepoint    ] Application time: 0.6520018 seconds
[2019-12-09T03:40:08.320+0000][1][safepoint    ] Entering safepoint region: RevokeBias
[2019-12-09T03:40:08.320+0000][1][safepoint    ] Leaving safepoint region
[2019-12-09T03:40:08.320+0000][1][safepoint    ] Total time for which application threads were stopped: 0.0031604 seconds, Stopping threads took: 0.0029745 seconds
[2019-12-09T03:40:09.321+0000][1][safepoint    ] Application time: 1.0006956 seconds
[2019-12-09T03:40:09.321+0000][1][safepoint    ] Entering safepoint region: Cleanup
[2019-12-09T03:40:09.321+0000][1][safepoint    ] Leaving safepoint region
[2019-12-09T03:40:09.321+0000][1][safepoint    ] Total time for which application threads were stopped: 0.0002055 seconds, Stopping threads took: 0.0000322 seconds
[2019-12-09T03:40:10.323+0000][1][safepoint    ] Application time: 1.0016852 seconds
[2019-12-09T03:40:10.323+0000][1][safepoint    ] Entering safepoint region: Cleanup
[2019-12-09T03:40:10.323+0000][1][safepoint    ] Leaving safepoint region
[2019-12-09T03:40:10.323+0000][1][safepoint    ] Total time for which application threads were stopped: 0.0001817 seconds, Stopping threads took: 0.0000270 seconds
[2019-12-09T03:40:11.327+0000][1][safepoint    ] Application time: 1.0037582 seconds
[2019-12-09T03:40:11.327+0000][1][safepoint    ] Entering safepoint region: Cleanup
[2019-12-09T03:40:11.327+0000][1][safepoint    ] Leaving safepoint region
[2019-12-09T03:40:11.327+0000][1][safepoint    ] Total time for which application threads were stopped: 0.0001844 seconds, Stopping threads took: 0.0000443 seconds
[2019-12-09T03:40:12.328+0000][1][safepoint    ] Application time: 1.0007861 seconds
[2019-12-09T03:40:12.328+0000][1][safepoint    ] Entering safepoint region: Cleanup
[2019-12-09T03:40:12.328+0000][1][safepoint    ] Leaving safepoint region
[2019-12-09T03:40:12.328+0000][1][safepoint    ] Total time for which application threads were stopped: 0.0001620 seconds, Stopping threads took: 0.0000247 seconds
[2019-12-09T03:40:13.329+0000][1][safepoint    ] Application time: 1.0008018 seconds
[2019-12-09T03:40:13.329+0000][1][safepoint    ] Entering safepoint region: Cleanup
[2019-12-09T03:40:13.329+0000][1][safepoint    ] Leaving safepoint region
[2019-12-09T03:40:13.329+0000][1][safepoint    ] Total time for which application threads were stopped: 0.0001943 seconds, Stopping threads took: 0.0000281 seconds
[2019-12-09T03:40:14.329+0000][1][safepoint    ] Application time: 1.0000772 seconds
[2019-12-09T03:40:14.329+0000][1][safepoint    ] Entering safepoint region: Cleanup
[2019-12-09T03:40:14.329+0000][1][safepoint    ] Leaving safepoint region
[2019-12-09T03:40:14.329+0000][1][safepoint    ] Total time for which application threads were stopped: 0.0001147 seconds, Stopping threads took: 0.0000194 seconds
[2019-12-09T03:40:15.329+0000][1][safepoint    ] Application time: 1.0000746 seconds
[2019-12-09T03:40:15.329+0000][1][safepoint    ] Entering safepoint region: Cleanup
[2019-12-09T03:40:15.329+0000][1][safepoint    ] Leaving safepoint region
[2019-12-09T03:40:15.329+0000][1][safepoint    ] Total time for which application threads were stopped: 0.0001226 seconds, Stopping threads took: 0.0000223 seconds
[2019-12-09T03:40:16.330+0000][1][safepoint    ] Application time: 1.0000815 seconds
[2019-12-09T03:40:16.330+0000][1][safepoint    ] Entering safepoint region: Cleanup
[2019-12-09T03:40:16.330+0000][1][safepoint    ] Leaving safepoint region
[2019-12-09T03:40:16.330+0000][1][safepoint    ] Total time for which application threads were stopped: 0.0001326 seconds, Stopping threads took: 0.0000226 seconds
[2019-12-09T03:40:17.330+0000][1][safepoint    ] Application time: 1.0000762 seconds
[2019-12-09T03:40:17.330+0000][1][safepoint    ] Entering safepoint region: Cleanup
[2019-12-09T03:40:17.330+0000][1][safepoint    ] Leaving safepoint region
[2019-12-09T03:40:17.330+0000][1][safepoint    ] Total time for which application threads were stopped: 0.0001234 seconds, Stopping threads took: 0.0000185 seconds
[2019-12-09T03:40:18.330+0000][1][safepoint    ] Application time: 1.0000785 seconds
[2019-12-09T03:40:18.330+0000][1][safepoint    ] Entering safepoint region: Cleanup
[2019-12-09T03:40:18.330+0000][1][safepoint    ] Leaving safepoint region
[2019-12-09T03:40:18.330+0000][1][safepoint    ] Total time for which application threads were stopped: 0.0001122 seconds, Stopping threads took: 0.0000189 seconds
[2019-12-09T03:40:19.330+0000][1][safepoint    ] Application time: 1.0000769 seconds
[2019-12-09T03:40:19.330+0000][1][safepoint    ] Entering safepoint region: Cleanup
[2019-12-09T03:40:19.330+0000][1][safepoint    ] Leaving safepoint region
[2019-12-09T03:40:19.330+0000][1][safepoint    ] Total time for which application threads were stopped: 0.0001109 seconds, Stopping threads took: 0.0000190 seconds
[2019-12-09T03:40:20.331+0000][1][safepoint    ] Application time: 1.0000766 seconds
[2019-12-09T03:40:20.331+0000][1][safepoint    ] Entering safepoint region: Cleanup
[2019-12-09T03:40:20.331+0000][1][safepoint    ] Leaving safepoint region
[2019-12-09T03:40:20.331+0000][1][safepoint    ] Total time for which application threads were stopped: 0.0001077 seconds, Stopping threads took: 0.0000182 seconds
[2019-12-09T03:40:21.331+0000][1][safepoint    ] Application time: 1.0000804 seconds
[2019-12-09T03:40:21.331+0000][1][safepoint    ] Entering safepoint region: Cleanup
[2019-12-09T03:40:21.331+0000][1][safepoint    ] Leaving safepoint region
[2019-12-09T03:40:21.331+0000][1][safepoint    ] Total time for which application threads were stopped: 0.0001162 seconds, Stopping threads took: 0.0000203 seconds
[2019-12-09T03:40:22.331+0000][1][safepoint    ] Application time: 1.0000761 seconds
[2019-12-09T03:40:22.331+0000][1][safepoint    ] Entering safepoint region: Cleanup
[2019-12-09T03:40:22.331+0000][1][safepoint    ] Leaving safepoint region
[2019-12-09T03:40:22.331+0000][1][safepoint    ] Total time for which application threads were stopped: 0.0001111 seconds, Stopping threads took: 0.0000189 seconds
[2019-12-09T03:40:23.331+0000][1][safepoint    ] Application time: 1.0000769 seconds
[2019-12-09T03:40:23.331+0000][1][safepoint    ] Entering safepoint region: Cleanup
[2019-12-09T03:40:23.331+0000][1][safepoint    ] Leaving safepoint region
[2019-12-09T03:40:23.331+0000][1][safepoint    ] Total time for which application threads were stopped: 0.0001070 seconds, Stopping threads took: 0.0000187 seconds
[2019-12-09T03:40:24.331+0000][1][safepoint    ] Application time: 1.0000756 seconds
[2019-12-09T03:40:24.331+0000][1][safepoint    ] Entering safepoint region: Cleanup
[2019-12-09T03:40:24.332+0000][1][safepoint    ] Leaving safepoint region
[2019-12-09T03:40:24.332+0000][1][safepoint    ] Total time for which application threads were stopped: 0.0001247 seconds, Stopping threads took: 0.0000188 seconds
[2019-12-09T03:40:24.669+0000][1][safepoint    ] Application time: 0.3376871 seconds
[2019-12-09T03:40:24.669+0000][1][safepoint    ] Entering safepoint region: GenCollectForAllocation
[2019-12-09T03:40:24.669+0000][1][gc,start     ] GC(26) Pause Young (Allocation Failure)
[2019-12-09T03:40:24.670+0000][1][gc,task      ] GC(26) Using 2 workers of 2 for evacuation
[2019-12-09T03:40:24.679+0000][1][gc,age       ] GC(26) Desired survivor size 4456448 bytes, new threshold 3 (max threshold 6)
[2019-12-09T03:40:24.679+0000][1][gc,age       ] GC(26) Age table with threshold 3 (max threshold 6)
[2019-12-09T03:40:24.679+0000][1][gc,age       ] GC(26) - age   1:    1520800 bytes,    1520800 total
[2019-12-09T03:40:24.679+0000][1][gc,age       ] GC(26) - age   2:    1215568 bytes,    2736368 total
[2019-12-09T03:40:24.679+0000][1][gc,age       ] GC(26) - age   3:    1903896 bytes,    4640264 total
[2019-12-09T03:40:24.679+0000][1][gc,heap      ] GC(26) ParNew: 78595K->5936K(78656K)
[2019-12-09T03:40:24.679+0000][1][gc,heap      ] GC(26) CMS: 67301K->67301K(174784K)
[2019-12-09T03:40:24.679+0000][1][gc,metaspace ] GC(26) Metaspace: 74550K->74550K(1118208K)
[2019-12-09T03:40:24.679+0000][1][gc           ] GC(26) Pause Young (Allocation Failure) 142M->71M(247M) 9.376ms
[2019-12-09T03:40:24.679+0000][1][gc,cpu       ] GC(26) User=0.02s Sys=0.00s Real=0.01s
[2019-12-09T03:40:24.679+0000][1][safepoint    ] Leaving safepoint region
[2019-12-09T03:40:24.679+0000][1][safepoint    ] Total time for which application threads were stopped: 0.0095962 seconds, Stopping threads took: 0.0000258 seconds
[2019-12-09T03:40:24.682+0000][1][safepoint    ] Application time: 0.0035758 seconds
[2019-12-09T03:40:24.683+0000][1][safepoint    ] Entering safepoint region: RevokeBias
[2019-12-09T03:40:24.683+0000][1][safepoint    ] Leaving safepoint region
[2019-12-09T03:40:24.683+0000][1][safepoint    ] Total time for which application threads were stopped: 0.0001274 seconds, Stopping threads took: 0.0000189 seconds
[2019-12-09T03:40:25.683+0000][1][safepoint    ] Application time: 1.0001083 seconds
[2019-12-09T03:40:25.683+0000][1][safepoint    ] Entering safepoint region: Cleanup
[2019-12-09T03:40:25.683+0000][1][safepoint    ] Leaving safepoint region
[2019-12-09T03:40:25.683+0000][1][safepoint    ] Total time for which application threads were stopped: 0.0001129 seconds, Stopping threads took: 0.0000198 seconds
[2019-12-09T03:40:26.683+0000][1][safepoint    ] Application time: 1.0000756 seconds
[2019-12-09T03:40:26.683+0000][1][safepoint    ] Entering safepoint region: Cleanup
[2019-12-09T03:40:26.683+0000][1][safepoint    ] Leaving safepoint region
[2019-12-09T03:40:26.683+0000][1][safepoint    ] Total time for which application threads were stopped: 0.0001183 seconds, Stopping threads took: 0.0000211 seconds
[2019-12-09T03:40:27.683+0000][1][safepoint    ] Application time: 1.0000766 seconds
[2019-12-09T03:40:27.683+0000][1][safepoint    ] Entering safepoint region: Cleanup
[2019-12-09T03:40:27.683+0000][1][safepoint    ] Leaving safepoint region
[2019-12-09T03:40:27.683+0000][1][safepoint    ] Total time for which application threads were stopped: 0.0001250 seconds, Stopping threads took: 0.0000214 seconds
[2019-12-09T03:40:28.683+0000][1][safepoint    ] Application time: 1.0000757 seconds
[2019-12-09T03:40:28.684+0000][1][safepoint    ] Entering safepoint region: Cleanup
[2019-12-09T03:40:28.684+0000][1][safepoint    ] Leaving safepoint region
[2019-12-09T03:40:28.684+0000][1][safepoint    ] Total time for which application threads were stopped: 0.0001037 seconds, Stopping threads took: 0.0000202 seconds
[2019-12-09T03:40:29.684+0000][1][safepoint    ] Application time: 1.0000805 seconds
[2019-12-09T03:40:29.684+0000][1][safepoint    ] Entering safepoint region: Cleanup
[2019-12-09T03:40:29.684+0000][1][safepoint    ] Leaving safepoint region
[2019-12-09T03:40:29.684+0000][1][safepoint    ] Total time for which application threads were stopped: 0.0001186 seconds, Stopping threads took: 0.0000197 seconds
[2019-12-09T03:40:30.684+0000][1][safepoint    ] Application time: 1.0000751 seconds
[2019-12-09T03:40:30.684+0000][1][safepoint    ] Entering safepoint region: Cleanup
[2019-12-09T03:40:30.684+0000][1][safepoint    ] Leaving safepoint region
[2019-12-09T03:40:30.684+0000][1][safepoint    ] Total time for which application threads were stopped: 0.0001246 seconds, Stopping threads took: 0.0000282 seconds
[2019-12-09T03:40:31.684+0000][1][safepoint    ] Application time: 1.0000743 seconds
[2019-12-09T03:40:31.684+0000][1][safepoint    ] Entering safepoint region: Cleanup
[2019-12-09T03:40:31.684+0000][1][safepoint    ] Leaving safepoint region
[2019-12-09T03:40:31.684+0000][1][safepoint    ] Total time for which application threads were stopped: 0.0001146 seconds, Stopping threads took: 0.0000207 seconds
[2019-12-09T03:40:32.684+0000][1][safepoint    ] Application time: 1.0000747 seconds
[2019-12-09T03:40:32.684+0000][1][safepoint    ] Entering safepoint region: Cleanup
[2019-12-09T03:40:32.685+0000][1][safepoint    ] Leaving safepoint region
[2019-12-09T03:40:32.685+0000][1][safepoint    ] Total time for which application threads were stopped: 0.0001131 seconds, Stopping threads took: 0.0000193 seconds
[2019-12-09T03:40:33.685+0000][1][safepoint    ] Application time: 1.0000940 seconds
[2019-12-09T03:40:33.685+0000][1][safepoint    ] Entering safepoint region: Cleanup
[2019-12-09T03:40:33.685+0000][1][safepoint    ] Leaving safepoint region
[2019-12-09T03:40:33.685+0000][1][safepoint    ] Total time for which application threads were stopped: 0.0001626 seconds, Stopping threads took: 0.0000272 seconds
[2019-12-09T03:40:34.685+0000][1][safepoint    ] Application time: 1.0000759 seconds
[2019-12-09T03:40:34.685+0000][1][safepoint    ] Entering safepoint region: Cleanup
[2019-12-09T03:40:34.685+0000][1][safepoint    ] Leaving safepoint region
[2019-12-09T03:40:34.685+0000][1][safepoint    ] Total time for which application threads were stopped: 0.0001100 seconds, Stopping threads took: 0.0000184 seconds
[2019-12-09T03:40:35.685+0000][1][safepoint    ] Application time: 1.0000759 seconds
[2019-12-09T03:40:35.685+0000][1][safepoint    ] Entering safepoint region: Cleanup
[2019-12-09T03:40:35.685+0000][1][safepoint    ] Leaving safepoint region
[2019-12-09T03:40:35.685+0000][1][safepoint    ] Total time for which application threads were stopped: 0.0001107 seconds, Stopping threads took: 0.0000198 seconds
[2019-12-09T03:40:36.685+0000][1][safepoint    ] Application time: 1.0000741 seconds
[2019-12-09T03:40:36.685+0000][1][safepoint    ] Entering safepoint region: Cleanup
[2019-12-09T03:40:36.686+0000][1][safepoint    ] Leaving safepoint region
[2019-12-09T03:40:36.686+0000][1][safepoint    ] Total time for which application threads were stopped: 0.0001029 seconds, Stopping threads took: 0.0000196 seconds
[2019-12-09T03:40:37.686+0000][1][safepoint    ] Application time: 1.0000763 seconds
[2019-12-09T03:40:37.686+0000][1][safepoint    ] Entering safepoint region: Cleanup
[2019-12-09T03:40:37.686+0000][1][safepoint    ] Leaving safepoint region
[2019-12-09T03:40:37.686+0000][1][safepoint    ] Total time for which application threads were stopped: 0.0001125 seconds, Stopping threads took: 0.0000280 seconds
[2019-12-09T03:40:38.686+0000][1][safepoint    ] Application time: 1.0000746 seconds
[2019-12-09T03:40:38.686+0000][1][safepoint    ] Entering safepoint region: Cleanup
[2019-12-09T03:40:38.686+0000][1][safepoint    ] Leaving safepoint region
[2019-12-09T03:40:38.686+0000][1][safepoint    ] Total time for which application threads were stopped: 0.0001087 seconds, Stopping threads took: 0.0000184 seconds
[2019-12-09T03:40:39.686+0000][1][safepoint    ] Application time: 1.0000739 seconds
[2019-12-09T03:40:39.686+0000][1][safepoint    ] Entering safepoint region: Cleanup
[2019-12-09T03:40:39.686+0000][1][safepoint    ] Leaving safepoint region
[2019-12-09T03:40:39.686+0000][1][safepoint    ] Total time for which application threads were stopped: 0.0001064 seconds, Stopping threads took: 0.0000194 seconds
[2019-12-09T03:40:40.686+0000][1][safepoint    ] Application time: 1.0000750 seconds
[2019-12-09T03:40:40.686+0000][1][safepoint    ] Entering safepoint region: Cleanup
[2019-12-09T03:40:40.686+0000][1][safepoint    ] Leaving safepoint region
[2019-12-09T03:40:40.686+0000][1][safepoint    ] Total time for which application threads were stopped: 0.0001051 seconds, Stopping threads took: 0.0000195 seconds
[2019-12-09T03:40:41.687+0000][1][safepoint    ] Application time: 1.0000756 seconds
[2019-12-09T03:40:41.687+0000][1][safepoint    ] Entering safepoint region: Cleanup
[2019-12-09T03:40:41.687+0000][1][safepoint    ] Leaving safepoint region
[2019-12-09T03:40:41.687+0000][1][safepoint    ] Total time for which application threads were stopped: 0.0001275 seconds, Stopping threads took: 0.0000197 seconds
[2019-12-09T03:40:42.687+0000][1][safepoint    ] Application time: 1.0000730 seconds
[2019-12-09T03:40:42.687+0000][1][safepoint    ] Entering safepoint region: Cleanup
[2019-12-09T03:40:42.687+0000][1][safepoint    ] Leaving safepoint region
[2019-12-09T03:40:42.687+0000][1][safepoint    ] Total time for which application threads were stopped: 0.0001054 seconds, Stopping threads took: 0.0000190 seconds
[2019-12-09T03:40:43.687+0000][1][safepoint    ] Application time: 1.0000914 seconds
[2019-12-09T03:40:43.687+0000][1][safepoint    ] Entering safepoint region: Cleanup
[2019-12-09T03:40:43.687+0000][1][safepoint    ] Leaving safepoint region
[2019-12-09T03:40:43.687+0000][1][safepoint    ] Total time for which application threads were stopped: 0.0001368 seconds, Stopping threads took: 0.0000273 seconds
[2019-12-09T03:40:44.687+0000][1][safepoint    ] Application time: 1.0000758 seconds
[2019-12-09T03:40:44.687+0000][1][safepoint    ] Entering safepoint region: Cleanup
[2019-12-09T03:40:44.687+0000][1][safepoint    ] Leaving safepoint region
[2019-12-09T03:40:44.687+0000][1][safepoint    ] Total time for which application threads were stopped: 0.0001073 seconds, Stopping threads took: 0.0000196 seconds
[2019-12-09T03:40:45.688+0000][1][safepoint    ] Application time: 1.0000881 seconds
[2019-12-09T03:40:45.688+0000][1][safepoint    ] Entering safepoint region: Cleanup
[2019-12-09T03:40:45.688+0000][1][safepoint    ] Leaving safepoint region
[2019-12-09T03:40:45.688+0000][1][safepoint    ] Total time for which application threads were stopped: 0.0001641 seconds, Stopping threads took: 0.0000268 seconds
[2019-12-09T03:40:46.688+0000][1][safepoint    ] Application time: 1.0000753 seconds
[2019-12-09T03:40:46.688+0000][1][safepoint    ] Entering safepoint region: Cleanup
[2019-12-09T03:40:46.688+0000][1][safepoint    ] Leaving safepoint region
[2019-12-09T03:40:46.688+0000][1][safepoint    ] Total time for which application threads were stopped: 0.0001016 seconds, Stopping threads took: 0.0000197 seconds
[2019-12-09T03:40:47.688+0000][1][safepoint    ] Application time: 1.0000758 seconds
[2019-12-09T03:40:47.688+0000][1][safepoint    ] Entering safepoint region: Cleanup
[2019-12-09T03:40:47.688+0000][1][safepoint    ] Leaving safepoint region
[2019-12-09T03:40:47.688+0000][1][safepoint    ] Total time for which application threads were stopped: 0.0001132 seconds, Stopping threads took: 0.0000191 seconds
[2019-12-09T03:40:48.688+0000][1][safepoint    ] Application time: 1.0000763 seconds
[2019-12-09T03:40:48.688+0000][1][safepoint    ] Entering safepoint region: Cleanup
[2019-12-09T03:40:48.688+0000][1][safepoint    ] Leaving safepoint region
[2019-12-09T03:40:48.688+0000][1][safepoint    ] Total time for which application threads were stopped: 0.0001042 seconds, Stopping threads took: 0.0000195 seconds
[2019-12-09T03:40:49.689+0000][1][safepoint    ] Application time: 1.0000787 seconds
[2019-12-09T03:40:49.689+0000][1][safepoint    ] Entering safepoint region: Cleanup
[2019-12-09T03:40:49.689+0000][1][safepoint    ] Leaving safepoint region
[2019-12-09T03:40:49.689+0000][1][safepoint    ] Total time for which application threads were stopped: 0.0001075 seconds, Stopping threads took: 0.0000190 seconds
[2019-12-09T03:40:50.689+0000][1][safepoint    ] Application time: 1.0000816 seconds
[2019-12-09T03:40:50.689+0000][1][safepoint    ] Entering safepoint region: Cleanup
[2019-12-09T03:40:50.689+0000][1][safepoint    ] Leaving safepoint region
[2019-12-09T03:40:50.689+0000][1][safepoint    ] Total time for which application threads were stopped: 0.0001100 seconds, Stopping threads took: 0.0000201 seconds
[2019-12-09T03:40:51.689+0000][1][safepoint    ] Application time: 1.0000751 seconds
[2019-12-09T03:40:51.689+0000][1][safepoint    ] Entering safepoint region: Cleanup
[2019-12-09T03:40:51.689+0000][1][safepoint    ] Leaving safepoint region
[2019-12-09T03:40:51.689+0000][1][safepoint    ] Total time for which application threads were stopped: 0.0000971 seconds, Stopping threads took: 0.0000196 seconds
[2019-12-09T03:40:52.689+0000][1][safepoint    ] Application time: 1.0000750 seconds
[2019-12-09T03:40:52.689+0000][1][safepoint    ] Entering safepoint region: Cleanup
[2019-12-09T03:40:52.689+0000][1][safepoint    ] Leaving safepoint region
[2019-12-09T03:40:52.689+0000][1][safepoint    ] Total time for which application threads were stopped: 0.0001007 seconds, Stopping threads took: 0.0000202 seconds
[2019-12-09T03:40:53.689+0000][1][safepoint    ] Application time: 1.0000855 seconds
[2019-12-09T03:40:53.689+0000][1][safepoint    ] Entering safepoint region: Cleanup
[2019-12-09T03:40:53.690+0000][1][safepoint    ] Leaving safepoint region
[2019-12-09T03:40:53.690+0000][1][safepoint    ] Total time for which application threads were stopped: 0.0001778 seconds, Stopping threads took: 0.0000272 seconds
[2019-12-09T03:40:54.690+0000][1][safepoint    ] Application time: 1.0000771 seconds
[2019-12-09T03:40:54.690+0000][1][safepoint    ] Entering safepoint region: Cleanup
[2019-12-09T03:40:54.690+0000][1][safepoint    ] Leaving safepoint region
[2019-12-09T03:40:54.690+0000][1][safepoint    ] Total time for which application threads were stopped: 0.0001229 seconds, Stopping threads took: 0.0000198 seconds
[2019-12-09T03:40:55.690+0000][1][safepoint    ] Application time: 1.0000787 seconds
[2019-12-09T03:40:55.690+0000][1][safepoint    ] Entering safepoint region: Cleanup
[2019-12-09T03:40:55.690+0000][1][safepoint    ] Leaving safepoint region
[2019-12-09T03:40:55.690+0000][1][safepoint    ] Total time for which application threads were stopped: 0.0001082 seconds, Stopping threads took: 0.0000211 seconds
[2019-12-09T03:40:56.690+0000][1][safepoint    ] Application time: 1.0000766 seconds
[2019-12-09T03:40:56.690+0000][1][safepoint    ] Entering safepoint region: Cleanup
[2019-12-09T03:40:56.690+0000][1][safepoint    ] Leaving safepoint region
[2019-12-09T03:40:56.690+0000][1][safepoint    ] Total time for which application threads were stopped: 0.0001061 seconds, Stopping threads took: 0.0000195 seconds
[2019-12-09T03:40:57.690+0000][1][safepoint    ] Application time: 1.0000747 seconds
[2019-12-09T03:40:57.690+0000][1][safepoint    ] Entering safepoint region: Cleanup
[2019-12-09T03:40:57.691+0000][1][safepoint    ] Leaving safepoint region
[2019-12-09T03:40:57.691+0000][1][safepoint    ] Total time for which application threads were stopped: 0.0001108 seconds, Stopping threads took: 0.0000197 seconds
[2019-12-09T03:40:58.691+0000][1][safepoint    ] Application time: 1.0000781 seconds
[2019-12-09T03:40:58.691+0000][1][safepoint    ] Entering safepoint region: Cleanup
[2019-12-09T03:40:58.691+0000][1][safepoint    ] Leaving safepoint region
[2019-12-09T03:40:58.691+0000][1][safepoint    ] Total time for which application threads were stopped: 0.0001049 seconds, Stopping threads took: 0.0000195 seconds
[2019-12-09T03:40:59.691+0000][1][safepoint    ] Application time: 1.0000764 seconds
[2019-12-09T03:40:59.691+0000][1][safepoint    ] Entering safepoint region: Cleanup
[2019-12-09T03:40:59.691+0000][1][safepoint    ] Leaving safepoint region
[2019-12-09T03:40:59.691+0000][1][safepoint    ] Total time for which application threads were stopped: 0.0001018 seconds, Stopping threads took: 0.0000209 seconds
[2019-12-09T03:41:00.691+0000][1][safepoint    ] Application time: 1.0000795 seconds
[2019-12-09T03:41:00.691+0000][1][safepoint    ] Entering safepoint region: Cleanup
[2019-12-09T03:41:00.691+0000][1][safepoint    ] Leaving safepoint region
[2019-12-09T03:41:00.691+0000][1][safepoint    ] Total time for which application threads were stopped: 0.0001134 seconds, Stopping threads took: 0.0000302 seconds
[2019-12-09T03:41:01.691+0000][1][safepoint    ] Application time: 1.0000774 seconds
[2019-12-09T03:41:01.691+0000][1][safepoint    ] Entering safepoint region: Cleanup
[2019-12-09T03:41:01.691+0000][1][safepoint    ] Leaving safepoint region
[2019-12-09T03:41:01.691+0000][1][safepoint    ] Total time for which application threads were stopped: 0.0000988 seconds, Stopping threads took: 0.0000209 seconds
[2019-12-09T03:41:02.692+0000][1][safepoint    ] Application time: 1.0000764 seconds
[2019-12-09T03:41:02.692+0000][1][safepoint    ] Entering safepoint region: Cleanup
[2019-12-09T03:41:02.692+0000][1][safepoint    ] Leaving safepoint region
[2019-12-09T03:41:02.692+0000][1][safepoint    ] Total time for which application threads were stopped: 0.0001208 seconds, Stopping threads took: 0.0000206 seconds
[2019-12-09T03:41:03.692+0000][1][safepoint    ] Application time: 1.0000860 seconds
[2019-12-09T03:41:03.692+0000][1][safepoint    ] Entering safepoint region: Cleanup
[2019-12-09T03:41:03.692+0000][1][safepoint    ] Leaving safepoint region
[2019-12-09T03:41:03.692+0000][1][safepoint    ] Total time for which application threads were stopped: 0.0001500 seconds, Stopping threads took: 0.0000300 seconds
[2019-12-09T03:41:04.692+0000][1][safepoint    ] Application time: 1.0000771 seconds
[2019-12-09T03:41:04.692+0000][1][safepoint    ] Entering safepoint region: Cleanup
[2019-12-09T03:41:04.692+0000][1][safepoint    ] Leaving safepoint region
[2019-12-09T03:41:04.692+0000][1][safepoint    ] Total time for which application threads were stopped: 0.0001155 seconds, Stopping threads took: 0.0000194 seconds
[2019-12-09T03:41:05.692+0000][1][safepoint    ] Application time: 1.0000853 seconds
[2019-12-09T03:41:05.692+0000][1][safepoint    ] Entering safepoint region: Cleanup
[2019-12-09T03:41:05.693+0000][1][safepoint    ] Leaving safepoint region
[2019-12-09T03:41:05.693+0000][1][safepoint    ] Total time for which application threads were stopped: 0.0001417 seconds, Stopping threads took: 0.0000291 seconds
[2019-12-09T03:41:05.739+0000][1][safepoint    ] Application time: 0.0465168 seconds
[2019-12-09T03:41:05.739+0000][1][safepoint    ] Entering safepoint region: GenCollectForAllocation
[2019-12-09T03:41:05.739+0000][1][gc,start     ] GC(27) Pause Young (Allocation Failure)
[2019-12-09T03:41:05.739+0000][1][gc,task      ] GC(27) Using 2 workers of 2 for evacuation
[2019-12-09T03:41:05.750+0000][1][gc,age       ] GC(27) Desired survivor size 4456448 bytes, new threshold 6 (max threshold 6)
[2019-12-09T03:41:05.750+0000][1][gc,age       ] GC(27) Age table with threshold 6 (max threshold 6)
[2019-12-09T03:41:05.750+0000][1][gc,age       ] GC(27) - age   1:     867784 bytes,     867784 total
[2019-12-09T03:41:05.750+0000][1][gc,age       ] GC(27) - age   2:     468872 bytes,    1336656 total
[2019-12-09T03:41:05.750+0000][1][gc,age       ] GC(27) - age   3:    1215376 bytes,    2552032 total
[2019-12-09T03:41:05.750+0000][1][gc,heap      ] GC(27) ParNew: 75888K->4140K(78656K)
[2019-12-09T03:41:05.750+0000][1][gc,heap      ] GC(27) CMS: 67301K->69202K(174784K)
[2019-12-09T03:41:05.750+0000][1][gc,metaspace ] GC(27) Metaspace: 74758K->74758K(1118208K)
[2019-12-09T03:41:05.750+0000][1][gc           ] GC(27) Pause Young (Allocation Failure) 139M->71M(247M) 11.113ms
[2019-12-09T03:41:05.750+0000][1][gc,cpu       ] GC(27) User=0.02s Sys=0.00s Real=0.01s
[2019-12-09T03:41:05.750+0000][1][safepoint    ] Leaving safepoint region
[2019-12-09T03:41:05.750+0000][1][safepoint    ] Total time for which application threads were stopped: 0.0112854 seconds, Stopping threads took: 0.0000200 seconds
[2019-12-09T03:41:06.750+0000][1][safepoint    ] Application time: 1.0000922 seconds
[2019-12-09T03:41:06.751+0000][1][safepoint    ] Entering safepoint region: Cleanup
[2019-12-09T03:41:06.751+0000][1][safepoint    ] Leaving safepoint region
[2019-12-09T03:41:06.751+0000][1][safepoint    ] Total time for which application threads were stopped: 0.0000957 seconds, Stopping threads took: 0.0000191 seconds
[2019-12-09T03:41:07.751+0000][1][safepoint    ] Application time: 1.0000815 seconds
[2019-12-09T03:41:07.751+0000][1][safepoint    ] Entering safepoint region: Cleanup
[2019-12-09T03:41:07.751+0000][1][safepoint    ] Leaving safepoint region
[2019-12-09T03:41:07.751+0000][1][safepoint    ] Total time for which application threads were stopped: 0.0001042 seconds, Stopping threads took: 0.0000186 seconds
[2019-12-09T03:41:08.751+0000][1][safepoint    ] Application time: 1.0000850 seconds
[2019-12-09T03:41:08.751+0000][1][safepoint    ] Entering safepoint region: Cleanup
[2019-12-09T03:41:08.751+0000][1][safepoint    ] Leaving safepoint region
[2019-12-09T03:41:08.751+0000][1][safepoint    ] Total time for which application threads were stopped: 0.0001344 seconds, Stopping threads took: 0.0000360 seconds
[2019-12-09T03:41:09.751+0000][1][safepoint    ] Application time: 1.0000784 seconds
[2019-12-09T03:41:09.751+0000][1][safepoint    ] Entering safepoint region: Cleanup
[2019-12-09T03:41:09.751+0000][1][safepoint    ] Leaving safepoint region
[2019-12-09T03:41:09.751+0000][1][safepoint    ] Total time for which application threads were stopped: 0.0001094 seconds, Stopping threads took: 0.0000185 seconds
[2019-12-09T03:41:11.386+0000][1][safepoint    ] Application time: 1.6341578 seconds
[2019-12-09T03:41:11.386+0000][1][safepoint    ] Entering safepoint region: Cleanup
[2019-12-09T03:41:11.386+0000][1][safepoint    ] Leaving safepoint region
[2019-12-09T03:41:11.386+0000][1][safepoint    ] Total time for which application threads were stopped: 0.0001686 seconds, Stopping threads took: 0.0000175 seconds
[2019-12-09T03:41:12.386+0000][1][safepoint    ] Application time: 1.0000740 seconds
[2019-12-09T03:41:12.386+0000][1][safepoint    ] Entering safepoint region: Cleanup
[2019-12-09T03:41:12.386+0000][1][safepoint    ] Leaving safepoint region
[2019-12-09T03:41:12.386+0000][1][safepoint    ] Total time for which application threads were stopped: 0.0000949 seconds, Stopping threads took: 0.0000167 seconds
[2019-12-09T03:41:13.386+0000][1][safepoint    ] Application time: 1.0000723 seconds
[2019-12-09T03:41:13.386+0000][1][safepoint    ] Entering safepoint region: Cleanup
[2019-12-09T03:41:13.386+0000][1][safepoint    ] Leaving safepoint region
[2019-12-09T03:41:13.386+0000][1][safepoint    ] Total time for which application threads were stopped: 0.0000955 seconds, Stopping threads took: 0.0000165 seconds
[2019-12-09T03:41:14.386+0000][1][safepoint    ] Application time: 1.0000743 seconds
[2019-12-09T03:41:14.386+0000][1][safepoint    ] Entering safepoint region: Cleanup
[2019-12-09T03:41:14.386+0000][1][safepoint    ] Leaving safepoint region
[2019-12-09T03:41:14.386+0000][1][safepoint    ] Total time for which application threads were stopped: 0.0001079 seconds, Stopping threads took: 0.0000175 seconds
[2019-12-09T03:41:15.386+0000][1][safepoint    ] Application time: 1.0000761 seconds
[2019-12-09T03:41:15.386+0000][1][safepoint    ] Entering safepoint region: Cleanup
[2019-12-09T03:41:15.387+0000][1][safepoint    ] Leaving safepoint region
[2019-12-09T03:41:15.387+0000][1][safepoint    ] Total time for which application threads were stopped: 0.0000943 seconds, Stopping threads took: 0.0000168 seconds
[2019-12-09T03:41:16.387+0000][1][safepoint    ] Application time: 1.0002433 seconds
[2019-12-09T03:41:16.387+0000][1][safepoint    ] Entering safepoint region: Cleanup
[2019-12-09T03:41:16.387+0000][1][safepoint    ] Leaving safepoint region
[2019-12-09T03:41:16.387+0000][1][safepoint    ] Total time for which application threads were stopped: 0.0001427 seconds, Stopping threads took: 0.0000245 seconds
[2019-12-09T03:41:17.387+0000][1][safepoint    ] Application time: 1.0000755 seconds
[2019-12-09T03:41:17.387+0000][1][safepoint    ] Entering safepoint region: Cleanup
[2019-12-09T03:41:17.387+0000][1][safepoint    ] Leaving safepoint region
[2019-12-09T03:41:17.387+0000][1][safepoint    ] Total time for which application threads were stopped: 0.0000907 seconds, Stopping threads took: 0.0000166 seconds
[2019-12-09T03:41:18.387+0000][1][safepoint    ] Application time: 1.0000747 seconds
[2019-12-09T03:41:18.387+0000][1][safepoint    ] Entering safepoint region: Cleanup
[2019-12-09T03:41:18.387+0000][1][safepoint    ] Leaving safepoint region
[2019-12-09T03:41:18.387+0000][1][safepoint    ] Total time for which application threads were stopped: 0.0000972 seconds, Stopping threads took: 0.0000165 seconds
[2019-12-09T03:41:19.387+0000][1][safepoint    ] Application time: 1.0000764 seconds
[2019-12-09T03:41:19.388+0000][1][safepoint    ] Entering safepoint region: Cleanup
[2019-12-09T03:41:19.388+0000][1][safepoint    ] Leaving safepoint region
[2019-12-09T03:41:19.388+0000][1][safepoint    ] Total time for which application threads were stopped: 0.0001059 seconds, Stopping threads took: 0.0000265 seconds
[2019-12-09T03:41:20.388+0000][1][safepoint    ] Application time: 1.0000744 seconds
[2019-12-09T03:41:20.388+0000][1][safepoint    ] Entering safepoint region: Cleanup
[2019-12-09T03:41:20.388+0000][1][safepoint    ] Leaving safepoint region
[2019-12-09T03:41:20.388+0000][1][safepoint    ] Total time for which application threads were stopped: 0.0000909 seconds, Stopping threads took: 0.0000185 seconds
[2019-12-09T03:41:21.389+0000][1][safepoint    ] Application time: 1.0008773 seconds
[2019-12-09T03:41:21.389+0000][1][safepoint    ] Entering safepoint region: Cleanup
[2019-12-09T03:41:21.389+0000][1][safepoint    ] Leaving safepoint region
[2019-12-09T03:41:21.389+0000][1][safepoint    ] Total time for which application threads were stopped: 0.0001600 seconds, Stopping threads took: 0.0000274 seconds
[2019-12-09T03:41:22.389+0000][1][safepoint    ] Application time: 1.0000767 seconds
[2019-12-09T03:41:22.389+0000][1][safepoint    ] Entering safepoint region: Cleanup
[2019-12-09T03:41:22.389+0000][1][safepoint    ] Leaving safepoint region
[2019-12-09T03:41:22.389+0000][1][safepoint    ] Total time for which application threads were stopped: 0.0000905 seconds, Stopping threads took: 0.0000180 seconds
[2019-12-09T03:41:23.389+0000][1][safepoint    ] Application time: 1.0000733 seconds
[2019-12-09T03:41:23.389+0000][1][safepoint    ] Entering safepoint region: Cleanup
[2019-12-09T03:41:23.389+0000][1][safepoint    ] Leaving safepoint region
[2019-12-09T03:41:23.389+0000][1][safepoint    ] Total time for which application threads were stopped: 0.0001007 seconds, Stopping threads took: 0.0000168 seconds
[2019-12-09T03:41:24.389+0000][1][safepoint    ] Application time: 1.0000729 seconds
[2019-12-09T03:41:24.389+0000][1][safepoint    ] Entering safepoint region: Cleanup
[2019-12-09T03:41:24.390+0000][1][safepoint    ] Leaving safepoint region
[2019-12-09T03:41:24.390+0000][1][safepoint    ] Total time for which application threads were stopped: 0.0001256 seconds, Stopping threads took: 0.0000184 seconds
[2019-12-09T03:41:25.390+0000][1][safepoint    ] Application time: 1.0000759 seconds
[2019-12-09T03:41:25.390+0000][1][safepoint    ] Entering safepoint region: Cleanup
[2019-12-09T03:41:25.390+0000][1][safepoint    ] Leaving safepoint region
[2019-12-09T03:41:25.390+0000][1][safepoint    ] Total time for which application threads were stopped: 0.0000953 seconds, Stopping threads took: 0.0000187 seconds
[2019-12-09T03:41:26.390+0000][1][safepoint    ] Application time: 1.0000771 seconds
[2019-12-09T03:41:26.390+0000][1][safepoint    ] Entering safepoint region: Cleanup
[2019-12-09T03:41:26.390+0000][1][safepoint    ] Leaving safepoint region
[2019-12-09T03:41:26.390+0000][1][safepoint    ] Total time for which application threads were stopped: 0.0000953 seconds, Stopping threads took: 0.0000177 seconds
[2019-12-09T03:41:27.390+0000][1][safepoint    ] Application time: 1.0000716 seconds
[2019-12-09T03:41:27.390+0000][1][safepoint    ] Entering safepoint region: Cleanup
[2019-12-09T03:41:27.390+0000][1][safepoint    ] Leaving safepoint region
[2019-12-09T03:41:27.390+0000][1][safepoint    ] Total time for which application threads were stopped: 0.0000915 seconds, Stopping threads took: 0.0000175 seconds
[2019-12-09T03:41:28.390+0000][1][safepoint    ] Application time: 1.0000743 seconds
[2019-12-09T03:41:28.390+0000][1][safepoint    ] Entering safepoint region: Cleanup
[2019-12-09T03:41:28.390+0000][1][safepoint    ] Leaving safepoint region
[2019-12-09T03:41:28.390+0000][1][safepoint    ] Total time for which application threads were stopped: 0.0001002 seconds, Stopping threads took: 0.0000162 seconds
[2019-12-09T03:41:29.390+0000][1][safepoint    ] Application time: 1.0000724 seconds
[2019-12-09T03:41:29.391+0000][1][safepoint    ] Entering safepoint region: Cleanup
[2019-12-09T03:41:29.391+0000][1][safepoint    ] Leaving safepoint region
[2019-12-09T03:41:29.391+0000][1][safepoint    ] Total time for which application threads were stopped: 0.0001016 seconds, Stopping threads took: 0.0000206 seconds
[2019-12-09T03:41:30.391+0000][1][safepoint    ] Application time: 1.0000767 seconds
[2019-12-09T03:41:30.391+0000][1][safepoint    ] Entering safepoint region: Cleanup
[2019-12-09T03:41:30.391+0000][1][safepoint    ] Leaving safepoint region
[2019-12-09T03:41:30.391+0000][1][safepoint    ] Total time for which application threads were stopped: 0.0001032 seconds, Stopping threads took: 0.0000247 seconds
[2019-12-09T03:41:31.391+0000][1][safepoint    ] Application time: 1.0000752 seconds
[2019-12-09T03:41:31.391+0000][1][safepoint    ] Entering safepoint region: Cleanup
[2019-12-09T03:41:31.391+0000][1][safepoint    ] Leaving safepoint region
[2019-12-09T03:41:31.391+0000][1][safepoint    ] Total time for which application threads were stopped: 0.0001122 seconds, Stopping threads took: 0.0000175 seconds
[2019-12-09T03:41:32.391+0000][1][safepoint    ] Application time: 1.0000801 seconds
[2019-12-09T03:41:32.391+0000][1][safepoint    ] Entering safepoint region: Cleanup
[2019-12-09T03:41:32.391+0000][1][safepoint    ] Leaving safepoint region
[2019-12-09T03:41:32.391+0000][1][safepoint    ] Total time for which application threads were stopped: 0.0001060 seconds, Stopping threads took: 0.0000191 seconds
[2019-12-09T03:41:33.391+0000][1][safepoint    ] Application time: 1.0000744 seconds
[2019-12-09T03:41:33.391+0000][1][safepoint    ] Entering safepoint region: Cleanup
[2019-12-09T03:41:33.392+0000][1][safepoint    ] Leaving safepoint region
[2019-12-09T03:41:33.392+0000][1][safepoint    ] Total time for which application threads were stopped: 0.0000986 seconds, Stopping threads took: 0.0000174 seconds
[2019-12-09T03:41:34.392+0000][1][safepoint    ] Application time: 1.0000741 seconds
[2019-12-09T03:41:34.392+0000][1][safepoint    ] Entering safepoint region: Cleanup
[2019-12-09T03:41:34.392+0000][1][safepoint    ] Leaving safepoint region
[2019-12-09T03:41:34.392+0000][1][safepoint    ] Total time for which application threads were stopped: 0.0001132 seconds, Stopping threads took: 0.0000175 seconds
[2019-12-09T03:41:35.392+0000][1][safepoint    ] Application time: 1.0000853 seconds
[2019-12-09T03:41:35.392+0000][1][safepoint    ] Entering safepoint region: Cleanup
[2019-12-09T03:41:35.392+0000][1][safepoint    ] Leaving safepoint region
[2019-12-09T03:41:35.392+0000][1][safepoint    ] Total time for which application threads were stopped: 0.0001060 seconds, Stopping threads took: 0.0000211 seconds
[2019-12-09T03:41:36.392+0000][1][safepoint    ] Application time: 1.0000747 seconds
[2019-12-09T03:41:36.392+0000][1][safepoint    ] Entering safepoint region: Cleanup
[2019-12-09T03:41:36.392+0000][1][safepoint    ] Leaving safepoint region
[2019-12-09T03:41:36.392+0000][1][safepoint    ] Total time for which application threads were stopped: 0.0001087 seconds, Stopping threads took: 0.0000179 seconds
[2019-12-09T03:41:37.392+0000][1][safepoint    ] Application time: 1.0000762 seconds
[2019-12-09T03:41:37.392+0000][1][safepoint    ] Entering safepoint region: Cleanup
[2019-12-09T03:41:37.392+0000][1][safepoint    ] Leaving safepoint region
[2019-12-09T03:41:37.392+0000][1][safepoint    ] Total time for which application threads were stopped: 0.0001043 seconds, Stopping threads took: 0.0000188 seconds
[2019-12-09T03:41:38.393+0000][1][safepoint    ] Application time: 1.0000742 seconds
[2019-12-09T03:41:38.393+0000][1][safepoint    ] Entering safepoint region: Cleanup
[2019-12-09T03:41:38.393+0000][1][safepoint    ] Leaving safepoint region
[2019-12-09T03:41:38.393+0000][1][safepoint    ] Total time for which application threads were stopped: 0.0000983 seconds, Stopping threads took: 0.0000162 seconds
[2019-12-09T03:41:39.393+0000][1][safepoint    ] Application time: 1.0000757 seconds
[2019-12-09T03:41:39.393+0000][1][safepoint    ] Entering safepoint region: Cleanup
[2019-12-09T03:41:39.393+0000][1][safepoint    ] Leaving safepoint region
[2019-12-09T03:41:39.393+0000][1][safepoint    ] Total time for which application threads were stopped: 0.0001093 seconds, Stopping threads took: 0.0000184 seconds
[2019-12-09T03:41:40.393+0000][1][safepoint    ] Application time: 1.0000737 seconds
[2019-12-09T03:41:40.393+0000][1][safepoint    ] Entering safepoint region: Cleanup
[2019-12-09T03:41:40.393+0000][1][safepoint    ] Leaving safepoint region
[2019-12-09T03:41:40.393+0000][1][safepoint    ] Total time for which application threads were stopped: 0.0000985 seconds, Stopping threads took: 0.0000192 seconds
[2019-12-09T03:41:41.393+0000][1][safepoint    ] Application time: 1.0000760 seconds
[2019-12-09T03:41:41.393+0000][1][safepoint    ] Entering safepoint region: Cleanup
[2019-12-09T03:41:41.393+0000][1][safepoint    ] Leaving safepoint region
[2019-12-09T03:41:41.393+0000][1][safepoint    ] Total time for which application threads were stopped: 0.0000988 seconds, Stopping threads took: 0.0000165 seconds
[2019-12-09T03:41:42.393+0000][1][safepoint    ] Application time: 1.0000756 seconds
[2019-12-09T03:41:42.393+0000][1][safepoint    ] Entering safepoint region: Cleanup
[2019-12-09T03:41:42.393+0000][1][safepoint    ] Leaving safepoint region
[2019-12-09T03:41:42.393+0000][1][safepoint    ] Total time for which application threads were stopped: 0.0000960 seconds, Stopping threads took: 0.0000176 seconds
[2019-12-09T03:41:43.394+0000][1][safepoint    ] Application time: 1.0000750 seconds
[2019-12-09T03:41:43.394+0000][1][safepoint    ] Entering safepoint region: Cleanup
[2019-12-09T03:41:43.394+0000][1][safepoint    ] Leaving safepoint region
[2019-12-09T03:41:43.394+0000][1][safepoint    ] Total time for which application threads were stopped: 0.0001143 seconds, Stopping threads took: 0.0000168 seconds
[2019-12-09T03:41:44.394+0000][1][safepoint    ] Application time: 1.0000762 seconds
[2019-12-09T03:41:44.394+0000][1][safepoint    ] Entering safepoint region: Cleanup
[2019-12-09T03:41:44.394+0000][1][safepoint    ] Leaving safepoint region
[2019-12-09T03:41:44.394+0000][1][safepoint    ] Total time for which application threads were stopped: 0.0000984 seconds, Stopping threads took: 0.0000174 seconds
[2019-12-09T03:41:45.394+0000][1][safepoint    ] Application time: 1.0000739 seconds
[2019-12-09T03:41:45.394+0000][1][safepoint    ] Entering safepoint region: Cleanup
[2019-12-09T03:41:45.394+0000][1][safepoint    ] Leaving safepoint region
[2019-12-09T03:41:45.394+0000][1][safepoint    ] Total time for which application threads were stopped: 0.0000992 seconds, Stopping threads took: 0.0000191 seconds
[2019-12-09T03:41:46.394+0000][1][safepoint    ] Application time: 1.0000745 seconds
[2019-12-09T03:41:46.394+0000][1][safepoint    ] Entering safepoint region: Cleanup
[2019-12-09T03:41:46.394+0000][1][safepoint    ] Leaving safepoint region
[2019-12-09T03:41:46.394+0000][1][safepoint    ] Total time for which application threads were stopped: 0.0001067 seconds, Stopping threads took: 0.0000184 seconds
[2019-12-09T03:41:47.394+0000][1][safepoint    ] Application time: 1.0000840 seconds
[2019-12-09T03:41:47.395+0000][1][safepoint    ] Entering safepoint region: Cleanup
[2019-12-09T03:41:47.395+0000][1][safepoint    ] Leaving safepoint region
[2019-12-09T03:41:47.395+0000][1][safepoint    ] Total time for which application threads were stopped: 0.0001257 seconds, Stopping threads took: 0.0000237 seconds
[2019-12-09T03:41:47.851+0000][1][safepoint    ] Application time: 0.4563189 seconds
[2019-12-09T03:41:47.851+0000][1][safepoint    ] Entering safepoint region: GenCollectForAllocation
[2019-12-09T03:41:47.851+0000][1][gc,start     ] GC(28) Pause Young (Allocation Failure)
[2019-12-09T03:41:47.851+0000][1][gc,task      ] GC(28) Using 2 workers of 2 for evacuation
[2019-12-09T03:41:47.857+0000][1][gc,age       ] GC(28) Desired survivor size 4456448 bytes, new threshold 6 (max threshold 6)
[2019-12-09T03:41:47.857+0000][1][gc,age       ] GC(28) Age table with threshold 6 (max threshold 6)
[2019-12-09T03:41:47.857+0000][1][gc,age       ] GC(28) - age   1:     826512 bytes,     826512 total
[2019-12-09T03:41:47.857+0000][1][gc,age       ] GC(28) - age   2:     113976 bytes,     940488 total
[2019-12-09T03:41:47.857+0000][1][gc,age       ] GC(28) - age   3:     328024 bytes,    1268512 total
[2019-12-09T03:41:47.857+0000][1][gc,age       ] GC(28) - age   4:    1215376 bytes,    2483888 total
[2019-12-09T03:41:47.857+0000][1][gc,heap      ] GC(28) ParNew: 74075K->4356K(78656K)
[2019-12-09T03:41:47.857+0000][1][gc,heap      ] GC(28) CMS: 69202K->69202K(174784K)
[2019-12-09T03:41:47.857+0000][1][gc,metaspace ] GC(28) Metaspace: 74893K->74893K(1118208K)
[2019-12-09T03:41:47.857+0000][1][gc           ] GC(28) Pause Young (Allocation Failure) 139M->71M(247M) 5.732ms
[2019-12-09T03:41:47.857+0000][1][gc,cpu       ] GC(28) User=0.01s Sys=0.00s Real=0.01s
[2019-12-09T03:41:47.857+0000][1][safepoint    ] Leaving safepoint region
[2019-12-09T03:41:47.857+0000][1][safepoint    ] Total time for which application threads were stopped: 0.0059037 seconds, Stopping threads took: 0.0000244 seconds
[2019-12-09T03:41:48.857+0000][1][safepoint    ] Application time: 1.0000848 seconds
[2019-12-09T03:41:48.857+0000][1][safepoint    ] Entering safepoint region: Cleanup
[2019-12-09T03:41:48.857+0000][1][safepoint    ] Leaving safepoint region
[2019-12-09T03:41:48.857+0000][1][safepoint    ] Total time for which application threads were stopped: 0.0001066 seconds, Stopping threads took: 0.0000189 seconds
[2019-12-09T03:41:49.857+0000][1][safepoint    ] Application time: 1.0000774 seconds
[2019-12-09T03:41:49.857+0000][1][safepoint    ] Entering safepoint region: Cleanup
[2019-12-09T03:41:49.857+0000][1][safepoint    ] Leaving safepoint region
[2019-12-09T03:41:49.857+0000][1][safepoint    ] Total time for which application threads were stopped: 0.0000972 seconds, Stopping threads took: 0.0000182 seconds
[2019-12-09T03:41:50.857+0000][1][safepoint    ] Application time: 1.0000732 seconds
[2019-12-09T03:41:50.857+0000][1][safepoint    ] Entering safepoint region: Cleanup
[2019-12-09T03:41:50.858+0000][1][safepoint    ] Leaving safepoint region
[2019-12-09T03:41:50.858+0000][1][safepoint    ] Total time for which application threads were stopped: 0.0001008 seconds, Stopping threads took: 0.0000191 seconds
[2019-12-09T03:41:51.858+0000][1][safepoint    ] Application time: 1.0000773 seconds
[2019-12-09T03:41:51.858+0000][1][safepoint    ] Entering safepoint region: Cleanup
[2019-12-09T03:41:51.858+0000][1][safepoint    ] Leaving safepoint region
[2019-12-09T03:41:51.858+0000][1][safepoint    ] Total time for which application threads were stopped: 0.0000954 seconds, Stopping threads took: 0.0000188 seconds
[2019-12-09T03:41:52.858+0000][1][safepoint    ] Application time: 1.0000769 seconds
[2019-12-09T03:41:52.858+0000][1][safepoint    ] Entering safepoint region: Cleanup
[2019-12-09T03:41:52.858+0000][1][safepoint    ] Leaving safepoint region
[2019-12-09T03:41:52.858+0000][1][safepoint    ] Total time for which application threads were stopped: 0.0000964 seconds, Stopping threads took: 0.0000177 seconds
[2019-12-09T03:41:53.858+0000][1][safepoint    ] Application time: 1.0000765 seconds
[2019-12-09T03:41:53.858+0000][1][safepoint    ] Entering safepoint region: Cleanup
[2019-12-09T03:41:53.858+0000][1][safepoint    ] Leaving safepoint region
[2019-12-09T03:41:53.858+0000][1][safepoint    ] Total time for which application threads were stopped: 0.0000965 seconds, Stopping threads took: 0.0000163 seconds
[2019-12-09T03:41:54.858+0000][1][safepoint    ] Application time: 1.0000751 seconds
[2019-12-09T03:41:54.858+0000][1][safepoint    ] Entering safepoint region: Cleanup
[2019-12-09T03:41:54.858+0000][1][safepoint    ] Leaving safepoint region
[2019-12-09T03:41:54.858+0000][1][safepoint    ] Total time for which application threads were stopped: 0.0001016 seconds, Stopping threads took: 0.0000185 seconds
[2019-12-09T03:41:55.859+0000][1][safepoint    ] Application time: 1.0000780 seconds
[2019-12-09T03:41:55.859+0000][1][safepoint    ] Entering safepoint region: Cleanup
[2019-12-09T03:41:55.859+0000][1][safepoint    ] Leaving safepoint region
[2019-12-09T03:41:55.859+0000][1][safepoint    ] Total time for which application threads were stopped: 0.0001020 seconds, Stopping threads took: 0.0000243 seconds
[2019-12-09T03:41:56.859+0000][1][safepoint    ] Application time: 1.0000781 seconds
[2019-12-09T03:41:56.859+0000][1][safepoint    ] Entering safepoint region: Cleanup
[2019-12-09T03:41:56.859+0000][1][safepoint    ] Leaving safepoint region
[2019-12-09T03:41:56.859+0000][1][safepoint    ] Total time for which application threads were stopped: 0.0000996 seconds, Stopping threads took: 0.0000183 seconds
[2019-12-09T03:41:57.859+0000][1][safepoint    ] Application time: 1.0000770 seconds
[2019-12-09T03:41:57.859+0000][1][safepoint    ] Entering safepoint region: Cleanup
[2019-12-09T03:41:57.859+0000][1][safepoint    ] Leaving safepoint region
[2019-12-09T03:41:57.859+0000][1][safepoint    ] Total time for which application threads were stopped: 0.0001052 seconds, Stopping threads took: 0.0000176 seconds
[2019-12-09T03:41:58.859+0000][1][safepoint    ] Application time: 1.0000811 seconds
[2019-12-09T03:41:58.859+0000][1][safepoint    ] Entering safepoint region: Cleanup
[2019-12-09T03:41:58.859+0000][1][safepoint    ] Leaving safepoint region
[2019-12-09T03:41:58.859+0000][1][safepoint    ] Total time for which application threads were stopped: 0.0000995 seconds, Stopping threads took: 0.0000191 seconds
[2019-12-09T03:41:59.860+0000][1][safepoint    ] Application time: 1.0001900 seconds
[2019-12-09T03:41:59.860+0000][1][safepoint    ] Entering safepoint region: Cleanup
[2019-12-09T03:41:59.860+0000][1][safepoint    ] Leaving safepoint region
[2019-12-09T03:41:59.860+0000][1][safepoint    ] Total time for which application threads were stopped: 0.0001714 seconds, Stopping threads took: 0.0000532 seconds
[2019-12-09T03:42:00.860+0000][1][safepoint    ] Application time: 1.0000848 seconds
[2019-12-09T03:42:00.860+0000][1][safepoint    ] Entering safepoint region: Cleanup
[2019-12-09T03:42:00.860+0000][1][safepoint    ] Leaving safepoint region
[2019-12-09T03:42:00.860+0000][1][safepoint    ] Total time for which application threads were stopped: 0.0001100 seconds, Stopping threads took: 0.0000264 seconds
[2019-12-09T03:42:01.860+0000][1][safepoint    ] Application time: 1.0000768 seconds
[2019-12-09T03:42:01.860+0000][1][safepoint    ] Entering safepoint region: Cleanup
[2019-12-09T03:42:01.860+0000][1][safepoint    ] Leaving safepoint region
[2019-12-09T03:42:01.860+0000][1][safepoint    ] Total time for which application threads were stopped: 0.0000989 seconds, Stopping threads took: 0.0000191 seconds
[2019-12-09T03:42:02.860+0000][1][safepoint    ] Application time: 1.0000746 seconds
[2019-12-09T03:42:02.860+0000][1][safepoint    ] Entering safepoint region: Cleanup
[2019-12-09T03:42:02.860+0000][1][safepoint    ] Leaving safepoint region
[2019-12-09T03:42:02.860+0000][1][safepoint    ] Total time for which application threads were stopped: 0.0001061 seconds, Stopping threads took: 0.0000196 seconds
[2019-12-09T03:42:03.860+0000][1][safepoint    ] Application time: 1.0000761 seconds
[2019-12-09T03:42:03.861+0000][1][safepoint    ] Entering safepoint region: Cleanup
[2019-12-09T03:42:03.861+0000][1][safepoint    ] Leaving safepoint region
[2019-12-09T03:42:03.861+0000][1][safepoint    ] Total time for which application threads were stopped: 0.0001080 seconds, Stopping threads took: 0.0000168 seconds
[2019-12-09T03:42:04.861+0000][1][safepoint    ] Application time: 1.0000753 seconds
[2019-12-09T03:42:04.861+0000][1][safepoint    ] Entering safepoint region: Cleanup
[2019-12-09T03:42:04.861+0000][1][safepoint    ] Leaving safepoint region
[2019-12-09T03:42:04.861+0000][1][safepoint    ] Total time for which application threads were stopped: 0.0000971 seconds, Stopping threads took: 0.0000189 seconds
[2019-12-09T03:42:05.861+0000][1][safepoint    ] Application time: 1.0000780 seconds
[2019-12-09T03:42:05.861+0000][1][safepoint    ] Entering safepoint region: Cleanup
[2019-12-09T03:42:05.861+0000][1][safepoint    ] Leaving safepoint region
[2019-12-09T03:42:05.861+0000][1][safepoint    ] Total time for which application threads were stopped: 0.0001207 seconds, Stopping threads took: 0.0000201 seconds
[2019-12-09T03:42:06.861+0000][1][safepoint    ] Application time: 1.0000773 seconds
[2019-12-09T03:42:06.861+0000][1][safepoint    ] Entering safepoint region: Cleanup
[2019-12-09T03:42:06.861+0000][1][safepoint    ] Leaving safepoint region
[2019-12-09T03:42:06.861+0000][1][safepoint    ] Total time for which application threads were stopped: 0.0001019 seconds, Stopping threads took: 0.0000186 seconds
[2019-12-09T03:42:07.861+0000][1][safepoint    ] Application time: 1.0000758 seconds
[2019-12-09T03:42:07.861+0000][1][safepoint    ] Entering safepoint region: Cleanup
[2019-12-09T03:42:07.862+0000][1][safepoint    ] Leaving safepoint region
[2019-12-09T03:42:07.862+0000][1][safepoint    ] Total time for which application threads were stopped: 0.0001095 seconds, Stopping threads took: 0.0000191 seconds
[2019-12-09T03:42:08.862+0000][1][safepoint    ] Application time: 1.0000765 seconds
[2019-12-09T03:42:08.862+0000][1][safepoint    ] Entering safepoint region: Cleanup
[2019-12-09T03:42:08.862+0000][1][safepoint    ] Leaving safepoint region
[2019-12-09T03:42:08.862+0000][1][safepoint    ] Total time for which application threads were stopped: 0.0001285 seconds, Stopping threads took: 0.0000199 seconds
[2019-12-09T03:42:09.862+0000][1][safepoint    ] Application time: 1.0000746 seconds
[2019-12-09T03:42:09.862+0000][1][safepoint    ] Entering safepoint region: Cleanup
[2019-12-09T03:42:09.862+0000][1][safepoint    ] Leaving safepoint region
[2019-12-09T03:42:09.862+0000][1][safepoint    ] Total time for which application threads were stopped: 0.0000966 seconds, Stopping threads took: 0.0000177 seconds
[2019-12-09T03:42:10.862+0000][1][safepoint    ] Application time: 1.0000757 seconds
[2019-12-09T03:42:10.862+0000][1][safepoint    ] Entering safepoint region: Cleanup
[2019-12-09T03:42:10.862+0000][1][safepoint    ] Leaving safepoint region
[2019-12-09T03:42:10.862+0000][1][safepoint    ] Total time for which application threads were stopped: 0.0000945 seconds, Stopping threads took: 0.0000184 seconds
[2019-12-09T03:42:11.862+0000][1][safepoint    ] Application time: 1.0000758 seconds
[2019-12-09T03:42:11.862+0000][1][safepoint    ] Entering safepoint region: Cleanup
[2019-12-09T03:42:11.862+0000][1][safepoint    ] Leaving safepoint region
[2019-12-09T03:42:11.862+0000][1][safepoint    ] Total time for which application threads were stopped: 0.0001017 seconds, Stopping threads took: 0.0000186 seconds
[2019-12-09T03:42:12.862+0000][1][safepoint    ] Application time: 1.0000765 seconds
[2019-12-09T03:42:12.863+0000][1][safepoint    ] Entering safepoint region: Cleanup
[2019-12-09T03:42:12.863+0000][1][safepoint    ] Leaving safepoint region
[2019-12-09T03:42:12.863+0000][1][safepoint    ] Total time for which application threads were stopped: 0.0001109 seconds, Stopping threads took: 0.0000198 seconds
[2019-12-09T03:42:13.864+0000][1][safepoint    ] Application time: 1.0010825 seconds
[2019-12-09T03:42:13.864+0000][1][safepoint    ] Entering safepoint region: Cleanup
[2019-12-09T03:42:13.864+0000][1][safepoint    ] Leaving safepoint region
[2019-12-09T03:42:13.864+0000][1][safepoint    ] Total time for which application threads were stopped: 0.0001415 seconds, Stopping threads took: 0.0000251 seconds
[2019-12-09T03:42:14.864+0000][1][safepoint    ] Application time: 1.0000755 seconds
[2019-12-09T03:42:14.864+0000][1][safepoint    ] Entering safepoint region: Cleanup
[2019-12-09T03:42:14.864+0000][1][safepoint    ] Leaving safepoint region
[2019-12-09T03:42:14.864+0000][1][safepoint    ] Total time for which application threads were stopped: 0.0001040 seconds, Stopping threads took: 0.0000189 seconds
[2019-12-09T03:42:15.864+0000][1][safepoint    ] Application time: 1.0000768 seconds
[2019-12-09T03:42:15.864+0000][1][safepoint    ] Entering safepoint region: Cleanup
[2019-12-09T03:42:15.864+0000][1][safepoint    ] Leaving safepoint region
[2019-12-09T03:42:15.864+0000][1][safepoint    ] Total time for which application threads were stopped: 0.0001353 seconds, Stopping threads took: 0.0000186 seconds
[2019-12-09T03:42:16.864+0000][1][safepoint    ] Application time: 1.0000814 seconds
[2019-12-09T03:42:16.865+0000][1][safepoint    ] Entering safepoint region: Cleanup
[2019-12-09T03:42:16.865+0000][1][safepoint    ] Leaving safepoint region
[2019-12-09T03:42:16.865+0000][1][safepoint    ] Total time for which application threads were stopped: 0.0001040 seconds, Stopping threads took: 0.0000236 seconds
[2019-12-09T03:42:17.865+0000][1][safepoint    ] Application time: 1.0000775 seconds
[2019-12-09T03:42:17.865+0000][1][safepoint    ] Entering safepoint region: Cleanup
[2019-12-09T03:42:17.865+0000][1][safepoint    ] Leaving safepoint region
[2019-12-09T03:42:17.865+0000][1][safepoint    ] Total time for which application threads were stopped: 0.0000961 seconds, Stopping threads took: 0.0000171 seconds
[2019-12-09T03:42:18.865+0000][1][safepoint    ] Application time: 1.0000748 seconds
[2019-12-09T03:42:18.865+0000][1][safepoint    ] Entering safepoint region: Cleanup
[2019-12-09T03:42:18.865+0000][1][safepoint    ] Leaving safepoint region
[2019-12-09T03:42:18.865+0000][1][safepoint    ] Total time for which application threads were stopped: 0.0000963 seconds, Stopping threads took: 0.0000197 seconds
[2019-12-09T03:42:19.865+0000][1][safepoint    ] Application time: 1.0000753 seconds
[2019-12-09T03:42:19.865+0000][1][safepoint    ] Entering safepoint region: Cleanup
[2019-12-09T03:42:19.865+0000][1][safepoint    ] Leaving safepoint region
[2019-12-09T03:42:19.865+0000][1][safepoint    ] Total time for which application threads were stopped: 0.0000933 seconds, Stopping threads took: 0.0000183 seconds
[2019-12-09T03:42:20.865+0000][1][safepoint    ] Application time: 1.0000745 seconds
[2019-12-09T03:42:20.865+0000][1][safepoint    ] Entering safepoint region: Cleanup
[2019-12-09T03:42:20.865+0000][1][safepoint    ] Leaving safepoint region
[2019-12-09T03:42:20.865+0000][1][safepoint    ] Total time for which application threads were stopped: 0.0000940 seconds, Stopping threads took: 0.0000177 seconds
[2019-12-09T03:42:21.866+0000][1][safepoint    ] Application time: 1.0000770 seconds
[2019-12-09T03:42:21.866+0000][1][safepoint    ] Entering safepoint region: Cleanup
[2019-12-09T03:42:21.866+0000][1][safepoint    ] Leaving safepoint region
[2019-12-09T03:42:21.866+0000][1][safepoint    ] Total time for which application threads were stopped: 0.0001010 seconds, Stopping threads took: 0.0000183 seconds
[2019-12-09T03:42:22.866+0000][1][safepoint    ] Application time: 1.0000921 seconds
[2019-12-09T03:42:22.866+0000][1][safepoint    ] Entering safepoint region: Cleanup
[2019-12-09T03:42:22.866+0000][1][safepoint    ] Leaving safepoint region
[2019-12-09T03:42:22.866+0000][1][safepoint    ] Total time for which application threads were stopped: 0.0001068 seconds, Stopping threads took: 0.0000190 seconds
[2019-12-09T03:42:23.867+0000][1][safepoint    ] Application time: 1.0007006 seconds
[2019-12-09T03:42:23.867+0000][1][safepoint    ] Entering safepoint region: Cleanup
[2019-12-09T03:42:23.867+0000][1][safepoint    ] Leaving safepoint region
[2019-12-09T03:42:23.867+0000][1][safepoint    ] Total time for which application threads were stopped: 0.0001733 seconds, Stopping threads took: 0.0000484 seconds
[2019-12-09T03:42:24.867+0000][1][safepoint    ] Application time: 1.0000767 seconds
[2019-12-09T03:42:24.867+0000][1][safepoint    ] Entering safepoint region: Cleanup
[2019-12-09T03:42:24.867+0000][1][safepoint    ] Leaving safepoint region
[2019-12-09T03:42:24.867+0000][1][safepoint    ] Total time for which application threads were stopped: 0.0000992 seconds, Stopping threads took: 0.0000172 seconds
[2019-12-09T03:42:25.867+0000][1][safepoint    ] Application time: 1.0000846 seconds
[2019-12-09T03:42:25.867+0000][1][safepoint    ] Entering safepoint region: Cleanup
[2019-12-09T03:42:25.867+0000][1][safepoint    ] Leaving safepoint region
[2019-12-09T03:42:25.867+0000][1][safepoint    ] Total time for which application threads were stopped: 0.0001500 seconds, Stopping threads took: 0.0000269 seconds
[2019-12-09T03:42:26.867+0000][1][safepoint    ] Application time: 1.0000782 seconds
[2019-12-09T03:42:26.867+0000][1][safepoint    ] Entering safepoint region: Cleanup
[2019-12-09T03:42:26.868+0000][1][safepoint    ] Leaving safepoint region
[2019-12-09T03:42:26.868+0000][1][safepoint    ] Total time for which application threads were stopped: 0.0000936 seconds, Stopping threads took: 0.0000190 seconds
[2019-12-09T03:42:27.868+0000][1][safepoint    ] Application time: 1.0000792 seconds
[2019-12-09T03:42:27.868+0000][1][safepoint    ] Entering safepoint region: Cleanup
[2019-12-09T03:42:27.868+0000][1][safepoint    ] Leaving safepoint region
[2019-12-09T03:42:27.868+0000][1][safepoint    ] Total time for which application threads were stopped: 0.0001052 seconds, Stopping threads took: 0.0000286 seconds
[2019-12-09T03:42:28.868+0000][1][safepoint    ] Application time: 1.0000752 seconds
[2019-12-09T03:42:28.868+0000][1][safepoint    ] Entering safepoint region: Cleanup
[2019-12-09T03:42:28.868+0000][1][safepoint    ] Leaving safepoint region
[2019-12-09T03:42:28.868+0000][1][safepoint    ] Total time for which application threads were stopped: 0.0000954 seconds, Stopping threads took: 0.0000192 seconds
[2019-12-09T03:42:29.868+0000][1][safepoint    ] Application time: 1.0000753 seconds
[2019-12-09T03:42:29.868+0000][1][safepoint    ] Entering safepoint region: Cleanup
[2019-12-09T03:42:29.868+0000][1][safepoint    ] Leaving safepoint region
[2019-12-09T03:42:29.868+0000][1][safepoint    ] Total time for which application threads were stopped: 0.0000946 seconds, Stopping threads took: 0.0000179 seconds
[2019-12-09T03:42:30.838+0000][1][safepoint    ] Application time: 0.9700566 seconds
[2019-12-09T03:42:30.838+0000][1][safepoint    ] Entering safepoint region: GenCollectForAllocation
[2019-12-09T03:42:30.838+0000][1][gc,start     ] GC(29) Pause Young (Allocation Failure)
[2019-12-09T03:42:30.838+0000][1][gc,task      ] GC(29) Using 2 workers of 2 for evacuation
[2019-12-09T03:42:30.849+0000][1][gc,age       ] GC(29) Desired survivor size 4456448 bytes, new threshold 6 (max threshold 6)
[2019-12-09T03:42:30.849+0000][1][gc,age       ] GC(29) Age table with threshold 6 (max threshold 6)
[2019-12-09T03:42:30.849+0000][1][gc,age       ] GC(29) - age   1:     833944 bytes,     833944 total
[2019-12-09T03:42:30.849+0000][1][gc,age       ] GC(29) - age   2:       8056 bytes,     842000 total
[2019-12-09T03:42:30.849+0000][1][gc,age       ] GC(29) - age   3:     110224 bytes,     952224 total
[2019-12-09T03:42:30.849+0000][1][gc,age       ] GC(29) - age   4:     328024 bytes,    1280248 total
[2019-12-09T03:42:30.849+0000][1][gc,age       ] GC(29) - age   5:    1215376 bytes,    2495624 total
[2019-12-09T03:42:30.849+0000][1][gc,heap      ] GC(29) ParNew: 74308K->3271K(78656K)
[2019-12-09T03:42:30.849+0000][1][gc,heap      ] GC(29) CMS: 69202K->69202K(174784K)
[2019-12-09T03:42:30.849+0000][1][gc,metaspace ] GC(29) Metaspace: 75042K->75042K(1118208K)
[2019-12-09T03:42:30.849+0000][1][gc           ] GC(29) Pause Young (Allocation Failure) 140M->70M(247M) 10.518ms
[2019-12-09T03:42:30.849+0000][1][gc,cpu       ] GC(29) User=0.02s Sys=0.00s Real=0.01s
[2019-12-09T03:42:30.849+0000][1][safepoint    ] Leaving safepoint region
[2019-12-09T03:42:30.849+0000][1][safepoint    ] Total time for which application threads were stopped: 0.0107045 seconds, Stopping threads took: 0.0000323 seconds
[2019-12-09T03:42:31.849+0000][1][safepoint    ] Application time: 1.0000863 seconds
[2019-12-09T03:42:31.849+0000][1][safepoint    ] Entering safepoint region: Cleanup
[2019-12-09T03:42:31.849+0000][1][safepoint    ] Leaving safepoint region
[2019-12-09T03:42:31.849+0000][1][safepoint    ] Total time for which application threads were stopped: 0.0000979 seconds, Stopping threads took: 0.0000190 seconds
[2019-12-09T03:42:32.849+0000][1][safepoint    ] Application time: 1.0000754 seconds
[2019-12-09T03:42:32.849+0000][1][safepoint    ] Entering safepoint region: Cleanup
[2019-12-09T03:42:32.849+0000][1][safepoint    ] Leaving safepoint region
[2019-12-09T03:42:32.849+0000][1][safepoint    ] Total time for which application threads were stopped: 0.0001062 seconds, Stopping threads took: 0.0000275 seconds
[2019-12-09T03:42:33.850+0000][1][safepoint    ] Application time: 1.0000725 seconds
[2019-12-09T03:42:33.850+0000][1][safepoint    ] Entering safepoint region: Cleanup
[2019-12-09T03:42:33.850+0000][1][safepoint    ] Leaving safepoint region
[2019-12-09T03:42:33.850+0000][1][safepoint    ] Total time for which application threads were stopped: 0.0000969 seconds, Stopping threads took: 0.0000186 seconds
[2019-12-09T03:42:34.850+0000][1][safepoint    ] Application time: 1.0000724 seconds
[2019-12-09T03:42:34.850+0000][1][safepoint    ] Entering safepoint region: Cleanup
[2019-12-09T03:42:34.850+0000][1][safepoint    ] Leaving safepoint region
[2019-12-09T03:42:34.850+0000][1][safepoint    ] Total time for which application threads were stopped: 0.0001154 seconds, Stopping threads took: 0.0000198 seconds
[2019-12-09T03:42:35.850+0000][1][safepoint    ] Application time: 1.0000780 seconds
[2019-12-09T03:42:35.850+0000][1][safepoint    ] Entering safepoint region: Cleanup
[2019-12-09T03:42:35.850+0000][1][safepoint    ] Leaving safepoint region
[2019-12-09T03:42:35.850+0000][1][safepoint    ] Total time for which application threads were stopped: 0.0000980 seconds, Stopping threads took: 0.0000191 seconds
[2019-12-09T03:42:36.850+0000][1][safepoint    ] Application time: 1.0000758 seconds
[2019-12-09T03:42:36.850+0000][1][safepoint    ] Entering safepoint region: Cleanup
[2019-12-09T03:42:36.850+0000][1][safepoint    ] Leaving safepoint region
[2019-12-09T03:42:36.850+0000][1][safepoint    ] Total time for which application threads were stopped: 0.0001054 seconds, Stopping threads took: 0.0000194 seconds
[2019-12-09T03:42:37.850+0000][1][safepoint    ] Application time: 1.0000749 seconds
[2019-12-09T03:42:37.850+0000][1][safepoint    ] Entering safepoint region: Cleanup
[2019-12-09T03:42:37.851+0000][1][safepoint    ] Leaving safepoint region
[2019-12-09T03:42:37.851+0000][1][safepoint    ] Total time for which application threads were stopped: 0.0001032 seconds, Stopping threads took: 0.0000195 seconds
[2019-12-09T03:42:38.851+0000][1][safepoint    ] Application time: 1.0000749 seconds
[2019-12-09T03:42:38.851+0000][1][safepoint    ] Entering safepoint region: Cleanup
[2019-12-09T03:42:38.851+0000][1][safepoint    ] Leaving safepoint region
[2019-12-09T03:42:38.851+0000][1][safepoint    ] Total time for which application threads were stopped: 0.0001128 seconds, Stopping threads took: 0.0000182 seconds
[2019-12-09T03:42:39.851+0000][1][safepoint    ] Application time: 1.0000753 seconds
[2019-12-09T03:42:39.851+0000][1][safepoint    ] Entering safepoint region: Cleanup
[2019-12-09T03:42:39.851+0000][1][safepoint    ] Leaving safepoint region
[2019-12-09T03:42:39.851+0000][1][safepoint    ] Total time for which application threads were stopped: 0.0000955 seconds, Stopping threads took: 0.0000186 seconds
[2019-12-09T03:42:40.851+0000][1][safepoint    ] Application time: 1.0000765 seconds
[2019-12-09T03:42:40.851+0000][1][safepoint    ] Entering safepoint region: Cleanup
[2019-12-09T03:42:40.851+0000][1][safepoint    ] Leaving safepoint region
[2019-12-09T03:42:40.851+0000][1][safepoint    ] Total time for which application threads were stopped: 0.0001067 seconds, Stopping threads took: 0.0000192 seconds
[2019-12-09T03:42:41.851+0000][1][safepoint    ] Application time: 1.0000738 seconds
[2019-12-09T03:42:41.851+0000][1][safepoint    ] Entering safepoint region: Cleanup
[2019-12-09T03:42:41.851+0000][1][safepoint    ] Leaving safepoint region
[2019-12-09T03:42:41.851+0000][1][safepoint    ] Total time for which application threads were stopped: 0.0000967 seconds, Stopping threads took: 0.0000181 seconds
[2019-12-09T03:42:42.851+0000][1][safepoint    ] Application time: 1.0000847 seconds
[2019-12-09T03:42:42.852+0000][1][safepoint    ] Entering safepoint region: Cleanup
[2019-12-09T03:42:42.852+0000][1][safepoint    ] Leaving safepoint region
[2019-12-09T03:42:42.852+0000][1][safepoint    ] Total time for which application threads were stopped: 0.0001088 seconds, Stopping threads took: 0.0000263 seconds
[2019-12-09T03:42:43.852+0000][1][safepoint    ] Application time: 1.0000768 seconds
[2019-12-09T03:42:43.852+0000][1][safepoint    ] Entering safepoint region: Cleanup
[2019-12-09T03:42:43.852+0000][1][safepoint    ] Leaving safepoint region
[2019-12-09T03:42:43.852+0000][1][safepoint    ] Total time for which application threads were stopped: 0.0001063 seconds, Stopping threads took: 0.0000193 seconds
[2019-12-09T03:42:44.852+0000][1][safepoint    ] Application time: 1.0000812 seconds
[2019-12-09T03:42:44.852+0000][1][safepoint    ] Entering safepoint region: Cleanup
[2019-12-09T03:42:44.852+0000][1][safepoint    ] Leaving safepoint region
[2019-12-09T03:42:44.852+0000][1][safepoint    ] Total time for which application threads were stopped: 0.0001012 seconds, Stopping threads took: 0.0000191 seconds
[2019-12-09T03:42:45.852+0000][1][safepoint    ] Application time: 1.0000793 seconds
[2019-12-09T03:42:45.852+0000][1][safepoint    ] Entering safepoint region: Cleanup
[2019-12-09T03:42:45.852+0000][1][safepoint    ] Leaving safepoint region
[2019-12-09T03:42:45.852+0000][1][safepoint    ] Total time for which application threads were stopped: 0.0001037 seconds, Stopping threads took: 0.0000196 seconds
[2019-12-09T03:42:46.852+0000][1][safepoint    ] Application time: 1.0000765 seconds
[2019-12-09T03:42:46.852+0000][1][safepoint    ] Entering safepoint region: Cleanup
[2019-12-09T03:42:46.853+0000][1][safepoint    ] Leaving safepoint region
[2019-12-09T03:42:46.853+0000][1][safepoint    ] Total time for which application threads were stopped: 0.0001019 seconds, Stopping threads took: 0.0000187 seconds
[2019-12-09T03:42:47.853+0000][1][safepoint    ] Application time: 1.0000766 seconds
[2019-12-09T03:42:47.853+0000][1][safepoint    ] Entering safepoint region: Cleanup
[2019-12-09T03:42:47.853+0000][1][safepoint    ] Leaving safepoint region
[2019-12-09T03:42:47.853+0000][1][safepoint    ] Total time for which application threads were stopped: 0.0001179 seconds, Stopping threads took: 0.0000215 seconds
[2019-12-09T03:42:48.853+0000][1][safepoint    ] Application time: 1.0000750 seconds
[2019-12-09T03:42:48.853+0000][1][safepoint    ] Entering safepoint region: Cleanup
[2019-12-09T03:42:48.853+0000][1][safepoint    ] Leaving safepoint region
[2019-12-09T03:42:48.853+0000][1][safepoint    ] Total time for which application threads were stopped: 0.0000913 seconds, Stopping threads took: 0.0000181 seconds
[2019-12-09T03:42:49.853+0000][1][safepoint    ] Application time: 1.0000759 seconds
[2019-12-09T03:42:49.853+0000][1][safepoint    ] Entering safepoint region: Cleanup
[2019-12-09T03:42:49.853+0000][1][safepoint    ] Leaving safepoint region
[2019-12-09T03:42:49.853+0000][1][safepoint    ] Total time for which application threads were stopped: 0.0001037 seconds, Stopping threads took: 0.0000209 seconds
[2019-12-09T03:42:50.853+0000][1][safepoint    ] Application time: 1.0000771 seconds
[2019-12-09T03:42:50.853+0000][1][safepoint    ] Entering safepoint region: Cleanup
[2019-12-09T03:42:50.853+0000][1][safepoint    ] Leaving safepoint region
[2019-12-09T03:42:50.853+0000][1][safepoint    ] Total time for which application threads were stopped: 0.0001068 seconds, Stopping threads took: 0.0000204 seconds
[2019-12-09T03:42:51.853+0000][1][safepoint    ] Application time: 1.0000779 seconds
[2019-12-09T03:42:51.854+0000][1][safepoint    ] Entering safepoint region: Cleanup
[2019-12-09T03:42:51.854+0000][1][safepoint    ] Leaving safepoint region
[2019-12-09T03:42:51.854+0000][1][safepoint    ] Total time for which application threads were stopped: 0.0001025 seconds, Stopping threads took: 0.0000184 seconds
[2019-12-09T03:42:52.854+0000][1][safepoint    ] Application time: 1.0000902 seconds
[2019-12-09T03:42:52.854+0000][1][safepoint    ] Entering safepoint region: Cleanup
[2019-12-09T03:42:52.854+0000][1][safepoint    ] Leaving safepoint region
[2019-12-09T03:42:52.854+0000][1][safepoint    ] Total time for which application threads were stopped: 0.0000995 seconds, Stopping threads took: 0.0000258 seconds
[2019-12-09T03:42:53.854+0000][1][safepoint    ] Application time: 1.0000754 seconds
[2019-12-09T03:42:53.854+0000][1][safepoint    ] Entering safepoint region: Cleanup
[2019-12-09T03:42:53.854+0000][1][safepoint    ] Leaving safepoint region
[2019-12-09T03:42:53.854+0000][1][safepoint    ] Total time for which application threads were stopped: 0.0000975 seconds, Stopping threads took: 0.0000192 seconds
[2019-12-09T03:42:54.854+0000][1][safepoint    ] Application time: 1.0000735 seconds
[2019-12-09T03:42:54.854+0000][1][safepoint    ] Entering safepoint region: Cleanup
[2019-12-09T03:42:54.854+0000][1][safepoint    ] Leaving safepoint region
[2019-12-09T03:42:54.854+0000][1][safepoint    ] Total time for which application threads were stopped: 0.0001383 seconds, Stopping threads took: 0.0000185 seconds
[2019-12-09T03:42:55.860+0000][1][safepoint    ] Application time: 1.0055051 seconds
[2019-12-09T03:42:55.860+0000][1][safepoint    ] Entering safepoint region: Cleanup
[2019-12-09T03:42:55.860+0000][1][safepoint    ] Leaving safepoint region
[2019-12-09T03:42:55.860+0000][1][safepoint    ] Total time for which application threads were stopped: 0.0001294 seconds, Stopping threads took: 0.0000250 seconds
[2019-12-09T03:42:56.860+0000][1][safepoint    ] Application time: 1.0000808 seconds
[2019-12-09T03:42:56.860+0000][1][safepoint    ] Entering safepoint region: Cleanup
[2019-12-09T03:42:56.860+0000][1][safepoint    ] Leaving safepoint region
[2019-12-09T03:42:56.860+0000][1][safepoint    ] Total time for which application threads were stopped: 0.0000984 seconds, Stopping threads took: 0.0000192 seconds
[2019-12-09T03:42:57.860+0000][1][safepoint    ] Application time: 1.0000760 seconds
[2019-12-09T03:42:57.860+0000][1][safepoint    ] Entering safepoint region: Cleanup
[2019-12-09T03:42:57.860+0000][1][safepoint    ] Leaving safepoint region
[2019-12-09T03:42:57.860+0000][1][safepoint    ] Total time for which application threads were stopped: 0.0000962 seconds, Stopping threads took: 0.0000184 seconds
[2019-12-09T03:42:58.860+0000][1][safepoint    ] Application time: 1.0000745 seconds
[2019-12-09T03:42:58.861+0000][1][safepoint    ] Entering safepoint region: Cleanup
[2019-12-09T03:42:58.861+0000][1][safepoint    ] Leaving safepoint region
[2019-12-09T03:42:58.861+0000][1][safepoint    ] Total time for which application threads were stopped: 0.0000930 seconds, Stopping threads took: 0.0000193 seconds
[2019-12-09T03:42:59.861+0000][1][safepoint    ] Application time: 1.0000753 seconds
[2019-12-09T03:42:59.861+0000][1][safepoint    ] Entering safepoint region: Cleanup
[2019-12-09T03:42:59.861+0000][1][safepoint    ] Leaving safepoint region
[2019-12-09T03:42:59.861+0000][1][safepoint    ] Total time for which application threads were stopped: 0.0000934 seconds, Stopping threads took: 0.0000190 seconds
[2019-12-09T03:43:00.861+0000][1][safepoint    ] Application time: 1.0000759 seconds
[2019-12-09T03:43:00.861+0000][1][safepoint    ] Entering safepoint region: Cleanup
[2019-12-09T03:43:00.861+0000][1][safepoint    ] Leaving safepoint region
[2019-12-09T03:43:00.861+0000][1][safepoint    ] Total time for which application threads were stopped: 0.0001075 seconds, Stopping threads took: 0.0000238 seconds
[2019-12-09T03:43:01.861+0000][1][safepoint    ] Application time: 1.0000786 seconds
[2019-12-09T03:43:01.861+0000][1][safepoint    ] Entering safepoint region: Cleanup
[2019-12-09T03:43:01.861+0000][1][safepoint    ] Leaving safepoint region
[2019-12-09T03:43:01.861+0000][1][safepoint    ] Total time for which application threads were stopped: 0.0000986 seconds, Stopping threads took: 0.0000207 seconds
[2019-12-09T03:43:02.861+0000][1][safepoint    ] Application time: 1.0000775 seconds
[2019-12-09T03:43:02.861+0000][1][safepoint    ] Entering safepoint region: Cleanup
[2019-12-09T03:43:02.861+0000][1][safepoint    ] Leaving safepoint region
[2019-12-09T03:43:02.861+0000][1][safepoint    ] Total time for which application threads were stopped: 0.0001039 seconds, Stopping threads took: 0.0000269 seconds
[2019-12-09T03:43:03.862+0000][1][safepoint    ] Application time: 1.0000771 seconds
[2019-12-09T03:43:03.862+0000][1][safepoint    ] Entering safepoint region: Cleanup
[2019-12-09T03:43:03.862+0000][1][safepoint    ] Leaving safepoint region
[2019-12-09T03:43:03.862+0000][1][safepoint    ] Total time for which application threads were stopped: 0.0001282 seconds, Stopping threads took: 0.0000182 seconds
[2019-12-09T03:43:04.862+0000][1][safepoint    ] Application time: 1.0000780 seconds
[2019-12-09T03:43:04.862+0000][1][safepoint    ] Entering safepoint region: Cleanup
[2019-12-09T03:43:04.862+0000][1][safepoint    ] Leaving safepoint region
[2019-12-09T03:43:04.862+0000][1][safepoint    ] Total time for which application threads were stopped: 0.0001184 seconds, Stopping threads took: 0.0000288 seconds
[2019-12-09T03:43:05.862+0000][1][safepoint    ] Application time: 1.0000792 seconds
[2019-12-09T03:43:05.862+0000][1][safepoint    ] Entering safepoint region: Cleanup
[2019-12-09T03:43:05.862+0000][1][safepoint    ] Leaving safepoint region
[2019-12-09T03:43:05.862+0000][1][safepoint    ] Total time for which application threads were stopped: 0.0001074 seconds, Stopping threads took: 0.0000209 seconds
[2019-12-09T03:43:06.862+0000][1][safepoint    ] Application time: 1.0000759 seconds
[2019-12-09T03:43:06.862+0000][1][safepoint    ] Entering safepoint region: Cleanup
[2019-12-09T03:43:06.862+0000][1][safepoint    ] Leaving safepoint region
[2019-12-09T03:43:06.862+0000][1][safepoint    ] Total time for which application threads were stopped: 0.0000957 seconds, Stopping threads took: 0.0000183 seconds
[2019-12-09T03:43:07.862+0000][1][safepoint    ] Application time: 1.0000745 seconds
[2019-12-09T03:43:07.863+0000][1][safepoint    ] Entering safepoint region: Cleanup
[2019-12-09T03:43:07.863+0000][1][safepoint    ] Leaving safepoint region
[2019-12-09T03:43:07.863+0000][1][safepoint    ] Total time for which application threads were stopped: 0.0000945 seconds, Stopping threads took: 0.0000194 seconds
[2019-12-09T03:43:08.863+0000][1][safepoint    ] Application time: 1.0000913 seconds
[2019-12-09T03:43:08.863+0000][1][safepoint    ] Entering safepoint region: Cleanup
[2019-12-09T03:43:08.863+0000][1][safepoint    ] Leaving safepoint region
[2019-12-09T03:43:08.863+0000][1][safepoint    ] Total time for which application threads were stopped: 0.0000969 seconds, Stopping threads took: 0.0000195 seconds
[2019-12-09T03:43:09.863+0000][1][safepoint    ] Application time: 1.0000749 seconds
[2019-12-09T03:43:09.863+0000][1][safepoint    ] Entering safepoint region: Cleanup
[2019-12-09T03:43:09.863+0000][1][safepoint    ] Leaving safepoint region
[2019-12-09T03:43:09.863+0000][1][safepoint    ] Total time for which application threads were stopped: 0.0000977 seconds, Stopping threads took: 0.0000184 seconds
[2019-12-09T03:43:10.863+0000][1][safepoint    ] Application time: 1.0000763 seconds
[2019-12-09T03:43:10.863+0000][1][safepoint    ] Entering safepoint region: Cleanup
[2019-12-09T03:43:10.863+0000][1][safepoint    ] Leaving safepoint region
[2019-12-09T03:43:10.863+0000][1][safepoint    ] Total time for which application threads were stopped: 0.0000967 seconds, Stopping threads took: 0.0000191 seconds
[2019-12-09T03:43:11.863+0000][1][safepoint    ] Application time: 1.0000757 seconds
[2019-12-09T03:43:11.863+0000][1][safepoint    ] Entering safepoint region: Cleanup
[2019-12-09T03:43:11.863+0000][1][safepoint    ] Leaving safepoint region
[2019-12-09T03:43:11.863+0000][1][safepoint    ] Total time for which application threads were stopped: 0.0000994 seconds, Stopping threads took: 0.0000197 seconds
[2019-12-09T03:43:12.358+0000][1][safepoint    ] Application time: 0.4944647 seconds
[2019-12-09T03:43:12.358+0000][1][safepoint    ] Entering safepoint region: GenCollectForAllocation
[2019-12-09T03:43:12.358+0000][1][gc,start     ] GC(30) Pause Young (Allocation Failure)
[2019-12-09T03:43:12.358+0000][1][gc,task      ] GC(30) Using 2 workers of 2 for evacuation
[2019-12-09T03:43:12.364+0000][1][gc,age       ] GC(30) Desired survivor size 4456448 bytes, new threshold 6 (max threshold 6)
[2019-12-09T03:43:12.364+0000][1][gc,age       ] GC(30) Age table with threshold 6 (max threshold 6)
[2019-12-09T03:43:12.364+0000][1][gc,age       ] GC(30) - age   1:     693008 bytes,     693008 total
[2019-12-09T03:43:12.364+0000][1][gc,age       ] GC(30) - age   2:       6992 bytes,     700000 total
[2019-12-09T03:43:12.364+0000][1][gc,age       ] GC(30) - age   3:       7864 bytes,     707864 total
[2019-12-09T03:43:12.364+0000][1][gc,age       ] GC(30) - age   4:     110224 bytes,     818088 total
[2019-12-09T03:43:12.364+0000][1][gc,age       ] GC(30) - age   5:     283040 bytes,    1101128 total
[2019-12-09T03:43:12.364+0000][1][gc,age       ] GC(30) - age   6:    1079056 bytes,    2180184 total
[2019-12-09T03:43:12.364+0000][1][gc,heap      ] GC(30) ParNew: 73223K->3355K(78656K)
[2019-12-09T03:43:12.364+0000][1][gc,heap      ] GC(30) CMS: 69202K->69202K(174784K)
[2019-12-09T03:43:12.364+0000][1][gc,metaspace ] GC(30) Metaspace: 75134K->75134K(1118208K)
[2019-12-09T03:43:12.364+0000][1][gc           ] GC(30) Pause Young (Allocation Failure) 139M->70M(247M) 6.009ms
[2019-12-09T03:43:12.364+0000][1][gc,cpu       ] GC(30) User=0.01s Sys=0.00s Real=0.00s
[2019-12-09T03:43:12.364+0000][1][safepoint    ] Leaving safepoint region
[2019-12-09T03:43:12.364+0000][1][safepoint    ] Total time for which application threads were stopped: 0.0061905 seconds, Stopping threads took: 0.0000186 seconds
[2019-12-09T03:43:13.364+0000][1][safepoint    ] Application time: 1.0000875 seconds
[2019-12-09T03:43:13.364+0000][1][safepoint    ] Entering safepoint region: Cleanup
[2019-12-09T03:43:13.364+0000][1][safepoint    ] Leaving safepoint region
[2019-12-09T03:43:13.364+0000][1][safepoint    ] Total time for which application threads were stopped: 0.0001284 seconds, Stopping threads took: 0.0000225 seconds
[2019-12-09T03:43:14.365+0000][1][safepoint    ] Application time: 1.0000736 seconds
[2019-12-09T03:43:14.365+0000][1][safepoint    ] Entering safepoint region: Cleanup
[2019-12-09T03:43:14.365+0000][1][safepoint    ] Leaving safepoint region
[2019-12-09T03:43:14.365+0000][1][safepoint    ] Total time for which application threads were stopped: 0.0001040 seconds, Stopping threads took: 0.0000191 seconds
[2019-12-09T03:43:15.365+0000][1][safepoint    ] Application time: 1.0000763 seconds
[2019-12-09T03:43:15.365+0000][1][safepoint    ] Entering safepoint region: Cleanup
[2019-12-09T03:43:15.365+0000][1][safepoint    ] Leaving safepoint region
[2019-12-09T03:43:15.365+0000][1][safepoint    ] Total time for which application threads were stopped: 0.0000972 seconds, Stopping threads took: 0.0000197 seconds
[2019-12-09T03:43:16.365+0000][1][safepoint    ] Application time: 1.0000741 seconds
[2019-12-09T03:43:16.365+0000][1][safepoint    ] Entering safepoint region: Cleanup
[2019-12-09T03:43:16.365+0000][1][safepoint    ] Leaving safepoint region
[2019-12-09T03:43:16.365+0000][1][safepoint    ] Total time for which application threads were stopped: 0.0001053 seconds, Stopping threads took: 0.0000201 seconds
[2019-12-09T03:43:17.365+0000][1][safepoint    ] Application time: 1.0000870 seconds
[2019-12-09T03:43:17.365+0000][1][safepoint    ] Entering safepoint region: Cleanup
[2019-12-09T03:43:17.365+0000][1][safepoint    ] Leaving safepoint region
[2019-12-09T03:43:17.365+0000][1][safepoint    ] Total time for which application threads were stopped: 0.0001346 seconds, Stopping threads took: 0.0000461 seconds
[2019-12-09T03:43:18.365+0000][1][safepoint    ] Application time: 1.0000837 seconds
[2019-12-09T03:43:18.366+0000][1][safepoint    ] Entering safepoint region: Cleanup
[2019-12-09T03:43:18.366+0000][1][safepoint    ] Leaving safepoint region
[2019-12-09T03:43:18.366+0000][1][safepoint    ] Total time for which application threads were stopped: 0.0000934 seconds, Stopping threads took: 0.0000196 seconds
[2019-12-09T03:43:19.366+0000][1][safepoint    ] Application time: 1.0000868 seconds
[2019-12-09T03:43:19.366+0000][1][safepoint    ] Entering safepoint region: Cleanup
[2019-12-09T03:43:19.366+0000][1][safepoint    ] Leaving safepoint region
[2019-12-09T03:43:19.366+0000][1][safepoint    ] Total time for which application threads were stopped: 0.0001200 seconds, Stopping threads took: 0.0000236 seconds
[2019-12-09T03:43:20.366+0000][1][safepoint    ] Application time: 1.0000762 seconds
[2019-12-09T03:43:20.366+0000][1][safepoint    ] Entering safepoint region: Cleanup
[2019-12-09T03:43:20.366+0000][1][safepoint    ] Leaving safepoint region
[2019-12-09T03:43:20.366+0000][1][safepoint    ] Total time for which application threads were stopped: 0.0000979 seconds, Stopping threads took: 0.0000207 seconds
[2019-12-09T03:43:21.366+0000][1][safepoint    ] Application time: 1.0000745 seconds
[2019-12-09T03:43:21.366+0000][1][safepoint    ] Entering safepoint region: Cleanup
[2019-12-09T03:43:21.366+0000][1][safepoint    ] Leaving safepoint region
[2019-12-09T03:43:21.366+0000][1][safepoint    ] Total time for which application threads were stopped: 0.0001062 seconds, Stopping threads took: 0.0000201 seconds
[2019-12-09T03:43:22.366+0000][1][safepoint    ] Application time: 1.0000743 seconds
[2019-12-09T03:43:22.366+0000][1][safepoint    ] Entering safepoint region: Cleanup
[2019-12-09T03:43:22.366+0000][1][safepoint    ] Leaving safepoint region
[2019-12-09T03:43:22.367+0000][1][safepoint    ] Total time for which application threads were stopped: 0.0000961 seconds, Stopping threads took: 0.0000199 seconds
[2019-12-09T03:43:23.367+0000][1][safepoint    ] Application time: 1.0000753 seconds
[2019-12-09T03:43:23.367+0000][1][safepoint    ] Entering safepoint region: Cleanup
[2019-12-09T03:43:23.367+0000][1][safepoint    ] Leaving safepoint region
[2019-12-09T03:43:23.367+0000][1][safepoint    ] Total time for which application threads were stopped: 0.0001071 seconds, Stopping threads took: 0.0000198 seconds
[2019-12-09T03:43:24.367+0000][1][safepoint    ] Application time: 1.0000757 seconds
[2019-12-09T03:43:24.367+0000][1][safepoint    ] Entering safepoint region: Cleanup
[2019-12-09T03:43:24.367+0000][1][safepoint    ] Leaving safepoint region
[2019-12-09T03:43:24.367+0000][1][safepoint    ] Total time for which application threads were stopped: 0.0001025 seconds, Stopping threads took: 0.0000183 seconds
[2019-12-09T03:43:25.367+0000][1][safepoint    ] Application time: 1.0000754 seconds
[2019-12-09T03:43:25.367+0000][1][safepoint    ] Entering safepoint region: Cleanup
[2019-12-09T03:43:25.367+0000][1][safepoint    ] Leaving safepoint region
[2019-12-09T03:43:25.367+0000][1][safepoint    ] Total time for which application threads were stopped: 0.0000954 seconds, Stopping threads took: 0.0000196 seconds
[2019-12-09T03:43:26.367+0000][1][safepoint    ] Application time: 1.0000767 seconds
[2019-12-09T03:43:26.367+0000][1][safepoint    ] Entering safepoint region: Cleanup
[2019-12-09T03:43:26.367+0000][1][safepoint    ] Leaving safepoint region
[2019-12-09T03:43:26.367+0000][1][safepoint    ] Total time for which application threads were stopped: 0.0001077 seconds, Stopping threads took: 0.0000200 seconds
[2019-12-09T03:43:27.367+0000][1][safepoint    ] Application time: 1.0000762 seconds
[2019-12-09T03:43:27.368+0000][1][safepoint    ] Entering safepoint region: Cleanup
[2019-12-09T03:43:27.368+0000][1][safepoint    ] Leaving safepoint region
[2019-12-09T03:43:27.368+0000][1][safepoint    ] Total time for which application threads were stopped: 0.0001010 seconds, Stopping threads took: 0.0000187 seconds
[2019-12-09T03:43:28.368+0000][1][safepoint    ] Application time: 1.0000765 seconds
[2019-12-09T03:43:28.368+0000][1][safepoint    ] Entering safepoint region: Cleanup
[2019-12-09T03:43:28.368+0000][1][safepoint    ] Leaving safepoint region
[2019-12-09T03:43:28.368+0000][1][safepoint    ] Total time for which application threads were stopped: 0.0001030 seconds, Stopping threads took: 0.0000204 seconds
[2019-12-09T03:43:29.368+0000][1][safepoint    ] Application time: 1.0000772 seconds
[2019-12-09T03:43:29.368+0000][1][safepoint    ] Entering safepoint region: Cleanup
[2019-12-09T03:43:29.368+0000][1][safepoint    ] Leaving safepoint region
[2019-12-09T03:43:29.368+0000][1][safepoint    ] Total time for which application threads were stopped: 0.0000934 seconds, Stopping threads took: 0.0000182 seconds
[2019-12-09T03:43:30.368+0000][1][safepoint    ] Application time: 1.0000745 seconds
[2019-12-09T03:43:30.368+0000][1][safepoint    ] Entering safepoint region: Cleanup
[2019-12-09T03:43:30.368+0000][1][safepoint    ] Leaving safepoint region
[2019-12-09T03:43:30.368+0000][1][safepoint    ] Total time for which application threads were stopped: 0.0000955 seconds, Stopping threads took: 0.0000192 seconds
[2019-12-09T03:43:31.368+0000][1][safepoint    ] Application time: 1.0000757 seconds
[2019-12-09T03:43:31.368+0000][1][safepoint    ] Entering safepoint region: Cleanup
[2019-12-09T03:43:31.368+0000][1][safepoint    ] Leaving safepoint region
[2019-12-09T03:43:31.369+0000][1][safepoint    ] Total time for which application threads were stopped: 0.0001081 seconds, Stopping threads took: 0.0000278 seconds
[2019-12-09T03:43:32.369+0000][1][safepoint    ] Application time: 1.0000753 seconds
[2019-12-09T03:43:32.369+0000][1][safepoint    ] Entering safepoint region: Cleanup
[2019-12-09T03:43:32.369+0000][1][safepoint    ] Leaving safepoint region
[2019-12-09T03:43:32.369+0000][1][safepoint    ] Total time for which application threads were stopped: 0.0001101 seconds, Stopping threads took: 0.0000200 seconds
[2019-12-09T03:43:33.369+0000][1][safepoint    ] Application time: 1.0000761 seconds
[2019-12-09T03:43:33.369+0000][1][safepoint    ] Entering safepoint region: Cleanup
[2019-12-09T03:43:33.369+0000][1][safepoint    ] Leaving safepoint region
[2019-12-09T03:43:33.369+0000][1][safepoint    ] Total time for which application threads were stopped: 0.0000969 seconds, Stopping threads took: 0.0000200 seconds
[2019-12-09T03:43:34.369+0000][1][safepoint    ] Application time: 1.0000768 seconds
[2019-12-09T03:43:34.369+0000][1][safepoint    ] Entering safepoint region: Cleanup
[2019-12-09T03:43:34.369+0000][1][safepoint    ] Leaving safepoint region
[2019-12-09T03:43:34.369+0000][1][safepoint    ] Total time for which application threads were stopped: 0.0001136 seconds, Stopping threads took: 0.0000201 seconds
[2019-12-09T03:43:35.369+0000][1][safepoint    ] Application time: 1.0000766 seconds
[2019-12-09T03:43:35.369+0000][1][safepoint    ] Entering safepoint region: Cleanup
[2019-12-09T03:43:35.369+0000][1][safepoint    ] Leaving safepoint region
[2019-12-09T03:43:35.369+0000][1][safepoint    ] Total time for which application threads were stopped: 0.0001065 seconds, Stopping threads took: 0.0000183 seconds
[2019-12-09T03:43:36.370+0000][1][safepoint    ] Application time: 1.0000744 seconds
[2019-12-09T03:43:36.370+0000][1][safepoint    ] Entering safepoint region: Cleanup
[2019-12-09T03:43:36.370+0000][1][safepoint    ] Leaving safepoint region
[2019-12-09T03:43:36.370+0000][1][safepoint    ] Total time for which application threads were stopped: 0.0000970 seconds, Stopping threads took: 0.0000204 seconds
[2019-12-09T03:43:37.370+0000][1][safepoint    ] Application time: 1.0000568 seconds
[2019-12-09T03:43:37.370+0000][1][safepoint    ] Entering safepoint region: Cleanup
[2019-12-09T03:43:37.370+0000][1][safepoint    ] Leaving safepoint region
[2019-12-09T03:43:37.370+0000][1][safepoint    ] Total time for which application threads were stopped: 0.0000923 seconds, Stopping threads took: 0.0000176 seconds
[2019-12-09T03:43:38.370+0000][1][safepoint    ] Application time: 1.0000743 seconds
[2019-12-09T03:43:38.370+0000][1][safepoint    ] Entering safepoint region: Cleanup
[2019-12-09T03:43:38.370+0000][1][safepoint    ] Leaving safepoint region
[2019-12-09T03:43:38.370+0000][1][safepoint    ] Total time for which application threads were stopped: 0.0001166 seconds, Stopping threads took: 0.0000193 seconds
[2019-12-09T03:43:39.370+0000][1][safepoint    ] Application time: 1.0000764 seconds
[2019-12-09T03:43:39.370+0000][1][safepoint    ] Entering safepoint region: Cleanup
[2019-12-09T03:43:39.370+0000][1][safepoint    ] Leaving safepoint region
[2019-12-09T03:43:39.370+0000][1][safepoint    ] Total time for which application threads were stopped: 0.0001042 seconds, Stopping threads took: 0.0000213 seconds
[2019-12-09T03:43:40.370+0000][1][safepoint    ] Application time: 1.0000746 seconds
[2019-12-09T03:43:40.370+0000][1][safepoint    ] Entering safepoint region: Cleanup
[2019-12-09T03:43:40.371+0000][1][safepoint    ] Leaving safepoint region
[2019-12-09T03:43:40.371+0000][1][safepoint    ] Total time for which application threads were stopped: 0.0001008 seconds, Stopping threads took: 0.0000221 seconds
[2019-12-09T03:43:41.371+0000][1][safepoint    ] Application time: 1.0000779 seconds
[2019-12-09T03:43:41.371+0000][1][safepoint    ] Entering safepoint region: Cleanup
[2019-12-09T03:43:41.371+0000][1][safepoint    ] Leaving safepoint region
[2019-12-09T03:43:41.371+0000][1][safepoint    ] Total time for which application threads were stopped: 0.0001172 seconds, Stopping threads took: 0.0000277 seconds
[2019-12-09T03:43:42.371+0000][1][safepoint    ] Application time: 1.0000749 seconds
[2019-12-09T03:43:42.371+0000][1][safepoint    ] Entering safepoint region: Cleanup
[2019-12-09T03:43:42.371+0000][1][safepoint    ] Leaving safepoint region
[2019-12-09T03:43:42.371+0000][1][safepoint    ] Total time for which application threads were stopped: 0.0001058 seconds, Stopping threads took: 0.0000208 seconds
[2019-12-09T03:43:43.371+0000][1][safepoint    ] Application time: 1.0000757 seconds
[2019-12-09T03:43:43.371+0000][1][safepoint    ] Entering safepoint region: Cleanup
[2019-12-09T03:43:43.371+0000][1][safepoint    ] Leaving safepoint region
[2019-12-09T03:43:43.371+0000][1][safepoint    ] Total time for which application threads were stopped: 0.0001064 seconds, Stopping threads took: 0.0000200 seconds
[2019-12-09T03:43:44.371+0000][1][safepoint    ] Application time: 1.0000751 seconds
[2019-12-09T03:43:44.371+0000][1][safepoint    ] Entering safepoint region: Cleanup
[2019-12-09T03:43:44.371+0000][1][safepoint    ] Leaving safepoint region
[2019-12-09T03:43:44.371+0000][1][safepoint    ] Total time for which application threads were stopped: 0.0001091 seconds, Stopping threads took: 0.0000199 seconds
[2019-12-09T03:43:45.372+0000][1][safepoint    ] Application time: 1.0000746 seconds
[2019-12-09T03:43:45.372+0000][1][safepoint    ] Entering safepoint region: Cleanup
[2019-12-09T03:43:45.372+0000][1][safepoint    ] Leaving safepoint region
[2019-12-09T03:43:45.372+0000][1][safepoint    ] Total time for which application threads were stopped: 0.0000951 seconds, Stopping threads took: 0.0000192 seconds
[2019-12-09T03:43:46.372+0000][1][safepoint    ] Application time: 1.0000779 seconds
[2019-12-09T03:43:46.372+0000][1][safepoint    ] Entering safepoint region: Cleanup
[2019-12-09T03:43:46.372+0000][1][safepoint    ] Leaving safepoint region
[2019-12-09T03:43:46.372+0000][1][safepoint    ] Total time for which application threads were stopped: 0.0000974 seconds, Stopping threads took: 0.0000212 seconds
[2019-12-09T03:43:47.372+0000][1][safepoint    ] Application time: 1.0000786 seconds
[2019-12-09T03:43:47.372+0000][1][safepoint    ] Entering safepoint region: Cleanup
[2019-12-09T03:43:47.372+0000][1][safepoint    ] Leaving safepoint region
[2019-12-09T03:43:47.372+0000][1][safepoint    ] Total time for which application threads were stopped: 0.0000948 seconds, Stopping threads took: 0.0000186 seconds
[2019-12-09T03:43:48.372+0000][1][safepoint    ] Application time: 1.0000751 seconds
[2019-12-09T03:43:48.372+0000][1][safepoint    ] Entering safepoint region: Cleanup
[2019-12-09T03:43:48.372+0000][1][safepoint    ] Leaving safepoint region
[2019-12-09T03:43:48.372+0000][1][safepoint    ] Total time for which application threads were stopped: 0.0000994 seconds, Stopping threads took: 0.0000203 seconds
[2019-12-09T03:43:49.372+0000][1][safepoint    ] Application time: 1.0000756 seconds
[2019-12-09T03:43:49.372+0000][1][safepoint    ] Entering safepoint region: Cleanup
[2019-12-09T03:43:49.373+0000][1][safepoint    ] Leaving safepoint region
[2019-12-09T03:43:49.373+0000][1][safepoint    ] Total time for which application threads were stopped: 0.0001040 seconds, Stopping threads took: 0.0000205 seconds
[2019-12-09T03:43:50.373+0000][1][safepoint    ] Application time: 1.0000763 seconds
[2019-12-09T03:43:50.373+0000][1][safepoint    ] Entering safepoint region: Cleanup
[2019-12-09T03:43:50.373+0000][1][safepoint    ] Leaving safepoint region
[2019-12-09T03:43:50.373+0000][1][safepoint    ] Total time for which application threads were stopped: 0.0001077 seconds, Stopping threads took: 0.0000293 seconds
[2019-12-09T03:43:51.373+0000][1][safepoint    ] Application time: 1.0000733 seconds
[2019-12-09T03:43:51.373+0000][1][safepoint    ] Entering safepoint region: Cleanup
[2019-12-09T03:43:51.373+0000][1][safepoint    ] Leaving safepoint region
[2019-12-09T03:43:51.373+0000][1][safepoint    ] Total time for which application threads were stopped: 0.0001093 seconds, Stopping threads took: 0.0000197 seconds
[2019-12-09T03:43:52.373+0000][1][safepoint    ] Application time: 1.0000763 seconds
[2019-12-09T03:43:52.373+0000][1][safepoint    ] Entering safepoint region: Cleanup
[2019-12-09T03:43:52.373+0000][1][safepoint    ] Leaving safepoint region
[2019-12-09T03:43:52.373+0000][1][safepoint    ] Total time for which application threads were stopped: 0.0001071 seconds, Stopping threads took: 0.0000194 seconds
[2019-12-09T03:43:53.373+0000][1][safepoint    ] Application time: 1.0000765 seconds
[2019-12-09T03:43:53.373+0000][1][safepoint    ] Entering safepoint region: Cleanup
[2019-12-09T03:43:53.373+0000][1][safepoint    ] Leaving safepoint region
[2019-12-09T03:43:53.373+0000][1][safepoint    ] Total time for which application threads were stopped: 0.0001007 seconds, Stopping threads took: 0.0000202 seconds
[2019-12-09T03:43:54.374+0000][1][safepoint    ] Application time: 1.0000757 seconds
[2019-12-09T03:43:54.374+0000][1][safepoint    ] Entering safepoint region: Cleanup
[2019-12-09T03:43:54.374+0000][1][safepoint    ] Leaving safepoint region
[2019-12-09T03:43:54.374+0000][1][safepoint    ] Total time for which application threads were stopped: 0.0001004 seconds, Stopping threads took: 0.0000180 seconds
[2019-12-09T03:43:55.374+0000][1][safepoint    ] Application time: 1.0000760 seconds
[2019-12-09T03:43:55.374+0000][1][safepoint    ] Entering safepoint region: Cleanup
[2019-12-09T03:43:55.374+0000][1][safepoint    ] Leaving safepoint region
[2019-12-09T03:43:55.374+0000][1][safepoint    ] Total time for which application threads were stopped: 0.0001013 seconds, Stopping threads took: 0.0000187 seconds
[2019-12-09T03:43:55.932+0000][1][safepoint    ] Application time: 0.5580210 seconds
[2019-12-09T03:43:55.932+0000][1][safepoint    ] Entering safepoint region: GenCollectForAllocation
[2019-12-09T03:43:55.932+0000][1][gc,start     ] GC(31) Pause Young (Allocation Failure)
[2019-12-09T03:43:55.932+0000][1][gc,task      ] GC(31) Using 2 workers of 2 for evacuation
[2019-12-09T03:43:55.940+0000][1][gc,age       ] GC(31) Desired survivor size 4456448 bytes, new threshold 6 (max threshold 6)
[2019-12-09T03:43:55.940+0000][1][gc,age       ] GC(31) Age table with threshold 6 (max threshold 6)
[2019-12-09T03:43:55.940+0000][1][gc,age       ] GC(31) - age   1:     689608 bytes,     689608 total
[2019-12-09T03:43:55.940+0000][1][gc,age       ] GC(31) - age   2:       6120 bytes,     695728 total
[2019-12-09T03:43:55.940+0000][1][gc,age       ] GC(31) - age   3:       6896 bytes,     702624 total
[2019-12-09T03:43:55.940+0000][1][gc,age       ] GC(31) - age   4:       7864 bytes,     710488 total
[2019-12-09T03:43:55.940+0000][1][gc,age       ] GC(31) - age   5:     110224 bytes,     820712 total
[2019-12-09T03:43:55.940+0000][1][gc,age       ] GC(31) - age   6:     283040 bytes,    1103752 total
[2019-12-09T03:43:55.940+0000][1][gc,heap      ] GC(31) ParNew: 73256K->2156K(78656K)
[2019-12-09T03:43:55.940+0000][1][gc,heap      ] GC(31) CMS: 69202K->70274K(174784K)
[2019-12-09T03:43:55.940+0000][1][gc,metaspace ] GC(31) Metaspace: 75225K->75225K(1118208K)
[2019-12-09T03:43:55.940+0000][1][gc           ] GC(31) Pause Young (Allocation Failure) 139M->70M(247M) 8.174ms
[2019-12-09T03:43:55.940+0000][1][gc,cpu       ] GC(31) User=0.02s Sys=0.00s Real=0.01s
[2019-12-09T03:43:55.940+0000][1][safepoint    ] Leaving safepoint region
[2019-12-09T03:43:55.940+0000][1][safepoint    ] Total time for which application threads were stopped: 0.0083849 seconds, Stopping threads took: 0.0000267 seconds
[2019-12-09T03:43:56.940+0000][1][safepoint    ] Application time: 1.0000930 seconds
[2019-12-09T03:43:56.940+0000][1][safepoint    ] Entering safepoint region: Cleanup
[2019-12-09T03:43:56.941+0000][1][safepoint    ] Leaving safepoint region
[2019-12-09T03:43:56.941+0000][1][safepoint    ] Total time for which application threads were stopped: 0.0001004 seconds, Stopping threads took: 0.0000179 seconds
[2019-12-09T03:43:57.941+0000][1][safepoint    ] Application time: 1.0000788 seconds
[2019-12-09T03:43:57.941+0000][1][safepoint    ] Entering safepoint region: Cleanup
[2019-12-09T03:43:57.941+0000][1][safepoint    ] Leaving safepoint region
[2019-12-09T03:43:57.941+0000][1][safepoint    ] Total time for which application threads were stopped: 0.0001102 seconds, Stopping threads took: 0.0000296 seconds
[2019-12-09T03:43:58.941+0000][1][safepoint    ] Application time: 1.0000744 seconds
[2019-12-09T03:43:58.941+0000][1][safepoint    ] Entering safepoint region: Cleanup
[2019-12-09T03:43:58.941+0000][1][safepoint    ] Leaving safepoint region
[2019-12-09T03:43:58.941+0000][1][safepoint    ] Total time for which application threads were stopped: 0.0001030 seconds, Stopping threads took: 0.0000194 seconds
[2019-12-09T03:43:59.941+0000][1][safepoint    ] Application time: 1.0000749 seconds
[2019-12-09T03:43:59.941+0000][1][safepoint    ] Entering safepoint region: Cleanup
[2019-12-09T03:43:59.941+0000][1][safepoint    ] Leaving safepoint region
[2019-12-09T03:43:59.941+0000][1][safepoint    ] Total time for which application threads were stopped: 0.0000929 seconds, Stopping threads took: 0.0000181 seconds
[2019-12-09T03:44:00.941+0000][1][safepoint    ] Application time: 1.0000746 seconds
[2019-12-09T03:44:00.941+0000][1][safepoint    ] Entering safepoint region: Cleanup
[2019-12-09T03:44:00.941+0000][1][safepoint    ] Leaving safepoint region
[2019-12-09T03:44:00.941+0000][1][safepoint    ] Total time for which application threads were stopped: 0.0000919 seconds, Stopping threads took: 0.0000192 seconds
[2019-12-09T03:44:01.941+0000][1][safepoint    ] Application time: 1.0000760 seconds
[2019-12-09T03:44:01.942+0000][1][safepoint    ] Entering safepoint region: Cleanup
[2019-12-09T03:44:01.942+0000][1][safepoint    ] Leaving safepoint region
[2019-12-09T03:44:01.942+0000][1][safepoint    ] Total time for which application threads were stopped: 0.0001145 seconds, Stopping threads took: 0.0000196 seconds
[2019-12-09T03:44:02.942+0000][1][safepoint    ] Application time: 1.0000735 seconds
[2019-12-09T03:44:02.942+0000][1][safepoint    ] Entering safepoint region: Cleanup
[2019-12-09T03:44:02.942+0000][1][safepoint    ] Leaving safepoint region
[2019-12-09T03:44:02.942+0000][1][safepoint    ] Total time for which application threads were stopped: 0.0000965 seconds, Stopping threads took: 0.0000198 seconds
[2019-12-09T03:44:03.942+0000][1][safepoint    ] Application time: 1.0000830 seconds
[2019-12-09T03:44:03.942+0000][1][safepoint    ] Entering safepoint region: Cleanup
[2019-12-09T03:44:03.942+0000][1][safepoint    ] Leaving safepoint region
[2019-12-09T03:44:03.942+0000][1][safepoint    ] Total time for which application threads were stopped: 0.0001332 seconds, Stopping threads took: 0.0000252 seconds
[2019-12-09T03:44:04.942+0000][1][safepoint    ] Application time: 1.0000752 seconds
[2019-12-09T03:44:04.942+0000][1][safepoint    ] Entering safepoint region: Cleanup
[2019-12-09T03:44:04.942+0000][1][safepoint    ] Leaving safepoint region
[2019-12-09T03:44:04.942+0000][1][safepoint    ] Total time for which application threads were stopped: 0.0001130 seconds, Stopping threads took: 0.0000202 seconds
[2019-12-09T03:44:05.942+0000][1][safepoint    ] Application time: 1.0000734 seconds
[2019-12-09T03:44:05.942+0000][1][safepoint    ] Entering safepoint region: Cleanup
[2019-12-09T03:44:05.943+0000][1][safepoint    ] Leaving safepoint region
[2019-12-09T03:44:05.943+0000][1][safepoint    ] Total time for which application threads were stopped: 0.0001030 seconds, Stopping threads took: 0.0000193 seconds
[2019-12-09T03:44:06.943+0000][1][safepoint    ] Application time: 1.0000760 seconds
[2019-12-09T03:44:06.943+0000][1][safepoint    ] Entering safepoint region: Cleanup
[2019-12-09T03:44:06.943+0000][1][safepoint    ] Leaving safepoint region
[2019-12-09T03:44:06.943+0000][1][safepoint    ] Total time for which application threads were stopped: 0.0001070 seconds, Stopping threads took: 0.0000296 seconds
[2019-12-09T03:44:07.943+0000][1][safepoint    ] Application time: 1.0000739 seconds
[2019-12-09T03:44:07.943+0000][1][safepoint    ] Entering safepoint region: Cleanup
[2019-12-09T03:44:07.943+0000][1][safepoint    ] Leaving safepoint region
[2019-12-09T03:44:07.943+0000][1][safepoint    ] Total time for which application threads were stopped: 0.0000942 seconds, Stopping threads took: 0.0000181 seconds
[2019-12-09T03:44:08.943+0000][1][safepoint    ] Application time: 1.0000731 seconds
[2019-12-09T03:44:08.943+0000][1][safepoint    ] Entering safepoint region: Cleanup
[2019-12-09T03:44:08.943+0000][1][safepoint    ] Leaving safepoint region
[2019-12-09T03:44:08.943+0000][1][safepoint    ] Total time for which application threads were stopped: 0.0000886 seconds, Stopping threads took: 0.0000165 seconds
[2019-12-09T03:44:09.943+0000][1][safepoint    ] Application time: 1.0000729 seconds
[2019-12-09T03:44:09.943+0000][1][safepoint    ] Entering safepoint region: Cleanup
[2019-12-09T03:44:09.943+0000][1][safepoint    ] Leaving safepoint region
[2019-12-09T03:44:09.943+0000][1][safepoint    ] Total time for which application threads were stopped: 0.0000892 seconds, Stopping threads took: 0.0000178 seconds
[2019-12-09T03:44:10.943+0000][1][safepoint    ] Application time: 1.0000823 seconds
[2019-12-09T03:44:10.944+0000][1][safepoint    ] Entering safepoint region: Cleanup
[2019-12-09T03:44:10.944+0000][1][safepoint    ] Leaving safepoint region
[2019-12-09T03:44:10.944+0000][1][safepoint    ] Total time for which application threads were stopped: 0.0001147 seconds, Stopping threads took: 0.0000262 seconds
[2019-12-09T03:44:11.944+0000][1][safepoint    ] Application time: 1.0000732 seconds
[2019-12-09T03:44:11.944+0000][1][safepoint    ] Entering safepoint region: Cleanup
[2019-12-09T03:44:11.944+0000][1][safepoint    ] Leaving safepoint region
[2019-12-09T03:44:11.944+0000][1][safepoint    ] Total time for which application threads were stopped: 0.0001180 seconds, Stopping threads took: 0.0000186 seconds
[2019-12-09T03:44:12.945+0000][1][safepoint    ] Application time: 1.0009032 seconds
[2019-12-09T03:44:12.945+0000][1][safepoint    ] Entering safepoint region: Cleanup
[2019-12-09T03:44:12.945+0000][1][safepoint    ] Leaving safepoint region
[2019-12-09T03:44:12.945+0000][1][safepoint    ] Total time for which application threads were stopped: 0.0001420 seconds, Stopping threads took: 0.0000269 seconds
[2019-12-09T03:44:13.945+0000][1][safepoint    ] Application time: 1.0000759 seconds
[2019-12-09T03:44:13.945+0000][1][safepoint    ] Entering safepoint region: Cleanup
[2019-12-09T03:44:13.945+0000][1][safepoint    ] Leaving safepoint region
[2019-12-09T03:44:13.945+0000][1][safepoint    ] Total time for which application threads were stopped: 0.0001009 seconds, Stopping threads took: 0.0000191 seconds
[2019-12-09T03:44:14.945+0000][1][safepoint    ] Application time: 1.0000777 seconds
[2019-12-09T03:44:14.945+0000][1][safepoint    ] Entering safepoint region: Cleanup
[2019-12-09T03:44:14.945+0000][1][safepoint    ] Leaving safepoint region
[2019-12-09T03:44:14.945+0000][1][safepoint    ] Total time for which application threads were stopped: 0.0001061 seconds, Stopping threads took: 0.0000201 seconds
[2019-12-09T03:44:15.945+0000][1][safepoint    ] Application time: 1.0000851 seconds
[2019-12-09T03:44:15.946+0000][1][safepoint    ] Entering safepoint region: Cleanup
[2019-12-09T03:44:15.946+0000][1][safepoint    ] Leaving safepoint region
[2019-12-09T03:44:15.946+0000][1][safepoint    ] Total time for which application threads were stopped: 0.0001455 seconds, Stopping threads took: 0.0000314 seconds
[2019-12-09T03:44:16.946+0000][1][safepoint    ] Application time: 1.0000799 seconds
[2019-12-09T03:44:16.946+0000][1][safepoint    ] Entering safepoint region: Cleanup
[2019-12-09T03:44:16.946+0000][1][safepoint    ] Leaving safepoint region
[2019-12-09T03:44:16.946+0000][1][safepoint    ] Total time for which application threads were stopped: 0.0001025 seconds, Stopping threads took: 0.0000192 seconds
[2019-12-09T03:44:17.946+0000][1][safepoint    ] Application time: 1.0000884 seconds
[2019-12-09T03:44:17.946+0000][1][safepoint    ] Entering safepoint region: Cleanup
[2019-12-09T03:44:17.946+0000][1][safepoint    ] Leaving safepoint region
[2019-12-09T03:44:17.946+0000][1][safepoint    ] Total time for which application threads were stopped: 0.0000950 seconds, Stopping threads took: 0.0000204 seconds
[2019-12-09T03:44:18.946+0000][1][safepoint    ] Application time: 1.0000756 seconds
[2019-12-09T03:44:18.946+0000][1][safepoint    ] Entering safepoint region: Cleanup
[2019-12-09T03:44:18.946+0000][1][safepoint    ] Leaving safepoint region
[2019-12-09T03:44:18.946+0000][1][safepoint    ] Total time for which application threads were stopped: 0.0000937 seconds, Stopping threads took: 0.0000170 seconds
[2019-12-09T03:44:19.946+0000][1][safepoint    ] Application time: 1.0000758 seconds
[2019-12-09T03:44:19.946+0000][1][safepoint    ] Entering safepoint region: Cleanup
[2019-12-09T03:44:19.947+0000][1][safepoint    ] Leaving safepoint region
[2019-12-09T03:44:19.947+0000][1][safepoint    ] Total time for which application threads were stopped: 0.0000968 seconds, Stopping threads took: 0.0000199 seconds
[2019-12-09T03:44:20.947+0000][1][safepoint    ] Application time: 1.0000902 seconds
[2019-12-09T03:44:20.947+0000][1][safepoint    ] Entering safepoint region: Cleanup
[2019-12-09T03:44:20.947+0000][1][safepoint    ] Leaving safepoint region
[2019-12-09T03:44:20.947+0000][1][safepoint    ] Total time for which application threads were stopped: 0.0001508 seconds, Stopping threads took: 0.0000458 seconds
[2019-12-09T03:44:21.947+0000][1][safepoint    ] Application time: 1.0000770 seconds
[2019-12-09T03:44:21.947+0000][1][safepoint    ] Entering safepoint region: Cleanup
[2019-12-09T03:44:21.947+0000][1][safepoint    ] Leaving safepoint region
[2019-12-09T03:44:21.947+0000][1][safepoint    ] Total time for which application threads were stopped: 0.0000939 seconds, Stopping threads took: 0.0000189 seconds
[2019-12-09T03:44:22.947+0000][1][safepoint    ] Application time: 1.0000761 seconds
[2019-12-09T03:44:22.947+0000][1][safepoint    ] Entering safepoint region: Cleanup
[2019-12-09T03:44:22.947+0000][1][safepoint    ] Leaving safepoint region
[2019-12-09T03:44:22.947+0000][1][safepoint    ] Total time for which application threads were stopped: 0.0000960 seconds, Stopping threads took: 0.0000183 seconds
[2019-12-09T03:44:23.947+0000][1][safepoint    ] Application time: 1.0000752 seconds
[2019-12-09T03:44:23.947+0000][1][safepoint    ] Entering safepoint region: Cleanup
[2019-12-09T03:44:23.947+0000][1][safepoint    ] Leaving safepoint region
[2019-12-09T03:44:23.947+0000][1][safepoint    ] Total time for which application threads were stopped: 0.0000927 seconds, Stopping threads took: 0.0000179 seconds
[2019-12-09T03:44:24.948+0000][1][safepoint    ] Application time: 1.0000755 seconds
[2019-12-09T03:44:24.948+0000][1][safepoint    ] Entering safepoint region: Cleanup
[2019-12-09T03:44:24.948+0000][1][safepoint    ] Leaving safepoint region
[2019-12-09T03:44:24.948+0000][1][safepoint    ] Total time for which application threads were stopped: 0.0001179 seconds, Stopping threads took: 0.0000211 seconds
[2019-12-09T03:44:25.948+0000][1][safepoint    ] Application time: 1.0000796 seconds
[2019-12-09T03:44:25.948+0000][1][safepoint    ] Entering safepoint region: Cleanup
[2019-12-09T03:44:25.948+0000][1][safepoint    ] Leaving safepoint region
[2019-12-09T03:44:25.948+0000][1][safepoint    ] Total time for which application threads were stopped: 0.0000983 seconds, Stopping threads took: 0.0000211 seconds
[2019-12-09T03:44:26.948+0000][1][safepoint    ] Application time: 1.0000747 seconds
[2019-12-09T03:44:26.948+0000][1][safepoint    ] Entering safepoint region: Cleanup
[2019-12-09T03:44:26.948+0000][1][safepoint    ] Leaving safepoint region
[2019-12-09T03:44:26.948+0000][1][safepoint    ] Total time for which application threads were stopped: 0.0000965 seconds, Stopping threads took: 0.0000189 seconds
[2019-12-09T03:44:27.948+0000][1][safepoint    ] Application time: 1.0000749 seconds
[2019-12-09T03:44:27.948+0000][1][safepoint    ] Entering safepoint region: Cleanup
[2019-12-09T03:44:27.948+0000][1][safepoint    ] Leaving safepoint region
[2019-12-09T03:44:27.948+0000][1][safepoint    ] Total time for which application threads were stopped: 0.0000913 seconds, Stopping threads took: 0.0000177 seconds
[2019-12-09T03:44:28.948+0000][1][safepoint    ] Application time: 1.0000823 seconds
[2019-12-09T03:44:28.948+0000][1][safepoint    ] Entering safepoint region: Cleanup
[2019-12-09T03:44:28.949+0000][1][safepoint    ] Leaving safepoint region
[2019-12-09T03:44:28.949+0000][1][safepoint    ] Total time for which application threads were stopped: 0.0001330 seconds, Stopping threads took: 0.0000275 seconds
[2019-12-09T03:44:29.949+0000][1][safepoint    ] Application time: 1.0000862 seconds
[2019-12-09T03:44:29.949+0000][1][safepoint    ] Entering safepoint region: Cleanup
[2019-12-09T03:44:29.949+0000][1][safepoint    ] Leaving safepoint region
[2019-12-09T03:44:29.949+0000][1][safepoint    ] Total time for which application threads were stopped: 0.0000969 seconds, Stopping threads took: 0.0000195 seconds
[2019-12-09T03:44:30.949+0000][1][safepoint    ] Application time: 1.0000832 seconds
[2019-12-09T03:44:30.949+0000][1][safepoint    ] Entering safepoint region: Cleanup
[2019-12-09T03:44:30.949+0000][1][safepoint    ] Leaving safepoint region
[2019-12-09T03:44:30.949+0000][1][safepoint    ] Total time for which application threads were stopped: 0.0001318 seconds, Stopping threads took: 0.0000271 seconds
[2019-12-09T03:44:31.949+0000][1][safepoint    ] Application time: 1.0000751 seconds
[2019-12-09T03:44:31.949+0000][1][safepoint    ] Entering safepoint region: Cleanup
[2019-12-09T03:44:31.949+0000][1][safepoint    ] Leaving safepoint region
[2019-12-09T03:44:31.949+0000][1][safepoint    ] Total time for which application threads were stopped: 0.0000992 seconds, Stopping threads took: 0.0000192 seconds
[2019-12-09T03:44:32.949+0000][1][safepoint    ] Application time: 1.0000757 seconds
[2019-12-09T03:44:32.949+0000][1][safepoint    ] Entering safepoint region: Cleanup
[2019-12-09T03:44:32.949+0000][1][safepoint    ] Leaving safepoint region
[2019-12-09T03:44:32.950+0000][1][safepoint    ] Total time for which application threads were stopped: 0.0000987 seconds, Stopping threads took: 0.0000187 seconds
[2019-12-09T03:44:33.950+0000][1][safepoint    ] Application time: 1.0003133 seconds
[2019-12-09T03:44:33.950+0000][1][safepoint    ] Entering safepoint region: Cleanup
[2019-12-09T03:44:33.950+0000][1][safepoint    ] Leaving safepoint region
[2019-12-09T03:44:33.950+0000][1][safepoint    ] Total time for which application threads were stopped: 0.0001953 seconds, Stopping threads took: 0.0000744 seconds
[2019-12-09T03:44:34.950+0000][1][safepoint    ] Application time: 1.0000805 seconds
[2019-12-09T03:44:34.950+0000][1][safepoint    ] Entering safepoint region: Cleanup
[2019-12-09T03:44:34.950+0000][1][safepoint    ] Leaving safepoint region
[2019-12-09T03:44:34.950+0000][1][safepoint    ] Total time for which application threads were stopped: 0.0000997 seconds, Stopping threads took: 0.0000205 seconds
[2019-12-09T03:44:35.950+0000][1][safepoint    ] Application time: 1.0000823 seconds
[2019-12-09T03:44:35.950+0000][1][safepoint    ] Entering safepoint region: Cleanup
[2019-12-09T03:44:35.951+0000][1][safepoint    ] Leaving safepoint region
[2019-12-09T03:44:35.951+0000][1][safepoint    ] Total time for which application threads were stopped: 0.0001389 seconds, Stopping threads took: 0.0000268 seconds
[2019-12-09T03:44:36.951+0000][1][safepoint    ] Application time: 1.0000791 seconds
[2019-12-09T03:44:36.951+0000][1][safepoint    ] Entering safepoint region: Cleanup
[2019-12-09T03:44:36.951+0000][1][safepoint    ] Leaving safepoint region
[2019-12-09T03:44:36.951+0000][1][safepoint    ] Total time for which application threads were stopped: 0.0001134 seconds, Stopping threads took: 0.0000221 seconds
[2019-12-09T03:44:37.397+0000][1][safepoint    ] Application time: 0.4462771 seconds
[2019-12-09T03:44:37.397+0000][1][safepoint    ] Entering safepoint region: GenCollectForAllocation
[2019-12-09T03:44:37.397+0000][1][gc,start     ] GC(32) Pause Young (Allocation Failure)
[2019-12-09T03:44:37.397+0000][1][gc,task      ] GC(32) Using 2 workers of 2 for evacuation
[2019-12-09T03:44:37.401+0000][1][gc,age       ] GC(32) Desired survivor size 4456448 bytes, new threshold 6 (max threshold 6)
[2019-12-09T03:44:37.401+0000][1][gc,age       ] GC(32) Age table with threshold 6 (max threshold 6)
[2019-12-09T03:44:37.401+0000][1][gc,age       ] GC(32) - age   1:     689232 bytes,     689232 total
[2019-12-09T03:44:37.401+0000][1][gc,age       ] GC(32) - age   2:       3520 bytes,     692752 total
[2019-12-09T03:44:37.401+0000][1][gc,age       ] GC(32) - age   3:       6120 bytes,     698872 total
[2019-12-09T03:44:37.401+0000][1][gc,age       ] GC(32) - age   4:       6896 bytes,     705768 total
[2019-12-09T03:44:37.401+0000][1][gc,age       ] GC(32) - age   5:       7776 bytes,     713544 total
[2019-12-09T03:44:37.401+0000][1][gc,age       ] GC(32) - age   6:     110224 bytes,     823768 total
[2019-12-09T03:44:37.401+0000][1][gc,heap      ] GC(32) ParNew: 72108K->943K(78656K)
[2019-12-09T03:44:37.401+0000][1][gc,heap      ] GC(32) CMS: 70274K->70555K(174784K)
[2019-12-09T03:44:37.401+0000][1][gc,metaspace ] GC(32) Metaspace: 75277K->75277K(1118208K)
[2019-12-09T03:44:37.401+0000][1][gc           ] GC(32) Pause Young (Allocation Failure) 139M->69M(247M) 3.754ms
[2019-12-09T03:44:37.401+0000][1][gc,cpu       ] GC(32) User=0.00s Sys=0.00s Real=0.00s
[2019-12-09T03:44:37.401+0000][1][safepoint    ] Leaving safepoint region
[2019-12-09T03:44:37.401+0000][1][safepoint    ] Total time for which application threads were stopped: 0.0039338 seconds, Stopping threads took: 0.0000186 seconds
[2019-12-09T03:44:38.401+0000][1][safepoint    ] Application time: 1.0000852 seconds
[2019-12-09T03:44:38.401+0000][1][safepoint    ] Entering safepoint region: Cleanup
[2019-12-09T03:44:38.401+0000][1][safepoint    ] Leaving safepoint region
[2019-12-09T03:44:38.401+0000][1][safepoint    ] Total time for which application threads were stopped: 0.0001020 seconds, Stopping threads took: 0.0000189 seconds
[2019-12-09T03:44:39.401+0000][1][safepoint    ] Application time: 1.0000754 seconds
[2019-12-09T03:44:39.401+0000][1][safepoint    ] Entering safepoint region: Cleanup
[2019-12-09T03:44:39.402+0000][1][safepoint    ] Leaving safepoint region
[2019-12-09T03:44:39.402+0000][1][safepoint    ] Total time for which application threads were stopped: 0.0001161 seconds, Stopping threads took: 0.0000196 seconds
[2019-12-09T03:44:40.402+0000][1][safepoint    ] Application time: 1.0000761 seconds
[2019-12-09T03:44:40.402+0000][1][safepoint    ] Entering safepoint region: Cleanup
[2019-12-09T03:44:40.402+0000][1][safepoint    ] Leaving safepoint region
[2019-12-09T03:44:40.402+0000][1][safepoint    ] Total time for which application threads were stopped: 0.0001109 seconds, Stopping threads took: 0.0000195 seconds
[2019-12-09T03:44:41.402+0000][1][safepoint    ] Application time: 1.0000738 seconds
[2019-12-09T03:44:41.402+0000][1][safepoint    ] Entering safepoint region: Cleanup
[2019-12-09T03:44:41.402+0000][1][safepoint    ] Leaving safepoint region
[2019-12-09T03:44:41.402+0000][1][safepoint    ] Total time for which application threads were stopped: 0.0001109 seconds, Stopping threads took: 0.0000282 seconds
[2019-12-09T03:44:42.402+0000][1][safepoint    ] Application time: 1.0000822 seconds
[2019-12-09T03:44:42.402+0000][1][safepoint    ] Entering safepoint region: Cleanup
[2019-12-09T03:44:42.402+0000][1][safepoint    ] Leaving safepoint region
[2019-12-09T03:44:42.402+0000][1][safepoint    ] Total time for which application threads were stopped: 0.0001509 seconds, Stopping threads took: 0.0000566 seconds
[2019-12-09T03:44:43.402+0000][1][safepoint    ] Application time: 1.0000839 seconds
[2019-12-09T03:44:43.402+0000][1][safepoint    ] Entering safepoint region: Cleanup
[2019-12-09T03:44:43.403+0000][1][safepoint    ] Leaving safepoint region
[2019-12-09T03:44:43.403+0000][1][safepoint    ] Total time for which application threads were stopped: 0.0001038 seconds, Stopping threads took: 0.0000212 seconds
[2019-12-09T03:44:44.403+0000][1][safepoint    ] Application time: 1.0000763 seconds
[2019-12-09T03:44:44.403+0000][1][safepoint    ] Entering safepoint region: Cleanup
[2019-12-09T03:44:44.403+0000][1][safepoint    ] Leaving safepoint region
[2019-12-09T03:44:44.403+0000][1][safepoint    ] Total time for which application threads were stopped: 0.0001105 seconds, Stopping threads took: 0.0000201 seconds
[2019-12-09T03:44:45.403+0000][1][safepoint    ] Application time: 1.0000755 seconds
[2019-12-09T03:44:45.403+0000][1][safepoint    ] Entering safepoint region: Cleanup
[2019-12-09T03:44:45.403+0000][1][safepoint    ] Leaving safepoint region
[2019-12-09T03:44:45.403+0000][1][safepoint    ] Total time for which application threads were stopped: 0.0001032 seconds, Stopping threads took: 0.0000204 seconds
[2019-12-09T03:44:46.403+0000][1][safepoint    ] Application time: 1.0000762 seconds
[2019-12-09T03:44:46.403+0000][1][safepoint    ] Entering safepoint region: Cleanup
[2019-12-09T03:44:46.403+0000][1][safepoint    ] Leaving safepoint region
[2019-12-09T03:44:46.403+0000][1][safepoint    ] Total time for which application threads were stopped: 0.0001054 seconds, Stopping threads took: 0.0000205 seconds
[2019-12-09T03:44:47.403+0000][1][safepoint    ] Application time: 1.0000746 seconds
[2019-12-09T03:44:47.403+0000][1][safepoint    ] Entering safepoint region: Cleanup
[2019-12-09T03:44:47.403+0000][1][safepoint    ] Leaving safepoint region
[2019-12-09T03:44:47.403+0000][1][safepoint    ] Total time for which application threads were stopped: 0.0000969 seconds, Stopping threads took: 0.0000203 seconds
[2019-12-09T03:44:48.403+0000][1][safepoint    ] Application time: 1.0000759 seconds
[2019-12-09T03:44:48.404+0000][1][safepoint    ] Entering safepoint region: Cleanup
[2019-12-09T03:44:48.404+0000][1][safepoint    ] Leaving safepoint region
[2019-12-09T03:44:48.404+0000][1][safepoint    ] Total time for which application threads were stopped: 0.0001047 seconds, Stopping threads took: 0.0000196 seconds
[2019-12-09T03:44:49.404+0000][1][safepoint    ] Application time: 1.0000758 seconds
[2019-12-09T03:44:49.404+0000][1][safepoint    ] Entering safepoint region: Cleanup
[2019-12-09T03:44:49.404+0000][1][safepoint    ] Leaving safepoint region
[2019-12-09T03:44:49.404+0000][1][safepoint    ] Total time for which application threads were stopped: 0.0000998 seconds, Stopping threads took: 0.0000202 seconds
[2019-12-09T03:44:50.404+0000][1][safepoint    ] Application time: 1.0000756 seconds
[2019-12-09T03:44:50.404+0000][1][safepoint    ] Entering safepoint region: Cleanup
[2019-12-09T03:44:50.404+0000][1][safepoint    ] Leaving safepoint region
[2019-12-09T03:44:50.404+0000][1][safepoint    ] Total time for which application threads were stopped: 0.0000973 seconds, Stopping threads took: 0.0000191 seconds
[2019-12-09T03:44:51.404+0000][1][safepoint    ] Application time: 1.0000767 seconds
[2019-12-09T03:44:51.404+0000][1][safepoint    ] Entering safepoint region: Cleanup
[2019-12-09T03:44:51.404+0000][1][safepoint    ] Leaving safepoint region
[2019-12-09T03:44:51.404+0000][1][safepoint    ] Total time for which application threads were stopped: 0.0001020 seconds, Stopping threads took: 0.0000219 seconds
[2019-12-09T03:44:52.404+0000][1][safepoint    ] Application time: 1.0000776 seconds
[2019-12-09T03:44:52.404+0000][1][safepoint    ] Entering safepoint region: Cleanup
[2019-12-09T03:44:52.405+0000][1][safepoint    ] Leaving safepoint region
[2019-12-09T03:44:52.405+0000][1][safepoint    ] Total time for which application threads were stopped: 0.0000979 seconds, Stopping threads took: 0.0000204 seconds
[2019-12-09T03:44:53.405+0000][1][safepoint    ] Application time: 1.0000768 seconds
[2019-12-09T03:44:53.405+0000][1][safepoint    ] Entering safepoint region: Cleanup
[2019-12-09T03:44:53.405+0000][1][safepoint    ] Leaving safepoint region
[2019-12-09T03:44:53.405+0000][1][safepoint    ] Total time for which application threads were stopped: 0.0001295 seconds, Stopping threads took: 0.0000222 seconds
[2019-12-09T03:44:54.405+0000][1][safepoint    ] Application time: 1.0000471 seconds
[2019-12-09T03:44:54.405+0000][1][safepoint    ] Entering safepoint region: Cleanup
[2019-12-09T03:44:54.405+0000][1][safepoint    ] Leaving safepoint region
[2019-12-09T03:44:54.405+0000][1][safepoint    ] Total time for which application threads were stopped: 0.0000986 seconds, Stopping threads took: 0.0000205 seconds
[2019-12-09T03:44:55.405+0000][1][safepoint    ] Application time: 1.0000773 seconds
[2019-12-09T03:44:55.405+0000][1][safepoint    ] Entering safepoint region: Cleanup
[2019-12-09T03:44:55.405+0000][1][safepoint    ] Leaving safepoint region
[2019-12-09T03:44:55.405+0000][1][safepoint    ] Total time for which application threads were stopped: 0.0001021 seconds, Stopping threads took: 0.0000206 seconds
[2019-12-09T03:44:56.405+0000][1][safepoint    ] Application time: 1.0000764 seconds
[2019-12-09T03:44:56.405+0000][1][safepoint    ] Entering safepoint region: Cleanup
[2019-12-09T03:44:56.405+0000][1][safepoint    ] Leaving safepoint region
[2019-12-09T03:44:56.405+0000][1][safepoint    ] Total time for which application threads were stopped: 0.0000964 seconds, Stopping threads took: 0.0000189 seconds
[2019-12-09T03:44:57.405+0000][1][safepoint    ] Application time: 1.0000771 seconds
[2019-12-09T03:44:57.406+0000][1][safepoint    ] Entering safepoint region: Cleanup
[2019-12-09T03:44:57.406+0000][1][safepoint    ] Leaving safepoint region
[2019-12-09T03:44:57.406+0000][1][safepoint    ] Total time for which application threads were stopped: 0.0001087 seconds, Stopping threads took: 0.0000215 seconds
[2019-12-09T03:44:58.406+0000][1][safepoint    ] Application time: 1.0000774 seconds
[2019-12-09T03:44:58.406+0000][1][safepoint    ] Entering safepoint region: Cleanup
[2019-12-09T03:44:58.406+0000][1][safepoint    ] Leaving safepoint region
[2019-12-09T03:44:58.406+0000][1][safepoint    ] Total time for which application threads were stopped: 0.0001279 seconds, Stopping threads took: 0.0000206 seconds
[2019-12-09T03:44:59.406+0000][1][safepoint    ] Application time: 1.0000762 seconds
[2019-12-09T03:44:59.406+0000][1][safepoint    ] Entering safepoint region: Cleanup
[2019-12-09T03:44:59.406+0000][1][safepoint    ] Leaving safepoint region
[2019-12-09T03:44:59.406+0000][1][safepoint    ] Total time for which application threads were stopped: 0.0001159 seconds, Stopping threads took: 0.0000186 seconds
[2019-12-09T03:45:00.406+0000][1][safepoint    ] Application time: 1.0000765 seconds
[2019-12-09T03:45:00.406+0000][1][safepoint    ] Entering safepoint region: Cleanup
[2019-12-09T03:45:00.406+0000][1][safepoint    ] Leaving safepoint region
[2019-12-09T03:45:00.406+0000][1][safepoint    ] Total time for which application threads were stopped: 0.0001030 seconds, Stopping threads took: 0.0000181 seconds
[2019-12-09T03:45:01.406+0000][1][safepoint    ] Application time: 1.0000758 seconds
[2019-12-09T03:45:01.406+0000][1][safepoint    ] Entering safepoint region: Cleanup
[2019-12-09T03:45:01.407+0000][1][safepoint    ] Leaving safepoint region
[2019-12-09T03:45:01.407+0000][1][safepoint    ] Total time for which application threads were stopped: 0.0001050 seconds, Stopping threads took: 0.0000212 seconds
[2019-12-09T03:45:02.407+0000][1][safepoint    ] Application time: 1.0000772 seconds
[2019-12-09T03:45:02.407+0000][1][safepoint    ] Entering safepoint region: Cleanup
[2019-12-09T03:45:02.407+0000][1][safepoint    ] Leaving safepoint region
[2019-12-09T03:45:02.407+0000][1][safepoint    ] Total time for which application threads were stopped: 0.0001197 seconds, Stopping threads took: 0.0000348 seconds
[2019-12-09T03:45:03.407+0000][1][safepoint    ] Application time: 1.0000768 seconds
[2019-12-09T03:45:03.407+0000][1][safepoint    ] Entering safepoint region: Cleanup
[2019-12-09T03:45:03.407+0000][1][safepoint    ] Leaving safepoint region
[2019-12-09T03:45:03.407+0000][1][safepoint    ] Total time for which application threads were stopped: 0.0000963 seconds, Stopping threads took: 0.0000200 seconds
[2019-12-09T03:45:04.407+0000][1][safepoint    ] Application time: 1.0000752 seconds
[2019-12-09T03:45:04.407+0000][1][safepoint    ] Entering safepoint region: Cleanup
[2019-12-09T03:45:04.407+0000][1][safepoint    ] Leaving safepoint region
[2019-12-09T03:45:04.407+0000][1][safepoint    ] Total time for which application threads were stopped: 0.0001021 seconds, Stopping threads took: 0.0000216 seconds
[2019-12-09T03:45:05.407+0000][1][safepoint    ] Application time: 1.0000777 seconds
[2019-12-09T03:45:05.407+0000][1][safepoint    ] Entering safepoint region: Cleanup
[2019-12-09T03:45:05.407+0000][1][safepoint    ] Leaving safepoint region
[2019-12-09T03:45:05.407+0000][1][safepoint    ] Total time for which application threads were stopped: 0.0001002 seconds, Stopping threads took: 0.0000215 seconds
[2019-12-09T03:45:06.408+0000][1][safepoint    ] Application time: 1.0000763 seconds
[2019-12-09T03:45:06.408+0000][1][safepoint    ] Entering safepoint region: Cleanup
[2019-12-09T03:45:06.408+0000][1][safepoint    ] Leaving safepoint region
[2019-12-09T03:45:06.408+0000][1][safepoint    ] Total time for which application threads were stopped: 0.0001017 seconds, Stopping threads took: 0.0000214 seconds
[2019-12-09T03:45:07.408+0000][1][safepoint    ] Application time: 1.0000759 seconds
[2019-12-09T03:45:07.408+0000][1][safepoint    ] Entering safepoint region: Cleanup
[2019-12-09T03:45:07.408+0000][1][safepoint    ] Leaving safepoint region
[2019-12-09T03:45:07.408+0000][1][safepoint    ] Total time for which application threads were stopped: 0.0001108 seconds, Stopping threads took: 0.0000196 seconds
[2019-12-09T03:45:08.408+0000][1][safepoint    ] Application time: 1.0000795 seconds
[2019-12-09T03:45:08.408+0000][1][safepoint    ] Entering safepoint region: Cleanup
[2019-12-09T03:45:08.408+0000][1][safepoint    ] Leaving safepoint region
[2019-12-09T03:45:08.408+0000][1][safepoint    ] Total time for which application threads were stopped: 0.0000974 seconds, Stopping threads took: 0.0000199 seconds
[2019-12-09T03:45:09.409+0000][1][safepoint    ] Application time: 1.0006870 seconds
[2019-12-09T03:45:09.409+0000][1][safepoint    ] Entering safepoint region: Cleanup
[2019-12-09T03:45:09.409+0000][1][safepoint    ] Leaving safepoint region
[2019-12-09T03:45:09.409+0000][1][safepoint    ] Total time for which application threads were stopped: 0.0001318 seconds, Stopping threads took: 0.0000262 seconds
[2019-12-09T03:45:10.409+0000][1][safepoint    ] Application time: 1.0000749 seconds
[2019-12-09T03:45:10.409+0000][1][safepoint    ] Entering safepoint region: Cleanup
[2019-12-09T03:45:10.409+0000][1][safepoint    ] Leaving safepoint region
[2019-12-09T03:45:10.409+0000][1][safepoint    ] Total time for which application threads were stopped: 0.0001063 seconds, Stopping threads took: 0.0000195 seconds
[2019-12-09T03:45:11.409+0000][1][safepoint    ] Application time: 1.0000747 seconds
[2019-12-09T03:45:11.409+0000][1][safepoint    ] Entering safepoint region: Cleanup
[2019-12-09T03:45:11.409+0000][1][safepoint    ] Leaving safepoint region
[2019-12-09T03:45:11.409+0000][1][safepoint    ] Total time for which application threads were stopped: 0.0001080 seconds, Stopping threads took: 0.0000291 seconds
[2019-12-09T03:45:12.410+0000][1][safepoint    ] Application time: 1.0000803 seconds
[2019-12-09T03:45:12.410+0000][1][safepoint    ] Entering safepoint region: Cleanup
[2019-12-09T03:45:12.410+0000][1][safepoint    ] Leaving safepoint region
[2019-12-09T03:45:12.410+0000][1][safepoint    ] Total time for which application threads were stopped: 0.0001087 seconds, Stopping threads took: 0.0000186 seconds
[2019-12-09T03:45:13.410+0000][1][safepoint    ] Application time: 1.0000752 seconds
[2019-12-09T03:45:13.410+0000][1][safepoint    ] Entering safepoint region: Cleanup
[2019-12-09T03:45:13.410+0000][1][safepoint    ] Leaving safepoint region
[2019-12-09T03:45:13.410+0000][1][safepoint    ] Total time for which application threads were stopped: 0.0000989 seconds, Stopping threads took: 0.0000205 seconds
[2019-12-09T03:45:14.410+0000][1][safepoint    ] Application time: 1.0000744 seconds
[2019-12-09T03:45:14.410+0000][1][safepoint    ] Entering safepoint region: Cleanup
[2019-12-09T03:45:14.410+0000][1][safepoint    ] Leaving safepoint region
[2019-12-09T03:45:14.410+0000][1][safepoint    ] Total time for which application threads were stopped: 0.0000977 seconds, Stopping threads took: 0.0000201 seconds
[2019-12-09T03:45:15.410+0000][1][safepoint    ] Application time: 1.0000798 seconds
[2019-12-09T03:45:15.410+0000][1][safepoint    ] Entering safepoint region: Cleanup
[2019-12-09T03:45:15.410+0000][1][safepoint    ] Leaving safepoint region
[2019-12-09T03:45:15.410+0000][1][safepoint    ] Total time for which application threads were stopped: 0.0001342 seconds, Stopping threads took: 0.0000271 seconds
[2019-12-09T03:45:16.410+0000][1][safepoint    ] Application time: 1.0000800 seconds
[2019-12-09T03:45:16.411+0000][1][safepoint    ] Entering safepoint region: Cleanup
[2019-12-09T03:45:16.411+0000][1][safepoint    ] Leaving safepoint region
[2019-12-09T03:45:16.411+0000][1][safepoint    ] Total time for which application threads were stopped: 0.0001034 seconds, Stopping threads took: 0.0000202 seconds
[2019-12-09T03:45:17.411+0000][1][safepoint    ] Application time: 1.0000853 seconds
[2019-12-09T03:45:17.411+0000][1][safepoint    ] Entering safepoint region: Cleanup
[2019-12-09T03:45:17.411+0000][1][safepoint    ] Leaving safepoint region
[2019-12-09T03:45:17.411+0000][1][safepoint    ] Total time for which application threads were stopped: 0.0000965 seconds, Stopping threads took: 0.0000193 seconds
[2019-12-09T03:45:18.411+0000][1][safepoint    ] Application time: 1.0000739 seconds
[2019-12-09T03:45:18.411+0000][1][safepoint    ] Entering safepoint region: Cleanup
[2019-12-09T03:45:18.411+0000][1][safepoint    ] Leaving safepoint region
[2019-12-09T03:45:18.411+0000][1][safepoint    ] Total time for which application threads were stopped: 0.0001017 seconds, Stopping threads took: 0.0000203 seconds
[2019-12-09T03:45:19.411+0000][1][safepoint    ] Application time: 1.0000755 seconds
[2019-12-09T03:45:19.411+0000][1][safepoint    ] Entering safepoint region: Cleanup
[2019-12-09T03:45:19.411+0000][1][safepoint    ] Leaving safepoint region
[2019-12-09T03:45:19.411+0000][1][safepoint    ] Total time for which application threads were stopped: 0.0001019 seconds, Stopping threads took: 0.0000197 seconds
[2019-12-09T03:45:20.046+0000][1][safepoint    ] Application time: 0.6344669 seconds
[2019-12-09T03:45:20.046+0000][1][safepoint    ] Entering safepoint region: GenCollectForAllocation
[2019-12-09T03:45:20.046+0000][1][gc,start     ] GC(33) Pause Young (Allocation Failure)
[2019-12-09T03:45:20.046+0000][1][gc,task      ] GC(33) Using 2 workers of 2 for evacuation
[2019-12-09T03:45:20.048+0000][1][gc,age       ] GC(33) Desired survivor size 4456448 bytes, new threshold 6 (max threshold 6)
[2019-12-09T03:45:20.048+0000][1][gc,age       ] GC(33) Age table with threshold 6 (max threshold 6)
[2019-12-09T03:45:20.048+0000][1][gc,age       ] GC(33) - age   1:     758440 bytes,     758440 total
[2019-12-09T03:45:20.048+0000][1][gc,age       ] GC(33) - age   2:       2512 bytes,     760952 total
[2019-12-09T03:45:20.048+0000][1][gc,age       ] GC(33) - age   3:       3520 bytes,     764472 total
[2019-12-09T03:45:20.048+0000][1][gc,age       ] GC(33) - age   4:       6120 bytes,     770592 total
[2019-12-09T03:45:20.048+0000][1][gc,age       ] GC(33) - age   5:       6720 bytes,     777312 total
[2019-12-09T03:45:20.048+0000][1][gc,age       ] GC(33) - age   6:       7776 bytes,     785088 total
[2019-12-09T03:45:20.048+0000][1][gc,heap      ] GC(33) ParNew: 70876K->1095K(78656K)
[2019-12-09T03:45:20.048+0000][1][gc,heap      ] GC(33) CMS: 70555K->70663K(174784K)
[2019-12-09T03:45:20.048+0000][1][gc,metaspace ] GC(33) Metaspace: 75439K->75439K(1118208K)
[2019-12-09T03:45:20.049+0000][1][gc           ] GC(33) Pause Young (Allocation Failure) 138M->70M(247M) 2.617ms
[2019-12-09T03:45:20.049+0000][1][gc,cpu       ] GC(33) User=0.01s Sys=0.00s Real=0.00s
[2019-12-09T03:45:20.049+0000][1][safepoint    ] Leaving safepoint region
[2019-12-09T03:45:20.049+0000][1][safepoint    ] Total time for which application threads were stopped: 0.0027814 seconds, Stopping threads took: 0.0000185 seconds
[2019-12-09T03:45:21.049+0000][1][safepoint    ] Application time: 1.0000853 seconds
[2019-12-09T03:45:21.049+0000][1][safepoint    ] Entering safepoint region: Cleanup
[2019-12-09T03:45:21.049+0000][1][safepoint    ] Leaving safepoint region
[2019-12-09T03:45:21.049+0000][1][safepoint    ] Total time for which application threads were stopped: 0.0000986 seconds, Stopping threads took: 0.0000183 seconds
[2019-12-09T03:45:22.049+0000][1][safepoint    ] Application time: 1.0000751 seconds
[2019-12-09T03:45:22.049+0000][1][safepoint    ] Entering safepoint region: Cleanup
[2019-12-09T03:45:22.049+0000][1][safepoint    ] Leaving safepoint region
[2019-12-09T03:45:22.049+0000][1][safepoint    ] Total time for which application threads were stopped: 0.0001032 seconds, Stopping threads took: 0.0000193 seconds
[2019-12-09T03:45:23.049+0000][1][safepoint    ] Application time: 1.0000773 seconds
[2019-12-09T03:45:23.049+0000][1][safepoint    ] Entering safepoint region: Cleanup
[2019-12-09T03:45:23.049+0000][1][safepoint    ] Leaving safepoint region
[2019-12-09T03:45:23.049+0000][1][safepoint    ] Total time for which application threads were stopped: 0.0000966 seconds, Stopping threads took: 0.0000194 seconds
[2019-12-09T03:45:24.049+0000][1][safepoint    ] Application time: 1.0000882 seconds
[2019-12-09T03:45:24.049+0000][1][safepoint    ] Entering safepoint region: Cleanup
[2019-12-09T03:45:24.049+0000][1][safepoint    ] Leaving safepoint region
[2019-12-09T03:45:24.049+0000][1][safepoint    ] Total time for which application threads were stopped: 0.0001300 seconds, Stopping threads took: 0.0000259 seconds
[2019-12-09T03:45:25.050+0000][1][safepoint    ] Application time: 1.0000790 seconds
[2019-12-09T03:45:25.050+0000][1][safepoint    ] Entering safepoint region: Cleanup
[2019-12-09T03:45:25.050+0000][1][safepoint    ] Leaving safepoint region
[2019-12-09T03:45:25.050+0000][1][safepoint    ] Total time for which application threads were stopped: 0.0001263 seconds, Stopping threads took: 0.0000206 seconds
[2019-12-09T03:45:26.050+0000][1][safepoint    ] Application time: 1.0000581 seconds
[2019-12-09T03:45:26.050+0000][1][safepoint    ] Entering safepoint region: Cleanup
[2019-12-09T03:45:26.050+0000][1][safepoint    ] Leaving safepoint region
[2019-12-09T03:45:26.050+0000][1][safepoint    ] Total time for which application threads were stopped: 0.0001415 seconds, Stopping threads took: 0.0000370 seconds
[2019-12-09T03:45:27.050+0000][1][safepoint    ] Application time: 1.0000763 seconds
[2019-12-09T03:45:27.050+0000][1][safepoint    ] Entering safepoint region: Cleanup
[2019-12-09T03:45:27.050+0000][1][safepoint    ] Leaving safepoint region
[2019-12-09T03:45:27.050+0000][1][safepoint    ] Total time for which application threads were stopped: 0.0000981 seconds, Stopping threads took: 0.0000186 seconds
[2019-12-09T03:45:28.050+0000][1][safepoint    ] Application time: 1.0000749 seconds
[2019-12-09T03:45:28.050+0000][1][safepoint    ] Entering safepoint region: Cleanup
[2019-12-09T03:45:28.050+0000][1][safepoint    ] Leaving safepoint region
[2019-12-09T03:45:28.050+0000][1][safepoint    ] Total time for which application threads were stopped: 0.0001021 seconds, Stopping threads took: 0.0000205 seconds
[2019-12-09T03:45:29.051+0000][1][safepoint    ] Application time: 1.0000768 seconds
[2019-12-09T03:45:29.051+0000][1][safepoint    ] Entering safepoint region: Cleanup
[2019-12-09T03:45:29.051+0000][1][safepoint    ] Leaving safepoint region
[2019-12-09T03:45:29.051+0000][1][safepoint    ] Total time for which application threads were stopped: 0.0000986 seconds, Stopping threads took: 0.0000200 seconds
[2019-12-09T03:45:30.051+0000][1][safepoint    ] Application time: 1.0000828 seconds
[2019-12-09T03:45:30.051+0000][1][safepoint    ] Entering safepoint region: Cleanup
[2019-12-09T03:45:30.051+0000][1][safepoint    ] Leaving safepoint region
[2019-12-09T03:45:30.051+0000][1][safepoint    ] Total time for which application threads were stopped: 0.0000951 seconds, Stopping threads took: 0.0000181 seconds
[2019-12-09T03:45:31.051+0000][1][safepoint    ] Application time: 1.0000745 seconds
[2019-12-09T03:45:31.051+0000][1][safepoint    ] Entering safepoint region: Cleanup
[2019-12-09T03:45:31.051+0000][1][safepoint    ] Leaving safepoint region
[2019-12-09T03:45:31.051+0000][1][safepoint    ] Total time for which application threads were stopped: 0.0000978 seconds, Stopping threads took: 0.0000209 seconds
[2019-12-09T03:45:32.051+0000][1][safepoint    ] Application time: 1.0000754 seconds
[2019-12-09T03:45:32.051+0000][1][safepoint    ] Entering safepoint region: Cleanup
[2019-12-09T03:45:32.051+0000][1][safepoint    ] Leaving safepoint region
[2019-12-09T03:45:32.051+0000][1][safepoint    ] Total time for which application threads were stopped: 0.0001023 seconds, Stopping threads took: 0.0000204 seconds
[2019-12-09T03:45:33.051+0000][1][safepoint    ] Application time: 1.0000769 seconds
[2019-12-09T03:45:33.051+0000][1][safepoint    ] Entering safepoint region: Cleanup
[2019-12-09T03:45:33.052+0000][1][safepoint    ] Leaving safepoint region
[2019-12-09T03:45:33.052+0000][1][safepoint    ] Total time for which application threads were stopped: 0.0000975 seconds, Stopping threads took: 0.0000194 seconds
[2019-12-09T03:45:34.052+0000][1][safepoint    ] Application time: 1.0000781 seconds
[2019-12-09T03:45:34.052+0000][1][safepoint    ] Entering safepoint region: Cleanup
[2019-12-09T03:45:34.052+0000][1][safepoint    ] Leaving safepoint region
[2019-12-09T03:45:34.052+0000][1][safepoint    ] Total time for which application threads were stopped: 0.0001113 seconds, Stopping threads took: 0.0000313 seconds
[2019-12-09T03:45:35.052+0000][1][safepoint    ] Application time: 1.0000753 seconds
[2019-12-09T03:45:35.052+0000][1][safepoint    ] Entering safepoint region: Cleanup
[2019-12-09T03:45:35.052+0000][1][safepoint    ] Leaving safepoint region
[2019-12-09T03:45:35.052+0000][1][safepoint    ] Total time for which application threads were stopped: 0.0001002 seconds, Stopping threads took: 0.0000199 seconds
[2019-12-09T03:45:36.052+0000][1][safepoint    ] Application time: 1.0000756 seconds
[2019-12-09T03:45:36.052+0000][1][safepoint    ] Entering safepoint region: Cleanup
[2019-12-09T03:45:36.052+0000][1][safepoint    ] Leaving safepoint region
[2019-12-09T03:45:36.052+0000][1][safepoint    ] Total time for which application threads were stopped: 0.0000960 seconds, Stopping threads took: 0.0000191 seconds
[2019-12-09T03:45:37.052+0000][1][safepoint    ] Application time: 1.0000761 seconds
[2019-12-09T03:45:37.052+0000][1][safepoint    ] Entering safepoint region: Cleanup
[2019-12-09T03:45:37.052+0000][1][safepoint    ] Leaving safepoint region
[2019-12-09T03:45:37.052+0000][1][safepoint    ] Total time for which application threads were stopped: 0.0001033 seconds, Stopping threads took: 0.0000187 seconds
[2019-12-09T03:45:38.053+0000][1][safepoint    ] Application time: 1.0000760 seconds
[2019-12-09T03:45:38.053+0000][1][safepoint    ] Entering safepoint region: Cleanup
[2019-12-09T03:45:38.053+0000][1][safepoint    ] Leaving safepoint region
[2019-12-09T03:45:38.053+0000][1][safepoint    ] Total time for which application threads were stopped: 0.0000973 seconds, Stopping threads took: 0.0000182 seconds
[2019-12-09T03:45:39.053+0000][1][safepoint    ] Application time: 1.0000745 seconds
[2019-12-09T03:45:39.053+0000][1][safepoint    ] Entering safepoint region: Cleanup
[2019-12-09T03:45:39.053+0000][1][safepoint    ] Leaving safepoint region
[2019-12-09T03:45:39.053+0000][1][safepoint    ] Total time for which application threads were stopped: 0.0000992 seconds, Stopping threads took: 0.0000200 seconds
[2019-12-09T03:45:40.053+0000][1][safepoint    ] Application time: 1.0000795 seconds
[2019-12-09T03:45:40.053+0000][1][safepoint    ] Entering safepoint region: Cleanup
[2019-12-09T03:45:40.053+0000][1][safepoint    ] Leaving safepoint region
[2019-12-09T03:45:40.053+0000][1][safepoint    ] Total time for which application threads were stopped: 0.0000925 seconds, Stopping threads took: 0.0000188 seconds
[2019-12-09T03:45:41.053+0000][1][safepoint    ] Application time: 1.0000751 seconds
[2019-12-09T03:45:41.053+0000][1][safepoint    ] Entering safepoint region: Cleanup
[2019-12-09T03:45:41.053+0000][1][safepoint    ] Leaving safepoint region
[2019-12-09T03:45:41.053+0000][1][safepoint    ] Total time for which application threads were stopped: 0.0001121 seconds, Stopping threads took: 0.0000267 seconds
[2019-12-09T03:45:42.053+0000][1][safepoint    ] Application time: 1.0000748 seconds
[2019-12-09T03:45:42.053+0000][1][safepoint    ] Entering safepoint region: Cleanup
[2019-12-09T03:45:42.054+0000][1][safepoint    ] Leaving safepoint region
[2019-12-09T03:45:42.054+0000][1][safepoint    ] Total time for which application threads were stopped: 0.0001087 seconds, Stopping threads took: 0.0000190 seconds
[2019-12-09T03:45:43.054+0000][1][safepoint    ] Application time: 1.0000758 seconds
[2019-12-09T03:45:43.054+0000][1][safepoint    ] Entering safepoint region: Cleanup
[2019-12-09T03:45:43.054+0000][1][safepoint    ] Leaving safepoint region
[2019-12-09T03:45:43.054+0000][1][safepoint    ] Total time for which application threads were stopped: 0.0001051 seconds, Stopping threads took: 0.0000195 seconds
[2019-12-09T03:45:44.054+0000][1][safepoint    ] Application time: 1.0000740 seconds
[2019-12-09T03:45:44.054+0000][1][safepoint    ] Entering safepoint region: Cleanup
[2019-12-09T03:45:44.054+0000][1][safepoint    ] Leaving safepoint region
[2019-12-09T03:45:44.054+0000][1][safepoint    ] Total time for which application threads were stopped: 0.0001012 seconds, Stopping threads took: 0.0000188 seconds
[2019-12-09T03:45:45.054+0000][1][safepoint    ] Application time: 1.0000767 seconds
[2019-12-09T03:45:45.054+0000][1][safepoint    ] Entering safepoint region: Cleanup
[2019-12-09T03:45:45.054+0000][1][safepoint    ] Leaving safepoint region
[2019-12-09T03:45:45.054+0000][1][safepoint    ] Total time for which application threads were stopped: 0.0000998 seconds, Stopping threads took: 0.0000201 seconds
[2019-12-09T03:45:46.054+0000][1][safepoint    ] Application time: 1.0000740 seconds
[2019-12-09T03:45:46.054+0000][1][safepoint    ] Entering safepoint region: Cleanup
[2019-12-09T03:45:46.054+0000][1][safepoint    ] Leaving safepoint region
[2019-12-09T03:45:46.054+0000][1][safepoint    ] Total time for which application threads were stopped: 0.0000967 seconds, Stopping threads took: 0.0000203 seconds
[2019-12-09T03:45:47.054+0000][1][safepoint    ] Application time: 1.0000757 seconds
[2019-12-09T03:45:47.055+0000][1][safepoint    ] Entering safepoint region: Cleanup
[2019-12-09T03:45:47.055+0000][1][safepoint    ] Leaving safepoint region
[2019-12-09T03:45:47.055+0000][1][safepoint    ] Total time for which application threads were stopped: 0.0001018 seconds, Stopping threads took: 0.0000189 seconds
[2019-12-09T03:45:48.055+0000][1][safepoint    ] Application time: 1.0000775 seconds
[2019-12-09T03:45:48.055+0000][1][safepoint    ] Entering safepoint region: Cleanup
[2019-12-09T03:45:48.055+0000][1][safepoint    ] Leaving safepoint region
[2019-12-09T03:45:48.055+0000][1][safepoint    ] Total time for which application threads were stopped: 0.0000981 seconds, Stopping threads took: 0.0000205 seconds
[2019-12-09T03:45:49.055+0000][1][safepoint    ] Application time: 1.0000739 seconds
[2019-12-09T03:45:49.055+0000][1][safepoint    ] Entering safepoint region: Cleanup
[2019-12-09T03:45:49.055+0000][1][safepoint    ] Leaving safepoint region
[2019-12-09T03:45:49.055+0000][1][safepoint    ] Total time for which application threads were stopped: 0.0001103 seconds, Stopping threads took: 0.0000196 seconds
[2019-12-09T03:45:50.055+0000][1][safepoint    ] Application time: 1.0000728 seconds
[2019-12-09T03:45:50.055+0000][1][safepoint    ] Entering safepoint region: Cleanup
[2019-12-09T03:45:50.055+0000][1][safepoint    ] Leaving safepoint region
[2019-12-09T03:45:50.055+0000][1][safepoint    ] Total time for which application threads were stopped: 0.0001274 seconds, Stopping threads took: 0.0000259 seconds
[2019-12-09T03:45:51.055+0000][1][safepoint    ] Application time: 1.0000760 seconds
[2019-12-09T03:45:51.055+0000][1][safepoint    ] Entering safepoint region: Cleanup
[2019-12-09T03:45:51.056+0000][1][safepoint    ] Leaving safepoint region
[2019-12-09T03:45:51.056+0000][1][safepoint    ] Total time for which application threads were stopped: 0.0001118 seconds, Stopping threads took: 0.0000270 seconds
[2019-12-09T03:45:52.056+0000][1][safepoint    ] Application time: 1.0000795 seconds
[2019-12-09T03:45:52.056+0000][1][safepoint    ] Entering safepoint region: Cleanup
[2019-12-09T03:45:52.056+0000][1][safepoint    ] Leaving safepoint region
[2019-12-09T03:45:52.056+0000][1][safepoint    ] Total time for which application threads were stopped: 0.0000988 seconds, Stopping threads took: 0.0000199 seconds
[2019-12-09T03:45:53.056+0000][1][safepoint    ] Application time: 1.0000767 seconds
[2019-12-09T03:45:53.056+0000][1][safepoint    ] Entering safepoint region: Cleanup
[2019-12-09T03:45:53.056+0000][1][safepoint    ] Leaving safepoint region
[2019-12-09T03:45:53.056+0000][1][safepoint    ] Total time for which application threads were stopped: 0.0000960 seconds, Stopping threads took: 0.0000201 seconds
[2019-12-09T03:45:54.056+0000][1][safepoint    ] Application time: 1.0000773 seconds
[2019-12-09T03:45:54.056+0000][1][safepoint    ] Entering safepoint region: Cleanup
[2019-12-09T03:45:54.056+0000][1][safepoint    ] Leaving safepoint region
[2019-12-09T03:45:54.056+0000][1][safepoint    ] Total time for which application threads were stopped: 0.0000930 seconds, Stopping threads took: 0.0000170 seconds
[2019-12-09T03:45:55.056+0000][1][safepoint    ] Application time: 1.0000781 seconds
[2019-12-09T03:45:55.056+0000][1][safepoint    ] Entering safepoint region: Cleanup
[2019-12-09T03:45:55.056+0000][1][safepoint    ] Leaving safepoint region
[2019-12-09T03:45:55.056+0000][1][safepoint    ] Total time for which application threads were stopped: 0.0001005 seconds, Stopping threads took: 0.0000190 seconds
[2019-12-09T03:45:56.057+0000][1][safepoint    ] Application time: 1.0000753 seconds
[2019-12-09T03:45:56.057+0000][1][safepoint    ] Entering safepoint region: Cleanup
[2019-12-09T03:45:56.057+0000][1][safepoint    ] Leaving safepoint region
[2019-12-09T03:45:56.057+0000][1][safepoint    ] Total time for which application threads were stopped: 0.0001086 seconds, Stopping threads took: 0.0000188 seconds
[2019-12-09T03:45:57.057+0000][1][safepoint    ] Application time: 1.0000843 seconds
[2019-12-09T03:45:57.057+0000][1][safepoint    ] Entering safepoint region: Cleanup
[2019-12-09T03:45:57.057+0000][1][safepoint    ] Leaving safepoint region
[2019-12-09T03:45:57.057+0000][1][safepoint    ] Total time for which application threads were stopped: 0.0000988 seconds, Stopping threads took: 0.0000188 seconds
[2019-12-09T03:45:58.057+0000][1][safepoint    ] Application time: 1.0000770 seconds
[2019-12-09T03:45:58.057+0000][1][safepoint    ] Entering safepoint region: Cleanup
[2019-12-09T03:45:58.057+0000][1][safepoint    ] Leaving safepoint region
[2019-12-09T03:45:58.057+0000][1][safepoint    ] Total time for which application threads were stopped: 0.0001033 seconds, Stopping threads took: 0.0000189 seconds
[2019-12-09T03:45:59.057+0000][1][safepoint    ] Application time: 1.0000780 seconds
[2019-12-09T03:45:59.057+0000][1][safepoint    ] Entering safepoint region: Cleanup
[2019-12-09T03:45:59.057+0000][1][safepoint    ] Leaving safepoint region
[2019-12-09T03:45:59.057+0000][1][safepoint    ] Total time for which application threads were stopped: 0.0000962 seconds, Stopping threads took: 0.0000190 seconds
[2019-12-09T03:46:00.057+0000][1][safepoint    ] Application time: 1.0000765 seconds
[2019-12-09T03:46:00.058+0000][1][safepoint    ] Entering safepoint region: Cleanup
[2019-12-09T03:46:00.058+0000][1][safepoint    ] Leaving safepoint region
[2019-12-09T03:46:00.058+0000][1][safepoint    ] Total time for which application threads were stopped: 0.0001076 seconds, Stopping threads took: 0.0000196 seconds
[2019-12-09T03:46:01.058+0000][1][safepoint    ] Application time: 1.0000824 seconds
[2019-12-09T03:46:01.058+0000][1][safepoint    ] Entering safepoint region: Cleanup
[2019-12-09T03:46:01.058+0000][1][safepoint    ] Leaving safepoint region
[2019-12-09T03:46:01.058+0000][1][safepoint    ] Total time for which application threads were stopped: 0.0000927 seconds, Stopping threads took: 0.0000192 seconds
[2019-12-09T03:46:02.058+0000][1][safepoint    ] Application time: 1.0000780 seconds
[2019-12-09T03:46:02.058+0000][1][safepoint    ] Entering safepoint region: Cleanup
[2019-12-09T03:46:02.058+0000][1][safepoint    ] Leaving safepoint region
[2019-12-09T03:46:02.058+0000][1][safepoint    ] Total time for which application threads were stopped: 0.0001007 seconds, Stopping threads took: 0.0000182 seconds
[2019-12-09T03:46:02.434+0000][1][safepoint    ] Application time: 0.3759604 seconds
[2019-12-09T03:46:02.434+0000][1][safepoint    ] Entering safepoint region: GenCollectForAllocation
[2019-12-09T03:46:02.434+0000][1][gc,start     ] GC(34) Pause Young (Allocation Failure)
[2019-12-09T03:46:02.434+0000][1][gc,task      ] GC(34) Using 2 workers of 2 for evacuation
[2019-12-09T03:46:02.436+0000][1][gc,age       ] GC(34) Desired survivor size 4456448 bytes, new threshold 6 (max threshold 6)
[2019-12-09T03:46:02.436+0000][1][gc,age       ] GC(34) Age table with threshold 6 (max threshold 6)
[2019-12-09T03:46:02.436+0000][1][gc,age       ] GC(34) - age   1:     691400 bytes,     691400 total
[2019-12-09T03:46:02.436+0000][1][gc,age       ] GC(34) - age   2:       2112 bytes,     693512 total
[2019-12-09T03:46:02.436+0000][1][gc,age       ] GC(34) - age   3:       2224 bytes,     695736 total
[2019-12-09T03:46:02.436+0000][1][gc,age       ] GC(34) - age   4:       3520 bytes,     699256 total
[2019-12-09T03:46:02.436+0000][1][gc,age       ] GC(34) - age   5:       6120 bytes,     705376 total
[2019-12-09T03:46:02.436+0000][1][gc,age       ] GC(34) - age   6:       6720 bytes,     712096 total
[2019-12-09T03:46:02.436+0000][1][gc,heap      ] GC(34) ParNew: 71047K->848K(78656K)
[2019-12-09T03:46:02.436+0000][1][gc,heap      ] GC(34) CMS: 70663K->70670K(174784K)
[2019-12-09T03:46:02.437+0000][1][gc,metaspace ] GC(34) Metaspace: 75510K->75510K(1118208K)
[2019-12-09T03:46:02.437+0000][1][gc           ] GC(34) Pause Young (Allocation Failure) 138M->69M(247M) 2.337ms
[2019-12-09T03:46:02.437+0000][1][gc,cpu       ] GC(34) User=0.00s Sys=0.00s Real=0.01s
[2019-12-09T03:46:02.437+0000][1][safepoint    ] Leaving safepoint region
[2019-12-09T03:46:02.437+0000][1][safepoint    ] Total time for which application threads were stopped: 0.0025274 seconds, Stopping threads took: 0.0000205 seconds
[2019-12-09T03:46:03.437+0000][1][safepoint    ] Application time: 1.0000856 seconds
[2019-12-09T03:46:03.437+0000][1][safepoint    ] Entering safepoint region: Cleanup
[2019-12-09T03:46:03.437+0000][1][safepoint    ] Leaving safepoint region
[2019-12-09T03:46:03.437+0000][1][safepoint    ] Total time for which application threads were stopped: 0.0001044 seconds, Stopping threads took: 0.0000276 seconds
[2019-12-09T03:46:04.437+0000][1][safepoint    ] Application time: 1.0000767 seconds
[2019-12-09T03:46:04.437+0000][1][safepoint    ] Entering safepoint region: Cleanup
[2019-12-09T03:46:04.437+0000][1][safepoint    ] Leaving safepoint region
[2019-12-09T03:46:04.437+0000][1][safepoint    ] Total time for which application threads were stopped: 0.0000978 seconds, Stopping threads took: 0.0000191 seconds
[2019-12-09T03:46:05.437+0000][1][safepoint    ] Application time: 1.0000764 seconds
[2019-12-09T03:46:05.437+0000][1][safepoint    ] Entering safepoint region: Cleanup
[2019-12-09T03:46:05.437+0000][1][safepoint    ] Leaving safepoint region
[2019-12-09T03:46:05.437+0000][1][safepoint    ] Total time for which application threads were stopped: 0.0001019 seconds, Stopping threads took: 0.0000203 seconds
[2019-12-09T03:46:06.437+0000][1][safepoint    ] Application time: 1.0000753 seconds
[2019-12-09T03:46:06.437+0000][1][safepoint    ] Entering safepoint region: Cleanup
[2019-12-09T03:46:06.437+0000][1][safepoint    ] Leaving safepoint region
[2019-12-09T03:46:06.437+0000][1][safepoint    ] Total time for which application threads were stopped: 0.0000995 seconds, Stopping threads took: 0.0000192 seconds
[2019-12-09T03:46:07.438+0000][1][safepoint    ] Application time: 1.0000794 seconds
[2019-12-09T03:46:07.438+0000][1][safepoint    ] Entering safepoint region: Cleanup
[2019-12-09T03:46:07.438+0000][1][safepoint    ] Leaving safepoint region
[2019-12-09T03:46:07.438+0000][1][safepoint    ] Total time for which application threads were stopped: 0.0001554 seconds, Stopping threads took: 0.0000457 seconds
[2019-12-09T03:46:08.438+0000][1][safepoint    ] Application time: 1.0000807 seconds
[2019-12-09T03:46:08.438+0000][1][safepoint    ] Entering safepoint region: Cleanup
[2019-12-09T03:46:08.438+0000][1][safepoint    ] Leaving safepoint region
[2019-12-09T03:46:08.438+0000][1][safepoint    ] Total time for which application threads were stopped: 0.0000981 seconds, Stopping threads took: 0.0000201 seconds
[2019-12-09T03:46:09.438+0000][1][safepoint    ] Application time: 1.0000745 seconds
[2019-12-09T03:46:09.438+0000][1][safepoint    ] Entering safepoint region: Cleanup
[2019-12-09T03:46:09.438+0000][1][safepoint    ] Leaving safepoint region
[2019-12-09T03:46:09.438+0000][1][safepoint    ] Total time for which application threads were stopped: 0.0000929 seconds, Stopping threads took: 0.0000172 seconds
[2019-12-09T03:46:10.438+0000][1][safepoint    ] Application time: 1.0000755 seconds
[2019-12-09T03:46:10.438+0000][1][safepoint    ] Entering safepoint region: Cleanup
[2019-12-09T03:46:10.438+0000][1][safepoint    ] Leaving safepoint region
[2019-12-09T03:46:10.438+0000][1][safepoint    ] Total time for which application threads were stopped: 0.0000980 seconds, Stopping threads took: 0.0000194 seconds
[2019-12-09T03:46:11.438+0000][1][safepoint    ] Application time: 1.0000749 seconds
[2019-12-09T03:46:11.439+0000][1][safepoint    ] Entering safepoint region: Cleanup
[2019-12-09T03:46:11.439+0000][1][safepoint    ] Leaving safepoint region
[2019-12-09T03:46:11.439+0000][1][safepoint    ] Total time for which application threads were stopped: 0.0001078 seconds, Stopping threads took: 0.0000302 seconds
[2019-12-09T03:46:12.439+0000][1][safepoint    ] Application time: 1.0000751 seconds
[2019-12-09T03:46:12.439+0000][1][safepoint    ] Entering safepoint region: Cleanup
[2019-12-09T03:46:12.439+0000][1][safepoint    ] Leaving safepoint region
[2019-12-09T03:46:12.439+0000][1][safepoint    ] Total time for which application threads were stopped: 0.0001003 seconds, Stopping threads took: 0.0000185 seconds
[2019-12-09T03:46:13.439+0000][1][safepoint    ] Application time: 1.0000727 seconds
[2019-12-09T03:46:13.439+0000][1][safepoint    ] Entering safepoint region: Cleanup
[2019-12-09T03:46:13.439+0000][1][safepoint    ] Leaving safepoint region
[2019-12-09T03:46:13.439+0000][1][safepoint    ] Total time for which application threads were stopped: 0.0001124 seconds, Stopping threads took: 0.0000277 seconds
[2019-12-09T03:46:14.439+0000][1][safepoint    ] Application time: 1.0000763 seconds
[2019-12-09T03:46:14.439+0000][1][safepoint    ] Entering safepoint region: Cleanup
[2019-12-09T03:46:14.439+0000][1][safepoint    ] Leaving safepoint region
[2019-12-09T03:46:14.439+0000][1][safepoint    ] Total time for which application threads were stopped: 0.0000931 seconds, Stopping threads took: 0.0000183 seconds
[2019-12-09T03:46:15.439+0000][1][safepoint    ] Application time: 1.0000767 seconds
[2019-12-09T03:46:15.439+0000][1][safepoint    ] Entering safepoint region: Cleanup
[2019-12-09T03:46:15.439+0000][1][safepoint    ] Leaving safepoint region
[2019-12-09T03:46:15.440+0000][1][safepoint    ] Total time for which application threads were stopped: 0.0000954 seconds, Stopping threads took: 0.0000194 seconds
[2019-12-09T03:46:16.440+0000][1][safepoint    ] Application time: 1.0000737 seconds
[2019-12-09T03:46:16.440+0000][1][safepoint    ] Entering safepoint region: Cleanup
[2019-12-09T03:46:16.440+0000][1][safepoint    ] Leaving safepoint region
[2019-12-09T03:46:16.440+0000][1][safepoint    ] Total time for which application threads were stopped: 0.0001110 seconds, Stopping threads took: 0.0000186 seconds
[2019-12-09T03:46:17.440+0000][1][safepoint    ] Application time: 1.0000752 seconds
[2019-12-09T03:46:17.440+0000][1][safepoint    ] Entering safepoint region: Cleanup
[2019-12-09T03:46:17.440+0000][1][safepoint    ] Leaving safepoint region
[2019-12-09T03:46:17.440+0000][1][safepoint    ] Total time for which application threads were stopped: 0.0000942 seconds, Stopping threads took: 0.0000185 seconds
[2019-12-09T03:46:18.440+0000][1][safepoint    ] Application time: 1.0000762 seconds
[2019-12-09T03:46:18.440+0000][1][safepoint    ] Entering safepoint region: Cleanup
[2019-12-09T03:46:18.440+0000][1][safepoint    ] Leaving safepoint region
[2019-12-09T03:46:18.440+0000][1][safepoint    ] Total time for which application threads were stopped: 0.0000988 seconds, Stopping threads took: 0.0000194 seconds
[2019-12-09T03:46:19.440+0000][1][safepoint    ] Application time: 1.0000750 seconds
[2019-12-09T03:46:19.440+0000][1][safepoint    ] Entering safepoint region: Cleanup
[2019-12-09T03:46:19.440+0000][1][safepoint    ] Leaving safepoint region
[2019-12-09T03:46:19.440+0000][1][safepoint    ] Total time for which application threads were stopped: 0.0000914 seconds, Stopping threads took: 0.0000170 seconds
[2019-12-09T03:46:20.440+0000][1][safepoint    ] Application time: 1.0000750 seconds
[2019-12-09T03:46:20.440+0000][1][safepoint    ] Entering safepoint region: Cleanup
[2019-12-09T03:46:20.441+0000][1][safepoint    ] Leaving safepoint region
[2019-12-09T03:46:20.441+0000][1][safepoint    ] Total time for which application threads were stopped: 0.0001009 seconds, Stopping threads took: 0.0000201 seconds
[2019-12-09T03:46:21.441+0000][1][safepoint    ] Application time: 1.0000758 seconds
[2019-12-09T03:46:21.441+0000][1][safepoint    ] Entering safepoint region: Cleanup
[2019-12-09T03:46:21.441+0000][1][safepoint    ] Leaving safepoint region
[2019-12-09T03:46:21.441+0000][1][safepoint    ] Total time for which application threads were stopped: 0.0001029 seconds, Stopping threads took: 0.0000206 seconds
[2019-12-09T03:46:22.441+0000][1][safepoint    ] Application time: 1.0000750 seconds
[2019-12-09T03:46:22.441+0000][1][safepoint    ] Entering safepoint region: Cleanup
[2019-12-09T03:46:22.441+0000][1][safepoint    ] Leaving safepoint region
[2019-12-09T03:46:22.441+0000][1][safepoint    ] Total time for which application threads were stopped: 0.0001043 seconds, Stopping threads took: 0.0000190 seconds
[2019-12-09T03:46:23.441+0000][1][safepoint    ] Application time: 1.0000769 seconds
[2019-12-09T03:46:23.441+0000][1][safepoint    ] Entering safepoint region: Cleanup
[2019-12-09T03:46:23.441+0000][1][safepoint    ] Leaving safepoint region
[2019-12-09T03:46:23.441+0000][1][safepoint    ] Total time for which application threads were stopped: 0.0001098 seconds, Stopping threads took: 0.0000305 seconds
[2019-12-09T03:46:24.441+0000][1][safepoint    ] Application time: 1.0000737 seconds
[2019-12-09T03:46:24.441+0000][1][safepoint    ] Entering safepoint region: Cleanup
[2019-12-09T03:46:24.442+0000][1][safepoint    ] Leaving safepoint region
[2019-12-09T03:46:24.442+0000][1][safepoint    ] Total time for which application threads were stopped: 0.0001416 seconds, Stopping threads took: 0.0000298 seconds
[2019-12-09T03:46:25.442+0000][1][safepoint    ] Application time: 1.0000421 seconds
[2019-12-09T03:46:25.442+0000][1][safepoint    ] Entering safepoint region: Cleanup
[2019-12-09T03:46:25.442+0000][1][safepoint    ] Leaving safepoint region
[2019-12-09T03:46:25.442+0000][1][safepoint    ] Total time for which application threads were stopped: 0.0001288 seconds, Stopping threads took: 0.0000254 seconds
[2019-12-09T03:46:26.442+0000][1][safepoint    ] Application time: 1.0000772 seconds
[2019-12-09T03:46:26.442+0000][1][safepoint    ] Entering safepoint region: Cleanup
[2019-12-09T03:46:26.442+0000][1][safepoint    ] Leaving safepoint region
[2019-12-09T03:46:26.442+0000][1][safepoint    ] Total time for which application threads were stopped: 0.0000941 seconds, Stopping threads took: 0.0000186 seconds
[2019-12-09T03:46:27.442+0000][1][safepoint    ] Application time: 1.0000785 seconds
[2019-12-09T03:46:27.442+0000][1][safepoint    ] Entering safepoint region: Cleanup
[2019-12-09T03:46:27.442+0000][1][safepoint    ] Leaving safepoint region
[2019-12-09T03:46:27.442+0000][1][safepoint    ] Total time for which application threads were stopped: 0.0001035 seconds, Stopping threads took: 0.0000202 seconds
[2019-12-09T03:46:28.442+0000][1][safepoint    ] Application time: 1.0000772 seconds
[2019-12-09T03:46:28.442+0000][1][safepoint    ] Entering safepoint region: Cleanup
[2019-12-09T03:46:28.442+0000][1][safepoint    ] Leaving safepoint region
[2019-12-09T03:46:28.442+0000][1][safepoint    ] Total time for which application threads were stopped: 0.0001012 seconds, Stopping threads took: 0.0000195 seconds
[2019-12-09T03:46:29.443+0000][1][safepoint    ] Application time: 1.0000757 seconds
[2019-12-09T03:46:29.443+0000][1][safepoint    ] Entering safepoint region: Cleanup
[2019-12-09T03:46:29.443+0000][1][safepoint    ] Leaving safepoint region
[2019-12-09T03:46:29.443+0000][1][safepoint    ] Total time for which application threads were stopped: 0.0000907 seconds, Stopping threads took: 0.0000168 seconds
[2019-12-09T03:46:30.443+0000][1][safepoint    ] Application time: 1.0000745 seconds
[2019-12-09T03:46:30.443+0000][1][safepoint    ] Entering safepoint region: Cleanup
[2019-12-09T03:46:30.443+0000][1][safepoint    ] Leaving safepoint region
[2019-12-09T03:46:30.443+0000][1][safepoint    ] Total time for which application threads were stopped: 0.0000961 seconds, Stopping threads took: 0.0000193 seconds
[2019-12-09T03:46:31.443+0000][1][safepoint    ] Application time: 1.0000752 seconds
[2019-12-09T03:46:31.443+0000][1][safepoint    ] Entering safepoint region: Cleanup
[2019-12-09T03:46:31.443+0000][1][safepoint    ] Leaving safepoint region
[2019-12-09T03:46:31.443+0000][1][safepoint    ] Total time for which application threads were stopped: 0.0000957 seconds, Stopping threads took: 0.0000171 seconds
[2019-12-09T03:46:32.443+0000][1][safepoint    ] Application time: 1.0000752 seconds
[2019-12-09T03:46:32.443+0000][1][safepoint    ] Entering safepoint region: Cleanup
[2019-12-09T03:46:32.443+0000][1][safepoint    ] Leaving safepoint region
[2019-12-09T03:46:32.443+0000][1][safepoint    ] Total time for which application threads were stopped: 0.0001039 seconds, Stopping threads took: 0.0000200 seconds
[2019-12-09T03:46:33.443+0000][1][safepoint    ] Application time: 1.0000754 seconds
[2019-12-09T03:46:33.443+0000][1][safepoint    ] Entering safepoint region: Cleanup
[2019-12-09T03:46:33.443+0000][1][safepoint    ] Leaving safepoint region
[2019-12-09T03:46:33.443+0000][1][safepoint    ] Total time for which application threads were stopped: 0.0001032 seconds, Stopping threads took: 0.0000184 seconds
[2019-12-09T03:46:34.444+0000][1][safepoint    ] Application time: 1.0000763 seconds
[2019-12-09T03:46:34.444+0000][1][safepoint    ] Entering safepoint region: Cleanup
[2019-12-09T03:46:34.444+0000][1][safepoint    ] Leaving safepoint region
[2019-12-09T03:46:34.444+0000][1][safepoint    ] Total time for which application threads were stopped: 0.0001246 seconds, Stopping threads took: 0.0000170 seconds
[2019-12-09T03:46:35.444+0000][1][safepoint    ] Application time: 1.0000691 seconds
[2019-12-09T03:46:35.444+0000][1][safepoint    ] Entering safepoint region: Cleanup
[2019-12-09T03:46:35.444+0000][1][safepoint    ] Leaving safepoint region
[2019-12-09T03:46:35.444+0000][1][safepoint    ] Total time for which application threads were stopped: 0.0001148 seconds, Stopping threads took: 0.0000282 seconds
[2019-12-09T03:46:36.444+0000][1][safepoint    ] Application time: 1.0000765 seconds
[2019-12-09T03:46:36.444+0000][1][safepoint    ] Entering safepoint region: Cleanup
[2019-12-09T03:46:36.444+0000][1][safepoint    ] Leaving safepoint region
[2019-12-09T03:46:36.444+0000][1][safepoint    ] Total time for which application threads were stopped: 0.0000990 seconds, Stopping threads took: 0.0000194 seconds
[2019-12-09T03:46:37.444+0000][1][safepoint    ] Application time: 1.0000765 seconds
[2019-12-09T03:46:37.444+0000][1][safepoint    ] Entering safepoint region: Cleanup
[2019-12-09T03:46:37.444+0000][1][safepoint    ] Leaving safepoint region
[2019-12-09T03:46:37.444+0000][1][safepoint    ] Total time for which application threads were stopped: 0.0001096 seconds, Stopping threads took: 0.0000195 seconds
[2019-12-09T03:46:38.445+0000][1][safepoint    ] Application time: 1.0000772 seconds
[2019-12-09T03:46:38.445+0000][1][safepoint    ] Entering safepoint region: Cleanup
[2019-12-09T03:46:38.445+0000][1][safepoint    ] Leaving safepoint region
[2019-12-09T03:46:38.445+0000][1][safepoint    ] Total time for which application threads were stopped: 0.0001014 seconds, Stopping threads took: 0.0000187 seconds
[2019-12-09T03:46:39.445+0000][1][safepoint    ] Application time: 1.0000763 seconds
[2019-12-09T03:46:39.445+0000][1][safepoint    ] Entering safepoint region: Cleanup
[2019-12-09T03:46:39.445+0000][1][safepoint    ] Leaving safepoint region
[2019-12-09T03:46:39.445+0000][1][safepoint    ] Total time for which application threads were stopped: 0.0001033 seconds, Stopping threads took: 0.0000192 seconds
[2019-12-09T03:46:40.445+0000][1][safepoint    ] Application time: 1.0000290 seconds
[2019-12-09T03:46:40.445+0000][1][safepoint    ] Entering safepoint region: Cleanup
[2019-12-09T03:46:40.445+0000][1][safepoint    ] Leaving safepoint region
[2019-12-09T03:46:40.445+0000][1][safepoint    ] Total time for which application threads were stopped: 0.0000957 seconds, Stopping threads took: 0.0000186 seconds
[2019-12-09T03:46:41.445+0000][1][safepoint    ] Application time: 1.0000774 seconds
[2019-12-09T03:46:41.445+0000][1][safepoint    ] Entering safepoint region: Cleanup
[2019-12-09T03:46:41.445+0000][1][safepoint    ] Leaving safepoint region
[2019-12-09T03:46:41.445+0000][1][safepoint    ] Total time for which application threads were stopped: 0.0001088 seconds, Stopping threads took: 0.0000206 seconds
[2019-12-09T03:46:42.445+0000][1][safepoint    ] Application time: 1.0000769 seconds
[2019-12-09T03:46:42.445+0000][1][safepoint    ] Entering safepoint region: Cleanup
[2019-12-09T03:46:42.445+0000][1][safepoint    ] Leaving safepoint region
[2019-12-09T03:46:42.445+0000][1][safepoint    ] Total time for which application threads were stopped: 0.0001024 seconds, Stopping threads took: 0.0000194 seconds
[2019-12-09T03:46:43.446+0000][1][safepoint    ] Application time: 1.0000771 seconds
[2019-12-09T03:46:43.446+0000][1][safepoint    ] Entering safepoint region: Cleanup
[2019-12-09T03:46:43.446+0000][1][safepoint    ] Leaving safepoint region
[2019-12-09T03:46:43.446+0000][1][safepoint    ] Total time for which application threads were stopped: 0.0001315 seconds, Stopping threads took: 0.0000250 seconds
[2019-12-09T03:46:44.446+0000][1][safepoint    ] Application time: 1.0000755 seconds
[2019-12-09T03:46:44.446+0000][1][safepoint    ] Entering safepoint region: Cleanup
[2019-12-09T03:46:44.446+0000][1][safepoint    ] Leaving safepoint region
[2019-12-09T03:46:44.446+0000][1][safepoint    ] Total time for which application threads were stopped: 0.0001012 seconds, Stopping threads took: 0.0000192 seconds
[2019-12-09T03:46:44.478+0000][1][safepoint    ] Application time: 0.0318846 seconds
[2019-12-09T03:46:44.478+0000][1][safepoint    ] Entering safepoint region: GenCollectForAllocation
[2019-12-09T03:46:44.478+0000][1][gc,start     ] GC(35) Pause Young (Allocation Failure)
[2019-12-09T03:46:44.478+0000][1][gc,task      ] GC(35) Using 2 workers of 2 for evacuation
[2019-12-09T03:46:44.480+0000][1][gc,age       ] GC(35) Desired survivor size 4456448 bytes, new threshold 6 (max threshold 6)
[2019-12-09T03:46:44.481+0000][1][gc,age       ] GC(35) Age table with threshold 6 (max threshold 6)
[2019-12-09T03:46:44.481+0000][1][gc,age       ] GC(35) - age   1:     950224 bytes,     950224 total
[2019-12-09T03:46:44.481+0000][1][gc,age       ] GC(35) - age   2:       4480 bytes,     954704 total
[2019-12-09T03:46:44.481+0000][1][gc,age       ] GC(35) - age   3:       2112 bytes,     956816 total
[2019-12-09T03:46:44.481+0000][1][gc,age       ] GC(35) - age   4:       2224 bytes,     959040 total
[2019-12-09T03:46:44.481+0000][1][gc,age       ] GC(35) - age   5:       3520 bytes,     962560 total
[2019-12-09T03:46:44.481+0000][1][gc,age       ] GC(35) - age   6:       6120 bytes,     968680 total
[2019-12-09T03:46:44.481+0000][1][gc,heap      ] GC(35) ParNew: 70800K->1339K(78656K)
[2019-12-09T03:46:44.481+0000][1][gc,heap      ] GC(35) CMS: 70670K->70677K(174784K)
[2019-12-09T03:46:44.481+0000][1][gc,metaspace ] GC(35) Metaspace: 75560K->75560K(1118208K)
[2019-12-09T03:46:44.481+0000][1][gc           ] GC(35) Pause Young (Allocation Failure) 138M->70M(247M) 2.571ms
[2019-12-09T03:46:44.481+0000][1][gc,cpu       ] GC(35) User=0.01s Sys=0.00s Real=0.00s
[2019-12-09T03:46:44.481+0000][1][safepoint    ] Leaving safepoint region
[2019-12-09T03:46:44.481+0000][1][safepoint    ] Total time for which application threads were stopped: 0.0027351 seconds, Stopping threads took: 0.0000165 seconds
[2019-12-09T03:46:45.481+0000][1][safepoint    ] Application time: 1.0000879 seconds
[2019-12-09T03:46:45.481+0000][1][safepoint    ] Entering safepoint region: Cleanup
[2019-12-09T03:46:45.481+0000][1][safepoint    ] Leaving safepoint region
[2019-12-09T03:46:45.481+0000][1][safepoint    ] Total time for which application threads were stopped: 0.0001025 seconds, Stopping threads took: 0.0000198 seconds
[2019-12-09T03:46:46.481+0000][1][safepoint    ] Application time: 1.0000731 seconds
[2019-12-09T03:46:46.481+0000][1][safepoint    ] Entering safepoint region: Cleanup
[2019-12-09T03:46:46.481+0000][1][safepoint    ] Leaving safepoint region
[2019-12-09T03:46:46.481+0000][1][safepoint    ] Total time for which application threads were stopped: 0.0001310 seconds, Stopping threads took: 0.0000281 seconds
[2019-12-09T03:46:47.481+0000][1][safepoint    ] Application time: 1.0000749 seconds
[2019-12-09T03:46:47.481+0000][1][safepoint    ] Entering safepoint region: Cleanup
[2019-12-09T03:46:47.481+0000][1][safepoint    ] Leaving safepoint region
[2019-12-09T03:46:47.481+0000][1][safepoint    ] Total time for which application threads were stopped: 0.0000933 seconds, Stopping threads took: 0.0000180 seconds
[2019-12-09T03:46:48.481+0000][1][safepoint    ] Application time: 1.0000748 seconds
[2019-12-09T03:46:48.481+0000][1][safepoint    ] Entering safepoint region: Cleanup
[2019-12-09T03:46:48.482+0000][1][safepoint    ] Leaving safepoint region
[2019-12-09T03:46:48.482+0000][1][safepoint    ] Total time for which application threads were stopped: 0.0001020 seconds, Stopping threads took: 0.0000175 seconds
[2019-12-09T03:46:49.482+0000][1][safepoint    ] Application time: 1.0000743 seconds
[2019-12-09T03:46:49.482+0000][1][safepoint    ] Entering safepoint region: Cleanup
[2019-12-09T03:46:49.482+0000][1][safepoint    ] Leaving safepoint region
[2019-12-09T03:46:49.482+0000][1][safepoint    ] Total time for which application threads were stopped: 0.0001098 seconds, Stopping threads took: 0.0000176 seconds
[2019-12-09T03:46:50.482+0000][1][safepoint    ] Application time: 1.0000748 seconds
[2019-12-09T03:46:50.482+0000][1][safepoint    ] Entering safepoint region: Cleanup
[2019-12-09T03:46:50.482+0000][1][safepoint    ] Leaving safepoint region
[2019-12-09T03:46:50.482+0000][1][safepoint    ] Total time for which application threads were stopped: 0.0000945 seconds, Stopping threads took: 0.0000182 seconds
[2019-12-09T03:46:51.482+0000][1][safepoint    ] Application time: 1.0000748 seconds
[2019-12-09T03:46:51.482+0000][1][safepoint    ] Entering safepoint region: Cleanup
[2019-12-09T03:46:51.482+0000][1][safepoint    ] Leaving safepoint region
[2019-12-09T03:46:51.482+0000][1][safepoint    ] Total time for which application threads were stopped: 0.0001072 seconds, Stopping threads took: 0.0000179 seconds
[2019-12-09T03:46:52.482+0000][1][safepoint    ] Application time: 1.0000744 seconds
[2019-12-09T03:46:52.482+0000][1][safepoint    ] Entering safepoint region: Cleanup
[2019-12-09T03:46:52.482+0000][1][safepoint    ] Leaving safepoint region
[2019-12-09T03:46:52.482+0000][1][safepoint    ] Total time for which application threads were stopped: 0.0000904 seconds, Stopping threads took: 0.0000170 seconds
[2019-12-09T03:46:53.482+0000][1][safepoint    ] Application time: 1.0000758 seconds
[2019-12-09T03:46:53.483+0000][1][safepoint    ] Entering safepoint region: Cleanup
[2019-12-09T03:46:53.483+0000][1][safepoint    ] Leaving safepoint region
[2019-12-09T03:46:53.483+0000][1][safepoint    ] Total time for which application threads were stopped: 0.0000996 seconds, Stopping threads took: 0.0000191 seconds
[2019-12-09T03:46:54.483+0000][1][safepoint    ] Application time: 1.0000748 seconds
[2019-12-09T03:46:54.483+0000][1][safepoint    ] Entering safepoint region: Cleanup
[2019-12-09T03:46:54.483+0000][1][safepoint    ] Leaving safepoint region
[2019-12-09T03:46:54.483+0000][1][safepoint    ] Total time for which application threads were stopped: 0.0000992 seconds, Stopping threads took: 0.0000167 seconds
[2019-12-09T03:46:55.483+0000][1][safepoint    ] Application time: 1.0000747 seconds
[2019-12-09T03:46:55.483+0000][1][safepoint    ] Entering safepoint region: Cleanup
[2019-12-09T03:46:55.483+0000][1][safepoint    ] Leaving safepoint region
[2019-12-09T03:46:55.483+0000][1][safepoint    ] Total time for which application threads were stopped: 0.0000989 seconds, Stopping threads took: 0.0000166 seconds
[2019-12-09T03:46:56.483+0000][1][safepoint    ] Application time: 1.0000770 seconds
[2019-12-09T03:46:56.483+0000][1][safepoint    ] Entering safepoint region: Cleanup
[2019-12-09T03:46:56.483+0000][1][safepoint    ] Leaving safepoint region
[2019-12-09T03:46:56.483+0000][1][safepoint    ] Total time for which application threads were stopped: 0.0000995 seconds, Stopping threads took: 0.0000193 seconds
[2019-12-09T03:46:57.483+0000][1][safepoint    ] Application time: 1.0000733 seconds
[2019-12-09T03:46:57.483+0000][1][safepoint    ] Entering safepoint region: Cleanup
[2019-12-09T03:46:57.483+0000][1][safepoint    ] Leaving safepoint region
[2019-12-09T03:46:57.483+0000][1][safepoint    ] Total time for which application threads were stopped: 0.0000997 seconds, Stopping threads took: 0.0000183 seconds
[2019-12-09T03:46:58.484+0000][1][safepoint    ] Application time: 1.0000762 seconds
[2019-12-09T03:46:58.484+0000][1][safepoint    ] Entering safepoint region: Cleanup
[2019-12-09T03:46:58.484+0000][1][safepoint    ] Leaving safepoint region
[2019-12-09T03:46:58.484+0000][1][safepoint    ] Total time for which application threads were stopped: 0.0001168 seconds, Stopping threads took: 0.0000200 seconds
[2019-12-09T03:46:59.484+0000][1][safepoint    ] Application time: 1.0000747 seconds
[2019-12-09T03:46:59.484+0000][1][safepoint    ] Entering safepoint region: Cleanup
[2019-12-09T03:46:59.484+0000][1][safepoint    ] Leaving safepoint region
[2019-12-09T03:46:59.484+0000][1][safepoint    ] Total time for which application threads were stopped: 0.0001044 seconds, Stopping threads took: 0.0000223 seconds
[2019-12-09T03:47:00.484+0000][1][safepoint    ] Application time: 1.0000765 seconds
[2019-12-09T03:47:00.484+0000][1][safepoint    ] Entering safepoint region: Cleanup
[2019-12-09T03:47:00.484+0000][1][safepoint    ] Leaving safepoint region
[2019-12-09T03:47:00.484+0000][1][safepoint    ] Total time for which application threads were stopped: 0.0000990 seconds, Stopping threads took: 0.0000180 seconds
[2019-12-09T03:47:01.484+0000][1][safepoint    ] Application time: 1.0000748 seconds
[2019-12-09T03:47:01.484+0000][1][safepoint    ] Entering safepoint region: Cleanup
[2019-12-09T03:47:01.484+0000][1][safepoint    ] Leaving safepoint region
[2019-12-09T03:47:01.484+0000][1][safepoint    ] Total time for which application threads were stopped: 0.0001059 seconds, Stopping threads took: 0.0000188 seconds
[2019-12-09T03:47:02.484+0000][1][safepoint    ] Application time: 1.0000768 seconds
[2019-12-09T03:47:02.485+0000][1][safepoint    ] Entering safepoint region: Cleanup
[2019-12-09T03:47:02.485+0000][1][safepoint    ] Leaving safepoint region
[2019-12-09T03:47:02.485+0000][1][safepoint    ] Total time for which application threads were stopped: 0.0000903 seconds, Stopping threads took: 0.0000154 seconds
[2019-12-09T03:47:03.485+0000][1][safepoint    ] Application time: 1.0000743 seconds
[2019-12-09T03:47:03.485+0000][1][safepoint    ] Entering safepoint region: Cleanup
[2019-12-09T03:47:03.485+0000][1][safepoint    ] Leaving safepoint region
[2019-12-09T03:47:03.485+0000][1][safepoint    ] Total time for which application threads were stopped: 0.0001016 seconds, Stopping threads took: 0.0000173 seconds
[2019-12-09T03:47:04.485+0000][1][safepoint    ] Application time: 1.0000754 seconds
[2019-12-09T03:47:04.485+0000][1][safepoint    ] Entering safepoint region: Cleanup
[2019-12-09T03:47:04.485+0000][1][safepoint    ] Leaving safepoint region
[2019-12-09T03:47:04.485+0000][1][safepoint    ] Total time for which application threads were stopped: 0.0001015 seconds, Stopping threads took: 0.0000171 seconds
[2019-12-09T03:47:05.485+0000][1][safepoint    ] Application time: 1.0000754 seconds
[2019-12-09T03:47:05.485+0000][1][safepoint    ] Entering safepoint region: Cleanup
[2019-12-09T03:47:05.485+0000][1][safepoint    ] Leaving safepoint region
[2019-12-09T03:47:05.485+0000][1][safepoint    ] Total time for which application threads were stopped: 0.0001040 seconds, Stopping threads took: 0.0000199 seconds
[2019-12-09T03:47:06.485+0000][1][safepoint    ] Application time: 1.0000763 seconds
[2019-12-09T03:47:06.485+0000][1][safepoint    ] Entering safepoint region: Cleanup
[2019-12-09T03:47:06.485+0000][1][safepoint    ] Leaving safepoint region
[2019-12-09T03:47:06.485+0000][1][safepoint    ] Total time for which application threads were stopped: 0.0000974 seconds, Stopping threads took: 0.0000175 seconds
[2019-12-09T03:47:07.486+0000][1][safepoint    ] Application time: 1.0000763 seconds
[2019-12-09T03:47:07.486+0000][1][safepoint    ] Entering safepoint region: Cleanup
[2019-12-09T03:47:07.486+0000][1][safepoint    ] Leaving safepoint region
[2019-12-09T03:47:07.486+0000][1][safepoint    ] Total time for which application threads were stopped: 0.0001094 seconds, Stopping threads took: 0.0000169 seconds
[2019-12-09T03:47:08.486+0000][1][safepoint    ] Application time: 1.0000749 seconds
[2019-12-09T03:47:08.486+0000][1][safepoint    ] Entering safepoint region: Cleanup
[2019-12-09T03:47:08.486+0000][1][safepoint    ] Leaving safepoint region
[2019-12-09T03:47:08.486+0000][1][safepoint    ] Total time for which application threads were stopped: 0.0001002 seconds, Stopping threads took: 0.0000195 seconds
[2019-12-09T03:47:09.486+0000][1][safepoint    ] Application time: 1.0000752 seconds
[2019-12-09T03:47:09.486+0000][1][safepoint    ] Entering safepoint region: Cleanup
[2019-12-09T03:47:09.486+0000][1][safepoint    ] Leaving safepoint region
[2019-12-09T03:47:09.486+0000][1][safepoint    ] Total time for which application threads were stopped: 0.0001010 seconds, Stopping threads took: 0.0000185 seconds
[2019-12-09T03:47:10.486+0000][1][safepoint    ] Application time: 1.0000746 seconds
[2019-12-09T03:47:10.486+0000][1][safepoint    ] Entering safepoint region: Cleanup
[2019-12-09T03:47:10.486+0000][1][safepoint    ] Leaving safepoint region
[2019-12-09T03:47:10.486+0000][1][safepoint    ] Total time for which application threads were stopped: 0.0000933 seconds, Stopping threads took: 0.0000190 seconds
[2019-12-09T03:47:11.486+0000][1][safepoint    ] Application time: 1.0000748 seconds
[2019-12-09T03:47:11.486+0000][1][safepoint    ] Entering safepoint region: Cleanup
[2019-12-09T03:47:11.487+0000][1][safepoint    ] Leaving safepoint region
[2019-12-09T03:47:11.487+0000][1][safepoint    ] Total time for which application threads were stopped: 0.0000971 seconds, Stopping threads took: 0.0000202 seconds
[2019-12-09T03:47:12.487+0000][1][safepoint    ] Application time: 1.0000783 seconds
[2019-12-09T03:47:12.487+0000][1][safepoint    ] Entering safepoint region: Cleanup
[2019-12-09T03:47:12.487+0000][1][safepoint    ] Leaving safepoint region
[2019-12-09T03:47:12.487+0000][1][safepoint    ] Total time for which application threads were stopped: 0.0000958 seconds, Stopping threads took: 0.0000174 seconds
[2019-12-09T03:47:13.487+0000][1][safepoint    ] Application time: 1.0000725 seconds
[2019-12-09T03:47:13.487+0000][1][safepoint    ] Entering safepoint region: Cleanup
[2019-12-09T03:47:13.487+0000][1][safepoint    ] Leaving safepoint region
[2019-12-09T03:47:13.487+0000][1][safepoint    ] Total time for which application threads were stopped: 0.0000996 seconds, Stopping threads took: 0.0000176 seconds
[2019-12-09T03:47:14.487+0000][1][safepoint    ] Application time: 1.0000742 seconds
[2019-12-09T03:47:14.487+0000][1][safepoint    ] Entering safepoint region: Cleanup
[2019-12-09T03:47:14.487+0000][1][safepoint    ] Leaving safepoint region
[2019-12-09T03:47:14.487+0000][1][safepoint    ] Total time for which application threads were stopped: 0.0001012 seconds, Stopping threads took: 0.0000180 seconds
[2019-12-09T03:47:15.487+0000][1][safepoint    ] Application time: 1.0000752 seconds
[2019-12-09T03:47:15.487+0000][1][safepoint    ] Entering safepoint region: Cleanup
[2019-12-09T03:47:15.487+0000][1][safepoint    ] Leaving safepoint region
[2019-12-09T03:47:15.487+0000][1][safepoint    ] Total time for which application threads were stopped: 0.0001003 seconds, Stopping threads took: 0.0000209 seconds
[2019-12-09T03:47:16.488+0000][1][safepoint    ] Application time: 1.0000752 seconds
[2019-12-09T03:47:16.488+0000][1][safepoint    ] Entering safepoint region: Cleanup
[2019-12-09T03:47:16.488+0000][1][safepoint    ] Leaving safepoint region
[2019-12-09T03:47:16.488+0000][1][safepoint    ] Total time for which application threads were stopped: 0.0001089 seconds, Stopping threads took: 0.0000199 seconds
[2019-12-09T03:47:17.488+0000][1][safepoint    ] Application time: 1.0000748 seconds
[2019-12-09T03:47:17.488+0000][1][safepoint    ] Entering safepoint region: Cleanup
[2019-12-09T03:47:17.488+0000][1][safepoint    ] Leaving safepoint region
[2019-12-09T03:47:17.488+0000][1][safepoint    ] Total time for which application threads were stopped: 0.0000904 seconds, Stopping threads took: 0.0000166 seconds
[2019-12-09T03:47:18.488+0000][1][safepoint    ] Application time: 1.0000757 seconds
[2019-12-09T03:47:18.488+0000][1][safepoint    ] Entering safepoint region: Cleanup
[2019-12-09T03:47:18.488+0000][1][safepoint    ] Leaving safepoint region
[2019-12-09T03:47:18.488+0000][1][safepoint    ] Total time for which application threads were stopped: 0.0000921 seconds, Stopping threads took: 0.0000177 seconds
[2019-12-09T03:47:19.488+0000][1][safepoint    ] Application time: 1.0000734 seconds
[2019-12-09T03:47:19.488+0000][1][safepoint    ] Entering safepoint region: Cleanup
[2019-12-09T03:47:19.488+0000][1][safepoint    ] Leaving safepoint region
[2019-12-09T03:47:19.488+0000][1][safepoint    ] Total time for which application threads were stopped: 0.0001098 seconds, Stopping threads took: 0.0000173 seconds
[2019-12-09T03:47:20.488+0000][1][safepoint    ] Application time: 1.0000754 seconds
[2019-12-09T03:47:20.488+0000][1][safepoint    ] Entering safepoint region: Cleanup
[2019-12-09T03:47:20.489+0000][1][safepoint    ] Leaving safepoint region
[2019-12-09T03:47:20.489+0000][1][safepoint    ] Total time for which application threads were stopped: 0.0001050 seconds, Stopping threads took: 0.0000192 seconds
[2019-12-09T03:47:21.489+0000][1][safepoint    ] Application time: 1.0000769 seconds
[2019-12-09T03:47:21.489+0000][1][safepoint    ] Entering safepoint region: Cleanup
[2019-12-09T03:47:21.489+0000][1][safepoint    ] Leaving safepoint region
[2019-12-09T03:47:21.489+0000][1][safepoint    ] Total time for which application threads were stopped: 0.0001158 seconds, Stopping threads took: 0.0000295 seconds
[2019-12-09T03:47:22.489+0000][1][safepoint    ] Application time: 1.0000759 seconds
[2019-12-09T03:47:22.489+0000][1][safepoint    ] Entering safepoint region: Cleanup
[2019-12-09T03:47:22.489+0000][1][safepoint    ] Leaving safepoint region
[2019-12-09T03:47:22.489+0000][1][safepoint    ] Total time for which application threads were stopped: 0.0000955 seconds, Stopping threads took: 0.0000177 seconds
[2019-12-09T03:47:23.489+0000][1][safepoint    ] Application time: 1.0000751 seconds
[2019-12-09T03:47:23.489+0000][1][safepoint    ] Entering safepoint region: Cleanup
[2019-12-09T03:47:23.489+0000][1][safepoint    ] Leaving safepoint region
[2019-12-09T03:47:23.489+0000][1][safepoint    ] Total time for which application threads were stopped: 0.0000964 seconds, Stopping threads took: 0.0000170 seconds
[2019-12-09T03:47:24.489+0000][1][safepoint    ] Application time: 1.0000758 seconds
[2019-12-09T03:47:24.489+0000][1][safepoint    ] Entering safepoint region: Cleanup
[2019-12-09T03:47:24.489+0000][1][safepoint    ] Leaving safepoint region
[2019-12-09T03:47:24.489+0000][1][safepoint    ] Total time for which application threads were stopped: 0.0000973 seconds, Stopping threads took: 0.0000169 seconds
[2019-12-09T03:47:25.490+0000][1][safepoint    ] Application time: 1.0000762 seconds
[2019-12-09T03:47:25.490+0000][1][safepoint    ] Entering safepoint region: Cleanup
[2019-12-09T03:47:25.490+0000][1][safepoint    ] Leaving safepoint region
[2019-12-09T03:47:25.490+0000][1][safepoint    ] Total time for which application threads were stopped: 0.0000939 seconds, Stopping threads took: 0.0000176 seconds
[2019-12-09T03:47:27.133+0000][1][safepoint    ] Application time: 1.6433587 seconds
[2019-12-09T03:47:27.133+0000][1][safepoint    ] Entering safepoint region: Cleanup
[2019-12-09T03:47:27.133+0000][1][safepoint    ] Leaving safepoint region
[2019-12-09T03:47:27.133+0000][1][safepoint    ] Total time for which application threads were stopped: 0.0001770 seconds, Stopping threads took: 0.0000190 seconds
[2019-12-09T03:47:27.471+0000][1][safepoint    ] Application time: 0.3379328 seconds
[2019-12-09T03:47:27.471+0000][1][safepoint    ] Entering safepoint region: GenCollectForAllocation
[2019-12-09T03:47:27.471+0000][1][gc,start     ] GC(36) Pause Young (Allocation Failure)
[2019-12-09T03:47:27.471+0000][1][gc,task      ] GC(36) Using 2 workers of 2 for evacuation
[2019-12-09T03:47:27.474+0000][1][gc,age       ] GC(36) Desired survivor size 4456448 bytes, new threshold 6 (max threshold 6)
[2019-12-09T03:47:27.474+0000][1][gc,age       ] GC(36) Age table with threshold 6 (max threshold 6)
[2019-12-09T03:47:27.474+0000][1][gc,age       ] GC(36) - age   1:     688544 bytes,     688544 total
[2019-12-09T03:47:27.474+0000][1][gc,age       ] GC(36) - age   2:       3872 bytes,     692416 total
[2019-12-09T03:47:27.474+0000][1][gc,age       ] GC(36) - age   3:       4480 bytes,     696896 total
[2019-12-09T03:47:27.474+0000][1][gc,age       ] GC(36) - age   4:       2112 bytes,     699008 total
[2019-12-09T03:47:27.474+0000][1][gc,age       ] GC(36) - age   5:       2224 bytes,     701232 total
[2019-12-09T03:47:27.474+0000][1][gc,age       ] GC(36) - age   6:       3520 bytes,     704752 total
[2019-12-09T03:47:27.474+0000][1][gc,heap      ] GC(36) ParNew: 71291K->714K(78656K)
[2019-12-09T03:47:27.474+0000][1][gc,heap      ] GC(36) CMS: 70677K->70683K(174784K)
[2019-12-09T03:47:27.474+0000][1][gc,metaspace ] GC(36) Metaspace: 75574K->75574K(1118208K)
[2019-12-09T03:47:27.474+0000][1][gc           ] GC(36) Pause Young (Allocation Failure) 138M->69M(247M) 2.354ms
[2019-12-09T03:47:27.474+0000][1][gc,cpu       ] GC(36) User=0.00s Sys=0.00s Real=0.00s
[2019-12-09T03:47:27.474+0000][1][safepoint    ] Leaving safepoint region
[2019-12-09T03:47:27.474+0000][1][safepoint    ] Total time for which application threads were stopped: 0.0025465 seconds, Stopping threads took: 0.0000185 seconds
[2019-12-09T03:47:28.474+0000][1][safepoint    ] Application time: 1.0000864 seconds
[2019-12-09T03:47:28.474+0000][1][safepoint    ] Entering safepoint region: Cleanup
[2019-12-09T03:47:28.474+0000][1][safepoint    ] Leaving safepoint region
[2019-12-09T03:47:28.474+0000][1][safepoint    ] Total time for which application threads were stopped: 0.0000970 seconds, Stopping threads took: 0.0000186 seconds
[2019-12-09T03:47:29.474+0000][1][safepoint    ] Application time: 1.0000754 seconds
[2019-12-09T03:47:29.474+0000][1][safepoint    ] Entering safepoint region: Cleanup
[2019-12-09T03:47:29.474+0000][1][safepoint    ] Leaving safepoint region
[2019-12-09T03:47:29.474+0000][1][safepoint    ] Total time for which application threads were stopped: 0.0000923 seconds, Stopping threads took: 0.0000190 seconds
[2019-12-09T03:47:30.474+0000][1][safepoint    ] Application time: 1.0000765 seconds
[2019-12-09T03:47:30.474+0000][1][safepoint    ] Entering safepoint region: Cleanup
[2019-12-09T03:47:30.474+0000][1][safepoint    ] Leaving safepoint region
[2019-12-09T03:47:30.474+0000][1][safepoint    ] Total time for which application threads were stopped: 0.0000944 seconds, Stopping threads took: 0.0000188 seconds
[2019-12-09T03:47:31.474+0000][1][safepoint    ] Application time: 1.0000740 seconds
[2019-12-09T03:47:31.475+0000][1][safepoint    ] Entering safepoint region: Cleanup
[2019-12-09T03:47:31.475+0000][1][safepoint    ] Leaving safepoint region
[2019-12-09T03:47:31.475+0000][1][safepoint    ] Total time for which application threads were stopped: 0.0000948 seconds, Stopping threads took: 0.0000189 seconds
[2019-12-09T03:47:32.475+0000][1][safepoint    ] Application time: 1.0000803 seconds
[2019-12-09T03:47:32.475+0000][1][safepoint    ] Entering safepoint region: Cleanup
[2019-12-09T03:47:32.475+0000][1][safepoint    ] Leaving safepoint region
[2019-12-09T03:47:32.475+0000][1][safepoint    ] Total time for which application threads were stopped: 0.0000957 seconds, Stopping threads took: 0.0000194 seconds
[2019-12-09T03:47:33.475+0000][1][safepoint    ] Application time: 1.0000749 seconds
[2019-12-09T03:47:33.475+0000][1][safepoint    ] Entering safepoint region: Cleanup
[2019-12-09T03:47:33.475+0000][1][safepoint    ] Leaving safepoint region
[2019-12-09T03:47:33.475+0000][1][safepoint    ] Total time for which application threads were stopped: 0.0000902 seconds, Stopping threads took: 0.0000189 seconds
[2019-12-09T03:47:34.475+0000][1][safepoint    ] Application time: 1.0000749 seconds
[2019-12-09T03:47:34.475+0000][1][safepoint    ] Entering safepoint region: Cleanup
[2019-12-09T03:47:34.475+0000][1][safepoint    ] Leaving safepoint region
[2019-12-09T03:47:34.475+0000][1][safepoint    ] Total time for which application threads were stopped: 0.0000924 seconds, Stopping threads took: 0.0000173 seconds
[2019-12-09T03:47:35.475+0000][1][safepoint    ] Application time: 1.0000758 seconds
[2019-12-09T03:47:35.475+0000][1][safepoint    ] Entering safepoint region: Cleanup
[2019-12-09T03:47:35.475+0000][1][safepoint    ] Leaving safepoint region
[2019-12-09T03:47:35.475+0000][1][safepoint    ] Total time for which application threads were stopped: 0.0001094 seconds, Stopping threads took: 0.0000210 seconds
[2019-12-09T03:47:36.476+0000][1][safepoint    ] Application time: 1.0000772 seconds
[2019-12-09T03:47:36.476+0000][1][safepoint    ] Entering safepoint region: Cleanup
[2019-12-09T03:47:36.476+0000][1][safepoint    ] Leaving safepoint region
[2019-12-09T03:47:36.476+0000][1][safepoint    ] Total time for which application threads were stopped: 0.0000934 seconds, Stopping threads took: 0.0000193 seconds
[2019-12-09T03:47:37.476+0000][1][safepoint    ] Application time: 1.0000743 seconds
[2019-12-09T03:47:37.476+0000][1][safepoint    ] Entering safepoint region: Cleanup
[2019-12-09T03:47:37.476+0000][1][safepoint    ] Leaving safepoint region
[2019-12-09T03:47:37.476+0000][1][safepoint    ] Total time for which application threads were stopped: 0.0000850 seconds, Stopping threads took: 0.0000176 seconds
[2019-12-09T03:47:38.476+0000][1][safepoint    ] Application time: 1.0000779 seconds
[2019-12-09T03:47:38.476+0000][1][safepoint    ] Entering safepoint region: Cleanup
[2019-12-09T03:47:38.476+0000][1][safepoint    ] Leaving safepoint region
[2019-12-09T03:47:38.476+0000][1][safepoint    ] Total time for which application threads were stopped: 0.0000873 seconds, Stopping threads took: 0.0000183 seconds
[2019-12-09T03:47:39.476+0000][1][safepoint    ] Application time: 1.0000774 seconds
[2019-12-09T03:47:39.476+0000][1][safepoint    ] Entering safepoint region: Cleanup
[2019-12-09T03:47:39.476+0000][1][safepoint    ] Leaving safepoint region
[2019-12-09T03:47:39.476+0000][1][safepoint    ] Total time for which application threads were stopped: 0.0000969 seconds, Stopping threads took: 0.0000192 seconds
[2019-12-09T03:47:40.476+0000][1][safepoint    ] Application time: 1.0000761 seconds
[2019-12-09T03:47:40.476+0000][1][safepoint    ] Entering safepoint region: Cleanup
[2019-12-09T03:47:40.477+0000][1][safepoint    ] Leaving safepoint region
[2019-12-09T03:47:40.477+0000][1][safepoint    ] Total time for which application threads were stopped: 0.0000853 seconds, Stopping threads took: 0.0000174 seconds
[2019-12-09T03:47:41.477+0000][1][safepoint    ] Application time: 1.0000758 seconds
[2019-12-09T03:47:41.477+0000][1][safepoint    ] Entering safepoint region: Cleanup
[2019-12-09T03:47:41.477+0000][1][safepoint    ] Leaving safepoint region
[2019-12-09T03:47:41.477+0000][1][safepoint    ] Total time for which application threads were stopped: 0.0000986 seconds, Stopping threads took: 0.0000169 seconds
[2019-12-09T03:47:42.477+0000][1][safepoint    ] Application time: 1.0000759 seconds
[2019-12-09T03:47:42.477+0000][1][safepoint    ] Entering safepoint region: Cleanup
[2019-12-09T03:47:42.477+0000][1][safepoint    ] Leaving safepoint region
[2019-12-09T03:47:42.477+0000][1][safepoint    ] Total time for which application threads were stopped: 0.0000874 seconds, Stopping threads took: 0.0000196 seconds
[2019-12-09T03:47:43.477+0000][1][safepoint    ] Application time: 1.0000757 seconds
[2019-12-09T03:47:43.477+0000][1][safepoint    ] Entering safepoint region: Cleanup
[2019-12-09T03:47:43.477+0000][1][safepoint    ] Leaving safepoint region
[2019-12-09T03:47:43.477+0000][1][safepoint    ] Total time for which application threads were stopped: 0.0000897 seconds, Stopping threads took: 0.0000175 seconds
[2019-12-09T03:47:44.477+0000][1][safepoint    ] Application time: 1.0000741 seconds
[2019-12-09T03:47:44.477+0000][1][safepoint    ] Entering safepoint region: Cleanup
[2019-12-09T03:47:44.477+0000][1][safepoint    ] Leaving safepoint region
[2019-12-09T03:47:44.477+0000][1][safepoint    ] Total time for which application threads were stopped: 0.0000912 seconds, Stopping threads took: 0.0000190 seconds
[2019-12-09T03:47:45.477+0000][1][safepoint    ] Application time: 1.0000317 seconds
[2019-12-09T03:47:45.477+0000][1][safepoint    ] Entering safepoint region: Cleanup
[2019-12-09T03:47:45.478+0000][1][safepoint    ] Leaving safepoint region
[2019-12-09T03:47:45.478+0000][1][safepoint    ] Total time for which application threads were stopped: 0.0001005 seconds, Stopping threads took: 0.0000200 seconds
[2019-12-09T03:47:46.478+0000][1][safepoint    ] Application time: 1.0000761 seconds
[2019-12-09T03:47:46.478+0000][1][safepoint    ] Entering safepoint region: Cleanup
[2019-12-09T03:47:46.478+0000][1][safepoint    ] Leaving safepoint region
[2019-12-09T03:47:46.478+0000][1][safepoint    ] Total time for which application threads were stopped: 0.0001035 seconds, Stopping threads took: 0.0000185 seconds
[2019-12-09T03:47:47.478+0000][1][safepoint    ] Application time: 1.0000745 seconds
[2019-12-09T03:47:47.478+0000][1][safepoint    ] Entering safepoint region: Cleanup
[2019-12-09T03:47:47.478+0000][1][safepoint    ] Leaving safepoint region
[2019-12-09T03:47:47.478+0000][1][safepoint    ] Total time for which application threads were stopped: 0.0000860 seconds, Stopping threads took: 0.0000178 seconds
[2019-12-09T03:47:48.478+0000][1][safepoint    ] Application time: 1.0000750 seconds
[2019-12-09T03:47:48.478+0000][1][safepoint    ] Entering safepoint region: Cleanup
[2019-12-09T03:47:48.478+0000][1][safepoint    ] Leaving safepoint region
[2019-12-09T03:47:48.478+0000][1][safepoint    ] Total time for which application threads were stopped: 0.0000873 seconds, Stopping threads took: 0.0000181 seconds
[2019-12-09T03:47:49.478+0000][1][safepoint    ] Application time: 1.0000749 seconds
[2019-12-09T03:47:49.478+0000][1][safepoint    ] Entering safepoint region: Cleanup
[2019-12-09T03:47:49.478+0000][1][safepoint    ] Leaving safepoint region
[2019-12-09T03:47:49.478+0000][1][safepoint    ] Total time for which application threads were stopped: 0.0000864 seconds, Stopping threads took: 0.0000187 seconds
[2019-12-09T03:47:50.478+0000][1][safepoint    ] Application time: 1.0000752 seconds
[2019-12-09T03:47:50.478+0000][1][safepoint    ] Entering safepoint region: Cleanup
[2019-12-09T03:47:50.479+0000][1][safepoint    ] Leaving safepoint region
[2019-12-09T03:47:50.479+0000][1][safepoint    ] Total time for which application threads were stopped: 0.0000880 seconds, Stopping threads took: 0.0000183 seconds
[2019-12-09T03:47:51.479+0000][1][safepoint    ] Application time: 1.0000770 seconds
[2019-12-09T03:47:51.479+0000][1][safepoint    ] Entering safepoint region: Cleanup
[2019-12-09T03:47:51.479+0000][1][safepoint    ] Leaving safepoint region
[2019-12-09T03:47:51.479+0000][1][safepoint    ] Total time for which application threads were stopped: 0.0001079 seconds, Stopping threads took: 0.0000369 seconds
[2019-12-09T03:47:52.479+0000][1][safepoint    ] Application time: 1.0000748 seconds
[2019-12-09T03:47:52.479+0000][1][safepoint    ] Entering safepoint region: Cleanup
[2019-12-09T03:47:52.479+0000][1][safepoint    ] Leaving safepoint region
[2019-12-09T03:47:52.479+0000][1][safepoint    ] Total time for which application threads were stopped: 0.0000976 seconds, Stopping threads took: 0.0000183 seconds
[2019-12-09T03:47:53.479+0000][1][safepoint    ] Application time: 1.0000753 seconds
[2019-12-09T03:47:53.479+0000][1][safepoint    ] Entering safepoint region: Cleanup
[2019-12-09T03:47:53.479+0000][1][safepoint    ] Leaving safepoint region
[2019-12-09T03:47:53.479+0000][1][safepoint    ] Total time for which application threads were stopped: 0.0000857 seconds, Stopping threads took: 0.0000174 seconds
[2019-12-09T03:47:54.479+0000][1][safepoint    ] Application time: 1.0000748 seconds
[2019-12-09T03:47:54.479+0000][1][safepoint    ] Entering safepoint region: Cleanup
[2019-12-09T03:47:54.479+0000][1][safepoint    ] Leaving safepoint region
[2019-12-09T03:47:54.479+0000][1][safepoint    ] Total time for which application threads were stopped: 0.0000965 seconds, Stopping threads took: 0.0000178 seconds
[2019-12-09T03:47:55.479+0000][1][safepoint    ] Application time: 1.0000781 seconds
[2019-12-09T03:47:55.480+0000][1][safepoint    ] Entering safepoint region: Cleanup
[2019-12-09T03:47:55.480+0000][1][safepoint    ] Leaving safepoint region
[2019-12-09T03:47:55.480+0000][1][safepoint    ] Total time for which application threads were stopped: 0.0000877 seconds, Stopping threads took: 0.0000182 seconds
[2019-12-09T03:47:56.480+0000][1][safepoint    ] Application time: 1.0000781 seconds
[2019-12-09T03:47:56.480+0000][1][safepoint    ] Entering safepoint region: Cleanup
[2019-12-09T03:47:56.480+0000][1][safepoint    ] Leaving safepoint region
[2019-12-09T03:47:56.480+0000][1][safepoint    ] Total time for which application threads were stopped: 0.0000884 seconds, Stopping threads took: 0.0000196 seconds
[2019-12-09T03:47:57.480+0000][1][safepoint    ] Application time: 1.0000757 seconds
[2019-12-09T03:47:57.480+0000][1][safepoint    ] Entering safepoint region: Cleanup
[2019-12-09T03:47:57.480+0000][1][safepoint    ] Leaving safepoint region
[2019-12-09T03:47:57.480+0000][1][safepoint    ] Total time for which application threads were stopped: 0.0000887 seconds, Stopping threads took: 0.0000190 seconds
[2019-12-09T03:47:58.480+0000][1][safepoint    ] Application time: 1.0000746 seconds
[2019-12-09T03:47:58.480+0000][1][safepoint    ] Entering safepoint region: Cleanup
[2019-12-09T03:47:58.480+0000][1][safepoint    ] Leaving safepoint region
[2019-12-09T03:47:58.480+0000][1][safepoint    ] Total time for which application threads were stopped: 0.0000864 seconds, Stopping threads took: 0.0000181 seconds
[2019-12-09T03:47:59.480+0000][1][safepoint    ] Application time: 1.0000765 seconds
[2019-12-09T03:47:59.480+0000][1][safepoint    ] Entering safepoint region: Cleanup
[2019-12-09T03:47:59.480+0000][1][safepoint    ] Leaving safepoint region
[2019-12-09T03:47:59.480+0000][1][safepoint    ] Total time for which application threads were stopped: 0.0000849 seconds, Stopping threads took: 0.0000171 seconds
[2019-12-09T03:48:00.481+0000][1][safepoint    ] Application time: 1.0000767 seconds
[2019-12-09T03:48:00.481+0000][1][safepoint    ] Entering safepoint region: Cleanup
[2019-12-09T03:48:00.481+0000][1][safepoint    ] Leaving safepoint region
[2019-12-09T03:48:00.481+0000][1][safepoint    ] Total time for which application threads were stopped: 0.0000891 seconds, Stopping threads took: 0.0000194 seconds
[2019-12-09T03:48:01.481+0000][1][safepoint    ] Application time: 1.0000757 seconds
[2019-12-09T03:48:01.481+0000][1][safepoint    ] Entering safepoint region: Cleanup
[2019-12-09T03:48:01.481+0000][1][safepoint    ] Leaving safepoint region
[2019-12-09T03:48:01.481+0000][1][safepoint    ] Total time for which application threads were stopped: 0.0000869 seconds, Stopping threads took: 0.0000195 seconds
[2019-12-09T03:48:02.481+0000][1][safepoint    ] Application time: 1.0000769 seconds
[2019-12-09T03:48:02.481+0000][1][safepoint    ] Entering safepoint region: Cleanup
[2019-12-09T03:48:02.481+0000][1][safepoint    ] Leaving safepoint region
[2019-12-09T03:48:02.481+0000][1][safepoint    ] Total time for which application threads were stopped: 0.0000881 seconds, Stopping threads took: 0.0000186 seconds
[2019-12-09T03:48:03.481+0000][1][safepoint    ] Application time: 1.0000747 seconds
[2019-12-09T03:48:03.481+0000][1][safepoint    ] Entering safepoint region: Cleanup
[2019-12-09T03:48:03.481+0000][1][safepoint    ] Leaving safepoint region
[2019-12-09T03:48:03.481+0000][1][safepoint    ] Total time for which application threads were stopped: 0.0000898 seconds, Stopping threads took: 0.0000200 seconds
[2019-12-09T03:48:04.481+0000][1][safepoint    ] Application time: 1.0000751 seconds
[2019-12-09T03:48:04.481+0000][1][safepoint    ] Entering safepoint region: Cleanup
[2019-12-09T03:48:04.481+0000][1][safepoint    ] Leaving safepoint region
[2019-12-09T03:48:04.481+0000][1][safepoint    ] Total time for which application threads were stopped: 0.0000865 seconds, Stopping threads took: 0.0000160 seconds
[2019-12-09T03:48:05.482+0000][1][safepoint    ] Application time: 1.0000762 seconds
[2019-12-09T03:48:05.482+0000][1][safepoint    ] Entering safepoint region: Cleanup
[2019-12-09T03:48:05.482+0000][1][safepoint    ] Leaving safepoint region
[2019-12-09T03:48:05.482+0000][1][safepoint    ] Total time for which application threads were stopped: 0.0000905 seconds, Stopping threads took: 0.0000171 seconds
[2019-12-09T03:48:06.482+0000][1][safepoint    ] Application time: 1.0000759 seconds
[2019-12-09T03:48:06.482+0000][1][safepoint    ] Entering safepoint region: Cleanup
[2019-12-09T03:48:06.482+0000][1][safepoint    ] Leaving safepoint region
[2019-12-09T03:48:06.482+0000][1][safepoint    ] Total time for which application threads were stopped: 0.0000876 seconds, Stopping threads took: 0.0000196 seconds
[2019-12-09T03:48:07.482+0000][1][safepoint    ] Application time: 1.0000755 seconds
[2019-12-09T03:48:07.482+0000][1][safepoint    ] Entering safepoint region: Cleanup
[2019-12-09T03:48:07.482+0000][1][safepoint    ] Leaving safepoint region
[2019-12-09T03:48:07.482+0000][1][safepoint    ] Total time for which application threads were stopped: 0.0000937 seconds, Stopping threads took: 0.0000188 seconds
[2019-12-09T03:48:08.482+0000][1][safepoint    ] Application time: 1.0000746 seconds
[2019-12-09T03:48:08.482+0000][1][safepoint    ] Entering safepoint region: Cleanup
[2019-12-09T03:48:08.482+0000][1][safepoint    ] Leaving safepoint region
[2019-12-09T03:48:08.482+0000][1][safepoint    ] Total time for which application threads were stopped: 0.0000885 seconds, Stopping threads took: 0.0000198 seconds
[2019-12-09T03:48:09.482+0000][1][safepoint    ] Application time: 1.0000739 seconds
[2019-12-09T03:48:09.482+0000][1][safepoint    ] Entering safepoint region: Cleanup
[2019-12-09T03:48:09.482+0000][1][safepoint    ] Leaving safepoint region
[2019-12-09T03:48:09.482+0000][1][safepoint    ] Total time for which application threads were stopped: 0.0000853 seconds, Stopping threads took: 0.0000179 seconds
[2019-12-09T03:48:09.822+0000][1][safepoint    ] Application time: 0.3390929 seconds
[2019-12-09T03:48:09.822+0000][1][safepoint    ] Entering safepoint region: GenCollectForAllocation
[2019-12-09T03:48:09.822+0000][1][gc,start     ] GC(37) Pause Young (Allocation Failure)
[2019-12-09T03:48:09.822+0000][1][gc,task      ] GC(37) Using 2 workers of 2 for evacuation
[2019-12-09T03:48:09.824+0000][1][gc,age       ] GC(37) Desired survivor size 4456448 bytes, new threshold 6 (max threshold 6)
[2019-12-09T03:48:09.824+0000][1][gc,age       ] GC(37) Age table with threshold 6 (max threshold 6)
[2019-12-09T03:48:09.824+0000][1][gc,age       ] GC(37) - age   1:     960712 bytes,     960712 total
[2019-12-09T03:48:09.824+0000][1][gc,age       ] GC(37) - age   2:       2816 bytes,     963528 total
[2019-12-09T03:48:09.824+0000][1][gc,age       ] GC(37) - age   3:       3680 bytes,     967208 total
[2019-12-09T03:48:09.824+0000][1][gc,age       ] GC(37) - age   4:       4480 bytes,     971688 total
[2019-12-09T03:48:09.824+0000][1][gc,age       ] GC(37) - age   5:       2112 bytes,     973800 total
[2019-12-09T03:48:09.824+0000][1][gc,age       ] GC(37) - age   6:       2224 bytes,     976024 total
[2019-12-09T03:48:09.824+0000][1][gc,heap      ] GC(37) ParNew: 70666K->1042K(78656K)
[2019-12-09T03:48:09.824+0000][1][gc,heap      ] GC(37) CMS: 70683K->70686K(174784K)
[2019-12-09T03:48:09.824+0000][1][gc,metaspace ] GC(37) Metaspace: 75616K->75616K(1118208K)
[2019-12-09T03:48:09.824+0000][1][gc           ] GC(37) Pause Young (Allocation Failure) 138M->70M(247M) 2.549ms
[2019-12-09T03:48:09.824+0000][1][gc,cpu       ] GC(37) User=0.01s Sys=0.00s Real=0.00s
[2019-12-09T03:48:09.824+0000][1][safepoint    ] Leaving safepoint region
[2019-12-09T03:48:09.824+0000][1][safepoint    ] Total time for which application threads were stopped: 0.0027406 seconds, Stopping threads took: 0.0000182 seconds
[2019-12-09T03:48:10.824+0000][1][safepoint    ] Application time: 1.0000885 seconds
[2019-12-09T03:48:10.824+0000][1][safepoint    ] Entering safepoint region: Cleanup
[2019-12-09T03:48:10.825+0000][1][safepoint    ] Leaving safepoint region
[2019-12-09T03:48:10.825+0000][1][safepoint    ] Total time for which application threads were stopped: 0.0000923 seconds, Stopping threads took: 0.0000191 seconds
[2019-12-09T03:48:11.825+0000][1][safepoint    ] Application time: 1.0000776 seconds
[2019-12-09T03:48:11.825+0000][1][safepoint    ] Entering safepoint region: Cleanup
[2019-12-09T03:48:11.825+0000][1][safepoint    ] Leaving safepoint region
[2019-12-09T03:48:11.825+0000][1][safepoint    ] Total time for which application threads were stopped: 0.0000858 seconds, Stopping threads took: 0.0000197 seconds
[2019-12-09T03:48:12.825+0000][1][safepoint    ] Application time: 1.0000772 seconds
[2019-12-09T03:48:12.825+0000][1][safepoint    ] Entering safepoint region: Cleanup
[2019-12-09T03:48:12.825+0000][1][safepoint    ] Leaving safepoint region
[2019-12-09T03:48:12.825+0000][1][safepoint    ] Total time for which application threads were stopped: 0.0000894 seconds, Stopping threads took: 0.0000197 seconds
[2019-12-09T03:48:13.825+0000][1][safepoint    ] Application time: 1.0000755 seconds
[2019-12-09T03:48:13.825+0000][1][safepoint    ] Entering safepoint region: Cleanup
[2019-12-09T03:48:13.825+0000][1][safepoint    ] Leaving safepoint region
[2019-12-09T03:48:13.825+0000][1][safepoint    ] Total time for which application threads were stopped: 0.0000928 seconds, Stopping threads took: 0.0000212 seconds
[2019-12-09T03:48:14.825+0000][1][safepoint    ] Application time: 1.0000757 seconds
[2019-12-09T03:48:14.825+0000][1][safepoint    ] Entering safepoint region: Cleanup
[2019-12-09T03:48:14.825+0000][1][safepoint    ] Leaving safepoint region
[2019-12-09T03:48:14.825+0000][1][safepoint    ] Total time for which application threads were stopped: 0.0000945 seconds, Stopping threads took: 0.0000204 seconds
[2019-12-09T03:48:15.826+0000][1][safepoint    ] Application time: 1.0000769 seconds
[2019-12-09T03:48:15.826+0000][1][safepoint    ] Entering safepoint region: Cleanup
[2019-12-09T03:48:15.826+0000][1][safepoint    ] Leaving safepoint region
[2019-12-09T03:48:15.826+0000][1][safepoint    ] Total time for which application threads were stopped: 0.0000894 seconds, Stopping threads took: 0.0000184 seconds
[2019-12-09T03:48:16.826+0000][1][safepoint    ] Application time: 1.0000780 seconds
[2019-12-09T03:48:16.826+0000][1][safepoint    ] Entering safepoint region: Cleanup
[2019-12-09T03:48:16.826+0000][1][safepoint    ] Leaving safepoint region
[2019-12-09T03:48:16.826+0000][1][safepoint    ] Total time for which application threads were stopped: 0.0000955 seconds, Stopping threads took: 0.0000210 seconds
[2019-12-09T03:48:17.826+0000][1][safepoint    ] Application time: 1.0000767 seconds
[2019-12-09T03:48:17.826+0000][1][safepoint    ] Entering safepoint region: Cleanup
[2019-12-09T03:48:17.826+0000][1][safepoint    ] Leaving safepoint region
[2019-12-09T03:48:17.826+0000][1][safepoint    ] Total time for which application threads were stopped: 0.0000970 seconds, Stopping threads took: 0.0000187 seconds
[2019-12-09T03:48:18.826+0000][1][safepoint    ] Application time: 1.0000755 seconds
[2019-12-09T03:48:18.826+0000][1][safepoint    ] Entering safepoint region: Cleanup
[2019-12-09T03:48:18.826+0000][1][safepoint    ] Leaving safepoint region
[2019-12-09T03:48:18.826+0000][1][safepoint    ] Total time for which application threads were stopped: 0.0000948 seconds, Stopping threads took: 0.0000207 seconds
[2019-12-09T03:48:19.826+0000][1][safepoint    ] Application time: 1.0000747 seconds
[2019-12-09T03:48:19.826+0000][1][safepoint    ] Entering safepoint region: Cleanup
[2019-12-09T03:48:19.827+0000][1][safepoint    ] Leaving safepoint region
[2019-12-09T03:48:19.827+0000][1][safepoint    ] Total time for which application threads were stopped: 0.0000999 seconds, Stopping threads took: 0.0000205 seconds
[2019-12-09T03:48:20.827+0000][1][safepoint    ] Application time: 1.0000757 seconds
[2019-12-09T03:48:20.827+0000][1][safepoint    ] Entering safepoint region: Cleanup
[2019-12-09T03:48:20.827+0000][1][safepoint    ] Leaving safepoint region
[2019-12-09T03:48:20.827+0000][1][safepoint    ] Total time for which application threads were stopped: 0.0001003 seconds, Stopping threads took: 0.0000212 seconds
[2019-12-09T03:48:21.827+0000][1][safepoint    ] Application time: 1.0000757 seconds
[2019-12-09T03:48:21.827+0000][1][safepoint    ] Entering safepoint region: Cleanup
[2019-12-09T03:48:21.827+0000][1][safepoint    ] Leaving safepoint region
[2019-12-09T03:48:21.827+0000][1][safepoint    ] Total time for which application threads were stopped: 0.0000975 seconds, Stopping threads took: 0.0000264 seconds
[2019-12-09T03:48:22.827+0000][1][safepoint    ] Application time: 1.0000752 seconds
[2019-12-09T03:48:22.827+0000][1][safepoint    ] Entering safepoint region: Cleanup
[2019-12-09T03:48:22.827+0000][1][safepoint    ] Leaving safepoint region
[2019-12-09T03:48:22.827+0000][1][safepoint    ] Total time for which application threads were stopped: 0.0000966 seconds, Stopping threads took: 0.0000192 seconds
[2019-12-09T03:48:23.827+0000][1][safepoint    ] Application time: 1.0000749 seconds
[2019-12-09T03:48:23.827+0000][1][safepoint    ] Entering safepoint region: Cleanup
[2019-12-09T03:48:23.827+0000][1][safepoint    ] Leaving safepoint region
[2019-12-09T03:48:23.827+0000][1][safepoint    ] Total time for which application threads were stopped: 0.0000875 seconds, Stopping threads took: 0.0000184 seconds
[2019-12-09T03:48:24.827+0000][1][safepoint    ] Application time: 1.0000760 seconds
[2019-12-09T03:48:24.828+0000][1][safepoint    ] Entering safepoint region: Cleanup
[2019-12-09T03:48:24.828+0000][1][safepoint    ] Leaving safepoint region
[2019-12-09T03:48:24.828+0000][1][safepoint    ] Total time for which application threads were stopped: 0.0000904 seconds, Stopping threads took: 0.0000200 seconds
[2019-12-09T03:48:25.828+0000][1][safepoint    ] Application time: 1.0000860 seconds
[2019-12-09T03:48:25.828+0000][1][safepoint    ] Entering safepoint region: Cleanup
[2019-12-09T03:48:25.828+0000][1][safepoint    ] Leaving safepoint region
[2019-12-09T03:48:25.828+0000][1][safepoint    ] Total time for which application threads were stopped: 0.0000921 seconds, Stopping threads took: 0.0000195 seconds
[2019-12-09T03:48:26.828+0000][1][safepoint    ] Application time: 1.0000761 seconds
[2019-12-09T03:48:26.828+0000][1][safepoint    ] Entering safepoint region: Cleanup
[2019-12-09T03:48:26.828+0000][1][safepoint    ] Leaving safepoint region
[2019-12-09T03:48:26.828+0000][1][safepoint    ] Total time for which application threads were stopped: 0.0000884 seconds, Stopping threads took: 0.0000182 seconds
[2019-12-09T03:48:27.828+0000][1][safepoint    ] Application time: 1.0000750 seconds
[2019-12-09T03:48:27.828+0000][1][safepoint    ] Entering safepoint region: Cleanup
[2019-12-09T03:48:27.828+0000][1][safepoint    ] Leaving safepoint region
[2019-12-09T03:48:27.828+0000][1][safepoint    ] Total time for which application threads were stopped: 0.0000893 seconds, Stopping threads took: 0.0000193 seconds
[2019-12-09T03:48:28.828+0000][1][safepoint    ] Application time: 1.0000739 seconds
[2019-12-09T03:48:28.828+0000][1][safepoint    ] Entering safepoint region: Cleanup
[2019-12-09T03:48:28.828+0000][1][safepoint    ] Leaving safepoint region
[2019-12-09T03:48:28.828+0000][1][safepoint    ] Total time for which application threads were stopped: 0.0000897 seconds, Stopping threads took: 0.0000184 seconds
[2019-12-09T03:48:29.829+0000][1][safepoint    ] Application time: 1.0000817 seconds
[2019-12-09T03:48:29.829+0000][1][safepoint    ] Entering safepoint region: Cleanup
[2019-12-09T03:48:29.829+0000][1][safepoint    ] Leaving safepoint region
[2019-12-09T03:48:29.829+0000][1][safepoint    ] Total time for which application threads were stopped: 0.0001011 seconds, Stopping threads took: 0.0000243 seconds
[2019-12-09T03:48:30.829+0000][1][safepoint    ] Application time: 1.0000736 seconds
[2019-12-09T03:48:30.829+0000][1][safepoint    ] Entering safepoint region: Cleanup
[2019-12-09T03:48:30.829+0000][1][safepoint    ] Leaving safepoint region
[2019-12-09T03:48:30.829+0000][1][safepoint    ] Total time for which application threads were stopped: 0.0000908 seconds, Stopping threads took: 0.0000194 seconds
[2019-12-09T03:48:31.829+0000][1][safepoint    ] Application time: 1.0000741 seconds
[2019-12-09T03:48:31.829+0000][1][safepoint    ] Entering safepoint region: Cleanup
[2019-12-09T03:48:31.829+0000][1][safepoint    ] Leaving safepoint region
[2019-12-09T03:48:31.829+0000][1][safepoint    ] Total time for which application threads were stopped: 0.0001047 seconds, Stopping threads took: 0.0000262 seconds
[2019-12-09T03:48:32.829+0000][1][safepoint    ] Application time: 1.0000753 seconds
[2019-12-09T03:48:32.829+0000][1][safepoint    ] Entering safepoint region: Cleanup
[2019-12-09T03:48:32.829+0000][1][safepoint    ] Leaving safepoint region
[2019-12-09T03:48:32.829+0000][1][safepoint    ] Total time for which application threads were stopped: 0.0000915 seconds, Stopping threads took: 0.0000202 seconds
[2019-12-09T03:48:33.829+0000][1][safepoint    ] Application time: 1.0000752 seconds
[2019-12-09T03:48:33.829+0000][1][safepoint    ] Entering safepoint region: Cleanup
[2019-12-09T03:48:33.830+0000][1][safepoint    ] Leaving safepoint region
[2019-12-09T03:48:33.830+0000][1][safepoint    ] Total time for which application threads were stopped: 0.0000872 seconds, Stopping threads took: 0.0000193 seconds
[2019-12-09T03:48:34.830+0000][1][safepoint    ] Application time: 1.0000743 seconds
[2019-12-09T03:48:34.830+0000][1][safepoint    ] Entering safepoint region: Cleanup
[2019-12-09T03:48:34.830+0000][1][safepoint    ] Leaving safepoint region
[2019-12-09T03:48:34.830+0000][1][safepoint    ] Total time for which application threads were stopped: 0.0000973 seconds, Stopping threads took: 0.0000179 seconds
[2019-12-09T03:48:35.830+0000][1][safepoint    ] Application time: 1.0000769 seconds
[2019-12-09T03:48:35.830+0000][1][safepoint    ] Entering safepoint region: Cleanup
[2019-12-09T03:48:35.830+0000][1][safepoint    ] Leaving safepoint region
[2019-12-09T03:48:35.830+0000][1][safepoint    ] Total time for which application threads were stopped: 0.0000865 seconds, Stopping threads took: 0.0000174 seconds
[2019-12-09T03:48:36.830+0000][1][safepoint    ] Application time: 1.0000747 seconds
[2019-12-09T03:48:36.830+0000][1][safepoint    ] Entering safepoint region: Cleanup
[2019-12-09T03:48:36.830+0000][1][safepoint    ] Leaving safepoint region
[2019-12-09T03:48:36.830+0000][1][safepoint    ] Total time for which application threads were stopped: 0.0000908 seconds, Stopping threads took: 0.0000195 seconds
[2019-12-09T03:48:37.830+0000][1][safepoint    ] Application time: 1.0000816 seconds
[2019-12-09T03:48:37.830+0000][1][safepoint    ] Entering safepoint region: Cleanup
[2019-12-09T03:48:37.830+0000][1][safepoint    ] Leaving safepoint region
[2019-12-09T03:48:37.830+0000][1][safepoint    ] Total time for which application threads were stopped: 0.0001494 seconds, Stopping threads took: 0.0000273 seconds
[2019-12-09T03:48:38.831+0000][1][safepoint    ] Application time: 1.0000744 seconds
[2019-12-09T03:48:38.831+0000][1][safepoint    ] Entering safepoint region: Cleanup
[2019-12-09T03:48:38.831+0000][1][safepoint    ] Leaving safepoint region
[2019-12-09T03:48:38.831+0000][1][safepoint    ] Total time for which application threads were stopped: 0.0000879 seconds, Stopping threads took: 0.0000195 seconds
[2019-12-09T03:48:39.831+0000][1][safepoint    ] Application time: 1.0000729 seconds
[2019-12-09T03:48:39.831+0000][1][safepoint    ] Entering safepoint region: Cleanup
[2019-12-09T03:48:39.831+0000][1][safepoint    ] Leaving safepoint region
[2019-12-09T03:48:39.831+0000][1][safepoint    ] Total time for which application threads were stopped: 0.0001051 seconds, Stopping threads took: 0.0000187 seconds
[2019-12-09T03:48:40.831+0000][1][safepoint    ] Application time: 1.0000741 seconds
[2019-12-09T03:48:40.831+0000][1][safepoint    ] Entering safepoint region: Cleanup
[2019-12-09T03:48:40.831+0000][1][safepoint    ] Leaving safepoint region
[2019-12-09T03:48:40.831+0000][1][safepoint    ] Total time for which application threads were stopped: 0.0000937 seconds, Stopping threads took: 0.0000199 seconds
[2019-12-09T03:48:41.831+0000][1][safepoint    ] Application time: 1.0000754 seconds
[2019-12-09T03:48:41.831+0000][1][safepoint    ] Entering safepoint region: Cleanup
[2019-12-09T03:48:41.831+0000][1][safepoint    ] Leaving safepoint region
[2019-12-09T03:48:41.831+0000][1][safepoint    ] Total time for which application threads were stopped: 0.0000988 seconds, Stopping threads took: 0.0000261 seconds
[2019-12-09T03:48:42.831+0000][1][safepoint    ] Application time: 1.0000765 seconds
[2019-12-09T03:48:42.831+0000][1][safepoint    ] Entering safepoint region: Cleanup
[2019-12-09T03:48:42.832+0000][1][safepoint    ] Leaving safepoint region
[2019-12-09T03:48:42.832+0000][1][safepoint    ] Total time for which application threads were stopped: 0.0000880 seconds, Stopping threads took: 0.0000185 seconds
[2019-12-09T03:48:43.832+0000][1][safepoint    ] Application time: 1.0000753 seconds
[2019-12-09T03:48:43.832+0000][1][safepoint    ] Entering safepoint region: Cleanup
[2019-12-09T03:48:43.832+0000][1][safepoint    ] Leaving safepoint region
[2019-12-09T03:48:43.832+0000][1][safepoint    ] Total time for which application threads were stopped: 0.0001043 seconds, Stopping threads took: 0.0000193 seconds
[2019-12-09T03:48:44.832+0000][1][safepoint    ] Application time: 1.0000765 seconds
[2019-12-09T03:48:44.832+0000][1][safepoint    ] Entering safepoint region: Cleanup
[2019-12-09T03:48:44.832+0000][1][safepoint    ] Leaving safepoint region
[2019-12-09T03:48:44.832+0000][1][safepoint    ] Total time for which application threads were stopped: 0.0000914 seconds, Stopping threads took: 0.0000186 seconds
[2019-12-09T03:48:45.832+0000][1][safepoint    ] Application time: 1.0000762 seconds
[2019-12-09T03:48:45.832+0000][1][safepoint    ] Entering safepoint region: Cleanup
[2019-12-09T03:48:45.832+0000][1][safepoint    ] Leaving safepoint region
[2019-12-09T03:48:45.832+0000][1][safepoint    ] Total time for which application threads were stopped: 0.0000925 seconds, Stopping threads took: 0.0000196 seconds
[2019-12-09T03:48:46.832+0000][1][safepoint    ] Application time: 1.0000758 seconds
[2019-12-09T03:48:46.832+0000][1][safepoint    ] Entering safepoint region: Cleanup
[2019-12-09T03:48:46.832+0000][1][safepoint    ] Leaving safepoint region
[2019-12-09T03:48:46.832+0000][1][safepoint    ] Total time for which application threads were stopped: 0.0000929 seconds, Stopping threads took: 0.0000210 seconds
[2019-12-09T03:48:47.832+0000][1][safepoint    ] Application time: 1.0000758 seconds
[2019-12-09T03:48:47.833+0000][1][safepoint    ] Entering safepoint region: Cleanup
[2019-12-09T03:48:47.833+0000][1][safepoint    ] Leaving safepoint region
[2019-12-09T03:48:47.833+0000][1][safepoint    ] Total time for which application threads were stopped: 0.0000901 seconds, Stopping threads took: 0.0000188 seconds
[2019-12-09T03:48:48.833+0000][1][safepoint    ] Application time: 1.0000936 seconds
[2019-12-09T03:48:48.833+0000][1][safepoint    ] Entering safepoint region: Cleanup
[2019-12-09T03:48:48.833+0000][1][safepoint    ] Leaving safepoint region
[2019-12-09T03:48:48.833+0000][1][safepoint    ] Total time for which application threads were stopped: 0.0001215 seconds, Stopping threads took: 0.0000280 seconds
[2019-12-09T03:48:49.834+0000][1][safepoint    ] Application time: 1.0008436 seconds
[2019-12-09T03:48:49.834+0000][1][safepoint    ] Entering safepoint region: Cleanup
[2019-12-09T03:48:49.834+0000][1][safepoint    ] Leaving safepoint region
[2019-12-09T03:48:49.834+0000][1][safepoint    ] Total time for which application threads were stopped: 0.0000957 seconds, Stopping threads took: 0.0000215 seconds
[2019-12-09T03:48:50.835+0000][1][safepoint    ] Application time: 1.0008576 seconds
[2019-12-09T03:48:50.835+0000][1][safepoint    ] Entering safepoint region: Cleanup
[2019-12-09T03:48:50.835+0000][1][safepoint    ] Leaving safepoint region
[2019-12-09T03:48:50.835+0000][1][safepoint    ] Total time for which application threads were stopped: 0.0001293 seconds, Stopping threads took: 0.0000367 seconds
[2019-12-09T03:48:51.835+0000][1][safepoint    ] Application time: 1.0000535 seconds
[2019-12-09T03:48:51.835+0000][1][safepoint    ] Entering safepoint region: Cleanup
[2019-12-09T03:48:51.835+0000][1][safepoint    ] Leaving safepoint region
[2019-12-09T03:48:51.835+0000][1][safepoint    ] Total time for which application threads were stopped: 0.0001038 seconds, Stopping threads took: 0.0000260 seconds
[2019-12-09T03:48:52.835+0000][1][safepoint    ] Application time: 1.0000767 seconds
[2019-12-09T03:48:52.835+0000][1][safepoint    ] Entering safepoint region: Cleanup
[2019-12-09T03:48:52.835+0000][1][safepoint    ] Leaving safepoint region
[2019-12-09T03:48:52.835+0000][1][safepoint    ] Total time for which application threads were stopped: 0.0000961 seconds, Stopping threads took: 0.0000195 seconds
[2019-12-09T03:48:53.835+0000][1][safepoint    ] Application time: 1.0000770 seconds
[2019-12-09T03:48:53.835+0000][1][safepoint    ] Entering safepoint region: Cleanup
[2019-12-09T03:48:53.836+0000][1][safepoint    ] Leaving safepoint region
[2019-12-09T03:48:53.836+0000][1][safepoint    ] Total time for which application threads were stopped: 0.0000915 seconds, Stopping threads took: 0.0000198 seconds
[2019-12-09T03:48:54.836+0000][1][safepoint    ] Application time: 1.0000769 seconds
[2019-12-09T03:48:54.836+0000][1][safepoint    ] Entering safepoint region: Cleanup
[2019-12-09T03:48:54.836+0000][1][safepoint    ] Leaving safepoint region
[2019-12-09T03:48:54.836+0000][1][safepoint    ] Total time for which application threads were stopped: 0.0001038 seconds, Stopping threads took: 0.0000187 seconds
[2019-12-09T03:48:55.174+0000][1][safepoint    ] Application time: 0.3378400 seconds
[2019-12-09T03:48:55.174+0000][1][safepoint    ] Entering safepoint region: GenCollectForAllocation
[2019-12-09T03:48:55.174+0000][1][gc,start     ] GC(38) Pause Young (Allocation Failure)
[2019-12-09T03:48:55.174+0000][1][gc,task      ] GC(38) Using 2 workers of 2 for evacuation
[2019-12-09T03:48:55.176+0000][1][gc,age       ] GC(38) Desired survivor size 4456448 bytes, new threshold 6 (max threshold 6)
[2019-12-09T03:48:55.176+0000][1][gc,age       ] GC(38) Age table with threshold 6 (max threshold 6)
[2019-12-09T03:48:55.176+0000][1][gc,age       ] GC(38) - age   1:     821544 bytes,     821544 total
[2019-12-09T03:48:55.176+0000][1][gc,age       ] GC(38) - age   2:       1152 bytes,     822696 total
[2019-12-09T03:48:55.176+0000][1][gc,age       ] GC(38) - age   3:       2720 bytes,     825416 total
[2019-12-09T03:48:55.176+0000][1][gc,age       ] GC(38) - age   4:       3680 bytes,     829096 total
[2019-12-09T03:48:55.176+0000][1][gc,age       ] GC(38) - age   5:       4480 bytes,     833576 total
[2019-12-09T03:48:55.176+0000][1][gc,age       ] GC(38) - age   6:       2112 bytes,     835688 total
[2019-12-09T03:48:55.176+0000][1][gc,heap      ] GC(38) ParNew: 70994K->872K(78656K)
[2019-12-09T03:48:55.176+0000][1][gc,heap      ] GC(38) CMS: 70686K->70688K(174784K)
[2019-12-09T03:48:55.176+0000][1][gc,metaspace ] GC(38) Metaspace: 75674K->75674K(1118208K)
[2019-12-09T03:48:55.176+0000][1][gc           ] GC(38) Pause Young (Allocation Failure) 138M->69M(247M) 2.400ms
[2019-12-09T03:48:55.176+0000][1][gc,cpu       ] GC(38) User=0.01s Sys=0.00s Real=0.01s
[2019-12-09T03:48:55.176+0000][1][safepoint    ] Leaving safepoint region
[2019-12-09T03:48:55.176+0000][1][safepoint    ] Total time for which application threads were stopped: 0.0025961 seconds, Stopping threads took: 0.0000197 seconds
[2019-12-09T03:48:56.176+0000][1][safepoint    ] Application time: 1.0000906 seconds
[2019-12-09T03:48:56.176+0000][1][safepoint    ] Entering safepoint region: Cleanup
[2019-12-09T03:48:56.176+0000][1][safepoint    ] Leaving safepoint region
[2019-12-09T03:48:56.176+0000][1][safepoint    ] Total time for which application threads were stopped: 0.0000938 seconds, Stopping threads took: 0.0000213 seconds
[2019-12-09T03:48:57.177+0000][1][safepoint    ] Application time: 1.0000815 seconds
[2019-12-09T03:48:57.177+0000][1][safepoint    ] Entering safepoint region: Cleanup
[2019-12-09T03:48:57.177+0000][1][safepoint    ] Leaving safepoint region
[2019-12-09T03:48:57.177+0000][1][safepoint    ] Total time for which application threads were stopped: 0.0000929 seconds, Stopping threads took: 0.0000207 seconds
[2019-12-09T03:48:58.177+0000][1][safepoint    ] Application time: 1.0000761 seconds
[2019-12-09T03:48:58.177+0000][1][safepoint    ] Entering safepoint region: Cleanup
[2019-12-09T03:48:58.177+0000][1][safepoint    ] Leaving safepoint region
[2019-12-09T03:48:58.177+0000][1][safepoint    ] Total time for which application threads were stopped: 0.0000985 seconds, Stopping threads took: 0.0000202 seconds
[2019-12-09T03:48:59.179+0000][1][safepoint    ] Application time: 1.0017798 seconds
[2019-12-09T03:48:59.179+0000][1][safepoint    ] Entering safepoint region: Cleanup
[2019-12-09T03:48:59.179+0000][1][safepoint    ] Leaving safepoint region
[2019-12-09T03:48:59.179+0000][1][safepoint    ] Total time for which application threads were stopped: 0.0001253 seconds, Stopping threads took: 0.0000283 seconds
[2019-12-09T03:48:59.395+0000][1][safepoint    ] Application time: 0.2162973 seconds
[2019-12-09T03:48:59.395+0000][1][safepoint    ] Entering safepoint region: RevokeBias
[2019-12-09T03:48:59.395+0000][1][safepoint    ] Leaving safepoint region
[2019-12-09T03:48:59.395+0000][1][safepoint    ] Total time for which application threads were stopped: 0.0001292 seconds, Stopping threads took: 0.0000237 seconds
[2019-12-09T03:48:59.395+0000][1][safepoint    ] Application time: 0.0000957 seconds
[2019-12-09T03:48:59.395+0000][1][safepoint    ] Entering safepoint region: RevokeBias
[2019-12-09T03:48:59.396+0000][1][safepoint    ] Leaving safepoint region
[2019-12-09T03:48:59.396+0000][1][safepoint    ] Total time for which application threads were stopped: 0.0000763 seconds, Stopping threads took: 0.0000134 seconds
[2019-12-09T03:48:59.401+0000][1][safepoint    ] Application time: 0.0052595 seconds
[2019-12-09T03:48:59.405+0000][1][safepoint    ] Entering safepoint region: RevokeBias
[2019-12-09T03:48:59.405+0000][1][safepoint    ] Leaving safepoint region
[2019-12-09T03:48:59.405+0000][1][safepoint    ] Total time for which application threads were stopped: 0.0040994 seconds, Stopping threads took: 0.0040105 seconds
[2019-12-09T03:48:59.409+0000][1][safepoint    ] Application time: 0.0042029 seconds
[2019-12-09T03:48:59.409+0000][1][safepoint    ] Entering safepoint region: RevokeBias
[2019-12-09T03:48:59.409+0000][1][safepoint    ] Leaving safepoint region
[2019-12-09T03:48:59.409+0000][1][safepoint    ] Total time for which application threads were stopped: 0.0000895 seconds, Stopping threads took: 0.0000186 seconds
[2019-12-09T03:48:59.409+0000][1][safepoint    ] Application time: 0.0001059 seconds
[2019-12-09T03:48:59.409+0000][1][safepoint    ] Entering safepoint region: RevokeBias
[2019-12-09T03:48:59.409+0000][1][safepoint    ] Leaving safepoint region
[2019-12-09T03:48:59.409+0000][1][safepoint    ] Total time for which application threads were stopped: 0.0000613 seconds, Stopping threads took: 0.0000109 seconds
[2019-12-09T03:48:59.411+0000][1][safepoint    ] Application time: 0.0011947 seconds
[2019-12-09T03:48:59.411+0000][1][safepoint    ] Entering safepoint region: RevokeBias
[2019-12-09T03:48:59.411+0000][1][safepoint    ] Leaving safepoint region
[2019-12-09T03:48:59.411+0000][1][safepoint    ] Total time for which application threads were stopped: 0.0001025 seconds, Stopping threads took: 0.0000165 seconds
[2019-12-09T03:48:59.413+0000][1][safepoint    ] Application time: 0.0023794 seconds
[2019-12-09T03:48:59.413+0000][1][safepoint    ] Entering safepoint region: RevokeBias
[2019-12-09T03:48:59.413+0000][1][safepoint    ] Leaving safepoint region
[2019-12-09T03:48:59.413+0000][1][safepoint    ] Total time for which application threads were stopped: 0.0001025 seconds, Stopping threads took: 0.0000161 seconds
[2019-12-09T03:48:59.414+0000][1][safepoint    ] Application time: 0.0007049 seconds
[2019-12-09T03:48:59.414+0000][1][safepoint    ] Entering safepoint region: RevokeBias
[2019-12-09T03:48:59.414+0000][1][safepoint    ] Leaving safepoint region
[2019-12-09T03:48:59.414+0000][1][safepoint    ] Total time for which application threads were stopped: 0.0000678 seconds, Stopping threads took: 0.0000126 seconds
[2019-12-09T03:48:59.414+0000][1][safepoint    ] Application time: 0.0001180 seconds
[2019-12-09T03:48:59.414+0000][1][safepoint    ] Entering safepoint region: RevokeBias
[2019-12-09T03:48:59.414+0000][1][safepoint    ] Leaving safepoint region
[2019-12-09T03:48:59.414+0000][1][safepoint    ] Total time for which application threads were stopped: 0.0000541 seconds, Stopping threads took: 0.0000093 seconds
[2019-12-09T03:48:59.415+0000][1][safepoint    ] Application time: 0.0006113 seconds
[2019-12-09T03:48:59.415+0000][1][safepoint    ] Entering safepoint region: RevokeBias
[2019-12-09T03:48:59.415+0000][1][safepoint    ] Leaving safepoint region
[2019-12-09T03:48:59.415+0000][1][safepoint    ] Total time for which application threads were stopped: 0.0000674 seconds, Stopping threads took: 0.0000132 seconds
[2019-12-09T03:48:59.416+0000][1][safepoint    ] Application time: 0.0008351 seconds
[2019-12-09T03:48:59.416+0000][1][safepoint    ] Entering safepoint region: RevokeBias
[2019-12-09T03:48:59.416+0000][1][safepoint    ] Leaving safepoint region
[2019-12-09T03:48:59.416+0000][1][safepoint    ] Total time for which application threads were stopped: 0.0001186 seconds, Stopping threads took: 0.0000392 seconds
[2019-12-09T03:48:59.418+0000][1][safepoint    ] Application time: 0.0021907 seconds
[2019-12-09T03:48:59.418+0000][1][safepoint    ] Entering safepoint region: RevokeBias
[2019-12-09T03:48:59.418+0000][1][safepoint    ] Leaving safepoint region
[2019-12-09T03:48:59.418+0000][1][safepoint    ] Total time for which application threads were stopped: 0.0000694 seconds, Stopping threads took: 0.0000127 seconds
[2019-12-09T03:48:59.418+0000][1][safepoint    ] Application time: 0.0001343 seconds
[2019-12-09T03:48:59.418+0000][1][safepoint    ] Entering safepoint region: RevokeBias
[2019-12-09T03:48:59.418+0000][1][safepoint    ] Leaving safepoint region
[2019-12-09T03:48:59.418+0000][1][safepoint    ] Total time for which application threads were stopped: 0.0000579 seconds, Stopping threads took: 0.0000108 seconds
[2019-12-09T03:48:59.419+0000][1][safepoint    ] Application time: 0.0000582 seconds
[2019-12-09T03:48:59.419+0000][1][safepoint    ] Entering safepoint region: RevokeBias
[2019-12-09T03:48:59.419+0000][1][safepoint    ] Leaving safepoint region
[2019-12-09T03:48:59.419+0000][1][safepoint    ] Total time for which application threads were stopped: 0.0000489 seconds, Stopping threads took: 0.0000094 seconds
[2019-12-09T03:48:59.419+0000][1][safepoint    ] Application time: 0.0001240 seconds
[2019-12-09T03:48:59.419+0000][1][safepoint    ] Entering safepoint region: RevokeBias
[2019-12-09T03:48:59.419+0000][1][safepoint    ] Leaving safepoint region
[2019-12-09T03:48:59.419+0000][1][safepoint    ] Total time for which application threads were stopped: 0.0000610 seconds, Stopping threads took: 0.0000112 seconds
[2019-12-09T03:48:59.419+0000][1][safepoint    ] Application time: 0.0000623 seconds
[2019-12-09T03:48:59.419+0000][1][safepoint    ] Entering safepoint region: RevokeBias
[2019-12-09T03:48:59.419+0000][1][safepoint    ] Leaving safepoint region
[2019-12-09T03:48:59.419+0000][1][safepoint    ] Total time for which application threads were stopped: 0.0000547 seconds, Stopping threads took: 0.0000097 seconds
[2019-12-09T03:48:59.419+0000][1][safepoint    ] Application time: 0.0002533 seconds
[2019-12-09T03:48:59.419+0000][1][safepoint    ] Entering safepoint region: RevokeBias
[2019-12-09T03:48:59.419+0000][1][safepoint    ] Leaving safepoint region
[2019-12-09T03:48:59.419+0000][1][safepoint    ] Total time for which application threads were stopped: 0.0000666 seconds, Stopping threads took: 0.0000123 seconds
[2019-12-09T03:48:59.419+0000][1][safepoint    ] Application time: 0.0000667 seconds
[2019-12-09T03:48:59.419+0000][1][safepoint    ] Entering safepoint region: RevokeBias
[2019-12-09T03:48:59.419+0000][1][safepoint    ] Leaving safepoint region
[2019-12-09T03:48:59.419+0000][1][safepoint    ] Total time for which application threads were stopped: 0.0000531 seconds, Stopping threads took: 0.0000103 seconds
[2019-12-09T03:48:59.420+0000][1][safepoint    ] Application time: 0.0003702 seconds
[2019-12-09T03:48:59.420+0000][1][safepoint    ] Entering safepoint region: RevokeBias
[2019-12-09T03:48:59.420+0000][1][safepoint    ] Leaving safepoint region
[2019-12-09T03:48:59.420+0000][1][safepoint    ] Total time for which application threads were stopped: 0.0000750 seconds, Stopping threads took: 0.0000134 seconds
[2019-12-09T03:48:59.421+0000][1][safepoint    ] Application time: 0.0012787 seconds
[2019-12-09T03:48:59.421+0000][1][safepoint    ] Entering safepoint region: RevokeBias
[2019-12-09T03:48:59.421+0000][1][safepoint    ] Leaving safepoint region
[2019-12-09T03:48:59.421+0000][1][safepoint    ] Total time for which application threads were stopped: 0.0000769 seconds, Stopping threads took: 0.0000140 seconds
[2019-12-09T03:48:59.423+0000][1][safepoint    ] Application time: 0.0017601 seconds
[2019-12-09T03:48:59.423+0000][1][safepoint    ] Entering safepoint region: RevokeBias
[2019-12-09T03:48:59.423+0000][1][safepoint    ] Leaving safepoint region
[2019-12-09T03:48:59.423+0000][1][safepoint    ] Total time for which application threads were stopped: 0.0001058 seconds, Stopping threads took: 0.0000393 seconds
[2019-12-09T03:48:59.424+0000][1][safepoint    ] Application time: 0.0003429 seconds
[2019-12-09T03:48:59.424+0000][1][safepoint    ] Entering safepoint region: RevokeBias
[2019-12-09T03:48:59.424+0000][1][safepoint    ] Leaving safepoint region
[2019-12-09T03:48:59.424+0000][1][safepoint    ] Total time for which application threads were stopped: 0.0000707 seconds, Stopping threads took: 0.0000127 seconds
[2019-12-09T03:48:59.424+0000][1][safepoint    ] Application time: 0.0008438 seconds
[2019-12-09T03:48:59.424+0000][1][safepoint    ] Entering safepoint region: RevokeBias
[2019-12-09T03:48:59.425+0000][1][safepoint    ] Leaving safepoint region
[2019-12-09T03:48:59.425+0000][1][safepoint    ] Total time for which application threads were stopped: 0.0000696 seconds, Stopping threads took: 0.0000138 seconds
[2019-12-09T03:48:59.425+0000][1][safepoint    ] Application time: 0.0000958 seconds
[2019-12-09T03:48:59.425+0000][1][safepoint    ] Entering safepoint region: RevokeBias
[2019-12-09T03:48:59.425+0000][1][safepoint    ] Leaving safepoint region
[2019-12-09T03:48:59.425+0000][1][safepoint    ] Total time for which application threads were stopped: 0.0000938 seconds, Stopping threads took: 0.0000099 seconds
[2019-12-09T03:48:59.426+0000][1][safepoint    ] Application time: 0.0011761 seconds
[2019-12-09T03:48:59.426+0000][1][safepoint    ] Entering safepoint region: RevokeBias
[2019-12-09T03:48:59.426+0000][1][safepoint    ] Leaving safepoint region
[2019-12-09T03:48:59.426+0000][1][safepoint    ] Total time for which application threads were stopped: 0.0000630 seconds, Stopping threads took: 0.0000121 seconds
[2019-12-09T03:48:59.426+0000][1][safepoint    ] Application time: 0.0000521 seconds
[2019-12-09T03:48:59.426+0000][1][safepoint    ] Entering safepoint region: RevokeBias
[2019-12-09T03:48:59.426+0000][1][safepoint    ] Leaving safepoint region
[2019-12-09T03:48:59.426+0000][1][safepoint    ] Total time for which application threads were stopped: 0.0000470 seconds, Stopping threads took: 0.0000086 seconds
[2019-12-09T03:48:59.427+0000][1][safepoint    ] Application time: 0.0006379 seconds
[2019-12-09T03:48:59.427+0000][1][safepoint    ] Entering safepoint region: RevokeBias
[2019-12-09T03:48:59.427+0000][1][safepoint    ] Leaving safepoint region
[2019-12-09T03:48:59.427+0000][1][safepoint    ] Total time for which application threads were stopped: 0.0000652 seconds, Stopping threads took: 0.0000135 seconds
[2019-12-09T03:48:59.427+0000][1][safepoint    ] Application time: 0.0000646 seconds
[2019-12-09T03:48:59.427+0000][1][safepoint    ] Entering safepoint region: RevokeBias
[2019-12-09T03:48:59.427+0000][1][safepoint    ] Leaving safepoint region
[2019-12-09T03:48:59.427+0000][1][safepoint    ] Total time for which application threads were stopped: 0.0000496 seconds, Stopping threads took: 0.0000089 seconds
[2019-12-09T03:48:59.427+0000][1][safepoint    ] Application time: 0.0000558 seconds
[2019-12-09T03:48:59.427+0000][1][safepoint    ] Entering safepoint region: RevokeBias
[2019-12-09T03:48:59.427+0000][1][safepoint    ] Leaving safepoint region
[2019-12-09T03:48:59.427+0000][1][safepoint    ] Total time for which application threads were stopped: 0.0000473 seconds, Stopping threads took: 0.0000089 seconds
[2019-12-09T03:48:59.427+0000][1][safepoint    ] Application time: 0.0000799 seconds
[2019-12-09T03:48:59.427+0000][1][safepoint    ] Entering safepoint region: RevokeBias
[2019-12-09T03:48:59.427+0000][1][safepoint    ] Leaving safepoint region
[2019-12-09T03:48:59.427+0000][1][safepoint    ] Total time for which application threads were stopped: 0.0000579 seconds, Stopping threads took: 0.0000100 seconds
[2019-12-09T03:48:59.427+0000][1][safepoint    ] Application time: 0.0000674 seconds
[2019-12-09T03:48:59.427+0000][1][safepoint    ] Entering safepoint region: RevokeBias
[2019-12-09T03:48:59.427+0000][1][safepoint    ] Leaving safepoint region
[2019-12-09T03:48:59.427+0000][1][safepoint    ] Total time for which application threads were stopped: 0.0000442 seconds, Stopping threads took: 0.0000083 seconds
[2019-12-09T03:48:59.427+0000][1][safepoint    ] Application time: 0.0000812 seconds
[2019-12-09T03:48:59.427+0000][1][safepoint    ] Entering safepoint region: RevokeBias
[2019-12-09T03:48:59.428+0000][1][safepoint    ] Leaving safepoint region
[2019-12-09T03:48:59.428+0000][1][safepoint    ] Total time for which application threads were stopped: 0.0000481 seconds, Stopping threads took: 0.0000091 seconds
[2019-12-09T03:48:59.430+0000][1][safepoint    ] Application time: 0.0026569 seconds
[2019-12-09T03:48:59.430+0000][1][safepoint    ] Entering safepoint region: RevokeBias
[2019-12-09T03:48:59.430+0000][1][safepoint    ] Leaving safepoint region
[2019-12-09T03:48:59.430+0000][1][safepoint    ] Total time for which application threads were stopped: 0.0000975 seconds, Stopping threads took: 0.0000135 seconds
[2019-12-09T03:48:59.431+0000][1][safepoint    ] Application time: 0.0006267 seconds
[2019-12-09T03:48:59.431+0000][1][safepoint    ] Entering safepoint region: RevokeBias
[2019-12-09T03:48:59.431+0000][1][safepoint    ] Leaving safepoint region
[2019-12-09T03:48:59.431+0000][1][safepoint    ] Total time for which application threads were stopped: 0.0000842 seconds, Stopping threads took: 0.0000127 seconds
[2019-12-09T03:48:59.431+0000][1][safepoint    ] Application time: 0.0002315 seconds
[2019-12-09T03:48:59.431+0000][1][safepoint    ] Entering safepoint region: RevokeBias
[2019-12-09T03:48:59.431+0000][1][safepoint    ] Leaving safepoint region
[2019-12-09T03:48:59.431+0000][1][safepoint    ] Total time for which application threads were stopped: 0.0000867 seconds, Stopping threads took: 0.0000111 seconds
[2019-12-09T03:48:59.432+0000][1][safepoint    ] Application time: 0.0001962 seconds
[2019-12-09T03:48:59.432+0000][1][safepoint    ] Entering safepoint region: RevokeBias
[2019-12-09T03:48:59.432+0000][1][safepoint    ] Leaving safepoint region
[2019-12-09T03:48:59.432+0000][1][safepoint    ] Total time for which application threads were stopped: 0.0001367 seconds, Stopping threads took: 0.0000106 seconds
[2019-12-09T03:48:59.432+0000][1][safepoint    ] Application time: 0.0002597 seconds
[2019-12-09T03:48:59.432+0000][1][safepoint    ] Entering safepoint region: RevokeBias
[2019-12-09T03:48:59.432+0000][1][safepoint    ] Leaving safepoint region
[2019-12-09T03:48:59.432+0000][1][safepoint    ] Total time for which application threads were stopped: 0.0000713 seconds, Stopping threads took: 0.0000108 seconds
[2019-12-09T03:48:59.432+0000][1][safepoint    ] Application time: 0.0001840 seconds
[2019-12-09T03:48:59.432+0000][1][safepoint    ] Entering safepoint region: RevokeBias
[2019-12-09T03:48:59.432+0000][1][safepoint    ] Leaving safepoint region
[2019-12-09T03:48:59.432+0000][1][safepoint    ] Total time for which application threads were stopped: 0.0000705 seconds, Stopping threads took: 0.0000109 seconds
[2019-12-09T03:48:59.433+0000][1][safepoint    ] Application time: 0.0001921 seconds
[2019-12-09T03:48:59.433+0000][1][safepoint    ] Entering safepoint region: BulkRevokeBias
[2019-12-09T03:48:59.433+0000][1][safepoint    ] Leaving safepoint region
[2019-12-09T03:48:59.433+0000][1][safepoint    ] Total time for which application threads were stopped: 0.0004058 seconds, Stopping threads took: 0.0000111 seconds
[2019-12-09T03:48:59.454+0000][1][safepoint    ] Application time: 0.0211702 seconds
[2019-12-09T03:48:59.454+0000][1][safepoint    ] Entering safepoint region: BulkRevokeBias
[2019-12-09T03:48:59.455+0000][1][safepoint    ] Leaving safepoint region
[2019-12-09T03:48:59.455+0000][1][safepoint    ] Total time for which application threads were stopped: 0.0003433 seconds, Stopping threads took: 0.0000146 seconds
[2019-12-09T03:48:59.460+0000][1][safepoint    ] Application time: 0.0049526 seconds
[2019-12-09T03:48:59.498+0000][1][safepoint    ] Entering safepoint region: RevokeBias
[2019-12-09T03:48:59.499+0000][1][safepoint    ] Leaving safepoint region
[2019-12-09T03:48:59.499+0000][1][safepoint    ] Total time for which application threads were stopped: 0.0390701 seconds, Stopping threads took: 0.0389447 seconds
[2019-12-09T03:48:59.525+0000][1][safepoint    ] Application time: 0.0263692 seconds
[2019-12-09T03:48:59.525+0000][1][safepoint    ] Entering safepoint region: RevokeBias
[2019-12-09T03:48:59.525+0000][1][safepoint    ] Leaving safepoint region
[2019-12-09T03:48:59.525+0000][1][safepoint    ] Total time for which application threads were stopped: 0.0000863 seconds, Stopping threads took: 0.0000167 seconds
[2019-12-09T03:48:59.566+0000][1][safepoint    ] Application time: 0.0409176 seconds
[2019-12-09T03:48:59.566+0000][1][safepoint    ] Entering safepoint region: RevokeBias
[2019-12-09T03:48:59.566+0000][1][safepoint    ] Leaving safepoint region
[2019-12-09T03:48:59.566+0000][1][safepoint    ] Total time for which application threads were stopped: 0.0000763 seconds, Stopping threads took: 0.0000142 seconds
[2019-12-09T03:48:59.572+0000][1][safepoint    ] Application time: 0.0059379 seconds
[2019-12-09T03:48:59.572+0000][1][safepoint    ] Entering safepoint region: RevokeBias
[2019-12-09T03:48:59.572+0000][1][safepoint    ] Leaving safepoint region
[2019-12-09T03:48:59.572+0000][1][safepoint    ] Total time for which application threads were stopped: 0.0000799 seconds, Stopping threads took: 0.0000156 seconds
[2019-12-09T03:48:59.576+0000][1][safepoint    ] Application time: 0.0043093 seconds
[2019-12-09T03:48:59.577+0000][1][safepoint    ] Entering safepoint region: RevokeBias
[2019-12-09T03:48:59.577+0000][1][safepoint    ] Leaving safepoint region
[2019-12-09T03:48:59.577+0000][1][safepoint    ] Total time for which application threads were stopped: 0.0001430 seconds, Stopping threads took: 0.0000833 seconds
[2019-12-09T03:48:59.582+0000][1][safepoint    ] Application time: 0.0056000 seconds
[2019-12-09T03:48:59.582+0000][1][safepoint    ] Entering safepoint region: RevokeBias
[2019-12-09T03:48:59.582+0000][1][safepoint    ] Leaving safepoint region
[2019-12-09T03:48:59.582+0000][1][safepoint    ] Total time for which application threads were stopped: 0.0001092 seconds, Stopping threads took: 0.0000467 seconds
[2019-12-09T03:48:59.583+0000][1][safepoint    ] Application time: 0.0002434 seconds
[2019-12-09T03:48:59.583+0000][1][safepoint    ] Entering safepoint region: RevokeBias
[2019-12-09T03:48:59.583+0000][1][safepoint    ] Leaving safepoint region
[2019-12-09T03:48:59.583+0000][1][safepoint    ] Total time for which application threads were stopped: 0.0000847 seconds, Stopping threads took: 0.0000108 seconds
[2019-12-09T03:48:59.624+0000][1][safepoint    ] Application time: 0.0413487 seconds
[2019-12-09T03:48:59.624+0000][1][safepoint    ] Entering safepoint region: RevokeBias
[2019-12-09T03:48:59.624+0000][1][safepoint    ] Leaving safepoint region
[2019-12-09T03:48:59.624+0000][1][safepoint    ] Total time for which application threads were stopped: 0.0000910 seconds, Stopping threads took: 0.0000154 seconds
[2019-12-09T03:48:59.637+0000][1][safepoint    ] Application time: 0.0132491 seconds
[2019-12-09T03:48:59.637+0000][1][safepoint    ] Entering safepoint region: RevokeBias
[2019-12-09T03:48:59.638+0000][1][safepoint    ] Leaving safepoint region
[2019-12-09T03:48:59.638+0000][1][safepoint    ] Total time for which application threads were stopped: 0.0000392 seconds, Stopping threads took: 0.0000106 seconds
[2019-12-09T03:48:59.638+0000][1][safepoint    ] Application time: 0.0002019 seconds
[2019-12-09T03:48:59.638+0000][1][safepoint    ] Entering safepoint region: RevokeBias
[2019-12-09T03:48:59.638+0000][1][safepoint    ] Leaving safepoint region
[2019-12-09T03:48:59.638+0000][1][safepoint    ] Total time for which application threads were stopped: 0.0000435 seconds, Stopping threads took: 0.0000085 seconds
[2019-12-09T03:48:59.639+0000][1][safepoint    ] Application time: 0.0012847 seconds
[2019-12-09T03:48:59.639+0000][1][safepoint    ] Entering safepoint region: RevokeBias
[2019-12-09T03:48:59.639+0000][1][safepoint    ] Leaving safepoint region
[2019-12-09T03:48:59.639+0000][1][safepoint    ] Total time for which application threads were stopped: 0.0000495 seconds, Stopping threads took: 0.0000105 seconds
[2019-12-09T03:48:59.652+0000][1][gc,heap,exit ] Heap
[2019-12-09T03:48:59.652+0000][1][gc,heap,exit ]  par new generation   total 78656K, used 12820K [0x00000000f0000000, 0x00000000f5550000, 0x00000000f5550000)
[2019-12-09T03:48:59.652+0000][1][gc,heap,exit ]   eden space 69952K,  17% used [0x00000000f0000000, 0x00000000f0baae38, 0x00000000f4450000)
[2019-12-09T03:48:59.652+0000][1][gc,heap,exit ]   from space 8704K,  10% used [0x00000000f4450000, 0x00000000f452a220, 0x00000000f4cd0000)
[2019-12-09T03:48:59.652+0000][1][gc,heap,exit ]   to   space 8704K,   0% used [0x00000000f4cd0000, 0x00000000f4cd0000, 0x00000000f5550000)
[2019-12-09T03:48:59.652+0000][1][gc,heap,exit ]  concurrent mark-sweep generation total 174784K, used 70688K [0x00000000f5550000, 0x0000000100000000, 0x0000000100000000)
[2019-12-09T03:48:59.652+0000][1][gc,heap,exit ]  Metaspace       used 75832K, capacity 81533K, committed 81728K, reserved 1118208K
[2019-12-09T03:48:59.652+0000][1][gc,heap,exit ]   class space    used 10133K, capacity 12530K, committed 12628K, reserved 1048576K
[2019-12-09T03:48:59.652+0000][1][safepoint    ] Application time: 0.0127705 seconds
[2019-12-09T03:48:59.652+0000][1][safepoint    ] Entering safepoint region: Exit
