[2019-12-09T02:25:02.383+0000][1][gc] Using Concurrent Mark Sweep
[2019-12-09T02:25:02.383+0000][1][gc,heap,coops] Heap address: 0x00000000f0000000, size: 256 MB, Compressed Oops mode: 32-bit
[2019-12-09T02:25:02.778+0000][1][safepoint    ] Entering safepoint region: EnableBiasedLocking
[2019-12-09T02:25:02.778+0000][1][safepoint    ] Leaving safepoint region
[2019-12-09T02:25:02.778+0000][1][safepoint    ] Total time for which application threads were stopped: 0.0405243 seconds, Stopping threads took: 0.0404366 seconds
[2019-12-09T02:25:02.795+0000][1][safepoint    ] Application time: 0.0170263 seconds
[2019-12-09T02:25:02.822+0000][1][safepoint    ] Entering safepoint region: RevokeBias
[2019-12-09T02:25:02.822+0000][1][safepoint    ] Leaving safepoint region
[2019-12-09T02:25:02.822+0000][1][safepoint    ] Total time for which application threads were stopped: 0.0263411 seconds, Stopping threads took: 0.0262769 seconds
[2019-12-09T02:25:02.837+0000][1][safepoint    ] Application time: 0.0151918 seconds
[2019-12-09T02:25:02.837+0000][1][safepoint    ] Entering safepoint region: Deoptimize
[2019-12-09T02:25:02.837+0000][1][safepoint    ] Leaving safepoint region
[2019-12-09T02:25:02.837+0000][1][safepoint    ] Total time for which application threads were stopped: 0.0000459 seconds, Stopping threads took: 0.0000090 seconds
[2019-12-09T02:25:03.773+0000][1][safepoint    ] Application time: 0.9355918 seconds
[2019-12-09T02:25:03.773+0000][1][safepoint    ] Entering safepoint region: Deoptimize
[2019-12-09T02:25:03.773+0000][1][safepoint    ] Leaving safepoint region
[2019-12-09T02:25:03.773+0000][1][safepoint    ] Total time for which application threads were stopped: 0.0000996 seconds, Stopping threads took: 0.0000107 seconds
[2019-12-09T02:25:04.775+0000][1][safepoint    ] Application time: 1.0018526 seconds
[2019-12-09T02:25:04.797+0000][1][safepoint    ] Entering safepoint region: Cleanup
[2019-12-09T02:25:04.797+0000][1][safepoint    ] Leaving safepoint region
[2019-12-09T02:25:04.797+0000][1][safepoint    ] Total time for which application threads were stopped: 0.0220557 seconds, Stopping threads took: 0.0219952 seconds
[2019-12-09T02:25:05.802+0000][1][safepoint    ] Application time: 1.0049408 seconds
[2019-12-09T02:25:05.861+0000][1][safepoint    ] Entering safepoint region: Cleanup
[2019-12-09T02:25:05.861+0000][1][safepoint    ] Leaving safepoint region
[2019-12-09T02:25:05.861+0000][1][safepoint    ] Total time for which application threads were stopped: 0.0590731 seconds, Stopping threads took: 0.0590194 seconds
[2019-12-09T02:25:06.618+0000][1][safepoint    ] Application time: 0.7576223 seconds
[2019-12-09T02:25:06.619+0000][1][safepoint    ] Entering safepoint region: Deoptimize
[2019-12-09T02:25:06.619+0000][1][safepoint    ] Leaving safepoint region
[2019-12-09T02:25:06.619+0000][1][safepoint    ] Total time for which application threads were stopped: 0.0001976 seconds, Stopping threads took: 0.0000119 seconds
[2019-12-09T02:25:06.947+0000][1][safepoint    ] Application time: 0.3286201 seconds
[2019-12-09T02:25:06.947+0000][1][safepoint    ] Entering safepoint region: Deoptimize
[2019-12-09T02:25:06.948+0000][1][safepoint    ] Leaving safepoint region
[2019-12-09T02:25:06.948+0000][1][safepoint    ] Total time for which application threads were stopped: 0.0001523 seconds, Stopping threads took: 0.0000121 seconds
[2019-12-09T02:25:07.070+0000][1][safepoint    ] Application time: 0.1223496 seconds
[2019-12-09T02:25:07.070+0000][1][safepoint    ] Entering safepoint region: Deoptimize
[2019-12-09T02:25:07.070+0000][1][safepoint    ] Leaving safepoint region
[2019-12-09T02:25:07.070+0000][1][safepoint    ] Total time for which application threads were stopped: 0.0001446 seconds, Stopping threads took: 0.0000108 seconds
[2019-12-09T02:25:08.075+0000][1][safepoint    ] Application time: 1.0046389 seconds
[2019-12-09T02:25:08.126+0000][1][safepoint    ] Entering safepoint region: Cleanup
[2019-12-09T02:25:08.126+0000][1][safepoint    ] Leaving safepoint region
[2019-12-09T02:25:08.126+0000][1][safepoint    ] Total time for which application threads were stopped: 0.0510778 seconds, Stopping threads took: 0.0510200 seconds
[2019-12-09T02:25:09.127+0000][1][safepoint    ] Application time: 1.0008642 seconds
[2019-12-09T02:25:09.130+0000][1][safepoint    ] Entering safepoint region: Cleanup
[2019-12-09T02:25:09.130+0000][1][safepoint    ] Leaving safepoint region
[2019-12-09T02:25:09.130+0000][1][safepoint    ] Total time for which application threads were stopped: 0.0030477 seconds, Stopping threads took: 0.0029811 seconds
[2019-12-09T02:25:10.131+0000][1][safepoint    ] Application time: 1.0008964 seconds
[2019-12-09T02:25:10.131+0000][1][safepoint    ] Entering safepoint region: Cleanup
[2019-12-09T02:25:10.131+0000][1][safepoint    ] Leaving safepoint region
[2019-12-09T02:25:10.131+0000][1][safepoint    ] Total time for which application threads were stopped: 0.0001690 seconds, Stopping threads took: 0.0000924 seconds
[2019-12-09T02:25:10.709+0000][1][safepoint    ] Application time: 0.5777886 seconds
[2019-12-09T02:25:10.709+0000][1][safepoint    ] Entering safepoint region: Deoptimize
[2019-12-09T02:25:10.709+0000][1][safepoint    ] Leaving safepoint region
[2019-12-09T02:25:10.709+0000][1][safepoint    ] Total time for which application threads were stopped: 0.0002509 seconds, Stopping threads took: 0.0000118 seconds
[2019-12-09T02:25:11.710+0000][1][safepoint    ] Application time: 1.0007002 seconds
[2019-12-09T02:25:11.710+0000][1][safepoint    ] Entering safepoint region: Cleanup
[2019-12-09T02:25:11.710+0000][1][safepoint    ] Leaving safepoint region
[2019-12-09T02:25:11.710+0000][1][safepoint    ] Total time for which application threads were stopped: 0.0000604 seconds, Stopping threads took: 0.0000154 seconds
[2019-12-09T02:25:12.192+0000][1][safepoint    ] Application time: 0.4825034 seconds
[2019-12-09T02:25:12.192+0000][1][safepoint    ] Entering safepoint region: RevokeBias
[2019-12-09T02:25:12.193+0000][1][safepoint    ] Leaving safepoint region
[2019-12-09T02:25:12.193+0000][1][safepoint    ] Total time for which application threads were stopped: 0.0001656 seconds, Stopping threads took: 0.0000119 seconds
[2019-12-09T02:25:13.121+0000][1][safepoint    ] Application time: 0.9282789 seconds
[2019-12-09T02:25:13.121+0000][1][safepoint    ] Entering safepoint region: Deoptimize
[2019-12-09T02:25:13.121+0000][1][safepoint    ] Leaving safepoint region
[2019-12-09T02:25:13.121+0000][1][safepoint    ] Total time for which application threads were stopped: 0.0002540 seconds, Stopping threads took: 0.0000110 seconds
[2019-12-09T02:25:14.123+0000][1][safepoint    ] Application time: 1.0016096 seconds
[2019-12-09T02:25:14.143+0000][1][safepoint    ] Entering safepoint region: Cleanup
[2019-12-09T02:25:14.143+0000][1][safepoint    ] Leaving safepoint region
[2019-12-09T02:25:14.143+0000][1][safepoint    ] Total time for which application threads were stopped: 0.0200603 seconds, Stopping threads took: 0.0199890 seconds
[2019-12-09T02:25:14.351+0000][1][safepoint    ] Application time: 0.2077493 seconds
[2019-12-09T02:25:14.351+0000][1][safepoint    ] Entering safepoint region: Deoptimize
[2019-12-09T02:25:14.351+0000][1][safepoint    ] Leaving safepoint region
[2019-12-09T02:25:14.351+0000][1][safepoint    ] Total time for which application threads were stopped: 0.0002815 seconds, Stopping threads took: 0.0000237 seconds
[2019-12-09T02:25:14.374+0000][1][safepoint    ] Application time: 0.0229643 seconds
[2019-12-09T02:25:14.374+0000][1][safepoint    ] Entering safepoint region: Deoptimize
[2019-12-09T02:25:14.374+0000][1][safepoint    ] Leaving safepoint region
[2019-12-09T02:25:14.374+0000][1][safepoint    ] Total time for which application threads were stopped: 0.0002347 seconds, Stopping threads took: 0.0000108 seconds
[2019-12-09T02:25:14.542+0000][1][safepoint    ] Application time: 0.1675136 seconds
[2019-12-09T02:25:14.542+0000][1][safepoint    ] Entering safepoint region: Deoptimize
[2019-12-09T02:25:14.542+0000][1][safepoint    ] Leaving safepoint region
[2019-12-09T02:25:14.542+0000][1][safepoint    ] Total time for which application threads were stopped: 0.0002971 seconds, Stopping threads took: 0.0000319 seconds
[2019-12-09T02:25:14.601+0000][1][safepoint    ] Application time: 0.0588558 seconds
[2019-12-09T02:25:14.601+0000][1][safepoint    ] Entering safepoint region: RevokeBias
[2019-12-09T02:25:14.601+0000][1][safepoint    ] Leaving safepoint region
[2019-12-09T02:25:14.601+0000][1][safepoint    ] Total time for which application threads were stopped: 0.0002406 seconds, Stopping threads took: 0.0001744 seconds
[2019-12-09T02:25:14.601+0000][1][safepoint    ] Application time: 0.0001575 seconds
[2019-12-09T02:25:14.601+0000][1][safepoint    ] Entering safepoint region: RevokeBias
[2019-12-09T02:25:14.601+0000][1][safepoint    ] Leaving safepoint region
[2019-12-09T02:25:14.601+0000][1][safepoint    ] Total time for which application threads were stopped: 0.0000485 seconds, Stopping threads took: 0.0000084 seconds
[2019-12-09T02:25:14.601+0000][1][safepoint    ] Application time: 0.0000475 seconds
[2019-12-09T02:25:14.601+0000][1][safepoint    ] Entering safepoint region: RevokeBias
[2019-12-09T02:25:14.601+0000][1][safepoint    ] Leaving safepoint region
[2019-12-09T02:25:14.601+0000][1][safepoint    ] Total time for which application threads were stopped: 0.0000414 seconds, Stopping threads took: 0.0000073 seconds
[2019-12-09T02:25:14.602+0000][1][safepoint    ] Application time: 0.0000687 seconds
[2019-12-09T02:25:14.602+0000][1][safepoint    ] Entering safepoint region: RevokeBias
[2019-12-09T02:25:14.602+0000][1][safepoint    ] Leaving safepoint region
[2019-12-09T02:25:14.602+0000][1][safepoint    ] Total time for which application threads were stopped: 0.0000374 seconds, Stopping threads took: 0.0000070 seconds
[2019-12-09T02:25:14.602+0000][1][safepoint    ] Application time: 0.0001526 seconds
[2019-12-09T02:25:14.602+0000][1][safepoint    ] Entering safepoint region: RevokeBias
[2019-12-09T02:25:14.602+0000][1][safepoint    ] Leaving safepoint region
[2019-12-09T02:25:14.602+0000][1][safepoint    ] Total time for which application threads were stopped: 0.0000574 seconds, Stopping threads took: 0.0000180 seconds
[2019-12-09T02:25:15.404+0000][1][safepoint    ] Application time: 0.8019549 seconds
[2019-12-09T02:25:15.404+0000][1][safepoint    ] Entering safepoint region: RevokeBias
[2019-12-09T02:25:15.404+0000][1][safepoint    ] Leaving safepoint region
[2019-12-09T02:25:15.404+0000][1][safepoint    ] Total time for which application threads were stopped: 0.0000902 seconds, Stopping threads took: 0.0000135 seconds
[2019-12-09T02:25:16.228+0000][1][safepoint    ] Application time: 0.8238209 seconds
[2019-12-09T02:25:16.228+0000][1][safepoint    ] Entering safepoint region: GenCollectForAllocation
[2019-12-09T02:25:16.228+0000][1][gc,start     ] GC(0) Pause Young (Allocation Failure)
[2019-12-09T02:25:16.233+0000][1][gc,task      ] GC(0) Using 2 workers of 2 for evacuation
[2019-12-09T02:25:16.323+0000][1][gc,age       ] GC(0) Desired survivor size 4456448 bytes, new threshold 1 (max threshold 6)
[2019-12-09T02:25:16.323+0000][1][gc,age       ] GC(0) Age table with threshold 1 (max threshold 6)
[2019-12-09T02:25:16.323+0000][1][gc,age       ] GC(0) - age   1:    6670472 bytes,    6670472 total
[2019-12-09T02:25:16.323+0000][1][gc,heap      ] GC(0) ParNew: 69952K->6563K(78656K)
[2019-12-09T02:25:16.323+0000][1][gc,heap      ] GC(0) CMS: 0K->0K(174784K)
[2019-12-09T02:25:16.323+0000][1][gc,metaspace ] GC(0) Metaspace: 12946K->12946K(1060864K)
[2019-12-09T02:25:16.323+0000][1][gc           ] GC(0) Pause Young (Allocation Failure) 68M->6M(247M) 95.325ms
[2019-12-09T02:25:16.323+0000][1][gc,cpu       ] GC(0) User=0.03s Sys=0.00s Real=0.09s
[2019-12-09T02:25:16.323+0000][1][safepoint    ] Leaving safepoint region
[2019-12-09T02:25:16.323+0000][1][safepoint    ] Total time for which application threads were stopped: 0.0954884 seconds, Stopping threads took: 0.0000242 seconds
[2019-12-09T02:25:16.346+0000][1][safepoint    ] Application time: 0.0224824 seconds
[2019-12-09T02:25:16.407+0000][1][safepoint    ] Entering safepoint region: RevokeBias
[2019-12-09T02:25:16.407+0000][1][safepoint    ] Leaving safepoint region
[2019-12-09T02:25:16.407+0000][1][safepoint    ] Total time for which application threads were stopped: 0.0611145 seconds, Stopping threads took: 0.0610097 seconds
[2019-12-09T02:25:16.415+0000][1][safepoint    ] Application time: 0.0078172 seconds
[2019-12-09T02:25:16.458+0000][1][safepoint    ] Entering safepoint region: RevokeBias
[2019-12-09T02:25:16.458+0000][1][safepoint    ] Leaving safepoint region
[2019-12-09T02:25:16.458+0000][1][safepoint    ] Total time for which application threads were stopped: 0.0431830 seconds, Stopping threads took: 0.0430893 seconds
[2019-12-09T02:25:16.458+0000][1][safepoint    ] Application time: 0.0000942 seconds
[2019-12-09T02:25:16.458+0000][1][safepoint    ] Entering safepoint region: RevokeBias
[2019-12-09T02:25:16.458+0000][1][safepoint    ] Leaving safepoint region
[2019-12-09T02:25:16.458+0000][1][safepoint    ] Total time for which application threads were stopped: 0.0000631 seconds, Stopping threads took: 0.0000094 seconds
[2019-12-09T02:25:16.458+0000][1][safepoint    ] Application time: 0.0000542 seconds
[2019-12-09T02:25:16.458+0000][1][safepoint    ] Entering safepoint region: RevokeBias
[2019-12-09T02:25:16.458+0000][1][safepoint    ] Leaving safepoint region
[2019-12-09T02:25:16.458+0000][1][safepoint    ] Total time for which application threads were stopped: 0.0000443 seconds, Stopping threads took: 0.0000081 seconds
[2019-12-09T02:25:16.458+0000][1][safepoint    ] Application time: 0.0000622 seconds
[2019-12-09T02:25:16.458+0000][1][safepoint    ] Entering safepoint region: RevokeBias
[2019-12-09T02:25:16.458+0000][1][safepoint    ] Leaving safepoint region
[2019-12-09T02:25:16.458+0000][1][safepoint    ] Total time for which application threads were stopped: 0.0000445 seconds, Stopping threads took: 0.0000083 seconds
[2019-12-09T02:25:16.458+0000][1][safepoint    ] Application time: 0.0000521 seconds
[2019-12-09T02:25:16.458+0000][1][safepoint    ] Entering safepoint region: RevokeBias
[2019-12-09T02:25:16.458+0000][1][safepoint    ] Leaving safepoint region
[2019-12-09T02:25:16.458+0000][1][safepoint    ] Total time for which application threads were stopped: 0.0000414 seconds, Stopping threads took: 0.0000079 seconds
[2019-12-09T02:25:16.459+0000][1][safepoint    ] Application time: 0.0000592 seconds
[2019-12-09T02:25:16.459+0000][1][safepoint    ] Entering safepoint region: RevokeBias
[2019-12-09T02:25:16.459+0000][1][safepoint    ] Leaving safepoint region
[2019-12-09T02:25:16.459+0000][1][safepoint    ] Total time for which application threads were stopped: 0.0000420 seconds, Stopping threads took: 0.0000077 seconds
[2019-12-09T02:25:16.459+0000][1][safepoint    ] Application time: 0.0000529 seconds
[2019-12-09T02:25:16.459+0000][1][safepoint    ] Entering safepoint region: RevokeBias
[2019-12-09T02:25:16.459+0000][1][safepoint    ] Leaving safepoint region
[2019-12-09T02:25:16.459+0000][1][safepoint    ] Total time for which application threads were stopped: 0.0000424 seconds, Stopping threads took: 0.0000078 seconds
[2019-12-09T02:25:16.459+0000][1][safepoint    ] Application time: 0.0000633 seconds
[2019-12-09T02:25:16.459+0000][1][safepoint    ] Entering safepoint region: RevokeBias
[2019-12-09T02:25:16.459+0000][1][safepoint    ] Leaving safepoint region
[2019-12-09T02:25:16.459+0000][1][safepoint    ] Total time for which application threads were stopped: 0.0000539 seconds, Stopping threads took: 0.0000085 seconds
[2019-12-09T02:25:16.459+0000][1][safepoint    ] Application time: 0.0000456 seconds
[2019-12-09T02:25:16.459+0000][1][safepoint    ] Entering safepoint region: RevokeBias
[2019-12-09T02:25:16.459+0000][1][safepoint    ] Leaving safepoint region
[2019-12-09T02:25:16.459+0000][1][safepoint    ] Total time for which application threads were stopped: 0.0000385 seconds, Stopping threads took: 0.0000068 seconds
[2019-12-09T02:25:16.459+0000][1][safepoint    ] Application time: 0.0000528 seconds
[2019-12-09T02:25:16.459+0000][1][safepoint    ] Entering safepoint region: RevokeBias
[2019-12-09T02:25:16.459+0000][1][safepoint    ] Leaving safepoint region
[2019-12-09T02:25:16.459+0000][1][safepoint    ] Total time for which application threads were stopped: 0.0000520 seconds, Stopping threads took: 0.0000167 seconds
[2019-12-09T02:25:16.459+0000][1][safepoint    ] Application time: 0.0000459 seconds
[2019-12-09T02:25:16.459+0000][1][safepoint    ] Entering safepoint region: RevokeBias
[2019-12-09T02:25:16.459+0000][1][safepoint    ] Leaving safepoint region
[2019-12-09T02:25:16.459+0000][1][safepoint    ] Total time for which application threads were stopped: 0.0000483 seconds, Stopping threads took: 0.0000065 seconds
[2019-12-09T02:25:16.459+0000][1][safepoint    ] Application time: 0.0000629 seconds
[2019-12-09T02:25:16.459+0000][1][safepoint    ] Entering safepoint region: RevokeBias
[2019-12-09T02:25:16.459+0000][1][safepoint    ] Leaving safepoint region
[2019-12-09T02:25:16.459+0000][1][safepoint    ] Total time for which application threads were stopped: 0.0000450 seconds, Stopping threads took: 0.0000082 seconds
[2019-12-09T02:25:16.459+0000][1][safepoint    ] Application time: 0.0000520 seconds
[2019-12-09T02:25:16.459+0000][1][safepoint    ] Entering safepoint region: RevokeBias
[2019-12-09T02:25:16.459+0000][1][safepoint    ] Leaving safepoint region
[2019-12-09T02:25:16.459+0000][1][safepoint    ] Total time for which application threads were stopped: 0.0000409 seconds, Stopping threads took: 0.0000075 seconds
[2019-12-09T02:25:16.459+0000][1][safepoint    ] Application time: 0.0000585 seconds
[2019-12-09T02:25:16.459+0000][1][safepoint    ] Entering safepoint region: RevokeBias
[2019-12-09T02:25:16.459+0000][1][safepoint    ] Leaving safepoint region
[2019-12-09T02:25:16.460+0000][1][safepoint    ] Total time for which application threads were stopped: 0.0000440 seconds, Stopping threads took: 0.0000079 seconds
[2019-12-09T02:25:16.460+0000][1][safepoint    ] Application time: 0.0000516 seconds
[2019-12-09T02:25:16.460+0000][1][safepoint    ] Entering safepoint region: RevokeBias
[2019-12-09T02:25:16.460+0000][1][safepoint    ] Leaving safepoint region
[2019-12-09T02:25:16.460+0000][1][safepoint    ] Total time for which application threads were stopped: 0.0000408 seconds, Stopping threads took: 0.0000073 seconds
[2019-12-09T02:25:16.460+0000][1][safepoint    ] Application time: 0.0000751 seconds
[2019-12-09T02:25:16.460+0000][1][safepoint    ] Entering safepoint region: RevokeBias
[2019-12-09T02:25:16.460+0000][1][safepoint    ] Leaving safepoint region
[2019-12-09T02:25:16.460+0000][1][safepoint    ] Total time for which application threads were stopped: 0.0000439 seconds, Stopping threads took: 0.0000082 seconds
[2019-12-09T02:25:16.460+0000][1][safepoint    ] Application time: 0.0000538 seconds
[2019-12-09T02:25:16.460+0000][1][safepoint    ] Entering safepoint region: RevokeBias
[2019-12-09T02:25:16.460+0000][1][safepoint    ] Leaving safepoint region
[2019-12-09T02:25:16.460+0000][1][safepoint    ] Total time for which application threads were stopped: 0.0000388 seconds, Stopping threads took: 0.0000071 seconds
[2019-12-09T02:25:16.460+0000][1][safepoint    ] Application time: 0.0000847 seconds
[2019-12-09T02:25:16.460+0000][1][safepoint    ] Entering safepoint region: RevokeBias
[2019-12-09T02:25:16.460+0000][1][safepoint    ] Leaving safepoint region
[2019-12-09T02:25:16.460+0000][1][safepoint    ] Total time for which application threads were stopped: 0.0000427 seconds, Stopping threads took: 0.0000079 seconds
[2019-12-09T02:25:16.460+0000][1][safepoint    ] Application time: 0.0000514 seconds
[2019-12-09T02:25:16.460+0000][1][safepoint    ] Entering safepoint region: RevokeBias
[2019-12-09T02:25:16.460+0000][1][safepoint    ] Leaving safepoint region
[2019-12-09T02:25:16.460+0000][1][safepoint    ] Total time for which application threads were stopped: 0.0000418 seconds, Stopping threads took: 0.0000082 seconds
[2019-12-09T02:25:16.460+0000][1][safepoint    ] Application time: 0.0000570 seconds
[2019-12-09T02:25:16.460+0000][1][safepoint    ] Entering safepoint region: RevokeBias
[2019-12-09T02:25:16.460+0000][1][safepoint    ] Leaving safepoint region
[2019-12-09T02:25:16.460+0000][1][safepoint    ] Total time for which application threads were stopped: 0.0000487 seconds, Stopping threads took: 0.0000146 seconds
[2019-12-09T02:25:16.460+0000][1][safepoint    ] Application time: 0.0000524 seconds
[2019-12-09T02:25:16.460+0000][1][safepoint    ] Entering safepoint region: RevokeBias
[2019-12-09T02:25:16.460+0000][1][safepoint    ] Leaving safepoint region
[2019-12-09T02:25:16.460+0000][1][safepoint    ] Total time for which application threads were stopped: 0.0000362 seconds, Stopping threads took: 0.0000071 seconds
[2019-12-09T02:25:16.460+0000][1][safepoint    ] Application time: 0.0000502 seconds
[2019-12-09T02:25:16.460+0000][1][safepoint    ] Entering safepoint region: RevokeBias
[2019-12-09T02:25:16.460+0000][1][safepoint    ] Leaving safepoint region
[2019-12-09T02:25:16.460+0000][1][safepoint    ] Total time for which application threads were stopped: 0.0000379 seconds, Stopping threads took: 0.0000067 seconds
[2019-12-09T02:25:16.461+0000][1][safepoint    ] Application time: 0.0000443 seconds
[2019-12-09T02:25:16.461+0000][1][safepoint    ] Entering safepoint region: RevokeBias
[2019-12-09T02:25:16.461+0000][1][safepoint    ] Leaving safepoint region
[2019-12-09T02:25:16.461+0000][1][safepoint    ] Total time for which application threads were stopped: 0.0000362 seconds, Stopping threads took: 0.0000073 seconds
[2019-12-09T02:25:16.464+0000][1][safepoint    ] Application time: 0.0031882 seconds
[2019-12-09T02:25:16.464+0000][1][safepoint    ] Entering safepoint region: RevokeBias
[2019-12-09T02:25:16.464+0000][1][safepoint    ] Leaving safepoint region
[2019-12-09T02:25:16.464+0000][1][safepoint    ] Total time for which application threads were stopped: 0.0000984 seconds, Stopping threads took: 0.0000500 seconds
[2019-12-09T02:25:16.464+0000][1][safepoint    ] Application time: 0.0000568 seconds
[2019-12-09T02:25:16.464+0000][1][safepoint    ] Entering safepoint region: RevokeBias
[2019-12-09T02:25:16.464+0000][1][safepoint    ] Leaving safepoint region
[2019-12-09T02:25:16.464+0000][1][safepoint    ] Total time for which application threads were stopped: 0.0000414 seconds, Stopping threads took: 0.0000079 seconds
[2019-12-09T02:25:16.464+0000][1][safepoint    ] Application time: 0.0003330 seconds
[2019-12-09T02:25:16.464+0000][1][safepoint    ] Entering safepoint region: RevokeBias
[2019-12-09T02:25:16.464+0000][1][safepoint    ] Leaving safepoint region
[2019-12-09T02:25:16.464+0000][1][safepoint    ] Total time for which application threads were stopped: 0.0000569 seconds, Stopping threads took: 0.0000098 seconds
[2019-12-09T02:25:16.464+0000][1][safepoint    ] Application time: 0.0000565 seconds
[2019-12-09T02:25:16.464+0000][1][safepoint    ] Entering safepoint region: RevokeBias
[2019-12-09T02:25:16.464+0000][1][safepoint    ] Leaving safepoint region
[2019-12-09T02:25:16.465+0000][1][safepoint    ] Total time for which application threads were stopped: 0.0000442 seconds, Stopping threads took: 0.0000084 seconds
[2019-12-09T02:25:16.465+0000][1][safepoint    ] Application time: 0.0000654 seconds
[2019-12-09T02:25:16.465+0000][1][safepoint    ] Entering safepoint region: RevokeBias
[2019-12-09T02:25:16.465+0000][1][safepoint    ] Leaving safepoint region
[2019-12-09T02:25:16.465+0000][1][safepoint    ] Total time for which application threads were stopped: 0.0000442 seconds, Stopping threads took: 0.0000082 seconds
[2019-12-09T02:25:16.465+0000][1][safepoint    ] Application time: 0.0000653 seconds
[2019-12-09T02:25:16.465+0000][1][safepoint    ] Entering safepoint region: RevokeBias
[2019-12-09T02:25:16.465+0000][1][safepoint    ] Leaving safepoint region
[2019-12-09T02:25:16.465+0000][1][safepoint    ] Total time for which application threads were stopped: 0.0000440 seconds, Stopping threads took: 0.0000084 seconds
[2019-12-09T02:25:17.733+0000][1][safepoint    ] Application time: 1.2677915 seconds
[2019-12-09T02:25:17.733+0000][1][safepoint    ] Entering safepoint region: Deoptimize
[2019-12-09T02:25:17.733+0000][1][safepoint    ] Leaving safepoint region
[2019-12-09T02:25:17.733+0000][1][safepoint    ] Total time for which application threads were stopped: 0.0005300 seconds, Stopping threads took: 0.0000660 seconds
[2019-12-09T02:25:18.751+0000][1][safepoint    ] Application time: 1.0176067 seconds
[2019-12-09T02:25:18.825+0000][1][safepoint    ] Entering safepoint region: Cleanup
[2019-12-09T02:25:18.825+0000][1][safepoint    ] Leaving safepoint region
[2019-12-09T02:25:18.825+0000][1][safepoint    ] Total time for which application threads were stopped: 0.0744604 seconds, Stopping threads took: 0.0743662 seconds
[2019-12-09T02:25:18.830+0000][1][safepoint    ] Application time: 0.0046032 seconds
[2019-12-09T02:25:18.830+0000][1][safepoint    ] Entering safepoint region: RevokeBias
[2019-12-09T02:25:18.830+0000][1][safepoint    ] Leaving safepoint region
[2019-12-09T02:25:18.830+0000][1][safepoint    ] Total time for which application threads were stopped: 0.0000642 seconds, Stopping threads took: 0.0000122 seconds
[2019-12-09T02:25:19.832+0000][1][safepoint    ] Application time: 1.0017663 seconds
[2019-12-09T02:25:19.836+0000][1][safepoint    ] Entering safepoint region: Cleanup
[2019-12-09T02:25:19.836+0000][1][safepoint    ] Leaving safepoint region
[2019-12-09T02:25:19.836+0000][1][safepoint    ] Total time for which application threads were stopped: 0.0040568 seconds, Stopping threads took: 0.0039806 seconds
[2019-12-09T02:25:19.869+0000][1][safepoint    ] Application time: 0.0328955 seconds
[2019-12-09T02:25:19.869+0000][1][safepoint    ] Entering safepoint region: GenCollectForAllocation
[2019-12-09T02:25:19.869+0000][1][gc,start     ] GC(1) Pause Young (Allocation Failure)
[2019-12-09T02:25:19.869+0000][1][gc,task      ] GC(1) Using 2 workers of 2 for evacuation
[2019-12-09T02:25:20.297+0000][1][gc,age       ] GC(1) Desired survivor size 4456448 bytes, new threshold 6 (max threshold 6)
[2019-12-09T02:25:20.297+0000][1][gc,age       ] GC(1) Age table with threshold 6 (max threshold 6)
[2019-12-09T02:25:20.297+0000][1][gc,age       ] GC(1) - age   1:    1220704 bytes,    1220704 total
[2019-12-09T02:25:20.297+0000][1][gc,heap      ] GC(1) ParNew: 76515K->4250K(78656K)
[2019-12-09T02:25:20.297+0000][1][gc,heap      ] GC(1) CMS: 0K->7021K(174784K)
[2019-12-09T02:25:20.297+0000][1][gc,metaspace ] GC(1) Metaspace: 14873K->14873K(1062912K)
[2019-12-09T02:25:20.297+0000][1][gc           ] GC(1) Pause Young (Allocation Failure) 74M->11M(247M) 428.297ms
[2019-12-09T02:25:20.297+0000][1][gc,cpu       ] GC(1) User=0.06s Sys=0.00s Real=0.43s
[2019-12-09T02:25:20.297+0000][1][safepoint    ] Leaving safepoint region
[2019-12-09T02:25:20.297+0000][1][safepoint    ] Total time for which application threads were stopped: 0.4284405 seconds, Stopping threads took: 0.0000136 seconds
[2019-12-09T02:25:20.304+0000][1][safepoint    ] Application time: 0.0068240 seconds
[2019-12-09T02:25:20.304+0000][1][safepoint    ] Entering safepoint region: BulkRevokeBias
[2019-12-09T02:25:20.304+0000][1][safepoint    ] Leaving safepoint region
[2019-12-09T02:25:20.304+0000][1][safepoint    ] Total time for which application threads were stopped: 0.0003419 seconds, Stopping threads took: 0.0002481 seconds
[2019-12-09T02:25:20.305+0000][1][safepoint    ] Application time: 0.0001774 seconds
[2019-12-09T02:25:20.305+0000][1][safepoint    ] Entering safepoint region: RevokeBias
[2019-12-09T02:25:20.305+0000][1][safepoint    ] Leaving safepoint region
[2019-12-09T02:25:20.305+0000][1][safepoint    ] Total time for which application threads were stopped: 0.0000547 seconds, Stopping threads took: 0.0000103 seconds
[2019-12-09T02:25:20.305+0000][1][safepoint    ] Application time: 0.0000715 seconds
[2019-12-09T02:25:20.305+0000][1][safepoint    ] Entering safepoint region: RevokeBias
[2019-12-09T02:25:20.305+0000][1][safepoint    ] Leaving safepoint region
[2019-12-09T02:25:20.305+0000][1][safepoint    ] Total time for which application threads were stopped: 0.0000430 seconds, Stopping threads took: 0.0000086 seconds
[2019-12-09T02:25:20.305+0000][1][safepoint    ] Application time: 0.0000671 seconds
[2019-12-09T02:25:20.305+0000][1][safepoint    ] Entering safepoint region: RevokeBias
[2019-12-09T02:25:20.305+0000][1][safepoint    ] Leaving safepoint region
[2019-12-09T02:25:20.305+0000][1][safepoint    ] Total time for which application threads were stopped: 0.0000370 seconds, Stopping threads took: 0.0000080 seconds
[2019-12-09T02:25:20.305+0000][1][safepoint    ] Application time: 0.0000519 seconds
[2019-12-09T02:25:20.305+0000][1][safepoint    ] Entering safepoint region: RevokeBias
[2019-12-09T02:25:20.305+0000][1][safepoint    ] Leaving safepoint region
[2019-12-09T02:25:20.305+0000][1][safepoint    ] Total time for which application threads were stopped: 0.0000354 seconds, Stopping threads took: 0.0000079 seconds
[2019-12-09T02:25:20.305+0000][1][safepoint    ] Application time: 0.0000564 seconds
[2019-12-09T02:25:20.305+0000][1][safepoint    ] Entering safepoint region: RevokeBias
[2019-12-09T02:25:20.305+0000][1][safepoint    ] Leaving safepoint region
[2019-12-09T02:25:20.305+0000][1][safepoint    ] Total time for which application threads were stopped: 0.0000377 seconds, Stopping threads took: 0.0000082 seconds
[2019-12-09T02:25:20.305+0000][1][safepoint    ] Application time: 0.0000517 seconds
[2019-12-09T02:25:20.305+0000][1][safepoint    ] Entering safepoint region: RevokeBias
[2019-12-09T02:25:20.305+0000][1][safepoint    ] Leaving safepoint region
[2019-12-09T02:25:20.305+0000][1][safepoint    ] Total time for which application threads were stopped: 0.0000361 seconds, Stopping threads took: 0.0000080 seconds
[2019-12-09T02:25:20.305+0000][1][safepoint    ] Application time: 0.0000581 seconds
[2019-12-09T02:25:20.305+0000][1][safepoint    ] Entering safepoint region: BulkRevokeBias
[2019-12-09T02:25:20.305+0000][1][safepoint    ] Leaving safepoint region
[2019-12-09T02:25:20.305+0000][1][safepoint    ] Total time for which application threads were stopped: 0.0000728 seconds, Stopping threads took: 0.0000084 seconds
[2019-12-09T02:25:20.305+0000][1][safepoint    ] Application time: 0.0000448 seconds
[2019-12-09T02:25:20.305+0000][1][safepoint    ] Entering safepoint region: RevokeBias
[2019-12-09T02:25:20.305+0000][1][safepoint    ] Leaving safepoint region
[2019-12-09T02:25:20.305+0000][1][safepoint    ] Total time for which application threads were stopped: 0.0000340 seconds, Stopping threads took: 0.0000070 seconds
[2019-12-09T02:25:20.306+0000][1][safepoint    ] Application time: 0.0000501 seconds
[2019-12-09T02:25:20.306+0000][1][safepoint    ] Entering safepoint region: BulkRevokeBias
[2019-12-09T02:25:20.306+0000][1][safepoint    ] Leaving safepoint region
[2019-12-09T02:25:20.306+0000][1][safepoint    ] Total time for which application threads were stopped: 0.0000505 seconds, Stopping threads took: 0.0000075 seconds
[2019-12-09T02:25:21.306+0000][1][safepoint    ] Application time: 1.0007142 seconds
[2019-12-09T02:25:21.321+0000][1][safepoint    ] Entering safepoint region: Cleanup
[2019-12-09T02:25:21.321+0000][1][safepoint    ] Leaving safepoint region
[2019-12-09T02:25:21.321+0000][1][safepoint    ] Total time for which application threads were stopped: 0.0144986 seconds, Stopping threads took: 0.0144433 seconds
[2019-12-09T02:25:21.715+0000][1][safepoint    ] Application time: 0.3943649 seconds
[2019-12-09T02:25:21.715+0000][1][safepoint    ] Entering safepoint region: GenCollectForAllocation
[2019-12-09T02:25:21.715+0000][1][gc,start     ] GC(2) Pause Young (Allocation Failure)
[2019-12-09T02:25:21.715+0000][1][gc,task      ] GC(2) Using 2 workers of 2 for evacuation
[2019-12-09T02:25:21.782+0000][1][gc,age       ] GC(2) Desired survivor size 4456448 bytes, new threshold 6 (max threshold 6)
[2019-12-09T02:25:21.782+0000][1][gc,age       ] GC(2) Age table with threshold 6 (max threshold 6)
[2019-12-09T02:25:21.782+0000][1][gc,age       ] GC(2) - age   1:    1106344 bytes,    1106344 total
[2019-12-09T02:25:21.782+0000][1][gc,age       ] GC(2) - age   2:     951576 bytes,    2057920 total
[2019-12-09T02:25:21.782+0000][1][gc,heap      ] GC(2) ParNew: 74202K->2341K(78656K)
[2019-12-09T02:25:21.782+0000][1][gc,heap      ] GC(2) CMS: 7021K->7021K(174784K)
[2019-12-09T02:25:21.782+0000][1][gc,metaspace ] GC(2) Metaspace: 14972K->14972K(1062912K)
[2019-12-09T02:25:21.782+0000][1][gc           ] GC(2) Pause Young (Allocation Failure) 79M->9M(247M) 66.617ms
[2019-12-09T02:25:21.782+0000][1][gc,cpu       ] GC(2) User=0.02s Sys=0.00s Real=0.06s
[2019-12-09T02:25:21.782+0000][1][safepoint    ] Leaving safepoint region
[2019-12-09T02:25:21.782+0000][1][safepoint    ] Total time for which application threads were stopped: 0.0667457 seconds, Stopping threads took: 0.0000132 seconds
[2019-12-09T02:25:21.817+0000][1][safepoint    ] Application time: 0.0347434 seconds
[2019-12-09T02:25:21.845+0000][1][safepoint    ] Entering safepoint region: RevokeBias
[2019-12-09T02:25:21.845+0000][1][safepoint    ] Leaving safepoint region
[2019-12-09T02:25:21.845+0000][1][safepoint    ] Total time for which application threads were stopped: 0.0283418 seconds, Stopping threads took: 0.0282080 seconds
[2019-12-09T02:25:21.845+0000][1][safepoint    ] Application time: 0.0000794 seconds
[2019-12-09T02:25:21.845+0000][1][safepoint    ] Entering safepoint region: RevokeBias
[2019-12-09T02:25:21.845+0000][1][safepoint    ] Leaving safepoint region
[2019-12-09T02:25:21.845+0000][1][safepoint    ] Total time for which application threads were stopped: 0.0001135 seconds, Stopping threads took: 0.0000097 seconds
[2019-12-09T02:25:21.845+0000][1][safepoint    ] Application time: 0.0000722 seconds
[2019-12-09T02:25:21.845+0000][1][safepoint    ] Entering safepoint region: RevokeBias
[2019-12-09T02:25:21.845+0000][1][safepoint    ] Leaving safepoint region
[2019-12-09T02:25:21.845+0000][1][safepoint    ] Total time for which application threads were stopped: 0.0000881 seconds, Stopping threads took: 0.0000083 seconds
[2019-12-09T02:25:21.846+0000][1][safepoint    ] Application time: 0.0000497 seconds
[2019-12-09T02:25:21.846+0000][1][safepoint    ] Entering safepoint region: RevokeBias
[2019-12-09T02:25:21.846+0000][1][safepoint    ] Leaving safepoint region
[2019-12-09T02:25:21.846+0000][1][safepoint    ] Total time for which application threads were stopped: 0.0000814 seconds, Stopping threads took: 0.0000080 seconds
[2019-12-09T02:25:21.846+0000][1][safepoint    ] Application time: 0.0000761 seconds
[2019-12-09T02:25:21.846+0000][1][safepoint    ] Entering safepoint region: RevokeBias
[2019-12-09T02:25:21.846+0000][1][safepoint    ] Leaving safepoint region
[2019-12-09T02:25:21.846+0000][1][safepoint    ] Total time for which application threads were stopped: 0.0000872 seconds, Stopping threads took: 0.0000087 seconds
[2019-12-09T02:25:21.846+0000][1][safepoint    ] Application time: 0.0000559 seconds
[2019-12-09T02:25:21.846+0000][1][safepoint    ] Entering safepoint region: RevokeBias
[2019-12-09T02:25:21.846+0000][1][safepoint    ] Leaving safepoint region
[2019-12-09T02:25:21.846+0000][1][safepoint    ] Total time for which application threads were stopped: 0.0000716 seconds, Stopping threads took: 0.0000064 seconds
[2019-12-09T02:25:21.846+0000][1][safepoint    ] Application time: 0.0000474 seconds
[2019-12-09T02:25:21.846+0000][1][safepoint    ] Entering safepoint region: RevokeBias
[2019-12-09T02:25:21.846+0000][1][safepoint    ] Leaving safepoint region
[2019-12-09T02:25:21.846+0000][1][safepoint    ] Total time for which application threads were stopped: 0.0000729 seconds, Stopping threads took: 0.0000064 seconds
[2019-12-09T02:25:21.846+0000][1][safepoint    ] Application time: 0.0000437 seconds
[2019-12-09T02:25:21.846+0000][1][safepoint    ] Entering safepoint region: RevokeBias
[2019-12-09T02:25:21.846+0000][1][safepoint    ] Leaving safepoint region
[2019-12-09T02:25:21.846+0000][1][safepoint    ] Total time for which application threads were stopped: 0.0000719 seconds, Stopping threads took: 0.0000068 seconds
[2019-12-09T02:25:21.846+0000][1][safepoint    ] Application time: 0.0000460 seconds
[2019-12-09T02:25:21.846+0000][1][safepoint    ] Entering safepoint region: RevokeBias
[2019-12-09T02:25:21.846+0000][1][safepoint    ] Leaving safepoint region
[2019-12-09T02:25:21.846+0000][1][safepoint    ] Total time for which application threads were stopped: 0.0000818 seconds, Stopping threads took: 0.0000159 seconds
[2019-12-09T02:25:21.846+0000][1][safepoint    ] Application time: 0.0000429 seconds
[2019-12-09T02:25:21.846+0000][1][safepoint    ] Entering safepoint region: RevokeBias
[2019-12-09T02:25:21.846+0000][1][safepoint    ] Leaving safepoint region
[2019-12-09T02:25:21.846+0000][1][safepoint    ] Total time for which application threads were stopped: 0.0000702 seconds, Stopping threads took: 0.0000067 seconds
[2019-12-09T02:25:21.847+0000][1][safepoint    ] Application time: 0.0000458 seconds
[2019-12-09T02:25:21.847+0000][1][safepoint    ] Entering safepoint region: RevokeBias
[2019-12-09T02:25:21.847+0000][1][safepoint    ] Leaving safepoint region
[2019-12-09T02:25:21.847+0000][1][safepoint    ] Total time for which application threads were stopped: 0.0000742 seconds, Stopping threads took: 0.0000067 seconds
[2019-12-09T02:25:21.847+0000][1][safepoint    ] Application time: 0.0000544 seconds
[2019-12-09T02:25:21.847+0000][1][safepoint    ] Entering safepoint region: RevokeBias
[2019-12-09T02:25:21.847+0000][1][safepoint    ] Leaving safepoint region
[2019-12-09T02:25:21.847+0000][1][safepoint    ] Total time for which application threads were stopped: 0.0000747 seconds, Stopping threads took: 0.0000069 seconds
[2019-12-09T02:25:21.847+0000][1][safepoint    ] Application time: 0.0000469 seconds
[2019-12-09T02:25:21.847+0000][1][safepoint    ] Entering safepoint region: RevokeBias
[2019-12-09T02:25:21.847+0000][1][safepoint    ] Leaving safepoint region
[2019-12-09T02:25:21.847+0000][1][safepoint    ] Total time for which application threads were stopped: 0.0000726 seconds, Stopping threads took: 0.0000066 seconds
[2019-12-09T02:25:21.847+0000][1][safepoint    ] Application time: 0.0000427 seconds
[2019-12-09T02:25:21.847+0000][1][safepoint    ] Entering safepoint region: RevokeBias
[2019-12-09T02:25:21.847+0000][1][safepoint    ] Leaving safepoint region
[2019-12-09T02:25:21.847+0000][1][safepoint    ] Total time for which application threads were stopped: 0.0000718 seconds, Stopping threads took: 0.0000068 seconds
[2019-12-09T02:25:21.847+0000][1][safepoint    ] Application time: 0.0000459 seconds
[2019-12-09T02:25:21.847+0000][1][safepoint    ] Entering safepoint region: RevokeBias
[2019-12-09T02:25:21.847+0000][1][safepoint    ] Leaving safepoint region
[2019-12-09T02:25:21.847+0000][1][safepoint    ] Total time for which application threads were stopped: 0.0000726 seconds, Stopping threads took: 0.0000066 seconds
[2019-12-09T02:25:21.847+0000][1][safepoint    ] Application time: 0.0000431 seconds
[2019-12-09T02:25:21.847+0000][1][safepoint    ] Entering safepoint region: RevokeBias
[2019-12-09T02:25:21.847+0000][1][safepoint    ] Leaving safepoint region
[2019-12-09T02:25:21.847+0000][1][safepoint    ] Total time for which application threads were stopped: 0.0000725 seconds, Stopping threads took: 0.0000067 seconds
[2019-12-09T02:25:21.847+0000][1][safepoint    ] Application time: 0.0000459 seconds
[2019-12-09T02:25:21.847+0000][1][safepoint    ] Entering safepoint region: RevokeBias
[2019-12-09T02:25:21.847+0000][1][safepoint    ] Leaving safepoint region
[2019-12-09T02:25:21.847+0000][1][safepoint    ] Total time for which application threads were stopped: 0.0000721 seconds, Stopping threads took: 0.0000072 seconds
[2019-12-09T02:25:21.847+0000][1][safepoint    ] Application time: 0.0000427 seconds
[2019-12-09T02:25:21.847+0000][1][safepoint    ] Entering safepoint region: RevokeBias
[2019-12-09T02:25:21.848+0000][1][safepoint    ] Leaving safepoint region
[2019-12-09T02:25:21.848+0000][1][safepoint    ] Total time for which application threads were stopped: 0.0000721 seconds, Stopping threads took: 0.0000067 seconds
[2019-12-09T02:25:23.207+0000][1][safepoint    ] Application time: 1.3592147 seconds
[2019-12-09T02:25:23.216+0000][1][safepoint    ] Entering safepoint region: Deoptimize
[2019-12-09T02:25:23.216+0000][1][safepoint    ] Leaving safepoint region
[2019-12-09T02:25:23.216+0000][1][safepoint    ] Total time for which application threads were stopped: 0.0093716 seconds, Stopping threads took: 0.0089295 seconds
[2019-12-09T02:25:23.217+0000][1][safepoint    ] Application time: 0.0006141 seconds
[2019-12-09T02:25:23.217+0000][1][safepoint    ] Entering safepoint region: Deoptimize
[2019-12-09T02:25:23.217+0000][1][safepoint    ] Leaving safepoint region
[2019-12-09T02:25:23.217+0000][1][safepoint    ] Total time for which application threads were stopped: 0.0003440 seconds, Stopping threads took: 0.0000121 seconds
[2019-12-09T02:25:24.221+0000][1][safepoint    ] Application time: 1.0038820 seconds
[2019-12-09T02:25:24.288+0000][1][safepoint    ] Entering safepoint region: Cleanup
[2019-12-09T02:25:24.289+0000][1][safepoint    ] Leaving safepoint region
[2019-12-09T02:25:24.289+0000][1][safepoint    ] Total time for which application threads were stopped: 0.0674446 seconds, Stopping threads took: 0.0673731 seconds
[2019-12-09T02:25:25.020+0000][1][safepoint    ] Application time: 0.7311531 seconds
[2019-12-09T02:25:25.020+0000][1][safepoint    ] Entering safepoint region: RevokeBias
[2019-12-09T02:25:25.020+0000][1][safepoint    ] Leaving safepoint region
[2019-12-09T02:25:25.020+0000][1][safepoint    ] Total time for which application threads were stopped: 0.0001111 seconds, Stopping threads took: 0.0000123 seconds
[2019-12-09T02:25:25.142+0000][1][safepoint    ] Application time: 0.1218506 seconds
[2019-12-09T02:25:25.142+0000][1][safepoint    ] Entering safepoint region: RevokeBias
[2019-12-09T02:25:25.142+0000][1][safepoint    ] Leaving safepoint region
[2019-12-09T02:25:25.142+0000][1][safepoint    ] Total time for which application threads were stopped: 0.0000972 seconds, Stopping threads took: 0.0000136 seconds
[2019-12-09T02:25:25.163+0000][1][safepoint    ] Application time: 0.0208729 seconds
[2019-12-09T02:25:25.163+0000][1][safepoint    ] Entering safepoint region: RevokeBias
[2019-12-09T02:25:25.163+0000][1][safepoint    ] Leaving safepoint region
[2019-12-09T02:25:25.163+0000][1][safepoint    ] Total time for which application threads were stopped: 0.0000885 seconds, Stopping threads took: 0.0000139 seconds
[2019-12-09T02:25:25.813+0000][1][safepoint    ] Application time: 0.6500094 seconds
[2019-12-09T02:25:25.813+0000][1][safepoint    ] Entering safepoint region: GenCollectForAllocation
[2019-12-09T02:25:25.813+0000][1][gc,start     ] GC(3) Pause Young (Allocation Failure)
[2019-12-09T02:25:25.813+0000][1][gc,task      ] GC(3) Using 2 workers of 2 for evacuation
[2019-12-09T02:25:25.870+0000][1][gc,age       ] GC(3) Desired survivor size 4456448 bytes, new threshold 3 (max threshold 6)
[2019-12-09T02:25:25.870+0000][1][gc,age       ] GC(3) Age table with threshold 3 (max threshold 6)
[2019-12-09T02:25:25.870+0000][1][gc,age       ] GC(3) - age   1:    3209936 bytes,    3209936 total
[2019-12-09T02:25:25.870+0000][1][gc,age       ] GC(3) - age   2:    1090024 bytes,    4299960 total
[2019-12-09T02:25:25.870+0000][1][gc,age       ] GC(3) - age   3:     949528 bytes,    5249488 total
[2019-12-09T02:25:25.870+0000][1][gc,heap      ] GC(3) ParNew: 72293K->6607K(78656K)
[2019-12-09T02:25:25.870+0000][1][gc,heap      ] GC(3) CMS: 7021K->7021K(174784K)
[2019-12-09T02:25:25.870+0000][1][gc,metaspace ] GC(3) Metaspace: 18505K->18505K(1067008K)
[2019-12-09T02:25:25.870+0000][1][gc           ] GC(3) Pause Young (Allocation Failure) 77M->13M(247M) 57.389ms
[2019-12-09T02:25:25.870+0000][1][gc,cpu       ] GC(3) User=0.02s Sys=0.00s Real=0.06s
[2019-12-09T02:25:25.870+0000][1][safepoint    ] Leaving safepoint region
[2019-12-09T02:25:25.870+0000][1][safepoint    ] Total time for which application threads were stopped: 0.0575219 seconds, Stopping threads took: 0.0000139 seconds
[2019-12-09T02:25:25.881+0000][1][safepoint    ] Application time: 0.0101967 seconds
[2019-12-09T02:25:25.981+0000][1][safepoint    ] Entering safepoint region: BulkRevokeBias
[2019-12-09T02:25:25.981+0000][1][safepoint    ] Leaving safepoint region
[2019-12-09T02:25:25.981+0000][1][safepoint    ] Total time for which application threads were stopped: 0.1002943 seconds, Stopping threads took: 0.1001453 seconds
[2019-12-09T02:25:25.982+0000][1][safepoint    ] Application time: 0.0008152 seconds
[2019-12-09T02:25:25.982+0000][1][safepoint    ] Entering safepoint region: RevokeBias
[2019-12-09T02:25:25.982+0000][1][safepoint    ] Leaving safepoint region
[2019-12-09T02:25:25.982+0000][1][safepoint    ] Total time for which application threads were stopped: 0.0000702 seconds, Stopping threads took: 0.0000122 seconds
[2019-12-09T02:25:25.983+0000][1][safepoint    ] Application time: 0.0014290 seconds
[2019-12-09T02:25:25.983+0000][1][safepoint    ] Entering safepoint region: RevokeBias
[2019-12-09T02:25:25.983+0000][1][safepoint    ] Leaving safepoint region
[2019-12-09T02:25:25.983+0000][1][safepoint    ] Total time for which application threads were stopped: 0.0000564 seconds, Stopping threads took: 0.0000104 seconds
[2019-12-09T02:25:25.983+0000][1][safepoint    ] Application time: 0.0000540 seconds
[2019-12-09T02:25:25.983+0000][1][safepoint    ] Entering safepoint region: RevokeBias
[2019-12-09T02:25:25.984+0000][1][safepoint    ] Leaving safepoint region
[2019-12-09T02:25:25.984+0000][1][safepoint    ] Total time for which application threads were stopped: 0.0000384 seconds, Stopping threads took: 0.0000073 seconds
[2019-12-09T02:25:25.984+0000][1][safepoint    ] Application time: 0.0000667 seconds
[2019-12-09T02:25:25.984+0000][1][safepoint    ] Entering safepoint region: RevokeBias
[2019-12-09T02:25:25.984+0000][1][safepoint    ] Leaving safepoint region
[2019-12-09T02:25:25.984+0000][1][safepoint    ] Total time for which application threads were stopped: 0.0000377 seconds, Stopping threads took: 0.0000072 seconds
[2019-12-09T02:25:25.984+0000][1][safepoint    ] Application time: 0.0000600 seconds
[2019-12-09T02:25:25.984+0000][1][safepoint    ] Entering safepoint region: RevokeBias
[2019-12-09T02:25:25.984+0000][1][safepoint    ] Leaving safepoint region
[2019-12-09T02:25:25.984+0000][1][safepoint    ] Total time for which application threads were stopped: 0.0000380 seconds, Stopping threads took: 0.0000079 seconds
[2019-12-09T02:25:26.284+0000][1][safepoint    ] Application time: 0.2999556 seconds
[2019-12-09T02:25:26.284+0000][1][safepoint    ] Entering safepoint region: RevokeBias
[2019-12-09T02:25:26.284+0000][1][safepoint    ] Leaving safepoint region
[2019-12-09T02:25:26.284+0000][1][safepoint    ] Total time for which application threads were stopped: 0.0000893 seconds, Stopping threads took: 0.0000135 seconds
[2019-12-09T02:25:26.287+0000][1][safepoint    ] Application time: 0.0033983 seconds
[2019-12-09T02:25:26.287+0000][1][safepoint    ] Entering safepoint region: RevokeBias
[2019-12-09T02:25:26.287+0000][1][safepoint    ] Leaving safepoint region
[2019-12-09T02:25:26.287+0000][1][safepoint    ] Total time for which application threads were stopped: 0.0000788 seconds, Stopping threads took: 0.0000127 seconds
[2019-12-09T02:25:26.744+0000][1][safepoint    ] Application time: 0.4568854 seconds
[2019-12-09T02:25:26.744+0000][1][safepoint    ] Entering safepoint region: RevokeBias
[2019-12-09T02:25:26.744+0000][1][safepoint    ] Leaving safepoint region
[2019-12-09T02:25:26.744+0000][1][safepoint    ] Total time for which application threads were stopped: 0.0000813 seconds, Stopping threads took: 0.0000127 seconds
[2019-12-09T02:25:26.798+0000][1][safepoint    ] Application time: 0.0534760 seconds
[2019-12-09T02:25:26.798+0000][1][safepoint    ] Entering safepoint region: RevokeBias
[2019-12-09T02:25:26.798+0000][1][safepoint    ] Leaving safepoint region
[2019-12-09T02:25:26.798+0000][1][safepoint    ] Total time for which application threads were stopped: 0.0000851 seconds, Stopping threads took: 0.0000136 seconds
[2019-12-09T02:25:27.059+0000][1][safepoint    ] Application time: 0.2606880 seconds
[2019-12-09T02:25:27.059+0000][1][safepoint    ] Entering safepoint region: GenCollectForAllocation
[2019-12-09T02:25:27.059+0000][1][gc,start     ] GC(4) Pause Young (Allocation Failure)
[2019-12-09T02:25:27.059+0000][1][gc,task      ] GC(4) Using 2 workers of 2 for evacuation
[2019-12-09T02:25:27.229+0000][1][gc,age       ] GC(4) Desired survivor size 4456448 bytes, new threshold 2 (max threshold 6)
[2019-12-09T02:25:27.229+0000][1][gc,age       ] GC(4) Age table with threshold 2 (max threshold 6)
[2019-12-09T02:25:27.229+0000][1][gc,age       ] GC(4) - age   1:    1988848 bytes,    1988848 total
[2019-12-09T02:25:27.229+0000][1][gc,age       ] GC(4) - age   2:    2648184 bytes,    4637032 total
[2019-12-09T02:25:27.229+0000][1][gc,age       ] GC(4) - age   3:    1090024 bytes,    5727056 total
[2019-12-09T02:25:27.229+0000][1][gc,heap      ] GC(4) ParNew: 76559K->8321K(78656K)
[2019-12-09T02:25:27.229+0000][1][gc,heap      ] GC(4) CMS: 7021K->7962K(174784K)
[2019-12-09T02:25:27.229+0000][1][gc,metaspace ] GC(4) Metaspace: 18720K->18720K(1067008K)
[2019-12-09T02:25:27.230+0000][1][gc           ] GC(4) Pause Young (Allocation Failure) 81M->15M(247M) 170.703ms
[2019-12-09T02:25:27.230+0000][1][gc,cpu       ] GC(4) User=0.04s Sys=0.00s Real=0.17s
[2019-12-09T02:25:27.230+0000][1][safepoint    ] Leaving safepoint region
[2019-12-09T02:25:27.230+0000][1][safepoint    ] Total time for which application threads were stopped: 0.1708481 seconds, Stopping threads took: 0.0000259 seconds
[2019-12-09T02:25:27.232+0000][1][safepoint    ] Application time: 0.0022563 seconds
[2019-12-09T02:25:27.250+0000][1][safepoint    ] Entering safepoint region: RevokeBias
[2019-12-09T02:25:27.250+0000][1][safepoint    ] Leaving safepoint region
[2019-12-09T02:25:27.250+0000][1][safepoint    ] Total time for which application threads were stopped: 0.0180411 seconds, Stopping threads took: 0.0179578 seconds
[2019-12-09T02:25:27.250+0000][1][safepoint    ] Application time: 0.0000700 seconds
[2019-12-09T02:25:27.250+0000][1][safepoint    ] Entering safepoint region: RevokeBias
[2019-12-09T02:25:27.250+0000][1][safepoint    ] Leaving safepoint region
[2019-12-09T02:25:27.250+0000][1][safepoint    ] Total time for which application threads were stopped: 0.0000521 seconds, Stopping threads took: 0.0000094 seconds
[2019-12-09T02:25:27.250+0000][1][safepoint    ] Application time: 0.0000599 seconds
[2019-12-09T02:25:27.250+0000][1][safepoint    ] Entering safepoint region: RevokeBias
[2019-12-09T02:25:27.250+0000][1][safepoint    ] Leaving safepoint region
[2019-12-09T02:25:27.250+0000][1][safepoint    ] Total time for which application threads were stopped: 0.0000459 seconds, Stopping threads took: 0.0000079 seconds
[2019-12-09T02:25:27.250+0000][1][safepoint    ] Application time: 0.0000497 seconds
[2019-12-09T02:25:27.250+0000][1][safepoint    ] Entering safepoint region: RevokeBias
[2019-12-09T02:25:27.250+0000][1][safepoint    ] Leaving safepoint region
[2019-12-09T02:25:27.250+0000][1][safepoint    ] Total time for which application threads were stopped: 0.0000459 seconds, Stopping threads took: 0.0000082 seconds
[2019-12-09T02:25:27.262+0000][1][safepoint    ] Application time: 0.0113811 seconds
[2019-12-09T02:25:27.262+0000][1][safepoint    ] Entering safepoint region: RevokeBias
[2019-12-09T02:25:27.262+0000][1][safepoint    ] Leaving safepoint region
[2019-12-09T02:25:27.262+0000][1][safepoint    ] Total time for which application threads were stopped: 0.0000837 seconds, Stopping threads took: 0.0000147 seconds
[2019-12-09T02:25:27.264+0000][1][safepoint    ] Application time: 0.0018145 seconds
[2019-12-09T02:25:27.264+0000][1][safepoint    ] Entering safepoint region: RevokeBias
[2019-12-09T02:25:27.264+0000][1][safepoint    ] Leaving safepoint region
[2019-12-09T02:25:27.264+0000][1][safepoint    ] Total time for which application threads were stopped: 0.0000864 seconds, Stopping threads took: 0.0000112 seconds
[2019-12-09T02:25:27.341+0000][1][safepoint    ] Application time: 0.0769908 seconds
[2019-12-09T02:25:27.341+0000][1][safepoint    ] Entering safepoint region: Deoptimize
[2019-12-09T02:25:27.341+0000][1][safepoint    ] Leaving safepoint region
[2019-12-09T02:25:27.341+0000][1][safepoint    ] Total time for which application threads were stopped: 0.0004336 seconds, Stopping threads took: 0.0000134 seconds
[2019-12-09T02:25:27.771+0000][1][safepoint    ] Application time: 0.4300144 seconds
[2019-12-09T02:25:27.771+0000][1][safepoint    ] Entering safepoint region: Deoptimize
[2019-12-09T02:25:27.772+0000][1][safepoint    ] Leaving safepoint region
[2019-12-09T02:25:27.772+0000][1][safepoint    ] Total time for which application threads were stopped: 0.0004232 seconds, Stopping threads took: 0.0000138 seconds
[2019-12-09T02:25:28.916+0000][1][safepoint    ] Application time: 1.1440386 seconds
[2019-12-09T02:25:29.004+0000][1][safepoint    ] Entering safepoint region: Cleanup
[2019-12-09T02:25:29.004+0000][1][safepoint    ] Leaving safepoint region
[2019-12-09T02:25:29.004+0000][1][safepoint    ] Total time for which application threads were stopped: 0.0885128 seconds, Stopping threads took: 0.0884504 seconds
[2019-12-09T02:25:29.005+0000][1][safepoint    ] Application time: 0.0003996 seconds
[2019-12-09T02:25:29.005+0000][1][safepoint    ] Entering safepoint region: GenCollectForAllocation
[2019-12-09T02:25:29.005+0000][1][gc,start     ] GC(5) Pause Young (Allocation Failure)
[2019-12-09T02:25:29.005+0000][1][gc,task      ] GC(5) Using 2 workers of 2 for evacuation
[2019-12-09T02:25:29.134+0000][1][gc,age       ] GC(5) Desired survivor size 4456448 bytes, new threshold 6 (max threshold 6)
[2019-12-09T02:25:29.134+0000][1][gc,age       ] GC(5) Age table with threshold 6 (max threshold 6)
[2019-12-09T02:25:29.134+0000][1][gc,age       ] GC(5) - age   1:    2863360 bytes,    2863360 total
[2019-12-09T02:25:29.134+0000][1][gc,age       ] GC(5) - age   2:     442440 bytes,    3305800 total
[2019-12-09T02:25:29.134+0000][1][gc,heap      ] GC(5) ParNew: 78273K->5234K(78656K)
[2019-12-09T02:25:29.134+0000][1][gc,heap      ] GC(5) CMS: 7962K->11642K(174784K)
[2019-12-09T02:25:29.134+0000][1][gc,metaspace ] GC(5) Metaspace: 19055K->19055K(1067008K)
[2019-12-09T02:25:29.134+0000][1][gc           ] GC(5) Pause Young (Allocation Failure) 84M->16M(247M) 129.217ms
[2019-12-09T02:25:29.134+0000][1][gc,cpu       ] GC(5) User=0.02s Sys=0.00s Real=0.12s
[2019-12-09T02:25:29.134+0000][1][safepoint    ] Leaving safepoint region
[2019-12-09T02:25:29.134+0000][1][safepoint    ] Total time for which application threads were stopped: 0.1293477 seconds, Stopping threads took: 0.0000123 seconds
[2019-12-09T02:25:29.136+0000][1][safepoint    ] Application time: 0.0017172 seconds
[2019-12-09T02:25:29.136+0000][1][safepoint    ] Entering safepoint region: RevokeBias
[2019-12-09T02:25:29.136+0000][1][safepoint    ] Leaving safepoint region
[2019-12-09T02:25:29.136+0000][1][safepoint    ] Total time for which application threads were stopped: 0.0001259 seconds, Stopping threads took: 0.0000446 seconds
[2019-12-09T02:25:29.136+0000][1][safepoint    ] Application time: 0.0000643 seconds
[2019-12-09T02:25:29.136+0000][1][safepoint    ] Entering safepoint region: RevokeBias
[2019-12-09T02:25:29.136+0000][1][safepoint    ] Leaving safepoint region
[2019-12-09T02:25:29.136+0000][1][safepoint    ] Total time for which application threads were stopped: 0.0000590 seconds, Stopping threads took: 0.0000081 seconds
[2019-12-09T02:25:29.136+0000][1][safepoint    ] Application time: 0.0000607 seconds
[2019-12-09T02:25:29.136+0000][1][safepoint    ] Entering safepoint region: RevokeBias
[2019-12-09T02:25:29.136+0000][1][safepoint    ] Leaving safepoint region
[2019-12-09T02:25:29.136+0000][1][safepoint    ] Total time for which application threads were stopped: 0.0000578 seconds, Stopping threads took: 0.0000088 seconds
[2019-12-09T02:25:29.136+0000][1][safepoint    ] Application time: 0.0000532 seconds
[2019-12-09T02:25:29.136+0000][1][safepoint    ] Entering safepoint region: RevokeBias
[2019-12-09T02:25:29.136+0000][1][safepoint    ] Leaving safepoint region
[2019-12-09T02:25:29.136+0000][1][safepoint    ] Total time for which application threads were stopped: 0.0000557 seconds, Stopping threads took: 0.0000088 seconds
[2019-12-09T02:25:29.136+0000][1][safepoint    ] Application time: 0.0000548 seconds
[2019-12-09T02:25:29.136+0000][1][safepoint    ] Entering safepoint region: RevokeBias
[2019-12-09T02:25:29.136+0000][1][safepoint    ] Leaving safepoint region
[2019-12-09T02:25:29.136+0000][1][safepoint    ] Total time for which application threads were stopped: 0.0000567 seconds, Stopping threads took: 0.0000083 seconds
[2019-12-09T02:25:29.137+0000][1][safepoint    ] Application time: 0.0000551 seconds
[2019-12-09T02:25:29.137+0000][1][safepoint    ] Entering safepoint region: RevokeBias
[2019-12-09T02:25:29.137+0000][1][safepoint    ] Leaving safepoint region
[2019-12-09T02:25:29.137+0000][1][safepoint    ] Total time for which application threads were stopped: 0.0000495 seconds, Stopping threads took: 0.0000070 seconds
[2019-12-09T02:25:29.923+0000][1][safepoint    ] Application time: 0.7861617 seconds
[2019-12-09T02:25:29.923+0000][1][safepoint    ] Entering safepoint region: RevokeBias
[2019-12-09T02:25:29.923+0000][1][safepoint    ] Leaving safepoint region
[2019-12-09T02:25:29.923+0000][1][safepoint    ] Total time for which application threads were stopped: 0.0000646 seconds, Stopping threads took: 0.0000123 seconds
[2019-12-09T02:25:29.923+0000][1][safepoint    ] Application time: 0.0002021 seconds
[2019-12-09T02:25:29.923+0000][1][safepoint    ] Entering safepoint region: RevokeBias
[2019-12-09T02:25:29.923+0000][1][safepoint    ] Leaving safepoint region
[2019-12-09T02:25:29.923+0000][1][safepoint    ] Total time for which application threads were stopped: 0.0000447 seconds, Stopping threads took: 0.0000089 seconds
[2019-12-09T02:25:30.097+0000][1][safepoint    ] Application time: 0.1733992 seconds
[2019-12-09T02:25:30.097+0000][1][safepoint    ] Entering safepoint region: GenCollectForAllocation
[2019-12-09T02:25:30.097+0000][1][gc,start     ] GC(6) Pause Young (Allocation Failure)
[2019-12-09T02:25:30.097+0000][1][gc,task      ] GC(6) Using 2 workers of 2 for evacuation
[2019-12-09T02:25:30.151+0000][1][gc,age       ] GC(6) Desired survivor size 4456448 bytes, new threshold 6 (max threshold 6)
[2019-12-09T02:25:30.151+0000][1][gc,age       ] GC(6) Age table with threshold 6 (max threshold 6)
[2019-12-09T02:25:30.151+0000][1][gc,age       ] GC(6) - age   1:    1584336 bytes,    1584336 total
[2019-12-09T02:25:30.151+0000][1][gc,age       ] GC(6) - age   2:    2192440 bytes,    3776776 total
[2019-12-09T02:25:30.151+0000][1][gc,age       ] GC(6) - age   3:     442440 bytes,    4219216 total
[2019-12-09T02:25:30.151+0000][1][gc,heap      ] GC(6) ParNew: 75186K->7459K(78656K)
[2019-12-09T02:25:30.151+0000][1][gc,heap      ] GC(6) CMS: 11642K->11642K(174784K)
[2019-12-09T02:25:30.151+0000][1][gc,metaspace ] GC(6) Metaspace: 19360K->19360K(1067008K)
[2019-12-09T02:25:30.151+0000][1][gc           ] GC(6) Pause Young (Allocation Failure) 84M->18M(247M) 54.281ms
[2019-12-09T02:25:30.151+0000][1][gc,cpu       ] GC(6) User=0.02s Sys=0.00s Real=0.05s
[2019-12-09T02:25:30.151+0000][1][safepoint    ] Leaving safepoint region
[2019-12-09T02:25:30.151+0000][1][safepoint    ] Total time for which application threads were stopped: 0.0544076 seconds, Stopping threads took: 0.0000141 seconds
[2019-12-09T02:25:30.159+0000][1][safepoint    ] Application time: 0.0077978 seconds
[2019-12-09T02:25:30.200+0000][1][safepoint    ] Entering safepoint region: RevokeBias
[2019-12-09T02:25:30.200+0000][1][safepoint    ] Leaving safepoint region
[2019-12-09T02:25:30.200+0000][1][safepoint    ] Total time for which application threads were stopped: 0.0411028 seconds, Stopping threads took: 0.0410291 seconds
[2019-12-09T02:25:30.200+0000][1][safepoint    ] Application time: 0.0000732 seconds
[2019-12-09T02:25:30.200+0000][1][safepoint    ] Entering safepoint region: RevokeBias
[2019-12-09T02:25:30.200+0000][1][safepoint    ] Leaving safepoint region
[2019-12-09T02:25:30.200+0000][1][safepoint    ] Total time for which application threads were stopped: 0.0000483 seconds, Stopping threads took: 0.0000093 seconds
[2019-12-09T02:25:30.200+0000][1][safepoint    ] Application time: 0.0000661 seconds
[2019-12-09T02:25:30.200+0000][1][safepoint    ] Entering safepoint region: BulkRevokeBias
[2019-12-09T02:25:30.200+0000][1][safepoint    ] Leaving safepoint region
[2019-12-09T02:25:30.200+0000][1][safepoint    ] Total time for which application threads were stopped: 0.0000806 seconds, Stopping threads took: 0.0000089 seconds
[2019-12-09T02:25:30.200+0000][1][safepoint    ] Application time: 0.0000519 seconds
[2019-12-09T02:25:30.200+0000][1][safepoint    ] Entering safepoint region: BulkRevokeBias
[2019-12-09T02:25:30.200+0000][1][safepoint    ] Leaving safepoint region
[2019-12-09T02:25:30.200+0000][1][safepoint    ] Total time for which application threads were stopped: 0.0000655 seconds, Stopping threads took: 0.0000083 seconds
[2019-12-09T02:25:31.075+0000][1][safepoint    ] Application time: 0.8743487 seconds
[2019-12-09T02:25:31.075+0000][1][safepoint    ] Entering safepoint region: GenCollectForAllocation
[2019-12-09T02:25:31.075+0000][1][gc,start     ] GC(7) Pause Young (Allocation Failure)
[2019-12-09T02:25:31.075+0000][1][gc,task      ] GC(7) Using 2 workers of 2 for evacuation
[2019-12-09T02:25:31.194+0000][1][gc,age       ] GC(7) Desired survivor size 4456448 bytes, new threshold 6 (max threshold 6)
[2019-12-09T02:25:31.194+0000][1][gc,age       ] GC(7) Age table with threshold 6 (max threshold 6)
[2019-12-09T02:25:31.194+0000][1][gc,age       ] GC(7) - age   1:     396544 bytes,     396544 total
[2019-12-09T02:25:31.194+0000][1][gc,age       ] GC(7) - age   2:    1128824 bytes,    1525368 total
[2019-12-09T02:25:31.194+0000][1][gc,age       ] GC(7) - age   3:    2192360 bytes,    3717728 total
[2019-12-09T02:25:31.194+0000][1][gc,age       ] GC(7) - age   4:     442440 bytes,    4160168 total
[2019-12-09T02:25:31.194+0000][1][gc,heap      ] GC(7) ParNew: 77411K->5123K(78656K)
[2019-12-09T02:25:31.194+0000][1][gc,heap      ] GC(7) CMS: 11642K->11642K(174784K)
[2019-12-09T02:25:31.194+0000][1][gc,metaspace ] GC(7) Metaspace: 19640K->19640K(1067008K)
[2019-12-09T02:25:31.194+0000][1][gc           ] GC(7) Pause Young (Allocation Failure) 86M->16M(247M) 119.123ms
[2019-12-09T02:25:31.194+0000][1][gc,cpu       ] GC(7) User=0.03s Sys=0.00s Real=0.11s
[2019-12-09T02:25:31.194+0000][1][safepoint    ] Leaving safepoint region
[2019-12-09T02:25:31.194+0000][1][safepoint    ] Total time for which application threads were stopped: 0.1192568 seconds, Stopping threads took: 0.0000128 seconds
[2019-12-09T02:25:31.879+0000][1][safepoint    ] Application time: 0.6847943 seconds
[2019-12-09T02:25:31.879+0000][1][safepoint    ] Entering safepoint region: CollectForMetadataAllocation
[2019-12-09T02:25:31.879+0000][1][safepoint    ] Leaving safepoint region
[2019-12-09T02:25:31.879+0000][1][safepoint    ] Total time for which application threads were stopped: 0.0002290 seconds, Stopping threads took: 0.0000122 seconds
[2019-12-09T02:25:32.137+0000][1][safepoint    ] Application time: 0.2577417 seconds
[2019-12-09T02:25:32.137+0000][1][safepoint    ] Entering safepoint region: CollectForMetadataAllocation
[2019-12-09T02:25:32.137+0000][1][safepoint    ] Leaving safepoint region
[2019-12-09T02:25:32.137+0000][1][safepoint    ] Total time for which application threads were stopped: 0.0002198 seconds, Stopping threads took: 0.0000133 seconds
[2019-12-09T02:25:32.157+0000][1][safepoint    ] Application time: 0.0196304 seconds
[2019-12-09T02:25:32.231+0000][1][safepoint    ] Entering safepoint region: CollectForMetadataAllocation
[2019-12-09T02:25:32.231+0000][1][safepoint    ] Leaving safepoint region
[2019-12-09T02:25:32.231+0000][1][safepoint    ] Total time for which application threads were stopped: 0.0740178 seconds, Stopping threads took: 0.0739700 seconds
[2019-12-09T02:25:32.965+0000][1][safepoint    ] Application time: 0.7344500 seconds
[2019-12-09T02:25:32.965+0000][1][safepoint    ] Entering safepoint region: GenCollectForAllocation
[2019-12-09T02:25:32.965+0000][1][gc,start     ] GC(8) Pause Young (Allocation Failure)
[2019-12-09T02:25:32.965+0000][1][gc,task      ] GC(8) Using 2 workers of 2 for evacuation
[2019-12-09T02:25:33.031+0000][1][gc,age       ] GC(8) Desired survivor size 4456448 bytes, new threshold 4 (max threshold 6)
[2019-12-09T02:25:33.031+0000][1][gc,age       ] GC(8) Age table with threshold 4 (max threshold 6)
[2019-12-09T02:25:33.031+0000][1][gc,age       ] GC(8) - age   1:     977416 bytes,     977416 total
[2019-12-09T02:25:33.031+0000][1][gc,age       ] GC(8) - age   2:     378248 bytes,    1355664 total
[2019-12-09T02:25:33.031+0000][1][gc,age       ] GC(8) - age   3:    1128680 bytes,    2484344 total
[2019-12-09T02:25:33.031+0000][1][gc,age       ] GC(8) - age   4:    2190144 bytes,    4674488 total
[2019-12-09T02:25:33.031+0000][1][gc,age       ] GC(8) - age   5:     442440 bytes,    5116928 total
[2019-12-09T02:25:33.031+0000][1][gc,heap      ] GC(8) ParNew: 75075K->7080K(78656K)
[2019-12-09T02:25:33.031+0000][1][gc,heap      ] GC(8) CMS: 11642K->11642K(174784K)
[2019-12-09T02:25:33.031+0000][1][gc,metaspace ] GC(8) Metaspace: 20444K->20444K(1069056K)
[2019-12-09T02:25:33.031+0000][1][gc           ] GC(8) Pause Young (Allocation Failure) 84M->18M(247M) 65.809ms
[2019-12-09T02:25:33.031+0000][1][gc,cpu       ] GC(8) User=0.01s Sys=0.00s Real=0.06s
[2019-12-09T02:25:33.031+0000][1][safepoint    ] Leaving safepoint region
[2019-12-09T02:25:33.031+0000][1][safepoint    ] Total time for which application threads were stopped: 0.0659416 seconds, Stopping threads took: 0.0000135 seconds
[2019-12-09T02:25:33.035+0000][1][safepoint    ] Application time: 0.0034953 seconds
[2019-12-09T02:25:33.064+0000][1][safepoint    ] Entering safepoint region: CMS_Initial_Mark
[2019-12-09T02:25:33.064+0000][1][gc,start     ] GC(9) Pause Initial Mark
[2019-12-09T02:25:33.068+0000][1][gc           ] GC(9) Pause Initial Mark 22M->22M(247M) 3.862ms
[2019-12-09T02:25:33.068+0000][1][gc,cpu       ] GC(9) User=0.00s Sys=0.00s Real=0.01s
[2019-12-09T02:25:33.068+0000][1][safepoint    ] Leaving safepoint region
[2019-12-09T02:25:33.068+0000][1][safepoint    ] Total time for which application threads were stopped: 0.0330562 seconds, Stopping threads took: 0.0290941 seconds
[2019-12-09T02:25:33.070+0000][1][gc           ] GC(9) Concurrent Mark
[2019-12-09T02:25:33.224+0000][1][gc           ] GC(9) Concurrent Mark 154.416ms
[2019-12-09T02:25:33.224+0000][1][gc,cpu       ] GC(9) User=0.06s Sys=0.00s Real=0.15s
[2019-12-09T02:25:33.224+0000][1][gc           ] GC(9) Concurrent Preclean
[2019-12-09T02:25:33.225+0000][1][gc           ] GC(9) Concurrent Preclean 0.459ms
[2019-12-09T02:25:33.225+0000][1][gc,cpu       ] GC(9) User=0.00s Sys=0.00s Real=0.01s
[2019-12-09T02:25:33.225+0000][1][gc           ] GC(9) Concurrent Abortable Preclean
[2019-12-09T02:25:33.394+0000][1][safepoint    ] Application time: 0.3262664 seconds
[2019-12-09T02:25:33.394+0000][1][safepoint    ] Entering safepoint region: RevokeBias
[2019-12-09T02:25:33.394+0000][1][safepoint    ] Leaving safepoint region
[2019-12-09T02:25:33.394+0000][1][safepoint    ] Total time for which application threads were stopped: 0.0000662 seconds, Stopping threads took: 0.0000139 seconds
[2019-12-09T02:25:33.395+0000][1][safepoint    ] Application time: 0.0003745 seconds
[2019-12-09T02:25:33.395+0000][1][safepoint    ] Entering safepoint region: RevokeBias
[2019-12-09T02:25:33.395+0000][1][safepoint    ] Leaving safepoint region
[2019-12-09T02:25:33.395+0000][1][safepoint    ] Total time for which application threads were stopped: 0.0000573 seconds, Stopping threads took: 0.0000118 seconds
[2019-12-09T02:25:33.395+0000][1][safepoint    ] Application time: 0.0006263 seconds
[2019-12-09T02:25:33.395+0000][1][safepoint    ] Entering safepoint region: RevokeBias
[2019-12-09T02:25:33.395+0000][1][safepoint    ] Leaving safepoint region
[2019-12-09T02:25:33.395+0000][1][safepoint    ] Total time for which application threads were stopped: 0.0000564 seconds, Stopping threads took: 0.0000124 seconds
[2019-12-09T02:25:33.411+0000][1][safepoint    ] Application time: 0.0159432 seconds
[2019-12-09T02:25:33.411+0000][1][safepoint    ] Entering safepoint region: RevokeBias
[2019-12-09T02:25:33.411+0000][1][safepoint    ] Leaving safepoint region
[2019-12-09T02:25:33.411+0000][1][safepoint    ] Total time for which application threads were stopped: 0.0000643 seconds, Stopping threads took: 0.0000203 seconds
[2019-12-09T02:25:33.412+0000][1][safepoint    ] Application time: 0.0004069 seconds
[2019-12-09T02:25:33.412+0000][1][safepoint    ] Entering safepoint region: RevokeBias
[2019-12-09T02:25:33.412+0000][1][safepoint    ] Leaving safepoint region
[2019-12-09T02:25:33.412+0000][1][safepoint    ] Total time for which application threads were stopped: 0.0000512 seconds, Stopping threads took: 0.0000106 seconds
[2019-12-09T02:25:33.413+0000][1][safepoint    ] Application time: 0.0007294 seconds
[2019-12-09T02:25:33.413+0000][1][safepoint    ] Entering safepoint region: RevokeBias
[2019-12-09T02:25:33.413+0000][1][safepoint    ] Leaving safepoint region
[2019-12-09T02:25:33.413+0000][1][safepoint    ] Total time for which application threads were stopped: 0.0000627 seconds, Stopping threads took: 0.0000106 seconds
[2019-12-09T02:25:33.477+0000][1][safepoint    ] Application time: 0.0640423 seconds
[2019-12-09T02:25:33.477+0000][1][safepoint    ] Entering safepoint region: RevokeBias
[2019-12-09T02:25:33.477+0000][1][safepoint    ] Leaving safepoint region
[2019-12-09T02:25:33.477+0000][1][safepoint    ] Total time for which application threads were stopped: 0.0000779 seconds, Stopping threads took: 0.0000162 seconds
[2019-12-09T02:25:33.478+0000][1][safepoint    ] Application time: 0.0009919 seconds
[2019-12-09T02:25:33.478+0000][1][safepoint    ] Entering safepoint region: RevokeBias
[2019-12-09T02:25:33.478+0000][1][safepoint    ] Leaving safepoint region
[2019-12-09T02:25:33.478+0000][1][safepoint    ] Total time for which application threads were stopped: 0.0000615 seconds, Stopping threads took: 0.0000126 seconds
[2019-12-09T02:25:33.498+0000][1][safepoint    ] Application time: 0.0200701 seconds
[2019-12-09T02:25:33.498+0000][1][safepoint    ] Entering safepoint region: RevokeBias
[2019-12-09T02:25:33.498+0000][1][safepoint    ] Leaving safepoint region
[2019-12-09T02:25:33.498+0000][1][safepoint    ] Total time for which application threads were stopped: 0.0000691 seconds, Stopping threads took: 0.0000140 seconds
[2019-12-09T02:25:34.403+0000][1][safepoint    ] Application time: 0.9044501 seconds
[2019-12-09T02:25:34.403+0000][1][safepoint    ] Entering safepoint region: GenCollectForAllocation
[2019-12-09T02:25:34.403+0000][1][gc,start     ] GC(10) Pause Young (Allocation Failure)
[2019-12-09T02:25:34.403+0000][1][gc,task      ] GC(10) Using 2 workers of 2 for evacuation
[2019-12-09T02:25:34.531+0000][1][gc           ] GC(9) Concurrent Abortable Preclean 1306.212ms
[2019-12-09T02:25:34.531+0000][1][gc,cpu       ] GC(9) User=0.35s Sys=0.01s Real=1.30s
[2019-12-09T02:25:34.532+0000][1][gc,age       ] GC(10) Desired survivor size 4456448 bytes, new threshold 6 (max threshold 6)
[2019-12-09T02:25:34.532+0000][1][gc,age       ] GC(10) Age table with threshold 6 (max threshold 6)
[2019-12-09T02:25:34.532+0000][1][gc,age       ] GC(10) - age   1:    1252432 bytes,    1252432 total
[2019-12-09T02:25:34.532+0000][1][gc,age       ] GC(10) - age   2:     632520 bytes,    1884952 total
[2019-12-09T02:25:34.532+0000][1][gc,age       ] GC(10) - age   3:     378248 bytes,    2263200 total
[2019-12-09T02:25:34.532+0000][1][gc,age       ] GC(10) - age   4:    1128680 bytes,    3391880 total
[2019-12-09T02:25:34.532+0000][1][gc,heap      ] GC(10) ParNew: 77032K->4632K(78656K)
[2019-12-09T02:25:34.532+0000][1][gc,heap      ] GC(10) CMS: 11642K->14231K(174784K)
[2019-12-09T02:25:34.532+0000][1][gc,metaspace ] GC(10) Metaspace: 20549K->20549K(1069056K)
[2019-12-09T02:25:34.532+0000][1][gc           ] GC(10) Pause Young (Allocation Failure) 86M->18M(247M) 129.240ms
[2019-12-09T02:25:34.532+0000][1][gc,cpu       ] GC(10) User=0.03s Sys=0.00s Real=0.13s
[2019-12-09T02:25:34.532+0000][1][safepoint    ] Leaving safepoint region
[2019-12-09T02:25:34.532+0000][1][safepoint    ] Total time for which application threads were stopped: 0.1293725 seconds, Stopping threads took: 0.0000130 seconds
[2019-12-09T02:25:34.546+0000][1][safepoint    ] Application time: 0.0136886 seconds
[2019-12-09T02:25:34.546+0000][1][safepoint    ] Entering safepoint region: CMS_Final_Remark
[2019-12-09T02:25:34.546+0000][1][gc,start     ] GC(9) Pause Remark
[2019-12-09T02:25:34.646+0000][1][gc           ] GC(9) Pause Remark 21M->21M(247M) 100.283ms
[2019-12-09T02:25:34.646+0000][1][gc,cpu       ] GC(9) User=0.02s Sys=0.00s Real=0.10s
[2019-12-09T02:25:34.646+0000][1][safepoint    ] Leaving safepoint region
[2019-12-09T02:25:34.646+0000][1][safepoint    ] Total time for which application threads were stopped: 0.1004005 seconds, Stopping threads took: 0.0000137 seconds
[2019-12-09T02:25:34.649+0000][1][gc           ] GC(9) Concurrent Sweep
[2019-12-09T02:25:34.701+0000][1][gc           ] GC(9) Concurrent Sweep 52.266ms
[2019-12-09T02:25:34.701+0000][1][gc,cpu       ] GC(9) User=0.02s Sys=0.00s Real=0.05s
[2019-12-09T02:25:34.701+0000][1][gc           ] GC(9) Concurrent Reset
[2019-12-09T02:25:34.701+0000][1][gc           ] GC(9) Concurrent Reset 0.344ms
[2019-12-09T02:25:34.701+0000][1][gc,cpu       ] GC(9) User=0.00s Sys=0.00s Real=0.00s
[2019-12-09T02:25:34.701+0000][1][gc,heap      ] GC(9) Old: 11642K->14206K(174784K)
[2019-12-09T02:25:35.597+0000][1][safepoint    ] Application time: 0.9506245 seconds
[2019-12-09T02:25:35.597+0000][1][safepoint    ] Entering safepoint region: GenCollectForAllocation
[2019-12-09T02:25:35.597+0000][1][gc,start     ] GC(11) Pause Young (Allocation Failure)
[2019-12-09T02:25:35.597+0000][1][gc,task      ] GC(11) Using 2 workers of 2 for evacuation
[2019-12-09T02:25:35.673+0000][1][gc,age       ] GC(11) Desired survivor size 4456448 bytes, new threshold 6 (max threshold 6)
[2019-12-09T02:25:35.673+0000][1][gc,age       ] GC(11) Age table with threshold 6 (max threshold 6)
[2019-12-09T02:25:35.673+0000][1][gc,age       ] GC(11) - age   1:    1004928 bytes,    1004928 total
[2019-12-09T02:25:35.673+0000][1][gc,age       ] GC(11) - age   2:      98112 bytes,    1103040 total
[2019-12-09T02:25:35.673+0000][1][gc,age       ] GC(11) - age   3:     632472 bytes,    1735512 total
[2019-12-09T02:25:35.673+0000][1][gc,age       ] GC(11) - age   4:     378144 bytes,    2113656 total
[2019-12-09T02:25:35.673+0000][1][gc,age       ] GC(11) - age   5:    1128392 bytes,    3242048 total
[2019-12-09T02:25:35.673+0000][1][gc,heap      ] GC(11) ParNew: 74584K->5463K(78656K)
[2019-12-09T02:25:35.673+0000][1][gc,heap      ] GC(11) CMS: 14206K->14206K(174784K)
[2019-12-09T02:25:35.673+0000][1][gc,metaspace ] GC(11) Metaspace: 20636K->20636K(1069056K)
[2019-12-09T02:25:35.673+0000][1][gc           ] GC(11) Pause Young (Allocation Failure) 86M->19M(247M) 76.107ms
[2019-12-09T02:25:35.673+0000][1][gc,cpu       ] GC(11) User=0.01s Sys=0.00s Real=0.07s
[2019-12-09T02:25:35.673+0000][1][safepoint    ] Leaving safepoint region
[2019-12-09T02:25:35.673+0000][1][safepoint    ] Total time for which application threads were stopped: 0.0766366 seconds, Stopping threads took: 0.0000128 seconds
[2019-12-09T02:25:36.563+0000][1][safepoint    ] Application time: 0.8893330 seconds
[2019-12-09T02:25:36.563+0000][1][safepoint    ] Entering safepoint region: Deoptimize
[2019-12-09T02:25:36.563+0000][1][safepoint    ] Leaving safepoint region
[2019-12-09T02:25:36.563+0000][1][safepoint    ] Total time for which application threads were stopped: 0.0004070 seconds, Stopping threads took: 0.0000143 seconds
[2019-12-09T02:25:37.566+0000][1][safepoint    ] Application time: 1.0024926 seconds
[2019-12-09T02:25:37.613+0000][1][safepoint    ] Entering safepoint region: Cleanup
[2019-12-09T02:25:37.613+0000][1][safepoint    ] Leaving safepoint region
[2019-12-09T02:25:37.613+0000][1][safepoint    ] Total time for which application threads were stopped: 0.0470591 seconds, Stopping threads took: 0.0469978 seconds
[2019-12-09T02:25:38.159+0000][1][safepoint    ] Application time: 0.5464326 seconds
[2019-12-09T02:25:38.159+0000][1][safepoint    ] Entering safepoint region: GenCollectForAllocation
[2019-12-09T02:25:38.160+0000][1][gc,start     ] GC(12) Pause Young (Allocation Failure)
[2019-12-09T02:25:38.160+0000][1][gc,task      ] GC(12) Using 2 workers of 2 for evacuation
[2019-12-09T02:25:38.254+0000][1][gc,age       ] GC(12) Desired survivor size 4456448 bytes, new threshold 6 (max threshold 6)
[2019-12-09T02:25:38.254+0000][1][gc,age       ] GC(12) Age table with threshold 6 (max threshold 6)
[2019-12-09T02:25:38.254+0000][1][gc,age       ] GC(12) - age   1:    1041856 bytes,    1041856 total
[2019-12-09T02:25:38.254+0000][1][gc,age       ] GC(12) - age   2:     306048 bytes,    1347904 total
[2019-12-09T02:25:38.254+0000][1][gc,age       ] GC(12) - age   3:      98112 bytes,    1446016 total
[2019-12-09T02:25:38.254+0000][1][gc,age       ] GC(12) - age   4:     632408 bytes,    2078424 total
[2019-12-09T02:25:38.254+0000][1][gc,age       ] GC(12) - age   5:     378144 bytes,    2456568 total
[2019-12-09T02:25:38.254+0000][1][gc,age       ] GC(12) - age   6:    1128392 bytes,    3584960 total
[2019-12-09T02:25:38.254+0000][1][gc,heap      ] GC(12) ParNew: 75415K->4195K(78656K)
[2019-12-09T02:25:38.254+0000][1][gc,heap      ] GC(12) CMS: 14206K->14206K(174784K)
[2019-12-09T02:25:38.254+0000][1][gc,metaspace ] GC(12) Metaspace: 22892K->22892K(1071104K)
[2019-12-09T02:25:38.254+0000][1][gc           ] GC(12) Pause Young (Allocation Failure) 87M->17M(247M) 94.468ms
[2019-12-09T02:25:38.254+0000][1][gc,cpu       ] GC(12) User=0.02s Sys=0.00s Real=0.09s
[2019-12-09T02:25:38.254+0000][1][safepoint    ] Leaving safepoint region
[2019-12-09T02:25:38.254+0000][1][safepoint    ] Total time for which application threads were stopped: 0.0947642 seconds, Stopping threads took: 0.0000215 seconds
[2019-12-09T02:25:39.221+0000][1][safepoint    ] Application time: 0.9666378 seconds
[2019-12-09T02:25:39.221+0000][1][safepoint    ] Entering safepoint region: Deoptimize
[2019-12-09T02:25:39.221+0000][1][safepoint    ] Leaving safepoint region
[2019-12-09T02:25:39.221+0000][1][safepoint    ] Total time for which application threads were stopped: 0.0004318 seconds, Stopping threads took: 0.0000148 seconds
[2019-12-09T02:25:40.087+0000][1][safepoint    ] Application time: 0.8655199 seconds
[2019-12-09T02:25:40.087+0000][1][safepoint    ] Entering safepoint region: Deoptimize
[2019-12-09T02:25:40.087+0000][1][safepoint    ] Leaving safepoint region
[2019-12-09T02:25:40.087+0000][1][safepoint    ] Total time for which application threads were stopped: 0.0004222 seconds, Stopping threads took: 0.0000131 seconds
[2019-12-09T02:25:40.184+0000][1][safepoint    ] Application time: 0.0968734 seconds
[2019-12-09T02:25:40.184+0000][1][safepoint    ] Entering safepoint region: Deoptimize
[2019-12-09T02:25:40.185+0000][1][safepoint    ] Leaving safepoint region
[2019-12-09T02:25:40.185+0000][1][safepoint    ] Total time for which application threads were stopped: 0.0004422 seconds, Stopping threads took: 0.0000153 seconds
[2019-12-09T02:25:40.216+0000][1][safepoint    ] Application time: 0.0316304 seconds
[2019-12-09T02:25:40.216+0000][1][safepoint    ] Entering safepoint region: Deoptimize
[2019-12-09T02:25:40.217+0000][1][safepoint    ] Leaving safepoint region
[2019-12-09T02:25:40.217+0000][1][safepoint    ] Total time for which application threads were stopped: 0.0004272 seconds, Stopping threads took: 0.0000137 seconds
[2019-12-09T02:25:41.224+0000][1][safepoint    ] Application time: 1.0070706 seconds
[2019-12-09T02:25:41.307+0000][1][safepoint    ] Entering safepoint region: Cleanup
[2019-12-09T02:25:41.307+0000][1][safepoint    ] Leaving safepoint region
[2019-12-09T02:25:41.307+0000][1][safepoint    ] Total time for which application threads were stopped: 0.0830508 seconds, Stopping threads took: 0.0829853 seconds
[2019-12-09T02:25:42.308+0000][1][safepoint    ] Application time: 1.0008930 seconds
[2019-12-09T02:25:42.315+0000][1][safepoint    ] Entering safepoint region: Cleanup
[2019-12-09T02:25:42.315+0000][1][safepoint    ] Leaving safepoint region
[2019-12-09T02:25:42.315+0000][1][safepoint    ] Total time for which application threads were stopped: 0.0073007 seconds, Stopping threads took: 0.0070663 seconds
[2019-12-09T02:25:43.316+0000][1][safepoint    ] Application time: 1.0007100 seconds
[2019-12-09T02:25:43.461+0000][1][safepoint    ] Entering safepoint region: Cleanup
[2019-12-09T02:25:43.461+0000][1][safepoint    ] Leaving safepoint region
[2019-12-09T02:25:43.461+0000][1][safepoint    ] Total time for which application threads were stopped: 0.1450336 seconds, Stopping threads took: 0.1449519 seconds
[2019-12-09T02:25:44.466+0000][1][safepoint    ] Application time: 1.0048602 seconds
[2019-12-09T02:25:44.502+0000][1][safepoint    ] Entering safepoint region: Cleanup
[2019-12-09T02:25:44.503+0000][1][safepoint    ] Leaving safepoint region
[2019-12-09T02:25:44.503+0000][1][safepoint    ] Total time for which application threads were stopped: 0.0368159 seconds, Stopping threads took: 0.0367603 seconds
[2019-12-09T02:25:45.520+0000][1][safepoint    ] Application time: 1.0171376 seconds
[2019-12-09T02:25:45.594+0000][1][safepoint    ] Entering safepoint region: Cleanup
[2019-12-09T02:25:45.594+0000][1][safepoint    ] Leaving safepoint region
[2019-12-09T02:25:45.594+0000][1][safepoint    ] Total time for which application threads were stopped: 0.0740927 seconds, Stopping threads took: 0.0740354 seconds
[2019-12-09T02:25:46.394+0000][1][safepoint    ] Application time: 0.7998782 seconds
[2019-12-09T02:25:46.394+0000][1][safepoint    ] Entering safepoint region: GenCollectForAllocation
[2019-12-09T02:25:46.394+0000][1][gc,start     ] GC(13) Pause Young (Allocation Failure)
[2019-12-09T02:25:46.394+0000][1][gc,task      ] GC(13) Using 2 workers of 2 for evacuation
[2019-12-09T02:25:46.862+0000][1][gc,age       ] GC(13) Desired survivor size 4456448 bytes, new threshold 1 (max threshold 6)
[2019-12-09T02:25:46.862+0000][1][gc,age       ] GC(13) Age table with threshold 1 (max threshold 6)
[2019-12-09T02:25:46.862+0000][1][gc,age       ] GC(13) - age   1:    6766512 bytes,    6766512 total
[2019-12-09T02:25:46.862+0000][1][gc,age       ] GC(13) - age   2:     737208 bytes,    7503720 total
[2019-12-09T02:25:46.862+0000][1][gc,age       ] GC(13) - age   3:     305784 bytes,    7809504 total
[2019-12-09T02:25:46.862+0000][1][gc,age       ] GC(13) - age   4:      97960 bytes,    7907464 total
[2019-12-09T02:25:46.862+0000][1][gc,age       ] GC(13) - age   5:     629224 bytes,    8536688 total
[2019-12-09T02:25:46.862+0000][1][gc,age       ] GC(13) - age   6:     375952 bytes,    8912640 total
[2019-12-09T02:25:46.862+0000][1][gc,heap      ] GC(13) ParNew: 74147K->8704K(78656K)
[2019-12-09T02:25:46.862+0000][1][gc,heap      ] GC(13) CMS: 14206K->21410K(174784K)
[2019-12-09T02:25:46.862+0000][1][gc,metaspace ] GC(13) Metaspace: 27216K->27216K(1075200K)
[2019-12-09T02:25:46.862+0000][1][gc           ] GC(13) Pause Young (Allocation Failure) 86M->29M(247M) 468.617ms
[2019-12-09T02:25:46.863+0000][1][gc,cpu       ] GC(13) User=0.08s Sys=0.00s Real=0.47s
[2019-12-09T02:25:46.863+0000][1][safepoint    ] Leaving safepoint region
[2019-12-09T02:25:46.863+0000][1][safepoint    ] Total time for which application threads were stopped: 0.4687690 seconds, Stopping threads took: 0.0000277 seconds
[2019-12-09T02:25:47.866+0000][1][safepoint    ] Application time: 1.0031586 seconds
[2019-12-09T02:25:47.877+0000][1][safepoint    ] Entering safepoint region: Cleanup
[2019-12-09T02:25:47.877+0000][1][safepoint    ] Leaving safepoint region
[2019-12-09T02:25:47.877+0000][1][safepoint    ] Total time for which application threads were stopped: 0.0111493 seconds, Stopping threads took: 0.0110961 seconds
[2019-12-09T02:25:48.888+0000][1][safepoint    ] Application time: 1.0108251 seconds
[2019-12-09T02:25:48.946+0000][1][safepoint    ] Entering safepoint region: Cleanup
[2019-12-09T02:25:48.946+0000][1][safepoint    ] Leaving safepoint region
[2019-12-09T02:25:48.946+0000][1][safepoint    ] Total time for which application threads were stopped: 0.0580477 seconds, Stopping threads took: 0.0580001 seconds
[2019-12-09T02:25:49.616+0000][1][safepoint    ] Application time: 0.6699061 seconds
[2019-12-09T02:25:49.616+0000][1][safepoint    ] Entering safepoint region: RevokeBias
[2019-12-09T02:25:49.616+0000][1][safepoint    ] Leaving safepoint region
[2019-12-09T02:25:49.616+0000][1][safepoint    ] Total time for which application threads were stopped: 0.0000939 seconds, Stopping threads took: 0.0000150 seconds
[2019-12-09T02:25:50.502+0000][1][safepoint    ] Application time: 0.8858364 seconds
[2019-12-09T02:25:50.502+0000][1][safepoint    ] Entering safepoint region: GenCollectForAllocation
[2019-12-09T02:25:50.502+0000][1][gc,start     ] GC(14) Pause Young (Allocation Failure)
[2019-12-09T02:25:50.502+0000][1][gc,task      ] GC(14) Using 2 workers of 2 for evacuation
[2019-12-09T02:25:50.971+0000][1][gc,age       ] GC(14) Desired survivor size 4456448 bytes, new threshold 1 (max threshold 6)
[2019-12-09T02:25:50.971+0000][1][gc,age       ] GC(14) Age table with threshold 1 (max threshold 6)
[2019-12-09T02:25:50.971+0000][1][gc,age       ] GC(14) - age   1:    8912416 bytes,    8912416 total
[2019-12-09T02:25:50.971+0000][1][gc,heap      ] GC(14) ParNew: 78656K->8704K(78656K)
[2019-12-09T02:25:50.971+0000][1][gc,heap      ] GC(14) CMS: 21410K->34863K(174784K)
[2019-12-09T02:25:50.971+0000][1][gc,metaspace ] GC(14) Metaspace: 27299K->27299K(1075200K)
[2019-12-09T02:25:50.971+0000][1][gc           ] GC(14) Pause Young (Allocation Failure) 97M->42M(247M) 469.418ms
[2019-12-09T02:25:50.971+0000][1][gc,cpu       ] GC(14) User=0.12s Sys=0.00s Real=0.47s
[2019-12-09T02:25:50.971+0000][1][safepoint    ] Leaving safepoint region
[2019-12-09T02:25:50.971+0000][1][safepoint    ] Total time for which application threads were stopped: 0.4695883 seconds, Stopping threads took: 0.0000142 seconds
[2019-12-09T02:25:51.977+0000][1][safepoint    ] Application time: 1.0053359 seconds
[2019-12-09T02:25:52.035+0000][1][safepoint    ] Entering safepoint region: Cleanup
[2019-12-09T02:25:52.035+0000][1][safepoint    ] Leaving safepoint region
[2019-12-09T02:25:52.035+0000][1][safepoint    ] Total time for which application threads were stopped: 0.0580853 seconds, Stopping threads took: 0.0580329 seconds
[2019-12-09T02:25:54.046+0000][1][safepoint    ] Application time: 2.0108712 seconds
[2019-12-09T02:25:54.046+0000][1][safepoint    ] Entering safepoint region: Cleanup
[2019-12-09T02:25:54.046+0000][1][safepoint    ] Leaving safepoint region
[2019-12-09T02:25:54.046+0000][1][safepoint    ] Total time for which application threads were stopped: 0.0001051 seconds, Stopping threads took: 0.0000570 seconds
[2019-12-09T02:25:55.050+0000][1][safepoint    ] Application time: 1.0038518 seconds
[2019-12-09T02:25:55.057+0000][1][safepoint    ] Entering safepoint region: Cleanup
[2019-12-09T02:25:55.057+0000][1][safepoint    ] Leaving safepoint region
[2019-12-09T02:25:55.057+0000][1][safepoint    ] Total time for which application threads were stopped: 0.0070565 seconds, Stopping threads took: 0.0069763 seconds
[2019-12-09T02:25:55.434+0000][1][safepoint    ] Application time: 0.3771450 seconds
[2019-12-09T02:25:55.434+0000][1][safepoint    ] Entering safepoint region: GenCollectForAllocation
[2019-12-09T02:25:55.434+0000][1][gc,start     ] GC(15) Pause Young (Allocation Failure)
[2019-12-09T02:25:55.434+0000][1][gc,task      ] GC(15) Using 2 workers of 2 for evacuation
[2019-12-09T02:25:55.766+0000][1][gc,age       ] GC(15) Desired survivor size 4456448 bytes, new threshold 1 (max threshold 6)
[2019-12-09T02:25:55.766+0000][1][gc,age       ] GC(15) Age table with threshold 1 (max threshold 6)
[2019-12-09T02:25:55.766+0000][1][gc,age       ] GC(15) - age   1:    7870192 bytes,    7870192 total
[2019-12-09T02:25:55.766+0000][1][gc,heap      ] GC(15) ParNew: 78656K->8704K(78656K)
[2019-12-09T02:25:55.766+0000][1][gc,heap      ] GC(15) CMS: 34863K->46954K(174784K)
[2019-12-09T02:25:55.766+0000][1][gc,metaspace ] GC(15) Metaspace: 29453K->29453K(1077248K)
[2019-12-09T02:25:55.766+0000][1][gc           ] GC(15) Pause Young (Allocation Failure) 110M->54M(247M) 332.160ms
[2019-12-09T02:25:55.766+0000][1][gc,cpu       ] GC(15) User=0.10s Sys=0.00s Real=0.34s
[2019-12-09T02:25:55.766+0000][1][safepoint    ] Leaving safepoint region
[2019-12-09T02:25:55.766+0000][1][safepoint    ] Total time for which application threads were stopped: 0.3323101 seconds, Stopping threads took: 0.0000135 seconds
[2019-12-09T02:25:56.532+0000][1][safepoint    ] Application time: 0.7653860 seconds
[2019-12-09T02:25:56.532+0000][1][safepoint    ] Entering safepoint region: RevokeBias
[2019-12-09T02:25:56.532+0000][1][safepoint    ] Leaving safepoint region
[2019-12-09T02:25:56.532+0000][1][safepoint    ] Total time for which application threads were stopped: 0.0001246 seconds, Stopping threads took: 0.0000213 seconds
[2019-12-09T02:25:56.864+0000][1][safepoint    ] Application time: 0.3318172 seconds
[2019-12-09T02:25:56.864+0000][1][safepoint    ] Entering safepoint region: RevokeBias
[2019-12-09T02:25:56.864+0000][1][safepoint    ] Leaving safepoint region
[2019-12-09T02:25:56.864+0000][1][safepoint    ] Total time for which application threads were stopped: 0.0000813 seconds, Stopping threads took: 0.0000139 seconds
[2019-12-09T02:25:56.908+0000][1][safepoint    ] Application time: 0.0438733 seconds
[2019-12-09T02:25:56.908+0000][1][safepoint    ] Entering safepoint region: RevokeBias
[2019-12-09T02:25:56.908+0000][1][safepoint    ] Leaving safepoint region
[2019-12-09T02:25:56.908+0000][1][safepoint    ] Total time for which application threads were stopped: 0.0000830 seconds, Stopping threads took: 0.0000135 seconds
[2019-12-09T02:25:56.968+0000][1][safepoint    ] Application time: 0.0598726 seconds
[2019-12-09T02:25:56.968+0000][1][safepoint    ] Entering safepoint region: RevokeBias
[2019-12-09T02:25:56.968+0000][1][safepoint    ] Leaving safepoint region
[2019-12-09T02:25:56.968+0000][1][safepoint    ] Total time for which application threads were stopped: 0.0001062 seconds, Stopping threads took: 0.0000273 seconds
[2019-12-09T02:25:56.993+0000][1][safepoint    ] Application time: 0.0248606 seconds
[2019-12-09T02:25:56.993+0000][1][safepoint    ] Entering safepoint region: RevokeBias
[2019-12-09T02:25:56.993+0000][1][safepoint    ] Leaving safepoint region
[2019-12-09T02:25:56.993+0000][1][safepoint    ] Total time for which application threads were stopped: 0.0000773 seconds, Stopping threads took: 0.0000120 seconds
[2019-12-09T02:25:56.997+0000][1][safepoint    ] Application time: 0.0044412 seconds
[2019-12-09T02:25:56.997+0000][1][safepoint    ] Entering safepoint region: RevokeBias
[2019-12-09T02:25:56.997+0000][1][safepoint    ] Leaving safepoint region
[2019-12-09T02:25:56.997+0000][1][safepoint    ] Total time for which application threads were stopped: 0.0000765 seconds, Stopping threads took: 0.0000135 seconds
[2019-12-09T02:25:57.052+0000][1][safepoint    ] Application time: 0.0547267 seconds
[2019-12-09T02:25:57.052+0000][1][safepoint    ] Entering safepoint region: RevokeBias
[2019-12-09T02:25:57.052+0000][1][safepoint    ] Leaving safepoint region
[2019-12-09T02:25:57.052+0000][1][safepoint    ] Total time for which application threads were stopped: 0.0000790 seconds, Stopping threads took: 0.0000139 seconds
[2019-12-09T02:25:57.055+0000][1][safepoint    ] Application time: 0.0025444 seconds
[2019-12-09T02:25:57.055+0000][1][safepoint    ] Entering safepoint region: RevokeBias
[2019-12-09T02:25:57.055+0000][1][safepoint    ] Leaving safepoint region
[2019-12-09T02:25:57.055+0000][1][safepoint    ] Total time for which application threads were stopped: 0.0000693 seconds, Stopping threads took: 0.0000124 seconds
[2019-12-09T02:25:59.057+0000][1][safepoint    ] Application time: 2.0017987 seconds
[2019-12-09T02:25:59.112+0000][1][safepoint    ] Entering safepoint region: Cleanup
[2019-12-09T02:25:59.112+0000][1][safepoint    ] Leaving safepoint region
[2019-12-09T02:25:59.112+0000][1][safepoint    ] Total time for which application threads were stopped: 0.0551621 seconds, Stopping threads took: 0.0550902 seconds
[2019-12-09T02:25:59.129+0000][1][safepoint    ] Application time: 0.0174992 seconds
[2019-12-09T02:25:59.129+0000][1][safepoint    ] Entering safepoint region: GenCollectForAllocation
[2019-12-09T02:25:59.130+0000][1][gc,start     ] GC(16) Pause Young (Allocation Failure)
[2019-12-09T02:25:59.130+0000][1][gc,task      ] GC(16) Using 2 workers of 2 for evacuation
[2019-12-09T02:25:59.383+0000][1][gc,age       ] GC(16) Desired survivor size 4456448 bytes, new threshold 6 (max threshold 6)
[2019-12-09T02:25:59.383+0000][1][gc,age       ] GC(16) Age table with threshold 6 (max threshold 6)
[2019-12-09T02:25:59.383+0000][1][gc,age       ] GC(16) - age   1:    1287640 bytes,    1287640 total
[2019-12-09T02:25:59.383+0000][1][gc,heap      ] GC(16) ParNew: 78656K->7853K(78656K)
[2019-12-09T02:25:59.383+0000][1][gc,heap      ] GC(16) CMS: 46954K->55113K(174784K)
[2019-12-09T02:25:59.383+0000][1][gc,metaspace ] GC(16) Metaspace: 33012K->33012K(1079296K)
[2019-12-09T02:25:59.383+0000][1][gc           ] GC(16) Pause Young (Allocation Failure) 122M->61M(247M) 253.781ms
[2019-12-09T02:25:59.383+0000][1][gc,cpu       ] GC(16) User=0.07s Sys=0.00s Real=0.25s
[2019-12-09T02:25:59.383+0000][1][safepoint    ] Leaving safepoint region
[2019-12-09T02:25:59.383+0000][1][safepoint    ] Total time for which application threads were stopped: 0.2539014 seconds, Stopping threads took: 0.0000150 seconds
[2019-12-09T02:26:00.390+0000][1][safepoint    ] Application time: 1.0064014 seconds
[2019-12-09T02:26:00.391+0000][1][safepoint    ] Entering safepoint region: Cleanup
[2019-12-09T02:26:00.391+0000][1][safepoint    ] Leaving safepoint region
[2019-12-09T02:26:00.391+0000][1][safepoint    ] Total time for which application threads were stopped: 0.0015244 seconds, Stopping threads took: 0.0014735 seconds
[2019-12-09T02:26:01.402+0000][1][safepoint    ] Application time: 1.0103961 seconds
[2019-12-09T02:26:01.465+0000][1][safepoint    ] Entering safepoint region: Cleanup
[2019-12-09T02:26:01.465+0000][1][safepoint    ] Leaving safepoint region
[2019-12-09T02:26:01.465+0000][1][safepoint    ] Total time for which application threads were stopped: 0.0633858 seconds, Stopping threads took: 0.0633235 seconds
[2019-12-09T02:26:01.899+0000][1][safepoint    ] Application time: 0.4336418 seconds
[2019-12-09T02:26:01.899+0000][1][safepoint    ] Entering safepoint region: CollectForMetadataAllocation
[2019-12-09T02:26:01.899+0000][1][safepoint    ] Leaving safepoint region
[2019-12-09T02:26:01.899+0000][1][safepoint    ] Total time for which application threads were stopped: 0.0002644 seconds, Stopping threads took: 0.0000156 seconds
[2019-12-09T02:26:02.370+0000][1][safepoint    ] Application time: 0.4704439 seconds
[2019-12-09T02:26:02.370+0000][1][safepoint    ] Entering safepoint region: CollectForMetadataAllocation
[2019-12-09T02:26:02.370+0000][1][safepoint    ] Leaving safepoint region
[2019-12-09T02:26:02.370+0000][1][safepoint    ] Total time for which application threads were stopped: 0.0002543 seconds, Stopping threads took: 0.0000135 seconds
[2019-12-09T02:26:02.667+0000][1][safepoint    ] Application time: 0.2968309 seconds
[2019-12-09T02:26:02.667+0000][1][safepoint    ] Entering safepoint region: CollectForMetadataAllocation
[2019-12-09T02:26:02.667+0000][1][safepoint    ] Leaving safepoint region
[2019-12-09T02:26:02.667+0000][1][safepoint    ] Total time for which application threads were stopped: 0.0002456 seconds, Stopping threads took: 0.0000158 seconds
[2019-12-09T02:26:02.827+0000][1][safepoint    ] Application time: 0.1597108 seconds
[2019-12-09T02:26:02.827+0000][1][safepoint    ] Entering safepoint region: CollectForMetadataAllocation
[2019-12-09T02:26:02.827+0000][1][safepoint    ] Leaving safepoint region
[2019-12-09T02:26:02.827+0000][1][safepoint    ] Total time for which application threads were stopped: 0.0002219 seconds, Stopping threads took: 0.0000128 seconds
[2019-12-09T02:26:02.951+0000][1][safepoint    ] Application time: 0.1237485 seconds
[2019-12-09T02:26:02.951+0000][1][safepoint    ] Entering safepoint region: CollectForMetadataAllocation
[2019-12-09T02:26:02.951+0000][1][safepoint    ] Leaving safepoint region
[2019-12-09T02:26:02.951+0000][1][safepoint    ] Total time for which application threads were stopped: 0.0002266 seconds, Stopping threads took: 0.0000134 seconds
[2019-12-09T02:26:03.141+0000][1][safepoint    ] Application time: 0.1897148 seconds
[2019-12-09T02:26:03.141+0000][1][safepoint    ] Entering safepoint region: GenCollectForAllocation
[2019-12-09T02:26:03.141+0000][1][gc,start     ] GC(17) Pause Young (Allocation Failure)
[2019-12-09T02:26:03.141+0000][1][gc,task      ] GC(17) Using 2 workers of 2 for evacuation
[2019-12-09T02:26:03.335+0000][1][gc,age       ] GC(17) Desired survivor size 4456448 bytes, new threshold 6 (max threshold 6)
[2019-12-09T02:26:03.335+0000][1][gc,age       ] GC(17) Age table with threshold 6 (max threshold 6)
[2019-12-09T02:26:03.335+0000][1][gc,age       ] GC(17) - age   1:    1923728 bytes,    1923728 total
[2019-12-09T02:26:03.335+0000][1][gc,age       ] GC(17) - age   2:    1220848 bytes,    3144576 total
[2019-12-09T02:26:03.335+0000][1][gc,heap      ] GC(17) ParNew: 77805K->4398K(78656K)
[2019-12-09T02:26:03.335+0000][1][gc,heap      ] GC(17) CMS: 55113K->55113K(174784K)
[2019-12-09T02:26:03.335+0000][1][gc,metaspace ] GC(17) Metaspace: 35149K->35149K(1081344K)
[2019-12-09T02:26:03.335+0000][1][gc           ] GC(17) Pause Young (Allocation Failure) 129M->58M(247M) 194.298ms
[2019-12-09T02:26:03.335+0000][1][gc,cpu       ] GC(17) User=0.04s Sys=0.00s Real=0.20s
[2019-12-09T02:26:03.335+0000][1][safepoint    ] Leaving safepoint region
[2019-12-09T02:26:03.335+0000][1][safepoint    ] Total time for which application threads were stopped: 0.1944474 seconds, Stopping threads took: 0.0000167 seconds
[2019-12-09T02:26:03.337+0000][1][safepoint    ] Application time: 0.0020888 seconds
[2019-12-09T02:26:03.337+0000][1][safepoint    ] Entering safepoint region: CollectForMetadataAllocation
[2019-12-09T02:26:03.338+0000][1][safepoint    ] Leaving safepoint region
[2019-12-09T02:26:03.338+0000][1][safepoint    ] Total time for which application threads were stopped: 0.0002397 seconds, Stopping threads took: 0.0000137 seconds
[2019-12-09T02:26:03.346+0000][1][safepoint    ] Application time: 0.0084888 seconds
[2019-12-09T02:26:03.346+0000][1][safepoint    ] Entering safepoint region: CMS_Initial_Mark
[2019-12-09T02:26:03.346+0000][1][gc,start     ] GC(18) Pause Initial Mark
[2019-12-09T02:26:03.366+0000][1][gc           ] GC(18) Pause Initial Mark 59M->59M(247M) 20.249ms
[2019-12-09T02:26:03.367+0000][1][gc,cpu       ] GC(18) User=0.01s Sys=0.00s Real=0.02s
[2019-12-09T02:26:03.367+0000][1][safepoint    ] Leaving safepoint region
[2019-12-09T02:26:03.367+0000][1][safepoint    ] Total time for which application threads were stopped: 0.0204504 seconds, Stopping threads took: 0.0001096 seconds
[2019-12-09T02:26:03.367+0000][1][gc           ] GC(18) Concurrent Mark
[2019-12-09T02:26:03.567+0000][1][safepoint    ] Application time: 0.2008894 seconds
[2019-12-09T02:26:03.567+0000][1][safepoint    ] Entering safepoint region: CollectForMetadataAllocation
[2019-12-09T02:26:03.568+0000][1][safepoint    ] Leaving safepoint region
[2019-12-09T02:26:03.568+0000][1][safepoint    ] Total time for which application threads were stopped: 0.0002660 seconds, Stopping threads took: 0.0000143 seconds
[2019-12-09T02:26:03.912+0000][1][safepoint    ] Application time: 0.3437869 seconds
[2019-12-09T02:26:03.912+0000][1][safepoint    ] Entering safepoint region: CollectForMetadataAllocation
[2019-12-09T02:26:03.912+0000][1][safepoint    ] Leaving safepoint region
[2019-12-09T02:26:03.912+0000][1][safepoint    ] Total time for which application threads were stopped: 0.0002526 seconds, Stopping threads took: 0.0000133 seconds
[2019-12-09T02:26:04.099+0000][1][safepoint    ] Application time: 0.1868661 seconds
[2019-12-09T02:26:04.099+0000][1][safepoint    ] Entering safepoint region: CollectForMetadataAllocation
[2019-12-09T02:26:04.099+0000][1][safepoint    ] Leaving safepoint region
[2019-12-09T02:26:04.099+0000][1][safepoint    ] Total time for which application threads were stopped: 0.0002416 seconds, Stopping threads took: 0.0000139 seconds
[2019-12-09T02:26:04.250+0000][1][gc           ] GC(18) Concurrent Mark 883.174ms
[2019-12-09T02:26:04.250+0000][1][gc,cpu       ] GC(18) User=0.24s Sys=0.01s Real=0.88s
[2019-12-09T02:26:04.250+0000][1][gc           ] GC(18) Concurrent Preclean
[2019-12-09T02:26:04.251+0000][1][gc           ] GC(18) Concurrent Preclean 1.108ms
[2019-12-09T02:26:04.251+0000][1][gc,cpu       ] GC(18) User=0.00s Sys=0.00s Real=0.00s
[2019-12-09T02:26:04.251+0000][1][gc           ] GC(18) Concurrent Abortable Preclean
[2019-12-09T02:26:04.433+0000][1][safepoint    ] Application time: 0.3344667 seconds
[2019-12-09T02:26:04.433+0000][1][safepoint    ] Entering safepoint region: CollectForMetadataAllocation
[2019-12-09T02:26:04.434+0000][1][safepoint    ] Leaving safepoint region
[2019-12-09T02:26:04.434+0000][1][safepoint    ] Total time for which application threads were stopped: 0.0001499 seconds, Stopping threads took: 0.0000145 seconds
[2019-12-09T02:26:04.746+0000][1][safepoint    ] Application time: 0.3125230 seconds
[2019-12-09T02:26:04.746+0000][1][safepoint    ] Entering safepoint region: CollectForMetadataAllocation
[2019-12-09T02:26:04.746+0000][1][safepoint    ] Leaving safepoint region
[2019-12-09T02:26:04.746+0000][1][safepoint    ] Total time for which application threads were stopped: 0.0002355 seconds, Stopping threads took: 0.0000144 seconds
[2019-12-09T02:26:04.758+0000][1][safepoint    ] Application time: 0.0113036 seconds
[2019-12-09T02:26:04.758+0000][1][safepoint    ] Entering safepoint region: CollectForMetadataAllocation
[2019-12-09T02:26:04.758+0000][1][safepoint    ] Leaving safepoint region
[2019-12-09T02:26:04.758+0000][1][safepoint    ] Total time for which application threads were stopped: 0.0001258 seconds, Stopping threads took: 0.0000849 seconds
[2019-12-09T02:26:04.768+0000][1][safepoint    ] Application time: 0.0096848 seconds
[2019-12-09T02:26:04.768+0000][1][safepoint    ] Entering safepoint region: RevokeBias
[2019-12-09T02:26:04.768+0000][1][safepoint    ] Leaving safepoint region
[2019-12-09T02:26:04.768+0000][1][safepoint    ] Total time for which application threads were stopped: 0.0001440 seconds, Stopping threads took: 0.0000123 seconds
[2019-12-09T02:26:04.886+0000][1][safepoint    ] Application time: 0.1178789 seconds
[2019-12-09T02:26:04.952+0000][1][safepoint    ] Entering safepoint region: CollectForMetadataAllocation
[2019-12-09T02:26:04.952+0000][1][safepoint    ] Leaving safepoint region
[2019-12-09T02:26:04.952+0000][1][safepoint    ] Total time for which application threads were stopped: 0.0663562 seconds, Stopping threads took: 0.0661253 seconds
[2019-12-09T02:26:05.305+0000][1][safepoint    ] Application time: 0.3526757 seconds
[2019-12-09T02:26:05.305+0000][1][safepoint    ] Entering safepoint region: CollectForMetadataAllocation
[2019-12-09T02:26:05.305+0000][1][safepoint    ] Leaving safepoint region
[2019-12-09T02:26:05.305+0000][1][safepoint    ] Total time for which application threads were stopped: 0.0002511 seconds, Stopping threads took: 0.0000160 seconds
[2019-12-09T02:26:05.557+0000][1][safepoint    ] Application time: 0.2517443 seconds
[2019-12-09T02:26:05.557+0000][1][safepoint    ] Entering safepoint region: CollectForMetadataAllocation
[2019-12-09T02:26:05.557+0000][1][safepoint    ] Leaving safepoint region
[2019-12-09T02:26:05.557+0000][1][safepoint    ] Total time for which application threads were stopped: 0.0002279 seconds, Stopping threads took: 0.0000126 seconds
[2019-12-09T02:26:05.736+0000][1][safepoint    ] Application time: 0.1792776 seconds
[2019-12-09T02:26:05.736+0000][1][safepoint    ] Entering safepoint region: CollectForMetadataAllocation
[2019-12-09T02:26:05.736+0000][1][safepoint    ] Leaving safepoint region
[2019-12-09T02:26:05.736+0000][1][safepoint    ] Total time for which application threads were stopped: 0.0001631 seconds, Stopping threads took: 0.0000148 seconds
[2019-12-09T02:26:05.995+0000][1][safepoint    ] Application time: 0.2582995 seconds
[2019-12-09T02:26:05.995+0000][1][safepoint    ] Entering safepoint region: CollectForMetadataAllocation
[2019-12-09T02:26:05.995+0000][1][safepoint    ] Leaving safepoint region
[2019-12-09T02:26:05.995+0000][1][safepoint    ] Total time for which application threads were stopped: 0.0002447 seconds, Stopping threads took: 0.0000211 seconds
[2019-12-09T02:26:06.254+0000][1][safepoint    ] Application time: 0.2586655 seconds
[2019-12-09T02:26:06.254+0000][1][safepoint    ] Entering safepoint region: CollectForMetadataAllocation
[2019-12-09T02:26:06.254+0000][1][safepoint    ] Leaving safepoint region
[2019-12-09T02:26:06.254+0000][1][safepoint    ] Total time for which application threads were stopped: 0.0002386 seconds, Stopping threads took: 0.0000162 seconds
[2019-12-09T02:26:06.560+0000][1][safepoint    ] Application time: 0.3062055 seconds
[2019-12-09T02:26:06.560+0000][1][safepoint    ] Entering safepoint region: CollectForMetadataAllocation
[2019-12-09T02:26:06.561+0000][1][safepoint    ] Leaving safepoint region
[2019-12-09T02:26:06.561+0000][1][safepoint    ] Total time for which application threads were stopped: 0.0002515 seconds, Stopping threads took: 0.0000151 seconds
[2019-12-09T02:26:06.800+0000][1][safepoint    ] Application time: 0.2390352 seconds
[2019-12-09T02:26:06.800+0000][1][safepoint    ] Entering safepoint region: CollectForMetadataAllocation
[2019-12-09T02:26:06.800+0000][1][safepoint    ] Leaving safepoint region
[2019-12-09T02:26:06.800+0000][1][safepoint    ] Total time for which application threads were stopped: 0.0002540 seconds, Stopping threads took: 0.0000139 seconds
[2019-12-09T02:26:07.011+0000][1][safepoint    ] Application time: 0.2112355 seconds
[2019-12-09T02:26:07.011+0000][1][safepoint    ] Entering safepoint region: CollectForMetadataAllocation
[2019-12-09T02:26:07.011+0000][1][safepoint    ] Leaving safepoint region
[2019-12-09T02:26:07.011+0000][1][safepoint    ] Total time for which application threads were stopped: 0.0002441 seconds, Stopping threads took: 0.0000157 seconds
[2019-12-09T02:26:07.270+0000][1][safepoint    ] Application time: 0.2582296 seconds
[2019-12-09T02:26:07.270+0000][1][safepoint    ] Entering safepoint region: CollectForMetadataAllocation
[2019-12-09T02:26:07.270+0000][1][safepoint    ] Leaving safepoint region
[2019-12-09T02:26:07.270+0000][1][safepoint    ] Total time for which application threads were stopped: 0.0002592 seconds, Stopping threads took: 0.0000136 seconds
[2019-12-09T02:26:07.530+0000][1][safepoint    ] Application time: 0.2600133 seconds
[2019-12-09T02:26:07.530+0000][1][safepoint    ] Entering safepoint region: CollectForMetadataAllocation
[2019-12-09T02:26:07.530+0000][1][safepoint    ] Leaving safepoint region
[2019-12-09T02:26:07.530+0000][1][safepoint    ] Total time for which application threads were stopped: 0.0001520 seconds, Stopping threads took: 0.0000148 seconds
[2019-12-09T02:26:07.765+0000][1][safepoint    ] Application time: 0.2346113 seconds
[2019-12-09T02:26:07.765+0000][1][safepoint    ] Entering safepoint region: CollectForMetadataAllocation
[2019-12-09T02:26:07.765+0000][1][safepoint    ] Leaving safepoint region
[2019-12-09T02:26:07.765+0000][1][safepoint    ] Total time for which application threads were stopped: 0.0002208 seconds, Stopping threads took: 0.0000143 seconds
[2019-12-09T02:26:08.189+0000][1][safepoint    ] Application time: 0.4241397 seconds
[2019-12-09T02:26:08.189+0000][1][safepoint    ] Entering safepoint region: CollectForMetadataAllocation
[2019-12-09T02:26:08.189+0000][1][safepoint    ] Leaving safepoint region
[2019-12-09T02:26:08.189+0000][1][safepoint    ] Total time for which application threads were stopped: 0.0002442 seconds, Stopping threads took: 0.0000141 seconds
[2019-12-09T02:26:08.506+0000][1][safepoint    ] Application time: 0.3163199 seconds
[2019-12-09T02:26:08.506+0000][1][safepoint    ] Entering safepoint region: CollectForMetadataAllocation
[2019-12-09T02:26:08.506+0000][1][safepoint    ] Leaving safepoint region
[2019-12-09T02:26:08.506+0000][1][safepoint    ] Total time for which application threads were stopped: 0.0002508 seconds, Stopping threads took: 0.0000141 seconds
[2019-12-09T02:26:08.775+0000][1][safepoint    ] Application time: 0.2686924 seconds
[2019-12-09T02:26:08.775+0000][1][safepoint    ] Entering safepoint region: CollectForMetadataAllocation
[2019-12-09T02:26:08.775+0000][1][safepoint    ] Leaving safepoint region
[2019-12-09T02:26:08.775+0000][1][safepoint    ] Total time for which application threads were stopped: 0.0002280 seconds, Stopping threads took: 0.0000140 seconds
[2019-12-09T02:26:09.136+0000][1][safepoint    ] Application time: 0.3606878 seconds
[2019-12-09T02:26:09.136+0000][1][safepoint    ] Entering safepoint region: CollectForMetadataAllocation
[2019-12-09T02:26:09.136+0000][1][safepoint    ] Leaving safepoint region
[2019-12-09T02:26:09.136+0000][1][safepoint    ] Total time for which application threads were stopped: 0.0002285 seconds, Stopping threads took: 0.0000161 seconds
[2019-12-09T02:26:09.434+0000][1][safepoint    ] Application time: 0.2977082 seconds
[2019-12-09T02:26:09.434+0000][1][safepoint    ] Entering safepoint region: CollectForMetadataAllocation
[2019-12-09T02:26:09.434+0000][1][safepoint    ] Leaving safepoint region
[2019-12-09T02:26:09.434+0000][1][safepoint    ] Total time for which application threads were stopped: 0.0002494 seconds, Stopping threads took: 0.0000148 seconds
[2019-12-09T02:26:09.600+0000][1][safepoint    ] Application time: 0.1657659 seconds
[2019-12-09T02:26:09.629+0000][1][safepoint    ] Entering safepoint region: RevokeBias
[2019-12-09T02:26:09.629+0000][1][safepoint    ] Leaving safepoint region
[2019-12-09T02:26:09.629+0000][1][safepoint    ] Total time for which application threads were stopped: 0.0290891 seconds, Stopping threads took: 0.0289381 seconds
[2019-12-09T02:26:09.629+0000][1][gc           ] GC(18) Concurrent Abortable Preclean 5378.266ms
[2019-12-09T02:26:09.629+0000][1][gc,cpu       ] GC(18) User=1.51s Sys=0.03s Real=5.38s
[2019-12-09T02:26:09.629+0000][1][safepoint    ] Application time: 0.0004121 seconds
[2019-12-09T02:26:09.629+0000][1][safepoint    ] Entering safepoint region: CMS_Final_Remark
[2019-12-09T02:26:09.629+0000][1][gc,start     ] GC(18) Pause Remark
[2019-12-09T02:26:09.728+0000][1][gc           ] GC(18) Pause Remark 90M->90M(247M) 98.369ms
[2019-12-09T02:26:09.728+0000][1][gc,cpu       ] GC(18) User=0.04s Sys=0.00s Real=0.10s
[2019-12-09T02:26:09.728+0000][1][safepoint    ] Leaving safepoint region
[2019-12-09T02:26:09.728+0000][1][safepoint    ] Total time for which application threads were stopped: 0.0985016 seconds, Stopping threads took: 0.0000101 seconds
[2019-12-09T02:26:09.807+0000][1][safepoint    ] Application time: 0.0789426 seconds
[2019-12-09T02:26:09.842+0000][1][safepoint    ] Entering safepoint region: RevokeBias
[2019-12-09T02:26:09.843+0000][1][safepoint    ] Leaving safepoint region
[2019-12-09T02:26:09.843+0000][1][safepoint    ] Total time for which application threads were stopped: 0.0358349 seconds, Stopping threads took: 0.0349639 seconds
[2019-12-09T02:26:09.843+0000][1][gc           ] GC(18) Concurrent Sweep
[2019-12-09T02:26:09.959+0000][1][safepoint    ] Application time: 0.1167858 seconds
[2019-12-09T02:26:09.959+0000][1][safepoint    ] Entering safepoint region: CollectForMetadataAllocation
[2019-12-09T02:26:09.960+0000][1][safepoint    ] Leaving safepoint region
[2019-12-09T02:26:09.960+0000][1][safepoint    ] Total time for which application threads were stopped: 0.0002708 seconds, Stopping threads took: 0.0000160 seconds
[2019-12-09T02:26:10.101+0000][1][gc           ] GC(18) Concurrent Sweep 258.000ms
[2019-12-09T02:26:10.101+0000][1][gc,cpu       ] GC(18) User=0.08s Sys=0.00s Real=0.26s
[2019-12-09T02:26:10.101+0000][1][gc           ] GC(18) Concurrent Reset
[2019-12-09T02:26:10.101+0000][1][gc           ] GC(18) Concurrent Reset 0.315ms
[2019-12-09T02:26:10.101+0000][1][gc,cpu       ] GC(18) User=0.00s Sys=0.00s Real=0.00s
[2019-12-09T02:26:10.101+0000][1][gc,heap      ] GC(18) Old: 55113K->54925K(174784K)
[2019-12-09T02:26:10.961+0000][1][safepoint    ] Application time: 1.0009590 seconds
[2019-12-09T02:26:10.990+0000][1][safepoint    ] Entering safepoint region: Cleanup
[2019-12-09T02:26:10.990+0000][1][safepoint    ] Leaving safepoint region
[2019-12-09T02:26:10.990+0000][1][safepoint    ] Total time for which application threads were stopped: 0.0291188 seconds, Stopping threads took: 0.0290557 seconds
[2019-12-09T02:26:11.994+0000][1][safepoint    ] Application time: 1.0038298 seconds
[2019-12-09T02:26:12.035+0000][1][safepoint    ] Entering safepoint region: Cleanup
[2019-12-09T02:26:12.035+0000][1][safepoint    ] Leaving safepoint region
[2019-12-09T02:26:12.035+0000][1][safepoint    ] Total time for which application threads were stopped: 0.0416562 seconds, Stopping threads took: 0.0416110 seconds
[2019-12-09T02:26:13.037+0000][1][safepoint    ] Application time: 1.0012858 seconds
[2019-12-09T02:26:13.064+0000][1][safepoint    ] Entering safepoint region: Cleanup
[2019-12-09T02:26:13.064+0000][1][safepoint    ] Leaving safepoint region
[2019-12-09T02:26:13.064+0000][1][safepoint    ] Total time for which application threads were stopped: 0.0270664 seconds, Stopping threads took: 0.0270156 seconds
[2019-12-09T02:26:14.066+0000][1][safepoint    ] Application time: 1.0018703 seconds
[2019-12-09T02:26:14.111+0000][1][safepoint    ] Entering safepoint region: Cleanup
[2019-12-09T02:26:14.111+0000][1][safepoint    ] Leaving safepoint region
[2019-12-09T02:26:14.111+0000][1][safepoint    ] Total time for which application threads were stopped: 0.0450719 seconds, Stopping threads took: 0.0450209 seconds
[2019-12-09T02:26:14.605+0000][1][safepoint    ] Application time: 0.4938714 seconds
[2019-12-09T02:26:14.656+0000][1][safepoint    ] Entering safepoint region: RevokeBias
[2019-12-09T02:26:14.656+0000][1][safepoint    ] Leaving safepoint region
[2019-12-09T02:26:14.656+0000][1][safepoint    ] Total time for which application threads were stopped: 0.0511437 seconds, Stopping threads took: 0.0510387 seconds
[2019-12-09T02:26:14.656+0000][1][safepoint    ] Application time: 0.0001505 seconds
[2019-12-09T02:26:14.656+0000][1][safepoint    ] Entering safepoint region: RevokeBias
[2019-12-09T02:26:14.656+0000][1][safepoint    ] Leaving safepoint region
[2019-12-09T02:26:14.656+0000][1][safepoint    ] Total time for which application threads were stopped: 0.0000768 seconds, Stopping threads took: 0.0000103 seconds
[2019-12-09T02:26:14.656+0000][1][safepoint    ] Application time: 0.0001972 seconds
[2019-12-09T02:26:14.656+0000][1][safepoint    ] Entering safepoint region: RevokeBias
[2019-12-09T02:26:14.656+0000][1][safepoint    ] Leaving safepoint region
[2019-12-09T02:26:14.656+0000][1][safepoint    ] Total time for which application threads were stopped: 0.0000705 seconds, Stopping threads took: 0.0000097 seconds
[2019-12-09T02:26:14.876+0000][1][safepoint    ] Application time: 0.2194808 seconds
[2019-12-09T02:26:14.965+0000][1][safepoint    ] Entering safepoint region: RevokeBias
[2019-12-09T02:26:14.965+0000][1][safepoint    ] Leaving safepoint region
[2019-12-09T02:26:14.965+0000][1][safepoint    ] Total time for which application threads were stopped: 0.0889314 seconds, Stopping threads took: 0.0888290 seconds
[2019-12-09T02:26:14.965+0000][1][safepoint    ] Application time: 0.0002864 seconds
[2019-12-09T02:26:14.965+0000][1][safepoint    ] Entering safepoint region: RevokeBias
[2019-12-09T02:26:14.965+0000][1][safepoint    ] Leaving safepoint region
[2019-12-09T02:26:14.965+0000][1][safepoint    ] Total time for which application threads were stopped: 0.0000770 seconds, Stopping threads took: 0.0000102 seconds
[2019-12-09T02:26:14.965+0000][1][safepoint    ] Application time: 0.0001491 seconds
[2019-12-09T02:26:14.965+0000][1][safepoint    ] Entering safepoint region: RevokeBias
[2019-12-09T02:26:14.965+0000][1][safepoint    ] Leaving safepoint region
[2019-12-09T02:26:14.966+0000][1][safepoint    ] Total time for which application threads were stopped: 0.0000676 seconds, Stopping threads took: 0.0000088 seconds
[2019-12-09T02:26:14.966+0000][1][safepoint    ] Application time: 0.0000878 seconds
[2019-12-09T02:26:14.966+0000][1][safepoint    ] Entering safepoint region: RevokeBias
[2019-12-09T02:26:14.966+0000][1][safepoint    ] Leaving safepoint region
[2019-12-09T02:26:14.966+0000][1][safepoint    ] Total time for which application threads were stopped: 0.0001002 seconds, Stopping threads took: 0.0000159 seconds
[2019-12-09T02:26:14.966+0000][1][safepoint    ] Application time: 0.0000538 seconds
[2019-12-09T02:26:14.966+0000][1][safepoint    ] Entering safepoint region: RevokeBias
[2019-12-09T02:26:14.966+0000][1][safepoint    ] Leaving safepoint region
[2019-12-09T02:26:14.966+0000][1][safepoint    ] Total time for which application threads were stopped: 0.0000631 seconds, Stopping threads took: 0.0000082 seconds
[2019-12-09T02:26:14.966+0000][1][safepoint    ] Application time: 0.0000954 seconds
[2019-12-09T02:26:14.966+0000][1][safepoint    ] Entering safepoint region: RevokeBias
[2019-12-09T02:26:14.966+0000][1][safepoint    ] Leaving safepoint region
[2019-12-09T02:26:14.966+0000][1][safepoint    ] Total time for which application threads were stopped: 0.0000650 seconds, Stopping threads took: 0.0000083 seconds
[2019-12-09T02:26:14.966+0000][1][safepoint    ] Application time: 0.0000615 seconds
[2019-12-09T02:26:14.966+0000][1][safepoint    ] Entering safepoint region: RevokeBias
[2019-12-09T02:26:14.966+0000][1][safepoint    ] Leaving safepoint region
[2019-12-09T02:26:14.966+0000][1][safepoint    ] Total time for which application threads were stopped: 0.0000649 seconds, Stopping threads took: 0.0000082 seconds
[2019-12-09T02:26:14.967+0000][1][safepoint    ] Application time: 0.0005007 seconds
[2019-12-09T02:26:14.967+0000][1][safepoint    ] Entering safepoint region: RevokeBias
[2019-12-09T02:26:14.967+0000][1][safepoint    ] Leaving safepoint region
[2019-12-09T02:26:14.967+0000][1][safepoint    ] Total time for which application threads were stopped: 0.0000790 seconds, Stopping threads took: 0.0000105 seconds
[2019-12-09T02:26:14.968+0000][1][safepoint    ] Application time: 0.0008144 seconds
[2019-12-09T02:26:14.968+0000][1][safepoint    ] Entering safepoint region: RevokeBias
[2019-12-09T02:26:14.968+0000][1][safepoint    ] Leaving safepoint region
[2019-12-09T02:26:14.968+0000][1][safepoint    ] Total time for which application threads were stopped: 0.0000977 seconds, Stopping threads took: 0.0000105 seconds
[2019-12-09T02:26:14.968+0000][1][safepoint    ] Application time: 0.0000721 seconds
[2019-12-09T02:26:14.968+0000][1][safepoint    ] Entering safepoint region: RevokeBias
[2019-12-09T02:26:14.968+0000][1][safepoint    ] Leaving safepoint region
[2019-12-09T02:26:14.968+0000][1][safepoint    ] Total time for which application threads were stopped: 0.0000685 seconds, Stopping threads took: 0.0000081 seconds
[2019-12-09T02:26:14.968+0000][1][safepoint    ] Application time: 0.0002625 seconds
[2019-12-09T02:26:14.968+0000][1][safepoint    ] Entering safepoint region: RevokeBias
[2019-12-09T02:26:14.968+0000][1][safepoint    ] Leaving safepoint region
[2019-12-09T02:26:14.968+0000][1][safepoint    ] Total time for which application threads were stopped: 0.0000784 seconds, Stopping threads took: 0.0000093 seconds
[2019-12-09T02:26:16.669+0000][1][safepoint    ] Application time: 1.7004663 seconds
[2019-12-09T02:26:16.738+0000][1][safepoint    ] Entering safepoint region: Cleanup
[2019-12-09T02:26:16.738+0000][1][safepoint    ] Leaving safepoint region
[2019-12-09T02:26:16.738+0000][1][safepoint    ] Total time for which application threads were stopped: 0.0690514 seconds, Stopping threads took: 0.0689725 seconds
[2019-12-09T02:26:17.561+0000][1][safepoint    ] Application time: 0.8236207 seconds
[2019-12-09T02:26:17.561+0000][1][safepoint    ] Entering safepoint region: GenCollectForAllocation
[2019-12-09T02:26:17.562+0000][1][gc,start     ] GC(19) Pause Young (Allocation Failure)
[2019-12-09T02:26:17.562+0000][1][gc,task      ] GC(19) Using 2 workers of 2 for evacuation
[2019-12-09T02:26:17.688+0000][1][gc,age       ] GC(19) Desired survivor size 4456448 bytes, new threshold 3 (max threshold 6)
[2019-12-09T02:26:17.688+0000][1][gc,age       ] GC(19) Age table with threshold 3 (max threshold 6)
[2019-12-09T02:26:17.688+0000][1][gc,age       ] GC(19) - age   1:    2543504 bytes,    2543504 total
[2019-12-09T02:26:17.688+0000][1][gc,age       ] GC(19) - age   2:    1897896 bytes,    4441400 total
[2019-12-09T02:26:17.688+0000][1][gc,age       ] GC(19) - age   3:    1218736 bytes,    5660136 total
[2019-12-09T02:26:17.688+0000][1][gc,heap      ] GC(19) ParNew: 74350K->5705K(78656K)
[2019-12-09T02:26:17.688+0000][1][gc,heap      ] GC(19) CMS: 54925K->54925K(174784K)
[2019-12-09T02:26:17.688+0000][1][gc,metaspace ] GC(19) Metaspace: 42975K->42975K(1089536K)
[2019-12-09T02:26:17.688+0000][1][gc           ] GC(19) Pause Young (Allocation Failure) 126M->59M(247M) 126.286ms
[2019-12-09T02:26:17.688+0000][1][gc,cpu       ] GC(19) User=0.04s Sys=0.00s Real=0.13s
[2019-12-09T02:26:17.688+0000][1][safepoint    ] Leaving safepoint region
[2019-12-09T02:26:17.688+0000][1][safepoint    ] Total time for which application threads were stopped: 0.1264324 seconds, Stopping threads took: 0.0000144 seconds
[2019-12-09T02:26:17.743+0000][1][safepoint    ] Application time: 0.0554181 seconds
[2019-12-09T02:26:17.743+0000][1][safepoint    ] Entering safepoint region: RevokeBias
[2019-12-09T02:26:17.743+0000][1][safepoint    ] Leaving safepoint region
[2019-12-09T02:26:17.743+0000][1][safepoint    ] Total time for which application threads were stopped: 0.0000611 seconds, Stopping threads took: 0.0000138 seconds
[2019-12-09T02:26:18.745+0000][1][safepoint    ] Application time: 1.0012851 seconds
[2019-12-09T02:26:18.833+0000][1][safepoint    ] Entering safepoint region: Cleanup
[2019-12-09T02:26:18.833+0000][1][safepoint    ] Leaving safepoint region
[2019-12-09T02:26:18.833+0000][1][safepoint    ] Total time for which application threads were stopped: 0.0881245 seconds, Stopping threads took: 0.0880548 seconds
[2019-12-09T02:26:18.967+0000][1][safepoint    ] Application time: 0.1336830 seconds
[2019-12-09T02:26:18.967+0000][1][safepoint    ] Entering safepoint region: RevokeBias
[2019-12-09T02:26:18.967+0000][1][safepoint    ] Leaving safepoint region
[2019-12-09T02:26:18.967+0000][1][safepoint    ] Total time for which application threads were stopped: 0.0001391 seconds, Stopping threads took: 0.0000137 seconds
[2019-12-09T02:26:19.140+0000][1][safepoint    ] Application time: 0.1729387 seconds
[2019-12-09T02:26:19.140+0000][1][safepoint    ] Entering safepoint region: RevokeBias
[2019-12-09T02:26:19.140+0000][1][safepoint    ] Leaving safepoint region
[2019-12-09T02:26:19.140+0000][1][safepoint    ] Total time for which application threads were stopped: 0.0000928 seconds, Stopping threads took: 0.0000144 seconds
[2019-12-09T02:26:19.184+0000][1][safepoint    ] Application time: 0.0446393 seconds
[2019-12-09T02:26:19.185+0000][1][safepoint    ] Entering safepoint region: RevokeBias
[2019-12-09T02:26:19.185+0000][1][safepoint    ] Leaving safepoint region
[2019-12-09T02:26:19.185+0000][1][safepoint    ] Total time for which application threads were stopped: 0.0001164 seconds, Stopping threads took: 0.0000134 seconds
[2019-12-09T02:26:20.187+0000][1][safepoint    ] Application time: 1.0020475 seconds
[2019-12-09T02:26:20.187+0000][1][safepoint    ] Entering safepoint region: Cleanup
[2019-12-09T02:26:20.187+0000][1][safepoint    ] Leaving safepoint region
[2019-12-09T02:26:20.187+0000][1][safepoint    ] Total time for which application threads were stopped: 0.0000634 seconds, Stopping threads took: 0.0000143 seconds
[2019-12-09T02:26:20.461+0000][1][safepoint    ] Application time: 0.2738909 seconds
[2019-12-09T02:26:20.461+0000][1][safepoint    ] Entering safepoint region: RevokeBias
[2019-12-09T02:26:20.461+0000][1][safepoint    ] Leaving safepoint region
[2019-12-09T02:26:20.461+0000][1][safepoint    ] Total time for which application threads were stopped: 0.0004589 seconds, Stopping threads took: 0.0000138 seconds
[2019-12-09T02:26:20.980+0000][1][safepoint    ] Application time: 0.5186536 seconds
[2019-12-09T02:26:21.046+0000][1][safepoint    ] Entering safepoint region: RevokeBias
[2019-12-09T02:26:21.046+0000][1][safepoint    ] Leaving safepoint region
[2019-12-09T02:26:21.046+0000][1][safepoint    ] Total time for which application threads were stopped: 0.0660929 seconds, Stopping threads took: 0.0659848 seconds
[2019-12-09T02:26:21.046+0000][1][safepoint    ] Application time: 0.0001268 seconds
[2019-12-09T02:26:21.046+0000][1][safepoint    ] Entering safepoint region: RevokeBias
[2019-12-09T02:26:21.046+0000][1][safepoint    ] Leaving safepoint region
[2019-12-09T02:26:21.046+0000][1][safepoint    ] Total time for which application threads were stopped: 0.0000723 seconds, Stopping threads took: 0.0000105 seconds
[2019-12-09T02:26:21.046+0000][1][safepoint    ] Application time: 0.0000608 seconds
[2019-12-09T02:26:21.046+0000][1][safepoint    ] Entering safepoint region: RevokeBias
[2019-12-09T02:26:21.046+0000][1][safepoint    ] Leaving safepoint region
[2019-12-09T02:26:21.046+0000][1][safepoint    ] Total time for which application threads were stopped: 0.0000618 seconds, Stopping threads took: 0.0000077 seconds
[2019-12-09T02:26:21.046+0000][1][safepoint    ] Application time: 0.0001228 seconds
[2019-12-09T02:26:21.046+0000][1][safepoint    ] Entering safepoint region: RevokeBias
[2019-12-09T02:26:21.047+0000][1][safepoint    ] Leaving safepoint region
[2019-12-09T02:26:21.047+0000][1][safepoint    ] Total time for which application threads were stopped: 0.0000589 seconds, Stopping threads took: 0.0000082 seconds
[2019-12-09T02:26:21.051+0000][1][safepoint    ] Application time: 0.0042040 seconds
[2019-12-09T02:26:21.051+0000][1][safepoint    ] Entering safepoint region: RevokeBias
[2019-12-09T02:26:21.051+0000][1][safepoint    ] Leaving safepoint region
[2019-12-09T02:26:21.051+0000][1][safepoint    ] Total time for which application threads were stopped: 0.0004407 seconds, Stopping threads took: 0.0003960 seconds
[2019-12-09T02:26:21.051+0000][1][safepoint    ] Application time: 0.0000900 seconds
[2019-12-09T02:26:21.051+0000][1][safepoint    ] Entering safepoint region: RevokeBias
[2019-12-09T02:26:21.051+0000][1][safepoint    ] Leaving safepoint region
[2019-12-09T02:26:21.051+0000][1][safepoint    ] Total time for which application threads were stopped: 0.0000372 seconds, Stopping threads took: 0.0000081 seconds
[2019-12-09T02:26:21.052+0000][1][safepoint    ] Application time: 0.0001338 seconds
[2019-12-09T02:26:21.052+0000][1][safepoint    ] Entering safepoint region: RevokeBias
[2019-12-09T02:26:21.052+0000][1][safepoint    ] Leaving safepoint region
[2019-12-09T02:26:21.052+0000][1][safepoint    ] Total time for which application threads were stopped: 0.0000366 seconds, Stopping threads took: 0.0000072 seconds
[2019-12-09T02:26:21.052+0000][1][safepoint    ] Application time: 0.0000714 seconds
[2019-12-09T02:26:21.052+0000][1][safepoint    ] Entering safepoint region: RevokeBias
[2019-12-09T02:26:21.052+0000][1][safepoint    ] Leaving safepoint region
[2019-12-09T02:26:21.052+0000][1][safepoint    ] Total time for which application threads were stopped: 0.0000652 seconds, Stopping threads took: 0.0000081 seconds
[2019-12-09T02:26:21.052+0000][1][safepoint    ] Application time: 0.0000540 seconds
[2019-12-09T02:26:21.052+0000][1][safepoint    ] Entering safepoint region: RevokeBias
[2019-12-09T02:26:21.052+0000][1][safepoint    ] Leaving safepoint region
[2019-12-09T02:26:21.052+0000][1][safepoint    ] Total time for which application threads were stopped: 0.0000385 seconds, Stopping threads took: 0.0000079 seconds
[2019-12-09T02:26:21.052+0000][1][safepoint    ] Application time: 0.0000531 seconds
[2019-12-09T02:26:21.052+0000][1][safepoint    ] Entering safepoint region: RevokeBias
[2019-12-09T02:26:21.052+0000][1][safepoint    ] Leaving safepoint region
[2019-12-09T02:26:21.052+0000][1][safepoint    ] Total time for which application threads were stopped: 0.0000363 seconds, Stopping threads took: 0.0000076 seconds
[2019-12-09T02:26:21.052+0000][1][safepoint    ] Application time: 0.0000586 seconds
[2019-12-09T02:26:21.052+0000][1][safepoint    ] Entering safepoint region: RevokeBias
[2019-12-09T02:26:21.052+0000][1][safepoint    ] Leaving safepoint region
[2019-12-09T02:26:21.052+0000][1][safepoint    ] Total time for which application threads were stopped: 0.0000811 seconds, Stopping threads took: 0.0000162 seconds
[2019-12-09T02:26:21.052+0000][1][safepoint    ] Application time: 0.0000539 seconds
[2019-12-09T02:26:21.052+0000][1][safepoint    ] Entering safepoint region: RevokeBias
[2019-12-09T02:26:21.052+0000][1][safepoint    ] Leaving safepoint region
[2019-12-09T02:26:21.052+0000][1][safepoint    ] Total time for which application threads were stopped: 0.0000389 seconds, Stopping threads took: 0.0000077 seconds
[2019-12-09T02:26:21.052+0000][1][safepoint    ] Application time: 0.0000512 seconds
[2019-12-09T02:26:21.052+0000][1][safepoint    ] Entering safepoint region: RevokeBias
[2019-12-09T02:26:21.052+0000][1][safepoint    ] Leaving safepoint region
[2019-12-09T02:26:21.052+0000][1][safepoint    ] Total time for which application threads were stopped: 0.0000355 seconds, Stopping threads took: 0.0000073 seconds
[2019-12-09T02:26:21.052+0000][1][safepoint    ] Application time: 0.0000498 seconds
[2019-12-09T02:26:21.052+0000][1][safepoint    ] Entering safepoint region: RevokeBias
[2019-12-09T02:26:21.052+0000][1][safepoint    ] Leaving safepoint region
[2019-12-09T02:26:21.052+0000][1][safepoint    ] Total time for which application threads were stopped: 0.0000366 seconds, Stopping threads took: 0.0000075 seconds
[2019-12-09T02:26:21.052+0000][1][safepoint    ] Application time: 0.0000509 seconds
[2019-12-09T02:26:21.052+0000][1][safepoint    ] Entering safepoint region: RevokeBias
[2019-12-09T02:26:21.052+0000][1][safepoint    ] Leaving safepoint region
[2019-12-09T02:26:21.053+0000][1][safepoint    ] Total time for which application threads were stopped: 0.0000374 seconds, Stopping threads took: 0.0000080 seconds
[2019-12-09T02:26:21.053+0000][1][safepoint    ] Application time: 0.0000508 seconds
[2019-12-09T02:26:21.053+0000][1][safepoint    ] Entering safepoint region: RevokeBias
[2019-12-09T02:26:21.053+0000][1][safepoint    ] Leaving safepoint region
[2019-12-09T02:26:21.053+0000][1][safepoint    ] Total time for which application threads were stopped: 0.0000369 seconds, Stopping threads took: 0.0000076 seconds
[2019-12-09T02:26:21.053+0000][1][safepoint    ] Application time: 0.0000510 seconds
[2019-12-09T02:26:21.053+0000][1][safepoint    ] Entering safepoint region: RevokeBias
[2019-12-09T02:26:21.053+0000][1][safepoint    ] Leaving safepoint region
[2019-12-09T02:26:21.053+0000][1][safepoint    ] Total time for which application threads were stopped: 0.0000597 seconds, Stopping threads took: 0.0000264 seconds
[2019-12-09T02:26:21.053+0000][1][safepoint    ] Application time: 0.0000555 seconds
[2019-12-09T02:26:21.053+0000][1][safepoint    ] Entering safepoint region: RevokeBias
[2019-12-09T02:26:21.053+0000][1][safepoint    ] Leaving safepoint region
[2019-12-09T02:26:21.053+0000][1][safepoint    ] Total time for which application threads were stopped: 0.0000413 seconds, Stopping threads took: 0.0000077 seconds
[2019-12-09T02:26:21.053+0000][1][safepoint    ] Application time: 0.0000524 seconds
[2019-12-09T02:26:21.053+0000][1][safepoint    ] Entering safepoint region: RevokeBias
[2019-12-09T02:26:21.053+0000][1][safepoint    ] Leaving safepoint region
[2019-12-09T02:26:21.053+0000][1][safepoint    ] Total time for which application threads were stopped: 0.0000365 seconds, Stopping threads took: 0.0000077 seconds
[2019-12-09T02:26:21.053+0000][1][safepoint    ] Application time: 0.0000504 seconds
[2019-12-09T02:26:21.053+0000][1][safepoint    ] Entering safepoint region: RevokeBias
[2019-12-09T02:26:21.053+0000][1][safepoint    ] Leaving safepoint region
[2019-12-09T02:26:21.053+0000][1][safepoint    ] Total time for which application threads were stopped: 0.0000361 seconds, Stopping threads took: 0.0000080 seconds
[2019-12-09T02:26:21.053+0000][1][safepoint    ] Application time: 0.0000510 seconds
[2019-12-09T02:26:21.053+0000][1][safepoint    ] Entering safepoint region: RevokeBias
[2019-12-09T02:26:21.053+0000][1][safepoint    ] Leaving safepoint region
[2019-12-09T02:26:21.053+0000][1][safepoint    ] Total time for which application threads were stopped: 0.0000404 seconds, Stopping threads took: 0.0000120 seconds
[2019-12-09T02:26:21.053+0000][1][safepoint    ] Application time: 0.0000514 seconds
[2019-12-09T02:26:21.053+0000][1][safepoint    ] Entering safepoint region: RevokeBias
[2019-12-09T02:26:21.053+0000][1][safepoint    ] Leaving safepoint region
[2019-12-09T02:26:21.053+0000][1][safepoint    ] Total time for which application threads were stopped: 0.0000363 seconds, Stopping threads took: 0.0000079 seconds
[2019-12-09T02:26:21.053+0000][1][safepoint    ] Application time: 0.0000509 seconds
[2019-12-09T02:26:21.053+0000][1][safepoint    ] Entering safepoint region: RevokeBias
[2019-12-09T02:26:21.053+0000][1][safepoint    ] Leaving safepoint region
[2019-12-09T02:26:21.053+0000][1][safepoint    ] Total time for which application threads were stopped: 0.0000355 seconds, Stopping threads took: 0.0000076 seconds
[2019-12-09T02:26:21.053+0000][1][safepoint    ] Application time: 0.0000503 seconds
[2019-12-09T02:26:21.053+0000][1][safepoint    ] Entering safepoint region: RevokeBias
[2019-12-09T02:26:21.053+0000][1][safepoint    ] Leaving safepoint region
[2019-12-09T02:26:21.053+0000][1][safepoint    ] Total time for which application threads were stopped: 0.0000358 seconds, Stopping threads took: 0.0000077 seconds
[2019-12-09T02:26:21.054+0000][1][safepoint    ] Application time: 0.0000511 seconds
[2019-12-09T02:26:21.054+0000][1][safepoint    ] Entering safepoint region: BulkRevokeBias
[2019-12-09T02:26:21.054+0000][1][safepoint    ] Leaving safepoint region
[2019-12-09T02:26:21.054+0000][1][safepoint    ] Total time for which application threads were stopped: 0.0001032 seconds, Stopping threads took: 0.0000081 seconds
[2019-12-09T02:26:21.054+0000][1][safepoint    ] Application time: 0.0001795 seconds
[2019-12-09T02:26:21.054+0000][1][safepoint    ] Entering safepoint region: RevokeBias
[2019-12-09T02:26:21.054+0000][1][safepoint    ] Leaving safepoint region
[2019-12-09T02:26:21.054+0000][1][safepoint    ] Total time for which application threads were stopped: 0.0000578 seconds, Stopping threads took: 0.0000098 seconds
[2019-12-09T02:26:21.054+0000][1][safepoint    ] Application time: 0.0000835 seconds
[2019-12-09T02:26:21.054+0000][1][safepoint    ] Entering safepoint region: RevokeBias
[2019-12-09T02:26:21.054+0000][1][safepoint    ] Leaving safepoint region
[2019-12-09T02:26:21.054+0000][1][safepoint    ] Total time for which application threads were stopped: 0.0000498 seconds, Stopping threads took: 0.0000091 seconds
[2019-12-09T02:26:21.054+0000][1][safepoint    ] Application time: 0.0001264 seconds
[2019-12-09T02:26:21.054+0000][1][safepoint    ] Entering safepoint region: RevokeBias
[2019-12-09T02:26:21.054+0000][1][safepoint    ] Leaving safepoint region
[2019-12-09T02:26:21.054+0000][1][safepoint    ] Total time for which application threads were stopped: 0.0000486 seconds, Stopping threads took: 0.0000087 seconds
[2019-12-09T02:26:21.054+0000][1][safepoint    ] Application time: 0.0000738 seconds
[2019-12-09T02:26:21.054+0000][1][safepoint    ] Entering safepoint region: RevokeBias
[2019-12-09T02:26:21.054+0000][1][safepoint    ] Leaving safepoint region
[2019-12-09T02:26:21.054+0000][1][safepoint    ] Total time for which application threads were stopped: 0.0000445 seconds, Stopping threads took: 0.0000085 seconds
[2019-12-09T02:26:21.054+0000][1][safepoint    ] Application time: 0.0000789 seconds
[2019-12-09T02:26:21.054+0000][1][safepoint    ] Entering safepoint region: RevokeBias
[2019-12-09T02:26:21.055+0000][1][safepoint    ] Leaving safepoint region
[2019-12-09T02:26:21.055+0000][1][safepoint    ] Total time for which application threads were stopped: 0.0000471 seconds, Stopping threads took: 0.0000085 seconds
[2019-12-09T02:26:21.055+0000][1][safepoint    ] Application time: 0.0000600 seconds
[2019-12-09T02:26:21.055+0000][1][safepoint    ] Entering safepoint region: RevokeBias
[2019-12-09T02:26:21.055+0000][1][safepoint    ] Leaving safepoint region
[2019-12-09T02:26:21.055+0000][1][safepoint    ] Total time for which application threads were stopped: 0.0000533 seconds, Stopping threads took: 0.0000133 seconds
[2019-12-09T02:26:21.055+0000][1][safepoint    ] Application time: 0.0001849 seconds
[2019-12-09T02:26:21.055+0000][1][safepoint    ] Entering safepoint region: RevokeBias
[2019-12-09T02:26:21.055+0000][1][safepoint    ] Leaving safepoint region
[2019-12-09T02:26:21.055+0000][1][safepoint    ] Total time for which application threads were stopped: 0.0000488 seconds, Stopping threads took: 0.0000091 seconds
[2019-12-09T02:26:21.055+0000][1][safepoint    ] Application time: 0.0000565 seconds
[2019-12-09T02:26:21.055+0000][1][safepoint    ] Entering safepoint region: BulkRevokeBias
[2019-12-09T02:26:21.055+0000][1][safepoint    ] Leaving safepoint region
[2019-12-09T02:26:21.055+0000][1][safepoint    ] Total time for which application threads were stopped: 0.0000866 seconds, Stopping threads took: 0.0000080 seconds
[2019-12-09T02:26:21.055+0000][1][safepoint    ] Application time: 0.0002779 seconds
[2019-12-09T02:26:21.055+0000][1][safepoint    ] Entering safepoint region: RevokeBias
[2019-12-09T02:26:21.055+0000][1][safepoint    ] Leaving safepoint region
[2019-12-09T02:26:21.055+0000][1][safepoint    ] Total time for which application threads were stopped: 0.0000511 seconds, Stopping threads took: 0.0000087 seconds
[2019-12-09T02:26:21.056+0000][1][safepoint    ] Application time: 0.0000737 seconds
[2019-12-09T02:26:21.056+0000][1][safepoint    ] Entering safepoint region: RevokeBias
[2019-12-09T02:26:21.056+0000][1][safepoint    ] Leaving safepoint region
[2019-12-09T02:26:21.056+0000][1][safepoint    ] Total time for which application threads were stopped: 0.0000399 seconds, Stopping threads took: 0.0000079 seconds
[2019-12-09T02:26:21.056+0000][1][safepoint    ] Application time: 0.0001816 seconds
[2019-12-09T02:26:21.056+0000][1][safepoint    ] Entering safepoint region: RevokeBias
[2019-12-09T02:26:21.056+0000][1][safepoint    ] Leaving safepoint region
[2019-12-09T02:26:21.056+0000][1][safepoint    ] Total time for which application threads were stopped: 0.0000596 seconds, Stopping threads took: 0.0000087 seconds
[2019-12-09T02:26:21.056+0000][1][safepoint    ] Application time: 0.0000556 seconds
[2019-12-09T02:26:21.056+0000][1][safepoint    ] Entering safepoint region: RevokeBias
[2019-12-09T02:26:21.056+0000][1][safepoint    ] Leaving safepoint region
[2019-12-09T02:26:21.056+0000][1][safepoint    ] Total time for which application threads were stopped: 0.0000313 seconds, Stopping threads took: 0.0000064 seconds
[2019-12-09T02:26:21.056+0000][1][safepoint    ] Application time: 0.0000427 seconds
[2019-12-09T02:26:21.056+0000][1][safepoint    ] Entering safepoint region: RevokeBias
[2019-12-09T02:26:21.056+0000][1][safepoint    ] Leaving safepoint region
[2019-12-09T02:26:21.056+0000][1][safepoint    ] Total time for which application threads were stopped: 0.0000301 seconds, Stopping threads took: 0.0000064 seconds
[2019-12-09T02:26:21.056+0000][1][safepoint    ] Application time: 0.0000426 seconds
[2019-12-09T02:26:21.056+0000][1][safepoint    ] Entering safepoint region: RevokeBias
[2019-12-09T02:26:21.056+0000][1][safepoint    ] Leaving safepoint region
[2019-12-09T02:26:21.056+0000][1][safepoint    ] Total time for which application threads were stopped: 0.0000296 seconds, Stopping threads took: 0.0000063 seconds
[2019-12-09T02:26:21.056+0000][1][safepoint    ] Application time: 0.0002878 seconds
[2019-12-09T02:26:21.056+0000][1][safepoint    ] Entering safepoint region: RevokeBias
[2019-12-09T02:26:21.056+0000][1][safepoint    ] Leaving safepoint region
[2019-12-09T02:26:21.056+0000][1][safepoint    ] Total time for which application threads were stopped: 0.0000366 seconds, Stopping threads took: 0.0000074 seconds
[2019-12-09T02:26:21.057+0000][1][safepoint    ] Application time: 0.0001065 seconds
[2019-12-09T02:26:21.057+0000][1][safepoint    ] Entering safepoint region: RevokeBias
[2019-12-09T02:26:21.057+0000][1][safepoint    ] Leaving safepoint region
[2019-12-09T02:26:21.057+0000][1][safepoint    ] Total time for which application threads were stopped: 0.0000379 seconds, Stopping threads took: 0.0000107 seconds
[2019-12-09T02:26:21.057+0000][1][safepoint    ] Application time: 0.0001630 seconds
[2019-12-09T02:26:21.057+0000][1][safepoint    ] Entering safepoint region: RevokeBias
[2019-12-09T02:26:21.057+0000][1][safepoint    ] Leaving safepoint region
[2019-12-09T02:26:21.057+0000][1][safepoint    ] Total time for which application threads were stopped: 0.0000383 seconds, Stopping threads took: 0.0000073 seconds
[2019-12-09T02:26:21.057+0000][1][safepoint    ] Application time: 0.0003118 seconds
[2019-12-09T02:26:21.057+0000][1][safepoint    ] Entering safepoint region: RevokeBias
[2019-12-09T02:26:21.057+0000][1][safepoint    ] Leaving safepoint region
[2019-12-09T02:26:21.057+0000][1][safepoint    ] Total time for which application threads were stopped: 0.0000462 seconds, Stopping threads took: 0.0000088 seconds
[2019-12-09T02:26:21.058+0000][1][safepoint    ] Application time: 0.0004026 seconds
[2019-12-09T02:26:21.058+0000][1][safepoint    ] Entering safepoint region: RevokeBias
[2019-12-09T02:26:21.058+0000][1][safepoint    ] Leaving safepoint region
[2019-12-09T02:26:21.058+0000][1][safepoint    ] Total time for which application threads were stopped: 0.0000472 seconds, Stopping threads took: 0.0000088 seconds
[2019-12-09T02:26:21.058+0000][1][safepoint    ] Application time: 0.0001379 seconds
[2019-12-09T02:26:21.058+0000][1][safepoint    ] Entering safepoint region: RevokeBias
[2019-12-09T02:26:21.058+0000][1][safepoint    ] Leaving safepoint region
[2019-12-09T02:26:21.058+0000][1][safepoint    ] Total time for which application threads were stopped: 0.0000435 seconds, Stopping threads took: 0.0000086 seconds
[2019-12-09T02:26:21.058+0000][1][safepoint    ] Application time: 0.0002039 seconds
[2019-12-09T02:26:21.058+0000][1][safepoint    ] Entering safepoint region: RevokeBias
[2019-12-09T02:26:21.058+0000][1][safepoint    ] Leaving safepoint region
[2019-12-09T02:26:21.058+0000][1][safepoint    ] Total time for which application threads were stopped: 0.0000457 seconds, Stopping threads took: 0.0000085 seconds
[2019-12-09T02:26:21.060+0000][1][safepoint    ] Application time: 0.0013907 seconds
[2019-12-09T02:26:21.060+0000][1][safepoint    ] Entering safepoint region: RevokeBias
[2019-12-09T02:26:21.060+0000][1][safepoint    ] Leaving safepoint region
[2019-12-09T02:26:21.060+0000][1][safepoint    ] Total time for which application threads were stopped: 0.0000552 seconds, Stopping threads took: 0.0000099 seconds
[2019-12-09T02:26:21.060+0000][1][safepoint    ] Application time: 0.0000607 seconds
[2019-12-09T02:26:21.060+0000][1][safepoint    ] Entering safepoint region: RevokeBias
[2019-12-09T02:26:21.060+0000][1][safepoint    ] Leaving safepoint region
[2019-12-09T02:26:21.060+0000][1][safepoint    ] Total time for which application threads were stopped: 0.0000417 seconds, Stopping threads took: 0.0000083 seconds
[2019-12-09T02:26:21.061+0000][1][safepoint    ] Application time: 0.0008441 seconds
[2019-12-09T02:26:21.061+0000][1][safepoint    ] Entering safepoint region: RevokeBias
[2019-12-09T02:26:21.061+0000][1][safepoint    ] Leaving safepoint region
[2019-12-09T02:26:21.061+0000][1][safepoint    ] Total time for which application threads were stopped: 0.0000449 seconds, Stopping threads took: 0.0000082 seconds
[2019-12-09T02:26:21.075+0000][1][safepoint    ] Application time: 0.0147692 seconds
[2019-12-09T02:26:21.155+0000][1][safepoint    ] Entering safepoint region: RevokeBias
[2019-12-09T02:26:21.155+0000][1][safepoint    ] Leaving safepoint region
[2019-12-09T02:26:21.155+0000][1][safepoint    ] Total time for which application threads were stopped: 0.0794644 seconds, Stopping threads took: 0.0793532 seconds
[2019-12-09T02:26:21.155+0000][1][safepoint    ] Application time: 0.0000852 seconds
[2019-12-09T02:26:21.155+0000][1][safepoint    ] Entering safepoint region: RevokeBias
[2019-12-09T02:26:21.155+0000][1][safepoint    ] Leaving safepoint region
[2019-12-09T02:26:21.155+0000][1][safepoint    ] Total time for which application threads were stopped: 0.0000686 seconds, Stopping threads took: 0.0000153 seconds
[2019-12-09T02:26:21.155+0000][1][safepoint    ] Application time: 0.0000564 seconds
[2019-12-09T02:26:21.155+0000][1][safepoint    ] Entering safepoint region: RevokeBias
[2019-12-09T02:26:21.155+0000][1][safepoint    ] Leaving safepoint region
[2019-12-09T02:26:21.155+0000][1][safepoint    ] Total time for which application threads were stopped: 0.0000497 seconds, Stopping threads took: 0.0000086 seconds
[2019-12-09T02:26:21.155+0000][1][safepoint    ] Application time: 0.0000515 seconds
[2019-12-09T02:26:21.155+0000][1][safepoint    ] Entering safepoint region: RevokeBias
[2019-12-09T02:26:21.155+0000][1][safepoint    ] Leaving safepoint region
[2019-12-09T02:26:21.155+0000][1][safepoint    ] Total time for which application threads were stopped: 0.0000481 seconds, Stopping threads took: 0.0000082 seconds
[2019-12-09T02:26:21.155+0000][1][safepoint    ] Application time: 0.0000507 seconds
[2019-12-09T02:26:21.155+0000][1][safepoint    ] Entering safepoint region: RevokeBias
[2019-12-09T02:26:21.155+0000][1][safepoint    ] Leaving safepoint region
[2019-12-09T02:26:21.155+0000][1][safepoint    ] Total time for which application threads were stopped: 0.0000485 seconds, Stopping threads took: 0.0000077 seconds
[2019-12-09T02:26:21.155+0000][1][safepoint    ] Application time: 0.0000554 seconds
[2019-12-09T02:26:21.156+0000][1][safepoint    ] Entering safepoint region: RevokeBias
[2019-12-09T02:26:21.156+0000][1][safepoint    ] Leaving safepoint region
[2019-12-09T02:26:21.156+0000][1][safepoint    ] Total time for which application threads were stopped: 0.0000501 seconds, Stopping threads took: 0.0000077 seconds
[2019-12-09T02:26:21.156+0000][1][safepoint    ] Application time: 0.0000508 seconds
[2019-12-09T02:26:21.156+0000][1][safepoint    ] Entering safepoint region: RevokeBias
[2019-12-09T02:26:21.156+0000][1][safepoint    ] Leaving safepoint region
[2019-12-09T02:26:21.156+0000][1][safepoint    ] Total time for which application threads were stopped: 0.0000470 seconds, Stopping threads took: 0.0000076 seconds
[2019-12-09T02:26:21.156+0000][1][safepoint    ] Application time: 0.0000555 seconds
[2019-12-09T02:26:21.156+0000][1][safepoint    ] Entering safepoint region: RevokeBias
[2019-12-09T02:26:21.156+0000][1][safepoint    ] Leaving safepoint region
[2019-12-09T02:26:21.156+0000][1][safepoint    ] Total time for which application threads were stopped: 0.0000547 seconds, Stopping threads took: 0.0000087 seconds
[2019-12-09T02:26:21.156+0000][1][safepoint    ] Application time: 0.0000518 seconds
[2019-12-09T02:26:21.156+0000][1][safepoint    ] Entering safepoint region: RevokeBias
[2019-12-09T02:26:21.156+0000][1][safepoint    ] Leaving safepoint region
[2019-12-09T02:26:21.156+0000][1][safepoint    ] Total time for which application threads were stopped: 0.0000517 seconds, Stopping threads took: 0.0000081 seconds
[2019-12-09T02:26:21.156+0000][1][safepoint    ] Application time: 0.0000560 seconds
[2019-12-09T02:26:21.156+0000][1][safepoint    ] Entering safepoint region: RevokeBias
[2019-12-09T02:26:21.156+0000][1][safepoint    ] Leaving safepoint region
[2019-12-09T02:26:21.156+0000][1][safepoint    ] Total time for which application threads were stopped: 0.0000525 seconds, Stopping threads took: 0.0000086 seconds
[2019-12-09T02:26:21.156+0000][1][safepoint    ] Application time: 0.0000562 seconds
[2019-12-09T02:26:21.156+0000][1][safepoint    ] Entering safepoint region: RevokeBias
[2019-12-09T02:26:21.156+0000][1][safepoint    ] Leaving safepoint region
[2019-12-09T02:26:21.156+0000][1][safepoint    ] Total time for which application threads were stopped: 0.0000502 seconds, Stopping threads took: 0.0000080 seconds
[2019-12-09T02:26:21.156+0000][1][safepoint    ] Application time: 0.0000548 seconds
[2019-12-09T02:26:21.156+0000][1][safepoint    ] Entering safepoint region: RevokeBias
[2019-12-09T02:26:21.156+0000][1][safepoint    ] Leaving safepoint region
[2019-12-09T02:26:21.156+0000][1][safepoint    ] Total time for which application threads were stopped: 0.0000634 seconds, Stopping threads took: 0.0000197 seconds
[2019-12-09T02:26:21.156+0000][1][safepoint    ] Application time: 0.0000536 seconds
[2019-12-09T02:26:21.156+0000][1][safepoint    ] Entering safepoint region: RevokeBias
[2019-12-09T02:26:21.156+0000][1][safepoint    ] Leaving safepoint region
[2019-12-09T02:26:21.156+0000][1][safepoint    ] Total time for which application threads were stopped: 0.0000470 seconds, Stopping threads took: 0.0000085 seconds
[2019-12-09T02:26:21.156+0000][1][safepoint    ] Application time: 0.0000536 seconds
[2019-12-09T02:26:21.157+0000][1][safepoint    ] Entering safepoint region: RevokeBias
[2019-12-09T02:26:21.157+0000][1][safepoint    ] Leaving safepoint region
[2019-12-09T02:26:21.157+0000][1][safepoint    ] Total time for which application threads were stopped: 0.0000470 seconds, Stopping threads took: 0.0000078 seconds
[2019-12-09T02:26:21.157+0000][1][safepoint    ] Application time: 0.0000498 seconds
[2019-12-09T02:26:21.157+0000][1][safepoint    ] Entering safepoint region: RevokeBias
[2019-12-09T02:26:21.157+0000][1][safepoint    ] Leaving safepoint region
[2019-12-09T02:26:21.157+0000][1][safepoint    ] Total time for which application threads were stopped: 0.0000467 seconds, Stopping threads took: 0.0000074 seconds
[2019-12-09T02:26:21.157+0000][1][safepoint    ] Application time: 0.0000675 seconds
[2019-12-09T02:26:21.157+0000][1][safepoint    ] Entering safepoint region: RevokeBias
[2019-12-09T02:26:21.157+0000][1][safepoint    ] Leaving safepoint region
[2019-12-09T02:26:21.157+0000][1][safepoint    ] Total time for which application threads were stopped: 0.0000530 seconds, Stopping threads took: 0.0000087 seconds
[2019-12-09T02:26:21.157+0000][1][safepoint    ] Application time: 0.0000539 seconds
[2019-12-09T02:26:21.157+0000][1][safepoint    ] Entering safepoint region: RevokeBias
[2019-12-09T02:26:21.157+0000][1][safepoint    ] Leaving safepoint region
[2019-12-09T02:26:21.157+0000][1][safepoint    ] Total time for which application threads were stopped: 0.0000509 seconds, Stopping threads took: 0.0000085 seconds
[2019-12-09T02:26:21.157+0000][1][safepoint    ] Application time: 0.0000526 seconds
[2019-12-09T02:26:21.157+0000][1][safepoint    ] Entering safepoint region: RevokeBias
[2019-12-09T02:26:21.157+0000][1][safepoint    ] Leaving safepoint region
[2019-12-09T02:26:21.157+0000][1][safepoint    ] Total time for which application threads were stopped: 0.0000486 seconds, Stopping threads took: 0.0000083 seconds
[2019-12-09T02:26:21.157+0000][1][safepoint    ] Application time: 0.0000526 seconds
[2019-12-09T02:26:21.157+0000][1][safepoint    ] Entering safepoint region: RevokeBias
[2019-12-09T02:26:21.157+0000][1][safepoint    ] Leaving safepoint region
[2019-12-09T02:26:21.157+0000][1][safepoint    ] Total time for which application threads were stopped: 0.0000512 seconds, Stopping threads took: 0.0000084 seconds
[2019-12-09T02:26:21.157+0000][1][safepoint    ] Application time: 0.0000545 seconds
[2019-12-09T02:26:21.157+0000][1][safepoint    ] Entering safepoint region: BulkRevokeBias
[2019-12-09T02:26:21.157+0000][1][safepoint    ] Leaving safepoint region
[2019-12-09T02:26:21.157+0000][1][safepoint    ] Total time for which application threads were stopped: 0.0001383 seconds, Stopping threads took: 0.0000082 seconds
[2019-12-09T02:26:21.158+0000][1][safepoint    ] Application time: 0.0005616 seconds
[2019-12-09T02:26:21.158+0000][1][safepoint    ] Entering safepoint region: RevokeBias
[2019-12-09T02:26:21.158+0000][1][safepoint    ] Leaving safepoint region
[2019-12-09T02:26:21.158+0000][1][safepoint    ] Total time for which application threads were stopped: 0.0000926 seconds, Stopping threads took: 0.0000114 seconds
[2019-12-09T02:26:21.158+0000][1][safepoint    ] Application time: 0.0000695 seconds
[2019-12-09T02:26:21.158+0000][1][safepoint    ] Entering safepoint region: RevokeBias
[2019-12-09T02:26:21.158+0000][1][safepoint    ] Leaving safepoint region
[2019-12-09T02:26:21.158+0000][1][safepoint    ] Total time for which application threads were stopped: 0.0000842 seconds, Stopping threads took: 0.0000129 seconds
[2019-12-09T02:26:21.160+0000][1][safepoint    ] Application time: 0.0014892 seconds
[2019-12-09T02:26:21.184+0000][1][safepoint    ] Entering safepoint region: RevokeBias
[2019-12-09T02:26:21.184+0000][1][safepoint    ] Leaving safepoint region
[2019-12-09T02:26:21.184+0000][1][safepoint    ] Total time for which application threads were stopped: 0.0241688 seconds, Stopping threads took: 0.0240563 seconds
[2019-12-09T02:26:21.184+0000][1][safepoint    ] Application time: 0.0002889 seconds
[2019-12-09T02:26:21.184+0000][1][safepoint    ] Entering safepoint region: RevokeBias
[2019-12-09T02:26:21.184+0000][1][safepoint    ] Leaving safepoint region
[2019-12-09T02:26:21.184+0000][1][safepoint    ] Total time for which application threads were stopped: 0.0001013 seconds, Stopping threads took: 0.0000106 seconds
[2019-12-09T02:26:21.410+0000][1][safepoint    ] Application time: 0.2255310 seconds
[2019-12-09T02:26:21.491+0000][1][safepoint    ] Entering safepoint region: RevokeBias
[2019-12-09T02:26:21.491+0000][1][safepoint    ] Leaving safepoint region
[2019-12-09T02:26:21.491+0000][1][safepoint    ] Total time for which application threads were stopped: 0.0809651 seconds, Stopping threads took: 0.0808655 seconds
[2019-12-09T02:26:21.491+0000][1][safepoint    ] Application time: 0.0000642 seconds
[2019-12-09T02:26:21.491+0000][1][safepoint    ] Entering safepoint region: RevokeBias
[2019-12-09T02:26:21.491+0000][1][safepoint    ] Leaving safepoint region
[2019-12-09T02:26:21.491+0000][1][safepoint    ] Total time for which application threads were stopped: 0.0000378 seconds, Stopping threads took: 0.0000100 seconds
[2019-12-09T02:26:21.710+0000][1][safepoint    ] Application time: 0.2191500 seconds
[2019-12-09T02:26:21.710+0000][1][safepoint    ] Entering safepoint region: RevokeBias
[2019-12-09T02:26:21.710+0000][1][safepoint    ] Leaving safepoint region
[2019-12-09T02:26:21.710+0000][1][safepoint    ] Total time for which application threads were stopped: 0.0000751 seconds, Stopping threads took: 0.0000145 seconds
[2019-12-09T02:26:22.299+0000][1][safepoint    ] Application time: 0.5885778 seconds
[2019-12-09T02:26:22.299+0000][1][safepoint    ] Entering safepoint region: GenCollectForAllocation
[2019-12-09T02:26:22.299+0000][1][gc,start     ] GC(20) Pause Young (Allocation Failure)
[2019-12-09T02:26:22.299+0000][1][gc,task      ] GC(20) Using 2 workers of 2 for evacuation
[2019-12-09T02:26:22.563+0000][1][gc,age       ] GC(20) Desired survivor size 4456448 bytes, new threshold 2 (max threshold 6)
[2019-12-09T02:26:22.564+0000][1][gc,age       ] GC(20) Age table with threshold 2 (max threshold 6)
[2019-12-09T02:26:22.564+0000][1][gc,age       ] GC(20) - age   1:    2834048 bytes,    2834048 total
[2019-12-09T02:26:22.564+0000][1][gc,age       ] GC(20) - age   2:    2462312 bytes,    5296360 total
[2019-12-09T02:26:22.564+0000][1][gc,age       ] GC(20) - age   3:    1896296 bytes,    7192656 total
[2019-12-09T02:26:22.564+0000][1][gc,heap      ] GC(20) ParNew: 75657K->8704K(78656K)
[2019-12-09T02:26:22.564+0000][1][gc,heap      ] GC(20) CMS: 54925K->56140K(174784K)
[2019-12-09T02:26:22.564+0000][1][gc,metaspace ] GC(20) Metaspace: 48335K->48335K(1093632K)
[2019-12-09T02:26:22.564+0000][1][gc           ] GC(20) Pause Young (Allocation Failure) 127M->63M(247M) 264.638ms
[2019-12-09T02:26:22.564+0000][1][gc,cpu       ] GC(20) User=0.07s Sys=0.00s Real=0.26s
[2019-12-09T02:26:22.564+0000][1][safepoint    ] Leaving safepoint region
[2019-12-09T02:26:22.564+0000][1][safepoint    ] Total time for which application threads were stopped: 0.2647733 seconds, Stopping threads took: 0.0000156 seconds
[2019-12-09T02:26:22.567+0000][1][safepoint    ] Application time: 0.0037273 seconds
[2019-12-09T02:26:22.610+0000][1][safepoint    ] Entering safepoint region: RevokeBias
[2019-12-09T02:26:22.610+0000][1][safepoint    ] Leaving safepoint region
[2019-12-09T02:26:22.610+0000][1][safepoint    ] Total time for which application threads were stopped: 0.0424969 seconds, Stopping threads took: 0.0424081 seconds
[2019-12-09T02:26:22.610+0000][1][safepoint    ] Application time: 0.0001167 seconds
[2019-12-09T02:26:22.610+0000][1][safepoint    ] Entering safepoint region: RevokeBias
[2019-12-09T02:26:22.610+0000][1][safepoint    ] Leaving safepoint region
[2019-12-09T02:26:22.610+0000][1][safepoint    ] Total time for which application threads were stopped: 0.0000668 seconds, Stopping threads took: 0.0000108 seconds
[2019-12-09T02:26:22.610+0000][1][safepoint    ] Application time: 0.0002447 seconds
[2019-12-09T02:26:22.610+0000][1][safepoint    ] Entering safepoint region: RevokeBias
[2019-12-09T02:26:22.611+0000][1][safepoint    ] Leaving safepoint region
[2019-12-09T02:26:22.611+0000][1][safepoint    ] Total time for which application threads were stopped: 0.0001664 seconds, Stopping threads took: 0.0000105 seconds
[2019-12-09T02:26:22.611+0000][1][safepoint    ] Application time: 0.0000636 seconds
[2019-12-09T02:26:22.611+0000][1][safepoint    ] Entering safepoint region: RevokeBias
[2019-12-09T02:26:22.611+0000][1][safepoint    ] Leaving safepoint region
[2019-12-09T02:26:22.611+0000][1][safepoint    ] Total time for which application threads were stopped: 0.0001570 seconds, Stopping threads took: 0.0000101 seconds
[2019-12-09T02:26:22.611+0000][1][safepoint    ] Application time: 0.0000594 seconds
[2019-12-09T02:26:22.611+0000][1][safepoint    ] Entering safepoint region: RevokeBias
[2019-12-09T02:26:22.611+0000][1][safepoint    ] Leaving safepoint region
[2019-12-09T02:26:22.611+0000][1][safepoint    ] Total time for which application threads were stopped: 0.0001085 seconds, Stopping threads took: 0.0000086 seconds
[2019-12-09T02:26:22.611+0000][1][safepoint    ] Application time: 0.0000577 seconds
[2019-12-09T02:26:22.611+0000][1][safepoint    ] Entering safepoint region: RevokeBias
[2019-12-09T02:26:22.611+0000][1][safepoint    ] Leaving safepoint region
[2019-12-09T02:26:22.611+0000][1][safepoint    ] Total time for which application threads were stopped: 0.0001151 seconds, Stopping threads took: 0.0000093 seconds
[2019-12-09T02:26:22.611+0000][1][safepoint    ] Application time: 0.0000496 seconds
[2019-12-09T02:26:22.611+0000][1][safepoint    ] Entering safepoint region: RevokeBias
[2019-12-09T02:26:22.611+0000][1][safepoint    ] Leaving safepoint region
[2019-12-09T02:26:22.611+0000][1][safepoint    ] Total time for which application threads were stopped: 0.0000876 seconds, Stopping threads took: 0.0000080 seconds
[2019-12-09T02:26:22.611+0000][1][safepoint    ] Application time: 0.0000474 seconds
[2019-12-09T02:26:22.611+0000][1][safepoint    ] Entering safepoint region: RevokeBias
[2019-12-09T02:26:22.611+0000][1][safepoint    ] Leaving safepoint region
[2019-12-09T02:26:22.611+0000][1][safepoint    ] Total time for which application threads were stopped: 0.0000864 seconds, Stopping threads took: 0.0000073 seconds
[2019-12-09T02:26:22.612+0000][1][safepoint    ] Application time: 0.0000491 seconds
[2019-12-09T02:26:22.612+0000][1][safepoint    ] Entering safepoint region: RevokeBias
[2019-12-09T02:26:22.612+0000][1][safepoint    ] Leaving safepoint region
[2019-12-09T02:26:22.612+0000][1][safepoint    ] Total time for which application threads were stopped: 0.0000861 seconds, Stopping threads took: 0.0000079 seconds
[2019-12-09T02:26:22.612+0000][1][safepoint    ] Application time: 0.0000613 seconds
[2019-12-09T02:26:22.612+0000][1][safepoint    ] Entering safepoint region: RevokeBias
[2019-12-09T02:26:22.612+0000][1][safepoint    ] Leaving safepoint region
[2019-12-09T02:26:22.612+0000][1][safepoint    ] Total time for which application threads were stopped: 0.0000913 seconds, Stopping threads took: 0.0000076 seconds
[2019-12-09T02:26:22.612+0000][1][safepoint    ] Application time: 0.0000502 seconds
[2019-12-09T02:26:22.612+0000][1][safepoint    ] Entering safepoint region: RevokeBias
[2019-12-09T02:26:22.612+0000][1][safepoint    ] Leaving safepoint region
[2019-12-09T02:26:22.612+0000][1][safepoint    ] Total time for which application threads were stopped: 0.0000908 seconds, Stopping threads took: 0.0000114 seconds
[2019-12-09T02:26:22.612+0000][1][safepoint    ] Application time: 0.0000478 seconds
[2019-12-09T02:26:22.612+0000][1][safepoint    ] Entering safepoint region: RevokeBias
[2019-12-09T02:26:22.612+0000][1][safepoint    ] Leaving safepoint region
[2019-12-09T02:26:22.612+0000][1][safepoint    ] Total time for which application threads were stopped: 0.0000855 seconds, Stopping threads took: 0.0000077 seconds
[2019-12-09T02:26:22.612+0000][1][safepoint    ] Application time: 0.0000476 seconds
[2019-12-09T02:26:22.612+0000][1][safepoint    ] Entering safepoint region: RevokeBias
[2019-12-09T02:26:22.612+0000][1][safepoint    ] Leaving safepoint region
[2019-12-09T02:26:22.612+0000][1][safepoint    ] Total time for which application threads were stopped: 0.0000851 seconds, Stopping threads took: 0.0000077 seconds
[2019-12-09T02:26:22.612+0000][1][safepoint    ] Application time: 0.0000507 seconds
[2019-12-09T02:26:22.612+0000][1][safepoint    ] Entering safepoint region: RevokeBias
[2019-12-09T02:26:22.612+0000][1][safepoint    ] Leaving safepoint region
[2019-12-09T02:26:22.612+0000][1][safepoint    ] Total time for which application threads were stopped: 0.0000851 seconds, Stopping threads took: 0.0000078 seconds
[2019-12-09T02:26:22.612+0000][1][safepoint    ] Application time: 0.0000486 seconds
[2019-12-09T02:26:22.612+0000][1][safepoint    ] Entering safepoint region: RevokeBias
[2019-12-09T02:26:22.613+0000][1][safepoint    ] Leaving safepoint region
[2019-12-09T02:26:22.613+0000][1][safepoint    ] Total time for which application threads were stopped: 0.0000868 seconds, Stopping threads took: 0.0000079 seconds
[2019-12-09T02:26:22.613+0000][1][safepoint    ] Application time: 0.0000476 seconds
[2019-12-09T02:26:22.613+0000][1][safepoint    ] Entering safepoint region: RevokeBias
[2019-12-09T02:26:22.613+0000][1][safepoint    ] Leaving safepoint region
[2019-12-09T02:26:22.613+0000][1][safepoint    ] Total time for which application threads were stopped: 0.0001089 seconds, Stopping threads took: 0.0000078 seconds
[2019-12-09T02:26:22.613+0000][1][safepoint    ] Application time: 0.0000542 seconds
[2019-12-09T02:26:22.613+0000][1][safepoint    ] Entering safepoint region: RevokeBias
[2019-12-09T02:26:22.613+0000][1][safepoint    ] Leaving safepoint region
[2019-12-09T02:26:22.613+0000][1][safepoint    ] Total time for which application threads were stopped: 0.0000898 seconds, Stopping threads took: 0.0000077 seconds
[2019-12-09T02:26:22.613+0000][1][safepoint    ] Application time: 0.0000526 seconds
[2019-12-09T02:26:22.613+0000][1][safepoint    ] Entering safepoint region: RevokeBias
[2019-12-09T02:26:22.613+0000][1][safepoint    ] Leaving safepoint region
[2019-12-09T02:26:22.613+0000][1][safepoint    ] Total time for which application threads were stopped: 0.0000864 seconds, Stopping threads took: 0.0000076 seconds
[2019-12-09T02:26:23.682+0000][1][safepoint    ] Application time: 1.0687745 seconds
[2019-12-09T02:26:23.713+0000][1][safepoint    ] Entering safepoint region: RevokeBias
[2019-12-09T02:26:23.713+0000][1][safepoint    ] Leaving safepoint region
[2019-12-09T02:26:23.713+0000][1][safepoint    ] Total time for which application threads were stopped: 0.0314344 seconds, Stopping threads took: 0.0309626 seconds
[2019-12-09T02:26:23.713+0000][1][safepoint    ] Application time: 0.0001993 seconds
[2019-12-09T02:26:23.714+0000][1][safepoint    ] Entering safepoint region: RevokeBias
[2019-12-09T02:26:23.714+0000][1][safepoint    ] Leaving safepoint region
[2019-12-09T02:26:23.714+0000][1][safepoint    ] Total time for which application threads were stopped: 0.0000552 seconds, Stopping threads took: 0.0000108 seconds
[2019-12-09T02:26:24.714+0000][1][safepoint    ] Application time: 1.0001339 seconds
[2019-12-09T02:26:24.714+0000][1][safepoint    ] Entering safepoint region: Cleanup
[2019-12-09T02:26:24.714+0000][1][safepoint    ] Leaving safepoint region
[2019-12-09T02:26:24.714+0000][1][safepoint    ] Total time for which application threads were stopped: 0.0002205 seconds, Stopping threads took: 0.0001767 seconds
[2019-12-09T02:26:24.724+0000][1][safepoint    ] Application time: 0.0100035 seconds
[2019-12-09T02:26:24.724+0000][1][safepoint    ] Entering safepoint region: RevokeBias
[2019-12-09T02:26:24.724+0000][1][safepoint    ] Leaving safepoint region
[2019-12-09T02:26:24.724+0000][1][safepoint    ] Total time for which application threads were stopped: 0.0002779 seconds, Stopping threads took: 0.0002252 seconds
[2019-12-09T02:26:25.335+0000][1][safepoint    ] Application time: 0.6109327 seconds
[2019-12-09T02:26:25.335+0000][1][safepoint    ] Entering safepoint region: BulkRevokeBias
[2019-12-09T02:26:25.336+0000][1][safepoint    ] Leaving safepoint region
[2019-12-09T02:26:25.336+0000][1][safepoint    ] Total time for which application threads were stopped: 0.0008063 seconds, Stopping threads took: 0.0000164 seconds
[2019-12-09T02:26:26.339+0000][1][safepoint    ] Application time: 1.0026374 seconds
[2019-12-09T02:26:26.339+0000][1][safepoint    ] Entering safepoint region: Cleanup
[2019-12-09T02:26:26.339+0000][1][safepoint    ] Leaving safepoint region
[2019-12-09T02:26:26.339+0000][1][safepoint    ] Total time for which application threads were stopped: 0.0000860 seconds, Stopping threads took: 0.0000164 seconds
[2019-12-09T02:26:27.340+0000][1][safepoint    ] Application time: 1.0008610 seconds
[2019-12-09T02:26:27.343+0000][1][safepoint    ] Entering safepoint region: Cleanup
[2019-12-09T02:26:27.343+0000][1][safepoint    ] Leaving safepoint region
[2019-12-09T02:26:27.343+0000][1][safepoint    ] Total time for which application threads were stopped: 0.0030775 seconds, Stopping threads took: 0.0029882 seconds
[2019-12-09T02:26:28.056+0000][1][safepoint    ] Application time: 0.7127119 seconds
[2019-12-09T02:26:28.056+0000][1][safepoint    ] Entering safepoint region: GenCollectForAllocation
[2019-12-09T02:26:28.056+0000][1][gc,start     ] GC(21) Pause Young (Allocation Failure)
[2019-12-09T02:26:28.056+0000][1][gc,task      ] GC(21) Using 2 workers of 2 for evacuation
[2019-12-09T02:26:28.340+0000][1][gc,age       ] GC(21) Desired survivor size 4456448 bytes, new threshold 6 (max threshold 6)
[2019-12-09T02:26:28.340+0000][1][gc,age       ] GC(21) Age table with threshold 6 (max threshold 6)
[2019-12-09T02:26:28.340+0000][1][gc,age       ] GC(21) - age   1:    1644032 bytes,    1644032 total
[2019-12-09T02:26:28.340+0000][1][gc,age       ] GC(21) - age   2:    2765464 bytes,    4409496 total
[2019-12-09T02:26:28.340+0000][1][gc,heap      ] GC(21) ParNew: 78656K->6482K(78656K)
[2019-12-09T02:26:28.340+0000][1][gc,heap      ] GC(21) CMS: 56140K->60519K(174784K)
[2019-12-09T02:26:28.340+0000][1][gc,metaspace ] GC(21) Metaspace: 56099K->56099K(1099776K)
[2019-12-09T02:26:28.340+0000][1][gc           ] GC(21) Pause Young (Allocation Failure) 131M->65M(247M) 284.084ms
[2019-12-09T02:26:28.340+0000][1][gc,cpu       ] GC(21) User=0.08s Sys=0.00s Real=0.28s
[2019-12-09T02:26:28.340+0000][1][safepoint    ] Leaving safepoint region
[2019-12-09T02:26:28.340+0000][1][safepoint    ] Total time for which application threads were stopped: 0.2842293 seconds, Stopping threads took: 0.0000134 seconds
[2019-12-09T02:26:29.343+0000][1][safepoint    ] Application time: 1.0029251 seconds
[2019-12-09T02:26:29.344+0000][1][safepoint    ] Entering safepoint region: Cleanup
[2019-12-09T02:26:29.344+0000][1][safepoint    ] Leaving safepoint region
[2019-12-09T02:26:29.344+0000][1][safepoint    ] Total time for which application threads were stopped: 0.0014079 seconds, Stopping threads took: 0.0013387 seconds
[2019-12-09T02:26:29.736+0000][1][safepoint    ] Application time: 0.3915727 seconds
[2019-12-09T02:26:29.736+0000][1][safepoint    ] Entering safepoint region: Deoptimize
[2019-12-09T02:26:29.736+0000][1][safepoint    ] Leaving safepoint region
[2019-12-09T02:26:29.736+0000][1][safepoint    ] Total time for which application threads were stopped: 0.0005944 seconds, Stopping threads took: 0.0000161 seconds
[2019-12-09T02:26:29.830+0000][1][safepoint    ] Application time: 0.0935568 seconds
[2019-12-09T02:26:29.854+0000][1][safepoint    ] Entering safepoint region: RevokeBias
[2019-12-09T02:26:29.854+0000][1][safepoint    ] Leaving safepoint region
[2019-12-09T02:26:29.854+0000][1][safepoint    ] Total time for which application threads were stopped: 0.0238700 seconds, Stopping threads took: 0.0237536 seconds
[2019-12-09T02:26:29.854+0000][1][safepoint    ] Application time: 0.0000724 seconds
[2019-12-09T02:26:29.854+0000][1][safepoint    ] Entering safepoint region: RevokeBias
[2019-12-09T02:26:29.854+0000][1][safepoint    ] Leaving safepoint region
[2019-12-09T02:26:29.854+0000][1][safepoint    ] Total time for which application threads were stopped: 0.0000589 seconds, Stopping threads took: 0.0000081 seconds
[2019-12-09T02:26:29.854+0000][1][safepoint    ] Application time: 0.0001805 seconds
[2019-12-09T02:26:29.854+0000][1][safepoint    ] Entering safepoint region: RevokeBias
[2019-12-09T02:26:29.854+0000][1][safepoint    ] Leaving safepoint region
[2019-12-09T02:26:29.854+0000][1][safepoint    ] Total time for which application threads were stopped: 0.0000853 seconds, Stopping threads took: 0.0000091 seconds
[2019-12-09T02:26:30.857+0000][1][safepoint    ] Application time: 1.0024301 seconds
[2019-12-09T02:26:30.861+0000][1][safepoint    ] Entering safepoint region: Cleanup
[2019-12-09T02:26:30.862+0000][1][safepoint    ] Leaving safepoint region
[2019-12-09T02:26:30.862+0000][1][safepoint    ] Total time for which application threads were stopped: 0.0051335 seconds, Stopping threads took: 0.0040033 seconds
[2019-12-09T02:26:31.872+0000][1][safepoint    ] Application time: 1.0098063 seconds
[2019-12-09T02:26:31.935+0000][1][safepoint    ] Entering safepoint region: Cleanup
[2019-12-09T02:26:31.935+0000][1][safepoint    ] Leaving safepoint region
[2019-12-09T02:26:31.935+0000][1][safepoint    ] Total time for which application threads were stopped: 0.0631010 seconds, Stopping threads took: 0.0630325 seconds
[2019-12-09T02:26:32.455+0000][1][safepoint    ] Application time: 0.5202122 seconds
[2019-12-09T02:26:32.455+0000][1][safepoint    ] Entering safepoint region: Deoptimize
[2019-12-09T02:26:32.456+0000][1][safepoint    ] Leaving safepoint region
[2019-12-09T02:26:32.456+0000][1][safepoint    ] Total time for which application threads were stopped: 0.0006377 seconds, Stopping threads took: 0.0000470 seconds
[2019-12-09T02:26:33.457+0000][1][safepoint    ] Application time: 1.0009478 seconds
[2019-12-09T02:26:33.503+0000][1][safepoint    ] Entering safepoint region: Cleanup
[2019-12-09T02:26:33.504+0000][1][safepoint    ] Leaving safepoint region
[2019-12-09T02:26:33.504+0000][1][safepoint    ] Total time for which application threads were stopped: 0.0467931 seconds, Stopping threads took: 0.0467333 seconds
[2019-12-09T02:26:34.520+0000][1][safepoint    ] Application time: 1.0162083 seconds
[2019-12-09T02:26:34.520+0000][1][safepoint    ] Entering safepoint region: Cleanup
[2019-12-09T02:26:34.520+0000][1][safepoint    ] Leaving safepoint region
[2019-12-09T02:26:34.520+0000][1][safepoint    ] Total time for which application threads were stopped: 0.0000759 seconds, Stopping threads took: 0.0000133 seconds
[2019-12-09T02:26:35.530+0000][1][safepoint    ] Application time: 1.0098501 seconds
[2019-12-09T02:26:35.530+0000][1][safepoint    ] Entering safepoint region: Cleanup
[2019-12-09T02:26:35.530+0000][1][safepoint    ] Leaving safepoint region
[2019-12-09T02:26:35.530+0000][1][safepoint    ] Total time for which application threads were stopped: 0.0001560 seconds, Stopping threads took: 0.0001026 seconds
[2019-12-09T02:26:35.613+0000][1][safepoint    ] Application time: 0.0832078 seconds
[2019-12-09T02:26:35.613+0000][1][safepoint    ] Entering safepoint region: RevokeBias
[2019-12-09T02:26:35.613+0000][1][safepoint    ] Leaving safepoint region
[2019-12-09T02:26:35.613+0000][1][safepoint    ] Total time for which application threads were stopped: 0.0000694 seconds, Stopping threads took: 0.0000170 seconds
[2019-12-09T02:26:36.023+0000][1][safepoint    ] Application time: 0.4096736 seconds
[2019-12-09T02:26:36.023+0000][1][safepoint    ] Entering safepoint region: GenCollectForAllocation
[2019-12-09T02:26:36.023+0000][1][gc,start     ] GC(22) Pause Young (Allocation Failure)
[2019-12-09T02:26:36.023+0000][1][gc,task      ] GC(22) Using 2 workers of 2 for evacuation
[2019-12-09T02:26:36.299+0000][1][gc,age       ] GC(22) Desired survivor size 4456448 bytes, new threshold 2 (max threshold 6)
[2019-12-09T02:26:36.299+0000][1][gc,age       ] GC(22) Age table with threshold 2 (max threshold 6)
[2019-12-09T02:26:36.299+0000][1][gc,age       ] GC(22) - age   1:    3644592 bytes,    3644592 total
[2019-12-09T02:26:36.299+0000][1][gc,age       ] GC(22) - age   2:    1558136 bytes,    5202728 total
[2019-12-09T02:26:36.299+0000][1][gc,age       ] GC(22) - age   3:    2737424 bytes,    7940152 total
[2019-12-09T02:26:36.299+0000][1][gc,heap      ] GC(22) ParNew: 76434K->8704K(78656K)
[2019-12-09T02:26:36.299+0000][1][gc,heap      ] GC(22) CMS: 60519K->60519K(174784K)
[2019-12-09T02:26:36.299+0000][1][gc,metaspace ] GC(22) Metaspace: 63185K->63185K(1107968K)
[2019-12-09T02:26:36.299+0000][1][gc           ] GC(22) Pause Young (Allocation Failure) 133M->67M(247M) 276.132ms
[2019-12-09T02:26:36.299+0000][1][gc,cpu       ] GC(22) User=0.08s Sys=0.00s Real=0.28s
[2019-12-09T02:26:36.299+0000][1][safepoint    ] Leaving safepoint region
[2019-12-09T02:26:36.299+0000][1][safepoint    ] Total time for which application threads were stopped: 0.2762881 seconds, Stopping threads took: 0.0000163 seconds
[2019-12-09T02:26:36.464+0000][1][safepoint    ] Application time: 0.1649321 seconds
[2019-12-09T02:26:36.464+0000][1][safepoint    ] Entering safepoint region: RevokeBias
[2019-12-09T02:26:36.464+0000][1][safepoint    ] Leaving safepoint region
[2019-12-09T02:26:36.464+0000][1][safepoint    ] Total time for which application threads were stopped: 0.0002138 seconds, Stopping threads took: 0.0000693 seconds
[2019-12-09T02:26:36.465+0000][1][safepoint    ] Application time: 0.0000848 seconds
[2019-12-09T02:26:36.465+0000][1][safepoint    ] Entering safepoint region: RevokeBias
[2019-12-09T02:26:36.465+0000][1][safepoint    ] Leaving safepoint region
[2019-12-09T02:26:36.465+0000][1][safepoint    ] Total time for which application threads were stopped: 0.0001333 seconds, Stopping threads took: 0.0000098 seconds
[2019-12-09T02:26:36.465+0000][1][safepoint    ] Application time: 0.0000704 seconds
[2019-12-09T02:26:36.465+0000][1][safepoint    ] Entering safepoint region: RevokeBias
[2019-12-09T02:26:36.465+0000][1][safepoint    ] Leaving safepoint region
[2019-12-09T02:26:36.465+0000][1][safepoint    ] Total time for which application threads were stopped: 0.0001003 seconds, Stopping threads took: 0.0000098 seconds
[2019-12-09T02:26:36.465+0000][1][safepoint    ] Application time: 0.0000517 seconds
[2019-12-09T02:26:36.465+0000][1][safepoint    ] Entering safepoint region: RevokeBias
[2019-12-09T02:26:36.465+0000][1][safepoint    ] Leaving safepoint region
[2019-12-09T02:26:36.465+0000][1][safepoint    ] Total time for which application threads were stopped: 0.0000655 seconds, Stopping threads took: 0.0000075 seconds
[2019-12-09T02:26:36.465+0000][1][safepoint    ] Application time: 0.0000509 seconds
[2019-12-09T02:26:36.465+0000][1][safepoint    ] Entering safepoint region: RevokeBias
[2019-12-09T02:26:36.465+0000][1][safepoint    ] Leaving safepoint region
[2019-12-09T02:26:36.465+0000][1][safepoint    ] Total time for which application threads were stopped: 0.0000639 seconds, Stopping threads took: 0.0000075 seconds
[2019-12-09T02:26:36.465+0000][1][safepoint    ] Application time: 0.0000535 seconds
[2019-12-09T02:26:36.465+0000][1][safepoint    ] Entering safepoint region: RevokeBias
[2019-12-09T02:26:36.465+0000][1][safepoint    ] Leaving safepoint region
[2019-12-09T02:26:36.465+0000][1][safepoint    ] Total time for which application threads were stopped: 0.0000728 seconds, Stopping threads took: 0.0000083 seconds
[2019-12-09T02:26:36.465+0000][1][safepoint    ] Application time: 0.0000596 seconds
[2019-12-09T02:26:36.465+0000][1][safepoint    ] Entering safepoint region: RevokeBias
[2019-12-09T02:26:36.465+0000][1][safepoint    ] Leaving safepoint region
[2019-12-09T02:26:36.465+0000][1][safepoint    ] Total time for which application threads were stopped: 0.0000801 seconds, Stopping threads took: 0.0000083 seconds
[2019-12-09T02:26:36.466+0000][1][safepoint    ] Application time: 0.0000632 seconds
[2019-12-09T02:26:36.466+0000][1][safepoint    ] Entering safepoint region: RevokeBias
[2019-12-09T02:26:36.466+0000][1][safepoint    ] Leaving safepoint region
[2019-12-09T02:26:36.466+0000][1][safepoint    ] Total time for which application threads were stopped: 0.0000775 seconds, Stopping threads took: 0.0000086 seconds
[2019-12-09T02:26:36.818+0000][1][safepoint    ] Application time: 0.3523930 seconds
[2019-12-09T02:26:36.818+0000][1][safepoint    ] Entering safepoint region: Deoptimize
[2019-12-09T02:26:36.819+0000][1][safepoint    ] Leaving safepoint region
[2019-12-09T02:26:36.819+0000][1][safepoint    ] Total time for which application threads were stopped: 0.0007014 seconds, Stopping threads took: 0.0000156 seconds
[2019-12-09T02:26:36.899+0000][1][safepoint    ] Application time: 0.0801637 seconds
[2019-12-09T02:26:36.899+0000][1][safepoint    ] Entering safepoint region: BulkRevokeBias
[2019-12-09T02:26:36.899+0000][1][safepoint    ] Leaving safepoint region
[2019-12-09T02:26:36.899+0000][1][safepoint    ] Total time for which application threads were stopped: 0.0001953 seconds, Stopping threads took: 0.0000156 seconds
[2019-12-09T02:26:36.900+0000][1][safepoint    ] Application time: 0.0011166 seconds
[2019-12-09T02:26:36.900+0000][1][safepoint    ] Entering safepoint region: RevokeBias
[2019-12-09T02:26:36.900+0000][1][safepoint    ] Leaving safepoint region
[2019-12-09T02:26:36.900+0000][1][safepoint    ] Total time for which application threads were stopped: 0.0000665 seconds, Stopping threads took: 0.0000122 seconds
[2019-12-09T02:26:36.901+0000][1][safepoint    ] Application time: 0.0004155 seconds
[2019-12-09T02:26:36.901+0000][1][safepoint    ] Entering safepoint region: RevokeBias
[2019-12-09T02:26:36.901+0000][1][safepoint    ] Leaving safepoint region
[2019-12-09T02:26:36.901+0000][1][safepoint    ] Total time for which application threads were stopped: 0.0000723 seconds, Stopping threads took: 0.0000118 seconds
[2019-12-09T02:26:36.901+0000][1][safepoint    ] Application time: 0.0000616 seconds
[2019-12-09T02:26:36.901+0000][1][safepoint    ] Entering safepoint region: RevokeBias
[2019-12-09T02:26:36.901+0000][1][safepoint    ] Leaving safepoint region
[2019-12-09T02:26:36.901+0000][1][safepoint    ] Total time for which application threads were stopped: 0.0000501 seconds, Stopping threads took: 0.0000083 seconds
[2019-12-09T02:26:36.901+0000][1][safepoint    ] Application time: 0.0003439 seconds
[2019-12-09T02:26:36.901+0000][1][safepoint    ] Entering safepoint region: RevokeBias
[2019-12-09T02:26:36.901+0000][1][safepoint    ] Leaving safepoint region
[2019-12-09T02:26:36.901+0000][1][safepoint    ] Total time for which application threads were stopped: 0.0000537 seconds, Stopping threads took: 0.0000107 seconds
[2019-12-09T02:26:36.902+0000][1][safepoint    ] Application time: 0.0001927 seconds
[2019-12-09T02:26:36.902+0000][1][safepoint    ] Entering safepoint region: RevokeBias
[2019-12-09T02:26:36.902+0000][1][safepoint    ] Leaving safepoint region
[2019-12-09T02:26:36.902+0000][1][safepoint    ] Total time for which application threads were stopped: 0.0000739 seconds, Stopping threads took: 0.0000097 seconds
[2019-12-09T02:26:36.902+0000][1][safepoint    ] Application time: 0.0000611 seconds
[2019-12-09T02:26:36.902+0000][1][safepoint    ] Entering safepoint region: RevokeBias
[2019-12-09T02:26:36.902+0000][1][safepoint    ] Leaving safepoint region
[2019-12-09T02:26:36.902+0000][1][safepoint    ] Total time for which application threads were stopped: 0.0000486 seconds, Stopping threads took: 0.0000087 seconds
[2019-12-09T02:26:36.904+0000][1][safepoint    ] Application time: 0.0016539 seconds
[2019-12-09T02:26:36.904+0000][1][safepoint    ] Entering safepoint region: RevokeBias
[2019-12-09T02:26:36.904+0000][1][safepoint    ] Leaving safepoint region
[2019-12-09T02:26:36.904+0000][1][safepoint    ] Total time for which application threads were stopped: 0.0000642 seconds, Stopping threads took: 0.0000109 seconds
[2019-12-09T02:26:36.904+0000][1][safepoint    ] Application time: 0.0001077 seconds
[2019-12-09T02:26:36.904+0000][1][safepoint    ] Entering safepoint region: RevokeBias
[2019-12-09T02:26:36.904+0000][1][safepoint    ] Leaving safepoint region
[2019-12-09T02:26:36.904+0000][1][safepoint    ] Total time for which application threads were stopped: 0.0000484 seconds, Stopping threads took: 0.0000082 seconds
[2019-12-09T02:26:36.908+0000][1][safepoint    ] Application time: 0.0041981 seconds
[2019-12-09T02:26:36.908+0000][1][safepoint    ] Entering safepoint region: Deoptimize
[2019-12-09T02:26:36.909+0000][1][safepoint    ] Leaving safepoint region
[2019-12-09T02:26:36.909+0000][1][safepoint    ] Total time for which application threads were stopped: 0.0005926 seconds, Stopping threads took: 0.0000120 seconds
[2019-12-09T02:26:36.909+0000][1][safepoint    ] Application time: 0.0005358 seconds
[2019-12-09T02:26:36.909+0000][1][safepoint    ] Entering safepoint region: RevokeBias
[2019-12-09T02:26:36.909+0000][1][safepoint    ] Leaving safepoint region
[2019-12-09T02:26:36.909+0000][1][safepoint    ] Total time for which application threads were stopped: 0.0000443 seconds, Stopping threads took: 0.0000118 seconds
[2019-12-09T02:26:37.628+0000][1][safepoint    ] Application time: 0.7192659 seconds
[2019-12-09T02:26:37.715+0000][1][safepoint    ] Entering safepoint region: RevokeBias
[2019-12-09T02:26:37.715+0000][1][safepoint    ] Leaving safepoint region
[2019-12-09T02:26:37.715+0000][1][safepoint    ] Total time for which application threads were stopped: 0.0862993 seconds, Stopping threads took: 0.0862142 seconds
[2019-12-09T02:26:37.718+0000][1][safepoint    ] Application time: 0.0029114 seconds
[2019-12-09T02:26:37.772+0000][1][safepoint    ] Entering safepoint region: RevokeBias
[2019-12-09T02:26:37.772+0000][1][safepoint    ] Leaving safepoint region
[2019-12-09T02:26:37.772+0000][1][safepoint    ] Total time for which application threads were stopped: 0.0542301 seconds, Stopping threads took: 0.0541349 seconds
[2019-12-09T02:26:37.772+0000][1][safepoint    ] Application time: 0.0002092 seconds
[2019-12-09T02:26:37.772+0000][1][safepoint    ] Entering safepoint region: RevokeBias
[2019-12-09T02:26:37.772+0000][1][safepoint    ] Leaving safepoint region
[2019-12-09T02:26:37.772+0000][1][safepoint    ] Total time for which application threads were stopped: 0.0000711 seconds, Stopping threads took: 0.0000137 seconds
[2019-12-09T02:26:37.773+0000][1][safepoint    ] Application time: 0.0004503 seconds
[2019-12-09T02:26:37.773+0000][1][safepoint    ] Entering safepoint region: RevokeBias
[2019-12-09T02:26:37.773+0000][1][safepoint    ] Leaving safepoint region
[2019-12-09T02:26:37.773+0000][1][safepoint    ] Total time for which application threads were stopped: 0.0000686 seconds, Stopping threads took: 0.0000142 seconds
[2019-12-09T02:26:37.773+0000][1][safepoint    ] Application time: 0.0000526 seconds
[2019-12-09T02:26:37.773+0000][1][safepoint    ] Entering safepoint region: RevokeBias
[2019-12-09T02:26:37.773+0000][1][safepoint    ] Leaving safepoint region
[2019-12-09T02:26:37.773+0000][1][safepoint    ] Total time for which application threads were stopped: 0.0000517 seconds, Stopping threads took: 0.0000092 seconds
[2019-12-09T02:26:37.799+0000][1][safepoint    ] Application time: 0.0257542 seconds
[2019-12-09T02:26:37.799+0000][1][safepoint    ] Entering safepoint region: RevokeBias
[2019-12-09T02:26:37.799+0000][1][safepoint    ] Leaving safepoint region
[2019-12-09T02:26:37.799+0000][1][safepoint    ] Total time for which application threads were stopped: 0.0001681 seconds, Stopping threads took: 0.0001113 seconds
[2019-12-09T02:26:37.800+0000][1][safepoint    ] Application time: 0.0011666 seconds
[2019-12-09T02:26:37.800+0000][1][safepoint    ] Entering safepoint region: RevokeBias
[2019-12-09T02:26:37.800+0000][1][safepoint    ] Leaving safepoint region
[2019-12-09T02:26:37.800+0000][1][safepoint    ] Total time for which application threads were stopped: 0.0000629 seconds, Stopping threads took: 0.0000111 seconds
[2019-12-09T02:26:37.801+0000][1][safepoint    ] Application time: 0.0003817 seconds
[2019-12-09T02:26:37.801+0000][1][safepoint    ] Entering safepoint region: RevokeBias
[2019-12-09T02:26:37.801+0000][1][safepoint    ] Leaving safepoint region
[2019-12-09T02:26:37.801+0000][1][safepoint    ] Total time for which application threads were stopped: 0.0000569 seconds, Stopping threads took: 0.0000114 seconds
[2019-12-09T02:26:37.803+0000][1][safepoint    ] Application time: 0.0020914 seconds
[2019-12-09T02:26:37.803+0000][1][safepoint    ] Entering safepoint region: RevokeBias
[2019-12-09T02:26:37.803+0000][1][safepoint    ] Leaving safepoint region
[2019-12-09T02:26:37.803+0000][1][safepoint    ] Total time for which application threads were stopped: 0.0000606 seconds, Stopping threads took: 0.0000131 seconds
[2019-12-09T02:26:37.803+0000][1][safepoint    ] Application time: 0.0003150 seconds
[2019-12-09T02:26:37.803+0000][1][safepoint    ] Entering safepoint region: RevokeBias
[2019-12-09T02:26:37.803+0000][1][safepoint    ] Leaving safepoint region
[2019-12-09T02:26:37.803+0000][1][safepoint    ] Total time for which application threads were stopped: 0.0000584 seconds, Stopping threads took: 0.0000109 seconds
[2019-12-09T02:26:37.803+0000][1][safepoint    ] Application time: 0.0000872 seconds
[2019-12-09T02:26:37.803+0000][1][safepoint    ] Entering safepoint region: RevokeBias
[2019-12-09T02:26:37.803+0000][1][safepoint    ] Leaving safepoint region
[2019-12-09T02:26:37.803+0000][1][safepoint    ] Total time for which application threads were stopped: 0.0000538 seconds, Stopping threads took: 0.0000091 seconds
[2019-12-09T02:26:37.803+0000][1][safepoint    ] Application time: 0.0000450 seconds
[2019-12-09T02:26:37.803+0000][1][safepoint    ] Entering safepoint region: RevokeBias
[2019-12-09T02:26:37.804+0000][1][safepoint    ] Leaving safepoint region
[2019-12-09T02:26:37.804+0000][1][safepoint    ] Total time for which application threads were stopped: 0.0000501 seconds, Stopping threads took: 0.0000090 seconds
[2019-12-09T02:26:37.804+0000][1][safepoint    ] Application time: 0.0003371 seconds
[2019-12-09T02:26:37.804+0000][1][safepoint    ] Entering safepoint region: RevokeBias
[2019-12-09T02:26:37.804+0000][1][safepoint    ] Leaving safepoint region
[2019-12-09T02:26:37.804+0000][1][safepoint    ] Total time for which application threads were stopped: 0.0000610 seconds, Stopping threads took: 0.0000122 seconds
[2019-12-09T02:26:37.804+0000][1][safepoint    ] Application time: 0.0003313 seconds
[2019-12-09T02:26:37.804+0000][1][safepoint    ] Entering safepoint region: RevokeBias
[2019-12-09T02:26:37.804+0000][1][safepoint    ] Leaving safepoint region
[2019-12-09T02:26:37.804+0000][1][safepoint    ] Total time for which application threads were stopped: 0.0000600 seconds, Stopping threads took: 0.0000103 seconds
[2019-12-09T02:26:37.804+0000][1][safepoint    ] Application time: 0.0000599 seconds
[2019-12-09T02:26:37.804+0000][1][safepoint    ] Entering safepoint region: RevokeBias
[2019-12-09T02:26:37.804+0000][1][safepoint    ] Leaving safepoint region
[2019-12-09T02:26:37.804+0000][1][safepoint    ] Total time for which application threads were stopped: 0.0000556 seconds, Stopping threads took: 0.0000086 seconds
[2019-12-09T02:26:37.834+0000][1][safepoint    ] Application time: 0.0292022 seconds
[2019-12-09T02:26:37.840+0000][1][safepoint    ] Entering safepoint region: RevokeBias
[2019-12-09T02:26:37.840+0000][1][safepoint    ] Leaving safepoint region
[2019-12-09T02:26:37.840+0000][1][safepoint    ] Total time for which application threads were stopped: 0.0066422 seconds, Stopping threads took: 0.0065735 seconds
[2019-12-09T02:26:37.859+0000][1][safepoint    ] Application time: 0.0183911 seconds
[2019-12-09T02:26:37.866+0000][1][safepoint    ] Entering safepoint region: RevokeBias
[2019-12-09T02:26:37.866+0000][1][safepoint    ] Leaving safepoint region
[2019-12-09T02:26:37.866+0000][1][safepoint    ] Total time for which application threads were stopped: 0.0070725 seconds, Stopping threads took: 0.0070130 seconds
[2019-12-09T02:26:37.874+0000][1][safepoint    ] Application time: 0.0078633 seconds
[2019-12-09T02:26:37.874+0000][1][safepoint    ] Entering safepoint region: RevokeBias
[2019-12-09T02:26:37.874+0000][1][safepoint    ] Leaving safepoint region
[2019-12-09T02:26:37.874+0000][1][safepoint    ] Total time for which application threads were stopped: 0.0001069 seconds, Stopping threads took: 0.0000497 seconds
[2019-12-09T02:26:37.875+0000][1][safepoint    ] Application time: 0.0006242 seconds
[2019-12-09T02:26:37.875+0000][1][safepoint    ] Entering safepoint region: RevokeBias
[2019-12-09T02:26:37.875+0000][1][safepoint    ] Leaving safepoint region
[2019-12-09T02:26:37.875+0000][1][safepoint    ] Total time for which application threads were stopped: 0.0000715 seconds, Stopping threads took: 0.0000115 seconds
[2019-12-09T02:26:37.875+0000][1][safepoint    ] Application time: 0.0000608 seconds
[2019-12-09T02:26:37.875+0000][1][safepoint    ] Entering safepoint region: RevokeBias
[2019-12-09T02:26:37.875+0000][1][safepoint    ] Leaving safepoint region
[2019-12-09T02:26:37.875+0000][1][safepoint    ] Total time for which application threads were stopped: 0.0000738 seconds, Stopping threads took: 0.0000287 seconds
[2019-12-09T02:26:37.876+0000][1][safepoint    ] Application time: 0.0010686 seconds
[2019-12-09T02:26:37.883+0000][1][safepoint    ] Entering safepoint region: RevokeBias
[2019-12-09T02:26:37.883+0000][1][safepoint    ] Leaving safepoint region
[2019-12-09T02:26:37.883+0000][1][safepoint    ] Total time for which application threads were stopped: 0.0072800 seconds, Stopping threads took: 0.0072288 seconds
[2019-12-09T02:26:37.903+0000][1][safepoint    ] Application time: 0.0199485 seconds
[2019-12-09T02:26:38.111+0000][1][safepoint    ] Entering safepoint region: RevokeBias
[2019-12-09T02:26:38.111+0000][1][safepoint    ] Leaving safepoint region
[2019-12-09T02:26:38.111+0000][1][safepoint    ] Total time for which application threads were stopped: 0.2077887 seconds, Stopping threads took: 0.2076821 seconds
[2019-12-09T02:26:38.115+0000][1][safepoint    ] Application time: 0.0045421 seconds
[2019-12-09T02:26:38.132+0000][1][safepoint    ] Entering safepoint region: RevokeBias
[2019-12-09T02:26:38.132+0000][1][safepoint    ] Leaving safepoint region
[2019-12-09T02:26:38.132+0000][1][safepoint    ] Total time for which application threads were stopped: 0.0167008 seconds, Stopping threads took: 0.0166146 seconds
[2019-12-09T02:26:38.149+0000][1][safepoint    ] Application time: 0.0169428 seconds
[2019-12-09T02:26:38.241+0000][1][safepoint    ] Entering safepoint region: RevokeBias
[2019-12-09T02:26:38.241+0000][1][safepoint    ] Leaving safepoint region
[2019-12-09T02:26:38.241+0000][1][safepoint    ] Total time for which application threads were stopped: 0.0917665 seconds, Stopping threads took: 0.0916690 seconds
[2019-12-09T02:26:38.329+0000][1][safepoint    ] Application time: 0.0878304 seconds
[2019-12-09T02:26:38.346+0000][1][safepoint    ] Entering safepoint region: RevokeBias
[2019-12-09T02:26:38.346+0000][1][safepoint    ] Leaving safepoint region
[2019-12-09T02:26:38.346+0000][1][safepoint    ] Total time for which application threads were stopped: 0.0171233 seconds, Stopping threads took: 0.0169951 seconds
[2019-12-09T02:26:38.388+0000][1][safepoint    ] Application time: 0.0419060 seconds
[2019-12-09T02:26:38.388+0000][1][safepoint    ] Entering safepoint region: RevokeBias
[2019-12-09T02:26:38.388+0000][1][safepoint    ] Leaving safepoint region
[2019-12-09T02:26:38.388+0000][1][safepoint    ] Total time for which application threads were stopped: 0.0002117 seconds, Stopping threads took: 0.0000886 seconds
[2019-12-09T02:26:38.391+0000][1][safepoint    ] Application time: 0.0028479 seconds
[2019-12-09T02:26:38.391+0000][1][safepoint    ] Entering safepoint region: RevokeBias
[2019-12-09T02:26:38.391+0000][1][safepoint    ] Leaving safepoint region
[2019-12-09T02:26:38.391+0000][1][safepoint    ] Total time for which application threads were stopped: 0.0001206 seconds, Stopping threads took: 0.0000150 seconds
[2019-12-09T02:26:38.399+0000][1][safepoint    ] Application time: 0.0081983 seconds
[2019-12-09T02:26:38.447+0000][1][safepoint    ] Entering safepoint region: RevokeBias
[2019-12-09T02:26:38.447+0000][1][safepoint    ] Leaving safepoint region
[2019-12-09T02:26:38.447+0000][1][safepoint    ] Total time for which application threads were stopped: 0.0475499 seconds, Stopping threads took: 0.0474216 seconds
[2019-12-09T02:26:38.458+0000][1][safepoint    ] Application time: 0.0111783 seconds
[2019-12-09T02:26:38.458+0000][1][safepoint    ] Entering safepoint region: RevokeBias
[2019-12-09T02:26:38.458+0000][1][safepoint    ] Leaving safepoint region
[2019-12-09T02:26:38.458+0000][1][safepoint    ] Total time for which application threads were stopped: 0.0001742 seconds, Stopping threads took: 0.0000152 seconds
[2019-12-09T02:26:38.464+0000][1][safepoint    ] Application time: 0.0057273 seconds
[2019-12-09T02:26:38.464+0000][1][safepoint    ] Entering safepoint region: RevokeBias
[2019-12-09T02:26:38.464+0000][1][safepoint    ] Leaving safepoint region
[2019-12-09T02:26:38.464+0000][1][safepoint    ] Total time for which application threads were stopped: 0.0000956 seconds, Stopping threads took: 0.0000130 seconds
[2019-12-09T02:26:38.495+0000][1][safepoint    ] Application time: 0.0306108 seconds
[2019-12-09T02:26:38.534+0000][1][safepoint    ] Entering safepoint region: RevokeBias
[2019-12-09T02:26:38.534+0000][1][safepoint    ] Leaving safepoint region
[2019-12-09T02:26:38.534+0000][1][safepoint    ] Total time for which application threads were stopped: 0.0391702 seconds, Stopping threads took: 0.0390957 seconds
[2019-12-09T02:26:38.537+0000][1][safepoint    ] Application time: 0.0027955 seconds
[2019-12-09T02:26:38.537+0000][1][safepoint    ] Entering safepoint region: RevokeBias
[2019-12-09T02:26:38.537+0000][1][safepoint    ] Leaving safepoint region
[2019-12-09T02:26:38.537+0000][1][safepoint    ] Total time for which application threads were stopped: 0.0001052 seconds, Stopping threads took: 0.0000161 seconds
[2019-12-09T02:26:38.538+0000][1][safepoint    ] Application time: 0.0011396 seconds
[2019-12-09T02:26:38.547+0000][1][safepoint    ] Entering safepoint region: RevokeBias
[2019-12-09T02:26:38.547+0000][1][safepoint    ] Leaving safepoint region
[2019-12-09T02:26:38.547+0000][1][safepoint    ] Total time for which application threads were stopped: 0.0088251 seconds, Stopping threads took: 0.0086967 seconds
[2019-12-09T02:26:38.547+0000][1][safepoint    ] Application time: 0.0001090 seconds
[2019-12-09T02:26:38.547+0000][1][safepoint    ] Entering safepoint region: RevokeBias
[2019-12-09T02:26:38.547+0000][1][safepoint    ] Leaving safepoint region
[2019-12-09T02:26:38.547+0000][1][safepoint    ] Total time for which application threads were stopped: 0.0000776 seconds, Stopping threads took: 0.0000112 seconds
[2019-12-09T02:26:38.547+0000][1][safepoint    ] Application time: 0.0000612 seconds
[2019-12-09T02:26:38.547+0000][1][safepoint    ] Entering safepoint region: RevokeBias
[2019-12-09T02:26:38.547+0000][1][safepoint    ] Leaving safepoint region
[2019-12-09T02:26:38.547+0000][1][safepoint    ] Total time for which application threads were stopped: 0.0000645 seconds, Stopping threads took: 0.0000097 seconds
[2019-12-09T02:26:38.548+0000][1][safepoint    ] Application time: 0.0007432 seconds
[2019-12-09T02:26:38.548+0000][1][safepoint    ] Entering safepoint region: RevokeBias
[2019-12-09T02:26:38.548+0000][1][safepoint    ] Leaving safepoint region
[2019-12-09T02:26:38.548+0000][1][safepoint    ] Total time for which application threads were stopped: 0.0001245 seconds, Stopping threads took: 0.0000584 seconds
[2019-12-09T02:26:38.604+0000][1][safepoint    ] Application time: 0.0556345 seconds
[2019-12-09T02:26:38.648+0000][1][safepoint    ] Entering safepoint region: RevokeBias
[2019-12-09T02:26:38.648+0000][1][safepoint    ] Leaving safepoint region
[2019-12-09T02:26:38.648+0000][1][safepoint    ] Total time for which application threads were stopped: 0.0442738 seconds, Stopping threads took: 0.0441558 seconds
[2019-12-09T02:26:38.650+0000][1][safepoint    ] Application time: 0.0020887 seconds
[2019-12-09T02:26:38.650+0000][1][safepoint    ] Entering safepoint region: RevokeBias
[2019-12-09T02:26:38.650+0000][1][safepoint    ] Leaving safepoint region
[2019-12-09T02:26:38.650+0000][1][safepoint    ] Total time for which application threads were stopped: 0.0001156 seconds, Stopping threads took: 0.0000194 seconds
[2019-12-09T02:26:38.711+0000][1][safepoint    ] Application time: 0.0608212 seconds
[2019-12-09T02:26:38.728+0000][1][safepoint    ] Entering safepoint region: RevokeBias
[2019-12-09T02:26:38.728+0000][1][safepoint    ] Leaving safepoint region
[2019-12-09T02:26:38.728+0000][1][safepoint    ] Total time for which application threads were stopped: 0.0173210 seconds, Stopping threads took: 0.0171519 seconds
[2019-12-09T02:26:38.740+0000][1][safepoint    ] Application time: 0.0119854 seconds
[2019-12-09T02:26:38.741+0000][1][safepoint    ] Entering safepoint region: RevokeBias
[2019-12-09T02:26:38.741+0000][1][safepoint    ] Leaving safepoint region
[2019-12-09T02:26:38.741+0000][1][safepoint    ] Total time for which application threads were stopped: 0.0001610 seconds, Stopping threads took: 0.0000758 seconds
[2019-12-09T02:26:38.741+0000][1][safepoint    ] Application time: 0.0002670 seconds
[2019-12-09T02:26:38.741+0000][1][safepoint    ] Entering safepoint region: RevokeBias
[2019-12-09T02:26:38.741+0000][1][safepoint    ] Leaving safepoint region
[2019-12-09T02:26:38.741+0000][1][safepoint    ] Total time for which application threads were stopped: 0.0000865 seconds, Stopping threads took: 0.0000122 seconds
[2019-12-09T02:26:38.821+0000][1][safepoint    ] Application time: 0.0803901 seconds
[2019-12-09T02:26:38.822+0000][1][safepoint    ] Entering safepoint region: RevokeBias
[2019-12-09T02:26:38.822+0000][1][safepoint    ] Leaving safepoint region
[2019-12-09T02:26:38.822+0000][1][safepoint    ] Total time for which application threads were stopped: 0.0004444 seconds, Stopping threads took: 0.0003072 seconds
[2019-12-09T02:26:38.822+0000][1][safepoint    ] Application time: 0.0001399 seconds
[2019-12-09T02:26:38.822+0000][1][safepoint    ] Entering safepoint region: RevokeBias
[2019-12-09T02:26:38.822+0000][1][safepoint    ] Leaving safepoint region
[2019-12-09T02:26:38.822+0000][1][safepoint    ] Total time for which application threads were stopped: 0.0001230 seconds, Stopping threads took: 0.0000424 seconds
[2019-12-09T02:26:38.858+0000][1][safepoint    ] Application time: 0.0360122 seconds
[2019-12-09T02:26:38.889+0000][1][safepoint    ] Entering safepoint region: RevokeBias
[2019-12-09T02:26:38.889+0000][1][safepoint    ] Leaving safepoint region
[2019-12-09T02:26:38.889+0000][1][safepoint    ] Total time for which application threads were stopped: 0.0306547 seconds, Stopping threads took: 0.0305419 seconds
[2019-12-09T02:26:38.892+0000][1][safepoint    ] Application time: 0.0027637 seconds
[2019-12-09T02:26:38.892+0000][1][safepoint    ] Entering safepoint region: RevokeBias
[2019-12-09T02:26:38.892+0000][1][safepoint    ] Leaving safepoint region
[2019-12-09T02:26:38.892+0000][1][safepoint    ] Total time for which application threads were stopped: 0.0001109 seconds, Stopping threads took: 0.0000169 seconds
[2019-12-09T02:26:38.900+0000][1][safepoint    ] Application time: 0.0082929 seconds
[2019-12-09T02:26:38.900+0000][1][safepoint    ] Entering safepoint region: RevokeBias
[2019-12-09T02:26:38.900+0000][1][safepoint    ] Leaving safepoint region
[2019-12-09T02:26:38.900+0000][1][safepoint    ] Total time for which application threads were stopped: 0.0001060 seconds, Stopping threads took: 0.0000142 seconds
[2019-12-09T02:26:38.920+0000][1][safepoint    ] Application time: 0.0192296 seconds
[2019-12-09T02:26:38.920+0000][1][safepoint    ] Entering safepoint region: RevokeBias
[2019-12-09T02:26:38.920+0000][1][safepoint    ] Leaving safepoint region
[2019-12-09T02:26:38.920+0000][1][safepoint    ] Total time for which application threads were stopped: 0.0000805 seconds, Stopping threads took: 0.0000129 seconds
[2019-12-09T02:26:38.956+0000][1][safepoint    ] Application time: 0.0360885 seconds
[2019-12-09T02:26:38.968+0000][1][safepoint    ] Entering safepoint region: RevokeBias
[2019-12-09T02:26:38.968+0000][1][safepoint    ] Leaving safepoint region
[2019-12-09T02:26:38.968+0000][1][safepoint    ] Total time for which application threads were stopped: 0.0120937 seconds, Stopping threads took: 0.0119837 seconds
[2019-12-09T02:26:38.978+0000][1][safepoint    ] Application time: 0.0098566 seconds
[2019-12-09T02:26:38.978+0000][1][safepoint    ] Entering safepoint region: RevokeBias
[2019-12-09T02:26:38.978+0000][1][safepoint    ] Leaving safepoint region
[2019-12-09T02:26:38.978+0000][1][safepoint    ] Total time for which application threads were stopped: 0.0003353 seconds, Stopping threads took: 0.0002293 seconds
[2019-12-09T02:26:38.981+0000][1][safepoint    ] Application time: 0.0032170 seconds
[2019-12-09T02:26:39.013+0000][1][safepoint    ] Entering safepoint region: RevokeBias
[2019-12-09T02:26:39.013+0000][1][safepoint    ] Leaving safepoint region
[2019-12-09T02:26:39.013+0000][1][safepoint    ] Total time for which application threads were stopped: 0.0316107 seconds, Stopping threads took: 0.0314977 seconds
[2019-12-09T02:26:39.085+0000][1][safepoint    ] Application time: 0.0718797 seconds
[2019-12-09T02:26:39.091+0000][1][safepoint    ] Entering safepoint region: RevokeBias
[2019-12-09T02:26:39.091+0000][1][safepoint    ] Leaving safepoint region
[2019-12-09T02:26:39.091+0000][1][safepoint    ] Total time for which application threads were stopped: 0.0061121 seconds, Stopping threads took: 0.0060148 seconds
[2019-12-09T02:26:39.095+0000][1][safepoint    ] Application time: 0.0037440 seconds
[2019-12-09T02:26:39.095+0000][1][safepoint    ] Entering safepoint region: RevokeBias
[2019-12-09T02:26:39.095+0000][1][safepoint    ] Leaving safepoint region
[2019-12-09T02:26:39.095+0000][1][safepoint    ] Total time for which application threads were stopped: 0.0001011 seconds, Stopping threads took: 0.0000155 seconds
[2019-12-09T02:26:39.095+0000][1][safepoint    ] Application time: 0.0005630 seconds
[2019-12-09T02:26:39.095+0000][1][safepoint    ] Entering safepoint region: RevokeBias
[2019-12-09T02:26:39.095+0000][1][safepoint    ] Leaving safepoint region
[2019-12-09T02:26:39.096+0000][1][safepoint    ] Total time for which application threads were stopped: 0.0000768 seconds, Stopping threads took: 0.0000130 seconds
[2019-12-09T02:26:39.096+0000][1][safepoint    ] Application time: 0.0005800 seconds
[2019-12-09T02:26:39.096+0000][1][safepoint    ] Entering safepoint region: RevokeBias
[2019-12-09T02:26:39.096+0000][1][safepoint    ] Leaving safepoint region
[2019-12-09T02:26:39.096+0000][1][safepoint    ] Total time for which application threads were stopped: 0.0000701 seconds, Stopping threads took: 0.0000115 seconds
[2019-12-09T02:26:39.113+0000][1][safepoint    ] Application time: 0.0163601 seconds
[2019-12-09T02:26:39.122+0000][1][safepoint    ] Entering safepoint region: RevokeBias
[2019-12-09T02:26:39.122+0000][1][safepoint    ] Leaving safepoint region
[2019-12-09T02:26:39.122+0000][1][safepoint    ] Total time for which application threads were stopped: 0.0097272 seconds, Stopping threads took: 0.0096294 seconds
[2019-12-09T02:26:39.128+0000][1][safepoint    ] Application time: 0.0058615 seconds
[2019-12-09T02:26:39.128+0000][1][safepoint    ] Entering safepoint region: RevokeBias
[2019-12-09T02:26:39.128+0000][1][safepoint    ] Leaving safepoint region
[2019-12-09T02:26:39.128+0000][1][safepoint    ] Total time for which application threads were stopped: 0.0000830 seconds, Stopping threads took: 0.0000137 seconds
[2019-12-09T02:26:39.129+0000][1][safepoint    ] Application time: 0.0005217 seconds
[2019-12-09T02:26:39.129+0000][1][safepoint    ] Entering safepoint region: RevokeBias
[2019-12-09T02:26:39.129+0000][1][safepoint    ] Leaving safepoint region
[2019-12-09T02:26:39.129+0000][1][safepoint    ] Total time for which application threads were stopped: 0.0000724 seconds, Stopping threads took: 0.0000125 seconds
[2019-12-09T02:26:39.129+0000][1][safepoint    ] Application time: 0.0005010 seconds
[2019-12-09T02:26:39.129+0000][1][safepoint    ] Entering safepoint region: RevokeBias
[2019-12-09T02:26:39.130+0000][1][safepoint    ] Leaving safepoint region
[2019-12-09T02:26:39.130+0000][1][safepoint    ] Total time for which application threads were stopped: 0.0000862 seconds, Stopping threads took: 0.0000099 seconds
[2019-12-09T02:26:39.138+0000][1][safepoint    ] Application time: 0.0084483 seconds
[2019-12-09T02:26:39.138+0000][1][safepoint    ] Entering safepoint region: BulkRevokeBias
[2019-12-09T02:26:39.139+0000][1][safepoint    ] Leaving safepoint region
[2019-12-09T02:26:39.139+0000][1][safepoint    ] Total time for which application threads were stopped: 0.0010907 seconds, Stopping threads took: 0.0000710 seconds
[2019-12-09T02:26:39.155+0000][1][safepoint    ] Application time: 0.0157494 seconds
[2019-12-09T02:26:39.155+0000][1][safepoint    ] Entering safepoint region: RevokeBias
[2019-12-09T02:26:39.155+0000][1][safepoint    ] Leaving safepoint region
[2019-12-09T02:26:39.155+0000][1][safepoint    ] Total time for which application threads were stopped: 0.0001184 seconds, Stopping threads took: 0.0000141 seconds
[2019-12-09T02:26:39.155+0000][1][safepoint    ] Application time: 0.0000671 seconds
[2019-12-09T02:26:39.155+0000][1][safepoint    ] Entering safepoint region: RevokeBias
[2019-12-09T02:26:39.155+0000][1][safepoint    ] Leaving safepoint region
[2019-12-09T02:26:39.155+0000][1][safepoint    ] Total time for which application threads were stopped: 0.0000950 seconds, Stopping threads took: 0.0000094 seconds
[2019-12-09T02:26:39.166+0000][1][safepoint    ] Application time: 0.0111950 seconds
[2019-12-09T02:26:39.166+0000][1][safepoint    ] Entering safepoint region: RevokeBias
[2019-12-09T02:26:39.166+0000][1][safepoint    ] Leaving safepoint region
[2019-12-09T02:26:39.167+0000][1][safepoint    ] Total time for which application threads were stopped: 0.0001094 seconds, Stopping threads took: 0.0000133 seconds
[2019-12-09T02:26:39.170+0000][1][safepoint    ] Application time: 0.0038181 seconds
[2019-12-09T02:26:39.170+0000][1][safepoint    ] Entering safepoint region: RevokeBias
[2019-12-09T02:26:39.170+0000][1][safepoint    ] Leaving safepoint region
[2019-12-09T02:26:39.170+0000][1][safepoint    ] Total time for which application threads were stopped: 0.0000702 seconds, Stopping threads took: 0.0000137 seconds
[2019-12-09T02:26:39.186+0000][1][safepoint    ] Application time: 0.0152909 seconds
[2019-12-09T02:26:39.186+0000][1][safepoint    ] Entering safepoint region: RevokeBias
[2019-12-09T02:26:39.186+0000][1][safepoint    ] Leaving safepoint region
[2019-12-09T02:26:39.186+0000][1][safepoint    ] Total time for which application threads were stopped: 0.0000679 seconds, Stopping threads took: 0.0000140 seconds
[2019-12-09T02:26:39.192+0000][1][safepoint    ] Application time: 0.0059560 seconds
[2019-12-09T02:26:39.192+0000][1][safepoint    ] Entering safepoint region: BulkRevokeBias
[2019-12-09T02:26:39.192+0000][1][safepoint    ] Leaving safepoint region
[2019-12-09T02:26:39.192+0000][1][safepoint    ] Total time for which application threads were stopped: 0.0006266 seconds, Stopping threads took: 0.0000142 seconds
[2019-12-09T02:26:39.205+0000][1][safepoint    ] Application time: 0.0129241 seconds
[2019-12-09T02:26:39.207+0000][1][safepoint    ] Entering safepoint region: RevokeBias
[2019-12-09T02:26:39.207+0000][1][safepoint    ] Leaving safepoint region
[2019-12-09T02:26:39.207+0000][1][safepoint    ] Total time for which application threads were stopped: 0.0016746 seconds, Stopping threads took: 0.0016056 seconds
[2019-12-09T02:26:39.247+0000][1][safepoint    ] Application time: 0.0400704 seconds
[2019-12-09T02:26:39.296+0000][1][safepoint    ] Entering safepoint region: RevokeBias
[2019-12-09T02:26:39.296+0000][1][safepoint    ] Leaving safepoint region
[2019-12-09T02:26:39.296+0000][1][safepoint    ] Total time for which application threads were stopped: 0.0487298 seconds, Stopping threads took: 0.0485903 seconds
[2019-12-09T02:26:39.616+0000][1][safepoint    ] Application time: 0.3205552 seconds
[2019-12-09T02:26:39.662+0000][1][safepoint    ] Entering safepoint region: RevokeBias
[2019-12-09T02:26:39.662+0000][1][safepoint    ] Leaving safepoint region
[2019-12-09T02:26:39.662+0000][1][safepoint    ] Total time for which application threads were stopped: 0.0454407 seconds, Stopping threads took: 0.0452804 seconds
[2019-12-09T02:26:39.662+0000][1][safepoint    ] Application time: 0.0005336 seconds
[2019-12-09T02:26:39.663+0000][1][safepoint    ] Entering safepoint region: RevokeBias
[2019-12-09T02:26:39.663+0000][1][safepoint    ] Leaving safepoint region
[2019-12-09T02:26:39.663+0000][1][safepoint    ] Total time for which application threads were stopped: 0.0000973 seconds, Stopping threads took: 0.0000164 seconds
[2019-12-09T02:26:39.690+0000][1][safepoint    ] Application time: 0.0274144 seconds
[2019-12-09T02:26:39.690+0000][1][safepoint    ] Entering safepoint region: RevokeBias
[2019-12-09T02:26:39.690+0000][1][safepoint    ] Leaving safepoint region
[2019-12-09T02:26:39.690+0000][1][safepoint    ] Total time for which application threads were stopped: 0.0000917 seconds, Stopping threads took: 0.0000185 seconds
[2019-12-09T02:26:39.697+0000][1][safepoint    ] Application time: 0.0070559 seconds
[2019-12-09T02:26:39.697+0000][1][safepoint    ] Entering safepoint region: RevokeBias
[2019-12-09T02:26:39.697+0000][1][safepoint    ] Leaving safepoint region
[2019-12-09T02:26:39.697+0000][1][safepoint    ] Total time for which application threads were stopped: 0.0000898 seconds, Stopping threads took: 0.0000177 seconds
[2019-12-09T02:26:39.760+0000][1][safepoint    ] Application time: 0.0626479 seconds
[2019-12-09T02:26:39.791+0000][1][safepoint    ] Entering safepoint region: RevokeBias
[2019-12-09T02:26:39.791+0000][1][safepoint    ] Leaving safepoint region
[2019-12-09T02:26:39.791+0000][1][safepoint    ] Total time for which application threads were stopped: 0.0308866 seconds, Stopping threads took: 0.0307670 seconds
[2019-12-09T02:26:39.810+0000][1][safepoint    ] Application time: 0.0193692 seconds
[2019-12-09T02:26:39.810+0000][1][safepoint    ] Entering safepoint region: RevokeBias
[2019-12-09T02:26:39.810+0000][1][safepoint    ] Leaving safepoint region
[2019-12-09T02:26:39.810+0000][1][safepoint    ] Total time for which application threads were stopped: 0.0001133 seconds, Stopping threads took: 0.0000184 seconds
[2019-12-09T02:26:39.810+0000][1][safepoint    ] Application time: 0.0000643 seconds
[2019-12-09T02:26:39.811+0000][1][safepoint    ] Entering safepoint region: RevokeBias
[2019-12-09T02:26:39.811+0000][1][safepoint    ] Leaving safepoint region
[2019-12-09T02:26:39.811+0000][1][safepoint    ] Total time for which application threads were stopped: 0.0000568 seconds, Stopping threads took: 0.0000094 seconds
[2019-12-09T02:26:39.812+0000][1][safepoint    ] Application time: 0.0015189 seconds
[2019-12-09T02:26:39.812+0000][1][safepoint    ] Entering safepoint region: RevokeBias
[2019-12-09T02:26:39.812+0000][1][safepoint    ] Leaving safepoint region
[2019-12-09T02:26:39.812+0000][1][safepoint    ] Total time for which application threads were stopped: 0.0000941 seconds, Stopping threads took: 0.0000180 seconds
[2019-12-09T02:26:39.812+0000][1][safepoint    ] Application time: 0.0002035 seconds
[2019-12-09T02:26:39.812+0000][1][safepoint    ] Entering safepoint region: RevokeBias
[2019-12-09T02:26:39.812+0000][1][safepoint    ] Leaving safepoint region
[2019-12-09T02:26:39.813+0000][1][safepoint    ] Total time for which application threads were stopped: 0.0000763 seconds, Stopping threads took: 0.0000130 seconds
[2019-12-09T02:26:39.813+0000][1][safepoint    ] Application time: 0.0000608 seconds
[2019-12-09T02:26:39.813+0000][1][safepoint    ] Entering safepoint region: RevokeBias
[2019-12-09T02:26:39.813+0000][1][safepoint    ] Leaving safepoint region
[2019-12-09T02:26:39.813+0000][1][safepoint    ] Total time for which application threads were stopped: 0.0000554 seconds, Stopping threads took: 0.0000097 seconds
[2019-12-09T02:26:39.911+0000][1][safepoint    ] Application time: 0.0980572 seconds
[2019-12-09T02:26:39.931+0000][1][safepoint    ] Entering safepoint region: RevokeBias
[2019-12-09T02:26:39.931+0000][1][safepoint    ] Leaving safepoint region
[2019-12-09T02:26:39.931+0000][1][safepoint    ] Total time for which application threads were stopped: 0.0201292 seconds, Stopping threads took: 0.0200007 seconds
[2019-12-09T02:26:39.967+0000][1][safepoint    ] Application time: 0.0357186 seconds
[2019-12-09T02:26:39.972+0000][1][safepoint    ] Entering safepoint region: RevokeBias
[2019-12-09T02:26:39.972+0000][1][safepoint    ] Leaving safepoint region
[2019-12-09T02:26:39.972+0000][1][safepoint    ] Total time for which application threads were stopped: 0.0052288 seconds, Stopping threads took: 0.0051149 seconds
[2019-12-09T02:26:39.994+0000][1][safepoint    ] Application time: 0.0225108 seconds
[2019-12-09T02:26:39.994+0000][1][safepoint    ] Entering safepoint region: RevokeBias
[2019-12-09T02:26:39.995+0000][1][safepoint    ] Leaving safepoint region
[2019-12-09T02:26:39.995+0000][1][safepoint    ] Total time for which application threads were stopped: 0.0001901 seconds, Stopping threads took: 0.0000814 seconds
[2019-12-09T02:26:40.006+0000][1][safepoint    ] Application time: 0.0118146 seconds
[2019-12-09T02:26:40.007+0000][1][safepoint    ] Entering safepoint region: RevokeBias
[2019-12-09T02:26:40.007+0000][1][safepoint    ] Leaving safepoint region
[2019-12-09T02:26:40.007+0000][1][safepoint    ] Total time for which application threads were stopped: 0.0002053 seconds, Stopping threads took: 0.0001055 seconds
[2019-12-09T02:26:40.011+0000][1][safepoint    ] Application time: 0.0046175 seconds
[2019-12-09T02:26:40.016+0000][1][safepoint    ] Entering safepoint region: RevokeBias
[2019-12-09T02:26:40.016+0000][1][safepoint    ] Leaving safepoint region
[2019-12-09T02:26:40.016+0000][1][safepoint    ] Total time for which application threads were stopped: 0.0046645 seconds, Stopping threads took: 0.0045622 seconds
[2019-12-09T02:26:40.017+0000][1][safepoint    ] Application time: 0.0011651 seconds
[2019-12-09T02:26:40.023+0000][1][safepoint    ] Entering safepoint region: RevokeBias
[2019-12-09T02:26:40.023+0000][1][safepoint    ] Leaving safepoint region
[2019-12-09T02:26:40.023+0000][1][safepoint    ] Total time for which application threads were stopped: 0.0056243 seconds, Stopping threads took: 0.0055541 seconds
[2019-12-09T02:26:40.029+0000][1][safepoint    ] Application time: 0.0058577 seconds
[2019-12-09T02:26:40.029+0000][1][safepoint    ] Entering safepoint region: RevokeBias
[2019-12-09T02:26:40.029+0000][1][safepoint    ] Leaving safepoint region
[2019-12-09T02:26:40.029+0000][1][safepoint    ] Total time for which application threads were stopped: 0.0000963 seconds, Stopping threads took: 0.0000209 seconds
[2019-12-09T02:26:40.162+0000][1][safepoint    ] Application time: 0.1332057 seconds
[2019-12-09T02:26:40.162+0000][1][safepoint    ] Entering safepoint region: RevokeBias
[2019-12-09T02:26:40.162+0000][1][safepoint    ] Leaving safepoint region
[2019-12-09T02:26:40.162+0000][1][safepoint    ] Total time for which application threads were stopped: 0.0001037 seconds, Stopping threads took: 0.0000195 seconds
[2019-12-09T02:26:40.163+0000][1][safepoint    ] Application time: 0.0009844 seconds
[2019-12-09T02:26:40.163+0000][1][safepoint    ] Entering safepoint region: RevokeBias
[2019-12-09T02:26:40.163+0000][1][safepoint    ] Leaving safepoint region
[2019-12-09T02:26:40.163+0000][1][safepoint    ] Total time for which application threads were stopped: 0.0000950 seconds, Stopping threads took: 0.0000195 seconds
[2019-12-09T02:26:40.164+0000][1][safepoint    ] Application time: 0.0002648 seconds
[2019-12-09T02:26:40.164+0000][1][safepoint    ] Entering safepoint region: RevokeBias
[2019-12-09T02:26:40.164+0000][1][safepoint    ] Leaving safepoint region
[2019-12-09T02:26:40.164+0000][1][safepoint    ] Total time for which application threads were stopped: 0.0000621 seconds, Stopping threads took: 0.0000106 seconds
[2019-12-09T02:26:40.164+0000][1][safepoint    ] Application time: 0.0005377 seconds
[2019-12-09T02:26:40.164+0000][1][safepoint    ] Entering safepoint region: RevokeBias
[2019-12-09T02:26:40.164+0000][1][safepoint    ] Leaving safepoint region
[2019-12-09T02:26:40.164+0000][1][safepoint    ] Total time for which application threads were stopped: 0.0000741 seconds, Stopping threads took: 0.0000139 seconds
[2019-12-09T02:26:40.165+0000][1][safepoint    ] Application time: 0.0002750 seconds
[2019-12-09T02:26:40.165+0000][1][safepoint    ] Entering safepoint region: RevokeBias
[2019-12-09T02:26:40.165+0000][1][safepoint    ] Leaving safepoint region
[2019-12-09T02:26:40.165+0000][1][safepoint    ] Total time for which application threads were stopped: 0.0000679 seconds, Stopping threads took: 0.0000126 seconds
[2019-12-09T02:26:40.165+0000][1][safepoint    ] Application time: 0.0005938 seconds
[2019-12-09T02:26:40.165+0000][1][safepoint    ] Entering safepoint region: RevokeBias
[2019-12-09T02:26:40.165+0000][1][safepoint    ] Leaving safepoint region
[2019-12-09T02:26:40.165+0000][1][safepoint    ] Total time for which application threads were stopped: 0.0000727 seconds, Stopping threads took: 0.0000132 seconds
[2019-12-09T02:26:40.211+0000][1][safepoint    ] Application time: 0.0456064 seconds
[2019-12-09T02:26:40.211+0000][1][safepoint    ] Entering safepoint region: RevokeBias
[2019-12-09T02:26:40.211+0000][1][safepoint    ] Leaving safepoint region
[2019-12-09T02:26:40.211+0000][1][safepoint    ] Total time for which application threads were stopped: 0.0000896 seconds, Stopping threads took: 0.0000184 seconds
[2019-12-09T02:26:40.283+0000][1][safepoint    ] Application time: 0.0717759 seconds
[2019-12-09T02:26:40.344+0000][1][safepoint    ] Entering safepoint region: RevokeBias
[2019-12-09T02:26:40.344+0000][1][safepoint    ] Leaving safepoint region
[2019-12-09T02:26:40.344+0000][1][safepoint    ] Total time for which application threads were stopped: 0.0610528 seconds, Stopping threads took: 0.0609104 seconds
[2019-12-09T02:26:40.344+0000][1][safepoint    ] Application time: 0.0003234 seconds
[2019-12-09T02:26:40.344+0000][1][safepoint    ] Entering safepoint region: RevokeBias
[2019-12-09T02:26:40.344+0000][1][safepoint    ] Leaving safepoint region
[2019-12-09T02:26:40.344+0000][1][safepoint    ] Total time for which application threads were stopped: 0.0001040 seconds, Stopping threads took: 0.0000166 seconds
[2019-12-09T02:26:40.345+0000][1][safepoint    ] Application time: 0.0003944 seconds
[2019-12-09T02:26:40.345+0000][1][safepoint    ] Entering safepoint region: RevokeBias
[2019-12-09T02:26:40.345+0000][1][safepoint    ] Leaving safepoint region
[2019-12-09T02:26:40.345+0000][1][safepoint    ] Total time for which application threads were stopped: 0.0000929 seconds, Stopping threads took: 0.0000162 seconds
[2019-12-09T02:26:40.361+0000][1][safepoint    ] Application time: 0.0159351 seconds
[2019-12-09T02:26:40.361+0000][1][safepoint    ] Entering safepoint region: RevokeBias
[2019-12-09T02:26:40.361+0000][1][safepoint    ] Leaving safepoint region
[2019-12-09T02:26:40.361+0000][1][safepoint    ] Total time for which application threads were stopped: 0.0000778 seconds, Stopping threads took: 0.0000149 seconds
[2019-12-09T02:26:40.361+0000][1][safepoint    ] Application time: 0.0002280 seconds
[2019-12-09T02:26:40.361+0000][1][safepoint    ] Entering safepoint region: BulkRevokeBias
[2019-12-09T02:26:40.362+0000][1][safepoint    ] Leaving safepoint region
[2019-12-09T02:26:40.362+0000][1][safepoint    ] Total time for which application threads were stopped: 0.0009312 seconds, Stopping threads took: 0.0000106 seconds
[2019-12-09T02:26:40.362+0000][1][safepoint    ] Application time: 0.0003180 seconds
[2019-12-09T02:26:40.362+0000][1][safepoint    ] Entering safepoint region: RevokeBias
[2019-12-09T02:26:40.362+0000][1][safepoint    ] Leaving safepoint region
[2019-12-09T02:26:40.362+0000][1][safepoint    ] Total time for which application threads were stopped: 0.0000731 seconds, Stopping threads took: 0.0000128 seconds
[2019-12-09T02:26:40.363+0000][1][safepoint    ] Application time: 0.0002688 seconds
[2019-12-09T02:26:40.363+0000][1][safepoint    ] Entering safepoint region: RevokeBias
[2019-12-09T02:26:40.363+0000][1][safepoint    ] Leaving safepoint region
[2019-12-09T02:26:40.363+0000][1][safepoint    ] Total time for which application threads were stopped: 0.0000678 seconds, Stopping threads took: 0.0000110 seconds
[2019-12-09T02:26:40.368+0000][1][safepoint    ] Application time: 0.0047609 seconds
[2019-12-09T02:26:40.368+0000][1][safepoint    ] Entering safepoint region: RevokeBias
[2019-12-09T02:26:40.368+0000][1][safepoint    ] Leaving safepoint region
[2019-12-09T02:26:40.368+0000][1][safepoint    ] Total time for which application threads were stopped: 0.0000781 seconds, Stopping threads took: 0.0000131 seconds
[2019-12-09T02:26:40.368+0000][1][safepoint    ] Application time: 0.0002777 seconds
[2019-12-09T02:26:40.368+0000][1][safepoint    ] Entering safepoint region: RevokeBias
[2019-12-09T02:26:40.368+0000][1][safepoint    ] Leaving safepoint region
[2019-12-09T02:26:40.368+0000][1][safepoint    ] Total time for which application threads were stopped: 0.0000649 seconds, Stopping threads took: 0.0000112 seconds
[2019-12-09T02:26:40.381+0000][1][safepoint    ] Application time: 0.0131220 seconds
[2019-12-09T02:26:40.381+0000][1][safepoint    ] Entering safepoint region: BulkRevokeBias
[2019-12-09T02:26:40.382+0000][1][safepoint    ] Leaving safepoint region
[2019-12-09T02:26:40.382+0000][1][safepoint    ] Total time for which application threads were stopped: 0.0002911 seconds, Stopping threads took: 0.0000144 seconds
[2019-12-09T02:26:40.382+0000][1][safepoint    ] Application time: 0.0007415 seconds
[2019-12-09T02:26:40.382+0000][1][safepoint    ] Entering safepoint region: RevokeBias
[2019-12-09T02:26:40.382+0000][1][safepoint    ] Leaving safepoint region
[2019-12-09T02:26:40.382+0000][1][safepoint    ] Total time for which application threads were stopped: 0.0000916 seconds, Stopping threads took: 0.0000128 seconds
[2019-12-09T02:26:40.383+0000][1][safepoint    ] Application time: 0.0004823 seconds
[2019-12-09T02:26:40.383+0000][1][safepoint    ] Entering safepoint region: RevokeBias
[2019-12-09T02:26:40.383+0000][1][safepoint    ] Leaving safepoint region
[2019-12-09T02:26:40.383+0000][1][safepoint    ] Total time for which application threads were stopped: 0.0000802 seconds, Stopping threads took: 0.0000131 seconds
[2019-12-09T02:26:40.383+0000][1][safepoint    ] Application time: 0.0004304 seconds
[2019-12-09T02:26:40.383+0000][1][safepoint    ] Entering safepoint region: RevokeBias
[2019-12-09T02:26:40.384+0000][1][safepoint    ] Leaving safepoint region
[2019-12-09T02:26:40.384+0000][1][safepoint    ] Total time for which application threads were stopped: 0.0000866 seconds, Stopping threads took: 0.0000134 seconds
[2019-12-09T02:26:40.384+0000][1][safepoint    ] Application time: 0.0003963 seconds
[2019-12-09T02:26:40.384+0000][1][safepoint    ] Entering safepoint region: RevokeBias
[2019-12-09T02:26:40.384+0000][1][safepoint    ] Leaving safepoint region
[2019-12-09T02:26:40.384+0000][1][safepoint    ] Total time for which application threads were stopped: 0.0000804 seconds, Stopping threads took: 0.0000122 seconds
[2019-12-09T02:26:40.386+0000][1][safepoint    ] Application time: 0.0019252 seconds
[2019-12-09T02:26:40.386+0000][1][safepoint    ] Entering safepoint region: RevokeBias
[2019-12-09T02:26:40.386+0000][1][safepoint    ] Leaving safepoint region
[2019-12-09T02:26:40.386+0000][1][safepoint    ] Total time for which application threads were stopped: 0.0000878 seconds, Stopping threads took: 0.0000131 seconds
[2019-12-09T02:26:40.388+0000][1][safepoint    ] Application time: 0.0014463 seconds
[2019-12-09T02:26:40.388+0000][1][safepoint    ] Entering safepoint region: RevokeBias
[2019-12-09T02:26:40.388+0000][1][safepoint    ] Leaving safepoint region
[2019-12-09T02:26:40.388+0000][1][safepoint    ] Total time for which application threads were stopped: 0.0000729 seconds, Stopping threads took: 0.0000142 seconds
[2019-12-09T02:26:40.388+0000][1][safepoint    ] Application time: 0.0002459 seconds
[2019-12-09T02:26:40.388+0000][1][safepoint    ] Entering safepoint region: RevokeBias
[2019-12-09T02:26:40.388+0000][1][safepoint    ] Leaving safepoint region
[2019-12-09T02:26:40.388+0000][1][safepoint    ] Total time for which application threads were stopped: 0.0000740 seconds, Stopping threads took: 0.0000118 seconds
[2019-12-09T02:26:40.388+0000][1][safepoint    ] Application time: 0.0002097 seconds
[2019-12-09T02:26:40.388+0000][1][safepoint    ] Entering safepoint region: RevokeBias
[2019-12-09T02:26:40.388+0000][1][safepoint    ] Leaving safepoint region
[2019-12-09T02:26:40.388+0000][1][safepoint    ] Total time for which application threads were stopped: 0.0000673 seconds, Stopping threads took: 0.0000105 seconds
[2019-12-09T02:26:40.388+0000][1][safepoint    ] Application time: 0.0002008 seconds
[2019-12-09T02:26:40.388+0000][1][safepoint    ] Entering safepoint region: RevokeBias
[2019-12-09T02:26:40.389+0000][1][safepoint    ] Leaving safepoint region
[2019-12-09T02:26:40.389+0000][1][safepoint    ] Total time for which application threads were stopped: 0.0000664 seconds, Stopping threads took: 0.0000108 seconds
[2019-12-09T02:26:40.389+0000][1][safepoint    ] Application time: 0.0002101 seconds
[2019-12-09T02:26:40.389+0000][1][safepoint    ] Entering safepoint region: RevokeBias
[2019-12-09T02:26:40.389+0000][1][safepoint    ] Leaving safepoint region
[2019-12-09T02:26:40.389+0000][1][safepoint    ] Total time for which application threads were stopped: 0.0000658 seconds, Stopping threads took: 0.0000113 seconds
[2019-12-09T02:26:40.390+0000][1][safepoint    ] Application time: 0.0007243 seconds
[2019-12-09T02:26:40.390+0000][1][safepoint    ] Entering safepoint region: RevokeBias
[2019-12-09T02:26:40.390+0000][1][safepoint    ] Leaving safepoint region
[2019-12-09T02:26:40.390+0000][1][safepoint    ] Total time for which application threads were stopped: 0.0000634 seconds, Stopping threads took: 0.0000130 seconds
[2019-12-09T02:26:40.425+0000][1][safepoint    ] Application time: 0.0357040 seconds
[2019-12-09T02:26:40.425+0000][1][safepoint    ] Entering safepoint region: RevokeBias
[2019-12-09T02:26:40.425+0000][1][safepoint    ] Leaving safepoint region
[2019-12-09T02:26:40.426+0000][1][safepoint    ] Total time for which application threads were stopped: 0.0000999 seconds, Stopping threads took: 0.0000170 seconds
[2019-12-09T02:26:40.438+0000][1][safepoint    ] Application time: 0.0127667 seconds
[2019-12-09T02:26:40.448+0000][1][safepoint    ] Entering safepoint region: RevokeBias
[2019-12-09T02:26:40.448+0000][1][safepoint    ] Leaving safepoint region
[2019-12-09T02:26:40.448+0000][1][safepoint    ] Total time for which application threads were stopped: 0.0096662 seconds, Stopping threads took: 0.0096034 seconds
[2019-12-09T02:26:40.448+0000][1][safepoint    ] Application time: 0.0000526 seconds
[2019-12-09T02:26:40.448+0000][1][safepoint    ] Entering safepoint region: RevokeBias
[2019-12-09T02:26:40.448+0000][1][safepoint    ] Leaving safepoint region
[2019-12-09T02:26:40.448+0000][1][safepoint    ] Total time for which application threads were stopped: 0.0000455 seconds, Stopping threads took: 0.0000090 seconds
[2019-12-09T02:26:40.449+0000][1][safepoint    ] Application time: 0.0010854 seconds
[2019-12-09T02:26:40.449+0000][1][safepoint    ] Entering safepoint region: RevokeBias
[2019-12-09T02:26:40.449+0000][1][safepoint    ] Leaving safepoint region
[2019-12-09T02:26:40.449+0000][1][safepoint    ] Total time for which application threads were stopped: 0.0000727 seconds, Stopping threads took: 0.0000139 seconds
[2019-12-09T02:26:40.519+0000][1][safepoint    ] Application time: 0.0697742 seconds
[2019-12-09T02:26:40.519+0000][1][safepoint    ] Entering safepoint region: RevokeBias
[2019-12-09T02:26:40.519+0000][1][safepoint    ] Leaving safepoint region
[2019-12-09T02:26:40.519+0000][1][safepoint    ] Total time for which application threads were stopped: 0.0003500 seconds, Stopping threads took: 0.0002430 seconds
[2019-12-09T02:26:40.621+0000][1][safepoint    ] Application time: 0.1012850 seconds
[2019-12-09T02:26:40.621+0000][1][safepoint    ] Entering safepoint region: Deoptimize
[2019-12-09T02:26:40.622+0000][1][safepoint    ] Leaving safepoint region
[2019-12-09T02:26:40.622+0000][1][safepoint    ] Total time for which application threads were stopped: 0.0008088 seconds, Stopping threads took: 0.0000226 seconds
[2019-12-09T02:26:40.623+0000][1][safepoint    ] Application time: 0.0016376 seconds
[2019-12-09T02:26:40.623+0000][1][safepoint    ] Entering safepoint region: RevokeBias
[2019-12-09T02:26:40.623+0000][1][safepoint    ] Leaving safepoint region
[2019-12-09T02:26:40.623+0000][1][safepoint    ] Total time for which application threads were stopped: 0.0001008 seconds, Stopping threads took: 0.0000177 seconds
[2019-12-09T02:26:40.692+0000][1][safepoint    ] Application time: 0.0691538 seconds
[2019-12-09T02:26:40.693+0000][1][safepoint    ] Entering safepoint region: RevokeBias
[2019-12-09T02:26:40.693+0000][1][safepoint    ] Leaving safepoint region
[2019-12-09T02:26:40.693+0000][1][safepoint    ] Total time for which application threads were stopped: 0.0001064 seconds, Stopping threads took: 0.0000192 seconds
[2019-12-09T02:26:41.019+0000][1][safepoint    ] Application time: 0.3262361 seconds
[2019-12-09T02:26:41.062+0000][1][safepoint    ] Entering safepoint region: RevokeBias
[2019-12-09T02:26:41.062+0000][1][safepoint    ] Leaving safepoint region
[2019-12-09T02:26:41.062+0000][1][safepoint    ] Total time for which application threads were stopped: 0.0429763 seconds, Stopping threads took: 0.0428678 seconds
[2019-12-09T02:26:41.063+0000][1][safepoint    ] Application time: 0.0007210 seconds
[2019-12-09T02:26:41.063+0000][1][safepoint    ] Entering safepoint region: RevokeBias
[2019-12-09T02:26:41.063+0000][1][safepoint    ] Leaving safepoint region
[2019-12-09T02:26:41.063+0000][1][safepoint    ] Total time for which application threads were stopped: 0.0001168 seconds, Stopping threads took: 0.0000188 seconds
[2019-12-09T02:26:41.063+0000][1][safepoint    ] Application time: 0.0006600 seconds
[2019-12-09T02:26:41.063+0000][1][safepoint    ] Entering safepoint region: RevokeBias
[2019-12-09T02:26:41.063+0000][1][safepoint    ] Leaving safepoint region
[2019-12-09T02:26:41.063+0000][1][safepoint    ] Total time for which application threads were stopped: 0.0000819 seconds, Stopping threads took: 0.0000163 seconds
[2019-12-09T02:26:41.110+0000][1][safepoint    ] Application time: 0.0468266 seconds
[2019-12-09T02:26:41.110+0000][1][safepoint    ] Entering safepoint region: RevokeBias
[2019-12-09T02:26:41.110+0000][1][safepoint    ] Leaving safepoint region
[2019-12-09T02:26:41.110+0000][1][safepoint    ] Total time for which application threads were stopped: 0.0001090 seconds, Stopping threads took: 0.0000168 seconds
[2019-12-09T02:26:41.129+0000][1][safepoint    ] Application time: 0.0187217 seconds
[2019-12-09T02:26:41.129+0000][1][safepoint    ] Entering safepoint region: RevokeBias
[2019-12-09T02:26:41.129+0000][1][safepoint    ] Leaving safepoint region
[2019-12-09T02:26:41.129+0000][1][safepoint    ] Total time for which application threads were stopped: 0.0000966 seconds, Stopping threads took: 0.0000192 seconds
[2019-12-09T02:26:41.436+0000][1][safepoint    ] Application time: 0.3068018 seconds
[2019-12-09T02:26:41.436+0000][1][safepoint    ] Entering safepoint region: RevokeBias
[2019-12-09T02:26:41.436+0000][1][safepoint    ] Leaving safepoint region
[2019-12-09T02:26:41.436+0000][1][safepoint    ] Total time for which application threads were stopped: 0.0001046 seconds, Stopping threads took: 0.0000199 seconds
[2019-12-09T02:26:41.437+0000][1][safepoint    ] Application time: 0.0003591 seconds
[2019-12-09T02:26:41.437+0000][1][safepoint    ] Entering safepoint region: RevokeBias
[2019-12-09T02:26:41.437+0000][1][safepoint    ] Leaving safepoint region
[2019-12-09T02:26:41.437+0000][1][safepoint    ] Total time for which application threads were stopped: 0.0000947 seconds, Stopping threads took: 0.0000140 seconds
[2019-12-09T02:26:41.547+0000][1][safepoint    ] Application time: 0.1107439 seconds
[2019-12-09T02:26:41.548+0000][1][safepoint    ] Entering safepoint region: RevokeBias
[2019-12-09T02:26:41.548+0000][1][safepoint    ] Leaving safepoint region
[2019-12-09T02:26:41.548+0000][1][safepoint    ] Total time for which application threads were stopped: 0.0001071 seconds, Stopping threads took: 0.0000196 seconds
[2019-12-09T02:26:41.696+0000][1][safepoint    ] Application time: 0.1481020 seconds
[2019-12-09T02:26:41.696+0000][1][safepoint    ] Entering safepoint region: RevokeBias
[2019-12-09T02:26:41.696+0000][1][safepoint    ] Leaving safepoint region
[2019-12-09T02:26:41.696+0000][1][safepoint    ] Total time for which application threads were stopped: 0.0001133 seconds, Stopping threads took: 0.0000200 seconds
[2019-12-09T02:26:41.696+0000][1][safepoint    ] Application time: 0.0002687 seconds
[2019-12-09T02:26:41.696+0000][1][safepoint    ] Entering safepoint region: BulkRevokeBias
[2019-12-09T02:26:41.697+0000][1][safepoint    ] Leaving safepoint region
[2019-12-09T02:26:41.697+0000][1][safepoint    ] Total time for which application threads were stopped: 0.0005863 seconds, Stopping threads took: 0.0000144 seconds
[2019-12-09T02:26:41.697+0000][1][safepoint    ] Application time: 0.0002147 seconds
[2019-12-09T02:26:41.697+0000][1][safepoint    ] Entering safepoint region: RevokeBias
[2019-12-09T02:26:41.697+0000][1][safepoint    ] Leaving safepoint region
[2019-12-09T02:26:41.697+0000][1][safepoint    ] Total time for which application threads were stopped: 0.0000649 seconds, Stopping threads took: 0.0000132 seconds
[2019-12-09T02:26:41.697+0000][1][safepoint    ] Application time: 0.0003925 seconds
[2019-12-09T02:26:41.697+0000][1][safepoint    ] Entering safepoint region: RevokeBias
[2019-12-09T02:26:41.698+0000][1][safepoint    ] Leaving safepoint region
[2019-12-09T02:26:41.698+0000][1][safepoint    ] Total time for which application threads were stopped: 0.0000642 seconds, Stopping threads took: 0.0000141 seconds
[2019-12-09T02:26:41.733+0000][1][safepoint    ] Application time: 0.0353422 seconds
[2019-12-09T02:26:41.738+0000][1][safepoint    ] Entering safepoint region: RevokeBias
[2019-12-09T02:26:41.738+0000][1][safepoint    ] Leaving safepoint region
[2019-12-09T02:26:41.738+0000][1][safepoint    ] Total time for which application threads were stopped: 0.0054027 seconds, Stopping threads took: 0.0053363 seconds
[2019-12-09T02:26:41.740+0000][1][safepoint    ] Application time: 0.0014744 seconds
[2019-12-09T02:26:41.806+0000][1][safepoint    ] Entering safepoint region: RevokeBias
[2019-12-09T02:26:41.806+0000][1][safepoint    ] Leaving safepoint region
[2019-12-09T02:26:41.806+0000][1][safepoint    ] Total time for which application threads were stopped: 0.0661023 seconds, Stopping threads took: 0.0659987 seconds
[2019-12-09T02:26:41.807+0000][1][safepoint    ] Application time: 0.0015755 seconds
[2019-12-09T02:26:41.808+0000][1][safepoint    ] Entering safepoint region: RevokeBias
[2019-12-09T02:26:41.808+0000][1][safepoint    ] Leaving safepoint region
[2019-12-09T02:26:41.808+0000][1][safepoint    ] Total time for which application threads were stopped: 0.0001161 seconds, Stopping threads took: 0.0000187 seconds
[2019-12-09T02:26:41.810+0000][1][safepoint    ] Application time: 0.0021556 seconds
[2019-12-09T02:26:41.810+0000][1][safepoint    ] Entering safepoint region: RevokeBias
[2019-12-09T02:26:41.810+0000][1][safepoint    ] Leaving safepoint region
[2019-12-09T02:26:41.810+0000][1][safepoint    ] Total time for which application threads were stopped: 0.0000857 seconds, Stopping threads took: 0.0000156 seconds
[2019-12-09T02:26:41.810+0000][1][safepoint    ] Application time: 0.0003704 seconds
[2019-12-09T02:26:41.810+0000][1][safepoint    ] Entering safepoint region: RevokeBias
[2019-12-09T02:26:41.810+0000][1][safepoint    ] Leaving safepoint region
[2019-12-09T02:26:41.810+0000][1][safepoint    ] Total time for which application threads were stopped: 0.0000722 seconds, Stopping threads took: 0.0000130 seconds
[2019-12-09T02:26:41.811+0000][1][safepoint    ] Application time: 0.0004247 seconds
[2019-12-09T02:26:41.811+0000][1][safepoint    ] Entering safepoint region: RevokeBias
[2019-12-09T02:26:41.811+0000][1][safepoint    ] Leaving safepoint region
[2019-12-09T02:26:41.811+0000][1][safepoint    ] Total time for which application threads were stopped: 0.0000679 seconds, Stopping threads took: 0.0000135 seconds
[2019-12-09T02:26:41.811+0000][1][safepoint    ] Application time: 0.0002715 seconds
[2019-12-09T02:26:41.811+0000][1][safepoint    ] Entering safepoint region: RevokeBias
[2019-12-09T02:26:41.811+0000][1][safepoint    ] Leaving safepoint region
[2019-12-09T02:26:41.811+0000][1][safepoint    ] Total time for which application threads were stopped: 0.0000616 seconds, Stopping threads took: 0.0000112 seconds
[2019-12-09T02:26:41.813+0000][1][safepoint    ] Application time: 0.0019634 seconds
[2019-12-09T02:26:41.813+0000][1][safepoint    ] Entering safepoint region: RevokeBias
[2019-12-09T02:26:41.813+0000][1][safepoint    ] Leaving safepoint region
[2019-12-09T02:26:41.813+0000][1][safepoint    ] Total time for which application threads were stopped: 0.0000713 seconds, Stopping threads took: 0.0000136 seconds
[2019-12-09T02:26:41.814+0000][1][safepoint    ] Application time: 0.0004571 seconds
[2019-12-09T02:26:41.814+0000][1][safepoint    ] Entering safepoint region: RevokeBias
[2019-12-09T02:26:41.814+0000][1][safepoint    ] Leaving safepoint region
[2019-12-09T02:26:41.814+0000][1][safepoint    ] Total time for which application threads were stopped: 0.0000679 seconds, Stopping threads took: 0.0000116 seconds
[2019-12-09T02:26:41.814+0000][1][safepoint    ] Application time: 0.0002442 seconds
[2019-12-09T02:26:41.814+0000][1][safepoint    ] Entering safepoint region: RevokeBias
[2019-12-09T02:26:41.814+0000][1][safepoint    ] Leaving safepoint region
[2019-12-09T02:26:41.814+0000][1][safepoint    ] Total time for which application threads were stopped: 0.0000729 seconds, Stopping threads took: 0.0000116 seconds
[2019-12-09T02:26:41.836+0000][1][safepoint    ] Application time: 0.0217266 seconds
[2019-12-09T02:26:41.836+0000][1][safepoint    ] Entering safepoint region: RevokeBias
[2019-12-09T02:26:41.836+0000][1][safepoint    ] Leaving safepoint region
[2019-12-09T02:26:41.836+0000][1][safepoint    ] Total time for which application threads were stopped: 0.0000825 seconds, Stopping threads took: 0.0000167 seconds
[2019-12-09T02:26:41.873+0000][1][safepoint    ] Application time: 0.0370377 seconds
[2019-12-09T02:26:41.873+0000][1][safepoint    ] Entering safepoint region: RevokeBias
[2019-12-09T02:26:41.873+0000][1][safepoint    ] Leaving safepoint region
[2019-12-09T02:26:41.873+0000][1][safepoint    ] Total time for which application threads were stopped: 0.0000835 seconds, Stopping threads took: 0.0000163 seconds
[2019-12-09T02:26:41.875+0000][1][safepoint    ] Application time: 0.0015623 seconds
[2019-12-09T02:26:41.875+0000][1][safepoint    ] Entering safepoint region: RevokeBias
[2019-12-09T02:26:41.875+0000][1][safepoint    ] Leaving safepoint region
[2019-12-09T02:26:41.875+0000][1][safepoint    ] Total time for which application threads were stopped: 0.0000598 seconds, Stopping threads took: 0.0000140 seconds
[2019-12-09T02:26:41.905+0000][1][safepoint    ] Application time: 0.0296358 seconds
[2019-12-09T02:26:41.905+0000][1][safepoint    ] Entering safepoint region: RevokeBias
[2019-12-09T02:26:41.905+0000][1][safepoint    ] Leaving safepoint region
[2019-12-09T02:26:41.905+0000][1][safepoint    ] Total time for which application threads were stopped: 0.0001272 seconds, Stopping threads took: 0.0000183 seconds
[2019-12-09T02:26:41.905+0000][1][safepoint    ] Application time: 0.0004798 seconds
[2019-12-09T02:26:41.905+0000][1][safepoint    ] Entering safepoint region: RevokeBias
[2019-12-09T02:26:41.905+0000][1][safepoint    ] Leaving safepoint region
[2019-12-09T02:26:41.905+0000][1][safepoint    ] Total time for which application threads were stopped: 0.0000973 seconds, Stopping threads took: 0.0000145 seconds
[2019-12-09T02:26:41.906+0000][1][safepoint    ] Application time: 0.0009841 seconds
[2019-12-09T02:26:41.906+0000][1][safepoint    ] Entering safepoint region: BulkRevokeBias
[2019-12-09T02:26:41.907+0000][1][safepoint    ] Leaving safepoint region
[2019-12-09T02:26:41.907+0000][1][safepoint    ] Total time for which application threads were stopped: 0.0005797 seconds, Stopping threads took: 0.0000138 seconds
[2019-12-09T02:26:41.907+0000][1][safepoint    ] Application time: 0.0003504 seconds
[2019-12-09T02:26:41.907+0000][1][safepoint    ] Entering safepoint region: RevokeBias
[2019-12-09T02:26:41.907+0000][1][safepoint    ] Leaving safepoint region
[2019-12-09T02:26:41.907+0000][1][safepoint    ] Total time for which application threads were stopped: 0.0000850 seconds, Stopping threads took: 0.0000121 seconds
[2019-12-09T02:26:41.908+0000][1][safepoint    ] Application time: 0.0006368 seconds
[2019-12-09T02:26:41.908+0000][1][safepoint    ] Entering safepoint region: BulkRevokeBias
[2019-12-09T02:26:41.908+0000][1][safepoint    ] Leaving safepoint region
[2019-12-09T02:26:41.908+0000][1][safepoint    ] Total time for which application threads were stopped: 0.0004196 seconds, Stopping threads took: 0.0000123 seconds
[2019-12-09T02:26:41.921+0000][1][safepoint    ] Application time: 0.0124878 seconds
[2019-12-09T02:26:41.921+0000][1][safepoint    ] Entering safepoint region: RevokeBias
[2019-12-09T02:26:41.921+0000][1][safepoint    ] Leaving safepoint region
[2019-12-09T02:26:41.921+0000][1][safepoint    ] Total time for which application threads were stopped: 0.0001846 seconds, Stopping threads took: 0.0001129 seconds
[2019-12-09T02:26:41.948+0000][1][safepoint    ] Application time: 0.0265193 seconds
[2019-12-09T02:26:41.948+0000][1][safepoint    ] Entering safepoint region: RevokeBias
[2019-12-09T02:26:41.948+0000][1][safepoint    ] Leaving safepoint region
[2019-12-09T02:26:41.948+0000][1][safepoint    ] Total time for which application threads were stopped: 0.0001111 seconds, Stopping threads took: 0.0000149 seconds
[2019-12-09T02:26:42.037+0000][1][safepoint    ] Application time: 0.0889332 seconds
[2019-12-09T02:26:42.037+0000][1][safepoint    ] Entering safepoint region: RevokeBias
[2019-12-09T02:26:42.037+0000][1][safepoint    ] Leaving safepoint region
[2019-12-09T02:26:42.037+0000][1][safepoint    ] Total time for which application threads were stopped: 0.0001498 seconds, Stopping threads took: 0.0000196 seconds
[2019-12-09T02:26:42.055+0000][1][safepoint    ] Application time: 0.0178154 seconds
[2019-12-09T02:26:42.064+0000][1][safepoint    ] Entering safepoint region: RevokeBias
[2019-12-09T02:26:42.064+0000][1][safepoint    ] Leaving safepoint region
[2019-12-09T02:26:42.064+0000][1][safepoint    ] Total time for which application threads were stopped: 0.0091411 seconds, Stopping threads took: 0.0089991 seconds
[2019-12-09T02:26:42.087+0000][1][safepoint    ] Application time: 0.0228191 seconds
[2019-12-09T02:26:42.103+0000][1][safepoint    ] Entering safepoint region: RevokeBias
[2019-12-09T02:26:42.103+0000][1][safepoint    ] Leaving safepoint region
[2019-12-09T02:26:42.103+0000][1][safepoint    ] Total time for which application threads were stopped: 0.0164608 seconds, Stopping threads took: 0.0163249 seconds
[2019-12-09T02:26:43.104+0000][1][safepoint    ] Application time: 1.0005064 seconds
[2019-12-09T02:26:43.104+0000][1][safepoint    ] Entering safepoint region: Cleanup
[2019-12-09T02:26:43.104+0000][1][safepoint    ] Leaving safepoint region
[2019-12-09T02:26:43.104+0000][1][safepoint    ] Total time for which application threads were stopped: 0.0001031 seconds, Stopping threads took: 0.0000220 seconds
[2019-12-09T02:26:43.486+0000][1][safepoint    ] Application time: 0.3824724 seconds
[2019-12-09T02:26:43.486+0000][1][safepoint    ] Entering safepoint region: RevokeBias
[2019-12-09T02:26:43.486+0000][1][safepoint    ] Leaving safepoint region
[2019-12-09T02:26:43.486+0000][1][safepoint    ] Total time for which application threads were stopped: 0.0000976 seconds, Stopping threads took: 0.0000207 seconds
[2019-12-09T02:26:43.552+0000][1][safepoint    ] Application time: 0.0655594 seconds
[2019-12-09T02:26:43.552+0000][1][safepoint    ] Entering safepoint region: RevokeBias
[2019-12-09T02:26:43.552+0000][1][safepoint    ] Leaving safepoint region
[2019-12-09T02:26:43.552+0000][1][safepoint    ] Total time for which application threads were stopped: 0.0001078 seconds, Stopping threads took: 0.0000215 seconds
[2019-12-09T02:26:43.583+0000][1][safepoint    ] Application time: 0.0310973 seconds
[2019-12-09T02:26:43.583+0000][1][safepoint    ] Entering safepoint region: RevokeBias
[2019-12-09T02:26:43.583+0000][1][safepoint    ] Leaving safepoint region
[2019-12-09T02:26:43.583+0000][1][safepoint    ] Total time for which application threads were stopped: 0.0001087 seconds, Stopping threads took: 0.0000197 seconds
[2019-12-09T02:26:43.583+0000][1][safepoint    ] Application time: 0.0000678 seconds
[2019-12-09T02:26:43.583+0000][1][safepoint    ] Entering safepoint region: RevokeBias
[2019-12-09T02:26:43.584+0000][1][safepoint    ] Leaving safepoint region
[2019-12-09T02:26:43.584+0000][1][safepoint    ] Total time for which application threads were stopped: 0.0000513 seconds, Stopping threads took: 0.0000092 seconds
[2019-12-09T02:26:43.584+0000][1][safepoint    ] Application time: 0.0002217 seconds
[2019-12-09T02:26:43.584+0000][1][safepoint    ] Entering safepoint region: RevokeBias
[2019-12-09T02:26:43.584+0000][1][safepoint    ] Leaving safepoint region
[2019-12-09T02:26:43.584+0000][1][safepoint    ] Total time for which application threads were stopped: 0.0000679 seconds, Stopping threads took: 0.0000140 seconds
[2019-12-09T02:26:43.585+0000][1][safepoint    ] Application time: 0.0015012 seconds
[2019-12-09T02:26:43.585+0000][1][safepoint    ] Entering safepoint region: RevokeBias
[2019-12-09T02:26:43.585+0000][1][safepoint    ] Leaving safepoint region
[2019-12-09T02:26:43.585+0000][1][safepoint    ] Total time for which application threads were stopped: 0.0000702 seconds, Stopping threads took: 0.0000147 seconds
[2019-12-09T02:26:43.586+0000][1][safepoint    ] Application time: 0.0002858 seconds
[2019-12-09T02:26:43.586+0000][1][safepoint    ] Entering safepoint region: RevokeBias
[2019-12-09T02:26:43.586+0000][1][safepoint    ] Leaving safepoint region
[2019-12-09T02:26:43.586+0000][1][safepoint    ] Total time for which application threads were stopped: 0.0000567 seconds, Stopping threads took: 0.0000115 seconds
[2019-12-09T02:26:43.648+0000][1][safepoint    ] Application time: 0.0618268 seconds
[2019-12-09T02:26:43.660+0000][1][safepoint    ] Entering safepoint region: BulkRevokeBias
[2019-12-09T02:26:43.660+0000][1][safepoint    ] Leaving safepoint region
[2019-12-09T02:26:43.660+0000][1][safepoint    ] Total time for which application threads were stopped: 0.0127268 seconds, Stopping threads took: 0.0122038 seconds
[2019-12-09T02:26:43.660+0000][1][safepoint    ] Application time: 0.0000932 seconds
[2019-12-09T02:26:43.661+0000][1][safepoint    ] Entering safepoint region: RevokeBias
[2019-12-09T02:26:43.661+0000][1][safepoint    ] Leaving safepoint region
[2019-12-09T02:26:43.661+0000][1][safepoint    ] Total time for which application threads were stopped: 0.0000826 seconds, Stopping threads took: 0.0000117 seconds
[2019-12-09T02:26:43.819+0000][1][safepoint    ] Application time: 0.1581162 seconds
[2019-12-09T02:26:43.819+0000][1][safepoint    ] Entering safepoint region: RevokeBias
[2019-12-09T02:26:43.819+0000][1][safepoint    ] Leaving safepoint region
[2019-12-09T02:26:43.819+0000][1][safepoint    ] Total time for which application threads were stopped: 0.0002087 seconds, Stopping threads took: 0.0000227 seconds
[2019-12-09T02:26:43.821+0000][1][safepoint    ] Application time: 0.0022246 seconds
[2019-12-09T02:26:43.821+0000][1][safepoint    ] Entering safepoint region: RevokeBias
[2019-12-09T02:26:43.822+0000][1][safepoint    ] Leaving safepoint region
[2019-12-09T02:26:43.822+0000][1][safepoint    ] Total time for which application threads were stopped: 0.0006316 seconds, Stopping threads took: 0.0000197 seconds
[2019-12-09T02:26:44.152+0000][1][safepoint    ] Application time: 0.3304558 seconds
[2019-12-09T02:26:44.152+0000][1][safepoint    ] Entering safepoint region: Deoptimize
[2019-12-09T02:26:44.153+0000][1][safepoint    ] Leaving safepoint region
[2019-12-09T02:26:44.153+0000][1][safepoint    ] Total time for which application threads were stopped: 0.0007466 seconds, Stopping threads took: 0.0000192 seconds
[2019-12-09T02:26:44.524+0000][1][safepoint    ] Application time: 0.3707656 seconds
[2019-12-09T02:26:44.524+0000][1][safepoint    ] Entering safepoint region: BulkRevokeBias
[2019-12-09T02:26:44.525+0000][1][safepoint    ] Leaving safepoint region
[2019-12-09T02:26:44.525+0000][1][safepoint    ] Total time for which application threads were stopped: 0.0006973 seconds, Stopping threads took: 0.0000218 seconds
[2019-12-09T02:26:44.569+0000][1][safepoint    ] Application time: 0.0447103 seconds
[2019-12-09T02:26:44.569+0000][1][safepoint    ] Entering safepoint region: RevokeBias
[2019-12-09T02:26:44.569+0000][1][safepoint    ] Leaving safepoint region
[2019-12-09T02:26:44.569+0000][1][safepoint    ] Total time for which application threads were stopped: 0.0001022 seconds, Stopping threads took: 0.0000214 seconds
[2019-12-09T02:26:44.570+0000][1][safepoint    ] Application time: 0.0003092 seconds
[2019-12-09T02:26:44.570+0000][1][safepoint    ] Entering safepoint region: RevokeBias
[2019-12-09T02:26:44.570+0000][1][safepoint    ] Leaving safepoint region
[2019-12-09T02:26:44.570+0000][1][safepoint    ] Total time for which application threads were stopped: 0.0000845 seconds, Stopping threads took: 0.0000179 seconds
[2019-12-09T02:26:44.653+0000][1][safepoint    ] Application time: 0.0831261 seconds
[2019-12-09T02:26:44.653+0000][1][safepoint    ] Entering safepoint region: RevokeBias
[2019-12-09T02:26:44.653+0000][1][safepoint    ] Leaving safepoint region
[2019-12-09T02:26:44.653+0000][1][safepoint    ] Total time for which application threads were stopped: 0.0001051 seconds, Stopping threads took: 0.0000193 seconds
[2019-12-09T02:26:44.671+0000][1][safepoint    ] Application time: 0.0173405 seconds
[2019-12-09T02:26:44.671+0000][1][safepoint    ] Entering safepoint region: RevokeBias
[2019-12-09T02:26:44.671+0000][1][safepoint    ] Leaving safepoint region
[2019-12-09T02:26:44.671+0000][1][safepoint    ] Total time for which application threads were stopped: 0.0001021 seconds, Stopping threads took: 0.0000209 seconds
[2019-12-09T02:26:44.672+0000][1][safepoint    ] Application time: 0.0011648 seconds
[2019-12-09T02:26:44.672+0000][1][safepoint    ] Entering safepoint region: RevokeBias
[2019-12-09T02:26:44.672+0000][1][safepoint    ] Leaving safepoint region
[2019-12-09T02:26:44.672+0000][1][safepoint    ] Total time for which application threads were stopped: 0.0000982 seconds, Stopping threads took: 0.0000220 seconds
[2019-12-09T02:26:44.672+0000][1][safepoint    ] Application time: 0.0000661 seconds
[2019-12-09T02:26:44.672+0000][1][safepoint    ] Entering safepoint region: RevokeBias
[2019-12-09T02:26:44.672+0000][1][safepoint    ] Leaving safepoint region
[2019-12-09T02:26:44.672+0000][1][safepoint    ] Total time for which application threads were stopped: 0.0000472 seconds, Stopping threads took: 0.0000104 seconds
[2019-12-09T02:26:44.672+0000][1][safepoint    ] Application time: 0.0000535 seconds
[2019-12-09T02:26:44.672+0000][1][safepoint    ] Entering safepoint region: RevokeBias
[2019-12-09T02:26:44.672+0000][1][safepoint    ] Leaving safepoint region
[2019-12-09T02:26:44.672+0000][1][safepoint    ] Total time for which application threads were stopped: 0.0000566 seconds, Stopping threads took: 0.0000109 seconds
[2019-12-09T02:26:44.672+0000][1][safepoint    ] Application time: 0.0000547 seconds
[2019-12-09T02:26:44.672+0000][1][safepoint    ] Entering safepoint region: RevokeBias
[2019-12-09T02:26:44.672+0000][1][safepoint    ] Leaving safepoint region
[2019-12-09T02:26:44.672+0000][1][safepoint    ] Total time for which application threads were stopped: 0.0000445 seconds, Stopping threads took: 0.0000087 seconds
[2019-12-09T02:26:44.672+0000][1][safepoint    ] Application time: 0.0000526 seconds
[2019-12-09T02:26:44.672+0000][1][safepoint    ] Entering safepoint region: RevokeBias
[2019-12-09T02:26:44.672+0000][1][safepoint    ] Leaving safepoint region
[2019-12-09T02:26:44.672+0000][1][safepoint    ] Total time for which application threads were stopped: 0.0000444 seconds, Stopping threads took: 0.0000092 seconds
[2019-12-09T02:26:44.672+0000][1][safepoint    ] Application time: 0.0000520 seconds
[2019-12-09T02:26:44.672+0000][1][safepoint    ] Entering safepoint region: RevokeBias
[2019-12-09T02:26:44.673+0000][1][safepoint    ] Leaving safepoint region
[2019-12-09T02:26:44.673+0000][1][safepoint    ] Total time for which application threads were stopped: 0.0000452 seconds, Stopping threads took: 0.0000096 seconds
[2019-12-09T02:26:44.673+0000][1][safepoint    ] Application time: 0.0000521 seconds
[2019-12-09T02:26:44.673+0000][1][safepoint    ] Entering safepoint region: RevokeBias
[2019-12-09T02:26:44.673+0000][1][safepoint    ] Leaving safepoint region
[2019-12-09T02:26:44.673+0000][1][safepoint    ] Total time for which application threads were stopped: 0.0000450 seconds, Stopping threads took: 0.0000095 seconds
[2019-12-09T02:26:44.823+0000][1][safepoint    ] Application time: 0.1499550 seconds
[2019-12-09T02:26:44.823+0000][1][safepoint    ] Entering safepoint region: RevokeBias
[2019-12-09T02:26:44.823+0000][1][safepoint    ] Leaving safepoint region
[2019-12-09T02:26:44.823+0000][1][safepoint    ] Total time for which application threads were stopped: 0.0001321 seconds, Stopping threads took: 0.0000441 seconds
[2019-12-09T02:26:44.838+0000][1][safepoint    ] Application time: 0.0153498 seconds
[2019-12-09T02:26:44.838+0000][1][safepoint    ] Entering safepoint region: RevokeBias
[2019-12-09T02:26:44.838+0000][1][safepoint    ] Leaving safepoint region
[2019-12-09T02:26:44.838+0000][1][safepoint    ] Total time for which application threads were stopped: 0.0000869 seconds, Stopping threads took: 0.0000169 seconds
[2019-12-09T02:26:44.941+0000][1][safepoint    ] Application time: 0.1022953 seconds
[2019-12-09T02:26:44.941+0000][1][safepoint    ] Entering safepoint region: RevokeBias
[2019-12-09T02:26:44.941+0000][1][safepoint    ] Leaving safepoint region
[2019-12-09T02:26:44.941+0000][1][safepoint    ] Total time for which application threads were stopped: 0.0001282 seconds, Stopping threads took: 0.0000213 seconds
[2019-12-09T02:26:44.948+0000][1][safepoint    ] Application time: 0.0077528 seconds
[2019-12-09T02:26:44.949+0000][1][safepoint    ] Entering safepoint region: RevokeBias
[2019-12-09T02:26:44.949+0000][1][safepoint    ] Leaving safepoint region
[2019-12-09T02:26:44.949+0000][1][safepoint    ] Total time for which application threads were stopped: 0.0000964 seconds, Stopping threads took: 0.0000205 seconds
[2019-12-09T02:26:45.962+0000][1][safepoint    ] Application time: 1.0130771 seconds
[2019-12-09T02:26:45.962+0000][1][safepoint    ] Entering safepoint region: Cleanup
[2019-12-09T02:26:45.962+0000][1][safepoint    ] Leaving safepoint region
[2019-12-09T02:26:45.962+0000][1][safepoint    ] Total time for which application threads were stopped: 0.0001224 seconds, Stopping threads took: 0.0000261 seconds
[2019-12-09T02:26:46.964+0000][1][safepoint    ] Application time: 1.0018545 seconds
[2019-12-09T02:26:46.964+0000][1][safepoint    ] Entering safepoint region: Cleanup
[2019-12-09T02:26:46.964+0000][1][safepoint    ] Leaving safepoint region
[2019-12-09T02:26:46.964+0000][1][safepoint    ] Total time for which application threads were stopped: 0.0001097 seconds, Stopping threads took: 0.0000245 seconds
[2019-12-09T02:26:47.982+0000][1][safepoint    ] Application time: 1.0178933 seconds
[2019-12-09T02:26:48.023+0000][1][safepoint    ] Entering safepoint region: RevokeBias
[2019-12-09T02:26:48.023+0000][1][safepoint    ] Leaving safepoint region
[2019-12-09T02:26:48.023+0000][1][safepoint    ] Total time for which application threads were stopped: 0.0411059 seconds, Stopping threads took: 0.0409780 seconds
[2019-12-09T02:26:48.023+0000][1][safepoint    ] Application time: 0.0003427 seconds
[2019-12-09T02:26:48.023+0000][1][safepoint    ] Entering safepoint region: RevokeBias
[2019-12-09T02:26:48.023+0000][1][safepoint    ] Leaving safepoint region
[2019-12-09T02:26:48.023+0000][1][safepoint    ] Total time for which application threads were stopped: 0.0001032 seconds, Stopping threads took: 0.0000169 seconds
[2019-12-09T02:26:48.024+0000][1][safepoint    ] Application time: 0.0003037 seconds
[2019-12-09T02:26:48.024+0000][1][safepoint    ] Entering safepoint region: RevokeBias
[2019-12-09T02:26:48.024+0000][1][safepoint    ] Leaving safepoint region
[2019-12-09T02:26:48.024+0000][1][safepoint    ] Total time for which application threads were stopped: 0.0001626 seconds, Stopping threads took: 0.0000914 seconds
[2019-12-09T02:26:48.030+0000][1][safepoint    ] Application time: 0.0065551 seconds
[2019-12-09T02:26:48.031+0000][1][safepoint    ] Entering safepoint region: RevokeBias
[2019-12-09T02:26:48.031+0000][1][safepoint    ] Leaving safepoint region
[2019-12-09T02:26:48.031+0000][1][safepoint    ] Total time for which application threads were stopped: 0.0008044 seconds, Stopping threads took: 0.0007533 seconds
[2019-12-09T02:26:48.033+0000][1][safepoint    ] Application time: 0.0019708 seconds
[2019-12-09T02:26:48.033+0000][1][safepoint    ] Entering safepoint region: RevokeBias
[2019-12-09T02:26:48.033+0000][1][safepoint    ] Leaving safepoint region
[2019-12-09T02:26:48.033+0000][1][safepoint    ] Total time for which application threads were stopped: 0.0001099 seconds, Stopping threads took: 0.0000496 seconds
[2019-12-09T02:26:49.124+0000][1][safepoint    ] Application time: 1.0903780 seconds
[2019-12-09T02:26:49.124+0000][1][safepoint    ] Entering safepoint region: Cleanup
[2019-12-09T02:26:49.124+0000][1][safepoint    ] Leaving safepoint region
[2019-12-09T02:26:49.124+0000][1][safepoint    ] Total time for which application threads were stopped: 0.0001334 seconds, Stopping threads took: 0.0000251 seconds
[2019-12-09T02:26:50.084+0000][1][safepoint    ] Application time: 0.9597526 seconds
[2019-12-09T02:26:50.084+0000][1][safepoint    ] Entering safepoint region: RevokeBias
[2019-12-09T02:26:50.084+0000][1][safepoint    ] Leaving safepoint region
[2019-12-09T02:26:50.084+0000][1][safepoint    ] Total time for which application threads were stopped: 0.0001337 seconds, Stopping threads took: 0.0000224 seconds
[2019-12-09T02:26:50.770+0000][1][safepoint    ] Application time: 0.6862884 seconds
[2019-12-09T02:26:50.770+0000][1][safepoint    ] Entering safepoint region: GenCollectForAllocation
[2019-12-09T02:26:50.770+0000][1][gc,start     ] GC(23) Pause Young (Allocation Failure)
[2019-12-09T02:26:50.770+0000][1][gc,task      ] GC(23) Using 2 workers of 2 for evacuation
[2019-12-09T02:26:50.885+0000][1][gc,age       ] GC(23) Desired survivor size 4456448 bytes, new threshold 2 (max threshold 6)
[2019-12-09T02:26:50.885+0000][1][gc,age       ] GC(23) Age table with threshold 2 (max threshold 6)
[2019-12-09T02:26:50.885+0000][1][gc,age       ] GC(23) - age   1:    2088320 bytes,    2088320 total
[2019-12-09T02:26:50.885+0000][1][gc,age       ] GC(23) - age   2:    3591464 bytes,    5679784 total
[2019-12-09T02:26:50.885+0000][1][gc,heap      ] GC(23) ParNew: 78656K->7028K(78656K)
[2019-12-09T02:26:50.885+0000][1][gc,heap      ] GC(23) CMS: 60519K->64764K(174784K)
[2019-12-09T02:26:50.885+0000][1][gc,metaspace ] GC(23) Metaspace: 69093K->69093K(1112064K)
[2019-12-09T02:26:50.885+0000][1][gc           ] GC(23) Pause Young (Allocation Failure) 135M->70M(247M) 114.600ms
[2019-12-09T02:26:50.885+0000][1][gc,cpu       ] GC(23) User=0.08s Sys=0.00s Real=0.12s
[2019-12-09T02:26:50.885+0000][1][safepoint    ] Leaving safepoint region
[2019-12-09T02:26:50.885+0000][1][safepoint    ] Total time for which application threads were stopped: 0.1148071 seconds, Stopping threads took: 0.0000243 seconds
[2019-12-09T02:26:52.868+0000][1][safepoint    ] Application time: 1.9827172 seconds
[2019-12-09T02:26:52.868+0000][1][safepoint    ] Entering safepoint region: Cleanup
[2019-12-09T02:26:52.868+0000][1][safepoint    ] Leaving safepoint region
[2019-12-09T02:26:52.868+0000][1][safepoint    ] Total time for which application threads were stopped: 0.0001653 seconds, Stopping threads took: 0.0000280 seconds
[2019-12-09T02:26:53.869+0000][1][safepoint    ] Application time: 1.0008544 seconds
[2019-12-09T02:26:53.869+0000][1][safepoint    ] Entering safepoint region: Cleanup
[2019-12-09T02:26:53.869+0000][1][safepoint    ] Leaving safepoint region
[2019-12-09T02:26:53.869+0000][1][safepoint    ] Total time for which application threads were stopped: 0.0001243 seconds, Stopping threads took: 0.0000256 seconds
[2019-12-09T02:26:54.870+0000][1][safepoint    ] Application time: 1.0007453 seconds
[2019-12-09T02:26:54.870+0000][1][safepoint    ] Entering safepoint region: Cleanup
[2019-12-09T02:26:54.870+0000][1][safepoint    ] Leaving safepoint region
[2019-12-09T02:26:54.870+0000][1][safepoint    ] Total time for which application threads were stopped: 0.0001561 seconds, Stopping threads took: 0.0000281 seconds
[2019-12-09T02:26:55.872+0000][1][safepoint    ] Application time: 1.0017775 seconds
[2019-12-09T02:26:55.872+0000][1][safepoint    ] Entering safepoint region: Cleanup
[2019-12-09T02:26:55.872+0000][1][safepoint    ] Leaving safepoint region
[2019-12-09T02:26:55.872+0000][1][safepoint    ] Total time for which application threads were stopped: 0.0001358 seconds, Stopping threads took: 0.0000264 seconds
[2019-12-09T02:26:56.873+0000][1][safepoint    ] Application time: 1.0008139 seconds
[2019-12-09T02:26:56.873+0000][1][safepoint    ] Entering safepoint region: Cleanup
[2019-12-09T02:26:56.873+0000][1][safepoint    ] Leaving safepoint region
[2019-12-09T02:26:56.873+0000][1][safepoint    ] Total time for which application threads were stopped: 0.0001301 seconds, Stopping threads took: 0.0000270 seconds
[2019-12-09T02:26:57.874+0000][1][safepoint    ] Application time: 1.0008079 seconds
[2019-12-09T02:26:57.874+0000][1][safepoint    ] Entering safepoint region: Cleanup
[2019-12-09T02:26:57.874+0000][1][safepoint    ] Leaving safepoint region
[2019-12-09T02:26:57.874+0000][1][safepoint    ] Total time for which application threads were stopped: 0.0001317 seconds, Stopping threads took: 0.0000286 seconds
[2019-12-09T02:26:58.875+0000][1][safepoint    ] Application time: 1.0008178 seconds
[2019-12-09T02:26:58.875+0000][1][safepoint    ] Entering safepoint region: Cleanup
[2019-12-09T02:26:58.875+0000][1][safepoint    ] Leaving safepoint region
[2019-12-09T02:26:58.875+0000][1][safepoint    ] Total time for which application threads were stopped: 0.0001558 seconds, Stopping threads took: 0.0000290 seconds
[2019-12-09T02:26:59.876+0000][1][safepoint    ] Application time: 1.0008559 seconds
[2019-12-09T02:26:59.876+0000][1][safepoint    ] Entering safepoint region: Cleanup
[2019-12-09T02:26:59.876+0000][1][safepoint    ] Leaving safepoint region
[2019-12-09T02:26:59.876+0000][1][safepoint    ] Total time for which application threads were stopped: 0.0001424 seconds, Stopping threads took: 0.0000342 seconds
[2019-12-09T02:27:00.877+0000][1][safepoint    ] Application time: 1.0007294 seconds
[2019-12-09T02:27:00.877+0000][1][safepoint    ] Entering safepoint region: Cleanup
[2019-12-09T02:27:00.877+0000][1][safepoint    ] Leaving safepoint region
[2019-12-09T02:27:00.877+0000][1][safepoint    ] Total time for which application threads were stopped: 0.0001404 seconds, Stopping threads took: 0.0000266 seconds
[2019-12-09T02:27:01.879+0000][1][safepoint    ] Application time: 1.0025344 seconds
[2019-12-09T02:27:01.880+0000][1][safepoint    ] Entering safepoint region: Cleanup
[2019-12-09T02:27:01.880+0000][1][safepoint    ] Leaving safepoint region
[2019-12-09T02:27:01.880+0000][1][safepoint    ] Total time for which application threads were stopped: 0.0001449 seconds, Stopping threads took: 0.0000284 seconds
[2019-12-09T02:27:02.881+0000][1][safepoint    ] Application time: 1.0010622 seconds
[2019-12-09T02:27:02.881+0000][1][safepoint    ] Entering safepoint region: Cleanup
[2019-12-09T02:27:02.881+0000][1][safepoint    ] Leaving safepoint region
[2019-12-09T02:27:02.881+0000][1][safepoint    ] Total time for which application threads were stopped: 0.0001311 seconds, Stopping threads took: 0.0000269 seconds
[2019-12-09T02:27:03.882+0000][1][safepoint    ] Application time: 1.0008227 seconds
[2019-12-09T02:27:03.882+0000][1][safepoint    ] Entering safepoint region: Cleanup
[2019-12-09T02:27:03.882+0000][1][safepoint    ] Leaving safepoint region
[2019-12-09T02:27:03.882+0000][1][safepoint    ] Total time for which application threads were stopped: 0.0001564 seconds, Stopping threads took: 0.0000376 seconds
[2019-12-09T02:27:04.883+0000][1][safepoint    ] Application time: 1.0007941 seconds
[2019-12-09T02:27:04.883+0000][1][safepoint    ] Entering safepoint region: Cleanup
[2019-12-09T02:27:04.883+0000][1][safepoint    ] Leaving safepoint region
[2019-12-09T02:27:04.883+0000][1][safepoint    ] Total time for which application threads were stopped: 0.0001278 seconds, Stopping threads took: 0.0000276 seconds
[2019-12-09T02:27:05.884+0000][1][safepoint    ] Application time: 1.0008383 seconds
[2019-12-09T02:27:05.884+0000][1][safepoint    ] Entering safepoint region: Cleanup
[2019-12-09T02:27:05.884+0000][1][safepoint    ] Leaving safepoint region
[2019-12-09T02:27:05.884+0000][1][safepoint    ] Total time for which application threads were stopped: 0.0001461 seconds, Stopping threads took: 0.0000268 seconds
[2019-12-09T02:27:06.885+0000][1][safepoint    ] Application time: 1.0008618 seconds
[2019-12-09T02:27:06.885+0000][1][safepoint    ] Entering safepoint region: Cleanup
[2019-12-09T02:27:06.885+0000][1][safepoint    ] Leaving safepoint region
[2019-12-09T02:27:06.885+0000][1][safepoint    ] Total time for which application threads were stopped: 0.0001369 seconds, Stopping threads took: 0.0000280 seconds
[2019-12-09T02:27:07.285+0000][1][safepoint    ] Application time: 0.4004110 seconds
[2019-12-09T02:27:07.285+0000][1][safepoint    ] Entering safepoint region: RevokeBias
[2019-12-09T02:27:07.286+0000][1][safepoint    ] Leaving safepoint region
[2019-12-09T02:27:07.286+0000][1][safepoint    ] Total time for which application threads were stopped: 0.0001570 seconds, Stopping threads took: 0.0000405 seconds
[2019-12-09T02:27:07.384+0000][1][safepoint    ] Application time: 0.0984011 seconds
[2019-12-09T02:27:07.384+0000][1][safepoint    ] Entering safepoint region: RevokeBias
[2019-12-09T02:27:07.384+0000][1][safepoint    ] Leaving safepoint region
[2019-12-09T02:27:07.384+0000][1][safepoint    ] Total time for which application threads were stopped: 0.0001525 seconds, Stopping threads took: 0.0000226 seconds
[2019-12-09T02:27:07.386+0000][1][safepoint    ] Application time: 0.0014559 seconds
[2019-12-09T02:27:07.386+0000][1][safepoint    ] Entering safepoint region: RevokeBias
[2019-12-09T02:27:07.386+0000][1][safepoint    ] Leaving safepoint region
[2019-12-09T02:27:07.386+0000][1][safepoint    ] Total time for which application threads were stopped: 0.0001295 seconds, Stopping threads took: 0.0000198 seconds
[2019-12-09T02:27:07.559+0000][1][safepoint    ] Application time: 0.1729335 seconds
[2019-12-09T02:27:07.559+0000][1][safepoint    ] Entering safepoint region: Deoptimize
[2019-12-09T02:27:07.560+0000][1][safepoint    ] Leaving safepoint region
[2019-12-09T02:27:07.560+0000][1][safepoint    ] Total time for which application threads were stopped: 0.0009224 seconds, Stopping threads took: 0.0000213 seconds
[2019-12-09T02:27:07.576+0000][1][safepoint    ] Application time: 0.0159541 seconds
[2019-12-09T02:27:07.576+0000][1][safepoint    ] Entering safepoint region: Deoptimize
[2019-12-09T02:27:07.577+0000][1][safepoint    ] Leaving safepoint region
[2019-12-09T02:27:07.577+0000][1][safepoint    ] Total time for which application threads were stopped: 0.0008478 seconds, Stopping threads took: 0.0000210 seconds
[2019-12-09T02:27:08.581+0000][1][safepoint    ] Application time: 1.0041187 seconds
[2019-12-09T02:27:08.581+0000][1][safepoint    ] Entering safepoint region: Cleanup
[2019-12-09T02:27:08.581+0000][1][safepoint    ] Leaving safepoint region
[2019-12-09T02:27:08.581+0000][1][safepoint    ] Total time for which application threads were stopped: 0.0001912 seconds, Stopping threads took: 0.0000388 seconds
[2019-12-09T02:27:09.585+0000][1][safepoint    ] Application time: 1.0037533 seconds
[2019-12-09T02:27:09.585+0000][1][safepoint    ] Entering safepoint region: Cleanup
[2019-12-09T02:27:09.585+0000][1][safepoint    ] Leaving safepoint region
[2019-12-09T02:27:09.585+0000][1][safepoint    ] Total time for which application threads were stopped: 0.0001484 seconds, Stopping threads took: 0.0000280 seconds
[2019-12-09T02:27:10.586+0000][1][safepoint    ] Application time: 1.0007892 seconds
[2019-12-09T02:27:10.586+0000][1][safepoint    ] Entering safepoint region: Cleanup
[2019-12-09T02:27:10.586+0000][1][safepoint    ] Leaving safepoint region
[2019-12-09T02:27:10.586+0000][1][safepoint    ] Total time for which application threads were stopped: 0.0001381 seconds, Stopping threads took: 0.0000260 seconds
[2019-12-09T02:27:11.587+0000][1][safepoint    ] Application time: 1.0008240 seconds
[2019-12-09T02:27:11.587+0000][1][safepoint    ] Entering safepoint region: Cleanup
[2019-12-09T02:27:11.587+0000][1][safepoint    ] Leaving safepoint region
[2019-12-09T02:27:11.587+0000][1][safepoint    ] Total time for which application threads were stopped: 0.0001683 seconds, Stopping threads took: 0.0000399 seconds
[2019-12-09T02:27:12.460+0000][1][safepoint    ] Application time: 0.8731977 seconds
[2019-12-09T02:27:12.460+0000][1][safepoint    ] Entering safepoint region: RevokeBias
[2019-12-09T02:27:12.460+0000][1][safepoint    ] Leaving safepoint region
[2019-12-09T02:27:12.460+0000][1][safepoint    ] Total time for which application threads were stopped: 0.0001607 seconds, Stopping threads took: 0.0000226 seconds
[2019-12-09T02:27:13.461+0000][1][safepoint    ] Application time: 1.0003563 seconds
[2019-12-09T02:27:13.461+0000][1][safepoint    ] Entering safepoint region: Cleanup
[2019-12-09T02:27:13.461+0000][1][safepoint    ] Leaving safepoint region
[2019-12-09T02:27:13.461+0000][1][safepoint    ] Total time for which application threads were stopped: 0.0001466 seconds, Stopping threads took: 0.0000246 seconds
[2019-12-09T02:27:14.461+0000][1][safepoint    ] Application time: 1.0000776 seconds
[2019-12-09T02:27:14.461+0000][1][safepoint    ] Entering safepoint region: Cleanup
[2019-12-09T02:27:14.461+0000][1][safepoint    ] Leaving safepoint region
[2019-12-09T02:27:14.461+0000][1][safepoint    ] Total time for which application threads were stopped: 0.0001124 seconds, Stopping threads took: 0.0000222 seconds
[2019-12-09T02:27:15.461+0000][1][safepoint    ] Application time: 1.0001038 seconds
[2019-12-09T02:27:15.461+0000][1][safepoint    ] Entering safepoint region: Cleanup
[2019-12-09T02:27:15.461+0000][1][safepoint    ] Leaving safepoint region
[2019-12-09T02:27:15.461+0000][1][safepoint    ] Total time for which application threads were stopped: 0.0001155 seconds, Stopping threads took: 0.0000200 seconds
[2019-12-09T02:27:16.461+0000][1][safepoint    ] Application time: 1.0000784 seconds
[2019-12-09T02:27:16.462+0000][1][safepoint    ] Entering safepoint region: Cleanup
[2019-12-09T02:27:16.462+0000][1][safepoint    ] Leaving safepoint region
[2019-12-09T02:27:16.462+0000][1][safepoint    ] Total time for which application threads were stopped: 0.0001274 seconds, Stopping threads took: 0.0000299 seconds
[2019-12-09T02:27:17.462+0000][1][safepoint    ] Application time: 1.0000743 seconds
[2019-12-09T02:27:17.462+0000][1][safepoint    ] Entering safepoint region: Cleanup
[2019-12-09T02:27:17.462+0000][1][safepoint    ] Leaving safepoint region
[2019-12-09T02:27:17.462+0000][1][safepoint    ] Total time for which application threads were stopped: 0.0000940 seconds, Stopping threads took: 0.0000170 seconds
[2019-12-09T02:27:18.462+0000][1][safepoint    ] Application time: 1.0000770 seconds
[2019-12-09T02:27:18.462+0000][1][safepoint    ] Entering safepoint region: Cleanup
[2019-12-09T02:27:18.462+0000][1][safepoint    ] Leaving safepoint region
[2019-12-09T02:27:18.462+0000][1][safepoint    ] Total time for which application threads were stopped: 0.0000929 seconds, Stopping threads took: 0.0000171 seconds
[2019-12-09T02:27:19.462+0000][1][safepoint    ] Application time: 1.0000740 seconds
[2019-12-09T02:27:19.462+0000][1][safepoint    ] Entering safepoint region: Cleanup
[2019-12-09T02:27:19.462+0000][1][safepoint    ] Leaving safepoint region
[2019-12-09T02:27:19.462+0000][1][safepoint    ] Total time for which application threads were stopped: 0.0000935 seconds, Stopping threads took: 0.0000164 seconds
[2019-12-09T02:27:20.462+0000][1][safepoint    ] Application time: 1.0000746 seconds
[2019-12-09T02:27:20.462+0000][1][safepoint    ] Entering safepoint region: Cleanup
[2019-12-09T02:27:20.462+0000][1][safepoint    ] Leaving safepoint region
[2019-12-09T02:27:20.462+0000][1][safepoint    ] Total time for which application threads were stopped: 0.0000942 seconds, Stopping threads took: 0.0000162 seconds
[2019-12-09T02:27:21.463+0000][1][safepoint    ] Application time: 1.0000783 seconds
[2019-12-09T02:27:21.463+0000][1][safepoint    ] Entering safepoint region: Cleanup
[2019-12-09T02:27:21.463+0000][1][safepoint    ] Leaving safepoint region
[2019-12-09T02:27:21.463+0000][1][safepoint    ] Total time for which application threads were stopped: 0.0001079 seconds, Stopping threads took: 0.0000168 seconds
[2019-12-09T02:27:22.463+0000][1][safepoint    ] Application time: 1.0000760 seconds
[2019-12-09T02:27:22.463+0000][1][safepoint    ] Entering safepoint region: Cleanup
[2019-12-09T02:27:22.463+0000][1][safepoint    ] Leaving safepoint region
[2019-12-09T02:27:22.463+0000][1][safepoint    ] Total time for which application threads were stopped: 0.0000896 seconds, Stopping threads took: 0.0000166 seconds
[2019-12-09T02:27:23.104+0000][1][safepoint    ] Application time: 0.6415429 seconds
[2019-12-09T02:27:23.104+0000][1][safepoint    ] Entering safepoint region: RevokeBias
[2019-12-09T02:27:23.105+0000][1][safepoint    ] Leaving safepoint region
[2019-12-09T02:27:23.105+0000][1][safepoint    ] Total time for which application threads were stopped: 0.0001821 seconds, Stopping threads took: 0.0000230 seconds
[2019-12-09T02:27:23.105+0000][1][safepoint    ] Application time: 0.0000960 seconds
[2019-12-09T02:27:23.105+0000][1][safepoint    ] Entering safepoint region: RevokeBias
[2019-12-09T02:27:23.105+0000][1][safepoint    ] Leaving safepoint region
[2019-12-09T02:27:23.105+0000][1][safepoint    ] Total time for which application threads were stopped: 0.0000941 seconds, Stopping threads took: 0.0000110 seconds
[2019-12-09T02:27:23.127+0000][1][safepoint    ] Application time: 0.0224296 seconds
[2019-12-09T02:27:23.128+0000][1][safepoint    ] Entering safepoint region: RevokeBias
[2019-12-09T02:27:23.128+0000][1][safepoint    ] Leaving safepoint region
[2019-12-09T02:27:23.128+0000][1][safepoint    ] Total time for which application threads were stopped: 0.0006268 seconds, Stopping threads took: 0.0004805 seconds
[2019-12-09T02:27:23.133+0000][1][safepoint    ] Application time: 0.0051811 seconds
[2019-12-09T02:27:23.133+0000][1][safepoint    ] Entering safepoint region: RevokeBias
[2019-12-09T02:27:23.133+0000][1][safepoint    ] Leaving safepoint region
[2019-12-09T02:27:23.133+0000][1][safepoint    ] Total time for which application threads were stopped: 0.0001068 seconds, Stopping threads took: 0.0000137 seconds
[2019-12-09T02:27:24.133+0000][1][safepoint    ] Application time: 1.0000896 seconds
[2019-12-09T02:27:24.133+0000][1][safepoint    ] Entering safepoint region: Cleanup
[2019-12-09T02:27:24.134+0000][1][safepoint    ] Leaving safepoint region
[2019-12-09T02:27:24.134+0000][1][safepoint    ] Total time for which application threads were stopped: 0.0001465 seconds, Stopping threads took: 0.0000238 seconds
[2019-12-09T02:27:25.134+0000][1][safepoint    ] Application time: 1.0000818 seconds
[2019-12-09T02:27:25.134+0000][1][safepoint    ] Entering safepoint region: Cleanup
[2019-12-09T02:27:25.134+0000][1][safepoint    ] Leaving safepoint region
[2019-12-09T02:27:25.134+0000][1][safepoint    ] Total time for which application threads were stopped: 0.0000938 seconds, Stopping threads took: 0.0000190 seconds
[2019-12-09T02:27:26.134+0000][1][safepoint    ] Application time: 1.0000811 seconds
[2019-12-09T02:27:26.134+0000][1][safepoint    ] Entering safepoint region: Cleanup
[2019-12-09T02:27:26.134+0000][1][safepoint    ] Leaving safepoint region
[2019-12-09T02:27:26.134+0000][1][safepoint    ] Total time for which application threads were stopped: 0.0001098 seconds, Stopping threads took: 0.0000202 seconds
[2019-12-09T02:27:27.134+0000][1][safepoint    ] Application time: 1.0000784 seconds
[2019-12-09T02:27:27.134+0000][1][safepoint    ] Entering safepoint region: Cleanup
[2019-12-09T02:27:27.134+0000][1][safepoint    ] Leaving safepoint region
[2019-12-09T02:27:27.134+0000][1][safepoint    ] Total time for which application threads were stopped: 0.0001000 seconds, Stopping threads took: 0.0000191 seconds
[2019-12-09T02:27:28.134+0000][1][safepoint    ] Application time: 1.0000767 seconds
[2019-12-09T02:27:28.134+0000][1][safepoint    ] Entering safepoint region: Cleanup
[2019-12-09T02:27:28.134+0000][1][safepoint    ] Leaving safepoint region
[2019-12-09T02:27:28.134+0000][1][safepoint    ] Total time for which application threads were stopped: 0.0001009 seconds, Stopping threads took: 0.0000184 seconds
[2019-12-09T02:27:29.135+0000][1][safepoint    ] Application time: 1.0000803 seconds
[2019-12-09T02:27:29.135+0000][1][safepoint    ] Entering safepoint region: Cleanup
[2019-12-09T02:27:29.135+0000][1][safepoint    ] Leaving safepoint region
[2019-12-09T02:27:29.135+0000][1][safepoint    ] Total time for which application threads were stopped: 0.0001101 seconds, Stopping threads took: 0.0000178 seconds
[2019-12-09T02:27:30.135+0000][1][safepoint    ] Application time: 1.0000840 seconds
[2019-12-09T02:27:30.135+0000][1][safepoint    ] Entering safepoint region: Cleanup
[2019-12-09T02:27:30.135+0000][1][safepoint    ] Leaving safepoint region
[2019-12-09T02:27:30.135+0000][1][safepoint    ] Total time for which application threads were stopped: 0.0000923 seconds, Stopping threads took: 0.0000199 seconds
[2019-12-09T02:27:31.135+0000][1][safepoint    ] Application time: 1.0000787 seconds
[2019-12-09T02:27:31.135+0000][1][safepoint    ] Entering safepoint region: Cleanup
[2019-12-09T02:27:31.135+0000][1][safepoint    ] Leaving safepoint region
[2019-12-09T02:27:31.135+0000][1][safepoint    ] Total time for which application threads were stopped: 0.0000929 seconds, Stopping threads took: 0.0000182 seconds
[2019-12-09T02:27:32.135+0000][1][safepoint    ] Application time: 1.0000774 seconds
[2019-12-09T02:27:32.135+0000][1][safepoint    ] Entering safepoint region: Cleanup
[2019-12-09T02:27:32.135+0000][1][safepoint    ] Leaving safepoint region
[2019-12-09T02:27:32.135+0000][1][safepoint    ] Total time for which application threads were stopped: 0.0001151 seconds, Stopping threads took: 0.0000198 seconds
[2019-12-09T02:27:33.141+0000][1][safepoint    ] Application time: 1.0053415 seconds
[2019-12-09T02:27:33.141+0000][1][safepoint    ] Entering safepoint region: Cleanup
[2019-12-09T02:27:33.141+0000][1][safepoint    ] Leaving safepoint region
[2019-12-09T02:27:33.141+0000][1][safepoint    ] Total time for which application threads were stopped: 0.0001381 seconds, Stopping threads took: 0.0000218 seconds
[2019-12-09T02:27:34.141+0000][1][safepoint    ] Application time: 1.0000868 seconds
[2019-12-09T02:27:34.141+0000][1][safepoint    ] Entering safepoint region: Cleanup
[2019-12-09T02:27:34.141+0000][1][safepoint    ] Leaving safepoint region
[2019-12-09T02:27:34.141+0000][1][safepoint    ] Total time for which application threads were stopped: 0.0000986 seconds, Stopping threads took: 0.0000251 seconds
[2019-12-09T02:27:35.141+0000][1][safepoint    ] Application time: 1.0000819 seconds
[2019-12-09T02:27:35.141+0000][1][safepoint    ] Entering safepoint region: Cleanup
[2019-12-09T02:27:35.141+0000][1][safepoint    ] Leaving safepoint region
[2019-12-09T02:27:35.141+0000][1][safepoint    ] Total time for which application threads were stopped: 0.0000939 seconds, Stopping threads took: 0.0000184 seconds
[2019-12-09T02:27:36.141+0000][1][safepoint    ] Application time: 1.0000862 seconds
[2019-12-09T02:27:36.142+0000][1][safepoint    ] Entering safepoint region: Cleanup
[2019-12-09T02:27:36.142+0000][1][safepoint    ] Leaving safepoint region
[2019-12-09T02:27:36.142+0000][1][safepoint    ] Total time for which application threads were stopped: 0.0001330 seconds, Stopping threads took: 0.0000260 seconds
[2019-12-09T02:27:37.142+0000][1][safepoint    ] Application time: 1.0000754 seconds
[2019-12-09T02:27:37.142+0000][1][safepoint    ] Entering safepoint region: Cleanup
[2019-12-09T02:27:37.142+0000][1][safepoint    ] Leaving safepoint region
[2019-12-09T02:27:37.142+0000][1][safepoint    ] Total time for which application threads were stopped: 0.0000960 seconds, Stopping threads took: 0.0000171 seconds
[2019-12-09T02:27:38.142+0000][1][safepoint    ] Application time: 1.0000757 seconds
[2019-12-09T02:27:38.142+0000][1][safepoint    ] Entering safepoint region: Cleanup
[2019-12-09T02:27:38.142+0000][1][safepoint    ] Leaving safepoint region
[2019-12-09T02:27:38.142+0000][1][safepoint    ] Total time for which application threads were stopped: 0.0001102 seconds, Stopping threads took: 0.0000179 seconds
[2019-12-09T02:27:39.142+0000][1][safepoint    ] Application time: 1.0000754 seconds
[2019-12-09T02:27:39.142+0000][1][safepoint    ] Entering safepoint region: Cleanup
[2019-12-09T02:27:39.142+0000][1][safepoint    ] Leaving safepoint region
[2019-12-09T02:27:39.142+0000][1][safepoint    ] Total time for which application threads were stopped: 0.0000910 seconds, Stopping threads took: 0.0000179 seconds
[2019-12-09T02:27:40.142+0000][1][safepoint    ] Application time: 1.0000822 seconds
[2019-12-09T02:27:40.142+0000][1][safepoint    ] Entering safepoint region: Cleanup
[2019-12-09T02:27:40.143+0000][1][safepoint    ] Leaving safepoint region
[2019-12-09T02:27:40.143+0000][1][safepoint    ] Total time for which application threads were stopped: 0.0001064 seconds, Stopping threads took: 0.0000190 seconds
[2019-12-09T02:27:42.143+0000][1][safepoint    ] Application time: 2.0001457 seconds
[2019-12-09T02:27:42.143+0000][1][safepoint    ] Entering safepoint region: Cleanup
[2019-12-09T02:27:42.143+0000][1][safepoint    ] Leaving safepoint region
[2019-12-09T02:27:42.143+0000][1][safepoint    ] Total time for which application threads were stopped: 0.0000902 seconds, Stopping threads took: 0.0000183 seconds
[2019-12-09T02:27:43.143+0000][1][safepoint    ] Application time: 1.0000760 seconds
[2019-12-09T02:27:43.143+0000][1][safepoint    ] Entering safepoint region: Cleanup
[2019-12-09T02:27:43.143+0000][1][safepoint    ] Leaving safepoint region
[2019-12-09T02:27:43.143+0000][1][safepoint    ] Total time for which application threads were stopped: 0.0000875 seconds, Stopping threads took: 0.0000184 seconds
[2019-12-09T02:27:44.143+0000][1][safepoint    ] Application time: 1.0000766 seconds
[2019-12-09T02:27:44.143+0000][1][safepoint    ] Entering safepoint region: Cleanup
[2019-12-09T02:27:44.143+0000][1][safepoint    ] Leaving safepoint region
[2019-12-09T02:27:44.143+0000][1][safepoint    ] Total time for which application threads were stopped: 0.0000932 seconds, Stopping threads took: 0.0000184 seconds
[2019-12-09T02:27:46.143+0000][1][safepoint    ] Application time: 2.0001488 seconds
[2019-12-09T02:27:46.143+0000][1][safepoint    ] Entering safepoint region: Cleanup
[2019-12-09T02:27:46.144+0000][1][safepoint    ] Leaving safepoint region
[2019-12-09T02:27:46.144+0000][1][safepoint    ] Total time for which application threads were stopped: 0.0001359 seconds, Stopping threads took: 0.0000265 seconds
[2019-12-09T02:27:48.144+0000][1][safepoint    ] Application time: 2.0001443 seconds
[2019-12-09T02:27:48.144+0000][1][safepoint    ] Entering safepoint region: Cleanup
[2019-12-09T02:27:48.144+0000][1][safepoint    ] Leaving safepoint region
[2019-12-09T02:27:48.144+0000][1][safepoint    ] Total time for which application threads were stopped: 0.0000897 seconds, Stopping threads took: 0.0000178 seconds
[2019-12-09T02:27:49.144+0000][1][safepoint    ] Application time: 1.0000794 seconds
[2019-12-09T02:27:49.144+0000][1][safepoint    ] Entering safepoint region: Cleanup
[2019-12-09T02:27:49.144+0000][1][safepoint    ] Leaving safepoint region
[2019-12-09T02:27:49.144+0000][1][safepoint    ] Total time for which application threads were stopped: 0.0000913 seconds, Stopping threads took: 0.0000199 seconds
[2019-12-09T02:27:50.144+0000][1][safepoint    ] Application time: 1.0000787 seconds
[2019-12-09T02:27:50.144+0000][1][safepoint    ] Entering safepoint region: Cleanup
[2019-12-09T02:27:50.144+0000][1][safepoint    ] Leaving safepoint region
[2019-12-09T02:27:50.144+0000][1][safepoint    ] Total time for which application threads were stopped: 0.0000926 seconds, Stopping threads took: 0.0000208 seconds
[2019-12-09T02:27:51.144+0000][1][safepoint    ] Application time: 1.0000797 seconds
[2019-12-09T02:27:51.144+0000][1][safepoint    ] Entering safepoint region: Cleanup
[2019-12-09T02:27:51.144+0000][1][safepoint    ] Leaving safepoint region
[2019-12-09T02:27:51.144+0000][1][safepoint    ] Total time for which application threads were stopped: 0.0000973 seconds, Stopping threads took: 0.0000197 seconds
[2019-12-09T02:27:51.510+0000][1][safepoint    ] Application time: 0.3659991 seconds
[2019-12-09T02:27:51.511+0000][1][safepoint    ] Entering safepoint region: GenCollectForAllocation
[2019-12-09T02:27:51.511+0000][1][gc,start     ] GC(24) Pause Young (Allocation Failure)
[2019-12-09T02:27:51.511+0000][1][gc,task      ] GC(24) Using 2 workers of 2 for evacuation
[2019-12-09T02:27:51.528+0000][1][gc,age       ] GC(24) Desired survivor size 4456448 bytes, new threshold 6 (max threshold 6)
[2019-12-09T02:27:51.528+0000][1][gc,age       ] GC(24) Age table with threshold 6 (max threshold 6)
[2019-12-09T02:27:51.528+0000][1][gc,age       ] GC(24) - age   1:     473976 bytes,     473976 total
[2019-12-09T02:27:51.528+0000][1][gc,age       ] GC(24) - age   2:    1995432 bytes,    2469408 total
[2019-12-09T02:27:51.528+0000][1][gc,heap      ] GC(24) ParNew: 76940K->5917K(78656K)
[2019-12-09T02:27:51.528+0000][1][gc,heap      ] GC(24) CMS: 64764K->68406K(174784K)
[2019-12-09T02:27:51.528+0000][1][gc,metaspace ] GC(24) Metaspace: 70707K->70707K(1114112K)
[2019-12-09T02:27:51.528+0000][1][gc           ] GC(24) Pause Young (Allocation Failure) 138M->72M(247M) 17.696ms
[2019-12-09T02:27:51.528+0000][1][gc,cpu       ] GC(24) User=0.03s Sys=0.00s Real=0.02s
[2019-12-09T02:27:51.528+0000][1][safepoint    ] Leaving safepoint region
[2019-12-09T02:27:51.528+0000][1][safepoint    ] Total time for which application threads were stopped: 0.0178608 seconds, Stopping threads took: 0.0000233 seconds
[2019-12-09T02:27:52.528+0000][1][safepoint    ] Application time: 1.0000965 seconds
[2019-12-09T02:27:52.529+0000][1][safepoint    ] Entering safepoint region: Cleanup
[2019-12-09T02:27:52.529+0000][1][safepoint    ] Leaving safepoint region
[2019-12-09T02:27:52.529+0000][1][safepoint    ] Total time for which application threads were stopped: 0.0001314 seconds, Stopping threads took: 0.0000268 seconds
[2019-12-09T02:27:53.529+0000][1][safepoint    ] Application time: 1.0000768 seconds
[2019-12-09T02:27:53.529+0000][1][safepoint    ] Entering safepoint region: Cleanup
[2019-12-09T02:27:53.529+0000][1][safepoint    ] Leaving safepoint region
[2019-12-09T02:27:53.529+0000][1][safepoint    ] Total time for which application threads were stopped: 0.0001114 seconds, Stopping threads took: 0.0000192 seconds
[2019-12-09T02:27:53.916+0000][1][safepoint    ] Application time: 0.3866966 seconds
[2019-12-09T02:27:53.916+0000][1][safepoint    ] Entering safepoint region: RevokeBias
[2019-12-09T02:27:53.916+0000][1][safepoint    ] Leaving safepoint region
[2019-12-09T02:27:53.916+0000][1][safepoint    ] Total time for which application threads were stopped: 0.0001481 seconds, Stopping threads took: 0.0000232 seconds
[2019-12-09T02:27:54.916+0000][1][safepoint    ] Application time: 1.0000893 seconds
[2019-12-09T02:27:54.916+0000][1][safepoint    ] Entering safepoint region: Cleanup
[2019-12-09T02:27:54.916+0000][1][safepoint    ] Leaving safepoint region
[2019-12-09T02:27:54.916+0000][1][safepoint    ] Total time for which application threads were stopped: 0.0001211 seconds, Stopping threads took: 0.0000186 seconds
[2019-12-09T02:27:55.916+0000][1][safepoint    ] Application time: 1.0000745 seconds
[2019-12-09T02:27:55.916+0000][1][safepoint    ] Entering safepoint region: Cleanup
[2019-12-09T02:27:55.916+0000][1][safepoint    ] Leaving safepoint region
[2019-12-09T02:27:55.916+0000][1][safepoint    ] Total time for which application threads were stopped: 0.0000992 seconds, Stopping threads took: 0.0000186 seconds
[2019-12-09T02:27:56.916+0000][1][safepoint    ] Application time: 1.0000724 seconds
[2019-12-09T02:27:56.916+0000][1][safepoint    ] Entering safepoint region: Cleanup
[2019-12-09T02:27:56.916+0000][1][safepoint    ] Leaving safepoint region
[2019-12-09T02:27:56.916+0000][1][safepoint    ] Total time for which application threads were stopped: 0.0000929 seconds, Stopping threads took: 0.0000177 seconds
[2019-12-09T02:27:57.917+0000][1][safepoint    ] Application time: 1.0000763 seconds
[2019-12-09T02:27:57.917+0000][1][safepoint    ] Entering safepoint region: Cleanup
[2019-12-09T02:27:57.917+0000][1][safepoint    ] Leaving safepoint region
[2019-12-09T02:27:57.917+0000][1][safepoint    ] Total time for which application threads were stopped: 0.0000930 seconds, Stopping threads took: 0.0000175 seconds
[2019-12-09T02:27:58.917+0000][1][safepoint    ] Application time: 1.0000750 seconds
[2019-12-09T02:27:58.917+0000][1][safepoint    ] Entering safepoint region: Cleanup
[2019-12-09T02:27:58.917+0000][1][safepoint    ] Leaving safepoint region
[2019-12-09T02:27:58.917+0000][1][safepoint    ] Total time for which application threads were stopped: 0.0000884 seconds, Stopping threads took: 0.0000178 seconds
[2019-12-09T02:28:00.917+0000][1][safepoint    ] Application time: 2.0001482 seconds
[2019-12-09T02:28:00.917+0000][1][safepoint    ] Entering safepoint region: Cleanup
[2019-12-09T02:28:00.917+0000][1][safepoint    ] Leaving safepoint region
[2019-12-09T02:28:00.917+0000][1][safepoint    ] Total time for which application threads were stopped: 0.0000913 seconds, Stopping threads took: 0.0000187 seconds
[2019-12-09T02:28:01.917+0000][1][safepoint    ] Application time: 1.0000795 seconds
[2019-12-09T02:28:01.917+0000][1][safepoint    ] Entering safepoint region: Cleanup
[2019-12-09T02:28:01.917+0000][1][safepoint    ] Leaving safepoint region
[2019-12-09T02:28:01.917+0000][1][safepoint    ] Total time for which application threads were stopped: 0.0000985 seconds, Stopping threads took: 0.0000189 seconds
[2019-12-09T02:28:02.917+0000][1][safepoint    ] Application time: 1.0000771 seconds
[2019-12-09T02:28:02.917+0000][1][safepoint    ] Entering safepoint region: Cleanup
[2019-12-09T02:28:02.918+0000][1][safepoint    ] Leaving safepoint region
[2019-12-09T02:28:02.918+0000][1][safepoint    ] Total time for which application threads were stopped: 0.0000932 seconds, Stopping threads took: 0.0000168 seconds
[2019-12-09T02:28:03.918+0000][1][safepoint    ] Application time: 1.0000756 seconds
[2019-12-09T02:28:03.918+0000][1][safepoint    ] Entering safepoint region: Cleanup
[2019-12-09T02:28:03.918+0000][1][safepoint    ] Leaving safepoint region
[2019-12-09T02:28:03.918+0000][1][safepoint    ] Total time for which application threads were stopped: 0.0001055 seconds, Stopping threads took: 0.0000192 seconds
[2019-12-09T02:28:05.918+0000][1][safepoint    ] Application time: 2.0001437 seconds
[2019-12-09T02:28:05.918+0000][1][safepoint    ] Entering safepoint region: Cleanup
[2019-12-09T02:28:05.918+0000][1][safepoint    ] Leaving safepoint region
[2019-12-09T02:28:05.918+0000][1][safepoint    ] Total time for which application threads were stopped: 0.0001065 seconds, Stopping threads took: 0.0000284 seconds
[2019-12-09T02:28:07.918+0000][1][safepoint    ] Application time: 2.0001403 seconds
[2019-12-09T02:28:07.918+0000][1][safepoint    ] Entering safepoint region: Cleanup
[2019-12-09T02:28:07.918+0000][1][safepoint    ] Leaving safepoint region
[2019-12-09T02:28:07.918+0000][1][safepoint    ] Total time for which application threads were stopped: 0.0000999 seconds, Stopping threads took: 0.0000180 seconds
[2019-12-09T02:28:08.918+0000][1][safepoint    ] Application time: 1.0000771 seconds
[2019-12-09T02:28:08.918+0000][1][safepoint    ] Entering safepoint region: Cleanup
[2019-12-09T02:28:08.919+0000][1][safepoint    ] Leaving safepoint region
[2019-12-09T02:28:08.919+0000][1][safepoint    ] Total time for which application threads were stopped: 0.0000993 seconds, Stopping threads took: 0.0000200 seconds
[2019-12-09T02:28:09.919+0000][1][safepoint    ] Application time: 1.0000747 seconds
[2019-12-09T02:28:09.919+0000][1][safepoint    ] Entering safepoint region: Cleanup
[2019-12-09T02:28:09.919+0000][1][safepoint    ] Leaving safepoint region
[2019-12-09T02:28:09.919+0000][1][safepoint    ] Total time for which application threads were stopped: 0.0000919 seconds, Stopping threads took: 0.0000168 seconds
[2019-12-09T02:28:10.919+0000][1][safepoint    ] Application time: 1.0000765 seconds
[2019-12-09T02:28:10.919+0000][1][safepoint    ] Entering safepoint region: Cleanup
[2019-12-09T02:28:10.919+0000][1][safepoint    ] Leaving safepoint region
[2019-12-09T02:28:10.919+0000][1][safepoint    ] Total time for which application threads were stopped: 0.0000943 seconds, Stopping threads took: 0.0000175 seconds
[2019-12-09T02:28:11.919+0000][1][safepoint    ] Application time: 1.0000748 seconds
[2019-12-09T02:28:11.919+0000][1][safepoint    ] Entering safepoint region: Cleanup
[2019-12-09T02:28:11.919+0000][1][safepoint    ] Leaving safepoint region
[2019-12-09T02:28:11.919+0000][1][safepoint    ] Total time for which application threads were stopped: 0.0000880 seconds, Stopping threads took: 0.0000177 seconds
[2019-12-09T02:28:13.919+0000][1][safepoint    ] Application time: 2.0001440 seconds
[2019-12-09T02:28:13.919+0000][1][safepoint    ] Entering safepoint region: Cleanup
[2019-12-09T02:28:13.919+0000][1][safepoint    ] Leaving safepoint region
[2019-12-09T02:28:13.919+0000][1][safepoint    ] Total time for which application threads were stopped: 0.0000912 seconds, Stopping threads took: 0.0000182 seconds
[2019-12-09T02:28:16.920+0000][1][safepoint    ] Application time: 3.0002200 seconds
[2019-12-09T02:28:16.920+0000][1][safepoint    ] Entering safepoint region: Cleanup
[2019-12-09T02:28:16.920+0000][1][safepoint    ] Leaving safepoint region
[2019-12-09T02:28:16.920+0000][1][safepoint    ] Total time for which application threads were stopped: 0.0001000 seconds, Stopping threads took: 0.0000181 seconds
[2019-12-09T02:28:17.920+0000][1][safepoint    ] Application time: 1.0000751 seconds
[2019-12-09T02:28:17.920+0000][1][safepoint    ] Entering safepoint region: Cleanup
[2019-12-09T02:28:17.920+0000][1][safepoint    ] Leaving safepoint region
[2019-12-09T02:28:17.920+0000][1][safepoint    ] Total time for which application threads were stopped: 0.0001003 seconds, Stopping threads took: 0.0000178 seconds
[2019-12-09T02:28:18.920+0000][1][safepoint    ] Application time: 1.0000767 seconds
[2019-12-09T02:28:18.920+0000][1][safepoint    ] Entering safepoint region: Cleanup
[2019-12-09T02:28:18.920+0000][1][safepoint    ] Leaving safepoint region
[2019-12-09T02:28:18.920+0000][1][safepoint    ] Total time for which application threads were stopped: 0.0000919 seconds, Stopping threads took: 0.0000180 seconds
[2019-12-09T02:28:20.920+0000][1][safepoint    ] Application time: 2.0001393 seconds
[2019-12-09T02:28:20.920+0000][1][safepoint    ] Entering safepoint region: Cleanup
[2019-12-09T02:28:20.921+0000][1][safepoint    ] Leaving safepoint region
[2019-12-09T02:28:20.921+0000][1][safepoint    ] Total time for which application threads were stopped: 0.0000981 seconds, Stopping threads took: 0.0000246 seconds
[2019-12-09T02:28:23.921+0000][1][safepoint    ] Application time: 3.0002265 seconds
[2019-12-09T02:28:23.921+0000][1][safepoint    ] Entering safepoint region: Cleanup
[2019-12-09T02:28:23.921+0000][1][safepoint    ] Leaving safepoint region
[2019-12-09T02:28:23.921+0000][1][safepoint    ] Total time for which application threads were stopped: 0.0000940 seconds, Stopping threads took: 0.0000186 seconds
[2019-12-09T02:28:25.921+0000][1][safepoint    ] Application time: 2.0001395 seconds
[2019-12-09T02:28:25.921+0000][1][safepoint    ] Entering safepoint region: Cleanup
[2019-12-09T02:28:25.921+0000][1][safepoint    ] Leaving safepoint region
[2019-12-09T02:28:25.921+0000][1][safepoint    ] Total time for which application threads were stopped: 0.0000904 seconds, Stopping threads took: 0.0000163 seconds
[2019-12-09T02:28:26.921+0000][1][safepoint    ] Application time: 1.0000745 seconds
[2019-12-09T02:28:26.921+0000][1][safepoint    ] Entering safepoint region: Cleanup
[2019-12-09T02:28:26.921+0000][1][safepoint    ] Leaving safepoint region
[2019-12-09T02:28:26.921+0000][1][safepoint    ] Total time for which application threads were stopped: 0.0001022 seconds, Stopping threads took: 0.0000179 seconds
[2019-12-09T02:28:29.922+0000][1][safepoint    ] Application time: 3.0002087 seconds
[2019-12-09T02:28:29.922+0000][1][safepoint    ] Entering safepoint region: Cleanup
[2019-12-09T02:28:29.922+0000][1][safepoint    ] Leaving safepoint region
[2019-12-09T02:28:29.922+0000][1][safepoint    ] Total time for which application threads were stopped: 0.0001020 seconds, Stopping threads took: 0.0000177 seconds
[2019-12-09T02:28:33.922+0000][1][safepoint    ] Application time: 4.0002750 seconds
[2019-12-09T02:28:33.922+0000][1][safepoint    ] Entering safepoint region: Cleanup
[2019-12-09T02:28:33.922+0000][1][safepoint    ] Leaving safepoint region
[2019-12-09T02:28:33.922+0000][1][safepoint    ] Total time for which application threads were stopped: 0.0000890 seconds, Stopping threads took: 0.0000171 seconds
[2019-12-09T02:28:35.922+0000][1][safepoint    ] Application time: 2.0001519 seconds
[2019-12-09T02:28:35.922+0000][1][safepoint    ] Entering safepoint region: Cleanup
[2019-12-09T02:28:35.922+0000][1][safepoint    ] Leaving safepoint region
[2019-12-09T02:28:35.922+0000][1][safepoint    ] Total time for which application threads were stopped: 0.0001334 seconds, Stopping threads took: 0.0000341 seconds
[2019-12-09T02:28:37.923+0000][1][safepoint    ] Application time: 2.0001439 seconds
[2019-12-09T02:28:37.923+0000][1][safepoint    ] Entering safepoint region: Cleanup
[2019-12-09T02:28:37.923+0000][1][safepoint    ] Leaving safepoint region
[2019-12-09T02:28:37.923+0000][1][safepoint    ] Total time for which application threads were stopped: 0.0001079 seconds, Stopping threads took: 0.0000188 seconds
[2019-12-09T02:28:38.923+0000][1][safepoint    ] Application time: 1.0000758 seconds
[2019-12-09T02:28:38.923+0000][1][safepoint    ] Entering safepoint region: Cleanup
[2019-12-09T02:28:38.923+0000][1][safepoint    ] Leaving safepoint region
[2019-12-09T02:28:38.923+0000][1][safepoint    ] Total time for which application threads were stopped: 0.0000957 seconds, Stopping threads took: 0.0000173 seconds
[2019-12-09T02:28:39.923+0000][1][safepoint    ] Application time: 1.0000754 seconds
[2019-12-09T02:28:39.923+0000][1][safepoint    ] Entering safepoint region: Cleanup
[2019-12-09T02:28:39.923+0000][1][safepoint    ] Leaving safepoint region
[2019-12-09T02:28:39.923+0000][1][safepoint    ] Total time for which application threads were stopped: 0.0000945 seconds, Stopping threads took: 0.0000175 seconds
[2019-12-09T02:28:40.923+0000][1][safepoint    ] Application time: 1.0000779 seconds
[2019-12-09T02:28:40.923+0000][1][safepoint    ] Entering safepoint region: Cleanup
[2019-12-09T02:28:40.923+0000][1][safepoint    ] Leaving safepoint region
[2019-12-09T02:28:40.923+0000][1][safepoint    ] Total time for which application threads were stopped: 0.0000935 seconds, Stopping threads took: 0.0000175 seconds
[2019-12-09T02:28:41.923+0000][1][safepoint    ] Application time: 1.0000790 seconds
[2019-12-09T02:28:41.924+0000][1][safepoint    ] Entering safepoint region: Cleanup
[2019-12-09T02:28:41.924+0000][1][safepoint    ] Leaving safepoint region
[2019-12-09T02:28:41.924+0000][1][safepoint    ] Total time for which application threads were stopped: 0.0000962 seconds, Stopping threads took: 0.0000181 seconds
[2019-12-09T02:28:42.924+0000][1][safepoint    ] Application time: 1.0000862 seconds
[2019-12-09T02:28:42.924+0000][1][safepoint    ] Entering safepoint region: Cleanup
[2019-12-09T02:28:42.924+0000][1][safepoint    ] Leaving safepoint region
[2019-12-09T02:28:42.924+0000][1][safepoint    ] Total time for which application threads were stopped: 0.0000971 seconds, Stopping threads took: 0.0000203 seconds
[2019-12-09T02:28:43.924+0000][1][safepoint    ] Application time: 1.0000766 seconds
[2019-12-09T02:28:43.924+0000][1][safepoint    ] Entering safepoint region: Cleanup
[2019-12-09T02:28:43.924+0000][1][safepoint    ] Leaving safepoint region
[2019-12-09T02:28:43.924+0000][1][safepoint    ] Total time for which application threads were stopped: 0.0000947 seconds, Stopping threads took: 0.0000197 seconds
[2019-12-09T02:28:44.924+0000][1][safepoint    ] Application time: 1.0000774 seconds
[2019-12-09T02:28:44.924+0000][1][safepoint    ] Entering safepoint region: Cleanup
[2019-12-09T02:28:44.924+0000][1][safepoint    ] Leaving safepoint region
[2019-12-09T02:28:44.924+0000][1][safepoint    ] Total time for which application threads were stopped: 0.0000983 seconds, Stopping threads took: 0.0000172 seconds
[2019-12-09T02:28:45.924+0000][1][safepoint    ] Application time: 1.0000772 seconds
[2019-12-09T02:28:45.924+0000][1][safepoint    ] Entering safepoint region: Cleanup
[2019-12-09T02:28:45.924+0000][1][safepoint    ] Leaving safepoint region
[2019-12-09T02:28:45.924+0000][1][safepoint    ] Total time for which application threads were stopped: 0.0000923 seconds, Stopping threads took: 0.0000170 seconds
[2019-12-09T02:28:49.925+0000][1][safepoint    ] Application time: 4.0002875 seconds
[2019-12-09T02:28:49.925+0000][1][safepoint    ] Entering safepoint region: Cleanup
[2019-12-09T02:28:49.925+0000][1][safepoint    ] Leaving safepoint region
[2019-12-09T02:28:49.925+0000][1][safepoint    ] Total time for which application threads were stopped: 0.0000936 seconds, Stopping threads took: 0.0000185 seconds
[2019-12-09T02:28:54.925+0000][1][safepoint    ] Application time: 5.0003343 seconds
[2019-12-09T02:28:54.925+0000][1][safepoint    ] Entering safepoint region: Cleanup
[2019-12-09T02:28:54.925+0000][1][safepoint    ] Leaving safepoint region
[2019-12-09T02:28:54.925+0000][1][safepoint    ] Total time for which application threads were stopped: 0.0000962 seconds, Stopping threads took: 0.0000183 seconds
[2019-12-09T02:29:00.579+0000][1][safepoint    ] Application time: 5.6534677 seconds
[2019-12-09T02:29:00.579+0000][1][safepoint    ] Entering safepoint region: GenCollectForAllocation
[2019-12-09T02:29:00.579+0000][1][gc,start     ] GC(25) Pause Young (Allocation Failure)
[2019-12-09T02:29:00.579+0000][1][gc,task      ] GC(25) Using 2 workers of 2 for evacuation
[2019-12-09T02:29:00.586+0000][1][gc,age       ] GC(25) Desired survivor size 4456448 bytes, new threshold 6 (max threshold 6)
[2019-12-09T02:29:00.586+0000][1][gc,age       ] GC(25) Age table with threshold 6 (max threshold 6)
[2019-12-09T02:29:00.586+0000][1][gc,age       ] GC(25) - age   1:     130392 bytes,     130392 total
[2019-12-09T02:29:00.586+0000][1][gc,age       ] GC(25) - age   2:     396896 bytes,     527288 total
[2019-12-09T02:29:00.586+0000][1][gc,age       ] GC(25) - age   3:    1995304 bytes,    2522592 total
[2019-12-09T02:29:00.586+0000][1][gc,heap      ] GC(25) ParNew: 75869K->3575K(78656K)
[2019-12-09T02:29:00.586+0000][1][gc,heap      ] GC(25) CMS: 68406K->68406K(174784K)
[2019-12-09T02:29:00.586+0000][1][gc,metaspace ] GC(25) Metaspace: 70844K->70844K(1114112K)
[2019-12-09T02:29:00.586+0000][1][gc           ] GC(25) Pause Young (Allocation Failure) 140M->70M(247M) 6.750ms
[2019-12-09T02:29:00.586+0000][1][gc,cpu       ] GC(25) User=0.01s Sys=0.00s Real=0.01s
[2019-12-09T02:29:00.586+0000][1][safepoint    ] Leaving safepoint region
[2019-12-09T02:29:00.586+0000][1][safepoint    ] Total time for which application threads were stopped: 0.0069292 seconds, Stopping threads took: 0.0000231 seconds
[2019-12-09T02:29:03.586+0000][1][safepoint    ] Application time: 3.0002232 seconds
[2019-12-09T02:29:03.586+0000][1][safepoint    ] Entering safepoint region: Cleanup
[2019-12-09T02:29:03.586+0000][1][safepoint    ] Leaving safepoint region
[2019-12-09T02:29:03.586+0000][1][safepoint    ] Total time for which application threads were stopped: 0.0000928 seconds, Stopping threads took: 0.0000180 seconds
[2019-12-09T02:29:04.586+0000][1][safepoint    ] Application time: 1.0000768 seconds
[2019-12-09T02:29:04.586+0000][1][safepoint    ] Entering safepoint region: Cleanup
[2019-12-09T02:29:04.586+0000][1][safepoint    ] Leaving safepoint region
[2019-12-09T02:29:04.586+0000][1][safepoint    ] Total time for which application threads were stopped: 0.0000990 seconds, Stopping threads took: 0.0000249 seconds
[2019-12-09T02:29:05.586+0000][1][safepoint    ] Application time: 1.0000755 seconds
[2019-12-09T02:29:05.586+0000][1][safepoint    ] Entering safepoint region: Cleanup
[2019-12-09T02:29:05.587+0000][1][safepoint    ] Leaving safepoint region
[2019-12-09T02:29:05.587+0000][1][safepoint    ] Total time for which application threads were stopped: 0.0000959 seconds, Stopping threads took: 0.0000189 seconds
[2019-12-09T02:29:08.587+0000][1][safepoint    ] Application time: 3.0002093 seconds
[2019-12-09T02:29:08.587+0000][1][safepoint    ] Entering safepoint region: Cleanup
[2019-12-09T02:29:08.587+0000][1][safepoint    ] Leaving safepoint region
[2019-12-09T02:29:08.587+0000][1][safepoint    ] Total time for which application threads were stopped: 0.0000979 seconds, Stopping threads took: 0.0000188 seconds
[2019-12-09T02:29:10.587+0000][1][safepoint    ] Application time: 2.0001422 seconds
[2019-12-09T02:29:10.587+0000][1][safepoint    ] Entering safepoint region: Cleanup
[2019-12-09T02:29:10.587+0000][1][safepoint    ] Leaving safepoint region
[2019-12-09T02:29:10.587+0000][1][safepoint    ] Total time for which application threads were stopped: 0.0000921 seconds, Stopping threads took: 0.0000177 seconds
[2019-12-09T02:29:12.587+0000][1][safepoint    ] Application time: 2.0001415 seconds
[2019-12-09T02:29:12.587+0000][1][safepoint    ] Entering safepoint region: Cleanup
[2019-12-09T02:29:12.587+0000][1][safepoint    ] Leaving safepoint region
[2019-12-09T02:29:12.587+0000][1][safepoint    ] Total time for which application threads were stopped: 0.0000929 seconds, Stopping threads took: 0.0000192 seconds
[2019-12-09T02:29:15.588+0000][1][safepoint    ] Application time: 3.0002069 seconds
[2019-12-09T02:29:15.588+0000][1][safepoint    ] Entering safepoint region: Cleanup
[2019-12-09T02:29:15.588+0000][1][safepoint    ] Leaving safepoint region
[2019-12-09T02:29:15.588+0000][1][safepoint    ] Total time for which application threads were stopped: 0.0000947 seconds, Stopping threads took: 0.0000178 seconds
[2019-12-09T02:29:19.588+0000][1][safepoint    ] Application time: 4.0002755 seconds
[2019-12-09T02:29:19.588+0000][1][safepoint    ] Entering safepoint region: Cleanup
[2019-12-09T02:29:19.588+0000][1][safepoint    ] Leaving safepoint region
[2019-12-09T02:29:19.588+0000][1][safepoint    ] Total time for which application threads were stopped: 0.0000952 seconds, Stopping threads took: 0.0000177 seconds
[2019-12-09T02:29:21.588+0000][1][safepoint    ] Application time: 2.0001419 seconds
[2019-12-09T02:29:21.588+0000][1][safepoint    ] Entering safepoint region: Cleanup
[2019-12-09T02:29:21.588+0000][1][safepoint    ] Leaving safepoint region
[2019-12-09T02:29:21.588+0000][1][safepoint    ] Total time for which application threads were stopped: 0.0000902 seconds, Stopping threads took: 0.0000182 seconds
[2019-12-09T02:29:22.589+0000][1][safepoint    ] Application time: 1.0000745 seconds
[2019-12-09T02:29:22.589+0000][1][safepoint    ] Entering safepoint region: Cleanup
[2019-12-09T02:29:22.589+0000][1][safepoint    ] Leaving safepoint region
[2019-12-09T02:29:22.589+0000][1][safepoint    ] Total time for which application threads were stopped: 0.0001057 seconds, Stopping threads took: 0.0000173 seconds
[2019-12-09T02:29:23.589+0000][1][safepoint    ] Application time: 1.0000755 seconds
[2019-12-09T02:29:23.589+0000][1][safepoint    ] Entering safepoint region: Cleanup
[2019-12-09T02:29:23.589+0000][1][safepoint    ] Leaving safepoint region
[2019-12-09T02:29:23.589+0000][1][safepoint    ] Total time for which application threads were stopped: 0.0000914 seconds, Stopping threads took: 0.0000167 seconds
[2019-12-09T02:29:25.589+0000][1][safepoint    ] Application time: 2.0001418 seconds
[2019-12-09T02:29:25.589+0000][1][safepoint    ] Entering safepoint region: Cleanup
[2019-12-09T02:29:25.589+0000][1][safepoint    ] Leaving safepoint region
[2019-12-09T02:29:25.589+0000][1][safepoint    ] Total time for which application threads were stopped: 0.0001006 seconds, Stopping threads took: 0.0000189 seconds
[2019-12-09T02:29:26.589+0000][1][safepoint    ] Application time: 1.0000768 seconds
[2019-12-09T02:29:26.589+0000][1][safepoint    ] Entering safepoint region: Cleanup
[2019-12-09T02:29:26.589+0000][1][safepoint    ] Leaving safepoint region
[2019-12-09T02:29:26.589+0000][1][safepoint    ] Total time for which application threads were stopped: 0.0000996 seconds, Stopping threads took: 0.0000185 seconds
[2019-12-09T02:29:33.590+0000][1][safepoint    ] Application time: 7.0004699 seconds
[2019-12-09T02:29:33.590+0000][1][safepoint    ] Entering safepoint region: Cleanup
[2019-12-09T02:29:33.590+0000][1][safepoint    ] Leaving safepoint region
[2019-12-09T02:29:33.590+0000][1][safepoint    ] Total time for which application threads were stopped: 0.0000960 seconds, Stopping threads took: 0.0000179 seconds
[2019-12-09T02:29:37.590+0000][1][safepoint    ] Application time: 4.0002768 seconds
[2019-12-09T02:29:37.590+0000][1][safepoint    ] Entering safepoint region: Cleanup
[2019-12-09T02:29:37.590+0000][1][safepoint    ] Leaving safepoint region
[2019-12-09T02:29:37.590+0000][1][safepoint    ] Total time for which application threads were stopped: 0.0001373 seconds, Stopping threads took: 0.0000354 seconds
[2019-12-09T02:29:38.591+0000][1][safepoint    ] Application time: 1.0000737 seconds
[2019-12-09T02:29:38.591+0000][1][safepoint    ] Entering safepoint region: Cleanup
[2019-12-09T02:29:38.591+0000][1][safepoint    ] Leaving safepoint region
[2019-12-09T02:29:38.591+0000][1][safepoint    ] Total time for which application threads were stopped: 0.0001064 seconds, Stopping threads took: 0.0000181 seconds
[2019-12-09T02:29:40.591+0000][1][safepoint    ] Application time: 2.0001417 seconds
[2019-12-09T02:29:40.591+0000][1][safepoint    ] Entering safepoint region: Cleanup
[2019-12-09T02:29:40.591+0000][1][safepoint    ] Leaving safepoint region
[2019-12-09T02:29:40.591+0000][1][safepoint    ] Total time for which application threads were stopped: 0.0000971 seconds, Stopping threads took: 0.0000182 seconds
[2019-12-09T02:29:41.591+0000][1][safepoint    ] Application time: 1.0000737 seconds
[2019-12-09T02:29:41.591+0000][1][safepoint    ] Entering safepoint region: Cleanup
[2019-12-09T02:29:41.591+0000][1][safepoint    ] Leaving safepoint region
[2019-12-09T02:29:41.591+0000][1][safepoint    ] Total time for which application threads were stopped: 0.0000912 seconds, Stopping threads took: 0.0000168 seconds
[2019-12-09T02:29:43.591+0000][1][safepoint    ] Application time: 2.0001443 seconds
[2019-12-09T02:29:43.591+0000][1][safepoint    ] Entering safepoint region: Cleanup
[2019-12-09T02:29:43.591+0000][1][safepoint    ] Leaving safepoint region
[2019-12-09T02:29:43.591+0000][1][safepoint    ] Total time for which application threads were stopped: 0.0000968 seconds, Stopping threads took: 0.0000193 seconds
[2019-12-09T02:29:44.592+0000][1][safepoint    ] Application time: 1.0000805 seconds
[2019-12-09T02:29:44.592+0000][1][safepoint    ] Entering safepoint region: Cleanup
[2019-12-09T02:29:44.592+0000][1][safepoint    ] Leaving safepoint region
[2019-12-09T02:29:44.592+0000][1][safepoint    ] Total time for which application threads were stopped: 0.0001080 seconds, Stopping threads took: 0.0000171 seconds
[2019-12-09T02:29:45.592+0000][1][safepoint    ] Application time: 1.0000759 seconds
[2019-12-09T02:29:45.592+0000][1][safepoint    ] Entering safepoint region: Cleanup
[2019-12-09T02:29:45.592+0000][1][safepoint    ] Leaving safepoint region
[2019-12-09T02:29:45.592+0000][1][safepoint    ] Total time for which application threads were stopped: 0.0000961 seconds, Stopping threads took: 0.0000193 seconds
[2019-12-09T02:29:47.592+0000][1][safepoint    ] Application time: 2.0001433 seconds
[2019-12-09T02:29:47.592+0000][1][safepoint    ] Entering safepoint region: Cleanup
[2019-12-09T02:29:47.592+0000][1][safepoint    ] Leaving safepoint region
[2019-12-09T02:29:47.592+0000][1][safepoint    ] Total time for which application threads were stopped: 0.0000938 seconds, Stopping threads took: 0.0000177 seconds
[2019-12-09T02:29:51.593+0000][1][safepoint    ] Application time: 4.0002815 seconds
[2019-12-09T02:29:51.593+0000][1][safepoint    ] Entering safepoint region: Cleanup
[2019-12-09T02:29:51.593+0000][1][safepoint    ] Leaving safepoint region
[2019-12-09T02:29:51.593+0000][1][safepoint    ] Total time for which application threads were stopped: 0.0000934 seconds, Stopping threads took: 0.0000175 seconds
[2019-12-09T02:29:52.593+0000][1][safepoint    ] Application time: 1.0000741 seconds
[2019-12-09T02:29:52.593+0000][1][safepoint    ] Entering safepoint region: Cleanup
[2019-12-09T02:29:52.593+0000][1][safepoint    ] Leaving safepoint region
[2019-12-09T02:29:52.593+0000][1][safepoint    ] Total time for which application threads were stopped: 0.0000937 seconds, Stopping threads took: 0.0000195 seconds
[2019-12-09T02:30:03.594+0000][1][safepoint    ] Application time: 11.0007537 seconds
[2019-12-09T02:30:03.594+0000][1][safepoint    ] Entering safepoint region: Cleanup
[2019-12-09T02:30:03.594+0000][1][safepoint    ] Leaving safepoint region
[2019-12-09T02:30:03.594+0000][1][safepoint    ] Total time for which application threads were stopped: 0.0001093 seconds, Stopping threads took: 0.0000176 seconds
[2019-12-09T02:30:05.594+0000][1][safepoint    ] Application time: 2.0001423 seconds
[2019-12-09T02:30:05.594+0000][1][safepoint    ] Entering safepoint region: Cleanup
[2019-12-09T02:30:05.594+0000][1][safepoint    ] Leaving safepoint region
[2019-12-09T02:30:05.594+0000][1][safepoint    ] Total time for which application threads were stopped: 0.0001046 seconds, Stopping threads took: 0.0000261 seconds
[2019-12-09T02:30:07.594+0000][1][safepoint    ] Application time: 2.0001436 seconds
[2019-12-09T02:30:07.594+0000][1][safepoint    ] Entering safepoint region: Cleanup
[2019-12-09T02:30:07.594+0000][1][safepoint    ] Leaving safepoint region
[2019-12-09T02:30:07.594+0000][1][safepoint    ] Total time for which application threads were stopped: 0.0000958 seconds, Stopping threads took: 0.0000184 seconds
[2019-12-09T02:30:08.594+0000][1][safepoint    ] Application time: 1.0000766 seconds
[2019-12-09T02:30:08.594+0000][1][safepoint    ] Entering safepoint region: Cleanup
[2019-12-09T02:30:08.595+0000][1][safepoint    ] Leaving safepoint region
[2019-12-09T02:30:08.595+0000][1][safepoint    ] Total time for which application threads were stopped: 0.0000989 seconds, Stopping threads took: 0.0000175 seconds
[2019-12-09T02:30:09.289+0000][1][safepoint    ] Application time: 0.6941884 seconds
[2019-12-09T02:30:09.289+0000][1][safepoint    ] Entering safepoint region: GenCollectForAllocation
[2019-12-09T02:30:09.289+0000][1][gc,start     ] GC(26) Pause Young (Allocation Failure)
[2019-12-09T02:30:09.289+0000][1][gc,task      ] GC(26) Using 2 workers of 2 for evacuation
[2019-12-09T02:30:09.296+0000][1][gc,age       ] GC(26) Desired survivor size 4456448 bytes, new threshold 6 (max threshold 6)
[2019-12-09T02:30:09.296+0000][1][gc,age       ] GC(26) Age table with threshold 6 (max threshold 6)
[2019-12-09T02:30:09.296+0000][1][gc,age       ] GC(26) - age   1:      83384 bytes,      83384 total
[2019-12-09T02:30:09.296+0000][1][gc,age       ] GC(26) - age   2:      55344 bytes,     138728 total
[2019-12-09T02:30:09.296+0000][1][gc,age       ] GC(26) - age   3:     395648 bytes,     534376 total
[2019-12-09T02:30:09.296+0000][1][gc,age       ] GC(26) - age   4:    1995304 bytes,    2529680 total
[2019-12-09T02:30:09.296+0000][1][gc,heap      ] GC(26) ParNew: 73473K->3665K(78656K)
[2019-12-09T02:30:09.296+0000][1][gc,heap      ] GC(26) CMS: 68406K->68406K(174784K)
[2019-12-09T02:30:09.296+0000][1][gc,metaspace ] GC(26) Metaspace: 70896K->70896K(1114112K)
[2019-12-09T02:30:09.296+0000][1][gc           ] GC(26) Pause Young (Allocation Failure) 138M->70M(247M) 6.815ms
[2019-12-09T02:30:09.296+0000][1][gc,cpu       ] GC(26) User=0.02s Sys=0.00s Real=0.01s
[2019-12-09T02:30:09.296+0000][1][safepoint    ] Leaving safepoint region
[2019-12-09T02:30:09.296+0000][1][safepoint    ] Total time for which application threads were stopped: 0.0069912 seconds, Stopping threads took: 0.0000260 seconds
[2019-12-09T02:30:10.296+0000][1][safepoint    ] Application time: 1.0000866 seconds
[2019-12-09T02:30:10.296+0000][1][safepoint    ] Entering safepoint region: Cleanup
[2019-12-09T02:30:10.296+0000][1][safepoint    ] Leaving safepoint region
[2019-12-09T02:30:10.296+0000][1][safepoint    ] Total time for which application threads were stopped: 0.0001100 seconds, Stopping threads took: 0.0000183 seconds
[2019-12-09T02:30:12.296+0000][1][safepoint    ] Application time: 2.0001489 seconds
[2019-12-09T02:30:12.296+0000][1][safepoint    ] Entering safepoint region: Cleanup
[2019-12-09T02:30:12.296+0000][1][safepoint    ] Leaving safepoint region
[2019-12-09T02:30:12.296+0000][1][safepoint    ] Total time for which application threads were stopped: 0.0000928 seconds, Stopping threads took: 0.0000177 seconds
[2019-12-09T02:30:14.296+0000][1][safepoint    ] Application time: 2.0001452 seconds
[2019-12-09T02:30:14.296+0000][1][safepoint    ] Entering safepoint region: Cleanup
[2019-12-09T02:30:14.297+0000][1][safepoint    ] Leaving safepoint region
[2019-12-09T02:30:14.297+0000][1][safepoint    ] Total time for which application threads were stopped: 0.0000938 seconds, Stopping threads took: 0.0000176 seconds
[2019-12-09T02:30:20.298+0000][1][safepoint    ] Application time: 6.0009508 seconds
[2019-12-09T02:30:20.298+0000][1][safepoint    ] Entering safepoint region: Cleanup
[2019-12-09T02:30:20.298+0000][1][safepoint    ] Leaving safepoint region
[2019-12-09T02:30:20.298+0000][1][safepoint    ] Total time for which application threads were stopped: 0.0000981 seconds, Stopping threads took: 0.0000202 seconds
[2019-12-09T02:30:22.973+0000][1][safepoint    ] Application time: 2.6750606 seconds
[2019-12-09T02:30:22.973+0000][1][safepoint    ] Entering safepoint region: RevokeBias
[2019-12-09T02:30:22.973+0000][1][safepoint    ] Leaving safepoint region
[2019-12-09T02:30:22.973+0000][1][safepoint    ] Total time for which application threads were stopped: 0.0001266 seconds, Stopping threads took: 0.0000378 seconds
[2019-12-09T02:30:23.973+0000][1][safepoint    ] Application time: 1.0000886 seconds
[2019-12-09T02:30:23.973+0000][1][safepoint    ] Entering safepoint region: Cleanup
[2019-12-09T02:30:23.973+0000][1][safepoint    ] Leaving safepoint region
[2019-12-09T02:30:23.973+0000][1][safepoint    ] Total time for which application threads were stopped: 0.0000946 seconds, Stopping threads took: 0.0000176 seconds
[2019-12-09T02:30:24.973+0000][1][safepoint    ] Application time: 1.0000752 seconds
[2019-12-09T02:30:24.973+0000][1][safepoint    ] Entering safepoint region: Cleanup
[2019-12-09T02:30:24.973+0000][1][safepoint    ] Leaving safepoint region
[2019-12-09T02:30:24.973+0000][1][safepoint    ] Total time for which application threads were stopped: 0.0000884 seconds, Stopping threads took: 0.0000188 seconds
[2019-12-09T02:30:25.973+0000][1][safepoint    ] Application time: 1.0000765 seconds
[2019-12-09T02:30:25.973+0000][1][safepoint    ] Entering safepoint region: Cleanup
[2019-12-09T02:30:25.973+0000][1][safepoint    ] Leaving safepoint region
[2019-12-09T02:30:25.974+0000][1][safepoint    ] Total time for which application threads were stopped: 0.0000896 seconds, Stopping threads took: 0.0000167 seconds
[2019-12-09T02:30:26.974+0000][1][safepoint    ] Application time: 1.0000757 seconds
[2019-12-09T02:30:26.974+0000][1][safepoint    ] Entering safepoint region: Cleanup
[2019-12-09T02:30:26.974+0000][1][safepoint    ] Leaving safepoint region
[2019-12-09T02:30:26.974+0000][1][safepoint    ] Total time for which application threads were stopped: 0.0001031 seconds, Stopping threads took: 0.0000184 seconds
[2019-12-09T02:30:27.974+0000][1][safepoint    ] Application time: 1.0000793 seconds
[2019-12-09T02:30:27.974+0000][1][safepoint    ] Entering safepoint region: Cleanup
[2019-12-09T02:30:27.974+0000][1][safepoint    ] Leaving safepoint region
[2019-12-09T02:30:27.974+0000][1][safepoint    ] Total time for which application threads were stopped: 0.0000890 seconds, Stopping threads took: 0.0000186 seconds
[2019-12-09T02:30:28.974+0000][1][safepoint    ] Application time: 1.0000777 seconds
[2019-12-09T02:30:28.974+0000][1][safepoint    ] Entering safepoint region: Cleanup
[2019-12-09T02:30:28.974+0000][1][safepoint    ] Leaving safepoint region
[2019-12-09T02:30:28.974+0000][1][safepoint    ] Total time for which application threads were stopped: 0.0000899 seconds, Stopping threads took: 0.0000184 seconds
[2019-12-09T02:30:29.974+0000][1][safepoint    ] Application time: 1.0000775 seconds
[2019-12-09T02:30:29.974+0000][1][safepoint    ] Entering safepoint region: Cleanup
[2019-12-09T02:30:29.974+0000][1][safepoint    ] Leaving safepoint region
[2019-12-09T02:30:29.974+0000][1][safepoint    ] Total time for which application threads were stopped: 0.0000915 seconds, Stopping threads took: 0.0000197 seconds
[2019-12-09T02:30:30.974+0000][1][safepoint    ] Application time: 1.0000772 seconds
[2019-12-09T02:30:30.974+0000][1][safepoint    ] Entering safepoint region: Cleanup
[2019-12-09T02:30:30.975+0000][1][safepoint    ] Leaving safepoint region
[2019-12-09T02:30:30.975+0000][1][safepoint    ] Total time for which application threads were stopped: 0.0000901 seconds, Stopping threads took: 0.0000179 seconds
[2019-12-09T02:30:31.975+0000][1][safepoint    ] Application time: 1.0000752 seconds
[2019-12-09T02:30:31.975+0000][1][safepoint    ] Entering safepoint region: Cleanup
[2019-12-09T02:30:31.975+0000][1][safepoint    ] Leaving safepoint region
[2019-12-09T02:30:31.975+0000][1][safepoint    ] Total time for which application threads were stopped: 0.0000988 seconds, Stopping threads took: 0.0000288 seconds
[2019-12-09T02:30:32.975+0000][1][safepoint    ] Application time: 1.0000775 seconds
[2019-12-09T02:30:32.975+0000][1][safepoint    ] Entering safepoint region: Cleanup
[2019-12-09T02:30:32.975+0000][1][safepoint    ] Leaving safepoint region
[2019-12-09T02:30:32.975+0000][1][safepoint    ] Total time for which application threads were stopped: 0.0000934 seconds, Stopping threads took: 0.0000196 seconds
[2019-12-09T02:30:33.975+0000][1][safepoint    ] Application time: 1.0000802 seconds
[2019-12-09T02:30:33.975+0000][1][safepoint    ] Entering safepoint region: Cleanup
[2019-12-09T02:30:33.975+0000][1][safepoint    ] Leaving safepoint region
[2019-12-09T02:30:33.975+0000][1][safepoint    ] Total time for which application threads were stopped: 0.0000943 seconds, Stopping threads took: 0.0000178 seconds
[2019-12-09T02:30:34.975+0000][1][safepoint    ] Application time: 1.0000774 seconds
[2019-12-09T02:30:34.975+0000][1][safepoint    ] Entering safepoint region: Cleanup
[2019-12-09T02:30:34.975+0000][1][safepoint    ] Leaving safepoint region
[2019-12-09T02:30:34.975+0000][1][safepoint    ] Total time for which application threads were stopped: 0.0001007 seconds, Stopping threads took: 0.0000265 seconds
[2019-12-09T02:30:35.975+0000][1][safepoint    ] Application time: 1.0000375 seconds
[2019-12-09T02:30:35.976+0000][1][safepoint    ] Entering safepoint region: Cleanup
[2019-12-09T02:30:35.976+0000][1][safepoint    ] Leaving safepoint region
[2019-12-09T02:30:35.976+0000][1][safepoint    ] Total time for which application threads were stopped: 0.0000929 seconds, Stopping threads took: 0.0000198 seconds
[2019-12-09T02:30:36.976+0000][1][safepoint    ] Application time: 1.0000770 seconds
[2019-12-09T02:30:36.976+0000][1][safepoint    ] Entering safepoint region: Cleanup
[2019-12-09T02:30:36.976+0000][1][safepoint    ] Leaving safepoint region
[2019-12-09T02:30:36.976+0000][1][safepoint    ] Total time for which application threads were stopped: 0.0000908 seconds, Stopping threads took: 0.0000183 seconds
[2019-12-09T02:30:37.976+0000][1][safepoint    ] Application time: 1.0000755 seconds
[2019-12-09T02:30:37.976+0000][1][safepoint    ] Entering safepoint region: Cleanup
[2019-12-09T02:30:37.976+0000][1][safepoint    ] Leaving safepoint region
[2019-12-09T02:30:37.976+0000][1][safepoint    ] Total time for which application threads were stopped: 0.0000865 seconds, Stopping threads took: 0.0000168 seconds
[2019-12-09T02:30:38.976+0000][1][safepoint    ] Application time: 1.0000763 seconds
[2019-12-09T02:30:38.976+0000][1][safepoint    ] Entering safepoint region: Cleanup
[2019-12-09T02:30:38.976+0000][1][safepoint    ] Leaving safepoint region
[2019-12-09T02:30:38.976+0000][1][safepoint    ] Total time for which application threads were stopped: 0.0000887 seconds, Stopping threads took: 0.0000174 seconds
[2019-12-09T02:30:39.976+0000][1][safepoint    ] Application time: 1.0000741 seconds
[2019-12-09T02:30:39.976+0000][1][safepoint    ] Entering safepoint region: Cleanup
[2019-12-09T02:30:39.976+0000][1][safepoint    ] Leaving safepoint region
[2019-12-09T02:30:39.976+0000][1][safepoint    ] Total time for which application threads were stopped: 0.0000869 seconds, Stopping threads took: 0.0000177 seconds
[2019-12-09T02:30:40.976+0000][1][safepoint    ] Application time: 1.0000780 seconds
[2019-12-09T02:30:40.977+0000][1][safepoint    ] Entering safepoint region: Cleanup
[2019-12-09T02:30:40.977+0000][1][safepoint    ] Leaving safepoint region
[2019-12-09T02:30:40.977+0000][1][safepoint    ] Total time for which application threads were stopped: 0.0000950 seconds, Stopping threads took: 0.0000180 seconds
[2019-12-09T02:30:41.977+0000][1][safepoint    ] Application time: 1.0000792 seconds
[2019-12-09T02:30:41.977+0000][1][safepoint    ] Entering safepoint region: Cleanup
[2019-12-09T02:30:41.977+0000][1][safepoint    ] Leaving safepoint region
[2019-12-09T02:30:41.977+0000][1][safepoint    ] Total time for which application threads were stopped: 0.0000906 seconds, Stopping threads took: 0.0000184 seconds
[2019-12-09T02:30:42.977+0000][1][safepoint    ] Application time: 1.0000777 seconds
[2019-12-09T02:30:42.977+0000][1][safepoint    ] Entering safepoint region: Cleanup
[2019-12-09T02:30:42.977+0000][1][safepoint    ] Leaving safepoint region
[2019-12-09T02:30:42.977+0000][1][safepoint    ] Total time for which application threads were stopped: 0.0000877 seconds, Stopping threads took: 0.0000173 seconds
[2019-12-09T02:30:43.977+0000][1][safepoint    ] Application time: 1.0000776 seconds
[2019-12-09T02:30:43.977+0000][1][safepoint    ] Entering safepoint region: Cleanup
[2019-12-09T02:30:43.977+0000][1][safepoint    ] Leaving safepoint region
[2019-12-09T02:30:43.977+0000][1][safepoint    ] Total time for which application threads were stopped: 0.0000949 seconds, Stopping threads took: 0.0000181 seconds
[2019-12-09T02:30:44.977+0000][1][safepoint    ] Application time: 1.0000768 seconds
[2019-12-09T02:30:44.977+0000][1][safepoint    ] Entering safepoint region: Cleanup
[2019-12-09T02:30:44.977+0000][1][safepoint    ] Leaving safepoint region
[2019-12-09T02:30:44.977+0000][1][safepoint    ] Total time for which application threads were stopped: 0.0000927 seconds, Stopping threads took: 0.0000207 seconds
[2019-12-09T02:30:45.978+0000][1][safepoint    ] Application time: 1.0000778 seconds
[2019-12-09T02:30:45.978+0000][1][safepoint    ] Entering safepoint region: Cleanup
[2019-12-09T02:30:45.978+0000][1][safepoint    ] Leaving safepoint region
[2019-12-09T02:30:45.978+0000][1][safepoint    ] Total time for which application threads were stopped: 0.0000990 seconds, Stopping threads took: 0.0000172 seconds
[2019-12-09T02:30:46.978+0000][1][safepoint    ] Application time: 1.0000782 seconds
[2019-12-09T02:30:46.978+0000][1][safepoint    ] Entering safepoint region: Cleanup
[2019-12-09T02:30:46.978+0000][1][safepoint    ] Leaving safepoint region
[2019-12-09T02:30:46.978+0000][1][safepoint    ] Total time for which application threads were stopped: 0.0000896 seconds, Stopping threads took: 0.0000176 seconds
[2019-12-09T02:30:47.978+0000][1][safepoint    ] Application time: 1.0000775 seconds
[2019-12-09T02:30:47.978+0000][1][safepoint    ] Entering safepoint region: Cleanup
[2019-12-09T02:30:47.978+0000][1][safepoint    ] Leaving safepoint region
[2019-12-09T02:30:47.978+0000][1][safepoint    ] Total time for which application threads were stopped: 0.0000884 seconds, Stopping threads took: 0.0000182 seconds
[2019-12-09T02:30:48.978+0000][1][safepoint    ] Application time: 1.0000765 seconds
[2019-12-09T02:30:48.978+0000][1][safepoint    ] Entering safepoint region: Cleanup
[2019-12-09T02:30:48.978+0000][1][safepoint    ] Leaving safepoint region
[2019-12-09T02:30:48.978+0000][1][safepoint    ] Total time for which application threads were stopped: 0.0000869 seconds, Stopping threads took: 0.0000164 seconds
[2019-12-09T02:30:49.978+0000][1][safepoint    ] Application time: 1.0000786 seconds
[2019-12-09T02:30:49.978+0000][1][safepoint    ] Entering safepoint region: Cleanup
[2019-12-09T02:30:49.979+0000][1][safepoint    ] Leaving safepoint region
[2019-12-09T02:30:49.979+0000][1][safepoint    ] Total time for which application threads were stopped: 0.0000859 seconds, Stopping threads took: 0.0000169 seconds
[2019-12-09T02:30:50.979+0000][1][safepoint    ] Application time: 1.0000936 seconds
[2019-12-09T02:30:50.979+0000][1][safepoint    ] Entering safepoint region: Cleanup
[2019-12-09T02:30:50.979+0000][1][safepoint    ] Leaving safepoint region
[2019-12-09T02:30:50.979+0000][1][safepoint    ] Total time for which application threads were stopped: 0.0001612 seconds, Stopping threads took: 0.0000442 seconds
[2019-12-09T02:30:51.980+0000][1][safepoint    ] Application time: 1.0015549 seconds
[2019-12-09T02:30:51.980+0000][1][safepoint    ] Entering safepoint region: Cleanup
[2019-12-09T02:30:51.981+0000][1][safepoint    ] Leaving safepoint region
[2019-12-09T02:30:51.981+0000][1][safepoint    ] Total time for which application threads were stopped: 0.0001305 seconds, Stopping threads took: 0.0000289 seconds
[2019-12-09T02:30:52.981+0000][1][safepoint    ] Application time: 1.0000847 seconds
[2019-12-09T02:30:52.981+0000][1][safepoint    ] Entering safepoint region: Cleanup
[2019-12-09T02:30:52.981+0000][1][safepoint    ] Leaving safepoint region
[2019-12-09T02:30:52.981+0000][1][safepoint    ] Total time for which application threads were stopped: 0.0001378 seconds, Stopping threads took: 0.0000226 seconds
[2019-12-09T02:30:53.981+0000][1][safepoint    ] Application time: 1.0000816 seconds
[2019-12-09T02:30:53.981+0000][1][safepoint    ] Entering safepoint region: Cleanup
[2019-12-09T02:30:53.981+0000][1][safepoint    ] Leaving safepoint region
[2019-12-09T02:30:53.981+0000][1][safepoint    ] Total time for which application threads were stopped: 0.0000855 seconds, Stopping threads took: 0.0000163 seconds
[2019-12-09T02:30:54.981+0000][1][safepoint    ] Application time: 1.0000828 seconds
[2019-12-09T02:30:54.981+0000][1][safepoint    ] Entering safepoint region: Cleanup
[2019-12-09T02:30:54.981+0000][1][safepoint    ] Leaving safepoint region
[2019-12-09T02:30:54.981+0000][1][safepoint    ] Total time for which application threads were stopped: 0.0000877 seconds, Stopping threads took: 0.0000179 seconds
[2019-12-09T02:30:55.981+0000][1][safepoint    ] Application time: 1.0000793 seconds
[2019-12-09T02:30:55.981+0000][1][safepoint    ] Entering safepoint region: Cleanup
[2019-12-09T02:30:55.981+0000][1][safepoint    ] Leaving safepoint region
[2019-12-09T02:30:55.981+0000][1][safepoint    ] Total time for which application threads were stopped: 0.0000875 seconds, Stopping threads took: 0.0000172 seconds
[2019-12-09T02:30:56.982+0000][1][safepoint    ] Application time: 1.0000841 seconds
[2019-12-09T02:30:56.982+0000][1][safepoint    ] Entering safepoint region: Cleanup
[2019-12-09T02:30:56.982+0000][1][safepoint    ] Leaving safepoint region
[2019-12-09T02:30:56.982+0000][1][safepoint    ] Total time for which application threads were stopped: 0.0001627 seconds, Stopping threads took: 0.0000509 seconds
[2019-12-09T02:30:57.982+0000][1][safepoint    ] Application time: 1.0000860 seconds
[2019-12-09T02:30:57.982+0000][1][safepoint    ] Entering safepoint region: Cleanup
[2019-12-09T02:30:57.982+0000][1][safepoint    ] Leaving safepoint region
[2019-12-09T02:30:57.982+0000][1][safepoint    ] Total time for which application threads were stopped: 0.0001087 seconds, Stopping threads took: 0.0000340 seconds
[2019-12-09T02:30:58.982+0000][1][safepoint    ] Application time: 1.0000844 seconds
[2019-12-09T02:30:58.982+0000][1][safepoint    ] Entering safepoint region: Cleanup
[2019-12-09T02:30:58.982+0000][1][safepoint    ] Leaving safepoint region
[2019-12-09T02:30:58.982+0000][1][safepoint    ] Total time for which application threads were stopped: 0.0000926 seconds, Stopping threads took: 0.0000185 seconds
[2019-12-09T02:30:59.982+0000][1][safepoint    ] Application time: 1.0000773 seconds
[2019-12-09T02:30:59.982+0000][1][safepoint    ] Entering safepoint region: Cleanup
[2019-12-09T02:30:59.982+0000][1][safepoint    ] Leaving safepoint region
[2019-12-09T02:30:59.982+0000][1][safepoint    ] Total time for which application threads were stopped: 0.0000923 seconds, Stopping threads took: 0.0000182 seconds
[2019-12-09T02:31:00.983+0000][1][safepoint    ] Application time: 1.0001455 seconds
[2019-12-09T02:31:00.983+0000][1][safepoint    ] Entering safepoint region: Cleanup
[2019-12-09T02:31:00.983+0000][1][safepoint    ] Leaving safepoint region
[2019-12-09T02:31:00.983+0000][1][safepoint    ] Total time for which application threads were stopped: 0.0001288 seconds, Stopping threads took: 0.0000248 seconds
[2019-12-09T02:31:01.272+0000][1][safepoint    ] Application time: 0.2889357 seconds
[2019-12-09T02:31:01.272+0000][1][safepoint    ] Entering safepoint region: RevokeBias
[2019-12-09T02:31:01.272+0000][1][safepoint    ] Leaving safepoint region
[2019-12-09T02:31:01.272+0000][1][safepoint    ] Total time for which application threads were stopped: 0.0001430 seconds, Stopping threads took: 0.0000236 seconds
[2019-12-09T02:31:01.272+0000][1][safepoint    ] Application time: 0.0000935 seconds
[2019-12-09T02:31:01.272+0000][1][safepoint    ] Entering safepoint region: RevokeBias
[2019-12-09T02:31:01.272+0000][1][safepoint    ] Leaving safepoint region
[2019-12-09T02:31:01.272+0000][1][safepoint    ] Total time for which application threads were stopped: 0.0000511 seconds, Stopping threads took: 0.0000085 seconds
[2019-12-09T02:31:01.273+0000][1][safepoint    ] Application time: 0.0007908 seconds
[2019-12-09T02:31:01.273+0000][1][safepoint    ] Entering safepoint region: RevokeBias
[2019-12-09T02:31:01.273+0000][1][safepoint    ] Leaving safepoint region
[2019-12-09T02:31:01.273+0000][1][safepoint    ] Total time for which application threads were stopped: 0.0005685 seconds, Stopping threads took: 0.0004930 seconds
[2019-12-09T02:31:01.274+0000][1][safepoint    ] Application time: 0.0007927 seconds
[2019-12-09T02:31:01.274+0000][1][safepoint    ] Entering safepoint region: RevokeBias
[2019-12-09T02:31:01.274+0000][1][safepoint    ] Leaving safepoint region
[2019-12-09T02:31:01.274+0000][1][safepoint    ] Total time for which application threads were stopped: 0.0000848 seconds, Stopping threads took: 0.0000174 seconds
[2019-12-09T02:31:01.274+0000][1][safepoint    ] Application time: 0.0000986 seconds
[2019-12-09T02:31:01.274+0000][1][safepoint    ] Entering safepoint region: RevokeBias
[2019-12-09T02:31:01.275+0000][1][safepoint    ] Leaving safepoint region
[2019-12-09T02:31:01.275+0000][1][safepoint    ] Total time for which application threads were stopped: 0.0000567 seconds, Stopping threads took: 0.0000100 seconds
[2019-12-09T02:31:01.275+0000][1][safepoint    ] Application time: 0.0003381 seconds
[2019-12-09T02:31:01.275+0000][1][safepoint    ] Entering safepoint region: RevokeBias
[2019-12-09T02:31:01.275+0000][1][safepoint    ] Leaving safepoint region
[2019-12-09T02:31:01.275+0000][1][safepoint    ] Total time for which application threads were stopped: 0.0000670 seconds, Stopping threads took: 0.0000118 seconds
[2019-12-09T02:31:01.275+0000][1][safepoint    ] Application time: 0.0002083 seconds
[2019-12-09T02:31:01.275+0000][1][safepoint    ] Entering safepoint region: RevokeBias
[2019-12-09T02:31:01.275+0000][1][safepoint    ] Leaving safepoint region
[2019-12-09T02:31:01.275+0000][1][safepoint    ] Total time for which application threads were stopped: 0.0000782 seconds, Stopping threads took: 0.0000101 seconds
[2019-12-09T02:31:01.276+0000][1][safepoint    ] Application time: 0.0011995 seconds
[2019-12-09T02:31:01.276+0000][1][safepoint    ] Entering safepoint region: RevokeBias
[2019-12-09T02:31:01.277+0000][1][safepoint    ] Leaving safepoint region
[2019-12-09T02:31:01.277+0000][1][safepoint    ] Total time for which application threads were stopped: 0.0000730 seconds, Stopping threads took: 0.0000125 seconds
[2019-12-09T02:31:01.282+0000][1][safepoint    ] Application time: 0.0056369 seconds
[2019-12-09T02:31:01.285+0000][1][safepoint    ] Entering safepoint region: RevokeBias
[2019-12-09T02:31:01.285+0000][1][safepoint    ] Leaving safepoint region
[2019-12-09T02:31:01.285+0000][1][safepoint    ] Total time for which application threads were stopped: 0.0029503 seconds, Stopping threads took: 0.0028861 seconds
[2019-12-09T02:31:01.285+0000][1][safepoint    ] Application time: 0.0003085 seconds
[2019-12-09T02:31:01.286+0000][1][safepoint    ] Entering safepoint region: RevokeBias
[2019-12-09T02:31:01.286+0000][1][safepoint    ] Leaving safepoint region
[2019-12-09T02:31:01.286+0000][1][safepoint    ] Total time for which application threads were stopped: 0.0000594 seconds, Stopping threads took: 0.0000114 seconds
[2019-12-09T02:31:01.287+0000][1][safepoint    ] Application time: 0.0014587 seconds
[2019-12-09T02:31:01.287+0000][1][safepoint    ] Entering safepoint region: RevokeBias
[2019-12-09T02:31:01.287+0000][1][safepoint    ] Leaving safepoint region
[2019-12-09T02:31:01.287+0000][1][safepoint    ] Total time for which application threads were stopped: 0.0000646 seconds, Stopping threads took: 0.0000123 seconds
[2019-12-09T02:31:01.289+0000][1][safepoint    ] Application time: 0.0016925 seconds
[2019-12-09T02:31:01.289+0000][1][safepoint    ] Entering safepoint region: RevokeBias
[2019-12-09T02:31:01.289+0000][1][safepoint    ] Leaving safepoint region
[2019-12-09T02:31:01.289+0000][1][safepoint    ] Total time for which application threads were stopped: 0.0000594 seconds, Stopping threads took: 0.0000121 seconds
[2019-12-09T02:31:01.289+0000][1][safepoint    ] Application time: 0.0000591 seconds
[2019-12-09T02:31:01.289+0000][1][safepoint    ] Entering safepoint region: RevokeBias
[2019-12-09T02:31:01.289+0000][1][safepoint    ] Leaving safepoint region
[2019-12-09T02:31:01.289+0000][1][safepoint    ] Total time for which application threads were stopped: 0.0000457 seconds, Stopping threads took: 0.0000090 seconds
[2019-12-09T02:31:01.289+0000][1][safepoint    ] Application time: 0.0001139 seconds
[2019-12-09T02:31:01.289+0000][1][safepoint    ] Entering safepoint region: RevokeBias
[2019-12-09T02:31:01.289+0000][1][safepoint    ] Leaving safepoint region
[2019-12-09T02:31:01.289+0000][1][safepoint    ] Total time for which application threads were stopped: 0.0000612 seconds, Stopping threads took: 0.0000135 seconds
[2019-12-09T02:31:01.289+0000][1][safepoint    ] Application time: 0.0000575 seconds
[2019-12-09T02:31:01.289+0000][1][safepoint    ] Entering safepoint region: RevokeBias
[2019-12-09T02:31:01.289+0000][1][safepoint    ] Leaving safepoint region
[2019-12-09T02:31:01.289+0000][1][safepoint    ] Total time for which application threads were stopped: 0.0000470 seconds, Stopping threads took: 0.0000084 seconds
[2019-12-09T02:31:01.290+0000][1][safepoint    ] Application time: 0.0002582 seconds
[2019-12-09T02:31:01.290+0000][1][safepoint    ] Entering safepoint region: RevokeBias
[2019-12-09T02:31:01.290+0000][1][safepoint    ] Leaving safepoint region
[2019-12-09T02:31:01.290+0000][1][safepoint    ] Total time for which application threads were stopped: 0.0000590 seconds, Stopping threads took: 0.0000105 seconds
[2019-12-09T02:31:01.290+0000][1][safepoint    ] Application time: 0.0001003 seconds
[2019-12-09T02:31:01.290+0000][1][safepoint    ] Entering safepoint region: RevokeBias
[2019-12-09T02:31:01.290+0000][1][safepoint    ] Leaving safepoint region
[2019-12-09T02:31:01.290+0000][1][safepoint    ] Total time for which application threads were stopped: 0.0000502 seconds, Stopping threads took: 0.0000092 seconds
[2019-12-09T02:31:01.290+0000][1][safepoint    ] Application time: 0.0003869 seconds
[2019-12-09T02:31:01.290+0000][1][safepoint    ] Entering safepoint region: RevokeBias
[2019-12-09T02:31:01.290+0000][1][safepoint    ] Leaving safepoint region
[2019-12-09T02:31:01.290+0000][1][safepoint    ] Total time for which application threads were stopped: 0.0000757 seconds, Stopping threads took: 0.0000125 seconds
[2019-12-09T02:31:01.291+0000][1][safepoint    ] Application time: 0.0011206 seconds
[2019-12-09T02:31:01.291+0000][1][safepoint    ] Entering safepoint region: RevokeBias
[2019-12-09T02:31:01.292+0000][1][safepoint    ] Leaving safepoint region
[2019-12-09T02:31:01.292+0000][1][safepoint    ] Total time for which application threads were stopped: 0.0000816 seconds, Stopping threads took: 0.0000146 seconds
[2019-12-09T02:31:01.294+0000][1][safepoint    ] Application time: 0.0024106 seconds
[2019-12-09T02:31:01.294+0000][1][safepoint    ] Entering safepoint region: RevokeBias
[2019-12-09T02:31:01.294+0000][1][safepoint    ] Leaving safepoint region
[2019-12-09T02:31:01.294+0000][1][safepoint    ] Total time for which application threads were stopped: 0.0000625 seconds, Stopping threads took: 0.0000127 seconds
[2019-12-09T02:31:01.294+0000][1][safepoint    ] Application time: 0.0000556 seconds
[2019-12-09T02:31:01.294+0000][1][safepoint    ] Entering safepoint region: RevokeBias
[2019-12-09T02:31:01.294+0000][1][safepoint    ] Leaving safepoint region
[2019-12-09T02:31:01.294+0000][1][safepoint    ] Total time for which application threads were stopped: 0.0000470 seconds, Stopping threads took: 0.0000083 seconds
[2019-12-09T02:31:01.294+0000][1][safepoint    ] Application time: 0.0000478 seconds
[2019-12-09T02:31:01.294+0000][1][safepoint    ] Entering safepoint region: RevokeBias
[2019-12-09T02:31:01.294+0000][1][safepoint    ] Leaving safepoint region
[2019-12-09T02:31:01.294+0000][1][safepoint    ] Total time for which application threads were stopped: 0.0000475 seconds, Stopping threads took: 0.0000082 seconds
[2019-12-09T02:31:01.300+0000][1][safepoint    ] Application time: 0.0053578 seconds
[2019-12-09T02:31:01.300+0000][1][safepoint    ] Entering safepoint region: RevokeBias
[2019-12-09T02:31:01.300+0000][1][safepoint    ] Leaving safepoint region
[2019-12-09T02:31:01.300+0000][1][safepoint    ] Total time for which application threads were stopped: 0.0000837 seconds, Stopping threads took: 0.0000119 seconds
[2019-12-09T02:31:01.301+0000][1][safepoint    ] Application time: 0.0015263 seconds
[2019-12-09T02:31:01.301+0000][1][safepoint    ] Entering safepoint region: RevokeBias
[2019-12-09T02:31:01.301+0000][1][safepoint    ] Leaving safepoint region
[2019-12-09T02:31:01.301+0000][1][safepoint    ] Total time for which application threads were stopped: 0.0000640 seconds, Stopping threads took: 0.0000122 seconds
[2019-12-09T02:31:01.301+0000][1][safepoint    ] Application time: 0.0000667 seconds
[2019-12-09T02:31:01.301+0000][1][safepoint    ] Entering safepoint region: RevokeBias
[2019-12-09T02:31:01.302+0000][1][safepoint    ] Leaving safepoint region
[2019-12-09T02:31:01.302+0000][1][safepoint    ] Total time for which application threads were stopped: 0.0000492 seconds, Stopping threads took: 0.0000084 seconds
[2019-12-09T02:31:01.302+0000][1][safepoint    ] Application time: 0.0001319 seconds
[2019-12-09T02:31:01.302+0000][1][safepoint    ] Entering safepoint region: RevokeBias
[2019-12-09T02:31:01.302+0000][1][safepoint    ] Leaving safepoint region
[2019-12-09T02:31:01.302+0000][1][safepoint    ] Total time for which application threads were stopped: 0.0000679 seconds, Stopping threads took: 0.0000088 seconds
[2019-12-09T02:31:01.302+0000][1][safepoint    ] Application time: 0.0000516 seconds
[2019-12-09T02:31:01.302+0000][1][safepoint    ] Entering safepoint region: RevokeBias
[2019-12-09T02:31:01.302+0000][1][safepoint    ] Leaving safepoint region
[2019-12-09T02:31:01.302+0000][1][safepoint    ] Total time for which application threads were stopped: 0.0000469 seconds, Stopping threads took: 0.0000083 seconds
[2019-12-09T02:31:01.307+0000][1][safepoint    ] Application time: 0.0051979 seconds
[2019-12-09T02:31:01.307+0000][1][safepoint    ] Entering safepoint region: RevokeBias
[2019-12-09T02:31:01.307+0000][1][safepoint    ] Leaving safepoint region
[2019-12-09T02:31:01.307+0000][1][safepoint    ] Total time for which application threads were stopped: 0.0000678 seconds, Stopping threads took: 0.0000134 seconds
[2019-12-09T02:31:01.307+0000][1][safepoint    ] Application time: 0.0000679 seconds
[2019-12-09T02:31:01.307+0000][1][safepoint    ] Entering safepoint region: RevokeBias
[2019-12-09T02:31:01.307+0000][1][safepoint    ] Leaving safepoint region
[2019-12-09T02:31:01.307+0000][1][safepoint    ] Total time for which application threads were stopped: 0.0000515 seconds, Stopping threads took: 0.0000092 seconds
[2019-12-09T02:31:01.308+0000][1][safepoint    ] Application time: 0.0005249 seconds
[2019-12-09T02:31:01.308+0000][1][safepoint    ] Entering safepoint region: RevokeBias
[2019-12-09T02:31:01.308+0000][1][safepoint    ] Leaving safepoint region
[2019-12-09T02:31:01.308+0000][1][safepoint    ] Total time for which application threads were stopped: 0.0000563 seconds, Stopping threads took: 0.0000109 seconds
[2019-12-09T02:31:01.308+0000][1][safepoint    ] Application time: 0.0000703 seconds
[2019-12-09T02:31:01.308+0000][1][safepoint    ] Entering safepoint region: RevokeBias
[2019-12-09T02:31:01.308+0000][1][safepoint    ] Leaving safepoint region
[2019-12-09T02:31:01.308+0000][1][safepoint    ] Total time for which application threads were stopped: 0.0000461 seconds, Stopping threads took: 0.0000076 seconds
[2019-12-09T02:31:01.308+0000][1][safepoint    ] Application time: 0.0000716 seconds
[2019-12-09T02:31:01.308+0000][1][safepoint    ] Entering safepoint region: RevokeBias
[2019-12-09T02:31:01.308+0000][1][safepoint    ] Leaving safepoint region
[2019-12-09T02:31:01.308+0000][1][safepoint    ] Total time for which application threads were stopped: 0.0000457 seconds, Stopping threads took: 0.0000082 seconds
[2019-12-09T02:31:01.308+0000][1][safepoint    ] Application time: 0.0000804 seconds
[2019-12-09T02:31:01.308+0000][1][safepoint    ] Entering safepoint region: RevokeBias
[2019-12-09T02:31:01.308+0000][1][safepoint    ] Leaving safepoint region
[2019-12-09T02:31:01.308+0000][1][safepoint    ] Total time for which application threads were stopped: 0.0000439 seconds, Stopping threads took: 0.0000083 seconds
[2019-12-09T02:31:01.311+0000][1][safepoint    ] Application time: 0.0023421 seconds
[2019-12-09T02:31:01.311+0000][1][safepoint    ] Entering safepoint region: RevokeBias
[2019-12-09T02:31:01.311+0000][1][safepoint    ] Leaving safepoint region
[2019-12-09T02:31:01.311+0000][1][safepoint    ] Total time for which application threads were stopped: 0.0001668 seconds, Stopping threads took: 0.0000891 seconds
[2019-12-09T02:31:01.311+0000][1][safepoint    ] Application time: 0.0006307 seconds
[2019-12-09T02:31:01.311+0000][1][safepoint    ] Entering safepoint region: RevokeBias
[2019-12-09T02:31:01.312+0000][1][safepoint    ] Leaving safepoint region
[2019-12-09T02:31:01.312+0000][1][safepoint    ] Total time for which application threads were stopped: 0.0000880 seconds, Stopping threads took: 0.0000133 seconds
[2019-12-09T02:31:01.312+0000][1][safepoint    ] Application time: 0.0008815 seconds
[2019-12-09T02:31:01.312+0000][1][safepoint    ] Entering safepoint region: RevokeBias
[2019-12-09T02:31:01.313+0000][1][safepoint    ] Leaving safepoint region
[2019-12-09T02:31:01.313+0000][1][safepoint    ] Total time for which application threads were stopped: 0.0000862 seconds, Stopping threads took: 0.0000134 seconds
[2019-12-09T02:31:01.313+0000][1][safepoint    ] Application time: 0.0002613 seconds
[2019-12-09T02:31:01.313+0000][1][safepoint    ] Entering safepoint region: RevokeBias
[2019-12-09T02:31:01.313+0000][1][safepoint    ] Leaving safepoint region
[2019-12-09T02:31:01.313+0000][1][safepoint    ] Total time for which application threads were stopped: 0.0000747 seconds, Stopping threads took: 0.0000112 seconds
[2019-12-09T02:31:01.313+0000][1][safepoint    ] Application time: 0.0002053 seconds
[2019-12-09T02:31:01.313+0000][1][safepoint    ] Entering safepoint region: RevokeBias
[2019-12-09T02:31:01.313+0000][1][safepoint    ] Leaving safepoint region
[2019-12-09T02:31:01.313+0000][1][safepoint    ] Total time for which application threads were stopped: 0.0000755 seconds, Stopping threads took: 0.0000127 seconds
[2019-12-09T02:31:01.313+0000][1][safepoint    ] Application time: 0.0002572 seconds
[2019-12-09T02:31:01.315+0000][1][safepoint    ] Entering safepoint region: BulkRevokeBias
[2019-12-09T02:31:01.316+0000][1][safepoint    ] Leaving safepoint region
[2019-12-09T02:31:01.316+0000][1][safepoint    ] Total time for which application threads were stopped: 0.0022776 seconds, Stopping threads took: 0.0018320 seconds
[2019-12-09T02:31:01.328+0000][1][safepoint    ] Application time: 0.0124638 seconds
[2019-12-09T02:31:01.328+0000][1][safepoint    ] Entering safepoint region: BulkRevokeBias
[2019-12-09T02:31:01.329+0000][1][safepoint    ] Leaving safepoint region
[2019-12-09T02:31:01.329+0000][1][safepoint    ] Total time for which application threads were stopped: 0.0004527 seconds, Stopping threads took: 0.0000130 seconds
[2019-12-09T02:31:01.382+0000][1][safepoint    ] Application time: 0.0535373 seconds
[2019-12-09T02:31:01.382+0000][1][safepoint    ] Entering safepoint region: RevokeBias
[2019-12-09T02:31:01.382+0000][1][safepoint    ] Leaving safepoint region
[2019-12-09T02:31:01.382+0000][1][safepoint    ] Total time for which application threads were stopped: 0.0001172 seconds, Stopping threads took: 0.0000170 seconds
[2019-12-09T02:31:01.386+0000][1][safepoint    ] Application time: 0.0038302 seconds
[2019-12-09T02:31:01.386+0000][1][safepoint    ] Entering safepoint region: CollectForMetadataAllocation
[2019-12-09T02:31:01.386+0000][1][safepoint    ] Leaving safepoint region
[2019-12-09T02:31:01.386+0000][1][safepoint    ] Total time for which application threads were stopped: 0.0001948 seconds, Stopping threads took: 0.0000168 seconds
[2019-12-09T02:31:01.410+0000][1][safepoint    ] Application time: 0.0239176 seconds
[2019-12-09T02:31:01.410+0000][1][safepoint    ] Entering safepoint region: RevokeBias
[2019-12-09T02:31:01.411+0000][1][safepoint    ] Leaving safepoint region
[2019-12-09T02:31:01.411+0000][1][safepoint    ] Total time for which application threads were stopped: 0.0000972 seconds, Stopping threads took: 0.0000176 seconds
[2019-12-09T02:31:01.419+0000][1][safepoint    ] Application time: 0.0086875 seconds
[2019-12-09T02:31:01.419+0000][1][safepoint    ] Entering safepoint region: RevokeBias
[2019-12-09T02:31:01.419+0000][1][safepoint    ] Leaving safepoint region
[2019-12-09T02:31:01.419+0000][1][safepoint    ] Total time for which application threads were stopped: 0.0000951 seconds, Stopping threads took: 0.0000157 seconds
[2019-12-09T02:31:01.423+0000][1][safepoint    ] Application time: 0.0040890 seconds
[2019-12-09T02:31:01.423+0000][1][safepoint    ] Entering safepoint region: RevokeBias
[2019-12-09T02:31:01.424+0000][1][safepoint    ] Leaving safepoint region
[2019-12-09T02:31:01.424+0000][1][safepoint    ] Total time for which application threads were stopped: 0.0000840 seconds, Stopping threads took: 0.0000141 seconds
[2019-12-09T02:31:01.424+0000][1][safepoint    ] Application time: 0.0002364 seconds
[2019-12-09T02:31:01.424+0000][1][safepoint    ] Entering safepoint region: RevokeBias
[2019-12-09T02:31:01.424+0000][1][safepoint    ] Leaving safepoint region
[2019-12-09T02:31:01.424+0000][1][safepoint    ] Total time for which application threads were stopped: 0.0000733 seconds, Stopping threads took: 0.0000118 seconds
[2019-12-09T02:31:01.425+0000][1][safepoint    ] Application time: 0.0008036 seconds
[2019-12-09T02:31:01.425+0000][1][safepoint    ] Entering safepoint region: RevokeBias
[2019-12-09T02:31:01.425+0000][1][safepoint    ] Leaving safepoint region
[2019-12-09T02:31:01.425+0000][1][safepoint    ] Total time for which application threads were stopped: 0.0000670 seconds, Stopping threads took: 0.0000115 seconds
[2019-12-09T02:31:01.427+0000][1][safepoint    ] Application time: 0.0026952 seconds
[2019-12-09T02:31:01.428+0000][1][safepoint    ] Entering safepoint region: RevokeBias
[2019-12-09T02:31:01.428+0000][1][safepoint    ] Leaving safepoint region
[2019-12-09T02:31:01.428+0000][1][safepoint    ] Total time for which application threads were stopped: 0.0000452 seconds, Stopping threads took: 0.0000096 seconds
[2019-12-09T02:31:01.428+0000][1][safepoint    ] Application time: 0.0002128 seconds
[2019-12-09T02:31:01.428+0000][1][safepoint    ] Entering safepoint region: RevokeBias
[2019-12-09T02:31:01.428+0000][1][safepoint    ] Leaving safepoint region
[2019-12-09T02:31:01.428+0000][1][safepoint    ] Total time for which application threads were stopped: 0.0000321 seconds, Stopping threads took: 0.0000085 seconds
[2019-12-09T02:31:01.429+0000][1][safepoint    ] Application time: 0.0012491 seconds
[2019-12-09T02:31:01.429+0000][1][safepoint    ] Entering safepoint region: RevokeBias
[2019-12-09T02:31:01.429+0000][1][safepoint    ] Leaving safepoint region
[2019-12-09T02:31:01.429+0000][1][safepoint    ] Total time for which application threads were stopped: 0.0000460 seconds, Stopping threads took: 0.0000111 seconds
[2019-12-09T02:31:01.461+0000][1][gc,heap,exit ] Heap
[2019-12-09T02:31:01.461+0000][1][gc,heap,exit ]  par new generation   total 78656K, used 63410K [0x00000000f0000000, 0x00000000f5550000, 0x00000000f5550000)
[2019-12-09T02:31:01.461+0000][1][gc,heap,exit ]   eden space 69952K,  85% used [0x00000000f0000000, 0x00000000f3a586a8, 0x00000000f4450000)
[2019-12-09T02:31:01.461+0000][1][gc,heap,exit ]   from space 8704K,  42% used [0x00000000f4cd0000, 0x00000000f50644e8, 0x00000000f5550000)
[2019-12-09T02:31:01.461+0000][1][gc,heap,exit ]   to   space 8704K,   0% used [0x00000000f4450000, 0x00000000f4450000, 0x00000000f4cd0000)
[2019-12-09T02:31:01.461+0000][1][gc,heap,exit ]  concurrent mark-sweep generation total 174784K, used 68406K [0x00000000f5550000, 0x0000000100000000, 0x0000000100000000)
[2019-12-09T02:31:01.461+0000][1][gc,heap,exit ]  Metaspace       used 71093K, capacity 76440K, committed 76700K, reserved 1114112K
[2019-12-09T02:31:01.461+0000][1][gc,heap,exit ]   class space    used 9611K, capacity 11835K, committed 11936K, reserved 1048576K
[2019-12-09T02:31:01.461+0000][1][safepoint    ] Application time: 0.0319852 seconds
[2019-12-09T02:31:01.461+0000][1][safepoint    ] Entering safepoint region: Exit
