[2019-12-09T07:00:12.103+0000][1][gc] Using Concurrent Mark Sweep
[2019-12-09T07:00:12.103+0000][1][gc,heap,coops] Heap address: 0x00000000f0000000, size: 256 MB, Compressed Oops mode: 32-bit
[2019-12-09T07:00:12.389+0000][1][safepoint    ] Entering safepoint region: EnableBiasedLocking
[2019-12-09T07:00:12.389+0000][1][safepoint    ] Leaving safepoint region
[2019-12-09T07:00:12.389+0000][1][safepoint    ] Total time for which application threads were stopped: 0.0002208 seconds, Stopping threads took: 0.0001504 seconds
[2019-12-09T07:00:12.430+0000][1][safepoint    ] Application time: 0.0195667 seconds
[2019-12-09T07:00:12.430+0000][1][safepoint    ] Entering safepoint region: RevokeBias
[2019-12-09T07:00:12.430+0000][1][safepoint    ] Leaving safepoint region
[2019-12-09T07:00:12.430+0000][1][safepoint    ] Total time for which application threads were stopped: 0.0001010 seconds, Stopping threads took: 0.0000371 seconds
[2019-12-09T07:00:12.493+0000][1][safepoint    ] Application time: 0.0628127 seconds
[2019-12-09T07:00:12.493+0000][1][safepoint    ] Entering safepoint region: Deoptimize
[2019-12-09T07:00:12.493+0000][1][safepoint    ] Leaving safepoint region
[2019-12-09T07:00:12.493+0000][1][safepoint    ] Total time for which application threads were stopped: 0.0000506 seconds, Stopping threads took: 0.0000100 seconds
[2019-12-09T07:00:13.047+0000][1][safepoint    ] Application time: 0.5538926 seconds
[2019-12-09T07:00:13.047+0000][1][safepoint    ] Entering safepoint region: RevokeBias
[2019-12-09T07:00:13.047+0000][1][safepoint    ] Leaving safepoint region
[2019-12-09T07:00:13.047+0000][1][safepoint    ] Total time for which application threads were stopped: 0.0000851 seconds, Stopping threads took: 0.0000118 seconds
[2019-12-09T07:00:13.380+0000][1][safepoint    ] Application time: 0.3328092 seconds
[2019-12-09T07:00:13.380+0000][1][safepoint    ] Entering safepoint region: Deoptimize
[2019-12-09T07:00:13.380+0000][1][safepoint    ] Leaving safepoint region
[2019-12-09T07:00:13.380+0000][1][safepoint    ] Total time for which application threads were stopped: 0.0000871 seconds, Stopping threads took: 0.0000114 seconds
[2019-12-09T07:00:14.396+0000][1][safepoint    ] Application time: 1.0154244 seconds
[2019-12-09T07:00:14.438+0000][1][safepoint    ] Entering safepoint region: Cleanup
[2019-12-09T07:00:14.438+0000][1][safepoint    ] Leaving safepoint region
[2019-12-09T07:00:14.438+0000][1][safepoint    ] Total time for which application threads were stopped: 0.0422899 seconds, Stopping threads took: 0.0422181 seconds
[2019-12-09T07:00:15.441+0000][1][safepoint    ] Application time: 1.0027122 seconds
[2019-12-09T07:00:15.446+0000][1][safepoint    ] Entering safepoint region: Cleanup
[2019-12-09T07:00:15.446+0000][1][safepoint    ] Leaving safepoint region
[2019-12-09T07:00:15.446+0000][1][safepoint    ] Total time for which application threads were stopped: 0.0050084 seconds, Stopping threads took: 0.0049435 seconds
[2019-12-09T07:00:15.602+0000][1][safepoint    ] Application time: 0.1559716 seconds
[2019-12-09T07:00:15.602+0000][1][safepoint    ] Entering safepoint region: Deoptimize
[2019-12-09T07:00:15.602+0000][1][safepoint    ] Leaving safepoint region
[2019-12-09T07:00:15.602+0000][1][safepoint    ] Total time for which application threads were stopped: 0.0001478 seconds, Stopping threads took: 0.0000107 seconds
[2019-12-09T07:00:15.772+0000][1][safepoint    ] Application time: 0.1700101 seconds
[2019-12-09T07:00:15.772+0000][1][safepoint    ] Entering safepoint region: Deoptimize
[2019-12-09T07:00:15.772+0000][1][safepoint    ] Leaving safepoint region
[2019-12-09T07:00:15.772+0000][1][safepoint    ] Total time for which application threads were stopped: 0.0001365 seconds, Stopping threads took: 0.0000105 seconds
[2019-12-09T07:00:16.169+0000][1][safepoint    ] Application time: 0.3965154 seconds
[2019-12-09T07:00:16.169+0000][1][safepoint    ] Entering safepoint region: Deoptimize
[2019-12-09T07:00:16.169+0000][1][safepoint    ] Leaving safepoint region
[2019-12-09T07:00:16.169+0000][1][safepoint    ] Total time for which application threads were stopped: 0.0001646 seconds, Stopping threads took: 0.0000111 seconds
[2019-12-09T07:00:16.313+0000][1][safepoint    ] Application time: 0.1444827 seconds
[2019-12-09T07:00:16.313+0000][1][safepoint    ] Entering safepoint region: Deoptimize
[2019-12-09T07:00:16.314+0000][1][safepoint    ] Leaving safepoint region
[2019-12-09T07:00:16.314+0000][1][safepoint    ] Total time for which application threads were stopped: 0.0001638 seconds, Stopping threads took: 0.0000160 seconds
[2019-12-09T07:00:17.315+0000][1][safepoint    ] Application time: 1.0011094 seconds
[2019-12-09T07:00:17.330+0000][1][safepoint    ] Entering safepoint region: Cleanup
[2019-12-09T07:00:17.330+0000][1][safepoint    ] Leaving safepoint region
[2019-12-09T07:00:17.330+0000][1][safepoint    ] Total time for which application threads were stopped: 0.0150446 seconds, Stopping threads took: 0.0149924 seconds
[2019-12-09T07:00:18.332+0000][1][safepoint    ] Application time: 1.0019114 seconds
[2019-12-09T07:00:18.339+0000][1][safepoint    ] Entering safepoint region: Cleanup
[2019-12-09T07:00:18.339+0000][1][safepoint    ] Leaving safepoint region
[2019-12-09T07:00:18.339+0000][1][safepoint    ] Total time for which application threads were stopped: 0.0070427 seconds, Stopping threads took: 0.0069875 seconds
[2019-12-09T07:00:19.348+0000][1][safepoint    ] Application time: 1.0096424 seconds
[2019-12-09T07:00:19.348+0000][1][safepoint    ] Entering safepoint region: Cleanup
[2019-12-09T07:00:19.349+0000][1][safepoint    ] Leaving safepoint region
[2019-12-09T07:00:19.349+0000][1][safepoint    ] Total time for which application threads were stopped: 0.0000590 seconds, Stopping threads took: 0.0000138 seconds
[2019-12-09T07:00:19.560+0000][1][safepoint    ] Application time: 0.2111000 seconds
[2019-12-09T07:00:19.565+0000][1][safepoint    ] Entering safepoint region: Deoptimize
[2019-12-09T07:00:19.565+0000][1][safepoint    ] Leaving safepoint region
[2019-12-09T07:00:19.565+0000][1][safepoint    ] Total time for which application threads were stopped: 0.0052823 seconds, Stopping threads took: 0.0050494 seconds
[2019-12-09T07:00:20.568+0000][1][safepoint    ] Application time: 1.0027365 seconds
[2019-12-09T07:00:20.568+0000][1][safepoint    ] Entering safepoint region: Cleanup
[2019-12-09T07:00:20.568+0000][1][safepoint    ] Leaving safepoint region
[2019-12-09T07:00:20.568+0000][1][safepoint    ] Total time for which application threads were stopped: 0.0000470 seconds, Stopping threads took: 0.0000127 seconds
[2019-12-09T07:00:21.571+0000][1][safepoint    ] Application time: 1.0028896 seconds
[2019-12-09T07:00:21.571+0000][1][safepoint    ] Entering safepoint region: Cleanup
[2019-12-09T07:00:21.571+0000][1][safepoint    ] Leaving safepoint region
[2019-12-09T07:00:21.571+0000][1][safepoint    ] Total time for which application threads were stopped: 0.0000550 seconds, Stopping threads took: 0.0000137 seconds
[2019-12-09T07:00:22.575+0000][1][safepoint    ] Application time: 1.0042040 seconds
[2019-12-09T07:00:22.577+0000][1][safepoint    ] Entering safepoint region: Cleanup
[2019-12-09T07:00:22.577+0000][1][safepoint    ] Leaving safepoint region
[2019-12-09T07:00:22.577+0000][1][safepoint    ] Total time for which application threads were stopped: 0.0016123 seconds, Stopping threads took: 0.0015249 seconds
[2019-12-09T07:00:22.948+0000][1][safepoint    ] Application time: 0.3717213 seconds
[2019-12-09T07:00:22.948+0000][1][safepoint    ] Entering safepoint region: Deoptimize
[2019-12-09T07:00:22.949+0000][1][safepoint    ] Leaving safepoint region
[2019-12-09T07:00:22.949+0000][1][safepoint    ] Total time for which application threads were stopped: 0.0002441 seconds, Stopping threads took: 0.0000112 seconds
[2019-12-09T07:00:23.870+0000][1][safepoint    ] Application time: 0.9216826 seconds
[2019-12-09T07:00:23.870+0000][1][safepoint    ] Entering safepoint region: Deoptimize
[2019-12-09T07:00:23.871+0000][1][safepoint    ] Leaving safepoint region
[2019-12-09T07:00:23.871+0000][1][safepoint    ] Total time for which application threads were stopped: 0.0003114 seconds, Stopping threads took: 0.0000121 seconds
[2019-12-09T07:00:23.871+0000][1][safepoint    ] Application time: 0.0001494 seconds
[2019-12-09T07:00:23.871+0000][1][safepoint    ] Entering safepoint region: Deoptimize
[2019-12-09T07:00:23.871+0000][1][safepoint    ] Leaving safepoint region
[2019-12-09T07:00:23.871+0000][1][safepoint    ] Total time for which application threads were stopped: 0.0001926 seconds, Stopping threads took: 0.0000093 seconds
[2019-12-09T07:00:24.049+0000][1][safepoint    ] Application time: 0.1779998 seconds
[2019-12-09T07:00:24.049+0000][1][safepoint    ] Entering safepoint region: Deoptimize
[2019-12-09T07:00:24.049+0000][1][safepoint    ] Leaving safepoint region
[2019-12-09T07:00:24.049+0000][1][safepoint    ] Total time for which application threads were stopped: 0.0002761 seconds, Stopping threads took: 0.0000122 seconds
[2019-12-09T07:00:24.101+0000][1][safepoint    ] Application time: 0.0517582 seconds
[2019-12-09T07:00:24.101+0000][1][safepoint    ] Entering safepoint region: RevokeBias
[2019-12-09T07:00:24.101+0000][1][safepoint    ] Leaving safepoint region
[2019-12-09T07:00:24.101+0000][1][safepoint    ] Total time for which application threads were stopped: 0.0001005 seconds, Stopping threads took: 0.0000470 seconds
[2019-12-09T07:00:24.126+0000][1][safepoint    ] Application time: 0.0244679 seconds
[2019-12-09T07:00:24.126+0000][1][safepoint    ] Entering safepoint region: RevokeBias
[2019-12-09T07:00:24.126+0000][1][safepoint    ] Leaving safepoint region
[2019-12-09T07:00:24.126+0000][1][safepoint    ] Total time for which application threads were stopped: 0.0001644 seconds, Stopping threads took: 0.0001130 seconds
[2019-12-09T07:00:24.126+0000][1][safepoint    ] Application time: 0.0000535 seconds
[2019-12-09T07:00:24.126+0000][1][safepoint    ] Entering safepoint region: RevokeBias
[2019-12-09T07:00:24.126+0000][1][safepoint    ] Leaving safepoint region
[2019-12-09T07:00:24.126+0000][1][safepoint    ] Total time for which application threads were stopped: 0.0000292 seconds, Stopping threads took: 0.0000070 seconds
[2019-12-09T07:00:24.126+0000][1][safepoint    ] Application time: 0.0000650 seconds
[2019-12-09T07:00:24.126+0000][1][safepoint    ] Entering safepoint region: RevokeBias
[2019-12-09T07:00:24.126+0000][1][safepoint    ] Leaving safepoint region
[2019-12-09T07:00:24.126+0000][1][safepoint    ] Total time for which application threads were stopped: 0.0000287 seconds, Stopping threads took: 0.0000068 seconds
[2019-12-09T07:00:24.126+0000][1][safepoint    ] Application time: 0.0001266 seconds
[2019-12-09T07:00:24.126+0000][1][safepoint    ] Entering safepoint region: RevokeBias
[2019-12-09T07:00:24.126+0000][1][safepoint    ] Leaving safepoint region
[2019-12-09T07:00:24.126+0000][1][safepoint    ] Total time for which application threads were stopped: 0.0000323 seconds, Stopping threads took: 0.0000071 seconds
[2019-12-09T07:00:25.131+0000][1][safepoint    ] Application time: 1.0043274 seconds
[2019-12-09T07:00:25.158+0000][1][safepoint    ] Entering safepoint region: Cleanup
[2019-12-09T07:00:25.158+0000][1][safepoint    ] Leaving safepoint region
[2019-12-09T07:00:25.158+0000][1][safepoint    ] Total time for which application threads were stopped: 0.0273109 seconds, Stopping threads took: 0.0272491 seconds
[2019-12-09T07:00:26.036+0000][1][safepoint    ] Application time: 0.8776420 seconds
[2019-12-09T07:00:26.039+0000][1][safepoint    ] Entering safepoint region: GenCollectForAllocation
[2019-12-09T07:00:26.039+0000][1][gc,start     ] GC(0) Pause Young (Allocation Failure)
[2019-12-09T07:00:26.044+0000][1][gc,task      ] GC(0) Using 2 workers of 2 for evacuation
[2019-12-09T07:00:26.167+0000][1][gc,age       ] GC(0) Desired survivor size 4456448 bytes, new threshold 1 (max threshold 6)
[2019-12-09T07:00:26.167+0000][1][gc,age       ] GC(0) Age table with threshold 1 (max threshold 6)
[2019-12-09T07:00:26.167+0000][1][gc,age       ] GC(0) - age   1:    6684032 bytes,    6684032 total
[2019-12-09T07:00:26.167+0000][1][gc,heap      ] GC(0) ParNew: 69952K->6574K(78656K)
[2019-12-09T07:00:26.167+0000][1][gc,heap      ] GC(0) CMS: 0K->0K(174784K)
[2019-12-09T07:00:26.167+0000][1][gc,metaspace ] GC(0) Metaspace: 12997K->12997K(1060864K)
[2019-12-09T07:00:26.167+0000][1][gc           ] GC(0) Pause Young (Allocation Failure) 68M->6M(247M) 128.336ms
[2019-12-09T07:00:26.167+0000][1][gc,cpu       ] GC(0) User=0.02s Sys=0.00s Real=0.13s
[2019-12-09T07:00:26.167+0000][1][safepoint    ] Leaving safepoint region
[2019-12-09T07:00:26.167+0000][1][safepoint    ] Total time for which application threads were stopped: 0.1314776 seconds, Stopping threads took: 0.0029956 seconds
[2019-12-09T07:00:26.174+0000][1][safepoint    ] Application time: 0.0070645 seconds
[2019-12-09T07:00:26.207+0000][1][safepoint    ] Entering safepoint region: RevokeBias
[2019-12-09T07:00:26.207+0000][1][safepoint    ] Leaving safepoint region
[2019-12-09T07:00:26.207+0000][1][safepoint    ] Total time for which application threads were stopped: 0.0327698 seconds, Stopping threads took: 0.0326776 seconds
[2019-12-09T07:00:26.207+0000][1][safepoint    ] Application time: 0.0001367 seconds
[2019-12-09T07:00:26.207+0000][1][safepoint    ] Entering safepoint region: RevokeBias
[2019-12-09T07:00:26.207+0000][1][safepoint    ] Leaving safepoint region
[2019-12-09T07:00:26.207+0000][1][safepoint    ] Total time for which application threads were stopped: 0.0000490 seconds, Stopping threads took: 0.0000078 seconds
[2019-12-09T07:00:26.207+0000][1][safepoint    ] Application time: 0.0000563 seconds
[2019-12-09T07:00:26.207+0000][1][safepoint    ] Entering safepoint region: RevokeBias
[2019-12-09T07:00:26.207+0000][1][safepoint    ] Leaving safepoint region
[2019-12-09T07:00:26.207+0000][1][safepoint    ] Total time for which application threads were stopped: 0.0000406 seconds, Stopping threads took: 0.0000062 seconds
[2019-12-09T07:00:26.207+0000][1][safepoint    ] Application time: 0.0000408 seconds
[2019-12-09T07:00:26.207+0000][1][safepoint    ] Entering safepoint region: RevokeBias
[2019-12-09T07:00:26.207+0000][1][safepoint    ] Leaving safepoint region
[2019-12-09T07:00:26.207+0000][1][safepoint    ] Total time for which application threads were stopped: 0.0000389 seconds, Stopping threads took: 0.0000060 seconds
[2019-12-09T07:00:26.208+0000][1][safepoint    ] Application time: 0.0000470 seconds
[2019-12-09T07:00:26.208+0000][1][safepoint    ] Entering safepoint region: RevokeBias
[2019-12-09T07:00:26.208+0000][1][safepoint    ] Leaving safepoint region
[2019-12-09T07:00:26.208+0000][1][safepoint    ] Total time for which application threads were stopped: 0.0000418 seconds, Stopping threads took: 0.0000067 seconds
[2019-12-09T07:00:26.208+0000][1][safepoint    ] Application time: 0.0000414 seconds
[2019-12-09T07:00:26.208+0000][1][safepoint    ] Entering safepoint region: RevokeBias
[2019-12-09T07:00:26.208+0000][1][safepoint    ] Leaving safepoint region
[2019-12-09T07:00:26.208+0000][1][safepoint    ] Total time for which application threads were stopped: 0.0000565 seconds, Stopping threads took: 0.0000058 seconds
[2019-12-09T07:00:26.208+0000][1][safepoint    ] Application time: 0.0000496 seconds
[2019-12-09T07:00:26.208+0000][1][safepoint    ] Entering safepoint region: RevokeBias
[2019-12-09T07:00:26.208+0000][1][safepoint    ] Leaving safepoint region
[2019-12-09T07:00:26.208+0000][1][safepoint    ] Total time for which application threads were stopped: 0.0000403 seconds, Stopping threads took: 0.0000065 seconds
[2019-12-09T07:00:26.208+0000][1][safepoint    ] Application time: 0.0000428 seconds
[2019-12-09T07:00:26.208+0000][1][safepoint    ] Entering safepoint region: RevokeBias
[2019-12-09T07:00:26.208+0000][1][safepoint    ] Leaving safepoint region
[2019-12-09T07:00:26.208+0000][1][safepoint    ] Total time for which application threads were stopped: 0.0000367 seconds, Stopping threads took: 0.0000059 seconds
[2019-12-09T07:00:26.208+0000][1][safepoint    ] Application time: 0.0000455 seconds
[2019-12-09T07:00:26.208+0000][1][safepoint    ] Entering safepoint region: RevokeBias
[2019-12-09T07:00:26.208+0000][1][safepoint    ] Leaving safepoint region
[2019-12-09T07:00:26.208+0000][1][safepoint    ] Total time for which application threads were stopped: 0.0000492 seconds, Stopping threads took: 0.0000169 seconds
[2019-12-09T07:00:26.208+0000][1][safepoint    ] Application time: 0.0000424 seconds
[2019-12-09T07:00:26.208+0000][1][safepoint    ] Entering safepoint region: RevokeBias
[2019-12-09T07:00:26.208+0000][1][safepoint    ] Leaving safepoint region
[2019-12-09T07:00:26.208+0000][1][safepoint    ] Total time for which application threads were stopped: 0.0000365 seconds, Stopping threads took: 0.0000060 seconds
[2019-12-09T07:00:26.208+0000][1][safepoint    ] Application time: 0.0000455 seconds
[2019-12-09T07:00:26.208+0000][1][safepoint    ] Entering safepoint region: RevokeBias
[2019-12-09T07:00:26.208+0000][1][safepoint    ] Leaving safepoint region
[2019-12-09T07:00:26.208+0000][1][safepoint    ] Total time for which application threads were stopped: 0.0000374 seconds, Stopping threads took: 0.0000060 seconds
[2019-12-09T07:00:26.208+0000][1][safepoint    ] Application time: 0.0000420 seconds
[2019-12-09T07:00:26.208+0000][1][safepoint    ] Entering safepoint region: RevokeBias
[2019-12-09T07:00:26.208+0000][1][safepoint    ] Leaving safepoint region
[2019-12-09T07:00:26.208+0000][1][safepoint    ] Total time for which application threads were stopped: 0.0000367 seconds, Stopping threads took: 0.0000060 seconds
[2019-12-09T07:00:26.208+0000][1][safepoint    ] Application time: 0.0000447 seconds
[2019-12-09T07:00:26.208+0000][1][safepoint    ] Entering safepoint region: RevokeBias
[2019-12-09T07:00:26.208+0000][1][safepoint    ] Leaving safepoint region
[2019-12-09T07:00:26.208+0000][1][safepoint    ] Total time for which application threads were stopped: 0.0000369 seconds, Stopping threads took: 0.0000060 seconds
[2019-12-09T07:00:26.208+0000][1][safepoint    ] Application time: 0.0000417 seconds
[2019-12-09T07:00:26.208+0000][1][safepoint    ] Entering safepoint region: RevokeBias
[2019-12-09T07:00:26.208+0000][1][safepoint    ] Leaving safepoint region
[2019-12-09T07:00:26.208+0000][1][safepoint    ] Total time for which application threads were stopped: 0.0000363 seconds, Stopping threads took: 0.0000059 seconds
[2019-12-09T07:00:26.209+0000][1][safepoint    ] Application time: 0.0000485 seconds
[2019-12-09T07:00:26.209+0000][1][safepoint    ] Entering safepoint region: RevokeBias
[2019-12-09T07:00:26.209+0000][1][safepoint    ] Leaving safepoint region
[2019-12-09T07:00:26.209+0000][1][safepoint    ] Total time for which application threads were stopped: 0.0000370 seconds, Stopping threads took: 0.0000060 seconds
[2019-12-09T07:00:26.209+0000][1][safepoint    ] Application time: 0.0000425 seconds
[2019-12-09T07:00:26.209+0000][1][safepoint    ] Entering safepoint region: RevokeBias
[2019-12-09T07:00:26.209+0000][1][safepoint    ] Leaving safepoint region
[2019-12-09T07:00:26.209+0000][1][safepoint    ] Total time for which application threads were stopped: 0.0000365 seconds, Stopping threads took: 0.0000060 seconds
[2019-12-09T07:00:26.209+0000][1][safepoint    ] Application time: 0.0000624 seconds
[2019-12-09T07:00:26.209+0000][1][safepoint    ] Entering safepoint region: RevokeBias
[2019-12-09T07:00:26.209+0000][1][safepoint    ] Leaving safepoint region
[2019-12-09T07:00:26.209+0000][1][safepoint    ] Total time for which application threads were stopped: 0.0000389 seconds, Stopping threads took: 0.0000062 seconds
[2019-12-09T07:00:26.209+0000][1][safepoint    ] Application time: 0.0000428 seconds
[2019-12-09T07:00:26.209+0000][1][safepoint    ] Entering safepoint region: RevokeBias
[2019-12-09T07:00:26.209+0000][1][safepoint    ] Leaving safepoint region
[2019-12-09T07:00:26.209+0000][1][safepoint    ] Total time for which application threads were stopped: 0.0000365 seconds, Stopping threads took: 0.0000060 seconds
[2019-12-09T07:00:26.209+0000][1][safepoint    ] Application time: 0.0000652 seconds
[2019-12-09T07:00:26.209+0000][1][safepoint    ] Entering safepoint region: RevokeBias
[2019-12-09T07:00:26.209+0000][1][safepoint    ] Leaving safepoint region
[2019-12-09T07:00:26.209+0000][1][safepoint    ] Total time for which application threads were stopped: 0.0000440 seconds, Stopping threads took: 0.0000117 seconds
[2019-12-09T07:00:26.209+0000][1][safepoint    ] Application time: 0.0000423 seconds
[2019-12-09T07:00:26.209+0000][1][safepoint    ] Entering safepoint region: RevokeBias
[2019-12-09T07:00:26.209+0000][1][safepoint    ] Leaving safepoint region
[2019-12-09T07:00:26.209+0000][1][safepoint    ] Total time for which application threads were stopped: 0.0000365 seconds, Stopping threads took: 0.0000060 seconds
[2019-12-09T07:00:26.209+0000][1][safepoint    ] Application time: 0.0000456 seconds
[2019-12-09T07:00:26.209+0000][1][safepoint    ] Entering safepoint region: RevokeBias
[2019-12-09T07:00:26.209+0000][1][safepoint    ] Leaving safepoint region
[2019-12-09T07:00:26.209+0000][1][safepoint    ] Total time for which application threads were stopped: 0.0000429 seconds, Stopping threads took: 0.0000064 seconds
[2019-12-09T07:00:26.209+0000][1][safepoint    ] Application time: 0.0000615 seconds
[2019-12-09T07:00:26.209+0000][1][safepoint    ] Entering safepoint region: RevokeBias
[2019-12-09T07:00:26.209+0000][1][safepoint    ] Leaving safepoint region
[2019-12-09T07:00:26.209+0000][1][safepoint    ] Total time for which application threads were stopped: 0.0000503 seconds, Stopping threads took: 0.0000076 seconds
[2019-12-09T07:00:26.209+0000][1][safepoint    ] Application time: 0.0000631 seconds
[2019-12-09T07:00:26.209+0000][1][safepoint    ] Entering safepoint region: RevokeBias
[2019-12-09T07:00:26.209+0000][1][safepoint    ] Leaving safepoint region
[2019-12-09T07:00:26.209+0000][1][safepoint    ] Total time for which application threads were stopped: 0.0000520 seconds, Stopping threads took: 0.0000079 seconds
[2019-12-09T07:00:26.209+0000][1][safepoint    ] Application time: 0.0000527 seconds
[2019-12-09T07:00:26.210+0000][1][safepoint    ] Entering safepoint region: RevokeBias
[2019-12-09T07:00:26.210+0000][1][safepoint    ] Leaving safepoint region
[2019-12-09T07:00:26.210+0000][1][safepoint    ] Total time for which application threads were stopped: 0.0000526 seconds, Stopping threads took: 0.0000082 seconds
[2019-12-09T07:00:26.210+0000][1][safepoint    ] Application time: 0.0000830 seconds
[2019-12-09T07:00:26.210+0000][1][safepoint    ] Entering safepoint region: RevokeBias
[2019-12-09T07:00:26.210+0000][1][safepoint    ] Leaving safepoint region
[2019-12-09T07:00:26.210+0000][1][safepoint    ] Total time for which application threads were stopped: 0.0000751 seconds, Stopping threads took: 0.0000089 seconds
[2019-12-09T07:00:26.210+0000][1][safepoint    ] Application time: 0.0000550 seconds
[2019-12-09T07:00:26.210+0000][1][safepoint    ] Entering safepoint region: RevokeBias
[2019-12-09T07:00:26.210+0000][1][safepoint    ] Leaving safepoint region
[2019-12-09T07:00:26.210+0000][1][safepoint    ] Total time for which application threads were stopped: 0.0000521 seconds, Stopping threads took: 0.0000077 seconds
[2019-12-09T07:00:26.210+0000][1][safepoint    ] Application time: 0.0003814 seconds
[2019-12-09T07:00:26.210+0000][1][safepoint    ] Entering safepoint region: RevokeBias
[2019-12-09T07:00:26.210+0000][1][safepoint    ] Leaving safepoint region
[2019-12-09T07:00:26.210+0000][1][safepoint    ] Total time for which application threads were stopped: 0.0000642 seconds, Stopping threads took: 0.0000097 seconds
[2019-12-09T07:00:26.210+0000][1][safepoint    ] Application time: 0.0000584 seconds
[2019-12-09T07:00:26.210+0000][1][safepoint    ] Entering safepoint region: RevokeBias
[2019-12-09T07:00:26.210+0000][1][safepoint    ] Leaving safepoint region
[2019-12-09T07:00:26.210+0000][1][safepoint    ] Total time for which application threads were stopped: 0.0000546 seconds, Stopping threads took: 0.0000088 seconds
[2019-12-09T07:00:26.211+0000][1][safepoint    ] Application time: 0.0000713 seconds
[2019-12-09T07:00:26.211+0000][1][safepoint    ] Entering safepoint region: RevokeBias
[2019-12-09T07:00:26.211+0000][1][safepoint    ] Leaving safepoint region
[2019-12-09T07:00:26.211+0000][1][safepoint    ] Total time for which application threads were stopped: 0.0000620 seconds, Stopping threads took: 0.0000147 seconds
[2019-12-09T07:00:26.211+0000][1][safepoint    ] Application time: 0.0000712 seconds
[2019-12-09T07:00:26.211+0000][1][safepoint    ] Entering safepoint region: RevokeBias
[2019-12-09T07:00:26.211+0000][1][safepoint    ] Leaving safepoint region
[2019-12-09T07:00:26.211+0000][1][safepoint    ] Total time for which application threads were stopped: 0.0000547 seconds, Stopping threads took: 0.0000089 seconds
[2019-12-09T07:00:27.262+0000][1][safepoint    ] Application time: 1.0509415 seconds
[2019-12-09T07:00:27.338+0000][1][safepoint    ] Entering safepoint region: Cleanup
[2019-12-09T07:00:27.338+0000][1][safepoint    ] Leaving safepoint region
[2019-12-09T07:00:27.338+0000][1][safepoint    ] Total time for which application threads were stopped: 0.0767108 seconds, Stopping threads took: 0.0766027 seconds
[2019-12-09T07:00:27.554+0000][1][safepoint    ] Application time: 0.2150686 seconds
[2019-12-09T07:00:27.554+0000][1][safepoint    ] Entering safepoint region: Deoptimize
[2019-12-09T07:00:27.554+0000][1][safepoint    ] Leaving safepoint region
[2019-12-09T07:00:27.554+0000][1][safepoint    ] Total time for which application threads were stopped: 0.0004219 seconds, Stopping threads took: 0.0000133 seconds
[2019-12-09T07:00:28.563+0000][1][safepoint    ] Application time: 1.0087150 seconds
[2019-12-09T07:00:28.612+0000][1][safepoint    ] Entering safepoint region: Cleanup
[2019-12-09T07:00:28.612+0000][1][safepoint    ] Leaving safepoint region
[2019-12-09T07:00:28.612+0000][1][safepoint    ] Total time for which application threads were stopped: 0.0491887 seconds, Stopping threads took: 0.0491058 seconds
[2019-12-09T07:00:28.929+0000][1][safepoint    ] Application time: 0.3172164 seconds
[2019-12-09T07:00:28.929+0000][1][safepoint    ] Entering safepoint region: RevokeBias
[2019-12-09T07:00:28.929+0000][1][safepoint    ] Leaving safepoint region
[2019-12-09T07:00:28.929+0000][1][safepoint    ] Total time for which application threads were stopped: 0.0000855 seconds, Stopping threads took: 0.0000137 seconds
[2019-12-09T07:00:29.941+0000][1][safepoint    ] Application time: 1.0114176 seconds
[2019-12-09T07:00:30.003+0000][1][safepoint    ] Entering safepoint region: Cleanup
[2019-12-09T07:00:30.003+0000][1][safepoint    ] Leaving safepoint region
[2019-12-09T07:00:30.003+0000][1][safepoint    ] Total time for which application threads were stopped: 0.0621869 seconds, Stopping threads took: 0.0621131 seconds
[2019-12-09T07:00:30.131+0000][1][safepoint    ] Application time: 0.1278645 seconds
[2019-12-09T07:00:30.131+0000][1][safepoint    ] Entering safepoint region: GenCollectForAllocation
[2019-12-09T07:00:30.131+0000][1][gc,start     ] GC(1) Pause Young (Allocation Failure)
[2019-12-09T07:00:30.131+0000][1][gc,task      ] GC(1) Using 2 workers of 2 for evacuation
[2019-12-09T07:00:30.440+0000][1][gc,age       ] GC(1) Desired survivor size 4456448 bytes, new threshold 6 (max threshold 6)
[2019-12-09T07:00:30.440+0000][1][gc,age       ] GC(1) Age table with threshold 6 (max threshold 6)
[2019-12-09T07:00:30.440+0000][1][gc,age       ] GC(1) - age   1:    1172520 bytes,    1172520 total
[2019-12-09T07:00:30.440+0000][1][gc,heap      ] GC(1) ParNew: 76526K->4281K(78656K)
[2019-12-09T07:00:30.440+0000][1][gc,heap      ] GC(1) CMS: 0K->7019K(174784K)
[2019-12-09T07:00:30.440+0000][1][gc,metaspace ] GC(1) Metaspace: 15015K->15015K(1062912K)
[2019-12-09T07:00:30.440+0000][1][gc           ] GC(1) Pause Young (Allocation Failure) 74M->11M(247M) 308.923ms
[2019-12-09T07:00:30.440+0000][1][gc,cpu       ] GC(1) User=0.07s Sys=0.00s Real=0.31s
[2019-12-09T07:00:30.440+0000][1][safepoint    ] Leaving safepoint region
[2019-12-09T07:00:30.440+0000][1][safepoint    ] Total time for which application threads were stopped: 0.3090462 seconds, Stopping threads took: 0.0000141 seconds
[2019-12-09T07:00:30.448+0000][1][safepoint    ] Application time: 0.0078415 seconds
[2019-12-09T07:00:30.469+0000][1][safepoint    ] Entering safepoint region: BulkRevokeBias
[2019-12-09T07:00:30.470+0000][1][safepoint    ] Leaving safepoint region
[2019-12-09T07:00:30.470+0000][1][safepoint    ] Total time for which application threads were stopped: 0.0218203 seconds, Stopping threads took: 0.0217001 seconds
[2019-12-09T07:00:30.470+0000][1][safepoint    ] Application time: 0.0001660 seconds
[2019-12-09T07:00:30.470+0000][1][safepoint    ] Entering safepoint region: RevokeBias
[2019-12-09T07:00:30.470+0000][1][safepoint    ] Leaving safepoint region
[2019-12-09T07:00:30.470+0000][1][safepoint    ] Total time for which application threads were stopped: 0.0000519 seconds, Stopping threads took: 0.0000109 seconds
[2019-12-09T07:00:30.470+0000][1][safepoint    ] Application time: 0.0000717 seconds
[2019-12-09T07:00:30.470+0000][1][safepoint    ] Entering safepoint region: RevokeBias
[2019-12-09T07:00:30.470+0000][1][safepoint    ] Leaving safepoint region
[2019-12-09T07:00:30.470+0000][1][safepoint    ] Total time for which application threads were stopped: 0.0000442 seconds, Stopping threads took: 0.0000096 seconds
[2019-12-09T07:00:30.470+0000][1][safepoint    ] Application time: 0.0000537 seconds
[2019-12-09T07:00:30.470+0000][1][safepoint    ] Entering safepoint region: RevokeBias
[2019-12-09T07:00:30.470+0000][1][safepoint    ] Leaving safepoint region
[2019-12-09T07:00:30.470+0000][1][safepoint    ] Total time for which application threads were stopped: 0.0000420 seconds, Stopping threads took: 0.0000086 seconds
[2019-12-09T07:00:30.470+0000][1][safepoint    ] Application time: 0.0000710 seconds
[2019-12-09T07:00:30.470+0000][1][safepoint    ] Entering safepoint region: RevokeBias
[2019-12-09T07:00:30.470+0000][1][safepoint    ] Leaving safepoint region
[2019-12-09T07:00:30.470+0000][1][safepoint    ] Total time for which application threads were stopped: 0.0000412 seconds, Stopping threads took: 0.0000091 seconds
[2019-12-09T07:00:30.470+0000][1][safepoint    ] Application time: 0.0000529 seconds
[2019-12-09T07:00:30.470+0000][1][safepoint    ] Entering safepoint region: RevokeBias
[2019-12-09T07:00:30.470+0000][1][safepoint    ] Leaving safepoint region
[2019-12-09T07:00:30.470+0000][1][safepoint    ] Total time for which application threads were stopped: 0.0000392 seconds, Stopping threads took: 0.0000086 seconds
[2019-12-09T07:00:30.470+0000][1][safepoint    ] Application time: 0.0000616 seconds
[2019-12-09T07:00:30.470+0000][1][safepoint    ] Entering safepoint region: BulkRevokeBias
[2019-12-09T07:00:30.470+0000][1][safepoint    ] Leaving safepoint region
[2019-12-09T07:00:30.470+0000][1][safepoint    ] Total time for which application threads were stopped: 0.0000674 seconds, Stopping threads took: 0.0000089 seconds
[2019-12-09T07:00:30.471+0000][1][safepoint    ] Application time: 0.0000545 seconds
[2019-12-09T07:00:30.471+0000][1][safepoint    ] Entering safepoint region: RevokeBias
[2019-12-09T07:00:30.471+0000][1][safepoint    ] Leaving safepoint region
[2019-12-09T07:00:30.471+0000][1][safepoint    ] Total time for which application threads were stopped: 0.0000399 seconds, Stopping threads took: 0.0000089 seconds
[2019-12-09T07:00:30.471+0000][1][safepoint    ] Application time: 0.0000643 seconds
[2019-12-09T07:00:30.471+0000][1][safepoint    ] Entering safepoint region: BulkRevokeBias
[2019-12-09T07:00:30.471+0000][1][safepoint    ] Leaving safepoint region
[2019-12-09T07:00:30.471+0000][1][safepoint    ] Total time for which application threads were stopped: 0.0000982 seconds, Stopping threads took: 0.0000086 seconds
[2019-12-09T07:00:31.540+0000][1][safepoint    ] Application time: 1.0689366 seconds
[2019-12-09T07:00:31.649+0000][1][safepoint    ] Entering safepoint region: Cleanup
[2019-12-09T07:00:31.649+0000][1][safepoint    ] Leaving safepoint region
[2019-12-09T07:00:31.649+0000][1][safepoint    ] Total time for which application threads were stopped: 0.1092142 seconds, Stopping threads took: 0.1091447 seconds
[2019-12-09T07:00:31.720+0000][1][safepoint    ] Application time: 0.0707434 seconds
[2019-12-09T07:00:31.720+0000][1][safepoint    ] Entering safepoint region: GenCollectForAllocation
[2019-12-09T07:00:31.720+0000][1][gc,start     ] GC(2) Pause Young (Allocation Failure)
[2019-12-09T07:00:31.720+0000][1][gc,task      ] GC(2) Using 2 workers of 2 for evacuation
[2019-12-09T07:00:31.813+0000][1][gc,age       ] GC(2) Desired survivor size 4456448 bytes, new threshold 6 (max threshold 6)
[2019-12-09T07:00:31.813+0000][1][gc,age       ] GC(2) Age table with threshold 6 (max threshold 6)
[2019-12-09T07:00:31.813+0000][1][gc,age       ] GC(2) - age   1:     451744 bytes,     451744 total
[2019-12-09T07:00:31.813+0000][1][gc,age       ] GC(2) - age   2:    1006064 bytes,    1457808 total
[2019-12-09T07:00:31.813+0000][1][gc,heap      ] GC(2) ParNew: 74233K->2034K(78656K)
[2019-12-09T07:00:31.813+0000][1][gc,heap      ] GC(2) CMS: 7019K->7019K(174784K)
[2019-12-09T07:00:31.813+0000][1][gc,metaspace ] GC(2) Metaspace: 15128K->15128K(1062912K)
[2019-12-09T07:00:31.813+0000][1][gc           ] GC(2) Pause Young (Allocation Failure) 79M->8M(247M) 93.113ms
[2019-12-09T07:00:31.813+0000][1][gc,cpu       ] GC(2) User=0.01s Sys=0.00s Real=0.09s
[2019-12-09T07:00:31.813+0000][1][safepoint    ] Leaving safepoint region
[2019-12-09T07:00:31.813+0000][1][safepoint    ] Total time for which application threads were stopped: 0.0932520 seconds, Stopping threads took: 0.0000143 seconds
[2019-12-09T07:00:31.818+0000][1][safepoint    ] Application time: 0.0047906 seconds
[2019-12-09T07:00:31.884+0000][1][safepoint    ] Entering safepoint region: RevokeBias
[2019-12-09T07:00:31.884+0000][1][safepoint    ] Leaving safepoint region
[2019-12-09T07:00:31.884+0000][1][safepoint    ] Total time for which application threads were stopped: 0.0659011 seconds, Stopping threads took: 0.0657382 seconds
[2019-12-09T07:00:31.884+0000][1][safepoint    ] Application time: 0.0000691 seconds
[2019-12-09T07:00:31.884+0000][1][safepoint    ] Entering safepoint region: RevokeBias
[2019-12-09T07:00:31.884+0000][1][safepoint    ] Leaving safepoint region
[2019-12-09T07:00:31.884+0000][1][safepoint    ] Total time for which application threads were stopped: 0.0001032 seconds, Stopping threads took: 0.0000090 seconds
[2019-12-09T07:00:31.884+0000][1][safepoint    ] Application time: 0.0000701 seconds
[2019-12-09T07:00:31.884+0000][1][safepoint    ] Entering safepoint region: RevokeBias
[2019-12-09T07:00:31.884+0000][1][safepoint    ] Leaving safepoint region
[2019-12-09T07:00:31.884+0000][1][safepoint    ] Total time for which application threads were stopped: 0.0000887 seconds, Stopping threads took: 0.0000078 seconds
[2019-12-09T07:00:31.884+0000][1][safepoint    ] Application time: 0.0000470 seconds
[2019-12-09T07:00:31.884+0000][1][safepoint    ] Entering safepoint region: RevokeBias
[2019-12-09T07:00:31.884+0000][1][safepoint    ] Leaving safepoint region
[2019-12-09T07:00:31.884+0000][1][safepoint    ] Total time for which application threads were stopped: 0.0000796 seconds, Stopping threads took: 0.0000076 seconds
[2019-12-09T07:00:32.805+0000][1][safepoint    ] Application time: 0.9209447 seconds
[2019-12-09T07:00:32.805+0000][1][safepoint    ] Entering safepoint region: Deoptimize
[2019-12-09T07:00:32.806+0000][1][safepoint    ] Leaving safepoint region
[2019-12-09T07:00:32.806+0000][1][safepoint    ] Total time for which application threads were stopped: 0.0004124 seconds, Stopping threads took: 0.0000139 seconds
[2019-12-09T07:00:32.806+0000][1][safepoint    ] Application time: 0.0005851 seconds
[2019-12-09T07:00:32.806+0000][1][safepoint    ] Entering safepoint region: Deoptimize
[2019-12-09T07:00:32.807+0000][1][safepoint    ] Leaving safepoint region
[2019-12-09T07:00:32.807+0000][1][safepoint    ] Total time for which application threads were stopped: 0.0003548 seconds, Stopping threads took: 0.0000126 seconds
[2019-12-09T07:00:33.807+0000][1][safepoint    ] Application time: 1.0001292 seconds
[2019-12-09T07:00:33.849+0000][1][safepoint    ] Entering safepoint region: Cleanup
[2019-12-09T07:00:33.849+0000][1][safepoint    ] Leaving safepoint region
[2019-12-09T07:00:33.849+0000][1][safepoint    ] Total time for which application threads were stopped: 0.0424827 seconds, Stopping threads took: 0.0424101 seconds
[2019-12-09T07:00:34.854+0000][1][safepoint    ] Application time: 1.0044391 seconds
[2019-12-09T07:00:34.859+0000][1][safepoint    ] Entering safepoint region: Cleanup
[2019-12-09T07:00:34.859+0000][1][safepoint    ] Leaving safepoint region
[2019-12-09T07:00:34.859+0000][1][safepoint    ] Total time for which application threads were stopped: 0.0051642 seconds, Stopping threads took: 0.0051042 seconds
[2019-12-09T07:00:34.986+0000][1][safepoint    ] Application time: 0.1270191 seconds
[2019-12-09T07:00:34.986+0000][1][safepoint    ] Entering safepoint region: GenCollectForAllocation
[2019-12-09T07:00:34.986+0000][1][gc,start     ] GC(3) Pause Young (Allocation Failure)
[2019-12-09T07:00:34.986+0000][1][gc,task      ] GC(3) Using 2 workers of 2 for evacuation
[2019-12-09T07:00:35.117+0000][1][gc,age       ] GC(3) Desired survivor size 4456448 bytes, new threshold 3 (max threshold 6)
[2019-12-09T07:00:35.117+0000][1][gc,age       ] GC(3) Age table with threshold 3 (max threshold 6)
[2019-12-09T07:00:35.117+0000][1][gc,age       ] GC(3) - age   1:    3640784 bytes,    3640784 total
[2019-12-09T07:00:35.117+0000][1][gc,age       ] GC(3) - age   2:     440312 bytes,    4081096 total
[2019-12-09T07:00:35.117+0000][1][gc,age       ] GC(3) - age   3:    1003888 bytes,    5084984 total
[2019-12-09T07:00:35.117+0000][1][gc,heap      ] GC(3) ParNew: 71986K->5633K(78656K)
[2019-12-09T07:00:35.117+0000][1][gc,heap      ] GC(3) CMS: 7019K->7019K(174784K)
[2019-12-09T07:00:35.117+0000][1][gc,metaspace ] GC(3) Metaspace: 18645K->18645K(1067008K)
[2019-12-09T07:00:35.117+0000][1][gc           ] GC(3) Pause Young (Allocation Failure) 77M->12M(247M) 130.977ms
[2019-12-09T07:00:35.117+0000][1][gc,cpu       ] GC(3) User=0.03s Sys=0.00s Real=0.13s
[2019-12-09T07:00:35.117+0000][1][safepoint    ] Leaving safepoint region
[2019-12-09T07:00:35.117+0000][1][safepoint    ] Total time for which application threads were stopped: 0.1311138 seconds, Stopping threads took: 0.0000129 seconds
[2019-12-09T07:00:35.125+0000][1][safepoint    ] Application time: 0.0076176 seconds
[2019-12-09T07:00:35.139+0000][1][safepoint    ] Entering safepoint region: BulkRevokeBias
[2019-12-09T07:00:35.139+0000][1][safepoint    ] Leaving safepoint region
[2019-12-09T07:00:35.139+0000][1][safepoint    ] Total time for which application threads were stopped: 0.0143200 seconds, Stopping threads took: 0.0141879 seconds
[2019-12-09T07:00:35.139+0000][1][safepoint    ] Application time: 0.0001168 seconds
[2019-12-09T07:00:35.139+0000][1][safepoint    ] Entering safepoint region: RevokeBias
[2019-12-09T07:00:35.139+0000][1][safepoint    ] Leaving safepoint region
[2019-12-09T07:00:35.139+0000][1][safepoint    ] Total time for which application threads were stopped: 0.0000497 seconds, Stopping threads took: 0.0000098 seconds
[2019-12-09T07:00:35.139+0000][1][safepoint    ] Application time: 0.0000670 seconds
[2019-12-09T07:00:35.139+0000][1][safepoint    ] Entering safepoint region: RevokeBias
[2019-12-09T07:00:35.139+0000][1][safepoint    ] Leaving safepoint region
[2019-12-09T07:00:35.139+0000][1][safepoint    ] Total time for which application threads were stopped: 0.0000462 seconds, Stopping threads took: 0.0000083 seconds
[2019-12-09T07:00:35.139+0000][1][safepoint    ] Application time: 0.0000500 seconds
[2019-12-09T07:00:35.139+0000][1][safepoint    ] Entering safepoint region: RevokeBias
[2019-12-09T07:00:35.139+0000][1][safepoint    ] Leaving safepoint region
[2019-12-09T07:00:35.140+0000][1][safepoint    ] Total time for which application threads were stopped: 0.0000436 seconds, Stopping threads took: 0.0000084 seconds
[2019-12-09T07:00:35.141+0000][1][safepoint    ] Application time: 0.0018763 seconds
[2019-12-09T07:00:35.141+0000][1][safepoint    ] Entering safepoint region: RevokeBias
[2019-12-09T07:00:35.141+0000][1][safepoint    ] Leaving safepoint region
[2019-12-09T07:00:35.141+0000][1][safepoint    ] Total time for which application threads were stopped: 0.0000637 seconds, Stopping threads took: 0.0000100 seconds
[2019-12-09T07:00:35.142+0000][1][safepoint    ] Application time: 0.0000556 seconds
[2019-12-09T07:00:35.142+0000][1][safepoint    ] Entering safepoint region: RevokeBias
[2019-12-09T07:00:35.142+0000][1][safepoint    ] Leaving safepoint region
[2019-12-09T07:00:35.142+0000][1][safepoint    ] Total time for which application threads were stopped: 0.0000439 seconds, Stopping threads took: 0.0000076 seconds
[2019-12-09T07:00:35.142+0000][1][safepoint    ] Application time: 0.0000625 seconds
[2019-12-09T07:00:35.142+0000][1][safepoint    ] Entering safepoint region: RevokeBias
[2019-12-09T07:00:35.142+0000][1][safepoint    ] Leaving safepoint region
[2019-12-09T07:00:35.142+0000][1][safepoint    ] Total time for which application threads were stopped: 0.0000605 seconds, Stopping threads took: 0.0000211 seconds
[2019-12-09T07:00:35.142+0000][1][safepoint    ] Application time: 0.0000523 seconds
[2019-12-09T07:00:35.142+0000][1][safepoint    ] Entering safepoint region: RevokeBias
[2019-12-09T07:00:35.142+0000][1][safepoint    ] Leaving safepoint region
[2019-12-09T07:00:35.142+0000][1][safepoint    ] Total time for which application threads were stopped: 0.0000411 seconds, Stopping threads took: 0.0000066 seconds
[2019-12-09T07:00:35.142+0000][1][safepoint    ] Application time: 0.0000457 seconds
[2019-12-09T07:00:35.142+0000][1][safepoint    ] Entering safepoint region: RevokeBias
[2019-12-09T07:00:35.142+0000][1][safepoint    ] Leaving safepoint region
[2019-12-09T07:00:35.142+0000][1][safepoint    ] Total time for which application threads were stopped: 0.0000406 seconds, Stopping threads took: 0.0000071 seconds
[2019-12-09T07:00:35.142+0000][1][safepoint    ] Application time: 0.0000519 seconds
[2019-12-09T07:00:35.142+0000][1][safepoint    ] Entering safepoint region: RevokeBias
[2019-12-09T07:00:35.142+0000][1][safepoint    ] Leaving safepoint region
[2019-12-09T07:00:35.142+0000][1][safepoint    ] Total time for which application threads were stopped: 0.0000411 seconds, Stopping threads took: 0.0000071 seconds
[2019-12-09T07:00:35.142+0000][1][safepoint    ] Application time: 0.0000452 seconds
[2019-12-09T07:00:35.142+0000][1][safepoint    ] Entering safepoint region: RevokeBias
[2019-12-09T07:00:35.142+0000][1][safepoint    ] Leaving safepoint region
[2019-12-09T07:00:35.142+0000][1][safepoint    ] Total time for which application threads were stopped: 0.0000405 seconds, Stopping threads took: 0.0000072 seconds
[2019-12-09T07:00:35.142+0000][1][safepoint    ] Application time: 0.0000489 seconds
[2019-12-09T07:00:35.142+0000][1][safepoint    ] Entering safepoint region: RevokeBias
[2019-12-09T07:00:35.142+0000][1][safepoint    ] Leaving safepoint region
[2019-12-09T07:00:35.142+0000][1][safepoint    ] Total time for which application threads were stopped: 0.0000402 seconds, Stopping threads took: 0.0000070 seconds
[2019-12-09T07:00:35.142+0000][1][safepoint    ] Application time: 0.0000445 seconds
[2019-12-09T07:00:35.142+0000][1][safepoint    ] Entering safepoint region: RevokeBias
[2019-12-09T07:00:35.142+0000][1][safepoint    ] Leaving safepoint region
[2019-12-09T07:00:35.142+0000][1][safepoint    ] Total time for which application threads were stopped: 0.0000399 seconds, Stopping threads took: 0.0000072 seconds
[2019-12-09T07:00:35.142+0000][1][safepoint    ] Application time: 0.0000462 seconds
[2019-12-09T07:00:35.142+0000][1][safepoint    ] Entering safepoint region: RevokeBias
[2019-12-09T07:00:35.142+0000][1][safepoint    ] Leaving safepoint region
[2019-12-09T07:00:35.142+0000][1][safepoint    ] Total time for which application threads were stopped: 0.0000394 seconds, Stopping threads took: 0.0000072 seconds
[2019-12-09T07:00:35.143+0000][1][safepoint    ] Application time: 0.0000443 seconds
[2019-12-09T07:00:35.143+0000][1][safepoint    ] Entering safepoint region: RevokeBias
[2019-12-09T07:00:35.143+0000][1][safepoint    ] Leaving safepoint region
[2019-12-09T07:00:35.143+0000][1][safepoint    ] Total time for which application threads were stopped: 0.0000464 seconds, Stopping threads took: 0.0000073 seconds
[2019-12-09T07:00:35.143+0000][1][safepoint    ] Application time: 0.0000535 seconds
[2019-12-09T07:00:35.143+0000][1][safepoint    ] Entering safepoint region: RevokeBias
[2019-12-09T07:00:35.143+0000][1][safepoint    ] Leaving safepoint region
[2019-12-09T07:00:35.143+0000][1][safepoint    ] Total time for which application threads were stopped: 0.0000403 seconds, Stopping threads took: 0.0000071 seconds
[2019-12-09T07:00:35.143+0000][1][safepoint    ] Application time: 0.0000567 seconds
[2019-12-09T07:00:35.143+0000][1][safepoint    ] Entering safepoint region: RevokeBias
[2019-12-09T07:00:35.143+0000][1][safepoint    ] Leaving safepoint region
[2019-12-09T07:00:35.143+0000][1][safepoint    ] Total time for which application threads were stopped: 0.0000420 seconds, Stopping threads took: 0.0000071 seconds
[2019-12-09T07:00:35.143+0000][1][safepoint    ] Application time: 0.0000449 seconds
[2019-12-09T07:00:35.143+0000][1][safepoint    ] Entering safepoint region: RevokeBias
[2019-12-09T07:00:35.143+0000][1][safepoint    ] Leaving safepoint region
[2019-12-09T07:00:35.143+0000][1][safepoint    ] Total time for which application threads were stopped: 0.0000329 seconds, Stopping threads took: 0.0000057 seconds
[2019-12-09T07:00:35.143+0000][1][safepoint    ] Application time: 0.0000527 seconds
[2019-12-09T07:00:35.143+0000][1][safepoint    ] Entering safepoint region: RevokeBias
[2019-12-09T07:00:35.143+0000][1][safepoint    ] Leaving safepoint region
[2019-12-09T07:00:35.143+0000][1][safepoint    ] Total time for which application threads were stopped: 0.0000393 seconds, Stopping threads took: 0.0000071 seconds
[2019-12-09T07:00:35.143+0000][1][safepoint    ] Application time: 0.0000537 seconds
[2019-12-09T07:00:35.143+0000][1][safepoint    ] Entering safepoint region: RevokeBias
[2019-12-09T07:00:35.143+0000][1][safepoint    ] Leaving safepoint region
[2019-12-09T07:00:35.143+0000][1][safepoint    ] Total time for which application threads were stopped: 0.0000437 seconds, Stopping threads took: 0.0000078 seconds
[2019-12-09T07:00:35.143+0000][1][safepoint    ] Application time: 0.0000498 seconds
[2019-12-09T07:00:35.143+0000][1][safepoint    ] Entering safepoint region: RevokeBias
[2019-12-09T07:00:35.143+0000][1][safepoint    ] Leaving safepoint region
[2019-12-09T07:00:35.143+0000][1][safepoint    ] Total time for which application threads were stopped: 0.0000441 seconds, Stopping threads took: 0.0000079 seconds
[2019-12-09T07:00:35.145+0000][1][safepoint    ] Application time: 0.0015714 seconds
[2019-12-09T07:00:35.296+0000][1][safepoint    ] Entering safepoint region: RevokeBias
[2019-12-09T07:00:35.296+0000][1][safepoint    ] Leaving safepoint region
[2019-12-09T07:00:35.296+0000][1][safepoint    ] Total time for which application threads were stopped: 0.1510833 seconds, Stopping threads took: 0.1509944 seconds
[2019-12-09T07:00:36.302+0000][1][safepoint    ] Application time: 1.0058953 seconds
[2019-12-09T07:00:36.369+0000][1][safepoint    ] Entering safepoint region: Cleanup
[2019-12-09T07:00:36.369+0000][1][safepoint    ] Leaving safepoint region
[2019-12-09T07:00:36.369+0000][1][safepoint    ] Total time for which application threads were stopped: 0.0669946 seconds, Stopping threads took: 0.0669330 seconds
[2019-12-09T07:00:36.468+0000][1][safepoint    ] Application time: 0.0989492 seconds
[2019-12-09T07:00:36.468+0000][1][safepoint    ] Entering safepoint region: GenCollectForAllocation
[2019-12-09T07:00:36.468+0000][1][gc,start     ] GC(4) Pause Young (Allocation Failure)
[2019-12-09T07:00:36.468+0000][1][gc,task      ] GC(4) Using 2 workers of 2 for evacuation
[2019-12-09T07:00:36.551+0000][1][gc,age       ] GC(4) Desired survivor size 4456448 bytes, new threshold 2 (max threshold 6)
[2019-12-09T07:00:36.551+0000][1][gc,age       ] GC(4) Age table with threshold 2 (max threshold 6)
[2019-12-09T07:00:36.551+0000][1][gc,age       ] GC(4) - age   1:    1403952 bytes,    1403952 total
[2019-12-09T07:00:36.551+0000][1][gc,age       ] GC(4) - age   2:    3270224 bytes,    4674176 total
[2019-12-09T07:00:36.551+0000][1][gc,age       ] GC(4) - age   3:     440312 bytes,    5114488 total
[2019-12-09T07:00:36.551+0000][1][gc,heap      ] GC(4) ParNew: 75585K->6107K(78656K)
[2019-12-09T07:00:36.551+0000][1][gc,heap      ] GC(4) CMS: 7019K->8013K(174784K)
[2019-12-09T07:00:36.551+0000][1][gc,metaspace ] GC(4) Metaspace: 18846K->18846K(1067008K)
[2019-12-09T07:00:36.551+0000][1][gc           ] GC(4) Pause Young (Allocation Failure) 80M->13M(247M) 83.140ms
[2019-12-09T07:00:36.551+0000][1][gc,cpu       ] GC(4) User=0.03s Sys=0.00s Real=0.08s
[2019-12-09T07:00:36.551+0000][1][safepoint    ] Leaving safepoint region
[2019-12-09T07:00:36.551+0000][1][safepoint    ] Total time for which application threads were stopped: 0.0832670 seconds, Stopping threads took: 0.0000126 seconds
[2019-12-09T07:00:36.586+0000][1][safepoint    ] Application time: 0.0347444 seconds
[2019-12-09T07:00:36.654+0000][1][safepoint    ] Entering safepoint region: RevokeBias
[2019-12-09T07:00:36.654+0000][1][safepoint    ] Leaving safepoint region
[2019-12-09T07:00:36.654+0000][1][safepoint    ] Total time for which application threads were stopped: 0.0679604 seconds, Stopping threads took: 0.0678760 seconds
[2019-12-09T07:00:36.654+0000][1][safepoint    ] Application time: 0.0000731 seconds
[2019-12-09T07:00:36.654+0000][1][safepoint    ] Entering safepoint region: RevokeBias
[2019-12-09T07:00:36.654+0000][1][safepoint    ] Leaving safepoint region
[2019-12-09T07:00:36.654+0000][1][safepoint    ] Total time for which application threads were stopped: 0.0000426 seconds, Stopping threads took: 0.0000089 seconds
[2019-12-09T07:00:36.654+0000][1][safepoint    ] Application time: 0.0000568 seconds
[2019-12-09T07:00:36.654+0000][1][safepoint    ] Entering safepoint region: RevokeBias
[2019-12-09T07:00:36.654+0000][1][safepoint    ] Leaving safepoint region
[2019-12-09T07:00:36.654+0000][1][safepoint    ] Total time for which application threads were stopped: 0.0000361 seconds, Stopping threads took: 0.0000076 seconds
[2019-12-09T07:00:36.654+0000][1][safepoint    ] Application time: 0.0000445 seconds
[2019-12-09T07:00:36.654+0000][1][safepoint    ] Entering safepoint region: RevokeBias
[2019-12-09T07:00:36.654+0000][1][safepoint    ] Leaving safepoint region
[2019-12-09T07:00:36.654+0000][1][safepoint    ] Total time for which application threads were stopped: 0.0000356 seconds, Stopping threads took: 0.0000074 seconds
[2019-12-09T07:00:36.805+0000][1][safepoint    ] Application time: 0.1504078 seconds
[2019-12-09T07:00:36.805+0000][1][safepoint    ] Entering safepoint region: Deoptimize
[2019-12-09T07:00:36.805+0000][1][safepoint    ] Leaving safepoint region
[2019-12-09T07:00:36.805+0000][1][safepoint    ] Total time for which application threads were stopped: 0.0004436 seconds, Stopping threads took: 0.0000126 seconds
[2019-12-09T07:00:37.223+0000][1][safepoint    ] Application time: 0.4175179 seconds
[2019-12-09T07:00:37.223+0000][1][safepoint    ] Entering safepoint region: Deoptimize
[2019-12-09T07:00:37.223+0000][1][safepoint    ] Leaving safepoint region
[2019-12-09T07:00:37.223+0000][1][safepoint    ] Total time for which application threads were stopped: 0.0004453 seconds, Stopping threads took: 0.0000121 seconds
[2019-12-09T07:00:37.227+0000][1][safepoint    ] Application time: 0.0039839 seconds
[2019-12-09T07:00:37.227+0000][1][safepoint    ] Entering safepoint region: RevokeBias
[2019-12-09T07:00:37.227+0000][1][safepoint    ] Leaving safepoint region
[2019-12-09T07:00:37.227+0000][1][safepoint    ] Total time for which application threads were stopped: 0.0000690 seconds, Stopping threads took: 0.0000115 seconds
[2019-12-09T07:00:37.746+0000][1][safepoint    ] Application time: 0.5192027 seconds
[2019-12-09T07:00:37.746+0000][1][safepoint    ] Entering safepoint region: RevokeBias
[2019-12-09T07:00:37.746+0000][1][safepoint    ] Leaving safepoint region
[2019-12-09T07:00:37.746+0000][1][safepoint    ] Total time for which application threads were stopped: 0.0000877 seconds, Stopping threads took: 0.0000134 seconds
[2019-12-09T07:00:37.747+0000][1][safepoint    ] Application time: 0.0004322 seconds
[2019-12-09T07:00:37.747+0000][1][safepoint    ] Entering safepoint region: RevokeBias
[2019-12-09T07:00:37.747+0000][1][safepoint    ] Leaving safepoint region
[2019-12-09T07:00:37.747+0000][1][safepoint    ] Total time for which application threads were stopped: 0.0000575 seconds, Stopping threads took: 0.0000113 seconds
[2019-12-09T07:00:37.748+0000][1][safepoint    ] Application time: 0.0006930 seconds
[2019-12-09T07:00:37.748+0000][1][safepoint    ] Entering safepoint region: RevokeBias
[2019-12-09T07:00:37.748+0000][1][safepoint    ] Leaving safepoint region
[2019-12-09T07:00:37.748+0000][1][safepoint    ] Total time for which application threads were stopped: 0.0000493 seconds, Stopping threads took: 0.0000110 seconds
[2019-12-09T07:00:37.752+0000][1][safepoint    ] Application time: 0.0039108 seconds
[2019-12-09T07:00:37.752+0000][1][safepoint    ] Entering safepoint region: RevokeBias
[2019-12-09T07:00:37.845+0000][1][safepoint    ] Leaving safepoint region
[2019-12-09T07:00:37.845+0000][1][safepoint    ] Total time for which application threads were stopped: 0.0931692 seconds, Stopping threads took: 0.0000105 seconds
[2019-12-09T07:00:37.846+0000][1][safepoint    ] Application time: 0.0006599 seconds
[2019-12-09T07:00:37.846+0000][1][safepoint    ] Entering safepoint region: RevokeBias
[2019-12-09T07:00:37.846+0000][1][safepoint    ] Leaving safepoint region
[2019-12-09T07:00:37.846+0000][1][safepoint    ] Total time for which application threads were stopped: 0.0000679 seconds, Stopping threads took: 0.0000134 seconds
[2019-12-09T07:00:38.146+0000][1][safepoint    ] Application time: 0.2999307 seconds
[2019-12-09T07:00:38.146+0000][1][safepoint    ] Entering safepoint region: GenCollectForAllocation
[2019-12-09T07:00:38.146+0000][1][gc,start     ] GC(5) Pause Young (Allocation Failure)
[2019-12-09T07:00:38.146+0000][1][gc,task      ] GC(5) Using 2 workers of 2 for evacuation
[2019-12-09T07:00:38.254+0000][1][gc,age       ] GC(5) Desired survivor size 4456448 bytes, new threshold 6 (max threshold 6)
[2019-12-09T07:00:38.254+0000][1][gc,age       ] GC(5) Age table with threshold 6 (max threshold 6)
[2019-12-09T07:00:38.254+0000][1][gc,age       ] GC(5) - age   1:    2582192 bytes,    2582192 total
[2019-12-09T07:00:38.254+0000][1][gc,age       ] GC(5) - age   2:     442360 bytes,    3024552 total
[2019-12-09T07:00:38.254+0000][1][gc,heap      ] GC(5) ParNew: 76059K->4763K(78656K)
[2019-12-09T07:00:38.254+0000][1][gc,heap      ] GC(5) CMS: 8013K->11667K(174784K)
[2019-12-09T07:00:38.254+0000][1][gc,metaspace ] GC(5) Metaspace: 19192K->19192K(1067008K)
[2019-12-09T07:00:38.254+0000][1][gc           ] GC(5) Pause Young (Allocation Failure) 82M->16M(247M) 108.055ms
[2019-12-09T07:00:38.254+0000][1][gc,cpu       ] GC(5) User=0.03s Sys=0.00s Real=0.10s
[2019-12-09T07:00:38.254+0000][1][safepoint    ] Leaving safepoint region
[2019-12-09T07:00:38.254+0000][1][safepoint    ] Total time for which application threads were stopped: 0.1081974 seconds, Stopping threads took: 0.0000136 seconds
[2019-12-09T07:00:38.259+0000][1][safepoint    ] Application time: 0.0048914 seconds
[2019-12-09T07:00:38.278+0000][1][safepoint    ] Entering safepoint region: RevokeBias
[2019-12-09T07:00:38.278+0000][1][safepoint    ] Leaving safepoint region
[2019-12-09T07:00:38.278+0000][1][safepoint    ] Total time for which application threads were stopped: 0.0191748 seconds, Stopping threads took: 0.0191031 seconds
[2019-12-09T07:00:38.279+0000][1][safepoint    ] Application time: 0.0007900 seconds
[2019-12-09T07:00:38.279+0000][1][safepoint    ] Entering safepoint region: RevokeBias
[2019-12-09T07:00:38.279+0000][1][safepoint    ] Leaving safepoint region
[2019-12-09T07:00:38.279+0000][1][safepoint    ] Total time for which application threads were stopped: 0.0000784 seconds, Stopping threads took: 0.0000115 seconds
[2019-12-09T07:00:38.279+0000][1][safepoint    ] Application time: 0.0000634 seconds
[2019-12-09T07:00:38.279+0000][1][safepoint    ] Entering safepoint region: RevokeBias
[2019-12-09T07:00:38.279+0000][1][safepoint    ] Leaving safepoint region
[2019-12-09T07:00:38.279+0000][1][safepoint    ] Total time for which application threads were stopped: 0.0000434 seconds, Stopping threads took: 0.0000072 seconds
[2019-12-09T07:00:38.279+0000][1][safepoint    ] Application time: 0.0000433 seconds
[2019-12-09T07:00:38.279+0000][1][safepoint    ] Entering safepoint region: RevokeBias
[2019-12-09T07:00:38.279+0000][1][safepoint    ] Leaving safepoint region
[2019-12-09T07:00:38.279+0000][1][safepoint    ] Total time for which application threads were stopped: 0.0000385 seconds, Stopping threads took: 0.0000064 seconds
[2019-12-09T07:00:38.279+0000][1][safepoint    ] Application time: 0.0000481 seconds
[2019-12-09T07:00:38.279+0000][1][safepoint    ] Entering safepoint region: RevokeBias
[2019-12-09T07:00:38.279+0000][1][safepoint    ] Leaving safepoint region
[2019-12-09T07:00:38.279+0000][1][safepoint    ] Total time for which application threads were stopped: 0.0000357 seconds, Stopping threads took: 0.0000068 seconds
[2019-12-09T07:00:38.279+0000][1][safepoint    ] Application time: 0.0000422 seconds
[2019-12-09T07:00:38.279+0000][1][safepoint    ] Entering safepoint region: RevokeBias
[2019-12-09T07:00:38.279+0000][1][safepoint    ] Leaving safepoint region
[2019-12-09T07:00:38.279+0000][1][safepoint    ] Total time for which application threads were stopped: 0.0000558 seconds, Stopping threads took: 0.0000068 seconds
[2019-12-09T07:00:39.079+0000][1][safepoint    ] Application time: 0.7996048 seconds
[2019-12-09T07:00:39.079+0000][1][safepoint    ] Entering safepoint region: RevokeBias
[2019-12-09T07:00:39.079+0000][1][safepoint    ] Leaving safepoint region
[2019-12-09T07:00:39.079+0000][1][safepoint    ] Total time for which application threads were stopped: 0.0000771 seconds, Stopping threads took: 0.0000134 seconds
[2019-12-09T07:00:39.079+0000][1][safepoint    ] Application time: 0.0002186 seconds
[2019-12-09T07:00:39.079+0000][1][safepoint    ] Entering safepoint region: RevokeBias
[2019-12-09T07:00:39.079+0000][1][safepoint    ] Leaving safepoint region
[2019-12-09T07:00:39.079+0000][1][safepoint    ] Total time for which application threads were stopped: 0.0000462 seconds, Stopping threads took: 0.0000089 seconds
[2019-12-09T07:00:39.387+0000][1][safepoint    ] Application time: 0.3079895 seconds
[2019-12-09T07:00:39.387+0000][1][safepoint    ] Entering safepoint region: GenCollectForAllocation
[2019-12-09T07:00:39.387+0000][1][gc,start     ] GC(6) Pause Young (Allocation Failure)
[2019-12-09T07:00:39.387+0000][1][gc,task      ] GC(6) Using 2 workers of 2 for evacuation
[2019-12-09T07:00:39.481+0000][1][gc,age       ] GC(6) Desired survivor size 4456448 bytes, new threshold 3 (max threshold 6)
[2019-12-09T07:00:39.481+0000][1][gc,age       ] GC(6) Age table with threshold 3 (max threshold 6)
[2019-12-09T07:00:39.481+0000][1][gc,age       ] GC(6) - age   1:    1919584 bytes,    1919584 total
[2019-12-09T07:00:39.481+0000][1][gc,age       ] GC(6) - age   2:    2192632 bytes,    4112216 total
[2019-12-09T07:00:39.481+0000][1][gc,age       ] GC(6) - age   3:     442360 bytes,    4554576 total
[2019-12-09T07:00:39.481+0000][1][gc,heap      ] GC(6) ParNew: 74715K->6812K(78656K)
[2019-12-09T07:00:39.481+0000][1][gc,heap      ] GC(6) CMS: 11667K->11667K(174784K)
[2019-12-09T07:00:39.481+0000][1][gc,metaspace ] GC(6) Metaspace: 19494K->19494K(1067008K)
[2019-12-09T07:00:39.481+0000][1][gc           ] GC(6) Pause Young (Allocation Failure) 84M->18M(247M) 93.566ms
[2019-12-09T07:00:39.481+0000][1][gc,cpu       ] GC(6) User=0.02s Sys=0.00s Real=0.09s
[2019-12-09T07:00:39.481+0000][1][safepoint    ] Leaving safepoint region
[2019-12-09T07:00:39.481+0000][1][safepoint    ] Total time for which application threads were stopped: 0.0936993 seconds, Stopping threads took: 0.0000141 seconds
[2019-12-09T07:00:39.492+0000][1][safepoint    ] Application time: 0.0107101 seconds
[2019-12-09T07:00:39.532+0000][1][safepoint    ] Entering safepoint region: RevokeBias
[2019-12-09T07:00:39.532+0000][1][safepoint    ] Leaving safepoint region
[2019-12-09T07:00:39.532+0000][1][safepoint    ] Total time for which application threads were stopped: 0.0401184 seconds, Stopping threads took: 0.0400483 seconds
[2019-12-09T07:00:39.532+0000][1][safepoint    ] Application time: 0.0000677 seconds
[2019-12-09T07:00:39.532+0000][1][safepoint    ] Entering safepoint region: BulkRevokeBias
[2019-12-09T07:00:39.532+0000][1][safepoint    ] Leaving safepoint region
[2019-12-09T07:00:39.532+0000][1][safepoint    ] Total time for which application threads were stopped: 0.0000771 seconds, Stopping threads took: 0.0000079 seconds
[2019-12-09T07:00:39.532+0000][1][safepoint    ] Application time: 0.0000574 seconds
[2019-12-09T07:00:39.532+0000][1][safepoint    ] Entering safepoint region: BulkRevokeBias
[2019-12-09T07:00:39.532+0000][1][safepoint    ] Leaving safepoint region
[2019-12-09T07:00:39.532+0000][1][safepoint    ] Total time for which application threads were stopped: 0.0000582 seconds, Stopping threads took: 0.0000073 seconds
[2019-12-09T07:00:40.336+0000][1][safepoint    ] Application time: 0.8040987 seconds
[2019-12-09T07:00:40.336+0000][1][safepoint    ] Entering safepoint region: GenCollectForAllocation
[2019-12-09T07:00:40.336+0000][1][gc,start     ] GC(7) Pause Young (Allocation Failure)
[2019-12-09T07:00:40.336+0000][1][gc,task      ] GC(7) Using 2 workers of 2 for evacuation
[2019-12-09T07:00:40.462+0000][1][gc,age       ] GC(7) Desired survivor size 4456448 bytes, new threshold 3 (max threshold 6)
[2019-12-09T07:00:40.462+0000][1][gc,age       ] GC(7) Age table with threshold 3 (max threshold 6)
[2019-12-09T07:00:40.462+0000][1][gc,age       ] GC(7) - age   1:    2258464 bytes,    2258464 total
[2019-12-09T07:00:40.462+0000][1][gc,age       ] GC(7) - age   2:    1128768 bytes,    3387232 total
[2019-12-09T07:00:40.462+0000][1][gc,age       ] GC(7) - age   3:    2192552 bytes,    5579784 total
[2019-12-09T07:00:40.462+0000][1][gc,heap      ] GC(7) ParNew: 76764K->8374K(78656K)
[2019-12-09T07:00:40.462+0000][1][gc,heap      ] GC(7) CMS: 11667K->12103K(174784K)
[2019-12-09T07:00:40.462+0000][1][gc,metaspace ] GC(7) Metaspace: 19767K->19767K(1067008K)
[2019-12-09T07:00:40.462+0000][1][gc           ] GC(7) Pause Young (Allocation Failure) 86M->19M(247M) 125.584ms
[2019-12-09T07:00:40.462+0000][1][gc,cpu       ] GC(7) User=0.03s Sys=0.00s Real=0.12s
[2019-12-09T07:00:40.462+0000][1][safepoint    ] Leaving safepoint region
[2019-12-09T07:00:40.462+0000][1][safepoint    ] Total time for which application threads were stopped: 0.1257191 seconds, Stopping threads took: 0.0000142 seconds
[2019-12-09T07:00:40.955+0000][1][safepoint    ] Application time: 0.4934382 seconds
[2019-12-09T07:00:40.956+0000][1][safepoint    ] Entering safepoint region: CollectForMetadataAllocation
[2019-12-09T07:00:40.956+0000][1][safepoint    ] Leaving safepoint region
[2019-12-09T07:00:40.956+0000][1][safepoint    ] Total time for which application threads were stopped: 0.0002690 seconds, Stopping threads took: 0.0000128 seconds
[2019-12-09T07:00:41.101+0000][1][safepoint    ] Application time: 0.1453924 seconds
[2019-12-09T07:00:41.101+0000][1][safepoint    ] Entering safepoint region: CollectForMetadataAllocation
[2019-12-09T07:00:41.101+0000][1][safepoint    ] Leaving safepoint region
[2019-12-09T07:00:41.101+0000][1][safepoint    ] Total time for which application threads were stopped: 0.0002345 seconds, Stopping threads took: 0.0000130 seconds
[2019-12-09T07:00:42.103+0000][1][safepoint    ] Application time: 1.0012460 seconds
[2019-12-09T07:00:42.147+0000][1][safepoint    ] Entering safepoint region: Cleanup
[2019-12-09T07:00:42.147+0000][1][safepoint    ] Leaving safepoint region
[2019-12-09T07:00:42.147+0000][1][safepoint    ] Total time for which application threads were stopped: 0.0441360 seconds, Stopping threads took: 0.0440740 seconds
[2019-12-09T07:00:42.209+0000][1][safepoint    ] Application time: 0.0616072 seconds
[2019-12-09T07:00:42.209+0000][1][safepoint    ] Entering safepoint region: GenCollectForAllocation
[2019-12-09T07:00:42.209+0000][1][gc,start     ] GC(8) Pause Young (Allocation Failure)
[2019-12-09T07:00:42.209+0000][1][gc,task      ] GC(8) Using 2 workers of 2 for evacuation
[2019-12-09T07:00:42.320+0000][1][gc,age       ] GC(8) Desired survivor size 4456448 bytes, new threshold 6 (max threshold 6)
[2019-12-09T07:00:42.320+0000][1][gc,age       ] GC(8) Age table with threshold 6 (max threshold 6)
[2019-12-09T07:00:42.320+0000][1][gc,age       ] GC(8) - age   1:    1298360 bytes,    1298360 total
[2019-12-09T07:00:42.320+0000][1][gc,age       ] GC(8) - age   2:     354216 bytes,    1652576 total
[2019-12-09T07:00:42.321+0000][1][gc,age       ] GC(8) - age   3:    1128624 bytes,    2781200 total
[2019-12-09T07:00:42.321+0000][1][gc,heap      ] GC(8) ParNew: 78326K->5133K(78656K)
[2019-12-09T07:00:42.321+0000][1][gc,heap      ] GC(8) CMS: 12103K->14256K(174784K)
[2019-12-09T07:00:42.321+0000][1][gc,metaspace ] GC(8) Metaspace: 20584K->20584K(1069056K)
[2019-12-09T07:00:42.321+0000][1][gc           ] GC(8) Pause Young (Allocation Failure) 88M->18M(247M) 111.943ms
[2019-12-09T07:00:42.321+0000][1][gc,cpu       ] GC(8) User=0.03s Sys=0.00s Real=0.11s
[2019-12-09T07:00:42.321+0000][1][safepoint    ] Leaving safepoint region
[2019-12-09T07:00:42.321+0000][1][safepoint    ] Total time for which application threads were stopped: 0.1120733 seconds, Stopping threads took: 0.0000153 seconds
[2019-12-09T07:00:42.336+0000][1][safepoint    ] Application time: 0.0150736 seconds
[2019-12-09T07:00:42.396+0000][1][safepoint    ] Entering safepoint region: CMS_Initial_Mark
[2019-12-09T07:00:42.396+0000][1][gc,start     ] GC(9) Pause Initial Mark
[2019-12-09T07:00:42.399+0000][1][gc           ] GC(9) Pause Initial Mark 21M->21M(247M) 3.592ms
[2019-12-09T07:00:42.399+0000][1][gc,cpu       ] GC(9) User=0.00s Sys=0.00s Real=0.00s
[2019-12-09T07:00:42.399+0000][1][safepoint    ] Leaving safepoint region
[2019-12-09T07:00:42.400+0000][1][safepoint    ] Total time for which application threads were stopped: 0.0637596 seconds, Stopping threads took: 0.0600682 seconds
[2019-12-09T07:00:42.401+0000][1][gc           ] GC(9) Concurrent Mark
[2019-12-09T07:00:42.583+0000][1][gc           ] GC(9) Concurrent Mark 182.349ms
[2019-12-09T07:00:42.583+0000][1][gc,cpu       ] GC(9) User=0.06s Sys=0.00s Real=0.18s
[2019-12-09T07:00:42.583+0000][1][gc           ] GC(9) Concurrent Preclean
[2019-12-09T07:00:42.584+0000][1][gc           ] GC(9) Concurrent Preclean 0.563ms
[2019-12-09T07:00:42.584+0000][1][gc,cpu       ] GC(9) User=0.00s Sys=0.00s Real=0.00s
[2019-12-09T07:00:42.584+0000][1][gc           ] GC(9) Concurrent Abortable Preclean
[2019-12-09T07:00:43.283+0000][1][safepoint    ] Application time: 0.8833101 seconds
[2019-12-09T07:00:43.283+0000][1][safepoint    ] Entering safepoint region: GenCollectForAllocation
[2019-12-09T07:00:43.283+0000][1][gc,start     ] GC(10) Pause Young (Allocation Failure)
[2019-12-09T07:00:43.283+0000][1][gc,task      ] GC(10) Using 2 workers of 2 for evacuation
[2019-12-09T07:00:43.330+0000][1][gc           ] GC(9) Concurrent Abortable Preclean 745.973ms
[2019-12-09T07:00:43.330+0000][1][gc,cpu       ] GC(9) User=0.20s Sys=0.01s Real=0.75s
[2019-12-09T07:00:43.429+0000][1][gc,age       ] GC(10) Desired survivor size 4456448 bytes, new threshold 6 (max threshold 6)
[2019-12-09T07:00:43.429+0000][1][gc,age       ] GC(10) Age table with threshold 6 (max threshold 6)
[2019-12-09T07:00:43.429+0000][1][gc,age       ] GC(10) - age   1:     741432 bytes,     741432 total
[2019-12-09T07:00:43.429+0000][1][gc,age       ] GC(10) - age   2:     656800 bytes,    1398232 total
[2019-12-09T07:00:43.429+0000][1][gc,age       ] GC(10) - age   3:     354216 bytes,    1752448 total
[2019-12-09T07:00:43.429+0000][1][gc,age       ] GC(10) - age   4:    1128624 bytes,    2881072 total
[2019-12-09T07:00:43.429+0000][1][gc,heap      ] GC(10) ParNew: 75085K->4603K(78656K)
[2019-12-09T07:00:43.429+0000][1][gc,heap      ] GC(10) CMS: 14256K->14256K(174784K)
[2019-12-09T07:00:43.429+0000][1][gc,metaspace ] GC(10) Metaspace: 20692K->20692K(1069056K)
[2019-12-09T07:00:43.429+0000][1][gc           ] GC(10) Pause Young (Allocation Failure) 87M->18M(247M) 146.051ms
[2019-12-09T07:00:43.429+0000][1][gc,cpu       ] GC(10) User=0.01s Sys=0.00s Real=0.15s
[2019-12-09T07:00:43.429+0000][1][safepoint    ] Leaving safepoint region
[2019-12-09T07:00:43.429+0000][1][safepoint    ] Total time for which application threads were stopped: 0.1461899 seconds, Stopping threads took: 0.0000144 seconds
[2019-12-09T07:00:43.431+0000][1][safepoint    ] Application time: 0.0016551 seconds
[2019-12-09T07:00:43.431+0000][1][safepoint    ] Entering safepoint region: CMS_Final_Remark
[2019-12-09T07:00:43.431+0000][1][gc,start     ] GC(9) Pause Remark
[2019-12-09T07:00:43.443+0000][1][gc           ] GC(9) Pause Remark 19M->19M(247M) 11.735ms
[2019-12-09T07:00:43.443+0000][1][gc,cpu       ] GC(9) User=0.02s Sys=0.00s Real=0.01s
[2019-12-09T07:00:43.443+0000][1][safepoint    ] Leaving safepoint region
[2019-12-09T07:00:43.443+0000][1][safepoint    ] Total time for which application threads were stopped: 0.0118452 seconds, Stopping threads took: 0.0000164 seconds
[2019-12-09T07:00:43.445+0000][1][gc           ] GC(9) Concurrent Sweep
[2019-12-09T07:00:43.468+0000][1][gc           ] GC(9) Concurrent Sweep 22.832ms
[2019-12-09T07:00:43.468+0000][1][gc,cpu       ] GC(9) User=0.01s Sys=0.00s Real=0.02s
[2019-12-09T07:00:43.468+0000][1][gc           ] GC(9) Concurrent Reset
[2019-12-09T07:00:43.484+0000][1][gc           ] GC(9) Concurrent Reset 16.314ms
[2019-12-09T07:00:43.484+0000][1][gc,cpu       ] GC(9) User=0.01s Sys=0.00s Real=0.01s
[2019-12-09T07:00:43.484+0000][1][gc,heap      ] GC(9) Old: 14256K->14245K(174784K)
[2019-12-09T07:00:44.371+0000][1][safepoint    ] Application time: 0.9284373 seconds
[2019-12-09T07:00:44.371+0000][1][safepoint    ] Entering safepoint region: GenCollectForAllocation
[2019-12-09T07:00:44.372+0000][1][gc,start     ] GC(11) Pause Young (Allocation Failure)
[2019-12-09T07:00:44.372+0000][1][gc,task      ] GC(11) Using 2 workers of 2 for evacuation
[2019-12-09T07:00:44.406+0000][1][gc,age       ] GC(11) Desired survivor size 4456448 bytes, new threshold 6 (max threshold 6)
[2019-12-09T07:00:44.406+0000][1][gc,age       ] GC(11) Age table with threshold 6 (max threshold 6)
[2019-12-09T07:00:44.406+0000][1][gc,age       ] GC(11) - age   1:     640176 bytes,     640176 total
[2019-12-09T07:00:44.406+0000][1][gc,age       ] GC(11) - age   2:      97456 bytes,     737632 total
[2019-12-09T07:00:44.406+0000][1][gc,age       ] GC(11) - age   3:     656656 bytes,    1394288 total
[2019-12-09T07:00:44.406+0000][1][gc,age       ] GC(11) - age   4:     354112 bytes,    1748400 total
[2019-12-09T07:00:44.406+0000][1][gc,age       ] GC(11) - age   5:    1128336 bytes,    2876736 total
[2019-12-09T07:00:44.406+0000][1][gc,heap      ] GC(11) ParNew: 74555K->4028K(78656K)
[2019-12-09T07:00:44.406+0000][1][gc,heap      ] GC(11) CMS: 14245K->14245K(174784K)
[2019-12-09T07:00:44.406+0000][1][gc,metaspace ] GC(11) Metaspace: 20773K->20773K(1069056K)
[2019-12-09T07:00:44.406+0000][1][gc           ] GC(11) Pause Young (Allocation Failure) 86M->17M(247M) 34.297ms
[2019-12-09T07:00:44.406+0000][1][gc,cpu       ] GC(11) User=0.01s Sys=0.00s Real=0.04s
[2019-12-09T07:00:44.406+0000][1][safepoint    ] Leaving safepoint region
[2019-12-09T07:00:44.406+0000][1][safepoint    ] Total time for which application threads were stopped: 0.0348485 seconds, Stopping threads took: 0.0000126 seconds
[2019-12-09T07:00:45.228+0000][1][safepoint    ] Application time: 0.8221054 seconds
[2019-12-09T07:00:45.228+0000][1][safepoint    ] Entering safepoint region: Deoptimize
[2019-12-09T07:00:45.228+0000][1][safepoint    ] Leaving safepoint region
[2019-12-09T07:00:45.228+0000][1][safepoint    ] Total time for which application threads were stopped: 0.0004116 seconds, Stopping threads took: 0.0000134 seconds
[2019-12-09T07:00:46.243+0000][1][safepoint    ] Application time: 1.0142236 seconds
[2019-12-09T07:00:46.243+0000][1][safepoint    ] Entering safepoint region: Cleanup
[2019-12-09T07:00:46.243+0000][1][safepoint    ] Leaving safepoint region
[2019-12-09T07:00:46.243+0000][1][safepoint    ] Total time for which application threads were stopped: 0.0002828 seconds, Stopping threads took: 0.0002214 seconds
[2019-12-09T07:00:47.071+0000][1][safepoint    ] Application time: 0.8283677 seconds
[2019-12-09T07:00:47.071+0000][1][safepoint    ] Entering safepoint region: GenCollectForAllocation
[2019-12-09T07:00:47.072+0000][1][gc,start     ] GC(12) Pause Young (Allocation Failure)
[2019-12-09T07:00:47.072+0000][1][gc,task      ] GC(12) Using 2 workers of 2 for evacuation
[2019-12-09T07:00:47.177+0000][1][gc,age       ] GC(12) Desired survivor size 4456448 bytes, new threshold 6 (max threshold 6)
[2019-12-09T07:00:47.177+0000][1][gc,age       ] GC(12) Age table with threshold 6 (max threshold 6)
[2019-12-09T07:00:47.177+0000][1][gc,age       ] GC(12) - age   1:     812400 bytes,     812400 total
[2019-12-09T07:00:47.177+0000][1][gc,age       ] GC(12) - age   2:     305656 bytes,    1118056 total
[2019-12-09T07:00:47.177+0000][1][gc,age       ] GC(12) - age   3:      97456 bytes,    1215512 total
[2019-12-09T07:00:47.177+0000][1][gc,age       ] GC(12) - age   4:     656592 bytes,    1872104 total
[2019-12-09T07:00:47.177+0000][1][gc,age       ] GC(12) - age   5:     354112 bytes,    2226216 total
[2019-12-09T07:00:47.177+0000][1][gc,age       ] GC(12) - age   6:    1128336 bytes,    3354552 total
[2019-12-09T07:00:47.177+0000][1][gc,heap      ] GC(12) ParNew: 73980K->4167K(78656K)
[2019-12-09T07:00:47.177+0000][1][gc,heap      ] GC(12) CMS: 14245K->14245K(174784K)
[2019-12-09T07:00:47.177+0000][1][gc,metaspace ] GC(12) Metaspace: 22690K->22690K(1071104K)
[2019-12-09T07:00:47.177+0000][1][gc           ] GC(12) Pause Young (Allocation Failure) 86M->17M(247M) 105.220ms
[2019-12-09T07:00:47.177+0000][1][gc,cpu       ] GC(12) User=0.02s Sys=0.00s Real=0.11s
[2019-12-09T07:00:47.177+0000][1][safepoint    ] Leaving safepoint region
[2019-12-09T07:00:47.177+0000][1][safepoint    ] Total time for which application threads were stopped: 0.1053535 seconds, Stopping threads took: 0.0000132 seconds
[2019-12-09T07:00:48.203+0000][1][safepoint    ] Application time: 1.0258966 seconds
[2019-12-09T07:00:48.203+0000][1][safepoint    ] Entering safepoint region: Cleanup
[2019-12-09T07:00:48.203+0000][1][safepoint    ] Leaving safepoint region
[2019-12-09T07:00:48.203+0000][1][safepoint    ] Total time for which application threads were stopped: 0.0002443 seconds, Stopping threads took: 0.0000439 seconds
[2019-12-09T07:00:48.566+0000][1][safepoint    ] Application time: 0.3630084 seconds
[2019-12-09T07:00:48.566+0000][1][safepoint    ] Entering safepoint region: Deoptimize
[2019-12-09T07:00:48.566+0000][1][safepoint    ] Leaving safepoint region
[2019-12-09T07:00:48.566+0000][1][safepoint    ] Total time for which application threads were stopped: 0.0004196 seconds, Stopping threads took: 0.0000127 seconds
[2019-12-09T07:00:49.473+0000][1][safepoint    ] Application time: 0.9062368 seconds
[2019-12-09T07:00:49.473+0000][1][safepoint    ] Entering safepoint region: Deoptimize
[2019-12-09T07:00:49.473+0000][1][safepoint    ] Leaving safepoint region
[2019-12-09T07:00:49.473+0000][1][safepoint    ] Total time for which application threads were stopped: 0.0004315 seconds, Stopping threads took: 0.0000144 seconds
[2019-12-09T07:00:49.615+0000][1][safepoint    ] Application time: 0.1420778 seconds
[2019-12-09T07:00:49.615+0000][1][safepoint    ] Entering safepoint region: Deoptimize
[2019-12-09T07:00:49.616+0000][1][safepoint    ] Leaving safepoint region
[2019-12-09T07:00:49.616+0000][1][safepoint    ] Total time for which application threads were stopped: 0.0004603 seconds, Stopping threads took: 0.0000141 seconds
[2019-12-09T07:00:49.620+0000][1][safepoint    ] Application time: 0.0038453 seconds
[2019-12-09T07:00:49.620+0000][1][safepoint    ] Entering safepoint region: Deoptimize
[2019-12-09T07:00:49.620+0000][1][safepoint    ] Leaving safepoint region
[2019-12-09T07:00:49.620+0000][1][safepoint    ] Total time for which application threads were stopped: 0.0004528 seconds, Stopping threads took: 0.0000132 seconds
[2019-12-09T07:00:50.622+0000][1][safepoint    ] Application time: 1.0016243 seconds
[2019-12-09T07:00:50.659+0000][1][safepoint    ] Entering safepoint region: Cleanup
[2019-12-09T07:00:50.659+0000][1][safepoint    ] Leaving safepoint region
[2019-12-09T07:00:50.659+0000][1][safepoint    ] Total time for which application threads were stopped: 0.0370239 seconds, Stopping threads took: 0.0369715 seconds
[2019-12-09T07:00:51.178+0000][1][safepoint    ] Application time: 0.5189088 seconds
[2019-12-09T07:00:51.178+0000][1][safepoint    ] Entering safepoint region: RevokeBias
[2019-12-09T07:00:51.178+0000][1][safepoint    ] Leaving safepoint region
[2019-12-09T07:00:51.178+0000][1][safepoint    ] Total time for which application threads were stopped: 0.0000914 seconds, Stopping threads took: 0.0000124 seconds
[2019-12-09T07:00:52.181+0000][1][safepoint    ] Application time: 1.0028601 seconds
[2019-12-09T07:00:52.186+0000][1][safepoint    ] Entering safepoint region: Cleanup
[2019-12-09T07:00:52.186+0000][1][safepoint    ] Leaving safepoint region
[2019-12-09T07:00:52.186+0000][1][safepoint    ] Total time for which application threads were stopped: 0.0052302 seconds, Stopping threads took: 0.0049174 seconds
[2019-12-09T07:00:53.192+0000][1][safepoint    ] Application time: 1.0057265 seconds
[2019-12-09T07:00:53.233+0000][1][safepoint    ] Entering safepoint region: Cleanup
[2019-12-09T07:00:53.233+0000][1][safepoint    ] Leaving safepoint region
[2019-12-09T07:00:53.233+0000][1][safepoint    ] Total time for which application threads were stopped: 0.0410765 seconds, Stopping threads took: 0.0410095 seconds
[2019-12-09T07:00:54.234+0000][1][safepoint    ] Application time: 1.0008820 seconds
[2019-12-09T07:00:54.250+0000][1][safepoint    ] Entering safepoint region: Cleanup
[2019-12-09T07:00:54.250+0000][1][safepoint    ] Leaving safepoint region
[2019-12-09T07:00:54.250+0000][1][safepoint    ] Total time for which application threads were stopped: 0.0158418 seconds, Stopping threads took: 0.0157929 seconds
[2019-12-09T07:00:54.807+0000][1][safepoint    ] Application time: 0.5568876 seconds
[2019-12-09T07:00:54.807+0000][1][safepoint    ] Entering safepoint region: RevokeBias
[2019-12-09T07:00:54.807+0000][1][safepoint    ] Leaving safepoint region
[2019-12-09T07:00:54.807+0000][1][safepoint    ] Total time for which application threads were stopped: 0.0000836 seconds, Stopping threads took: 0.0000148 seconds
[2019-12-09T07:00:54.957+0000][1][safepoint    ] Application time: 0.1502788 seconds
[2019-12-09T07:00:54.957+0000][1][safepoint    ] Entering safepoint region: GenCollectForAllocation
[2019-12-09T07:00:54.958+0000][1][gc,start     ] GC(13) Pause Young (Allocation Failure)
[2019-12-09T07:00:54.958+0000][1][gc,task      ] GC(13) Using 2 workers of 2 for evacuation
[2019-12-09T07:00:55.336+0000][1][gc,age       ] GC(13) Desired survivor size 4456448 bytes, new threshold 1 (max threshold 6)
[2019-12-09T07:00:55.336+0000][1][gc,age       ] GC(13) Age table with threshold 1 (max threshold 6)
[2019-12-09T07:00:55.336+0000][1][gc,age       ] GC(13) - age   1:    6720328 bytes,    6720328 total
[2019-12-09T07:00:55.337+0000][1][gc,age       ] GC(13) - age   2:     784248 bytes,    7504576 total
[2019-12-09T07:00:55.337+0000][1][gc,age       ] GC(13) - age   3:     305424 bytes,    7810000 total
[2019-12-09T07:00:55.337+0000][1][gc,age       ] GC(13) - age   4:      97272 bytes,    7907272 total
[2019-12-09T07:00:55.337+0000][1][gc,age       ] GC(13) - age   5:     653408 bytes,    8560680 total
[2019-12-09T07:00:55.337+0000][1][gc,age       ] GC(13) - age   6:     351920 bytes,    8912600 total
[2019-12-09T07:00:55.337+0000][1][gc,heap      ] GC(13) ParNew: 74119K->8704K(78656K)
[2019-12-09T07:00:55.337+0000][1][gc,heap      ] GC(13) CMS: 14245K->21867K(174784K)
[2019-12-09T07:00:55.337+0000][1][gc,metaspace ] GC(13) Metaspace: 27252K->27252K(1075200K)
[2019-12-09T07:00:55.337+0000][1][gc           ] GC(13) Pause Young (Allocation Failure) 86M->29M(247M) 378.808ms
[2019-12-09T07:00:55.337+0000][1][gc,cpu       ] GC(13) User=0.10s Sys=0.00s Real=0.38s
[2019-12-09T07:00:55.337+0000][1][safepoint    ] Leaving safepoint region
[2019-12-09T07:00:55.337+0000][1][safepoint    ] Total time for which application threads were stopped: 0.3794729 seconds, Stopping threads took: 0.0000871 seconds
[2019-12-09T07:00:56.338+0000][1][safepoint    ] Application time: 1.0010149 seconds
[2019-12-09T07:00:56.341+0000][1][safepoint    ] Entering safepoint region: Cleanup
[2019-12-09T07:00:56.341+0000][1][safepoint    ] Leaving safepoint region
[2019-12-09T07:00:56.341+0000][1][safepoint    ] Total time for which application threads were stopped: 0.0030823 seconds, Stopping threads took: 0.0030433 seconds
[2019-12-09T07:00:58.349+0000][1][safepoint    ] Application time: 2.0078674 seconds
[2019-12-09T07:00:58.354+0000][1][safepoint    ] Entering safepoint region: Cleanup
[2019-12-09T07:00:58.354+0000][1][safepoint    ] Leaving safepoint region
[2019-12-09T07:00:58.354+0000][1][safepoint    ] Total time for which application threads were stopped: 0.0050922 seconds, Stopping threads took: 0.0050433 seconds
[2019-12-09T07:00:59.389+0000][1][safepoint    ] Application time: 1.0348660 seconds
[2019-12-09T07:00:59.419+0000][1][safepoint    ] Entering safepoint region: Cleanup
[2019-12-09T07:00:59.419+0000][1][safepoint    ] Leaving safepoint region
[2019-12-09T07:00:59.419+0000][1][safepoint    ] Total time for which application threads were stopped: 0.0301558 seconds, Stopping threads took: 0.0301082 seconds
[2019-12-09T07:00:59.560+0000][1][safepoint    ] Application time: 0.1414276 seconds
[2019-12-09T07:00:59.560+0000][1][safepoint    ] Entering safepoint region: GenCollectForAllocation
[2019-12-09T07:00:59.560+0000][1][gc,start     ] GC(14) Pause Young (Allocation Failure)
[2019-12-09T07:00:59.560+0000][1][gc,task      ] GC(14) Using 2 workers of 2 for evacuation
[2019-12-09T07:01:00.335+0000][1][gc,age       ] GC(14) Desired survivor size 4456448 bytes, new threshold 1 (max threshold 6)
[2019-12-09T07:01:00.335+0000][1][gc,age       ] GC(14) Age table with threshold 1 (max threshold 6)
[2019-12-09T07:01:00.335+0000][1][gc,age       ] GC(14) - age   1:    8866016 bytes,    8866016 total
[2019-12-09T07:01:00.335+0000][1][gc,heap      ] GC(14) ParNew: 78656K->8704K(78656K)
[2019-12-09T07:01:00.335+0000][1][gc,heap      ] GC(14) CMS: 21867K->34605K(174784K)
[2019-12-09T07:01:00.335+0000][1][gc,metaspace ] GC(14) Metaspace: 27284K->27284K(1075200K)
[2019-12-09T07:01:00.335+0000][1][gc           ] GC(14) Pause Young (Allocation Failure) 98M->42M(247M) 774.780ms
[2019-12-09T07:01:00.335+0000][1][gc,cpu       ] GC(14) User=0.18s Sys=0.00s Real=0.78s
[2019-12-09T07:01:00.335+0000][1][safepoint    ] Leaving safepoint region
[2019-12-09T07:01:00.335+0000][1][safepoint    ] Total time for which application threads were stopped: 0.7749133 seconds, Stopping threads took: 0.0000139 seconds
[2019-12-09T07:01:02.341+0000][1][safepoint    ] Application time: 2.0056418 seconds
[2019-12-09T07:01:02.350+0000][1][safepoint    ] Entering safepoint region: Cleanup
[2019-12-09T07:01:02.350+0000][1][safepoint    ] Leaving safepoint region
[2019-12-09T07:01:02.350+0000][1][safepoint    ] Total time for which application threads were stopped: 0.0088001 seconds, Stopping threads took: 0.0087531 seconds
[2019-12-09T07:01:03.352+0000][1][safepoint    ] Application time: 1.0019083 seconds
[2019-12-09T07:01:03.583+0000][1][safepoint    ] Entering safepoint region: Cleanup
[2019-12-09T07:01:03.583+0000][1][safepoint    ] Leaving safepoint region
[2019-12-09T07:01:03.583+0000][1][safepoint    ] Total time for which application threads were stopped: 0.2310661 seconds, Stopping threads took: 0.2309978 seconds
[2019-12-09T07:01:04.595+0000][1][safepoint    ] Application time: 1.0118929 seconds
[2019-12-09T07:01:04.595+0000][1][safepoint    ] Entering safepoint region: Cleanup
[2019-12-09T07:01:04.595+0000][1][safepoint    ] Leaving safepoint region
[2019-12-09T07:01:04.595+0000][1][safepoint    ] Total time for which application threads were stopped: 0.0001167 seconds, Stopping threads took: 0.0000515 seconds
[2019-12-09T07:01:05.086+0000][1][safepoint    ] Application time: 0.4911963 seconds
[2019-12-09T07:01:05.086+0000][1][safepoint    ] Entering safepoint region: GenCollectForAllocation
[2019-12-09T07:01:05.086+0000][1][gc,start     ] GC(15) Pause Young (Allocation Failure)
[2019-12-09T07:01:05.086+0000][1][gc,task      ] GC(15) Using 2 workers of 2 for evacuation
[2019-12-09T07:01:05.479+0000][1][gc,age       ] GC(15) Desired survivor size 4456448 bytes, new threshold 1 (max threshold 6)
[2019-12-09T07:01:05.479+0000][1][gc,age       ] GC(15) Age table with threshold 1 (max threshold 6)
[2019-12-09T07:01:05.479+0000][1][gc,age       ] GC(15) - age   1:    8912824 bytes,    8912824 total
[2019-12-09T07:01:05.479+0000][1][gc,heap      ] GC(15) ParNew: 78656K->8704K(78656K)
[2019-12-09T07:01:05.479+0000][1][gc,heap      ] GC(15) CMS: 34605K->45875K(174784K)
[2019-12-09T07:01:05.479+0000][1][gc,metaspace ] GC(15) Metaspace: 29088K->29088K(1077248K)
[2019-12-09T07:01:05.479+0000][1][gc           ] GC(15) Pause Young (Allocation Failure) 110M->53M(247M) 393.100ms
[2019-12-09T07:01:05.479+0000][1][gc,cpu       ] GC(15) User=0.12s Sys=0.00s Real=0.39s
[2019-12-09T07:01:05.479+0000][1][safepoint    ] Leaving safepoint region
[2019-12-09T07:01:05.479+0000][1][safepoint    ] Total time for which application threads were stopped: 0.3932589 seconds, Stopping threads took: 0.0000138 seconds
[2019-12-09T07:01:06.505+0000][1][safepoint    ] Application time: 1.0253305 seconds
[2019-12-09T07:01:06.565+0000][1][safepoint    ] Entering safepoint region: Cleanup
[2019-12-09T07:01:06.565+0000][1][safepoint    ] Leaving safepoint region
[2019-12-09T07:01:06.565+0000][1][safepoint    ] Total time for which application threads were stopped: 0.0600972 seconds, Stopping threads took: 0.0600370 seconds
[2019-12-09T07:01:07.573+0000][1][safepoint    ] Application time: 1.0078606 seconds
[2019-12-09T07:01:07.582+0000][1][safepoint    ] Entering safepoint region: Cleanup
[2019-12-09T07:01:07.582+0000][1][safepoint    ] Leaving safepoint region
[2019-12-09T07:01:07.582+0000][1][safepoint    ] Total time for which application threads were stopped: 0.0091198 seconds, Stopping threads took: 0.0090722 seconds
[2019-12-09T07:01:08.591+0000][1][safepoint    ] Application time: 1.0088197 seconds
[2019-12-09T07:01:08.614+0000][1][safepoint    ] Entering safepoint region: Cleanup
[2019-12-09T07:01:08.614+0000][1][safepoint    ] Leaving safepoint region
[2019-12-09T07:01:08.614+0000][1][safepoint    ] Total time for which application threads were stopped: 0.0231025 seconds, Stopping threads took: 0.0230311 seconds
[2019-12-09T07:01:08.976+0000][1][safepoint    ] Application time: 0.3623698 seconds
[2019-12-09T07:01:08.976+0000][1][safepoint    ] Entering safepoint region: GenCollectForAllocation
[2019-12-09T07:01:08.976+0000][1][gc,start     ] GC(16) Pause Young (Allocation Failure)
[2019-12-09T07:01:08.976+0000][1][gc,task      ] GC(16) Using 2 workers of 2 for evacuation
[2019-12-09T07:01:09.215+0000][1][gc,age       ] GC(16) Desired survivor size 4456448 bytes, new threshold 6 (max threshold 6)
[2019-12-09T07:01:09.215+0000][1][gc,age       ] GC(16) Age table with threshold 6 (max threshold 6)
[2019-12-09T07:01:09.215+0000][1][gc,age       ] GC(16) - age   1:    1325096 bytes,    1325096 total
[2019-12-09T07:01:09.215+0000][1][gc,heap      ] GC(16) ParNew: 78656K->8608K(78656K)
[2019-12-09T07:01:09.215+0000][1][gc,heap      ] GC(16) CMS: 45875K->54640K(174784K)
[2019-12-09T07:01:09.215+0000][1][gc,metaspace ] GC(16) Metaspace: 33123K->33123K(1079296K)
[2019-12-09T07:01:09.216+0000][1][gc           ] GC(16) Pause Young (Allocation Failure) 121M->61M(247M) 239.142ms
[2019-12-09T07:01:09.216+0000][1][gc,cpu       ] GC(16) User=0.06s Sys=0.00s Real=0.24s
[2019-12-09T07:01:09.216+0000][1][safepoint    ] Leaving safepoint region
[2019-12-09T07:01:09.216+0000][1][safepoint    ] Total time for which application threads were stopped: 0.2392888 seconds, Stopping threads took: 0.0000151 seconds
[2019-12-09T07:01:10.216+0000][1][safepoint    ] Application time: 1.0001240 seconds
[2019-12-09T07:01:10.237+0000][1][safepoint    ] Entering safepoint region: Cleanup
[2019-12-09T07:01:10.237+0000][1][safepoint    ] Leaving safepoint region
[2019-12-09T07:01:10.237+0000][1][safepoint    ] Total time for which application threads were stopped: 0.0210942 seconds, Stopping threads took: 0.0210359 seconds
[2019-12-09T07:01:11.238+0000][1][safepoint    ] Application time: 1.0012509 seconds
[2019-12-09T07:01:11.246+0000][1][safepoint    ] Entering safepoint region: Cleanup
[2019-12-09T07:01:11.246+0000][1][safepoint    ] Leaving safepoint region
[2019-12-09T07:01:11.246+0000][1][safepoint    ] Total time for which application threads were stopped: 0.0077728 seconds, Stopping threads took: 0.0077115 seconds
[2019-12-09T07:01:11.671+0000][1][safepoint    ] Application time: 0.4248198 seconds
[2019-12-09T07:01:11.671+0000][1][safepoint    ] Entering safepoint region: CollectForMetadataAllocation
[2019-12-09T07:01:11.671+0000][1][safepoint    ] Leaving safepoint region
[2019-12-09T07:01:11.671+0000][1][safepoint    ] Total time for which application threads were stopped: 0.0001559 seconds, Stopping threads took: 0.0000133 seconds
[2019-12-09T07:01:11.906+0000][1][safepoint    ] Application time: 0.2348123 seconds
[2019-12-09T07:01:11.906+0000][1][safepoint    ] Entering safepoint region: CollectForMetadataAllocation
[2019-12-09T07:01:11.906+0000][1][safepoint    ] Leaving safepoint region
[2019-12-09T07:01:11.906+0000][1][safepoint    ] Total time for which application threads were stopped: 0.0001589 seconds, Stopping threads took: 0.0000136 seconds
[2019-12-09T07:01:12.024+0000][1][safepoint    ] Application time: 0.1182387 seconds
[2019-12-09T07:01:12.024+0000][1][safepoint    ] Entering safepoint region: CollectForMetadataAllocation
[2019-12-09T07:01:12.024+0000][1][safepoint    ] Leaving safepoint region
[2019-12-09T07:01:12.024+0000][1][safepoint    ] Total time for which application threads were stopped: 0.0002536 seconds, Stopping threads took: 0.0000151 seconds
[2019-12-09T07:01:12.067+0000][1][safepoint    ] Application time: 0.0423602 seconds
[2019-12-09T07:01:12.067+0000][1][safepoint    ] Entering safepoint region: GenCollectForAllocation
[2019-12-09T07:01:12.067+0000][1][gc,start     ] GC(17) Pause Young (Allocation Failure)
[2019-12-09T07:01:12.067+0000][1][gc,task      ] GC(17) Using 2 workers of 2 for evacuation
[2019-12-09T07:01:12.154+0000][1][gc,age       ] GC(17) Desired survivor size 4456448 bytes, new threshold 6 (max threshold 6)
[2019-12-09T07:01:12.154+0000][1][gc,age       ] GC(17) Age table with threshold 6 (max threshold 6)
[2019-12-09T07:01:12.154+0000][1][gc,age       ] GC(17) - age   1:    1864664 bytes,    1864664 total
[2019-12-09T07:01:12.154+0000][1][gc,age       ] GC(17) - age   2:    1257536 bytes,    3122200 total
[2019-12-09T07:01:12.154+0000][1][gc,heap      ] GC(17) ParNew: 78560K->4789K(78656K)
[2019-12-09T07:01:12.154+0000][1][gc,heap      ] GC(17) CMS: 54640K->54640K(174784K)
[2019-12-09T07:01:12.154+0000][1][gc,metaspace ] GC(17) Metaspace: 34770K->34770K(1081344K)
[2019-12-09T07:01:12.154+0000][1][gc           ] GC(17) Pause Young (Allocation Failure) 130M->58M(247M) 87.242ms
[2019-12-09T07:01:12.154+0000][1][gc,cpu       ] GC(17) User=0.02s Sys=0.00s Real=0.08s
[2019-12-09T07:01:12.154+0000][1][safepoint    ] Leaving safepoint region
[2019-12-09T07:01:12.154+0000][1][safepoint    ] Total time for which application threads were stopped: 0.0873714 seconds, Stopping threads took: 0.0000132 seconds
[2019-12-09T07:01:12.156+0000][1][safepoint    ] Application time: 0.0017892 seconds
[2019-12-09T07:01:12.162+0000][1][safepoint    ] Entering safepoint region: CMS_Initial_Mark
[2019-12-09T07:01:12.162+0000][1][gc,start     ] GC(18) Pause Initial Mark
[2019-12-09T07:01:12.204+0000][1][gc           ] GC(18) Pause Initial Mark 59M->59M(247M) 41.881ms
[2019-12-09T07:01:12.204+0000][1][gc,cpu       ] GC(18) User=0.01s Sys=0.00s Real=0.04s
[2019-12-09T07:01:12.204+0000][1][safepoint    ] Leaving safepoint region
[2019-12-09T07:01:12.204+0000][1][safepoint    ] Total time for which application threads were stopped: 0.0477444 seconds, Stopping threads took: 0.0057321 seconds
[2019-12-09T07:01:12.204+0000][1][gc           ] GC(18) Concurrent Mark
[2019-12-09T07:01:12.262+0000][1][safepoint    ] Application time: 0.0585617 seconds
[2019-12-09T07:01:12.262+0000][1][safepoint    ] Entering safepoint region: CollectForMetadataAllocation
[2019-12-09T07:01:12.263+0000][1][safepoint    ] Leaving safepoint region
[2019-12-09T07:01:12.263+0000][1][safepoint    ] Total time for which application threads were stopped: 0.0002368 seconds, Stopping threads took: 0.0000142 seconds
[2019-12-09T07:01:12.509+0000][1][safepoint    ] Application time: 0.2468505 seconds
[2019-12-09T07:01:12.510+0000][1][safepoint    ] Entering safepoint region: CollectForMetadataAllocation
[2019-12-09T07:01:12.510+0000][1][safepoint    ] Leaving safepoint region
[2019-12-09T07:01:12.510+0000][1][safepoint    ] Total time for which application threads were stopped: 0.0002892 seconds, Stopping threads took: 0.0000483 seconds
[2019-12-09T07:01:12.902+0000][1][safepoint    ] Application time: 0.3919236 seconds
[2019-12-09T07:01:12.902+0000][1][safepoint    ] Entering safepoint region: CollectForMetadataAllocation
[2019-12-09T07:01:12.902+0000][1][safepoint    ] Leaving safepoint region
[2019-12-09T07:01:12.902+0000][1][safepoint    ] Total time for which application threads were stopped: 0.0001756 seconds, Stopping threads took: 0.0000140 seconds
[2019-12-09T07:01:13.078+0000][1][safepoint    ] Application time: 0.1757568 seconds
[2019-12-09T07:01:13.078+0000][1][safepoint    ] Entering safepoint region: CollectForMetadataAllocation
[2019-12-09T07:01:13.078+0000][1][safepoint    ] Leaving safepoint region
[2019-12-09T07:01:13.078+0000][1][safepoint    ] Total time for which application threads were stopped: 0.0002290 seconds, Stopping threads took: 0.0000142 seconds
[2019-12-09T07:01:13.217+0000][1][gc           ] GC(18) Concurrent Mark 1012.765ms
[2019-12-09T07:01:13.217+0000][1][gc,cpu       ] GC(18) User=0.24s Sys=0.00s Real=1.02s
[2019-12-09T07:01:13.217+0000][1][gc           ] GC(18) Concurrent Preclean
[2019-12-09T07:01:13.230+0000][1][gc           ] GC(18) Concurrent Preclean 13.323ms
[2019-12-09T07:01:13.230+0000][1][gc,cpu       ] GC(18) User=0.00s Sys=0.00s Real=0.01s
[2019-12-09T07:01:13.230+0000][1][gc           ] GC(18) Concurrent Abortable Preclean
[2019-12-09T07:01:13.455+0000][1][safepoint    ] Application time: 0.3767833 seconds
[2019-12-09T07:01:13.455+0000][1][safepoint    ] Entering safepoint region: CollectForMetadataAllocation
[2019-12-09T07:01:13.455+0000][1][safepoint    ] Leaving safepoint region
[2019-12-09T07:01:13.455+0000][1][safepoint    ] Total time for which application threads were stopped: 0.0002373 seconds, Stopping threads took: 0.0000142 seconds
[2019-12-09T07:01:13.813+0000][1][safepoint    ] Application time: 0.3576772 seconds
[2019-12-09T07:01:13.813+0000][1][safepoint    ] Entering safepoint region: CollectForMetadataAllocation
[2019-12-09T07:01:13.813+0000][1][safepoint    ] Leaving safepoint region
[2019-12-09T07:01:13.813+0000][1][safepoint    ] Total time for which application threads were stopped: 0.0002326 seconds, Stopping threads took: 0.0000157 seconds
[2019-12-09T07:01:14.051+0000][1][safepoint    ] Application time: 0.2377445 seconds
[2019-12-09T07:01:14.051+0000][1][safepoint    ] Entering safepoint region: CollectForMetadataAllocation
[2019-12-09T07:01:14.051+0000][1][safepoint    ] Leaving safepoint region
[2019-12-09T07:01:14.051+0000][1][safepoint    ] Total time for which application threads were stopped: 0.0002470 seconds, Stopping threads took: 0.0000169 seconds
[2019-12-09T07:01:14.167+0000][1][safepoint    ] Application time: 0.1157023 seconds
[2019-12-09T07:01:14.167+0000][1][safepoint    ] Entering safepoint region: RevokeBias
[2019-12-09T07:01:14.167+0000][1][safepoint    ] Leaving safepoint region
[2019-12-09T07:01:14.167+0000][1][safepoint    ] Total time for which application threads were stopped: 0.0001496 seconds, Stopping threads took: 0.0000133 seconds
[2019-12-09T07:01:14.167+0000][1][safepoint    ] Application time: 0.0004981 seconds
[2019-12-09T07:01:14.167+0000][1][safepoint    ] Entering safepoint region: CollectForMetadataAllocation
[2019-12-09T07:01:14.168+0000][1][safepoint    ] Leaving safepoint region
[2019-12-09T07:01:14.168+0000][1][safepoint    ] Total time for which application threads were stopped: 0.0001960 seconds, Stopping threads took: 0.0000089 seconds
[2019-12-09T07:01:14.560+0000][1][safepoint    ] Application time: 0.3924076 seconds
[2019-12-09T07:01:14.560+0000][1][safepoint    ] Entering safepoint region: CollectForMetadataAllocation
[2019-12-09T07:01:14.560+0000][1][safepoint    ] Leaving safepoint region
[2019-12-09T07:01:14.560+0000][1][safepoint    ] Total time for which application threads were stopped: 0.0001989 seconds, Stopping threads took: 0.0000164 seconds
[2019-12-09T07:01:14.774+0000][1][safepoint    ] Application time: 0.2134520 seconds
[2019-12-09T07:01:14.774+0000][1][safepoint    ] Entering safepoint region: CollectForMetadataAllocation
[2019-12-09T07:01:14.774+0000][1][safepoint    ] Leaving safepoint region
[2019-12-09T07:01:14.774+0000][1][safepoint    ] Total time for which application threads were stopped: 0.0002362 seconds, Stopping threads took: 0.0000162 seconds
[2019-12-09T07:01:14.993+0000][1][safepoint    ] Application time: 0.2186979 seconds
[2019-12-09T07:01:14.993+0000][1][safepoint    ] Entering safepoint region: CollectForMetadataAllocation
[2019-12-09T07:01:14.993+0000][1][safepoint    ] Leaving safepoint region
[2019-12-09T07:01:14.993+0000][1][safepoint    ] Total time for which application threads were stopped: 0.0002627 seconds, Stopping threads took: 0.0000186 seconds
[2019-12-09T07:01:15.115+0000][1][safepoint    ] Application time: 0.1216882 seconds
[2019-12-09T07:01:15.115+0000][1][safepoint    ] Entering safepoint region: CollectForMetadataAllocation
[2019-12-09T07:01:15.115+0000][1][safepoint    ] Leaving safepoint region
[2019-12-09T07:01:15.115+0000][1][safepoint    ] Total time for which application threads were stopped: 0.0002116 seconds, Stopping threads took: 0.0000127 seconds
[2019-12-09T07:01:15.544+0000][1][safepoint    ] Application time: 0.4287215 seconds
[2019-12-09T07:01:15.544+0000][1][safepoint    ] Entering safepoint region: CollectForMetadataAllocation
[2019-12-09T07:01:15.544+0000][1][safepoint    ] Leaving safepoint region
[2019-12-09T07:01:15.544+0000][1][safepoint    ] Total time for which application threads were stopped: 0.0002411 seconds, Stopping threads took: 0.0000884 seconds
[2019-12-09T07:01:15.739+0000][1][safepoint    ] Application time: 0.1947214 seconds
[2019-12-09T07:01:15.739+0000][1][safepoint    ] Entering safepoint region: CollectForMetadataAllocation
[2019-12-09T07:01:15.739+0000][1][safepoint    ] Leaving safepoint region
[2019-12-09T07:01:15.739+0000][1][safepoint    ] Total time for which application threads were stopped: 0.0001821 seconds, Stopping threads took: 0.0000122 seconds
[2019-12-09T07:01:16.040+0000][1][safepoint    ] Application time: 0.3010213 seconds
[2019-12-09T07:01:16.040+0000][1][safepoint    ] Entering safepoint region: CollectForMetadataAllocation
[2019-12-09T07:01:16.040+0000][1][safepoint    ] Leaving safepoint region
[2019-12-09T07:01:16.040+0000][1][safepoint    ] Total time for which application threads were stopped: 0.0002501 seconds, Stopping threads took: 0.0000185 seconds
[2019-12-09T07:01:16.289+0000][1][safepoint    ] Application time: 0.2484718 seconds
[2019-12-09T07:01:16.289+0000][1][safepoint    ] Entering safepoint region: CollectForMetadataAllocation
[2019-12-09T07:01:16.289+0000][1][safepoint    ] Leaving safepoint region
[2019-12-09T07:01:16.289+0000][1][safepoint    ] Total time for which application threads were stopped: 0.0002320 seconds, Stopping threads took: 0.0000150 seconds
[2019-12-09T07:01:16.568+0000][1][safepoint    ] Application time: 0.2789054 seconds
[2019-12-09T07:01:16.568+0000][1][safepoint    ] Entering safepoint region: CollectForMetadataAllocation
[2019-12-09T07:01:16.568+0000][1][safepoint    ] Leaving safepoint region
[2019-12-09T07:01:16.568+0000][1][safepoint    ] Total time for which application threads were stopped: 0.0002262 seconds, Stopping threads took: 0.0000132 seconds
[2019-12-09T07:01:16.865+0000][1][safepoint    ] Application time: 0.2965045 seconds
[2019-12-09T07:01:16.865+0000][1][safepoint    ] Entering safepoint region: CollectForMetadataAllocation
[2019-12-09T07:01:16.865+0000][1][safepoint    ] Leaving safepoint region
[2019-12-09T07:01:16.865+0000][1][safepoint    ] Total time for which application threads were stopped: 0.0001723 seconds, Stopping threads took: 0.0000151 seconds
[2019-12-09T07:01:17.042+0000][1][safepoint    ] Application time: 0.1768014 seconds
[2019-12-09T07:01:17.042+0000][1][safepoint    ] Entering safepoint region: CollectForMetadataAllocation
[2019-12-09T07:01:17.042+0000][1][safepoint    ] Leaving safepoint region
[2019-12-09T07:01:17.042+0000][1][safepoint    ] Total time for which application threads were stopped: 0.0002283 seconds, Stopping threads took: 0.0000154 seconds
[2019-12-09T07:01:17.338+0000][1][safepoint    ] Application time: 0.2957195 seconds
[2019-12-09T07:01:17.338+0000][1][safepoint    ] Entering safepoint region: CollectForMetadataAllocation
[2019-12-09T07:01:17.338+0000][1][safepoint    ] Leaving safepoint region
[2019-12-09T07:01:17.338+0000][1][safepoint    ] Total time for which application threads were stopped: 0.0002193 seconds, Stopping threads took: 0.0000134 seconds
[2019-12-09T07:01:17.705+0000][1][safepoint    ] Application time: 0.3667404 seconds
[2019-12-09T07:01:17.705+0000][1][safepoint    ] Entering safepoint region: CollectForMetadataAllocation
[2019-12-09T07:01:17.705+0000][1][safepoint    ] Leaving safepoint region
[2019-12-09T07:01:17.705+0000][1][safepoint    ] Total time for which application threads were stopped: 0.0002267 seconds, Stopping threads took: 0.0000138 seconds
[2019-12-09T07:01:18.010+0000][1][safepoint    ] Application time: 0.3047405 seconds
[2019-12-09T07:01:18.010+0000][1][safepoint    ] Entering safepoint region: CollectForMetadataAllocation
[2019-12-09T07:01:18.010+0000][1][safepoint    ] Leaving safepoint region
[2019-12-09T07:01:18.010+0000][1][safepoint    ] Total time for which application threads were stopped: 0.0002810 seconds, Stopping threads took: 0.0000167 seconds
[2019-12-09T07:01:18.373+0000][1][gc           ] GC(18) Concurrent Abortable Preclean 5142.635ms
[2019-12-09T07:01:18.373+0000][1][gc,cpu       ] GC(18) User=1.51s Sys=0.02s Real=5.14s
[2019-12-09T07:01:18.373+0000][1][safepoint    ] Application time: 0.3627047 seconds
[2019-12-09T07:01:18.373+0000][1][safepoint    ] Entering safepoint region: CMS_Final_Remark
[2019-12-09T07:01:18.373+0000][1][gc,start     ] GC(18) Pause Remark
[2019-12-09T07:01:18.508+0000][1][gc           ] GC(18) Pause Remark 89M->89M(247M) 135.509ms
[2019-12-09T07:01:18.508+0000][1][gc,cpu       ] GC(18) User=0.03s Sys=0.00s Real=0.14s
[2019-12-09T07:01:18.508+0000][1][safepoint    ] Leaving safepoint region
[2019-12-09T07:01:18.508+0000][1][safepoint    ] Total time for which application threads were stopped: 0.1356437 seconds, Stopping threads took: 0.0000126 seconds
[2019-12-09T07:01:18.509+0000][1][gc           ] GC(18) Concurrent Sweep
[2019-12-09T07:01:18.564+0000][1][safepoint    ] Application time: 0.0552671 seconds
[2019-12-09T07:01:18.572+0000][1][safepoint    ] Entering safepoint region: CollectForMetadataAllocation
[2019-12-09T07:01:18.573+0000][1][safepoint    ] Leaving safepoint region
[2019-12-09T07:01:18.573+0000][1][safepoint    ] Total time for which application threads were stopped: 0.0089761 seconds, Stopping threads took: 0.0079873 seconds
[2019-12-09T07:01:18.840+0000][1][safepoint    ] Application time: 0.2669767 seconds
[2019-12-09T07:01:18.840+0000][1][safepoint    ] Entering safepoint region: CollectForMetadataAllocation
[2019-12-09T07:01:18.840+0000][1][safepoint    ] Leaving safepoint region
[2019-12-09T07:01:18.840+0000][1][safepoint    ] Total time for which application threads were stopped: 0.0001485 seconds, Stopping threads took: 0.0000131 seconds
[2019-12-09T07:01:18.843+0000][1][gc           ] GC(18) Concurrent Sweep 333.678ms
[2019-12-09T07:01:18.843+0000][1][gc,cpu       ] GC(18) User=0.11s Sys=0.00s Real=0.33s
[2019-12-09T07:01:18.843+0000][1][gc           ] GC(18) Concurrent Reset
[2019-12-09T07:01:18.843+0000][1][gc           ] GC(18) Concurrent Reset 0.353ms
[2019-12-09T07:01:18.843+0000][1][gc,cpu       ] GC(18) User=0.00s Sys=0.00s Real=0.00s
[2019-12-09T07:01:18.843+0000][1][gc,heap      ] GC(18) Old: 54640K->54426K(174784K)
[2019-12-09T07:01:18.895+0000][1][safepoint    ] Application time: 0.0552837 seconds
[2019-12-09T07:01:18.895+0000][1][safepoint    ] Entering safepoint region: RevokeBias
[2019-12-09T07:01:18.895+0000][1][safepoint    ] Leaving safepoint region
[2019-12-09T07:01:18.895+0000][1][safepoint    ] Total time for which application threads were stopped: 0.0002210 seconds, Stopping threads took: 0.0001768 seconds
[2019-12-09T07:01:18.896+0000][1][safepoint    ] Application time: 0.0001764 seconds
[2019-12-09T07:01:18.896+0000][1][safepoint    ] Entering safepoint region: RevokeBias
[2019-12-09T07:01:18.896+0000][1][safepoint    ] Leaving safepoint region
[2019-12-09T07:01:18.896+0000][1][safepoint    ] Total time for which application threads were stopped: 0.0000416 seconds, Stopping threads took: 0.0000103 seconds
[2019-12-09T07:01:19.903+0000][1][safepoint    ] Application time: 1.0070022 seconds
[2019-12-09T07:01:19.974+0000][1][safepoint    ] Entering safepoint region: Cleanup
[2019-12-09T07:01:19.974+0000][1][safepoint    ] Leaving safepoint region
[2019-12-09T07:01:19.974+0000][1][safepoint    ] Total time for which application threads were stopped: 0.0711508 seconds, Stopping threads took: 0.0710984 seconds
[2019-12-09T07:01:23.477+0000][1][safepoint    ] Application time: 3.5028143 seconds
[2019-12-09T07:01:23.530+0000][1][safepoint    ] Entering safepoint region: Cleanup
[2019-12-09T07:01:23.530+0000][1][safepoint    ] Leaving safepoint region
[2019-12-09T07:01:23.530+0000][1][safepoint    ] Total time for which application threads were stopped: 0.0531750 seconds, Stopping threads took: 0.0530996 seconds
[2019-12-09T07:01:23.889+0000][1][safepoint    ] Application time: 0.3587620 seconds
[2019-12-09T07:01:23.937+0000][1][safepoint    ] Entering safepoint region: RevokeBias
[2019-12-09T07:01:23.937+0000][1][safepoint    ] Leaving safepoint region
[2019-12-09T07:01:23.937+0000][1][safepoint    ] Total time for which application threads were stopped: 0.0482818 seconds, Stopping threads took: 0.0481857 seconds
[2019-12-09T07:01:23.937+0000][1][safepoint    ] Application time: 0.0001054 seconds
[2019-12-09T07:01:23.937+0000][1][safepoint    ] Entering safepoint region: RevokeBias
[2019-12-09T07:01:23.937+0000][1][safepoint    ] Leaving safepoint region
[2019-12-09T07:01:23.937+0000][1][safepoint    ] Total time for which application threads were stopped: 0.0000651 seconds, Stopping threads took: 0.0000079 seconds
[2019-12-09T07:01:23.937+0000][1][safepoint    ] Application time: 0.0002294 seconds
[2019-12-09T07:01:23.937+0000][1][safepoint    ] Entering safepoint region: RevokeBias
[2019-12-09T07:01:23.938+0000][1][safepoint    ] Leaving safepoint region
[2019-12-09T07:01:23.938+0000][1][safepoint    ] Total time for which application threads were stopped: 0.0000838 seconds, Stopping threads took: 0.0000104 seconds
[2019-12-09T07:01:23.938+0000][1][safepoint    ] Application time: 0.0001766 seconds
[2019-12-09T07:01:23.938+0000][1][safepoint    ] Entering safepoint region: RevokeBias
[2019-12-09T07:01:23.938+0000][1][safepoint    ] Leaving safepoint region
[2019-12-09T07:01:23.938+0000][1][safepoint    ] Total time for which application threads were stopped: 0.0000720 seconds, Stopping threads took: 0.0000089 seconds
[2019-12-09T07:01:23.938+0000][1][safepoint    ] Application time: 0.0001592 seconds
[2019-12-09T07:01:23.938+0000][1][safepoint    ] Entering safepoint region: RevokeBias
[2019-12-09T07:01:23.938+0000][1][safepoint    ] Leaving safepoint region
[2019-12-09T07:01:23.938+0000][1][safepoint    ] Total time for which application threads were stopped: 0.0000964 seconds, Stopping threads took: 0.0000219 seconds
[2019-12-09T07:01:23.938+0000][1][safepoint    ] Application time: 0.0000794 seconds
[2019-12-09T07:01:23.938+0000][1][safepoint    ] Entering safepoint region: RevokeBias
[2019-12-09T07:01:23.938+0000][1][safepoint    ] Leaving safepoint region
[2019-12-09T07:01:23.938+0000][1][safepoint    ] Total time for which application threads were stopped: 0.0000783 seconds, Stopping threads took: 0.0000180 seconds
[2019-12-09T07:01:23.938+0000][1][safepoint    ] Application time: 0.0000543 seconds
[2019-12-09T07:01:23.938+0000][1][safepoint    ] Entering safepoint region: RevokeBias
[2019-12-09T07:01:23.938+0000][1][safepoint    ] Leaving safepoint region
[2019-12-09T07:01:23.938+0000][1][safepoint    ] Total time for which application threads were stopped: 0.0000620 seconds, Stopping threads took: 0.0000085 seconds
[2019-12-09T07:01:23.938+0000][1][safepoint    ] Application time: 0.0000862 seconds
[2019-12-09T07:01:23.939+0000][1][safepoint    ] Entering safepoint region: RevokeBias
[2019-12-09T07:01:23.939+0000][1][safepoint    ] Leaving safepoint region
[2019-12-09T07:01:23.939+0000][1][safepoint    ] Total time for which application threads were stopped: 0.0000644 seconds, Stopping threads took: 0.0000079 seconds
[2019-12-09T07:01:23.939+0000][1][safepoint    ] Application time: 0.0000624 seconds
[2019-12-09T07:01:23.939+0000][1][safepoint    ] Entering safepoint region: RevokeBias
[2019-12-09T07:01:23.939+0000][1][safepoint    ] Leaving safepoint region
[2019-12-09T07:01:23.939+0000][1][safepoint    ] Total time for which application threads were stopped: 0.0000852 seconds, Stopping threads took: 0.0000074 seconds
[2019-12-09T07:01:23.940+0000][1][safepoint    ] Application time: 0.0012502 seconds
[2019-12-09T07:01:23.940+0000][1][safepoint    ] Entering safepoint region: RevokeBias
[2019-12-09T07:01:23.940+0000][1][safepoint    ] Leaving safepoint region
[2019-12-09T07:01:23.940+0000][1][safepoint    ] Total time for which application threads were stopped: 0.0000810 seconds, Stopping threads took: 0.0000110 seconds
[2019-12-09T07:01:23.940+0000][1][safepoint    ] Application time: 0.0002316 seconds
[2019-12-09T07:01:23.940+0000][1][safepoint    ] Entering safepoint region: RevokeBias
[2019-12-09T07:01:23.940+0000][1][safepoint    ] Leaving safepoint region
[2019-12-09T07:01:23.940+0000][1][safepoint    ] Total time for which application threads were stopped: 0.0000706 seconds, Stopping threads took: 0.0000094 seconds
[2019-12-09T07:01:23.941+0000][1][safepoint    ] Application time: 0.0001028 seconds
[2019-12-09T07:01:23.941+0000][1][safepoint    ] Entering safepoint region: RevokeBias
[2019-12-09T07:01:23.941+0000][1][safepoint    ] Leaving safepoint region
[2019-12-09T07:01:23.941+0000][1][safepoint    ] Total time for which application threads were stopped: 0.0000637 seconds, Stopping threads took: 0.0000086 seconds
[2019-12-09T07:01:23.941+0000][1][safepoint    ] Application time: 0.0003733 seconds
[2019-12-09T07:01:23.941+0000][1][safepoint    ] Entering safepoint region: RevokeBias
[2019-12-09T07:01:23.941+0000][1][safepoint    ] Leaving safepoint region
[2019-12-09T07:01:23.941+0000][1][safepoint    ] Total time for which application threads were stopped: 0.0000746 seconds, Stopping threads took: 0.0000098 seconds
[2019-12-09T07:01:24.137+0000][1][safepoint    ] Application time: 0.1957417 seconds
[2019-12-09T07:01:24.177+0000][1][safepoint    ] Entering safepoint region: RevokeBias
[2019-12-09T07:01:24.177+0000][1][safepoint    ] Leaving safepoint region
[2019-12-09T07:01:24.177+0000][1][safepoint    ] Total time for which application threads were stopped: 0.0399951 seconds, Stopping threads took: 0.0399004 seconds
[2019-12-09T07:01:24.177+0000][1][safepoint    ] Application time: 0.0002505 seconds
[2019-12-09T07:01:24.177+0000][1][safepoint    ] Entering safepoint region: RevokeBias
[2019-12-09T07:01:24.177+0000][1][safepoint    ] Leaving safepoint region
[2019-12-09T07:01:24.177+0000][1][safepoint    ] Total time for which application threads were stopped: 0.0000982 seconds, Stopping threads took: 0.0000181 seconds
[2019-12-09T07:01:26.010+0000][1][safepoint    ] Application time: 1.8324640 seconds
[2019-12-09T07:01:26.104+0000][1][safepoint    ] Entering safepoint region: Cleanup
[2019-12-09T07:01:26.104+0000][1][safepoint    ] Leaving safepoint region
[2019-12-09T07:01:26.104+0000][1][safepoint    ] Total time for which application threads were stopped: 0.0938702 seconds, Stopping threads took: 0.0938043 seconds
[2019-12-09T07:01:27.105+0000][1][safepoint    ] Application time: 1.0010931 seconds
[2019-12-09T07:01:27.144+0000][1][safepoint    ] Entering safepoint region: Cleanup
[2019-12-09T07:01:27.144+0000][1][safepoint    ] Leaving safepoint region
[2019-12-09T07:01:27.144+0000][1][safepoint    ] Total time for which application threads were stopped: 0.0392268 seconds, Stopping threads took: 0.0391522 seconds
[2019-12-09T07:01:27.181+0000][1][safepoint    ] Application time: 0.0373568 seconds
[2019-12-09T07:01:27.181+0000][1][safepoint    ] Entering safepoint region: GenCollectForAllocation
[2019-12-09T07:01:27.181+0000][1][gc,start     ] GC(19) Pause Young (Allocation Failure)
[2019-12-09T07:01:27.181+0000][1][gc,task      ] GC(19) Using 2 workers of 2 for evacuation
[2019-12-09T07:01:27.327+0000][1][gc,age       ] GC(19) Desired survivor size 4456448 bytes, new threshold 2 (max threshold 6)
[2019-12-09T07:01:27.327+0000][1][gc,age       ] GC(19) Age table with threshold 2 (max threshold 6)
[2019-12-09T07:01:27.327+0000][1][gc,age       ] GC(19) - age   1:    2647016 bytes,    2647016 total
[2019-12-09T07:01:27.327+0000][1][gc,age       ] GC(19) - age   2:    1839632 bytes,    4486648 total
[2019-12-09T07:01:27.327+0000][1][gc,age       ] GC(19) - age   3:    1255392 bytes,    5742040 total
[2019-12-09T07:01:27.327+0000][1][gc,heap      ] GC(19) ParNew: 74741K->7213K(78656K)
[2019-12-09T07:01:27.327+0000][1][gc,heap      ] GC(19) CMS: 54426K->54426K(174784K)
[2019-12-09T07:01:27.327+0000][1][gc,metaspace ] GC(19) Metaspace: 43094K->43094K(1089536K)
[2019-12-09T07:01:27.327+0000][1][gc           ] GC(19) Pause Young (Allocation Failure) 126M->60M(247M) 145.543ms
[2019-12-09T07:01:27.327+0000][1][gc,cpu       ] GC(19) User=0.04s Sys=0.00s Real=0.15s
[2019-12-09T07:01:27.327+0000][1][safepoint    ] Leaving safepoint region
[2019-12-09T07:01:27.327+0000][1][safepoint    ] Total time for which application threads were stopped: 0.1456826 seconds, Stopping threads took: 0.0000155 seconds
[2019-12-09T07:01:27.503+0000][1][safepoint    ] Application time: 0.1758018 seconds
[2019-12-09T07:01:27.503+0000][1][safepoint    ] Entering safepoint region: RevokeBias
[2019-12-09T07:01:27.503+0000][1][safepoint    ] Leaving safepoint region
[2019-12-09T07:01:27.503+0000][1][safepoint    ] Total time for which application threads were stopped: 0.0000706 seconds, Stopping threads took: 0.0000140 seconds
[2019-12-09T07:01:28.475+0000][1][safepoint    ] Application time: 0.9717280 seconds
[2019-12-09T07:01:28.475+0000][1][safepoint    ] Entering safepoint region: RevokeBias
[2019-12-09T07:01:28.475+0000][1][safepoint    ] Leaving safepoint region
[2019-12-09T07:01:28.475+0000][1][safepoint    ] Total time for which application threads were stopped: 0.0001310 seconds, Stopping threads took: 0.0000143 seconds
[2019-12-09T07:01:28.507+0000][1][safepoint    ] Application time: 0.0318237 seconds
[2019-12-09T07:01:28.507+0000][1][safepoint    ] Entering safepoint region: RevokeBias
[2019-12-09T07:01:28.507+0000][1][safepoint    ] Leaving safepoint region
[2019-12-09T07:01:28.507+0000][1][safepoint    ] Total time for which application threads were stopped: 0.0001067 seconds, Stopping threads took: 0.0000234 seconds
[2019-12-09T07:01:29.512+0000][1][safepoint    ] Application time: 1.0048504 seconds
[2019-12-09T07:01:29.512+0000][1][safepoint    ] Entering safepoint region: Cleanup
[2019-12-09T07:01:29.512+0000][1][safepoint    ] Leaving safepoint region
[2019-12-09T07:01:29.512+0000][1][safepoint    ] Total time for which application threads were stopped: 0.0000794 seconds, Stopping threads took: 0.0000216 seconds
[2019-12-09T07:01:29.961+0000][1][safepoint    ] Application time: 0.4488568 seconds
[2019-12-09T07:01:29.961+0000][1][safepoint    ] Entering safepoint region: RevokeBias
[2019-12-09T07:01:29.961+0000][1][safepoint    ] Leaving safepoint region
[2019-12-09T07:01:29.961+0000][1][safepoint    ] Total time for which application threads were stopped: 0.0004739 seconds, Stopping threads took: 0.0000145 seconds
[2019-12-09T07:01:30.516+0000][1][safepoint    ] Application time: 0.5546306 seconds
[2019-12-09T07:01:30.516+0000][1][safepoint    ] Entering safepoint region: RevokeBias
[2019-12-09T07:01:30.516+0000][1][safepoint    ] Leaving safepoint region
[2019-12-09T07:01:30.516+0000][1][safepoint    ] Total time for which application threads were stopped: 0.0002502 seconds, Stopping threads took: 0.0001592 seconds
[2019-12-09T07:01:30.516+0000][1][safepoint    ] Application time: 0.0000963 seconds
[2019-12-09T07:01:30.516+0000][1][safepoint    ] Entering safepoint region: RevokeBias
[2019-12-09T07:01:30.516+0000][1][safepoint    ] Leaving safepoint region
[2019-12-09T07:01:30.516+0000][1][safepoint    ] Total time for which application threads were stopped: 0.0000544 seconds, Stopping threads took: 0.0000093 seconds
[2019-12-09T07:01:30.516+0000][1][safepoint    ] Application time: 0.0000569 seconds
[2019-12-09T07:01:30.516+0000][1][safepoint    ] Entering safepoint region: RevokeBias
[2019-12-09T07:01:30.516+0000][1][safepoint    ] Leaving safepoint region
[2019-12-09T07:01:30.516+0000][1][safepoint    ] Total time for which application threads were stopped: 0.0000474 seconds, Stopping threads took: 0.0000080 seconds
[2019-12-09T07:01:30.517+0000][1][safepoint    ] Application time: 0.0001183 seconds
[2019-12-09T07:01:30.517+0000][1][safepoint    ] Entering safepoint region: RevokeBias
[2019-12-09T07:01:30.517+0000][1][safepoint    ] Leaving safepoint region
[2019-12-09T07:01:30.517+0000][1][safepoint    ] Total time for which application threads were stopped: 0.0000436 seconds, Stopping threads took: 0.0000078 seconds
[2019-12-09T07:01:30.517+0000][1][safepoint    ] Application time: 0.0001888 seconds
[2019-12-09T07:01:30.517+0000][1][safepoint    ] Entering safepoint region: RevokeBias
[2019-12-09T07:01:30.517+0000][1][safepoint    ] Leaving safepoint region
[2019-12-09T07:01:30.517+0000][1][safepoint    ] Total time for which application threads were stopped: 0.0000526 seconds, Stopping threads took: 0.0000086 seconds
[2019-12-09T07:01:30.517+0000][1][safepoint    ] Application time: 0.0000668 seconds
[2019-12-09T07:01:30.517+0000][1][safepoint    ] Entering safepoint region: RevokeBias
[2019-12-09T07:01:30.517+0000][1][safepoint    ] Leaving safepoint region
[2019-12-09T07:01:30.517+0000][1][safepoint    ] Total time for which application threads were stopped: 0.0000440 seconds, Stopping threads took: 0.0000072 seconds
[2019-12-09T07:01:30.517+0000][1][safepoint    ] Application time: 0.0001711 seconds
[2019-12-09T07:01:30.517+0000][1][safepoint    ] Entering safepoint region: RevokeBias
[2019-12-09T07:01:30.517+0000][1][safepoint    ] Leaving safepoint region
[2019-12-09T07:01:30.517+0000][1][safepoint    ] Total time for which application threads were stopped: 0.0000667 seconds, Stopping threads took: 0.0000091 seconds
[2019-12-09T07:01:30.517+0000][1][safepoint    ] Application time: 0.0000564 seconds
[2019-12-09T07:01:30.517+0000][1][safepoint    ] Entering safepoint region: RevokeBias
[2019-12-09T07:01:30.517+0000][1][safepoint    ] Leaving safepoint region
[2019-12-09T07:01:30.517+0000][1][safepoint    ] Total time for which application threads were stopped: 0.0000515 seconds, Stopping threads took: 0.0000083 seconds
[2019-12-09T07:01:30.517+0000][1][safepoint    ] Application time: 0.0000530 seconds
[2019-12-09T07:01:30.517+0000][1][safepoint    ] Entering safepoint region: RevokeBias
[2019-12-09T07:01:30.518+0000][1][safepoint    ] Leaving safepoint region
[2019-12-09T07:01:30.518+0000][1][safepoint    ] Total time for which application threads were stopped: 0.0000549 seconds, Stopping threads took: 0.0000145 seconds
[2019-12-09T07:01:30.518+0000][1][safepoint    ] Application time: 0.0000561 seconds
[2019-12-09T07:01:30.518+0000][1][safepoint    ] Entering safepoint region: RevokeBias
[2019-12-09T07:01:30.518+0000][1][safepoint    ] Leaving safepoint region
[2019-12-09T07:01:30.518+0000][1][safepoint    ] Total time for which application threads were stopped: 0.0000491 seconds, Stopping threads took: 0.0000081 seconds
[2019-12-09T07:01:30.518+0000][1][safepoint    ] Application time: 0.0000648 seconds
[2019-12-09T07:01:30.518+0000][1][safepoint    ] Entering safepoint region: RevokeBias
[2019-12-09T07:01:30.518+0000][1][safepoint    ] Leaving safepoint region
[2019-12-09T07:01:30.518+0000][1][safepoint    ] Total time for which application threads were stopped: 0.0000465 seconds, Stopping threads took: 0.0000077 seconds
[2019-12-09T07:01:30.518+0000][1][safepoint    ] Application time: 0.0000499 seconds
[2019-12-09T07:01:30.518+0000][1][safepoint    ] Entering safepoint region: RevokeBias
[2019-12-09T07:01:30.518+0000][1][safepoint    ] Leaving safepoint region
[2019-12-09T07:01:30.518+0000][1][safepoint    ] Total time for which application threads were stopped: 0.0000459 seconds, Stopping threads took: 0.0000078 seconds
[2019-12-09T07:01:30.518+0000][1][safepoint    ] Application time: 0.0000512 seconds
[2019-12-09T07:01:30.518+0000][1][safepoint    ] Entering safepoint region: RevokeBias
[2019-12-09T07:01:30.518+0000][1][safepoint    ] Leaving safepoint region
[2019-12-09T07:01:30.518+0000][1][safepoint    ] Total time for which application threads were stopped: 0.0000460 seconds, Stopping threads took: 0.0000079 seconds
[2019-12-09T07:01:30.518+0000][1][safepoint    ] Application time: 0.0000506 seconds
[2019-12-09T07:01:30.518+0000][1][safepoint    ] Entering safepoint region: RevokeBias
[2019-12-09T07:01:30.518+0000][1][safepoint    ] Leaving safepoint region
[2019-12-09T07:01:30.518+0000][1][safepoint    ] Total time for which application threads were stopped: 0.0000451 seconds, Stopping threads took: 0.0000073 seconds
[2019-12-09T07:01:30.518+0000][1][safepoint    ] Application time: 0.0000526 seconds
[2019-12-09T07:01:30.518+0000][1][safepoint    ] Entering safepoint region: RevokeBias
[2019-12-09T07:01:30.518+0000][1][safepoint    ] Leaving safepoint region
[2019-12-09T07:01:30.518+0000][1][safepoint    ] Total time for which application threads were stopped: 0.0000497 seconds, Stopping threads took: 0.0000085 seconds
[2019-12-09T07:01:30.518+0000][1][safepoint    ] Application time: 0.0000508 seconds
[2019-12-09T07:01:30.518+0000][1][safepoint    ] Entering safepoint region: RevokeBias
[2019-12-09T07:01:30.518+0000][1][safepoint    ] Leaving safepoint region
[2019-12-09T07:01:30.518+0000][1][safepoint    ] Total time for which application threads were stopped: 0.0000463 seconds, Stopping threads took: 0.0000078 seconds
[2019-12-09T07:01:30.518+0000][1][safepoint    ] Application time: 0.0000510 seconds
[2019-12-09T07:01:30.518+0000][1][safepoint    ] Entering safepoint region: RevokeBias
[2019-12-09T07:01:30.518+0000][1][safepoint    ] Leaving safepoint region
[2019-12-09T07:01:30.518+0000][1][safepoint    ] Total time for which application threads were stopped: 0.0000460 seconds, Stopping threads took: 0.0000075 seconds
[2019-12-09T07:01:30.519+0000][1][safepoint    ] Application time: 0.0000532 seconds
[2019-12-09T07:01:30.519+0000][1][safepoint    ] Entering safepoint region: RevokeBias
[2019-12-09T07:01:30.519+0000][1][safepoint    ] Leaving safepoint region
[2019-12-09T07:01:30.519+0000][1][safepoint    ] Total time for which application threads were stopped: 0.0000509 seconds, Stopping threads took: 0.0000085 seconds
[2019-12-09T07:01:30.519+0000][1][safepoint    ] Application time: 0.0000518 seconds
[2019-12-09T07:01:30.519+0000][1][safepoint    ] Entering safepoint region: RevokeBias
[2019-12-09T07:01:30.519+0000][1][safepoint    ] Leaving safepoint region
[2019-12-09T07:01:30.519+0000][1][safepoint    ] Total time for which application threads were stopped: 0.0000736 seconds, Stopping threads took: 0.0000124 seconds
[2019-12-09T07:01:30.519+0000][1][safepoint    ] Application time: 0.0000536 seconds
[2019-12-09T07:01:30.519+0000][1][safepoint    ] Entering safepoint region: RevokeBias
[2019-12-09T07:01:30.519+0000][1][safepoint    ] Leaving safepoint region
[2019-12-09T07:01:30.519+0000][1][safepoint    ] Total time for which application threads were stopped: 0.0000474 seconds, Stopping threads took: 0.0000076 seconds
[2019-12-09T07:01:30.519+0000][1][safepoint    ] Application time: 0.0000501 seconds
[2019-12-09T07:01:30.519+0000][1][safepoint    ] Entering safepoint region: RevokeBias
[2019-12-09T07:01:30.519+0000][1][safepoint    ] Leaving safepoint region
[2019-12-09T07:01:30.519+0000][1][safepoint    ] Total time for which application threads were stopped: 0.0000446 seconds, Stopping threads took: 0.0000077 seconds
[2019-12-09T07:01:30.519+0000][1][safepoint    ] Application time: 0.0000498 seconds
[2019-12-09T07:01:30.519+0000][1][safepoint    ] Entering safepoint region: RevokeBias
[2019-12-09T07:01:30.519+0000][1][safepoint    ] Leaving safepoint region
[2019-12-09T07:01:30.519+0000][1][safepoint    ] Total time for which application threads were stopped: 0.0000461 seconds, Stopping threads took: 0.0000082 seconds
[2019-12-09T07:01:30.519+0000][1][safepoint    ] Application time: 0.0000587 seconds
[2019-12-09T07:01:30.519+0000][1][safepoint    ] Entering safepoint region: RevokeBias
[2019-12-09T07:01:30.519+0000][1][safepoint    ] Leaving safepoint region
[2019-12-09T07:01:30.519+0000][1][safepoint    ] Total time for which application threads were stopped: 0.0000459 seconds, Stopping threads took: 0.0000083 seconds
[2019-12-09T07:01:30.519+0000][1][safepoint    ] Application time: 0.0000516 seconds
[2019-12-09T07:01:30.519+0000][1][safepoint    ] Entering safepoint region: BulkRevokeBias
[2019-12-09T07:01:30.519+0000][1][safepoint    ] Leaving safepoint region
[2019-12-09T07:01:30.519+0000][1][safepoint    ] Total time for which application threads were stopped: 0.0001158 seconds, Stopping threads took: 0.0000081 seconds
[2019-12-09T07:01:30.520+0000][1][safepoint    ] Application time: 0.0001737 seconds
[2019-12-09T07:01:30.520+0000][1][safepoint    ] Entering safepoint region: RevokeBias
[2019-12-09T07:01:30.520+0000][1][safepoint    ] Leaving safepoint region
[2019-12-09T07:01:30.520+0000][1][safepoint    ] Total time for which application threads were stopped: 0.0000704 seconds, Stopping threads took: 0.0000102 seconds
[2019-12-09T07:01:30.520+0000][1][safepoint    ] Application time: 0.0000986 seconds
[2019-12-09T07:01:30.520+0000][1][safepoint    ] Entering safepoint region: RevokeBias
[2019-12-09T07:01:30.520+0000][1][safepoint    ] Leaving safepoint region
[2019-12-09T07:01:30.520+0000][1][safepoint    ] Total time for which application threads were stopped: 0.0000605 seconds, Stopping threads took: 0.0000088 seconds
[2019-12-09T07:01:30.520+0000][1][safepoint    ] Application time: 0.0001344 seconds
[2019-12-09T07:01:30.520+0000][1][safepoint    ] Entering safepoint region: RevokeBias
[2019-12-09T07:01:30.520+0000][1][safepoint    ] Leaving safepoint region
[2019-12-09T07:01:30.520+0000][1][safepoint    ] Total time for which application threads were stopped: 0.0000637 seconds, Stopping threads took: 0.0000089 seconds
[2019-12-09T07:01:30.520+0000][1][safepoint    ] Application time: 0.0000758 seconds
[2019-12-09T07:01:30.520+0000][1][safepoint    ] Entering safepoint region: RevokeBias
[2019-12-09T07:01:30.520+0000][1][safepoint    ] Leaving safepoint region
[2019-12-09T07:01:30.520+0000][1][safepoint    ] Total time for which application threads were stopped: 0.0000533 seconds, Stopping threads took: 0.0000080 seconds
[2019-12-09T07:01:30.520+0000][1][safepoint    ] Application time: 0.0000858 seconds
[2019-12-09T07:01:30.520+0000][1][safepoint    ] Entering safepoint region: RevokeBias
[2019-12-09T07:01:30.520+0000][1][safepoint    ] Leaving safepoint region
[2019-12-09T07:01:30.520+0000][1][safepoint    ] Total time for which application threads were stopped: 0.0000665 seconds, Stopping threads took: 0.0000135 seconds
[2019-12-09T07:01:30.520+0000][1][safepoint    ] Application time: 0.0000628 seconds
[2019-12-09T07:01:30.520+0000][1][safepoint    ] Entering safepoint region: RevokeBias
[2019-12-09T07:01:30.520+0000][1][safepoint    ] Leaving safepoint region
[2019-12-09T07:01:30.520+0000][1][safepoint    ] Total time for which application threads were stopped: 0.0000545 seconds, Stopping threads took: 0.0000083 seconds
[2019-12-09T07:01:30.521+0000][1][safepoint    ] Application time: 0.0001838 seconds
[2019-12-09T07:01:30.521+0000][1][safepoint    ] Entering safepoint region: RevokeBias
[2019-12-09T07:01:30.521+0000][1][safepoint    ] Leaving safepoint region
[2019-12-09T07:01:30.521+0000][1][safepoint    ] Total time for which application threads were stopped: 0.0000985 seconds, Stopping threads took: 0.0000427 seconds
[2019-12-09T07:01:30.522+0000][1][safepoint    ] Application time: 0.0009343 seconds
[2019-12-09T07:01:30.522+0000][1][safepoint    ] Entering safepoint region: RevokeBias
[2019-12-09T07:01:30.522+0000][1][safepoint    ] Leaving safepoint region
[2019-12-09T07:01:30.522+0000][1][safepoint    ] Total time for which application threads were stopped: 0.0000508 seconds, Stopping threads took: 0.0000092 seconds
[2019-12-09T07:01:30.522+0000][1][safepoint    ] Application time: 0.0000525 seconds
[2019-12-09T07:01:30.522+0000][1][safepoint    ] Entering safepoint region: BulkRevokeBias
[2019-12-09T07:01:30.522+0000][1][safepoint    ] Leaving safepoint region
[2019-12-09T07:01:30.522+0000][1][safepoint    ] Total time for which application threads were stopped: 0.0000939 seconds, Stopping threads took: 0.0000071 seconds
[2019-12-09T07:01:30.522+0000][1][safepoint    ] Application time: 0.0001241 seconds
[2019-12-09T07:01:30.522+0000][1][safepoint    ] Entering safepoint region: RevokeBias
[2019-12-09T07:01:30.522+0000][1][safepoint    ] Leaving safepoint region
[2019-12-09T07:01:30.522+0000][1][safepoint    ] Total time for which application threads were stopped: 0.0000486 seconds, Stopping threads took: 0.0000082 seconds
[2019-12-09T07:01:30.532+0000][1][safepoint    ] Application time: 0.0096147 seconds
[2019-12-09T07:01:30.532+0000][1][safepoint    ] Entering safepoint region: RevokeBias
[2019-12-09T07:01:30.532+0000][1][safepoint    ] Leaving safepoint region
[2019-12-09T07:01:30.532+0000][1][safepoint    ] Total time for which application threads were stopped: 0.0000692 seconds, Stopping threads took: 0.0000109 seconds
[2019-12-09T07:01:30.532+0000][1][safepoint    ] Application time: 0.0000579 seconds
[2019-12-09T07:01:30.532+0000][1][safepoint    ] Entering safepoint region: RevokeBias
[2019-12-09T07:01:30.532+0000][1][safepoint    ] Leaving safepoint region
[2019-12-09T07:01:30.532+0000][1][safepoint    ] Total time for which application threads were stopped: 0.0000457 seconds, Stopping threads took: 0.0000076 seconds
[2019-12-09T07:01:30.532+0000][1][safepoint    ] Application time: 0.0000494 seconds
[2019-12-09T07:01:30.532+0000][1][safepoint    ] Entering safepoint region: RevokeBias
[2019-12-09T07:01:30.532+0000][1][safepoint    ] Leaving safepoint region
[2019-12-09T07:01:30.532+0000][1][safepoint    ] Total time for which application threads were stopped: 0.0000426 seconds, Stopping threads took: 0.0000074 seconds
[2019-12-09T07:01:30.532+0000][1][safepoint    ] Application time: 0.0000491 seconds
[2019-12-09T07:01:30.532+0000][1][safepoint    ] Entering safepoint region: RevokeBias
[2019-12-09T07:01:30.532+0000][1][safepoint    ] Leaving safepoint region
[2019-12-09T07:01:30.532+0000][1][safepoint    ] Total time for which application threads were stopped: 0.0000425 seconds, Stopping threads took: 0.0000074 seconds
[2019-12-09T07:01:30.532+0000][1][safepoint    ] Application time: 0.0000529 seconds
[2019-12-09T07:01:30.532+0000][1][safepoint    ] Entering safepoint region: RevokeBias
[2019-12-09T07:01:30.532+0000][1][safepoint    ] Leaving safepoint region
[2019-12-09T07:01:30.532+0000][1][safepoint    ] Total time for which application threads were stopped: 0.0000466 seconds, Stopping threads took: 0.0000115 seconds
[2019-12-09T07:01:30.532+0000][1][safepoint    ] Application time: 0.0000488 seconds
[2019-12-09T07:01:30.532+0000][1][safepoint    ] Entering safepoint region: RevokeBias
[2019-12-09T07:01:30.532+0000][1][safepoint    ] Leaving safepoint region
[2019-12-09T07:01:30.532+0000][1][safepoint    ] Total time for which application threads were stopped: 0.0000422 seconds, Stopping threads took: 0.0000076 seconds
[2019-12-09T07:01:30.532+0000][1][safepoint    ] Application time: 0.0000493 seconds
[2019-12-09T07:01:30.532+0000][1][safepoint    ] Entering safepoint region: RevokeBias
[2019-12-09T07:01:30.532+0000][1][safepoint    ] Leaving safepoint region
[2019-12-09T07:01:30.532+0000][1][safepoint    ] Total time for which application threads were stopped: 0.0000414 seconds, Stopping threads took: 0.0000073 seconds
[2019-12-09T07:01:30.533+0000][1][safepoint    ] Application time: 0.0000485 seconds
[2019-12-09T07:01:30.533+0000][1][safepoint    ] Entering safepoint region: RevokeBias
[2019-12-09T07:01:30.533+0000][1][safepoint    ] Leaving safepoint region
[2019-12-09T07:01:30.533+0000][1][safepoint    ] Total time for which application threads were stopped: 0.0000420 seconds, Stopping threads took: 0.0000073 seconds
[2019-12-09T07:01:30.533+0000][1][safepoint    ] Application time: 0.0000507 seconds
[2019-12-09T07:01:30.533+0000][1][safepoint    ] Entering safepoint region: RevokeBias
[2019-12-09T07:01:30.533+0000][1][safepoint    ] Leaving safepoint region
[2019-12-09T07:01:30.533+0000][1][safepoint    ] Total time for which application threads were stopped: 0.0001414 seconds, Stopping threads took: 0.0000074 seconds
[2019-12-09T07:01:30.533+0000][1][safepoint    ] Application time: 0.0000540 seconds
[2019-12-09T07:01:30.533+0000][1][safepoint    ] Entering safepoint region: RevokeBias
[2019-12-09T07:01:30.533+0000][1][safepoint    ] Leaving safepoint region
[2019-12-09T07:01:30.533+0000][1][safepoint    ] Total time for which application threads were stopped: 0.0000479 seconds, Stopping threads took: 0.0000089 seconds
[2019-12-09T07:01:30.533+0000][1][safepoint    ] Application time: 0.0000498 seconds
[2019-12-09T07:01:30.533+0000][1][safepoint    ] Entering safepoint region: RevokeBias
[2019-12-09T07:01:30.533+0000][1][safepoint    ] Leaving safepoint region
[2019-12-09T07:01:30.533+0000][1][safepoint    ] Total time for which application threads were stopped: 0.0000425 seconds, Stopping threads took: 0.0000076 seconds
[2019-12-09T07:01:30.533+0000][1][safepoint    ] Application time: 0.0000491 seconds
[2019-12-09T07:01:30.533+0000][1][safepoint    ] Entering safepoint region: RevokeBias
[2019-12-09T07:01:30.533+0000][1][safepoint    ] Leaving safepoint region
[2019-12-09T07:01:30.533+0000][1][safepoint    ] Total time for which application threads were stopped: 0.0000413 seconds, Stopping threads took: 0.0000073 seconds
[2019-12-09T07:01:30.533+0000][1][safepoint    ] Application time: 0.0000516 seconds
[2019-12-09T07:01:30.533+0000][1][safepoint    ] Entering safepoint region: RevokeBias
[2019-12-09T07:01:30.533+0000][1][safepoint    ] Leaving safepoint region
[2019-12-09T07:01:30.533+0000][1][safepoint    ] Total time for which application threads were stopped: 0.0000414 seconds, Stopping threads took: 0.0000074 seconds
[2019-12-09T07:01:30.533+0000][1][safepoint    ] Application time: 0.0000488 seconds
[2019-12-09T07:01:30.533+0000][1][safepoint    ] Entering safepoint region: RevokeBias
[2019-12-09T07:01:30.533+0000][1][safepoint    ] Leaving safepoint region
[2019-12-09T07:01:30.533+0000][1][safepoint    ] Total time for which application threads were stopped: 0.0000419 seconds, Stopping threads took: 0.0000073 seconds
[2019-12-09T07:01:30.533+0000][1][safepoint    ] Application time: 0.0000494 seconds
[2019-12-09T07:01:30.533+0000][1][safepoint    ] Entering safepoint region: RevokeBias
[2019-12-09T07:01:30.533+0000][1][safepoint    ] Leaving safepoint region
[2019-12-09T07:01:30.533+0000][1][safepoint    ] Total time for which application threads were stopped: 0.0000452 seconds, Stopping threads took: 0.0000107 seconds
[2019-12-09T07:01:30.534+0000][1][safepoint    ] Application time: 0.0000491 seconds
[2019-12-09T07:01:30.534+0000][1][safepoint    ] Entering safepoint region: RevokeBias
[2019-12-09T07:01:30.534+0000][1][safepoint    ] Leaving safepoint region
[2019-12-09T07:01:30.534+0000][1][safepoint    ] Total time for which application threads were stopped: 0.0000420 seconds, Stopping threads took: 0.0000074 seconds
[2019-12-09T07:01:30.534+0000][1][safepoint    ] Application time: 0.0000494 seconds
[2019-12-09T07:01:30.534+0000][1][safepoint    ] Entering safepoint region: RevokeBias
[2019-12-09T07:01:30.534+0000][1][safepoint    ] Leaving safepoint region
[2019-12-09T07:01:30.534+0000][1][safepoint    ] Total time for which application threads were stopped: 0.0000420 seconds, Stopping threads took: 0.0000074 seconds
[2019-12-09T07:01:30.534+0000][1][safepoint    ] Application time: 0.0000550 seconds
[2019-12-09T07:01:30.534+0000][1][safepoint    ] Entering safepoint region: RevokeBias
[2019-12-09T07:01:30.534+0000][1][safepoint    ] Leaving safepoint region
[2019-12-09T07:01:30.534+0000][1][safepoint    ] Total time for which application threads were stopped: 0.0000457 seconds, Stopping threads took: 0.0000082 seconds
[2019-12-09T07:01:30.534+0000][1][safepoint    ] Application time: 0.0000516 seconds
[2019-12-09T07:01:30.534+0000][1][safepoint    ] Entering safepoint region: BulkRevokeBias
[2019-12-09T07:01:30.534+0000][1][safepoint    ] Leaving safepoint region
[2019-12-09T07:01:30.534+0000][1][safepoint    ] Total time for which application threads were stopped: 0.0001170 seconds, Stopping threads took: 0.0000075 seconds
[2019-12-09T07:01:30.538+0000][1][safepoint    ] Application time: 0.0037449 seconds
[2019-12-09T07:01:30.540+0000][1][safepoint    ] Entering safepoint region: RevokeBias
[2019-12-09T07:01:30.540+0000][1][safepoint    ] Leaving safepoint region
[2019-12-09T07:01:30.540+0000][1][safepoint    ] Total time for which application threads were stopped: 0.0020440 seconds, Stopping threads took: 0.0019857 seconds
[2019-12-09T07:01:30.540+0000][1][safepoint    ] Application time: 0.0000909 seconds
[2019-12-09T07:01:30.540+0000][1][safepoint    ] Entering safepoint region: RevokeBias
[2019-12-09T07:01:30.540+0000][1][safepoint    ] Leaving safepoint region
[2019-12-09T07:01:30.540+0000][1][safepoint    ] Total time for which application threads were stopped: 0.0000438 seconds, Stopping threads took: 0.0000079 seconds
[2019-12-09T07:01:30.540+0000][1][safepoint    ] Application time: 0.0001623 seconds
[2019-12-09T07:01:30.540+0000][1][safepoint    ] Entering safepoint region: RevokeBias
[2019-12-09T07:01:30.540+0000][1][safepoint    ] Leaving safepoint region
[2019-12-09T07:01:30.540+0000][1][safepoint    ] Total time for which application threads were stopped: 0.0000432 seconds, Stopping threads took: 0.0000081 seconds
[2019-12-09T07:01:30.540+0000][1][safepoint    ] Application time: 0.0000621 seconds
[2019-12-09T07:01:30.540+0000][1][safepoint    ] Entering safepoint region: RevokeBias
[2019-12-09T07:01:30.540+0000][1][safepoint    ] Leaving safepoint region
[2019-12-09T07:01:30.540+0000][1][safepoint    ] Total time for which application threads were stopped: 0.0000364 seconds, Stopping threads took: 0.0000078 seconds
[2019-12-09T07:01:30.540+0000][1][safepoint    ] Application time: 0.0000457 seconds
[2019-12-09T07:01:30.540+0000][1][safepoint    ] Entering safepoint region: RevokeBias
[2019-12-09T07:01:30.540+0000][1][safepoint    ] Leaving safepoint region
[2019-12-09T07:01:30.540+0000][1][safepoint    ] Total time for which application threads were stopped: 0.0000334 seconds, Stopping threads took: 0.0000066 seconds
[2019-12-09T07:01:30.540+0000][1][safepoint    ] Application time: 0.0000454 seconds
[2019-12-09T07:01:30.540+0000][1][safepoint    ] Entering safepoint region: RevokeBias
[2019-12-09T07:01:30.540+0000][1][safepoint    ] Leaving safepoint region
[2019-12-09T07:01:30.541+0000][1][safepoint    ] Total time for which application threads were stopped: 0.0000418 seconds, Stopping threads took: 0.0000125 seconds
[2019-12-09T07:01:30.541+0000][1][safepoint    ] Application time: 0.0003341 seconds
[2019-12-09T07:01:30.541+0000][1][safepoint    ] Entering safepoint region: RevokeBias
[2019-12-09T07:01:30.541+0000][1][safepoint    ] Leaving safepoint region
[2019-12-09T07:01:30.541+0000][1][safepoint    ] Total time for which application threads were stopped: 0.0000447 seconds, Stopping threads took: 0.0000091 seconds
[2019-12-09T07:01:30.541+0000][1][safepoint    ] Application time: 0.0001234 seconds
[2019-12-09T07:01:30.541+0000][1][safepoint    ] Entering safepoint region: RevokeBias
[2019-12-09T07:01:30.541+0000][1][safepoint    ] Leaving safepoint region
[2019-12-09T07:01:30.541+0000][1][safepoint    ] Total time for which application threads were stopped: 0.0000405 seconds, Stopping threads took: 0.0000079 seconds
[2019-12-09T07:01:30.541+0000][1][safepoint    ] Application time: 0.0001471 seconds
[2019-12-09T07:01:30.541+0000][1][safepoint    ] Entering safepoint region: RevokeBias
[2019-12-09T07:01:30.541+0000][1][safepoint    ] Leaving safepoint region
[2019-12-09T07:01:30.541+0000][1][safepoint    ] Total time for which application threads were stopped: 0.0000399 seconds, Stopping threads took: 0.0000078 seconds
[2019-12-09T07:01:30.542+0000][1][safepoint    ] Application time: 0.0003124 seconds
[2019-12-09T07:01:30.542+0000][1][safepoint    ] Entering safepoint region: RevokeBias
[2019-12-09T07:01:30.542+0000][1][safepoint    ] Leaving safepoint region
[2019-12-09T07:01:30.542+0000][1][safepoint    ] Total time for which application threads were stopped: 0.0000711 seconds, Stopping threads took: 0.0000097 seconds
[2019-12-09T07:01:30.542+0000][1][safepoint    ] Application time: 0.0004496 seconds
[2019-12-09T07:01:30.542+0000][1][safepoint    ] Entering safepoint region: RevokeBias
[2019-12-09T07:01:30.542+0000][1][safepoint    ] Leaving safepoint region
[2019-12-09T07:01:30.542+0000][1][safepoint    ] Total time for which application threads were stopped: 0.0000514 seconds, Stopping threads took: 0.0000097 seconds
[2019-12-09T07:01:30.542+0000][1][safepoint    ] Application time: 0.0001331 seconds
[2019-12-09T07:01:30.542+0000][1][safepoint    ] Entering safepoint region: RevokeBias
[2019-12-09T07:01:30.542+0000][1][safepoint    ] Leaving safepoint region
[2019-12-09T07:01:30.542+0000][1][safepoint    ] Total time for which application threads were stopped: 0.0000493 seconds, Stopping threads took: 0.0000094 seconds
[2019-12-09T07:01:30.543+0000][1][safepoint    ] Application time: 0.0000632 seconds
[2019-12-09T07:01:30.543+0000][1][safepoint    ] Entering safepoint region: RevokeBias
[2019-12-09T07:01:30.543+0000][1][safepoint    ] Leaving safepoint region
[2019-12-09T07:01:30.543+0000][1][safepoint    ] Total time for which application threads were stopped: 0.0000423 seconds, Stopping threads took: 0.0000081 seconds
[2019-12-09T07:01:30.543+0000][1][safepoint    ] Application time: 0.0002484 seconds
[2019-12-09T07:01:30.543+0000][1][safepoint    ] Entering safepoint region: RevokeBias
[2019-12-09T07:01:30.543+0000][1][safepoint    ] Leaving safepoint region
[2019-12-09T07:01:30.543+0000][1][safepoint    ] Total time for which application threads were stopped: 0.0000497 seconds, Stopping threads took: 0.0000097 seconds
[2019-12-09T07:01:30.545+0000][1][safepoint    ] Application time: 0.0016343 seconds
[2019-12-09T07:01:30.545+0000][1][safepoint    ] Entering safepoint region: RevokeBias
[2019-12-09T07:01:30.545+0000][1][safepoint    ] Leaving safepoint region
[2019-12-09T07:01:30.545+0000][1][safepoint    ] Total time for which application threads were stopped: 0.0000598 seconds, Stopping threads took: 0.0000102 seconds
[2019-12-09T07:01:30.558+0000][1][safepoint    ] Application time: 0.0131506 seconds
[2019-12-09T07:01:30.558+0000][1][safepoint    ] Entering safepoint region: RevokeBias
[2019-12-09T07:01:30.558+0000][1][safepoint    ] Leaving safepoint region
[2019-12-09T07:01:30.558+0000][1][safepoint    ] Total time for which application threads were stopped: 0.0000914 seconds, Stopping threads took: 0.0000166 seconds
[2019-12-09T07:01:30.559+0000][1][safepoint    ] Application time: 0.0014409 seconds
[2019-12-09T07:01:30.559+0000][1][safepoint    ] Entering safepoint region: RevokeBias
[2019-12-09T07:01:30.559+0000][1][safepoint    ] Leaving safepoint region
[2019-12-09T07:01:30.559+0000][1][safepoint    ] Total time for which application threads were stopped: 0.0000575 seconds, Stopping threads took: 0.0000112 seconds
[2019-12-09T07:01:30.564+0000][1][safepoint    ] Application time: 0.0043223 seconds
[2019-12-09T07:01:30.597+0000][1][safepoint    ] Entering safepoint region: RevokeBias
[2019-12-09T07:01:30.597+0000][1][safepoint    ] Leaving safepoint region
[2019-12-09T07:01:30.597+0000][1][safepoint    ] Total time for which application threads were stopped: 0.0331456 seconds, Stopping threads took: 0.0330192 seconds
[2019-12-09T07:01:30.598+0000][1][safepoint    ] Application time: 0.0015242 seconds
[2019-12-09T07:01:30.598+0000][1][safepoint    ] Entering safepoint region: RevokeBias
[2019-12-09T07:01:30.599+0000][1][safepoint    ] Leaving safepoint region
[2019-12-09T07:01:30.599+0000][1][safepoint    ] Total time for which application threads were stopped: 0.0001395 seconds, Stopping threads took: 0.0000139 seconds
[2019-12-09T07:01:30.604+0000][1][safepoint    ] Application time: 0.0051325 seconds
[2019-12-09T07:01:30.604+0000][1][safepoint    ] Entering safepoint region: RevokeBias
[2019-12-09T07:01:30.604+0000][1][safepoint    ] Leaving safepoint region
[2019-12-09T07:01:30.604+0000][1][safepoint    ] Total time for which application threads were stopped: 0.0001447 seconds, Stopping threads took: 0.0000862 seconds
[2019-12-09T07:01:30.604+0000][1][safepoint    ] Application time: 0.0002561 seconds
[2019-12-09T07:01:30.604+0000][1][safepoint    ] Entering safepoint region: RevokeBias
[2019-12-09T07:01:30.604+0000][1][safepoint    ] Leaving safepoint region
[2019-12-09T07:01:30.604+0000][1][safepoint    ] Total time for which application threads were stopped: 0.0000527 seconds, Stopping threads took: 0.0000102 seconds
[2019-12-09T07:01:30.975+0000][1][safepoint    ] Application time: 0.3707279 seconds
[2019-12-09T07:01:31.033+0000][1][safepoint    ] Entering safepoint region: RevokeBias
[2019-12-09T07:01:31.033+0000][1][safepoint    ] Leaving safepoint region
[2019-12-09T07:01:31.033+0000][1][safepoint    ] Total time for which application threads were stopped: 0.0578432 seconds, Stopping threads took: 0.0577410 seconds
[2019-12-09T07:01:31.047+0000][1][safepoint    ] Application time: 0.0139176 seconds
[2019-12-09T07:01:31.185+0000][1][safepoint    ] Entering safepoint region: RevokeBias
[2019-12-09T07:01:31.185+0000][1][safepoint    ] Leaving safepoint region
[2019-12-09T07:01:31.185+0000][1][safepoint    ] Total time for which application threads were stopped: 0.1386756 seconds, Stopping threads took: 0.1385956 seconds
[2019-12-09T07:01:31.310+0000][1][safepoint    ] Application time: 0.1245852 seconds
[2019-12-09T07:01:31.310+0000][1][safepoint    ] Entering safepoint region: RevokeBias
[2019-12-09T07:01:31.310+0000][1][safepoint    ] Leaving safepoint region
[2019-12-09T07:01:31.310+0000][1][safepoint    ] Total time for which application threads were stopped: 0.0000730 seconds, Stopping threads took: 0.0000161 seconds
[2019-12-09T07:01:31.916+0000][1][safepoint    ] Application time: 0.6056286 seconds
[2019-12-09T07:01:31.916+0000][1][safepoint    ] Entering safepoint region: GenCollectForAllocation
[2019-12-09T07:01:31.916+0000][1][gc,start     ] GC(20) Pause Young (Allocation Failure)
[2019-12-09T07:01:31.916+0000][1][gc,task      ] GC(20) Using 2 workers of 2 for evacuation
[2019-12-09T07:01:32.103+0000][1][gc,age       ] GC(20) Desired survivor size 4456448 bytes, new threshold 2 (max threshold 6)
[2019-12-09T07:01:32.103+0000][1][gc,age       ] GC(20) Age table with threshold 2 (max threshold 6)
[2019-12-09T07:01:32.103+0000][1][gc,age       ] GC(20) - age   1:    2836784 bytes,    2836784 total
[2019-12-09T07:01:32.103+0000][1][gc,age       ] GC(20) - age   2:    2497736 bytes,    5334520 total
[2019-12-09T07:01:32.103+0000][1][gc,heap      ] GC(20) ParNew: 77165K->8704K(78656K)
[2019-12-09T07:01:32.104+0000][1][gc,heap      ] GC(20) CMS: 54426K->57536K(174784K)
[2019-12-09T07:01:32.104+0000][1][gc,metaspace ] GC(20) Metaspace: 48304K->48304K(1093632K)
[2019-12-09T07:01:32.104+0000][1][gc           ] GC(20) Pause Young (Allocation Failure) 128M->64M(247M) 187.559ms
[2019-12-09T07:01:32.104+0000][1][gc,cpu       ] GC(20) User=0.04s Sys=0.00s Real=0.18s
[2019-12-09T07:01:32.104+0000][1][safepoint    ] Leaving safepoint region
[2019-12-09T07:01:32.104+0000][1][safepoint    ] Total time for which application threads were stopped: 0.1877146 seconds, Stopping threads took: 0.0000171 seconds
[2019-12-09T07:01:32.207+0000][1][safepoint    ] Application time: 0.1032767 seconds
[2019-12-09T07:01:32.277+0000][1][safepoint    ] Entering safepoint region: RevokeBias
[2019-12-09T07:01:32.277+0000][1][safepoint    ] Leaving safepoint region
[2019-12-09T07:01:32.277+0000][1][safepoint    ] Total time for which application threads were stopped: 0.0699347 seconds, Stopping threads took: 0.0698570 seconds
[2019-12-09T07:01:32.277+0000][1][safepoint    ] Application time: 0.0001108 seconds
[2019-12-09T07:01:32.277+0000][1][safepoint    ] Entering safepoint region: RevokeBias
[2019-12-09T07:01:32.277+0000][1][safepoint    ] Leaving safepoint region
[2019-12-09T07:01:32.277+0000][1][safepoint    ] Total time for which application threads were stopped: 0.0000376 seconds, Stopping threads took: 0.0000090 seconds
[2019-12-09T07:01:33.060+0000][1][safepoint    ] Application time: 0.7827508 seconds
[2019-12-09T07:01:33.060+0000][1][safepoint    ] Entering safepoint region: RevokeBias
[2019-12-09T07:01:33.060+0000][1][safepoint    ] Leaving safepoint region
[2019-12-09T07:01:33.060+0000][1][safepoint    ] Total time for which application threads were stopped: 0.0004826 seconds, Stopping threads took: 0.0000163 seconds
[2019-12-09T07:01:33.304+0000][1][safepoint    ] Application time: 0.2436990 seconds
[2019-12-09T07:01:33.312+0000][1][safepoint    ] Entering safepoint region: RevokeBias
[2019-12-09T07:01:33.312+0000][1][safepoint    ] Leaving safepoint region
[2019-12-09T07:01:33.312+0000][1][safepoint    ] Total time for which application threads were stopped: 0.0080660 seconds, Stopping threads took: 0.0080056 seconds
[2019-12-09T07:01:34.319+0000][1][safepoint    ] Application time: 1.0067478 seconds
[2019-12-09T07:01:34.360+0000][1][safepoint    ] Entering safepoint region: Cleanup
[2019-12-09T07:01:34.360+0000][1][safepoint    ] Leaving safepoint region
[2019-12-09T07:01:34.360+0000][1][safepoint    ] Total time for which application threads were stopped: 0.0409094 seconds, Stopping threads took: 0.0408463 seconds
[2019-12-09T07:01:34.363+0000][1][safepoint    ] Application time: 0.0031756 seconds
[2019-12-09T07:01:34.363+0000][1][safepoint    ] Entering safepoint region: RevokeBias
[2019-12-09T07:01:34.363+0000][1][safepoint    ] Leaving safepoint region
[2019-12-09T07:01:34.363+0000][1][safepoint    ] Total time for which application threads were stopped: 0.0002569 seconds, Stopping threads took: 0.0001829 seconds
[2019-12-09T07:01:35.375+0000][1][safepoint    ] Application time: 1.0114695 seconds
[2019-12-09T07:01:35.398+0000][1][safepoint    ] Entering safepoint region: Cleanup
[2019-12-09T07:01:35.398+0000][1][safepoint    ] Leaving safepoint region
[2019-12-09T07:01:35.398+0000][1][safepoint    ] Total time for which application threads were stopped: 0.0234940 seconds, Stopping threads took: 0.0230062 seconds
[2019-12-09T07:01:36.405+0000][1][safepoint    ] Application time: 1.0064135 seconds
[2019-12-09T07:01:36.440+0000][1][safepoint    ] Entering safepoint region: Cleanup
[2019-12-09T07:01:36.440+0000][1][safepoint    ] Leaving safepoint region
[2019-12-09T07:01:36.440+0000][1][safepoint    ] Total time for which application threads were stopped: 0.0351165 seconds, Stopping threads took: 0.0350229 seconds
[2019-12-09T07:01:37.443+0000][1][safepoint    ] Application time: 1.0028918 seconds
[2019-12-09T07:01:37.471+0000][1][safepoint    ] Entering safepoint region: Cleanup
[2019-12-09T07:01:37.471+0000][1][safepoint    ] Leaving safepoint region
[2019-12-09T07:01:37.471+0000][1][safepoint    ] Total time for which application threads were stopped: 0.0280852 seconds, Stopping threads took: 0.0279940 seconds
[2019-12-09T07:01:37.494+0000][1][safepoint    ] Application time: 0.0234239 seconds
[2019-12-09T07:01:37.494+0000][1][safepoint    ] Entering safepoint region: GenCollectForAllocation
[2019-12-09T07:01:37.494+0000][1][gc,start     ] GC(21) Pause Young (Allocation Failure)
[2019-12-09T07:01:37.495+0000][1][gc,task      ] GC(21) Using 2 workers of 2 for evacuation
[2019-12-09T07:01:37.623+0000][1][gc,age       ] GC(21) Desired survivor size 4456448 bytes, new threshold 6 (max threshold 6)
[2019-12-09T07:01:37.623+0000][1][gc,age       ] GC(21) Age table with threshold 6 (max threshold 6)
[2019-12-09T07:01:37.623+0000][1][gc,age       ] GC(21) - age   1:    1546176 bytes,    1546176 total
[2019-12-09T07:01:37.623+0000][1][gc,age       ] GC(21) - age   2:    2762296 bytes,    4308472 total
[2019-12-09T07:01:37.623+0000][1][gc,heap      ] GC(21) ParNew: 78656K->6370K(78656K)
[2019-12-09T07:01:37.623+0000][1][gc,heap      ] GC(21) CMS: 57536K->60042K(174784K)
[2019-12-09T07:01:37.624+0000][1][gc,metaspace ] GC(21) Metaspace: 55342K->55342K(1099776K)
[2019-12-09T07:01:37.624+0000][1][gc           ] GC(21) Pause Young (Allocation Failure) 133M->64M(247M) 129.039ms
[2019-12-09T07:01:37.624+0000][1][gc,cpu       ] GC(21) User=0.04s Sys=0.00s Real=0.13s
[2019-12-09T07:01:37.624+0000][1][safepoint    ] Leaving safepoint region
[2019-12-09T07:01:37.624+0000][1][safepoint    ] Total time for which application threads were stopped: 0.1292222 seconds, Stopping threads took: 0.0000514 seconds
[2019-12-09T07:01:38.634+0000][1][safepoint    ] Application time: 1.0101417 seconds
[2019-12-09T07:01:38.650+0000][1][safepoint    ] Entering safepoint region: Cleanup
[2019-12-09T07:01:38.650+0000][1][safepoint    ] Leaving safepoint region
[2019-12-09T07:01:38.650+0000][1][safepoint    ] Total time for which application threads were stopped: 0.0162024 seconds, Stopping threads took: 0.0161379 seconds
[2019-12-09T07:01:39.071+0000][1][safepoint    ] Application time: 0.4207500 seconds
[2019-12-09T07:01:39.114+0000][1][safepoint    ] Entering safepoint region: RevokeBias
[2019-12-09T07:01:39.114+0000][1][safepoint    ] Leaving safepoint region
[2019-12-09T07:01:39.114+0000][1][safepoint    ] Total time for which application threads were stopped: 0.0431614 seconds, Stopping threads took: 0.0430118 seconds
[2019-12-09T07:01:39.114+0000][1][safepoint    ] Application time: 0.0002624 seconds
[2019-12-09T07:01:39.114+0000][1][safepoint    ] Entering safepoint region: RevokeBias
[2019-12-09T07:01:39.114+0000][1][safepoint    ] Leaving safepoint region
[2019-12-09T07:01:39.114+0000][1][safepoint    ] Total time for which application threads were stopped: 0.0001191 seconds, Stopping threads took: 0.0000129 seconds
[2019-12-09T07:01:39.114+0000][1][safepoint    ] Application time: 0.0000734 seconds
[2019-12-09T07:01:39.114+0000][1][safepoint    ] Entering safepoint region: RevokeBias
[2019-12-09T07:01:39.115+0000][1][safepoint    ] Leaving safepoint region
[2019-12-09T07:01:39.115+0000][1][safepoint    ] Total time for which application threads were stopped: 0.0000756 seconds, Stopping threads took: 0.0000089 seconds
[2019-12-09T07:01:39.115+0000][1][safepoint    ] Application time: 0.0002323 seconds
[2019-12-09T07:01:39.115+0000][1][safepoint    ] Entering safepoint region: RevokeBias
[2019-12-09T07:01:39.115+0000][1][safepoint    ] Leaving safepoint region
[2019-12-09T07:01:39.115+0000][1][safepoint    ] Total time for which application threads were stopped: 0.0000948 seconds, Stopping threads took: 0.0000112 seconds
[2019-12-09T07:01:39.480+0000][1][safepoint    ] Application time: 0.3652384 seconds
[2019-12-09T07:01:39.480+0000][1][safepoint    ] Entering safepoint region: Deoptimize
[2019-12-09T07:01:39.481+0000][1][safepoint    ] Leaving safepoint region
[2019-12-09T07:01:39.481+0000][1][safepoint    ] Total time for which application threads were stopped: 0.0006237 seconds, Stopping threads took: 0.0000162 seconds
[2019-12-09T07:01:40.491+0000][1][safepoint    ] Application time: 1.0099109 seconds
[2019-12-09T07:01:40.516+0000][1][safepoint    ] Entering safepoint region: Cleanup
[2019-12-09T07:01:40.518+0000][1][safepoint    ] Leaving safepoint region
[2019-12-09T07:01:40.518+0000][1][safepoint    ] Total time for which application threads were stopped: 0.0269696 seconds, Stopping threads took: 0.0257251 seconds
[2019-12-09T07:01:41.522+0000][1][safepoint    ] Application time: 1.0039935 seconds
[2019-12-09T07:01:41.559+0000][1][safepoint    ] Entering safepoint region: Cleanup
[2019-12-09T07:01:41.559+0000][1][safepoint    ] Leaving safepoint region
[2019-12-09T07:01:41.559+0000][1][safepoint    ] Total time for which application threads were stopped: 0.0371200 seconds, Stopping threads took: 0.0370432 seconds
[2019-12-09T07:01:41.895+0000][1][safepoint    ] Application time: 0.3357400 seconds
[2019-12-09T07:01:41.895+0000][1][safepoint    ] Entering safepoint region: Deoptimize
[2019-12-09T07:01:41.895+0000][1][safepoint    ] Leaving safepoint region
[2019-12-09T07:01:41.895+0000][1][safepoint    ] Total time for which application threads were stopped: 0.0006380 seconds, Stopping threads took: 0.0000151 seconds
[2019-12-09T07:01:42.897+0000][1][safepoint    ] Application time: 1.0014099 seconds
[2019-12-09T07:01:42.950+0000][1][safepoint    ] Entering safepoint region: Cleanup
[2019-12-09T07:01:42.950+0000][1][safepoint    ] Leaving safepoint region
[2019-12-09T07:01:42.950+0000][1][safepoint    ] Total time for which application threads were stopped: 0.0532297 seconds, Stopping threads took: 0.0531346 seconds
[2019-12-09T07:01:43.526+0000][1][safepoint    ] Application time: 0.5757280 seconds
[2019-12-09T07:01:43.526+0000][1][safepoint    ] Entering safepoint region: RevokeBias
[2019-12-09T07:01:43.526+0000][1][safepoint    ] Leaving safepoint region
[2019-12-09T07:01:43.526+0000][1][safepoint    ] Total time for which application threads were stopped: 0.0001176 seconds, Stopping threads took: 0.0000144 seconds
[2019-12-09T07:01:43.540+0000][1][safepoint    ] Application time: 0.0139104 seconds
[2019-12-09T07:01:43.540+0000][1][safepoint    ] Entering safepoint region: RevokeBias
[2019-12-09T07:01:43.540+0000][1][safepoint    ] Leaving safepoint region
[2019-12-09T07:01:43.540+0000][1][safepoint    ] Total time for which application threads were stopped: 0.0000907 seconds, Stopping threads took: 0.0000238 seconds
[2019-12-09T07:01:43.540+0000][1][safepoint    ] Application time: 0.0001620 seconds
[2019-12-09T07:01:43.540+0000][1][safepoint    ] Entering safepoint region: RevokeBias
[2019-12-09T07:01:43.540+0000][1][safepoint    ] Leaving safepoint region
[2019-12-09T07:01:43.540+0000][1][safepoint    ] Total time for which application threads were stopped: 0.0000349 seconds, Stopping threads took: 0.0000083 seconds
[2019-12-09T07:01:43.540+0000][1][safepoint    ] Application time: 0.0003483 seconds
[2019-12-09T07:01:43.540+0000][1][safepoint    ] Entering safepoint region: RevokeBias
[2019-12-09T07:01:43.540+0000][1][safepoint    ] Leaving safepoint region
[2019-12-09T07:01:43.541+0000][1][safepoint    ] Total time for which application threads were stopped: 0.0000455 seconds, Stopping threads took: 0.0000091 seconds
[2019-12-09T07:01:43.541+0000][1][safepoint    ] Application time: 0.0002030 seconds
[2019-12-09T07:01:43.541+0000][1][safepoint    ] Entering safepoint region: RevokeBias
[2019-12-09T07:01:43.541+0000][1][safepoint    ] Leaving safepoint region
[2019-12-09T07:01:43.541+0000][1][safepoint    ] Total time for which application threads were stopped: 0.0000399 seconds, Stopping threads took: 0.0000077 seconds
[2019-12-09T07:01:43.541+0000][1][safepoint    ] Application time: 0.0000528 seconds
[2019-12-09T07:01:43.541+0000][1][safepoint    ] Entering safepoint region: RevokeBias
[2019-12-09T07:01:43.541+0000][1][safepoint    ] Leaving safepoint region
[2019-12-09T07:01:43.541+0000][1][safepoint    ] Total time for which application threads were stopped: 0.0000303 seconds, Stopping threads took: 0.0000063 seconds
[2019-12-09T07:01:43.541+0000][1][safepoint    ] Application time: 0.0001407 seconds
[2019-12-09T07:01:43.541+0000][1][safepoint    ] Entering safepoint region: RevokeBias
[2019-12-09T07:01:43.541+0000][1][safepoint    ] Leaving safepoint region
[2019-12-09T07:01:43.541+0000][1][safepoint    ] Total time for which application threads were stopped: 0.0000311 seconds, Stopping threads took: 0.0000066 seconds
[2019-12-09T07:01:44.581+0000][1][safepoint    ] Application time: 1.0396487 seconds
[2019-12-09T07:01:44.581+0000][1][safepoint    ] Entering safepoint region: Cleanup
[2019-12-09T07:01:44.581+0000][1][safepoint    ] Leaving safepoint region
[2019-12-09T07:01:44.581+0000][1][safepoint    ] Total time for which application threads were stopped: 0.0001676 seconds, Stopping threads took: 0.0000951 seconds
[2019-12-09T07:01:45.459+0000][1][safepoint    ] Application time: 0.8777917 seconds
[2019-12-09T07:01:45.459+0000][1][safepoint    ] Entering safepoint region: GenCollectForAllocation
[2019-12-09T07:01:45.459+0000][1][gc,start     ] GC(22) Pause Young (Allocation Failure)
[2019-12-09T07:01:45.459+0000][1][gc,task      ] GC(22) Using 2 workers of 2 for evacuation
[2019-12-09T07:01:45.677+0000][1][gc,age       ] GC(22) Desired survivor size 4456448 bytes, new threshold 2 (max threshold 6)
[2019-12-09T07:01:45.677+0000][1][gc,age       ] GC(22) Age table with threshold 2 (max threshold 6)
[2019-12-09T07:01:45.677+0000][1][gc,age       ] GC(22) - age   1:    3622464 bytes,    3622464 total
[2019-12-09T07:01:45.677+0000][1][gc,age       ] GC(22) - age   2:    1478576 bytes,    5101040 total
[2019-12-09T07:01:45.677+0000][1][gc,age       ] GC(22) - age   3:    2746856 bytes,    7847896 total
[2019-12-09T07:01:45.677+0000][1][gc,heap      ] GC(22) ParNew: 76322K->7903K(78656K)
[2019-12-09T07:01:45.677+0000][1][gc,heap      ] GC(22) CMS: 60042K->60042K(174784K)
[2019-12-09T07:01:45.677+0000][1][gc,metaspace ] GC(22) Metaspace: 62527K->62527K(1105920K)
[2019-12-09T07:01:45.678+0000][1][gc           ] GC(22) Pause Young (Allocation Failure) 133M->66M(247M) 218.679ms
[2019-12-09T07:01:45.678+0000][1][gc,cpu       ] GC(22) User=0.06s Sys=0.00s Real=0.22s
[2019-12-09T07:01:45.678+0000][1][safepoint    ] Leaving safepoint region
[2019-12-09T07:01:45.678+0000][1][safepoint    ] Total time for which application threads were stopped: 0.2188326 seconds, Stopping threads took: 0.0000152 seconds
[2019-12-09T07:01:45.828+0000][1][safepoint    ] Application time: 0.1499218 seconds
[2019-12-09T07:01:45.828+0000][1][safepoint    ] Entering safepoint region: RevokeBias
[2019-12-09T07:01:45.828+0000][1][safepoint    ] Leaving safepoint region
[2019-12-09T07:01:45.828+0000][1][safepoint    ] Total time for which application threads were stopped: 0.0000793 seconds, Stopping threads took: 0.0000148 seconds
[2019-12-09T07:01:46.729+0000][1][safepoint    ] Application time: 0.9011562 seconds
[2019-12-09T07:01:46.736+0000][1][safepoint    ] Entering safepoint region: RevokeBias
[2019-12-09T07:01:46.736+0000][1][safepoint    ] Leaving safepoint region
[2019-12-09T07:01:46.736+0000][1][safepoint    ] Total time for which application threads were stopped: 0.0070610 seconds, Stopping threads took: 0.0069205 seconds
[2019-12-09T07:01:46.736+0000][1][safepoint    ] Application time: 0.0000952 seconds
[2019-12-09T07:01:46.736+0000][1][safepoint    ] Entering safepoint region: RevokeBias
[2019-12-09T07:01:46.736+0000][1][safepoint    ] Leaving safepoint region
[2019-12-09T07:01:46.736+0000][1][safepoint    ] Total time for which application threads were stopped: 0.0000945 seconds, Stopping threads took: 0.0000105 seconds
[2019-12-09T07:01:46.736+0000][1][safepoint    ] Application time: 0.0000637 seconds
[2019-12-09T07:01:46.736+0000][1][safepoint    ] Entering safepoint region: RevokeBias
[2019-12-09T07:01:46.736+0000][1][safepoint    ] Leaving safepoint region
[2019-12-09T07:01:46.736+0000][1][safepoint    ] Total time for which application threads were stopped: 0.0000675 seconds, Stopping threads took: 0.0000080 seconds
[2019-12-09T07:01:46.736+0000][1][safepoint    ] Application time: 0.0000538 seconds
[2019-12-09T07:01:46.736+0000][1][safepoint    ] Entering safepoint region: RevokeBias
[2019-12-09T07:01:46.736+0000][1][safepoint    ] Leaving safepoint region
[2019-12-09T07:01:46.736+0000][1][safepoint    ] Total time for which application threads were stopped: 0.0000580 seconds, Stopping threads took: 0.0000070 seconds
[2019-12-09T07:01:46.736+0000][1][safepoint    ] Application time: 0.0000540 seconds
[2019-12-09T07:01:46.736+0000][1][safepoint    ] Entering safepoint region: RevokeBias
[2019-12-09T07:01:46.736+0000][1][safepoint    ] Leaving safepoint region
[2019-12-09T07:01:46.736+0000][1][safepoint    ] Total time for which application threads were stopped: 0.0000576 seconds, Stopping threads took: 0.0000076 seconds
[2019-12-09T07:01:46.737+0000][1][safepoint    ] Application time: 0.0000595 seconds
[2019-12-09T07:01:46.737+0000][1][safepoint    ] Entering safepoint region: RevokeBias
[2019-12-09T07:01:46.737+0000][1][safepoint    ] Leaving safepoint region
[2019-12-09T07:01:46.737+0000][1][safepoint    ] Total time for which application threads were stopped: 0.0000523 seconds, Stopping threads took: 0.0000075 seconds
[2019-12-09T07:01:46.737+0000][1][safepoint    ] Application time: 0.0000697 seconds
[2019-12-09T07:01:46.737+0000][1][safepoint    ] Entering safepoint region: RevokeBias
[2019-12-09T07:01:46.737+0000][1][safepoint    ] Leaving safepoint region
[2019-12-09T07:01:46.737+0000][1][safepoint    ] Total time for which application threads were stopped: 0.0000621 seconds, Stopping threads took: 0.0000083 seconds
[2019-12-09T07:01:46.737+0000][1][safepoint    ] Application time: 0.0000593 seconds
[2019-12-09T07:01:46.737+0000][1][safepoint    ] Entering safepoint region: RevokeBias
[2019-12-09T07:01:46.737+0000][1][safepoint    ] Leaving safepoint region
[2019-12-09T07:01:46.737+0000][1][safepoint    ] Total time for which application threads were stopped: 0.0000531 seconds, Stopping threads took: 0.0000070 seconds
[2019-12-09T07:01:46.748+0000][1][safepoint    ] Application time: 0.0108191 seconds
[2019-12-09T07:01:46.748+0000][1][safepoint    ] Entering safepoint region: Deoptimize
[2019-12-09T07:01:46.748+0000][1][safepoint    ] Leaving safepoint region
[2019-12-09T07:01:46.748+0000][1][safepoint    ] Total time for which application threads were stopped: 0.0006227 seconds, Stopping threads took: 0.0000125 seconds
[2019-12-09T07:01:46.864+0000][1][safepoint    ] Application time: 0.1157405 seconds
[2019-12-09T07:01:46.864+0000][1][safepoint    ] Entering safepoint region: BulkRevokeBias
[2019-12-09T07:01:46.864+0000][1][safepoint    ] Leaving safepoint region
[2019-12-09T07:01:46.864+0000][1][safepoint    ] Total time for which application threads were stopped: 0.0002453 seconds, Stopping threads took: 0.0000245 seconds
[2019-12-09T07:01:46.866+0000][1][safepoint    ] Application time: 0.0012369 seconds
[2019-12-09T07:01:46.866+0000][1][safepoint    ] Entering safepoint region: RevokeBias
[2019-12-09T07:01:46.866+0000][1][safepoint    ] Leaving safepoint region
[2019-12-09T07:01:46.866+0000][1][safepoint    ] Total time for which application threads were stopped: 0.0000814 seconds, Stopping threads took: 0.0000281 seconds
[2019-12-09T07:01:46.866+0000][1][safepoint    ] Application time: 0.0004231 seconds
[2019-12-09T07:01:46.866+0000][1][safepoint    ] Entering safepoint region: RevokeBias
[2019-12-09T07:01:46.866+0000][1][safepoint    ] Leaving safepoint region
[2019-12-09T07:01:46.866+0000][1][safepoint    ] Total time for which application threads were stopped: 0.0000696 seconds, Stopping threads took: 0.0000116 seconds
[2019-12-09T07:01:46.866+0000][1][safepoint    ] Application time: 0.0000648 seconds
[2019-12-09T07:01:46.866+0000][1][safepoint    ] Entering safepoint region: RevokeBias
[2019-12-09T07:01:46.866+0000][1][safepoint    ] Leaving safepoint region
[2019-12-09T07:01:46.866+0000][1][safepoint    ] Total time for which application threads were stopped: 0.0000690 seconds, Stopping threads took: 0.0000092 seconds
[2019-12-09T07:01:46.867+0000][1][safepoint    ] Application time: 0.0001140 seconds
[2019-12-09T07:01:46.867+0000][1][safepoint    ] Entering safepoint region: RevokeBias
[2019-12-09T07:01:46.867+0000][1][safepoint    ] Leaving safepoint region
[2019-12-09T07:01:46.867+0000][1][safepoint    ] Total time for which application threads were stopped: 0.0000693 seconds, Stopping threads took: 0.0000115 seconds
[2019-12-09T07:01:46.867+0000][1][safepoint    ] Application time: 0.0003201 seconds
[2019-12-09T07:01:46.867+0000][1][safepoint    ] Entering safepoint region: RevokeBias
[2019-12-09T07:01:46.867+0000][1][safepoint    ] Leaving safepoint region
[2019-12-09T07:01:46.867+0000][1][safepoint    ] Total time for which application threads were stopped: 0.0000561 seconds, Stopping threads took: 0.0000099 seconds
[2019-12-09T07:01:46.867+0000][1][safepoint    ] Application time: 0.0002062 seconds
[2019-12-09T07:01:46.867+0000][1][safepoint    ] Entering safepoint region: RevokeBias
[2019-12-09T07:01:46.867+0000][1][safepoint    ] Leaving safepoint region
[2019-12-09T07:01:46.867+0000][1][safepoint    ] Total time for which application threads were stopped: 0.0000685 seconds, Stopping threads took: 0.0000092 seconds
[2019-12-09T07:01:46.867+0000][1][safepoint    ] Application time: 0.0000610 seconds
[2019-12-09T07:01:46.867+0000][1][safepoint    ] Entering safepoint region: RevokeBias
[2019-12-09T07:01:46.867+0000][1][safepoint    ] Leaving safepoint region
[2019-12-09T07:01:46.867+0000][1][safepoint    ] Total time for which application threads were stopped: 0.0000503 seconds, Stopping threads took: 0.0000091 seconds
[2019-12-09T07:01:46.868+0000][1][safepoint    ] Application time: 0.0001212 seconds
[2019-12-09T07:01:46.868+0000][1][safepoint    ] Entering safepoint region: RevokeBias
[2019-12-09T07:01:46.868+0000][1][safepoint    ] Leaving safepoint region
[2019-12-09T07:01:46.868+0000][1][safepoint    ] Total time for which application threads were stopped: 0.0000455 seconds, Stopping threads took: 0.0000079 seconds
[2019-12-09T07:01:46.868+0000][1][safepoint    ] Application time: 0.0006132 seconds
[2019-12-09T07:01:46.868+0000][1][safepoint    ] Entering safepoint region: RevokeBias
[2019-12-09T07:01:46.868+0000][1][safepoint    ] Leaving safepoint region
[2019-12-09T07:01:46.868+0000][1][safepoint    ] Total time for which application threads were stopped: 0.0000611 seconds, Stopping threads took: 0.0000119 seconds
[2019-12-09T07:01:46.870+0000][1][safepoint    ] Application time: 0.0012156 seconds
[2019-12-09T07:01:46.870+0000][1][safepoint    ] Entering safepoint region: RevokeBias
[2019-12-09T07:01:46.870+0000][1][safepoint    ] Leaving safepoint region
[2019-12-09T07:01:46.870+0000][1][safepoint    ] Total time for which application threads were stopped: 0.0000624 seconds, Stopping threads took: 0.0000123 seconds
[2019-12-09T07:01:46.870+0000][1][safepoint    ] Application time: 0.0000846 seconds
[2019-12-09T07:01:46.870+0000][1][safepoint    ] Entering safepoint region: RevokeBias
[2019-12-09T07:01:46.870+0000][1][safepoint    ] Leaving safepoint region
[2019-12-09T07:01:46.870+0000][1][safepoint    ] Total time for which application threads were stopped: 0.0000517 seconds, Stopping threads took: 0.0000090 seconds
[2019-12-09T07:01:46.870+0000][1][safepoint    ] Application time: 0.0000608 seconds
[2019-12-09T07:01:46.870+0000][1][safepoint    ] Entering safepoint region: RevokeBias
[2019-12-09T07:01:46.870+0000][1][safepoint    ] Leaving safepoint region
[2019-12-09T07:01:46.870+0000][1][safepoint    ] Total time for which application threads were stopped: 0.0000433 seconds, Stopping threads took: 0.0000085 seconds
[2019-12-09T07:01:46.870+0000][1][safepoint    ] Application time: 0.0000663 seconds
[2019-12-09T07:01:46.870+0000][1][safepoint    ] Entering safepoint region: RevokeBias
[2019-12-09T07:01:46.870+0000][1][safepoint    ] Leaving safepoint region
[2019-12-09T07:01:46.870+0000][1][safepoint    ] Total time for which application threads were stopped: 0.0000438 seconds, Stopping threads took: 0.0000081 seconds
[2019-12-09T07:01:46.870+0000][1][safepoint    ] Application time: 0.0000659 seconds
[2019-12-09T07:01:46.870+0000][1][safepoint    ] Entering safepoint region: RevokeBias
[2019-12-09T07:01:46.870+0000][1][safepoint    ] Leaving safepoint region
[2019-12-09T07:01:46.870+0000][1][safepoint    ] Total time for which application threads were stopped: 0.0000464 seconds, Stopping threads took: 0.0000088 seconds
[2019-12-09T07:01:46.870+0000][1][safepoint    ] Application time: 0.0000723 seconds
[2019-12-09T07:01:46.870+0000][1][safepoint    ] Entering safepoint region: RevokeBias
[2019-12-09T07:01:46.870+0000][1][safepoint    ] Leaving safepoint region
[2019-12-09T07:01:46.870+0000][1][safepoint    ] Total time for which application threads were stopped: 0.0000448 seconds, Stopping threads took: 0.0000091 seconds
[2019-12-09T07:01:46.870+0000][1][safepoint    ] Application time: 0.0000601 seconds
[2019-12-09T07:01:46.870+0000][1][safepoint    ] Entering safepoint region: BulkRevokeBias
[2019-12-09T07:01:46.871+0000][1][safepoint    ] Leaving safepoint region
[2019-12-09T07:01:46.871+0000][1][safepoint    ] Total time for which application threads were stopped: 0.0001433 seconds, Stopping threads took: 0.0000088 seconds
[2019-12-09T07:01:46.917+0000][1][safepoint    ] Application time: 0.0466570 seconds
[2019-12-09T07:01:46.917+0000][1][safepoint    ] Entering safepoint region: Deoptimize
[2019-12-09T07:01:46.918+0000][1][safepoint    ] Leaving safepoint region
[2019-12-09T07:01:46.918+0000][1][safepoint    ] Total time for which application threads were stopped: 0.0006723 seconds, Stopping threads took: 0.0000161 seconds
[2019-12-09T07:01:46.919+0000][1][safepoint    ] Application time: 0.0006294 seconds
[2019-12-09T07:01:46.919+0000][1][safepoint    ] Entering safepoint region: RevokeBias
[2019-12-09T07:01:46.919+0000][1][safepoint    ] Leaving safepoint region
[2019-12-09T07:01:46.919+0000][1][safepoint    ] Total time for which application threads were stopped: 0.0000632 seconds, Stopping threads took: 0.0000131 seconds
[2019-12-09T07:01:47.034+0000][1][safepoint    ] Application time: 0.1154812 seconds
[2019-12-09T07:01:47.034+0000][1][safepoint    ] Entering safepoint region: RevokeBias
[2019-12-09T07:01:47.034+0000][1][safepoint    ] Leaving safepoint region
[2019-12-09T07:01:47.034+0000][1][safepoint    ] Total time for which application threads were stopped: 0.0000940 seconds, Stopping threads took: 0.0000153 seconds
[2019-12-09T07:01:47.418+0000][1][safepoint    ] Application time: 0.3834677 seconds
[2019-12-09T07:01:47.451+0000][1][safepoint    ] Entering safepoint region: RevokeBias
[2019-12-09T07:01:47.451+0000][1][safepoint    ] Leaving safepoint region
[2019-12-09T07:01:47.451+0000][1][safepoint    ] Total time for which application threads were stopped: 0.0329035 seconds, Stopping threads took: 0.0328015 seconds
[2019-12-09T07:01:47.451+0000][1][safepoint    ] Application time: 0.0002012 seconds
[2019-12-09T07:01:47.451+0000][1][safepoint    ] Entering safepoint region: RevokeBias
[2019-12-09T07:01:47.451+0000][1][safepoint    ] Leaving safepoint region
[2019-12-09T07:01:47.451+0000][1][safepoint    ] Total time for which application threads were stopped: 0.0000933 seconds, Stopping threads took: 0.0000121 seconds
[2019-12-09T07:01:47.451+0000][1][safepoint    ] Application time: 0.0000684 seconds
[2019-12-09T07:01:47.451+0000][1][safepoint    ] Entering safepoint region: RevokeBias
[2019-12-09T07:01:47.451+0000][1][safepoint    ] Leaving safepoint region
[2019-12-09T07:01:47.451+0000][1][safepoint    ] Total time for which application threads were stopped: 0.0000645 seconds, Stopping threads took: 0.0000089 seconds
[2019-12-09T07:01:47.452+0000][1][safepoint    ] Application time: 0.0003363 seconds
[2019-12-09T07:01:47.452+0000][1][safepoint    ] Entering safepoint region: RevokeBias
[2019-12-09T07:01:47.452+0000][1][safepoint    ] Leaving safepoint region
[2019-12-09T07:01:47.452+0000][1][safepoint    ] Total time for which application threads were stopped: 0.0000842 seconds, Stopping threads took: 0.0000120 seconds
[2019-12-09T07:01:47.452+0000][1][safepoint    ] Application time: 0.0000802 seconds
[2019-12-09T07:01:47.452+0000][1][safepoint    ] Entering safepoint region: RevokeBias
[2019-12-09T07:01:47.452+0000][1][safepoint    ] Leaving safepoint region
[2019-12-09T07:01:47.452+0000][1][safepoint    ] Total time for which application threads were stopped: 0.0000636 seconds, Stopping threads took: 0.0000090 seconds
[2019-12-09T07:01:47.454+0000][1][safepoint    ] Application time: 0.0025204 seconds
[2019-12-09T07:01:47.454+0000][1][safepoint    ] Entering safepoint region: RevokeBias
[2019-12-09T07:01:47.454+0000][1][safepoint    ] Leaving safepoint region
[2019-12-09T07:01:47.454+0000][1][safepoint    ] Total time for which application threads were stopped: 0.0000874 seconds, Stopping threads took: 0.0000465 seconds
[2019-12-09T07:01:47.455+0000][1][safepoint    ] Application time: 0.0003848 seconds
[2019-12-09T07:01:47.455+0000][1][safepoint    ] Entering safepoint region: RevokeBias
[2019-12-09T07:01:47.455+0000][1][safepoint    ] Leaving safepoint region
[2019-12-09T07:01:47.455+0000][1][safepoint    ] Total time for which application threads were stopped: 0.0000508 seconds, Stopping threads took: 0.0000109 seconds
[2019-12-09T07:01:47.461+0000][1][safepoint    ] Application time: 0.0058196 seconds
[2019-12-09T07:01:47.461+0000][1][safepoint    ] Entering safepoint region: RevokeBias
[2019-12-09T07:01:47.461+0000][1][safepoint    ] Leaving safepoint region
[2019-12-09T07:01:47.461+0000][1][safepoint    ] Total time for which application threads were stopped: 0.0000995 seconds, Stopping threads took: 0.0000609 seconds
[2019-12-09T07:01:47.472+0000][1][safepoint    ] Application time: 0.0108591 seconds
[2019-12-09T07:01:47.472+0000][1][safepoint    ] Entering safepoint region: RevokeBias
[2019-12-09T07:01:47.472+0000][1][safepoint    ] Leaving safepoint region
[2019-12-09T07:01:47.472+0000][1][safepoint    ] Total time for which application threads were stopped: 0.0001039 seconds, Stopping threads took: 0.0000524 seconds
[2019-12-09T07:01:47.476+0000][1][safepoint    ] Application time: 0.0038601 seconds
[2019-12-09T07:01:47.476+0000][1][safepoint    ] Entering safepoint region: RevokeBias
[2019-12-09T07:01:47.476+0000][1][safepoint    ] Leaving safepoint region
[2019-12-09T07:01:47.476+0000][1][safepoint    ] Total time for which application threads were stopped: 0.0000810 seconds, Stopping threads took: 0.0000393 seconds
[2019-12-09T07:01:47.476+0000][1][safepoint    ] Application time: 0.0003399 seconds
[2019-12-09T07:01:47.476+0000][1][safepoint    ] Entering safepoint region: RevokeBias
[2019-12-09T07:01:47.476+0000][1][safepoint    ] Leaving safepoint region
[2019-12-09T07:01:47.476+0000][1][safepoint    ] Total time for which application threads were stopped: 0.0000932 seconds, Stopping threads took: 0.0000106 seconds
[2019-12-09T07:01:47.476+0000][1][safepoint    ] Application time: 0.0001219 seconds
[2019-12-09T07:01:47.476+0000][1][safepoint    ] Entering safepoint region: RevokeBias
[2019-12-09T07:01:47.476+0000][1][safepoint    ] Leaving safepoint region
[2019-12-09T07:01:47.476+0000][1][safepoint    ] Total time for which application threads were stopped: 0.0000750 seconds, Stopping threads took: 0.0000091 seconds
[2019-12-09T07:01:47.477+0000][1][safepoint    ] Application time: 0.0004359 seconds
[2019-12-09T07:01:47.477+0000][1][safepoint    ] Entering safepoint region: RevokeBias
[2019-12-09T07:01:47.477+0000][1][safepoint    ] Leaving safepoint region
[2019-12-09T07:01:47.477+0000][1][safepoint    ] Total time for which application threads were stopped: 0.0000612 seconds, Stopping threads took: 0.0000107 seconds
[2019-12-09T07:01:47.477+0000][1][safepoint    ] Application time: 0.0000607 seconds
[2019-12-09T07:01:47.477+0000][1][safepoint    ] Entering safepoint region: RevokeBias
[2019-12-09T07:01:47.477+0000][1][safepoint    ] Leaving safepoint region
[2019-12-09T07:01:47.477+0000][1][safepoint    ] Total time for which application threads were stopped: 0.0000521 seconds, Stopping threads took: 0.0000088 seconds
[2019-12-09T07:01:47.499+0000][1][safepoint    ] Application time: 0.0215148 seconds
[2019-12-09T07:01:47.499+0000][1][safepoint    ] Entering safepoint region: RevokeBias
[2019-12-09T07:01:47.499+0000][1][safepoint    ] Leaving safepoint region
[2019-12-09T07:01:47.499+0000][1][safepoint    ] Total time for which application threads were stopped: 0.0002573 seconds, Stopping threads took: 0.0001567 seconds
[2019-12-09T07:01:47.502+0000][1][safepoint    ] Application time: 0.0028648 seconds
[2019-12-09T07:01:47.503+0000][1][safepoint    ] Entering safepoint region: RevokeBias
[2019-12-09T07:01:47.503+0000][1][safepoint    ] Leaving safepoint region
[2019-12-09T07:01:47.503+0000][1][safepoint    ] Total time for which application threads were stopped: 0.0011791 seconds, Stopping threads took: 0.0011022 seconds
[2019-12-09T07:01:47.531+0000][1][safepoint    ] Application time: 0.0278461 seconds
[2019-12-09T07:01:47.547+0000][1][safepoint    ] Entering safepoint region: RevokeBias
[2019-12-09T07:01:47.547+0000][1][safepoint    ] Leaving safepoint region
[2019-12-09T07:01:47.547+0000][1][safepoint    ] Total time for which application threads were stopped: 0.0159703 seconds, Stopping threads took: 0.0158861 seconds
[2019-12-09T07:01:47.550+0000][1][safepoint    ] Application time: 0.0027573 seconds
[2019-12-09T07:01:47.550+0000][1][safepoint    ] Entering safepoint region: RevokeBias
[2019-12-09T07:01:47.550+0000][1][safepoint    ] Leaving safepoint region
[2019-12-09T07:01:47.550+0000][1][safepoint    ] Total time for which application threads were stopped: 0.0001109 seconds, Stopping threads took: 0.0000134 seconds
[2019-12-09T07:01:47.573+0000][1][safepoint    ] Application time: 0.0230742 seconds
[2019-12-09T07:01:47.615+0000][1][safepoint    ] Entering safepoint region: RevokeBias
[2019-12-09T07:01:47.615+0000][1][safepoint    ] Leaving safepoint region
[2019-12-09T07:01:47.615+0000][1][safepoint    ] Total time for which application threads were stopped: 0.0425758 seconds, Stopping threads took: 0.0424464 seconds
[2019-12-09T07:01:47.616+0000][1][safepoint    ] Application time: 0.0003407 seconds
[2019-12-09T07:01:47.616+0000][1][safepoint    ] Entering safepoint region: RevokeBias
[2019-12-09T07:01:47.616+0000][1][safepoint    ] Leaving safepoint region
[2019-12-09T07:01:47.616+0000][1][safepoint    ] Total time for which application threads were stopped: 0.0000996 seconds, Stopping threads took: 0.0000161 seconds
[2019-12-09T07:01:47.616+0000][1][safepoint    ] Application time: 0.0000603 seconds
[2019-12-09T07:01:47.616+0000][1][safepoint    ] Entering safepoint region: RevokeBias
[2019-12-09T07:01:47.616+0000][1][safepoint    ] Leaving safepoint region
[2019-12-09T07:01:47.616+0000][1][safepoint    ] Total time for which application threads were stopped: 0.0000578 seconds, Stopping threads took: 0.0000091 seconds
[2019-12-09T07:01:47.616+0000][1][safepoint    ] Application time: 0.0003706 seconds
[2019-12-09T07:01:47.616+0000][1][safepoint    ] Entering safepoint region: RevokeBias
[2019-12-09T07:01:47.617+0000][1][safepoint    ] Leaving safepoint region
[2019-12-09T07:01:47.617+0000][1][safepoint    ] Total time for which application threads were stopped: 0.0000828 seconds, Stopping threads took: 0.0000142 seconds
[2019-12-09T07:01:47.630+0000][1][safepoint    ] Application time: 0.0132847 seconds
[2019-12-09T07:01:47.708+0000][1][safepoint    ] Entering safepoint region: RevokeBias
[2019-12-09T07:01:47.708+0000][1][safepoint    ] Leaving safepoint region
[2019-12-09T07:01:47.708+0000][1][safepoint    ] Total time for which application threads were stopped: 0.0780776 seconds, Stopping threads took: 0.0778807 seconds
[2019-12-09T07:01:47.711+0000][1][safepoint    ] Application time: 0.0033085 seconds
[2019-12-09T07:01:47.711+0000][1][safepoint    ] Entering safepoint region: RevokeBias
[2019-12-09T07:01:47.711+0000][1][safepoint    ] Leaving safepoint region
[2019-12-09T07:01:47.711+0000][1][safepoint    ] Total time for which application threads were stopped: 0.0001312 seconds, Stopping threads took: 0.0000130 seconds
[2019-12-09T07:01:47.715+0000][1][safepoint    ] Application time: 0.0038272 seconds
[2019-12-09T07:01:47.715+0000][1][safepoint    ] Entering safepoint region: RevokeBias
[2019-12-09T07:01:47.716+0000][1][safepoint    ] Leaving safepoint region
[2019-12-09T07:01:47.716+0000][1][safepoint    ] Total time for which application threads were stopped: 0.0002494 seconds, Stopping threads took: 0.0001648 seconds
[2019-12-09T07:01:47.723+0000][1][safepoint    ] Application time: 0.0069730 seconds
[2019-12-09T07:01:47.723+0000][1][safepoint    ] Entering safepoint region: RevokeBias
[2019-12-09T07:01:47.723+0000][1][safepoint    ] Leaving safepoint region
[2019-12-09T07:01:47.723+0000][1][safepoint    ] Total time for which application threads were stopped: 0.0001119 seconds, Stopping threads took: 0.0000141 seconds
[2019-12-09T07:01:47.729+0000][1][safepoint    ] Application time: 0.0066522 seconds
[2019-12-09T07:01:47.740+0000][1][safepoint    ] Entering safepoint region: RevokeBias
[2019-12-09T07:01:47.740+0000][1][safepoint    ] Leaving safepoint region
[2019-12-09T07:01:47.740+0000][1][safepoint    ] Total time for which application threads were stopped: 0.0105868 seconds, Stopping threads took: 0.0104586 seconds
[2019-12-09T07:01:47.817+0000][1][safepoint    ] Application time: 0.0771609 seconds
[2019-12-09T07:01:47.873+0000][1][safepoint    ] Entering safepoint region: RevokeBias
[2019-12-09T07:01:47.873+0000][1][safepoint    ] Leaving safepoint region
[2019-12-09T07:01:47.873+0000][1][safepoint    ] Total time for which application threads were stopped: 0.0557672 seconds, Stopping threads took: 0.0556244 seconds
[2019-12-09T07:01:47.873+0000][1][safepoint    ] Application time: 0.0001946 seconds
[2019-12-09T07:01:47.873+0000][1][safepoint    ] Entering safepoint region: RevokeBias
[2019-12-09T07:01:47.873+0000][1][safepoint    ] Leaving safepoint region
[2019-12-09T07:01:47.873+0000][1][safepoint    ] Total time for which application threads were stopped: 0.0001223 seconds, Stopping threads took: 0.0000157 seconds
[2019-12-09T07:01:47.873+0000][1][safepoint    ] Application time: 0.0001208 seconds
[2019-12-09T07:01:47.873+0000][1][safepoint    ] Entering safepoint region: RevokeBias
[2019-12-09T07:01:47.873+0000][1][safepoint    ] Leaving safepoint region
[2019-12-09T07:01:47.873+0000][1][safepoint    ] Total time for which application threads were stopped: 0.0000920 seconds, Stopping threads took: 0.0000103 seconds
[2019-12-09T07:01:47.882+0000][1][safepoint    ] Application time: 0.0086413 seconds
[2019-12-09T07:01:47.936+0000][1][safepoint    ] Entering safepoint region: RevokeBias
[2019-12-09T07:01:47.936+0000][1][safepoint    ] Leaving safepoint region
[2019-12-09T07:01:47.936+0000][1][safepoint    ] Total time for which application threads were stopped: 0.0540945 seconds, Stopping threads took: 0.0536074 seconds
[2019-12-09T07:01:47.940+0000][1][safepoint    ] Application time: 0.0034580 seconds
[2019-12-09T07:01:47.970+0000][1][safepoint    ] Entering safepoint region: RevokeBias
[2019-12-09T07:01:47.970+0000][1][safepoint    ] Leaving safepoint region
[2019-12-09T07:01:47.970+0000][1][safepoint    ] Total time for which application threads were stopped: 0.0301792 seconds, Stopping threads took: 0.0300642 seconds
[2019-12-09T07:01:47.970+0000][1][safepoint    ] Application time: 0.0000918 seconds
[2019-12-09T07:01:47.970+0000][1][safepoint    ] Entering safepoint region: RevokeBias
[2019-12-09T07:01:47.970+0000][1][safepoint    ] Leaving safepoint region
[2019-12-09T07:01:47.970+0000][1][safepoint    ] Total time for which application threads were stopped: 0.0000886 seconds, Stopping threads took: 0.0000118 seconds
[2019-12-09T07:01:47.976+0000][1][safepoint    ] Application time: 0.0056034 seconds
[2019-12-09T07:01:47.976+0000][1][safepoint    ] Entering safepoint region: RevokeBias
[2019-12-09T07:01:47.976+0000][1][safepoint    ] Leaving safepoint region
[2019-12-09T07:01:47.976+0000][1][safepoint    ] Total time for which application threads were stopped: 0.0001091 seconds, Stopping threads took: 0.0000141 seconds
[2019-12-09T07:01:47.977+0000][1][safepoint    ] Application time: 0.0006989 seconds
[2019-12-09T07:01:47.977+0000][1][safepoint    ] Entering safepoint region: RevokeBias
[2019-12-09T07:01:47.977+0000][1][safepoint    ] Leaving safepoint region
[2019-12-09T07:01:47.977+0000][1][safepoint    ] Total time for which application threads were stopped: 0.0000667 seconds, Stopping threads took: 0.0000116 seconds
[2019-12-09T07:01:47.979+0000][1][safepoint    ] Application time: 0.0024945 seconds
[2019-12-09T07:01:47.979+0000][1][safepoint    ] Entering safepoint region: RevokeBias
[2019-12-09T07:01:47.979+0000][1][safepoint    ] Leaving safepoint region
[2019-12-09T07:01:47.979+0000][1][safepoint    ] Total time for which application threads were stopped: 0.0001169 seconds, Stopping threads took: 0.0000124 seconds
[2019-12-09T07:01:47.980+0000][1][safepoint    ] Application time: 0.0006338 seconds
[2019-12-09T07:01:47.980+0000][1][safepoint    ] Entering safepoint region: RevokeBias
[2019-12-09T07:01:47.980+0000][1][safepoint    ] Leaving safepoint region
[2019-12-09T07:01:47.980+0000][1][safepoint    ] Total time for which application threads were stopped: 0.0000732 seconds, Stopping threads took: 0.0000117 seconds
[2019-12-09T07:01:47.980+0000][1][safepoint    ] Application time: 0.0001006 seconds
[2019-12-09T07:01:47.980+0000][1][safepoint    ] Entering safepoint region: RevokeBias
[2019-12-09T07:01:47.980+0000][1][safepoint    ] Leaving safepoint region
[2019-12-09T07:01:47.980+0000][1][safepoint    ] Total time for which application threads were stopped: 0.0000570 seconds, Stopping threads took: 0.0000088 seconds
[2019-12-09T07:01:47.980+0000][1][safepoint    ] Application time: 0.0002523 seconds
[2019-12-09T07:01:47.980+0000][1][safepoint    ] Entering safepoint region: RevokeBias
[2019-12-09T07:01:47.981+0000][1][safepoint    ] Leaving safepoint region
[2019-12-09T07:01:47.981+0000][1][safepoint    ] Total time for which application threads were stopped: 0.0000580 seconds, Stopping threads took: 0.0000086 seconds
[2019-12-09T07:01:47.985+0000][1][safepoint    ] Application time: 0.0045849 seconds
[2019-12-09T07:01:47.985+0000][1][safepoint    ] Entering safepoint region: RevokeBias
[2019-12-09T07:01:47.985+0000][1][safepoint    ] Leaving safepoint region
[2019-12-09T07:01:47.985+0000][1][safepoint    ] Total time for which application threads were stopped: 0.0000954 seconds, Stopping threads took: 0.0000430 seconds
[2019-12-09T07:01:48.056+0000][1][safepoint    ] Application time: 0.0705529 seconds
[2019-12-09T07:01:48.117+0000][1][safepoint    ] Entering safepoint region: RevokeBias
[2019-12-09T07:01:48.117+0000][1][safepoint    ] Leaving safepoint region
[2019-12-09T07:01:48.117+0000][1][safepoint    ] Total time for which application threads were stopped: 0.0612231 seconds, Stopping threads took: 0.0611174 seconds
[2019-12-09T07:01:48.119+0000][1][safepoint    ] Application time: 0.0017382 seconds
[2019-12-09T07:01:48.119+0000][1][safepoint    ] Entering safepoint region: RevokeBias
[2019-12-09T07:01:48.119+0000][1][safepoint    ] Leaving safepoint region
[2019-12-09T07:01:48.119+0000][1][safepoint    ] Total time for which application threads were stopped: 0.0001220 seconds, Stopping threads took: 0.0000417 seconds
[2019-12-09T07:01:48.119+0000][1][safepoint    ] Application time: 0.0003543 seconds
[2019-12-09T07:01:48.119+0000][1][safepoint    ] Entering safepoint region: RevokeBias
[2019-12-09T07:01:48.119+0000][1][safepoint    ] Leaving safepoint region
[2019-12-09T07:01:48.119+0000][1][safepoint    ] Total time for which application threads were stopped: 0.0000774 seconds, Stopping threads took: 0.0000119 seconds
[2019-12-09T07:01:48.121+0000][1][safepoint    ] Application time: 0.0011955 seconds
[2019-12-09T07:01:48.121+0000][1][safepoint    ] Entering safepoint region: RevokeBias
[2019-12-09T07:01:48.121+0000][1][safepoint    ] Leaving safepoint region
[2019-12-09T07:01:48.121+0000][1][safepoint    ] Total time for which application threads were stopped: 0.0001114 seconds, Stopping threads took: 0.0000139 seconds
[2019-12-09T07:01:48.126+0000][1][safepoint    ] Application time: 0.0049408 seconds
[2019-12-09T07:01:48.152+0000][1][safepoint    ] Entering safepoint region: RevokeBias
[2019-12-09T07:01:48.152+0000][1][safepoint    ] Leaving safepoint region
[2019-12-09T07:01:48.152+0000][1][safepoint    ] Total time for which application threads were stopped: 0.0260628 seconds, Stopping threads took: 0.0259887 seconds
[2019-12-09T07:01:48.161+0000][1][safepoint    ] Application time: 0.0092602 seconds
[2019-12-09T07:01:48.184+0000][1][safepoint    ] Entering safepoint region: RevokeBias
[2019-12-09T07:01:48.184+0000][1][safepoint    ] Leaving safepoint region
[2019-12-09T07:01:48.184+0000][1][safepoint    ] Total time for which application threads were stopped: 0.0233170 seconds, Stopping threads took: 0.0231950 seconds
[2019-12-09T07:01:48.195+0000][1][safepoint    ] Application time: 0.0106017 seconds
[2019-12-09T07:01:48.195+0000][1][safepoint    ] Entering safepoint region: RevokeBias
[2019-12-09T07:01:48.195+0000][1][safepoint    ] Leaving safepoint region
[2019-12-09T07:01:48.196+0000][1][safepoint    ] Total time for which application threads were stopped: 0.0004696 seconds, Stopping threads took: 0.0003233 seconds
[2019-12-09T07:01:48.201+0000][1][safepoint    ] Application time: 0.0050823 seconds
[2019-12-09T07:01:48.201+0000][1][safepoint    ] Entering safepoint region: RevokeBias
[2019-12-09T07:01:48.201+0000][1][safepoint    ] Leaving safepoint region
[2019-12-09T07:01:48.201+0000][1][safepoint    ] Total time for which application threads were stopped: 0.0001082 seconds, Stopping threads took: 0.0000123 seconds
[2019-12-09T07:01:48.201+0000][1][safepoint    ] Application time: 0.0001060 seconds
[2019-12-09T07:01:48.201+0000][1][safepoint    ] Entering safepoint region: RevokeBias
[2019-12-09T07:01:48.201+0000][1][safepoint    ] Leaving safepoint region
[2019-12-09T07:01:48.201+0000][1][safepoint    ] Total time for which application threads were stopped: 0.0000624 seconds, Stopping threads took: 0.0000098 seconds
[2019-12-09T07:01:48.230+0000][1][safepoint    ] Application time: 0.0287992 seconds
[2019-12-09T07:01:48.233+0000][1][safepoint    ] Entering safepoint region: RevokeBias
[2019-12-09T07:01:48.233+0000][1][safepoint    ] Leaving safepoint region
[2019-12-09T07:01:48.233+0000][1][safepoint    ] Total time for which application threads were stopped: 0.0030225 seconds, Stopping threads took: 0.0029335 seconds
[2019-12-09T07:01:48.299+0000][1][safepoint    ] Application time: 0.0664482 seconds
[2019-12-09T07:01:48.301+0000][1][safepoint    ] Entering safepoint region: RevokeBias
[2019-12-09T07:01:48.301+0000][1][safepoint    ] Leaving safepoint region
[2019-12-09T07:01:48.301+0000][1][safepoint    ] Total time for which application threads were stopped: 0.0016725 seconds, Stopping threads took: 0.0015867 seconds
[2019-12-09T07:01:48.361+0000][1][safepoint    ] Application time: 0.0597634 seconds
[2019-12-09T07:01:48.362+0000][1][safepoint    ] Entering safepoint region: RevokeBias
[2019-12-09T07:01:48.362+0000][1][safepoint    ] Leaving safepoint region
[2019-12-09T07:01:48.362+0000][1][safepoint    ] Total time for which application threads were stopped: 0.0017499 seconds, Stopping threads took: 0.0016626 seconds
[2019-12-09T07:01:48.368+0000][1][safepoint    ] Application time: 0.0059821 seconds
[2019-12-09T07:01:48.426+0000][1][safepoint    ] Entering safepoint region: RevokeBias
[2019-12-09T07:01:48.426+0000][1][safepoint    ] Leaving safepoint region
[2019-12-09T07:01:48.426+0000][1][safepoint    ] Total time for which application threads were stopped: 0.0573639 seconds, Stopping threads took: 0.0572706 seconds
[2019-12-09T07:01:48.448+0000][1][safepoint    ] Application time: 0.0223970 seconds
[2019-12-09T07:01:48.491+0000][1][safepoint    ] Entering safepoint region: RevokeBias
[2019-12-09T07:01:48.491+0000][1][safepoint    ] Leaving safepoint region
[2019-12-09T07:01:48.491+0000][1][safepoint    ] Total time for which application threads were stopped: 0.0426122 seconds, Stopping threads took: 0.0425171 seconds
[2019-12-09T07:01:48.491+0000][1][safepoint    ] Application time: 0.0005225 seconds
[2019-12-09T07:01:48.491+0000][1][safepoint    ] Entering safepoint region: RevokeBias
[2019-12-09T07:01:48.492+0000][1][safepoint    ] Leaving safepoint region
[2019-12-09T07:01:48.492+0000][1][safepoint    ] Total time for which application threads were stopped: 0.0001204 seconds, Stopping threads took: 0.0000145 seconds
[2019-12-09T07:01:48.495+0000][1][safepoint    ] Application time: 0.0034033 seconds
[2019-12-09T07:01:48.526+0000][1][safepoint    ] Entering safepoint region: RevokeBias
[2019-12-09T07:01:48.526+0000][1][safepoint    ] Leaving safepoint region
[2019-12-09T07:01:48.526+0000][1][safepoint    ] Total time for which application threads were stopped: 0.0308599 seconds, Stopping threads took: 0.0307625 seconds
[2019-12-09T07:01:48.566+0000][1][safepoint    ] Application time: 0.0402183 seconds
[2019-12-09T07:01:48.575+0000][1][safepoint    ] Entering safepoint region: RevokeBias
[2019-12-09T07:01:48.575+0000][1][safepoint    ] Leaving safepoint region
[2019-12-09T07:01:48.575+0000][1][safepoint    ] Total time for which application threads were stopped: 0.0092675 seconds, Stopping threads took: 0.0091893 seconds
[2019-12-09T07:01:48.598+0000][1][safepoint    ] Application time: 0.0223433 seconds
[2019-12-09T07:01:48.598+0000][1][safepoint    ] Entering safepoint region: RevokeBias
[2019-12-09T07:01:48.598+0000][1][safepoint    ] Leaving safepoint region
[2019-12-09T07:01:48.598+0000][1][safepoint    ] Total time for which application threads were stopped: 0.0001310 seconds, Stopping threads took: 0.0000593 seconds
[2019-12-09T07:01:48.601+0000][1][safepoint    ] Application time: 0.0030099 seconds
[2019-12-09T07:01:48.601+0000][1][safepoint    ] Entering safepoint region: RevokeBias
[2019-12-09T07:01:48.601+0000][1][safepoint    ] Leaving safepoint region
[2019-12-09T07:01:48.601+0000][1][safepoint    ] Total time for which application threads were stopped: 0.0001487 seconds, Stopping threads took: 0.0000856 seconds
[2019-12-09T07:01:48.678+0000][1][safepoint    ] Application time: 0.0772542 seconds
[2019-12-09T07:01:48.679+0000][1][safepoint    ] Entering safepoint region: RevokeBias
[2019-12-09T07:01:48.679+0000][1][safepoint    ] Leaving safepoint region
[2019-12-09T07:01:48.679+0000][1][safepoint    ] Total time for which application threads were stopped: 0.0002649 seconds, Stopping threads took: 0.0001863 seconds
[2019-12-09T07:01:48.721+0000][1][safepoint    ] Application time: 0.0421457 seconds
[2019-12-09T07:01:48.721+0000][1][safepoint    ] Entering safepoint region: RevokeBias
[2019-12-09T07:01:48.721+0000][1][safepoint    ] Leaving safepoint region
[2019-12-09T07:01:48.721+0000][1][safepoint    ] Total time for which application threads were stopped: 0.0004763 seconds, Stopping threads took: 0.0003929 seconds
[2019-12-09T07:01:48.722+0000][1][safepoint    ] Application time: 0.0007522 seconds
[2019-12-09T07:01:48.722+0000][1][safepoint    ] Entering safepoint region: RevokeBias
[2019-12-09T07:01:48.722+0000][1][safepoint    ] Leaving safepoint region
[2019-12-09T07:01:48.722+0000][1][safepoint    ] Total time for which application threads were stopped: 0.0000829 seconds, Stopping threads took: 0.0000153 seconds
[2019-12-09T07:01:48.723+0000][1][safepoint    ] Application time: 0.0009884 seconds
[2019-12-09T07:01:48.723+0000][1][safepoint    ] Entering safepoint region: RevokeBias
[2019-12-09T07:01:48.723+0000][1][safepoint    ] Leaving safepoint region
[2019-12-09T07:01:48.723+0000][1][safepoint    ] Total time for which application threads were stopped: 0.0000769 seconds, Stopping threads took: 0.0000132 seconds
[2019-12-09T07:01:48.725+0000][1][safepoint    ] Application time: 0.0017009 seconds
[2019-12-09T07:01:48.725+0000][1][safepoint    ] Entering safepoint region: RevokeBias
[2019-12-09T07:01:48.725+0000][1][safepoint    ] Leaving safepoint region
[2019-12-09T07:01:48.725+0000][1][safepoint    ] Total time for which application threads were stopped: 0.0001360 seconds, Stopping threads took: 0.0000776 seconds
[2019-12-09T07:01:48.725+0000][1][safepoint    ] Application time: 0.0002478 seconds
[2019-12-09T07:01:48.725+0000][1][safepoint    ] Entering safepoint region: RevokeBias
[2019-12-09T07:01:48.725+0000][1][safepoint    ] Leaving safepoint region
[2019-12-09T07:01:48.725+0000][1][safepoint    ] Total time for which application threads were stopped: 0.0000647 seconds, Stopping threads took: 0.0000129 seconds
[2019-12-09T07:01:48.729+0000][1][safepoint    ] Application time: 0.0032446 seconds
[2019-12-09T07:01:48.729+0000][1][safepoint    ] Entering safepoint region: RevokeBias
[2019-12-09T07:01:48.729+0000][1][safepoint    ] Leaving safepoint region
[2019-12-09T07:01:48.729+0000][1][safepoint    ] Total time for which application threads were stopped: 0.0000561 seconds, Stopping threads took: 0.0000114 seconds
[2019-12-09T07:01:48.729+0000][1][safepoint    ] Application time: 0.0001764 seconds
[2019-12-09T07:01:48.729+0000][1][safepoint    ] Entering safepoint region: RevokeBias
[2019-12-09T07:01:48.729+0000][1][safepoint    ] Leaving safepoint region
[2019-12-09T07:01:48.729+0000][1][safepoint    ] Total time for which application threads were stopped: 0.0000433 seconds, Stopping threads took: 0.0000084 seconds
[2019-12-09T07:01:48.729+0000][1][safepoint    ] Application time: 0.0002091 seconds
[2019-12-09T07:01:48.729+0000][1][safepoint    ] Entering safepoint region: RevokeBias
[2019-12-09T07:01:48.729+0000][1][safepoint    ] Leaving safepoint region
[2019-12-09T07:01:48.729+0000][1][safepoint    ] Total time for which application threads were stopped: 0.0000427 seconds, Stopping threads took: 0.0000081 seconds
[2019-12-09T07:01:48.738+0000][1][safepoint    ] Application time: 0.0083915 seconds
[2019-12-09T07:01:48.738+0000][1][safepoint    ] Entering safepoint region: RevokeBias
[2019-12-09T07:01:48.738+0000][1][safepoint    ] Leaving safepoint region
[2019-12-09T07:01:48.738+0000][1][safepoint    ] Total time for which application threads were stopped: 0.0000665 seconds, Stopping threads took: 0.0000126 seconds
[2019-12-09T07:01:48.766+0000][1][safepoint    ] Application time: 0.0279844 seconds
[2019-12-09T07:01:48.766+0000][1][safepoint    ] Entering safepoint region: RevokeBias
[2019-12-09T07:01:48.766+0000][1][safepoint    ] Leaving safepoint region
[2019-12-09T07:01:48.766+0000][1][safepoint    ] Total time for which application threads were stopped: 0.0001411 seconds, Stopping threads took: 0.0000236 seconds
[2019-12-09T07:01:48.788+0000][1][safepoint    ] Application time: 0.0218115 seconds
[2019-12-09T07:01:48.788+0000][1][safepoint    ] Entering safepoint region: RevokeBias
[2019-12-09T07:01:48.788+0000][1][safepoint    ] Leaving safepoint region
[2019-12-09T07:01:48.788+0000][1][safepoint    ] Total time for which application threads were stopped: 0.0006042 seconds, Stopping threads took: 0.0004832 seconds
[2019-12-09T07:01:48.789+0000][1][safepoint    ] Application time: 0.0008373 seconds
[2019-12-09T07:01:48.789+0000][1][safepoint    ] Entering safepoint region: RevokeBias
[2019-12-09T07:01:48.789+0000][1][safepoint    ] Leaving safepoint region
[2019-12-09T07:01:48.789+0000][1][safepoint    ] Total time for which application threads were stopped: 0.0001216 seconds, Stopping threads took: 0.0000279 seconds
[2019-12-09T07:01:48.790+0000][1][safepoint    ] Application time: 0.0004912 seconds
[2019-12-09T07:01:48.790+0000][1][safepoint    ] Entering safepoint region: RevokeBias
[2019-12-09T07:01:48.790+0000][1][safepoint    ] Leaving safepoint region
[2019-12-09T07:01:48.790+0000][1][safepoint    ] Total time for which application threads were stopped: 0.0000708 seconds, Stopping threads took: 0.0000104 seconds
[2019-12-09T07:01:48.821+0000][1][safepoint    ] Application time: 0.0308390 seconds
[2019-12-09T07:01:48.889+0000][1][safepoint    ] Entering safepoint region: RevokeBias
[2019-12-09T07:01:48.889+0000][1][safepoint    ] Leaving safepoint region
[2019-12-09T07:01:48.889+0000][1][safepoint    ] Total time for which application threads were stopped: 0.0684407 seconds, Stopping threads took: 0.0679773 seconds
[2019-12-09T07:01:48.892+0000][1][safepoint    ] Application time: 0.0024127 seconds
[2019-12-09T07:01:48.892+0000][1][safepoint    ] Entering safepoint region: RevokeBias
[2019-12-09T07:01:48.892+0000][1][safepoint    ] Leaving safepoint region
[2019-12-09T07:01:48.892+0000][1][safepoint    ] Total time for which application threads were stopped: 0.0003722 seconds, Stopping threads took: 0.0003106 seconds
[2019-12-09T07:01:48.911+0000][1][safepoint    ] Application time: 0.0185921 seconds
[2019-12-09T07:01:48.918+0000][1][safepoint    ] Entering safepoint region: RevokeBias
[2019-12-09T07:01:48.918+0000][1][safepoint    ] Leaving safepoint region
[2019-12-09T07:01:48.918+0000][1][safepoint    ] Total time for which application threads were stopped: 0.0071525 seconds, Stopping threads took: 0.0070067 seconds
[2019-12-09T07:01:48.918+0000][1][safepoint    ] Application time: 0.0002387 seconds
[2019-12-09T07:01:48.918+0000][1][safepoint    ] Entering safepoint region: RevokeBias
[2019-12-09T07:01:48.918+0000][1][safepoint    ] Leaving safepoint region
[2019-12-09T07:01:48.918+0000][1][safepoint    ] Total time for which application threads were stopped: 0.0000668 seconds, Stopping threads took: 0.0000129 seconds
[2019-12-09T07:01:48.926+0000][1][safepoint    ] Application time: 0.0074990 seconds
[2019-12-09T07:01:48.937+0000][1][safepoint    ] Entering safepoint region: RevokeBias
[2019-12-09T07:01:48.937+0000][1][safepoint    ] Leaving safepoint region
[2019-12-09T07:01:48.937+0000][1][safepoint    ] Total time for which application threads were stopped: 0.0117343 seconds, Stopping threads took: 0.0109812 seconds
[2019-12-09T07:01:48.960+0000][1][safepoint    ] Application time: 0.0221673 seconds
[2019-12-09T07:01:48.960+0000][1][safepoint    ] Entering safepoint region: RevokeBias
[2019-12-09T07:01:48.960+0000][1][safepoint    ] Leaving safepoint region
[2019-12-09T07:01:48.960+0000][1][safepoint    ] Total time for which application threads were stopped: 0.0005422 seconds, Stopping threads took: 0.0000164 seconds
[2019-12-09T07:01:48.967+0000][1][safepoint    ] Application time: 0.0065728 seconds
[2019-12-09T07:01:48.967+0000][1][safepoint    ] Entering safepoint region: RevokeBias
[2019-12-09T07:01:48.967+0000][1][safepoint    ] Leaving safepoint region
[2019-12-09T07:01:48.967+0000][1][safepoint    ] Total time for which application threads were stopped: 0.0001079 seconds, Stopping threads took: 0.0000166 seconds
[2019-12-09T07:01:48.989+0000][1][safepoint    ] Application time: 0.0219312 seconds
[2019-12-09T07:01:48.995+0000][1][safepoint    ] Entering safepoint region: RevokeBias
[2019-12-09T07:01:48.995+0000][1][safepoint    ] Leaving safepoint region
[2019-12-09T07:01:48.995+0000][1][safepoint    ] Total time for which application threads were stopped: 0.0058936 seconds, Stopping threads took: 0.0058031 seconds
[2019-12-09T07:01:49.012+0000][1][safepoint    ] Application time: 0.0170035 seconds
[2019-12-09T07:01:49.012+0000][1][safepoint    ] Entering safepoint region: RevokeBias
[2019-12-09T07:01:49.012+0000][1][safepoint    ] Leaving safepoint region
[2019-12-09T07:01:49.012+0000][1][safepoint    ] Total time for which application threads were stopped: 0.0000935 seconds, Stopping threads took: 0.0000174 seconds
[2019-12-09T07:01:49.038+0000][1][safepoint    ] Application time: 0.0260402 seconds
[2019-12-09T07:01:49.038+0000][1][safepoint    ] Entering safepoint region: RevokeBias
[2019-12-09T07:01:49.038+0000][1][safepoint    ] Leaving safepoint region
[2019-12-09T07:01:49.038+0000][1][safepoint    ] Total time for which application threads were stopped: 0.0001255 seconds, Stopping threads took: 0.0000500 seconds
[2019-12-09T07:01:49.097+0000][1][safepoint    ] Application time: 0.0592854 seconds
[2019-12-09T07:01:49.098+0000][1][safepoint    ] Entering safepoint region: RevokeBias
[2019-12-09T07:01:49.098+0000][1][safepoint    ] Leaving safepoint region
[2019-12-09T07:01:49.098+0000][1][safepoint    ] Total time for which application threads were stopped: 0.0001098 seconds, Stopping threads took: 0.0000172 seconds
[2019-12-09T07:01:49.116+0000][1][safepoint    ] Application time: 0.0181782 seconds
[2019-12-09T07:01:49.215+0000][1][safepoint    ] Entering safepoint region: RevokeBias
[2019-12-09T07:01:49.215+0000][1][safepoint    ] Leaving safepoint region
[2019-12-09T07:01:49.215+0000][1][safepoint    ] Total time for which application threads were stopped: 0.0991122 seconds, Stopping threads took: 0.0989751 seconds
[2019-12-09T07:01:49.217+0000][1][safepoint    ] Application time: 0.0021267 seconds
[2019-12-09T07:01:49.217+0000][1][safepoint    ] Entering safepoint region: RevokeBias
[2019-12-09T07:01:49.217+0000][1][safepoint    ] Leaving safepoint region
[2019-12-09T07:01:49.217+0000][1][safepoint    ] Total time for which application threads were stopped: 0.0001638 seconds, Stopping threads took: 0.0000415 seconds
[2019-12-09T07:01:49.218+0000][1][safepoint    ] Application time: 0.0002528 seconds
[2019-12-09T07:01:49.218+0000][1][safepoint    ] Entering safepoint region: RevokeBias
[2019-12-09T07:01:49.218+0000][1][safepoint    ] Leaving safepoint region
[2019-12-09T07:01:49.218+0000][1][safepoint    ] Total time for which application threads were stopped: 0.0000721 seconds, Stopping threads took: 0.0000118 seconds
[2019-12-09T07:01:49.218+0000][1][safepoint    ] Application time: 0.0002268 seconds
[2019-12-09T07:01:49.218+0000][1][safepoint    ] Entering safepoint region: RevokeBias
[2019-12-09T07:01:49.218+0000][1][safepoint    ] Leaving safepoint region
[2019-12-09T07:01:49.218+0000][1][safepoint    ] Total time for which application threads were stopped: 0.0000692 seconds, Stopping threads took: 0.0000108 seconds
[2019-12-09T07:01:49.218+0000][1][safepoint    ] Application time: 0.0003382 seconds
[2019-12-09T07:01:49.218+0000][1][safepoint    ] Entering safepoint region: RevokeBias
[2019-12-09T07:01:49.218+0000][1][safepoint    ] Leaving safepoint region
[2019-12-09T07:01:49.218+0000][1][safepoint    ] Total time for which application threads were stopped: 0.0000893 seconds, Stopping threads took: 0.0000117 seconds
[2019-12-09T07:01:49.219+0000][1][safepoint    ] Application time: 0.0000905 seconds
[2019-12-09T07:01:49.219+0000][1][safepoint    ] Entering safepoint region: RevokeBias
[2019-12-09T07:01:49.219+0000][1][safepoint    ] Leaving safepoint region
[2019-12-09T07:01:49.219+0000][1][safepoint    ] Total time for which application threads were stopped: 0.0000673 seconds, Stopping threads took: 0.0000202 seconds
[2019-12-09T07:01:49.219+0000][1][safepoint    ] Application time: 0.0003516 seconds
[2019-12-09T07:01:49.219+0000][1][safepoint    ] Entering safepoint region: RevokeBias
[2019-12-09T07:01:49.219+0000][1][safepoint    ] Leaving safepoint region
[2019-12-09T07:01:49.219+0000][1][safepoint    ] Total time for which application threads were stopped: 0.0000876 seconds, Stopping threads took: 0.0000115 seconds
[2019-12-09T07:01:49.220+0000][1][safepoint    ] Application time: 0.0012903 seconds
[2019-12-09T07:01:49.220+0000][1][safepoint    ] Entering safepoint region: RevokeBias
[2019-12-09T07:01:49.220+0000][1][safepoint    ] Leaving safepoint region
[2019-12-09T07:01:49.220+0000][1][safepoint    ] Total time for which application threads were stopped: 0.0000662 seconds, Stopping threads took: 0.0000110 seconds
[2019-12-09T07:01:49.221+0000][1][safepoint    ] Application time: 0.0005918 seconds
[2019-12-09T07:01:49.221+0000][1][safepoint    ] Entering safepoint region: RevokeBias
[2019-12-09T07:01:49.221+0000][1][safepoint    ] Leaving safepoint region
[2019-12-09T07:01:49.221+0000][1][safepoint    ] Total time for which application threads were stopped: 0.0001009 seconds, Stopping threads took: 0.0000120 seconds
[2019-12-09T07:01:49.222+0000][1][safepoint    ] Application time: 0.0006264 seconds
[2019-12-09T07:01:49.222+0000][1][safepoint    ] Entering safepoint region: RevokeBias
[2019-12-09T07:01:49.222+0000][1][safepoint    ] Leaving safepoint region
[2019-12-09T07:01:49.222+0000][1][safepoint    ] Total time for which application threads were stopped: 0.0000981 seconds, Stopping threads took: 0.0000113 seconds
[2019-12-09T07:01:49.223+0000][1][safepoint    ] Application time: 0.0009705 seconds
[2019-12-09T07:01:49.223+0000][1][safepoint    ] Entering safepoint region: RevokeBias
[2019-12-09T07:01:49.223+0000][1][safepoint    ] Leaving safepoint region
[2019-12-09T07:01:49.223+0000][1][safepoint    ] Total time for which application threads were stopped: 0.0000912 seconds, Stopping threads took: 0.0000124 seconds
[2019-12-09T07:01:49.224+0000][1][safepoint    ] Application time: 0.0005586 seconds
[2019-12-09T07:01:49.224+0000][1][safepoint    ] Entering safepoint region: RevokeBias
[2019-12-09T07:01:49.224+0000][1][safepoint    ] Leaving safepoint region
[2019-12-09T07:01:49.224+0000][1][safepoint    ] Total time for which application threads were stopped: 0.0001039 seconds, Stopping threads took: 0.0000121 seconds
[2019-12-09T07:01:49.224+0000][1][safepoint    ] Application time: 0.0004624 seconds
[2019-12-09T07:01:49.224+0000][1][safepoint    ] Entering safepoint region: RevokeBias
[2019-12-09T07:01:49.224+0000][1][safepoint    ] Leaving safepoint region
[2019-12-09T07:01:49.224+0000][1][safepoint    ] Total time for which application threads were stopped: 0.0000903 seconds, Stopping threads took: 0.0000101 seconds
[2019-12-09T07:01:49.247+0000][1][safepoint    ] Application time: 0.0230569 seconds
[2019-12-09T07:01:49.247+0000][1][safepoint    ] Entering safepoint region: RevokeBias
[2019-12-09T07:01:49.247+0000][1][safepoint    ] Leaving safepoint region
[2019-12-09T07:01:49.247+0000][1][safepoint    ] Total time for which application threads were stopped: 0.0001188 seconds, Stopping threads took: 0.0000144 seconds
[2019-12-09T07:01:49.249+0000][1][safepoint    ] Application time: 0.0013129 seconds
[2019-12-09T07:01:49.249+0000][1][safepoint    ] Entering safepoint region: RevokeBias
[2019-12-09T07:01:49.249+0000][1][safepoint    ] Leaving safepoint region
[2019-12-09T07:01:49.249+0000][1][safepoint    ] Total time for which application threads were stopped: 0.0001133 seconds, Stopping threads took: 0.0000120 seconds
[2019-12-09T07:01:49.262+0000][1][safepoint    ] Application time: 0.0127680 seconds
[2019-12-09T07:01:49.313+0000][1][safepoint    ] Entering safepoint region: RevokeBias
[2019-12-09T07:01:49.313+0000][1][safepoint    ] Leaving safepoint region
[2019-12-09T07:01:49.313+0000][1][safepoint    ] Total time for which application threads were stopped: 0.0512279 seconds, Stopping threads took: 0.0510510 seconds
[2019-12-09T07:01:49.314+0000][1][safepoint    ] Application time: 0.0006290 seconds
[2019-12-09T07:01:49.314+0000][1][safepoint    ] Entering safepoint region: RevokeBias
[2019-12-09T07:01:49.314+0000][1][safepoint    ] Leaving safepoint region
[2019-12-09T07:01:49.314+0000][1][safepoint    ] Total time for which application threads were stopped: 0.0008677 seconds, Stopping threads took: 0.0000130 seconds
[2019-12-09T07:01:49.317+0000][1][safepoint    ] Application time: 0.0021558 seconds
[2019-12-09T07:01:49.317+0000][1][safepoint    ] Entering safepoint region: BulkRevokeBias
[2019-12-09T07:01:49.317+0000][1][safepoint    ] Leaving safepoint region
[2019-12-09T07:01:49.317+0000][1][safepoint    ] Total time for which application threads were stopped: 0.0003431 seconds, Stopping threads took: 0.0000272 seconds
[2019-12-09T07:01:49.321+0000][1][safepoint    ] Application time: 0.0044467 seconds
[2019-12-09T07:01:49.335+0000][1][safepoint    ] Entering safepoint region: RevokeBias
[2019-12-09T07:01:49.335+0000][1][safepoint    ] Leaving safepoint region
[2019-12-09T07:01:49.335+0000][1][safepoint    ] Total time for which application threads were stopped: 0.0139527 seconds, Stopping threads took: 0.0135621 seconds
[2019-12-09T07:01:49.473+0000][1][safepoint    ] Application time: 0.1372569 seconds
[2019-12-09T07:01:49.473+0000][1][safepoint    ] Entering safepoint region: RevokeBias
[2019-12-09T07:01:49.473+0000][1][safepoint    ] Leaving safepoint region
[2019-12-09T07:01:49.473+0000][1][safepoint    ] Total time for which application threads were stopped: 0.0001552 seconds, Stopping threads took: 0.0000606 seconds
[2019-12-09T07:01:49.481+0000][1][safepoint    ] Application time: 0.0078117 seconds
[2019-12-09T07:01:49.483+0000][1][safepoint    ] Entering safepoint region: RevokeBias
[2019-12-09T07:01:49.483+0000][1][safepoint    ] Leaving safepoint region
[2019-12-09T07:01:49.483+0000][1][safepoint    ] Total time for which application threads were stopped: 0.0021311 seconds, Stopping threads took: 0.0020565 seconds
[2019-12-09T07:01:49.656+0000][1][safepoint    ] Application time: 0.1728422 seconds
[2019-12-09T07:01:49.656+0000][1][safepoint    ] Entering safepoint region: RevokeBias
[2019-12-09T07:01:49.656+0000][1][safepoint    ] Leaving safepoint region
[2019-12-09T07:01:49.656+0000][1][safepoint    ] Total time for which application threads were stopped: 0.0001120 seconds, Stopping threads took: 0.0000162 seconds
[2019-12-09T07:01:49.680+0000][1][safepoint    ] Application time: 0.0238919 seconds
[2019-12-09T07:01:49.680+0000][1][safepoint    ] Entering safepoint region: RevokeBias
[2019-12-09T07:01:49.680+0000][1][safepoint    ] Leaving safepoint region
[2019-12-09T07:01:49.680+0000][1][safepoint    ] Total time for which application threads were stopped: 0.0003300 seconds, Stopping threads took: 0.0002426 seconds
[2019-12-09T07:01:49.768+0000][1][safepoint    ] Application time: 0.0880367 seconds
[2019-12-09T07:01:49.811+0000][1][safepoint    ] Entering safepoint region: Deoptimize
[2019-12-09T07:01:49.812+0000][1][safepoint    ] Leaving safepoint region
[2019-12-09T07:01:49.812+0000][1][safepoint    ] Total time for which application threads were stopped: 0.0441188 seconds, Stopping threads took: 0.0432954 seconds
[2019-12-09T07:01:49.831+0000][1][safepoint    ] Application time: 0.0185140 seconds
[2019-12-09T07:01:49.831+0000][1][safepoint    ] Entering safepoint region: RevokeBias
[2019-12-09T07:01:49.831+0000][1][safepoint    ] Leaving safepoint region
[2019-12-09T07:01:49.831+0000][1][safepoint    ] Total time for which application threads were stopped: 0.0000943 seconds, Stopping threads took: 0.0000174 seconds
[2019-12-09T07:01:49.831+0000][1][safepoint    ] Application time: 0.0004017 seconds
[2019-12-09T07:01:49.831+0000][1][safepoint    ] Entering safepoint region: RevokeBias
[2019-12-09T07:01:49.831+0000][1][safepoint    ] Leaving safepoint region
[2019-12-09T07:01:49.831+0000][1][safepoint    ] Total time for which application threads were stopped: 0.0000736 seconds, Stopping threads took: 0.0000137 seconds
[2019-12-09T07:01:49.881+0000][1][safepoint    ] Application time: 0.0497010 seconds
[2019-12-09T07:01:49.901+0000][1][safepoint    ] Entering safepoint region: RevokeBias
[2019-12-09T07:01:49.901+0000][1][safepoint    ] Leaving safepoint region
[2019-12-09T07:01:49.901+0000][1][safepoint    ] Total time for which application threads were stopped: 0.0197088 seconds, Stopping threads took: 0.0195728 seconds
[2019-12-09T07:01:49.918+0000][1][safepoint    ] Application time: 0.0168660 seconds
[2019-12-09T07:01:49.918+0000][1][safepoint    ] Entering safepoint region: RevokeBias
[2019-12-09T07:01:49.918+0000][1][safepoint    ] Leaving safepoint region
[2019-12-09T07:01:49.918+0000][1][safepoint    ] Total time for which application threads were stopped: 0.0001314 seconds, Stopping threads took: 0.0000452 seconds
[2019-12-09T07:01:49.918+0000][1][safepoint    ] Application time: 0.0001197 seconds
[2019-12-09T07:01:49.918+0000][1][safepoint    ] Entering safepoint region: RevokeBias
[2019-12-09T07:01:49.918+0000][1][safepoint    ] Leaving safepoint region
[2019-12-09T07:01:49.918+0000][1][safepoint    ] Total time for which application threads were stopped: 0.0000601 seconds, Stopping threads took: 0.0000102 seconds
[2019-12-09T07:01:49.920+0000][1][safepoint    ] Application time: 0.0022548 seconds
[2019-12-09T07:01:49.920+0000][1][safepoint    ] Entering safepoint region: RevokeBias
[2019-12-09T07:01:49.920+0000][1][safepoint    ] Leaving safepoint region
[2019-12-09T07:01:49.920+0000][1][safepoint    ] Total time for which application threads were stopped: 0.0000846 seconds, Stopping threads took: 0.0000165 seconds
[2019-12-09T07:01:49.921+0000][1][safepoint    ] Application time: 0.0002070 seconds
[2019-12-09T07:01:49.921+0000][1][safepoint    ] Entering safepoint region: RevokeBias
[2019-12-09T07:01:49.921+0000][1][safepoint    ] Leaving safepoint region
[2019-12-09T07:01:49.921+0000][1][safepoint    ] Total time for which application threads were stopped: 0.0000661 seconds, Stopping threads took: 0.0000118 seconds
[2019-12-09T07:01:49.921+0000][1][safepoint    ] Application time: 0.0000613 seconds
[2019-12-09T07:01:49.921+0000][1][safepoint    ] Entering safepoint region: RevokeBias
[2019-12-09T07:01:49.921+0000][1][safepoint    ] Leaving safepoint region
[2019-12-09T07:01:49.921+0000][1][safepoint    ] Total time for which application threads were stopped: 0.0000508 seconds, Stopping threads took: 0.0000098 seconds
[2019-12-09T07:01:49.981+0000][1][safepoint    ] Application time: 0.0598000 seconds
[2019-12-09T07:01:50.010+0000][1][safepoint    ] Entering safepoint region: RevokeBias
[2019-12-09T07:01:50.010+0000][1][safepoint    ] Leaving safepoint region
[2019-12-09T07:01:50.010+0000][1][safepoint    ] Total time for which application threads were stopped: 0.0292740 seconds, Stopping threads took: 0.0290426 seconds
[2019-12-09T07:01:50.011+0000][1][safepoint    ] Application time: 0.0004947 seconds
[2019-12-09T07:01:50.011+0000][1][safepoint    ] Entering safepoint region: RevokeBias
[2019-12-09T07:01:50.011+0000][1][safepoint    ] Leaving safepoint region
[2019-12-09T07:01:50.011+0000][1][safepoint    ] Total time for which application threads were stopped: 0.0001473 seconds, Stopping threads took: 0.0000150 seconds
[2019-12-09T07:01:50.011+0000][1][safepoint    ] Application time: 0.0000874 seconds
[2019-12-09T07:01:50.011+0000][1][safepoint    ] Entering safepoint region: RevokeBias
[2019-12-09T07:01:50.011+0000][1][safepoint    ] Leaving safepoint region
[2019-12-09T07:01:50.011+0000][1][safepoint    ] Total time for which application threads were stopped: 0.0000884 seconds, Stopping threads took: 0.0000094 seconds
[2019-12-09T07:01:50.011+0000][1][safepoint    ] Application time: 0.0000602 seconds
[2019-12-09T07:01:50.011+0000][1][safepoint    ] Entering safepoint region: RevokeBias
[2019-12-09T07:01:50.011+0000][1][safepoint    ] Leaving safepoint region
[2019-12-09T07:01:50.011+0000][1][safepoint    ] Total time for which application threads were stopped: 0.0000747 seconds, Stopping threads took: 0.0000087 seconds
[2019-12-09T07:01:50.011+0000][1][safepoint    ] Application time: 0.0002412 seconds
[2019-12-09T07:01:50.011+0000][1][safepoint    ] Entering safepoint region: RevokeBias
[2019-12-09T07:01:50.011+0000][1][safepoint    ] Leaving safepoint region
[2019-12-09T07:01:50.011+0000][1][safepoint    ] Total time for which application threads were stopped: 0.0000830 seconds, Stopping threads took: 0.0000097 seconds
[2019-12-09T07:01:50.058+0000][1][safepoint    ] Application time: 0.0469002 seconds
[2019-12-09T07:01:50.088+0000][1][safepoint    ] Entering safepoint region: RevokeBias
[2019-12-09T07:01:50.088+0000][1][safepoint    ] Leaving safepoint region
[2019-12-09T07:01:50.088+0000][1][safepoint    ] Total time for which application threads were stopped: 0.0295510 seconds, Stopping threads took: 0.0294554 seconds
[2019-12-09T07:01:50.099+0000][1][safepoint    ] Application time: 0.0111080 seconds
[2019-12-09T07:01:50.099+0000][1][safepoint    ] Entering safepoint region: RevokeBias
[2019-12-09T07:01:50.099+0000][1][safepoint    ] Leaving safepoint region
[2019-12-09T07:01:50.099+0000][1][safepoint    ] Total time for which application threads were stopped: 0.0001436 seconds, Stopping threads took: 0.0000677 seconds
[2019-12-09T07:01:51.081+0000][1][safepoint    ] Application time: 0.9815564 seconds
[2019-12-09T07:01:51.081+0000][1][safepoint    ] Entering safepoint region: BulkRevokeBias
[2019-12-09T07:01:51.081+0000][1][safepoint    ] Leaving safepoint region
[2019-12-09T07:01:51.081+0000][1][safepoint    ] Total time for which application threads were stopped: 0.0004434 seconds, Stopping threads took: 0.0000437 seconds
[2019-12-09T07:01:51.081+0000][1][safepoint    ] Application time: 0.0001971 seconds
[2019-12-09T07:01:51.081+0000][1][safepoint    ] Entering safepoint region: RevokeBias
[2019-12-09T07:01:51.081+0000][1][safepoint    ] Leaving safepoint region
[2019-12-09T07:01:51.081+0000][1][safepoint    ] Total time for which application threads were stopped: 0.0000738 seconds, Stopping threads took: 0.0000113 seconds
[2019-12-09T07:01:51.377+0000][1][safepoint    ] Application time: 0.2950560 seconds
[2019-12-09T07:01:51.475+0000][1][safepoint    ] Entering safepoint region: RevokeBias
[2019-12-09T07:01:51.475+0000][1][safepoint    ] Leaving safepoint region
[2019-12-09T07:01:51.475+0000][1][safepoint    ] Total time for which application threads were stopped: 0.0983419 seconds, Stopping threads took: 0.0981882 seconds
[2019-12-09T07:01:51.476+0000][1][safepoint    ] Application time: 0.0007802 seconds
[2019-12-09T07:01:51.476+0000][1][safepoint    ] Entering safepoint region: RevokeBias
[2019-12-09T07:01:51.476+0000][1][safepoint    ] Leaving safepoint region
[2019-12-09T07:01:51.476+0000][1][safepoint    ] Total time for which application threads were stopped: 0.0001174 seconds, Stopping threads took: 0.0000172 seconds
[2019-12-09T07:01:51.476+0000][1][safepoint    ] Application time: 0.0005187 seconds
[2019-12-09T07:01:51.476+0000][1][safepoint    ] Entering safepoint region: RevokeBias
[2019-12-09T07:01:51.476+0000][1][safepoint    ] Leaving safepoint region
[2019-12-09T07:01:51.477+0000][1][safepoint    ] Total time for which application threads were stopped: 0.0001026 seconds, Stopping threads took: 0.0000134 seconds
[2019-12-09T07:01:51.492+0000][1][safepoint    ] Application time: 0.0153169 seconds
[2019-12-09T07:01:51.492+0000][1][safepoint    ] Entering safepoint region: RevokeBias
[2019-12-09T07:01:51.492+0000][1][safepoint    ] Leaving safepoint region
[2019-12-09T07:01:51.492+0000][1][safepoint    ] Total time for which application threads were stopped: 0.0000815 seconds, Stopping threads took: 0.0000134 seconds
[2019-12-09T07:01:51.538+0000][1][safepoint    ] Application time: 0.0460936 seconds
[2019-12-09T07:01:51.538+0000][1][safepoint    ] Entering safepoint region: RevokeBias
[2019-12-09T07:01:51.538+0000][1][safepoint    ] Leaving safepoint region
[2019-12-09T07:01:51.538+0000][1][safepoint    ] Total time for which application threads were stopped: 0.0001152 seconds, Stopping threads took: 0.0000177 seconds
[2019-12-09T07:01:52.190+0000][1][safepoint    ] Application time: 0.6522704 seconds
[2019-12-09T07:01:52.190+0000][1][safepoint    ] Entering safepoint region: RevokeBias
[2019-12-09T07:01:52.191+0000][1][safepoint    ] Leaving safepoint region
[2019-12-09T07:01:52.191+0000][1][safepoint    ] Total time for which application threads were stopped: 0.0001119 seconds, Stopping threads took: 0.0000169 seconds
[2019-12-09T07:01:52.267+0000][1][safepoint    ] Application time: 0.0760632 seconds
[2019-12-09T07:01:52.267+0000][1][safepoint    ] Entering safepoint region: RevokeBias
[2019-12-09T07:01:52.267+0000][1][safepoint    ] Leaving safepoint region
[2019-12-09T07:01:52.267+0000][1][safepoint    ] Total time for which application threads were stopped: 0.0001524 seconds, Stopping threads took: 0.0000187 seconds
[2019-12-09T07:01:52.273+0000][1][safepoint    ] Application time: 0.0064781 seconds
[2019-12-09T07:01:52.273+0000][1][safepoint    ] Entering safepoint region: RevokeBias
[2019-12-09T07:01:52.273+0000][1][safepoint    ] Leaving safepoint region
[2019-12-09T07:01:52.273+0000][1][safepoint    ] Total time for which application threads were stopped: 0.0001100 seconds, Stopping threads took: 0.0000166 seconds
[2019-12-09T07:01:52.274+0000][1][safepoint    ] Application time: 0.0002329 seconds
[2019-12-09T07:01:52.274+0000][1][safepoint    ] Entering safepoint region: RevokeBias
[2019-12-09T07:01:52.274+0000][1][safepoint    ] Leaving safepoint region
[2019-12-09T07:01:52.274+0000][1][safepoint    ] Total time for which application threads were stopped: 0.0000942 seconds, Stopping threads took: 0.0000144 seconds
[2019-12-09T07:01:52.274+0000][1][safepoint    ] Application time: 0.0003435 seconds
[2019-12-09T07:01:52.274+0000][1][safepoint    ] Entering safepoint region: RevokeBias
[2019-12-09T07:01:52.275+0000][1][safepoint    ] Leaving safepoint region
[2019-12-09T07:01:52.275+0000][1][safepoint    ] Total time for which application threads were stopped: 0.0007708 seconds, Stopping threads took: 0.0000131 seconds
[2019-12-09T07:01:52.277+0000][1][safepoint    ] Application time: 0.0020764 seconds
[2019-12-09T07:01:52.277+0000][1][safepoint    ] Entering safepoint region: RevokeBias
[2019-12-09T07:01:52.277+0000][1][safepoint    ] Leaving safepoint region
[2019-12-09T07:01:52.277+0000][1][safepoint    ] Total time for which application threads were stopped: 0.0000692 seconds, Stopping threads took: 0.0000141 seconds
[2019-12-09T07:01:52.300+0000][1][safepoint    ] Application time: 0.0230286 seconds
[2019-12-09T07:01:52.300+0000][1][safepoint    ] Entering safepoint region: RevokeBias
[2019-12-09T07:01:52.300+0000][1][safepoint    ] Leaving safepoint region
[2019-12-09T07:01:52.300+0000][1][safepoint    ] Total time for which application threads were stopped: 0.0001398 seconds, Stopping threads took: 0.0000613 seconds
[2019-12-09T07:01:53.305+0000][1][safepoint    ] Application time: 1.0043338 seconds
[2019-12-09T07:01:53.305+0000][1][safepoint    ] Entering safepoint region: Cleanup
[2019-12-09T07:01:53.305+0000][1][safepoint    ] Leaving safepoint region
[2019-12-09T07:01:53.305+0000][1][safepoint    ] Total time for which application threads were stopped: 0.0000937 seconds, Stopping threads took: 0.0000196 seconds
[2019-12-09T07:01:54.236+0000][1][safepoint    ] Application time: 0.9312370 seconds
[2019-12-09T07:01:54.265+0000][1][safepoint    ] Entering safepoint region: RevokeBias
[2019-12-09T07:01:54.265+0000][1][safepoint    ] Leaving safepoint region
[2019-12-09T07:01:54.265+0000][1][safepoint    ] Total time for which application threads were stopped: 0.0287355 seconds, Stopping threads took: 0.0286371 seconds
[2019-12-09T07:01:54.289+0000][1][safepoint    ] Application time: 0.0237825 seconds
[2019-12-09T07:01:54.310+0000][1][safepoint    ] Entering safepoint region: RevokeBias
[2019-12-09T07:01:54.310+0000][1][safepoint    ] Leaving safepoint region
[2019-12-09T07:01:54.310+0000][1][safepoint    ] Total time for which application threads were stopped: 0.0214226 seconds, Stopping threads took: 0.0212819 seconds
[2019-12-09T07:01:54.325+0000][1][safepoint    ] Application time: 0.0146874 seconds
[2019-12-09T07:01:54.325+0000][1][safepoint    ] Entering safepoint region: RevokeBias
[2019-12-09T07:01:54.325+0000][1][safepoint    ] Leaving safepoint region
[2019-12-09T07:01:54.325+0000][1][safepoint    ] Total time for which application threads were stopped: 0.0000915 seconds, Stopping threads took: 0.0000167 seconds
[2019-12-09T07:01:54.333+0000][1][safepoint    ] Application time: 0.0079484 seconds
[2019-12-09T07:01:54.333+0000][1][safepoint    ] Entering safepoint region: RevokeBias
[2019-12-09T07:01:54.333+0000][1][safepoint    ] Leaving safepoint region
[2019-12-09T07:01:54.333+0000][1][safepoint    ] Total time for which application threads were stopped: 0.0000781 seconds, Stopping threads took: 0.0000154 seconds
[2019-12-09T07:01:54.333+0000][1][safepoint    ] Application time: 0.0000637 seconds
[2019-12-09T07:01:54.333+0000][1][safepoint    ] Entering safepoint region: RevokeBias
[2019-12-09T07:01:54.333+0000][1][safepoint    ] Leaving safepoint region
[2019-12-09T07:01:54.333+0000][1][safepoint    ] Total time for which application threads were stopped: 0.0000577 seconds, Stopping threads took: 0.0000124 seconds
[2019-12-09T07:01:54.333+0000][1][safepoint    ] Application time: 0.0001835 seconds
[2019-12-09T07:01:54.333+0000][1][safepoint    ] Entering safepoint region: RevokeBias
[2019-12-09T07:01:54.333+0000][1][safepoint    ] Leaving safepoint region
[2019-12-09T07:01:54.333+0000][1][safepoint    ] Total time for which application threads were stopped: 0.0000535 seconds, Stopping threads took: 0.0000100 seconds
[2019-12-09T07:01:54.352+0000][1][safepoint    ] Application time: 0.0184994 seconds
[2019-12-09T07:01:54.352+0000][1][safepoint    ] Entering safepoint region: RevokeBias
[2019-12-09T07:01:54.352+0000][1][safepoint    ] Leaving safepoint region
[2019-12-09T07:01:54.352+0000][1][safepoint    ] Total time for which application threads were stopped: 0.0000762 seconds, Stopping threads took: 0.0000150 seconds
[2019-12-09T07:01:54.352+0000][1][safepoint    ] Application time: 0.0002683 seconds
[2019-12-09T07:01:54.352+0000][1][safepoint    ] Entering safepoint region: RevokeBias
[2019-12-09T07:01:54.352+0000][1][safepoint    ] Leaving safepoint region
[2019-12-09T07:01:54.352+0000][1][safepoint    ] Total time for which application threads were stopped: 0.0000587 seconds, Stopping threads took: 0.0000115 seconds
[2019-12-09T07:01:54.374+0000][1][safepoint    ] Application time: 0.0212016 seconds
[2019-12-09T07:01:54.374+0000][1][safepoint    ] Entering safepoint region: BulkRevokeBias
[2019-12-09T07:01:54.374+0000][1][safepoint    ] Leaving safepoint region
[2019-12-09T07:01:54.374+0000][1][safepoint    ] Total time for which application threads were stopped: 0.0005390 seconds, Stopping threads took: 0.0000155 seconds
[2019-12-09T07:01:54.374+0000][1][safepoint    ] Application time: 0.0000807 seconds
[2019-12-09T07:01:54.374+0000][1][safepoint    ] Entering safepoint region: RevokeBias
[2019-12-09T07:01:54.374+0000][1][safepoint    ] Leaving safepoint region
[2019-12-09T07:01:54.374+0000][1][safepoint    ] Total time for which application threads were stopped: 0.0000627 seconds, Stopping threads took: 0.0000093 seconds
[2019-12-09T07:01:54.796+0000][1][safepoint    ] Application time: 0.4214075 seconds
[2019-12-09T07:01:54.796+0000][1][safepoint    ] Entering safepoint region: Deoptimize
[2019-12-09T07:01:54.796+0000][1][safepoint    ] Leaving safepoint region
[2019-12-09T07:01:54.797+0000][1][safepoint    ] Total time for which application threads were stopped: 0.0007606 seconds, Stopping threads took: 0.0000177 seconds
[2019-12-09T07:01:55.361+0000][1][safepoint    ] Application time: 0.5643292 seconds
[2019-12-09T07:01:55.361+0000][1][safepoint    ] Entering safepoint region: BulkRevokeBias
[2019-12-09T07:01:55.361+0000][1][safepoint    ] Leaving safepoint region
[2019-12-09T07:01:55.361+0000][1][safepoint    ] Total time for which application threads were stopped: 0.0005684 seconds, Stopping threads took: 0.0000180 seconds
[2019-12-09T07:01:55.488+0000][1][safepoint    ] Application time: 0.1267088 seconds
[2019-12-09T07:01:55.488+0000][1][safepoint    ] Entering safepoint region: RevokeBias
[2019-12-09T07:01:55.488+0000][1][safepoint    ] Leaving safepoint region
[2019-12-09T07:01:55.488+0000][1][safepoint    ] Total time for which application threads were stopped: 0.0000993 seconds, Stopping threads took: 0.0000203 seconds
[2019-12-09T07:01:55.489+0000][1][safepoint    ] Application time: 0.0003135 seconds
[2019-12-09T07:01:55.489+0000][1][safepoint    ] Entering safepoint region: RevokeBias
[2019-12-09T07:01:55.489+0000][1][safepoint    ] Leaving safepoint region
[2019-12-09T07:01:55.489+0000][1][safepoint    ] Total time for which application threads were stopped: 0.0000958 seconds, Stopping threads took: 0.0000307 seconds
[2019-12-09T07:01:55.643+0000][1][safepoint    ] Application time: 0.1539387 seconds
[2019-12-09T07:01:55.643+0000][1][safepoint    ] Entering safepoint region: RevokeBias
[2019-12-09T07:01:55.643+0000][1][safepoint    ] Leaving safepoint region
[2019-12-09T07:01:55.643+0000][1][safepoint    ] Total time for which application threads were stopped: 0.0001107 seconds, Stopping threads took: 0.0000204 seconds
[2019-12-09T07:01:55.646+0000][1][safepoint    ] Application time: 0.0030237 seconds
[2019-12-09T07:01:55.646+0000][1][safepoint    ] Entering safepoint region: RevokeBias
[2019-12-09T07:01:55.646+0000][1][safepoint    ] Leaving safepoint region
[2019-12-09T07:01:55.646+0000][1][safepoint    ] Total time for which application threads were stopped: 0.0000949 seconds, Stopping threads took: 0.0000191 seconds
[2019-12-09T07:01:55.646+0000][1][safepoint    ] Application time: 0.0000788 seconds
[2019-12-09T07:01:55.646+0000][1][safepoint    ] Entering safepoint region: RevokeBias
[2019-12-09T07:01:55.646+0000][1][safepoint    ] Leaving safepoint region
[2019-12-09T07:01:55.646+0000][1][safepoint    ] Total time for which application threads were stopped: 0.0000462 seconds, Stopping threads took: 0.0000099 seconds
[2019-12-09T07:01:55.646+0000][1][safepoint    ] Application time: 0.0000535 seconds
[2019-12-09T07:01:55.646+0000][1][safepoint    ] Entering safepoint region: RevokeBias
[2019-12-09T07:01:55.646+0000][1][safepoint    ] Leaving safepoint region
[2019-12-09T07:01:55.646+0000][1][safepoint    ] Total time for which application threads were stopped: 0.0000439 seconds, Stopping threads took: 0.0000092 seconds
[2019-12-09T07:01:55.646+0000][1][safepoint    ] Application time: 0.0000516 seconds
[2019-12-09T07:01:55.646+0000][1][safepoint    ] Entering safepoint region: RevokeBias
[2019-12-09T07:01:55.646+0000][1][safepoint    ] Leaving safepoint region
[2019-12-09T07:01:55.646+0000][1][safepoint    ] Total time for which application threads were stopped: 0.0000431 seconds, Stopping threads took: 0.0000095 seconds
[2019-12-09T07:01:55.646+0000][1][safepoint    ] Application time: 0.0000509 seconds
[2019-12-09T07:01:55.646+0000][1][safepoint    ] Entering safepoint region: RevokeBias
[2019-12-09T07:01:55.646+0000][1][safepoint    ] Leaving safepoint region
[2019-12-09T07:01:55.647+0000][1][safepoint    ] Total time for which application threads were stopped: 0.0000523 seconds, Stopping threads took: 0.0000089 seconds
[2019-12-09T07:01:55.647+0000][1][safepoint    ] Application time: 0.0000456 seconds
[2019-12-09T07:01:55.647+0000][1][safepoint    ] Entering safepoint region: RevokeBias
[2019-12-09T07:01:55.647+0000][1][safepoint    ] Leaving safepoint region
[2019-12-09T07:01:55.647+0000][1][safepoint    ] Total time for which application threads were stopped: 0.0000368 seconds, Stopping threads took: 0.0000080 seconds
[2019-12-09T07:01:55.647+0000][1][safepoint    ] Application time: 0.0000452 seconds
[2019-12-09T07:01:55.647+0000][1][safepoint    ] Entering safepoint region: RevokeBias
[2019-12-09T07:01:55.647+0000][1][safepoint    ] Leaving safepoint region
[2019-12-09T07:01:55.647+0000][1][safepoint    ] Total time for which application threads were stopped: 0.0000543 seconds, Stopping threads took: 0.0000078 seconds
[2019-12-09T07:01:55.647+0000][1][safepoint    ] Application time: 0.0000525 seconds
[2019-12-09T07:01:55.647+0000][1][safepoint    ] Entering safepoint region: RevokeBias
[2019-12-09T07:01:55.647+0000][1][safepoint    ] Leaving safepoint region
[2019-12-09T07:01:55.647+0000][1][safepoint    ] Total time for which application threads were stopped: 0.0000397 seconds, Stopping threads took: 0.0000089 seconds
[2019-12-09T07:01:55.847+0000][1][safepoint    ] Application time: 0.2001429 seconds
[2019-12-09T07:01:55.847+0000][1][safepoint    ] Entering safepoint region: RevokeBias
[2019-12-09T07:01:55.847+0000][1][safepoint    ] Leaving safepoint region
[2019-12-09T07:01:55.847+0000][1][safepoint    ] Total time for which application threads were stopped: 0.0000903 seconds, Stopping threads took: 0.0000207 seconds
[2019-12-09T07:01:55.848+0000][1][safepoint    ] Application time: 0.0004612 seconds
[2019-12-09T07:01:55.848+0000][1][safepoint    ] Entering safepoint region: RevokeBias
[2019-12-09T07:01:55.848+0000][1][safepoint    ] Leaving safepoint region
[2019-12-09T07:01:55.848+0000][1][safepoint    ] Total time for which application threads were stopped: 0.0000723 seconds, Stopping threads took: 0.0000151 seconds
[2019-12-09T07:01:55.934+0000][1][safepoint    ] Application time: 0.0862565 seconds
[2019-12-09T07:01:55.934+0000][1][safepoint    ] Entering safepoint region: GenCollectForAllocation
[2019-12-09T07:01:55.934+0000][1][gc,start     ] GC(23) Pause Young (Allocation Failure)
[2019-12-09T07:01:55.934+0000][1][gc,task      ] GC(23) Using 2 workers of 2 for evacuation
[2019-12-09T07:01:56.165+0000][1][gc,age       ] GC(23) Desired survivor size 4456448 bytes, new threshold 2 (max threshold 6)
[2019-12-09T07:01:56.165+0000][1][gc,age       ] GC(23) Age table with threshold 2 (max threshold 6)
[2019-12-09T07:01:56.165+0000][1][gc,age       ] GC(23) - age   1:    2393080 bytes,    2393080 total
[2019-12-09T07:01:56.165+0000][1][gc,age       ] GC(23) - age   2:    3558608 bytes,    5951688 total
[2019-12-09T07:01:56.165+0000][1][gc,heap      ] GC(23) ParNew: 77855K->6735K(78656K)
[2019-12-09T07:01:56.165+0000][1][gc,heap      ] GC(23) CMS: 60042K->64191K(174784K)
[2019-12-09T07:01:56.165+0000][1][gc,metaspace ] GC(23) Metaspace: 69525K->69525K(1112064K)
[2019-12-09T07:01:56.165+0000][1][gc           ] GC(23) Pause Young (Allocation Failure) 134M->69M(247M) 231.404ms
[2019-12-09T07:01:56.166+0000][1][gc,cpu       ] GC(23) User=0.09s Sys=0.00s Real=0.24s
[2019-12-09T07:01:56.166+0000][1][safepoint    ] Leaving safepoint region
[2019-12-09T07:01:56.166+0000][1][safepoint    ] Total time for which application threads were stopped: 0.2315932 seconds, Stopping threads took: 0.0000196 seconds
[2019-12-09T07:01:56.170+0000][1][safepoint    ] Application time: 0.0048648 seconds
[2019-12-09T07:01:56.170+0000][1][safepoint    ] Entering safepoint region: RevokeBias
[2019-12-09T07:01:56.171+0000][1][safepoint    ] Leaving safepoint region
[2019-12-09T07:01:56.171+0000][1][safepoint    ] Total time for which application threads were stopped: 0.0001065 seconds, Stopping threads took: 0.0000209 seconds
[2019-12-09T07:01:56.172+0000][1][safepoint    ] Application time: 0.0009937 seconds
[2019-12-09T07:01:56.172+0000][1][safepoint    ] Entering safepoint region: RevokeBias
[2019-12-09T07:01:56.172+0000][1][safepoint    ] Leaving safepoint region
[2019-12-09T07:01:56.172+0000][1][safepoint    ] Total time for which application threads were stopped: 0.0000789 seconds, Stopping threads took: 0.0000178 seconds
[2019-12-09T07:01:57.182+0000][1][safepoint    ] Application time: 1.0100335 seconds
[2019-12-09T07:01:57.182+0000][1][safepoint    ] Entering safepoint region: Cleanup
[2019-12-09T07:01:57.182+0000][1][safepoint    ] Leaving safepoint region
[2019-12-09T07:01:57.182+0000][1][safepoint    ] Total time for which application threads were stopped: 0.0001444 seconds, Stopping threads took: 0.0000268 seconds
[2019-12-09T07:01:58.184+0000][1][safepoint    ] Application time: 1.0017991 seconds
[2019-12-09T07:01:58.184+0000][1][safepoint    ] Entering safepoint region: Cleanup
[2019-12-09T07:01:58.184+0000][1][safepoint    ] Leaving safepoint region
[2019-12-09T07:01:58.184+0000][1][safepoint    ] Total time for which application threads were stopped: 0.0001109 seconds, Stopping threads took: 0.0000224 seconds
[2019-12-09T07:01:58.360+0000][1][safepoint    ] Application time: 0.1759742 seconds
[2019-12-09T07:01:58.377+0000][1][safepoint    ] Entering safepoint region: RevokeBias
[2019-12-09T07:01:58.377+0000][1][safepoint    ] Leaving safepoint region
[2019-12-09T07:01:58.377+0000][1][safepoint    ] Total time for which application threads were stopped: 0.0170039 seconds, Stopping threads took: 0.0169058 seconds
[2019-12-09T07:01:58.377+0000][1][safepoint    ] Application time: 0.0002201 seconds
[2019-12-09T07:01:58.377+0000][1][safepoint    ] Entering safepoint region: RevokeBias
[2019-12-09T07:01:58.377+0000][1][safepoint    ] Leaving safepoint region
[2019-12-09T07:01:58.377+0000][1][safepoint    ] Total time for which application threads were stopped: 0.0000739 seconds, Stopping threads took: 0.0000128 seconds
[2019-12-09T07:01:58.377+0000][1][safepoint    ] Application time: 0.0000932 seconds
[2019-12-09T07:01:58.377+0000][1][safepoint    ] Entering safepoint region: RevokeBias
[2019-12-09T07:01:58.377+0000][1][safepoint    ] Leaving safepoint region
[2019-12-09T07:01:58.377+0000][1][safepoint    ] Total time for which application threads were stopped: 0.0000491 seconds, Stopping threads took: 0.0000089 seconds
[2019-12-09T07:01:58.385+0000][1][safepoint    ] Application time: 0.0072824 seconds
[2019-12-09T07:01:58.385+0000][1][safepoint    ] Entering safepoint region: RevokeBias
[2019-12-09T07:01:58.385+0000][1][safepoint    ] Leaving safepoint region
[2019-12-09T07:01:58.385+0000][1][safepoint    ] Total time for which application threads were stopped: 0.0001309 seconds, Stopping threads took: 0.0000750 seconds
[2019-12-09T07:01:58.385+0000][1][safepoint    ] Application time: 0.0005712 seconds
[2019-12-09T07:01:58.385+0000][1][safepoint    ] Entering safepoint region: RevokeBias
[2019-12-09T07:01:58.385+0000][1][safepoint    ] Leaving safepoint region
[2019-12-09T07:01:58.385+0000][1][safepoint    ] Total time for which application threads were stopped: 0.0000565 seconds, Stopping threads took: 0.0000130 seconds
[2019-12-09T07:01:59.389+0000][1][safepoint    ] Application time: 1.0032687 seconds
[2019-12-09T07:01:59.389+0000][1][safepoint    ] Entering safepoint region: Cleanup
[2019-12-09T07:01:59.389+0000][1][safepoint    ] Leaving safepoint region
[2019-12-09T07:01:59.389+0000][1][safepoint    ] Total time for which application threads were stopped: 0.0001182 seconds, Stopping threads took: 0.0000209 seconds
[2019-12-09T07:01:59.919+0000][1][safepoint    ] Application time: 0.5296736 seconds
[2019-12-09T07:01:59.923+0000][1][safepoint    ] Entering safepoint region: RevokeBias
[2019-12-09T07:01:59.924+0000][1][safepoint    ] Leaving safepoint region
[2019-12-09T07:01:59.924+0000][1][safepoint    ] Total time for which application threads were stopped: 0.0050021 seconds, Stopping threads took: 0.0049080 seconds
[2019-12-09T07:01:59.924+0000][1][safepoint    ] Application time: 0.0001714 seconds
[2019-12-09T07:01:59.924+0000][1][safepoint    ] Entering safepoint region: RevokeBias
[2019-12-09T07:01:59.924+0000][1][safepoint    ] Leaving safepoint region
[2019-12-09T07:01:59.924+0000][1][safepoint    ] Total time for which application threads were stopped: 0.0003496 seconds, Stopping threads took: 0.0002655 seconds
[2019-12-09T07:01:59.927+0000][1][safepoint    ] Application time: 0.0024201 seconds
[2019-12-09T07:01:59.927+0000][1][safepoint    ] Entering safepoint region: RevokeBias
[2019-12-09T07:01:59.927+0000][1][safepoint    ] Leaving safepoint region
[2019-12-09T07:01:59.927+0000][1][safepoint    ] Total time for which application threads were stopped: 0.0000782 seconds, Stopping threads took: 0.0000151 seconds
[2019-12-09T07:01:59.936+0000][1][safepoint    ] Application time: 0.0089400 seconds
[2019-12-09T07:01:59.936+0000][1][safepoint    ] Entering safepoint region: RevokeBias
[2019-12-09T07:01:59.936+0000][1][safepoint    ] Leaving safepoint region
[2019-12-09T07:01:59.936+0000][1][safepoint    ] Total time for which application threads were stopped: 0.0000912 seconds, Stopping threads took: 0.0000158 seconds
[2019-12-09T07:01:59.936+0000][1][safepoint    ] Application time: 0.0005368 seconds
[2019-12-09T07:01:59.936+0000][1][safepoint    ] Entering safepoint region: RevokeBias
[2019-12-09T07:01:59.936+0000][1][safepoint    ] Leaving safepoint region
[2019-12-09T07:01:59.936+0000][1][safepoint    ] Total time for which application threads were stopped: 0.0000656 seconds, Stopping threads took: 0.0000146 seconds
[2019-12-09T07:02:00.945+0000][1][safepoint    ] Application time: 1.0083442 seconds
[2019-12-09T07:02:00.945+0000][1][safepoint    ] Entering safepoint region: Cleanup
[2019-12-09T07:02:00.945+0000][1][safepoint    ] Leaving safepoint region
[2019-12-09T07:02:00.945+0000][1][safepoint    ] Total time for which application threads were stopped: 0.0001501 seconds, Stopping threads took: 0.0000265 seconds
[2019-12-09T07:02:01.945+0000][1][safepoint    ] Application time: 1.0002852 seconds
[2019-12-09T07:02:01.945+0000][1][safepoint    ] Entering safepoint region: Cleanup
[2019-12-09T07:02:01.945+0000][1][safepoint    ] Leaving safepoint region
[2019-12-09T07:02:01.945+0000][1][safepoint    ] Total time for which application threads were stopped: 0.0001271 seconds, Stopping threads took: 0.0000213 seconds
[2019-12-09T07:02:02.152+0000][1][safepoint    ] Application time: 0.2062822 seconds
[2019-12-09T07:02:02.152+0000][1][safepoint    ] Entering safepoint region: RevokeBias
[2019-12-09T07:02:02.152+0000][1][safepoint    ] Leaving safepoint region
[2019-12-09T07:02:02.152+0000][1][safepoint    ] Total time for which application threads were stopped: 0.0001232 seconds, Stopping threads took: 0.0000233 seconds
[2019-12-09T07:02:03.152+0000][1][safepoint    ] Application time: 0.9998780 seconds
[2019-12-09T07:02:03.152+0000][1][safepoint    ] Entering safepoint region: RevokeBias
[2019-12-09T07:02:03.152+0000][1][safepoint    ] Leaving safepoint region
[2019-12-09T07:02:03.152+0000][1][safepoint    ] Total time for which application threads were stopped: 0.0002000 seconds, Stopping threads took: 0.0000609 seconds
[2019-12-09T07:02:03.331+0000][1][safepoint    ] Application time: 0.1787810 seconds
[2019-12-09T07:02:03.331+0000][1][safepoint    ] Entering safepoint region: RevokeBias
[2019-12-09T07:02:03.331+0000][1][safepoint    ] Leaving safepoint region
[2019-12-09T07:02:03.331+0000][1][safepoint    ] Total time for which application threads were stopped: 0.0001384 seconds, Stopping threads took: 0.0000224 seconds
[2019-12-09T07:02:04.333+0000][1][safepoint    ] Application time: 1.0018637 seconds
[2019-12-09T07:02:04.360+0000][1][safepoint    ] Entering safepoint region: Cleanup
[2019-12-09T07:02:04.360+0000][1][safepoint    ] Leaving safepoint region
[2019-12-09T07:02:04.360+0000][1][safepoint    ] Total time for which application threads were stopped: 0.0270964 seconds, Stopping threads took: 0.0269691 seconds
[2019-12-09T07:02:05.364+0000][1][safepoint    ] Application time: 1.0043163 seconds
[2019-12-09T07:02:05.364+0000][1][safepoint    ] Entering safepoint region: Cleanup
[2019-12-09T07:02:05.364+0000][1][safepoint    ] Leaving safepoint region
[2019-12-09T07:02:05.364+0000][1][safepoint    ] Total time for which application threads were stopped: 0.0002144 seconds, Stopping threads took: 0.0001090 seconds
[2019-12-09T07:02:06.366+0000][1][safepoint    ] Application time: 1.0012277 seconds
[2019-12-09T07:02:06.366+0000][1][safepoint    ] Entering safepoint region: Cleanup
[2019-12-09T07:02:06.366+0000][1][safepoint    ] Leaving safepoint region
[2019-12-09T07:02:06.366+0000][1][safepoint    ] Total time for which application threads were stopped: 0.0001345 seconds, Stopping threads took: 0.0000258 seconds
[2019-12-09T07:02:07.370+0000][1][safepoint    ] Application time: 1.0038097 seconds
[2019-12-09T07:02:07.370+0000][1][safepoint    ] Entering safepoint region: Cleanup
[2019-12-09T07:02:07.370+0000][1][safepoint    ] Leaving safepoint region
[2019-12-09T07:02:07.370+0000][1][safepoint    ] Total time for which application threads were stopped: 0.0001306 seconds, Stopping threads took: 0.0000269 seconds
[2019-12-09T07:02:08.375+0000][1][safepoint    ] Application time: 1.0048055 seconds
[2019-12-09T07:02:08.375+0000][1][safepoint    ] Entering safepoint region: Cleanup
[2019-12-09T07:02:08.375+0000][1][safepoint    ] Leaving safepoint region
[2019-12-09T07:02:08.375+0000][1][safepoint    ] Total time for which application threads were stopped: 0.0001174 seconds, Stopping threads took: 0.0000247 seconds
[2019-12-09T07:02:09.376+0000][1][safepoint    ] Application time: 1.0008491 seconds
[2019-12-09T07:02:09.376+0000][1][safepoint    ] Entering safepoint region: Cleanup
[2019-12-09T07:02:09.376+0000][1][safepoint    ] Leaving safepoint region
[2019-12-09T07:02:09.376+0000][1][safepoint    ] Total time for which application threads were stopped: 0.0001223 seconds, Stopping threads took: 0.0000265 seconds
[2019-12-09T07:02:10.382+0000][1][safepoint    ] Application time: 1.0057994 seconds
[2019-12-09T07:02:10.382+0000][1][safepoint    ] Entering safepoint region: Cleanup
[2019-12-09T07:02:10.382+0000][1][safepoint    ] Leaving safepoint region
[2019-12-09T07:02:10.382+0000][1][safepoint    ] Total time for which application threads were stopped: 0.0001361 seconds, Stopping threads took: 0.0000286 seconds
[2019-12-09T07:02:11.345+0000][1][safepoint    ] Application time: 0.9631802 seconds
[2019-12-09T07:02:11.347+0000][1][safepoint    ] Entering safepoint region: RevokeBias
[2019-12-09T07:02:11.347+0000][1][safepoint    ] Leaving safepoint region
[2019-12-09T07:02:11.347+0000][1][safepoint    ] Total time for which application threads were stopped: 0.0017405 seconds, Stopping threads took: 0.0015996 seconds
[2019-12-09T07:02:11.423+0000][1][safepoint    ] Application time: 0.0762247 seconds
[2019-12-09T07:02:11.423+0000][1][safepoint    ] Entering safepoint region: CollectForMetadataAllocation
[2019-12-09T07:02:11.423+0000][1][safepoint    ] Leaving safepoint region
[2019-12-09T07:02:11.424+0000][1][safepoint    ] Total time for which application threads were stopped: 0.0003583 seconds, Stopping threads took: 0.0000568 seconds
[2019-12-09T07:02:11.499+0000][1][safepoint    ] Application time: 0.0759510 seconds
[2019-12-09T07:02:11.499+0000][1][safepoint    ] Entering safepoint region: CollectForMetadataAllocation
[2019-12-09T07:02:11.500+0000][1][safepoint    ] Leaving safepoint region
[2019-12-09T07:02:11.500+0000][1][safepoint    ] Total time for which application threads were stopped: 0.0003536 seconds, Stopping threads took: 0.0000221 seconds
[2019-12-09T07:02:11.503+0000][1][safepoint    ] Application time: 0.0026605 seconds
[2019-12-09T07:02:11.503+0000][1][safepoint    ] Entering safepoint region: RevokeBias
[2019-12-09T07:02:11.503+0000][1][safepoint    ] Leaving safepoint region
[2019-12-09T07:02:11.503+0000][1][safepoint    ] Total time for which application threads were stopped: 0.0001021 seconds, Stopping threads took: 0.0000183 seconds
[2019-12-09T07:02:11.513+0000][1][safepoint    ] Application time: 0.0100937 seconds
[2019-12-09T07:02:11.513+0000][1][safepoint    ] Entering safepoint region: RevokeBias
[2019-12-09T07:02:11.513+0000][1][safepoint    ] Leaving safepoint region
[2019-12-09T07:02:11.513+0000][1][safepoint    ] Total time for which application threads were stopped: 0.0001078 seconds, Stopping threads took: 0.0000169 seconds
[2019-12-09T07:02:12.181+0000][1][safepoint    ] Application time: 0.6678886 seconds
[2019-12-09T07:02:12.181+0000][1][safepoint    ] Entering safepoint region: CMS_Initial_Mark
[2019-12-09T07:02:12.181+0000][1][gc,start     ] GC(24) Pause Initial Mark
[2019-12-09T07:02:12.243+0000][1][gc           ] GC(24) Pause Initial Mark 113M->113M(247M) 61.761ms
[2019-12-09T07:02:12.243+0000][1][gc,cpu       ] GC(24) User=0.03s Sys=0.00s Real=0.06s
[2019-12-09T07:02:12.243+0000][1][safepoint    ] Leaving safepoint region
[2019-12-09T07:02:12.243+0000][1][safepoint    ] Total time for which application threads were stopped: 0.0620082 seconds, Stopping threads took: 0.0000249 seconds
[2019-12-09T07:02:12.243+0000][1][gc           ] GC(24) Concurrent Mark
[2019-12-09T07:02:12.465+0000][1][gc           ] GC(24) Concurrent Mark 222.407ms
[2019-12-09T07:02:12.465+0000][1][gc,cpu       ] GC(24) User=0.10s Sys=0.00s Real=0.23s
[2019-12-09T07:02:12.465+0000][1][gc           ] GC(24) Concurrent Preclean
[2019-12-09T07:02:12.475+0000][1][gc           ] GC(24) Concurrent Preclean 9.981ms
[2019-12-09T07:02:12.475+0000][1][gc,cpu       ] GC(24) User=0.00s Sys=0.00s Real=0.01s
[2019-12-09T07:02:12.475+0000][1][gc           ] GC(24) Concurrent Abortable Preclean
[2019-12-09T07:02:12.939+0000][1][safepoint    ] Application time: 0.6960404 seconds
[2019-12-09T07:02:12.947+0000][1][safepoint    ] Entering safepoint region: CollectForMetadataAllocation
[2019-12-09T07:02:12.947+0000][1][safepoint    ] Leaving safepoint region
[2019-12-09T07:02:12.947+0000][1][safepoint    ] Total time for which application threads were stopped: 0.0082130 seconds, Stopping threads took: 0.0079027 seconds
[2019-12-09T07:02:12.955+0000][1][safepoint    ] Application time: 0.0083008 seconds
[2019-12-09T07:02:12.955+0000][1][safepoint    ] Entering safepoint region: RevokeBias
[2019-12-09T07:02:12.956+0000][1][safepoint    ] Leaving safepoint region
[2019-12-09T07:02:12.956+0000][1][safepoint    ] Total time for which application threads were stopped: 0.0001450 seconds, Stopping threads took: 0.0000188 seconds
[2019-12-09T07:02:12.985+0000][1][safepoint    ] Application time: 0.0295572 seconds
[2019-12-09T07:02:12.992+0000][1][safepoint    ] Entering safepoint region: RevokeBias
[2019-12-09T07:02:12.992+0000][1][safepoint    ] Leaving safepoint region
[2019-12-09T07:02:12.992+0000][1][safepoint    ] Total time for which application threads were stopped: 0.0066745 seconds, Stopping threads took: 0.0065281 seconds
[2019-12-09T07:02:12.993+0000][1][safepoint    ] Application time: 0.0015695 seconds
[2019-12-09T07:02:12.993+0000][1][safepoint    ] Entering safepoint region: RevokeBias
[2019-12-09T07:02:12.994+0000][1][safepoint    ] Leaving safepoint region
[2019-12-09T07:02:12.994+0000][1][safepoint    ] Total time for which application threads were stopped: 0.0001158 seconds, Stopping threads took: 0.0000185 seconds
[2019-12-09T07:02:13.098+0000][1][safepoint    ] Application time: 0.1046740 seconds
[2019-12-09T07:02:13.121+0000][1][safepoint    ] Entering safepoint region: CollectForMetadataAllocation
[2019-12-09T07:02:13.121+0000][1][safepoint    ] Leaving safepoint region
[2019-12-09T07:02:13.121+0000][1][safepoint    ] Total time for which application threads were stopped: 0.0228596 seconds, Stopping threads took: 0.0225311 seconds
[2019-12-09T07:02:13.157+0000][1][safepoint    ] Application time: 0.0355236 seconds
[2019-12-09T07:02:13.162+0000][1][safepoint    ] Entering safepoint region: RevokeBias
[2019-12-09T07:02:13.162+0000][1][safepoint    ] Leaving safepoint region
[2019-12-09T07:02:13.162+0000][1][safepoint    ] Total time for which application threads were stopped: 0.0051648 seconds, Stopping threads took: 0.0050294 seconds
[2019-12-09T07:02:13.286+0000][1][safepoint    ] Application time: 0.1237962 seconds
[2019-12-09T07:02:13.286+0000][1][safepoint    ] Entering safepoint region: CollectForMetadataAllocation
[2019-12-09T07:02:13.286+0000][1][safepoint    ] Leaving safepoint region
[2019-12-09T07:02:13.286+0000][1][safepoint    ] Total time for which application threads were stopped: 0.0002375 seconds, Stopping threads took: 0.0000209 seconds
[2019-12-09T07:02:13.435+0000][1][safepoint    ] Application time: 0.1489463 seconds
[2019-12-09T07:02:13.452+0000][1][safepoint    ] Entering safepoint region: CollectForMetadataAllocation
[2019-12-09T07:02:13.452+0000][1][safepoint    ] Leaving safepoint region
[2019-12-09T07:02:13.452+0000][1][safepoint    ] Total time for which application threads were stopped: 0.0170899 seconds, Stopping threads took: 0.0167961 seconds
[2019-12-09T07:02:13.585+0000][1][safepoint    ] Application time: 0.1326708 seconds
[2019-12-09T07:02:13.585+0000][1][safepoint    ] Entering safepoint region: CollectForMetadataAllocation
[2019-12-09T07:02:13.585+0000][1][safepoint    ] Leaving safepoint region
[2019-12-09T07:02:13.585+0000][1][safepoint    ] Total time for which application threads were stopped: 0.0003224 seconds, Stopping threads took: 0.0000235 seconds
[2019-12-09T07:02:13.601+0000][1][safepoint    ] Application time: 0.0160399 seconds
[2019-12-09T07:02:13.601+0000][1][safepoint    ] Entering safepoint region: RevokeBias
[2019-12-09T07:02:13.601+0000][1][safepoint    ] Leaving safepoint region
[2019-12-09T07:02:13.601+0000][1][safepoint    ] Total time for which application threads were stopped: 0.0001232 seconds, Stopping threads took: 0.0000312 seconds
[2019-12-09T07:02:13.602+0000][1][safepoint    ] Application time: 0.0002030 seconds
[2019-12-09T07:02:13.602+0000][1][safepoint    ] Entering safepoint region: RevokeBias
[2019-12-09T07:02:13.602+0000][1][safepoint    ] Leaving safepoint region
[2019-12-09T07:02:13.602+0000][1][safepoint    ] Total time for which application threads were stopped: 0.0000831 seconds, Stopping threads took: 0.0000133 seconds
[2019-12-09T07:02:14.604+0000][1][safepoint    ] Application time: 1.0022759 seconds
[2019-12-09T07:02:14.604+0000][1][safepoint    ] Entering safepoint region: Cleanup
[2019-12-09T07:02:14.604+0000][1][safepoint    ] Leaving safepoint region
[2019-12-09T07:02:14.604+0000][1][safepoint    ] Total time for which application threads were stopped: 0.0001630 seconds, Stopping threads took: 0.0000259 seconds
[2019-12-09T07:02:15.422+0000][1][safepoint    ] Application time: 0.8174156 seconds
[2019-12-09T07:02:15.422+0000][1][safepoint    ] Entering safepoint region: CollectForMetadataAllocation
[2019-12-09T07:02:15.422+0000][1][safepoint    ] Leaving safepoint region
[2019-12-09T07:02:15.422+0000][1][safepoint    ] Total time for which application threads were stopped: 0.0003359 seconds, Stopping threads took: 0.0000220 seconds
[2019-12-09T07:02:16.439+0000][1][safepoint    ] Application time: 1.0170601 seconds
[2019-12-09T07:02:16.439+0000][1][safepoint    ] Entering safepoint region: Cleanup
[2019-12-09T07:02:16.439+0000][1][safepoint    ] Leaving safepoint region
[2019-12-09T07:02:16.439+0000][1][safepoint    ] Total time for which application threads were stopped: 0.0001311 seconds, Stopping threads took: 0.0000254 seconds
[2019-12-09T07:02:17.454+0000][1][safepoint    ] Application time: 1.0144437 seconds
[2019-12-09T07:02:17.454+0000][1][safepoint    ] Entering safepoint region: Cleanup
[2019-12-09T07:02:17.454+0000][1][safepoint    ] Leaving safepoint region
[2019-12-09T07:02:17.454+0000][1][safepoint    ] Total time for which application threads were stopped: 0.0001513 seconds, Stopping threads took: 0.0000258 seconds
[2019-12-09T07:02:17.491+0000][1][gc           ] GC(24) Concurrent Abortable Preclean 5015.966ms
[2019-12-09T07:02:17.491+0000][1][gc,cpu       ] GC(24) User=2.06s Sys=0.02s Real=5.01s
[2019-12-09T07:02:17.493+0000][1][safepoint    ] Application time: 0.0389376 seconds
[2019-12-09T07:02:17.493+0000][1][safepoint    ] Entering safepoint region: CMS_Final_Remark
[2019-12-09T07:02:17.493+0000][1][gc,start     ] GC(24) Pause Remark
[2019-12-09T07:02:17.630+0000][1][gc           ] GC(24) Pause Remark 130M->130M(247M) 136.857ms
[2019-12-09T07:02:17.630+0000][1][gc,cpu       ] GC(24) User=0.06s Sys=0.00s Real=0.14s
[2019-12-09T07:02:17.630+0000][1][safepoint    ] Leaving safepoint region
[2019-12-09T07:02:17.630+0000][1][safepoint    ] Total time for which application threads were stopped: 0.1370947 seconds, Stopping threads took: 0.0000250 seconds
[2019-12-09T07:02:17.634+0000][1][gc           ] GC(24) Concurrent Sweep
[2019-12-09T07:02:17.747+0000][1][gc           ] GC(24) Concurrent Sweep 112.782ms
[2019-12-09T07:02:17.747+0000][1][gc,cpu       ] GC(24) User=0.06s Sys=0.00s Real=0.12s
[2019-12-09T07:02:17.747+0000][1][gc           ] GC(24) Concurrent Reset
[2019-12-09T07:02:17.747+0000][1][gc           ] GC(24) Concurrent Reset 0.677ms
[2019-12-09T07:02:17.747+0000][1][gc,cpu       ] GC(24) User=0.00s Sys=0.00s Real=0.00s
[2019-12-09T07:02:17.747+0000][1][gc,heap      ] GC(24) Old: 64191K->63742K(174784K)
[2019-12-09T07:02:18.434+0000][1][safepoint    ] Application time: 0.8043403 seconds
[2019-12-09T07:02:18.434+0000][1][safepoint    ] Entering safepoint region: RevokeBias
[2019-12-09T07:02:18.435+0000][1][safepoint    ] Leaving safepoint region
[2019-12-09T07:02:18.435+0000][1][safepoint    ] Total time for which application threads were stopped: 0.0008641 seconds, Stopping threads took: 0.0000227 seconds
[2019-12-09T07:02:18.437+0000][1][safepoint    ] Application time: 0.0020169 seconds
[2019-12-09T07:02:18.438+0000][1][safepoint    ] Entering safepoint region: RevokeBias
[2019-12-09T07:02:18.438+0000][1][safepoint    ] Leaving safepoint region
[2019-12-09T07:02:18.438+0000][1][safepoint    ] Total time for which application threads were stopped: 0.0006386 seconds, Stopping threads took: 0.0005201 seconds
[2019-12-09T07:02:18.439+0000][1][safepoint    ] Application time: 0.0017020 seconds
[2019-12-09T07:02:18.440+0000][1][safepoint    ] Entering safepoint region: RevokeBias
[2019-12-09T07:02:18.440+0000][1][safepoint    ] Leaving safepoint region
[2019-12-09T07:02:18.440+0000][1][safepoint    ] Total time for which application threads were stopped: 0.0001343 seconds, Stopping threads took: 0.0000225 seconds
[2019-12-09T07:02:18.446+0000][1][safepoint    ] Application time: 0.0067955 seconds
[2019-12-09T07:02:18.446+0000][1][safepoint    ] Entering safepoint region: RevokeBias
[2019-12-09T07:02:18.447+0000][1][safepoint    ] Leaving safepoint region
[2019-12-09T07:02:18.447+0000][1][safepoint    ] Total time for which application threads were stopped: 0.0001174 seconds, Stopping threads took: 0.0000149 seconds
[2019-12-09T07:02:18.476+0000][1][safepoint    ] Application time: 0.0291423 seconds
[2019-12-09T07:02:18.476+0000][1][safepoint    ] Entering safepoint region: GenCollectForAllocation
[2019-12-09T07:02:18.476+0000][1][gc,start     ] GC(25) Pause Young (Allocation Failure)
[2019-12-09T07:02:18.476+0000][1][gc,task      ] GC(25) Using 2 workers of 2 for evacuation
[2019-12-09T07:02:18.561+0000][1][gc,age       ] GC(25) Desired survivor size 4456448 bytes, new threshold 6 (max threshold 6)
[2019-12-09T07:02:18.561+0000][1][gc,age       ] GC(25) Age table with threshold 6 (max threshold 6)
[2019-12-09T07:02:18.561+0000][1][gc,age       ] GC(25) - age   1:    1053280 bytes,    1053280 total
[2019-12-09T07:02:18.561+0000][1][gc,age       ] GC(25) - age   2:    2216400 bytes,    3269680 total
[2019-12-09T07:02:18.561+0000][1][gc,heap      ] GC(25) ParNew: 76687K->6043K(78656K)
[2019-12-09T07:02:18.561+0000][1][gc,heap      ] GC(25) CMS: 63742K->67322K(174784K)
[2019-12-09T07:02:18.561+0000][1][gc,metaspace ] GC(25) Metaspace: 72540K->72540K(1116160K)
[2019-12-09T07:02:18.561+0000][1][gc           ] GC(25) Pause Young (Allocation Failure) 137M->71M(247M) 85.292ms
[2019-12-09T07:02:18.561+0000][1][gc,cpu       ] GC(25) User=0.04s Sys=0.00s Real=0.08s
[2019-12-09T07:02:18.561+0000][1][safepoint    ] Leaving safepoint region
[2019-12-09T07:02:18.561+0000][1][safepoint    ] Total time for which application threads were stopped: 0.0855779 seconds, Stopping threads took: 0.0000596 seconds
[2019-12-09T07:02:19.029+0000][1][safepoint    ] Application time: 0.4677812 seconds
[2019-12-09T07:02:19.029+0000][1][safepoint    ] Entering safepoint region: RevokeBias
[2019-12-09T07:02:19.029+0000][1][safepoint    ] Leaving safepoint region
[2019-12-09T07:02:19.029+0000][1][safepoint    ] Total time for which application threads were stopped: 0.0001915 seconds, Stopping threads took: 0.0000220 seconds
[2019-12-09T07:02:19.272+0000][1][safepoint    ] Application time: 0.2426459 seconds
[2019-12-09T07:02:19.272+0000][1][safepoint    ] Entering safepoint region: RevokeBias
[2019-12-09T07:02:19.272+0000][1][safepoint    ] Leaving safepoint region
[2019-12-09T07:02:19.272+0000][1][safepoint    ] Total time for which application threads were stopped: 0.0001344 seconds, Stopping threads took: 0.0000221 seconds
[2019-12-09T07:02:19.295+0000][1][safepoint    ] Application time: 0.0226118 seconds
[2019-12-09T07:02:19.295+0000][1][safepoint    ] Entering safepoint region: RevokeBias
[2019-12-09T07:02:19.295+0000][1][safepoint    ] Leaving safepoint region
[2019-12-09T07:02:19.295+0000][1][safepoint    ] Total time for which application threads were stopped: 0.0001272 seconds, Stopping threads took: 0.0000194 seconds
[2019-12-09T07:02:19.496+0000][1][safepoint    ] Application time: 0.2008563 seconds
[2019-12-09T07:02:19.496+0000][1][safepoint    ] Entering safepoint region: RevokeBias
[2019-12-09T07:02:19.496+0000][1][safepoint    ] Leaving safepoint region
[2019-12-09T07:02:19.496+0000][1][safepoint    ] Total time for which application threads were stopped: 0.0001507 seconds, Stopping threads took: 0.0000229 seconds
[2019-12-09T07:02:20.352+0000][1][safepoint    ] Application time: 0.8556654 seconds
[2019-12-09T07:02:20.352+0000][1][safepoint    ] Entering safepoint region: RevokeBias
[2019-12-09T07:02:20.352+0000][1][safepoint    ] Leaving safepoint region
[2019-12-09T07:02:20.352+0000][1][safepoint    ] Total time for which application threads were stopped: 0.0001769 seconds, Stopping threads took: 0.0000245 seconds
[2019-12-09T07:02:20.782+0000][1][safepoint    ] Application time: 0.4300981 seconds
[2019-12-09T07:02:20.809+0000][1][safepoint    ] Entering safepoint region: Deoptimize
[2019-12-09T07:02:20.810+0000][1][safepoint    ] Leaving safepoint region
[2019-12-09T07:02:20.810+0000][1][safepoint    ] Total time for which application threads were stopped: 0.0282297 seconds, Stopping threads took: 0.0272003 seconds
[2019-12-09T07:02:21.450+0000][1][safepoint    ] Application time: 0.6398255 seconds
[2019-12-09T07:02:21.450+0000][1][safepoint    ] Entering safepoint region: RevokeBias
[2019-12-09T07:02:21.450+0000][1][safepoint    ] Leaving safepoint region
[2019-12-09T07:02:21.450+0000][1][safepoint    ] Total time for which application threads were stopped: 0.0001780 seconds, Stopping threads took: 0.0000231 seconds
[2019-12-09T07:02:21.752+0000][1][safepoint    ] Application time: 0.3015662 seconds
[2019-12-09T07:02:21.752+0000][1][safepoint    ] Entering safepoint region: RevokeBias
[2019-12-09T07:02:21.752+0000][1][safepoint    ] Leaving safepoint region
[2019-12-09T07:02:21.752+0000][1][safepoint    ] Total time for which application threads were stopped: 0.0002291 seconds, Stopping threads took: 0.0000219 seconds
[2019-12-09T07:02:21.752+0000][1][safepoint    ] Application time: 0.0000601 seconds
[2019-12-09T07:02:21.752+0000][1][safepoint    ] Entering safepoint region: RevokeBias
[2019-12-09T07:02:21.752+0000][1][safepoint    ] Leaving safepoint region
[2019-12-09T07:02:21.752+0000][1][safepoint    ] Total time for which application threads were stopped: 0.0000978 seconds, Stopping threads took: 0.0000119 seconds
[2019-12-09T07:02:21.755+0000][1][safepoint    ] Application time: 0.0027893 seconds
[2019-12-09T07:02:21.755+0000][1][safepoint    ] Entering safepoint region: Deoptimize
[2019-12-09T07:02:21.756+0000][1][safepoint    ] Leaving safepoint region
[2019-12-09T07:02:21.756+0000][1][safepoint    ] Total time for which application threads were stopped: 0.0010091 seconds, Stopping threads took: 0.0000189 seconds
[2019-12-09T07:02:21.772+0000][1][safepoint    ] Application time: 0.0153141 seconds
[2019-12-09T07:02:21.772+0000][1][safepoint    ] Entering safepoint region: Deoptimize
[2019-12-09T07:02:21.773+0000][1][safepoint    ] Leaving safepoint region
[2019-12-09T07:02:21.773+0000][1][safepoint    ] Total time for which application threads were stopped: 0.0010155 seconds, Stopping threads took: 0.0000573 seconds
[2019-12-09T07:02:22.776+0000][1][safepoint    ] Application time: 1.0031457 seconds
[2019-12-09T07:02:22.776+0000][1][safepoint    ] Entering safepoint region: Cleanup
[2019-12-09T07:02:22.776+0000][1][safepoint    ] Leaving safepoint region
[2019-12-09T07:02:22.776+0000][1][safepoint    ] Total time for which application threads were stopped: 0.0001847 seconds, Stopping threads took: 0.0000270 seconds
[2019-12-09T07:02:23.782+0000][1][safepoint    ] Application time: 1.0057583 seconds
[2019-12-09T07:02:23.782+0000][1][safepoint    ] Entering safepoint region: Cleanup
[2019-12-09T07:02:23.782+0000][1][safepoint    ] Leaving safepoint region
[2019-12-09T07:02:23.782+0000][1][safepoint    ] Total time for which application threads were stopped: 0.0002080 seconds, Stopping threads took: 0.0000244 seconds
[2019-12-09T07:02:23.811+0000][1][safepoint    ] Application time: 0.0291113 seconds
[2019-12-09T07:02:23.811+0000][1][safepoint    ] Entering safepoint region: RevokeBias
[2019-12-09T07:02:23.811+0000][1][safepoint    ] Leaving safepoint region
[2019-12-09T07:02:23.811+0000][1][safepoint    ] Total time for which application threads were stopped: 0.0001509 seconds, Stopping threads took: 0.0000218 seconds
[2019-12-09T07:02:23.811+0000][1][safepoint    ] Application time: 0.0000687 seconds
[2019-12-09T07:02:23.811+0000][1][safepoint    ] Entering safepoint region: RevokeBias
[2019-12-09T07:02:23.811+0000][1][safepoint    ] Leaving safepoint region
[2019-12-09T07:02:23.811+0000][1][safepoint    ] Total time for which application threads were stopped: 0.0000895 seconds, Stopping threads took: 0.0000110 seconds
[2019-12-09T07:02:24.815+0000][1][safepoint    ] Application time: 1.0033427 seconds
[2019-12-09T07:02:24.815+0000][1][safepoint    ] Entering safepoint region: Cleanup
[2019-12-09T07:02:24.815+0000][1][safepoint    ] Leaving safepoint region
[2019-12-09T07:02:24.815+0000][1][safepoint    ] Total time for which application threads were stopped: 0.0001511 seconds, Stopping threads took: 0.0000285 seconds
[2019-12-09T07:02:25.817+0000][1][safepoint    ] Application time: 1.0018153 seconds
[2019-12-09T07:02:25.826+0000][1][safepoint    ] Entering safepoint region: Cleanup
[2019-12-09T07:02:25.826+0000][1][safepoint    ] Leaving safepoint region
[2019-12-09T07:02:25.826+0000][1][safepoint    ] Total time for which application threads were stopped: 0.0090883 seconds, Stopping threads took: 0.0088961 seconds
[2019-12-09T07:02:26.827+0000][1][safepoint    ] Application time: 1.0007606 seconds
[2019-12-09T07:02:26.827+0000][1][safepoint    ] Entering safepoint region: Cleanup
[2019-12-09T07:02:26.827+0000][1][safepoint    ] Leaving safepoint region
[2019-12-09T07:02:26.827+0000][1][safepoint    ] Total time for which application threads were stopped: 0.0001474 seconds, Stopping threads took: 0.0000268 seconds
[2019-12-09T07:02:27.831+0000][1][safepoint    ] Application time: 1.0038079 seconds
[2019-12-09T07:02:27.831+0000][1][safepoint    ] Entering safepoint region: Cleanup
[2019-12-09T07:02:27.831+0000][1][safepoint    ] Leaving safepoint region
[2019-12-09T07:02:27.831+0000][1][safepoint    ] Total time for which application threads were stopped: 0.0001428 seconds, Stopping threads took: 0.0000252 seconds
[2019-12-09T07:02:28.832+0000][1][safepoint    ] Application time: 1.0008301 seconds
[2019-12-09T07:02:28.832+0000][1][safepoint    ] Entering safepoint region: Cleanup
[2019-12-09T07:02:28.832+0000][1][safepoint    ] Leaving safepoint region
[2019-12-09T07:02:28.832+0000][1][safepoint    ] Total time for which application threads were stopped: 0.0001669 seconds, Stopping threads took: 0.0000260 seconds
[2019-12-09T07:02:29.832+0000][1][safepoint    ] Application time: 1.0000795 seconds
[2019-12-09T07:02:29.832+0000][1][safepoint    ] Entering safepoint region: Cleanup
[2019-12-09T07:02:29.832+0000][1][safepoint    ] Leaving safepoint region
[2019-12-09T07:02:29.832+0000][1][safepoint    ] Total time for which application threads were stopped: 0.0001237 seconds, Stopping threads took: 0.0000165 seconds
[2019-12-09T07:02:30.832+0000][1][safepoint    ] Application time: 1.0000747 seconds
[2019-12-09T07:02:30.832+0000][1][safepoint    ] Entering safepoint region: Cleanup
[2019-12-09T07:02:30.832+0000][1][safepoint    ] Leaving safepoint region
[2019-12-09T07:02:30.832+0000][1][safepoint    ] Total time for which application threads were stopped: 0.0000910 seconds, Stopping threads took: 0.0000162 seconds
[2019-12-09T07:02:31.832+0000][1][safepoint    ] Application time: 1.0000750 seconds
[2019-12-09T07:02:31.833+0000][1][safepoint    ] Entering safepoint region: Cleanup
[2019-12-09T07:02:31.833+0000][1][safepoint    ] Leaving safepoint region
[2019-12-09T07:02:31.833+0000][1][safepoint    ] Total time for which application threads were stopped: 0.0001130 seconds, Stopping threads took: 0.0000171 seconds
[2019-12-09T07:02:32.833+0000][1][safepoint    ] Application time: 1.0000755 seconds
[2019-12-09T07:02:32.833+0000][1][safepoint    ] Entering safepoint region: Cleanup
[2019-12-09T07:02:32.833+0000][1][safepoint    ] Leaving safepoint region
[2019-12-09T07:02:32.833+0000][1][safepoint    ] Total time for which application threads were stopped: 0.0000975 seconds, Stopping threads took: 0.0000186 seconds
[2019-12-09T07:02:33.833+0000][1][safepoint    ] Application time: 1.0000766 seconds
[2019-12-09T07:02:33.833+0000][1][safepoint    ] Entering safepoint region: Cleanup
[2019-12-09T07:02:33.833+0000][1][safepoint    ] Leaving safepoint region
[2019-12-09T07:02:33.833+0000][1][safepoint    ] Total time for which application threads were stopped: 0.0001117 seconds, Stopping threads took: 0.0000170 seconds
[2019-12-09T07:02:34.833+0000][1][safepoint    ] Application time: 1.0000782 seconds
[2019-12-09T07:02:34.833+0000][1][safepoint    ] Entering safepoint region: Cleanup
[2019-12-09T07:02:34.833+0000][1][safepoint    ] Leaving safepoint region
[2019-12-09T07:02:34.833+0000][1][safepoint    ] Total time for which application threads were stopped: 0.0001007 seconds, Stopping threads took: 0.0000180 seconds
[2019-12-09T07:02:35.833+0000][1][safepoint    ] Application time: 1.0000775 seconds
[2019-12-09T07:02:35.833+0000][1][safepoint    ] Entering safepoint region: Cleanup
[2019-12-09T07:02:35.833+0000][1][safepoint    ] Leaving safepoint region
[2019-12-09T07:02:35.833+0000][1][safepoint    ] Total time for which application threads were stopped: 0.0000865 seconds, Stopping threads took: 0.0000157 seconds
[2019-12-09T07:02:36.834+0000][1][safepoint    ] Application time: 1.0000743 seconds
[2019-12-09T07:02:36.834+0000][1][safepoint    ] Entering safepoint region: Cleanup
[2019-12-09T07:02:36.834+0000][1][safepoint    ] Leaving safepoint region
[2019-12-09T07:02:36.834+0000][1][safepoint    ] Total time for which application threads were stopped: 0.0001172 seconds, Stopping threads took: 0.0000168 seconds
[2019-12-09T07:02:37.834+0000][1][safepoint    ] Application time: 1.0000762 seconds
[2019-12-09T07:02:37.834+0000][1][safepoint    ] Entering safepoint region: Cleanup
[2019-12-09T07:02:37.834+0000][1][safepoint    ] Leaving safepoint region
[2019-12-09T07:02:37.834+0000][1][safepoint    ] Total time for which application threads were stopped: 0.0001006 seconds, Stopping threads took: 0.0000172 seconds
[2019-12-09T07:02:38.837+0000][1][safepoint    ] Application time: 1.0027820 seconds
[2019-12-09T07:02:38.837+0000][1][safepoint    ] Entering safepoint region: Cleanup
[2019-12-09T07:02:38.837+0000][1][safepoint    ] Leaving safepoint region
[2019-12-09T07:02:38.837+0000][1][safepoint    ] Total time for which application threads were stopped: 0.0001584 seconds, Stopping threads took: 0.0000263 seconds
[2019-12-09T07:02:39.837+0000][1][safepoint    ] Application time: 1.0000786 seconds
[2019-12-09T07:02:39.837+0000][1][safepoint    ] Entering safepoint region: Cleanup
[2019-12-09T07:02:39.837+0000][1][safepoint    ] Leaving safepoint region
[2019-12-09T07:02:39.837+0000][1][safepoint    ] Total time for which application threads were stopped: 0.0001010 seconds, Stopping threads took: 0.0000165 seconds
[2019-12-09T07:02:40.823+0000][1][safepoint    ] Application time: 0.9862915 seconds
[2019-12-09T07:02:40.823+0000][1][safepoint    ] Entering safepoint region: GenCollectForAllocation
[2019-12-09T07:02:40.824+0000][1][gc,start     ] GC(26) Pause Young (Allocation Failure)
[2019-12-09T07:02:40.824+0000][1][gc,task      ] GC(26) Using 2 workers of 2 for evacuation
[2019-12-09T07:02:40.833+0000][1][gc,age       ] GC(26) Desired survivor size 4456448 bytes, new threshold 3 (max threshold 6)
[2019-12-09T07:02:40.833+0000][1][gc,age       ] GC(26) Age table with threshold 3 (max threshold 6)
[2019-12-09T07:02:40.833+0000][1][gc,age       ] GC(26) - age   1:    1596080 bytes,    1596080 total
[2019-12-09T07:02:40.833+0000][1][gc,age       ] GC(26) - age   2:     800192 bytes,    2396272 total
[2019-12-09T07:02:40.833+0000][1][gc,age       ] GC(26) - age   3:    2165424 bytes,    4561696 total
[2019-12-09T07:02:40.833+0000][1][gc,heap      ] GC(26) ParNew: 75995K->5416K(78656K)
[2019-12-09T07:02:40.833+0000][1][gc,heap      ] GC(26) CMS: 67322K->67322K(174784K)
[2019-12-09T07:02:40.833+0000][1][gc,metaspace ] GC(26) Metaspace: 74584K->74584K(1118208K)
[2019-12-09T07:02:40.833+0000][1][gc           ] GC(26) Pause Young (Allocation Failure) 139M->71M(247M) 9.610ms
[2019-12-09T07:02:40.833+0000][1][gc,cpu       ] GC(26) User=0.02s Sys=0.00s Real=0.01s
[2019-12-09T07:02:40.833+0000][1][safepoint    ] Leaving safepoint region
[2019-12-09T07:02:40.833+0000][1][safepoint    ] Total time for which application threads were stopped: 0.0097948 seconds, Stopping threads took: 0.0000236 seconds
[2019-12-09T07:02:40.835+0000][1][safepoint    ] Application time: 0.0019437 seconds
[2019-12-09T07:02:40.835+0000][1][safepoint    ] Entering safepoint region: RevokeBias
[2019-12-09T07:02:40.835+0000][1][safepoint    ] Leaving safepoint region
[2019-12-09T07:02:40.835+0000][1][safepoint    ] Total time for which application threads were stopped: 0.0001262 seconds, Stopping threads took: 0.0000198 seconds
[2019-12-09T07:02:40.835+0000][1][safepoint    ] Application time: 0.0000651 seconds
[2019-12-09T07:02:40.835+0000][1][safepoint    ] Entering safepoint region: RevokeBias
[2019-12-09T07:02:40.836+0000][1][safepoint    ] Leaving safepoint region
[2019-12-09T07:02:40.836+0000][1][safepoint    ] Total time for which application threads were stopped: 0.0000851 seconds, Stopping threads took: 0.0000108 seconds
[2019-12-09T07:02:40.836+0000][1][safepoint    ] Application time: 0.0000839 seconds
[2019-12-09T07:02:40.836+0000][1][safepoint    ] Entering safepoint region: RevokeBias
[2019-12-09T07:02:40.836+0000][1][safepoint    ] Leaving safepoint region
[2019-12-09T07:02:40.836+0000][1][safepoint    ] Total time for which application threads were stopped: 0.0000844 seconds, Stopping threads took: 0.0000090 seconds
[2019-12-09T07:02:40.836+0000][1][safepoint    ] Application time: 0.0000694 seconds
[2019-12-09T07:02:40.836+0000][1][safepoint    ] Entering safepoint region: RevokeBias
[2019-12-09T07:02:40.836+0000][1][safepoint    ] Leaving safepoint region
[2019-12-09T07:02:40.836+0000][1][safepoint    ] Total time for which application threads were stopped: 0.0000785 seconds, Stopping threads took: 0.0000102 seconds
[2019-12-09T07:02:40.836+0000][1][safepoint    ] Application time: 0.0000947 seconds
[2019-12-09T07:02:40.836+0000][1][safepoint    ] Entering safepoint region: RevokeBias
[2019-12-09T07:02:40.836+0000][1][safepoint    ] Leaving safepoint region
[2019-12-09T07:02:40.836+0000][1][safepoint    ] Total time for which application threads were stopped: 0.0000875 seconds, Stopping threads took: 0.0000108 seconds
[2019-12-09T07:02:41.836+0000][1][safepoint    ] Application time: 1.0000788 seconds
[2019-12-09T07:02:41.836+0000][1][safepoint    ] Entering safepoint region: Cleanup
[2019-12-09T07:02:41.836+0000][1][safepoint    ] Leaving safepoint region
[2019-12-09T07:02:41.836+0000][1][safepoint    ] Total time for which application threads were stopped: 0.0001101 seconds, Stopping threads took: 0.0000181 seconds
[2019-12-09T07:02:42.836+0000][1][safepoint    ] Application time: 1.0000756 seconds
[2019-12-09T07:02:42.836+0000][1][safepoint    ] Entering safepoint region: Cleanup
[2019-12-09T07:02:42.837+0000][1][safepoint    ] Leaving safepoint region
[2019-12-09T07:02:42.837+0000][1][safepoint    ] Total time for which application threads were stopped: 0.0000888 seconds, Stopping threads took: 0.0000167 seconds
[2019-12-09T07:02:43.837+0000][1][safepoint    ] Application time: 1.0000750 seconds
[2019-12-09T07:02:43.837+0000][1][safepoint    ] Entering safepoint region: Cleanup
[2019-12-09T07:02:43.837+0000][1][safepoint    ] Leaving safepoint region
[2019-12-09T07:02:43.837+0000][1][safepoint    ] Total time for which application threads were stopped: 0.0001310 seconds, Stopping threads took: 0.0000259 seconds
[2019-12-09T07:02:44.837+0000][1][safepoint    ] Application time: 1.0000724 seconds
[2019-12-09T07:02:44.837+0000][1][safepoint    ] Entering safepoint region: Cleanup
[2019-12-09T07:02:44.837+0000][1][safepoint    ] Leaving safepoint region
[2019-12-09T07:02:44.837+0000][1][safepoint    ] Total time for which application threads were stopped: 0.0001011 seconds, Stopping threads took: 0.0000172 seconds
[2019-12-09T07:02:45.837+0000][1][safepoint    ] Application time: 1.0000791 seconds
[2019-12-09T07:02:45.837+0000][1][safepoint    ] Entering safepoint region: Cleanup
[2019-12-09T07:02:45.837+0000][1][safepoint    ] Leaving safepoint region
[2019-12-09T07:02:45.837+0000][1][safepoint    ] Total time for which application threads were stopped: 0.0001309 seconds, Stopping threads took: 0.0000445 seconds
[2019-12-09T07:02:46.837+0000][1][safepoint    ] Application time: 1.0000835 seconds
[2019-12-09T07:02:46.837+0000][1][safepoint    ] Entering safepoint region: Cleanup
[2019-12-09T07:02:46.837+0000][1][safepoint    ] Leaving safepoint region
[2019-12-09T07:02:46.837+0000][1][safepoint    ] Total time for which application threads were stopped: 0.0001013 seconds, Stopping threads took: 0.0000160 seconds
[2019-12-09T07:02:47.838+0000][1][safepoint    ] Application time: 1.0000777 seconds
[2019-12-09T07:02:47.838+0000][1][safepoint    ] Entering safepoint region: Cleanup
[2019-12-09T07:02:47.838+0000][1][safepoint    ] Leaving safepoint region
[2019-12-09T07:02:47.838+0000][1][safepoint    ] Total time for which application threads were stopped: 0.0000921 seconds, Stopping threads took: 0.0000167 seconds
[2019-12-09T07:02:48.838+0000][1][safepoint    ] Application time: 1.0000853 seconds
[2019-12-09T07:02:48.838+0000][1][safepoint    ] Entering safepoint region: Cleanup
[2019-12-09T07:02:48.838+0000][1][safepoint    ] Leaving safepoint region
[2019-12-09T07:02:48.838+0000][1][safepoint    ] Total time for which application threads were stopped: 0.0000920 seconds, Stopping threads took: 0.0000170 seconds
[2019-12-09T07:02:49.838+0000][1][safepoint    ] Application time: 1.0000719 seconds
[2019-12-09T07:02:49.838+0000][1][safepoint    ] Entering safepoint region: Cleanup
[2019-12-09T07:02:49.838+0000][1][safepoint    ] Leaving safepoint region
[2019-12-09T07:02:49.838+0000][1][safepoint    ] Total time for which application threads were stopped: 0.0000937 seconds, Stopping threads took: 0.0000187 seconds
[2019-12-09T07:02:50.838+0000][1][safepoint    ] Application time: 1.0000853 seconds
[2019-12-09T07:02:50.838+0000][1][safepoint    ] Entering safepoint region: Cleanup
[2019-12-09T07:02:50.838+0000][1][safepoint    ] Leaving safepoint region
[2019-12-09T07:02:50.838+0000][1][safepoint    ] Total time for which application threads were stopped: 0.0001625 seconds, Stopping threads took: 0.0000434 seconds
[2019-12-09T07:02:51.838+0000][1][safepoint    ] Application time: 1.0000855 seconds
[2019-12-09T07:02:51.839+0000][1][safepoint    ] Entering safepoint region: Cleanup
[2019-12-09T07:02:51.839+0000][1][safepoint    ] Leaving safepoint region
[2019-12-09T07:02:51.839+0000][1][safepoint    ] Total time for which application threads were stopped: 0.0001014 seconds, Stopping threads took: 0.0000169 seconds
[2019-12-09T07:02:52.839+0000][1][safepoint    ] Application time: 1.0000883 seconds
[2019-12-09T07:02:52.839+0000][1][safepoint    ] Entering safepoint region: Cleanup
[2019-12-09T07:02:52.839+0000][1][safepoint    ] Leaving safepoint region
[2019-12-09T07:02:52.839+0000][1][safepoint    ] Total time for which application threads were stopped: 0.0000963 seconds, Stopping threads took: 0.0000190 seconds
[2019-12-09T07:02:53.839+0000][1][safepoint    ] Application time: 1.0000785 seconds
[2019-12-09T07:02:53.839+0000][1][safepoint    ] Entering safepoint region: Cleanup
[2019-12-09T07:02:53.839+0000][1][safepoint    ] Leaving safepoint region
[2019-12-09T07:02:53.839+0000][1][safepoint    ] Total time for which application threads were stopped: 0.0001126 seconds, Stopping threads took: 0.0000181 seconds
[2019-12-09T07:02:54.839+0000][1][safepoint    ] Application time: 1.0000739 seconds
[2019-12-09T07:02:54.839+0000][1][safepoint    ] Entering safepoint region: Cleanup
[2019-12-09T07:02:54.839+0000][1][safepoint    ] Leaving safepoint region
[2019-12-09T07:02:54.839+0000][1][safepoint    ] Total time for which application threads were stopped: 0.0000934 seconds, Stopping threads took: 0.0000195 seconds
[2019-12-09T07:02:55.839+0000][1][safepoint    ] Application time: 1.0000741 seconds
[2019-12-09T07:02:55.839+0000][1][safepoint    ] Entering safepoint region: Cleanup
[2019-12-09T07:02:55.839+0000][1][safepoint    ] Leaving safepoint region
[2019-12-09T07:02:55.839+0000][1][safepoint    ] Total time for which application threads were stopped: 0.0000897 seconds, Stopping threads took: 0.0000155 seconds
[2019-12-09T07:02:56.840+0000][1][safepoint    ] Application time: 1.0000760 seconds
[2019-12-09T07:02:56.840+0000][1][safepoint    ] Entering safepoint region: Cleanup
[2019-12-09T07:02:56.840+0000][1][safepoint    ] Leaving safepoint region
[2019-12-09T07:02:56.840+0000][1][safepoint    ] Total time for which application threads were stopped: 0.0000929 seconds, Stopping threads took: 0.0000154 seconds
[2019-12-09T07:02:57.840+0000][1][safepoint    ] Application time: 1.0000860 seconds
[2019-12-09T07:02:57.840+0000][1][safepoint    ] Entering safepoint region: Cleanup
[2019-12-09T07:02:57.840+0000][1][safepoint    ] Leaving safepoint region
[2019-12-09T07:02:57.840+0000][1][safepoint    ] Total time for which application threads were stopped: 0.0000904 seconds, Stopping threads took: 0.0000179 seconds
[2019-12-09T07:02:58.840+0000][1][safepoint    ] Application time: 1.0000779 seconds
[2019-12-09T07:02:58.840+0000][1][safepoint    ] Entering safepoint region: Cleanup
[2019-12-09T07:02:58.840+0000][1][safepoint    ] Leaving safepoint region
[2019-12-09T07:02:58.840+0000][1][safepoint    ] Total time for which application threads were stopped: 0.0000921 seconds, Stopping threads took: 0.0000170 seconds
[2019-12-09T07:02:59.840+0000][1][safepoint    ] Application time: 1.0000758 seconds
[2019-12-09T07:02:59.840+0000][1][safepoint    ] Entering safepoint region: Cleanup
[2019-12-09T07:02:59.840+0000][1][safepoint    ] Leaving safepoint region
[2019-12-09T07:02:59.840+0000][1][safepoint    ] Total time for which application threads were stopped: 0.0000876 seconds, Stopping threads took: 0.0000152 seconds
[2019-12-09T07:03:00.840+0000][1][safepoint    ] Application time: 1.0000864 seconds
[2019-12-09T07:03:00.840+0000][1][safepoint    ] Entering safepoint region: Cleanup
[2019-12-09T07:03:00.841+0000][1][safepoint    ] Leaving safepoint region
[2019-12-09T07:03:00.841+0000][1][safepoint    ] Total time for which application threads were stopped: 0.0001319 seconds, Stopping threads took: 0.0000232 seconds
[2019-12-09T07:03:01.841+0000][1][safepoint    ] Application time: 1.0000818 seconds
[2019-12-09T07:03:01.841+0000][1][safepoint    ] Entering safepoint region: Cleanup
[2019-12-09T07:03:01.841+0000][1][safepoint    ] Leaving safepoint region
[2019-12-09T07:03:01.841+0000][1][safepoint    ] Total time for which application threads were stopped: 0.0001103 seconds, Stopping threads took: 0.0000196 seconds
[2019-12-09T07:03:02.841+0000][1][safepoint    ] Application time: 1.0002928 seconds
[2019-12-09T07:03:02.841+0000][1][safepoint    ] Entering safepoint region: Cleanup
[2019-12-09T07:03:02.841+0000][1][safepoint    ] Leaving safepoint region
[2019-12-09T07:03:02.841+0000][1][safepoint    ] Total time for which application threads were stopped: 0.0001148 seconds, Stopping threads took: 0.0000236 seconds
[2019-12-09T07:03:03.841+0000][1][safepoint    ] Application time: 1.0000787 seconds
[2019-12-09T07:03:03.841+0000][1][safepoint    ] Entering safepoint region: Cleanup
[2019-12-09T07:03:03.842+0000][1][safepoint    ] Leaving safepoint region
[2019-12-09T07:03:03.842+0000][1][safepoint    ] Total time for which application threads were stopped: 0.0001292 seconds, Stopping threads took: 0.0000245 seconds
[2019-12-09T07:03:04.842+0000][1][safepoint    ] Application time: 1.0000757 seconds
[2019-12-09T07:03:04.842+0000][1][safepoint    ] Entering safepoint region: Cleanup
[2019-12-09T07:03:04.842+0000][1][safepoint    ] Leaving safepoint region
[2019-12-09T07:03:04.842+0000][1][safepoint    ] Total time for which application threads were stopped: 0.0001058 seconds, Stopping threads took: 0.0000187 seconds
[2019-12-09T07:03:05.842+0000][1][safepoint    ] Application time: 1.0000780 seconds
[2019-12-09T07:03:05.842+0000][1][safepoint    ] Entering safepoint region: Cleanup
[2019-12-09T07:03:05.842+0000][1][safepoint    ] Leaving safepoint region
[2019-12-09T07:03:05.842+0000][1][safepoint    ] Total time for which application threads were stopped: 0.0000864 seconds, Stopping threads took: 0.0000172 seconds
[2019-12-09T07:03:06.842+0000][1][safepoint    ] Application time: 1.0000777 seconds
[2019-12-09T07:03:06.842+0000][1][safepoint    ] Entering safepoint region: Cleanup
[2019-12-09T07:03:06.842+0000][1][safepoint    ] Leaving safepoint region
[2019-12-09T07:03:06.842+0000][1][safepoint    ] Total time for which application threads were stopped: 0.0000966 seconds, Stopping threads took: 0.0000174 seconds
[2019-12-09T07:03:07.842+0000][1][safepoint    ] Application time: 1.0000748 seconds
[2019-12-09T07:03:07.842+0000][1][safepoint    ] Entering safepoint region: Cleanup
[2019-12-09T07:03:07.842+0000][1][safepoint    ] Leaving safepoint region
[2019-12-09T07:03:07.842+0000][1][safepoint    ] Total time for which application threads were stopped: 0.0000960 seconds, Stopping threads took: 0.0000191 seconds
[2019-12-09T07:03:08.842+0000][1][safepoint    ] Application time: 1.0000768 seconds
[2019-12-09T07:03:08.843+0000][1][safepoint    ] Entering safepoint region: Cleanup
[2019-12-09T07:03:08.843+0000][1][safepoint    ] Leaving safepoint region
[2019-12-09T07:03:08.843+0000][1][safepoint    ] Total time for which application threads were stopped: 0.0000919 seconds, Stopping threads took: 0.0000169 seconds
[2019-12-09T07:03:09.843+0000][1][safepoint    ] Application time: 1.0001049 seconds
[2019-12-09T07:03:09.843+0000][1][safepoint    ] Entering safepoint region: Cleanup
[2019-12-09T07:03:09.843+0000][1][safepoint    ] Leaving safepoint region
[2019-12-09T07:03:09.843+0000][1][safepoint    ] Total time for which application threads were stopped: 0.0001300 seconds, Stopping threads took: 0.0000249 seconds
[2019-12-09T07:03:10.843+0000][1][safepoint    ] Application time: 1.0000774 seconds
[2019-12-09T07:03:10.843+0000][1][safepoint    ] Entering safepoint region: Cleanup
[2019-12-09T07:03:10.843+0000][1][safepoint    ] Leaving safepoint region
[2019-12-09T07:03:10.843+0000][1][safepoint    ] Total time for which application threads were stopped: 0.0000899 seconds, Stopping threads took: 0.0000155 seconds
[2019-12-09T07:03:11.843+0000][1][safepoint    ] Application time: 1.0000765 seconds
[2019-12-09T07:03:11.843+0000][1][safepoint    ] Entering safepoint region: Cleanup
[2019-12-09T07:03:11.843+0000][1][safepoint    ] Leaving safepoint region
[2019-12-09T07:03:11.843+0000][1][safepoint    ] Total time for which application threads were stopped: 0.0000953 seconds, Stopping threads took: 0.0000166 seconds
[2019-12-09T07:03:12.843+0000][1][safepoint    ] Application time: 1.0000766 seconds
[2019-12-09T07:03:12.843+0000][1][safepoint    ] Entering safepoint region: Cleanup
[2019-12-09T07:03:12.843+0000][1][safepoint    ] Leaving safepoint region
[2019-12-09T07:03:12.843+0000][1][safepoint    ] Total time for which application threads were stopped: 0.0000866 seconds, Stopping threads took: 0.0000168 seconds
[2019-12-09T07:03:13.844+0000][1][safepoint    ] Application time: 1.0000766 seconds
[2019-12-09T07:03:13.844+0000][1][safepoint    ] Entering safepoint region: Cleanup
[2019-12-09T07:03:13.844+0000][1][safepoint    ] Leaving safepoint region
[2019-12-09T07:03:13.844+0000][1][safepoint    ] Total time for which application threads were stopped: 0.0001220 seconds, Stopping threads took: 0.0000261 seconds
[2019-12-09T07:03:14.844+0000][1][safepoint    ] Application time: 1.0000797 seconds
[2019-12-09T07:03:14.844+0000][1][safepoint    ] Entering safepoint region: Cleanup
[2019-12-09T07:03:14.844+0000][1][safepoint    ] Leaving safepoint region
[2019-12-09T07:03:14.844+0000][1][safepoint    ] Total time for which application threads were stopped: 0.0000892 seconds, Stopping threads took: 0.0000181 seconds
[2019-12-09T07:03:15.844+0000][1][safepoint    ] Application time: 1.0000750 seconds
[2019-12-09T07:03:15.844+0000][1][safepoint    ] Entering safepoint region: Cleanup
[2019-12-09T07:03:15.844+0000][1][safepoint    ] Leaving safepoint region
[2019-12-09T07:03:15.844+0000][1][safepoint    ] Total time for which application threads were stopped: 0.0000843 seconds, Stopping threads took: 0.0000173 seconds
[2019-12-09T07:03:16.844+0000][1][safepoint    ] Application time: 1.0000754 seconds
[2019-12-09T07:03:16.844+0000][1][safepoint    ] Entering safepoint region: Cleanup
[2019-12-09T07:03:16.844+0000][1][safepoint    ] Leaving safepoint region
[2019-12-09T07:03:16.844+0000][1][safepoint    ] Total time for which application threads were stopped: 0.0000924 seconds, Stopping threads took: 0.0000165 seconds
[2019-12-09T07:03:17.844+0000][1][safepoint    ] Application time: 1.0000834 seconds
[2019-12-09T07:03:17.844+0000][1][safepoint    ] Entering safepoint region: Cleanup
[2019-12-09T07:03:17.845+0000][1][safepoint    ] Leaving safepoint region
[2019-12-09T07:03:17.845+0000][1][safepoint    ] Total time for which application threads were stopped: 0.0001234 seconds, Stopping threads took: 0.0000258 seconds
[2019-12-09T07:03:18.851+0000][1][safepoint    ] Application time: 1.0067740 seconds
[2019-12-09T07:03:18.851+0000][1][safepoint    ] Entering safepoint region: Cleanup
[2019-12-09T07:03:18.852+0000][1][safepoint    ] Leaving safepoint region
[2019-12-09T07:03:18.852+0000][1][safepoint    ] Total time for which application threads were stopped: 0.0001144 seconds, Stopping threads took: 0.0000220 seconds
[2019-12-09T07:03:19.852+0000][1][safepoint    ] Application time: 1.0000886 seconds
[2019-12-09T07:03:19.852+0000][1][safepoint    ] Entering safepoint region: Cleanup
[2019-12-09T07:03:19.852+0000][1][safepoint    ] Leaving safepoint region
[2019-12-09T07:03:19.852+0000][1][safepoint    ] Total time for which application threads were stopped: 0.0001017 seconds, Stopping threads took: 0.0000217 seconds
[2019-12-09T07:03:20.852+0000][1][safepoint    ] Application time: 1.0000764 seconds
[2019-12-09T07:03:20.852+0000][1][safepoint    ] Entering safepoint region: Cleanup
[2019-12-09T07:03:20.852+0000][1][safepoint    ] Leaving safepoint region
[2019-12-09T07:03:20.852+0000][1][safepoint    ] Total time for which application threads were stopped: 0.0000911 seconds, Stopping threads took: 0.0000181 seconds
[2019-12-09T07:03:21.852+0000][1][safepoint    ] Application time: 1.0000785 seconds
[2019-12-09T07:03:21.852+0000][1][safepoint    ] Entering safepoint region: Cleanup
[2019-12-09T07:03:21.852+0000][1][safepoint    ] Leaving safepoint region
[2019-12-09T07:03:21.852+0000][1][safepoint    ] Total time for which application threads were stopped: 0.0001059 seconds, Stopping threads took: 0.0000186 seconds
[2019-12-09T07:03:21.857+0000][1][safepoint    ] Application time: 0.0050068 seconds
[2019-12-09T07:03:21.857+0000][1][safepoint    ] Entering safepoint region: GenCollectForAllocation
[2019-12-09T07:03:21.857+0000][1][gc,start     ] GC(27) Pause Young (Allocation Failure)
[2019-12-09T07:03:21.857+0000][1][gc,task      ] GC(27) Using 2 workers of 2 for evacuation
[2019-12-09T07:03:21.869+0000][1][gc,age       ] GC(27) Desired survivor size 4456448 bytes, new threshold 6 (max threshold 6)
[2019-12-09T07:03:21.869+0000][1][gc,age       ] GC(27) Age table with threshold 6 (max threshold 6)
[2019-12-09T07:03:21.869+0000][1][gc,age       ] GC(27) - age   1:     865688 bytes,     865688 total
[2019-12-09T07:03:21.869+0000][1][gc,age       ] GC(27) - age   2:     685448 bytes,    1551136 total
[2019-12-09T07:03:21.869+0000][1][gc,age       ] GC(27) - age   3:     799904 bytes,    2351040 total
[2019-12-09T07:03:21.869+0000][1][gc,heap      ] GC(27) ParNew: 75368K->4018K(78656K)
[2019-12-09T07:03:21.869+0000][1][gc,heap      ] GC(27) CMS: 67322K->69485K(174784K)
[2019-12-09T07:03:21.869+0000][1][gc,metaspace ] GC(27) Metaspace: 74769K->74769K(1118208K)
[2019-12-09T07:03:21.869+0000][1][gc           ] GC(27) Pause Young (Allocation Failure) 139M->71M(247M) 11.254ms
[2019-12-09T07:03:21.869+0000][1][gc,cpu       ] GC(27) User=0.02s Sys=0.00s Real=0.01s
[2019-12-09T07:03:21.869+0000][1][safepoint    ] Leaving safepoint region
[2019-12-09T07:03:21.869+0000][1][safepoint    ] Total time for which application threads were stopped: 0.0113985 seconds, Stopping threads took: 0.0000171 seconds
[2019-12-09T07:03:22.869+0000][1][safepoint    ] Application time: 1.0000999 seconds
[2019-12-09T07:03:22.869+0000][1][safepoint    ] Entering safepoint region: Cleanup
[2019-12-09T07:03:22.869+0000][1][safepoint    ] Leaving safepoint region
[2019-12-09T07:03:22.869+0000][1][safepoint    ] Total time for which application threads were stopped: 0.0001205 seconds, Stopping threads took: 0.0000176 seconds
[2019-12-09T07:03:23.869+0000][1][safepoint    ] Application time: 1.0000807 seconds
[2019-12-09T07:03:23.869+0000][1][safepoint    ] Entering safepoint region: Cleanup
[2019-12-09T07:03:23.869+0000][1][safepoint    ] Leaving safepoint region
[2019-12-09T07:03:23.869+0000][1][safepoint    ] Total time for which application threads were stopped: 0.0000935 seconds, Stopping threads took: 0.0000196 seconds
[2019-12-09T07:03:24.869+0000][1][safepoint    ] Application time: 1.0000785 seconds
[2019-12-09T07:03:24.869+0000][1][safepoint    ] Entering safepoint region: Cleanup
[2019-12-09T07:03:24.869+0000][1][safepoint    ] Leaving safepoint region
[2019-12-09T07:03:24.869+0000][1][safepoint    ] Total time for which application threads were stopped: 0.0000990 seconds, Stopping threads took: 0.0000198 seconds
[2019-12-09T07:03:25.869+0000][1][safepoint    ] Application time: 1.0000767 seconds
[2019-12-09T07:03:25.870+0000][1][safepoint    ] Entering safepoint region: Cleanup
[2019-12-09T07:03:25.870+0000][1][safepoint    ] Leaving safepoint region
[2019-12-09T07:03:25.870+0000][1][safepoint    ] Total time for which application threads were stopped: 0.0000907 seconds, Stopping threads took: 0.0000192 seconds
[2019-12-09T07:03:26.870+0000][1][safepoint    ] Application time: 1.0000790 seconds
[2019-12-09T07:03:26.870+0000][1][safepoint    ] Entering safepoint region: Cleanup
[2019-12-09T07:03:26.870+0000][1][safepoint    ] Leaving safepoint region
[2019-12-09T07:03:26.870+0000][1][safepoint    ] Total time for which application threads were stopped: 0.0000953 seconds, Stopping threads took: 0.0000213 seconds
[2019-12-09T07:03:27.870+0000][1][safepoint    ] Application time: 1.0000785 seconds
[2019-12-09T07:03:27.870+0000][1][safepoint    ] Entering safepoint region: Cleanup
[2019-12-09T07:03:27.870+0000][1][safepoint    ] Leaving safepoint region
[2019-12-09T07:03:27.870+0000][1][safepoint    ] Total time for which application threads were stopped: 0.0001065 seconds, Stopping threads took: 0.0000214 seconds
[2019-12-09T07:03:28.870+0000][1][safepoint    ] Application time: 1.0000773 seconds
[2019-12-09T07:03:28.870+0000][1][safepoint    ] Entering safepoint region: Cleanup
[2019-12-09T07:03:28.870+0000][1][safepoint    ] Leaving safepoint region
[2019-12-09T07:03:28.870+0000][1][safepoint    ] Total time for which application threads were stopped: 0.0000985 seconds, Stopping threads took: 0.0000199 seconds
[2019-12-09T07:03:29.870+0000][1][safepoint    ] Application time: 1.0000761 seconds
[2019-12-09T07:03:29.870+0000][1][safepoint    ] Entering safepoint region: Cleanup
[2019-12-09T07:03:29.870+0000][1][safepoint    ] Leaving safepoint region
[2019-12-09T07:03:29.870+0000][1][safepoint    ] Total time for which application threads were stopped: 0.0001094 seconds, Stopping threads took: 0.0000209 seconds
[2019-12-09T07:03:30.871+0000][1][safepoint    ] Application time: 1.0000776 seconds
[2019-12-09T07:03:30.871+0000][1][safepoint    ] Entering safepoint region: Cleanup
[2019-12-09T07:03:30.871+0000][1][safepoint    ] Leaving safepoint region
[2019-12-09T07:03:30.871+0000][1][safepoint    ] Total time for which application threads were stopped: 0.0001087 seconds, Stopping threads took: 0.0000167 seconds
[2019-12-09T07:03:31.871+0000][1][safepoint    ] Application time: 1.0000773 seconds
[2019-12-09T07:03:31.871+0000][1][safepoint    ] Entering safepoint region: Cleanup
[2019-12-09T07:03:31.871+0000][1][safepoint    ] Leaving safepoint region
[2019-12-09T07:03:31.871+0000][1][safepoint    ] Total time for which application threads were stopped: 0.0001026 seconds, Stopping threads took: 0.0000187 seconds
[2019-12-09T07:03:32.871+0000][1][safepoint    ] Application time: 1.0000763 seconds
[2019-12-09T07:03:32.871+0000][1][safepoint    ] Entering safepoint region: Cleanup
[2019-12-09T07:03:32.871+0000][1][safepoint    ] Leaving safepoint region
[2019-12-09T07:03:32.871+0000][1][safepoint    ] Total time for which application threads were stopped: 0.0001071 seconds, Stopping threads took: 0.0000201 seconds
[2019-12-09T07:03:33.871+0000][1][safepoint    ] Application time: 1.0000773 seconds
[2019-12-09T07:03:33.871+0000][1][safepoint    ] Entering safepoint region: Cleanup
[2019-12-09T07:03:33.871+0000][1][safepoint    ] Leaving safepoint region
[2019-12-09T07:03:33.871+0000][1][safepoint    ] Total time for which application threads were stopped: 0.0000952 seconds, Stopping threads took: 0.0000203 seconds
[2019-12-09T07:03:34.871+0000][1][safepoint    ] Application time: 1.0000763 seconds
[2019-12-09T07:03:34.872+0000][1][safepoint    ] Entering safepoint region: Cleanup
[2019-12-09T07:03:34.872+0000][1][safepoint    ] Leaving safepoint region
[2019-12-09T07:03:34.872+0000][1][safepoint    ] Total time for which application threads were stopped: 0.0001473 seconds, Stopping threads took: 0.0000366 seconds
[2019-12-09T07:03:35.872+0000][1][safepoint    ] Application time: 1.0000878 seconds
[2019-12-09T07:03:35.872+0000][1][safepoint    ] Entering safepoint region: Cleanup
[2019-12-09T07:03:35.872+0000][1][safepoint    ] Leaving safepoint region
[2019-12-09T07:03:35.872+0000][1][safepoint    ] Total time for which application threads were stopped: 0.0000888 seconds, Stopping threads took: 0.0000170 seconds
[2019-12-09T07:03:36.872+0000][1][safepoint    ] Application time: 1.0000755 seconds
[2019-12-09T07:03:36.872+0000][1][safepoint    ] Entering safepoint region: Cleanup
[2019-12-09T07:03:36.872+0000][1][safepoint    ] Leaving safepoint region
[2019-12-09T07:03:36.872+0000][1][safepoint    ] Total time for which application threads were stopped: 0.0001034 seconds, Stopping threads took: 0.0000191 seconds
[2019-12-09T07:03:37.872+0000][1][safepoint    ] Application time: 1.0000753 seconds
[2019-12-09T07:03:37.872+0000][1][safepoint    ] Entering safepoint region: Cleanup
[2019-12-09T07:03:37.872+0000][1][safepoint    ] Leaving safepoint region
[2019-12-09T07:03:37.872+0000][1][safepoint    ] Total time for which application threads were stopped: 0.0001011 seconds, Stopping threads took: 0.0000210 seconds
[2019-12-09T07:03:38.872+0000][1][safepoint    ] Application time: 1.0000755 seconds
[2019-12-09T07:03:38.872+0000][1][safepoint    ] Entering safepoint region: Cleanup
[2019-12-09T07:03:38.873+0000][1][safepoint    ] Leaving safepoint region
[2019-12-09T07:03:38.873+0000][1][safepoint    ] Total time for which application threads were stopped: 0.0001061 seconds, Stopping threads took: 0.0000213 seconds
[2019-12-09T07:03:39.873+0000][1][safepoint    ] Application time: 1.0000751 seconds
[2019-12-09T07:03:39.873+0000][1][safepoint    ] Entering safepoint region: Cleanup
[2019-12-09T07:03:39.873+0000][1][safepoint    ] Leaving safepoint region
[2019-12-09T07:03:39.873+0000][1][safepoint    ] Total time for which application threads were stopped: 0.0001192 seconds, Stopping threads took: 0.0000381 seconds
[2019-12-09T07:03:40.873+0000][1][safepoint    ] Application time: 1.0000759 seconds
[2019-12-09T07:03:40.873+0000][1][safepoint    ] Entering safepoint region: Cleanup
[2019-12-09T07:03:40.873+0000][1][safepoint    ] Leaving safepoint region
[2019-12-09T07:03:40.873+0000][1][safepoint    ] Total time for which application threads were stopped: 0.0000991 seconds, Stopping threads took: 0.0000174 seconds
[2019-12-09T07:03:41.873+0000][1][safepoint    ] Application time: 1.0000756 seconds
[2019-12-09T07:03:41.873+0000][1][safepoint    ] Entering safepoint region: Cleanup
[2019-12-09T07:03:41.873+0000][1][safepoint    ] Leaving safepoint region
[2019-12-09T07:03:41.873+0000][1][safepoint    ] Total time for which application threads were stopped: 0.0000946 seconds, Stopping threads took: 0.0000187 seconds
[2019-12-09T07:03:42.873+0000][1][safepoint    ] Application time: 1.0000771 seconds
[2019-12-09T07:03:42.873+0000][1][safepoint    ] Entering safepoint region: Cleanup
[2019-12-09T07:03:42.873+0000][1][safepoint    ] Leaving safepoint region
[2019-12-09T07:03:42.873+0000][1][safepoint    ] Total time for which application threads were stopped: 0.0001187 seconds, Stopping threads took: 0.0000336 seconds
[2019-12-09T07:03:43.875+0000][1][safepoint    ] Application time: 1.0012422 seconds
[2019-12-09T07:03:43.875+0000][1][safepoint    ] Entering safepoint region: Cleanup
[2019-12-09T07:03:43.875+0000][1][safepoint    ] Leaving safepoint region
[2019-12-09T07:03:43.875+0000][1][safepoint    ] Total time for which application threads were stopped: 0.0001382 seconds, Stopping threads took: 0.0000339 seconds
[2019-12-09T07:03:44.875+0000][1][safepoint    ] Application time: 1.0000773 seconds
[2019-12-09T07:03:44.875+0000][1][safepoint    ] Entering safepoint region: Cleanup
[2019-12-09T07:03:44.875+0000][1][safepoint    ] Leaving safepoint region
[2019-12-09T07:03:44.875+0000][1][safepoint    ] Total time for which application threads were stopped: 0.0001153 seconds, Stopping threads took: 0.0000314 seconds
[2019-12-09T07:03:45.875+0000][1][safepoint    ] Application time: 1.0000752 seconds
[2019-12-09T07:03:45.875+0000][1][safepoint    ] Entering safepoint region: Cleanup
[2019-12-09T07:03:45.875+0000][1][safepoint    ] Leaving safepoint region
[2019-12-09T07:03:45.875+0000][1][safepoint    ] Total time for which application threads were stopped: 0.0000927 seconds, Stopping threads took: 0.0000183 seconds
[2019-12-09T07:03:46.875+0000][1][safepoint    ] Application time: 1.0000778 seconds
[2019-12-09T07:03:46.875+0000][1][safepoint    ] Entering safepoint region: Cleanup
[2019-12-09T07:03:46.876+0000][1][safepoint    ] Leaving safepoint region
[2019-12-09T07:03:46.876+0000][1][safepoint    ] Total time for which application threads were stopped: 0.0001055 seconds, Stopping threads took: 0.0000216 seconds
[2019-12-09T07:03:47.876+0000][1][safepoint    ] Application time: 1.0000762 seconds
[2019-12-09T07:03:47.876+0000][1][safepoint    ] Entering safepoint region: Cleanup
[2019-12-09T07:03:47.876+0000][1][safepoint    ] Leaving safepoint region
[2019-12-09T07:03:47.876+0000][1][safepoint    ] Total time for which application threads were stopped: 0.0001055 seconds, Stopping threads took: 0.0000219 seconds
[2019-12-09T07:03:48.876+0000][1][safepoint    ] Application time: 1.0000776 seconds
[2019-12-09T07:03:48.876+0000][1][safepoint    ] Entering safepoint region: Cleanup
[2019-12-09T07:03:48.876+0000][1][safepoint    ] Leaving safepoint region
[2019-12-09T07:03:48.876+0000][1][safepoint    ] Total time for which application threads were stopped: 0.0001028 seconds, Stopping threads took: 0.0000222 seconds
[2019-12-09T07:03:49.876+0000][1][safepoint    ] Application time: 1.0000734 seconds
[2019-12-09T07:03:49.876+0000][1][safepoint    ] Entering safepoint region: Cleanup
[2019-12-09T07:03:49.876+0000][1][safepoint    ] Leaving safepoint region
[2019-12-09T07:03:49.876+0000][1][safepoint    ] Total time for which application threads were stopped: 0.0001183 seconds, Stopping threads took: 0.0000281 seconds
[2019-12-09T07:03:50.876+0000][1][safepoint    ] Application time: 1.0000769 seconds
[2019-12-09T07:03:50.876+0000][1][safepoint    ] Entering safepoint region: Cleanup
[2019-12-09T07:03:50.876+0000][1][safepoint    ] Leaving safepoint region
[2019-12-09T07:03:50.876+0000][1][safepoint    ] Total time for which application threads were stopped: 0.0000993 seconds, Stopping threads took: 0.0000177 seconds
[2019-12-09T07:03:51.877+0000][1][safepoint    ] Application time: 1.0000751 seconds
[2019-12-09T07:03:51.877+0000][1][safepoint    ] Entering safepoint region: Cleanup
[2019-12-09T07:03:51.877+0000][1][safepoint    ] Leaving safepoint region
[2019-12-09T07:03:51.877+0000][1][safepoint    ] Total time for which application threads were stopped: 0.0001191 seconds, Stopping threads took: 0.0000188 seconds
[2019-12-09T07:03:52.877+0000][1][safepoint    ] Application time: 1.0000759 seconds
[2019-12-09T07:03:52.877+0000][1][safepoint    ] Entering safepoint region: Cleanup
[2019-12-09T07:03:52.877+0000][1][safepoint    ] Leaving safepoint region
[2019-12-09T07:03:52.877+0000][1][safepoint    ] Total time for which application threads were stopped: 0.0000978 seconds, Stopping threads took: 0.0000252 seconds
[2019-12-09T07:03:53.877+0000][1][safepoint    ] Application time: 1.0000764 seconds
[2019-12-09T07:03:53.877+0000][1][safepoint    ] Entering safepoint region: Cleanup
[2019-12-09T07:03:53.877+0000][1][safepoint    ] Leaving safepoint region
[2019-12-09T07:03:53.877+0000][1][safepoint    ] Total time for which application threads were stopped: 0.0001016 seconds, Stopping threads took: 0.0000196 seconds
[2019-12-09T07:03:54.877+0000][1][safepoint    ] Application time: 1.0000788 seconds
[2019-12-09T07:03:54.877+0000][1][safepoint    ] Entering safepoint region: Cleanup
[2019-12-09T07:03:54.877+0000][1][safepoint    ] Leaving safepoint region
[2019-12-09T07:03:54.877+0000][1][safepoint    ] Total time for which application threads were stopped: 0.0000933 seconds, Stopping threads took: 0.0000217 seconds
[2019-12-09T07:03:55.877+0000][1][safepoint    ] Application time: 1.0000786 seconds
[2019-12-09T07:03:55.877+0000][1][safepoint    ] Entering safepoint region: Cleanup
[2019-12-09T07:03:55.878+0000][1][safepoint    ] Leaving safepoint region
[2019-12-09T07:03:55.878+0000][1][safepoint    ] Total time for which application threads were stopped: 0.0000862 seconds, Stopping threads took: 0.0000180 seconds
[2019-12-09T07:03:56.878+0000][1][safepoint    ] Application time: 1.0000763 seconds
[2019-12-09T07:03:56.878+0000][1][safepoint    ] Entering safepoint region: Cleanup
[2019-12-09T07:03:56.878+0000][1][safepoint    ] Leaving safepoint region
[2019-12-09T07:03:56.878+0000][1][safepoint    ] Total time for which application threads were stopped: 0.0000964 seconds, Stopping threads took: 0.0000200 seconds
[2019-12-09T07:03:57.878+0000][1][safepoint    ] Application time: 1.0000764 seconds
[2019-12-09T07:03:57.878+0000][1][safepoint    ] Entering safepoint region: Cleanup
[2019-12-09T07:03:57.878+0000][1][safepoint    ] Leaving safepoint region
[2019-12-09T07:03:57.878+0000][1][safepoint    ] Total time for which application threads were stopped: 0.0001033 seconds, Stopping threads took: 0.0000195 seconds
[2019-12-09T07:03:58.878+0000][1][safepoint    ] Application time: 1.0000769 seconds
[2019-12-09T07:03:58.878+0000][1][safepoint    ] Entering safepoint region: Cleanup
[2019-12-09T07:03:58.878+0000][1][safepoint    ] Leaving safepoint region
[2019-12-09T07:03:58.878+0000][1][safepoint    ] Total time for which application threads were stopped: 0.0001025 seconds, Stopping threads took: 0.0000172 seconds
[2019-12-09T07:03:59.878+0000][1][safepoint    ] Application time: 1.0000766 seconds
[2019-12-09T07:03:59.878+0000][1][safepoint    ] Entering safepoint region: Cleanup
[2019-12-09T07:03:59.878+0000][1][safepoint    ] Leaving safepoint region
[2019-12-09T07:03:59.878+0000][1][safepoint    ] Total time for which application threads were stopped: 0.0000971 seconds, Stopping threads took: 0.0000197 seconds
[2019-12-09T07:04:00.879+0000][1][safepoint    ] Application time: 1.0000774 seconds
[2019-12-09T07:04:00.879+0000][1][safepoint    ] Entering safepoint region: Cleanup
[2019-12-09T07:04:00.879+0000][1][safepoint    ] Leaving safepoint region
[2019-12-09T07:04:00.879+0000][1][safepoint    ] Total time for which application threads were stopped: 0.0000906 seconds, Stopping threads took: 0.0000188 seconds
[2019-12-09T07:04:01.879+0000][1][safepoint    ] Application time: 1.0000794 seconds
[2019-12-09T07:04:01.879+0000][1][safepoint    ] Entering safepoint region: Cleanup
[2019-12-09T07:04:01.879+0000][1][safepoint    ] Leaving safepoint region
[2019-12-09T07:04:01.879+0000][1][safepoint    ] Total time for which application threads were stopped: 0.0001079 seconds, Stopping threads took: 0.0000197 seconds
[2019-12-09T07:04:02.879+0000][1][safepoint    ] Application time: 1.0000783 seconds
[2019-12-09T07:04:02.879+0000][1][safepoint    ] Entering safepoint region: Cleanup
[2019-12-09T07:04:02.879+0000][1][safepoint    ] Leaving safepoint region
[2019-12-09T07:04:02.879+0000][1][safepoint    ] Total time for which application threads were stopped: 0.0001068 seconds, Stopping threads took: 0.0000272 seconds
[2019-12-09T07:04:03.879+0000][1][safepoint    ] Application time: 1.0000755 seconds
[2019-12-09T07:04:03.879+0000][1][safepoint    ] Entering safepoint region: Cleanup
[2019-12-09T07:04:03.879+0000][1][safepoint    ] Leaving safepoint region
[2019-12-09T07:04:03.879+0000][1][safepoint    ] Total time for which application threads were stopped: 0.0001033 seconds, Stopping threads took: 0.0000203 seconds
[2019-12-09T07:04:04.845+0000][1][safepoint    ] Application time: 0.9654632 seconds
[2019-12-09T07:04:04.845+0000][1][safepoint    ] Entering safepoint region: GenCollectForAllocation
[2019-12-09T07:04:04.845+0000][1][gc,start     ] GC(28) Pause Young (Allocation Failure)
[2019-12-09T07:04:04.845+0000][1][gc,task      ] GC(28) Using 2 workers of 2 for evacuation
[2019-12-09T07:04:04.854+0000][1][gc,age       ] GC(28) Desired survivor size 4456448 bytes, new threshold 6 (max threshold 6)
[2019-12-09T07:04:04.854+0000][1][gc,age       ] GC(28) Age table with threshold 6 (max threshold 6)
[2019-12-09T07:04:04.854+0000][1][gc,age       ] GC(28) - age   1:     771264 bytes,     771264 total
[2019-12-09T07:04:04.854+0000][1][gc,age       ] GC(28) - age   2:      45112 bytes,     816376 total
[2019-12-09T07:04:04.854+0000][1][gc,age       ] GC(28) - age   3:     685352 bytes,    1501728 total
[2019-12-09T07:04:04.854+0000][1][gc,age       ] GC(28) - age   4:     799904 bytes,    2301632 total
[2019-12-09T07:04:04.855+0000][1][gc,heap      ] GC(28) ParNew: 73920K->2798K(78656K)
[2019-12-09T07:04:04.855+0000][1][gc,heap      ] GC(28) CMS: 69485K->69485K(174784K)
[2019-12-09T07:04:04.855+0000][1][gc,metaspace ] GC(28) Metaspace: 74933K->74933K(1118208K)
[2019-12-09T07:04:04.855+0000][1][gc           ] GC(28) Pause Young (Allocation Failure) 140M->70M(247M) 9.552ms
[2019-12-09T07:04:04.855+0000][1][gc,cpu       ] GC(28) User=0.01s Sys=0.00s Real=0.00s
[2019-12-09T07:04:04.855+0000][1][safepoint    ] Leaving safepoint region
[2019-12-09T07:04:04.855+0000][1][safepoint    ] Total time for which application threads were stopped: 0.0097675 seconds, Stopping threads took: 0.0000305 seconds
[2019-12-09T07:04:05.855+0000][1][safepoint    ] Application time: 1.0000820 seconds
[2019-12-09T07:04:05.855+0000][1][safepoint    ] Entering safepoint region: Cleanup
[2019-12-09T07:04:05.855+0000][1][safepoint    ] Leaving safepoint region
[2019-12-09T07:04:05.855+0000][1][safepoint    ] Total time for which application threads were stopped: 0.0000917 seconds, Stopping threads took: 0.0000197 seconds
[2019-12-09T07:04:06.855+0000][1][safepoint    ] Application time: 1.0000779 seconds
[2019-12-09T07:04:06.855+0000][1][safepoint    ] Entering safepoint region: Cleanup
[2019-12-09T07:04:06.855+0000][1][safepoint    ] Leaving safepoint region
[2019-12-09T07:04:06.855+0000][1][safepoint    ] Total time for which application threads were stopped: 0.0001015 seconds, Stopping threads took: 0.0000211 seconds
[2019-12-09T07:04:07.855+0000][1][safepoint    ] Application time: 1.0000536 seconds
[2019-12-09T07:04:07.855+0000][1][safepoint    ] Entering safepoint region: Cleanup
[2019-12-09T07:04:07.855+0000][1][safepoint    ] Leaving safepoint region
[2019-12-09T07:04:07.855+0000][1][safepoint    ] Total time for which application threads were stopped: 0.0000952 seconds, Stopping threads took: 0.0000219 seconds
[2019-12-09T07:04:08.855+0000][1][safepoint    ] Application time: 1.0000777 seconds
[2019-12-09T07:04:08.855+0000][1][safepoint    ] Entering safepoint region: Cleanup
[2019-12-09T07:04:08.855+0000][1][safepoint    ] Leaving safepoint region
[2019-12-09T07:04:08.855+0000][1][safepoint    ] Total time for which application threads were stopped: 0.0000963 seconds, Stopping threads took: 0.0000218 seconds
[2019-12-09T07:04:09.856+0000][1][safepoint    ] Application time: 1.0000761 seconds
[2019-12-09T07:04:09.856+0000][1][safepoint    ] Entering safepoint region: Cleanup
[2019-12-09T07:04:09.856+0000][1][safepoint    ] Leaving safepoint region
[2019-12-09T07:04:09.856+0000][1][safepoint    ] Total time for which application threads were stopped: 0.0001075 seconds, Stopping threads took: 0.0000259 seconds
[2019-12-09T07:04:10.856+0000][1][safepoint    ] Application time: 1.0000877 seconds
[2019-12-09T07:04:10.856+0000][1][safepoint    ] Entering safepoint region: Cleanup
[2019-12-09T07:04:10.856+0000][1][safepoint    ] Leaving safepoint region
[2019-12-09T07:04:10.856+0000][1][safepoint    ] Total time for which application threads were stopped: 0.0000953 seconds, Stopping threads took: 0.0000188 seconds
[2019-12-09T07:04:11.856+0000][1][safepoint    ] Application time: 1.0000745 seconds
[2019-12-09T07:04:11.856+0000][1][safepoint    ] Entering safepoint region: Cleanup
[2019-12-09T07:04:11.856+0000][1][safepoint    ] Leaving safepoint region
[2019-12-09T07:04:11.856+0000][1][safepoint    ] Total time for which application threads were stopped: 0.0000984 seconds, Stopping threads took: 0.0000192 seconds
[2019-12-09T07:04:12.856+0000][1][safepoint    ] Application time: 1.0000749 seconds
[2019-12-09T07:04:12.856+0000][1][safepoint    ] Entering safepoint region: Cleanup
[2019-12-09T07:04:12.856+0000][1][safepoint    ] Leaving safepoint region
[2019-12-09T07:04:12.856+0000][1][safepoint    ] Total time for which application threads were stopped: 0.0001048 seconds, Stopping threads took: 0.0000184 seconds
[2019-12-09T07:04:13.856+0000][1][safepoint    ] Application time: 1.0000787 seconds
[2019-12-09T07:04:13.856+0000][1][safepoint    ] Entering safepoint region: Cleanup
[2019-12-09T07:04:13.857+0000][1][safepoint    ] Leaving safepoint region
[2019-12-09T07:04:13.857+0000][1][safepoint    ] Total time for which application threads were stopped: 0.0000972 seconds, Stopping threads took: 0.0000211 seconds
[2019-12-09T07:04:14.857+0000][1][safepoint    ] Application time: 1.0000784 seconds
[2019-12-09T07:04:14.857+0000][1][safepoint    ] Entering safepoint region: Cleanup
[2019-12-09T07:04:14.857+0000][1][safepoint    ] Leaving safepoint region
[2019-12-09T07:04:14.857+0000][1][safepoint    ] Total time for which application threads were stopped: 0.0001191 seconds, Stopping threads took: 0.0000194 seconds
[2019-12-09T07:04:15.857+0000][1][safepoint    ] Application time: 1.0000776 seconds
[2019-12-09T07:04:15.857+0000][1][safepoint    ] Entering safepoint region: Cleanup
[2019-12-09T07:04:15.857+0000][1][safepoint    ] Leaving safepoint region
[2019-12-09T07:04:15.857+0000][1][safepoint    ] Total time for which application threads were stopped: 0.0000942 seconds, Stopping threads took: 0.0000195 seconds
[2019-12-09T07:04:16.857+0000][1][safepoint    ] Application time: 1.0000790 seconds
[2019-12-09T07:04:16.857+0000][1][safepoint    ] Entering safepoint region: Cleanup
[2019-12-09T07:04:16.857+0000][1][safepoint    ] Leaving safepoint region
[2019-12-09T07:04:16.857+0000][1][safepoint    ] Total time for which application threads were stopped: 0.0001066 seconds, Stopping threads took: 0.0000286 seconds
[2019-12-09T07:04:17.857+0000][1][safepoint    ] Application time: 1.0000788 seconds
[2019-12-09T07:04:17.857+0000][1][safepoint    ] Entering safepoint region: Cleanup
[2019-12-09T07:04:17.857+0000][1][safepoint    ] Leaving safepoint region
[2019-12-09T07:04:17.857+0000][1][safepoint    ] Total time for which application threads were stopped: 0.0001006 seconds, Stopping threads took: 0.0000202 seconds
[2019-12-09T07:04:18.858+0000][1][safepoint    ] Application time: 1.0000803 seconds
[2019-12-09T07:04:18.858+0000][1][safepoint    ] Entering safepoint region: Cleanup
[2019-12-09T07:04:18.858+0000][1][safepoint    ] Leaving safepoint region
[2019-12-09T07:04:18.858+0000][1][safepoint    ] Total time for which application threads were stopped: 0.0001212 seconds, Stopping threads took: 0.0000216 seconds
[2019-12-09T07:04:19.858+0000][1][safepoint    ] Application time: 1.0000364 seconds
[2019-12-09T07:04:19.858+0000][1][safepoint    ] Entering safepoint region: Cleanup
[2019-12-09T07:04:19.858+0000][1][safepoint    ] Leaving safepoint region
[2019-12-09T07:04:19.858+0000][1][safepoint    ] Total time for which application threads were stopped: 0.0001206 seconds, Stopping threads took: 0.0000268 seconds
[2019-12-09T07:04:20.858+0000][1][safepoint    ] Application time: 1.0000757 seconds
[2019-12-09T07:04:20.858+0000][1][safepoint    ] Entering safepoint region: Cleanup
[2019-12-09T07:04:20.858+0000][1][safepoint    ] Leaving safepoint region
[2019-12-09T07:04:20.858+0000][1][safepoint    ] Total time for which application threads were stopped: 0.0001018 seconds, Stopping threads took: 0.0000212 seconds
[2019-12-09T07:04:21.858+0000][1][safepoint    ] Application time: 1.0000770 seconds
[2019-12-09T07:04:21.858+0000][1][safepoint    ] Entering safepoint region: Cleanup
[2019-12-09T07:04:21.858+0000][1][safepoint    ] Leaving safepoint region
[2019-12-09T07:04:21.858+0000][1][safepoint    ] Total time for which application threads were stopped: 0.0000895 seconds, Stopping threads took: 0.0000194 seconds
[2019-12-09T07:04:22.858+0000][1][safepoint    ] Application time: 1.0000869 seconds
[2019-12-09T07:04:22.858+0000][1][safepoint    ] Entering safepoint region: Cleanup
[2019-12-09T07:04:22.859+0000][1][safepoint    ] Leaving safepoint region
[2019-12-09T07:04:22.859+0000][1][safepoint    ] Total time for which application threads were stopped: 0.0001308 seconds, Stopping threads took: 0.0000254 seconds
[2019-12-09T07:04:23.859+0000][1][safepoint    ] Application time: 1.0000778 seconds
[2019-12-09T07:04:23.859+0000][1][safepoint    ] Entering safepoint region: Cleanup
[2019-12-09T07:04:23.859+0000][1][safepoint    ] Leaving safepoint region
[2019-12-09T07:04:23.859+0000][1][safepoint    ] Total time for which application threads were stopped: 0.0001078 seconds, Stopping threads took: 0.0000188 seconds
[2019-12-09T07:04:24.859+0000][1][safepoint    ] Application time: 1.0000813 seconds
[2019-12-09T07:04:24.859+0000][1][safepoint    ] Entering safepoint region: Cleanup
[2019-12-09T07:04:24.859+0000][1][safepoint    ] Leaving safepoint region
[2019-12-09T07:04:24.859+0000][1][safepoint    ] Total time for which application threads were stopped: 0.0001234 seconds, Stopping threads took: 0.0000265 seconds
[2019-12-09T07:04:25.859+0000][1][safepoint    ] Application time: 1.0000776 seconds
[2019-12-09T07:04:25.859+0000][1][safepoint    ] Entering safepoint region: Cleanup
[2019-12-09T07:04:25.859+0000][1][safepoint    ] Leaving safepoint region
[2019-12-09T07:04:25.859+0000][1][safepoint    ] Total time for which application threads were stopped: 0.0000895 seconds, Stopping threads took: 0.0000181 seconds
[2019-12-09T07:04:26.859+0000][1][safepoint    ] Application time: 1.0000763 seconds
[2019-12-09T07:04:26.859+0000][1][safepoint    ] Entering safepoint region: Cleanup
[2019-12-09T07:04:26.859+0000][1][safepoint    ] Leaving safepoint region
[2019-12-09T07:04:26.859+0000][1][safepoint    ] Total time for which application threads were stopped: 0.0001106 seconds, Stopping threads took: 0.0000173 seconds
[2019-12-09T07:04:27.860+0000][1][safepoint    ] Application time: 1.0000768 seconds
[2019-12-09T07:04:27.860+0000][1][safepoint    ] Entering safepoint region: Cleanup
[2019-12-09T07:04:27.860+0000][1][safepoint    ] Leaving safepoint region
[2019-12-09T07:04:27.860+0000][1][safepoint    ] Total time for which application threads were stopped: 0.0001072 seconds, Stopping threads took: 0.0000203 seconds
[2019-12-09T07:04:28.860+0000][1][safepoint    ] Application time: 1.0000769 seconds
[2019-12-09T07:04:28.860+0000][1][safepoint    ] Entering safepoint region: Cleanup
[2019-12-09T07:04:28.860+0000][1][safepoint    ] Leaving safepoint region
[2019-12-09T07:04:28.860+0000][1][safepoint    ] Total time for which application threads were stopped: 0.0000883 seconds, Stopping threads took: 0.0000196 seconds
[2019-12-09T07:04:29.860+0000][1][safepoint    ] Application time: 1.0000791 seconds
[2019-12-09T07:04:29.860+0000][1][safepoint    ] Entering safepoint region: Cleanup
[2019-12-09T07:04:29.860+0000][1][safepoint    ] Leaving safepoint region
[2019-12-09T07:04:29.860+0000][1][safepoint    ] Total time for which application threads were stopped: 0.0001073 seconds, Stopping threads took: 0.0000269 seconds
[2019-12-09T07:04:30.860+0000][1][safepoint    ] Application time: 1.0000793 seconds
[2019-12-09T07:04:30.860+0000][1][safepoint    ] Entering safepoint region: Cleanup
[2019-12-09T07:04:30.860+0000][1][safepoint    ] Leaving safepoint region
[2019-12-09T07:04:30.860+0000][1][safepoint    ] Total time for which application threads were stopped: 0.0000901 seconds, Stopping threads took: 0.0000195 seconds
[2019-12-09T07:04:31.860+0000][1][safepoint    ] Application time: 1.0000857 seconds
[2019-12-09T07:04:31.860+0000][1][safepoint    ] Entering safepoint region: Cleanup
[2019-12-09T07:04:31.860+0000][1][safepoint    ] Leaving safepoint region
[2019-12-09T07:04:31.860+0000][1][safepoint    ] Total time for which application threads were stopped: 0.0000881 seconds, Stopping threads took: 0.0000164 seconds
[2019-12-09T07:04:32.861+0000][1][safepoint    ] Application time: 1.0000807 seconds
[2019-12-09T07:04:32.861+0000][1][safepoint    ] Entering safepoint region: Cleanup
[2019-12-09T07:04:32.861+0000][1][safepoint    ] Leaving safepoint region
[2019-12-09T07:04:32.861+0000][1][safepoint    ] Total time for which application threads were stopped: 0.0001212 seconds, Stopping threads took: 0.0000197 seconds
[2019-12-09T07:04:33.861+0000][1][safepoint    ] Application time: 1.0000797 seconds
[2019-12-09T07:04:33.861+0000][1][safepoint    ] Entering safepoint region: Cleanup
[2019-12-09T07:04:33.861+0000][1][safepoint    ] Leaving safepoint region
[2019-12-09T07:04:33.861+0000][1][safepoint    ] Total time for which application threads were stopped: 0.0000996 seconds, Stopping threads took: 0.0000223 seconds
[2019-12-09T07:04:34.861+0000][1][safepoint    ] Application time: 1.0000800 seconds
[2019-12-09T07:04:34.861+0000][1][safepoint    ] Entering safepoint region: Cleanup
[2019-12-09T07:04:34.861+0000][1][safepoint    ] Leaving safepoint region
[2019-12-09T07:04:34.861+0000][1][safepoint    ] Total time for which application threads were stopped: 0.0001138 seconds, Stopping threads took: 0.0000284 seconds
[2019-12-09T07:04:35.861+0000][1][safepoint    ] Application time: 1.0000819 seconds
[2019-12-09T07:04:35.861+0000][1][safepoint    ] Entering safepoint region: Cleanup
[2019-12-09T07:04:35.861+0000][1][safepoint    ] Leaving safepoint region
[2019-12-09T07:04:35.861+0000][1][safepoint    ] Total time for which application threads were stopped: 0.0001429 seconds, Stopping threads took: 0.0000281 seconds
[2019-12-09T07:04:36.965+0000][1][safepoint    ] Application time: 1.1036525 seconds
[2019-12-09T07:04:36.965+0000][1][safepoint    ] Entering safepoint region: Cleanup
[2019-12-09T07:04:36.965+0000][1][safepoint    ] Leaving safepoint region
[2019-12-09T07:04:36.965+0000][1][safepoint    ] Total time for which application threads were stopped: 0.0002039 seconds, Stopping threads took: 0.0000160 seconds
[2019-12-09T07:04:38.964+0000][1][safepoint    ] Application time: 1.9987434 seconds
[2019-12-09T07:04:38.964+0000][1][safepoint    ] Entering safepoint region: Cleanup
[2019-12-09T07:04:38.964+0000][1][safepoint    ] Leaving safepoint region
[2019-12-09T07:04:38.964+0000][1][safepoint    ] Total time for which application threads were stopped: 0.0001307 seconds, Stopping threads took: 0.0000180 seconds
[2019-12-09T07:04:39.965+0000][1][safepoint    ] Application time: 1.0004255 seconds
[2019-12-09T07:04:39.965+0000][1][safepoint    ] Entering safepoint region: Cleanup
[2019-12-09T07:04:39.965+0000][1][safepoint    ] Leaving safepoint region
[2019-12-09T07:04:39.965+0000][1][safepoint    ] Total time for which application threads were stopped: 0.0001240 seconds, Stopping threads took: 0.0000262 seconds
[2019-12-09T07:04:41.965+0000][1][safepoint    ] Application time: 2.0001756 seconds
[2019-12-09T07:04:41.965+0000][1][safepoint    ] Entering safepoint region: Cleanup
[2019-12-09T07:04:41.965+0000][1][safepoint    ] Leaving safepoint region
[2019-12-09T07:04:41.965+0000][1][safepoint    ] Total time for which application threads were stopped: 0.0000954 seconds, Stopping threads took: 0.0000184 seconds
[2019-12-09T07:04:44.965+0000][1][safepoint    ] Application time: 3.0002197 seconds
[2019-12-09T07:04:44.965+0000][1][safepoint    ] Entering safepoint region: Cleanup
[2019-12-09T07:04:44.966+0000][1][safepoint    ] Leaving safepoint region
[2019-12-09T07:04:44.966+0000][1][safepoint    ] Total time for which application threads were stopped: 0.0000935 seconds, Stopping threads took: 0.0000174 seconds
[2019-12-09T07:04:45.887+0000][1][safepoint    ] Application time: 0.9209557 seconds
[2019-12-09T07:04:45.887+0000][1][safepoint    ] Entering safepoint region: GenCollectForAllocation
[2019-12-09T07:04:45.887+0000][1][gc,start     ] GC(29) Pause Young (Allocation Failure)
[2019-12-09T07:04:45.887+0000][1][gc,task      ] GC(29) Using 2 workers of 2 for evacuation
[2019-12-09T07:04:45.892+0000][1][gc,age       ] GC(29) Desired survivor size 4456448 bytes, new threshold 6 (max threshold 6)
[2019-12-09T07:04:45.892+0000][1][gc,age       ] GC(29) Age table with threshold 6 (max threshold 6)
[2019-12-09T07:04:45.892+0000][1][gc,age       ] GC(29) - age   1:     927360 bytes,     927360 total
[2019-12-09T07:04:45.892+0000][1][gc,age       ] GC(29) - age   2:      11120 bytes,     938480 total
[2019-12-09T07:04:45.892+0000][1][gc,age       ] GC(29) - age   3:      45112 bytes,     983592 total
[2019-12-09T07:04:45.892+0000][1][gc,age       ] GC(29) - age   4:     589408 bytes,    1573000 total
[2019-12-09T07:04:45.892+0000][1][gc,age       ] GC(29) - age   5:     757464 bytes,    2330464 total
[2019-12-09T07:04:45.892+0000][1][gc,heap      ] GC(29) ParNew: 72750K->4304K(78656K)
[2019-12-09T07:04:45.892+0000][1][gc,heap      ] GC(29) CMS: 69485K->69485K(174784K)
[2019-12-09T07:04:45.892+0000][1][gc,metaspace ] GC(29) Metaspace: 75082K->75082K(1118208K)
[2019-12-09T07:04:45.892+0000][1][gc           ] GC(29) Pause Young (Allocation Failure) 138M->72M(247M) 5.778ms
[2019-12-09T07:04:45.893+0000][1][gc,cpu       ] GC(29) User=0.01s Sys=0.00s Real=0.00s
[2019-12-09T07:04:45.893+0000][1][safepoint    ] Leaving safepoint region
[2019-12-09T07:04:45.893+0000][1][safepoint    ] Total time for which application threads were stopped: 0.0059822 seconds, Stopping threads took: 0.0000236 seconds
[2019-12-09T07:04:48.893+0000][1][safepoint    ] Application time: 3.0002259 seconds
[2019-12-09T07:04:48.893+0000][1][safepoint    ] Entering safepoint region: Cleanup
[2019-12-09T07:04:48.893+0000][1][safepoint    ] Leaving safepoint region
[2019-12-09T07:04:48.893+0000][1][safepoint    ] Total time for which application threads were stopped: 0.0001227 seconds, Stopping threads took: 0.0000246 seconds
[2019-12-09T07:04:49.893+0000][1][safepoint    ] Application time: 1.0000767 seconds
[2019-12-09T07:04:49.893+0000][1][safepoint    ] Entering safepoint region: Cleanup
[2019-12-09T07:04:49.893+0000][1][safepoint    ] Leaving safepoint region
[2019-12-09T07:04:49.893+0000][1][safepoint    ] Total time for which application threads were stopped: 0.0001106 seconds, Stopping threads took: 0.0000287 seconds
[2019-12-09T07:04:50.893+0000][1][safepoint    ] Application time: 1.0000823 seconds
[2019-12-09T07:04:50.893+0000][1][safepoint    ] Entering safepoint region: Cleanup
[2019-12-09T07:04:50.893+0000][1][safepoint    ] Leaving safepoint region
[2019-12-09T07:04:50.893+0000][1][safepoint    ] Total time for which application threads were stopped: 0.0001322 seconds, Stopping threads took: 0.0000476 seconds
[2019-12-09T07:04:51.894+0000][1][safepoint    ] Application time: 1.0000844 seconds
[2019-12-09T07:04:51.894+0000][1][safepoint    ] Entering safepoint region: Cleanup
[2019-12-09T07:04:51.894+0000][1][safepoint    ] Leaving safepoint region
[2019-12-09T07:04:51.894+0000][1][safepoint    ] Total time for which application threads were stopped: 0.0000917 seconds, Stopping threads took: 0.0000177 seconds
[2019-12-09T07:04:52.894+0000][1][safepoint    ] Application time: 1.0000758 seconds
[2019-12-09T07:04:52.894+0000][1][safepoint    ] Entering safepoint region: Cleanup
[2019-12-09T07:04:52.894+0000][1][safepoint    ] Leaving safepoint region
[2019-12-09T07:04:52.894+0000][1][safepoint    ] Total time for which application threads were stopped: 0.0001003 seconds, Stopping threads took: 0.0000189 seconds
[2019-12-09T07:04:54.894+0000][1][safepoint    ] Application time: 2.0001435 seconds
[2019-12-09T07:04:54.894+0000][1][safepoint    ] Entering safepoint region: Cleanup
[2019-12-09T07:04:54.894+0000][1][safepoint    ] Leaving safepoint region
[2019-12-09T07:04:54.894+0000][1][safepoint    ] Total time for which application threads were stopped: 0.0001012 seconds, Stopping threads took: 0.0000186 seconds
[2019-12-09T07:04:56.894+0000][1][safepoint    ] Application time: 2.0001416 seconds
[2019-12-09T07:04:56.894+0000][1][safepoint    ] Entering safepoint region: Cleanup
[2019-12-09T07:04:56.894+0000][1][safepoint    ] Leaving safepoint region
[2019-12-09T07:04:56.894+0000][1][safepoint    ] Total time for which application threads were stopped: 0.0000968 seconds, Stopping threads took: 0.0000177 seconds
[2019-12-09T07:04:57.895+0000][1][safepoint    ] Application time: 1.0000781 seconds
[2019-12-09T07:04:57.895+0000][1][safepoint    ] Entering safepoint region: Cleanup
[2019-12-09T07:04:57.895+0000][1][safepoint    ] Leaving safepoint region
[2019-12-09T07:04:57.895+0000][1][safepoint    ] Total time for which application threads were stopped: 0.0000994 seconds, Stopping threads took: 0.0000187 seconds
[2019-12-09T07:04:59.895+0000][1][safepoint    ] Application time: 2.0001425 seconds
[2019-12-09T07:04:59.895+0000][1][safepoint    ] Entering safepoint region: Cleanup
[2019-12-09T07:04:59.895+0000][1][safepoint    ] Leaving safepoint region
[2019-12-09T07:04:59.895+0000][1][safepoint    ] Total time for which application threads were stopped: 0.0001048 seconds, Stopping threads took: 0.0000275 seconds
[2019-12-09T07:05:02.895+0000][1][safepoint    ] Application time: 3.0002093 seconds
[2019-12-09T07:05:02.895+0000][1][safepoint    ] Entering safepoint region: Cleanup
[2019-12-09T07:05:02.895+0000][1][safepoint    ] Leaving safepoint region
[2019-12-09T07:05:02.895+0000][1][safepoint    ] Total time for which application threads were stopped: 0.0000954 seconds, Stopping threads took: 0.0000206 seconds
[2019-12-09T07:05:04.895+0000][1][safepoint    ] Application time: 2.0001411 seconds
[2019-12-09T07:05:04.895+0000][1][safepoint    ] Entering safepoint region: Cleanup
[2019-12-09T07:05:04.896+0000][1][safepoint    ] Leaving safepoint region
[2019-12-09T07:05:04.896+0000][1][safepoint    ] Total time for which application threads were stopped: 0.0000958 seconds, Stopping threads took: 0.0000192 seconds
[2019-12-09T07:05:05.896+0000][1][safepoint    ] Application time: 1.0000770 seconds
[2019-12-09T07:05:05.896+0000][1][safepoint    ] Entering safepoint region: Cleanup
[2019-12-09T07:05:05.896+0000][1][safepoint    ] Leaving safepoint region
[2019-12-09T07:05:05.896+0000][1][safepoint    ] Total time for which application threads were stopped: 0.0001091 seconds, Stopping threads took: 0.0000299 seconds
[2019-12-09T07:05:06.896+0000][1][safepoint    ] Application time: 1.0000759 seconds
[2019-12-09T07:05:06.896+0000][1][safepoint    ] Entering safepoint region: Cleanup
[2019-12-09T07:05:06.896+0000][1][safepoint    ] Leaving safepoint region
[2019-12-09T07:05:06.896+0000][1][safepoint    ] Total time for which application threads were stopped: 0.0000975 seconds, Stopping threads took: 0.0000191 seconds
[2019-12-09T07:05:07.896+0000][1][safepoint    ] Application time: 1.0000778 seconds
[2019-12-09T07:05:07.896+0000][1][safepoint    ] Entering safepoint region: Cleanup
[2019-12-09T07:05:07.896+0000][1][safepoint    ] Leaving safepoint region
[2019-12-09T07:05:07.896+0000][1][safepoint    ] Total time for which application threads were stopped: 0.0001016 seconds, Stopping threads took: 0.0000206 seconds
[2019-12-09T07:05:09.896+0000][1][safepoint    ] Application time: 2.0001443 seconds
[2019-12-09T07:05:09.896+0000][1][safepoint    ] Entering safepoint region: Cleanup
[2019-12-09T07:05:09.897+0000][1][safepoint    ] Leaving safepoint region
[2019-12-09T07:05:09.897+0000][1][safepoint    ] Total time for which application threads were stopped: 0.0000983 seconds, Stopping threads took: 0.0000201 seconds
[2019-12-09T07:05:11.897+0000][1][safepoint    ] Application time: 2.0001461 seconds
[2019-12-09T07:05:11.897+0000][1][safepoint    ] Entering safepoint region: Cleanup
[2019-12-09T07:05:11.897+0000][1][safepoint    ] Leaving safepoint region
[2019-12-09T07:05:11.897+0000][1][safepoint    ] Total time for which application threads were stopped: 0.0001076 seconds, Stopping threads took: 0.0000207 seconds
[2019-12-09T07:05:12.897+0000][1][safepoint    ] Application time: 1.0000786 seconds
[2019-12-09T07:05:12.897+0000][1][safepoint    ] Entering safepoint region: Cleanup
[2019-12-09T07:05:12.897+0000][1][safepoint    ] Leaving safepoint region
[2019-12-09T07:05:12.897+0000][1][safepoint    ] Total time for which application threads were stopped: 0.0001076 seconds, Stopping threads took: 0.0000219 seconds
[2019-12-09T07:05:19.898+0000][1][safepoint    ] Application time: 7.0004758 seconds
[2019-12-09T07:05:19.898+0000][1][safepoint    ] Entering safepoint region: Cleanup
[2019-12-09T07:05:19.898+0000][1][safepoint    ] Leaving safepoint region
[2019-12-09T07:05:19.898+0000][1][safepoint    ] Total time for which application threads were stopped: 0.0000993 seconds, Stopping threads took: 0.0000199 seconds
[2019-12-09T07:05:21.898+0000][1][safepoint    ] Application time: 2.0001557 seconds
[2019-12-09T07:05:21.898+0000][1][safepoint    ] Entering safepoint region: Cleanup
[2019-12-09T07:05:21.898+0000][1][safepoint    ] Leaving safepoint region
[2019-12-09T07:05:21.898+0000][1][safepoint    ] Total time for which application threads were stopped: 0.0001024 seconds, Stopping threads took: 0.0000218 seconds
[2019-12-09T07:05:22.898+0000][1][safepoint    ] Application time: 1.0000758 seconds
[2019-12-09T07:05:22.898+0000][1][safepoint    ] Entering safepoint region: Cleanup
[2019-12-09T07:05:22.898+0000][1][safepoint    ] Leaving safepoint region
[2019-12-09T07:05:22.898+0000][1][safepoint    ] Total time for which application threads were stopped: 0.0000948 seconds, Stopping threads took: 0.0000191 seconds
[2019-12-09T07:05:23.898+0000][1][safepoint    ] Application time: 1.0000750 seconds
[2019-12-09T07:05:23.898+0000][1][safepoint    ] Entering safepoint region: Cleanup
[2019-12-09T07:05:23.898+0000][1][safepoint    ] Leaving safepoint region
[2019-12-09T07:05:23.898+0000][1][safepoint    ] Total time for which application threads were stopped: 0.0000986 seconds, Stopping threads took: 0.0000208 seconds
[2019-12-09T07:05:24.898+0000][1][safepoint    ] Application time: 1.0000750 seconds
[2019-12-09T07:05:24.899+0000][1][safepoint    ] Entering safepoint region: Cleanup
[2019-12-09T07:05:24.899+0000][1][safepoint    ] Leaving safepoint region
[2019-12-09T07:05:24.899+0000][1][safepoint    ] Total time for which application threads were stopped: 0.0001076 seconds, Stopping threads took: 0.0000188 seconds
[2019-12-09T07:05:27.899+0000][1][safepoint    ] Application time: 3.0002093 seconds
[2019-12-09T07:05:27.899+0000][1][safepoint    ] Entering safepoint region: Cleanup
[2019-12-09T07:05:27.899+0000][1][safepoint    ] Leaving safepoint region
[2019-12-09T07:05:27.899+0000][1][safepoint    ] Total time for which application threads were stopped: 0.0001066 seconds, Stopping threads took: 0.0000205 seconds
[2019-12-09T07:05:28.023+0000][1][safepoint    ] Application time: 0.1241553 seconds
[2019-12-09T07:05:28.023+0000][1][safepoint    ] Entering safepoint region: GenCollectForAllocation
[2019-12-09T07:05:28.023+0000][1][gc,start     ] GC(30) Pause Young (Allocation Failure)
[2019-12-09T07:05:28.023+0000][1][gc,task      ] GC(30) Using 2 workers of 2 for evacuation
[2019-12-09T07:05:28.029+0000][1][gc,age       ] GC(30) Desired survivor size 4456448 bytes, new threshold 6 (max threshold 6)
[2019-12-09T07:05:28.029+0000][1][gc,age       ] GC(30) Age table with threshold 6 (max threshold 6)
[2019-12-09T07:05:28.029+0000][1][gc,age       ] GC(30) - age   1:     824768 bytes,     824768 total
[2019-12-09T07:05:28.029+0000][1][gc,age       ] GC(30) - age   2:     101224 bytes,     925992 total
[2019-12-09T07:05:28.029+0000][1][gc,age       ] GC(30) - age   3:      11120 bytes,     937112 total
[2019-12-09T07:05:28.029+0000][1][gc,age       ] GC(30) - age   4:      45112 bytes,     982224 total
[2019-12-09T07:05:28.029+0000][1][gc,age       ] GC(30) - age   5:     555808 bytes,    1538032 total
[2019-12-09T07:05:28.029+0000][1][gc,age       ] GC(30) - age   6:     708032 bytes,    2246064 total
[2019-12-09T07:05:28.029+0000][1][gc,heap      ] GC(30) ParNew: 74256K->2782K(78656K)
[2019-12-09T07:05:28.029+0000][1][gc,heap      ] GC(30) CMS: 69485K->69485K(174784K)
[2019-12-09T07:05:28.029+0000][1][gc,metaspace ] GC(30) Metaspace: 75174K->75174K(1118208K)
[2019-12-09T07:05:28.029+0000][1][gc           ] GC(30) Pause Young (Allocation Failure) 140M->70M(247M) 5.888ms
[2019-12-09T07:05:28.029+0000][1][gc,cpu       ] GC(30) User=0.01s Sys=0.00s Real=0.01s
[2019-12-09T07:05:28.029+0000][1][safepoint    ] Leaving safepoint region
[2019-12-09T07:05:28.029+0000][1][safepoint    ] Total time for which application threads were stopped: 0.0060612 seconds, Stopping threads took: 0.0000212 seconds
[2019-12-09T07:05:30.029+0000][1][safepoint    ] Application time: 2.0001588 seconds
[2019-12-09T07:05:30.029+0000][1][safepoint    ] Entering safepoint region: Cleanup
[2019-12-09T07:05:30.030+0000][1][safepoint    ] Leaving safepoint region
[2019-12-09T07:05:30.030+0000][1][safepoint    ] Total time for which application threads were stopped: 0.0001120 seconds, Stopping threads took: 0.0000286 seconds
[2019-12-09T07:05:31.030+0000][1][safepoint    ] Application time: 1.0000767 seconds
[2019-12-09T07:05:31.030+0000][1][safepoint    ] Entering safepoint region: Cleanup
[2019-12-09T07:05:31.030+0000][1][safepoint    ] Leaving safepoint region
[2019-12-09T07:05:31.030+0000][1][safepoint    ] Total time for which application threads were stopped: 0.0001005 seconds, Stopping threads took: 0.0000264 seconds
[2019-12-09T07:05:33.030+0000][1][safepoint    ] Application time: 2.0001474 seconds
[2019-12-09T07:05:33.030+0000][1][safepoint    ] Entering safepoint region: Cleanup
[2019-12-09T07:05:33.030+0000][1][safepoint    ] Leaving safepoint region
[2019-12-09T07:05:33.030+0000][1][safepoint    ] Total time for which application threads were stopped: 0.0000977 seconds, Stopping threads took: 0.0000183 seconds
[2019-12-09T07:05:34.030+0000][1][safepoint    ] Application time: 1.0000768 seconds
[2019-12-09T07:05:34.030+0000][1][safepoint    ] Entering safepoint region: Cleanup
[2019-12-09T07:05:34.030+0000][1][safepoint    ] Leaving safepoint region
[2019-12-09T07:05:34.030+0000][1][safepoint    ] Total time for which application threads were stopped: 0.0000926 seconds, Stopping threads took: 0.0000180 seconds
[2019-12-09T07:05:36.030+0000][1][safepoint    ] Application time: 2.0001431 seconds
[2019-12-09T07:05:36.030+0000][1][safepoint    ] Entering safepoint region: Cleanup
[2019-12-09T07:05:36.031+0000][1][safepoint    ] Leaving safepoint region
[2019-12-09T07:05:36.031+0000][1][safepoint    ] Total time for which application threads were stopped: 0.0000909 seconds, Stopping threads took: 0.0000181 seconds
[2019-12-09T07:05:37.031+0000][1][safepoint    ] Application time: 1.0000881 seconds
[2019-12-09T07:05:37.031+0000][1][safepoint    ] Entering safepoint region: Cleanup
[2019-12-09T07:05:37.031+0000][1][safepoint    ] Leaving safepoint region
[2019-12-09T07:05:37.031+0000][1][safepoint    ] Total time for which application threads were stopped: 0.0001237 seconds, Stopping threads took: 0.0000275 seconds
[2019-12-09T07:05:38.031+0000][1][safepoint    ] Application time: 1.0000796 seconds
[2019-12-09T07:05:38.031+0000][1][safepoint    ] Entering safepoint region: Cleanup
[2019-12-09T07:05:38.031+0000][1][safepoint    ] Leaving safepoint region
[2019-12-09T07:05:38.031+0000][1][safepoint    ] Total time for which application threads were stopped: 0.0001028 seconds, Stopping threads took: 0.0000179 seconds
[2019-12-09T07:05:39.031+0000][1][safepoint    ] Application time: 1.0000828 seconds
[2019-12-09T07:05:39.031+0000][1][safepoint    ] Entering safepoint region: Cleanup
[2019-12-09T07:05:39.031+0000][1][safepoint    ] Leaving safepoint region
[2019-12-09T07:05:39.031+0000][1][safepoint    ] Total time for which application threads were stopped: 0.0000981 seconds, Stopping threads took: 0.0000182 seconds
[2019-12-09T07:05:40.031+0000][1][safepoint    ] Application time: 1.0000870 seconds
[2019-12-09T07:05:40.031+0000][1][safepoint    ] Entering safepoint region: Cleanup
[2019-12-09T07:05:40.032+0000][1][safepoint    ] Leaving safepoint region
[2019-12-09T07:05:40.032+0000][1][safepoint    ] Total time for which application threads were stopped: 0.0001262 seconds, Stopping threads took: 0.0000268 seconds
[2019-12-09T07:05:42.032+0000][1][safepoint    ] Application time: 2.0002156 seconds
[2019-12-09T07:05:42.032+0000][1][safepoint    ] Entering safepoint region: Cleanup
[2019-12-09T07:05:42.032+0000][1][safepoint    ] Leaving safepoint region
[2019-12-09T07:05:42.032+0000][1][safepoint    ] Total time for which application threads were stopped: 0.0000977 seconds, Stopping threads took: 0.0000181 seconds
[2019-12-09T07:05:44.032+0000][1][safepoint    ] Application time: 2.0001978 seconds
[2019-12-09T07:05:44.032+0000][1][safepoint    ] Entering safepoint region: Cleanup
[2019-12-09T07:05:44.032+0000][1][safepoint    ] Leaving safepoint region
[2019-12-09T07:05:44.032+0000][1][safepoint    ] Total time for which application threads were stopped: 0.0000966 seconds, Stopping threads took: 0.0000183 seconds
[2019-12-09T07:05:45.032+0000][1][safepoint    ] Application time: 1.0000780 seconds
[2019-12-09T07:05:45.032+0000][1][safepoint    ] Entering safepoint region: Cleanup
[2019-12-09T07:05:45.032+0000][1][safepoint    ] Leaving safepoint region
[2019-12-09T07:05:45.032+0000][1][safepoint    ] Total time for which application threads were stopped: 0.0000936 seconds, Stopping threads took: 0.0000192 seconds
[2019-12-09T07:05:46.033+0000][1][safepoint    ] Application time: 1.0000766 seconds
[2019-12-09T07:05:46.033+0000][1][safepoint    ] Entering safepoint region: Cleanup
[2019-12-09T07:05:46.033+0000][1][safepoint    ] Leaving safepoint region
[2019-12-09T07:05:46.033+0000][1][safepoint    ] Total time for which application threads were stopped: 0.0000919 seconds, Stopping threads took: 0.0000184 seconds
[2019-12-09T07:05:48.033+0000][1][safepoint    ] Application time: 2.0001020 seconds
[2019-12-09T07:05:48.033+0000][1][safepoint    ] Entering safepoint region: Cleanup
[2019-12-09T07:05:48.033+0000][1][safepoint    ] Leaving safepoint region
[2019-12-09T07:05:48.033+0000][1][safepoint    ] Total time for which application threads were stopped: 0.0000968 seconds, Stopping threads took: 0.0000189 seconds
[2019-12-09T07:05:51.033+0000][1][safepoint    ] Application time: 3.0002059 seconds
[2019-12-09T07:05:51.033+0000][1][safepoint    ] Entering safepoint region: Cleanup
[2019-12-09T07:05:51.033+0000][1][safepoint    ] Leaving safepoint region
[2019-12-09T07:05:51.033+0000][1][safepoint    ] Total time for which application threads were stopped: 0.0000916 seconds, Stopping threads took: 0.0000191 seconds
[2019-12-09T07:05:53.033+0000][1][safepoint    ] Application time: 2.0001478 seconds
[2019-12-09T07:05:53.033+0000][1][safepoint    ] Entering safepoint region: Cleanup
[2019-12-09T07:05:53.034+0000][1][safepoint    ] Leaving safepoint region
[2019-12-09T07:05:53.034+0000][1][safepoint    ] Total time for which application threads were stopped: 0.0000983 seconds, Stopping threads took: 0.0000202 seconds
[2019-12-09T07:05:54.034+0000][1][safepoint    ] Application time: 1.0000779 seconds
[2019-12-09T07:05:54.034+0000][1][safepoint    ] Entering safepoint region: Cleanup
[2019-12-09T07:05:54.034+0000][1][safepoint    ] Leaving safepoint region
[2019-12-09T07:05:54.034+0000][1][safepoint    ] Total time for which application threads were stopped: 0.0001092 seconds, Stopping threads took: 0.0000184 seconds
[2019-12-09T07:05:55.034+0000][1][safepoint    ] Application time: 1.0000782 seconds
[2019-12-09T07:05:55.034+0000][1][safepoint    ] Entering safepoint region: Cleanup
[2019-12-09T07:05:55.034+0000][1][safepoint    ] Leaving safepoint region
[2019-12-09T07:05:55.034+0000][1][safepoint    ] Total time for which application threads were stopped: 0.0000945 seconds, Stopping threads took: 0.0000193 seconds
[2019-12-09T07:05:58.034+0000][1][safepoint    ] Application time: 3.0002145 seconds
[2019-12-09T07:05:58.034+0000][1][safepoint    ] Entering safepoint region: Cleanup
[2019-12-09T07:05:58.034+0000][1][safepoint    ] Leaving safepoint region
[2019-12-09T07:05:58.034+0000][1][safepoint    ] Total time for which application threads were stopped: 0.0000990 seconds, Stopping threads took: 0.0000205 seconds
[2019-12-09T07:06:00.034+0000][1][safepoint    ] Application time: 2.0001537 seconds
[2019-12-09T07:06:00.035+0000][1][safepoint    ] Entering safepoint region: Cleanup
[2019-12-09T07:06:00.035+0000][1][safepoint    ] Leaving safepoint region
[2019-12-09T07:06:00.035+0000][1][safepoint    ] Total time for which application threads were stopped: 0.0001096 seconds, Stopping threads took: 0.0000301 seconds
[2019-12-09T07:06:06.035+0000][1][safepoint    ] Application time: 6.0004165 seconds
[2019-12-09T07:06:06.035+0000][1][safepoint    ] Entering safepoint region: Cleanup
[2019-12-09T07:06:06.035+0000][1][safepoint    ] Leaving safepoint region
[2019-12-09T07:06:06.035+0000][1][safepoint    ] Total time for which application threads were stopped: 0.0000912 seconds, Stopping threads took: 0.0000174 seconds
[2019-12-09T07:06:07.035+0000][1][safepoint    ] Application time: 1.0000777 seconds
[2019-12-09T07:06:07.035+0000][1][safepoint    ] Entering safepoint region: Cleanup
[2019-12-09T07:06:07.035+0000][1][safepoint    ] Leaving safepoint region
[2019-12-09T07:06:07.035+0000][1][safepoint    ] Total time for which application threads were stopped: 0.0000910 seconds, Stopping threads took: 0.0000182 seconds
[2019-12-09T07:06:11.033+0000][1][safepoint    ] Application time: 3.9980888 seconds
[2019-12-09T07:06:11.034+0000][1][safepoint    ] Entering safepoint region: GenCollectForAllocation
[2019-12-09T07:06:11.034+0000][1][gc,start     ] GC(31) Pause Young (Allocation Failure)
[2019-12-09T07:06:11.034+0000][1][gc,task      ] GC(31) Using 2 workers of 2 for evacuation
[2019-12-09T07:06:11.040+0000][1][gc,age       ] GC(31) Desired survivor size 4456448 bytes, new threshold 6 (max threshold 6)
[2019-12-09T07:06:11.040+0000][1][gc,age       ] GC(31) Age table with threshold 6 (max threshold 6)
[2019-12-09T07:06:11.040+0000][1][gc,age       ] GC(31) - age   1:     757656 bytes,     757656 total
[2019-12-09T07:06:11.040+0000][1][gc,age       ] GC(31) - age   2:       4384 bytes,     762040 total
[2019-12-09T07:06:11.040+0000][1][gc,age       ] GC(31) - age   3:     100936 bytes,     862976 total
[2019-12-09T07:06:11.040+0000][1][gc,age       ] GC(31) - age   4:      11032 bytes,     874008 total
[2019-12-09T07:06:11.040+0000][1][gc,age       ] GC(31) - age   5:      45112 bytes,     919120 total
[2019-12-09T07:06:11.040+0000][1][gc,age       ] GC(31) - age   6:     555808 bytes,    1474928 total
[2019-12-09T07:06:11.040+0000][1][gc,heap      ] GC(31) ParNew: 72734K->1992K(78656K)
[2019-12-09T07:06:11.040+0000][1][gc,heap      ] GC(31) CMS: 69485K->70190K(174784K)
[2019-12-09T07:06:11.040+0000][1][gc,metaspace ] GC(31) Metaspace: 75266K->75266K(1118208K)
[2019-12-09T07:06:11.040+0000][1][gc           ] GC(31) Pause Young (Allocation Failure) 138M->70M(247M) 6.651ms
[2019-12-09T07:06:11.040+0000][1][gc,cpu       ] GC(31) User=0.01s Sys=0.00s Real=0.01s
[2019-12-09T07:06:11.040+0000][1][safepoint    ] Leaving safepoint region
[2019-12-09T07:06:11.040+0000][1][safepoint    ] Total time for which application threads were stopped: 0.0068351 seconds, Stopping threads took: 0.0000317 seconds
[2019-12-09T07:06:13.041+0000][1][safepoint    ] Application time: 2.0001559 seconds
[2019-12-09T07:06:13.041+0000][1][safepoint    ] Entering safepoint region: Cleanup
[2019-12-09T07:06:13.041+0000][1][safepoint    ] Leaving safepoint region
[2019-12-09T07:06:13.041+0000][1][safepoint    ] Total time for which application threads were stopped: 0.0000966 seconds, Stopping threads took: 0.0000211 seconds
[2019-12-09T07:06:14.041+0000][1][safepoint    ] Application time: 1.0000802 seconds
[2019-12-09T07:06:14.041+0000][1][safepoint    ] Entering safepoint region: Cleanup
[2019-12-09T07:06:14.041+0000][1][safepoint    ] Leaving safepoint region
[2019-12-09T07:06:14.041+0000][1][safepoint    ] Total time for which application threads were stopped: 0.0000983 seconds, Stopping threads took: 0.0000198 seconds
[2019-12-09T07:06:15.041+0000][1][safepoint    ] Application time: 1.0000783 seconds
[2019-12-09T07:06:15.041+0000][1][safepoint    ] Entering safepoint region: Cleanup
[2019-12-09T07:06:15.041+0000][1][safepoint    ] Leaving safepoint region
[2019-12-09T07:06:15.041+0000][1][safepoint    ] Total time for which application threads were stopped: 0.0000980 seconds, Stopping threads took: 0.0000228 seconds
[2019-12-09T07:06:18.041+0000][1][safepoint    ] Application time: 3.0002136 seconds
[2019-12-09T07:06:18.041+0000][1][safepoint    ] Entering safepoint region: Cleanup
[2019-12-09T07:06:18.041+0000][1][safepoint    ] Leaving safepoint region
[2019-12-09T07:06:18.041+0000][1][safepoint    ] Total time for which application threads were stopped: 0.0000977 seconds, Stopping threads took: 0.0000194 seconds
[2019-12-09T07:06:21.042+0000][1][safepoint    ] Application time: 3.0002105 seconds
[2019-12-09T07:06:21.042+0000][1][safepoint    ] Entering safepoint region: Cleanup
[2019-12-09T07:06:21.042+0000][1][safepoint    ] Leaving safepoint region
[2019-12-09T07:06:21.042+0000][1][safepoint    ] Total time for which application threads were stopped: 0.0000941 seconds, Stopping threads took: 0.0000209 seconds
[2019-12-09T07:06:23.042+0000][1][safepoint    ] Application time: 2.0001433 seconds
[2019-12-09T07:06:23.042+0000][1][safepoint    ] Entering safepoint region: Cleanup
[2019-12-09T07:06:23.042+0000][1][safepoint    ] Leaving safepoint region
[2019-12-09T07:06:23.042+0000][1][safepoint    ] Total time for which application threads were stopped: 0.0000937 seconds, Stopping threads took: 0.0000178 seconds
[2019-12-09T07:06:24.042+0000][1][safepoint    ] Application time: 1.0000840 seconds
[2019-12-09T07:06:24.042+0000][1][safepoint    ] Entering safepoint region: Cleanup
[2019-12-09T07:06:24.042+0000][1][safepoint    ] Leaving safepoint region
[2019-12-09T07:06:24.042+0000][1][safepoint    ] Total time for which application threads were stopped: 0.0001002 seconds, Stopping threads took: 0.0000203 seconds
[2019-12-09T07:06:27.043+0000][1][safepoint    ] Application time: 3.0002216 seconds
[2019-12-09T07:06:27.043+0000][1][safepoint    ] Entering safepoint region: Cleanup
[2019-12-09T07:06:27.043+0000][1][safepoint    ] Leaving safepoint region
[2019-12-09T07:06:27.043+0000][1][safepoint    ] Total time for which application threads were stopped: 0.0001333 seconds, Stopping threads took: 0.0000214 seconds
[2019-12-09T07:06:28.043+0000][1][safepoint    ] Application time: 1.0000783 seconds
[2019-12-09T07:06:28.043+0000][1][safepoint    ] Entering safepoint region: Cleanup
[2019-12-09T07:06:28.043+0000][1][safepoint    ] Leaving safepoint region
[2019-12-09T07:06:28.043+0000][1][safepoint    ] Total time for which application threads were stopped: 0.0000917 seconds, Stopping threads took: 0.0000180 seconds
[2019-12-09T07:06:30.043+0000][1][safepoint    ] Application time: 2.0001432 seconds
[2019-12-09T07:06:30.043+0000][1][safepoint    ] Entering safepoint region: Cleanup
[2019-12-09T07:06:30.043+0000][1][safepoint    ] Leaving safepoint region
[2019-12-09T07:06:30.043+0000][1][safepoint    ] Total time for which application threads were stopped: 0.0000988 seconds, Stopping threads took: 0.0000197 seconds
[2019-12-09T07:06:35.044+0000][1][safepoint    ] Application time: 5.0003546 seconds
[2019-12-09T07:06:35.044+0000][1][safepoint    ] Entering safepoint region: Cleanup
[2019-12-09T07:06:35.044+0000][1][safepoint    ] Leaving safepoint region
[2019-12-09T07:06:35.044+0000][1][safepoint    ] Total time for which application threads were stopped: 0.0001102 seconds, Stopping threads took: 0.0000224 seconds
[2019-12-09T07:06:40.044+0000][1][safepoint    ] Application time: 5.0003506 seconds
[2019-12-09T07:06:40.044+0000][1][safepoint    ] Entering safepoint region: Cleanup
[2019-12-09T07:06:40.044+0000][1][safepoint    ] Leaving safepoint region
[2019-12-09T07:06:40.044+0000][1][safepoint    ] Total time for which application threads were stopped: 0.0000978 seconds, Stopping threads took: 0.0000250 seconds
[2019-12-09T07:06:42.044+0000][1][safepoint    ] Application time: 2.0001441 seconds
[2019-12-09T07:06:42.044+0000][1][safepoint    ] Entering safepoint region: Cleanup
[2019-12-09T07:06:42.045+0000][1][safepoint    ] Leaving safepoint region
[2019-12-09T07:06:42.045+0000][1][safepoint    ] Total time for which application threads were stopped: 0.0000986 seconds, Stopping threads took: 0.0000206 seconds
[2019-12-09T07:06:43.045+0000][1][safepoint    ] Application time: 1.0000760 seconds
[2019-12-09T07:06:43.045+0000][1][safepoint    ] Entering safepoint region: Cleanup
[2019-12-09T07:06:43.045+0000][1][safepoint    ] Leaving safepoint region
[2019-12-09T07:06:43.045+0000][1][safepoint    ] Total time for which application threads were stopped: 0.0001026 seconds, Stopping threads took: 0.0000215 seconds
[2019-12-09T07:06:44.045+0000][1][safepoint    ] Application time: 1.0000767 seconds
[2019-12-09T07:06:44.045+0000][1][safepoint    ] Entering safepoint region: Cleanup
[2019-12-09T07:06:44.045+0000][1][safepoint    ] Leaving safepoint region
[2019-12-09T07:06:44.045+0000][1][safepoint    ] Total time for which application threads were stopped: 0.0000900 seconds, Stopping threads took: 0.0000187 seconds
[2019-12-09T07:06:45.047+0000][1][safepoint    ] Application time: 1.0017770 seconds
[2019-12-09T07:06:45.047+0000][1][safepoint    ] Entering safepoint region: Cleanup
[2019-12-09T07:06:45.047+0000][1][safepoint    ] Leaving safepoint region
[2019-12-09T07:06:45.047+0000][1][safepoint    ] Total time for which application threads were stopped: 0.0001115 seconds, Stopping threads took: 0.0000225 seconds
[2019-12-09T07:06:46.047+0000][1][safepoint    ] Application time: 1.0000767 seconds
[2019-12-09T07:06:46.047+0000][1][safepoint    ] Entering safepoint region: Cleanup
[2019-12-09T07:06:46.047+0000][1][safepoint    ] Leaving safepoint region
[2019-12-09T07:06:46.047+0000][1][safepoint    ] Total time for which application threads were stopped: 0.0000916 seconds, Stopping threads took: 0.0000201 seconds
[2019-12-09T07:06:47.047+0000][1][safepoint    ] Application time: 1.0000764 seconds
[2019-12-09T07:06:47.047+0000][1][safepoint    ] Entering safepoint region: Cleanup
[2019-12-09T07:06:47.047+0000][1][safepoint    ] Leaving safepoint region
[2019-12-09T07:06:47.047+0000][1][safepoint    ] Total time for which application threads were stopped: 0.0000904 seconds, Stopping threads took: 0.0000186 seconds
[2019-12-09T07:06:48.047+0000][1][safepoint    ] Application time: 1.0000839 seconds
[2019-12-09T07:06:48.047+0000][1][safepoint    ] Entering safepoint region: Cleanup
[2019-12-09T07:06:48.048+0000][1][safepoint    ] Leaving safepoint region
[2019-12-09T07:06:48.048+0000][1][safepoint    ] Total time for which application threads were stopped: 0.0000946 seconds, Stopping threads took: 0.0000211 seconds
[2019-12-09T07:06:49.048+0000][1][safepoint    ] Application time: 1.0000768 seconds
[2019-12-09T07:06:49.048+0000][1][safepoint    ] Entering safepoint region: Cleanup
[2019-12-09T07:06:49.048+0000][1][safepoint    ] Leaving safepoint region
[2019-12-09T07:06:49.048+0000][1][safepoint    ] Total time for which application threads were stopped: 0.0001014 seconds, Stopping threads took: 0.0000198 seconds
[2019-12-09T07:06:50.048+0000][1][safepoint    ] Application time: 1.0000766 seconds
[2019-12-09T07:06:50.048+0000][1][safepoint    ] Entering safepoint region: Cleanup
[2019-12-09T07:06:50.048+0000][1][safepoint    ] Leaving safepoint region
[2019-12-09T07:06:50.048+0000][1][safepoint    ] Total time for which application threads were stopped: 0.0000896 seconds, Stopping threads took: 0.0000187 seconds
[2019-12-09T07:06:51.048+0000][1][safepoint    ] Application time: 1.0000758 seconds
[2019-12-09T07:06:51.048+0000][1][safepoint    ] Entering safepoint region: Cleanup
[2019-12-09T07:06:51.048+0000][1][safepoint    ] Leaving safepoint region
[2019-12-09T07:06:51.048+0000][1][safepoint    ] Total time for which application threads were stopped: 0.0001059 seconds, Stopping threads took: 0.0000188 seconds
[2019-12-09T07:06:52.048+0000][1][safepoint    ] Application time: 1.0000777 seconds
[2019-12-09T07:06:52.048+0000][1][safepoint    ] Entering safepoint region: Cleanup
[2019-12-09T07:06:52.048+0000][1][safepoint    ] Leaving safepoint region
[2019-12-09T07:06:52.048+0000][1][safepoint    ] Total time for which application threads were stopped: 0.0000877 seconds, Stopping threads took: 0.0000186 seconds
[2019-12-09T07:06:52.599+0000][1][safepoint    ] Application time: 0.5501185 seconds
[2019-12-09T07:06:52.599+0000][1][safepoint    ] Entering safepoint region: GenCollectForAllocation
[2019-12-09T07:06:52.599+0000][1][gc,start     ] GC(32) Pause Young (Allocation Failure)
[2019-12-09T07:06:52.599+0000][1][gc,task      ] GC(32) Using 2 workers of 2 for evacuation
[2019-12-09T07:06:52.626+0000][1][gc,age       ] GC(32) Desired survivor size 4456448 bytes, new threshold 6 (max threshold 6)
[2019-12-09T07:06:52.626+0000][1][gc,age       ] GC(32) Age table with threshold 6 (max threshold 6)
[2019-12-09T07:06:52.626+0000][1][gc,age       ] GC(32) - age   1:    1018168 bytes,    1018168 total
[2019-12-09T07:06:52.626+0000][1][gc,age       ] GC(32) - age   2:       2704 bytes,    1020872 total
[2019-12-09T07:06:52.626+0000][1][gc,age       ] GC(32) - age   3:       4384 bytes,    1025256 total
[2019-12-09T07:06:52.626+0000][1][gc,age       ] GC(32) - age   4:     100760 bytes,    1126016 total
[2019-12-09T07:06:52.626+0000][1][gc,age       ] GC(32) - age   5:      11032 bytes,    1137048 total
[2019-12-09T07:06:52.626+0000][1][gc,age       ] GC(32) - age   6:      45112 bytes,    1182160 total
[2019-12-09T07:06:52.626+0000][1][gc,heap      ] GC(32) ParNew: 71944K->2367K(78656K)
[2019-12-09T07:06:52.626+0000][1][gc,heap      ] GC(32) CMS: 70190K->70741K(174784K)
[2019-12-09T07:06:52.626+0000][1][gc,metaspace ] GC(32) Metaspace: 75324K->75324K(1118208K)
[2019-12-09T07:06:52.626+0000][1][gc           ] GC(32) Pause Young (Allocation Failure) 138M->71M(247M) 27.438ms
[2019-12-09T07:06:52.626+0000][1][gc,cpu       ] GC(32) User=0.01s Sys=0.00s Real=0.03s
[2019-12-09T07:06:52.626+0000][1][safepoint    ] Leaving safepoint region
[2019-12-09T07:06:52.626+0000][1][safepoint    ] Total time for which application threads were stopped: 0.0276773 seconds, Stopping threads took: 0.0000231 seconds
[2019-12-09T07:06:53.626+0000][1][safepoint    ] Application time: 1.0000863 seconds
[2019-12-09T07:06:53.626+0000][1][safepoint    ] Entering safepoint region: Cleanup
[2019-12-09T07:06:53.626+0000][1][safepoint    ] Leaving safepoint region
[2019-12-09T07:06:53.626+0000][1][safepoint    ] Total time for which application threads were stopped: 0.0000974 seconds, Stopping threads took: 0.0000191 seconds
[2019-12-09T07:06:54.627+0000][1][safepoint    ] Application time: 1.0000768 seconds
[2019-12-09T07:06:54.627+0000][1][safepoint    ] Entering safepoint region: Cleanup
[2019-12-09T07:06:54.627+0000][1][safepoint    ] Leaving safepoint region
[2019-12-09T07:06:54.627+0000][1][safepoint    ] Total time for which application threads were stopped: 0.0001052 seconds, Stopping threads took: 0.0000234 seconds
[2019-12-09T07:06:55.627+0000][1][safepoint    ] Application time: 1.0000828 seconds
[2019-12-09T07:06:55.627+0000][1][safepoint    ] Entering safepoint region: Cleanup
[2019-12-09T07:06:55.627+0000][1][safepoint    ] Leaving safepoint region
[2019-12-09T07:06:55.627+0000][1][safepoint    ] Total time for which application threads were stopped: 0.0000965 seconds, Stopping threads took: 0.0000181 seconds
[2019-12-09T07:06:56.627+0000][1][safepoint    ] Application time: 1.0000764 seconds
[2019-12-09T07:06:56.627+0000][1][safepoint    ] Entering safepoint region: Cleanup
[2019-12-09T07:06:56.627+0000][1][safepoint    ] Leaving safepoint region
[2019-12-09T07:06:56.627+0000][1][safepoint    ] Total time for which application threads were stopped: 0.0000918 seconds, Stopping threads took: 0.0000219 seconds
[2019-12-09T07:06:57.627+0000][1][safepoint    ] Application time: 1.0000749 seconds
[2019-12-09T07:06:57.627+0000][1][safepoint    ] Entering safepoint region: Cleanup
[2019-12-09T07:06:57.627+0000][1][safepoint    ] Leaving safepoint region
[2019-12-09T07:06:57.627+0000][1][safepoint    ] Total time for which application threads were stopped: 0.0000925 seconds, Stopping threads took: 0.0000202 seconds
[2019-12-09T07:06:58.627+0000][1][safepoint    ] Application time: 1.0000745 seconds
[2019-12-09T07:06:58.627+0000][1][safepoint    ] Entering safepoint region: Cleanup
[2019-12-09T07:06:58.628+0000][1][safepoint    ] Leaving safepoint region
[2019-12-09T07:06:58.628+0000][1][safepoint    ] Total time for which application threads were stopped: 0.0000982 seconds, Stopping threads took: 0.0000185 seconds
[2019-12-09T07:06:59.628+0000][1][safepoint    ] Application time: 1.0000850 seconds
[2019-12-09T07:06:59.628+0000][1][safepoint    ] Entering safepoint region: Cleanup
[2019-12-09T07:06:59.628+0000][1][safepoint    ] Leaving safepoint region
[2019-12-09T07:06:59.628+0000][1][safepoint    ] Total time for which application threads were stopped: 0.0000954 seconds, Stopping threads took: 0.0000188 seconds
[2019-12-09T07:07:00.628+0000][1][safepoint    ] Application time: 1.0000736 seconds
[2019-12-09T07:07:00.628+0000][1][safepoint    ] Entering safepoint region: Cleanup
[2019-12-09T07:07:00.628+0000][1][safepoint    ] Leaving safepoint region
[2019-12-09T07:07:00.628+0000][1][safepoint    ] Total time for which application threads were stopped: 0.0000901 seconds, Stopping threads took: 0.0000195 seconds
[2019-12-09T07:07:01.628+0000][1][safepoint    ] Application time: 1.0000780 seconds
[2019-12-09T07:07:01.628+0000][1][safepoint    ] Entering safepoint region: Cleanup
[2019-12-09T07:07:01.628+0000][1][safepoint    ] Leaving safepoint region
[2019-12-09T07:07:01.628+0000][1][safepoint    ] Total time for which application threads were stopped: 0.0000907 seconds, Stopping threads took: 0.0000207 seconds
[2019-12-09T07:07:02.628+0000][1][safepoint    ] Application time: 1.0000763 seconds
[2019-12-09T07:07:02.628+0000][1][safepoint    ] Entering safepoint region: Cleanup
[2019-12-09T07:07:02.628+0000][1][safepoint    ] Leaving safepoint region
[2019-12-09T07:07:02.628+0000][1][safepoint    ] Total time for which application threads were stopped: 0.0000903 seconds, Stopping threads took: 0.0000191 seconds
[2019-12-09T07:07:03.629+0000][1][safepoint    ] Application time: 1.0000761 seconds
[2019-12-09T07:07:03.629+0000][1][safepoint    ] Entering safepoint region: Cleanup
[2019-12-09T07:07:03.629+0000][1][safepoint    ] Leaving safepoint region
[2019-12-09T07:07:03.629+0000][1][safepoint    ] Total time for which application threads were stopped: 0.0000919 seconds, Stopping threads took: 0.0000194 seconds
[2019-12-09T07:07:04.629+0000][1][safepoint    ] Application time: 1.0000874 seconds
[2019-12-09T07:07:04.629+0000][1][safepoint    ] Entering safepoint region: Cleanup
[2019-12-09T07:07:04.629+0000][1][safepoint    ] Leaving safepoint region
[2019-12-09T07:07:04.629+0000][1][safepoint    ] Total time for which application threads were stopped: 0.0000974 seconds, Stopping threads took: 0.0000212 seconds
[2019-12-09T07:07:05.629+0000][1][safepoint    ] Application time: 1.0000759 seconds
[2019-12-09T07:07:05.629+0000][1][safepoint    ] Entering safepoint region: Cleanup
[2019-12-09T07:07:05.629+0000][1][safepoint    ] Leaving safepoint region
[2019-12-09T07:07:05.629+0000][1][safepoint    ] Total time for which application threads were stopped: 0.0000970 seconds, Stopping threads took: 0.0000210 seconds
[2019-12-09T07:07:06.629+0000][1][safepoint    ] Application time: 1.0000781 seconds
[2019-12-09T07:07:06.629+0000][1][safepoint    ] Entering safepoint region: Cleanup
[2019-12-09T07:07:06.629+0000][1][safepoint    ] Leaving safepoint region
[2019-12-09T07:07:06.629+0000][1][safepoint    ] Total time for which application threads were stopped: 0.0000922 seconds, Stopping threads took: 0.0000191 seconds
[2019-12-09T07:07:07.629+0000][1][safepoint    ] Application time: 1.0000784 seconds
[2019-12-09T07:07:07.629+0000][1][safepoint    ] Entering safepoint region: Cleanup
[2019-12-09T07:07:07.630+0000][1][safepoint    ] Leaving safepoint region
[2019-12-09T07:07:07.630+0000][1][safepoint    ] Total time for which application threads were stopped: 0.0000960 seconds, Stopping threads took: 0.0000214 seconds
[2019-12-09T07:07:08.630+0000][1][safepoint    ] Application time: 1.0000766 seconds
[2019-12-09T07:07:08.630+0000][1][safepoint    ] Entering safepoint region: Cleanup
[2019-12-09T07:07:08.630+0000][1][safepoint    ] Leaving safepoint region
[2019-12-09T07:07:08.630+0000][1][safepoint    ] Total time for which application threads were stopped: 0.0001028 seconds, Stopping threads took: 0.0000279 seconds
[2019-12-09T07:07:09.630+0000][1][safepoint    ] Application time: 1.0000805 seconds
[2019-12-09T07:07:09.630+0000][1][safepoint    ] Entering safepoint region: Cleanup
[2019-12-09T07:07:09.630+0000][1][safepoint    ] Leaving safepoint region
[2019-12-09T07:07:09.630+0000][1][safepoint    ] Total time for which application threads were stopped: 0.0001330 seconds, Stopping threads took: 0.0000387 seconds
[2019-12-09T07:07:10.630+0000][1][safepoint    ] Application time: 1.0000761 seconds
[2019-12-09T07:07:10.630+0000][1][safepoint    ] Entering safepoint region: Cleanup
[2019-12-09T07:07:10.630+0000][1][safepoint    ] Leaving safepoint region
[2019-12-09T07:07:10.630+0000][1][safepoint    ] Total time for which application threads were stopped: 0.0000891 seconds, Stopping threads took: 0.0000190 seconds
[2019-12-09T07:07:11.630+0000][1][safepoint    ] Application time: 1.0000752 seconds
[2019-12-09T07:07:11.630+0000][1][safepoint    ] Entering safepoint region: Cleanup
[2019-12-09T07:07:11.630+0000][1][safepoint    ] Leaving safepoint region
[2019-12-09T07:07:11.630+0000][1][safepoint    ] Total time for which application threads were stopped: 0.0000922 seconds, Stopping threads took: 0.0000220 seconds
[2019-12-09T07:07:12.631+0000][1][safepoint    ] Application time: 1.0000765 seconds
[2019-12-09T07:07:12.631+0000][1][safepoint    ] Entering safepoint region: Cleanup
[2019-12-09T07:07:12.631+0000][1][safepoint    ] Leaving safepoint region
[2019-12-09T07:07:12.631+0000][1][safepoint    ] Total time for which application threads were stopped: 0.0001012 seconds, Stopping threads took: 0.0000182 seconds
[2019-12-09T07:07:13.631+0000][1][safepoint    ] Application time: 1.0000748 seconds
[2019-12-09T07:07:13.631+0000][1][safepoint    ] Entering safepoint region: Cleanup
[2019-12-09T07:07:13.631+0000][1][safepoint    ] Leaving safepoint region
[2019-12-09T07:07:13.631+0000][1][safepoint    ] Total time for which application threads were stopped: 0.0001146 seconds, Stopping threads took: 0.0000190 seconds
[2019-12-09T07:07:14.631+0000][1][safepoint    ] Application time: 1.0000763 seconds
[2019-12-09T07:07:14.631+0000][1][safepoint    ] Entering safepoint region: Cleanup
[2019-12-09T07:07:14.631+0000][1][safepoint    ] Leaving safepoint region
[2019-12-09T07:07:14.631+0000][1][safepoint    ] Total time for which application threads were stopped: 0.0000907 seconds, Stopping threads took: 0.0000203 seconds
[2019-12-09T07:07:15.631+0000][1][safepoint    ] Application time: 1.0000749 seconds
[2019-12-09T07:07:15.631+0000][1][safepoint    ] Entering safepoint region: Cleanup
[2019-12-09T07:07:15.631+0000][1][safepoint    ] Leaving safepoint region
[2019-12-09T07:07:15.631+0000][1][safepoint    ] Total time for which application threads were stopped: 0.0000940 seconds, Stopping threads took: 0.0000195 seconds
[2019-12-09T07:07:16.631+0000][1][safepoint    ] Application time: 1.0000762 seconds
[2019-12-09T07:07:16.631+0000][1][safepoint    ] Entering safepoint region: Cleanup
[2019-12-09T07:07:16.632+0000][1][safepoint    ] Leaving safepoint region
[2019-12-09T07:07:16.632+0000][1][safepoint    ] Total time for which application threads were stopped: 0.0000919 seconds, Stopping threads took: 0.0000206 seconds
[2019-12-09T07:07:17.632+0000][1][safepoint    ] Application time: 1.0000767 seconds
[2019-12-09T07:07:17.632+0000][1][safepoint    ] Entering safepoint region: Cleanup
[2019-12-09T07:07:17.632+0000][1][safepoint    ] Leaving safepoint region
[2019-12-09T07:07:17.632+0000][1][safepoint    ] Total time for which application threads were stopped: 0.0000896 seconds, Stopping threads took: 0.0000190 seconds
[2019-12-09T07:07:18.632+0000][1][safepoint    ] Application time: 1.0000775 seconds
[2019-12-09T07:07:18.632+0000][1][safepoint    ] Entering safepoint region: Cleanup
[2019-12-09T07:07:18.632+0000][1][safepoint    ] Leaving safepoint region
[2019-12-09T07:07:18.632+0000][1][safepoint    ] Total time for which application threads were stopped: 0.0001105 seconds, Stopping threads took: 0.0000190 seconds
[2019-12-09T07:07:19.632+0000][1][safepoint    ] Application time: 1.0000757 seconds
[2019-12-09T07:07:19.632+0000][1][safepoint    ] Entering safepoint region: Cleanup
[2019-12-09T07:07:19.632+0000][1][safepoint    ] Leaving safepoint region
[2019-12-09T07:07:19.632+0000][1][safepoint    ] Total time for which application threads were stopped: 0.0000911 seconds, Stopping threads took: 0.0000191 seconds
[2019-12-09T07:07:20.632+0000][1][safepoint    ] Application time: 1.0000763 seconds
[2019-12-09T07:07:20.632+0000][1][safepoint    ] Entering safepoint region: Cleanup
[2019-12-09T07:07:20.632+0000][1][safepoint    ] Leaving safepoint region
[2019-12-09T07:07:20.632+0000][1][safepoint    ] Total time for which application threads were stopped: 0.0000905 seconds, Stopping threads took: 0.0000193 seconds
[2019-12-09T07:07:21.633+0000][1][safepoint    ] Application time: 1.0000762 seconds
[2019-12-09T07:07:21.633+0000][1][safepoint    ] Entering safepoint region: Cleanup
[2019-12-09T07:07:21.633+0000][1][safepoint    ] Leaving safepoint region
[2019-12-09T07:07:21.633+0000][1][safepoint    ] Total time for which application threads were stopped: 0.0000899 seconds, Stopping threads took: 0.0000202 seconds
[2019-12-09T07:07:22.633+0000][1][safepoint    ] Application time: 1.0000774 seconds
[2019-12-09T07:07:22.633+0000][1][safepoint    ] Entering safepoint region: Cleanup
[2019-12-09T07:07:22.633+0000][1][safepoint    ] Leaving safepoint region
[2019-12-09T07:07:22.633+0000][1][safepoint    ] Total time for which application threads were stopped: 0.0001137 seconds, Stopping threads took: 0.0000205 seconds
[2019-12-09T07:07:23.633+0000][1][safepoint    ] Application time: 1.0000741 seconds
[2019-12-09T07:07:23.633+0000][1][safepoint    ] Entering safepoint region: Cleanup
[2019-12-09T07:07:23.633+0000][1][safepoint    ] Leaving safepoint region
[2019-12-09T07:07:23.633+0000][1][safepoint    ] Total time for which application threads were stopped: 0.0000962 seconds, Stopping threads took: 0.0000193 seconds
[2019-12-09T07:07:24.633+0000][1][safepoint    ] Application time: 1.0000739 seconds
[2019-12-09T07:07:24.633+0000][1][safepoint    ] Entering safepoint region: Cleanup
[2019-12-09T07:07:24.633+0000][1][safepoint    ] Leaving safepoint region
[2019-12-09T07:07:24.633+0000][1][safepoint    ] Total time for which application threads were stopped: 0.0000911 seconds, Stopping threads took: 0.0000201 seconds
[2019-12-09T07:07:25.633+0000][1][safepoint    ] Application time: 1.0000762 seconds
[2019-12-09T07:07:25.633+0000][1][safepoint    ] Entering safepoint region: Cleanup
[2019-12-09T07:07:25.634+0000][1][safepoint    ] Leaving safepoint region
[2019-12-09T07:07:25.634+0000][1][safepoint    ] Total time for which application threads were stopped: 0.0000958 seconds, Stopping threads took: 0.0000203 seconds
[2019-12-09T07:07:26.634+0000][1][safepoint    ] Application time: 1.0000782 seconds
[2019-12-09T07:07:26.634+0000][1][safepoint    ] Entering safepoint region: Cleanup
[2019-12-09T07:07:26.634+0000][1][safepoint    ] Leaving safepoint region
[2019-12-09T07:07:26.634+0000][1][safepoint    ] Total time for which application threads were stopped: 0.0001004 seconds, Stopping threads took: 0.0000309 seconds
[2019-12-09T07:07:27.634+0000][1][safepoint    ] Application time: 1.0000746 seconds
[2019-12-09T07:07:27.634+0000][1][safepoint    ] Entering safepoint region: Cleanup
[2019-12-09T07:07:27.634+0000][1][safepoint    ] Leaving safepoint region
[2019-12-09T07:07:27.634+0000][1][safepoint    ] Total time for which application threads were stopped: 0.0000891 seconds, Stopping threads took: 0.0000190 seconds
[2019-12-09T07:07:28.634+0000][1][safepoint    ] Application time: 1.0000763 seconds
[2019-12-09T07:07:28.634+0000][1][safepoint    ] Entering safepoint region: Cleanup
[2019-12-09T07:07:28.634+0000][1][safepoint    ] Leaving safepoint region
[2019-12-09T07:07:28.634+0000][1][safepoint    ] Total time for which application threads were stopped: 0.0000959 seconds, Stopping threads took: 0.0000203 seconds
[2019-12-09T07:07:29.634+0000][1][safepoint    ] Application time: 1.0000759 seconds
[2019-12-09T07:07:29.634+0000][1][safepoint    ] Entering safepoint region: Cleanup
[2019-12-09T07:07:29.634+0000][1][safepoint    ] Leaving safepoint region
[2019-12-09T07:07:29.634+0000][1][safepoint    ] Total time for which application threads were stopped: 0.0000919 seconds, Stopping threads took: 0.0000208 seconds
[2019-12-09T07:07:30.634+0000][1][safepoint    ] Application time: 1.0000776 seconds
[2019-12-09T07:07:30.635+0000][1][safepoint    ] Entering safepoint region: Cleanup
[2019-12-09T07:07:30.635+0000][1][safepoint    ] Leaving safepoint region
[2019-12-09T07:07:30.635+0000][1][safepoint    ] Total time for which application threads were stopped: 0.0000885 seconds, Stopping threads took: 0.0000188 seconds
[2019-12-09T07:07:31.635+0000][1][safepoint    ] Application time: 1.0000756 seconds
[2019-12-09T07:07:31.635+0000][1][safepoint    ] Entering safepoint region: Cleanup
[2019-12-09T07:07:31.635+0000][1][safepoint    ] Leaving safepoint region
[2019-12-09T07:07:31.635+0000][1][safepoint    ] Total time for which application threads were stopped: 0.0000965 seconds, Stopping threads took: 0.0000211 seconds
[2019-12-09T07:07:32.635+0000][1][safepoint    ] Application time: 1.0000760 seconds
[2019-12-09T07:07:32.635+0000][1][safepoint    ] Entering safepoint region: Cleanup
[2019-12-09T07:07:32.635+0000][1][safepoint    ] Leaving safepoint region
[2019-12-09T07:07:32.635+0000][1][safepoint    ] Total time for which application threads were stopped: 0.0000902 seconds, Stopping threads took: 0.0000202 seconds
[2019-12-09T07:07:33.635+0000][1][safepoint    ] Application time: 1.0000866 seconds
[2019-12-09T07:07:33.635+0000][1][safepoint    ] Entering safepoint region: Cleanup
[2019-12-09T07:07:33.635+0000][1][safepoint    ] Leaving safepoint region
[2019-12-09T07:07:33.635+0000][1][safepoint    ] Total time for which application threads were stopped: 0.0001097 seconds, Stopping threads took: 0.0000206 seconds
[2019-12-09T07:07:34.635+0000][1][safepoint    ] Application time: 1.0000814 seconds
[2019-12-09T07:07:34.635+0000][1][safepoint    ] Entering safepoint region: Cleanup
[2019-12-09T07:07:34.635+0000][1][safepoint    ] Leaving safepoint region
[2019-12-09T07:07:34.635+0000][1][safepoint    ] Total time for which application threads were stopped: 0.0000913 seconds, Stopping threads took: 0.0000198 seconds
[2019-12-09T07:07:35.636+0000][1][safepoint    ] Application time: 1.0000770 seconds
[2019-12-09T07:07:35.636+0000][1][safepoint    ] Entering safepoint region: Cleanup
[2019-12-09T07:07:35.636+0000][1][safepoint    ] Leaving safepoint region
[2019-12-09T07:07:35.636+0000][1][safepoint    ] Total time for which application threads were stopped: 0.0001100 seconds, Stopping threads took: 0.0000195 seconds
[2019-12-09T07:07:35.959+0000][1][safepoint    ] Application time: 0.3231228 seconds
[2019-12-09T07:07:35.959+0000][1][safepoint    ] Entering safepoint region: GenCollectForAllocation
[2019-12-09T07:07:35.959+0000][1][gc,start     ] GC(33) Pause Young (Allocation Failure)
[2019-12-09T07:07:35.959+0000][1][gc,task      ] GC(33) Using 2 workers of 2 for evacuation
[2019-12-09T07:07:35.962+0000][1][gc,age       ] GC(33) Desired survivor size 4456448 bytes, new threshold 6 (max threshold 6)
[2019-12-09T07:07:35.962+0000][1][gc,age       ] GC(33) Age table with threshold 6 (max threshold 6)
[2019-12-09T07:07:35.962+0000][1][gc,age       ] GC(33) - age   1:     758096 bytes,     758096 total
[2019-12-09T07:07:35.962+0000][1][gc,age       ] GC(33) - age   2:       3152 bytes,     761248 total
[2019-12-09T07:07:35.962+0000][1][gc,age       ] GC(33) - age   3:       2704 bytes,     763952 total
[2019-12-09T07:07:35.962+0000][1][gc,age       ] GC(33) - age   4:       4384 bytes,     768336 total
[2019-12-09T07:07:35.962+0000][1][gc,age       ] GC(33) - age   5:     100760 bytes,     869096 total
[2019-12-09T07:07:35.962+0000][1][gc,age       ] GC(33) - age   6:      11032 bytes,     880128 total
[2019-12-09T07:07:35.962+0000][1][gc,heap      ] GC(33) ParNew: 72319K->1019K(78656K)
[2019-12-09T07:07:35.962+0000][1][gc,heap      ] GC(33) CMS: 70741K->70785K(174784K)
[2019-12-09T07:07:35.962+0000][1][gc,metaspace ] GC(33) Metaspace: 75483K->75483K(1118208K)
[2019-12-09T07:07:35.962+0000][1][gc           ] GC(33) Pause Young (Allocation Failure) 139M->70M(247M) 2.619ms
[2019-12-09T07:07:35.962+0000][1][gc,cpu       ] GC(33) User=0.01s Sys=0.00s Real=0.00s
[2019-12-09T07:07:35.962+0000][1][safepoint    ] Leaving safepoint region
[2019-12-09T07:07:35.962+0000][1][safepoint    ] Total time for which application threads were stopped: 0.0027758 seconds, Stopping threads took: 0.0000190 seconds
[2019-12-09T07:07:36.962+0000][1][safepoint    ] Application time: 1.0000922 seconds
[2019-12-09T07:07:36.962+0000][1][safepoint    ] Entering safepoint region: Cleanup
[2019-12-09T07:07:36.962+0000][1][safepoint    ] Leaving safepoint region
[2019-12-09T07:07:36.962+0000][1][safepoint    ] Total time for which application threads were stopped: 0.0000912 seconds, Stopping threads took: 0.0000181 seconds
[2019-12-09T07:07:37.962+0000][1][safepoint    ] Application time: 1.0000765 seconds
[2019-12-09T07:07:37.962+0000][1][safepoint    ] Entering safepoint region: Cleanup
[2019-12-09T07:07:37.962+0000][1][safepoint    ] Leaving safepoint region
[2019-12-09T07:07:37.962+0000][1][safepoint    ] Total time for which application threads were stopped: 0.0000929 seconds, Stopping threads took: 0.0000200 seconds
[2019-12-09T07:07:38.962+0000][1][safepoint    ] Application time: 1.0000771 seconds
[2019-12-09T07:07:38.962+0000][1][safepoint    ] Entering safepoint region: Cleanup
[2019-12-09T07:07:38.962+0000][1][safepoint    ] Leaving safepoint region
[2019-12-09T07:07:38.962+0000][1][safepoint    ] Total time for which application threads were stopped: 0.0000915 seconds, Stopping threads took: 0.0000212 seconds
[2019-12-09T07:07:39.962+0000][1][safepoint    ] Application time: 1.0000763 seconds
[2019-12-09T07:07:39.962+0000][1][safepoint    ] Entering safepoint region: Cleanup
[2019-12-09T07:07:39.963+0000][1][safepoint    ] Leaving safepoint region
[2019-12-09T07:07:39.963+0000][1][safepoint    ] Total time for which application threads were stopped: 0.0001047 seconds, Stopping threads took: 0.0000263 seconds
[2019-12-09T07:07:40.963+0000][1][safepoint    ] Application time: 1.0000807 seconds
[2019-12-09T07:07:40.963+0000][1][safepoint    ] Entering safepoint region: Cleanup
[2019-12-09T07:07:40.963+0000][1][safepoint    ] Leaving safepoint region
[2019-12-09T07:07:40.963+0000][1][safepoint    ] Total time for which application threads were stopped: 0.0001549 seconds, Stopping threads took: 0.0000740 seconds
[2019-12-09T07:07:41.963+0000][1][safepoint    ] Application time: 1.0000803 seconds
[2019-12-09T07:07:41.963+0000][1][safepoint    ] Entering safepoint region: Cleanup
[2019-12-09T07:07:41.963+0000][1][safepoint    ] Leaving safepoint region
[2019-12-09T07:07:41.963+0000][1][safepoint    ] Total time for which application threads were stopped: 0.0001001 seconds, Stopping threads took: 0.0000210 seconds
[2019-12-09T07:07:42.963+0000][1][safepoint    ] Application time: 1.0000769 seconds
[2019-12-09T07:07:42.963+0000][1][safepoint    ] Entering safepoint region: Cleanup
[2019-12-09T07:07:42.963+0000][1][safepoint    ] Leaving safepoint region
[2019-12-09T07:07:42.963+0000][1][safepoint    ] Total time for which application threads were stopped: 0.0000886 seconds, Stopping threads took: 0.0000204 seconds
[2019-12-09T07:07:43.963+0000][1][safepoint    ] Application time: 1.0000751 seconds
[2019-12-09T07:07:43.963+0000][1][safepoint    ] Entering safepoint region: Cleanup
[2019-12-09T07:07:43.963+0000][1][safepoint    ] Leaving safepoint region
[2019-12-09T07:07:43.963+0000][1][safepoint    ] Total time for which application threads were stopped: 0.0000862 seconds, Stopping threads took: 0.0000187 seconds
[2019-12-09T07:07:44.964+0000][1][safepoint    ] Application time: 1.0000760 seconds
[2019-12-09T07:07:44.964+0000][1][safepoint    ] Entering safepoint region: Cleanup
[2019-12-09T07:07:44.964+0000][1][safepoint    ] Leaving safepoint region
[2019-12-09T07:07:44.964+0000][1][safepoint    ] Total time for which application threads were stopped: 0.0001047 seconds, Stopping threads took: 0.0000210 seconds
[2019-12-09T07:07:45.964+0000][1][safepoint    ] Application time: 1.0000768 seconds
[2019-12-09T07:07:45.964+0000][1][safepoint    ] Entering safepoint region: Cleanup
[2019-12-09T07:07:45.964+0000][1][safepoint    ] Leaving safepoint region
[2019-12-09T07:07:45.964+0000][1][safepoint    ] Total time for which application threads were stopped: 0.0000873 seconds, Stopping threads took: 0.0000196 seconds
[2019-12-09T07:07:46.964+0000][1][safepoint    ] Application time: 1.0000775 seconds
[2019-12-09T07:07:46.964+0000][1][safepoint    ] Entering safepoint region: Cleanup
[2019-12-09T07:07:46.964+0000][1][safepoint    ] Leaving safepoint region
[2019-12-09T07:07:46.964+0000][1][safepoint    ] Total time for which application threads were stopped: 0.0000922 seconds, Stopping threads took: 0.0000187 seconds
[2019-12-09T07:07:47.964+0000][1][safepoint    ] Application time: 1.0000762 seconds
[2019-12-09T07:07:47.964+0000][1][safepoint    ] Entering safepoint region: Cleanup
[2019-12-09T07:07:47.964+0000][1][safepoint    ] Leaving safepoint region
[2019-12-09T07:07:47.964+0000][1][safepoint    ] Total time for which application threads were stopped: 0.0000974 seconds, Stopping threads took: 0.0000200 seconds
[2019-12-09T07:07:48.964+0000][1][safepoint    ] Application time: 1.0000780 seconds
[2019-12-09T07:07:48.964+0000][1][safepoint    ] Entering safepoint region: Cleanup
[2019-12-09T07:07:48.965+0000][1][safepoint    ] Leaving safepoint region
[2019-12-09T07:07:48.965+0000][1][safepoint    ] Total time for which application threads were stopped: 0.0000854 seconds, Stopping threads took: 0.0000173 seconds
[2019-12-09T07:07:49.965+0000][1][safepoint    ] Application time: 1.0000757 seconds
[2019-12-09T07:07:49.965+0000][1][safepoint    ] Entering safepoint region: Cleanup
[2019-12-09T07:07:49.965+0000][1][safepoint    ] Leaving safepoint region
[2019-12-09T07:07:49.965+0000][1][safepoint    ] Total time for which application threads were stopped: 0.0001059 seconds, Stopping threads took: 0.0000221 seconds
[2019-12-09T07:07:50.965+0000][1][safepoint    ] Application time: 1.0000768 seconds
[2019-12-09T07:07:50.965+0000][1][safepoint    ] Entering safepoint region: Cleanup
[2019-12-09T07:07:50.965+0000][1][safepoint    ] Leaving safepoint region
[2019-12-09T07:07:50.965+0000][1][safepoint    ] Total time for which application threads were stopped: 0.0000875 seconds, Stopping threads took: 0.0000191 seconds
[2019-12-09T07:07:51.965+0000][1][safepoint    ] Application time: 1.0000761 seconds
[2019-12-09T07:07:51.965+0000][1][safepoint    ] Entering safepoint region: Cleanup
[2019-12-09T07:07:51.965+0000][1][safepoint    ] Leaving safepoint region
[2019-12-09T07:07:51.965+0000][1][safepoint    ] Total time for which application threads were stopped: 0.0001008 seconds, Stopping threads took: 0.0000262 seconds
[2019-12-09T07:07:52.965+0000][1][safepoint    ] Application time: 1.0000760 seconds
[2019-12-09T07:07:52.965+0000][1][safepoint    ] Entering safepoint region: Cleanup
[2019-12-09T07:07:52.965+0000][1][safepoint    ] Leaving safepoint region
[2019-12-09T07:07:52.965+0000][1][safepoint    ] Total time for which application threads were stopped: 0.0000871 seconds, Stopping threads took: 0.0000158 seconds
[2019-12-09T07:07:53.965+0000][1][safepoint    ] Application time: 1.0000764 seconds
[2019-12-09T07:07:53.966+0000][1][safepoint    ] Entering safepoint region: Cleanup
[2019-12-09T07:07:53.966+0000][1][safepoint    ] Leaving safepoint region
[2019-12-09T07:07:53.966+0000][1][safepoint    ] Total time for which application threads were stopped: 0.0000862 seconds, Stopping threads took: 0.0000174 seconds
[2019-12-09T07:07:54.966+0000][1][safepoint    ] Application time: 1.0000742 seconds
[2019-12-09T07:07:54.966+0000][1][safepoint    ] Entering safepoint region: Cleanup
[2019-12-09T07:07:54.966+0000][1][safepoint    ] Leaving safepoint region
[2019-12-09T07:07:54.966+0000][1][safepoint    ] Total time for which application threads were stopped: 0.0000902 seconds, Stopping threads took: 0.0000207 seconds
[2019-12-09T07:07:55.966+0000][1][safepoint    ] Application time: 1.0000770 seconds
[2019-12-09T07:07:55.966+0000][1][safepoint    ] Entering safepoint region: Cleanup
[2019-12-09T07:07:55.966+0000][1][safepoint    ] Leaving safepoint region
[2019-12-09T07:07:55.966+0000][1][safepoint    ] Total time for which application threads were stopped: 0.0000871 seconds, Stopping threads took: 0.0000188 seconds
[2019-12-09T07:07:56.966+0000][1][safepoint    ] Application time: 1.0000768 seconds
[2019-12-09T07:07:56.966+0000][1][safepoint    ] Entering safepoint region: Cleanup
[2019-12-09T07:07:56.966+0000][1][safepoint    ] Leaving safepoint region
[2019-12-09T07:07:56.966+0000][1][safepoint    ] Total time for which application threads were stopped: 0.0000866 seconds, Stopping threads took: 0.0000194 seconds
[2019-12-09T07:07:57.966+0000][1][safepoint    ] Application time: 1.0000760 seconds
[2019-12-09T07:07:57.966+0000][1][safepoint    ] Entering safepoint region: Cleanup
[2019-12-09T07:07:57.966+0000][1][safepoint    ] Leaving safepoint region
[2019-12-09T07:07:57.966+0000][1][safepoint    ] Total time for which application threads were stopped: 0.0000830 seconds, Stopping threads took: 0.0000182 seconds
[2019-12-09T07:07:58.967+0000][1][safepoint    ] Application time: 1.0000768 seconds
[2019-12-09T07:07:58.967+0000][1][safepoint    ] Entering safepoint region: Cleanup
[2019-12-09T07:07:58.967+0000][1][safepoint    ] Leaving safepoint region
[2019-12-09T07:07:58.967+0000][1][safepoint    ] Total time for which application threads were stopped: 0.0000915 seconds, Stopping threads took: 0.0000213 seconds
[2019-12-09T07:07:59.967+0000][1][safepoint    ] Application time: 1.0000772 seconds
[2019-12-09T07:07:59.967+0000][1][safepoint    ] Entering safepoint region: Cleanup
[2019-12-09T07:07:59.967+0000][1][safepoint    ] Leaving safepoint region
[2019-12-09T07:07:59.967+0000][1][safepoint    ] Total time for which application threads were stopped: 0.0000937 seconds, Stopping threads took: 0.0000194 seconds
[2019-12-09T07:08:00.967+0000][1][safepoint    ] Application time: 1.0000761 seconds
[2019-12-09T07:08:00.967+0000][1][safepoint    ] Entering safepoint region: Cleanup
[2019-12-09T07:08:00.967+0000][1][safepoint    ] Leaving safepoint region
[2019-12-09T07:08:00.967+0000][1][safepoint    ] Total time for which application threads were stopped: 0.0000914 seconds, Stopping threads took: 0.0000184 seconds
[2019-12-09T07:08:01.967+0000][1][safepoint    ] Application time: 1.0000797 seconds
[2019-12-09T07:08:01.967+0000][1][safepoint    ] Entering safepoint region: Cleanup
[2019-12-09T07:08:01.967+0000][1][safepoint    ] Leaving safepoint region
[2019-12-09T07:08:01.967+0000][1][safepoint    ] Total time for which application threads were stopped: 0.0001018 seconds, Stopping threads took: 0.0000281 seconds
[2019-12-09T07:08:02.967+0000][1][safepoint    ] Application time: 1.0000768 seconds
[2019-12-09T07:08:02.967+0000][1][safepoint    ] Entering safepoint region: Cleanup
[2019-12-09T07:08:02.967+0000][1][safepoint    ] Leaving safepoint region
[2019-12-09T07:08:02.967+0000][1][safepoint    ] Total time for which application threads were stopped: 0.0000858 seconds, Stopping threads took: 0.0000167 seconds
[2019-12-09T07:08:03.968+0000][1][safepoint    ] Application time: 1.0000742 seconds
[2019-12-09T07:08:03.968+0000][1][safepoint    ] Entering safepoint region: Cleanup
[2019-12-09T07:08:03.968+0000][1][safepoint    ] Leaving safepoint region
[2019-12-09T07:08:03.968+0000][1][safepoint    ] Total time for which application threads were stopped: 0.0000966 seconds, Stopping threads took: 0.0000195 seconds
[2019-12-09T07:08:04.968+0000][1][safepoint    ] Application time: 1.0000770 seconds
[2019-12-09T07:08:04.968+0000][1][safepoint    ] Entering safepoint region: Cleanup
[2019-12-09T07:08:04.968+0000][1][safepoint    ] Leaving safepoint region
[2019-12-09T07:08:04.968+0000][1][safepoint    ] Total time for which application threads were stopped: 0.0000888 seconds, Stopping threads took: 0.0000173 seconds
[2019-12-09T07:08:05.968+0000][1][safepoint    ] Application time: 1.0000763 seconds
[2019-12-09T07:08:05.968+0000][1][safepoint    ] Entering safepoint region: Cleanup
[2019-12-09T07:08:05.968+0000][1][safepoint    ] Leaving safepoint region
[2019-12-09T07:08:05.968+0000][1][safepoint    ] Total time for which application threads were stopped: 0.0000923 seconds, Stopping threads took: 0.0000191 seconds
[2019-12-09T07:08:06.968+0000][1][safepoint    ] Application time: 1.0000770 seconds
[2019-12-09T07:08:06.968+0000][1][safepoint    ] Entering safepoint region: Cleanup
[2019-12-09T07:08:06.968+0000][1][safepoint    ] Leaving safepoint region
[2019-12-09T07:08:06.968+0000][1][safepoint    ] Total time for which application threads were stopped: 0.0000865 seconds, Stopping threads took: 0.0000174 seconds
[2019-12-09T07:08:07.968+0000][1][safepoint    ] Application time: 1.0000776 seconds
[2019-12-09T07:08:07.968+0000][1][safepoint    ] Entering safepoint region: Cleanup
[2019-12-09T07:08:07.969+0000][1][safepoint    ] Leaving safepoint region
[2019-12-09T07:08:07.969+0000][1][safepoint    ] Total time for which application threads were stopped: 0.0000859 seconds, Stopping threads took: 0.0000166 seconds
[2019-12-09T07:08:08.969+0000][1][safepoint    ] Application time: 1.0000752 seconds
[2019-12-09T07:08:08.969+0000][1][safepoint    ] Entering safepoint region: Cleanup
[2019-12-09T07:08:08.969+0000][1][safepoint    ] Leaving safepoint region
[2019-12-09T07:08:08.969+0000][1][safepoint    ] Total time for which application threads were stopped: 0.0001038 seconds, Stopping threads took: 0.0000197 seconds
[2019-12-09T07:08:09.969+0000][1][safepoint    ] Application time: 1.0000756 seconds
[2019-12-09T07:08:09.969+0000][1][safepoint    ] Entering safepoint region: Cleanup
[2019-12-09T07:08:09.969+0000][1][safepoint    ] Leaving safepoint region
[2019-12-09T07:08:09.969+0000][1][safepoint    ] Total time for which application threads were stopped: 0.0000974 seconds, Stopping threads took: 0.0000276 seconds
[2019-12-09T07:08:10.969+0000][1][safepoint    ] Application time: 1.0000769 seconds
[2019-12-09T07:08:10.969+0000][1][safepoint    ] Entering safepoint region: Cleanup
[2019-12-09T07:08:10.969+0000][1][safepoint    ] Leaving safepoint region
[2019-12-09T07:08:10.969+0000][1][safepoint    ] Total time for which application threads were stopped: 0.0000875 seconds, Stopping threads took: 0.0000181 seconds
[2019-12-09T07:08:11.969+0000][1][safepoint    ] Application time: 1.0000755 seconds
[2019-12-09T07:08:11.969+0000][1][safepoint    ] Entering safepoint region: Cleanup
[2019-12-09T07:08:11.969+0000][1][safepoint    ] Leaving safepoint region
[2019-12-09T07:08:11.969+0000][1][safepoint    ] Total time for which application threads were stopped: 0.0001046 seconds, Stopping threads took: 0.0000279 seconds
[2019-12-09T07:08:12.969+0000][1][safepoint    ] Application time: 1.0000756 seconds
[2019-12-09T07:08:12.970+0000][1][safepoint    ] Entering safepoint region: Cleanup
[2019-12-09T07:08:12.970+0000][1][safepoint    ] Leaving safepoint region
[2019-12-09T07:08:12.970+0000][1][safepoint    ] Total time for which application threads were stopped: 0.0000811 seconds, Stopping threads took: 0.0000154 seconds
[2019-12-09T07:08:13.970+0000][1][safepoint    ] Application time: 1.0000775 seconds
[2019-12-09T07:08:13.970+0000][1][safepoint    ] Entering safepoint region: Cleanup
[2019-12-09T07:08:13.970+0000][1][safepoint    ] Leaving safepoint region
[2019-12-09T07:08:13.970+0000][1][safepoint    ] Total time for which application threads were stopped: 0.0001004 seconds, Stopping threads took: 0.0000194 seconds
[2019-12-09T07:08:14.970+0000][1][safepoint    ] Application time: 1.0000992 seconds
[2019-12-09T07:08:14.970+0000][1][safepoint    ] Entering safepoint region: Cleanup
[2019-12-09T07:08:14.970+0000][1][safepoint    ] Leaving safepoint region
[2019-12-09T07:08:14.970+0000][1][safepoint    ] Total time for which application threads were stopped: 0.0001680 seconds, Stopping threads took: 0.0000749 seconds
[2019-12-09T07:08:15.970+0000][1][safepoint    ] Application time: 1.0000835 seconds
[2019-12-09T07:08:15.970+0000][1][safepoint    ] Entering safepoint region: Cleanup
[2019-12-09T07:08:15.970+0000][1][safepoint    ] Leaving safepoint region
[2019-12-09T07:08:15.970+0000][1][safepoint    ] Total time for which application threads were stopped: 0.0001094 seconds, Stopping threads took: 0.0000201 seconds
[2019-12-09T07:08:16.970+0000][1][safepoint    ] Application time: 1.0000771 seconds
[2019-12-09T07:08:16.971+0000][1][safepoint    ] Entering safepoint region: Cleanup
[2019-12-09T07:08:16.971+0000][1][safepoint    ] Leaving safepoint region
[2019-12-09T07:08:16.971+0000][1][safepoint    ] Total time for which application threads were stopped: 0.0000905 seconds, Stopping threads took: 0.0000203 seconds
[2019-12-09T07:08:17.971+0000][1][safepoint    ] Application time: 1.0000776 seconds
[2019-12-09T07:08:17.971+0000][1][safepoint    ] Entering safepoint region: Cleanup
[2019-12-09T07:08:17.971+0000][1][safepoint    ] Leaving safepoint region
[2019-12-09T07:08:17.971+0000][1][safepoint    ] Total time for which application threads were stopped: 0.0000870 seconds, Stopping threads took: 0.0000187 seconds
[2019-12-09T07:08:18.368+0000][1][safepoint    ] Application time: 0.3969967 seconds
[2019-12-09T07:08:18.368+0000][1][safepoint    ] Entering safepoint region: GenCollectForAllocation
[2019-12-09T07:08:18.368+0000][1][gc,start     ] GC(34) Pause Young (Allocation Failure)
[2019-12-09T07:08:18.368+0000][1][gc,task      ] GC(34) Using 2 workers of 2 for evacuation
[2019-12-09T07:08:18.370+0000][1][gc,age       ] GC(34) Desired survivor size 4456448 bytes, new threshold 6 (max threshold 6)
[2019-12-09T07:08:18.370+0000][1][gc,age       ] GC(34) Age table with threshold 6 (max threshold 6)
[2019-12-09T07:08:18.370+0000][1][gc,age       ] GC(34) - age   1:     824808 bytes,     824808 total
[2019-12-09T07:08:18.370+0000][1][gc,age       ] GC(34) - age   2:       2920 bytes,     827728 total
[2019-12-09T07:08:18.370+0000][1][gc,age       ] GC(34) - age   3:       2864 bytes,     830592 total
[2019-12-09T07:08:18.370+0000][1][gc,age       ] GC(34) - age   4:       2704 bytes,     833296 total
[2019-12-09T07:08:18.370+0000][1][gc,age       ] GC(34) - age   5:       4384 bytes,     837680 total
[2019-12-09T07:08:18.370+0000][1][gc,age       ] GC(34) - age   6:     100760 bytes,     938440 total
[2019-12-09T07:08:18.370+0000][1][gc,heap      ] GC(34) ParNew: 70971K->1091K(78656K)
[2019-12-09T07:08:18.370+0000][1][gc,heap      ] GC(34) CMS: 70785K->70796K(174784K)
[2019-12-09T07:08:18.370+0000][1][gc,metaspace ] GC(34) Metaspace: 75547K->75547K(1118208K)
[2019-12-09T07:08:18.370+0000][1][gc           ] GC(34) Pause Young (Allocation Failure) 138M->70M(247M) 2.486ms
[2019-12-09T07:08:18.370+0000][1][gc,cpu       ] GC(34) User=0.00s Sys=0.00s Real=0.00s
[2019-12-09T07:08:18.370+0000][1][safepoint    ] Leaving safepoint region
[2019-12-09T07:08:18.371+0000][1][safepoint    ] Total time for which application threads were stopped: 0.0026585 seconds, Stopping threads took: 0.0000209 seconds
[2019-12-09T07:08:19.371+0000][1][safepoint    ] Application time: 1.0000874 seconds
[2019-12-09T07:08:19.371+0000][1][safepoint    ] Entering safepoint region: Cleanup
[2019-12-09T07:08:19.371+0000][1][safepoint    ] Leaving safepoint region
[2019-12-09T07:08:19.371+0000][1][safepoint    ] Total time for which application threads were stopped: 0.0000962 seconds, Stopping threads took: 0.0000181 seconds
[2019-12-09T07:08:20.371+0000][1][safepoint    ] Application time: 1.0000735 seconds
[2019-12-09T07:08:20.371+0000][1][safepoint    ] Entering safepoint region: Cleanup
[2019-12-09T07:08:20.371+0000][1][safepoint    ] Leaving safepoint region
[2019-12-09T07:08:20.371+0000][1][safepoint    ] Total time for which application threads were stopped: 0.0000896 seconds, Stopping threads took: 0.0000205 seconds
[2019-12-09T07:08:21.371+0000][1][safepoint    ] Application time: 1.0000758 seconds
[2019-12-09T07:08:21.371+0000][1][safepoint    ] Entering safepoint region: Cleanup
[2019-12-09T07:08:21.371+0000][1][safepoint    ] Leaving safepoint region
[2019-12-09T07:08:21.371+0000][1][safepoint    ] Total time for which application threads were stopped: 0.0000894 seconds, Stopping threads took: 0.0000198 seconds
[2019-12-09T07:08:22.371+0000][1][safepoint    ] Application time: 1.0000772 seconds
[2019-12-09T07:08:22.371+0000][1][safepoint    ] Entering safepoint region: Cleanup
[2019-12-09T07:08:22.371+0000][1][safepoint    ] Leaving safepoint region
[2019-12-09T07:08:22.371+0000][1][safepoint    ] Total time for which application threads were stopped: 0.0000866 seconds, Stopping threads took: 0.0000182 seconds
[2019-12-09T07:08:23.371+0000][1][safepoint    ] Application time: 1.0000888 seconds
[2019-12-09T07:08:23.371+0000][1][safepoint    ] Entering safepoint region: Cleanup
[2019-12-09T07:08:23.372+0000][1][safepoint    ] Leaving safepoint region
[2019-12-09T07:08:23.372+0000][1][safepoint    ] Total time for which application threads were stopped: 0.0001175 seconds, Stopping threads took: 0.0000236 seconds
[2019-12-09T07:08:24.372+0000][1][safepoint    ] Application time: 1.0000850 seconds
[2019-12-09T07:08:24.372+0000][1][safepoint    ] Entering safepoint region: Cleanup
[2019-12-09T07:08:24.372+0000][1][safepoint    ] Leaving safepoint region
[2019-12-09T07:08:24.372+0000][1][safepoint    ] Total time for which application threads were stopped: 0.0000905 seconds, Stopping threads took: 0.0000204 seconds
[2019-12-09T07:08:25.372+0000][1][safepoint    ] Application time: 1.0000777 seconds
[2019-12-09T07:08:25.372+0000][1][safepoint    ] Entering safepoint region: Cleanup
[2019-12-09T07:08:25.372+0000][1][safepoint    ] Leaving safepoint region
[2019-12-09T07:08:25.372+0000][1][safepoint    ] Total time for which application threads were stopped: 0.0000861 seconds, Stopping threads took: 0.0000191 seconds
[2019-12-09T07:08:26.372+0000][1][safepoint    ] Application time: 1.0000743 seconds
[2019-12-09T07:08:26.372+0000][1][safepoint    ] Entering safepoint region: Cleanup
[2019-12-09T07:08:26.372+0000][1][safepoint    ] Leaving safepoint region
[2019-12-09T07:08:26.372+0000][1][safepoint    ] Total time for which application threads were stopped: 0.0000952 seconds, Stopping threads took: 0.0000197 seconds
[2019-12-09T07:08:27.372+0000][1][safepoint    ] Application time: 1.0000769 seconds
[2019-12-09T07:08:27.372+0000][1][safepoint    ] Entering safepoint region: Cleanup
[2019-12-09T07:08:27.372+0000][1][safepoint    ] Leaving safepoint region
[2019-12-09T07:08:27.372+0000][1][safepoint    ] Total time for which application threads were stopped: 0.0000960 seconds, Stopping threads took: 0.0000200 seconds
[2019-12-09T07:08:28.373+0000][1][safepoint    ] Application time: 1.0000754 seconds
[2019-12-09T07:08:28.373+0000][1][safepoint    ] Entering safepoint region: Cleanup
[2019-12-09T07:08:28.373+0000][1][safepoint    ] Leaving safepoint region
[2019-12-09T07:08:28.373+0000][1][safepoint    ] Total time for which application threads were stopped: 0.0001093 seconds, Stopping threads took: 0.0000187 seconds
[2019-12-09T07:08:29.373+0000][1][safepoint    ] Application time: 1.0000800 seconds
[2019-12-09T07:08:29.373+0000][1][safepoint    ] Entering safepoint region: Cleanup
[2019-12-09T07:08:29.373+0000][1][safepoint    ] Leaving safepoint region
[2019-12-09T07:08:29.373+0000][1][safepoint    ] Total time for which application threads were stopped: 0.0000900 seconds, Stopping threads took: 0.0000163 seconds
[2019-12-09T07:08:30.373+0000][1][safepoint    ] Application time: 1.0000752 seconds
[2019-12-09T07:08:30.373+0000][1][safepoint    ] Entering safepoint region: Cleanup
[2019-12-09T07:08:30.373+0000][1][safepoint    ] Leaving safepoint region
[2019-12-09T07:08:30.373+0000][1][safepoint    ] Total time for which application threads were stopped: 0.0000915 seconds, Stopping threads took: 0.0000213 seconds
[2019-12-09T07:08:31.373+0000][1][safepoint    ] Application time: 1.0000760 seconds
[2019-12-09T07:08:31.373+0000][1][safepoint    ] Entering safepoint region: Cleanup
[2019-12-09T07:08:31.373+0000][1][safepoint    ] Leaving safepoint region
[2019-12-09T07:08:31.373+0000][1][safepoint    ] Total time for which application threads were stopped: 0.0000885 seconds, Stopping threads took: 0.0000185 seconds
[2019-12-09T07:08:32.373+0000][1][safepoint    ] Application time: 1.0000772 seconds
[2019-12-09T07:08:32.373+0000][1][safepoint    ] Entering safepoint region: Cleanup
[2019-12-09T07:08:32.374+0000][1][safepoint    ] Leaving safepoint region
[2019-12-09T07:08:32.374+0000][1][safepoint    ] Total time for which application threads were stopped: 0.0000924 seconds, Stopping threads took: 0.0000194 seconds
[2019-12-09T07:08:33.374+0000][1][safepoint    ] Application time: 1.0000768 seconds
[2019-12-09T07:08:33.374+0000][1][safepoint    ] Entering safepoint region: Cleanup
[2019-12-09T07:08:33.374+0000][1][safepoint    ] Leaving safepoint region
[2019-12-09T07:08:33.374+0000][1][safepoint    ] Total time for which application threads were stopped: 0.0001040 seconds, Stopping threads took: 0.0000175 seconds
[2019-12-09T07:08:34.374+0000][1][safepoint    ] Application time: 1.0000754 seconds
[2019-12-09T07:08:34.374+0000][1][safepoint    ] Entering safepoint region: Cleanup
[2019-12-09T07:08:34.374+0000][1][safepoint    ] Leaving safepoint region
[2019-12-09T07:08:34.374+0000][1][safepoint    ] Total time for which application threads were stopped: 0.0000894 seconds, Stopping threads took: 0.0000191 seconds
[2019-12-09T07:08:35.374+0000][1][safepoint    ] Application time: 1.0000782 seconds
[2019-12-09T07:08:35.374+0000][1][safepoint    ] Entering safepoint region: Cleanup
[2019-12-09T07:08:35.374+0000][1][safepoint    ] Leaving safepoint region
[2019-12-09T07:08:35.374+0000][1][safepoint    ] Total time for which application threads were stopped: 0.0000898 seconds, Stopping threads took: 0.0000185 seconds
[2019-12-09T07:08:36.374+0000][1][safepoint    ] Application time: 1.0000784 seconds
[2019-12-09T07:08:36.374+0000][1][safepoint    ] Entering safepoint region: Cleanup
[2019-12-09T07:08:36.374+0000][1][safepoint    ] Leaving safepoint region
[2019-12-09T07:08:36.374+0000][1][safepoint    ] Total time for which application threads were stopped: 0.0001044 seconds, Stopping threads took: 0.0000209 seconds
[2019-12-09T07:08:37.375+0000][1][safepoint    ] Application time: 1.0000799 seconds
[2019-12-09T07:08:37.375+0000][1][safepoint    ] Entering safepoint region: Cleanup
[2019-12-09T07:08:37.375+0000][1][safepoint    ] Leaving safepoint region
[2019-12-09T07:08:37.375+0000][1][safepoint    ] Total time for which application threads were stopped: 0.0000941 seconds, Stopping threads took: 0.0000202 seconds
[2019-12-09T07:08:38.375+0000][1][safepoint    ] Application time: 1.0000776 seconds
[2019-12-09T07:08:38.375+0000][1][safepoint    ] Entering safepoint region: Cleanup
[2019-12-09T07:08:38.375+0000][1][safepoint    ] Leaving safepoint region
[2019-12-09T07:08:38.375+0000][1][safepoint    ] Total time for which application threads were stopped: 0.0000914 seconds, Stopping threads took: 0.0000215 seconds
[2019-12-09T07:08:39.375+0000][1][safepoint    ] Application time: 1.0000774 seconds
[2019-12-09T07:08:39.375+0000][1][safepoint    ] Entering safepoint region: Cleanup
[2019-12-09T07:08:39.375+0000][1][safepoint    ] Leaving safepoint region
[2019-12-09T07:08:39.375+0000][1][safepoint    ] Total time for which application threads were stopped: 0.0000917 seconds, Stopping threads took: 0.0000207 seconds
[2019-12-09T07:08:40.375+0000][1][safepoint    ] Application time: 1.0000771 seconds
[2019-12-09T07:08:40.375+0000][1][safepoint    ] Entering safepoint region: Cleanup
[2019-12-09T07:08:40.375+0000][1][safepoint    ] Leaving safepoint region
[2019-12-09T07:08:40.375+0000][1][safepoint    ] Total time for which application threads were stopped: 0.0000868 seconds, Stopping threads took: 0.0000179 seconds
[2019-12-09T07:08:41.375+0000][1][safepoint    ] Application time: 1.0000755 seconds
[2019-12-09T07:08:41.375+0000][1][safepoint    ] Entering safepoint region: Cleanup
[2019-12-09T07:08:41.375+0000][1][safepoint    ] Leaving safepoint region
[2019-12-09T07:08:41.375+0000][1][safepoint    ] Total time for which application threads were stopped: 0.0000909 seconds, Stopping threads took: 0.0000197 seconds
[2019-12-09T07:08:42.376+0000][1][safepoint    ] Application time: 1.0000764 seconds
[2019-12-09T07:08:42.376+0000][1][safepoint    ] Entering safepoint region: Cleanup
[2019-12-09T07:08:42.376+0000][1][safepoint    ] Leaving safepoint region
[2019-12-09T07:08:42.376+0000][1][safepoint    ] Total time for which application threads were stopped: 0.0001067 seconds, Stopping threads took: 0.0000205 seconds
[2019-12-09T07:08:43.376+0000][1][safepoint    ] Application time: 1.0000771 seconds
[2019-12-09T07:08:43.376+0000][1][safepoint    ] Entering safepoint region: Cleanup
[2019-12-09T07:08:43.376+0000][1][safepoint    ] Leaving safepoint region
[2019-12-09T07:08:43.376+0000][1][safepoint    ] Total time for which application threads were stopped: 0.0000871 seconds, Stopping threads took: 0.0000174 seconds
[2019-12-09T07:08:44.376+0000][1][safepoint    ] Application time: 1.0000770 seconds
[2019-12-09T07:08:44.376+0000][1][safepoint    ] Entering safepoint region: Cleanup
[2019-12-09T07:08:44.376+0000][1][safepoint    ] Leaving safepoint region
[2019-12-09T07:08:44.376+0000][1][safepoint    ] Total time for which application threads were stopped: 0.0000913 seconds, Stopping threads took: 0.0000194 seconds
[2019-12-09T07:08:45.376+0000][1][safepoint    ] Application time: 1.0000762 seconds
[2019-12-09T07:08:45.376+0000][1][safepoint    ] Entering safepoint region: Cleanup
[2019-12-09T07:08:45.376+0000][1][safepoint    ] Leaving safepoint region
[2019-12-09T07:08:45.376+0000][1][safepoint    ] Total time for which application threads were stopped: 0.0000948 seconds, Stopping threads took: 0.0000205 seconds
[2019-12-09T07:08:46.376+0000][1][safepoint    ] Application time: 1.0000733 seconds
[2019-12-09T07:08:46.376+0000][1][safepoint    ] Entering safepoint region: Cleanup
[2019-12-09T07:08:46.377+0000][1][safepoint    ] Leaving safepoint region
[2019-12-09T07:08:46.377+0000][1][safepoint    ] Total time for which application threads were stopped: 0.0000933 seconds, Stopping threads took: 0.0000203 seconds
[2019-12-09T07:08:47.377+0000][1][safepoint    ] Application time: 1.0000842 seconds
[2019-12-09T07:08:47.377+0000][1][safepoint    ] Entering safepoint region: Cleanup
[2019-12-09T07:08:47.377+0000][1][safepoint    ] Leaving safepoint region
[2019-12-09T07:08:47.377+0000][1][safepoint    ] Total time for which application threads were stopped: 0.0001028 seconds, Stopping threads took: 0.0000303 seconds
[2019-12-09T07:08:48.377+0000][1][safepoint    ] Application time: 1.0000777 seconds
[2019-12-09T07:08:48.377+0000][1][safepoint    ] Entering safepoint region: Cleanup
[2019-12-09T07:08:48.377+0000][1][safepoint    ] Leaving safepoint region
[2019-12-09T07:08:48.377+0000][1][safepoint    ] Total time for which application threads were stopped: 0.0000958 seconds, Stopping threads took: 0.0000226 seconds
[2019-12-09T07:08:49.377+0000][1][safepoint    ] Application time: 1.0000728 seconds
[2019-12-09T07:08:49.377+0000][1][safepoint    ] Entering safepoint region: Cleanup
[2019-12-09T07:08:49.377+0000][1][safepoint    ] Leaving safepoint region
[2019-12-09T07:08:49.377+0000][1][safepoint    ] Total time for which application threads were stopped: 0.0000830 seconds, Stopping threads took: 0.0000158 seconds
[2019-12-09T07:08:50.377+0000][1][safepoint    ] Application time: 1.0000768 seconds
[2019-12-09T07:08:50.377+0000][1][safepoint    ] Entering safepoint region: Cleanup
[2019-12-09T07:08:50.377+0000][1][safepoint    ] Leaving safepoint region
[2019-12-09T07:08:50.377+0000][1][safepoint    ] Total time for which application threads were stopped: 0.0000863 seconds, Stopping threads took: 0.0000187 seconds
[2019-12-09T07:08:51.377+0000][1][safepoint    ] Application time: 1.0000740 seconds
[2019-12-09T07:08:51.378+0000][1][safepoint    ] Entering safepoint region: Cleanup
[2019-12-09T07:08:51.378+0000][1][safepoint    ] Leaving safepoint region
[2019-12-09T07:08:51.378+0000][1][safepoint    ] Total time for which application threads were stopped: 0.0001294 seconds, Stopping threads took: 0.0000343 seconds
[2019-12-09T07:08:52.378+0000][1][safepoint    ] Application time: 1.0000756 seconds
[2019-12-09T07:08:52.378+0000][1][safepoint    ] Entering safepoint region: Cleanup
[2019-12-09T07:08:52.378+0000][1][safepoint    ] Leaving safepoint region
[2019-12-09T07:08:52.378+0000][1][safepoint    ] Total time for which application threads were stopped: 0.0001026 seconds, Stopping threads took: 0.0000206 seconds
[2019-12-09T07:08:53.378+0000][1][safepoint    ] Application time: 1.0000780 seconds
[2019-12-09T07:08:53.378+0000][1][safepoint    ] Entering safepoint region: Cleanup
[2019-12-09T07:08:53.378+0000][1][safepoint    ] Leaving safepoint region
[2019-12-09T07:08:53.378+0000][1][safepoint    ] Total time for which application threads were stopped: 0.0000933 seconds, Stopping threads took: 0.0000187 seconds
[2019-12-09T07:08:54.378+0000][1][safepoint    ] Application time: 1.0000772 seconds
[2019-12-09T07:08:54.378+0000][1][safepoint    ] Entering safepoint region: Cleanup
[2019-12-09T07:08:54.378+0000][1][safepoint    ] Leaving safepoint region
[2019-12-09T07:08:54.378+0000][1][safepoint    ] Total time for which application threads were stopped: 0.0000961 seconds, Stopping threads took: 0.0000191 seconds
[2019-12-09T07:08:55.378+0000][1][safepoint    ] Application time: 1.0000816 seconds
[2019-12-09T07:08:55.378+0000][1][safepoint    ] Entering safepoint region: Cleanup
[2019-12-09T07:08:55.378+0000][1][safepoint    ] Leaving safepoint region
[2019-12-09T07:08:55.378+0000][1][safepoint    ] Total time for which application threads were stopped: 0.0000920 seconds, Stopping threads took: 0.0000208 seconds
[2019-12-09T07:08:56.379+0000][1][safepoint    ] Application time: 1.0000882 seconds
[2019-12-09T07:08:56.379+0000][1][safepoint    ] Entering safepoint region: Cleanup
[2019-12-09T07:08:56.379+0000][1][safepoint    ] Leaving safepoint region
[2019-12-09T07:08:56.379+0000][1][safepoint    ] Total time for which application threads were stopped: 0.0001417 seconds, Stopping threads took: 0.0000254 seconds
[2019-12-09T07:08:57.379+0000][1][safepoint    ] Application time: 1.0000757 seconds
[2019-12-09T07:08:57.379+0000][1][safepoint    ] Entering safepoint region: Cleanup
[2019-12-09T07:08:57.379+0000][1][safepoint    ] Leaving safepoint region
[2019-12-09T07:08:57.379+0000][1][safepoint    ] Total time for which application threads were stopped: 0.0001000 seconds, Stopping threads took: 0.0000186 seconds
[2019-12-09T07:08:58.379+0000][1][safepoint    ] Application time: 1.0000783 seconds
[2019-12-09T07:08:58.379+0000][1][safepoint    ] Entering safepoint region: Cleanup
[2019-12-09T07:08:58.379+0000][1][safepoint    ] Leaving safepoint region
[2019-12-09T07:08:58.379+0000][1][safepoint    ] Total time for which application threads were stopped: 0.0000888 seconds, Stopping threads took: 0.0000194 seconds
[2019-12-09T07:08:59.379+0000][1][safepoint    ] Application time: 1.0000735 seconds
[2019-12-09T07:08:59.379+0000][1][safepoint    ] Entering safepoint region: Cleanup
[2019-12-09T07:08:59.379+0000][1][safepoint    ] Leaving safepoint region
[2019-12-09T07:08:59.379+0000][1][safepoint    ] Total time for which application threads were stopped: 0.0000929 seconds, Stopping threads took: 0.0000176 seconds
[2019-12-09T07:09:00.380+0000][1][safepoint    ] Application time: 1.0000766 seconds
[2019-12-09T07:09:00.380+0000][1][safepoint    ] Entering safepoint region: Cleanup
[2019-12-09T07:09:00.380+0000][1][safepoint    ] Leaving safepoint region
[2019-12-09T07:09:00.380+0000][1][safepoint    ] Total time for which application threads were stopped: 0.0000921 seconds, Stopping threads took: 0.0000210 seconds
[2019-12-09T07:09:00.995+0000][1][safepoint    ] Application time: 0.6158236 seconds
[2019-12-09T07:09:00.996+0000][1][safepoint    ] Entering safepoint region: GenCollectForAllocation
[2019-12-09T07:09:00.996+0000][1][gc,start     ] GC(35) Pause Young (Allocation Failure)
[2019-12-09T07:09:00.996+0000][1][gc,task      ] GC(35) Using 2 workers of 2 for evacuation
[2019-12-09T07:09:00.999+0000][1][gc,age       ] GC(35) Desired survivor size 4456448 bytes, new threshold 6 (max threshold 6)
[2019-12-09T07:09:00.999+0000][1][gc,age       ] GC(35) Age table with threshold 6 (max threshold 6)
[2019-12-09T07:09:00.999+0000][1][gc,age       ] GC(35) - age   1:     823536 bytes,     823536 total
[2019-12-09T07:09:00.999+0000][1][gc,age       ] GC(35) - age   2:       3976 bytes,     827512 total
[2019-12-09T07:09:00.999+0000][1][gc,age       ] GC(35) - age   3:       2920 bytes,     830432 total
[2019-12-09T07:09:00.999+0000][1][gc,age       ] GC(35) - age   4:       2864 bytes,     833296 total
[2019-12-09T07:09:00.999+0000][1][gc,age       ] GC(35) - age   5:       2704 bytes,     836000 total
[2019-12-09T07:09:00.999+0000][1][gc,age       ] GC(35) - age   6:       4384 bytes,     840384 total
[2019-12-09T07:09:00.999+0000][1][gc,heap      ] GC(35) ParNew: 71043K->832K(78656K)
[2019-12-09T07:09:00.999+0000][1][gc,heap      ] GC(35) CMS: 70796K->70895K(174784K)
[2019-12-09T07:09:00.999+0000][1][gc,metaspace ] GC(35) Metaspace: 75581K->75581K(1118208K)
[2019-12-09T07:09:00.999+0000][1][gc           ] GC(35) Pause Young (Allocation Failure) 138M->70M(247M) 3.076ms
[2019-12-09T07:09:00.999+0000][1][gc,cpu       ] GC(35) User=0.01s Sys=0.00s Real=0.00s
[2019-12-09T07:09:00.999+0000][1][safepoint    ] Leaving safepoint region
[2019-12-09T07:09:00.999+0000][1][safepoint    ] Total time for which application threads were stopped: 0.0033058 seconds, Stopping threads took: 0.0000252 seconds
[2019-12-09T07:09:01.999+0000][1][safepoint    ] Application time: 1.0000816 seconds
[2019-12-09T07:09:01.999+0000][1][safepoint    ] Entering safepoint region: Cleanup
[2019-12-09T07:09:01.999+0000][1][safepoint    ] Leaving safepoint region
[2019-12-09T07:09:01.999+0000][1][safepoint    ] Total time for which application threads were stopped: 0.0000964 seconds, Stopping threads took: 0.0000211 seconds
[2019-12-09T07:09:03.170+0000][1][safepoint    ] Application time: 1.1708947 seconds
[2019-12-09T07:09:03.170+0000][1][safepoint    ] Entering safepoint region: Cleanup
[2019-12-09T07:09:03.170+0000][1][safepoint    ] Leaving safepoint region
[2019-12-09T07:09:03.170+0000][1][safepoint    ] Total time for which application threads were stopped: 0.0000954 seconds, Stopping threads took: 0.0000168 seconds
[2019-12-09T07:09:04.170+0000][1][safepoint    ] Application time: 1.0000762 seconds
[2019-12-09T07:09:04.170+0000][1][safepoint    ] Entering safepoint region: Cleanup
[2019-12-09T07:09:04.170+0000][1][safepoint    ] Leaving safepoint region
[2019-12-09T07:09:04.170+0000][1][safepoint    ] Total time for which application threads were stopped: 0.0001108 seconds, Stopping threads took: 0.0000315 seconds
[2019-12-09T07:09:05.170+0000][1][safepoint    ] Application time: 1.0000775 seconds
[2019-12-09T07:09:05.170+0000][1][safepoint    ] Entering safepoint region: Cleanup
[2019-12-09T07:09:05.171+0000][1][safepoint    ] Leaving safepoint region
[2019-12-09T07:09:05.171+0000][1][safepoint    ] Total time for which application threads were stopped: 0.0000905 seconds, Stopping threads took: 0.0000184 seconds
[2019-12-09T07:09:06.171+0000][1][safepoint    ] Application time: 1.0000877 seconds
[2019-12-09T07:09:06.171+0000][1][safepoint    ] Entering safepoint region: Cleanup
[2019-12-09T07:09:06.171+0000][1][safepoint    ] Leaving safepoint region
[2019-12-09T07:09:06.171+0000][1][safepoint    ] Total time for which application threads were stopped: 0.0001133 seconds, Stopping threads took: 0.0000369 seconds
[2019-12-09T07:09:07.171+0000][1][safepoint    ] Application time: 1.0000776 seconds
[2019-12-09T07:09:07.171+0000][1][safepoint    ] Entering safepoint region: Cleanup
[2019-12-09T07:09:07.171+0000][1][safepoint    ] Leaving safepoint region
[2019-12-09T07:09:07.171+0000][1][safepoint    ] Total time for which application threads were stopped: 0.0000868 seconds, Stopping threads took: 0.0000187 seconds
[2019-12-09T07:09:08.171+0000][1][safepoint    ] Application time: 1.0000760 seconds
[2019-12-09T07:09:08.171+0000][1][safepoint    ] Entering safepoint region: Cleanup
[2019-12-09T07:09:08.171+0000][1][safepoint    ] Leaving safepoint region
[2019-12-09T07:09:08.171+0000][1][safepoint    ] Total time for which application threads were stopped: 0.0000868 seconds, Stopping threads took: 0.0000187 seconds
[2019-12-09T07:09:09.171+0000][1][safepoint    ] Application time: 1.0000779 seconds
[2019-12-09T07:09:09.171+0000][1][safepoint    ] Entering safepoint region: Cleanup
[2019-12-09T07:09:09.171+0000][1][safepoint    ] Leaving safepoint region
[2019-12-09T07:09:09.171+0000][1][safepoint    ] Total time for which application threads were stopped: 0.0000905 seconds, Stopping threads took: 0.0000192 seconds
[2019-12-09T07:09:10.171+0000][1][safepoint    ] Application time: 1.0000790 seconds
[2019-12-09T07:09:10.172+0000][1][safepoint    ] Entering safepoint region: Cleanup
[2019-12-09T07:09:10.172+0000][1][safepoint    ] Leaving safepoint region
[2019-12-09T07:09:10.172+0000][1][safepoint    ] Total time for which application threads were stopped: 0.0001120 seconds, Stopping threads took: 0.0000322 seconds
[2019-12-09T07:09:11.172+0000][1][safepoint    ] Application time: 1.0000789 seconds
[2019-12-09T07:09:11.172+0000][1][safepoint    ] Entering safepoint region: Cleanup
[2019-12-09T07:09:11.172+0000][1][safepoint    ] Leaving safepoint region
[2019-12-09T07:09:11.172+0000][1][safepoint    ] Total time for which application threads were stopped: 0.0000895 seconds, Stopping threads took: 0.0000184 seconds
[2019-12-09T07:09:12.172+0000][1][safepoint    ] Application time: 1.0000761 seconds
[2019-12-09T07:09:12.172+0000][1][safepoint    ] Entering safepoint region: Cleanup
[2019-12-09T07:09:12.172+0000][1][safepoint    ] Leaving safepoint region
[2019-12-09T07:09:12.172+0000][1][safepoint    ] Total time for which application threads were stopped: 0.0001000 seconds, Stopping threads took: 0.0000219 seconds
[2019-12-09T07:09:13.172+0000][1][safepoint    ] Application time: 1.0000761 seconds
[2019-12-09T07:09:13.172+0000][1][safepoint    ] Entering safepoint region: Cleanup
[2019-12-09T07:09:13.172+0000][1][safepoint    ] Leaving safepoint region
[2019-12-09T07:09:13.172+0000][1][safepoint    ] Total time for which application threads were stopped: 0.0000854 seconds, Stopping threads took: 0.0000189 seconds
[2019-12-09T07:09:14.172+0000][1][safepoint    ] Application time: 1.0000753 seconds
[2019-12-09T07:09:14.172+0000][1][safepoint    ] Entering safepoint region: Cleanup
[2019-12-09T07:09:14.172+0000][1][safepoint    ] Leaving safepoint region
[2019-12-09T07:09:14.172+0000][1][safepoint    ] Total time for which application threads were stopped: 0.0001043 seconds, Stopping threads took: 0.0000275 seconds
[2019-12-09T07:09:15.173+0000][1][safepoint    ] Application time: 1.0000762 seconds
[2019-12-09T07:09:15.173+0000][1][safepoint    ] Entering safepoint region: Cleanup
[2019-12-09T07:09:15.173+0000][1][safepoint    ] Leaving safepoint region
[2019-12-09T07:09:15.173+0000][1][safepoint    ] Total time for which application threads were stopped: 0.0000994 seconds, Stopping threads took: 0.0000187 seconds
[2019-12-09T07:09:16.173+0000][1][safepoint    ] Application time: 1.0000759 seconds
[2019-12-09T07:09:16.173+0000][1][safepoint    ] Entering safepoint region: Cleanup
[2019-12-09T07:09:16.173+0000][1][safepoint    ] Leaving safepoint region
[2019-12-09T07:09:16.173+0000][1][safepoint    ] Total time for which application threads were stopped: 0.0000895 seconds, Stopping threads took: 0.0000193 seconds
[2019-12-09T07:09:17.173+0000][1][safepoint    ] Application time: 1.0000756 seconds
[2019-12-09T07:09:17.173+0000][1][safepoint    ] Entering safepoint region: Cleanup
[2019-12-09T07:09:17.173+0000][1][safepoint    ] Leaving safepoint region
[2019-12-09T07:09:17.173+0000][1][safepoint    ] Total time for which application threads were stopped: 0.0000890 seconds, Stopping threads took: 0.0000195 seconds
[2019-12-09T07:09:18.173+0000][1][safepoint    ] Application time: 1.0000752 seconds
[2019-12-09T07:09:18.173+0000][1][safepoint    ] Entering safepoint region: Cleanup
[2019-12-09T07:09:18.173+0000][1][safepoint    ] Leaving safepoint region
[2019-12-09T07:09:18.173+0000][1][safepoint    ] Total time for which application threads were stopped: 0.0000899 seconds, Stopping threads took: 0.0000195 seconds
[2019-12-09T07:09:19.173+0000][1][safepoint    ] Application time: 1.0000752 seconds
[2019-12-09T07:09:19.173+0000][1][safepoint    ] Entering safepoint region: Cleanup
[2019-12-09T07:09:19.174+0000][1][safepoint    ] Leaving safepoint region
[2019-12-09T07:09:19.174+0000][1][safepoint    ] Total time for which application threads were stopped: 0.0000951 seconds, Stopping threads took: 0.0000201 seconds
[2019-12-09T07:09:20.190+0000][1][safepoint    ] Application time: 1.0161620 seconds
[2019-12-09T07:09:20.190+0000][1][safepoint    ] Entering safepoint region: Cleanup
[2019-12-09T07:09:20.190+0000][1][safepoint    ] Leaving safepoint region
[2019-12-09T07:09:20.190+0000][1][safepoint    ] Total time for which application threads were stopped: 0.0001260 seconds, Stopping threads took: 0.0000238 seconds
[2019-12-09T07:09:21.190+0000][1][safepoint    ] Application time: 1.0000761 seconds
[2019-12-09T07:09:21.190+0000][1][safepoint    ] Entering safepoint region: Cleanup
[2019-12-09T07:09:21.190+0000][1][safepoint    ] Leaving safepoint region
[2019-12-09T07:09:21.190+0000][1][safepoint    ] Total time for which application threads were stopped: 0.0000982 seconds, Stopping threads took: 0.0000213 seconds
[2019-12-09T07:09:22.190+0000][1][safepoint    ] Application time: 1.0000762 seconds
[2019-12-09T07:09:22.190+0000][1][safepoint    ] Entering safepoint region: Cleanup
[2019-12-09T07:09:22.190+0000][1][safepoint    ] Leaving safepoint region
[2019-12-09T07:09:22.190+0000][1][safepoint    ] Total time for which application threads were stopped: 0.0000910 seconds, Stopping threads took: 0.0000200 seconds
[2019-12-09T07:09:23.190+0000][1][safepoint    ] Application time: 1.0000780 seconds
[2019-12-09T07:09:23.190+0000][1][safepoint    ] Entering safepoint region: Cleanup
[2019-12-09T07:09:23.191+0000][1][safepoint    ] Leaving safepoint region
[2019-12-09T07:09:23.191+0000][1][safepoint    ] Total time for which application threads were stopped: 0.0000921 seconds, Stopping threads took: 0.0000184 seconds
[2019-12-09T07:09:24.191+0000][1][safepoint    ] Application time: 1.0000774 seconds
[2019-12-09T07:09:24.191+0000][1][safepoint    ] Entering safepoint region: Cleanup
[2019-12-09T07:09:24.191+0000][1][safepoint    ] Leaving safepoint region
[2019-12-09T07:09:24.191+0000][1][safepoint    ] Total time for which application threads were stopped: 0.0001219 seconds, Stopping threads took: 0.0000213 seconds
[2019-12-09T07:09:25.191+0000][1][safepoint    ] Application time: 1.0000753 seconds
[2019-12-09T07:09:25.191+0000][1][safepoint    ] Entering safepoint region: Cleanup
[2019-12-09T07:09:25.191+0000][1][safepoint    ] Leaving safepoint region
[2019-12-09T07:09:25.191+0000][1][safepoint    ] Total time for which application threads were stopped: 0.0000922 seconds, Stopping threads took: 0.0000199 seconds
[2019-12-09T07:09:26.191+0000][1][safepoint    ] Application time: 1.0000763 seconds
[2019-12-09T07:09:26.191+0000][1][safepoint    ] Entering safepoint region: Cleanup
[2019-12-09T07:09:26.191+0000][1][safepoint    ] Leaving safepoint region
[2019-12-09T07:09:26.191+0000][1][safepoint    ] Total time for which application threads were stopped: 0.0000897 seconds, Stopping threads took: 0.0000199 seconds
[2019-12-09T07:09:27.191+0000][1][safepoint    ] Application time: 1.0000760 seconds
[2019-12-09T07:09:27.191+0000][1][safepoint    ] Entering safepoint region: Cleanup
[2019-12-09T07:09:27.191+0000][1][safepoint    ] Leaving safepoint region
[2019-12-09T07:09:27.191+0000][1][safepoint    ] Total time for which application threads were stopped: 0.0000924 seconds, Stopping threads took: 0.0000212 seconds
[2019-12-09T07:09:28.191+0000][1][safepoint    ] Application time: 1.0000745 seconds
[2019-12-09T07:09:28.192+0000][1][safepoint    ] Entering safepoint region: Cleanup
[2019-12-09T07:09:28.192+0000][1][safepoint    ] Leaving safepoint region
[2019-12-09T07:09:28.192+0000][1][safepoint    ] Total time for which application threads were stopped: 0.0000875 seconds, Stopping threads took: 0.0000191 seconds
[2019-12-09T07:09:29.192+0000][1][safepoint    ] Application time: 1.0000844 seconds
[2019-12-09T07:09:29.192+0000][1][safepoint    ] Entering safepoint region: Cleanup
[2019-12-09T07:09:29.192+0000][1][safepoint    ] Leaving safepoint region
[2019-12-09T07:09:29.192+0000][1][safepoint    ] Total time for which application threads were stopped: 0.0000879 seconds, Stopping threads took: 0.0000196 seconds
[2019-12-09T07:09:30.192+0000][1][safepoint    ] Application time: 1.0000761 seconds
[2019-12-09T07:09:30.192+0000][1][safepoint    ] Entering safepoint region: Cleanup
[2019-12-09T07:09:30.192+0000][1][safepoint    ] Leaving safepoint region
[2019-12-09T07:09:30.192+0000][1][safepoint    ] Total time for which application threads were stopped: 0.0000988 seconds, Stopping threads took: 0.0000201 seconds
[2019-12-09T07:09:31.192+0000][1][safepoint    ] Application time: 1.0000768 seconds
[2019-12-09T07:09:31.192+0000][1][safepoint    ] Entering safepoint region: Cleanup
[2019-12-09T07:09:31.192+0000][1][safepoint    ] Leaving safepoint region
[2019-12-09T07:09:31.192+0000][1][safepoint    ] Total time for which application threads were stopped: 0.0000889 seconds, Stopping threads took: 0.0000202 seconds
[2019-12-09T07:09:32.192+0000][1][safepoint    ] Application time: 1.0000774 seconds
[2019-12-09T07:09:32.192+0000][1][safepoint    ] Entering safepoint region: Cleanup
[2019-12-09T07:09:32.192+0000][1][safepoint    ] Leaving safepoint region
[2019-12-09T07:09:32.192+0000][1][safepoint    ] Total time for which application threads were stopped: 0.0000931 seconds, Stopping threads took: 0.0000217 seconds
[2019-12-09T07:09:33.193+0000][1][safepoint    ] Application time: 1.0000781 seconds
[2019-12-09T07:09:33.193+0000][1][safepoint    ] Entering safepoint region: Cleanup
[2019-12-09T07:09:33.193+0000][1][safepoint    ] Leaving safepoint region
[2019-12-09T07:09:33.193+0000][1][safepoint    ] Total time for which application threads were stopped: 0.0000918 seconds, Stopping threads took: 0.0000184 seconds
[2019-12-09T07:09:34.193+0000][1][safepoint    ] Application time: 1.0000888 seconds
[2019-12-09T07:09:34.193+0000][1][safepoint    ] Entering safepoint region: Cleanup
[2019-12-09T07:09:34.193+0000][1][safepoint    ] Leaving safepoint region
[2019-12-09T07:09:34.193+0000][1][safepoint    ] Total time for which application threads were stopped: 0.0001245 seconds, Stopping threads took: 0.0000209 seconds
[2019-12-09T07:09:35.193+0000][1][safepoint    ] Application time: 1.0000769 seconds
[2019-12-09T07:09:35.193+0000][1][safepoint    ] Entering safepoint region: Cleanup
[2019-12-09T07:09:35.193+0000][1][safepoint    ] Leaving safepoint region
[2019-12-09T07:09:35.193+0000][1][safepoint    ] Total time for which application threads were stopped: 0.0000919 seconds, Stopping threads took: 0.0000212 seconds
[2019-12-09T07:09:36.193+0000][1][safepoint    ] Application time: 1.0000782 seconds
[2019-12-09T07:09:36.193+0000][1][safepoint    ] Entering safepoint region: Cleanup
[2019-12-09T07:09:36.193+0000][1][safepoint    ] Leaving safepoint region
[2019-12-09T07:09:36.193+0000][1][safepoint    ] Total time for which application threads were stopped: 0.0000987 seconds, Stopping threads took: 0.0000195 seconds
[2019-12-09T07:09:37.193+0000][1][safepoint    ] Application time: 1.0000775 seconds
[2019-12-09T07:09:37.193+0000][1][safepoint    ] Entering safepoint region: Cleanup
[2019-12-09T07:09:37.194+0000][1][safepoint    ] Leaving safepoint region
[2019-12-09T07:09:37.194+0000][1][safepoint    ] Total time for which application threads were stopped: 0.0000976 seconds, Stopping threads took: 0.0000186 seconds
[2019-12-09T07:09:38.194+0000][1][safepoint    ] Application time: 1.0000783 seconds
[2019-12-09T07:09:38.194+0000][1][safepoint    ] Entering safepoint region: Cleanup
[2019-12-09T07:09:38.194+0000][1][safepoint    ] Leaving safepoint region
[2019-12-09T07:09:38.194+0000][1][safepoint    ] Total time for which application threads were stopped: 0.0000986 seconds, Stopping threads took: 0.0000211 seconds
[2019-12-09T07:09:39.194+0000][1][safepoint    ] Application time: 1.0000792 seconds
[2019-12-09T07:09:39.194+0000][1][safepoint    ] Entering safepoint region: Cleanup
[2019-12-09T07:09:39.194+0000][1][safepoint    ] Leaving safepoint region
[2019-12-09T07:09:39.194+0000][1][safepoint    ] Total time for which application threads were stopped: 0.0001026 seconds, Stopping threads took: 0.0000181 seconds
[2019-12-09T07:09:40.194+0000][1][safepoint    ] Application time: 1.0000767 seconds
[2019-12-09T07:09:40.194+0000][1][safepoint    ] Entering safepoint region: Cleanup
[2019-12-09T07:09:40.194+0000][1][safepoint    ] Leaving safepoint region
[2019-12-09T07:09:40.194+0000][1][safepoint    ] Total time for which application threads were stopped: 0.0001080 seconds, Stopping threads took: 0.0000292 seconds
[2019-12-09T07:09:41.194+0000][1][safepoint    ] Application time: 1.0000769 seconds
[2019-12-09T07:09:41.194+0000][1][safepoint    ] Entering safepoint region: Cleanup
[2019-12-09T07:09:41.194+0000][1][safepoint    ] Leaving safepoint region
[2019-12-09T07:09:41.194+0000][1][safepoint    ] Total time for which application threads were stopped: 0.0000889 seconds, Stopping threads took: 0.0000194 seconds
[2019-12-09T07:09:42.195+0000][1][safepoint    ] Application time: 1.0000757 seconds
[2019-12-09T07:09:42.195+0000][1][safepoint    ] Entering safepoint region: Cleanup
[2019-12-09T07:09:42.195+0000][1][safepoint    ] Leaving safepoint region
[2019-12-09T07:09:42.195+0000][1][safepoint    ] Total time for which application threads were stopped: 0.0001048 seconds, Stopping threads took: 0.0000206 seconds
[2019-12-09T07:09:43.195+0000][1][safepoint    ] Application time: 1.0000764 seconds
[2019-12-09T07:09:43.195+0000][1][safepoint    ] Entering safepoint region: Cleanup
[2019-12-09T07:09:43.195+0000][1][safepoint    ] Leaving safepoint region
[2019-12-09T07:09:43.195+0000][1][safepoint    ] Total time for which application threads were stopped: 0.0000988 seconds, Stopping threads took: 0.0000207 seconds
[2019-12-09T07:09:43.363+0000][1][safepoint    ] Application time: 0.1678676 seconds
[2019-12-09T07:09:43.363+0000][1][safepoint    ] Entering safepoint region: GenCollectForAllocation
[2019-12-09T07:09:43.363+0000][1][gc,start     ] GC(36) Pause Young (Allocation Failure)
[2019-12-09T07:09:43.363+0000][1][gc,task      ] GC(36) Using 2 workers of 2 for evacuation
[2019-12-09T07:09:43.365+0000][1][gc,age       ] GC(36) Desired survivor size 4456448 bytes, new threshold 6 (max threshold 6)
[2019-12-09T07:09:43.365+0000][1][gc,age       ] GC(36) Age table with threshold 6 (max threshold 6)
[2019-12-09T07:09:43.365+0000][1][gc,age       ] GC(36) - age   1:     756312 bytes,     756312 total
[2019-12-09T07:09:43.365+0000][1][gc,age       ] GC(36) - age   2:       2056 bytes,     758368 total
[2019-12-09T07:09:43.365+0000][1][gc,age       ] GC(36) - age   3:       3976 bytes,     762344 total
[2019-12-09T07:09:43.365+0000][1][gc,age       ] GC(36) - age   4:       2920 bytes,     765264 total
[2019-12-09T07:09:43.365+0000][1][gc,age       ] GC(36) - age   5:       2864 bytes,     768128 total
[2019-12-09T07:09:43.365+0000][1][gc,age       ] GC(36) - age   6:       2704 bytes,     770832 total
[2019-12-09T07:09:43.365+0000][1][gc,heap      ] GC(36) ParNew: 70784K->759K(78656K)
[2019-12-09T07:09:43.365+0000][1][gc,heap      ] GC(36) CMS: 70895K->70899K(174784K)
[2019-12-09T07:09:43.365+0000][1][gc,metaspace ] GC(36) Metaspace: 75597K->75597K(1118208K)
[2019-12-09T07:09:43.365+0000][1][gc           ] GC(36) Pause Young (Allocation Failure) 138M->69M(247M) 2.289ms
[2019-12-09T07:09:43.365+0000][1][gc,cpu       ] GC(36) User=0.01s Sys=0.00s Real=0.01s
[2019-12-09T07:09:43.365+0000][1][safepoint    ] Leaving safepoint region
[2019-12-09T07:09:43.365+0000][1][safepoint    ] Total time for which application threads were stopped: 0.0024374 seconds, Stopping threads took: 0.0000171 seconds
[2019-12-09T07:09:44.365+0000][1][safepoint    ] Application time: 1.0000883 seconds
[2019-12-09T07:09:44.365+0000][1][safepoint    ] Entering safepoint region: Cleanup
[2019-12-09T07:09:44.365+0000][1][safepoint    ] Leaving safepoint region
[2019-12-09T07:09:44.365+0000][1][safepoint    ] Total time for which application threads were stopped: 0.0000896 seconds, Stopping threads took: 0.0000181 seconds
[2019-12-09T07:09:45.366+0000][1][safepoint    ] Application time: 1.0000770 seconds
[2019-12-09T07:09:45.366+0000][1][safepoint    ] Entering safepoint region: Cleanup
[2019-12-09T07:09:45.366+0000][1][safepoint    ] Leaving safepoint region
[2019-12-09T07:09:45.366+0000][1][safepoint    ] Total time for which application threads were stopped: 0.0001080 seconds, Stopping threads took: 0.0000205 seconds
[2019-12-09T07:09:46.366+0000][1][safepoint    ] Application time: 1.0000752 seconds
[2019-12-09T07:09:46.366+0000][1][safepoint    ] Entering safepoint region: Cleanup
[2019-12-09T07:09:46.366+0000][1][safepoint    ] Leaving safepoint region
[2019-12-09T07:09:46.366+0000][1][safepoint    ] Total time for which application threads were stopped: 0.0000893 seconds, Stopping threads took: 0.0000190 seconds
[2019-12-09T07:09:47.366+0000][1][safepoint    ] Application time: 1.0000746 seconds
[2019-12-09T07:09:47.366+0000][1][safepoint    ] Entering safepoint region: Cleanup
[2019-12-09T07:09:47.366+0000][1][safepoint    ] Leaving safepoint region
[2019-12-09T07:09:47.366+0000][1][safepoint    ] Total time for which application threads were stopped: 0.0000906 seconds, Stopping threads took: 0.0000201 seconds
[2019-12-09T07:09:48.366+0000][1][safepoint    ] Application time: 1.0000764 seconds
[2019-12-09T07:09:48.366+0000][1][safepoint    ] Entering safepoint region: Cleanup
[2019-12-09T07:09:48.366+0000][1][safepoint    ] Leaving safepoint region
[2019-12-09T07:09:48.366+0000][1][safepoint    ] Total time for which application threads were stopped: 0.0000986 seconds, Stopping threads took: 0.0000158 seconds
[2019-12-09T07:09:49.366+0000][1][safepoint    ] Application time: 1.0000718 seconds
[2019-12-09T07:09:49.366+0000][1][safepoint    ] Entering safepoint region: Cleanup
[2019-12-09T07:09:49.367+0000][1][safepoint    ] Leaving safepoint region
[2019-12-09T07:09:49.367+0000][1][safepoint    ] Total time for which application threads were stopped: 0.0000885 seconds, Stopping threads took: 0.0000201 seconds
[2019-12-09T07:09:50.367+0000][1][safepoint    ] Application time: 1.0000762 seconds
[2019-12-09T07:09:50.367+0000][1][safepoint    ] Entering safepoint region: Cleanup
[2019-12-09T07:09:50.367+0000][1][safepoint    ] Leaving safepoint region
[2019-12-09T07:09:50.367+0000][1][safepoint    ] Total time for which application threads were stopped: 0.0000988 seconds, Stopping threads took: 0.0000304 seconds
[2019-12-09T07:09:51.367+0000][1][safepoint    ] Application time: 1.0000758 seconds
[2019-12-09T07:09:51.367+0000][1][safepoint    ] Entering safepoint region: Cleanup
[2019-12-09T07:09:51.367+0000][1][safepoint    ] Leaving safepoint region
[2019-12-09T07:09:51.367+0000][1][safepoint    ] Total time for which application threads were stopped: 0.0000865 seconds, Stopping threads took: 0.0000187 seconds
[2019-12-09T07:09:52.367+0000][1][safepoint    ] Application time: 1.0000848 seconds
[2019-12-09T07:09:52.367+0000][1][safepoint    ] Entering safepoint region: Cleanup
[2019-12-09T07:09:52.367+0000][1][safepoint    ] Leaving safepoint region
[2019-12-09T07:09:52.367+0000][1][safepoint    ] Total time for which application threads were stopped: 0.0001097 seconds, Stopping threads took: 0.0000194 seconds
[2019-12-09T07:09:53.369+0000][1][safepoint    ] Application time: 1.0015014 seconds
[2019-12-09T07:09:53.369+0000][1][safepoint    ] Entering safepoint region: Cleanup
[2019-12-09T07:09:53.369+0000][1][safepoint    ] Leaving safepoint region
[2019-12-09T07:09:53.369+0000][1][safepoint    ] Total time for which application threads were stopped: 0.0001118 seconds, Stopping threads took: 0.0000220 seconds
[2019-12-09T07:09:54.369+0000][1][safepoint    ] Application time: 1.0000786 seconds
[2019-12-09T07:09:54.369+0000][1][safepoint    ] Entering safepoint region: Cleanup
[2019-12-09T07:09:54.369+0000][1][safepoint    ] Leaving safepoint region
[2019-12-09T07:09:54.369+0000][1][safepoint    ] Total time for which application threads were stopped: 0.0000856 seconds, Stopping threads took: 0.0000185 seconds
[2019-12-09T07:09:55.369+0000][1][safepoint    ] Application time: 1.0000744 seconds
[2019-12-09T07:09:55.369+0000][1][safepoint    ] Entering safepoint region: Cleanup
[2019-12-09T07:09:55.369+0000][1][safepoint    ] Leaving safepoint region
[2019-12-09T07:09:55.369+0000][1][safepoint    ] Total time for which application threads were stopped: 0.0000898 seconds, Stopping threads took: 0.0000195 seconds
[2019-12-09T07:09:56.369+0000][1][safepoint    ] Application time: 1.0000767 seconds
[2019-12-09T07:09:56.369+0000][1][safepoint    ] Entering safepoint region: Cleanup
[2019-12-09T07:09:56.369+0000][1][safepoint    ] Leaving safepoint region
[2019-12-09T07:09:56.369+0000][1][safepoint    ] Total time for which application threads were stopped: 0.0000889 seconds, Stopping threads took: 0.0000184 seconds
[2019-12-09T07:09:57.370+0000][1][safepoint    ] Application time: 1.0000757 seconds
[2019-12-09T07:09:57.370+0000][1][safepoint    ] Entering safepoint region: Cleanup
[2019-12-09T07:09:57.370+0000][1][safepoint    ] Leaving safepoint region
[2019-12-09T07:09:57.370+0000][1][safepoint    ] Total time for which application threads were stopped: 0.0001033 seconds, Stopping threads took: 0.0000191 seconds
[2019-12-09T07:09:58.370+0000][1][safepoint    ] Application time: 1.0000843 seconds
[2019-12-09T07:09:58.370+0000][1][safepoint    ] Entering safepoint region: Cleanup
[2019-12-09T07:09:58.370+0000][1][safepoint    ] Leaving safepoint region
[2019-12-09T07:09:58.370+0000][1][safepoint    ] Total time for which application threads were stopped: 0.0000905 seconds, Stopping threads took: 0.0000205 seconds
[2019-12-09T07:09:59.370+0000][1][safepoint    ] Application time: 1.0000790 seconds
[2019-12-09T07:09:59.370+0000][1][safepoint    ] Entering safepoint region: Cleanup
[2019-12-09T07:09:59.370+0000][1][safepoint    ] Leaving safepoint region
[2019-12-09T07:09:59.370+0000][1][safepoint    ] Total time for which application threads were stopped: 0.0000896 seconds, Stopping threads took: 0.0000203 seconds
[2019-12-09T07:10:00.370+0000][1][safepoint    ] Application time: 1.0000798 seconds
[2019-12-09T07:10:00.370+0000][1][safepoint    ] Entering safepoint region: Cleanup
[2019-12-09T07:10:00.370+0000][1][safepoint    ] Leaving safepoint region
[2019-12-09T07:10:00.370+0000][1][safepoint    ] Total time for which application threads were stopped: 0.0000918 seconds, Stopping threads took: 0.0000202 seconds
[2019-12-09T07:10:01.370+0000][1][safepoint    ] Application time: 1.0000776 seconds
[2019-12-09T07:10:01.371+0000][1][safepoint    ] Entering safepoint region: Cleanup
[2019-12-09T07:10:01.371+0000][1][safepoint    ] Leaving safepoint region
[2019-12-09T07:10:01.371+0000][1][safepoint    ] Total time for which application threads were stopped: 0.0000925 seconds, Stopping threads took: 0.0000210 seconds
[2019-12-09T07:10:02.371+0000][1][safepoint    ] Application time: 1.0000757 seconds
[2019-12-09T07:10:02.371+0000][1][safepoint    ] Entering safepoint region: Cleanup
[2019-12-09T07:10:02.371+0000][1][safepoint    ] Leaving safepoint region
[2019-12-09T07:10:02.371+0000][1][safepoint    ] Total time for which application threads were stopped: 0.0000975 seconds, Stopping threads took: 0.0000207 seconds
[2019-12-09T07:10:03.371+0000][1][safepoint    ] Application time: 1.0000773 seconds
[2019-12-09T07:10:03.371+0000][1][safepoint    ] Entering safepoint region: Cleanup
[2019-12-09T07:10:03.371+0000][1][safepoint    ] Leaving safepoint region
[2019-12-09T07:10:03.371+0000][1][safepoint    ] Total time for which application threads were stopped: 0.0000918 seconds, Stopping threads took: 0.0000198 seconds
[2019-12-09T07:10:04.371+0000][1][safepoint    ] Application time: 1.0000806 seconds
[2019-12-09T07:10:04.371+0000][1][safepoint    ] Entering safepoint region: Cleanup
[2019-12-09T07:10:04.371+0000][1][safepoint    ] Leaving safepoint region
[2019-12-09T07:10:04.371+0000][1][safepoint    ] Total time for which application threads were stopped: 0.0000912 seconds, Stopping threads took: 0.0000203 seconds
[2019-12-09T07:10:05.371+0000][1][safepoint    ] Application time: 1.0000817 seconds
[2019-12-09T07:10:05.371+0000][1][safepoint    ] Entering safepoint region: Cleanup
[2019-12-09T07:10:05.371+0000][1][safepoint    ] Leaving safepoint region
[2019-12-09T07:10:05.371+0000][1][safepoint    ] Total time for which application threads were stopped: 0.0000902 seconds, Stopping threads took: 0.0000202 seconds
[2019-12-09T07:10:06.372+0000][1][safepoint    ] Application time: 1.0000784 seconds
[2019-12-09T07:10:06.372+0000][1][safepoint    ] Entering safepoint region: Cleanup
[2019-12-09T07:10:06.372+0000][1][safepoint    ] Leaving safepoint region
[2019-12-09T07:10:06.372+0000][1][safepoint    ] Total time for which application threads were stopped: 0.0000900 seconds, Stopping threads took: 0.0000193 seconds
[2019-12-09T07:10:07.372+0000][1][safepoint    ] Application time: 1.0000825 seconds
[2019-12-09T07:10:07.372+0000][1][safepoint    ] Entering safepoint region: Cleanup
[2019-12-09T07:10:07.372+0000][1][safepoint    ] Leaving safepoint region
[2019-12-09T07:10:07.372+0000][1][safepoint    ] Total time for which application threads were stopped: 0.0001146 seconds, Stopping threads took: 0.0000254 seconds
[2019-12-09T07:10:08.372+0000][1][safepoint    ] Application time: 1.0000755 seconds
[2019-12-09T07:10:08.372+0000][1][safepoint    ] Entering safepoint region: Cleanup
[2019-12-09T07:10:08.372+0000][1][safepoint    ] Leaving safepoint region
[2019-12-09T07:10:08.372+0000][1][safepoint    ] Total time for which application threads were stopped: 0.0000899 seconds, Stopping threads took: 0.0000216 seconds
[2019-12-09T07:10:09.372+0000][1][safepoint    ] Application time: 1.0000765 seconds
[2019-12-09T07:10:09.372+0000][1][safepoint    ] Entering safepoint region: Cleanup
[2019-12-09T07:10:09.372+0000][1][safepoint    ] Leaving safepoint region
[2019-12-09T07:10:09.372+0000][1][safepoint    ] Total time for which application threads were stopped: 0.0000929 seconds, Stopping threads took: 0.0000195 seconds
[2019-12-09T07:10:10.372+0000][1][safepoint    ] Application time: 1.0000759 seconds
[2019-12-09T07:10:10.372+0000][1][safepoint    ] Entering safepoint region: Cleanup
[2019-12-09T07:10:10.373+0000][1][safepoint    ] Leaving safepoint region
[2019-12-09T07:10:10.373+0000][1][safepoint    ] Total time for which application threads were stopped: 0.0001002 seconds, Stopping threads took: 0.0000286 seconds
[2019-12-09T07:10:11.373+0000][1][safepoint    ] Application time: 1.0000765 seconds
[2019-12-09T07:10:11.373+0000][1][safepoint    ] Entering safepoint region: Cleanup
[2019-12-09T07:10:11.373+0000][1][safepoint    ] Leaving safepoint region
[2019-12-09T07:10:11.373+0000][1][safepoint    ] Total time for which application threads were stopped: 0.0000950 seconds, Stopping threads took: 0.0000307 seconds
[2019-12-09T07:10:12.373+0000][1][safepoint    ] Application time: 1.0000725 seconds
[2019-12-09T07:10:12.373+0000][1][safepoint    ] Entering safepoint region: Cleanup
[2019-12-09T07:10:12.373+0000][1][safepoint    ] Leaving safepoint region
[2019-12-09T07:10:12.373+0000][1][safepoint    ] Total time for which application threads were stopped: 0.0000845 seconds, Stopping threads took: 0.0000195 seconds
[2019-12-09T07:10:13.373+0000][1][safepoint    ] Application time: 1.0000747 seconds
[2019-12-09T07:10:13.373+0000][1][safepoint    ] Entering safepoint region: Cleanup
[2019-12-09T07:10:13.373+0000][1][safepoint    ] Leaving safepoint region
[2019-12-09T07:10:13.373+0000][1][safepoint    ] Total time for which application threads were stopped: 0.0001160 seconds, Stopping threads took: 0.0000309 seconds
[2019-12-09T07:10:14.373+0000][1][safepoint    ] Application time: 1.0000753 seconds
[2019-12-09T07:10:14.373+0000][1][safepoint    ] Entering safepoint region: Cleanup
[2019-12-09T07:10:14.373+0000][1][safepoint    ] Leaving safepoint region
[2019-12-09T07:10:14.373+0000][1][safepoint    ] Total time for which application threads were stopped: 0.0000828 seconds, Stopping threads took: 0.0000193 seconds
[2019-12-09T07:10:15.373+0000][1][safepoint    ] Application time: 1.0000754 seconds
[2019-12-09T07:10:15.374+0000][1][safepoint    ] Entering safepoint region: Cleanup
[2019-12-09T07:10:15.374+0000][1][safepoint    ] Leaving safepoint region
[2019-12-09T07:10:15.374+0000][1][safepoint    ] Total time for which application threads were stopped: 0.0000874 seconds, Stopping threads took: 0.0000190 seconds
[2019-12-09T07:10:16.374+0000][1][safepoint    ] Application time: 1.0000861 seconds
[2019-12-09T07:10:16.374+0000][1][safepoint    ] Entering safepoint region: Cleanup
[2019-12-09T07:10:16.374+0000][1][safepoint    ] Leaving safepoint region
[2019-12-09T07:10:16.374+0000][1][safepoint    ] Total time for which application threads were stopped: 0.0000819 seconds, Stopping threads took: 0.0000190 seconds
[2019-12-09T07:10:17.374+0000][1][safepoint    ] Application time: 1.0000794 seconds
[2019-12-09T07:10:17.374+0000][1][safepoint    ] Entering safepoint region: Cleanup
[2019-12-09T07:10:17.374+0000][1][safepoint    ] Leaving safepoint region
[2019-12-09T07:10:17.374+0000][1][safepoint    ] Total time for which application threads were stopped: 0.0000936 seconds, Stopping threads took: 0.0000198 seconds
[2019-12-09T07:10:18.374+0000][1][safepoint    ] Application time: 1.0000762 seconds
[2019-12-09T07:10:18.374+0000][1][safepoint    ] Entering safepoint region: Cleanup
[2019-12-09T07:10:18.374+0000][1][safepoint    ] Leaving safepoint region
[2019-12-09T07:10:18.374+0000][1][safepoint    ] Total time for which application threads were stopped: 0.0001161 seconds, Stopping threads took: 0.0000244 seconds
[2019-12-09T07:10:19.374+0000][1][safepoint    ] Application time: 1.0000808 seconds
[2019-12-09T07:10:19.374+0000][1][safepoint    ] Entering safepoint region: Cleanup
[2019-12-09T07:10:19.374+0000][1][safepoint    ] Leaving safepoint region
[2019-12-09T07:10:19.374+0000][1][safepoint    ] Total time for which application threads were stopped: 0.0001004 seconds, Stopping threads took: 0.0000275 seconds
[2019-12-09T07:10:20.375+0000][1][safepoint    ] Application time: 1.0000786 seconds
[2019-12-09T07:10:20.375+0000][1][safepoint    ] Entering safepoint region: Cleanup
[2019-12-09T07:10:20.375+0000][1][safepoint    ] Leaving safepoint region
[2019-12-09T07:10:20.375+0000][1][safepoint    ] Total time for which application threads were stopped: 0.0001026 seconds, Stopping threads took: 0.0000194 seconds
[2019-12-09T07:10:21.375+0000][1][safepoint    ] Application time: 1.0000762 seconds
[2019-12-09T07:10:21.375+0000][1][safepoint    ] Entering safepoint region: Cleanup
[2019-12-09T07:10:21.375+0000][1][safepoint    ] Leaving safepoint region
[2019-12-09T07:10:21.375+0000][1][safepoint    ] Total time for which application threads were stopped: 0.0000816 seconds, Stopping threads took: 0.0000199 seconds
[2019-12-09T07:10:22.375+0000][1][safepoint    ] Application time: 1.0000771 seconds
[2019-12-09T07:10:22.375+0000][1][safepoint    ] Entering safepoint region: Cleanup
[2019-12-09T07:10:22.375+0000][1][safepoint    ] Leaving safepoint region
[2019-12-09T07:10:22.375+0000][1][safepoint    ] Total time for which application threads were stopped: 0.0000879 seconds, Stopping threads took: 0.0000225 seconds
[2019-12-09T07:10:23.375+0000][1][safepoint    ] Application time: 1.0000774 seconds
[2019-12-09T07:10:23.375+0000][1][safepoint    ] Entering safepoint region: Cleanup
[2019-12-09T07:10:23.375+0000][1][safepoint    ] Leaving safepoint region
[2019-12-09T07:10:23.375+0000][1][safepoint    ] Total time for which application threads were stopped: 0.0000807 seconds, Stopping threads took: 0.0000176 seconds
[2019-12-09T07:10:24.375+0000][1][safepoint    ] Application time: 1.0000806 seconds
[2019-12-09T07:10:24.375+0000][1][safepoint    ] Entering safepoint region: Cleanup
[2019-12-09T07:10:24.376+0000][1][safepoint    ] Leaving safepoint region
[2019-12-09T07:10:24.376+0000][1][safepoint    ] Total time for which application threads were stopped: 0.0000852 seconds, Stopping threads took: 0.0000206 seconds
[2019-12-09T07:10:25.376+0000][1][safepoint    ] Application time: 1.0000769 seconds
[2019-12-09T07:10:25.376+0000][1][safepoint    ] Entering safepoint region: Cleanup
[2019-12-09T07:10:25.376+0000][1][safepoint    ] Leaving safepoint region
[2019-12-09T07:10:25.376+0000][1][safepoint    ] Total time for which application threads were stopped: 0.0001104 seconds, Stopping threads took: 0.0000452 seconds
[2019-12-09T07:10:25.992+0000][1][safepoint    ] Application time: 0.6162098 seconds
[2019-12-09T07:10:25.992+0000][1][safepoint    ] Entering safepoint region: GenCollectForAllocation
[2019-12-09T07:10:25.992+0000][1][gc,start     ] GC(37) Pause Young (Allocation Failure)
[2019-12-09T07:10:25.992+0000][1][gc,task      ] GC(37) Using 2 workers of 2 for evacuation
[2019-12-09T07:10:25.995+0000][1][gc,age       ] GC(37) Desired survivor size 4456448 bytes, new threshold 6 (max threshold 6)
[2019-12-09T07:10:25.996+0000][1][gc,age       ] GC(37) Age table with threshold 6 (max threshold 6)
[2019-12-09T07:10:25.996+0000][1][gc,age       ] GC(37) - age   1:    1020240 bytes,    1020240 total
[2019-12-09T07:10:25.996+0000][1][gc,age       ] GC(37) - age   2:       2216 bytes,    1022456 total
[2019-12-09T07:10:25.996+0000][1][gc,age       ] GC(37) - age   3:       1864 bytes,    1024320 total
[2019-12-09T07:10:25.996+0000][1][gc,age       ] GC(37) - age   4:       3976 bytes,    1028296 total
[2019-12-09T07:10:25.996+0000][1][gc,age       ] GC(37) - age   5:       2920 bytes,    1031216 total
[2019-12-09T07:10:25.996+0000][1][gc,age       ] GC(37) - age   6:       2864 bytes,    1034080 total
[2019-12-09T07:10:25.996+0000][1][gc,heap      ] GC(37) ParNew: 70711K->1291K(78656K)
[2019-12-09T07:10:25.996+0000][1][gc,heap      ] GC(37) CMS: 70899K->70902K(174784K)
[2019-12-09T07:10:25.996+0000][1][gc,metaspace ] GC(37) Metaspace: 75650K->75650K(1118208K)
[2019-12-09T07:10:25.996+0000][1][gc           ] GC(37) Pause Young (Allocation Failure) 138M->70M(247M) 3.438ms
[2019-12-09T07:10:25.996+0000][1][gc,cpu       ] GC(37) User=0.00s Sys=0.00s Real=0.01s
[2019-12-09T07:10:25.996+0000][1][safepoint    ] Leaving safepoint region
[2019-12-09T07:10:25.996+0000][1][safepoint    ] Total time for which application threads were stopped: 0.0036742 seconds, Stopping threads took: 0.0000274 seconds
[2019-12-09T07:10:26.996+0000][1][safepoint    ] Application time: 1.0000865 seconds
[2019-12-09T07:10:26.996+0000][1][safepoint    ] Entering safepoint region: Cleanup
[2019-12-09T07:10:26.996+0000][1][safepoint    ] Leaving safepoint region
[2019-12-09T07:10:26.996+0000][1][safepoint    ] Total time for which application threads were stopped: 0.0001152 seconds, Stopping threads took: 0.0000276 seconds
[2019-12-09T07:10:27.996+0000][1][safepoint    ] Application time: 1.0000936 seconds
[2019-12-09T07:10:27.996+0000][1][safepoint    ] Entering safepoint region: Cleanup
[2019-12-09T07:10:27.996+0000][1][safepoint    ] Leaving safepoint region
[2019-12-09T07:10:27.996+0000][1][safepoint    ] Total time for which application threads were stopped: 0.0001155 seconds, Stopping threads took: 0.0000269 seconds
[2019-12-09T07:10:28.996+0000][1][safepoint    ] Application time: 1.0000757 seconds
[2019-12-09T07:10:28.996+0000][1][safepoint    ] Entering safepoint region: Cleanup
[2019-12-09T07:10:28.996+0000][1][safepoint    ] Leaving safepoint region
[2019-12-09T07:10:28.996+0000][1][safepoint    ] Total time for which application threads were stopped: 0.0000867 seconds, Stopping threads took: 0.0000201 seconds
[2019-12-09T07:10:29.997+0000][1][safepoint    ] Application time: 1.0000767 seconds
[2019-12-09T07:10:29.997+0000][1][safepoint    ] Entering safepoint region: Cleanup
[2019-12-09T07:10:29.997+0000][1][safepoint    ] Leaving safepoint region
[2019-12-09T07:10:29.997+0000][1][safepoint    ] Total time for which application threads were stopped: 0.0001062 seconds, Stopping threads took: 0.0000300 seconds
[2019-12-09T07:10:30.997+0000][1][safepoint    ] Application time: 1.0000924 seconds
[2019-12-09T07:10:30.997+0000][1][safepoint    ] Entering safepoint region: Cleanup
[2019-12-09T07:10:30.997+0000][1][safepoint    ] Leaving safepoint region
[2019-12-09T07:10:30.997+0000][1][safepoint    ] Total time for which application threads were stopped: 0.0000875 seconds, Stopping threads took: 0.0000220 seconds
[2019-12-09T07:10:31.997+0000][1][safepoint    ] Application time: 1.0000772 seconds
[2019-12-09T07:10:31.997+0000][1][safepoint    ] Entering safepoint region: Cleanup
[2019-12-09T07:10:31.997+0000][1][safepoint    ] Leaving safepoint region
[2019-12-09T07:10:31.997+0000][1][safepoint    ] Total time for which application threads were stopped: 0.0000870 seconds, Stopping threads took: 0.0000188 seconds
[2019-12-09T07:10:32.997+0000][1][safepoint    ] Application time: 1.0000766 seconds
[2019-12-09T07:10:32.997+0000][1][safepoint    ] Entering safepoint region: Cleanup
[2019-12-09T07:10:32.997+0000][1][safepoint    ] Leaving safepoint region
[2019-12-09T07:10:32.997+0000][1][safepoint    ] Total time for which application threads were stopped: 0.0000917 seconds, Stopping threads took: 0.0000196 seconds
[2019-12-09T07:10:33.997+0000][1][safepoint    ] Application time: 1.0000756 seconds
[2019-12-09T07:10:33.997+0000][1][safepoint    ] Entering safepoint region: Cleanup
[2019-12-09T07:10:33.998+0000][1][safepoint    ] Leaving safepoint region
[2019-12-09T07:10:33.998+0000][1][safepoint    ] Total time for which application threads were stopped: 0.0000834 seconds, Stopping threads took: 0.0000213 seconds
[2019-12-09T07:10:34.998+0000][1][safepoint    ] Application time: 1.0000774 seconds
[2019-12-09T07:10:34.998+0000][1][safepoint    ] Entering safepoint region: Cleanup
[2019-12-09T07:10:34.998+0000][1][safepoint    ] Leaving safepoint region
[2019-12-09T07:10:34.998+0000][1][safepoint    ] Total time for which application threads were stopped: 0.0001109 seconds, Stopping threads took: 0.0000207 seconds
[2019-12-09T07:10:35.998+0000][1][safepoint    ] Application time: 1.0000772 seconds
[2019-12-09T07:10:35.998+0000][1][safepoint    ] Entering safepoint region: Cleanup
[2019-12-09T07:10:35.998+0000][1][safepoint    ] Leaving safepoint region
[2019-12-09T07:10:35.998+0000][1][safepoint    ] Total time for which application threads were stopped: 0.0000880 seconds, Stopping threads took: 0.0000193 seconds
[2019-12-09T07:10:36.998+0000][1][safepoint    ] Application time: 1.0000785 seconds
[2019-12-09T07:10:36.998+0000][1][safepoint    ] Entering safepoint region: Cleanup
[2019-12-09T07:10:36.998+0000][1][safepoint    ] Leaving safepoint region
[2019-12-09T07:10:36.998+0000][1][safepoint    ] Total time for which application threads were stopped: 0.0000869 seconds, Stopping threads took: 0.0000208 seconds
[2019-12-09T07:10:37.998+0000][1][safepoint    ] Application time: 1.0000779 seconds
[2019-12-09T07:10:37.998+0000][1][safepoint    ] Entering safepoint region: Cleanup
[2019-12-09T07:10:37.998+0000][1][safepoint    ] Leaving safepoint region
[2019-12-09T07:10:37.998+0000][1][safepoint    ] Total time for which application threads were stopped: 0.0000797 seconds, Stopping threads took: 0.0000182 seconds
[2019-12-09T07:10:38.998+0000][1][safepoint    ] Application time: 1.0000801 seconds
[2019-12-09T07:10:38.999+0000][1][safepoint    ] Entering safepoint region: Cleanup
[2019-12-09T07:10:38.999+0000][1][safepoint    ] Leaving safepoint region
[2019-12-09T07:10:38.999+0000][1][safepoint    ] Total time for which application threads were stopped: 0.0000818 seconds, Stopping threads took: 0.0000198 seconds
[2019-12-09T07:10:39.999+0000][1][safepoint    ] Application time: 1.0000776 seconds
[2019-12-09T07:10:39.999+0000][1][safepoint    ] Entering safepoint region: Cleanup
[2019-12-09T07:10:39.999+0000][1][safepoint    ] Leaving safepoint region
[2019-12-09T07:10:39.999+0000][1][safepoint    ] Total time for which application threads were stopped: 0.0000863 seconds, Stopping threads took: 0.0000213 seconds
[2019-12-09T07:10:40.999+0000][1][safepoint    ] Application time: 1.0000779 seconds
[2019-12-09T07:10:40.999+0000][1][safepoint    ] Entering safepoint region: Cleanup
[2019-12-09T07:10:40.999+0000][1][safepoint    ] Leaving safepoint region
[2019-12-09T07:10:40.999+0000][1][safepoint    ] Total time for which application threads were stopped: 0.0000837 seconds, Stopping threads took: 0.0000190 seconds
[2019-12-09T07:10:41.999+0000][1][safepoint    ] Application time: 1.0000784 seconds
[2019-12-09T07:10:41.999+0000][1][safepoint    ] Entering safepoint region: Cleanup
[2019-12-09T07:10:41.999+0000][1][safepoint    ] Leaving safepoint region
[2019-12-09T07:10:41.999+0000][1][safepoint    ] Total time for which application threads were stopped: 0.0000827 seconds, Stopping threads took: 0.0000192 seconds
[2019-12-09T07:10:42.999+0000][1][safepoint    ] Application time: 1.0000784 seconds
[2019-12-09T07:10:42.999+0000][1][safepoint    ] Entering safepoint region: Cleanup
[2019-12-09T07:10:42.999+0000][1][safepoint    ] Leaving safepoint region
[2019-12-09T07:10:42.999+0000][1][safepoint    ] Total time for which application threads were stopped: 0.0000857 seconds, Stopping threads took: 0.0000207 seconds
[2019-12-09T07:10:44.000+0000][1][safepoint    ] Application time: 1.0000780 seconds
[2019-12-09T07:10:44.000+0000][1][safepoint    ] Entering safepoint region: Cleanup
[2019-12-09T07:10:44.000+0000][1][safepoint    ] Leaving safepoint region
[2019-12-09T07:10:44.000+0000][1][safepoint    ] Total time for which application threads were stopped: 0.0001045 seconds, Stopping threads took: 0.0000215 seconds
[2019-12-09T07:10:45.000+0000][1][safepoint    ] Application time: 1.0000825 seconds
[2019-12-09T07:10:45.000+0000][1][safepoint    ] Entering safepoint region: Cleanup
[2019-12-09T07:10:45.000+0000][1][safepoint    ] Leaving safepoint region
[2019-12-09T07:10:45.000+0000][1][safepoint    ] Total time for which application threads were stopped: 0.0001178 seconds, Stopping threads took: 0.0000272 seconds
[2019-12-09T07:10:46.000+0000][1][safepoint    ] Application time: 1.0000817 seconds
[2019-12-09T07:10:46.000+0000][1][safepoint    ] Entering safepoint region: Cleanup
[2019-12-09T07:10:46.000+0000][1][safepoint    ] Leaving safepoint region
[2019-12-09T07:10:46.000+0000][1][safepoint    ] Total time for which application threads were stopped: 0.0001154 seconds, Stopping threads took: 0.0000263 seconds
[2019-12-09T07:10:47.000+0000][1][safepoint    ] Application time: 1.0000897 seconds
[2019-12-09T07:10:47.000+0000][1][safepoint    ] Entering safepoint region: Cleanup
[2019-12-09T07:10:47.000+0000][1][safepoint    ] Leaving safepoint region
[2019-12-09T07:10:47.000+0000][1][safepoint    ] Total time for which application threads were stopped: 0.0001386 seconds, Stopping threads took: 0.0000292 seconds
[2019-12-09T07:10:48.001+0000][1][safepoint    ] Application time: 1.0000905 seconds
[2019-12-09T07:10:48.001+0000][1][safepoint    ] Entering safepoint region: Cleanup
[2019-12-09T07:10:48.001+0000][1][safepoint    ] Leaving safepoint region
[2019-12-09T07:10:48.001+0000][1][safepoint    ] Total time for which application threads were stopped: 0.0001551 seconds, Stopping threads took: 0.0000288 seconds
[2019-12-09T07:10:49.001+0000][1][safepoint    ] Application time: 1.0000866 seconds
[2019-12-09T07:10:49.001+0000][1][safepoint    ] Entering safepoint region: Cleanup
[2019-12-09T07:10:49.001+0000][1][safepoint    ] Leaving safepoint region
[2019-12-09T07:10:49.001+0000][1][safepoint    ] Total time for which application threads were stopped: 0.0001134 seconds, Stopping threads took: 0.0000271 seconds
[2019-12-09T07:10:50.001+0000][1][safepoint    ] Application time: 1.0000815 seconds
[2019-12-09T07:10:50.001+0000][1][safepoint    ] Entering safepoint region: Cleanup
[2019-12-09T07:10:50.001+0000][1][safepoint    ] Leaving safepoint region
[2019-12-09T07:10:50.001+0000][1][safepoint    ] Total time for which application threads were stopped: 0.0000860 seconds, Stopping threads took: 0.0000201 seconds
[2019-12-09T07:10:51.001+0000][1][safepoint    ] Application time: 1.0000809 seconds
[2019-12-09T07:10:51.001+0000][1][safepoint    ] Entering safepoint region: Cleanup
[2019-12-09T07:10:51.001+0000][1][safepoint    ] Leaving safepoint region
[2019-12-09T07:10:51.001+0000][1][safepoint    ] Total time for which application threads were stopped: 0.0000852 seconds, Stopping threads took: 0.0000207 seconds
[2019-12-09T07:10:52.002+0000][1][safepoint    ] Application time: 1.0000777 seconds
[2019-12-09T07:10:52.002+0000][1][safepoint    ] Entering safepoint region: Cleanup
[2019-12-09T07:10:52.002+0000][1][safepoint    ] Leaving safepoint region
[2019-12-09T07:10:52.002+0000][1][safepoint    ] Total time for which application threads were stopped: 0.0000934 seconds, Stopping threads took: 0.0000200 seconds
[2019-12-09T07:10:53.002+0000][1][safepoint    ] Application time: 1.0000647 seconds
[2019-12-09T07:10:53.002+0000][1][safepoint    ] Entering safepoint region: Cleanup
[2019-12-09T07:10:53.002+0000][1][safepoint    ] Leaving safepoint region
[2019-12-09T07:10:53.002+0000][1][safepoint    ] Total time for which application threads were stopped: 0.0001276 seconds, Stopping threads took: 0.0000274 seconds
[2019-12-09T07:10:54.002+0000][1][safepoint    ] Application time: 1.0000789 seconds
[2019-12-09T07:10:54.002+0000][1][safepoint    ] Entering safepoint region: Cleanup
[2019-12-09T07:10:54.002+0000][1][safepoint    ] Leaving safepoint region
[2019-12-09T07:10:54.002+0000][1][safepoint    ] Total time for which application threads were stopped: 0.0000836 seconds, Stopping threads took: 0.0000197 seconds
[2019-12-09T07:10:55.002+0000][1][safepoint    ] Application time: 1.0000867 seconds
[2019-12-09T07:10:55.002+0000][1][safepoint    ] Entering safepoint region: Cleanup
[2019-12-09T07:10:55.002+0000][1][safepoint    ] Leaving safepoint region
[2019-12-09T07:10:55.002+0000][1][safepoint    ] Total time for which application threads were stopped: 0.0001117 seconds, Stopping threads took: 0.0000269 seconds
[2019-12-09T07:10:56.002+0000][1][safepoint    ] Application time: 1.0000791 seconds
[2019-12-09T07:10:56.002+0000][1][safepoint    ] Entering safepoint region: Cleanup
[2019-12-09T07:10:56.003+0000][1][safepoint    ] Leaving safepoint region
[2019-12-09T07:10:56.003+0000][1][safepoint    ] Total time for which application threads were stopped: 0.0000828 seconds, Stopping threads took: 0.0000193 seconds
[2019-12-09T07:10:57.003+0000][1][safepoint    ] Application time: 1.0000823 seconds
[2019-12-09T07:10:57.003+0000][1][safepoint    ] Entering safepoint region: Cleanup
[2019-12-09T07:10:57.003+0000][1][safepoint    ] Leaving safepoint region
[2019-12-09T07:10:57.003+0000][1][safepoint    ] Total time for which application threads were stopped: 0.0000939 seconds, Stopping threads took: 0.0000235 seconds
[2019-12-09T07:10:58.003+0000][1][safepoint    ] Application time: 1.0000847 seconds
[2019-12-09T07:10:58.003+0000][1][safepoint    ] Entering safepoint region: Cleanup
[2019-12-09T07:10:58.003+0000][1][safepoint    ] Leaving safepoint region
[2019-12-09T07:10:58.003+0000][1][safepoint    ] Total time for which application threads were stopped: 0.0001109 seconds, Stopping threads took: 0.0000266 seconds
[2019-12-09T07:10:59.003+0000][1][safepoint    ] Application time: 1.0000786 seconds
[2019-12-09T07:10:59.003+0000][1][safepoint    ] Entering safepoint region: Cleanup
[2019-12-09T07:10:59.003+0000][1][safepoint    ] Leaving safepoint region
[2019-12-09T07:10:59.003+0000][1][safepoint    ] Total time for which application threads were stopped: 0.0000936 seconds, Stopping threads took: 0.0000200 seconds
[2019-12-09T07:11:00.003+0000][1][safepoint    ] Application time: 1.0000807 seconds
[2019-12-09T07:11:00.003+0000][1][safepoint    ] Entering safepoint region: Cleanup
[2019-12-09T07:11:00.003+0000][1][safepoint    ] Leaving safepoint region
[2019-12-09T07:11:00.003+0000][1][safepoint    ] Total time for which application threads were stopped: 0.0001027 seconds, Stopping threads took: 0.0000314 seconds
[2019-12-09T07:11:01.004+0000][1][safepoint    ] Application time: 1.0000775 seconds
[2019-12-09T07:11:01.004+0000][1][safepoint    ] Entering safepoint region: Cleanup
[2019-12-09T07:11:01.004+0000][1][safepoint    ] Leaving safepoint region
[2019-12-09T07:11:01.004+0000][1][safepoint    ] Total time for which application threads were stopped: 0.0000974 seconds, Stopping threads took: 0.0000192 seconds
[2019-12-09T07:11:02.004+0000][1][safepoint    ] Application time: 1.0000788 seconds
[2019-12-09T07:11:02.004+0000][1][safepoint    ] Entering safepoint region: Cleanup
[2019-12-09T07:11:02.004+0000][1][safepoint    ] Leaving safepoint region
[2019-12-09T07:11:02.004+0000][1][safepoint    ] Total time for which application threads were stopped: 0.0000831 seconds, Stopping threads took: 0.0000194 seconds
[2019-12-09T07:11:03.004+0000][1][safepoint    ] Application time: 1.0000836 seconds
[2019-12-09T07:11:03.004+0000][1][safepoint    ] Entering safepoint region: Cleanup
[2019-12-09T07:11:03.004+0000][1][safepoint    ] Leaving safepoint region
[2019-12-09T07:11:03.004+0000][1][safepoint    ] Total time for which application threads were stopped: 0.0001213 seconds, Stopping threads took: 0.0000277 seconds
[2019-12-09T07:11:04.004+0000][1][safepoint    ] Application time: 1.0000762 seconds
[2019-12-09T07:11:04.004+0000][1][safepoint    ] Entering safepoint region: Cleanup
[2019-12-09T07:11:04.004+0000][1][safepoint    ] Leaving safepoint region
[2019-12-09T07:11:04.004+0000][1][safepoint    ] Total time for which application threads were stopped: 0.0000824 seconds, Stopping threads took: 0.0000202 seconds
[2019-12-09T07:11:05.004+0000][1][safepoint    ] Application time: 1.0000790 seconds
[2019-12-09T07:11:05.005+0000][1][safepoint    ] Entering safepoint region: Cleanup
[2019-12-09T07:11:05.005+0000][1][safepoint    ] Leaving safepoint region
[2019-12-09T07:11:05.005+0000][1][safepoint    ] Total time for which application threads were stopped: 0.0000861 seconds, Stopping threads took: 0.0000216 seconds
[2019-12-09T07:11:06.005+0000][1][safepoint    ] Application time: 1.0000779 seconds
[2019-12-09T07:11:06.005+0000][1][safepoint    ] Entering safepoint region: Cleanup
[2019-12-09T07:11:06.005+0000][1][safepoint    ] Leaving safepoint region
[2019-12-09T07:11:06.005+0000][1][safepoint    ] Total time for which application threads were stopped: 0.0000830 seconds, Stopping threads took: 0.0000196 seconds
[2019-12-09T07:11:07.005+0000][1][safepoint    ] Application time: 1.0000758 seconds
[2019-12-09T07:11:07.005+0000][1][safepoint    ] Entering safepoint region: Cleanup
[2019-12-09T07:11:07.005+0000][1][safepoint    ] Leaving safepoint region
[2019-12-09T07:11:07.005+0000][1][safepoint    ] Total time for which application threads were stopped: 0.0000846 seconds, Stopping threads took: 0.0000205 seconds
[2019-12-09T07:11:08.005+0000][1][safepoint    ] Application time: 1.0000778 seconds
[2019-12-09T07:11:08.005+0000][1][safepoint    ] Entering safepoint region: Cleanup
[2019-12-09T07:11:08.005+0000][1][safepoint    ] Leaving safepoint region
[2019-12-09T07:11:08.005+0000][1][safepoint    ] Total time for which application threads were stopped: 0.0001159 seconds, Stopping threads took: 0.0000252 seconds
[2019-12-09T07:11:08.661+0000][1][safepoint    ] Application time: 0.6557793 seconds
[2019-12-09T07:11:08.661+0000][1][safepoint    ] Entering safepoint region: GenCollectForAllocation
[2019-12-09T07:11:08.661+0000][1][gc,start     ] GC(38) Pause Young (Allocation Failure)
[2019-12-09T07:11:08.661+0000][1][gc,task      ] GC(38) Using 2 workers of 2 for evacuation
[2019-12-09T07:11:08.664+0000][1][gc,age       ] GC(38) Desired survivor size 4456448 bytes, new threshold 6 (max threshold 6)
[2019-12-09T07:11:08.664+0000][1][gc,age       ] GC(38) Age table with threshold 6 (max threshold 6)
[2019-12-09T07:11:08.664+0000][1][gc,age       ] GC(38) - age   1:    1031816 bytes,    1031816 total
[2019-12-09T07:11:08.664+0000][1][gc,age       ] GC(38) - age   2:       1168 bytes,    1032984 total
[2019-12-09T07:11:08.664+0000][1][gc,age       ] GC(38) - age   3:       2120 bytes,    1035104 total
[2019-12-09T07:11:08.664+0000][1][gc,age       ] GC(38) - age   4:       1864 bytes,    1036968 total
[2019-12-09T07:11:08.664+0000][1][gc,age       ] GC(38) - age   5:       3976 bytes,    1040944 total
[2019-12-09T07:11:08.664+0000][1][gc,age       ] GC(38) - age   6:       2920 bytes,    1043864 total
[2019-12-09T07:11:08.664+0000][1][gc,heap      ] GC(38) ParNew: 71243K->1074K(78656K)
[2019-12-09T07:11:08.664+0000][1][gc,heap      ] GC(38) CMS: 70902K->70904K(174784K)
[2019-12-09T07:11:08.664+0000][1][gc,metaspace ] GC(38) Metaspace: 75689K->75689K(1118208K)
[2019-12-09T07:11:08.664+0000][1][gc           ] GC(38) Pause Young (Allocation Failure) 138M->70M(247M) 2.629ms
[2019-12-09T07:11:08.664+0000][1][gc,cpu       ] GC(38) User=0.00s Sys=0.00s Real=0.00s
[2019-12-09T07:11:08.664+0000][1][safepoint    ] Leaving safepoint region
[2019-12-09T07:11:08.664+0000][1][safepoint    ] Total time for which application threads were stopped: 0.0027885 seconds, Stopping threads took: 0.0000192 seconds
[2019-12-09T07:11:09.664+0000][1][safepoint    ] Application time: 1.0000883 seconds
[2019-12-09T07:11:09.664+0000][1][safepoint    ] Entering safepoint region: Cleanup
[2019-12-09T07:11:09.664+0000][1][safepoint    ] Leaving safepoint region
[2019-12-09T07:11:09.664+0000][1][safepoint    ] Total time for which application threads were stopped: 0.0000992 seconds, Stopping threads took: 0.0000200 seconds
[2019-12-09T07:11:10.664+0000][1][safepoint    ] Application time: 1.0000831 seconds
[2019-12-09T07:11:10.664+0000][1][safepoint    ] Entering safepoint region: Cleanup
[2019-12-09T07:11:10.664+0000][1][safepoint    ] Leaving safepoint region
[2019-12-09T07:11:10.664+0000][1][safepoint    ] Total time for which application threads were stopped: 0.0000897 seconds, Stopping threads took: 0.0000250 seconds
[2019-12-09T07:11:11.664+0000][1][safepoint    ] Application time: 1.0000769 seconds
[2019-12-09T07:11:11.664+0000][1][safepoint    ] Entering safepoint region: Cleanup
[2019-12-09T07:11:11.665+0000][1][safepoint    ] Leaving safepoint region
[2019-12-09T07:11:11.665+0000][1][safepoint    ] Total time for which application threads were stopped: 0.0000848 seconds, Stopping threads took: 0.0000185 seconds
[2019-12-09T07:11:12.665+0000][1][safepoint    ] Application time: 1.0000741 seconds
[2019-12-09T07:11:12.665+0000][1][safepoint    ] Entering safepoint region: Cleanup
[2019-12-09T07:11:12.665+0000][1][safepoint    ] Leaving safepoint region
[2019-12-09T07:11:12.665+0000][1][safepoint    ] Total time for which application threads were stopped: 0.0001026 seconds, Stopping threads took: 0.0000193 seconds
[2019-12-09T07:11:13.665+0000][1][safepoint    ] Application time: 1.0000746 seconds
[2019-12-09T07:11:13.665+0000][1][safepoint    ] Entering safepoint region: Cleanup
[2019-12-09T07:11:13.665+0000][1][safepoint    ] Leaving safepoint region
[2019-12-09T07:11:13.665+0000][1][safepoint    ] Total time for which application threads were stopped: 0.0000829 seconds, Stopping threads took: 0.0000191 seconds
[2019-12-09T07:11:14.665+0000][1][safepoint    ] Application time: 1.0000760 seconds
[2019-12-09T07:11:14.665+0000][1][safepoint    ] Entering safepoint region: Cleanup
[2019-12-09T07:11:14.665+0000][1][safepoint    ] Leaving safepoint region
[2019-12-09T07:11:14.665+0000][1][safepoint    ] Total time for which application threads were stopped: 0.0000825 seconds, Stopping threads took: 0.0000197 seconds
[2019-12-09T07:11:15.665+0000][1][safepoint    ] Application time: 1.0000780 seconds
[2019-12-09T07:11:15.665+0000][1][safepoint    ] Entering safepoint region: Cleanup
[2019-12-09T07:11:15.665+0000][1][safepoint    ] Leaving safepoint region
[2019-12-09T07:11:15.665+0000][1][safepoint    ] Total time for which application threads were stopped: 0.0000852 seconds, Stopping threads took: 0.0000213 seconds
[2019-12-09T07:11:16.665+0000][1][safepoint    ] Application time: 1.0000828 seconds
[2019-12-09T07:11:16.666+0000][1][safepoint    ] Entering safepoint region: Cleanup
[2019-12-09T07:11:16.666+0000][1][safepoint    ] Leaving safepoint region
[2019-12-09T07:11:16.666+0000][1][safepoint    ] Total time for which application threads were stopped: 0.0000853 seconds, Stopping threads took: 0.0000197 seconds
[2019-12-09T07:11:17.666+0000][1][safepoint    ] Application time: 1.0000766 seconds
[2019-12-09T07:11:17.666+0000][1][safepoint    ] Entering safepoint region: Cleanup
[2019-12-09T07:11:17.666+0000][1][safepoint    ] Leaving safepoint region
[2019-12-09T07:11:17.666+0000][1][safepoint    ] Total time for which application threads were stopped: 0.0000854 seconds, Stopping threads took: 0.0000203 seconds
[2019-12-09T07:11:18.666+0000][1][safepoint    ] Application time: 1.0000773 seconds
[2019-12-09T07:11:18.666+0000][1][safepoint    ] Entering safepoint region: Cleanup
[2019-12-09T07:11:18.666+0000][1][safepoint    ] Leaving safepoint region
[2019-12-09T07:11:18.666+0000][1][safepoint    ] Total time for which application threads were stopped: 0.0000823 seconds, Stopping threads took: 0.0000193 seconds
[2019-12-09T07:11:19.666+0000][1][safepoint    ] Application time: 1.0000824 seconds
[2019-12-09T07:11:19.666+0000][1][safepoint    ] Entering safepoint region: Cleanup
[2019-12-09T07:11:19.666+0000][1][safepoint    ] Leaving safepoint region
[2019-12-09T07:11:19.666+0000][1][safepoint    ] Total time for which application threads were stopped: 0.0000830 seconds, Stopping threads took: 0.0000194 seconds
[2019-12-09T07:11:20.666+0000][1][safepoint    ] Application time: 1.0000780 seconds
[2019-12-09T07:11:20.666+0000][1][safepoint    ] Entering safepoint region: Cleanup
[2019-12-09T07:11:20.666+0000][1][safepoint    ] Leaving safepoint region
[2019-12-09T07:11:20.666+0000][1][safepoint    ] Total time for which application threads were stopped: 0.0000822 seconds, Stopping threads took: 0.0000193 seconds
[2019-12-09T07:11:21.666+0000][1][safepoint    ] Application time: 1.0000771 seconds
[2019-12-09T07:11:21.667+0000][1][safepoint    ] Entering safepoint region: Cleanup
[2019-12-09T07:11:21.667+0000][1][safepoint    ] Leaving safepoint region
[2019-12-09T07:11:21.667+0000][1][safepoint    ] Total time for which application threads were stopped: 0.0000942 seconds, Stopping threads took: 0.0000199 seconds
[2019-12-09T07:11:22.667+0000][1][safepoint    ] Application time: 1.0000798 seconds
[2019-12-09T07:11:22.667+0000][1][safepoint    ] Entering safepoint region: Cleanup
[2019-12-09T07:11:22.667+0000][1][safepoint    ] Leaving safepoint region
[2019-12-09T07:11:22.667+0000][1][safepoint    ] Total time for which application threads were stopped: 0.0000957 seconds, Stopping threads took: 0.0000295 seconds
[2019-12-09T07:11:23.667+0000][1][safepoint    ] Application time: 1.0000771 seconds
[2019-12-09T07:11:23.667+0000][1][safepoint    ] Entering safepoint region: Cleanup
[2019-12-09T07:11:23.667+0000][1][safepoint    ] Leaving safepoint region
[2019-12-09T07:11:23.667+0000][1][safepoint    ] Total time for which application threads were stopped: 0.0000831 seconds, Stopping threads took: 0.0000196 seconds
[2019-12-09T07:11:24.667+0000][1][safepoint    ] Application time: 1.0000764 seconds
[2019-12-09T07:11:24.667+0000][1][safepoint    ] Entering safepoint region: Cleanup
[2019-12-09T07:11:24.667+0000][1][safepoint    ] Leaving safepoint region
[2019-12-09T07:11:24.667+0000][1][safepoint    ] Total time for which application threads were stopped: 0.0000871 seconds, Stopping threads took: 0.0000216 seconds
[2019-12-09T07:11:25.667+0000][1][safepoint    ] Application time: 1.0000771 seconds
[2019-12-09T07:11:25.667+0000][1][safepoint    ] Entering safepoint region: Cleanup
[2019-12-09T07:11:25.667+0000][1][safepoint    ] Leaving safepoint region
[2019-12-09T07:11:25.667+0000][1][safepoint    ] Total time for which application threads were stopped: 0.0000818 seconds, Stopping threads took: 0.0000193 seconds
[2019-12-09T07:11:26.668+0000][1][safepoint    ] Application time: 1.0000761 seconds
[2019-12-09T07:11:26.668+0000][1][safepoint    ] Entering safepoint region: Cleanup
[2019-12-09T07:11:26.668+0000][1][safepoint    ] Leaving safepoint region
[2019-12-09T07:11:26.668+0000][1][safepoint    ] Total time for which application threads were stopped: 0.0000843 seconds, Stopping threads took: 0.0000183 seconds
[2019-12-09T07:11:27.668+0000][1][safepoint    ] Application time: 1.0000752 seconds
[2019-12-09T07:11:27.668+0000][1][safepoint    ] Entering safepoint region: Cleanup
[2019-12-09T07:11:27.668+0000][1][safepoint    ] Leaving safepoint region
[2019-12-09T07:11:27.668+0000][1][safepoint    ] Total time for which application threads were stopped: 0.0000827 seconds, Stopping threads took: 0.0000184 seconds
[2019-12-09T07:11:28.668+0000][1][safepoint    ] Application time: 1.0000778 seconds
[2019-12-09T07:11:28.668+0000][1][safepoint    ] Entering safepoint region: Cleanup
[2019-12-09T07:11:28.668+0000][1][safepoint    ] Leaving safepoint region
[2019-12-09T07:11:28.668+0000][1][safepoint    ] Total time for which application threads were stopped: 0.0000834 seconds, Stopping threads took: 0.0000195 seconds
[2019-12-09T07:11:29.668+0000][1][safepoint    ] Application time: 1.0000774 seconds
[2019-12-09T07:11:29.668+0000][1][safepoint    ] Entering safepoint region: Cleanup
[2019-12-09T07:11:29.668+0000][1][safepoint    ] Leaving safepoint region
[2019-12-09T07:11:29.668+0000][1][safepoint    ] Total time for which application threads were stopped: 0.0000865 seconds, Stopping threads took: 0.0000215 seconds
[2019-12-09T07:11:30.668+0000][1][safepoint    ] Application time: 1.0000762 seconds
[2019-12-09T07:11:30.668+0000][1][safepoint    ] Entering safepoint region: Cleanup
[2019-12-09T07:11:30.668+0000][1][safepoint    ] Leaving safepoint region
[2019-12-09T07:11:30.668+0000][1][safepoint    ] Total time for which application threads were stopped: 0.0000920 seconds, Stopping threads took: 0.0000282 seconds
[2019-12-09T07:11:31.669+0000][1][safepoint    ] Application time: 1.0000779 seconds
[2019-12-09T07:11:31.669+0000][1][safepoint    ] Entering safepoint region: Cleanup
[2019-12-09T07:11:31.669+0000][1][safepoint    ] Leaving safepoint region
[2019-12-09T07:11:31.669+0000][1][safepoint    ] Total time for which application threads were stopped: 0.0000996 seconds, Stopping threads took: 0.0000203 seconds
[2019-12-09T07:11:32.669+0000][1][safepoint    ] Application time: 1.0000753 seconds
[2019-12-09T07:11:32.669+0000][1][safepoint    ] Entering safepoint region: Cleanup
[2019-12-09T07:11:32.669+0000][1][safepoint    ] Leaving safepoint region
[2019-12-09T07:11:32.669+0000][1][safepoint    ] Total time for which application threads were stopped: 0.0001045 seconds, Stopping threads took: 0.0000276 seconds
[2019-12-09T07:11:33.669+0000][1][safepoint    ] Application time: 1.0000782 seconds
[2019-12-09T07:11:33.669+0000][1][safepoint    ] Entering safepoint region: Cleanup
[2019-12-09T07:11:33.669+0000][1][safepoint    ] Leaving safepoint region
[2019-12-09T07:11:33.669+0000][1][safepoint    ] Total time for which application threads were stopped: 0.0000989 seconds, Stopping threads took: 0.0000266 seconds
[2019-12-09T07:11:34.669+0000][1][safepoint    ] Application time: 1.0000776 seconds
[2019-12-09T07:11:34.669+0000][1][safepoint    ] Entering safepoint region: Cleanup
[2019-12-09T07:11:34.669+0000][1][safepoint    ] Leaving safepoint region
[2019-12-09T07:11:34.669+0000][1][safepoint    ] Total time for which application threads were stopped: 0.0000921 seconds, Stopping threads took: 0.0000264 seconds
[2019-12-09T07:11:35.669+0000][1][safepoint    ] Application time: 1.0000795 seconds
[2019-12-09T07:11:35.670+0000][1][safepoint    ] Entering safepoint region: Cleanup
[2019-12-09T07:11:35.670+0000][1][safepoint    ] Leaving safepoint region
[2019-12-09T07:11:35.670+0000][1][safepoint    ] Total time for which application threads were stopped: 0.0000839 seconds, Stopping threads took: 0.0000200 seconds
[2019-12-09T07:11:36.670+0000][1][safepoint    ] Application time: 1.0000768 seconds
[2019-12-09T07:11:36.670+0000][1][safepoint    ] Entering safepoint region: Cleanup
[2019-12-09T07:11:36.670+0000][1][safepoint    ] Leaving safepoint region
[2019-12-09T07:11:36.670+0000][1][safepoint    ] Total time for which application threads were stopped: 0.0000883 seconds, Stopping threads took: 0.0000203 seconds
[2019-12-09T07:11:37.670+0000][1][safepoint    ] Application time: 1.0000773 seconds
[2019-12-09T07:11:37.670+0000][1][safepoint    ] Entering safepoint region: Cleanup
[2019-12-09T07:11:37.670+0000][1][safepoint    ] Leaving safepoint region
[2019-12-09T07:11:37.670+0000][1][safepoint    ] Total time for which application threads were stopped: 0.0000835 seconds, Stopping threads took: 0.0000197 seconds
[2019-12-09T07:11:38.670+0000][1][safepoint    ] Application time: 1.0000750 seconds
[2019-12-09T07:11:38.670+0000][1][safepoint    ] Entering safepoint region: Cleanup
[2019-12-09T07:11:38.670+0000][1][safepoint    ] Leaving safepoint region
[2019-12-09T07:11:38.670+0000][1][safepoint    ] Total time for which application threads were stopped: 0.0000845 seconds, Stopping threads took: 0.0000194 seconds
[2019-12-09T07:11:39.670+0000][1][safepoint    ] Application time: 1.0000752 seconds
[2019-12-09T07:11:39.670+0000][1][safepoint    ] Entering safepoint region: Cleanup
[2019-12-09T07:11:39.670+0000][1][safepoint    ] Leaving safepoint region
[2019-12-09T07:11:39.670+0000][1][safepoint    ] Total time for which application threads were stopped: 0.0000895 seconds, Stopping threads took: 0.0000191 seconds
[2019-12-09T07:11:40.670+0000][1][safepoint    ] Application time: 1.0000766 seconds
[2019-12-09T07:11:40.671+0000][1][safepoint    ] Entering safepoint region: Cleanup
[2019-12-09T07:11:40.671+0000][1][safepoint    ] Leaving safepoint region
[2019-12-09T07:11:40.671+0000][1][safepoint    ] Total time for which application threads were stopped: 0.0000839 seconds, Stopping threads took: 0.0000184 seconds
[2019-12-09T07:11:41.671+0000][1][safepoint    ] Application time: 1.0000787 seconds
[2019-12-09T07:11:41.671+0000][1][safepoint    ] Entering safepoint region: Cleanup
[2019-12-09T07:11:41.671+0000][1][safepoint    ] Leaving safepoint region
[2019-12-09T07:11:41.671+0000][1][safepoint    ] Total time for which application threads were stopped: 0.0000828 seconds, Stopping threads took: 0.0000179 seconds
[2019-12-09T07:11:42.671+0000][1][safepoint    ] Application time: 1.0000772 seconds
[2019-12-09T07:11:42.671+0000][1][safepoint    ] Entering safepoint region: Cleanup
[2019-12-09T07:11:42.671+0000][1][safepoint    ] Leaving safepoint region
[2019-12-09T07:11:42.671+0000][1][safepoint    ] Total time for which application threads were stopped: 0.0000914 seconds, Stopping threads took: 0.0000279 seconds
[2019-12-09T07:11:43.671+0000][1][safepoint    ] Application time: 1.0000811 seconds
[2019-12-09T07:11:43.671+0000][1][safepoint    ] Entering safepoint region: Cleanup
[2019-12-09T07:11:43.671+0000][1][safepoint    ] Leaving safepoint region
[2019-12-09T07:11:43.671+0000][1][safepoint    ] Total time for which application threads were stopped: 0.0000844 seconds, Stopping threads took: 0.0000202 seconds
[2019-12-09T07:11:44.671+0000][1][safepoint    ] Application time: 1.0000777 seconds
[2019-12-09T07:11:44.671+0000][1][safepoint    ] Entering safepoint region: Cleanup
[2019-12-09T07:11:44.671+0000][1][safepoint    ] Leaving safepoint region
[2019-12-09T07:11:44.671+0000][1][safepoint    ] Total time for which application threads were stopped: 0.0000954 seconds, Stopping threads took: 0.0000210 seconds
[2019-12-09T07:11:45.672+0000][1][safepoint    ] Application time: 1.0000770 seconds
[2019-12-09T07:11:45.672+0000][1][safepoint    ] Entering safepoint region: Cleanup
[2019-12-09T07:11:45.672+0000][1][safepoint    ] Leaving safepoint region
[2019-12-09T07:11:45.672+0000][1][safepoint    ] Total time for which application threads were stopped: 0.0000910 seconds, Stopping threads took: 0.0000200 seconds
[2019-12-09T07:11:46.672+0000][1][safepoint    ] Application time: 1.0000875 seconds
[2019-12-09T07:11:46.672+0000][1][safepoint    ] Entering safepoint region: Cleanup
[2019-12-09T07:11:46.672+0000][1][safepoint    ] Leaving safepoint region
[2019-12-09T07:11:46.672+0000][1][safepoint    ] Total time for which application threads were stopped: 0.0000987 seconds, Stopping threads took: 0.0000201 seconds
[2019-12-09T07:11:47.672+0000][1][safepoint    ] Application time: 1.0000791 seconds
[2019-12-09T07:11:47.672+0000][1][safepoint    ] Entering safepoint region: Cleanup
[2019-12-09T07:11:47.672+0000][1][safepoint    ] Leaving safepoint region
[2019-12-09T07:11:47.672+0000][1][safepoint    ] Total time for which application threads were stopped: 0.0000828 seconds, Stopping threads took: 0.0000188 seconds
[2019-12-09T07:11:48.672+0000][1][safepoint    ] Application time: 1.0000773 seconds
[2019-12-09T07:11:48.672+0000][1][safepoint    ] Entering safepoint region: Cleanup
[2019-12-09T07:11:48.672+0000][1][safepoint    ] Leaving safepoint region
[2019-12-09T07:11:48.672+0000][1][safepoint    ] Total time for which application threads were stopped: 0.0000832 seconds, Stopping threads took: 0.0000190 seconds
[2019-12-09T07:11:49.672+0000][1][safepoint    ] Application time: 1.0000766 seconds
[2019-12-09T07:11:49.672+0000][1][safepoint    ] Entering safepoint region: Cleanup
[2019-12-09T07:11:49.673+0000][1][safepoint    ] Leaving safepoint region
[2019-12-09T07:11:49.673+0000][1][safepoint    ] Total time for which application threads were stopped: 0.0000852 seconds, Stopping threads took: 0.0000213 seconds
[2019-12-09T07:11:50.673+0000][1][safepoint    ] Application time: 1.0000783 seconds
[2019-12-09T07:11:50.673+0000][1][safepoint    ] Entering safepoint region: Cleanup
[2019-12-09T07:11:50.673+0000][1][safepoint    ] Leaving safepoint region
[2019-12-09T07:11:50.673+0000][1][safepoint    ] Total time for which application threads were stopped: 0.0000940 seconds, Stopping threads took: 0.0000195 seconds
[2019-12-09T07:11:51.065+0000][1][safepoint    ] Application time: 0.3922522 seconds
[2019-12-09T07:11:51.065+0000][1][safepoint    ] Entering safepoint region: GenCollectForAllocation
[2019-12-09T07:11:51.065+0000][1][gc,start     ] GC(39) Pause Young (Allocation Failure)
[2019-12-09T07:11:51.065+0000][1][gc,task      ] GC(39) Using 2 workers of 2 for evacuation
[2019-12-09T07:11:51.067+0000][1][gc,age       ] GC(39) Desired survivor size 4456448 bytes, new threshold 6 (max threshold 6)
[2019-12-09T07:11:51.067+0000][1][gc,age       ] GC(39) Age table with threshold 6 (max threshold 6)
[2019-12-09T07:11:51.067+0000][1][gc,age       ] GC(39) - age   1:     822128 bytes,     822128 total
[2019-12-09T07:11:51.067+0000][1][gc,age       ] GC(39) - age   2:       3096 bytes,     825224 total
[2019-12-09T07:11:51.067+0000][1][gc,age       ] GC(39) - age   3:       1168 bytes,     826392 total
[2019-12-09T07:11:51.067+0000][1][gc,age       ] GC(39) - age   4:       2120 bytes,     828512 total
[2019-12-09T07:11:51.067+0000][1][gc,age       ] GC(39) - age   5:       1864 bytes,     830376 total
[2019-12-09T07:11:51.067+0000][1][gc,age       ] GC(39) - age   6:       3976 bytes,     834352 total
[2019-12-09T07:11:51.067+0000][1][gc,heap      ] GC(39) ParNew: 71026K->905K(78656K)
[2019-12-09T07:11:51.067+0000][1][gc,heap      ] GC(39) CMS: 70904K->70907K(174784K)
[2019-12-09T07:11:51.067+0000][1][gc,metaspace ] GC(39) Metaspace: 75703K->75703K(1118208K)
[2019-12-09T07:11:51.067+0000][1][gc           ] GC(39) Pause Young (Allocation Failure) 138M->70M(247M) 2.305ms
[2019-12-09T07:11:51.067+0000][1][gc,cpu       ] GC(39) User=0.01s Sys=0.00s Real=0.00s
[2019-12-09T07:11:51.067+0000][1][safepoint    ] Leaving safepoint region
[2019-12-09T07:11:51.067+0000][1][safepoint    ] Total time for which application threads were stopped: 0.0024637 seconds, Stopping threads took: 0.0000191 seconds
[2019-12-09T07:11:52.068+0000][1][safepoint    ] Application time: 1.0000889 seconds
[2019-12-09T07:11:52.068+0000][1][safepoint    ] Entering safepoint region: Cleanup
[2019-12-09T07:11:52.068+0000][1][safepoint    ] Leaving safepoint region
[2019-12-09T07:11:52.068+0000][1][safepoint    ] Total time for which application threads were stopped: 0.0000983 seconds, Stopping threads took: 0.0000206 seconds
[2019-12-09T07:11:53.068+0000][1][safepoint    ] Application time: 1.0000829 seconds
[2019-12-09T07:11:53.068+0000][1][safepoint    ] Entering safepoint region: Cleanup
[2019-12-09T07:11:53.068+0000][1][safepoint    ] Leaving safepoint region
[2019-12-09T07:11:53.068+0000][1][safepoint    ] Total time for which application threads were stopped: 0.0000945 seconds, Stopping threads took: 0.0000207 seconds
[2019-12-09T07:11:54.068+0000][1][safepoint    ] Application time: 1.0000747 seconds
[2019-12-09T07:11:54.068+0000][1][safepoint    ] Entering safepoint region: Cleanup
[2019-12-09T07:11:54.068+0000][1][safepoint    ] Leaving safepoint region
[2019-12-09T07:11:54.068+0000][1][safepoint    ] Total time for which application threads were stopped: 0.0000918 seconds, Stopping threads took: 0.0000178 seconds
[2019-12-09T07:11:55.068+0000][1][safepoint    ] Application time: 1.0000766 seconds
[2019-12-09T07:11:55.068+0000][1][safepoint    ] Entering safepoint region: Cleanup
[2019-12-09T07:11:55.068+0000][1][safepoint    ] Leaving safepoint region
[2019-12-09T07:11:55.068+0000][1][safepoint    ] Total time for which application threads were stopped: 0.0000859 seconds, Stopping threads took: 0.0000217 seconds
[2019-12-09T07:11:56.068+0000][1][safepoint    ] Application time: 1.0000895 seconds
[2019-12-09T07:11:56.069+0000][1][safepoint    ] Entering safepoint region: Cleanup
[2019-12-09T07:11:56.069+0000][1][safepoint    ] Leaving safepoint region
[2019-12-09T07:11:56.069+0000][1][safepoint    ] Total time for which application threads were stopped: 0.0001400 seconds, Stopping threads took: 0.0000660 seconds
[2019-12-09T07:11:57.069+0000][1][safepoint    ] Application time: 1.0000858 seconds
[2019-12-09T07:11:57.069+0000][1][safepoint    ] Entering safepoint region: Cleanup
[2019-12-09T07:11:57.069+0000][1][safepoint    ] Leaving safepoint region
[2019-12-09T07:11:57.069+0000][1][safepoint    ] Total time for which application threads were stopped: 0.0000902 seconds, Stopping threads took: 0.0000211 seconds
[2019-12-09T07:11:58.069+0000][1][safepoint    ] Application time: 1.0000795 seconds
[2019-12-09T07:11:58.069+0000][1][safepoint    ] Entering safepoint region: Cleanup
[2019-12-09T07:11:58.069+0000][1][safepoint    ] Leaving safepoint region
[2019-12-09T07:11:58.069+0000][1][safepoint    ] Total time for which application threads were stopped: 0.0000858 seconds, Stopping threads took: 0.0000204 seconds
[2019-12-09T07:11:59.069+0000][1][safepoint    ] Application time: 1.0000768 seconds
[2019-12-09T07:11:59.069+0000][1][safepoint    ] Entering safepoint region: Cleanup
[2019-12-09T07:11:59.069+0000][1][safepoint    ] Leaving safepoint region
[2019-12-09T07:11:59.069+0000][1][safepoint    ] Total time for which application threads were stopped: 0.0000887 seconds, Stopping threads took: 0.0000192 seconds
[2019-12-09T07:12:00.069+0000][1][safepoint    ] Application time: 1.0000785 seconds
[2019-12-09T07:12:00.069+0000][1][safepoint    ] Entering safepoint region: Cleanup
[2019-12-09T07:12:00.070+0000][1][safepoint    ] Leaving safepoint region
[2019-12-09T07:12:00.070+0000][1][safepoint    ] Total time for which application threads were stopped: 0.0000959 seconds, Stopping threads took: 0.0000291 seconds
[2019-12-09T07:12:01.070+0000][1][safepoint    ] Application time: 1.0000789 seconds
[2019-12-09T07:12:01.070+0000][1][safepoint    ] Entering safepoint region: Cleanup
[2019-12-09T07:12:01.070+0000][1][safepoint    ] Leaving safepoint region
[2019-12-09T07:12:01.070+0000][1][safepoint    ] Total time for which application threads were stopped: 0.0000899 seconds, Stopping threads took: 0.0000191 seconds
[2019-12-09T07:12:02.070+0000][1][safepoint    ] Application time: 1.0000760 seconds
[2019-12-09T07:12:02.070+0000][1][safepoint    ] Entering safepoint region: Cleanup
[2019-12-09T07:12:02.070+0000][1][safepoint    ] Leaving safepoint region
[2019-12-09T07:12:02.070+0000][1][safepoint    ] Total time for which application threads were stopped: 0.0000890 seconds, Stopping threads took: 0.0000194 seconds
[2019-12-09T07:12:03.070+0000][1][safepoint    ] Application time: 1.0000769 seconds
[2019-12-09T07:12:03.070+0000][1][safepoint    ] Entering safepoint region: Cleanup
[2019-12-09T07:12:03.070+0000][1][safepoint    ] Leaving safepoint region
[2019-12-09T07:12:03.070+0000][1][safepoint    ] Total time for which application threads were stopped: 0.0000844 seconds, Stopping threads took: 0.0000204 seconds
[2019-12-09T07:12:04.070+0000][1][safepoint    ] Application time: 1.0000758 seconds
[2019-12-09T07:12:04.070+0000][1][safepoint    ] Entering safepoint region: Cleanup
[2019-12-09T07:12:04.070+0000][1][safepoint    ] Leaving safepoint region
[2019-12-09T07:12:04.070+0000][1][safepoint    ] Total time for which application threads were stopped: 0.0000769 seconds, Stopping threads took: 0.0000184 seconds
[2019-12-09T07:12:05.070+0000][1][safepoint    ] Application time: 1.0000747 seconds
[2019-12-09T07:12:05.070+0000][1][safepoint    ] Entering safepoint region: Cleanup
[2019-12-09T07:12:05.071+0000][1][safepoint    ] Leaving safepoint region
[2019-12-09T07:12:05.071+0000][1][safepoint    ] Total time for which application threads were stopped: 0.0000954 seconds, Stopping threads took: 0.0000264 seconds
[2019-12-09T07:12:06.071+0000][1][safepoint    ] Application time: 1.0000771 seconds
[2019-12-09T07:12:06.071+0000][1][safepoint    ] Entering safepoint region: Cleanup
[2019-12-09T07:12:06.071+0000][1][safepoint    ] Leaving safepoint region
[2019-12-09T07:12:06.071+0000][1][safepoint    ] Total time for which application threads were stopped: 0.0000934 seconds, Stopping threads took: 0.0000194 seconds
[2019-12-09T07:12:07.071+0000][1][safepoint    ] Application time: 1.0000751 seconds
[2019-12-09T07:12:07.071+0000][1][safepoint    ] Entering safepoint region: Cleanup
[2019-12-09T07:12:07.071+0000][1][safepoint    ] Leaving safepoint region
[2019-12-09T07:12:07.071+0000][1][safepoint    ] Total time for which application threads were stopped: 0.0000804 seconds, Stopping threads took: 0.0000177 seconds
[2019-12-09T07:12:08.071+0000][1][safepoint    ] Application time: 1.0000763 seconds
[2019-12-09T07:12:08.071+0000][1][safepoint    ] Entering safepoint region: Cleanup
[2019-12-09T07:12:08.071+0000][1][safepoint    ] Leaving safepoint region
[2019-12-09T07:12:08.071+0000][1][safepoint    ] Total time for which application threads were stopped: 0.0000783 seconds, Stopping threads took: 0.0000178 seconds
[2019-12-09T07:12:09.071+0000][1][safepoint    ] Application time: 1.0000763 seconds
[2019-12-09T07:12:09.071+0000][1][safepoint    ] Entering safepoint region: Cleanup
[2019-12-09T07:12:09.071+0000][1][safepoint    ] Leaving safepoint region
[2019-12-09T07:12:09.071+0000][1][safepoint    ] Total time for which application threads were stopped: 0.0000801 seconds, Stopping threads took: 0.0000186 seconds
[2019-12-09T07:12:10.071+0000][1][safepoint    ] Application time: 1.0000752 seconds
[2019-12-09T07:12:10.071+0000][1][safepoint    ] Entering safepoint region: Cleanup
[2019-12-09T07:12:10.071+0000][1][safepoint    ] Leaving safepoint region
[2019-12-09T07:12:10.071+0000][1][safepoint    ] Total time for which application threads were stopped: 0.0000831 seconds, Stopping threads took: 0.0000194 seconds
[2019-12-09T07:12:11.072+0000][1][safepoint    ] Application time: 1.0000735 seconds
[2019-12-09T07:12:11.072+0000][1][safepoint    ] Entering safepoint region: Cleanup
[2019-12-09T07:12:11.072+0000][1][safepoint    ] Leaving safepoint region
[2019-12-09T07:12:11.072+0000][1][safepoint    ] Total time for which application threads were stopped: 0.0000860 seconds, Stopping threads took: 0.0000179 seconds
[2019-12-09T07:12:12.072+0000][1][safepoint    ] Application time: 1.0000679 seconds
[2019-12-09T07:12:12.072+0000][1][safepoint    ] Entering safepoint region: Cleanup
[2019-12-09T07:12:12.072+0000][1][safepoint    ] Leaving safepoint region
[2019-12-09T07:12:12.072+0000][1][safepoint    ] Total time for which application threads were stopped: 0.0001089 seconds, Stopping threads took: 0.0000261 seconds
[2019-12-09T07:12:13.072+0000][1][safepoint    ] Application time: 1.0000763 seconds
[2019-12-09T07:12:13.072+0000][1][safepoint    ] Entering safepoint region: Cleanup
[2019-12-09T07:12:13.072+0000][1][safepoint    ] Leaving safepoint region
[2019-12-09T07:12:13.072+0000][1][safepoint    ] Total time for which application threads were stopped: 0.0000789 seconds, Stopping threads took: 0.0000181 seconds
[2019-12-09T07:12:14.072+0000][1][safepoint    ] Application time: 1.0000743 seconds
[2019-12-09T07:12:14.072+0000][1][safepoint    ] Entering safepoint region: Cleanup
[2019-12-09T07:12:14.072+0000][1][safepoint    ] Leaving safepoint region
[2019-12-09T07:12:14.072+0000][1][safepoint    ] Total time for which application threads were stopped: 0.0000782 seconds, Stopping threads took: 0.0000177 seconds
[2019-12-09T07:12:15.072+0000][1][safepoint    ] Application time: 1.0000742 seconds
[2019-12-09T07:12:15.072+0000][1][safepoint    ] Entering safepoint region: Cleanup
[2019-12-09T07:12:15.072+0000][1][safepoint    ] Leaving safepoint region
[2019-12-09T07:12:15.072+0000][1][safepoint    ] Total time for which application threads were stopped: 0.0000804 seconds, Stopping threads took: 0.0000189 seconds
[2019-12-09T07:12:16.072+0000][1][safepoint    ] Application time: 1.0000610 seconds
[2019-12-09T07:12:16.073+0000][1][safepoint    ] Entering safepoint region: Cleanup
[2019-12-09T07:12:16.073+0000][1][safepoint    ] Leaving safepoint region
[2019-12-09T07:12:16.073+0000][1][safepoint    ] Total time for which application threads were stopped: 0.0000815 seconds, Stopping threads took: 0.0000203 seconds
[2019-12-09T07:12:17.073+0000][1][safepoint    ] Application time: 1.0000752 seconds
[2019-12-09T07:12:17.073+0000][1][safepoint    ] Entering safepoint region: Cleanup
[2019-12-09T07:12:17.073+0000][1][safepoint    ] Leaving safepoint region
[2019-12-09T07:12:17.073+0000][1][safepoint    ] Total time for which application threads were stopped: 0.0000899 seconds, Stopping threads took: 0.0000286 seconds
[2019-12-09T07:12:18.073+0000][1][safepoint    ] Application time: 1.0000775 seconds
[2019-12-09T07:12:18.073+0000][1][safepoint    ] Entering safepoint region: Cleanup
[2019-12-09T07:12:18.073+0000][1][safepoint    ] Leaving safepoint region
[2019-12-09T07:12:18.073+0000][1][safepoint    ] Total time for which application threads were stopped: 0.0000773 seconds, Stopping threads took: 0.0000170 seconds
[2019-12-09T07:12:19.073+0000][1][safepoint    ] Application time: 1.0000764 seconds
[2019-12-09T07:12:19.073+0000][1][safepoint    ] Entering safepoint region: Cleanup
[2019-12-09T07:12:19.073+0000][1][safepoint    ] Leaving safepoint region
[2019-12-09T07:12:19.073+0000][1][safepoint    ] Total time for which application threads were stopped: 0.0000834 seconds, Stopping threads took: 0.0000216 seconds
[2019-12-09T07:12:20.073+0000][1][safepoint    ] Application time: 1.0000790 seconds
[2019-12-09T07:12:20.073+0000][1][safepoint    ] Entering safepoint region: Cleanup
[2019-12-09T07:12:20.073+0000][1][safepoint    ] Leaving safepoint region
[2019-12-09T07:12:20.073+0000][1][safepoint    ] Total time for which application threads were stopped: 0.0000923 seconds, Stopping threads took: 0.0000205 seconds
[2019-12-09T07:12:21.073+0000][1][safepoint    ] Application time: 1.0000773 seconds
[2019-12-09T07:12:21.074+0000][1][safepoint    ] Entering safepoint region: Cleanup
[2019-12-09T07:12:21.074+0000][1][safepoint    ] Leaving safepoint region
[2019-12-09T07:12:21.074+0000][1][safepoint    ] Total time for which application threads were stopped: 0.0000909 seconds, Stopping threads took: 0.0000215 seconds
[2019-12-09T07:12:22.074+0000][1][safepoint    ] Application time: 1.0000801 seconds
[2019-12-09T07:12:22.074+0000][1][safepoint    ] Entering safepoint region: Cleanup
[2019-12-09T07:12:22.074+0000][1][safepoint    ] Leaving safepoint region
[2019-12-09T07:12:22.074+0000][1][safepoint    ] Total time for which application threads were stopped: 0.0000901 seconds, Stopping threads took: 0.0000206 seconds
[2019-12-09T07:12:23.074+0000][1][safepoint    ] Application time: 1.0000766 seconds
[2019-12-09T07:12:23.074+0000][1][safepoint    ] Entering safepoint region: Cleanup
[2019-12-09T07:12:23.074+0000][1][safepoint    ] Leaving safepoint region
[2019-12-09T07:12:23.074+0000][1][safepoint    ] Total time for which application threads were stopped: 0.0000897 seconds, Stopping threads took: 0.0000209 seconds
[2019-12-09T07:12:24.074+0000][1][safepoint    ] Application time: 1.0000790 seconds
[2019-12-09T07:12:24.074+0000][1][safepoint    ] Entering safepoint region: Cleanup
[2019-12-09T07:12:24.074+0000][1][safepoint    ] Leaving safepoint region
[2019-12-09T07:12:24.074+0000][1][safepoint    ] Total time for which application threads were stopped: 0.0000854 seconds, Stopping threads took: 0.0000214 seconds
[2019-12-09T07:12:25.074+0000][1][safepoint    ] Application time: 1.0000778 seconds
[2019-12-09T07:12:25.074+0000][1][safepoint    ] Entering safepoint region: Cleanup
[2019-12-09T07:12:25.074+0000][1][safepoint    ] Leaving safepoint region
[2019-12-09T07:12:25.074+0000][1][safepoint    ] Total time for which application threads were stopped: 0.0000896 seconds, Stopping threads took: 0.0000231 seconds
[2019-12-09T07:12:26.075+0000][1][safepoint    ] Application time: 1.0000795 seconds
[2019-12-09T07:12:26.075+0000][1][safepoint    ] Entering safepoint region: Cleanup
[2019-12-09T07:12:26.075+0000][1][safepoint    ] Leaving safepoint region
[2019-12-09T07:12:26.075+0000][1][safepoint    ] Total time for which application threads were stopped: 0.0000829 seconds, Stopping threads took: 0.0000206 seconds
[2019-12-09T07:12:27.075+0000][1][safepoint    ] Application time: 1.0000781 seconds
[2019-12-09T07:12:27.075+0000][1][safepoint    ] Entering safepoint region: Cleanup
[2019-12-09T07:12:27.075+0000][1][safepoint    ] Leaving safepoint region
[2019-12-09T07:12:27.075+0000][1][safepoint    ] Total time for which application threads were stopped: 0.0000935 seconds, Stopping threads took: 0.0000209 seconds
[2019-12-09T07:12:28.075+0000][1][safepoint    ] Application time: 1.0000788 seconds
[2019-12-09T07:12:28.075+0000][1][safepoint    ] Entering safepoint region: Cleanup
[2019-12-09T07:12:28.075+0000][1][safepoint    ] Leaving safepoint region
[2019-12-09T07:12:28.075+0000][1][safepoint    ] Total time for which application threads were stopped: 0.0000831 seconds, Stopping threads took: 0.0000203 seconds
[2019-12-09T07:12:29.075+0000][1][safepoint    ] Application time: 1.0000769 seconds
[2019-12-09T07:12:29.075+0000][1][safepoint    ] Entering safepoint region: Cleanup
[2019-12-09T07:12:29.075+0000][1][safepoint    ] Leaving safepoint region
[2019-12-09T07:12:29.075+0000][1][safepoint    ] Total time for which application threads were stopped: 0.0000870 seconds, Stopping threads took: 0.0000191 seconds
[2019-12-09T07:12:30.075+0000][1][safepoint    ] Application time: 1.0000788 seconds
[2019-12-09T07:12:30.075+0000][1][safepoint    ] Entering safepoint region: Cleanup
[2019-12-09T07:12:30.075+0000][1][safepoint    ] Leaving safepoint region
[2019-12-09T07:12:30.075+0000][1][safepoint    ] Total time for which application threads were stopped: 0.0000871 seconds, Stopping threads took: 0.0000217 seconds
[2019-12-09T07:12:31.076+0000][1][safepoint    ] Application time: 1.0000770 seconds
[2019-12-09T07:12:31.076+0000][1][safepoint    ] Entering safepoint region: Cleanup
[2019-12-09T07:12:31.076+0000][1][safepoint    ] Leaving safepoint region
[2019-12-09T07:12:31.076+0000][1][safepoint    ] Total time for which application threads were stopped: 0.0000973 seconds, Stopping threads took: 0.0000191 seconds
[2019-12-09T07:12:32.076+0000][1][safepoint    ] Application time: 1.0000780 seconds
[2019-12-09T07:12:32.076+0000][1][safepoint    ] Entering safepoint region: Cleanup
[2019-12-09T07:12:32.076+0000][1][safepoint    ] Leaving safepoint region
[2019-12-09T07:12:32.076+0000][1][safepoint    ] Total time for which application threads were stopped: 0.0000823 seconds, Stopping threads took: 0.0000198 seconds
[2019-12-09T07:12:33.076+0000][1][safepoint    ] Application time: 1.0000790 seconds
[2019-12-09T07:12:33.076+0000][1][safepoint    ] Entering safepoint region: Cleanup
[2019-12-09T07:12:33.076+0000][1][safepoint    ] Leaving safepoint region
[2019-12-09T07:12:33.076+0000][1][safepoint    ] Total time for which application threads were stopped: 0.0000863 seconds, Stopping threads took: 0.0000208 seconds
[2019-12-09T07:12:33.992+0000][1][safepoint    ] Application time: 0.9161017 seconds
[2019-12-09T07:12:33.992+0000][1][safepoint    ] Entering safepoint region: GenCollectForAllocation
[2019-12-09T07:12:33.992+0000][1][gc,start     ] GC(40) Pause Young (Allocation Failure)
[2019-12-09T07:12:33.992+0000][1][gc,task      ] GC(40) Using 2 workers of 2 for evacuation
[2019-12-09T07:12:33.997+0000][1][gc,age       ] GC(40) Desired survivor size 4456448 bytes, new threshold 6 (max threshold 6)
[2019-12-09T07:12:33.997+0000][1][gc,age       ] GC(40) Age table with threshold 6 (max threshold 6)
[2019-12-09T07:12:33.997+0000][1][gc,age       ] GC(40) - age   1:     760368 bytes,     760368 total
[2019-12-09T07:12:33.997+0000][1][gc,age       ] GC(40) - age   2:        768 bytes,     761136 total
[2019-12-09T07:12:33.997+0000][1][gc,age       ] GC(40) - age   3:       2992 bytes,     764128 total
[2019-12-09T07:12:33.997+0000][1][gc,age       ] GC(40) - age   4:       1168 bytes,     765296 total
[2019-12-09T07:12:33.997+0000][1][gc,age       ] GC(40) - age   5:       2120 bytes,     767416 total
[2019-12-09T07:12:33.997+0000][1][gc,age       ] GC(40) - age   6:       1864 bytes,     769280 total
[2019-12-09T07:12:33.997+0000][1][gc,heap      ] GC(40) ParNew: 70822K->1063K(78656K)
[2019-12-09T07:12:33.997+0000][1][gc,heap      ] GC(40) CMS: 70907K->70911K(174784K)
[2019-12-09T07:12:33.997+0000][1][gc,metaspace ] GC(40) Metaspace: 75736K->75736K(1118208K)
[2019-12-09T07:12:33.997+0000][1][gc           ] GC(40) Pause Young (Allocation Failure) 138M->70M(247M) 4.314ms
[2019-12-09T07:12:33.997+0000][1][gc,cpu       ] GC(40) User=0.00s Sys=0.00s Real=0.01s
[2019-12-09T07:12:33.997+0000][1][safepoint    ] Leaving safepoint region
[2019-12-09T07:12:33.997+0000][1][safepoint    ] Total time for which application threads were stopped: 0.0045016 seconds, Stopping threads took: 0.0000263 seconds
[2019-12-09T07:12:34.997+0000][1][safepoint    ] Application time: 1.0000924 seconds
[2019-12-09T07:12:34.997+0000][1][safepoint    ] Entering safepoint region: Cleanup
[2019-12-09T07:12:34.997+0000][1][safepoint    ] Leaving safepoint region
[2019-12-09T07:12:34.997+0000][1][safepoint    ] Total time for which application threads were stopped: 0.0001022 seconds, Stopping threads took: 0.0000376 seconds
[2019-12-09T07:12:35.997+0000][1][safepoint    ] Application time: 1.0000833 seconds
[2019-12-09T07:12:35.997+0000][1][safepoint    ] Entering safepoint region: Cleanup
[2019-12-09T07:12:35.997+0000][1][safepoint    ] Leaving safepoint region
[2019-12-09T07:12:35.997+0000][1][safepoint    ] Total time for which application threads were stopped: 0.0000801 seconds, Stopping threads took: 0.0000182 seconds
[2019-12-09T07:12:36.997+0000][1][safepoint    ] Application time: 1.0000906 seconds
[2019-12-09T07:12:36.997+0000][1][safepoint    ] Entering safepoint region: Cleanup
[2019-12-09T07:12:36.997+0000][1][safepoint    ] Leaving safepoint region
[2019-12-09T07:12:36.997+0000][1][safepoint    ] Total time for which application threads were stopped: 0.0000819 seconds, Stopping threads took: 0.0000184 seconds
[2019-12-09T07:12:37.998+0000][1][safepoint    ] Application time: 1.0000797 seconds
[2019-12-09T07:12:37.998+0000][1][safepoint    ] Entering safepoint region: Cleanup
[2019-12-09T07:12:37.998+0000][1][safepoint    ] Leaving safepoint region
[2019-12-09T07:12:37.998+0000][1][safepoint    ] Total time for which application threads were stopped: 0.0000812 seconds, Stopping threads took: 0.0000185 seconds
[2019-12-09T07:12:38.998+0000][1][safepoint    ] Application time: 1.0000835 seconds
[2019-12-09T07:12:38.998+0000][1][safepoint    ] Entering safepoint region: Cleanup
[2019-12-09T07:12:38.998+0000][1][safepoint    ] Leaving safepoint region
[2019-12-09T07:12:38.998+0000][1][safepoint    ] Total time for which application threads were stopped: 0.0000931 seconds, Stopping threads took: 0.0000276 seconds
[2019-12-09T07:12:39.998+0000][1][safepoint    ] Application time: 1.0000792 seconds
[2019-12-09T07:12:39.998+0000][1][safepoint    ] Entering safepoint region: Cleanup
[2019-12-09T07:12:39.998+0000][1][safepoint    ] Leaving safepoint region
[2019-12-09T07:12:39.998+0000][1][safepoint    ] Total time for which application threads were stopped: 0.0001153 seconds, Stopping threads took: 0.0000273 seconds
[2019-12-09T07:12:40.998+0000][1][safepoint    ] Application time: 1.0000791 seconds
[2019-12-09T07:12:40.998+0000][1][safepoint    ] Entering safepoint region: Cleanup
[2019-12-09T07:12:40.998+0000][1][safepoint    ] Leaving safepoint region
[2019-12-09T07:12:40.998+0000][1][safepoint    ] Total time for which application threads were stopped: 0.0000951 seconds, Stopping threads took: 0.0000209 seconds
[2019-12-09T07:12:41.998+0000][1][safepoint    ] Application time: 1.0000777 seconds
[2019-12-09T07:12:41.998+0000][1][safepoint    ] Entering safepoint region: Cleanup
[2019-12-09T07:12:41.998+0000][1][safepoint    ] Leaving safepoint region
[2019-12-09T07:12:41.998+0000][1][safepoint    ] Total time for which application threads were stopped: 0.0000926 seconds, Stopping threads took: 0.0000196 seconds
[2019-12-09T07:12:42.999+0000][1][safepoint    ] Application time: 1.0000791 seconds
[2019-12-09T07:12:42.999+0000][1][safepoint    ] Entering safepoint region: Cleanup
[2019-12-09T07:12:42.999+0000][1][safepoint    ] Leaving safepoint region
[2019-12-09T07:12:42.999+0000][1][safepoint    ] Total time for which application threads were stopped: 0.0001054 seconds, Stopping threads took: 0.0000191 seconds
[2019-12-09T07:12:43.999+0000][1][safepoint    ] Application time: 1.0000771 seconds
[2019-12-09T07:12:43.999+0000][1][safepoint    ] Entering safepoint region: Cleanup
[2019-12-09T07:12:43.999+0000][1][safepoint    ] Leaving safepoint region
[2019-12-09T07:12:43.999+0000][1][safepoint    ] Total time for which application threads were stopped: 0.0000918 seconds, Stopping threads took: 0.0000206 seconds
[2019-12-09T07:12:44.999+0000][1][safepoint    ] Application time: 1.0000877 seconds
[2019-12-09T07:12:44.999+0000][1][safepoint    ] Entering safepoint region: Cleanup
[2019-12-09T07:12:44.999+0000][1][safepoint    ] Leaving safepoint region
[2019-12-09T07:12:44.999+0000][1][safepoint    ] Total time for which application threads were stopped: 0.0000866 seconds, Stopping threads took: 0.0000175 seconds
[2019-12-09T07:12:45.999+0000][1][safepoint    ] Application time: 1.0000902 seconds
[2019-12-09T07:12:45.999+0000][1][safepoint    ] Entering safepoint region: Cleanup
[2019-12-09T07:12:45.999+0000][1][safepoint    ] Leaving safepoint region
[2019-12-09T07:12:45.999+0000][1][safepoint    ] Total time for which application threads were stopped: 0.0000854 seconds, Stopping threads took: 0.0000193 seconds
[2019-12-09T07:12:46.999+0000][1][safepoint    ] Application time: 1.0000807 seconds
[2019-12-09T07:12:46.999+0000][1][safepoint    ] Entering safepoint region: Cleanup
[2019-12-09T07:12:47.000+0000][1][safepoint    ] Leaving safepoint region
[2019-12-09T07:12:47.000+0000][1][safepoint    ] Total time for which application threads were stopped: 0.0000994 seconds, Stopping threads took: 0.0000207 seconds
[2019-12-09T07:12:48.000+0000][1][safepoint    ] Application time: 1.0000803 seconds
[2019-12-09T07:12:48.000+0000][1][safepoint    ] Entering safepoint region: Cleanup
[2019-12-09T07:12:48.000+0000][1][safepoint    ] Leaving safepoint region
[2019-12-09T07:12:48.000+0000][1][safepoint    ] Total time for which application threads were stopped: 0.0001083 seconds, Stopping threads took: 0.0000267 seconds
[2019-12-09T07:12:49.000+0000][1][safepoint    ] Application time: 1.0000865 seconds
[2019-12-09T07:12:49.000+0000][1][safepoint    ] Entering safepoint region: Cleanup
[2019-12-09T07:12:49.000+0000][1][safepoint    ] Leaving safepoint region
[2019-12-09T07:12:49.000+0000][1][safepoint    ] Total time for which application threads were stopped: 0.0001245 seconds, Stopping threads took: 0.0000295 seconds
[2019-12-09T07:12:50.000+0000][1][safepoint    ] Application time: 1.0000803 seconds
[2019-12-09T07:12:50.000+0000][1][safepoint    ] Entering safepoint region: Cleanup
[2019-12-09T07:12:50.000+0000][1][safepoint    ] Leaving safepoint region
[2019-12-09T07:12:50.000+0000][1][safepoint    ] Total time for which application threads were stopped: 0.0001220 seconds, Stopping threads took: 0.0000313 seconds
[2019-12-09T07:12:51.000+0000][1][safepoint    ] Application time: 1.0000904 seconds
[2019-12-09T07:12:51.000+0000][1][safepoint    ] Entering safepoint region: Cleanup
[2019-12-09T07:12:51.001+0000][1][safepoint    ] Leaving safepoint region
[2019-12-09T07:12:51.001+0000][1][safepoint    ] Total time for which application threads were stopped: 0.0001211 seconds, Stopping threads took: 0.0000244 seconds
[2019-12-09T07:12:52.001+0000][1][safepoint    ] Application time: 1.0000987 seconds
[2019-12-09T07:12:52.001+0000][1][safepoint    ] Entering safepoint region: Cleanup
[2019-12-09T07:12:52.001+0000][1][safepoint    ] Leaving safepoint region
[2019-12-09T07:12:52.001+0000][1][safepoint    ] Total time for which application threads were stopped: 0.0001188 seconds, Stopping threads took: 0.0000281 seconds
[2019-12-09T07:12:53.001+0000][1][safepoint    ] Application time: 1.0000881 seconds
[2019-12-09T07:12:53.001+0000][1][safepoint    ] Entering safepoint region: Cleanup
[2019-12-09T07:12:53.001+0000][1][safepoint    ] Leaving safepoint region
[2019-12-09T07:12:53.001+0000][1][safepoint    ] Total time for which application threads were stopped: 0.0001165 seconds, Stopping threads took: 0.0000273 seconds
[2019-12-09T07:12:54.002+0000][1][safepoint    ] Application time: 1.0005037 seconds
[2019-12-09T07:12:54.002+0000][1][safepoint    ] Entering safepoint region: Cleanup
[2019-12-09T07:12:54.002+0000][1][safepoint    ] Leaving safepoint region
[2019-12-09T07:12:54.002+0000][1][safepoint    ] Total time for which application threads were stopped: 0.0001251 seconds, Stopping threads took: 0.0000447 seconds
[2019-12-09T07:12:55.002+0000][1][safepoint    ] Application time: 1.0001555 seconds
[2019-12-09T07:12:55.002+0000][1][safepoint    ] Entering safepoint region: Cleanup
[2019-12-09T07:12:55.002+0000][1][safepoint    ] Leaving safepoint region
[2019-12-09T07:12:55.002+0000][1][safepoint    ] Total time for which application threads were stopped: 0.0001331 seconds, Stopping threads took: 0.0000279 seconds
[2019-12-09T07:12:56.002+0000][1][safepoint    ] Application time: 1.0000784 seconds
[2019-12-09T07:12:56.002+0000][1][safepoint    ] Entering safepoint region: Cleanup
[2019-12-09T07:12:56.002+0000][1][safepoint    ] Leaving safepoint region
[2019-12-09T07:12:56.002+0000][1][safepoint    ] Total time for which application threads were stopped: 0.0000856 seconds, Stopping threads took: 0.0000196 seconds
[2019-12-09T07:12:57.003+0000][1][safepoint    ] Application time: 1.0003868 seconds
[2019-12-09T07:12:57.003+0000][1][safepoint    ] Entering safepoint region: Cleanup
[2019-12-09T07:12:57.003+0000][1][safepoint    ] Leaving safepoint region
[2019-12-09T07:12:57.003+0000][1][safepoint    ] Total time for which application threads were stopped: 0.0001734 seconds, Stopping threads took: 0.0000751 seconds
[2019-12-09T07:12:58.003+0000][1][safepoint    ] Application time: 1.0000834 seconds
[2019-12-09T07:12:58.003+0000][1][safepoint    ] Entering safepoint region: Cleanup
[2019-12-09T07:12:58.003+0000][1][safepoint    ] Leaving safepoint region
[2019-12-09T07:12:58.003+0000][1][safepoint    ] Total time for which application threads were stopped: 0.0000921 seconds, Stopping threads took: 0.0000207 seconds
[2019-12-09T07:12:59.003+0000][1][safepoint    ] Application time: 1.0000814 seconds
[2019-12-09T07:12:59.003+0000][1][safepoint    ] Entering safepoint region: Cleanup
[2019-12-09T07:12:59.003+0000][1][safepoint    ] Leaving safepoint region
[2019-12-09T07:12:59.003+0000][1][safepoint    ] Total time for which application threads were stopped: 0.0000832 seconds, Stopping threads took: 0.0000188 seconds
[2019-12-09T07:13:00.003+0000][1][safepoint    ] Application time: 1.0000808 seconds
[2019-12-09T07:13:00.004+0000][1][safepoint    ] Entering safepoint region: Cleanup
[2019-12-09T07:13:00.004+0000][1][safepoint    ] Leaving safepoint region
[2019-12-09T07:13:00.004+0000][1][safepoint    ] Total time for which application threads were stopped: 0.0000924 seconds, Stopping threads took: 0.0000210 seconds
[2019-12-09T07:13:01.004+0000][1][safepoint    ] Application time: 1.0000878 seconds
[2019-12-09T07:13:01.004+0000][1][safepoint    ] Entering safepoint region: Cleanup
[2019-12-09T07:13:01.004+0000][1][safepoint    ] Leaving safepoint region
[2019-12-09T07:13:01.004+0000][1][safepoint    ] Total time for which application threads were stopped: 0.0000827 seconds, Stopping threads took: 0.0000193 seconds
[2019-12-09T07:13:02.004+0000][1][safepoint    ] Application time: 1.0000915 seconds
[2019-12-09T07:13:02.004+0000][1][safepoint    ] Entering safepoint region: Cleanup
[2019-12-09T07:13:02.004+0000][1][safepoint    ] Leaving safepoint region
[2019-12-09T07:13:02.004+0000][1][safepoint    ] Total time for which application threads were stopped: 0.0001312 seconds, Stopping threads took: 0.0000300 seconds
[2019-12-09T07:13:03.004+0000][1][safepoint    ] Application time: 1.0000794 seconds
[2019-12-09T07:13:03.004+0000][1][safepoint    ] Entering safepoint region: Cleanup
[2019-12-09T07:13:03.004+0000][1][safepoint    ] Leaving safepoint region
[2019-12-09T07:13:03.004+0000][1][safepoint    ] Total time for which application threads were stopped: 0.0000873 seconds, Stopping threads took: 0.0000218 seconds
[2019-12-09T07:13:04.004+0000][1][safepoint    ] Application time: 1.0000785 seconds
[2019-12-09T07:13:04.004+0000][1][safepoint    ] Entering safepoint region: Cleanup
[2019-12-09T07:13:04.004+0000][1][safepoint    ] Leaving safepoint region
[2019-12-09T07:13:04.005+0000][1][safepoint    ] Total time for which application threads were stopped: 0.0000848 seconds, Stopping threads took: 0.0000212 seconds
[2019-12-09T07:13:05.005+0000][1][safepoint    ] Application time: 1.0000792 seconds
[2019-12-09T07:13:05.005+0000][1][safepoint    ] Entering safepoint region: Cleanup
[2019-12-09T07:13:05.005+0000][1][safepoint    ] Leaving safepoint region
[2019-12-09T07:13:05.005+0000][1][safepoint    ] Total time for which application threads were stopped: 0.0001092 seconds, Stopping threads took: 0.0000265 seconds
[2019-12-09T07:13:06.005+0000][1][safepoint    ] Application time: 1.0000781 seconds
[2019-12-09T07:13:06.005+0000][1][safepoint    ] Entering safepoint region: Cleanup
[2019-12-09T07:13:06.005+0000][1][safepoint    ] Leaving safepoint region
[2019-12-09T07:13:06.005+0000][1][safepoint    ] Total time for which application threads were stopped: 0.0000821 seconds, Stopping threads took: 0.0000197 seconds
[2019-12-09T07:13:07.005+0000][1][safepoint    ] Application time: 1.0000756 seconds
[2019-12-09T07:13:07.005+0000][1][safepoint    ] Entering safepoint region: Cleanup
[2019-12-09T07:13:07.005+0000][1][safepoint    ] Leaving safepoint region
[2019-12-09T07:13:07.005+0000][1][safepoint    ] Total time for which application threads were stopped: 0.0000819 seconds, Stopping threads took: 0.0000195 seconds
[2019-12-09T07:13:08.005+0000][1][safepoint    ] Application time: 1.0000791 seconds
[2019-12-09T07:13:08.005+0000][1][safepoint    ] Entering safepoint region: Cleanup
[2019-12-09T07:13:08.005+0000][1][safepoint    ] Leaving safepoint region
[2019-12-09T07:13:08.005+0000][1][safepoint    ] Total time for which application threads were stopped: 0.0000905 seconds, Stopping threads took: 0.0000202 seconds
[2019-12-09T07:13:09.005+0000][1][safepoint    ] Application time: 1.0000758 seconds
[2019-12-09T07:13:09.005+0000][1][safepoint    ] Entering safepoint region: Cleanup
[2019-12-09T07:13:09.006+0000][1][safepoint    ] Leaving safepoint region
[2019-12-09T07:13:09.006+0000][1][safepoint    ] Total time for which application threads were stopped: 0.0000843 seconds, Stopping threads took: 0.0000190 seconds
[2019-12-09T07:13:10.006+0000][1][safepoint    ] Application time: 1.0000814 seconds
[2019-12-09T07:13:10.006+0000][1][safepoint    ] Entering safepoint region: Cleanup
[2019-12-09T07:13:10.006+0000][1][safepoint    ] Leaving safepoint region
[2019-12-09T07:13:10.006+0000][1][safepoint    ] Total time for which application threads were stopped: 0.0001045 seconds, Stopping threads took: 0.0000334 seconds
[2019-12-09T07:13:11.006+0000][1][safepoint    ] Application time: 1.0000815 seconds
[2019-12-09T07:13:11.006+0000][1][safepoint    ] Entering safepoint region: Cleanup
[2019-12-09T07:13:11.006+0000][1][safepoint    ] Leaving safepoint region
[2019-12-09T07:13:11.006+0000][1][safepoint    ] Total time for which application threads were stopped: 0.0000821 seconds, Stopping threads took: 0.0000191 seconds
[2019-12-09T07:13:12.006+0000][1][safepoint    ] Application time: 1.0000803 seconds
[2019-12-09T07:13:12.006+0000][1][safepoint    ] Entering safepoint region: Cleanup
[2019-12-09T07:13:12.006+0000][1][safepoint    ] Leaving safepoint region
[2019-12-09T07:13:12.006+0000][1][safepoint    ] Total time for which application threads were stopped: 0.0000861 seconds, Stopping threads took: 0.0000206 seconds
[2019-12-09T07:13:13.006+0000][1][safepoint    ] Application time: 1.0000818 seconds
[2019-12-09T07:13:13.006+0000][1][safepoint    ] Entering safepoint region: Cleanup
[2019-12-09T07:13:13.006+0000][1][safepoint    ] Leaving safepoint region
[2019-12-09T07:13:13.006+0000][1][safepoint    ] Total time for which application threads were stopped: 0.0000915 seconds, Stopping threads took: 0.0000178 seconds
[2019-12-09T07:13:14.006+0000][1][safepoint    ] Application time: 1.0000799 seconds
[2019-12-09T07:13:14.007+0000][1][safepoint    ] Entering safepoint region: Cleanup
[2019-12-09T07:13:14.007+0000][1][safepoint    ] Leaving safepoint region
[2019-12-09T07:13:14.007+0000][1][safepoint    ] Total time for which application threads were stopped: 0.0000856 seconds, Stopping threads took: 0.0000211 seconds
[2019-12-09T07:13:15.007+0000][1][safepoint    ] Application time: 1.0000921 seconds
[2019-12-09T07:13:15.007+0000][1][safepoint    ] Entering safepoint region: Cleanup
[2019-12-09T07:13:15.007+0000][1][safepoint    ] Leaving safepoint region
[2019-12-09T07:13:15.007+0000][1][safepoint    ] Total time for which application threads were stopped: 0.0000951 seconds, Stopping threads took: 0.0000295 seconds
[2019-12-09T07:13:16.007+0000][1][safepoint    ] Application time: 1.0000815 seconds
[2019-12-09T07:13:16.007+0000][1][safepoint    ] Entering safepoint region: Cleanup
[2019-12-09T07:13:16.007+0000][1][safepoint    ] Leaving safepoint region
[2019-12-09T07:13:16.007+0000][1][safepoint    ] Total time for which application threads were stopped: 0.0000823 seconds, Stopping threads took: 0.0000200 seconds
[2019-12-09T07:13:16.099+0000][1][safepoint    ] Application time: 0.0920103 seconds
[2019-12-09T07:13:16.099+0000][1][safepoint    ] Entering safepoint region: GenCollectForAllocation
[2019-12-09T07:13:16.099+0000][1][gc,start     ] GC(41) Pause Young (Allocation Failure)
[2019-12-09T07:13:16.099+0000][1][gc,task      ] GC(41) Using 2 workers of 2 for evacuation
[2019-12-09T07:13:16.101+0000][1][gc,age       ] GC(41) Desired survivor size 4456448 bytes, new threshold 6 (max threshold 6)
[2019-12-09T07:13:16.101+0000][1][gc,age       ] GC(41) Age table with threshold 6 (max threshold 6)
[2019-12-09T07:13:16.101+0000][1][gc,age       ] GC(41) - age   1:     756752 bytes,     756752 total
[2019-12-09T07:13:16.101+0000][1][gc,age       ] GC(41) - age   2:        624 bytes,     757376 total
[2019-12-09T07:13:16.101+0000][1][gc,age       ] GC(41) - age   3:        480 bytes,     757856 total
[2019-12-09T07:13:16.101+0000][1][gc,age       ] GC(41) - age   4:       2992 bytes,     760848 total
[2019-12-09T07:13:16.101+0000][1][gc,age       ] GC(41) - age   5:       1168 bytes,     762016 total
[2019-12-09T07:13:16.101+0000][1][gc,age       ] GC(41) - age   6:       2120 bytes,     764136 total
[2019-12-09T07:13:16.101+0000][1][gc,heap      ] GC(41) ParNew: 71015K->827K(78656K)
[2019-12-09T07:13:16.101+0000][1][gc,heap      ] GC(41) CMS: 70911K->70913K(174784K)
[2019-12-09T07:13:16.101+0000][1][gc,metaspace ] GC(41) Metaspace: 75786K->75786K(1118208K)
[2019-12-09T07:13:16.101+0000][1][gc           ] GC(41) Pause Young (Allocation Failure) 138M->70M(247M) 2.264ms
[2019-12-09T07:13:16.101+0000][1][gc,cpu       ] GC(41) User=0.01s Sys=0.00s Real=0.00s
[2019-12-09T07:13:16.102+0000][1][safepoint    ] Leaving safepoint region
[2019-12-09T07:13:16.102+0000][1][safepoint    ] Total time for which application threads were stopped: 0.0024239 seconds, Stopping threads took: 0.0000191 seconds
[2019-12-09T07:13:17.102+0000][1][safepoint    ] Application time: 1.0000961 seconds
[2019-12-09T07:13:17.102+0000][1][safepoint    ] Entering safepoint region: Cleanup
[2019-12-09T07:13:17.102+0000][1][safepoint    ] Leaving safepoint region
[2019-12-09T07:13:17.102+0000][1][safepoint    ] Total time for which application threads were stopped: 0.0000986 seconds, Stopping threads took: 0.0000183 seconds
[2019-12-09T07:13:18.102+0000][1][safepoint    ] Application time: 1.0000774 seconds
[2019-12-09T07:13:18.102+0000][1][safepoint    ] Entering safepoint region: Cleanup
[2019-12-09T07:13:18.102+0000][1][safepoint    ] Leaving safepoint region
[2019-12-09T07:13:18.102+0000][1][safepoint    ] Total time for which application threads were stopped: 0.0000851 seconds, Stopping threads took: 0.0000206 seconds
[2019-12-09T07:13:19.102+0000][1][safepoint    ] Application time: 1.0000758 seconds
[2019-12-09T07:13:19.102+0000][1][safepoint    ] Entering safepoint region: Cleanup
[2019-12-09T07:13:19.102+0000][1][safepoint    ] Leaving safepoint region
[2019-12-09T07:13:19.102+0000][1][safepoint    ] Total time for which application threads were stopped: 0.0000857 seconds, Stopping threads took: 0.0000195 seconds
[2019-12-09T07:13:20.102+0000][1][safepoint    ] Application time: 1.0000769 seconds
[2019-12-09T07:13:20.102+0000][1][safepoint    ] Entering safepoint region: Cleanup
[2019-12-09T07:13:20.102+0000][1][safepoint    ] Leaving safepoint region
[2019-12-09T07:13:20.102+0000][1][safepoint    ] Total time for which application threads were stopped: 0.0000908 seconds, Stopping threads took: 0.0000209 seconds
[2019-12-09T07:13:21.102+0000][1][safepoint    ] Application time: 1.0000911 seconds
[2019-12-09T07:13:21.103+0000][1][safepoint    ] Entering safepoint region: Cleanup
[2019-12-09T07:13:21.103+0000][1][safepoint    ] Leaving safepoint region
[2019-12-09T07:13:21.103+0000][1][safepoint    ] Total time for which application threads were stopped: 0.0001239 seconds, Stopping threads took: 0.0000501 seconds
[2019-12-09T07:13:22.103+0000][1][safepoint    ] Application time: 1.0000847 seconds
[2019-12-09T07:13:22.103+0000][1][safepoint    ] Entering safepoint region: Cleanup
[2019-12-09T07:13:22.103+0000][1][safepoint    ] Leaving safepoint region
[2019-12-09T07:13:22.103+0000][1][safepoint    ] Total time for which application threads were stopped: 0.0000896 seconds, Stopping threads took: 0.0000198 seconds
[2019-12-09T07:13:23.103+0000][1][safepoint    ] Application time: 1.0000755 seconds
[2019-12-09T07:13:23.103+0000][1][safepoint    ] Entering safepoint region: Cleanup
[2019-12-09T07:13:23.103+0000][1][safepoint    ] Leaving safepoint region
[2019-12-09T07:13:23.103+0000][1][safepoint    ] Total time for which application threads were stopped: 0.0000854 seconds, Stopping threads took: 0.0000210 seconds
[2019-12-09T07:13:24.103+0000][1][safepoint    ] Application time: 1.0000764 seconds
[2019-12-09T07:13:24.103+0000][1][safepoint    ] Entering safepoint region: Cleanup
[2019-12-09T07:13:24.103+0000][1][safepoint    ] Leaving safepoint region
[2019-12-09T07:13:24.103+0000][1][safepoint    ] Total time for which application threads were stopped: 0.0000825 seconds, Stopping threads took: 0.0000198 seconds
[2019-12-09T07:13:25.103+0000][1][safepoint    ] Application time: 1.0000774 seconds
[2019-12-09T07:13:25.103+0000][1][safepoint    ] Entering safepoint region: Cleanup
[2019-12-09T07:13:25.103+0000][1][safepoint    ] Leaving safepoint region
[2019-12-09T07:13:25.103+0000][1][safepoint    ] Total time for which application threads were stopped: 0.0000884 seconds, Stopping threads took: 0.0000219 seconds
[2019-12-09T07:13:26.104+0000][1][safepoint    ] Application time: 1.0000771 seconds
[2019-12-09T07:13:26.104+0000][1][safepoint    ] Entering safepoint region: Cleanup
[2019-12-09T07:13:26.104+0000][1][safepoint    ] Leaving safepoint region
[2019-12-09T07:13:26.104+0000][1][safepoint    ] Total time for which application threads were stopped: 0.0001097 seconds, Stopping threads took: 0.0000190 seconds
[2019-12-09T07:13:27.104+0000][1][safepoint    ] Application time: 1.0000827 seconds
[2019-12-09T07:13:27.104+0000][1][safepoint    ] Entering safepoint region: Cleanup
[2019-12-09T07:13:27.104+0000][1][safepoint    ] Leaving safepoint region
[2019-12-09T07:13:27.104+0000][1][safepoint    ] Total time for which application threads were stopped: 0.0000834 seconds, Stopping threads took: 0.0000209 seconds
[2019-12-09T07:13:28.104+0000][1][safepoint    ] Application time: 1.0000770 seconds
[2019-12-09T07:13:28.104+0000][1][safepoint    ] Entering safepoint region: Cleanup
[2019-12-09T07:13:28.104+0000][1][safepoint    ] Leaving safepoint region
[2019-12-09T07:13:28.104+0000][1][safepoint    ] Total time for which application threads were stopped: 0.0000819 seconds, Stopping threads took: 0.0000194 seconds
[2019-12-09T07:13:29.104+0000][1][safepoint    ] Application time: 1.0000769 seconds
[2019-12-09T07:13:29.104+0000][1][safepoint    ] Entering safepoint region: Cleanup
[2019-12-09T07:13:29.104+0000][1][safepoint    ] Leaving safepoint region
[2019-12-09T07:13:29.104+0000][1][safepoint    ] Total time for which application threads were stopped: 0.0000843 seconds, Stopping threads took: 0.0000203 seconds
[2019-12-09T07:13:30.104+0000][1][safepoint    ] Application time: 1.0000767 seconds
[2019-12-09T07:13:30.104+0000][1][safepoint    ] Entering safepoint region: Cleanup
[2019-12-09T07:13:30.105+0000][1][safepoint    ] Leaving safepoint region
[2019-12-09T07:13:30.105+0000][1][safepoint    ] Total time for which application threads were stopped: 0.0000807 seconds, Stopping threads took: 0.0000196 seconds
[2019-12-09T07:13:31.105+0000][1][safepoint    ] Application time: 1.0000751 seconds
[2019-12-09T07:13:31.105+0000][1][safepoint    ] Entering safepoint region: Cleanup
[2019-12-09T07:13:31.105+0000][1][safepoint    ] Leaving safepoint region
[2019-12-09T07:13:31.105+0000][1][safepoint    ] Total time for which application threads were stopped: 0.0000950 seconds, Stopping threads took: 0.0000301 seconds
[2019-12-09T07:13:32.105+0000][1][safepoint    ] Application time: 1.0000751 seconds
[2019-12-09T07:13:32.105+0000][1][safepoint    ] Entering safepoint region: Cleanup
[2019-12-09T07:13:32.105+0000][1][safepoint    ] Leaving safepoint region
[2019-12-09T07:13:32.105+0000][1][safepoint    ] Total time for which application threads were stopped: 0.0000878 seconds, Stopping threads took: 0.0000198 seconds
[2019-12-09T07:13:33.105+0000][1][safepoint    ] Application time: 1.0000766 seconds
[2019-12-09T07:13:33.105+0000][1][safepoint    ] Entering safepoint region: Cleanup
[2019-12-09T07:13:33.105+0000][1][safepoint    ] Leaving safepoint region
[2019-12-09T07:13:33.105+0000][1][safepoint    ] Total time for which application threads were stopped: 0.0000855 seconds, Stopping threads took: 0.0000186 seconds
[2019-12-09T07:13:34.105+0000][1][safepoint    ] Application time: 1.0000761 seconds
[2019-12-09T07:13:34.105+0000][1][safepoint    ] Entering safepoint region: Cleanup
[2019-12-09T07:13:34.105+0000][1][safepoint    ] Leaving safepoint region
[2019-12-09T07:13:34.105+0000][1][safepoint    ] Total time for which application threads were stopped: 0.0000851 seconds, Stopping threads took: 0.0000180 seconds
[2019-12-09T07:13:35.105+0000][1][safepoint    ] Application time: 1.0000759 seconds
[2019-12-09T07:13:35.106+0000][1][safepoint    ] Entering safepoint region: Cleanup
[2019-12-09T07:13:35.106+0000][1][safepoint    ] Leaving safepoint region
[2019-12-09T07:13:35.106+0000][1][safepoint    ] Total time for which application threads were stopped: 0.0000869 seconds, Stopping threads took: 0.0000207 seconds
[2019-12-09T07:13:36.106+0000][1][safepoint    ] Application time: 1.0000915 seconds
[2019-12-09T07:13:36.106+0000][1][safepoint    ] Entering safepoint region: Cleanup
[2019-12-09T07:13:36.106+0000][1][safepoint    ] Leaving safepoint region
[2019-12-09T07:13:36.106+0000][1][safepoint    ] Total time for which application threads were stopped: 0.0000878 seconds, Stopping threads took: 0.0000196 seconds
[2019-12-09T07:13:37.106+0000][1][safepoint    ] Application time: 1.0000754 seconds
[2019-12-09T07:13:37.106+0000][1][safepoint    ] Entering safepoint region: Cleanup
[2019-12-09T07:13:37.106+0000][1][safepoint    ] Leaving safepoint region
[2019-12-09T07:13:37.106+0000][1][safepoint    ] Total time for which application threads were stopped: 0.0000810 seconds, Stopping threads took: 0.0000193 seconds
[2019-12-09T07:13:38.106+0000][1][safepoint    ] Application time: 1.0000772 seconds
[2019-12-09T07:13:38.106+0000][1][safepoint    ] Entering safepoint region: Cleanup
[2019-12-09T07:13:38.106+0000][1][safepoint    ] Leaving safepoint region
[2019-12-09T07:13:38.106+0000][1][safepoint    ] Total time for which application threads were stopped: 0.0000836 seconds, Stopping threads took: 0.0000210 seconds
[2019-12-09T07:13:39.106+0000][1][safepoint    ] Application time: 1.0000775 seconds
[2019-12-09T07:13:39.106+0000][1][safepoint    ] Entering safepoint region: Cleanup
[2019-12-09T07:13:39.106+0000][1][safepoint    ] Leaving safepoint region
[2019-12-09T07:13:39.106+0000][1][safepoint    ] Total time for which application threads were stopped: 0.0000770 seconds, Stopping threads took: 0.0000167 seconds
[2019-12-09T07:13:40.106+0000][1][safepoint    ] Application time: 1.0000762 seconds
[2019-12-09T07:13:40.107+0000][1][safepoint    ] Entering safepoint region: Cleanup
[2019-12-09T07:13:40.107+0000][1][safepoint    ] Leaving safepoint region
[2019-12-09T07:13:40.107+0000][1][safepoint    ] Total time for which application threads were stopped: 0.0000897 seconds, Stopping threads took: 0.0000197 seconds
[2019-12-09T07:13:41.107+0000][1][safepoint    ] Application time: 1.0000742 seconds
[2019-12-09T07:13:41.107+0000][1][safepoint    ] Entering safepoint region: Cleanup
[2019-12-09T07:13:41.107+0000][1][safepoint    ] Leaving safepoint region
[2019-12-09T07:13:41.107+0000][1][safepoint    ] Total time for which application threads were stopped: 0.0001027 seconds, Stopping threads took: 0.0000211 seconds
[2019-12-09T07:13:42.107+0000][1][safepoint    ] Application time: 1.0000768 seconds
[2019-12-09T07:13:42.107+0000][1][safepoint    ] Entering safepoint region: Cleanup
[2019-12-09T07:13:42.107+0000][1][safepoint    ] Leaving safepoint region
[2019-12-09T07:13:42.107+0000][1][safepoint    ] Total time for which application threads were stopped: 0.0000809 seconds, Stopping threads took: 0.0000188 seconds
[2019-12-09T07:13:43.107+0000][1][safepoint    ] Application time: 1.0000779 seconds
[2019-12-09T07:13:43.107+0000][1][safepoint    ] Entering safepoint region: Cleanup
[2019-12-09T07:13:43.107+0000][1][safepoint    ] Leaving safepoint region
[2019-12-09T07:13:43.107+0000][1][safepoint    ] Total time for which application threads were stopped: 0.0000861 seconds, Stopping threads took: 0.0000209 seconds
[2019-12-09T07:13:44.107+0000][1][safepoint    ] Application time: 1.0000776 seconds
[2019-12-09T07:13:44.107+0000][1][safepoint    ] Entering safepoint region: Cleanup
[2019-12-09T07:13:44.107+0000][1][safepoint    ] Leaving safepoint region
[2019-12-09T07:13:44.107+0000][1][safepoint    ] Total time for which application threads were stopped: 0.0000864 seconds, Stopping threads took: 0.0000207 seconds
[2019-12-09T07:13:45.108+0000][1][safepoint    ] Application time: 1.0000745 seconds
[2019-12-09T07:13:45.108+0000][1][safepoint    ] Entering safepoint region: Cleanup
[2019-12-09T07:13:45.108+0000][1][safepoint    ] Leaving safepoint region
[2019-12-09T07:13:45.108+0000][1][safepoint    ] Total time for which application threads were stopped: 0.0000820 seconds, Stopping threads took: 0.0000227 seconds
[2019-12-09T07:13:46.108+0000][1][safepoint    ] Application time: 1.0000760 seconds
[2019-12-09T07:13:46.108+0000][1][safepoint    ] Entering safepoint region: Cleanup
[2019-12-09T07:13:46.108+0000][1][safepoint    ] Leaving safepoint region
[2019-12-09T07:13:46.108+0000][1][safepoint    ] Total time for which application threads were stopped: 0.0000837 seconds, Stopping threads took: 0.0000200 seconds
[2019-12-09T07:13:47.108+0000][1][safepoint    ] Application time: 1.0000766 seconds
[2019-12-09T07:13:47.108+0000][1][safepoint    ] Entering safepoint region: Cleanup
[2019-12-09T07:13:47.108+0000][1][safepoint    ] Leaving safepoint region
[2019-12-09T07:13:47.108+0000][1][safepoint    ] Total time for which application threads were stopped: 0.0000888 seconds, Stopping threads took: 0.0000197 seconds
[2019-12-09T07:13:48.108+0000][1][safepoint    ] Application time: 1.0000766 seconds
[2019-12-09T07:13:48.108+0000][1][safepoint    ] Entering safepoint region: Cleanup
[2019-12-09T07:13:48.108+0000][1][safepoint    ] Leaving safepoint region
[2019-12-09T07:13:48.108+0000][1][safepoint    ] Total time for which application threads were stopped: 0.0000835 seconds, Stopping threads took: 0.0000179 seconds
[2019-12-09T07:13:49.108+0000][1][safepoint    ] Application time: 1.0000770 seconds
[2019-12-09T07:13:49.108+0000][1][safepoint    ] Entering safepoint region: Cleanup
[2019-12-09T07:13:49.108+0000][1][safepoint    ] Leaving safepoint region
[2019-12-09T07:13:49.108+0000][1][safepoint    ] Total time for which application threads were stopped: 0.0000808 seconds, Stopping threads took: 0.0000186 seconds
[2019-12-09T07:13:50.109+0000][1][safepoint    ] Application time: 1.0000767 seconds
[2019-12-09T07:13:50.109+0000][1][safepoint    ] Entering safepoint region: Cleanup
[2019-12-09T07:13:50.109+0000][1][safepoint    ] Leaving safepoint region
[2019-12-09T07:13:50.109+0000][1][safepoint    ] Total time for which application threads were stopped: 0.0000953 seconds, Stopping threads took: 0.0000203 seconds
[2019-12-09T07:13:51.109+0000][1][safepoint    ] Application time: 1.0000770 seconds
[2019-12-09T07:13:51.109+0000][1][safepoint    ] Entering safepoint region: Cleanup
[2019-12-09T07:13:51.109+0000][1][safepoint    ] Leaving safepoint region
[2019-12-09T07:13:51.109+0000][1][safepoint    ] Total time for which application threads were stopped: 0.0000779 seconds, Stopping threads took: 0.0000171 seconds
[2019-12-09T07:13:52.109+0000][1][safepoint    ] Application time: 1.0000543 seconds
[2019-12-09T07:13:52.109+0000][1][safepoint    ] Entering safepoint region: Cleanup
[2019-12-09T07:13:52.109+0000][1][safepoint    ] Leaving safepoint region
[2019-12-09T07:13:52.109+0000][1][safepoint    ] Total time for which application threads were stopped: 0.0000848 seconds, Stopping threads took: 0.0000197 seconds
[2019-12-09T07:13:53.109+0000][1][safepoint    ] Application time: 1.0000764 seconds
[2019-12-09T07:13:53.109+0000][1][safepoint    ] Entering safepoint region: Cleanup
[2019-12-09T07:13:53.109+0000][1][safepoint    ] Leaving safepoint region
[2019-12-09T07:13:53.109+0000][1][safepoint    ] Total time for which application threads were stopped: 0.0000845 seconds, Stopping threads took: 0.0000197 seconds
[2019-12-09T07:13:54.109+0000][1][safepoint    ] Application time: 1.0000753 seconds
[2019-12-09T07:13:54.109+0000][1][safepoint    ] Entering safepoint region: Cleanup
[2019-12-09T07:13:54.109+0000][1][safepoint    ] Leaving safepoint region
[2019-12-09T07:13:54.109+0000][1][safepoint    ] Total time for which application threads were stopped: 0.0000792 seconds, Stopping threads took: 0.0000162 seconds
[2019-12-09T07:13:55.110+0000][1][safepoint    ] Application time: 1.0000798 seconds
[2019-12-09T07:13:55.110+0000][1][safepoint    ] Entering safepoint region: Cleanup
[2019-12-09T07:13:55.110+0000][1][safepoint    ] Leaving safepoint region
[2019-12-09T07:13:55.110+0000][1][safepoint    ] Total time for which application threads were stopped: 0.0000995 seconds, Stopping threads took: 0.0000208 seconds
[2019-12-09T07:13:56.110+0000][1][safepoint    ] Application time: 1.0000787 seconds
[2019-12-09T07:13:56.110+0000][1][safepoint    ] Entering safepoint region: Cleanup
[2019-12-09T07:13:56.110+0000][1][safepoint    ] Leaving safepoint region
[2019-12-09T07:13:56.110+0000][1][safepoint    ] Total time for which application threads were stopped: 0.0000834 seconds, Stopping threads took: 0.0000190 seconds
[2019-12-09T07:13:57.110+0000][1][safepoint    ] Application time: 1.0002339 seconds
[2019-12-09T07:13:57.110+0000][1][safepoint    ] Entering safepoint region: Cleanup
[2019-12-09T07:13:57.110+0000][1][safepoint    ] Leaving safepoint region
[2019-12-09T07:13:57.110+0000][1][safepoint    ] Total time for which application threads were stopped: 0.0001016 seconds, Stopping threads took: 0.0000246 seconds
[2019-12-09T07:13:58.110+0000][1][safepoint    ] Application time: 1.0000832 seconds
[2019-12-09T07:13:58.110+0000][1][safepoint    ] Entering safepoint region: Cleanup
[2019-12-09T07:13:58.111+0000][1][safepoint    ] Leaving safepoint region
[2019-12-09T07:13:58.111+0000][1][safepoint    ] Total time for which application threads were stopped: 0.0000999 seconds, Stopping threads took: 0.0000192 seconds
[2019-12-09T07:13:59.111+0000][1][safepoint    ] Application time: 1.0000753 seconds
[2019-12-09T07:13:59.111+0000][1][safepoint    ] Entering safepoint region: Cleanup
[2019-12-09T07:13:59.111+0000][1][safepoint    ] Leaving safepoint region
[2019-12-09T07:13:59.111+0000][1][safepoint    ] Total time for which application threads were stopped: 0.0000989 seconds, Stopping threads took: 0.0000196 seconds
[2019-12-09T07:13:59.272+0000][1][safepoint    ] Application time: 0.1608355 seconds
[2019-12-09T07:13:59.272+0000][1][safepoint    ] Entering safepoint region: GenCollectForAllocation
[2019-12-09T07:13:59.272+0000][1][gc,start     ] GC(42) Pause Young (Allocation Failure)
[2019-12-09T07:13:59.272+0000][1][gc,task      ] GC(42) Using 2 workers of 2 for evacuation
[2019-12-09T07:13:59.274+0000][1][gc,age       ] GC(42) Desired survivor size 4456448 bytes, new threshold 6 (max threshold 6)
[2019-12-09T07:13:59.274+0000][1][gc,age       ] GC(42) Age table with threshold 6 (max threshold 6)
[2019-12-09T07:13:59.274+0000][1][gc,age       ] GC(42) - age   1:     822232 bytes,     822232 total
[2019-12-09T07:13:59.274+0000][1][gc,age       ] GC(42) - age   2:       1016 bytes,     823248 total
[2019-12-09T07:13:59.274+0000][1][gc,age       ] GC(42) - age   3:        624 bytes,     823872 total
[2019-12-09T07:13:59.274+0000][1][gc,age       ] GC(42) - age   4:        480 bytes,     824352 total
[2019-12-09T07:13:59.274+0000][1][gc,age       ] GC(42) - age   5:       2992 bytes,     827344 total
[2019-12-09T07:13:59.274+0000][1][gc,age       ] GC(42) - age   6:       1168 bytes,     828512 total
[2019-12-09T07:13:59.274+0000][1][gc,heap      ] GC(42) ParNew: 70744K->830K(78656K)
[2019-12-09T07:13:59.274+0000][1][gc,heap      ] GC(42) CMS: 70913K->70915K(174784K)
[2019-12-09T07:13:59.274+0000][1][gc,metaspace ] GC(42) Metaspace: 75856K->75856K(1118208K)
[2019-12-09T07:13:59.274+0000][1][gc           ] GC(42) Pause Young (Allocation Failure) 138M->70M(247M) 2.232ms
[2019-12-09T07:13:59.274+0000][1][gc,cpu       ] GC(42) User=0.01s Sys=0.00s Real=0.00s
[2019-12-09T07:13:59.274+0000][1][safepoint    ] Leaving safepoint region
[2019-12-09T07:13:59.274+0000][1][safepoint    ] Total time for which application threads were stopped: 0.0023917 seconds, Stopping threads took: 0.0000197 seconds
[2019-12-09T07:14:00.274+0000][1][safepoint    ] Application time: 1.0000897 seconds
[2019-12-09T07:14:00.274+0000][1][safepoint    ] Entering safepoint region: Cleanup
[2019-12-09T07:14:00.274+0000][1][safepoint    ] Leaving safepoint region
[2019-12-09T07:14:00.274+0000][1][safepoint    ] Total time for which application threads were stopped: 0.0000924 seconds, Stopping threads took: 0.0000194 seconds
[2019-12-09T07:14:01.274+0000][1][safepoint    ] Application time: 1.0001499 seconds
[2019-12-09T07:14:01.274+0000][1][safepoint    ] Entering safepoint region: Cleanup
[2019-12-09T07:14:01.275+0000][1][safepoint    ] Leaving safepoint region
[2019-12-09T07:14:01.275+0000][1][safepoint    ] Total time for which application threads were stopped: 0.0001208 seconds, Stopping threads took: 0.0000319 seconds
[2019-12-09T07:14:02.275+0000][1][safepoint    ] Application time: 1.0000759 seconds
[2019-12-09T07:14:02.275+0000][1][safepoint    ] Entering safepoint region: Cleanup
[2019-12-09T07:14:02.275+0000][1][safepoint    ] Leaving safepoint region
[2019-12-09T07:14:02.275+0000][1][safepoint    ] Total time for which application threads were stopped: 0.0000981 seconds, Stopping threads took: 0.0000239 seconds
[2019-12-09T07:14:03.275+0000][1][safepoint    ] Application time: 1.0000754 seconds
[2019-12-09T07:14:03.275+0000][1][safepoint    ] Entering safepoint region: Cleanup
[2019-12-09T07:14:03.275+0000][1][safepoint    ] Leaving safepoint region
[2019-12-09T07:14:03.275+0000][1][safepoint    ] Total time for which application threads were stopped: 0.0001044 seconds, Stopping threads took: 0.0000199 seconds
[2019-12-09T07:14:04.275+0000][1][safepoint    ] Application time: 1.0000736 seconds
[2019-12-09T07:14:04.275+0000][1][safepoint    ] Entering safepoint region: Cleanup
[2019-12-09T07:14:04.275+0000][1][safepoint    ] Leaving safepoint region
[2019-12-09T07:14:04.275+0000][1][safepoint    ] Total time for which application threads were stopped: 0.0000928 seconds, Stopping threads took: 0.0000183 seconds
[2019-12-09T07:14:05.275+0000][1][safepoint    ] Application time: 1.0000765 seconds
[2019-12-09T07:14:05.275+0000][1][safepoint    ] Entering safepoint region: Cleanup
[2019-12-09T07:14:05.275+0000][1][safepoint    ] Leaving safepoint region
[2019-12-09T07:14:05.275+0000][1][safepoint    ] Total time for which application threads were stopped: 0.0000869 seconds, Stopping threads took: 0.0000215 seconds
[2019-12-09T07:14:06.276+0000][1][safepoint    ] Application time: 1.0000753 seconds
[2019-12-09T07:14:06.276+0000][1][safepoint    ] Entering safepoint region: Cleanup
[2019-12-09T07:14:06.276+0000][1][safepoint    ] Leaving safepoint region
[2019-12-09T07:14:06.276+0000][1][safepoint    ] Total time for which application threads were stopped: 0.0000874 seconds, Stopping threads took: 0.0000211 seconds
[2019-12-09T07:14:07.276+0000][1][safepoint    ] Application time: 1.0000766 seconds
[2019-12-09T07:14:07.276+0000][1][safepoint    ] Entering safepoint region: Cleanup
[2019-12-09T07:14:07.276+0000][1][safepoint    ] Leaving safepoint region
[2019-12-09T07:14:07.276+0000][1][safepoint    ] Total time for which application threads were stopped: 0.0000844 seconds, Stopping threads took: 0.0000196 seconds
[2019-12-09T07:14:08.276+0000][1][safepoint    ] Application time: 1.0000755 seconds
[2019-12-09T07:14:08.276+0000][1][safepoint    ] Entering safepoint region: Cleanup
[2019-12-09T07:14:08.276+0000][1][safepoint    ] Leaving safepoint region
[2019-12-09T07:14:08.276+0000][1][safepoint    ] Total time for which application threads were stopped: 0.0000827 seconds, Stopping threads took: 0.0000196 seconds
[2019-12-09T07:14:09.276+0000][1][safepoint    ] Application time: 1.0000747 seconds
[2019-12-09T07:14:09.276+0000][1][safepoint    ] Entering safepoint region: Cleanup
[2019-12-09T07:14:09.276+0000][1][safepoint    ] Leaving safepoint region
[2019-12-09T07:14:09.276+0000][1][safepoint    ] Total time for which application threads were stopped: 0.0000834 seconds, Stopping threads took: 0.0000179 seconds
[2019-12-09T07:14:10.276+0000][1][safepoint    ] Application time: 1.0000731 seconds
[2019-12-09T07:14:10.276+0000][1][safepoint    ] Entering safepoint region: Cleanup
[2019-12-09T07:14:10.276+0000][1][safepoint    ] Leaving safepoint region
[2019-12-09T07:14:10.276+0000][1][safepoint    ] Total time for which application threads were stopped: 0.0000834 seconds, Stopping threads took: 0.0000215 seconds
[2019-12-09T07:14:11.277+0000][1][safepoint    ] Application time: 1.0000755 seconds
[2019-12-09T07:14:11.277+0000][1][safepoint    ] Entering safepoint region: Cleanup
[2019-12-09T07:14:11.277+0000][1][safepoint    ] Leaving safepoint region
[2019-12-09T07:14:11.277+0000][1][safepoint    ] Total time for which application threads were stopped: 0.0000849 seconds, Stopping threads took: 0.0000199 seconds
[2019-12-09T07:14:12.277+0000][1][safepoint    ] Application time: 1.0000743 seconds
[2019-12-09T07:14:12.277+0000][1][safepoint    ] Entering safepoint region: Cleanup
[2019-12-09T07:14:12.277+0000][1][safepoint    ] Leaving safepoint region
[2019-12-09T07:14:12.277+0000][1][safepoint    ] Total time for which application threads were stopped: 0.0000849 seconds, Stopping threads took: 0.0000200 seconds
[2019-12-09T07:14:13.277+0000][1][safepoint    ] Application time: 1.0000744 seconds
[2019-12-09T07:14:13.277+0000][1][safepoint    ] Entering safepoint region: Cleanup
[2019-12-09T07:14:13.277+0000][1][safepoint    ] Leaving safepoint region
[2019-12-09T07:14:13.277+0000][1][safepoint    ] Total time for which application threads were stopped: 0.0000818 seconds, Stopping threads took: 0.0000189 seconds
[2019-12-09T07:14:14.277+0000][1][safepoint    ] Application time: 1.0000753 seconds
[2019-12-09T07:14:14.277+0000][1][safepoint    ] Entering safepoint region: Cleanup
[2019-12-09T07:14:14.277+0000][1][safepoint    ] Leaving safepoint region
[2019-12-09T07:14:14.277+0000][1][safepoint    ] Total time for which application threads were stopped: 0.0000835 seconds, Stopping threads took: 0.0000192 seconds
[2019-12-09T07:14:15.277+0000][1][safepoint    ] Application time: 1.0000756 seconds
[2019-12-09T07:14:15.277+0000][1][safepoint    ] Entering safepoint region: Cleanup
[2019-12-09T07:14:15.277+0000][1][safepoint    ] Leaving safepoint region
[2019-12-09T07:14:15.277+0000][1][safepoint    ] Total time for which application threads were stopped: 0.0000935 seconds, Stopping threads took: 0.0000281 seconds
[2019-12-09T07:14:16.278+0000][1][safepoint    ] Application time: 1.0000745 seconds
[2019-12-09T07:14:16.278+0000][1][safepoint    ] Entering safepoint region: Cleanup
[2019-12-09T07:14:16.278+0000][1][safepoint    ] Leaving safepoint region
[2019-12-09T07:14:16.278+0000][1][safepoint    ] Total time for which application threads were stopped: 0.0000994 seconds, Stopping threads took: 0.0000190 seconds
[2019-12-09T07:14:17.278+0000][1][safepoint    ] Application time: 1.0000765 seconds
[2019-12-09T07:14:17.278+0000][1][safepoint    ] Entering safepoint region: Cleanup
[2019-12-09T07:14:17.278+0000][1][safepoint    ] Leaving safepoint region
[2019-12-09T07:14:17.278+0000][1][safepoint    ] Total time for which application threads were stopped: 0.0000872 seconds, Stopping threads took: 0.0000209 seconds
[2019-12-09T07:14:18.278+0000][1][safepoint    ] Application time: 1.0000725 seconds
[2019-12-09T07:14:18.278+0000][1][safepoint    ] Entering safepoint region: Cleanup
[2019-12-09T07:14:18.278+0000][1][safepoint    ] Leaving safepoint region
[2019-12-09T07:14:18.278+0000][1][safepoint    ] Total time for which application threads were stopped: 0.0000886 seconds, Stopping threads took: 0.0000191 seconds
[2019-12-09T07:14:19.278+0000][1][safepoint    ] Application time: 1.0000778 seconds
[2019-12-09T07:14:19.278+0000][1][safepoint    ] Entering safepoint region: Cleanup
[2019-12-09T07:14:19.278+0000][1][safepoint    ] Leaving safepoint region
[2019-12-09T07:14:19.278+0000][1][safepoint    ] Total time for which application threads were stopped: 0.0000801 seconds, Stopping threads took: 0.0000187 seconds
[2019-12-09T07:14:20.278+0000][1][safepoint    ] Application time: 1.0000778 seconds
[2019-12-09T07:14:20.278+0000][1][safepoint    ] Entering safepoint region: Cleanup
[2019-12-09T07:14:20.279+0000][1][safepoint    ] Leaving safepoint region
[2019-12-09T07:14:20.279+0000][1][safepoint    ] Total time for which application threads were stopped: 0.0000879 seconds, Stopping threads took: 0.0000197 seconds
[2019-12-09T07:14:21.279+0000][1][safepoint    ] Application time: 1.0000758 seconds
[2019-12-09T07:14:21.279+0000][1][safepoint    ] Entering safepoint region: Cleanup
[2019-12-09T07:14:21.279+0000][1][safepoint    ] Leaving safepoint region
[2019-12-09T07:14:21.279+0000][1][safepoint    ] Total time for which application threads were stopped: 0.0000989 seconds, Stopping threads took: 0.0000190 seconds
[2019-12-09T07:14:22.279+0000][1][safepoint    ] Application time: 1.0000752 seconds
[2019-12-09T07:14:22.279+0000][1][safepoint    ] Entering safepoint region: Cleanup
[2019-12-09T07:14:22.279+0000][1][safepoint    ] Leaving safepoint region
[2019-12-09T07:14:22.279+0000][1][safepoint    ] Total time for which application threads were stopped: 0.0000885 seconds, Stopping threads took: 0.0000194 seconds
[2019-12-09T07:14:23.279+0000][1][safepoint    ] Application time: 1.0000757 seconds
[2019-12-09T07:14:23.279+0000][1][safepoint    ] Entering safepoint region: Cleanup
[2019-12-09T07:14:23.279+0000][1][safepoint    ] Leaving safepoint region
[2019-12-09T07:14:23.279+0000][1][safepoint    ] Total time for which application threads were stopped: 0.0000852 seconds, Stopping threads took: 0.0000190 seconds
[2019-12-09T07:14:24.279+0000][1][safepoint    ] Application time: 1.0000758 seconds
[2019-12-09T07:14:24.279+0000][1][safepoint    ] Entering safepoint region: Cleanup
[2019-12-09T07:14:24.279+0000][1][safepoint    ] Leaving safepoint region
[2019-12-09T07:14:24.279+0000][1][safepoint    ] Total time for which application threads were stopped: 0.0000904 seconds, Stopping threads took: 0.0000199 seconds
[2019-12-09T07:14:25.279+0000][1][safepoint    ] Application time: 1.0000770 seconds
[2019-12-09T07:14:25.280+0000][1][safepoint    ] Entering safepoint region: Cleanup
[2019-12-09T07:14:25.280+0000][1][safepoint    ] Leaving safepoint region
[2019-12-09T07:14:25.280+0000][1][safepoint    ] Total time for which application threads were stopped: 0.0000824 seconds, Stopping threads took: 0.0000184 seconds
[2019-12-09T07:14:26.280+0000][1][safepoint    ] Application time: 1.0000783 seconds
[2019-12-09T07:14:26.280+0000][1][safepoint    ] Entering safepoint region: Cleanup
[2019-12-09T07:14:26.280+0000][1][safepoint    ] Leaving safepoint region
[2019-12-09T07:14:26.280+0000][1][safepoint    ] Total time for which application threads were stopped: 0.0000863 seconds, Stopping threads took: 0.0000206 seconds
[2019-12-09T07:14:27.280+0000][1][safepoint    ] Application time: 1.0000776 seconds
[2019-12-09T07:14:27.280+0000][1][safepoint    ] Entering safepoint region: Cleanup
[2019-12-09T07:14:27.280+0000][1][safepoint    ] Leaving safepoint region
[2019-12-09T07:14:27.280+0000][1][safepoint    ] Total time for which application threads were stopped: 0.0000822 seconds, Stopping threads took: 0.0000176 seconds
[2019-12-09T07:14:28.280+0000][1][safepoint    ] Application time: 1.0000780 seconds
[2019-12-09T07:14:28.280+0000][1][safepoint    ] Entering safepoint region: Cleanup
[2019-12-09T07:14:28.280+0000][1][safepoint    ] Leaving safepoint region
[2019-12-09T07:14:28.280+0000][1][safepoint    ] Total time for which application threads were stopped: 0.0000827 seconds, Stopping threads took: 0.0000188 seconds
[2019-12-09T07:14:29.280+0000][1][safepoint    ] Application time: 1.0000777 seconds
[2019-12-09T07:14:29.280+0000][1][safepoint    ] Entering safepoint region: Cleanup
[2019-12-09T07:14:29.280+0000][1][safepoint    ] Leaving safepoint region
[2019-12-09T07:14:29.280+0000][1][safepoint    ] Total time for which application threads were stopped: 0.0000854 seconds, Stopping threads took: 0.0000197 seconds
[2019-12-09T07:14:30.281+0000][1][safepoint    ] Application time: 1.0000791 seconds
[2019-12-09T07:14:30.281+0000][1][safepoint    ] Entering safepoint region: Cleanup
[2019-12-09T07:14:30.281+0000][1][safepoint    ] Leaving safepoint region
[2019-12-09T07:14:30.281+0000][1][safepoint    ] Total time for which application threads were stopped: 0.0000979 seconds, Stopping threads took: 0.0000199 seconds
[2019-12-09T07:14:31.281+0000][1][safepoint    ] Application time: 1.0000759 seconds
[2019-12-09T07:14:31.281+0000][1][safepoint    ] Entering safepoint region: Cleanup
[2019-12-09T07:14:31.281+0000][1][safepoint    ] Leaving safepoint region
[2019-12-09T07:14:31.281+0000][1][safepoint    ] Total time for which application threads were stopped: 0.0000835 seconds, Stopping threads took: 0.0000183 seconds
[2019-12-09T07:14:32.281+0000][1][safepoint    ] Application time: 1.0000754 seconds
[2019-12-09T07:14:32.281+0000][1][safepoint    ] Entering safepoint region: Cleanup
[2019-12-09T07:14:32.281+0000][1][safepoint    ] Leaving safepoint region
[2019-12-09T07:14:32.281+0000][1][safepoint    ] Total time for which application threads were stopped: 0.0000841 seconds, Stopping threads took: 0.0000194 seconds
[2019-12-09T07:14:33.281+0000][1][safepoint    ] Application time: 1.0000760 seconds
[2019-12-09T07:14:33.281+0000][1][safepoint    ] Entering safepoint region: Cleanup
[2019-12-09T07:14:33.281+0000][1][safepoint    ] Leaving safepoint region
[2019-12-09T07:14:33.281+0000][1][safepoint    ] Total time for which application threads were stopped: 0.0000830 seconds, Stopping threads took: 0.0000192 seconds
[2019-12-09T07:14:34.281+0000][1][safepoint    ] Application time: 1.0000766 seconds
[2019-12-09T07:14:34.281+0000][1][safepoint    ] Entering safepoint region: Cleanup
[2019-12-09T07:14:34.281+0000][1][safepoint    ] Leaving safepoint region
[2019-12-09T07:14:34.281+0000][1][safepoint    ] Total time for which application threads were stopped: 0.0000786 seconds, Stopping threads took: 0.0000181 seconds
[2019-12-09T07:14:35.282+0000][1][safepoint    ] Application time: 1.0000757 seconds
[2019-12-09T07:14:35.282+0000][1][safepoint    ] Entering safepoint region: Cleanup
[2019-12-09T07:14:35.282+0000][1][safepoint    ] Leaving safepoint region
[2019-12-09T07:14:35.282+0000][1][safepoint    ] Total time for which application threads were stopped: 0.0000838 seconds, Stopping threads took: 0.0000198 seconds
[2019-12-09T07:14:36.282+0000][1][safepoint    ] Application time: 1.0000877 seconds
[2019-12-09T07:14:36.282+0000][1][safepoint    ] Entering safepoint region: Cleanup
[2019-12-09T07:14:36.282+0000][1][safepoint    ] Leaving safepoint region
[2019-12-09T07:14:36.282+0000][1][safepoint    ] Total time for which application threads were stopped: 0.0000847 seconds, Stopping threads took: 0.0000205 seconds
[2019-12-09T07:14:37.282+0000][1][safepoint    ] Application time: 1.0000734 seconds
[2019-12-09T07:14:37.282+0000][1][safepoint    ] Entering safepoint region: Cleanup
[2019-12-09T07:14:37.282+0000][1][safepoint    ] Leaving safepoint region
[2019-12-09T07:14:37.282+0000][1][safepoint    ] Total time for which application threads were stopped: 0.0000826 seconds, Stopping threads took: 0.0000201 seconds
[2019-12-09T07:14:38.282+0000][1][safepoint    ] Application time: 1.0000764 seconds
[2019-12-09T07:14:38.282+0000][1][safepoint    ] Entering safepoint region: Cleanup
[2019-12-09T07:14:38.282+0000][1][safepoint    ] Leaving safepoint region
[2019-12-09T07:14:38.282+0000][1][safepoint    ] Total time for which application threads were stopped: 0.0000826 seconds, Stopping threads took: 0.0000192 seconds
[2019-12-09T07:14:39.282+0000][1][safepoint    ] Application time: 1.0000750 seconds
[2019-12-09T07:14:39.282+0000][1][safepoint    ] Entering safepoint region: Cleanup
[2019-12-09T07:14:39.282+0000][1][safepoint    ] Leaving safepoint region
[2019-12-09T07:14:39.282+0000][1][safepoint    ] Total time for which application threads were stopped: 0.0000831 seconds, Stopping threads took: 0.0000186 seconds
[2019-12-09T07:14:40.283+0000][1][safepoint    ] Application time: 1.0000761 seconds
[2019-12-09T07:14:40.283+0000][1][safepoint    ] Entering safepoint region: Cleanup
[2019-12-09T07:14:40.283+0000][1][safepoint    ] Leaving safepoint region
[2019-12-09T07:14:40.283+0000][1][safepoint    ] Total time for which application threads were stopped: 0.0001080 seconds, Stopping threads took: 0.0000190 seconds
[2019-12-09T07:14:41.283+0000][1][safepoint    ] Application time: 1.0000826 seconds
[2019-12-09T07:14:41.283+0000][1][safepoint    ] Entering safepoint region: Cleanup
[2019-12-09T07:14:41.283+0000][1][safepoint    ] Leaving safepoint region
[2019-12-09T07:14:41.283+0000][1][safepoint    ] Total time for which application threads were stopped: 0.0000854 seconds, Stopping threads took: 0.0000199 seconds
[2019-12-09T07:14:41.703+0000][1][safepoint    ] Application time: 0.4204462 seconds
[2019-12-09T07:14:41.703+0000][1][safepoint    ] Entering safepoint region: GenCollectForAllocation
[2019-12-09T07:14:41.704+0000][1][gc,start     ] GC(43) Pause Young (Allocation Failure)
[2019-12-09T07:14:41.704+0000][1][gc,task      ] GC(43) Using 2 workers of 2 for evacuation
[2019-12-09T07:14:41.706+0000][1][gc,age       ] GC(43) Desired survivor size 4456448 bytes, new threshold 6 (max threshold 6)
[2019-12-09T07:14:41.706+0000][1][gc,age       ] GC(43) Age table with threshold 6 (max threshold 6)
[2019-12-09T07:14:41.706+0000][1][gc,age       ] GC(43) - age   1:     821112 bytes,     821112 total
[2019-12-09T07:14:41.706+0000][1][gc,age       ] GC(43) - age   2:       1752 bytes,     822864 total
[2019-12-09T07:14:41.706+0000][1][gc,age       ] GC(43) - age   3:       1016 bytes,     823880 total
[2019-12-09T07:14:41.706+0000][1][gc,age       ] GC(43) - age   4:        624 bytes,     824504 total
[2019-12-09T07:14:41.706+0000][1][gc,age       ] GC(43) - age   5:        480 bytes,     824984 total
[2019-12-09T07:14:41.706+0000][1][gc,age       ] GC(43) - age   6:       2992 bytes,     827976 total
[2019-12-09T07:14:41.706+0000][1][gc,heap      ] GC(43) ParNew: 70744K->837K(78656K)
[2019-12-09T07:14:41.706+0000][1][gc,heap      ] GC(43) CMS: 70915K->70916K(174784K)
[2019-12-09T07:14:41.706+0000][1][gc,metaspace ] GC(43) Metaspace: 75880K->75880K(1118208K)
[2019-12-09T07:14:41.706+0000][1][gc           ] GC(43) Pause Young (Allocation Failure) 138M->70M(247M) 2.245ms
[2019-12-09T07:14:41.706+0000][1][gc,cpu       ] GC(43) User=0.00s Sys=0.00s Real=0.01s
[2019-12-09T07:14:41.706+0000][1][safepoint    ] Leaving safepoint region
[2019-12-09T07:14:41.706+0000][1][safepoint    ] Total time for which application threads were stopped: 0.0023966 seconds, Stopping threads took: 0.0000210 seconds
[2019-12-09T07:14:42.706+0000][1][safepoint    ] Application time: 1.0000847 seconds
[2019-12-09T07:14:42.706+0000][1][safepoint    ] Entering safepoint region: Cleanup
[2019-12-09T07:14:42.706+0000][1][safepoint    ] Leaving safepoint region
[2019-12-09T07:14:42.706+0000][1][safepoint    ] Total time for which application threads were stopped: 0.0001121 seconds, Stopping threads took: 0.0000428 seconds
[2019-12-09T07:14:43.706+0000][1][safepoint    ] Application time: 1.0000791 seconds
[2019-12-09T07:14:43.706+0000][1][safepoint    ] Entering safepoint region: Cleanup
[2019-12-09T07:14:43.706+0000][1][safepoint    ] Leaving safepoint region
[2019-12-09T07:14:43.706+0000][1][safepoint    ] Total time for which application threads were stopped: 0.0000842 seconds, Stopping threads took: 0.0000191 seconds
[2019-12-09T07:14:44.706+0000][1][safepoint    ] Application time: 1.0000813 seconds
[2019-12-09T07:14:44.706+0000][1][safepoint    ] Entering safepoint region: Cleanup
[2019-12-09T07:14:44.706+0000][1][safepoint    ] Leaving safepoint region
[2019-12-09T07:14:44.706+0000][1][safepoint    ] Total time for which application threads were stopped: 0.0000973 seconds, Stopping threads took: 0.0000234 seconds
[2019-12-09T07:14:45.707+0000][1][safepoint    ] Application time: 1.0000765 seconds
[2019-12-09T07:14:45.707+0000][1][safepoint    ] Entering safepoint region: Cleanup
[2019-12-09T07:14:45.707+0000][1][safepoint    ] Leaving safepoint region
[2019-12-09T07:14:45.707+0000][1][safepoint    ] Total time for which application threads were stopped: 0.0000925 seconds, Stopping threads took: 0.0000196 seconds
[2019-12-09T07:14:46.707+0000][1][safepoint    ] Application time: 1.0000796 seconds
[2019-12-09T07:14:46.707+0000][1][safepoint    ] Entering safepoint region: Cleanup
[2019-12-09T07:14:46.707+0000][1][safepoint    ] Leaving safepoint region
[2019-12-09T07:14:46.707+0000][1][safepoint    ] Total time for which application threads were stopped: 0.0000954 seconds, Stopping threads took: 0.0000200 seconds
[2019-12-09T07:14:47.707+0000][1][safepoint    ] Application time: 1.0000778 seconds
[2019-12-09T07:14:47.707+0000][1][safepoint    ] Entering safepoint region: Cleanup
[2019-12-09T07:14:47.707+0000][1][safepoint    ] Leaving safepoint region
[2019-12-09T07:14:47.707+0000][1][safepoint    ] Total time for which application threads were stopped: 0.0000858 seconds, Stopping threads took: 0.0000198 seconds
[2019-12-09T07:14:48.707+0000][1][safepoint    ] Application time: 1.0000781 seconds
[2019-12-09T07:14:48.707+0000][1][safepoint    ] Entering safepoint region: Cleanup
[2019-12-09T07:14:48.707+0000][1][safepoint    ] Leaving safepoint region
[2019-12-09T07:14:48.707+0000][1][safepoint    ] Total time for which application threads were stopped: 0.0000901 seconds, Stopping threads took: 0.0000212 seconds
[2019-12-09T07:14:49.707+0000][1][safepoint    ] Application time: 1.0000791 seconds
[2019-12-09T07:14:49.707+0000][1][safepoint    ] Entering safepoint region: Cleanup
[2019-12-09T07:14:49.708+0000][1][safepoint    ] Leaving safepoint region
[2019-12-09T07:14:49.708+0000][1][safepoint    ] Total time for which application threads were stopped: 0.0000888 seconds, Stopping threads took: 0.0000198 seconds
[2019-12-09T07:14:51.708+0000][1][safepoint    ] Application time: 2.0001510 seconds
[2019-12-09T07:14:51.708+0000][1][safepoint    ] Entering safepoint region: Cleanup
[2019-12-09T07:14:51.708+0000][1][safepoint    ] Leaving safepoint region
[2019-12-09T07:14:51.708+0000][1][safepoint    ] Total time for which application threads were stopped: 0.0000978 seconds, Stopping threads took: 0.0000205 seconds
[2019-12-09T07:14:52.708+0000][1][safepoint    ] Application time: 1.0000796 seconds
[2019-12-09T07:14:52.708+0000][1][safepoint    ] Entering safepoint region: Cleanup
[2019-12-09T07:14:52.708+0000][1][safepoint    ] Leaving safepoint region
[2019-12-09T07:14:52.708+0000][1][safepoint    ] Total time for which application threads were stopped: 0.0000903 seconds, Stopping threads took: 0.0000196 seconds
[2019-12-09T07:14:56.708+0000][1][safepoint    ] Application time: 4.0002848 seconds
[2019-12-09T07:14:56.708+0000][1][safepoint    ] Entering safepoint region: Cleanup
[2019-12-09T07:14:56.708+0000][1][safepoint    ] Leaving safepoint region
[2019-12-09T07:14:56.708+0000][1][safepoint    ] Total time for which application threads were stopped: 0.0000961 seconds, Stopping threads took: 0.0000254 seconds
[2019-12-09T07:14:57.709+0000][1][safepoint    ] Application time: 1.0000753 seconds
[2019-12-09T07:14:57.709+0000][1][safepoint    ] Entering safepoint region: Cleanup
[2019-12-09T07:14:57.709+0000][1][safepoint    ] Leaving safepoint region
[2019-12-09T07:14:57.709+0000][1][safepoint    ] Total time for which application threads were stopped: 0.0001082 seconds, Stopping threads took: 0.0000217 seconds
[2019-12-09T07:15:12.710+0000][1][safepoint    ] Application time: 15.0009764 seconds
[2019-12-09T07:15:12.710+0000][1][safepoint    ] Entering safepoint region: Cleanup
[2019-12-09T07:15:12.710+0000][1][safepoint    ] Leaving safepoint region
[2019-12-09T07:15:12.710+0000][1][safepoint    ] Total time for which application threads were stopped: 0.0000908 seconds, Stopping threads took: 0.0000203 seconds
[2019-12-09T07:15:14.710+0000][1][safepoint    ] Application time: 2.0001423 seconds
[2019-12-09T07:15:14.710+0000][1][safepoint    ] Entering safepoint region: Cleanup
[2019-12-09T07:15:14.710+0000][1][safepoint    ] Leaving safepoint region
[2019-12-09T07:15:14.710+0000][1][safepoint    ] Total time for which application threads were stopped: 0.0000898 seconds, Stopping threads took: 0.0000193 seconds
[2019-12-09T07:15:20.711+0000][1][safepoint    ] Application time: 6.0004090 seconds
[2019-12-09T07:15:20.711+0000][1][safepoint    ] Entering safepoint region: Cleanup
[2019-12-09T07:15:20.711+0000][1][safepoint    ] Leaving safepoint region
[2019-12-09T07:15:20.711+0000][1][safepoint    ] Total time for which application threads were stopped: 0.0000887 seconds, Stopping threads took: 0.0000200 seconds
[2019-12-09T07:15:22.711+0000][1][safepoint    ] Application time: 2.0001431 seconds
[2019-12-09T07:15:22.711+0000][1][safepoint    ] Entering safepoint region: Cleanup
[2019-12-09T07:15:22.711+0000][1][safepoint    ] Leaving safepoint region
[2019-12-09T07:15:22.711+0000][1][safepoint    ] Total time for which application threads were stopped: 0.0000945 seconds, Stopping threads took: 0.0000205 seconds
[2019-12-09T07:15:23.445+0000][1][safepoint    ] Application time: 0.7337631 seconds
[2019-12-09T07:15:23.445+0000][1][safepoint    ] Entering safepoint region: GenCollectForAllocation
[2019-12-09T07:15:23.445+0000][1][gc,start     ] GC(44) Pause Young (Allocation Failure)
[2019-12-09T07:15:23.445+0000][1][gc,task      ] GC(44) Using 2 workers of 2 for evacuation
[2019-12-09T07:15:23.451+0000][1][gc,age       ] GC(44) Desired survivor size 4456448 bytes, new threshold 6 (max threshold 6)
[2019-12-09T07:15:23.451+0000][1][gc,age       ] GC(44) Age table with threshold 6 (max threshold 6)
[2019-12-09T07:15:23.451+0000][1][gc,age       ] GC(44) - age   1:     757512 bytes,     757512 total
[2019-12-09T07:15:23.451+0000][1][gc,age       ] GC(44) - age   2:        576 bytes,     758088 total
[2019-12-09T07:15:23.451+0000][1][gc,age       ] GC(44) - age   3:       1560 bytes,     759648 total
[2019-12-09T07:15:23.451+0000][1][gc,age       ] GC(44) - age   4:       1016 bytes,     760664 total
[2019-12-09T07:15:23.451+0000][1][gc,age       ] GC(44) - age   5:        624 bytes,     761288 total
[2019-12-09T07:15:23.451+0000][1][gc,age       ] GC(44) - age   6:        480 bytes,     761768 total
[2019-12-09T07:15:23.451+0000][1][gc,heap      ] GC(44) ParNew: 70743K->749K(78656K)
[2019-12-09T07:15:23.451+0000][1][gc,heap      ] GC(44) CMS: 70916K->70919K(174784K)
[2019-12-09T07:15:23.451+0000][1][gc,metaspace ] GC(44) Metaspace: 75907K->75907K(1118208K)
[2019-12-09T07:15:23.451+0000][1][gc           ] GC(44) Pause Young (Allocation Failure) 138M->69M(247M) 5.987ms
[2019-12-09T07:15:23.451+0000][1][gc,cpu       ] GC(44) User=0.01s Sys=0.00s Real=0.00s
[2019-12-09T07:15:23.451+0000][1][safepoint    ] Leaving safepoint region
[2019-12-09T07:15:23.451+0000][1][safepoint    ] Total time for which application threads were stopped: 0.0061729 seconds, Stopping threads took: 0.0000248 seconds
[2019-12-09T07:15:27.451+0000][1][safepoint    ] Application time: 4.0002899 seconds
[2019-12-09T07:15:27.451+0000][1][safepoint    ] Entering safepoint region: Cleanup
[2019-12-09T07:15:27.451+0000][1][safepoint    ] Leaving safepoint region
[2019-12-09T07:15:27.451+0000][1][safepoint    ] Total time for which application threads were stopped: 0.0000967 seconds, Stopping threads took: 0.0000277 seconds
[2019-12-09T07:16:06.267+0000][1][safepoint    ] Application time: 38.8155330 seconds
[2019-12-09T07:16:06.267+0000][1][safepoint    ] Entering safepoint region: GenCollectForAllocation
[2019-12-09T07:16:06.267+0000][1][gc,start     ] GC(45) Pause Young (Allocation Failure)
[2019-12-09T07:16:06.267+0000][1][gc,task      ] GC(45) Using 2 workers of 2 for evacuation
[2019-12-09T07:16:06.269+0000][1][gc,age       ] GC(45) Desired survivor size 4456448 bytes, new threshold 6 (max threshold 6)
[2019-12-09T07:16:06.269+0000][1][gc,age       ] GC(45) Age table with threshold 6 (max threshold 6)
[2019-12-09T07:16:06.269+0000][1][gc,age       ] GC(45) - age   1:     755168 bytes,     755168 total
[2019-12-09T07:16:06.269+0000][1][gc,age       ] GC(45) - age   2:       2568 bytes,     757736 total
[2019-12-09T07:16:06.269+0000][1][gc,age       ] GC(45) - age   3:        480 bytes,     758216 total
[2019-12-09T07:16:06.269+0000][1][gc,age       ] GC(45) - age   4:       1560 bytes,     759776 total
[2019-12-09T07:16:06.269+0000][1][gc,age       ] GC(45) - age   5:       1016 bytes,     760792 total
[2019-12-09T07:16:06.269+0000][1][gc,age       ] GC(45) - age   6:        624 bytes,     761416 total
[2019-12-09T07:16:06.269+0000][1][gc,heap      ] GC(45) ParNew: 70654K->836K(78656K)
[2019-12-09T07:16:06.269+0000][1][gc,heap      ] GC(45) CMS: 70919K->70920K(174784K)
[2019-12-09T07:16:06.269+0000][1][gc,metaspace ] GC(45) Metaspace: 75910K->75910K(1118208K)
[2019-12-09T07:16:06.269+0000][1][gc           ] GC(45) Pause Young (Allocation Failure) 138M->70M(247M) 2.179ms
[2019-12-09T07:16:06.269+0000][1][gc,cpu       ] GC(45) User=0.01s Sys=0.00s Real=0.00s
[2019-12-09T07:16:06.269+0000][1][safepoint    ] Leaving safepoint region
[2019-12-09T07:16:06.269+0000][1][safepoint    ] Total time for which application threads were stopped: 0.0023421 seconds, Stopping threads took: 0.0000277 seconds
[2019-12-09T07:16:10.270+0000][1][safepoint    ] Application time: 4.0002822 seconds
[2019-12-09T07:16:10.270+0000][1][safepoint    ] Entering safepoint region: Cleanup
[2019-12-09T07:16:10.270+0000][1][safepoint    ] Leaving safepoint region
[2019-12-09T07:16:10.270+0000][1][safepoint    ] Total time for which application threads were stopped: 0.0000856 seconds, Stopping threads took: 0.0000196 seconds
[2019-12-09T07:16:20.270+0000][1][safepoint    ] Application time: 10.0006746 seconds
[2019-12-09T07:16:20.270+0000][1][safepoint    ] Entering safepoint region: Cleanup
[2019-12-09T07:16:20.270+0000][1][safepoint    ] Leaving safepoint region
[2019-12-09T07:16:20.270+0000][1][safepoint    ] Total time for which application threads were stopped: 0.0000889 seconds, Stopping threads took: 0.0000245 seconds
[2019-12-09T07:16:22.271+0000][1][safepoint    ] Application time: 2.0001382 seconds
[2019-12-09T07:16:22.271+0000][1][safepoint    ] Entering safepoint region: Cleanup
[2019-12-09T07:16:22.271+0000][1][safepoint    ] Leaving safepoint region
[2019-12-09T07:16:22.271+0000][1][safepoint    ] Total time for which application threads were stopped: 0.0001031 seconds, Stopping threads took: 0.0000197 seconds
[2019-12-09T07:16:26.168+0000][1][safepoint    ] Application time: 3.8975491 seconds
[2019-12-09T07:16:26.168+0000][1][safepoint    ] Entering safepoint region: RevokeBias
[2019-12-09T07:16:26.168+0000][1][safepoint    ] Leaving safepoint region
[2019-12-09T07:16:26.168+0000][1][safepoint    ] Total time for which application threads were stopped: 0.0001228 seconds, Stopping threads took: 0.0000180 seconds
[2019-12-09T07:16:27.169+0000][1][safepoint    ] Application time: 1.0000868 seconds
[2019-12-09T07:16:27.169+0000][1][safepoint    ] Entering safepoint region: Cleanup
[2019-12-09T07:16:27.169+0000][1][safepoint    ] Leaving safepoint region
[2019-12-09T07:16:27.169+0000][1][safepoint    ] Total time for which application threads were stopped: 0.0000843 seconds, Stopping threads took: 0.0000211 seconds
[2019-12-09T07:16:28.169+0000][1][safepoint    ] Application time: 1.0000852 seconds
[2019-12-09T07:16:28.169+0000][1][safepoint    ] Entering safepoint region: Cleanup
[2019-12-09T07:16:28.169+0000][1][safepoint    ] Leaving safepoint region
[2019-12-09T07:16:28.169+0000][1][safepoint    ] Total time for which application threads were stopped: 0.0000820 seconds, Stopping threads took: 0.0000203 seconds
[2019-12-09T07:16:29.169+0000][1][safepoint    ] Application time: 1.0000777 seconds
[2019-12-09T07:16:29.169+0000][1][safepoint    ] Entering safepoint region: Cleanup
[2019-12-09T07:16:29.169+0000][1][safepoint    ] Leaving safepoint region
[2019-12-09T07:16:29.169+0000][1][safepoint    ] Total time for which application threads were stopped: 0.0000814 seconds, Stopping threads took: 0.0000201 seconds
[2019-12-09T07:16:30.169+0000][1][safepoint    ] Application time: 1.0000775 seconds
[2019-12-09T07:16:30.169+0000][1][safepoint    ] Entering safepoint region: Cleanup
[2019-12-09T07:16:30.169+0000][1][safepoint    ] Leaving safepoint region
[2019-12-09T07:16:30.169+0000][1][safepoint    ] Total time for which application threads were stopped: 0.0000848 seconds, Stopping threads took: 0.0000193 seconds
[2019-12-09T07:16:31.169+0000][1][safepoint    ] Application time: 1.0000759 seconds
[2019-12-09T07:16:31.169+0000][1][safepoint    ] Entering safepoint region: Cleanup
[2019-12-09T07:16:31.169+0000][1][safepoint    ] Leaving safepoint region
[2019-12-09T07:16:31.169+0000][1][safepoint    ] Total time for which application threads were stopped: 0.0000832 seconds, Stopping threads took: 0.0000194 seconds
[2019-12-09T07:16:32.170+0000][1][safepoint    ] Application time: 1.0000761 seconds
[2019-12-09T07:16:32.170+0000][1][safepoint    ] Entering safepoint region: Cleanup
[2019-12-09T07:16:32.170+0000][1][safepoint    ] Leaving safepoint region
[2019-12-09T07:16:32.170+0000][1][safepoint    ] Total time for which application threads were stopped: 0.0000964 seconds, Stopping threads took: 0.0000190 seconds
[2019-12-09T07:16:33.170+0000][1][safepoint    ] Application time: 1.0000760 seconds
[2019-12-09T07:16:33.170+0000][1][safepoint    ] Entering safepoint region: Cleanup
[2019-12-09T07:16:33.170+0000][1][safepoint    ] Leaving safepoint region
[2019-12-09T07:16:33.170+0000][1][safepoint    ] Total time for which application threads were stopped: 0.0000837 seconds, Stopping threads took: 0.0000184 seconds
[2019-12-09T07:16:34.170+0000][1][safepoint    ] Application time: 1.0000772 seconds
[2019-12-09T07:16:34.170+0000][1][safepoint    ] Entering safepoint region: Cleanup
[2019-12-09T07:16:34.170+0000][1][safepoint    ] Leaving safepoint region
[2019-12-09T07:16:34.170+0000][1][safepoint    ] Total time for which application threads were stopped: 0.0000826 seconds, Stopping threads took: 0.0000210 seconds
[2019-12-09T07:16:35.170+0000][1][safepoint    ] Application time: 1.0000760 seconds
[2019-12-09T07:16:35.170+0000][1][safepoint    ] Entering safepoint region: Cleanup
[2019-12-09T07:16:35.170+0000][1][safepoint    ] Leaving safepoint region
[2019-12-09T07:16:35.170+0000][1][safepoint    ] Total time for which application threads were stopped: 0.0000867 seconds, Stopping threads took: 0.0000211 seconds
[2019-12-09T07:16:36.170+0000][1][safepoint    ] Application time: 1.0000786 seconds
[2019-12-09T07:16:36.170+0000][1][safepoint    ] Entering safepoint region: Cleanup
[2019-12-09T07:16:36.171+0000][1][safepoint    ] Leaving safepoint region
[2019-12-09T07:16:36.171+0000][1][safepoint    ] Total time for which application threads were stopped: 0.0000842 seconds, Stopping threads took: 0.0000189 seconds
[2019-12-09T07:16:37.171+0000][1][safepoint    ] Application time: 1.0000783 seconds
[2019-12-09T07:16:37.171+0000][1][safepoint    ] Entering safepoint region: Cleanup
[2019-12-09T07:16:37.171+0000][1][safepoint    ] Leaving safepoint region
[2019-12-09T07:16:37.171+0000][1][safepoint    ] Total time for which application threads were stopped: 0.0000973 seconds, Stopping threads took: 0.0000306 seconds
[2019-12-09T07:16:38.171+0000][1][safepoint    ] Application time: 1.0000775 seconds
[2019-12-09T07:16:38.171+0000][1][safepoint    ] Entering safepoint region: Cleanup
[2019-12-09T07:16:38.171+0000][1][safepoint    ] Leaving safepoint region
[2019-12-09T07:16:38.171+0000][1][safepoint    ] Total time for which application threads were stopped: 0.0000833 seconds, Stopping threads took: 0.0000192 seconds
[2019-12-09T07:16:39.171+0000][1][safepoint    ] Application time: 1.0000773 seconds
[2019-12-09T07:16:39.171+0000][1][safepoint    ] Entering safepoint region: Cleanup
[2019-12-09T07:16:39.171+0000][1][safepoint    ] Leaving safepoint region
[2019-12-09T07:16:39.171+0000][1][safepoint    ] Total time for which application threads were stopped: 0.0000842 seconds, Stopping threads took: 0.0000196 seconds
[2019-12-09T07:16:40.171+0000][1][safepoint    ] Application time: 1.0000757 seconds
[2019-12-09T07:16:40.171+0000][1][safepoint    ] Entering safepoint region: Cleanup
[2019-12-09T07:16:40.171+0000][1][safepoint    ] Leaving safepoint region
[2019-12-09T07:16:40.171+0000][1][safepoint    ] Total time for which application threads were stopped: 0.0000868 seconds, Stopping threads took: 0.0000211 seconds
[2019-12-09T07:16:41.171+0000][1][safepoint    ] Application time: 1.0000768 seconds
[2019-12-09T07:16:41.172+0000][1][safepoint    ] Entering safepoint region: Cleanup
[2019-12-09T07:16:41.172+0000][1][safepoint    ] Leaving safepoint region
[2019-12-09T07:16:41.172+0000][1][safepoint    ] Total time for which application threads were stopped: 0.0000850 seconds, Stopping threads took: 0.0000200 seconds
[2019-12-09T07:16:42.172+0000][1][safepoint    ] Application time: 1.0000867 seconds
[2019-12-09T07:16:42.172+0000][1][safepoint    ] Entering safepoint region: Cleanup
[2019-12-09T07:16:42.172+0000][1][safepoint    ] Leaving safepoint region
[2019-12-09T07:16:42.172+0000][1][safepoint    ] Total time for which application threads were stopped: 0.0000861 seconds, Stopping threads took: 0.0000201 seconds
[2019-12-09T07:16:43.172+0000][1][safepoint    ] Application time: 1.0000760 seconds
[2019-12-09T07:16:43.172+0000][1][safepoint    ] Entering safepoint region: Cleanup
[2019-12-09T07:16:43.172+0000][1][safepoint    ] Leaving safepoint region
[2019-12-09T07:16:43.172+0000][1][safepoint    ] Total time for which application threads were stopped: 0.0000833 seconds, Stopping threads took: 0.0000204 seconds
[2019-12-09T07:16:44.172+0000][1][safepoint    ] Application time: 1.0000762 seconds
[2019-12-09T07:16:44.172+0000][1][safepoint    ] Entering safepoint region: Cleanup
[2019-12-09T07:16:44.172+0000][1][safepoint    ] Leaving safepoint region
[2019-12-09T07:16:44.172+0000][1][safepoint    ] Total time for which application threads were stopped: 0.0000860 seconds, Stopping threads took: 0.0000200 seconds
[2019-12-09T07:16:45.172+0000][1][safepoint    ] Application time: 1.0000753 seconds
[2019-12-09T07:16:45.172+0000][1][safepoint    ] Entering safepoint region: Cleanup
[2019-12-09T07:16:45.172+0000][1][safepoint    ] Leaving safepoint region
[2019-12-09T07:16:45.172+0000][1][safepoint    ] Total time for which application threads were stopped: 0.0000833 seconds, Stopping threads took: 0.0000190 seconds
[2019-12-09T07:16:46.173+0000][1][safepoint    ] Application time: 1.0000775 seconds
[2019-12-09T07:16:46.173+0000][1][safepoint    ] Entering safepoint region: Cleanup
[2019-12-09T07:16:46.173+0000][1][safepoint    ] Leaving safepoint region
[2019-12-09T07:16:46.173+0000][1][safepoint    ] Total time for which application threads were stopped: 0.0000882 seconds, Stopping threads took: 0.0000201 seconds
[2019-12-09T07:16:47.173+0000][1][safepoint    ] Application time: 1.0000771 seconds
[2019-12-09T07:16:47.173+0000][1][safepoint    ] Entering safepoint region: Cleanup
[2019-12-09T07:16:47.173+0000][1][safepoint    ] Leaving safepoint region
[2019-12-09T07:16:47.173+0000][1][safepoint    ] Total time for which application threads were stopped: 0.0000848 seconds, Stopping threads took: 0.0000207 seconds
[2019-12-09T07:16:48.173+0000][1][safepoint    ] Application time: 1.0000769 seconds
[2019-12-09T07:16:48.173+0000][1][safepoint    ] Entering safepoint region: Cleanup
[2019-12-09T07:16:48.173+0000][1][safepoint    ] Leaving safepoint region
[2019-12-09T07:16:48.173+0000][1][safepoint    ] Total time for which application threads were stopped: 0.0000813 seconds, Stopping threads took: 0.0000195 seconds
[2019-12-09T07:16:49.173+0000][1][safepoint    ] Application time: 1.0000741 seconds
[2019-12-09T07:16:49.173+0000][1][safepoint    ] Entering safepoint region: Cleanup
[2019-12-09T07:16:49.173+0000][1][safepoint    ] Leaving safepoint region
[2019-12-09T07:16:49.173+0000][1][safepoint    ] Total time for which application threads were stopped: 0.0000874 seconds, Stopping threads took: 0.0000229 seconds
[2019-12-09T07:16:49.917+0000][1][safepoint    ] Application time: 0.7436730 seconds
[2019-12-09T07:16:49.917+0000][1][safepoint    ] Entering safepoint region: GenCollectForAllocation
[2019-12-09T07:16:49.917+0000][1][gc,start     ] GC(46) Pause Young (Allocation Failure)
[2019-12-09T07:16:49.917+0000][1][gc,task      ] GC(46) Using 2 workers of 2 for evacuation
[2019-12-09T07:16:49.920+0000][1][gc,age       ] GC(46) Desired survivor size 4456448 bytes, new threshold 6 (max threshold 6)
[2019-12-09T07:16:49.920+0000][1][gc,age       ] GC(46) Age table with threshold 6 (max threshold 6)
[2019-12-09T07:16:49.920+0000][1][gc,age       ] GC(46) - age   1:     760672 bytes,     760672 total
[2019-12-09T07:16:49.920+0000][1][gc,age       ] GC(46) - age   2:        744 bytes,     761416 total
[2019-12-09T07:16:49.920+0000][1][gc,age       ] GC(46) - age   3:       2568 bytes,     763984 total
[2019-12-09T07:16:49.920+0000][1][gc,age       ] GC(46) - age   4:        480 bytes,     764464 total
[2019-12-09T07:16:49.920+0000][1][gc,age       ] GC(46) - age   5:       1560 bytes,     766024 total
[2019-12-09T07:16:49.920+0000][1][gc,age       ] GC(46) - age   6:       1016 bytes,     767040 total
[2019-12-09T07:16:49.920+0000][1][gc,heap      ] GC(46) ParNew: 70788K->768K(78656K)
[2019-12-09T07:16:49.920+0000][1][gc,heap      ] GC(46) CMS: 70920K->70920K(174784K)
[2019-12-09T07:16:49.920+0000][1][gc,metaspace ] GC(46) Metaspace: 75918K->75918K(1118208K)
[2019-12-09T07:16:49.920+0000][1][gc           ] GC(46) Pause Young (Allocation Failure) 138M->70M(247M) 3.180ms
[2019-12-09T07:16:49.920+0000][1][gc,cpu       ] GC(46) User=0.00s Sys=0.00s Real=0.00s
[2019-12-09T07:16:49.920+0000][1][safepoint    ] Leaving safepoint region
[2019-12-09T07:16:49.920+0000][1][safepoint    ] Total time for which application threads were stopped: 0.0033841 seconds, Stopping threads took: 0.0000227 seconds
[2019-12-09T07:16:50.920+0000][1][safepoint    ] Application time: 1.0000921 seconds
[2019-12-09T07:16:50.921+0000][1][safepoint    ] Entering safepoint region: Cleanup
[2019-12-09T07:16:50.921+0000][1][safepoint    ] Leaving safepoint region
[2019-12-09T07:16:50.921+0000][1][safepoint    ] Total time for which application threads were stopped: 0.0000862 seconds, Stopping threads took: 0.0000211 seconds
[2019-12-09T07:16:51.921+0000][1][safepoint    ] Application time: 1.0000947 seconds
[2019-12-09T07:16:51.921+0000][1][safepoint    ] Entering safepoint region: Cleanup
[2019-12-09T07:16:51.921+0000][1][safepoint    ] Leaving safepoint region
[2019-12-09T07:16:51.921+0000][1][safepoint    ] Total time for which application threads were stopped: 0.0000806 seconds, Stopping threads took: 0.0000175 seconds
[2019-12-09T07:16:52.921+0000][1][safepoint    ] Application time: 1.0000816 seconds
[2019-12-09T07:16:52.921+0000][1][safepoint    ] Entering safepoint region: Cleanup
[2019-12-09T07:16:52.921+0000][1][safepoint    ] Leaving safepoint region
[2019-12-09T07:16:52.921+0000][1][safepoint    ] Total time for which application threads were stopped: 0.0000993 seconds, Stopping threads took: 0.0000202 seconds
[2019-12-09T07:16:53.921+0000][1][safepoint    ] Application time: 1.0000765 seconds
[2019-12-09T07:16:53.921+0000][1][safepoint    ] Entering safepoint region: Cleanup
[2019-12-09T07:16:53.921+0000][1][safepoint    ] Leaving safepoint region
[2019-12-09T07:16:53.921+0000][1][safepoint    ] Total time for which application threads were stopped: 0.0000823 seconds, Stopping threads took: 0.0000198 seconds
[2019-12-09T07:16:54.921+0000][1][safepoint    ] Application time: 1.0000777 seconds
[2019-12-09T07:16:54.921+0000][1][safepoint    ] Entering safepoint region: Cleanup
[2019-12-09T07:16:54.921+0000][1][safepoint    ] Leaving safepoint region
[2019-12-09T07:16:54.921+0000][1][safepoint    ] Total time for which application threads were stopped: 0.0000849 seconds, Stopping threads took: 0.0000201 seconds
[2019-12-09T07:16:55.922+0000][1][safepoint    ] Application time: 1.0000753 seconds
[2019-12-09T07:16:55.922+0000][1][safepoint    ] Entering safepoint region: Cleanup
[2019-12-09T07:16:55.922+0000][1][safepoint    ] Leaving safepoint region
[2019-12-09T07:16:55.922+0000][1][safepoint    ] Total time for which application threads were stopped: 0.0000850 seconds, Stopping threads took: 0.0000216 seconds
[2019-12-09T07:16:56.922+0000][1][safepoint    ] Application time: 1.0000853 seconds
[2019-12-09T07:16:56.922+0000][1][safepoint    ] Entering safepoint region: Cleanup
[2019-12-09T07:16:56.922+0000][1][safepoint    ] Leaving safepoint region
[2019-12-09T07:16:56.922+0000][1][safepoint    ] Total time for which application threads were stopped: 0.0000845 seconds, Stopping threads took: 0.0000201 seconds
[2019-12-09T07:16:57.922+0000][1][safepoint    ] Application time: 1.0000743 seconds
[2019-12-09T07:16:57.922+0000][1][safepoint    ] Entering safepoint region: Cleanup
[2019-12-09T07:16:57.922+0000][1][safepoint    ] Leaving safepoint region
[2019-12-09T07:16:57.922+0000][1][safepoint    ] Total time for which application threads were stopped: 0.0000898 seconds, Stopping threads took: 0.0000189 seconds
[2019-12-09T07:16:58.922+0000][1][safepoint    ] Application time: 1.0000779 seconds
[2019-12-09T07:16:58.922+0000][1][safepoint    ] Entering safepoint region: Cleanup
[2019-12-09T07:16:58.922+0000][1][safepoint    ] Leaving safepoint region
[2019-12-09T07:16:58.922+0000][1][safepoint    ] Total time for which application threads were stopped: 0.0000867 seconds, Stopping threads took: 0.0000176 seconds
[2019-12-09T07:16:59.922+0000][1][safepoint    ] Application time: 1.0000747 seconds
[2019-12-09T07:16:59.922+0000][1][safepoint    ] Entering safepoint region: Cleanup
[2019-12-09T07:16:59.923+0000][1][safepoint    ] Leaving safepoint region
[2019-12-09T07:16:59.923+0000][1][safepoint    ] Total time for which application threads were stopped: 0.0001022 seconds, Stopping threads took: 0.0000309 seconds
[2019-12-09T07:17:00.923+0000][1][safepoint    ] Application time: 1.0000754 seconds
[2019-12-09T07:17:00.923+0000][1][safepoint    ] Entering safepoint region: Cleanup
[2019-12-09T07:17:00.923+0000][1][safepoint    ] Leaving safepoint region
[2019-12-09T07:17:00.923+0000][1][safepoint    ] Total time for which application threads were stopped: 0.0000911 seconds, Stopping threads took: 0.0000184 seconds
[2019-12-09T07:17:01.923+0000][1][safepoint    ] Application time: 1.0000840 seconds
[2019-12-09T07:17:01.923+0000][1][safepoint    ] Entering safepoint region: Cleanup
[2019-12-09T07:17:01.923+0000][1][safepoint    ] Leaving safepoint region
[2019-12-09T07:17:01.923+0000][1][safepoint    ] Total time for which application threads were stopped: 0.0001161 seconds, Stopping threads took: 0.0000289 seconds
[2019-12-09T07:17:02.923+0000][1][safepoint    ] Application time: 1.0000776 seconds
[2019-12-09T07:17:02.923+0000][1][safepoint    ] Entering safepoint region: Cleanup
[2019-12-09T07:17:02.923+0000][1][safepoint    ] Leaving safepoint region
[2019-12-09T07:17:02.923+0000][1][safepoint    ] Total time for which application threads were stopped: 0.0000902 seconds, Stopping threads took: 0.0000195 seconds
[2019-12-09T07:17:03.923+0000][1][safepoint    ] Application time: 1.0000769 seconds
[2019-12-09T07:17:03.923+0000][1][safepoint    ] Entering safepoint region: Cleanup
[2019-12-09T07:17:03.923+0000][1][safepoint    ] Leaving safepoint region
[2019-12-09T07:17:03.923+0000][1][safepoint    ] Total time for which application threads were stopped: 0.0000849 seconds, Stopping threads took: 0.0000195 seconds
[2019-12-09T07:17:04.924+0000][1][safepoint    ] Application time: 1.0000755 seconds
[2019-12-09T07:17:04.924+0000][1][safepoint    ] Entering safepoint region: Cleanup
[2019-12-09T07:17:04.924+0000][1][safepoint    ] Leaving safepoint region
[2019-12-09T07:17:04.924+0000][1][safepoint    ] Total time for which application threads were stopped: 0.0000853 seconds, Stopping threads took: 0.0000190 seconds
[2019-12-09T07:17:05.924+0000][1][safepoint    ] Application time: 1.0000751 seconds
[2019-12-09T07:17:05.924+0000][1][safepoint    ] Entering safepoint region: Cleanup
[2019-12-09T07:17:05.924+0000][1][safepoint    ] Leaving safepoint region
[2019-12-09T07:17:05.924+0000][1][safepoint    ] Total time for which application threads were stopped: 0.0000823 seconds, Stopping threads took: 0.0000186 seconds
[2019-12-09T07:17:06.924+0000][1][safepoint    ] Application time: 1.0000753 seconds
[2019-12-09T07:17:06.924+0000][1][safepoint    ] Entering safepoint region: Cleanup
[2019-12-09T07:17:06.924+0000][1][safepoint    ] Leaving safepoint region
[2019-12-09T07:17:06.924+0000][1][safepoint    ] Total time for which application threads were stopped: 0.0000831 seconds, Stopping threads took: 0.0000181 seconds
[2019-12-09T07:17:07.924+0000][1][safepoint    ] Application time: 1.0000772 seconds
[2019-12-09T07:17:07.924+0000][1][safepoint    ] Entering safepoint region: Cleanup
[2019-12-09T07:17:07.924+0000][1][safepoint    ] Leaving safepoint region
[2019-12-09T07:17:07.924+0000][1][safepoint    ] Total time for which application threads were stopped: 0.0000838 seconds, Stopping threads took: 0.0000211 seconds
[2019-12-09T07:17:08.924+0000][1][safepoint    ] Application time: 1.0000766 seconds
[2019-12-09T07:17:08.924+0000][1][safepoint    ] Entering safepoint region: Cleanup
[2019-12-09T07:17:08.924+0000][1][safepoint    ] Leaving safepoint region
[2019-12-09T07:17:08.924+0000][1][safepoint    ] Total time for which application threads were stopped: 0.0000879 seconds, Stopping threads took: 0.0000186 seconds
[2019-12-09T07:17:09.925+0000][1][safepoint    ] Application time: 1.0000770 seconds
[2019-12-09T07:17:09.925+0000][1][safepoint    ] Entering safepoint region: Cleanup
[2019-12-09T07:17:09.925+0000][1][safepoint    ] Leaving safepoint region
[2019-12-09T07:17:09.925+0000][1][safepoint    ] Total time for which application threads were stopped: 0.0000927 seconds, Stopping threads took: 0.0000176 seconds
[2019-12-09T07:17:10.925+0000][1][safepoint    ] Application time: 1.0000758 seconds
[2019-12-09T07:17:10.925+0000][1][safepoint    ] Entering safepoint region: Cleanup
[2019-12-09T07:17:10.925+0000][1][safepoint    ] Leaving safepoint region
[2019-12-09T07:17:10.925+0000][1][safepoint    ] Total time for which application threads were stopped: 0.0000828 seconds, Stopping threads took: 0.0000197 seconds
[2019-12-09T07:17:11.925+0000][1][safepoint    ] Application time: 1.0000741 seconds
[2019-12-09T07:17:11.925+0000][1][safepoint    ] Entering safepoint region: Cleanup
[2019-12-09T07:17:11.925+0000][1][safepoint    ] Leaving safepoint region
[2019-12-09T07:17:11.925+0000][1][safepoint    ] Total time for which application threads were stopped: 0.0000839 seconds, Stopping threads took: 0.0000176 seconds
[2019-12-09T07:17:12.925+0000][1][safepoint    ] Application time: 1.0000766 seconds
[2019-12-09T07:17:12.925+0000][1][safepoint    ] Entering safepoint region: Cleanup
[2019-12-09T07:17:12.925+0000][1][safepoint    ] Leaving safepoint region
[2019-12-09T07:17:12.925+0000][1][safepoint    ] Total time for which application threads were stopped: 0.0000831 seconds, Stopping threads took: 0.0000204 seconds
[2019-12-09T07:17:13.925+0000][1][safepoint    ] Application time: 1.0000765 seconds
[2019-12-09T07:17:13.925+0000][1][safepoint    ] Entering safepoint region: Cleanup
[2019-12-09T07:17:13.925+0000][1][safepoint    ] Leaving safepoint region
[2019-12-09T07:17:13.925+0000][1][safepoint    ] Total time for which application threads were stopped: 0.0000884 seconds, Stopping threads took: 0.0000188 seconds
[2019-12-09T07:17:14.926+0000][1][safepoint    ] Application time: 1.0000766 seconds
[2019-12-09T07:17:14.926+0000][1][safepoint    ] Entering safepoint region: Cleanup
[2019-12-09T07:17:14.926+0000][1][safepoint    ] Leaving safepoint region
[2019-12-09T07:17:14.926+0000][1][safepoint    ] Total time for which application threads were stopped: 0.0000933 seconds, Stopping threads took: 0.0000184 seconds
[2019-12-09T07:17:15.926+0000][1][safepoint    ] Application time: 1.0000756 seconds
[2019-12-09T07:17:15.926+0000][1][safepoint    ] Entering safepoint region: Cleanup
[2019-12-09T07:17:15.926+0000][1][safepoint    ] Leaving safepoint region
[2019-12-09T07:17:15.926+0000][1][safepoint    ] Total time for which application threads were stopped: 0.0000971 seconds, Stopping threads took: 0.0000210 seconds
[2019-12-09T07:17:16.926+0000][1][safepoint    ] Application time: 1.0000738 seconds
[2019-12-09T07:17:16.926+0000][1][safepoint    ] Entering safepoint region: Cleanup
[2019-12-09T07:17:16.926+0000][1][safepoint    ] Leaving safepoint region
[2019-12-09T07:17:16.926+0000][1][safepoint    ] Total time for which application threads were stopped: 0.0000823 seconds, Stopping threads took: 0.0000185 seconds
[2019-12-09T07:17:17.926+0000][1][safepoint    ] Application time: 1.0000754 seconds
[2019-12-09T07:17:17.926+0000][1][safepoint    ] Entering safepoint region: Cleanup
[2019-12-09T07:17:17.926+0000][1][safepoint    ] Leaving safepoint region
[2019-12-09T07:17:17.926+0000][1][safepoint    ] Total time for which application threads were stopped: 0.0000824 seconds, Stopping threads took: 0.0000182 seconds
[2019-12-09T07:17:18.926+0000][1][safepoint    ] Application time: 1.0000748 seconds
[2019-12-09T07:17:18.926+0000][1][safepoint    ] Entering safepoint region: Cleanup
[2019-12-09T07:17:18.927+0000][1][safepoint    ] Leaving safepoint region
[2019-12-09T07:17:18.927+0000][1][safepoint    ] Total time for which application threads were stopped: 0.0000844 seconds, Stopping threads took: 0.0000188 seconds
[2019-12-09T07:17:19.927+0000][1][safepoint    ] Application time: 1.0000734 seconds
[2019-12-09T07:17:19.927+0000][1][safepoint    ] Entering safepoint region: Cleanup
[2019-12-09T07:17:19.927+0000][1][safepoint    ] Leaving safepoint region
[2019-12-09T07:17:19.927+0000][1][safepoint    ] Total time for which application threads were stopped: 0.0000936 seconds, Stopping threads took: 0.0000197 seconds
[2019-12-09T07:17:20.927+0000][1][safepoint    ] Application time: 1.0000762 seconds
[2019-12-09T07:17:20.927+0000][1][safepoint    ] Entering safepoint region: Cleanup
[2019-12-09T07:17:20.927+0000][1][safepoint    ] Leaving safepoint region
[2019-12-09T07:17:20.927+0000][1][safepoint    ] Total time for which application threads were stopped: 0.0000832 seconds, Stopping threads took: 0.0000187 seconds
[2019-12-09T07:17:21.927+0000][1][safepoint    ] Application time: 1.0000749 seconds
[2019-12-09T07:17:21.927+0000][1][safepoint    ] Entering safepoint region: Cleanup
[2019-12-09T07:17:21.927+0000][1][safepoint    ] Leaving safepoint region
[2019-12-09T07:17:21.927+0000][1][safepoint    ] Total time for which application threads were stopped: 0.0000854 seconds, Stopping threads took: 0.0000200 seconds
[2019-12-09T07:17:22.927+0000][1][safepoint    ] Application time: 1.0000783 seconds
[2019-12-09T07:17:22.927+0000][1][safepoint    ] Entering safepoint region: Cleanup
[2019-12-09T07:17:22.927+0000][1][safepoint    ] Leaving safepoint region
[2019-12-09T07:17:22.927+0000][1][safepoint    ] Total time for which application threads were stopped: 0.0000812 seconds, Stopping threads took: 0.0000191 seconds
[2019-12-09T07:17:23.927+0000][1][safepoint    ] Application time: 1.0000756 seconds
[2019-12-09T07:17:23.927+0000][1][safepoint    ] Entering safepoint region: Cleanup
[2019-12-09T07:17:23.928+0000][1][safepoint    ] Leaving safepoint region
[2019-12-09T07:17:23.928+0000][1][safepoint    ] Total time for which application threads were stopped: 0.0000822 seconds, Stopping threads took: 0.0000186 seconds
[2019-12-09T07:17:24.928+0000][1][safepoint    ] Application time: 1.0000793 seconds
[2019-12-09T07:17:24.928+0000][1][safepoint    ] Entering safepoint region: Cleanup
[2019-12-09T07:17:24.928+0000][1][safepoint    ] Leaving safepoint region
[2019-12-09T07:17:24.928+0000][1][safepoint    ] Total time for which application threads were stopped: 0.0000967 seconds, Stopping threads took: 0.0000324 seconds
[2019-12-09T07:17:25.928+0000][1][safepoint    ] Application time: 1.0000766 seconds
[2019-12-09T07:17:25.928+0000][1][safepoint    ] Entering safepoint region: Cleanup
[2019-12-09T07:17:25.928+0000][1][safepoint    ] Leaving safepoint region
[2019-12-09T07:17:25.928+0000][1][safepoint    ] Total time for which application threads were stopped: 0.0000914 seconds, Stopping threads took: 0.0000274 seconds
[2019-12-09T07:17:26.928+0000][1][safepoint    ] Application time: 1.0000773 seconds
[2019-12-09T07:17:26.928+0000][1][safepoint    ] Entering safepoint region: Cleanup
[2019-12-09T07:17:26.928+0000][1][safepoint    ] Leaving safepoint region
[2019-12-09T07:17:26.928+0000][1][safepoint    ] Total time for which application threads were stopped: 0.0000854 seconds, Stopping threads took: 0.0000195 seconds
[2019-12-09T07:17:27.928+0000][1][safepoint    ] Application time: 1.0000752 seconds
[2019-12-09T07:17:27.928+0000][1][safepoint    ] Entering safepoint region: Cleanup
[2019-12-09T07:17:27.928+0000][1][safepoint    ] Leaving safepoint region
[2019-12-09T07:17:27.928+0000][1][safepoint    ] Total time for which application threads were stopped: 0.0000830 seconds, Stopping threads took: 0.0000194 seconds
[2019-12-09T07:17:28.928+0000][1][safepoint    ] Application time: 1.0000794 seconds
[2019-12-09T07:17:28.929+0000][1][safepoint    ] Entering safepoint region: Cleanup
[2019-12-09T07:17:28.929+0000][1][safepoint    ] Leaving safepoint region
[2019-12-09T07:17:28.929+0000][1][safepoint    ] Total time for which application threads were stopped: 0.0000845 seconds, Stopping threads took: 0.0000205 seconds
[2019-12-09T07:17:29.929+0000][1][safepoint    ] Application time: 1.0000883 seconds
[2019-12-09T07:17:29.929+0000][1][safepoint    ] Entering safepoint region: Cleanup
[2019-12-09T07:17:29.929+0000][1][safepoint    ] Leaving safepoint region
[2019-12-09T07:17:29.929+0000][1][safepoint    ] Total time for which application threads were stopped: 0.0000859 seconds, Stopping threads took: 0.0000199 seconds
[2019-12-09T07:17:30.929+0000][1][safepoint    ] Application time: 1.0000741 seconds
[2019-12-09T07:17:30.929+0000][1][safepoint    ] Entering safepoint region: Cleanup
[2019-12-09T07:17:30.929+0000][1][safepoint    ] Leaving safepoint region
[2019-12-09T07:17:30.929+0000][1][safepoint    ] Total time for which application threads were stopped: 0.0000824 seconds, Stopping threads took: 0.0000203 seconds
[2019-12-09T07:17:31.194+0000][1][safepoint    ] Application time: 0.2647601 seconds
[2019-12-09T07:17:31.194+0000][1][safepoint    ] Entering safepoint region: GenCollectForAllocation
[2019-12-09T07:17:31.194+0000][1][gc,start     ] GC(47) Pause Young (Allocation Failure)
[2019-12-09T07:17:31.194+0000][1][gc,task      ] GC(47) Using 2 workers of 2 for evacuation
[2019-12-09T07:17:31.196+0000][1][gc,age       ] GC(47) Desired survivor size 4456448 bytes, new threshold 6 (max threshold 6)
[2019-12-09T07:17:31.196+0000][1][gc,age       ] GC(47) Age table with threshold 6 (max threshold 6)
[2019-12-09T07:17:31.196+0000][1][gc,age       ] GC(47) - age   1:     821600 bytes,     821600 total
[2019-12-09T07:17:31.196+0000][1][gc,age       ] GC(47) - age   2:       1856 bytes,     823456 total
[2019-12-09T07:17:31.196+0000][1][gc,age       ] GC(47) - age   3:        744 bytes,     824200 total
[2019-12-09T07:17:31.196+0000][1][gc,age       ] GC(47) - age   4:       2568 bytes,     826768 total
[2019-12-09T07:17:31.196+0000][1][gc,age       ] GC(47) - age   5:        480 bytes,     827248 total
[2019-12-09T07:17:31.196+0000][1][gc,age       ] GC(47) - age   6:       1560 bytes,     828808 total
[2019-12-09T07:17:31.196+0000][1][gc,heap      ] GC(47) ParNew: 70720K->834K(78656K)
[2019-12-09T07:17:31.196+0000][1][gc,heap      ] GC(47) CMS: 70920K->70921K(174784K)
[2019-12-09T07:17:31.196+0000][1][gc,metaspace ] GC(47) Metaspace: 75938K->75938K(1118208K)
[2019-12-09T07:17:31.196+0000][1][gc           ] GC(47) Pause Young (Allocation Failure) 138M->70M(247M) 2.158ms
[2019-12-09T07:17:31.196+0000][1][gc,cpu       ] GC(47) User=0.01s Sys=0.00s Real=0.01s
[2019-12-09T07:17:31.196+0000][1][safepoint    ] Leaving safepoint region
[2019-12-09T07:17:31.196+0000][1][safepoint    ] Total time for which application threads were stopped: 0.0023121 seconds, Stopping threads took: 0.0000178 seconds
[2019-12-09T07:17:32.196+0000][1][safepoint    ] Application time: 1.0000862 seconds
[2019-12-09T07:17:32.196+0000][1][safepoint    ] Entering safepoint region: Cleanup
[2019-12-09T07:17:32.196+0000][1][safepoint    ] Leaving safepoint region
[2019-12-09T07:17:32.196+0000][1][safepoint    ] Total time for which application threads were stopped: 0.0000829 seconds, Stopping threads took: 0.0000191 seconds
[2019-12-09T07:17:33.196+0000][1][safepoint    ] Application time: 1.0000730 seconds
[2019-12-09T07:17:33.196+0000][1][safepoint    ] Entering safepoint region: Cleanup
[2019-12-09T07:17:33.197+0000][1][safepoint    ] Leaving safepoint region
[2019-12-09T07:17:33.197+0000][1][safepoint    ] Total time for which application threads were stopped: 0.0000862 seconds, Stopping threads took: 0.0000209 seconds
[2019-12-09T07:17:34.197+0000][1][safepoint    ] Application time: 1.0000765 seconds
[2019-12-09T07:17:34.197+0000][1][safepoint    ] Entering safepoint region: Cleanup
[2019-12-09T07:17:34.197+0000][1][safepoint    ] Leaving safepoint region
[2019-12-09T07:17:34.197+0000][1][safepoint    ] Total time for which application threads were stopped: 0.0000897 seconds, Stopping threads took: 0.0000239 seconds
[2019-12-09T07:17:35.197+0000][1][safepoint    ] Application time: 1.0000763 seconds
[2019-12-09T07:17:35.197+0000][1][safepoint    ] Entering safepoint region: Cleanup
[2019-12-09T07:17:35.197+0000][1][safepoint    ] Leaving safepoint region
[2019-12-09T07:17:35.197+0000][1][safepoint    ] Total time for which application threads were stopped: 0.0000849 seconds, Stopping threads took: 0.0000218 seconds
[2019-12-09T07:17:36.197+0000][1][safepoint    ] Application time: 1.0000860 seconds
[2019-12-09T07:17:36.197+0000][1][safepoint    ] Entering safepoint region: Cleanup
[2019-12-09T07:17:36.197+0000][1][safepoint    ] Leaving safepoint region
[2019-12-09T07:17:36.197+0000][1][safepoint    ] Total time for which application threads were stopped: 0.0001439 seconds, Stopping threads took: 0.0000665 seconds
[2019-12-09T07:17:37.197+0000][1][safepoint    ] Application time: 1.0000834 seconds
[2019-12-09T07:17:37.197+0000][1][safepoint    ] Entering safepoint region: Cleanup
[2019-12-09T07:17:37.197+0000][1][safepoint    ] Leaving safepoint region
[2019-12-09T07:17:37.197+0000][1][safepoint    ] Total time for which application threads were stopped: 0.0000843 seconds, Stopping threads took: 0.0000205 seconds
[2019-12-09T07:17:38.198+0000][1][safepoint    ] Application time: 1.0000757 seconds
[2019-12-09T07:17:38.198+0000][1][safepoint    ] Entering safepoint region: Cleanup
[2019-12-09T07:17:38.198+0000][1][safepoint    ] Leaving safepoint region
[2019-12-09T07:17:38.198+0000][1][safepoint    ] Total time for which application threads were stopped: 0.0000839 seconds, Stopping threads took: 0.0000206 seconds
[2019-12-09T07:17:39.198+0000][1][safepoint    ] Application time: 1.0000866 seconds
[2019-12-09T07:17:39.198+0000][1][safepoint    ] Entering safepoint region: Cleanup
[2019-12-09T07:17:39.198+0000][1][safepoint    ] Leaving safepoint region
[2019-12-09T07:17:39.198+0000][1][safepoint    ] Total time for which application threads were stopped: 0.0000862 seconds, Stopping threads took: 0.0000209 seconds
[2019-12-09T07:17:40.198+0000][1][safepoint    ] Application time: 1.0000749 seconds
[2019-12-09T07:17:40.198+0000][1][safepoint    ] Entering safepoint region: Cleanup
[2019-12-09T07:17:40.198+0000][1][safepoint    ] Leaving safepoint region
[2019-12-09T07:17:40.198+0000][1][safepoint    ] Total time for which application threads were stopped: 0.0000753 seconds, Stopping threads took: 0.0000164 seconds
[2019-12-09T07:17:41.198+0000][1][safepoint    ] Application time: 1.0000748 seconds
[2019-12-09T07:17:41.198+0000][1][safepoint    ] Entering safepoint region: Cleanup
[2019-12-09T07:17:41.198+0000][1][safepoint    ] Leaving safepoint region
[2019-12-09T07:17:41.198+0000][1][safepoint    ] Total time for which application threads were stopped: 0.0000883 seconds, Stopping threads took: 0.0000217 seconds
[2019-12-09T07:17:42.198+0000][1][safepoint    ] Application time: 1.0000760 seconds
[2019-12-09T07:17:42.198+0000][1][safepoint    ] Entering safepoint region: Cleanup
[2019-12-09T07:17:42.198+0000][1][safepoint    ] Leaving safepoint region
[2019-12-09T07:17:42.198+0000][1][safepoint    ] Total time for which application threads were stopped: 0.0000834 seconds, Stopping threads took: 0.0000192 seconds
[2019-12-09T07:17:43.199+0000][1][safepoint    ] Application time: 1.0000756 seconds
[2019-12-09T07:17:43.199+0000][1][safepoint    ] Entering safepoint region: Cleanup
[2019-12-09T07:17:43.199+0000][1][safepoint    ] Leaving safepoint region
[2019-12-09T07:17:43.199+0000][1][safepoint    ] Total time for which application threads were stopped: 0.0000976 seconds, Stopping threads took: 0.0000196 seconds
[2019-12-09T07:17:44.199+0000][1][safepoint    ] Application time: 1.0000761 seconds
[2019-12-09T07:17:44.199+0000][1][safepoint    ] Entering safepoint region: Cleanup
[2019-12-09T07:17:44.199+0000][1][safepoint    ] Leaving safepoint region
[2019-12-09T07:17:44.199+0000][1][safepoint    ] Total time for which application threads were stopped: 0.0000864 seconds, Stopping threads took: 0.0000198 seconds
[2019-12-09T07:17:45.199+0000][1][safepoint    ] Application time: 1.0000744 seconds
[2019-12-09T07:17:45.199+0000][1][safepoint    ] Entering safepoint region: Cleanup
[2019-12-09T07:17:45.199+0000][1][safepoint    ] Leaving safepoint region
[2019-12-09T07:17:45.199+0000][1][safepoint    ] Total time for which application threads were stopped: 0.0000821 seconds, Stopping threads took: 0.0000195 seconds
[2019-12-09T07:17:46.199+0000][1][safepoint    ] Application time: 1.0000756 seconds
[2019-12-09T07:17:46.199+0000][1][safepoint    ] Entering safepoint region: Cleanup
[2019-12-09T07:17:46.199+0000][1][safepoint    ] Leaving safepoint region
[2019-12-09T07:17:46.199+0000][1][safepoint    ] Total time for which application threads were stopped: 0.0000835 seconds, Stopping threads took: 0.0000193 seconds
[2019-12-09T07:17:47.199+0000][1][safepoint    ] Application time: 1.0000763 seconds
[2019-12-09T07:17:47.199+0000][1][safepoint    ] Entering safepoint region: Cleanup
[2019-12-09T07:17:47.200+0000][1][safepoint    ] Leaving safepoint region
[2019-12-09T07:17:47.200+0000][1][safepoint    ] Total time for which application threads were stopped: 0.0000865 seconds, Stopping threads took: 0.0000207 seconds
[2019-12-09T07:17:48.200+0000][1][safepoint    ] Application time: 1.0000777 seconds
[2019-12-09T07:17:48.200+0000][1][safepoint    ] Entering safepoint region: Cleanup
[2019-12-09T07:17:48.200+0000][1][safepoint    ] Leaving safepoint region
[2019-12-09T07:17:48.200+0000][1][safepoint    ] Total time for which application threads were stopped: 0.0000977 seconds, Stopping threads took: 0.0000191 seconds
[2019-12-09T07:17:49.200+0000][1][safepoint    ] Application time: 1.0000763 seconds
[2019-12-09T07:17:49.200+0000][1][safepoint    ] Entering safepoint region: Cleanup
[2019-12-09T07:17:49.200+0000][1][safepoint    ] Leaving safepoint region
[2019-12-09T07:17:49.200+0000][1][safepoint    ] Total time for which application threads were stopped: 0.0000967 seconds, Stopping threads took: 0.0000285 seconds
[2019-12-09T07:17:50.200+0000][1][safepoint    ] Application time: 1.0000752 seconds
[2019-12-09T07:17:50.200+0000][1][safepoint    ] Entering safepoint region: Cleanup
[2019-12-09T07:17:50.200+0000][1][safepoint    ] Leaving safepoint region
[2019-12-09T07:17:50.200+0000][1][safepoint    ] Total time for which application threads were stopped: 0.0000813 seconds, Stopping threads took: 0.0000192 seconds
[2019-12-09T07:17:51.200+0000][1][safepoint    ] Application time: 1.0000762 seconds
[2019-12-09T07:17:51.200+0000][1][safepoint    ] Entering safepoint region: Cleanup
[2019-12-09T07:17:51.200+0000][1][safepoint    ] Leaving safepoint region
[2019-12-09T07:17:51.200+0000][1][safepoint    ] Total time for which application threads were stopped: 0.0000848 seconds, Stopping threads took: 0.0000196 seconds
[2019-12-09T07:17:52.200+0000][1][safepoint    ] Application time: 1.0000780 seconds
[2019-12-09T07:17:52.200+0000][1][safepoint    ] Entering safepoint region: Cleanup
[2019-12-09T07:17:52.201+0000][1][safepoint    ] Leaving safepoint region
[2019-12-09T07:17:52.201+0000][1][safepoint    ] Total time for which application threads were stopped: 0.0000835 seconds, Stopping threads took: 0.0000190 seconds
[2019-12-09T07:17:53.201+0000][1][safepoint    ] Application time: 1.0000768 seconds
[2019-12-09T07:17:53.201+0000][1][safepoint    ] Entering safepoint region: Cleanup
[2019-12-09T07:17:53.201+0000][1][safepoint    ] Leaving safepoint region
[2019-12-09T07:17:53.201+0000][1][safepoint    ] Total time for which application threads were stopped: 0.0000851 seconds, Stopping threads took: 0.0000199 seconds
[2019-12-09T07:17:54.201+0000][1][safepoint    ] Application time: 1.0000748 seconds
[2019-12-09T07:17:54.201+0000][1][safepoint    ] Entering safepoint region: Cleanup
[2019-12-09T07:17:54.201+0000][1][safepoint    ] Leaving safepoint region
[2019-12-09T07:17:54.201+0000][1][safepoint    ] Total time for which application threads were stopped: 0.0000818 seconds, Stopping threads took: 0.0000183 seconds
[2019-12-09T07:17:55.201+0000][1][safepoint    ] Application time: 1.0000760 seconds
[2019-12-09T07:17:55.201+0000][1][safepoint    ] Entering safepoint region: Cleanup
[2019-12-09T07:17:55.201+0000][1][safepoint    ] Leaving safepoint region
[2019-12-09T07:17:55.201+0000][1][safepoint    ] Total time for which application threads were stopped: 0.0000785 seconds, Stopping threads took: 0.0000177 seconds
[2019-12-09T07:17:56.201+0000][1][safepoint    ] Application time: 1.0000765 seconds
[2019-12-09T07:17:56.201+0000][1][safepoint    ] Entering safepoint region: Cleanup
[2019-12-09T07:17:56.201+0000][1][safepoint    ] Leaving safepoint region
[2019-12-09T07:17:56.201+0000][1][safepoint    ] Total time for which application threads were stopped: 0.0000975 seconds, Stopping threads took: 0.0000271 seconds
[2019-12-09T07:17:57.201+0000][1][safepoint    ] Application time: 1.0000781 seconds
[2019-12-09T07:17:57.202+0000][1][safepoint    ] Entering safepoint region: Cleanup
[2019-12-09T07:17:57.202+0000][1][safepoint    ] Leaving safepoint region
[2019-12-09T07:17:57.202+0000][1][safepoint    ] Total time for which application threads were stopped: 0.0000827 seconds, Stopping threads took: 0.0000179 seconds
[2019-12-09T07:17:58.202+0000][1][safepoint    ] Application time: 1.0000848 seconds
[2019-12-09T07:17:58.202+0000][1][safepoint    ] Entering safepoint region: Cleanup
[2019-12-09T07:17:58.202+0000][1][safepoint    ] Leaving safepoint region
[2019-12-09T07:17:58.202+0000][1][safepoint    ] Total time for which application threads were stopped: 0.0000883 seconds, Stopping threads took: 0.0000221 seconds
[2019-12-09T07:17:59.202+0000][1][safepoint    ] Application time: 1.0000753 seconds
[2019-12-09T07:17:59.202+0000][1][safepoint    ] Entering safepoint region: Cleanup
[2019-12-09T07:17:59.202+0000][1][safepoint    ] Leaving safepoint region
[2019-12-09T07:17:59.202+0000][1][safepoint    ] Total time for which application threads were stopped: 0.0000930 seconds, Stopping threads took: 0.0000290 seconds
[2019-12-09T07:18:00.202+0000][1][safepoint    ] Application time: 1.0000771 seconds
[2019-12-09T07:18:00.202+0000][1][safepoint    ] Entering safepoint region: Cleanup
[2019-12-09T07:18:00.202+0000][1][safepoint    ] Leaving safepoint region
[2019-12-09T07:18:00.202+0000][1][safepoint    ] Total time for which application threads were stopped: 0.0000810 seconds, Stopping threads took: 0.0000187 seconds
[2019-12-09T07:18:01.202+0000][1][safepoint    ] Application time: 1.0000763 seconds
[2019-12-09T07:18:01.202+0000][1][safepoint    ] Entering safepoint region: Cleanup
[2019-12-09T07:18:01.202+0000][1][safepoint    ] Leaving safepoint region
[2019-12-09T07:18:01.202+0000][1][safepoint    ] Total time for which application threads were stopped: 0.0000844 seconds, Stopping threads took: 0.0000200 seconds
[2019-12-09T07:18:02.203+0000][1][safepoint    ] Application time: 1.0000774 seconds
[2019-12-09T07:18:02.203+0000][1][safepoint    ] Entering safepoint region: Cleanup
[2019-12-09T07:18:02.203+0000][1][safepoint    ] Leaving safepoint region
[2019-12-09T07:18:02.203+0000][1][safepoint    ] Total time for which application threads were stopped: 0.0000935 seconds, Stopping threads took: 0.0000289 seconds
[2019-12-09T07:18:03.203+0000][1][safepoint    ] Application time: 1.0000822 seconds
[2019-12-09T07:18:03.203+0000][1][safepoint    ] Entering safepoint region: Cleanup
[2019-12-09T07:18:03.203+0000][1][safepoint    ] Leaving safepoint region
[2019-12-09T07:18:03.203+0000][1][safepoint    ] Total time for which application threads were stopped: 0.0001158 seconds, Stopping threads took: 0.0000273 seconds
[2019-12-09T07:18:04.203+0000][1][safepoint    ] Application time: 1.0000753 seconds
[2019-12-09T07:18:04.203+0000][1][safepoint    ] Entering safepoint region: Cleanup
[2019-12-09T07:18:04.203+0000][1][safepoint    ] Leaving safepoint region
[2019-12-09T07:18:04.203+0000][1][safepoint    ] Total time for which application threads were stopped: 0.0000828 seconds, Stopping threads took: 0.0000205 seconds
[2019-12-09T07:18:05.203+0000][1][safepoint    ] Application time: 1.0000843 seconds
[2019-12-09T07:18:05.203+0000][1][safepoint    ] Entering safepoint region: Cleanup
[2019-12-09T07:18:05.203+0000][1][safepoint    ] Leaving safepoint region
[2019-12-09T07:18:05.203+0000][1][safepoint    ] Total time for which application threads were stopped: 0.0000875 seconds, Stopping threads took: 0.0000220 seconds
[2019-12-09T07:18:06.203+0000][1][safepoint    ] Application time: 1.0000770 seconds
[2019-12-09T07:18:06.203+0000][1][safepoint    ] Entering safepoint region: Cleanup
[2019-12-09T07:18:06.204+0000][1][safepoint    ] Leaving safepoint region
[2019-12-09T07:18:06.204+0000][1][safepoint    ] Total time for which application threads were stopped: 0.0000815 seconds, Stopping threads took: 0.0000193 seconds
[2019-12-09T07:18:07.204+0000][1][safepoint    ] Application time: 1.0000763 seconds
[2019-12-09T07:18:07.204+0000][1][safepoint    ] Entering safepoint region: Cleanup
[2019-12-09T07:18:07.204+0000][1][safepoint    ] Leaving safepoint region
[2019-12-09T07:18:07.204+0000][1][safepoint    ] Total time for which application threads were stopped: 0.0001031 seconds, Stopping threads took: 0.0000225 seconds
[2019-12-09T07:18:08.204+0000][1][safepoint    ] Application time: 1.0000767 seconds
[2019-12-09T07:18:08.204+0000][1][safepoint    ] Entering safepoint region: Cleanup
[2019-12-09T07:18:08.204+0000][1][safepoint    ] Leaving safepoint region
[2019-12-09T07:18:08.204+0000][1][safepoint    ] Total time for which application threads were stopped: 0.0000816 seconds, Stopping threads took: 0.0000194 seconds
[2019-12-09T07:18:09.204+0000][1][safepoint    ] Application time: 1.0000758 seconds
[2019-12-09T07:18:09.204+0000][1][safepoint    ] Entering safepoint region: Cleanup
[2019-12-09T07:18:09.204+0000][1][safepoint    ] Leaving safepoint region
[2019-12-09T07:18:09.204+0000][1][safepoint    ] Total time for which application threads were stopped: 0.0000932 seconds, Stopping threads took: 0.0000287 seconds
[2019-12-09T07:18:10.204+0000][1][safepoint    ] Application time: 1.0000772 seconds
[2019-12-09T07:18:10.204+0000][1][safepoint    ] Entering safepoint region: Cleanup
[2019-12-09T07:18:10.204+0000][1][safepoint    ] Leaving safepoint region
[2019-12-09T07:18:10.204+0000][1][safepoint    ] Total time for which application threads were stopped: 0.0000914 seconds, Stopping threads took: 0.0000197 seconds
[2019-12-09T07:18:11.204+0000][1][safepoint    ] Application time: 1.0000756 seconds
[2019-12-09T07:18:11.205+0000][1][safepoint    ] Entering safepoint region: Cleanup
[2019-12-09T07:18:11.205+0000][1][safepoint    ] Leaving safepoint region
[2019-12-09T07:18:11.205+0000][1][safepoint    ] Total time for which application threads were stopped: 0.0000907 seconds, Stopping threads took: 0.0000258 seconds
[2019-12-09T07:18:12.205+0000][1][safepoint    ] Application time: 1.0000924 seconds
[2019-12-09T07:18:12.205+0000][1][safepoint    ] Entering safepoint region: Cleanup
[2019-12-09T07:18:12.205+0000][1][safepoint    ] Leaving safepoint region
[2019-12-09T07:18:12.205+0000][1][safepoint    ] Total time for which application threads were stopped: 0.0000853 seconds, Stopping threads took: 0.0000207 seconds
[2019-12-09T07:18:13.205+0000][1][safepoint    ] Application time: 1.0000774 seconds
[2019-12-09T07:18:13.205+0000][1][safepoint    ] Entering safepoint region: Cleanup
[2019-12-09T07:18:13.205+0000][1][safepoint    ] Leaving safepoint region
[2019-12-09T07:18:13.205+0000][1][safepoint    ] Total time for which application threads were stopped: 0.0000872 seconds, Stopping threads took: 0.0000201 seconds
[2019-12-09T07:18:14.205+0000][1][safepoint    ] Application time: 1.0000767 seconds
[2019-12-09T07:18:14.205+0000][1][safepoint    ] Entering safepoint region: Cleanup
[2019-12-09T07:18:14.205+0000][1][safepoint    ] Leaving safepoint region
[2019-12-09T07:18:14.205+0000][1][safepoint    ] Total time for which application threads were stopped: 0.0000818 seconds, Stopping threads took: 0.0000176 seconds
[2019-12-09T07:18:15.205+0000][1][safepoint    ] Application time: 1.0000803 seconds
[2019-12-09T07:18:15.205+0000][1][safepoint    ] Entering safepoint region: Cleanup
[2019-12-09T07:18:15.205+0000][1][safepoint    ] Leaving safepoint region
[2019-12-09T07:18:15.205+0000][1][safepoint    ] Total time for which application threads were stopped: 0.0000881 seconds, Stopping threads took: 0.0000206 seconds
[2019-12-09T07:18:15.233+0000][1][safepoint    ] Application time: 0.0278560 seconds
[2019-12-09T07:18:15.233+0000][1][safepoint    ] Entering safepoint region: GenCollectForAllocation
[2019-12-09T07:18:15.233+0000][1][gc,start     ] GC(48) Pause Young (Allocation Failure)
[2019-12-09T07:18:15.233+0000][1][gc,task      ] GC(48) Using 2 workers of 2 for evacuation
[2019-12-09T07:18:15.235+0000][1][gc,age       ] GC(48) Desired survivor size 4456448 bytes, new threshold 6 (max threshold 6)
[2019-12-09T07:18:15.235+0000][1][gc,age       ] GC(48) Age table with threshold 6 (max threshold 6)
[2019-12-09T07:18:15.235+0000][1][gc,age       ] GC(48) - age   1:     771400 bytes,     771400 total
[2019-12-09T07:18:15.235+0000][1][gc,age       ] GC(48) - age   2:        248 bytes,     771648 total
[2019-12-09T07:18:15.235+0000][1][gc,age       ] GC(48) - age   3:       1568 bytes,     773216 total
[2019-12-09T07:18:15.235+0000][1][gc,age       ] GC(48) - age   4:        744 bytes,     773960 total
[2019-12-09T07:18:15.235+0000][1][gc,age       ] GC(48) - age   5:       2568 bytes,     776528 total
[2019-12-09T07:18:15.235+0000][1][gc,age       ] GC(48) - age   6:        480 bytes,     777008 total
[2019-12-09T07:18:15.235+0000][1][gc,heap      ] GC(48) ParNew: 70786K->774K(78656K)
[2019-12-09T07:18:15.235+0000][1][gc,heap      ] GC(48) CMS: 70921K->70923K(174784K)
[2019-12-09T07:18:15.235+0000][1][gc,metaspace ] GC(48) Metaspace: 75943K->75943K(1118208K)
[2019-12-09T07:18:15.235+0000][1][gc           ] GC(48) Pause Young (Allocation Failure) 138M->70M(247M) 2.018ms
[2019-12-09T07:18:15.235+0000][1][gc,cpu       ] GC(48) User=0.01s Sys=0.00s Real=0.01s
[2019-12-09T07:18:15.235+0000][1][safepoint    ] Leaving safepoint region
[2019-12-09T07:18:15.235+0000][1][safepoint    ] Total time for which application threads were stopped: 0.0021497 seconds, Stopping threads took: 0.0000141 seconds
[2019-12-09T07:18:16.236+0000][1][safepoint    ] Application time: 1.0000901 seconds
[2019-12-09T07:18:16.236+0000][1][safepoint    ] Entering safepoint region: Cleanup
[2019-12-09T07:18:16.236+0000][1][safepoint    ] Leaving safepoint region
[2019-12-09T07:18:16.236+0000][1][safepoint    ] Total time for which application threads were stopped: 0.0000966 seconds, Stopping threads took: 0.0000175 seconds
[2019-12-09T07:18:17.236+0000][1][safepoint    ] Application time: 1.0000760 seconds
[2019-12-09T07:18:17.236+0000][1][safepoint    ] Entering safepoint region: Cleanup
[2019-12-09T07:18:17.236+0000][1][safepoint    ] Leaving safepoint region
[2019-12-09T07:18:17.236+0000][1][safepoint    ] Total time for which application threads were stopped: 0.0000920 seconds, Stopping threads took: 0.0000183 seconds
[2019-12-09T07:18:18.236+0000][1][safepoint    ] Application time: 1.0000756 seconds
[2019-12-09T07:18:18.236+0000][1][safepoint    ] Entering safepoint region: Cleanup
[2019-12-09T07:18:18.236+0000][1][safepoint    ] Leaving safepoint region
[2019-12-09T07:18:18.236+0000][1][safepoint    ] Total time for which application threads were stopped: 0.0000933 seconds, Stopping threads took: 0.0000198 seconds
[2019-12-09T07:18:19.236+0000][1][safepoint    ] Application time: 1.0000777 seconds
[2019-12-09T07:18:19.236+0000][1][safepoint    ] Entering safepoint region: Cleanup
[2019-12-09T07:18:19.236+0000][1][safepoint    ] Leaving safepoint region
[2019-12-09T07:18:19.236+0000][1][safepoint    ] Total time for which application threads were stopped: 0.0000917 seconds, Stopping threads took: 0.0000198 seconds
[2019-12-09T07:18:20.236+0000][1][safepoint    ] Application time: 1.0000787 seconds
[2019-12-09T07:18:20.236+0000][1][safepoint    ] Entering safepoint region: Cleanup
[2019-12-09T07:18:20.237+0000][1][safepoint    ] Leaving safepoint region
[2019-12-09T07:18:20.237+0000][1][safepoint    ] Total time for which application threads were stopped: 0.0000876 seconds, Stopping threads took: 0.0000198 seconds
[2019-12-09T07:18:21.237+0000][1][safepoint    ] Application time: 1.0000757 seconds
[2019-12-09T07:18:21.237+0000][1][safepoint    ] Entering safepoint region: Cleanup
[2019-12-09T07:18:21.237+0000][1][safepoint    ] Leaving safepoint region
[2019-12-09T07:18:21.237+0000][1][safepoint    ] Total time for which application threads were stopped: 0.0001137 seconds, Stopping threads took: 0.0000370 seconds
[2019-12-09T07:18:22.237+0000][1][safepoint    ] Application time: 1.0000923 seconds
[2019-12-09T07:18:22.237+0000][1][safepoint    ] Entering safepoint region: Cleanup
[2019-12-09T07:18:22.237+0000][1][safepoint    ] Leaving safepoint region
[2019-12-09T07:18:22.237+0000][1][safepoint    ] Total time for which application threads were stopped: 0.0001331 seconds, Stopping threads took: 0.0000266 seconds
[2019-12-09T07:18:23.237+0000][1][safepoint    ] Application time: 1.0000768 seconds
[2019-12-09T07:18:23.237+0000][1][safepoint    ] Entering safepoint region: Cleanup
[2019-12-09T07:18:23.237+0000][1][safepoint    ] Leaving safepoint region
[2019-12-09T07:18:23.237+0000][1][safepoint    ] Total time for which application threads were stopped: 0.0000901 seconds, Stopping threads took: 0.0000192 seconds
[2019-12-09T07:18:24.237+0000][1][safepoint    ] Application time: 1.0000753 seconds
[2019-12-09T07:18:24.237+0000][1][safepoint    ] Entering safepoint region: Cleanup
[2019-12-09T07:18:24.237+0000][1][safepoint    ] Leaving safepoint region
[2019-12-09T07:18:24.237+0000][1][safepoint    ] Total time for which application threads were stopped: 0.0000850 seconds, Stopping threads took: 0.0000169 seconds
[2019-12-09T07:18:25.238+0000][1][safepoint    ] Application time: 1.0000775 seconds
[2019-12-09T07:18:25.238+0000][1][safepoint    ] Entering safepoint region: Cleanup
[2019-12-09T07:18:25.238+0000][1][safepoint    ] Leaving safepoint region
[2019-12-09T07:18:25.238+0000][1][safepoint    ] Total time for which application threads were stopped: 0.0001037 seconds, Stopping threads took: 0.0000187 seconds
[2019-12-09T07:18:26.238+0000][1][safepoint    ] Application time: 1.0000852 seconds
[2019-12-09T07:18:26.238+0000][1][safepoint    ] Entering safepoint region: Cleanup
[2019-12-09T07:18:26.238+0000][1][safepoint    ] Leaving safepoint region
[2019-12-09T07:18:26.238+0000][1][safepoint    ] Total time for which application threads were stopped: 0.0001297 seconds, Stopping threads took: 0.0000257 seconds
[2019-12-09T07:18:27.238+0000][1][safepoint    ] Application time: 1.0000766 seconds
[2019-12-09T07:18:27.238+0000][1][safepoint    ] Entering safepoint region: Cleanup
[2019-12-09T07:18:27.238+0000][1][safepoint    ] Leaving safepoint region
[2019-12-09T07:18:27.238+0000][1][safepoint    ] Total time for which application threads were stopped: 0.0000853 seconds, Stopping threads took: 0.0000169 seconds
[2019-12-09T07:18:28.238+0000][1][safepoint    ] Application time: 1.0000772 seconds
[2019-12-09T07:18:28.238+0000][1][safepoint    ] Entering safepoint region: Cleanup
[2019-12-09T07:18:28.238+0000][1][safepoint    ] Leaving safepoint region
[2019-12-09T07:18:28.238+0000][1][safepoint    ] Total time for which application threads were stopped: 0.0000939 seconds, Stopping threads took: 0.0000198 seconds
[2019-12-09T07:18:29.239+0000][1][safepoint    ] Application time: 1.0000888 seconds
[2019-12-09T07:18:29.239+0000][1][safepoint    ] Entering safepoint region: Cleanup
[2019-12-09T07:18:29.239+0000][1][safepoint    ] Leaving safepoint region
[2019-12-09T07:18:29.239+0000][1][safepoint    ] Total time for which application threads were stopped: 0.0001196 seconds, Stopping threads took: 0.0000258 seconds
[2019-12-09T07:18:30.239+0000][1][safepoint    ] Application time: 1.0000866 seconds
[2019-12-09T07:18:30.239+0000][1][safepoint    ] Entering safepoint region: Cleanup
[2019-12-09T07:18:30.239+0000][1][safepoint    ] Leaving safepoint region
[2019-12-09T07:18:30.239+0000][1][safepoint    ] Total time for which application threads were stopped: 0.0000921 seconds, Stopping threads took: 0.0000194 seconds
[2019-12-09T07:18:31.239+0000][1][safepoint    ] Application time: 1.0000775 seconds
[2019-12-09T07:18:31.239+0000][1][safepoint    ] Entering safepoint region: Cleanup
[2019-12-09T07:18:31.239+0000][1][safepoint    ] Leaving safepoint region
[2019-12-09T07:18:31.239+0000][1][safepoint    ] Total time for which application threads were stopped: 0.0000858 seconds, Stopping threads took: 0.0000176 seconds
[2019-12-09T07:18:32.239+0000][1][safepoint    ] Application time: 1.0000758 seconds
[2019-12-09T07:18:32.239+0000][1][safepoint    ] Entering safepoint region: Cleanup
[2019-12-09T07:18:32.239+0000][1][safepoint    ] Leaving safepoint region
[2019-12-09T07:18:32.239+0000][1][safepoint    ] Total time for which application threads were stopped: 0.0000919 seconds, Stopping threads took: 0.0000189 seconds
[2019-12-09T07:18:33.239+0000][1][safepoint    ] Application time: 1.0000750 seconds
[2019-12-09T07:18:33.239+0000][1][safepoint    ] Entering safepoint region: Cleanup
[2019-12-09T07:18:33.240+0000][1][safepoint    ] Leaving safepoint region
[2019-12-09T07:18:33.240+0000][1][safepoint    ] Total time for which application threads were stopped: 0.0000857 seconds, Stopping threads took: 0.0000188 seconds
[2019-12-09T07:18:34.240+0000][1][safepoint    ] Application time: 1.0000775 seconds
[2019-12-09T07:18:34.240+0000][1][safepoint    ] Entering safepoint region: Cleanup
[2019-12-09T07:18:34.240+0000][1][safepoint    ] Leaving safepoint region
[2019-12-09T07:18:34.240+0000][1][safepoint    ] Total time for which application threads were stopped: 0.0001040 seconds, Stopping threads took: 0.0000184 seconds
[2019-12-09T07:18:35.240+0000][1][safepoint    ] Application time: 1.0000772 seconds
[2019-12-09T07:18:35.240+0000][1][safepoint    ] Entering safepoint region: Cleanup
[2019-12-09T07:18:35.240+0000][1][safepoint    ] Leaving safepoint region
[2019-12-09T07:18:35.240+0000][1][safepoint    ] Total time for which application threads were stopped: 0.0000891 seconds, Stopping threads took: 0.0000191 seconds
[2019-12-09T07:18:36.240+0000][1][safepoint    ] Application time: 1.0000771 seconds
[2019-12-09T07:18:36.240+0000][1][safepoint    ] Entering safepoint region: Cleanup
[2019-12-09T07:18:36.240+0000][1][safepoint    ] Leaving safepoint region
[2019-12-09T07:18:36.240+0000][1][safepoint    ] Total time for which application threads were stopped: 0.0000866 seconds, Stopping threads took: 0.0000159 seconds
[2019-12-09T07:18:37.240+0000][1][safepoint    ] Application time: 1.0000747 seconds
[2019-12-09T07:18:37.240+0000][1][safepoint    ] Entering safepoint region: Cleanup
[2019-12-09T07:18:37.240+0000][1][safepoint    ] Leaving safepoint region
[2019-12-09T07:18:37.240+0000][1][safepoint    ] Total time for which application threads were stopped: 0.0000882 seconds, Stopping threads took: 0.0000184 seconds
[2019-12-09T07:18:38.240+0000][1][safepoint    ] Application time: 1.0000777 seconds
[2019-12-09T07:18:38.241+0000][1][safepoint    ] Entering safepoint region: Cleanup
[2019-12-09T07:18:38.241+0000][1][safepoint    ] Leaving safepoint region
[2019-12-09T07:18:38.241+0000][1][safepoint    ] Total time for which application threads were stopped: 0.0000878 seconds, Stopping threads took: 0.0000177 seconds
[2019-12-09T07:18:39.241+0000][1][safepoint    ] Application time: 1.0000764 seconds
[2019-12-09T07:18:39.241+0000][1][safepoint    ] Entering safepoint region: Cleanup
[2019-12-09T07:18:39.241+0000][1][safepoint    ] Leaving safepoint region
[2019-12-09T07:18:39.241+0000][1][safepoint    ] Total time for which application threads were stopped: 0.0000874 seconds, Stopping threads took: 0.0000173 seconds
[2019-12-09T07:18:40.241+0000][1][safepoint    ] Application time: 1.0000823 seconds
[2019-12-09T07:18:40.241+0000][1][safepoint    ] Entering safepoint region: Cleanup
[2019-12-09T07:18:40.241+0000][1][safepoint    ] Leaving safepoint region
[2019-12-09T07:18:40.241+0000][1][safepoint    ] Total time for which application threads were stopped: 0.0000905 seconds, Stopping threads took: 0.0000185 seconds
[2019-12-09T07:18:41.241+0000][1][safepoint    ] Application time: 1.0000756 seconds
[2019-12-09T07:18:41.241+0000][1][safepoint    ] Entering safepoint region: Cleanup
[2019-12-09T07:18:41.241+0000][1][safepoint    ] Leaving safepoint region
[2019-12-09T07:18:41.241+0000][1][safepoint    ] Total time for which application threads were stopped: 0.0001197 seconds, Stopping threads took: 0.0000240 seconds
[2019-12-09T07:18:42.241+0000][1][safepoint    ] Application time: 1.0000756 seconds
[2019-12-09T07:18:42.241+0000][1][safepoint    ] Entering safepoint region: Cleanup
[2019-12-09T07:18:42.241+0000][1][safepoint    ] Leaving safepoint region
[2019-12-09T07:18:42.241+0000][1][safepoint    ] Total time for which application threads were stopped: 0.0000900 seconds, Stopping threads took: 0.0000182 seconds
[2019-12-09T07:18:43.242+0000][1][safepoint    ] Application time: 1.0000750 seconds
[2019-12-09T07:18:43.242+0000][1][safepoint    ] Entering safepoint region: Cleanup
[2019-12-09T07:18:43.242+0000][1][safepoint    ] Leaving safepoint region
[2019-12-09T07:18:43.242+0000][1][safepoint    ] Total time for which application threads were stopped: 0.0001007 seconds, Stopping threads took: 0.0000167 seconds
[2019-12-09T07:18:44.242+0000][1][safepoint    ] Application time: 1.0000749 seconds
[2019-12-09T07:18:44.242+0000][1][safepoint    ] Entering safepoint region: Cleanup
[2019-12-09T07:18:44.242+0000][1][safepoint    ] Leaving safepoint region
[2019-12-09T07:18:44.242+0000][1][safepoint    ] Total time for which application threads were stopped: 0.0000850 seconds, Stopping threads took: 0.0000162 seconds
[2019-12-09T07:18:45.242+0000][1][safepoint    ] Application time: 1.0000747 seconds
[2019-12-09T07:18:45.242+0000][1][safepoint    ] Entering safepoint region: Cleanup
[2019-12-09T07:18:45.242+0000][1][safepoint    ] Leaving safepoint region
[2019-12-09T07:18:45.242+0000][1][safepoint    ] Total time for which application threads were stopped: 0.0000934 seconds, Stopping threads took: 0.0000216 seconds
[2019-12-09T07:18:46.242+0000][1][safepoint    ] Application time: 1.0000751 seconds
[2019-12-09T07:18:46.242+0000][1][safepoint    ] Entering safepoint region: Cleanup
[2019-12-09T07:18:46.242+0000][1][safepoint    ] Leaving safepoint region
[2019-12-09T07:18:46.242+0000][1][safepoint    ] Total time for which application threads were stopped: 0.0000915 seconds, Stopping threads took: 0.0000194 seconds
[2019-12-09T07:18:47.242+0000][1][safepoint    ] Application time: 1.0000749 seconds
[2019-12-09T07:18:47.242+0000][1][safepoint    ] Entering safepoint region: Cleanup
[2019-12-09T07:18:47.243+0000][1][safepoint    ] Leaving safepoint region
[2019-12-09T07:18:47.243+0000][1][safepoint    ] Total time for which application threads were stopped: 0.0000873 seconds, Stopping threads took: 0.0000177 seconds
[2019-12-09T07:18:48.243+0000][1][safepoint    ] Application time: 1.0000755 seconds
[2019-12-09T07:18:48.243+0000][1][safepoint    ] Entering safepoint region: Cleanup
[2019-12-09T07:18:48.243+0000][1][safepoint    ] Leaving safepoint region
[2019-12-09T07:18:48.243+0000][1][safepoint    ] Total time for which application threads were stopped: 0.0001060 seconds, Stopping threads took: 0.0000288 seconds
[2019-12-09T07:18:49.243+0000][1][safepoint    ] Application time: 1.0000760 seconds
[2019-12-09T07:18:49.243+0000][1][safepoint    ] Entering safepoint region: Cleanup
[2019-12-09T07:18:49.243+0000][1][safepoint    ] Leaving safepoint region
[2019-12-09T07:18:49.243+0000][1][safepoint    ] Total time for which application threads were stopped: 0.0000946 seconds, Stopping threads took: 0.0000186 seconds
[2019-12-09T07:18:50.243+0000][1][safepoint    ] Application time: 1.0000772 seconds
[2019-12-09T07:18:50.243+0000][1][safepoint    ] Entering safepoint region: Cleanup
[2019-12-09T07:18:50.243+0000][1][safepoint    ] Leaving safepoint region
[2019-12-09T07:18:50.243+0000][1][safepoint    ] Total time for which application threads were stopped: 0.0000890 seconds, Stopping threads took: 0.0000171 seconds
[2019-12-09T07:18:51.243+0000][1][safepoint    ] Application time: 1.0000751 seconds
[2019-12-09T07:18:51.243+0000][1][safepoint    ] Entering safepoint region: Cleanup
[2019-12-09T07:18:51.243+0000][1][safepoint    ] Leaving safepoint region
[2019-12-09T07:18:51.243+0000][1][safepoint    ] Total time for which application threads were stopped: 0.0000905 seconds, Stopping threads took: 0.0000230 seconds
[2019-12-09T07:18:52.243+0000][1][safepoint    ] Application time: 1.0000773 seconds
[2019-12-09T07:18:52.244+0000][1][safepoint    ] Entering safepoint region: Cleanup
[2019-12-09T07:18:52.244+0000][1][safepoint    ] Leaving safepoint region
[2019-12-09T07:18:52.244+0000][1][safepoint    ] Total time for which application threads were stopped: 0.0000943 seconds, Stopping threads took: 0.0000194 seconds
[2019-12-09T07:18:53.244+0000][1][safepoint    ] Application time: 1.0000766 seconds
[2019-12-09T07:18:53.244+0000][1][safepoint    ] Entering safepoint region: Cleanup
[2019-12-09T07:18:53.244+0000][1][safepoint    ] Leaving safepoint region
[2019-12-09T07:18:53.244+0000][1][safepoint    ] Total time for which application threads were stopped: 0.0000853 seconds, Stopping threads took: 0.0000164 seconds
[2019-12-09T07:18:54.244+0000][1][safepoint    ] Application time: 1.0000762 seconds
[2019-12-09T07:18:54.244+0000][1][safepoint    ] Entering safepoint region: Cleanup
[2019-12-09T07:18:54.244+0000][1][safepoint    ] Leaving safepoint region
[2019-12-09T07:18:54.244+0000][1][safepoint    ] Total time for which application threads were stopped: 0.0000888 seconds, Stopping threads took: 0.0000191 seconds
[2019-12-09T07:18:55.244+0000][1][safepoint    ] Application time: 1.0000773 seconds
[2019-12-09T07:18:55.244+0000][1][safepoint    ] Entering safepoint region: Cleanup
[2019-12-09T07:18:55.244+0000][1][safepoint    ] Leaving safepoint region
[2019-12-09T07:18:55.244+0000][1][safepoint    ] Total time for which application threads were stopped: 0.0000913 seconds, Stopping threads took: 0.0000186 seconds
[2019-12-09T07:18:56.228+0000][1][safepoint    ] Application time: 0.9835214 seconds
[2019-12-09T07:18:56.228+0000][1][safepoint    ] Entering safepoint region: GenCollectForAllocation
[2019-12-09T07:18:56.228+0000][1][gc,start     ] GC(49) Pause Young (Allocation Failure)
[2019-12-09T07:18:56.228+0000][1][gc,task      ] GC(49) Using 2 workers of 2 for evacuation
[2019-12-09T07:18:56.230+0000][1][gc,age       ] GC(49) Desired survivor size 4456448 bytes, new threshold 6 (max threshold 6)
[2019-12-09T07:18:56.230+0000][1][gc,age       ] GC(49) Age table with threshold 6 (max threshold 6)
[2019-12-09T07:18:56.230+0000][1][gc,age       ] GC(49) - age   1:     822080 bytes,     822080 total
[2019-12-09T07:18:56.230+0000][1][gc,age       ] GC(49) - age   2:      16808 bytes,     838888 total
[2019-12-09T07:18:56.230+0000][1][gc,age       ] GC(49) - age   3:        248 bytes,     839136 total
[2019-12-09T07:18:56.230+0000][1][gc,age       ] GC(49) - age   4:       1568 bytes,     840704 total
[2019-12-09T07:18:56.230+0000][1][gc,age       ] GC(49) - age   5:        744 bytes,     841448 total
[2019-12-09T07:18:56.230+0000][1][gc,age       ] GC(49) - age   6:       2568 bytes,     844016 total
[2019-12-09T07:18:56.230+0000][1][gc,heap      ] GC(49) ParNew: 70726K->844K(78656K)
[2019-12-09T07:18:56.230+0000][1][gc,heap      ] GC(49) CMS: 70923K->70923K(174784K)
[2019-12-09T07:18:56.230+0000][1][gc,metaspace ] GC(49) Metaspace: 75981K->75981K(1118208K)
[2019-12-09T07:18:56.230+0000][1][gc           ] GC(49) Pause Young (Allocation Failure) 138M->70M(247M) 2.167ms
[2019-12-09T07:18:56.230+0000][1][gc,cpu       ] GC(49) User=0.00s Sys=0.00s Real=0.00s
[2019-12-09T07:18:56.230+0000][1][safepoint    ] Leaving safepoint region
[2019-12-09T07:18:56.230+0000][1][safepoint    ] Total time for which application threads were stopped: 0.0023320 seconds, Stopping threads took: 0.0000178 seconds
[2019-12-09T07:18:57.230+0000][1][safepoint    ] Application time: 1.0000844 seconds
[2019-12-09T07:18:57.230+0000][1][safepoint    ] Entering safepoint region: Cleanup
[2019-12-09T07:18:57.230+0000][1][safepoint    ] Leaving safepoint region
[2019-12-09T07:18:57.230+0000][1][safepoint    ] Total time for which application threads were stopped: 0.0000932 seconds, Stopping threads took: 0.0000200 seconds
[2019-12-09T07:18:58.230+0000][1][safepoint    ] Application time: 1.0000751 seconds
[2019-12-09T07:18:58.231+0000][1][safepoint    ] Entering safepoint region: Cleanup
[2019-12-09T07:18:58.231+0000][1][safepoint    ] Leaving safepoint region
[2019-12-09T07:18:58.231+0000][1][safepoint    ] Total time for which application threads were stopped: 0.0000945 seconds, Stopping threads took: 0.0000206 seconds
[2019-12-09T07:18:59.231+0000][1][safepoint    ] Application time: 1.0000835 seconds
[2019-12-09T07:18:59.231+0000][1][safepoint    ] Entering safepoint region: Cleanup
[2019-12-09T07:18:59.231+0000][1][safepoint    ] Leaving safepoint region
[2019-12-09T07:18:59.231+0000][1][safepoint    ] Total time for which application threads were stopped: 0.0000954 seconds, Stopping threads took: 0.0000211 seconds
[2019-12-09T07:19:00.231+0000][1][safepoint    ] Application time: 1.0000738 seconds
[2019-12-09T07:19:00.231+0000][1][safepoint    ] Entering safepoint region: Cleanup
[2019-12-09T07:19:00.231+0000][1][safepoint    ] Leaving safepoint region
[2019-12-09T07:19:00.231+0000][1][safepoint    ] Total time for which application threads were stopped: 0.0000924 seconds, Stopping threads took: 0.0000187 seconds
[2019-12-09T07:19:01.232+0000][1][safepoint    ] Application time: 1.0010897 seconds
[2019-12-09T07:19:01.232+0000][1][safepoint    ] Entering safepoint region: Cleanup
[2019-12-09T07:19:01.232+0000][1][safepoint    ] Leaving safepoint region
[2019-12-09T07:19:01.232+0000][1][safepoint    ] Total time for which application threads were stopped: 0.0002134 seconds, Stopping threads took: 0.0000996 seconds
[2019-12-09T07:19:02.232+0000][1][safepoint    ] Application time: 1.0000808 seconds
[2019-12-09T07:19:02.233+0000][1][safepoint    ] Entering safepoint region: Cleanup
[2019-12-09T07:19:02.233+0000][1][safepoint    ] Leaving safepoint region
[2019-12-09T07:19:02.233+0000][1][safepoint    ] Total time for which application threads were stopped: 0.0000943 seconds, Stopping threads took: 0.0000224 seconds
[2019-12-09T07:19:03.233+0000][1][safepoint    ] Application time: 1.0000757 seconds
[2019-12-09T07:19:03.233+0000][1][safepoint    ] Entering safepoint region: Cleanup
[2019-12-09T07:19:03.233+0000][1][safepoint    ] Leaving safepoint region
[2019-12-09T07:19:03.233+0000][1][safepoint    ] Total time for which application threads were stopped: 0.0000907 seconds, Stopping threads took: 0.0000188 seconds
[2019-12-09T07:19:04.233+0000][1][safepoint    ] Application time: 1.0000758 seconds
[2019-12-09T07:19:04.233+0000][1][safepoint    ] Entering safepoint region: Cleanup
[2019-12-09T07:19:04.233+0000][1][safepoint    ] Leaving safepoint region
[2019-12-09T07:19:04.233+0000][1][safepoint    ] Total time for which application threads were stopped: 0.0000960 seconds, Stopping threads took: 0.0000190 seconds
[2019-12-09T07:19:05.233+0000][1][safepoint    ] Application time: 1.0000794 seconds
[2019-12-09T07:19:05.233+0000][1][safepoint    ] Entering safepoint region: Cleanup
[2019-12-09T07:19:05.233+0000][1][safepoint    ] Leaving safepoint region
[2019-12-09T07:19:05.233+0000][1][safepoint    ] Total time for which application threads were stopped: 0.0000952 seconds, Stopping threads took: 0.0000226 seconds
[2019-12-09T07:19:06.233+0000][1][safepoint    ] Application time: 1.0000771 seconds
[2019-12-09T07:19:06.233+0000][1][safepoint    ] Entering safepoint region: Cleanup
[2019-12-09T07:19:06.233+0000][1][safepoint    ] Leaving safepoint region
[2019-12-09T07:19:06.233+0000][1][safepoint    ] Total time for which application threads were stopped: 0.0000914 seconds, Stopping threads took: 0.0000184 seconds
[2019-12-09T07:19:07.234+0000][1][safepoint    ] Application time: 1.0000781 seconds
[2019-12-09T07:19:07.234+0000][1][safepoint    ] Entering safepoint region: Cleanup
[2019-12-09T07:19:07.234+0000][1][safepoint    ] Leaving safepoint region
[2019-12-09T07:19:07.234+0000][1][safepoint    ] Total time for which application threads were stopped: 0.0001044 seconds, Stopping threads took: 0.0000204 seconds
[2019-12-09T07:19:08.234+0000][1][safepoint    ] Application time: 1.0000759 seconds
[2019-12-09T07:19:08.234+0000][1][safepoint    ] Entering safepoint region: Cleanup
[2019-12-09T07:19:08.234+0000][1][safepoint    ] Leaving safepoint region
[2019-12-09T07:19:08.234+0000][1][safepoint    ] Total time for which application threads were stopped: 0.0000941 seconds, Stopping threads took: 0.0000213 seconds
[2019-12-09T07:19:09.234+0000][1][safepoint    ] Application time: 1.0000779 seconds
[2019-12-09T07:19:09.234+0000][1][safepoint    ] Entering safepoint region: Cleanup
[2019-12-09T07:19:09.234+0000][1][safepoint    ] Leaving safepoint region
[2019-12-09T07:19:09.234+0000][1][safepoint    ] Total time for which application threads were stopped: 0.0000964 seconds, Stopping threads took: 0.0000203 seconds
[2019-12-09T07:19:10.234+0000][1][safepoint    ] Application time: 1.0000825 seconds
[2019-12-09T07:19:10.234+0000][1][safepoint    ] Entering safepoint region: Cleanup
[2019-12-09T07:19:10.234+0000][1][safepoint    ] Leaving safepoint region
[2019-12-09T07:19:10.234+0000][1][safepoint    ] Total time for which application threads were stopped: 0.0000991 seconds, Stopping threads took: 0.0000187 seconds
[2019-12-09T07:19:11.234+0000][1][safepoint    ] Application time: 1.0000804 seconds
[2019-12-09T07:19:11.235+0000][1][safepoint    ] Entering safepoint region: Cleanup
[2019-12-09T07:19:11.235+0000][1][safepoint    ] Leaving safepoint region
[2019-12-09T07:19:11.235+0000][1][safepoint    ] Total time for which application threads were stopped: 0.0001111 seconds, Stopping threads took: 0.0000234 seconds
[2019-12-09T07:19:12.235+0000][1][safepoint    ] Application time: 1.0000773 seconds
[2019-12-09T07:19:12.235+0000][1][safepoint    ] Entering safepoint region: Cleanup
[2019-12-09T07:19:12.235+0000][1][safepoint    ] Leaving safepoint region
[2019-12-09T07:19:12.235+0000][1][safepoint    ] Total time for which application threads were stopped: 0.0000969 seconds, Stopping threads took: 0.0000218 seconds
[2019-12-09T07:19:13.235+0000][1][safepoint    ] Application time: 1.0000798 seconds
[2019-12-09T07:19:13.235+0000][1][safepoint    ] Entering safepoint region: Cleanup
[2019-12-09T07:19:13.235+0000][1][safepoint    ] Leaving safepoint region
[2019-12-09T07:19:13.235+0000][1][safepoint    ] Total time for which application threads were stopped: 0.0000941 seconds, Stopping threads took: 0.0000184 seconds
[2019-12-09T07:19:14.235+0000][1][safepoint    ] Application time: 1.0000770 seconds
[2019-12-09T07:19:14.235+0000][1][safepoint    ] Entering safepoint region: Cleanup
[2019-12-09T07:19:14.235+0000][1][safepoint    ] Leaving safepoint region
[2019-12-09T07:19:14.235+0000][1][safepoint    ] Total time for which application threads were stopped: 0.0000923 seconds, Stopping threads took: 0.0000183 seconds
[2019-12-09T07:19:15.235+0000][1][safepoint    ] Application time: 1.0000833 seconds
[2019-12-09T07:19:15.235+0000][1][safepoint    ] Entering safepoint region: Cleanup
[2019-12-09T07:19:15.235+0000][1][safepoint    ] Leaving safepoint region
[2019-12-09T07:19:15.235+0000][1][safepoint    ] Total time for which application threads were stopped: 0.0000953 seconds, Stopping threads took: 0.0000205 seconds
[2019-12-09T07:19:16.236+0000][1][safepoint    ] Application time: 1.0000773 seconds
[2019-12-09T07:19:16.236+0000][1][safepoint    ] Entering safepoint region: Cleanup
[2019-12-09T07:19:16.236+0000][1][safepoint    ] Leaving safepoint region
[2019-12-09T07:19:16.236+0000][1][safepoint    ] Total time for which application threads were stopped: 0.0001071 seconds, Stopping threads took: 0.0000207 seconds
[2019-12-09T07:19:17.236+0000][1][safepoint    ] Application time: 1.0000783 seconds
[2019-12-09T07:19:17.236+0000][1][safepoint    ] Entering safepoint region: Cleanup
[2019-12-09T07:19:17.236+0000][1][safepoint    ] Leaving safepoint region
[2019-12-09T07:19:17.236+0000][1][safepoint    ] Total time for which application threads were stopped: 0.0000964 seconds, Stopping threads took: 0.0000195 seconds
[2019-12-09T07:19:18.236+0000][1][safepoint    ] Application time: 1.0000762 seconds
[2019-12-09T07:19:18.236+0000][1][safepoint    ] Entering safepoint region: Cleanup
[2019-12-09T07:19:18.236+0000][1][safepoint    ] Leaving safepoint region
[2019-12-09T07:19:18.236+0000][1][safepoint    ] Total time for which application threads were stopped: 0.0000945 seconds, Stopping threads took: 0.0000212 seconds
[2019-12-09T07:19:19.236+0000][1][safepoint    ] Application time: 1.0000782 seconds
[2019-12-09T07:19:19.236+0000][1][safepoint    ] Entering safepoint region: Cleanup
[2019-12-09T07:19:19.236+0000][1][safepoint    ] Leaving safepoint region
[2019-12-09T07:19:19.236+0000][1][safepoint    ] Total time for which application threads were stopped: 0.0001005 seconds, Stopping threads took: 0.0000200 seconds
[2019-12-09T07:19:20.236+0000][1][safepoint    ] Application time: 1.0000497 seconds
[2019-12-09T07:19:20.236+0000][1][safepoint    ] Entering safepoint region: Cleanup
[2019-12-09T07:19:20.237+0000][1][safepoint    ] Leaving safepoint region
[2019-12-09T07:19:20.237+0000][1][safepoint    ] Total time for which application threads were stopped: 0.0001298 seconds, Stopping threads took: 0.0000268 seconds
[2019-12-09T07:19:21.237+0000][1][safepoint    ] Application time: 1.0000789 seconds
[2019-12-09T07:19:21.237+0000][1][safepoint    ] Entering safepoint region: Cleanup
[2019-12-09T07:19:21.237+0000][1][safepoint    ] Leaving safepoint region
[2019-12-09T07:19:21.237+0000][1][safepoint    ] Total time for which application threads were stopped: 0.0001109 seconds, Stopping threads took: 0.0000215 seconds
[2019-12-09T07:19:22.237+0000][1][safepoint    ] Application time: 1.0000773 seconds
[2019-12-09T07:19:22.237+0000][1][safepoint    ] Entering safepoint region: Cleanup
[2019-12-09T07:19:22.237+0000][1][safepoint    ] Leaving safepoint region
[2019-12-09T07:19:22.237+0000][1][safepoint    ] Total time for which application threads were stopped: 0.0000942 seconds, Stopping threads took: 0.0000187 seconds
[2019-12-09T07:19:23.237+0000][1][safepoint    ] Application time: 1.0000778 seconds
[2019-12-09T07:19:23.237+0000][1][safepoint    ] Entering safepoint region: Cleanup
[2019-12-09T07:19:23.237+0000][1][safepoint    ] Leaving safepoint region
[2019-12-09T07:19:23.237+0000][1][safepoint    ] Total time for which application threads were stopped: 0.0000958 seconds, Stopping threads took: 0.0000213 seconds
[2019-12-09T07:19:24.237+0000][1][safepoint    ] Application time: 1.0000769 seconds
[2019-12-09T07:19:24.237+0000][1][safepoint    ] Entering safepoint region: Cleanup
[2019-12-09T07:19:24.237+0000][1][safepoint    ] Leaving safepoint region
[2019-12-09T07:19:24.237+0000][1][safepoint    ] Total time for which application threads were stopped: 0.0000929 seconds, Stopping threads took: 0.0000185 seconds
[2019-12-09T07:19:25.238+0000][1][safepoint    ] Application time: 1.0000769 seconds
[2019-12-09T07:19:25.238+0000][1][safepoint    ] Entering safepoint region: Cleanup
[2019-12-09T07:19:25.238+0000][1][safepoint    ] Leaving safepoint region
[2019-12-09T07:19:25.238+0000][1][safepoint    ] Total time for which application threads were stopped: 0.0001073 seconds, Stopping threads took: 0.0000202 seconds
[2019-12-09T07:19:26.238+0000][1][safepoint    ] Application time: 1.0000747 seconds
[2019-12-09T07:19:26.238+0000][1][safepoint    ] Entering safepoint region: Cleanup
[2019-12-09T07:19:26.238+0000][1][safepoint    ] Leaving safepoint region
[2019-12-09T07:19:26.238+0000][1][safepoint    ] Total time for which application threads were stopped: 0.0000950 seconds, Stopping threads took: 0.0000193 seconds
[2019-12-09T07:19:27.238+0000][1][safepoint    ] Application time: 1.0000755 seconds
[2019-12-09T07:19:27.238+0000][1][safepoint    ] Entering safepoint region: Cleanup
[2019-12-09T07:19:27.238+0000][1][safepoint    ] Leaving safepoint region
[2019-12-09T07:19:27.238+0000][1][safepoint    ] Total time for which application threads were stopped: 0.0000936 seconds, Stopping threads took: 0.0000195 seconds
[2019-12-09T07:19:28.238+0000][1][safepoint    ] Application time: 1.0000771 seconds
[2019-12-09T07:19:28.238+0000][1][safepoint    ] Entering safepoint region: Cleanup
[2019-12-09T07:19:28.238+0000][1][safepoint    ] Leaving safepoint region
[2019-12-09T07:19:28.238+0000][1][safepoint    ] Total time for which application threads were stopped: 0.0000913 seconds, Stopping threads took: 0.0000205 seconds
[2019-12-09T07:19:29.238+0000][1][safepoint    ] Application time: 1.0000764 seconds
[2019-12-09T07:19:29.238+0000][1][safepoint    ] Entering safepoint region: Cleanup
[2019-12-09T07:19:29.239+0000][1][safepoint    ] Leaving safepoint region
[2019-12-09T07:19:29.239+0000][1][safepoint    ] Total time for which application threads were stopped: 0.0000918 seconds, Stopping threads took: 0.0000199 seconds
[2019-12-09T07:19:30.239+0000][1][safepoint    ] Application time: 1.0000756 seconds
[2019-12-09T07:19:30.239+0000][1][safepoint    ] Entering safepoint region: Cleanup
[2019-12-09T07:19:30.239+0000][1][safepoint    ] Leaving safepoint region
[2019-12-09T07:19:30.239+0000][1][safepoint    ] Total time for which application threads were stopped: 0.0000959 seconds, Stopping threads took: 0.0000197 seconds
[2019-12-09T07:19:31.239+0000][1][safepoint    ] Application time: 1.0000764 seconds
[2019-12-09T07:19:31.239+0000][1][safepoint    ] Entering safepoint region: Cleanup
[2019-12-09T07:19:31.239+0000][1][safepoint    ] Leaving safepoint region
[2019-12-09T07:19:31.239+0000][1][safepoint    ] Total time for which application threads were stopped: 0.0001014 seconds, Stopping threads took: 0.0000198 seconds
[2019-12-09T07:19:32.239+0000][1][safepoint    ] Application time: 1.0000755 seconds
[2019-12-09T07:19:32.239+0000][1][safepoint    ] Entering safepoint region: Cleanup
[2019-12-09T07:19:32.239+0000][1][safepoint    ] Leaving safepoint region
[2019-12-09T07:19:32.239+0000][1][safepoint    ] Total time for which application threads were stopped: 0.0001022 seconds, Stopping threads took: 0.0000208 seconds
[2019-12-09T07:19:33.239+0000][1][safepoint    ] Application time: 1.0000756 seconds
[2019-12-09T07:19:33.239+0000][1][safepoint    ] Entering safepoint region: Cleanup
[2019-12-09T07:19:33.239+0000][1][safepoint    ] Leaving safepoint region
[2019-12-09T07:19:33.239+0000][1][safepoint    ] Total time for which application threads were stopped: 0.0000971 seconds, Stopping threads took: 0.0000183 seconds
[2019-12-09T07:19:34.240+0000][1][safepoint    ] Application time: 1.0000751 seconds
[2019-12-09T07:19:34.240+0000][1][safepoint    ] Entering safepoint region: Cleanup
[2019-12-09T07:19:34.240+0000][1][safepoint    ] Leaving safepoint region
[2019-12-09T07:19:34.240+0000][1][safepoint    ] Total time for which application threads were stopped: 0.0000911 seconds, Stopping threads took: 0.0000191 seconds
[2019-12-09T07:19:35.240+0000][1][safepoint    ] Application time: 1.0000748 seconds
[2019-12-09T07:19:35.240+0000][1][safepoint    ] Entering safepoint region: Cleanup
[2019-12-09T07:19:35.240+0000][1][safepoint    ] Leaving safepoint region
[2019-12-09T07:19:35.240+0000][1][safepoint    ] Total time for which application threads were stopped: 0.0000924 seconds, Stopping threads took: 0.0000185 seconds
[2019-12-09T07:19:36.240+0000][1][safepoint    ] Application time: 1.0000753 seconds
[2019-12-09T07:19:36.240+0000][1][safepoint    ] Entering safepoint region: Cleanup
[2019-12-09T07:19:36.240+0000][1][safepoint    ] Leaving safepoint region
[2019-12-09T07:19:36.240+0000][1][safepoint    ] Total time for which application threads were stopped: 0.0000953 seconds, Stopping threads took: 0.0000216 seconds
[2019-12-09T07:19:37.240+0000][1][safepoint    ] Application time: 1.0000739 seconds
[2019-12-09T07:19:37.240+0000][1][safepoint    ] Entering safepoint region: Cleanup
[2019-12-09T07:19:37.240+0000][1][safepoint    ] Leaving safepoint region
[2019-12-09T07:19:37.240+0000][1][safepoint    ] Total time for which application threads were stopped: 0.0000963 seconds, Stopping threads took: 0.0000218 seconds
[2019-12-09T07:19:38.240+0000][1][safepoint    ] Application time: 1.0000777 seconds
[2019-12-09T07:19:38.240+0000][1][safepoint    ] Entering safepoint region: Cleanup
[2019-12-09T07:19:38.241+0000][1][safepoint    ] Leaving safepoint region
[2019-12-09T07:19:38.241+0000][1][safepoint    ] Total time for which application threads were stopped: 0.0000994 seconds, Stopping threads took: 0.0000201 seconds
[2019-12-09T07:19:39.241+0000][1][safepoint    ] Application time: 1.0000788 seconds
[2019-12-09T07:19:39.241+0000][1][safepoint    ] Entering safepoint region: Cleanup
[2019-12-09T07:19:39.241+0000][1][safepoint    ] Leaving safepoint region
[2019-12-09T07:19:39.241+0000][1][safepoint    ] Total time for which application threads were stopped: 0.0001080 seconds, Stopping threads took: 0.0000326 seconds
[2019-12-09T07:19:40.241+0000][1][safepoint    ] Application time: 1.0000766 seconds
[2019-12-09T07:19:40.241+0000][1][safepoint    ] Entering safepoint region: Cleanup
[2019-12-09T07:19:40.241+0000][1][safepoint    ] Leaving safepoint region
[2019-12-09T07:19:40.241+0000][1][safepoint    ] Total time for which application threads were stopped: 0.0000939 seconds, Stopping threads took: 0.0000216 seconds
[2019-12-09T07:19:40.523+0000][1][safepoint    ] Application time: 0.2824038 seconds
[2019-12-09T07:19:40.523+0000][1][safepoint    ] Entering safepoint region: GenCollectForAllocation
[2019-12-09T07:19:40.524+0000][1][gc,start     ] GC(50) Pause Young (Allocation Failure)
[2019-12-09T07:19:40.524+0000][1][gc,task      ] GC(50) Using 2 workers of 2 for evacuation
[2019-12-09T07:19:40.526+0000][1][gc,age       ] GC(50) Desired survivor size 4456448 bytes, new threshold 6 (max threshold 6)
[2019-12-09T07:19:40.526+0000][1][gc,age       ] GC(50) Age table with threshold 6 (max threshold 6)
[2019-12-09T07:19:40.526+0000][1][gc,age       ] GC(50) - age   1:     760080 bytes,     760080 total
[2019-12-09T07:19:40.526+0000][1][gc,age       ] GC(50) - age   2:        632 bytes,     760712 total
[2019-12-09T07:19:40.526+0000][1][gc,age       ] GC(50) - age   3:      16808 bytes,     777520 total
[2019-12-09T07:19:40.526+0000][1][gc,age       ] GC(50) - age   4:        248 bytes,     777768 total
[2019-12-09T07:19:40.526+0000][1][gc,age       ] GC(50) - age   5:       1568 bytes,     779336 total
[2019-12-09T07:19:40.526+0000][1][gc,age       ] GC(50) - age   6:        744 bytes,     780080 total
[2019-12-09T07:19:40.526+0000][1][gc,heap      ] GC(50) ParNew: 70763K->783K(78656K)
[2019-12-09T07:19:40.526+0000][1][gc,heap      ] GC(50) CMS: 70923K->70926K(174784K)
[2019-12-09T07:19:40.526+0000][1][gc,metaspace ] GC(50) Metaspace: 75995K->75995K(1118208K)
[2019-12-09T07:19:40.526+0000][1][gc           ] GC(50) Pause Young (Allocation Failure) 138M->70M(247M) 2.142ms
[2019-12-09T07:19:40.526+0000][1][gc,cpu       ] GC(50) User=0.01s Sys=0.00s Real=0.01s
[2019-12-09T07:19:40.526+0000][1][safepoint    ] Leaving safepoint region
[2019-12-09T07:19:40.526+0000][1][safepoint    ] Total time for which application threads were stopped: 0.0023292 seconds, Stopping threads took: 0.0000237 seconds
[2019-12-09T07:19:41.526+0000][1][safepoint    ] Application time: 1.0000920 seconds
[2019-12-09T07:19:41.526+0000][1][safepoint    ] Entering safepoint region: Cleanup
[2019-12-09T07:19:41.526+0000][1][safepoint    ] Leaving safepoint region
[2019-12-09T07:19:41.526+0000][1][safepoint    ] Total time for which application threads were stopped: 0.0000910 seconds, Stopping threads took: 0.0000196 seconds
[2019-12-09T07:19:42.526+0000][1][safepoint    ] Application time: 1.0000772 seconds
[2019-12-09T07:19:42.526+0000][1][safepoint    ] Entering safepoint region: Cleanup
[2019-12-09T07:19:42.526+0000][1][safepoint    ] Leaving safepoint region
[2019-12-09T07:19:42.526+0000][1][safepoint    ] Total time for which application threads were stopped: 0.0000909 seconds, Stopping threads took: 0.0000194 seconds
[2019-12-09T07:19:43.526+0000][1][safepoint    ] Application time: 1.0000763 seconds
[2019-12-09T07:19:43.526+0000][1][safepoint    ] Entering safepoint region: Cleanup
[2019-12-09T07:19:43.526+0000][1][safepoint    ] Leaving safepoint region
[2019-12-09T07:19:43.526+0000][1][safepoint    ] Total time for which application threads were stopped: 0.0000979 seconds, Stopping threads took: 0.0000198 seconds
[2019-12-09T07:19:44.527+0000][1][safepoint    ] Application time: 1.0000768 seconds
[2019-12-09T07:19:44.527+0000][1][safepoint    ] Entering safepoint region: Cleanup
[2019-12-09T07:19:44.527+0000][1][safepoint    ] Leaving safepoint region
[2019-12-09T07:19:44.527+0000][1][safepoint    ] Total time for which application threads were stopped: 0.0000939 seconds, Stopping threads took: 0.0000209 seconds
[2019-12-09T07:19:45.527+0000][1][safepoint    ] Application time: 1.0000816 seconds
[2019-12-09T07:19:45.527+0000][1][safepoint    ] Entering safepoint region: Cleanup
[2019-12-09T07:19:45.527+0000][1][safepoint    ] Leaving safepoint region
[2019-12-09T07:19:45.527+0000][1][safepoint    ] Total time for which application threads were stopped: 0.0000920 seconds, Stopping threads took: 0.0000192 seconds
[2019-12-09T07:19:46.527+0000][1][safepoint    ] Application time: 1.0000759 seconds
[2019-12-09T07:19:46.527+0000][1][safepoint    ] Entering safepoint region: Cleanup
[2019-12-09T07:19:46.527+0000][1][safepoint    ] Leaving safepoint region
[2019-12-09T07:19:46.527+0000][1][safepoint    ] Total time for which application threads were stopped: 0.0000981 seconds, Stopping threads took: 0.0000200 seconds
[2019-12-09T07:19:47.527+0000][1][safepoint    ] Application time: 1.0000749 seconds
[2019-12-09T07:19:47.527+0000][1][safepoint    ] Entering safepoint region: Cleanup
[2019-12-09T07:19:47.527+0000][1][safepoint    ] Leaving safepoint region
[2019-12-09T07:19:47.527+0000][1][safepoint    ] Total time for which application threads were stopped: 0.0000956 seconds, Stopping threads took: 0.0000217 seconds
[2019-12-09T07:19:48.527+0000][1][safepoint    ] Application time: 1.0000749 seconds
[2019-12-09T07:19:48.527+0000][1][safepoint    ] Entering safepoint region: Cleanup
[2019-12-09T07:19:48.528+0000][1][safepoint    ] Leaving safepoint region
[2019-12-09T07:19:48.528+0000][1][safepoint    ] Total time for which application threads were stopped: 0.0000922 seconds, Stopping threads took: 0.0000193 seconds
[2019-12-09T07:19:49.528+0000][1][safepoint    ] Application time: 1.0000756 seconds
[2019-12-09T07:19:49.528+0000][1][safepoint    ] Entering safepoint region: Cleanup
[2019-12-09T07:19:49.528+0000][1][safepoint    ] Leaving safepoint region
[2019-12-09T07:19:49.528+0000][1][safepoint    ] Total time for which application threads were stopped: 0.0001074 seconds, Stopping threads took: 0.0000344 seconds
[2019-12-09T07:19:50.528+0000][1][safepoint    ] Application time: 1.0000779 seconds
[2019-12-09T07:19:50.528+0000][1][safepoint    ] Entering safepoint region: Cleanup
[2019-12-09T07:19:50.528+0000][1][safepoint    ] Leaving safepoint region
[2019-12-09T07:19:50.528+0000][1][safepoint    ] Total time for which application threads were stopped: 0.0000921 seconds, Stopping threads took: 0.0000178 seconds
[2019-12-09T07:19:51.528+0000][1][safepoint    ] Application time: 1.0000750 seconds
[2019-12-09T07:19:51.528+0000][1][safepoint    ] Entering safepoint region: Cleanup
[2019-12-09T07:19:51.528+0000][1][safepoint    ] Leaving safepoint region
[2019-12-09T07:19:51.528+0000][1][safepoint    ] Total time for which application threads were stopped: 0.0001011 seconds, Stopping threads took: 0.0000296 seconds
[2019-12-09T07:19:52.528+0000][1][safepoint    ] Application time: 1.0000752 seconds
[2019-12-09T07:19:52.528+0000][1][safepoint    ] Entering safepoint region: Cleanup
[2019-12-09T07:19:52.528+0000][1][safepoint    ] Leaving safepoint region
[2019-12-09T07:19:52.528+0000][1][safepoint    ] Total time for which application threads were stopped: 0.0000930 seconds, Stopping threads took: 0.0000191 seconds
[2019-12-09T07:19:53.529+0000][1][safepoint    ] Application time: 1.0000752 seconds
[2019-12-09T07:19:53.529+0000][1][safepoint    ] Entering safepoint region: Cleanup
[2019-12-09T07:19:53.529+0000][1][safepoint    ] Leaving safepoint region
[2019-12-09T07:19:53.529+0000][1][safepoint    ] Total time for which application threads were stopped: 0.0000895 seconds, Stopping threads took: 0.0000184 seconds
[2019-12-09T07:19:54.529+0000][1][safepoint    ] Application time: 1.0000755 seconds
[2019-12-09T07:19:54.529+0000][1][safepoint    ] Entering safepoint region: Cleanup
[2019-12-09T07:19:54.529+0000][1][safepoint    ] Leaving safepoint region
[2019-12-09T07:19:54.529+0000][1][safepoint    ] Total time for which application threads were stopped: 0.0000908 seconds, Stopping threads took: 0.0000183 seconds
[2019-12-09T07:19:55.529+0000][1][safepoint    ] Application time: 1.0000755 seconds
[2019-12-09T07:19:55.529+0000][1][safepoint    ] Entering safepoint region: Cleanup
[2019-12-09T07:19:55.529+0000][1][safepoint    ] Leaving safepoint region
[2019-12-09T07:19:55.529+0000][1][safepoint    ] Total time for which application threads were stopped: 0.0000937 seconds, Stopping threads took: 0.0000201 seconds
[2019-12-09T07:19:56.529+0000][1][safepoint    ] Application time: 1.0000744 seconds
[2019-12-09T07:19:56.529+0000][1][safepoint    ] Entering safepoint region: Cleanup
[2019-12-09T07:19:56.529+0000][1][safepoint    ] Leaving safepoint region
[2019-12-09T07:19:56.529+0000][1][safepoint    ] Total time for which application threads were stopped: 0.0000902 seconds, Stopping threads took: 0.0000198 seconds
[2019-12-09T07:19:57.529+0000][1][safepoint    ] Application time: 1.0000744 seconds
[2019-12-09T07:19:57.529+0000][1][safepoint    ] Entering safepoint region: Cleanup
[2019-12-09T07:19:57.529+0000][1][safepoint    ] Leaving safepoint region
[2019-12-09T07:19:57.529+0000][1][safepoint    ] Total time for which application threads were stopped: 0.0000906 seconds, Stopping threads took: 0.0000194 seconds
[2019-12-09T07:19:58.530+0000][1][safepoint    ] Application time: 1.0000733 seconds
[2019-12-09T07:19:58.530+0000][1][safepoint    ] Entering safepoint region: Cleanup
[2019-12-09T07:19:58.530+0000][1][safepoint    ] Leaving safepoint region
[2019-12-09T07:19:58.530+0000][1][safepoint    ] Total time for which application threads were stopped: 0.0001053 seconds, Stopping threads took: 0.0000191 seconds
[2019-12-09T07:19:59.530+0000][1][safepoint    ] Application time: 1.0000739 seconds
[2019-12-09T07:19:59.530+0000][1][safepoint    ] Entering safepoint region: Cleanup
[2019-12-09T07:19:59.530+0000][1][safepoint    ] Leaving safepoint region
[2019-12-09T07:19:59.530+0000][1][safepoint    ] Total time for which application threads were stopped: 0.0000902 seconds, Stopping threads took: 0.0000199 seconds
[2019-12-09T07:20:00.530+0000][1][safepoint    ] Application time: 1.0000730 seconds
[2019-12-09T07:20:00.530+0000][1][safepoint    ] Entering safepoint region: Cleanup
[2019-12-09T07:20:00.530+0000][1][safepoint    ] Leaving safepoint region
[2019-12-09T07:20:00.530+0000][1][safepoint    ] Total time for which application threads were stopped: 0.0000883 seconds, Stopping threads took: 0.0000193 seconds
[2019-12-09T07:20:01.530+0000][1][safepoint    ] Application time: 1.0000759 seconds
[2019-12-09T07:20:01.530+0000][1][safepoint    ] Entering safepoint region: Cleanup
[2019-12-09T07:20:01.530+0000][1][safepoint    ] Leaving safepoint region
[2019-12-09T07:20:01.530+0000][1][safepoint    ] Total time for which application threads were stopped: 0.0001078 seconds, Stopping threads took: 0.0000214 seconds
[2019-12-09T07:20:02.530+0000][1][safepoint    ] Application time: 1.0000736 seconds
[2019-12-09T07:20:02.530+0000][1][safepoint    ] Entering safepoint region: Cleanup
[2019-12-09T07:20:02.531+0000][1][safepoint    ] Leaving safepoint region
[2019-12-09T07:20:02.531+0000][1][safepoint    ] Total time for which application threads were stopped: 0.0000899 seconds, Stopping threads took: 0.0000197 seconds
[2019-12-09T07:20:03.531+0000][1][safepoint    ] Application time: 1.0000758 seconds
[2019-12-09T07:20:03.531+0000][1][safepoint    ] Entering safepoint region: Cleanup
[2019-12-09T07:20:03.531+0000][1][safepoint    ] Leaving safepoint region
[2019-12-09T07:20:03.531+0000][1][safepoint    ] Total time for which application threads were stopped: 0.0001073 seconds, Stopping threads took: 0.0000303 seconds
[2019-12-09T07:20:04.531+0000][1][safepoint    ] Application time: 1.0000756 seconds
[2019-12-09T07:20:04.531+0000][1][safepoint    ] Entering safepoint region: Cleanup
[2019-12-09T07:20:04.531+0000][1][safepoint    ] Leaving safepoint region
[2019-12-09T07:20:04.531+0000][1][safepoint    ] Total time for which application threads were stopped: 0.0000935 seconds, Stopping threads took: 0.0000203 seconds
[2019-12-09T07:20:05.531+0000][1][safepoint    ] Application time: 1.0000768 seconds
[2019-12-09T07:20:05.531+0000][1][safepoint    ] Entering safepoint region: Cleanup
[2019-12-09T07:20:05.531+0000][1][safepoint    ] Leaving safepoint region
[2019-12-09T07:20:05.531+0000][1][safepoint    ] Total time for which application threads were stopped: 0.0000938 seconds, Stopping threads took: 0.0000206 seconds
[2019-12-09T07:20:06.531+0000][1][safepoint    ] Application time: 1.0000765 seconds
[2019-12-09T07:20:06.531+0000][1][safepoint    ] Entering safepoint region: Cleanup
[2019-12-09T07:20:06.531+0000][1][safepoint    ] Leaving safepoint region
[2019-12-09T07:20:06.531+0000][1][safepoint    ] Total time for which application threads were stopped: 0.0000930 seconds, Stopping threads took: 0.0000206 seconds
[2019-12-09T07:20:07.532+0000][1][safepoint    ] Application time: 1.0000759 seconds
[2019-12-09T07:20:07.532+0000][1][safepoint    ] Entering safepoint region: Cleanup
[2019-12-09T07:20:07.532+0000][1][safepoint    ] Leaving safepoint region
[2019-12-09T07:20:07.532+0000][1][safepoint    ] Total time for which application threads were stopped: 0.0001079 seconds, Stopping threads took: 0.0000193 seconds
[2019-12-09T07:20:08.532+0000][1][safepoint    ] Application time: 1.0000875 seconds
[2019-12-09T07:20:08.532+0000][1][safepoint    ] Entering safepoint region: Cleanup
[2019-12-09T07:20:08.532+0000][1][safepoint    ] Leaving safepoint region
[2019-12-09T07:20:08.532+0000][1][safepoint    ] Total time for which application threads were stopped: 0.0000908 seconds, Stopping threads took: 0.0000198 seconds
[2019-12-09T07:20:09.532+0000][1][safepoint    ] Application time: 1.0000764 seconds
[2019-12-09T07:20:09.532+0000][1][safepoint    ] Entering safepoint region: Cleanup
[2019-12-09T07:20:09.532+0000][1][safepoint    ] Leaving safepoint region
[2019-12-09T07:20:09.532+0000][1][safepoint    ] Total time for which application threads were stopped: 0.0000939 seconds, Stopping threads took: 0.0000205 seconds
[2019-12-09T07:20:10.532+0000][1][safepoint    ] Application time: 1.0000762 seconds
[2019-12-09T07:20:10.532+0000][1][safepoint    ] Entering safepoint region: Cleanup
[2019-12-09T07:20:10.532+0000][1][safepoint    ] Leaving safepoint region
[2019-12-09T07:20:10.532+0000][1][safepoint    ] Total time for which application threads were stopped: 0.0000923 seconds, Stopping threads took: 0.0000203 seconds
[2019-12-09T07:20:11.532+0000][1][safepoint    ] Application time: 1.0000759 seconds
[2019-12-09T07:20:11.532+0000][1][safepoint    ] Entering safepoint region: Cleanup
[2019-12-09T07:20:11.533+0000][1][safepoint    ] Leaving safepoint region
[2019-12-09T07:20:11.533+0000][1][safepoint    ] Total time for which application threads were stopped: 0.0000914 seconds, Stopping threads took: 0.0000196 seconds
[2019-12-09T07:20:12.533+0000][1][safepoint    ] Application time: 1.0000769 seconds
[2019-12-09T07:20:12.533+0000][1][safepoint    ] Entering safepoint region: Cleanup
[2019-12-09T07:20:12.533+0000][1][safepoint    ] Leaving safepoint region
[2019-12-09T07:20:12.533+0000][1][safepoint    ] Total time for which application threads were stopped: 0.0001084 seconds, Stopping threads took: 0.0000344 seconds
[2019-12-09T07:20:13.533+0000][1][safepoint    ] Application time: 1.0000757 seconds
[2019-12-09T07:20:13.533+0000][1][safepoint    ] Entering safepoint region: Cleanup
[2019-12-09T07:20:13.533+0000][1][safepoint    ] Leaving safepoint region
[2019-12-09T07:20:13.533+0000][1][safepoint    ] Total time for which application threads were stopped: 0.0000889 seconds, Stopping threads took: 0.0000199 seconds
[2019-12-09T07:20:14.533+0000][1][safepoint    ] Application time: 1.0000783 seconds
[2019-12-09T07:20:14.533+0000][1][safepoint    ] Entering safepoint region: Cleanup
[2019-12-09T07:20:14.533+0000][1][safepoint    ] Leaving safepoint region
[2019-12-09T07:20:14.533+0000][1][safepoint    ] Total time for which application threads were stopped: 0.0000893 seconds, Stopping threads took: 0.0000175 seconds
[2019-12-09T07:20:15.533+0000][1][safepoint    ] Application time: 1.0000772 seconds
[2019-12-09T07:20:15.533+0000][1][safepoint    ] Entering safepoint region: Cleanup
[2019-12-09T07:20:15.533+0000][1][safepoint    ] Leaving safepoint region
[2019-12-09T07:20:15.533+0000][1][safepoint    ] Total time for which application threads were stopped: 0.0000898 seconds, Stopping threads took: 0.0000189 seconds
[2019-12-09T07:20:16.533+0000][1][safepoint    ] Application time: 1.0000762 seconds
[2019-12-09T07:20:16.534+0000][1][safepoint    ] Entering safepoint region: Cleanup
[2019-12-09T07:20:16.534+0000][1][safepoint    ] Leaving safepoint region
[2019-12-09T07:20:16.534+0000][1][safepoint    ] Total time for which application threads were stopped: 0.0000913 seconds, Stopping threads took: 0.0000192 seconds
[2019-12-09T07:20:17.534+0000][1][safepoint    ] Application time: 1.0000757 seconds
[2019-12-09T07:20:17.534+0000][1][safepoint    ] Entering safepoint region: Cleanup
[2019-12-09T07:20:17.534+0000][1][safepoint    ] Leaving safepoint region
[2019-12-09T07:20:17.534+0000][1][safepoint    ] Total time for which application threads were stopped: 0.0000910 seconds, Stopping threads took: 0.0000190 seconds
[2019-12-09T07:20:18.534+0000][1][safepoint    ] Application time: 1.0000743 seconds
[2019-12-09T07:20:18.534+0000][1][safepoint    ] Entering safepoint region: Cleanup
[2019-12-09T07:20:18.534+0000][1][safepoint    ] Leaving safepoint region
[2019-12-09T07:20:18.534+0000][1][safepoint    ] Total time for which application threads were stopped: 0.0000917 seconds, Stopping threads took: 0.0000206 seconds
[2019-12-09T07:20:19.534+0000][1][safepoint    ] Application time: 1.0000766 seconds
[2019-12-09T07:20:19.534+0000][1][safepoint    ] Entering safepoint region: Cleanup
[2019-12-09T07:20:19.534+0000][1][safepoint    ] Leaving safepoint region
[2019-12-09T07:20:19.534+0000][1][safepoint    ] Total time for which application threads were stopped: 0.0000884 seconds, Stopping threads took: 0.0000175 seconds
[2019-12-09T07:20:20.534+0000][1][safepoint    ] Application time: 1.0000764 seconds
[2019-12-09T07:20:20.534+0000][1][safepoint    ] Entering safepoint region: Cleanup
[2019-12-09T07:20:20.534+0000][1][safepoint    ] Leaving safepoint region
[2019-12-09T07:20:20.534+0000][1][safepoint    ] Total time for which application threads were stopped: 0.0000924 seconds, Stopping threads took: 0.0000196 seconds
[2019-12-09T07:20:21.261+0000][1][safepoint    ] Application time: 0.7265018 seconds
[2019-12-09T07:20:21.261+0000][1][safepoint    ] Entering safepoint region: GenCollectForAllocation
[2019-12-09T07:20:21.261+0000][1][gc,start     ] GC(51) Pause Young (Allocation Failure)
[2019-12-09T07:20:21.261+0000][1][gc,task      ] GC(51) Using 2 workers of 2 for evacuation
[2019-12-09T07:20:21.263+0000][1][gc,age       ] GC(51) Desired survivor size 4456448 bytes, new threshold 6 (max threshold 6)
[2019-12-09T07:20:21.263+0000][1][gc,age       ] GC(51) Age table with threshold 6 (max threshold 6)
[2019-12-09T07:20:21.263+0000][1][gc,age       ] GC(51) - age   1:     754648 bytes,     754648 total
[2019-12-09T07:20:21.263+0000][1][gc,age       ] GC(51) - age   2:        400 bytes,     755048 total
[2019-12-09T07:20:21.263+0000][1][gc,age       ] GC(51) - age   3:        440 bytes,     755488 total
[2019-12-09T07:20:21.263+0000][1][gc,age       ] GC(51) - age   4:        688 bytes,     756176 total
[2019-12-09T07:20:21.263+0000][1][gc,age       ] GC(51) - age   5:        248 bytes,     756424 total
[2019-12-09T07:20:21.263+0000][1][gc,age       ] GC(51) - age   6:       1568 bytes,     757992 total
[2019-12-09T07:20:21.263+0000][1][gc,heap      ] GC(51) ParNew: 70735K->753K(78656K)
[2019-12-09T07:20:21.263+0000][1][gc,heap      ] GC(51) CMS: 70926K->70926K(174784K)
[2019-12-09T07:20:21.263+0000][1][gc,metaspace ] GC(51) Metaspace: 76014K->76014K(1118208K)
[2019-12-09T07:20:21.263+0000][1][gc           ] GC(51) Pause Young (Allocation Failure) 138M->70M(247M) 2.001ms
[2019-12-09T07:20:21.263+0000][1][gc,cpu       ] GC(51) User=0.00s Sys=0.00s Real=0.00s
[2019-12-09T07:20:21.263+0000][1][safepoint    ] Leaving safepoint region
[2019-12-09T07:20:21.263+0000][1][safepoint    ] Total time for which application threads were stopped: 0.0021641 seconds, Stopping threads took: 0.0000267 seconds
[2019-12-09T07:20:22.263+0000][1][safepoint    ] Application time: 1.0000906 seconds
[2019-12-09T07:20:22.263+0000][1][safepoint    ] Entering safepoint region: Cleanup
[2019-12-09T07:20:22.263+0000][1][safepoint    ] Leaving safepoint region
[2019-12-09T07:20:22.263+0000][1][safepoint    ] Total time for which application threads were stopped: 0.0001352 seconds, Stopping threads took: 0.0000633 seconds
[2019-12-09T07:20:23.264+0000][1][safepoint    ] Application time: 1.0000824 seconds
[2019-12-09T07:20:23.264+0000][1][safepoint    ] Entering safepoint region: Cleanup
[2019-12-09T07:20:23.264+0000][1][safepoint    ] Leaving safepoint region
[2019-12-09T07:20:23.264+0000][1][safepoint    ] Total time for which application threads were stopped: 0.0001495 seconds, Stopping threads took: 0.0000577 seconds
[2019-12-09T07:20:24.264+0000][1][safepoint    ] Application time: 1.0000809 seconds
[2019-12-09T07:20:24.264+0000][1][safepoint    ] Entering safepoint region: Cleanup
[2019-12-09T07:20:24.264+0000][1][safepoint    ] Leaving safepoint region
[2019-12-09T07:20:24.264+0000][1][safepoint    ] Total time for which application threads were stopped: 0.0000835 seconds, Stopping threads took: 0.0000168 seconds
[2019-12-09T07:20:25.264+0000][1][safepoint    ] Application time: 1.0001419 seconds
[2019-12-09T07:20:25.264+0000][1][safepoint    ] Entering safepoint region: Cleanup
[2019-12-09T07:20:25.264+0000][1][safepoint    ] Leaving safepoint region
[2019-12-09T07:20:25.264+0000][1][safepoint    ] Total time for which application threads were stopped: 0.0001077 seconds, Stopping threads took: 0.0000237 seconds
[2019-12-09T07:20:26.264+0000][1][safepoint    ] Application time: 1.0000746 seconds
[2019-12-09T07:20:26.264+0000][1][safepoint    ] Entering safepoint region: Cleanup
[2019-12-09T07:20:26.264+0000][1][safepoint    ] Leaving safepoint region
[2019-12-09T07:20:26.264+0000][1][safepoint    ] Total time for which application threads were stopped: 0.0000854 seconds, Stopping threads took: 0.0000163 seconds
[2019-12-09T07:20:27.265+0000][1][safepoint    ] Application time: 1.0000772 seconds
[2019-12-09T07:20:27.265+0000][1][safepoint    ] Entering safepoint region: Cleanup
[2019-12-09T07:20:27.265+0000][1][safepoint    ] Leaving safepoint region
[2019-12-09T07:20:27.265+0000][1][safepoint    ] Total time for which application threads were stopped: 0.0000842 seconds, Stopping threads took: 0.0000175 seconds
[2019-12-09T07:20:28.265+0000][1][safepoint    ] Application time: 1.0000782 seconds
[2019-12-09T07:20:28.265+0000][1][safepoint    ] Entering safepoint region: Cleanup
[2019-12-09T07:20:28.265+0000][1][safepoint    ] Leaving safepoint region
[2019-12-09T07:20:28.265+0000][1][safepoint    ] Total time for which application threads were stopped: 0.0001055 seconds, Stopping threads took: 0.0000281 seconds
[2019-12-09T07:20:29.265+0000][1][safepoint    ] Application time: 1.0000750 seconds
[2019-12-09T07:20:29.265+0000][1][safepoint    ] Entering safepoint region: Cleanup
[2019-12-09T07:20:29.265+0000][1][safepoint    ] Leaving safepoint region
[2019-12-09T07:20:29.265+0000][1][safepoint    ] Total time for which application threads were stopped: 0.0000894 seconds, Stopping threads took: 0.0000164 seconds
[2019-12-09T07:20:30.265+0000][1][safepoint    ] Application time: 1.0000732 seconds
[2019-12-09T07:20:30.265+0000][1][safepoint    ] Entering safepoint region: Cleanup
[2019-12-09T07:20:30.265+0000][1][safepoint    ] Leaving safepoint region
[2019-12-09T07:20:30.265+0000][1][safepoint    ] Total time for which application threads were stopped: 0.0000859 seconds, Stopping threads took: 0.0000168 seconds
[2019-12-09T07:20:31.265+0000][1][safepoint    ] Application time: 1.0000778 seconds
[2019-12-09T07:20:31.265+0000][1][safepoint    ] Entering safepoint region: Cleanup
[2019-12-09T07:20:31.265+0000][1][safepoint    ] Leaving safepoint region
[2019-12-09T07:20:31.266+0000][1][safepoint    ] Total time for which application threads were stopped: 0.0000899 seconds, Stopping threads took: 0.0000183 seconds
[2019-12-09T07:20:32.266+0000][1][safepoint    ] Application time: 1.0000776 seconds
[2019-12-09T07:20:32.266+0000][1][safepoint    ] Entering safepoint region: Cleanup
[2019-12-09T07:20:32.266+0000][1][safepoint    ] Leaving safepoint region
[2019-12-09T07:20:32.266+0000][1][safepoint    ] Total time for which application threads were stopped: 0.0001035 seconds, Stopping threads took: 0.0000196 seconds
[2019-12-09T07:20:33.266+0000][1][safepoint    ] Application time: 1.0000774 seconds
[2019-12-09T07:20:33.266+0000][1][safepoint    ] Entering safepoint region: Cleanup
[2019-12-09T07:20:33.266+0000][1][safepoint    ] Leaving safepoint region
[2019-12-09T07:20:33.266+0000][1][safepoint    ] Total time for which application threads were stopped: 0.0000918 seconds, Stopping threads took: 0.0000188 seconds
[2019-12-09T07:20:34.266+0000][1][safepoint    ] Application time: 1.0000773 seconds
[2019-12-09T07:20:34.266+0000][1][safepoint    ] Entering safepoint region: Cleanup
[2019-12-09T07:20:34.266+0000][1][safepoint    ] Leaving safepoint region
[2019-12-09T07:20:34.266+0000][1][safepoint    ] Total time for which application threads were stopped: 0.0000930 seconds, Stopping threads took: 0.0000198 seconds
[2019-12-09T07:20:35.266+0000][1][safepoint    ] Application time: 1.0000776 seconds
[2019-12-09T07:20:35.266+0000][1][safepoint    ] Entering safepoint region: Cleanup
[2019-12-09T07:20:35.266+0000][1][safepoint    ] Leaving safepoint region
[2019-12-09T07:20:35.266+0000][1][safepoint    ] Total time for which application threads were stopped: 0.0000928 seconds, Stopping threads took: 0.0000181 seconds
[2019-12-09T07:20:36.267+0000][1][safepoint    ] Application time: 1.0000882 seconds
[2019-12-09T07:20:36.267+0000][1][safepoint    ] Entering safepoint region: Cleanup
[2019-12-09T07:20:36.267+0000][1][safepoint    ] Leaving safepoint region
[2019-12-09T07:20:36.267+0000][1][safepoint    ] Total time for which application threads were stopped: 0.0000884 seconds, Stopping threads took: 0.0000172 seconds
[2019-12-09T07:20:37.267+0000][1][safepoint    ] Application time: 1.0000683 seconds
[2019-12-09T07:20:37.267+0000][1][safepoint    ] Entering safepoint region: Cleanup
[2019-12-09T07:20:37.267+0000][1][safepoint    ] Leaving safepoint region
[2019-12-09T07:20:37.267+0000][1][safepoint    ] Total time for which application threads were stopped: 0.0000951 seconds, Stopping threads took: 0.0000211 seconds
[2019-12-09T07:20:38.267+0000][1][safepoint    ] Application time: 1.0000801 seconds
[2019-12-09T07:20:38.267+0000][1][safepoint    ] Entering safepoint region: Cleanup
[2019-12-09T07:20:38.267+0000][1][safepoint    ] Leaving safepoint region
[2019-12-09T07:20:38.267+0000][1][safepoint    ] Total time for which application threads were stopped: 0.0000872 seconds, Stopping threads took: 0.0000173 seconds
[2019-12-09T07:20:39.267+0000][1][safepoint    ] Application time: 1.0000793 seconds
[2019-12-09T07:20:39.267+0000][1][safepoint    ] Entering safepoint region: Cleanup
[2019-12-09T07:20:39.267+0000][1][safepoint    ] Leaving safepoint region
[2019-12-09T07:20:39.267+0000][1][safepoint    ] Total time for which application threads were stopped: 0.0000879 seconds, Stopping threads took: 0.0000177 seconds
[2019-12-09T07:20:40.267+0000][1][safepoint    ] Application time: 1.0000946 seconds
[2019-12-09T07:20:40.267+0000][1][safepoint    ] Entering safepoint region: Cleanup
[2019-12-09T07:20:40.268+0000][1][safepoint    ] Leaving safepoint region
[2019-12-09T07:20:40.268+0000][1][safepoint    ] Total time for which application threads were stopped: 0.0000885 seconds, Stopping threads took: 0.0000176 seconds
[2019-12-09T07:20:41.268+0000][1][safepoint    ] Application time: 1.0000845 seconds
[2019-12-09T07:20:41.268+0000][1][safepoint    ] Entering safepoint region: Cleanup
[2019-12-09T07:20:41.268+0000][1][safepoint    ] Leaving safepoint region
[2019-12-09T07:20:41.268+0000][1][safepoint    ] Total time for which application threads were stopped: 0.0001277 seconds, Stopping threads took: 0.0000454 seconds
[2019-12-09T07:20:42.268+0000][1][safepoint    ] Application time: 1.0000830 seconds
[2019-12-09T07:20:42.268+0000][1][safepoint    ] Entering safepoint region: Cleanup
[2019-12-09T07:20:42.268+0000][1][safepoint    ] Leaving safepoint region
[2019-12-09T07:20:42.268+0000][1][safepoint    ] Total time for which application threads were stopped: 0.0000912 seconds, Stopping threads took: 0.0000185 seconds
[2019-12-09T07:20:43.268+0000][1][safepoint    ] Application time: 1.0000775 seconds
[2019-12-09T07:20:43.268+0000][1][safepoint    ] Entering safepoint region: Cleanup
[2019-12-09T07:20:43.268+0000][1][safepoint    ] Leaving safepoint region
[2019-12-09T07:20:43.268+0000][1][safepoint    ] Total time for which application threads were stopped: 0.0000895 seconds, Stopping threads took: 0.0000189 seconds
[2019-12-09T07:20:44.268+0000][1][safepoint    ] Application time: 1.0000756 seconds
[2019-12-09T07:20:44.268+0000][1][safepoint    ] Entering safepoint region: Cleanup
[2019-12-09T07:20:44.268+0000][1][safepoint    ] Leaving safepoint region
[2019-12-09T07:20:44.268+0000][1][safepoint    ] Total time for which application threads were stopped: 0.0000906 seconds, Stopping threads took: 0.0000196 seconds
[2019-12-09T07:20:45.269+0000][1][safepoint    ] Application time: 1.0000827 seconds
[2019-12-09T07:20:45.269+0000][1][safepoint    ] Entering safepoint region: Cleanup
[2019-12-09T07:20:45.269+0000][1][safepoint    ] Leaving safepoint region
[2019-12-09T07:20:45.269+0000][1][safepoint    ] Total time for which application threads were stopped: 0.0000916 seconds, Stopping threads took: 0.0000207 seconds
[2019-12-09T07:20:46.269+0000][1][safepoint    ] Application time: 1.0000869 seconds
[2019-12-09T07:20:46.269+0000][1][safepoint    ] Entering safepoint region: Cleanup
[2019-12-09T07:20:46.269+0000][1][safepoint    ] Leaving safepoint region
[2019-12-09T07:20:46.269+0000][1][safepoint    ] Total time for which application threads were stopped: 0.0001028 seconds, Stopping threads took: 0.0000250 seconds
[2019-12-09T07:20:47.269+0000][1][safepoint    ] Application time: 1.0000893 seconds
[2019-12-09T07:20:47.269+0000][1][safepoint    ] Entering safepoint region: Cleanup
[2019-12-09T07:20:47.269+0000][1][safepoint    ] Leaving safepoint region
[2019-12-09T07:20:47.269+0000][1][safepoint    ] Total time for which application threads were stopped: 0.0000931 seconds, Stopping threads took: 0.0000217 seconds
[2019-12-09T07:20:48.269+0000][1][safepoint    ] Application time: 1.0000758 seconds
[2019-12-09T07:20:48.269+0000][1][safepoint    ] Entering safepoint region: Cleanup
[2019-12-09T07:20:48.269+0000][1][safepoint    ] Leaving safepoint region
[2019-12-09T07:20:48.269+0000][1][safepoint    ] Total time for which application threads were stopped: 0.0000855 seconds, Stopping threads took: 0.0000177 seconds
[2019-12-09T07:20:49.269+0000][1][safepoint    ] Application time: 1.0000757 seconds
[2019-12-09T07:20:49.269+0000][1][safepoint    ] Entering safepoint region: Cleanup
[2019-12-09T07:20:49.270+0000][1][safepoint    ] Leaving safepoint region
[2019-12-09T07:20:49.270+0000][1][safepoint    ] Total time for which application threads were stopped: 0.0000897 seconds, Stopping threads took: 0.0000186 seconds
[2019-12-09T07:20:50.270+0000][1][safepoint    ] Application time: 1.0000746 seconds
[2019-12-09T07:20:50.270+0000][1][safepoint    ] Entering safepoint region: Cleanup
[2019-12-09T07:20:50.270+0000][1][safepoint    ] Leaving safepoint region
[2019-12-09T07:20:50.270+0000][1][safepoint    ] Total time for which application threads were stopped: 0.0000948 seconds, Stopping threads took: 0.0000221 seconds
[2019-12-09T07:20:51.270+0000][1][safepoint    ] Application time: 1.0000750 seconds
[2019-12-09T07:20:51.270+0000][1][safepoint    ] Entering safepoint region: Cleanup
[2019-12-09T07:20:51.270+0000][1][safepoint    ] Leaving safepoint region
[2019-12-09T07:20:51.270+0000][1][safepoint    ] Total time for which application threads were stopped: 0.0000921 seconds, Stopping threads took: 0.0000199 seconds
[2019-12-09T07:20:52.270+0000][1][safepoint    ] Application time: 1.0000752 seconds
[2019-12-09T07:20:52.270+0000][1][safepoint    ] Entering safepoint region: Cleanup
[2019-12-09T07:20:52.270+0000][1][safepoint    ] Leaving safepoint region
[2019-12-09T07:20:52.270+0000][1][safepoint    ] Total time for which application threads were stopped: 0.0000911 seconds, Stopping threads took: 0.0000196 seconds
[2019-12-09T07:20:53.270+0000][1][safepoint    ] Application time: 1.0000760 seconds
[2019-12-09T07:20:53.270+0000][1][safepoint    ] Entering safepoint region: Cleanup
[2019-12-09T07:20:53.270+0000][1][safepoint    ] Leaving safepoint region
[2019-12-09T07:20:53.270+0000][1][safepoint    ] Total time for which application threads were stopped: 0.0000866 seconds, Stopping threads took: 0.0000166 seconds
[2019-12-09T07:20:54.271+0000][1][safepoint    ] Application time: 1.0000772 seconds
[2019-12-09T07:20:54.271+0000][1][safepoint    ] Entering safepoint region: Cleanup
[2019-12-09T07:20:54.271+0000][1][safepoint    ] Leaving safepoint region
[2019-12-09T07:20:54.271+0000][1][safepoint    ] Total time for which application threads were stopped: 0.0000917 seconds, Stopping threads took: 0.0000195 seconds
[2019-12-09T07:20:55.271+0000][1][safepoint    ] Application time: 1.0000766 seconds
[2019-12-09T07:20:55.271+0000][1][safepoint    ] Entering safepoint region: Cleanup
[2019-12-09T07:20:55.271+0000][1][safepoint    ] Leaving safepoint region
[2019-12-09T07:20:55.271+0000][1][safepoint    ] Total time for which application threads were stopped: 0.0000942 seconds, Stopping threads took: 0.0000202 seconds
[2019-12-09T07:20:56.271+0000][1][safepoint    ] Application time: 1.0000767 seconds
[2019-12-09T07:20:56.271+0000][1][safepoint    ] Entering safepoint region: Cleanup
[2019-12-09T07:20:56.271+0000][1][safepoint    ] Leaving safepoint region
[2019-12-09T07:20:56.271+0000][1][safepoint    ] Total time for which application threads were stopped: 0.0000925 seconds, Stopping threads took: 0.0000207 seconds
[2019-12-09T07:20:57.271+0000][1][safepoint    ] Application time: 1.0000771 seconds
[2019-12-09T07:20:57.271+0000][1][safepoint    ] Entering safepoint region: Cleanup
[2019-12-09T07:20:57.271+0000][1][safepoint    ] Leaving safepoint region
[2019-12-09T07:20:57.271+0000][1][safepoint    ] Total time for which application threads were stopped: 0.0000919 seconds, Stopping threads took: 0.0000203 seconds
[2019-12-09T07:20:58.271+0000][1][safepoint    ] Application time: 1.0000747 seconds
[2019-12-09T07:20:58.271+0000][1][safepoint    ] Entering safepoint region: Cleanup
[2019-12-09T07:20:58.271+0000][1][safepoint    ] Leaving safepoint region
[2019-12-09T07:20:58.272+0000][1][safepoint    ] Total time for which application threads were stopped: 0.0000865 seconds, Stopping threads took: 0.0000171 seconds
[2019-12-09T07:20:59.272+0000][1][safepoint    ] Application time: 1.0000755 seconds
[2019-12-09T07:20:59.272+0000][1][safepoint    ] Entering safepoint region: Cleanup
[2019-12-09T07:20:59.272+0000][1][safepoint    ] Leaving safepoint region
[2019-12-09T07:20:59.272+0000][1][safepoint    ] Total time for which application threads were stopped: 0.0001038 seconds, Stopping threads took: 0.0000193 seconds
[2019-12-09T07:21:00.272+0000][1][safepoint    ] Application time: 1.0000741 seconds
[2019-12-09T07:21:00.272+0000][1][safepoint    ] Entering safepoint region: Cleanup
[2019-12-09T07:21:00.272+0000][1][safepoint    ] Leaving safepoint region
[2019-12-09T07:21:00.272+0000][1][safepoint    ] Total time for which application threads were stopped: 0.0000899 seconds, Stopping threads took: 0.0000183 seconds
[2019-12-09T07:21:01.272+0000][1][safepoint    ] Application time: 1.0000761 seconds
[2019-12-09T07:21:01.272+0000][1][safepoint    ] Entering safepoint region: Cleanup
[2019-12-09T07:21:01.272+0000][1][safepoint    ] Leaving safepoint region
[2019-12-09T07:21:01.272+0000][1][safepoint    ] Total time for which application threads were stopped: 0.0000902 seconds, Stopping threads took: 0.0000190 seconds
[2019-12-09T07:21:02.272+0000][1][safepoint    ] Application time: 1.0000748 seconds
[2019-12-09T07:21:02.272+0000][1][safepoint    ] Entering safepoint region: Cleanup
[2019-12-09T07:21:02.272+0000][1][safepoint    ] Leaving safepoint region
[2019-12-09T07:21:02.272+0000][1][safepoint    ] Total time for which application threads were stopped: 0.0000939 seconds, Stopping threads took: 0.0000195 seconds
[2019-12-09T07:21:03.272+0000][1][safepoint    ] Application time: 1.0000755 seconds
[2019-12-09T07:21:03.272+0000][1][safepoint    ] Entering safepoint region: Cleanup
[2019-12-09T07:21:03.273+0000][1][safepoint    ] Leaving safepoint region
[2019-12-09T07:21:03.273+0000][1][safepoint    ] Total time for which application threads were stopped: 0.0000876 seconds, Stopping threads took: 0.0000169 seconds
[2019-12-09T07:21:04.273+0000][1][safepoint    ] Application time: 1.0000752 seconds
[2019-12-09T07:21:04.273+0000][1][safepoint    ] Entering safepoint region: Cleanup
[2019-12-09T07:21:04.273+0000][1][safepoint    ] Leaving safepoint region
[2019-12-09T07:21:04.273+0000][1][safepoint    ] Total time for which application threads were stopped: 0.0000913 seconds, Stopping threads took: 0.0000183 seconds
[2019-12-09T07:21:04.643+0000][1][safepoint    ] Application time: 0.3697860 seconds
[2019-12-09T07:21:04.643+0000][1][safepoint    ] Entering safepoint region: GenCollectForAllocation
[2019-12-09T07:21:04.643+0000][1][gc,start     ] GC(52) Pause Young (Allocation Failure)
[2019-12-09T07:21:04.643+0000][1][gc,task      ] GC(52) Using 2 workers of 2 for evacuation
[2019-12-09T07:21:04.645+0000][1][gc,age       ] GC(52) Desired survivor size 4456448 bytes, new threshold 6 (max threshold 6)
[2019-12-09T07:21:04.645+0000][1][gc,age       ] GC(52) Age table with threshold 6 (max threshold 6)
[2019-12-09T07:21:04.645+0000][1][gc,age       ] GC(52) - age   1:     756208 bytes,     756208 total
[2019-12-09T07:21:04.645+0000][1][gc,age       ] GC(52) - age   2:        224 bytes,     756432 total
[2019-12-09T07:21:04.645+0000][1][gc,age       ] GC(52) - age   3:        304 bytes,     756736 total
[2019-12-09T07:21:04.645+0000][1][gc,age       ] GC(52) - age   4:        440 bytes,     757176 total
[2019-12-09T07:21:04.645+0000][1][gc,age       ] GC(52) - age   5:        688 bytes,     757864 total
[2019-12-09T07:21:04.645+0000][1][gc,age       ] GC(52) - age   6:        248 bytes,     758112 total
[2019-12-09T07:21:04.645+0000][1][gc,heap      ] GC(52) ParNew: 70705K->763K(78656K)
[2019-12-09T07:21:04.645+0000][1][gc,heap      ] GC(52) CMS: 70926K->70928K(174784K)
[2019-12-09T07:21:04.645+0000][1][gc,metaspace ] GC(52) Metaspace: 76016K->76016K(1118208K)
[2019-12-09T07:21:04.645+0000][1][gc           ] GC(52) Pause Young (Allocation Failure) 138M->70M(247M) 2.220ms
[2019-12-09T07:21:04.645+0000][1][gc,cpu       ] GC(52) User=0.00s Sys=0.00s Real=0.01s
[2019-12-09T07:21:04.645+0000][1][safepoint    ] Leaving safepoint region
[2019-12-09T07:21:04.645+0000][1][safepoint    ] Total time for which application threads were stopped: 0.0023986 seconds, Stopping threads took: 0.0000197 seconds
[2019-12-09T07:21:05.645+0000][1][safepoint    ] Application time: 1.0000850 seconds
[2019-12-09T07:21:05.645+0000][1][safepoint    ] Entering safepoint region: Cleanup
[2019-12-09T07:21:05.645+0000][1][safepoint    ] Leaving safepoint region
[2019-12-09T07:21:05.645+0000][1][safepoint    ] Total time for which application threads were stopped: 0.0000906 seconds, Stopping threads took: 0.0000182 seconds
[2019-12-09T07:21:06.645+0000][1][safepoint    ] Application time: 1.0000756 seconds
[2019-12-09T07:21:06.645+0000][1][safepoint    ] Entering safepoint region: Cleanup
[2019-12-09T07:21:06.645+0000][1][safepoint    ] Leaving safepoint region
[2019-12-09T07:21:06.645+0000][1][safepoint    ] Total time for which application threads were stopped: 0.0000876 seconds, Stopping threads took: 0.0000183 seconds
[2019-12-09T07:21:07.646+0000][1][safepoint    ] Application time: 1.0000751 seconds
[2019-12-09T07:21:07.646+0000][1][safepoint    ] Entering safepoint region: Cleanup
[2019-12-09T07:21:07.646+0000][1][safepoint    ] Leaving safepoint region
[2019-12-09T07:21:07.646+0000][1][safepoint    ] Total time for which application threads were stopped: 0.0000896 seconds, Stopping threads took: 0.0000183 seconds
[2019-12-09T07:21:08.646+0000][1][safepoint    ] Application time: 1.0000746 seconds
[2019-12-09T07:21:08.646+0000][1][safepoint    ] Entering safepoint region: Cleanup
[2019-12-09T07:21:08.646+0000][1][safepoint    ] Leaving safepoint region
[2019-12-09T07:21:08.646+0000][1][safepoint    ] Total time for which application threads were stopped: 0.0000879 seconds, Stopping threads took: 0.0000174 seconds
[2019-12-09T07:21:09.646+0000][1][safepoint    ] Application time: 1.0000763 seconds
[2019-12-09T07:21:09.646+0000][1][safepoint    ] Entering safepoint region: Cleanup
[2019-12-09T07:21:09.646+0000][1][safepoint    ] Leaving safepoint region
[2019-12-09T07:21:09.646+0000][1][safepoint    ] Total time for which application threads were stopped: 0.0000900 seconds, Stopping threads took: 0.0000186 seconds
[2019-12-09T07:21:10.646+0000][1][safepoint    ] Application time: 1.0000769 seconds
[2019-12-09T07:21:10.646+0000][1][safepoint    ] Entering safepoint region: Cleanup
[2019-12-09T07:21:10.646+0000][1][safepoint    ] Leaving safepoint region
[2019-12-09T07:21:10.646+0000][1][safepoint    ] Total time for which application threads were stopped: 0.0000858 seconds, Stopping threads took: 0.0000172 seconds
[2019-12-09T07:21:11.646+0000][1][safepoint    ] Application time: 1.0000771 seconds
[2019-12-09T07:21:11.646+0000][1][safepoint    ] Entering safepoint region: Cleanup
[2019-12-09T07:21:11.646+0000][1][safepoint    ] Leaving safepoint region
[2019-12-09T07:21:11.646+0000][1][safepoint    ] Total time for which application threads were stopped: 0.0000889 seconds, Stopping threads took: 0.0000190 seconds
[2019-12-09T07:21:12.647+0000][1][safepoint    ] Application time: 1.0000757 seconds
[2019-12-09T07:21:12.647+0000][1][safepoint    ] Entering safepoint region: Cleanup
[2019-12-09T07:21:12.647+0000][1][safepoint    ] Leaving safepoint region
[2019-12-09T07:21:12.647+0000][1][safepoint    ] Total time for which application threads were stopped: 0.0000998 seconds, Stopping threads took: 0.0000184 seconds
[2019-12-09T07:21:13.647+0000][1][safepoint    ] Application time: 1.0000758 seconds
[2019-12-09T07:21:13.647+0000][1][safepoint    ] Entering safepoint region: Cleanup
[2019-12-09T07:21:13.647+0000][1][safepoint    ] Leaving safepoint region
[2019-12-09T07:21:13.647+0000][1][safepoint    ] Total time for which application threads were stopped: 0.0000871 seconds, Stopping threads took: 0.0000186 seconds
[2019-12-09T07:21:14.647+0000][1][safepoint    ] Application time: 1.0000756 seconds
[2019-12-09T07:21:14.647+0000][1][safepoint    ] Entering safepoint region: Cleanup
[2019-12-09T07:21:14.647+0000][1][safepoint    ] Leaving safepoint region
[2019-12-09T07:21:14.647+0000][1][safepoint    ] Total time for which application threads were stopped: 0.0000882 seconds, Stopping threads took: 0.0000198 seconds
[2019-12-09T07:21:15.647+0000][1][safepoint    ] Application time: 1.0000772 seconds
[2019-12-09T07:21:15.647+0000][1][safepoint    ] Entering safepoint region: Cleanup
[2019-12-09T07:21:15.647+0000][1][safepoint    ] Leaving safepoint region
[2019-12-09T07:21:15.647+0000][1][safepoint    ] Total time for which application threads were stopped: 0.0000885 seconds, Stopping threads took: 0.0000176 seconds
[2019-12-09T07:21:16.647+0000][1][safepoint    ] Application time: 1.0000769 seconds
[2019-12-09T07:21:16.647+0000][1][safepoint    ] Entering safepoint region: Cleanup
[2019-12-09T07:21:16.648+0000][1][safepoint    ] Leaving safepoint region
[2019-12-09T07:21:16.648+0000][1][safepoint    ] Total time for which application threads were stopped: 0.0000944 seconds, Stopping threads took: 0.0000173 seconds
[2019-12-09T07:21:17.648+0000][1][safepoint    ] Application time: 1.0000772 seconds
[2019-12-09T07:21:17.648+0000][1][safepoint    ] Entering safepoint region: Cleanup
[2019-12-09T07:21:17.648+0000][1][safepoint    ] Leaving safepoint region
[2019-12-09T07:21:17.648+0000][1][safepoint    ] Total time for which application threads were stopped: 0.0001004 seconds, Stopping threads took: 0.0000296 seconds
[2019-12-09T07:21:18.648+0000][1][safepoint    ] Application time: 1.0000772 seconds
[2019-12-09T07:21:18.648+0000][1][safepoint    ] Entering safepoint region: Cleanup
[2019-12-09T07:21:18.648+0000][1][safepoint    ] Leaving safepoint region
[2019-12-09T07:21:18.648+0000][1][safepoint    ] Total time for which application threads were stopped: 0.0000889 seconds, Stopping threads took: 0.0000185 seconds
[2019-12-09T07:21:19.648+0000][1][safepoint    ] Application time: 1.0000762 seconds
[2019-12-09T07:21:19.648+0000][1][safepoint    ] Entering safepoint region: Cleanup
[2019-12-09T07:21:19.648+0000][1][safepoint    ] Leaving safepoint region
[2019-12-09T07:21:19.648+0000][1][safepoint    ] Total time for which application threads were stopped: 0.0000971 seconds, Stopping threads took: 0.0000279 seconds
[2019-12-09T07:21:20.648+0000][1][safepoint    ] Application time: 1.0000803 seconds
[2019-12-09T07:21:20.648+0000][1][safepoint    ] Entering safepoint region: Cleanup
[2019-12-09T07:21:20.648+0000][1][safepoint    ] Leaving safepoint region
[2019-12-09T07:21:20.648+0000][1][safepoint    ] Total time for which application threads were stopped: 0.0000946 seconds, Stopping threads took: 0.0000192 seconds
[2019-12-09T07:21:21.649+0000][1][safepoint    ] Application time: 1.0000788 seconds
[2019-12-09T07:21:21.649+0000][1][safepoint    ] Entering safepoint region: Cleanup
[2019-12-09T07:21:21.649+0000][1][safepoint    ] Leaving safepoint region
[2019-12-09T07:21:21.649+0000][1][safepoint    ] Total time for which application threads were stopped: 0.0000993 seconds, Stopping threads took: 0.0000288 seconds
[2019-12-09T07:21:22.649+0000][1][safepoint    ] Application time: 1.0000781 seconds
[2019-12-09T07:21:22.649+0000][1][safepoint    ] Entering safepoint region: Cleanup
[2019-12-09T07:21:22.649+0000][1][safepoint    ] Leaving safepoint region
[2019-12-09T07:21:22.649+0000][1][safepoint    ] Total time for which application threads were stopped: 0.0000939 seconds, Stopping threads took: 0.0000202 seconds
[2019-12-09T07:21:23.649+0000][1][safepoint    ] Application time: 1.0000809 seconds
[2019-12-09T07:21:23.649+0000][1][safepoint    ] Entering safepoint region: Cleanup
[2019-12-09T07:21:23.649+0000][1][safepoint    ] Leaving safepoint region
[2019-12-09T07:21:23.649+0000][1][safepoint    ] Total time for which application threads were stopped: 0.0001242 seconds, Stopping threads took: 0.0000286 seconds
[2019-12-09T07:21:24.649+0000][1][safepoint    ] Application time: 1.0000777 seconds
[2019-12-09T07:21:24.649+0000][1][safepoint    ] Entering safepoint region: Cleanup
[2019-12-09T07:21:24.649+0000][1][safepoint    ] Leaving safepoint region
[2019-12-09T07:21:24.649+0000][1][safepoint    ] Total time for which application threads were stopped: 0.0001060 seconds, Stopping threads took: 0.0000333 seconds
[2019-12-09T07:21:25.649+0000][1][safepoint    ] Application time: 1.0000861 seconds
[2019-12-09T07:21:25.649+0000][1][safepoint    ] Entering safepoint region: Cleanup
[2019-12-09T07:21:25.650+0000][1][safepoint    ] Leaving safepoint region
[2019-12-09T07:21:25.650+0000][1][safepoint    ] Total time for which application threads were stopped: 0.0000984 seconds, Stopping threads took: 0.0000220 seconds
[2019-12-09T07:21:26.650+0000][1][safepoint    ] Application time: 1.0000818 seconds
[2019-12-09T07:21:26.650+0000][1][safepoint    ] Entering safepoint region: Cleanup
[2019-12-09T07:21:26.650+0000][1][safepoint    ] Leaving safepoint region
[2019-12-09T07:21:26.650+0000][1][safepoint    ] Total time for which application threads were stopped: 0.0000970 seconds, Stopping threads took: 0.0000229 seconds
[2019-12-09T07:21:27.650+0000][1][safepoint    ] Application time: 1.0000817 seconds
[2019-12-09T07:21:27.650+0000][1][safepoint    ] Entering safepoint region: Cleanup
[2019-12-09T07:21:27.650+0000][1][safepoint    ] Leaving safepoint region
[2019-12-09T07:21:27.650+0000][1][safepoint    ] Total time for which application threads were stopped: 0.0001182 seconds, Stopping threads took: 0.0000255 seconds
[2019-12-09T07:21:28.650+0000][1][safepoint    ] Application time: 1.0000770 seconds
[2019-12-09T07:21:28.650+0000][1][safepoint    ] Entering safepoint region: Cleanup
[2019-12-09T07:21:28.650+0000][1][safepoint    ] Leaving safepoint region
[2019-12-09T07:21:28.650+0000][1][safepoint    ] Total time for which application threads were stopped: 0.0001061 seconds, Stopping threads took: 0.0000187 seconds
[2019-12-09T07:21:29.650+0000][1][safepoint    ] Application time: 1.0000843 seconds
[2019-12-09T07:21:29.650+0000][1][safepoint    ] Entering safepoint region: Cleanup
[2019-12-09T07:21:29.651+0000][1][safepoint    ] Leaving safepoint region
[2019-12-09T07:21:29.651+0000][1][safepoint    ] Total time for which application threads were stopped: 0.0001019 seconds, Stopping threads took: 0.0000301 seconds
[2019-12-09T07:21:30.651+0000][1][safepoint    ] Application time: 1.0000775 seconds
[2019-12-09T07:21:30.651+0000][1][safepoint    ] Entering safepoint region: Cleanup
[2019-12-09T07:21:30.651+0000][1][safepoint    ] Leaving safepoint region
[2019-12-09T07:21:30.651+0000][1][safepoint    ] Total time for which application threads were stopped: 0.0001004 seconds, Stopping threads took: 0.0000201 seconds
[2019-12-09T07:21:31.651+0000][1][safepoint    ] Application time: 1.0000747 seconds
[2019-12-09T07:21:31.651+0000][1][safepoint    ] Entering safepoint region: Cleanup
[2019-12-09T07:21:31.651+0000][1][safepoint    ] Leaving safepoint region
[2019-12-09T07:21:31.651+0000][1][safepoint    ] Total time for which application threads were stopped: 0.0000905 seconds, Stopping threads took: 0.0000200 seconds
[2019-12-09T07:21:32.651+0000][1][safepoint    ] Application time: 1.0000755 seconds
[2019-12-09T07:21:32.651+0000][1][safepoint    ] Entering safepoint region: Cleanup
[2019-12-09T07:21:32.651+0000][1][safepoint    ] Leaving safepoint region
[2019-12-09T07:21:32.651+0000][1][safepoint    ] Total time for which application threads were stopped: 0.0000929 seconds, Stopping threads took: 0.0000206 seconds
[2019-12-09T07:21:33.651+0000][1][safepoint    ] Application time: 1.0000751 seconds
[2019-12-09T07:21:33.651+0000][1][safepoint    ] Entering safepoint region: Cleanup
[2019-12-09T07:21:33.651+0000][1][safepoint    ] Leaving safepoint region
[2019-12-09T07:21:33.651+0000][1][safepoint    ] Total time for which application threads were stopped: 0.0000915 seconds, Stopping threads took: 0.0000205 seconds
[2019-12-09T07:21:34.651+0000][1][safepoint    ] Application time: 1.0000750 seconds
[2019-12-09T07:21:34.652+0000][1][safepoint    ] Entering safepoint region: Cleanup
[2019-12-09T07:21:34.652+0000][1][safepoint    ] Leaving safepoint region
[2019-12-09T07:21:34.652+0000][1][safepoint    ] Total time for which application threads were stopped: 0.0000993 seconds, Stopping threads took: 0.0000209 seconds
[2019-12-09T07:21:35.652+0000][1][safepoint    ] Application time: 1.0000776 seconds
[2019-12-09T07:21:35.652+0000][1][safepoint    ] Entering safepoint region: Cleanup
[2019-12-09T07:21:35.652+0000][1][safepoint    ] Leaving safepoint region
[2019-12-09T07:21:35.652+0000][1][safepoint    ] Total time for which application threads were stopped: 0.0000945 seconds, Stopping threads took: 0.0000213 seconds
[2019-12-09T07:21:36.652+0000][1][safepoint    ] Application time: 1.0000765 seconds
[2019-12-09T07:21:36.652+0000][1][safepoint    ] Entering safepoint region: Cleanup
[2019-12-09T07:21:36.652+0000][1][safepoint    ] Leaving safepoint region
[2019-12-09T07:21:36.652+0000][1][safepoint    ] Total time for which application threads were stopped: 0.0000937 seconds, Stopping threads took: 0.0000191 seconds
[2019-12-09T07:21:37.652+0000][1][safepoint    ] Application time: 1.0000743 seconds
[2019-12-09T07:21:37.652+0000][1][safepoint    ] Entering safepoint region: Cleanup
[2019-12-09T07:21:37.652+0000][1][safepoint    ] Leaving safepoint region
[2019-12-09T07:21:37.652+0000][1][safepoint    ] Total time for which application threads were stopped: 0.0000909 seconds, Stopping threads took: 0.0000191 seconds
[2019-12-09T07:21:38.652+0000][1][safepoint    ] Application time: 1.0000758 seconds
[2019-12-09T07:21:38.652+0000][1][safepoint    ] Entering safepoint region: Cleanup
[2019-12-09T07:21:38.652+0000][1][safepoint    ] Leaving safepoint region
[2019-12-09T07:21:38.652+0000][1][safepoint    ] Total time for which application threads were stopped: 0.0000923 seconds, Stopping threads took: 0.0000212 seconds
[2019-12-09T07:21:39.653+0000][1][safepoint    ] Application time: 1.0000774 seconds
[2019-12-09T07:21:39.653+0000][1][safepoint    ] Entering safepoint region: Cleanup
[2019-12-09T07:21:39.653+0000][1][safepoint    ] Leaving safepoint region
[2019-12-09T07:21:39.653+0000][1][safepoint    ] Total time for which application threads were stopped: 0.0001185 seconds, Stopping threads took: 0.0000279 seconds
[2019-12-09T07:21:40.653+0000][1][safepoint    ] Application time: 1.0000758 seconds
[2019-12-09T07:21:40.653+0000][1][safepoint    ] Entering safepoint region: Cleanup
[2019-12-09T07:21:40.653+0000][1][safepoint    ] Leaving safepoint region
[2019-12-09T07:21:40.653+0000][1][safepoint    ] Total time for which application threads were stopped: 0.0000921 seconds, Stopping threads took: 0.0000194 seconds
[2019-12-09T07:21:41.653+0000][1][safepoint    ] Application time: 1.0000759 seconds
[2019-12-09T07:21:41.653+0000][1][safepoint    ] Entering safepoint region: Cleanup
[2019-12-09T07:21:41.653+0000][1][safepoint    ] Leaving safepoint region
[2019-12-09T07:21:41.653+0000][1][safepoint    ] Total time for which application threads were stopped: 0.0000910 seconds, Stopping threads took: 0.0000203 seconds
[2019-12-09T07:21:42.653+0000][1][safepoint    ] Application time: 1.0000754 seconds
[2019-12-09T07:21:42.653+0000][1][safepoint    ] Entering safepoint region: Cleanup
[2019-12-09T07:21:42.653+0000][1][safepoint    ] Leaving safepoint region
[2019-12-09T07:21:42.653+0000][1][safepoint    ] Total time for which application threads were stopped: 0.0000924 seconds, Stopping threads took: 0.0000195 seconds
[2019-12-09T07:21:43.653+0000][1][safepoint    ] Application time: 1.0000772 seconds
[2019-12-09T07:21:43.653+0000][1][safepoint    ] Entering safepoint region: Cleanup
[2019-12-09T07:21:43.654+0000][1][safepoint    ] Leaving safepoint region
[2019-12-09T07:21:43.654+0000][1][safepoint    ] Total time for which application threads were stopped: 0.0000900 seconds, Stopping threads took: 0.0000175 seconds
[2019-12-09T07:21:44.654+0000][1][safepoint    ] Application time: 1.0000747 seconds
[2019-12-09T07:21:44.654+0000][1][safepoint    ] Entering safepoint region: Cleanup
[2019-12-09T07:21:44.654+0000][1][safepoint    ] Leaving safepoint region
[2019-12-09T07:21:44.654+0000][1][safepoint    ] Total time for which application threads were stopped: 0.0001016 seconds, Stopping threads took: 0.0000303 seconds
[2019-12-09T07:21:45.654+0000][1][safepoint    ] Application time: 1.0000774 seconds
[2019-12-09T07:21:45.654+0000][1][safepoint    ] Entering safepoint region: Cleanup
[2019-12-09T07:21:45.654+0000][1][safepoint    ] Leaving safepoint region
[2019-12-09T07:21:45.654+0000][1][safepoint    ] Total time for which application threads were stopped: 0.0000948 seconds, Stopping threads took: 0.0000210 seconds
[2019-12-09T07:21:46.290+0000][1][safepoint    ] Application time: 0.6362447 seconds
[2019-12-09T07:21:46.290+0000][1][safepoint    ] Entering safepoint region: GenCollectForAllocation
[2019-12-09T07:21:46.290+0000][1][gc,start     ] GC(53) Pause Young (Allocation Failure)
[2019-12-09T07:21:46.290+0000][1][gc,task      ] GC(53) Using 2 workers of 2 for evacuation
[2019-12-09T07:21:46.292+0000][1][gc,age       ] GC(53) Desired survivor size 4456448 bytes, new threshold 6 (max threshold 6)
[2019-12-09T07:21:46.292+0000][1][gc,age       ] GC(53) Age table with threshold 6 (max threshold 6)
[2019-12-09T07:21:46.292+0000][1][gc,age       ] GC(53) - age   1:     756144 bytes,     756144 total
[2019-12-09T07:21:46.292+0000][1][gc,age       ] GC(53) - age   2:       1376 bytes,     757520 total
[2019-12-09T07:21:46.292+0000][1][gc,age       ] GC(53) - age   3:        224 bytes,     757744 total
[2019-12-09T07:21:46.292+0000][1][gc,age       ] GC(53) - age   4:        304 bytes,     758048 total
[2019-12-09T07:21:46.292+0000][1][gc,age       ] GC(53) - age   5:        440 bytes,     758488 total
[2019-12-09T07:21:46.292+0000][1][gc,age       ] GC(53) - age   6:        688 bytes,     759176 total
[2019-12-09T07:21:46.292+0000][1][gc,heap      ] GC(53) ParNew: 70715K->759K(78656K)
[2019-12-09T07:21:46.292+0000][1][gc,heap      ] GC(53) CMS: 70928K->70928K(174784K)
[2019-12-09T07:21:46.292+0000][1][gc,metaspace ] GC(53) Metaspace: 76024K->76024K(1118208K)
[2019-12-09T07:21:46.292+0000][1][gc           ] GC(53) Pause Young (Allocation Failure) 138M->70M(247M) 2.080ms
[2019-12-09T07:21:46.292+0000][1][gc,cpu       ] GC(53) User=0.00s Sys=0.00s Real=0.00s
[2019-12-09T07:21:46.292+0000][1][safepoint    ] Leaving safepoint region
[2019-12-09T07:21:46.293+0000][1][safepoint    ] Total time for which application threads were stopped: 0.0022397 seconds, Stopping threads took: 0.0000178 seconds
[2019-12-09T07:21:47.293+0000][1][safepoint    ] Application time: 1.0000849 seconds
[2019-12-09T07:21:47.293+0000][1][safepoint    ] Entering safepoint region: Cleanup
[2019-12-09T07:21:47.293+0000][1][safepoint    ] Leaving safepoint region
[2019-12-09T07:21:47.293+0000][1][safepoint    ] Total time for which application threads were stopped: 0.0001029 seconds, Stopping threads took: 0.0000201 seconds
[2019-12-09T07:21:48.293+0000][1][safepoint    ] Application time: 1.0000762 seconds
[2019-12-09T07:21:48.293+0000][1][safepoint    ] Entering safepoint region: Cleanup
[2019-12-09T07:21:48.293+0000][1][safepoint    ] Leaving safepoint region
[2019-12-09T07:21:48.293+0000][1][safepoint    ] Total time for which application threads were stopped: 0.0000919 seconds, Stopping threads took: 0.0000205 seconds
[2019-12-09T07:21:49.293+0000][1][safepoint    ] Application time: 1.0000736 seconds
[2019-12-09T07:21:49.293+0000][1][safepoint    ] Entering safepoint region: Cleanup
[2019-12-09T07:21:49.293+0000][1][safepoint    ] Leaving safepoint region
[2019-12-09T07:21:49.293+0000][1][safepoint    ] Total time for which application threads were stopped: 0.0000952 seconds, Stopping threads took: 0.0000208 seconds
[2019-12-09T07:21:50.293+0000][1][safepoint    ] Application time: 1.0000738 seconds
[2019-12-09T07:21:50.293+0000][1][safepoint    ] Entering safepoint region: Cleanup
[2019-12-09T07:21:50.293+0000][1][safepoint    ] Leaving safepoint region
[2019-12-09T07:21:50.293+0000][1][safepoint    ] Total time for which application threads were stopped: 0.0000993 seconds, Stopping threads took: 0.0000196 seconds
[2019-12-09T07:21:51.293+0000][1][safepoint    ] Application time: 1.0000854 seconds
[2019-12-09T07:21:51.294+0000][1][safepoint    ] Entering safepoint region: Cleanup
[2019-12-09T07:21:51.294+0000][1][safepoint    ] Leaving safepoint region
[2019-12-09T07:21:51.294+0000][1][safepoint    ] Total time for which application threads were stopped: 0.0001417 seconds, Stopping threads took: 0.0000595 seconds
[2019-12-09T07:21:52.294+0000][1][safepoint    ] Application time: 1.0000952 seconds
[2019-12-09T07:21:52.294+0000][1][safepoint    ] Entering safepoint region: Cleanup
[2019-12-09T07:21:52.294+0000][1][safepoint    ] Leaving safepoint region
[2019-12-09T07:21:52.294+0000][1][safepoint    ] Total time for which application threads were stopped: 0.0000942 seconds, Stopping threads took: 0.0000218 seconds
[2019-12-09T07:21:53.294+0000][1][safepoint    ] Application time: 1.0000749 seconds
[2019-12-09T07:21:53.294+0000][1][safepoint    ] Entering safepoint region: Cleanup
[2019-12-09T07:21:53.294+0000][1][safepoint    ] Leaving safepoint region
[2019-12-09T07:21:53.294+0000][1][safepoint    ] Total time for which application threads were stopped: 0.0000940 seconds, Stopping threads took: 0.0000201 seconds
[2019-12-09T07:21:54.294+0000][1][safepoint    ] Application time: 1.0000749 seconds
[2019-12-09T07:21:54.294+0000][1][safepoint    ] Entering safepoint region: Cleanup
[2019-12-09T07:21:54.294+0000][1][safepoint    ] Leaving safepoint region
[2019-12-09T07:21:54.294+0000][1][safepoint    ] Total time for which application threads were stopped: 0.0000916 seconds, Stopping threads took: 0.0000189 seconds
[2019-12-09T07:21:55.294+0000][1][safepoint    ] Application time: 1.0000750 seconds
[2019-12-09T07:21:55.294+0000][1][safepoint    ] Entering safepoint region: Cleanup
[2019-12-09T07:21:55.295+0000][1][safepoint    ] Leaving safepoint region
[2019-12-09T07:21:55.295+0000][1][safepoint    ] Total time for which application threads were stopped: 0.0000923 seconds, Stopping threads took: 0.0000206 seconds
[2019-12-09T07:21:56.295+0000][1][safepoint    ] Application time: 1.0000743 seconds
[2019-12-09T07:21:56.295+0000][1][safepoint    ] Entering safepoint region: Cleanup
[2019-12-09T07:21:56.295+0000][1][safepoint    ] Leaving safepoint region
[2019-12-09T07:21:56.295+0000][1][safepoint    ] Total time for which application threads were stopped: 0.0001421 seconds, Stopping threads took: 0.0000465 seconds
[2019-12-09T07:21:57.295+0000][1][safepoint    ] Application time: 1.0000830 seconds
[2019-12-09T07:21:57.295+0000][1][safepoint    ] Entering safepoint region: Cleanup
[2019-12-09T07:21:57.295+0000][1][safepoint    ] Leaving safepoint region
[2019-12-09T07:21:57.295+0000][1][safepoint    ] Total time for which application threads were stopped: 0.0000913 seconds, Stopping threads took: 0.0000212 seconds
[2019-12-09T07:21:58.295+0000][1][safepoint    ] Application time: 1.0000757 seconds
[2019-12-09T07:21:58.295+0000][1][safepoint    ] Entering safepoint region: Cleanup
[2019-12-09T07:21:58.295+0000][1][safepoint    ] Leaving safepoint region
[2019-12-09T07:21:58.295+0000][1][safepoint    ] Total time for which application threads were stopped: 0.0000986 seconds, Stopping threads took: 0.0000219 seconds
[2019-12-09T07:21:59.295+0000][1][safepoint    ] Application time: 1.0000750 seconds
[2019-12-09T07:21:59.295+0000][1][safepoint    ] Entering safepoint region: Cleanup
[2019-12-09T07:21:59.295+0000][1][safepoint    ] Leaving safepoint region
[2019-12-09T07:21:59.295+0000][1][safepoint    ] Total time for which application threads were stopped: 0.0000926 seconds, Stopping threads took: 0.0000213 seconds
[2019-12-09T07:22:00.296+0000][1][safepoint    ] Application time: 1.0000758 seconds
[2019-12-09T07:22:00.296+0000][1][safepoint    ] Entering safepoint region: Cleanup
[2019-12-09T07:22:00.296+0000][1][safepoint    ] Leaving safepoint region
[2019-12-09T07:22:00.296+0000][1][safepoint    ] Total time for which application threads were stopped: 0.0001030 seconds, Stopping threads took: 0.0000191 seconds
[2019-12-09T07:22:01.296+0000][1][safepoint    ] Application time: 1.0000753 seconds
[2019-12-09T07:22:01.296+0000][1][safepoint    ] Entering safepoint region: Cleanup
[2019-12-09T07:22:01.296+0000][1][safepoint    ] Leaving safepoint region
[2019-12-09T07:22:01.296+0000][1][safepoint    ] Total time for which application threads were stopped: 0.0000919 seconds, Stopping threads took: 0.0000211 seconds
[2019-12-09T07:22:02.296+0000][1][safepoint    ] Application time: 1.0000787 seconds
[2019-12-09T07:22:02.296+0000][1][safepoint    ] Entering safepoint region: Cleanup
[2019-12-09T07:22:02.296+0000][1][safepoint    ] Leaving safepoint region
[2019-12-09T07:22:02.296+0000][1][safepoint    ] Total time for which application threads were stopped: 0.0000924 seconds, Stopping threads took: 0.0000202 seconds
[2019-12-09T07:22:03.296+0000][1][safepoint    ] Application time: 1.0000764 seconds
[2019-12-09T07:22:03.296+0000][1][safepoint    ] Entering safepoint region: Cleanup
[2019-12-09T07:22:03.296+0000][1][safepoint    ] Leaving safepoint region
[2019-12-09T07:22:03.296+0000][1][safepoint    ] Total time for which application threads were stopped: 0.0000910 seconds, Stopping threads took: 0.0000193 seconds
[2019-12-09T07:22:04.296+0000][1][safepoint    ] Application time: 1.0000750 seconds
[2019-12-09T07:22:04.296+0000][1][safepoint    ] Entering safepoint region: Cleanup
[2019-12-09T07:22:04.297+0000][1][safepoint    ] Leaving safepoint region
[2019-12-09T07:22:04.297+0000][1][safepoint    ] Total time for which application threads were stopped: 0.0000913 seconds, Stopping threads took: 0.0000207 seconds
[2019-12-09T07:22:05.297+0000][1][safepoint    ] Application time: 1.0000781 seconds
[2019-12-09T07:22:05.297+0000][1][safepoint    ] Entering safepoint region: Cleanup
[2019-12-09T07:22:05.297+0000][1][safepoint    ] Leaving safepoint region
[2019-12-09T07:22:05.297+0000][1][safepoint    ] Total time for which application threads were stopped: 0.0001081 seconds, Stopping threads took: 0.0000313 seconds
[2019-12-09T07:22:06.297+0000][1][safepoint    ] Application time: 1.0000759 seconds
[2019-12-09T07:22:06.297+0000][1][safepoint    ] Entering safepoint region: Cleanup
[2019-12-09T07:22:06.297+0000][1][safepoint    ] Leaving safepoint region
[2019-12-09T07:22:06.297+0000][1][safepoint    ] Total time for which application threads were stopped: 0.0000926 seconds, Stopping threads took: 0.0000191 seconds
[2019-12-09T07:22:07.297+0000][1][safepoint    ] Application time: 1.0000756 seconds
[2019-12-09T07:22:07.297+0000][1][safepoint    ] Entering safepoint region: Cleanup
[2019-12-09T07:22:07.297+0000][1][safepoint    ] Leaving safepoint region
[2019-12-09T07:22:07.297+0000][1][safepoint    ] Total time for which application threads were stopped: 0.0000930 seconds, Stopping threads took: 0.0000203 seconds
[2019-12-09T07:22:08.297+0000][1][safepoint    ] Application time: 1.0000748 seconds
[2019-12-09T07:22:08.297+0000][1][safepoint    ] Entering safepoint region: Cleanup
[2019-12-09T07:22:08.297+0000][1][safepoint    ] Leaving safepoint region
[2019-12-09T07:22:08.297+0000][1][safepoint    ] Total time for which application threads were stopped: 0.0000904 seconds, Stopping threads took: 0.0000190 seconds
[2019-12-09T07:22:09.298+0000][1][safepoint    ] Application time: 1.0000641 seconds
[2019-12-09T07:22:09.298+0000][1][safepoint    ] Entering safepoint region: Cleanup
[2019-12-09T07:22:09.298+0000][1][safepoint    ] Leaving safepoint region
[2019-12-09T07:22:09.298+0000][1][safepoint    ] Total time for which application threads were stopped: 0.0001091 seconds, Stopping threads took: 0.0000205 seconds
[2019-12-09T07:22:10.298+0000][1][safepoint    ] Application time: 1.0000748 seconds
[2019-12-09T07:22:10.298+0000][1][safepoint    ] Entering safepoint region: Cleanup
[2019-12-09T07:22:10.298+0000][1][safepoint    ] Leaving safepoint region
[2019-12-09T07:22:10.298+0000][1][safepoint    ] Total time for which application threads were stopped: 0.0000902 seconds, Stopping threads took: 0.0000198 seconds
[2019-12-09T07:22:11.298+0000][1][safepoint    ] Application time: 1.0000766 seconds
[2019-12-09T07:22:11.298+0000][1][safepoint    ] Entering safepoint region: Cleanup
[2019-12-09T07:22:11.298+0000][1][safepoint    ] Leaving safepoint region
[2019-12-09T07:22:11.298+0000][1][safepoint    ] Total time for which application threads were stopped: 0.0000984 seconds, Stopping threads took: 0.0000195 seconds
[2019-12-09T07:22:12.298+0000][1][safepoint    ] Application time: 1.0000767 seconds
[2019-12-09T07:22:12.298+0000][1][safepoint    ] Entering safepoint region: Cleanup
[2019-12-09T07:22:12.298+0000][1][safepoint    ] Leaving safepoint region
[2019-12-09T07:22:12.298+0000][1][safepoint    ] Total time for which application threads were stopped: 0.0000897 seconds, Stopping threads took: 0.0000183 seconds
[2019-12-09T07:22:13.298+0000][1][safepoint    ] Application time: 1.0000753 seconds
[2019-12-09T07:22:13.298+0000][1][safepoint    ] Entering safepoint region: Cleanup
[2019-12-09T07:22:13.298+0000][1][safepoint    ] Leaving safepoint region
[2019-12-09T07:22:13.298+0000][1][safepoint    ] Total time for which application threads were stopped: 0.0000922 seconds, Stopping threads took: 0.0000216 seconds
[2019-12-09T07:22:14.299+0000][1][safepoint    ] Application time: 1.0000851 seconds
[2019-12-09T07:22:14.299+0000][1][safepoint    ] Entering safepoint region: Cleanup
[2019-12-09T07:22:14.299+0000][1][safepoint    ] Leaving safepoint region
[2019-12-09T07:22:14.299+0000][1][safepoint    ] Total time for which application threads were stopped: 0.0001017 seconds, Stopping threads took: 0.0000203 seconds
[2019-12-09T07:22:15.299+0000][1][safepoint    ] Application time: 1.0000747 seconds
[2019-12-09T07:22:15.299+0000][1][safepoint    ] Entering safepoint region: Cleanup
[2019-12-09T07:22:15.299+0000][1][safepoint    ] Leaving safepoint region
[2019-12-09T07:22:15.299+0000][1][safepoint    ] Total time for which application threads were stopped: 0.0000888 seconds, Stopping threads took: 0.0000190 seconds
[2019-12-09T07:22:16.299+0000][1][safepoint    ] Application time: 1.0000765 seconds
[2019-12-09T07:22:16.299+0000][1][safepoint    ] Entering safepoint region: Cleanup
[2019-12-09T07:22:16.299+0000][1][safepoint    ] Leaving safepoint region
[2019-12-09T07:22:16.299+0000][1][safepoint    ] Total time for which application threads were stopped: 0.0000880 seconds, Stopping threads took: 0.0000200 seconds
[2019-12-09T07:22:17.299+0000][1][safepoint    ] Application time: 1.0000752 seconds
[2019-12-09T07:22:17.299+0000][1][safepoint    ] Entering safepoint region: Cleanup
[2019-12-09T07:22:17.299+0000][1][safepoint    ] Leaving safepoint region
[2019-12-09T07:22:17.299+0000][1][safepoint    ] Total time for which application threads were stopped: 0.0000924 seconds, Stopping threads took: 0.0000202 seconds
[2019-12-09T07:22:18.299+0000][1][safepoint    ] Application time: 1.0000762 seconds
[2019-12-09T07:22:18.300+0000][1][safepoint    ] Entering safepoint region: Cleanup
[2019-12-09T07:22:18.300+0000][1][safepoint    ] Leaving safepoint region
[2019-12-09T07:22:18.300+0000][1][safepoint    ] Total time for which application threads were stopped: 0.0000931 seconds, Stopping threads took: 0.0000224 seconds
[2019-12-09T07:22:19.300+0000][1][safepoint    ] Application time: 1.0000751 seconds
[2019-12-09T07:22:19.300+0000][1][safepoint    ] Entering safepoint region: Cleanup
[2019-12-09T07:22:19.300+0000][1][safepoint    ] Leaving safepoint region
[2019-12-09T07:22:19.300+0000][1][safepoint    ] Total time for which application threads were stopped: 0.0000882 seconds, Stopping threads took: 0.0000204 seconds
[2019-12-09T07:22:20.300+0000][1][safepoint    ] Application time: 1.0000755 seconds
[2019-12-09T07:22:20.300+0000][1][safepoint    ] Entering safepoint region: Cleanup
[2019-12-09T07:22:20.300+0000][1][safepoint    ] Leaving safepoint region
[2019-12-09T07:22:20.300+0000][1][safepoint    ] Total time for which application threads were stopped: 0.0000880 seconds, Stopping threads took: 0.0000206 seconds
[2019-12-09T07:22:21.300+0000][1][safepoint    ] Application time: 1.0000756 seconds
[2019-12-09T07:22:21.300+0000][1][safepoint    ] Entering safepoint region: Cleanup
[2019-12-09T07:22:21.300+0000][1][safepoint    ] Leaving safepoint region
[2019-12-09T07:22:21.300+0000][1][safepoint    ] Total time for which application threads were stopped: 0.0000991 seconds, Stopping threads took: 0.0000286 seconds
[2019-12-09T07:22:22.300+0000][1][safepoint    ] Application time: 1.0000745 seconds
[2019-12-09T07:22:22.300+0000][1][safepoint    ] Entering safepoint region: Cleanup
[2019-12-09T07:22:22.300+0000][1][safepoint    ] Leaving safepoint region
[2019-12-09T07:22:22.300+0000][1][safepoint    ] Total time for which application threads were stopped: 0.0000883 seconds, Stopping threads took: 0.0000193 seconds
[2019-12-09T07:22:23.301+0000][1][safepoint    ] Application time: 1.0000744 seconds
[2019-12-09T07:22:23.301+0000][1][safepoint    ] Entering safepoint region: Cleanup
[2019-12-09T07:22:23.301+0000][1][safepoint    ] Leaving safepoint region
[2019-12-09T07:22:23.301+0000][1][safepoint    ] Total time for which application threads were stopped: 0.0000906 seconds, Stopping threads took: 0.0000196 seconds
[2019-12-09T07:22:24.301+0000][1][safepoint    ] Application time: 1.0000774 seconds
[2019-12-09T07:22:24.301+0000][1][safepoint    ] Entering safepoint region: Cleanup
[2019-12-09T07:22:24.301+0000][1][safepoint    ] Leaving safepoint region
[2019-12-09T07:22:24.301+0000][1][safepoint    ] Total time for which application threads were stopped: 0.0000923 seconds, Stopping threads took: 0.0000212 seconds
[2019-12-09T07:22:25.301+0000][1][safepoint    ] Application time: 1.0000766 seconds
[2019-12-09T07:22:25.301+0000][1][safepoint    ] Entering safepoint region: Cleanup
[2019-12-09T07:22:25.301+0000][1][safepoint    ] Leaving safepoint region
[2019-12-09T07:22:25.301+0000][1][safepoint    ] Total time for which application threads were stopped: 0.0001026 seconds, Stopping threads took: 0.0000215 seconds
[2019-12-09T07:22:26.301+0000][1][safepoint    ] Application time: 1.0000760 seconds
[2019-12-09T07:22:26.301+0000][1][safepoint    ] Entering safepoint region: Cleanup
[2019-12-09T07:22:26.301+0000][1][safepoint    ] Leaving safepoint region
[2019-12-09T07:22:26.301+0000][1][safepoint    ] Total time for which application threads were stopped: 0.0000979 seconds, Stopping threads took: 0.0000205 seconds
[2019-12-09T07:22:27.301+0000][1][safepoint    ] Application time: 1.0000746 seconds
[2019-12-09T07:22:27.301+0000][1][safepoint    ] Entering safepoint region: Cleanup
[2019-12-09T07:22:27.302+0000][1][safepoint    ] Leaving safepoint region
[2019-12-09T07:22:27.302+0000][1][safepoint    ] Total time for which application threads were stopped: 0.0000917 seconds, Stopping threads took: 0.0000213 seconds
[2019-12-09T07:22:28.302+0000][1][safepoint    ] Application time: 1.0000745 seconds
[2019-12-09T07:22:28.302+0000][1][safepoint    ] Entering safepoint region: Cleanup
[2019-12-09T07:22:28.302+0000][1][safepoint    ] Leaving safepoint region
[2019-12-09T07:22:28.302+0000][1][safepoint    ] Total time for which application threads were stopped: 0.0000989 seconds, Stopping threads took: 0.0000207 seconds
[2019-12-09T07:22:28.977+0000][1][safepoint    ] Application time: 0.6755819 seconds
[2019-12-09T07:22:28.977+0000][1][safepoint    ] Entering safepoint region: GenCollectForAllocation
[2019-12-09T07:22:28.977+0000][1][gc,start     ] GC(54) Pause Young (Allocation Failure)
[2019-12-09T07:22:28.978+0000][1][gc,task      ] GC(54) Using 2 workers of 2 for evacuation
[2019-12-09T07:22:28.979+0000][1][gc,age       ] GC(54) Desired survivor size 4456448 bytes, new threshold 6 (max threshold 6)
[2019-12-09T07:22:28.979+0000][1][gc,age       ] GC(54) Age table with threshold 6 (max threshold 6)
[2019-12-09T07:22:28.979+0000][1][gc,age       ] GC(54) - age   1:     821000 bytes,     821000 total
[2019-12-09T07:22:28.979+0000][1][gc,age       ] GC(54) - age   2:        728 bytes,     821728 total
[2019-12-09T07:22:28.979+0000][1][gc,age       ] GC(54) - age   3:       1376 bytes,     823104 total
[2019-12-09T07:22:28.979+0000][1][gc,age       ] GC(54) - age   4:        224 bytes,     823328 total
[2019-12-09T07:22:28.979+0000][1][gc,age       ] GC(54) - age   5:        304 bytes,     823632 total
[2019-12-09T07:22:28.979+0000][1][gc,age       ] GC(54) - age   6:        440 bytes,     824072 total
[2019-12-09T07:22:28.980+0000][1][gc,heap      ] GC(54) ParNew: 70672K->823K(78656K)
[2019-12-09T07:22:28.980+0000][1][gc,heap      ] GC(54) CMS: 70928K->70929K(174784K)
[2019-12-09T07:22:28.980+0000][1][gc,metaspace ] GC(54) Metaspace: 76029K->76029K(1118208K)
[2019-12-09T07:22:28.980+0000][1][gc           ] GC(54) Pause Young (Allocation Failure) 138M->70M(247M) 2.057ms
[2019-12-09T07:22:28.980+0000][1][gc,cpu       ] GC(54) User=0.01s Sys=0.00s Real=0.00s
[2019-12-09T07:22:28.980+0000][1][safepoint    ] Leaving safepoint region
[2019-12-09T07:22:28.980+0000][1][safepoint    ] Total time for which application threads were stopped: 0.0022336 seconds, Stopping threads took: 0.0000216 seconds
[2019-12-09T07:22:29.980+0000][1][safepoint    ] Application time: 1.0000936 seconds
[2019-12-09T07:22:29.980+0000][1][safepoint    ] Entering safepoint region: Cleanup
[2019-12-09T07:22:29.980+0000][1][safepoint    ] Leaving safepoint region
[2019-12-09T07:22:29.980+0000][1][safepoint    ] Total time for which application threads were stopped: 0.0000888 seconds, Stopping threads took: 0.0000186 seconds
[2019-12-09T07:22:30.980+0000][1][safepoint    ] Application time: 1.0000734 seconds
[2019-12-09T07:22:30.980+0000][1][safepoint    ] Entering safepoint region: Cleanup
[2019-12-09T07:22:30.980+0000][1][safepoint    ] Leaving safepoint region
[2019-12-09T07:22:30.980+0000][1][safepoint    ] Total time for which application threads were stopped: 0.0000877 seconds, Stopping threads took: 0.0000199 seconds
[2019-12-09T07:22:31.980+0000][1][safepoint    ] Application time: 1.0000747 seconds
[2019-12-09T07:22:31.980+0000][1][safepoint    ] Entering safepoint region: Cleanup
[2019-12-09T07:22:31.980+0000][1][safepoint    ] Leaving safepoint region
[2019-12-09T07:22:31.980+0000][1][safepoint    ] Total time for which application threads were stopped: 0.0000932 seconds, Stopping threads took: 0.0000257 seconds
[2019-12-09T07:22:32.980+0000][1][safepoint    ] Application time: 1.0000779 seconds
[2019-12-09T07:22:32.980+0000][1][safepoint    ] Entering safepoint region: Cleanup
[2019-12-09T07:22:32.980+0000][1][safepoint    ] Leaving safepoint region
[2019-12-09T07:22:32.980+0000][1][safepoint    ] Total time for which application threads were stopped: 0.0000873 seconds, Stopping threads took: 0.0000188 seconds
[2019-12-09T07:22:33.981+0000][1][safepoint    ] Application time: 1.0000772 seconds
[2019-12-09T07:22:33.981+0000][1][safepoint    ] Entering safepoint region: Cleanup
[2019-12-09T07:22:33.981+0000][1][safepoint    ] Leaving safepoint region
[2019-12-09T07:22:33.981+0000][1][safepoint    ] Total time for which application threads were stopped: 0.0000910 seconds, Stopping threads took: 0.0000180 seconds
[2019-12-09T07:22:34.981+0000][1][safepoint    ] Application time: 1.0000804 seconds
[2019-12-09T07:22:34.981+0000][1][safepoint    ] Entering safepoint region: Cleanup
[2019-12-09T07:22:34.981+0000][1][safepoint    ] Leaving safepoint region
[2019-12-09T07:22:34.981+0000][1][safepoint    ] Total time for which application threads were stopped: 0.0000926 seconds, Stopping threads took: 0.0000196 seconds
[2019-12-09T07:22:35.981+0000][1][safepoint    ] Application time: 1.0000795 seconds
[2019-12-09T07:22:35.981+0000][1][safepoint    ] Entering safepoint region: Cleanup
[2019-12-09T07:22:35.981+0000][1][safepoint    ] Leaving safepoint region
[2019-12-09T07:22:35.981+0000][1][safepoint    ] Total time for which application threads were stopped: 0.0000941 seconds, Stopping threads took: 0.0000206 seconds
[2019-12-09T07:22:36.981+0000][1][safepoint    ] Application time: 1.0000810 seconds
[2019-12-09T07:22:36.981+0000][1][safepoint    ] Entering safepoint region: Cleanup
[2019-12-09T07:22:36.981+0000][1][safepoint    ] Leaving safepoint region
[2019-12-09T07:22:36.981+0000][1][safepoint    ] Total time for which application threads were stopped: 0.0001342 seconds, Stopping threads took: 0.0000263 seconds
[2019-12-09T07:22:41.982+0000][1][safepoint    ] Application time: 5.0003421 seconds
[2019-12-09T07:22:41.982+0000][1][safepoint    ] Entering safepoint region: Cleanup
[2019-12-09T07:22:41.982+0000][1][safepoint    ] Leaving safepoint region
[2019-12-09T07:22:41.982+0000][1][safepoint    ] Total time for which application threads were stopped: 0.0000951 seconds, Stopping threads took: 0.0000196 seconds
[2019-12-09T07:22:44.982+0000][1][safepoint    ] Application time: 3.0002021 seconds
[2019-12-09T07:22:44.982+0000][1][safepoint    ] Entering safepoint region: Cleanup
[2019-12-09T07:22:44.982+0000][1][safepoint    ] Leaving safepoint region
[2019-12-09T07:22:44.982+0000][1][safepoint    ] Total time for which application threads were stopped: 0.0000958 seconds, Stopping threads took: 0.0000200 seconds
[2019-12-09T07:22:49.983+0000][1][safepoint    ] Application time: 5.0003421 seconds
[2019-12-09T07:22:49.983+0000][1][safepoint    ] Entering safepoint region: Cleanup
[2019-12-09T07:22:49.983+0000][1][safepoint    ] Leaving safepoint region
[2019-12-09T07:22:49.983+0000][1][safepoint    ] Total time for which application threads were stopped: 0.0000907 seconds, Stopping threads took: 0.0000180 seconds
[2019-12-09T07:22:52.983+0000][1][safepoint    ] Application time: 3.0002180 seconds
[2019-12-09T07:22:52.983+0000][1][safepoint    ] Entering safepoint region: Cleanup
[2019-12-09T07:22:52.983+0000][1][safepoint    ] Leaving safepoint region
[2019-12-09T07:22:52.983+0000][1][safepoint    ] Total time for which application threads were stopped: 0.0001092 seconds, Stopping threads took: 0.0000311 seconds
[2019-12-09T07:23:03.984+0000][1][safepoint    ] Application time: 11.0007443 seconds
[2019-12-09T07:23:03.984+0000][1][safepoint    ] Entering safepoint region: Cleanup
[2019-12-09T07:23:03.984+0000][1][safepoint    ] Leaving safepoint region
[2019-12-09T07:23:03.984+0000][1][safepoint    ] Total time for which application threads were stopped: 0.0001015 seconds, Stopping threads took: 0.0000181 seconds
[2019-12-09T07:23:09.984+0000][1][safepoint    ] Application time: 6.0004051 seconds
[2019-12-09T07:23:09.984+0000][1][safepoint    ] Entering safepoint region: Cleanup
[2019-12-09T07:23:09.984+0000][1][safepoint    ] Leaving safepoint region
[2019-12-09T07:23:09.984+0000][1][safepoint    ] Total time for which application threads were stopped: 0.0000925 seconds, Stopping threads took: 0.0000189 seconds
[2019-12-09T07:23:11.712+0000][1][safepoint    ] Application time: 1.7278593 seconds
[2019-12-09T07:23:11.712+0000][1][safepoint    ] Entering safepoint region: GenCollectForAllocation
[2019-12-09T07:23:11.713+0000][1][gc,start     ] GC(55) Pause Young (Allocation Failure)
[2019-12-09T07:23:11.713+0000][1][gc,task      ] GC(55) Using 2 workers of 2 for evacuation
[2019-12-09T07:23:11.714+0000][1][gc,age       ] GC(55) Desired survivor size 4456448 bytes, new threshold 6 (max threshold 6)
[2019-12-09T07:23:11.714+0000][1][gc,age       ] GC(55) Age table with threshold 6 (max threshold 6)
[2019-12-09T07:23:11.714+0000][1][gc,age       ] GC(55) - age   1:     756704 bytes,     756704 total
[2019-12-09T07:23:11.714+0000][1][gc,age       ] GC(55) - age   2:        656 bytes,     757360 total
[2019-12-09T07:23:11.714+0000][1][gc,age       ] GC(55) - age   3:        440 bytes,     757800 total
[2019-12-09T07:23:11.714+0000][1][gc,age       ] GC(55) - age   4:       1376 bytes,     759176 total
[2019-12-09T07:23:11.714+0000][1][gc,age       ] GC(55) - age   5:        224 bytes,     759400 total
[2019-12-09T07:23:11.714+0000][1][gc,age       ] GC(55) - age   6:        304 bytes,     759704 total
[2019-12-09T07:23:11.714+0000][1][gc,heap      ] GC(55) ParNew: 70745K->759K(78656K)
[2019-12-09T07:23:11.714+0000][1][gc,heap      ] GC(55) CMS: 70929K->70929K(174784K)
[2019-12-09T07:23:11.714+0000][1][gc,metaspace ] GC(55) Metaspace: 76063K->76063K(1118208K)
[2019-12-09T07:23:11.715+0000][1][gc           ] GC(55) Pause Young (Allocation Failure) 138M->70M(247M) 1.998ms
[2019-12-09T07:23:11.715+0000][1][gc,cpu       ] GC(55) User=0.01s Sys=0.00s Real=0.00s
[2019-12-09T07:23:11.715+0000][1][safepoint    ] Leaving safepoint region
[2019-12-09T07:23:11.715+0000][1][safepoint    ] Total time for which application threads were stopped: 0.0021595 seconds, Stopping threads took: 0.0000201 seconds
[2019-12-09T07:23:26.717+0000][1][safepoint    ] Application time: 15.0020849 seconds
[2019-12-09T07:23:26.717+0000][1][safepoint    ] Entering safepoint region: Cleanup
[2019-12-09T07:23:26.717+0000][1][safepoint    ] Leaving safepoint region
[2019-12-09T07:23:26.717+0000][1][safepoint    ] Total time for which application threads were stopped: 0.0001158 seconds, Stopping threads took: 0.0000403 seconds
[2019-12-09T07:23:33.717+0000][1][safepoint    ] Application time: 7.0004717 seconds
[2019-12-09T07:23:33.717+0000][1][safepoint    ] Entering safepoint region: Cleanup
[2019-12-09T07:23:33.717+0000][1][safepoint    ] Leaving safepoint region
[2019-12-09T07:23:33.717+0000][1][safepoint    ] Total time for which application threads were stopped: 0.0000845 seconds, Stopping threads took: 0.0000161 seconds
[2019-12-09T07:23:39.718+0000][1][safepoint    ] Application time: 6.0004114 seconds
[2019-12-09T07:23:39.718+0000][1][safepoint    ] Entering safepoint region: Cleanup
[2019-12-09T07:23:39.718+0000][1][safepoint    ] Leaving safepoint region
[2019-12-09T07:23:39.718+0000][1][safepoint    ] Total time for which application threads were stopped: 0.0000974 seconds, Stopping threads took: 0.0000187 seconds
[2019-12-09T07:23:50.719+0000][1][safepoint    ] Application time: 11.0007090 seconds
[2019-12-09T07:23:50.719+0000][1][safepoint    ] Entering safepoint region: Cleanup
[2019-12-09T07:23:50.719+0000][1][safepoint    ] Leaving safepoint region
[2019-12-09T07:23:50.719+0000][1][safepoint    ] Total time for which application threads were stopped: 0.0001008 seconds, Stopping threads took: 0.0000223 seconds
[2019-12-09T07:23:52.719+0000][1][safepoint    ] Application time: 2.0001439 seconds
[2019-12-09T07:23:52.719+0000][1][safepoint    ] Entering safepoint region: Cleanup
[2019-12-09T07:23:52.719+0000][1][safepoint    ] Leaving safepoint region
[2019-12-09T07:23:52.719+0000][1][safepoint    ] Total time for which application threads were stopped: 0.0000870 seconds, Stopping threads took: 0.0000175 seconds
[2019-12-09T07:23:53.719+0000][1][safepoint    ] Application time: 1.0000777 seconds
[2019-12-09T07:23:53.719+0000][1][safepoint    ] Entering safepoint region: Cleanup
[2019-12-09T07:23:53.719+0000][1][safepoint    ] Leaving safepoint region
[2019-12-09T07:23:53.719+0000][1][safepoint    ] Total time for which application threads were stopped: 0.0000893 seconds, Stopping threads took: 0.0000195 seconds
[2019-12-09T07:23:53.784+0000][1][safepoint    ] Application time: 0.0644759 seconds
[2019-12-09T07:23:53.784+0000][1][safepoint    ] Entering safepoint region: GenCollectForAllocation
[2019-12-09T07:23:53.784+0000][1][gc,start     ] GC(56) Pause Young (Allocation Failure)
[2019-12-09T07:23:53.784+0000][1][gc,task      ] GC(56) Using 2 workers of 2 for evacuation
[2019-12-09T07:23:53.786+0000][1][gc,age       ] GC(56) Desired survivor size 4456448 bytes, new threshold 6 (max threshold 6)
[2019-12-09T07:23:53.786+0000][1][gc,age       ] GC(56) Age table with threshold 6 (max threshold 6)
[2019-12-09T07:23:53.786+0000][1][gc,age       ] GC(56) - age   1:    1081648 bytes,    1081648 total
[2019-12-09T07:23:53.786+0000][1][gc,age       ] GC(56) - age   2:       1992 bytes,    1083640 total
[2019-12-09T07:23:53.786+0000][1][gc,age       ] GC(56) - age   3:        656 bytes,    1084296 total
[2019-12-09T07:23:53.786+0000][1][gc,age       ] GC(56) - age   4:        440 bytes,    1084736 total
[2019-12-09T07:23:53.786+0000][1][gc,age       ] GC(56) - age   5:       1376 bytes,    1086112 total
[2019-12-09T07:23:53.786+0000][1][gc,age       ] GC(56) - age   6:        224 bytes,    1086336 total
[2019-12-09T07:23:53.786+0000][1][gc,heap      ] GC(56) ParNew: 70711K->1094K(78656K)
[2019-12-09T07:23:53.786+0000][1][gc,heap      ] GC(56) CMS: 70929K->70930K(174784K)
[2019-12-09T07:23:53.786+0000][1][gc,metaspace ] GC(56) Metaspace: 76082K->76082K(1118208K)
[2019-12-09T07:23:53.786+0000][1][gc           ] GC(56) Pause Young (Allocation Failure) 138M->70M(247M) 2.384ms
[2019-12-09T07:23:53.786+0000][1][gc,cpu       ] GC(56) User=0.01s Sys=0.00s Real=0.01s
[2019-12-09T07:23:53.786+0000][1][safepoint    ] Leaving safepoint region
[2019-12-09T07:23:53.786+0000][1][safepoint    ] Total time for which application threads were stopped: 0.0025795 seconds, Stopping threads took: 0.0000513 seconds
[2019-12-09T07:23:54.787+0000][1][safepoint    ] Application time: 1.0000963 seconds
[2019-12-09T07:23:54.787+0000][1][safepoint    ] Entering safepoint region: Cleanup
[2019-12-09T07:23:54.787+0000][1][safepoint    ] Leaving safepoint region
[2019-12-09T07:23:54.787+0000][1][safepoint    ] Total time for which application threads were stopped: 0.0000867 seconds, Stopping threads took: 0.0000197 seconds
[2019-12-09T07:23:55.787+0000][1][safepoint    ] Application time: 1.0000783 seconds
[2019-12-09T07:23:55.787+0000][1][safepoint    ] Entering safepoint region: Cleanup
[2019-12-09T07:23:55.787+0000][1][safepoint    ] Leaving safepoint region
[2019-12-09T07:23:55.787+0000][1][safepoint    ] Total time for which application threads were stopped: 0.0000822 seconds, Stopping threads took: 0.0000170 seconds
[2019-12-09T07:23:56.787+0000][1][safepoint    ] Application time: 1.0000761 seconds
[2019-12-09T07:23:56.787+0000][1][safepoint    ] Entering safepoint region: Cleanup
[2019-12-09T07:23:56.787+0000][1][safepoint    ] Leaving safepoint region
[2019-12-09T07:23:56.787+0000][1][safepoint    ] Total time for which application threads were stopped: 0.0000897 seconds, Stopping threads took: 0.0000192 seconds
[2019-12-09T07:23:57.787+0000][1][safepoint    ] Application time: 1.0000769 seconds
[2019-12-09T07:23:57.787+0000][1][safepoint    ] Entering safepoint region: Cleanup
[2019-12-09T07:23:57.787+0000][1][safepoint    ] Leaving safepoint region
[2019-12-09T07:23:57.787+0000][1][safepoint    ] Total time for which application threads were stopped: 0.0000987 seconds, Stopping threads took: 0.0000285 seconds
[2019-12-09T07:23:58.787+0000][1][safepoint    ] Application time: 1.0000772 seconds
[2019-12-09T07:23:58.787+0000][1][safepoint    ] Entering safepoint region: Cleanup
[2019-12-09T07:23:58.787+0000][1][safepoint    ] Leaving safepoint region
[2019-12-09T07:23:58.787+0000][1][safepoint    ] Total time for which application threads were stopped: 0.0000879 seconds, Stopping threads took: 0.0000178 seconds
[2019-12-09T07:23:59.788+0000][1][safepoint    ] Application time: 1.0000766 seconds
[2019-12-09T07:23:59.788+0000][1][safepoint    ] Entering safepoint region: Cleanup
[2019-12-09T07:23:59.788+0000][1][safepoint    ] Leaving safepoint region
[2019-12-09T07:23:59.788+0000][1][safepoint    ] Total time for which application threads were stopped: 0.0000906 seconds, Stopping threads took: 0.0000206 seconds
[2019-12-09T07:24:00.788+0000][1][safepoint    ] Application time: 1.0000844 seconds
[2019-12-09T07:24:00.788+0000][1][safepoint    ] Entering safepoint region: Cleanup
[2019-12-09T07:24:00.788+0000][1][safepoint    ] Leaving safepoint region
[2019-12-09T07:24:00.788+0000][1][safepoint    ] Total time for which application threads were stopped: 0.0001241 seconds, Stopping threads took: 0.0000257 seconds
[2019-12-09T07:24:01.788+0000][1][safepoint    ] Application time: 1.0000759 seconds
[2019-12-09T07:24:01.788+0000][1][safepoint    ] Entering safepoint region: Cleanup
[2019-12-09T07:24:01.788+0000][1][safepoint    ] Leaving safepoint region
[2019-12-09T07:24:01.788+0000][1][safepoint    ] Total time for which application threads were stopped: 0.0000914 seconds, Stopping threads took: 0.0000192 seconds
[2019-12-09T07:24:02.788+0000][1][safepoint    ] Application time: 1.0000764 seconds
[2019-12-09T07:24:02.788+0000][1][safepoint    ] Entering safepoint region: Cleanup
[2019-12-09T07:24:02.788+0000][1][safepoint    ] Leaving safepoint region
[2019-12-09T07:24:02.788+0000][1][safepoint    ] Total time for which application threads were stopped: 0.0000885 seconds, Stopping threads took: 0.0000185 seconds
[2019-12-09T07:24:03.788+0000][1][safepoint    ] Application time: 1.0000755 seconds
[2019-12-09T07:24:03.788+0000][1][safepoint    ] Entering safepoint region: Cleanup
[2019-12-09T07:24:03.789+0000][1][safepoint    ] Leaving safepoint region
[2019-12-09T07:24:03.789+0000][1][safepoint    ] Total time for which application threads were stopped: 0.0000863 seconds, Stopping threads took: 0.0000179 seconds
[2019-12-09T07:24:04.789+0000][1][safepoint    ] Application time: 1.0000780 seconds
[2019-12-09T07:24:04.789+0000][1][safepoint    ] Entering safepoint region: Cleanup
[2019-12-09T07:24:04.789+0000][1][safepoint    ] Leaving safepoint region
[2019-12-09T07:24:04.789+0000][1][safepoint    ] Total time for which application threads were stopped: 0.0000849 seconds, Stopping threads took: 0.0000188 seconds
[2019-12-09T07:24:05.789+0000][1][safepoint    ] Application time: 1.0000767 seconds
[2019-12-09T07:24:05.789+0000][1][safepoint    ] Entering safepoint region: Cleanup
[2019-12-09T07:24:05.789+0000][1][safepoint    ] Leaving safepoint region
[2019-12-09T07:24:05.789+0000][1][safepoint    ] Total time for which application threads were stopped: 0.0000941 seconds, Stopping threads took: 0.0000187 seconds
[2019-12-09T07:24:06.789+0000][1][safepoint    ] Application time: 1.0000761 seconds
[2019-12-09T07:24:06.789+0000][1][safepoint    ] Entering safepoint region: Cleanup
[2019-12-09T07:24:06.789+0000][1][safepoint    ] Leaving safepoint region
[2019-12-09T07:24:06.789+0000][1][safepoint    ] Total time for which application threads were stopped: 0.0000866 seconds, Stopping threads took: 0.0000183 seconds
[2019-12-09T07:24:07.789+0000][1][safepoint    ] Application time: 1.0000753 seconds
[2019-12-09T07:24:07.789+0000][1][safepoint    ] Entering safepoint region: Cleanup
[2019-12-09T07:24:07.789+0000][1][safepoint    ] Leaving safepoint region
[2019-12-09T07:24:07.789+0000][1][safepoint    ] Total time for which application threads were stopped: 0.0000937 seconds, Stopping threads took: 0.0000240 seconds
[2019-12-09T07:24:08.790+0000][1][safepoint    ] Application time: 1.0000749 seconds
[2019-12-09T07:24:08.790+0000][1][safepoint    ] Entering safepoint region: Cleanup
[2019-12-09T07:24:08.790+0000][1][safepoint    ] Leaving safepoint region
[2019-12-09T07:24:08.790+0000][1][safepoint    ] Total time for which application threads were stopped: 0.0000874 seconds, Stopping threads took: 0.0000198 seconds
[2019-12-09T07:24:09.790+0000][1][safepoint    ] Application time: 1.0000758 seconds
[2019-12-09T07:24:09.790+0000][1][safepoint    ] Entering safepoint region: Cleanup
[2019-12-09T07:24:09.790+0000][1][safepoint    ] Leaving safepoint region
[2019-12-09T07:24:09.790+0000][1][safepoint    ] Total time for which application threads were stopped: 0.0000849 seconds, Stopping threads took: 0.0000180 seconds
[2019-12-09T07:24:10.790+0000][1][safepoint    ] Application time: 1.0000779 seconds
[2019-12-09T07:24:10.790+0000][1][safepoint    ] Entering safepoint region: Cleanup
[2019-12-09T07:24:10.790+0000][1][safepoint    ] Leaving safepoint region
[2019-12-09T07:24:10.790+0000][1][safepoint    ] Total time for which application threads were stopped: 0.0000871 seconds, Stopping threads took: 0.0000193 seconds
[2019-12-09T07:24:11.790+0000][1][safepoint    ] Application time: 1.0000777 seconds
[2019-12-09T07:24:11.790+0000][1][safepoint    ] Entering safepoint region: Cleanup
[2019-12-09T07:24:11.790+0000][1][safepoint    ] Leaving safepoint region
[2019-12-09T07:24:11.790+0000][1][safepoint    ] Total time for which application threads were stopped: 0.0000882 seconds, Stopping threads took: 0.0000194 seconds
[2019-12-09T07:24:12.790+0000][1][safepoint    ] Application time: 1.0000754 seconds
[2019-12-09T07:24:12.790+0000][1][safepoint    ] Entering safepoint region: Cleanup
[2019-12-09T07:24:12.790+0000][1][safepoint    ] Leaving safepoint region
[2019-12-09T07:24:12.790+0000][1][safepoint    ] Total time for which application threads were stopped: 0.0000888 seconds, Stopping threads took: 0.0000189 seconds
[2019-12-09T07:24:13.791+0000][1][safepoint    ] Application time: 1.0000747 seconds
[2019-12-09T07:24:13.791+0000][1][safepoint    ] Entering safepoint region: Cleanup
[2019-12-09T07:24:13.791+0000][1][safepoint    ] Leaving safepoint region
[2019-12-09T07:24:13.791+0000][1][safepoint    ] Total time for which application threads were stopped: 0.0000861 seconds, Stopping threads took: 0.0000183 seconds
[2019-12-09T07:24:14.791+0000][1][safepoint    ] Application time: 1.0000762 seconds
[2019-12-09T07:24:14.791+0000][1][safepoint    ] Entering safepoint region: Cleanup
[2019-12-09T07:24:14.791+0000][1][safepoint    ] Leaving safepoint region
[2019-12-09T07:24:14.791+0000][1][safepoint    ] Total time for which application threads were stopped: 0.0000897 seconds, Stopping threads took: 0.0000206 seconds
[2019-12-09T07:24:15.791+0000][1][safepoint    ] Application time: 1.0000792 seconds
[2019-12-09T07:24:15.791+0000][1][safepoint    ] Entering safepoint region: Cleanup
[2019-12-09T07:24:15.791+0000][1][safepoint    ] Leaving safepoint region
[2019-12-09T07:24:15.791+0000][1][safepoint    ] Total time for which application threads were stopped: 0.0000847 seconds, Stopping threads took: 0.0000181 seconds
[2019-12-09T07:24:16.791+0000][1][safepoint    ] Application time: 1.0000763 seconds
[2019-12-09T07:24:16.791+0000][1][safepoint    ] Entering safepoint region: Cleanup
[2019-12-09T07:24:16.791+0000][1][safepoint    ] Leaving safepoint region
[2019-12-09T07:24:16.791+0000][1][safepoint    ] Total time for which application threads were stopped: 0.0000895 seconds, Stopping threads took: 0.0000183 seconds
[2019-12-09T07:24:17.791+0000][1][safepoint    ] Application time: 1.0000756 seconds
[2019-12-09T07:24:17.791+0000][1][safepoint    ] Entering safepoint region: Cleanup
[2019-12-09T07:24:17.791+0000][1][safepoint    ] Leaving safepoint region
[2019-12-09T07:24:17.792+0000][1][safepoint    ] Total time for which application threads were stopped: 0.0000993 seconds, Stopping threads took: 0.0000293 seconds
[2019-12-09T07:24:18.792+0000][1][safepoint    ] Application time: 1.0000744 seconds
[2019-12-09T07:24:18.792+0000][1][safepoint    ] Entering safepoint region: Cleanup
[2019-12-09T07:24:18.792+0000][1][safepoint    ] Leaving safepoint region
[2019-12-09T07:24:18.792+0000][1][safepoint    ] Total time for which application threads were stopped: 0.0001014 seconds, Stopping threads took: 0.0000196 seconds
[2019-12-09T07:24:19.792+0000][1][safepoint    ] Application time: 1.0000752 seconds
[2019-12-09T07:24:19.792+0000][1][safepoint    ] Entering safepoint region: Cleanup
[2019-12-09T07:24:19.792+0000][1][safepoint    ] Leaving safepoint region
[2019-12-09T07:24:19.792+0000][1][safepoint    ] Total time for which application threads were stopped: 0.0000874 seconds, Stopping threads took: 0.0000166 seconds
[2019-12-09T07:24:20.792+0000][1][safepoint    ] Application time: 1.0000768 seconds
[2019-12-09T07:24:20.792+0000][1][safepoint    ] Entering safepoint region: Cleanup
[2019-12-09T07:24:20.792+0000][1][safepoint    ] Leaving safepoint region
[2019-12-09T07:24:20.792+0000][1][safepoint    ] Total time for which application threads were stopped: 0.0000888 seconds, Stopping threads took: 0.0000192 seconds
[2019-12-09T07:24:21.792+0000][1][safepoint    ] Application time: 1.0000741 seconds
[2019-12-09T07:24:21.792+0000][1][safepoint    ] Entering safepoint region: Cleanup
[2019-12-09T07:24:21.792+0000][1][safepoint    ] Leaving safepoint region
[2019-12-09T07:24:21.792+0000][1][safepoint    ] Total time for which application threads were stopped: 0.0000957 seconds, Stopping threads took: 0.0000273 seconds
[2019-12-09T07:24:22.792+0000][1][safepoint    ] Application time: 1.0000733 seconds
[2019-12-09T07:24:22.792+0000][1][safepoint    ] Entering safepoint region: Cleanup
[2019-12-09T07:24:22.793+0000][1][safepoint    ] Leaving safepoint region
[2019-12-09T07:24:22.793+0000][1][safepoint    ] Total time for which application threads were stopped: 0.0000863 seconds, Stopping threads took: 0.0000187 seconds
[2019-12-09T07:24:23.793+0000][1][safepoint    ] Application time: 1.0000750 seconds
[2019-12-09T07:24:23.793+0000][1][safepoint    ] Entering safepoint region: Cleanup
[2019-12-09T07:24:23.793+0000][1][safepoint    ] Leaving safepoint region
[2019-12-09T07:24:23.793+0000][1][safepoint    ] Total time for which application threads were stopped: 0.0000986 seconds, Stopping threads took: 0.0000184 seconds
[2019-12-09T07:24:24.793+0000][1][safepoint    ] Application time: 1.0000740 seconds
[2019-12-09T07:24:24.793+0000][1][safepoint    ] Entering safepoint region: Cleanup
[2019-12-09T07:24:24.793+0000][1][safepoint    ] Leaving safepoint region
[2019-12-09T07:24:24.793+0000][1][safepoint    ] Total time for which application threads were stopped: 0.0000891 seconds, Stopping threads took: 0.0000196 seconds
[2019-12-09T07:24:25.793+0000][1][safepoint    ] Application time: 1.0000763 seconds
[2019-12-09T07:24:25.793+0000][1][safepoint    ] Entering safepoint region: Cleanup
[2019-12-09T07:24:25.793+0000][1][safepoint    ] Leaving safepoint region
[2019-12-09T07:24:25.793+0000][1][safepoint    ] Total time for which application threads were stopped: 0.0000864 seconds, Stopping threads took: 0.0000181 seconds
[2019-12-09T07:24:26.793+0000][1][safepoint    ] Application time: 1.0000773 seconds
[2019-12-09T07:24:26.793+0000][1][safepoint    ] Entering safepoint region: Cleanup
[2019-12-09T07:24:26.793+0000][1][safepoint    ] Leaving safepoint region
[2019-12-09T07:24:26.793+0000][1][safepoint    ] Total time for which application threads were stopped: 0.0000856 seconds, Stopping threads took: 0.0000177 seconds
[2019-12-09T07:24:27.793+0000][1][safepoint    ] Application time: 1.0000779 seconds
[2019-12-09T07:24:27.794+0000][1][safepoint    ] Entering safepoint region: Cleanup
[2019-12-09T07:24:27.794+0000][1][safepoint    ] Leaving safepoint region
[2019-12-09T07:24:27.794+0000][1][safepoint    ] Total time for which application threads were stopped: 0.0000952 seconds, Stopping threads took: 0.0000275 seconds
[2019-12-09T07:24:28.794+0000][1][safepoint    ] Application time: 1.0000769 seconds
[2019-12-09T07:24:28.794+0000][1][safepoint    ] Entering safepoint region: Cleanup
[2019-12-09T07:24:28.794+0000][1][safepoint    ] Leaving safepoint region
[2019-12-09T07:24:28.794+0000][1][safepoint    ] Total time for which application threads were stopped: 0.0000896 seconds, Stopping threads took: 0.0000201 seconds
[2019-12-09T07:24:29.794+0000][1][safepoint    ] Application time: 1.0000766 seconds
[2019-12-09T07:24:29.794+0000][1][safepoint    ] Entering safepoint region: Cleanup
[2019-12-09T07:24:29.794+0000][1][safepoint    ] Leaving safepoint region
[2019-12-09T07:24:29.794+0000][1][safepoint    ] Total time for which application threads were stopped: 0.0001003 seconds, Stopping threads took: 0.0000201 seconds
[2019-12-09T07:24:30.794+0000][1][safepoint    ] Application time: 1.0000776 seconds
[2019-12-09T07:24:30.794+0000][1][safepoint    ] Entering safepoint region: Cleanup
[2019-12-09T07:24:30.794+0000][1][safepoint    ] Leaving safepoint region
[2019-12-09T07:24:30.794+0000][1][safepoint    ] Total time for which application threads were stopped: 0.0000902 seconds, Stopping threads took: 0.0000200 seconds
[2019-12-09T07:24:31.794+0000][1][safepoint    ] Application time: 1.0000756 seconds
[2019-12-09T07:24:31.794+0000][1][safepoint    ] Entering safepoint region: Cleanup
[2019-12-09T07:24:31.794+0000][1][safepoint    ] Leaving safepoint region
[2019-12-09T07:24:31.794+0000][1][safepoint    ] Total time for which application threads were stopped: 0.0000918 seconds, Stopping threads took: 0.0000205 seconds
[2019-12-09T07:24:32.795+0000][1][safepoint    ] Application time: 1.0000765 seconds
[2019-12-09T07:24:32.795+0000][1][safepoint    ] Entering safepoint region: Cleanup
[2019-12-09T07:24:32.795+0000][1][safepoint    ] Leaving safepoint region
[2019-12-09T07:24:32.795+0000][1][safepoint    ] Total time for which application threads were stopped: 0.0000869 seconds, Stopping threads took: 0.0000182 seconds
[2019-12-09T07:24:33.795+0000][1][safepoint    ] Application time: 1.0000739 seconds
[2019-12-09T07:24:33.795+0000][1][safepoint    ] Entering safepoint region: Cleanup
[2019-12-09T07:24:33.795+0000][1][safepoint    ] Leaving safepoint region
[2019-12-09T07:24:33.795+0000][1][safepoint    ] Total time for which application threads were stopped: 0.0000850 seconds, Stopping threads took: 0.0000187 seconds
[2019-12-09T07:24:34.795+0000][1][safepoint    ] Application time: 1.0000752 seconds
[2019-12-09T07:24:34.795+0000][1][safepoint    ] Entering safepoint region: Cleanup
[2019-12-09T07:24:34.795+0000][1][safepoint    ] Leaving safepoint region
[2019-12-09T07:24:34.795+0000][1][safepoint    ] Total time for which application threads were stopped: 0.0000861 seconds, Stopping threads took: 0.0000173 seconds
[2019-12-09T07:24:35.795+0000][1][safepoint    ] Application time: 1.0000768 seconds
[2019-12-09T07:24:35.795+0000][1][safepoint    ] Entering safepoint region: Cleanup
[2019-12-09T07:24:35.795+0000][1][safepoint    ] Leaving safepoint region
[2019-12-09T07:24:35.795+0000][1][safepoint    ] Total time for which application threads were stopped: 0.0000844 seconds, Stopping threads took: 0.0000178 seconds
[2019-12-09T07:24:36.401+0000][1][safepoint    ] Application time: 0.6059575 seconds
[2019-12-09T07:24:36.401+0000][1][safepoint    ] Entering safepoint region: GenCollectForAllocation
[2019-12-09T07:24:36.401+0000][1][gc,start     ] GC(57) Pause Young (Allocation Failure)
[2019-12-09T07:24:36.401+0000][1][gc,task      ] GC(57) Using 2 workers of 2 for evacuation
[2019-12-09T07:24:36.404+0000][1][gc,age       ] GC(57) Desired survivor size 4456448 bytes, new threshold 6 (max threshold 6)
[2019-12-09T07:24:36.404+0000][1][gc,age       ] GC(57) Age table with threshold 6 (max threshold 6)
[2019-12-09T07:24:36.404+0000][1][gc,age       ] GC(57) - age   1:     975472 bytes,     975472 total
[2019-12-09T07:24:36.404+0000][1][gc,age       ] GC(57) - age   2:       1264 bytes,     976736 total
[2019-12-09T07:24:36.404+0000][1][gc,age       ] GC(57) - age   3:       1992 bytes,     978728 total
[2019-12-09T07:24:36.404+0000][1][gc,age       ] GC(57) - age   4:        656 bytes,     979384 total
[2019-12-09T07:24:36.404+0000][1][gc,age       ] GC(57) - age   5:        440 bytes,     979824 total
[2019-12-09T07:24:36.404+0000][1][gc,age       ] GC(57) - age   6:       1376 bytes,     981200 total
[2019-12-09T07:24:36.404+0000][1][gc,heap      ] GC(57) ParNew: 71046K->1092K(78656K)
[2019-12-09T07:24:36.404+0000][1][gc,heap      ] GC(57) CMS: 70930K->70930K(174784K)
[2019-12-09T07:24:36.404+0000][1][gc,metaspace ] GC(57) Metaspace: 76168K->76168K(1118208K)
[2019-12-09T07:24:36.404+0000][1][gc           ] GC(57) Pause Young (Allocation Failure) 138M->70M(247M) 2.368ms
[2019-12-09T07:24:36.404+0000][1][gc,cpu       ] GC(57) User=0.01s Sys=0.00s Real=0.00s
[2019-12-09T07:24:36.404+0000][1][safepoint    ] Leaving safepoint region
[2019-12-09T07:24:36.404+0000][1][safepoint    ] Total time for which application threads were stopped: 0.0025294 seconds, Stopping threads took: 0.0000168 seconds
[2019-12-09T07:24:37.404+0000][1][safepoint    ] Application time: 1.0000860 seconds
[2019-12-09T07:24:37.404+0000][1][safepoint    ] Entering safepoint region: Cleanup
[2019-12-09T07:24:37.404+0000][1][safepoint    ] Leaving safepoint region
[2019-12-09T07:24:37.404+0000][1][safepoint    ] Total time for which application threads were stopped: 0.0000952 seconds, Stopping threads took: 0.0000207 seconds
[2019-12-09T07:24:38.404+0000][1][safepoint    ] Application time: 1.0000793 seconds
[2019-12-09T07:24:38.404+0000][1][safepoint    ] Entering safepoint region: Cleanup
[2019-12-09T07:24:38.404+0000][1][safepoint    ] Leaving safepoint region
[2019-12-09T07:24:38.404+0000][1][safepoint    ] Total time for which application threads were stopped: 0.0000910 seconds, Stopping threads took: 0.0000214 seconds
[2019-12-09T07:24:39.404+0000][1][safepoint    ] Application time: 1.0000766 seconds
[2019-12-09T07:24:39.404+0000][1][safepoint    ] Entering safepoint region: Cleanup
[2019-12-09T07:24:39.404+0000][1][safepoint    ] Leaving safepoint region
[2019-12-09T07:24:39.404+0000][1][safepoint    ] Total time for which application threads were stopped: 0.0000895 seconds, Stopping threads took: 0.0000184 seconds
[2019-12-09T07:24:40.405+0000][1][safepoint    ] Application time: 1.0000752 seconds
[2019-12-09T07:24:40.405+0000][1][safepoint    ] Entering safepoint region: Cleanup
[2019-12-09T07:24:40.405+0000][1][safepoint    ] Leaving safepoint region
[2019-12-09T07:24:40.405+0000][1][safepoint    ] Total time for which application threads were stopped: 0.0000891 seconds, Stopping threads took: 0.0000199 seconds
[2019-12-09T07:24:41.405+0000][1][safepoint    ] Application time: 1.0000813 seconds
[2019-12-09T07:24:41.405+0000][1][safepoint    ] Entering safepoint region: Cleanup
[2019-12-09T07:24:41.405+0000][1][safepoint    ] Leaving safepoint region
[2019-12-09T07:24:41.405+0000][1][safepoint    ] Total time for which application threads were stopped: 0.0000931 seconds, Stopping threads took: 0.0000204 seconds
[2019-12-09T07:24:42.405+0000][1][safepoint    ] Application time: 1.0000811 seconds
[2019-12-09T07:24:42.405+0000][1][safepoint    ] Entering safepoint region: Cleanup
[2019-12-09T07:24:42.405+0000][1][safepoint    ] Leaving safepoint region
[2019-12-09T07:24:42.405+0000][1][safepoint    ] Total time for which application threads were stopped: 0.0000896 seconds, Stopping threads took: 0.0000197 seconds
[2019-12-09T07:24:43.405+0000][1][safepoint    ] Application time: 1.0000764 seconds
[2019-12-09T07:24:43.405+0000][1][safepoint    ] Entering safepoint region: Cleanup
[2019-12-09T07:24:43.405+0000][1][safepoint    ] Leaving safepoint region
[2019-12-09T07:24:43.405+0000][1][safepoint    ] Total time for which application threads were stopped: 0.0000909 seconds, Stopping threads took: 0.0000206 seconds
[2019-12-09T07:24:44.405+0000][1][safepoint    ] Application time: 1.0000751 seconds
[2019-12-09T07:24:44.405+0000][1][safepoint    ] Entering safepoint region: Cleanup
[2019-12-09T07:24:44.406+0000][1][safepoint    ] Leaving safepoint region
[2019-12-09T07:24:44.406+0000][1][safepoint    ] Total time for which application threads were stopped: 0.0000893 seconds, Stopping threads took: 0.0000191 seconds
[2019-12-09T07:24:45.406+0000][1][safepoint    ] Application time: 1.0000751 seconds
[2019-12-09T07:24:45.406+0000][1][safepoint    ] Entering safepoint region: Cleanup
[2019-12-09T07:24:45.406+0000][1][safepoint    ] Leaving safepoint region
[2019-12-09T07:24:45.406+0000][1][safepoint    ] Total time for which application threads were stopped: 0.0000994 seconds, Stopping threads took: 0.0000206 seconds
[2019-12-09T07:24:46.406+0000][1][safepoint    ] Application time: 1.0000749 seconds
[2019-12-09T07:24:46.406+0000][1][safepoint    ] Entering safepoint region: Cleanup
[2019-12-09T07:24:46.406+0000][1][safepoint    ] Leaving safepoint region
[2019-12-09T07:24:46.406+0000][1][safepoint    ] Total time for which application threads were stopped: 0.0000888 seconds, Stopping threads took: 0.0000213 seconds
[2019-12-09T07:24:47.406+0000][1][safepoint    ] Application time: 1.0000757 seconds
[2019-12-09T07:24:47.406+0000][1][safepoint    ] Entering safepoint region: Cleanup
[2019-12-09T07:24:47.406+0000][1][safepoint    ] Leaving safepoint region
[2019-12-09T07:24:47.406+0000][1][safepoint    ] Total time for which application threads were stopped: 0.0000878 seconds, Stopping threads took: 0.0000189 seconds
[2019-12-09T07:24:48.406+0000][1][safepoint    ] Application time: 1.0000744 seconds
[2019-12-09T07:24:48.406+0000][1][safepoint    ] Entering safepoint region: Cleanup
[2019-12-09T07:24:48.406+0000][1][safepoint    ] Leaving safepoint region
[2019-12-09T07:24:48.406+0000][1][safepoint    ] Total time for which application threads were stopped: 0.0000893 seconds, Stopping threads took: 0.0000198 seconds
[2019-12-09T07:24:49.406+0000][1][safepoint    ] Application time: 1.0000764 seconds
[2019-12-09T07:24:49.407+0000][1][safepoint    ] Entering safepoint region: Cleanup
[2019-12-09T07:24:49.407+0000][1][safepoint    ] Leaving safepoint region
[2019-12-09T07:24:49.407+0000][1][safepoint    ] Total time for which application threads were stopped: 0.0000981 seconds, Stopping threads took: 0.0000216 seconds
[2019-12-09T07:24:50.407+0000][1][safepoint    ] Application time: 1.0000759 seconds
[2019-12-09T07:24:50.407+0000][1][safepoint    ] Entering safepoint region: Cleanup
[2019-12-09T07:24:50.407+0000][1][safepoint    ] Leaving safepoint region
[2019-12-09T07:24:50.407+0000][1][safepoint    ] Total time for which application threads were stopped: 0.0000875 seconds, Stopping threads took: 0.0000186 seconds
[2019-12-09T07:24:51.407+0000][1][safepoint    ] Application time: 1.0000736 seconds
[2019-12-09T07:24:51.407+0000][1][safepoint    ] Entering safepoint region: Cleanup
[2019-12-09T07:24:51.407+0000][1][safepoint    ] Leaving safepoint region
[2019-12-09T07:24:51.407+0000][1][safepoint    ] Total time for which application threads were stopped: 0.0000978 seconds, Stopping threads took: 0.0000294 seconds
[2019-12-09T07:24:52.407+0000][1][safepoint    ] Application time: 1.0000766 seconds
[2019-12-09T07:24:52.407+0000][1][safepoint    ] Entering safepoint region: Cleanup
[2019-12-09T07:24:52.407+0000][1][safepoint    ] Leaving safepoint region
[2019-12-09T07:24:52.407+0000][1][safepoint    ] Total time for which application threads were stopped: 0.0000902 seconds, Stopping threads took: 0.0000211 seconds
[2019-12-09T07:24:53.407+0000][1][safepoint    ] Application time: 1.0000750 seconds
[2019-12-09T07:24:53.407+0000][1][safepoint    ] Entering safepoint region: Cleanup
[2019-12-09T07:24:53.407+0000][1][safepoint    ] Leaving safepoint region
[2019-12-09T07:24:53.407+0000][1][safepoint    ] Total time for which application threads were stopped: 0.0000907 seconds, Stopping threads took: 0.0000194 seconds
[2019-12-09T07:24:54.408+0000][1][safepoint    ] Application time: 1.0000766 seconds
[2019-12-09T07:24:54.408+0000][1][safepoint    ] Entering safepoint region: Cleanup
[2019-12-09T07:24:54.408+0000][1][safepoint    ] Leaving safepoint region
[2019-12-09T07:24:54.408+0000][1][safepoint    ] Total time for which application threads were stopped: 0.0000941 seconds, Stopping threads took: 0.0000195 seconds
[2019-12-09T07:24:55.408+0000][1][safepoint    ] Application time: 1.0000740 seconds
[2019-12-09T07:24:55.408+0000][1][safepoint    ] Entering safepoint region: Cleanup
[2019-12-09T07:24:55.408+0000][1][safepoint    ] Leaving safepoint region
[2019-12-09T07:24:55.408+0000][1][safepoint    ] Total time for which application threads were stopped: 0.0000913 seconds, Stopping threads took: 0.0000213 seconds
[2019-12-09T07:24:56.408+0000][1][safepoint    ] Application time: 1.0000774 seconds
[2019-12-09T07:24:56.408+0000][1][safepoint    ] Entering safepoint region: Cleanup
[2019-12-09T07:24:56.408+0000][1][safepoint    ] Leaving safepoint region
[2019-12-09T07:24:56.408+0000][1][safepoint    ] Total time for which application threads were stopped: 0.0000935 seconds, Stopping threads took: 0.0000224 seconds
[2019-12-09T07:24:57.408+0000][1][safepoint    ] Application time: 1.0000759 seconds
[2019-12-09T07:24:57.408+0000][1][safepoint    ] Entering safepoint region: Cleanup
[2019-12-09T07:24:57.408+0000][1][safepoint    ] Leaving safepoint region
[2019-12-09T07:24:57.408+0000][1][safepoint    ] Total time for which application threads were stopped: 0.0000922 seconds, Stopping threads took: 0.0000206 seconds
[2019-12-09T07:24:58.408+0000][1][safepoint    ] Application time: 1.0000741 seconds
[2019-12-09T07:24:58.408+0000][1][safepoint    ] Entering safepoint region: Cleanup
[2019-12-09T07:24:58.408+0000][1][safepoint    ] Leaving safepoint region
[2019-12-09T07:24:58.409+0000][1][safepoint    ] Total time for which application threads were stopped: 0.0000941 seconds, Stopping threads took: 0.0000229 seconds
[2019-12-09T07:24:59.409+0000][1][safepoint    ] Application time: 1.0000746 seconds
[2019-12-09T07:24:59.409+0000][1][safepoint    ] Entering safepoint region: Cleanup
[2019-12-09T07:24:59.409+0000][1][safepoint    ] Leaving safepoint region
[2019-12-09T07:24:59.409+0000][1][safepoint    ] Total time for which application threads were stopped: 0.0001002 seconds, Stopping threads took: 0.0000205 seconds
[2019-12-09T07:25:00.409+0000][1][safepoint    ] Application time: 1.0000760 seconds
[2019-12-09T07:25:00.409+0000][1][safepoint    ] Entering safepoint region: Cleanup
[2019-12-09T07:25:00.409+0000][1][safepoint    ] Leaving safepoint region
[2019-12-09T07:25:00.409+0000][1][safepoint    ] Total time for which application threads were stopped: 0.0000882 seconds, Stopping threads took: 0.0000186 seconds
[2019-12-09T07:25:01.409+0000][1][safepoint    ] Application time: 1.0000895 seconds
[2019-12-09T07:25:01.409+0000][1][safepoint    ] Entering safepoint region: Cleanup
[2019-12-09T07:25:01.409+0000][1][safepoint    ] Leaving safepoint region
[2019-12-09T07:25:01.409+0000][1][safepoint    ] Total time for which application threads were stopped: 0.0001407 seconds, Stopping threads took: 0.0000314 seconds
[2019-12-09T07:25:02.409+0000][1][safepoint    ] Application time: 1.0000805 seconds
[2019-12-09T07:25:02.409+0000][1][safepoint    ] Entering safepoint region: Cleanup
[2019-12-09T07:25:02.409+0000][1][safepoint    ] Leaving safepoint region
[2019-12-09T07:25:02.409+0000][1][safepoint    ] Total time for which application threads were stopped: 0.0000919 seconds, Stopping threads took: 0.0000212 seconds
[2019-12-09T07:25:03.410+0000][1][safepoint    ] Application time: 1.0000765 seconds
[2019-12-09T07:25:03.410+0000][1][safepoint    ] Entering safepoint region: Cleanup
[2019-12-09T07:25:03.410+0000][1][safepoint    ] Leaving safepoint region
[2019-12-09T07:25:03.410+0000][1][safepoint    ] Total time for which application threads were stopped: 0.0000904 seconds, Stopping threads took: 0.0000201 seconds
[2019-12-09T07:25:04.410+0000][1][safepoint    ] Application time: 1.0000766 seconds
[2019-12-09T07:25:04.410+0000][1][safepoint    ] Entering safepoint region: Cleanup
[2019-12-09T07:25:04.410+0000][1][safepoint    ] Leaving safepoint region
[2019-12-09T07:25:04.410+0000][1][safepoint    ] Total time for which application threads were stopped: 0.0000900 seconds, Stopping threads took: 0.0000207 seconds
[2019-12-09T07:25:05.410+0000][1][safepoint    ] Application time: 1.0000733 seconds
[2019-12-09T07:25:05.410+0000][1][safepoint    ] Entering safepoint region: Cleanup
[2019-12-09T07:25:05.410+0000][1][safepoint    ] Leaving safepoint region
[2019-12-09T07:25:05.410+0000][1][safepoint    ] Total time for which application threads were stopped: 0.0000882 seconds, Stopping threads took: 0.0000191 seconds
[2019-12-09T07:25:06.410+0000][1][safepoint    ] Application time: 1.0000739 seconds
[2019-12-09T07:25:06.410+0000][1][safepoint    ] Entering safepoint region: Cleanup
[2019-12-09T07:25:06.410+0000][1][safepoint    ] Leaving safepoint region
[2019-12-09T07:25:06.410+0000][1][safepoint    ] Total time for which application threads were stopped: 0.0001150 seconds, Stopping threads took: 0.0000208 seconds
[2019-12-09T07:25:07.410+0000][1][safepoint    ] Application time: 1.0000752 seconds
[2019-12-09T07:25:07.410+0000][1][safepoint    ] Entering safepoint region: Cleanup
[2019-12-09T07:25:07.411+0000][1][safepoint    ] Leaving safepoint region
[2019-12-09T07:25:07.411+0000][1][safepoint    ] Total time for which application threads were stopped: 0.0001018 seconds, Stopping threads took: 0.0000252 seconds
[2019-12-09T07:25:08.411+0000][1][safepoint    ] Application time: 1.0000809 seconds
[2019-12-09T07:25:08.411+0000][1][safepoint    ] Entering safepoint region: Cleanup
[2019-12-09T07:25:08.411+0000][1][safepoint    ] Leaving safepoint region
[2019-12-09T07:25:08.411+0000][1][safepoint    ] Total time for which application threads were stopped: 0.0001006 seconds, Stopping threads took: 0.0000318 seconds
[2019-12-09T07:25:09.411+0000][1][safepoint    ] Application time: 1.0000783 seconds
[2019-12-09T07:25:09.411+0000][1][safepoint    ] Entering safepoint region: Cleanup
[2019-12-09T07:25:09.411+0000][1][safepoint    ] Leaving safepoint region
[2019-12-09T07:25:09.411+0000][1][safepoint    ] Total time for which application threads were stopped: 0.0000978 seconds, Stopping threads took: 0.0000215 seconds
[2019-12-09T07:25:10.411+0000][1][safepoint    ] Application time: 1.0000772 seconds
[2019-12-09T07:25:10.411+0000][1][safepoint    ] Entering safepoint region: Cleanup
[2019-12-09T07:25:10.411+0000][1][safepoint    ] Leaving safepoint region
[2019-12-09T07:25:10.411+0000][1][safepoint    ] Total time for which application threads were stopped: 0.0000880 seconds, Stopping threads took: 0.0000190 seconds
[2019-12-09T07:25:11.411+0000][1][safepoint    ] Application time: 1.0000447 seconds
[2019-12-09T07:25:11.411+0000][1][safepoint    ] Entering safepoint region: Cleanup
[2019-12-09T07:25:11.411+0000][1][safepoint    ] Leaving safepoint region
[2019-12-09T07:25:11.411+0000][1][safepoint    ] Total time for which application threads were stopped: 0.0000916 seconds, Stopping threads took: 0.0000216 seconds
[2019-12-09T07:25:12.411+0000][1][safepoint    ] Application time: 1.0000783 seconds
[2019-12-09T07:25:12.412+0000][1][safepoint    ] Entering safepoint region: Cleanup
[2019-12-09T07:25:12.412+0000][1][safepoint    ] Leaving safepoint region
[2019-12-09T07:25:12.412+0000][1][safepoint    ] Total time for which application threads were stopped: 0.0000941 seconds, Stopping threads took: 0.0000205 seconds
[2019-12-09T07:25:13.412+0000][1][safepoint    ] Application time: 1.0000864 seconds
[2019-12-09T07:25:13.412+0000][1][safepoint    ] Entering safepoint region: Cleanup
[2019-12-09T07:25:13.412+0000][1][safepoint    ] Leaving safepoint region
[2019-12-09T07:25:13.412+0000][1][safepoint    ] Total time for which application threads were stopped: 0.0000906 seconds, Stopping threads took: 0.0000208 seconds
[2019-12-09T07:25:14.412+0000][1][safepoint    ] Application time: 1.0000756 seconds
[2019-12-09T07:25:14.412+0000][1][safepoint    ] Entering safepoint region: Cleanup
[2019-12-09T07:25:14.412+0000][1][safepoint    ] Leaving safepoint region
[2019-12-09T07:25:14.412+0000][1][safepoint    ] Total time for which application threads were stopped: 0.0000950 seconds, Stopping threads took: 0.0000201 seconds
[2019-12-09T07:25:15.412+0000][1][safepoint    ] Application time: 1.0000797 seconds
[2019-12-09T07:25:15.412+0000][1][safepoint    ] Entering safepoint region: Cleanup
[2019-12-09T07:25:15.412+0000][1][safepoint    ] Leaving safepoint region
[2019-12-09T07:25:15.412+0000][1][safepoint    ] Total time for which application threads were stopped: 0.0000955 seconds, Stopping threads took: 0.0000212 seconds
[2019-12-09T07:25:16.412+0000][1][safepoint    ] Application time: 1.0000745 seconds
[2019-12-09T07:25:16.412+0000][1][safepoint    ] Entering safepoint region: Cleanup
[2019-12-09T07:25:16.412+0000][1][safepoint    ] Leaving safepoint region
[2019-12-09T07:25:16.412+0000][1][safepoint    ] Total time for which application threads were stopped: 0.0000880 seconds, Stopping threads took: 0.0000181 seconds
[2019-12-09T07:25:17.413+0000][1][safepoint    ] Application time: 1.0000783 seconds
[2019-12-09T07:25:17.413+0000][1][safepoint    ] Entering safepoint region: Cleanup
[2019-12-09T07:25:17.413+0000][1][safepoint    ] Leaving safepoint region
[2019-12-09T07:25:17.413+0000][1][safepoint    ] Total time for which application threads were stopped: 0.0001075 seconds, Stopping threads took: 0.0000183 seconds
[2019-12-09T07:25:18.413+0000][1][safepoint    ] Application time: 1.0000761 seconds
[2019-12-09T07:25:18.413+0000][1][safepoint    ] Entering safepoint region: Cleanup
[2019-12-09T07:25:18.413+0000][1][safepoint    ] Leaving safepoint region
[2019-12-09T07:25:18.413+0000][1][safepoint    ] Total time for which application threads were stopped: 0.0000882 seconds, Stopping threads took: 0.0000216 seconds
[2019-12-09T07:25:19.413+0000][1][safepoint    ] Application time: 1.0000783 seconds
[2019-12-09T07:25:19.413+0000][1][safepoint    ] Entering safepoint region: Cleanup
[2019-12-09T07:25:19.413+0000][1][safepoint    ] Leaving safepoint region
[2019-12-09T07:25:19.413+0000][1][safepoint    ] Total time for which application threads were stopped: 0.0000940 seconds, Stopping threads took: 0.0000212 seconds
[2019-12-09T07:25:20.074+0000][1][safepoint    ] Application time: 0.6611271 seconds
[2019-12-09T07:25:20.074+0000][1][safepoint    ] Entering safepoint region: GenCollectForAllocation
[2019-12-09T07:25:20.074+0000][1][gc,start     ] GC(58) Pause Young (Allocation Failure)
[2019-12-09T07:25:20.074+0000][1][gc,task      ] GC(58) Using 2 workers of 2 for evacuation
[2019-12-09T07:25:20.077+0000][1][gc,age       ] GC(58) Desired survivor size 4456448 bytes, new threshold 6 (max threshold 6)
[2019-12-09T07:25:20.077+0000][1][gc,age       ] GC(58) Age table with threshold 6 (max threshold 6)
[2019-12-09T07:25:20.077+0000][1][gc,age       ] GC(58) - age   1:     890384 bytes,     890384 total
[2019-12-09T07:25:20.077+0000][1][gc,age       ] GC(58) - age   2:       8232 bytes,     898616 total
[2019-12-09T07:25:20.077+0000][1][gc,age       ] GC(58) - age   3:        880 bytes,     899496 total
[2019-12-09T07:25:20.077+0000][1][gc,age       ] GC(58) - age   4:       1992 bytes,     901488 total
[2019-12-09T07:25:20.077+0000][1][gc,age       ] GC(58) - age   5:        656 bytes,     902144 total
[2019-12-09T07:25:20.077+0000][1][gc,age       ] GC(58) - age   6:        440 bytes,     902584 total
[2019-12-09T07:25:20.077+0000][1][gc,heap      ] GC(58) ParNew: 71026K->887K(78656K)
[2019-12-09T07:25:20.077+0000][1][gc,heap      ] GC(58) CMS: 70930K->70931K(174784K)
[2019-12-09T07:25:20.077+0000][1][gc,metaspace ] GC(58) Metaspace: 76189K->76189K(1118208K)
[2019-12-09T07:25:20.077+0000][1][gc           ] GC(58) Pause Young (Allocation Failure) 138M->70M(247M) 2.181ms
[2019-12-09T07:25:20.077+0000][1][gc,cpu       ] GC(58) User=0.01s Sys=0.00s Real=0.01s
[2019-12-09T07:25:20.077+0000][1][safepoint    ] Leaving safepoint region
[2019-12-09T07:25:20.077+0000][1][safepoint    ] Total time for which application threads were stopped: 0.0024065 seconds, Stopping threads took: 0.0000529 seconds
[2019-12-09T07:25:21.077+0000][1][safepoint    ] Application time: 1.0000920 seconds
[2019-12-09T07:25:21.077+0000][1][safepoint    ] Entering safepoint region: Cleanup
[2019-12-09T07:25:21.077+0000][1][safepoint    ] Leaving safepoint region
[2019-12-09T07:25:21.077+0000][1][safepoint    ] Total time for which application threads were stopped: 0.0001279 seconds, Stopping threads took: 0.0000527 seconds
[2019-12-09T07:25:22.077+0000][1][safepoint    ] Application time: 1.0000789 seconds
[2019-12-09T07:25:22.077+0000][1][safepoint    ] Entering safepoint region: Cleanup
[2019-12-09T07:25:22.077+0000][1][safepoint    ] Leaving safepoint region
[2019-12-09T07:25:22.077+0000][1][safepoint    ] Total time for which application threads were stopped: 0.0000885 seconds, Stopping threads took: 0.0000185 seconds
[2019-12-09T07:25:23.077+0000][1][safepoint    ] Application time: 1.0000756 seconds
[2019-12-09T07:25:23.077+0000][1][safepoint    ] Entering safepoint region: Cleanup
[2019-12-09T07:25:23.077+0000][1][safepoint    ] Leaving safepoint region
[2019-12-09T07:25:23.077+0000][1][safepoint    ] Total time for which application threads were stopped: 0.0000867 seconds, Stopping threads took: 0.0000187 seconds
[2019-12-09T07:25:24.077+0000][1][safepoint    ] Application time: 1.0000752 seconds
[2019-12-09T07:25:24.078+0000][1][safepoint    ] Entering safepoint region: Cleanup
[2019-12-09T07:25:24.078+0000][1][safepoint    ] Leaving safepoint region
[2019-12-09T07:25:24.078+0000][1][safepoint    ] Total time for which application threads were stopped: 0.0000840 seconds, Stopping threads took: 0.0000167 seconds
[2019-12-09T07:25:25.078+0000][1][safepoint    ] Application time: 1.0000857 seconds
[2019-12-09T07:25:25.078+0000][1][safepoint    ] Entering safepoint region: Cleanup
[2019-12-09T07:25:25.078+0000][1][safepoint    ] Leaving safepoint region
[2019-12-09T07:25:25.078+0000][1][safepoint    ] Total time for which application threads were stopped: 0.0000906 seconds, Stopping threads took: 0.0000193 seconds
[2019-12-09T07:25:26.078+0000][1][safepoint    ] Application time: 1.0000785 seconds
[2019-12-09T07:25:26.078+0000][1][safepoint    ] Entering safepoint region: Cleanup
[2019-12-09T07:25:26.078+0000][1][safepoint    ] Leaving safepoint region
[2019-12-09T07:25:26.078+0000][1][safepoint    ] Total time for which application threads were stopped: 0.0000906 seconds, Stopping threads took: 0.0000213 seconds
[2019-12-09T07:25:27.078+0000][1][safepoint    ] Application time: 1.0000749 seconds
[2019-12-09T07:25:27.078+0000][1][safepoint    ] Entering safepoint region: Cleanup
[2019-12-09T07:25:27.078+0000][1][safepoint    ] Leaving safepoint region
[2019-12-09T07:25:27.078+0000][1][safepoint    ] Total time for which application threads were stopped: 0.0000908 seconds, Stopping threads took: 0.0000212 seconds
[2019-12-09T07:25:28.078+0000][1][safepoint    ] Application time: 1.0000763 seconds
[2019-12-09T07:25:28.078+0000][1][safepoint    ] Entering safepoint region: Cleanup
[2019-12-09T07:25:28.078+0000][1][safepoint    ] Leaving safepoint region
[2019-12-09T07:25:28.078+0000][1][safepoint    ] Total time for which application threads were stopped: 0.0000899 seconds, Stopping threads took: 0.0000201 seconds
[2019-12-09T07:25:29.079+0000][1][safepoint    ] Application time: 1.0000786 seconds
[2019-12-09T07:25:29.079+0000][1][safepoint    ] Entering safepoint region: Cleanup
[2019-12-09T07:25:29.079+0000][1][safepoint    ] Leaving safepoint region
[2019-12-09T07:25:29.079+0000][1][safepoint    ] Total time for which application threads were stopped: 0.0000896 seconds, Stopping threads took: 0.0000194 seconds
[2019-12-09T07:25:30.079+0000][1][safepoint    ] Application time: 1.0000782 seconds
[2019-12-09T07:25:30.079+0000][1][safepoint    ] Entering safepoint region: Cleanup
[2019-12-09T07:25:30.079+0000][1][safepoint    ] Leaving safepoint region
[2019-12-09T07:25:30.079+0000][1][safepoint    ] Total time for which application threads were stopped: 0.0001015 seconds, Stopping threads took: 0.0000194 seconds
[2019-12-09T07:25:31.079+0000][1][safepoint    ] Application time: 1.0000775 seconds
[2019-12-09T07:25:31.079+0000][1][safepoint    ] Entering safepoint region: Cleanup
[2019-12-09T07:25:31.079+0000][1][safepoint    ] Leaving safepoint region
[2019-12-09T07:25:31.079+0000][1][safepoint    ] Total time for which application threads were stopped: 0.0000903 seconds, Stopping threads took: 0.0000195 seconds
[2019-12-09T07:25:32.079+0000][1][safepoint    ] Application time: 1.0000761 seconds
[2019-12-09T07:25:32.079+0000][1][safepoint    ] Entering safepoint region: Cleanup
[2019-12-09T07:25:32.079+0000][1][safepoint    ] Leaving safepoint region
[2019-12-09T07:25:32.079+0000][1][safepoint    ] Total time for which application threads were stopped: 0.0000930 seconds, Stopping threads took: 0.0000207 seconds
[2019-12-09T07:25:33.079+0000][1][safepoint    ] Application time: 1.0000785 seconds
[2019-12-09T07:25:33.079+0000][1][safepoint    ] Entering safepoint region: Cleanup
[2019-12-09T07:25:33.080+0000][1][safepoint    ] Leaving safepoint region
[2019-12-09T07:25:33.080+0000][1][safepoint    ] Total time for which application threads were stopped: 0.0000923 seconds, Stopping threads took: 0.0000207 seconds
[2019-12-09T07:25:34.080+0000][1][safepoint    ] Application time: 1.0000762 seconds
[2019-12-09T07:25:34.080+0000][1][safepoint    ] Entering safepoint region: Cleanup
[2019-12-09T07:25:34.080+0000][1][safepoint    ] Leaving safepoint region
[2019-12-09T07:25:34.080+0000][1][safepoint    ] Total time for which application threads were stopped: 0.0001012 seconds, Stopping threads took: 0.0000178 seconds
[2019-12-09T07:25:35.080+0000][1][safepoint    ] Application time: 1.0000762 seconds
[2019-12-09T07:25:35.080+0000][1][safepoint    ] Entering safepoint region: Cleanup
[2019-12-09T07:25:35.080+0000][1][safepoint    ] Leaving safepoint region
[2019-12-09T07:25:35.080+0000][1][safepoint    ] Total time for which application threads were stopped: 0.0000888 seconds, Stopping threads took: 0.0000198 seconds
[2019-12-09T07:25:36.080+0000][1][safepoint    ] Application time: 1.0000752 seconds
[2019-12-09T07:25:36.080+0000][1][safepoint    ] Entering safepoint region: Cleanup
[2019-12-09T07:25:36.080+0000][1][safepoint    ] Leaving safepoint region
[2019-12-09T07:25:36.080+0000][1][safepoint    ] Total time for which application threads were stopped: 0.0000909 seconds, Stopping threads took: 0.0000206 seconds
[2019-12-09T07:25:37.080+0000][1][safepoint    ] Application time: 1.0000768 seconds
[2019-12-09T07:25:37.080+0000][1][safepoint    ] Entering safepoint region: Cleanup
[2019-12-09T07:25:37.080+0000][1][safepoint    ] Leaving safepoint region
[2019-12-09T07:25:37.080+0000][1][safepoint    ] Total time for which application threads were stopped: 0.0000917 seconds, Stopping threads took: 0.0000196 seconds
[2019-12-09T07:25:38.080+0000][1][safepoint    ] Application time: 1.0000752 seconds
[2019-12-09T07:25:38.081+0000][1][safepoint    ] Entering safepoint region: Cleanup
[2019-12-09T07:25:38.081+0000][1][safepoint    ] Leaving safepoint region
[2019-12-09T07:25:38.081+0000][1][safepoint    ] Total time for which application threads were stopped: 0.0000876 seconds, Stopping threads took: 0.0000194 seconds
[2019-12-09T07:25:39.081+0000][1][safepoint    ] Application time: 1.0000804 seconds
[2019-12-09T07:25:39.081+0000][1][safepoint    ] Entering safepoint region: Cleanup
[2019-12-09T07:25:39.081+0000][1][safepoint    ] Leaving safepoint region
[2019-12-09T07:25:39.081+0000][1][safepoint    ] Total time for which application threads were stopped: 0.0000849 seconds, Stopping threads took: 0.0000184 seconds
[2019-12-09T07:25:40.081+0000][1][safepoint    ] Application time: 1.0000751 seconds
[2019-12-09T07:25:40.081+0000][1][safepoint    ] Entering safepoint region: Cleanup
[2019-12-09T07:25:40.081+0000][1][safepoint    ] Leaving safepoint region
[2019-12-09T07:25:40.081+0000][1][safepoint    ] Total time for which application threads were stopped: 0.0001046 seconds, Stopping threads took: 0.0000195 seconds
[2019-12-09T07:25:41.081+0000][1][safepoint    ] Application time: 1.0000752 seconds
[2019-12-09T07:25:41.081+0000][1][safepoint    ] Entering safepoint region: Cleanup
[2019-12-09T07:25:41.081+0000][1][safepoint    ] Leaving safepoint region
[2019-12-09T07:25:41.081+0000][1][safepoint    ] Total time for which application threads were stopped: 0.0000875 seconds, Stopping threads took: 0.0000189 seconds
[2019-12-09T07:25:42.081+0000][1][safepoint    ] Application time: 1.0000797 seconds
[2019-12-09T07:25:42.081+0000][1][safepoint    ] Entering safepoint region: Cleanup
[2019-12-09T07:25:42.081+0000][1][safepoint    ] Leaving safepoint region
[2019-12-09T07:25:42.081+0000][1][safepoint    ] Total time for which application threads were stopped: 0.0000893 seconds, Stopping threads took: 0.0000206 seconds
[2019-12-09T07:25:43.082+0000][1][safepoint    ] Application time: 1.0000758 seconds
[2019-12-09T07:25:43.082+0000][1][safepoint    ] Entering safepoint region: Cleanup
[2019-12-09T07:25:43.082+0000][1][safepoint    ] Leaving safepoint region
[2019-12-09T07:25:43.082+0000][1][safepoint    ] Total time for which application threads were stopped: 0.0000901 seconds, Stopping threads took: 0.0000194 seconds
[2019-12-09T07:25:44.082+0000][1][safepoint    ] Application time: 1.0000742 seconds
[2019-12-09T07:25:44.082+0000][1][safepoint    ] Entering safepoint region: Cleanup
[2019-12-09T07:25:44.082+0000][1][safepoint    ] Leaving safepoint region
[2019-12-09T07:25:44.082+0000][1][safepoint    ] Total time for which application threads were stopped: 0.0000910 seconds, Stopping threads took: 0.0000194 seconds
[2019-12-09T07:25:45.082+0000][1][safepoint    ] Application time: 1.0000773 seconds
[2019-12-09T07:25:45.082+0000][1][safepoint    ] Entering safepoint region: Cleanup
[2019-12-09T07:25:45.082+0000][1][safepoint    ] Leaving safepoint region
[2019-12-09T07:25:45.082+0000][1][safepoint    ] Total time for which application threads were stopped: 0.0000967 seconds, Stopping threads took: 0.0000187 seconds
[2019-12-09T07:25:46.082+0000][1][safepoint    ] Application time: 1.0000771 seconds
[2019-12-09T07:25:46.082+0000][1][safepoint    ] Entering safepoint region: Cleanup
[2019-12-09T07:25:46.082+0000][1][safepoint    ] Leaving safepoint region
[2019-12-09T07:25:46.082+0000][1][safepoint    ] Total time for which application threads were stopped: 0.0000919 seconds, Stopping threads took: 0.0000197 seconds
[2019-12-09T07:25:47.082+0000][1][safepoint    ] Application time: 1.0000755 seconds
[2019-12-09T07:25:47.082+0000][1][safepoint    ] Entering safepoint region: Cleanup
[2019-12-09T07:25:47.082+0000][1][safepoint    ] Leaving safepoint region
[2019-12-09T07:25:47.082+0000][1][safepoint    ] Total time for which application threads were stopped: 0.0000870 seconds, Stopping threads took: 0.0000189 seconds
[2019-12-09T07:25:48.083+0000][1][safepoint    ] Application time: 1.0000759 seconds
[2019-12-09T07:25:48.083+0000][1][safepoint    ] Entering safepoint region: Cleanup
[2019-12-09T07:25:48.083+0000][1][safepoint    ] Leaving safepoint region
[2019-12-09T07:25:48.083+0000][1][safepoint    ] Total time for which application threads were stopped: 0.0000988 seconds, Stopping threads took: 0.0000204 seconds
[2019-12-09T07:25:49.083+0000][1][safepoint    ] Application time: 1.0000761 seconds
[2019-12-09T07:25:49.083+0000][1][safepoint    ] Entering safepoint region: Cleanup
[2019-12-09T07:25:49.083+0000][1][safepoint    ] Leaving safepoint region
[2019-12-09T07:25:49.083+0000][1][safepoint    ] Total time for which application threads were stopped: 0.0000872 seconds, Stopping threads took: 0.0000193 seconds
[2019-12-09T07:25:50.083+0000][1][safepoint    ] Application time: 1.0000790 seconds
[2019-12-09T07:25:50.083+0000][1][safepoint    ] Entering safepoint region: Cleanup
[2019-12-09T07:25:50.083+0000][1][safepoint    ] Leaving safepoint region
[2019-12-09T07:25:50.083+0000][1][safepoint    ] Total time for which application threads were stopped: 0.0000897 seconds, Stopping threads took: 0.0000198 seconds
[2019-12-09T07:25:51.083+0000][1][safepoint    ] Application time: 1.0000764 seconds
[2019-12-09T07:25:51.083+0000][1][safepoint    ] Entering safepoint region: Cleanup
[2019-12-09T07:25:51.083+0000][1][safepoint    ] Leaving safepoint region
[2019-12-09T07:25:51.083+0000][1][safepoint    ] Total time for which application threads were stopped: 0.0000901 seconds, Stopping threads took: 0.0000201 seconds
[2019-12-09T07:25:52.083+0000][1][safepoint    ] Application time: 1.0000750 seconds
[2019-12-09T07:25:52.084+0000][1][safepoint    ] Entering safepoint region: Cleanup
[2019-12-09T07:25:52.084+0000][1][safepoint    ] Leaving safepoint region
[2019-12-09T07:25:52.084+0000][1][safepoint    ] Total time for which application threads were stopped: 0.0001015 seconds, Stopping threads took: 0.0000319 seconds
[2019-12-09T07:25:53.084+0000][1][safepoint    ] Application time: 1.0000763 seconds
[2019-12-09T07:25:53.084+0000][1][safepoint    ] Entering safepoint region: Cleanup
[2019-12-09T07:25:53.084+0000][1][safepoint    ] Leaving safepoint region
[2019-12-09T07:25:53.084+0000][1][safepoint    ] Total time for which application threads were stopped: 0.0000893 seconds, Stopping threads took: 0.0000194 seconds
[2019-12-09T07:25:54.084+0000][1][safepoint    ] Application time: 1.0000748 seconds
[2019-12-09T07:25:54.084+0000][1][safepoint    ] Entering safepoint region: Cleanup
[2019-12-09T07:25:54.084+0000][1][safepoint    ] Leaving safepoint region
[2019-12-09T07:25:54.084+0000][1][safepoint    ] Total time for which application threads were stopped: 0.0000857 seconds, Stopping threads took: 0.0000166 seconds
[2019-12-09T07:25:55.084+0000][1][safepoint    ] Application time: 1.0000746 seconds
[2019-12-09T07:25:55.084+0000][1][safepoint    ] Entering safepoint region: Cleanup
[2019-12-09T07:25:55.084+0000][1][safepoint    ] Leaving safepoint region
[2019-12-09T07:25:55.084+0000][1][safepoint    ] Total time for which application threads were stopped: 0.0000890 seconds, Stopping threads took: 0.0000192 seconds
[2019-12-09T07:25:56.084+0000][1][safepoint    ] Application time: 1.0000762 seconds
[2019-12-09T07:25:56.084+0000][1][safepoint    ] Entering safepoint region: Cleanup
[2019-12-09T07:25:56.084+0000][1][safepoint    ] Leaving safepoint region
[2019-12-09T07:25:56.084+0000][1][safepoint    ] Total time for which application threads were stopped: 0.0000912 seconds, Stopping threads took: 0.0000198 seconds
[2019-12-09T07:25:57.085+0000][1][safepoint    ] Application time: 1.0000750 seconds
[2019-12-09T07:25:57.085+0000][1][safepoint    ] Entering safepoint region: Cleanup
[2019-12-09T07:25:57.085+0000][1][safepoint    ] Leaving safepoint region
[2019-12-09T07:25:57.085+0000][1][safepoint    ] Total time for which application threads were stopped: 0.0000896 seconds, Stopping threads took: 0.0000201 seconds
[2019-12-09T07:25:58.085+0000][1][safepoint    ] Application time: 1.0000752 seconds
[2019-12-09T07:25:58.085+0000][1][safepoint    ] Entering safepoint region: Cleanup
[2019-12-09T07:25:58.085+0000][1][safepoint    ] Leaving safepoint region
[2019-12-09T07:25:58.085+0000][1][safepoint    ] Total time for which application threads were stopped: 0.0000882 seconds, Stopping threads took: 0.0000206 seconds
[2019-12-09T07:25:59.085+0000][1][safepoint    ] Application time: 1.0000752 seconds
[2019-12-09T07:25:59.085+0000][1][safepoint    ] Entering safepoint region: Cleanup
[2019-12-09T07:25:59.085+0000][1][safepoint    ] Leaving safepoint region
[2019-12-09T07:25:59.085+0000][1][safepoint    ] Total time for which application threads were stopped: 0.0000879 seconds, Stopping threads took: 0.0000180 seconds
[2019-12-09T07:26:00.085+0000][1][safepoint    ] Application time: 1.0000743 seconds
[2019-12-09T07:26:00.085+0000][1][safepoint    ] Entering safepoint region: Cleanup
[2019-12-09T07:26:00.085+0000][1][safepoint    ] Leaving safepoint region
[2019-12-09T07:26:00.085+0000][1][safepoint    ] Total time for which application threads were stopped: 0.0000934 seconds, Stopping threads took: 0.0000195 seconds
[2019-12-09T07:26:01.085+0000][1][safepoint    ] Application time: 1.0000768 seconds
[2019-12-09T07:26:01.085+0000][1][safepoint    ] Entering safepoint region: Cleanup
[2019-12-09T07:26:01.085+0000][1][safepoint    ] Leaving safepoint region
[2019-12-09T07:26:01.085+0000][1][safepoint    ] Total time for which application threads were stopped: 0.0000951 seconds, Stopping threads took: 0.0000214 seconds
[2019-12-09T07:26:01.639+0000][1][safepoint    ] Application time: 0.5536603 seconds
[2019-12-09T07:26:01.639+0000][1][safepoint    ] Entering safepoint region: GenCollectForAllocation
[2019-12-09T07:26:01.639+0000][1][gc,start     ] GC(59) Pause Young (Allocation Failure)
[2019-12-09T07:26:01.639+0000][1][gc,task      ] GC(59) Using 2 workers of 2 for evacuation
[2019-12-09T07:26:01.643+0000][1][gc,age       ] GC(59) Desired survivor size 4456448 bytes, new threshold 6 (max threshold 6)
[2019-12-09T07:26:01.643+0000][1][gc,age       ] GC(59) Age table with threshold 6 (max threshold 6)
[2019-12-09T07:26:01.643+0000][1][gc,age       ] GC(59) - age   1:     962096 bytes,     962096 total
[2019-12-09T07:26:01.643+0000][1][gc,age       ] GC(59) - age   2:        896 bytes,     962992 total
[2019-12-09T07:26:01.643+0000][1][gc,age       ] GC(59) - age   3:       8232 bytes,     971224 total
[2019-12-09T07:26:01.643+0000][1][gc,age       ] GC(59) - age   4:        880 bytes,     972104 total
[2019-12-09T07:26:01.643+0000][1][gc,age       ] GC(59) - age   5:       1992 bytes,     974096 total
[2019-12-09T07:26:01.643+0000][1][gc,age       ] GC(59) - age   6:        656 bytes,     974752 total
[2019-12-09T07:26:01.643+0000][1][gc,heap      ] GC(59) ParNew: 70839K->993K(78656K)
[2019-12-09T07:26:01.643+0000][1][gc,heap      ] GC(59) CMS: 70931K->70932K(174784K)
[2019-12-09T07:26:01.644+0000][1][gc,metaspace ] GC(59) Metaspace: 76198K->76198K(1118208K)
[2019-12-09T07:26:01.644+0000][1][gc           ] GC(59) Pause Young (Allocation Failure) 138M->70M(247M) 4.203ms
[2019-12-09T07:26:01.644+0000][1][gc,cpu       ] GC(59) User=0.01s Sys=0.00s Real=0.00s
[2019-12-09T07:26:01.644+0000][1][safepoint    ] Leaving safepoint region
[2019-12-09T07:26:01.644+0000][1][safepoint    ] Total time for which application threads were stopped: 0.0044106 seconds, Stopping threads took: 0.0000234 seconds
[2019-12-09T07:26:02.644+0000][1][safepoint    ] Application time: 1.0000945 seconds
[2019-12-09T07:26:02.644+0000][1][safepoint    ] Entering safepoint region: Cleanup
[2019-12-09T07:26:02.644+0000][1][safepoint    ] Leaving safepoint region
[2019-12-09T07:26:02.644+0000][1][safepoint    ] Total time for which application threads were stopped: 0.0000840 seconds, Stopping threads took: 0.0000174 seconds
[2019-12-09T07:26:03.644+0000][1][safepoint    ] Application time: 1.0000756 seconds
[2019-12-09T07:26:03.644+0000][1][safepoint    ] Entering safepoint region: Cleanup
[2019-12-09T07:26:03.644+0000][1][safepoint    ] Leaving safepoint region
[2019-12-09T07:26:03.644+0000][1][safepoint    ] Total time for which application threads were stopped: 0.0000833 seconds, Stopping threads took: 0.0000173 seconds
[2019-12-09T07:26:04.644+0000][1][safepoint    ] Application time: 1.0000576 seconds
[2019-12-09T07:26:04.644+0000][1][safepoint    ] Entering safepoint region: Cleanup
[2019-12-09T07:26:04.644+0000][1][safepoint    ] Leaving safepoint region
[2019-12-09T07:26:04.644+0000][1][safepoint    ] Total time for which application threads were stopped: 0.0000844 seconds, Stopping threads took: 0.0000190 seconds
[2019-12-09T07:26:05.644+0000][1][safepoint    ] Application time: 1.0000777 seconds
[2019-12-09T07:26:05.644+0000][1][safepoint    ] Entering safepoint region: Cleanup
[2019-12-09T07:26:05.644+0000][1][safepoint    ] Leaving safepoint region
[2019-12-09T07:26:05.644+0000][1][safepoint    ] Total time for which application threads were stopped: 0.0000849 seconds, Stopping threads took: 0.0000198 seconds
[2019-12-09T07:26:06.644+0000][1][safepoint    ] Application time: 1.0000763 seconds
[2019-12-09T07:26:06.644+0000][1][safepoint    ] Entering safepoint region: Cleanup
[2019-12-09T07:26:06.645+0000][1][safepoint    ] Leaving safepoint region
[2019-12-09T07:26:06.645+0000][1][safepoint    ] Total time for which application threads were stopped: 0.0000842 seconds, Stopping threads took: 0.0000181 seconds
[2019-12-09T07:26:07.645+0000][1][safepoint    ] Application time: 1.0000753 seconds
[2019-12-09T07:26:07.645+0000][1][safepoint    ] Entering safepoint region: Cleanup
[2019-12-09T07:26:07.645+0000][1][safepoint    ] Leaving safepoint region
[2019-12-09T07:26:07.645+0000][1][safepoint    ] Total time for which application threads were stopped: 0.0001012 seconds, Stopping threads took: 0.0000188 seconds
[2019-12-09T07:26:08.645+0000][1][safepoint    ] Application time: 1.0000753 seconds
[2019-12-09T07:26:08.645+0000][1][safepoint    ] Entering safepoint region: Cleanup
[2019-12-09T07:26:08.645+0000][1][safepoint    ] Leaving safepoint region
[2019-12-09T07:26:08.645+0000][1][safepoint    ] Total time for which application threads were stopped: 0.0000825 seconds, Stopping threads took: 0.0000178 seconds
[2019-12-09T07:26:09.645+0000][1][safepoint    ] Application time: 1.0000739 seconds
[2019-12-09T07:26:09.645+0000][1][safepoint    ] Entering safepoint region: Cleanup
[2019-12-09T07:26:09.645+0000][1][safepoint    ] Leaving safepoint region
[2019-12-09T07:26:09.645+0000][1][safepoint    ] Total time for which application threads were stopped: 0.0000856 seconds, Stopping threads took: 0.0000201 seconds
[2019-12-09T07:26:10.645+0000][1][safepoint    ] Application time: 1.0000771 seconds
[2019-12-09T07:26:10.645+0000][1][safepoint    ] Entering safepoint region: Cleanup
[2019-12-09T07:26:10.645+0000][1][safepoint    ] Leaving safepoint region
[2019-12-09T07:26:10.645+0000][1][safepoint    ] Total time for which application threads were stopped: 0.0000835 seconds, Stopping threads took: 0.0000181 seconds
[2019-12-09T07:26:11.645+0000][1][safepoint    ] Application time: 1.0000745 seconds
[2019-12-09T07:26:11.645+0000][1][safepoint    ] Entering safepoint region: Cleanup
[2019-12-09T07:26:11.645+0000][1][safepoint    ] Leaving safepoint region
[2019-12-09T07:26:11.645+0000][1][safepoint    ] Total time for which application threads were stopped: 0.0000857 seconds, Stopping threads took: 0.0000177 seconds
[2019-12-09T07:26:12.646+0000][1][safepoint    ] Application time: 1.0000760 seconds
[2019-12-09T07:26:12.646+0000][1][safepoint    ] Entering safepoint region: Cleanup
[2019-12-09T07:26:12.646+0000][1][safepoint    ] Leaving safepoint region
[2019-12-09T07:26:12.646+0000][1][safepoint    ] Total time for which application threads were stopped: 0.0000960 seconds, Stopping threads took: 0.0000182 seconds
[2019-12-09T07:26:13.646+0000][1][safepoint    ] Application time: 1.0000827 seconds
[2019-12-09T07:26:13.646+0000][1][safepoint    ] Entering safepoint region: Cleanup
[2019-12-09T07:26:13.646+0000][1][safepoint    ] Leaving safepoint region
[2019-12-09T07:26:13.646+0000][1][safepoint    ] Total time for which application threads were stopped: 0.0000928 seconds, Stopping threads took: 0.0000191 seconds
[2019-12-09T07:26:14.646+0000][1][safepoint    ] Application time: 1.0000767 seconds
[2019-12-09T07:26:14.646+0000][1][safepoint    ] Entering safepoint region: Cleanup
[2019-12-09T07:26:14.646+0000][1][safepoint    ] Leaving safepoint region
[2019-12-09T07:26:14.646+0000][1][safepoint    ] Total time for which application threads were stopped: 0.0000851 seconds, Stopping threads took: 0.0000199 seconds
[2019-12-09T07:26:15.646+0000][1][safepoint    ] Application time: 1.0000755 seconds
[2019-12-09T07:26:15.646+0000][1][safepoint    ] Entering safepoint region: Cleanup
[2019-12-09T07:26:15.646+0000][1][safepoint    ] Leaving safepoint region
[2019-12-09T07:26:15.646+0000][1][safepoint    ] Total time for which application threads were stopped: 0.0000872 seconds, Stopping threads took: 0.0000183 seconds
[2019-12-09T07:26:16.646+0000][1][safepoint    ] Application time: 1.0000746 seconds
[2019-12-09T07:26:16.646+0000][1][safepoint    ] Entering safepoint region: Cleanup
[2019-12-09T07:26:16.646+0000][1][safepoint    ] Leaving safepoint region
[2019-12-09T07:26:16.646+0000][1][safepoint    ] Total time for which application threads were stopped: 0.0000849 seconds, Stopping threads took: 0.0000194 seconds
[2019-12-09T07:26:17.647+0000][1][safepoint    ] Application time: 1.0000752 seconds
[2019-12-09T07:26:17.647+0000][1][safepoint    ] Entering safepoint region: Cleanup
[2019-12-09T07:26:17.647+0000][1][safepoint    ] Leaving safepoint region
[2019-12-09T07:26:17.647+0000][1][safepoint    ] Total time for which application threads were stopped: 0.0000864 seconds, Stopping threads took: 0.0000193 seconds
[2019-12-09T07:26:18.647+0000][1][safepoint    ] Application time: 1.0000757 seconds
[2019-12-09T07:26:18.647+0000][1][safepoint    ] Entering safepoint region: Cleanup
[2019-12-09T07:26:18.647+0000][1][safepoint    ] Leaving safepoint region
[2019-12-09T07:26:18.647+0000][1][safepoint    ] Total time for which application threads were stopped: 0.0000830 seconds, Stopping threads took: 0.0000185 seconds
[2019-12-09T07:26:19.647+0000][1][safepoint    ] Application time: 1.0000749 seconds
[2019-12-09T07:26:19.647+0000][1][safepoint    ] Entering safepoint region: Cleanup
[2019-12-09T07:26:19.647+0000][1][safepoint    ] Leaving safepoint region
[2019-12-09T07:26:19.647+0000][1][safepoint    ] Total time for which application threads were stopped: 0.0000804 seconds, Stopping threads took: 0.0000163 seconds
[2019-12-09T07:26:20.647+0000][1][safepoint    ] Application time: 1.0000759 seconds
[2019-12-09T07:26:20.647+0000][1][safepoint    ] Entering safepoint region: Cleanup
[2019-12-09T07:26:20.647+0000][1][safepoint    ] Leaving safepoint region
[2019-12-09T07:26:20.647+0000][1][safepoint    ] Total time for which application threads were stopped: 0.0000836 seconds, Stopping threads took: 0.0000193 seconds
[2019-12-09T07:26:21.647+0000][1][safepoint    ] Application time: 1.0000749 seconds
[2019-12-09T07:26:21.647+0000][1][safepoint    ] Entering safepoint region: Cleanup
[2019-12-09T07:26:21.647+0000][1][safepoint    ] Leaving safepoint region
[2019-12-09T07:26:21.647+0000][1][safepoint    ] Total time for which application threads were stopped: 0.0000908 seconds, Stopping threads took: 0.0000234 seconds
[2019-12-09T07:26:22.647+0000][1][safepoint    ] Application time: 1.0000765 seconds
[2019-12-09T07:26:22.648+0000][1][safepoint    ] Entering safepoint region: Cleanup
[2019-12-09T07:26:22.648+0000][1][safepoint    ] Leaving safepoint region
[2019-12-09T07:26:22.648+0000][1][safepoint    ] Total time for which application threads were stopped: 0.0000888 seconds, Stopping threads took: 0.0000180 seconds
[2019-12-09T07:26:23.648+0000][1][safepoint    ] Application time: 1.0000805 seconds
[2019-12-09T07:26:23.648+0000][1][safepoint    ] Entering safepoint region: Cleanup
[2019-12-09T07:26:23.648+0000][1][safepoint    ] Leaving safepoint region
[2019-12-09T07:26:23.648+0000][1][safepoint    ] Total time for which application threads were stopped: 0.0000839 seconds, Stopping threads took: 0.0000183 seconds
[2019-12-09T07:26:24.648+0000][1][safepoint    ] Application time: 1.0000745 seconds
[2019-12-09T07:26:24.648+0000][1][safepoint    ] Entering safepoint region: Cleanup
[2019-12-09T07:26:24.648+0000][1][safepoint    ] Leaving safepoint region
[2019-12-09T07:26:24.648+0000][1][safepoint    ] Total time for which application threads were stopped: 0.0000863 seconds, Stopping threads took: 0.0000201 seconds
[2019-12-09T07:26:25.648+0000][1][safepoint    ] Application time: 1.0000756 seconds
[2019-12-09T07:26:25.648+0000][1][safepoint    ] Entering safepoint region: Cleanup
[2019-12-09T07:26:25.648+0000][1][safepoint    ] Leaving safepoint region
[2019-12-09T07:26:25.648+0000][1][safepoint    ] Total time for which application threads were stopped: 0.0000859 seconds, Stopping threads took: 0.0000195 seconds
[2019-12-09T07:26:26.648+0000][1][safepoint    ] Application time: 1.0000753 seconds
[2019-12-09T07:26:26.648+0000][1][safepoint    ] Entering safepoint region: Cleanup
[2019-12-09T07:26:26.648+0000][1][safepoint    ] Leaving safepoint region
[2019-12-09T07:26:26.648+0000][1][safepoint    ] Total time for which application threads were stopped: 0.0000847 seconds, Stopping threads took: 0.0000196 seconds
[2019-12-09T07:26:27.648+0000][1][safepoint    ] Application time: 1.0000765 seconds
[2019-12-09T07:26:27.648+0000][1][safepoint    ] Entering safepoint region: Cleanup
[2019-12-09T07:26:27.649+0000][1][safepoint    ] Leaving safepoint region
[2019-12-09T07:26:27.649+0000][1][safepoint    ] Total time for which application threads were stopped: 0.0000840 seconds, Stopping threads took: 0.0000191 seconds
[2019-12-09T07:26:28.649+0000][1][safepoint    ] Application time: 1.0000759 seconds
[2019-12-09T07:26:28.649+0000][1][safepoint    ] Entering safepoint region: Cleanup
[2019-12-09T07:26:28.649+0000][1][safepoint    ] Leaving safepoint region
[2019-12-09T07:26:28.649+0000][1][safepoint    ] Total time for which application threads were stopped: 0.0000918 seconds, Stopping threads took: 0.0000290 seconds
[2019-12-09T07:26:29.649+0000][1][safepoint    ] Application time: 1.0000743 seconds
[2019-12-09T07:26:29.649+0000][1][safepoint    ] Entering safepoint region: Cleanup
[2019-12-09T07:26:29.649+0000][1][safepoint    ] Leaving safepoint region
[2019-12-09T07:26:29.649+0000][1][safepoint    ] Total time for which application threads were stopped: 0.0000824 seconds, Stopping threads took: 0.0000188 seconds
[2019-12-09T07:26:30.649+0000][1][safepoint    ] Application time: 1.0000756 seconds
[2019-12-09T07:26:30.649+0000][1][safepoint    ] Entering safepoint region: Cleanup
[2019-12-09T07:26:30.649+0000][1][safepoint    ] Leaving safepoint region
[2019-12-09T07:26:30.649+0000][1][safepoint    ] Total time for which application threads were stopped: 0.0000825 seconds, Stopping threads took: 0.0000193 seconds
[2019-12-09T07:26:31.649+0000][1][safepoint    ] Application time: 1.0000757 seconds
[2019-12-09T07:26:31.649+0000][1][safepoint    ] Entering safepoint region: Cleanup
[2019-12-09T07:26:31.649+0000][1][safepoint    ] Leaving safepoint region
[2019-12-09T07:26:31.649+0000][1][safepoint    ] Total time for which application threads were stopped: 0.0000822 seconds, Stopping threads took: 0.0000185 seconds
[2019-12-09T07:26:32.649+0000][1][safepoint    ] Application time: 1.0000781 seconds
[2019-12-09T07:26:32.649+0000][1][safepoint    ] Entering safepoint region: Cleanup
[2019-12-09T07:26:32.649+0000][1][safepoint    ] Leaving safepoint region
[2019-12-09T07:26:32.650+0000][1][safepoint    ] Total time for which application threads were stopped: 0.0000854 seconds, Stopping threads took: 0.0000182 seconds
[2019-12-09T07:26:33.650+0000][1][safepoint    ] Application time: 1.0000757 seconds
[2019-12-09T07:26:33.650+0000][1][safepoint    ] Entering safepoint region: Cleanup
[2019-12-09T07:26:33.650+0000][1][safepoint    ] Leaving safepoint region
[2019-12-09T07:26:33.650+0000][1][safepoint    ] Total time for which application threads were stopped: 0.0000917 seconds, Stopping threads took: 0.0000175 seconds
[2019-12-09T07:26:34.650+0000][1][safepoint    ] Application time: 1.0000765 seconds
[2019-12-09T07:26:34.650+0000][1][safepoint    ] Entering safepoint region: Cleanup
[2019-12-09T07:26:34.650+0000][1][safepoint    ] Leaving safepoint region
[2019-12-09T07:26:34.650+0000][1][safepoint    ] Total time for which application threads were stopped: 0.0000832 seconds, Stopping threads took: 0.0000179 seconds
[2019-12-09T07:26:35.650+0000][1][safepoint    ] Application time: 1.0000768 seconds
[2019-12-09T07:26:35.650+0000][1][safepoint    ] Entering safepoint region: Cleanup
[2019-12-09T07:26:35.650+0000][1][safepoint    ] Leaving safepoint region
[2019-12-09T07:26:35.650+0000][1][safepoint    ] Total time for which application threads were stopped: 0.0000848 seconds, Stopping threads took: 0.0000192 seconds
[2019-12-09T07:26:36.650+0000][1][safepoint    ] Application time: 1.0000754 seconds
[2019-12-09T07:26:36.650+0000][1][safepoint    ] Entering safepoint region: Cleanup
[2019-12-09T07:26:36.650+0000][1][safepoint    ] Leaving safepoint region
[2019-12-09T07:26:36.650+0000][1][safepoint    ] Total time for which application threads were stopped: 0.0000891 seconds, Stopping threads took: 0.0000266 seconds
[2019-12-09T07:26:37.650+0000][1][safepoint    ] Application time: 1.0000761 seconds
[2019-12-09T07:26:37.650+0000][1][safepoint    ] Entering safepoint region: Cleanup
[2019-12-09T07:26:37.650+0000][1][safepoint    ] Leaving safepoint region
[2019-12-09T07:26:37.650+0000][1][safepoint    ] Total time for which application threads were stopped: 0.0000854 seconds, Stopping threads took: 0.0000195 seconds
[2019-12-09T07:26:38.651+0000][1][safepoint    ] Application time: 1.0000766 seconds
[2019-12-09T07:26:38.651+0000][1][safepoint    ] Entering safepoint region: Cleanup
[2019-12-09T07:26:38.651+0000][1][safepoint    ] Leaving safepoint region
[2019-12-09T07:26:38.651+0000][1][safepoint    ] Total time for which application threads were stopped: 0.0000851 seconds, Stopping threads took: 0.0000199 seconds
[2019-12-09T07:26:39.651+0000][1][safepoint    ] Application time: 1.0000834 seconds
[2019-12-09T07:26:39.651+0000][1][safepoint    ] Entering safepoint region: Cleanup
[2019-12-09T07:26:39.651+0000][1][safepoint    ] Leaving safepoint region
[2019-12-09T07:26:39.651+0000][1][safepoint    ] Total time for which application threads were stopped: 0.0000856 seconds, Stopping threads took: 0.0000200 seconds
[2019-12-09T07:26:40.651+0000][1][safepoint    ] Application time: 1.0000777 seconds
[2019-12-09T07:26:40.651+0000][1][safepoint    ] Entering safepoint region: Cleanup
[2019-12-09T07:26:40.651+0000][1][safepoint    ] Leaving safepoint region
[2019-12-09T07:26:40.651+0000][1][safepoint    ] Total time for which application threads were stopped: 0.0000882 seconds, Stopping threads took: 0.0000192 seconds
[2019-12-09T07:26:41.651+0000][1][safepoint    ] Application time: 1.0000755 seconds
[2019-12-09T07:26:41.651+0000][1][safepoint    ] Entering safepoint region: Cleanup
[2019-12-09T07:26:41.651+0000][1][safepoint    ] Leaving safepoint region
[2019-12-09T07:26:41.651+0000][1][safepoint    ] Total time for which application threads were stopped: 0.0000882 seconds, Stopping threads took: 0.0000199 seconds
[2019-12-09T07:26:42.651+0000][1][safepoint    ] Application time: 1.0000768 seconds
[2019-12-09T07:26:42.651+0000][1][safepoint    ] Entering safepoint region: Cleanup
[2019-12-09T07:26:42.651+0000][1][safepoint    ] Leaving safepoint region
[2019-12-09T07:26:42.652+0000][1][safepoint    ] Total time for which application threads were stopped: 0.0000885 seconds, Stopping threads took: 0.0000192 seconds
[2019-12-09T07:26:43.652+0000][1][safepoint    ] Application time: 1.0000768 seconds
[2019-12-09T07:26:43.652+0000][1][safepoint    ] Entering safepoint region: Cleanup
[2019-12-09T07:26:43.652+0000][1][safepoint    ] Leaving safepoint region
[2019-12-09T07:26:43.652+0000][1][safepoint    ] Total time for which application threads were stopped: 0.0001000 seconds, Stopping threads took: 0.0000202 seconds
[2019-12-09T07:26:44.422+0000][1][safepoint    ] Application time: 0.7698353 seconds
[2019-12-09T07:26:44.422+0000][1][safepoint    ] Entering safepoint region: GenCollectForAllocation
[2019-12-09T07:26:44.422+0000][1][gc,start     ] GC(60) Pause Young (Allocation Failure)
[2019-12-09T07:26:44.422+0000][1][gc,task      ] GC(60) Using 2 workers of 2 for evacuation
[2019-12-09T07:26:44.424+0000][1][gc,age       ] GC(60) Desired survivor size 4456448 bytes, new threshold 6 (max threshold 6)
[2019-12-09T07:26:44.424+0000][1][gc,age       ] GC(60) Age table with threshold 6 (max threshold 6)
[2019-12-09T07:26:44.424+0000][1][gc,age       ] GC(60) - age   1:     840120 bytes,     840120 total
[2019-12-09T07:26:44.424+0000][1][gc,age       ] GC(60) - age   2:        312 bytes,     840432 total
[2019-12-09T07:26:44.424+0000][1][gc,age       ] GC(60) - age   3:        896 bytes,     841328 total
[2019-12-09T07:26:44.424+0000][1][gc,age       ] GC(60) - age   4:       8232 bytes,     849560 total
[2019-12-09T07:26:44.424+0000][1][gc,age       ] GC(60) - age   5:        880 bytes,     850440 total
[2019-12-09T07:26:44.424+0000][1][gc,age       ] GC(60) - age   6:       1992 bytes,     852432 total
[2019-12-09T07:26:44.424+0000][1][gc,heap      ] GC(60) ParNew: 70945K->964K(78656K)
[2019-12-09T07:26:44.424+0000][1][gc,heap      ] GC(60) CMS: 70932K->70932K(174784K)
[2019-12-09T07:26:44.424+0000][1][gc,metaspace ] GC(60) Metaspace: 76202K->76202K(1118208K)
[2019-12-09T07:26:44.424+0000][1][gc           ] GC(60) Pause Young (Allocation Failure) 138M->70M(247M) 2.308ms
[2019-12-09T07:26:44.424+0000][1][gc,cpu       ] GC(60) User=0.01s Sys=0.00s Real=0.00s
[2019-12-09T07:26:44.424+0000][1][safepoint    ] Leaving safepoint region
[2019-12-09T07:26:44.424+0000][1][safepoint    ] Total time for which application threads were stopped: 0.0024973 seconds, Stopping threads took: 0.0000191 seconds
[2019-12-09T07:26:45.424+0000][1][safepoint    ] Application time: 1.0000879 seconds
[2019-12-09T07:26:45.424+0000][1][safepoint    ] Entering safepoint region: Cleanup
[2019-12-09T07:26:45.424+0000][1][safepoint    ] Leaving safepoint region
[2019-12-09T07:26:45.424+0000][1][safepoint    ] Total time for which application threads were stopped: 0.0000887 seconds, Stopping threads took: 0.0000210 seconds
[2019-12-09T07:26:46.424+0000][1][safepoint    ] Application time: 1.0000774 seconds
[2019-12-09T07:26:46.424+0000][1][safepoint    ] Entering safepoint region: Cleanup
[2019-12-09T07:26:46.424+0000][1][safepoint    ] Leaving safepoint region
[2019-12-09T07:26:46.425+0000][1][safepoint    ] Total time for which application threads were stopped: 0.0000803 seconds, Stopping threads took: 0.0000175 seconds
[2019-12-09T07:26:47.425+0000][1][safepoint    ] Application time: 1.0000768 seconds
[2019-12-09T07:26:47.425+0000][1][safepoint    ] Entering safepoint region: Cleanup
[2019-12-09T07:26:47.425+0000][1][safepoint    ] Leaving safepoint region
[2019-12-09T07:26:47.425+0000][1][safepoint    ] Total time for which application threads were stopped: 0.0000990 seconds, Stopping threads took: 0.0000191 seconds
[2019-12-09T07:26:48.425+0000][1][safepoint    ] Application time: 1.0000747 seconds
[2019-12-09T07:26:48.425+0000][1][safepoint    ] Entering safepoint region: Cleanup
[2019-12-09T07:26:48.425+0000][1][safepoint    ] Leaving safepoint region
[2019-12-09T07:26:48.425+0000][1][safepoint    ] Total time for which application threads were stopped: 0.0000846 seconds, Stopping threads took: 0.0000202 seconds
[2019-12-09T07:26:49.425+0000][1][safepoint    ] Application time: 1.0000758 seconds
[2019-12-09T07:26:49.425+0000][1][safepoint    ] Entering safepoint region: Cleanup
[2019-12-09T07:26:49.425+0000][1][safepoint    ] Leaving safepoint region
[2019-12-09T07:26:49.425+0000][1][safepoint    ] Total time for which application threads were stopped: 0.0000940 seconds, Stopping threads took: 0.0000193 seconds
[2019-12-09T07:26:50.425+0000][1][safepoint    ] Application time: 1.0000776 seconds
[2019-12-09T07:26:50.425+0000][1][safepoint    ] Entering safepoint region: Cleanup
[2019-12-09T07:26:50.425+0000][1][safepoint    ] Leaving safepoint region
[2019-12-09T07:26:50.425+0000][1][safepoint    ] Total time for which application threads were stopped: 0.0000836 seconds, Stopping threads took: 0.0000178 seconds
[2019-12-09T07:26:51.425+0000][1][safepoint    ] Application time: 1.0000768 seconds
[2019-12-09T07:26:51.425+0000][1][safepoint    ] Entering safepoint region: Cleanup
[2019-12-09T07:26:51.426+0000][1][safepoint    ] Leaving safepoint region
[2019-12-09T07:26:51.426+0000][1][safepoint    ] Total time for which application threads were stopped: 0.0000896 seconds, Stopping threads took: 0.0000270 seconds
[2019-12-09T07:26:53.130+0000][1][safepoint    ] Application time: 1.7040309 seconds
[2019-12-09T07:26:53.130+0000][1][safepoint    ] Entering safepoint region: Cleanup
[2019-12-09T07:26:53.130+0000][1][safepoint    ] Leaving safepoint region
[2019-12-09T07:26:53.130+0000][1][safepoint    ] Total time for which application threads were stopped: 0.0001630 seconds, Stopping threads took: 0.0000203 seconds
[2019-12-09T07:26:54.130+0000][1][safepoint    ] Application time: 1.0000788 seconds
[2019-12-09T07:26:54.130+0000][1][safepoint    ] Entering safepoint region: Cleanup
[2019-12-09T07:26:54.130+0000][1][safepoint    ] Leaving safepoint region
[2019-12-09T07:26:54.130+0000][1][safepoint    ] Total time for which application threads were stopped: 0.0000864 seconds, Stopping threads took: 0.0000183 seconds
[2019-12-09T07:26:55.130+0000][1][safepoint    ] Application time: 1.0000774 seconds
[2019-12-09T07:26:55.130+0000][1][safepoint    ] Entering safepoint region: Cleanup
[2019-12-09T07:26:55.130+0000][1][safepoint    ] Leaving safepoint region
[2019-12-09T07:26:55.130+0000][1][safepoint    ] Total time for which application threads were stopped: 0.0000886 seconds, Stopping threads took: 0.0000202 seconds
[2019-12-09T07:26:56.130+0000][1][safepoint    ] Application time: 1.0000775 seconds
[2019-12-09T07:26:56.130+0000][1][safepoint    ] Entering safepoint region: Cleanup
[2019-12-09T07:26:56.130+0000][1][safepoint    ] Leaving safepoint region
[2019-12-09T07:26:56.130+0000][1][safepoint    ] Total time for which application threads were stopped: 0.0000874 seconds, Stopping threads took: 0.0000192 seconds
[2019-12-09T07:26:57.130+0000][1][safepoint    ] Application time: 1.0000737 seconds
[2019-12-09T07:26:57.131+0000][1][safepoint    ] Entering safepoint region: Cleanup
[2019-12-09T07:26:57.131+0000][1][safepoint    ] Leaving safepoint region
[2019-12-09T07:26:57.131+0000][1][safepoint    ] Total time for which application threads were stopped: 0.0000862 seconds, Stopping threads took: 0.0000205 seconds
[2019-12-09T07:26:58.131+0000][1][safepoint    ] Application time: 1.0000774 seconds
[2019-12-09T07:26:58.131+0000][1][safepoint    ] Entering safepoint region: Cleanup
[2019-12-09T07:26:58.131+0000][1][safepoint    ] Leaving safepoint region
[2019-12-09T07:26:58.131+0000][1][safepoint    ] Total time for which application threads were stopped: 0.0000901 seconds, Stopping threads took: 0.0000214 seconds
[2019-12-09T07:26:59.131+0000][1][safepoint    ] Application time: 1.0000785 seconds
[2019-12-09T07:26:59.131+0000][1][safepoint    ] Entering safepoint region: Cleanup
[2019-12-09T07:26:59.131+0000][1][safepoint    ] Leaving safepoint region
[2019-12-09T07:26:59.131+0000][1][safepoint    ] Total time for which application threads were stopped: 0.0000892 seconds, Stopping threads took: 0.0000193 seconds
[2019-12-09T07:27:00.131+0000][1][safepoint    ] Application time: 1.0000770 seconds
[2019-12-09T07:27:00.131+0000][1][safepoint    ] Entering safepoint region: Cleanup
[2019-12-09T07:27:00.131+0000][1][safepoint    ] Leaving safepoint region
[2019-12-09T07:27:00.131+0000][1][safepoint    ] Total time for which application threads were stopped: 0.0000873 seconds, Stopping threads took: 0.0000190 seconds
[2019-12-09T07:27:01.131+0000][1][safepoint    ] Application time: 1.0000744 seconds
[2019-12-09T07:27:01.131+0000][1][safepoint    ] Entering safepoint region: Cleanup
[2019-12-09T07:27:01.131+0000][1][safepoint    ] Leaving safepoint region
[2019-12-09T07:27:01.131+0000][1][safepoint    ] Total time for which application threads were stopped: 0.0000903 seconds, Stopping threads took: 0.0000202 seconds
[2019-12-09T07:27:02.132+0000][1][safepoint    ] Application time: 1.0000764 seconds
[2019-12-09T07:27:02.132+0000][1][safepoint    ] Entering safepoint region: Cleanup
[2019-12-09T07:27:02.132+0000][1][safepoint    ] Leaving safepoint region
[2019-12-09T07:27:02.132+0000][1][safepoint    ] Total time for which application threads were stopped: 0.0001135 seconds, Stopping threads took: 0.0000200 seconds
[2019-12-09T07:27:03.132+0000][1][safepoint    ] Application time: 1.0000758 seconds
[2019-12-09T07:27:03.132+0000][1][safepoint    ] Entering safepoint region: Cleanup
[2019-12-09T07:27:03.132+0000][1][safepoint    ] Leaving safepoint region
[2019-12-09T07:27:03.132+0000][1][safepoint    ] Total time for which application threads were stopped: 0.0000883 seconds, Stopping threads took: 0.0000198 seconds
[2019-12-09T07:27:04.132+0000][1][safepoint    ] Application time: 1.0000758 seconds
[2019-12-09T07:27:04.132+0000][1][safepoint    ] Entering safepoint region: Cleanup
[2019-12-09T07:27:04.132+0000][1][safepoint    ] Leaving safepoint region
[2019-12-09T07:27:04.132+0000][1][safepoint    ] Total time for which application threads were stopped: 0.0000943 seconds, Stopping threads took: 0.0000207 seconds
[2019-12-09T07:27:05.132+0000][1][safepoint    ] Application time: 1.0000759 seconds
[2019-12-09T07:27:05.132+0000][1][safepoint    ] Entering safepoint region: Cleanup
[2019-12-09T07:27:05.132+0000][1][safepoint    ] Leaving safepoint region
[2019-12-09T07:27:05.132+0000][1][safepoint    ] Total time for which application threads were stopped: 0.0000902 seconds, Stopping threads took: 0.0000198 seconds
[2019-12-09T07:27:06.132+0000][1][safepoint    ] Application time: 1.0000773 seconds
[2019-12-09T07:27:06.132+0000][1][safepoint    ] Entering safepoint region: Cleanup
[2019-12-09T07:27:06.133+0000][1][safepoint    ] Leaving safepoint region
[2019-12-09T07:27:06.133+0000][1][safepoint    ] Total time for which application threads were stopped: 0.0000889 seconds, Stopping threads took: 0.0000201 seconds
[2019-12-09T07:27:07.133+0000][1][safepoint    ] Application time: 1.0000749 seconds
[2019-12-09T07:27:07.133+0000][1][safepoint    ] Entering safepoint region: Cleanup
[2019-12-09T07:27:07.133+0000][1][safepoint    ] Leaving safepoint region
[2019-12-09T07:27:07.133+0000][1][safepoint    ] Total time for which application threads were stopped: 0.0000996 seconds, Stopping threads took: 0.0000323 seconds
[2019-12-09T07:27:08.133+0000][1][safepoint    ] Application time: 1.0000746 seconds
[2019-12-09T07:27:08.133+0000][1][safepoint    ] Entering safepoint region: Cleanup
[2019-12-09T07:27:08.133+0000][1][safepoint    ] Leaving safepoint region
[2019-12-09T07:27:08.133+0000][1][safepoint    ] Total time for which application threads were stopped: 0.0000880 seconds, Stopping threads took: 0.0000195 seconds
[2019-12-09T07:27:09.133+0000][1][safepoint    ] Application time: 1.0000757 seconds
[2019-12-09T07:27:09.133+0000][1][safepoint    ] Entering safepoint region: Cleanup
[2019-12-09T07:27:09.133+0000][1][safepoint    ] Leaving safepoint region
[2019-12-09T07:27:09.133+0000][1][safepoint    ] Total time for which application threads were stopped: 0.0000910 seconds, Stopping threads took: 0.0000205 seconds
[2019-12-09T07:27:10.133+0000][1][safepoint    ] Application time: 1.0000768 seconds
[2019-12-09T07:27:10.133+0000][1][safepoint    ] Entering safepoint region: Cleanup
[2019-12-09T07:27:10.133+0000][1][safepoint    ] Leaving safepoint region
[2019-12-09T07:27:10.133+0000][1][safepoint    ] Total time for which application threads were stopped: 0.0000894 seconds, Stopping threads took: 0.0000195 seconds
[2019-12-09T07:27:11.133+0000][1][safepoint    ] Application time: 1.0000754 seconds
[2019-12-09T07:27:11.134+0000][1][safepoint    ] Entering safepoint region: Cleanup
[2019-12-09T07:27:11.134+0000][1][safepoint    ] Leaving safepoint region
[2019-12-09T07:27:11.134+0000][1][safepoint    ] Total time for which application threads were stopped: 0.0000888 seconds, Stopping threads took: 0.0000198 seconds
[2019-12-09T07:27:12.134+0000][1][safepoint    ] Application time: 1.0000767 seconds
[2019-12-09T07:27:12.134+0000][1][safepoint    ] Entering safepoint region: Cleanup
[2019-12-09T07:27:12.134+0000][1][safepoint    ] Leaving safepoint region
[2019-12-09T07:27:12.134+0000][1][safepoint    ] Total time for which application threads were stopped: 0.0000874 seconds, Stopping threads took: 0.0000204 seconds
[2019-12-09T07:27:13.134+0000][1][safepoint    ] Application time: 1.0000769 seconds
[2019-12-09T07:27:13.134+0000][1][safepoint    ] Entering safepoint region: Cleanup
[2019-12-09T07:27:13.134+0000][1][safepoint    ] Leaving safepoint region
[2019-12-09T07:27:13.134+0000][1][safepoint    ] Total time for which application threads were stopped: 0.0001006 seconds, Stopping threads took: 0.0000283 seconds
[2019-12-09T07:27:14.134+0000][1][safepoint    ] Application time: 1.0000771 seconds
[2019-12-09T07:27:14.134+0000][1][safepoint    ] Entering safepoint region: Cleanup
[2019-12-09T07:27:14.134+0000][1][safepoint    ] Leaving safepoint region
[2019-12-09T07:27:14.134+0000][1][safepoint    ] Total time for which application threads were stopped: 0.0000872 seconds, Stopping threads took: 0.0000193 seconds
[2019-12-09T07:27:15.134+0000][1][safepoint    ] Application time: 1.0000758 seconds
[2019-12-09T07:27:15.134+0000][1][safepoint    ] Entering safepoint region: Cleanup
[2019-12-09T07:27:15.134+0000][1][safepoint    ] Leaving safepoint region
[2019-12-09T07:27:15.134+0000][1][safepoint    ] Total time for which application threads were stopped: 0.0000896 seconds, Stopping threads took: 0.0000205 seconds
[2019-12-09T07:27:16.135+0000][1][safepoint    ] Application time: 1.0000751 seconds
[2019-12-09T07:27:16.135+0000][1][safepoint    ] Entering safepoint region: Cleanup
[2019-12-09T07:27:16.135+0000][1][safepoint    ] Leaving safepoint region
[2019-12-09T07:27:16.135+0000][1][safepoint    ] Total time for which application threads were stopped: 0.0001056 seconds, Stopping threads took: 0.0000193 seconds
[2019-12-09T07:27:17.135+0000][1][safepoint    ] Application time: 1.0000765 seconds
[2019-12-09T07:27:17.135+0000][1][safepoint    ] Entering safepoint region: Cleanup
[2019-12-09T07:27:17.135+0000][1][safepoint    ] Leaving safepoint region
[2019-12-09T07:27:17.135+0000][1][safepoint    ] Total time for which application threads were stopped: 0.0000872 seconds, Stopping threads took: 0.0000203 seconds
[2019-12-09T07:27:18.135+0000][1][safepoint    ] Application time: 1.0000777 seconds
[2019-12-09T07:27:18.135+0000][1][safepoint    ] Entering safepoint region: Cleanup
[2019-12-09T07:27:18.135+0000][1][safepoint    ] Leaving safepoint region
[2019-12-09T07:27:18.135+0000][1][safepoint    ] Total time for which application threads were stopped: 0.0000895 seconds, Stopping threads took: 0.0000206 seconds
[2019-12-09T07:27:19.135+0000][1][safepoint    ] Application time: 1.0000757 seconds
[2019-12-09T07:27:19.135+0000][1][safepoint    ] Entering safepoint region: Cleanup
[2019-12-09T07:27:19.135+0000][1][safepoint    ] Leaving safepoint region
[2019-12-09T07:27:19.135+0000][1][safepoint    ] Total time for which application threads were stopped: 0.0000871 seconds, Stopping threads took: 0.0000199 seconds
[2019-12-09T07:27:20.135+0000][1][safepoint    ] Application time: 1.0000766 seconds
[2019-12-09T07:27:20.135+0000][1][safepoint    ] Entering safepoint region: Cleanup
[2019-12-09T07:27:20.136+0000][1][safepoint    ] Leaving safepoint region
[2019-12-09T07:27:20.136+0000][1][safepoint    ] Total time for which application threads were stopped: 0.0000871 seconds, Stopping threads took: 0.0000202 seconds
[2019-12-09T07:27:21.136+0000][1][safepoint    ] Application time: 1.0000783 seconds
[2019-12-09T07:27:21.136+0000][1][safepoint    ] Entering safepoint region: Cleanup
[2019-12-09T07:27:21.136+0000][1][safepoint    ] Leaving safepoint region
[2019-12-09T07:27:21.136+0000][1][safepoint    ] Total time for which application threads were stopped: 0.0001038 seconds, Stopping threads took: 0.0000343 seconds
[2019-12-09T07:27:22.136+0000][1][safepoint    ] Application time: 1.0000761 seconds
[2019-12-09T07:27:22.136+0000][1][safepoint    ] Entering safepoint region: Cleanup
[2019-12-09T07:27:22.136+0000][1][safepoint    ] Leaving safepoint region
[2019-12-09T07:27:22.136+0000][1][safepoint    ] Total time for which application threads were stopped: 0.0000932 seconds, Stopping threads took: 0.0000280 seconds
[2019-12-09T07:27:23.136+0000][1][safepoint    ] Application time: 1.0000748 seconds
[2019-12-09T07:27:23.136+0000][1][safepoint    ] Entering safepoint region: Cleanup
[2019-12-09T07:27:23.136+0000][1][safepoint    ] Leaving safepoint region
[2019-12-09T07:27:23.136+0000][1][safepoint    ] Total time for which application threads were stopped: 0.0000868 seconds, Stopping threads took: 0.0000187 seconds
[2019-12-09T07:27:24.136+0000][1][safepoint    ] Application time: 1.0000766 seconds
[2019-12-09T07:27:24.136+0000][1][safepoint    ] Entering safepoint region: Cleanup
[2019-12-09T07:27:24.136+0000][1][safepoint    ] Leaving safepoint region
[2019-12-09T07:27:24.136+0000][1][safepoint    ] Total time for which application threads were stopped: 0.0000853 seconds, Stopping threads took: 0.0000185 seconds
[2019-12-09T07:27:25.136+0000][1][safepoint    ] Application time: 1.0000753 seconds
[2019-12-09T07:27:25.137+0000][1][safepoint    ] Entering safepoint region: Cleanup
[2019-12-09T07:27:25.137+0000][1][safepoint    ] Leaving safepoint region
[2019-12-09T07:27:25.137+0000][1][safepoint    ] Total time for which application threads were stopped: 0.0000876 seconds, Stopping threads took: 0.0000199 seconds
[2019-12-09T07:27:26.137+0000][1][safepoint    ] Application time: 1.0000865 seconds
[2019-12-09T07:27:26.137+0000][1][safepoint    ] Entering safepoint region: Cleanup
[2019-12-09T07:27:26.137+0000][1][safepoint    ] Leaving safepoint region
[2019-12-09T07:27:26.137+0000][1][safepoint    ] Total time for which application threads were stopped: 0.0000849 seconds, Stopping threads took: 0.0000186 seconds
[2019-12-09T07:27:26.410+0000][1][safepoint    ] Application time: 0.2727460 seconds
[2019-12-09T07:27:26.410+0000][1][safepoint    ] Entering safepoint region: GenCollectForAllocation
[2019-12-09T07:27:26.410+0000][1][gc,start     ] GC(61) Pause Young (Allocation Failure)
[2019-12-09T07:27:26.410+0000][1][gc,task      ] GC(61) Using 2 workers of 2 for evacuation
[2019-12-09T07:27:26.412+0000][1][gc,age       ] GC(61) Desired survivor size 4456448 bytes, new threshold 6 (max threshold 6)
[2019-12-09T07:27:26.412+0000][1][gc,age       ] GC(61) Age table with threshold 6 (max threshold 6)
[2019-12-09T07:27:26.412+0000][1][gc,age       ] GC(61) - age   1:     823496 bytes,     823496 total
[2019-12-09T07:27:26.412+0000][1][gc,age       ] GC(61) - age   2:      16544 bytes,     840040 total
[2019-12-09T07:27:26.412+0000][1][gc,age       ] GC(61) - age   3:        120 bytes,     840160 total
[2019-12-09T07:27:26.412+0000][1][gc,age       ] GC(61) - age   4:        896 bytes,     841056 total
[2019-12-09T07:27:26.412+0000][1][gc,age       ] GC(61) - age   5:       8232 bytes,     849288 total
[2019-12-09T07:27:26.412+0000][1][gc,age       ] GC(61) - age   6:        880 bytes,     850168 total
[2019-12-09T07:27:26.412+0000][1][gc,heap      ] GC(61) ParNew: 70916K->1138K(78656K)
[2019-12-09T07:27:26.412+0000][1][gc,heap      ] GC(61) CMS: 70932K->70934K(174784K)
[2019-12-09T07:27:26.412+0000][1][gc,metaspace ] GC(61) Metaspace: 76210K->76210K(1118208K)
[2019-12-09T07:27:26.412+0000][1][gc           ] GC(61) Pause Young (Allocation Failure) 138M->70M(247M) 2.195ms
[2019-12-09T07:27:26.412+0000][1][gc,cpu       ] GC(61) User=0.00s Sys=0.00s Real=0.00s
[2019-12-09T07:27:26.412+0000][1][safepoint    ] Leaving safepoint region
[2019-12-09T07:27:26.412+0000][1][safepoint    ] Total time for which application threads were stopped: 0.0023718 seconds, Stopping threads took: 0.0000172 seconds
[2019-12-09T07:27:27.412+0000][1][safepoint    ] Application time: 1.0000764 seconds
[2019-12-09T07:27:27.412+0000][1][safepoint    ] Entering safepoint region: Cleanup
[2019-12-09T07:27:27.412+0000][1][safepoint    ] Leaving safepoint region
[2019-12-09T07:27:27.412+0000][1][safepoint    ] Total time for which application threads were stopped: 0.0000863 seconds, Stopping threads took: 0.0000207 seconds
[2019-12-09T07:27:28.412+0000][1][safepoint    ] Application time: 1.0000749 seconds
[2019-12-09T07:27:28.412+0000][1][safepoint    ] Entering safepoint region: Cleanup
[2019-12-09T07:27:28.412+0000][1][safepoint    ] Leaving safepoint region
[2019-12-09T07:27:28.412+0000][1][safepoint    ] Total time for which application threads were stopped: 0.0000849 seconds, Stopping threads took: 0.0000196 seconds
[2019-12-09T07:27:29.412+0000][1][safepoint    ] Application time: 1.0000819 seconds
[2019-12-09T07:27:29.413+0000][1][safepoint    ] Entering safepoint region: Cleanup
[2019-12-09T07:27:29.413+0000][1][safepoint    ] Leaving safepoint region
[2019-12-09T07:27:29.413+0000][1][safepoint    ] Total time for which application threads were stopped: 0.0001242 seconds, Stopping threads took: 0.0000313 seconds
[2019-12-09T07:27:30.413+0000][1][safepoint    ] Application time: 1.0000735 seconds
[2019-12-09T07:27:30.413+0000][1][safepoint    ] Entering safepoint region: Cleanup
[2019-12-09T07:27:30.413+0000][1][safepoint    ] Leaving safepoint region
[2019-12-09T07:27:30.413+0000][1][safepoint    ] Total time for which application threads were stopped: 0.0000865 seconds, Stopping threads took: 0.0000194 seconds
[2019-12-09T07:27:31.413+0000][1][safepoint    ] Application time: 1.0000871 seconds
[2019-12-09T07:27:31.413+0000][1][safepoint    ] Entering safepoint region: Cleanup
[2019-12-09T07:27:31.413+0000][1][safepoint    ] Leaving safepoint region
[2019-12-09T07:27:31.413+0000][1][safepoint    ] Total time for which application threads were stopped: 0.0001219 seconds, Stopping threads took: 0.0000456 seconds
[2019-12-09T07:27:32.413+0000][1][safepoint    ] Application time: 1.0000854 seconds
[2019-12-09T07:27:32.413+0000][1][safepoint    ] Entering safepoint region: Cleanup
[2019-12-09T07:27:32.413+0000][1][safepoint    ] Leaving safepoint region
[2019-12-09T07:27:32.413+0000][1][safepoint    ] Total time for which application threads were stopped: 0.0000884 seconds, Stopping threads took: 0.0000205 seconds
[2019-12-09T07:27:33.413+0000][1][safepoint    ] Application time: 1.0000783 seconds
[2019-12-09T07:27:33.413+0000][1][safepoint    ] Entering safepoint region: Cleanup
[2019-12-09T07:27:33.414+0000][1][safepoint    ] Leaving safepoint region
[2019-12-09T07:27:33.414+0000][1][safepoint    ] Total time for which application threads were stopped: 0.0000890 seconds, Stopping threads took: 0.0000203 seconds
[2019-12-09T07:27:34.414+0000][1][safepoint    ] Application time: 1.0000766 seconds
[2019-12-09T07:27:34.414+0000][1][safepoint    ] Entering safepoint region: Cleanup
[2019-12-09T07:27:34.414+0000][1][safepoint    ] Leaving safepoint region
[2019-12-09T07:27:34.414+0000][1][safepoint    ] Total time for which application threads were stopped: 0.0001078 seconds, Stopping threads took: 0.0000222 seconds
[2019-12-09T07:27:35.414+0000][1][safepoint    ] Application time: 1.0000757 seconds
[2019-12-09T07:27:35.414+0000][1][safepoint    ] Entering safepoint region: Cleanup
[2019-12-09T07:27:35.414+0000][1][safepoint    ] Leaving safepoint region
[2019-12-09T07:27:35.414+0000][1][safepoint    ] Total time for which application threads were stopped: 0.0000889 seconds, Stopping threads took: 0.0000189 seconds
[2019-12-09T07:27:36.414+0000][1][safepoint    ] Application time: 1.0000866 seconds
[2019-12-09T07:27:36.414+0000][1][safepoint    ] Entering safepoint region: Cleanup
[2019-12-09T07:27:36.414+0000][1][safepoint    ] Leaving safepoint region
[2019-12-09T07:27:36.414+0000][1][safepoint    ] Total time for which application threads were stopped: 0.0001700 seconds, Stopping threads took: 0.0000914 seconds
[2019-12-09T07:27:37.414+0000][1][safepoint    ] Application time: 1.0000824 seconds
[2019-12-09T07:27:37.414+0000][1][safepoint    ] Entering safepoint region: Cleanup
[2019-12-09T07:27:37.414+0000][1][safepoint    ] Leaving safepoint region
[2019-12-09T07:27:37.414+0000][1][safepoint    ] Total time for which application threads were stopped: 0.0000889 seconds, Stopping threads took: 0.0000188 seconds
[2019-12-09T07:27:38.415+0000][1][safepoint    ] Application time: 1.0000744 seconds
[2019-12-09T07:27:38.415+0000][1][safepoint    ] Entering safepoint region: Cleanup
[2019-12-09T07:27:38.415+0000][1][safepoint    ] Leaving safepoint region
[2019-12-09T07:27:38.415+0000][1][safepoint    ] Total time for which application threads were stopped: 0.0001051 seconds, Stopping threads took: 0.0000219 seconds
[2019-12-09T07:27:39.415+0000][1][safepoint    ] Application time: 1.0000778 seconds
[2019-12-09T07:27:39.415+0000][1][safepoint    ] Entering safepoint region: Cleanup
[2019-12-09T07:27:39.415+0000][1][safepoint    ] Leaving safepoint region
[2019-12-09T07:27:39.415+0000][1][safepoint    ] Total time for which application threads were stopped: 0.0000980 seconds, Stopping threads took: 0.0000290 seconds
[2019-12-09T07:27:40.415+0000][1][safepoint    ] Application time: 1.0000763 seconds
[2019-12-09T07:27:40.415+0000][1][safepoint    ] Entering safepoint region: Cleanup
[2019-12-09T07:27:40.415+0000][1][safepoint    ] Leaving safepoint region
[2019-12-09T07:27:40.415+0000][1][safepoint    ] Total time for which application threads were stopped: 0.0000905 seconds, Stopping threads took: 0.0000220 seconds
[2019-12-09T07:27:41.415+0000][1][safepoint    ] Application time: 1.0000770 seconds
[2019-12-09T07:27:41.415+0000][1][safepoint    ] Entering safepoint region: Cleanup
[2019-12-09T07:27:41.415+0000][1][safepoint    ] Leaving safepoint region
[2019-12-09T07:27:41.415+0000][1][safepoint    ] Total time for which application threads were stopped: 0.0000858 seconds, Stopping threads took: 0.0000190 seconds
[2019-12-09T07:27:42.415+0000][1][safepoint    ] Application time: 1.0000754 seconds
[2019-12-09T07:27:42.415+0000][1][safepoint    ] Entering safepoint region: Cleanup
[2019-12-09T07:27:42.416+0000][1][safepoint    ] Leaving safepoint region
[2019-12-09T07:27:42.416+0000][1][safepoint    ] Total time for which application threads were stopped: 0.0000865 seconds, Stopping threads took: 0.0000196 seconds
[2019-12-09T07:27:43.416+0000][1][safepoint    ] Application time: 1.0000754 seconds
[2019-12-09T07:27:43.416+0000][1][safepoint    ] Entering safepoint region: Cleanup
[2019-12-09T07:27:43.416+0000][1][safepoint    ] Leaving safepoint region
[2019-12-09T07:27:43.416+0000][1][safepoint    ] Total time for which application threads were stopped: 0.0000947 seconds, Stopping threads took: 0.0000187 seconds
[2019-12-09T07:27:44.416+0000][1][safepoint    ] Application time: 1.0000752 seconds
[2019-12-09T07:27:44.416+0000][1][safepoint    ] Entering safepoint region: Cleanup
[2019-12-09T07:27:44.416+0000][1][safepoint    ] Leaving safepoint region
[2019-12-09T07:27:44.416+0000][1][safepoint    ] Total time for which application threads were stopped: 0.0000871 seconds, Stopping threads took: 0.0000196 seconds
[2019-12-09T07:27:45.416+0000][1][safepoint    ] Application time: 1.0000761 seconds
[2019-12-09T07:27:45.416+0000][1][safepoint    ] Entering safepoint region: Cleanup
[2019-12-09T07:27:45.416+0000][1][safepoint    ] Leaving safepoint region
[2019-12-09T07:27:45.416+0000][1][safepoint    ] Total time for which application threads were stopped: 0.0000910 seconds, Stopping threads took: 0.0000214 seconds
[2019-12-09T07:27:46.416+0000][1][safepoint    ] Application time: 1.0000764 seconds
[2019-12-09T07:27:46.416+0000][1][safepoint    ] Entering safepoint region: Cleanup
[2019-12-09T07:27:46.416+0000][1][safepoint    ] Leaving safepoint region
[2019-12-09T07:27:46.416+0000][1][safepoint    ] Total time for which application threads were stopped: 0.0000856 seconds, Stopping threads took: 0.0000185 seconds
[2019-12-09T07:27:47.416+0000][1][safepoint    ] Application time: 1.0000769 seconds
[2019-12-09T07:27:47.417+0000][1][safepoint    ] Entering safepoint region: Cleanup
[2019-12-09T07:27:47.417+0000][1][safepoint    ] Leaving safepoint region
[2019-12-09T07:27:47.417+0000][1][safepoint    ] Total time for which application threads were stopped: 0.0000863 seconds, Stopping threads took: 0.0000194 seconds
[2019-12-09T07:27:48.417+0000][1][safepoint    ] Application time: 1.0000769 seconds
[2019-12-09T07:27:48.417+0000][1][safepoint    ] Entering safepoint region: Cleanup
[2019-12-09T07:27:48.417+0000][1][safepoint    ] Leaving safepoint region
[2019-12-09T07:27:48.417+0000][1][safepoint    ] Total time for which application threads were stopped: 0.0000899 seconds, Stopping threads took: 0.0000208 seconds
[2019-12-09T07:27:49.417+0000][1][safepoint    ] Application time: 1.0000762 seconds
[2019-12-09T07:27:49.417+0000][1][safepoint    ] Entering safepoint region: Cleanup
[2019-12-09T07:27:49.417+0000][1][safepoint    ] Leaving safepoint region
[2019-12-09T07:27:49.417+0000][1][safepoint    ] Total time for which application threads were stopped: 0.0000952 seconds, Stopping threads took: 0.0000284 seconds
[2019-12-09T07:27:50.417+0000][1][safepoint    ] Application time: 1.0000755 seconds
[2019-12-09T07:27:50.417+0000][1][safepoint    ] Entering safepoint region: Cleanup
[2019-12-09T07:27:50.417+0000][1][safepoint    ] Leaving safepoint region
[2019-12-09T07:27:50.417+0000][1][safepoint    ] Total time for which application threads were stopped: 0.0000849 seconds, Stopping threads took: 0.0000190 seconds
[2019-12-09T07:27:51.417+0000][1][safepoint    ] Application time: 1.0000756 seconds
[2019-12-09T07:27:51.417+0000][1][safepoint    ] Entering safepoint region: Cleanup
[2019-12-09T07:27:51.417+0000][1][safepoint    ] Leaving safepoint region
[2019-12-09T07:27:51.417+0000][1][safepoint    ] Total time for which application threads were stopped: 0.0000963 seconds, Stopping threads took: 0.0000311 seconds
[2019-12-09T07:27:52.418+0000][1][safepoint    ] Application time: 1.0000747 seconds
[2019-12-09T07:27:52.418+0000][1][safepoint    ] Entering safepoint region: Cleanup
[2019-12-09T07:27:52.418+0000][1][safepoint    ] Leaving safepoint region
[2019-12-09T07:27:52.418+0000][1][safepoint    ] Total time for which application threads were stopped: 0.0000848 seconds, Stopping threads took: 0.0000182 seconds
[2019-12-09T07:27:53.418+0000][1][safepoint    ] Application time: 1.0000746 seconds
[2019-12-09T07:27:53.418+0000][1][safepoint    ] Entering safepoint region: Cleanup
[2019-12-09T07:27:53.418+0000][1][safepoint    ] Leaving safepoint region
[2019-12-09T07:27:53.418+0000][1][safepoint    ] Total time for which application threads were stopped: 0.0000829 seconds, Stopping threads took: 0.0000186 seconds
[2019-12-09T07:27:54.418+0000][1][safepoint    ] Application time: 1.0000739 seconds
[2019-12-09T07:27:54.418+0000][1][safepoint    ] Entering safepoint region: Cleanup
[2019-12-09T07:27:54.418+0000][1][safepoint    ] Leaving safepoint region
[2019-12-09T07:27:54.418+0000][1][safepoint    ] Total time for which application threads were stopped: 0.0000827 seconds, Stopping threads took: 0.0000189 seconds
[2019-12-09T07:27:55.418+0000][1][safepoint    ] Application time: 1.0000748 seconds
[2019-12-09T07:27:55.418+0000][1][safepoint    ] Entering safepoint region: Cleanup
[2019-12-09T07:27:55.418+0000][1][safepoint    ] Leaving safepoint region
[2019-12-09T07:27:55.418+0000][1][safepoint    ] Total time for which application threads were stopped: 0.0000906 seconds, Stopping threads took: 0.0000194 seconds
[2019-12-09T07:27:56.418+0000][1][safepoint    ] Application time: 1.0000752 seconds
[2019-12-09T07:27:56.418+0000][1][safepoint    ] Entering safepoint region: Cleanup
[2019-12-09T07:27:56.418+0000][1][safepoint    ] Leaving safepoint region
[2019-12-09T07:27:56.418+0000][1][safepoint    ] Total time for which application threads were stopped: 0.0000865 seconds, Stopping threads took: 0.0000195 seconds
[2019-12-09T07:27:57.418+0000][1][safepoint    ] Application time: 1.0000756 seconds
[2019-12-09T07:27:57.418+0000][1][safepoint    ] Entering safepoint region: Cleanup
[2019-12-09T07:27:57.419+0000][1][safepoint    ] Leaving safepoint region
[2019-12-09T07:27:57.419+0000][1][safepoint    ] Total time for which application threads were stopped: 0.0000835 seconds, Stopping threads took: 0.0000193 seconds
[2019-12-09T07:27:58.419+0000][1][safepoint    ] Application time: 1.0000747 seconds
[2019-12-09T07:27:58.419+0000][1][safepoint    ] Entering safepoint region: Cleanup
[2019-12-09T07:27:58.419+0000][1][safepoint    ] Leaving safepoint region
[2019-12-09T07:27:58.419+0000][1][safepoint    ] Total time for which application threads were stopped: 0.0000918 seconds, Stopping threads took: 0.0000274 seconds
[2019-12-09T07:27:59.419+0000][1][safepoint    ] Application time: 1.0000754 seconds
[2019-12-09T07:27:59.419+0000][1][safepoint    ] Entering safepoint region: Cleanup
[2019-12-09T07:27:59.419+0000][1][safepoint    ] Leaving safepoint region
[2019-12-09T07:27:59.419+0000][1][safepoint    ] Total time for which application threads were stopped: 0.0000917 seconds, Stopping threads took: 0.0000211 seconds
[2019-12-09T07:28:00.419+0000][1][safepoint    ] Application time: 1.0000753 seconds
[2019-12-09T07:28:00.419+0000][1][safepoint    ] Entering safepoint region: Cleanup
[2019-12-09T07:28:00.419+0000][1][safepoint    ] Leaving safepoint region
[2019-12-09T07:28:00.419+0000][1][safepoint    ] Total time for which application threads were stopped: 0.0000835 seconds, Stopping threads took: 0.0000197 seconds
[2019-12-09T07:28:01.419+0000][1][safepoint    ] Application time: 1.0000749 seconds
[2019-12-09T07:28:01.419+0000][1][safepoint    ] Entering safepoint region: Cleanup
[2019-12-09T07:28:01.419+0000][1][safepoint    ] Leaving safepoint region
[2019-12-09T07:28:01.419+0000][1][safepoint    ] Total time for which application threads were stopped: 0.0000814 seconds, Stopping threads took: 0.0000173 seconds
[2019-12-09T07:28:02.419+0000][1][safepoint    ] Application time: 1.0000768 seconds
[2019-12-09T07:28:02.419+0000][1][safepoint    ] Entering safepoint region: Cleanup
[2019-12-09T07:28:02.420+0000][1][safepoint    ] Leaving safepoint region
[2019-12-09T07:28:02.420+0000][1][safepoint    ] Total time for which application threads were stopped: 0.0000860 seconds, Stopping threads took: 0.0000204 seconds
[2019-12-09T07:28:03.420+0000][1][safepoint    ] Application time: 1.0000756 seconds
[2019-12-09T07:28:03.420+0000][1][safepoint    ] Entering safepoint region: Cleanup
[2019-12-09T07:28:03.420+0000][1][safepoint    ] Leaving safepoint region
[2019-12-09T07:28:03.420+0000][1][safepoint    ] Total time for which application threads were stopped: 0.0000938 seconds, Stopping threads took: 0.0000176 seconds
[2019-12-09T07:28:04.420+0000][1][safepoint    ] Application time: 1.0000742 seconds
[2019-12-09T07:28:04.420+0000][1][safepoint    ] Entering safepoint region: Cleanup
[2019-12-09T07:28:04.420+0000][1][safepoint    ] Leaving safepoint region
[2019-12-09T07:28:04.420+0000][1][safepoint    ] Total time for which application threads were stopped: 0.0000795 seconds, Stopping threads took: 0.0000162 seconds
[2019-12-09T07:28:05.420+0000][1][safepoint    ] Application time: 1.0000772 seconds
[2019-12-09T07:28:05.420+0000][1][safepoint    ] Entering safepoint region: Cleanup
[2019-12-09T07:28:05.420+0000][1][safepoint    ] Leaving safepoint region
[2019-12-09T07:28:05.420+0000][1][safepoint    ] Total time for which application threads were stopped: 0.0000855 seconds, Stopping threads took: 0.0000191 seconds
[2019-12-09T07:28:06.420+0000][1][safepoint    ] Application time: 1.0000752 seconds
[2019-12-09T07:28:06.420+0000][1][safepoint    ] Entering safepoint region: Cleanup
[2019-12-09T07:28:06.420+0000][1][safepoint    ] Leaving safepoint region
[2019-12-09T07:28:06.420+0000][1][safepoint    ] Total time for which application threads were stopped: 0.0000904 seconds, Stopping threads took: 0.0000189 seconds
[2019-12-09T07:28:07.420+0000][1][safepoint    ] Application time: 1.0000762 seconds
[2019-12-09T07:28:07.420+0000][1][safepoint    ] Entering safepoint region: Cleanup
[2019-12-09T07:28:07.420+0000][1][safepoint    ] Leaving safepoint region
[2019-12-09T07:28:07.420+0000][1][safepoint    ] Total time for which application threads were stopped: 0.0000828 seconds, Stopping threads took: 0.0000187 seconds
[2019-12-09T07:28:08.421+0000][1][safepoint    ] Application time: 1.0000821 seconds
[2019-12-09T07:28:08.421+0000][1][safepoint    ] Entering safepoint region: Cleanup
[2019-12-09T07:28:08.421+0000][1][safepoint    ] Leaving safepoint region
[2019-12-09T07:28:08.421+0000][1][safepoint    ] Total time for which application threads were stopped: 0.0000872 seconds, Stopping threads took: 0.0000208 seconds
[2019-12-09T07:28:09.421+0000][1][safepoint    ] Application time: 1.0000771 seconds
[2019-12-09T07:28:09.421+0000][1][safepoint    ] Entering safepoint region: Cleanup
[2019-12-09T07:28:09.421+0000][1][safepoint    ] Leaving safepoint region
[2019-12-09T07:28:09.421+0000][1][safepoint    ] Total time for which application threads were stopped: 0.0000954 seconds, Stopping threads took: 0.0000189 seconds
[2019-12-09T07:28:09.892+0000][1][safepoint    ] Application time: 0.4709717 seconds
[2019-12-09T07:28:09.892+0000][1][safepoint    ] Entering safepoint region: GenCollectForAllocation
[2019-12-09T07:28:09.892+0000][1][gc,start     ] GC(62) Pause Young (Allocation Failure)
[2019-12-09T07:28:09.892+0000][1][gc,task      ] GC(62) Using 2 workers of 2 for evacuation
[2019-12-09T07:28:09.894+0000][1][gc,age       ] GC(62) Desired survivor size 4456448 bytes, new threshold 6 (max threshold 6)
[2019-12-09T07:28:09.894+0000][1][gc,age       ] GC(62) Age table with threshold 6 (max threshold 6)
[2019-12-09T07:28:09.894+0000][1][gc,age       ] GC(62) - age   1:     754952 bytes,     754952 total
[2019-12-09T07:28:09.894+0000][1][gc,age       ] GC(62) - age   2:       1864 bytes,     756816 total
[2019-12-09T07:28:09.894+0000][1][gc,age       ] GC(62) - age   3:      16352 bytes,     773168 total
[2019-12-09T07:28:09.894+0000][1][gc,age       ] GC(62) - age   4:        120 bytes,     773288 total
[2019-12-09T07:28:09.894+0000][1][gc,age       ] GC(62) - age   5:        896 bytes,     774184 total
[2019-12-09T07:28:09.894+0000][1][gc,age       ] GC(62) - age   6:       8232 bytes,     782416 total
[2019-12-09T07:28:09.894+0000][1][gc,heap      ] GC(62) ParNew: 71068K->839K(78656K)
[2019-12-09T07:28:09.894+0000][1][gc,heap      ] GC(62) CMS: 70934K->70935K(174784K)
[2019-12-09T07:28:09.894+0000][1][gc,metaspace ] GC(62) Metaspace: 76213K->76213K(1118208K)
[2019-12-09T07:28:09.894+0000][1][gc           ] GC(62) Pause Young (Allocation Failure) 138M->70M(247M) 2.041ms
[2019-12-09T07:28:09.894+0000][1][gc,cpu       ] GC(62) User=0.01s Sys=0.00s Real=0.00s
[2019-12-09T07:28:09.894+0000][1][safepoint    ] Leaving safepoint region
[2019-12-09T07:28:09.894+0000][1][safepoint    ] Total time for which application threads were stopped: 0.0022026 seconds, Stopping threads took: 0.0000258 seconds
[2019-12-09T07:28:10.894+0000][1][safepoint    ] Application time: 1.0000847 seconds
[2019-12-09T07:28:10.894+0000][1][safepoint    ] Entering safepoint region: Cleanup
[2019-12-09T07:28:10.894+0000][1][safepoint    ] Leaving safepoint region
[2019-12-09T07:28:10.894+0000][1][safepoint    ] Total time for which application threads were stopped: 0.0000912 seconds, Stopping threads took: 0.0000211 seconds
[2019-12-09T07:28:11.894+0000][1][safepoint    ] Application time: 1.0000800 seconds
[2019-12-09T07:28:11.894+0000][1][safepoint    ] Entering safepoint region: Cleanup
[2019-12-09T07:28:11.895+0000][1][safepoint    ] Leaving safepoint region
[2019-12-09T07:28:11.895+0000][1][safepoint    ] Total time for which application threads were stopped: 0.0000962 seconds, Stopping threads took: 0.0000186 seconds
[2019-12-09T07:28:12.895+0000][1][safepoint    ] Application time: 1.0000741 seconds
[2019-12-09T07:28:12.895+0000][1][safepoint    ] Entering safepoint region: Cleanup
[2019-12-09T07:28:12.895+0000][1][safepoint    ] Leaving safepoint region
[2019-12-09T07:28:12.895+0000][1][safepoint    ] Total time for which application threads were stopped: 0.0001156 seconds, Stopping threads took: 0.0000468 seconds
[2019-12-09T07:28:13.895+0000][1][safepoint    ] Application time: 1.0000684 seconds
[2019-12-09T07:28:13.895+0000][1][safepoint    ] Entering safepoint region: Cleanup
[2019-12-09T07:28:13.895+0000][1][safepoint    ] Leaving safepoint region
[2019-12-09T07:28:13.895+0000][1][safepoint    ] Total time for which application threads were stopped: 0.0000830 seconds, Stopping threads took: 0.0000186 seconds
[2019-12-09T07:28:14.895+0000][1][safepoint    ] Application time: 1.0000771 seconds
[2019-12-09T07:28:14.895+0000][1][safepoint    ] Entering safepoint region: Cleanup
[2019-12-09T07:28:14.895+0000][1][safepoint    ] Leaving safepoint region
[2019-12-09T07:28:14.895+0000][1][safepoint    ] Total time for which application threads were stopped: 0.0000863 seconds, Stopping threads took: 0.0000191 seconds
[2019-12-09T07:28:15.895+0000][1][safepoint    ] Application time: 1.0000792 seconds
[2019-12-09T07:28:15.895+0000][1][safepoint    ] Entering safepoint region: Cleanup
[2019-12-09T07:28:15.895+0000][1][safepoint    ] Leaving safepoint region
[2019-12-09T07:28:15.895+0000][1][safepoint    ] Total time for which application threads were stopped: 0.0000842 seconds, Stopping threads took: 0.0000186 seconds
[2019-12-09T07:28:16.895+0000][1][safepoint    ] Application time: 1.0000788 seconds
[2019-12-09T07:28:16.896+0000][1][safepoint    ] Entering safepoint region: Cleanup
[2019-12-09T07:28:16.896+0000][1][safepoint    ] Leaving safepoint region
[2019-12-09T07:28:16.896+0000][1][safepoint    ] Total time for which application threads were stopped: 0.0000910 seconds, Stopping threads took: 0.0000210 seconds
[2019-12-09T07:28:17.896+0000][1][safepoint    ] Application time: 1.0001173 seconds
[2019-12-09T07:28:17.896+0000][1][safepoint    ] Entering safepoint region: Cleanup
[2019-12-09T07:28:17.896+0000][1][safepoint    ] Leaving safepoint region
[2019-12-09T07:28:17.896+0000][1][safepoint    ] Total time for which application threads were stopped: 0.0001180 seconds, Stopping threads took: 0.0000248 seconds
[2019-12-09T07:28:18.896+0000][1][safepoint    ] Application time: 1.0000789 seconds
[2019-12-09T07:28:18.896+0000][1][safepoint    ] Entering safepoint region: Cleanup
[2019-12-09T07:28:18.896+0000][1][safepoint    ] Leaving safepoint region
[2019-12-09T07:28:18.896+0000][1][safepoint    ] Total time for which application threads were stopped: 0.0001141 seconds, Stopping threads took: 0.0000342 seconds
[2019-12-09T07:28:19.896+0000][1][safepoint    ] Application time: 1.0000850 seconds
[2019-12-09T07:28:19.896+0000][1][safepoint    ] Entering safepoint region: Cleanup
[2019-12-09T07:28:19.896+0000][1][safepoint    ] Leaving safepoint region
[2019-12-09T07:28:19.896+0000][1][safepoint    ] Total time for which application threads were stopped: 0.0001196 seconds, Stopping threads took: 0.0000265 seconds
[2019-12-09T07:28:20.896+0000][1][safepoint    ] Application time: 1.0000764 seconds
[2019-12-09T07:28:20.897+0000][1][safepoint    ] Entering safepoint region: Cleanup
[2019-12-09T07:28:20.897+0000][1][safepoint    ] Leaving safepoint region
[2019-12-09T07:28:20.897+0000][1][safepoint    ] Total time for which application threads were stopped: 0.0000983 seconds, Stopping threads took: 0.0000218 seconds
[2019-12-09T07:28:21.897+0000][1][safepoint    ] Application time: 1.0000814 seconds
[2019-12-09T07:28:21.897+0000][1][safepoint    ] Entering safepoint region: Cleanup
[2019-12-09T07:28:21.897+0000][1][safepoint    ] Leaving safepoint region
[2019-12-09T07:28:21.897+0000][1][safepoint    ] Total time for which application threads were stopped: 0.0000961 seconds, Stopping threads took: 0.0000265 seconds
[2019-12-09T07:28:22.897+0000][1][safepoint    ] Application time: 1.0000755 seconds
[2019-12-09T07:28:22.897+0000][1][safepoint    ] Entering safepoint region: Cleanup
[2019-12-09T07:28:22.897+0000][1][safepoint    ] Leaving safepoint region
[2019-12-09T07:28:22.897+0000][1][safepoint    ] Total time for which application threads were stopped: 0.0000884 seconds, Stopping threads took: 0.0000205 seconds
[2019-12-09T07:28:23.897+0000][1][safepoint    ] Application time: 1.0000762 seconds
[2019-12-09T07:28:23.897+0000][1][safepoint    ] Entering safepoint region: Cleanup
[2019-12-09T07:28:23.897+0000][1][safepoint    ] Leaving safepoint region
[2019-12-09T07:28:23.897+0000][1][safepoint    ] Total time for which application threads were stopped: 0.0000884 seconds, Stopping threads took: 0.0000189 seconds
[2019-12-09T07:28:24.897+0000][1][safepoint    ] Application time: 1.0000825 seconds
[2019-12-09T07:28:24.897+0000][1][safepoint    ] Entering safepoint region: Cleanup
[2019-12-09T07:28:24.897+0000][1][safepoint    ] Leaving safepoint region
[2019-12-09T07:28:24.897+0000][1][safepoint    ] Total time for which application threads were stopped: 0.0000918 seconds, Stopping threads took: 0.0000216 seconds
[2019-12-09T07:28:25.898+0000][1][safepoint    ] Application time: 1.0000763 seconds
[2019-12-09T07:28:25.898+0000][1][safepoint    ] Entering safepoint region: Cleanup
[2019-12-09T07:28:25.898+0000][1][safepoint    ] Leaving safepoint region
[2019-12-09T07:28:25.898+0000][1][safepoint    ] Total time for which application threads were stopped: 0.0000990 seconds, Stopping threads took: 0.0000218 seconds
[2019-12-09T07:28:26.898+0000][1][safepoint    ] Application time: 1.0000770 seconds
[2019-12-09T07:28:26.898+0000][1][safepoint    ] Entering safepoint region: Cleanup
[2019-12-09T07:28:26.898+0000][1][safepoint    ] Leaving safepoint region
[2019-12-09T07:28:26.898+0000][1][safepoint    ] Total time for which application threads were stopped: 0.0000880 seconds, Stopping threads took: 0.0000208 seconds
[2019-12-09T07:28:27.898+0000][1][safepoint    ] Application time: 1.0000749 seconds
[2019-12-09T07:28:27.898+0000][1][safepoint    ] Entering safepoint region: Cleanup
[2019-12-09T07:28:27.898+0000][1][safepoint    ] Leaving safepoint region
[2019-12-09T07:28:27.898+0000][1][safepoint    ] Total time for which application threads were stopped: 0.0000884 seconds, Stopping threads took: 0.0000200 seconds
[2019-12-09T07:28:28.898+0000][1][safepoint    ] Application time: 1.0000747 seconds
[2019-12-09T07:28:28.898+0000][1][safepoint    ] Entering safepoint region: Cleanup
[2019-12-09T07:28:28.898+0000][1][safepoint    ] Leaving safepoint region
[2019-12-09T07:28:28.898+0000][1][safepoint    ] Total time for which application threads were stopped: 0.0000832 seconds, Stopping threads took: 0.0000192 seconds
[2019-12-09T07:28:29.898+0000][1][safepoint    ] Application time: 1.0000764 seconds
[2019-12-09T07:28:29.898+0000][1][safepoint    ] Entering safepoint region: Cleanup
[2019-12-09T07:28:29.899+0000][1][safepoint    ] Leaving safepoint region
[2019-12-09T07:28:29.899+0000][1][safepoint    ] Total time for which application threads were stopped: 0.0000925 seconds, Stopping threads took: 0.0000199 seconds
[2019-12-09T07:28:30.899+0000][1][safepoint    ] Application time: 1.0000763 seconds
[2019-12-09T07:28:30.899+0000][1][safepoint    ] Entering safepoint region: Cleanup
[2019-12-09T07:28:30.899+0000][1][safepoint    ] Leaving safepoint region
[2019-12-09T07:28:30.899+0000][1][safepoint    ] Total time for which application threads were stopped: 0.0000976 seconds, Stopping threads took: 0.0000202 seconds
[2019-12-09T07:28:31.899+0000][1][safepoint    ] Application time: 1.0000752 seconds
[2019-12-09T07:28:31.899+0000][1][safepoint    ] Entering safepoint region: Cleanup
[2019-12-09T07:28:31.899+0000][1][safepoint    ] Leaving safepoint region
[2019-12-09T07:28:31.899+0000][1][safepoint    ] Total time for which application threads were stopped: 0.0000869 seconds, Stopping threads took: 0.0000195 seconds
[2019-12-09T07:28:32.899+0000][1][safepoint    ] Application time: 1.0000766 seconds
[2019-12-09T07:28:32.899+0000][1][safepoint    ] Entering safepoint region: Cleanup
[2019-12-09T07:28:32.899+0000][1][safepoint    ] Leaving safepoint region
[2019-12-09T07:28:32.899+0000][1][safepoint    ] Total time for which application threads were stopped: 0.0000872 seconds, Stopping threads took: 0.0000185 seconds
[2019-12-09T07:28:33.899+0000][1][safepoint    ] Application time: 1.0000747 seconds
[2019-12-09T07:28:33.899+0000][1][safepoint    ] Entering safepoint region: Cleanup
[2019-12-09T07:28:33.899+0000][1][safepoint    ] Leaving safepoint region
[2019-12-09T07:28:33.899+0000][1][safepoint    ] Total time for which application threads were stopped: 0.0000871 seconds, Stopping threads took: 0.0000202 seconds
[2019-12-09T07:28:34.899+0000][1][safepoint    ] Application time: 1.0000783 seconds
[2019-12-09T07:28:34.900+0000][1][safepoint    ] Entering safepoint region: Cleanup
[2019-12-09T07:28:34.900+0000][1][safepoint    ] Leaving safepoint region
[2019-12-09T07:28:34.900+0000][1][safepoint    ] Total time for which application threads were stopped: 0.0000898 seconds, Stopping threads took: 0.0000209 seconds
[2019-12-09T07:28:35.900+0000][1][safepoint    ] Application time: 1.0000767 seconds
[2019-12-09T07:28:35.900+0000][1][safepoint    ] Entering safepoint region: Cleanup
[2019-12-09T07:28:35.900+0000][1][safepoint    ] Leaving safepoint region
[2019-12-09T07:28:35.900+0000][1][safepoint    ] Total time for which application threads were stopped: 0.0000869 seconds, Stopping threads took: 0.0000195 seconds
[2019-12-09T07:28:36.900+0000][1][safepoint    ] Application time: 1.0000761 seconds
[2019-12-09T07:28:36.900+0000][1][safepoint    ] Entering safepoint region: Cleanup
[2019-12-09T07:28:36.900+0000][1][safepoint    ] Leaving safepoint region
[2019-12-09T07:28:36.900+0000][1][safepoint    ] Total time for which application threads were stopped: 0.0000871 seconds, Stopping threads took: 0.0000191 seconds
[2019-12-09T07:28:37.900+0000][1][safepoint    ] Application time: 1.0000774 seconds
[2019-12-09T07:28:37.900+0000][1][safepoint    ] Entering safepoint region: Cleanup
[2019-12-09T07:28:37.900+0000][1][safepoint    ] Leaving safepoint region
[2019-12-09T07:28:37.900+0000][1][safepoint    ] Total time for which application threads were stopped: 0.0000857 seconds, Stopping threads took: 0.0000185 seconds
[2019-12-09T07:28:38.900+0000][1][safepoint    ] Application time: 1.0000763 seconds
[2019-12-09T07:28:38.900+0000][1][safepoint    ] Entering safepoint region: Cleanup
[2019-12-09T07:28:38.900+0000][1][safepoint    ] Leaving safepoint region
[2019-12-09T07:28:38.900+0000][1][safepoint    ] Total time for which application threads were stopped: 0.0000860 seconds, Stopping threads took: 0.0000192 seconds
[2019-12-09T07:28:39.901+0000][1][safepoint    ] Application time: 1.0000791 seconds
[2019-12-09T07:28:39.901+0000][1][safepoint    ] Entering safepoint region: Cleanup
[2019-12-09T07:28:39.901+0000][1][safepoint    ] Leaving safepoint region
[2019-12-09T07:28:39.901+0000][1][safepoint    ] Total time for which application threads were stopped: 0.0000896 seconds, Stopping threads took: 0.0000204 seconds
[2019-12-09T07:28:40.901+0000][1][safepoint    ] Application time: 1.0000771 seconds
[2019-12-09T07:28:40.901+0000][1][safepoint    ] Entering safepoint region: Cleanup
[2019-12-09T07:28:40.901+0000][1][safepoint    ] Leaving safepoint region
[2019-12-09T07:28:40.901+0000][1][safepoint    ] Total time for which application threads were stopped: 0.0000890 seconds, Stopping threads took: 0.0000198 seconds
[2019-12-09T07:28:41.901+0000][1][safepoint    ] Application time: 1.0000739 seconds
[2019-12-09T07:28:41.901+0000][1][safepoint    ] Entering safepoint region: Cleanup
[2019-12-09T07:28:41.901+0000][1][safepoint    ] Leaving safepoint region
[2019-12-09T07:28:41.901+0000][1][safepoint    ] Total time for which application threads were stopped: 0.0000869 seconds, Stopping threads took: 0.0000208 seconds
[2019-12-09T07:28:42.901+0000][1][safepoint    ] Application time: 1.0000763 seconds
[2019-12-09T07:28:42.901+0000][1][safepoint    ] Entering safepoint region: Cleanup
[2019-12-09T07:28:42.901+0000][1][safepoint    ] Leaving safepoint region
[2019-12-09T07:28:42.901+0000][1][safepoint    ] Total time for which application threads were stopped: 0.0000900 seconds, Stopping threads took: 0.0000214 seconds
[2019-12-09T07:28:43.901+0000][1][safepoint    ] Application time: 1.0000758 seconds
[2019-12-09T07:28:43.901+0000][1][safepoint    ] Entering safepoint region: Cleanup
[2019-12-09T07:28:43.901+0000][1][safepoint    ] Leaving safepoint region
[2019-12-09T07:28:43.901+0000][1][safepoint    ] Total time for which application threads were stopped: 0.0000856 seconds, Stopping threads took: 0.0000186 seconds
[2019-12-09T07:28:44.902+0000][1][safepoint    ] Application time: 1.0000820 seconds
[2019-12-09T07:28:44.902+0000][1][safepoint    ] Entering safepoint region: Cleanup
[2019-12-09T07:28:44.902+0000][1][safepoint    ] Leaving safepoint region
[2019-12-09T07:28:44.902+0000][1][safepoint    ] Total time for which application threads were stopped: 0.0001000 seconds, Stopping threads took: 0.0000216 seconds
[2019-12-09T07:28:45.902+0000][1][safepoint    ] Application time: 1.0000774 seconds
[2019-12-09T07:28:45.902+0000][1][safepoint    ] Entering safepoint region: Cleanup
[2019-12-09T07:28:45.902+0000][1][safepoint    ] Leaving safepoint region
[2019-12-09T07:28:45.902+0000][1][safepoint    ] Total time for which application threads were stopped: 0.0000867 seconds, Stopping threads took: 0.0000192 seconds
[2019-12-09T07:28:46.902+0000][1][safepoint    ] Application time: 1.0000762 seconds
[2019-12-09T07:28:46.902+0000][1][safepoint    ] Entering safepoint region: Cleanup
[2019-12-09T07:28:46.902+0000][1][safepoint    ] Leaving safepoint region
[2019-12-09T07:28:46.902+0000][1][safepoint    ] Total time for which application threads were stopped: 0.0000873 seconds, Stopping threads took: 0.0000198 seconds
[2019-12-09T07:28:47.902+0000][1][safepoint    ] Application time: 1.0000755 seconds
[2019-12-09T07:28:47.902+0000][1][safepoint    ] Entering safepoint region: Cleanup
[2019-12-09T07:28:47.902+0000][1][safepoint    ] Leaving safepoint region
[2019-12-09T07:28:47.902+0000][1][safepoint    ] Total time for which application threads were stopped: 0.0000861 seconds, Stopping threads took: 0.0000202 seconds
[2019-12-09T07:28:48.902+0000][1][safepoint    ] Application time: 1.0000759 seconds
[2019-12-09T07:28:48.902+0000][1][safepoint    ] Entering safepoint region: Cleanup
[2019-12-09T07:28:48.903+0000][1][safepoint    ] Leaving safepoint region
[2019-12-09T07:28:48.903+0000][1][safepoint    ] Total time for which application threads were stopped: 0.0000865 seconds, Stopping threads took: 0.0000197 seconds
[2019-12-09T07:28:49.903+0000][1][safepoint    ] Application time: 1.0000908 seconds
[2019-12-09T07:28:49.903+0000][1][safepoint    ] Entering safepoint region: Cleanup
[2019-12-09T07:28:49.903+0000][1][safepoint    ] Leaving safepoint region
[2019-12-09T07:28:49.903+0000][1][safepoint    ] Total time for which application threads were stopped: 0.0001237 seconds, Stopping threads took: 0.0000292 seconds
[2019-12-09T07:28:51.396+0000][1][safepoint    ] Application time: 1.4932245 seconds
[2019-12-09T07:28:51.396+0000][1][safepoint    ] Entering safepoint region: Cleanup
[2019-12-09T07:28:51.396+0000][1][safepoint    ] Leaving safepoint region
[2019-12-09T07:28:51.396+0000][1][safepoint    ] Total time for which application threads were stopped: 0.0001085 seconds, Stopping threads took: 0.0000277 seconds
[2019-12-09T07:28:51.915+0000][1][safepoint    ] Application time: 0.5189069 seconds
[2019-12-09T07:28:51.915+0000][1][safepoint    ] Entering safepoint region: GenCollectForAllocation
[2019-12-09T07:28:51.915+0000][1][gc,start     ] GC(63) Pause Young (Allocation Failure)
[2019-12-09T07:28:51.915+0000][1][gc,task      ] GC(63) Using 2 workers of 2 for evacuation
[2019-12-09T07:28:51.917+0000][1][gc,age       ] GC(63) Desired survivor size 4456448 bytes, new threshold 6 (max threshold 6)
[2019-12-09T07:28:51.917+0000][1][gc,age       ] GC(63) Age table with threshold 6 (max threshold 6)
[2019-12-09T07:28:51.917+0000][1][gc,age       ] GC(63) - age   1:     821000 bytes,     821000 total
[2019-12-09T07:28:51.917+0000][1][gc,age       ] GC(63) - age   2:        240 bytes,     821240 total
[2019-12-09T07:28:51.917+0000][1][gc,age       ] GC(63) - age   3:       1864 bytes,     823104 total
[2019-12-09T07:28:51.917+0000][1][gc,age       ] GC(63) - age   4:        232 bytes,     823336 total
[2019-12-09T07:28:51.917+0000][1][gc,age       ] GC(63) - age   5:        120 bytes,     823456 total
[2019-12-09T07:28:51.917+0000][1][gc,age       ] GC(63) - age   6:        896 bytes,     824352 total
[2019-12-09T07:28:51.917+0000][1][gc,heap      ] GC(63) ParNew: 70791K->846K(78656K)
[2019-12-09T07:28:51.917+0000][1][gc,heap      ] GC(63) CMS: 70935K->70943K(174784K)
[2019-12-09T07:28:51.917+0000][1][gc,metaspace ] GC(63) Metaspace: 76213K->76213K(1118208K)
[2019-12-09T07:28:51.917+0000][1][gc           ] GC(63) Pause Young (Allocation Failure) 138M->70M(247M) 2.111ms
[2019-12-09T07:28:51.917+0000][1][gc,cpu       ] GC(63) User=0.01s Sys=0.00s Real=0.00s
[2019-12-09T07:28:51.917+0000][1][safepoint    ] Leaving safepoint region
[2019-12-09T07:28:51.917+0000][1][safepoint    ] Total time for which application threads were stopped: 0.0022780 seconds, Stopping threads took: 0.0000198 seconds
[2019-12-09T07:28:52.918+0000][1][safepoint    ] Application time: 1.0001010 seconds
[2019-12-09T07:28:52.918+0000][1][safepoint    ] Entering safepoint region: Cleanup
[2019-12-09T07:28:52.918+0000][1][safepoint    ] Leaving safepoint region
[2019-12-09T07:28:52.918+0000][1][safepoint    ] Total time for which application threads were stopped: 0.0001265 seconds, Stopping threads took: 0.0000469 seconds
[2019-12-09T07:28:53.918+0000][1][safepoint    ] Application time: 1.0000779 seconds
[2019-12-09T07:28:53.918+0000][1][safepoint    ] Entering safepoint region: Cleanup
[2019-12-09T07:28:53.918+0000][1][safepoint    ] Leaving safepoint region
[2019-12-09T07:28:53.918+0000][1][safepoint    ] Total time for which application threads were stopped: 0.0000834 seconds, Stopping threads took: 0.0000173 seconds
[2019-12-09T07:28:54.918+0000][1][safepoint    ] Application time: 1.0000760 seconds
[2019-12-09T07:28:54.918+0000][1][safepoint    ] Entering safepoint region: Cleanup
[2019-12-09T07:28:54.918+0000][1][safepoint    ] Leaving safepoint region
[2019-12-09T07:28:54.918+0000][1][safepoint    ] Total time for which application threads were stopped: 0.0000875 seconds, Stopping threads took: 0.0000204 seconds
[2019-12-09T07:28:55.918+0000][1][safepoint    ] Application time: 1.0000704 seconds
[2019-12-09T07:28:55.918+0000][1][safepoint    ] Entering safepoint region: Cleanup
[2019-12-09T07:28:55.918+0000][1][safepoint    ] Leaving safepoint region
[2019-12-09T07:28:55.918+0000][1][safepoint    ] Total time for which application threads were stopped: 0.0000821 seconds, Stopping threads took: 0.0000182 seconds
[2019-12-09T07:28:56.918+0000][1][safepoint    ] Application time: 1.0000776 seconds
[2019-12-09T07:28:56.918+0000][1][safepoint    ] Entering safepoint region: Cleanup
[2019-12-09T07:28:56.919+0000][1][safepoint    ] Leaving safepoint region
[2019-12-09T07:28:56.919+0000][1][safepoint    ] Total time for which application threads were stopped: 0.0000847 seconds, Stopping threads took: 0.0000174 seconds
[2019-12-09T07:28:58.179+0000][1][safepoint    ] Application time: 1.2604492 seconds
[2019-12-09T07:28:58.179+0000][1][safepoint    ] Entering safepoint region: Cleanup
[2019-12-09T07:28:58.179+0000][1][safepoint    ] Leaving safepoint region
[2019-12-09T07:28:58.179+0000][1][safepoint    ] Total time for which application threads were stopped: 0.0000923 seconds, Stopping threads took: 0.0000201 seconds
[2019-12-09T07:28:59.179+0000][1][safepoint    ] Application time: 1.0000791 seconds
[2019-12-09T07:28:59.179+0000][1][safepoint    ] Entering safepoint region: Cleanup
[2019-12-09T07:28:59.179+0000][1][safepoint    ] Leaving safepoint region
[2019-12-09T07:28:59.179+0000][1][safepoint    ] Total time for which application threads were stopped: 0.0000858 seconds, Stopping threads took: 0.0000186 seconds
[2019-12-09T07:29:00.179+0000][1][safepoint    ] Application time: 1.0000772 seconds
[2019-12-09T07:29:00.179+0000][1][safepoint    ] Entering safepoint region: Cleanup
[2019-12-09T07:29:00.180+0000][1][safepoint    ] Leaving safepoint region
[2019-12-09T07:29:00.180+0000][1][safepoint    ] Total time for which application threads were stopped: 0.0000927 seconds, Stopping threads took: 0.0000221 seconds
[2019-12-09T07:29:01.180+0000][1][safepoint    ] Application time: 1.0000990 seconds
[2019-12-09T07:29:01.180+0000][1][safepoint    ] Entering safepoint region: Cleanup
[2019-12-09T07:29:01.180+0000][1][safepoint    ] Leaving safepoint region
[2019-12-09T07:29:01.180+0000][1][safepoint    ] Total time for which application threads were stopped: 0.0001402 seconds, Stopping threads took: 0.0000332 seconds
[2019-12-09T07:29:02.180+0000][1][safepoint    ] Application time: 1.0000773 seconds
[2019-12-09T07:29:02.180+0000][1][safepoint    ] Entering safepoint region: Cleanup
[2019-12-09T07:29:02.180+0000][1][safepoint    ] Leaving safepoint region
[2019-12-09T07:29:02.180+0000][1][safepoint    ] Total time for which application threads were stopped: 0.0000994 seconds, Stopping threads took: 0.0000209 seconds
[2019-12-09T07:29:03.180+0000][1][safepoint    ] Application time: 1.0000784 seconds
[2019-12-09T07:29:03.180+0000][1][safepoint    ] Entering safepoint region: Cleanup
[2019-12-09T07:29:03.180+0000][1][safepoint    ] Leaving safepoint region
[2019-12-09T07:29:03.180+0000][1][safepoint    ] Total time for which application threads were stopped: 0.0000878 seconds, Stopping threads took: 0.0000198 seconds
[2019-12-09T07:29:04.180+0000][1][safepoint    ] Application time: 1.0000773 seconds
[2019-12-09T07:29:04.180+0000][1][safepoint    ] Entering safepoint region: Cleanup
[2019-12-09T07:29:04.180+0000][1][safepoint    ] Leaving safepoint region
[2019-12-09T07:29:04.180+0000][1][safepoint    ] Total time for which application threads were stopped: 0.0000877 seconds, Stopping threads took: 0.0000206 seconds
[2019-12-09T07:29:05.181+0000][1][safepoint    ] Application time: 1.0000766 seconds
[2019-12-09T07:29:05.181+0000][1][safepoint    ] Entering safepoint region: Cleanup
[2019-12-09T07:29:05.181+0000][1][safepoint    ] Leaving safepoint region
[2019-12-09T07:29:05.181+0000][1][safepoint    ] Total time for which application threads were stopped: 0.0000953 seconds, Stopping threads took: 0.0000199 seconds
[2019-12-09T07:29:06.181+0000][1][safepoint    ] Application time: 1.0000758 seconds
[2019-12-09T07:29:06.181+0000][1][safepoint    ] Entering safepoint region: Cleanup
[2019-12-09T07:29:06.181+0000][1][safepoint    ] Leaving safepoint region
[2019-12-09T07:29:06.181+0000][1][safepoint    ] Total time for which application threads were stopped: 0.0000893 seconds, Stopping threads took: 0.0000196 seconds
[2019-12-09T07:29:07.181+0000][1][safepoint    ] Application time: 1.0000768 seconds
[2019-12-09T07:29:07.181+0000][1][safepoint    ] Entering safepoint region: Cleanup
[2019-12-09T07:29:07.181+0000][1][safepoint    ] Leaving safepoint region
[2019-12-09T07:29:07.181+0000][1][safepoint    ] Total time for which application threads were stopped: 0.0000886 seconds, Stopping threads took: 0.0000198 seconds
[2019-12-09T07:29:08.181+0000][1][safepoint    ] Application time: 1.0000761 seconds
[2019-12-09T07:29:08.181+0000][1][safepoint    ] Entering safepoint region: Cleanup
[2019-12-09T07:29:08.181+0000][1][safepoint    ] Leaving safepoint region
[2019-12-09T07:29:08.181+0000][1][safepoint    ] Total time for which application threads were stopped: 0.0000935 seconds, Stopping threads took: 0.0000227 seconds
[2019-12-09T07:29:09.181+0000][1][safepoint    ] Application time: 1.0000758 seconds
[2019-12-09T07:29:09.181+0000][1][safepoint    ] Entering safepoint region: Cleanup
[2019-12-09T07:29:09.182+0000][1][safepoint    ] Leaving safepoint region
[2019-12-09T07:29:09.182+0000][1][safepoint    ] Total time for which application threads were stopped: 0.0000877 seconds, Stopping threads took: 0.0000198 seconds
[2019-12-09T07:29:10.182+0000][1][safepoint    ] Application time: 1.0000762 seconds
[2019-12-09T07:29:10.182+0000][1][safepoint    ] Entering safepoint region: Cleanup
[2019-12-09T07:29:10.182+0000][1][safepoint    ] Leaving safepoint region
[2019-12-09T07:29:10.182+0000][1][safepoint    ] Total time for which application threads were stopped: 0.0000966 seconds, Stopping threads took: 0.0000300 seconds
[2019-12-09T07:29:11.182+0000][1][safepoint    ] Application time: 1.0000766 seconds
[2019-12-09T07:29:11.182+0000][1][safepoint    ] Entering safepoint region: Cleanup
[2019-12-09T07:29:11.182+0000][1][safepoint    ] Leaving safepoint region
[2019-12-09T07:29:11.182+0000][1][safepoint    ] Total time for which application threads were stopped: 0.0000863 seconds, Stopping threads took: 0.0000191 seconds
[2019-12-09T07:29:12.182+0000][1][safepoint    ] Application time: 1.0000777 seconds
[2019-12-09T07:29:12.182+0000][1][safepoint    ] Entering safepoint region: Cleanup
[2019-12-09T07:29:12.182+0000][1][safepoint    ] Leaving safepoint region
[2019-12-09T07:29:12.182+0000][1][safepoint    ] Total time for which application threads were stopped: 0.0000975 seconds, Stopping threads took: 0.0000204 seconds
[2019-12-09T07:29:13.182+0000][1][safepoint    ] Application time: 1.0000756 seconds
[2019-12-09T07:29:13.182+0000][1][safepoint    ] Entering safepoint region: Cleanup
[2019-12-09T07:29:13.182+0000][1][safepoint    ] Leaving safepoint region
[2019-12-09T07:29:13.182+0000][1][safepoint    ] Total time for which application threads were stopped: 0.0000901 seconds, Stopping threads took: 0.0000200 seconds
[2019-12-09T07:29:14.182+0000][1][safepoint    ] Application time: 1.0000747 seconds
[2019-12-09T07:29:14.183+0000][1][safepoint    ] Entering safepoint region: Cleanup
[2019-12-09T07:29:14.183+0000][1][safepoint    ] Leaving safepoint region
[2019-12-09T07:29:14.183+0000][1][safepoint    ] Total time for which application threads were stopped: 0.0000883 seconds, Stopping threads took: 0.0000209 seconds
[2019-12-09T07:29:15.183+0000][1][safepoint    ] Application time: 1.0000875 seconds
[2019-12-09T07:29:15.183+0000][1][safepoint    ] Entering safepoint region: Cleanup
[2019-12-09T07:29:15.183+0000][1][safepoint    ] Leaving safepoint region
[2019-12-09T07:29:15.183+0000][1][safepoint    ] Total time for which application threads were stopped: 0.0000916 seconds, Stopping threads took: 0.0000204 seconds
[2019-12-09T07:29:16.183+0000][1][safepoint    ] Application time: 1.0000782 seconds
[2019-12-09T07:29:16.183+0000][1][safepoint    ] Entering safepoint region: Cleanup
[2019-12-09T07:29:16.183+0000][1][safepoint    ] Leaving safepoint region
[2019-12-09T07:29:16.183+0000][1][safepoint    ] Total time for which application threads were stopped: 0.0000895 seconds, Stopping threads took: 0.0000207 seconds
[2019-12-09T07:29:17.183+0000][1][safepoint    ] Application time: 1.0000766 seconds
[2019-12-09T07:29:17.183+0000][1][safepoint    ] Entering safepoint region: Cleanup
[2019-12-09T07:29:17.183+0000][1][safepoint    ] Leaving safepoint region
[2019-12-09T07:29:17.183+0000][1][safepoint    ] Total time for which application threads were stopped: 0.0000857 seconds, Stopping threads took: 0.0000197 seconds
[2019-12-09T07:29:18.183+0000][1][safepoint    ] Application time: 1.0000753 seconds
[2019-12-09T07:29:18.183+0000][1][safepoint    ] Entering safepoint region: Cleanup
[2019-12-09T07:29:18.183+0000][1][safepoint    ] Leaving safepoint region
[2019-12-09T07:29:18.183+0000][1][safepoint    ] Total time for which application threads were stopped: 0.0000843 seconds, Stopping threads took: 0.0000182 seconds
[2019-12-09T07:29:19.184+0000][1][safepoint    ] Application time: 1.0000756 seconds
[2019-12-09T07:29:19.184+0000][1][safepoint    ] Entering safepoint region: Cleanup
[2019-12-09T07:29:19.184+0000][1][safepoint    ] Leaving safepoint region
[2019-12-09T07:29:19.184+0000][1][safepoint    ] Total time for which application threads were stopped: 0.0000869 seconds, Stopping threads took: 0.0000195 seconds
[2019-12-09T07:29:20.184+0000][1][safepoint    ] Application time: 1.0000754 seconds
[2019-12-09T07:29:20.184+0000][1][safepoint    ] Entering safepoint region: Cleanup
[2019-12-09T07:29:20.184+0000][1][safepoint    ] Leaving safepoint region
[2019-12-09T07:29:20.184+0000][1][safepoint    ] Total time for which application threads were stopped: 0.0000868 seconds, Stopping threads took: 0.0000204 seconds
[2019-12-09T07:29:21.184+0000][1][safepoint    ] Application time: 1.0000753 seconds
[2019-12-09T07:29:21.184+0000][1][safepoint    ] Entering safepoint region: Cleanup
[2019-12-09T07:29:21.184+0000][1][safepoint    ] Leaving safepoint region
[2019-12-09T07:29:21.184+0000][1][safepoint    ] Total time for which application threads were stopped: 0.0000902 seconds, Stopping threads took: 0.0000216 seconds
[2019-12-09T07:29:22.184+0000][1][safepoint    ] Application time: 1.0000738 seconds
[2019-12-09T07:29:22.184+0000][1][safepoint    ] Entering safepoint region: Cleanup
[2019-12-09T07:29:22.184+0000][1][safepoint    ] Leaving safepoint region
[2019-12-09T07:29:22.184+0000][1][safepoint    ] Total time for which application threads were stopped: 0.0000980 seconds, Stopping threads took: 0.0000263 seconds
[2019-12-09T07:29:23.184+0000][1][safepoint    ] Application time: 1.0000770 seconds
[2019-12-09T07:29:23.184+0000][1][safepoint    ] Entering safepoint region: Cleanup
[2019-12-09T07:29:23.184+0000][1][safepoint    ] Leaving safepoint region
[2019-12-09T07:29:23.185+0000][1][safepoint    ] Total time for which application threads were stopped: 0.0000907 seconds, Stopping threads took: 0.0000201 seconds
[2019-12-09T07:29:24.185+0000][1][safepoint    ] Application time: 1.0000763 seconds
[2019-12-09T07:29:24.185+0000][1][safepoint    ] Entering safepoint region: Cleanup
[2019-12-09T07:29:24.185+0000][1][safepoint    ] Leaving safepoint region
[2019-12-09T07:29:24.185+0000][1][safepoint    ] Total time for which application threads were stopped: 0.0000959 seconds, Stopping threads took: 0.0000187 seconds
[2019-12-09T07:29:25.185+0000][1][safepoint    ] Application time: 1.0000827 seconds
[2019-12-09T07:29:25.185+0000][1][safepoint    ] Entering safepoint region: Cleanup
[2019-12-09T07:29:25.185+0000][1][safepoint    ] Leaving safepoint region
[2019-12-09T07:29:25.185+0000][1][safepoint    ] Total time for which application threads were stopped: 0.0000959 seconds, Stopping threads took: 0.0000268 seconds
[2019-12-09T07:29:26.185+0000][1][safepoint    ] Application time: 1.0000791 seconds
[2019-12-09T07:29:26.185+0000][1][safepoint    ] Entering safepoint region: Cleanup
[2019-12-09T07:29:26.185+0000][1][safepoint    ] Leaving safepoint region
[2019-12-09T07:29:26.185+0000][1][safepoint    ] Total time for which application threads were stopped: 0.0000892 seconds, Stopping threads took: 0.0000213 seconds
[2019-12-09T07:29:27.185+0000][1][safepoint    ] Application time: 1.0000770 seconds
[2019-12-09T07:29:27.185+0000][1][safepoint    ] Entering safepoint region: Cleanup
[2019-12-09T07:29:27.185+0000][1][safepoint    ] Leaving safepoint region
[2019-12-09T07:29:27.185+0000][1][safepoint    ] Total time for which application threads were stopped: 0.0000903 seconds, Stopping threads took: 0.0000204 seconds
[2019-12-09T07:29:28.185+0000][1][safepoint    ] Application time: 1.0000772 seconds
[2019-12-09T07:29:28.186+0000][1][safepoint    ] Entering safepoint region: Cleanup
[2019-12-09T07:29:28.186+0000][1][safepoint    ] Leaving safepoint region
[2019-12-09T07:29:28.186+0000][1][safepoint    ] Total time for which application threads were stopped: 0.0000908 seconds, Stopping threads took: 0.0000202 seconds
[2019-12-09T07:29:29.186+0000][1][safepoint    ] Application time: 1.0000777 seconds
[2019-12-09T07:29:29.186+0000][1][safepoint    ] Entering safepoint region: Cleanup
[2019-12-09T07:29:29.186+0000][1][safepoint    ] Leaving safepoint region
[2019-12-09T07:29:29.186+0000][1][safepoint    ] Total time for which application threads were stopped: 0.0000901 seconds, Stopping threads took: 0.0000218 seconds
[2019-12-09T07:29:30.186+0000][1][safepoint    ] Application time: 1.0000750 seconds
[2019-12-09T07:29:30.186+0000][1][safepoint    ] Entering safepoint region: Cleanup
[2019-12-09T07:29:30.186+0000][1][safepoint    ] Leaving safepoint region
[2019-12-09T07:29:30.186+0000][1][safepoint    ] Total time for which application threads were stopped: 0.0000909 seconds, Stopping threads took: 0.0000211 seconds
[2019-12-09T07:29:31.186+0000][1][safepoint    ] Application time: 1.0000769 seconds
[2019-12-09T07:29:31.186+0000][1][safepoint    ] Entering safepoint region: Cleanup
[2019-12-09T07:29:31.186+0000][1][safepoint    ] Leaving safepoint region
[2019-12-09T07:29:31.186+0000][1][safepoint    ] Total time for which application threads were stopped: 0.0000912 seconds, Stopping threads took: 0.0000226 seconds
[2019-12-09T07:29:32.186+0000][1][safepoint    ] Application time: 1.0000777 seconds
[2019-12-09T07:29:32.186+0000][1][safepoint    ] Entering safepoint region: Cleanup
[2019-12-09T07:29:32.186+0000][1][safepoint    ] Leaving safepoint region
[2019-12-09T07:29:32.186+0000][1][safepoint    ] Total time for which application threads were stopped: 0.0000878 seconds, Stopping threads took: 0.0000204 seconds
[2019-12-09T07:29:33.187+0000][1][safepoint    ] Application time: 1.0000769 seconds
[2019-12-09T07:29:33.187+0000][1][safepoint    ] Entering safepoint region: Cleanup
[2019-12-09T07:29:33.187+0000][1][safepoint    ] Leaving safepoint region
[2019-12-09T07:29:33.187+0000][1][safepoint    ] Total time for which application threads were stopped: 0.0000889 seconds, Stopping threads took: 0.0000196 seconds
[2019-12-09T07:29:34.187+0000][1][safepoint    ] Application time: 1.0000762 seconds
[2019-12-09T07:29:34.187+0000][1][safepoint    ] Entering safepoint region: Cleanup
[2019-12-09T07:29:34.187+0000][1][safepoint    ] Leaving safepoint region
[2019-12-09T07:29:34.187+0000][1][safepoint    ] Total time for which application threads were stopped: 0.0000882 seconds, Stopping threads took: 0.0000198 seconds
[2019-12-09T07:29:34.805+0000][1][safepoint    ] Application time: 0.6184057 seconds
[2019-12-09T07:29:34.805+0000][1][safepoint    ] Entering safepoint region: GenCollectForAllocation
[2019-12-09T07:29:34.805+0000][1][gc,start     ] GC(64) Pause Young (Allocation Failure)
[2019-12-09T07:29:34.805+0000][1][gc,task      ] GC(64) Using 2 workers of 2 for evacuation
[2019-12-09T07:29:34.808+0000][1][gc,age       ] GC(64) Desired survivor size 4456448 bytes, new threshold 6 (max threshold 6)
[2019-12-09T07:29:34.808+0000][1][gc,age       ] GC(64) Age table with threshold 6 (max threshold 6)
[2019-12-09T07:29:34.808+0000][1][gc,age       ] GC(64) - age   1:    1040656 bytes,    1040656 total
[2019-12-09T07:29:34.808+0000][1][gc,age       ] GC(64) - age   2:        416 bytes,    1041072 total
[2019-12-09T07:29:34.808+0000][1][gc,age       ] GC(64) - age   3:        240 bytes,    1041312 total
[2019-12-09T07:29:34.808+0000][1][gc,age       ] GC(64) - age   4:       1864 bytes,    1043176 total
[2019-12-09T07:29:34.808+0000][1][gc,age       ] GC(64) - age   5:        232 bytes,    1043408 total
[2019-12-09T07:29:34.808+0000][1][gc,age       ] GC(64) - age   6:        120 bytes,    1043528 total
[2019-12-09T07:29:34.808+0000][1][gc,heap      ] GC(64) ParNew: 70798K->1398K(78656K)
[2019-12-09T07:29:34.808+0000][1][gc,heap      ] GC(64) CMS: 70943K->70944K(174784K)
[2019-12-09T07:29:34.808+0000][1][gc,metaspace ] GC(64) Metaspace: 76213K->76213K(1118208K)
[2019-12-09T07:29:34.808+0000][1][gc           ] GC(64) Pause Young (Allocation Failure) 138M->70M(247M) 2.302ms
[2019-12-09T07:29:34.808+0000][1][gc,cpu       ] GC(64) User=0.01s Sys=0.00s Real=0.00s
[2019-12-09T07:29:34.808+0000][1][safepoint    ] Leaving safepoint region
[2019-12-09T07:29:34.808+0000][1][safepoint    ] Total time for which application threads were stopped: 0.0024653 seconds, Stopping threads took: 0.0000176 seconds
[2019-12-09T07:29:35.808+0000][1][safepoint    ] Application time: 1.0000846 seconds
[2019-12-09T07:29:35.808+0000][1][safepoint    ] Entering safepoint region: Cleanup
[2019-12-09T07:29:35.808+0000][1][safepoint    ] Leaving safepoint region
[2019-12-09T07:29:35.808+0000][1][safepoint    ] Total time for which application threads were stopped: 0.0000882 seconds, Stopping threads took: 0.0000200 seconds
[2019-12-09T07:29:36.808+0000][1][safepoint    ] Application time: 1.0000776 seconds
[2019-12-09T07:29:36.808+0000][1][safepoint    ] Entering safepoint region: Cleanup
[2019-12-09T07:29:36.808+0000][1][safepoint    ] Leaving safepoint region
[2019-12-09T07:29:36.808+0000][1][safepoint    ] Total time for which application threads were stopped: 0.0000871 seconds, Stopping threads took: 0.0000195 seconds
[2019-12-09T07:29:37.808+0000][1][safepoint    ] Application time: 1.0000748 seconds
[2019-12-09T07:29:37.808+0000][1][safepoint    ] Entering safepoint region: Cleanup
[2019-12-09T07:29:37.808+0000][1][safepoint    ] Leaving safepoint region
[2019-12-09T07:29:37.808+0000][1][safepoint    ] Total time for which application threads were stopped: 0.0000885 seconds, Stopping threads took: 0.0000202 seconds
[2019-12-09T07:29:38.808+0000][1][safepoint    ] Application time: 1.0000759 seconds
[2019-12-09T07:29:38.809+0000][1][safepoint    ] Entering safepoint region: Cleanup
[2019-12-09T07:29:38.809+0000][1][safepoint    ] Leaving safepoint region
[2019-12-09T07:29:38.809+0000][1][safepoint    ] Total time for which application threads were stopped: 0.0000849 seconds, Stopping threads took: 0.0000187 seconds
[2019-12-09T07:29:39.809+0000][1][safepoint    ] Application time: 1.0000749 seconds
[2019-12-09T07:29:39.809+0000][1][safepoint    ] Entering safepoint region: Cleanup
[2019-12-09T07:29:39.809+0000][1][safepoint    ] Leaving safepoint region
[2019-12-09T07:29:39.809+0000][1][safepoint    ] Total time for which application threads were stopped: 0.0000896 seconds, Stopping threads took: 0.0000208 seconds
[2019-12-09T07:29:40.809+0000][1][safepoint    ] Application time: 1.0000741 seconds
[2019-12-09T07:29:40.809+0000][1][safepoint    ] Entering safepoint region: Cleanup
[2019-12-09T07:29:40.809+0000][1][safepoint    ] Leaving safepoint region
[2019-12-09T07:29:40.809+0000][1][safepoint    ] Total time for which application threads were stopped: 0.0000894 seconds, Stopping threads took: 0.0000217 seconds
[2019-12-09T07:29:41.809+0000][1][safepoint    ] Application time: 1.0000817 seconds
[2019-12-09T07:29:41.809+0000][1][safepoint    ] Entering safepoint region: Cleanup
[2019-12-09T07:29:41.809+0000][1][safepoint    ] Leaving safepoint region
[2019-12-09T07:29:41.809+0000][1][safepoint    ] Total time for which application threads were stopped: 0.0000915 seconds, Stopping threads took: 0.0000233 seconds
[2019-12-09T07:29:42.809+0000][1][safepoint    ] Application time: 1.0000751 seconds
[2019-12-09T07:29:42.809+0000][1][safepoint    ] Entering safepoint region: Cleanup
[2019-12-09T07:29:42.809+0000][1][safepoint    ] Leaving safepoint region
[2019-12-09T07:29:42.809+0000][1][safepoint    ] Total time for which application threads were stopped: 0.0000865 seconds, Stopping threads took: 0.0000187 seconds
[2019-12-09T07:29:43.810+0000][1][safepoint    ] Application time: 1.0000773 seconds
[2019-12-09T07:29:43.810+0000][1][safepoint    ] Entering safepoint region: Cleanup
[2019-12-09T07:29:43.810+0000][1][safepoint    ] Leaving safepoint region
[2019-12-09T07:29:43.810+0000][1][safepoint    ] Total time for which application threads were stopped: 0.0000877 seconds, Stopping threads took: 0.0000197 seconds
[2019-12-09T07:29:44.810+0000][1][safepoint    ] Application time: 1.0000856 seconds
[2019-12-09T07:29:44.810+0000][1][safepoint    ] Entering safepoint region: Cleanup
[2019-12-09T07:29:44.810+0000][1][safepoint    ] Leaving safepoint region
[2019-12-09T07:29:44.810+0000][1][safepoint    ] Total time for which application threads were stopped: 0.0000888 seconds, Stopping threads took: 0.0000196 seconds
[2019-12-09T07:29:45.810+0000][1][safepoint    ] Application time: 1.0000757 seconds
[2019-12-09T07:29:45.810+0000][1][safepoint    ] Entering safepoint region: Cleanup
[2019-12-09T07:29:45.810+0000][1][safepoint    ] Leaving safepoint region
[2019-12-09T07:29:45.810+0000][1][safepoint    ] Total time for which application threads were stopped: 0.0000887 seconds, Stopping threads took: 0.0000205 seconds
[2019-12-09T07:29:46.939+0000][1][safepoint    ] Application time: 1.1284285 seconds
[2019-12-09T07:29:46.939+0000][1][safepoint    ] Entering safepoint region: Cleanup
[2019-12-09T07:29:46.939+0000][1][safepoint    ] Leaving safepoint region
[2019-12-09T07:29:46.939+0000][1][safepoint    ] Total time for which application threads were stopped: 0.0001131 seconds, Stopping threads took: 0.0000254 seconds
[2019-12-09T07:29:47.939+0000][1][safepoint    ] Application time: 1.0000877 seconds
[2019-12-09T07:29:47.939+0000][1][safepoint    ] Entering safepoint region: Cleanup
[2019-12-09T07:29:47.939+0000][1][safepoint    ] Leaving safepoint region
[2019-12-09T07:29:47.939+0000][1][safepoint    ] Total time for which application threads were stopped: 0.0000958 seconds, Stopping threads took: 0.0000176 seconds
[2019-12-09T07:29:48.939+0000][1][safepoint    ] Application time: 1.0000797 seconds
[2019-12-09T07:29:48.939+0000][1][safepoint    ] Entering safepoint region: Cleanup
[2019-12-09T07:29:48.939+0000][1][safepoint    ] Leaving safepoint region
[2019-12-09T07:29:48.939+0000][1][safepoint    ] Total time for which application threads were stopped: 0.0000790 seconds, Stopping threads took: 0.0000185 seconds
[2019-12-09T07:29:49.939+0000][1][safepoint    ] Application time: 1.0000755 seconds
[2019-12-09T07:29:49.939+0000][1][safepoint    ] Entering safepoint region: Cleanup
[2019-12-09T07:29:49.939+0000][1][safepoint    ] Leaving safepoint region
[2019-12-09T07:29:49.939+0000][1][safepoint    ] Total time for which application threads were stopped: 0.0000814 seconds, Stopping threads took: 0.0000184 seconds
[2019-12-09T07:29:50.939+0000][1][safepoint    ] Application time: 1.0000766 seconds
[2019-12-09T07:29:50.939+0000][1][safepoint    ] Entering safepoint region: Cleanup
[2019-12-09T07:29:50.939+0000][1][safepoint    ] Leaving safepoint region
[2019-12-09T07:29:50.939+0000][1][safepoint    ] Total time for which application threads were stopped: 0.0000922 seconds, Stopping threads took: 0.0000236 seconds
[2019-12-09T07:29:51.940+0000][1][safepoint    ] Application time: 1.0000770 seconds
[2019-12-09T07:29:51.940+0000][1][safepoint    ] Entering safepoint region: Cleanup
[2019-12-09T07:29:51.940+0000][1][safepoint    ] Leaving safepoint region
[2019-12-09T07:29:51.940+0000][1][safepoint    ] Total time for which application threads were stopped: 0.0000945 seconds, Stopping threads took: 0.0000272 seconds
[2019-12-09T07:29:52.940+0000][1][safepoint    ] Application time: 1.0000763 seconds
[2019-12-09T07:29:52.940+0000][1][safepoint    ] Entering safepoint region: Cleanup
[2019-12-09T07:29:52.940+0000][1][safepoint    ] Leaving safepoint region
[2019-12-09T07:29:52.940+0000][1][safepoint    ] Total time for which application threads were stopped: 0.0000856 seconds, Stopping threads took: 0.0000190 seconds
[2019-12-09T07:29:53.940+0000][1][safepoint    ] Application time: 1.0000777 seconds
[2019-12-09T07:29:53.940+0000][1][safepoint    ] Entering safepoint region: Cleanup
[2019-12-09T07:29:53.940+0000][1][safepoint    ] Leaving safepoint region
[2019-12-09T07:29:53.940+0000][1][safepoint    ] Total time for which application threads were stopped: 0.0000892 seconds, Stopping threads took: 0.0000190 seconds
[2019-12-09T07:29:54.940+0000][1][safepoint    ] Application time: 1.0000771 seconds
[2019-12-09T07:29:54.940+0000][1][safepoint    ] Entering safepoint region: Cleanup
[2019-12-09T07:29:54.940+0000][1][safepoint    ] Leaving safepoint region
[2019-12-09T07:29:54.940+0000][1][safepoint    ] Total time for which application threads were stopped: 0.0000848 seconds, Stopping threads took: 0.0000183 seconds
[2019-12-09T07:29:55.940+0000][1][safepoint    ] Application time: 1.0000770 seconds
[2019-12-09T07:29:55.940+0000][1][safepoint    ] Entering safepoint region: Cleanup
[2019-12-09T07:29:55.941+0000][1][safepoint    ] Leaving safepoint region
[2019-12-09T07:29:55.941+0000][1][safepoint    ] Total time for which application threads were stopped: 0.0000834 seconds, Stopping threads took: 0.0000185 seconds
[2019-12-09T07:29:56.941+0000][1][safepoint    ] Application time: 1.0000770 seconds
[2019-12-09T07:29:56.941+0000][1][safepoint    ] Entering safepoint region: Cleanup
[2019-12-09T07:29:56.941+0000][1][safepoint    ] Leaving safepoint region
[2019-12-09T07:29:56.941+0000][1][safepoint    ] Total time for which application threads were stopped: 0.0000970 seconds, Stopping threads took: 0.0000206 seconds
[2019-12-09T07:29:57.941+0000][1][safepoint    ] Application time: 1.0000768 seconds
[2019-12-09T07:29:57.941+0000][1][safepoint    ] Entering safepoint region: Cleanup
[2019-12-09T07:29:57.941+0000][1][safepoint    ] Leaving safepoint region
[2019-12-09T07:29:57.941+0000][1][safepoint    ] Total time for which application threads were stopped: 0.0000862 seconds, Stopping threads took: 0.0000208 seconds
[2019-12-09T07:29:58.941+0000][1][safepoint    ] Application time: 1.0000793 seconds
[2019-12-09T07:29:58.941+0000][1][safepoint    ] Entering safepoint region: Cleanup
[2019-12-09T07:29:58.941+0000][1][safepoint    ] Leaving safepoint region
[2019-12-09T07:29:58.941+0000][1][safepoint    ] Total time for which application threads were stopped: 0.0000953 seconds, Stopping threads took: 0.0000254 seconds
[2019-12-09T07:29:59.941+0000][1][safepoint    ] Application time: 1.0000767 seconds
[2019-12-09T07:29:59.941+0000][1][safepoint    ] Entering safepoint region: Cleanup
[2019-12-09T07:29:59.941+0000][1][safepoint    ] Leaving safepoint region
[2019-12-09T07:29:59.941+0000][1][safepoint    ] Total time for which application threads were stopped: 0.0000869 seconds, Stopping threads took: 0.0000206 seconds
[2019-12-09T07:30:00.941+0000][1][safepoint    ] Application time: 1.0000766 seconds
[2019-12-09T07:30:00.942+0000][1][safepoint    ] Entering safepoint region: Cleanup
[2019-12-09T07:30:00.942+0000][1][safepoint    ] Leaving safepoint region
[2019-12-09T07:30:00.942+0000][1][safepoint    ] Total time for which application threads were stopped: 0.0000863 seconds, Stopping threads took: 0.0000193 seconds
[2019-12-09T07:30:01.942+0000][1][safepoint    ] Application time: 1.0000743 seconds
[2019-12-09T07:30:01.942+0000][1][safepoint    ] Entering safepoint region: Cleanup
[2019-12-09T07:30:01.942+0000][1][safepoint    ] Leaving safepoint region
[2019-12-09T07:30:01.942+0000][1][safepoint    ] Total time for which application threads were stopped: 0.0000887 seconds, Stopping threads took: 0.0000203 seconds
[2019-12-09T07:30:02.942+0000][1][safepoint    ] Application time: 1.0000744 seconds
[2019-12-09T07:30:02.942+0000][1][safepoint    ] Entering safepoint region: Cleanup
[2019-12-09T07:30:02.942+0000][1][safepoint    ] Leaving safepoint region
[2019-12-09T07:30:02.942+0000][1][safepoint    ] Total time for which application threads were stopped: 0.0000893 seconds, Stopping threads took: 0.0000204 seconds
[2019-12-09T07:30:03.942+0000][1][safepoint    ] Application time: 1.0000778 seconds
[2019-12-09T07:30:03.942+0000][1][safepoint    ] Entering safepoint region: Cleanup
[2019-12-09T07:30:03.942+0000][1][safepoint    ] Leaving safepoint region
[2019-12-09T07:30:03.942+0000][1][safepoint    ] Total time for which application threads were stopped: 0.0000916 seconds, Stopping threads took: 0.0000199 seconds
[2019-12-09T07:30:04.942+0000][1][safepoint    ] Application time: 1.0000781 seconds
[2019-12-09T07:30:04.942+0000][1][safepoint    ] Entering safepoint region: Cleanup
[2019-12-09T07:30:04.942+0000][1][safepoint    ] Leaving safepoint region
[2019-12-09T07:30:04.942+0000][1][safepoint    ] Total time for which application threads were stopped: 0.0000848 seconds, Stopping threads took: 0.0000220 seconds
[2019-12-09T07:30:05.943+0000][1][safepoint    ] Application time: 1.0000774 seconds
[2019-12-09T07:30:05.943+0000][1][safepoint    ] Entering safepoint region: Cleanup
[2019-12-09T07:30:05.943+0000][1][safepoint    ] Leaving safepoint region
[2019-12-09T07:30:05.943+0000][1][safepoint    ] Total time for which application threads were stopped: 0.0000883 seconds, Stopping threads took: 0.0000199 seconds
[2019-12-09T07:30:06.943+0000][1][safepoint    ] Application time: 1.0000764 seconds
[2019-12-09T07:30:06.943+0000][1][safepoint    ] Entering safepoint region: Cleanup
[2019-12-09T07:30:06.943+0000][1][safepoint    ] Leaving safepoint region
[2019-12-09T07:30:06.943+0000][1][safepoint    ] Total time for which application threads were stopped: 0.0000960 seconds, Stopping threads took: 0.0000282 seconds
[2019-12-09T07:30:07.943+0000][1][safepoint    ] Application time: 1.0000779 seconds
[2019-12-09T07:30:07.943+0000][1][safepoint    ] Entering safepoint region: Cleanup
[2019-12-09T07:30:07.943+0000][1][safepoint    ] Leaving safepoint region
[2019-12-09T07:30:07.943+0000][1][safepoint    ] Total time for which application threads were stopped: 0.0000857 seconds, Stopping threads took: 0.0000199 seconds
[2019-12-09T07:30:08.943+0000][1][safepoint    ] Application time: 1.0000777 seconds
[2019-12-09T07:30:08.943+0000][1][safepoint    ] Entering safepoint region: Cleanup
[2019-12-09T07:30:08.943+0000][1][safepoint    ] Leaving safepoint region
[2019-12-09T07:30:08.943+0000][1][safepoint    ] Total time for which application threads were stopped: 0.0000985 seconds, Stopping threads took: 0.0000301 seconds
[2019-12-09T07:30:10.901+0000][1][safepoint    ] Application time: 1.9581627 seconds
[2019-12-09T07:30:10.902+0000][1][safepoint    ] Entering safepoint region: Cleanup
[2019-12-09T07:30:10.902+0000][1][safepoint    ] Leaving safepoint region
[2019-12-09T07:30:10.902+0000][1][safepoint    ] Total time for which application threads were stopped: 0.0000851 seconds, Stopping threads took: 0.0000191 seconds
[2019-12-09T07:30:11.902+0000][1][safepoint    ] Application time: 1.0000767 seconds
[2019-12-09T07:30:11.902+0000][1][safepoint    ] Entering safepoint region: Cleanup
[2019-12-09T07:30:11.902+0000][1][safepoint    ] Leaving safepoint region
[2019-12-09T07:30:11.902+0000][1][safepoint    ] Total time for which application threads were stopped: 0.0000955 seconds, Stopping threads took: 0.0000200 seconds
[2019-12-09T07:30:12.902+0000][1][safepoint    ] Application time: 1.0000935 seconds
[2019-12-09T07:30:12.902+0000][1][safepoint    ] Entering safepoint region: Cleanup
[2019-12-09T07:30:12.902+0000][1][safepoint    ] Leaving safepoint region
[2019-12-09T07:30:12.902+0000][1][safepoint    ] Total time for which application threads were stopped: 0.0001516 seconds, Stopping threads took: 0.0000205 seconds
[2019-12-09T07:30:13.902+0000][1][safepoint    ] Application time: 1.0000853 seconds
[2019-12-09T07:30:13.902+0000][1][safepoint    ] Entering safepoint region: Cleanup
[2019-12-09T07:30:13.902+0000][1][safepoint    ] Leaving safepoint region
[2019-12-09T07:30:13.902+0000][1][safepoint    ] Total time for which application threads were stopped: 0.0001150 seconds, Stopping threads took: 0.0000248 seconds
[2019-12-09T07:30:14.902+0000][1][safepoint    ] Application time: 1.0000794 seconds
[2019-12-09T07:30:14.903+0000][1][safepoint    ] Entering safepoint region: Cleanup
[2019-12-09T07:30:14.903+0000][1][safepoint    ] Leaving safepoint region
[2019-12-09T07:30:14.903+0000][1][safepoint    ] Total time for which application threads were stopped: 0.0000886 seconds, Stopping threads took: 0.0000197 seconds
[2019-12-09T07:30:15.903+0000][1][safepoint    ] Application time: 1.0000814 seconds
[2019-12-09T07:30:15.903+0000][1][safepoint    ] Entering safepoint region: Cleanup
[2019-12-09T07:30:15.903+0000][1][safepoint    ] Leaving safepoint region
[2019-12-09T07:30:15.903+0000][1][safepoint    ] Total time for which application threads were stopped: 0.0000858 seconds, Stopping threads took: 0.0000199 seconds
[2019-12-09T07:30:16.903+0000][1][safepoint    ] Application time: 1.0000781 seconds
[2019-12-09T07:30:16.903+0000][1][safepoint    ] Entering safepoint region: Cleanup
[2019-12-09T07:30:16.903+0000][1][safepoint    ] Leaving safepoint region
[2019-12-09T07:30:16.903+0000][1][safepoint    ] Total time for which application threads were stopped: 0.0000872 seconds, Stopping threads took: 0.0000190 seconds
[2019-12-09T07:30:16.956+0000][1][safepoint    ] Application time: 0.0531793 seconds
[2019-12-09T07:30:16.956+0000][1][safepoint    ] Entering safepoint region: GenCollectForAllocation
[2019-12-09T07:30:16.956+0000][1][gc,start     ] GC(65) Pause Young (Allocation Failure)
[2019-12-09T07:30:16.956+0000][1][gc,task      ] GC(65) Using 2 workers of 2 for evacuation
[2019-12-09T07:30:16.958+0000][1][gc,age       ] GC(65) Desired survivor size 4456448 bytes, new threshold 6 (max threshold 6)
[2019-12-09T07:30:16.958+0000][1][gc,age       ] GC(65) Age table with threshold 6 (max threshold 6)
[2019-12-09T07:30:16.958+0000][1][gc,age       ] GC(65) - age   1:     820584 bytes,     820584 total
[2019-12-09T07:30:16.958+0000][1][gc,age       ] GC(65) - age   3:        128 bytes,     820712 total
[2019-12-09T07:30:16.958+0000][1][gc,age       ] GC(65) - age   4:        240 bytes,     820952 total
[2019-12-09T07:30:16.958+0000][1][gc,age       ] GC(65) - age   5:       1864 bytes,     822816 total
[2019-12-09T07:30:16.958+0000][1][gc,age       ] GC(65) - age   6:        232 bytes,     823048 total
[2019-12-09T07:30:16.958+0000][1][gc,heap      ] GC(65) ParNew: 71350K->888K(78656K)
[2019-12-09T07:30:16.958+0000][1][gc,heap      ] GC(65) CMS: 70944K->70944K(174784K)
[2019-12-09T07:30:16.958+0000][1][gc,metaspace ] GC(65) Metaspace: 76215K->76215K(1118208K)
[2019-12-09T07:30:16.958+0000][1][gc           ] GC(65) Pause Young (Allocation Failure) 138M->70M(247M) 2.019ms
[2019-12-09T07:30:16.958+0000][1][gc,cpu       ] GC(65) User=0.01s Sys=0.00s Real=0.00s
[2019-12-09T07:30:16.958+0000][1][safepoint    ] Leaving safepoint region
[2019-12-09T07:30:16.958+0000][1][safepoint    ] Total time for which application threads were stopped: 0.0021826 seconds, Stopping threads took: 0.0000162 seconds
[2019-12-09T07:30:17.959+0000][1][safepoint    ] Application time: 1.0000962 seconds
[2019-12-09T07:30:17.959+0000][1][safepoint    ] Entering safepoint region: Cleanup
[2019-12-09T07:30:17.959+0000][1][safepoint    ] Leaving safepoint region
[2019-12-09T07:30:17.959+0000][1][safepoint    ] Total time for which application threads were stopped: 0.0000833 seconds, Stopping threads took: 0.0000180 seconds
[2019-12-09T07:30:18.959+0000][1][safepoint    ] Application time: 1.0000740 seconds
[2019-12-09T07:30:18.959+0000][1][safepoint    ] Entering safepoint region: Cleanup
[2019-12-09T07:30:18.959+0000][1][safepoint    ] Leaving safepoint region
[2019-12-09T07:30:18.959+0000][1][safepoint    ] Total time for which application threads were stopped: 0.0000862 seconds, Stopping threads took: 0.0000190 seconds
[2019-12-09T07:30:19.959+0000][1][safepoint    ] Application time: 1.0000774 seconds
[2019-12-09T07:30:19.959+0000][1][safepoint    ] Entering safepoint region: Cleanup
[2019-12-09T07:30:19.959+0000][1][safepoint    ] Leaving safepoint region
[2019-12-09T07:30:19.959+0000][1][safepoint    ] Total time for which application threads were stopped: 0.0000807 seconds, Stopping threads took: 0.0000172 seconds
[2019-12-09T07:30:20.959+0000][1][safepoint    ] Application time: 1.0000762 seconds
[2019-12-09T07:30:20.959+0000][1][safepoint    ] Entering safepoint region: Cleanup
[2019-12-09T07:30:20.959+0000][1][safepoint    ] Leaving safepoint region
[2019-12-09T07:30:20.959+0000][1][safepoint    ] Total time for which application threads were stopped: 0.0000835 seconds, Stopping threads took: 0.0000180 seconds
[2019-12-09T07:30:21.959+0000][1][safepoint    ] Application time: 1.0000763 seconds
[2019-12-09T07:30:21.959+0000][1][safepoint    ] Entering safepoint region: Cleanup
[2019-12-09T07:30:21.959+0000][1][safepoint    ] Leaving safepoint region
[2019-12-09T07:30:21.959+0000][1][safepoint    ] Total time for which application threads were stopped: 0.0000835 seconds, Stopping threads took: 0.0000180 seconds
[2019-12-09T07:30:22.960+0000][1][safepoint    ] Application time: 1.0000763 seconds
[2019-12-09T07:30:22.960+0000][1][safepoint    ] Entering safepoint region: Cleanup
[2019-12-09T07:30:22.960+0000][1][safepoint    ] Leaving safepoint region
[2019-12-09T07:30:22.960+0000][1][safepoint    ] Total time for which application threads were stopped: 0.0000851 seconds, Stopping threads took: 0.0000175 seconds
[2019-12-09T07:30:23.960+0000][1][safepoint    ] Application time: 1.0000764 seconds
[2019-12-09T07:30:23.960+0000][1][safepoint    ] Entering safepoint region: Cleanup
[2019-12-09T07:30:23.960+0000][1][safepoint    ] Leaving safepoint region
[2019-12-09T07:30:23.960+0000][1][safepoint    ] Total time for which application threads were stopped: 0.0000851 seconds, Stopping threads took: 0.0000182 seconds
[2019-12-09T07:30:24.960+0000][1][safepoint    ] Application time: 1.0000764 seconds
[2019-12-09T07:30:24.960+0000][1][safepoint    ] Entering safepoint region: Cleanup
[2019-12-09T07:30:24.960+0000][1][safepoint    ] Leaving safepoint region
[2019-12-09T07:30:24.960+0000][1][safepoint    ] Total time for which application threads were stopped: 0.0000819 seconds, Stopping threads took: 0.0000165 seconds
[2019-12-09T07:30:25.960+0000][1][safepoint    ] Application time: 1.0000761 seconds
[2019-12-09T07:30:25.960+0000][1][safepoint    ] Entering safepoint region: Cleanup
[2019-12-09T07:30:25.960+0000][1][safepoint    ] Leaving safepoint region
[2019-12-09T07:30:25.960+0000][1][safepoint    ] Total time for which application threads were stopped: 0.0000928 seconds, Stopping threads took: 0.0000174 seconds
[2019-12-09T07:30:26.960+0000][1][safepoint    ] Application time: 1.0000801 seconds
[2019-12-09T07:30:26.960+0000][1][safepoint    ] Entering safepoint region: Cleanup
[2019-12-09T07:30:26.960+0000][1][safepoint    ] Leaving safepoint region
[2019-12-09T07:30:26.960+0000][1][safepoint    ] Total time for which application threads were stopped: 0.0000961 seconds, Stopping threads took: 0.0000190 seconds
[2019-12-09T07:30:27.961+0000][1][safepoint    ] Application time: 1.0000804 seconds
[2019-12-09T07:30:27.961+0000][1][safepoint    ] Entering safepoint region: Cleanup
[2019-12-09T07:30:27.961+0000][1][safepoint    ] Leaving safepoint region
[2019-12-09T07:30:27.961+0000][1][safepoint    ] Total time for which application threads were stopped: 0.0001114 seconds, Stopping threads took: 0.0000211 seconds
[2019-12-09T07:30:28.961+0000][1][safepoint    ] Application time: 1.0000802 seconds
[2019-12-09T07:30:28.961+0000][1][safepoint    ] Entering safepoint region: Cleanup
[2019-12-09T07:30:28.961+0000][1][safepoint    ] Leaving safepoint region
[2019-12-09T07:30:28.961+0000][1][safepoint    ] Total time for which application threads were stopped: 0.0000967 seconds, Stopping threads took: 0.0000192 seconds
[2019-12-09T07:30:29.963+0000][1][safepoint    ] Application time: 1.0016633 seconds
[2019-12-09T07:30:29.963+0000][1][safepoint    ] Entering safepoint region: Cleanup
[2019-12-09T07:30:29.963+0000][1][safepoint    ] Leaving safepoint region
[2019-12-09T07:30:29.963+0000][1][safepoint    ] Total time for which application threads were stopped: 0.0001259 seconds, Stopping threads took: 0.0000406 seconds
[2019-12-09T07:30:30.963+0000][1][safepoint    ] Application time: 1.0000845 seconds
[2019-12-09T07:30:30.963+0000][1][safepoint    ] Entering safepoint region: Cleanup
[2019-12-09T07:30:30.963+0000][1][safepoint    ] Leaving safepoint region
[2019-12-09T07:30:30.963+0000][1][safepoint    ] Total time for which application threads were stopped: 0.0000872 seconds, Stopping threads took: 0.0000183 seconds
[2019-12-09T07:30:31.963+0000][1][safepoint    ] Application time: 1.0000769 seconds
[2019-12-09T07:30:31.963+0000][1][safepoint    ] Entering safepoint region: Cleanup
[2019-12-09T07:30:31.963+0000][1][safepoint    ] Leaving safepoint region
[2019-12-09T07:30:31.963+0000][1][safepoint    ] Total time for which application threads were stopped: 0.0000836 seconds, Stopping threads took: 0.0000188 seconds
[2019-12-09T07:30:32.963+0000][1][safepoint    ] Application time: 1.0000774 seconds
[2019-12-09T07:30:32.963+0000][1][safepoint    ] Entering safepoint region: Cleanup
[2019-12-09T07:30:32.963+0000][1][safepoint    ] Leaving safepoint region
[2019-12-09T07:30:32.963+0000][1][safepoint    ] Total time for which application threads were stopped: 0.0000846 seconds, Stopping threads took: 0.0000200 seconds
[2019-12-09T07:30:33.963+0000][1][safepoint    ] Application time: 1.0000764 seconds
[2019-12-09T07:30:33.964+0000][1][safepoint    ] Entering safepoint region: Cleanup
[2019-12-09T07:30:33.964+0000][1][safepoint    ] Leaving safepoint region
[2019-12-09T07:30:33.964+0000][1][safepoint    ] Total time for which application threads were stopped: 0.0000851 seconds, Stopping threads took: 0.0000174 seconds
[2019-12-09T07:30:34.964+0000][1][safepoint    ] Application time: 1.0000793 seconds
[2019-12-09T07:30:34.964+0000][1][safepoint    ] Entering safepoint region: Cleanup
[2019-12-09T07:30:34.964+0000][1][safepoint    ] Leaving safepoint region
[2019-12-09T07:30:34.964+0000][1][safepoint    ] Total time for which application threads were stopped: 0.0000821 seconds, Stopping threads took: 0.0000180 seconds
[2019-12-09T07:30:35.964+0000][1][safepoint    ] Application time: 1.0000778 seconds
[2019-12-09T07:30:35.964+0000][1][safepoint    ] Entering safepoint region: Cleanup
[2019-12-09T07:30:35.964+0000][1][safepoint    ] Leaving safepoint region
[2019-12-09T07:30:35.964+0000][1][safepoint    ] Total time for which application threads were stopped: 0.0000832 seconds, Stopping threads took: 0.0000182 seconds
[2019-12-09T07:30:36.964+0000][1][safepoint    ] Application time: 1.0000770 seconds
[2019-12-09T07:30:36.964+0000][1][safepoint    ] Entering safepoint region: Cleanup
[2019-12-09T07:30:36.964+0000][1][safepoint    ] Leaving safepoint region
[2019-12-09T07:30:36.964+0000][1][safepoint    ] Total time for which application threads were stopped: 0.0000959 seconds, Stopping threads took: 0.0000288 seconds
[2019-12-09T07:30:37.964+0000][1][safepoint    ] Application time: 1.0000773 seconds
[2019-12-09T07:30:37.964+0000][1][safepoint    ] Entering safepoint region: Cleanup
[2019-12-09T07:30:37.964+0000][1][safepoint    ] Leaving safepoint region
[2019-12-09T07:30:37.964+0000][1][safepoint    ] Total time for which application threads were stopped: 0.0000892 seconds, Stopping threads took: 0.0000185 seconds
[2019-12-09T07:30:38.965+0000][1][safepoint    ] Application time: 1.0000752 seconds
[2019-12-09T07:30:38.965+0000][1][safepoint    ] Entering safepoint region: Cleanup
[2019-12-09T07:30:38.965+0000][1][safepoint    ] Leaving safepoint region
[2019-12-09T07:30:38.965+0000][1][safepoint    ] Total time for which application threads were stopped: 0.0000891 seconds, Stopping threads took: 0.0000195 seconds
[2019-12-09T07:30:39.965+0000][1][safepoint    ] Application time: 1.0000444 seconds
[2019-12-09T07:30:39.965+0000][1][safepoint    ] Entering safepoint region: Cleanup
[2019-12-09T07:30:39.965+0000][1][safepoint    ] Leaving safepoint region
[2019-12-09T07:30:39.965+0000][1][safepoint    ] Total time for which application threads were stopped: 0.0000853 seconds, Stopping threads took: 0.0000176 seconds
[2019-12-09T07:30:40.965+0000][1][safepoint    ] Application time: 1.0000746 seconds
[2019-12-09T07:30:40.965+0000][1][safepoint    ] Entering safepoint region: Cleanup
[2019-12-09T07:30:40.965+0000][1][safepoint    ] Leaving safepoint region
[2019-12-09T07:30:40.965+0000][1][safepoint    ] Total time for which application threads were stopped: 0.0000836 seconds, Stopping threads took: 0.0000186 seconds
[2019-12-09T07:30:41.965+0000][1][safepoint    ] Application time: 1.0000803 seconds
[2019-12-09T07:30:41.965+0000][1][safepoint    ] Entering safepoint region: Cleanup
[2019-12-09T07:30:41.965+0000][1][safepoint    ] Leaving safepoint region
[2019-12-09T07:30:41.965+0000][1][safepoint    ] Total time for which application threads were stopped: 0.0000957 seconds, Stopping threads took: 0.0000235 seconds
[2019-12-09T07:30:42.965+0000][1][safepoint    ] Application time: 1.0000808 seconds
[2019-12-09T07:30:42.965+0000][1][safepoint    ] Entering safepoint region: Cleanup
[2019-12-09T07:30:42.965+0000][1][safepoint    ] Leaving safepoint region
[2019-12-09T07:30:42.965+0000][1][safepoint    ] Total time for which application threads were stopped: 0.0000887 seconds, Stopping threads took: 0.0000199 seconds
[2019-12-09T07:30:43.966+0000][1][safepoint    ] Application time: 1.0000815 seconds
[2019-12-09T07:30:43.966+0000][1][safepoint    ] Entering safepoint region: Cleanup
[2019-12-09T07:30:43.966+0000][1][safepoint    ] Leaving safepoint region
[2019-12-09T07:30:43.966+0000][1][safepoint    ] Total time for which application threads were stopped: 0.0001372 seconds, Stopping threads took: 0.0000255 seconds
[2019-12-09T07:30:44.966+0000][1][safepoint    ] Application time: 1.0000760 seconds
[2019-12-09T07:30:44.966+0000][1][safepoint    ] Entering safepoint region: Cleanup
[2019-12-09T07:30:44.966+0000][1][safepoint    ] Leaving safepoint region
[2019-12-09T07:30:44.966+0000][1][safepoint    ] Total time for which application threads were stopped: 0.0001042 seconds, Stopping threads took: 0.0000225 seconds
[2019-12-09T07:30:45.966+0000][1][safepoint    ] Application time: 1.0000822 seconds
[2019-12-09T07:30:45.966+0000][1][safepoint    ] Entering safepoint region: Cleanup
[2019-12-09T07:30:45.966+0000][1][safepoint    ] Leaving safepoint region
[2019-12-09T07:30:45.966+0000][1][safepoint    ] Total time for which application threads were stopped: 0.0000880 seconds, Stopping threads took: 0.0000208 seconds
[2019-12-09T07:30:46.966+0000][1][safepoint    ] Application time: 1.0000757 seconds
[2019-12-09T07:30:46.966+0000][1][safepoint    ] Entering safepoint region: Cleanup
[2019-12-09T07:30:46.966+0000][1][safepoint    ] Leaving safepoint region
[2019-12-09T07:30:46.966+0000][1][safepoint    ] Total time for which application threads were stopped: 0.0000849 seconds, Stopping threads took: 0.0000175 seconds
[2019-12-09T07:30:47.966+0000][1][safepoint    ] Application time: 1.0000737 seconds
[2019-12-09T07:30:47.967+0000][1][safepoint    ] Entering safepoint region: Cleanup
[2019-12-09T07:30:47.967+0000][1][safepoint    ] Leaving safepoint region
[2019-12-09T07:30:47.967+0000][1][safepoint    ] Total time for which application threads were stopped: 0.0000862 seconds, Stopping threads took: 0.0000199 seconds
[2019-12-09T07:30:48.967+0000][1][safepoint    ] Application time: 1.0000828 seconds
[2019-12-09T07:30:48.967+0000][1][safepoint    ] Entering safepoint region: Cleanup
[2019-12-09T07:30:48.967+0000][1][safepoint    ] Leaving safepoint region
[2019-12-09T07:30:48.967+0000][1][safepoint    ] Total time for which application threads were stopped: 0.0000883 seconds, Stopping threads took: 0.0000195 seconds
[2019-12-09T07:30:49.967+0000][1][safepoint    ] Application time: 1.0000754 seconds
[2019-12-09T07:30:49.967+0000][1][safepoint    ] Entering safepoint region: Cleanup
[2019-12-09T07:30:49.967+0000][1][safepoint    ] Leaving safepoint region
[2019-12-09T07:30:49.967+0000][1][safepoint    ] Total time for which application threads were stopped: 0.0000895 seconds, Stopping threads took: 0.0000176 seconds
[2019-12-09T07:30:50.967+0000][1][safepoint    ] Application time: 1.0000771 seconds
[2019-12-09T07:30:50.967+0000][1][safepoint    ] Entering safepoint region: Cleanup
[2019-12-09T07:30:50.967+0000][1][safepoint    ] Leaving safepoint region
[2019-12-09T07:30:50.967+0000][1][safepoint    ] Total time for which application threads were stopped: 0.0000857 seconds, Stopping threads took: 0.0000180 seconds
[2019-12-09T07:30:51.967+0000][1][safepoint    ] Application time: 1.0000753 seconds
[2019-12-09T07:30:51.967+0000][1][safepoint    ] Entering safepoint region: Cleanup
[2019-12-09T07:30:51.967+0000][1][safepoint    ] Leaving safepoint region
[2019-12-09T07:30:51.967+0000][1][safepoint    ] Total time for which application threads were stopped: 0.0000882 seconds, Stopping threads took: 0.0000192 seconds
[2019-12-09T07:30:55.968+0000][1][safepoint    ] Application time: 4.0002734 seconds
[2019-12-09T07:30:55.968+0000][1][safepoint    ] Entering safepoint region: Cleanup
[2019-12-09T07:30:55.968+0000][1][safepoint    ] Leaving safepoint region
[2019-12-09T07:30:55.968+0000][1][safepoint    ] Total time for which application threads were stopped: 0.0000961 seconds, Stopping threads took: 0.0000200 seconds
[2019-12-09T07:30:58.968+0000][1][safepoint    ] Application time: 3.0002089 seconds
[2019-12-09T07:30:58.968+0000][1][safepoint    ] Entering safepoint region: Cleanup
[2019-12-09T07:30:58.968+0000][1][safepoint    ] Leaving safepoint region
[2019-12-09T07:30:58.968+0000][1][safepoint    ] Total time for which application threads were stopped: 0.0000939 seconds, Stopping threads took: 0.0000200 seconds
[2019-12-09T07:31:00.058+0000][1][safepoint    ] Application time: 1.0897703 seconds
[2019-12-09T07:31:00.058+0000][1][safepoint    ] Entering safepoint region: GenCollectForAllocation
[2019-12-09T07:31:00.058+0000][1][gc,start     ] GC(66) Pause Young (Allocation Failure)
[2019-12-09T07:31:00.058+0000][1][gc,task      ] GC(66) Using 2 workers of 2 for evacuation
[2019-12-09T07:31:00.061+0000][1][gc,age       ] GC(66) Desired survivor size 4456448 bytes, new threshold 6 (max threshold 6)
[2019-12-09T07:31:00.061+0000][1][gc,age       ] GC(66) Age table with threshold 6 (max threshold 6)
[2019-12-09T07:31:00.061+0000][1][gc,age       ] GC(66) - age   1:     760240 bytes,     760240 total
[2019-12-09T07:31:00.061+0000][1][gc,age       ] GC(66) - age   4:        128 bytes,     760368 total
[2019-12-09T07:31:00.061+0000][1][gc,age       ] GC(66) - age   5:        240 bytes,     760608 total
[2019-12-09T07:31:00.061+0000][1][gc,age       ] GC(66) - age   6:       1864 bytes,     762472 total
[2019-12-09T07:31:00.061+0000][1][gc,heap      ] GC(66) ParNew: 70796K->760K(78656K)
[2019-12-09T07:31:00.061+0000][1][gc,heap      ] GC(66) CMS: 70944K->70944K(174784K)
[2019-12-09T07:31:00.061+0000][1][gc,metaspace ] GC(66) Metaspace: 76221K->76221K(1118208K)
[2019-12-09T07:31:00.061+0000][1][gc           ] GC(66) Pause Young (Allocation Failure) 138M->70M(247M) 2.594ms
[2019-12-09T07:31:00.061+0000][1][gc,cpu       ] GC(66) User=0.00s Sys=0.00s Real=0.00s
[2019-12-09T07:31:00.061+0000][1][safepoint    ] Leaving safepoint region
[2019-12-09T07:31:00.061+0000][1][safepoint    ] Total time for which application threads were stopped: 0.0027839 seconds, Stopping threads took: 0.0000250 seconds
[2019-12-09T07:31:38.063+0000][1][safepoint    ] Application time: 38.0025980 seconds
[2019-12-09T07:31:38.063+0000][1][safepoint    ] Entering safepoint region: Cleanup
[2019-12-09T07:31:38.064+0000][1][safepoint    ] Leaving safepoint region
[2019-12-09T07:31:38.064+0000][1][safepoint    ] Total time for which application threads were stopped: 0.0001036 seconds, Stopping threads took: 0.0000281 seconds
[2019-12-09T07:31:42.695+0000][1][safepoint    ] Application time: 4.6315496 seconds
[2019-12-09T07:31:42.695+0000][1][safepoint    ] Entering safepoint region: GenCollectForAllocation
[2019-12-09T07:31:42.695+0000][1][gc,start     ] GC(67) Pause Young (Allocation Failure)
[2019-12-09T07:31:42.695+0000][1][gc,task      ] GC(67) Using 2 workers of 2 for evacuation
[2019-12-09T07:31:42.698+0000][1][gc,age       ] GC(67) Desired survivor size 4456448 bytes, new threshold 6 (max threshold 6)
[2019-12-09T07:31:42.698+0000][1][gc,age       ] GC(67) Age table with threshold 6 (max threshold 6)
[2019-12-09T07:31:42.698+0000][1][gc,age       ] GC(67) - age   1:     805064 bytes,     805064 total
[2019-12-09T07:31:42.698+0000][1][gc,age       ] GC(67) - age   2:        392 bytes,     805456 total
[2019-12-09T07:31:42.698+0000][1][gc,age       ] GC(67) - age   5:        128 bytes,     805584 total
[2019-12-09T07:31:42.698+0000][1][gc,age       ] GC(67) - age   6:        240 bytes,     805824 total
[2019-12-09T07:31:42.698+0000][1][gc,heap      ] GC(67) ParNew: 70705K->940K(78656K)
[2019-12-09T07:31:42.698+0000][1][gc,heap      ] GC(67) CMS: 70944K->70946K(174784K)
[2019-12-09T07:31:42.698+0000][1][gc,metaspace ] GC(67) Metaspace: 76222K->76222K(1118208K)
[2019-12-09T07:31:42.698+0000][1][gc           ] GC(67) Pause Young (Allocation Failure) 138M->70M(247M) 2.903ms
[2019-12-09T07:31:42.698+0000][1][gc,cpu       ] GC(67) User=0.00s Sys=0.00s Real=0.00s
[2019-12-09T07:31:42.698+0000][1][safepoint    ] Leaving safepoint region
[2019-12-09T07:31:42.698+0000][1][safepoint    ] Total time for which application threads were stopped: 0.0030947 seconds, Stopping threads took: 0.0000249 seconds
[2019-12-09T07:32:03.700+0000][1][safepoint    ] Application time: 21.0014390 seconds
[2019-12-09T07:32:03.700+0000][1][safepoint    ] Entering safepoint region: Cleanup
[2019-12-09T07:32:03.700+0000][1][safepoint    ] Leaving safepoint region
[2019-12-09T07:32:03.700+0000][1][safepoint    ] Total time for which application threads were stopped: 0.0000844 seconds, Stopping threads took: 0.0000200 seconds
[2019-12-09T07:32:20.701+0000][1][safepoint    ] Application time: 17.0013482 seconds
[2019-12-09T07:32:20.701+0000][1][safepoint    ] Entering safepoint region: Cleanup
[2019-12-09T07:32:20.701+0000][1][safepoint    ] Leaving safepoint region
[2019-12-09T07:32:20.701+0000][1][safepoint    ] Total time for which application threads were stopped: 0.0000918 seconds, Stopping threads took: 0.0000209 seconds
[2019-12-09T07:32:22.702+0000][1][safepoint    ] Application time: 2.0002514 seconds
[2019-12-09T07:32:22.702+0000][1][safepoint    ] Entering safepoint region: Cleanup
[2019-12-09T07:32:22.702+0000][1][safepoint    ] Leaving safepoint region
[2019-12-09T07:32:22.702+0000][1][safepoint    ] Total time for which application threads were stopped: 0.0000838 seconds, Stopping threads took: 0.0000196 seconds
[2019-12-09T07:32:24.772+0000][1][safepoint    ] Application time: 2.0702649 seconds
[2019-12-09T07:32:24.772+0000][1][safepoint    ] Entering safepoint region: GenCollectForAllocation
[2019-12-09T07:32:24.772+0000][1][gc,start     ] GC(68) Pause Young (Allocation Failure)
[2019-12-09T07:32:24.772+0000][1][gc,task      ] GC(68) Using 2 workers of 2 for evacuation
[2019-12-09T07:32:24.774+0000][1][gc,age       ] GC(68) Desired survivor size 4456448 bytes, new threshold 6 (max threshold 6)
[2019-12-09T07:32:24.774+0000][1][gc,age       ] GC(68) Age table with threshold 6 (max threshold 6)
[2019-12-09T07:32:24.774+0000][1][gc,age       ] GC(68) - age   1:     755216 bytes,     755216 total
[2019-12-09T07:32:24.774+0000][1][gc,age       ] GC(68) - age   2:         96 bytes,     755312 total
[2019-12-09T07:32:24.774+0000][1][gc,age       ] GC(68) - age   3:        200 bytes,     755512 total
[2019-12-09T07:32:24.774+0000][1][gc,age       ] GC(68) - age   6:        128 bytes,     755640 total
[2019-12-09T07:32:24.774+0000][1][gc,heap      ] GC(68) ParNew: 70872K->761K(78656K)
[2019-12-09T07:32:24.774+0000][1][gc,heap      ] GC(68) CMS: 70946K->70946K(174784K)
[2019-12-09T07:32:24.774+0000][1][gc,metaspace ] GC(68) Metaspace: 76230K->76230K(1118208K)
[2019-12-09T07:32:24.774+0000][1][gc           ] GC(68) Pause Young (Allocation Failure) 138M->70M(247M) 1.977ms
[2019-12-09T07:32:24.774+0000][1][gc,cpu       ] GC(68) User=0.00s Sys=0.00s Real=0.00s
[2019-12-09T07:32:24.774+0000][1][safepoint    ] Leaving safepoint region
[2019-12-09T07:32:24.774+0000][1][safepoint    ] Total time for which application threads were stopped: 0.0021302 seconds, Stopping threads took: 0.0000205 seconds
[2019-12-09T07:32:25.774+0000][1][safepoint    ] Application time: 1.0000840 seconds
[2019-12-09T07:32:25.774+0000][1][safepoint    ] Entering safepoint region: Cleanup
[2019-12-09T07:32:25.774+0000][1][safepoint    ] Leaving safepoint region
[2019-12-09T07:32:25.774+0000][1][safepoint    ] Total time for which application threads were stopped: 0.0000864 seconds, Stopping threads took: 0.0000183 seconds
[2019-12-09T07:32:51.776+0000][1][safepoint    ] Application time: 26.0017648 seconds
[2019-12-09T07:32:51.776+0000][1][safepoint    ] Entering safepoint region: Cleanup
[2019-12-09T07:32:51.776+0000][1][safepoint    ] Leaving safepoint region
[2019-12-09T07:32:51.776+0000][1][safepoint    ] Total time for which application threads were stopped: 0.0000975 seconds, Stopping threads took: 0.0000265 seconds
[2019-12-09T07:32:52.776+0000][1][safepoint    ] Application time: 1.0000744 seconds
[2019-12-09T07:32:52.776+0000][1][safepoint    ] Entering safepoint region: Cleanup
[2019-12-09T07:32:52.776+0000][1][safepoint    ] Leaving safepoint region
[2019-12-09T07:32:52.776+0000][1][safepoint    ] Total time for which application threads were stopped: 0.0000885 seconds, Stopping threads took: 0.0000193 seconds
[2019-12-09T07:33:04.779+0000][1][safepoint    ] Application time: 12.0024469 seconds
[2019-12-09T07:33:04.779+0000][1][safepoint    ] Entering safepoint region: Cleanup
[2019-12-09T07:33:04.779+0000][1][safepoint    ] Leaving safepoint region
[2019-12-09T07:33:04.779+0000][1][safepoint    ] Total time for which application threads were stopped: 0.0000879 seconds, Stopping threads took: 0.0000195 seconds
[2019-12-09T07:33:07.344+0000][1][safepoint    ] Application time: 2.5649308 seconds
[2019-12-09T07:33:07.344+0000][1][safepoint    ] Entering safepoint region: GenCollectForAllocation
[2019-12-09T07:33:07.344+0000][1][gc,start     ] GC(69) Pause Young (Allocation Failure)
[2019-12-09T07:33:07.344+0000][1][gc,task      ] GC(69) Using 2 workers of 2 for evacuation
[2019-12-09T07:33:07.346+0000][1][gc,age       ] GC(69) Desired survivor size 4456448 bytes, new threshold 6 (max threshold 6)
[2019-12-09T07:33:07.346+0000][1][gc,age       ] GC(69) Age table with threshold 6 (max threshold 6)
[2019-12-09T07:33:07.346+0000][1][gc,age       ] GC(69) - age   1:     754664 bytes,     754664 total
[2019-12-09T07:33:07.346+0000][1][gc,age       ] GC(69) - age   2:        552 bytes,     755216 total
[2019-12-09T07:33:07.346+0000][1][gc,age       ] GC(69) - age   4:        200 bytes,     755416 total
[2019-12-09T07:33:07.346+0000][1][gc,heap      ] GC(69) ParNew: 70686K->743K(78656K)
[2019-12-09T07:33:07.346+0000][1][gc,heap      ] GC(69) CMS: 70946K->70947K(174784K)
[2019-12-09T07:33:07.346+0000][1][gc,metaspace ] GC(69) Metaspace: 76232K->76232K(1118208K)
[2019-12-09T07:33:07.346+0000][1][gc           ] GC(69) Pause Young (Allocation Failure) 138M->70M(247M) 1.964ms
[2019-12-09T07:33:07.346+0000][1][gc,cpu       ] GC(69) User=0.00s Sys=0.00s Real=0.01s
[2019-12-09T07:33:07.346+0000][1][safepoint    ] Leaving safepoint region
[2019-12-09T07:33:07.346+0000][1][safepoint    ] Total time for which application threads were stopped: 0.0021338 seconds, Stopping threads took: 0.0000268 seconds
[2019-12-09T07:33:20.347+0000][1][safepoint    ] Application time: 13.0009094 seconds
[2019-12-09T07:33:20.347+0000][1][safepoint    ] Entering safepoint region: Cleanup
[2019-12-09T07:33:20.347+0000][1][safepoint    ] Leaving safepoint region
[2019-12-09T07:33:20.347+0000][1][safepoint    ] Total time for which application threads were stopped: 0.0000885 seconds, Stopping threads took: 0.0000197 seconds
[2019-12-09T07:33:26.348+0000][1][safepoint    ] Application time: 6.0003785 seconds
[2019-12-09T07:33:26.348+0000][1][safepoint    ] Entering safepoint region: Cleanup
[2019-12-09T07:33:26.348+0000][1][safepoint    ] Leaving safepoint region
[2019-12-09T07:33:26.348+0000][1][safepoint    ] Total time for which application threads were stopped: 0.0000904 seconds, Stopping threads took: 0.0000206 seconds
[2019-12-09T07:33:35.348+0000][1][safepoint    ] Application time: 9.0005866 seconds
[2019-12-09T07:33:35.348+0000][1][safepoint    ] Entering safepoint region: Cleanup
[2019-12-09T07:33:35.348+0000][1][safepoint    ] Leaving safepoint region
[2019-12-09T07:33:35.348+0000][1][safepoint    ] Total time for which application threads were stopped: 0.0000943 seconds, Stopping threads took: 0.0000206 seconds
[2019-12-09T07:33:44.349+0000][1][safepoint    ] Application time: 9.0006070 seconds
[2019-12-09T07:33:44.349+0000][1][safepoint    ] Entering safepoint region: Cleanup
[2019-12-09T07:33:44.349+0000][1][safepoint    ] Leaving safepoint region
[2019-12-09T07:33:44.349+0000][1][safepoint    ] Total time for which application threads were stopped: 0.0000960 seconds, Stopping threads took: 0.0000203 seconds
[2019-12-09T07:33:50.459+0000][1][safepoint    ] Application time: 6.1098776 seconds
[2019-12-09T07:33:50.459+0000][1][safepoint    ] Entering safepoint region: GenCollectForAllocation
[2019-12-09T07:33:50.459+0000][1][gc,start     ] GC(70) Pause Young (Allocation Failure)
[2019-12-09T07:33:50.459+0000][1][gc,task      ] GC(70) Using 2 workers of 2 for evacuation
[2019-12-09T07:33:50.461+0000][1][gc,age       ] GC(70) Desired survivor size 4456448 bytes, new threshold 6 (max threshold 6)
[2019-12-09T07:33:50.461+0000][1][gc,age       ] GC(70) Age table with threshold 6 (max threshold 6)
[2019-12-09T07:33:50.461+0000][1][gc,age       ] GC(70) - age   1:     825024 bytes,     825024 total
[2019-12-09T07:33:50.461+0000][1][gc,age       ] GC(70) - age   3:        552 bytes,     825576 total
[2019-12-09T07:33:50.461+0000][1][gc,age       ] GC(70) - age   5:        200 bytes,     825776 total
[2019-12-09T07:33:50.461+0000][1][gc,heap      ] GC(70) ParNew: 70668K->1094K(78656K)
[2019-12-09T07:33:50.461+0000][1][gc,heap      ] GC(70) CMS: 70947K->70947K(174784K)
[2019-12-09T07:33:50.461+0000][1][gc,metaspace ] GC(70) Metaspace: 76244K->76244K(1118208K)
[2019-12-09T07:33:50.461+0000][1][gc           ] GC(70) Pause Young (Allocation Failure) 138M->70M(247M) 1.913ms
[2019-12-09T07:33:50.461+0000][1][gc,cpu       ] GC(70) User=0.01s Sys=0.00s Real=0.00s
[2019-12-09T07:33:50.461+0000][1][safepoint    ] Leaving safepoint region
[2019-12-09T07:33:50.461+0000][1][safepoint    ] Total time for which application threads were stopped: 0.0021197 seconds, Stopping threads took: 0.0000805 seconds
[2019-12-09T07:34:10.463+0000][1][safepoint    ] Application time: 20.0013589 seconds
[2019-12-09T07:34:10.463+0000][1][safepoint    ] Entering safepoint region: Cleanup
[2019-12-09T07:34:10.463+0000][1][safepoint    ] Leaving safepoint region
[2019-12-09T07:34:10.463+0000][1][safepoint    ] Total time for which application threads were stopped: 0.0000922 seconds, Stopping threads took: 0.0000219 seconds
[2019-12-09T07:34:20.464+0000][1][safepoint    ] Application time: 10.0013090 seconds
[2019-12-09T07:34:20.464+0000][1][safepoint    ] Entering safepoint region: Cleanup
[2019-12-09T07:34:20.464+0000][1][safepoint    ] Leaving safepoint region
[2019-12-09T07:34:20.464+0000][1][safepoint    ] Total time for which application threads were stopped: 0.0001183 seconds, Stopping threads took: 0.0000252 seconds
[2019-12-09T07:34:31.556+0000][1][safepoint    ] Application time: 11.0920817 seconds
[2019-12-09T07:34:31.556+0000][1][safepoint    ] Entering safepoint region: GenCollectForAllocation
[2019-12-09T07:34:31.556+0000][1][gc,start     ] GC(71) Pause Young (Allocation Failure)
[2019-12-09T07:34:31.556+0000][1][gc,task      ] GC(71) Using 2 workers of 2 for evacuation
[2019-12-09T07:34:31.558+0000][1][gc,age       ] GC(71) Desired survivor size 4456448 bytes, new threshold 6 (max threshold 6)
[2019-12-09T07:34:31.558+0000][1][gc,age       ] GC(71) Age table with threshold 6 (max threshold 6)
[2019-12-09T07:34:31.558+0000][1][gc,age       ] GC(71) - age   1:     754232 bytes,     754232 total
[2019-12-09T07:34:31.558+0000][1][gc,age       ] GC(71) - age   2:        544 bytes,     754776 total
[2019-12-09T07:34:31.558+0000][1][gc,age       ] GC(71) - age   4:        552 bytes,     755328 total
[2019-12-09T07:34:31.558+0000][1][gc,age       ] GC(71) - age   6:        200 bytes,     755528 total
[2019-12-09T07:34:31.558+0000][1][gc,heap      ] GC(71) ParNew: 71046K->837K(78656K)
[2019-12-09T07:34:31.558+0000][1][gc,heap      ] GC(71) CMS: 70947K->70947K(174784K)
[2019-12-09T07:34:31.558+0000][1][gc,metaspace ] GC(71) Metaspace: 76264K->76264K(1118208K)
[2019-12-09T07:34:31.558+0000][1][gc           ] GC(71) Pause Young (Allocation Failure) 138M->70M(247M) 1.916ms
[2019-12-09T07:34:31.558+0000][1][gc,cpu       ] GC(71) User=0.00s Sys=0.00s Real=0.00s
[2019-12-09T07:34:31.558+0000][1][safepoint    ] Leaving safepoint region
[2019-12-09T07:34:31.558+0000][1][safepoint    ] Total time for which application threads were stopped: 0.0020639 seconds, Stopping threads took: 0.0000159 seconds
[2019-12-09T07:35:15.859+0000][1][safepoint    ] Application time: 44.3007719 seconds
[2019-12-09T07:35:15.859+0000][1][safepoint    ] Entering safepoint region: GenCollectForAllocation
[2019-12-09T07:35:15.859+0000][1][gc,start     ] GC(72) Pause Young (Allocation Failure)
[2019-12-09T07:35:15.859+0000][1][gc,task      ] GC(72) Using 2 workers of 2 for evacuation
[2019-12-09T07:35:15.861+0000][1][gc,age       ] GC(72) Desired survivor size 4456448 bytes, new threshold 6 (max threshold 6)
[2019-12-09T07:35:15.861+0000][1][gc,age       ] GC(72) Age table with threshold 6 (max threshold 6)
[2019-12-09T07:35:15.861+0000][1][gc,age       ] GC(72) - age   1:     754592 bytes,     754592 total
[2019-12-09T07:35:15.861+0000][1][gc,age       ] GC(72) - age   3:        256 bytes,     754848 total
[2019-12-09T07:35:15.861+0000][1][gc,age       ] GC(72) - age   5:        552 bytes,     755400 total
[2019-12-09T07:35:15.861+0000][1][gc,heap      ] GC(72) ParNew: 70777K->762K(78656K)
[2019-12-09T07:35:15.861+0000][1][gc,heap      ] GC(72) CMS: 70947K->70947K(174784K)
[2019-12-09T07:35:15.861+0000][1][gc,metaspace ] GC(72) Metaspace: 76264K->76264K(1118208K)
[2019-12-09T07:35:15.861+0000][1][gc           ] GC(72) Pause Young (Allocation Failure) 138M->70M(247M) 1.884ms
[2019-12-09T07:35:15.861+0000][1][gc,cpu       ] GC(72) User=0.01s Sys=0.00s Real=0.00s
[2019-12-09T07:35:15.861+0000][1][safepoint    ] Leaving safepoint region
[2019-12-09T07:35:15.861+0000][1][safepoint    ] Total time for which application threads were stopped: 0.0020422 seconds, Stopping threads took: 0.0000265 seconds
[2019-12-09T07:35:39.864+0000][1][safepoint    ] Application time: 24.0026605 seconds
[2019-12-09T07:35:39.864+0000][1][safepoint    ] Entering safepoint region: Cleanup
[2019-12-09T07:35:39.864+0000][1][safepoint    ] Leaving safepoint region
[2019-12-09T07:35:39.864+0000][1][safepoint    ] Total time for which application threads were stopped: 0.0000879 seconds, Stopping threads took: 0.0000191 seconds
[2019-12-09T07:35:56.585+0000][1][safepoint    ] Application time: 16.7206603 seconds
[2019-12-09T07:35:56.585+0000][1][safepoint    ] Entering safepoint region: GenCollectForAllocation
[2019-12-09T07:35:56.585+0000][1][gc,start     ] GC(73) Pause Young (Allocation Failure)
[2019-12-09T07:35:56.585+0000][1][gc,task      ] GC(73) Using 2 workers of 2 for evacuation
[2019-12-09T07:35:56.587+0000][1][gc,age       ] GC(73) Desired survivor size 4456448 bytes, new threshold 6 (max threshold 6)
[2019-12-09T07:35:56.587+0000][1][gc,age       ] GC(73) Age table with threshold 6 (max threshold 6)
[2019-12-09T07:35:56.587+0000][1][gc,age       ] GC(73) - age   1:     820752 bytes,     820752 total
[2019-12-09T07:35:56.587+0000][1][gc,age       ] GC(73) - age   4:        256 bytes,     821008 total
[2019-12-09T07:35:56.587+0000][1][gc,age       ] GC(73) - age   6:        552 bytes,     821560 total
[2019-12-09T07:35:56.587+0000][1][gc,heap      ] GC(73) ParNew: 70714K->1019K(78656K)
[2019-12-09T07:35:56.587+0000][1][gc,heap      ] GC(73) CMS: 70947K->70947K(174784K)
[2019-12-09T07:35:56.587+0000][1][gc,metaspace ] GC(73) Metaspace: 76268K->76268K(1118208K)
[2019-12-09T07:35:56.587+0000][1][gc           ] GC(73) Pause Young (Allocation Failure) 138M->70M(247M) 1.919ms
[2019-12-09T07:35:56.587+0000][1][gc,cpu       ] GC(73) User=0.01s Sys=0.00s Real=0.00s
[2019-12-09T07:35:56.587+0000][1][safepoint    ] Leaving safepoint region
[2019-12-09T07:35:56.587+0000][1][safepoint    ] Total time for which application threads were stopped: 0.0021020 seconds, Stopping threads took: 0.0000459 seconds
[2019-12-09T07:36:15.588+0000][1][safepoint    ] Application time: 19.0012843 seconds
[2019-12-09T07:36:15.588+0000][1][safepoint    ] Entering safepoint region: Cleanup
[2019-12-09T07:36:15.588+0000][1][safepoint    ] Leaving safepoint region
[2019-12-09T07:36:15.588+0000][1][safepoint    ] Total time for which application threads were stopped: 0.0000924 seconds, Stopping threads took: 0.0000211 seconds
[2019-12-09T07:36:17.588+0000][1][safepoint    ] Application time: 2.0001426 seconds
[2019-12-09T07:36:17.588+0000][1][safepoint    ] Entering safepoint region: Cleanup
[2019-12-09T07:36:17.588+0000][1][safepoint    ] Leaving safepoint region
[2019-12-09T07:36:17.588+0000][1][safepoint    ] Total time for which application threads were stopped: 0.0000994 seconds, Stopping threads took: 0.0000278 seconds
[2019-12-09T07:36:18.589+0000][1][safepoint    ] Application time: 1.0000747 seconds
[2019-12-09T07:36:18.589+0000][1][safepoint    ] Entering safepoint region: Cleanup
[2019-12-09T07:36:18.589+0000][1][safepoint    ] Leaving safepoint region
[2019-12-09T07:36:18.589+0000][1][safepoint    ] Total time for which application threads were stopped: 0.0000835 seconds, Stopping threads took: 0.0000172 seconds
[2019-12-09T07:36:41.128+0000][1][safepoint    ] Application time: 22.5388466 seconds
[2019-12-09T07:36:41.128+0000][1][safepoint    ] Entering safepoint region: GenCollectForAllocation
[2019-12-09T07:36:41.128+0000][1][gc,start     ] GC(74) Pause Young (Allocation Failure)
[2019-12-09T07:36:41.128+0000][1][gc,task      ] GC(74) Using 2 workers of 2 for evacuation
[2019-12-09T07:36:41.130+0000][1][gc,age       ] GC(74) Desired survivor size 4456448 bytes, new threshold 6 (max threshold 6)
[2019-12-09T07:36:41.131+0000][1][gc,age       ] GC(74) Age table with threshold 6 (max threshold 6)
[2019-12-09T07:36:41.131+0000][1][gc,age       ] GC(74) - age   1:     936184 bytes,     936184 total
[2019-12-09T07:36:41.131+0000][1][gc,age       ] GC(74) - age   2:        192 bytes,     936376 total
[2019-12-09T07:36:41.131+0000][1][gc,age       ] GC(74) - age   5:        256 bytes,     936632 total
[2019-12-09T07:36:41.131+0000][1][gc,heap      ] GC(74) ParNew: 70971K->949K(78656K)
[2019-12-09T07:36:41.131+0000][1][gc,heap      ] GC(74) CMS: 70947K->70947K(174784K)
[2019-12-09T07:36:41.131+0000][1][gc,metaspace ] GC(74) Metaspace: 76270K->76270K(1118208K)
[2019-12-09T07:36:41.131+0000][1][gc           ] GC(74) Pause Young (Allocation Failure) 138M->70M(247M) 2.882ms
[2019-12-09T07:36:41.131+0000][1][gc,cpu       ] GC(74) User=0.01s Sys=0.00s Real=0.00s
[2019-12-09T07:36:41.131+0000][1][safepoint    ] Leaving safepoint region
[2019-12-09T07:36:41.131+0000][1][safepoint    ] Total time for which application threads were stopped: 0.0031149 seconds, Stopping threads took: 0.0000233 seconds
[2019-12-09T07:36:52.131+0000][1][safepoint    ] Application time: 11.0007586 seconds
[2019-12-09T07:36:52.132+0000][1][safepoint    ] Entering safepoint region: Cleanup
[2019-12-09T07:36:52.132+0000][1][safepoint    ] Leaving safepoint region
[2019-12-09T07:36:52.132+0000][1][safepoint    ] Total time for which application threads were stopped: 0.0000892 seconds, Stopping threads took: 0.0000186 seconds
[2019-12-09T07:37:00.132+0000][1][safepoint    ] Application time: 8.0005499 seconds
[2019-12-09T07:37:00.132+0000][1][safepoint    ] Entering safepoint region: Cleanup
[2019-12-09T07:37:00.132+0000][1][safepoint    ] Leaving safepoint region
[2019-12-09T07:37:00.132+0000][1][safepoint    ] Total time for which application threads were stopped: 0.0001178 seconds, Stopping threads took: 0.0000261 seconds
[2019-12-09T07:37:06.133+0000][1][safepoint    ] Application time: 6.0004167 seconds
[2019-12-09T07:37:06.133+0000][1][safepoint    ] Entering safepoint region: Cleanup
[2019-12-09T07:37:06.133+0000][1][safepoint    ] Leaving safepoint region
[2019-12-09T07:37:06.133+0000][1][safepoint    ] Total time for which application threads were stopped: 0.0000848 seconds, Stopping threads took: 0.0000208 seconds
[2019-12-09T07:37:07.133+0000][1][safepoint    ] Application time: 1.0000764 seconds
[2019-12-09T07:37:07.133+0000][1][safepoint    ] Entering safepoint region: Cleanup
[2019-12-09T07:37:07.133+0000][1][safepoint    ] Leaving safepoint region
[2019-12-09T07:37:07.133+0000][1][safepoint    ] Total time for which application threads were stopped: 0.0000811 seconds, Stopping threads took: 0.0000191 seconds
[2019-12-09T07:37:08.133+0000][1][safepoint    ] Application time: 1.0000788 seconds
[2019-12-09T07:37:08.133+0000][1][safepoint    ] Entering safepoint region: Cleanup
[2019-12-09T07:37:08.133+0000][1][safepoint    ] Leaving safepoint region
[2019-12-09T07:37:08.133+0000][1][safepoint    ] Total time for which application threads were stopped: 0.0000824 seconds, Stopping threads took: 0.0000197 seconds
[2019-12-09T07:37:09.133+0000][1][safepoint    ] Application time: 1.0000762 seconds
[2019-12-09T07:37:09.133+0000][1][safepoint    ] Entering safepoint region: Cleanup
[2019-12-09T07:37:09.133+0000][1][safepoint    ] Leaving safepoint region
[2019-12-09T07:37:09.133+0000][1][safepoint    ] Total time for which application threads were stopped: 0.0000819 seconds, Stopping threads took: 0.0000191 seconds
[2019-12-09T07:37:10.134+0000][1][safepoint    ] Application time: 1.0000752 seconds
[2019-12-09T07:37:10.134+0000][1][safepoint    ] Entering safepoint region: Cleanup
[2019-12-09T07:37:10.134+0000][1][safepoint    ] Leaving safepoint region
[2019-12-09T07:37:10.134+0000][1][safepoint    ] Total time for which application threads were stopped: 0.0000819 seconds, Stopping threads took: 0.0000186 seconds
[2019-12-09T07:37:11.134+0000][1][safepoint    ] Application time: 1.0000774 seconds
[2019-12-09T07:37:11.134+0000][1][safepoint    ] Entering safepoint region: Cleanup
[2019-12-09T07:37:11.134+0000][1][safepoint    ] Leaving safepoint region
[2019-12-09T07:37:11.134+0000][1][safepoint    ] Total time for which application threads were stopped: 0.0000849 seconds, Stopping threads took: 0.0000215 seconds
[2019-12-09T07:37:12.134+0000][1][safepoint    ] Application time: 1.0000779 seconds
[2019-12-09T07:37:12.134+0000][1][safepoint    ] Entering safepoint region: Cleanup
[2019-12-09T07:37:12.134+0000][1][safepoint    ] Leaving safepoint region
[2019-12-09T07:37:12.134+0000][1][safepoint    ] Total time for which application threads were stopped: 0.0000859 seconds, Stopping threads took: 0.0000205 seconds
[2019-12-09T07:37:13.134+0000][1][safepoint    ] Application time: 1.0000755 seconds
[2019-12-09T07:37:13.134+0000][1][safepoint    ] Entering safepoint region: Cleanup
[2019-12-09T07:37:13.134+0000][1][safepoint    ] Leaving safepoint region
[2019-12-09T07:37:13.134+0000][1][safepoint    ] Total time for which application threads were stopped: 0.0000860 seconds, Stopping threads took: 0.0000206 seconds
[2019-12-09T07:37:14.134+0000][1][safepoint    ] Application time: 1.0000777 seconds
[2019-12-09T07:37:14.134+0000][1][safepoint    ] Entering safepoint region: Cleanup
[2019-12-09T07:37:14.134+0000][1][safepoint    ] Leaving safepoint region
[2019-12-09T07:37:14.134+0000][1][safepoint    ] Total time for which application threads were stopped: 0.0001076 seconds, Stopping threads took: 0.0000242 seconds
[2019-12-09T07:37:15.135+0000][1][safepoint    ] Application time: 1.0000763 seconds
[2019-12-09T07:37:15.135+0000][1][safepoint    ] Entering safepoint region: Cleanup
[2019-12-09T07:37:15.135+0000][1][safepoint    ] Leaving safepoint region
[2019-12-09T07:37:15.135+0000][1][safepoint    ] Total time for which application threads were stopped: 0.0000851 seconds, Stopping threads took: 0.0000199 seconds
[2019-12-09T07:37:16.135+0000][1][safepoint    ] Application time: 1.0000749 seconds
[2019-12-09T07:37:16.135+0000][1][safepoint    ] Entering safepoint region: Cleanup
[2019-12-09T07:37:16.135+0000][1][safepoint    ] Leaving safepoint region
[2019-12-09T07:37:16.135+0000][1][safepoint    ] Total time for which application threads were stopped: 0.0000830 seconds, Stopping threads took: 0.0000200 seconds
[2019-12-09T07:37:17.135+0000][1][safepoint    ] Application time: 1.0000783 seconds
[2019-12-09T07:37:17.135+0000][1][safepoint    ] Entering safepoint region: Cleanup
[2019-12-09T07:37:17.135+0000][1][safepoint    ] Leaving safepoint region
[2019-12-09T07:37:17.135+0000][1][safepoint    ] Total time for which application threads were stopped: 0.0000809 seconds, Stopping threads took: 0.0000183 seconds
[2019-12-09T07:37:18.135+0000][1][safepoint    ] Application time: 1.0000772 seconds
[2019-12-09T07:37:18.135+0000][1][safepoint    ] Entering safepoint region: Cleanup
[2019-12-09T07:37:18.135+0000][1][safepoint    ] Leaving safepoint region
[2019-12-09T07:37:18.135+0000][1][safepoint    ] Total time for which application threads were stopped: 0.0000911 seconds, Stopping threads took: 0.0000275 seconds
[2019-12-09T07:37:19.135+0000][1][safepoint    ] Application time: 1.0000764 seconds
[2019-12-09T07:37:19.135+0000][1][safepoint    ] Entering safepoint region: Cleanup
[2019-12-09T07:37:19.135+0000][1][safepoint    ] Leaving safepoint region
[2019-12-09T07:37:19.135+0000][1][safepoint    ] Total time for which application threads were stopped: 0.0000814 seconds, Stopping threads took: 0.0000192 seconds
[2019-12-09T07:37:20.136+0000][1][safepoint    ] Application time: 1.0000828 seconds
[2019-12-09T07:37:20.136+0000][1][safepoint    ] Entering safepoint region: Cleanup
[2019-12-09T07:37:20.136+0000][1][safepoint    ] Leaving safepoint region
[2019-12-09T07:37:20.136+0000][1][safepoint    ] Total time for which application threads were stopped: 0.0001231 seconds, Stopping threads took: 0.0000264 seconds
[2019-12-09T07:37:21.139+0000][1][safepoint    ] Application time: 1.0030377 seconds
[2019-12-09T07:37:21.139+0000][1][safepoint    ] Entering safepoint region: Cleanup
[2019-12-09T07:37:21.139+0000][1][safepoint    ] Leaving safepoint region
[2019-12-09T07:37:21.139+0000][1][safepoint    ] Total time for which application threads were stopped: 0.0001155 seconds, Stopping threads took: 0.0000271 seconds
[2019-12-09T07:37:21.753+0000][1][safepoint    ] Application time: 0.6142701 seconds
[2019-12-09T07:37:21.753+0000][1][safepoint    ] Entering safepoint region: GenCollectForAllocation
[2019-12-09T07:37:21.753+0000][1][gc,start     ] GC(75) Pause Young (Allocation Failure)
[2019-12-09T07:37:21.753+0000][1][gc,task      ] GC(75) Using 2 workers of 2 for evacuation
[2019-12-09T07:37:21.756+0000][1][gc,age       ] GC(75) Desired survivor size 4456448 bytes, new threshold 6 (max threshold 6)
[2019-12-09T07:37:21.756+0000][1][gc,age       ] GC(75) Age table with threshold 6 (max threshold 6)
[2019-12-09T07:37:21.756+0000][1][gc,age       ] GC(75) - age   1:     760856 bytes,     760856 total
[2019-12-09T07:37:21.756+0000][1][gc,age       ] GC(75) - age   2:        416 bytes,     761272 total
[2019-12-09T07:37:21.756+0000][1][gc,age       ] GC(75) - age   6:        256 bytes,     761528 total
[2019-12-09T07:37:21.756+0000][1][gc,heap      ] GC(75) ParNew: 70901K->954K(78656K)
[2019-12-09T07:37:21.756+0000][1][gc,heap      ] GC(75) CMS: 70947K->70947K(174784K)
[2019-12-09T07:37:21.756+0000][1][gc,metaspace ] GC(75) Metaspace: 76272K->76272K(1118208K)
[2019-12-09T07:37:21.756+0000][1][gc           ] GC(75) Pause Young (Allocation Failure) 138M->70M(247M) 2.678ms
[2019-12-09T07:37:21.756+0000][1][gc,cpu       ] GC(75) User=0.01s Sys=0.00s Real=0.01s
[2019-12-09T07:37:21.756+0000][1][safepoint    ] Leaving safepoint region
[2019-12-09T07:37:21.756+0000][1][safepoint    ] Total time for which application threads were stopped: 0.0028876 seconds, Stopping threads took: 0.0000247 seconds
[2019-12-09T07:37:22.756+0000][1][safepoint    ] Application time: 1.0000878 seconds
[2019-12-09T07:37:22.756+0000][1][safepoint    ] Entering safepoint region: Cleanup
[2019-12-09T07:37:22.756+0000][1][safepoint    ] Leaving safepoint region
[2019-12-09T07:37:22.756+0000][1][safepoint    ] Total time for which application threads were stopped: 0.0001122 seconds, Stopping threads took: 0.0000250 seconds
[2019-12-09T07:37:23.757+0000][1][safepoint    ] Application time: 1.0001374 seconds
[2019-12-09T07:37:23.757+0000][1][safepoint    ] Entering safepoint region: Cleanup
[2019-12-09T07:37:23.757+0000][1][safepoint    ] Leaving safepoint region
[2019-12-09T07:37:23.757+0000][1][safepoint    ] Total time for which application threads were stopped: 0.0001081 seconds, Stopping threads took: 0.0000238 seconds
[2019-12-09T07:37:24.757+0000][1][safepoint    ] Application time: 1.0000827 seconds
[2019-12-09T07:37:24.757+0000][1][safepoint    ] Entering safepoint region: Cleanup
[2019-12-09T07:37:24.757+0000][1][safepoint    ] Leaving safepoint region
[2019-12-09T07:37:24.757+0000][1][safepoint    ] Total time for which application threads were stopped: 0.0001130 seconds, Stopping threads took: 0.0000252 seconds
[2019-12-09T07:37:25.757+0000][1][safepoint    ] Application time: 1.0001065 seconds
[2019-12-09T07:37:25.757+0000][1][safepoint    ] Entering safepoint region: Cleanup
[2019-12-09T07:37:25.757+0000][1][safepoint    ] Leaving safepoint region
[2019-12-09T07:37:25.757+0000][1][safepoint    ] Total time for which application threads were stopped: 0.0001130 seconds, Stopping threads took: 0.0000250 seconds
[2019-12-09T07:37:26.757+0000][1][safepoint    ] Application time: 1.0000842 seconds
[2019-12-09T07:37:26.757+0000][1][safepoint    ] Entering safepoint region: Cleanup
[2019-12-09T07:37:26.757+0000][1][safepoint    ] Leaving safepoint region
[2019-12-09T07:37:26.757+0000][1][safepoint    ] Total time for which application threads were stopped: 0.0001300 seconds, Stopping threads took: 0.0000303 seconds
[2019-12-09T07:37:27.758+0000][1][safepoint    ] Application time: 1.0000772 seconds
[2019-12-09T07:37:27.758+0000][1][safepoint    ] Entering safepoint region: Cleanup
[2019-12-09T07:37:27.758+0000][1][safepoint    ] Leaving safepoint region
[2019-12-09T07:37:27.758+0000][1][safepoint    ] Total time for which application threads were stopped: 0.0001010 seconds, Stopping threads took: 0.0000359 seconds
[2019-12-09T07:37:28.758+0000][1][safepoint    ] Application time: 1.0000762 seconds
[2019-12-09T07:37:28.758+0000][1][safepoint    ] Entering safepoint region: Cleanup
[2019-12-09T07:37:28.758+0000][1][safepoint    ] Leaving safepoint region
[2019-12-09T07:37:28.758+0000][1][safepoint    ] Total time for which application threads were stopped: 0.0001134 seconds, Stopping threads took: 0.0000214 seconds
[2019-12-09T07:37:29.758+0000][1][safepoint    ] Application time: 1.0000770 seconds
[2019-12-09T07:37:29.758+0000][1][safepoint    ] Entering safepoint region: Cleanup
[2019-12-09T07:37:29.758+0000][1][safepoint    ] Leaving safepoint region
[2019-12-09T07:37:29.758+0000][1][safepoint    ] Total time for which application threads were stopped: 0.0001005 seconds, Stopping threads took: 0.0000198 seconds
[2019-12-09T07:37:30.758+0000][1][safepoint    ] Application time: 1.0000829 seconds
[2019-12-09T07:37:30.758+0000][1][safepoint    ] Entering safepoint region: Cleanup
[2019-12-09T07:37:30.758+0000][1][safepoint    ] Leaving safepoint region
[2019-12-09T07:37:30.758+0000][1][safepoint    ] Total time for which application threads were stopped: 0.0001329 seconds, Stopping threads took: 0.0000364 seconds
[2019-12-09T07:37:31.764+0000][1][safepoint    ] Application time: 1.0053448 seconds
[2019-12-09T07:37:31.764+0000][1][safepoint    ] Entering safepoint region: Cleanup
[2019-12-09T07:37:31.764+0000][1][safepoint    ] Leaving safepoint region
[2019-12-09T07:37:31.764+0000][1][safepoint    ] Total time for which application threads were stopped: 0.0001332 seconds, Stopping threads took: 0.0000349 seconds
[2019-12-09T07:37:32.764+0000][1][safepoint    ] Application time: 1.0002516 seconds
[2019-12-09T07:37:32.764+0000][1][safepoint    ] Entering safepoint region: Cleanup
[2019-12-09T07:37:32.764+0000][1][safepoint    ] Leaving safepoint region
[2019-12-09T07:37:32.764+0000][1][safepoint    ] Total time for which application threads were stopped: 0.0001401 seconds, Stopping threads took: 0.0000341 seconds
[2019-12-09T07:37:33.764+0000][1][safepoint    ] Application time: 1.0000781 seconds
[2019-12-09T07:37:33.764+0000][1][safepoint    ] Entering safepoint region: Cleanup
[2019-12-09T07:37:33.765+0000][1][safepoint    ] Leaving safepoint region
[2019-12-09T07:37:33.765+0000][1][safepoint    ] Total time for which application threads were stopped: 0.0000984 seconds, Stopping threads took: 0.0000270 seconds
[2019-12-09T07:37:34.765+0000][1][safepoint    ] Application time: 1.0000748 seconds
[2019-12-09T07:37:34.765+0000][1][safepoint    ] Entering safepoint region: Cleanup
[2019-12-09T07:37:34.765+0000][1][safepoint    ] Leaving safepoint region
[2019-12-09T07:37:34.765+0000][1][safepoint    ] Total time for which application threads were stopped: 0.0000823 seconds, Stopping threads took: 0.0000195 seconds
[2019-12-09T07:37:35.765+0000][1][safepoint    ] Application time: 1.0000779 seconds
[2019-12-09T07:37:35.765+0000][1][safepoint    ] Entering safepoint region: Cleanup
[2019-12-09T07:37:35.765+0000][1][safepoint    ] Leaving safepoint region
[2019-12-09T07:37:35.765+0000][1][safepoint    ] Total time for which application threads were stopped: 0.0000866 seconds, Stopping threads took: 0.0000209 seconds
[2019-12-09T07:37:36.765+0000][1][safepoint    ] Application time: 1.0000757 seconds
[2019-12-09T07:37:36.765+0000][1][safepoint    ] Entering safepoint region: Cleanup
[2019-12-09T07:37:36.765+0000][1][safepoint    ] Leaving safepoint region
[2019-12-09T07:37:36.765+0000][1][safepoint    ] Total time for which application threads were stopped: 0.0000852 seconds, Stopping threads took: 0.0000203 seconds
[2019-12-09T07:37:37.765+0000][1][safepoint    ] Application time: 1.0000746 seconds
[2019-12-09T07:37:37.765+0000][1][safepoint    ] Entering safepoint region: Cleanup
[2019-12-09T07:37:37.765+0000][1][safepoint    ] Leaving safepoint region
[2019-12-09T07:37:37.765+0000][1][safepoint    ] Total time for which application threads were stopped: 0.0000897 seconds, Stopping threads took: 0.0000266 seconds
[2019-12-09T07:37:38.765+0000][1][safepoint    ] Application time: 1.0000745 seconds
[2019-12-09T07:37:38.766+0000][1][safepoint    ] Entering safepoint region: Cleanup
[2019-12-09T07:37:38.766+0000][1][safepoint    ] Leaving safepoint region
[2019-12-09T07:37:38.766+0000][1][safepoint    ] Total time for which application threads were stopped: 0.0000856 seconds, Stopping threads took: 0.0000214 seconds
[2019-12-09T07:37:39.766+0000][1][safepoint    ] Application time: 1.0000745 seconds
[2019-12-09T07:37:39.766+0000][1][safepoint    ] Entering safepoint region: Cleanup
[2019-12-09T07:37:39.766+0000][1][safepoint    ] Leaving safepoint region
[2019-12-09T07:37:39.766+0000][1][safepoint    ] Total time for which application threads were stopped: 0.0000835 seconds, Stopping threads took: 0.0000197 seconds
[2019-12-09T07:37:40.766+0000][1][safepoint    ] Application time: 1.0000753 seconds
[2019-12-09T07:37:40.766+0000][1][safepoint    ] Entering safepoint region: Cleanup
[2019-12-09T07:37:40.766+0000][1][safepoint    ] Leaving safepoint region
[2019-12-09T07:37:40.766+0000][1][safepoint    ] Total time for which application threads were stopped: 0.0000878 seconds, Stopping threads took: 0.0000212 seconds
[2019-12-09T07:37:41.766+0000][1][safepoint    ] Application time: 1.0000768 seconds
[2019-12-09T07:37:41.766+0000][1][safepoint    ] Entering safepoint region: Cleanup
[2019-12-09T07:37:41.766+0000][1][safepoint    ] Leaving safepoint region
[2019-12-09T07:37:41.766+0000][1][safepoint    ] Total time for which application threads were stopped: 0.0000895 seconds, Stopping threads took: 0.0000198 seconds
[2019-12-09T07:37:42.766+0000][1][safepoint    ] Application time: 1.0000755 seconds
[2019-12-09T07:37:42.766+0000][1][safepoint    ] Entering safepoint region: Cleanup
[2019-12-09T07:37:42.766+0000][1][safepoint    ] Leaving safepoint region
[2019-12-09T07:37:42.766+0000][1][safepoint    ] Total time for which application threads were stopped: 0.0000876 seconds, Stopping threads took: 0.0000210 seconds
[2019-12-09T07:37:43.767+0000][1][safepoint    ] Application time: 1.0000773 seconds
[2019-12-09T07:37:43.767+0000][1][safepoint    ] Entering safepoint region: Cleanup
[2019-12-09T07:37:43.767+0000][1][safepoint    ] Leaving safepoint region
[2019-12-09T07:37:43.767+0000][1][safepoint    ] Total time for which application threads were stopped: 0.0000842 seconds, Stopping threads took: 0.0000198 seconds
[2019-12-09T07:37:44.767+0000][1][safepoint    ] Application time: 1.0000754 seconds
[2019-12-09T07:37:44.767+0000][1][safepoint    ] Entering safepoint region: Cleanup
[2019-12-09T07:37:44.767+0000][1][safepoint    ] Leaving safepoint region
[2019-12-09T07:37:44.767+0000][1][safepoint    ] Total time for which application threads were stopped: 0.0000895 seconds, Stopping threads took: 0.0000195 seconds
[2019-12-09T07:37:45.767+0000][1][safepoint    ] Application time: 1.0000734 seconds
[2019-12-09T07:37:45.767+0000][1][safepoint    ] Entering safepoint region: Cleanup
[2019-12-09T07:37:45.767+0000][1][safepoint    ] Leaving safepoint region
[2019-12-09T07:37:45.767+0000][1][safepoint    ] Total time for which application threads were stopped: 0.0000839 seconds, Stopping threads took: 0.0000190 seconds
[2019-12-09T07:37:46.767+0000][1][safepoint    ] Application time: 1.0000742 seconds
[2019-12-09T07:37:46.767+0000][1][safepoint    ] Entering safepoint region: Cleanup
[2019-12-09T07:37:46.767+0000][1][safepoint    ] Leaving safepoint region
[2019-12-09T07:37:46.767+0000][1][safepoint    ] Total time for which application threads were stopped: 0.0000841 seconds, Stopping threads took: 0.0000197 seconds
[2019-12-09T07:37:47.767+0000][1][safepoint    ] Application time: 1.0000736 seconds
[2019-12-09T07:37:47.767+0000][1][safepoint    ] Entering safepoint region: Cleanup
[2019-12-09T07:37:47.767+0000][1][safepoint    ] Leaving safepoint region
[2019-12-09T07:37:47.767+0000][1][safepoint    ] Total time for which application threads were stopped: 0.0000949 seconds, Stopping threads took: 0.0000205 seconds
[2019-12-09T07:37:48.768+0000][1][safepoint    ] Application time: 1.0000757 seconds
[2019-12-09T07:37:48.768+0000][1][safepoint    ] Entering safepoint region: Cleanup
[2019-12-09T07:37:48.768+0000][1][safepoint    ] Leaving safepoint region
[2019-12-09T07:37:48.768+0000][1][safepoint    ] Total time for which application threads were stopped: 0.0000862 seconds, Stopping threads took: 0.0000200 seconds
[2019-12-09T07:37:49.768+0000][1][safepoint    ] Application time: 1.0000736 seconds
[2019-12-09T07:37:49.768+0000][1][safepoint    ] Entering safepoint region: Cleanup
[2019-12-09T07:37:49.768+0000][1][safepoint    ] Leaving safepoint region
[2019-12-09T07:37:49.768+0000][1][safepoint    ] Total time for which application threads were stopped: 0.0000844 seconds, Stopping threads took: 0.0000191 seconds
[2019-12-09T07:37:50.768+0000][1][safepoint    ] Application time: 1.0000720 seconds
[2019-12-09T07:37:50.768+0000][1][safepoint    ] Entering safepoint region: Cleanup
[2019-12-09T07:37:50.768+0000][1][safepoint    ] Leaving safepoint region
[2019-12-09T07:37:50.768+0000][1][safepoint    ] Total time for which application threads were stopped: 0.0000843 seconds, Stopping threads took: 0.0000195 seconds
[2019-12-09T07:37:51.768+0000][1][safepoint    ] Application time: 1.0000744 seconds
[2019-12-09T07:37:51.768+0000][1][safepoint    ] Entering safepoint region: Cleanup
[2019-12-09T07:37:51.768+0000][1][safepoint    ] Leaving safepoint region
[2019-12-09T07:37:51.768+0000][1][safepoint    ] Total time for which application threads were stopped: 0.0000783 seconds, Stopping threads took: 0.0000168 seconds
[2019-12-09T07:37:52.768+0000][1][safepoint    ] Application time: 1.0000746 seconds
[2019-12-09T07:37:52.768+0000][1][safepoint    ] Entering safepoint region: Cleanup
[2019-12-09T07:37:52.768+0000][1][safepoint    ] Leaving safepoint region
[2019-12-09T07:37:52.768+0000][1][safepoint    ] Total time for which application threads were stopped: 0.0000843 seconds, Stopping threads took: 0.0000191 seconds
[2019-12-09T07:37:53.769+0000][1][safepoint    ] Application time: 1.0000767 seconds
[2019-12-09T07:37:53.769+0000][1][safepoint    ] Entering safepoint region: Cleanup
[2019-12-09T07:37:53.769+0000][1][safepoint    ] Leaving safepoint region
[2019-12-09T07:37:53.769+0000][1][safepoint    ] Total time for which application threads were stopped: 0.0000947 seconds, Stopping threads took: 0.0000217 seconds
[2019-12-09T07:37:54.769+0000][1][safepoint    ] Application time: 1.0000760 seconds
[2019-12-09T07:37:54.769+0000][1][safepoint    ] Entering safepoint region: Cleanup
[2019-12-09T07:37:54.769+0000][1][safepoint    ] Leaving safepoint region
[2019-12-09T07:37:54.769+0000][1][safepoint    ] Total time for which application threads were stopped: 0.0000882 seconds, Stopping threads took: 0.0000218 seconds
[2019-12-09T07:37:55.769+0000][1][safepoint    ] Application time: 1.0000735 seconds
[2019-12-09T07:37:55.769+0000][1][safepoint    ] Entering safepoint region: Cleanup
[2019-12-09T07:37:55.769+0000][1][safepoint    ] Leaving safepoint region
[2019-12-09T07:37:55.769+0000][1][safepoint    ] Total time for which application threads were stopped: 0.0000882 seconds, Stopping threads took: 0.0000210 seconds
[2019-12-09T07:37:56.769+0000][1][safepoint    ] Application time: 1.0000753 seconds
[2019-12-09T07:37:56.769+0000][1][safepoint    ] Entering safepoint region: Cleanup
[2019-12-09T07:37:56.769+0000][1][safepoint    ] Leaving safepoint region
[2019-12-09T07:37:56.769+0000][1][safepoint    ] Total time for which application threads were stopped: 0.0000888 seconds, Stopping threads took: 0.0000228 seconds
[2019-12-09T07:37:57.769+0000][1][safepoint    ] Application time: 1.0000745 seconds
[2019-12-09T07:37:57.769+0000][1][safepoint    ] Entering safepoint region: Cleanup
[2019-12-09T07:37:57.770+0000][1][safepoint    ] Leaving safepoint region
[2019-12-09T07:37:57.770+0000][1][safepoint    ] Total time for which application threads were stopped: 0.0000969 seconds, Stopping threads took: 0.0000214 seconds
[2019-12-09T07:37:58.770+0000][1][safepoint    ] Application time: 1.0000765 seconds
[2019-12-09T07:37:58.770+0000][1][safepoint    ] Entering safepoint region: Cleanup
[2019-12-09T07:37:58.770+0000][1][safepoint    ] Leaving safepoint region
[2019-12-09T07:37:58.770+0000][1][safepoint    ] Total time for which application threads were stopped: 0.0000928 seconds, Stopping threads took: 0.0000196 seconds
[2019-12-09T07:37:59.770+0000][1][safepoint    ] Application time: 1.0000759 seconds
[2019-12-09T07:37:59.770+0000][1][safepoint    ] Entering safepoint region: Cleanup
[2019-12-09T07:37:59.770+0000][1][safepoint    ] Leaving safepoint region
[2019-12-09T07:37:59.770+0000][1][safepoint    ] Total time for which application threads were stopped: 0.0000847 seconds, Stopping threads took: 0.0000189 seconds
[2019-12-09T07:38:00.770+0000][1][safepoint    ] Application time: 1.0000773 seconds
[2019-12-09T07:38:00.770+0000][1][safepoint    ] Entering safepoint region: Cleanup
[2019-12-09T07:38:00.770+0000][1][safepoint    ] Leaving safepoint region
[2019-12-09T07:38:00.770+0000][1][safepoint    ] Total time for which application threads were stopped: 0.0000961 seconds, Stopping threads took: 0.0000266 seconds
[2019-12-09T07:38:01.770+0000][1][safepoint    ] Application time: 1.0000760 seconds
[2019-12-09T07:38:01.770+0000][1][safepoint    ] Entering safepoint region: Cleanup
[2019-12-09T07:38:01.770+0000][1][safepoint    ] Leaving safepoint region
[2019-12-09T07:38:01.770+0000][1][safepoint    ] Total time for which application threads were stopped: 0.0000912 seconds, Stopping threads took: 0.0000217 seconds
[2019-12-09T07:38:02.770+0000][1][safepoint    ] Application time: 1.0000761 seconds
[2019-12-09T07:38:02.771+0000][1][safepoint    ] Entering safepoint region: Cleanup
[2019-12-09T07:38:02.771+0000][1][safepoint    ] Leaving safepoint region
[2019-12-09T07:38:02.771+0000][1][safepoint    ] Total time for which application threads were stopped: 0.0000863 seconds, Stopping threads took: 0.0000195 seconds
[2019-12-09T07:38:03.771+0000][1][safepoint    ] Application time: 1.0000846 seconds
[2019-12-09T07:38:03.771+0000][1][safepoint    ] Entering safepoint region: Cleanup
[2019-12-09T07:38:03.771+0000][1][safepoint    ] Leaving safepoint region
[2019-12-09T07:38:03.771+0000][1][safepoint    ] Total time for which application threads were stopped: 0.0000875 seconds, Stopping threads took: 0.0000215 seconds
[2019-12-09T07:38:04.771+0000][1][safepoint    ] Application time: 1.0000772 seconds
[2019-12-09T07:38:04.771+0000][1][safepoint    ] Entering safepoint region: Cleanup
[2019-12-09T07:38:04.771+0000][1][safepoint    ] Leaving safepoint region
[2019-12-09T07:38:04.771+0000][1][safepoint    ] Total time for which application threads were stopped: 0.0001032 seconds, Stopping threads took: 0.0000212 seconds
[2019-12-09T07:38:05.220+0000][1][safepoint    ] Application time: 0.4488368 seconds
[2019-12-09T07:38:05.220+0000][1][safepoint    ] Entering safepoint region: GenCollectForAllocation
[2019-12-09T07:38:05.220+0000][1][gc,start     ] GC(76) Pause Young (Allocation Failure)
[2019-12-09T07:38:05.220+0000][1][gc,task      ] GC(76) Using 2 workers of 2 for evacuation
[2019-12-09T07:38:05.222+0000][1][gc,age       ] GC(76) Desired survivor size 4456448 bytes, new threshold 6 (max threshold 6)
[2019-12-09T07:38:05.222+0000][1][gc,age       ] GC(76) Age table with threshold 6 (max threshold 6)
[2019-12-09T07:38:05.222+0000][1][gc,age       ] GC(76) - age   1:     755216 bytes,     755216 total
[2019-12-09T07:38:05.222+0000][1][gc,age       ] GC(76) - age   3:        320 bytes,     755536 total
[2019-12-09T07:38:05.222+0000][1][gc,heap      ] GC(76) ParNew: 70874K->791K(78656K)
[2019-12-09T07:38:05.222+0000][1][gc,heap      ] GC(76) CMS: 70947K->70948K(174784K)
[2019-12-09T07:38:05.222+0000][1][gc,metaspace ] GC(76) Metaspace: 76276K->76276K(1118208K)
[2019-12-09T07:38:05.222+0000][1][gc           ] GC(76) Pause Young (Allocation Failure) 138M->70M(247M) 2.037ms
[2019-12-09T07:38:05.222+0000][1][gc,cpu       ] GC(76) User=0.00s Sys=0.00s Real=0.00s
[2019-12-09T07:38:05.222+0000][1][safepoint    ] Leaving safepoint region
[2019-12-09T07:38:05.222+0000][1][safepoint    ] Total time for which application threads were stopped: 0.0021871 seconds, Stopping threads took: 0.0000179 seconds
[2019-12-09T07:38:06.222+0000][1][safepoint    ] Application time: 1.0000860 seconds
[2019-12-09T07:38:06.222+0000][1][safepoint    ] Entering safepoint region: Cleanup
[2019-12-09T07:38:06.222+0000][1][safepoint    ] Leaving safepoint region
[2019-12-09T07:38:06.222+0000][1][safepoint    ] Total time for which application threads were stopped: 0.0000887 seconds, Stopping threads took: 0.0000253 seconds
[2019-12-09T07:38:07.222+0000][1][safepoint    ] Application time: 1.0000799 seconds
[2019-12-09T07:38:07.222+0000][1][safepoint    ] Entering safepoint region: Cleanup
[2019-12-09T07:38:07.222+0000][1][safepoint    ] Leaving safepoint region
[2019-12-09T07:38:07.222+0000][1][safepoint    ] Total time for which application threads were stopped: 0.0000788 seconds, Stopping threads took: 0.0000182 seconds
[2019-12-09T07:38:08.223+0000][1][safepoint    ] Application time: 1.0000759 seconds
[2019-12-09T07:38:08.223+0000][1][safepoint    ] Entering safepoint region: Cleanup
[2019-12-09T07:38:08.223+0000][1][safepoint    ] Leaving safepoint region
[2019-12-09T07:38:08.223+0000][1][safepoint    ] Total time for which application threads were stopped: 0.0000929 seconds, Stopping threads took: 0.0000169 seconds
[2019-12-09T07:38:09.223+0000][1][safepoint    ] Application time: 1.0000742 seconds
[2019-12-09T07:38:09.223+0000][1][safepoint    ] Entering safepoint region: Cleanup
[2019-12-09T07:38:09.223+0000][1][safepoint    ] Leaving safepoint region
[2019-12-09T07:38:09.223+0000][1][safepoint    ] Total time for which application threads were stopped: 0.0000771 seconds, Stopping threads took: 0.0000173 seconds
[2019-12-09T07:38:10.223+0000][1][safepoint    ] Application time: 1.0000746 seconds
[2019-12-09T07:38:10.223+0000][1][safepoint    ] Entering safepoint region: Cleanup
[2019-12-09T07:38:10.223+0000][1][safepoint    ] Leaving safepoint region
[2019-12-09T07:38:10.223+0000][1][safepoint    ] Total time for which application threads were stopped: 0.0000765 seconds, Stopping threads took: 0.0000158 seconds
[2019-12-09T07:38:11.223+0000][1][safepoint    ] Application time: 1.0000745 seconds
[2019-12-09T07:38:11.223+0000][1][safepoint    ] Entering safepoint region: Cleanup
[2019-12-09T07:38:11.223+0000][1][safepoint    ] Leaving safepoint region
[2019-12-09T07:38:11.223+0000][1][safepoint    ] Total time for which application threads were stopped: 0.0000769 seconds, Stopping threads took: 0.0000180 seconds
[2019-12-09T07:38:12.223+0000][1][safepoint    ] Application time: 1.0000733 seconds
[2019-12-09T07:38:12.223+0000][1][safepoint    ] Entering safepoint region: Cleanup
[2019-12-09T07:38:12.223+0000][1][safepoint    ] Leaving safepoint region
[2019-12-09T07:38:12.223+0000][1][safepoint    ] Total time for which application threads were stopped: 0.0000782 seconds, Stopping threads took: 0.0000173 seconds
[2019-12-09T07:38:13.224+0000][1][safepoint    ] Application time: 1.0000772 seconds
[2019-12-09T07:38:13.224+0000][1][safepoint    ] Entering safepoint region: Cleanup
[2019-12-09T07:38:13.224+0000][1][safepoint    ] Leaving safepoint region
[2019-12-09T07:38:13.224+0000][1][safepoint    ] Total time for which application threads were stopped: 0.0000765 seconds, Stopping threads took: 0.0000180 seconds
[2019-12-09T07:38:14.224+0000][1][safepoint    ] Application time: 1.0000864 seconds
[2019-12-09T07:38:14.224+0000][1][safepoint    ] Entering safepoint region: Cleanup
[2019-12-09T07:38:14.224+0000][1][safepoint    ] Leaving safepoint region
[2019-12-09T07:38:14.224+0000][1][safepoint    ] Total time for which application threads were stopped: 0.0000767 seconds, Stopping threads took: 0.0000176 seconds
[2019-12-09T07:38:15.224+0000][1][safepoint    ] Application time: 1.0000758 seconds
[2019-12-09T07:38:15.224+0000][1][safepoint    ] Entering safepoint region: Cleanup
[2019-12-09T07:38:15.224+0000][1][safepoint    ] Leaving safepoint region
[2019-12-09T07:38:15.224+0000][1][safepoint    ] Total time for which application threads were stopped: 0.0000801 seconds, Stopping threads took: 0.0000200 seconds
[2019-12-09T07:38:16.224+0000][1][safepoint    ] Application time: 1.0000759 seconds
[2019-12-09T07:38:16.224+0000][1][safepoint    ] Entering safepoint region: Cleanup
[2019-12-09T07:38:16.224+0000][1][safepoint    ] Leaving safepoint region
[2019-12-09T07:38:16.224+0000][1][safepoint    ] Total time for which application threads were stopped: 0.0000906 seconds, Stopping threads took: 0.0000185 seconds
[2019-12-09T07:38:17.224+0000][1][safepoint    ] Application time: 1.0000747 seconds
[2019-12-09T07:38:17.224+0000][1][safepoint    ] Entering safepoint region: Cleanup
[2019-12-09T07:38:17.224+0000][1][safepoint    ] Leaving safepoint region
[2019-12-09T07:38:17.224+0000][1][safepoint    ] Total time for which application threads were stopped: 0.0000741 seconds, Stopping threads took: 0.0000168 seconds
[2019-12-09T07:38:18.224+0000][1][safepoint    ] Application time: 1.0000779 seconds
[2019-12-09T07:38:18.224+0000][1][safepoint    ] Entering safepoint region: Cleanup
[2019-12-09T07:38:18.225+0000][1][safepoint    ] Leaving safepoint region
[2019-12-09T07:38:18.225+0000][1][safepoint    ] Total time for which application threads were stopped: 0.0000776 seconds, Stopping threads took: 0.0000178 seconds
[2019-12-09T07:38:19.225+0000][1][safepoint    ] Application time: 1.0000788 seconds
[2019-12-09T07:38:19.225+0000][1][safepoint    ] Entering safepoint region: Cleanup
[2019-12-09T07:38:19.225+0000][1][safepoint    ] Leaving safepoint region
[2019-12-09T07:38:19.225+0000][1][safepoint    ] Total time for which application threads were stopped: 0.0000919 seconds, Stopping threads took: 0.0000300 seconds
[2019-12-09T07:38:20.225+0000][1][safepoint    ] Application time: 1.0000765 seconds
[2019-12-09T07:38:20.225+0000][1][safepoint    ] Entering safepoint region: Cleanup
[2019-12-09T07:38:20.225+0000][1][safepoint    ] Leaving safepoint region
[2019-12-09T07:38:20.225+0000][1][safepoint    ] Total time for which application threads were stopped: 0.0000813 seconds, Stopping threads took: 0.0000165 seconds
[2019-12-09T07:38:21.225+0000][1][safepoint    ] Application time: 1.0000796 seconds
[2019-12-09T07:38:21.225+0000][1][safepoint    ] Entering safepoint region: Cleanup
[2019-12-09T07:38:21.225+0000][1][safepoint    ] Leaving safepoint region
[2019-12-09T07:38:21.225+0000][1][safepoint    ] Total time for which application threads were stopped: 0.0000817 seconds, Stopping threads took: 0.0000178 seconds
[2019-12-09T07:38:22.225+0000][1][safepoint    ] Application time: 1.0000763 seconds
[2019-12-09T07:38:22.225+0000][1][safepoint    ] Entering safepoint region: Cleanup
[2019-12-09T07:38:22.225+0000][1][safepoint    ] Leaving safepoint region
[2019-12-09T07:38:22.225+0000][1][safepoint    ] Total time for which application threads were stopped: 0.0000849 seconds, Stopping threads took: 0.0000177 seconds
[2019-12-09T07:38:23.225+0000][1][safepoint    ] Application time: 1.0000780 seconds
[2019-12-09T07:38:23.226+0000][1][safepoint    ] Entering safepoint region: Cleanup
[2019-12-09T07:38:23.226+0000][1][safepoint    ] Leaving safepoint region
[2019-12-09T07:38:23.226+0000][1][safepoint    ] Total time for which application threads were stopped: 0.0000794 seconds, Stopping threads took: 0.0000165 seconds
[2019-12-09T07:38:24.226+0000][1][safepoint    ] Application time: 1.0000772 seconds
[2019-12-09T07:38:24.226+0000][1][safepoint    ] Entering safepoint region: Cleanup
[2019-12-09T07:38:24.226+0000][1][safepoint    ] Leaving safepoint region
[2019-12-09T07:38:24.226+0000][1][safepoint    ] Total time for which application threads were stopped: 0.0000790 seconds, Stopping threads took: 0.0000179 seconds
[2019-12-09T07:38:25.226+0000][1][safepoint    ] Application time: 1.0000775 seconds
[2019-12-09T07:38:25.226+0000][1][safepoint    ] Entering safepoint region: Cleanup
[2019-12-09T07:38:25.226+0000][1][safepoint    ] Leaving safepoint region
[2019-12-09T07:38:25.226+0000][1][safepoint    ] Total time for which application threads were stopped: 0.0000890 seconds, Stopping threads took: 0.0000189 seconds
[2019-12-09T07:38:26.227+0000][1][safepoint    ] Application time: 1.0006881 seconds
[2019-12-09T07:38:26.227+0000][1][safepoint    ] Entering safepoint region: Cleanup
[2019-12-09T07:38:26.227+0000][1][safepoint    ] Leaving safepoint region
[2019-12-09T07:38:26.227+0000][1][safepoint    ] Total time for which application threads were stopped: 0.0001093 seconds, Stopping threads took: 0.0000243 seconds
[2019-12-09T07:38:27.227+0000][1][safepoint    ] Application time: 1.0000771 seconds
[2019-12-09T07:38:27.227+0000][1][safepoint    ] Entering safepoint region: Cleanup
[2019-12-09T07:38:27.227+0000][1][safepoint    ] Leaving safepoint region
[2019-12-09T07:38:27.227+0000][1][safepoint    ] Total time for which application threads were stopped: 0.0000832 seconds, Stopping threads took: 0.0000196 seconds
[2019-12-09T07:38:28.227+0000][1][safepoint    ] Application time: 1.0000788 seconds
[2019-12-09T07:38:28.227+0000][1][safepoint    ] Entering safepoint region: Cleanup
[2019-12-09T07:38:28.227+0000][1][safepoint    ] Leaving safepoint region
[2019-12-09T07:38:28.227+0000][1][safepoint    ] Total time for which application threads were stopped: 0.0000830 seconds, Stopping threads took: 0.0000195 seconds
[2019-12-09T07:38:29.227+0000][1][safepoint    ] Application time: 1.0000765 seconds
[2019-12-09T07:38:29.227+0000][1][safepoint    ] Entering safepoint region: Cleanup
[2019-12-09T07:38:29.227+0000][1][safepoint    ] Leaving safepoint region
[2019-12-09T07:38:29.227+0000][1][safepoint    ] Total time for which application threads were stopped: 0.0000835 seconds, Stopping threads took: 0.0000175 seconds
[2019-12-09T07:38:30.228+0000][1][safepoint    ] Application time: 1.0000776 seconds
[2019-12-09T07:38:30.228+0000][1][safepoint    ] Entering safepoint region: Cleanup
[2019-12-09T07:38:30.228+0000][1][safepoint    ] Leaving safepoint region
[2019-12-09T07:38:30.228+0000][1][safepoint    ] Total time for which application threads were stopped: 0.0000821 seconds, Stopping threads took: 0.0000186 seconds
[2019-12-09T07:38:31.228+0000][1][safepoint    ] Application time: 1.0000808 seconds
[2019-12-09T07:38:31.228+0000][1][safepoint    ] Entering safepoint region: Cleanup
[2019-12-09T07:38:31.228+0000][1][safepoint    ] Leaving safepoint region
[2019-12-09T07:38:31.228+0000][1][safepoint    ] Total time for which application threads were stopped: 0.0000842 seconds, Stopping threads took: 0.0000193 seconds
[2019-12-09T07:38:32.228+0000][1][safepoint    ] Application time: 1.0000766 seconds
[2019-12-09T07:38:32.228+0000][1][safepoint    ] Entering safepoint region: Cleanup
[2019-12-09T07:38:32.228+0000][1][safepoint    ] Leaving safepoint region
[2019-12-09T07:38:32.228+0000][1][safepoint    ] Total time for which application threads were stopped: 0.0000784 seconds, Stopping threads took: 0.0000182 seconds
[2019-12-09T07:38:33.228+0000][1][safepoint    ] Application time: 1.0000793 seconds
[2019-12-09T07:38:33.228+0000][1][safepoint    ] Entering safepoint region: Cleanup
[2019-12-09T07:38:33.228+0000][1][safepoint    ] Leaving safepoint region
[2019-12-09T07:38:33.228+0000][1][safepoint    ] Total time for which application threads were stopped: 0.0000851 seconds, Stopping threads took: 0.0000200 seconds
[2019-12-09T07:38:34.228+0000][1][safepoint    ] Application time: 1.0000798 seconds
[2019-12-09T07:38:34.228+0000][1][safepoint    ] Entering safepoint region: Cleanup
[2019-12-09T07:38:34.229+0000][1][safepoint    ] Leaving safepoint region
[2019-12-09T07:38:34.229+0000][1][safepoint    ] Total time for which application threads were stopped: 0.0000857 seconds, Stopping threads took: 0.0000200 seconds
[2019-12-09T07:38:35.229+0000][1][safepoint    ] Application time: 1.0000811 seconds
[2019-12-09T07:38:35.229+0000][1][safepoint    ] Entering safepoint region: Cleanup
[2019-12-09T07:38:35.229+0000][1][safepoint    ] Leaving safepoint region
[2019-12-09T07:38:35.229+0000][1][safepoint    ] Total time for which application threads were stopped: 0.0001004 seconds, Stopping threads took: 0.0000339 seconds
[2019-12-09T07:38:36.229+0000][1][safepoint    ] Application time: 1.0000809 seconds
[2019-12-09T07:38:36.229+0000][1][safepoint    ] Entering safepoint region: Cleanup
[2019-12-09T07:38:36.229+0000][1][safepoint    ] Leaving safepoint region
[2019-12-09T07:38:36.229+0000][1][safepoint    ] Total time for which application threads were stopped: 0.0000869 seconds, Stopping threads took: 0.0000206 seconds
[2019-12-09T07:38:37.229+0000][1][safepoint    ] Application time: 1.0000827 seconds
[2019-12-09T07:38:37.229+0000][1][safepoint    ] Entering safepoint region: Cleanup
[2019-12-09T07:38:37.229+0000][1][safepoint    ] Leaving safepoint region
[2019-12-09T07:38:37.229+0000][1][safepoint    ] Total time for which application threads were stopped: 0.0001236 seconds, Stopping threads took: 0.0000566 seconds
[2019-12-09T07:38:38.229+0000][1][safepoint    ] Application time: 1.0000825 seconds
[2019-12-09T07:38:38.229+0000][1][safepoint    ] Entering safepoint region: Cleanup
[2019-12-09T07:38:38.229+0000][1][safepoint    ] Leaving safepoint region
[2019-12-09T07:38:38.229+0000][1][safepoint    ] Total time for which application threads were stopped: 0.0000843 seconds, Stopping threads took: 0.0000201 seconds
[2019-12-09T07:38:39.230+0000][1][safepoint    ] Application time: 1.0000775 seconds
[2019-12-09T07:38:39.230+0000][1][safepoint    ] Entering safepoint region: Cleanup
[2019-12-09T07:38:39.230+0000][1][safepoint    ] Leaving safepoint region
[2019-12-09T07:38:39.230+0000][1][safepoint    ] Total time for which application threads were stopped: 0.0000941 seconds, Stopping threads took: 0.0000287 seconds
[2019-12-09T07:38:40.230+0000][1][safepoint    ] Application time: 1.0000863 seconds
[2019-12-09T07:38:40.230+0000][1][safepoint    ] Entering safepoint region: Cleanup
[2019-12-09T07:38:40.230+0000][1][safepoint    ] Leaving safepoint region
[2019-12-09T07:38:40.230+0000][1][safepoint    ] Total time for which application threads were stopped: 0.0000859 seconds, Stopping threads took: 0.0000218 seconds
[2019-12-09T07:38:41.230+0000][1][safepoint    ] Application time: 1.0000782 seconds
[2019-12-09T07:38:41.230+0000][1][safepoint    ] Entering safepoint region: Cleanup
[2019-12-09T07:38:41.230+0000][1][safepoint    ] Leaving safepoint region
[2019-12-09T07:38:41.230+0000][1][safepoint    ] Total time for which application threads were stopped: 0.0000791 seconds, Stopping threads took: 0.0000184 seconds
[2019-12-09T07:38:42.230+0000][1][safepoint    ] Application time: 1.0000767 seconds
[2019-12-09T07:38:42.230+0000][1][safepoint    ] Entering safepoint region: Cleanup
[2019-12-09T07:38:42.230+0000][1][safepoint    ] Leaving safepoint region
[2019-12-09T07:38:42.230+0000][1][safepoint    ] Total time for which application threads were stopped: 0.0000826 seconds, Stopping threads took: 0.0000200 seconds
[2019-12-09T07:38:43.230+0000][1][safepoint    ] Application time: 1.0000766 seconds
[2019-12-09T07:38:43.230+0000][1][safepoint    ] Entering safepoint region: Cleanup
[2019-12-09T07:38:43.230+0000][1][safepoint    ] Leaving safepoint region
[2019-12-09T07:38:43.230+0000][1][safepoint    ] Total time for which application threads were stopped: 0.0000854 seconds, Stopping threads took: 0.0000204 seconds
[2019-12-09T07:38:44.231+0000][1][safepoint    ] Application time: 1.0000739 seconds
[2019-12-09T07:38:44.231+0000][1][safepoint    ] Entering safepoint region: Cleanup
[2019-12-09T07:38:44.231+0000][1][safepoint    ] Leaving safepoint region
[2019-12-09T07:38:44.231+0000][1][safepoint    ] Total time for which application threads were stopped: 0.0000784 seconds, Stopping threads took: 0.0000176 seconds
[2019-12-09T07:38:45.231+0000][1][safepoint    ] Application time: 1.0000772 seconds
[2019-12-09T07:38:45.231+0000][1][safepoint    ] Entering safepoint region: Cleanup
[2019-12-09T07:38:45.231+0000][1][safepoint    ] Leaving safepoint region
[2019-12-09T07:38:45.231+0000][1][safepoint    ] Total time for which application threads were stopped: 0.0000845 seconds, Stopping threads took: 0.0000194 seconds
[2019-12-09T07:38:46.231+0000][1][safepoint    ] Application time: 1.0000775 seconds
[2019-12-09T07:38:46.231+0000][1][safepoint    ] Entering safepoint region: Cleanup
[2019-12-09T07:38:46.231+0000][1][safepoint    ] Leaving safepoint region
[2019-12-09T07:38:46.231+0000][1][safepoint    ] Total time for which application threads were stopped: 0.0000864 seconds, Stopping threads took: 0.0000195 seconds
[2019-12-09T07:38:46.993+0000][1][safepoint    ] Application time: 0.7614639 seconds
[2019-12-09T07:38:46.993+0000][1][safepoint    ] Entering safepoint region: GenCollectForAllocation
[2019-12-09T07:38:46.993+0000][1][gc,start     ] GC(77) Pause Young (Allocation Failure)
[2019-12-09T07:38:46.993+0000][1][gc,task      ] GC(77) Using 2 workers of 2 for evacuation
[2019-12-09T07:38:46.995+0000][1][gc,age       ] GC(77) Desired survivor size 4456448 bytes, new threshold 6 (max threshold 6)
[2019-12-09T07:38:46.995+0000][1][gc,age       ] GC(77) Age table with threshold 6 (max threshold 6)
[2019-12-09T07:38:46.995+0000][1][gc,age       ] GC(77) - age   1:     689488 bytes,     689488 total
[2019-12-09T07:38:46.995+0000][1][gc,age       ] GC(77) - age   2:        344 bytes,     689832 total
[2019-12-09T07:38:46.995+0000][1][gc,age       ] GC(77) - age   4:        320 bytes,     690152 total
[2019-12-09T07:38:46.995+0000][1][gc,heap      ] GC(77) ParNew: 70743K->687K(78656K)
[2019-12-09T07:38:46.995+0000][1][gc,heap      ] GC(77) CMS: 70948K->70948K(174784K)
[2019-12-09T07:38:46.995+0000][1][gc,metaspace ] GC(77) Metaspace: 76283K->76283K(1118208K)
[2019-12-09T07:38:46.995+0000][1][gc           ] GC(77) Pause Young (Allocation Failure) 138M->69M(247M) 1.914ms
[2019-12-09T07:38:46.995+0000][1][gc,cpu       ] GC(77) User=0.00s Sys=0.01s Real=0.01s
[2019-12-09T07:38:46.995+0000][1][safepoint    ] Leaving safepoint region
[2019-12-09T07:38:46.995+0000][1][safepoint    ] Total time for which application threads were stopped: 0.0021270 seconds, Stopping threads took: 0.0000214 seconds
[2019-12-09T07:38:47.995+0000][1][safepoint    ] Application time: 1.0000859 seconds
[2019-12-09T07:38:47.995+0000][1][safepoint    ] Entering safepoint region: Cleanup
[2019-12-09T07:38:47.995+0000][1][safepoint    ] Leaving safepoint region
[2019-12-09T07:38:47.995+0000][1][safepoint    ] Total time for which application threads were stopped: 0.0000856 seconds, Stopping threads took: 0.0000191 seconds
[2019-12-09T07:38:48.995+0000][1][safepoint    ] Application time: 1.0000795 seconds
[2019-12-09T07:38:48.995+0000][1][safepoint    ] Entering safepoint region: Cleanup
[2019-12-09T07:38:48.995+0000][1][safepoint    ] Leaving safepoint region
[2019-12-09T07:38:48.995+0000][1][safepoint    ] Total time for which application threads were stopped: 0.0000952 seconds, Stopping threads took: 0.0000196 seconds
[2019-12-09T07:38:49.995+0000][1][safepoint    ] Application time: 1.0000833 seconds
[2019-12-09T07:38:49.995+0000][1][safepoint    ] Entering safepoint region: Cleanup
[2019-12-09T07:38:49.995+0000][1][safepoint    ] Leaving safepoint region
[2019-12-09T07:38:49.995+0000][1][safepoint    ] Total time for which application threads were stopped: 0.0000868 seconds, Stopping threads took: 0.0000208 seconds
[2019-12-09T07:38:50.995+0000][1][safepoint    ] Application time: 1.0000759 seconds
[2019-12-09T07:38:50.996+0000][1][safepoint    ] Entering safepoint region: Cleanup
[2019-12-09T07:38:50.996+0000][1][safepoint    ] Leaving safepoint region
[2019-12-09T07:38:50.996+0000][1][safepoint    ] Total time for which application threads were stopped: 0.0000858 seconds, Stopping threads took: 0.0000202 seconds
[2019-12-09T07:38:51.996+0000][1][safepoint    ] Application time: 1.0000759 seconds
[2019-12-09T07:38:51.996+0000][1][safepoint    ] Entering safepoint region: Cleanup
[2019-12-09T07:38:51.996+0000][1][safepoint    ] Leaving safepoint region
[2019-12-09T07:38:51.996+0000][1][safepoint    ] Total time for which application threads were stopped: 0.0000926 seconds, Stopping threads took: 0.0000287 seconds
[2019-12-09T07:38:52.996+0000][1][safepoint    ] Application time: 1.0000741 seconds
[2019-12-09T07:38:52.996+0000][1][safepoint    ] Entering safepoint region: Cleanup
[2019-12-09T07:38:52.996+0000][1][safepoint    ] Leaving safepoint region
[2019-12-09T07:38:52.996+0000][1][safepoint    ] Total time for which application threads were stopped: 0.0000852 seconds, Stopping threads took: 0.0000201 seconds
[2019-12-09T07:38:53.996+0000][1][safepoint    ] Application time: 1.0000813 seconds
[2019-12-09T07:38:53.996+0000][1][safepoint    ] Entering safepoint region: Cleanup
[2019-12-09T07:38:53.996+0000][1][safepoint    ] Leaving safepoint region
[2019-12-09T07:38:53.996+0000][1][safepoint    ] Total time for which application threads were stopped: 0.0000862 seconds, Stopping threads took: 0.0000218 seconds
[2019-12-09T07:38:54.996+0000][1][safepoint    ] Application time: 1.0000757 seconds
[2019-12-09T07:38:54.996+0000][1][safepoint    ] Entering safepoint region: Cleanup
[2019-12-09T07:38:54.996+0000][1][safepoint    ] Leaving safepoint region
[2019-12-09T07:38:54.996+0000][1][safepoint    ] Total time for which application threads were stopped: 0.0000854 seconds, Stopping threads took: 0.0000194 seconds
[2019-12-09T07:38:55.997+0000][1][safepoint    ] Application time: 1.0000831 seconds
[2019-12-09T07:38:55.997+0000][1][safepoint    ] Entering safepoint region: Cleanup
[2019-12-09T07:38:55.997+0000][1][safepoint    ] Leaving safepoint region
[2019-12-09T07:38:55.997+0000][1][safepoint    ] Total time for which application threads were stopped: 0.0000822 seconds, Stopping threads took: 0.0000189 seconds
[2019-12-09T07:38:56.997+0000][1][safepoint    ] Application time: 1.0000751 seconds
[2019-12-09T07:38:56.997+0000][1][safepoint    ] Entering safepoint region: Cleanup
[2019-12-09T07:38:56.997+0000][1][safepoint    ] Leaving safepoint region
[2019-12-09T07:38:56.997+0000][1][safepoint    ] Total time for which application threads were stopped: 0.0000911 seconds, Stopping threads took: 0.0000193 seconds
[2019-12-09T07:38:57.997+0000][1][safepoint    ] Application time: 1.0000759 seconds
[2019-12-09T07:38:57.997+0000][1][safepoint    ] Entering safepoint region: Cleanup
[2019-12-09T07:38:57.997+0000][1][safepoint    ] Leaving safepoint region
[2019-12-09T07:38:57.997+0000][1][safepoint    ] Total time for which application threads were stopped: 0.0000855 seconds, Stopping threads took: 0.0000199 seconds
[2019-12-09T07:38:58.997+0000][1][safepoint    ] Application time: 1.0000766 seconds
[2019-12-09T07:38:58.997+0000][1][safepoint    ] Entering safepoint region: Cleanup
[2019-12-09T07:38:58.997+0000][1][safepoint    ] Leaving safepoint region
[2019-12-09T07:38:58.997+0000][1][safepoint    ] Total time for which application threads were stopped: 0.0000829 seconds, Stopping threads took: 0.0000184 seconds
[2019-12-09T07:38:59.997+0000][1][safepoint    ] Application time: 1.0000767 seconds
[2019-12-09T07:38:59.997+0000][1][safepoint    ] Entering safepoint region: Cleanup
[2019-12-09T07:38:59.997+0000][1][safepoint    ] Leaving safepoint region
[2019-12-09T07:38:59.997+0000][1][safepoint    ] Total time for which application threads were stopped: 0.0000920 seconds, Stopping threads took: 0.0000208 seconds
[2019-12-09T07:39:00.998+0000][1][safepoint    ] Application time: 1.0000795 seconds
[2019-12-09T07:39:00.998+0000][1][safepoint    ] Entering safepoint region: Cleanup
[2019-12-09T07:39:00.998+0000][1][safepoint    ] Leaving safepoint region
[2019-12-09T07:39:00.998+0000][1][safepoint    ] Total time for which application threads were stopped: 0.0001065 seconds, Stopping threads took: 0.0000209 seconds
[2019-12-09T07:39:01.998+0000][1][safepoint    ] Application time: 1.0000741 seconds
[2019-12-09T07:39:01.998+0000][1][safepoint    ] Entering safepoint region: Cleanup
[2019-12-09T07:39:01.998+0000][1][safepoint    ] Leaving safepoint region
[2019-12-09T07:39:01.998+0000][1][safepoint    ] Total time for which application threads were stopped: 0.0000951 seconds, Stopping threads took: 0.0000285 seconds
[2019-12-09T07:39:02.998+0000][1][safepoint    ] Application time: 1.0000781 seconds
[2019-12-09T07:39:02.998+0000][1][safepoint    ] Entering safepoint region: Cleanup
[2019-12-09T07:39:02.998+0000][1][safepoint    ] Leaving safepoint region
[2019-12-09T07:39:02.998+0000][1][safepoint    ] Total time for which application threads were stopped: 0.0000856 seconds, Stopping threads took: 0.0000194 seconds
[2019-12-09T07:39:03.998+0000][1][safepoint    ] Application time: 1.0000752 seconds
[2019-12-09T07:39:03.998+0000][1][safepoint    ] Entering safepoint region: Cleanup
[2019-12-09T07:39:03.998+0000][1][safepoint    ] Leaving safepoint region
[2019-12-09T07:39:03.998+0000][1][safepoint    ] Total time for which application threads were stopped: 0.0000949 seconds, Stopping threads took: 0.0000192 seconds
[2019-12-09T07:39:04.998+0000][1][safepoint    ] Application time: 1.0000749 seconds
[2019-12-09T07:39:04.998+0000][1][safepoint    ] Entering safepoint region: Cleanup
[2019-12-09T07:39:04.999+0000][1][safepoint    ] Leaving safepoint region
[2019-12-09T07:39:04.999+0000][1][safepoint    ] Total time for which application threads were stopped: 0.0000830 seconds, Stopping threads took: 0.0000189 seconds
[2019-12-09T07:39:05.999+0000][1][safepoint    ] Application time: 1.0000827 seconds
[2019-12-09T07:39:05.999+0000][1][safepoint    ] Entering safepoint region: Cleanup
[2019-12-09T07:39:05.999+0000][1][safepoint    ] Leaving safepoint region
[2019-12-09T07:39:05.999+0000][1][safepoint    ] Total time for which application threads were stopped: 0.0000861 seconds, Stopping threads took: 0.0000218 seconds
[2019-12-09T07:39:06.999+0000][1][safepoint    ] Application time: 1.0000753 seconds
[2019-12-09T07:39:06.999+0000][1][safepoint    ] Entering safepoint region: Cleanup
[2019-12-09T07:39:06.999+0000][1][safepoint    ] Leaving safepoint region
[2019-12-09T07:39:06.999+0000][1][safepoint    ] Total time for which application threads were stopped: 0.0000830 seconds, Stopping threads took: 0.0000191 seconds
[2019-12-09T07:39:07.999+0000][1][safepoint    ] Application time: 1.0000755 seconds
[2019-12-09T07:39:07.999+0000][1][safepoint    ] Entering safepoint region: Cleanup
[2019-12-09T07:39:07.999+0000][1][safepoint    ] Leaving safepoint region
[2019-12-09T07:39:07.999+0000][1][safepoint    ] Total time for which application threads were stopped: 0.0000798 seconds, Stopping threads took: 0.0000188 seconds
[2019-12-09T07:39:08.999+0000][1][safepoint    ] Application time: 1.0000753 seconds
[2019-12-09T07:39:08.999+0000][1][safepoint    ] Entering safepoint region: Cleanup
[2019-12-09T07:39:08.999+0000][1][safepoint    ] Leaving safepoint region
[2019-12-09T07:39:08.999+0000][1][safepoint    ] Total time for which application threads were stopped: 0.0000866 seconds, Stopping threads took: 0.0000203 seconds
[2019-12-09T07:39:09.999+0000][1][safepoint    ] Application time: 1.0000749 seconds
[2019-12-09T07:39:10.000+0000][1][safepoint    ] Entering safepoint region: Cleanup
[2019-12-09T07:39:10.000+0000][1][safepoint    ] Leaving safepoint region
[2019-12-09T07:39:10.000+0000][1][safepoint    ] Total time for which application threads were stopped: 0.0001095 seconds, Stopping threads took: 0.0000198 seconds
[2019-12-09T07:39:11.000+0000][1][safepoint    ] Application time: 1.0000869 seconds
[2019-12-09T07:39:11.000+0000][1][safepoint    ] Entering safepoint region: Cleanup
[2019-12-09T07:39:11.000+0000][1][safepoint    ] Leaving safepoint region
[2019-12-09T07:39:11.000+0000][1][safepoint    ] Total time for which application threads were stopped: 0.0001181 seconds, Stopping threads took: 0.0000269 seconds
[2019-12-09T07:39:12.606+0000][1][safepoint    ] Application time: 1.6061250 seconds
[2019-12-09T07:39:12.606+0000][1][safepoint    ] Entering safepoint region: Cleanup
[2019-12-09T07:39:12.606+0000][1][safepoint    ] Leaving safepoint region
[2019-12-09T07:39:12.606+0000][1][safepoint    ] Total time for which application threads were stopped: 0.0001020 seconds, Stopping threads took: 0.0000259 seconds
[2019-12-09T07:39:13.606+0000][1][safepoint    ] Application time: 1.0000763 seconds
[2019-12-09T07:39:13.606+0000][1][safepoint    ] Entering safepoint region: Cleanup
[2019-12-09T07:39:13.606+0000][1][safepoint    ] Leaving safepoint region
[2019-12-09T07:39:13.606+0000][1][safepoint    ] Total time for which application threads were stopped: 0.0000933 seconds, Stopping threads took: 0.0000284 seconds
[2019-12-09T07:39:14.606+0000][1][safepoint    ] Application time: 1.0000765 seconds
[2019-12-09T07:39:14.606+0000][1][safepoint    ] Entering safepoint region: Cleanup
[2019-12-09T07:39:14.607+0000][1][safepoint    ] Leaving safepoint region
[2019-12-09T07:39:14.607+0000][1][safepoint    ] Total time for which application threads were stopped: 0.0000837 seconds, Stopping threads took: 0.0000183 seconds
[2019-12-09T07:39:15.607+0000][1][safepoint    ] Application time: 1.0000817 seconds
[2019-12-09T07:39:15.607+0000][1][safepoint    ] Entering safepoint region: Cleanup
[2019-12-09T07:39:15.607+0000][1][safepoint    ] Leaving safepoint region
[2019-12-09T07:39:15.607+0000][1][safepoint    ] Total time for which application threads were stopped: 0.0000881 seconds, Stopping threads took: 0.0000212 seconds
[2019-12-09T07:39:16.607+0000][1][safepoint    ] Application time: 1.0000765 seconds
[2019-12-09T07:39:16.607+0000][1][safepoint    ] Entering safepoint region: Cleanup
[2019-12-09T07:39:16.607+0000][1][safepoint    ] Leaving safepoint region
[2019-12-09T07:39:16.607+0000][1][safepoint    ] Total time for which application threads were stopped: 0.0000876 seconds, Stopping threads took: 0.0000198 seconds
[2019-12-09T07:39:17.607+0000][1][safepoint    ] Application time: 1.0000763 seconds
[2019-12-09T07:39:17.607+0000][1][safepoint    ] Entering safepoint region: Cleanup
[2019-12-09T07:39:17.607+0000][1][safepoint    ] Leaving safepoint region
[2019-12-09T07:39:17.607+0000][1][safepoint    ] Total time for which application threads were stopped: 0.0000908 seconds, Stopping threads took: 0.0000211 seconds
[2019-12-09T07:39:18.607+0000][1][safepoint    ] Application time: 1.0000781 seconds
[2019-12-09T07:39:18.607+0000][1][safepoint    ] Entering safepoint region: Cleanup
[2019-12-09T07:39:18.607+0000][1][safepoint    ] Leaving safepoint region
[2019-12-09T07:39:18.607+0000][1][safepoint    ] Total time for which application threads were stopped: 0.0000848 seconds, Stopping threads took: 0.0000207 seconds
[2019-12-09T07:39:19.608+0000][1][safepoint    ] Application time: 1.0000759 seconds
[2019-12-09T07:39:19.608+0000][1][safepoint    ] Entering safepoint region: Cleanup
[2019-12-09T07:39:19.608+0000][1][safepoint    ] Leaving safepoint region
[2019-12-09T07:39:19.608+0000][1][safepoint    ] Total time for which application threads were stopped: 0.0000866 seconds, Stopping threads took: 0.0000180 seconds
[2019-12-09T07:39:20.608+0000][1][safepoint    ] Application time: 1.0000770 seconds
[2019-12-09T07:39:20.608+0000][1][safepoint    ] Entering safepoint region: Cleanup
[2019-12-09T07:39:20.608+0000][1][safepoint    ] Leaving safepoint region
[2019-12-09T07:39:20.608+0000][1][safepoint    ] Total time for which application threads were stopped: 0.0000914 seconds, Stopping threads took: 0.0000202 seconds
[2019-12-09T07:39:21.608+0000][1][safepoint    ] Application time: 1.0000790 seconds
[2019-12-09T07:39:21.608+0000][1][safepoint    ] Entering safepoint region: Cleanup
[2019-12-09T07:39:21.608+0000][1][safepoint    ] Leaving safepoint region
[2019-12-09T07:39:21.608+0000][1][safepoint    ] Total time for which application threads were stopped: 0.0000793 seconds, Stopping threads took: 0.0000189 seconds
[2019-12-09T07:39:22.608+0000][1][safepoint    ] Application time: 1.0000738 seconds
[2019-12-09T07:39:22.608+0000][1][safepoint    ] Entering safepoint region: Cleanup
[2019-12-09T07:39:22.608+0000][1][safepoint    ] Leaving safepoint region
[2019-12-09T07:39:22.608+0000][1][safepoint    ] Total time for which application threads were stopped: 0.0000949 seconds, Stopping threads took: 0.0000184 seconds
[2019-12-09T07:39:23.608+0000][1][safepoint    ] Application time: 1.0000743 seconds
[2019-12-09T07:39:23.608+0000][1][safepoint    ] Entering safepoint region: Cleanup
[2019-12-09T07:39:23.608+0000][1][safepoint    ] Leaving safepoint region
[2019-12-09T07:39:23.608+0000][1][safepoint    ] Total time for which application threads were stopped: 0.0000840 seconds, Stopping threads took: 0.0000197 seconds
[2019-12-09T07:39:24.609+0000][1][safepoint    ] Application time: 1.0000733 seconds
[2019-12-09T07:39:24.609+0000][1][safepoint    ] Entering safepoint region: Cleanup
[2019-12-09T07:39:24.609+0000][1][safepoint    ] Leaving safepoint region
[2019-12-09T07:39:24.609+0000][1][safepoint    ] Total time for which application threads were stopped: 0.0000869 seconds, Stopping threads took: 0.0000213 seconds
[2019-12-09T07:39:25.609+0000][1][safepoint    ] Application time: 1.0000773 seconds
[2019-12-09T07:39:25.609+0000][1][safepoint    ] Entering safepoint region: Cleanup
[2019-12-09T07:39:25.609+0000][1][safepoint    ] Leaving safepoint region
[2019-12-09T07:39:25.609+0000][1][safepoint    ] Total time for which application threads were stopped: 0.0000878 seconds, Stopping threads took: 0.0000214 seconds
[2019-12-09T07:39:26.609+0000][1][safepoint    ] Application time: 1.0000770 seconds
[2019-12-09T07:39:26.609+0000][1][safepoint    ] Entering safepoint region: Cleanup
[2019-12-09T07:39:26.609+0000][1][safepoint    ] Leaving safepoint region
[2019-12-09T07:39:26.609+0000][1][safepoint    ] Total time for which application threads were stopped: 0.0000784 seconds, Stopping threads took: 0.0000185 seconds
[2019-12-09T07:39:27.609+0000][1][safepoint    ] Application time: 1.0000790 seconds
[2019-12-09T07:39:27.609+0000][1][safepoint    ] Entering safepoint region: Cleanup
[2019-12-09T07:39:27.609+0000][1][safepoint    ] Leaving safepoint region
[2019-12-09T07:39:27.609+0000][1][safepoint    ] Total time for which application threads were stopped: 0.0000856 seconds, Stopping threads took: 0.0000193 seconds
[2019-12-09T07:39:28.609+0000][1][safepoint    ] Application time: 1.0000797 seconds
[2019-12-09T07:39:28.609+0000][1][safepoint    ] Entering safepoint region: Cleanup
[2019-12-09T07:39:28.609+0000][1][safepoint    ] Leaving safepoint region
[2019-12-09T07:39:28.609+0000][1][safepoint    ] Total time for which application threads were stopped: 0.0000894 seconds, Stopping threads took: 0.0000247 seconds
[2019-12-09T07:39:29.543+0000][1][safepoint    ] Application time: 0.9338454 seconds
[2019-12-09T07:39:29.543+0000][1][safepoint    ] Entering safepoint region: GenCollectForAllocation
[2019-12-09T07:39:29.543+0000][1][gc,start     ] GC(78) Pause Young (Allocation Failure)
[2019-12-09T07:39:29.544+0000][1][gc,task      ] GC(78) Using 2 workers of 2 for evacuation
[2019-12-09T07:39:29.545+0000][1][gc,age       ] GC(78) Desired survivor size 4456448 bytes, new threshold 6 (max threshold 6)
[2019-12-09T07:39:29.546+0000][1][gc,age       ] GC(78) Age table with threshold 6 (max threshold 6)
[2019-12-09T07:39:29.546+0000][1][gc,age       ] GC(78) - age   1:     820768 bytes,     820768 total
[2019-12-09T07:39:29.546+0000][1][gc,age       ] GC(78) - age   2:       1136 bytes,     821904 total
[2019-12-09T07:39:29.546+0000][1][gc,age       ] GC(78) - age   3:        344 bytes,     822248 total
[2019-12-09T07:39:29.546+0000][1][gc,age       ] GC(78) - age   5:        320 bytes,     822568 total
[2019-12-09T07:39:29.546+0000][1][gc,heap      ] GC(78) ParNew: 70578K->805K(78656K)
[2019-12-09T07:39:29.546+0000][1][gc,heap      ] GC(78) CMS: 70948K->70948K(174784K)
[2019-12-09T07:39:29.546+0000][1][gc,metaspace ] GC(78) Metaspace: 76286K->76286K(1120256K)
[2019-12-09T07:39:29.546+0000][1][gc           ] GC(78) Pause Young (Allocation Failure) 138M->70M(247M) 2.121ms
[2019-12-09T07:39:29.546+0000][1][gc,cpu       ] GC(78) User=0.00s Sys=0.00s Real=0.01s
[2019-12-09T07:39:29.546+0000][1][safepoint    ] Leaving safepoint region
[2019-12-09T07:39:29.546+0000][1][safepoint    ] Total time for which application threads were stopped: 0.0023332 seconds, Stopping threads took: 0.0000200 seconds
[2019-12-09T07:39:30.546+0000][1][safepoint    ] Application time: 1.0000860 seconds
[2019-12-09T07:39:30.546+0000][1][safepoint    ] Entering safepoint region: Cleanup
[2019-12-09T07:39:30.546+0000][1][safepoint    ] Leaving safepoint region
[2019-12-09T07:39:30.546+0000][1][safepoint    ] Total time for which application threads were stopped: 0.0000914 seconds, Stopping threads took: 0.0000193 seconds
[2019-12-09T07:39:31.546+0000][1][safepoint    ] Application time: 1.0000769 seconds
[2019-12-09T07:39:31.546+0000][1][safepoint    ] Entering safepoint region: Cleanup
[2019-12-09T07:39:31.546+0000][1][safepoint    ] Leaving safepoint region
[2019-12-09T07:39:31.546+0000][1][safepoint    ] Total time for which application threads were stopped: 0.0000883 seconds, Stopping threads took: 0.0000206 seconds
[2019-12-09T07:39:32.546+0000][1][safepoint    ] Application time: 1.0000769 seconds
[2019-12-09T07:39:32.546+0000][1][safepoint    ] Entering safepoint region: Cleanup
[2019-12-09T07:39:32.546+0000][1][safepoint    ] Leaving safepoint region
[2019-12-09T07:39:32.546+0000][1][safepoint    ] Total time for which application threads were stopped: 0.0000852 seconds, Stopping threads took: 0.0000199 seconds
[2019-12-09T07:39:33.546+0000][1][safepoint    ] Application time: 1.0000762 seconds
[2019-12-09T07:39:33.546+0000][1][safepoint    ] Entering safepoint region: Cleanup
[2019-12-09T07:39:33.547+0000][1][safepoint    ] Leaving safepoint region
[2019-12-09T07:39:33.547+0000][1][safepoint    ] Total time for which application threads were stopped: 0.0000852 seconds, Stopping threads took: 0.0000199 seconds
[2019-12-09T07:39:34.547+0000][1][safepoint    ] Application time: 1.0000762 seconds
[2019-12-09T07:39:34.547+0000][1][safepoint    ] Entering safepoint region: Cleanup
[2019-12-09T07:39:34.547+0000][1][safepoint    ] Leaving safepoint region
[2019-12-09T07:39:34.547+0000][1][safepoint    ] Total time for which application threads were stopped: 0.0000870 seconds, Stopping threads took: 0.0000207 seconds
[2019-12-09T07:39:35.547+0000][1][safepoint    ] Application time: 1.0000790 seconds
[2019-12-09T07:39:35.547+0000][1][safepoint    ] Entering safepoint region: Cleanup
[2019-12-09T07:39:35.547+0000][1][safepoint    ] Leaving safepoint region
[2019-12-09T07:39:35.547+0000][1][safepoint    ] Total time for which application threads were stopped: 0.0000885 seconds, Stopping threads took: 0.0000213 seconds
[2019-12-09T07:39:36.547+0000][1][safepoint    ] Application time: 1.0000781 seconds
[2019-12-09T07:39:36.547+0000][1][safepoint    ] Entering safepoint region: Cleanup
[2019-12-09T07:39:36.547+0000][1][safepoint    ] Leaving safepoint region
[2019-12-09T07:39:36.547+0000][1][safepoint    ] Total time for which application threads were stopped: 0.0000861 seconds, Stopping threads took: 0.0000205 seconds
[2019-12-09T07:39:37.547+0000][1][safepoint    ] Application time: 1.0000762 seconds
[2019-12-09T07:39:37.547+0000][1][safepoint    ] Entering safepoint region: Cleanup
[2019-12-09T07:39:37.547+0000][1][safepoint    ] Leaving safepoint region
[2019-12-09T07:39:37.547+0000][1][safepoint    ] Total time for which application threads were stopped: 0.0000860 seconds, Stopping threads took: 0.0000207 seconds
[2019-12-09T07:39:38.547+0000][1][safepoint    ] Application time: 1.0000756 seconds
[2019-12-09T07:39:38.548+0000][1][safepoint    ] Entering safepoint region: Cleanup
[2019-12-09T07:39:38.548+0000][1][safepoint    ] Leaving safepoint region
[2019-12-09T07:39:38.548+0000][1][safepoint    ] Total time for which application threads were stopped: 0.0000914 seconds, Stopping threads took: 0.0000220 seconds
[2019-12-09T07:39:39.548+0000][1][safepoint    ] Application time: 1.0000756 seconds
[2019-12-09T07:39:39.548+0000][1][safepoint    ] Entering safepoint region: Cleanup
[2019-12-09T07:39:39.548+0000][1][safepoint    ] Leaving safepoint region
[2019-12-09T07:39:39.548+0000][1][safepoint    ] Total time for which application threads were stopped: 0.0000942 seconds, Stopping threads took: 0.0000301 seconds
[2019-12-09T07:39:40.548+0000][1][safepoint    ] Application time: 1.0000766 seconds
[2019-12-09T07:39:40.548+0000][1][safepoint    ] Entering safepoint region: Cleanup
[2019-12-09T07:39:40.548+0000][1][safepoint    ] Leaving safepoint region
[2019-12-09T07:39:40.548+0000][1][safepoint    ] Total time for which application threads were stopped: 0.0000869 seconds, Stopping threads took: 0.0000222 seconds
[2019-12-09T07:39:41.548+0000][1][safepoint    ] Application time: 1.0000770 seconds
[2019-12-09T07:39:41.548+0000][1][safepoint    ] Entering safepoint region: Cleanup
[2019-12-09T07:39:41.548+0000][1][safepoint    ] Leaving safepoint region
[2019-12-09T07:39:41.548+0000][1][safepoint    ] Total time for which application threads were stopped: 0.0000851 seconds, Stopping threads took: 0.0000212 seconds
[2019-12-09T07:39:42.548+0000][1][safepoint    ] Application time: 1.0000768 seconds
[2019-12-09T07:39:42.548+0000][1][safepoint    ] Entering safepoint region: Cleanup
[2019-12-09T07:39:42.548+0000][1][safepoint    ] Leaving safepoint region
[2019-12-09T07:39:42.548+0000][1][safepoint    ] Total time for which application threads were stopped: 0.0000869 seconds, Stopping threads took: 0.0000214 seconds
[2019-12-09T07:39:43.549+0000][1][safepoint    ] Application time: 1.0000750 seconds
[2019-12-09T07:39:43.549+0000][1][safepoint    ] Entering safepoint region: Cleanup
[2019-12-09T07:39:43.549+0000][1][safepoint    ] Leaving safepoint region
[2019-12-09T07:39:43.549+0000][1][safepoint    ] Total time for which application threads were stopped: 0.0000872 seconds, Stopping threads took: 0.0000230 seconds
[2019-12-09T07:39:44.549+0000][1][safepoint    ] Application time: 1.0000874 seconds
[2019-12-09T07:39:44.549+0000][1][safepoint    ] Entering safepoint region: Cleanup
[2019-12-09T07:39:44.549+0000][1][safepoint    ] Leaving safepoint region
[2019-12-09T07:39:44.549+0000][1][safepoint    ] Total time for which application threads were stopped: 0.0000933 seconds, Stopping threads took: 0.0000200 seconds
[2019-12-09T07:39:45.549+0000][1][safepoint    ] Application time: 1.0000754 seconds
[2019-12-09T07:39:45.549+0000][1][safepoint    ] Entering safepoint region: Cleanup
[2019-12-09T07:39:45.549+0000][1][safepoint    ] Leaving safepoint region
[2019-12-09T07:39:45.549+0000][1][safepoint    ] Total time for which application threads were stopped: 0.0000836 seconds, Stopping threads took: 0.0000188 seconds
[2019-12-09T07:39:46.549+0000][1][safepoint    ] Application time: 1.0000762 seconds
[2019-12-09T07:39:46.549+0000][1][safepoint    ] Entering safepoint region: Cleanup
[2019-12-09T07:39:46.549+0000][1][safepoint    ] Leaving safepoint region
[2019-12-09T07:39:46.549+0000][1][safepoint    ] Total time for which application threads were stopped: 0.0000875 seconds, Stopping threads took: 0.0000220 seconds
[2019-12-09T07:39:47.549+0000][1][safepoint    ] Application time: 1.0000758 seconds
[2019-12-09T07:39:47.549+0000][1][safepoint    ] Entering safepoint region: Cleanup
[2019-12-09T07:39:47.549+0000][1][safepoint    ] Leaving safepoint region
[2019-12-09T07:39:47.550+0000][1][safepoint    ] Total time for which application threads were stopped: 0.0000867 seconds, Stopping threads took: 0.0000221 seconds
[2019-12-09T07:39:48.550+0000][1][safepoint    ] Application time: 1.0000745 seconds
[2019-12-09T07:39:48.550+0000][1][safepoint    ] Entering safepoint region: Cleanup
[2019-12-09T07:39:48.550+0000][1][safepoint    ] Leaving safepoint region
[2019-12-09T07:39:48.550+0000][1][safepoint    ] Total time for which application threads were stopped: 0.0000967 seconds, Stopping threads took: 0.0000187 seconds
[2019-12-09T07:39:49.550+0000][1][safepoint    ] Application time: 1.0000758 seconds
[2019-12-09T07:39:49.550+0000][1][safepoint    ] Entering safepoint region: Cleanup
[2019-12-09T07:39:49.550+0000][1][safepoint    ] Leaving safepoint region
[2019-12-09T07:39:49.550+0000][1][safepoint    ] Total time for which application threads were stopped: 0.0000930 seconds, Stopping threads took: 0.0000198 seconds
[2019-12-09T07:39:50.550+0000][1][safepoint    ] Application time: 1.0000759 seconds
[2019-12-09T07:39:50.550+0000][1][safepoint    ] Entering safepoint region: Cleanup
[2019-12-09T07:39:50.550+0000][1][safepoint    ] Leaving safepoint region
[2019-12-09T07:39:50.550+0000][1][safepoint    ] Total time for which application threads were stopped: 0.0000803 seconds, Stopping threads took: 0.0000184 seconds
[2019-12-09T07:39:51.550+0000][1][safepoint    ] Application time: 1.0000808 seconds
[2019-12-09T07:39:51.550+0000][1][safepoint    ] Entering safepoint region: Cleanup
[2019-12-09T07:39:51.550+0000][1][safepoint    ] Leaving safepoint region
[2019-12-09T07:39:51.550+0000][1][safepoint    ] Total time for which application threads were stopped: 0.0000821 seconds, Stopping threads took: 0.0000192 seconds
[2019-12-09T07:39:52.550+0000][1][safepoint    ] Application time: 1.0000776 seconds
[2019-12-09T07:39:52.550+0000][1][safepoint    ] Entering safepoint region: Cleanup
[2019-12-09T07:39:52.551+0000][1][safepoint    ] Leaving safepoint region
[2019-12-09T07:39:52.551+0000][1][safepoint    ] Total time for which application threads were stopped: 0.0000843 seconds, Stopping threads took: 0.0000195 seconds
[2019-12-09T07:39:53.551+0000][1][safepoint    ] Application time: 1.0000745 seconds
[2019-12-09T07:39:53.551+0000][1][safepoint    ] Entering safepoint region: Cleanup
[2019-12-09T07:39:53.551+0000][1][safepoint    ] Leaving safepoint region
[2019-12-09T07:39:53.551+0000][1][safepoint    ] Total time for which application threads were stopped: 0.0000958 seconds, Stopping threads took: 0.0000198 seconds
[2019-12-09T07:39:54.551+0000][1][safepoint    ] Application time: 1.0000805 seconds
[2019-12-09T07:39:54.551+0000][1][safepoint    ] Entering safepoint region: Cleanup
[2019-12-09T07:39:54.551+0000][1][safepoint    ] Leaving safepoint region
[2019-12-09T07:39:54.551+0000][1][safepoint    ] Total time for which application threads were stopped: 0.0000816 seconds, Stopping threads took: 0.0000188 seconds
[2019-12-09T07:39:55.551+0000][1][safepoint    ] Application time: 1.0000768 seconds
[2019-12-09T07:39:55.551+0000][1][safepoint    ] Entering safepoint region: Cleanup
[2019-12-09T07:39:55.551+0000][1][safepoint    ] Leaving safepoint region
[2019-12-09T07:39:55.551+0000][1][safepoint    ] Total time for which application threads were stopped: 0.0000844 seconds, Stopping threads took: 0.0000190 seconds
[2019-12-09T07:39:56.551+0000][1][safepoint    ] Application time: 1.0000788 seconds
[2019-12-09T07:39:56.551+0000][1][safepoint    ] Entering safepoint region: Cleanup
[2019-12-09T07:39:56.551+0000][1][safepoint    ] Leaving safepoint region
[2019-12-09T07:39:56.551+0000][1][safepoint    ] Total time for which application threads were stopped: 0.0000872 seconds, Stopping threads took: 0.0000210 seconds
[2019-12-09T07:39:57.551+0000][1][safepoint    ] Application time: 1.0000773 seconds
[2019-12-09T07:39:57.551+0000][1][safepoint    ] Entering safepoint region: Cleanup
[2019-12-09T07:39:57.552+0000][1][safepoint    ] Leaving safepoint region
[2019-12-09T07:39:57.552+0000][1][safepoint    ] Total time for which application threads were stopped: 0.0000803 seconds, Stopping threads took: 0.0000191 seconds
[2019-12-09T07:39:58.552+0000][1][safepoint    ] Application time: 1.0000769 seconds
[2019-12-09T07:39:58.552+0000][1][safepoint    ] Entering safepoint region: Cleanup
[2019-12-09T07:39:58.552+0000][1][safepoint    ] Leaving safepoint region
[2019-12-09T07:39:58.552+0000][1][safepoint    ] Total time for which application threads were stopped: 0.0000935 seconds, Stopping threads took: 0.0000197 seconds
[2019-12-09T07:39:59.552+0000][1][safepoint    ] Application time: 1.0000760 seconds
[2019-12-09T07:39:59.552+0000][1][safepoint    ] Entering safepoint region: Cleanup
[2019-12-09T07:39:59.552+0000][1][safepoint    ] Leaving safepoint region
[2019-12-09T07:39:59.552+0000][1][safepoint    ] Total time for which application threads were stopped: 0.0000915 seconds, Stopping threads took: 0.0000204 seconds
[2019-12-09T07:40:00.552+0000][1][safepoint    ] Application time: 1.0000776 seconds
[2019-12-09T07:40:00.552+0000][1][safepoint    ] Entering safepoint region: Cleanup
[2019-12-09T07:40:00.552+0000][1][safepoint    ] Leaving safepoint region
[2019-12-09T07:40:00.552+0000][1][safepoint    ] Total time for which application threads were stopped: 0.0000844 seconds, Stopping threads took: 0.0000188 seconds
[2019-12-09T07:40:01.554+0000][1][safepoint    ] Application time: 1.0020131 seconds
[2019-12-09T07:40:01.554+0000][1][safepoint    ] Entering safepoint region: Cleanup
[2019-12-09T07:40:01.554+0000][1][safepoint    ] Leaving safepoint region
[2019-12-09T07:40:01.554+0000][1][safepoint    ] Total time for which application threads were stopped: 0.0001239 seconds, Stopping threads took: 0.0000287 seconds
[2019-12-09T07:40:02.554+0000][1][safepoint    ] Application time: 1.0000796 seconds
[2019-12-09T07:40:02.554+0000][1][safepoint    ] Entering safepoint region: Cleanup
[2019-12-09T07:40:02.555+0000][1][safepoint    ] Leaving safepoint region
[2019-12-09T07:40:02.555+0000][1][safepoint    ] Total time for which application threads were stopped: 0.0000943 seconds, Stopping threads took: 0.0000200 seconds
[2019-12-09T07:40:03.555+0000][1][safepoint    ] Application time: 1.0000758 seconds
[2019-12-09T07:40:03.555+0000][1][safepoint    ] Entering safepoint region: Cleanup
[2019-12-09T07:40:03.555+0000][1][safepoint    ] Leaving safepoint region
[2019-12-09T07:40:03.555+0000][1][safepoint    ] Total time for which application threads were stopped: 0.0001003 seconds, Stopping threads took: 0.0000188 seconds
[2019-12-09T07:40:04.555+0000][1][safepoint    ] Application time: 1.0000732 seconds
[2019-12-09T07:40:04.555+0000][1][safepoint    ] Entering safepoint region: Cleanup
[2019-12-09T07:40:04.555+0000][1][safepoint    ] Leaving safepoint region
[2019-12-09T07:40:04.555+0000][1][safepoint    ] Total time for which application threads were stopped: 0.0000877 seconds, Stopping threads took: 0.0000184 seconds
[2019-12-09T07:40:05.555+0000][1][safepoint    ] Application time: 1.0000754 seconds
[2019-12-09T07:40:05.555+0000][1][safepoint    ] Entering safepoint region: Cleanup
[2019-12-09T07:40:05.555+0000][1][safepoint    ] Leaving safepoint region
[2019-12-09T07:40:05.555+0000][1][safepoint    ] Total time for which application threads were stopped: 0.0000858 seconds, Stopping threads took: 0.0000201 seconds
[2019-12-09T07:40:06.555+0000][1][safepoint    ] Application time: 1.0000762 seconds
[2019-12-09T07:40:06.555+0000][1][safepoint    ] Entering safepoint region: Cleanup
[2019-12-09T07:40:06.555+0000][1][safepoint    ] Leaving safepoint region
[2019-12-09T07:40:06.555+0000][1][safepoint    ] Total time for which application threads were stopped: 0.0000871 seconds, Stopping threads took: 0.0000215 seconds
[2019-12-09T07:40:07.555+0000][1][safepoint    ] Application time: 1.0000761 seconds
[2019-12-09T07:40:07.555+0000][1][safepoint    ] Entering safepoint region: Cleanup
[2019-12-09T07:40:07.556+0000][1][safepoint    ] Leaving safepoint region
[2019-12-09T07:40:07.556+0000][1][safepoint    ] Total time for which application threads were stopped: 0.0000844 seconds, Stopping threads took: 0.0000197 seconds
[2019-12-09T07:40:08.556+0000][1][safepoint    ] Application time: 1.0000777 seconds
[2019-12-09T07:40:08.556+0000][1][safepoint    ] Entering safepoint region: Cleanup
[2019-12-09T07:40:08.556+0000][1][safepoint    ] Leaving safepoint region
[2019-12-09T07:40:08.556+0000][1][safepoint    ] Total time for which application threads were stopped: 0.0000990 seconds, Stopping threads took: 0.0000307 seconds
[2019-12-09T07:40:09.556+0000][1][safepoint    ] Application time: 1.0000759 seconds
[2019-12-09T07:40:09.556+0000][1][safepoint    ] Entering safepoint region: Cleanup
[2019-12-09T07:40:09.556+0000][1][safepoint    ] Leaving safepoint region
[2019-12-09T07:40:09.556+0000][1][safepoint    ] Total time for which application threads were stopped: 0.0000943 seconds, Stopping threads took: 0.0000204 seconds
[2019-12-09T07:40:10.556+0000][1][safepoint    ] Application time: 1.0000779 seconds
[2019-12-09T07:40:10.556+0000][1][safepoint    ] Entering safepoint region: Cleanup
[2019-12-09T07:40:10.556+0000][1][safepoint    ] Leaving safepoint region
[2019-12-09T07:40:10.556+0000][1][safepoint    ] Total time for which application threads were stopped: 0.0000868 seconds, Stopping threads took: 0.0000210 seconds
[2019-12-09T07:40:11.556+0000][1][safepoint    ] Application time: 1.0000768 seconds
[2019-12-09T07:40:11.556+0000][1][safepoint    ] Entering safepoint region: Cleanup
[2019-12-09T07:40:11.556+0000][1][safepoint    ] Leaving safepoint region
[2019-12-09T07:40:11.556+0000][1][safepoint    ] Total time for which application threads were stopped: 0.0000858 seconds, Stopping threads took: 0.0000198 seconds
[2019-12-09T07:40:12.270+0000][1][safepoint    ] Application time: 0.7132241 seconds
[2019-12-09T07:40:12.270+0000][1][safepoint    ] Entering safepoint region: GenCollectForAllocation
[2019-12-09T07:40:12.270+0000][1][gc,start     ] GC(79) Pause Young (Allocation Failure)
[2019-12-09T07:40:12.270+0000][1][gc,task      ] GC(79) Using 2 workers of 2 for evacuation
[2019-12-09T07:40:12.272+0000][1][gc,age       ] GC(79) Desired survivor size 4456448 bytes, new threshold 6 (max threshold 6)
[2019-12-09T07:40:12.272+0000][1][gc,age       ] GC(79) Age table with threshold 6 (max threshold 6)
[2019-12-09T07:40:12.272+0000][1][gc,age       ] GC(79) - age   1:     821384 bytes,     821384 total
[2019-12-09T07:40:12.272+0000][1][gc,age       ] GC(79) - age   2:        392 bytes,     821776 total
[2019-12-09T07:40:12.272+0000][1][gc,age       ] GC(79) - age   3:        848 bytes,     822624 total
[2019-12-09T07:40:12.272+0000][1][gc,age       ] GC(79) - age   4:        344 bytes,     822968 total
[2019-12-09T07:40:12.272+0000][1][gc,age       ] GC(79) - age   6:        320 bytes,     823288 total
[2019-12-09T07:40:12.272+0000][1][gc,heap      ] GC(79) ParNew: 70710K->1077K(78656K)
[2019-12-09T07:40:12.272+0000][1][gc,heap      ] GC(79) CMS: 70948K->70948K(174784K)
[2019-12-09T07:40:12.272+0000][1][gc,metaspace ] GC(79) Metaspace: 76290K->76290K(1120256K)
[2019-12-09T07:40:12.272+0000][1][gc           ] GC(79) Pause Young (Allocation Failure) 138M->70M(247M) 1.970ms
[2019-12-09T07:40:12.272+0000][1][gc,cpu       ] GC(79) User=0.01s Sys=0.00s Real=0.00s
[2019-12-09T07:40:12.272+0000][1][safepoint    ] Leaving safepoint region
[2019-12-09T07:40:12.272+0000][1][safepoint    ] Total time for which application threads were stopped: 0.0021435 seconds, Stopping threads took: 0.0000324 seconds
[2019-12-09T07:40:13.272+0000][1][safepoint    ] Application time: 1.0000923 seconds
[2019-12-09T07:40:13.272+0000][1][safepoint    ] Entering safepoint region: Cleanup
[2019-12-09T07:40:13.272+0000][1][safepoint    ] Leaving safepoint region
[2019-12-09T07:40:13.272+0000][1][safepoint    ] Total time for which application threads were stopped: 0.0000895 seconds, Stopping threads took: 0.0000193 seconds
[2019-12-09T07:40:14.272+0000][1][safepoint    ] Application time: 1.0000817 seconds
[2019-12-09T07:40:14.272+0000][1][safepoint    ] Entering safepoint region: Cleanup
[2019-12-09T07:40:14.272+0000][1][safepoint    ] Leaving safepoint region
[2019-12-09T07:40:14.272+0000][1][safepoint    ] Total time for which application threads were stopped: 0.0000855 seconds, Stopping threads took: 0.0000227 seconds
[2019-12-09T07:40:15.272+0000][1][safepoint    ] Application time: 1.0000780 seconds
[2019-12-09T07:40:15.272+0000][1][safepoint    ] Entering safepoint region: Cleanup
[2019-12-09T07:40:15.272+0000][1][safepoint    ] Leaving safepoint region
[2019-12-09T07:40:15.272+0000][1][safepoint    ] Total time for which application threads were stopped: 0.0000839 seconds, Stopping threads took: 0.0000196 seconds
[2019-12-09T07:40:16.273+0000][1][safepoint    ] Application time: 1.0000765 seconds
[2019-12-09T07:40:16.273+0000][1][safepoint    ] Entering safepoint region: Cleanup
[2019-12-09T07:40:16.273+0000][1][safepoint    ] Leaving safepoint region
[2019-12-09T07:40:16.273+0000][1][safepoint    ] Total time for which application threads were stopped: 0.0000911 seconds, Stopping threads took: 0.0000277 seconds
[2019-12-09T07:40:17.273+0000][1][safepoint    ] Application time: 1.0000780 seconds
[2019-12-09T07:40:17.273+0000][1][safepoint    ] Entering safepoint region: Cleanup
[2019-12-09T07:40:17.273+0000][1][safepoint    ] Leaving safepoint region
[2019-12-09T07:40:17.273+0000][1][safepoint    ] Total time for which application threads were stopped: 0.0000827 seconds, Stopping threads took: 0.0000177 seconds
[2019-12-09T07:40:18.273+0000][1][safepoint    ] Application time: 1.0000790 seconds
[2019-12-09T07:40:18.273+0000][1][safepoint    ] Entering safepoint region: Cleanup
[2019-12-09T07:40:18.273+0000][1][safepoint    ] Leaving safepoint region
[2019-12-09T07:40:18.273+0000][1][safepoint    ] Total time for which application threads were stopped: 0.0000883 seconds, Stopping threads took: 0.0000179 seconds
[2019-12-09T07:40:19.273+0000][1][safepoint    ] Application time: 1.0000781 seconds
[2019-12-09T07:40:19.273+0000][1][safepoint    ] Entering safepoint region: Cleanup
[2019-12-09T07:40:19.273+0000][1][safepoint    ] Leaving safepoint region
[2019-12-09T07:40:19.273+0000][1][safepoint    ] Total time for which application threads were stopped: 0.0000808 seconds, Stopping threads took: 0.0000172 seconds
[2019-12-09T07:40:20.273+0000][1][safepoint    ] Application time: 1.0000772 seconds
[2019-12-09T07:40:20.273+0000][1][safepoint    ] Entering safepoint region: Cleanup
[2019-12-09T07:40:20.273+0000][1][safepoint    ] Leaving safepoint region
[2019-12-09T07:40:20.273+0000][1][safepoint    ] Total time for which application threads were stopped: 0.0000784 seconds, Stopping threads took: 0.0000182 seconds
[2019-12-09T07:40:21.274+0000][1][safepoint    ] Application time: 1.0000792 seconds
[2019-12-09T07:40:21.274+0000][1][safepoint    ] Entering safepoint region: Cleanup
[2019-12-09T07:40:21.274+0000][1][safepoint    ] Leaving safepoint region
[2019-12-09T07:40:21.274+0000][1][safepoint    ] Total time for which application threads were stopped: 0.0000966 seconds, Stopping threads took: 0.0000202 seconds
[2019-12-09T07:40:22.274+0000][1][safepoint    ] Application time: 1.0000802 seconds
[2019-12-09T07:40:22.274+0000][1][safepoint    ] Entering safepoint region: Cleanup
[2019-12-09T07:40:22.274+0000][1][safepoint    ] Leaving safepoint region
[2019-12-09T07:40:22.274+0000][1][safepoint    ] Total time for which application threads were stopped: 0.0000859 seconds, Stopping threads took: 0.0000198 seconds
[2019-12-09T07:40:23.274+0000][1][safepoint    ] Application time: 1.0000809 seconds
[2019-12-09T07:40:23.274+0000][1][safepoint    ] Entering safepoint region: Cleanup
[2019-12-09T07:40:23.274+0000][1][safepoint    ] Leaving safepoint region
[2019-12-09T07:40:23.274+0000][1][safepoint    ] Total time for which application threads were stopped: 0.0000826 seconds, Stopping threads took: 0.0000194 seconds
[2019-12-09T07:40:24.775+0000][1][safepoint    ] Application time: 1.5007581 seconds
[2019-12-09T07:40:24.775+0000][1][safepoint    ] Entering safepoint region: Cleanup
[2019-12-09T07:40:24.775+0000][1][safepoint    ] Leaving safepoint region
[2019-12-09T07:40:24.775+0000][1][safepoint    ] Total time for which application threads were stopped: 0.0001038 seconds, Stopping threads took: 0.0000279 seconds
[2019-12-09T07:40:25.775+0000][1][safepoint    ] Application time: 1.0000780 seconds
[2019-12-09T07:40:25.775+0000][1][safepoint    ] Entering safepoint region: Cleanup
[2019-12-09T07:40:25.775+0000][1][safepoint    ] Leaving safepoint region
[2019-12-09T07:40:25.775+0000][1][safepoint    ] Total time for which application threads were stopped: 0.0000841 seconds, Stopping threads took: 0.0000182 seconds
[2019-12-09T07:40:26.775+0000][1][safepoint    ] Application time: 1.0000778 seconds
[2019-12-09T07:40:26.775+0000][1][safepoint    ] Entering safepoint region: Cleanup
[2019-12-09T07:40:26.775+0000][1][safepoint    ] Leaving safepoint region
[2019-12-09T07:40:26.775+0000][1][safepoint    ] Total time for which application threads were stopped: 0.0000929 seconds, Stopping threads took: 0.0000248 seconds
[2019-12-09T07:40:27.775+0000][1][safepoint    ] Application time: 1.0000787 seconds
[2019-12-09T07:40:27.776+0000][1][safepoint    ] Entering safepoint region: Cleanup
[2019-12-09T07:40:27.776+0000][1][safepoint    ] Leaving safepoint region
[2019-12-09T07:40:27.776+0000][1][safepoint    ] Total time for which application threads were stopped: 0.0000841 seconds, Stopping threads took: 0.0000193 seconds
[2019-12-09T07:40:28.776+0000][1][safepoint    ] Application time: 1.0000772 seconds
[2019-12-09T07:40:28.776+0000][1][safepoint    ] Entering safepoint region: Cleanup
[2019-12-09T07:40:28.776+0000][1][safepoint    ] Leaving safepoint region
[2019-12-09T07:40:28.776+0000][1][safepoint    ] Total time for which application threads were stopped: 0.0000831 seconds, Stopping threads took: 0.0000183 seconds
[2019-12-09T07:40:29.776+0000][1][safepoint    ] Application time: 1.0000773 seconds
[2019-12-09T07:40:29.776+0000][1][safepoint    ] Entering safepoint region: Cleanup
[2019-12-09T07:40:29.776+0000][1][safepoint    ] Leaving safepoint region
[2019-12-09T07:40:29.776+0000][1][safepoint    ] Total time for which application threads were stopped: 0.0000855 seconds, Stopping threads took: 0.0000208 seconds
[2019-12-09T07:40:30.776+0000][1][safepoint    ] Application time: 1.0000750 seconds
[2019-12-09T07:40:30.776+0000][1][safepoint    ] Entering safepoint region: Cleanup
[2019-12-09T07:40:30.776+0000][1][safepoint    ] Leaving safepoint region
[2019-12-09T07:40:30.776+0000][1][safepoint    ] Total time for which application threads were stopped: 0.0000818 seconds, Stopping threads took: 0.0000195 seconds
[2019-12-09T07:40:31.776+0000][1][safepoint    ] Application time: 1.0000777 seconds
[2019-12-09T07:40:31.776+0000][1][safepoint    ] Entering safepoint region: Cleanup
[2019-12-09T07:40:31.776+0000][1][safepoint    ] Leaving safepoint region
[2019-12-09T07:40:31.776+0000][1][safepoint    ] Total time for which application threads were stopped: 0.0000752 seconds, Stopping threads took: 0.0000164 seconds
[2019-12-09T07:40:32.776+0000][1][safepoint    ] Application time: 1.0000773 seconds
[2019-12-09T07:40:32.777+0000][1][safepoint    ] Entering safepoint region: Cleanup
[2019-12-09T07:40:32.777+0000][1][safepoint    ] Leaving safepoint region
[2019-12-09T07:40:32.777+0000][1][safepoint    ] Total time for which application threads were stopped: 0.0000818 seconds, Stopping threads took: 0.0000189 seconds
[2019-12-09T07:40:33.777+0000][1][safepoint    ] Application time: 1.0000748 seconds
[2019-12-09T07:40:33.777+0000][1][safepoint    ] Entering safepoint region: Cleanup
[2019-12-09T07:40:33.777+0000][1][safepoint    ] Leaving safepoint region
[2019-12-09T07:40:33.777+0000][1][safepoint    ] Total time for which application threads were stopped: 0.0000819 seconds, Stopping threads took: 0.0000184 seconds
[2019-12-09T07:40:34.777+0000][1][safepoint    ] Application time: 1.0000754 seconds
[2019-12-09T07:40:34.777+0000][1][safepoint    ] Entering safepoint region: Cleanup
[2019-12-09T07:40:34.777+0000][1][safepoint    ] Leaving safepoint region
[2019-12-09T07:40:34.777+0000][1][safepoint    ] Total time for which application threads were stopped: 0.0000817 seconds, Stopping threads took: 0.0000199 seconds
[2019-12-09T07:40:35.777+0000][1][safepoint    ] Application time: 1.0000754 seconds
[2019-12-09T07:40:35.777+0000][1][safepoint    ] Entering safepoint region: Cleanup
[2019-12-09T07:40:35.777+0000][1][safepoint    ] Leaving safepoint region
[2019-12-09T07:40:35.777+0000][1][safepoint    ] Total time for which application threads were stopped: 0.0000813 seconds, Stopping threads took: 0.0000188 seconds
[2019-12-09T07:40:36.777+0000][1][safepoint    ] Application time: 1.0000811 seconds
[2019-12-09T07:40:36.777+0000][1][safepoint    ] Entering safepoint region: Cleanup
[2019-12-09T07:40:36.777+0000][1][safepoint    ] Leaving safepoint region
[2019-12-09T07:40:36.777+0000][1][safepoint    ] Total time for which application threads were stopped: 0.0000841 seconds, Stopping threads took: 0.0000228 seconds
[2019-12-09T07:40:37.777+0000][1][safepoint    ] Application time: 1.0000764 seconds
[2019-12-09T07:40:37.778+0000][1][safepoint    ] Entering safepoint region: Cleanup
[2019-12-09T07:40:37.778+0000][1][safepoint    ] Leaving safepoint region
[2019-12-09T07:40:37.778+0000][1][safepoint    ] Total time for which application threads were stopped: 0.0000799 seconds, Stopping threads took: 0.0000181 seconds
[2019-12-09T07:40:38.778+0000][1][safepoint    ] Application time: 1.0000772 seconds
[2019-12-09T07:40:38.778+0000][1][safepoint    ] Entering safepoint region: Cleanup
[2019-12-09T07:40:38.778+0000][1][safepoint    ] Leaving safepoint region
[2019-12-09T07:40:38.778+0000][1][safepoint    ] Total time for which application threads were stopped: 0.0000836 seconds, Stopping threads took: 0.0000198 seconds
[2019-12-09T07:40:39.778+0000][1][safepoint    ] Application time: 1.0000766 seconds
[2019-12-09T07:40:39.778+0000][1][safepoint    ] Entering safepoint region: Cleanup
[2019-12-09T07:40:39.778+0000][1][safepoint    ] Leaving safepoint region
[2019-12-09T07:40:39.778+0000][1][safepoint    ] Total time for which application threads were stopped: 0.0000816 seconds, Stopping threads took: 0.0000188 seconds
[2019-12-09T07:40:40.778+0000][1][safepoint    ] Application time: 1.0000820 seconds
[2019-12-09T07:40:40.778+0000][1][safepoint    ] Entering safepoint region: Cleanup
[2019-12-09T07:40:40.778+0000][1][safepoint    ] Leaving safepoint region
[2019-12-09T07:40:40.778+0000][1][safepoint    ] Total time for which application threads were stopped: 0.0000856 seconds, Stopping threads took: 0.0000208 seconds
[2019-12-09T07:40:41.778+0000][1][safepoint    ] Application time: 1.0000763 seconds
[2019-12-09T07:40:41.778+0000][1][safepoint    ] Entering safepoint region: Cleanup
[2019-12-09T07:40:41.778+0000][1][safepoint    ] Leaving safepoint region
[2019-12-09T07:40:41.778+0000][1][safepoint    ] Total time for which application threads were stopped: 0.0000855 seconds, Stopping threads took: 0.0000200 seconds
[2019-12-09T07:40:42.778+0000][1][safepoint    ] Application time: 1.0000773 seconds
[2019-12-09T07:40:42.779+0000][1][safepoint    ] Entering safepoint region: Cleanup
[2019-12-09T07:40:42.779+0000][1][safepoint    ] Leaving safepoint region
[2019-12-09T07:40:42.779+0000][1][safepoint    ] Total time for which application threads were stopped: 0.0000846 seconds, Stopping threads took: 0.0000192 seconds
[2019-12-09T07:40:43.779+0000][1][safepoint    ] Application time: 1.0000845 seconds
[2019-12-09T07:40:43.779+0000][1][safepoint    ] Entering safepoint region: Cleanup
[2019-12-09T07:40:43.779+0000][1][safepoint    ] Leaving safepoint region
[2019-12-09T07:40:43.779+0000][1][safepoint    ] Total time for which application threads were stopped: 0.0000873 seconds, Stopping threads took: 0.0000215 seconds
[2019-12-09T07:40:44.779+0000][1][safepoint    ] Application time: 1.0000766 seconds
[2019-12-09T07:40:44.779+0000][1][safepoint    ] Entering safepoint region: Cleanup
[2019-12-09T07:40:44.779+0000][1][safepoint    ] Leaving safepoint region
[2019-12-09T07:40:44.779+0000][1][safepoint    ] Total time for which application threads were stopped: 0.0000832 seconds, Stopping threads took: 0.0000186 seconds
[2019-12-09T07:40:45.779+0000][1][safepoint    ] Application time: 1.0000730 seconds
[2019-12-09T07:40:45.779+0000][1][safepoint    ] Entering safepoint region: Cleanup
[2019-12-09T07:40:45.779+0000][1][safepoint    ] Leaving safepoint region
[2019-12-09T07:40:45.779+0000][1][safepoint    ] Total time for which application threads were stopped: 0.0000741 seconds, Stopping threads took: 0.0000152 seconds
[2019-12-09T07:40:46.779+0000][1][safepoint    ] Application time: 1.0000784 seconds
[2019-12-09T07:40:46.779+0000][1][safepoint    ] Entering safepoint region: Cleanup
[2019-12-09T07:40:46.779+0000][1][safepoint    ] Leaving safepoint region
[2019-12-09T07:40:46.779+0000][1][safepoint    ] Total time for which application threads were stopped: 0.0000920 seconds, Stopping threads took: 0.0000283 seconds
[2019-12-09T07:40:47.779+0000][1][safepoint    ] Application time: 1.0000787 seconds
[2019-12-09T07:40:47.780+0000][1][safepoint    ] Entering safepoint region: Cleanup
[2019-12-09T07:40:47.780+0000][1][safepoint    ] Leaving safepoint region
[2019-12-09T07:40:47.780+0000][1][safepoint    ] Total time for which application threads were stopped: 0.0000883 seconds, Stopping threads took: 0.0000201 seconds
[2019-12-09T07:40:48.780+0000][1][safepoint    ] Application time: 1.0000877 seconds
[2019-12-09T07:40:48.780+0000][1][safepoint    ] Entering safepoint region: Cleanup
[2019-12-09T07:40:48.780+0000][1][safepoint    ] Leaving safepoint region
[2019-12-09T07:40:48.780+0000][1][safepoint    ] Total time for which application threads were stopped: 0.0000860 seconds, Stopping threads took: 0.0000203 seconds
[2019-12-09T07:40:49.780+0000][1][safepoint    ] Application time: 1.0000784 seconds
[2019-12-09T07:40:49.780+0000][1][safepoint    ] Entering safepoint region: Cleanup
[2019-12-09T07:40:49.780+0000][1][safepoint    ] Leaving safepoint region
[2019-12-09T07:40:49.780+0000][1][safepoint    ] Total time for which application threads were stopped: 0.0000853 seconds, Stopping threads took: 0.0000213 seconds
[2019-12-09T07:40:50.780+0000][1][safepoint    ] Application time: 1.0000767 seconds
[2019-12-09T07:40:50.780+0000][1][safepoint    ] Entering safepoint region: Cleanup
[2019-12-09T07:40:50.780+0000][1][safepoint    ] Leaving safepoint region
[2019-12-09T07:40:50.780+0000][1][safepoint    ] Total time for which application threads were stopped: 0.0000868 seconds, Stopping threads took: 0.0000207 seconds
[2019-12-09T07:40:51.780+0000][1][safepoint    ] Application time: 1.0000778 seconds
[2019-12-09T07:40:51.780+0000][1][safepoint    ] Entering safepoint region: Cleanup
[2019-12-09T07:40:51.780+0000][1][safepoint    ] Leaving safepoint region
[2019-12-09T07:40:51.780+0000][1][safepoint    ] Total time for which application threads were stopped: 0.0000823 seconds, Stopping threads took: 0.0000192 seconds
[2019-12-09T07:40:52.781+0000][1][safepoint    ] Application time: 1.0000790 seconds
[2019-12-09T07:40:52.781+0000][1][safepoint    ] Entering safepoint region: Cleanup
[2019-12-09T07:40:52.781+0000][1][safepoint    ] Leaving safepoint region
[2019-12-09T07:40:52.781+0000][1][safepoint    ] Total time for which application threads were stopped: 0.0000847 seconds, Stopping threads took: 0.0000186 seconds
[2019-12-09T07:40:53.781+0000][1][safepoint    ] Application time: 1.0000797 seconds
[2019-12-09T07:40:53.781+0000][1][safepoint    ] Entering safepoint region: Cleanup
[2019-12-09T07:40:53.781+0000][1][safepoint    ] Leaving safepoint region
[2019-12-09T07:40:53.781+0000][1][safepoint    ] Total time for which application threads were stopped: 0.0000972 seconds, Stopping threads took: 0.0000311 seconds
[2019-12-09T07:40:54.351+0000][1][safepoint    ] Application time: 0.5701044 seconds
[2019-12-09T07:40:54.351+0000][1][safepoint    ] Entering safepoint region: GenCollectForAllocation
[2019-12-09T07:40:54.351+0000][1][gc,start     ] GC(80) Pause Young (Allocation Failure)
[2019-12-09T07:40:54.351+0000][1][gc,task      ] GC(80) Using 2 workers of 2 for evacuation
[2019-12-09T07:40:54.353+0000][1][gc,age       ] GC(80) Desired survivor size 4456448 bytes, new threshold 6 (max threshold 6)
[2019-12-09T07:40:54.353+0000][1][gc,age       ] GC(80) Age table with threshold 6 (max threshold 6)
[2019-12-09T07:40:54.353+0000][1][gc,age       ] GC(80) - age   1:     972352 bytes,     972352 total
[2019-12-09T07:40:54.353+0000][1][gc,age       ] GC(80) - age   2:        648 bytes,     973000 total
[2019-12-09T07:40:54.353+0000][1][gc,age       ] GC(80) - age   3:        392 bytes,     973392 total
[2019-12-09T07:40:54.353+0000][1][gc,age       ] GC(80) - age   4:        848 bytes,     974240 total
[2019-12-09T07:40:54.353+0000][1][gc,age       ] GC(80) - age   5:        344 bytes,     974584 total
[2019-12-09T07:40:54.353+0000][1][gc,heap      ] GC(80) ParNew: 71029K->1159K(78656K)
[2019-12-09T07:40:54.353+0000][1][gc,heap      ] GC(80) CMS: 70948K->70948K(174784K)
[2019-12-09T07:40:54.353+0000][1][gc,metaspace ] GC(80) Metaspace: 76294K->76294K(1120256K)
[2019-12-09T07:40:54.353+0000][1][gc           ] GC(80) Pause Young (Allocation Failure) 138M->70M(247M) 2.144ms
[2019-12-09T07:40:54.353+0000][1][gc,cpu       ] GC(80) User=0.00s Sys=0.00s Real=0.00s
[2019-12-09T07:40:54.353+0000][1][safepoint    ] Leaving safepoint region
[2019-12-09T07:40:54.353+0000][1][safepoint    ] Total time for which application threads were stopped: 0.0023632 seconds, Stopping threads took: 0.0000781 seconds
[2019-12-09T07:40:55.353+0000][1][safepoint    ] Application time: 1.0000940 seconds
[2019-12-09T07:40:55.354+0000][1][safepoint    ] Entering safepoint region: Cleanup
[2019-12-09T07:40:55.354+0000][1][safepoint    ] Leaving safepoint region
[2019-12-09T07:40:55.354+0000][1][safepoint    ] Total time for which application threads were stopped: 0.0000848 seconds, Stopping threads took: 0.0000209 seconds
[2019-12-09T07:40:56.354+0000][1][safepoint    ] Application time: 1.0000759 seconds
[2019-12-09T07:40:56.354+0000][1][safepoint    ] Entering safepoint region: Cleanup
[2019-12-09T07:40:56.354+0000][1][safepoint    ] Leaving safepoint region
[2019-12-09T07:40:56.354+0000][1][safepoint    ] Total time for which application threads were stopped: 0.0000809 seconds, Stopping threads took: 0.0000195 seconds
[2019-12-09T07:40:57.354+0000][1][safepoint    ] Application time: 1.0000790 seconds
[2019-12-09T07:40:57.354+0000][1][safepoint    ] Entering safepoint region: Cleanup
[2019-12-09T07:40:57.354+0000][1][safepoint    ] Leaving safepoint region
[2019-12-09T07:40:57.354+0000][1][safepoint    ] Total time for which application threads were stopped: 0.0000804 seconds, Stopping threads took: 0.0000181 seconds
[2019-12-09T07:40:58.354+0000][1][safepoint    ] Application time: 1.0000742 seconds
[2019-12-09T07:40:58.354+0000][1][safepoint    ] Entering safepoint region: Cleanup
[2019-12-09T07:40:58.354+0000][1][safepoint    ] Leaving safepoint region
[2019-12-09T07:40:58.354+0000][1][safepoint    ] Total time for which application threads were stopped: 0.0000833 seconds, Stopping threads took: 0.0000184 seconds
[2019-12-09T07:40:59.354+0000][1][safepoint    ] Application time: 1.0000787 seconds
[2019-12-09T07:40:59.354+0000][1][safepoint    ] Entering safepoint region: Cleanup
[2019-12-09T07:40:59.354+0000][1][safepoint    ] Leaving safepoint region
[2019-12-09T07:40:59.354+0000][1][safepoint    ] Total time for which application threads were stopped: 0.0000819 seconds, Stopping threads took: 0.0000185 seconds
[2019-12-09T07:41:00.355+0000][1][safepoint    ] Application time: 1.0000752 seconds
[2019-12-09T07:41:00.355+0000][1][safepoint    ] Entering safepoint region: Cleanup
[2019-12-09T07:41:00.355+0000][1][safepoint    ] Leaving safepoint region
[2019-12-09T07:41:00.355+0000][1][safepoint    ] Total time for which application threads were stopped: 0.0000949 seconds, Stopping threads took: 0.0000203 seconds
[2019-12-09T07:41:01.355+0000][1][safepoint    ] Application time: 1.0000760 seconds
[2019-12-09T07:41:01.355+0000][1][safepoint    ] Entering safepoint region: Cleanup
[2019-12-09T07:41:01.355+0000][1][safepoint    ] Leaving safepoint region
[2019-12-09T07:41:01.355+0000][1][safepoint    ] Total time for which application threads were stopped: 0.0000877 seconds, Stopping threads took: 0.0000203 seconds
[2019-12-09T07:41:02.355+0000][1][safepoint    ] Application time: 1.0000779 seconds
[2019-12-09T07:41:02.355+0000][1][safepoint    ] Entering safepoint region: Cleanup
[2019-12-09T07:41:02.355+0000][1][safepoint    ] Leaving safepoint region
[2019-12-09T07:41:02.355+0000][1][safepoint    ] Total time for which application threads were stopped: 0.0000889 seconds, Stopping threads took: 0.0000201 seconds
[2019-12-09T07:41:03.355+0000][1][safepoint    ] Application time: 1.0000787 seconds
[2019-12-09T07:41:03.355+0000][1][safepoint    ] Entering safepoint region: Cleanup
[2019-12-09T07:41:03.355+0000][1][safepoint    ] Leaving safepoint region
[2019-12-09T07:41:03.355+0000][1][safepoint    ] Total time for which application threads were stopped: 0.0000859 seconds, Stopping threads took: 0.0000204 seconds
[2019-12-09T07:41:04.355+0000][1][safepoint    ] Application time: 1.0000766 seconds
[2019-12-09T07:41:04.355+0000][1][safepoint    ] Entering safepoint region: Cleanup
[2019-12-09T07:41:04.355+0000][1][safepoint    ] Leaving safepoint region
[2019-12-09T07:41:04.355+0000][1][safepoint    ] Total time for which application threads were stopped: 0.0000887 seconds, Stopping threads took: 0.0000210 seconds
[2019-12-09T07:41:05.356+0000][1][safepoint    ] Application time: 1.0000807 seconds
[2019-12-09T07:41:05.356+0000][1][safepoint    ] Entering safepoint region: Cleanup
[2019-12-09T07:41:05.356+0000][1][safepoint    ] Leaving safepoint region
[2019-12-09T07:41:05.356+0000][1][safepoint    ] Total time for which application threads were stopped: 0.0000991 seconds, Stopping threads took: 0.0000197 seconds
[2019-12-09T07:41:06.356+0000][1][safepoint    ] Application time: 1.0000783 seconds
[2019-12-09T07:41:06.356+0000][1][safepoint    ] Entering safepoint region: Cleanup
[2019-12-09T07:41:06.356+0000][1][safepoint    ] Leaving safepoint region
[2019-12-09T07:41:06.356+0000][1][safepoint    ] Total time for which application threads were stopped: 0.0000860 seconds, Stopping threads took: 0.0000200 seconds
[2019-12-09T07:41:07.356+0000][1][safepoint    ] Application time: 1.0000760 seconds
[2019-12-09T07:41:07.356+0000][1][safepoint    ] Entering safepoint region: Cleanup
[2019-12-09T07:41:07.356+0000][1][safepoint    ] Leaving safepoint region
[2019-12-09T07:41:07.356+0000][1][safepoint    ] Total time for which application threads were stopped: 0.0000852 seconds, Stopping threads took: 0.0000198 seconds
[2019-12-09T07:41:08.356+0000][1][safepoint    ] Application time: 1.0000745 seconds
[2019-12-09T07:41:08.356+0000][1][safepoint    ] Entering safepoint region: Cleanup
[2019-12-09T07:41:08.356+0000][1][safepoint    ] Leaving safepoint region
[2019-12-09T07:41:08.356+0000][1][safepoint    ] Total time for which application threads were stopped: 0.0000870 seconds, Stopping threads took: 0.0000219 seconds
[2019-12-09T07:41:09.356+0000][1][safepoint    ] Application time: 1.0000758 seconds
[2019-12-09T07:41:09.356+0000][1][safepoint    ] Entering safepoint region: Cleanup
[2019-12-09T07:41:09.357+0000][1][safepoint    ] Leaving safepoint region
[2019-12-09T07:41:09.357+0000][1][safepoint    ] Total time for which application threads were stopped: 0.0000830 seconds, Stopping threads took: 0.0000184 seconds
[2019-12-09T07:41:10.357+0000][1][safepoint    ] Application time: 1.0000764 seconds
[2019-12-09T07:41:10.357+0000][1][safepoint    ] Entering safepoint region: Cleanup
[2019-12-09T07:41:10.357+0000][1][safepoint    ] Leaving safepoint region
[2019-12-09T07:41:10.357+0000][1][safepoint    ] Total time for which application threads were stopped: 0.0000943 seconds, Stopping threads took: 0.0000284 seconds
[2019-12-09T07:41:11.357+0000][1][safepoint    ] Application time: 1.0000752 seconds
[2019-12-09T07:41:11.357+0000][1][safepoint    ] Entering safepoint region: Cleanup
[2019-12-09T07:41:11.357+0000][1][safepoint    ] Leaving safepoint region
[2019-12-09T07:41:11.357+0000][1][safepoint    ] Total time for which application threads were stopped: 0.0000853 seconds, Stopping threads took: 0.0000205 seconds
[2019-12-09T07:41:12.525+0000][1][safepoint    ] Application time: 1.1683647 seconds
[2019-12-09T07:41:12.525+0000][1][safepoint    ] Entering safepoint region: Cleanup
[2019-12-09T07:41:12.525+0000][1][safepoint    ] Leaving safepoint region
[2019-12-09T07:41:12.525+0000][1][safepoint    ] Total time for which application threads were stopped: 0.0000952 seconds, Stopping threads took: 0.0000215 seconds
[2019-12-09T07:41:13.526+0000][1][safepoint    ] Application time: 1.0000777 seconds
[2019-12-09T07:41:13.526+0000][1][safepoint    ] Entering safepoint region: Cleanup
[2019-12-09T07:41:13.526+0000][1][safepoint    ] Leaving safepoint region
[2019-12-09T07:41:13.526+0000][1][safepoint    ] Total time for which application threads were stopped: 0.0000988 seconds, Stopping threads took: 0.0000195 seconds
[2019-12-09T07:41:14.526+0000][1][safepoint    ] Application time: 1.0000806 seconds
[2019-12-09T07:41:14.526+0000][1][safepoint    ] Entering safepoint region: Cleanup
[2019-12-09T07:41:14.526+0000][1][safepoint    ] Leaving safepoint region
[2019-12-09T07:41:14.526+0000][1][safepoint    ] Total time for which application threads were stopped: 0.0000907 seconds, Stopping threads took: 0.0000215 seconds
[2019-12-09T07:41:15.526+0000][1][safepoint    ] Application time: 1.0000840 seconds
[2019-12-09T07:41:15.526+0000][1][safepoint    ] Entering safepoint region: Cleanup
[2019-12-09T07:41:15.526+0000][1][safepoint    ] Leaving safepoint region
[2019-12-09T07:41:15.526+0000][1][safepoint    ] Total time for which application threads were stopped: 0.0001180 seconds, Stopping threads took: 0.0000270 seconds
[2019-12-09T07:41:16.526+0000][1][safepoint    ] Application time: 1.0001077 seconds
[2019-12-09T07:41:16.526+0000][1][safepoint    ] Entering safepoint region: Cleanup
[2019-12-09T07:41:16.526+0000][1][safepoint    ] Leaving safepoint region
[2019-12-09T07:41:16.526+0000][1][safepoint    ] Total time for which application threads were stopped: 0.0001051 seconds, Stopping threads took: 0.0000281 seconds
[2019-12-09T07:41:17.527+0000][1][safepoint    ] Application time: 1.0000853 seconds
[2019-12-09T07:41:17.527+0000][1][safepoint    ] Entering safepoint region: Cleanup
[2019-12-09T07:41:17.527+0000][1][safepoint    ] Leaving safepoint region
[2019-12-09T07:41:17.527+0000][1][safepoint    ] Total time for which application threads were stopped: 0.0000841 seconds, Stopping threads took: 0.0000201 seconds
[2019-12-09T07:41:18.527+0000][1][safepoint    ] Application time: 1.0000752 seconds
[2019-12-09T07:41:18.527+0000][1][safepoint    ] Entering safepoint region: Cleanup
[2019-12-09T07:41:18.527+0000][1][safepoint    ] Leaving safepoint region
[2019-12-09T07:41:18.527+0000][1][safepoint    ] Total time for which application threads were stopped: 0.0000844 seconds, Stopping threads took: 0.0000192 seconds
[2019-12-09T07:41:19.527+0000][1][safepoint    ] Application time: 1.0000746 seconds
[2019-12-09T07:41:19.527+0000][1][safepoint    ] Entering safepoint region: Cleanup
[2019-12-09T07:41:19.527+0000][1][safepoint    ] Leaving safepoint region
[2019-12-09T07:41:19.527+0000][1][safepoint    ] Total time for which application threads were stopped: 0.0000842 seconds, Stopping threads took: 0.0000197 seconds
[2019-12-09T07:41:20.527+0000][1][safepoint    ] Application time: 1.0000761 seconds
[2019-12-09T07:41:20.527+0000][1][safepoint    ] Entering safepoint region: Cleanup
[2019-12-09T07:41:20.527+0000][1][safepoint    ] Leaving safepoint region
[2019-12-09T07:41:20.527+0000][1][safepoint    ] Total time for which application threads were stopped: 0.0000886 seconds, Stopping threads took: 0.0000208 seconds
[2019-12-09T07:41:21.527+0000][1][safepoint    ] Application time: 1.0000417 seconds
[2019-12-09T07:41:21.527+0000][1][safepoint    ] Entering safepoint region: Cleanup
[2019-12-09T07:41:21.527+0000][1][safepoint    ] Leaving safepoint region
[2019-12-09T07:41:21.527+0000][1][safepoint    ] Total time for which application threads were stopped: 0.0000874 seconds, Stopping threads took: 0.0000232 seconds
[2019-12-09T07:41:22.528+0000][1][safepoint    ] Application time: 1.0000419 seconds
[2019-12-09T07:41:22.528+0000][1][safepoint    ] Entering safepoint region: Cleanup
[2019-12-09T07:41:22.528+0000][1][safepoint    ] Leaving safepoint region
[2019-12-09T07:41:22.528+0000][1][safepoint    ] Total time for which application threads were stopped: 0.0000861 seconds, Stopping threads took: 0.0000211 seconds
[2019-12-09T07:41:23.528+0000][1][safepoint    ] Application time: 1.0000769 seconds
[2019-12-09T07:41:23.528+0000][1][safepoint    ] Entering safepoint region: Cleanup
[2019-12-09T07:41:23.528+0000][1][safepoint    ] Leaving safepoint region
[2019-12-09T07:41:23.528+0000][1][safepoint    ] Total time for which application threads were stopped: 0.0000903 seconds, Stopping threads took: 0.0000245 seconds
[2019-12-09T07:41:24.528+0000][1][safepoint    ] Application time: 1.0000767 seconds
[2019-12-09T07:41:24.528+0000][1][safepoint    ] Entering safepoint region: Cleanup
[2019-12-09T07:41:24.528+0000][1][safepoint    ] Leaving safepoint region
[2019-12-09T07:41:24.528+0000][1][safepoint    ] Total time for which application threads were stopped: 0.0000941 seconds, Stopping threads took: 0.0000294 seconds
[2019-12-09T07:41:25.528+0000][1][safepoint    ] Application time: 1.0000787 seconds
[2019-12-09T07:41:25.528+0000][1][safepoint    ] Entering safepoint region: Cleanup
[2019-12-09T07:41:25.528+0000][1][safepoint    ] Leaving safepoint region
[2019-12-09T07:41:25.528+0000][1][safepoint    ] Total time for which application threads were stopped: 0.0000892 seconds, Stopping threads took: 0.0000206 seconds
[2019-12-09T07:41:26.528+0000][1][safepoint    ] Application time: 1.0000803 seconds
[2019-12-09T07:41:26.528+0000][1][safepoint    ] Entering safepoint region: Cleanup
[2019-12-09T07:41:26.528+0000][1][safepoint    ] Leaving safepoint region
[2019-12-09T07:41:26.528+0000][1][safepoint    ] Total time for which application threads were stopped: 0.0000912 seconds, Stopping threads took: 0.0000205 seconds
[2019-12-09T07:41:27.529+0000][1][safepoint    ] Application time: 1.0000770 seconds
[2019-12-09T07:41:27.529+0000][1][safepoint    ] Entering safepoint region: Cleanup
[2019-12-09T07:41:27.529+0000][1][safepoint    ] Leaving safepoint region
[2019-12-09T07:41:27.529+0000][1][safepoint    ] Total time for which application threads were stopped: 0.0000963 seconds, Stopping threads took: 0.0000205 seconds
[2019-12-09T07:41:28.529+0000][1][safepoint    ] Application time: 1.0000757 seconds
[2019-12-09T07:41:28.529+0000][1][safepoint    ] Entering safepoint region: Cleanup
[2019-12-09T07:41:28.529+0000][1][safepoint    ] Leaving safepoint region
[2019-12-09T07:41:28.529+0000][1][safepoint    ] Total time for which application threads were stopped: 0.0000850 seconds, Stopping threads took: 0.0000194 seconds
[2019-12-09T07:41:29.529+0000][1][safepoint    ] Application time: 1.0000751 seconds
[2019-12-09T07:41:29.529+0000][1][safepoint    ] Entering safepoint region: Cleanup
[2019-12-09T07:41:29.529+0000][1][safepoint    ] Leaving safepoint region
[2019-12-09T07:41:29.529+0000][1][safepoint    ] Total time for which application threads were stopped: 0.0000799 seconds, Stopping threads took: 0.0000174 seconds
[2019-12-09T07:41:30.529+0000][1][safepoint    ] Application time: 1.0000801 seconds
[2019-12-09T07:41:30.529+0000][1][safepoint    ] Entering safepoint region: Cleanup
[2019-12-09T07:41:30.529+0000][1][safepoint    ] Leaving safepoint region
[2019-12-09T07:41:30.529+0000][1][safepoint    ] Total time for which application threads were stopped: 0.0000835 seconds, Stopping threads took: 0.0000197 seconds
[2019-12-09T07:41:31.529+0000][1][safepoint    ] Application time: 1.0000765 seconds
[2019-12-09T07:41:31.529+0000][1][safepoint    ] Entering safepoint region: Cleanup
[2019-12-09T07:41:31.530+0000][1][safepoint    ] Leaving safepoint region
[2019-12-09T07:41:31.530+0000][1][safepoint    ] Total time for which application threads were stopped: 0.0000870 seconds, Stopping threads took: 0.0000202 seconds
[2019-12-09T07:41:32.530+0000][1][safepoint    ] Application time: 1.0000763 seconds
[2019-12-09T07:41:32.530+0000][1][safepoint    ] Entering safepoint region: Cleanup
[2019-12-09T07:41:32.530+0000][1][safepoint    ] Leaving safepoint region
[2019-12-09T07:41:32.530+0000][1][safepoint    ] Total time for which application threads were stopped: 0.0000953 seconds, Stopping threads took: 0.0000207 seconds
[2019-12-09T07:41:33.530+0000][1][safepoint    ] Application time: 1.0000761 seconds
[2019-12-09T07:41:33.530+0000][1][safepoint    ] Entering safepoint region: Cleanup
[2019-12-09T07:41:33.530+0000][1][safepoint    ] Leaving safepoint region
[2019-12-09T07:41:33.530+0000][1][safepoint    ] Total time for which application threads were stopped: 0.0000875 seconds, Stopping threads took: 0.0000242 seconds
[2019-12-09T07:41:34.530+0000][1][safepoint    ] Application time: 1.0000754 seconds
[2019-12-09T07:41:34.530+0000][1][safepoint    ] Entering safepoint region: Cleanup
[2019-12-09T07:41:34.530+0000][1][safepoint    ] Leaving safepoint region
[2019-12-09T07:41:34.530+0000][1][safepoint    ] Total time for which application threads were stopped: 0.0000932 seconds, Stopping threads took: 0.0000285 seconds
[2019-12-09T07:41:35.530+0000][1][safepoint    ] Application time: 1.0000769 seconds
[2019-12-09T07:41:35.530+0000][1][safepoint    ] Entering safepoint region: Cleanup
[2019-12-09T07:41:35.530+0000][1][safepoint    ] Leaving safepoint region
[2019-12-09T07:41:35.530+0000][1][safepoint    ] Total time for which application threads were stopped: 0.0000857 seconds, Stopping threads took: 0.0000199 seconds
[2019-12-09T07:41:36.530+0000][1][safepoint    ] Application time: 1.0000750 seconds
[2019-12-09T07:41:36.531+0000][1][safepoint    ] Entering safepoint region: Cleanup
[2019-12-09T07:41:36.531+0000][1][safepoint    ] Leaving safepoint region
[2019-12-09T07:41:36.531+0000][1][safepoint    ] Total time for which application threads were stopped: 0.0000836 seconds, Stopping threads took: 0.0000190 seconds
[2019-12-09T07:41:36.959+0000][1][safepoint    ] Application time: 0.4284469 seconds
[2019-12-09T07:41:36.959+0000][1][safepoint    ] Entering safepoint region: GenCollectForAllocation
[2019-12-09T07:41:36.959+0000][1][gc,start     ] GC(81) Pause Young (Allocation Failure)
[2019-12-09T07:41:36.959+0000][1][gc,task      ] GC(81) Using 2 workers of 2 for evacuation
[2019-12-09T07:41:36.961+0000][1][gc,age       ] GC(81) Desired survivor size 4456448 bytes, new threshold 6 (max threshold 6)
[2019-12-09T07:41:36.961+0000][1][gc,age       ] GC(81) Age table with threshold 6 (max threshold 6)
[2019-12-09T07:41:36.961+0000][1][gc,age       ] GC(81) - age   1:     955744 bytes,     955744 total
[2019-12-09T07:41:36.961+0000][1][gc,age       ] GC(81) - age   2:       1512 bytes,     957256 total
[2019-12-09T07:41:36.961+0000][1][gc,age       ] GC(81) - age   3:        648 bytes,     957904 total
[2019-12-09T07:41:36.961+0000][1][gc,age       ] GC(81) - age   4:        392 bytes,     958296 total
[2019-12-09T07:41:36.961+0000][1][gc,age       ] GC(81) - age   5:        848 bytes,     959144 total
[2019-12-09T07:41:36.961+0000][1][gc,age       ] GC(81) - age   6:        344 bytes,     959488 total
[2019-12-09T07:41:36.961+0000][1][gc,heap      ] GC(81) ParNew: 71111K->1204K(78656K)
[2019-12-09T07:41:36.961+0000][1][gc,heap      ] GC(81) CMS: 70948K->70948K(174784K)
[2019-12-09T07:41:36.961+0000][1][gc,metaspace ] GC(81) Metaspace: 76296K->76296K(1120256K)
[2019-12-09T07:41:36.961+0000][1][gc           ] GC(81) Pause Young (Allocation Failure) 138M->70M(247M) 2.232ms
[2019-12-09T07:41:36.961+0000][1][gc,cpu       ] GC(81) User=0.01s Sys=0.00s Real=0.00s
[2019-12-09T07:41:36.961+0000][1][safepoint    ] Leaving safepoint region
[2019-12-09T07:41:36.961+0000][1][safepoint    ] Total time for which application threads were stopped: 0.0023891 seconds, Stopping threads took: 0.0000177 seconds
[2019-12-09T07:41:37.962+0000][1][safepoint    ] Application time: 1.0000872 seconds
[2019-12-09T07:41:37.962+0000][1][safepoint    ] Entering safepoint region: Cleanup
[2019-12-09T07:41:37.962+0000][1][safepoint    ] Leaving safepoint region
[2019-12-09T07:41:37.962+0000][1][safepoint    ] Total time for which application threads were stopped: 0.0000871 seconds, Stopping threads took: 0.0000208 seconds
[2019-12-09T07:41:38.962+0000][1][safepoint    ] Application time: 1.0000749 seconds
[2019-12-09T07:41:38.962+0000][1][safepoint    ] Entering safepoint region: Cleanup
[2019-12-09T07:41:38.962+0000][1][safepoint    ] Leaving safepoint region
[2019-12-09T07:41:38.962+0000][1][safepoint    ] Total time for which application threads were stopped: 0.0000870 seconds, Stopping threads took: 0.0000206 seconds
[2019-12-09T07:41:39.962+0000][1][safepoint    ] Application time: 1.0000767 seconds
[2019-12-09T07:41:39.962+0000][1][safepoint    ] Entering safepoint region: Cleanup
[2019-12-09T07:41:39.962+0000][1][safepoint    ] Leaving safepoint region
[2019-12-09T07:41:39.962+0000][1][safepoint    ] Total time for which application threads were stopped: 0.0000885 seconds, Stopping threads took: 0.0000211 seconds
[2019-12-09T07:41:40.962+0000][1][safepoint    ] Application time: 1.0000753 seconds
[2019-12-09T07:41:40.962+0000][1][safepoint    ] Entering safepoint region: Cleanup
[2019-12-09T07:41:40.962+0000][1][safepoint    ] Leaving safepoint region
[2019-12-09T07:41:40.962+0000][1][safepoint    ] Total time for which application threads were stopped: 0.0000857 seconds, Stopping threads took: 0.0000197 seconds
[2019-12-09T07:41:42.291+0000][1][safepoint    ] Application time: 1.3286372 seconds
[2019-12-09T07:41:42.291+0000][1][safepoint    ] Entering safepoint region: Cleanup
[2019-12-09T07:41:42.291+0000][1][safepoint    ] Leaving safepoint region
[2019-12-09T07:41:42.291+0000][1][safepoint    ] Total time for which application threads were stopped: 0.0000863 seconds, Stopping threads took: 0.0000214 seconds
[2019-12-09T07:41:43.291+0000][1][safepoint    ] Application time: 1.0000771 seconds
[2019-12-09T07:41:43.291+0000][1][safepoint    ] Entering safepoint region: Cleanup
[2019-12-09T07:41:43.291+0000][1][safepoint    ] Leaving safepoint region
[2019-12-09T07:41:43.291+0000][1][safepoint    ] Total time for which application threads were stopped: 0.0000860 seconds, Stopping threads took: 0.0000211 seconds
[2019-12-09T07:41:44.291+0000][1][safepoint    ] Application time: 1.0000884 seconds
[2019-12-09T07:41:44.291+0000][1][safepoint    ] Entering safepoint region: Cleanup
[2019-12-09T07:41:44.292+0000][1][safepoint    ] Leaving safepoint region
[2019-12-09T07:41:44.292+0000][1][safepoint    ] Total time for which application threads were stopped: 0.0001455 seconds, Stopping threads took: 0.0000532 seconds
[2019-12-09T07:41:45.292+0000][1][safepoint    ] Application time: 1.0000961 seconds
[2019-12-09T07:41:45.292+0000][1][safepoint    ] Entering safepoint region: Cleanup
[2019-12-09T07:41:45.292+0000][1][safepoint    ] Leaving safepoint region
[2019-12-09T07:41:45.292+0000][1][safepoint    ] Total time for which application threads were stopped: 0.0000873 seconds, Stopping threads took: 0.0000210 seconds
[2019-12-09T07:41:46.292+0000][1][safepoint    ] Application time: 1.0000791 seconds
[2019-12-09T07:41:46.292+0000][1][safepoint    ] Entering safepoint region: Cleanup
[2019-12-09T07:41:46.292+0000][1][safepoint    ] Leaving safepoint region
[2019-12-09T07:41:46.292+0000][1][safepoint    ] Total time for which application threads were stopped: 0.0000875 seconds, Stopping threads took: 0.0000212 seconds
[2019-12-09T07:41:47.292+0000][1][safepoint    ] Application time: 1.0000862 seconds
[2019-12-09T07:41:47.292+0000][1][safepoint    ] Entering safepoint region: Cleanup
[2019-12-09T07:41:47.292+0000][1][safepoint    ] Leaving safepoint region
[2019-12-09T07:41:47.292+0000][1][safepoint    ] Total time for which application threads were stopped: 0.0001116 seconds, Stopping threads took: 0.0000263 seconds
[2019-12-09T07:41:48.292+0000][1][safepoint    ] Application time: 1.0000764 seconds
[2019-12-09T07:41:48.292+0000][1][safepoint    ] Entering safepoint region: Cleanup
[2019-12-09T07:41:48.292+0000][1][safepoint    ] Leaving safepoint region
[2019-12-09T07:41:48.292+0000][1][safepoint    ] Total time for which application threads were stopped: 0.0000858 seconds, Stopping threads took: 0.0000210 seconds
[2019-12-09T07:41:49.293+0000][1][safepoint    ] Application time: 1.0000734 seconds
[2019-12-09T07:41:49.293+0000][1][safepoint    ] Entering safepoint region: Cleanup
[2019-12-09T07:41:49.293+0000][1][safepoint    ] Leaving safepoint region
[2019-12-09T07:41:49.293+0000][1][safepoint    ] Total time for which application threads were stopped: 0.0000967 seconds, Stopping threads took: 0.0000191 seconds
[2019-12-09T07:41:50.293+0000][1][safepoint    ] Application time: 1.0000780 seconds
[2019-12-09T07:41:50.293+0000][1][safepoint    ] Entering safepoint region: Cleanup
[2019-12-09T07:41:50.293+0000][1][safepoint    ] Leaving safepoint region
[2019-12-09T07:41:50.293+0000][1][safepoint    ] Total time for which application threads were stopped: 0.0000884 seconds, Stopping threads took: 0.0000192 seconds
[2019-12-09T07:41:51.293+0000][1][safepoint    ] Application time: 1.0000776 seconds
[2019-12-09T07:41:51.293+0000][1][safepoint    ] Entering safepoint region: Cleanup
[2019-12-09T07:41:51.293+0000][1][safepoint    ] Leaving safepoint region
[2019-12-09T07:41:51.293+0000][1][safepoint    ] Total time for which application threads were stopped: 0.0000880 seconds, Stopping threads took: 0.0000204 seconds
[2019-12-09T07:41:52.293+0000][1][safepoint    ] Application time: 1.0000736 seconds
[2019-12-09T07:41:52.293+0000][1][safepoint    ] Entering safepoint region: Cleanup
[2019-12-09T07:41:52.293+0000][1][safepoint    ] Leaving safepoint region
[2019-12-09T07:41:52.293+0000][1][safepoint    ] Total time for which application threads were stopped: 0.0000949 seconds, Stopping threads took: 0.0000206 seconds
[2019-12-09T07:41:53.293+0000][1][safepoint    ] Application time: 1.0000756 seconds
[2019-12-09T07:41:53.293+0000][1][safepoint    ] Entering safepoint region: Cleanup
[2019-12-09T07:41:53.294+0000][1][safepoint    ] Leaving safepoint region
[2019-12-09T07:41:53.294+0000][1][safepoint    ] Total time for which application threads were stopped: 0.0000816 seconds, Stopping threads took: 0.0000190 seconds
[2019-12-09T07:41:54.294+0000][1][safepoint    ] Application time: 1.0000750 seconds
[2019-12-09T07:41:54.294+0000][1][safepoint    ] Entering safepoint region: Cleanup
[2019-12-09T07:41:54.294+0000][1][safepoint    ] Leaving safepoint region
[2019-12-09T07:41:54.294+0000][1][safepoint    ] Total time for which application threads were stopped: 0.0001023 seconds, Stopping threads took: 0.0000305 seconds
[2019-12-09T07:41:55.294+0000][1][safepoint    ] Application time: 1.0000766 seconds
[2019-12-09T07:41:55.294+0000][1][safepoint    ] Entering safepoint region: Cleanup
[2019-12-09T07:41:55.294+0000][1][safepoint    ] Leaving safepoint region
[2019-12-09T07:41:55.294+0000][1][safepoint    ] Total time for which application threads were stopped: 0.0000880 seconds, Stopping threads took: 0.0000219 seconds
[2019-12-09T07:41:56.294+0000][1][safepoint    ] Application time: 1.0000754 seconds
[2019-12-09T07:41:56.294+0000][1][safepoint    ] Entering safepoint region: Cleanup
[2019-12-09T07:41:56.294+0000][1][safepoint    ] Leaving safepoint region
[2019-12-09T07:41:56.294+0000][1][safepoint    ] Total time for which application threads were stopped: 0.0001074 seconds, Stopping threads took: 0.0000356 seconds
[2019-12-09T07:41:57.294+0000][1][safepoint    ] Application time: 1.0000764 seconds
[2019-12-09T07:41:57.294+0000][1][safepoint    ] Entering safepoint region: Cleanup
[2019-12-09T07:41:57.294+0000][1][safepoint    ] Leaving safepoint region
[2019-12-09T07:41:57.294+0000][1][safepoint    ] Total time for which application threads were stopped: 0.0000899 seconds, Stopping threads took: 0.0000218 seconds
[2019-12-09T07:41:58.295+0000][1][safepoint    ] Application time: 1.0000761 seconds
[2019-12-09T07:41:58.295+0000][1][safepoint    ] Entering safepoint region: Cleanup
[2019-12-09T07:41:58.295+0000][1][safepoint    ] Leaving safepoint region
[2019-12-09T07:41:58.295+0000][1][safepoint    ] Total time for which application threads were stopped: 0.0000844 seconds, Stopping threads took: 0.0000197 seconds
[2019-12-09T07:41:59.295+0000][1][safepoint    ] Application time: 1.0000777 seconds
[2019-12-09T07:41:59.295+0000][1][safepoint    ] Entering safepoint region: Cleanup
[2019-12-09T07:41:59.295+0000][1][safepoint    ] Leaving safepoint region
[2019-12-09T07:41:59.295+0000][1][safepoint    ] Total time for which application threads were stopped: 0.0000832 seconds, Stopping threads took: 0.0000182 seconds
[2019-12-09T07:42:00.295+0000][1][safepoint    ] Application time: 1.0000772 seconds
[2019-12-09T07:42:00.295+0000][1][safepoint    ] Entering safepoint region: Cleanup
[2019-12-09T07:42:00.295+0000][1][safepoint    ] Leaving safepoint region
[2019-12-09T07:42:00.295+0000][1][safepoint    ] Total time for which application threads were stopped: 0.0000851 seconds, Stopping threads took: 0.0000196 seconds
[2019-12-09T07:42:01.295+0000][1][safepoint    ] Application time: 1.0000779 seconds
[2019-12-09T07:42:01.295+0000][1][safepoint    ] Entering safepoint region: Cleanup
[2019-12-09T07:42:01.295+0000][1][safepoint    ] Leaving safepoint region
[2019-12-09T07:42:01.295+0000][1][safepoint    ] Total time for which application threads were stopped: 0.0000888 seconds, Stopping threads took: 0.0000215 seconds
[2019-12-09T07:42:02.295+0000][1][safepoint    ] Application time: 1.0000774 seconds
[2019-12-09T07:42:02.295+0000][1][safepoint    ] Entering safepoint region: Cleanup
[2019-12-09T07:42:02.295+0000][1][safepoint    ] Leaving safepoint region
[2019-12-09T07:42:02.296+0000][1][safepoint    ] Total time for which application threads were stopped: 0.0000882 seconds, Stopping threads took: 0.0000212 seconds
[2019-12-09T07:42:03.296+0000][1][safepoint    ] Application time: 1.0000778 seconds
[2019-12-09T07:42:03.296+0000][1][safepoint    ] Entering safepoint region: Cleanup
[2019-12-09T07:42:03.296+0000][1][safepoint    ] Leaving safepoint region
[2019-12-09T07:42:03.296+0000][1][safepoint    ] Total time for which application threads were stopped: 0.0000964 seconds, Stopping threads took: 0.0000201 seconds
[2019-12-09T07:42:04.296+0000][1][safepoint    ] Application time: 1.0000767 seconds
[2019-12-09T07:42:04.296+0000][1][safepoint    ] Entering safepoint region: Cleanup
[2019-12-09T07:42:04.296+0000][1][safepoint    ] Leaving safepoint region
[2019-12-09T07:42:04.296+0000][1][safepoint    ] Total time for which application threads were stopped: 0.0000934 seconds, Stopping threads took: 0.0000275 seconds
[2019-12-09T07:42:05.296+0000][1][safepoint    ] Application time: 1.0000779 seconds
[2019-12-09T07:42:05.296+0000][1][safepoint    ] Entering safepoint region: Cleanup
[2019-12-09T07:42:05.296+0000][1][safepoint    ] Leaving safepoint region
[2019-12-09T07:42:05.296+0000][1][safepoint    ] Total time for which application threads were stopped: 0.0000886 seconds, Stopping threads took: 0.0000217 seconds
[2019-12-09T07:42:06.296+0000][1][safepoint    ] Application time: 1.0000780 seconds
[2019-12-09T07:42:06.296+0000][1][safepoint    ] Entering safepoint region: Cleanup
[2019-12-09T07:42:06.296+0000][1][safepoint    ] Leaving safepoint region
[2019-12-09T07:42:06.296+0000][1][safepoint    ] Total time for which application threads were stopped: 0.0000953 seconds, Stopping threads took: 0.0000217 seconds
[2019-12-09T07:42:07.296+0000][1][safepoint    ] Application time: 1.0000758 seconds
[2019-12-09T07:42:07.297+0000][1][safepoint    ] Entering safepoint region: Cleanup
[2019-12-09T07:42:07.297+0000][1][safepoint    ] Leaving safepoint region
[2019-12-09T07:42:07.297+0000][1][safepoint    ] Total time for which application threads were stopped: 0.0001017 seconds, Stopping threads took: 0.0000188 seconds
[2019-12-09T07:42:08.297+0000][1][safepoint    ] Application time: 1.0000763 seconds
[2019-12-09T07:42:08.297+0000][1][safepoint    ] Entering safepoint region: Cleanup
[2019-12-09T07:42:08.297+0000][1][safepoint    ] Leaving safepoint region
[2019-12-09T07:42:08.297+0000][1][safepoint    ] Total time for which application threads were stopped: 0.0000845 seconds, Stopping threads took: 0.0000200 seconds
[2019-12-09T07:42:09.297+0000][1][safepoint    ] Application time: 1.0000745 seconds
[2019-12-09T07:42:09.297+0000][1][safepoint    ] Entering safepoint region: Cleanup
[2019-12-09T07:42:09.297+0000][1][safepoint    ] Leaving safepoint region
[2019-12-09T07:42:09.297+0000][1][safepoint    ] Total time for which application threads were stopped: 0.0000823 seconds, Stopping threads took: 0.0000184 seconds
[2019-12-09T07:42:10.297+0000][1][safepoint    ] Application time: 1.0000782 seconds
[2019-12-09T07:42:10.297+0000][1][safepoint    ] Entering safepoint region: Cleanup
[2019-12-09T07:42:10.297+0000][1][safepoint    ] Leaving safepoint region
[2019-12-09T07:42:10.297+0000][1][safepoint    ] Total time for which application threads were stopped: 0.0000842 seconds, Stopping threads took: 0.0000195 seconds
[2019-12-09T07:42:11.297+0000][1][safepoint    ] Application time: 1.0000768 seconds
[2019-12-09T07:42:11.297+0000][1][safepoint    ] Entering safepoint region: Cleanup
[2019-12-09T07:42:11.297+0000][1][safepoint    ] Leaving safepoint region
[2019-12-09T07:42:11.297+0000][1][safepoint    ] Total time for which application threads were stopped: 0.0000849 seconds, Stopping threads took: 0.0000192 seconds
[2019-12-09T07:42:12.298+0000][1][safepoint    ] Application time: 1.0000766 seconds
[2019-12-09T07:42:12.298+0000][1][safepoint    ] Entering safepoint region: Cleanup
[2019-12-09T07:42:12.298+0000][1][safepoint    ] Leaving safepoint region
[2019-12-09T07:42:12.298+0000][1][safepoint    ] Total time for which application threads were stopped: 0.0000879 seconds, Stopping threads took: 0.0000210 seconds
[2019-12-09T07:42:13.298+0000][1][safepoint    ] Application time: 1.0000765 seconds
[2019-12-09T07:42:13.298+0000][1][safepoint    ] Entering safepoint region: Cleanup
[2019-12-09T07:42:13.298+0000][1][safepoint    ] Leaving safepoint region
[2019-12-09T07:42:13.298+0000][1][safepoint    ] Total time for which application threads were stopped: 0.0000833 seconds, Stopping threads took: 0.0000198 seconds
[2019-12-09T07:42:14.298+0000][1][safepoint    ] Application time: 1.0000767 seconds
[2019-12-09T07:42:14.298+0000][1][safepoint    ] Entering safepoint region: Cleanup
[2019-12-09T07:42:14.298+0000][1][safepoint    ] Leaving safepoint region
[2019-12-09T07:42:14.298+0000][1][safepoint    ] Total time for which application threads were stopped: 0.0000832 seconds, Stopping threads took: 0.0000194 seconds
[2019-12-09T07:42:15.298+0000][1][safepoint    ] Application time: 1.0000810 seconds
[2019-12-09T07:42:15.298+0000][1][safepoint    ] Entering safepoint region: Cleanup
[2019-12-09T07:42:15.298+0000][1][safepoint    ] Leaving safepoint region
[2019-12-09T07:42:15.298+0000][1][safepoint    ] Total time for which application threads were stopped: 0.0000873 seconds, Stopping threads took: 0.0000198 seconds
[2019-12-09T07:42:16.298+0000][1][safepoint    ] Application time: 1.0000757 seconds
[2019-12-09T07:42:16.298+0000][1][safepoint    ] Entering safepoint region: Cleanup
[2019-12-09T07:42:16.298+0000][1][safepoint    ] Leaving safepoint region
[2019-12-09T07:42:16.298+0000][1][safepoint    ] Total time for which application threads were stopped: 0.0000871 seconds, Stopping threads took: 0.0000214 seconds
[2019-12-09T07:42:17.299+0000][1][safepoint    ] Application time: 1.0000781 seconds
[2019-12-09T07:42:17.299+0000][1][safepoint    ] Entering safepoint region: Cleanup
[2019-12-09T07:42:17.299+0000][1][safepoint    ] Leaving safepoint region
[2019-12-09T07:42:17.299+0000][1][safepoint    ] Total time for which application threads were stopped: 0.0000990 seconds, Stopping threads took: 0.0000212 seconds
[2019-12-09T07:42:18.299+0000][1][safepoint    ] Application time: 1.0000757 seconds
[2019-12-09T07:42:18.299+0000][1][safepoint    ] Entering safepoint region: Cleanup
[2019-12-09T07:42:18.299+0000][1][safepoint    ] Leaving safepoint region
[2019-12-09T07:42:18.299+0000][1][safepoint    ] Total time for which application threads were stopped: 0.0000846 seconds, Stopping threads took: 0.0000206 seconds
[2019-12-09T07:42:19.299+0000][1][safepoint    ] Application time: 1.0000772 seconds
[2019-12-09T07:42:19.299+0000][1][safepoint    ] Entering safepoint region: Cleanup
[2019-12-09T07:42:19.299+0000][1][safepoint    ] Leaving safepoint region
[2019-12-09T07:42:19.299+0000][1][safepoint    ] Total time for which application threads were stopped: 0.0000849 seconds, Stopping threads took: 0.0000200 seconds
[2019-12-09T07:42:20.299+0000][1][safepoint    ] Application time: 1.0000803 seconds
[2019-12-09T07:42:20.299+0000][1][safepoint    ] Entering safepoint region: Cleanup
[2019-12-09T07:42:20.299+0000][1][safepoint    ] Leaving safepoint region
[2019-12-09T07:42:20.299+0000][1][safepoint    ] Total time for which application threads were stopped: 0.0000845 seconds, Stopping threads took: 0.0000206 seconds
[2019-12-09T07:42:20.357+0000][1][safepoint    ] Application time: 0.0575053 seconds
[2019-12-09T07:42:20.357+0000][1][safepoint    ] Entering safepoint region: GenCollectForAllocation
[2019-12-09T07:42:20.357+0000][1][gc,start     ] GC(82) Pause Young (Allocation Failure)
[2019-12-09T07:42:20.357+0000][1][gc,task      ] GC(82) Using 2 workers of 2 for evacuation
[2019-12-09T07:42:20.359+0000][1][gc,age       ] GC(82) Desired survivor size 4456448 bytes, new threshold 6 (max threshold 6)
[2019-12-09T07:42:20.359+0000][1][gc,age       ] GC(82) Age table with threshold 6 (max threshold 6)
[2019-12-09T07:42:20.359+0000][1][gc,age       ] GC(82) - age   1:     755160 bytes,     755160 total
[2019-12-09T07:42:20.359+0000][1][gc,age       ] GC(82) - age   3:       1224 bytes,     756384 total
[2019-12-09T07:42:20.359+0000][1][gc,age       ] GC(82) - age   4:        648 bytes,     757032 total
[2019-12-09T07:42:20.359+0000][1][gc,age       ] GC(82) - age   5:        392 bytes,     757424 total
[2019-12-09T07:42:20.359+0000][1][gc,age       ] GC(82) - age   6:        848 bytes,     758272 total
[2019-12-09T07:42:20.359+0000][1][gc,heap      ] GC(82) ParNew: 71156K->967K(78656K)
[2019-12-09T07:42:20.359+0000][1][gc,heap      ] GC(82) CMS: 70948K->70948K(174784K)
[2019-12-09T07:42:20.359+0000][1][gc,metaspace ] GC(82) Metaspace: 76313K->76313K(1120256K)
[2019-12-09T07:42:20.359+0000][1][gc           ] GC(82) Pause Young (Allocation Failure) 138M->70M(247M) 1.914ms
[2019-12-09T07:42:20.359+0000][1][gc,cpu       ] GC(82) User=0.01s Sys=0.00s Real=0.00s
[2019-12-09T07:42:20.359+0000][1][safepoint    ] Leaving safepoint region
[2019-12-09T07:42:20.359+0000][1][safepoint    ] Total time for which application threads were stopped: 0.0020590 seconds, Stopping threads took: 0.0000182 seconds
[2019-12-09T07:42:21.359+0000][1][safepoint    ] Application time: 1.0000916 seconds
[2019-12-09T07:42:21.359+0000][1][safepoint    ] Entering safepoint region: Cleanup
[2019-12-09T07:42:21.359+0000][1][safepoint    ] Leaving safepoint region
[2019-12-09T07:42:21.359+0000][1][safepoint    ] Total time for which application threads were stopped: 0.0000842 seconds, Stopping threads took: 0.0000214 seconds
[2019-12-09T07:42:22.359+0000][1][safepoint    ] Application time: 1.0000773 seconds
[2019-12-09T07:42:22.359+0000][1][safepoint    ] Entering safepoint region: Cleanup
[2019-12-09T07:42:22.359+0000][1][safepoint    ] Leaving safepoint region
[2019-12-09T07:42:22.359+0000][1][safepoint    ] Total time for which application threads were stopped: 0.0000840 seconds, Stopping threads took: 0.0000195 seconds
[2019-12-09T07:42:23.359+0000][1][safepoint    ] Application time: 1.0000774 seconds
[2019-12-09T07:42:23.359+0000][1][safepoint    ] Entering safepoint region: Cleanup
[2019-12-09T07:42:23.360+0000][1][safepoint    ] Leaving safepoint region
[2019-12-09T07:42:23.360+0000][1][safepoint    ] Total time for which application threads were stopped: 0.0000816 seconds, Stopping threads took: 0.0000202 seconds
[2019-12-09T07:42:24.360+0000][1][safepoint    ] Application time: 1.0000762 seconds
[2019-12-09T07:42:24.360+0000][1][safepoint    ] Entering safepoint region: Cleanup
[2019-12-09T07:42:24.360+0000][1][safepoint    ] Leaving safepoint region
[2019-12-09T07:42:24.360+0000][1][safepoint    ] Total time for which application threads were stopped: 0.0000861 seconds, Stopping threads took: 0.0000199 seconds
[2019-12-09T07:42:25.360+0000][1][safepoint    ] Application time: 1.0000779 seconds
[2019-12-09T07:42:25.360+0000][1][safepoint    ] Entering safepoint region: Cleanup
[2019-12-09T07:42:25.360+0000][1][safepoint    ] Leaving safepoint region
[2019-12-09T07:42:25.360+0000][1][safepoint    ] Total time for which application threads were stopped: 0.0000926 seconds, Stopping threads took: 0.0000179 seconds
[2019-12-09T07:42:26.360+0000][1][safepoint    ] Application time: 1.0000779 seconds
[2019-12-09T07:42:26.360+0000][1][safepoint    ] Entering safepoint region: Cleanup
[2019-12-09T07:42:26.360+0000][1][safepoint    ] Leaving safepoint region
[2019-12-09T07:42:26.360+0000][1][safepoint    ] Total time for which application threads were stopped: 0.0000787 seconds, Stopping threads took: 0.0000187 seconds
[2019-12-09T07:42:27.360+0000][1][safepoint    ] Application time: 1.0000787 seconds
[2019-12-09T07:42:27.360+0000][1][safepoint    ] Entering safepoint region: Cleanup
[2019-12-09T07:42:27.360+0000][1][safepoint    ] Leaving safepoint region
[2019-12-09T07:42:27.360+0000][1][safepoint    ] Total time for which application threads were stopped: 0.0000848 seconds, Stopping threads took: 0.0000197 seconds
[2019-12-09T07:42:28.360+0000][1][safepoint    ] Application time: 1.0000769 seconds
[2019-12-09T07:42:28.361+0000][1][safepoint    ] Entering safepoint region: Cleanup
[2019-12-09T07:42:28.361+0000][1][safepoint    ] Leaving safepoint region
[2019-12-09T07:42:28.361+0000][1][safepoint    ] Total time for which application threads were stopped: 0.0000835 seconds, Stopping threads took: 0.0000198 seconds
[2019-12-09T07:42:29.361+0000][1][safepoint    ] Application time: 1.0000788 seconds
[2019-12-09T07:42:29.361+0000][1][safepoint    ] Entering safepoint region: Cleanup
[2019-12-09T07:42:29.361+0000][1][safepoint    ] Leaving safepoint region
[2019-12-09T07:42:29.361+0000][1][safepoint    ] Total time for which application threads were stopped: 0.0000800 seconds, Stopping threads took: 0.0000176 seconds
[2019-12-09T07:42:30.361+0000][1][safepoint    ] Application time: 1.0000764 seconds
[2019-12-09T07:42:30.361+0000][1][safepoint    ] Entering safepoint region: Cleanup
[2019-12-09T07:42:30.361+0000][1][safepoint    ] Leaving safepoint region
[2019-12-09T07:42:30.361+0000][1][safepoint    ] Total time for which application threads were stopped: 0.0000837 seconds, Stopping threads took: 0.0000181 seconds
[2019-12-09T07:42:31.361+0000][1][safepoint    ] Application time: 1.0000796 seconds
[2019-12-09T07:42:31.361+0000][1][safepoint    ] Entering safepoint region: Cleanup
[2019-12-09T07:42:31.361+0000][1][safepoint    ] Leaving safepoint region
[2019-12-09T07:42:31.361+0000][1][safepoint    ] Total time for which application threads were stopped: 0.0000843 seconds, Stopping threads took: 0.0000200 seconds
[2019-12-09T07:42:32.361+0000][1][safepoint    ] Application time: 1.0000760 seconds
[2019-12-09T07:42:32.361+0000][1][safepoint    ] Entering safepoint region: Cleanup
[2019-12-09T07:42:32.361+0000][1][safepoint    ] Leaving safepoint region
[2019-12-09T07:42:32.361+0000][1][safepoint    ] Total time for which application threads were stopped: 0.0000836 seconds, Stopping threads took: 0.0000181 seconds
[2019-12-09T07:42:33.361+0000][1][safepoint    ] Application time: 1.0000752 seconds
[2019-12-09T07:42:33.362+0000][1][safepoint    ] Entering safepoint region: Cleanup
[2019-12-09T07:42:33.362+0000][1][safepoint    ] Leaving safepoint region
[2019-12-09T07:42:33.362+0000][1][safepoint    ] Total time for which application threads were stopped: 0.0000830 seconds, Stopping threads took: 0.0000192 seconds
[2019-12-09T07:42:34.362+0000][1][safepoint    ] Application time: 1.0000759 seconds
[2019-12-09T07:42:34.362+0000][1][safepoint    ] Entering safepoint region: Cleanup
[2019-12-09T07:42:34.362+0000][1][safepoint    ] Leaving safepoint region
[2019-12-09T07:42:34.362+0000][1][safepoint    ] Total time for which application threads were stopped: 0.0000894 seconds, Stopping threads took: 0.0000270 seconds
[2019-12-09T07:42:35.362+0000][1][safepoint    ] Application time: 1.0000758 seconds
[2019-12-09T07:42:35.362+0000][1][safepoint    ] Entering safepoint region: Cleanup
[2019-12-09T07:42:35.362+0000][1][safepoint    ] Leaving safepoint region
[2019-12-09T07:42:35.362+0000][1][safepoint    ] Total time for which application threads were stopped: 0.0000823 seconds, Stopping threads took: 0.0000201 seconds
[2019-12-09T07:42:36.362+0000][1][safepoint    ] Application time: 1.0000761 seconds
[2019-12-09T07:42:36.362+0000][1][safepoint    ] Entering safepoint region: Cleanup
[2019-12-09T07:42:36.362+0000][1][safepoint    ] Leaving safepoint region
[2019-12-09T07:42:36.362+0000][1][safepoint    ] Total time for which application threads were stopped: 0.0000832 seconds, Stopping threads took: 0.0000184 seconds
[2019-12-09T07:42:37.362+0000][1][safepoint    ] Application time: 1.0000776 seconds
[2019-12-09T07:42:37.362+0000][1][safepoint    ] Entering safepoint region: Cleanup
[2019-12-09T07:42:37.362+0000][1][safepoint    ] Leaving safepoint region
[2019-12-09T07:42:37.362+0000][1][safepoint    ] Total time for which application threads were stopped: 0.0000814 seconds, Stopping threads took: 0.0000187 seconds
[2019-12-09T07:42:38.363+0000][1][safepoint    ] Application time: 1.0000754 seconds
[2019-12-09T07:42:38.363+0000][1][safepoint    ] Entering safepoint region: Cleanup
[2019-12-09T07:42:38.363+0000][1][safepoint    ] Leaving safepoint region
[2019-12-09T07:42:38.363+0000][1][safepoint    ] Total time for which application threads were stopped: 0.0000797 seconds, Stopping threads took: 0.0000173 seconds
[2019-12-09T07:42:39.363+0000][1][safepoint    ] Application time: 1.0000753 seconds
[2019-12-09T07:42:39.363+0000][1][safepoint    ] Entering safepoint region: Cleanup
[2019-12-09T07:42:39.363+0000][1][safepoint    ] Leaving safepoint region
[2019-12-09T07:42:39.363+0000][1][safepoint    ] Total time for which application threads were stopped: 0.0000805 seconds, Stopping threads took: 0.0000185 seconds
[2019-12-09T07:42:40.363+0000][1][safepoint    ] Application time: 1.0000749 seconds
[2019-12-09T07:42:40.363+0000][1][safepoint    ] Entering safepoint region: Cleanup
[2019-12-09T07:42:40.363+0000][1][safepoint    ] Leaving safepoint region
[2019-12-09T07:42:40.363+0000][1][safepoint    ] Total time for which application threads were stopped: 0.0000850 seconds, Stopping threads took: 0.0000204 seconds
[2019-12-09T07:42:41.363+0000][1][safepoint    ] Application time: 1.0000764 seconds
[2019-12-09T07:42:41.363+0000][1][safepoint    ] Entering safepoint region: Cleanup
[2019-12-09T07:42:41.363+0000][1][safepoint    ] Leaving safepoint region
[2019-12-09T07:42:41.363+0000][1][safepoint    ] Total time for which application threads were stopped: 0.0000899 seconds, Stopping threads took: 0.0000256 seconds
[2019-12-09T07:42:42.363+0000][1][safepoint    ] Application time: 1.0000759 seconds
[2019-12-09T07:42:42.363+0000][1][safepoint    ] Entering safepoint region: Cleanup
[2019-12-09T07:42:42.363+0000][1][safepoint    ] Leaving safepoint region
[2019-12-09T07:42:42.363+0000][1][safepoint    ] Total time for which application threads were stopped: 0.0000813 seconds, Stopping threads took: 0.0000178 seconds
[2019-12-09T07:42:43.364+0000][1][safepoint    ] Application time: 1.0000786 seconds
[2019-12-09T07:42:43.364+0000][1][safepoint    ] Entering safepoint region: Cleanup
[2019-12-09T07:42:43.364+0000][1][safepoint    ] Leaving safepoint region
[2019-12-09T07:42:43.364+0000][1][safepoint    ] Total time for which application threads were stopped: 0.0000815 seconds, Stopping threads took: 0.0000194 seconds
[2019-12-09T07:42:44.364+0000][1][safepoint    ] Application time: 1.0000769 seconds
[2019-12-09T07:42:44.364+0000][1][safepoint    ] Entering safepoint region: Cleanup
[2019-12-09T07:42:44.364+0000][1][safepoint    ] Leaving safepoint region
[2019-12-09T07:42:44.364+0000][1][safepoint    ] Total time for which application threads were stopped: 0.0000824 seconds, Stopping threads took: 0.0000194 seconds
[2019-12-09T07:42:45.364+0000][1][safepoint    ] Application time: 1.0000823 seconds
[2019-12-09T07:42:45.364+0000][1][safepoint    ] Entering safepoint region: Cleanup
[2019-12-09T07:42:45.364+0000][1][safepoint    ] Leaving safepoint region
[2019-12-09T07:42:45.364+0000][1][safepoint    ] Total time for which application threads were stopped: 0.0000867 seconds, Stopping threads took: 0.0000205 seconds
[2019-12-09T07:42:46.364+0000][1][safepoint    ] Application time: 1.0000775 seconds
[2019-12-09T07:42:46.364+0000][1][safepoint    ] Entering safepoint region: Cleanup
[2019-12-09T07:42:46.364+0000][1][safepoint    ] Leaving safepoint region
[2019-12-09T07:42:46.364+0000][1][safepoint    ] Total time for which application threads were stopped: 0.0000865 seconds, Stopping threads took: 0.0000225 seconds
[2019-12-09T07:42:47.364+0000][1][safepoint    ] Application time: 1.0000803 seconds
[2019-12-09T07:42:47.364+0000][1][safepoint    ] Entering safepoint region: Cleanup
[2019-12-09T07:42:47.364+0000][1][safepoint    ] Leaving safepoint region
[2019-12-09T07:42:47.364+0000][1][safepoint    ] Total time for which application threads were stopped: 0.0000848 seconds, Stopping threads took: 0.0000194 seconds
[2019-12-09T07:42:48.365+0000][1][safepoint    ] Application time: 1.0000772 seconds
[2019-12-09T07:42:48.365+0000][1][safepoint    ] Entering safepoint region: Cleanup
[2019-12-09T07:42:48.365+0000][1][safepoint    ] Leaving safepoint region
[2019-12-09T07:42:48.365+0000][1][safepoint    ] Total time for which application threads were stopped: 0.0000991 seconds, Stopping threads took: 0.0000187 seconds
[2019-12-09T07:42:49.365+0000][1][safepoint    ] Application time: 1.0000751 seconds
[2019-12-09T07:42:49.365+0000][1][safepoint    ] Entering safepoint region: Cleanup
[2019-12-09T07:42:49.365+0000][1][safepoint    ] Leaving safepoint region
[2019-12-09T07:42:49.365+0000][1][safepoint    ] Total time for which application threads were stopped: 0.0000777 seconds, Stopping threads took: 0.0000177 seconds
[2019-12-09T07:42:50.365+0000][1][safepoint    ] Application time: 1.0000860 seconds
[2019-12-09T07:42:50.365+0000][1][safepoint    ] Entering safepoint region: Cleanup
[2019-12-09T07:42:50.365+0000][1][safepoint    ] Leaving safepoint region
[2019-12-09T07:42:50.365+0000][1][safepoint    ] Total time for which application threads were stopped: 0.0000840 seconds, Stopping threads took: 0.0000194 seconds
[2019-12-09T07:42:51.365+0000][1][safepoint    ] Application time: 1.0000747 seconds
[2019-12-09T07:42:51.365+0000][1][safepoint    ] Entering safepoint region: Cleanup
[2019-12-09T07:42:51.365+0000][1][safepoint    ] Leaving safepoint region
[2019-12-09T07:42:51.365+0000][1][safepoint    ] Total time for which application threads were stopped: 0.0000899 seconds, Stopping threads took: 0.0000189 seconds
[2019-12-09T07:42:52.365+0000][1][safepoint    ] Application time: 1.0000753 seconds
[2019-12-09T07:42:52.365+0000][1][safepoint    ] Entering safepoint region: Cleanup
[2019-12-09T07:42:52.366+0000][1][safepoint    ] Leaving safepoint region
[2019-12-09T07:42:52.366+0000][1][safepoint    ] Total time for which application threads were stopped: 0.0000811 seconds, Stopping threads took: 0.0000189 seconds
[2019-12-09T07:42:53.366+0000][1][safepoint    ] Application time: 1.0000749 seconds
[2019-12-09T07:42:53.366+0000][1][safepoint    ] Entering safepoint region: Cleanup
[2019-12-09T07:42:53.366+0000][1][safepoint    ] Leaving safepoint region
[2019-12-09T07:42:53.366+0000][1][safepoint    ] Total time for which application threads were stopped: 0.0000963 seconds, Stopping threads took: 0.0000316 seconds
[2019-12-09T07:42:54.366+0000][1][safepoint    ] Application time: 1.0000743 seconds
[2019-12-09T07:42:54.366+0000][1][safepoint    ] Entering safepoint region: Cleanup
[2019-12-09T07:42:54.366+0000][1][safepoint    ] Leaving safepoint region
[2019-12-09T07:42:54.366+0000][1][safepoint    ] Total time for which application threads were stopped: 0.0000828 seconds, Stopping threads took: 0.0000198 seconds
[2019-12-09T07:42:55.366+0000][1][safepoint    ] Application time: 1.0000927 seconds
[2019-12-09T07:42:55.366+0000][1][safepoint    ] Entering safepoint region: Cleanup
[2019-12-09T07:42:55.366+0000][1][safepoint    ] Leaving safepoint region
[2019-12-09T07:42:55.366+0000][1][safepoint    ] Total time for which application threads were stopped: 0.0001194 seconds, Stopping threads took: 0.0000263 seconds
[2019-12-09T07:42:56.366+0000][1][safepoint    ] Application time: 1.0000795 seconds
[2019-12-09T07:42:56.366+0000][1][safepoint    ] Entering safepoint region: Cleanup
[2019-12-09T07:42:56.366+0000][1][safepoint    ] Leaving safepoint region
[2019-12-09T07:42:56.366+0000][1][safepoint    ] Total time for which application threads were stopped: 0.0000815 seconds, Stopping threads took: 0.0000183 seconds
[2019-12-09T07:42:57.367+0000][1][safepoint    ] Application time: 1.0000759 seconds
[2019-12-09T07:42:57.367+0000][1][safepoint    ] Entering safepoint region: Cleanup
[2019-12-09T07:42:57.367+0000][1][safepoint    ] Leaving safepoint region
[2019-12-09T07:42:57.367+0000][1][safepoint    ] Total time for which application threads were stopped: 0.0000834 seconds, Stopping threads took: 0.0000197 seconds
[2019-12-09T07:42:58.367+0000][1][safepoint    ] Application time: 1.0000773 seconds
[2019-12-09T07:42:58.367+0000][1][safepoint    ] Entering safepoint region: Cleanup
[2019-12-09T07:42:58.367+0000][1][safepoint    ] Leaving safepoint region
[2019-12-09T07:42:58.367+0000][1][safepoint    ] Total time for which application threads were stopped: 0.0000796 seconds, Stopping threads took: 0.0000183 seconds
[2019-12-09T07:42:59.367+0000][1][safepoint    ] Application time: 1.0000625 seconds
[2019-12-09T07:42:59.367+0000][1][safepoint    ] Entering safepoint region: Cleanup
[2019-12-09T07:42:59.367+0000][1][safepoint    ] Leaving safepoint region
[2019-12-09T07:42:59.367+0000][1][safepoint    ] Total time for which application threads were stopped: 0.0000822 seconds, Stopping threads took: 0.0000193 seconds
[2019-12-09T07:43:00.367+0000][1][safepoint    ] Application time: 1.0000863 seconds
[2019-12-09T07:43:00.367+0000][1][safepoint    ] Entering safepoint region: Cleanup
[2019-12-09T07:43:00.367+0000][1][safepoint    ] Leaving safepoint region
[2019-12-09T07:43:00.367+0000][1][safepoint    ] Total time for which application threads were stopped: 0.0001272 seconds, Stopping threads took: 0.0000260 seconds
[2019-12-09T07:43:01.367+0000][1][safepoint    ] Application time: 1.0000775 seconds
[2019-12-09T07:43:01.367+0000][1][safepoint    ] Entering safepoint region: Cleanup
[2019-12-09T07:43:01.367+0000][1][safepoint    ] Leaving safepoint region
[2019-12-09T07:43:01.367+0000][1][safepoint    ] Total time for which application threads were stopped: 0.0000794 seconds, Stopping threads took: 0.0000213 seconds
[2019-12-09T07:43:02.208+0000][1][safepoint    ] Application time: 0.8409816 seconds
[2019-12-09T07:43:02.209+0000][1][safepoint    ] Entering safepoint region: GenCollectForAllocation
[2019-12-09T07:43:02.209+0000][1][gc,start     ] GC(83) Pause Young (Allocation Failure)
[2019-12-09T07:43:02.209+0000][1][gc,task      ] GC(83) Using 2 workers of 2 for evacuation
[2019-12-09T07:43:02.211+0000][1][gc,age       ] GC(83) Desired survivor size 4456448 bytes, new threshold 6 (max threshold 6)
[2019-12-09T07:43:02.211+0000][1][gc,age       ] GC(83) Age table with threshold 6 (max threshold 6)
[2019-12-09T07:43:02.211+0000][1][gc,age       ] GC(83) - age   1:     851080 bytes,     851080 total
[2019-12-09T07:43:02.211+0000][1][gc,age       ] GC(83) - age   2:        480 bytes,     851560 total
[2019-12-09T07:43:02.211+0000][1][gc,age       ] GC(83) - age   4:       1224 bytes,     852784 total
[2019-12-09T07:43:02.211+0000][1][gc,age       ] GC(83) - age   5:        648 bytes,     853432 total
[2019-12-09T07:43:02.211+0000][1][gc,age       ] GC(83) - age   6:        392 bytes,     853824 total
[2019-12-09T07:43:02.211+0000][1][gc,heap      ] GC(83) ParNew: 70919K->925K(78656K)
[2019-12-09T07:43:02.211+0000][1][gc,heap      ] GC(83) CMS: 70948K->70949K(174784K)
[2019-12-09T07:43:02.211+0000][1][gc,metaspace ] GC(83) Metaspace: 76321K->76321K(1120256K)
[2019-12-09T07:43:02.211+0000][1][gc           ] GC(83) Pause Young (Allocation Failure) 138M->70M(247M) 2.096ms
[2019-12-09T07:43:02.211+0000][1][gc,cpu       ] GC(83) User=0.01s Sys=0.00s Real=0.00s
[2019-12-09T07:43:02.211+0000][1][safepoint    ] Leaving safepoint region
[2019-12-09T07:43:02.211+0000][1][safepoint    ] Total time for which application threads were stopped: 0.0022698 seconds, Stopping threads took: 0.0000232 seconds
[2019-12-09T07:43:03.211+0000][1][safepoint    ] Application time: 1.0000907 seconds
[2019-12-09T07:43:03.211+0000][1][safepoint    ] Entering safepoint region: Cleanup
[2019-12-09T07:43:03.211+0000][1][safepoint    ] Leaving safepoint region
[2019-12-09T07:43:03.211+0000][1][safepoint    ] Total time for which application threads were stopped: 0.0000833 seconds, Stopping threads took: 0.0000194 seconds
[2019-12-09T07:43:04.211+0000][1][safepoint    ] Application time: 1.0000759 seconds
[2019-12-09T07:43:04.211+0000][1][safepoint    ] Entering safepoint region: Cleanup
[2019-12-09T07:43:04.211+0000][1][safepoint    ] Leaving safepoint region
[2019-12-09T07:43:04.211+0000][1][safepoint    ] Total time for which application threads were stopped: 0.0000957 seconds, Stopping threads took: 0.0000307 seconds
[2019-12-09T07:43:05.211+0000][1][safepoint    ] Application time: 1.0000776 seconds
[2019-12-09T07:43:05.211+0000][1][safepoint    ] Entering safepoint region: Cleanup
[2019-12-09T07:43:05.211+0000][1][safepoint    ] Leaving safepoint region
[2019-12-09T07:43:05.211+0000][1][safepoint    ] Total time for which application threads were stopped: 0.0000825 seconds, Stopping threads took: 0.0000193 seconds
[2019-12-09T07:43:06.212+0000][1][safepoint    ] Application time: 1.0000771 seconds
[2019-12-09T07:43:06.212+0000][1][safepoint    ] Entering safepoint region: Cleanup
[2019-12-09T07:43:06.212+0000][1][safepoint    ] Leaving safepoint region
[2019-12-09T07:43:06.212+0000][1][safepoint    ] Total time for which application threads were stopped: 0.0000861 seconds, Stopping threads took: 0.0000193 seconds
[2019-12-09T07:43:07.212+0000][1][safepoint    ] Application time: 1.0000764 seconds
[2019-12-09T07:43:07.212+0000][1][safepoint    ] Entering safepoint region: Cleanup
[2019-12-09T07:43:07.212+0000][1][safepoint    ] Leaving safepoint region
[2019-12-09T07:43:07.212+0000][1][safepoint    ] Total time for which application threads were stopped: 0.0000830 seconds, Stopping threads took: 0.0000194 seconds
[2019-12-09T07:43:08.212+0000][1][safepoint    ] Application time: 1.0000736 seconds
[2019-12-09T07:43:08.212+0000][1][safepoint    ] Entering safepoint region: Cleanup
[2019-12-09T07:43:08.212+0000][1][safepoint    ] Leaving safepoint region
[2019-12-09T07:43:08.212+0000][1][safepoint    ] Total time for which application threads were stopped: 0.0000860 seconds, Stopping threads took: 0.0000203 seconds
[2019-12-09T07:43:09.212+0000][1][safepoint    ] Application time: 1.0000800 seconds
[2019-12-09T07:43:09.212+0000][1][safepoint    ] Entering safepoint region: Cleanup
[2019-12-09T07:43:09.212+0000][1][safepoint    ] Leaving safepoint region
[2019-12-09T07:43:09.212+0000][1][safepoint    ] Total time for which application threads were stopped: 0.0000843 seconds, Stopping threads took: 0.0000204 seconds
[2019-12-09T07:43:10.212+0000][1][safepoint    ] Application time: 1.0000749 seconds
[2019-12-09T07:43:10.212+0000][1][safepoint    ] Entering safepoint region: Cleanup
[2019-12-09T07:43:10.212+0000][1][safepoint    ] Leaving safepoint region
[2019-12-09T07:43:10.212+0000][1][safepoint    ] Total time for which application threads were stopped: 0.0000816 seconds, Stopping threads took: 0.0000206 seconds
[2019-12-09T07:43:11.213+0000][1][safepoint    ] Application time: 1.0000749 seconds
[2019-12-09T07:43:11.213+0000][1][safepoint    ] Entering safepoint region: Cleanup
[2019-12-09T07:43:11.213+0000][1][safepoint    ] Leaving safepoint region
[2019-12-09T07:43:11.213+0000][1][safepoint    ] Total time for which application threads were stopped: 0.0000824 seconds, Stopping threads took: 0.0000193 seconds
[2019-12-09T07:43:12.213+0000][1][safepoint    ] Application time: 1.0000761 seconds
[2019-12-09T07:43:12.213+0000][1][safepoint    ] Entering safepoint region: Cleanup
[2019-12-09T07:43:12.213+0000][1][safepoint    ] Leaving safepoint region
[2019-12-09T07:43:12.213+0000][1][safepoint    ] Total time for which application threads were stopped: 0.0001026 seconds, Stopping threads took: 0.0000198 seconds
[2019-12-09T07:43:13.213+0000][1][safepoint    ] Application time: 1.0000755 seconds
[2019-12-09T07:43:13.213+0000][1][safepoint    ] Entering safepoint region: Cleanup
[2019-12-09T07:43:13.213+0000][1][safepoint    ] Leaving safepoint region
[2019-12-09T07:43:13.213+0000][1][safepoint    ] Total time for which application threads were stopped: 0.0000849 seconds, Stopping threads took: 0.0000198 seconds
[2019-12-09T07:43:14.213+0000][1][safepoint    ] Application time: 1.0000770 seconds
[2019-12-09T07:43:14.213+0000][1][safepoint    ] Entering safepoint region: Cleanup
[2019-12-09T07:43:14.213+0000][1][safepoint    ] Leaving safepoint region
[2019-12-09T07:43:14.213+0000][1][safepoint    ] Total time for which application threads were stopped: 0.0000857 seconds, Stopping threads took: 0.0000212 seconds
[2019-12-09T07:43:15.213+0000][1][safepoint    ] Application time: 1.0000823 seconds
[2019-12-09T07:43:15.213+0000][1][safepoint    ] Entering safepoint region: Cleanup
[2019-12-09T07:43:15.213+0000][1][safepoint    ] Leaving safepoint region
[2019-12-09T07:43:15.213+0000][1][safepoint    ] Total time for which application threads were stopped: 0.0000822 seconds, Stopping threads took: 0.0000196 seconds
[2019-12-09T07:43:16.214+0000][1][safepoint    ] Application time: 1.0000764 seconds
[2019-12-09T07:43:16.214+0000][1][safepoint    ] Entering safepoint region: Cleanup
[2019-12-09T07:43:16.214+0000][1][safepoint    ] Leaving safepoint region
[2019-12-09T07:43:16.214+0000][1][safepoint    ] Total time for which application threads were stopped: 0.0000993 seconds, Stopping threads took: 0.0000209 seconds
[2019-12-09T07:43:17.214+0000][1][safepoint    ] Application time: 1.0000800 seconds
[2019-12-09T07:43:17.214+0000][1][safepoint    ] Entering safepoint region: Cleanup
[2019-12-09T07:43:17.214+0000][1][safepoint    ] Leaving safepoint region
[2019-12-09T07:43:17.214+0000][1][safepoint    ] Total time for which application threads were stopped: 0.0000878 seconds, Stopping threads took: 0.0000220 seconds
[2019-12-09T07:43:18.214+0000][1][safepoint    ] Application time: 1.0000778 seconds
[2019-12-09T07:43:18.214+0000][1][safepoint    ] Entering safepoint region: Cleanup
[2019-12-09T07:43:18.214+0000][1][safepoint    ] Leaving safepoint region
[2019-12-09T07:43:18.214+0000][1][safepoint    ] Total time for which application threads were stopped: 0.0000808 seconds, Stopping threads took: 0.0000195 seconds
[2019-12-09T07:43:19.214+0000][1][safepoint    ] Application time: 1.0000759 seconds
[2019-12-09T07:43:19.214+0000][1][safepoint    ] Entering safepoint region: Cleanup
[2019-12-09T07:43:19.214+0000][1][safepoint    ] Leaving safepoint region
[2019-12-09T07:43:19.214+0000][1][safepoint    ] Total time for which application threads were stopped: 0.0000857 seconds, Stopping threads took: 0.0000210 seconds
[2019-12-09T07:43:20.214+0000][1][safepoint    ] Application time: 1.0000767 seconds
[2019-12-09T07:43:20.214+0000][1][safepoint    ] Entering safepoint region: Cleanup
[2019-12-09T07:43:20.215+0000][1][safepoint    ] Leaving safepoint region
[2019-12-09T07:43:20.215+0000][1][safepoint    ] Total time for which application threads were stopped: 0.0000800 seconds, Stopping threads took: 0.0000172 seconds
[2019-12-09T07:43:21.215+0000][1][safepoint    ] Application time: 1.0000779 seconds
[2019-12-09T07:43:21.215+0000][1][safepoint    ] Entering safepoint region: Cleanup
[2019-12-09T07:43:21.215+0000][1][safepoint    ] Leaving safepoint region
[2019-12-09T07:43:21.215+0000][1][safepoint    ] Total time for which application threads were stopped: 0.0000983 seconds, Stopping threads took: 0.0000339 seconds
[2019-12-09T07:43:22.215+0000][1][safepoint    ] Application time: 1.0000756 seconds
[2019-12-09T07:43:22.215+0000][1][safepoint    ] Entering safepoint region: Cleanup
[2019-12-09T07:43:22.215+0000][1][safepoint    ] Leaving safepoint region
[2019-12-09T07:43:22.215+0000][1][safepoint    ] Total time for which application threads were stopped: 0.0000889 seconds, Stopping threads took: 0.0000206 seconds
[2019-12-09T07:43:23.215+0000][1][safepoint    ] Application time: 1.0000751 seconds
[2019-12-09T07:43:23.215+0000][1][safepoint    ] Entering safepoint region: Cleanup
[2019-12-09T07:43:23.215+0000][1][safepoint    ] Leaving safepoint region
[2019-12-09T07:43:23.215+0000][1][safepoint    ] Total time for which application threads were stopped: 0.0000910 seconds, Stopping threads took: 0.0000198 seconds
[2019-12-09T07:43:24.215+0000][1][safepoint    ] Application time: 1.0000766 seconds
[2019-12-09T07:43:24.215+0000][1][safepoint    ] Entering safepoint region: Cleanup
[2019-12-09T07:43:24.215+0000][1][safepoint    ] Leaving safepoint region
[2019-12-09T07:43:24.215+0000][1][safepoint    ] Total time for which application threads were stopped: 0.0000847 seconds, Stopping threads took: 0.0000205 seconds
[2019-12-09T07:43:25.215+0000][1][safepoint    ] Application time: 1.0000835 seconds
[2019-12-09T07:43:25.216+0000][1][safepoint    ] Entering safepoint region: Cleanup
[2019-12-09T07:43:25.216+0000][1][safepoint    ] Leaving safepoint region
[2019-12-09T07:43:25.216+0000][1][safepoint    ] Total time for which application threads were stopped: 0.0000855 seconds, Stopping threads took: 0.0000207 seconds
[2019-12-09T07:43:26.216+0000][1][safepoint    ] Application time: 1.0000860 seconds
[2019-12-09T07:43:26.216+0000][1][safepoint    ] Entering safepoint region: Cleanup
[2019-12-09T07:43:26.216+0000][1][safepoint    ] Leaving safepoint region
[2019-12-09T07:43:26.216+0000][1][safepoint    ] Total time for which application threads were stopped: 0.0000838 seconds, Stopping threads took: 0.0000184 seconds
[2019-12-09T07:43:27.216+0000][1][safepoint    ] Application time: 1.0000763 seconds
[2019-12-09T07:43:27.216+0000][1][safepoint    ] Entering safepoint region: Cleanup
[2019-12-09T07:43:27.216+0000][1][safepoint    ] Leaving safepoint region
[2019-12-09T07:43:27.216+0000][1][safepoint    ] Total time for which application threads were stopped: 0.0000821 seconds, Stopping threads took: 0.0000183 seconds
[2019-12-09T07:43:28.216+0000][1][safepoint    ] Application time: 1.0000753 seconds
[2019-12-09T07:43:28.216+0000][1][safepoint    ] Entering safepoint region: Cleanup
[2019-12-09T07:43:28.216+0000][1][safepoint    ] Leaving safepoint region
[2019-12-09T07:43:28.216+0000][1][safepoint    ] Total time for which application threads were stopped: 0.0000816 seconds, Stopping threads took: 0.0000187 seconds
[2019-12-09T07:43:29.216+0000][1][safepoint    ] Application time: 1.0000755 seconds
[2019-12-09T07:43:29.216+0000][1][safepoint    ] Entering safepoint region: Cleanup
[2019-12-09T07:43:29.216+0000][1][safepoint    ] Leaving safepoint region
[2019-12-09T07:43:29.216+0000][1][safepoint    ] Total time for which application threads were stopped: 0.0000841 seconds, Stopping threads took: 0.0000199 seconds
[2019-12-09T07:43:30.217+0000][1][safepoint    ] Application time: 1.0000790 seconds
[2019-12-09T07:43:30.217+0000][1][safepoint    ] Entering safepoint region: Cleanup
[2019-12-09T07:43:30.217+0000][1][safepoint    ] Leaving safepoint region
[2019-12-09T07:43:30.217+0000][1][safepoint    ] Total time for which application threads were stopped: 0.0000862 seconds, Stopping threads took: 0.0000203 seconds
[2019-12-09T07:43:31.217+0000][1][safepoint    ] Application time: 1.0000754 seconds
[2019-12-09T07:43:31.217+0000][1][safepoint    ] Entering safepoint region: Cleanup
[2019-12-09T07:43:31.217+0000][1][safepoint    ] Leaving safepoint region
[2019-12-09T07:43:31.217+0000][1][safepoint    ] Total time for which application threads were stopped: 0.0000805 seconds, Stopping threads took: 0.0000185 seconds
[2019-12-09T07:43:32.217+0000][1][safepoint    ] Application time: 1.0000806 seconds
[2019-12-09T07:43:32.217+0000][1][safepoint    ] Entering safepoint region: Cleanup
[2019-12-09T07:43:32.217+0000][1][safepoint    ] Leaving safepoint region
[2019-12-09T07:43:32.217+0000][1][safepoint    ] Total time for which application threads were stopped: 0.0000872 seconds, Stopping threads took: 0.0000166 seconds
[2019-12-09T07:43:33.217+0000][1][safepoint    ] Application time: 1.0000744 seconds
[2019-12-09T07:43:33.217+0000][1][safepoint    ] Entering safepoint region: Cleanup
[2019-12-09T07:43:33.217+0000][1][safepoint    ] Leaving safepoint region
[2019-12-09T07:43:33.217+0000][1][safepoint    ] Total time for which application threads were stopped: 0.0000813 seconds, Stopping threads took: 0.0000200 seconds
[2019-12-09T07:43:34.217+0000][1][safepoint    ] Application time: 1.0000771 seconds
[2019-12-09T07:43:34.217+0000][1][safepoint    ] Entering safepoint region: Cleanup
[2019-12-09T07:43:34.217+0000][1][safepoint    ] Leaving safepoint region
[2019-12-09T07:43:34.217+0000][1][safepoint    ] Total time for which application threads were stopped: 0.0000919 seconds, Stopping threads took: 0.0000268 seconds
[2019-12-09T07:43:35.218+0000][1][safepoint    ] Application time: 1.0000780 seconds
[2019-12-09T07:43:35.218+0000][1][safepoint    ] Entering safepoint region: Cleanup
[2019-12-09T07:43:35.218+0000][1][safepoint    ] Leaving safepoint region
[2019-12-09T07:43:35.218+0000][1][safepoint    ] Total time for which application threads were stopped: 0.0000795 seconds, Stopping threads took: 0.0000185 seconds
[2019-12-09T07:43:36.218+0000][1][safepoint    ] Application time: 1.0000756 seconds
[2019-12-09T07:43:36.218+0000][1][safepoint    ] Entering safepoint region: Cleanup
[2019-12-09T07:43:36.218+0000][1][safepoint    ] Leaving safepoint region
[2019-12-09T07:43:36.218+0000][1][safepoint    ] Total time for which application threads were stopped: 0.0000835 seconds, Stopping threads took: 0.0000205 seconds
[2019-12-09T07:43:37.218+0000][1][safepoint    ] Application time: 1.0000758 seconds
[2019-12-09T07:43:37.218+0000][1][safepoint    ] Entering safepoint region: Cleanup
[2019-12-09T07:43:37.218+0000][1][safepoint    ] Leaving safepoint region
[2019-12-09T07:43:37.218+0000][1][safepoint    ] Total time for which application threads were stopped: 0.0000807 seconds, Stopping threads took: 0.0000186 seconds
[2019-12-09T07:43:38.218+0000][1][safepoint    ] Application time: 1.0000754 seconds
[2019-12-09T07:43:38.218+0000][1][safepoint    ] Entering safepoint region: Cleanup
[2019-12-09T07:43:38.218+0000][1][safepoint    ] Leaving safepoint region
[2019-12-09T07:43:38.218+0000][1][safepoint    ] Total time for which application threads were stopped: 0.0000845 seconds, Stopping threads took: 0.0000195 seconds
[2019-12-09T07:43:39.218+0000][1][safepoint    ] Application time: 1.0000772 seconds
[2019-12-09T07:43:39.218+0000][1][safepoint    ] Entering safepoint region: Cleanup
[2019-12-09T07:43:39.218+0000][1][safepoint    ] Leaving safepoint region
[2019-12-09T07:43:39.218+0000][1][safepoint    ] Total time for which application threads were stopped: 0.0000839 seconds, Stopping threads took: 0.0000203 seconds
[2019-12-09T07:43:40.219+0000][1][safepoint    ] Application time: 1.0000788 seconds
[2019-12-09T07:43:40.219+0000][1][safepoint    ] Entering safepoint region: Cleanup
[2019-12-09T07:43:40.219+0000][1][safepoint    ] Leaving safepoint region
[2019-12-09T07:43:40.219+0000][1][safepoint    ] Total time for which application threads were stopped: 0.0000813 seconds, Stopping threads took: 0.0000181 seconds
[2019-12-09T07:43:41.219+0000][1][safepoint    ] Application time: 1.0000841 seconds
[2019-12-09T07:43:41.219+0000][1][safepoint    ] Entering safepoint region: Cleanup
[2019-12-09T07:43:41.219+0000][1][safepoint    ] Leaving safepoint region
[2019-12-09T07:43:41.219+0000][1][safepoint    ] Total time for which application threads were stopped: 0.0000819 seconds, Stopping threads took: 0.0000188 seconds
[2019-12-09T07:43:42.219+0000][1][safepoint    ] Application time: 1.0000735 seconds
[2019-12-09T07:43:42.219+0000][1][safepoint    ] Entering safepoint region: Cleanup
[2019-12-09T07:43:42.219+0000][1][safepoint    ] Leaving safepoint region
[2019-12-09T07:43:42.219+0000][1][safepoint    ] Total time for which application threads were stopped: 0.0000820 seconds, Stopping threads took: 0.0000184 seconds
[2019-12-09T07:43:43.219+0000][1][safepoint    ] Application time: 1.0000765 seconds
[2019-12-09T07:43:43.219+0000][1][safepoint    ] Entering safepoint region: Cleanup
[2019-12-09T07:43:43.219+0000][1][safepoint    ] Leaving safepoint region
[2019-12-09T07:43:43.219+0000][1][safepoint    ] Total time for which application threads were stopped: 0.0000813 seconds, Stopping threads took: 0.0000193 seconds
[2019-12-09T07:43:44.219+0000][1][safepoint    ] Application time: 1.0000743 seconds
[2019-12-09T07:43:44.219+0000][1][safepoint    ] Entering safepoint region: Cleanup
[2019-12-09T07:43:44.219+0000][1][safepoint    ] Leaving safepoint region
[2019-12-09T07:43:44.219+0000][1][safepoint    ] Total time for which application threads were stopped: 0.0000813 seconds, Stopping threads took: 0.0000189 seconds
[2019-12-09T07:43:45.047+0000][1][safepoint    ] Application time: 0.8276150 seconds
[2019-12-09T07:43:45.047+0000][1][safepoint    ] Entering safepoint region: GenCollectForAllocation
[2019-12-09T07:43:45.047+0000][1][gc,start     ] GC(84) Pause Young (Allocation Failure)
[2019-12-09T07:43:45.047+0000][1][gc,task      ] GC(84) Using 2 workers of 2 for evacuation
[2019-12-09T07:43:45.049+0000][1][gc,age       ] GC(84) Desired survivor size 4456448 bytes, new threshold 6 (max threshold 6)
[2019-12-09T07:43:45.049+0000][1][gc,age       ] GC(84) Age table with threshold 6 (max threshold 6)
[2019-12-09T07:43:45.049+0000][1][gc,age       ] GC(84) - age   1:     823936 bytes,     823936 total
[2019-12-09T07:43:45.049+0000][1][gc,age       ] GC(84) - age   2:        664 bytes,     824600 total
[2019-12-09T07:43:45.049+0000][1][gc,age       ] GC(84) - age   3:        480 bytes,     825080 total
[2019-12-09T07:43:45.049+0000][1][gc,age       ] GC(84) - age   5:       1224 bytes,     826304 total
[2019-12-09T07:43:45.049+0000][1][gc,age       ] GC(84) - age   6:        648 bytes,     826952 total
[2019-12-09T07:43:45.049+0000][1][gc,heap      ] GC(84) ParNew: 70877K->984K(78656K)
[2019-12-09T07:43:45.049+0000][1][gc,heap      ] GC(84) CMS: 70949K->70949K(174784K)
[2019-12-09T07:43:45.049+0000][1][gc,metaspace ] GC(84) Metaspace: 76325K->76325K(1120256K)
[2019-12-09T07:43:45.049+0000][1][gc           ] GC(84) Pause Young (Allocation Failure) 138M->70M(247M) 2.019ms
[2019-12-09T07:43:45.049+0000][1][gc,cpu       ] GC(84) User=0.01s Sys=0.00s Real=0.00s
[2019-12-09T07:43:45.049+0000][1][safepoint    ] Leaving safepoint region
[2019-12-09T07:43:45.049+0000][1][safepoint    ] Total time for which application threads were stopped: 0.0021878 seconds, Stopping threads took: 0.0000192 seconds
[2019-12-09T07:43:46.049+0000][1][safepoint    ] Application time: 1.0000863 seconds
[2019-12-09T07:43:46.049+0000][1][safepoint    ] Entering safepoint region: Cleanup
[2019-12-09T07:43:46.050+0000][1][safepoint    ] Leaving safepoint region
[2019-12-09T07:43:46.050+0000][1][safepoint    ] Total time for which application threads were stopped: 0.0000872 seconds, Stopping threads took: 0.0000207 seconds
[2019-12-09T07:43:47.050+0000][1][safepoint    ] Application time: 1.0000792 seconds
[2019-12-09T07:43:47.050+0000][1][safepoint    ] Entering safepoint region: Cleanup
[2019-12-09T07:43:47.050+0000][1][safepoint    ] Leaving safepoint region
[2019-12-09T07:43:47.050+0000][1][safepoint    ] Total time for which application threads were stopped: 0.0000909 seconds, Stopping threads took: 0.0000280 seconds
[2019-12-09T07:43:48.050+0000][1][safepoint    ] Application time: 1.0000801 seconds
[2019-12-09T07:43:48.050+0000][1][safepoint    ] Entering safepoint region: Cleanup
[2019-12-09T07:43:48.050+0000][1][safepoint    ] Leaving safepoint region
[2019-12-09T07:43:48.050+0000][1][safepoint    ] Total time for which application threads were stopped: 0.0000847 seconds, Stopping threads took: 0.0000189 seconds
[2019-12-09T07:43:49.050+0000][1][safepoint    ] Application time: 1.0000789 seconds
[2019-12-09T07:43:49.050+0000][1][safepoint    ] Entering safepoint region: Cleanup
[2019-12-09T07:43:49.050+0000][1][safepoint    ] Leaving safepoint region
[2019-12-09T07:43:49.050+0000][1][safepoint    ] Total time for which application threads were stopped: 0.0000929 seconds, Stopping threads took: 0.0000286 seconds
[2019-12-09T07:43:50.050+0000][1][safepoint    ] Application time: 1.0000758 seconds
[2019-12-09T07:43:50.050+0000][1][safepoint    ] Entering safepoint region: Cleanup
[2019-12-09T07:43:50.050+0000][1][safepoint    ] Leaving safepoint region
[2019-12-09T07:43:50.050+0000][1][safepoint    ] Total time for which application threads were stopped: 0.0000818 seconds, Stopping threads took: 0.0000198 seconds
[2019-12-09T07:43:51.050+0000][1][safepoint    ] Application time: 1.0000778 seconds
[2019-12-09T07:43:51.051+0000][1][safepoint    ] Entering safepoint region: Cleanup
[2019-12-09T07:43:51.051+0000][1][safepoint    ] Leaving safepoint region
[2019-12-09T07:43:51.051+0000][1][safepoint    ] Total time for which application threads were stopped: 0.0000841 seconds, Stopping threads took: 0.0000192 seconds
[2019-12-09T07:43:52.051+0000][1][safepoint    ] Application time: 1.0000849 seconds
[2019-12-09T07:43:52.051+0000][1][safepoint    ] Entering safepoint region: Cleanup
[2019-12-09T07:43:52.051+0000][1][safepoint    ] Leaving safepoint region
[2019-12-09T07:43:52.051+0000][1][safepoint    ] Total time for which application threads were stopped: 0.0000825 seconds, Stopping threads took: 0.0000210 seconds
[2019-12-09T07:43:53.051+0000][1][safepoint    ] Application time: 1.0000767 seconds
[2019-12-09T07:43:53.051+0000][1][safepoint    ] Entering safepoint region: Cleanup
[2019-12-09T07:43:53.051+0000][1][safepoint    ] Leaving safepoint region
[2019-12-09T07:43:53.051+0000][1][safepoint    ] Total time for which application threads were stopped: 0.0000823 seconds, Stopping threads took: 0.0000191 seconds
[2019-12-09T07:43:54.051+0000][1][safepoint    ] Application time: 1.0000773 seconds
[2019-12-09T07:43:54.051+0000][1][safepoint    ] Entering safepoint region: Cleanup
[2019-12-09T07:43:54.051+0000][1][safepoint    ] Leaving safepoint region
[2019-12-09T07:43:54.051+0000][1][safepoint    ] Total time for which application threads were stopped: 0.0000850 seconds, Stopping threads took: 0.0000203 seconds
[2019-12-09T07:43:55.051+0000][1][safepoint    ] Application time: 1.0000773 seconds
[2019-12-09T07:43:55.051+0000][1][safepoint    ] Entering safepoint region: Cleanup
[2019-12-09T07:43:55.051+0000][1][safepoint    ] Leaving safepoint region
[2019-12-09T07:43:55.051+0000][1][safepoint    ] Total time for which application threads were stopped: 0.0000831 seconds, Stopping threads took: 0.0000207 seconds
[2019-12-09T07:43:56.052+0000][1][safepoint    ] Application time: 1.0000810 seconds
[2019-12-09T07:43:56.052+0000][1][safepoint    ] Entering safepoint region: Cleanup
[2019-12-09T07:43:56.052+0000][1][safepoint    ] Leaving safepoint region
[2019-12-09T07:43:56.052+0000][1][safepoint    ] Total time for which application threads were stopped: 0.0000844 seconds, Stopping threads took: 0.0000199 seconds
[2019-12-09T07:43:57.052+0000][1][safepoint    ] Application time: 1.0000757 seconds
[2019-12-09T07:43:57.052+0000][1][safepoint    ] Entering safepoint region: Cleanup
[2019-12-09T07:43:57.052+0000][1][safepoint    ] Leaving safepoint region
[2019-12-09T07:43:57.052+0000][1][safepoint    ] Total time for which application threads were stopped: 0.0000833 seconds, Stopping threads took: 0.0000194 seconds
[2019-12-09T07:43:58.052+0000][1][safepoint    ] Application time: 1.0000778 seconds
[2019-12-09T07:43:58.052+0000][1][safepoint    ] Entering safepoint region: Cleanup
[2019-12-09T07:43:58.052+0000][1][safepoint    ] Leaving safepoint region
[2019-12-09T07:43:58.052+0000][1][safepoint    ] Total time for which application threads were stopped: 0.0000825 seconds, Stopping threads took: 0.0000189 seconds
[2019-12-09T07:43:59.052+0000][1][safepoint    ] Application time: 1.0000771 seconds
[2019-12-09T07:43:59.052+0000][1][safepoint    ] Entering safepoint region: Cleanup
[2019-12-09T07:43:59.052+0000][1][safepoint    ] Leaving safepoint region
[2019-12-09T07:43:59.052+0000][1][safepoint    ] Total time for which application threads were stopped: 0.0000893 seconds, Stopping threads took: 0.0000263 seconds
[2019-12-09T07:44:00.052+0000][1][safepoint    ] Application time: 1.0000808 seconds
[2019-12-09T07:44:00.052+0000][1][safepoint    ] Entering safepoint region: Cleanup
[2019-12-09T07:44:00.052+0000][1][safepoint    ] Leaving safepoint region
[2019-12-09T07:44:00.052+0000][1][safepoint    ] Total time for which application threads were stopped: 0.0000855 seconds, Stopping threads took: 0.0000208 seconds
[2019-12-09T07:44:01.053+0000][1][safepoint    ] Application time: 1.0000786 seconds
[2019-12-09T07:44:01.053+0000][1][safepoint    ] Entering safepoint region: Cleanup
[2019-12-09T07:44:01.053+0000][1][safepoint    ] Leaving safepoint region
[2019-12-09T07:44:01.053+0000][1][safepoint    ] Total time for which application threads were stopped: 0.0000977 seconds, Stopping threads took: 0.0000223 seconds
[2019-12-09T07:44:02.053+0000][1][safepoint    ] Application time: 1.0000784 seconds
[2019-12-09T07:44:02.053+0000][1][safepoint    ] Entering safepoint region: Cleanup
[2019-12-09T07:44:02.053+0000][1][safepoint    ] Leaving safepoint region
[2019-12-09T07:44:02.053+0000][1][safepoint    ] Total time for which application threads were stopped: 0.0000854 seconds, Stopping threads took: 0.0000202 seconds
[2019-12-09T07:44:03.053+0000][1][safepoint    ] Application time: 1.0000762 seconds
[2019-12-09T07:44:03.053+0000][1][safepoint    ] Entering safepoint region: Cleanup
[2019-12-09T07:44:03.053+0000][1][safepoint    ] Leaving safepoint region
[2019-12-09T07:44:03.053+0000][1][safepoint    ] Total time for which application threads were stopped: 0.0000851 seconds, Stopping threads took: 0.0000196 seconds
[2019-12-09T07:44:04.053+0000][1][safepoint    ] Application time: 1.0000777 seconds
[2019-12-09T07:44:04.053+0000][1][safepoint    ] Entering safepoint region: Cleanup
[2019-12-09T07:44:04.053+0000][1][safepoint    ] Leaving safepoint region
[2019-12-09T07:44:04.053+0000][1][safepoint    ] Total time for which application threads were stopped: 0.0000913 seconds, Stopping threads took: 0.0000269 seconds
[2019-12-09T07:44:05.053+0000][1][safepoint    ] Application time: 1.0000774 seconds
[2019-12-09T07:44:05.053+0000][1][safepoint    ] Entering safepoint region: Cleanup
[2019-12-09T07:44:05.054+0000][1][safepoint    ] Leaving safepoint region
[2019-12-09T07:44:05.054+0000][1][safepoint    ] Total time for which application threads were stopped: 0.0000805 seconds, Stopping threads took: 0.0000185 seconds
[2019-12-09T07:44:06.054+0000][1][safepoint    ] Application time: 1.0000775 seconds
[2019-12-09T07:44:06.054+0000][1][safepoint    ] Entering safepoint region: Cleanup
[2019-12-09T07:44:06.054+0000][1][safepoint    ] Leaving safepoint region
[2019-12-09T07:44:06.054+0000][1][safepoint    ] Total time for which application threads were stopped: 0.0000969 seconds, Stopping threads took: 0.0000208 seconds
[2019-12-09T07:44:07.054+0000][1][safepoint    ] Application time: 1.0000773 seconds
[2019-12-09T07:44:07.054+0000][1][safepoint    ] Entering safepoint region: Cleanup
[2019-12-09T07:44:07.054+0000][1][safepoint    ] Leaving safepoint region
[2019-12-09T07:44:07.054+0000][1][safepoint    ] Total time for which application threads were stopped: 0.0000821 seconds, Stopping threads took: 0.0000192 seconds
[2019-12-09T07:44:08.054+0000][1][safepoint    ] Application time: 1.0000779 seconds
[2019-12-09T07:44:08.054+0000][1][safepoint    ] Entering safepoint region: Cleanup
[2019-12-09T07:44:08.054+0000][1][safepoint    ] Leaving safepoint region
[2019-12-09T07:44:08.054+0000][1][safepoint    ] Total time for which application threads were stopped: 0.0000822 seconds, Stopping threads took: 0.0000190 seconds
[2019-12-09T07:44:09.054+0000][1][safepoint    ] Application time: 1.0000777 seconds
[2019-12-09T07:44:09.054+0000][1][safepoint    ] Entering safepoint region: Cleanup
[2019-12-09T07:44:09.054+0000][1][safepoint    ] Leaving safepoint region
[2019-12-09T07:44:09.054+0000][1][safepoint    ] Total time for which application threads were stopped: 0.0000901 seconds, Stopping threads took: 0.0000255 seconds
[2019-12-09T07:44:10.160+0000][1][safepoint    ] Application time: 1.1058373 seconds
[2019-12-09T07:44:10.160+0000][1][safepoint    ] Entering safepoint region: Cleanup
[2019-12-09T07:44:10.161+0000][1][safepoint    ] Leaving safepoint region
[2019-12-09T07:44:10.161+0000][1][safepoint    ] Total time for which application threads were stopped: 0.0006059 seconds, Stopping threads took: 0.0001028 seconds
[2019-12-09T07:44:11.161+0000][1][safepoint    ] Application time: 1.0001200 seconds
[2019-12-09T07:44:11.161+0000][1][safepoint    ] Entering safepoint region: Cleanup
[2019-12-09T07:44:11.161+0000][1][safepoint    ] Leaving safepoint region
[2019-12-09T07:44:11.161+0000][1][safepoint    ] Total time for which application threads were stopped: 0.0000842 seconds, Stopping threads took: 0.0000187 seconds
[2019-12-09T07:44:12.161+0000][1][safepoint    ] Application time: 1.0000783 seconds
[2019-12-09T07:44:12.161+0000][1][safepoint    ] Entering safepoint region: Cleanup
[2019-12-09T07:44:12.161+0000][1][safepoint    ] Leaving safepoint region
[2019-12-09T07:44:12.161+0000][1][safepoint    ] Total time for which application threads were stopped: 0.0000870 seconds, Stopping threads took: 0.0000189 seconds
[2019-12-09T07:44:13.162+0000][1][safepoint    ] Application time: 1.0000759 seconds
[2019-12-09T07:44:13.162+0000][1][safepoint    ] Entering safepoint region: Cleanup
[2019-12-09T07:44:13.162+0000][1][safepoint    ] Leaving safepoint region
[2019-12-09T07:44:13.162+0000][1][safepoint    ] Total time for which application threads were stopped: 0.0000922 seconds, Stopping threads took: 0.0000199 seconds
[2019-12-09T07:44:14.162+0000][1][safepoint    ] Application time: 1.0000737 seconds
[2019-12-09T07:44:14.162+0000][1][safepoint    ] Entering safepoint region: Cleanup
[2019-12-09T07:44:14.162+0000][1][safepoint    ] Leaving safepoint region
[2019-12-09T07:44:14.162+0000][1][safepoint    ] Total time for which application threads were stopped: 0.0000880 seconds, Stopping threads took: 0.0000243 seconds
[2019-12-09T07:44:15.162+0000][1][safepoint    ] Application time: 1.0000752 seconds
[2019-12-09T07:44:15.162+0000][1][safepoint    ] Entering safepoint region: Cleanup
[2019-12-09T07:44:15.162+0000][1][safepoint    ] Leaving safepoint region
[2019-12-09T07:44:15.162+0000][1][safepoint    ] Total time for which application threads were stopped: 0.0001003 seconds, Stopping threads took: 0.0000219 seconds
[2019-12-09T07:44:16.162+0000][1][safepoint    ] Application time: 1.0000809 seconds
[2019-12-09T07:44:16.162+0000][1][safepoint    ] Entering safepoint region: Cleanup
[2019-12-09T07:44:16.162+0000][1][safepoint    ] Leaving safepoint region
[2019-12-09T07:44:16.162+0000][1][safepoint    ] Total time for which application threads were stopped: 0.0000824 seconds, Stopping threads took: 0.0000201 seconds
[2019-12-09T07:44:17.162+0000][1][safepoint    ] Application time: 1.0000752 seconds
[2019-12-09T07:44:17.162+0000][1][safepoint    ] Entering safepoint region: Cleanup
[2019-12-09T07:44:17.163+0000][1][safepoint    ] Leaving safepoint region
[2019-12-09T07:44:17.163+0000][1][safepoint    ] Total time for which application threads were stopped: 0.0000781 seconds, Stopping threads took: 0.0000189 seconds
[2019-12-09T07:44:18.163+0000][1][safepoint    ] Application time: 1.0000760 seconds
[2019-12-09T07:44:18.163+0000][1][safepoint    ] Entering safepoint region: Cleanup
[2019-12-09T07:44:18.163+0000][1][safepoint    ] Leaving safepoint region
[2019-12-09T07:44:18.163+0000][1][safepoint    ] Total time for which application threads were stopped: 0.0000935 seconds, Stopping threads took: 0.0000182 seconds
[2019-12-09T07:44:19.163+0000][1][safepoint    ] Application time: 1.0000771 seconds
[2019-12-09T07:44:19.163+0000][1][safepoint    ] Entering safepoint region: Cleanup
[2019-12-09T07:44:19.163+0000][1][safepoint    ] Leaving safepoint region
[2019-12-09T07:44:19.163+0000][1][safepoint    ] Total time for which application threads were stopped: 0.0000951 seconds, Stopping threads took: 0.0000253 seconds
[2019-12-09T07:44:20.163+0000][1][safepoint    ] Application time: 1.0000750 seconds
[2019-12-09T07:44:20.163+0000][1][safepoint    ] Entering safepoint region: Cleanup
[2019-12-09T07:44:20.163+0000][1][safepoint    ] Leaving safepoint region
[2019-12-09T07:44:20.163+0000][1][safepoint    ] Total time for which application threads were stopped: 0.0000828 seconds, Stopping threads took: 0.0000187 seconds
[2019-12-09T07:44:21.163+0000][1][safepoint    ] Application time: 1.0000759 seconds
[2019-12-09T07:44:21.163+0000][1][safepoint    ] Entering safepoint region: Cleanup
[2019-12-09T07:44:21.163+0000][1][safepoint    ] Leaving safepoint region
[2019-12-09T07:44:21.163+0000][1][safepoint    ] Total time for which application threads were stopped: 0.0000821 seconds, Stopping threads took: 0.0000196 seconds
[2019-12-09T07:44:22.163+0000][1][safepoint    ] Application time: 1.0000784 seconds
[2019-12-09T07:44:22.163+0000][1][safepoint    ] Entering safepoint region: Cleanup
[2019-12-09T07:44:22.164+0000][1][safepoint    ] Leaving safepoint region
[2019-12-09T07:44:22.164+0000][1][safepoint    ] Total time for which application threads were stopped: 0.0000797 seconds, Stopping threads took: 0.0000186 seconds
[2019-12-09T07:44:23.164+0000][1][safepoint    ] Application time: 1.0000761 seconds
[2019-12-09T07:44:23.164+0000][1][safepoint    ] Entering safepoint region: Cleanup
[2019-12-09T07:44:23.164+0000][1][safepoint    ] Leaving safepoint region
[2019-12-09T07:44:23.164+0000][1][safepoint    ] Total time for which application threads were stopped: 0.0000806 seconds, Stopping threads took: 0.0000190 seconds
[2019-12-09T07:44:24.164+0000][1][safepoint    ] Application time: 1.0000779 seconds
[2019-12-09T07:44:24.164+0000][1][safepoint    ] Entering safepoint region: Cleanup
[2019-12-09T07:44:24.164+0000][1][safepoint    ] Leaving safepoint region
[2019-12-09T07:44:24.164+0000][1][safepoint    ] Total time for which application threads were stopped: 0.0000807 seconds, Stopping threads took: 0.0000181 seconds
[2019-12-09T07:44:25.164+0000][1][safepoint    ] Application time: 1.0000816 seconds
[2019-12-09T07:44:25.164+0000][1][safepoint    ] Entering safepoint region: Cleanup
[2019-12-09T07:44:25.164+0000][1][safepoint    ] Leaving safepoint region
[2019-12-09T07:44:25.164+0000][1][safepoint    ] Total time for which application threads were stopped: 0.0000849 seconds, Stopping threads took: 0.0000186 seconds
[2019-12-09T07:44:26.164+0000][1][safepoint    ] Application time: 1.0000813 seconds
[2019-12-09T07:44:26.164+0000][1][safepoint    ] Entering safepoint region: Cleanup
[2019-12-09T07:44:26.164+0000][1][safepoint    ] Leaving safepoint region
[2019-12-09T07:44:26.164+0000][1][safepoint    ] Total time for which application threads were stopped: 0.0000832 seconds, Stopping threads took: 0.0000199 seconds
[2019-12-09T07:44:26.767+0000][1][safepoint    ] Application time: 0.6024688 seconds
[2019-12-09T07:44:26.767+0000][1][safepoint    ] Entering safepoint region: GenCollectForAllocation
[2019-12-09T07:44:26.767+0000][1][gc,start     ] GC(85) Pause Young (Allocation Failure)
[2019-12-09T07:44:26.767+0000][1][gc,task      ] GC(85) Using 2 workers of 2 for evacuation
[2019-12-09T07:44:26.769+0000][1][gc,age       ] GC(85) Desired survivor size 4456448 bytes, new threshold 6 (max threshold 6)
[2019-12-09T07:44:26.769+0000][1][gc,age       ] GC(85) Age table with threshold 6 (max threshold 6)
[2019-12-09T07:44:26.769+0000][1][gc,age       ] GC(85) - age   1:     822072 bytes,     822072 total
[2019-12-09T07:44:26.769+0000][1][gc,age       ] GC(85) - age   2:        328 bytes,     822400 total
[2019-12-09T07:44:26.769+0000][1][gc,age       ] GC(85) - age   3:        472 bytes,     822872 total
[2019-12-09T07:44:26.769+0000][1][gc,age       ] GC(85) - age   4:        480 bytes,     823352 total
[2019-12-09T07:44:26.769+0000][1][gc,age       ] GC(85) - age   6:       1224 bytes,     824576 total
[2019-12-09T07:44:26.769+0000][1][gc,heap      ] GC(85) ParNew: 70936K->861K(78656K)
[2019-12-09T07:44:26.769+0000][1][gc,heap      ] GC(85) CMS: 70949K->70950K(174784K)
[2019-12-09T07:44:26.769+0000][1][gc,metaspace ] GC(85) Metaspace: 76338K->76338K(1120256K)
[2019-12-09T07:44:26.769+0000][1][gc           ] GC(85) Pause Young (Allocation Failure) 138M->70M(247M) 1.968ms
[2019-12-09T07:44:26.769+0000][1][gc,cpu       ] GC(85) User=0.00s Sys=0.00s Real=0.00s
[2019-12-09T07:44:26.769+0000][1][safepoint    ] Leaving safepoint region
[2019-12-09T07:44:26.769+0000][1][safepoint    ] Total time for which application threads were stopped: 0.0021217 seconds, Stopping threads took: 0.0000191 seconds
[2019-12-09T07:44:27.769+0000][1][safepoint    ] Application time: 1.0000850 seconds
[2019-12-09T07:44:27.769+0000][1][safepoint    ] Entering safepoint region: Cleanup
[2019-12-09T07:44:27.769+0000][1][safepoint    ] Leaving safepoint region
[2019-12-09T07:44:27.769+0000][1][safepoint    ] Total time for which application threads were stopped: 0.0000803 seconds, Stopping threads took: 0.0000198 seconds
[2019-12-09T07:44:28.769+0000][1][safepoint    ] Application time: 1.0000764 seconds
[2019-12-09T07:44:28.769+0000][1][safepoint    ] Entering safepoint region: Cleanup
[2019-12-09T07:44:28.769+0000][1][safepoint    ] Leaving safepoint region
[2019-12-09T07:44:28.769+0000][1][safepoint    ] Total time for which application threads were stopped: 0.0000824 seconds, Stopping threads took: 0.0000201 seconds
[2019-12-09T07:44:29.770+0000][1][safepoint    ] Application time: 1.0000761 seconds
[2019-12-09T07:44:29.770+0000][1][safepoint    ] Entering safepoint region: Cleanup
[2019-12-09T07:44:29.770+0000][1][safepoint    ] Leaving safepoint region
[2019-12-09T07:44:29.770+0000][1][safepoint    ] Total time for which application threads were stopped: 0.0000816 seconds, Stopping threads took: 0.0000176 seconds
[2019-12-09T07:44:30.770+0000][1][safepoint    ] Application time: 1.0000745 seconds
[2019-12-09T07:44:30.770+0000][1][safepoint    ] Entering safepoint region: Cleanup
[2019-12-09T07:44:30.770+0000][1][safepoint    ] Leaving safepoint region
[2019-12-09T07:44:30.770+0000][1][safepoint    ] Total time for which application threads were stopped: 0.0000822 seconds, Stopping threads took: 0.0000198 seconds
[2019-12-09T07:44:31.770+0000][1][safepoint    ] Application time: 1.0000835 seconds
[2019-12-09T07:44:31.770+0000][1][safepoint    ] Entering safepoint region: Cleanup
[2019-12-09T07:44:31.770+0000][1][safepoint    ] Leaving safepoint region
[2019-12-09T07:44:31.770+0000][1][safepoint    ] Total time for which application threads were stopped: 0.0001175 seconds, Stopping threads took: 0.0000458 seconds
[2019-12-09T07:44:32.770+0000][1][safepoint    ] Application time: 1.0000849 seconds
[2019-12-09T07:44:32.770+0000][1][safepoint    ] Entering safepoint region: Cleanup
[2019-12-09T07:44:32.770+0000][1][safepoint    ] Leaving safepoint region
[2019-12-09T07:44:32.770+0000][1][safepoint    ] Total time for which application threads were stopped: 0.0000814 seconds, Stopping threads took: 0.0000171 seconds
[2019-12-09T07:44:33.770+0000][1][safepoint    ] Application time: 1.0000746 seconds
[2019-12-09T07:44:33.770+0000][1][safepoint    ] Entering safepoint region: Cleanup
[2019-12-09T07:44:33.771+0000][1][safepoint    ] Leaving safepoint region
[2019-12-09T07:44:33.771+0000][1][safepoint    ] Total time for which application threads were stopped: 0.0000816 seconds, Stopping threads took: 0.0000194 seconds
[2019-12-09T07:44:34.771+0000][1][safepoint    ] Application time: 1.0000762 seconds
[2019-12-09T07:44:34.771+0000][1][safepoint    ] Entering safepoint region: Cleanup
[2019-12-09T07:44:34.771+0000][1][safepoint    ] Leaving safepoint region
[2019-12-09T07:44:34.771+0000][1][safepoint    ] Total time for which application threads were stopped: 0.0000919 seconds, Stopping threads took: 0.0000179 seconds
[2019-12-09T07:44:35.771+0000][1][safepoint    ] Application time: 1.0000764 seconds
[2019-12-09T07:44:35.771+0000][1][safepoint    ] Entering safepoint region: Cleanup
[2019-12-09T07:44:35.771+0000][1][safepoint    ] Leaving safepoint region
[2019-12-09T07:44:35.771+0000][1][safepoint    ] Total time for which application threads were stopped: 0.0000829 seconds, Stopping threads took: 0.0000199 seconds
[2019-12-09T07:44:36.771+0000][1][safepoint    ] Application time: 1.0000754 seconds
[2019-12-09T07:44:36.771+0000][1][safepoint    ] Entering safepoint region: Cleanup
[2019-12-09T07:44:36.771+0000][1][safepoint    ] Leaving safepoint region
[2019-12-09T07:44:36.771+0000][1][safepoint    ] Total time for which application threads were stopped: 0.0000910 seconds, Stopping threads took: 0.0000193 seconds
[2019-12-09T07:44:37.771+0000][1][safepoint    ] Application time: 1.0000757 seconds
[2019-12-09T07:44:37.771+0000][1][safepoint    ] Entering safepoint region: Cleanup
[2019-12-09T07:44:37.771+0000][1][safepoint    ] Leaving safepoint region
[2019-12-09T07:44:37.771+0000][1][safepoint    ] Total time for which application threads were stopped: 0.0000803 seconds, Stopping threads took: 0.0000192 seconds
[2019-12-09T07:44:38.771+0000][1][safepoint    ] Application time: 1.0000753 seconds
[2019-12-09T07:44:38.771+0000][1][safepoint    ] Entering safepoint region: Cleanup
[2019-12-09T07:44:38.772+0000][1][safepoint    ] Leaving safepoint region
[2019-12-09T07:44:38.772+0000][1][safepoint    ] Total time for which application threads were stopped: 0.0000792 seconds, Stopping threads took: 0.0000194 seconds
[2019-12-09T07:44:39.772+0000][1][safepoint    ] Application time: 1.0000750 seconds
[2019-12-09T07:44:39.772+0000][1][safepoint    ] Entering safepoint region: Cleanup
[2019-12-09T07:44:39.772+0000][1][safepoint    ] Leaving safepoint region
[2019-12-09T07:44:39.772+0000][1][safepoint    ] Total time for which application threads were stopped: 0.0000936 seconds, Stopping threads took: 0.0000318 seconds
[2019-12-09T07:44:40.772+0000][1][safepoint    ] Application time: 1.0000743 seconds
[2019-12-09T07:44:40.772+0000][1][safepoint    ] Entering safepoint region: Cleanup
[2019-12-09T07:44:40.772+0000][1][safepoint    ] Leaving safepoint region
[2019-12-09T07:44:40.772+0000][1][safepoint    ] Total time for which application threads were stopped: 0.0000836 seconds, Stopping threads took: 0.0000200 seconds
[2019-12-09T07:44:41.772+0000][1][safepoint    ] Application time: 1.0000754 seconds
[2019-12-09T07:44:41.772+0000][1][safepoint    ] Entering safepoint region: Cleanup
[2019-12-09T07:44:41.772+0000][1][safepoint    ] Leaving safepoint region
[2019-12-09T07:44:41.772+0000][1][safepoint    ] Total time for which application threads were stopped: 0.0000826 seconds, Stopping threads took: 0.0000193 seconds
[2019-12-09T07:44:42.772+0000][1][safepoint    ] Application time: 1.0000758 seconds
[2019-12-09T07:44:42.772+0000][1][safepoint    ] Entering safepoint region: Cleanup
[2019-12-09T07:44:42.772+0000][1][safepoint    ] Leaving safepoint region
[2019-12-09T07:44:42.772+0000][1][safepoint    ] Total time for which application threads were stopped: 0.0000838 seconds, Stopping threads took: 0.0000191 seconds
[2019-12-09T07:44:43.772+0000][1][safepoint    ] Application time: 1.0000765 seconds
[2019-12-09T07:44:43.773+0000][1][safepoint    ] Entering safepoint region: Cleanup
[2019-12-09T07:44:43.773+0000][1][safepoint    ] Leaving safepoint region
[2019-12-09T07:44:43.773+0000][1][safepoint    ] Total time for which application threads were stopped: 0.0000830 seconds, Stopping threads took: 0.0000195 seconds
[2019-12-09T07:44:44.773+0000][1][safepoint    ] Application time: 1.0000748 seconds
[2019-12-09T07:44:44.773+0000][1][safepoint    ] Entering safepoint region: Cleanup
[2019-12-09T07:44:44.773+0000][1][safepoint    ] Leaving safepoint region
[2019-12-09T07:44:44.773+0000][1][safepoint    ] Total time for which application threads were stopped: 0.0000912 seconds, Stopping threads took: 0.0000274 seconds
[2019-12-09T07:44:45.773+0000][1][safepoint    ] Application time: 1.0000758 seconds
[2019-12-09T07:44:45.773+0000][1][safepoint    ] Entering safepoint region: Cleanup
[2019-12-09T07:44:45.773+0000][1][safepoint    ] Leaving safepoint region
[2019-12-09T07:44:45.773+0000][1][safepoint    ] Total time for which application threads were stopped: 0.0000832 seconds, Stopping threads took: 0.0000201 seconds
[2019-12-09T07:44:46.773+0000][1][safepoint    ] Application time: 1.0000765 seconds
[2019-12-09T07:44:46.773+0000][1][safepoint    ] Entering safepoint region: Cleanup
[2019-12-09T07:44:46.773+0000][1][safepoint    ] Leaving safepoint region
[2019-12-09T07:44:46.773+0000][1][safepoint    ] Total time for which application threads were stopped: 0.0000823 seconds, Stopping threads took: 0.0000192 seconds
[2019-12-09T07:44:48.509+0000][1][safepoint    ] Application time: 1.7360377 seconds
[2019-12-09T07:44:48.509+0000][1][safepoint    ] Entering safepoint region: Cleanup
[2019-12-09T07:44:48.509+0000][1][safepoint    ] Leaving safepoint region
[2019-12-09T07:44:48.509+0000][1][safepoint    ] Total time for which application threads were stopped: 0.0000811 seconds, Stopping threads took: 0.0000191 seconds
[2019-12-09T07:44:49.509+0000][1][safepoint    ] Application time: 1.0000797 seconds
[2019-12-09T07:44:49.510+0000][1][safepoint    ] Entering safepoint region: Cleanup
[2019-12-09T07:44:49.510+0000][1][safepoint    ] Leaving safepoint region
[2019-12-09T07:44:49.510+0000][1][safepoint    ] Total time for which application threads were stopped: 0.0000823 seconds, Stopping threads took: 0.0000181 seconds
[2019-12-09T07:44:50.510+0000][1][safepoint    ] Application time: 1.0000829 seconds
[2019-12-09T07:44:50.510+0000][1][safepoint    ] Entering safepoint region: Cleanup
[2019-12-09T07:44:50.510+0000][1][safepoint    ] Leaving safepoint region
[2019-12-09T07:44:50.510+0000][1][safepoint    ] Total time for which application threads were stopped: 0.0001135 seconds, Stopping threads took: 0.0000239 seconds
[2019-12-09T07:44:51.510+0000][1][safepoint    ] Application time: 1.0000781 seconds
[2019-12-09T07:44:51.510+0000][1][safepoint    ] Entering safepoint region: Cleanup
[2019-12-09T07:44:51.510+0000][1][safepoint    ] Leaving safepoint region
[2019-12-09T07:44:51.510+0000][1][safepoint    ] Total time for which application threads were stopped: 0.0000828 seconds, Stopping threads took: 0.0000195 seconds
[2019-12-09T07:44:52.510+0000][1][safepoint    ] Application time: 1.0000780 seconds
[2019-12-09T07:44:52.510+0000][1][safepoint    ] Entering safepoint region: Cleanup
[2019-12-09T07:44:52.510+0000][1][safepoint    ] Leaving safepoint region
[2019-12-09T07:44:52.510+0000][1][safepoint    ] Total time for which application threads were stopped: 0.0000765 seconds, Stopping threads took: 0.0000172 seconds
[2019-12-09T07:44:53.510+0000][1][safepoint    ] Application time: 1.0000764 seconds
[2019-12-09T07:44:53.510+0000][1][safepoint    ] Entering safepoint region: Cleanup
[2019-12-09T07:44:53.510+0000][1][safepoint    ] Leaving safepoint region
[2019-12-09T07:44:53.510+0000][1][safepoint    ] Total time for which application threads were stopped: 0.0000775 seconds, Stopping threads took: 0.0000172 seconds
[2019-12-09T07:44:54.511+0000][1][safepoint    ] Application time: 1.0000755 seconds
[2019-12-09T07:44:54.511+0000][1][safepoint    ] Entering safepoint region: Cleanup
[2019-12-09T07:44:54.511+0000][1][safepoint    ] Leaving safepoint region
[2019-12-09T07:44:54.511+0000][1][safepoint    ] Total time for which application threads were stopped: 0.0000812 seconds, Stopping threads took: 0.0000186 seconds
[2019-12-09T07:44:55.511+0000][1][safepoint    ] Application time: 1.0000805 seconds
[2019-12-09T07:44:55.511+0000][1][safepoint    ] Entering safepoint region: Cleanup
[2019-12-09T07:44:55.511+0000][1][safepoint    ] Leaving safepoint region
[2019-12-09T07:44:55.511+0000][1][safepoint    ] Total time for which application threads were stopped: 0.0000817 seconds, Stopping threads took: 0.0000189 seconds
[2019-12-09T07:44:56.511+0000][1][safepoint    ] Application time: 1.0000750 seconds
[2019-12-09T07:44:56.511+0000][1][safepoint    ] Entering safepoint region: Cleanup
[2019-12-09T07:44:56.511+0000][1][safepoint    ] Leaving safepoint region
[2019-12-09T07:44:56.511+0000][1][safepoint    ] Total time for which application threads were stopped: 0.0000892 seconds, Stopping threads took: 0.0000263 seconds
[2019-12-09T07:44:57.511+0000][1][safepoint    ] Application time: 1.0000747 seconds
[2019-12-09T07:44:57.511+0000][1][safepoint    ] Entering safepoint region: Cleanup
[2019-12-09T07:44:57.511+0000][1][safepoint    ] Leaving safepoint region
[2019-12-09T07:44:57.511+0000][1][safepoint    ] Total time for which application threads were stopped: 0.0000811 seconds, Stopping threads took: 0.0000199 seconds
[2019-12-09T07:44:58.511+0000][1][safepoint    ] Application time: 1.0000757 seconds
[2019-12-09T07:44:58.511+0000][1][safepoint    ] Entering safepoint region: Cleanup
[2019-12-09T07:44:58.511+0000][1][safepoint    ] Leaving safepoint region
[2019-12-09T07:44:58.511+0000][1][safepoint    ] Total time for which application threads were stopped: 0.0000828 seconds, Stopping threads took: 0.0000200 seconds
[2019-12-09T07:44:59.512+0000][1][safepoint    ] Application time: 1.0000817 seconds
[2019-12-09T07:44:59.512+0000][1][safepoint    ] Entering safepoint region: Cleanup
[2019-12-09T07:44:59.512+0000][1][safepoint    ] Leaving safepoint region
[2019-12-09T07:44:59.512+0000][1][safepoint    ] Total time for which application threads were stopped: 0.0000974 seconds, Stopping threads took: 0.0000188 seconds
[2019-12-09T07:45:00.512+0000][1][safepoint    ] Application time: 1.0000789 seconds
[2019-12-09T07:45:00.512+0000][1][safepoint    ] Entering safepoint region: Cleanup
[2019-12-09T07:45:00.512+0000][1][safepoint    ] Leaving safepoint region
[2019-12-09T07:45:00.512+0000][1][safepoint    ] Total time for which application threads were stopped: 0.0000831 seconds, Stopping threads took: 0.0000214 seconds
[2019-12-09T07:45:01.512+0000][1][safepoint    ] Application time: 1.0000890 seconds
[2019-12-09T07:45:01.512+0000][1][safepoint    ] Entering safepoint region: Cleanup
[2019-12-09T07:45:01.512+0000][1][safepoint    ] Leaving safepoint region
[2019-12-09T07:45:01.512+0000][1][safepoint    ] Total time for which application threads were stopped: 0.0001169 seconds, Stopping threads took: 0.0000262 seconds
[2019-12-09T07:45:02.512+0000][1][safepoint    ] Application time: 1.0000768 seconds
[2019-12-09T07:45:02.512+0000][1][safepoint    ] Entering safepoint region: Cleanup
[2019-12-09T07:45:02.512+0000][1][safepoint    ] Leaving safepoint region
[2019-12-09T07:45:02.512+0000][1][safepoint    ] Total time for which application threads were stopped: 0.0000825 seconds, Stopping threads took: 0.0000190 seconds
[2019-12-09T07:45:03.512+0000][1][safepoint    ] Application time: 1.0000755 seconds
[2019-12-09T07:45:03.512+0000][1][safepoint    ] Entering safepoint region: Cleanup
[2019-12-09T07:45:03.513+0000][1][safepoint    ] Leaving safepoint region
[2019-12-09T07:45:03.513+0000][1][safepoint    ] Total time for which application threads were stopped: 0.0000780 seconds, Stopping threads took: 0.0000177 seconds
[2019-12-09T07:45:04.513+0000][1][safepoint    ] Application time: 1.0000759 seconds
[2019-12-09T07:45:04.513+0000][1][safepoint    ] Entering safepoint region: Cleanup
[2019-12-09T07:45:04.513+0000][1][safepoint    ] Leaving safepoint region
[2019-12-09T07:45:04.513+0000][1][safepoint    ] Total time for which application threads were stopped: 0.0000963 seconds, Stopping threads took: 0.0000319 seconds
[2019-12-09T07:45:05.513+0000][1][safepoint    ] Application time: 1.0000758 seconds
[2019-12-09T07:45:05.513+0000][1][safepoint    ] Entering safepoint region: Cleanup
[2019-12-09T07:45:05.513+0000][1][safepoint    ] Leaving safepoint region
[2019-12-09T07:45:05.513+0000][1][safepoint    ] Total time for which application threads were stopped: 0.0000837 seconds, Stopping threads took: 0.0000195 seconds
[2019-12-09T07:45:06.513+0000][1][safepoint    ] Application time: 1.0000773 seconds
[2019-12-09T07:45:06.513+0000][1][safepoint    ] Entering safepoint region: Cleanup
[2019-12-09T07:45:06.513+0000][1][safepoint    ] Leaving safepoint region
[2019-12-09T07:45:06.513+0000][1][safepoint    ] Total time for which application threads were stopped: 0.0000900 seconds, Stopping threads took: 0.0000273 seconds
[2019-12-09T07:45:07.513+0000][1][safepoint    ] Application time: 1.0000782 seconds
[2019-12-09T07:45:07.513+0000][1][safepoint    ] Entering safepoint region: Cleanup
[2019-12-09T07:45:07.513+0000][1][safepoint    ] Leaving safepoint region
[2019-12-09T07:45:07.513+0000][1][safepoint    ] Total time for which application threads were stopped: 0.0000827 seconds, Stopping threads took: 0.0000205 seconds
[2019-12-09T07:45:08.513+0000][1][safepoint    ] Application time: 1.0000784 seconds
[2019-12-09T07:45:08.514+0000][1][safepoint    ] Entering safepoint region: Cleanup
[2019-12-09T07:45:08.514+0000][1][safepoint    ] Leaving safepoint region
[2019-12-09T07:45:08.514+0000][1][safepoint    ] Total time for which application threads were stopped: 0.0000768 seconds, Stopping threads took: 0.0000168 seconds
[2019-12-09T07:45:09.514+0000][1][safepoint    ] Application time: 1.0000750 seconds
[2019-12-09T07:45:09.514+0000][1][safepoint    ] Entering safepoint region: Cleanup
[2019-12-09T07:45:09.514+0000][1][safepoint    ] Leaving safepoint region
[2019-12-09T07:45:09.514+0000][1][safepoint    ] Total time for which application threads were stopped: 0.0000844 seconds, Stopping threads took: 0.0000197 seconds
[2019-12-09T07:45:10.407+0000][1][safepoint    ] Application time: 0.8929360 seconds
[2019-12-09T07:45:10.407+0000][1][safepoint    ] Entering safepoint region: GenCollectForAllocation
[2019-12-09T07:45:10.407+0000][1][gc,start     ] GC(86) Pause Young (Allocation Failure)
[2019-12-09T07:45:10.407+0000][1][gc,task      ] GC(86) Using 2 workers of 2 for evacuation
[2019-12-09T07:45:10.409+0000][1][gc,age       ] GC(86) Desired survivor size 4456448 bytes, new threshold 6 (max threshold 6)
[2019-12-09T07:45:10.409+0000][1][gc,age       ] GC(86) Age table with threshold 6 (max threshold 6)
[2019-12-09T07:45:10.409+0000][1][gc,age       ] GC(86) - age   1:     755048 bytes,     755048 total
[2019-12-09T07:45:10.409+0000][1][gc,age       ] GC(86) - age   2:        440 bytes,     755488 total
[2019-12-09T07:45:10.409+0000][1][gc,age       ] GC(86) - age   3:        136 bytes,     755624 total
[2019-12-09T07:45:10.409+0000][1][gc,age       ] GC(86) - age   4:        472 bytes,     756096 total
[2019-12-09T07:45:10.409+0000][1][gc,age       ] GC(86) - age   5:        480 bytes,     756576 total
[2019-12-09T07:45:10.409+0000][1][gc,heap      ] GC(86) ParNew: 70782K->880K(78656K)
[2019-12-09T07:45:10.409+0000][1][gc,heap      ] GC(86) CMS: 70950K->70951K(174784K)
[2019-12-09T07:45:10.409+0000][1][gc,metaspace ] GC(86) Metaspace: 76363K->76363K(1120256K)
[2019-12-09T07:45:10.409+0000][1][gc           ] GC(86) Pause Young (Allocation Failure) 138M->70M(247M) 2.025ms
[2019-12-09T07:45:10.409+0000][1][gc,cpu       ] GC(86) User=0.01s Sys=0.00s Real=0.00s
[2019-12-09T07:45:10.409+0000][1][safepoint    ] Leaving safepoint region
[2019-12-09T07:45:10.409+0000][1][safepoint    ] Total time for which application threads were stopped: 0.0021852 seconds, Stopping threads took: 0.0000189 seconds
[2019-12-09T07:45:11.409+0000][1][safepoint    ] Application time: 1.0000925 seconds
[2019-12-09T07:45:11.409+0000][1][safepoint    ] Entering safepoint region: Cleanup
[2019-12-09T07:45:11.409+0000][1][safepoint    ] Leaving safepoint region
[2019-12-09T07:45:11.409+0000][1][safepoint    ] Total time for which application threads were stopped: 0.0000998 seconds, Stopping threads took: 0.0000233 seconds
[2019-12-09T07:45:12.409+0000][1][safepoint    ] Application time: 1.0000864 seconds
[2019-12-09T07:45:12.409+0000][1][safepoint    ] Entering safepoint region: Cleanup
[2019-12-09T07:45:12.409+0000][1][safepoint    ] Leaving safepoint region
[2019-12-09T07:45:12.409+0000][1][safepoint    ] Total time for which application threads were stopped: 0.0000814 seconds, Stopping threads took: 0.0000175 seconds
[2019-12-09T07:45:13.410+0000][1][safepoint    ] Application time: 1.0000739 seconds
[2019-12-09T07:45:13.410+0000][1][safepoint    ] Entering safepoint region: Cleanup
[2019-12-09T07:45:13.410+0000][1][safepoint    ] Leaving safepoint region
[2019-12-09T07:45:13.410+0000][1][safepoint    ] Total time for which application threads were stopped: 0.0000837 seconds, Stopping threads took: 0.0000201 seconds
[2019-12-09T07:45:14.410+0000][1][safepoint    ] Application time: 1.0000746 seconds
[2019-12-09T07:45:14.410+0000][1][safepoint    ] Entering safepoint region: Cleanup
[2019-12-09T07:45:14.410+0000][1][safepoint    ] Leaving safepoint region
[2019-12-09T07:45:14.410+0000][1][safepoint    ] Total time for which application threads were stopped: 0.0000956 seconds, Stopping threads took: 0.0000299 seconds
[2019-12-09T07:45:15.410+0000][1][safepoint    ] Application time: 1.0000760 seconds
[2019-12-09T07:45:15.410+0000][1][safepoint    ] Entering safepoint region: Cleanup
[2019-12-09T07:45:15.410+0000][1][safepoint    ] Leaving safepoint region
[2019-12-09T07:45:15.410+0000][1][safepoint    ] Total time for which application threads were stopped: 0.0000919 seconds, Stopping threads took: 0.0000196 seconds
[2019-12-09T07:45:16.410+0000][1][safepoint    ] Application time: 1.0000753 seconds
[2019-12-09T07:45:16.410+0000][1][safepoint    ] Entering safepoint region: Cleanup
[2019-12-09T07:45:16.410+0000][1][safepoint    ] Leaving safepoint region
[2019-12-09T07:45:16.410+0000][1][safepoint    ] Total time for which application threads were stopped: 0.0000887 seconds, Stopping threads took: 0.0000226 seconds
[2019-12-09T07:45:17.410+0000][1][safepoint    ] Application time: 1.0000747 seconds
[2019-12-09T07:45:17.410+0000][1][safepoint    ] Entering safepoint region: Cleanup
[2019-12-09T07:45:17.410+0000][1][safepoint    ] Leaving safepoint region
[2019-12-09T07:45:17.410+0000][1][safepoint    ] Total time for which application threads were stopped: 0.0000818 seconds, Stopping threads took: 0.0000196 seconds
[2019-12-09T07:45:18.411+0000][1][safepoint    ] Application time: 1.0000729 seconds
[2019-12-09T07:45:18.411+0000][1][safepoint    ] Entering safepoint region: Cleanup
[2019-12-09T07:45:18.411+0000][1][safepoint    ] Leaving safepoint region
[2019-12-09T07:45:18.411+0000][1][safepoint    ] Total time for which application threads were stopped: 0.0001092 seconds, Stopping threads took: 0.0000198 seconds
[2019-12-09T07:45:19.411+0000][1][safepoint    ] Application time: 1.0000739 seconds
[2019-12-09T07:45:19.411+0000][1][safepoint    ] Entering safepoint region: Cleanup
[2019-12-09T07:45:19.411+0000][1][safepoint    ] Leaving safepoint region
[2019-12-09T07:45:19.411+0000][1][safepoint    ] Total time for which application threads were stopped: 0.0000839 seconds, Stopping threads took: 0.0000195 seconds
[2019-12-09T07:45:20.411+0000][1][safepoint    ] Application time: 1.0000752 seconds
[2019-12-09T07:45:20.411+0000][1][safepoint    ] Entering safepoint region: Cleanup
[2019-12-09T07:45:20.411+0000][1][safepoint    ] Leaving safepoint region
[2019-12-09T07:45:20.411+0000][1][safepoint    ] Total time for which application threads were stopped: 0.0000839 seconds, Stopping threads took: 0.0000216 seconds
[2019-12-09T07:45:21.411+0000][1][safepoint    ] Application time: 1.0000753 seconds
[2019-12-09T07:45:21.411+0000][1][safepoint    ] Entering safepoint region: Cleanup
[2019-12-09T07:45:21.411+0000][1][safepoint    ] Leaving safepoint region
[2019-12-09T07:45:21.411+0000][1][safepoint    ] Total time for which application threads were stopped: 0.0000818 seconds, Stopping threads took: 0.0000194 seconds
[2019-12-09T07:45:22.411+0000][1][safepoint    ] Application time: 1.0000745 seconds
[2019-12-09T07:45:22.411+0000][1][safepoint    ] Entering safepoint region: Cleanup
[2019-12-09T07:45:22.412+0000][1][safepoint    ] Leaving safepoint region
[2019-12-09T07:45:22.412+0000][1][safepoint    ] Total time for which application threads were stopped: 0.0000815 seconds, Stopping threads took: 0.0000183 seconds
[2019-12-09T07:45:23.412+0000][1][safepoint    ] Application time: 1.0000750 seconds
[2019-12-09T07:45:23.412+0000][1][safepoint    ] Entering safepoint region: Cleanup
[2019-12-09T07:45:23.412+0000][1][safepoint    ] Leaving safepoint region
[2019-12-09T07:45:23.412+0000][1][safepoint    ] Total time for which application threads were stopped: 0.0000972 seconds, Stopping threads took: 0.0000192 seconds
[2019-12-09T07:45:24.412+0000][1][safepoint    ] Application time: 1.0000759 seconds
[2019-12-09T07:45:24.412+0000][1][safepoint    ] Entering safepoint region: Cleanup
[2019-12-09T07:45:24.412+0000][1][safepoint    ] Leaving safepoint region
[2019-12-09T07:45:24.412+0000][1][safepoint    ] Total time for which application threads were stopped: 0.0000838 seconds, Stopping threads took: 0.0000201 seconds
[2019-12-09T07:45:25.412+0000][1][safepoint    ] Application time: 1.0000748 seconds
[2019-12-09T07:45:25.412+0000][1][safepoint    ] Entering safepoint region: Cleanup
[2019-12-09T07:45:25.412+0000][1][safepoint    ] Leaving safepoint region
[2019-12-09T07:45:25.412+0000][1][safepoint    ] Total time for which application threads were stopped: 0.0000812 seconds, Stopping threads took: 0.0000203 seconds
[2019-12-09T07:45:26.412+0000][1][safepoint    ] Application time: 1.0000742 seconds
[2019-12-09T07:45:26.412+0000][1][safepoint    ] Entering safepoint region: Cleanup
[2019-12-09T07:45:26.412+0000][1][safepoint    ] Leaving safepoint region
[2019-12-09T07:45:26.412+0000][1][safepoint    ] Total time for which application threads were stopped: 0.0000837 seconds, Stopping threads took: 0.0000203 seconds
[2019-12-09T07:45:27.412+0000][1][safepoint    ] Application time: 1.0000732 seconds
[2019-12-09T07:45:27.412+0000][1][safepoint    ] Entering safepoint region: Cleanup
[2019-12-09T07:45:27.413+0000][1][safepoint    ] Leaving safepoint region
[2019-12-09T07:45:27.413+0000][1][safepoint    ] Total time for which application threads were stopped: 0.0000924 seconds, Stopping threads took: 0.0000212 seconds
[2019-12-09T07:45:28.413+0000][1][safepoint    ] Application time: 1.0000731 seconds
[2019-12-09T07:45:28.413+0000][1][safepoint    ] Entering safepoint region: Cleanup
[2019-12-09T07:45:28.413+0000][1][safepoint    ] Leaving safepoint region
[2019-12-09T07:45:28.413+0000][1][safepoint    ] Total time for which application threads were stopped: 0.0000823 seconds, Stopping threads took: 0.0000188 seconds
[2019-12-09T07:45:29.413+0000][1][safepoint    ] Application time: 1.0000774 seconds
[2019-12-09T07:45:29.413+0000][1][safepoint    ] Entering safepoint region: Cleanup
[2019-12-09T07:45:29.413+0000][1][safepoint    ] Leaving safepoint region
[2019-12-09T07:45:29.413+0000][1][safepoint    ] Total time for which application threads were stopped: 0.0000827 seconds, Stopping threads took: 0.0000194 seconds
[2019-12-09T07:45:30.413+0000][1][safepoint    ] Application time: 1.0000770 seconds
[2019-12-09T07:45:30.413+0000][1][safepoint    ] Entering safepoint region: Cleanup
[2019-12-09T07:45:30.413+0000][1][safepoint    ] Leaving safepoint region
[2019-12-09T07:45:30.413+0000][1][safepoint    ] Total time for which application threads were stopped: 0.0000825 seconds, Stopping threads took: 0.0000193 seconds
[2019-12-09T07:45:31.413+0000][1][safepoint    ] Application time: 1.0000768 seconds
[2019-12-09T07:45:31.413+0000][1][safepoint    ] Entering safepoint region: Cleanup
[2019-12-09T07:45:31.413+0000][1][safepoint    ] Leaving safepoint region
[2019-12-09T07:45:31.413+0000][1][safepoint    ] Total time for which application threads were stopped: 0.0000814 seconds, Stopping threads took: 0.0000205 seconds
[2019-12-09T07:45:32.413+0000][1][safepoint    ] Application time: 1.0000759 seconds
[2019-12-09T07:45:32.414+0000][1][safepoint    ] Entering safepoint region: Cleanup
[2019-12-09T07:45:32.414+0000][1][safepoint    ] Leaving safepoint region
[2019-12-09T07:45:32.414+0000][1][safepoint    ] Total time for which application threads were stopped: 0.0000842 seconds, Stopping threads took: 0.0000206 seconds
[2019-12-09T07:45:33.414+0000][1][safepoint    ] Application time: 1.0000822 seconds
[2019-12-09T07:45:33.414+0000][1][safepoint    ] Entering safepoint region: Cleanup
[2019-12-09T07:45:33.414+0000][1][safepoint    ] Leaving safepoint region
[2019-12-09T07:45:33.414+0000][1][safepoint    ] Total time for which application threads were stopped: 0.0000819 seconds, Stopping threads took: 0.0000196 seconds
[2019-12-09T07:45:34.414+0000][1][safepoint    ] Application time: 1.0000754 seconds
[2019-12-09T07:45:34.414+0000][1][safepoint    ] Entering safepoint region: Cleanup
[2019-12-09T07:45:34.414+0000][1][safepoint    ] Leaving safepoint region
[2019-12-09T07:45:34.414+0000][1][safepoint    ] Total time for which application threads were stopped: 0.0000844 seconds, Stopping threads took: 0.0000199 seconds
[2019-12-09T07:45:35.414+0000][1][safepoint    ] Application time: 1.0000767 seconds
[2019-12-09T07:45:35.414+0000][1][safepoint    ] Entering safepoint region: Cleanup
[2019-12-09T07:45:35.414+0000][1][safepoint    ] Leaving safepoint region
[2019-12-09T07:45:35.414+0000][1][safepoint    ] Total time for which application threads were stopped: 0.0000870 seconds, Stopping threads took: 0.0000218 seconds
[2019-12-09T07:45:36.414+0000][1][safepoint    ] Application time: 1.0000769 seconds
[2019-12-09T07:45:36.414+0000][1][safepoint    ] Entering safepoint region: Cleanup
[2019-12-09T07:45:36.414+0000][1][safepoint    ] Leaving safepoint region
[2019-12-09T07:45:36.414+0000][1][safepoint    ] Total time for which application threads were stopped: 0.0000838 seconds, Stopping threads took: 0.0000202 seconds
[2019-12-09T07:45:37.415+0000][1][safepoint    ] Application time: 1.0000750 seconds
[2019-12-09T07:45:37.415+0000][1][safepoint    ] Entering safepoint region: Cleanup
[2019-12-09T07:45:37.415+0000][1][safepoint    ] Leaving safepoint region
[2019-12-09T07:45:37.415+0000][1][safepoint    ] Total time for which application threads were stopped: 0.0000816 seconds, Stopping threads took: 0.0000195 seconds
[2019-12-09T07:45:38.415+0000][1][safepoint    ] Application time: 1.0000749 seconds
[2019-12-09T07:45:38.415+0000][1][safepoint    ] Entering safepoint region: Cleanup
[2019-12-09T07:45:38.415+0000][1][safepoint    ] Leaving safepoint region
[2019-12-09T07:45:38.415+0000][1][safepoint    ] Total time for which application threads were stopped: 0.0000846 seconds, Stopping threads took: 0.0000196 seconds
[2019-12-09T07:45:39.415+0000][1][safepoint    ] Application time: 1.0000751 seconds
[2019-12-09T07:45:39.415+0000][1][safepoint    ] Entering safepoint region: Cleanup
[2019-12-09T07:45:39.415+0000][1][safepoint    ] Leaving safepoint region
[2019-12-09T07:45:39.415+0000][1][safepoint    ] Total time for which application threads were stopped: 0.0000852 seconds, Stopping threads took: 0.0000201 seconds
[2019-12-09T07:45:40.415+0000][1][safepoint    ] Application time: 1.0000752 seconds
[2019-12-09T07:45:40.415+0000][1][safepoint    ] Entering safepoint region: Cleanup
[2019-12-09T07:45:40.415+0000][1][safepoint    ] Leaving safepoint region
[2019-12-09T07:45:40.415+0000][1][safepoint    ] Total time for which application threads were stopped: 0.0000836 seconds, Stopping threads took: 0.0000195 seconds
[2019-12-09T07:45:41.415+0000][1][safepoint    ] Application time: 1.0000760 seconds
[2019-12-09T07:45:41.415+0000][1][safepoint    ] Entering safepoint region: Cleanup
[2019-12-09T07:45:41.415+0000][1][safepoint    ] Leaving safepoint region
[2019-12-09T07:45:41.415+0000][1][safepoint    ] Total time for which application threads were stopped: 0.0000823 seconds, Stopping threads took: 0.0000194 seconds
[2019-12-09T07:45:42.416+0000][1][safepoint    ] Application time: 1.0000771 seconds
[2019-12-09T07:45:42.416+0000][1][safepoint    ] Entering safepoint region: Cleanup
[2019-12-09T07:45:42.416+0000][1][safepoint    ] Leaving safepoint region
[2019-12-09T07:45:42.416+0000][1][safepoint    ] Total time for which application threads were stopped: 0.0000823 seconds, Stopping threads took: 0.0000206 seconds
[2019-12-09T07:45:43.416+0000][1][safepoint    ] Application time: 1.0000859 seconds
[2019-12-09T07:45:43.416+0000][1][safepoint    ] Entering safepoint region: Cleanup
[2019-12-09T07:45:43.416+0000][1][safepoint    ] Leaving safepoint region
[2019-12-09T07:45:43.416+0000][1][safepoint    ] Total time for which application threads were stopped: 0.0000812 seconds, Stopping threads took: 0.0000195 seconds
[2019-12-09T07:45:44.416+0000][1][safepoint    ] Application time: 1.0000756 seconds
[2019-12-09T07:45:44.416+0000][1][safepoint    ] Entering safepoint region: Cleanup
[2019-12-09T07:45:44.416+0000][1][safepoint    ] Leaving safepoint region
[2019-12-09T07:45:44.416+0000][1][safepoint    ] Total time for which application threads were stopped: 0.0000906 seconds, Stopping threads took: 0.0000280 seconds
[2019-12-09T07:45:45.416+0000][1][safepoint    ] Application time: 1.0000773 seconds
[2019-12-09T07:45:45.416+0000][1][safepoint    ] Entering safepoint region: Cleanup
[2019-12-09T07:45:45.416+0000][1][safepoint    ] Leaving safepoint region
[2019-12-09T07:45:45.416+0000][1][safepoint    ] Total time for which application threads were stopped: 0.0000852 seconds, Stopping threads took: 0.0000215 seconds
[2019-12-09T07:45:46.416+0000][1][safepoint    ] Application time: 1.0000759 seconds
[2019-12-09T07:45:46.416+0000][1][safepoint    ] Entering safepoint region: Cleanup
[2019-12-09T07:45:46.416+0000][1][safepoint    ] Leaving safepoint region
[2019-12-09T07:45:46.417+0000][1][safepoint    ] Total time for which application threads were stopped: 0.0000847 seconds, Stopping threads took: 0.0000209 seconds
[2019-12-09T07:45:47.417+0000][1][safepoint    ] Application time: 1.0000761 seconds
[2019-12-09T07:45:47.417+0000][1][safepoint    ] Entering safepoint region: Cleanup
[2019-12-09T07:45:47.417+0000][1][safepoint    ] Leaving safepoint region
[2019-12-09T07:45:47.417+0000][1][safepoint    ] Total time for which application threads were stopped: 0.0000931 seconds, Stopping threads took: 0.0000204 seconds
[2019-12-09T07:45:48.417+0000][1][safepoint    ] Application time: 1.0000748 seconds
[2019-12-09T07:45:48.417+0000][1][safepoint    ] Entering safepoint region: Cleanup
[2019-12-09T07:45:48.417+0000][1][safepoint    ] Leaving safepoint region
[2019-12-09T07:45:48.417+0000][1][safepoint    ] Total time for which application threads were stopped: 0.0000823 seconds, Stopping threads took: 0.0000207 seconds
[2019-12-09T07:45:49.417+0000][1][safepoint    ] Application time: 1.0000761 seconds
[2019-12-09T07:45:49.417+0000][1][safepoint    ] Entering safepoint region: Cleanup
[2019-12-09T07:45:49.417+0000][1][safepoint    ] Leaving safepoint region
[2019-12-09T07:45:49.417+0000][1][safepoint    ] Total time for which application threads were stopped: 0.0000812 seconds, Stopping threads took: 0.0000177 seconds
[2019-12-09T07:45:50.417+0000][1][safepoint    ] Application time: 1.0000776 seconds
[2019-12-09T07:45:50.417+0000][1][safepoint    ] Entering safepoint region: Cleanup
[2019-12-09T07:45:50.417+0000][1][safepoint    ] Leaving safepoint region
[2019-12-09T07:45:50.417+0000][1][safepoint    ] Total time for which application threads were stopped: 0.0000827 seconds, Stopping threads took: 0.0000207 seconds
[2019-12-09T07:45:51.575+0000][1][safepoint    ] Application time: 1.1580382 seconds
[2019-12-09T07:45:51.575+0000][1][safepoint    ] Entering safepoint region: Cleanup
[2019-12-09T07:45:51.575+0000][1][safepoint    ] Leaving safepoint region
[2019-12-09T07:45:51.575+0000][1][safepoint    ] Total time for which application threads were stopped: 0.0000895 seconds, Stopping threads took: 0.0000188 seconds
[2019-12-09T07:45:52.117+0000][1][safepoint    ] Application time: 0.5411562 seconds
[2019-12-09T07:45:52.117+0000][1][safepoint    ] Entering safepoint region: GenCollectForAllocation
[2019-12-09T07:45:52.117+0000][1][gc,start     ] GC(87) Pause Young (Allocation Failure)
[2019-12-09T07:45:52.117+0000][1][gc,task      ] GC(87) Using 2 workers of 2 for evacuation
[2019-12-09T07:45:52.119+0000][1][gc,age       ] GC(87) Desired survivor size 4456448 bytes, new threshold 6 (max threshold 6)
[2019-12-09T07:45:52.119+0000][1][gc,age       ] GC(87) Age table with threshold 6 (max threshold 6)
[2019-12-09T07:45:52.119+0000][1][gc,age       ] GC(87) - age   1:     891512 bytes,     891512 total
[2019-12-09T07:45:52.119+0000][1][gc,age       ] GC(87) - age   2:        144 bytes,     891656 total
[2019-12-09T07:45:52.119+0000][1][gc,age       ] GC(87) - age   3:        440 bytes,     892096 total
[2019-12-09T07:45:52.119+0000][1][gc,age       ] GC(87) - age   4:        136 bytes,     892232 total
[2019-12-09T07:45:52.119+0000][1][gc,age       ] GC(87) - age   5:        472 bytes,     892704 total
[2019-12-09T07:45:52.119+0000][1][gc,age       ] GC(87) - age   6:        480 bytes,     893184 total
[2019-12-09T07:45:52.119+0000][1][gc,heap      ] GC(87) ParNew: 70832K->902K(78656K)
[2019-12-09T07:45:52.119+0000][1][gc,heap      ] GC(87) CMS: 70951K->70951K(174784K)
[2019-12-09T07:45:52.119+0000][1][gc,metaspace ] GC(87) Metaspace: 76363K->76363K(1120256K)
[2019-12-09T07:45:52.119+0000][1][gc           ] GC(87) Pause Young (Allocation Failure) 138M->70M(247M) 2.051ms
[2019-12-09T07:45:52.119+0000][1][gc,cpu       ] GC(87) User=0.00s Sys=0.00s Real=0.00s
[2019-12-09T07:45:52.119+0000][1][safepoint    ] Leaving safepoint region
[2019-12-09T07:45:52.119+0000][1][safepoint    ] Total time for which application threads were stopped: 0.0022159 seconds, Stopping threads took: 0.0000182 seconds
[2019-12-09T07:45:53.119+0000][1][safepoint    ] Application time: 1.0000836 seconds
[2019-12-09T07:45:53.119+0000][1][safepoint    ] Entering safepoint region: Cleanup
[2019-12-09T07:45:53.119+0000][1][safepoint    ] Leaving safepoint region
[2019-12-09T07:45:53.119+0000][1][safepoint    ] Total time for which application threads were stopped: 0.0000814 seconds, Stopping threads took: 0.0000178 seconds
[2019-12-09T07:45:54.119+0000][1][safepoint    ] Application time: 1.0000496 seconds
[2019-12-09T07:45:54.119+0000][1][safepoint    ] Entering safepoint region: Cleanup
[2019-12-09T07:45:54.119+0000][1][safepoint    ] Leaving safepoint region
[2019-12-09T07:45:54.119+0000][1][safepoint    ] Total time for which application threads were stopped: 0.0000844 seconds, Stopping threads took: 0.0000188 seconds
[2019-12-09T07:45:55.119+0000][1][safepoint    ] Application time: 1.0000748 seconds
[2019-12-09T07:45:55.119+0000][1][safepoint    ] Entering safepoint region: Cleanup
[2019-12-09T07:45:55.120+0000][1][safepoint    ] Leaving safepoint region
[2019-12-09T07:45:55.120+0000][1][safepoint    ] Total time for which application threads were stopped: 0.0000820 seconds, Stopping threads took: 0.0000194 seconds
[2019-12-09T07:45:56.120+0000][1][safepoint    ] Application time: 1.0000819 seconds
[2019-12-09T07:45:56.120+0000][1][safepoint    ] Entering safepoint region: Cleanup
[2019-12-09T07:45:56.120+0000][1][safepoint    ] Leaving safepoint region
[2019-12-09T07:45:56.120+0000][1][safepoint    ] Total time for which application threads were stopped: 0.0001262 seconds, Stopping threads took: 0.0000256 seconds
[2019-12-09T07:45:57.120+0000][1][safepoint    ] Application time: 1.0000753 seconds
[2019-12-09T07:45:57.120+0000][1][safepoint    ] Entering safepoint region: Cleanup
[2019-12-09T07:45:57.120+0000][1][safepoint    ] Leaving safepoint region
[2019-12-09T07:45:57.120+0000][1][safepoint    ] Total time for which application threads were stopped: 0.0000823 seconds, Stopping threads took: 0.0000198 seconds
[2019-12-09T07:45:58.120+0000][1][safepoint    ] Application time: 1.0000741 seconds
[2019-12-09T07:45:58.120+0000][1][safepoint    ] Entering safepoint region: Cleanup
[2019-12-09T07:45:58.120+0000][1][safepoint    ] Leaving safepoint region
[2019-12-09T07:45:58.120+0000][1][safepoint    ] Total time for which application threads were stopped: 0.0000839 seconds, Stopping threads took: 0.0000208 seconds
[2019-12-09T07:45:59.120+0000][1][safepoint    ] Application time: 1.0000755 seconds
[2019-12-09T07:45:59.120+0000][1][safepoint    ] Entering safepoint region: Cleanup
[2019-12-09T07:45:59.120+0000][1][safepoint    ] Leaving safepoint region
[2019-12-09T07:45:59.120+0000][1][safepoint    ] Total time for which application threads were stopped: 0.0000892 seconds, Stopping threads took: 0.0000187 seconds
[2019-12-09T07:46:00.120+0000][1][safepoint    ] Application time: 1.0000752 seconds
[2019-12-09T07:46:00.121+0000][1][safepoint    ] Entering safepoint region: Cleanup
[2019-12-09T07:46:00.121+0000][1][safepoint    ] Leaving safepoint region
[2019-12-09T07:46:00.121+0000][1][safepoint    ] Total time for which application threads were stopped: 0.0000824 seconds, Stopping threads took: 0.0000193 seconds
[2019-12-09T07:46:01.121+0000][1][safepoint    ] Application time: 1.0000929 seconds
[2019-12-09T07:46:01.121+0000][1][safepoint    ] Entering safepoint region: Cleanup
[2019-12-09T07:46:01.121+0000][1][safepoint    ] Leaving safepoint region
[2019-12-09T07:46:01.121+0000][1][safepoint    ] Total time for which application threads were stopped: 0.0000801 seconds, Stopping threads took: 0.0000198 seconds
[2019-12-09T07:46:02.121+0000][1][safepoint    ] Application time: 1.0000753 seconds
[2019-12-09T07:46:02.121+0000][1][safepoint    ] Entering safepoint region: Cleanup
[2019-12-09T07:46:02.121+0000][1][safepoint    ] Leaving safepoint region
[2019-12-09T07:46:02.121+0000][1][safepoint    ] Total time for which application threads were stopped: 0.0000850 seconds, Stopping threads took: 0.0000171 seconds
[2019-12-09T07:46:03.121+0000][1][safepoint    ] Application time: 1.0000756 seconds
[2019-12-09T07:46:03.121+0000][1][safepoint    ] Entering safepoint region: Cleanup
[2019-12-09T07:46:03.121+0000][1][safepoint    ] Leaving safepoint region
[2019-12-09T07:46:03.121+0000][1][safepoint    ] Total time for which application threads were stopped: 0.0000812 seconds, Stopping threads took: 0.0000198 seconds
[2019-12-09T07:46:04.121+0000][1][safepoint    ] Application time: 1.0000772 seconds
[2019-12-09T07:46:04.121+0000][1][safepoint    ] Entering safepoint region: Cleanup
[2019-12-09T07:46:04.121+0000][1][safepoint    ] Leaving safepoint region
[2019-12-09T07:46:04.121+0000][1][safepoint    ] Total time for which application threads were stopped: 0.0000798 seconds, Stopping threads took: 0.0000174 seconds
[2019-12-09T07:46:05.122+0000][1][safepoint    ] Application time: 1.0000754 seconds
[2019-12-09T07:46:05.122+0000][1][safepoint    ] Entering safepoint region: Cleanup
[2019-12-09T07:46:05.122+0000][1][safepoint    ] Leaving safepoint region
[2019-12-09T07:46:05.122+0000][1][safepoint    ] Total time for which application threads were stopped: 0.0000825 seconds, Stopping threads took: 0.0000186 seconds
[2019-12-09T07:46:06.122+0000][1][safepoint    ] Application time: 1.0000756 seconds
[2019-12-09T07:46:06.122+0000][1][safepoint    ] Entering safepoint region: Cleanup
[2019-12-09T07:46:06.122+0000][1][safepoint    ] Leaving safepoint region
[2019-12-09T07:46:06.122+0000][1][safepoint    ] Total time for which application threads were stopped: 0.0000821 seconds, Stopping threads took: 0.0000195 seconds
[2019-12-09T07:46:07.122+0000][1][safepoint    ] Application time: 1.0000762 seconds
[2019-12-09T07:46:07.122+0000][1][safepoint    ] Entering safepoint region: Cleanup
[2019-12-09T07:46:07.122+0000][1][safepoint    ] Leaving safepoint region
[2019-12-09T07:46:07.122+0000][1][safepoint    ] Total time for which application threads were stopped: 0.0000853 seconds, Stopping threads took: 0.0000194 seconds
[2019-12-09T07:46:08.122+0000][1][safepoint    ] Application time: 1.0000538 seconds
[2019-12-09T07:46:08.122+0000][1][safepoint    ] Entering safepoint region: Cleanup
[2019-12-09T07:46:08.122+0000][1][safepoint    ] Leaving safepoint region
[2019-12-09T07:46:08.122+0000][1][safepoint    ] Total time for which application threads were stopped: 0.0000819 seconds, Stopping threads took: 0.0000187 seconds
[2019-12-09T07:46:09.122+0000][1][safepoint    ] Application time: 1.0000772 seconds
[2019-12-09T07:46:09.122+0000][1][safepoint    ] Entering safepoint region: Cleanup
[2019-12-09T07:46:09.122+0000][1][safepoint    ] Leaving safepoint region
[2019-12-09T07:46:09.122+0000][1][safepoint    ] Total time for which application threads were stopped: 0.0000837 seconds, Stopping threads took: 0.0000201 seconds
[2019-12-09T07:46:10.123+0000][1][safepoint    ] Application time: 1.0000747 seconds
[2019-12-09T07:46:10.123+0000][1][safepoint    ] Entering safepoint region: Cleanup
[2019-12-09T07:46:10.123+0000][1][safepoint    ] Leaving safepoint region
[2019-12-09T07:46:10.123+0000][1][safepoint    ] Total time for which application threads were stopped: 0.0000830 seconds, Stopping threads took: 0.0000183 seconds
[2019-12-09T07:46:11.123+0000][1][safepoint    ] Application time: 1.0000628 seconds
[2019-12-09T07:46:11.123+0000][1][safepoint    ] Entering safepoint region: Cleanup
[2019-12-09T07:46:11.123+0000][1][safepoint    ] Leaving safepoint region
[2019-12-09T07:46:11.123+0000][1][safepoint    ] Total time for which application threads were stopped: 0.0000813 seconds, Stopping threads took: 0.0000182 seconds
[2019-12-09T07:46:12.123+0000][1][safepoint    ] Application time: 1.0000772 seconds
[2019-12-09T07:46:12.123+0000][1][safepoint    ] Entering safepoint region: Cleanup
[2019-12-09T07:46:12.123+0000][1][safepoint    ] Leaving safepoint region
[2019-12-09T07:46:12.123+0000][1][safepoint    ] Total time for which application threads were stopped: 0.0000812 seconds, Stopping threads took: 0.0000186 seconds
[2019-12-09T07:46:13.123+0000][1][safepoint    ] Application time: 1.0000771 seconds
[2019-12-09T07:46:13.123+0000][1][safepoint    ] Entering safepoint region: Cleanup
[2019-12-09T07:46:13.123+0000][1][safepoint    ] Leaving safepoint region
[2019-12-09T07:46:13.123+0000][1][safepoint    ] Total time for which application threads were stopped: 0.0000870 seconds, Stopping threads took: 0.0000212 seconds
[2019-12-09T07:46:14.123+0000][1][safepoint    ] Application time: 1.0000771 seconds
[2019-12-09T07:46:14.123+0000][1][safepoint    ] Entering safepoint region: Cleanup
[2019-12-09T07:46:14.123+0000][1][safepoint    ] Leaving safepoint region
[2019-12-09T07:46:14.123+0000][1][safepoint    ] Total time for which application threads were stopped: 0.0000862 seconds, Stopping threads took: 0.0000245 seconds
[2019-12-09T07:46:15.124+0000][1][safepoint    ] Application time: 1.0000790 seconds
[2019-12-09T07:46:15.124+0000][1][safepoint    ] Entering safepoint region: Cleanup
[2019-12-09T07:46:15.124+0000][1][safepoint    ] Leaving safepoint region
[2019-12-09T07:46:15.124+0000][1][safepoint    ] Total time for which application threads were stopped: 0.0000829 seconds, Stopping threads took: 0.0000197 seconds
[2019-12-09T07:46:16.124+0000][1][safepoint    ] Application time: 1.0000580 seconds
[2019-12-09T07:46:16.124+0000][1][safepoint    ] Entering safepoint region: Cleanup
[2019-12-09T07:46:16.124+0000][1][safepoint    ] Leaving safepoint region
[2019-12-09T07:46:16.124+0000][1][safepoint    ] Total time for which application threads were stopped: 0.0000832 seconds, Stopping threads took: 0.0000197 seconds
[2019-12-09T07:46:17.124+0000][1][safepoint    ] Application time: 1.0000783 seconds
[2019-12-09T07:46:17.124+0000][1][safepoint    ] Entering safepoint region: Cleanup
[2019-12-09T07:46:17.124+0000][1][safepoint    ] Leaving safepoint region
[2019-12-09T07:46:17.124+0000][1][safepoint    ] Total time for which application threads were stopped: 0.0000823 seconds, Stopping threads took: 0.0000186 seconds
[2019-12-09T07:46:18.124+0000][1][safepoint    ] Application time: 1.0000761 seconds
[2019-12-09T07:46:18.124+0000][1][safepoint    ] Entering safepoint region: Cleanup
[2019-12-09T07:46:18.124+0000][1][safepoint    ] Leaving safepoint region
[2019-12-09T07:46:18.124+0000][1][safepoint    ] Total time for which application threads were stopped: 0.0000830 seconds, Stopping threads took: 0.0000190 seconds
[2019-12-09T07:46:19.124+0000][1][safepoint    ] Application time: 1.0000767 seconds
[2019-12-09T07:46:19.124+0000][1][safepoint    ] Entering safepoint region: Cleanup
[2019-12-09T07:46:19.124+0000][1][safepoint    ] Leaving safepoint region
[2019-12-09T07:46:19.124+0000][1][safepoint    ] Total time for which application threads were stopped: 0.0000839 seconds, Stopping threads took: 0.0000196 seconds
[2019-12-09T07:46:20.125+0000][1][safepoint    ] Application time: 1.0000757 seconds
[2019-12-09T07:46:20.125+0000][1][safepoint    ] Entering safepoint region: Cleanup
[2019-12-09T07:46:20.125+0000][1][safepoint    ] Leaving safepoint region
[2019-12-09T07:46:20.125+0000][1][safepoint    ] Total time for which application threads were stopped: 0.0000813 seconds, Stopping threads took: 0.0000190 seconds
[2019-12-09T07:46:21.125+0000][1][safepoint    ] Application time: 1.0000790 seconds
[2019-12-09T07:46:21.125+0000][1][safepoint    ] Entering safepoint region: Cleanup
[2019-12-09T07:46:21.125+0000][1][safepoint    ] Leaving safepoint region
[2019-12-09T07:46:21.125+0000][1][safepoint    ] Total time for which application threads were stopped: 0.0000915 seconds, Stopping threads took: 0.0000197 seconds
[2019-12-09T07:46:22.125+0000][1][safepoint    ] Application time: 1.0000836 seconds
[2019-12-09T07:46:22.125+0000][1][safepoint    ] Entering safepoint region: Cleanup
[2019-12-09T07:46:22.125+0000][1][safepoint    ] Leaving safepoint region
[2019-12-09T07:46:22.125+0000][1][safepoint    ] Total time for which application threads were stopped: 0.0001432 seconds, Stopping threads took: 0.0000583 seconds
[2019-12-09T07:46:23.125+0000][1][safepoint    ] Application time: 1.0000837 seconds
[2019-12-09T07:46:23.125+0000][1][safepoint    ] Entering safepoint region: Cleanup
[2019-12-09T07:46:23.125+0000][1][safepoint    ] Leaving safepoint region
[2019-12-09T07:46:23.125+0000][1][safepoint    ] Total time for which application threads were stopped: 0.0000837 seconds, Stopping threads took: 0.0000201 seconds
[2019-12-09T07:46:24.125+0000][1][safepoint    ] Application time: 1.0000761 seconds
[2019-12-09T07:46:24.125+0000][1][safepoint    ] Entering safepoint region: Cleanup
[2019-12-09T07:46:24.126+0000][1][safepoint    ] Leaving safepoint region
[2019-12-09T07:46:24.126+0000][1][safepoint    ] Total time for which application threads were stopped: 0.0000849 seconds, Stopping threads took: 0.0000213 seconds
[2019-12-09T07:46:25.126+0000][1][safepoint    ] Application time: 1.0000769 seconds
[2019-12-09T07:46:25.126+0000][1][safepoint    ] Entering safepoint region: Cleanup
[2019-12-09T07:46:25.126+0000][1][safepoint    ] Leaving safepoint region
[2019-12-09T07:46:25.126+0000][1][safepoint    ] Total time for which application threads were stopped: 0.0000914 seconds, Stopping threads took: 0.0000299 seconds
[2019-12-09T07:46:26.126+0000][1][safepoint    ] Application time: 1.0000809 seconds
[2019-12-09T07:46:26.126+0000][1][safepoint    ] Entering safepoint region: Cleanup
[2019-12-09T07:46:26.126+0000][1][safepoint    ] Leaving safepoint region
[2019-12-09T07:46:26.126+0000][1][safepoint    ] Total time for which application threads were stopped: 0.0000845 seconds, Stopping threads took: 0.0000206 seconds
[2019-12-09T07:46:27.126+0000][1][safepoint    ] Application time: 1.0000775 seconds
[2019-12-09T07:46:27.126+0000][1][safepoint    ] Entering safepoint region: Cleanup
[2019-12-09T07:46:27.126+0000][1][safepoint    ] Leaving safepoint region
[2019-12-09T07:46:27.126+0000][1][safepoint    ] Total time for which application threads were stopped: 0.0000826 seconds, Stopping threads took: 0.0000189 seconds
[2019-12-09T07:46:28.126+0000][1][safepoint    ] Application time: 1.0000749 seconds
[2019-12-09T07:46:28.126+0000][1][safepoint    ] Entering safepoint region: Cleanup
[2019-12-09T07:46:28.126+0000][1][safepoint    ] Leaving safepoint region
[2019-12-09T07:46:28.126+0000][1][safepoint    ] Total time for which application threads were stopped: 0.0000803 seconds, Stopping threads took: 0.0000178 seconds
[2019-12-09T07:46:29.126+0000][1][safepoint    ] Application time: 1.0000750 seconds
[2019-12-09T07:46:29.127+0000][1][safepoint    ] Entering safepoint region: Cleanup
[2019-12-09T07:46:29.127+0000][1][safepoint    ] Leaving safepoint region
[2019-12-09T07:46:29.127+0000][1][safepoint    ] Total time for which application threads were stopped: 0.0000925 seconds, Stopping threads took: 0.0000284 seconds
[2019-12-09T07:46:30.127+0000][1][safepoint    ] Application time: 1.0000765 seconds
[2019-12-09T07:46:30.127+0000][1][safepoint    ] Entering safepoint region: Cleanup
[2019-12-09T07:46:30.127+0000][1][safepoint    ] Leaving safepoint region
[2019-12-09T07:46:30.127+0000][1][safepoint    ] Total time for which application threads were stopped: 0.0000997 seconds, Stopping threads took: 0.0000201 seconds
[2019-12-09T07:46:31.127+0000][1][safepoint    ] Application time: 1.0000761 seconds
[2019-12-09T07:46:31.127+0000][1][safepoint    ] Entering safepoint region: Cleanup
[2019-12-09T07:46:31.127+0000][1][safepoint    ] Leaving safepoint region
[2019-12-09T07:46:31.127+0000][1][safepoint    ] Total time for which application threads were stopped: 0.0000844 seconds, Stopping threads took: 0.0000198 seconds
[2019-12-09T07:46:32.127+0000][1][safepoint    ] Application time: 1.0000743 seconds
[2019-12-09T07:46:32.127+0000][1][safepoint    ] Entering safepoint region: Cleanup
[2019-12-09T07:46:32.127+0000][1][safepoint    ] Leaving safepoint region
[2019-12-09T07:46:32.127+0000][1][safepoint    ] Total time for which application threads were stopped: 0.0000819 seconds, Stopping threads took: 0.0000198 seconds
[2019-12-09T07:46:33.127+0000][1][safepoint    ] Application time: 1.0000770 seconds
[2019-12-09T07:46:33.127+0000][1][safepoint    ] Entering safepoint region: Cleanup
[2019-12-09T07:46:33.127+0000][1][safepoint    ] Leaving safepoint region
[2019-12-09T07:46:33.127+0000][1][safepoint    ] Total time for which application threads were stopped: 0.0000874 seconds, Stopping threads took: 0.0000201 seconds
[2019-12-09T07:46:34.128+0000][1][safepoint    ] Application time: 1.0000749 seconds
[2019-12-09T07:46:34.128+0000][1][safepoint    ] Entering safepoint region: Cleanup
[2019-12-09T07:46:34.128+0000][1][safepoint    ] Leaving safepoint region
[2019-12-09T07:46:34.128+0000][1][safepoint    ] Total time for which application threads were stopped: 0.0000797 seconds, Stopping threads took: 0.0000175 seconds
[2019-12-09T07:46:35.128+0000][1][safepoint    ] Application time: 1.0000750 seconds
[2019-12-09T07:46:35.128+0000][1][safepoint    ] Entering safepoint region: Cleanup
[2019-12-09T07:46:35.128+0000][1][safepoint    ] Leaving safepoint region
[2019-12-09T07:46:35.128+0000][1][safepoint    ] Total time for which application threads were stopped: 0.0000825 seconds, Stopping threads took: 0.0000193 seconds
[2019-12-09T07:46:35.283+0000][1][safepoint    ] Application time: 0.1550813 seconds
[2019-12-09T07:46:35.283+0000][1][safepoint    ] Entering safepoint region: GenCollectForAllocation
[2019-12-09T07:46:35.283+0000][1][gc,start     ] GC(88) Pause Young (Allocation Failure)
[2019-12-09T07:46:35.283+0000][1][gc,task      ] GC(88) Using 2 workers of 2 for evacuation
[2019-12-09T07:46:35.285+0000][1][gc,age       ] GC(88) Desired survivor size 4456448 bytes, new threshold 6 (max threshold 6)
[2019-12-09T07:46:35.285+0000][1][gc,age       ] GC(88) Age table with threshold 6 (max threshold 6)
[2019-12-09T07:46:35.285+0000][1][gc,age       ] GC(88) - age   1:     963392 bytes,     963392 total
[2019-12-09T07:46:35.285+0000][1][gc,age       ] GC(88) - age   2:       1696 bytes,     965088 total
[2019-12-09T07:46:35.285+0000][1][gc,age       ] GC(88) - age   3:        144 bytes,     965232 total
[2019-12-09T07:46:35.285+0000][1][gc,age       ] GC(88) - age   4:        440 bytes,     965672 total
[2019-12-09T07:46:35.285+0000][1][gc,age       ] GC(88) - age   5:        136 bytes,     965808 total
[2019-12-09T07:46:35.285+0000][1][gc,age       ] GC(88) - age   6:        472 bytes,     966280 total
[2019-12-09T07:46:35.285+0000][1][gc,heap      ] GC(88) ParNew: 70854K->1375K(78656K)
[2019-12-09T07:46:35.285+0000][1][gc,heap      ] GC(88) CMS: 70951K->70952K(174784K)
[2019-12-09T07:46:35.285+0000][1][gc,metaspace ] GC(88) Metaspace: 76366K->76366K(1120256K)
[2019-12-09T07:46:35.285+0000][1][gc           ] GC(88) Pause Young (Allocation Failure) 138M->70M(247M) 2.136ms
[2019-12-09T07:46:35.285+0000][1][gc,cpu       ] GC(88) User=0.00s Sys=0.00s Real=0.01s
[2019-12-09T07:46:35.285+0000][1][safepoint    ] Leaving safepoint region
[2019-12-09T07:46:35.285+0000][1][safepoint    ] Total time for which application threads were stopped: 0.0022928 seconds, Stopping threads took: 0.0000161 seconds
[2019-12-09T07:46:36.285+0000][1][safepoint    ] Application time: 1.0000855 seconds
[2019-12-09T07:46:36.285+0000][1][safepoint    ] Entering safepoint region: Cleanup
[2019-12-09T07:46:36.285+0000][1][safepoint    ] Leaving safepoint region
[2019-12-09T07:46:36.285+0000][1][safepoint    ] Total time for which application threads were stopped: 0.0000852 seconds, Stopping threads took: 0.0000202 seconds
[2019-12-09T07:46:37.286+0000][1][safepoint    ] Application time: 1.0000768 seconds
[2019-12-09T07:46:37.286+0000][1][safepoint    ] Entering safepoint region: Cleanup
[2019-12-09T07:46:37.286+0000][1][safepoint    ] Leaving safepoint region
[2019-12-09T07:46:37.286+0000][1][safepoint    ] Total time for which application threads were stopped: 0.0000809 seconds, Stopping threads took: 0.0000182 seconds
[2019-12-09T07:46:38.286+0000][1][safepoint    ] Application time: 1.0000839 seconds
[2019-12-09T07:46:38.286+0000][1][safepoint    ] Entering safepoint region: Cleanup
[2019-12-09T07:46:38.286+0000][1][safepoint    ] Leaving safepoint region
[2019-12-09T07:46:38.286+0000][1][safepoint    ] Total time for which application threads were stopped: 0.0000840 seconds, Stopping threads took: 0.0000210 seconds
[2019-12-09T07:46:39.286+0000][1][safepoint    ] Application time: 1.0000758 seconds
[2019-12-09T07:46:39.286+0000][1][safepoint    ] Entering safepoint region: Cleanup
[2019-12-09T07:46:39.286+0000][1][safepoint    ] Leaving safepoint region
[2019-12-09T07:46:39.286+0000][1][safepoint    ] Total time for which application threads were stopped: 0.0000818 seconds, Stopping threads took: 0.0000189 seconds
[2019-12-09T07:46:40.286+0000][1][safepoint    ] Application time: 1.0000744 seconds
[2019-12-09T07:46:40.286+0000][1][safepoint    ] Entering safepoint region: Cleanup
[2019-12-09T07:46:40.286+0000][1][safepoint    ] Leaving safepoint region
[2019-12-09T07:46:40.286+0000][1][safepoint    ] Total time for which application threads were stopped: 0.0000935 seconds, Stopping threads took: 0.0000216 seconds
[2019-12-09T07:46:41.286+0000][1][safepoint    ] Application time: 1.0000871 seconds
[2019-12-09T07:46:41.286+0000][1][safepoint    ] Entering safepoint region: Cleanup
[2019-12-09T07:46:41.286+0000][1][safepoint    ] Leaving safepoint region
[2019-12-09T07:46:41.287+0000][1][safepoint    ] Total time for which application threads were stopped: 0.0000833 seconds, Stopping threads took: 0.0000193 seconds
[2019-12-09T07:46:42.287+0000][1][safepoint    ] Application time: 1.0000746 seconds
[2019-12-09T07:46:42.287+0000][1][safepoint    ] Entering safepoint region: Cleanup
[2019-12-09T07:46:42.287+0000][1][safepoint    ] Leaving safepoint region
[2019-12-09T07:46:42.287+0000][1][safepoint    ] Total time for which application threads were stopped: 0.0000921 seconds, Stopping threads took: 0.0000195 seconds
[2019-12-09T07:46:43.287+0000][1][safepoint    ] Application time: 1.0000754 seconds
[2019-12-09T07:46:43.287+0000][1][safepoint    ] Entering safepoint region: Cleanup
[2019-12-09T07:46:43.287+0000][1][safepoint    ] Leaving safepoint region
[2019-12-09T07:46:43.287+0000][1][safepoint    ] Total time for which application threads were stopped: 0.0000800 seconds, Stopping threads took: 0.0000173 seconds
[2019-12-09T07:46:44.287+0000][1][safepoint    ] Application time: 1.0000804 seconds
[2019-12-09T07:46:44.287+0000][1][safepoint    ] Entering safepoint region: Cleanup
[2019-12-09T07:46:44.287+0000][1][safepoint    ] Leaving safepoint region
[2019-12-09T07:46:44.287+0000][1][safepoint    ] Total time for which application threads were stopped: 0.0000847 seconds, Stopping threads took: 0.0000196 seconds
[2019-12-09T07:46:45.287+0000][1][safepoint    ] Application time: 1.0000727 seconds
[2019-12-09T07:46:45.287+0000][1][safepoint    ] Entering safepoint region: Cleanup
[2019-12-09T07:46:45.287+0000][1][safepoint    ] Leaving safepoint region
[2019-12-09T07:46:45.287+0000][1][safepoint    ] Total time for which application threads were stopped: 0.0001160 seconds, Stopping threads took: 0.0000473 seconds
[2019-12-09T07:46:46.287+0000][1][safepoint    ] Application time: 1.0000761 seconds
[2019-12-09T07:46:46.287+0000][1][safepoint    ] Entering safepoint region: Cleanup
[2019-12-09T07:46:46.288+0000][1][safepoint    ] Leaving safepoint region
[2019-12-09T07:46:46.288+0000][1][safepoint    ] Total time for which application threads were stopped: 0.0000840 seconds, Stopping threads took: 0.0000196 seconds
[2019-12-09T07:46:47.288+0000][1][safepoint    ] Application time: 1.0000749 seconds
[2019-12-09T07:46:47.288+0000][1][safepoint    ] Entering safepoint region: Cleanup
[2019-12-09T07:46:47.288+0000][1][safepoint    ] Leaving safepoint region
[2019-12-09T07:46:47.288+0000][1][safepoint    ] Total time for which application threads were stopped: 0.0000902 seconds, Stopping threads took: 0.0000272 seconds
[2019-12-09T07:46:48.288+0000][1][safepoint    ] Application time: 1.0000752 seconds
[2019-12-09T07:46:48.288+0000][1][safepoint    ] Entering safepoint region: Cleanup
[2019-12-09T07:46:48.288+0000][1][safepoint    ] Leaving safepoint region
[2019-12-09T07:46:48.288+0000][1][safepoint    ] Total time for which application threads were stopped: 0.0000853 seconds, Stopping threads took: 0.0000199 seconds
[2019-12-09T07:46:49.288+0000][1][safepoint    ] Application time: 1.0000751 seconds
[2019-12-09T07:46:49.288+0000][1][safepoint    ] Entering safepoint region: Cleanup
[2019-12-09T07:46:49.288+0000][1][safepoint    ] Leaving safepoint region
[2019-12-09T07:46:49.288+0000][1][safepoint    ] Total time for which application threads were stopped: 0.0000825 seconds, Stopping threads took: 0.0000187 seconds
[2019-12-09T07:46:50.288+0000][1][safepoint    ] Application time: 1.0000764 seconds
[2019-12-09T07:46:50.288+0000][1][safepoint    ] Entering safepoint region: Cleanup
[2019-12-09T07:46:50.288+0000][1][safepoint    ] Leaving safepoint region
[2019-12-09T07:46:50.288+0000][1][safepoint    ] Total time for which application threads were stopped: 0.0000971 seconds, Stopping threads took: 0.0000229 seconds
[2019-12-09T07:46:51.490+0000][1][safepoint    ] Application time: 1.2016346 seconds
[2019-12-09T07:46:51.490+0000][1][safepoint    ] Entering safepoint region: Cleanup
[2019-12-09T07:46:51.490+0000][1][safepoint    ] Leaving safepoint region
[2019-12-09T07:46:51.490+0000][1][safepoint    ] Total time for which application threads were stopped: 0.0000808 seconds, Stopping threads took: 0.0000192 seconds
[2019-12-09T07:46:52.490+0000][1][safepoint    ] Application time: 1.0000754 seconds
[2019-12-09T07:46:52.490+0000][1][safepoint    ] Entering safepoint region: Cleanup
[2019-12-09T07:46:52.490+0000][1][safepoint    ] Leaving safepoint region
[2019-12-09T07:46:52.490+0000][1][safepoint    ] Total time for which application threads were stopped: 0.0000813 seconds, Stopping threads took: 0.0000185 seconds
[2019-12-09T07:46:53.490+0000][1][safepoint    ] Application time: 1.0000865 seconds
[2019-12-09T07:46:53.490+0000][1][safepoint    ] Entering safepoint region: Cleanup
[2019-12-09T07:46:53.491+0000][1][safepoint    ] Leaving safepoint region
[2019-12-09T07:46:53.491+0000][1][safepoint    ] Total time for which application threads were stopped: 0.0001056 seconds, Stopping threads took: 0.0000229 seconds
[2019-12-09T07:46:54.491+0000][1][safepoint    ] Application time: 1.0000758 seconds
[2019-12-09T07:46:54.491+0000][1][safepoint    ] Entering safepoint region: Cleanup
[2019-12-09T07:46:54.491+0000][1][safepoint    ] Leaving safepoint region
[2019-12-09T07:46:54.491+0000][1][safepoint    ] Total time for which application threads were stopped: 0.0000795 seconds, Stopping threads took: 0.0000178 seconds
[2019-12-09T07:46:55.491+0000][1][safepoint    ] Application time: 1.0000820 seconds
[2019-12-09T07:46:55.491+0000][1][safepoint    ] Entering safepoint region: Cleanup
[2019-12-09T07:46:55.491+0000][1][safepoint    ] Leaving safepoint region
[2019-12-09T07:46:55.491+0000][1][safepoint    ] Total time for which application threads were stopped: 0.0000895 seconds, Stopping threads took: 0.0000265 seconds
[2019-12-09T07:46:56.491+0000][1][safepoint    ] Application time: 1.0000803 seconds
[2019-12-09T07:46:56.491+0000][1][safepoint    ] Entering safepoint region: Cleanup
[2019-12-09T07:46:56.491+0000][1][safepoint    ] Leaving safepoint region
[2019-12-09T07:46:56.491+0000][1][safepoint    ] Total time for which application threads were stopped: 0.0000832 seconds, Stopping threads took: 0.0000190 seconds
[2019-12-09T07:46:57.491+0000][1][safepoint    ] Application time: 1.0000775 seconds
[2019-12-09T07:46:57.491+0000][1][safepoint    ] Entering safepoint region: Cleanup
[2019-12-09T07:46:57.491+0000][1][safepoint    ] Leaving safepoint region
[2019-12-09T07:46:57.491+0000][1][safepoint    ] Total time for which application threads were stopped: 0.0000817 seconds, Stopping threads took: 0.0000191 seconds
[2019-12-09T07:46:58.492+0000][1][safepoint    ] Application time: 1.0000772 seconds
[2019-12-09T07:46:58.492+0000][1][safepoint    ] Entering safepoint region: Cleanup
[2019-12-09T07:46:58.492+0000][1][safepoint    ] Leaving safepoint region
[2019-12-09T07:46:58.492+0000][1][safepoint    ] Total time for which application threads were stopped: 0.0000802 seconds, Stopping threads took: 0.0000184 seconds
[2019-12-09T07:46:59.492+0000][1][safepoint    ] Application time: 1.0000751 seconds
[2019-12-09T07:46:59.492+0000][1][safepoint    ] Entering safepoint region: Cleanup
[2019-12-09T07:46:59.492+0000][1][safepoint    ] Leaving safepoint region
[2019-12-09T07:46:59.492+0000][1][safepoint    ] Total time for which application threads were stopped: 0.0000814 seconds, Stopping threads took: 0.0000216 seconds
[2019-12-09T07:47:00.492+0000][1][safepoint    ] Application time: 1.0000803 seconds
[2019-12-09T07:47:00.492+0000][1][safepoint    ] Entering safepoint region: Cleanup
[2019-12-09T07:47:00.492+0000][1][safepoint    ] Leaving safepoint region
[2019-12-09T07:47:00.492+0000][1][safepoint    ] Total time for which application threads were stopped: 0.0000780 seconds, Stopping threads took: 0.0000175 seconds
[2019-12-09T07:47:01.492+0000][1][safepoint    ] Application time: 1.0000808 seconds
[2019-12-09T07:47:01.492+0000][1][safepoint    ] Entering safepoint region: Cleanup
[2019-12-09T07:47:01.492+0000][1][safepoint    ] Leaving safepoint region
[2019-12-09T07:47:01.492+0000][1][safepoint    ] Total time for which application threads were stopped: 0.0000847 seconds, Stopping threads took: 0.0000195 seconds
[2019-12-09T07:47:02.492+0000][1][safepoint    ] Application time: 1.0000903 seconds
[2019-12-09T07:47:02.492+0000][1][safepoint    ] Entering safepoint region: Cleanup
[2019-12-09T07:47:02.492+0000][1][safepoint    ] Leaving safepoint region
[2019-12-09T07:47:02.492+0000][1][safepoint    ] Total time for which application threads were stopped: 0.0000925 seconds, Stopping threads took: 0.0000266 seconds
[2019-12-09T07:47:03.493+0000][1][safepoint    ] Application time: 1.0000883 seconds
[2019-12-09T07:47:03.493+0000][1][safepoint    ] Entering safepoint region: Cleanup
[2019-12-09T07:47:03.493+0000][1][safepoint    ] Leaving safepoint region
[2019-12-09T07:47:03.493+0000][1][safepoint    ] Total time for which application threads were stopped: 0.0001233 seconds, Stopping threads took: 0.0000238 seconds
[2019-12-09T07:47:04.493+0000][1][safepoint    ] Application time: 1.0000759 seconds
[2019-12-09T07:47:04.493+0000][1][safepoint    ] Entering safepoint region: Cleanup
[2019-12-09T07:47:04.493+0000][1][safepoint    ] Leaving safepoint region
[2019-12-09T07:47:04.493+0000][1][safepoint    ] Total time for which application threads were stopped: 0.0000794 seconds, Stopping threads took: 0.0000192 seconds
[2019-12-09T07:47:05.493+0000][1][safepoint    ] Application time: 1.0000781 seconds
[2019-12-09T07:47:05.493+0000][1][safepoint    ] Entering safepoint region: Cleanup
[2019-12-09T07:47:05.493+0000][1][safepoint    ] Leaving safepoint region
[2019-12-09T07:47:05.493+0000][1][safepoint    ] Total time for which application threads were stopped: 0.0000860 seconds, Stopping threads took: 0.0000237 seconds
[2019-12-09T07:47:06.493+0000][1][safepoint    ] Application time: 1.0000753 seconds
[2019-12-09T07:47:06.493+0000][1][safepoint    ] Entering safepoint region: Cleanup
[2019-12-09T07:47:06.493+0000][1][safepoint    ] Leaving safepoint region
[2019-12-09T07:47:06.493+0000][1][safepoint    ] Total time for which application threads were stopped: 0.0000800 seconds, Stopping threads took: 0.0000175 seconds
[2019-12-09T07:47:07.493+0000][1][safepoint    ] Application time: 1.0000822 seconds
[2019-12-09T07:47:07.493+0000][1][safepoint    ] Entering safepoint region: Cleanup
[2019-12-09T07:47:07.494+0000][1][safepoint    ] Leaving safepoint region
[2019-12-09T07:47:07.494+0000][1][safepoint    ] Total time for which application threads were stopped: 0.0000829 seconds, Stopping threads took: 0.0000205 seconds
[2019-12-09T07:47:08.494+0000][1][safepoint    ] Application time: 1.0000781 seconds
[2019-12-09T07:47:08.494+0000][1][safepoint    ] Entering safepoint region: Cleanup
[2019-12-09T07:47:08.494+0000][1][safepoint    ] Leaving safepoint region
[2019-12-09T07:47:08.494+0000][1][safepoint    ] Total time for which application threads were stopped: 0.0000817 seconds, Stopping threads took: 0.0000184 seconds
[2019-12-09T07:47:17.649+0000][1][safepoint    ] Application time: 9.1547493 seconds
[2019-12-09T07:47:17.649+0000][1][safepoint    ] Entering safepoint region: GenCollectForAllocation
[2019-12-09T07:47:17.649+0000][1][gc,start     ] GC(89) Pause Young (Allocation Failure)
[2019-12-09T07:47:17.649+0000][1][gc,task      ] GC(89) Using 2 workers of 2 for evacuation
[2019-12-09T07:47:17.651+0000][1][gc,age       ] GC(89) Desired survivor size 4456448 bytes, new threshold 6 (max threshold 6)
[2019-12-09T07:47:17.651+0000][1][gc,age       ] GC(89) Age table with threshold 6 (max threshold 6)
[2019-12-09T07:47:17.651+0000][1][gc,age       ] GC(89) - age   1:     826424 bytes,     826424 total
[2019-12-09T07:47:17.651+0000][1][gc,age       ] GC(89) - age   2:        816 bytes,     827240 total
[2019-12-09T07:47:17.651+0000][1][gc,age       ] GC(89) - age   3:       1312 bytes,     828552 total
[2019-12-09T07:47:17.651+0000][1][gc,age       ] GC(89) - age   4:        144 bytes,     828696 total
[2019-12-09T07:47:17.651+0000][1][gc,age       ] GC(89) - age   5:        440 bytes,     829136 total
[2019-12-09T07:47:17.651+0000][1][gc,age       ] GC(89) - age   6:        136 bytes,     829272 total
[2019-12-09T07:47:17.651+0000][1][gc,heap      ] GC(89) ParNew: 71313K->911K(78656K)
[2019-12-09T07:47:17.651+0000][1][gc,heap      ] GC(89) CMS: 70952K->70952K(174784K)
[2019-12-09T07:47:17.651+0000][1][gc,metaspace ] GC(89) Metaspace: 76366K->76366K(1120256K)
[2019-12-09T07:47:17.651+0000][1][gc           ] GC(89) Pause Young (Allocation Failure) 138M->70M(247M) 1.956ms
[2019-12-09T07:47:17.651+0000][1][gc,cpu       ] GC(89) User=0.00s Sys=0.00s Real=0.00s
[2019-12-09T07:47:17.651+0000][1][safepoint    ] Leaving safepoint region
[2019-12-09T07:47:17.651+0000][1][safepoint    ] Total time for which application threads were stopped: 0.0021056 seconds, Stopping threads took: 0.0000184 seconds
[2019-12-09T07:47:20.651+0000][1][safepoint    ] Application time: 3.0002340 seconds
[2019-12-09T07:47:20.651+0000][1][safepoint    ] Entering safepoint region: Cleanup
[2019-12-09T07:47:20.651+0000][1][safepoint    ] Leaving safepoint region
[2019-12-09T07:47:20.651+0000][1][safepoint    ] Total time for which application threads were stopped: 0.0000918 seconds, Stopping threads took: 0.0000256 seconds
[2019-12-09T07:47:54.653+0000][1][safepoint    ] Application time: 34.0023227 seconds
[2019-12-09T07:47:54.653+0000][1][safepoint    ] Entering safepoint region: Cleanup
[2019-12-09T07:47:54.654+0000][1][safepoint    ] Leaving safepoint region
[2019-12-09T07:47:54.654+0000][1][safepoint    ] Total time for which application threads were stopped: 0.0001007 seconds, Stopping threads took: 0.0000328 seconds
[2019-12-09T07:47:59.654+0000][1][safepoint    ] Application time: 5.0003391 seconds
[2019-12-09T07:47:59.654+0000][1][safepoint    ] Entering safepoint region: Cleanup
[2019-12-09T07:47:59.654+0000][1][safepoint    ] Leaving safepoint region
[2019-12-09T07:47:59.654+0000][1][safepoint    ] Total time for which application threads were stopped: 0.0000895 seconds, Stopping threads took: 0.0000195 seconds
[2019-12-09T07:48:00.524+0000][1][safepoint    ] Application time: 0.8700320 seconds
[2019-12-09T07:48:00.524+0000][1][safepoint    ] Entering safepoint region: GenCollectForAllocation
[2019-12-09T07:48:00.524+0000][1][gc,start     ] GC(90) Pause Young (Allocation Failure)
[2019-12-09T07:48:00.524+0000][1][gc,task      ] GC(90) Using 2 workers of 2 for evacuation
[2019-12-09T07:48:00.526+0000][1][gc,age       ] GC(90) Desired survivor size 4456448 bytes, new threshold 6 (max threshold 6)
[2019-12-09T07:48:00.526+0000][1][gc,age       ] GC(90) Age table with threshold 6 (max threshold 6)
[2019-12-09T07:48:00.526+0000][1][gc,age       ] GC(90) - age   1:     929640 bytes,     929640 total
[2019-12-09T07:48:00.526+0000][1][gc,age       ] GC(90) - age   3:        816 bytes,     930456 total
[2019-12-09T07:48:00.526+0000][1][gc,age       ] GC(90) - age   4:       1312 bytes,     931768 total
[2019-12-09T07:48:00.526+0000][1][gc,age       ] GC(90) - age   5:        144 bytes,     931912 total
[2019-12-09T07:48:00.526+0000][1][gc,age       ] GC(90) - age   6:        440 bytes,     932352 total
[2019-12-09T07:48:00.526+0000][1][gc,heap      ] GC(90) ParNew: 70863K->1188K(78656K)
[2019-12-09T07:48:00.526+0000][1][gc,heap      ] GC(90) CMS: 70952K->70952K(174784K)
[2019-12-09T07:48:00.526+0000][1][gc,metaspace ] GC(90) Metaspace: 76383K->76383K(1120256K)
[2019-12-09T07:48:00.526+0000][1][gc           ] GC(90) Pause Young (Allocation Failure) 138M->70M(247M) 2.078ms
[2019-12-09T07:48:00.526+0000][1][gc,cpu       ] GC(90) User=0.00s Sys=0.00s Real=0.01s
[2019-12-09T07:48:00.526+0000][1][safepoint    ] Leaving safepoint region
[2019-12-09T07:48:00.526+0000][1][safepoint    ] Total time for which application threads were stopped: 0.0022969 seconds, Stopping threads took: 0.0000493 seconds
[2019-12-09T07:48:20.528+0000][1][safepoint    ] Application time: 20.0013579 seconds
[2019-12-09T07:48:20.528+0000][1][safepoint    ] Entering safepoint region: Cleanup
[2019-12-09T07:48:20.528+0000][1][safepoint    ] Leaving safepoint region
[2019-12-09T07:48:20.528+0000][1][safepoint    ] Total time for which application threads were stopped: 0.0000888 seconds, Stopping threads took: 0.0000186 seconds
[2019-12-09T07:48:43.134+0000][1][safepoint    ] Application time: 22.6064858 seconds
[2019-12-09T07:48:43.134+0000][1][safepoint    ] Entering safepoint region: GenCollectForAllocation
[2019-12-09T07:48:43.135+0000][1][gc,start     ] GC(91) Pause Young (Allocation Failure)
[2019-12-09T07:48:43.135+0000][1][gc,task      ] GC(91) Using 2 workers of 2 for evacuation
[2019-12-09T07:48:43.136+0000][1][gc,age       ] GC(91) Desired survivor size 4456448 bytes, new threshold 6 (max threshold 6)
[2019-12-09T07:48:43.137+0000][1][gc,age       ] GC(91) Age table with threshold 6 (max threshold 6)
[2019-12-09T07:48:43.137+0000][1][gc,age       ] GC(91) - age   1:     989984 bytes,     989984 total
[2019-12-09T07:48:43.137+0000][1][gc,age       ] GC(91) - age   2:        488 bytes,     990472 total
[2019-12-09T07:48:43.137+0000][1][gc,age       ] GC(91) - age   4:        816 bytes,     991288 total
[2019-12-09T07:48:43.137+0000][1][gc,age       ] GC(91) - age   5:       1312 bytes,     992600 total
[2019-12-09T07:48:43.137+0000][1][gc,age       ] GC(91) - age   6:        144 bytes,     992744 total
[2019-12-09T07:48:43.137+0000][1][gc,heap      ] GC(91) ParNew: 71140K->1431K(78656K)
[2019-12-09T07:48:43.137+0000][1][gc,heap      ] GC(91) CMS: 70952K->70953K(174784K)
[2019-12-09T07:48:43.137+0000][1][gc,metaspace ] GC(91) Metaspace: 76392K->76392K(1120256K)
[2019-12-09T07:48:43.137+0000][1][gc           ] GC(91) Pause Young (Allocation Failure) 138M->70M(247M) 2.070ms
[2019-12-09T07:48:43.137+0000][1][gc,cpu       ] GC(91) User=0.01s Sys=0.00s Real=0.01s
[2019-12-09T07:48:43.137+0000][1][safepoint    ] Leaving safepoint region
[2019-12-09T07:48:43.137+0000][1][safepoint    ] Total time for which application threads were stopped: 0.0022367 seconds, Stopping threads took: 0.0000241 seconds
[2019-12-09T07:48:46.137+0000][1][safepoint    ] Application time: 3.0002222 seconds
[2019-12-09T07:48:46.137+0000][1][safepoint    ] Entering safepoint region: Cleanup
[2019-12-09T07:48:46.137+0000][1][safepoint    ] Leaving safepoint region
[2019-12-09T07:48:46.137+0000][1][safepoint    ] Total time for which application threads were stopped: 0.0000840 seconds, Stopping threads took: 0.0000182 seconds
[2019-12-09T07:48:47.137+0000][1][safepoint    ] Application time: 1.0000752 seconds
[2019-12-09T07:48:47.137+0000][1][safepoint    ] Entering safepoint region: Cleanup
[2019-12-09T07:48:47.137+0000][1][safepoint    ] Leaving safepoint region
[2019-12-09T07:48:47.137+0000][1][safepoint    ] Total time for which application threads were stopped: 0.0000860 seconds, Stopping threads took: 0.0000203 seconds
[2019-12-09T07:48:48.137+0000][1][safepoint    ] Application time: 1.0000754 seconds
[2019-12-09T07:48:48.137+0000][1][safepoint    ] Entering safepoint region: Cleanup
[2019-12-09T07:48:48.137+0000][1][safepoint    ] Leaving safepoint region
[2019-12-09T07:48:48.137+0000][1][safepoint    ] Total time for which application threads were stopped: 0.0000843 seconds, Stopping threads took: 0.0000185 seconds
[2019-12-09T07:48:49.137+0000][1][safepoint    ] Application time: 1.0000755 seconds
[2019-12-09T07:48:49.138+0000][1][safepoint    ] Entering safepoint region: Cleanup
[2019-12-09T07:48:49.138+0000][1][safepoint    ] Leaving safepoint region
[2019-12-09T07:48:49.138+0000][1][safepoint    ] Total time for which application threads were stopped: 0.0000815 seconds, Stopping threads took: 0.0000186 seconds
[2019-12-09T07:48:50.138+0000][1][safepoint    ] Application time: 1.0000759 seconds
[2019-12-09T07:48:50.138+0000][1][safepoint    ] Entering safepoint region: Cleanup
[2019-12-09T07:48:50.138+0000][1][safepoint    ] Leaving safepoint region
[2019-12-09T07:48:50.138+0000][1][safepoint    ] Total time for which application threads were stopped: 0.0000946 seconds, Stopping threads took: 0.0000210 seconds
[2019-12-09T07:48:51.138+0000][1][safepoint    ] Application time: 1.0000759 seconds
[2019-12-09T07:48:51.138+0000][1][safepoint    ] Entering safepoint region: Cleanup
[2019-12-09T07:48:51.138+0000][1][safepoint    ] Leaving safepoint region
[2019-12-09T07:48:51.138+0000][1][safepoint    ] Total time for which application threads were stopped: 0.0000851 seconds, Stopping threads took: 0.0000203 seconds
[2019-12-09T07:48:52.138+0000][1][safepoint    ] Application time: 1.0000787 seconds
[2019-12-09T07:48:52.138+0000][1][safepoint    ] Entering safepoint region: Cleanup
[2019-12-09T07:48:52.138+0000][1][safepoint    ] Leaving safepoint region
[2019-12-09T07:48:52.138+0000][1][safepoint    ] Total time for which application threads were stopped: 0.0000794 seconds, Stopping threads took: 0.0000164 seconds
[2019-12-09T07:48:53.138+0000][1][safepoint    ] Application time: 1.0000757 seconds
[2019-12-09T07:48:53.138+0000][1][safepoint    ] Entering safepoint region: Cleanup
[2019-12-09T07:48:53.138+0000][1][safepoint    ] Leaving safepoint region
[2019-12-09T07:48:53.138+0000][1][safepoint    ] Total time for which application threads were stopped: 0.0000820 seconds, Stopping threads took: 0.0000181 seconds
[2019-12-09T07:48:54.139+0000][1][safepoint    ] Application time: 1.0000760 seconds
[2019-12-09T07:48:54.139+0000][1][safepoint    ] Entering safepoint region: Cleanup
[2019-12-09T07:48:54.139+0000][1][safepoint    ] Leaving safepoint region
[2019-12-09T07:48:54.139+0000][1][safepoint    ] Total time for which application threads were stopped: 0.0000809 seconds, Stopping threads took: 0.0000189 seconds
[2019-12-09T07:48:55.139+0000][1][safepoint    ] Application time: 1.0000752 seconds
[2019-12-09T07:48:55.139+0000][1][safepoint    ] Entering safepoint region: Cleanup
[2019-12-09T07:48:55.139+0000][1][safepoint    ] Leaving safepoint region
[2019-12-09T07:48:55.139+0000][1][safepoint    ] Total time for which application threads were stopped: 0.0000841 seconds, Stopping threads took: 0.0000199 seconds
[2019-12-09T07:48:56.139+0000][1][safepoint    ] Application time: 1.0000775 seconds
[2019-12-09T07:48:56.139+0000][1][safepoint    ] Entering safepoint region: Cleanup
[2019-12-09T07:48:56.139+0000][1][safepoint    ] Leaving safepoint region
[2019-12-09T07:48:56.139+0000][1][safepoint    ] Total time for which application threads were stopped: 0.0000849 seconds, Stopping threads took: 0.0000210 seconds
[2019-12-09T07:48:57.139+0000][1][safepoint    ] Application time: 1.0000738 seconds
[2019-12-09T07:48:57.139+0000][1][safepoint    ] Entering safepoint region: Cleanup
[2019-12-09T07:48:57.139+0000][1][safepoint    ] Leaving safepoint region
[2019-12-09T07:48:57.139+0000][1][safepoint    ] Total time for which application threads were stopped: 0.0001004 seconds, Stopping threads took: 0.0000195 seconds
[2019-12-09T07:48:58.139+0000][1][safepoint    ] Application time: 1.0000740 seconds
[2019-12-09T07:48:58.139+0000][1][safepoint    ] Entering safepoint region: Cleanup
[2019-12-09T07:48:58.139+0000][1][safepoint    ] Leaving safepoint region
[2019-12-09T07:48:58.139+0000][1][safepoint    ] Total time for which application threads were stopped: 0.0000853 seconds, Stopping threads took: 0.0000195 seconds
[2019-12-09T07:48:59.140+0000][1][safepoint    ] Application time: 1.0000751 seconds
[2019-12-09T07:48:59.140+0000][1][safepoint    ] Entering safepoint region: Cleanup
[2019-12-09T07:48:59.140+0000][1][safepoint    ] Leaving safepoint region
[2019-12-09T07:48:59.140+0000][1][safepoint    ] Total time for which application threads were stopped: 0.0000965 seconds, Stopping threads took: 0.0000195 seconds
[2019-12-09T07:49:00.140+0000][1][safepoint    ] Application time: 1.0000762 seconds
[2019-12-09T07:49:00.140+0000][1][safepoint    ] Entering safepoint region: Cleanup
[2019-12-09T07:49:00.140+0000][1][safepoint    ] Leaving safepoint region
[2019-12-09T07:49:00.140+0000][1][safepoint    ] Total time for which application threads were stopped: 0.0000859 seconds, Stopping threads took: 0.0000201 seconds
[2019-12-09T07:49:01.140+0000][1][safepoint    ] Application time: 1.0000781 seconds
[2019-12-09T07:49:01.140+0000][1][safepoint    ] Entering safepoint region: Cleanup
[2019-12-09T07:49:01.140+0000][1][safepoint    ] Leaving safepoint region
[2019-12-09T07:49:01.140+0000][1][safepoint    ] Total time for which application threads were stopped: 0.0000832 seconds, Stopping threads took: 0.0000187 seconds
[2019-12-09T07:49:02.140+0000][1][safepoint    ] Application time: 1.0000774 seconds
[2019-12-09T07:49:02.140+0000][1][safepoint    ] Entering safepoint region: Cleanup
[2019-12-09T07:49:02.140+0000][1][safepoint    ] Leaving safepoint region
[2019-12-09T07:49:02.140+0000][1][safepoint    ] Total time for which application threads were stopped: 0.0000851 seconds, Stopping threads took: 0.0000202 seconds
[2019-12-09T07:49:03.140+0000][1][safepoint    ] Application time: 1.0000755 seconds
[2019-12-09T07:49:03.140+0000][1][safepoint    ] Entering safepoint region: Cleanup
[2019-12-09T07:49:03.141+0000][1][safepoint    ] Leaving safepoint region
[2019-12-09T07:49:03.141+0000][1][safepoint    ] Total time for which application threads were stopped: 0.0000846 seconds, Stopping threads took: 0.0000185 seconds
[2019-12-09T07:49:04.141+0000][1][safepoint    ] Application time: 1.0000751 seconds
[2019-12-09T07:49:04.141+0000][1][safepoint    ] Entering safepoint region: Cleanup
[2019-12-09T07:49:04.141+0000][1][safepoint    ] Leaving safepoint region
[2019-12-09T07:49:04.141+0000][1][safepoint    ] Total time for which application threads were stopped: 0.0000924 seconds, Stopping threads took: 0.0000178 seconds
[2019-12-09T07:49:05.141+0000][1][safepoint    ] Application time: 1.0000769 seconds
[2019-12-09T07:49:05.141+0000][1][safepoint    ] Entering safepoint region: Cleanup
[2019-12-09T07:49:05.141+0000][1][safepoint    ] Leaving safepoint region
[2019-12-09T07:49:05.141+0000][1][safepoint    ] Total time for which application threads were stopped: 0.0000967 seconds, Stopping threads took: 0.0000301 seconds
[2019-12-09T07:49:06.141+0000][1][safepoint    ] Application time: 1.0000745 seconds
[2019-12-09T07:49:06.141+0000][1][safepoint    ] Entering safepoint region: Cleanup
[2019-12-09T07:49:06.141+0000][1][safepoint    ] Leaving safepoint region
[2019-12-09T07:49:06.141+0000][1][safepoint    ] Total time for which application threads were stopped: 0.0000831 seconds, Stopping threads took: 0.0000200 seconds
[2019-12-09T07:49:07.141+0000][1][safepoint    ] Application time: 1.0000754 seconds
[2019-12-09T07:49:07.141+0000][1][safepoint    ] Entering safepoint region: Cleanup
[2019-12-09T07:49:07.141+0000][1][safepoint    ] Leaving safepoint region
[2019-12-09T07:49:07.141+0000][1][safepoint    ] Total time for which application threads were stopped: 0.0000837 seconds, Stopping threads took: 0.0000179 seconds
[2019-12-09T07:49:08.141+0000][1][safepoint    ] Application time: 1.0000782 seconds
[2019-12-09T07:49:08.142+0000][1][safepoint    ] Entering safepoint region: Cleanup
[2019-12-09T07:49:08.142+0000][1][safepoint    ] Leaving safepoint region
[2019-12-09T07:49:08.142+0000][1][safepoint    ] Total time for which application threads were stopped: 0.0000820 seconds, Stopping threads took: 0.0000192 seconds
[2019-12-09T07:49:09.142+0000][1][safepoint    ] Application time: 1.0000795 seconds
[2019-12-09T07:49:09.142+0000][1][safepoint    ] Entering safepoint region: Cleanup
[2019-12-09T07:49:09.142+0000][1][safepoint    ] Leaving safepoint region
[2019-12-09T07:49:09.142+0000][1][safepoint    ] Total time for which application threads were stopped: 0.0000834 seconds, Stopping threads took: 0.0000195 seconds
[2019-12-09T07:49:10.142+0000][1][safepoint    ] Application time: 1.0000787 seconds
[2019-12-09T07:49:10.142+0000][1][safepoint    ] Entering safepoint region: Cleanup
[2019-12-09T07:49:10.142+0000][1][safepoint    ] Leaving safepoint region
[2019-12-09T07:49:10.142+0000][1][safepoint    ] Total time for which application threads were stopped: 0.0000872 seconds, Stopping threads took: 0.0000211 seconds
[2019-12-09T07:49:11.312+0000][1][safepoint    ] Application time: 1.1702952 seconds
[2019-12-09T07:49:11.312+0000][1][safepoint    ] Entering safepoint region: Cleanup
[2019-12-09T07:49:11.312+0000][1][safepoint    ] Leaving safepoint region
[2019-12-09T07:49:11.312+0000][1][safepoint    ] Total time for which application threads were stopped: 0.0000878 seconds, Stopping threads took: 0.0000183 seconds
[2019-12-09T07:49:12.313+0000][1][safepoint    ] Application time: 1.0000768 seconds
[2019-12-09T07:49:12.313+0000][1][safepoint    ] Entering safepoint region: Cleanup
[2019-12-09T07:49:12.313+0000][1][safepoint    ] Leaving safepoint region
[2019-12-09T07:49:12.313+0000][1][safepoint    ] Total time for which application threads were stopped: 0.0000804 seconds, Stopping threads took: 0.0000181 seconds
[2019-12-09T07:49:13.313+0000][1][safepoint    ] Application time: 1.0000748 seconds
[2019-12-09T07:49:13.313+0000][1][safepoint    ] Entering safepoint region: Cleanup
[2019-12-09T07:49:13.313+0000][1][safepoint    ] Leaving safepoint region
[2019-12-09T07:49:13.313+0000][1][safepoint    ] Total time for which application threads were stopped: 0.0000809 seconds, Stopping threads took: 0.0000188 seconds
[2019-12-09T07:49:14.313+0000][1][safepoint    ] Application time: 1.0000746 seconds
[2019-12-09T07:49:14.313+0000][1][safepoint    ] Entering safepoint region: Cleanup
[2019-12-09T07:49:14.313+0000][1][safepoint    ] Leaving safepoint region
[2019-12-09T07:49:14.313+0000][1][safepoint    ] Total time for which application threads were stopped: 0.0000989 seconds, Stopping threads took: 0.0000174 seconds
[2019-12-09T07:49:15.313+0000][1][safepoint    ] Application time: 1.0000751 seconds
[2019-12-09T07:49:15.313+0000][1][safepoint    ] Entering safepoint region: Cleanup
[2019-12-09T07:49:15.313+0000][1][safepoint    ] Leaving safepoint region
[2019-12-09T07:49:15.313+0000][1][safepoint    ] Total time for which application threads were stopped: 0.0000804 seconds, Stopping threads took: 0.0000199 seconds
[2019-12-09T07:49:16.313+0000][1][safepoint    ] Application time: 1.0000771 seconds
[2019-12-09T07:49:16.313+0000][1][safepoint    ] Entering safepoint region: Cleanup
[2019-12-09T07:49:16.313+0000][1][safepoint    ] Leaving safepoint region
[2019-12-09T07:49:16.313+0000][1][safepoint    ] Total time for which application threads were stopped: 0.0000811 seconds, Stopping threads took: 0.0000187 seconds
[2019-12-09T07:49:17.314+0000][1][safepoint    ] Application time: 1.0000761 seconds
[2019-12-09T07:49:17.314+0000][1][safepoint    ] Entering safepoint region: Cleanup
[2019-12-09T07:49:17.314+0000][1][safepoint    ] Leaving safepoint region
[2019-12-09T07:49:17.314+0000][1][safepoint    ] Total time for which application threads were stopped: 0.0000820 seconds, Stopping threads took: 0.0000201 seconds
[2019-12-09T07:49:18.314+0000][1][safepoint    ] Application time: 1.0000752 seconds
[2019-12-09T07:49:18.314+0000][1][safepoint    ] Entering safepoint region: Cleanup
[2019-12-09T07:49:18.314+0000][1][safepoint    ] Leaving safepoint region
[2019-12-09T07:49:18.314+0000][1][safepoint    ] Total time for which application threads were stopped: 0.0000800 seconds, Stopping threads took: 0.0000194 seconds
[2019-12-09T07:49:19.314+0000][1][safepoint    ] Application time: 1.0000760 seconds
[2019-12-09T07:49:19.314+0000][1][safepoint    ] Entering safepoint region: Cleanup
[2019-12-09T07:49:19.314+0000][1][safepoint    ] Leaving safepoint region
[2019-12-09T07:49:19.314+0000][1][safepoint    ] Total time for which application threads were stopped: 0.0000809 seconds, Stopping threads took: 0.0000179 seconds
[2019-12-09T07:49:20.314+0000][1][safepoint    ] Application time: 1.0001889 seconds
[2019-12-09T07:49:20.314+0000][1][safepoint    ] Entering safepoint region: Cleanup
[2019-12-09T07:49:20.314+0000][1][safepoint    ] Leaving safepoint region
[2019-12-09T07:49:20.314+0000][1][safepoint    ] Total time for which application threads were stopped: 0.0001208 seconds, Stopping threads took: 0.0000265 seconds
[2019-12-09T07:49:21.315+0000][1][safepoint    ] Application time: 1.0000769 seconds
[2019-12-09T07:49:21.315+0000][1][safepoint    ] Entering safepoint region: Cleanup
[2019-12-09T07:49:21.315+0000][1][safepoint    ] Leaving safepoint region
[2019-12-09T07:49:21.315+0000][1][safepoint    ] Total time for which application threads were stopped: 0.0001023 seconds, Stopping threads took: 0.0000346 seconds
[2019-12-09T07:49:22.315+0000][1][safepoint    ] Application time: 1.0000756 seconds
[2019-12-09T07:49:22.315+0000][1][safepoint    ] Entering safepoint region: Cleanup
[2019-12-09T07:49:22.315+0000][1][safepoint    ] Leaving safepoint region
[2019-12-09T07:49:22.315+0000][1][safepoint    ] Total time for which application threads were stopped: 0.0000876 seconds, Stopping threads took: 0.0000167 seconds
[2019-12-09T07:49:23.315+0000][1][safepoint    ] Application time: 1.0000778 seconds
[2019-12-09T07:49:23.315+0000][1][safepoint    ] Entering safepoint region: Cleanup
[2019-12-09T07:49:23.315+0000][1][safepoint    ] Leaving safepoint region
[2019-12-09T07:49:23.315+0000][1][safepoint    ] Total time for which application threads were stopped: 0.0000801 seconds, Stopping threads took: 0.0000175 seconds
[2019-12-09T07:49:24.315+0000][1][safepoint    ] Application time: 1.0000770 seconds
[2019-12-09T07:49:24.315+0000][1][safepoint    ] Entering safepoint region: Cleanup
[2019-12-09T07:49:24.315+0000][1][safepoint    ] Leaving safepoint region
[2019-12-09T07:49:24.315+0000][1][safepoint    ] Total time for which application threads were stopped: 0.0000826 seconds, Stopping threads took: 0.0000192 seconds
[2019-12-09T07:49:25.315+0000][1][safepoint    ] Application time: 1.0000760 seconds
[2019-12-09T07:49:25.315+0000][1][safepoint    ] Entering safepoint region: Cleanup
[2019-12-09T07:49:25.315+0000][1][safepoint    ] Leaving safepoint region
[2019-12-09T07:49:25.315+0000][1][safepoint    ] Total time for which application threads were stopped: 0.0000852 seconds, Stopping threads took: 0.0000199 seconds
[2019-12-09T07:49:25.751+0000][1][safepoint    ] Application time: 0.4356393 seconds
[2019-12-09T07:49:25.751+0000][1][safepoint    ] Entering safepoint region: GenCollectForAllocation
[2019-12-09T07:49:25.751+0000][1][gc,start     ] GC(92) Pause Young (Allocation Failure)
[2019-12-09T07:49:25.751+0000][1][gc,task      ] GC(92) Using 2 workers of 2 for evacuation
[2019-12-09T07:49:25.755+0000][1][gc,age       ] GC(92) Desired survivor size 4456448 bytes, new threshold 6 (max threshold 6)
[2019-12-09T07:49:25.755+0000][1][gc,age       ] GC(92) Age table with threshold 6 (max threshold 6)
[2019-12-09T07:49:25.755+0000][1][gc,age       ] GC(92) - age   1:     758352 bytes,     758352 total
[2019-12-09T07:49:25.755+0000][1][gc,age       ] GC(92) - age   2:        200 bytes,     758552 total
[2019-12-09T07:49:25.755+0000][1][gc,age       ] GC(92) - age   3:        296 bytes,     758848 total
[2019-12-09T07:49:25.755+0000][1][gc,age       ] GC(92) - age   5:        816 bytes,     759664 total
[2019-12-09T07:49:25.755+0000][1][gc,age       ] GC(92) - age   6:       1312 bytes,     760976 total
[2019-12-09T07:49:25.755+0000][1][gc,heap      ] GC(92) ParNew: 71383K->1022K(78656K)
[2019-12-09T07:49:25.755+0000][1][gc,heap      ] GC(92) CMS: 70953K->70953K(174784K)
[2019-12-09T07:49:25.755+0000][1][gc,metaspace ] GC(92) Metaspace: 76397K->76397K(1120256K)
[2019-12-09T07:49:25.755+0000][1][gc           ] GC(92) Pause Young (Allocation Failure) 139M->70M(247M) 3.546ms
[2019-12-09T07:49:25.755+0000][1][gc,cpu       ] GC(92) User=0.00s Sys=0.00s Real=0.01s
[2019-12-09T07:49:25.755+0000][1][safepoint    ] Leaving safepoint region
[2019-12-09T07:49:25.755+0000][1][safepoint    ] Total time for which application threads were stopped: 0.0037397 seconds, Stopping threads took: 0.0000288 seconds
[2019-12-09T07:49:26.755+0000][1][safepoint    ] Application time: 1.0000932 seconds
[2019-12-09T07:49:26.755+0000][1][safepoint    ] Entering safepoint region: Cleanup
[2019-12-09T07:49:26.755+0000][1][safepoint    ] Leaving safepoint region
[2019-12-09T07:49:26.755+0000][1][safepoint    ] Total time for which application threads were stopped: 0.0000853 seconds, Stopping threads took: 0.0000195 seconds
[2019-12-09T07:49:27.755+0000][1][safepoint    ] Application time: 1.0000766 seconds
[2019-12-09T07:49:27.755+0000][1][safepoint    ] Entering safepoint region: Cleanup
[2019-12-09T07:49:27.755+0000][1][safepoint    ] Leaving safepoint region
[2019-12-09T07:49:27.755+0000][1][safepoint    ] Total time for which application threads were stopped: 0.0000837 seconds, Stopping threads took: 0.0000201 seconds
[2019-12-09T07:49:28.755+0000][1][safepoint    ] Application time: 1.0000757 seconds
[2019-12-09T07:49:28.755+0000][1][safepoint    ] Entering safepoint region: Cleanup
[2019-12-09T07:49:28.756+0000][1][safepoint    ] Leaving safepoint region
[2019-12-09T07:49:28.756+0000][1][safepoint    ] Total time for which application threads were stopped: 0.0000822 seconds, Stopping threads took: 0.0000178 seconds
[2019-12-09T07:49:29.756+0000][1][safepoint    ] Application time: 1.0000760 seconds
[2019-12-09T07:49:29.756+0000][1][safepoint    ] Entering safepoint region: Cleanup
[2019-12-09T07:49:29.756+0000][1][safepoint    ] Leaving safepoint region
[2019-12-09T07:49:29.756+0000][1][safepoint    ] Total time for which application threads were stopped: 0.0000900 seconds, Stopping threads took: 0.0000280 seconds
[2019-12-09T07:49:30.756+0000][1][safepoint    ] Application time: 1.0000751 seconds
[2019-12-09T07:49:30.756+0000][1][safepoint    ] Entering safepoint region: Cleanup
[2019-12-09T07:49:30.756+0000][1][safepoint    ] Leaving safepoint region
[2019-12-09T07:49:30.756+0000][1][safepoint    ] Total time for which application threads were stopped: 0.0000817 seconds, Stopping threads took: 0.0000176 seconds
[2019-12-09T07:49:31.756+0000][1][safepoint    ] Application time: 1.0000766 seconds
[2019-12-09T07:49:31.756+0000][1][safepoint    ] Entering safepoint region: Cleanup
[2019-12-09T07:49:31.756+0000][1][safepoint    ] Leaving safepoint region
[2019-12-09T07:49:31.756+0000][1][safepoint    ] Total time for which application threads were stopped: 0.0000811 seconds, Stopping threads took: 0.0000187 seconds
[2019-12-09T07:49:32.756+0000][1][safepoint    ] Application time: 1.0000746 seconds
[2019-12-09T07:49:32.756+0000][1][safepoint    ] Entering safepoint region: Cleanup
[2019-12-09T07:49:32.756+0000][1][safepoint    ] Leaving safepoint region
[2019-12-09T07:49:32.756+0000][1][safepoint    ] Total time for which application threads were stopped: 0.0000824 seconds, Stopping threads took: 0.0000184 seconds
[2019-12-09T07:49:33.756+0000][1][safepoint    ] Application time: 1.0000748 seconds
[2019-12-09T07:49:33.756+0000][1][safepoint    ] Entering safepoint region: Cleanup
[2019-12-09T07:49:33.757+0000][1][safepoint    ] Leaving safepoint region
[2019-12-09T07:49:33.757+0000][1][safepoint    ] Total time for which application threads were stopped: 0.0000840 seconds, Stopping threads took: 0.0000201 seconds
[2019-12-09T07:49:34.757+0000][1][safepoint    ] Application time: 1.0000753 seconds
[2019-12-09T07:49:34.757+0000][1][safepoint    ] Entering safepoint region: Cleanup
[2019-12-09T07:49:34.757+0000][1][safepoint    ] Leaving safepoint region
[2019-12-09T07:49:34.757+0000][1][safepoint    ] Total time for which application threads were stopped: 0.0000873 seconds, Stopping threads took: 0.0000246 seconds
[2019-12-09T07:49:35.757+0000][1][safepoint    ] Application time: 1.0000759 seconds
[2019-12-09T07:49:35.757+0000][1][safepoint    ] Entering safepoint region: Cleanup
[2019-12-09T07:49:35.757+0000][1][safepoint    ] Leaving safepoint region
[2019-12-09T07:49:35.757+0000][1][safepoint    ] Total time for which application threads were stopped: 0.0000805 seconds, Stopping threads took: 0.0000185 seconds
[2019-12-09T07:49:36.757+0000][1][safepoint    ] Application time: 1.0000767 seconds
[2019-12-09T07:49:36.757+0000][1][safepoint    ] Entering safepoint region: Cleanup
[2019-12-09T07:49:36.757+0000][1][safepoint    ] Leaving safepoint region
[2019-12-09T07:49:36.757+0000][1][safepoint    ] Total time for which application threads were stopped: 0.0000857 seconds, Stopping threads took: 0.0000183 seconds
[2019-12-09T07:49:37.757+0000][1][safepoint    ] Application time: 1.0000754 seconds
[2019-12-09T07:49:37.757+0000][1][safepoint    ] Entering safepoint region: Cleanup
[2019-12-09T07:49:37.757+0000][1][safepoint    ] Leaving safepoint region
[2019-12-09T07:49:37.757+0000][1][safepoint    ] Total time for which application threads were stopped: 0.0000846 seconds, Stopping threads took: 0.0000195 seconds
[2019-12-09T07:49:38.757+0000][1][safepoint    ] Application time: 1.0000759 seconds
[2019-12-09T07:49:38.758+0000][1][safepoint    ] Entering safepoint region: Cleanup
[2019-12-09T07:49:38.758+0000][1][safepoint    ] Leaving safepoint region
[2019-12-09T07:49:38.758+0000][1][safepoint    ] Total time for which application threads were stopped: 0.0000826 seconds, Stopping threads took: 0.0000193 seconds
[2019-12-09T07:49:39.758+0000][1][safepoint    ] Application time: 1.0000759 seconds
[2019-12-09T07:49:39.758+0000][1][safepoint    ] Entering safepoint region: Cleanup
[2019-12-09T07:49:39.758+0000][1][safepoint    ] Leaving safepoint region
[2019-12-09T07:49:39.758+0000][1][safepoint    ] Total time for which application threads were stopped: 0.0000830 seconds, Stopping threads took: 0.0000196 seconds
[2019-12-09T07:49:40.758+0000][1][safepoint    ] Application time: 1.0000747 seconds
[2019-12-09T07:49:40.758+0000][1][safepoint    ] Entering safepoint region: Cleanup
[2019-12-09T07:49:40.758+0000][1][safepoint    ] Leaving safepoint region
[2019-12-09T07:49:40.758+0000][1][safepoint    ] Total time for which application threads were stopped: 0.0000818 seconds, Stopping threads took: 0.0000187 seconds
[2019-12-09T07:49:41.758+0000][1][safepoint    ] Application time: 1.0000762 seconds
[2019-12-09T07:49:41.758+0000][1][safepoint    ] Entering safepoint region: Cleanup
[2019-12-09T07:49:41.758+0000][1][safepoint    ] Leaving safepoint region
[2019-12-09T07:49:41.758+0000][1][safepoint    ] Total time for which application threads were stopped: 0.0000831 seconds, Stopping threads took: 0.0000176 seconds
[2019-12-09T07:49:42.758+0000][1][safepoint    ] Application time: 1.0000742 seconds
[2019-12-09T07:49:42.758+0000][1][safepoint    ] Entering safepoint region: Cleanup
[2019-12-09T07:49:42.758+0000][1][safepoint    ] Leaving safepoint region
[2019-12-09T07:49:42.758+0000][1][safepoint    ] Total time for which application threads were stopped: 0.0000845 seconds, Stopping threads took: 0.0000193 seconds
[2019-12-09T07:49:43.758+0000][1][safepoint    ] Application time: 1.0000740 seconds
[2019-12-09T07:49:43.759+0000][1][safepoint    ] Entering safepoint region: Cleanup
[2019-12-09T07:49:43.759+0000][1][safepoint    ] Leaving safepoint region
[2019-12-09T07:49:43.759+0000][1][safepoint    ] Total time for which application threads were stopped: 0.0000810 seconds, Stopping threads took: 0.0000176 seconds
[2019-12-09T07:49:44.759+0000][1][safepoint    ] Application time: 1.0000828 seconds
[2019-12-09T07:49:44.759+0000][1][safepoint    ] Entering safepoint region: Cleanup
[2019-12-09T07:49:44.759+0000][1][safepoint    ] Leaving safepoint region
[2019-12-09T07:49:44.759+0000][1][safepoint    ] Total time for which application threads were stopped: 0.0000811 seconds, Stopping threads took: 0.0000181 seconds
[2019-12-09T07:49:45.759+0000][1][safepoint    ] Application time: 1.0000767 seconds
[2019-12-09T07:49:45.759+0000][1][safepoint    ] Entering safepoint region: Cleanup
[2019-12-09T07:49:45.759+0000][1][safepoint    ] Leaving safepoint region
[2019-12-09T07:49:45.759+0000][1][safepoint    ] Total time for which application threads were stopped: 0.0000883 seconds, Stopping threads took: 0.0000184 seconds
[2019-12-09T07:49:46.759+0000][1][safepoint    ] Application time: 1.0000810 seconds
[2019-12-09T07:49:46.759+0000][1][safepoint    ] Entering safepoint region: Cleanup
[2019-12-09T07:49:46.759+0000][1][safepoint    ] Leaving safepoint region
[2019-12-09T07:49:46.759+0000][1][safepoint    ] Total time for which application threads were stopped: 0.0000937 seconds, Stopping threads took: 0.0000212 seconds
[2019-12-09T07:49:47.759+0000][1][safepoint    ] Application time: 1.0000775 seconds
[2019-12-09T07:49:47.759+0000][1][safepoint    ] Entering safepoint region: Cleanup
[2019-12-09T07:49:47.759+0000][1][safepoint    ] Leaving safepoint region
[2019-12-09T07:49:47.759+0000][1][safepoint    ] Total time for which application threads were stopped: 0.0000833 seconds, Stopping threads took: 0.0000204 seconds
[2019-12-09T07:49:48.760+0000][1][safepoint    ] Application time: 1.0000757 seconds
[2019-12-09T07:49:48.760+0000][1][safepoint    ] Entering safepoint region: Cleanup
[2019-12-09T07:49:48.760+0000][1][safepoint    ] Leaving safepoint region
[2019-12-09T07:49:48.760+0000][1][safepoint    ] Total time for which application threads were stopped: 0.0000857 seconds, Stopping threads took: 0.0000198 seconds
[2019-12-09T07:49:49.760+0000][1][safepoint    ] Application time: 1.0000770 seconds
[2019-12-09T07:49:49.760+0000][1][safepoint    ] Entering safepoint region: Cleanup
[2019-12-09T07:49:49.760+0000][1][safepoint    ] Leaving safepoint region
[2019-12-09T07:49:49.760+0000][1][safepoint    ] Total time for which application threads were stopped: 0.0000829 seconds, Stopping threads took: 0.0000193 seconds
[2019-12-09T07:49:50.760+0000][1][safepoint    ] Application time: 1.0000772 seconds
[2019-12-09T07:49:50.760+0000][1][safepoint    ] Entering safepoint region: Cleanup
[2019-12-09T07:49:50.760+0000][1][safepoint    ] Leaving safepoint region
[2019-12-09T07:49:50.760+0000][1][safepoint    ] Total time for which application threads were stopped: 0.0000886 seconds, Stopping threads took: 0.0000183 seconds
[2019-12-09T07:49:51.760+0000][1][safepoint    ] Application time: 1.0000765 seconds
[2019-12-09T07:49:51.760+0000][1][safepoint    ] Entering safepoint region: Cleanup
[2019-12-09T07:49:51.760+0000][1][safepoint    ] Leaving safepoint region
[2019-12-09T07:49:51.760+0000][1][safepoint    ] Total time for which application threads were stopped: 0.0000839 seconds, Stopping threads took: 0.0000197 seconds
[2019-12-09T07:49:52.760+0000][1][safepoint    ] Application time: 1.0000750 seconds
[2019-12-09T07:49:52.760+0000][1][safepoint    ] Entering safepoint region: Cleanup
[2019-12-09T07:49:52.760+0000][1][safepoint    ] Leaving safepoint region
[2019-12-09T07:49:52.760+0000][1][safepoint    ] Total time for which application threads were stopped: 0.0000827 seconds, Stopping threads took: 0.0000188 seconds
[2019-12-09T07:49:53.761+0000][1][safepoint    ] Application time: 1.0000759 seconds
[2019-12-09T07:49:53.761+0000][1][safepoint    ] Entering safepoint region: Cleanup
[2019-12-09T07:49:53.761+0000][1][safepoint    ] Leaving safepoint region
[2019-12-09T07:49:53.761+0000][1][safepoint    ] Total time for which application threads were stopped: 0.0000913 seconds, Stopping threads took: 0.0000174 seconds
[2019-12-09T07:49:54.761+0000][1][safepoint    ] Application time: 1.0000766 seconds
[2019-12-09T07:49:54.761+0000][1][safepoint    ] Entering safepoint region: Cleanup
[2019-12-09T07:49:54.761+0000][1][safepoint    ] Leaving safepoint region
[2019-12-09T07:49:54.761+0000][1][safepoint    ] Total time for which application threads were stopped: 0.0000807 seconds, Stopping threads took: 0.0000198 seconds
[2019-12-09T07:49:55.761+0000][1][safepoint    ] Application time: 1.0000758 seconds
[2019-12-09T07:49:55.761+0000][1][safepoint    ] Entering safepoint region: Cleanup
[2019-12-09T07:49:55.761+0000][1][safepoint    ] Leaving safepoint region
[2019-12-09T07:49:55.761+0000][1][safepoint    ] Total time for which application threads were stopped: 0.0000858 seconds, Stopping threads took: 0.0000191 seconds
[2019-12-09T07:49:56.761+0000][1][safepoint    ] Application time: 1.0000770 seconds
[2019-12-09T07:49:56.761+0000][1][safepoint    ] Entering safepoint region: Cleanup
[2019-12-09T07:49:56.761+0000][1][safepoint    ] Leaving safepoint region
[2019-12-09T07:49:56.761+0000][1][safepoint    ] Total time for which application threads were stopped: 0.0000838 seconds, Stopping threads took: 0.0000194 seconds
[2019-12-09T07:49:57.761+0000][1][safepoint    ] Application time: 1.0000761 seconds
[2019-12-09T07:49:57.761+0000][1][safepoint    ] Entering safepoint region: Cleanup
[2019-12-09T07:49:57.761+0000][1][safepoint    ] Leaving safepoint region
[2019-12-09T07:49:57.762+0000][1][safepoint    ] Total time for which application threads were stopped: 0.0000838 seconds, Stopping threads took: 0.0000197 seconds
[2019-12-09T07:49:58.762+0000][1][safepoint    ] Application time: 1.0000757 seconds
[2019-12-09T07:49:58.762+0000][1][safepoint    ] Entering safepoint region: Cleanup
[2019-12-09T07:49:58.762+0000][1][safepoint    ] Leaving safepoint region
[2019-12-09T07:49:58.762+0000][1][safepoint    ] Total time for which application threads were stopped: 0.0000933 seconds, Stopping threads took: 0.0000189 seconds
[2019-12-09T07:49:59.762+0000][1][safepoint    ] Application time: 1.0000776 seconds
[2019-12-09T07:49:59.762+0000][1][safepoint    ] Entering safepoint region: Cleanup
[2019-12-09T07:49:59.762+0000][1][safepoint    ] Leaving safepoint region
[2019-12-09T07:49:59.762+0000][1][safepoint    ] Total time for which application threads were stopped: 0.0000820 seconds, Stopping threads took: 0.0000182 seconds
[2019-12-09T07:50:01.341+0000][1][safepoint    ] Application time: 1.5786260 seconds
[2019-12-09T07:50:01.341+0000][1][safepoint    ] Entering safepoint region: Cleanup
[2019-12-09T07:50:01.341+0000][1][safepoint    ] Leaving safepoint region
[2019-12-09T07:50:01.341+0000][1][safepoint    ] Total time for which application threads were stopped: 0.0001029 seconds, Stopping threads took: 0.0000195 seconds
[2019-12-09T07:50:02.341+0000][1][safepoint    ] Application time: 1.0000782 seconds
[2019-12-09T07:50:02.341+0000][1][safepoint    ] Entering safepoint region: Cleanup
[2019-12-09T07:50:02.341+0000][1][safepoint    ] Leaving safepoint region
[2019-12-09T07:50:02.341+0000][1][safepoint    ] Total time for which application threads were stopped: 0.0000820 seconds, Stopping threads took: 0.0000196 seconds
[2019-12-09T07:50:03.341+0000][1][safepoint    ] Application time: 1.0000767 seconds
[2019-12-09T07:50:03.341+0000][1][safepoint    ] Entering safepoint region: Cleanup
[2019-12-09T07:50:03.341+0000][1][safepoint    ] Leaving safepoint region
[2019-12-09T07:50:03.341+0000][1][safepoint    ] Total time for which application threads were stopped: 0.0000826 seconds, Stopping threads took: 0.0000181 seconds
[2019-12-09T07:50:04.341+0000][1][safepoint    ] Application time: 1.0000749 seconds
[2019-12-09T07:50:04.341+0000][1][safepoint    ] Entering safepoint region: Cleanup
[2019-12-09T07:50:04.341+0000][1][safepoint    ] Leaving safepoint region
[2019-12-09T07:50:04.341+0000][1][safepoint    ] Total time for which application threads were stopped: 0.0000791 seconds, Stopping threads took: 0.0000185 seconds
[2019-12-09T07:50:05.341+0000][1][safepoint    ] Application time: 1.0000741 seconds
[2019-12-09T07:50:05.341+0000][1][safepoint    ] Entering safepoint region: Cleanup
[2019-12-09T07:50:05.342+0000][1][safepoint    ] Leaving safepoint region
[2019-12-09T07:50:05.342+0000][1][safepoint    ] Total time for which application threads were stopped: 0.0000898 seconds, Stopping threads took: 0.0000277 seconds
[2019-12-09T07:50:06.342+0000][1][safepoint    ] Application time: 1.0000755 seconds
[2019-12-09T07:50:06.342+0000][1][safepoint    ] Entering safepoint region: Cleanup
[2019-12-09T07:50:06.342+0000][1][safepoint    ] Leaving safepoint region
[2019-12-09T07:50:06.342+0000][1][safepoint    ] Total time for which application threads were stopped: 0.0000965 seconds, Stopping threads took: 0.0000199 seconds
[2019-12-09T07:50:07.342+0000][1][safepoint    ] Application time: 1.0000774 seconds
[2019-12-09T07:50:07.342+0000][1][safepoint    ] Entering safepoint region: Cleanup
[2019-12-09T07:50:07.342+0000][1][safepoint    ] Leaving safepoint region
[2019-12-09T07:50:07.342+0000][1][safepoint    ] Total time for which application threads were stopped: 0.0000859 seconds, Stopping threads took: 0.0000217 seconds
[2019-12-09T07:50:08.342+0000][1][safepoint    ] Application time: 1.0000737 seconds
[2019-12-09T07:50:08.342+0000][1][safepoint    ] Entering safepoint region: Cleanup
[2019-12-09T07:50:08.342+0000][1][safepoint    ] Leaving safepoint region
[2019-12-09T07:50:08.342+0000][1][safepoint    ] Total time for which application threads were stopped: 0.0000838 seconds, Stopping threads took: 0.0000196 seconds
[2019-12-09T07:50:08.364+0000][1][safepoint    ] Application time: 0.0220327 seconds
[2019-12-09T07:50:08.364+0000][1][safepoint    ] Entering safepoint region: GenCollectForAllocation
[2019-12-09T07:50:08.364+0000][1][gc,start     ] GC(93) Pause Young (Allocation Failure)
[2019-12-09T07:50:08.364+0000][1][gc,task      ] GC(93) Using 2 workers of 2 for evacuation
[2019-12-09T07:50:08.366+0000][1][gc,age       ] GC(93) Desired survivor size 4456448 bytes, new threshold 6 (max threshold 6)
[2019-12-09T07:50:08.366+0000][1][gc,age       ] GC(93) Age table with threshold 6 (max threshold 6)
[2019-12-09T07:50:08.366+0000][1][gc,age       ] GC(93) - age   1:     850640 bytes,     850640 total
[2019-12-09T07:50:08.366+0000][1][gc,age       ] GC(93) - age   2:        960 bytes,     851600 total
[2019-12-09T07:50:08.366+0000][1][gc,age       ] GC(93) - age   3:        104 bytes,     851704 total
[2019-12-09T07:50:08.366+0000][1][gc,age       ] GC(93) - age   4:        296 bytes,     852000 total
[2019-12-09T07:50:08.366+0000][1][gc,age       ] GC(93) - age   6:        816 bytes,     852816 total
[2019-12-09T07:50:08.366+0000][1][gc,heap      ] GC(93) ParNew: 70974K->983K(78656K)
[2019-12-09T07:50:08.366+0000][1][gc,heap      ] GC(93) CMS: 70953K->70954K(174784K)
[2019-12-09T07:50:08.366+0000][1][gc,metaspace ] GC(93) Metaspace: 76405K->76405K(1120256K)
[2019-12-09T07:50:08.366+0000][1][gc           ] GC(93) Pause Young (Allocation Failure) 138M->70M(247M) 2.078ms
[2019-12-09T07:50:08.366+0000][1][gc,cpu       ] GC(93) User=0.00s Sys=0.00s Real=0.01s
[2019-12-09T07:50:08.366+0000][1][safepoint    ] Leaving safepoint region
[2019-12-09T07:50:08.366+0000][1][safepoint    ] Total time for which application threads were stopped: 0.0022485 seconds, Stopping threads took: 0.0000195 seconds
[2019-12-09T07:50:09.367+0000][1][safepoint    ] Application time: 1.0000893 seconds
[2019-12-09T07:50:09.367+0000][1][safepoint    ] Entering safepoint region: Cleanup
[2019-12-09T07:50:09.367+0000][1][safepoint    ] Leaving safepoint region
[2019-12-09T07:50:09.367+0000][1][safepoint    ] Total time for which application threads were stopped: 0.0000975 seconds, Stopping threads took: 0.0000208 seconds
[2019-12-09T07:50:10.367+0000][1][safepoint    ] Application time: 1.0000756 seconds
[2019-12-09T07:50:10.367+0000][1][safepoint    ] Entering safepoint region: Cleanup
[2019-12-09T07:50:10.367+0000][1][safepoint    ] Leaving safepoint region
[2019-12-09T07:50:10.367+0000][1][safepoint    ] Total time for which application threads were stopped: 0.0000867 seconds, Stopping threads took: 0.0000208 seconds
[2019-12-09T07:50:11.367+0000][1][safepoint    ] Application time: 1.0000821 seconds
[2019-12-09T07:50:11.367+0000][1][safepoint    ] Entering safepoint region: Cleanup
[2019-12-09T07:50:11.367+0000][1][safepoint    ] Leaving safepoint region
[2019-12-09T07:50:11.367+0000][1][safepoint    ] Total time for which application threads were stopped: 0.0000847 seconds, Stopping threads took: 0.0000208 seconds
[2019-12-09T07:50:12.367+0000][1][safepoint    ] Application time: 1.0000752 seconds
[2019-12-09T07:50:12.367+0000][1][safepoint    ] Entering safepoint region: Cleanup
[2019-12-09T07:50:12.367+0000][1][safepoint    ] Leaving safepoint region
[2019-12-09T07:50:12.367+0000][1][safepoint    ] Total time for which application threads were stopped: 0.0000818 seconds, Stopping threads took: 0.0000191 seconds
[2019-12-09T07:50:13.367+0000][1][safepoint    ] Application time: 1.0000830 seconds
[2019-12-09T07:50:13.367+0000][1][safepoint    ] Entering safepoint region: Cleanup
[2019-12-09T07:50:13.368+0000][1][safepoint    ] Leaving safepoint region
[2019-12-09T07:50:13.368+0000][1][safepoint    ] Total time for which application threads were stopped: 0.0000833 seconds, Stopping threads took: 0.0000203 seconds
[2019-12-09T07:50:14.368+0000][1][safepoint    ] Application time: 1.0000760 seconds
[2019-12-09T07:50:14.368+0000][1][safepoint    ] Entering safepoint region: Cleanup
[2019-12-09T07:50:14.368+0000][1][safepoint    ] Leaving safepoint region
[2019-12-09T07:50:14.368+0000][1][safepoint    ] Total time for which application threads were stopped: 0.0001017 seconds, Stopping threads took: 0.0000355 seconds
[2019-12-09T07:50:16.274+0000][1][safepoint    ] Application time: 1.9065431 seconds
[2019-12-09T07:50:16.274+0000][1][safepoint    ] Entering safepoint region: Cleanup
[2019-12-09T07:50:16.274+0000][1][safepoint    ] Leaving safepoint region
[2019-12-09T07:50:16.274+0000][1][safepoint    ] Total time for which application threads were stopped: 0.0000815 seconds, Stopping threads took: 0.0000193 seconds
[2019-12-09T07:50:17.275+0000][1][safepoint    ] Application time: 1.0000784 seconds
[2019-12-09T07:50:17.275+0000][1][safepoint    ] Entering safepoint region: Cleanup
[2019-12-09T07:50:17.275+0000][1][safepoint    ] Leaving safepoint region
[2019-12-09T07:50:17.275+0000][1][safepoint    ] Total time for which application threads were stopped: 0.0000854 seconds, Stopping threads took: 0.0000199 seconds
[2019-12-09T07:50:18.275+0000][1][safepoint    ] Application time: 1.0000771 seconds
[2019-12-09T07:50:18.275+0000][1][safepoint    ] Entering safepoint region: Cleanup
[2019-12-09T07:50:18.275+0000][1][safepoint    ] Leaving safepoint region
[2019-12-09T07:50:18.275+0000][1][safepoint    ] Total time for which application threads were stopped: 0.0000832 seconds, Stopping threads took: 0.0000194 seconds
[2019-12-09T07:50:19.275+0000][1][safepoint    ] Application time: 1.0000797 seconds
[2019-12-09T07:50:19.275+0000][1][safepoint    ] Entering safepoint region: Cleanup
[2019-12-09T07:50:19.275+0000][1][safepoint    ] Leaving safepoint region
[2019-12-09T07:50:19.275+0000][1][safepoint    ] Total time for which application threads were stopped: 0.0000832 seconds, Stopping threads took: 0.0000202 seconds
[2019-12-09T07:50:20.275+0000][1][safepoint    ] Application time: 1.0000742 seconds
[2019-12-09T07:50:20.275+0000][1][safepoint    ] Entering safepoint region: Cleanup
[2019-12-09T07:50:20.275+0000][1][safepoint    ] Leaving safepoint region
[2019-12-09T07:50:20.275+0000][1][safepoint    ] Total time for which application threads were stopped: 0.0000906 seconds, Stopping threads took: 0.0000264 seconds
[2019-12-09T07:50:21.275+0000][1][safepoint    ] Application time: 1.0000816 seconds
[2019-12-09T07:50:21.275+0000][1][safepoint    ] Entering safepoint region: Cleanup
[2019-12-09T07:50:21.275+0000][1][safepoint    ] Leaving safepoint region
[2019-12-09T07:50:21.275+0000][1][safepoint    ] Total time for which application threads were stopped: 0.0000877 seconds, Stopping threads took: 0.0000201 seconds
[2019-12-09T07:50:22.276+0000][1][safepoint    ] Application time: 1.0000761 seconds
[2019-12-09T07:50:22.276+0000][1][safepoint    ] Entering safepoint region: Cleanup
[2019-12-09T07:50:22.276+0000][1][safepoint    ] Leaving safepoint region
[2019-12-09T07:50:22.276+0000][1][safepoint    ] Total time for which application threads were stopped: 0.0000950 seconds, Stopping threads took: 0.0000180 seconds
[2019-12-09T07:50:23.276+0000][1][safepoint    ] Application time: 1.0000751 seconds
[2019-12-09T07:50:23.276+0000][1][safepoint    ] Entering safepoint region: Cleanup
[2019-12-09T07:50:23.276+0000][1][safepoint    ] Leaving safepoint region
[2019-12-09T07:50:23.276+0000][1][safepoint    ] Total time for which application threads were stopped: 0.0000832 seconds, Stopping threads took: 0.0000187 seconds
[2019-12-09T07:50:24.276+0000][1][safepoint    ] Application time: 1.0000765 seconds
[2019-12-09T07:50:24.276+0000][1][safepoint    ] Entering safepoint region: Cleanup
[2019-12-09T07:50:24.276+0000][1][safepoint    ] Leaving safepoint region
[2019-12-09T07:50:24.276+0000][1][safepoint    ] Total time for which application threads were stopped: 0.0000836 seconds, Stopping threads took: 0.0000207 seconds
[2019-12-09T07:50:25.276+0000][1][safepoint    ] Application time: 1.0000796 seconds
[2019-12-09T07:50:25.276+0000][1][safepoint    ] Entering safepoint region: Cleanup
[2019-12-09T07:50:25.276+0000][1][safepoint    ] Leaving safepoint region
[2019-12-09T07:50:25.276+0000][1][safepoint    ] Total time for which application threads were stopped: 0.0000861 seconds, Stopping threads took: 0.0000203 seconds
[2019-12-09T07:50:26.276+0000][1][safepoint    ] Application time: 1.0000795 seconds
[2019-12-09T07:50:26.276+0000][1][safepoint    ] Entering safepoint region: Cleanup
[2019-12-09T07:50:26.277+0000][1][safepoint    ] Leaving safepoint region
[2019-12-09T07:50:26.277+0000][1][safepoint    ] Total time for which application threads were stopped: 0.0000849 seconds, Stopping threads took: 0.0000209 seconds
[2019-12-09T07:50:27.277+0000][1][safepoint    ] Application time: 1.0000762 seconds
[2019-12-09T07:50:27.277+0000][1][safepoint    ] Entering safepoint region: Cleanup
[2019-12-09T07:50:27.277+0000][1][safepoint    ] Leaving safepoint region
[2019-12-09T07:50:27.277+0000][1][safepoint    ] Total time for which application threads were stopped: 0.0000911 seconds, Stopping threads took: 0.0000299 seconds
[2019-12-09T07:50:28.277+0000][1][safepoint    ] Application time: 1.0000755 seconds
[2019-12-09T07:50:28.277+0000][1][safepoint    ] Entering safepoint region: Cleanup
[2019-12-09T07:50:28.277+0000][1][safepoint    ] Leaving safepoint region
[2019-12-09T07:50:28.277+0000][1][safepoint    ] Total time for which application threads were stopped: 0.0000828 seconds, Stopping threads took: 0.0000216 seconds
[2019-12-09T07:50:29.277+0000][1][safepoint    ] Application time: 1.0000756 seconds
[2019-12-09T07:50:29.277+0000][1][safepoint    ] Entering safepoint region: Cleanup
[2019-12-09T07:50:29.277+0000][1][safepoint    ] Leaving safepoint region
[2019-12-09T07:50:29.277+0000][1][safepoint    ] Total time for which application threads were stopped: 0.0000821 seconds, Stopping threads took: 0.0000203 seconds
[2019-12-09T07:50:30.277+0000][1][safepoint    ] Application time: 1.0000813 seconds
[2019-12-09T07:50:30.277+0000][1][safepoint    ] Entering safepoint region: Cleanup
[2019-12-09T07:50:30.277+0000][1][safepoint    ] Leaving safepoint region
[2019-12-09T07:50:30.277+0000][1][safepoint    ] Total time for which application threads were stopped: 0.0000841 seconds, Stopping threads took: 0.0000199 seconds
[2019-12-09T07:50:31.277+0000][1][safepoint    ] Application time: 1.0000781 seconds
[2019-12-09T07:50:31.278+0000][1][safepoint    ] Entering safepoint region: Cleanup
[2019-12-09T07:50:31.278+0000][1][safepoint    ] Leaving safepoint region
[2019-12-09T07:50:31.278+0000][1][safepoint    ] Total time for which application threads were stopped: 0.0000846 seconds, Stopping threads took: 0.0000191 seconds
[2019-12-09T07:50:32.278+0000][1][safepoint    ] Application time: 1.0000745 seconds
[2019-12-09T07:50:32.278+0000][1][safepoint    ] Entering safepoint region: Cleanup
[2019-12-09T07:50:32.278+0000][1][safepoint    ] Leaving safepoint region
[2019-12-09T07:50:32.278+0000][1][safepoint    ] Total time for which application threads were stopped: 0.0000843 seconds, Stopping threads took: 0.0000196 seconds
[2019-12-09T07:50:33.278+0000][1][safepoint    ] Application time: 1.0000756 seconds
[2019-12-09T07:50:33.278+0000][1][safepoint    ] Entering safepoint region: Cleanup
[2019-12-09T07:50:33.278+0000][1][safepoint    ] Leaving safepoint region
[2019-12-09T07:50:33.278+0000][1][safepoint    ] Total time for which application threads were stopped: 0.0000845 seconds, Stopping threads took: 0.0000202 seconds
[2019-12-09T07:50:34.278+0000][1][safepoint    ] Application time: 1.0000763 seconds
[2019-12-09T07:50:34.278+0000][1][safepoint    ] Entering safepoint region: Cleanup
[2019-12-09T07:50:34.278+0000][1][safepoint    ] Leaving safepoint region
[2019-12-09T07:50:34.278+0000][1][safepoint    ] Total time for which application threads were stopped: 0.0000831 seconds, Stopping threads took: 0.0000191 seconds
[2019-12-09T07:50:35.278+0000][1][safepoint    ] Application time: 1.0000784 seconds
[2019-12-09T07:50:35.278+0000][1][safepoint    ] Entering safepoint region: Cleanup
[2019-12-09T07:50:35.278+0000][1][safepoint    ] Leaving safepoint region
[2019-12-09T07:50:35.278+0000][1][safepoint    ] Total time for which application threads were stopped: 0.0000931 seconds, Stopping threads took: 0.0000257 seconds
[2019-12-09T07:50:36.279+0000][1][safepoint    ] Application time: 1.0000795 seconds
[2019-12-09T07:50:36.279+0000][1][safepoint    ] Entering safepoint region: Cleanup
[2019-12-09T07:50:36.279+0000][1][safepoint    ] Leaving safepoint region
[2019-12-09T07:50:36.279+0000][1][safepoint    ] Total time for which application threads were stopped: 0.0000853 seconds, Stopping threads took: 0.0000202 seconds
[2019-12-09T07:50:37.279+0000][1][safepoint    ] Application time: 1.0000765 seconds
[2019-12-09T07:50:37.279+0000][1][safepoint    ] Entering safepoint region: Cleanup
[2019-12-09T07:50:37.279+0000][1][safepoint    ] Leaving safepoint region
[2019-12-09T07:50:37.279+0000][1][safepoint    ] Total time for which application threads were stopped: 0.0000904 seconds, Stopping threads took: 0.0000206 seconds
[2019-12-09T07:50:38.279+0000][1][safepoint    ] Application time: 1.0000781 seconds
[2019-12-09T07:50:38.279+0000][1][safepoint    ] Entering safepoint region: Cleanup
[2019-12-09T07:50:38.279+0000][1][safepoint    ] Leaving safepoint region
[2019-12-09T07:50:38.279+0000][1][safepoint    ] Total time for which application threads were stopped: 0.0000841 seconds, Stopping threads took: 0.0000197 seconds
[2019-12-09T07:50:39.279+0000][1][safepoint    ] Application time: 1.0000758 seconds
[2019-12-09T07:50:39.279+0000][1][safepoint    ] Entering safepoint region: Cleanup
[2019-12-09T07:50:39.279+0000][1][safepoint    ] Leaving safepoint region
[2019-12-09T07:50:39.279+0000][1][safepoint    ] Total time for which application threads were stopped: 0.0000832 seconds, Stopping threads took: 0.0000209 seconds
[2019-12-09T07:50:40.279+0000][1][safepoint    ] Application time: 1.0000783 seconds
[2019-12-09T07:50:40.279+0000][1][safepoint    ] Entering safepoint region: Cleanup
[2019-12-09T07:50:40.279+0000][1][safepoint    ] Leaving safepoint region
[2019-12-09T07:50:40.279+0000][1][safepoint    ] Total time for which application threads were stopped: 0.0000833 seconds, Stopping threads took: 0.0000191 seconds
[2019-12-09T07:50:41.280+0000][1][safepoint    ] Application time: 1.0000776 seconds
[2019-12-09T07:50:41.280+0000][1][safepoint    ] Entering safepoint region: Cleanup
[2019-12-09T07:50:41.280+0000][1][safepoint    ] Leaving safepoint region
[2019-12-09T07:50:41.280+0000][1][safepoint    ] Total time for which application threads were stopped: 0.0000966 seconds, Stopping threads took: 0.0000192 seconds
[2019-12-09T07:50:42.280+0000][1][safepoint    ] Application time: 1.0000766 seconds
[2019-12-09T07:50:42.280+0000][1][safepoint    ] Entering safepoint region: Cleanup
[2019-12-09T07:50:42.280+0000][1][safepoint    ] Leaving safepoint region
[2019-12-09T07:50:42.280+0000][1][safepoint    ] Total time for which application threads were stopped: 0.0000855 seconds, Stopping threads took: 0.0000193 seconds
[2019-12-09T07:50:43.280+0000][1][safepoint    ] Application time: 1.0000764 seconds
[2019-12-09T07:50:43.280+0000][1][safepoint    ] Entering safepoint region: Cleanup
[2019-12-09T07:50:43.280+0000][1][safepoint    ] Leaving safepoint region
[2019-12-09T07:50:43.280+0000][1][safepoint    ] Total time for which application threads were stopped: 0.0000878 seconds, Stopping threads took: 0.0000211 seconds
[2019-12-09T07:50:44.280+0000][1][safepoint    ] Application time: 1.0000768 seconds
[2019-12-09T07:50:44.280+0000][1][safepoint    ] Entering safepoint region: Cleanup
[2019-12-09T07:50:44.280+0000][1][safepoint    ] Leaving safepoint region
[2019-12-09T07:50:44.280+0000][1][safepoint    ] Total time for which application threads were stopped: 0.0000855 seconds, Stopping threads took: 0.0000200 seconds
[2019-12-09T07:50:45.280+0000][1][safepoint    ] Application time: 1.0000774 seconds
[2019-12-09T07:50:45.280+0000][1][safepoint    ] Entering safepoint region: Cleanup
[2019-12-09T07:50:45.281+0000][1][safepoint    ] Leaving safepoint region
[2019-12-09T07:50:45.281+0000][1][safepoint    ] Total time for which application threads were stopped: 0.0000833 seconds, Stopping threads took: 0.0000191 seconds
[2019-12-09T07:50:46.281+0000][1][safepoint    ] Application time: 1.0000758 seconds
[2019-12-09T07:50:46.281+0000][1][safepoint    ] Entering safepoint region: Cleanup
[2019-12-09T07:50:46.281+0000][1][safepoint    ] Leaving safepoint region
[2019-12-09T07:50:46.281+0000][1][safepoint    ] Total time for which application threads were stopped: 0.0000944 seconds, Stopping threads took: 0.0000307 seconds
[2019-12-09T07:50:47.281+0000][1][safepoint    ] Application time: 1.0000774 seconds
[2019-12-09T07:50:47.281+0000][1][safepoint    ] Entering safepoint region: Cleanup
[2019-12-09T07:50:47.281+0000][1][safepoint    ] Leaving safepoint region
[2019-12-09T07:50:47.281+0000][1][safepoint    ] Total time for which application threads were stopped: 0.0000829 seconds, Stopping threads took: 0.0000187 seconds
[2019-12-09T07:50:48.281+0000][1][safepoint    ] Application time: 1.0000747 seconds
[2019-12-09T07:50:48.281+0000][1][safepoint    ] Entering safepoint region: Cleanup
[2019-12-09T07:50:48.281+0000][1][safepoint    ] Leaving safepoint region
[2019-12-09T07:50:48.281+0000][1][safepoint    ] Total time for which application threads were stopped: 0.0000833 seconds, Stopping threads took: 0.0000205 seconds
[2019-12-09T07:50:49.281+0000][1][safepoint    ] Application time: 1.0000754 seconds
[2019-12-09T07:50:49.281+0000][1][safepoint    ] Entering safepoint region: Cleanup
[2019-12-09T07:50:49.281+0000][1][safepoint    ] Leaving safepoint region
[2019-12-09T07:50:49.281+0000][1][safepoint    ] Total time for which application threads were stopped: 0.0000835 seconds, Stopping threads took: 0.0000199 seconds
[2019-12-09T07:50:50.281+0000][1][safepoint    ] Application time: 1.0000785 seconds
[2019-12-09T07:50:50.282+0000][1][safepoint    ] Entering safepoint region: Cleanup
[2019-12-09T07:50:50.282+0000][1][safepoint    ] Leaving safepoint region
[2019-12-09T07:50:50.282+0000][1][safepoint    ] Total time for which application threads were stopped: 0.0000861 seconds, Stopping threads took: 0.0000202 seconds
[2019-12-09T07:50:50.982+0000][1][safepoint    ] Application time: 0.7003005 seconds
[2019-12-09T07:50:50.982+0000][1][safepoint    ] Entering safepoint region: GenCollectForAllocation
[2019-12-09T07:50:50.982+0000][1][gc,start     ] GC(94) Pause Young (Allocation Failure)
[2019-12-09T07:50:50.982+0000][1][gc,task      ] GC(94) Using 2 workers of 2 for evacuation
[2019-12-09T07:50:50.984+0000][1][gc,age       ] GC(94) Desired survivor size 4456448 bytes, new threshold 6 (max threshold 6)
[2019-12-09T07:50:50.984+0000][1][gc,age       ] GC(94) Age table with threshold 6 (max threshold 6)
[2019-12-09T07:50:50.984+0000][1][gc,age       ] GC(94) - age   1:     961920 bytes,     961920 total
[2019-12-09T07:50:50.984+0000][1][gc,age       ] GC(94) - age   2:        128 bytes,     962048 total
[2019-12-09T07:50:50.984+0000][1][gc,age       ] GC(94) - age   3:        960 bytes,     963008 total
[2019-12-09T07:50:50.984+0000][1][gc,age       ] GC(94) - age   4:        104 bytes,     963112 total
[2019-12-09T07:50:50.984+0000][1][gc,age       ] GC(94) - age   5:        296 bytes,     963408 total
[2019-12-09T07:50:50.984+0000][1][gc,heap      ] GC(94) ParNew: 70888K->1049K(78656K)
[2019-12-09T07:50:50.984+0000][1][gc,heap      ] GC(94) CMS: 70954K->70955K(174784K)
[2019-12-09T07:50:50.984+0000][1][gc,metaspace ] GC(94) Metaspace: 76405K->76405K(1120256K)
[2019-12-09T07:50:50.984+0000][1][gc           ] GC(94) Pause Young (Allocation Failure) 138M->70M(247M) 2.062ms
[2019-12-09T07:50:50.984+0000][1][gc,cpu       ] GC(94) User=0.01s Sys=0.00s Real=0.00s
[2019-12-09T07:50:50.984+0000][1][safepoint    ] Leaving safepoint region
[2019-12-09T07:50:50.984+0000][1][safepoint    ] Total time for which application threads were stopped: 0.0022256 seconds, Stopping threads took: 0.0000227 seconds
[2019-12-09T07:50:51.984+0000][1][safepoint    ] Application time: 1.0000871 seconds
[2019-12-09T07:50:51.984+0000][1][safepoint    ] Entering safepoint region: Cleanup
[2019-12-09T07:50:51.984+0000][1][safepoint    ] Leaving safepoint region
[2019-12-09T07:50:51.984+0000][1][safepoint    ] Total time for which application threads were stopped: 0.0000830 seconds, Stopping threads took: 0.0000182 seconds
[2019-12-09T07:50:52.984+0000][1][safepoint    ] Application time: 1.0000806 seconds
[2019-12-09T07:50:52.985+0000][1][safepoint    ] Entering safepoint region: Cleanup
[2019-12-09T07:50:52.985+0000][1][safepoint    ] Leaving safepoint region
[2019-12-09T07:50:52.985+0000][1][safepoint    ] Total time for which application threads were stopped: 0.0000861 seconds, Stopping threads took: 0.0000224 seconds
[2019-12-09T07:50:53.985+0000][1][safepoint    ] Application time: 1.0000793 seconds
[2019-12-09T07:50:53.985+0000][1][safepoint    ] Entering safepoint region: Cleanup
[2019-12-09T07:50:53.985+0000][1][safepoint    ] Leaving safepoint region
[2019-12-09T07:50:53.985+0000][1][safepoint    ] Total time for which application threads were stopped: 0.0000839 seconds, Stopping threads took: 0.0000180 seconds
[2019-12-09T07:50:54.985+0000][1][safepoint    ] Application time: 1.0000768 seconds
[2019-12-09T07:50:54.985+0000][1][safepoint    ] Entering safepoint region: Cleanup
[2019-12-09T07:50:54.985+0000][1][safepoint    ] Leaving safepoint region
[2019-12-09T07:50:54.985+0000][1][safepoint    ] Total time for which application threads were stopped: 0.0000960 seconds, Stopping threads took: 0.0000199 seconds
[2019-12-09T07:50:55.985+0000][1][safepoint    ] Application time: 1.0000785 seconds
[2019-12-09T07:50:55.985+0000][1][safepoint    ] Entering safepoint region: Cleanup
[2019-12-09T07:50:55.985+0000][1][safepoint    ] Leaving safepoint region
[2019-12-09T07:50:55.985+0000][1][safepoint    ] Total time for which application threads were stopped: 0.0000854 seconds, Stopping threads took: 0.0000210 seconds
[2019-12-09T07:50:56.985+0000][1][safepoint    ] Application time: 1.0000828 seconds
[2019-12-09T07:50:56.985+0000][1][safepoint    ] Entering safepoint region: Cleanup
[2019-12-09T07:50:56.985+0000][1][safepoint    ] Leaving safepoint region
[2019-12-09T07:50:56.985+0000][1][safepoint    ] Total time for which application threads were stopped: 0.0000840 seconds, Stopping threads took: 0.0000198 seconds
[2019-12-09T07:50:57.986+0000][1][safepoint    ] Application time: 1.0000764 seconds
[2019-12-09T07:50:57.986+0000][1][safepoint    ] Entering safepoint region: Cleanup
[2019-12-09T07:50:57.986+0000][1][safepoint    ] Leaving safepoint region
[2019-12-09T07:50:57.986+0000][1][safepoint    ] Total time for which application threads were stopped: 0.0000849 seconds, Stopping threads took: 0.0000200 seconds
[2019-12-09T07:50:58.986+0000][1][safepoint    ] Application time: 1.0000807 seconds
[2019-12-09T07:50:58.986+0000][1][safepoint    ] Entering safepoint region: Cleanup
[2019-12-09T07:50:58.986+0000][1][safepoint    ] Leaving safepoint region
[2019-12-09T07:50:58.986+0000][1][safepoint    ] Total time for which application threads were stopped: 0.0000823 seconds, Stopping threads took: 0.0000193 seconds
[2019-12-09T07:50:59.986+0000][1][safepoint    ] Application time: 1.0000777 seconds
[2019-12-09T07:50:59.986+0000][1][safepoint    ] Entering safepoint region: Cleanup
[2019-12-09T07:50:59.986+0000][1][safepoint    ] Leaving safepoint region
[2019-12-09T07:50:59.986+0000][1][safepoint    ] Total time for which application threads were stopped: 0.0000902 seconds, Stopping threads took: 0.0000274 seconds
[2019-12-09T07:51:00.986+0000][1][safepoint    ] Application time: 1.0000758 seconds
[2019-12-09T07:51:00.986+0000][1][safepoint    ] Entering safepoint region: Cleanup
[2019-12-09T07:51:00.986+0000][1][safepoint    ] Leaving safepoint region
[2019-12-09T07:51:00.986+0000][1][safepoint    ] Total time for which application threads were stopped: 0.0000833 seconds, Stopping threads took: 0.0000193 seconds
[2019-12-09T07:51:01.986+0000][1][safepoint    ] Application time: 1.0000788 seconds
[2019-12-09T07:51:01.986+0000][1][safepoint    ] Entering safepoint region: Cleanup
[2019-12-09T07:51:01.987+0000][1][safepoint    ] Leaving safepoint region
[2019-12-09T07:51:01.987+0000][1][safepoint    ] Total time for which application threads were stopped: 0.0000853 seconds, Stopping threads took: 0.0000193 seconds
[2019-12-09T07:51:02.987+0000][1][safepoint    ] Application time: 1.0000758 seconds
[2019-12-09T07:51:02.987+0000][1][safepoint    ] Entering safepoint region: Cleanup
[2019-12-09T07:51:02.987+0000][1][safepoint    ] Leaving safepoint region
[2019-12-09T07:51:02.987+0000][1][safepoint    ] Total time for which application threads were stopped: 0.0000925 seconds, Stopping threads took: 0.0000196 seconds
[2019-12-09T07:51:03.987+0000][1][safepoint    ] Application time: 1.0000763 seconds
[2019-12-09T07:51:03.987+0000][1][safepoint    ] Entering safepoint region: Cleanup
[2019-12-09T07:51:03.987+0000][1][safepoint    ] Leaving safepoint region
[2019-12-09T07:51:03.987+0000][1][safepoint    ] Total time for which application threads were stopped: 0.0000819 seconds, Stopping threads took: 0.0000195 seconds
[2019-12-09T07:51:04.987+0000][1][safepoint    ] Application time: 1.0000777 seconds
[2019-12-09T07:51:04.987+0000][1][safepoint    ] Entering safepoint region: Cleanup
[2019-12-09T07:51:04.987+0000][1][safepoint    ] Leaving safepoint region
[2019-12-09T07:51:04.987+0000][1][safepoint    ] Total time for which application threads were stopped: 0.0000902 seconds, Stopping threads took: 0.0000185 seconds
[2019-12-09T07:51:05.987+0000][1][safepoint    ] Application time: 1.0000785 seconds
[2019-12-09T07:51:05.987+0000][1][safepoint    ] Entering safepoint region: Cleanup
[2019-12-09T07:51:05.987+0000][1][safepoint    ] Leaving safepoint region
[2019-12-09T07:51:05.987+0000][1][safepoint    ] Total time for which application threads were stopped: 0.0000853 seconds, Stopping threads took: 0.0000192 seconds
[2019-12-09T07:51:06.987+0000][1][safepoint    ] Application time: 1.0000785 seconds
[2019-12-09T07:51:06.988+0000][1][safepoint    ] Entering safepoint region: Cleanup
[2019-12-09T07:51:06.988+0000][1][safepoint    ] Leaving safepoint region
[2019-12-09T07:51:06.988+0000][1][safepoint    ] Total time for which application threads were stopped: 0.0000821 seconds, Stopping threads took: 0.0000195 seconds
[2019-12-09T07:51:07.988+0000][1][safepoint    ] Application time: 1.0000757 seconds
[2019-12-09T07:51:07.988+0000][1][safepoint    ] Entering safepoint region: Cleanup
[2019-12-09T07:51:07.988+0000][1][safepoint    ] Leaving safepoint region
[2019-12-09T07:51:07.988+0000][1][safepoint    ] Total time for which application threads were stopped: 0.0000857 seconds, Stopping threads took: 0.0000218 seconds
[2019-12-09T07:51:08.988+0000][1][safepoint    ] Application time: 1.0000735 seconds
[2019-12-09T07:51:08.988+0000][1][safepoint    ] Entering safepoint region: Cleanup
[2019-12-09T07:51:08.988+0000][1][safepoint    ] Leaving safepoint region
[2019-12-09T07:51:08.988+0000][1][safepoint    ] Total time for which application threads were stopped: 0.0000817 seconds, Stopping threads took: 0.0000183 seconds
[2019-12-09T07:51:09.988+0000][1][safepoint    ] Application time: 1.0000775 seconds
[2019-12-09T07:51:09.988+0000][1][safepoint    ] Entering safepoint region: Cleanup
[2019-12-09T07:51:09.988+0000][1][safepoint    ] Leaving safepoint region
[2019-12-09T07:51:09.988+0000][1][safepoint    ] Total time for which application threads were stopped: 0.0000820 seconds, Stopping threads took: 0.0000181 seconds
[2019-12-09T07:51:11.424+0000][1][safepoint    ] Application time: 1.4356710 seconds
[2019-12-09T07:51:11.424+0000][1][safepoint    ] Entering safepoint region: Cleanup
[2019-12-09T07:51:11.424+0000][1][safepoint    ] Leaving safepoint region
[2019-12-09T07:51:11.424+0000][1][safepoint    ] Total time for which application threads were stopped: 0.0000817 seconds, Stopping threads took: 0.0000218 seconds
[2019-12-09T07:51:12.424+0000][1][safepoint    ] Application time: 1.0000741 seconds
[2019-12-09T07:51:12.424+0000][1][safepoint    ] Entering safepoint region: Cleanup
[2019-12-09T07:51:12.424+0000][1][safepoint    ] Leaving safepoint region
[2019-12-09T07:51:12.424+0000][1][safepoint    ] Total time for which application threads were stopped: 0.0000799 seconds, Stopping threads took: 0.0000180 seconds
[2019-12-09T07:51:13.424+0000][1][safepoint    ] Application time: 1.0000746 seconds
[2019-12-09T07:51:13.424+0000][1][safepoint    ] Entering safepoint region: Cleanup
[2019-12-09T07:51:13.424+0000][1][safepoint    ] Leaving safepoint region
[2019-12-09T07:51:13.424+0000][1][safepoint    ] Total time for which application threads were stopped: 0.0000781 seconds, Stopping threads took: 0.0000183 seconds
[2019-12-09T07:51:14.424+0000][1][safepoint    ] Application time: 1.0000746 seconds
[2019-12-09T07:51:14.424+0000][1][safepoint    ] Entering safepoint region: Cleanup
[2019-12-09T07:51:14.425+0000][1][safepoint    ] Leaving safepoint region
[2019-12-09T07:51:14.425+0000][1][safepoint    ] Total time for which application threads were stopped: 0.0000845 seconds, Stopping threads took: 0.0000196 seconds
[2019-12-09T07:51:15.425+0000][1][safepoint    ] Application time: 1.0000767 seconds
[2019-12-09T07:51:15.425+0000][1][safepoint    ] Entering safepoint region: Cleanup
[2019-12-09T07:51:15.425+0000][1][safepoint    ] Leaving safepoint region
[2019-12-09T07:51:15.425+0000][1][safepoint    ] Total time for which application threads were stopped: 0.0000954 seconds, Stopping threads took: 0.0000304 seconds
[2019-12-09T07:51:16.425+0000][1][safepoint    ] Application time: 1.0000756 seconds
[2019-12-09T07:51:16.425+0000][1][safepoint    ] Entering safepoint region: Cleanup
[2019-12-09T07:51:16.425+0000][1][safepoint    ] Leaving safepoint region
[2019-12-09T07:51:16.425+0000][1][safepoint    ] Total time for which application threads were stopped: 0.0000848 seconds, Stopping threads took: 0.0000200 seconds
[2019-12-09T07:51:17.425+0000][1][safepoint    ] Application time: 1.0000755 seconds
[2019-12-09T07:51:17.425+0000][1][safepoint    ] Entering safepoint region: Cleanup
[2019-12-09T07:51:17.425+0000][1][safepoint    ] Leaving safepoint region
[2019-12-09T07:51:17.425+0000][1][safepoint    ] Total time for which application threads were stopped: 0.0000854 seconds, Stopping threads took: 0.0000209 seconds
[2019-12-09T07:51:18.425+0000][1][safepoint    ] Application time: 1.0000780 seconds
[2019-12-09T07:51:18.425+0000][1][safepoint    ] Entering safepoint region: Cleanup
[2019-12-09T07:51:18.425+0000][1][safepoint    ] Leaving safepoint region
[2019-12-09T07:51:18.425+0000][1][safepoint    ] Total time for which application threads were stopped: 0.0000837 seconds, Stopping threads took: 0.0000183 seconds
[2019-12-09T07:51:19.425+0000][1][safepoint    ] Application time: 1.0000765 seconds
[2019-12-09T07:51:19.426+0000][1][safepoint    ] Entering safepoint region: Cleanup
[2019-12-09T07:51:19.426+0000][1][safepoint    ] Leaving safepoint region
[2019-12-09T07:51:19.426+0000][1][safepoint    ] Total time for which application threads were stopped: 0.0000857 seconds, Stopping threads took: 0.0000206 seconds
[2019-12-09T07:51:20.426+0000][1][safepoint    ] Application time: 1.0000777 seconds
[2019-12-09T07:51:20.426+0000][1][safepoint    ] Entering safepoint region: Cleanup
[2019-12-09T07:51:20.426+0000][1][safepoint    ] Leaving safepoint region
[2019-12-09T07:51:20.426+0000][1][safepoint    ] Total time for which application threads were stopped: 0.0000818 seconds, Stopping threads took: 0.0000181 seconds
[2019-12-09T07:51:21.426+0000][1][safepoint    ] Application time: 1.0000748 seconds
[2019-12-09T07:51:21.426+0000][1][safepoint    ] Entering safepoint region: Cleanup
[2019-12-09T07:51:21.426+0000][1][safepoint    ] Leaving safepoint region
[2019-12-09T07:51:21.426+0000][1][safepoint    ] Total time for which application threads were stopped: 0.0000832 seconds, Stopping threads took: 0.0000200 seconds
[2019-12-09T07:51:22.426+0000][1][safepoint    ] Application time: 1.0000764 seconds
[2019-12-09T07:51:22.426+0000][1][safepoint    ] Entering safepoint region: Cleanup
[2019-12-09T07:51:22.426+0000][1][safepoint    ] Leaving safepoint region
[2019-12-09T07:51:22.426+0000][1][safepoint    ] Total time for which application threads were stopped: 0.0000822 seconds, Stopping threads took: 0.0000189 seconds
[2019-12-09T07:51:23.426+0000][1][safepoint    ] Application time: 1.0000771 seconds
[2019-12-09T07:51:23.426+0000][1][safepoint    ] Entering safepoint region: Cleanup
[2019-12-09T07:51:23.426+0000][1][safepoint    ] Leaving safepoint region
[2019-12-09T07:51:23.426+0000][1][safepoint    ] Total time for which application threads were stopped: 0.0000863 seconds, Stopping threads took: 0.0000202 seconds
[2019-12-09T07:51:24.427+0000][1][safepoint    ] Application time: 1.0000764 seconds
[2019-12-09T07:51:24.427+0000][1][safepoint    ] Entering safepoint region: Cleanup
[2019-12-09T07:51:24.427+0000][1][safepoint    ] Leaving safepoint region
[2019-12-09T07:51:24.427+0000][1][safepoint    ] Total time for which application threads were stopped: 0.0000814 seconds, Stopping threads took: 0.0000182 seconds
[2019-12-09T07:51:25.427+0000][1][safepoint    ] Application time: 1.0000764 seconds
[2019-12-09T07:51:25.427+0000][1][safepoint    ] Entering safepoint region: Cleanup
[2019-12-09T07:51:25.427+0000][1][safepoint    ] Leaving safepoint region
[2019-12-09T07:51:25.427+0000][1][safepoint    ] Total time for which application threads were stopped: 0.0000841 seconds, Stopping threads took: 0.0000206 seconds
[2019-12-09T07:51:26.427+0000][1][safepoint    ] Application time: 1.0000764 seconds
[2019-12-09T07:51:26.427+0000][1][safepoint    ] Entering safepoint region: Cleanup
[2019-12-09T07:51:26.427+0000][1][safepoint    ] Leaving safepoint region
[2019-12-09T07:51:26.427+0000][1][safepoint    ] Total time for which application threads were stopped: 0.0000836 seconds, Stopping threads took: 0.0000205 seconds
[2019-12-09T07:51:27.914+0000][1][safepoint    ] Application time: 1.4864960 seconds
[2019-12-09T07:51:27.914+0000][1][safepoint    ] Entering safepoint region: Cleanup
[2019-12-09T07:51:27.914+0000][1][safepoint    ] Leaving safepoint region
[2019-12-09T07:51:27.914+0000][1][safepoint    ] Total time for which application threads were stopped: 0.0000760 seconds, Stopping threads took: 0.0000164 seconds
[2019-12-09T07:51:28.914+0000][1][safepoint    ] Application time: 1.0000731 seconds
[2019-12-09T07:51:28.914+0000][1][safepoint    ] Entering safepoint region: Cleanup
[2019-12-09T07:51:28.914+0000][1][safepoint    ] Leaving safepoint region
[2019-12-09T07:51:28.914+0000][1][safepoint    ] Total time for which application threads were stopped: 0.0000764 seconds, Stopping threads took: 0.0000173 seconds
[2019-12-09T07:51:29.914+0000][1][safepoint    ] Application time: 1.0000746 seconds
[2019-12-09T07:51:29.914+0000][1][safepoint    ] Entering safepoint region: Cleanup
[2019-12-09T07:51:29.914+0000][1][safepoint    ] Leaving safepoint region
[2019-12-09T07:51:29.914+0000][1][safepoint    ] Total time for which application threads were stopped: 0.0000843 seconds, Stopping threads took: 0.0000230 seconds
[2019-12-09T07:51:30.914+0000][1][safepoint    ] Application time: 1.0000754 seconds
[2019-12-09T07:51:30.914+0000][1][safepoint    ] Entering safepoint region: Cleanup
[2019-12-09T07:51:30.914+0000][1][safepoint    ] Leaving safepoint region
[2019-12-09T07:51:30.914+0000][1][safepoint    ] Total time for which application threads were stopped: 0.0000766 seconds, Stopping threads took: 0.0000167 seconds
[2019-12-09T07:51:31.914+0000][1][safepoint    ] Application time: 1.0000763 seconds
[2019-12-09T07:51:31.914+0000][1][safepoint    ] Entering safepoint region: Cleanup
[2019-12-09T07:51:31.914+0000][1][safepoint    ] Leaving safepoint region
[2019-12-09T07:51:31.914+0000][1][safepoint    ] Total time for which application threads were stopped: 0.0000757 seconds, Stopping threads took: 0.0000158 seconds
[2019-12-09T07:51:32.873+0000][1][safepoint    ] Application time: 0.9585226 seconds
[2019-12-09T07:51:32.873+0000][1][safepoint    ] Entering safepoint region: GenCollectForAllocation
[2019-12-09T07:51:32.873+0000][1][gc,start     ] GC(95) Pause Young (Allocation Failure)
[2019-12-09T07:51:32.873+0000][1][gc,task      ] GC(95) Using 2 workers of 2 for evacuation
[2019-12-09T07:51:32.875+0000][1][gc,age       ] GC(95) Desired survivor size 4456448 bytes, new threshold 6 (max threshold 6)
[2019-12-09T07:51:32.875+0000][1][gc,age       ] GC(95) Age table with threshold 6 (max threshold 6)
[2019-12-09T07:51:32.875+0000][1][gc,age       ] GC(95) - age   1:     820344 bytes,     820344 total
[2019-12-09T07:51:32.875+0000][1][gc,age       ] GC(95) - age   2:        392 bytes,     820736 total
[2019-12-09T07:51:32.875+0000][1][gc,age       ] GC(95) - age   3:        128 bytes,     820864 total
[2019-12-09T07:51:32.875+0000][1][gc,age       ] GC(95) - age   4:        960 bytes,     821824 total
[2019-12-09T07:51:32.875+0000][1][gc,age       ] GC(95) - age   5:        104 bytes,     821928 total
[2019-12-09T07:51:32.875+0000][1][gc,age       ] GC(95) - age   6:        296 bytes,     822224 total
[2019-12-09T07:51:32.875+0000][1][gc,heap      ] GC(95) ParNew: 70945K->1019K(78656K)
[2019-12-09T07:51:32.875+0000][1][gc,heap      ] GC(95) CMS: 70955K->70955K(174784K)
[2019-12-09T07:51:32.875+0000][1][gc,metaspace ] GC(95) Metaspace: 76405K->76405K(1120256K)
[2019-12-09T07:51:32.875+0000][1][gc           ] GC(95) Pause Young (Allocation Failure) 138M->70M(247M) 1.922ms
[2019-12-09T07:51:32.875+0000][1][gc,cpu       ] GC(95) User=0.00s Sys=0.00s Real=0.01s
[2019-12-09T07:51:32.875+0000][1][safepoint    ] Leaving safepoint region
[2019-12-09T07:51:32.875+0000][1][safepoint    ] Total time for which application threads were stopped: 0.0020710 seconds, Stopping threads took: 0.0000170 seconds
[2019-12-09T07:51:33.875+0000][1][safepoint    ] Application time: 1.0000986 seconds
[2019-12-09T07:51:33.875+0000][1][safepoint    ] Entering safepoint region: Cleanup
[2019-12-09T07:51:33.875+0000][1][safepoint    ] Leaving safepoint region
[2019-12-09T07:51:33.875+0000][1][safepoint    ] Total time for which application threads were stopped: 0.0000801 seconds, Stopping threads took: 0.0000192 seconds
[2019-12-09T07:51:34.875+0000][1][safepoint    ] Application time: 1.0000770 seconds
[2019-12-09T07:51:34.875+0000][1][safepoint    ] Entering safepoint region: Cleanup
[2019-12-09T07:51:34.875+0000][1][safepoint    ] Leaving safepoint region
[2019-12-09T07:51:34.875+0000][1][safepoint    ] Total time for which application threads were stopped: 0.0000849 seconds, Stopping threads took: 0.0000226 seconds
[2019-12-09T07:51:35.876+0000][1][safepoint    ] Application time: 1.0000788 seconds
[2019-12-09T07:51:35.876+0000][1][safepoint    ] Entering safepoint region: Cleanup
[2019-12-09T07:51:35.876+0000][1][safepoint    ] Leaving safepoint region
[2019-12-09T07:51:35.876+0000][1][safepoint    ] Total time for which application threads were stopped: 0.0001153 seconds, Stopping threads took: 0.0000220 seconds
[2019-12-09T07:51:36.876+0000][1][safepoint    ] Application time: 1.0000777 seconds
[2019-12-09T07:51:36.876+0000][1][safepoint    ] Entering safepoint region: Cleanup
[2019-12-09T07:51:36.876+0000][1][safepoint    ] Leaving safepoint region
[2019-12-09T07:51:36.876+0000][1][safepoint    ] Total time for which application threads were stopped: 0.0000809 seconds, Stopping threads took: 0.0000191 seconds
[2019-12-09T07:51:37.876+0000][1][safepoint    ] Application time: 1.0000789 seconds
[2019-12-09T07:51:37.876+0000][1][safepoint    ] Entering safepoint region: Cleanup
[2019-12-09T07:51:37.876+0000][1][safepoint    ] Leaving safepoint region
[2019-12-09T07:51:37.876+0000][1][safepoint    ] Total time for which application threads were stopped: 0.0000805 seconds, Stopping threads took: 0.0000181 seconds
[2019-12-09T07:51:38.876+0000][1][safepoint    ] Application time: 1.0000749 seconds
[2019-12-09T07:51:38.876+0000][1][safepoint    ] Entering safepoint region: Cleanup
[2019-12-09T07:51:38.876+0000][1][safepoint    ] Leaving safepoint region
[2019-12-09T07:51:38.876+0000][1][safepoint    ] Total time for which application threads were stopped: 0.0000782 seconds, Stopping threads took: 0.0000165 seconds
[2019-12-09T07:51:39.876+0000][1][safepoint    ] Application time: 1.0000757 seconds
[2019-12-09T07:51:39.876+0000][1][safepoint    ] Entering safepoint region: Cleanup
[2019-12-09T07:51:39.876+0000][1][safepoint    ] Leaving safepoint region
[2019-12-09T07:51:39.876+0000][1][safepoint    ] Total time for which application threads were stopped: 0.0000793 seconds, Stopping threads took: 0.0000182 seconds
[2019-12-09T07:51:40.877+0000][1][safepoint    ] Application time: 1.0000757 seconds
[2019-12-09T07:51:40.877+0000][1][safepoint    ] Entering safepoint region: Cleanup
[2019-12-09T07:51:40.877+0000][1][safepoint    ] Leaving safepoint region
[2019-12-09T07:51:40.877+0000][1][safepoint    ] Total time for which application threads were stopped: 0.0000778 seconds, Stopping threads took: 0.0000174 seconds
[2019-12-09T07:51:41.877+0000][1][safepoint    ] Application time: 1.0000754 seconds
[2019-12-09T07:51:41.877+0000][1][safepoint    ] Entering safepoint region: Cleanup
[2019-12-09T07:51:41.877+0000][1][safepoint    ] Leaving safepoint region
[2019-12-09T07:51:41.877+0000][1][safepoint    ] Total time for which application threads were stopped: 0.0000801 seconds, Stopping threads took: 0.0000194 seconds
[2019-12-09T07:51:42.877+0000][1][safepoint    ] Application time: 1.0000765 seconds
[2019-12-09T07:51:42.877+0000][1][safepoint    ] Entering safepoint region: Cleanup
[2019-12-09T07:51:42.877+0000][1][safepoint    ] Leaving safepoint region
[2019-12-09T07:51:42.877+0000][1][safepoint    ] Total time for which application threads were stopped: 0.0000770 seconds, Stopping threads took: 0.0000179 seconds
[2019-12-09T07:51:43.877+0000][1][safepoint    ] Application time: 1.0000765 seconds
[2019-12-09T07:51:43.877+0000][1][safepoint    ] Entering safepoint region: Cleanup
[2019-12-09T07:51:43.877+0000][1][safepoint    ] Leaving safepoint region
[2019-12-09T07:51:43.877+0000][1][safepoint    ] Total time for which application threads were stopped: 0.0000796 seconds, Stopping threads took: 0.0000179 seconds
[2019-12-09T07:51:44.877+0000][1][safepoint    ] Application time: 1.0000806 seconds
[2019-12-09T07:51:44.877+0000][1][safepoint    ] Entering safepoint region: Cleanup
[2019-12-09T07:51:44.877+0000][1][safepoint    ] Leaving safepoint region
[2019-12-09T07:51:44.877+0000][1][safepoint    ] Total time for which application threads were stopped: 0.0000789 seconds, Stopping threads took: 0.0000189 seconds
[2019-12-09T07:51:45.877+0000][1][safepoint    ] Application time: 1.0000743 seconds
[2019-12-09T07:51:45.878+0000][1][safepoint    ] Entering safepoint region: Cleanup
[2019-12-09T07:51:45.878+0000][1][safepoint    ] Leaving safepoint region
[2019-12-09T07:51:45.878+0000][1][safepoint    ] Total time for which application threads were stopped: 0.0000772 seconds, Stopping threads took: 0.0000170 seconds
[2019-12-09T07:51:46.878+0000][1][safepoint    ] Application time: 1.0000760 seconds
[2019-12-09T07:51:46.878+0000][1][safepoint    ] Entering safepoint region: Cleanup
[2019-12-09T07:51:46.878+0000][1][safepoint    ] Leaving safepoint region
[2019-12-09T07:51:46.878+0000][1][safepoint    ] Total time for which application threads were stopped: 0.0000784 seconds, Stopping threads took: 0.0000174 seconds
[2019-12-09T07:51:47.878+0000][1][safepoint    ] Application time: 1.0000745 seconds
[2019-12-09T07:51:47.878+0000][1][safepoint    ] Entering safepoint region: Cleanup
[2019-12-09T07:51:47.878+0000][1][safepoint    ] Leaving safepoint region
[2019-12-09T07:51:47.878+0000][1][safepoint    ] Total time for which application threads were stopped: 0.0000769 seconds, Stopping threads took: 0.0000171 seconds
[2019-12-09T07:51:48.878+0000][1][safepoint    ] Application time: 1.0000749 seconds
[2019-12-09T07:51:48.878+0000][1][safepoint    ] Entering safepoint region: Cleanup
[2019-12-09T07:51:48.878+0000][1][safepoint    ] Leaving safepoint region
[2019-12-09T07:51:48.878+0000][1][safepoint    ] Total time for which application threads were stopped: 0.0000787 seconds, Stopping threads took: 0.0000181 seconds
[2019-12-09T07:51:49.878+0000][1][safepoint    ] Application time: 1.0000751 seconds
[2019-12-09T07:51:49.878+0000][1][safepoint    ] Entering safepoint region: Cleanup
[2019-12-09T07:51:49.878+0000][1][safepoint    ] Leaving safepoint region
[2019-12-09T07:51:49.878+0000][1][safepoint    ] Total time for which application threads were stopped: 0.0000799 seconds, Stopping threads took: 0.0000186 seconds
[2019-12-09T07:51:50.878+0000][1][safepoint    ] Application time: 1.0000759 seconds
[2019-12-09T07:51:50.878+0000][1][safepoint    ] Entering safepoint region: Cleanup
[2019-12-09T07:51:50.879+0000][1][safepoint    ] Leaving safepoint region
[2019-12-09T07:51:50.879+0000][1][safepoint    ] Total time for which application threads were stopped: 0.0000802 seconds, Stopping threads took: 0.0000183 seconds
[2019-12-09T07:51:51.879+0000][1][safepoint    ] Application time: 1.0000754 seconds
[2019-12-09T07:51:51.879+0000][1][safepoint    ] Entering safepoint region: Cleanup
[2019-12-09T07:51:51.879+0000][1][safepoint    ] Leaving safepoint region
[2019-12-09T07:51:51.879+0000][1][safepoint    ] Total time for which application threads were stopped: 0.0000943 seconds, Stopping threads took: 0.0000293 seconds
[2019-12-09T07:51:52.879+0000][1][safepoint    ] Application time: 1.0000743 seconds
[2019-12-09T07:51:52.879+0000][1][safepoint    ] Entering safepoint region: Cleanup
[2019-12-09T07:51:52.879+0000][1][safepoint    ] Leaving safepoint region
[2019-12-09T07:51:52.879+0000][1][safepoint    ] Total time for which application threads were stopped: 0.0000853 seconds, Stopping threads took: 0.0000178 seconds
[2019-12-09T07:51:53.879+0000][1][safepoint    ] Application time: 1.0000748 seconds
[2019-12-09T07:51:53.879+0000][1][safepoint    ] Entering safepoint region: Cleanup
[2019-12-09T07:51:53.879+0000][1][safepoint    ] Leaving safepoint region
[2019-12-09T07:51:53.879+0000][1][safepoint    ] Total time for which application threads were stopped: 0.0000798 seconds, Stopping threads took: 0.0000176 seconds
[2019-12-09T07:51:54.879+0000][1][safepoint    ] Application time: 1.0000746 seconds
[2019-12-09T07:51:54.879+0000][1][safepoint    ] Entering safepoint region: Cleanup
[2019-12-09T07:51:54.879+0000][1][safepoint    ] Leaving safepoint region
[2019-12-09T07:51:54.879+0000][1][safepoint    ] Total time for which application threads were stopped: 0.0000773 seconds, Stopping threads took: 0.0000172 seconds
[2019-12-09T07:51:55.879+0000][1][safepoint    ] Application time: 1.0000740 seconds
[2019-12-09T07:51:55.879+0000][1][safepoint    ] Entering safepoint region: Cleanup
[2019-12-09T07:51:55.880+0000][1][safepoint    ] Leaving safepoint region
[2019-12-09T07:51:55.880+0000][1][safepoint    ] Total time for which application threads were stopped: 0.0000794 seconds, Stopping threads took: 0.0000192 seconds
[2019-12-09T07:51:56.880+0000][1][safepoint    ] Application time: 1.0000758 seconds
[2019-12-09T07:51:56.880+0000][1][safepoint    ] Entering safepoint region: Cleanup
[2019-12-09T07:51:56.880+0000][1][safepoint    ] Leaving safepoint region
[2019-12-09T07:51:56.880+0000][1][safepoint    ] Total time for which application threads were stopped: 0.0000866 seconds, Stopping threads took: 0.0000169 seconds
[2019-12-09T07:51:57.880+0000][1][safepoint    ] Application time: 1.0000747 seconds
[2019-12-09T07:51:57.880+0000][1][safepoint    ] Entering safepoint region: Cleanup
[2019-12-09T07:51:57.880+0000][1][safepoint    ] Leaving safepoint region
[2019-12-09T07:51:57.880+0000][1][safepoint    ] Total time for which application threads were stopped: 0.0000772 seconds, Stopping threads took: 0.0000179 seconds
[2019-12-09T07:51:58.880+0000][1][safepoint    ] Application time: 1.0000749 seconds
[2019-12-09T07:51:58.880+0000][1][safepoint    ] Entering safepoint region: Cleanup
[2019-12-09T07:51:58.880+0000][1][safepoint    ] Leaving safepoint region
[2019-12-09T07:51:58.880+0000][1][safepoint    ] Total time for which application threads were stopped: 0.0000777 seconds, Stopping threads took: 0.0000173 seconds
[2019-12-09T07:51:59.880+0000][1][safepoint    ] Application time: 1.0000741 seconds
[2019-12-09T07:51:59.880+0000][1][safepoint    ] Entering safepoint region: Cleanup
[2019-12-09T07:51:59.880+0000][1][safepoint    ] Leaving safepoint region
[2019-12-09T07:51:59.880+0000][1][safepoint    ] Total time for which application threads were stopped: 0.0000854 seconds, Stopping threads took: 0.0000262 seconds
[2019-12-09T07:52:00.880+0000][1][safepoint    ] Application time: 1.0000820 seconds
[2019-12-09T07:52:00.880+0000][1][safepoint    ] Entering safepoint region: Cleanup
[2019-12-09T07:52:00.880+0000][1][safepoint    ] Leaving safepoint region
[2019-12-09T07:52:00.880+0000][1][safepoint    ] Total time for which application threads were stopped: 0.0000809 seconds, Stopping threads took: 0.0000191 seconds
[2019-12-09T07:52:01.881+0000][1][safepoint    ] Application time: 1.0002063 seconds
[2019-12-09T07:52:01.881+0000][1][safepoint    ] Entering safepoint region: Cleanup
[2019-12-09T07:52:01.881+0000][1][safepoint    ] Leaving safepoint region
[2019-12-09T07:52:01.881+0000][1][safepoint    ] Total time for which application threads were stopped: 0.0001150 seconds, Stopping threads took: 0.0000265 seconds
[2019-12-09T07:52:02.881+0000][1][safepoint    ] Application time: 1.0000777 seconds
[2019-12-09T07:52:02.881+0000][1][safepoint    ] Entering safepoint region: Cleanup
[2019-12-09T07:52:02.881+0000][1][safepoint    ] Leaving safepoint region
[2019-12-09T07:52:02.881+0000][1][safepoint    ] Total time for which application threads were stopped: 0.0000889 seconds, Stopping threads took: 0.0000263 seconds
[2019-12-09T07:52:03.881+0000][1][safepoint    ] Application time: 1.0000781 seconds
[2019-12-09T07:52:03.881+0000][1][safepoint    ] Entering safepoint region: Cleanup
[2019-12-09T07:52:03.881+0000][1][safepoint    ] Leaving safepoint region
[2019-12-09T07:52:03.881+0000][1][safepoint    ] Total time for which application threads were stopped: 0.0000812 seconds, Stopping threads took: 0.0000185 seconds
[2019-12-09T07:52:04.881+0000][1][safepoint    ] Application time: 1.0000774 seconds
[2019-12-09T07:52:04.881+0000][1][safepoint    ] Entering safepoint region: Cleanup
[2019-12-09T07:52:04.881+0000][1][safepoint    ] Leaving safepoint region
[2019-12-09T07:52:04.881+0000][1][safepoint    ] Total time for which application threads were stopped: 0.0000800 seconds, Stopping threads took: 0.0000181 seconds
[2019-12-09T07:52:05.882+0000][1][safepoint    ] Application time: 1.0000795 seconds
[2019-12-09T07:52:05.882+0000][1][safepoint    ] Entering safepoint region: Cleanup
[2019-12-09T07:52:05.882+0000][1][safepoint    ] Leaving safepoint region
[2019-12-09T07:52:05.882+0000][1][safepoint    ] Total time for which application threads were stopped: 0.0000939 seconds, Stopping threads took: 0.0000181 seconds
[2019-12-09T07:52:06.882+0000][1][safepoint    ] Application time: 1.0000773 seconds
[2019-12-09T07:52:06.882+0000][1][safepoint    ] Entering safepoint region: Cleanup
[2019-12-09T07:52:06.882+0000][1][safepoint    ] Leaving safepoint region
[2019-12-09T07:52:06.882+0000][1][safepoint    ] Total time for which application threads were stopped: 0.0000827 seconds, Stopping threads took: 0.0000196 seconds
[2019-12-09T07:52:07.882+0000][1][safepoint    ] Application time: 1.0000770 seconds
[2019-12-09T07:52:07.882+0000][1][safepoint    ] Entering safepoint region: Cleanup
[2019-12-09T07:52:07.882+0000][1][safepoint    ] Leaving safepoint region
[2019-12-09T07:52:07.882+0000][1][safepoint    ] Total time for which application threads were stopped: 0.0000798 seconds, Stopping threads took: 0.0000183 seconds
[2019-12-09T07:52:08.882+0000][1][safepoint    ] Application time: 1.0000757 seconds
[2019-12-09T07:52:08.882+0000][1][safepoint    ] Entering safepoint region: Cleanup
[2019-12-09T07:52:08.882+0000][1][safepoint    ] Leaving safepoint region
[2019-12-09T07:52:08.882+0000][1][safepoint    ] Total time for which application threads were stopped: 0.0000783 seconds, Stopping threads took: 0.0000171 seconds
[2019-12-09T07:52:09.882+0000][1][safepoint    ] Application time: 1.0000768 seconds
[2019-12-09T07:52:09.882+0000][1][safepoint    ] Entering safepoint region: Cleanup
[2019-12-09T07:52:09.882+0000][1][safepoint    ] Leaving safepoint region
[2019-12-09T07:52:09.882+0000][1][safepoint    ] Total time for which application threads were stopped: 0.0000810 seconds, Stopping threads took: 0.0000178 seconds
[2019-12-09T07:52:10.883+0000][1][safepoint    ] Application time: 1.0000760 seconds
[2019-12-09T07:52:10.883+0000][1][safepoint    ] Entering safepoint region: Cleanup
[2019-12-09T07:52:10.883+0000][1][safepoint    ] Leaving safepoint region
[2019-12-09T07:52:10.883+0000][1][safepoint    ] Total time for which application threads were stopped: 0.0000759 seconds, Stopping threads took: 0.0000162 seconds
[2019-12-09T07:52:11.883+0000][1][safepoint    ] Application time: 1.0000844 seconds
[2019-12-09T07:52:11.883+0000][1][safepoint    ] Entering safepoint region: Cleanup
[2019-12-09T07:52:11.883+0000][1][safepoint    ] Leaving safepoint region
[2019-12-09T07:52:11.883+0000][1][safepoint    ] Total time for which application threads were stopped: 0.0000830 seconds, Stopping threads took: 0.0000185 seconds
[2019-12-09T07:52:12.883+0000][1][safepoint    ] Application time: 1.0000771 seconds
[2019-12-09T07:52:12.883+0000][1][safepoint    ] Entering safepoint region: Cleanup
[2019-12-09T07:52:12.883+0000][1][safepoint    ] Leaving safepoint region
[2019-12-09T07:52:12.883+0000][1][safepoint    ] Total time for which application threads were stopped: 0.0000875 seconds, Stopping threads took: 0.0000262 seconds
[2019-12-09T07:52:13.883+0000][1][safepoint    ] Application time: 1.0000754 seconds
[2019-12-09T07:52:13.883+0000][1][safepoint    ] Entering safepoint region: Cleanup
[2019-12-09T07:52:13.883+0000][1][safepoint    ] Leaving safepoint region
[2019-12-09T07:52:13.883+0000][1][safepoint    ] Total time for which application threads were stopped: 0.0000789 seconds, Stopping threads took: 0.0000161 seconds
[2019-12-09T07:52:14.883+0000][1][safepoint    ] Application time: 1.0000768 seconds
[2019-12-09T07:52:14.883+0000][1][safepoint    ] Entering safepoint region: Cleanup
[2019-12-09T07:52:14.883+0000][1][safepoint    ] Leaving safepoint region
[2019-12-09T07:52:14.883+0000][1][safepoint    ] Total time for which application threads were stopped: 0.0000780 seconds, Stopping threads took: 0.0000183 seconds
[2019-12-09T07:52:15.884+0000][1][safepoint    ] Application time: 1.0000761 seconds
[2019-12-09T07:52:15.884+0000][1][safepoint    ] Entering safepoint region: Cleanup
[2019-12-09T07:52:15.884+0000][1][safepoint    ] Leaving safepoint region
[2019-12-09T07:52:15.884+0000][1][safepoint    ] Total time for which application threads were stopped: 0.0000786 seconds, Stopping threads took: 0.0000181 seconds
[2019-12-09T07:52:16.196+0000][1][safepoint    ] Application time: 0.3123529 seconds
[2019-12-09T07:52:16.196+0000][1][safepoint    ] Entering safepoint region: GenCollectForAllocation
[2019-12-09T07:52:16.196+0000][1][gc,start     ] GC(96) Pause Young (Allocation Failure)
[2019-12-09T07:52:16.196+0000][1][gc,task      ] GC(96) Using 2 workers of 2 for evacuation
[2019-12-09T07:52:16.198+0000][1][gc,age       ] GC(96) Desired survivor size 4456448 bytes, new threshold 6 (max threshold 6)
[2019-12-09T07:52:16.198+0000][1][gc,age       ] GC(96) Age table with threshold 6 (max threshold 6)
[2019-12-09T07:52:16.198+0000][1][gc,age       ] GC(96) - age   1:     962928 bytes,     962928 total
[2019-12-09T07:52:16.198+0000][1][gc,age       ] GC(96) - age   3:        104 bytes,     963032 total
[2019-12-09T07:52:16.198+0000][1][gc,age       ] GC(96) - age   4:        128 bytes,     963160 total
[2019-12-09T07:52:16.198+0000][1][gc,age       ] GC(96) - age   5:        960 bytes,     964120 total
[2019-12-09T07:52:16.198+0000][1][gc,age       ] GC(96) - age   6:        104 bytes,     964224 total
[2019-12-09T07:52:16.198+0000][1][gc,heap      ] GC(96) ParNew: 70971K->985K(78656K)
[2019-12-09T07:52:16.198+0000][1][gc,heap      ] GC(96) CMS: 70955K->70955K(174784K)
[2019-12-09T07:52:16.198+0000][1][gc,metaspace ] GC(96) Metaspace: 76412K->76412K(1120256K)
[2019-12-09T07:52:16.198+0000][1][gc           ] GC(96) Pause Young (Allocation Failure) 138M->70M(247M) 2.179ms
[2019-12-09T07:52:16.198+0000][1][gc,cpu       ] GC(96) User=0.00s Sys=0.00s Real=0.00s
[2019-12-09T07:52:16.198+0000][1][safepoint    ] Leaving safepoint region
[2019-12-09T07:52:16.198+0000][1][safepoint    ] Total time for which application threads were stopped: 0.0023426 seconds, Stopping threads took: 0.0000199 seconds
[2019-12-09T07:52:17.198+0000][1][safepoint    ] Application time: 1.0000845 seconds
[2019-12-09T07:52:17.199+0000][1][safepoint    ] Entering safepoint region: Cleanup
[2019-12-09T07:52:17.199+0000][1][safepoint    ] Leaving safepoint region
[2019-12-09T07:52:17.199+0000][1][safepoint    ] Total time for which application threads were stopped: 0.0000796 seconds, Stopping threads took: 0.0000179 seconds
[2019-12-09T07:52:18.199+0000][1][safepoint    ] Application time: 1.0000825 seconds
[2019-12-09T07:52:18.199+0000][1][safepoint    ] Entering safepoint region: Cleanup
[2019-12-09T07:52:18.199+0000][1][safepoint    ] Leaving safepoint region
[2019-12-09T07:52:18.199+0000][1][safepoint    ] Total time for which application threads were stopped: 0.0000812 seconds, Stopping threads took: 0.0000190 seconds
[2019-12-09T07:52:19.199+0000][1][safepoint    ] Application time: 1.0000758 seconds
[2019-12-09T07:52:19.199+0000][1][safepoint    ] Entering safepoint region: Cleanup
[2019-12-09T07:52:19.199+0000][1][safepoint    ] Leaving safepoint region
[2019-12-09T07:52:19.199+0000][1][safepoint    ] Total time for which application threads were stopped: 0.0000807 seconds, Stopping threads took: 0.0000173 seconds
[2019-12-09T07:52:20.199+0000][1][safepoint    ] Application time: 1.0000758 seconds
[2019-12-09T07:52:20.199+0000][1][safepoint    ] Entering safepoint region: Cleanup
[2019-12-09T07:52:20.199+0000][1][safepoint    ] Leaving safepoint region
[2019-12-09T07:52:20.199+0000][1][safepoint    ] Total time for which application threads were stopped: 0.0000816 seconds, Stopping threads took: 0.0000190 seconds
[2019-12-09T07:52:21.199+0000][1][safepoint    ] Application time: 1.0000747 seconds
[2019-12-09T07:52:21.199+0000][1][safepoint    ] Entering safepoint region: Cleanup
[2019-12-09T07:52:21.199+0000][1][safepoint    ] Leaving safepoint region
[2019-12-09T07:52:21.199+0000][1][safepoint    ] Total time for which application threads were stopped: 0.0000861 seconds, Stopping threads took: 0.0000233 seconds
[2019-12-09T07:52:22.200+0000][1][safepoint    ] Application time: 1.0000747 seconds
[2019-12-09T07:52:22.200+0000][1][safepoint    ] Entering safepoint region: Cleanup
[2019-12-09T07:52:22.200+0000][1][safepoint    ] Leaving safepoint region
[2019-12-09T07:52:22.200+0000][1][safepoint    ] Total time for which application threads were stopped: 0.0000843 seconds, Stopping threads took: 0.0000205 seconds
[2019-12-09T07:52:23.200+0000][1][safepoint    ] Application time: 1.0000761 seconds
[2019-12-09T07:52:23.200+0000][1][safepoint    ] Entering safepoint region: Cleanup
[2019-12-09T07:52:23.200+0000][1][safepoint    ] Leaving safepoint region
[2019-12-09T07:52:23.200+0000][1][safepoint    ] Total time for which application threads were stopped: 0.0000811 seconds, Stopping threads took: 0.0000191 seconds
[2019-12-09T07:52:24.200+0000][1][safepoint    ] Application time: 1.0000751 seconds
[2019-12-09T07:52:24.200+0000][1][safepoint    ] Entering safepoint region: Cleanup
[2019-12-09T07:52:24.200+0000][1][safepoint    ] Leaving safepoint region
[2019-12-09T07:52:24.200+0000][1][safepoint    ] Total time for which application threads were stopped: 0.0000816 seconds, Stopping threads took: 0.0000188 seconds
[2019-12-09T07:52:25.200+0000][1][safepoint    ] Application time: 1.0000746 seconds
[2019-12-09T07:52:25.200+0000][1][safepoint    ] Entering safepoint region: Cleanup
[2019-12-09T07:52:25.200+0000][1][safepoint    ] Leaving safepoint region
[2019-12-09T07:52:25.200+0000][1][safepoint    ] Total time for which application threads were stopped: 0.0000805 seconds, Stopping threads took: 0.0000193 seconds
[2019-12-09T07:52:26.200+0000][1][safepoint    ] Application time: 1.0000753 seconds
[2019-12-09T07:52:26.200+0000][1][safepoint    ] Entering safepoint region: Cleanup
[2019-12-09T07:52:26.200+0000][1][safepoint    ] Leaving safepoint region
[2019-12-09T07:52:26.200+0000][1][safepoint    ] Total time for which application threads were stopped: 0.0000791 seconds, Stopping threads took: 0.0000170 seconds
[2019-12-09T07:52:27.201+0000][1][safepoint    ] Application time: 1.0000747 seconds
[2019-12-09T07:52:27.201+0000][1][safepoint    ] Entering safepoint region: Cleanup
[2019-12-09T07:52:27.201+0000][1][safepoint    ] Leaving safepoint region
[2019-12-09T07:52:27.201+0000][1][safepoint    ] Total time for which application threads were stopped: 0.0000798 seconds, Stopping threads took: 0.0000184 seconds
[2019-12-09T07:52:28.201+0000][1][safepoint    ] Application time: 1.0000770 seconds
[2019-12-09T07:52:28.201+0000][1][safepoint    ] Entering safepoint region: Cleanup
[2019-12-09T07:52:28.201+0000][1][safepoint    ] Leaving safepoint region
[2019-12-09T07:52:28.201+0000][1][safepoint    ] Total time for which application threads were stopped: 0.0000823 seconds, Stopping threads took: 0.0000192 seconds
[2019-12-09T07:52:29.201+0000][1][safepoint    ] Application time: 1.0000748 seconds
[2019-12-09T07:52:29.201+0000][1][safepoint    ] Entering safepoint region: Cleanup
[2019-12-09T07:52:29.201+0000][1][safepoint    ] Leaving safepoint region
[2019-12-09T07:52:29.201+0000][1][safepoint    ] Total time for which application threads were stopped: 0.0000814 seconds, Stopping threads took: 0.0000179 seconds
[2019-12-09T07:52:30.201+0000][1][safepoint    ] Application time: 1.0000749 seconds
[2019-12-09T07:52:30.201+0000][1][safepoint    ] Entering safepoint region: Cleanup
[2019-12-09T07:52:30.201+0000][1][safepoint    ] Leaving safepoint region
[2019-12-09T07:52:30.201+0000][1][safepoint    ] Total time for which application threads were stopped: 0.0000923 seconds, Stopping threads took: 0.0000292 seconds
[2019-12-09T07:52:31.201+0000][1][safepoint    ] Application time: 1.0000752 seconds
[2019-12-09T07:52:31.201+0000][1][safepoint    ] Entering safepoint region: Cleanup
[2019-12-09T07:52:31.201+0000][1][safepoint    ] Leaving safepoint region
[2019-12-09T07:52:31.201+0000][1][safepoint    ] Total time for which application threads were stopped: 0.0000893 seconds, Stopping threads took: 0.0000179 seconds
[2019-12-09T07:52:32.202+0000][1][safepoint    ] Application time: 1.0000730 seconds
[2019-12-09T07:52:32.202+0000][1][safepoint    ] Entering safepoint region: Cleanup
[2019-12-09T07:52:32.202+0000][1][safepoint    ] Leaving safepoint region
[2019-12-09T07:52:32.202+0000][1][safepoint    ] Total time for which application threads were stopped: 0.0001194 seconds, Stopping threads took: 0.0000220 seconds
[2019-12-09T07:52:33.202+0000][1][safepoint    ] Application time: 1.0002213 seconds
[2019-12-09T07:52:33.202+0000][1][safepoint    ] Entering safepoint region: Cleanup
[2019-12-09T07:52:33.202+0000][1][safepoint    ] Leaving safepoint region
[2019-12-09T07:52:33.202+0000][1][safepoint    ] Total time for which application threads were stopped: 0.0000823 seconds, Stopping threads took: 0.0000193 seconds
[2019-12-09T07:52:34.202+0000][1][safepoint    ] Application time: 1.0000803 seconds
[2019-12-09T07:52:34.202+0000][1][safepoint    ] Entering safepoint region: Cleanup
[2019-12-09T07:52:34.202+0000][1][safepoint    ] Leaving safepoint region
[2019-12-09T07:52:34.202+0000][1][safepoint    ] Total time for which application threads were stopped: 0.0000854 seconds, Stopping threads took: 0.0000203 seconds
[2019-12-09T07:52:35.202+0000][1][safepoint    ] Application time: 1.0000781 seconds
[2019-12-09T07:52:35.202+0000][1][safepoint    ] Entering safepoint region: Cleanup
[2019-12-09T07:52:35.202+0000][1][safepoint    ] Leaving safepoint region
[2019-12-09T07:52:35.202+0000][1][safepoint    ] Total time for which application threads were stopped: 0.0000835 seconds, Stopping threads took: 0.0000192 seconds
[2019-12-09T07:52:36.729+0000][1][safepoint    ] Application time: 1.5263318 seconds
[2019-12-09T07:52:36.729+0000][1][safepoint    ] Entering safepoint region: Cleanup
[2019-12-09T07:52:36.729+0000][1][safepoint    ] Leaving safepoint region
[2019-12-09T07:52:36.729+0000][1][safepoint    ] Total time for which application threads were stopped: 0.0000797 seconds, Stopping threads took: 0.0000183 seconds
[2019-12-09T07:52:37.729+0000][1][safepoint    ] Application time: 1.0000769 seconds
[2019-12-09T07:52:37.729+0000][1][safepoint    ] Entering safepoint region: Cleanup
[2019-12-09T07:52:37.729+0000][1][safepoint    ] Leaving safepoint region
[2019-12-09T07:52:37.729+0000][1][safepoint    ] Total time for which application threads were stopped: 0.0000813 seconds, Stopping threads took: 0.0000189 seconds
[2019-12-09T07:52:38.729+0000][1][safepoint    ] Application time: 1.0000803 seconds
[2019-12-09T07:52:38.729+0000][1][safepoint    ] Entering safepoint region: Cleanup
[2019-12-09T07:52:38.729+0000][1][safepoint    ] Leaving safepoint region
[2019-12-09T07:52:38.729+0000][1][safepoint    ] Total time for which application threads were stopped: 0.0000830 seconds, Stopping threads took: 0.0000186 seconds
[2019-12-09T07:52:39.729+0000][1][safepoint    ] Application time: 1.0000780 seconds
[2019-12-09T07:52:39.729+0000][1][safepoint    ] Entering safepoint region: Cleanup
[2019-12-09T07:52:39.730+0000][1][safepoint    ] Leaving safepoint region
[2019-12-09T07:52:39.730+0000][1][safepoint    ] Total time for which application threads were stopped: 0.0000853 seconds, Stopping threads took: 0.0000200 seconds
[2019-12-09T07:52:40.730+0000][1][safepoint    ] Application time: 1.0000740 seconds
[2019-12-09T07:52:40.730+0000][1][safepoint    ] Entering safepoint region: Cleanup
[2019-12-09T07:52:40.730+0000][1][safepoint    ] Leaving safepoint region
[2019-12-09T07:52:40.730+0000][1][safepoint    ] Total time for which application threads were stopped: 0.0000973 seconds, Stopping threads took: 0.0000346 seconds
[2019-12-09T07:52:41.730+0000][1][safepoint    ] Application time: 1.0000801 seconds
[2019-12-09T07:52:41.730+0000][1][safepoint    ] Entering safepoint region: Cleanup
[2019-12-09T07:52:41.730+0000][1][safepoint    ] Leaving safepoint region
[2019-12-09T07:52:41.730+0000][1][safepoint    ] Total time for which application threads were stopped: 0.0001101 seconds, Stopping threads took: 0.0000268 seconds
[2019-12-09T07:52:42.730+0000][1][safepoint    ] Application time: 1.0000753 seconds
[2019-12-09T07:52:42.730+0000][1][safepoint    ] Entering safepoint region: Cleanup
[2019-12-09T07:52:42.730+0000][1][safepoint    ] Leaving safepoint region
[2019-12-09T07:52:42.730+0000][1][safepoint    ] Total time for which application threads were stopped: 0.0000806 seconds, Stopping threads took: 0.0000189 seconds
[2019-12-09T07:52:43.730+0000][1][safepoint    ] Application time: 1.0000758 seconds
[2019-12-09T07:52:43.730+0000][1][safepoint    ] Entering safepoint region: Cleanup
[2019-12-09T07:52:43.730+0000][1][safepoint    ] Leaving safepoint region
[2019-12-09T07:52:43.730+0000][1][safepoint    ] Total time for which application threads were stopped: 0.0000843 seconds, Stopping threads took: 0.0000205 seconds
[2019-12-09T07:52:44.731+0000][1][safepoint    ] Application time: 1.0000778 seconds
[2019-12-09T07:52:44.731+0000][1][safepoint    ] Entering safepoint region: Cleanup
[2019-12-09T07:52:44.731+0000][1][safepoint    ] Leaving safepoint region
[2019-12-09T07:52:44.731+0000][1][safepoint    ] Total time for which application threads were stopped: 0.0000830 seconds, Stopping threads took: 0.0000193 seconds
[2019-12-09T07:52:45.731+0000][1][safepoint    ] Application time: 1.0000746 seconds
[2019-12-09T07:52:45.731+0000][1][safepoint    ] Entering safepoint region: Cleanup
[2019-12-09T07:52:45.731+0000][1][safepoint    ] Leaving safepoint region
[2019-12-09T07:52:45.731+0000][1][safepoint    ] Total time for which application threads were stopped: 0.0000858 seconds, Stopping threads took: 0.0000225 seconds
[2019-12-09T07:52:46.731+0000][1][safepoint    ] Application time: 1.0000779 seconds
[2019-12-09T07:52:46.731+0000][1][safepoint    ] Entering safepoint region: Cleanup
[2019-12-09T07:52:46.731+0000][1][safepoint    ] Leaving safepoint region
[2019-12-09T07:52:46.731+0000][1][safepoint    ] Total time for which application threads were stopped: 0.0000833 seconds, Stopping threads took: 0.0000191 seconds
[2019-12-09T07:52:47.731+0000][1][safepoint    ] Application time: 1.0000779 seconds
[2019-12-09T07:52:47.731+0000][1][safepoint    ] Entering safepoint region: Cleanup
[2019-12-09T07:52:47.731+0000][1][safepoint    ] Leaving safepoint region
[2019-12-09T07:52:47.731+0000][1][safepoint    ] Total time for which application threads were stopped: 0.0000860 seconds, Stopping threads took: 0.0000204 seconds
[2019-12-09T07:52:48.731+0000][1][safepoint    ] Application time: 1.0000778 seconds
[2019-12-09T07:52:48.731+0000][1][safepoint    ] Entering safepoint region: Cleanup
[2019-12-09T07:52:48.731+0000][1][safepoint    ] Leaving safepoint region
[2019-12-09T07:52:48.731+0000][1][safepoint    ] Total time for which application threads were stopped: 0.0000837 seconds, Stopping threads took: 0.0000189 seconds
[2019-12-09T07:52:49.732+0000][1][safepoint    ] Application time: 1.0000785 seconds
[2019-12-09T07:52:49.732+0000][1][safepoint    ] Entering safepoint region: Cleanup
[2019-12-09T07:52:49.732+0000][1][safepoint    ] Leaving safepoint region
[2019-12-09T07:52:49.732+0000][1][safepoint    ] Total time for which application threads were stopped: 0.0000860 seconds, Stopping threads took: 0.0000204 seconds
[2019-12-09T07:52:50.732+0000][1][safepoint    ] Application time: 1.0000773 seconds
[2019-12-09T07:52:50.732+0000][1][safepoint    ] Entering safepoint region: Cleanup
[2019-12-09T07:52:50.732+0000][1][safepoint    ] Leaving safepoint region
[2019-12-09T07:52:50.732+0000][1][safepoint    ] Total time for which application threads were stopped: 0.0000813 seconds, Stopping threads took: 0.0000204 seconds
[2019-12-09T07:52:51.732+0000][1][safepoint    ] Application time: 1.0000746 seconds
[2019-12-09T07:52:51.732+0000][1][safepoint    ] Entering safepoint region: Cleanup
[2019-12-09T07:52:51.732+0000][1][safepoint    ] Leaving safepoint region
[2019-12-09T07:52:51.732+0000][1][safepoint    ] Total time for which application threads were stopped: 0.0000840 seconds, Stopping threads took: 0.0000203 seconds
[2019-12-09T07:52:52.732+0000][1][safepoint    ] Application time: 1.0000751 seconds
[2019-12-09T07:52:52.732+0000][1][safepoint    ] Entering safepoint region: Cleanup
[2019-12-09T07:52:52.732+0000][1][safepoint    ] Leaving safepoint region
[2019-12-09T07:52:52.732+0000][1][safepoint    ] Total time for which application threads were stopped: 0.0000780 seconds, Stopping threads took: 0.0000183 seconds
[2019-12-09T07:52:53.732+0000][1][safepoint    ] Application time: 1.0000752 seconds
[2019-12-09T07:52:53.732+0000][1][safepoint    ] Entering safepoint region: Cleanup
[2019-12-09T07:52:53.732+0000][1][safepoint    ] Leaving safepoint region
[2019-12-09T07:52:53.732+0000][1][safepoint    ] Total time for which application threads were stopped: 0.0000784 seconds, Stopping threads took: 0.0000183 seconds
[2019-12-09T07:52:54.733+0000][1][safepoint    ] Application time: 1.0000764 seconds
[2019-12-09T07:52:54.733+0000][1][safepoint    ] Entering safepoint region: Cleanup
[2019-12-09T07:52:54.733+0000][1][safepoint    ] Leaving safepoint region
[2019-12-09T07:52:54.733+0000][1][safepoint    ] Total time for which application threads were stopped: 0.0000818 seconds, Stopping threads took: 0.0000197 seconds
[2019-12-09T07:52:55.733+0000][1][safepoint    ] Application time: 1.0000747 seconds
[2019-12-09T07:52:55.733+0000][1][safepoint    ] Entering safepoint region: Cleanup
[2019-12-09T07:52:55.733+0000][1][safepoint    ] Leaving safepoint region
[2019-12-09T07:52:55.733+0000][1][safepoint    ] Total time for which application threads were stopped: 0.0000832 seconds, Stopping threads took: 0.0000189 seconds
[2019-12-09T07:52:56.733+0000][1][safepoint    ] Application time: 1.0000758 seconds
[2019-12-09T07:52:56.733+0000][1][safepoint    ] Entering safepoint region: Cleanup
[2019-12-09T07:52:56.733+0000][1][safepoint    ] Leaving safepoint region
[2019-12-09T07:52:56.733+0000][1][safepoint    ] Total time for which application threads were stopped: 0.0000824 seconds, Stopping threads took: 0.0000201 seconds
[2019-12-09T07:52:57.612+0000][1][safepoint    ] Application time: 0.8789622 seconds
[2019-12-09T07:52:57.612+0000][1][safepoint    ] Entering safepoint region: GenCollectForAllocation
[2019-12-09T07:52:57.612+0000][1][gc,start     ] GC(97) Pause Young (Allocation Failure)
[2019-12-09T07:52:57.612+0000][1][gc,task      ] GC(97) Using 2 workers of 2 for evacuation
[2019-12-09T07:52:57.614+0000][1][gc,age       ] GC(97) Desired survivor size 4456448 bytes, new threshold 6 (max threshold 6)
[2019-12-09T07:52:57.614+0000][1][gc,age       ] GC(97) Age table with threshold 6 (max threshold 6)
[2019-12-09T07:52:57.614+0000][1][gc,age       ] GC(97) - age   1:     820904 bytes,     820904 total
[2019-12-09T07:52:57.614+0000][1][gc,age       ] GC(97) - age   2:       1136 bytes,     822040 total
[2019-12-09T07:52:57.614+0000][1][gc,age       ] GC(97) - age   4:        104 bytes,     822144 total
[2019-12-09T07:52:57.614+0000][1][gc,age       ] GC(97) - age   5:        128 bytes,     822272 total
[2019-12-09T07:52:57.614+0000][1][gc,age       ] GC(97) - age   6:        960 bytes,     823232 total
[2019-12-09T07:52:57.614+0000][1][gc,heap      ] GC(97) ParNew: 70919K->888K(78656K)
[2019-12-09T07:52:57.614+0000][1][gc,heap      ] GC(97) CMS: 70955K->70955K(174784K)
[2019-12-09T07:52:57.614+0000][1][gc,metaspace ] GC(97) Metaspace: 76420K->76420K(1120256K)
[2019-12-09T07:52:57.614+0000][1][gc           ] GC(97) Pause Young (Allocation Failure) 138M->70M(247M) 1.938ms
[2019-12-09T07:52:57.614+0000][1][gc,cpu       ] GC(97) User=0.00s Sys=0.00s Real=0.00s
[2019-12-09T07:52:57.614+0000][1][safepoint    ] Leaving safepoint region
[2019-12-09T07:52:57.614+0000][1][safepoint    ] Total time for which application threads were stopped: 0.0020854 seconds, Stopping threads took: 0.0000168 seconds
[2019-12-09T07:52:58.614+0000][1][safepoint    ] Application time: 1.0000866 seconds
[2019-12-09T07:52:58.614+0000][1][safepoint    ] Entering safepoint region: Cleanup
[2019-12-09T07:52:58.614+0000][1][safepoint    ] Leaving safepoint region
[2019-12-09T07:52:58.614+0000][1][safepoint    ] Total time for which application threads were stopped: 0.0000979 seconds, Stopping threads took: 0.0000221 seconds
[2019-12-09T07:52:59.614+0000][1][safepoint    ] Application time: 1.0000742 seconds
[2019-12-09T07:52:59.614+0000][1][safepoint    ] Entering safepoint region: Cleanup
[2019-12-09T07:52:59.614+0000][1][safepoint    ] Leaving safepoint region
[2019-12-09T07:52:59.615+0000][1][safepoint    ] Total time for which application threads were stopped: 0.0000769 seconds, Stopping threads took: 0.0000169 seconds
[2019-12-09T07:53:00.615+0000][1][safepoint    ] Application time: 1.0000760 seconds
[2019-12-09T07:53:00.615+0000][1][safepoint    ] Entering safepoint region: Cleanup
[2019-12-09T07:53:00.615+0000][1][safepoint    ] Leaving safepoint region
[2019-12-09T07:53:00.615+0000][1][safepoint    ] Total time for which application threads were stopped: 0.0000877 seconds, Stopping threads took: 0.0000174 seconds
[2019-12-09T07:53:01.615+0000][1][safepoint    ] Application time: 1.0000747 seconds
[2019-12-09T07:53:01.615+0000][1][safepoint    ] Entering safepoint region: Cleanup
[2019-12-09T07:53:01.615+0000][1][safepoint    ] Leaving safepoint region
[2019-12-09T07:53:01.615+0000][1][safepoint    ] Total time for which application threads were stopped: 0.0000769 seconds, Stopping threads took: 0.0000165 seconds
[2019-12-09T07:53:02.615+0000][1][safepoint    ] Application time: 1.0000737 seconds
[2019-12-09T07:53:02.615+0000][1][safepoint    ] Entering safepoint region: Cleanup
[2019-12-09T07:53:02.615+0000][1][safepoint    ] Leaving safepoint region
[2019-12-09T07:53:02.615+0000][1][safepoint    ] Total time for which application threads were stopped: 0.0000785 seconds, Stopping threads took: 0.0000176 seconds
[2019-12-09T07:53:03.615+0000][1][safepoint    ] Application time: 1.0000770 seconds
[2019-12-09T07:53:03.615+0000][1][safepoint    ] Entering safepoint region: Cleanup
[2019-12-09T07:53:03.615+0000][1][safepoint    ] Leaving safepoint region
[2019-12-09T07:53:03.615+0000][1][safepoint    ] Total time for which application threads were stopped: 0.0000786 seconds, Stopping threads took: 0.0000178 seconds
[2019-12-09T07:53:04.615+0000][1][safepoint    ] Application time: 1.0000774 seconds
[2019-12-09T07:53:04.615+0000][1][safepoint    ] Entering safepoint region: Cleanup
[2019-12-09T07:53:04.615+0000][1][safepoint    ] Leaving safepoint region
[2019-12-09T07:53:04.615+0000][1][safepoint    ] Total time for which application threads were stopped: 0.0000815 seconds, Stopping threads took: 0.0000189 seconds
[2019-12-09T07:53:05.616+0000][1][safepoint    ] Application time: 1.0000791 seconds
[2019-12-09T07:53:05.616+0000][1][safepoint    ] Entering safepoint region: Cleanup
[2019-12-09T07:53:05.616+0000][1][safepoint    ] Leaving safepoint region
[2019-12-09T07:53:05.616+0000][1][safepoint    ] Total time for which application threads were stopped: 0.0000815 seconds, Stopping threads took: 0.0000205 seconds
[2019-12-09T07:53:06.616+0000][1][safepoint    ] Application time: 1.0000976 seconds
[2019-12-09T07:53:06.616+0000][1][safepoint    ] Entering safepoint region: Cleanup
[2019-12-09T07:53:06.616+0000][1][safepoint    ] Leaving safepoint region
[2019-12-09T07:53:06.616+0000][1][safepoint    ] Total time for which application threads were stopped: 0.0000921 seconds, Stopping threads took: 0.0000267 seconds
[2019-12-09T07:53:07.616+0000][1][safepoint    ] Application time: 1.0001129 seconds
[2019-12-09T07:53:07.616+0000][1][safepoint    ] Entering safepoint region: Cleanup
[2019-12-09T07:53:07.616+0000][1][safepoint    ] Leaving safepoint region
[2019-12-09T07:53:07.616+0000][1][safepoint    ] Total time for which application threads were stopped: 0.0000897 seconds, Stopping threads took: 0.0000244 seconds
[2019-12-09T07:53:08.616+0000][1][safepoint    ] Application time: 1.0000849 seconds
[2019-12-09T07:53:08.616+0000][1][safepoint    ] Entering safepoint region: Cleanup
[2019-12-09T07:53:08.616+0000][1][safepoint    ] Leaving safepoint region
[2019-12-09T07:53:08.616+0000][1][safepoint    ] Total time for which application threads were stopped: 0.0001787 seconds, Stopping threads took: 0.0000839 seconds
[2019-12-09T07:53:09.617+0000][1][safepoint    ] Application time: 1.0000802 seconds
[2019-12-09T07:53:09.617+0000][1][safepoint    ] Entering safepoint region: Cleanup
[2019-12-09T07:53:09.617+0000][1][safepoint    ] Leaving safepoint region
[2019-12-09T07:53:09.617+0000][1][safepoint    ] Total time for which application threads were stopped: 0.0000846 seconds, Stopping threads took: 0.0000193 seconds
[2019-12-09T07:53:10.617+0000][1][safepoint    ] Application time: 1.0000751 seconds
[2019-12-09T07:53:10.617+0000][1][safepoint    ] Entering safepoint region: Cleanup
[2019-12-09T07:53:10.617+0000][1][safepoint    ] Leaving safepoint region
[2019-12-09T07:53:10.617+0000][1][safepoint    ] Total time for which application threads were stopped: 0.0000769 seconds, Stopping threads took: 0.0000189 seconds
[2019-12-09T07:53:11.617+0000][1][safepoint    ] Application time: 1.0000727 seconds
[2019-12-09T07:53:11.617+0000][1][safepoint    ] Entering safepoint region: Cleanup
[2019-12-09T07:53:11.617+0000][1][safepoint    ] Leaving safepoint region
[2019-12-09T07:53:11.617+0000][1][safepoint    ] Total time for which application threads were stopped: 0.0000809 seconds, Stopping threads took: 0.0000196 seconds
[2019-12-09T07:53:12.617+0000][1][safepoint    ] Application time: 1.0000741 seconds
[2019-12-09T07:53:12.617+0000][1][safepoint    ] Entering safepoint region: Cleanup
[2019-12-09T07:53:12.617+0000][1][safepoint    ] Leaving safepoint region
[2019-12-09T07:53:12.617+0000][1][safepoint    ] Total time for which application threads were stopped: 0.0000778 seconds, Stopping threads took: 0.0000187 seconds
[2019-12-09T07:53:13.617+0000][1][safepoint    ] Application time: 1.0000745 seconds
[2019-12-09T07:53:13.617+0000][1][safepoint    ] Entering safepoint region: Cleanup
[2019-12-09T07:53:13.617+0000][1][safepoint    ] Leaving safepoint region
[2019-12-09T07:53:13.617+0000][1][safepoint    ] Total time for which application threads were stopped: 0.0000793 seconds, Stopping threads took: 0.0000180 seconds
[2019-12-09T07:53:14.617+0000][1][safepoint    ] Application time: 1.0000743 seconds
[2019-12-09T07:53:14.617+0000][1][safepoint    ] Entering safepoint region: Cleanup
[2019-12-09T07:53:14.618+0000][1][safepoint    ] Leaving safepoint region
[2019-12-09T07:53:14.618+0000][1][safepoint    ] Total time for which application threads were stopped: 0.0000815 seconds, Stopping threads took: 0.0000185 seconds
[2019-12-09T07:53:15.618+0000][1][safepoint    ] Application time: 1.0000750 seconds
[2019-12-09T07:53:15.618+0000][1][safepoint    ] Entering safepoint region: Cleanup
[2019-12-09T07:53:15.618+0000][1][safepoint    ] Leaving safepoint region
[2019-12-09T07:53:15.618+0000][1][safepoint    ] Total time for which application threads were stopped: 0.0000992 seconds, Stopping threads took: 0.0000294 seconds
[2019-12-09T07:53:16.618+0000][1][safepoint    ] Application time: 1.0000743 seconds
[2019-12-09T07:53:16.618+0000][1][safepoint    ] Entering safepoint region: Cleanup
[2019-12-09T07:53:16.618+0000][1][safepoint    ] Leaving safepoint region
[2019-12-09T07:53:16.618+0000][1][safepoint    ] Total time for which application threads were stopped: 0.0000796 seconds, Stopping threads took: 0.0000192 seconds
[2019-12-09T07:53:17.618+0000][1][safepoint    ] Application time: 1.0000755 seconds
[2019-12-09T07:53:17.618+0000][1][safepoint    ] Entering safepoint region: Cleanup
[2019-12-09T07:53:17.618+0000][1][safepoint    ] Leaving safepoint region
[2019-12-09T07:53:17.618+0000][1][safepoint    ] Total time for which application threads were stopped: 0.0000799 seconds, Stopping threads took: 0.0000179 seconds
[2019-12-09T07:53:18.618+0000][1][safepoint    ] Application time: 1.0000752 seconds
[2019-12-09T07:53:18.618+0000][1][safepoint    ] Entering safepoint region: Cleanup
[2019-12-09T07:53:18.618+0000][1][safepoint    ] Leaving safepoint region
[2019-12-09T07:53:18.618+0000][1][safepoint    ] Total time for which application threads were stopped: 0.0000816 seconds, Stopping threads took: 0.0000181 seconds
[2019-12-09T07:53:19.618+0000][1][safepoint    ] Application time: 1.0000763 seconds
[2019-12-09T07:53:19.618+0000][1][safepoint    ] Entering safepoint region: Cleanup
[2019-12-09T07:53:19.619+0000][1][safepoint    ] Leaving safepoint region
[2019-12-09T07:53:19.619+0000][1][safepoint    ] Total time for which application threads were stopped: 0.0000845 seconds, Stopping threads took: 0.0000209 seconds
[2019-12-09T07:53:20.619+0000][1][safepoint    ] Application time: 1.0000758 seconds
[2019-12-09T07:53:20.619+0000][1][safepoint    ] Entering safepoint region: Cleanup
[2019-12-09T07:53:20.619+0000][1][safepoint    ] Leaving safepoint region
[2019-12-09T07:53:20.619+0000][1][safepoint    ] Total time for which application threads were stopped: 0.0001099 seconds, Stopping threads took: 0.0000226 seconds
[2019-12-09T07:53:21.619+0000][1][safepoint    ] Application time: 1.0000756 seconds
[2019-12-09T07:53:21.619+0000][1][safepoint    ] Entering safepoint region: Cleanup
[2019-12-09T07:53:21.619+0000][1][safepoint    ] Leaving safepoint region
[2019-12-09T07:53:21.619+0000][1][safepoint    ] Total time for which application threads were stopped: 0.0000883 seconds, Stopping threads took: 0.0000211 seconds
[2019-12-09T07:53:23.143+0000][1][safepoint    ] Application time: 1.5245045 seconds
[2019-12-09T07:53:23.144+0000][1][safepoint    ] Entering safepoint region: Cleanup
[2019-12-09T07:53:23.144+0000][1][safepoint    ] Leaving safepoint region
[2019-12-09T07:53:23.144+0000][1][safepoint    ] Total time for which application threads were stopped: 0.0000843 seconds, Stopping threads took: 0.0000185 seconds
[2019-12-09T07:53:24.144+0000][1][safepoint    ] Application time: 1.0000842 seconds
[2019-12-09T07:53:24.144+0000][1][safepoint    ] Entering safepoint region: Cleanup
[2019-12-09T07:53:24.144+0000][1][safepoint    ] Leaving safepoint region
[2019-12-09T07:53:24.144+0000][1][safepoint    ] Total time for which application threads were stopped: 0.0000811 seconds, Stopping threads took: 0.0000201 seconds
[2019-12-09T07:53:25.144+0000][1][safepoint    ] Application time: 1.0000762 seconds
[2019-12-09T07:53:25.144+0000][1][safepoint    ] Entering safepoint region: Cleanup
[2019-12-09T07:53:25.144+0000][1][safepoint    ] Leaving safepoint region
[2019-12-09T07:53:25.144+0000][1][safepoint    ] Total time for which application threads were stopped: 0.0000833 seconds, Stopping threads took: 0.0000194 seconds
[2019-12-09T07:53:26.144+0000][1][safepoint    ] Application time: 1.0000760 seconds
[2019-12-09T07:53:26.144+0000][1][safepoint    ] Entering safepoint region: Cleanup
[2019-12-09T07:53:26.144+0000][1][safepoint    ] Leaving safepoint region
[2019-12-09T07:53:26.144+0000][1][safepoint    ] Total time for which application threads were stopped: 0.0000838 seconds, Stopping threads took: 0.0000206 seconds
[2019-12-09T07:53:27.144+0000][1][safepoint    ] Application time: 1.0000751 seconds
[2019-12-09T07:53:27.144+0000][1][safepoint    ] Entering safepoint region: Cleanup
[2019-12-09T07:53:27.144+0000][1][safepoint    ] Leaving safepoint region
[2019-12-09T07:53:27.144+0000][1][safepoint    ] Total time for which application threads were stopped: 0.0000851 seconds, Stopping threads took: 0.0000205 seconds
[2019-12-09T07:53:28.145+0000][1][safepoint    ] Application time: 1.0000756 seconds
[2019-12-09T07:53:28.145+0000][1][safepoint    ] Entering safepoint region: Cleanup
[2019-12-09T07:53:28.145+0000][1][safepoint    ] Leaving safepoint region
[2019-12-09T07:53:28.145+0000][1][safepoint    ] Total time for which application threads were stopped: 0.0000838 seconds, Stopping threads took: 0.0000188 seconds
[2019-12-09T07:53:29.145+0000][1][safepoint    ] Application time: 1.0000747 seconds
[2019-12-09T07:53:29.145+0000][1][safepoint    ] Entering safepoint region: Cleanup
[2019-12-09T07:53:29.145+0000][1][safepoint    ] Leaving safepoint region
[2019-12-09T07:53:29.145+0000][1][safepoint    ] Total time for which application threads were stopped: 0.0000825 seconds, Stopping threads took: 0.0000189 seconds
[2019-12-09T07:53:30.145+0000][1][safepoint    ] Application time: 1.0000761 seconds
[2019-12-09T07:53:30.145+0000][1][safepoint    ] Entering safepoint region: Cleanup
[2019-12-09T07:53:30.145+0000][1][safepoint    ] Leaving safepoint region
[2019-12-09T07:53:30.145+0000][1][safepoint    ] Total time for which application threads were stopped: 0.0000820 seconds, Stopping threads took: 0.0000189 seconds
[2019-12-09T07:53:31.145+0000][1][safepoint    ] Application time: 1.0000764 seconds
[2019-12-09T07:53:31.145+0000][1][safepoint    ] Entering safepoint region: Cleanup
[2019-12-09T07:53:31.145+0000][1][safepoint    ] Leaving safepoint region
[2019-12-09T07:53:31.145+0000][1][safepoint    ] Total time for which application threads were stopped: 0.0000825 seconds, Stopping threads took: 0.0000204 seconds
[2019-12-09T07:53:32.145+0000][1][safepoint    ] Application time: 1.0000730 seconds
[2019-12-09T07:53:32.145+0000][1][safepoint    ] Entering safepoint region: Cleanup
[2019-12-09T07:53:32.145+0000][1][safepoint    ] Leaving safepoint region
[2019-12-09T07:53:32.145+0000][1][safepoint    ] Total time for which application threads were stopped: 0.0000839 seconds, Stopping threads took: 0.0000193 seconds
[2019-12-09T07:53:33.146+0000][1][safepoint    ] Application time: 1.0000753 seconds
[2019-12-09T07:53:33.146+0000][1][safepoint    ] Entering safepoint region: Cleanup
[2019-12-09T07:53:33.146+0000][1][safepoint    ] Leaving safepoint region
[2019-12-09T07:53:33.146+0000][1][safepoint    ] Total time for which application threads were stopped: 0.0000859 seconds, Stopping threads took: 0.0000200 seconds
[2019-12-09T07:53:34.146+0000][1][safepoint    ] Application time: 1.0000836 seconds
[2019-12-09T07:53:34.146+0000][1][safepoint    ] Entering safepoint region: Cleanup
[2019-12-09T07:53:34.146+0000][1][safepoint    ] Leaving safepoint region
[2019-12-09T07:53:34.146+0000][1][safepoint    ] Total time for which application threads were stopped: 0.0000829 seconds, Stopping threads took: 0.0000195 seconds
[2019-12-09T07:53:35.146+0000][1][safepoint    ] Application time: 1.0000768 seconds
[2019-12-09T07:53:35.146+0000][1][safepoint    ] Entering safepoint region: Cleanup
[2019-12-09T07:53:35.146+0000][1][safepoint    ] Leaving safepoint region
[2019-12-09T07:53:35.146+0000][1][safepoint    ] Total time for which application threads were stopped: 0.0000855 seconds, Stopping threads took: 0.0000209 seconds
[2019-12-09T07:53:36.146+0000][1][safepoint    ] Application time: 1.0000752 seconds
[2019-12-09T07:53:36.146+0000][1][safepoint    ] Entering safepoint region: Cleanup
[2019-12-09T07:53:36.146+0000][1][safepoint    ] Leaving safepoint region
[2019-12-09T07:53:36.146+0000][1][safepoint    ] Total time for which application threads were stopped: 0.0000863 seconds, Stopping threads took: 0.0000210 seconds
[2019-12-09T07:53:37.146+0000][1][safepoint    ] Application time: 1.0000757 seconds
[2019-12-09T07:53:37.146+0000][1][safepoint    ] Entering safepoint region: Cleanup
[2019-12-09T07:53:37.146+0000][1][safepoint    ] Leaving safepoint region
[2019-12-09T07:53:37.147+0000][1][safepoint    ] Total time for which application threads were stopped: 0.0000819 seconds, Stopping threads took: 0.0000181 seconds
[2019-12-09T07:53:38.147+0000][1][safepoint    ] Application time: 1.0000757 seconds
[2019-12-09T07:53:38.147+0000][1][safepoint    ] Entering safepoint region: Cleanup
[2019-12-09T07:53:38.147+0000][1][safepoint    ] Leaving safepoint region
[2019-12-09T07:53:38.147+0000][1][safepoint    ] Total time for which application threads were stopped: 0.0000916 seconds, Stopping threads took: 0.0000175 seconds
[2019-12-09T07:53:39.147+0000][1][safepoint    ] Application time: 1.0000751 seconds
[2019-12-09T07:53:39.147+0000][1][safepoint    ] Entering safepoint region: Cleanup
[2019-12-09T07:53:39.147+0000][1][safepoint    ] Leaving safepoint region
[2019-12-09T07:53:39.147+0000][1][safepoint    ] Total time for which application threads were stopped: 0.0000807 seconds, Stopping threads took: 0.0000177 seconds
[2019-12-09T07:53:40.147+0000][1][safepoint    ] Application time: 1.0000749 seconds
[2019-12-09T07:53:40.147+0000][1][safepoint    ] Entering safepoint region: Cleanup
[2019-12-09T07:53:40.147+0000][1][safepoint    ] Leaving safepoint region
[2019-12-09T07:53:40.147+0000][1][safepoint    ] Total time for which application threads were stopped: 0.0000808 seconds, Stopping threads took: 0.0000197 seconds
[2019-12-09T07:53:41.147+0000][1][safepoint    ] Application time: 1.0000747 seconds
[2019-12-09T07:53:41.147+0000][1][safepoint    ] Entering safepoint region: Cleanup
[2019-12-09T07:53:41.147+0000][1][safepoint    ] Leaving safepoint region
[2019-12-09T07:53:41.147+0000][1][safepoint    ] Total time for which application threads were stopped: 0.0000816 seconds, Stopping threads took: 0.0000197 seconds
[2019-12-09T07:53:41.765+0000][1][safepoint    ] Application time: 0.6173977 seconds
[2019-12-09T07:53:41.765+0000][1][safepoint    ] Entering safepoint region: GenCollectForAllocation
[2019-12-09T07:53:41.765+0000][1][gc,start     ] GC(98) Pause Young (Allocation Failure)
[2019-12-09T07:53:41.765+0000][1][gc,task      ] GC(98) Using 2 workers of 2 for evacuation
[2019-12-09T07:53:41.767+0000][1][gc,age       ] GC(98) Desired survivor size 4456448 bytes, new threshold 6 (max threshold 6)
[2019-12-09T07:53:41.767+0000][1][gc,age       ] GC(98) Age table with threshold 6 (max threshold 6)
[2019-12-09T07:53:41.767+0000][1][gc,age       ] GC(98) - age   1:     754352 bytes,     754352 total
[2019-12-09T07:53:41.767+0000][1][gc,age       ] GC(98) - age   2:        192 bytes,     754544 total
[2019-12-09T07:53:41.767+0000][1][gc,age       ] GC(98) - age   3:       1136 bytes,     755680 total
[2019-12-09T07:53:41.767+0000][1][gc,age       ] GC(98) - age   5:        104 bytes,     755784 total
[2019-12-09T07:53:41.767+0000][1][gc,age       ] GC(98) - age   6:        128 bytes,     755912 total
[2019-12-09T07:53:41.767+0000][1][gc,heap      ] GC(98) ParNew: 70803K->825K(78656K)
[2019-12-09T07:53:41.767+0000][1][gc,heap      ] GC(98) CMS: 70955K->70956K(174784K)
[2019-12-09T07:53:41.767+0000][1][gc,metaspace ] GC(98) Metaspace: 76420K->76420K(1120256K)
[2019-12-09T07:53:41.767+0000][1][gc           ] GC(98) Pause Young (Allocation Failure) 138M->70M(247M) 1.897ms
[2019-12-09T07:53:41.767+0000][1][gc,cpu       ] GC(98) User=0.01s Sys=0.00s Real=0.00s
[2019-12-09T07:53:41.767+0000][1][safepoint    ] Leaving safepoint region
[2019-12-09T07:53:41.767+0000][1][safepoint    ] Total time for which application threads were stopped: 0.0020425 seconds, Stopping threads took: 0.0000172 seconds
[2019-12-09T07:53:42.988+0000][1][safepoint    ] Application time: 1.2209904 seconds
[2019-12-09T07:53:42.988+0000][1][safepoint    ] Entering safepoint region: Cleanup
[2019-12-09T07:53:42.988+0000][1][safepoint    ] Leaving safepoint region
[2019-12-09T07:53:42.988+0000][1][safepoint    ] Total time for which application threads were stopped: 0.0000805 seconds, Stopping threads took: 0.0000188 seconds
[2019-12-09T07:53:43.988+0000][1][safepoint    ] Application time: 1.0000777 seconds
[2019-12-09T07:53:43.988+0000][1][safepoint    ] Entering safepoint region: Cleanup
[2019-12-09T07:53:43.988+0000][1][safepoint    ] Leaving safepoint region
[2019-12-09T07:53:43.988+0000][1][safepoint    ] Total time for which application threads were stopped: 0.0000838 seconds, Stopping threads took: 0.0000189 seconds
[2019-12-09T07:53:44.988+0000][1][safepoint    ] Application time: 1.0000861 seconds
[2019-12-09T07:53:44.988+0000][1][safepoint    ] Entering safepoint region: Cleanup
[2019-12-09T07:53:44.988+0000][1][safepoint    ] Leaving safepoint region
[2019-12-09T07:53:44.988+0000][1][safepoint    ] Total time for which application threads were stopped: 0.0001539 seconds, Stopping threads took: 0.0000771 seconds
[2019-12-09T07:53:45.989+0000][1][safepoint    ] Application time: 1.0000838 seconds
[2019-12-09T07:53:45.989+0000][1][safepoint    ] Entering safepoint region: Cleanup
[2019-12-09T07:53:45.989+0000][1][safepoint    ] Leaving safepoint region
[2019-12-09T07:53:45.989+0000][1][safepoint    ] Total time for which application threads were stopped: 0.0000865 seconds, Stopping threads took: 0.0000197 seconds
[2019-12-09T07:53:46.989+0000][1][safepoint    ] Application time: 1.0000754 seconds
[2019-12-09T07:53:46.989+0000][1][safepoint    ] Entering safepoint region: Cleanup
[2019-12-09T07:53:46.989+0000][1][safepoint    ] Leaving safepoint region
[2019-12-09T07:53:46.989+0000][1][safepoint    ] Total time for which application threads were stopped: 0.0000779 seconds, Stopping threads took: 0.0000165 seconds
[2019-12-09T07:53:47.989+0000][1][safepoint    ] Application time: 1.0000779 seconds
[2019-12-09T07:53:47.989+0000][1][safepoint    ] Entering safepoint region: Cleanup
[2019-12-09T07:53:47.989+0000][1][safepoint    ] Leaving safepoint region
[2019-12-09T07:53:47.989+0000][1][safepoint    ] Total time for which application threads were stopped: 0.0000839 seconds, Stopping threads took: 0.0000201 seconds
[2019-12-09T07:53:48.989+0000][1][safepoint    ] Application time: 1.0000811 seconds
[2019-12-09T07:53:48.989+0000][1][safepoint    ] Entering safepoint region: Cleanup
[2019-12-09T07:53:48.989+0000][1][safepoint    ] Leaving safepoint region
[2019-12-09T07:53:48.989+0000][1][safepoint    ] Total time for which application threads were stopped: 0.0000854 seconds, Stopping threads took: 0.0000191 seconds
[2019-12-09T07:53:49.989+0000][1][safepoint    ] Application time: 1.0000811 seconds
[2019-12-09T07:53:49.989+0000][1][safepoint    ] Entering safepoint region: Cleanup
[2019-12-09T07:53:49.989+0000][1][safepoint    ] Leaving safepoint region
[2019-12-09T07:53:49.989+0000][1][safepoint    ] Total time for which application threads were stopped: 0.0000850 seconds, Stopping threads took: 0.0000196 seconds
[2019-12-09T07:53:50.990+0000][1][safepoint    ] Application time: 1.0000789 seconds
[2019-12-09T07:53:50.990+0000][1][safepoint    ] Entering safepoint region: Cleanup
[2019-12-09T07:53:50.990+0000][1][safepoint    ] Leaving safepoint region
[2019-12-09T07:53:50.990+0000][1][safepoint    ] Total time for which application threads were stopped: 0.0001024 seconds, Stopping threads took: 0.0000204 seconds
[2019-12-09T07:53:51.990+0000][1][safepoint    ] Application time: 1.0000786 seconds
[2019-12-09T07:53:51.990+0000][1][safepoint    ] Entering safepoint region: Cleanup
[2019-12-09T07:53:51.990+0000][1][safepoint    ] Leaving safepoint region
[2019-12-09T07:53:51.990+0000][1][safepoint    ] Total time for which application threads were stopped: 0.0000823 seconds, Stopping threads took: 0.0000178 seconds
[2019-12-09T07:53:52.990+0000][1][safepoint    ] Application time: 1.0000793 seconds
[2019-12-09T07:53:52.990+0000][1][safepoint    ] Entering safepoint region: Cleanup
[2019-12-09T07:53:52.990+0000][1][safepoint    ] Leaving safepoint region
[2019-12-09T07:53:52.990+0000][1][safepoint    ] Total time for which application threads were stopped: 0.0000818 seconds, Stopping threads took: 0.0000169 seconds
[2019-12-09T07:53:53.990+0000][1][safepoint    ] Application time: 1.0000775 seconds
[2019-12-09T07:53:53.990+0000][1][safepoint    ] Entering safepoint region: Cleanup
[2019-12-09T07:53:53.990+0000][1][safepoint    ] Leaving safepoint region
[2019-12-09T07:53:53.990+0000][1][safepoint    ] Total time for which application threads were stopped: 0.0000777 seconds, Stopping threads took: 0.0000170 seconds
[2019-12-09T07:53:54.990+0000][1][safepoint    ] Application time: 1.0000771 seconds
[2019-12-09T07:53:54.990+0000][1][safepoint    ] Entering safepoint region: Cleanup
[2019-12-09T07:53:54.991+0000][1][safepoint    ] Leaving safepoint region
[2019-12-09T07:53:54.991+0000][1][safepoint    ] Total time for which application threads were stopped: 0.0000888 seconds, Stopping threads took: 0.0000247 seconds
[2019-12-09T07:53:55.991+0000][1][safepoint    ] Application time: 1.0000765 seconds
[2019-12-09T07:53:55.991+0000][1][safepoint    ] Entering safepoint region: Cleanup
[2019-12-09T07:53:55.991+0000][1][safepoint    ] Leaving safepoint region
[2019-12-09T07:53:55.991+0000][1][safepoint    ] Total time for which application threads were stopped: 0.0000920 seconds, Stopping threads took: 0.0000179 seconds
[2019-12-09T07:53:56.991+0000][1][safepoint    ] Application time: 1.0000789 seconds
[2019-12-09T07:53:56.991+0000][1][safepoint    ] Entering safepoint region: Cleanup
[2019-12-09T07:53:56.991+0000][1][safepoint    ] Leaving safepoint region
[2019-12-09T07:53:56.991+0000][1][safepoint    ] Total time for which application threads were stopped: 0.0000821 seconds, Stopping threads took: 0.0000195 seconds
[2019-12-09T07:53:57.991+0000][1][safepoint    ] Application time: 1.0000775 seconds
[2019-12-09T07:53:57.991+0000][1][safepoint    ] Entering safepoint region: Cleanup
[2019-12-09T07:53:57.991+0000][1][safepoint    ] Leaving safepoint region
[2019-12-09T07:53:57.991+0000][1][safepoint    ] Total time for which application threads were stopped: 0.0000831 seconds, Stopping threads took: 0.0000199 seconds
[2019-12-09T07:53:58.991+0000][1][safepoint    ] Application time: 1.0000781 seconds
[2019-12-09T07:53:58.991+0000][1][safepoint    ] Entering safepoint region: Cleanup
[2019-12-09T07:53:58.991+0000][1][safepoint    ] Leaving safepoint region
[2019-12-09T07:53:58.991+0000][1][safepoint    ] Total time for which application threads were stopped: 0.0000788 seconds, Stopping threads took: 0.0000174 seconds
[2019-12-09T07:53:59.991+0000][1][safepoint    ] Application time: 1.0000765 seconds
[2019-12-09T07:53:59.991+0000][1][safepoint    ] Entering safepoint region: Cleanup
[2019-12-09T07:53:59.992+0000][1][safepoint    ] Leaving safepoint region
[2019-12-09T07:53:59.992+0000][1][safepoint    ] Total time for which application threads were stopped: 0.0000835 seconds, Stopping threads took: 0.0000182 seconds
[2019-12-09T07:54:00.992+0000][1][safepoint    ] Application time: 1.0000774 seconds
[2019-12-09T07:54:00.992+0000][1][safepoint    ] Entering safepoint region: Cleanup
[2019-12-09T07:54:00.992+0000][1][safepoint    ] Leaving safepoint region
[2019-12-09T07:54:00.992+0000][1][safepoint    ] Total time for which application threads were stopped: 0.0000929 seconds, Stopping threads took: 0.0000290 seconds
[2019-12-09T07:54:01.992+0000][1][safepoint    ] Application time: 1.0000766 seconds
[2019-12-09T07:54:01.992+0000][1][safepoint    ] Entering safepoint region: Cleanup
[2019-12-09T07:54:01.992+0000][1][safepoint    ] Leaving safepoint region
[2019-12-09T07:54:01.992+0000][1][safepoint    ] Total time for which application threads were stopped: 0.0000843 seconds, Stopping threads took: 0.0000195 seconds
[2019-12-09T07:54:02.992+0000][1][safepoint    ] Application time: 1.0000752 seconds
[2019-12-09T07:54:02.992+0000][1][safepoint    ] Entering safepoint region: Cleanup
[2019-12-09T07:54:02.992+0000][1][safepoint    ] Leaving safepoint region
[2019-12-09T07:54:02.992+0000][1][safepoint    ] Total time for which application threads were stopped: 0.0000994 seconds, Stopping threads took: 0.0000187 seconds
[2019-12-09T07:54:03.992+0000][1][safepoint    ] Application time: 1.0000749 seconds
[2019-12-09T07:54:03.992+0000][1][safepoint    ] Entering safepoint region: Cleanup
[2019-12-09T07:54:03.992+0000][1][safepoint    ] Leaving safepoint region
[2019-12-09T07:54:03.992+0000][1][safepoint    ] Total time for which application threads were stopped: 0.0000796 seconds, Stopping threads took: 0.0000173 seconds
[2019-12-09T07:54:04.992+0000][1][safepoint    ] Application time: 1.0000768 seconds
[2019-12-09T07:54:04.993+0000][1][safepoint    ] Entering safepoint region: Cleanup
[2019-12-09T07:54:04.993+0000][1][safepoint    ] Leaving safepoint region
[2019-12-09T07:54:04.993+0000][1][safepoint    ] Total time for which application threads were stopped: 0.0000824 seconds, Stopping threads took: 0.0000200 seconds
[2019-12-09T07:54:05.993+0000][1][safepoint    ] Application time: 1.0000782 seconds
[2019-12-09T07:54:05.993+0000][1][safepoint    ] Entering safepoint region: Cleanup
[2019-12-09T07:54:05.993+0000][1][safepoint    ] Leaving safepoint region
[2019-12-09T07:54:05.993+0000][1][safepoint    ] Total time for which application threads were stopped: 0.0000831 seconds, Stopping threads took: 0.0000179 seconds
[2019-12-09T07:54:06.993+0000][1][safepoint    ] Application time: 1.0000751 seconds
[2019-12-09T07:54:06.993+0000][1][safepoint    ] Entering safepoint region: Cleanup
[2019-12-09T07:54:06.993+0000][1][safepoint    ] Leaving safepoint region
[2019-12-09T07:54:06.993+0000][1][safepoint    ] Total time for which application threads were stopped: 0.0000830 seconds, Stopping threads took: 0.0000205 seconds
[2019-12-09T07:54:07.993+0000][1][safepoint    ] Application time: 1.0000762 seconds
[2019-12-09T07:54:07.993+0000][1][safepoint    ] Entering safepoint region: Cleanup
[2019-12-09T07:54:07.993+0000][1][safepoint    ] Leaving safepoint region
[2019-12-09T07:54:07.993+0000][1][safepoint    ] Total time for which application threads were stopped: 0.0000823 seconds, Stopping threads took: 0.0000182 seconds
[2019-12-09T07:54:08.993+0000][1][safepoint    ] Application time: 1.0000762 seconds
[2019-12-09T07:54:08.993+0000][1][safepoint    ] Entering safepoint region: Cleanup
[2019-12-09T07:54:08.993+0000][1][safepoint    ] Leaving safepoint region
[2019-12-09T07:54:08.993+0000][1][safepoint    ] Total time for which application threads were stopped: 0.0000803 seconds, Stopping threads took: 0.0000177 seconds
[2019-12-09T07:54:09.993+0000][1][safepoint    ] Application time: 1.0000749 seconds
[2019-12-09T07:54:09.994+0000][1][safepoint    ] Entering safepoint region: Cleanup
[2019-12-09T07:54:09.994+0000][1][safepoint    ] Leaving safepoint region
[2019-12-09T07:54:09.994+0000][1][safepoint    ] Total time for which application threads were stopped: 0.0000795 seconds, Stopping threads took: 0.0000175 seconds
[2019-12-09T07:54:10.994+0000][1][safepoint    ] Application time: 1.0000837 seconds
[2019-12-09T07:54:10.994+0000][1][safepoint    ] Entering safepoint region: Cleanup
[2019-12-09T07:54:10.994+0000][1][safepoint    ] Leaving safepoint region
[2019-12-09T07:54:10.994+0000][1][safepoint    ] Total time for which application threads were stopped: 0.0000862 seconds, Stopping threads took: 0.0000192 seconds
[2019-12-09T07:54:11.994+0000][1][safepoint    ] Application time: 1.0000754 seconds
[2019-12-09T07:54:11.994+0000][1][safepoint    ] Entering safepoint region: Cleanup
[2019-12-09T07:54:11.994+0000][1][safepoint    ] Leaving safepoint region
[2019-12-09T07:54:11.994+0000][1][safepoint    ] Total time for which application threads were stopped: 0.0000781 seconds, Stopping threads took: 0.0000196 seconds
[2019-12-09T07:54:12.994+0000][1][safepoint    ] Application time: 1.0000751 seconds
[2019-12-09T07:54:12.994+0000][1][safepoint    ] Entering safepoint region: Cleanup
[2019-12-09T07:54:12.994+0000][1][safepoint    ] Leaving safepoint region
[2019-12-09T07:54:12.994+0000][1][safepoint    ] Total time for which application threads were stopped: 0.0000831 seconds, Stopping threads took: 0.0000187 seconds
[2019-12-09T07:54:13.994+0000][1][safepoint    ] Application time: 1.0000760 seconds
[2019-12-09T07:54:13.994+0000][1][safepoint    ] Entering safepoint region: Cleanup
[2019-12-09T07:54:13.994+0000][1][safepoint    ] Leaving safepoint region
[2019-12-09T07:54:13.994+0000][1][safepoint    ] Total time for which application threads were stopped: 0.0000795 seconds, Stopping threads took: 0.0000181 seconds
[2019-12-09T07:54:14.995+0000][1][safepoint    ] Application time: 1.0000764 seconds
[2019-12-09T07:54:14.995+0000][1][safepoint    ] Entering safepoint region: Cleanup
[2019-12-09T07:54:14.995+0000][1][safepoint    ] Leaving safepoint region
[2019-12-09T07:54:14.995+0000][1][safepoint    ] Total time for which application threads were stopped: 0.0000798 seconds, Stopping threads took: 0.0000184 seconds
[2019-12-09T07:54:15.995+0000][1][safepoint    ] Application time: 1.0000752 seconds
[2019-12-09T07:54:15.995+0000][1][safepoint    ] Entering safepoint region: Cleanup
[2019-12-09T07:54:15.995+0000][1][safepoint    ] Leaving safepoint region
[2019-12-09T07:54:15.995+0000][1][safepoint    ] Total time for which application threads were stopped: 0.0000817 seconds, Stopping threads took: 0.0000181 seconds
[2019-12-09T07:54:16.995+0000][1][safepoint    ] Application time: 1.0000764 seconds
[2019-12-09T07:54:16.995+0000][1][safepoint    ] Entering safepoint region: Cleanup
[2019-12-09T07:54:16.995+0000][1][safepoint    ] Leaving safepoint region
[2019-12-09T07:54:16.995+0000][1][safepoint    ] Total time for which application threads were stopped: 0.0000799 seconds, Stopping threads took: 0.0000185 seconds
[2019-12-09T07:54:17.995+0000][1][safepoint    ] Application time: 1.0000746 seconds
[2019-12-09T07:54:17.995+0000][1][safepoint    ] Entering safepoint region: Cleanup
[2019-12-09T07:54:17.995+0000][1][safepoint    ] Leaving safepoint region
[2019-12-09T07:54:17.995+0000][1][safepoint    ] Total time for which application threads were stopped: 0.0000834 seconds, Stopping threads took: 0.0000191 seconds
[2019-12-09T07:54:18.995+0000][1][safepoint    ] Application time: 1.0000767 seconds
[2019-12-09T07:54:18.995+0000][1][safepoint    ] Entering safepoint region: Cleanup
[2019-12-09T07:54:18.995+0000][1][safepoint    ] Leaving safepoint region
[2019-12-09T07:54:18.995+0000][1][safepoint    ] Total time for which application threads were stopped: 0.0000794 seconds, Stopping threads took: 0.0000176 seconds
[2019-12-09T07:54:19.996+0000][1][safepoint    ] Application time: 1.0000764 seconds
[2019-12-09T07:54:19.996+0000][1][safepoint    ] Entering safepoint region: Cleanup
[2019-12-09T07:54:19.996+0000][1][safepoint    ] Leaving safepoint region
[2019-12-09T07:54:19.996+0000][1][safepoint    ] Total time for which application threads were stopped: 0.0000812 seconds, Stopping threads took: 0.0000193 seconds
[2019-12-09T07:54:20.996+0000][1][safepoint    ] Application time: 1.0000757 seconds
[2019-12-09T07:54:20.996+0000][1][safepoint    ] Entering safepoint region: Cleanup
[2019-12-09T07:54:20.996+0000][1][safepoint    ] Leaving safepoint region
[2019-12-09T07:54:20.996+0000][1][safepoint    ] Total time for which application threads were stopped: 0.0000791 seconds, Stopping threads took: 0.0000168 seconds
[2019-12-09T07:54:21.996+0000][1][safepoint    ] Application time: 1.0000743 seconds
[2019-12-09T07:54:21.996+0000][1][safepoint    ] Entering safepoint region: Cleanup
[2019-12-09T07:54:21.996+0000][1][safepoint    ] Leaving safepoint region
[2019-12-09T07:54:21.996+0000][1][safepoint    ] Total time for which application threads were stopped: 0.0000761 seconds, Stopping threads took: 0.0000161 seconds
[2019-12-09T07:54:22.648+0000][1][safepoint    ] Application time: 0.6519733 seconds
[2019-12-09T07:54:22.648+0000][1][safepoint    ] Entering safepoint region: GenCollectForAllocation
[2019-12-09T07:54:22.648+0000][1][gc,start     ] GC(99) Pause Young (Allocation Failure)
[2019-12-09T07:54:22.648+0000][1][gc,task      ] GC(99) Using 2 workers of 2 for evacuation
[2019-12-09T07:54:22.650+0000][1][gc,age       ] GC(99) Desired survivor size 4456448 bytes, new threshold 6 (max threshold 6)
[2019-12-09T07:54:22.650+0000][1][gc,age       ] GC(99) Age table with threshold 6 (max threshold 6)
[2019-12-09T07:54:22.650+0000][1][gc,age       ] GC(99) - age   1:     821512 bytes,     821512 total
[2019-12-09T07:54:22.650+0000][1][gc,age       ] GC(99) - age   2:         96 bytes,     821608 total
[2019-12-09T07:54:22.650+0000][1][gc,age       ] GC(99) - age   4:       1136 bytes,     822744 total
[2019-12-09T07:54:22.650+0000][1][gc,age       ] GC(99) - age   6:        104 bytes,     822848 total
[2019-12-09T07:54:22.650+0000][1][gc,heap      ] GC(99) ParNew: 70751K->823K(78656K)
[2019-12-09T07:54:22.650+0000][1][gc,heap      ] GC(99) CMS: 70956K->70956K(174784K)
[2019-12-09T07:54:22.650+0000][1][gc,metaspace ] GC(99) Metaspace: 76426K->76426K(1120256K)
[2019-12-09T07:54:22.650+0000][1][gc           ] GC(99) Pause Young (Allocation Failure) 138M->70M(247M) 1.933ms
[2019-12-09T07:54:22.650+0000][1][gc,cpu       ] GC(99) User=0.01s Sys=0.00s Real=0.00s
[2019-12-09T07:54:22.650+0000][1][safepoint    ] Leaving safepoint region
[2019-12-09T07:54:22.650+0000][1][safepoint    ] Total time for which application threads were stopped: 0.0020870 seconds, Stopping threads took: 0.0000207 seconds
[2019-12-09T07:54:23.650+0000][1][safepoint    ] Application time: 1.0000868 seconds
[2019-12-09T07:54:23.650+0000][1][safepoint    ] Entering safepoint region: Cleanup
[2019-12-09T07:54:23.650+0000][1][safepoint    ] Leaving safepoint region
[2019-12-09T07:54:23.650+0000][1][safepoint    ] Total time for which application threads were stopped: 0.0000912 seconds, Stopping threads took: 0.0000251 seconds
[2019-12-09T07:54:24.650+0000][1][safepoint    ] Application time: 1.0000850 seconds
[2019-12-09T07:54:24.650+0000][1][safepoint    ] Entering safepoint region: Cleanup
[2019-12-09T07:54:24.651+0000][1][safepoint    ] Leaving safepoint region
[2019-12-09T07:54:24.651+0000][1][safepoint    ] Total time for which application threads were stopped: 0.0000860 seconds, Stopping threads took: 0.0000198 seconds
[2019-12-09T07:54:25.651+0000][1][safepoint    ] Application time: 1.0000823 seconds
[2019-12-09T07:54:25.651+0000][1][safepoint    ] Entering safepoint region: Cleanup
[2019-12-09T07:54:25.651+0000][1][safepoint    ] Leaving safepoint region
[2019-12-09T07:54:25.651+0000][1][safepoint    ] Total time for which application threads were stopped: 0.0000954 seconds, Stopping threads took: 0.0000297 seconds
[2019-12-09T07:54:26.651+0000][1][safepoint    ] Application time: 1.0000800 seconds
[2019-12-09T07:54:26.651+0000][1][safepoint    ] Entering safepoint region: Cleanup
[2019-12-09T07:54:26.651+0000][1][safepoint    ] Leaving safepoint region
[2019-12-09T07:54:26.651+0000][1][safepoint    ] Total time for which application threads were stopped: 0.0000849 seconds, Stopping threads took: 0.0000198 seconds
[2019-12-09T07:54:27.651+0000][1][safepoint    ] Application time: 1.0000758 seconds
[2019-12-09T07:54:27.651+0000][1][safepoint    ] Entering safepoint region: Cleanup
[2019-12-09T07:54:27.651+0000][1][safepoint    ] Leaving safepoint region
[2019-12-09T07:54:27.651+0000][1][safepoint    ] Total time for which application threads were stopped: 0.0001078 seconds, Stopping threads took: 0.0000246 seconds
[2019-12-09T07:54:28.651+0000][1][safepoint    ] Application time: 1.0000762 seconds
[2019-12-09T07:54:28.651+0000][1][safepoint    ] Entering safepoint region: Cleanup
[2019-12-09T07:54:28.651+0000][1][safepoint    ] Leaving safepoint region
[2019-12-09T07:54:28.651+0000][1][safepoint    ] Total time for which application threads were stopped: 0.0000825 seconds, Stopping threads took: 0.0000194 seconds
[2019-12-09T07:54:29.652+0000][1][safepoint    ] Application time: 1.0000767 seconds
[2019-12-09T07:54:29.652+0000][1][safepoint    ] Entering safepoint region: Cleanup
[2019-12-09T07:54:29.652+0000][1][safepoint    ] Leaving safepoint region
[2019-12-09T07:54:29.652+0000][1][safepoint    ] Total time for which application threads were stopped: 0.0000815 seconds, Stopping threads took: 0.0000172 seconds
[2019-12-09T07:54:30.652+0000][1][safepoint    ] Application time: 1.0000859 seconds
[2019-12-09T07:54:30.652+0000][1][safepoint    ] Entering safepoint region: Cleanup
[2019-12-09T07:54:30.652+0000][1][safepoint    ] Leaving safepoint region
[2019-12-09T07:54:30.652+0000][1][safepoint    ] Total time for which application threads were stopped: 0.0000823 seconds, Stopping threads took: 0.0000196 seconds
[2019-12-09T07:54:31.652+0000][1][safepoint    ] Application time: 1.0000783 seconds
[2019-12-09T07:54:31.652+0000][1][safepoint    ] Entering safepoint region: Cleanup
[2019-12-09T07:54:31.652+0000][1][safepoint    ] Leaving safepoint region
[2019-12-09T07:54:31.652+0000][1][safepoint    ] Total time for which application threads were stopped: 0.0000954 seconds, Stopping threads took: 0.0000201 seconds
[2019-12-09T07:54:32.652+0000][1][safepoint    ] Application time: 1.0000805 seconds
[2019-12-09T07:54:32.652+0000][1][safepoint    ] Entering safepoint region: Cleanup
[2019-12-09T07:54:32.652+0000][1][safepoint    ] Leaving safepoint region
[2019-12-09T07:54:32.652+0000][1][safepoint    ] Total time for which application threads were stopped: 0.0000853 seconds, Stopping threads took: 0.0000199 seconds
[2019-12-09T07:54:33.652+0000][1][safepoint    ] Application time: 1.0001568 seconds
[2019-12-09T07:54:33.653+0000][1][safepoint    ] Entering safepoint region: Cleanup
[2019-12-09T07:54:33.653+0000][1][safepoint    ] Leaving safepoint region
[2019-12-09T07:54:33.653+0000][1][safepoint    ] Total time for which application threads were stopped: 0.0000857 seconds, Stopping threads took: 0.0000194 seconds
[2019-12-09T07:54:34.653+0000][1][safepoint    ] Application time: 1.0001002 seconds
[2019-12-09T07:54:34.653+0000][1][safepoint    ] Entering safepoint region: Cleanup
[2019-12-09T07:54:34.653+0000][1][safepoint    ] Leaving safepoint region
[2019-12-09T07:54:34.653+0000][1][safepoint    ] Total time for which application threads were stopped: 0.0001136 seconds, Stopping threads took: 0.0000259 seconds
[2019-12-09T07:54:35.653+0000][1][safepoint    ] Application time: 1.0000768 seconds
[2019-12-09T07:54:35.653+0000][1][safepoint    ] Entering safepoint region: Cleanup
[2019-12-09T07:54:35.653+0000][1][safepoint    ] Leaving safepoint region
[2019-12-09T07:54:35.653+0000][1][safepoint    ] Total time for which application threads were stopped: 0.0000991 seconds, Stopping threads took: 0.0000301 seconds
[2019-12-09T07:54:37.037+0000][1][safepoint    ] Application time: 1.3842535 seconds
[2019-12-09T07:54:37.037+0000][1][safepoint    ] Entering safepoint region: Cleanup
[2019-12-09T07:54:37.037+0000][1][safepoint    ] Leaving safepoint region
[2019-12-09T07:54:37.037+0000][1][safepoint    ] Total time for which application threads were stopped: 0.0000820 seconds, Stopping threads took: 0.0000201 seconds
[2019-12-09T07:54:38.038+0000][1][safepoint    ] Application time: 1.0000765 seconds
[2019-12-09T07:54:38.038+0000][1][safepoint    ] Entering safepoint region: Cleanup
[2019-12-09T07:54:38.038+0000][1][safepoint    ] Leaving safepoint region
[2019-12-09T07:54:38.038+0000][1][safepoint    ] Total time for which application threads were stopped: 0.0000939 seconds, Stopping threads took: 0.0000209 seconds
[2019-12-09T07:54:39.038+0000][1][safepoint    ] Application time: 1.0000873 seconds
[2019-12-09T07:54:39.038+0000][1][safepoint    ] Entering safepoint region: Cleanup
[2019-12-09T07:54:39.038+0000][1][safepoint    ] Leaving safepoint region
[2019-12-09T07:54:39.038+0000][1][safepoint    ] Total time for which application threads were stopped: 0.0001159 seconds, Stopping threads took: 0.0000261 seconds
[2019-12-09T07:54:40.038+0000][1][safepoint    ] Application time: 1.0000791 seconds
[2019-12-09T07:54:40.038+0000][1][safepoint    ] Entering safepoint region: Cleanup
[2019-12-09T07:54:40.038+0000][1][safepoint    ] Leaving safepoint region
[2019-12-09T07:54:40.038+0000][1][safepoint    ] Total time for which application threads were stopped: 0.0000819 seconds, Stopping threads took: 0.0000194 seconds
[2019-12-09T07:54:41.038+0000][1][safepoint    ] Application time: 1.0000749 seconds
[2019-12-09T07:54:41.038+0000][1][safepoint    ] Entering safepoint region: Cleanup
[2019-12-09T07:54:41.038+0000][1][safepoint    ] Leaving safepoint region
[2019-12-09T07:54:41.038+0000][1][safepoint    ] Total time for which application threads were stopped: 0.0000793 seconds, Stopping threads took: 0.0000175 seconds
[2019-12-09T07:54:42.038+0000][1][safepoint    ] Application time: 1.0000758 seconds
[2019-12-09T07:54:42.038+0000][1][safepoint    ] Entering safepoint region: Cleanup
[2019-12-09T07:54:42.039+0000][1][safepoint    ] Leaving safepoint region
[2019-12-09T07:54:42.039+0000][1][safepoint    ] Total time for which application threads were stopped: 0.0000822 seconds, Stopping threads took: 0.0000192 seconds
[2019-12-09T07:54:43.039+0000][1][safepoint    ] Application time: 1.0000774 seconds
[2019-12-09T07:54:43.039+0000][1][safepoint    ] Entering safepoint region: Cleanup
[2019-12-09T07:54:43.039+0000][1][safepoint    ] Leaving safepoint region
[2019-12-09T07:54:43.039+0000][1][safepoint    ] Total time for which application threads were stopped: 0.0000849 seconds, Stopping threads took: 0.0000202 seconds
[2019-12-09T07:54:44.039+0000][1][safepoint    ] Application time: 1.0000774 seconds
[2019-12-09T07:54:44.039+0000][1][safepoint    ] Entering safepoint region: Cleanup
[2019-12-09T07:54:44.039+0000][1][safepoint    ] Leaving safepoint region
[2019-12-09T07:54:44.039+0000][1][safepoint    ] Total time for which application threads were stopped: 0.0000834 seconds, Stopping threads took: 0.0000200 seconds
[2019-12-09T07:54:45.039+0000][1][safepoint    ] Application time: 1.0000761 seconds
[2019-12-09T07:54:45.039+0000][1][safepoint    ] Entering safepoint region: Cleanup
[2019-12-09T07:54:45.039+0000][1][safepoint    ] Leaving safepoint region
[2019-12-09T07:54:45.039+0000][1][safepoint    ] Total time for which application threads were stopped: 0.0000865 seconds, Stopping threads took: 0.0000210 seconds
[2019-12-09T07:54:46.039+0000][1][safepoint    ] Application time: 1.0000746 seconds
[2019-12-09T07:54:46.039+0000][1][safepoint    ] Entering safepoint region: Cleanup
[2019-12-09T07:54:46.039+0000][1][safepoint    ] Leaving safepoint region
[2019-12-09T07:54:46.039+0000][1][safepoint    ] Total time for which application threads were stopped: 0.0000828 seconds, Stopping threads took: 0.0000196 seconds
[2019-12-09T07:54:47.039+0000][1][safepoint    ] Application time: 1.0000757 seconds
[2019-12-09T07:54:47.040+0000][1][safepoint    ] Entering safepoint region: Cleanup
[2019-12-09T07:54:47.040+0000][1][safepoint    ] Leaving safepoint region
[2019-12-09T07:54:47.040+0000][1][safepoint    ] Total time for which application threads were stopped: 0.0000822 seconds, Stopping threads took: 0.0000188 seconds
[2019-12-09T07:54:48.040+0000][1][safepoint    ] Application time: 1.0000748 seconds
[2019-12-09T07:54:48.040+0000][1][safepoint    ] Entering safepoint region: Cleanup
[2019-12-09T07:54:48.040+0000][1][safepoint    ] Leaving safepoint region
[2019-12-09T07:54:48.040+0000][1][safepoint    ] Total time for which application threads were stopped: 0.0000863 seconds, Stopping threads took: 0.0000214 seconds
[2019-12-09T07:54:49.040+0000][1][safepoint    ] Application time: 1.0000765 seconds
[2019-12-09T07:54:49.040+0000][1][safepoint    ] Entering safepoint region: Cleanup
[2019-12-09T07:54:49.040+0000][1][safepoint    ] Leaving safepoint region
[2019-12-09T07:54:49.040+0000][1][safepoint    ] Total time for which application threads were stopped: 0.0000831 seconds, Stopping threads took: 0.0000189 seconds
[2019-12-09T07:54:50.040+0000][1][safepoint    ] Application time: 1.0000768 seconds
[2019-12-09T07:54:50.040+0000][1][safepoint    ] Entering safepoint region: Cleanup
[2019-12-09T07:54:50.040+0000][1][safepoint    ] Leaving safepoint region
[2019-12-09T07:54:50.040+0000][1][safepoint    ] Total time for which application threads were stopped: 0.0000835 seconds, Stopping threads took: 0.0000195 seconds
[2019-12-09T07:54:51.040+0000][1][safepoint    ] Application time: 1.0000742 seconds
[2019-12-09T07:54:51.040+0000][1][safepoint    ] Entering safepoint region: Cleanup
[2019-12-09T07:54:51.040+0000][1][safepoint    ] Leaving safepoint region
[2019-12-09T07:54:51.040+0000][1][safepoint    ] Total time for which application threads were stopped: 0.0000814 seconds, Stopping threads took: 0.0000173 seconds
[2019-12-09T07:54:52.041+0000][1][safepoint    ] Application time: 1.0000756 seconds
[2019-12-09T07:54:52.041+0000][1][safepoint    ] Entering safepoint region: Cleanup
[2019-12-09T07:54:52.041+0000][1][safepoint    ] Leaving safepoint region
[2019-12-09T07:54:52.041+0000][1][safepoint    ] Total time for which application threads were stopped: 0.0000839 seconds, Stopping threads took: 0.0000194 seconds
[2019-12-09T07:54:53.041+0000][1][safepoint    ] Application time: 1.0000776 seconds
[2019-12-09T07:54:53.041+0000][1][safepoint    ] Entering safepoint region: Cleanup
[2019-12-09T07:54:53.041+0000][1][safepoint    ] Leaving safepoint region
[2019-12-09T07:54:53.041+0000][1][safepoint    ] Total time for which application threads were stopped: 0.0000924 seconds, Stopping threads took: 0.0000268 seconds
[2019-12-09T07:54:54.542+0000][1][safepoint    ] Application time: 1.5008014 seconds
[2019-12-09T07:54:54.542+0000][1][safepoint    ] Entering safepoint region: Cleanup
[2019-12-09T07:54:54.542+0000][1][safepoint    ] Leaving safepoint region
[2019-12-09T07:54:54.542+0000][1][safepoint    ] Total time for which application threads were stopped: 0.0000919 seconds, Stopping threads took: 0.0000193 seconds
[2019-12-09T07:54:55.542+0000][1][safepoint    ] Application time: 1.0000831 seconds
[2019-12-09T07:54:55.542+0000][1][safepoint    ] Entering safepoint region: Cleanup
[2019-12-09T07:54:55.542+0000][1][safepoint    ] Leaving safepoint region
[2019-12-09T07:54:55.542+0000][1][safepoint    ] Total time for which application threads were stopped: 0.0000957 seconds, Stopping threads took: 0.0000297 seconds
[2019-12-09T07:54:56.542+0000][1][safepoint    ] Application time: 1.0000799 seconds
[2019-12-09T07:54:56.542+0000][1][safepoint    ] Entering safepoint region: Cleanup
[2019-12-09T07:54:56.542+0000][1][safepoint    ] Leaving safepoint region
[2019-12-09T07:54:56.542+0000][1][safepoint    ] Total time for which application threads were stopped: 0.0000856 seconds, Stopping threads took: 0.0000206 seconds
[2019-12-09T07:54:57.542+0000][1][safepoint    ] Application time: 1.0000771 seconds
[2019-12-09T07:54:57.542+0000][1][safepoint    ] Entering safepoint region: Cleanup
[2019-12-09T07:54:57.542+0000][1][safepoint    ] Leaving safepoint region
[2019-12-09T07:54:57.542+0000][1][safepoint    ] Total time for which application threads were stopped: 0.0000835 seconds, Stopping threads took: 0.0000212 seconds
[2019-12-09T07:54:58.543+0000][1][safepoint    ] Application time: 1.0000751 seconds
[2019-12-09T07:54:58.543+0000][1][safepoint    ] Entering safepoint region: Cleanup
[2019-12-09T07:54:58.543+0000][1][safepoint    ] Leaving safepoint region
[2019-12-09T07:54:58.543+0000][1][safepoint    ] Total time for which application threads were stopped: 0.0000818 seconds, Stopping threads took: 0.0000181 seconds
[2019-12-09T07:54:59.543+0000][1][safepoint    ] Application time: 1.0000755 seconds
[2019-12-09T07:54:59.543+0000][1][safepoint    ] Entering safepoint region: Cleanup
[2019-12-09T07:54:59.543+0000][1][safepoint    ] Leaving safepoint region
[2019-12-09T07:54:59.543+0000][1][safepoint    ] Total time for which application threads were stopped: 0.0000863 seconds, Stopping threads took: 0.0000208 seconds
[2019-12-09T07:55:00.543+0000][1][safepoint    ] Application time: 1.0000797 seconds
[2019-12-09T07:55:00.543+0000][1][safepoint    ] Entering safepoint region: Cleanup
[2019-12-09T07:55:00.543+0000][1][safepoint    ] Leaving safepoint region
[2019-12-09T07:55:00.543+0000][1][safepoint    ] Total time for which application threads were stopped: 0.0000826 seconds, Stopping threads took: 0.0000193 seconds
[2019-12-09T07:55:01.543+0000][1][safepoint    ] Application time: 1.0001063 seconds
[2019-12-09T07:55:01.543+0000][1][safepoint    ] Entering safepoint region: Cleanup
[2019-12-09T07:55:01.543+0000][1][safepoint    ] Leaving safepoint region
[2019-12-09T07:55:01.543+0000][1][safepoint    ] Total time for which application threads were stopped: 0.0001290 seconds, Stopping threads took: 0.0000293 seconds
[2019-12-09T07:55:02.543+0000][1][safepoint    ] Application time: 1.0000813 seconds
[2019-12-09T07:55:02.544+0000][1][safepoint    ] Entering safepoint region: Cleanup
[2019-12-09T07:55:02.544+0000][1][safepoint    ] Leaving safepoint region
[2019-12-09T07:55:02.544+0000][1][safepoint    ] Total time for which application threads were stopped: 0.0000855 seconds, Stopping threads took: 0.0000196 seconds
[2019-12-09T07:55:03.544+0000][1][safepoint    ] Application time: 1.0000819 seconds
[2019-12-09T07:55:03.544+0000][1][safepoint    ] Entering safepoint region: Cleanup
[2019-12-09T07:55:03.544+0000][1][safepoint    ] Leaving safepoint region
[2019-12-09T07:55:03.544+0000][1][safepoint    ] Total time for which application threads were stopped: 0.0001140 seconds, Stopping threads took: 0.0000238 seconds
[2019-12-09T07:55:04.544+0000][1][safepoint    ] Application time: 1.0000768 seconds
[2019-12-09T07:55:04.544+0000][1][safepoint    ] Entering safepoint region: Cleanup
[2019-12-09T07:55:04.544+0000][1][safepoint    ] Leaving safepoint region
[2019-12-09T07:55:04.544+0000][1][safepoint    ] Total time for which application threads were stopped: 0.0000861 seconds, Stopping threads took: 0.0000214 seconds
[2019-12-09T07:55:05.544+0000][1][safepoint    ] Application time: 1.0000778 seconds
[2019-12-09T07:55:05.544+0000][1][safepoint    ] Entering safepoint region: Cleanup
[2019-12-09T07:55:05.544+0000][1][safepoint    ] Leaving safepoint region
[2019-12-09T07:55:05.544+0000][1][safepoint    ] Total time for which application threads were stopped: 0.0000839 seconds, Stopping threads took: 0.0000208 seconds
[2019-12-09T07:55:06.544+0000][1][safepoint    ] Application time: 1.0000761 seconds
[2019-12-09T07:55:06.544+0000][1][safepoint    ] Entering safepoint region: Cleanup
[2019-12-09T07:55:06.544+0000][1][safepoint    ] Leaving safepoint region
[2019-12-09T07:55:06.544+0000][1][safepoint    ] Total time for which application threads were stopped: 0.0000866 seconds, Stopping threads took: 0.0000209 seconds
[2019-12-09T07:55:06.600+0000][1][safepoint    ] Application time: 0.0556565 seconds
[2019-12-09T07:55:06.600+0000][1][safepoint    ] Entering safepoint region: GenCollectForAllocation
[2019-12-09T07:55:06.600+0000][1][gc,start     ] GC(100) Pause Young (Allocation Failure)
[2019-12-09T07:55:06.600+0000][1][gc,task      ] GC(100) Using 2 workers of 2 for evacuation
[2019-12-09T07:55:06.602+0000][1][gc,age       ] GC(100) Desired survivor size 4456448 bytes, new threshold 6 (max threshold 6)
[2019-12-09T07:55:06.602+0000][1][gc,age       ] GC(100) Age table with threshold 6 (max threshold 6)
[2019-12-09T07:55:06.602+0000][1][gc,age       ] GC(100) - age   1:    1019720 bytes,    1019720 total
[2019-12-09T07:55:06.602+0000][1][gc,age       ] GC(100) - age   2:        536 bytes,    1020256 total
[2019-12-09T07:55:06.602+0000][1][gc,age       ] GC(100) - age   5:       1136 bytes,    1021392 total
[2019-12-09T07:55:06.602+0000][1][gc,heap      ] GC(100) ParNew: 70775K->1297K(78656K)
[2019-12-09T07:55:06.602+0000][1][gc,heap      ] GC(100) CMS: 70956K->70957K(174784K)
[2019-12-09T07:55:06.602+0000][1][gc,metaspace ] GC(100) Metaspace: 76427K->76427K(1120256K)
[2019-12-09T07:55:06.602+0000][1][gc           ] GC(100) Pause Young (Allocation Failure) 138M->70M(247M) 2.116ms
[2019-12-09T07:55:06.602+0000][1][gc,cpu       ] GC(100) User=0.00s Sys=0.00s Real=0.00s
[2019-12-09T07:55:06.602+0000][1][safepoint    ] Leaving safepoint region
[2019-12-09T07:55:06.602+0000][1][safepoint    ] Total time for which application threads were stopped: 0.0022711 seconds, Stopping threads took: 0.0000161 seconds
[2019-12-09T07:55:07.603+0000][1][safepoint    ] Application time: 1.0000878 seconds
[2019-12-09T07:55:07.603+0000][1][safepoint    ] Entering safepoint region: Cleanup
[2019-12-09T07:55:07.603+0000][1][safepoint    ] Leaving safepoint region
[2019-12-09T07:55:07.603+0000][1][safepoint    ] Total time for which application threads were stopped: 0.0000826 seconds, Stopping threads took: 0.0000190 seconds
[2019-12-09T07:55:08.603+0000][1][safepoint    ] Application time: 1.0000756 seconds
[2019-12-09T07:55:08.603+0000][1][safepoint    ] Entering safepoint region: Cleanup
[2019-12-09T07:55:08.603+0000][1][safepoint    ] Leaving safepoint region
[2019-12-09T07:55:08.603+0000][1][safepoint    ] Total time for which application threads were stopped: 0.0000846 seconds, Stopping threads took: 0.0000201 seconds
[2019-12-09T07:55:09.603+0000][1][safepoint    ] Application time: 1.0000768 seconds
[2019-12-09T07:55:09.603+0000][1][safepoint    ] Entering safepoint region: Cleanup
[2019-12-09T07:55:09.603+0000][1][safepoint    ] Leaving safepoint region
[2019-12-09T07:55:09.603+0000][1][safepoint    ] Total time for which application threads were stopped: 0.0000865 seconds, Stopping threads took: 0.0000203 seconds
[2019-12-09T07:55:10.603+0000][1][safepoint    ] Application time: 1.0000755 seconds
[2019-12-09T07:55:10.603+0000][1][safepoint    ] Entering safepoint region: Cleanup
[2019-12-09T07:55:10.603+0000][1][safepoint    ] Leaving safepoint region
[2019-12-09T07:55:10.603+0000][1][safepoint    ] Total time for which application threads were stopped: 0.0000854 seconds, Stopping threads took: 0.0000190 seconds
[2019-12-09T07:55:11.603+0000][1][safepoint    ] Application time: 1.0000758 seconds
[2019-12-09T07:55:11.603+0000][1][safepoint    ] Entering safepoint region: Cleanup
[2019-12-09T07:55:11.603+0000][1][safepoint    ] Leaving safepoint region
[2019-12-09T07:55:11.603+0000][1][safepoint    ] Total time for which application threads were stopped: 0.0000861 seconds, Stopping threads took: 0.0000212 seconds
[2019-12-09T07:55:12.604+0000][1][safepoint    ] Application time: 1.0000762 seconds
[2019-12-09T07:55:12.604+0000][1][safepoint    ] Entering safepoint region: Cleanup
[2019-12-09T07:55:12.604+0000][1][safepoint    ] Leaving safepoint region
[2019-12-09T07:55:12.604+0000][1][safepoint    ] Total time for which application threads were stopped: 0.0000972 seconds, Stopping threads took: 0.0000209 seconds
[2019-12-09T07:55:13.604+0000][1][safepoint    ] Application time: 1.0000754 seconds
[2019-12-09T07:55:13.604+0000][1][safepoint    ] Entering safepoint region: Cleanup
[2019-12-09T07:55:13.604+0000][1][safepoint    ] Leaving safepoint region
[2019-12-09T07:55:13.604+0000][1][safepoint    ] Total time for which application threads were stopped: 0.0000889 seconds, Stopping threads took: 0.0000193 seconds
[2019-12-09T07:55:14.604+0000][1][safepoint    ] Application time: 1.0000759 seconds
[2019-12-09T07:55:14.604+0000][1][safepoint    ] Entering safepoint region: Cleanup
[2019-12-09T07:55:14.604+0000][1][safepoint    ] Leaving safepoint region
[2019-12-09T07:55:14.604+0000][1][safepoint    ] Total time for which application threads were stopped: 0.0000825 seconds, Stopping threads took: 0.0000183 seconds
[2019-12-09T07:55:15.604+0000][1][safepoint    ] Application time: 1.0000760 seconds
[2019-12-09T07:55:15.604+0000][1][safepoint    ] Entering safepoint region: Cleanup
[2019-12-09T07:55:15.604+0000][1][safepoint    ] Leaving safepoint region
[2019-12-09T07:55:15.604+0000][1][safepoint    ] Total time for which application threads were stopped: 0.0000901 seconds, Stopping threads took: 0.0000274 seconds
[2019-12-09T07:55:16.604+0000][1][safepoint    ] Application time: 1.0000786 seconds
[2019-12-09T07:55:16.604+0000][1][safepoint    ] Entering safepoint region: Cleanup
[2019-12-09T07:55:16.605+0000][1][safepoint    ] Leaving safepoint region
[2019-12-09T07:55:16.605+0000][1][safepoint    ] Total time for which application threads were stopped: 0.0000814 seconds, Stopping threads took: 0.0000186 seconds
[2019-12-09T07:55:17.605+0000][1][safepoint    ] Application time: 1.0000754 seconds
[2019-12-09T07:55:17.605+0000][1][safepoint    ] Entering safepoint region: Cleanup
[2019-12-09T07:55:17.605+0000][1][safepoint    ] Leaving safepoint region
[2019-12-09T07:55:17.605+0000][1][safepoint    ] Total time for which application threads were stopped: 0.0001019 seconds, Stopping threads took: 0.0000205 seconds
[2019-12-09T07:55:18.605+0000][1][safepoint    ] Application time: 1.0000768 seconds
[2019-12-09T07:55:18.605+0000][1][safepoint    ] Entering safepoint region: Cleanup
[2019-12-09T07:55:18.605+0000][1][safepoint    ] Leaving safepoint region
[2019-12-09T07:55:18.605+0000][1][safepoint    ] Total time for which application threads were stopped: 0.0000820 seconds, Stopping threads took: 0.0000178 seconds
[2019-12-09T07:55:19.605+0000][1][safepoint    ] Application time: 1.0000753 seconds
[2019-12-09T07:55:19.605+0000][1][safepoint    ] Entering safepoint region: Cleanup
[2019-12-09T07:55:19.605+0000][1][safepoint    ] Leaving safepoint region
[2019-12-09T07:55:19.605+0000][1][safepoint    ] Total time for which application threads were stopped: 0.0000812 seconds, Stopping threads took: 0.0000190 seconds
[2019-12-09T07:55:21.433+0000][1][safepoint    ] Application time: 1.8280221 seconds
[2019-12-09T07:55:21.433+0000][1][safepoint    ] Entering safepoint region: Cleanup
[2019-12-09T07:55:21.433+0000][1][safepoint    ] Leaving safepoint region
[2019-12-09T07:55:21.433+0000][1][safepoint    ] Total time for which application threads were stopped: 0.0000832 seconds, Stopping threads took: 0.0000182 seconds
[2019-12-09T07:55:22.433+0000][1][safepoint    ] Application time: 1.0000761 seconds
[2019-12-09T07:55:22.433+0000][1][safepoint    ] Entering safepoint region: Cleanup
[2019-12-09T07:55:22.434+0000][1][safepoint    ] Leaving safepoint region
[2019-12-09T07:55:22.434+0000][1][safepoint    ] Total time for which application threads were stopped: 0.0000866 seconds, Stopping threads took: 0.0000210 seconds
[2019-12-09T07:55:23.434+0000][1][safepoint    ] Application time: 1.0000762 seconds
[2019-12-09T07:55:23.434+0000][1][safepoint    ] Entering safepoint region: Cleanup
[2019-12-09T07:55:23.434+0000][1][safepoint    ] Leaving safepoint region
[2019-12-09T07:55:23.434+0000][1][safepoint    ] Total time for which application threads were stopped: 0.0000935 seconds, Stopping threads took: 0.0000190 seconds
[2019-12-09T07:55:24.434+0000][1][safepoint    ] Application time: 1.0000770 seconds
[2019-12-09T07:55:24.434+0000][1][safepoint    ] Entering safepoint region: Cleanup
[2019-12-09T07:55:24.434+0000][1][safepoint    ] Leaving safepoint region
[2019-12-09T07:55:24.434+0000][1][safepoint    ] Total time for which application threads were stopped: 0.0000947 seconds, Stopping threads took: 0.0000195 seconds
[2019-12-09T07:55:25.434+0000][1][safepoint    ] Application time: 1.0000757 seconds
[2019-12-09T07:55:25.434+0000][1][safepoint    ] Entering safepoint region: Cleanup
[2019-12-09T07:55:25.434+0000][1][safepoint    ] Leaving safepoint region
[2019-12-09T07:55:25.434+0000][1][safepoint    ] Total time for which application threads were stopped: 0.0000879 seconds, Stopping threads took: 0.0000215 seconds
[2019-12-09T07:55:26.434+0000][1][safepoint    ] Application time: 1.0000783 seconds
[2019-12-09T07:55:26.434+0000][1][safepoint    ] Entering safepoint region: Cleanup
[2019-12-09T07:55:26.434+0000][1][safepoint    ] Leaving safepoint region
[2019-12-09T07:55:26.434+0000][1][safepoint    ] Total time for which application threads were stopped: 0.0000843 seconds, Stopping threads took: 0.0000206 seconds
[2019-12-09T07:55:27.434+0000][1][safepoint    ] Application time: 1.0000770 seconds
[2019-12-09T07:55:27.434+0000][1][safepoint    ] Entering safepoint region: Cleanup
[2019-12-09T07:55:27.435+0000][1][safepoint    ] Leaving safepoint region
[2019-12-09T07:55:27.435+0000][1][safepoint    ] Total time for which application threads were stopped: 0.0000861 seconds, Stopping threads took: 0.0000201 seconds
[2019-12-09T07:55:28.435+0000][1][safepoint    ] Application time: 1.0000780 seconds
[2019-12-09T07:55:28.435+0000][1][safepoint    ] Entering safepoint region: Cleanup
[2019-12-09T07:55:28.435+0000][1][safepoint    ] Leaving safepoint region
[2019-12-09T07:55:28.435+0000][1][safepoint    ] Total time for which application threads were stopped: 0.0000867 seconds, Stopping threads took: 0.0000211 seconds
[2019-12-09T07:55:29.435+0000][1][safepoint    ] Application time: 1.0000745 seconds
[2019-12-09T07:55:29.435+0000][1][safepoint    ] Entering safepoint region: Cleanup
[2019-12-09T07:55:29.435+0000][1][safepoint    ] Leaving safepoint region
[2019-12-09T07:55:29.435+0000][1][safepoint    ] Total time for which application threads were stopped: 0.0000844 seconds, Stopping threads took: 0.0000186 seconds
[2019-12-09T07:55:30.435+0000][1][safepoint    ] Application time: 1.0000776 seconds
[2019-12-09T07:55:30.435+0000][1][safepoint    ] Entering safepoint region: Cleanup
[2019-12-09T07:55:30.435+0000][1][safepoint    ] Leaving safepoint region
[2019-12-09T07:55:30.435+0000][1][safepoint    ] Total time for which application threads were stopped: 0.0000812 seconds, Stopping threads took: 0.0000192 seconds
[2019-12-09T07:55:31.435+0000][1][safepoint    ] Application time: 1.0000754 seconds
[2019-12-09T07:55:31.435+0000][1][safepoint    ] Entering safepoint region: Cleanup
[2019-12-09T07:55:31.435+0000][1][safepoint    ] Leaving safepoint region
[2019-12-09T07:55:31.435+0000][1][safepoint    ] Total time for which application threads were stopped: 0.0000838 seconds, Stopping threads took: 0.0000194 seconds
[2019-12-09T07:55:32.436+0000][1][safepoint    ] Application time: 1.0000765 seconds
[2019-12-09T07:55:32.436+0000][1][safepoint    ] Entering safepoint region: Cleanup
[2019-12-09T07:55:32.436+0000][1][safepoint    ] Leaving safepoint region
[2019-12-09T07:55:32.436+0000][1][safepoint    ] Total time for which application threads were stopped: 0.0000814 seconds, Stopping threads took: 0.0000183 seconds
[2019-12-09T07:55:33.436+0000][1][safepoint    ] Application time: 1.0000756 seconds
[2019-12-09T07:55:33.436+0000][1][safepoint    ] Entering safepoint region: Cleanup
[2019-12-09T07:55:33.436+0000][1][safepoint    ] Leaving safepoint region
[2019-12-09T07:55:33.436+0000][1][safepoint    ] Total time for which application threads were stopped: 0.0000904 seconds, Stopping threads took: 0.0000203 seconds
[2019-12-09T07:55:34.436+0000][1][safepoint    ] Application time: 1.0000754 seconds
[2019-12-09T07:55:34.436+0000][1][safepoint    ] Entering safepoint region: Cleanup
[2019-12-09T07:55:34.436+0000][1][safepoint    ] Leaving safepoint region
[2019-12-09T07:55:34.436+0000][1][safepoint    ] Total time for which application threads were stopped: 0.0000835 seconds, Stopping threads took: 0.0000192 seconds
[2019-12-09T07:55:35.436+0000][1][safepoint    ] Application time: 1.0000759 seconds
[2019-12-09T07:55:35.436+0000][1][safepoint    ] Entering safepoint region: Cleanup
[2019-12-09T07:55:35.436+0000][1][safepoint    ] Leaving safepoint region
[2019-12-09T07:55:35.436+0000][1][safepoint    ] Total time for which application threads were stopped: 0.0000835 seconds, Stopping threads took: 0.0000195 seconds
[2019-12-09T07:55:36.436+0000][1][safepoint    ] Application time: 1.0000756 seconds
[2019-12-09T07:55:36.436+0000][1][safepoint    ] Entering safepoint region: Cleanup
[2019-12-09T07:55:36.436+0000][1][safepoint    ] Leaving safepoint region
[2019-12-09T07:55:36.436+0000][1][safepoint    ] Total time for which application threads were stopped: 0.0001026 seconds, Stopping threads took: 0.0000194 seconds
[2019-12-09T07:55:37.437+0000][1][safepoint    ] Application time: 1.0000757 seconds
[2019-12-09T07:55:37.437+0000][1][safepoint    ] Entering safepoint region: Cleanup
[2019-12-09T07:55:37.437+0000][1][safepoint    ] Leaving safepoint region
[2019-12-09T07:55:37.437+0000][1][safepoint    ] Total time for which application threads were stopped: 0.0000913 seconds, Stopping threads took: 0.0000261 seconds
[2019-12-09T07:55:38.437+0000][1][safepoint    ] Application time: 1.0000858 seconds
[2019-12-09T07:55:38.437+0000][1][safepoint    ] Entering safepoint region: Cleanup
[2019-12-09T07:55:38.437+0000][1][safepoint    ] Leaving safepoint region
[2019-12-09T07:55:38.437+0000][1][safepoint    ] Total time for which application threads were stopped: 0.0000895 seconds, Stopping threads took: 0.0000254 seconds
[2019-12-09T07:55:39.437+0000][1][safepoint    ] Application time: 1.0000767 seconds
[2019-12-09T07:55:39.437+0000][1][safepoint    ] Entering safepoint region: Cleanup
[2019-12-09T07:55:39.437+0000][1][safepoint    ] Leaving safepoint region
[2019-12-09T07:55:39.437+0000][1][safepoint    ] Total time for which application threads were stopped: 0.0000823 seconds, Stopping threads took: 0.0000194 seconds
[2019-12-09T07:55:40.437+0000][1][safepoint    ] Application time: 1.0000764 seconds
[2019-12-09T07:55:40.437+0000][1][safepoint    ] Entering safepoint region: Cleanup
[2019-12-09T07:55:40.437+0000][1][safepoint    ] Leaving safepoint region
[2019-12-09T07:55:40.437+0000][1][safepoint    ] Total time for which application threads were stopped: 0.0000811 seconds, Stopping threads took: 0.0000182 seconds
[2019-12-09T07:55:41.437+0000][1][safepoint    ] Application time: 1.0000777 seconds
[2019-12-09T07:55:41.437+0000][1][safepoint    ] Entering safepoint region: Cleanup
[2019-12-09T07:55:41.437+0000][1][safepoint    ] Leaving safepoint region
[2019-12-09T07:55:41.437+0000][1][safepoint    ] Total time for which application threads were stopped: 0.0000823 seconds, Stopping threads took: 0.0000192 seconds
[2019-12-09T07:55:42.680+0000][1][safepoint    ] Application time: 1.2421830 seconds
[2019-12-09T07:55:42.680+0000][1][safepoint    ] Entering safepoint region: Cleanup
[2019-12-09T07:55:42.680+0000][1][safepoint    ] Leaving safepoint region
[2019-12-09T07:55:42.680+0000][1][safepoint    ] Total time for which application threads were stopped: 0.0000862 seconds, Stopping threads took: 0.0000203 seconds
[2019-12-09T07:55:43.680+0000][1][safepoint    ] Application time: 1.0000758 seconds
[2019-12-09T07:55:43.680+0000][1][safepoint    ] Entering safepoint region: Cleanup
[2019-12-09T07:55:43.680+0000][1][safepoint    ] Leaving safepoint region
[2019-12-09T07:55:43.680+0000][1][safepoint    ] Total time for which application threads were stopped: 0.0000835 seconds, Stopping threads took: 0.0000191 seconds
[2019-12-09T07:55:44.680+0000][1][safepoint    ] Application time: 1.0000761 seconds
[2019-12-09T07:55:44.680+0000][1][safepoint    ] Entering safepoint region: Cleanup
[2019-12-09T07:55:44.680+0000][1][safepoint    ] Leaving safepoint region
[2019-12-09T07:55:44.680+0000][1][safepoint    ] Total time for which application threads were stopped: 0.0000856 seconds, Stopping threads took: 0.0000210 seconds
[2019-12-09T07:55:45.680+0000][1][safepoint    ] Application time: 1.0000766 seconds
[2019-12-09T07:55:45.680+0000][1][safepoint    ] Entering safepoint region: Cleanup
[2019-12-09T07:55:45.680+0000][1][safepoint    ] Leaving safepoint region
[2019-12-09T07:55:45.680+0000][1][safepoint    ] Total time for which application threads were stopped: 0.0000927 seconds, Stopping threads took: 0.0000286 seconds
[2019-12-09T07:55:46.681+0000][1][safepoint    ] Application time: 1.0000761 seconds
[2019-12-09T07:55:46.681+0000][1][safepoint    ] Entering safepoint region: Cleanup
[2019-12-09T07:55:46.681+0000][1][safepoint    ] Leaving safepoint region
[2019-12-09T07:55:46.681+0000][1][safepoint    ] Total time for which application threads were stopped: 0.0000831 seconds, Stopping threads took: 0.0000191 seconds
[2019-12-09T07:55:47.681+0000][1][safepoint    ] Application time: 1.0000764 seconds
[2019-12-09T07:55:47.681+0000][1][safepoint    ] Entering safepoint region: Cleanup
[2019-12-09T07:55:47.681+0000][1][safepoint    ] Leaving safepoint region
[2019-12-09T07:55:47.681+0000][1][safepoint    ] Total time for which application threads were stopped: 0.0000842 seconds, Stopping threads took: 0.0000196 seconds
[2019-12-09T07:55:48.681+0000][1][safepoint    ] Application time: 1.0000765 seconds
[2019-12-09T07:55:48.681+0000][1][safepoint    ] Entering safepoint region: Cleanup
[2019-12-09T07:55:48.681+0000][1][safepoint    ] Leaving safepoint region
[2019-12-09T07:55:48.681+0000][1][safepoint    ] Total time for which application threads were stopped: 0.0000935 seconds, Stopping threads took: 0.0000278 seconds
[2019-12-09T07:55:48.690+0000][1][safepoint    ] Application time: 0.0087265 seconds
[2019-12-09T07:55:48.690+0000][1][safepoint    ] Entering safepoint region: GenCollectForAllocation
[2019-12-09T07:55:48.690+0000][1][gc,start     ] GC(101) Pause Young (Allocation Failure)
[2019-12-09T07:55:48.690+0000][1][gc,task      ] GC(101) Using 2 workers of 2 for evacuation
[2019-12-09T07:55:48.692+0000][1][gc,age       ] GC(101) Desired survivor size 4456448 bytes, new threshold 6 (max threshold 6)
[2019-12-09T07:55:48.692+0000][1][gc,age       ] GC(101) Age table with threshold 6 (max threshold 6)
[2019-12-09T07:55:48.692+0000][1][gc,age       ] GC(101) - age   1:     821384 bytes,     821384 total
[2019-12-09T07:55:48.692+0000][1][gc,age       ] GC(101) - age   3:        536 bytes,     821920 total
[2019-12-09T07:55:48.692+0000][1][gc,age       ] GC(101) - age   6:       1136 bytes,     823056 total
[2019-12-09T07:55:48.692+0000][1][gc,heap      ] GC(101) ParNew: 71249K->902K(78656K)
[2019-12-09T07:55:48.692+0000][1][gc,heap      ] GC(101) CMS: 70957K->70957K(174784K)
[2019-12-09T07:55:48.692+0000][1][gc,metaspace ] GC(101) Metaspace: 76431K->76431K(1120256K)
[2019-12-09T07:55:48.692+0000][1][gc           ] GC(101) Pause Young (Allocation Failure) 138M->70M(247M) 2.022ms
[2019-12-09T07:55:48.692+0000][1][gc,cpu       ] GC(101) User=0.01s Sys=0.00s Real=0.00s
[2019-12-09T07:55:48.692+0000][1][safepoint    ] Leaving safepoint region
[2019-12-09T07:55:48.692+0000][1][safepoint    ] Total time for which application threads were stopped: 0.0021987 seconds, Stopping threads took: 0.0000214 seconds
[2019-12-09T07:55:49.692+0000][1][safepoint    ] Application time: 1.0000932 seconds
[2019-12-09T07:55:49.692+0000][1][safepoint    ] Entering safepoint region: Cleanup
[2019-12-09T07:55:49.692+0000][1][safepoint    ] Leaving safepoint region
[2019-12-09T07:55:49.692+0000][1][safepoint    ] Total time for which application threads were stopped: 0.0001696 seconds, Stopping threads took: 0.0000698 seconds
[2019-12-09T07:55:50.692+0000][1][safepoint    ] Application time: 1.0000762 seconds
[2019-12-09T07:55:50.692+0000][1][safepoint    ] Entering safepoint region: Cleanup
[2019-12-09T07:55:50.693+0000][1][safepoint    ] Leaving safepoint region
[2019-12-09T07:55:50.693+0000][1][safepoint    ] Total time for which application threads were stopped: 0.0000748 seconds, Stopping threads took: 0.0000166 seconds
[2019-12-09T07:55:51.693+0000][1][safepoint    ] Application time: 1.0000747 seconds
[2019-12-09T07:55:51.693+0000][1][safepoint    ] Entering safepoint region: Cleanup
[2019-12-09T07:55:51.693+0000][1][safepoint    ] Leaving safepoint region
[2019-12-09T07:55:51.693+0000][1][safepoint    ] Total time for which application threads were stopped: 0.0000883 seconds, Stopping threads took: 0.0000181 seconds
[2019-12-09T07:55:52.693+0000][1][safepoint    ] Application time: 1.0000748 seconds
[2019-12-09T07:55:52.693+0000][1][safepoint    ] Entering safepoint region: Cleanup
[2019-12-09T07:55:52.693+0000][1][safepoint    ] Leaving safepoint region
[2019-12-09T07:55:52.693+0000][1][safepoint    ] Total time for which application threads were stopped: 0.0000780 seconds, Stopping threads took: 0.0000167 seconds
[2019-12-09T07:55:53.693+0000][1][safepoint    ] Application time: 1.0000769 seconds
[2019-12-09T07:55:53.693+0000][1][safepoint    ] Entering safepoint region: Cleanup
[2019-12-09T07:55:53.693+0000][1][safepoint    ] Leaving safepoint region
[2019-12-09T07:55:53.693+0000][1][safepoint    ] Total time for which application threads were stopped: 0.0000790 seconds, Stopping threads took: 0.0000167 seconds
[2019-12-09T07:55:54.693+0000][1][safepoint    ] Application time: 1.0000837 seconds
[2019-12-09T07:55:54.693+0000][1][safepoint    ] Entering safepoint region: Cleanup
[2019-12-09T07:55:54.693+0000][1][safepoint    ] Leaving safepoint region
[2019-12-09T07:55:54.693+0000][1][safepoint    ] Total time for which application threads were stopped: 0.0001197 seconds, Stopping threads took: 0.0000241 seconds
[2019-12-09T07:55:55.693+0000][1][safepoint    ] Application time: 1.0000744 seconds
[2019-12-09T07:55:55.693+0000][1][safepoint    ] Entering safepoint region: Cleanup
[2019-12-09T07:55:55.694+0000][1][safepoint    ] Leaving safepoint region
[2019-12-09T07:55:55.694+0000][1][safepoint    ] Total time for which application threads were stopped: 0.0000805 seconds, Stopping threads took: 0.0000181 seconds
[2019-12-09T07:55:56.694+0000][1][safepoint    ] Application time: 1.0000751 seconds
[2019-12-09T07:55:56.694+0000][1][safepoint    ] Entering safepoint region: Cleanup
[2019-12-09T07:55:56.694+0000][1][safepoint    ] Leaving safepoint region
[2019-12-09T07:55:56.694+0000][1][safepoint    ] Total time for which application threads were stopped: 0.0000882 seconds, Stopping threads took: 0.0000184 seconds
[2019-12-09T07:55:57.694+0000][1][safepoint    ] Application time: 1.0000767 seconds
[2019-12-09T07:55:57.694+0000][1][safepoint    ] Entering safepoint region: Cleanup
[2019-12-09T07:55:57.694+0000][1][safepoint    ] Leaving safepoint region
[2019-12-09T07:55:57.694+0000][1][safepoint    ] Total time for which application threads were stopped: 0.0000787 seconds, Stopping threads took: 0.0000181 seconds
[2019-12-09T07:55:58.694+0000][1][safepoint    ] Application time: 1.0000790 seconds
[2019-12-09T07:55:58.694+0000][1][safepoint    ] Entering safepoint region: Cleanup
[2019-12-09T07:55:58.694+0000][1][safepoint    ] Leaving safepoint region
[2019-12-09T07:55:58.694+0000][1][safepoint    ] Total time for which application threads were stopped: 0.0000882 seconds, Stopping threads took: 0.0000179 seconds
[2019-12-09T07:55:59.694+0000][1][safepoint    ] Application time: 1.0000786 seconds
[2019-12-09T07:55:59.694+0000][1][safepoint    ] Entering safepoint region: Cleanup
[2019-12-09T07:55:59.694+0000][1][safepoint    ] Leaving safepoint region
[2019-12-09T07:55:59.694+0000][1][safepoint    ] Total time for which application threads were stopped: 0.0000820 seconds, Stopping threads took: 0.0000177 seconds
[2019-12-09T07:56:00.694+0000][1][safepoint    ] Application time: 1.0000828 seconds
[2019-12-09T07:56:00.694+0000][1][safepoint    ] Entering safepoint region: Cleanup
[2019-12-09T07:56:00.694+0000][1][safepoint    ] Leaving safepoint region
[2019-12-09T07:56:00.694+0000][1][safepoint    ] Total time for which application threads were stopped: 0.0000854 seconds, Stopping threads took: 0.0000204 seconds
[2019-12-09T07:56:01.695+0000][1][safepoint    ] Application time: 1.0003702 seconds
[2019-12-09T07:56:01.695+0000][1][safepoint    ] Entering safepoint region: Cleanup
[2019-12-09T07:56:01.695+0000][1][safepoint    ] Leaving safepoint region
[2019-12-09T07:56:01.695+0000][1][safepoint    ] Total time for which application threads were stopped: 0.0001334 seconds, Stopping threads took: 0.0000276 seconds
[2019-12-09T07:56:02.695+0000][1][safepoint    ] Application time: 1.0000882 seconds
[2019-12-09T07:56:02.695+0000][1][safepoint    ] Entering safepoint region: Cleanup
[2019-12-09T07:56:02.695+0000][1][safepoint    ] Leaving safepoint region
[2019-12-09T07:56:02.695+0000][1][safepoint    ] Total time for which application threads were stopped: 0.0001639 seconds, Stopping threads took: 0.0000748 seconds
[2019-12-09T07:56:04.550+0000][1][safepoint    ] Application time: 1.8543832 seconds
[2019-12-09T07:56:04.550+0000][1][safepoint    ] Entering safepoint region: Cleanup
[2019-12-09T07:56:04.550+0000][1][safepoint    ] Leaving safepoint region
[2019-12-09T07:56:04.550+0000][1][safepoint    ] Total time for which application threads were stopped: 0.0000859 seconds, Stopping threads took: 0.0000205 seconds
[2019-12-09T07:56:05.550+0000][1][safepoint    ] Application time: 1.0000799 seconds
[2019-12-09T07:56:05.550+0000][1][safepoint    ] Entering safepoint region: Cleanup
[2019-12-09T07:56:05.550+0000][1][safepoint    ] Leaving safepoint region
[2019-12-09T07:56:05.550+0000][1][safepoint    ] Total time for which application threads were stopped: 0.0000906 seconds, Stopping threads took: 0.0000197 seconds
[2019-12-09T07:56:06.550+0000][1][safepoint    ] Application time: 1.0000746 seconds
[2019-12-09T07:56:06.550+0000][1][safepoint    ] Entering safepoint region: Cleanup
[2019-12-09T07:56:06.550+0000][1][safepoint    ] Leaving safepoint region
[2019-12-09T07:56:06.550+0000][1][safepoint    ] Total time for which application threads were stopped: 0.0000818 seconds, Stopping threads took: 0.0000205 seconds
[2019-12-09T07:56:07.550+0000][1][safepoint    ] Application time: 1.0000765 seconds
[2019-12-09T07:56:07.550+0000][1][safepoint    ] Entering safepoint region: Cleanup
[2019-12-09T07:56:07.550+0000][1][safepoint    ] Leaving safepoint region
[2019-12-09T07:56:07.550+0000][1][safepoint    ] Total time for which application threads were stopped: 0.0000834 seconds, Stopping threads took: 0.0000197 seconds
[2019-12-09T07:56:08.551+0000][1][safepoint    ] Application time: 1.0000746 seconds
[2019-12-09T07:56:08.551+0000][1][safepoint    ] Entering safepoint region: Cleanup
[2019-12-09T07:56:08.551+0000][1][safepoint    ] Leaving safepoint region
[2019-12-09T07:56:08.551+0000][1][safepoint    ] Total time for which application threads were stopped: 0.0001108 seconds, Stopping threads took: 0.0000195 seconds
[2019-12-09T07:56:09.551+0000][1][safepoint    ] Application time: 1.0000745 seconds
[2019-12-09T07:56:09.551+0000][1][safepoint    ] Entering safepoint region: Cleanup
[2019-12-09T07:56:09.551+0000][1][safepoint    ] Leaving safepoint region
[2019-12-09T07:56:09.551+0000][1][safepoint    ] Total time for which application threads were stopped: 0.0000834 seconds, Stopping threads took: 0.0000190 seconds
[2019-12-09T07:56:10.551+0000][1][safepoint    ] Application time: 1.0000764 seconds
[2019-12-09T07:56:10.551+0000][1][safepoint    ] Entering safepoint region: Cleanup
[2019-12-09T07:56:10.551+0000][1][safepoint    ] Leaving safepoint region
[2019-12-09T07:56:10.551+0000][1][safepoint    ] Total time for which application threads were stopped: 0.0000856 seconds, Stopping threads took: 0.0000197 seconds
[2019-12-09T07:56:11.551+0000][1][safepoint    ] Application time: 1.0000766 seconds
[2019-12-09T07:56:11.551+0000][1][safepoint    ] Entering safepoint region: Cleanup
[2019-12-09T07:56:11.551+0000][1][safepoint    ] Leaving safepoint region
[2019-12-09T07:56:11.551+0000][1][safepoint    ] Total time for which application threads were stopped: 0.0000842 seconds, Stopping threads took: 0.0000190 seconds
[2019-12-09T07:56:12.551+0000][1][safepoint    ] Application time: 1.0000755 seconds
[2019-12-09T07:56:12.551+0000][1][safepoint    ] Entering safepoint region: Cleanup
[2019-12-09T07:56:12.552+0000][1][safepoint    ] Leaving safepoint region
[2019-12-09T07:56:12.552+0000][1][safepoint    ] Total time for which application threads were stopped: 0.0000848 seconds, Stopping threads took: 0.0000199 seconds
[2019-12-09T07:56:13.552+0000][1][safepoint    ] Application time: 1.0000831 seconds
[2019-12-09T07:56:13.552+0000][1][safepoint    ] Entering safepoint region: Cleanup
[2019-12-09T07:56:13.552+0000][1][safepoint    ] Leaving safepoint region
[2019-12-09T07:56:13.552+0000][1][safepoint    ] Total time for which application threads were stopped: 0.0001267 seconds, Stopping threads took: 0.0000407 seconds
[2019-12-09T07:56:14.552+0000][1][safepoint    ] Application time: 1.0000857 seconds
[2019-12-09T07:56:14.552+0000][1][safepoint    ] Entering safepoint region: Cleanup
[2019-12-09T07:56:14.552+0000][1][safepoint    ] Leaving safepoint region
[2019-12-09T07:56:14.552+0000][1][safepoint    ] Total time for which application threads were stopped: 0.0001185 seconds, Stopping threads took: 0.0000262 seconds
[2019-12-09T07:56:15.552+0000][1][safepoint    ] Application time: 1.0000778 seconds
[2019-12-09T07:56:15.552+0000][1][safepoint    ] Entering safepoint region: Cleanup
[2019-12-09T07:56:15.552+0000][1][safepoint    ] Leaving safepoint region
[2019-12-09T07:56:15.552+0000][1][safepoint    ] Total time for which application threads were stopped: 0.0000944 seconds, Stopping threads took: 0.0000263 seconds
[2019-12-09T07:56:16.552+0000][1][safepoint    ] Application time: 1.0000519 seconds
[2019-12-09T07:56:16.552+0000][1][safepoint    ] Entering safepoint region: Cleanup
[2019-12-09T07:56:16.552+0000][1][safepoint    ] Leaving safepoint region
[2019-12-09T07:56:16.552+0000][1][safepoint    ] Total time for which application threads were stopped: 0.0000849 seconds, Stopping threads took: 0.0000188 seconds
[2019-12-09T07:56:17.553+0000][1][safepoint    ] Application time: 1.0000772 seconds
[2019-12-09T07:56:17.553+0000][1][safepoint    ] Entering safepoint region: Cleanup
[2019-12-09T07:56:17.553+0000][1][safepoint    ] Leaving safepoint region
[2019-12-09T07:56:17.553+0000][1][safepoint    ] Total time for which application threads were stopped: 0.0000818 seconds, Stopping threads took: 0.0000196 seconds
[2019-12-09T07:56:18.553+0000][1][safepoint    ] Application time: 1.0000851 seconds
[2019-12-09T07:56:18.553+0000][1][safepoint    ] Entering safepoint region: Cleanup
[2019-12-09T07:56:18.553+0000][1][safepoint    ] Leaving safepoint region
[2019-12-09T07:56:18.553+0000][1][safepoint    ] Total time for which application threads were stopped: 0.0000828 seconds, Stopping threads took: 0.0000188 seconds
[2019-12-09T07:56:19.553+0000][1][safepoint    ] Application time: 1.0000747 seconds
[2019-12-09T07:56:19.553+0000][1][safepoint    ] Entering safepoint region: Cleanup
[2019-12-09T07:56:19.553+0000][1][safepoint    ] Leaving safepoint region
[2019-12-09T07:56:19.553+0000][1][safepoint    ] Total time for which application threads were stopped: 0.0000819 seconds, Stopping threads took: 0.0000185 seconds
[2019-12-09T07:56:20.553+0000][1][safepoint    ] Application time: 1.0000766 seconds
[2019-12-09T07:56:20.553+0000][1][safepoint    ] Entering safepoint region: Cleanup
[2019-12-09T07:56:20.553+0000][1][safepoint    ] Leaving safepoint region
[2019-12-09T07:56:20.553+0000][1][safepoint    ] Total time for which application threads were stopped: 0.0000844 seconds, Stopping threads took: 0.0000195 seconds
[2019-12-09T07:56:21.553+0000][1][safepoint    ] Application time: 1.0000770 seconds
[2019-12-09T07:56:21.553+0000][1][safepoint    ] Entering safepoint region: Cleanup
[2019-12-09T07:56:21.553+0000][1][safepoint    ] Leaving safepoint region
[2019-12-09T07:56:21.553+0000][1][safepoint    ] Total time for which application threads were stopped: 0.0000897 seconds, Stopping threads took: 0.0000194 seconds
[2019-12-09T07:56:22.554+0000][1][safepoint    ] Application time: 1.0000734 seconds
[2019-12-09T07:56:22.554+0000][1][safepoint    ] Entering safepoint region: Cleanup
[2019-12-09T07:56:22.554+0000][1][safepoint    ] Leaving safepoint region
[2019-12-09T07:56:22.554+0000][1][safepoint    ] Total time for which application threads were stopped: 0.0001017 seconds, Stopping threads took: 0.0000180 seconds
[2019-12-09T07:56:23.554+0000][1][safepoint    ] Application time: 1.0000796 seconds
[2019-12-09T07:56:23.554+0000][1][safepoint    ] Entering safepoint region: Cleanup
[2019-12-09T07:56:23.554+0000][1][safepoint    ] Leaving safepoint region
[2019-12-09T07:56:23.554+0000][1][safepoint    ] Total time for which application threads were stopped: 0.0001104 seconds, Stopping threads took: 0.0000246 seconds
[2019-12-09T07:56:24.554+0000][1][safepoint    ] Application time: 1.0000821 seconds
[2019-12-09T07:56:24.554+0000][1][safepoint    ] Entering safepoint region: Cleanup
[2019-12-09T07:56:24.554+0000][1][safepoint    ] Leaving safepoint region
[2019-12-09T07:56:24.554+0000][1][safepoint    ] Total time for which application threads were stopped: 0.0000855 seconds, Stopping threads took: 0.0000205 seconds
[2019-12-09T07:56:25.554+0000][1][safepoint    ] Application time: 1.0000752 seconds
[2019-12-09T07:56:25.554+0000][1][safepoint    ] Entering safepoint region: Cleanup
[2019-12-09T07:56:25.554+0000][1][safepoint    ] Leaving safepoint region
[2019-12-09T07:56:25.554+0000][1][safepoint    ] Total time for which application threads were stopped: 0.0000887 seconds, Stopping threads took: 0.0000257 seconds
[2019-12-09T07:56:26.554+0000][1][safepoint    ] Application time: 1.0000742 seconds
[2019-12-09T07:56:26.555+0000][1][safepoint    ] Entering safepoint region: Cleanup
[2019-12-09T07:56:26.555+0000][1][safepoint    ] Leaving safepoint region
[2019-12-09T07:56:26.555+0000][1][safepoint    ] Total time for which application threads were stopped: 0.0000854 seconds, Stopping threads took: 0.0000204 seconds
[2019-12-09T07:56:27.555+0000][1][safepoint    ] Application time: 1.0000769 seconds
[2019-12-09T07:56:27.555+0000][1][safepoint    ] Entering safepoint region: Cleanup
[2019-12-09T07:56:27.555+0000][1][safepoint    ] Leaving safepoint region
[2019-12-09T07:56:27.555+0000][1][safepoint    ] Total time for which application threads were stopped: 0.0000869 seconds, Stopping threads took: 0.0000205 seconds
[2019-12-09T07:56:28.555+0000][1][safepoint    ] Application time: 1.0000739 seconds
[2019-12-09T07:56:28.555+0000][1][safepoint    ] Entering safepoint region: Cleanup
[2019-12-09T07:56:28.555+0000][1][safepoint    ] Leaving safepoint region
[2019-12-09T07:56:28.555+0000][1][safepoint    ] Total time for which application threads were stopped: 0.0000843 seconds, Stopping threads took: 0.0000190 seconds
[2019-12-09T07:56:29.555+0000][1][safepoint    ] Application time: 1.0000751 seconds
[2019-12-09T07:56:29.555+0000][1][safepoint    ] Entering safepoint region: Cleanup
[2019-12-09T07:56:29.555+0000][1][safepoint    ] Leaving safepoint region
[2019-12-09T07:56:29.555+0000][1][safepoint    ] Total time for which application threads were stopped: 0.0000835 seconds, Stopping threads took: 0.0000199 seconds
[2019-12-09T07:56:30.555+0000][1][safepoint    ] Application time: 1.0000766 seconds
[2019-12-09T07:56:30.555+0000][1][safepoint    ] Entering safepoint region: Cleanup
[2019-12-09T07:56:30.555+0000][1][safepoint    ] Leaving safepoint region
[2019-12-09T07:56:30.555+0000][1][safepoint    ] Total time for which application threads were stopped: 0.0000844 seconds, Stopping threads took: 0.0000188 seconds
[2019-12-09T07:56:31.556+0000][1][safepoint    ] Application time: 1.0000751 seconds
[2019-12-09T07:56:31.556+0000][1][safepoint    ] Entering safepoint region: Cleanup
[2019-12-09T07:56:31.556+0000][1][safepoint    ] Leaving safepoint region
[2019-12-09T07:56:31.556+0000][1][safepoint    ] Total time for which application threads were stopped: 0.0000865 seconds, Stopping threads took: 0.0000211 seconds
[2019-12-09T07:56:31.806+0000][1][safepoint    ] Application time: 0.2505694 seconds
[2019-12-09T07:56:31.806+0000][1][safepoint    ] Entering safepoint region: GenCollectForAllocation
[2019-12-09T07:56:31.806+0000][1][gc,start     ] GC(102) Pause Young (Allocation Failure)
[2019-12-09T07:56:31.806+0000][1][gc,task      ] GC(102) Using 2 workers of 2 for evacuation
[2019-12-09T07:56:31.808+0000][1][gc,age       ] GC(102) Desired survivor size 4456448 bytes, new threshold 6 (max threshold 6)
[2019-12-09T07:56:31.808+0000][1][gc,age       ] GC(102) Age table with threshold 6 (max threshold 6)
[2019-12-09T07:56:31.808+0000][1][gc,age       ] GC(102) - age   1:     805232 bytes,     805232 total
[2019-12-09T07:56:31.808+0000][1][gc,age       ] GC(102) - age   2:        288 bytes,     805520 total
[2019-12-09T07:56:31.808+0000][1][gc,age       ] GC(102) - age   4:        536 bytes,     806056 total
[2019-12-09T07:56:31.808+0000][1][gc,heap      ] GC(102) ParNew: 70854K->828K(78656K)
[2019-12-09T07:56:31.808+0000][1][gc,heap      ] GC(102) CMS: 70957K->70958K(174784K)
[2019-12-09T07:56:31.808+0000][1][gc,metaspace ] GC(102) Metaspace: 76433K->76433K(1120256K)
[2019-12-09T07:56:31.808+0000][1][gc           ] GC(102) Pause Young (Allocation Failure) 138M->70M(247M) 1.959ms
[2019-12-09T07:56:31.808+0000][1][gc,cpu       ] GC(102) User=0.01s Sys=0.00s Real=0.00s
[2019-12-09T07:56:31.808+0000][1][safepoint    ] Leaving safepoint region
[2019-12-09T07:56:31.808+0000][1][safepoint    ] Total time for which application threads were stopped: 0.0021109 seconds, Stopping threads took: 0.0000161 seconds
[2019-12-09T07:56:32.808+0000][1][safepoint    ] Application time: 1.0000881 seconds
[2019-12-09T07:56:32.809+0000][1][safepoint    ] Entering safepoint region: Cleanup
[2019-12-09T07:56:32.809+0000][1][safepoint    ] Leaving safepoint region
[2019-12-09T07:56:32.809+0000][1][safepoint    ] Total time for which application threads were stopped: 0.0000851 seconds, Stopping threads took: 0.0000201 seconds
[2019-12-09T07:56:33.809+0000][1][safepoint    ] Application time: 1.0000757 seconds
[2019-12-09T07:56:33.809+0000][1][safepoint    ] Entering safepoint region: Cleanup
[2019-12-09T07:56:33.809+0000][1][safepoint    ] Leaving safepoint region
[2019-12-09T07:56:33.809+0000][1][safepoint    ] Total time for which application threads were stopped: 0.0000873 seconds, Stopping threads took: 0.0000211 seconds
[2019-12-09T07:56:47.853+0000][1][safepoint    ] Application time: 14.0444928 seconds
[2019-12-09T07:56:47.853+0000][1][safepoint    ] Entering safepoint region: Cleanup
[2019-12-09T07:56:47.853+0000][1][safepoint    ] Leaving safepoint region
[2019-12-09T07:56:47.853+0000][1][safepoint    ] Total time for which application threads were stopped: 0.0000927 seconds, Stopping threads took: 0.0000199 seconds
[2019-12-09T07:57:14.415+0000][1][safepoint    ] Application time: 26.5613551 seconds
[2019-12-09T07:57:14.415+0000][1][safepoint    ] Entering safepoint region: GenCollectForAllocation
[2019-12-09T07:57:14.415+0000][1][gc,start     ] GC(103) Pause Young (Allocation Failure)
[2019-12-09T07:57:14.415+0000][1][gc,task      ] GC(103) Using 2 workers of 2 for evacuation
[2019-12-09T07:57:14.417+0000][1][gc,age       ] GC(103) Desired survivor size 4456448 bytes, new threshold 6 (max threshold 6)
[2019-12-09T07:57:14.417+0000][1][gc,age       ] GC(103) Age table with threshold 6 (max threshold 6)
[2019-12-09T07:57:14.417+0000][1][gc,age       ] GC(103) - age   1:     739336 bytes,     739336 total
[2019-12-09T07:57:14.417+0000][1][gc,age       ] GC(103) - age   5:        536 bytes,     739872 total
[2019-12-09T07:57:14.417+0000][1][gc,heap      ] GC(103) ParNew: 70745K->748K(78656K)
[2019-12-09T07:57:14.417+0000][1][gc,heap      ] GC(103) CMS: 70958K->70958K(174784K)
[2019-12-09T07:57:14.417+0000][1][gc,metaspace ] GC(103) Metaspace: 76433K->76433K(1120256K)
[2019-12-09T07:57:14.417+0000][1][gc           ] GC(103) Pause Young (Allocation Failure) 138M->70M(247M) 2.110ms
[2019-12-09T07:57:14.417+0000][1][gc,cpu       ] GC(103) User=0.00s Sys=0.00s Real=0.00s
[2019-12-09T07:57:14.417+0000][1][safepoint    ] Leaving safepoint region
[2019-12-09T07:57:14.417+0000][1][safepoint    ] Total time for which application threads were stopped: 0.0023090 seconds, Stopping threads took: 0.0000336 seconds
[2019-12-09T07:57:56.935+0000][1][safepoint    ] Application time: 42.5173997 seconds
[2019-12-09T07:57:56.935+0000][1][safepoint    ] Entering safepoint region: GenCollectForAllocation
[2019-12-09T07:57:56.935+0000][1][gc,start     ] GC(104) Pause Young (Allocation Failure)
[2019-12-09T07:57:56.935+0000][1][gc,task      ] GC(104) Using 2 workers of 2 for evacuation
[2019-12-09T07:57:56.937+0000][1][gc,age       ] GC(104) Desired survivor size 4456448 bytes, new threshold 6 (max threshold 6)
[2019-12-09T07:57:56.937+0000][1][gc,age       ] GC(104) Age table with threshold 6 (max threshold 6)
[2019-12-09T07:57:56.937+0000][1][gc,age       ] GC(104) - age   1:     820888 bytes,     820888 total
[2019-12-09T07:57:56.937+0000][1][gc,age       ] GC(104) - age   6:        536 bytes,     821424 total
[2019-12-09T07:57:56.937+0000][1][gc,heap      ] GC(104) ParNew: 70700K->1079K(78656K)
[2019-12-09T07:57:56.937+0000][1][gc,heap      ] GC(104) CMS: 70958K->70958K(174784K)
[2019-12-09T07:57:56.937+0000][1][gc,metaspace ] GC(104) Metaspace: 76433K->76433K(1120256K)
[2019-12-09T07:57:56.937+0000][1][gc           ] GC(104) Pause Young (Allocation Failure) 138M->70M(247M) 1.903ms
[2019-12-09T07:57:56.937+0000][1][gc,cpu       ] GC(104) User=0.01s Sys=0.00s Real=0.00s
[2019-12-09T07:57:56.937+0000][1][safepoint    ] Leaving safepoint region
[2019-12-09T07:57:56.937+0000][1][safepoint    ] Total time for which application threads were stopped: 0.0020891 seconds, Stopping threads took: 0.0000275 seconds
[2019-12-09T07:58:30.939+0000][1][safepoint    ] Application time: 34.0022659 seconds
[2019-12-09T07:58:30.939+0000][1][safepoint    ] Entering safepoint region: Cleanup
[2019-12-09T07:58:30.939+0000][1][safepoint    ] Leaving safepoint region
[2019-12-09T07:58:30.939+0000][1][safepoint    ] Total time for which application threads were stopped: 0.0000906 seconds, Stopping threads took: 0.0000196 seconds
[2019-12-09T07:58:33.939+0000][1][safepoint    ] Application time: 3.0002064 seconds
[2019-12-09T07:58:33.939+0000][1][safepoint    ] Entering safepoint region: Cleanup
[2019-12-09T07:58:33.939+0000][1][safepoint    ] Leaving safepoint region
[2019-12-09T07:58:33.939+0000][1][safepoint    ] Total time for which application threads were stopped: 0.0000897 seconds, Stopping threads took: 0.0000186 seconds
[2019-12-09T07:58:39.626+0000][1][safepoint    ] Application time: 5.6863217 seconds
[2019-12-09T07:58:39.626+0000][1][safepoint    ] Entering safepoint region: GenCollectForAllocation
[2019-12-09T07:58:39.626+0000][1][gc,start     ] GC(105) Pause Young (Allocation Failure)
[2019-12-09T07:58:39.626+0000][1][gc,task      ] GC(105) Using 2 workers of 2 for evacuation
[2019-12-09T07:58:39.628+0000][1][gc,age       ] GC(105) Desired survivor size 4456448 bytes, new threshold 6 (max threshold 6)
[2019-12-09T07:58:39.628+0000][1][gc,age       ] GC(105) Age table with threshold 6 (max threshold 6)
[2019-12-09T07:58:39.628+0000][1][gc,age       ] GC(105) - age   1:     760928 bytes,     760928 total
[2019-12-09T07:58:39.628+0000][1][gc,age       ] GC(105) - age   2:        280 bytes,     761208 total
[2019-12-09T07:58:39.628+0000][1][gc,heap      ] GC(105) ParNew: 71031K->1012K(78656K)
[2019-12-09T07:58:39.628+0000][1][gc,heap      ] GC(105) CMS: 70958K->70958K(174784K)
[2019-12-09T07:58:39.628+0000][1][gc,metaspace ] GC(105) Metaspace: 76434K->76434K(1120256K)
[2019-12-09T07:58:39.628+0000][1][gc           ] GC(105) Pause Young (Allocation Failure) 138M->70M(247M) 2.089ms
[2019-12-09T07:58:39.628+0000][1][gc,cpu       ] GC(105) User=0.01s Sys=0.00s Real=0.00s
[2019-12-09T07:58:39.628+0000][1][safepoint    ] Leaving safepoint region
[2019-12-09T07:58:39.628+0000][1][safepoint    ] Total time for which application threads were stopped: 0.0022852 seconds, Stopping threads took: 0.0000211 seconds
[2019-12-09T07:58:40.628+0000][1][safepoint    ] Application time: 1.0000911 seconds
[2019-12-09T07:58:40.628+0000][1][safepoint    ] Entering safepoint region: Cleanup
[2019-12-09T07:58:40.628+0000][1][safepoint    ] Leaving safepoint region
[2019-12-09T07:58:40.628+0000][1][safepoint    ] Total time for which application threads were stopped: 0.0000969 seconds, Stopping threads took: 0.0000272 seconds
[2019-12-09T07:58:52.629+0000][1][safepoint    ] Application time: 12.0008094 seconds
[2019-12-09T07:58:52.629+0000][1][safepoint    ] Entering safepoint region: Cleanup
[2019-12-09T07:58:52.629+0000][1][safepoint    ] Leaving safepoint region
[2019-12-09T07:58:52.629+0000][1][safepoint    ] Total time for which application threads were stopped: 0.0000989 seconds, Stopping threads took: 0.0000283 seconds
[2019-12-09T07:58:53.629+0000][1][safepoint    ] Application time: 1.0000758 seconds
[2019-12-09T07:58:53.629+0000][1][safepoint    ] Entering safepoint region: Cleanup
[2019-12-09T07:58:53.629+0000][1][safepoint    ] Leaving safepoint region
[2019-12-09T07:58:53.629+0000][1][safepoint    ] Total time for which application threads were stopped: 0.0000844 seconds, Stopping threads took: 0.0000187 seconds
[2019-12-09T07:59:15.632+0000][1][safepoint    ] Application time: 22.0029301 seconds
[2019-12-09T07:59:15.632+0000][1][safepoint    ] Entering safepoint region: Cleanup
[2019-12-09T07:59:15.633+0000][1][safepoint    ] Leaving safepoint region
[2019-12-09T07:59:15.633+0000][1][safepoint    ] Total time for which application threads were stopped: 0.0000981 seconds, Stopping threads took: 0.0000259 seconds
[2019-12-09T07:59:22.076+0000][1][safepoint    ] Application time: 6.4431013 seconds
[2019-12-09T07:59:22.076+0000][1][safepoint    ] Entering safepoint region: GenCollectForAllocation
[2019-12-09T07:59:22.076+0000][1][gc,start     ] GC(106) Pause Young (Allocation Failure)
[2019-12-09T07:59:22.076+0000][1][gc,task      ] GC(106) Using 2 workers of 2 for evacuation
[2019-12-09T07:59:22.078+0000][1][gc,age       ] GC(106) Desired survivor size 4456448 bytes, new threshold 6 (max threshold 6)
[2019-12-09T07:59:22.078+0000][1][gc,age       ] GC(106) Age table with threshold 6 (max threshold 6)
[2019-12-09T07:59:22.078+0000][1][gc,age       ] GC(106) - age   1:     821736 bytes,     821736 total
[2019-12-09T07:59:22.078+0000][1][gc,age       ] GC(106) - age   2:        688 bytes,     822424 total
[2019-12-09T07:59:22.078+0000][1][gc,age       ] GC(106) - age   3:         88 bytes,     822512 total
[2019-12-09T07:59:22.078+0000][1][gc,heap      ] GC(106) ParNew: 70964K->1017K(78656K)
[2019-12-09T07:59:22.078+0000][1][gc,heap      ] GC(106) CMS: 70958K->70958K(174784K)
[2019-12-09T07:59:22.078+0000][1][gc,metaspace ] GC(106) Metaspace: 76440K->76440K(1120256K)
[2019-12-09T07:59:22.078+0000][1][gc           ] GC(106) Pause Young (Allocation Failure) 138M->70M(247M) 1.846ms
[2019-12-09T07:59:22.078+0000][1][gc,cpu       ] GC(106) User=0.00s Sys=0.00s Real=0.00s
[2019-12-09T07:59:22.078+0000][1][safepoint    ] Leaving safepoint region
[2019-12-09T07:59:22.078+0000][1][safepoint    ] Total time for which application threads were stopped: 0.0020585 seconds, Stopping threads took: 0.0000454 seconds
[2019-12-09T07:59:51.080+0000][1][safepoint    ] Application time: 29.0019726 seconds
[2019-12-09T07:59:51.080+0000][1][safepoint    ] Entering safepoint region: Cleanup
[2019-12-09T07:59:51.080+0000][1][safepoint    ] Leaving safepoint region
[2019-12-09T07:59:51.080+0000][1][safepoint    ] Total time for which application threads were stopped: 0.0000931 seconds, Stopping threads took: 0.0000255 seconds
[2019-12-09T07:59:53.080+0000][1][safepoint    ] Application time: 2.0001457 seconds
[2019-12-09T07:59:53.080+0000][1][safepoint    ] Entering safepoint region: Cleanup
[2019-12-09T07:59:53.080+0000][1][safepoint    ] Leaving safepoint region
[2019-12-09T07:59:53.080+0000][1][safepoint    ] Total time for which application threads were stopped: 0.0000878 seconds, Stopping threads took: 0.0000180 seconds
[2019-12-09T07:59:55.080+0000][1][safepoint    ] Application time: 2.0001435 seconds
[2019-12-09T07:59:55.080+0000][1][safepoint    ] Entering safepoint region: Cleanup
[2019-12-09T07:59:55.080+0000][1][safepoint    ] Leaving safepoint region
[2019-12-09T07:59:55.080+0000][1][safepoint    ] Total time for which application threads were stopped: 0.0000882 seconds, Stopping threads took: 0.0000184 seconds
[2019-12-09T08:00:04.082+0000][1][safepoint    ] Application time: 9.0015269 seconds
[2019-12-09T08:00:04.082+0000][1][safepoint    ] Entering safepoint region: GenCollectForAllocation
[2019-12-09T08:00:04.082+0000][1][gc,start     ] GC(107) Pause Young (Allocation Failure)
[2019-12-09T08:00:04.082+0000][1][gc,task      ] GC(107) Using 2 workers of 2 for evacuation
[2019-12-09T08:00:04.084+0000][1][gc,age       ] GC(107) Desired survivor size 4456448 bytes, new threshold 6 (max threshold 6)
[2019-12-09T08:00:04.084+0000][1][gc,age       ] GC(107) Age table with threshold 6 (max threshold 6)
[2019-12-09T08:00:04.084+0000][1][gc,age       ] GC(107) - age   1:     755456 bytes,     755456 total
[2019-12-09T08:00:04.084+0000][1][gc,age       ] GC(107) - age   2:        152 bytes,     755608 total
[2019-12-09T08:00:04.084+0000][1][gc,age       ] GC(107) - age   3:        592 bytes,     756200 total
[2019-12-09T08:00:04.084+0000][1][gc,age       ] GC(107) - age   4:         88 bytes,     756288 total
[2019-12-09T08:00:04.084+0000][1][gc,heap      ] GC(107) ParNew: 70969K->787K(78656K)
[2019-12-09T08:00:04.084+0000][1][gc,heap      ] GC(107) CMS: 70958K->70958K(174784K)
[2019-12-09T08:00:04.084+0000][1][gc,metaspace ] GC(107) Metaspace: 76442K->76442K(1120256K)
[2019-12-09T08:00:04.084+0000][1][gc           ] GC(107) Pause Young (Allocation Failure) 138M->70M(247M) 1.902ms
[2019-12-09T08:00:04.084+0000][1][gc,cpu       ] GC(107) User=0.01s Sys=0.00s Real=0.00s
[2019-12-09T08:00:04.084+0000][1][safepoint    ] Leaving safepoint region
[2019-12-09T08:00:04.084+0000][1][safepoint    ] Total time for which application threads were stopped: 0.0020697 seconds, Stopping threads took: 0.0000243 seconds
[2019-12-09T08:00:47.108+0000][1][safepoint    ] Application time: 43.0241626 seconds
[2019-12-09T08:00:47.108+0000][1][safepoint    ] Entering safepoint region: GenCollectForAllocation
[2019-12-09T08:00:47.108+0000][1][gc,start     ] GC(108) Pause Young (Allocation Failure)
[2019-12-09T08:00:47.108+0000][1][gc,task      ] GC(108) Using 2 workers of 2 for evacuation
[2019-12-09T08:00:47.110+0000][1][gc,age       ] GC(108) Desired survivor size 4456448 bytes, new threshold 6 (max threshold 6)
[2019-12-09T08:00:47.110+0000][1][gc,age       ] GC(108) Age table with threshold 6 (max threshold 6)
[2019-12-09T08:00:47.110+0000][1][gc,age       ] GC(108) - age   1:     755616 bytes,     755616 total
[2019-12-09T08:00:47.110+0000][1][gc,age       ] GC(108) - age   2:        624 bytes,     756240 total
[2019-12-09T08:00:47.110+0000][1][gc,age       ] GC(108) - age   3:        152 bytes,     756392 total
[2019-12-09T08:00:47.110+0000][1][gc,age       ] GC(108) - age   4:        592 bytes,     756984 total
[2019-12-09T08:00:47.110+0000][1][gc,age       ] GC(108) - age   5:         88 bytes,     757072 total
[2019-12-09T08:00:47.110+0000][1][gc,heap      ] GC(108) ParNew: 70739K->750K(78656K)
[2019-12-09T08:00:47.110+0000][1][gc,heap      ] GC(108) CMS: 70958K->70958K(174784K)
[2019-12-09T08:00:47.110+0000][1][gc,metaspace ] GC(108) Metaspace: 76445K->76445K(1120256K)
[2019-12-09T08:00:47.110+0000][1][gc           ] GC(108) Pause Young (Allocation Failure) 138M->70M(247M) 1.827ms
[2019-12-09T08:00:47.110+0000][1][gc,cpu       ] GC(108) User=0.00s Sys=0.00s Real=0.00s
[2019-12-09T08:00:47.110+0000][1][safepoint    ] Leaving safepoint region
[2019-12-09T08:00:47.110+0000][1][safepoint    ] Total time for which application threads were stopped: 0.0019859 seconds, Stopping threads took: 0.0000248 seconds
[2019-12-09T08:01:04.111+0000][1][safepoint    ] Application time: 17.0011569 seconds
[2019-12-09T08:01:04.111+0000][1][safepoint    ] Entering safepoint region: Cleanup
[2019-12-09T08:01:04.112+0000][1][safepoint    ] Leaving safepoint region
[2019-12-09T08:01:04.112+0000][1][safepoint    ] Total time for which application threads were stopped: 0.0000847 seconds, Stopping threads took: 0.0000182 seconds
[2019-12-09T08:01:13.112+0000][1][safepoint    ] Application time: 9.0007284 seconds
[2019-12-09T08:01:13.112+0000][1][safepoint    ] Entering safepoint region: Cleanup
[2019-12-09T08:01:13.112+0000][1][safepoint    ] Leaving safepoint region
[2019-12-09T08:01:13.112+0000][1][safepoint    ] Total time for which application threads were stopped: 0.0000918 seconds, Stopping threads took: 0.0000201 seconds
[2019-12-09T08:01:29.588+0000][1][safepoint    ] Application time: 16.4753321 seconds
[2019-12-09T08:01:29.588+0000][1][safepoint    ] Entering safepoint region: GenCollectForAllocation
[2019-12-09T08:01:29.588+0000][1][gc,start     ] GC(109) Pause Young (Allocation Failure)
[2019-12-09T08:01:29.588+0000][1][gc,task      ] GC(109) Using 2 workers of 2 for evacuation
[2019-12-09T08:01:29.590+0000][1][gc,age       ] GC(109) Desired survivor size 4456448 bytes, new threshold 6 (max threshold 6)
[2019-12-09T08:01:29.590+0000][1][gc,age       ] GC(109) Age table with threshold 6 (max threshold 6)
[2019-12-09T08:01:29.590+0000][1][gc,age       ] GC(109) - age   1:     821712 bytes,     821712 total
[2019-12-09T08:01:29.590+0000][1][gc,age       ] GC(109) - age   2:        288 bytes,     822000 total
[2019-12-09T08:01:29.590+0000][1][gc,age       ] GC(109) - age   3:        624 bytes,     822624 total
[2019-12-09T08:01:29.590+0000][1][gc,age       ] GC(109) - age   4:        152 bytes,     822776 total
[2019-12-09T08:01:29.590+0000][1][gc,age       ] GC(109) - age   5:        592 bytes,     823368 total
[2019-12-09T08:01:29.590+0000][1][gc,age       ] GC(109) - age   6:         88 bytes,     823456 total
[2019-12-09T08:01:29.590+0000][1][gc,heap      ] GC(109) ParNew: 70695K->1081K(78656K)
[2019-12-09T08:01:29.590+0000][1][gc,heap      ] GC(109) CMS: 70958K->70958K(174784K)
[2019-12-09T08:01:29.590+0000][1][gc,metaspace ] GC(109) Metaspace: 76452K->76452K(1120256K)
[2019-12-09T08:01:29.590+0000][1][gc           ] GC(109) Pause Young (Allocation Failure) 138M->70M(247M) 1.951ms
[2019-12-09T08:01:29.590+0000][1][gc,cpu       ] GC(109) User=0.00s Sys=0.00s Real=0.00s
[2019-12-09T08:01:29.590+0000][1][safepoint    ] Leaving safepoint region
[2019-12-09T08:01:29.590+0000][1][safepoint    ] Total time for which application threads were stopped: 0.0021119 seconds, Stopping threads took: 0.0000220 seconds
[2019-12-09T08:01:33.590+0000][1][safepoint    ] Application time: 4.0002880 seconds
[2019-12-09T08:01:33.590+0000][1][safepoint    ] Entering safepoint region: Cleanup
[2019-12-09T08:01:33.590+0000][1][safepoint    ] Leaving safepoint region
[2019-12-09T08:01:33.590+0000][1][safepoint    ] Total time for which application threads were stopped: 0.0000878 seconds, Stopping threads took: 0.0000187 seconds
[2019-12-09T08:02:12.142+0000][1][safepoint    ] Application time: 38.5514185 seconds
[2019-12-09T08:02:12.142+0000][1][safepoint    ] Entering safepoint region: GenCollectForAllocation
[2019-12-09T08:02:12.142+0000][1][gc,start     ] GC(110) Pause Young (Allocation Failure)
[2019-12-09T08:02:12.142+0000][1][gc,task      ] GC(110) Using 2 workers of 2 for evacuation
[2019-12-09T08:02:12.144+0000][1][gc,age       ] GC(110) Desired survivor size 4456448 bytes, new threshold 6 (max threshold 6)
[2019-12-09T08:02:12.144+0000][1][gc,age       ] GC(110) Age table with threshold 6 (max threshold 6)
[2019-12-09T08:02:12.144+0000][1][gc,age       ] GC(110) - age   1:     755656 bytes,     755656 total
[2019-12-09T08:02:12.144+0000][1][gc,age       ] GC(110) - age   2:       1296 bytes,     756952 total
[2019-12-09T08:02:12.144+0000][1][gc,age       ] GC(110) - age   4:        624 bytes,     757576 total
[2019-12-09T08:02:12.144+0000][1][gc,age       ] GC(110) - age   5:        152 bytes,     757728 total
[2019-12-09T08:02:12.144+0000][1][gc,age       ] GC(110) - age   6:        592 bytes,     758320 total
[2019-12-09T08:02:12.144+0000][1][gc,heap      ] GC(110) ParNew: 71033K->1078K(78656K)
[2019-12-09T08:02:12.144+0000][1][gc,heap      ] GC(110) CMS: 70958K->70958K(174784K)
[2019-12-09T08:02:12.144+0000][1][gc,metaspace ] GC(110) Metaspace: 76457K->76457K(1120256K)
[2019-12-09T08:02:12.144+0000][1][gc           ] GC(110) Pause Young (Allocation Failure) 138M->70M(247M) 1.923ms
[2019-12-09T08:02:12.144+0000][1][gc,cpu       ] GC(110) User=0.00s Sys=0.00s Real=0.00s
[2019-12-09T08:02:12.144+0000][1][safepoint    ] Leaving safepoint region
[2019-12-09T08:02:12.144+0000][1][safepoint    ] Total time for which application threads were stopped: 0.0020741 seconds, Stopping threads took: 0.0000180 seconds
[2019-12-09T08:02:42.146+0000][1][safepoint    ] Application time: 30.0020216 seconds
[2019-12-09T08:02:42.146+0000][1][safepoint    ] Entering safepoint region: Cleanup
[2019-12-09T08:02:42.146+0000][1][safepoint    ] Leaving safepoint region
[2019-12-09T08:02:42.146+0000][1][safepoint    ] Total time for which application threads were stopped: 0.0000831 seconds, Stopping threads took: 0.0000164 seconds
[2019-12-09T08:02:43.146+0000][1][safepoint    ] Application time: 1.0000767 seconds
[2019-12-09T08:02:43.146+0000][1][safepoint    ] Entering safepoint region: Cleanup
[2019-12-09T08:02:43.146+0000][1][safepoint    ] Leaving safepoint region
[2019-12-09T08:02:43.146+0000][1][safepoint    ] Total time for which application threads were stopped: 0.0000888 seconds, Stopping threads took: 0.0000188 seconds
[2019-12-09T08:02:53.869+0000][1][safepoint    ] Application time: 10.7227569 seconds
[2019-12-09T08:02:53.869+0000][1][safepoint    ] Entering safepoint region: GenCollectForAllocation
[2019-12-09T08:02:53.869+0000][1][gc,start     ] GC(111) Pause Young (Allocation Failure)
[2019-12-09T08:02:53.869+0000][1][gc,task      ] GC(111) Using 2 workers of 2 for evacuation
[2019-12-09T08:02:53.871+0000][1][gc,age       ] GC(111) Desired survivor size 4456448 bytes, new threshold 6 (max threshold 6)
[2019-12-09T08:02:53.871+0000][1][gc,age       ] GC(111) Age table with threshold 6 (max threshold 6)
[2019-12-09T08:02:53.871+0000][1][gc,age       ] GC(111) - age   1:     755328 bytes,     755328 total
[2019-12-09T08:02:53.871+0000][1][gc,age       ] GC(111) - age   2:        360 bytes,     755688 total
[2019-12-09T08:02:53.871+0000][1][gc,age       ] GC(111) - age   3:       1296 bytes,     756984 total
[2019-12-09T08:02:53.871+0000][1][gc,age       ] GC(111) - age   5:        624 bytes,     757608 total
[2019-12-09T08:02:53.871+0000][1][gc,age       ] GC(111) - age   6:        152 bytes,     757760 total
[2019-12-09T08:02:53.871+0000][1][gc,heap      ] GC(111) ParNew: 71030K->766K(78656K)
[2019-12-09T08:02:53.871+0000][1][gc,heap      ] GC(111) CMS: 70958K->70959K(174784K)
[2019-12-09T08:02:53.871+0000][1][gc,metaspace ] GC(111) Metaspace: 76462K->76462K(1120256K)
[2019-12-09T08:02:53.871+0000][1][gc           ] GC(111) Pause Young (Allocation Failure) 138M->70M(247M) 2.069ms
[2019-12-09T08:02:53.871+0000][1][gc,cpu       ] GC(111) User=0.01s Sys=0.00s Real=0.00s
[2019-12-09T08:02:53.871+0000][1][safepoint    ] Leaving safepoint region
[2019-12-09T08:02:53.871+0000][1][safepoint    ] Total time for which application threads were stopped: 0.0022447 seconds, Stopping threads took: 0.0000189 seconds
[2019-12-09T08:03:15.873+0000][1][safepoint    ] Application time: 22.0014685 seconds
[2019-12-09T08:03:15.873+0000][1][safepoint    ] Entering safepoint region: Cleanup
[2019-12-09T08:03:15.873+0000][1][safepoint    ] Leaving safepoint region
[2019-12-09T08:03:15.873+0000][1][safepoint    ] Total time for which application threads were stopped: 0.0000886 seconds, Stopping threads took: 0.0000189 seconds
[2019-12-09T08:03:37.173+0000][1][safepoint    ] Application time: 21.3002555 seconds
[2019-12-09T08:03:37.173+0000][1][safepoint    ] Entering safepoint region: GenCollectForAllocation
[2019-12-09T08:03:37.173+0000][1][gc,start     ] GC(112) Pause Young (Allocation Failure)
[2019-12-09T08:03:37.173+0000][1][gc,task      ] GC(112) Using 2 workers of 2 for evacuation
[2019-12-09T08:03:37.175+0000][1][gc,age       ] GC(112) Desired survivor size 4456448 bytes, new threshold 6 (max threshold 6)
[2019-12-09T08:03:37.175+0000][1][gc,age       ] GC(112) Age table with threshold 6 (max threshold 6)
[2019-12-09T08:03:37.175+0000][1][gc,age       ] GC(112) - age   1:     820424 bytes,     820424 total
[2019-12-09T08:03:37.175+0000][1][gc,age       ] GC(112) - age   2:        576 bytes,     821000 total
[2019-12-09T08:03:37.175+0000][1][gc,age       ] GC(112) - age   3:        360 bytes,     821360 total
[2019-12-09T08:03:37.175+0000][1][gc,age       ] GC(112) - age   4:       1296 bytes,     822656 total
[2019-12-09T08:03:37.175+0000][1][gc,age       ] GC(112) - age   6:        624 bytes,     823280 total
[2019-12-09T08:03:37.175+0000][1][gc,heap      ] GC(112) ParNew: 70718K->810K(78656K)
[2019-12-09T08:03:37.175+0000][1][gc,heap      ] GC(112) CMS: 70959K->70959K(174784K)
[2019-12-09T08:03:37.175+0000][1][gc,metaspace ] GC(112) Metaspace: 76465K->76465K(1120256K)
[2019-12-09T08:03:37.175+0000][1][gc           ] GC(112) Pause Young (Allocation Failure) 138M->70M(247M) 2.089ms
[2019-12-09T08:03:37.175+0000][1][gc,cpu       ] GC(112) User=0.00s Sys=0.00s Real=0.01s
[2019-12-09T08:03:37.175+0000][1][safepoint    ] Leaving safepoint region
[2019-12-09T08:03:37.175+0000][1][safepoint    ] Total time for which application threads were stopped: 0.0022477 seconds, Stopping threads took: 0.0000189 seconds
[2019-12-09T08:03:58.177+0000][1][safepoint    ] Application time: 21.0014484 seconds
[2019-12-09T08:03:58.177+0000][1][safepoint    ] Entering safepoint region: Cleanup
[2019-12-09T08:03:58.177+0000][1][safepoint    ] Leaving safepoint region
[2019-12-09T08:03:58.177+0000][1][safepoint    ] Total time for which application threads were stopped: 0.0000894 seconds, Stopping threads took: 0.0000193 seconds
[2019-12-09T08:04:12.178+0000][1][safepoint    ] Application time: 14.0009320 seconds
[2019-12-09T08:04:12.178+0000][1][safepoint    ] Entering safepoint region: Cleanup
[2019-12-09T08:04:12.178+0000][1][safepoint    ] Leaving safepoint region
[2019-12-09T08:04:12.178+0000][1][safepoint    ] Total time for which application threads were stopped: 0.0000861 seconds, Stopping threads took: 0.0000183 seconds
[2019-12-09T08:04:15.178+0000][1][safepoint    ] Application time: 3.0002059 seconds
[2019-12-09T08:04:15.178+0000][1][safepoint    ] Entering safepoint region: Cleanup
[2019-12-09T08:04:15.178+0000][1][safepoint    ] Leaving safepoint region
[2019-12-09T08:04:15.178+0000][1][safepoint    ] Total time for which application threads were stopped: 0.0000809 seconds, Stopping threads took: 0.0000164 seconds
[2019-12-09T08:04:20.476+0000][1][safepoint    ] Application time: 5.2979284 seconds
[2019-12-09T08:04:20.476+0000][1][safepoint    ] Entering safepoint region: GenCollectForAllocation
[2019-12-09T08:04:20.477+0000][1][gc,start     ] GC(113) Pause Young (Allocation Failure)
[2019-12-09T08:04:20.477+0000][1][gc,task      ] GC(113) Using 2 workers of 2 for evacuation
[2019-12-09T08:04:20.479+0000][1][gc,age       ] GC(113) Desired survivor size 4456448 bytes, new threshold 6 (max threshold 6)
[2019-12-09T08:04:20.479+0000][1][gc,age       ] GC(113) Age table with threshold 6 (max threshold 6)
[2019-12-09T08:04:20.479+0000][1][gc,age       ] GC(113) - age   1:     807784 bytes,     807784 total
[2019-12-09T08:04:20.479+0000][1][gc,age       ] GC(113) - age   3:        288 bytes,     808072 total
[2019-12-09T08:04:20.479+0000][1][gc,age       ] GC(113) - age   4:        360 bytes,     808432 total
[2019-12-09T08:04:20.479+0000][1][gc,age       ] GC(113) - age   5:       1296 bytes,     809728 total
[2019-12-09T08:04:20.479+0000][1][gc,heap      ] GC(113) ParNew: 70762K->824K(78656K)
[2019-12-09T08:04:20.479+0000][1][gc,heap      ] GC(113) CMS: 70959K->70960K(174784K)
[2019-12-09T08:04:20.479+0000][1][gc,metaspace ] GC(113) Metaspace: 76485K->76485K(1120256K)
[2019-12-09T08:04:20.479+0000][1][gc           ] GC(113) Pause Young (Allocation Failure) 138M->70M(247M) 2.629ms
[2019-12-09T08:04:20.479+0000][1][gc,cpu       ] GC(113) User=0.00s Sys=0.00s Real=0.00s
[2019-12-09T08:04:20.479+0000][1][safepoint    ] Leaving safepoint region
[2019-12-09T08:04:20.479+0000][1][safepoint    ] Total time for which application threads were stopped: 0.0028236 seconds, Stopping threads took: 0.0000329 seconds
[2019-12-09T08:04:21.479+0000][1][safepoint    ] Application time: 1.0000922 seconds
[2019-12-09T08:04:21.479+0000][1][safepoint    ] Entering safepoint region: Cleanup
[2019-12-09T08:04:21.479+0000][1][safepoint    ] Leaving safepoint region
[2019-12-09T08:04:21.479+0000][1][safepoint    ] Total time for which application threads were stopped: 0.0000902 seconds, Stopping threads took: 0.0000200 seconds
[2019-12-09T08:04:24.480+0000][1][safepoint    ] Application time: 3.0002138 seconds
[2019-12-09T08:04:24.480+0000][1][safepoint    ] Entering safepoint region: Cleanup
[2019-12-09T08:04:24.480+0000][1][safepoint    ] Leaving safepoint region
[2019-12-09T08:04:24.480+0000][1][safepoint    ] Total time for which application threads were stopped: 0.0001042 seconds, Stopping threads took: 0.0000204 seconds
[2019-12-09T08:04:44.481+0000][1][safepoint    ] Application time: 20.0012953 seconds
[2019-12-09T08:04:44.481+0000][1][safepoint    ] Entering safepoint region: Cleanup
[2019-12-09T08:04:44.481+0000][1][safepoint    ] Leaving safepoint region
[2019-12-09T08:04:44.481+0000][1][safepoint    ] Total time for which application threads were stopped: 0.0000937 seconds, Stopping threads took: 0.0000209 seconds
[2019-12-09T08:04:46.481+0000][1][safepoint    ] Application time: 2.0001422 seconds
[2019-12-09T08:04:46.481+0000][1][safepoint    ] Entering safepoint region: Cleanup
[2019-12-09T08:04:46.481+0000][1][safepoint    ] Leaving safepoint region
[2019-12-09T08:04:46.481+0000][1][safepoint    ] Total time for which application threads were stopped: 0.0000870 seconds, Stopping threads took: 0.0000181 seconds
[2019-12-09T08:05:02.204+0000][1][safepoint    ] Application time: 15.7228991 seconds
[2019-12-09T08:05:02.204+0000][1][safepoint    ] Entering safepoint region: GenCollectForAllocation
[2019-12-09T08:05:02.205+0000][1][gc,start     ] GC(114) Pause Young (Allocation Failure)
[2019-12-09T08:05:02.205+0000][1][gc,task      ] GC(114) Using 2 workers of 2 for evacuation
[2019-12-09T08:05:02.206+0000][1][gc,age       ] GC(114) Desired survivor size 4456448 bytes, new threshold 6 (max threshold 6)
[2019-12-09T08:05:02.206+0000][1][gc,age       ] GC(114) Age table with threshold 6 (max threshold 6)
[2019-12-09T08:05:02.206+0000][1][gc,age       ] GC(114) - age   1:     821888 bytes,     821888 total
[2019-12-09T08:05:02.206+0000][1][gc,age       ] GC(114) - age   2:       2488 bytes,     824376 total
[2019-12-09T08:05:02.206+0000][1][gc,age       ] GC(114) - age   4:        288 bytes,     824664 total
[2019-12-09T08:05:02.206+0000][1][gc,age       ] GC(114) - age   5:        360 bytes,     825024 total
[2019-12-09T08:05:02.206+0000][1][gc,age       ] GC(114) - age   6:       1296 bytes,     826320 total
[2019-12-09T08:05:02.206+0000][1][gc,heap      ] GC(114) ParNew: 70776K->890K(78656K)
[2019-12-09T08:05:02.206+0000][1][gc,heap      ] GC(114) CMS: 70960K->70960K(174784K)
[2019-12-09T08:05:02.206+0000][1][gc,metaspace ] GC(114) Metaspace: 76512K->76512K(1120256K)
[2019-12-09T08:05:02.206+0000][1][gc           ] GC(114) Pause Young (Allocation Failure) 138M->70M(247M) 1.950ms
[2019-12-09T08:05:02.207+0000][1][gc,cpu       ] GC(114) User=0.01s Sys=0.00s Real=0.01s
[2019-12-09T08:05:02.207+0000][1][safepoint    ] Leaving safepoint region
[2019-12-09T08:05:02.207+0000][1][safepoint    ] Total time for which application threads were stopped: 0.0021150 seconds, Stopping threads took: 0.0000291 seconds
[2019-12-09T08:05:19.208+0000][1][safepoint    ] Application time: 17.0012502 seconds
[2019-12-09T08:05:19.208+0000][1][safepoint    ] Entering safepoint region: Cleanup
[2019-12-09T08:05:19.208+0000][1][safepoint    ] Leaving safepoint region
[2019-12-09T08:05:19.208+0000][1][safepoint    ] Total time for which application threads were stopped: 0.0000886 seconds, Stopping threads took: 0.0000199 seconds
[2019-12-09T08:05:23.208+0000][1][safepoint    ] Application time: 4.0002731 seconds
[2019-12-09T08:05:23.208+0000][1][safepoint    ] Entering safepoint region: Cleanup
[2019-12-09T08:05:23.208+0000][1][safepoint    ] Leaving safepoint region
[2019-12-09T08:05:23.208+0000][1][safepoint    ] Total time for which application threads were stopped: 0.0000976 seconds, Stopping threads took: 0.0000263 seconds
[2019-12-09T08:05:24.208+0000][1][safepoint    ] Application time: 1.0000751 seconds
[2019-12-09T08:05:24.208+0000][1][safepoint    ] Entering safepoint region: Cleanup
[2019-12-09T08:05:24.209+0000][1][safepoint    ] Leaving safepoint region
[2019-12-09T08:05:24.209+0000][1][safepoint    ] Total time for which application threads were stopped: 0.0000914 seconds, Stopping threads took: 0.0000194 seconds
[2019-12-09T08:05:25.209+0000][1][safepoint    ] Application time: 1.0000757 seconds
[2019-12-09T08:05:25.209+0000][1][safepoint    ] Entering safepoint region: Cleanup
[2019-12-09T08:05:25.209+0000][1][safepoint    ] Leaving safepoint region
[2019-12-09T08:05:25.209+0000][1][safepoint    ] Total time for which application threads were stopped: 0.0000997 seconds, Stopping threads took: 0.0000303 seconds
[2019-12-09T08:05:38.210+0000][1][safepoint    ] Application time: 13.0008786 seconds
[2019-12-09T08:05:38.210+0000][1][safepoint    ] Entering safepoint region: Cleanup
[2019-12-09T08:05:38.210+0000][1][safepoint    ] Leaving safepoint region
[2019-12-09T08:05:38.210+0000][1][safepoint    ] Total time for which application threads were stopped: 0.0001235 seconds, Stopping threads took: 0.0000250 seconds
[2019-12-09T08:05:40.210+0000][1][safepoint    ] Application time: 2.0001422 seconds
[2019-12-09T08:05:40.210+0000][1][safepoint    ] Entering safepoint region: Cleanup
[2019-12-09T08:05:40.210+0000][1][safepoint    ] Leaving safepoint region
[2019-12-09T08:05:40.210+0000][1][safepoint    ] Total time for which application threads were stopped: 0.0000884 seconds, Stopping threads took: 0.0000190 seconds
[2019-12-09T08:05:41.210+0000][1][safepoint    ] Application time: 1.0000751 seconds
[2019-12-09T08:05:41.210+0000][1][safepoint    ] Entering safepoint region: Cleanup
[2019-12-09T08:05:41.210+0000][1][safepoint    ] Leaving safepoint region
[2019-12-09T08:05:41.210+0000][1][safepoint    ] Total time for which application threads were stopped: 0.0000993 seconds, Stopping threads took: 0.0000215 seconds
[2019-12-09T08:05:44.211+0000][1][safepoint    ] Application time: 3.0002060 seconds
[2019-12-09T08:05:44.211+0000][1][safepoint    ] Entering safepoint region: Cleanup
[2019-12-09T08:05:44.211+0000][1][safepoint    ] Leaving safepoint region
[2019-12-09T08:05:44.211+0000][1][safepoint    ] Total time for which application threads were stopped: 0.0000913 seconds, Stopping threads took: 0.0000203 seconds
[2019-12-09T08:05:45.700+0000][1][safepoint    ] Application time: 1.4892023 seconds
[2019-12-09T08:05:45.700+0000][1][safepoint    ] Entering safepoint region: GenCollectForAllocation
[2019-12-09T08:05:45.700+0000][1][gc,start     ] GC(115) Pause Young (Allocation Failure)
[2019-12-09T08:05:45.700+0000][1][gc,task      ] GC(115) Using 2 workers of 2 for evacuation
[2019-12-09T08:05:45.702+0000][1][gc,age       ] GC(115) Desired survivor size 4456448 bytes, new threshold 6 (max threshold 6)
[2019-12-09T08:05:45.702+0000][1][gc,age       ] GC(115) Age table with threshold 6 (max threshold 6)
[2019-12-09T08:05:45.702+0000][1][gc,age       ] GC(115) - age   1:     925776 bytes,     925776 total
[2019-12-09T08:05:45.702+0000][1][gc,age       ] GC(115) - age   2:       1144 bytes,     926920 total
[2019-12-09T08:05:45.702+0000][1][gc,age       ] GC(115) - age   3:       2488 bytes,     929408 total
[2019-12-09T08:05:45.702+0000][1][gc,age       ] GC(115) - age   5:        288 bytes,     929696 total
[2019-12-09T08:05:45.702+0000][1][gc,age       ] GC(115) - age   6:        360 bytes,     930056 total
[2019-12-09T08:05:45.702+0000][1][gc,heap      ] GC(115) ParNew: 70842K->985K(78656K)
[2019-12-09T08:05:45.702+0000][1][gc,heap      ] GC(115) CMS: 70960K->70961K(174784K)
[2019-12-09T08:05:45.702+0000][1][gc,metaspace ] GC(115) Metaspace: 76550K->76550K(1120256K)
[2019-12-09T08:05:45.702+0000][1][gc           ] GC(115) Pause Young (Allocation Failure) 138M->70M(247M) 2.155ms
[2019-12-09T08:05:45.702+0000][1][gc,cpu       ] GC(115) User=0.01s Sys=0.00s Real=0.00s
[2019-12-09T08:05:45.702+0000][1][safepoint    ] Leaving safepoint region
[2019-12-09T08:05:45.702+0000][1][safepoint    ] Total time for which application threads were stopped: 0.0023400 seconds, Stopping threads took: 0.0000237 seconds
[2019-12-09T08:05:51.703+0000][1][safepoint    ] Application time: 6.0004273 seconds
[2019-12-09T08:05:51.703+0000][1][safepoint    ] Entering safepoint region: Cleanup
[2019-12-09T08:05:51.703+0000][1][safepoint    ] Leaving safepoint region
[2019-12-09T08:05:51.703+0000][1][safepoint    ] Total time for which application threads were stopped: 0.0000945 seconds, Stopping threads took: 0.0000268 seconds
[2019-12-09T08:06:26.705+0000][1][safepoint    ] Application time: 35.0024138 seconds
[2019-12-09T08:06:26.705+0000][1][safepoint    ] Entering safepoint region: Cleanup
[2019-12-09T08:06:26.705+0000][1][safepoint    ] Leaving safepoint region
[2019-12-09T08:06:26.705+0000][1][safepoint    ] Total time for which application threads were stopped: 0.0000982 seconds, Stopping threads took: 0.0000289 seconds
[2019-12-09T08:06:27.236+0000][1][safepoint    ] Application time: 0.5306333 seconds
[2019-12-09T08:06:27.236+0000][1][safepoint    ] Entering safepoint region: GenCollectForAllocation
[2019-12-09T08:06:27.236+0000][1][gc,start     ] GC(116) Pause Young (Allocation Failure)
[2019-12-09T08:06:27.236+0000][1][gc,task      ] GC(116) Using 2 workers of 2 for evacuation
[2019-12-09T08:06:27.238+0000][1][gc,age       ] GC(116) Desired survivor size 4456448 bytes, new threshold 6 (max threshold 6)
[2019-12-09T08:06:27.238+0000][1][gc,age       ] GC(116) Age table with threshold 6 (max threshold 6)
[2019-12-09T08:06:27.238+0000][1][gc,age       ] GC(116) - age   1:     755848 bytes,     755848 total
[2019-12-09T08:06:27.238+0000][1][gc,age       ] GC(116) - age   2:        544 bytes,     756392 total
[2019-12-09T08:06:27.238+0000][1][gc,age       ] GC(116) - age   3:        952 bytes,     757344 total
[2019-12-09T08:06:27.238+0000][1][gc,age       ] GC(116) - age   4:       2488 bytes,     759832 total
[2019-12-09T08:06:27.238+0000][1][gc,age       ] GC(116) - age   6:        288 bytes,     760120 total
[2019-12-09T08:06:27.238+0000][1][gc,heap      ] GC(116) ParNew: 70937K->824K(78656K)
[2019-12-09T08:06:27.238+0000][1][gc,heap      ] GC(116) CMS: 70961K->70961K(174784K)
[2019-12-09T08:06:27.238+0000][1][gc,metaspace ] GC(116) Metaspace: 76556K->76556K(1120256K)
[2019-12-09T08:06:27.238+0000][1][gc           ] GC(116) Pause Young (Allocation Failure) 138M->70M(247M) 1.950ms
[2019-12-09T08:06:27.238+0000][1][gc,cpu       ] GC(116) User=0.01s Sys=0.00s Real=0.00s
[2019-12-09T08:06:27.238+0000][1][safepoint    ] Leaving safepoint region
[2019-12-09T08:06:27.238+0000][1][safepoint    ] Total time for which application threads were stopped: 0.0021046 seconds, Stopping threads took: 0.0000188 seconds
[2019-12-09T08:07:10.910+0000][1][safepoint    ] Application time: 43.6720666 seconds
[2019-12-09T08:07:10.910+0000][1][safepoint    ] Entering safepoint region: GenCollectForAllocation
[2019-12-09T08:07:10.910+0000][1][gc,start     ] GC(117) Pause Young (Allocation Failure)
[2019-12-09T08:07:10.910+0000][1][gc,task      ] GC(117) Using 2 workers of 2 for evacuation
[2019-12-09T08:07:10.912+0000][1][gc,age       ] GC(117) Desired survivor size 4456448 bytes, new threshold 6 (max threshold 6)
[2019-12-09T08:07:10.912+0000][1][gc,age       ] GC(117) Age table with threshold 6 (max threshold 6)
[2019-12-09T08:07:10.912+0000][1][gc,age       ] GC(117) - age   1:     877736 bytes,     877736 total
[2019-12-09T08:07:10.912+0000][1][gc,age       ] GC(117) - age   2:         88 bytes,     877824 total
[2019-12-09T08:07:10.912+0000][1][gc,age       ] GC(117) - age   3:        448 bytes,     878272 total
[2019-12-09T08:07:10.912+0000][1][gc,age       ] GC(117) - age   4:        952 bytes,     879224 total
[2019-12-09T08:07:10.912+0000][1][gc,age       ] GC(117) - age   5:       2488 bytes,     881712 total
[2019-12-09T08:07:10.912+0000][1][gc,heap      ] GC(117) ParNew: 70776K->890K(78656K)
[2019-12-09T08:07:10.912+0000][1][gc,heap      ] GC(117) CMS: 70961K->70962K(174784K)
[2019-12-09T08:07:10.912+0000][1][gc,metaspace ] GC(117) Metaspace: 76556K->76556K(1120256K)
[2019-12-09T08:07:10.912+0000][1][gc           ] GC(117) Pause Young (Allocation Failure) 138M->70M(247M) 2.048ms
[2019-12-09T08:07:10.912+0000][1][gc,cpu       ] GC(117) User=0.01s Sys=0.00s Real=0.00s
[2019-12-09T08:07:10.912+0000][1][safepoint    ] Leaving safepoint region
[2019-12-09T08:07:10.912+0000][1][safepoint    ] Total time for which application threads were stopped: 0.0022122 seconds, Stopping threads took: 0.0000289 seconds
[2019-12-09T08:07:52.266+0000][1][safepoint    ] Application time: 41.3535654 seconds
[2019-12-09T08:07:52.266+0000][1][safepoint    ] Entering safepoint region: GenCollectForAllocation
[2019-12-09T08:07:52.266+0000][1][gc,start     ] GC(118) Pause Young (Allocation Failure)
[2019-12-09T08:07:52.266+0000][1][gc,task      ] GC(118) Using 2 workers of 2 for evacuation
[2019-12-09T08:07:52.268+0000][1][gc,age       ] GC(118) Desired survivor size 4456448 bytes, new threshold 6 (max threshold 6)
[2019-12-09T08:07:52.268+0000][1][gc,age       ] GC(118) Age table with threshold 6 (max threshold 6)
[2019-12-09T08:07:52.268+0000][1][gc,age       ] GC(118) - age   1:     821832 bytes,     821832 total
[2019-12-09T08:07:52.268+0000][1][gc,age       ] GC(118) - age   3:         88 bytes,     821920 total
[2019-12-09T08:07:52.268+0000][1][gc,age       ] GC(118) - age   4:        448 bytes,     822368 total
[2019-12-09T08:07:52.268+0000][1][gc,age       ] GC(118) - age   5:        952 bytes,     823320 total
[2019-12-09T08:07:52.268+0000][1][gc,age       ] GC(118) - age   6:       2488 bytes,     825808 total
[2019-12-09T08:07:52.268+0000][1][gc,heap      ] GC(118) ParNew: 70842K->1096K(78656K)
[2019-12-09T08:07:52.268+0000][1][gc,heap      ] GC(118) CMS: 70962K->70962K(174784K)
[2019-12-09T08:07:52.268+0000][1][gc,metaspace ] GC(118) Metaspace: 76558K->76558K(1120256K)
[2019-12-09T08:07:52.268+0000][1][gc           ] GC(118) Pause Young (Allocation Failure) 138M->70M(247M) 1.912ms
[2019-12-09T08:07:52.268+0000][1][gc,cpu       ] GC(118) User=0.01s Sys=0.00s Real=0.00s
[2019-12-09T08:07:52.268+0000][1][safepoint    ] Leaving safepoint region
[2019-12-09T08:07:52.268+0000][1][safepoint    ] Total time for which application threads were stopped: 0.0020777 seconds, Stopping threads took: 0.0000267 seconds
[2019-12-09T08:08:21.270+0000][1][safepoint    ] Application time: 29.0019309 seconds
[2019-12-09T08:08:21.270+0000][1][safepoint    ] Entering safepoint region: Cleanup
[2019-12-09T08:08:21.270+0000][1][safepoint    ] Leaving safepoint region
[2019-12-09T08:08:21.270+0000][1][safepoint    ] Total time for which application threads were stopped: 0.0001050 seconds, Stopping threads took: 0.0000198 seconds
[2019-12-09T08:08:36.013+0000][1][safepoint    ] Application time: 14.7426357 seconds
[2019-12-09T08:08:36.013+0000][1][safepoint    ] Entering safepoint region: GenCollectForAllocation
[2019-12-09T08:08:36.013+0000][1][gc,start     ] GC(119) Pause Young (Allocation Failure)
[2019-12-09T08:08:36.013+0000][1][gc,task      ] GC(119) Using 2 workers of 2 for evacuation
[2019-12-09T08:08:36.017+0000][1][gc,age       ] GC(119) Desired survivor size 4456448 bytes, new threshold 6 (max threshold 6)
[2019-12-09T08:08:36.017+0000][1][gc,age       ] GC(119) Age table with threshold 6 (max threshold 6)
[2019-12-09T08:08:36.017+0000][1][gc,age       ] GC(119) - age   1:     754416 bytes,     754416 total
[2019-12-09T08:08:36.017+0000][1][gc,age       ] GC(119) - age   2:        288 bytes,     754704 total
[2019-12-09T08:08:36.017+0000][1][gc,age       ] GC(119) - age   4:         88 bytes,     754792 total
[2019-12-09T08:08:36.017+0000][1][gc,age       ] GC(119) - age   5:        448 bytes,     755240 total
[2019-12-09T08:08:36.017+0000][1][gc,age       ] GC(119) - age   6:        952 bytes,     756192 total
[2019-12-09T08:08:36.017+0000][1][gc,heap      ] GC(119) ParNew: 71048K->759K(78656K)
[2019-12-09T08:08:36.017+0000][1][gc,heap      ] GC(119) CMS: 70962K->70964K(174784K)
[2019-12-09T08:08:36.017+0000][1][gc,metaspace ] GC(119) Metaspace: 76560K->76560K(1120256K)
[2019-12-09T08:08:36.017+0000][1][gc           ] GC(119) Pause Young (Allocation Failure) 138M->70M(247M) 3.612ms
[2019-12-09T08:08:36.017+0000][1][gc,cpu       ] GC(119) User=0.00s Sys=0.00s Real=0.01s
[2019-12-09T08:08:36.017+0000][1][safepoint    ] Leaving safepoint region
[2019-12-09T08:08:36.017+0000][1][safepoint    ] Total time for which application threads were stopped: 0.0038193 seconds, Stopping threads took: 0.0000259 seconds
[2019-12-09T08:08:52.018+0000][1][safepoint    ] Application time: 16.0010813 seconds
[2019-12-09T08:08:52.018+0000][1][safepoint    ] Entering safepoint region: Cleanup
[2019-12-09T08:08:52.018+0000][1][safepoint    ] Leaving safepoint region
[2019-12-09T08:08:52.018+0000][1][safepoint    ] Total time for which application threads were stopped: 0.0000968 seconds, Stopping threads took: 0.0000269 seconds
[2019-12-09T08:08:53.018+0000][1][safepoint    ] Application time: 1.0000753 seconds
[2019-12-09T08:08:53.018+0000][1][safepoint    ] Entering safepoint region: Cleanup
[2019-12-09T08:08:53.018+0000][1][safepoint    ] Leaving safepoint region
[2019-12-09T08:08:53.018+0000][1][safepoint    ] Total time for which application threads were stopped: 0.0000963 seconds, Stopping threads took: 0.0000265 seconds
[2019-12-09T08:09:17.298+0000][1][safepoint    ] Application time: 24.2793945 seconds
[2019-12-09T08:09:17.298+0000][1][safepoint    ] Entering safepoint region: GenCollectForAllocation
[2019-12-09T08:09:17.298+0000][1][gc,start     ] GC(120) Pause Young (Allocation Failure)
[2019-12-09T08:09:17.298+0000][1][gc,task      ] GC(120) Using 2 workers of 2 for evacuation
[2019-12-09T08:09:17.300+0000][1][gc,age       ] GC(120) Desired survivor size 4456448 bytes, new threshold 6 (max threshold 6)
[2019-12-09T08:09:17.300+0000][1][gc,age       ] GC(120) Age table with threshold 6 (max threshold 6)
[2019-12-09T08:09:17.300+0000][1][gc,age       ] GC(120) - age   1:     756088 bytes,     756088 total
[2019-12-09T08:09:17.300+0000][1][gc,age       ] GC(120) - age   5:         88 bytes,     756176 total
[2019-12-09T08:09:17.300+0000][1][gc,age       ] GC(120) - age   6:        448 bytes,     756624 total
[2019-12-09T08:09:17.300+0000][1][gc,heap      ] GC(120) ParNew: 70711K->827K(78656K)
[2019-12-09T08:09:17.300+0000][1][gc,heap      ] GC(120) CMS: 70964K->70965K(174784K)
[2019-12-09T08:09:17.300+0000][1][gc,metaspace ] GC(120) Metaspace: 76560K->76560K(1120256K)
[2019-12-09T08:09:17.300+0000][1][gc           ] GC(120) Pause Young (Allocation Failure) 138M->70M(247M) 1.855ms
[2019-12-09T08:09:17.300+0000][1][gc,cpu       ] GC(120) User=0.01s Sys=0.00s Real=0.00s
[2019-12-09T08:09:17.300+0000][1][safepoint    ] Leaving safepoint region
[2019-12-09T08:09:17.300+0000][1][safepoint    ] Total time for which application threads were stopped: 0.0020186 seconds, Stopping threads took: 0.0000186 seconds
[2019-12-09T08:09:24.300+0000][1][safepoint    ] Application time: 7.0004853 seconds
[2019-12-09T08:09:24.300+0000][1][safepoint    ] Entering safepoint region: Cleanup
[2019-12-09T08:09:24.300+0000][1][safepoint    ] Leaving safepoint region
[2019-12-09T08:09:24.300+0000][1][safepoint    ] Total time for which application threads were stopped: 0.0001080 seconds, Stopping threads took: 0.0000289 seconds
[2019-12-09T08:10:00.340+0000][1][safepoint    ] Application time: 36.0395949 seconds
[2019-12-09T08:10:00.340+0000][1][safepoint    ] Entering safepoint region: GenCollectForAllocation
[2019-12-09T08:10:00.340+0000][1][gc,start     ] GC(121) Pause Young (Allocation Failure)
[2019-12-09T08:10:00.340+0000][1][gc,task      ] GC(121) Using 2 workers of 2 for evacuation
[2019-12-09T08:10:00.342+0000][1][gc,age       ] GC(121) Desired survivor size 4456448 bytes, new threshold 6 (max threshold 6)
[2019-12-09T08:10:00.342+0000][1][gc,age       ] GC(121) Age table with threshold 6 (max threshold 6)
[2019-12-09T08:10:00.342+0000][1][gc,age       ] GC(121) - age   1:     754920 bytes,     754920 total
[2019-12-09T08:10:00.342+0000][1][gc,age       ] GC(121) - age   2:        104 bytes,     755024 total
[2019-12-09T08:10:00.342+0000][1][gc,age       ] GC(121) - age   6:         88 bytes,     755112 total
[2019-12-09T08:10:00.342+0000][1][gc,heap      ] GC(121) ParNew: 70779K->822K(78656K)
[2019-12-09T08:10:00.342+0000][1][gc,heap      ] GC(121) CMS: 70965K->70965K(174784K)
[2019-12-09T08:10:00.342+0000][1][gc,metaspace ] GC(121) Metaspace: 76561K->76561K(1120256K)
[2019-12-09T08:10:00.342+0000][1][gc           ] GC(121) Pause Young (Allocation Failure) 138M->70M(247M) 1.866ms
[2019-12-09T08:10:00.342+0000][1][gc,cpu       ] GC(121) User=0.00s Sys=0.00s Real=0.00s
[2019-12-09T08:10:00.342+0000][1][safepoint    ] Leaving safepoint region
[2019-12-09T08:10:00.342+0000][1][safepoint    ] Total time for which application threads were stopped: 0.0020253 seconds, Stopping threads took: 0.0000284 seconds
[2019-12-09T08:10:42.931+0000][1][safepoint    ] Application time: 42.5889977 seconds
[2019-12-09T08:10:42.931+0000][1][safepoint    ] Entering safepoint region: GenCollectForAllocation
[2019-12-09T08:10:42.931+0000][1][gc,start     ] GC(122) Pause Young (Allocation Failure)
[2019-12-09T08:10:42.931+0000][1][gc,task      ] GC(122) Using 2 workers of 2 for evacuation
[2019-12-09T08:10:42.933+0000][1][gc,age       ] GC(122) Desired survivor size 4456448 bytes, new threshold 6 (max threshold 6)
[2019-12-09T08:10:42.933+0000][1][gc,age       ] GC(122) Age table with threshold 6 (max threshold 6)
[2019-12-09T08:10:42.933+0000][1][gc,age       ] GC(122) - age   1:     827888 bytes,     827888 total
[2019-12-09T08:10:42.933+0000][1][gc,age       ] GC(122) - age   2:        192 bytes,     828080 total
[2019-12-09T08:10:42.933+0000][1][gc,age       ] GC(122) - age   3:        104 bytes,     828184 total
[2019-12-09T08:10:42.933+0000][1][gc,heap      ] GC(122) ParNew: 70774K->819K(78656K)
[2019-12-09T08:10:42.933+0000][1][gc,heap      ] GC(122) CMS: 70965K->70965K(174784K)
[2019-12-09T08:10:42.933+0000][1][gc,metaspace ] GC(122) Metaspace: 76561K->76561K(1120256K)
[2019-12-09T08:10:42.933+0000][1][gc           ] GC(122) Pause Young (Allocation Failure) 138M->70M(247M) 1.942ms
[2019-12-09T08:10:42.933+0000][1][gc,cpu       ] GC(122) User=0.00s Sys=0.00s Real=0.00s
[2019-12-09T08:10:42.933+0000][1][safepoint    ] Leaving safepoint region
[2019-12-09T08:10:42.933+0000][1][safepoint    ] Total time for which application threads were stopped: 0.0021048 seconds, Stopping threads took: 0.0000269 seconds
[2019-12-09T08:11:04.935+0000][1][safepoint    ] Application time: 22.0014690 seconds
[2019-12-09T08:11:04.935+0000][1][safepoint    ] Entering safepoint region: Cleanup
[2019-12-09T08:11:04.935+0000][1][safepoint    ] Leaving safepoint region
[2019-12-09T08:11:04.935+0000][1][safepoint    ] Total time for which application threads were stopped: 0.0000980 seconds, Stopping threads took: 0.0000190 seconds
[2019-12-09T08:11:05.935+0000][1][safepoint    ] Application time: 1.0000761 seconds
[2019-12-09T08:11:05.935+0000][1][safepoint    ] Entering safepoint region: Cleanup
[2019-12-09T08:11:05.935+0000][1][safepoint    ] Leaving safepoint region
[2019-12-09T08:11:05.935+0000][1][safepoint    ] Total time for which application threads were stopped: 0.0000875 seconds, Stopping threads took: 0.0000209 seconds
[2019-12-09T08:11:06.935+0000][1][safepoint    ] Application time: 1.0000751 seconds
[2019-12-09T08:11:06.935+0000][1][safepoint    ] Entering safepoint region: Cleanup
[2019-12-09T08:11:06.935+0000][1][safepoint    ] Leaving safepoint region
[2019-12-09T08:11:06.935+0000][1][safepoint    ] Total time for which application threads were stopped: 0.0000853 seconds, Stopping threads took: 0.0000196 seconds
[2019-12-09T08:11:07.935+0000][1][safepoint    ] Application time: 1.0000766 seconds
[2019-12-09T08:11:07.935+0000][1][safepoint    ] Entering safepoint region: Cleanup
[2019-12-09T08:11:07.935+0000][1][safepoint    ] Leaving safepoint region
[2019-12-09T08:11:07.935+0000][1][safepoint    ] Total time for which application threads were stopped: 0.0000875 seconds, Stopping threads took: 0.0000205 seconds
[2019-12-09T08:11:08.935+0000][1][safepoint    ] Application time: 1.0000767 seconds
[2019-12-09T08:11:08.935+0000][1][safepoint    ] Entering safepoint region: Cleanup
[2019-12-09T08:11:08.936+0000][1][safepoint    ] Leaving safepoint region
[2019-12-09T08:11:08.936+0000][1][safepoint    ] Total time for which application threads were stopped: 0.0000864 seconds, Stopping threads took: 0.0000203 seconds
[2019-12-09T08:11:09.936+0000][1][safepoint    ] Application time: 1.0000765 seconds
[2019-12-09T08:11:09.936+0000][1][safepoint    ] Entering safepoint region: Cleanup
[2019-12-09T08:11:09.936+0000][1][safepoint    ] Leaving safepoint region
[2019-12-09T08:11:09.936+0000][1][safepoint    ] Total time for which application threads were stopped: 0.0000990 seconds, Stopping threads took: 0.0000311 seconds
[2019-12-09T08:11:10.936+0000][1][safepoint    ] Application time: 1.0000763 seconds
[2019-12-09T08:11:10.936+0000][1][safepoint    ] Entering safepoint region: Cleanup
[2019-12-09T08:11:10.936+0000][1][safepoint    ] Leaving safepoint region
[2019-12-09T08:11:10.936+0000][1][safepoint    ] Total time for which application threads were stopped: 0.0000857 seconds, Stopping threads took: 0.0000190 seconds
[2019-12-09T08:11:11.936+0000][1][safepoint    ] Application time: 1.0000785 seconds
[2019-12-09T08:11:11.936+0000][1][safepoint    ] Entering safepoint region: Cleanup
[2019-12-09T08:11:11.936+0000][1][safepoint    ] Leaving safepoint region
[2019-12-09T08:11:11.936+0000][1][safepoint    ] Total time for which application threads were stopped: 0.0000866 seconds, Stopping threads took: 0.0000193 seconds
[2019-12-09T08:11:12.936+0000][1][safepoint    ] Application time: 1.0000763 seconds
[2019-12-09T08:11:12.936+0000][1][safepoint    ] Entering safepoint region: Cleanup
[2019-12-09T08:11:12.936+0000][1][safepoint    ] Leaving safepoint region
[2019-12-09T08:11:12.936+0000][1][safepoint    ] Total time for which application threads were stopped: 0.0000873 seconds, Stopping threads took: 0.0000203 seconds
[2019-12-09T08:11:13.936+0000][1][safepoint    ] Application time: 1.0000757 seconds
[2019-12-09T08:11:13.937+0000][1][safepoint    ] Entering safepoint region: Cleanup
[2019-12-09T08:11:13.937+0000][1][safepoint    ] Leaving safepoint region
[2019-12-09T08:11:13.937+0000][1][safepoint    ] Total time for which application threads were stopped: 0.0000889 seconds, Stopping threads took: 0.0000191 seconds
[2019-12-09T08:11:14.937+0000][1][safepoint    ] Application time: 1.0000807 seconds
[2019-12-09T08:11:14.937+0000][1][safepoint    ] Entering safepoint region: Cleanup
[2019-12-09T08:11:14.937+0000][1][safepoint    ] Leaving safepoint region
[2019-12-09T08:11:14.937+0000][1][safepoint    ] Total time for which application threads were stopped: 0.0000865 seconds, Stopping threads took: 0.0000199 seconds
[2019-12-09T08:11:15.937+0000][1][safepoint    ] Application time: 1.0000770 seconds
[2019-12-09T08:11:15.937+0000][1][safepoint    ] Entering safepoint region: Cleanup
[2019-12-09T08:11:15.937+0000][1][safepoint    ] Leaving safepoint region
[2019-12-09T08:11:15.937+0000][1][safepoint    ] Total time for which application threads were stopped: 0.0000869 seconds, Stopping threads took: 0.0000206 seconds
[2019-12-09T08:11:16.937+0000][1][safepoint    ] Application time: 1.0000763 seconds
[2019-12-09T08:11:16.937+0000][1][safepoint    ] Entering safepoint region: Cleanup
[2019-12-09T08:11:16.937+0000][1][safepoint    ] Leaving safepoint region
[2019-12-09T08:11:16.937+0000][1][safepoint    ] Total time for which application threads were stopped: 0.0000953 seconds, Stopping threads took: 0.0000206 seconds
[2019-12-09T08:11:17.937+0000][1][safepoint    ] Application time: 1.0000772 seconds
[2019-12-09T08:11:17.937+0000][1][safepoint    ] Entering safepoint region: Cleanup
[2019-12-09T08:11:17.937+0000][1][safepoint    ] Leaving safepoint region
[2019-12-09T08:11:17.937+0000][1][safepoint    ] Total time for which application threads were stopped: 0.0000874 seconds, Stopping threads took: 0.0000194 seconds
[2019-12-09T08:11:18.938+0000][1][safepoint    ] Application time: 1.0000767 seconds
[2019-12-09T08:11:18.938+0000][1][safepoint    ] Entering safepoint region: Cleanup
[2019-12-09T08:11:18.938+0000][1][safepoint    ] Leaving safepoint region
[2019-12-09T08:11:18.938+0000][1][safepoint    ] Total time for which application threads were stopped: 0.0000869 seconds, Stopping threads took: 0.0000184 seconds
[2019-12-09T08:11:19.938+0000][1][safepoint    ] Application time: 1.0000753 seconds
[2019-12-09T08:11:19.938+0000][1][safepoint    ] Entering safepoint region: Cleanup
[2019-12-09T08:11:19.938+0000][1][safepoint    ] Leaving safepoint region
[2019-12-09T08:11:19.938+0000][1][safepoint    ] Total time for which application threads were stopped: 0.0000879 seconds, Stopping threads took: 0.0000190 seconds
[2019-12-09T08:11:20.938+0000][1][safepoint    ] Application time: 1.0000771 seconds
[2019-12-09T08:11:20.938+0000][1][safepoint    ] Entering safepoint region: Cleanup
[2019-12-09T08:11:20.938+0000][1][safepoint    ] Leaving safepoint region
[2019-12-09T08:11:20.938+0000][1][safepoint    ] Total time for which application threads were stopped: 0.0000862 seconds, Stopping threads took: 0.0000193 seconds
[2019-12-09T08:11:21.938+0000][1][safepoint    ] Application time: 1.0000759 seconds
[2019-12-09T08:11:21.938+0000][1][safepoint    ] Entering safepoint region: Cleanup
[2019-12-09T08:11:21.938+0000][1][safepoint    ] Leaving safepoint region
[2019-12-09T08:11:21.938+0000][1][safepoint    ] Total time for which application threads were stopped: 0.0000871 seconds, Stopping threads took: 0.0000194 seconds
[2019-12-09T08:11:22.938+0000][1][safepoint    ] Application time: 1.0000771 seconds
[2019-12-09T08:11:22.938+0000][1][safepoint    ] Entering safepoint region: Cleanup
[2019-12-09T08:11:22.938+0000][1][safepoint    ] Leaving safepoint region
[2019-12-09T08:11:22.938+0000][1][safepoint    ] Total time for which application threads were stopped: 0.0000875 seconds, Stopping threads took: 0.0000201 seconds
[2019-12-09T08:11:23.939+0000][1][safepoint    ] Application time: 1.0000752 seconds
[2019-12-09T08:11:23.939+0000][1][safepoint    ] Entering safepoint region: Cleanup
[2019-12-09T08:11:23.939+0000][1][safepoint    ] Leaving safepoint region
[2019-12-09T08:11:23.939+0000][1][safepoint    ] Total time for which application threads were stopped: 0.0001014 seconds, Stopping threads took: 0.0000185 seconds
[2019-12-09T08:11:24.469+0000][1][safepoint    ] Application time: 0.5301110 seconds
[2019-12-09T08:11:24.469+0000][1][safepoint    ] Entering safepoint region: GenCollectForAllocation
[2019-12-09T08:11:24.469+0000][1][gc,start     ] GC(123) Pause Young (Allocation Failure)
[2019-12-09T08:11:24.469+0000][1][gc,task      ] GC(123) Using 2 workers of 2 for evacuation
[2019-12-09T08:11:24.471+0000][1][gc,age       ] GC(123) Desired survivor size 4456448 bytes, new threshold 6 (max threshold 6)
[2019-12-09T08:11:24.471+0000][1][gc,age       ] GC(123) Age table with threshold 6 (max threshold 6)
[2019-12-09T08:11:24.471+0000][1][gc,age       ] GC(123) - age   1:     754704 bytes,     754704 total
[2019-12-09T08:11:24.471+0000][1][gc,age       ] GC(123) - age   2:       2160 bytes,     756864 total
[2019-12-09T08:11:24.471+0000][1][gc,age       ] GC(123) - age   4:        104 bytes,     756968 total
[2019-12-09T08:11:24.471+0000][1][gc,heap      ] GC(123) ParNew: 70722K->791K(78656K)
[2019-12-09T08:11:24.471+0000][1][gc,heap      ] GC(123) CMS: 70965K->70965K(174784K)
[2019-12-09T08:11:24.471+0000][1][gc,metaspace ] GC(123) Metaspace: 76561K->76561K(1120256K)
[2019-12-09T08:11:24.471+0000][1][gc           ] GC(123) Pause Young (Allocation Failure) 138M->70M(247M) 1.836ms
[2019-12-09T08:11:24.471+0000][1][gc,cpu       ] GC(123) User=0.00s Sys=0.00s Real=0.00s
[2019-12-09T08:11:24.471+0000][1][safepoint    ] Leaving safepoint region
[2019-12-09T08:11:24.471+0000][1][safepoint    ] Total time for which application threads were stopped: 0.0020014 seconds, Stopping threads took: 0.0000189 seconds
[2019-12-09T08:11:25.471+0000][1][safepoint    ] Application time: 1.0000843 seconds
[2019-12-09T08:11:25.471+0000][1][safepoint    ] Entering safepoint region: Cleanup
[2019-12-09T08:11:25.471+0000][1][safepoint    ] Leaving safepoint region
[2019-12-09T08:11:25.471+0000][1][safepoint    ] Total time for which application threads were stopped: 0.0000888 seconds, Stopping threads took: 0.0000204 seconds
[2019-12-09T08:11:26.471+0000][1][safepoint    ] Application time: 1.0000761 seconds
[2019-12-09T08:11:26.471+0000][1][safepoint    ] Entering safepoint region: Cleanup
[2019-12-09T08:11:26.471+0000][1][safepoint    ] Leaving safepoint region
[2019-12-09T08:11:26.471+0000][1][safepoint    ] Total time for which application threads were stopped: 0.0000885 seconds, Stopping threads took: 0.0000201 seconds
[2019-12-09T08:11:27.471+0000][1][safepoint    ] Application time: 1.0000766 seconds
[2019-12-09T08:11:27.471+0000][1][safepoint    ] Entering safepoint region: Cleanup
[2019-12-09T08:11:27.471+0000][1][safepoint    ] Leaving safepoint region
[2019-12-09T08:11:27.472+0000][1][safepoint    ] Total time for which application threads were stopped: 0.0000879 seconds, Stopping threads took: 0.0000199 seconds
[2019-12-09T08:11:28.472+0000][1][safepoint    ] Application time: 1.0000749 seconds
[2019-12-09T08:11:28.472+0000][1][safepoint    ] Entering safepoint region: Cleanup
[2019-12-09T08:11:28.472+0000][1][safepoint    ] Leaving safepoint region
[2019-12-09T08:11:28.472+0000][1][safepoint    ] Total time for which application threads were stopped: 0.0000996 seconds, Stopping threads took: 0.0000182 seconds
[2019-12-09T08:11:29.472+0000][1][safepoint    ] Application time: 1.0000776 seconds
[2019-12-09T08:11:29.472+0000][1][safepoint    ] Entering safepoint region: Cleanup
[2019-12-09T08:11:29.472+0000][1][safepoint    ] Leaving safepoint region
[2019-12-09T08:11:29.472+0000][1][safepoint    ] Total time for which application threads were stopped: 0.0000880 seconds, Stopping threads took: 0.0000190 seconds
[2019-12-09T08:11:30.472+0000][1][safepoint    ] Application time: 1.0000758 seconds
[2019-12-09T08:11:30.472+0000][1][safepoint    ] Entering safepoint region: Cleanup
[2019-12-09T08:11:30.472+0000][1][safepoint    ] Leaving safepoint region
[2019-12-09T08:11:30.472+0000][1][safepoint    ] Total time for which application threads were stopped: 0.0000856 seconds, Stopping threads took: 0.0000195 seconds
[2019-12-09T08:11:31.472+0000][1][safepoint    ] Application time: 1.0000757 seconds
[2019-12-09T08:11:31.472+0000][1][safepoint    ] Entering safepoint region: Cleanup
[2019-12-09T08:11:31.472+0000][1][safepoint    ] Leaving safepoint region
[2019-12-09T08:11:31.472+0000][1][safepoint    ] Total time for which application threads were stopped: 0.0000866 seconds, Stopping threads took: 0.0000187 seconds
[2019-12-09T08:11:32.472+0000][1][safepoint    ] Application time: 1.0000765 seconds
[2019-12-09T08:11:32.472+0000][1][safepoint    ] Entering safepoint region: Cleanup
[2019-12-09T08:11:32.473+0000][1][safepoint    ] Leaving safepoint region
[2019-12-09T08:11:32.473+0000][1][safepoint    ] Total time for which application threads were stopped: 0.0000843 seconds, Stopping threads took: 0.0000196 seconds
[2019-12-09T08:11:33.473+0000][1][safepoint    ] Application time: 1.0000766 seconds
[2019-12-09T08:11:33.473+0000][1][safepoint    ] Entering safepoint region: Cleanup
[2019-12-09T08:11:33.473+0000][1][safepoint    ] Leaving safepoint region
[2019-12-09T08:11:33.473+0000][1][safepoint    ] Total time for which application threads were stopped: 0.0000958 seconds, Stopping threads took: 0.0000294 seconds
[2019-12-09T08:11:34.473+0000][1][safepoint    ] Application time: 1.0000740 seconds
[2019-12-09T08:11:34.473+0000][1][safepoint    ] Entering safepoint region: Cleanup
[2019-12-09T08:11:34.473+0000][1][safepoint    ] Leaving safepoint region
[2019-12-09T08:11:34.473+0000][1][safepoint    ] Total time for which application threads were stopped: 0.0000864 seconds, Stopping threads took: 0.0000209 seconds
[2019-12-09T08:11:35.473+0000][1][safepoint    ] Application time: 1.0000751 seconds
[2019-12-09T08:11:35.473+0000][1][safepoint    ] Entering safepoint region: Cleanup
[2019-12-09T08:11:35.473+0000][1][safepoint    ] Leaving safepoint region
[2019-12-09T08:11:35.473+0000][1][safepoint    ] Total time for which application threads were stopped: 0.0001200 seconds, Stopping threads took: 0.0000244 seconds
[2019-12-09T08:11:36.473+0000][1][safepoint    ] Application time: 1.0000732 seconds
[2019-12-09T08:11:36.473+0000][1][safepoint    ] Entering safepoint region: Cleanup
[2019-12-09T08:11:36.473+0000][1][safepoint    ] Leaving safepoint region
[2019-12-09T08:11:36.473+0000][1][safepoint    ] Total time for which application threads were stopped: 0.0000844 seconds, Stopping threads took: 0.0000180 seconds
[2019-12-09T08:11:37.473+0000][1][safepoint    ] Application time: 1.0000775 seconds
[2019-12-09T08:11:37.474+0000][1][safepoint    ] Entering safepoint region: Cleanup
[2019-12-09T08:11:37.474+0000][1][safepoint    ] Leaving safepoint region
[2019-12-09T08:11:37.474+0000][1][safepoint    ] Total time for which application threads were stopped: 0.0000812 seconds, Stopping threads took: 0.0000177 seconds
[2019-12-09T08:11:38.474+0000][1][safepoint    ] Application time: 1.0000755 seconds
[2019-12-09T08:11:38.474+0000][1][safepoint    ] Entering safepoint region: Cleanup
[2019-12-09T08:11:38.474+0000][1][safepoint    ] Leaving safepoint region
[2019-12-09T08:11:38.474+0000][1][safepoint    ] Total time for which application threads were stopped: 0.0000905 seconds, Stopping threads took: 0.0000208 seconds
[2019-12-09T08:11:39.474+0000][1][safepoint    ] Application time: 1.0000749 seconds
[2019-12-09T08:11:39.474+0000][1][safepoint    ] Entering safepoint region: Cleanup
[2019-12-09T08:11:39.474+0000][1][safepoint    ] Leaving safepoint region
[2019-12-09T08:11:39.474+0000][1][safepoint    ] Total time for which application threads were stopped: 0.0000857 seconds, Stopping threads took: 0.0000194 seconds
[2019-12-09T08:11:40.474+0000][1][safepoint    ] Application time: 1.0000767 seconds
[2019-12-09T08:11:40.474+0000][1][safepoint    ] Entering safepoint region: Cleanup
[2019-12-09T08:11:40.474+0000][1][safepoint    ] Leaving safepoint region
[2019-12-09T08:11:40.474+0000][1][safepoint    ] Total time for which application threads were stopped: 0.0000899 seconds, Stopping threads took: 0.0000205 seconds
[2019-12-09T08:11:41.474+0000][1][safepoint    ] Application time: 1.0000772 seconds
[2019-12-09T08:11:41.474+0000][1][safepoint    ] Entering safepoint region: Cleanup
[2019-12-09T08:11:41.474+0000][1][safepoint    ] Leaving safepoint region
[2019-12-09T08:11:41.474+0000][1][safepoint    ] Total time for which application threads were stopped: 0.0000887 seconds, Stopping threads took: 0.0000197 seconds
[2019-12-09T08:11:42.475+0000][1][safepoint    ] Application time: 1.0000767 seconds
[2019-12-09T08:11:42.475+0000][1][safepoint    ] Entering safepoint region: Cleanup
[2019-12-09T08:11:42.475+0000][1][safepoint    ] Leaving safepoint region
[2019-12-09T08:11:42.475+0000][1][safepoint    ] Total time for which application threads were stopped: 0.0000893 seconds, Stopping threads took: 0.0000196 seconds
[2019-12-09T08:11:43.475+0000][1][safepoint    ] Application time: 1.0000760 seconds
[2019-12-09T08:11:43.475+0000][1][safepoint    ] Entering safepoint region: Cleanup
[2019-12-09T08:11:43.475+0000][1][safepoint    ] Leaving safepoint region
[2019-12-09T08:11:43.475+0000][1][safepoint    ] Total time for which application threads were stopped: 0.0000839 seconds, Stopping threads took: 0.0000176 seconds
[2019-12-09T08:11:44.475+0000][1][safepoint    ] Application time: 1.0000757 seconds
[2019-12-09T08:11:44.475+0000][1][safepoint    ] Entering safepoint region: Cleanup
[2019-12-09T08:11:44.475+0000][1][safepoint    ] Leaving safepoint region
[2019-12-09T08:11:44.475+0000][1][safepoint    ] Total time for which application threads were stopped: 0.0000871 seconds, Stopping threads took: 0.0000196 seconds
[2019-12-09T08:11:45.475+0000][1][safepoint    ] Application time: 1.0000782 seconds
[2019-12-09T08:11:45.475+0000][1][safepoint    ] Entering safepoint region: Cleanup
[2019-12-09T08:11:45.475+0000][1][safepoint    ] Leaving safepoint region
[2019-12-09T08:11:45.475+0000][1][safepoint    ] Total time for which application threads were stopped: 0.0000876 seconds, Stopping threads took: 0.0000196 seconds
[2019-12-09T08:11:46.475+0000][1][safepoint    ] Application time: 1.0000743 seconds
[2019-12-09T08:11:46.475+0000][1][safepoint    ] Entering safepoint region: Cleanup
[2019-12-09T08:11:46.475+0000][1][safepoint    ] Leaving safepoint region
[2019-12-09T08:11:46.475+0000][1][safepoint    ] Total time for which application threads were stopped: 0.0000879 seconds, Stopping threads took: 0.0000194 seconds
[2019-12-09T08:11:47.476+0000][1][safepoint    ] Application time: 1.0000741 seconds
[2019-12-09T08:11:47.476+0000][1][safepoint    ] Entering safepoint region: Cleanup
[2019-12-09T08:11:47.476+0000][1][safepoint    ] Leaving safepoint region
[2019-12-09T08:11:47.476+0000][1][safepoint    ] Total time for which application threads were stopped: 0.0000930 seconds, Stopping threads took: 0.0000180 seconds
[2019-12-09T08:11:48.476+0000][1][safepoint    ] Application time: 1.0000773 seconds
[2019-12-09T08:11:48.476+0000][1][safepoint    ] Entering safepoint region: Cleanup
[2019-12-09T08:11:48.476+0000][1][safepoint    ] Leaving safepoint region
[2019-12-09T08:11:48.476+0000][1][safepoint    ] Total time for which application threads were stopped: 0.0000854 seconds, Stopping threads took: 0.0000196 seconds
[2019-12-09T08:11:49.476+0000][1][safepoint    ] Application time: 1.0000753 seconds
[2019-12-09T08:11:49.476+0000][1][safepoint    ] Entering safepoint region: Cleanup
[2019-12-09T08:11:49.476+0000][1][safepoint    ] Leaving safepoint region
[2019-12-09T08:11:49.476+0000][1][safepoint    ] Total time for which application threads were stopped: 0.0000859 seconds, Stopping threads took: 0.0000196 seconds
[2019-12-09T08:11:50.476+0000][1][safepoint    ] Application time: 1.0000775 seconds
[2019-12-09T08:11:50.476+0000][1][safepoint    ] Entering safepoint region: Cleanup
[2019-12-09T08:11:50.476+0000][1][safepoint    ] Leaving safepoint region
[2019-12-09T08:11:50.476+0000][1][safepoint    ] Total time for which application threads were stopped: 0.0000888 seconds, Stopping threads took: 0.0000213 seconds
[2019-12-09T08:11:51.476+0000][1][safepoint    ] Application time: 1.0000758 seconds
[2019-12-09T08:11:51.476+0000][1][safepoint    ] Entering safepoint region: Cleanup
[2019-12-09T08:11:51.477+0000][1][safepoint    ] Leaving safepoint region
[2019-12-09T08:11:51.477+0000][1][safepoint    ] Total time for which application threads were stopped: 0.0000859 seconds, Stopping threads took: 0.0000201 seconds
[2019-12-09T08:11:52.477+0000][1][safepoint    ] Application time: 1.0000763 seconds
[2019-12-09T08:11:52.477+0000][1][safepoint    ] Entering safepoint region: Cleanup
[2019-12-09T08:11:52.477+0000][1][safepoint    ] Leaving safepoint region
[2019-12-09T08:11:52.477+0000][1][safepoint    ] Total time for which application threads were stopped: 0.0000970 seconds, Stopping threads took: 0.0000201 seconds
[2019-12-09T08:11:53.477+0000][1][safepoint    ] Application time: 1.0000741 seconds
[2019-12-09T08:11:53.477+0000][1][safepoint    ] Entering safepoint region: Cleanup
[2019-12-09T08:11:53.477+0000][1][safepoint    ] Leaving safepoint region
[2019-12-09T08:11:53.477+0000][1][safepoint    ] Total time for which application threads were stopped: 0.0000870 seconds, Stopping threads took: 0.0000193 seconds
[2019-12-09T08:11:54.477+0000][1][safepoint    ] Application time: 1.0000757 seconds
[2019-12-09T08:11:54.477+0000][1][safepoint    ] Entering safepoint region: Cleanup
[2019-12-09T08:11:54.477+0000][1][safepoint    ] Leaving safepoint region
[2019-12-09T08:11:54.477+0000][1][safepoint    ] Total time for which application threads were stopped: 0.0000859 seconds, Stopping threads took: 0.0000198 seconds
[2019-12-09T08:11:55.477+0000][1][safepoint    ] Application time: 1.0000776 seconds
[2019-12-09T08:11:55.477+0000][1][safepoint    ] Entering safepoint region: Cleanup
[2019-12-09T08:11:55.477+0000][1][safepoint    ] Leaving safepoint region
[2019-12-09T08:11:55.477+0000][1][safepoint    ] Total time for which application threads were stopped: 0.0000882 seconds, Stopping threads took: 0.0000190 seconds
[2019-12-09T08:11:56.477+0000][1][safepoint    ] Application time: 1.0000755 seconds
[2019-12-09T08:11:56.478+0000][1][safepoint    ] Entering safepoint region: Cleanup
[2019-12-09T08:11:56.478+0000][1][safepoint    ] Leaving safepoint region
[2019-12-09T08:11:56.478+0000][1][safepoint    ] Total time for which application threads were stopped: 0.0000871 seconds, Stopping threads took: 0.0000191 seconds
[2019-12-09T08:11:57.478+0000][1][safepoint    ] Application time: 1.0000763 seconds
[2019-12-09T08:11:57.478+0000][1][safepoint    ] Entering safepoint region: Cleanup
[2019-12-09T08:11:57.478+0000][1][safepoint    ] Leaving safepoint region
[2019-12-09T08:11:57.478+0000][1][safepoint    ] Total time for which application threads were stopped: 0.0000870 seconds, Stopping threads took: 0.0000204 seconds
[2019-12-09T08:11:58.478+0000][1][safepoint    ] Application time: 1.0000759 seconds
[2019-12-09T08:11:58.478+0000][1][safepoint    ] Entering safepoint region: Cleanup
[2019-12-09T08:11:58.478+0000][1][safepoint    ] Leaving safepoint region
[2019-12-09T08:11:58.478+0000][1][safepoint    ] Total time for which application threads were stopped: 0.0000887 seconds, Stopping threads took: 0.0000200 seconds
[2019-12-09T08:11:59.478+0000][1][safepoint    ] Application time: 1.0000752 seconds
[2019-12-09T08:11:59.478+0000][1][safepoint    ] Entering safepoint region: Cleanup
[2019-12-09T08:11:59.478+0000][1][safepoint    ] Leaving safepoint region
[2019-12-09T08:11:59.478+0000][1][safepoint    ] Total time for which application threads were stopped: 0.0000857 seconds, Stopping threads took: 0.0000194 seconds
[2019-12-09T08:12:00.478+0000][1][safepoint    ] Application time: 1.0000765 seconds
[2019-12-09T08:12:00.478+0000][1][safepoint    ] Entering safepoint region: Cleanup
[2019-12-09T08:12:00.478+0000][1][safepoint    ] Leaving safepoint region
[2019-12-09T08:12:00.478+0000][1][safepoint    ] Total time for which application threads were stopped: 0.0000888 seconds, Stopping threads took: 0.0000190 seconds
[2019-12-09T08:12:01.479+0000][1][safepoint    ] Application time: 1.0000756 seconds
[2019-12-09T08:12:01.479+0000][1][safepoint    ] Entering safepoint region: Cleanup
[2019-12-09T08:12:01.479+0000][1][safepoint    ] Leaving safepoint region
[2019-12-09T08:12:01.479+0000][1][safepoint    ] Total time for which application threads were stopped: 0.0000899 seconds, Stopping threads took: 0.0000214 seconds
[2019-12-09T08:12:02.479+0000][1][safepoint    ] Application time: 1.0000789 seconds
[2019-12-09T08:12:02.479+0000][1][safepoint    ] Entering safepoint region: Cleanup
[2019-12-09T08:12:02.479+0000][1][safepoint    ] Leaving safepoint region
[2019-12-09T08:12:02.479+0000][1][safepoint    ] Total time for which application threads were stopped: 0.0000862 seconds, Stopping threads took: 0.0000186 seconds
[2019-12-09T08:12:03.479+0000][1][safepoint    ] Application time: 1.0000743 seconds
[2019-12-09T08:12:03.479+0000][1][safepoint    ] Entering safepoint region: Cleanup
[2019-12-09T08:12:03.479+0000][1][safepoint    ] Leaving safepoint region
[2019-12-09T08:12:03.479+0000][1][safepoint    ] Total time for which application threads were stopped: 0.0000877 seconds, Stopping threads took: 0.0000192 seconds
[2019-12-09T08:12:04.479+0000][1][safepoint    ] Application time: 1.0000771 seconds
[2019-12-09T08:12:04.479+0000][1][safepoint    ] Entering safepoint region: Cleanup
[2019-12-09T08:12:04.479+0000][1][safepoint    ] Leaving safepoint region
[2019-12-09T08:12:04.479+0000][1][safepoint    ] Total time for which application threads were stopped: 0.0000878 seconds, Stopping threads took: 0.0000182 seconds
[2019-12-09T08:12:05.479+0000][1][safepoint    ] Application time: 1.0000767 seconds
[2019-12-09T08:12:05.479+0000][1][safepoint    ] Entering safepoint region: Cleanup
[2019-12-09T08:12:05.479+0000][1][safepoint    ] Leaving safepoint region
[2019-12-09T08:12:05.479+0000][1][safepoint    ] Total time for which application threads were stopped: 0.0000852 seconds, Stopping threads took: 0.0000188 seconds
[2019-12-09T08:12:06.480+0000][1][safepoint    ] Application time: 1.0000834 seconds
[2019-12-09T08:12:06.480+0000][1][safepoint    ] Entering safepoint region: Cleanup
[2019-12-09T08:12:06.480+0000][1][safepoint    ] Leaving safepoint region
[2019-12-09T08:12:06.480+0000][1][safepoint    ] Total time for which application threads were stopped: 0.0001015 seconds, Stopping threads took: 0.0000217 seconds
[2019-12-09T08:12:07.357+0000][1][safepoint    ] Application time: 0.8777193 seconds
[2019-12-09T08:12:07.357+0000][1][safepoint    ] Entering safepoint region: GenCollectForAllocation
[2019-12-09T08:12:07.358+0000][1][gc,start     ] GC(124) Pause Young (Allocation Failure)
[2019-12-09T08:12:07.358+0000][1][gc,task      ] GC(124) Using 2 workers of 2 for evacuation
[2019-12-09T08:12:07.359+0000][1][gc,age       ] GC(124) Desired survivor size 4456448 bytes, new threshold 6 (max threshold 6)
[2019-12-09T08:12:07.359+0000][1][gc,age       ] GC(124) Age table with threshold 6 (max threshold 6)
[2019-12-09T08:12:07.359+0000][1][gc,age       ] GC(124) - age   1:     820424 bytes,     820424 total
[2019-12-09T08:12:07.359+0000][1][gc,age       ] GC(124) - age   3:       2064 bytes,     822488 total
[2019-12-09T08:12:07.359+0000][1][gc,age       ] GC(124) - age   5:        104 bytes,     822592 total
[2019-12-09T08:12:07.359+0000][1][gc,heap      ] GC(124) ParNew: 70743K->816K(78656K)
[2019-12-09T08:12:07.359+0000][1][gc,heap      ] GC(124) CMS: 70965K->70965K(174784K)
[2019-12-09T08:12:07.359+0000][1][gc,metaspace ] GC(124) Metaspace: 76561K->76561K(1120256K)
[2019-12-09T08:12:07.359+0000][1][gc           ] GC(124) Pause Young (Allocation Failure) 138M->70M(247M) 1.906ms
[2019-12-09T08:12:07.359+0000][1][gc,cpu       ] GC(124) User=0.00s Sys=0.00s Real=0.00s
[2019-12-09T08:12:07.360+0000][1][safepoint    ] Leaving safepoint region
[2019-12-09T08:12:07.360+0000][1][safepoint    ] Total time for which application threads were stopped: 0.0020558 seconds, Stopping threads took: 0.0000173 seconds
[2019-12-09T08:12:08.360+0000][1][safepoint    ] Application time: 1.0000879 seconds
[2019-12-09T08:12:08.360+0000][1][safepoint    ] Entering safepoint region: Cleanup
[2019-12-09T08:12:08.360+0000][1][safepoint    ] Leaving safepoint region
[2019-12-09T08:12:08.360+0000][1][safepoint    ] Total time for which application threads were stopped: 0.0000905 seconds, Stopping threads took: 0.0000162 seconds
[2019-12-09T08:12:09.360+0000][1][safepoint    ] Application time: 1.0000740 seconds
[2019-12-09T08:12:09.360+0000][1][safepoint    ] Entering safepoint region: Cleanup
[2019-12-09T08:12:09.360+0000][1][safepoint    ] Leaving safepoint region
[2019-12-09T08:12:09.360+0000][1][safepoint    ] Total time for which application threads were stopped: 0.0000813 seconds, Stopping threads took: 0.0000163 seconds
[2019-12-09T08:12:10.360+0000][1][safepoint    ] Application time: 1.0000742 seconds
[2019-12-09T08:12:10.360+0000][1][safepoint    ] Entering safepoint region: Cleanup
[2019-12-09T08:12:10.360+0000][1][safepoint    ] Leaving safepoint region
[2019-12-09T08:12:10.360+0000][1][safepoint    ] Total time for which application threads were stopped: 0.0000784 seconds, Stopping threads took: 0.0000148 seconds
[2019-12-09T08:12:11.727+0000][1][safepoint    ] Application time: 1.3668918 seconds
[2019-12-09T08:12:11.727+0000][1][safepoint    ] Entering safepoint region: Cleanup
[2019-12-09T08:12:11.727+0000][1][safepoint    ] Leaving safepoint region
[2019-12-09T08:12:11.727+0000][1][safepoint    ] Total time for which application threads were stopped: 0.0000919 seconds, Stopping threads took: 0.0000159 seconds
[2019-12-09T08:12:12.727+0000][1][safepoint    ] Application time: 1.0000780 seconds
[2019-12-09T08:12:12.727+0000][1][safepoint    ] Entering safepoint region: Cleanup
[2019-12-09T08:12:12.727+0000][1][safepoint    ] Leaving safepoint region
[2019-12-09T08:12:12.727+0000][1][safepoint    ] Total time for which application threads were stopped: 0.0000849 seconds, Stopping threads took: 0.0000190 seconds
[2019-12-09T08:12:13.727+0000][1][safepoint    ] Application time: 1.0000772 seconds
[2019-12-09T08:12:13.727+0000][1][safepoint    ] Entering safepoint region: Cleanup
[2019-12-09T08:12:13.728+0000][1][safepoint    ] Leaving safepoint region
[2019-12-09T08:12:13.728+0000][1][safepoint    ] Total time for which application threads were stopped: 0.0000869 seconds, Stopping threads took: 0.0000188 seconds
[2019-12-09T08:12:14.728+0000][1][safepoint    ] Application time: 1.0000786 seconds
[2019-12-09T08:12:14.728+0000][1][safepoint    ] Entering safepoint region: Cleanup
[2019-12-09T08:12:14.728+0000][1][safepoint    ] Leaving safepoint region
[2019-12-09T08:12:14.728+0000][1][safepoint    ] Total time for which application threads were stopped: 0.0000864 seconds, Stopping threads took: 0.0000195 seconds
[2019-12-09T08:12:15.728+0000][1][safepoint    ] Application time: 1.0000770 seconds
[2019-12-09T08:12:15.728+0000][1][safepoint    ] Entering safepoint region: Cleanup
[2019-12-09T08:12:15.728+0000][1][safepoint    ] Leaving safepoint region
[2019-12-09T08:12:15.728+0000][1][safepoint    ] Total time for which application threads were stopped: 0.0000862 seconds, Stopping threads took: 0.0000176 seconds
[2019-12-09T08:12:16.728+0000][1][safepoint    ] Application time: 1.0000760 seconds
[2019-12-09T08:12:16.728+0000][1][safepoint    ] Entering safepoint region: Cleanup
[2019-12-09T08:12:16.728+0000][1][safepoint    ] Leaving safepoint region
[2019-12-09T08:12:16.728+0000][1][safepoint    ] Total time for which application threads were stopped: 0.0000877 seconds, Stopping threads took: 0.0000192 seconds
[2019-12-09T08:12:17.728+0000][1][safepoint    ] Application time: 1.0000784 seconds
[2019-12-09T08:12:17.728+0000][1][safepoint    ] Entering safepoint region: Cleanup
[2019-12-09T08:12:17.728+0000][1][safepoint    ] Leaving safepoint region
[2019-12-09T08:12:17.728+0000][1][safepoint    ] Total time for which application threads were stopped: 0.0000893 seconds, Stopping threads took: 0.0000207 seconds
[2019-12-09T08:12:18.728+0000][1][safepoint    ] Application time: 1.0000765 seconds
[2019-12-09T08:12:18.729+0000][1][safepoint    ] Entering safepoint region: Cleanup
[2019-12-09T08:12:18.729+0000][1][safepoint    ] Leaving safepoint region
[2019-12-09T08:12:18.729+0000][1][safepoint    ] Total time for which application threads were stopped: 0.0000865 seconds, Stopping threads took: 0.0000195 seconds
[2019-12-09T08:12:19.729+0000][1][safepoint    ] Application time: 1.0000770 seconds
[2019-12-09T08:12:19.729+0000][1][safepoint    ] Entering safepoint region: Cleanup
[2019-12-09T08:12:19.729+0000][1][safepoint    ] Leaving safepoint region
[2019-12-09T08:12:19.729+0000][1][safepoint    ] Total time for which application threads were stopped: 0.0000878 seconds, Stopping threads took: 0.0000205 seconds
[2019-12-09T08:12:20.729+0000][1][safepoint    ] Application time: 1.0000888 seconds
[2019-12-09T08:12:20.729+0000][1][safepoint    ] Entering safepoint region: Cleanup
[2019-12-09T08:12:20.729+0000][1][safepoint    ] Leaving safepoint region
[2019-12-09T08:12:20.729+0000][1][safepoint    ] Total time for which application threads were stopped: 0.0001483 seconds, Stopping threads took: 0.0000546 seconds
[2019-12-09T08:12:21.729+0000][1][safepoint    ] Application time: 1.0000892 seconds
[2019-12-09T08:12:21.729+0000][1][safepoint    ] Entering safepoint region: Cleanup
[2019-12-09T08:12:21.729+0000][1][safepoint    ] Leaving safepoint region
[2019-12-09T08:12:21.729+0000][1][safepoint    ] Total time for which application threads were stopped: 0.0000867 seconds, Stopping threads took: 0.0000187 seconds
[2019-12-09T08:12:22.729+0000][1][safepoint    ] Application time: 1.0000849 seconds
[2019-12-09T08:12:22.729+0000][1][safepoint    ] Entering safepoint region: Cleanup
[2019-12-09T08:12:22.730+0000][1][safepoint    ] Leaving safepoint region
[2019-12-09T08:12:22.730+0000][1][safepoint    ] Total time for which application threads were stopped: 0.0000871 seconds, Stopping threads took: 0.0000190 seconds
[2019-12-09T08:12:23.730+0000][1][safepoint    ] Application time: 1.0000807 seconds
[2019-12-09T08:12:23.730+0000][1][safepoint    ] Entering safepoint region: Cleanup
[2019-12-09T08:12:23.730+0000][1][safepoint    ] Leaving safepoint region
[2019-12-09T08:12:23.730+0000][1][safepoint    ] Total time for which application threads were stopped: 0.0000883 seconds, Stopping threads took: 0.0000183 seconds
[2019-12-09T08:12:24.730+0000][1][safepoint    ] Application time: 1.0000784 seconds
[2019-12-09T08:12:24.730+0000][1][safepoint    ] Entering safepoint region: Cleanup
[2019-12-09T08:12:24.730+0000][1][safepoint    ] Leaving safepoint region
[2019-12-09T08:12:24.730+0000][1][safepoint    ] Total time for which application threads were stopped: 0.0000921 seconds, Stopping threads took: 0.0000177 seconds
[2019-12-09T08:12:25.730+0000][1][safepoint    ] Application time: 1.0000656 seconds
[2019-12-09T08:12:25.730+0000][1][safepoint    ] Entering safepoint region: Cleanup
[2019-12-09T08:12:25.730+0000][1][safepoint    ] Leaving safepoint region
[2019-12-09T08:12:25.730+0000][1][safepoint    ] Total time for which application threads were stopped: 0.0001021 seconds, Stopping threads took: 0.0000302 seconds
[2019-12-09T08:12:26.730+0000][1][safepoint    ] Application time: 1.0000799 seconds
[2019-12-09T08:12:26.730+0000][1][safepoint    ] Entering safepoint region: Cleanup
[2019-12-09T08:12:26.730+0000][1][safepoint    ] Leaving safepoint region
[2019-12-09T08:12:26.730+0000][1][safepoint    ] Total time for which application threads were stopped: 0.0000859 seconds, Stopping threads took: 0.0000184 seconds
[2019-12-09T08:12:27.731+0000][1][safepoint    ] Application time: 1.0000789 seconds
[2019-12-09T08:12:27.731+0000][1][safepoint    ] Entering safepoint region: Cleanup
[2019-12-09T08:12:27.731+0000][1][safepoint    ] Leaving safepoint region
[2019-12-09T08:12:27.731+0000][1][safepoint    ] Total time for which application threads were stopped: 0.0000908 seconds, Stopping threads took: 0.0000200 seconds
[2019-12-09T08:12:28.731+0000][1][safepoint    ] Application time: 1.0000688 seconds
[2019-12-09T08:12:28.731+0000][1][safepoint    ] Entering safepoint region: Cleanup
[2019-12-09T08:12:28.731+0000][1][safepoint    ] Leaving safepoint region
[2019-12-09T08:12:28.731+0000][1][safepoint    ] Total time for which application threads were stopped: 0.0000976 seconds, Stopping threads took: 0.0000313 seconds
[2019-12-09T08:12:29.731+0000][1][safepoint    ] Application time: 1.0000761 seconds
[2019-12-09T08:12:29.731+0000][1][safepoint    ] Entering safepoint region: Cleanup
[2019-12-09T08:12:29.731+0000][1][safepoint    ] Leaving safepoint region
[2019-12-09T08:12:29.731+0000][1][safepoint    ] Total time for which application threads were stopped: 0.0000889 seconds, Stopping threads took: 0.0000197 seconds
[2019-12-09T08:12:30.731+0000][1][safepoint    ] Application time: 1.0000755 seconds
[2019-12-09T08:12:30.731+0000][1][safepoint    ] Entering safepoint region: Cleanup
[2019-12-09T08:12:30.731+0000][1][safepoint    ] Leaving safepoint region
[2019-12-09T08:12:30.731+0000][1][safepoint    ] Total time for which application threads were stopped: 0.0000869 seconds, Stopping threads took: 0.0000180 seconds
[2019-12-09T08:12:31.731+0000][1][safepoint    ] Application time: 1.0000744 seconds
[2019-12-09T08:12:31.731+0000][1][safepoint    ] Entering safepoint region: Cleanup
[2019-12-09T08:12:31.731+0000][1][safepoint    ] Leaving safepoint region
[2019-12-09T08:12:31.731+0000][1][safepoint    ] Total time for which application threads were stopped: 0.0000858 seconds, Stopping threads took: 0.0000182 seconds
[2019-12-09T08:12:32.732+0000][1][safepoint    ] Application time: 1.0000845 seconds
[2019-12-09T08:12:32.732+0000][1][safepoint    ] Entering safepoint region: Cleanup
[2019-12-09T08:12:32.732+0000][1][safepoint    ] Leaving safepoint region
[2019-12-09T08:12:32.732+0000][1][safepoint    ] Total time for which application threads were stopped: 0.0000981 seconds, Stopping threads took: 0.0000188 seconds
[2019-12-09T08:12:33.732+0000][1][safepoint    ] Application time: 1.0000766 seconds
[2019-12-09T08:12:33.732+0000][1][safepoint    ] Entering safepoint region: Cleanup
[2019-12-09T08:12:33.732+0000][1][safepoint    ] Leaving safepoint region
[2019-12-09T08:12:33.732+0000][1][safepoint    ] Total time for which application threads were stopped: 0.0000859 seconds, Stopping threads took: 0.0000173 seconds
[2019-12-09T08:12:34.732+0000][1][safepoint    ] Application time: 1.0000751 seconds
[2019-12-09T08:12:34.732+0000][1][safepoint    ] Entering safepoint region: Cleanup
[2019-12-09T08:12:34.732+0000][1][safepoint    ] Leaving safepoint region
[2019-12-09T08:12:34.732+0000][1][safepoint    ] Total time for which application threads were stopped: 0.0000849 seconds, Stopping threads took: 0.0000185 seconds
[2019-12-09T08:12:35.732+0000][1][safepoint    ] Application time: 1.0000745 seconds
[2019-12-09T08:12:35.732+0000][1][safepoint    ] Entering safepoint region: Cleanup
[2019-12-09T08:12:35.732+0000][1][safepoint    ] Leaving safepoint region
[2019-12-09T08:12:35.732+0000][1][safepoint    ] Total time for which application threads were stopped: 0.0001125 seconds, Stopping threads took: 0.0000279 seconds
[2019-12-09T08:12:36.732+0000][1][safepoint    ] Application time: 1.0000787 seconds
[2019-12-09T08:12:36.732+0000][1][safepoint    ] Entering safepoint region: Cleanup
[2019-12-09T08:12:36.733+0000][1][safepoint    ] Leaving safepoint region
[2019-12-09T08:12:36.733+0000][1][safepoint    ] Total time for which application threads were stopped: 0.0000810 seconds, Stopping threads took: 0.0000162 seconds
[2019-12-09T08:12:37.733+0000][1][safepoint    ] Application time: 1.0000753 seconds
[2019-12-09T08:12:37.733+0000][1][safepoint    ] Entering safepoint region: Cleanup
[2019-12-09T08:12:37.733+0000][1][safepoint    ] Leaving safepoint region
[2019-12-09T08:12:37.733+0000][1][safepoint    ] Total time for which application threads were stopped: 0.0001017 seconds, Stopping threads took: 0.0000343 seconds
[2019-12-09T08:12:38.733+0000][1][safepoint    ] Application time: 1.0000755 seconds
[2019-12-09T08:12:38.733+0000][1][safepoint    ] Entering safepoint region: Cleanup
[2019-12-09T08:12:38.733+0000][1][safepoint    ] Leaving safepoint region
[2019-12-09T08:12:38.733+0000][1][safepoint    ] Total time for which application threads were stopped: 0.0000869 seconds, Stopping threads took: 0.0000193 seconds
[2019-12-09T08:12:39.733+0000][1][safepoint    ] Application time: 1.0000752 seconds
[2019-12-09T08:12:39.733+0000][1][safepoint    ] Entering safepoint region: Cleanup
[2019-12-09T08:12:39.733+0000][1][safepoint    ] Leaving safepoint region
[2019-12-09T08:12:39.733+0000][1][safepoint    ] Total time for which application threads were stopped: 0.0000866 seconds, Stopping threads took: 0.0000194 seconds
[2019-12-09T08:12:40.733+0000][1][safepoint    ] Application time: 1.0000825 seconds
[2019-12-09T08:12:40.733+0000][1][safepoint    ] Entering safepoint region: Cleanup
[2019-12-09T08:12:40.733+0000][1][safepoint    ] Leaving safepoint region
[2019-12-09T08:12:40.733+0000][1][safepoint    ] Total time for which application threads were stopped: 0.0000971 seconds, Stopping threads took: 0.0000223 seconds
[2019-12-09T08:12:41.733+0000][1][safepoint    ] Application time: 1.0000751 seconds
[2019-12-09T08:12:41.734+0000][1][safepoint    ] Entering safepoint region: Cleanup
[2019-12-09T08:12:41.734+0000][1][safepoint    ] Leaving safepoint region
[2019-12-09T08:12:41.734+0000][1][safepoint    ] Total time for which application threads were stopped: 0.0000910 seconds, Stopping threads took: 0.0000261 seconds
[2019-12-09T08:12:42.734+0000][1][safepoint    ] Application time: 1.0000780 seconds
[2019-12-09T08:12:42.734+0000][1][safepoint    ] Entering safepoint region: Cleanup
[2019-12-09T08:12:42.734+0000][1][safepoint    ] Leaving safepoint region
[2019-12-09T08:12:42.734+0000][1][safepoint    ] Total time for which application threads were stopped: 0.0000827 seconds, Stopping threads took: 0.0000176 seconds
[2019-12-09T08:12:43.734+0000][1][safepoint    ] Application time: 1.0000788 seconds
[2019-12-09T08:12:43.734+0000][1][safepoint    ] Entering safepoint region: Cleanup
[2019-12-09T08:12:43.734+0000][1][safepoint    ] Leaving safepoint region
[2019-12-09T08:12:43.734+0000][1][safepoint    ] Total time for which application threads were stopped: 0.0000854 seconds, Stopping threads took: 0.0000192 seconds
[2019-12-09T08:12:44.734+0000][1][safepoint    ] Application time: 1.0000785 seconds
[2019-12-09T08:12:44.734+0000][1][safepoint    ] Entering safepoint region: Cleanup
[2019-12-09T08:12:44.734+0000][1][safepoint    ] Leaving safepoint region
[2019-12-09T08:12:44.734+0000][1][safepoint    ] Total time for which application threads were stopped: 0.0000810 seconds, Stopping threads took: 0.0000184 seconds
[2019-12-09T08:12:45.734+0000][1][safepoint    ] Application time: 1.0000777 seconds
[2019-12-09T08:12:45.734+0000][1][safepoint    ] Entering safepoint region: Cleanup
[2019-12-09T08:12:45.734+0000][1][safepoint    ] Leaving safepoint region
[2019-12-09T08:12:45.734+0000][1][safepoint    ] Total time for which application threads were stopped: 0.0000899 seconds, Stopping threads took: 0.0000243 seconds
[2019-12-09T08:12:46.734+0000][1][safepoint    ] Application time: 1.0000785 seconds
[2019-12-09T08:12:46.735+0000][1][safepoint    ] Entering safepoint region: Cleanup
[2019-12-09T08:12:46.735+0000][1][safepoint    ] Leaving safepoint region
[2019-12-09T08:12:46.735+0000][1][safepoint    ] Total time for which application threads were stopped: 0.0000799 seconds, Stopping threads took: 0.0000176 seconds
[2019-12-09T08:12:47.735+0000][1][safepoint    ] Application time: 1.0000766 seconds
[2019-12-09T08:12:47.735+0000][1][safepoint    ] Entering safepoint region: Cleanup
[2019-12-09T08:12:47.735+0000][1][safepoint    ] Leaving safepoint region
[2019-12-09T08:12:47.735+0000][1][safepoint    ] Total time for which application threads were stopped: 0.0000793 seconds, Stopping threads took: 0.0000172 seconds
[2019-12-09T08:12:48.735+0000][1][safepoint    ] Application time: 1.0000741 seconds
[2019-12-09T08:12:48.735+0000][1][safepoint    ] Entering safepoint region: Cleanup
[2019-12-09T08:12:48.735+0000][1][safepoint    ] Leaving safepoint region
[2019-12-09T08:12:48.735+0000][1][safepoint    ] Total time for which application threads were stopped: 0.0000829 seconds, Stopping threads took: 0.0000182 seconds
[2019-12-09T08:12:49.735+0000][1][safepoint    ] Application time: 1.0000744 seconds
[2019-12-09T08:12:49.735+0000][1][safepoint    ] Entering safepoint region: Cleanup
[2019-12-09T08:12:49.735+0000][1][safepoint    ] Leaving safepoint region
[2019-12-09T08:12:49.735+0000][1][safepoint    ] Total time for which application threads were stopped: 0.0000821 seconds, Stopping threads took: 0.0000181 seconds
[2019-12-09T08:12:50.735+0000][1][safepoint    ] Application time: 1.0000921 seconds
[2019-12-09T08:12:50.735+0000][1][safepoint    ] Entering safepoint region: Cleanup
[2019-12-09T08:12:50.735+0000][1][safepoint    ] Leaving safepoint region
[2019-12-09T08:12:50.735+0000][1][safepoint    ] Total time for which application threads were stopped: 0.0001199 seconds, Stopping threads took: 0.0000271 seconds
[2019-12-09T08:12:51.134+0000][1][safepoint    ] Application time: 0.3981645 seconds
[2019-12-09T08:12:51.134+0000][1][safepoint    ] Entering safepoint region: GenCollectForAllocation
[2019-12-09T08:12:51.134+0000][1][gc,start     ] GC(125) Pause Young (Allocation Failure)
[2019-12-09T08:12:51.134+0000][1][gc,task      ] GC(125) Using 2 workers of 2 for evacuation
[2019-12-09T08:12:51.136+0000][1][gc,age       ] GC(125) Desired survivor size 4456448 bytes, new threshold 6 (max threshold 6)
[2019-12-09T08:12:51.136+0000][1][gc,age       ] GC(125) Age table with threshold 6 (max threshold 6)
[2019-12-09T08:12:51.136+0000][1][gc,age       ] GC(125) - age   1:     755840 bytes,     755840 total
[2019-12-09T08:12:51.136+0000][1][gc,age       ] GC(125) - age   2:        128 bytes,     755968 total
[2019-12-09T08:12:51.136+0000][1][gc,age       ] GC(125) - age   4:       2064 bytes,     758032 total
[2019-12-09T08:12:51.136+0000][1][gc,age       ] GC(125) - age   6:        104 bytes,     758136 total
[2019-12-09T08:12:51.136+0000][1][gc,heap      ] GC(125) ParNew: 70768K->825K(78656K)
[2019-12-09T08:12:51.136+0000][1][gc,heap      ] GC(125) CMS: 70965K->70965K(174784K)
[2019-12-09T08:12:51.136+0000][1][gc,metaspace ] GC(125) Metaspace: 76562K->76562K(1120256K)
[2019-12-09T08:12:51.136+0000][1][gc           ] GC(125) Pause Young (Allocation Failure) 138M->70M(247M) 1.975ms
[2019-12-09T08:12:51.136+0000][1][gc,cpu       ] GC(125) User=0.01s Sys=0.00s Real=0.01s
[2019-12-09T08:12:51.136+0000][1][safepoint    ] Leaving safepoint region
[2019-12-09T08:12:51.136+0000][1][safepoint    ] Total time for which application threads were stopped: 0.0021662 seconds, Stopping threads took: 0.0000272 seconds
[2019-12-09T08:12:53.064+0000][1][safepoint    ] Application time: 1.9280303 seconds
[2019-12-09T08:12:53.064+0000][1][safepoint    ] Entering safepoint region: Cleanup
[2019-12-09T08:12:53.064+0000][1][safepoint    ] Leaving safepoint region
[2019-12-09T08:12:53.064+0000][1][safepoint    ] Total time for which application threads were stopped: 0.0000900 seconds, Stopping threads took: 0.0000198 seconds
[2019-12-09T08:12:54.064+0000][1][safepoint    ] Application time: 1.0000781 seconds
[2019-12-09T08:12:54.064+0000][1][safepoint    ] Entering safepoint region: Cleanup
[2019-12-09T08:12:54.064+0000][1][safepoint    ] Leaving safepoint region
[2019-12-09T08:12:54.064+0000][1][safepoint    ] Total time for which application threads were stopped: 0.0000866 seconds, Stopping threads took: 0.0000202 seconds
[2019-12-09T08:12:55.064+0000][1][safepoint    ] Application time: 1.0000758 seconds
[2019-12-09T08:12:55.064+0000][1][safepoint    ] Entering safepoint region: Cleanup
[2019-12-09T08:12:55.064+0000][1][safepoint    ] Leaving safepoint region
[2019-12-09T08:12:55.064+0000][1][safepoint    ] Total time for which application threads were stopped: 0.0000852 seconds, Stopping threads took: 0.0000189 seconds
[2019-12-09T08:12:56.064+0000][1][safepoint    ] Application time: 1.0000771 seconds
[2019-12-09T08:12:56.065+0000][1][safepoint    ] Entering safepoint region: Cleanup
[2019-12-09T08:12:56.065+0000][1][safepoint    ] Leaving safepoint region
[2019-12-09T08:12:56.065+0000][1][safepoint    ] Total time for which application threads were stopped: 0.0000871 seconds, Stopping threads took: 0.0000200 seconds
[2019-12-09T08:12:57.065+0000][1][safepoint    ] Application time: 1.0000756 seconds
[2019-12-09T08:12:57.065+0000][1][safepoint    ] Entering safepoint region: Cleanup
[2019-12-09T08:12:57.065+0000][1][safepoint    ] Leaving safepoint region
[2019-12-09T08:12:57.065+0000][1][safepoint    ] Total time for which application threads were stopped: 0.0000866 seconds, Stopping threads took: 0.0000188 seconds
[2019-12-09T08:12:58.065+0000][1][safepoint    ] Application time: 1.0000758 seconds
[2019-12-09T08:12:58.065+0000][1][safepoint    ] Entering safepoint region: Cleanup
[2019-12-09T08:12:58.065+0000][1][safepoint    ] Leaving safepoint region
[2019-12-09T08:12:58.065+0000][1][safepoint    ] Total time for which application threads were stopped: 0.0000814 seconds, Stopping threads took: 0.0000162 seconds
[2019-12-09T08:12:59.065+0000][1][safepoint    ] Application time: 1.0000766 seconds
[2019-12-09T08:12:59.065+0000][1][safepoint    ] Entering safepoint region: Cleanup
[2019-12-09T08:12:59.065+0000][1][safepoint    ] Leaving safepoint region
[2019-12-09T08:12:59.065+0000][1][safepoint    ] Total time for which application threads were stopped: 0.0000855 seconds, Stopping threads took: 0.0000200 seconds
[2019-12-09T08:13:00.065+0000][1][safepoint    ] Application time: 1.0000742 seconds
[2019-12-09T08:13:00.065+0000][1][safepoint    ] Entering safepoint region: Cleanup
[2019-12-09T08:13:00.065+0000][1][safepoint    ] Leaving safepoint region
[2019-12-09T08:13:00.065+0000][1][safepoint    ] Total time for which application threads were stopped: 0.0000875 seconds, Stopping threads took: 0.0000195 seconds
[2019-12-09T08:13:01.066+0000][1][safepoint    ] Application time: 1.0000815 seconds
[2019-12-09T08:13:01.066+0000][1][safepoint    ] Entering safepoint region: Cleanup
[2019-12-09T08:13:01.066+0000][1][safepoint    ] Leaving safepoint region
[2019-12-09T08:13:01.066+0000][1][safepoint    ] Total time for which application threads were stopped: 0.0000873 seconds, Stopping threads took: 0.0000183 seconds
[2019-12-09T08:13:02.066+0000][1][safepoint    ] Application time: 1.0000676 seconds
[2019-12-09T08:13:02.066+0000][1][safepoint    ] Entering safepoint region: Cleanup
[2019-12-09T08:13:02.066+0000][1][safepoint    ] Leaving safepoint region
[2019-12-09T08:13:02.066+0000][1][safepoint    ] Total time for which application threads were stopped: 0.0001168 seconds, Stopping threads took: 0.0000256 seconds
[2019-12-09T08:13:03.066+0000][1][safepoint    ] Application time: 1.0000756 seconds
[2019-12-09T08:13:03.066+0000][1][safepoint    ] Entering safepoint region: Cleanup
[2019-12-09T08:13:03.066+0000][1][safepoint    ] Leaving safepoint region
[2019-12-09T08:13:03.066+0000][1][safepoint    ] Total time for which application threads were stopped: 0.0000953 seconds, Stopping threads took: 0.0000257 seconds
[2019-12-09T08:13:04.066+0000][1][safepoint    ] Application time: 1.0000840 seconds
[2019-12-09T08:13:04.066+0000][1][safepoint    ] Entering safepoint region: Cleanup
[2019-12-09T08:13:04.066+0000][1][safepoint    ] Leaving safepoint region
[2019-12-09T08:13:04.066+0000][1][safepoint    ] Total time for which application threads were stopped: 0.0001668 seconds, Stopping threads took: 0.0000557 seconds
[2019-12-09T08:13:05.066+0000][1][safepoint    ] Application time: 1.0000828 seconds
[2019-12-09T08:13:05.067+0000][1][safepoint    ] Entering safepoint region: Cleanup
[2019-12-09T08:13:05.067+0000][1][safepoint    ] Leaving safepoint region
[2019-12-09T08:13:05.067+0000][1][safepoint    ] Total time for which application threads were stopped: 0.0000988 seconds, Stopping threads took: 0.0000195 seconds
[2019-12-09T08:13:06.067+0000][1][safepoint    ] Application time: 1.0000776 seconds
[2019-12-09T08:13:06.067+0000][1][safepoint    ] Entering safepoint region: Cleanup
[2019-12-09T08:13:06.067+0000][1][safepoint    ] Leaving safepoint region
[2019-12-09T08:13:06.067+0000][1][safepoint    ] Total time for which application threads were stopped: 0.0000900 seconds, Stopping threads took: 0.0000210 seconds
[2019-12-09T08:13:07.067+0000][1][safepoint    ] Application time: 1.0000762 seconds
[2019-12-09T08:13:07.067+0000][1][safepoint    ] Entering safepoint region: Cleanup
[2019-12-09T08:13:07.067+0000][1][safepoint    ] Leaving safepoint region
[2019-12-09T08:13:07.067+0000][1][safepoint    ] Total time for which application threads were stopped: 0.0000866 seconds, Stopping threads took: 0.0000190 seconds
[2019-12-09T08:13:08.067+0000][1][safepoint    ] Application time: 1.0000759 seconds
[2019-12-09T08:13:08.067+0000][1][safepoint    ] Entering safepoint region: Cleanup
[2019-12-09T08:13:08.067+0000][1][safepoint    ] Leaving safepoint region
[2019-12-09T08:13:08.067+0000][1][safepoint    ] Total time for which application threads were stopped: 0.0000871 seconds, Stopping threads took: 0.0000200 seconds
[2019-12-09T08:13:09.067+0000][1][safepoint    ] Application time: 1.0000777 seconds
[2019-12-09T08:13:09.067+0000][1][safepoint    ] Entering safepoint region: Cleanup
[2019-12-09T08:13:09.067+0000][1][safepoint    ] Leaving safepoint region
[2019-12-09T08:13:09.067+0000][1][safepoint    ] Total time for which application threads were stopped: 0.0000885 seconds, Stopping threads took: 0.0000209 seconds
[2019-12-09T08:13:10.068+0000][1][safepoint    ] Application time: 1.0000777 seconds
[2019-12-09T08:13:10.068+0000][1][safepoint    ] Entering safepoint region: Cleanup
[2019-12-09T08:13:10.068+0000][1][safepoint    ] Leaving safepoint region
[2019-12-09T08:13:10.068+0000][1][safepoint    ] Total time for which application threads were stopped: 0.0000909 seconds, Stopping threads took: 0.0000198 seconds
[2019-12-09T08:13:11.068+0000][1][safepoint    ] Application time: 1.0000777 seconds
[2019-12-09T08:13:11.068+0000][1][safepoint    ] Entering safepoint region: Cleanup
[2019-12-09T08:13:11.068+0000][1][safepoint    ] Leaving safepoint region
[2019-12-09T08:13:11.068+0000][1][safepoint    ] Total time for which application threads were stopped: 0.0000935 seconds, Stopping threads took: 0.0000258 seconds
[2019-12-09T08:13:12.068+0000][1][safepoint    ] Application time: 1.0000758 seconds
[2019-12-09T08:13:12.068+0000][1][safepoint    ] Entering safepoint region: Cleanup
[2019-12-09T08:13:12.068+0000][1][safepoint    ] Leaving safepoint region
[2019-12-09T08:13:12.068+0000][1][safepoint    ] Total time for which application threads were stopped: 0.0000858 seconds, Stopping threads took: 0.0000191 seconds
[2019-12-09T08:13:13.068+0000][1][safepoint    ] Application time: 1.0000754 seconds
[2019-12-09T08:13:13.068+0000][1][safepoint    ] Entering safepoint region: Cleanup
[2019-12-09T08:13:13.068+0000][1][safepoint    ] Leaving safepoint region
[2019-12-09T08:13:13.068+0000][1][safepoint    ] Total time for which application threads were stopped: 0.0000981 seconds, Stopping threads took: 0.0000291 seconds
[2019-12-09T08:13:14.068+0000][1][safepoint    ] Application time: 1.0000772 seconds
[2019-12-09T08:13:14.068+0000][1][safepoint    ] Entering safepoint region: Cleanup
[2019-12-09T08:13:14.069+0000][1][safepoint    ] Leaving safepoint region
[2019-12-09T08:13:14.069+0000][1][safepoint    ] Total time for which application threads were stopped: 0.0000897 seconds, Stopping threads took: 0.0000206 seconds
[2019-12-09T08:13:15.069+0000][1][safepoint    ] Application time: 1.0000761 seconds
[2019-12-09T08:13:15.069+0000][1][safepoint    ] Entering safepoint region: Cleanup
[2019-12-09T08:13:15.069+0000][1][safepoint    ] Leaving safepoint region
[2019-12-09T08:13:15.069+0000][1][safepoint    ] Total time for which application threads were stopped: 0.0000929 seconds, Stopping threads took: 0.0000183 seconds
[2019-12-09T08:13:16.069+0000][1][safepoint    ] Application time: 1.0000769 seconds
[2019-12-09T08:13:16.069+0000][1][safepoint    ] Entering safepoint region: Cleanup
[2019-12-09T08:13:16.069+0000][1][safepoint    ] Leaving safepoint region
[2019-12-09T08:13:16.069+0000][1][safepoint    ] Total time for which application threads were stopped: 0.0000882 seconds, Stopping threads took: 0.0000198 seconds
[2019-12-09T08:13:17.069+0000][1][safepoint    ] Application time: 1.0000760 seconds
[2019-12-09T08:13:17.069+0000][1][safepoint    ] Entering safepoint region: Cleanup
[2019-12-09T08:13:17.069+0000][1][safepoint    ] Leaving safepoint region
[2019-12-09T08:13:17.069+0000][1][safepoint    ] Total time for which application threads were stopped: 0.0000887 seconds, Stopping threads took: 0.0000212 seconds
[2019-12-09T08:13:18.069+0000][1][safepoint    ] Application time: 1.0000819 seconds
[2019-12-09T08:13:18.069+0000][1][safepoint    ] Entering safepoint region: Cleanup
[2019-12-09T08:13:18.069+0000][1][safepoint    ] Leaving safepoint region
[2019-12-09T08:13:18.069+0000][1][safepoint    ] Total time for which application threads were stopped: 0.0000885 seconds, Stopping threads took: 0.0000213 seconds
[2019-12-09T08:13:19.069+0000][1][safepoint    ] Application time: 1.0000787 seconds
[2019-12-09T08:13:19.069+0000][1][safepoint    ] Entering safepoint region: Cleanup
[2019-12-09T08:13:19.070+0000][1][safepoint    ] Leaving safepoint region
[2019-12-09T08:13:19.070+0000][1][safepoint    ] Total time for which application threads were stopped: 0.0000864 seconds, Stopping threads took: 0.0000193 seconds
[2019-12-09T08:13:20.070+0000][1][safepoint    ] Application time: 1.0000787 seconds
[2019-12-09T08:13:20.070+0000][1][safepoint    ] Entering safepoint region: Cleanup
[2019-12-09T08:13:20.070+0000][1][safepoint    ] Leaving safepoint region
[2019-12-09T08:13:20.070+0000][1][safepoint    ] Total time for which application threads were stopped: 0.0000963 seconds, Stopping threads took: 0.0000284 seconds
[2019-12-09T08:13:21.070+0000][1][safepoint    ] Application time: 1.0000772 seconds
[2019-12-09T08:13:21.070+0000][1][safepoint    ] Entering safepoint region: Cleanup
[2019-12-09T08:13:21.070+0000][1][safepoint    ] Leaving safepoint region
[2019-12-09T08:13:21.070+0000][1][safepoint    ] Total time for which application threads were stopped: 0.0000876 seconds, Stopping threads took: 0.0000191 seconds
[2019-12-09T08:13:22.070+0000][1][safepoint    ] Application time: 1.0000746 seconds
[2019-12-09T08:13:22.070+0000][1][safepoint    ] Entering safepoint region: Cleanup
[2019-12-09T08:13:22.070+0000][1][safepoint    ] Leaving safepoint region
[2019-12-09T08:13:22.070+0000][1][safepoint    ] Total time for which application threads were stopped: 0.0000875 seconds, Stopping threads took: 0.0000191 seconds
[2019-12-09T08:13:23.150+0000][1][safepoint    ] Application time: 1.0798984 seconds
[2019-12-09T08:13:23.150+0000][1][safepoint    ] Entering safepoint region: Cleanup
[2019-12-09T08:13:23.150+0000][1][safepoint    ] Leaving safepoint region
[2019-12-09T08:13:23.150+0000][1][safepoint    ] Total time for which application threads were stopped: 0.0001160 seconds, Stopping threads took: 0.0000350 seconds
[2019-12-09T08:13:24.150+0000][1][safepoint    ] Application time: 1.0000893 seconds
[2019-12-09T08:13:24.150+0000][1][safepoint    ] Entering safepoint region: Cleanup
[2019-12-09T08:13:24.150+0000][1][safepoint    ] Leaving safepoint region
[2019-12-09T08:13:24.150+0000][1][safepoint    ] Total time for which application threads were stopped: 0.0001019 seconds, Stopping threads took: 0.0000255 seconds
[2019-12-09T08:13:25.151+0000][1][safepoint    ] Application time: 1.0000813 seconds
[2019-12-09T08:13:25.151+0000][1][safepoint    ] Entering safepoint region: Cleanup
[2019-12-09T08:13:25.151+0000][1][safepoint    ] Leaving safepoint region
[2019-12-09T08:13:25.151+0000][1][safepoint    ] Total time for which application threads were stopped: 0.0001107 seconds, Stopping threads took: 0.0000288 seconds
[2019-12-09T08:13:26.151+0000][1][safepoint    ] Application time: 1.0000805 seconds
[2019-12-09T08:13:26.151+0000][1][safepoint    ] Entering safepoint region: Cleanup
[2019-12-09T08:13:26.151+0000][1][safepoint    ] Leaving safepoint region
[2019-12-09T08:13:26.151+0000][1][safepoint    ] Total time for which application threads were stopped: 0.0000844 seconds, Stopping threads took: 0.0000179 seconds
[2019-12-09T08:13:27.151+0000][1][safepoint    ] Application time: 1.0000766 seconds
[2019-12-09T08:13:27.151+0000][1][safepoint    ] Entering safepoint region: Cleanup
[2019-12-09T08:13:27.151+0000][1][safepoint    ] Leaving safepoint region
[2019-12-09T08:13:27.151+0000][1][safepoint    ] Total time for which application threads were stopped: 0.0000873 seconds, Stopping threads took: 0.0000194 seconds
[2019-12-09T08:13:28.151+0000][1][safepoint    ] Application time: 1.0000740 seconds
[2019-12-09T08:13:28.151+0000][1][safepoint    ] Entering safepoint region: Cleanup
[2019-12-09T08:13:28.151+0000][1][safepoint    ] Leaving safepoint region
[2019-12-09T08:13:28.151+0000][1][safepoint    ] Total time for which application threads were stopped: 0.0000816 seconds, Stopping threads took: 0.0000173 seconds
[2019-12-09T08:13:29.151+0000][1][safepoint    ] Application time: 1.0000780 seconds
[2019-12-09T08:13:29.151+0000][1][safepoint    ] Entering safepoint region: Cleanup
[2019-12-09T08:13:29.152+0000][1][safepoint    ] Leaving safepoint region
[2019-12-09T08:13:29.152+0000][1][safepoint    ] Total time for which application threads were stopped: 0.0000825 seconds, Stopping threads took: 0.0000182 seconds
[2019-12-09T08:13:30.152+0000][1][safepoint    ] Application time: 1.0000760 seconds
[2019-12-09T08:13:30.152+0000][1][safepoint    ] Entering safepoint region: Cleanup
[2019-12-09T08:13:30.152+0000][1][safepoint    ] Leaving safepoint region
[2019-12-09T08:13:30.152+0000][1][safepoint    ] Total time for which application threads were stopped: 0.0000959 seconds, Stopping threads took: 0.0000202 seconds
[2019-12-09T08:13:31.152+0000][1][safepoint    ] Application time: 1.0000774 seconds
[2019-12-09T08:13:31.152+0000][1][safepoint    ] Entering safepoint region: Cleanup
[2019-12-09T08:13:31.152+0000][1][safepoint    ] Leaving safepoint region
[2019-12-09T08:13:31.152+0000][1][safepoint    ] Total time for which application threads were stopped: 0.0000867 seconds, Stopping threads took: 0.0000186 seconds
[2019-12-09T08:13:32.152+0000][1][safepoint    ] Application time: 1.0000747 seconds
[2019-12-09T08:13:32.152+0000][1][safepoint    ] Entering safepoint region: Cleanup
[2019-12-09T08:13:32.152+0000][1][safepoint    ] Leaving safepoint region
[2019-12-09T08:13:32.152+0000][1][safepoint    ] Total time for which application threads were stopped: 0.0000854 seconds, Stopping threads took: 0.0000185 seconds
[2019-12-09T08:13:32.425+0000][1][safepoint    ] Application time: 0.2730382 seconds
[2019-12-09T08:13:32.425+0000][1][safepoint    ] Entering safepoint region: GenCollectForAllocation
[2019-12-09T08:13:32.425+0000][1][gc,start     ] GC(126) Pause Young (Allocation Failure)
[2019-12-09T08:13:32.425+0000][1][gc,task      ] GC(126) Using 2 workers of 2 for evacuation
[2019-12-09T08:13:32.427+0000][1][gc,age       ] GC(126) Desired survivor size 4456448 bytes, new threshold 6 (max threshold 6)
[2019-12-09T08:13:32.427+0000][1][gc,age       ] GC(126) Age table with threshold 6 (max threshold 6)
[2019-12-09T08:13:32.427+0000][1][gc,age       ] GC(126) - age   1:     755000 bytes,     755000 total
[2019-12-09T08:13:32.427+0000][1][gc,age       ] GC(126) - age   2:        816 bytes,     755816 total
[2019-12-09T08:13:32.427+0000][1][gc,age       ] GC(126) - age   3:        128 bytes,     755944 total
[2019-12-09T08:13:32.427+0000][1][gc,age       ] GC(126) - age   5:       2064 bytes,     758008 total
[2019-12-09T08:13:32.427+0000][1][gc,heap      ] GC(126) ParNew: 70777K->823K(78656K)
[2019-12-09T08:13:32.427+0000][1][gc,heap      ] GC(126) CMS: 70965K->70966K(174784K)
[2019-12-09T08:13:32.427+0000][1][gc,metaspace ] GC(126) Metaspace: 76573K->76573K(1120256K)
[2019-12-09T08:13:32.427+0000][1][gc           ] GC(126) Pause Young (Allocation Failure) 138M->70M(247M) 1.980ms
[2019-12-09T08:13:32.427+0000][1][gc,cpu       ] GC(126) User=0.00s Sys=0.00s Real=0.00s
[2019-12-09T08:13:32.427+0000][1][safepoint    ] Leaving safepoint region
[2019-12-09T08:13:32.427+0000][1][safepoint    ] Total time for which application threads were stopped: 0.0021599 seconds, Stopping threads took: 0.0000364 seconds
[2019-12-09T08:13:33.427+0000][1][safepoint    ] Application time: 1.0000897 seconds
[2019-12-09T08:13:33.428+0000][1][safepoint    ] Entering safepoint region: Cleanup
[2019-12-09T08:13:33.428+0000][1][safepoint    ] Leaving safepoint region
[2019-12-09T08:13:33.428+0000][1][safepoint    ] Total time for which application threads were stopped: 0.0000939 seconds, Stopping threads took: 0.0000256 seconds
[2019-12-09T08:13:34.428+0000][1][safepoint    ] Application time: 1.0000783 seconds
[2019-12-09T08:13:34.428+0000][1][safepoint    ] Entering safepoint region: Cleanup
[2019-12-09T08:13:34.428+0000][1][safepoint    ] Leaving safepoint region
[2019-12-09T08:13:34.428+0000][1][safepoint    ] Total time for which application threads were stopped: 0.0000851 seconds, Stopping threads took: 0.0000182 seconds
[2019-12-09T08:13:35.428+0000][1][safepoint    ] Application time: 1.0000736 seconds
[2019-12-09T08:13:35.428+0000][1][safepoint    ] Entering safepoint region: Cleanup
[2019-12-09T08:13:35.428+0000][1][safepoint    ] Leaving safepoint region
[2019-12-09T08:13:35.428+0000][1][safepoint    ] Total time for which application threads were stopped: 0.0000868 seconds, Stopping threads took: 0.0000190 seconds
[2019-12-09T08:13:36.428+0000][1][safepoint    ] Application time: 1.0000737 seconds
[2019-12-09T08:13:36.428+0000][1][safepoint    ] Entering safepoint region: Cleanup
[2019-12-09T08:13:36.428+0000][1][safepoint    ] Leaving safepoint region
[2019-12-09T08:13:36.428+0000][1][safepoint    ] Total time for which application threads were stopped: 0.0000827 seconds, Stopping threads took: 0.0000173 seconds
[2019-12-09T08:13:37.428+0000][1][safepoint    ] Application time: 1.0000751 seconds
[2019-12-09T08:13:37.428+0000][1][safepoint    ] Entering safepoint region: Cleanup
[2019-12-09T08:13:37.428+0000][1][safepoint    ] Leaving safepoint region
[2019-12-09T08:13:37.428+0000][1][safepoint    ] Total time for which application threads were stopped: 0.0000840 seconds, Stopping threads took: 0.0000184 seconds
[2019-12-09T08:13:38.429+0000][1][safepoint    ] Application time: 1.0000738 seconds
[2019-12-09T08:13:38.429+0000][1][safepoint    ] Entering safepoint region: Cleanup
[2019-12-09T08:13:38.429+0000][1][safepoint    ] Leaving safepoint region
[2019-12-09T08:13:38.429+0000][1][safepoint    ] Total time for which application threads were stopped: 0.0000829 seconds, Stopping threads took: 0.0000180 seconds
[2019-12-09T08:13:39.429+0000][1][safepoint    ] Application time: 1.0000742 seconds
[2019-12-09T08:13:39.429+0000][1][safepoint    ] Entering safepoint region: Cleanup
[2019-12-09T08:13:39.429+0000][1][safepoint    ] Leaving safepoint region
[2019-12-09T08:13:39.429+0000][1][safepoint    ] Total time for which application threads were stopped: 0.0000962 seconds, Stopping threads took: 0.0000294 seconds
[2019-12-09T08:13:40.429+0000][1][safepoint    ] Application time: 1.0000742 seconds
[2019-12-09T08:13:40.429+0000][1][safepoint    ] Entering safepoint region: Cleanup
[2019-12-09T08:13:40.429+0000][1][safepoint    ] Leaving safepoint region
[2019-12-09T08:13:40.429+0000][1][safepoint    ] Total time for which application threads were stopped: 0.0000851 seconds, Stopping threads took: 0.0000183 seconds
[2019-12-09T08:13:41.429+0000][1][safepoint    ] Application time: 1.0000754 seconds
[2019-12-09T08:13:41.429+0000][1][safepoint    ] Entering safepoint region: Cleanup
[2019-12-09T08:13:41.429+0000][1][safepoint    ] Leaving safepoint region
[2019-12-09T08:13:41.429+0000][1][safepoint    ] Total time for which application threads were stopped: 0.0000938 seconds, Stopping threads took: 0.0000291 seconds
[2019-12-09T08:13:42.429+0000][1][safepoint    ] Application time: 1.0000746 seconds
[2019-12-09T08:13:42.429+0000][1][safepoint    ] Entering safepoint region: Cleanup
[2019-12-09T08:13:42.429+0000][1][safepoint    ] Leaving safepoint region
[2019-12-09T08:13:42.429+0000][1][safepoint    ] Total time for which application threads were stopped: 0.0000874 seconds, Stopping threads took: 0.0000212 seconds
[2019-12-09T08:13:43.430+0000][1][safepoint    ] Application time: 1.0000767 seconds
[2019-12-09T08:13:43.430+0000][1][safepoint    ] Entering safepoint region: Cleanup
[2019-12-09T08:13:43.430+0000][1][safepoint    ] Leaving safepoint region
[2019-12-09T08:13:43.430+0000][1][safepoint    ] Total time for which application threads were stopped: 0.0000859 seconds, Stopping threads took: 0.0000201 seconds
[2019-12-09T08:13:44.430+0000][1][safepoint    ] Application time: 1.0000834 seconds
[2019-12-09T08:13:44.430+0000][1][safepoint    ] Entering safepoint region: Cleanup
[2019-12-09T08:13:44.430+0000][1][safepoint    ] Leaving safepoint region
[2019-12-09T08:13:44.430+0000][1][safepoint    ] Total time for which application threads were stopped: 0.0000825 seconds, Stopping threads took: 0.0000175 seconds
[2019-12-09T08:13:45.430+0000][1][safepoint    ] Application time: 1.0000761 seconds
[2019-12-09T08:13:45.430+0000][1][safepoint    ] Entering safepoint region: Cleanup
[2019-12-09T08:13:45.430+0000][1][safepoint    ] Leaving safepoint region
[2019-12-09T08:13:45.430+0000][1][safepoint    ] Total time for which application threads were stopped: 0.0000840 seconds, Stopping threads took: 0.0000183 seconds
[2019-12-09T08:13:46.430+0000][1][safepoint    ] Application time: 1.0000755 seconds
[2019-12-09T08:13:46.430+0000][1][safepoint    ] Entering safepoint region: Cleanup
[2019-12-09T08:13:46.430+0000][1][safepoint    ] Leaving safepoint region
[2019-12-09T08:13:46.430+0000][1][safepoint    ] Total time for which application threads were stopped: 0.0000904 seconds, Stopping threads took: 0.0000179 seconds
[2019-12-09T08:13:47.430+0000][1][safepoint    ] Application time: 1.0000806 seconds
[2019-12-09T08:13:47.430+0000][1][safepoint    ] Entering safepoint region: Cleanup
[2019-12-09T08:13:47.430+0000][1][safepoint    ] Leaving safepoint region
[2019-12-09T08:13:47.431+0000][1][safepoint    ] Total time for which application threads were stopped: 0.0000924 seconds, Stopping threads took: 0.0000181 seconds
[2019-12-09T08:13:48.431+0000][1][safepoint    ] Application time: 1.0000758 seconds
[2019-12-09T08:13:48.431+0000][1][safepoint    ] Entering safepoint region: Cleanup
[2019-12-09T08:13:48.431+0000][1][safepoint    ] Leaving safepoint region
[2019-12-09T08:13:48.431+0000][1][safepoint    ] Total time for which application threads were stopped: 0.0000970 seconds, Stopping threads took: 0.0000191 seconds
[2019-12-09T08:13:49.431+0000][1][safepoint    ] Application time: 1.0000744 seconds
[2019-12-09T08:13:49.431+0000][1][safepoint    ] Entering safepoint region: Cleanup
[2019-12-09T08:13:49.431+0000][1][safepoint    ] Leaving safepoint region
[2019-12-09T08:13:49.431+0000][1][safepoint    ] Total time for which application threads were stopped: 0.0000871 seconds, Stopping threads took: 0.0000234 seconds
[2019-12-09T08:13:50.431+0000][1][safepoint    ] Application time: 1.0000748 seconds
[2019-12-09T08:13:50.431+0000][1][safepoint    ] Entering safepoint region: Cleanup
[2019-12-09T08:13:50.431+0000][1][safepoint    ] Leaving safepoint region
[2019-12-09T08:13:50.431+0000][1][safepoint    ] Total time for which application threads were stopped: 0.0000855 seconds, Stopping threads took: 0.0000196 seconds
[2019-12-09T08:13:51.431+0000][1][safepoint    ] Application time: 1.0000745 seconds
[2019-12-09T08:13:51.431+0000][1][safepoint    ] Entering safepoint region: Cleanup
[2019-12-09T08:13:51.431+0000][1][safepoint    ] Leaving safepoint region
[2019-12-09T08:13:51.431+0000][1][safepoint    ] Total time for which application threads were stopped: 0.0000862 seconds, Stopping threads took: 0.0000193 seconds
[2019-12-09T08:13:52.431+0000][1][safepoint    ] Application time: 1.0000817 seconds
[2019-12-09T08:13:52.431+0000][1][safepoint    ] Entering safepoint region: Cleanup
[2019-12-09T08:13:52.432+0000][1][safepoint    ] Leaving safepoint region
[2019-12-09T08:13:52.432+0000][1][safepoint    ] Total time for which application threads were stopped: 0.0000896 seconds, Stopping threads took: 0.0000205 seconds
[2019-12-09T08:13:53.432+0000][1][safepoint    ] Application time: 1.0000757 seconds
[2019-12-09T08:13:53.432+0000][1][safepoint    ] Entering safepoint region: Cleanup
[2019-12-09T08:13:53.432+0000][1][safepoint    ] Leaving safepoint region
[2019-12-09T08:13:53.432+0000][1][safepoint    ] Total time for which application threads were stopped: 0.0000979 seconds, Stopping threads took: 0.0000306 seconds
[2019-12-09T08:13:54.432+0000][1][safepoint    ] Application time: 1.0000748 seconds
[2019-12-09T08:13:54.432+0000][1][safepoint    ] Entering safepoint region: Cleanup
[2019-12-09T08:13:54.432+0000][1][safepoint    ] Leaving safepoint region
[2019-12-09T08:13:54.432+0000][1][safepoint    ] Total time for which application threads were stopped: 0.0000838 seconds, Stopping threads took: 0.0000183 seconds
[2019-12-09T08:13:55.432+0000][1][safepoint    ] Application time: 1.0000741 seconds
[2019-12-09T08:13:55.432+0000][1][safepoint    ] Entering safepoint region: Cleanup
[2019-12-09T08:13:55.432+0000][1][safepoint    ] Leaving safepoint region
[2019-12-09T08:13:55.432+0000][1][safepoint    ] Total time for which application threads were stopped: 0.0000837 seconds, Stopping threads took: 0.0000180 seconds
[2019-12-09T08:13:56.432+0000][1][safepoint    ] Application time: 1.0000756 seconds
[2019-12-09T08:13:56.432+0000][1][safepoint    ] Entering safepoint region: Cleanup
[2019-12-09T08:13:56.432+0000][1][safepoint    ] Leaving safepoint region
[2019-12-09T08:13:56.432+0000][1][safepoint    ] Total time for which application threads were stopped: 0.0000821 seconds, Stopping threads took: 0.0000189 seconds
[2019-12-09T08:13:57.432+0000][1][safepoint    ] Application time: 1.0000734 seconds
[2019-12-09T08:13:57.432+0000][1][safepoint    ] Entering safepoint region: Cleanup
[2019-12-09T08:13:57.433+0000][1][safepoint    ] Leaving safepoint region
[2019-12-09T08:13:57.433+0000][1][safepoint    ] Total time for which application threads were stopped: 0.0000818 seconds, Stopping threads took: 0.0000168 seconds
[2019-12-09T08:13:58.433+0000][1][safepoint    ] Application time: 1.0000740 seconds
[2019-12-09T08:13:58.433+0000][1][safepoint    ] Entering safepoint region: Cleanup
[2019-12-09T08:13:58.433+0000][1][safepoint    ] Leaving safepoint region
[2019-12-09T08:13:58.433+0000][1][safepoint    ] Total time for which application threads were stopped: 0.0000841 seconds, Stopping threads took: 0.0000178 seconds
[2019-12-09T08:13:59.433+0000][1][safepoint    ] Application time: 1.0000745 seconds
[2019-12-09T08:13:59.433+0000][1][safepoint    ] Entering safepoint region: Cleanup
[2019-12-09T08:13:59.433+0000][1][safepoint    ] Leaving safepoint region
[2019-12-09T08:13:59.433+0000][1][safepoint    ] Total time for which application threads were stopped: 0.0000892 seconds, Stopping threads took: 0.0000198 seconds
[2019-12-09T08:14:00.433+0000][1][safepoint    ] Application time: 1.0000745 seconds
[2019-12-09T08:14:00.433+0000][1][safepoint    ] Entering safepoint region: Cleanup
[2019-12-09T08:14:00.433+0000][1][safepoint    ] Leaving safepoint region
[2019-12-09T08:14:00.433+0000][1][safepoint    ] Total time for which application threads were stopped: 0.0000873 seconds, Stopping threads took: 0.0000192 seconds
[2019-12-09T08:14:01.433+0000][1][safepoint    ] Application time: 1.0000756 seconds
[2019-12-09T08:14:01.433+0000][1][safepoint    ] Entering safepoint region: Cleanup
[2019-12-09T08:14:01.433+0000][1][safepoint    ] Leaving safepoint region
[2019-12-09T08:14:01.433+0000][1][safepoint    ] Total time for which application threads were stopped: 0.0000876 seconds, Stopping threads took: 0.0000187 seconds
[2019-12-09T08:14:02.433+0000][1][safepoint    ] Application time: 1.0000755 seconds
[2019-12-09T08:14:02.434+0000][1][safepoint    ] Entering safepoint region: Cleanup
[2019-12-09T08:14:02.434+0000][1][safepoint    ] Leaving safepoint region
[2019-12-09T08:14:02.434+0000][1][safepoint    ] Total time for which application threads were stopped: 0.0000846 seconds, Stopping threads took: 0.0000191 seconds
[2019-12-09T08:14:03.434+0000][1][safepoint    ] Application time: 1.0000855 seconds
[2019-12-09T08:14:03.434+0000][1][safepoint    ] Entering safepoint region: Cleanup
[2019-12-09T08:14:03.434+0000][1][safepoint    ] Leaving safepoint region
[2019-12-09T08:14:03.434+0000][1][safepoint    ] Total time for which application threads were stopped: 0.0000870 seconds, Stopping threads took: 0.0000193 seconds
[2019-12-09T08:14:04.434+0000][1][safepoint    ] Application time: 1.0000739 seconds
[2019-12-09T08:14:04.434+0000][1][safepoint    ] Entering safepoint region: Cleanup
[2019-12-09T08:14:04.434+0000][1][safepoint    ] Leaving safepoint region
[2019-12-09T08:14:04.434+0000][1][safepoint    ] Total time for which application threads were stopped: 0.0000798 seconds, Stopping threads took: 0.0000164 seconds
[2019-12-09T08:14:05.434+0000][1][safepoint    ] Application time: 1.0000745 seconds
[2019-12-09T08:14:05.434+0000][1][safepoint    ] Entering safepoint region: Cleanup
[2019-12-09T08:14:05.434+0000][1][safepoint    ] Leaving safepoint region
[2019-12-09T08:14:05.434+0000][1][safepoint    ] Total time for which application threads were stopped: 0.0000788 seconds, Stopping threads took: 0.0000174 seconds
[2019-12-09T08:14:06.434+0000][1][safepoint    ] Application time: 1.0000757 seconds
[2019-12-09T08:14:06.434+0000][1][safepoint    ] Entering safepoint region: Cleanup
[2019-12-09T08:14:06.434+0000][1][safepoint    ] Leaving safepoint region
[2019-12-09T08:14:06.434+0000][1][safepoint    ] Total time for which application threads were stopped: 0.0000837 seconds, Stopping threads took: 0.0000180 seconds
[2019-12-09T08:14:07.434+0000][1][safepoint    ] Application time: 1.0000739 seconds
[2019-12-09T08:14:07.434+0000][1][safepoint    ] Entering safepoint region: Cleanup
[2019-12-09T08:14:07.435+0000][1][safepoint    ] Leaving safepoint region
[2019-12-09T08:14:07.435+0000][1][safepoint    ] Total time for which application threads were stopped: 0.0000780 seconds, Stopping threads took: 0.0000163 seconds
[2019-12-09T08:14:08.435+0000][1][safepoint    ] Application time: 1.0000739 seconds
[2019-12-09T08:14:08.435+0000][1][safepoint    ] Entering safepoint region: Cleanup
[2019-12-09T08:14:08.435+0000][1][safepoint    ] Leaving safepoint region
[2019-12-09T08:14:08.435+0000][1][safepoint    ] Total time for which application threads were stopped: 0.0000856 seconds, Stopping threads took: 0.0000213 seconds
[2019-12-09T08:14:09.435+0000][1][safepoint    ] Application time: 1.0000765 seconds
[2019-12-09T08:14:09.435+0000][1][safepoint    ] Entering safepoint region: Cleanup
[2019-12-09T08:14:09.435+0000][1][safepoint    ] Leaving safepoint region
[2019-12-09T08:14:09.435+0000][1][safepoint    ] Total time for which application threads were stopped: 0.0000811 seconds, Stopping threads took: 0.0000151 seconds
[2019-12-09T08:14:10.435+0000][1][safepoint    ] Application time: 1.0000743 seconds
[2019-12-09T08:14:10.435+0000][1][safepoint    ] Entering safepoint region: Cleanup
[2019-12-09T08:14:10.435+0000][1][safepoint    ] Leaving safepoint region
[2019-12-09T08:14:10.435+0000][1][safepoint    ] Total time for which application threads were stopped: 0.0000814 seconds, Stopping threads took: 0.0000173 seconds
[2019-12-09T08:14:11.435+0000][1][safepoint    ] Application time: 1.0000740 seconds
[2019-12-09T08:14:11.435+0000][1][safepoint    ] Entering safepoint region: Cleanup
[2019-12-09T08:14:11.435+0000][1][safepoint    ] Leaving safepoint region
[2019-12-09T08:14:11.435+0000][1][safepoint    ] Total time for which application threads were stopped: 0.0000841 seconds, Stopping threads took: 0.0000231 seconds
[2019-12-09T08:14:12.435+0000][1][safepoint    ] Application time: 1.0000739 seconds
[2019-12-09T08:14:12.435+0000][1][safepoint    ] Entering safepoint region: Cleanup
[2019-12-09T08:14:12.436+0000][1][safepoint    ] Leaving safepoint region
[2019-12-09T08:14:12.436+0000][1][safepoint    ] Total time for which application threads were stopped: 0.0000804 seconds, Stopping threads took: 0.0000175 seconds
[2019-12-09T08:14:13.436+0000][1][safepoint    ] Application time: 1.0000732 seconds
[2019-12-09T08:14:13.436+0000][1][safepoint    ] Entering safepoint region: Cleanup
[2019-12-09T08:14:13.436+0000][1][safepoint    ] Leaving safepoint region
[2019-12-09T08:14:13.436+0000][1][safepoint    ] Total time for which application threads were stopped: 0.0000880 seconds, Stopping threads took: 0.0000165 seconds
[2019-12-09T08:14:14.436+0000][1][safepoint    ] Application time: 1.0000798 seconds
[2019-12-09T08:14:14.436+0000][1][safepoint    ] Entering safepoint region: Cleanup
[2019-12-09T08:14:14.436+0000][1][safepoint    ] Leaving safepoint region
[2019-12-09T08:14:14.436+0000][1][safepoint    ] Total time for which application threads were stopped: 0.0001020 seconds, Stopping threads took: 0.0000219 seconds
[2019-12-09T08:14:15.436+0000][1][safepoint    ] Application time: 1.0000730 seconds
[2019-12-09T08:14:15.436+0000][1][safepoint    ] Entering safepoint region: Cleanup
[2019-12-09T08:14:15.436+0000][1][safepoint    ] Leaving safepoint region
[2019-12-09T08:14:15.436+0000][1][safepoint    ] Total time for which application threads were stopped: 0.0000795 seconds, Stopping threads took: 0.0000181 seconds
[2019-12-09T08:14:16.436+0000][1][safepoint    ] Application time: 1.0000729 seconds
[2019-12-09T08:14:16.436+0000][1][safepoint    ] Entering safepoint region: Cleanup
[2019-12-09T08:14:16.436+0000][1][safepoint    ] Leaving safepoint region
[2019-12-09T08:14:16.436+0000][1][safepoint    ] Total time for which application threads were stopped: 0.0000840 seconds, Stopping threads took: 0.0000192 seconds
[2019-12-09T08:14:16.445+0000][1][safepoint    ] Application time: 0.0091864 seconds
[2019-12-09T08:14:16.445+0000][1][safepoint    ] Entering safepoint region: GenCollectForAllocation
[2019-12-09T08:14:16.446+0000][1][gc,start     ] GC(127) Pause Young (Allocation Failure)
[2019-12-09T08:14:16.446+0000][1][gc,task      ] GC(127) Using 2 workers of 2 for evacuation
[2019-12-09T08:14:16.447+0000][1][gc,age       ] GC(127) Desired survivor size 4456448 bytes, new threshold 6 (max threshold 6)
[2019-12-09T08:14:16.447+0000][1][gc,age       ] GC(127) Age table with threshold 6 (max threshold 6)
[2019-12-09T08:14:16.447+0000][1][gc,age       ] GC(127) - age   1:     754864 bytes,     754864 total
[2019-12-09T08:14:16.447+0000][1][gc,age       ] GC(127) - age   2:        328 bytes,     755192 total
[2019-12-09T08:14:16.447+0000][1][gc,age       ] GC(127) - age   3:        528 bytes,     755720 total
[2019-12-09T08:14:16.447+0000][1][gc,age       ] GC(127) - age   4:        128 bytes,     755848 total
[2019-12-09T08:14:16.447+0000][1][gc,age       ] GC(127) - age   6:       2064 bytes,     757912 total
[2019-12-09T08:14:16.448+0000][1][gc,heap      ] GC(127) ParNew: 70722K->822K(78656K)
[2019-12-09T08:14:16.448+0000][1][gc,heap      ] GC(127) CMS: 70966K->70966K(174784K)
[2019-12-09T08:14:16.448+0000][1][gc,metaspace ] GC(127) Metaspace: 76573K->76573K(1120256K)
[2019-12-09T08:14:16.448+0000][1][gc           ] GC(127) Pause Young (Allocation Failure) 138M->70M(247M) 1.952ms
[2019-12-09T08:14:16.448+0000][1][gc,cpu       ] GC(127) User=0.00s Sys=0.00s Real=0.00s
[2019-12-09T08:14:16.448+0000][1][safepoint    ] Leaving safepoint region
[2019-12-09T08:14:16.448+0000][1][safepoint    ] Total time for which application threads were stopped: 0.0020913 seconds, Stopping threads took: 0.0000154 seconds
[2019-12-09T08:14:17.448+0000][1][safepoint    ] Application time: 1.0000848 seconds
[2019-12-09T08:14:17.448+0000][1][safepoint    ] Entering safepoint region: Cleanup
[2019-12-09T08:14:17.448+0000][1][safepoint    ] Leaving safepoint region
[2019-12-09T08:14:17.448+0000][1][safepoint    ] Total time for which application threads were stopped: 0.0000858 seconds, Stopping threads took: 0.0000215 seconds
[2019-12-09T08:14:18.448+0000][1][safepoint    ] Application time: 1.0000795 seconds
[2019-12-09T08:14:18.448+0000][1][safepoint    ] Entering safepoint region: Cleanup
[2019-12-09T08:14:18.448+0000][1][safepoint    ] Leaving safepoint region
[2019-12-09T08:14:18.448+0000][1][safepoint    ] Total time for which application threads were stopped: 0.0000781 seconds, Stopping threads took: 0.0000164 seconds
[2019-12-09T08:14:19.448+0000][1][safepoint    ] Application time: 1.0000960 seconds
[2019-12-09T08:14:19.448+0000][1][safepoint    ] Entering safepoint region: Cleanup
[2019-12-09T08:14:19.448+0000][1][safepoint    ] Leaving safepoint region
[2019-12-09T08:14:19.448+0000][1][safepoint    ] Total time for which application threads were stopped: 0.0001313 seconds, Stopping threads took: 0.0000512 seconds
[2019-12-09T08:14:20.448+0000][1][safepoint    ] Application time: 1.0000836 seconds
[2019-12-09T08:14:20.448+0000][1][safepoint    ] Entering safepoint region: Cleanup
[2019-12-09T08:14:20.448+0000][1][safepoint    ] Leaving safepoint region
[2019-12-09T08:14:20.448+0000][1][safepoint    ] Total time for which application threads were stopped: 0.0000974 seconds, Stopping threads took: 0.0000172 seconds
[2019-12-09T08:14:21.449+0000][1][safepoint    ] Application time: 1.0000758 seconds
[2019-12-09T08:14:21.449+0000][1][safepoint    ] Entering safepoint region: Cleanup
[2019-12-09T08:14:21.449+0000][1][safepoint    ] Leaving safepoint region
[2019-12-09T08:14:21.449+0000][1][safepoint    ] Total time for which application threads were stopped: 0.0000800 seconds, Stopping threads took: 0.0000158 seconds
[2019-12-09T08:14:23.145+0000][1][safepoint    ] Application time: 1.6965293 seconds
[2019-12-09T08:14:23.145+0000][1][safepoint    ] Entering safepoint region: Cleanup
[2019-12-09T08:14:23.145+0000][1][safepoint    ] Leaving safepoint region
[2019-12-09T08:14:23.145+0000][1][safepoint    ] Total time for which application threads were stopped: 0.0000906 seconds, Stopping threads took: 0.0000189 seconds
[2019-12-09T08:14:24.145+0000][1][safepoint    ] Application time: 1.0000801 seconds
[2019-12-09T08:14:24.145+0000][1][safepoint    ] Entering safepoint region: Cleanup
[2019-12-09T08:14:24.146+0000][1][safepoint    ] Leaving safepoint region
[2019-12-09T08:14:24.146+0000][1][safepoint    ] Total time for which application threads were stopped: 0.0000838 seconds, Stopping threads took: 0.0000178 seconds
[2019-12-09T08:14:25.146+0000][1][safepoint    ] Application time: 1.0000758 seconds
[2019-12-09T08:14:25.146+0000][1][safepoint    ] Entering safepoint region: Cleanup
[2019-12-09T08:14:25.146+0000][1][safepoint    ] Leaving safepoint region
[2019-12-09T08:14:25.146+0000][1][safepoint    ] Total time for which application threads were stopped: 0.0000961 seconds, Stopping threads took: 0.0000181 seconds
[2019-12-09T08:14:26.146+0000][1][safepoint    ] Application time: 1.0000748 seconds
[2019-12-09T08:14:26.146+0000][1][safepoint    ] Entering safepoint region: Cleanup
[2019-12-09T08:14:26.146+0000][1][safepoint    ] Leaving safepoint region
[2019-12-09T08:14:26.146+0000][1][safepoint    ] Total time for which application threads were stopped: 0.0000894 seconds, Stopping threads took: 0.0000207 seconds
[2019-12-09T08:14:27.146+0000][1][safepoint    ] Application time: 1.0000771 seconds
[2019-12-09T08:14:27.146+0000][1][safepoint    ] Entering safepoint region: Cleanup
[2019-12-09T08:14:27.146+0000][1][safepoint    ] Leaving safepoint region
[2019-12-09T08:14:27.146+0000][1][safepoint    ] Total time for which application threads were stopped: 0.0000875 seconds, Stopping threads took: 0.0000199 seconds
[2019-12-09T08:14:28.146+0000][1][safepoint    ] Application time: 1.0000750 seconds
[2019-12-09T08:14:28.146+0000][1][safepoint    ] Entering safepoint region: Cleanup
[2019-12-09T08:14:28.146+0000][1][safepoint    ] Leaving safepoint region
[2019-12-09T08:14:28.146+0000][1][safepoint    ] Total time for which application threads were stopped: 0.0000859 seconds, Stopping threads took: 0.0000194 seconds
[2019-12-09T08:14:29.146+0000][1][safepoint    ] Application time: 1.0000751 seconds
[2019-12-09T08:14:29.146+0000][1][safepoint    ] Entering safepoint region: Cleanup
[2019-12-09T08:14:29.147+0000][1][safepoint    ] Leaving safepoint region
[2019-12-09T08:14:29.147+0000][1][safepoint    ] Total time for which application threads were stopped: 0.0000858 seconds, Stopping threads took: 0.0000192 seconds
[2019-12-09T08:14:30.147+0000][1][safepoint    ] Application time: 1.0000757 seconds
[2019-12-09T08:14:30.147+0000][1][safepoint    ] Entering safepoint region: Cleanup
[2019-12-09T08:14:30.147+0000][1][safepoint    ] Leaving safepoint region
[2019-12-09T08:14:30.147+0000][1][safepoint    ] Total time for which application threads were stopped: 0.0000854 seconds, Stopping threads took: 0.0000182 seconds
[2019-12-09T08:14:31.147+0000][1][safepoint    ] Application time: 1.0000738 seconds
[2019-12-09T08:14:31.147+0000][1][safepoint    ] Entering safepoint region: Cleanup
[2019-12-09T08:14:31.147+0000][1][safepoint    ] Leaving safepoint region
[2019-12-09T08:14:31.147+0000][1][safepoint    ] Total time for which application threads were stopped: 0.0000876 seconds, Stopping threads took: 0.0000192 seconds
[2019-12-09T08:14:32.147+0000][1][safepoint    ] Application time: 1.0000773 seconds
[2019-12-09T08:14:32.147+0000][1][safepoint    ] Entering safepoint region: Cleanup
[2019-12-09T08:14:32.147+0000][1][safepoint    ] Leaving safepoint region
[2019-12-09T08:14:32.147+0000][1][safepoint    ] Total time for which application threads were stopped: 0.0000855 seconds, Stopping threads took: 0.0000187 seconds
[2019-12-09T08:14:33.147+0000][1][safepoint    ] Application time: 1.0000299 seconds
[2019-12-09T08:14:33.147+0000][1][safepoint    ] Entering safepoint region: Cleanup
[2019-12-09T08:14:33.147+0000][1][safepoint    ] Leaving safepoint region
[2019-12-09T08:14:33.147+0000][1][safepoint    ] Total time for which application threads were stopped: 0.0000868 seconds, Stopping threads took: 0.0000195 seconds
[2019-12-09T08:14:34.147+0000][1][safepoint    ] Application time: 1.0000751 seconds
[2019-12-09T08:14:34.147+0000][1][safepoint    ] Entering safepoint region: Cleanup
[2019-12-09T08:14:34.148+0000][1][safepoint    ] Leaving safepoint region
[2019-12-09T08:14:34.148+0000][1][safepoint    ] Total time for which application threads were stopped: 0.0000848 seconds, Stopping threads took: 0.0000190 seconds
[2019-12-09T08:14:35.148+0000][1][safepoint    ] Application time: 1.0000783 seconds
[2019-12-09T08:14:35.148+0000][1][safepoint    ] Entering safepoint region: Cleanup
[2019-12-09T08:14:35.148+0000][1][safepoint    ] Leaving safepoint region
[2019-12-09T08:14:35.148+0000][1][safepoint    ] Total time for which application threads were stopped: 0.0000899 seconds, Stopping threads took: 0.0000205 seconds
[2019-12-09T08:14:36.148+0000][1][safepoint    ] Application time: 1.0000790 seconds
[2019-12-09T08:14:36.148+0000][1][safepoint    ] Entering safepoint region: Cleanup
[2019-12-09T08:14:36.148+0000][1][safepoint    ] Leaving safepoint region
[2019-12-09T08:14:36.148+0000][1][safepoint    ] Total time for which application threads were stopped: 0.0000968 seconds, Stopping threads took: 0.0000300 seconds
[2019-12-09T08:14:37.148+0000][1][safepoint    ] Application time: 1.0000762 seconds
[2019-12-09T08:14:37.148+0000][1][safepoint    ] Entering safepoint region: Cleanup
[2019-12-09T08:14:37.148+0000][1][safepoint    ] Leaving safepoint region
[2019-12-09T08:14:37.148+0000][1][safepoint    ] Total time for which application threads were stopped: 0.0000855 seconds, Stopping threads took: 0.0000192 seconds
[2019-12-09T08:14:38.148+0000][1][safepoint    ] Application time: 1.0000764 seconds
[2019-12-09T08:14:38.148+0000][1][safepoint    ] Entering safepoint region: Cleanup
[2019-12-09T08:14:38.148+0000][1][safepoint    ] Leaving safepoint region
[2019-12-09T08:14:38.148+0000][1][safepoint    ] Total time for which application threads were stopped: 0.0000873 seconds, Stopping threads took: 0.0000205 seconds
[2019-12-09T08:14:39.455+0000][1][safepoint    ] Application time: 1.3063577 seconds
[2019-12-09T08:14:39.455+0000][1][safepoint    ] Entering safepoint region: Cleanup
[2019-12-09T08:14:39.455+0000][1][safepoint    ] Leaving safepoint region
[2019-12-09T08:14:39.455+0000][1][safepoint    ] Total time for which application threads were stopped: 0.0000779 seconds, Stopping threads took: 0.0000167 seconds
[2019-12-09T08:14:40.455+0000][1][safepoint    ] Application time: 1.0000737 seconds
[2019-12-09T08:14:40.455+0000][1][safepoint    ] Entering safepoint region: Cleanup
[2019-12-09T08:14:40.455+0000][1][safepoint    ] Leaving safepoint region
[2019-12-09T08:14:40.455+0000][1][safepoint    ] Total time for which application threads were stopped: 0.0000805 seconds, Stopping threads took: 0.0000186 seconds
[2019-12-09T08:14:41.455+0000][1][safepoint    ] Application time: 1.0000736 seconds
[2019-12-09T08:14:41.455+0000][1][safepoint    ] Entering safepoint region: Cleanup
[2019-12-09T08:14:41.455+0000][1][safepoint    ] Leaving safepoint region
[2019-12-09T08:14:41.455+0000][1][safepoint    ] Total time for which application threads were stopped: 0.0000887 seconds, Stopping threads took: 0.0000244 seconds
[2019-12-09T08:14:42.455+0000][1][safepoint    ] Application time: 1.0000893 seconds
[2019-12-09T08:14:42.455+0000][1][safepoint    ] Entering safepoint region: Cleanup
[2019-12-09T08:14:42.455+0000][1][safepoint    ] Leaving safepoint region
[2019-12-09T08:14:42.455+0000][1][safepoint    ] Total time for which application threads were stopped: 0.0000818 seconds, Stopping threads took: 0.0000164 seconds
[2019-12-09T08:14:43.456+0000][1][safepoint    ] Application time: 1.0000794 seconds
[2019-12-09T08:14:43.456+0000][1][safepoint    ] Entering safepoint region: Cleanup
[2019-12-09T08:14:43.456+0000][1][safepoint    ] Leaving safepoint region
[2019-12-09T08:14:43.456+0000][1][safepoint    ] Total time for which application threads were stopped: 0.0000816 seconds, Stopping threads took: 0.0000179 seconds
[2019-12-09T08:14:44.456+0000][1][safepoint    ] Application time: 1.0001095 seconds
[2019-12-09T08:14:44.456+0000][1][safepoint    ] Entering safepoint region: Cleanup
[2019-12-09T08:14:44.456+0000][1][safepoint    ] Leaving safepoint region
[2019-12-09T08:14:44.456+0000][1][safepoint    ] Total time for which application threads were stopped: 0.0000836 seconds, Stopping threads took: 0.0000184 seconds
[2019-12-09T08:14:45.456+0000][1][safepoint    ] Application time: 1.0000900 seconds
[2019-12-09T08:14:45.456+0000][1][safepoint    ] Entering safepoint region: Cleanup
[2019-12-09T08:14:45.456+0000][1][safepoint    ] Leaving safepoint region
[2019-12-09T08:14:45.456+0000][1][safepoint    ] Total time for which application threads were stopped: 0.0000896 seconds, Stopping threads took: 0.0000236 seconds
[2019-12-09T08:14:46.456+0000][1][safepoint    ] Application time: 1.0000814 seconds
[2019-12-09T08:14:46.456+0000][1][safepoint    ] Entering safepoint region: Cleanup
[2019-12-09T08:14:46.456+0000][1][safepoint    ] Leaving safepoint region
[2019-12-09T08:14:46.456+0000][1][safepoint    ] Total time for which application threads were stopped: 0.0000922 seconds, Stopping threads took: 0.0000289 seconds
[2019-12-09T08:14:47.456+0000][1][safepoint    ] Application time: 1.0000737 seconds
[2019-12-09T08:14:47.456+0000][1][safepoint    ] Entering safepoint region: Cleanup
[2019-12-09T08:14:47.456+0000][1][safepoint    ] Leaving safepoint region
[2019-12-09T08:14:47.456+0000][1][safepoint    ] Total time for which application threads were stopped: 0.0000778 seconds, Stopping threads took: 0.0000173 seconds
[2019-12-09T08:14:48.457+0000][1][safepoint    ] Application time: 1.0000706 seconds
[2019-12-09T08:14:48.457+0000][1][safepoint    ] Entering safepoint region: Cleanup
[2019-12-09T08:14:48.457+0000][1][safepoint    ] Leaving safepoint region
[2019-12-09T08:14:48.457+0000][1][safepoint    ] Total time for which application threads were stopped: 0.0000789 seconds, Stopping threads took: 0.0000176 seconds
[2019-12-09T08:14:49.457+0000][1][safepoint    ] Application time: 1.0000734 seconds
[2019-12-09T08:14:49.457+0000][1][safepoint    ] Entering safepoint region: Cleanup
[2019-12-09T08:14:49.457+0000][1][safepoint    ] Leaving safepoint region
[2019-12-09T08:14:49.457+0000][1][safepoint    ] Total time for which application threads were stopped: 0.0000805 seconds, Stopping threads took: 0.0000187 seconds
[2019-12-09T08:14:50.457+0000][1][safepoint    ] Application time: 1.0000728 seconds
[2019-12-09T08:14:50.457+0000][1][safepoint    ] Entering safepoint region: Cleanup
[2019-12-09T08:14:50.457+0000][1][safepoint    ] Leaving safepoint region
[2019-12-09T08:14:50.457+0000][1][safepoint    ] Total time for which application threads were stopped: 0.0000808 seconds, Stopping threads took: 0.0000183 seconds
[2019-12-09T08:14:51.457+0000][1][safepoint    ] Application time: 1.0000755 seconds
[2019-12-09T08:14:51.457+0000][1][safepoint    ] Entering safepoint region: Cleanup
[2019-12-09T08:14:51.457+0000][1][safepoint    ] Leaving safepoint region
[2019-12-09T08:14:51.457+0000][1][safepoint    ] Total time for which application threads were stopped: 0.0000816 seconds, Stopping threads took: 0.0000169 seconds
[2019-12-09T08:14:52.457+0000][1][safepoint    ] Application time: 1.0000741 seconds
[2019-12-09T08:14:52.457+0000][1][safepoint    ] Entering safepoint region: Cleanup
[2019-12-09T08:14:52.457+0000][1][safepoint    ] Leaving safepoint region
[2019-12-09T08:14:52.457+0000][1][safepoint    ] Total time for which application threads were stopped: 0.0000810 seconds, Stopping threads took: 0.0000188 seconds
[2019-12-09T08:14:53.457+0000][1][safepoint    ] Application time: 1.0000739 seconds
[2019-12-09T08:14:53.458+0000][1][safepoint    ] Entering safepoint region: Cleanup
[2019-12-09T08:14:53.458+0000][1][safepoint    ] Leaving safepoint region
[2019-12-09T08:14:53.458+0000][1][safepoint    ] Total time for which application threads were stopped: 0.0000892 seconds, Stopping threads took: 0.0000202 seconds
[2019-12-09T08:14:54.458+0000][1][safepoint    ] Application time: 1.0000746 seconds
[2019-12-09T08:14:54.458+0000][1][safepoint    ] Entering safepoint region: Cleanup
[2019-12-09T08:14:54.458+0000][1][safepoint    ] Leaving safepoint region
[2019-12-09T08:14:54.458+0000][1][safepoint    ] Total time for which application threads were stopped: 0.0000843 seconds, Stopping threads took: 0.0000190 seconds
[2019-12-09T08:14:56.191+0000][1][safepoint    ] Application time: 1.7328536 seconds
[2019-12-09T08:14:56.191+0000][1][safepoint    ] Entering safepoint region: Cleanup
[2019-12-09T08:14:56.191+0000][1][safepoint    ] Leaving safepoint region
[2019-12-09T08:14:56.191+0000][1][safepoint    ] Total time for which application threads were stopped: 0.0001053 seconds, Stopping threads took: 0.0000345 seconds
[2019-12-09T08:14:57.191+0000][1][safepoint    ] Application time: 1.0000775 seconds
[2019-12-09T08:14:57.191+0000][1][safepoint    ] Entering safepoint region: Cleanup
[2019-12-09T08:14:57.191+0000][1][safepoint    ] Leaving safepoint region
[2019-12-09T08:14:57.191+0000][1][safepoint    ] Total time for which application threads were stopped: 0.0000947 seconds, Stopping threads took: 0.0000273 seconds
[2019-12-09T08:14:57.414+0000][1][safepoint    ] Application time: 0.2225223 seconds
[2019-12-09T08:14:57.414+0000][1][safepoint    ] Entering safepoint region: GenCollectForAllocation
[2019-12-09T08:14:57.414+0000][1][gc,start     ] GC(128) Pause Young (Allocation Failure)
[2019-12-09T08:14:57.414+0000][1][gc,task      ] GC(128) Using 2 workers of 2 for evacuation
[2019-12-09T08:14:57.416+0000][1][gc,age       ] GC(128) Desired survivor size 4456448 bytes, new threshold 6 (max threshold 6)
[2019-12-09T08:14:57.416+0000][1][gc,age       ] GC(128) Age table with threshold 6 (max threshold 6)
[2019-12-09T08:14:57.416+0000][1][gc,age       ] GC(128) - age   1:     755728 bytes,     755728 total
[2019-12-09T08:14:57.416+0000][1][gc,age       ] GC(128) - age   3:        328 bytes,     756056 total
[2019-12-09T08:14:57.416+0000][1][gc,age       ] GC(128) - age   4:        528 bytes,     756584 total
[2019-12-09T08:14:57.416+0000][1][gc,age       ] GC(128) - age   5:        128 bytes,     756712 total
[2019-12-09T08:14:57.416+0000][1][gc,heap      ] GC(128) ParNew: 70774K->822K(78656K)
[2019-12-09T08:14:57.416+0000][1][gc,heap      ] GC(128) CMS: 70966K->70968K(174784K)
[2019-12-09T08:14:57.416+0000][1][gc,metaspace ] GC(128) Metaspace: 76573K->76573K(1120256K)
[2019-12-09T08:14:57.416+0000][1][gc           ] GC(128) Pause Young (Allocation Failure) 138M->70M(247M) 1.930ms
[2019-12-09T08:14:57.416+0000][1][gc,cpu       ] GC(128) User=0.01s Sys=0.00s Real=0.01s
[2019-12-09T08:14:57.416+0000][1][safepoint    ] Leaving safepoint region
[2019-12-09T08:14:57.416+0000][1][safepoint    ] Total time for which application threads were stopped: 0.0021347 seconds, Stopping threads took: 0.0000170 seconds
[2019-12-09T08:14:58.416+0000][1][safepoint    ] Application time: 1.0000856 seconds
[2019-12-09T08:14:58.416+0000][1][safepoint    ] Entering safepoint region: Cleanup
[2019-12-09T08:14:58.416+0000][1][safepoint    ] Leaving safepoint region
[2019-12-09T08:14:58.416+0000][1][safepoint    ] Total time for which application threads were stopped: 0.0000873 seconds, Stopping threads took: 0.0000185 seconds
[2019-12-09T08:14:59.416+0000][1][safepoint    ] Application time: 1.0000782 seconds
[2019-12-09T08:14:59.416+0000][1][safepoint    ] Entering safepoint region: Cleanup
[2019-12-09T08:14:59.416+0000][1][safepoint    ] Leaving safepoint region
[2019-12-09T08:14:59.416+0000][1][safepoint    ] Total time for which application threads were stopped: 0.0000874 seconds, Stopping threads took: 0.0000192 seconds
[2019-12-09T08:15:00.416+0000][1][safepoint    ] Application time: 1.0000752 seconds
[2019-12-09T08:15:00.416+0000][1][safepoint    ] Entering safepoint region: Cleanup
[2019-12-09T08:15:00.416+0000][1][safepoint    ] Leaving safepoint region
[2019-12-09T08:15:00.416+0000][1][safepoint    ] Total time for which application threads were stopped: 0.0000943 seconds, Stopping threads took: 0.0000204 seconds
[2019-12-09T08:15:01.416+0000][1][safepoint    ] Application time: 1.0000819 seconds
[2019-12-09T08:15:01.416+0000][1][safepoint    ] Entering safepoint region: Cleanup
[2019-12-09T08:15:01.417+0000][1][safepoint    ] Leaving safepoint region
[2019-12-09T08:15:01.417+0000][1][safepoint    ] Total time for which application threads were stopped: 0.0001156 seconds, Stopping threads took: 0.0000256 seconds
[2019-12-09T08:15:02.417+0000][1][safepoint    ] Application time: 1.0001038 seconds
[2019-12-09T08:15:02.417+0000][1][safepoint    ] Entering safepoint region: Cleanup
[2019-12-09T08:15:02.417+0000][1][safepoint    ] Leaving safepoint region
[2019-12-09T08:15:02.417+0000][1][safepoint    ] Total time for which application threads were stopped: 0.0001221 seconds, Stopping threads took: 0.0000463 seconds
[2019-12-09T08:15:03.417+0000][1][safepoint    ] Application time: 1.0000838 seconds
[2019-12-09T08:15:03.417+0000][1][safepoint    ] Entering safepoint region: Cleanup
[2019-12-09T08:15:03.417+0000][1][safepoint    ] Leaving safepoint region
[2019-12-09T08:15:03.417+0000][1][safepoint    ] Total time for which application threads were stopped: 0.0000854 seconds, Stopping threads took: 0.0000193 seconds
[2019-12-09T08:15:04.417+0000][1][safepoint    ] Application time: 1.0000748 seconds
[2019-12-09T08:15:04.417+0000][1][safepoint    ] Entering safepoint region: Cleanup
[2019-12-09T08:15:04.417+0000][1][safepoint    ] Leaving safepoint region
[2019-12-09T08:15:04.417+0000][1][safepoint    ] Total time for which application threads were stopped: 0.0000855 seconds, Stopping threads took: 0.0000193 seconds
[2019-12-09T08:15:05.417+0000][1][safepoint    ] Application time: 1.0000767 seconds
[2019-12-09T08:15:05.417+0000][1][safepoint    ] Entering safepoint region: Cleanup
[2019-12-09T08:15:05.417+0000][1][safepoint    ] Leaving safepoint region
[2019-12-09T08:15:05.418+0000][1][safepoint    ] Total time for which application threads were stopped: 0.0000838 seconds, Stopping threads took: 0.0000190 seconds
[2019-12-09T08:15:06.418+0000][1][safepoint    ] Application time: 1.0000755 seconds
[2019-12-09T08:15:06.418+0000][1][safepoint    ] Entering safepoint region: Cleanup
[2019-12-09T08:15:06.418+0000][1][safepoint    ] Leaving safepoint region
[2019-12-09T08:15:06.418+0000][1][safepoint    ] Total time for which application threads were stopped: 0.0000969 seconds, Stopping threads took: 0.0000193 seconds
[2019-12-09T08:15:07.418+0000][1][safepoint    ] Application time: 1.0000742 seconds
[2019-12-09T08:15:07.418+0000][1][safepoint    ] Entering safepoint region: Cleanup
[2019-12-09T08:15:07.418+0000][1][safepoint    ] Leaving safepoint region
[2019-12-09T08:15:07.418+0000][1][safepoint    ] Total time for which application threads were stopped: 0.0000875 seconds, Stopping threads took: 0.0000191 seconds
[2019-12-09T08:15:08.418+0000][1][safepoint    ] Application time: 1.0000747 seconds
[2019-12-09T08:15:08.418+0000][1][safepoint    ] Entering safepoint region: Cleanup
[2019-12-09T08:15:08.418+0000][1][safepoint    ] Leaving safepoint region
[2019-12-09T08:15:08.418+0000][1][safepoint    ] Total time for which application threads were stopped: 0.0000868 seconds, Stopping threads took: 0.0000197 seconds
[2019-12-09T08:15:09.418+0000][1][safepoint    ] Application time: 1.0000747 seconds
[2019-12-09T08:15:09.418+0000][1][safepoint    ] Entering safepoint region: Cleanup
[2019-12-09T08:15:09.418+0000][1][safepoint    ] Leaving safepoint region
[2019-12-09T08:15:09.418+0000][1][safepoint    ] Total time for which application threads were stopped: 0.0000897 seconds, Stopping threads took: 0.0000205 seconds
[2019-12-09T08:15:10.418+0000][1][safepoint    ] Application time: 1.0000767 seconds
[2019-12-09T08:15:10.418+0000][1][safepoint    ] Entering safepoint region: Cleanup
[2019-12-09T08:15:10.419+0000][1][safepoint    ] Leaving safepoint region
[2019-12-09T08:15:10.419+0000][1][safepoint    ] Total time for which application threads were stopped: 0.0000853 seconds, Stopping threads took: 0.0000179 seconds
[2019-12-09T08:15:11.419+0000][1][safepoint    ] Application time: 1.0000749 seconds
[2019-12-09T08:15:11.419+0000][1][safepoint    ] Entering safepoint region: Cleanup
[2019-12-09T08:15:11.419+0000][1][safepoint    ] Leaving safepoint region
[2019-12-09T08:15:11.419+0000][1][safepoint    ] Total time for which application threads were stopped: 0.0001125 seconds, Stopping threads took: 0.0000429 seconds
[2019-12-09T08:15:12.419+0000][1][safepoint    ] Application time: 1.0000740 seconds
[2019-12-09T08:15:12.419+0000][1][safepoint    ] Entering safepoint region: Cleanup
[2019-12-09T08:15:12.419+0000][1][safepoint    ] Leaving safepoint region
[2019-12-09T08:15:12.419+0000][1][safepoint    ] Total time for which application threads were stopped: 0.0000905 seconds, Stopping threads took: 0.0000176 seconds
[2019-12-09T08:15:13.419+0000][1][safepoint    ] Application time: 1.0000764 seconds
[2019-12-09T08:15:13.419+0000][1][safepoint    ] Entering safepoint region: Cleanup
[2019-12-09T08:15:13.419+0000][1][safepoint    ] Leaving safepoint region
[2019-12-09T08:15:13.419+0000][1][safepoint    ] Total time for which application threads were stopped: 0.0000933 seconds, Stopping threads took: 0.0000269 seconds
[2019-12-09T08:15:14.419+0000][1][safepoint    ] Application time: 1.0000764 seconds
[2019-12-09T08:15:14.419+0000][1][safepoint    ] Entering safepoint region: Cleanup
[2019-12-09T08:15:14.419+0000][1][safepoint    ] Leaving safepoint region
[2019-12-09T08:15:14.419+0000][1][safepoint    ] Total time for which application threads were stopped: 0.0000947 seconds, Stopping threads took: 0.0000183 seconds
[2019-12-09T08:15:15.419+0000][1][safepoint    ] Application time: 1.0000751 seconds
[2019-12-09T08:15:15.420+0000][1][safepoint    ] Entering safepoint region: Cleanup
[2019-12-09T08:15:15.420+0000][1][safepoint    ] Leaving safepoint region
[2019-12-09T08:15:15.420+0000][1][safepoint    ] Total time for which application threads were stopped: 0.0000888 seconds, Stopping threads took: 0.0000197 seconds
[2019-12-09T08:15:16.420+0000][1][safepoint    ] Application time: 1.0000764 seconds
[2019-12-09T08:15:16.420+0000][1][safepoint    ] Entering safepoint region: Cleanup
[2019-12-09T08:15:16.420+0000][1][safepoint    ] Leaving safepoint region
[2019-12-09T08:15:16.420+0000][1][safepoint    ] Total time for which application threads were stopped: 0.0000900 seconds, Stopping threads took: 0.0000210 seconds
[2019-12-09T08:15:17.420+0000][1][safepoint    ] Application time: 1.0000739 seconds
[2019-12-09T08:15:17.420+0000][1][safepoint    ] Entering safepoint region: Cleanup
[2019-12-09T08:15:17.420+0000][1][safepoint    ] Leaving safepoint region
[2019-12-09T08:15:17.420+0000][1][safepoint    ] Total time for which application threads were stopped: 0.0000861 seconds, Stopping threads took: 0.0000189 seconds
[2019-12-09T08:15:18.420+0000][1][safepoint    ] Application time: 1.0000745 seconds
[2019-12-09T08:15:18.420+0000][1][safepoint    ] Entering safepoint region: Cleanup
[2019-12-09T08:15:18.420+0000][1][safepoint    ] Leaving safepoint region
[2019-12-09T08:15:18.420+0000][1][safepoint    ] Total time for which application threads were stopped: 0.0000873 seconds, Stopping threads took: 0.0000202 seconds
[2019-12-09T08:15:19.420+0000][1][safepoint    ] Application time: 1.0000747 seconds
[2019-12-09T08:15:19.420+0000][1][safepoint    ] Entering safepoint region: Cleanup
[2019-12-09T08:15:19.420+0000][1][safepoint    ] Leaving safepoint region
[2019-12-09T08:15:19.420+0000][1][safepoint    ] Total time for which application threads were stopped: 0.0000853 seconds, Stopping threads took: 0.0000178 seconds
[2019-12-09T08:15:20.421+0000][1][safepoint    ] Application time: 1.0000754 seconds
[2019-12-09T08:15:20.421+0000][1][safepoint    ] Entering safepoint region: Cleanup
[2019-12-09T08:15:20.421+0000][1][safepoint    ] Leaving safepoint region
[2019-12-09T08:15:20.421+0000][1][safepoint    ] Total time for which application threads were stopped: 0.0000876 seconds, Stopping threads took: 0.0000197 seconds
[2019-12-09T08:15:21.421+0000][1][safepoint    ] Application time: 1.0000737 seconds
[2019-12-09T08:15:21.421+0000][1][safepoint    ] Entering safepoint region: Cleanup
[2019-12-09T08:15:21.421+0000][1][safepoint    ] Leaving safepoint region
[2019-12-09T08:15:21.421+0000][1][safepoint    ] Total time for which application threads were stopped: 0.0000860 seconds, Stopping threads took: 0.0000172 seconds
[2019-12-09T08:15:22.421+0000][1][safepoint    ] Application time: 1.0000730 seconds
[2019-12-09T08:15:22.421+0000][1][safepoint    ] Entering safepoint region: Cleanup
[2019-12-09T08:15:22.421+0000][1][safepoint    ] Leaving safepoint region
[2019-12-09T08:15:22.421+0000][1][safepoint    ] Total time for which application threads were stopped: 0.0000895 seconds, Stopping threads took: 0.0000207 seconds
[2019-12-09T08:15:23.421+0000][1][safepoint    ] Application time: 1.0000746 seconds
[2019-12-09T08:15:23.421+0000][1][safepoint    ] Entering safepoint region: Cleanup
[2019-12-09T08:15:23.421+0000][1][safepoint    ] Leaving safepoint region
[2019-12-09T08:15:23.421+0000][1][safepoint    ] Total time for which application threads were stopped: 0.0001090 seconds, Stopping threads took: 0.0000268 seconds
[2019-12-09T08:15:24.421+0000][1][safepoint    ] Application time: 1.0000742 seconds
[2019-12-09T08:15:24.421+0000][1][safepoint    ] Entering safepoint region: Cleanup
[2019-12-09T08:15:24.421+0000][1][safepoint    ] Leaving safepoint region
[2019-12-09T08:15:24.421+0000][1][safepoint    ] Total time for which application threads were stopped: 0.0000843 seconds, Stopping threads took: 0.0000185 seconds
[2019-12-09T08:15:25.422+0000][1][safepoint    ] Application time: 1.0000754 seconds
[2019-12-09T08:15:25.422+0000][1][safepoint    ] Entering safepoint region: Cleanup
[2019-12-09T08:15:25.422+0000][1][safepoint    ] Leaving safepoint region
[2019-12-09T08:15:25.422+0000][1][safepoint    ] Total time for which application threads were stopped: 0.0001050 seconds, Stopping threads took: 0.0000210 seconds
[2019-12-09T08:15:26.422+0000][1][safepoint    ] Application time: 1.0000766 seconds
[2019-12-09T08:15:26.422+0000][1][safepoint    ] Entering safepoint region: Cleanup
[2019-12-09T08:15:26.422+0000][1][safepoint    ] Leaving safepoint region
[2019-12-09T08:15:26.422+0000][1][safepoint    ] Total time for which application threads were stopped: 0.0000869 seconds, Stopping threads took: 0.0000198 seconds
[2019-12-09T08:15:27.422+0000][1][safepoint    ] Application time: 1.0000755 seconds
[2019-12-09T08:15:27.422+0000][1][safepoint    ] Entering safepoint region: Cleanup
[2019-12-09T08:15:27.422+0000][1][safepoint    ] Leaving safepoint region
[2019-12-09T08:15:27.422+0000][1][safepoint    ] Total time for which application threads were stopped: 0.0000879 seconds, Stopping threads took: 0.0000188 seconds
[2019-12-09T08:15:28.422+0000][1][safepoint    ] Application time: 1.0000766 seconds
[2019-12-09T08:15:28.422+0000][1][safepoint    ] Entering safepoint region: Cleanup
[2019-12-09T08:15:28.422+0000][1][safepoint    ] Leaving safepoint region
[2019-12-09T08:15:28.422+0000][1][safepoint    ] Total time for which application threads were stopped: 0.0000935 seconds, Stopping threads took: 0.0000207 seconds
[2019-12-09T08:15:29.422+0000][1][safepoint    ] Application time: 1.0000758 seconds
[2019-12-09T08:15:29.422+0000][1][safepoint    ] Entering safepoint region: Cleanup
[2019-12-09T08:15:29.423+0000][1][safepoint    ] Leaving safepoint region
[2019-12-09T08:15:29.423+0000][1][safepoint    ] Total time for which application threads were stopped: 0.0000872 seconds, Stopping threads took: 0.0000197 seconds
[2019-12-09T08:15:30.423+0000][1][safepoint    ] Application time: 1.0000783 seconds
[2019-12-09T08:15:30.423+0000][1][safepoint    ] Entering safepoint region: Cleanup
[2019-12-09T08:15:30.423+0000][1][safepoint    ] Leaving safepoint region
[2019-12-09T08:15:30.423+0000][1][safepoint    ] Total time for which application threads were stopped: 0.0000884 seconds, Stopping threads took: 0.0000206 seconds
[2019-12-09T08:15:31.423+0000][1][safepoint    ] Application time: 1.0000753 seconds
[2019-12-09T08:15:31.423+0000][1][safepoint    ] Entering safepoint region: Cleanup
[2019-12-09T08:15:31.423+0000][1][safepoint    ] Leaving safepoint region
[2019-12-09T08:15:31.423+0000][1][safepoint    ] Total time for which application threads were stopped: 0.0000869 seconds, Stopping threads took: 0.0000190 seconds
[2019-12-09T08:15:32.423+0000][1][safepoint    ] Application time: 1.0000770 seconds
[2019-12-09T08:15:32.423+0000][1][safepoint    ] Entering safepoint region: Cleanup
[2019-12-09T08:15:32.423+0000][1][safepoint    ] Leaving safepoint region
[2019-12-09T08:15:32.423+0000][1][safepoint    ] Total time for which application threads were stopped: 0.0000857 seconds, Stopping threads took: 0.0000188 seconds
[2019-12-09T08:15:33.423+0000][1][safepoint    ] Application time: 1.0000750 seconds
[2019-12-09T08:15:33.423+0000][1][safepoint    ] Entering safepoint region: Cleanup
[2019-12-09T08:15:33.423+0000][1][safepoint    ] Leaving safepoint region
[2019-12-09T08:15:33.423+0000][1][safepoint    ] Total time for which application threads were stopped: 0.0000955 seconds, Stopping threads took: 0.0000286 seconds
[2019-12-09T08:15:34.424+0000][1][safepoint    ] Application time: 1.0000789 seconds
[2019-12-09T08:15:34.424+0000][1][safepoint    ] Entering safepoint region: Cleanup
[2019-12-09T08:15:34.424+0000][1][safepoint    ] Leaving safepoint region
[2019-12-09T08:15:34.424+0000][1][safepoint    ] Total time for which application threads were stopped: 0.0000880 seconds, Stopping threads took: 0.0000194 seconds
[2019-12-09T08:15:35.424+0000][1][safepoint    ] Application time: 1.0000752 seconds
[2019-12-09T08:15:35.424+0000][1][safepoint    ] Entering safepoint region: Cleanup
[2019-12-09T08:15:35.424+0000][1][safepoint    ] Leaving safepoint region
[2019-12-09T08:15:35.424+0000][1][safepoint    ] Total time for which application threads were stopped: 0.0000875 seconds, Stopping threads took: 0.0000193 seconds
[2019-12-09T08:15:36.424+0000][1][safepoint    ] Application time: 1.0000764 seconds
[2019-12-09T08:15:36.424+0000][1][safepoint    ] Entering safepoint region: Cleanup
[2019-12-09T08:15:36.424+0000][1][safepoint    ] Leaving safepoint region
[2019-12-09T08:15:36.424+0000][1][safepoint    ] Total time for which application threads were stopped: 0.0000873 seconds, Stopping threads took: 0.0000205 seconds
[2019-12-09T08:15:37.424+0000][1][safepoint    ] Application time: 1.0000755 seconds
[2019-12-09T08:15:37.424+0000][1][safepoint    ] Entering safepoint region: Cleanup
[2019-12-09T08:15:37.424+0000][1][safepoint    ] Leaving safepoint region
[2019-12-09T08:15:37.424+0000][1][safepoint    ] Total time for which application threads were stopped: 0.0000863 seconds, Stopping threads took: 0.0000200 seconds
[2019-12-09T08:15:38.424+0000][1][safepoint    ] Application time: 1.0000772 seconds
[2019-12-09T08:15:38.424+0000][1][safepoint    ] Entering safepoint region: Cleanup
[2019-12-09T08:15:38.424+0000][1][safepoint    ] Leaving safepoint region
[2019-12-09T08:15:38.424+0000][1][safepoint    ] Total time for which application threads were stopped: 0.0000844 seconds, Stopping threads took: 0.0000178 seconds
[2019-12-09T08:15:39.425+0000][1][safepoint    ] Application time: 1.0000760 seconds
[2019-12-09T08:15:39.425+0000][1][safepoint    ] Entering safepoint region: Cleanup
[2019-12-09T08:15:39.425+0000][1][safepoint    ] Leaving safepoint region
[2019-12-09T08:15:39.425+0000][1][safepoint    ] Total time for which application threads were stopped: 0.0000855 seconds, Stopping threads took: 0.0000188 seconds
[2019-12-09T08:15:40.425+0000][1][safepoint    ] Application time: 1.0000766 seconds
[2019-12-09T08:15:40.425+0000][1][safepoint    ] Entering safepoint region: Cleanup
[2019-12-09T08:15:40.425+0000][1][safepoint    ] Leaving safepoint region
[2019-12-09T08:15:40.425+0000][1][safepoint    ] Total time for which application threads were stopped: 0.0000843 seconds, Stopping threads took: 0.0000176 seconds
[2019-12-09T08:15:41.425+0000][1][safepoint    ] Application time: 1.0000746 seconds
[2019-12-09T08:15:41.425+0000][1][safepoint    ] Entering safepoint region: Cleanup
[2019-12-09T08:15:41.425+0000][1][safepoint    ] Leaving safepoint region
[2019-12-09T08:15:41.425+0000][1][safepoint    ] Total time for which application threads were stopped: 0.0000932 seconds, Stopping threads took: 0.0000271 seconds
[2019-12-09T08:15:42.149+0000][1][safepoint    ] Application time: 0.7235215 seconds
[2019-12-09T08:15:42.149+0000][1][safepoint    ] Entering safepoint region: GenCollectForAllocation
[2019-12-09T08:15:42.149+0000][1][gc,start     ] GC(129) Pause Young (Allocation Failure)
[2019-12-09T08:15:42.149+0000][1][gc,task      ] GC(129) Using 2 workers of 2 for evacuation
[2019-12-09T08:15:42.151+0000][1][gc,age       ] GC(129) Desired survivor size 4456448 bytes, new threshold 6 (max threshold 6)
[2019-12-09T08:15:42.151+0000][1][gc,age       ] GC(129) Age table with threshold 6 (max threshold 6)
[2019-12-09T08:15:42.151+0000][1][gc,age       ] GC(129) - age   1:     895464 bytes,     895464 total
[2019-12-09T08:15:42.151+0000][1][gc,age       ] GC(129) - age   2:        192 bytes,     895656 total
[2019-12-09T08:15:42.151+0000][1][gc,age       ] GC(129) - age   4:        328 bytes,     895984 total
[2019-12-09T08:15:42.151+0000][1][gc,age       ] GC(129) - age   5:        528 bytes,     896512 total
[2019-12-09T08:15:42.151+0000][1][gc,age       ] GC(129) - age   6:        128 bytes,     896640 total
[2019-12-09T08:15:42.151+0000][1][gc,heap      ] GC(129) ParNew: 70758K->919K(78656K)
[2019-12-09T08:15:42.151+0000][1][gc,heap      ] GC(129) CMS: 70968K->70968K(174784K)
[2019-12-09T08:15:42.151+0000][1][gc,metaspace ] GC(129) Metaspace: 76575K->76575K(1120256K)
[2019-12-09T08:15:42.151+0000][1][gc           ] GC(129) Pause Young (Allocation Failure) 138M->70M(247M) 2.083ms
[2019-12-09T08:15:42.151+0000][1][gc,cpu       ] GC(129) User=0.00s Sys=0.00s Real=0.00s
[2019-12-09T08:15:42.151+0000][1][safepoint    ] Leaving safepoint region
[2019-12-09T08:15:42.151+0000][1][safepoint    ] Total time for which application threads were stopped: 0.0022465 seconds, Stopping threads took: 0.0000170 seconds
[2019-12-09T08:15:43.151+0000][1][safepoint    ] Application time: 1.0000861 seconds
[2019-12-09T08:15:43.151+0000][1][safepoint    ] Entering safepoint region: Cleanup
[2019-12-09T08:15:43.151+0000][1][safepoint    ] Leaving safepoint region
[2019-12-09T08:15:43.151+0000][1][safepoint    ] Total time for which application threads were stopped: 0.0000873 seconds, Stopping threads took: 0.0000205 seconds
[2019-12-09T08:15:44.151+0000][1][safepoint    ] Application time: 1.0000742 seconds
[2019-12-09T08:15:44.151+0000][1][safepoint    ] Entering safepoint region: Cleanup
[2019-12-09T08:15:44.151+0000][1][safepoint    ] Leaving safepoint region
[2019-12-09T08:15:44.151+0000][1][safepoint    ] Total time for which application threads were stopped: 0.0001028 seconds, Stopping threads took: 0.0000183 seconds
[2019-12-09T08:15:45.151+0000][1][safepoint    ] Application time: 1.0000800 seconds
[2019-12-09T08:15:45.151+0000][1][safepoint    ] Entering safepoint region: Cleanup
[2019-12-09T08:15:45.152+0000][1][safepoint    ] Leaving safepoint region
[2019-12-09T08:15:45.152+0000][1][safepoint    ] Total time for which application threads were stopped: 0.0000878 seconds, Stopping threads took: 0.0000196 seconds
[2019-12-09T08:15:46.152+0000][1][safepoint    ] Application time: 1.0000777 seconds
[2019-12-09T08:15:46.152+0000][1][safepoint    ] Entering safepoint region: Cleanup
[2019-12-09T08:15:46.152+0000][1][safepoint    ] Leaving safepoint region
[2019-12-09T08:15:46.152+0000][1][safepoint    ] Total time for which application threads were stopped: 0.0001076 seconds, Stopping threads took: 0.0000254 seconds
[2019-12-09T08:15:47.152+0000][1][safepoint    ] Application time: 1.0000766 seconds
[2019-12-09T08:15:47.152+0000][1][safepoint    ] Entering safepoint region: Cleanup
[2019-12-09T08:15:47.152+0000][1][safepoint    ] Leaving safepoint region
[2019-12-09T08:15:47.152+0000][1][safepoint    ] Total time for which application threads were stopped: 0.0000874 seconds, Stopping threads took: 0.0000197 seconds
[2019-12-09T08:15:48.152+0000][1][safepoint    ] Application time: 1.0000754 seconds
[2019-12-09T08:15:48.152+0000][1][safepoint    ] Entering safepoint region: Cleanup
[2019-12-09T08:15:48.152+0000][1][safepoint    ] Leaving safepoint region
[2019-12-09T08:15:48.152+0000][1][safepoint    ] Total time for which application threads were stopped: 0.0000843 seconds, Stopping threads took: 0.0000180 seconds
[2019-12-09T08:15:49.152+0000][1][safepoint    ] Application time: 1.0000760 seconds
[2019-12-09T08:15:49.152+0000][1][safepoint    ] Entering safepoint region: Cleanup
[2019-12-09T08:15:49.152+0000][1][safepoint    ] Leaving safepoint region
[2019-12-09T08:15:49.152+0000][1][safepoint    ] Total time for which application threads were stopped: 0.0000906 seconds, Stopping threads took: 0.0000171 seconds
[2019-12-09T08:15:50.152+0000][1][safepoint    ] Application time: 1.0000761 seconds
[2019-12-09T08:15:50.153+0000][1][safepoint    ] Entering safepoint region: Cleanup
[2019-12-09T08:15:50.153+0000][1][safepoint    ] Leaving safepoint region
[2019-12-09T08:15:50.153+0000][1][safepoint    ] Total time for which application threads were stopped: 0.0000866 seconds, Stopping threads took: 0.0000197 seconds
[2019-12-09T08:15:51.153+0000][1][safepoint    ] Application time: 1.0000785 seconds
[2019-12-09T08:15:51.153+0000][1][safepoint    ] Entering safepoint region: Cleanup
[2019-12-09T08:15:51.153+0000][1][safepoint    ] Leaving safepoint region
[2019-12-09T08:15:51.153+0000][1][safepoint    ] Total time for which application threads were stopped: 0.0000965 seconds, Stopping threads took: 0.0000204 seconds
[2019-12-09T08:15:52.153+0000][1][safepoint    ] Application time: 1.0000759 seconds
[2019-12-09T08:15:52.153+0000][1][safepoint    ] Entering safepoint region: Cleanup
[2019-12-09T08:15:52.153+0000][1][safepoint    ] Leaving safepoint region
[2019-12-09T08:15:52.153+0000][1][safepoint    ] Total time for which application threads were stopped: 0.0000924 seconds, Stopping threads took: 0.0000258 seconds
[2019-12-09T08:15:53.153+0000][1][safepoint    ] Application time: 1.0000771 seconds
[2019-12-09T08:15:53.153+0000][1][safepoint    ] Entering safepoint region: Cleanup
[2019-12-09T08:15:53.153+0000][1][safepoint    ] Leaving safepoint region
[2019-12-09T08:15:53.153+0000][1][safepoint    ] Total time for which application threads were stopped: 0.0000857 seconds, Stopping threads took: 0.0000191 seconds
[2019-12-09T08:15:54.153+0000][1][safepoint    ] Application time: 1.0000764 seconds
[2019-12-09T08:15:54.153+0000][1][safepoint    ] Entering safepoint region: Cleanup
[2019-12-09T08:15:54.153+0000][1][safepoint    ] Leaving safepoint region
[2019-12-09T08:15:54.153+0000][1][safepoint    ] Total time for which application threads were stopped: 0.0000842 seconds, Stopping threads took: 0.0000185 seconds
[2019-12-09T08:15:55.154+0000][1][safepoint    ] Application time: 1.0000770 seconds
[2019-12-09T08:15:55.154+0000][1][safepoint    ] Entering safepoint region: Cleanup
[2019-12-09T08:15:55.154+0000][1][safepoint    ] Leaving safepoint region
[2019-12-09T08:15:55.154+0000][1][safepoint    ] Total time for which application threads were stopped: 0.0000888 seconds, Stopping threads took: 0.0000196 seconds
[2019-12-09T08:15:56.154+0000][1][safepoint    ] Application time: 1.0000765 seconds
[2019-12-09T08:15:56.154+0000][1][safepoint    ] Entering safepoint region: Cleanup
[2019-12-09T08:15:56.154+0000][1][safepoint    ] Leaving safepoint region
[2019-12-09T08:15:56.154+0000][1][safepoint    ] Total time for which application threads were stopped: 0.0000882 seconds, Stopping threads took: 0.0000205 seconds
[2019-12-09T08:15:57.154+0000][1][safepoint    ] Application time: 1.0000776 seconds
[2019-12-09T08:15:57.154+0000][1][safepoint    ] Entering safepoint region: Cleanup
[2019-12-09T08:15:57.154+0000][1][safepoint    ] Leaving safepoint region
[2019-12-09T08:15:57.154+0000][1][safepoint    ] Total time for which application threads were stopped: 0.0000848 seconds, Stopping threads took: 0.0000189 seconds
[2019-12-09T08:15:58.154+0000][1][safepoint    ] Application time: 1.0000763 seconds
[2019-12-09T08:15:58.154+0000][1][safepoint    ] Entering safepoint region: Cleanup
[2019-12-09T08:15:58.154+0000][1][safepoint    ] Leaving safepoint region
[2019-12-09T08:15:58.154+0000][1][safepoint    ] Total time for which application threads were stopped: 0.0000874 seconds, Stopping threads took: 0.0000191 seconds
[2019-12-09T08:15:59.154+0000][1][safepoint    ] Application time: 1.0000768 seconds
[2019-12-09T08:15:59.154+0000][1][safepoint    ] Entering safepoint region: Cleanup
[2019-12-09T08:15:59.154+0000][1][safepoint    ] Leaving safepoint region
[2019-12-09T08:15:59.154+0000][1][safepoint    ] Total time for which application threads were stopped: 0.0000873 seconds, Stopping threads took: 0.0000187 seconds
[2019-12-09T08:16:00.155+0000][1][safepoint    ] Application time: 1.0000802 seconds
[2019-12-09T08:16:00.155+0000][1][safepoint    ] Entering safepoint region: Cleanup
[2019-12-09T08:16:00.155+0000][1][safepoint    ] Leaving safepoint region
[2019-12-09T08:16:00.155+0000][1][safepoint    ] Total time for which application threads were stopped: 0.0001012 seconds, Stopping threads took: 0.0000200 seconds
[2019-12-09T08:16:01.155+0000][1][safepoint    ] Application time: 1.0000764 seconds
[2019-12-09T08:16:01.155+0000][1][safepoint    ] Entering safepoint region: Cleanup
[2019-12-09T08:16:01.155+0000][1][safepoint    ] Leaving safepoint region
[2019-12-09T08:16:01.155+0000][1][safepoint    ] Total time for which application threads were stopped: 0.0000875 seconds, Stopping threads took: 0.0000194 seconds
[2019-12-09T08:16:02.155+0000][1][safepoint    ] Application time: 1.0000766 seconds
[2019-12-09T08:16:02.155+0000][1][safepoint    ] Entering safepoint region: Cleanup
[2019-12-09T08:16:02.155+0000][1][safepoint    ] Leaving safepoint region
[2019-12-09T08:16:02.155+0000][1][safepoint    ] Total time for which application threads were stopped: 0.0000966 seconds, Stopping threads took: 0.0000273 seconds
[2019-12-09T08:16:03.155+0000][1][safepoint    ] Application time: 1.0000767 seconds
[2019-12-09T08:16:03.155+0000][1][safepoint    ] Entering safepoint region: Cleanup
[2019-12-09T08:16:03.155+0000][1][safepoint    ] Leaving safepoint region
[2019-12-09T08:16:03.155+0000][1][safepoint    ] Total time for which application threads were stopped: 0.0000895 seconds, Stopping threads took: 0.0000199 seconds
[2019-12-09T08:16:04.155+0000][1][safepoint    ] Application time: 1.0000765 seconds
[2019-12-09T08:16:04.155+0000][1][safepoint    ] Entering safepoint region: Cleanup
[2019-12-09T08:16:04.156+0000][1][safepoint    ] Leaving safepoint region
[2019-12-09T08:16:04.156+0000][1][safepoint    ] Total time for which application threads were stopped: 0.0000887 seconds, Stopping threads took: 0.0000200 seconds
[2019-12-09T08:16:05.156+0000][1][safepoint    ] Application time: 1.0000812 seconds
[2019-12-09T08:16:05.156+0000][1][safepoint    ] Entering safepoint region: Cleanup
[2019-12-09T08:16:05.156+0000][1][safepoint    ] Leaving safepoint region
[2019-12-09T08:16:05.156+0000][1][safepoint    ] Total time for which application threads were stopped: 0.0000985 seconds, Stopping threads took: 0.0000302 seconds
[2019-12-09T08:16:06.156+0000][1][safepoint    ] Application time: 1.0000766 seconds
[2019-12-09T08:16:06.156+0000][1][safepoint    ] Entering safepoint region: Cleanup
[2019-12-09T08:16:06.156+0000][1][safepoint    ] Leaving safepoint region
[2019-12-09T08:16:06.156+0000][1][safepoint    ] Total time for which application threads were stopped: 0.0000875 seconds, Stopping threads took: 0.0000196 seconds
[2019-12-09T08:16:07.156+0000][1][safepoint    ] Application time: 1.0000752 seconds
[2019-12-09T08:16:07.156+0000][1][safepoint    ] Entering safepoint region: Cleanup
[2019-12-09T08:16:07.156+0000][1][safepoint    ] Leaving safepoint region
[2019-12-09T08:16:07.156+0000][1][safepoint    ] Total time for which application threads were stopped: 0.0000854 seconds, Stopping threads took: 0.0000192 seconds
[2019-12-09T08:16:08.156+0000][1][safepoint    ] Application time: 1.0000758 seconds
[2019-12-09T08:16:08.156+0000][1][safepoint    ] Entering safepoint region: Cleanup
[2019-12-09T08:16:08.156+0000][1][safepoint    ] Leaving safepoint region
[2019-12-09T08:16:08.156+0000][1][safepoint    ] Total time for which application threads were stopped: 0.0000888 seconds, Stopping threads took: 0.0000201 seconds
[2019-12-09T08:16:09.156+0000][1][safepoint    ] Application time: 1.0000750 seconds
[2019-12-09T08:16:09.157+0000][1][safepoint    ] Entering safepoint region: Cleanup
[2019-12-09T08:16:09.157+0000][1][safepoint    ] Leaving safepoint region
[2019-12-09T08:16:09.157+0000][1][safepoint    ] Total time for which application threads were stopped: 0.0000890 seconds, Stopping threads took: 0.0000183 seconds
[2019-12-09T08:16:10.157+0000][1][safepoint    ] Application time: 1.0000808 seconds
[2019-12-09T08:16:10.157+0000][1][safepoint    ] Entering safepoint region: Cleanup
[2019-12-09T08:16:10.157+0000][1][safepoint    ] Leaving safepoint region
[2019-12-09T08:16:10.157+0000][1][safepoint    ] Total time for which application threads were stopped: 0.0001093 seconds, Stopping threads took: 0.0000334 seconds
[2019-12-09T08:16:11.157+0000][1][safepoint    ] Application time: 1.0000793 seconds
[2019-12-09T08:16:11.157+0000][1][safepoint    ] Entering safepoint region: Cleanup
[2019-12-09T08:16:11.157+0000][1][safepoint    ] Leaving safepoint region
[2019-12-09T08:16:11.157+0000][1][safepoint    ] Total time for which application threads were stopped: 0.0000859 seconds, Stopping threads took: 0.0000195 seconds
[2019-12-09T08:16:12.157+0000][1][safepoint    ] Application time: 1.0000747 seconds
[2019-12-09T08:16:12.157+0000][1][safepoint    ] Entering safepoint region: Cleanup
[2019-12-09T08:16:12.157+0000][1][safepoint    ] Leaving safepoint region
[2019-12-09T08:16:12.157+0000][1][safepoint    ] Total time for which application threads were stopped: 0.0000850 seconds, Stopping threads took: 0.0000183 seconds
[2019-12-09T08:16:13.157+0000][1][safepoint    ] Application time: 1.0000744 seconds
[2019-12-09T08:16:13.157+0000][1][safepoint    ] Entering safepoint region: Cleanup
[2019-12-09T08:16:13.157+0000][1][safepoint    ] Leaving safepoint region
[2019-12-09T08:16:13.157+0000][1][safepoint    ] Total time for which application threads were stopped: 0.0000851 seconds, Stopping threads took: 0.0000200 seconds
[2019-12-09T08:16:14.158+0000][1][safepoint    ] Application time: 1.0000737 seconds
[2019-12-09T08:16:14.158+0000][1][safepoint    ] Entering safepoint region: Cleanup
[2019-12-09T08:16:14.158+0000][1][safepoint    ] Leaving safepoint region
[2019-12-09T08:16:14.158+0000][1][safepoint    ] Total time for which application threads were stopped: 0.0000848 seconds, Stopping threads took: 0.0000185 seconds
[2019-12-09T08:16:15.158+0000][1][safepoint    ] Application time: 1.0000755 seconds
[2019-12-09T08:16:15.158+0000][1][safepoint    ] Entering safepoint region: Cleanup
[2019-12-09T08:16:15.158+0000][1][safepoint    ] Leaving safepoint region
[2019-12-09T08:16:15.158+0000][1][safepoint    ] Total time for which application threads were stopped: 0.0000852 seconds, Stopping threads took: 0.0000186 seconds
[2019-12-09T08:16:16.158+0000][1][safepoint    ] Application time: 1.0000744 seconds
[2019-12-09T08:16:16.158+0000][1][safepoint    ] Entering safepoint region: Cleanup
[2019-12-09T08:16:16.158+0000][1][safepoint    ] Leaving safepoint region
[2019-12-09T08:16:16.158+0000][1][safepoint    ] Total time for which application threads were stopped: 0.0000858 seconds, Stopping threads took: 0.0000182 seconds
[2019-12-09T08:16:17.158+0000][1][safepoint    ] Application time: 1.0000749 seconds
[2019-12-09T08:16:17.158+0000][1][safepoint    ] Entering safepoint region: Cleanup
[2019-12-09T08:16:17.158+0000][1][safepoint    ] Leaving safepoint region
[2019-12-09T08:16:17.158+0000][1][safepoint    ] Total time for which application threads were stopped: 0.0000811 seconds, Stopping threads took: 0.0000175 seconds
[2019-12-09T08:16:18.158+0000][1][safepoint    ] Application time: 1.0000750 seconds
[2019-12-09T08:16:18.158+0000][1][safepoint    ] Entering safepoint region: Cleanup
[2019-12-09T08:16:18.158+0000][1][safepoint    ] Leaving safepoint region
[2019-12-09T08:16:18.158+0000][1][safepoint    ] Total time for which application threads were stopped: 0.0000911 seconds, Stopping threads took: 0.0000177 seconds
[2019-12-09T08:16:19.158+0000][1][safepoint    ] Application time: 1.0000740 seconds
[2019-12-09T08:16:19.158+0000][1][safepoint    ] Entering safepoint region: Cleanup
[2019-12-09T08:16:19.159+0000][1][safepoint    ] Leaving safepoint region
[2019-12-09T08:16:19.159+0000][1][safepoint    ] Total time for which application threads were stopped: 0.0000815 seconds, Stopping threads took: 0.0000172 seconds
[2019-12-09T08:16:20.159+0000][1][safepoint    ] Application time: 1.0000752 seconds
[2019-12-09T08:16:20.159+0000][1][safepoint    ] Entering safepoint region: Cleanup
[2019-12-09T08:16:20.159+0000][1][safepoint    ] Leaving safepoint region
[2019-12-09T08:16:20.159+0000][1][safepoint    ] Total time for which application threads were stopped: 0.0001010 seconds, Stopping threads took: 0.0000364 seconds
[2019-12-09T08:16:21.159+0000][1][safepoint    ] Application time: 1.0000779 seconds
[2019-12-09T08:16:21.159+0000][1][safepoint    ] Entering safepoint region: Cleanup
[2019-12-09T08:16:21.159+0000][1][safepoint    ] Leaving safepoint region
[2019-12-09T08:16:21.159+0000][1][safepoint    ] Total time for which application threads were stopped: 0.0000859 seconds, Stopping threads took: 0.0000191 seconds
[2019-12-09T08:16:22.159+0000][1][safepoint    ] Application time: 1.0000754 seconds
[2019-12-09T08:16:22.159+0000][1][safepoint    ] Entering safepoint region: Cleanup
[2019-12-09T08:16:22.159+0000][1][safepoint    ] Leaving safepoint region
[2019-12-09T08:16:22.159+0000][1][safepoint    ] Total time for which application threads were stopped: 0.0000828 seconds, Stopping threads took: 0.0000183 seconds
[2019-12-09T08:16:22.444+0000][1][safepoint    ] Application time: 0.2845466 seconds
[2019-12-09T08:16:22.444+0000][1][safepoint    ] Entering safepoint region: GenCollectForAllocation
[2019-12-09T08:16:22.444+0000][1][gc,start     ] GC(130) Pause Young (Allocation Failure)
[2019-12-09T08:16:22.444+0000][1][gc,task      ] GC(130) Using 2 workers of 2 for evacuation
[2019-12-09T08:16:22.446+0000][1][gc,age       ] GC(130) Desired survivor size 4456448 bytes, new threshold 6 (max threshold 6)
[2019-12-09T08:16:22.446+0000][1][gc,age       ] GC(130) Age table with threshold 6 (max threshold 6)
[2019-12-09T08:16:22.446+0000][1][gc,age       ] GC(130) - age   1:     820952 bytes,     820952 total
[2019-12-09T08:16:22.446+0000][1][gc,age       ] GC(130) - age   2:         96 bytes,     821048 total
[2019-12-09T08:16:22.446+0000][1][gc,age       ] GC(130) - age   5:        328 bytes,     821376 total
[2019-12-09T08:16:22.446+0000][1][gc,age       ] GC(130) - age   6:        528 bytes,     821904 total
[2019-12-09T08:16:22.446+0000][1][gc,heap      ] GC(130) ParNew: 70871K->825K(78656K)
[2019-12-09T08:16:22.446+0000][1][gc,heap      ] GC(130) CMS: 70968K->70968K(174784K)
[2019-12-09T08:16:22.446+0000][1][gc,metaspace ] GC(130) Metaspace: 76575K->76575K(1120256K)
[2019-12-09T08:16:22.446+0000][1][gc           ] GC(130) Pause Young (Allocation Failure) 138M->70M(247M) 1.915ms
[2019-12-09T08:16:22.446+0000][1][gc,cpu       ] GC(130) User=0.00s Sys=0.00s Real=0.01s
[2019-12-09T08:16:22.446+0000][1][safepoint    ] Leaving safepoint region
[2019-12-09T08:16:22.446+0000][1][safepoint    ] Total time for which application threads were stopped: 0.0020701 seconds, Stopping threads took: 0.0000176 seconds
[2019-12-09T08:16:23.446+0000][1][safepoint    ] Application time: 1.0000853 seconds
[2019-12-09T08:16:23.446+0000][1][safepoint    ] Entering safepoint region: Cleanup
[2019-12-09T08:16:23.446+0000][1][safepoint    ] Leaving safepoint region
[2019-12-09T08:16:23.446+0000][1][safepoint    ] Total time for which application threads were stopped: 0.0000890 seconds, Stopping threads took: 0.0000190 seconds
[2019-12-09T08:16:24.446+0000][1][safepoint    ] Application time: 1.0000751 seconds
[2019-12-09T08:16:24.446+0000][1][safepoint    ] Entering safepoint region: Cleanup
[2019-12-09T08:16:24.446+0000][1][safepoint    ] Leaving safepoint region
[2019-12-09T08:16:24.446+0000][1][safepoint    ] Total time for which application threads were stopped: 0.0000860 seconds, Stopping threads took: 0.0000187 seconds
[2019-12-09T08:16:25.446+0000][1][safepoint    ] Application time: 1.0000745 seconds
[2019-12-09T08:16:25.446+0000][1][safepoint    ] Entering safepoint region: Cleanup
[2019-12-09T08:16:25.446+0000][1][safepoint    ] Leaving safepoint region
[2019-12-09T08:16:25.446+0000][1][safepoint    ] Total time for which application threads were stopped: 0.0000883 seconds, Stopping threads took: 0.0000204 seconds
[2019-12-09T08:16:26.447+0000][1][safepoint    ] Application time: 1.0000739 seconds
[2019-12-09T08:16:26.447+0000][1][safepoint    ] Entering safepoint region: Cleanup
[2019-12-09T08:16:26.447+0000][1][safepoint    ] Leaving safepoint region
[2019-12-09T08:16:26.447+0000][1][safepoint    ] Total time for which application threads were stopped: 0.0000899 seconds, Stopping threads took: 0.0000212 seconds
[2019-12-09T08:16:27.447+0000][1][safepoint    ] Application time: 1.0000512 seconds
[2019-12-09T08:16:27.447+0000][1][safepoint    ] Entering safepoint region: Cleanup
[2019-12-09T08:16:27.447+0000][1][safepoint    ] Leaving safepoint region
[2019-12-09T08:16:27.447+0000][1][safepoint    ] Total time for which application threads were stopped: 0.0000952 seconds, Stopping threads took: 0.0000234 seconds
[2019-12-09T08:16:28.447+0000][1][safepoint    ] Application time: 1.0000834 seconds
[2019-12-09T08:16:28.447+0000][1][safepoint    ] Entering safepoint region: Cleanup
[2019-12-09T08:16:28.447+0000][1][safepoint    ] Leaving safepoint region
[2019-12-09T08:16:28.447+0000][1][safepoint    ] Total time for which application threads were stopped: 0.0000873 seconds, Stopping threads took: 0.0000179 seconds
[2019-12-09T08:16:29.447+0000][1][safepoint    ] Application time: 1.0000744 seconds
[2019-12-09T08:16:29.447+0000][1][safepoint    ] Entering safepoint region: Cleanup
[2019-12-09T08:16:29.447+0000][1][safepoint    ] Leaving safepoint region
[2019-12-09T08:16:29.447+0000][1][safepoint    ] Total time for which application threads were stopped: 0.0000892 seconds, Stopping threads took: 0.0000196 seconds
[2019-12-09T08:16:30.447+0000][1][safepoint    ] Application time: 1.0000748 seconds
[2019-12-09T08:16:30.447+0000][1][safepoint    ] Entering safepoint region: Cleanup
[2019-12-09T08:16:30.447+0000][1][safepoint    ] Leaving safepoint region
[2019-12-09T08:16:30.447+0000][1][safepoint    ] Total time for which application threads were stopped: 0.0000861 seconds, Stopping threads took: 0.0000193 seconds
[2019-12-09T08:16:31.448+0000][1][safepoint    ] Application time: 1.0000743 seconds
[2019-12-09T08:16:31.448+0000][1][safepoint    ] Entering safepoint region: Cleanup
[2019-12-09T08:16:31.448+0000][1][safepoint    ] Leaving safepoint region
[2019-12-09T08:16:31.448+0000][1][safepoint    ] Total time for which application threads were stopped: 0.0000985 seconds, Stopping threads took: 0.0000196 seconds
[2019-12-09T08:16:32.448+0000][1][safepoint    ] Application time: 1.0000755 seconds
[2019-12-09T08:16:32.448+0000][1][safepoint    ] Entering safepoint region: Cleanup
[2019-12-09T08:16:32.448+0000][1][safepoint    ] Leaving safepoint region
[2019-12-09T08:16:32.448+0000][1][safepoint    ] Total time for which application threads were stopped: 0.0000923 seconds, Stopping threads took: 0.0000198 seconds
[2019-12-09T08:16:33.448+0000][1][safepoint    ] Application time: 1.0000743 seconds
[2019-12-09T08:16:33.448+0000][1][safepoint    ] Entering safepoint region: Cleanup
[2019-12-09T08:16:33.448+0000][1][safepoint    ] Leaving safepoint region
[2019-12-09T08:16:33.448+0000][1][safepoint    ] Total time for which application threads were stopped: 0.0000871 seconds, Stopping threads took: 0.0000192 seconds
[2019-12-09T08:16:34.448+0000][1][safepoint    ] Application time: 1.0000759 seconds
[2019-12-09T08:16:34.448+0000][1][safepoint    ] Entering safepoint region: Cleanup
[2019-12-09T08:16:34.448+0000][1][safepoint    ] Leaving safepoint region
[2019-12-09T08:16:34.448+0000][1][safepoint    ] Total time for which application threads were stopped: 0.0000924 seconds, Stopping threads took: 0.0000233 seconds
[2019-12-09T08:17:06.693+0000][1][safepoint    ] Application time: 32.2446747 seconds
[2019-12-09T08:17:06.693+0000][1][safepoint    ] Entering safepoint region: GenCollectForAllocation
[2019-12-09T08:17:06.693+0000][1][gc,start     ] GC(131) Pause Young (Allocation Failure)
[2019-12-09T08:17:06.693+0000][1][gc,task      ] GC(131) Using 2 workers of 2 for evacuation
[2019-12-09T08:17:06.695+0000][1][gc,age       ] GC(131) Desired survivor size 4456448 bytes, new threshold 6 (max threshold 6)
[2019-12-09T08:17:06.695+0000][1][gc,age       ] GC(131) Age table with threshold 6 (max threshold 6)
[2019-12-09T08:17:06.695+0000][1][gc,age       ] GC(131) - age   1:     688472 bytes,     688472 total
[2019-12-09T08:17:06.695+0000][1][gc,age       ] GC(131) - age   2:        104 bytes,     688576 total
[2019-12-09T08:17:06.695+0000][1][gc,age       ] GC(131) - age   6:        328 bytes,     688904 total
[2019-12-09T08:17:06.695+0000][1][gc,heap      ] GC(131) ParNew: 70762K->680K(78656K)
[2019-12-09T08:17:06.695+0000][1][gc,heap      ] GC(131) CMS: 70968K->70968K(174784K)
[2019-12-09T08:17:06.695+0000][1][gc,metaspace ] GC(131) Metaspace: 76575K->76575K(1120256K)
[2019-12-09T08:17:06.695+0000][1][gc           ] GC(131) Pause Young (Allocation Failure) 138M->69M(247M) 1.851ms
[2019-12-09T08:17:06.695+0000][1][gc,cpu       ] GC(131) User=0.00s Sys=0.00s Real=0.01s
[2019-12-09T08:17:06.695+0000][1][safepoint    ] Leaving safepoint region
[2019-12-09T08:17:06.695+0000][1][safepoint    ] Total time for which application threads were stopped: 0.0020075 seconds, Stopping threads took: 0.0000259 seconds
[2019-12-09T08:17:17.696+0000][1][safepoint    ] Application time: 11.0007050 seconds
[2019-12-09T08:17:17.696+0000][1][safepoint    ] Entering safepoint region: Cleanup
[2019-12-09T08:17:17.696+0000][1][safepoint    ] Leaving safepoint region
[2019-12-09T08:17:17.696+0000][1][safepoint    ] Total time for which application threads were stopped: 0.0000933 seconds, Stopping threads took: 0.0000190 seconds
[2019-12-09T08:17:19.696+0000][1][safepoint    ] Application time: 2.0001386 seconds
[2019-12-09T08:17:19.696+0000][1][safepoint    ] Entering safepoint region: Cleanup
[2019-12-09T08:17:19.696+0000][1][safepoint    ] Leaving safepoint region
[2019-12-09T08:17:19.696+0000][1][safepoint    ] Total time for which application threads were stopped: 0.0000932 seconds, Stopping threads took: 0.0000189 seconds
[2019-12-09T08:17:40.698+0000][1][safepoint    ] Application time: 21.0013929 seconds
[2019-12-09T08:17:40.698+0000][1][safepoint    ] Entering safepoint region: Cleanup
[2019-12-09T08:17:40.698+0000][1][safepoint    ] Leaving safepoint region
[2019-12-09T08:17:40.698+0000][1][safepoint    ] Total time for which application threads were stopped: 0.0001150 seconds, Stopping threads took: 0.0000283 seconds
[2019-12-09T08:17:48.260+0000][1][safepoint    ] Application time: 7.5619080 seconds
[2019-12-09T08:17:48.260+0000][1][safepoint    ] Entering safepoint region: GenCollectForAllocation
[2019-12-09T08:17:48.260+0000][1][gc,start     ] GC(132) Pause Young (Allocation Failure)
[2019-12-09T08:17:48.260+0000][1][gc,task      ] GC(132) Using 2 workers of 2 for evacuation
[2019-12-09T08:17:48.262+0000][1][gc,age       ] GC(132) Desired survivor size 4456448 bytes, new threshold 6 (max threshold 6)
[2019-12-09T08:17:48.262+0000][1][gc,age       ] GC(132) Age table with threshold 6 (max threshold 6)
[2019-12-09T08:17:48.262+0000][1][gc,age       ] GC(132) - age   1:     756200 bytes,     756200 total
[2019-12-09T08:17:48.262+0000][1][gc,age       ] GC(132) - age   3:        104 bytes,     756304 total
[2019-12-09T08:17:48.262+0000][1][gc,heap      ] GC(132) ParNew: 70580K->883K(78656K)
[2019-12-09T08:17:48.262+0000][1][gc,heap      ] GC(132) CMS: 70968K->70969K(174784K)
[2019-12-09T08:17:48.262+0000][1][gc,metaspace ] GC(132) Metaspace: 76575K->76575K(1120256K)
[2019-12-09T08:17:48.262+0000][1][gc           ] GC(132) Pause Young (Allocation Failure) 138M->70M(247M) 1.973ms
[2019-12-09T08:17:48.262+0000][1][gc,cpu       ] GC(132) User=0.00s Sys=0.00s Real=0.00s
[2019-12-09T08:17:48.262+0000][1][safepoint    ] Leaving safepoint region
[2019-12-09T08:17:48.262+0000][1][safepoint    ] Total time for which application threads were stopped: 0.0021847 seconds, Stopping threads took: 0.0000417 seconds
[2019-12-09T08:18:26.264+0000][1][safepoint    ] Application time: 38.0025465 seconds
[2019-12-09T08:18:26.264+0000][1][safepoint    ] Entering safepoint region: Cleanup
[2019-12-09T08:18:26.265+0000][1][safepoint    ] Leaving safepoint region
[2019-12-09T08:18:26.265+0000][1][safepoint    ] Total time for which application threads were stopped: 0.0001152 seconds, Stopping threads took: 0.0000294 seconds
[2019-12-09T08:18:31.384+0000][1][safepoint    ] Application time: 5.1193562 seconds
[2019-12-09T08:18:31.384+0000][1][safepoint    ] Entering safepoint region: GenCollectForAllocation
[2019-12-09T08:18:31.384+0000][1][gc,start     ] GC(133) Pause Young (Allocation Failure)
[2019-12-09T08:18:31.384+0000][1][gc,task      ] GC(133) Using 2 workers of 2 for evacuation
[2019-12-09T08:18:31.386+0000][1][gc,age       ] GC(133) Desired survivor size 4456448 bytes, new threshold 6 (max threshold 6)
[2019-12-09T08:18:31.386+0000][1][gc,age       ] GC(133) Age table with threshold 6 (max threshold 6)
[2019-12-09T08:18:31.386+0000][1][gc,age       ] GC(133) - age   1:     820344 bytes,     820344 total
[2019-12-09T08:18:31.386+0000][1][gc,age       ] GC(133) - age   2:       1296 bytes,     821640 total
[2019-12-09T08:18:31.386+0000][1][gc,age       ] GC(133) - age   4:        104 bytes,     821744 total
[2019-12-09T08:18:31.386+0000][1][gc,heap      ] GC(133) ParNew: 70834K->819K(78656K)
[2019-12-09T08:18:31.386+0000][1][gc,heap      ] GC(133) CMS: 70969K->70969K(174784K)
[2019-12-09T08:18:31.386+0000][1][gc,metaspace ] GC(133) Metaspace: 76575K->76575K(1120256K)
[2019-12-09T08:18:31.386+0000][1][gc           ] GC(133) Pause Young (Allocation Failure) 138M->70M(247M) 1.793ms
[2019-12-09T08:18:31.386+0000][1][gc,cpu       ] GC(133) User=0.00s Sys=0.00s Real=0.01s
[2019-12-09T08:18:31.386+0000][1][safepoint    ] Leaving safepoint region
[2019-12-09T08:18:31.386+0000][1][safepoint    ] Total time for which application threads were stopped: 0.0019466 seconds, Stopping threads took: 0.0000237 seconds
[2019-12-09T08:18:45.387+0000][1][safepoint    ] Application time: 14.0009543 seconds
[2019-12-09T08:18:45.387+0000][1][safepoint    ] Entering safepoint region: Cleanup
[2019-12-09T08:18:45.387+0000][1][safepoint    ] Leaving safepoint region
[2019-12-09T08:18:45.387+0000][1][safepoint    ] Total time for which application threads were stopped: 0.0000850 seconds, Stopping threads took: 0.0000188 seconds
[2019-12-09T08:18:46.387+0000][1][safepoint    ] Application time: 1.0000774 seconds
[2019-12-09T08:18:46.387+0000][1][safepoint    ] Entering safepoint region: Cleanup
[2019-12-09T08:18:46.387+0000][1][safepoint    ] Leaving safepoint region
[2019-12-09T08:18:46.387+0000][1][safepoint    ] Total time for which application threads were stopped: 0.0000849 seconds, Stopping threads took: 0.0000199 seconds
[2019-12-09T08:18:47.387+0000][1][safepoint    ] Application time: 1.0000761 seconds
[2019-12-09T08:18:47.387+0000][1][safepoint    ] Entering safepoint region: Cleanup
[2019-12-09T08:18:47.387+0000][1][safepoint    ] Leaving safepoint region
[2019-12-09T08:18:47.387+0000][1][safepoint    ] Total time for which application threads were stopped: 0.0000847 seconds, Stopping threads took: 0.0000180 seconds
[2019-12-09T08:18:48.387+0000][1][safepoint    ] Application time: 1.0000758 seconds
[2019-12-09T08:18:48.388+0000][1][safepoint    ] Entering safepoint region: Cleanup
[2019-12-09T08:18:48.388+0000][1][safepoint    ] Leaving safepoint region
[2019-12-09T08:18:48.388+0000][1][safepoint    ] Total time for which application threads were stopped: 0.0000889 seconds, Stopping threads took: 0.0000168 seconds
[2019-12-09T08:18:49.388+0000][1][safepoint    ] Application time: 1.0000759 seconds
[2019-12-09T08:18:49.388+0000][1][safepoint    ] Entering safepoint region: Cleanup
[2019-12-09T08:18:49.388+0000][1][safepoint    ] Leaving safepoint region
[2019-12-09T08:18:49.388+0000][1][safepoint    ] Total time for which application threads were stopped: 0.0000868 seconds, Stopping threads took: 0.0000197 seconds
[2019-12-09T08:18:50.388+0000][1][safepoint    ] Application time: 1.0000765 seconds
[2019-12-09T08:18:50.388+0000][1][safepoint    ] Entering safepoint region: Cleanup
[2019-12-09T08:18:50.388+0000][1][safepoint    ] Leaving safepoint region
[2019-12-09T08:18:50.388+0000][1][safepoint    ] Total time for which application threads were stopped: 0.0000981 seconds, Stopping threads took: 0.0000196 seconds
[2019-12-09T08:18:51.388+0000][1][safepoint    ] Application time: 1.0000746 seconds
[2019-12-09T08:18:51.388+0000][1][safepoint    ] Entering safepoint region: Cleanup
[2019-12-09T08:18:51.388+0000][1][safepoint    ] Leaving safepoint region
[2019-12-09T08:18:51.388+0000][1][safepoint    ] Total time for which application threads were stopped: 0.0000875 seconds, Stopping threads took: 0.0000228 seconds
[2019-12-09T08:18:52.388+0000][1][safepoint    ] Application time: 1.0000759 seconds
[2019-12-09T08:18:52.388+0000][1][safepoint    ] Entering safepoint region: Cleanup
[2019-12-09T08:18:52.388+0000][1][safepoint    ] Leaving safepoint region
[2019-12-09T08:18:52.388+0000][1][safepoint    ] Total time for which application threads were stopped: 0.0000915 seconds, Stopping threads took: 0.0000265 seconds
[2019-12-09T08:18:53.388+0000][1][safepoint    ] Application time: 1.0000466 seconds
[2019-12-09T08:18:53.389+0000][1][safepoint    ] Entering safepoint region: Cleanup
[2019-12-09T08:18:53.389+0000][1][safepoint    ] Leaving safepoint region
[2019-12-09T08:18:53.389+0000][1][safepoint    ] Total time for which application threads were stopped: 0.0000829 seconds, Stopping threads took: 0.0000184 seconds
[2019-12-09T08:18:54.389+0000][1][safepoint    ] Application time: 1.0000759 seconds
[2019-12-09T08:18:54.389+0000][1][safepoint    ] Entering safepoint region: Cleanup
[2019-12-09T08:18:54.389+0000][1][safepoint    ] Leaving safepoint region
[2019-12-09T08:18:54.389+0000][1][safepoint    ] Total time for which application threads were stopped: 0.0000844 seconds, Stopping threads took: 0.0000184 seconds
[2019-12-09T08:18:55.389+0000][1][safepoint    ] Application time: 1.0000757 seconds
[2019-12-09T08:18:55.389+0000][1][safepoint    ] Entering safepoint region: Cleanup
[2019-12-09T08:18:55.389+0000][1][safepoint    ] Leaving safepoint region
[2019-12-09T08:18:55.389+0000][1][safepoint    ] Total time for which application threads were stopped: 0.0001015 seconds, Stopping threads took: 0.0000178 seconds
[2019-12-09T08:18:56.389+0000][1][safepoint    ] Application time: 1.0000770 seconds
[2019-12-09T08:18:56.389+0000][1][safepoint    ] Entering safepoint region: Cleanup
[2019-12-09T08:18:56.389+0000][1][safepoint    ] Leaving safepoint region
[2019-12-09T08:18:56.389+0000][1][safepoint    ] Total time for which application threads were stopped: 0.0000879 seconds, Stopping threads took: 0.0000196 seconds
[2019-12-09T08:18:57.389+0000][1][safepoint    ] Application time: 1.0000770 seconds
[2019-12-09T08:18:57.389+0000][1][safepoint    ] Entering safepoint region: Cleanup
[2019-12-09T08:18:57.389+0000][1][safepoint    ] Leaving safepoint region
[2019-12-09T08:18:57.389+0000][1][safepoint    ] Total time for which application threads were stopped: 0.0000854 seconds, Stopping threads took: 0.0000179 seconds
[2019-12-09T08:18:58.389+0000][1][safepoint    ] Application time: 1.0000750 seconds
[2019-12-09T08:18:58.390+0000][1][safepoint    ] Entering safepoint region: Cleanup
[2019-12-09T08:18:58.390+0000][1][safepoint    ] Leaving safepoint region
[2019-12-09T08:18:58.390+0000][1][safepoint    ] Total time for which application threads were stopped: 0.0000866 seconds, Stopping threads took: 0.0000198 seconds
[2019-12-09T08:18:59.390+0000][1][safepoint    ] Application time: 1.0000873 seconds
[2019-12-09T08:18:59.390+0000][1][safepoint    ] Entering safepoint region: Cleanup
[2019-12-09T08:18:59.390+0000][1][safepoint    ] Leaving safepoint region
[2019-12-09T08:18:59.390+0000][1][safepoint    ] Total time for which application threads were stopped: 0.0000862 seconds, Stopping threads took: 0.0000201 seconds
[2019-12-09T08:19:00.390+0000][1][safepoint    ] Application time: 1.0000755 seconds
[2019-12-09T08:19:00.390+0000][1][safepoint    ] Entering safepoint region: Cleanup
[2019-12-09T08:19:00.390+0000][1][safepoint    ] Leaving safepoint region
[2019-12-09T08:19:00.390+0000][1][safepoint    ] Total time for which application threads were stopped: 0.0000808 seconds, Stopping threads took: 0.0000182 seconds
[2019-12-09T08:19:01.390+0000][1][safepoint    ] Application time: 1.0000785 seconds
[2019-12-09T08:19:01.390+0000][1][safepoint    ] Entering safepoint region: Cleanup
[2019-12-09T08:19:01.390+0000][1][safepoint    ] Leaving safepoint region
[2019-12-09T08:19:01.390+0000][1][safepoint    ] Total time for which application threads were stopped: 0.0000887 seconds, Stopping threads took: 0.0000206 seconds
[2019-12-09T08:19:02.390+0000][1][safepoint    ] Application time: 1.0000798 seconds
[2019-12-09T08:19:02.390+0000][1][safepoint    ] Entering safepoint region: Cleanup
[2019-12-09T08:19:02.390+0000][1][safepoint    ] Leaving safepoint region
[2019-12-09T08:19:02.390+0000][1][safepoint    ] Total time for which application threads were stopped: 0.0000893 seconds, Stopping threads took: 0.0000200 seconds
[2019-12-09T08:19:03.391+0000][1][safepoint    ] Application time: 1.0000776 seconds
[2019-12-09T08:19:03.391+0000][1][safepoint    ] Entering safepoint region: Cleanup
[2019-12-09T08:19:03.391+0000][1][safepoint    ] Leaving safepoint region
[2019-12-09T08:19:03.391+0000][1][safepoint    ] Total time for which application threads were stopped: 0.0000870 seconds, Stopping threads took: 0.0000185 seconds
[2019-12-09T08:19:04.391+0000][1][safepoint    ] Application time: 1.0000765 seconds
[2019-12-09T08:19:04.391+0000][1][safepoint    ] Entering safepoint region: Cleanup
[2019-12-09T08:19:04.391+0000][1][safepoint    ] Leaving safepoint region
[2019-12-09T08:19:04.391+0000][1][safepoint    ] Total time for which application threads were stopped: 0.0000891 seconds, Stopping threads took: 0.0000210 seconds
[2019-12-09T08:19:05.391+0000][1][safepoint    ] Application time: 1.0000773 seconds
[2019-12-09T08:19:05.391+0000][1][safepoint    ] Entering safepoint region: Cleanup
[2019-12-09T08:19:05.391+0000][1][safepoint    ] Leaving safepoint region
[2019-12-09T08:19:05.391+0000][1][safepoint    ] Total time for which application threads were stopped: 0.0000881 seconds, Stopping threads took: 0.0000212 seconds
[2019-12-09T08:19:06.391+0000][1][safepoint    ] Application time: 1.0000783 seconds
[2019-12-09T08:19:06.391+0000][1][safepoint    ] Entering safepoint region: Cleanup
[2019-12-09T08:19:06.391+0000][1][safepoint    ] Leaving safepoint region
[2019-12-09T08:19:06.391+0000][1][safepoint    ] Total time for which application threads were stopped: 0.0000884 seconds, Stopping threads took: 0.0000194 seconds
[2019-12-09T08:19:07.391+0000][1][safepoint    ] Application time: 1.0000758 seconds
[2019-12-09T08:19:07.391+0000][1][safepoint    ] Entering safepoint region: Cleanup
[2019-12-09T08:19:07.391+0000][1][safepoint    ] Leaving safepoint region
[2019-12-09T08:19:07.391+0000][1][safepoint    ] Total time for which application threads were stopped: 0.0000859 seconds, Stopping threads took: 0.0000184 seconds
[2019-12-09T08:19:08.392+0000][1][safepoint    ] Application time: 1.0000756 seconds
[2019-12-09T08:19:08.392+0000][1][safepoint    ] Entering safepoint region: Cleanup
[2019-12-09T08:19:08.392+0000][1][safepoint    ] Leaving safepoint region
[2019-12-09T08:19:08.392+0000][1][safepoint    ] Total time for which application threads were stopped: 0.0000868 seconds, Stopping threads took: 0.0000189 seconds
[2019-12-09T08:19:09.392+0000][1][safepoint    ] Application time: 1.0000757 seconds
[2019-12-09T08:19:09.392+0000][1][safepoint    ] Entering safepoint region: Cleanup
[2019-12-09T08:19:09.392+0000][1][safepoint    ] Leaving safepoint region
[2019-12-09T08:19:09.392+0000][1][safepoint    ] Total time for which application threads were stopped: 0.0000892 seconds, Stopping threads took: 0.0000192 seconds
[2019-12-09T08:19:10.392+0000][1][safepoint    ] Application time: 1.0000743 seconds
[2019-12-09T08:19:10.392+0000][1][safepoint    ] Entering safepoint region: Cleanup
[2019-12-09T08:19:10.392+0000][1][safepoint    ] Leaving safepoint region
[2019-12-09T08:19:10.392+0000][1][safepoint    ] Total time for which application threads were stopped: 0.0000865 seconds, Stopping threads took: 0.0000184 seconds
[2019-12-09T08:19:11.392+0000][1][safepoint    ] Application time: 1.0000753 seconds
[2019-12-09T08:19:11.392+0000][1][safepoint    ] Entering safepoint region: Cleanup
[2019-12-09T08:19:11.392+0000][1][safepoint    ] Leaving safepoint region
[2019-12-09T08:19:11.392+0000][1][safepoint    ] Total time for which application threads were stopped: 0.0000867 seconds, Stopping threads took: 0.0000198 seconds
[2019-12-09T08:19:12.392+0000][1][safepoint    ] Application time: 1.0000773 seconds
[2019-12-09T08:19:12.392+0000][1][safepoint    ] Entering safepoint region: Cleanup
[2019-12-09T08:19:12.393+0000][1][safepoint    ] Leaving safepoint region
[2019-12-09T08:19:12.393+0000][1][safepoint    ] Total time for which application threads were stopped: 0.0000872 seconds, Stopping threads took: 0.0000188 seconds
[2019-12-09T08:19:13.393+0000][1][safepoint    ] Application time: 1.0000779 seconds
[2019-12-09T08:19:13.393+0000][1][safepoint    ] Entering safepoint region: Cleanup
[2019-12-09T08:19:13.393+0000][1][safepoint    ] Leaving safepoint region
[2019-12-09T08:19:13.393+0000][1][safepoint    ] Total time for which application threads were stopped: 0.0000997 seconds, Stopping threads took: 0.0000308 seconds
[2019-12-09T08:19:13.700+0000][1][safepoint    ] Application time: 0.3073187 seconds
[2019-12-09T08:19:13.700+0000][1][safepoint    ] Entering safepoint region: GenCollectForAllocation
[2019-12-09T08:19:13.700+0000][1][gc,start     ] GC(134) Pause Young (Allocation Failure)
[2019-12-09T08:19:13.700+0000][1][gc,task      ] GC(134) Using 2 workers of 2 for evacuation
[2019-12-09T08:19:13.702+0000][1][gc,age       ] GC(134) Desired survivor size 4456448 bytes, new threshold 6 (max threshold 6)
[2019-12-09T08:19:13.702+0000][1][gc,age       ] GC(134) Age table with threshold 6 (max threshold 6)
[2019-12-09T08:19:13.702+0000][1][gc,age       ] GC(134) - age   1:     754416 bytes,     754416 total
[2019-12-09T08:19:13.702+0000][1][gc,age       ] GC(134) - age   3:       1008 bytes,     755424 total
[2019-12-09T08:19:13.702+0000][1][gc,age       ] GC(134) - age   5:        104 bytes,     755528 total
[2019-12-09T08:19:13.702+0000][1][gc,heap      ] GC(134) ParNew: 70757K->834K(78656K)
[2019-12-09T08:19:13.702+0000][1][gc,heap      ] GC(134) CMS: 70969K->70969K(174784K)
[2019-12-09T08:19:13.702+0000][1][gc,metaspace ] GC(134) Metaspace: 76575K->76575K(1120256K)
[2019-12-09T08:19:13.702+0000][1][gc           ] GC(134) Pause Young (Allocation Failure) 138M->70M(247M) 1.802ms
[2019-12-09T08:19:13.702+0000][1][gc,cpu       ] GC(134) User=0.01s Sys=0.00s Real=0.00s
[2019-12-09T08:19:13.702+0000][1][safepoint    ] Leaving safepoint region
[2019-12-09T08:19:13.702+0000][1][safepoint    ] Total time for which application threads were stopped: 0.0019506 seconds, Stopping threads took: 0.0000161 seconds
[2019-12-09T08:19:14.702+0000][1][safepoint    ] Application time: 1.0000860 seconds
[2019-12-09T08:19:14.702+0000][1][safepoint    ] Entering safepoint region: Cleanup
[2019-12-09T08:19:14.702+0000][1][safepoint    ] Leaving safepoint region
[2019-12-09T08:19:14.702+0000][1][safepoint    ] Total time for which application threads were stopped: 0.0000862 seconds, Stopping threads took: 0.0000189 seconds
[2019-12-09T08:19:15.702+0000][1][safepoint    ] Application time: 1.0000757 seconds
[2019-12-09T08:19:15.702+0000][1][safepoint    ] Entering safepoint region: Cleanup
[2019-12-09T08:19:15.702+0000][1][safepoint    ] Leaving safepoint region
[2019-12-09T08:19:15.703+0000][1][safepoint    ] Total time for which application threads were stopped: 0.0000884 seconds, Stopping threads took: 0.0000198 seconds
[2019-12-09T08:19:16.703+0000][1][safepoint    ] Application time: 1.0000756 seconds
[2019-12-09T08:19:16.703+0000][1][safepoint    ] Entering safepoint region: Cleanup
[2019-12-09T08:19:16.703+0000][1][safepoint    ] Leaving safepoint region
[2019-12-09T08:19:16.703+0000][1][safepoint    ] Total time for which application threads were stopped: 0.0000971 seconds, Stopping threads took: 0.0000187 seconds
[2019-12-09T08:19:17.703+0000][1][safepoint    ] Application time: 1.0000743 seconds
[2019-12-09T08:19:17.703+0000][1][safepoint    ] Entering safepoint region: Cleanup
[2019-12-09T08:19:17.703+0000][1][safepoint    ] Leaving safepoint region
[2019-12-09T08:19:17.703+0000][1][safepoint    ] Total time for which application threads were stopped: 0.0000835 seconds, Stopping threads took: 0.0000179 seconds
[2019-12-09T08:19:18.703+0000][1][safepoint    ] Application time: 1.0000751 seconds
[2019-12-09T08:19:18.703+0000][1][safepoint    ] Entering safepoint region: Cleanup
[2019-12-09T08:19:18.703+0000][1][safepoint    ] Leaving safepoint region
[2019-12-09T08:19:18.703+0000][1][safepoint    ] Total time for which application threads were stopped: 0.0000871 seconds, Stopping threads took: 0.0000199 seconds
[2019-12-09T08:19:19.703+0000][1][safepoint    ] Application time: 1.0000753 seconds
[2019-12-09T08:19:19.703+0000][1][safepoint    ] Entering safepoint region: Cleanup
[2019-12-09T08:19:19.703+0000][1][safepoint    ] Leaving safepoint region
[2019-12-09T08:19:19.703+0000][1][safepoint    ] Total time for which application threads were stopped: 0.0000872 seconds, Stopping threads took: 0.0000183 seconds
[2019-12-09T08:19:20.703+0000][1][safepoint    ] Application time: 1.0000750 seconds
[2019-12-09T08:19:20.703+0000][1][safepoint    ] Entering safepoint region: Cleanup
[2019-12-09T08:19:20.704+0000][1][safepoint    ] Leaving safepoint region
[2019-12-09T08:19:20.704+0000][1][safepoint    ] Total time for which application threads were stopped: 0.0000896 seconds, Stopping threads took: 0.0000199 seconds
[2019-12-09T08:19:21.704+0000][1][safepoint    ] Application time: 1.0000765 seconds
[2019-12-09T08:19:21.704+0000][1][safepoint    ] Entering safepoint region: Cleanup
[2019-12-09T08:19:21.704+0000][1][safepoint    ] Leaving safepoint region
[2019-12-09T08:19:21.704+0000][1][safepoint    ] Total time for which application threads were stopped: 0.0001041 seconds, Stopping threads took: 0.0000346 seconds
[2019-12-09T08:19:22.704+0000][1][safepoint    ] Application time: 1.0000746 seconds
[2019-12-09T08:19:22.704+0000][1][safepoint    ] Entering safepoint region: Cleanup
[2019-12-09T08:19:22.704+0000][1][safepoint    ] Leaving safepoint region
[2019-12-09T08:19:22.704+0000][1][safepoint    ] Total time for which application threads were stopped: 0.0000847 seconds, Stopping threads took: 0.0000178 seconds
[2019-12-09T08:19:23.704+0000][1][safepoint    ] Application time: 1.0000791 seconds
[2019-12-09T08:19:23.704+0000][1][safepoint    ] Entering safepoint region: Cleanup
[2019-12-09T08:19:23.704+0000][1][safepoint    ] Leaving safepoint region
[2019-12-09T08:19:23.704+0000][1][safepoint    ] Total time for which application threads were stopped: 0.0000826 seconds, Stopping threads took: 0.0000164 seconds
[2019-12-09T08:19:24.704+0000][1][safepoint    ] Application time: 1.0000744 seconds
[2019-12-09T08:19:24.704+0000][1][safepoint    ] Entering safepoint region: Cleanup
[2019-12-09T08:19:24.704+0000][1][safepoint    ] Leaving safepoint region
[2019-12-09T08:19:24.704+0000][1][safepoint    ] Total time for which application threads were stopped: 0.0000860 seconds, Stopping threads took: 0.0000186 seconds
[2019-12-09T08:19:25.704+0000][1][safepoint    ] Application time: 1.0000807 seconds
[2019-12-09T08:19:25.705+0000][1][safepoint    ] Entering safepoint region: Cleanup
[2019-12-09T08:19:25.705+0000][1][safepoint    ] Leaving safepoint region
[2019-12-09T08:19:25.705+0000][1][safepoint    ] Total time for which application threads were stopped: 0.0000883 seconds, Stopping threads took: 0.0000190 seconds
[2019-12-09T08:19:26.705+0000][1][safepoint    ] Application time: 1.0000748 seconds
[2019-12-09T08:19:26.705+0000][1][safepoint    ] Entering safepoint region: Cleanup
[2019-12-09T08:19:26.705+0000][1][safepoint    ] Leaving safepoint region
[2019-12-09T08:19:26.705+0000][1][safepoint    ] Total time for which application threads were stopped: 0.0000857 seconds, Stopping threads took: 0.0000187 seconds
[2019-12-09T08:19:27.705+0000][1][safepoint    ] Application time: 1.0000769 seconds
[2019-12-09T08:19:27.705+0000][1][safepoint    ] Entering safepoint region: Cleanup
[2019-12-09T08:19:27.705+0000][1][safepoint    ] Leaving safepoint region
[2019-12-09T08:19:27.705+0000][1][safepoint    ] Total time for which application threads were stopped: 0.0000846 seconds, Stopping threads took: 0.0000181 seconds
[2019-12-09T08:19:28.705+0000][1][safepoint    ] Application time: 1.0000761 seconds
[2019-12-09T08:19:28.705+0000][1][safepoint    ] Entering safepoint region: Cleanup
[2019-12-09T08:19:28.705+0000][1][safepoint    ] Leaving safepoint region
[2019-12-09T08:19:28.705+0000][1][safepoint    ] Total time for which application threads were stopped: 0.0000878 seconds, Stopping threads took: 0.0000202 seconds
[2019-12-09T08:19:29.705+0000][1][safepoint    ] Application time: 1.0000753 seconds
[2019-12-09T08:19:29.705+0000][1][safepoint    ] Entering safepoint region: Cleanup
[2019-12-09T08:19:29.705+0000][1][safepoint    ] Leaving safepoint region
[2019-12-09T08:19:29.705+0000][1][safepoint    ] Total time for which application threads were stopped: 0.0000876 seconds, Stopping threads took: 0.0000192 seconds
[2019-12-09T08:19:30.706+0000][1][safepoint    ] Application time: 1.0000749 seconds
[2019-12-09T08:19:30.706+0000][1][safepoint    ] Entering safepoint region: Cleanup
[2019-12-09T08:19:30.706+0000][1][safepoint    ] Leaving safepoint region
[2019-12-09T08:19:30.706+0000][1][safepoint    ] Total time for which application threads were stopped: 0.0000880 seconds, Stopping threads took: 0.0000201 seconds
[2019-12-09T08:19:31.706+0000][1][safepoint    ] Application time: 1.0000758 seconds
[2019-12-09T08:19:31.706+0000][1][safepoint    ] Entering safepoint region: Cleanup
[2019-12-09T08:19:31.706+0000][1][safepoint    ] Leaving safepoint region
[2019-12-09T08:19:31.706+0000][1][safepoint    ] Total time for which application threads were stopped: 0.0000874 seconds, Stopping threads took: 0.0000180 seconds
[2019-12-09T08:19:32.706+0000][1][safepoint    ] Application time: 1.0000759 seconds
[2019-12-09T08:19:32.706+0000][1][safepoint    ] Entering safepoint region: Cleanup
[2019-12-09T08:19:32.706+0000][1][safepoint    ] Leaving safepoint region
[2019-12-09T08:19:32.706+0000][1][safepoint    ] Total time for which application threads were stopped: 0.0000823 seconds, Stopping threads took: 0.0000184 seconds
[2019-12-09T08:19:33.706+0000][1][safepoint    ] Application time: 1.0000902 seconds
[2019-12-09T08:19:33.706+0000][1][safepoint    ] Entering safepoint region: Cleanup
[2019-12-09T08:19:33.706+0000][1][safepoint    ] Leaving safepoint region
[2019-12-09T08:19:33.706+0000][1][safepoint    ] Total time for which application threads were stopped: 0.0000854 seconds, Stopping threads took: 0.0000176 seconds
[2019-12-09T08:19:34.706+0000][1][safepoint    ] Application time: 1.0000783 seconds
[2019-12-09T08:19:34.706+0000][1][safepoint    ] Entering safepoint region: Cleanup
[2019-12-09T08:19:34.706+0000][1][safepoint    ] Leaving safepoint region
[2019-12-09T08:19:34.706+0000][1][safepoint    ] Total time for which application threads were stopped: 0.0000873 seconds, Stopping threads took: 0.0000215 seconds
[2019-12-09T08:19:35.707+0000][1][safepoint    ] Application time: 1.0000767 seconds
[2019-12-09T08:19:35.707+0000][1][safepoint    ] Entering safepoint region: Cleanup
[2019-12-09T08:19:35.707+0000][1][safepoint    ] Leaving safepoint region
[2019-12-09T08:19:35.707+0000][1][safepoint    ] Total time for which application threads were stopped: 0.0001019 seconds, Stopping threads took: 0.0000195 seconds
[2019-12-09T08:19:36.707+0000][1][safepoint    ] Application time: 1.0000729 seconds
[2019-12-09T08:19:36.707+0000][1][safepoint    ] Entering safepoint region: Cleanup
[2019-12-09T08:19:36.707+0000][1][safepoint    ] Leaving safepoint region
[2019-12-09T08:19:36.707+0000][1][safepoint    ] Total time for which application threads were stopped: 0.0000851 seconds, Stopping threads took: 0.0000185 seconds
[2019-12-09T08:19:38.452+0000][1][safepoint    ] Application time: 1.7450033 seconds
[2019-12-09T08:19:38.452+0000][1][safepoint    ] Entering safepoint region: Cleanup
[2019-12-09T08:19:38.452+0000][1][safepoint    ] Leaving safepoint region
[2019-12-09T08:19:38.452+0000][1][safepoint    ] Total time for which application threads were stopped: 0.0000878 seconds, Stopping threads took: 0.0000169 seconds
[2019-12-09T08:19:39.452+0000][1][safepoint    ] Application time: 1.0000743 seconds
[2019-12-09T08:19:39.452+0000][1][safepoint    ] Entering safepoint region: Cleanup
[2019-12-09T08:19:39.452+0000][1][safepoint    ] Leaving safepoint region
[2019-12-09T08:19:39.452+0000][1][safepoint    ] Total time for which application threads were stopped: 0.0000875 seconds, Stopping threads took: 0.0000190 seconds
[2019-12-09T08:19:40.452+0000][1][safepoint    ] Application time: 1.0000903 seconds
[2019-12-09T08:19:40.452+0000][1][safepoint    ] Entering safepoint region: Cleanup
[2019-12-09T08:19:40.453+0000][1][safepoint    ] Leaving safepoint region
[2019-12-09T08:19:40.453+0000][1][safepoint    ] Total time for which application threads were stopped: 0.0001395 seconds, Stopping threads took: 0.0000530 seconds
[2019-12-09T08:19:41.453+0000][1][safepoint    ] Application time: 1.0000861 seconds
[2019-12-09T08:19:41.453+0000][1][safepoint    ] Entering safepoint region: Cleanup
[2019-12-09T08:19:41.453+0000][1][safepoint    ] Leaving safepoint region
[2019-12-09T08:19:41.453+0000][1][safepoint    ] Total time for which application threads were stopped: 0.0001000 seconds, Stopping threads took: 0.0000323 seconds
[2019-12-09T08:19:42.453+0000][1][safepoint    ] Application time: 1.0000754 seconds
[2019-12-09T08:19:42.453+0000][1][safepoint    ] Entering safepoint region: Cleanup
[2019-12-09T08:19:42.453+0000][1][safepoint    ] Leaving safepoint region
[2019-12-09T08:19:42.453+0000][1][safepoint    ] Total time for which application threads were stopped: 0.0000883 seconds, Stopping threads took: 0.0000196 seconds
[2019-12-09T08:19:43.453+0000][1][safepoint    ] Application time: 1.0000744 seconds
[2019-12-09T08:19:43.453+0000][1][safepoint    ] Entering safepoint region: Cleanup
[2019-12-09T08:19:43.453+0000][1][safepoint    ] Leaving safepoint region
[2019-12-09T08:19:43.453+0000][1][safepoint    ] Total time for which application threads were stopped: 0.0000858 seconds, Stopping threads took: 0.0000198 seconds
[2019-12-09T08:19:44.453+0000][1][safepoint    ] Application time: 1.0000768 seconds
[2019-12-09T08:19:44.453+0000][1][safepoint    ] Entering safepoint region: Cleanup
[2019-12-09T08:19:44.453+0000][1][safepoint    ] Leaving safepoint region
[2019-12-09T08:19:44.453+0000][1][safepoint    ] Total time for which application threads were stopped: 0.0000877 seconds, Stopping threads took: 0.0000192 seconds
[2019-12-09T08:19:45.453+0000][1][safepoint    ] Application time: 1.0000761 seconds
[2019-12-09T08:19:45.454+0000][1][safepoint    ] Entering safepoint region: Cleanup
[2019-12-09T08:19:45.454+0000][1][safepoint    ] Leaving safepoint region
[2019-12-09T08:19:45.454+0000][1][safepoint    ] Total time for which application threads were stopped: 0.0000876 seconds, Stopping threads took: 0.0000189 seconds
[2019-12-09T08:19:46.454+0000][1][safepoint    ] Application time: 1.0000857 seconds
[2019-12-09T08:19:46.454+0000][1][safepoint    ] Entering safepoint region: Cleanup
[2019-12-09T08:19:46.454+0000][1][safepoint    ] Leaving safepoint region
[2019-12-09T08:19:46.454+0000][1][safepoint    ] Total time for which application threads were stopped: 0.0000875 seconds, Stopping threads took: 0.0000199 seconds
[2019-12-09T08:19:47.454+0000][1][safepoint    ] Application time: 1.0000742 seconds
[2019-12-09T08:19:47.454+0000][1][safepoint    ] Entering safepoint region: Cleanup
[2019-12-09T08:19:47.454+0000][1][safepoint    ] Leaving safepoint region
[2019-12-09T08:19:47.454+0000][1][safepoint    ] Total time for which application threads were stopped: 0.0000834 seconds, Stopping threads took: 0.0000181 seconds
[2019-12-09T08:19:48.454+0000][1][safepoint    ] Application time: 1.0000771 seconds
[2019-12-09T08:19:48.454+0000][1][safepoint    ] Entering safepoint region: Cleanup
[2019-12-09T08:19:48.454+0000][1][safepoint    ] Leaving safepoint region
[2019-12-09T08:19:48.454+0000][1][safepoint    ] Total time for which application threads were stopped: 0.0000823 seconds, Stopping threads took: 0.0000178 seconds
[2019-12-09T08:19:49.454+0000][1][safepoint    ] Application time: 1.0000788 seconds
[2019-12-09T08:19:49.454+0000][1][safepoint    ] Entering safepoint region: Cleanup
[2019-12-09T08:19:49.454+0000][1][safepoint    ] Leaving safepoint region
[2019-12-09T08:19:49.454+0000][1][safepoint    ] Total time for which application threads were stopped: 0.0000805 seconds, Stopping threads took: 0.0000163 seconds
[2019-12-09T08:19:50.454+0000][1][safepoint    ] Application time: 1.0000728 seconds
[2019-12-09T08:19:50.455+0000][1][safepoint    ] Entering safepoint region: Cleanup
[2019-12-09T08:19:50.455+0000][1][safepoint    ] Leaving safepoint region
[2019-12-09T08:19:50.455+0000][1][safepoint    ] Total time for which application threads were stopped: 0.0000808 seconds, Stopping threads took: 0.0000168 seconds
[2019-12-09T08:19:51.940+0000][1][safepoint    ] Application time: 1.4853465 seconds
[2019-12-09T08:19:51.940+0000][1][safepoint    ] Entering safepoint region: Cleanup
[2019-12-09T08:19:51.940+0000][1][safepoint    ] Leaving safepoint region
[2019-12-09T08:19:51.940+0000][1][safepoint    ] Total time for which application threads were stopped: 0.0001053 seconds, Stopping threads took: 0.0000267 seconds
[2019-12-09T08:19:52.940+0000][1][safepoint    ] Application time: 1.0000786 seconds
[2019-12-09T08:19:52.940+0000][1][safepoint    ] Entering safepoint region: Cleanup
[2019-12-09T08:19:52.940+0000][1][safepoint    ] Leaving safepoint region
[2019-12-09T08:19:52.940+0000][1][safepoint    ] Total time for which application threads were stopped: 0.0000880 seconds, Stopping threads took: 0.0000188 seconds
[2019-12-09T08:19:53.940+0000][1][safepoint    ] Application time: 1.0000770 seconds
[2019-12-09T08:19:53.940+0000][1][safepoint    ] Entering safepoint region: Cleanup
[2019-12-09T08:19:53.940+0000][1][safepoint    ] Leaving safepoint region
[2019-12-09T08:19:53.940+0000][1][safepoint    ] Total time for which application threads were stopped: 0.0000870 seconds, Stopping threads took: 0.0000193 seconds
[2019-12-09T08:19:54.941+0000][1][safepoint    ] Application time: 1.0000780 seconds
[2019-12-09T08:19:54.941+0000][1][safepoint    ] Entering safepoint region: Cleanup
[2019-12-09T08:19:54.941+0000][1][safepoint    ] Leaving safepoint region
[2019-12-09T08:19:54.941+0000][1][safepoint    ] Total time for which application threads were stopped: 0.0001011 seconds, Stopping threads took: 0.0000201 seconds
[2019-12-09T08:19:55.941+0000][1][safepoint    ] Application time: 1.0000779 seconds
[2019-12-09T08:19:55.941+0000][1][safepoint    ] Entering safepoint region: Cleanup
[2019-12-09T08:19:55.941+0000][1][safepoint    ] Leaving safepoint region
[2019-12-09T08:19:55.941+0000][1][safepoint    ] Total time for which application threads were stopped: 0.0000875 seconds, Stopping threads took: 0.0000199 seconds
[2019-12-09T08:19:56.310+0000][1][safepoint    ] Application time: 0.3694168 seconds
[2019-12-09T08:19:56.310+0000][1][safepoint    ] Entering safepoint region: GenCollectForAllocation
[2019-12-09T08:19:56.310+0000][1][gc,start     ] GC(135) Pause Young (Allocation Failure)
[2019-12-09T08:19:56.311+0000][1][gc,task      ] GC(135) Using 2 workers of 2 for evacuation
[2019-12-09T08:19:56.312+0000][1][gc,age       ] GC(135) Desired survivor size 4456448 bytes, new threshold 6 (max threshold 6)
[2019-12-09T08:19:56.312+0000][1][gc,age       ] GC(135) Age table with threshold 6 (max threshold 6)
[2019-12-09T08:19:56.312+0000][1][gc,age       ] GC(135) - age   1:     755368 bytes,     755368 total
[2019-12-09T08:19:56.312+0000][1][gc,age       ] GC(135) - age   4:       1008 bytes,     756376 total
[2019-12-09T08:19:56.312+0000][1][gc,age       ] GC(135) - age   6:        104 bytes,     756480 total
[2019-12-09T08:19:56.312+0000][1][gc,heap      ] GC(135) ParNew: 70749K->761K(78656K)
[2019-12-09T08:19:56.312+0000][1][gc,heap      ] GC(135) CMS: 70969K->70969K(174784K)
[2019-12-09T08:19:56.312+0000][1][gc,metaspace ] GC(135) Metaspace: 76577K->76577K(1120256K)
[2019-12-09T08:19:56.312+0000][1][gc           ] GC(135) Pause Young (Allocation Failure) 138M->70M(247M) 1.880ms
[2019-12-09T08:19:56.312+0000][1][gc,cpu       ] GC(135) User=0.00s Sys=0.00s Real=0.00s
[2019-12-09T08:19:56.312+0000][1][safepoint    ] Leaving safepoint region
[2019-12-09T08:19:56.312+0000][1][safepoint    ] Total time for which application threads were stopped: 0.0020369 seconds, Stopping threads took: 0.0000182 seconds
[2019-12-09T08:19:57.312+0000][1][safepoint    ] Application time: 1.0000884 seconds
[2019-12-09T08:19:57.313+0000][1][safepoint    ] Entering safepoint region: Cleanup
[2019-12-09T08:19:57.313+0000][1][safepoint    ] Leaving safepoint region
[2019-12-09T08:19:57.313+0000][1][safepoint    ] Total time for which application threads were stopped: 0.0000940 seconds, Stopping threads took: 0.0000227 seconds
[2019-12-09T08:19:58.313+0000][1][safepoint    ] Application time: 1.0000789 seconds
[2019-12-09T08:19:58.313+0000][1][safepoint    ] Entering safepoint region: Cleanup
[2019-12-09T08:19:58.313+0000][1][safepoint    ] Leaving safepoint region
[2019-12-09T08:19:58.313+0000][1][safepoint    ] Total time for which application threads were stopped: 0.0000896 seconds, Stopping threads took: 0.0000200 seconds
[2019-12-09T08:19:59.313+0000][1][safepoint    ] Application time: 1.0000751 seconds
[2019-12-09T08:19:59.313+0000][1][safepoint    ] Entering safepoint region: Cleanup
[2019-12-09T08:19:59.313+0000][1][safepoint    ] Leaving safepoint region
[2019-12-09T08:19:59.313+0000][1][safepoint    ] Total time for which application threads were stopped: 0.0000951 seconds, Stopping threads took: 0.0000243 seconds
[2019-12-09T08:20:00.313+0000][1][safepoint    ] Application time: 1.0000757 seconds
[2019-12-09T08:20:00.313+0000][1][safepoint    ] Entering safepoint region: Cleanup
[2019-12-09T08:20:00.313+0000][1][safepoint    ] Leaving safepoint region
[2019-12-09T08:20:00.313+0000][1][safepoint    ] Total time for which application threads were stopped: 0.0000874 seconds, Stopping threads took: 0.0000184 seconds
[2019-12-09T08:20:01.313+0000][1][safepoint    ] Application time: 1.0000752 seconds
[2019-12-09T08:20:01.313+0000][1][safepoint    ] Entering safepoint region: Cleanup
[2019-12-09T08:20:01.313+0000][1][safepoint    ] Leaving safepoint region
[2019-12-09T08:20:01.313+0000][1][safepoint    ] Total time for which application threads were stopped: 0.0000863 seconds, Stopping threads took: 0.0000176 seconds
[2019-12-09T08:20:02.314+0000][1][safepoint    ] Application time: 1.0000751 seconds
[2019-12-09T08:20:02.314+0000][1][safepoint    ] Entering safepoint region: Cleanup
[2019-12-09T08:20:02.314+0000][1][safepoint    ] Leaving safepoint region
[2019-12-09T08:20:02.314+0000][1][safepoint    ] Total time for which application threads were stopped: 0.0001122 seconds, Stopping threads took: 0.0000289 seconds
[2019-12-09T08:20:03.314+0000][1][safepoint    ] Application time: 1.0000753 seconds
[2019-12-09T08:20:03.314+0000][1][safepoint    ] Entering safepoint region: Cleanup
[2019-12-09T08:20:03.314+0000][1][safepoint    ] Leaving safepoint region
[2019-12-09T08:20:03.314+0000][1][safepoint    ] Total time for which application threads were stopped: 0.0000901 seconds, Stopping threads took: 0.0000201 seconds
[2019-12-09T08:20:04.314+0000][1][safepoint    ] Application time: 1.0000771 seconds
[2019-12-09T08:20:04.314+0000][1][safepoint    ] Entering safepoint region: Cleanup
[2019-12-09T08:20:04.314+0000][1][safepoint    ] Leaving safepoint region
[2019-12-09T08:20:04.314+0000][1][safepoint    ] Total time for which application threads were stopped: 0.0000966 seconds, Stopping threads took: 0.0000178 seconds
[2019-12-09T08:20:05.314+0000][1][safepoint    ] Application time: 1.0000754 seconds
[2019-12-09T08:20:05.314+0000][1][safepoint    ] Entering safepoint region: Cleanup
[2019-12-09T08:20:05.314+0000][1][safepoint    ] Leaving safepoint region
[2019-12-09T08:20:05.314+0000][1][safepoint    ] Total time for which application threads were stopped: 0.0000873 seconds, Stopping threads took: 0.0000202 seconds
[2019-12-09T08:20:06.314+0000][1][safepoint    ] Application time: 1.0000768 seconds
[2019-12-09T08:20:06.314+0000][1][safepoint    ] Entering safepoint region: Cleanup
[2019-12-09T08:20:06.315+0000][1][safepoint    ] Leaving safepoint region
[2019-12-09T08:20:06.315+0000][1][safepoint    ] Total time for which application threads were stopped: 0.0000878 seconds, Stopping threads took: 0.0000193 seconds
[2019-12-09T08:20:07.315+0000][1][safepoint    ] Application time: 1.0000790 seconds
[2019-12-09T08:20:07.315+0000][1][safepoint    ] Entering safepoint region: Cleanup
[2019-12-09T08:20:07.315+0000][1][safepoint    ] Leaving safepoint region
[2019-12-09T08:20:07.315+0000][1][safepoint    ] Total time for which application threads were stopped: 0.0001059 seconds, Stopping threads took: 0.0000383 seconds
[2019-12-09T08:20:08.315+0000][1][safepoint    ] Application time: 1.0000762 seconds
[2019-12-09T08:20:08.315+0000][1][safepoint    ] Entering safepoint region: Cleanup
[2019-12-09T08:20:08.315+0000][1][safepoint    ] Leaving safepoint region
[2019-12-09T08:20:08.315+0000][1][safepoint    ] Total time for which application threads were stopped: 0.0000863 seconds, Stopping threads took: 0.0000182 seconds
[2019-12-09T08:20:09.315+0000][1][safepoint    ] Application time: 1.0000758 seconds
[2019-12-09T08:20:09.315+0000][1][safepoint    ] Entering safepoint region: Cleanup
[2019-12-09T08:20:09.315+0000][1][safepoint    ] Leaving safepoint region
[2019-12-09T08:20:09.315+0000][1][safepoint    ] Total time for which application threads were stopped: 0.0000906 seconds, Stopping threads took: 0.0000198 seconds
[2019-12-09T08:20:10.315+0000][1][safepoint    ] Application time: 1.0000763 seconds
[2019-12-09T08:20:10.315+0000][1][safepoint    ] Entering safepoint region: Cleanup
[2019-12-09T08:20:10.315+0000][1][safepoint    ] Leaving safepoint region
[2019-12-09T08:20:10.315+0000][1][safepoint    ] Total time for which application threads were stopped: 0.0000915 seconds, Stopping threads took: 0.0000217 seconds
[2019-12-09T08:20:11.315+0000][1][safepoint    ] Application time: 1.0000753 seconds
[2019-12-09T08:20:11.316+0000][1][safepoint    ] Entering safepoint region: Cleanup
[2019-12-09T08:20:11.316+0000][1][safepoint    ] Leaving safepoint region
[2019-12-09T08:20:11.316+0000][1][safepoint    ] Total time for which application threads were stopped: 0.0000899 seconds, Stopping threads took: 0.0000206 seconds
[2019-12-09T08:20:12.316+0000][1][safepoint    ] Application time: 1.0000745 seconds
[2019-12-09T08:20:12.316+0000][1][safepoint    ] Entering safepoint region: Cleanup
[2019-12-09T08:20:12.316+0000][1][safepoint    ] Leaving safepoint region
[2019-12-09T08:20:12.316+0000][1][safepoint    ] Total time for which application threads were stopped: 0.0000878 seconds, Stopping threads took: 0.0000207 seconds
[2019-12-09T08:20:13.316+0000][1][safepoint    ] Application time: 1.0000771 seconds
[2019-12-09T08:20:13.316+0000][1][safepoint    ] Entering safepoint region: Cleanup
[2019-12-09T08:20:13.316+0000][1][safepoint    ] Leaving safepoint region
[2019-12-09T08:20:13.316+0000][1][safepoint    ] Total time for which application threads were stopped: 0.0000863 seconds, Stopping threads took: 0.0000185 seconds
[2019-12-09T08:20:14.316+0000][1][safepoint    ] Application time: 1.0000763 seconds
[2019-12-09T08:20:14.316+0000][1][safepoint    ] Entering safepoint region: Cleanup
[2019-12-09T08:20:14.316+0000][1][safepoint    ] Leaving safepoint region
[2019-12-09T08:20:14.316+0000][1][safepoint    ] Total time for which application threads were stopped: 0.0000879 seconds, Stopping threads took: 0.0000191 seconds
[2019-12-09T08:20:15.316+0000][1][safepoint    ] Application time: 1.0000872 seconds
[2019-12-09T08:20:15.316+0000][1][safepoint    ] Entering safepoint region: Cleanup
[2019-12-09T08:20:15.316+0000][1][safepoint    ] Leaving safepoint region
[2019-12-09T08:20:15.316+0000][1][safepoint    ] Total time for which application threads were stopped: 0.0001211 seconds, Stopping threads took: 0.0000322 seconds
[2019-12-09T08:20:16.317+0000][1][safepoint    ] Application time: 1.0000757 seconds
[2019-12-09T08:20:16.317+0000][1][safepoint    ] Entering safepoint region: Cleanup
[2019-12-09T08:20:16.317+0000][1][safepoint    ] Leaving safepoint region
[2019-12-09T08:20:16.317+0000][1][safepoint    ] Total time for which application threads were stopped: 0.0001011 seconds, Stopping threads took: 0.0000199 seconds
[2019-12-09T08:20:17.317+0000][1][safepoint    ] Application time: 1.0000744 seconds
[2019-12-09T08:20:17.317+0000][1][safepoint    ] Entering safepoint region: Cleanup
[2019-12-09T08:20:17.317+0000][1][safepoint    ] Leaving safepoint region
[2019-12-09T08:20:17.317+0000][1][safepoint    ] Total time for which application threads were stopped: 0.0000870 seconds, Stopping threads took: 0.0000189 seconds
[2019-12-09T08:20:18.317+0000][1][safepoint    ] Application time: 1.0000799 seconds
[2019-12-09T08:20:18.317+0000][1][safepoint    ] Entering safepoint region: Cleanup
[2019-12-09T08:20:18.317+0000][1][safepoint    ] Leaving safepoint region
[2019-12-09T08:20:18.317+0000][1][safepoint    ] Total time for which application threads were stopped: 0.0001091 seconds, Stopping threads took: 0.0000198 seconds
[2019-12-09T08:20:19.317+0000][1][safepoint    ] Application time: 1.0000748 seconds
[2019-12-09T08:20:19.317+0000][1][safepoint    ] Entering safepoint region: Cleanup
[2019-12-09T08:20:19.317+0000][1][safepoint    ] Leaving safepoint region
[2019-12-09T08:20:19.317+0000][1][safepoint    ] Total time for which application threads were stopped: 0.0000883 seconds, Stopping threads took: 0.0000199 seconds
[2019-12-09T08:20:20.317+0000][1][safepoint    ] Application time: 1.0000768 seconds
[2019-12-09T08:20:20.318+0000][1][safepoint    ] Entering safepoint region: Cleanup
[2019-12-09T08:20:20.318+0000][1][safepoint    ] Leaving safepoint region
[2019-12-09T08:20:20.318+0000][1][safepoint    ] Total time for which application threads were stopped: 0.0000794 seconds, Stopping threads took: 0.0000153 seconds
[2019-12-09T08:20:21.318+0000][1][safepoint    ] Application time: 1.0000754 seconds
[2019-12-09T08:20:21.318+0000][1][safepoint    ] Entering safepoint region: Cleanup
[2019-12-09T08:20:21.318+0000][1][safepoint    ] Leaving safepoint region
[2019-12-09T08:20:21.318+0000][1][safepoint    ] Total time for which application threads were stopped: 0.0000893 seconds, Stopping threads took: 0.0000210 seconds
[2019-12-09T08:20:22.318+0000][1][safepoint    ] Application time: 1.0000773 seconds
[2019-12-09T08:20:22.318+0000][1][safepoint    ] Entering safepoint region: Cleanup
[2019-12-09T08:20:22.318+0000][1][safepoint    ] Leaving safepoint region
[2019-12-09T08:20:22.318+0000][1][safepoint    ] Total time for which application threads were stopped: 0.0000907 seconds, Stopping threads took: 0.0000205 seconds
[2019-12-09T08:20:23.318+0000][1][safepoint    ] Application time: 1.0000755 seconds
[2019-12-09T08:20:23.318+0000][1][safepoint    ] Entering safepoint region: Cleanup
[2019-12-09T08:20:23.318+0000][1][safepoint    ] Leaving safepoint region
[2019-12-09T08:20:23.318+0000][1][safepoint    ] Total time for which application threads were stopped: 0.0000867 seconds, Stopping threads took: 0.0000172 seconds
[2019-12-09T08:20:24.318+0000][1][safepoint    ] Application time: 1.0000752 seconds
[2019-12-09T08:20:24.318+0000][1][safepoint    ] Entering safepoint region: Cleanup
[2019-12-09T08:20:24.318+0000][1][safepoint    ] Leaving safepoint region
[2019-12-09T08:20:24.318+0000][1][safepoint    ] Total time for which application threads were stopped: 0.0000879 seconds, Stopping threads took: 0.0000175 seconds
[2019-12-09T08:20:25.319+0000][1][safepoint    ] Application time: 1.0000823 seconds
[2019-12-09T08:20:25.319+0000][1][safepoint    ] Entering safepoint region: Cleanup
[2019-12-09T08:20:25.319+0000][1][safepoint    ] Leaving safepoint region
[2019-12-09T08:20:25.319+0000][1][safepoint    ] Total time for which application threads were stopped: 0.0001625 seconds, Stopping threads took: 0.0000672 seconds
[2019-12-09T08:20:26.319+0000][1][safepoint    ] Application time: 1.0000816 seconds
[2019-12-09T08:20:26.319+0000][1][safepoint    ] Entering safepoint region: Cleanup
[2019-12-09T08:20:26.319+0000][1][safepoint    ] Leaving safepoint region
[2019-12-09T08:20:26.319+0000][1][safepoint    ] Total time for which application threads were stopped: 0.0000904 seconds, Stopping threads took: 0.0000210 seconds
[2019-12-09T08:20:27.319+0000][1][safepoint    ] Application time: 1.0000750 seconds
[2019-12-09T08:20:27.319+0000][1][safepoint    ] Entering safepoint region: Cleanup
[2019-12-09T08:20:27.319+0000][1][safepoint    ] Leaving safepoint region
[2019-12-09T08:20:27.319+0000][1][safepoint    ] Total time for which application threads were stopped: 0.0000908 seconds, Stopping threads took: 0.0000207 seconds
[2019-12-09T08:20:28.319+0000][1][safepoint    ] Application time: 1.0000743 seconds
[2019-12-09T08:20:28.319+0000][1][safepoint    ] Entering safepoint region: Cleanup
[2019-12-09T08:20:28.319+0000][1][safepoint    ] Leaving safepoint region
[2019-12-09T08:20:28.319+0000][1][safepoint    ] Total time for which application threads were stopped: 0.0000884 seconds, Stopping threads took: 0.0000186 seconds
[2019-12-09T08:20:29.319+0000][1][safepoint    ] Application time: 1.0000750 seconds
[2019-12-09T08:20:29.319+0000][1][safepoint    ] Entering safepoint region: Cleanup
[2019-12-09T08:20:29.320+0000][1][safepoint    ] Leaving safepoint region
[2019-12-09T08:20:29.320+0000][1][safepoint    ] Total time for which application threads were stopped: 0.0000873 seconds, Stopping threads took: 0.0000187 seconds
[2019-12-09T08:20:30.320+0000][1][safepoint    ] Application time: 1.0000757 seconds
[2019-12-09T08:20:30.320+0000][1][safepoint    ] Entering safepoint region: Cleanup
[2019-12-09T08:20:30.320+0000][1][safepoint    ] Leaving safepoint region
[2019-12-09T08:20:30.320+0000][1][safepoint    ] Total time for which application threads were stopped: 0.0000984 seconds, Stopping threads took: 0.0000301 seconds
[2019-12-09T08:20:31.320+0000][1][safepoint    ] Application time: 1.0000770 seconds
[2019-12-09T08:20:31.320+0000][1][safepoint    ] Entering safepoint region: Cleanup
[2019-12-09T08:20:31.320+0000][1][safepoint    ] Leaving safepoint region
[2019-12-09T08:20:31.320+0000][1][safepoint    ] Total time for which application threads were stopped: 0.0000912 seconds, Stopping threads took: 0.0000212 seconds
[2019-12-09T08:20:32.320+0000][1][safepoint    ] Application time: 1.0000776 seconds
[2019-12-09T08:20:32.320+0000][1][safepoint    ] Entering safepoint region: Cleanup
[2019-12-09T08:20:32.320+0000][1][safepoint    ] Leaving safepoint region
[2019-12-09T08:20:32.320+0000][1][safepoint    ] Total time for which application threads were stopped: 0.0000888 seconds, Stopping threads took: 0.0000201 seconds
[2019-12-09T08:20:33.320+0000][1][safepoint    ] Application time: 1.0000764 seconds
[2019-12-09T08:20:33.320+0000][1][safepoint    ] Entering safepoint region: Cleanup
[2019-12-09T08:20:33.320+0000][1][safepoint    ] Leaving safepoint region
[2019-12-09T08:20:33.320+0000][1][safepoint    ] Total time for which application threads were stopped: 0.0000871 seconds, Stopping threads took: 0.0000178 seconds
[2019-12-09T08:20:34.320+0000][1][safepoint    ] Application time: 1.0000744 seconds
[2019-12-09T08:20:34.321+0000][1][safepoint    ] Entering safepoint region: Cleanup
[2019-12-09T08:20:34.321+0000][1][safepoint    ] Leaving safepoint region
[2019-12-09T08:20:34.321+0000][1][safepoint    ] Total time for which application threads were stopped: 0.0000880 seconds, Stopping threads took: 0.0000206 seconds
[2019-12-09T08:20:35.321+0000][1][safepoint    ] Application time: 1.0000842 seconds
[2019-12-09T08:20:35.321+0000][1][safepoint    ] Entering safepoint region: Cleanup
[2019-12-09T08:20:35.321+0000][1][safepoint    ] Leaving safepoint region
[2019-12-09T08:20:35.321+0000][1][safepoint    ] Total time for which application threads were stopped: 0.0000960 seconds, Stopping threads took: 0.0000291 seconds
[2019-12-09T08:20:36.321+0000][1][safepoint    ] Application time: 1.0000755 seconds
[2019-12-09T08:20:36.321+0000][1][safepoint    ] Entering safepoint region: Cleanup
[2019-12-09T08:20:36.321+0000][1][safepoint    ] Leaving safepoint region
[2019-12-09T08:20:36.321+0000][1][safepoint    ] Total time for which application threads were stopped: 0.0000868 seconds, Stopping threads took: 0.0000183 seconds
[2019-12-09T08:20:37.321+0000][1][safepoint    ] Application time: 1.0000760 seconds
[2019-12-09T08:20:37.321+0000][1][safepoint    ] Entering safepoint region: Cleanup
[2019-12-09T08:20:37.321+0000][1][safepoint    ] Leaving safepoint region
[2019-12-09T08:20:37.321+0000][1][safepoint    ] Total time for which application threads were stopped: 0.0000978 seconds, Stopping threads took: 0.0000294 seconds
[2019-12-09T08:20:38.321+0000][1][safepoint    ] Application time: 1.0000762 seconds
[2019-12-09T08:20:38.321+0000][1][safepoint    ] Entering safepoint region: Cleanup
[2019-12-09T08:20:38.321+0000][1][safepoint    ] Leaving safepoint region
[2019-12-09T08:20:38.321+0000][1][safepoint    ] Total time for which application threads were stopped: 0.0000874 seconds, Stopping threads took: 0.0000202 seconds
[2019-12-09T08:20:39.322+0000][1][safepoint    ] Application time: 1.0000754 seconds
[2019-12-09T08:20:39.322+0000][1][safepoint    ] Entering safepoint region: Cleanup
[2019-12-09T08:20:39.322+0000][1][safepoint    ] Leaving safepoint region
[2019-12-09T08:20:39.322+0000][1][safepoint    ] Total time for which application threads were stopped: 0.0000891 seconds, Stopping threads took: 0.0000199 seconds
[2019-12-09T08:20:39.331+0000][1][safepoint    ] Application time: 0.0089272 seconds
[2019-12-09T08:20:39.331+0000][1][safepoint    ] Entering safepoint region: GenCollectForAllocation
[2019-12-09T08:20:39.331+0000][1][gc,start     ] GC(136) Pause Young (Allocation Failure)
[2019-12-09T08:20:39.331+0000][1][gc,task      ] GC(136) Using 2 workers of 2 for evacuation
[2019-12-09T08:20:39.333+0000][1][gc,age       ] GC(136) Desired survivor size 4456448 bytes, new threshold 6 (max threshold 6)
[2019-12-09T08:20:39.333+0000][1][gc,age       ] GC(136) Age table with threshold 6 (max threshold 6)
[2019-12-09T08:20:39.333+0000][1][gc,age       ] GC(136) - age   1:     754792 bytes,     754792 total
[2019-12-09T08:20:39.333+0000][1][gc,age       ] GC(136) - age   2:        192 bytes,     754984 total
[2019-12-09T08:20:39.333+0000][1][gc,age       ] GC(136) - age   5:       1008 bytes,     755992 total
[2019-12-09T08:20:39.333+0000][1][gc,heap      ] GC(136) ParNew: 70695K->744K(78656K)
[2019-12-09T08:20:39.333+0000][1][gc,heap      ] GC(136) CMS: 70969K->70969K(174784K)
[2019-12-09T08:20:39.333+0000][1][gc,metaspace ] GC(136) Metaspace: 76577K->76577K(1120256K)
[2019-12-09T08:20:39.333+0000][1][gc           ] GC(136) Pause Young (Allocation Failure) 138M->70M(247M) 1.934ms
[2019-12-09T08:20:39.333+0000][1][gc,cpu       ] GC(136) User=0.00s Sys=0.00s Real=0.00s
[2019-12-09T08:20:39.333+0000][1][safepoint    ] Leaving safepoint region
[2019-12-09T08:20:39.333+0000][1][safepoint    ] Total time for which application threads were stopped: 0.0021215 seconds, Stopping threads took: 0.0000307 seconds
[2019-12-09T08:20:40.333+0000][1][safepoint    ] Application time: 1.0000926 seconds
[2019-12-09T08:20:40.333+0000][1][safepoint    ] Entering safepoint region: Cleanup
[2019-12-09T08:20:40.333+0000][1][safepoint    ] Leaving safepoint region
[2019-12-09T08:20:40.333+0000][1][safepoint    ] Total time for which application threads were stopped: 0.0000892 seconds, Stopping threads took: 0.0000182 seconds
[2019-12-09T08:20:41.333+0000][1][safepoint    ] Application time: 1.0000805 seconds
[2019-12-09T08:20:41.333+0000][1][safepoint    ] Entering safepoint region: Cleanup
[2019-12-09T08:20:41.333+0000][1][safepoint    ] Leaving safepoint region
[2019-12-09T08:20:41.333+0000][1][safepoint    ] Total time for which application threads were stopped: 0.0000892 seconds, Stopping threads took: 0.0000188 seconds
[2019-12-09T08:20:42.333+0000][1][safepoint    ] Application time: 1.0000756 seconds
[2019-12-09T08:20:42.333+0000][1][safepoint    ] Entering safepoint region: Cleanup
[2019-12-09T08:20:42.333+0000][1][safepoint    ] Leaving safepoint region
[2019-12-09T08:20:42.333+0000][1][safepoint    ] Total time for which application threads were stopped: 0.0000827 seconds, Stopping threads took: 0.0000189 seconds
[2019-12-09T08:20:43.333+0000][1][safepoint    ] Application time: 1.0000757 seconds
[2019-12-09T08:20:43.333+0000][1][safepoint    ] Entering safepoint region: Cleanup
[2019-12-09T08:20:43.334+0000][1][safepoint    ] Leaving safepoint region
[2019-12-09T08:20:43.334+0000][1][safepoint    ] Total time for which application threads were stopped: 0.0000807 seconds, Stopping threads took: 0.0000182 seconds
[2019-12-09T08:20:44.334+0000][1][safepoint    ] Application time: 1.0000752 seconds
[2019-12-09T08:20:44.334+0000][1][safepoint    ] Entering safepoint region: Cleanup
[2019-12-09T08:20:44.334+0000][1][safepoint    ] Leaving safepoint region
[2019-12-09T08:20:44.334+0000][1][safepoint    ] Total time for which application threads were stopped: 0.0000969 seconds, Stopping threads took: 0.0000177 seconds
[2019-12-09T08:20:45.334+0000][1][safepoint    ] Application time: 1.0000737 seconds
[2019-12-09T08:20:45.334+0000][1][safepoint    ] Entering safepoint region: Cleanup
[2019-12-09T08:20:45.334+0000][1][safepoint    ] Leaving safepoint region
[2019-12-09T08:20:45.334+0000][1][safepoint    ] Total time for which application threads were stopped: 0.0000821 seconds, Stopping threads took: 0.0000178 seconds
[2019-12-09T08:20:46.334+0000][1][safepoint    ] Application time: 1.0000757 seconds
[2019-12-09T08:20:46.334+0000][1][safepoint    ] Entering safepoint region: Cleanup
[2019-12-09T08:20:46.334+0000][1][safepoint    ] Leaving safepoint region
[2019-12-09T08:20:46.334+0000][1][safepoint    ] Total time for which application threads were stopped: 0.0000804 seconds, Stopping threads took: 0.0000181 seconds
[2019-12-09T08:20:47.334+0000][1][safepoint    ] Application time: 1.0000743 seconds
[2019-12-09T08:20:47.334+0000][1][safepoint    ] Entering safepoint region: Cleanup
[2019-12-09T08:20:47.334+0000][1][safepoint    ] Leaving safepoint region
[2019-12-09T08:20:47.334+0000][1][safepoint    ] Total time for which application threads were stopped: 0.0000842 seconds, Stopping threads took: 0.0000185 seconds
[2019-12-09T08:20:48.334+0000][1][safepoint    ] Application time: 1.0000738 seconds
[2019-12-09T08:20:48.334+0000][1][safepoint    ] Entering safepoint region: Cleanup
[2019-12-09T08:20:48.334+0000][1][safepoint    ] Leaving safepoint region
[2019-12-09T08:20:48.334+0000][1][safepoint    ] Total time for which application threads were stopped: 0.0000861 seconds, Stopping threads took: 0.0000194 seconds
[2019-12-09T08:20:49.335+0000][1][safepoint    ] Application time: 1.0000735 seconds
[2019-12-09T08:20:49.335+0000][1][safepoint    ] Entering safepoint region: Cleanup
[2019-12-09T08:20:49.335+0000][1][safepoint    ] Leaving safepoint region
[2019-12-09T08:20:49.335+0000][1][safepoint    ] Total time for which application threads were stopped: 0.0000809 seconds, Stopping threads took: 0.0000174 seconds
[2019-12-09T08:20:50.335+0000][1][safepoint    ] Application time: 1.0000739 seconds
[2019-12-09T08:20:50.335+0000][1][safepoint    ] Entering safepoint region: Cleanup
[2019-12-09T08:20:50.335+0000][1][safepoint    ] Leaving safepoint region
[2019-12-09T08:20:50.335+0000][1][safepoint    ] Total time for which application threads were stopped: 0.0000809 seconds, Stopping threads took: 0.0000184 seconds
[2019-12-09T08:20:51.335+0000][1][safepoint    ] Application time: 1.0000751 seconds
[2019-12-09T08:20:51.335+0000][1][safepoint    ] Entering safepoint region: Cleanup
[2019-12-09T08:20:51.335+0000][1][safepoint    ] Leaving safepoint region
[2019-12-09T08:20:51.335+0000][1][safepoint    ] Total time for which application threads were stopped: 0.0001045 seconds, Stopping threads took: 0.0000206 seconds
[2019-12-09T08:20:52.335+0000][1][safepoint    ] Application time: 1.0000765 seconds
[2019-12-09T08:20:52.335+0000][1][safepoint    ] Entering safepoint region: Cleanup
[2019-12-09T08:20:52.335+0000][1][safepoint    ] Leaving safepoint region
[2019-12-09T08:20:52.335+0000][1][safepoint    ] Total time for which application threads were stopped: 0.0000911 seconds, Stopping threads took: 0.0000214 seconds
[2019-12-09T08:20:53.335+0000][1][safepoint    ] Application time: 1.0000763 seconds
[2019-12-09T08:20:53.335+0000][1][safepoint    ] Entering safepoint region: Cleanup
[2019-12-09T08:20:53.335+0000][1][safepoint    ] Leaving safepoint region
[2019-12-09T08:20:53.335+0000][1][safepoint    ] Total time for which application threads were stopped: 0.0000871 seconds, Stopping threads took: 0.0000181 seconds
[2019-12-09T08:20:54.336+0000][1][safepoint    ] Application time: 1.0000769 seconds
[2019-12-09T08:20:54.336+0000][1][safepoint    ] Entering safepoint region: Cleanup
[2019-12-09T08:20:54.336+0000][1][safepoint    ] Leaving safepoint region
[2019-12-09T08:20:54.336+0000][1][safepoint    ] Total time for which application threads were stopped: 0.0000890 seconds, Stopping threads took: 0.0000195 seconds
[2019-12-09T08:20:55.336+0000][1][safepoint    ] Application time: 1.0000769 seconds
[2019-12-09T08:20:55.336+0000][1][safepoint    ] Entering safepoint region: Cleanup
[2019-12-09T08:20:55.336+0000][1][safepoint    ] Leaving safepoint region
[2019-12-09T08:20:55.336+0000][1][safepoint    ] Total time for which application threads were stopped: 0.0000868 seconds, Stopping threads took: 0.0000175 seconds
[2019-12-09T08:20:56.336+0000][1][safepoint    ] Application time: 1.0000769 seconds
[2019-12-09T08:20:56.336+0000][1][safepoint    ] Entering safepoint region: Cleanup
[2019-12-09T08:20:56.336+0000][1][safepoint    ] Leaving safepoint region
[2019-12-09T08:20:56.336+0000][1][safepoint    ] Total time for which application threads were stopped: 0.0000902 seconds, Stopping threads took: 0.0000202 seconds
[2019-12-09T08:20:57.336+0000][1][safepoint    ] Application time: 1.0000758 seconds
[2019-12-09T08:20:57.336+0000][1][safepoint    ] Entering safepoint region: Cleanup
[2019-12-09T08:20:57.336+0000][1][safepoint    ] Leaving safepoint region
[2019-12-09T08:20:57.336+0000][1][safepoint    ] Total time for which application threads were stopped: 0.0000898 seconds, Stopping threads took: 0.0000208 seconds
[2019-12-09T08:20:58.336+0000][1][safepoint    ] Application time: 1.0000750 seconds
[2019-12-09T08:20:58.336+0000][1][safepoint    ] Entering safepoint region: Cleanup
[2019-12-09T08:20:58.336+0000][1][safepoint    ] Leaving safepoint region
[2019-12-09T08:20:58.336+0000][1][safepoint    ] Total time for which application threads were stopped: 0.0000868 seconds, Stopping threads took: 0.0000187 seconds
[2019-12-09T08:20:59.337+0000][1][safepoint    ] Application time: 1.0000744 seconds
[2019-12-09T08:20:59.337+0000][1][safepoint    ] Entering safepoint region: Cleanup
[2019-12-09T08:20:59.337+0000][1][safepoint    ] Leaving safepoint region
[2019-12-09T08:20:59.337+0000][1][safepoint    ] Total time for which application threads were stopped: 0.0001021 seconds, Stopping threads took: 0.0000202 seconds
[2019-12-09T08:21:00.337+0000][1][safepoint    ] Application time: 1.0000740 seconds
[2019-12-09T08:21:00.337+0000][1][safepoint    ] Entering safepoint region: Cleanup
[2019-12-09T08:21:00.337+0000][1][safepoint    ] Leaving safepoint region
[2019-12-09T08:21:00.337+0000][1][safepoint    ] Total time for which application threads were stopped: 0.0000874 seconds, Stopping threads took: 0.0000179 seconds
[2019-12-09T08:21:01.337+0000][1][safepoint    ] Application time: 1.0000769 seconds
[2019-12-09T08:21:01.337+0000][1][safepoint    ] Entering safepoint region: Cleanup
[2019-12-09T08:21:01.337+0000][1][safepoint    ] Leaving safepoint region
[2019-12-09T08:21:01.337+0000][1][safepoint    ] Total time for which application threads were stopped: 0.0000887 seconds, Stopping threads took: 0.0000191 seconds
[2019-12-09T08:21:02.337+0000][1][safepoint    ] Application time: 1.0000755 seconds
[2019-12-09T08:21:02.337+0000][1][safepoint    ] Entering safepoint region: Cleanup
[2019-12-09T08:21:02.337+0000][1][safepoint    ] Leaving safepoint region
[2019-12-09T08:21:02.337+0000][1][safepoint    ] Total time for which application threads were stopped: 0.0000891 seconds, Stopping threads took: 0.0000206 seconds
[2019-12-09T08:21:03.337+0000][1][safepoint    ] Application time: 1.0000764 seconds
[2019-12-09T08:21:03.337+0000][1][safepoint    ] Entering safepoint region: Cleanup
[2019-12-09T08:21:03.338+0000][1][safepoint    ] Leaving safepoint region
[2019-12-09T08:21:03.338+0000][1][safepoint    ] Total time for which application threads were stopped: 0.0000872 seconds, Stopping threads took: 0.0000200 seconds
[2019-12-09T08:21:04.338+0000][1][safepoint    ] Application time: 1.0000766 seconds
[2019-12-09T08:21:04.338+0000][1][safepoint    ] Entering safepoint region: Cleanup
[2019-12-09T08:21:04.338+0000][1][safepoint    ] Leaving safepoint region
[2019-12-09T08:21:04.338+0000][1][safepoint    ] Total time for which application threads were stopped: 0.0000965 seconds, Stopping threads took: 0.0000276 seconds
[2019-12-09T08:21:05.338+0000][1][safepoint    ] Application time: 1.0000746 seconds
[2019-12-09T08:21:05.338+0000][1][safepoint    ] Entering safepoint region: Cleanup
[2019-12-09T08:21:05.338+0000][1][safepoint    ] Leaving safepoint region
[2019-12-09T08:21:05.338+0000][1][safepoint    ] Total time for which application threads were stopped: 0.0000874 seconds, Stopping threads took: 0.0000184 seconds
[2019-12-09T08:21:06.338+0000][1][safepoint    ] Application time: 1.0000768 seconds
[2019-12-09T08:21:06.338+0000][1][safepoint    ] Entering safepoint region: Cleanup
[2019-12-09T08:21:06.338+0000][1][safepoint    ] Leaving safepoint region
[2019-12-09T08:21:06.338+0000][1][safepoint    ] Total time for which application threads were stopped: 0.0000874 seconds, Stopping threads took: 0.0000182 seconds
[2019-12-09T08:21:07.338+0000][1][safepoint    ] Application time: 1.0000761 seconds
[2019-12-09T08:21:07.338+0000][1][safepoint    ] Entering safepoint region: Cleanup
[2019-12-09T08:21:07.338+0000][1][safepoint    ] Leaving safepoint region
[2019-12-09T08:21:07.338+0000][1][safepoint    ] Total time for which application threads were stopped: 0.0001006 seconds, Stopping threads took: 0.0000306 seconds
[2019-12-09T08:21:08.338+0000][1][safepoint    ] Application time: 1.0000751 seconds
[2019-12-09T08:21:08.339+0000][1][safepoint    ] Entering safepoint region: Cleanup
[2019-12-09T08:21:08.339+0000][1][safepoint    ] Leaving safepoint region
[2019-12-09T08:21:08.339+0000][1][safepoint    ] Total time for which application threads were stopped: 0.0000880 seconds, Stopping threads took: 0.0000192 seconds
[2019-12-09T08:21:09.339+0000][1][safepoint    ] Application time: 1.0000821 seconds
[2019-12-09T08:21:09.339+0000][1][safepoint    ] Entering safepoint region: Cleanup
[2019-12-09T08:21:09.339+0000][1][safepoint    ] Leaving safepoint region
[2019-12-09T08:21:09.339+0000][1][safepoint    ] Total time for which application threads were stopped: 0.0000884 seconds, Stopping threads took: 0.0000194 seconds
[2019-12-09T08:21:10.339+0000][1][safepoint    ] Application time: 1.0000743 seconds
[2019-12-09T08:21:10.339+0000][1][safepoint    ] Entering safepoint region: Cleanup
[2019-12-09T08:21:10.339+0000][1][safepoint    ] Leaving safepoint region
[2019-12-09T08:21:10.339+0000][1][safepoint    ] Total time for which application threads were stopped: 0.0000966 seconds, Stopping threads took: 0.0000184 seconds
[2019-12-09T08:21:11.339+0000][1][safepoint    ] Application time: 1.0000737 seconds
[2019-12-09T08:21:11.339+0000][1][safepoint    ] Entering safepoint region: Cleanup
[2019-12-09T08:21:11.339+0000][1][safepoint    ] Leaving safepoint region
[2019-12-09T08:21:11.339+0000][1][safepoint    ] Total time for which application threads were stopped: 0.0000887 seconds, Stopping threads took: 0.0000192 seconds
[2019-12-09T08:21:12.339+0000][1][safepoint    ] Application time: 1.0000759 seconds
[2019-12-09T08:21:12.339+0000][1][safepoint    ] Entering safepoint region: Cleanup
[2019-12-09T08:21:12.339+0000][1][safepoint    ] Leaving safepoint region
[2019-12-09T08:21:12.339+0000][1][safepoint    ] Total time for which application threads were stopped: 0.0000908 seconds, Stopping threads took: 0.0000209 seconds
[2019-12-09T08:21:13.340+0000][1][safepoint    ] Application time: 1.0000741 seconds
[2019-12-09T08:21:13.340+0000][1][safepoint    ] Entering safepoint region: Cleanup
[2019-12-09T08:21:13.340+0000][1][safepoint    ] Leaving safepoint region
[2019-12-09T08:21:13.340+0000][1][safepoint    ] Total time for which application threads were stopped: 0.0000886 seconds, Stopping threads took: 0.0000191 seconds
[2019-12-09T08:21:14.340+0000][1][safepoint    ] Application time: 1.0000875 seconds
[2019-12-09T08:21:14.340+0000][1][safepoint    ] Entering safepoint region: Cleanup
[2019-12-09T08:21:14.340+0000][1][safepoint    ] Leaving safepoint region
[2019-12-09T08:21:14.340+0000][1][safepoint    ] Total time for which application threads were stopped: 0.0000875 seconds, Stopping threads took: 0.0000200 seconds
[2019-12-09T08:21:15.340+0000][1][safepoint    ] Application time: 1.0000765 seconds
[2019-12-09T08:21:15.340+0000][1][safepoint    ] Entering safepoint region: Cleanup
[2019-12-09T08:21:15.340+0000][1][safepoint    ] Leaving safepoint region
[2019-12-09T08:21:15.340+0000][1][safepoint    ] Total time for which application threads were stopped: 0.0000874 seconds, Stopping threads took: 0.0000197 seconds
[2019-12-09T08:21:16.340+0000][1][safepoint    ] Application time: 1.0000751 seconds
[2019-12-09T08:21:16.340+0000][1][safepoint    ] Entering safepoint region: Cleanup
[2019-12-09T08:21:16.340+0000][1][safepoint    ] Leaving safepoint region
[2019-12-09T08:21:16.340+0000][1][safepoint    ] Total time for which application threads were stopped: 0.0000869 seconds, Stopping threads took: 0.0000190 seconds
[2019-12-09T08:21:17.340+0000][1][safepoint    ] Application time: 1.0000745 seconds
[2019-12-09T08:21:17.340+0000][1][safepoint    ] Entering safepoint region: Cleanup
[2019-12-09T08:21:17.341+0000][1][safepoint    ] Leaving safepoint region
[2019-12-09T08:21:17.341+0000][1][safepoint    ] Total time for which application threads were stopped: 0.0000955 seconds, Stopping threads took: 0.0000270 seconds
[2019-12-09T08:21:18.341+0000][1][safepoint    ] Application time: 1.0000762 seconds
[2019-12-09T08:21:18.341+0000][1][safepoint    ] Entering safepoint region: Cleanup
[2019-12-09T08:21:18.341+0000][1][safepoint    ] Leaving safepoint region
[2019-12-09T08:21:18.341+0000][1][safepoint    ] Total time for which application threads were stopped: 0.0000975 seconds, Stopping threads took: 0.0000190 seconds
[2019-12-09T08:21:19.341+0000][1][safepoint    ] Application time: 1.0000829 seconds
[2019-12-09T08:21:19.341+0000][1][safepoint    ] Entering safepoint region: Cleanup
[2019-12-09T08:21:19.341+0000][1][safepoint    ] Leaving safepoint region
[2019-12-09T08:21:19.341+0000][1][safepoint    ] Total time for which application threads were stopped: 0.0000981 seconds, Stopping threads took: 0.0000202 seconds
[2019-12-09T08:21:20.341+0000][1][safepoint    ] Application time: 1.0000764 seconds
[2019-12-09T08:21:20.341+0000][1][safepoint    ] Entering safepoint region: Cleanup
[2019-12-09T08:21:20.341+0000][1][safepoint    ] Leaving safepoint region
[2019-12-09T08:21:20.341+0000][1][safepoint    ] Total time for which application threads were stopped: 0.0000958 seconds, Stopping threads took: 0.0000256 seconds
[2019-12-09T08:21:21.341+0000][1][safepoint    ] Application time: 1.0000781 seconds
[2019-12-09T08:21:21.341+0000][1][safepoint    ] Entering safepoint region: Cleanup
[2019-12-09T08:21:21.341+0000][1][safepoint    ] Leaving safepoint region
[2019-12-09T08:21:21.341+0000][1][safepoint    ] Total time for which application threads were stopped: 0.0000874 seconds, Stopping threads took: 0.0000199 seconds
[2019-12-09T08:21:22.118+0000][1][safepoint    ] Application time: 0.7768201 seconds
[2019-12-09T08:21:22.118+0000][1][safepoint    ] Entering safepoint region: GenCollectForAllocation
[2019-12-09T08:21:22.118+0000][1][gc,start     ] GC(137) Pause Young (Allocation Failure)
[2019-12-09T08:21:22.118+0000][1][gc,task      ] GC(137) Using 2 workers of 2 for evacuation
[2019-12-09T08:21:22.120+0000][1][gc,age       ] GC(137) Desired survivor size 4456448 bytes, new threshold 6 (max threshold 6)
[2019-12-09T08:21:22.120+0000][1][gc,age       ] GC(137) Age table with threshold 6 (max threshold 6)
[2019-12-09T08:21:22.120+0000][1][gc,age       ] GC(137) - age   1:     890040 bytes,     890040 total
[2019-12-09T08:21:22.120+0000][1][gc,age       ] GC(137) - age   2:         96 bytes,     890136 total
[2019-12-09T08:21:22.120+0000][1][gc,age       ] GC(137) - age   6:       1008 bytes,     891144 total
[2019-12-09T08:21:22.120+0000][1][gc,heap      ] GC(137) ParNew: 70696K->885K(78656K)
[2019-12-09T08:21:22.120+0000][1][gc,heap      ] GC(137) CMS: 70969K->70969K(174784K)
[2019-12-09T08:21:22.120+0000][1][gc,metaspace ] GC(137) Metaspace: 76577K->76577K(1120256K)
[2019-12-09T08:21:22.120+0000][1][gc           ] GC(137) Pause Young (Allocation Failure) 138M->70M(247M) 2.027ms
[2019-12-09T08:21:22.120+0000][1][gc,cpu       ] GC(137) User=0.00s Sys=0.00s Real=0.00s
[2019-12-09T08:21:22.120+0000][1][safepoint    ] Leaving safepoint region
[2019-12-09T08:21:22.120+0000][1][safepoint    ] Total time for which application threads were stopped: 0.0021999 seconds, Stopping threads took: 0.0000185 seconds
[2019-12-09T08:21:23.121+0000][1][safepoint    ] Application time: 1.0000855 seconds
[2019-12-09T08:21:23.121+0000][1][safepoint    ] Entering safepoint region: Cleanup
[2019-12-09T08:21:23.121+0000][1][safepoint    ] Leaving safepoint region
[2019-12-09T08:21:23.121+0000][1][safepoint    ] Total time for which application threads were stopped: 0.0000972 seconds, Stopping threads took: 0.0000189 seconds
[2019-12-09T08:21:24.121+0000][1][safepoint    ] Application time: 1.0000778 seconds
[2019-12-09T08:21:24.121+0000][1][safepoint    ] Entering safepoint region: Cleanup
[2019-12-09T08:21:24.121+0000][1][safepoint    ] Leaving safepoint region
[2019-12-09T08:21:24.121+0000][1][safepoint    ] Total time for which application threads were stopped: 0.0000845 seconds, Stopping threads took: 0.0000182 seconds
[2019-12-09T08:21:25.121+0000][1][safepoint    ] Application time: 1.0000754 seconds
[2019-12-09T08:21:25.121+0000][1][safepoint    ] Entering safepoint region: Cleanup
[2019-12-09T08:21:25.121+0000][1][safepoint    ] Leaving safepoint region
[2019-12-09T08:21:25.121+0000][1][safepoint    ] Total time for which application threads were stopped: 0.0000956 seconds, Stopping threads took: 0.0000190 seconds
[2019-12-09T08:21:26.121+0000][1][safepoint    ] Application time: 1.0000756 seconds
[2019-12-09T08:21:26.121+0000][1][safepoint    ] Entering safepoint region: Cleanup
[2019-12-09T08:21:26.121+0000][1][safepoint    ] Leaving safepoint region
[2019-12-09T08:21:26.121+0000][1][safepoint    ] Total time for which application threads were stopped: 0.0000851 seconds, Stopping threads took: 0.0000191 seconds
[2019-12-09T08:21:27.121+0000][1][safepoint    ] Application time: 1.0000773 seconds
[2019-12-09T08:21:27.121+0000][1][safepoint    ] Entering safepoint region: Cleanup
[2019-12-09T08:21:27.122+0000][1][safepoint    ] Leaving safepoint region
[2019-12-09T08:21:27.122+0000][1][safepoint    ] Total time for which application threads were stopped: 0.0000872 seconds, Stopping threads took: 0.0000175 seconds
[2019-12-09T08:21:28.122+0000][1][safepoint    ] Application time: 1.0000756 seconds
[2019-12-09T08:21:28.122+0000][1][safepoint    ] Entering safepoint region: Cleanup
[2019-12-09T08:21:28.122+0000][1][safepoint    ] Leaving safepoint region
[2019-12-09T08:21:28.122+0000][1][safepoint    ] Total time for which application threads were stopped: 0.0000950 seconds, Stopping threads took: 0.0000181 seconds
[2019-12-09T08:21:29.122+0000][1][safepoint    ] Application time: 1.0000747 seconds
[2019-12-09T08:21:29.122+0000][1][safepoint    ] Entering safepoint region: Cleanup
[2019-12-09T08:21:29.122+0000][1][safepoint    ] Leaving safepoint region
[2019-12-09T08:21:29.122+0000][1][safepoint    ] Total time for which application threads were stopped: 0.0000872 seconds, Stopping threads took: 0.0000186 seconds
[2019-12-09T08:21:30.122+0000][1][safepoint    ] Application time: 1.0000749 seconds
[2019-12-09T08:21:30.122+0000][1][safepoint    ] Entering safepoint region: Cleanup
[2019-12-09T08:21:30.122+0000][1][safepoint    ] Leaving safepoint region
[2019-12-09T08:21:30.122+0000][1][safepoint    ] Total time for which application threads were stopped: 0.0000867 seconds, Stopping threads took: 0.0000189 seconds
[2019-12-09T08:21:31.874+0000][1][safepoint    ] Application time: 1.7522469 seconds
[2019-12-09T08:21:31.874+0000][1][safepoint    ] Entering safepoint region: Cleanup
[2019-12-09T08:21:31.875+0000][1][safepoint    ] Leaving safepoint region
[2019-12-09T08:21:31.875+0000][1][safepoint    ] Total time for which application threads were stopped: 0.0000908 seconds, Stopping threads took: 0.0000180 seconds
[2019-12-09T08:21:32.875+0000][1][safepoint    ] Application time: 1.0000747 seconds
[2019-12-09T08:21:32.875+0000][1][safepoint    ] Entering safepoint region: Cleanup
[2019-12-09T08:21:32.875+0000][1][safepoint    ] Leaving safepoint region
[2019-12-09T08:21:32.875+0000][1][safepoint    ] Total time for which application threads were stopped: 0.0000972 seconds, Stopping threads took: 0.0000193 seconds
[2019-12-09T08:21:33.875+0000][1][safepoint    ] Application time: 1.0000740 seconds
[2019-12-09T08:21:33.875+0000][1][safepoint    ] Entering safepoint region: Cleanup
[2019-12-09T08:21:33.875+0000][1][safepoint    ] Leaving safepoint region
[2019-12-09T08:21:33.875+0000][1][safepoint    ] Total time for which application threads were stopped: 0.0000854 seconds, Stopping threads took: 0.0000186 seconds
[2019-12-09T08:21:34.875+0000][1][safepoint    ] Application time: 1.0000730 seconds
[2019-12-09T08:21:34.875+0000][1][safepoint    ] Entering safepoint region: Cleanup
[2019-12-09T08:21:34.875+0000][1][safepoint    ] Leaving safepoint region
[2019-12-09T08:21:34.875+0000][1][safepoint    ] Total time for which application threads were stopped: 0.0000859 seconds, Stopping threads took: 0.0000187 seconds
[2019-12-09T08:21:35.875+0000][1][safepoint    ] Application time: 1.0000758 seconds
[2019-12-09T08:21:35.875+0000][1][safepoint    ] Entering safepoint region: Cleanup
[2019-12-09T08:21:35.875+0000][1][safepoint    ] Leaving safepoint region
[2019-12-09T08:21:35.875+0000][1][safepoint    ] Total time for which application threads were stopped: 0.0000835 seconds, Stopping threads took: 0.0000169 seconds
[2019-12-09T08:21:36.875+0000][1][safepoint    ] Application time: 1.0000728 seconds
[2019-12-09T08:21:36.875+0000][1][safepoint    ] Entering safepoint region: Cleanup
[2019-12-09T08:21:36.876+0000][1][safepoint    ] Leaving safepoint region
[2019-12-09T08:21:36.876+0000][1][safepoint    ] Total time for which application threads were stopped: 0.0000851 seconds, Stopping threads took: 0.0000183 seconds
[2019-12-09T08:21:37.876+0000][1][safepoint    ] Application time: 1.0000770 seconds
[2019-12-09T08:21:37.876+0000][1][safepoint    ] Entering safepoint region: Cleanup
[2019-12-09T08:21:37.876+0000][1][safepoint    ] Leaving safepoint region
[2019-12-09T08:21:37.876+0000][1][safepoint    ] Total time for which application threads were stopped: 0.0000977 seconds, Stopping threads took: 0.0000290 seconds
[2019-12-09T08:21:38.876+0000][1][safepoint    ] Application time: 1.0000729 seconds
[2019-12-09T08:21:38.876+0000][1][safepoint    ] Entering safepoint region: Cleanup
[2019-12-09T08:21:38.876+0000][1][safepoint    ] Leaving safepoint region
[2019-12-09T08:21:38.876+0000][1][safepoint    ] Total time for which application threads were stopped: 0.0000848 seconds, Stopping threads took: 0.0000177 seconds
[2019-12-09T08:21:39.876+0000][1][safepoint    ] Application time: 1.0000772 seconds
[2019-12-09T08:21:39.876+0000][1][safepoint    ] Entering safepoint region: Cleanup
[2019-12-09T08:21:39.876+0000][1][safepoint    ] Leaving safepoint region
[2019-12-09T08:21:39.876+0000][1][safepoint    ] Total time for which application threads were stopped: 0.0000854 seconds, Stopping threads took: 0.0000190 seconds
[2019-12-09T08:21:40.876+0000][1][safepoint    ] Application time: 1.0001056 seconds
[2019-12-09T08:21:40.876+0000][1][safepoint    ] Entering safepoint region: Cleanup
[2019-12-09T08:21:40.876+0000][1][safepoint    ] Leaving safepoint region
[2019-12-09T08:21:40.876+0000][1][safepoint    ] Total time for which application threads were stopped: 0.0001449 seconds, Stopping threads took: 0.0000509 seconds
[2019-12-09T08:21:41.877+0000][1][safepoint    ] Application time: 1.0000859 seconds
[2019-12-09T08:21:41.877+0000][1][safepoint    ] Entering safepoint region: Cleanup
[2019-12-09T08:21:41.877+0000][1][safepoint    ] Leaving safepoint region
[2019-12-09T08:21:41.877+0000][1][safepoint    ] Total time for which application threads were stopped: 0.0000941 seconds, Stopping threads took: 0.0000187 seconds
[2019-12-09T08:21:42.877+0000][1][safepoint    ] Application time: 1.0000830 seconds
[2019-12-09T08:21:42.877+0000][1][safepoint    ] Entering safepoint region: Cleanup
[2019-12-09T08:21:42.877+0000][1][safepoint    ] Leaving safepoint region
[2019-12-09T08:21:42.877+0000][1][safepoint    ] Total time for which application threads were stopped: 0.0000846 seconds, Stopping threads took: 0.0000183 seconds
[2019-12-09T08:21:43.877+0000][1][safepoint    ] Application time: 1.0000750 seconds
[2019-12-09T08:21:43.877+0000][1][safepoint    ] Entering safepoint region: Cleanup
[2019-12-09T08:21:43.877+0000][1][safepoint    ] Leaving safepoint region
[2019-12-09T08:21:43.877+0000][1][safepoint    ] Total time for which application threads were stopped: 0.0000853 seconds, Stopping threads took: 0.0000188 seconds
[2019-12-09T08:21:44.877+0000][1][safepoint    ] Application time: 1.0000764 seconds
[2019-12-09T08:21:44.877+0000][1][safepoint    ] Entering safepoint region: Cleanup
[2019-12-09T08:21:44.877+0000][1][safepoint    ] Leaving safepoint region
[2019-12-09T08:21:44.877+0000][1][safepoint    ] Total time for which application threads were stopped: 0.0000855 seconds, Stopping threads took: 0.0000177 seconds
[2019-12-09T08:21:45.877+0000][1][safepoint    ] Application time: 1.0000758 seconds
[2019-12-09T08:21:45.877+0000][1][safepoint    ] Entering safepoint region: Cleanup
[2019-12-09T08:21:45.878+0000][1][safepoint    ] Leaving safepoint region
[2019-12-09T08:21:45.878+0000][1][safepoint    ] Total time for which application threads were stopped: 0.0000837 seconds, Stopping threads took: 0.0000180 seconds
[2019-12-09T08:21:47.416+0000][1][safepoint    ] Application time: 1.5379742 seconds
[2019-12-09T08:21:47.416+0000][1][safepoint    ] Entering safepoint region: Cleanup
[2019-12-09T08:21:47.416+0000][1][safepoint    ] Leaving safepoint region
[2019-12-09T08:21:47.416+0000][1][safepoint    ] Total time for which application threads were stopped: 0.0001018 seconds, Stopping threads took: 0.0000282 seconds
[2019-12-09T08:21:48.416+0000][1][safepoint    ] Application time: 1.0000756 seconds
[2019-12-09T08:21:48.416+0000][1][safepoint    ] Entering safepoint region: Cleanup
[2019-12-09T08:21:48.416+0000][1][safepoint    ] Leaving safepoint region
[2019-12-09T08:21:48.416+0000][1][safepoint    ] Total time for which application threads were stopped: 0.0000848 seconds, Stopping threads took: 0.0000184 seconds
[2019-12-09T08:21:49.416+0000][1][safepoint    ] Application time: 1.0000767 seconds
[2019-12-09T08:21:49.416+0000][1][safepoint    ] Entering safepoint region: Cleanup
[2019-12-09T08:21:49.416+0000][1][safepoint    ] Leaving safepoint region
[2019-12-09T08:21:49.416+0000][1][safepoint    ] Total time for which application threads were stopped: 0.0000859 seconds, Stopping threads took: 0.0000189 seconds
[2019-12-09T08:21:50.416+0000][1][safepoint    ] Application time: 1.0000829 seconds
[2019-12-09T08:21:50.416+0000][1][safepoint    ] Entering safepoint region: Cleanup
[2019-12-09T08:21:50.416+0000][1][safepoint    ] Leaving safepoint region
[2019-12-09T08:21:50.416+0000][1][safepoint    ] Total time for which application threads were stopped: 0.0000901 seconds, Stopping threads took: 0.0000212 seconds
[2019-12-09T08:21:51.416+0000][1][safepoint    ] Application time: 1.0000749 seconds
[2019-12-09T08:21:51.416+0000][1][safepoint    ] Entering safepoint region: Cleanup
[2019-12-09T08:21:51.416+0000][1][safepoint    ] Leaving safepoint region
[2019-12-09T08:21:51.417+0000][1][safepoint    ] Total time for which application threads were stopped: 0.0000904 seconds, Stopping threads took: 0.0000207 seconds
[2019-12-09T08:21:52.417+0000][1][safepoint    ] Application time: 1.0000785 seconds
[2019-12-09T08:21:52.417+0000][1][safepoint    ] Entering safepoint region: Cleanup
[2019-12-09T08:21:52.417+0000][1][safepoint    ] Leaving safepoint region
[2019-12-09T08:21:52.417+0000][1][safepoint    ] Total time for which application threads were stopped: 0.0001036 seconds, Stopping threads took: 0.0000179 seconds
[2019-12-09T08:21:53.417+0000][1][safepoint    ] Application time: 1.0000776 seconds
[2019-12-09T08:21:53.417+0000][1][safepoint    ] Entering safepoint region: Cleanup
[2019-12-09T08:21:53.417+0000][1][safepoint    ] Leaving safepoint region
[2019-12-09T08:21:53.417+0000][1][safepoint    ] Total time for which application threads were stopped: 0.0000842 seconds, Stopping threads took: 0.0000185 seconds
[2019-12-09T08:21:54.417+0000][1][safepoint    ] Application time: 1.0000789 seconds
[2019-12-09T08:21:54.417+0000][1][safepoint    ] Entering safepoint region: Cleanup
[2019-12-09T08:21:54.417+0000][1][safepoint    ] Leaving safepoint region
[2019-12-09T08:21:54.417+0000][1][safepoint    ] Total time for which application threads were stopped: 0.0000833 seconds, Stopping threads took: 0.0000167 seconds
[2019-12-09T08:21:55.417+0000][1][safepoint    ] Application time: 1.0000782 seconds
[2019-12-09T08:21:55.417+0000][1][safepoint    ] Entering safepoint region: Cleanup
[2019-12-09T08:21:55.417+0000][1][safepoint    ] Leaving safepoint region
[2019-12-09T08:21:55.417+0000][1][safepoint    ] Total time for which application threads were stopped: 0.0000877 seconds, Stopping threads took: 0.0000195 seconds
[2019-12-09T08:21:56.417+0000][1][safepoint    ] Application time: 1.0000772 seconds
[2019-12-09T08:21:56.417+0000][1][safepoint    ] Entering safepoint region: Cleanup
[2019-12-09T08:21:56.418+0000][1][safepoint    ] Leaving safepoint region
[2019-12-09T08:21:56.418+0000][1][safepoint    ] Total time for which application threads were stopped: 0.0000858 seconds, Stopping threads took: 0.0000183 seconds
[2019-12-09T08:21:57.418+0000][1][safepoint    ] Application time: 1.0000780 seconds
[2019-12-09T08:21:57.418+0000][1][safepoint    ] Entering safepoint region: Cleanup
[2019-12-09T08:21:57.418+0000][1][safepoint    ] Leaving safepoint region
[2019-12-09T08:21:57.418+0000][1][safepoint    ] Total time for which application threads were stopped: 0.0000911 seconds, Stopping threads took: 0.0000212 seconds
[2019-12-09T08:21:58.418+0000][1][safepoint    ] Application time: 1.0000778 seconds
[2019-12-09T08:21:58.418+0000][1][safepoint    ] Entering safepoint region: Cleanup
[2019-12-09T08:21:58.418+0000][1][safepoint    ] Leaving safepoint region
[2019-12-09T08:21:58.418+0000][1][safepoint    ] Total time for which application threads were stopped: 0.0000842 seconds, Stopping threads took: 0.0000176 seconds
[2019-12-09T08:21:59.418+0000][1][safepoint    ] Application time: 1.0000829 seconds
[2019-12-09T08:21:59.418+0000][1][safepoint    ] Entering safepoint region: Cleanup
[2019-12-09T08:21:59.418+0000][1][safepoint    ] Leaving safepoint region
[2019-12-09T08:21:59.418+0000][1][safepoint    ] Total time for which application threads were stopped: 0.0000964 seconds, Stopping threads took: 0.0000259 seconds
[2019-12-09T08:22:00.418+0000][1][safepoint    ] Application time: 1.0000777 seconds
[2019-12-09T08:22:00.418+0000][1][safepoint    ] Entering safepoint region: Cleanup
[2019-12-09T08:22:00.418+0000][1][safepoint    ] Leaving safepoint region
[2019-12-09T08:22:00.418+0000][1][safepoint    ] Total time for which application threads were stopped: 0.0000841 seconds, Stopping threads took: 0.0000181 seconds
[2019-12-09T08:22:03.715+0000][1][safepoint    ] Application time: 3.2968311 seconds
[2019-12-09T08:22:03.715+0000][1][safepoint    ] Entering safepoint region: GenCollectForAllocation
[2019-12-09T08:22:03.715+0000][1][gc,start     ] GC(138) Pause Young (Allocation Failure)
[2019-12-09T08:22:03.715+0000][1][gc,task      ] GC(138) Using 2 workers of 2 for evacuation
[2019-12-09T08:22:03.717+0000][1][gc,age       ] GC(138) Desired survivor size 4456448 bytes, new threshold 6 (max threshold 6)
[2019-12-09T08:22:03.717+0000][1][gc,age       ] GC(138) Age table with threshold 6 (max threshold 6)
[2019-12-09T08:22:03.717+0000][1][gc,age       ] GC(138) - age   1:     821624 bytes,     821624 total
[2019-12-09T08:22:03.717+0000][1][gc,age       ] GC(138) - age   2:         96 bytes,     821720 total
[2019-12-09T08:22:03.717+0000][1][gc,heap      ] GC(138) ParNew: 70837K->901K(78656K)
[2019-12-09T08:22:03.717+0000][1][gc,heap      ] GC(138) CMS: 70969K->70970K(174784K)
[2019-12-09T08:22:03.717+0000][1][gc,metaspace ] GC(138) Metaspace: 76577K->76577K(1120256K)
[2019-12-09T08:22:03.717+0000][1][gc           ] GC(138) Pause Young (Allocation Failure) 138M->70M(247M) 1.905ms
[2019-12-09T08:22:03.717+0000][1][gc,cpu       ] GC(138) User=0.00s Sys=0.00s Real=0.00s
[2019-12-09T08:22:03.717+0000][1][safepoint    ] Leaving safepoint region
[2019-12-09T08:22:03.717+0000][1][safepoint    ] Total time for which application threads were stopped: 0.0020681 seconds, Stopping threads took: 0.0000189 seconds
[2019-12-09T08:22:21.871+0000][1][safepoint    ] Application time: 18.1540985 seconds
[2019-12-09T08:22:21.872+0000][1][safepoint    ] Entering safepoint region: Cleanup
[2019-12-09T08:22:21.872+0000][1][safepoint    ] Leaving safepoint region
[2019-12-09T08:22:21.872+0000][1][safepoint    ] Total time for which application threads were stopped: 0.0001017 seconds, Stopping threads took: 0.0000254 seconds
[2019-12-09T08:22:22.872+0000][1][safepoint    ] Application time: 1.0000756 seconds
[2019-12-09T08:22:22.872+0000][1][safepoint    ] Entering safepoint region: Cleanup
[2019-12-09T08:22:22.872+0000][1][safepoint    ] Leaving safepoint region
[2019-12-09T08:22:22.872+0000][1][safepoint    ] Total time for which application threads were stopped: 0.0000921 seconds, Stopping threads took: 0.0000181 seconds
[2019-12-09T08:22:23.872+0000][1][safepoint    ] Application time: 1.0000752 seconds
[2019-12-09T08:22:23.872+0000][1][safepoint    ] Entering safepoint region: Cleanup
[2019-12-09T08:22:23.872+0000][1][safepoint    ] Leaving safepoint region
[2019-12-09T08:22:23.872+0000][1][safepoint    ] Total time for which application threads were stopped: 0.0000923 seconds, Stopping threads took: 0.0000190 seconds
[2019-12-09T08:22:47.573+0000][1][safepoint    ] Application time: 23.7013625 seconds
[2019-12-09T08:22:47.573+0000][1][safepoint    ] Entering safepoint region: GenCollectForAllocation
[2019-12-09T08:22:47.574+0000][1][gc,start     ] GC(139) Pause Young (Allocation Failure)
[2019-12-09T08:22:47.574+0000][1][gc,task      ] GC(139) Using 2 workers of 2 for evacuation
[2019-12-09T08:22:47.575+0000][1][gc,age       ] GC(139) Desired survivor size 4456448 bytes, new threshold 6 (max threshold 6)
[2019-12-09T08:22:47.575+0000][1][gc,age       ] GC(139) Age table with threshold 6 (max threshold 6)
[2019-12-09T08:22:47.575+0000][1][gc,age       ] GC(139) - age   1:     820920 bytes,     820920 total
[2019-12-09T08:22:47.575+0000][1][gc,age       ] GC(139) - age   2:        128 bytes,     821048 total
[2019-12-09T08:22:47.575+0000][1][gc,heap      ] GC(139) ParNew: 70853K->827K(78656K)
[2019-12-09T08:22:47.575+0000][1][gc,heap      ] GC(139) CMS: 70970K->70970K(174784K)
[2019-12-09T08:22:47.575+0000][1][gc,metaspace ] GC(139) Metaspace: 76577K->76577K(1120256K)
[2019-12-09T08:22:47.575+0000][1][gc           ] GC(139) Pause Young (Allocation Failure) 138M->70M(247M) 1.872ms
[2019-12-09T08:22:47.575+0000][1][gc,cpu       ] GC(139) User=0.00s Sys=0.00s Real=0.01s
[2019-12-09T08:22:47.575+0000][1][safepoint    ] Leaving safepoint region
[2019-12-09T08:22:47.575+0000][1][safepoint    ] Total time for which application threads were stopped: 0.0020293 seconds, Stopping threads took: 0.0000171 seconds
[2019-12-09T08:23:28.529+0000][1][safepoint    ] Application time: 40.9532807 seconds
[2019-12-09T08:23:28.529+0000][1][safepoint    ] Entering safepoint region: GenCollectForAllocation
[2019-12-09T08:23:28.529+0000][1][gc,start     ] GC(140) Pause Young (Allocation Failure)
[2019-12-09T08:23:28.529+0000][1][gc,task      ] GC(140) Using 2 workers of 2 for evacuation
[2019-12-09T08:23:28.531+0000][1][gc,age       ] GC(140) Desired survivor size 4456448 bytes, new threshold 6 (max threshold 6)
[2019-12-09T08:23:28.531+0000][1][gc,age       ] GC(140) Age table with threshold 6 (max threshold 6)
[2019-12-09T08:23:28.531+0000][1][gc,age       ] GC(140) - age   1:     820752 bytes,     820752 total
[2019-12-09T08:23:28.531+0000][1][gc,age       ] GC(140) - age   2:        408 bytes,     821160 total
[2019-12-09T08:23:28.531+0000][1][gc,age       ] GC(140) - age   3:        128 bytes,     821288 total
[2019-12-09T08:23:28.531+0000][1][gc,heap      ] GC(140) ParNew: 70741K->956K(78656K)
[2019-12-09T08:23:28.531+0000][1][gc,heap      ] GC(140) CMS: 70970K->70970K(174784K)
[2019-12-09T08:23:28.531+0000][1][gc,metaspace ] GC(140) Metaspace: 76577K->76577K(1120256K)
[2019-12-09T08:23:28.531+0000][1][gc           ] GC(140) Pause Young (Allocation Failure) 138M->70M(247M) 1.863ms
[2019-12-09T08:23:28.531+0000][1][gc,cpu       ] GC(140) User=0.00s Sys=0.00s Real=0.00s
[2019-12-09T08:23:28.531+0000][1][safepoint    ] Leaving safepoint region
[2019-12-09T08:23:28.531+0000][1][safepoint    ] Total time for which application threads were stopped: 0.0020277 seconds, Stopping threads took: 0.0000287 seconds
[2019-12-09T08:23:51.533+0000][1][safepoint    ] Application time: 23.0022552 seconds
[2019-12-09T08:23:51.533+0000][1][safepoint    ] Entering safepoint region: Cleanup
[2019-12-09T08:23:51.533+0000][1][safepoint    ] Leaving safepoint region
[2019-12-09T08:23:51.533+0000][1][safepoint    ] Total time for which application threads were stopped: 0.0000903 seconds, Stopping threads took: 0.0000199 seconds
[2019-12-09T08:23:52.533+0000][1][safepoint    ] Application time: 1.0000751 seconds
[2019-12-09T08:23:52.533+0000][1][safepoint    ] Entering safepoint region: Cleanup
[2019-12-09T08:23:52.533+0000][1][safepoint    ] Leaving safepoint region
[2019-12-09T08:23:52.533+0000][1][safepoint    ] Total time for which application threads were stopped: 0.0000943 seconds, Stopping threads took: 0.0000188 seconds
[2019-12-09T08:23:53.534+0000][1][safepoint    ] Application time: 1.0000744 seconds
[2019-12-09T08:23:53.534+0000][1][safepoint    ] Entering safepoint region: Cleanup
[2019-12-09T08:23:53.534+0000][1][safepoint    ] Leaving safepoint region
[2019-12-09T08:23:53.534+0000][1][safepoint    ] Total time for which application threads were stopped: 0.0000951 seconds, Stopping threads took: 0.0000196 seconds
[2019-12-09T08:24:12.604+0000][1][safepoint    ] Application time: 19.0706788 seconds
[2019-12-09T08:24:12.604+0000][1][safepoint    ] Entering safepoint region: GenCollectForAllocation
[2019-12-09T08:24:12.604+0000][1][gc,start     ] GC(141) Pause Young (Allocation Failure)
[2019-12-09T08:24:12.605+0000][1][gc,task      ] GC(141) Using 2 workers of 2 for evacuation
[2019-12-09T08:24:12.606+0000][1][gc,age       ] GC(141) Desired survivor size 4456448 bytes, new threshold 6 (max threshold 6)
[2019-12-09T08:24:12.606+0000][1][gc,age       ] GC(141) Age table with threshold 6 (max threshold 6)
[2019-12-09T08:24:12.606+0000][1][gc,age       ] GC(141) - age   1:     754552 bytes,     754552 total
[2019-12-09T08:24:12.606+0000][1][gc,age       ] GC(141) - age   2:        248 bytes,     754800 total
[2019-12-09T08:24:12.606+0000][1][gc,age       ] GC(141) - age   3:        120 bytes,     754920 total
[2019-12-09T08:24:12.606+0000][1][gc,age       ] GC(141) - age   4:        128 bytes,     755048 total
[2019-12-09T08:24:12.606+0000][1][gc,heap      ] GC(141) ParNew: 70908K->885K(78656K)
[2019-12-09T08:24:12.606+0000][1][gc,heap      ] GC(141) CMS: 70970K->70970K(174784K)
[2019-12-09T08:24:12.606+0000][1][gc,metaspace ] GC(141) Metaspace: 76577K->76577K(1120256K)
[2019-12-09T08:24:12.606+0000][1][gc           ] GC(141) Pause Young (Allocation Failure) 138M->70M(247M) 1.883ms
[2019-12-09T08:24:12.606+0000][1][gc,cpu       ] GC(141) User=0.01s Sys=0.00s Real=0.01s
[2019-12-09T08:24:12.606+0000][1][safepoint    ] Leaving safepoint region
[2019-12-09T08:24:12.606+0000][1][safepoint    ] Total time for which application threads were stopped: 0.0020615 seconds, Stopping threads took: 0.0000248 seconds
[2019-12-09T08:24:21.607+0000][1][safepoint    ] Application time: 9.0006046 seconds
[2019-12-09T08:24:21.607+0000][1][safepoint    ] Entering safepoint region: Cleanup
[2019-12-09T08:24:21.607+0000][1][safepoint    ] Leaving safepoint region
[2019-12-09T08:24:21.607+0000][1][safepoint    ] Total time for which application threads were stopped: 0.0000933 seconds, Stopping threads took: 0.0000173 seconds
[2019-12-09T08:24:53.477+0000][1][safepoint    ] Application time: 31.8697555 seconds
[2019-12-09T08:24:53.477+0000][1][safepoint    ] Entering safepoint region: GenCollectForAllocation
[2019-12-09T08:24:53.477+0000][1][gc,start     ] GC(142) Pause Young (Allocation Failure)
[2019-12-09T08:24:53.477+0000][1][gc,task      ] GC(142) Using 2 workers of 2 for evacuation
[2019-12-09T08:24:53.481+0000][1][gc,age       ] GC(142) Desired survivor size 4456448 bytes, new threshold 6 (max threshold 6)
[2019-12-09T08:24:53.481+0000][1][gc,age       ] GC(142) Age table with threshold 6 (max threshold 6)
[2019-12-09T08:24:53.481+0000][1][gc,age       ] GC(142) - age   1:    1028480 bytes,    1028480 total
[2019-12-09T08:24:53.481+0000][1][gc,age       ] GC(142) - age   3:        248 bytes,    1028728 total
[2019-12-09T08:24:53.481+0000][1][gc,age       ] GC(142) - age   4:        120 bytes,    1028848 total
[2019-12-09T08:24:53.481+0000][1][gc,age       ] GC(142) - age   5:        128 bytes,    1028976 total
[2019-12-09T08:24:53.481+0000][1][gc,heap      ] GC(142) ParNew: 70837K->1138K(78656K)
[2019-12-09T08:24:53.481+0000][1][gc,heap      ] GC(142) CMS: 70970K->70970K(174784K)
[2019-12-09T08:24:53.481+0000][1][gc,metaspace ] GC(142) Metaspace: 76577K->76577K(1120256K)
[2019-12-09T08:24:53.481+0000][1][gc           ] GC(142) Pause Young (Allocation Failure) 138M->70M(247M) 4.281ms
[2019-12-09T08:24:53.481+0000][1][gc,cpu       ] GC(142) User=0.01s Sys=0.00s Real=0.00s
[2019-12-09T08:24:53.481+0000][1][safepoint    ] Leaving safepoint region
[2019-12-09T08:24:53.481+0000][1][safepoint    ] Total time for which application threads were stopped: 0.0045090 seconds, Stopping threads took: 0.0000334 seconds
[2019-12-09T08:25:19.483+0000][1][safepoint    ] Application time: 26.0017755 seconds
[2019-12-09T08:25:19.483+0000][1][safepoint    ] Entering safepoint region: Cleanup
[2019-12-09T08:25:19.483+0000][1][safepoint    ] Leaving safepoint region
[2019-12-09T08:25:19.483+0000][1][safepoint    ] Total time for which application threads were stopped: 0.0000984 seconds, Stopping threads took: 0.0000263 seconds
[2019-12-09T08:25:23.484+0000][1][safepoint    ] Application time: 4.0002716 seconds
[2019-12-09T08:25:23.484+0000][1][safepoint    ] Entering safepoint region: Cleanup
[2019-12-09T08:25:23.484+0000][1][safepoint    ] Leaving safepoint region
[2019-12-09T08:25:23.484+0000][1][safepoint    ] Total time for which application threads were stopped: 0.0000950 seconds, Stopping threads took: 0.0000200 seconds
[2019-12-09T08:25:29.484+0000][1][safepoint    ] Application time: 6.0004046 seconds
[2019-12-09T08:25:29.484+0000][1][safepoint    ] Entering safepoint region: Cleanup
[2019-12-09T08:25:29.484+0000][1][safepoint    ] Leaving safepoint region
[2019-12-09T08:25:29.484+0000][1][safepoint    ] Total time for which application threads were stopped: 0.0000945 seconds, Stopping threads took: 0.0000254 seconds
[2019-12-09T08:25:30.484+0000][1][safepoint    ] Application time: 1.0000759 seconds
[2019-12-09T08:25:30.484+0000][1][safepoint    ] Entering safepoint region: Cleanup
[2019-12-09T08:25:30.485+0000][1][safepoint    ] Leaving safepoint region
[2019-12-09T08:25:30.485+0000][1][safepoint    ] Total time for which application threads were stopped: 0.0000849 seconds, Stopping threads took: 0.0000181 seconds
[2019-12-09T08:25:31.485+0000][1][safepoint    ] Application time: 1.0000766 seconds
[2019-12-09T08:25:31.485+0000][1][safepoint    ] Entering safepoint region: Cleanup
[2019-12-09T08:25:31.485+0000][1][safepoint    ] Leaving safepoint region
[2019-12-09T08:25:31.485+0000][1][safepoint    ] Total time for which application threads were stopped: 0.0000897 seconds, Stopping threads took: 0.0000187 seconds
[2019-12-09T08:25:32.485+0000][1][safepoint    ] Application time: 1.0000775 seconds
[2019-12-09T08:25:32.485+0000][1][safepoint    ] Entering safepoint region: Cleanup
[2019-12-09T08:25:32.485+0000][1][safepoint    ] Leaving safepoint region
[2019-12-09T08:25:32.485+0000][1][safepoint    ] Total time for which application threads were stopped: 0.0000845 seconds, Stopping threads took: 0.0000186 seconds
[2019-12-09T08:25:33.485+0000][1][safepoint    ] Application time: 1.0000769 seconds
[2019-12-09T08:25:33.485+0000][1][safepoint    ] Entering safepoint region: Cleanup
[2019-12-09T08:25:33.485+0000][1][safepoint    ] Leaving safepoint region
[2019-12-09T08:25:33.485+0000][1][safepoint    ] Total time for which application threads were stopped: 0.0000866 seconds, Stopping threads took: 0.0000186 seconds
[2019-12-09T08:25:34.485+0000][1][safepoint    ] Application time: 1.0000769 seconds
[2019-12-09T08:25:34.485+0000][1][safepoint    ] Entering safepoint region: Cleanup
[2019-12-09T08:25:34.485+0000][1][safepoint    ] Leaving safepoint region
[2019-12-09T08:25:34.485+0000][1][safepoint    ] Total time for which application threads were stopped: 0.0000844 seconds, Stopping threads took: 0.0000178 seconds
[2019-12-09T08:25:35.485+0000][1][safepoint    ] Application time: 1.0000752 seconds
[2019-12-09T08:25:35.486+0000][1][safepoint    ] Entering safepoint region: Cleanup
[2019-12-09T08:25:35.486+0000][1][safepoint    ] Leaving safepoint region
[2019-12-09T08:25:35.486+0000][1][safepoint    ] Total time for which application threads were stopped: 0.0000937 seconds, Stopping threads took: 0.0000198 seconds
[2019-12-09T08:25:36.486+0000][1][safepoint    ] Application time: 1.0000798 seconds
[2019-12-09T08:25:36.486+0000][1][safepoint    ] Entering safepoint region: Cleanup
[2019-12-09T08:25:36.486+0000][1][safepoint    ] Leaving safepoint region
[2019-12-09T08:25:36.486+0000][1][safepoint    ] Total time for which application threads were stopped: 0.0000858 seconds, Stopping threads took: 0.0000193 seconds
[2019-12-09T08:25:37.486+0000][1][safepoint    ] Application time: 1.0000739 seconds
[2019-12-09T08:25:37.486+0000][1][safepoint    ] Entering safepoint region: Cleanup
[2019-12-09T08:25:37.486+0000][1][safepoint    ] Leaving safepoint region
[2019-12-09T08:25:37.486+0000][1][safepoint    ] Total time for which application threads were stopped: 0.0000921 seconds, Stopping threads took: 0.0000184 seconds
[2019-12-09T08:25:37.634+0000][1][safepoint    ] Application time: 0.1482129 seconds
[2019-12-09T08:25:37.634+0000][1][safepoint    ] Entering safepoint region: GenCollectForAllocation
[2019-12-09T08:25:37.634+0000][1][gc,start     ] GC(143) Pause Young (Allocation Failure)
[2019-12-09T08:25:37.634+0000][1][gc,task      ] GC(143) Using 2 workers of 2 for evacuation
[2019-12-09T08:25:37.636+0000][1][gc,age       ] GC(143) Desired survivor size 4456448 bytes, new threshold 6 (max threshold 6)
[2019-12-09T08:25:37.636+0000][1][gc,age       ] GC(143) Age table with threshold 6 (max threshold 6)
[2019-12-09T08:25:37.636+0000][1][gc,age       ] GC(143) - age   1:     759112 bytes,     759112 total
[2019-12-09T08:25:37.636+0000][1][gc,age       ] GC(143) - age   2:        408 bytes,     759520 total
[2019-12-09T08:25:37.636+0000][1][gc,age       ] GC(143) - age   4:        248 bytes,     759768 total
[2019-12-09T08:25:37.636+0000][1][gc,age       ] GC(143) - age   5:        120 bytes,     759888 total
[2019-12-09T08:25:37.636+0000][1][gc,age       ] GC(143) - age   6:        128 bytes,     760016 total
[2019-12-09T08:25:37.636+0000][1][gc,heap      ] GC(143) ParNew: 71090K->746K(78656K)
[2019-12-09T08:25:37.636+0000][1][gc,heap      ] GC(143) CMS: 70970K->70970K(174784K)
[2019-12-09T08:25:37.636+0000][1][gc,metaspace ] GC(143) Metaspace: 76603K->76603K(1120256K)
[2019-12-09T08:25:37.636+0000][1][gc           ] GC(143) Pause Young (Allocation Failure) 138M->70M(247M) 1.958ms
[2019-12-09T08:25:37.636+0000][1][gc,cpu       ] GC(143) User=0.01s Sys=0.00s Real=0.01s
[2019-12-09T08:25:37.636+0000][1][safepoint    ] Leaving safepoint region
[2019-12-09T08:25:37.636+0000][1][safepoint    ] Total time for which application threads were stopped: 0.0021166 seconds, Stopping threads took: 0.0000180 seconds
[2019-12-09T08:25:38.637+0000][1][safepoint    ] Application time: 1.0000872 seconds
[2019-12-09T08:25:38.637+0000][1][safepoint    ] Entering safepoint region: Cleanup
[2019-12-09T08:25:38.637+0000][1][safepoint    ] Leaving safepoint region
[2019-12-09T08:25:38.637+0000][1][safepoint    ] Total time for which application threads were stopped: 0.0000879 seconds, Stopping threads took: 0.0000188 seconds
[2019-12-09T08:25:39.637+0000][1][safepoint    ] Application time: 1.0000761 seconds
[2019-12-09T08:25:39.637+0000][1][safepoint    ] Entering safepoint region: Cleanup
[2019-12-09T08:25:39.637+0000][1][safepoint    ] Leaving safepoint region
[2019-12-09T08:25:39.637+0000][1][safepoint    ] Total time for which application threads were stopped: 0.0000849 seconds, Stopping threads took: 0.0000182 seconds
[2019-12-09T08:25:40.637+0000][1][safepoint    ] Application time: 1.0000761 seconds
[2019-12-09T08:25:40.637+0000][1][safepoint    ] Entering safepoint region: Cleanup
[2019-12-09T08:25:40.637+0000][1][safepoint    ] Leaving safepoint region
[2019-12-09T08:25:40.637+0000][1][safepoint    ] Total time for which application threads were stopped: 0.0000860 seconds, Stopping threads took: 0.0000193 seconds
[2019-12-09T08:25:41.637+0000][1][safepoint    ] Application time: 1.0000757 seconds
[2019-12-09T08:25:41.637+0000][1][safepoint    ] Entering safepoint region: Cleanup
[2019-12-09T08:25:41.637+0000][1][safepoint    ] Leaving safepoint region
[2019-12-09T08:25:41.637+0000][1][safepoint    ] Total time for which application threads were stopped: 0.0000875 seconds, Stopping threads took: 0.0000187 seconds
[2019-12-09T08:25:42.637+0000][1][safepoint    ] Application time: 1.0000774 seconds
[2019-12-09T08:25:42.637+0000][1][safepoint    ] Entering safepoint region: Cleanup
[2019-12-09T08:25:42.637+0000][1][safepoint    ] Leaving safepoint region
[2019-12-09T08:25:42.637+0000][1][safepoint    ] Total time for which application threads were stopped: 0.0000895 seconds, Stopping threads took: 0.0000198 seconds
[2019-12-09T08:25:43.638+0000][1][safepoint    ] Application time: 1.0000761 seconds
[2019-12-09T08:25:43.638+0000][1][safepoint    ] Entering safepoint region: Cleanup
[2019-12-09T08:25:43.638+0000][1][safepoint    ] Leaving safepoint region
[2019-12-09T08:25:43.638+0000][1][safepoint    ] Total time for which application threads were stopped: 0.0000877 seconds, Stopping threads took: 0.0000195 seconds
[2019-12-09T08:25:44.638+0000][1][safepoint    ] Application time: 1.0000751 seconds
[2019-12-09T08:25:44.638+0000][1][safepoint    ] Entering safepoint region: Cleanup
[2019-12-09T08:25:44.638+0000][1][safepoint    ] Leaving safepoint region
[2019-12-09T08:25:44.638+0000][1][safepoint    ] Total time for which application threads were stopped: 0.0001190 seconds, Stopping threads took: 0.0000197 seconds
[2019-12-09T08:25:45.638+0000][1][safepoint    ] Application time: 1.0000751 seconds
[2019-12-09T08:25:45.638+0000][1][safepoint    ] Entering safepoint region: Cleanup
[2019-12-09T08:25:45.638+0000][1][safepoint    ] Leaving safepoint region
[2019-12-09T08:25:45.638+0000][1][safepoint    ] Total time for which application threads were stopped: 0.0000875 seconds, Stopping threads took: 0.0000198 seconds
[2019-12-09T08:25:46.638+0000][1][safepoint    ] Application time: 1.0000774 seconds
[2019-12-09T08:25:46.638+0000][1][safepoint    ] Entering safepoint region: Cleanup
[2019-12-09T08:25:46.638+0000][1][safepoint    ] Leaving safepoint region
[2019-12-09T08:25:46.638+0000][1][safepoint    ] Total time for which application threads were stopped: 0.0000877 seconds, Stopping threads took: 0.0000189 seconds
[2019-12-09T08:25:47.638+0000][1][safepoint    ] Application time: 1.0000760 seconds
[2019-12-09T08:25:47.638+0000][1][safepoint    ] Entering safepoint region: Cleanup
[2019-12-09T08:25:47.639+0000][1][safepoint    ] Leaving safepoint region
[2019-12-09T08:25:47.639+0000][1][safepoint    ] Total time for which application threads were stopped: 0.0000945 seconds, Stopping threads took: 0.0000283 seconds
[2019-12-09T08:25:48.639+0000][1][safepoint    ] Application time: 1.0000770 seconds
[2019-12-09T08:25:48.639+0000][1][safepoint    ] Entering safepoint region: Cleanup
[2019-12-09T08:25:48.639+0000][1][safepoint    ] Leaving safepoint region
[2019-12-09T08:25:48.639+0000][1][safepoint    ] Total time for which application threads were stopped: 0.0000917 seconds, Stopping threads took: 0.0000168 seconds
[2019-12-09T08:25:49.639+0000][1][safepoint    ] Application time: 1.0000747 seconds
[2019-12-09T08:25:49.639+0000][1][safepoint    ] Entering safepoint region: Cleanup
[2019-12-09T08:25:49.639+0000][1][safepoint    ] Leaving safepoint region
[2019-12-09T08:25:49.639+0000][1][safepoint    ] Total time for which application threads were stopped: 0.0000892 seconds, Stopping threads took: 0.0000188 seconds
[2019-12-09T08:25:50.639+0000][1][safepoint    ] Application time: 1.0000770 seconds
[2019-12-09T08:25:50.639+0000][1][safepoint    ] Entering safepoint region: Cleanup
[2019-12-09T08:25:50.639+0000][1][safepoint    ] Leaving safepoint region
[2019-12-09T08:25:50.639+0000][1][safepoint    ] Total time for which application threads were stopped: 0.0000901 seconds, Stopping threads took: 0.0000201 seconds
[2019-12-09T08:25:51.639+0000][1][safepoint    ] Application time: 1.0000748 seconds
[2019-12-09T08:25:51.639+0000][1][safepoint    ] Entering safepoint region: Cleanup
[2019-12-09T08:25:51.639+0000][1][safepoint    ] Leaving safepoint region
[2019-12-09T08:25:51.639+0000][1][safepoint    ] Total time for which application threads were stopped: 0.0000862 seconds, Stopping threads took: 0.0000183 seconds
[2019-12-09T08:25:52.639+0000][1][safepoint    ] Application time: 1.0000746 seconds
[2019-12-09T08:25:52.639+0000][1][safepoint    ] Entering safepoint region: Cleanup
[2019-12-09T08:25:52.640+0000][1][safepoint    ] Leaving safepoint region
[2019-12-09T08:25:52.640+0000][1][safepoint    ] Total time for which application threads were stopped: 0.0000841 seconds, Stopping threads took: 0.0000196 seconds
[2019-12-09T08:25:53.640+0000][1][safepoint    ] Application time: 1.0000745 seconds
[2019-12-09T08:25:53.640+0000][1][safepoint    ] Entering safepoint region: Cleanup
[2019-12-09T08:25:53.640+0000][1][safepoint    ] Leaving safepoint region
[2019-12-09T08:25:53.640+0000][1][safepoint    ] Total time for which application threads were stopped: 0.0000904 seconds, Stopping threads took: 0.0000249 seconds
[2019-12-09T08:25:54.640+0000][1][safepoint    ] Application time: 1.0000748 seconds
[2019-12-09T08:25:54.640+0000][1][safepoint    ] Entering safepoint region: Cleanup
[2019-12-09T08:25:54.640+0000][1][safepoint    ] Leaving safepoint region
[2019-12-09T08:25:54.640+0000][1][safepoint    ] Total time for which application threads were stopped: 0.0000889 seconds, Stopping threads took: 0.0000196 seconds
[2019-12-09T08:25:55.640+0000][1][safepoint    ] Application time: 1.0000770 seconds
[2019-12-09T08:25:55.640+0000][1][safepoint    ] Entering safepoint region: Cleanup
[2019-12-09T08:25:55.640+0000][1][safepoint    ] Leaving safepoint region
[2019-12-09T08:25:55.640+0000][1][safepoint    ] Total time for which application threads were stopped: 0.0000884 seconds, Stopping threads took: 0.0000203 seconds
[2019-12-09T08:25:56.640+0000][1][safepoint    ] Application time: 1.0000775 seconds
[2019-12-09T08:25:56.640+0000][1][safepoint    ] Entering safepoint region: Cleanup
[2019-12-09T08:25:56.640+0000][1][safepoint    ] Leaving safepoint region
[2019-12-09T08:25:56.640+0000][1][safepoint    ] Total time for which application threads were stopped: 0.0000896 seconds, Stopping threads took: 0.0000193 seconds
[2019-12-09T08:25:57.640+0000][1][safepoint    ] Application time: 1.0000765 seconds
[2019-12-09T08:25:57.641+0000][1][safepoint    ] Entering safepoint region: Cleanup
[2019-12-09T08:25:57.641+0000][1][safepoint    ] Leaving safepoint region
[2019-12-09T08:25:57.641+0000][1][safepoint    ] Total time for which application threads were stopped: 0.0000880 seconds, Stopping threads took: 0.0000193 seconds
[2019-12-09T08:25:58.641+0000][1][safepoint    ] Application time: 1.0000824 seconds
[2019-12-09T08:25:58.641+0000][1][safepoint    ] Entering safepoint region: Cleanup
[2019-12-09T08:25:58.641+0000][1][safepoint    ] Leaving safepoint region
[2019-12-09T08:25:58.641+0000][1][safepoint    ] Total time for which application threads were stopped: 0.0000803 seconds, Stopping threads took: 0.0000156 seconds
[2019-12-09T08:25:59.641+0000][1][safepoint    ] Application time: 1.0000746 seconds
[2019-12-09T08:25:59.641+0000][1][safepoint    ] Entering safepoint region: Cleanup
[2019-12-09T08:25:59.641+0000][1][safepoint    ] Leaving safepoint region
[2019-12-09T08:25:59.641+0000][1][safepoint    ] Total time for which application threads were stopped: 0.0000857 seconds, Stopping threads took: 0.0000188 seconds
[2019-12-09T08:26:00.641+0000][1][safepoint    ] Application time: 1.0000775 seconds
[2019-12-09T08:26:00.641+0000][1][safepoint    ] Entering safepoint region: Cleanup
[2019-12-09T08:26:00.641+0000][1][safepoint    ] Leaving safepoint region
[2019-12-09T08:26:00.641+0000][1][safepoint    ] Total time for which application threads were stopped: 0.0000866 seconds, Stopping threads took: 0.0000185 seconds
[2019-12-09T08:26:01.642+0000][1][safepoint    ] Application time: 1.0004774 seconds
[2019-12-09T08:26:01.642+0000][1][safepoint    ] Entering safepoint region: Cleanup
[2019-12-09T08:26:01.642+0000][1][safepoint    ] Leaving safepoint region
[2019-12-09T08:26:01.642+0000][1][safepoint    ] Total time for which application threads were stopped: 0.0000928 seconds, Stopping threads took: 0.0000217 seconds
[2019-12-09T08:26:02.642+0000][1][safepoint    ] Application time: 1.0000773 seconds
[2019-12-09T08:26:02.642+0000][1][safepoint    ] Entering safepoint region: Cleanup
[2019-12-09T08:26:02.642+0000][1][safepoint    ] Leaving safepoint region
[2019-12-09T08:26:02.642+0000][1][safepoint    ] Total time for which application threads were stopped: 0.0000867 seconds, Stopping threads took: 0.0000192 seconds
[2019-12-09T08:26:03.642+0000][1][safepoint    ] Application time: 1.0001393 seconds
[2019-12-09T08:26:03.642+0000][1][safepoint    ] Entering safepoint region: Cleanup
[2019-12-09T08:26:03.642+0000][1][safepoint    ] Leaving safepoint region
[2019-12-09T08:26:03.642+0000][1][safepoint    ] Total time for which application threads were stopped: 0.0001148 seconds, Stopping threads took: 0.0000228 seconds
[2019-12-09T08:26:04.642+0000][1][safepoint    ] Application time: 1.0000833 seconds
[2019-12-09T08:26:04.642+0000][1][safepoint    ] Entering safepoint region: Cleanup
[2019-12-09T08:26:04.643+0000][1][safepoint    ] Leaving safepoint region
[2019-12-09T08:26:04.643+0000][1][safepoint    ] Total time for which application threads were stopped: 0.0000872 seconds, Stopping threads took: 0.0000193 seconds
[2019-12-09T08:26:05.643+0000][1][safepoint    ] Application time: 1.0000480 seconds
[2019-12-09T08:26:05.643+0000][1][safepoint    ] Entering safepoint region: Cleanup
[2019-12-09T08:26:05.643+0000][1][safepoint    ] Leaving safepoint region
[2019-12-09T08:26:05.643+0000][1][safepoint    ] Total time for which application threads were stopped: 0.0001190 seconds, Stopping threads took: 0.0000385 seconds
[2019-12-09T08:26:06.643+0000][1][safepoint    ] Application time: 1.0000751 seconds
[2019-12-09T08:26:06.643+0000][1][safepoint    ] Entering safepoint region: Cleanup
[2019-12-09T08:26:06.643+0000][1][safepoint    ] Leaving safepoint region
[2019-12-09T08:26:06.643+0000][1][safepoint    ] Total time for which application threads were stopped: 0.0000869 seconds, Stopping threads took: 0.0000198 seconds
[2019-12-09T08:26:07.643+0000][1][safepoint    ] Application time: 1.0000752 seconds
[2019-12-09T08:26:07.643+0000][1][safepoint    ] Entering safepoint region: Cleanup
[2019-12-09T08:26:07.643+0000][1][safepoint    ] Leaving safepoint region
[2019-12-09T08:26:07.643+0000][1][safepoint    ] Total time for which application threads were stopped: 0.0000855 seconds, Stopping threads took: 0.0000186 seconds
[2019-12-09T08:26:08.643+0000][1][safepoint    ] Application time: 1.0000735 seconds
[2019-12-09T08:26:08.643+0000][1][safepoint    ] Entering safepoint region: Cleanup
[2019-12-09T08:26:08.643+0000][1][safepoint    ] Leaving safepoint region
[2019-12-09T08:26:08.643+0000][1][safepoint    ] Total time for which application threads were stopped: 0.0000871 seconds, Stopping threads took: 0.0000193 seconds
[2019-12-09T08:26:09.643+0000][1][safepoint    ] Application time: 1.0000826 seconds
[2019-12-09T08:26:09.644+0000][1][safepoint    ] Entering safepoint region: Cleanup
[2019-12-09T08:26:09.644+0000][1][safepoint    ] Leaving safepoint region
[2019-12-09T08:26:09.644+0000][1][safepoint    ] Total time for which application threads were stopped: 0.0000866 seconds, Stopping threads took: 0.0000198 seconds
[2019-12-09T08:26:10.644+0000][1][safepoint    ] Application time: 1.0000749 seconds
[2019-12-09T08:26:10.644+0000][1][safepoint    ] Entering safepoint region: Cleanup
[2019-12-09T08:26:10.644+0000][1][safepoint    ] Leaving safepoint region
[2019-12-09T08:26:10.644+0000][1][safepoint    ] Total time for which application threads were stopped: 0.0000825 seconds, Stopping threads took: 0.0000182 seconds
[2019-12-09T08:26:11.644+0000][1][safepoint    ] Application time: 1.0000762 seconds
[2019-12-09T08:26:11.644+0000][1][safepoint    ] Entering safepoint region: Cleanup
[2019-12-09T08:26:11.644+0000][1][safepoint    ] Leaving safepoint region
[2019-12-09T08:26:11.644+0000][1][safepoint    ] Total time for which application threads were stopped: 0.0000849 seconds, Stopping threads took: 0.0000176 seconds
[2019-12-09T08:26:12.644+0000][1][safepoint    ] Application time: 1.0000749 seconds
[2019-12-09T08:26:12.644+0000][1][safepoint    ] Entering safepoint region: Cleanup
[2019-12-09T08:26:12.644+0000][1][safepoint    ] Leaving safepoint region
[2019-12-09T08:26:12.644+0000][1][safepoint    ] Total time for which application threads were stopped: 0.0000810 seconds, Stopping threads took: 0.0000172 seconds
[2019-12-09T08:26:13.644+0000][1][safepoint    ] Application time: 1.0000749 seconds
[2019-12-09T08:26:13.644+0000][1][safepoint    ] Entering safepoint region: Cleanup
[2019-12-09T08:26:13.644+0000][1][safepoint    ] Leaving safepoint region
[2019-12-09T08:26:13.644+0000][1][safepoint    ] Total time for which application threads were stopped: 0.0000818 seconds, Stopping threads took: 0.0000179 seconds
[2019-12-09T08:26:14.644+0000][1][safepoint    ] Application time: 1.0000758 seconds
[2019-12-09T08:26:14.645+0000][1][safepoint    ] Entering safepoint region: Cleanup
[2019-12-09T08:26:14.645+0000][1][safepoint    ] Leaving safepoint region
[2019-12-09T08:26:14.645+0000][1][safepoint    ] Total time for which application threads were stopped: 0.0000830 seconds, Stopping threads took: 0.0000179 seconds
[2019-12-09T08:26:15.645+0000][1][safepoint    ] Application time: 1.0000744 seconds
[2019-12-09T08:26:15.645+0000][1][safepoint    ] Entering safepoint region: Cleanup
[2019-12-09T08:26:15.645+0000][1][safepoint    ] Leaving safepoint region
[2019-12-09T08:26:15.645+0000][1][safepoint    ] Total time for which application threads were stopped: 0.0000944 seconds, Stopping threads took: 0.0000298 seconds
[2019-12-09T08:26:16.645+0000][1][safepoint    ] Application time: 1.0000740 seconds
[2019-12-09T08:26:16.645+0000][1][safepoint    ] Entering safepoint region: Cleanup
[2019-12-09T08:26:16.645+0000][1][safepoint    ] Leaving safepoint region
[2019-12-09T08:26:16.645+0000][1][safepoint    ] Total time for which application threads were stopped: 0.0000888 seconds, Stopping threads took: 0.0000208 seconds
[2019-12-09T08:26:17.645+0000][1][safepoint    ] Application time: 1.0000736 seconds
[2019-12-09T08:26:17.645+0000][1][safepoint    ] Entering safepoint region: Cleanup
[2019-12-09T08:26:17.645+0000][1][safepoint    ] Leaving safepoint region
[2019-12-09T08:26:17.645+0000][1][safepoint    ] Total time for which application threads were stopped: 0.0000836 seconds, Stopping threads took: 0.0000183 seconds
[2019-12-09T08:26:18.645+0000][1][safepoint    ] Application time: 1.0000753 seconds
[2019-12-09T08:26:18.645+0000][1][safepoint    ] Entering safepoint region: Cleanup
[2019-12-09T08:26:18.645+0000][1][safepoint    ] Leaving safepoint region
[2019-12-09T08:26:18.645+0000][1][safepoint    ] Total time for which application threads were stopped: 0.0000951 seconds, Stopping threads took: 0.0000198 seconds
[2019-12-09T08:26:18.750+0000][1][safepoint    ] Application time: 0.1050128 seconds
[2019-12-09T08:26:18.750+0000][1][safepoint    ] Entering safepoint region: GenCollectForAllocation
[2019-12-09T08:26:18.751+0000][1][gc,start     ] GC(144) Pause Young (Allocation Failure)
[2019-12-09T08:26:18.751+0000][1][gc,task      ] GC(144) Using 2 workers of 2 for evacuation
[2019-12-09T08:26:18.752+0000][1][gc,age       ] GC(144) Desired survivor size 4456448 bytes, new threshold 6 (max threshold 6)
[2019-12-09T08:26:18.752+0000][1][gc,age       ] GC(144) Age table with threshold 6 (max threshold 6)
[2019-12-09T08:26:18.752+0000][1][gc,age       ] GC(144) - age   1:     754872 bytes,     754872 total
[2019-12-09T08:26:18.752+0000][1][gc,age       ] GC(144) - age   2:       3896 bytes,     758768 total
[2019-12-09T08:26:18.752+0000][1][gc,age       ] GC(144) - age   3:        120 bytes,     758888 total
[2019-12-09T08:26:18.752+0000][1][gc,age       ] GC(144) - age   5:        248 bytes,     759136 total
[2019-12-09T08:26:18.752+0000][1][gc,age       ] GC(144) - age   6:        120 bytes,     759256 total
[2019-12-09T08:26:18.752+0000][1][gc,heap      ] GC(144) ParNew: 70698K->826K(78656K)
[2019-12-09T08:26:18.752+0000][1][gc,heap      ] GC(144) CMS: 70970K->70970K(174784K)
[2019-12-09T08:26:18.752+0000][1][gc,metaspace ] GC(144) Metaspace: 76603K->76603K(1120256K)
[2019-12-09T08:26:18.752+0000][1][gc           ] GC(144) Pause Young (Allocation Failure) 138M->70M(247M) 1.914ms
[2019-12-09T08:26:18.752+0000][1][gc,cpu       ] GC(144) User=0.00s Sys=0.00s Real=0.00s
[2019-12-09T08:26:18.753+0000][1][safepoint    ] Leaving safepoint region
[2019-12-09T08:26:18.753+0000][1][safepoint    ] Total time for which application threads were stopped: 0.0020620 seconds, Stopping threads took: 0.0000180 seconds
[2019-12-09T08:26:19.753+0000][1][safepoint    ] Application time: 1.0000854 seconds
[2019-12-09T08:26:19.753+0000][1][safepoint    ] Entering safepoint region: Cleanup
[2019-12-09T08:26:19.753+0000][1][safepoint    ] Leaving safepoint region
[2019-12-09T08:26:19.753+0000][1][safepoint    ] Total time for which application threads were stopped: 0.0001101 seconds, Stopping threads took: 0.0000228 seconds
[2019-12-09T08:26:20.753+0000][1][safepoint    ] Application time: 1.0000803 seconds
[2019-12-09T08:26:20.753+0000][1][safepoint    ] Entering safepoint region: Cleanup
[2019-12-09T08:26:20.753+0000][1][safepoint    ] Leaving safepoint region
[2019-12-09T08:26:20.753+0000][1][safepoint    ] Total time for which application threads were stopped: 0.0000793 seconds, Stopping threads took: 0.0000164 seconds
[2019-12-09T08:26:22.000+0000][1][safepoint    ] Application time: 1.2475332 seconds
[2019-12-09T08:26:22.001+0000][1][safepoint    ] Entering safepoint region: Cleanup
[2019-12-09T08:26:22.001+0000][1][safepoint    ] Leaving safepoint region
[2019-12-09T08:26:22.001+0000][1][safepoint    ] Total time for which application threads were stopped: 0.0001275 seconds, Stopping threads took: 0.0000247 seconds
[2019-12-09T08:26:23.001+0000][1][safepoint    ] Application time: 1.0000841 seconds
[2019-12-09T08:26:23.001+0000][1][safepoint    ] Entering safepoint region: Cleanup
[2019-12-09T08:26:23.001+0000][1][safepoint    ] Leaving safepoint region
[2019-12-09T08:26:23.001+0000][1][safepoint    ] Total time for which application threads were stopped: 0.0001169 seconds, Stopping threads took: 0.0000252 seconds
[2019-12-09T08:26:24.001+0000][1][safepoint    ] Application time: 1.0000834 seconds
[2019-12-09T08:26:24.001+0000][1][safepoint    ] Entering safepoint region: Cleanup
[2019-12-09T08:26:24.001+0000][1][safepoint    ] Leaving safepoint region
[2019-12-09T08:26:24.001+0000][1][safepoint    ] Total time for which application threads were stopped: 0.0001036 seconds, Stopping threads took: 0.0000264 seconds
[2019-12-09T08:26:25.001+0000][1][safepoint    ] Application time: 1.0000882 seconds
[2019-12-09T08:26:25.001+0000][1][safepoint    ] Entering safepoint region: Cleanup
[2019-12-09T08:26:25.001+0000][1][safepoint    ] Leaving safepoint region
[2019-12-09T08:26:25.001+0000][1][safepoint    ] Total time for which application threads were stopped: 0.0001201 seconds, Stopping threads took: 0.0000226 seconds
[2019-12-09T08:26:26.001+0000][1][safepoint    ] Application time: 1.0000813 seconds
[2019-12-09T08:26:26.002+0000][1][safepoint    ] Entering safepoint region: Cleanup
[2019-12-09T08:26:26.002+0000][1][safepoint    ] Leaving safepoint region
[2019-12-09T08:26:26.002+0000][1][safepoint    ] Total time for which application threads were stopped: 0.0000897 seconds, Stopping threads took: 0.0000198 seconds
[2019-12-09T08:26:27.002+0000][1][safepoint    ] Application time: 1.0001004 seconds
[2019-12-09T08:26:27.002+0000][1][safepoint    ] Entering safepoint region: Cleanup
[2019-12-09T08:26:27.002+0000][1][safepoint    ] Leaving safepoint region
[2019-12-09T08:26:27.002+0000][1][safepoint    ] Total time for which application threads were stopped: 0.0000881 seconds, Stopping threads took: 0.0000205 seconds
[2019-12-09T08:26:28.002+0000][1][safepoint    ] Application time: 1.0000812 seconds
[2019-12-09T08:26:28.002+0000][1][safepoint    ] Entering safepoint region: Cleanup
[2019-12-09T08:26:28.002+0000][1][safepoint    ] Leaving safepoint region
[2019-12-09T08:26:28.002+0000][1][safepoint    ] Total time for which application threads were stopped: 0.0000880 seconds, Stopping threads took: 0.0000188 seconds
[2019-12-09T08:26:29.002+0000][1][safepoint    ] Application time: 1.0000842 seconds
[2019-12-09T08:26:29.002+0000][1][safepoint    ] Entering safepoint region: Cleanup
[2019-12-09T08:26:29.002+0000][1][safepoint    ] Leaving safepoint region
[2019-12-09T08:26:29.002+0000][1][safepoint    ] Total time for which application threads were stopped: 0.0000895 seconds, Stopping threads took: 0.0000199 seconds
[2019-12-09T08:26:30.002+0000][1][safepoint    ] Application time: 1.0000797 seconds
[2019-12-09T08:26:30.002+0000][1][safepoint    ] Entering safepoint region: Cleanup
[2019-12-09T08:26:30.002+0000][1][safepoint    ] Leaving safepoint region
[2019-12-09T08:26:30.002+0000][1][safepoint    ] Total time for which application threads were stopped: 0.0000919 seconds, Stopping threads took: 0.0000212 seconds
[2019-12-09T08:26:31.003+0000][1][safepoint    ] Application time: 1.0000861 seconds
[2019-12-09T08:26:31.003+0000][1][safepoint    ] Entering safepoint region: Cleanup
[2019-12-09T08:26:31.003+0000][1][safepoint    ] Leaving safepoint region
[2019-12-09T08:26:31.003+0000][1][safepoint    ] Total time for which application threads were stopped: 0.0001074 seconds, Stopping threads took: 0.0000197 seconds
[2019-12-09T08:26:32.003+0000][1][safepoint    ] Application time: 1.0000778 seconds
[2019-12-09T08:26:32.003+0000][1][safepoint    ] Entering safepoint region: Cleanup
[2019-12-09T08:26:32.003+0000][1][safepoint    ] Leaving safepoint region
[2019-12-09T08:26:32.003+0000][1][safepoint    ] Total time for which application threads were stopped: 0.0000910 seconds, Stopping threads took: 0.0000190 seconds
[2019-12-09T08:26:33.003+0000][1][safepoint    ] Application time: 1.0000802 seconds
[2019-12-09T08:26:33.003+0000][1][safepoint    ] Entering safepoint region: Cleanup
[2019-12-09T08:26:33.003+0000][1][safepoint    ] Leaving safepoint region
[2019-12-09T08:26:33.003+0000][1][safepoint    ] Total time for which application threads were stopped: 0.0000880 seconds, Stopping threads took: 0.0000193 seconds
[2019-12-09T08:26:34.003+0000][1][safepoint    ] Application time: 1.0000838 seconds
[2019-12-09T08:26:34.003+0000][1][safepoint    ] Entering safepoint region: Cleanup
[2019-12-09T08:26:34.003+0000][1][safepoint    ] Leaving safepoint region
[2019-12-09T08:26:34.003+0000][1][safepoint    ] Total time for which application threads were stopped: 0.0000942 seconds, Stopping threads took: 0.0000203 seconds
[2019-12-09T08:26:35.003+0000][1][safepoint    ] Application time: 1.0000819 seconds
[2019-12-09T08:26:35.003+0000][1][safepoint    ] Entering safepoint region: Cleanup
[2019-12-09T08:26:35.004+0000][1][safepoint    ] Leaving safepoint region
[2019-12-09T08:26:35.004+0000][1][safepoint    ] Total time for which application threads were stopped: 0.0000911 seconds, Stopping threads took: 0.0000210 seconds
[2019-12-09T08:26:36.004+0000][1][safepoint    ] Application time: 1.0000805 seconds
[2019-12-09T08:26:36.004+0000][1][safepoint    ] Entering safepoint region: Cleanup
[2019-12-09T08:26:36.004+0000][1][safepoint    ] Leaving safepoint region
[2019-12-09T08:26:36.004+0000][1][safepoint    ] Total time for which application threads were stopped: 0.0000914 seconds, Stopping threads took: 0.0000223 seconds
[2019-12-09T08:26:37.004+0000][1][safepoint    ] Application time: 1.0000802 seconds
[2019-12-09T08:26:37.004+0000][1][safepoint    ] Entering safepoint region: Cleanup
[2019-12-09T08:26:37.004+0000][1][safepoint    ] Leaving safepoint region
[2019-12-09T08:26:37.004+0000][1][safepoint    ] Total time for which application threads were stopped: 0.0000916 seconds, Stopping threads took: 0.0000211 seconds
[2019-12-09T08:26:38.004+0000][1][safepoint    ] Application time: 1.0000821 seconds
[2019-12-09T08:26:38.004+0000][1][safepoint    ] Entering safepoint region: Cleanup
[2019-12-09T08:26:38.004+0000][1][safepoint    ] Leaving safepoint region
[2019-12-09T08:26:38.004+0000][1][safepoint    ] Total time for which application threads were stopped: 0.0000909 seconds, Stopping threads took: 0.0000211 seconds
[2019-12-09T08:26:39.004+0000][1][safepoint    ] Application time: 1.0000797 seconds
[2019-12-09T08:26:39.004+0000][1][safepoint    ] Entering safepoint region: Cleanup
[2019-12-09T08:26:39.004+0000][1][safepoint    ] Leaving safepoint region
[2019-12-09T08:26:39.004+0000][1][safepoint    ] Total time for which application threads were stopped: 0.0000881 seconds, Stopping threads took: 0.0000201 seconds
[2019-12-09T08:26:40.005+0000][1][safepoint    ] Application time: 1.0000776 seconds
[2019-12-09T08:26:40.005+0000][1][safepoint    ] Entering safepoint region: Cleanup
[2019-12-09T08:26:40.005+0000][1][safepoint    ] Leaving safepoint region
[2019-12-09T08:26:40.005+0000][1][safepoint    ] Total time for which application threads were stopped: 0.0000905 seconds, Stopping threads took: 0.0000203 seconds
[2019-12-09T08:26:41.005+0000][1][safepoint    ] Application time: 1.0000319 seconds
[2019-12-09T08:26:41.005+0000][1][safepoint    ] Entering safepoint region: Cleanup
[2019-12-09T08:26:41.005+0000][1][safepoint    ] Leaving safepoint region
[2019-12-09T08:26:41.005+0000][1][safepoint    ] Total time for which application threads were stopped: 0.0000857 seconds, Stopping threads took: 0.0000191 seconds
[2019-12-09T08:26:42.005+0000][1][safepoint    ] Application time: 1.0000750 seconds
[2019-12-09T08:26:42.005+0000][1][safepoint    ] Entering safepoint region: Cleanup
[2019-12-09T08:26:42.005+0000][1][safepoint    ] Leaving safepoint region
[2019-12-09T08:26:42.005+0000][1][safepoint    ] Total time for which application threads were stopped: 0.0000865 seconds, Stopping threads took: 0.0000185 seconds
[2019-12-09T08:26:43.005+0000][1][safepoint    ] Application time: 1.0000756 seconds
[2019-12-09T08:26:43.005+0000][1][safepoint    ] Entering safepoint region: Cleanup
[2019-12-09T08:26:43.005+0000][1][safepoint    ] Leaving safepoint region
[2019-12-09T08:26:43.005+0000][1][safepoint    ] Total time for which application threads were stopped: 0.0000862 seconds, Stopping threads took: 0.0000198 seconds
[2019-12-09T08:26:44.005+0000][1][safepoint    ] Application time: 1.0000755 seconds
[2019-12-09T08:26:44.005+0000][1][safepoint    ] Entering safepoint region: Cleanup
[2019-12-09T08:26:44.005+0000][1][safepoint    ] Leaving safepoint region
[2019-12-09T08:26:44.005+0000][1][safepoint    ] Total time for which application threads were stopped: 0.0000862 seconds, Stopping threads took: 0.0000183 seconds
[2019-12-09T08:26:45.006+0000][1][safepoint    ] Application time: 1.0000780 seconds
[2019-12-09T08:26:45.006+0000][1][safepoint    ] Entering safepoint region: Cleanup
[2019-12-09T08:26:45.006+0000][1][safepoint    ] Leaving safepoint region
[2019-12-09T08:26:45.006+0000][1][safepoint    ] Total time for which application threads were stopped: 0.0000908 seconds, Stopping threads took: 0.0000194 seconds
[2019-12-09T08:26:46.006+0000][1][safepoint    ] Application time: 1.0000412 seconds
[2019-12-09T08:26:46.006+0000][1][safepoint    ] Entering safepoint region: Cleanup
[2019-12-09T08:26:46.006+0000][1][safepoint    ] Leaving safepoint region
[2019-12-09T08:26:46.006+0000][1][safepoint    ] Total time for which application threads were stopped: 0.0000885 seconds, Stopping threads took: 0.0000196 seconds
[2019-12-09T08:26:47.006+0000][1][safepoint    ] Application time: 1.0000757 seconds
[2019-12-09T08:26:47.006+0000][1][safepoint    ] Entering safepoint region: Cleanup
[2019-12-09T08:26:47.006+0000][1][safepoint    ] Leaving safepoint region
[2019-12-09T08:26:47.006+0000][1][safepoint    ] Total time for which application threads were stopped: 0.0000954 seconds, Stopping threads took: 0.0000192 seconds
[2019-12-09T08:26:48.006+0000][1][safepoint    ] Application time: 1.0000789 seconds
[2019-12-09T08:26:48.006+0000][1][safepoint    ] Entering safepoint region: Cleanup
[2019-12-09T08:26:48.006+0000][1][safepoint    ] Leaving safepoint region
[2019-12-09T08:26:48.006+0000][1][safepoint    ] Total time for which application threads were stopped: 0.0000956 seconds, Stopping threads took: 0.0000265 seconds
[2019-12-09T08:26:49.006+0000][1][safepoint    ] Application time: 1.0000771 seconds
[2019-12-09T08:26:49.006+0000][1][safepoint    ] Entering safepoint region: Cleanup
[2019-12-09T08:26:49.006+0000][1][safepoint    ] Leaving safepoint region
[2019-12-09T08:26:49.006+0000][1][safepoint    ] Total time for which application threads were stopped: 0.0000893 seconds, Stopping threads took: 0.0000198 seconds
[2019-12-09T08:26:50.007+0000][1][safepoint    ] Application time: 1.0000839 seconds
[2019-12-09T08:26:50.007+0000][1][safepoint    ] Entering safepoint region: Cleanup
[2019-12-09T08:26:50.007+0000][1][safepoint    ] Leaving safepoint region
[2019-12-09T08:26:50.007+0000][1][safepoint    ] Total time for which application threads were stopped: 0.0001041 seconds, Stopping threads took: 0.0000200 seconds
[2019-12-09T08:26:51.013+0000][1][safepoint    ] Application time: 1.0064727 seconds
[2019-12-09T08:26:51.013+0000][1][safepoint    ] Entering safepoint region: Cleanup
[2019-12-09T08:26:51.013+0000][1][safepoint    ] Leaving safepoint region
[2019-12-09T08:26:51.013+0000][1][safepoint    ] Total time for which application threads were stopped: 0.0001152 seconds, Stopping threads took: 0.0000226 seconds
[2019-12-09T08:26:52.013+0000][1][safepoint    ] Application time: 1.0000768 seconds
[2019-12-09T08:26:52.013+0000][1][safepoint    ] Entering safepoint region: Cleanup
[2019-12-09T08:26:52.014+0000][1][safepoint    ] Leaving safepoint region
[2019-12-09T08:26:52.014+0000][1][safepoint    ] Total time for which application threads were stopped: 0.0000814 seconds, Stopping threads took: 0.0000167 seconds
[2019-12-09T08:26:53.014+0000][1][safepoint    ] Application time: 1.0000784 seconds
[2019-12-09T08:26:53.014+0000][1][safepoint    ] Entering safepoint region: Cleanup
[2019-12-09T08:26:53.014+0000][1][safepoint    ] Leaving safepoint region
[2019-12-09T08:26:53.014+0000][1][safepoint    ] Total time for which application threads were stopped: 0.0000925 seconds, Stopping threads took: 0.0000191 seconds
[2019-12-09T08:26:54.014+0000][1][safepoint    ] Application time: 1.0000795 seconds
[2019-12-09T08:26:54.014+0000][1][safepoint    ] Entering safepoint region: Cleanup
[2019-12-09T08:26:54.014+0000][1][safepoint    ] Leaving safepoint region
[2019-12-09T08:26:54.014+0000][1][safepoint    ] Total time for which application threads were stopped: 0.0000829 seconds, Stopping threads took: 0.0000184 seconds
[2019-12-09T08:26:55.014+0000][1][safepoint    ] Application time: 1.0000779 seconds
[2019-12-09T08:26:55.014+0000][1][safepoint    ] Entering safepoint region: Cleanup
[2019-12-09T08:26:55.014+0000][1][safepoint    ] Leaving safepoint region
[2019-12-09T08:26:55.014+0000][1][safepoint    ] Total time for which application threads were stopped: 0.0000819 seconds, Stopping threads took: 0.0000176 seconds
[2019-12-09T08:26:56.014+0000][1][safepoint    ] Application time: 1.0000804 seconds
[2019-12-09T08:26:56.014+0000][1][safepoint    ] Entering safepoint region: Cleanup
[2019-12-09T08:26:56.014+0000][1][safepoint    ] Leaving safepoint region
[2019-12-09T08:26:56.014+0000][1][safepoint    ] Total time for which application threads were stopped: 0.0000956 seconds, Stopping threads took: 0.0000183 seconds
[2019-12-09T08:26:57.014+0000][1][safepoint    ] Application time: 1.0000747 seconds
[2019-12-09T08:26:57.014+0000][1][safepoint    ] Entering safepoint region: Cleanup
[2019-12-09T08:26:57.014+0000][1][safepoint    ] Leaving safepoint region
[2019-12-09T08:26:57.014+0000][1][safepoint    ] Total time for which application threads were stopped: 0.0000848 seconds, Stopping threads took: 0.0000171 seconds
[2019-12-09T08:26:58.015+0000][1][safepoint    ] Application time: 1.0000765 seconds
[2019-12-09T08:26:58.015+0000][1][safepoint    ] Entering safepoint region: Cleanup
[2019-12-09T08:26:58.015+0000][1][safepoint    ] Leaving safepoint region
[2019-12-09T08:26:58.015+0000][1][safepoint    ] Total time for which application threads were stopped: 0.0000820 seconds, Stopping threads took: 0.0000183 seconds
[2019-12-09T08:26:59.015+0000][1][safepoint    ] Application time: 1.0000845 seconds
[2019-12-09T08:26:59.015+0000][1][safepoint    ] Entering safepoint region: Cleanup
[2019-12-09T08:26:59.015+0000][1][safepoint    ] Leaving safepoint region
[2019-12-09T08:26:59.015+0000][1][safepoint    ] Total time for which application threads were stopped: 0.0000818 seconds, Stopping threads took: 0.0000185 seconds
[2019-12-09T08:27:00.015+0000][1][safepoint    ] Application time: 1.0000789 seconds
[2019-12-09T08:27:00.015+0000][1][safepoint    ] Entering safepoint region: Cleanup
[2019-12-09T08:27:00.015+0000][1][safepoint    ] Leaving safepoint region
[2019-12-09T08:27:00.015+0000][1][safepoint    ] Total time for which application threads were stopped: 0.0000821 seconds, Stopping threads took: 0.0000175 seconds
[2019-12-09T08:27:01.015+0000][1][safepoint    ] Application time: 1.0000758 seconds
[2019-12-09T08:27:01.015+0000][1][safepoint    ] Entering safepoint region: Cleanup
[2019-12-09T08:27:01.015+0000][1][safepoint    ] Leaving safepoint region
[2019-12-09T08:27:01.015+0000][1][safepoint    ] Total time for which application threads were stopped: 0.0000921 seconds, Stopping threads took: 0.0000269 seconds
[2019-12-09T08:27:02.015+0000][1][safepoint    ] Application time: 1.0000754 seconds
[2019-12-09T08:27:02.015+0000][1][safepoint    ] Entering safepoint region: Cleanup
[2019-12-09T08:27:02.015+0000][1][safepoint    ] Leaving safepoint region
[2019-12-09T08:27:02.015+0000][1][safepoint    ] Total time for which application threads were stopped: 0.0000843 seconds, Stopping threads took: 0.0000173 seconds
[2019-12-09T08:27:02.492+0000][1][safepoint    ] Application time: 0.4763469 seconds
[2019-12-09T08:27:02.492+0000][1][safepoint    ] Entering safepoint region: GenCollectForAllocation
[2019-12-09T08:27:02.492+0000][1][gc,start     ] GC(145) Pause Young (Allocation Failure)
[2019-12-09T08:27:02.492+0000][1][gc,task      ] GC(145) Using 2 workers of 2 for evacuation
[2019-12-09T08:27:02.494+0000][1][gc,age       ] GC(145) Desired survivor size 4456448 bytes, new threshold 6 (max threshold 6)
[2019-12-09T08:27:02.494+0000][1][gc,age       ] GC(145) Age table with threshold 6 (max threshold 6)
[2019-12-09T08:27:02.494+0000][1][gc,age       ] GC(145) - age   1:     821272 bytes,     821272 total
[2019-12-09T08:27:02.494+0000][1][gc,age       ] GC(145) - age   3:       3896 bytes,     825168 total
[2019-12-09T08:27:02.494+0000][1][gc,age       ] GC(145) - age   4:        120 bytes,     825288 total
[2019-12-09T08:27:02.494+0000][1][gc,age       ] GC(145) - age   6:        248 bytes,     825536 total
[2019-12-09T08:27:02.494+0000][1][gc,heap      ] GC(145) ParNew: 70752K->853K(78656K)
[2019-12-09T08:27:02.494+0000][1][gc,heap      ] GC(145) CMS: 70970K->70970K(174784K)
[2019-12-09T08:27:02.494+0000][1][gc,metaspace ] GC(145) Metaspace: 76606K->76606K(1120256K)
[2019-12-09T08:27:02.494+0000][1][gc           ] GC(145) Pause Young (Allocation Failure) 138M->70M(247M) 1.934ms
[2019-12-09T08:27:02.494+0000][1][gc,cpu       ] GC(145) User=0.01s Sys=0.00s Real=0.00s
[2019-12-09T08:27:02.494+0000][1][safepoint    ] Leaving safepoint region
[2019-12-09T08:27:02.494+0000][1][safepoint    ] Total time for which application threads were stopped: 0.0020951 seconds, Stopping threads took: 0.0000183 seconds
[2019-12-09T08:27:03.494+0000][1][safepoint    ] Application time: 1.0000867 seconds
[2019-12-09T08:27:03.494+0000][1][safepoint    ] Entering safepoint region: Cleanup
[2019-12-09T08:27:03.494+0000][1][safepoint    ] Leaving safepoint region
[2019-12-09T08:27:03.494+0000][1][safepoint    ] Total time for which application threads were stopped: 0.0000920 seconds, Stopping threads took: 0.0000241 seconds
[2019-12-09T08:27:04.494+0000][1][safepoint    ] Application time: 1.0000789 seconds
[2019-12-09T08:27:04.494+0000][1][safepoint    ] Entering safepoint region: Cleanup
[2019-12-09T08:27:04.494+0000][1][safepoint    ] Leaving safepoint region
[2019-12-09T08:27:04.494+0000][1][safepoint    ] Total time for which application threads were stopped: 0.0000823 seconds, Stopping threads took: 0.0000169 seconds
[2019-12-09T08:27:05.494+0000][1][safepoint    ] Application time: 1.0000759 seconds
[2019-12-09T08:27:05.494+0000][1][safepoint    ] Entering safepoint region: Cleanup
[2019-12-09T08:27:05.495+0000][1][safepoint    ] Leaving safepoint region
[2019-12-09T08:27:05.495+0000][1][safepoint    ] Total time for which application threads were stopped: 0.0000845 seconds, Stopping threads took: 0.0000178 seconds
[2019-12-09T08:27:06.495+0000][1][safepoint    ] Application time: 1.0000740 seconds
[2019-12-09T08:27:06.495+0000][1][safepoint    ] Entering safepoint region: Cleanup
[2019-12-09T08:27:06.495+0000][1][safepoint    ] Leaving safepoint region
[2019-12-09T08:27:06.495+0000][1][safepoint    ] Total time for which application threads were stopped: 0.0000935 seconds, Stopping threads took: 0.0000269 seconds
[2019-12-09T08:27:07.495+0000][1][safepoint    ] Application time: 1.0000735 seconds
[2019-12-09T08:27:07.495+0000][1][safepoint    ] Entering safepoint region: Cleanup
[2019-12-09T08:27:07.495+0000][1][safepoint    ] Leaving safepoint region
[2019-12-09T08:27:07.495+0000][1][safepoint    ] Total time for which application threads were stopped: 0.0000874 seconds, Stopping threads took: 0.0000190 seconds
[2019-12-09T08:27:08.495+0000][1][safepoint    ] Application time: 1.0000750 seconds
[2019-12-09T08:27:08.495+0000][1][safepoint    ] Entering safepoint region: Cleanup
[2019-12-09T08:27:08.495+0000][1][safepoint    ] Leaving safepoint region
[2019-12-09T08:27:08.495+0000][1][safepoint    ] Total time for which application threads were stopped: 0.0001003 seconds, Stopping threads took: 0.0000321 seconds
[2019-12-09T08:27:09.495+0000][1][safepoint    ] Application time: 1.0000765 seconds
[2019-12-09T08:27:09.495+0000][1][safepoint    ] Entering safepoint region: Cleanup
[2019-12-09T08:27:09.495+0000][1][safepoint    ] Leaving safepoint region
[2019-12-09T08:27:09.495+0000][1][safepoint    ] Total time for which application threads were stopped: 0.0000869 seconds, Stopping threads took: 0.0000170 seconds
[2019-12-09T08:27:10.495+0000][1][safepoint    ] Application time: 1.0000770 seconds
[2019-12-09T08:27:10.496+0000][1][safepoint    ] Entering safepoint region: Cleanup
[2019-12-09T08:27:10.496+0000][1][safepoint    ] Leaving safepoint region
[2019-12-09T08:27:10.496+0000][1][safepoint    ] Total time for which application threads were stopped: 0.0000841 seconds, Stopping threads took: 0.0000180 seconds
[2019-12-09T08:27:11.496+0000][1][safepoint    ] Application time: 1.0000744 seconds
[2019-12-09T08:27:11.496+0000][1][safepoint    ] Entering safepoint region: Cleanup
[2019-12-09T08:27:11.496+0000][1][safepoint    ] Leaving safepoint region
[2019-12-09T08:27:11.496+0000][1][safepoint    ] Total time for which application threads were stopped: 0.0000868 seconds, Stopping threads took: 0.0000186 seconds
[2019-12-09T08:27:12.496+0000][1][safepoint    ] Application time: 1.0000773 seconds
[2019-12-09T08:27:12.496+0000][1][safepoint    ] Entering safepoint region: Cleanup
[2019-12-09T08:27:12.496+0000][1][safepoint    ] Leaving safepoint region
[2019-12-09T08:27:12.496+0000][1][safepoint    ] Total time for which application threads were stopped: 0.0000842 seconds, Stopping threads took: 0.0000187 seconds
[2019-12-09T08:27:13.496+0000][1][safepoint    ] Application time: 1.0000767 seconds
[2019-12-09T08:27:13.496+0000][1][safepoint    ] Entering safepoint region: Cleanup
[2019-12-09T08:27:13.496+0000][1][safepoint    ] Leaving safepoint region
[2019-12-09T08:27:13.496+0000][1][safepoint    ] Total time for which application threads were stopped: 0.0000844 seconds, Stopping threads took: 0.0000173 seconds
[2019-12-09T08:27:14.496+0000][1][safepoint    ] Application time: 1.0000774 seconds
[2019-12-09T08:27:14.496+0000][1][safepoint    ] Entering safepoint region: Cleanup
[2019-12-09T08:27:14.496+0000][1][safepoint    ] Leaving safepoint region
[2019-12-09T08:27:14.496+0000][1][safepoint    ] Total time for which application threads were stopped: 0.0000861 seconds, Stopping threads took: 0.0000181 seconds
[2019-12-09T08:27:15.497+0000][1][safepoint    ] Application time: 1.0000753 seconds
[2019-12-09T08:27:15.497+0000][1][safepoint    ] Entering safepoint region: Cleanup
[2019-12-09T08:27:15.497+0000][1][safepoint    ] Leaving safepoint region
[2019-12-09T08:27:15.497+0000][1][safepoint    ] Total time for which application threads were stopped: 0.0000946 seconds, Stopping threads took: 0.0000191 seconds
[2019-12-09T08:27:16.497+0000][1][safepoint    ] Application time: 1.0000852 seconds
[2019-12-09T08:27:16.497+0000][1][safepoint    ] Entering safepoint region: Cleanup
[2019-12-09T08:27:16.497+0000][1][safepoint    ] Leaving safepoint region
[2019-12-09T08:27:16.497+0000][1][safepoint    ] Total time for which application threads were stopped: 0.0000896 seconds, Stopping threads took: 0.0000199 seconds
[2019-12-09T08:27:17.497+0000][1][safepoint    ] Application time: 1.0000806 seconds
[2019-12-09T08:27:17.497+0000][1][safepoint    ] Entering safepoint region: Cleanup
[2019-12-09T08:27:17.497+0000][1][safepoint    ] Leaving safepoint region
[2019-12-09T08:27:17.497+0000][1][safepoint    ] Total time for which application threads were stopped: 0.0000939 seconds, Stopping threads took: 0.0000262 seconds
[2019-12-09T08:27:18.497+0000][1][safepoint    ] Application time: 1.0000810 seconds
[2019-12-09T08:27:18.497+0000][1][safepoint    ] Entering safepoint region: Cleanup
[2019-12-09T08:27:18.497+0000][1][safepoint    ] Leaving safepoint region
[2019-12-09T08:27:18.497+0000][1][safepoint    ] Total time for which application threads were stopped: 0.0001287 seconds, Stopping threads took: 0.0000255 seconds
[2019-12-09T08:27:19.497+0000][1][safepoint    ] Application time: 1.0000809 seconds
[2019-12-09T08:27:19.498+0000][1][safepoint    ] Entering safepoint region: Cleanup
[2019-12-09T08:27:19.498+0000][1][safepoint    ] Leaving safepoint region
[2019-12-09T08:27:19.498+0000][1][safepoint    ] Total time for which application threads were stopped: 0.0001214 seconds, Stopping threads took: 0.0000202 seconds
[2019-12-09T08:27:20.498+0000][1][safepoint    ] Application time: 1.0000746 seconds
[2019-12-09T08:27:20.498+0000][1][safepoint    ] Entering safepoint region: Cleanup
[2019-12-09T08:27:20.498+0000][1][safepoint    ] Leaving safepoint region
[2019-12-09T08:27:20.498+0000][1][safepoint    ] Total time for which application threads were stopped: 0.0000886 seconds, Stopping threads took: 0.0000202 seconds
[2019-12-09T08:27:21.498+0000][1][safepoint    ] Application time: 1.0000748 seconds
[2019-12-09T08:27:21.498+0000][1][safepoint    ] Entering safepoint region: Cleanup
[2019-12-09T08:27:21.498+0000][1][safepoint    ] Leaving safepoint region
[2019-12-09T08:27:21.498+0000][1][safepoint    ] Total time for which application threads were stopped: 0.0000885 seconds, Stopping threads took: 0.0000193 seconds
[2019-12-09T08:27:23.128+0000][1][safepoint    ] Application time: 1.6301827 seconds
[2019-12-09T08:27:23.128+0000][1][safepoint    ] Entering safepoint region: Cleanup
[2019-12-09T08:27:23.128+0000][1][safepoint    ] Leaving safepoint region
[2019-12-09T08:27:23.128+0000][1][safepoint    ] Total time for which application threads were stopped: 0.0000867 seconds, Stopping threads took: 0.0000191 seconds
[2019-12-09T08:27:24.128+0000][1][safepoint    ] Application time: 1.0000755 seconds
[2019-12-09T08:27:24.128+0000][1][safepoint    ] Entering safepoint region: Cleanup
[2019-12-09T08:27:24.129+0000][1][safepoint    ] Leaving safepoint region
[2019-12-09T08:27:24.129+0000][1][safepoint    ] Total time for which application threads were stopped: 0.0000842 seconds, Stopping threads took: 0.0000187 seconds
[2019-12-09T08:27:25.129+0000][1][safepoint    ] Application time: 1.0000752 seconds
[2019-12-09T08:27:25.129+0000][1][safepoint    ] Entering safepoint region: Cleanup
[2019-12-09T08:27:25.129+0000][1][safepoint    ] Leaving safepoint region
[2019-12-09T08:27:25.129+0000][1][safepoint    ] Total time for which application threads were stopped: 0.0000860 seconds, Stopping threads took: 0.0000184 seconds
[2019-12-09T08:27:26.129+0000][1][safepoint    ] Application time: 1.0000758 seconds
[2019-12-09T08:27:26.129+0000][1][safepoint    ] Entering safepoint region: Cleanup
[2019-12-09T08:27:26.129+0000][1][safepoint    ] Leaving safepoint region
[2019-12-09T08:27:26.129+0000][1][safepoint    ] Total time for which application threads were stopped: 0.0000873 seconds, Stopping threads took: 0.0000185 seconds
[2019-12-09T08:27:27.129+0000][1][safepoint    ] Application time: 1.0000760 seconds
[2019-12-09T08:27:27.129+0000][1][safepoint    ] Entering safepoint region: Cleanup
[2019-12-09T08:27:27.129+0000][1][safepoint    ] Leaving safepoint region
[2019-12-09T08:27:27.129+0000][1][safepoint    ] Total time for which application threads were stopped: 0.0000855 seconds, Stopping threads took: 0.0000190 seconds
[2019-12-09T08:27:28.129+0000][1][safepoint    ] Application time: 1.0000765 seconds
[2019-12-09T08:27:28.129+0000][1][safepoint    ] Entering safepoint region: Cleanup
[2019-12-09T08:27:28.129+0000][1][safepoint    ] Leaving safepoint region
[2019-12-09T08:27:28.129+0000][1][safepoint    ] Total time for which application threads were stopped: 0.0000948 seconds, Stopping threads took: 0.0000269 seconds
[2019-12-09T08:27:29.129+0000][1][safepoint    ] Application time: 1.0000771 seconds
[2019-12-09T08:27:29.130+0000][1][safepoint    ] Entering safepoint region: Cleanup
[2019-12-09T08:27:29.130+0000][1][safepoint    ] Leaving safepoint region
[2019-12-09T08:27:29.130+0000][1][safepoint    ] Total time for which application threads were stopped: 0.0000873 seconds, Stopping threads took: 0.0000189 seconds
[2019-12-09T08:27:30.130+0000][1][safepoint    ] Application time: 1.0000748 seconds
[2019-12-09T08:27:30.130+0000][1][safepoint    ] Entering safepoint region: Cleanup
[2019-12-09T08:27:30.130+0000][1][safepoint    ] Leaving safepoint region
[2019-12-09T08:27:30.130+0000][1][safepoint    ] Total time for which application threads were stopped: 0.0000881 seconds, Stopping threads took: 0.0000194 seconds
[2019-12-09T08:27:31.130+0000][1][safepoint    ] Application time: 1.0000764 seconds
[2019-12-09T08:27:31.130+0000][1][safepoint    ] Entering safepoint region: Cleanup
[2019-12-09T08:27:31.130+0000][1][safepoint    ] Leaving safepoint region
[2019-12-09T08:27:31.130+0000][1][safepoint    ] Total time for which application threads were stopped: 0.0000853 seconds, Stopping threads took: 0.0000185 seconds
[2019-12-09T08:27:32.130+0000][1][safepoint    ] Application time: 1.0000758 seconds
[2019-12-09T08:27:32.130+0000][1][safepoint    ] Entering safepoint region: Cleanup
[2019-12-09T08:27:32.130+0000][1][safepoint    ] Leaving safepoint region
[2019-12-09T08:27:32.130+0000][1][safepoint    ] Total time for which application threads were stopped: 0.0000874 seconds, Stopping threads took: 0.0000209 seconds
[2019-12-09T08:27:33.130+0000][1][safepoint    ] Application time: 1.0000771 seconds
[2019-12-09T08:27:33.130+0000][1][safepoint    ] Entering safepoint region: Cleanup
[2019-12-09T08:27:33.130+0000][1][safepoint    ] Leaving safepoint region
[2019-12-09T08:27:33.130+0000][1][safepoint    ] Total time for which application threads were stopped: 0.0000866 seconds, Stopping threads took: 0.0000196 seconds
[2019-12-09T08:27:34.131+0000][1][safepoint    ] Application time: 1.0000765 seconds
[2019-12-09T08:27:34.131+0000][1][safepoint    ] Entering safepoint region: Cleanup
[2019-12-09T08:27:34.131+0000][1][safepoint    ] Leaving safepoint region
[2019-12-09T08:27:34.131+0000][1][safepoint    ] Total time for which application threads were stopped: 0.0000879 seconds, Stopping threads took: 0.0000191 seconds
[2019-12-09T08:27:35.131+0000][1][safepoint    ] Application time: 1.0000870 seconds
[2019-12-09T08:27:35.131+0000][1][safepoint    ] Entering safepoint region: Cleanup
[2019-12-09T08:27:35.131+0000][1][safepoint    ] Leaving safepoint region
[2019-12-09T08:27:35.131+0000][1][safepoint    ] Total time for which application threads were stopped: 0.0000873 seconds, Stopping threads took: 0.0000187 seconds
[2019-12-09T08:27:36.131+0000][1][safepoint    ] Application time: 1.0000752 seconds
[2019-12-09T08:27:36.131+0000][1][safepoint    ] Entering safepoint region: Cleanup
[2019-12-09T08:27:36.131+0000][1][safepoint    ] Leaving safepoint region
[2019-12-09T08:27:36.131+0000][1][safepoint    ] Total time for which application threads were stopped: 0.0000878 seconds, Stopping threads took: 0.0000182 seconds
[2019-12-09T08:27:37.131+0000][1][safepoint    ] Application time: 1.0000739 seconds
[2019-12-09T08:27:37.131+0000][1][safepoint    ] Entering safepoint region: Cleanup
[2019-12-09T08:27:37.131+0000][1][safepoint    ] Leaving safepoint region
[2019-12-09T08:27:37.131+0000][1][safepoint    ] Total time for which application threads were stopped: 0.0000889 seconds, Stopping threads took: 0.0000194 seconds
[2019-12-09T08:27:38.131+0000][1][safepoint    ] Application time: 1.0000769 seconds
[2019-12-09T08:27:38.131+0000][1][safepoint    ] Entering safepoint region: Cleanup
[2019-12-09T08:27:38.132+0000][1][safepoint    ] Leaving safepoint region
[2019-12-09T08:27:38.132+0000][1][safepoint    ] Total time for which application threads were stopped: 0.0000919 seconds, Stopping threads took: 0.0000221 seconds
[2019-12-09T08:27:39.132+0000][1][safepoint    ] Application time: 1.0000748 seconds
[2019-12-09T08:27:39.132+0000][1][safepoint    ] Entering safepoint region: Cleanup
[2019-12-09T08:27:39.132+0000][1][safepoint    ] Leaving safepoint region
[2019-12-09T08:27:39.132+0000][1][safepoint    ] Total time for which application threads were stopped: 0.0000976 seconds, Stopping threads took: 0.0000177 seconds
[2019-12-09T08:27:41.084+0000][1][safepoint    ] Application time: 1.9521433 seconds
[2019-12-09T08:27:41.084+0000][1][safepoint    ] Entering safepoint region: Cleanup
[2019-12-09T08:27:41.084+0000][1][safepoint    ] Leaving safepoint region
[2019-12-09T08:27:41.084+0000][1][safepoint    ] Total time for which application threads were stopped: 0.0000879 seconds, Stopping threads took: 0.0000188 seconds
[2019-12-09T08:27:42.084+0000][1][safepoint    ] Application time: 1.0000774 seconds
[2019-12-09T08:27:42.084+0000][1][safepoint    ] Entering safepoint region: Cleanup
[2019-12-09T08:27:42.084+0000][1][safepoint    ] Leaving safepoint region
[2019-12-09T08:27:42.084+0000][1][safepoint    ] Total time for which application threads were stopped: 0.0000906 seconds, Stopping threads took: 0.0000196 seconds
[2019-12-09T08:27:43.084+0000][1][safepoint    ] Application time: 1.0000815 seconds
[2019-12-09T08:27:43.084+0000][1][safepoint    ] Entering safepoint region: Cleanup
[2019-12-09T08:27:43.084+0000][1][safepoint    ] Leaving safepoint region
[2019-12-09T08:27:43.084+0000][1][safepoint    ] Total time for which application threads were stopped: 0.0000906 seconds, Stopping threads took: 0.0000248 seconds
[2019-12-09T08:27:44.085+0000][1][safepoint    ] Application time: 1.0000787 seconds
[2019-12-09T08:27:44.085+0000][1][safepoint    ] Entering safepoint region: Cleanup
[2019-12-09T08:27:44.085+0000][1][safepoint    ] Leaving safepoint region
[2019-12-09T08:27:44.085+0000][1][safepoint    ] Total time for which application threads were stopped: 0.0000864 seconds, Stopping threads took: 0.0000188 seconds
[2019-12-09T08:27:45.085+0000][1][safepoint    ] Application time: 1.0000750 seconds
[2019-12-09T08:27:45.085+0000][1][safepoint    ] Entering safepoint region: Cleanup
[2019-12-09T08:27:45.085+0000][1][safepoint    ] Leaving safepoint region
[2019-12-09T08:27:45.085+0000][1][safepoint    ] Total time for which application threads were stopped: 0.0000870 seconds, Stopping threads took: 0.0000201 seconds
[2019-12-09T08:27:45.509+0000][1][safepoint    ] Application time: 0.4241087 seconds
[2019-12-09T08:27:45.509+0000][1][safepoint    ] Entering safepoint region: GenCollectForAllocation
[2019-12-09T08:27:45.509+0000][1][gc,start     ] GC(146) Pause Young (Allocation Failure)
[2019-12-09T08:27:45.509+0000][1][gc,task      ] GC(146) Using 2 workers of 2 for evacuation
[2019-12-09T08:27:45.511+0000][1][gc,age       ] GC(146) Desired survivor size 4456448 bytes, new threshold 6 (max threshold 6)
[2019-12-09T08:27:45.511+0000][1][gc,age       ] GC(146) Age table with threshold 6 (max threshold 6)
[2019-12-09T08:27:45.511+0000][1][gc,age       ] GC(146) - age   1:     755528 bytes,     755528 total
[2019-12-09T08:27:45.511+0000][1][gc,age       ] GC(146) - age   2:        192 bytes,     755720 total
[2019-12-09T08:27:45.511+0000][1][gc,age       ] GC(146) - age   4:       3896 bytes,     759616 total
[2019-12-09T08:27:45.511+0000][1][gc,age       ] GC(146) - age   5:        120 bytes,     759736 total
[2019-12-09T08:27:45.511+0000][1][gc,heap      ] GC(146) ParNew: 70787K->754K(78656K)
[2019-12-09T08:27:45.511+0000][1][gc,heap      ] GC(146) CMS: 70970K->70970K(174784K)
[2019-12-09T08:27:45.511+0000][1][gc,metaspace ] GC(146) Metaspace: 76606K->76606K(1120256K)
[2019-12-09T08:27:45.511+0000][1][gc           ] GC(146) Pause Young (Allocation Failure) 138M->70M(247M) 1.937ms
[2019-12-09T08:27:45.511+0000][1][gc,cpu       ] GC(146) User=0.00s Sys=0.00s Real=0.00s
[2019-12-09T08:27:45.511+0000][1][safepoint    ] Leaving safepoint region
[2019-12-09T08:27:45.511+0000][1][safepoint    ] Total time for which application threads were stopped: 0.0021227 seconds, Stopping threads took: 0.0000237 seconds
[2019-12-09T08:27:46.511+0000][1][safepoint    ] Application time: 1.0000975 seconds
[2019-12-09T08:27:46.511+0000][1][safepoint    ] Entering safepoint region: Cleanup
[2019-12-09T08:27:46.511+0000][1][safepoint    ] Leaving safepoint region
[2019-12-09T08:27:46.511+0000][1][safepoint    ] Total time for which application threads were stopped: 0.0000923 seconds, Stopping threads took: 0.0000232 seconds
[2019-12-09T08:27:47.512+0000][1][safepoint    ] Application time: 1.0000789 seconds
[2019-12-09T08:27:47.512+0000][1][safepoint    ] Entering safepoint region: Cleanup
[2019-12-09T08:27:47.512+0000][1][safepoint    ] Leaving safepoint region
[2019-12-09T08:27:47.512+0000][1][safepoint    ] Total time for which application threads were stopped: 0.0000865 seconds, Stopping threads took: 0.0000189 seconds
[2019-12-09T08:27:48.512+0000][1][safepoint    ] Application time: 1.0000743 seconds
[2019-12-09T08:27:48.512+0000][1][safepoint    ] Entering safepoint region: Cleanup
[2019-12-09T08:27:48.512+0000][1][safepoint    ] Leaving safepoint region
[2019-12-09T08:27:48.512+0000][1][safepoint    ] Total time for which application threads were stopped: 0.0000858 seconds, Stopping threads took: 0.0000173 seconds
[2019-12-09T08:27:49.512+0000][1][safepoint    ] Application time: 1.0000734 seconds
[2019-12-09T08:27:49.512+0000][1][safepoint    ] Entering safepoint region: Cleanup
[2019-12-09T08:27:49.512+0000][1][safepoint    ] Leaving safepoint region
[2019-12-09T08:27:49.512+0000][1][safepoint    ] Total time for which application threads were stopped: 0.0000853 seconds, Stopping threads took: 0.0000188 seconds
[2019-12-09T08:27:50.512+0000][1][safepoint    ] Application time: 1.0000714 seconds
[2019-12-09T08:27:50.512+0000][1][safepoint    ] Entering safepoint region: Cleanup
[2019-12-09T08:27:50.512+0000][1][safepoint    ] Leaving safepoint region
[2019-12-09T08:27:50.512+0000][1][safepoint    ] Total time for which application threads were stopped: 0.0000837 seconds, Stopping threads took: 0.0000178 seconds
[2019-12-09T08:27:51.512+0000][1][safepoint    ] Application time: 1.0000764 seconds
[2019-12-09T08:27:51.512+0000][1][safepoint    ] Entering safepoint region: Cleanup
[2019-12-09T08:27:51.512+0000][1][safepoint    ] Leaving safepoint region
[2019-12-09T08:27:51.512+0000][1][safepoint    ] Total time for which application threads were stopped: 0.0000848 seconds, Stopping threads took: 0.0000175 seconds
[2019-12-09T08:27:52.513+0000][1][safepoint    ] Application time: 1.0000801 seconds
[2019-12-09T08:27:52.513+0000][1][safepoint    ] Entering safepoint region: Cleanup
[2019-12-09T08:27:52.513+0000][1][safepoint    ] Leaving safepoint region
[2019-12-09T08:27:52.513+0000][1][safepoint    ] Total time for which application threads were stopped: 0.0000832 seconds, Stopping threads took: 0.0000177 seconds
[2019-12-09T08:27:53.513+0000][1][safepoint    ] Application time: 1.0000758 seconds
[2019-12-09T08:27:53.513+0000][1][safepoint    ] Entering safepoint region: Cleanup
[2019-12-09T08:27:53.513+0000][1][safepoint    ] Leaving safepoint region
[2019-12-09T08:27:53.513+0000][1][safepoint    ] Total time for which application threads were stopped: 0.0001018 seconds, Stopping threads took: 0.0000163 seconds
[2019-12-09T08:27:54.513+0000][1][safepoint    ] Application time: 1.0000742 seconds
[2019-12-09T08:27:54.513+0000][1][safepoint    ] Entering safepoint region: Cleanup
[2019-12-09T08:27:54.513+0000][1][safepoint    ] Leaving safepoint region
[2019-12-09T08:27:54.513+0000][1][safepoint    ] Total time for which application threads were stopped: 0.0000844 seconds, Stopping threads took: 0.0000173 seconds
[2019-12-09T08:27:55.513+0000][1][safepoint    ] Application time: 1.0000776 seconds
[2019-12-09T08:27:55.513+0000][1][safepoint    ] Entering safepoint region: Cleanup
[2019-12-09T08:27:55.513+0000][1][safepoint    ] Leaving safepoint region
[2019-12-09T08:27:55.513+0000][1][safepoint    ] Total time for which application threads were stopped: 0.0000867 seconds, Stopping threads took: 0.0000177 seconds
[2019-12-09T08:27:56.513+0000][1][safepoint    ] Application time: 1.0000766 seconds
[2019-12-09T08:27:56.513+0000][1][safepoint    ] Entering safepoint region: Cleanup
[2019-12-09T08:27:56.513+0000][1][safepoint    ] Leaving safepoint region
[2019-12-09T08:27:56.513+0000][1][safepoint    ] Total time for which application threads were stopped: 0.0000874 seconds, Stopping threads took: 0.0000196 seconds
[2019-12-09T08:27:57.514+0000][1][safepoint    ] Application time: 1.0000789 seconds
[2019-12-09T08:27:57.514+0000][1][safepoint    ] Entering safepoint region: Cleanup
[2019-12-09T08:27:57.514+0000][1][safepoint    ] Leaving safepoint region
[2019-12-09T08:27:57.514+0000][1][safepoint    ] Total time for which application threads were stopped: 0.0001156 seconds, Stopping threads took: 0.0000209 seconds
[2019-12-09T08:27:58.514+0000][1][safepoint    ] Application time: 1.0000769 seconds
[2019-12-09T08:27:58.514+0000][1][safepoint    ] Entering safepoint region: Cleanup
[2019-12-09T08:27:58.514+0000][1][safepoint    ] Leaving safepoint region
[2019-12-09T08:27:58.514+0000][1][safepoint    ] Total time for which application threads were stopped: 0.0000877 seconds, Stopping threads took: 0.0000178 seconds
[2019-12-09T08:27:59.514+0000][1][safepoint    ] Application time: 1.0000790 seconds
[2019-12-09T08:27:59.514+0000][1][safepoint    ] Entering safepoint region: Cleanup
[2019-12-09T08:27:59.514+0000][1][safepoint    ] Leaving safepoint region
[2019-12-09T08:27:59.514+0000][1][safepoint    ] Total time for which application threads were stopped: 0.0000891 seconds, Stopping threads took: 0.0000191 seconds
[2019-12-09T08:28:00.514+0000][1][safepoint    ] Application time: 1.0000779 seconds
[2019-12-09T08:28:00.514+0000][1][safepoint    ] Entering safepoint region: Cleanup
[2019-12-09T08:28:00.514+0000][1][safepoint    ] Leaving safepoint region
[2019-12-09T08:28:00.514+0000][1][safepoint    ] Total time for which application threads were stopped: 0.0000912 seconds, Stopping threads took: 0.0000203 seconds
[2019-12-09T08:28:01.514+0000][1][safepoint    ] Application time: 1.0000809 seconds
[2019-12-09T08:28:01.515+0000][1][safepoint    ] Entering safepoint region: Cleanup
[2019-12-09T08:28:01.515+0000][1][safepoint    ] Leaving safepoint region
[2019-12-09T08:28:01.515+0000][1][safepoint    ] Total time for which application threads were stopped: 0.0000994 seconds, Stopping threads took: 0.0000251 seconds
[2019-12-09T08:28:02.515+0000][1][safepoint    ] Application time: 1.0000791 seconds
[2019-12-09T08:28:02.515+0000][1][safepoint    ] Entering safepoint region: Cleanup
[2019-12-09T08:28:02.515+0000][1][safepoint    ] Leaving safepoint region
[2019-12-09T08:28:02.515+0000][1][safepoint    ] Total time for which application threads were stopped: 0.0001064 seconds, Stopping threads took: 0.0000251 seconds
[2019-12-09T08:28:03.515+0000][1][safepoint    ] Application time: 1.0000849 seconds
[2019-12-09T08:28:03.515+0000][1][safepoint    ] Entering safepoint region: Cleanup
[2019-12-09T08:28:03.515+0000][1][safepoint    ] Leaving safepoint region
[2019-12-09T08:28:03.515+0000][1][safepoint    ] Total time for which application threads were stopped: 0.0000870 seconds, Stopping threads took: 0.0000191 seconds
[2019-12-09T08:28:04.515+0000][1][safepoint    ] Application time: 1.0000738 seconds
[2019-12-09T08:28:04.515+0000][1][safepoint    ] Entering safepoint region: Cleanup
[2019-12-09T08:28:04.515+0000][1][safepoint    ] Leaving safepoint region
[2019-12-09T08:28:04.515+0000][1][safepoint    ] Total time for which application threads were stopped: 0.0000894 seconds, Stopping threads took: 0.0000206 seconds
[2019-12-09T08:28:05.515+0000][1][safepoint    ] Application time: 1.0000766 seconds
[2019-12-09T08:28:05.515+0000][1][safepoint    ] Entering safepoint region: Cleanup
[2019-12-09T08:28:05.515+0000][1][safepoint    ] Leaving safepoint region
[2019-12-09T08:28:05.515+0000][1][safepoint    ] Total time for which application threads were stopped: 0.0000859 seconds, Stopping threads took: 0.0000189 seconds
[2019-12-09T08:28:06.516+0000][1][safepoint    ] Application time: 1.0000758 seconds
[2019-12-09T08:28:06.516+0000][1][safepoint    ] Entering safepoint region: Cleanup
[2019-12-09T08:28:06.516+0000][1][safepoint    ] Leaving safepoint region
[2019-12-09T08:28:06.516+0000][1][safepoint    ] Total time for which application threads were stopped: 0.0001001 seconds, Stopping threads took: 0.0000199 seconds
[2019-12-09T08:28:07.516+0000][1][safepoint    ] Application time: 1.0000757 seconds
[2019-12-09T08:28:07.516+0000][1][safepoint    ] Entering safepoint region: Cleanup
[2019-12-09T08:28:07.516+0000][1][safepoint    ] Leaving safepoint region
[2019-12-09T08:28:07.516+0000][1][safepoint    ] Total time for which application threads were stopped: 0.0000862 seconds, Stopping threads took: 0.0000188 seconds
[2019-12-09T08:28:08.516+0000][1][safepoint    ] Application time: 1.0000764 seconds
[2019-12-09T08:28:08.516+0000][1][safepoint    ] Entering safepoint region: Cleanup
[2019-12-09T08:28:08.516+0000][1][safepoint    ] Leaving safepoint region
[2019-12-09T08:28:08.516+0000][1][safepoint    ] Total time for which application threads were stopped: 0.0000899 seconds, Stopping threads took: 0.0000201 seconds
[2019-12-09T08:28:09.516+0000][1][safepoint    ] Application time: 1.0000751 seconds
[2019-12-09T08:28:09.516+0000][1][safepoint    ] Entering safepoint region: Cleanup
[2019-12-09T08:28:09.516+0000][1][safepoint    ] Leaving safepoint region
[2019-12-09T08:28:09.516+0000][1][safepoint    ] Total time for which application threads were stopped: 0.0000892 seconds, Stopping threads took: 0.0000201 seconds
[2019-12-09T08:28:10.516+0000][1][safepoint    ] Application time: 1.0000757 seconds
[2019-12-09T08:28:10.516+0000][1][safepoint    ] Entering safepoint region: Cleanup
[2019-12-09T08:28:10.517+0000][1][safepoint    ] Leaving safepoint region
[2019-12-09T08:28:10.517+0000][1][safepoint    ] Total time for which application threads were stopped: 0.0000878 seconds, Stopping threads took: 0.0000200 seconds
[2019-12-09T08:28:11.517+0000][1][safepoint    ] Application time: 1.0000753 seconds
[2019-12-09T08:28:11.517+0000][1][safepoint    ] Entering safepoint region: Cleanup
[2019-12-09T08:28:11.517+0000][1][safepoint    ] Leaving safepoint region
[2019-12-09T08:28:11.517+0000][1][safepoint    ] Total time for which application threads were stopped: 0.0000940 seconds, Stopping threads took: 0.0000264 seconds
[2019-12-09T08:28:12.517+0000][1][safepoint    ] Application time: 1.0000745 seconds
[2019-12-09T08:28:12.517+0000][1][safepoint    ] Entering safepoint region: Cleanup
[2019-12-09T08:28:12.517+0000][1][safepoint    ] Leaving safepoint region
[2019-12-09T08:28:12.517+0000][1][safepoint    ] Total time for which application threads were stopped: 0.0000877 seconds, Stopping threads took: 0.0000213 seconds
[2019-12-09T08:28:13.517+0000][1][safepoint    ] Application time: 1.0000739 seconds
[2019-12-09T08:28:13.517+0000][1][safepoint    ] Entering safepoint region: Cleanup
[2019-12-09T08:28:13.517+0000][1][safepoint    ] Leaving safepoint region
[2019-12-09T08:28:13.517+0000][1][safepoint    ] Total time for which application threads were stopped: 0.0000861 seconds, Stopping threads took: 0.0000190 seconds
[2019-12-09T08:28:14.517+0000][1][safepoint    ] Application time: 1.0000753 seconds
[2019-12-09T08:28:14.517+0000][1][safepoint    ] Entering safepoint region: Cleanup
[2019-12-09T08:28:14.517+0000][1][safepoint    ] Leaving safepoint region
[2019-12-09T08:28:14.517+0000][1][safepoint    ] Total time for which application threads were stopped: 0.0000885 seconds, Stopping threads took: 0.0000193 seconds
[2019-12-09T08:28:15.517+0000][1][safepoint    ] Application time: 1.0000751 seconds
[2019-12-09T08:28:15.517+0000][1][safepoint    ] Entering safepoint region: Cleanup
[2019-12-09T08:28:15.518+0000][1][safepoint    ] Leaving safepoint region
[2019-12-09T08:28:15.518+0000][1][safepoint    ] Total time for which application threads were stopped: 0.0000856 seconds, Stopping threads took: 0.0000179 seconds
[2019-12-09T08:28:16.706+0000][1][safepoint    ] Application time: 1.1888731 seconds
[2019-12-09T08:28:16.707+0000][1][safepoint    ] Entering safepoint region: Cleanup
[2019-12-09T08:28:16.707+0000][1][safepoint    ] Leaving safepoint region
[2019-12-09T08:28:16.707+0000][1][safepoint    ] Total time for which application threads were stopped: 0.0000846 seconds, Stopping threads took: 0.0000179 seconds
[2019-12-09T08:28:17.707+0000][1][safepoint    ] Application time: 1.0000766 seconds
[2019-12-09T08:28:17.707+0000][1][safepoint    ] Entering safepoint region: Cleanup
[2019-12-09T08:28:17.707+0000][1][safepoint    ] Leaving safepoint region
[2019-12-09T08:28:17.707+0000][1][safepoint    ] Total time for which application threads were stopped: 0.0000794 seconds, Stopping threads took: 0.0000178 seconds
[2019-12-09T08:28:18.707+0000][1][safepoint    ] Application time: 1.0000751 seconds
[2019-12-09T08:28:18.707+0000][1][safepoint    ] Entering safepoint region: Cleanup
[2019-12-09T08:28:18.707+0000][1][safepoint    ] Leaving safepoint region
[2019-12-09T08:28:18.707+0000][1][safepoint    ] Total time for which application threads were stopped: 0.0000815 seconds, Stopping threads took: 0.0000179 seconds
[2019-12-09T08:28:19.707+0000][1][safepoint    ] Application time: 1.0000764 seconds
[2019-12-09T08:28:19.707+0000][1][safepoint    ] Entering safepoint region: Cleanup
[2019-12-09T08:28:19.707+0000][1][safepoint    ] Leaving safepoint region
[2019-12-09T08:28:19.707+0000][1][safepoint    ] Total time for which application threads were stopped: 0.0000836 seconds, Stopping threads took: 0.0000179 seconds
[2019-12-09T08:28:20.707+0000][1][safepoint    ] Application time: 1.0000781 seconds
[2019-12-09T08:28:20.707+0000][1][safepoint    ] Entering safepoint region: Cleanup
[2019-12-09T08:28:20.707+0000][1][safepoint    ] Leaving safepoint region
[2019-12-09T08:28:20.707+0000][1][safepoint    ] Total time for which application threads were stopped: 0.0000917 seconds, Stopping threads took: 0.0000185 seconds
[2019-12-09T08:28:21.707+0000][1][safepoint    ] Application time: 1.0000835 seconds
[2019-12-09T08:28:21.708+0000][1][safepoint    ] Entering safepoint region: Cleanup
[2019-12-09T08:28:21.708+0000][1][safepoint    ] Leaving safepoint region
[2019-12-09T08:28:21.708+0000][1][safepoint    ] Total time for which application threads were stopped: 0.0000848 seconds, Stopping threads took: 0.0000184 seconds
[2019-12-09T08:28:22.708+0000][1][safepoint    ] Application time: 1.0000854 seconds
[2019-12-09T08:28:22.708+0000][1][safepoint    ] Entering safepoint region: Cleanup
[2019-12-09T08:28:22.708+0000][1][safepoint    ] Leaving safepoint region
[2019-12-09T08:28:22.708+0000][1][safepoint    ] Total time for which application threads were stopped: 0.0000834 seconds, Stopping threads took: 0.0000190 seconds
[2019-12-09T08:28:23.708+0000][1][safepoint    ] Application time: 1.0000743 seconds
[2019-12-09T08:28:23.708+0000][1][safepoint    ] Entering safepoint region: Cleanup
[2019-12-09T08:28:23.708+0000][1][safepoint    ] Leaving safepoint region
[2019-12-09T08:28:23.708+0000][1][safepoint    ] Total time for which application threads were stopped: 0.0000806 seconds, Stopping threads took: 0.0000169 seconds
[2019-12-09T08:28:24.708+0000][1][safepoint    ] Application time: 1.0000777 seconds
[2019-12-09T08:28:24.708+0000][1][safepoint    ] Entering safepoint region: Cleanup
[2019-12-09T08:28:24.708+0000][1][safepoint    ] Leaving safepoint region
[2019-12-09T08:28:24.708+0000][1][safepoint    ] Total time for which application threads were stopped: 0.0000811 seconds, Stopping threads took: 0.0000170 seconds
[2019-12-09T08:28:25.708+0000][1][safepoint    ] Application time: 1.0000769 seconds
[2019-12-09T08:28:25.708+0000][1][safepoint    ] Entering safepoint region: Cleanup
[2019-12-09T08:28:25.708+0000][1][safepoint    ] Leaving safepoint region
[2019-12-09T08:28:25.708+0000][1][safepoint    ] Total time for which application threads were stopped: 0.0000839 seconds, Stopping threads took: 0.0000192 seconds
[2019-12-09T08:28:26.709+0000][1][safepoint    ] Application time: 1.0000758 seconds
[2019-12-09T08:28:26.709+0000][1][safepoint    ] Entering safepoint region: Cleanup
[2019-12-09T08:28:26.709+0000][1][safepoint    ] Leaving safepoint region
[2019-12-09T08:28:26.709+0000][1][safepoint    ] Total time for which application threads were stopped: 0.0000874 seconds, Stopping threads took: 0.0000254 seconds
[2019-12-09T08:28:27.527+0000][1][safepoint    ] Application time: 0.8184645 seconds
[2019-12-09T08:28:27.527+0000][1][safepoint    ] Entering safepoint region: GenCollectForAllocation
[2019-12-09T08:28:27.527+0000][1][gc,start     ] GC(147) Pause Young (Allocation Failure)
[2019-12-09T08:28:27.527+0000][1][gc,task      ] GC(147) Using 2 workers of 2 for evacuation
[2019-12-09T08:28:27.529+0000][1][gc,age       ] GC(147) Desired survivor size 4456448 bytes, new threshold 6 (max threshold 6)
[2019-12-09T08:28:27.529+0000][1][gc,age       ] GC(147) Age table with threshold 6 (max threshold 6)
[2019-12-09T08:28:27.529+0000][1][gc,age       ] GC(147) - age   1:     755256 bytes,     755256 total
[2019-12-09T08:28:27.529+0000][1][gc,age       ] GC(147) - age   2:         96 bytes,     755352 total
[2019-12-09T08:28:27.529+0000][1][gc,age       ] GC(147) - age   5:       3896 bytes,     759248 total
[2019-12-09T08:28:27.529+0000][1][gc,age       ] GC(147) - age   6:        120 bytes,     759368 total
[2019-12-09T08:28:27.529+0000][1][gc,heap      ] GC(147) ParNew: 70706K->893K(78656K)
[2019-12-09T08:28:27.529+0000][1][gc,heap      ] GC(147) CMS: 70970K->70970K(174784K)
[2019-12-09T08:28:27.529+0000][1][gc,metaspace ] GC(147) Metaspace: 76606K->76606K(1120256K)
[2019-12-09T08:28:27.529+0000][1][gc           ] GC(147) Pause Young (Allocation Failure) 138M->70M(247M) 1.835ms
[2019-12-09T08:28:27.529+0000][1][gc,cpu       ] GC(147) User=0.01s Sys=0.00s Real=0.00s
[2019-12-09T08:28:27.529+0000][1][safepoint    ] Leaving safepoint region
[2019-12-09T08:28:27.529+0000][1][safepoint    ] Total time for which application threads were stopped: 0.0019868 seconds, Stopping threads took: 0.0000183 seconds
[2019-12-09T08:28:28.529+0000][1][safepoint    ] Application time: 1.0000894 seconds
[2019-12-09T08:28:28.529+0000][1][safepoint    ] Entering safepoint region: Cleanup
[2019-12-09T08:28:28.529+0000][1][safepoint    ] Leaving safepoint region
[2019-12-09T08:28:28.529+0000][1][safepoint    ] Total time for which application threads were stopped: 0.0001620 seconds, Stopping threads took: 0.0000941 seconds
[2019-12-09T08:28:29.530+0000][1][safepoint    ] Application time: 1.0000805 seconds
[2019-12-09T08:28:29.530+0000][1][safepoint    ] Entering safepoint region: Cleanup
[2019-12-09T08:28:29.530+0000][1][safepoint    ] Leaving safepoint region
[2019-12-09T08:28:29.530+0000][1][safepoint    ] Total time for which application threads were stopped: 0.0000845 seconds, Stopping threads took: 0.0000184 seconds
[2019-12-09T08:28:30.530+0000][1][safepoint    ] Application time: 1.0000747 seconds
[2019-12-09T08:28:30.530+0000][1][safepoint    ] Entering safepoint region: Cleanup
[2019-12-09T08:28:30.530+0000][1][safepoint    ] Leaving safepoint region
[2019-12-09T08:28:30.530+0000][1][safepoint    ] Total time for which application threads were stopped: 0.0000830 seconds, Stopping threads took: 0.0000185 seconds
[2019-12-09T08:28:31.530+0000][1][safepoint    ] Application time: 1.0000757 seconds
[2019-12-09T08:28:31.530+0000][1][safepoint    ] Entering safepoint region: Cleanup
[2019-12-09T08:28:31.530+0000][1][safepoint    ] Leaving safepoint region
[2019-12-09T08:28:31.530+0000][1][safepoint    ] Total time for which application threads were stopped: 0.0000792 seconds, Stopping threads took: 0.0000171 seconds
[2019-12-09T08:28:32.530+0000][1][safepoint    ] Application time: 1.0000744 seconds
[2019-12-09T08:28:32.530+0000][1][safepoint    ] Entering safepoint region: Cleanup
[2019-12-09T08:28:32.530+0000][1][safepoint    ] Leaving safepoint region
[2019-12-09T08:28:32.530+0000][1][safepoint    ] Total time for which application threads were stopped: 0.0000833 seconds, Stopping threads took: 0.0000193 seconds
[2019-12-09T08:28:33.530+0000][1][safepoint    ] Application time: 1.0000762 seconds
[2019-12-09T08:28:33.530+0000][1][safepoint    ] Entering safepoint region: Cleanup
[2019-12-09T08:28:33.530+0000][1][safepoint    ] Leaving safepoint region
[2019-12-09T08:28:33.530+0000][1][safepoint    ] Total time for which application threads were stopped: 0.0000807 seconds, Stopping threads took: 0.0000171 seconds
[2019-12-09T08:28:34.531+0000][1][safepoint    ] Application time: 1.0000758 seconds
[2019-12-09T08:28:34.531+0000][1][safepoint    ] Entering safepoint region: Cleanup
[2019-12-09T08:28:34.531+0000][1][safepoint    ] Leaving safepoint region
[2019-12-09T08:28:34.531+0000][1][safepoint    ] Total time for which application threads were stopped: 0.0000816 seconds, Stopping threads took: 0.0000160 seconds
[2019-12-09T08:28:35.531+0000][1][safepoint    ] Application time: 1.0000747 seconds
[2019-12-09T08:28:35.531+0000][1][safepoint    ] Entering safepoint region: Cleanup
[2019-12-09T08:28:35.531+0000][1][safepoint    ] Leaving safepoint region
[2019-12-09T08:28:35.531+0000][1][safepoint    ] Total time for which application threads were stopped: 0.0000835 seconds, Stopping threads took: 0.0000193 seconds
[2019-12-09T08:28:36.531+0000][1][safepoint    ] Application time: 1.0000760 seconds
[2019-12-09T08:28:36.531+0000][1][safepoint    ] Entering safepoint region: Cleanup
[2019-12-09T08:28:36.531+0000][1][safepoint    ] Leaving safepoint region
[2019-12-09T08:28:36.531+0000][1][safepoint    ] Total time for which application threads were stopped: 0.0000775 seconds, Stopping threads took: 0.0000154 seconds
[2019-12-09T08:28:37.531+0000][1][safepoint    ] Application time: 1.0000769 seconds
[2019-12-09T08:28:37.531+0000][1][safepoint    ] Entering safepoint region: Cleanup
[2019-12-09T08:28:37.531+0000][1][safepoint    ] Leaving safepoint region
[2019-12-09T08:28:37.531+0000][1][safepoint    ] Total time for which application threads were stopped: 0.0000807 seconds, Stopping threads took: 0.0000165 seconds
[2019-12-09T08:28:38.531+0000][1][safepoint    ] Application time: 1.0000761 seconds
[2019-12-09T08:28:38.531+0000][1][safepoint    ] Entering safepoint region: Cleanup
[2019-12-09T08:28:38.531+0000][1][safepoint    ] Leaving safepoint region
[2019-12-09T08:28:38.531+0000][1][safepoint    ] Total time for which application threads were stopped: 0.0000839 seconds, Stopping threads took: 0.0000194 seconds
[2019-12-09T08:28:39.532+0000][1][safepoint    ] Application time: 1.0000765 seconds
[2019-12-09T08:28:39.532+0000][1][safepoint    ] Entering safepoint region: Cleanup
[2019-12-09T08:28:39.532+0000][1][safepoint    ] Leaving safepoint region
[2019-12-09T08:28:39.532+0000][1][safepoint    ] Total time for which application threads were stopped: 0.0000819 seconds, Stopping threads took: 0.0000171 seconds
[2019-12-09T08:28:40.532+0000][1][safepoint    ] Application time: 1.0000790 seconds
[2019-12-09T08:28:40.532+0000][1][safepoint    ] Entering safepoint region: Cleanup
[2019-12-09T08:28:40.532+0000][1][safepoint    ] Leaving safepoint region
[2019-12-09T08:28:40.532+0000][1][safepoint    ] Total time for which application threads were stopped: 0.0000802 seconds, Stopping threads took: 0.0000183 seconds
[2019-12-09T08:28:41.532+0000][1][safepoint    ] Application time: 1.0000789 seconds
[2019-12-09T08:28:41.532+0000][1][safepoint    ] Entering safepoint region: Cleanup
[2019-12-09T08:28:41.532+0000][1][safepoint    ] Leaving safepoint region
[2019-12-09T08:28:41.532+0000][1][safepoint    ] Total time for which application threads were stopped: 0.0000816 seconds, Stopping threads took: 0.0000172 seconds
[2019-12-09T08:28:42.532+0000][1][safepoint    ] Application time: 1.0000785 seconds
[2019-12-09T08:28:42.532+0000][1][safepoint    ] Entering safepoint region: Cleanup
[2019-12-09T08:28:42.532+0000][1][safepoint    ] Leaving safepoint region
[2019-12-09T08:28:42.532+0000][1][safepoint    ] Total time for which application threads were stopped: 0.0001040 seconds, Stopping threads took: 0.0000243 seconds
[2019-12-09T08:28:43.532+0000][1][safepoint    ] Application time: 1.0000798 seconds
[2019-12-09T08:28:43.532+0000][1][safepoint    ] Entering safepoint region: Cleanup
[2019-12-09T08:28:43.532+0000][1][safepoint    ] Leaving safepoint region
[2019-12-09T08:28:43.532+0000][1][safepoint    ] Total time for which application threads were stopped: 0.0000864 seconds, Stopping threads took: 0.0000189 seconds
[2019-12-09T08:28:44.533+0000][1][safepoint    ] Application time: 1.0000798 seconds
[2019-12-09T08:28:44.533+0000][1][safepoint    ] Entering safepoint region: Cleanup
[2019-12-09T08:28:44.533+0000][1][safepoint    ] Leaving safepoint region
[2019-12-09T08:28:44.533+0000][1][safepoint    ] Total time for which application threads were stopped: 0.0000998 seconds, Stopping threads took: 0.0000200 seconds
[2019-12-09T08:28:45.533+0000][1][safepoint    ] Application time: 1.0000790 seconds
[2019-12-09T08:28:45.533+0000][1][safepoint    ] Entering safepoint region: Cleanup
[2019-12-09T08:28:45.533+0000][1][safepoint    ] Leaving safepoint region
[2019-12-09T08:28:45.533+0000][1][safepoint    ] Total time for which application threads were stopped: 0.0000852 seconds, Stopping threads took: 0.0000182 seconds
[2019-12-09T08:28:46.533+0000][1][safepoint    ] Application time: 1.0001022 seconds
[2019-12-09T08:28:46.533+0000][1][safepoint    ] Entering safepoint region: Cleanup
[2019-12-09T08:28:46.533+0000][1][safepoint    ] Leaving safepoint region
[2019-12-09T08:28:46.533+0000][1][safepoint    ] Total time for which application threads were stopped: 0.0000818 seconds, Stopping threads took: 0.0000169 seconds
[2019-12-09T08:28:47.533+0000][1][safepoint    ] Application time: 1.0000923 seconds
[2019-12-09T08:28:47.533+0000][1][safepoint    ] Entering safepoint region: Cleanup
[2019-12-09T08:28:47.533+0000][1][safepoint    ] Leaving safepoint region
[2019-12-09T08:28:47.533+0000][1][safepoint    ] Total time for which application threads were stopped: 0.0000967 seconds, Stopping threads took: 0.0000186 seconds
[2019-12-09T08:28:48.533+0000][1][safepoint    ] Application time: 1.0000804 seconds
[2019-12-09T08:28:48.534+0000][1][safepoint    ] Entering safepoint region: Cleanup
[2019-12-09T08:28:48.534+0000][1][safepoint    ] Leaving safepoint region
[2019-12-09T08:28:48.534+0000][1][safepoint    ] Total time for which application threads were stopped: 0.0001063 seconds, Stopping threads took: 0.0000262 seconds
[2019-12-09T08:28:49.534+0000][1][safepoint    ] Application time: 1.0000770 seconds
[2019-12-09T08:28:49.534+0000][1][safepoint    ] Entering safepoint region: Cleanup
[2019-12-09T08:28:49.534+0000][1][safepoint    ] Leaving safepoint region
[2019-12-09T08:28:49.534+0000][1][safepoint    ] Total time for which application threads were stopped: 0.0000985 seconds, Stopping threads took: 0.0000308 seconds
[2019-12-09T08:28:50.534+0000][1][safepoint    ] Application time: 1.0000779 seconds
[2019-12-09T08:28:50.534+0000][1][safepoint    ] Entering safepoint region: Cleanup
[2019-12-09T08:28:50.534+0000][1][safepoint    ] Leaving safepoint region
[2019-12-09T08:28:50.534+0000][1][safepoint    ] Total time for which application threads were stopped: 0.0000829 seconds, Stopping threads took: 0.0000174 seconds
[2019-12-09T08:28:51.534+0000][1][safepoint    ] Application time: 1.0000726 seconds
[2019-12-09T08:28:51.534+0000][1][safepoint    ] Entering safepoint region: Cleanup
[2019-12-09T08:28:51.534+0000][1][safepoint    ] Leaving safepoint region
[2019-12-09T08:28:51.534+0000][1][safepoint    ] Total time for which application threads were stopped: 0.0000922 seconds, Stopping threads took: 0.0000223 seconds
[2019-12-09T08:28:52.534+0000][1][safepoint    ] Application time: 1.0000766 seconds
[2019-12-09T08:28:52.534+0000][1][safepoint    ] Entering safepoint region: Cleanup
[2019-12-09T08:28:52.535+0000][1][safepoint    ] Leaving safepoint region
[2019-12-09T08:28:52.535+0000][1][safepoint    ] Total time for which application threads were stopped: 0.0001116 seconds, Stopping threads took: 0.0000281 seconds
[2019-12-09T08:28:53.535+0000][1][safepoint    ] Application time: 1.0000730 seconds
[2019-12-09T08:28:53.535+0000][1][safepoint    ] Entering safepoint region: Cleanup
[2019-12-09T08:28:53.535+0000][1][safepoint    ] Leaving safepoint region
[2019-12-09T08:28:53.535+0000][1][safepoint    ] Total time for which application threads were stopped: 0.0001084 seconds, Stopping threads took: 0.0000270 seconds
[2019-12-09T08:28:54.760+0000][1][safepoint    ] Application time: 1.2254093 seconds
[2019-12-09T08:28:54.760+0000][1][safepoint    ] Entering safepoint region: Cleanup
[2019-12-09T08:28:54.760+0000][1][safepoint    ] Leaving safepoint region
[2019-12-09T08:28:54.760+0000][1][safepoint    ] Total time for which application threads were stopped: 0.0000857 seconds, Stopping threads took: 0.0000188 seconds
[2019-12-09T08:28:55.760+0000][1][safepoint    ] Application time: 1.0000749 seconds
[2019-12-09T08:28:55.760+0000][1][safepoint    ] Entering safepoint region: Cleanup
[2019-12-09T08:28:55.760+0000][1][safepoint    ] Leaving safepoint region
[2019-12-09T08:28:55.760+0000][1][safepoint    ] Total time for which application threads were stopped: 0.0000815 seconds, Stopping threads took: 0.0000190 seconds
[2019-12-09T08:28:56.761+0000][1][safepoint    ] Application time: 1.0000742 seconds
[2019-12-09T08:28:56.761+0000][1][safepoint    ] Entering safepoint region: Cleanup
[2019-12-09T08:28:56.761+0000][1][safepoint    ] Leaving safepoint region
[2019-12-09T08:28:56.761+0000][1][safepoint    ] Total time for which application threads were stopped: 0.0001102 seconds, Stopping threads took: 0.0000172 seconds
[2019-12-09T08:28:57.761+0000][1][safepoint    ] Application time: 1.0000737 seconds
[2019-12-09T08:28:57.761+0000][1][safepoint    ] Entering safepoint region: Cleanup
[2019-12-09T08:28:57.761+0000][1][safepoint    ] Leaving safepoint region
[2019-12-09T08:28:57.761+0000][1][safepoint    ] Total time for which application threads were stopped: 0.0000777 seconds, Stopping threads took: 0.0000179 seconds
[2019-12-09T08:28:58.761+0000][1][safepoint    ] Application time: 1.0000791 seconds
[2019-12-09T08:28:58.761+0000][1][safepoint    ] Entering safepoint region: Cleanup
[2019-12-09T08:28:58.761+0000][1][safepoint    ] Leaving safepoint region
[2019-12-09T08:28:58.761+0000][1][safepoint    ] Total time for which application threads were stopped: 0.0000829 seconds, Stopping threads took: 0.0000193 seconds
[2019-12-09T08:28:59.761+0000][1][safepoint    ] Application time: 1.0000746 seconds
[2019-12-09T08:28:59.761+0000][1][safepoint    ] Entering safepoint region: Cleanup
[2019-12-09T08:28:59.761+0000][1][safepoint    ] Leaving safepoint region
[2019-12-09T08:28:59.761+0000][1][safepoint    ] Total time for which application threads were stopped: 0.0000789 seconds, Stopping threads took: 0.0000166 seconds
[2019-12-09T08:29:00.761+0000][1][safepoint    ] Application time: 1.0000506 seconds
[2019-12-09T08:29:00.761+0000][1][safepoint    ] Entering safepoint region: Cleanup
[2019-12-09T08:29:00.761+0000][1][safepoint    ] Leaving safepoint region
[2019-12-09T08:29:00.761+0000][1][safepoint    ] Total time for which application threads were stopped: 0.0000806 seconds, Stopping threads took: 0.0000190 seconds
[2019-12-09T08:29:01.762+0000][1][safepoint    ] Application time: 1.0000758 seconds
[2019-12-09T08:29:01.762+0000][1][safepoint    ] Entering safepoint region: Cleanup
[2019-12-09T08:29:01.762+0000][1][safepoint    ] Leaving safepoint region
[2019-12-09T08:29:01.762+0000][1][safepoint    ] Total time for which application threads were stopped: 0.0000810 seconds, Stopping threads took: 0.0000177 seconds
[2019-12-09T08:29:02.762+0000][1][safepoint    ] Application time: 1.0000752 seconds
[2019-12-09T08:29:02.762+0000][1][safepoint    ] Entering safepoint region: Cleanup
[2019-12-09T08:29:02.762+0000][1][safepoint    ] Leaving safepoint region
[2019-12-09T08:29:02.762+0000][1][safepoint    ] Total time for which application threads were stopped: 0.0000883 seconds, Stopping threads took: 0.0000183 seconds
[2019-12-09T08:29:03.762+0000][1][safepoint    ] Application time: 1.0000759 seconds
[2019-12-09T08:29:03.762+0000][1][safepoint    ] Entering safepoint region: Cleanup
[2019-12-09T08:29:03.762+0000][1][safepoint    ] Leaving safepoint region
[2019-12-09T08:29:03.762+0000][1][safepoint    ] Total time for which application threads were stopped: 0.0000999 seconds, Stopping threads took: 0.0000229 seconds
[2019-12-09T08:29:04.762+0000][1][safepoint    ] Application time: 1.0000747 seconds
[2019-12-09T08:29:04.762+0000][1][safepoint    ] Entering safepoint region: Cleanup
[2019-12-09T08:29:04.762+0000][1][safepoint    ] Leaving safepoint region
[2019-12-09T08:29:04.762+0000][1][safepoint    ] Total time for which application threads were stopped: 0.0000763 seconds, Stopping threads took: 0.0000170 seconds
[2019-12-09T08:29:05.762+0000][1][safepoint    ] Application time: 1.0000767 seconds
[2019-12-09T08:29:05.762+0000][1][safepoint    ] Entering safepoint region: Cleanup
[2019-12-09T08:29:05.762+0000][1][safepoint    ] Leaving safepoint region
[2019-12-09T08:29:05.762+0000][1][safepoint    ] Total time for which application threads were stopped: 0.0000801 seconds, Stopping threads took: 0.0000180 seconds
[2019-12-09T08:29:06.762+0000][1][safepoint    ] Application time: 1.0000751 seconds
[2019-12-09T08:29:06.763+0000][1][safepoint    ] Entering safepoint region: Cleanup
[2019-12-09T08:29:06.763+0000][1][safepoint    ] Leaving safepoint region
[2019-12-09T08:29:06.763+0000][1][safepoint    ] Total time for which application threads were stopped: 0.0000819 seconds, Stopping threads took: 0.0000182 seconds
[2019-12-09T08:29:07.763+0000][1][safepoint    ] Application time: 1.0000729 seconds
[2019-12-09T08:29:07.763+0000][1][safepoint    ] Entering safepoint region: Cleanup
[2019-12-09T08:29:07.763+0000][1][safepoint    ] Leaving safepoint region
[2019-12-09T08:29:07.763+0000][1][safepoint    ] Total time for which application threads were stopped: 0.0000805 seconds, Stopping threads took: 0.0000190 seconds
[2019-12-09T08:29:08.763+0000][1][safepoint    ] Application time: 1.0000761 seconds
[2019-12-09T08:29:08.763+0000][1][safepoint    ] Entering safepoint region: Cleanup
[2019-12-09T08:29:08.763+0000][1][safepoint    ] Leaving safepoint region
[2019-12-09T08:29:08.763+0000][1][safepoint    ] Total time for which application threads were stopped: 0.0000791 seconds, Stopping threads took: 0.0000177 seconds
[2019-12-09T08:29:09.763+0000][1][safepoint    ] Application time: 1.0000754 seconds
[2019-12-09T08:29:09.763+0000][1][safepoint    ] Entering safepoint region: Cleanup
[2019-12-09T08:29:09.763+0000][1][safepoint    ] Leaving safepoint region
[2019-12-09T08:29:09.763+0000][1][safepoint    ] Total time for which application threads were stopped: 0.0000777 seconds, Stopping threads took: 0.0000174 seconds
[2019-12-09T08:29:10.543+0000][1][safepoint    ] Application time: 0.7794717 seconds
[2019-12-09T08:29:10.543+0000][1][safepoint    ] Entering safepoint region: GenCollectForAllocation
[2019-12-09T08:29:10.543+0000][1][gc,start     ] GC(148) Pause Young (Allocation Failure)
[2019-12-09T08:29:10.543+0000][1][gc,task      ] GC(148) Using 2 workers of 2 for evacuation
[2019-12-09T08:29:10.545+0000][1][gc,age       ] GC(148) Desired survivor size 4456448 bytes, new threshold 6 (max threshold 6)
[2019-12-09T08:29:10.545+0000][1][gc,age       ] GC(148) Age table with threshold 6 (max threshold 6)
[2019-12-09T08:29:10.545+0000][1][gc,age       ] GC(148) - age   1:     756888 bytes,     756888 total
[2019-12-09T08:29:10.545+0000][1][gc,age       ] GC(148) - age   2:        264 bytes,     757152 total
[2019-12-09T08:29:10.545+0000][1][gc,age       ] GC(148) - age   6:       3896 bytes,     761048 total
[2019-12-09T08:29:10.545+0000][1][gc,heap      ] GC(148) ParNew: 70797K->761K(78656K)
[2019-12-09T08:29:10.545+0000][1][gc,heap      ] GC(148) CMS: 70970K->70970K(174784K)
[2019-12-09T08:29:10.545+0000][1][gc,metaspace ] GC(148) Metaspace: 76606K->76606K(1120256K)
[2019-12-09T08:29:10.545+0000][1][gc           ] GC(148) Pause Young (Allocation Failure) 138M->70M(247M) 1.893ms
[2019-12-09T08:29:10.545+0000][1][gc,cpu       ] GC(148) User=0.01s Sys=0.00s Real=0.01s
[2019-12-09T08:29:10.545+0000][1][safepoint    ] Leaving safepoint region
[2019-12-09T08:29:10.545+0000][1][safepoint    ] Total time for which application threads were stopped: 0.0020603 seconds, Stopping threads took: 0.0000195 seconds
[2019-12-09T08:29:11.545+0000][1][safepoint    ] Application time: 1.0000847 seconds
[2019-12-09T08:29:11.545+0000][1][safepoint    ] Entering safepoint region: Cleanup
[2019-12-09T08:29:11.545+0000][1][safepoint    ] Leaving safepoint region
[2019-12-09T08:29:11.545+0000][1][safepoint    ] Total time for which application threads were stopped: 0.0000795 seconds, Stopping threads took: 0.0000168 seconds
[2019-12-09T08:29:12.545+0000][1][safepoint    ] Application time: 1.0000781 seconds
[2019-12-09T08:29:12.545+0000][1][safepoint    ] Entering safepoint region: Cleanup
[2019-12-09T08:29:12.545+0000][1][safepoint    ] Leaving safepoint region
[2019-12-09T08:29:12.545+0000][1][safepoint    ] Total time for which application threads were stopped: 0.0000787 seconds, Stopping threads took: 0.0000176 seconds
[2019-12-09T08:29:13.545+0000][1][safepoint    ] Application time: 1.0000738 seconds
[2019-12-09T08:29:13.545+0000][1][safepoint    ] Entering safepoint region: Cleanup
[2019-12-09T08:29:13.545+0000][1][safepoint    ] Leaving safepoint region
[2019-12-09T08:29:13.545+0000][1][safepoint    ] Total time for which application threads were stopped: 0.0000982 seconds, Stopping threads took: 0.0000220 seconds
[2019-12-09T08:29:14.545+0000][1][safepoint    ] Application time: 1.0000779 seconds
[2019-12-09T08:29:14.545+0000][1][safepoint    ] Entering safepoint region: Cleanup
[2019-12-09T08:29:14.546+0000][1][safepoint    ] Leaving safepoint region
[2019-12-09T08:29:14.546+0000][1][safepoint    ] Total time for which application threads were stopped: 0.0000925 seconds, Stopping threads took: 0.0000181 seconds
[2019-12-09T08:29:15.546+0000][1][safepoint    ] Application time: 1.0000754 seconds
[2019-12-09T08:29:15.546+0000][1][safepoint    ] Entering safepoint region: Cleanup
[2019-12-09T08:29:15.546+0000][1][safepoint    ] Leaving safepoint region
[2019-12-09T08:29:15.546+0000][1][safepoint    ] Total time for which application threads were stopped: 0.0000843 seconds, Stopping threads took: 0.0000201 seconds
[2019-12-09T08:29:16.546+0000][1][safepoint    ] Application time: 1.0000775 seconds
[2019-12-09T08:29:16.546+0000][1][safepoint    ] Entering safepoint region: Cleanup
[2019-12-09T08:29:16.546+0000][1][safepoint    ] Leaving safepoint region
[2019-12-09T08:29:16.546+0000][1][safepoint    ] Total time for which application threads were stopped: 0.0000829 seconds, Stopping threads took: 0.0000184 seconds
[2019-12-09T08:29:17.546+0000][1][safepoint    ] Application time: 1.0000825 seconds
[2019-12-09T08:29:17.546+0000][1][safepoint    ] Entering safepoint region: Cleanup
[2019-12-09T08:29:17.546+0000][1][safepoint    ] Leaving safepoint region
[2019-12-09T08:29:17.546+0000][1][safepoint    ] Total time for which application threads were stopped: 0.0000827 seconds, Stopping threads took: 0.0000181 seconds
[2019-12-09T08:29:18.546+0000][1][safepoint    ] Application time: 1.0000786 seconds
[2019-12-09T08:29:18.546+0000][1][safepoint    ] Entering safepoint region: Cleanup
[2019-12-09T08:29:18.546+0000][1][safepoint    ] Leaving safepoint region
[2019-12-09T08:29:18.546+0000][1][safepoint    ] Total time for which application threads were stopped: 0.0000807 seconds, Stopping threads took: 0.0000193 seconds
[2019-12-09T08:29:19.546+0000][1][safepoint    ] Application time: 1.0000804 seconds
[2019-12-09T08:29:19.547+0000][1][safepoint    ] Entering safepoint region: Cleanup
[2019-12-09T08:29:19.547+0000][1][safepoint    ] Leaving safepoint region
[2019-12-09T08:29:19.547+0000][1][safepoint    ] Total time for which application threads were stopped: 0.0000875 seconds, Stopping threads took: 0.0000196 seconds
[2019-12-09T08:29:20.547+0000][1][safepoint    ] Application time: 1.0000797 seconds
[2019-12-09T08:29:20.547+0000][1][safepoint    ] Entering safepoint region: Cleanup
[2019-12-09T08:29:20.547+0000][1][safepoint    ] Leaving safepoint region
[2019-12-09T08:29:20.547+0000][1][safepoint    ] Total time for which application threads were stopped: 0.0001134 seconds, Stopping threads took: 0.0000197 seconds
[2019-12-09T08:29:21.547+0000][1][safepoint    ] Application time: 1.0000805 seconds
[2019-12-09T08:29:21.547+0000][1][safepoint    ] Entering safepoint region: Cleanup
[2019-12-09T08:29:21.547+0000][1][safepoint    ] Leaving safepoint region
[2019-12-09T08:29:21.547+0000][1][safepoint    ] Total time for which application threads were stopped: 0.0000878 seconds, Stopping threads took: 0.0000201 seconds
[2019-12-09T08:29:22.547+0000][1][safepoint    ] Application time: 1.0000818 seconds
[2019-12-09T08:29:22.547+0000][1][safepoint    ] Entering safepoint region: Cleanup
[2019-12-09T08:29:22.547+0000][1][safepoint    ] Leaving safepoint region
[2019-12-09T08:29:22.547+0000][1][safepoint    ] Total time for which application threads were stopped: 0.0000853 seconds, Stopping threads took: 0.0000189 seconds
[2019-12-09T08:29:23.547+0000][1][safepoint    ] Application time: 1.0001013 seconds
[2019-12-09T08:29:23.547+0000][1][safepoint    ] Entering safepoint region: Cleanup
[2019-12-09T08:29:23.548+0000][1][safepoint    ] Leaving safepoint region
[2019-12-09T08:29:23.548+0000][1][safepoint    ] Total time for which application threads were stopped: 0.0000932 seconds, Stopping threads took: 0.0000279 seconds
[2019-12-09T08:29:24.548+0000][1][safepoint    ] Application time: 1.0001154 seconds
[2019-12-09T08:29:24.548+0000][1][safepoint    ] Entering safepoint region: Cleanup
[2019-12-09T08:29:24.548+0000][1][safepoint    ] Leaving safepoint region
[2019-12-09T08:29:24.548+0000][1][safepoint    ] Total time for which application threads were stopped: 0.0000967 seconds, Stopping threads took: 0.0000270 seconds
[2019-12-09T08:29:25.548+0000][1][safepoint    ] Application time: 1.0000860 seconds
[2019-12-09T08:29:25.548+0000][1][safepoint    ] Entering safepoint region: Cleanup
[2019-12-09T08:29:25.548+0000][1][safepoint    ] Leaving safepoint region
[2019-12-09T08:29:25.548+0000][1][safepoint    ] Total time for which application threads were stopped: 0.0001194 seconds, Stopping threads took: 0.0000524 seconds
[2019-12-09T08:29:26.548+0000][1][safepoint    ] Application time: 1.0000912 seconds
[2019-12-09T08:29:26.548+0000][1][safepoint    ] Entering safepoint region: Cleanup
[2019-12-09T08:29:26.548+0000][1][safepoint    ] Leaving safepoint region
[2019-12-09T08:29:26.548+0000][1][safepoint    ] Total time for which application threads were stopped: 0.0000934 seconds, Stopping threads took: 0.0000216 seconds
[2019-12-09T08:29:27.548+0000][1][safepoint    ] Application time: 1.0000779 seconds
[2019-12-09T08:29:27.548+0000][1][safepoint    ] Entering safepoint region: Cleanup
[2019-12-09T08:29:27.549+0000][1][safepoint    ] Leaving safepoint region
[2019-12-09T08:29:27.549+0000][1][safepoint    ] Total time for which application threads were stopped: 0.0001069 seconds, Stopping threads took: 0.0000211 seconds
[2019-12-09T08:29:28.549+0000][1][safepoint    ] Application time: 1.0000805 seconds
[2019-12-09T08:29:28.549+0000][1][safepoint    ] Entering safepoint region: Cleanup
[2019-12-09T08:29:28.549+0000][1][safepoint    ] Leaving safepoint region
[2019-12-09T08:29:28.549+0000][1][safepoint    ] Total time for which application threads were stopped: 0.0001101 seconds, Stopping threads took: 0.0000415 seconds
[2019-12-09T08:29:29.549+0000][1][safepoint    ] Application time: 1.0000768 seconds
[2019-12-09T08:29:29.549+0000][1][safepoint    ] Entering safepoint region: Cleanup
[2019-12-09T08:29:29.549+0000][1][safepoint    ] Leaving safepoint region
[2019-12-09T08:29:29.549+0000][1][safepoint    ] Total time for which application threads were stopped: 0.0001128 seconds, Stopping threads took: 0.0000247 seconds
[2019-12-09T08:29:30.549+0000][1][safepoint    ] Application time: 1.0000798 seconds
[2019-12-09T08:29:30.549+0000][1][safepoint    ] Entering safepoint region: Cleanup
[2019-12-09T08:29:30.549+0000][1][safepoint    ] Leaving safepoint region
[2019-12-09T08:29:30.549+0000][1][safepoint    ] Total time for which application threads were stopped: 0.0000950 seconds, Stopping threads took: 0.0000204 seconds
[2019-12-09T08:29:31.549+0000][1][safepoint    ] Application time: 1.0000751 seconds
[2019-12-09T08:29:31.549+0000][1][safepoint    ] Entering safepoint region: Cleanup
[2019-12-09T08:29:31.549+0000][1][safepoint    ] Leaving safepoint region
[2019-12-09T08:29:31.549+0000][1][safepoint    ] Total time for which application threads were stopped: 0.0000856 seconds, Stopping threads took: 0.0000202 seconds
[2019-12-09T08:29:32.550+0000][1][safepoint    ] Application time: 1.0000748 seconds
[2019-12-09T08:29:32.550+0000][1][safepoint    ] Entering safepoint region: Cleanup
[2019-12-09T08:29:32.550+0000][1][safepoint    ] Leaving safepoint region
[2019-12-09T08:29:32.550+0000][1][safepoint    ] Total time for which application threads were stopped: 0.0000855 seconds, Stopping threads took: 0.0000184 seconds
[2019-12-09T08:29:33.550+0000][1][safepoint    ] Application time: 1.0000746 seconds
[2019-12-09T08:29:33.550+0000][1][safepoint    ] Entering safepoint region: Cleanup
[2019-12-09T08:29:33.550+0000][1][safepoint    ] Leaving safepoint region
[2019-12-09T08:29:33.550+0000][1][safepoint    ] Total time for which application threads were stopped: 0.0000845 seconds, Stopping threads took: 0.0000191 seconds
[2019-12-09T08:29:34.550+0000][1][safepoint    ] Application time: 1.0000763 seconds
[2019-12-09T08:29:34.550+0000][1][safepoint    ] Entering safepoint region: Cleanup
[2019-12-09T08:29:34.550+0000][1][safepoint    ] Leaving safepoint region
[2019-12-09T08:29:34.550+0000][1][safepoint    ] Total time for which application threads were stopped: 0.0000858 seconds, Stopping threads took: 0.0000202 seconds
[2019-12-09T08:29:35.550+0000][1][safepoint    ] Application time: 1.0000754 seconds
[2019-12-09T08:29:35.550+0000][1][safepoint    ] Entering safepoint region: Cleanup
[2019-12-09T08:29:35.550+0000][1][safepoint    ] Leaving safepoint region
[2019-12-09T08:29:35.550+0000][1][safepoint    ] Total time for which application threads were stopped: 0.0000860 seconds, Stopping threads took: 0.0000216 seconds
[2019-12-09T08:29:36.550+0000][1][safepoint    ] Application time: 1.0000755 seconds
[2019-12-09T08:29:36.550+0000][1][safepoint    ] Entering safepoint region: Cleanup
[2019-12-09T08:29:36.550+0000][1][safepoint    ] Leaving safepoint region
[2019-12-09T08:29:36.550+0000][1][safepoint    ] Total time for which application threads were stopped: 0.0000858 seconds, Stopping threads took: 0.0000199 seconds
[2019-12-09T08:29:38.175+0000][1][safepoint    ] Application time: 1.6246899 seconds
[2019-12-09T08:29:38.175+0000][1][safepoint    ] Entering safepoint region: Cleanup
[2019-12-09T08:29:38.175+0000][1][safepoint    ] Leaving safepoint region
[2019-12-09T08:29:38.175+0000][1][safepoint    ] Total time for which application threads were stopped: 0.0000907 seconds, Stopping threads took: 0.0000187 seconds
[2019-12-09T08:29:39.175+0000][1][safepoint    ] Application time: 1.0000744 seconds
[2019-12-09T08:29:39.175+0000][1][safepoint    ] Entering safepoint region: Cleanup
[2019-12-09T08:29:39.175+0000][1][safepoint    ] Leaving safepoint region
[2019-12-09T08:29:39.175+0000][1][safepoint    ] Total time for which application threads were stopped: 0.0000797 seconds, Stopping threads took: 0.0000175 seconds
[2019-12-09T08:29:40.176+0000][1][safepoint    ] Application time: 1.0000749 seconds
[2019-12-09T08:29:40.176+0000][1][safepoint    ] Entering safepoint region: Cleanup
[2019-12-09T08:29:40.176+0000][1][safepoint    ] Leaving safepoint region
[2019-12-09T08:29:40.176+0000][1][safepoint    ] Total time for which application threads were stopped: 0.0001044 seconds, Stopping threads took: 0.0000196 seconds
[2019-12-09T08:29:41.176+0000][1][safepoint    ] Application time: 1.0000756 seconds
[2019-12-09T08:29:41.176+0000][1][safepoint    ] Entering safepoint region: Cleanup
[2019-12-09T08:29:41.176+0000][1][safepoint    ] Leaving safepoint region
[2019-12-09T08:29:41.176+0000][1][safepoint    ] Total time for which application threads were stopped: 0.0000937 seconds, Stopping threads took: 0.0000189 seconds
[2019-12-09T08:29:42.176+0000][1][safepoint    ] Application time: 1.0000760 seconds
[2019-12-09T08:29:42.176+0000][1][safepoint    ] Entering safepoint region: Cleanup
[2019-12-09T08:29:42.176+0000][1][safepoint    ] Leaving safepoint region
[2019-12-09T08:29:42.176+0000][1][safepoint    ] Total time for which application threads were stopped: 0.0000848 seconds, Stopping threads took: 0.0000197 seconds
[2019-12-09T08:29:43.176+0000][1][safepoint    ] Application time: 1.0000752 seconds
[2019-12-09T08:29:43.176+0000][1][safepoint    ] Entering safepoint region: Cleanup
[2019-12-09T08:29:43.176+0000][1][safepoint    ] Leaving safepoint region
[2019-12-09T08:29:43.176+0000][1][safepoint    ] Total time for which application threads were stopped: 0.0000815 seconds, Stopping threads took: 0.0000174 seconds
[2019-12-09T08:29:44.176+0000][1][safepoint    ] Application time: 1.0000752 seconds
[2019-12-09T08:29:44.176+0000][1][safepoint    ] Entering safepoint region: Cleanup
[2019-12-09T08:29:44.177+0000][1][safepoint    ] Leaving safepoint region
[2019-12-09T08:29:44.177+0000][1][safepoint    ] Total time for which application threads were stopped: 0.0000793 seconds, Stopping threads took: 0.0000165 seconds
[2019-12-09T08:29:45.177+0000][1][safepoint    ] Application time: 1.0000762 seconds
[2019-12-09T08:29:45.177+0000][1][safepoint    ] Entering safepoint region: Cleanup
[2019-12-09T08:29:45.177+0000][1][safepoint    ] Leaving safepoint region
[2019-12-09T08:29:45.177+0000][1][safepoint    ] Total time for which application threads were stopped: 0.0000951 seconds, Stopping threads took: 0.0000191 seconds
[2019-12-09T08:29:46.177+0000][1][safepoint    ] Application time: 1.0000741 seconds
[2019-12-09T08:29:46.177+0000][1][safepoint    ] Entering safepoint region: Cleanup
[2019-12-09T08:29:46.177+0000][1][safepoint    ] Leaving safepoint region
[2019-12-09T08:29:46.177+0000][1][safepoint    ] Total time for which application threads were stopped: 0.0000813 seconds, Stopping threads took: 0.0000170 seconds
[2019-12-09T08:29:47.177+0000][1][safepoint    ] Application time: 1.0000769 seconds
[2019-12-09T08:29:47.177+0000][1][safepoint    ] Entering safepoint region: Cleanup
[2019-12-09T08:29:47.177+0000][1][safepoint    ] Leaving safepoint region
[2019-12-09T08:29:47.177+0000][1][safepoint    ] Total time for which application threads were stopped: 0.0000848 seconds, Stopping threads took: 0.0000191 seconds
[2019-12-09T08:29:48.177+0000][1][safepoint    ] Application time: 1.0000754 seconds
[2019-12-09T08:29:48.177+0000][1][safepoint    ] Entering safepoint region: Cleanup
[2019-12-09T08:29:48.177+0000][1][safepoint    ] Leaving safepoint region
[2019-12-09T08:29:48.177+0000][1][safepoint    ] Total time for which application threads were stopped: 0.0000831 seconds, Stopping threads took: 0.0000178 seconds
[2019-12-09T08:29:49.177+0000][1][safepoint    ] Application time: 1.0000753 seconds
[2019-12-09T08:29:49.177+0000][1][safepoint    ] Entering safepoint region: Cleanup
[2019-12-09T08:29:49.178+0000][1][safepoint    ] Leaving safepoint region
[2019-12-09T08:29:49.178+0000][1][safepoint    ] Total time for which application threads were stopped: 0.0000789 seconds, Stopping threads took: 0.0000168 seconds
[2019-12-09T08:29:50.178+0000][1][safepoint    ] Application time: 1.0000764 seconds
[2019-12-09T08:29:50.178+0000][1][safepoint    ] Entering safepoint region: Cleanup
[2019-12-09T08:29:50.178+0000][1][safepoint    ] Leaving safepoint region
[2019-12-09T08:29:50.178+0000][1][safepoint    ] Total time for which application threads were stopped: 0.0000940 seconds, Stopping threads took: 0.0000287 seconds
[2019-12-09T08:29:51.178+0000][1][safepoint    ] Application time: 1.0000749 seconds
[2019-12-09T08:29:51.178+0000][1][safepoint    ] Entering safepoint region: Cleanup
[2019-12-09T08:29:51.178+0000][1][safepoint    ] Leaving safepoint region
[2019-12-09T08:29:51.178+0000][1][safepoint    ] Total time for which application threads were stopped: 0.0000837 seconds, Stopping threads took: 0.0000177 seconds
[2019-12-09T08:29:52.178+0000][1][safepoint    ] Application time: 1.0000748 seconds
[2019-12-09T08:29:52.178+0000][1][safepoint    ] Entering safepoint region: Cleanup
[2019-12-09T08:29:52.178+0000][1][safepoint    ] Leaving safepoint region
[2019-12-09T08:29:52.178+0000][1][safepoint    ] Total time for which application threads were stopped: 0.0000775 seconds, Stopping threads took: 0.0000155 seconds
[2019-12-09T08:29:52.558+0000][1][safepoint    ] Application time: 0.3802312 seconds
[2019-12-09T08:29:52.558+0000][1][safepoint    ] Entering safepoint region: GenCollectForAllocation
[2019-12-09T08:29:52.559+0000][1][gc,start     ] GC(149) Pause Young (Allocation Failure)
[2019-12-09T08:29:52.559+0000][1][gc,task      ] GC(149) Using 2 workers of 2 for evacuation
[2019-12-09T08:29:52.560+0000][1][gc,age       ] GC(149) Desired survivor size 4456448 bytes, new threshold 6 (max threshold 6)
[2019-12-09T08:29:52.560+0000][1][gc,age       ] GC(149) Age table with threshold 6 (max threshold 6)
[2019-12-09T08:29:52.560+0000][1][gc,age       ] GC(149) - age   1:     821144 bytes,     821144 total
[2019-12-09T08:29:52.560+0000][1][gc,age       ] GC(149) - age   2:       2376 bytes,     823520 total
[2019-12-09T08:29:52.560+0000][1][gc,age       ] GC(149) - age   3:        264 bytes,     823784 total
[2019-12-09T08:29:52.560+0000][1][gc,heap      ] GC(149) ParNew: 70674K->903K(78656K)
[2019-12-09T08:29:52.560+0000][1][gc,heap      ] GC(149) CMS: 70970K->70974K(174784K)
[2019-12-09T08:29:52.560+0000][1][gc,metaspace ] GC(149) Metaspace: 76606K->76606K(1120256K)
[2019-12-09T08:29:52.560+0000][1][gc           ] GC(149) Pause Young (Allocation Failure) 138M->70M(247M) 1.929ms
[2019-12-09T08:29:52.561+0000][1][gc,cpu       ] GC(149) User=0.00s Sys=0.00s Real=0.00s
[2019-12-09T08:29:52.561+0000][1][safepoint    ] Leaving safepoint region
[2019-12-09T08:29:52.561+0000][1][safepoint    ] Total time for which application threads were stopped: 0.0020888 seconds, Stopping threads took: 0.0000183 seconds
[2019-12-09T08:29:53.561+0000][1][safepoint    ] Application time: 1.0000918 seconds
[2019-12-09T08:29:53.561+0000][1][safepoint    ] Entering safepoint region: Cleanup
[2019-12-09T08:29:53.561+0000][1][safepoint    ] Leaving safepoint region
[2019-12-09T08:29:53.561+0000][1][safepoint    ] Total time for which application threads were stopped: 0.0001048 seconds, Stopping threads took: 0.0000393 seconds
[2019-12-09T08:29:54.561+0000][1][safepoint    ] Application time: 1.0000739 seconds
[2019-12-09T08:29:54.561+0000][1][safepoint    ] Entering safepoint region: Cleanup
[2019-12-09T08:29:54.561+0000][1][safepoint    ] Leaving safepoint region
[2019-12-09T08:29:54.561+0000][1][safepoint    ] Total time for which application threads were stopped: 0.0000866 seconds, Stopping threads took: 0.0000204 seconds
[2019-12-09T08:29:55.561+0000][1][safepoint    ] Application time: 1.0000724 seconds
[2019-12-09T08:29:55.561+0000][1][safepoint    ] Entering safepoint region: Cleanup
[2019-12-09T08:29:55.561+0000][1][safepoint    ] Leaving safepoint region
[2019-12-09T08:29:55.561+0000][1][safepoint    ] Total time for which application threads were stopped: 0.0000809 seconds, Stopping threads took: 0.0000171 seconds
[2019-12-09T08:29:56.561+0000][1][safepoint    ] Application time: 1.0000772 seconds
[2019-12-09T08:29:56.561+0000][1][safepoint    ] Entering safepoint region: Cleanup
[2019-12-09T08:29:56.561+0000][1][safepoint    ] Leaving safepoint region
[2019-12-09T08:29:56.561+0000][1][safepoint    ] Total time for which application threads were stopped: 0.0000824 seconds, Stopping threads took: 0.0000172 seconds
[2019-12-09T08:29:57.561+0000][1][safepoint    ] Application time: 1.0000754 seconds
[2019-12-09T08:29:57.562+0000][1][safepoint    ] Entering safepoint region: Cleanup
[2019-12-09T08:29:57.562+0000][1][safepoint    ] Leaving safepoint region
[2019-12-09T08:29:57.562+0000][1][safepoint    ] Total time for which application threads were stopped: 0.0000808 seconds, Stopping threads took: 0.0000178 seconds
[2019-12-09T08:29:58.562+0000][1][safepoint    ] Application time: 1.0000745 seconds
[2019-12-09T08:29:58.562+0000][1][safepoint    ] Entering safepoint region: Cleanup
[2019-12-09T08:29:58.562+0000][1][safepoint    ] Leaving safepoint region
[2019-12-09T08:29:58.562+0000][1][safepoint    ] Total time for which application threads were stopped: 0.0000832 seconds, Stopping threads took: 0.0000185 seconds
[2019-12-09T08:29:59.562+0000][1][safepoint    ] Application time: 1.0000739 seconds
[2019-12-09T08:29:59.562+0000][1][safepoint    ] Entering safepoint region: Cleanup
[2019-12-09T08:29:59.562+0000][1][safepoint    ] Leaving safepoint region
[2019-12-09T08:29:59.562+0000][1][safepoint    ] Total time for which application threads were stopped: 0.0000836 seconds, Stopping threads took: 0.0000196 seconds
[2019-12-09T08:30:00.562+0000][1][safepoint    ] Application time: 1.0000859 seconds
[2019-12-09T08:30:00.562+0000][1][safepoint    ] Entering safepoint region: Cleanup
[2019-12-09T08:30:00.562+0000][1][safepoint    ] Leaving safepoint region
[2019-12-09T08:30:00.562+0000][1][safepoint    ] Total time for which application threads were stopped: 0.0001156 seconds, Stopping threads took: 0.0000260 seconds
[2019-12-09T08:30:01.562+0000][1][safepoint    ] Application time: 1.0000835 seconds
[2019-12-09T08:30:01.562+0000][1][safepoint    ] Entering safepoint region: Cleanup
[2019-12-09T08:30:01.562+0000][1][safepoint    ] Leaving safepoint region
[2019-12-09T08:30:01.562+0000][1][safepoint    ] Total time for which application threads were stopped: 0.0000860 seconds, Stopping threads took: 0.0000193 seconds
[2019-12-09T08:30:02.563+0000][1][safepoint    ] Application time: 1.0000748 seconds
[2019-12-09T08:30:02.563+0000][1][safepoint    ] Entering safepoint region: Cleanup
[2019-12-09T08:30:02.563+0000][1][safepoint    ] Leaving safepoint region
[2019-12-09T08:30:02.563+0000][1][safepoint    ] Total time for which application threads were stopped: 0.0001102 seconds, Stopping threads took: 0.0000183 seconds
[2019-12-09T08:30:03.563+0000][1][safepoint    ] Application time: 1.0000788 seconds
[2019-12-09T08:30:03.563+0000][1][safepoint    ] Entering safepoint region: Cleanup
[2019-12-09T08:30:03.563+0000][1][safepoint    ] Leaving safepoint region
[2019-12-09T08:30:03.563+0000][1][safepoint    ] Total time for which application threads were stopped: 0.0000915 seconds, Stopping threads took: 0.0000278 seconds
[2019-12-09T08:30:04.563+0000][1][safepoint    ] Application time: 1.0000790 seconds
[2019-12-09T08:30:04.563+0000][1][safepoint    ] Entering safepoint region: Cleanup
[2019-12-09T08:30:04.563+0000][1][safepoint    ] Leaving safepoint region
[2019-12-09T08:30:04.563+0000][1][safepoint    ] Total time for which application threads were stopped: 0.0000852 seconds, Stopping threads took: 0.0000181 seconds
[2019-12-09T08:30:05.563+0000][1][safepoint    ] Application time: 1.0000815 seconds
[2019-12-09T08:30:05.563+0000][1][safepoint    ] Entering safepoint region: Cleanup
[2019-12-09T08:30:05.563+0000][1][safepoint    ] Leaving safepoint region
[2019-12-09T08:30:05.563+0000][1][safepoint    ] Total time for which application threads were stopped: 0.0000837 seconds, Stopping threads took: 0.0000186 seconds
[2019-12-09T08:30:06.564+0000][1][safepoint    ] Application time: 1.0002132 seconds
[2019-12-09T08:30:06.564+0000][1][safepoint    ] Entering safepoint region: Cleanup
[2019-12-09T08:30:06.564+0000][1][safepoint    ] Leaving safepoint region
[2019-12-09T08:30:06.564+0000][1][safepoint    ] Total time for which application threads were stopped: 0.0001110 seconds, Stopping threads took: 0.0000239 seconds
[2019-12-09T08:30:07.564+0000][1][safepoint    ] Application time: 1.0000801 seconds
[2019-12-09T08:30:07.564+0000][1][safepoint    ] Entering safepoint region: Cleanup
[2019-12-09T08:30:07.564+0000][1][safepoint    ] Leaving safepoint region
[2019-12-09T08:30:07.564+0000][1][safepoint    ] Total time for which application threads were stopped: 0.0001179 seconds, Stopping threads took: 0.0000278 seconds
[2019-12-09T08:30:08.564+0000][1][safepoint    ] Application time: 1.0000743 seconds
[2019-12-09T08:30:08.564+0000][1][safepoint    ] Entering safepoint region: Cleanup
[2019-12-09T08:30:08.564+0000][1][safepoint    ] Leaving safepoint region
[2019-12-09T08:30:08.564+0000][1][safepoint    ] Total time for which application threads were stopped: 0.0001000 seconds, Stopping threads took: 0.0000190 seconds
[2019-12-09T08:30:09.564+0000][1][safepoint    ] Application time: 1.0000802 seconds
[2019-12-09T08:30:09.564+0000][1][safepoint    ] Entering safepoint region: Cleanup
[2019-12-09T08:30:09.564+0000][1][safepoint    ] Leaving safepoint region
[2019-12-09T08:30:09.564+0000][1][safepoint    ] Total time for which application threads were stopped: 0.0000866 seconds, Stopping threads took: 0.0000202 seconds
[2019-12-09T08:30:10.565+0000][1][safepoint    ] Application time: 1.0000768 seconds
[2019-12-09T08:30:10.565+0000][1][safepoint    ] Entering safepoint region: Cleanup
[2019-12-09T08:30:10.565+0000][1][safepoint    ] Leaving safepoint region
[2019-12-09T08:30:10.565+0000][1][safepoint    ] Total time for which application threads were stopped: 0.0000896 seconds, Stopping threads took: 0.0000203 seconds
[2019-12-09T08:30:12.008+0000][1][safepoint    ] Application time: 1.4429211 seconds
[2019-12-09T08:30:12.008+0000][1][safepoint    ] Entering safepoint region: Cleanup
[2019-12-09T08:30:12.008+0000][1][safepoint    ] Leaving safepoint region
[2019-12-09T08:30:12.008+0000][1][safepoint    ] Total time for which application threads were stopped: 0.0000988 seconds, Stopping threads took: 0.0000202 seconds
[2019-12-09T08:30:13.008+0000][1][safepoint    ] Application time: 1.0000798 seconds
[2019-12-09T08:30:13.008+0000][1][safepoint    ] Entering safepoint region: Cleanup
[2019-12-09T08:30:13.008+0000][1][safepoint    ] Leaving safepoint region
[2019-12-09T08:30:13.008+0000][1][safepoint    ] Total time for which application threads were stopped: 0.0000839 seconds, Stopping threads took: 0.0000202 seconds
[2019-12-09T08:30:14.008+0000][1][safepoint    ] Application time: 1.0000805 seconds
[2019-12-09T08:30:14.008+0000][1][safepoint    ] Entering safepoint region: Cleanup
[2019-12-09T08:30:14.008+0000][1][safepoint    ] Leaving safepoint region
[2019-12-09T08:30:14.008+0000][1][safepoint    ] Total time for which application threads were stopped: 0.0000874 seconds, Stopping threads took: 0.0000203 seconds
[2019-12-09T08:30:15.008+0000][1][safepoint    ] Application time: 1.0000814 seconds
[2019-12-09T08:30:15.008+0000][1][safepoint    ] Entering safepoint region: Cleanup
[2019-12-09T08:30:15.008+0000][1][safepoint    ] Leaving safepoint region
[2019-12-09T08:30:15.008+0000][1][safepoint    ] Total time for which application threads were stopped: 0.0000879 seconds, Stopping threads took: 0.0000215 seconds
[2019-12-09T08:30:16.008+0000][1][safepoint    ] Application time: 1.0000778 seconds
[2019-12-09T08:30:16.008+0000][1][safepoint    ] Entering safepoint region: Cleanup
[2019-12-09T08:30:16.009+0000][1][safepoint    ] Leaving safepoint region
[2019-12-09T08:30:16.009+0000][1][safepoint    ] Total time for which application threads were stopped: 0.0000843 seconds, Stopping threads took: 0.0000200 seconds
[2019-12-09T08:30:17.009+0000][1][safepoint    ] Application time: 1.0000778 seconds
[2019-12-09T08:30:17.009+0000][1][safepoint    ] Entering safepoint region: Cleanup
[2019-12-09T08:30:17.009+0000][1][safepoint    ] Leaving safepoint region
[2019-12-09T08:30:17.009+0000][1][safepoint    ] Total time for which application threads were stopped: 0.0000991 seconds, Stopping threads took: 0.0000201 seconds
[2019-12-09T08:30:18.009+0000][1][safepoint    ] Application time: 1.0000785 seconds
[2019-12-09T08:30:18.009+0000][1][safepoint    ] Entering safepoint region: Cleanup
[2019-12-09T08:30:18.009+0000][1][safepoint    ] Leaving safepoint region
[2019-12-09T08:30:18.009+0000][1][safepoint    ] Total time for which application threads were stopped: 0.0000836 seconds, Stopping threads took: 0.0000192 seconds
[2019-12-09T08:30:19.009+0000][1][safepoint    ] Application time: 1.0000800 seconds
[2019-12-09T08:30:19.009+0000][1][safepoint    ] Entering safepoint region: Cleanup
[2019-12-09T08:30:19.009+0000][1][safepoint    ] Leaving safepoint region
[2019-12-09T08:30:19.009+0000][1][safepoint    ] Total time for which application threads were stopped: 0.0000848 seconds, Stopping threads took: 0.0000195 seconds
[2019-12-09T08:30:20.009+0000][1][safepoint    ] Application time: 1.0000779 seconds
[2019-12-09T08:30:20.009+0000][1][safepoint    ] Entering safepoint region: Cleanup
[2019-12-09T08:30:20.009+0000][1][safepoint    ] Leaving safepoint region
[2019-12-09T08:30:20.009+0000][1][safepoint    ] Total time for which application threads were stopped: 0.0000848 seconds, Stopping threads took: 0.0000198 seconds
[2019-12-09T08:30:21.009+0000][1][safepoint    ] Application time: 1.0000833 seconds
[2019-12-09T08:30:21.010+0000][1][safepoint    ] Entering safepoint region: Cleanup
[2019-12-09T08:30:21.010+0000][1][safepoint    ] Leaving safepoint region
[2019-12-09T08:30:21.010+0000][1][safepoint    ] Total time for which application threads were stopped: 0.0001295 seconds, Stopping threads took: 0.0000273 seconds
[2019-12-09T08:30:22.010+0000][1][safepoint    ] Application time: 1.0000856 seconds
[2019-12-09T08:30:22.010+0000][1][safepoint    ] Entering safepoint region: Cleanup
[2019-12-09T08:30:22.010+0000][1][safepoint    ] Leaving safepoint region
[2019-12-09T08:30:22.010+0000][1][safepoint    ] Total time for which application threads were stopped: 0.0000833 seconds, Stopping threads took: 0.0000180 seconds
[2019-12-09T08:30:23.010+0000][1][safepoint    ] Application time: 1.0000778 seconds
[2019-12-09T08:30:23.010+0000][1][safepoint    ] Entering safepoint region: Cleanup
[2019-12-09T08:30:23.010+0000][1][safepoint    ] Leaving safepoint region
[2019-12-09T08:30:23.010+0000][1][safepoint    ] Total time for which application threads were stopped: 0.0000918 seconds, Stopping threads took: 0.0000262 seconds
[2019-12-09T08:30:24.010+0000][1][safepoint    ] Application time: 1.0000766 seconds
[2019-12-09T08:30:24.010+0000][1][safepoint    ] Entering safepoint region: Cleanup
[2019-12-09T08:30:24.010+0000][1][safepoint    ] Leaving safepoint region
[2019-12-09T08:30:24.010+0000][1][safepoint    ] Total time for which application threads were stopped: 0.0000843 seconds, Stopping threads took: 0.0000178 seconds
[2019-12-09T08:30:25.010+0000][1][safepoint    ] Application time: 1.0000780 seconds
[2019-12-09T08:30:25.010+0000][1][safepoint    ] Entering safepoint region: Cleanup
[2019-12-09T08:30:25.010+0000][1][safepoint    ] Leaving safepoint region
[2019-12-09T08:30:25.010+0000][1][safepoint    ] Total time for which application threads were stopped: 0.0000862 seconds, Stopping threads took: 0.0000214 seconds
[2019-12-09T08:30:26.011+0000][1][safepoint    ] Application time: 1.0000775 seconds
[2019-12-09T08:30:26.011+0000][1][safepoint    ] Entering safepoint region: Cleanup
[2019-12-09T08:30:26.011+0000][1][safepoint    ] Leaving safepoint region
[2019-12-09T08:30:26.011+0000][1][safepoint    ] Total time for which application threads were stopped: 0.0000930 seconds, Stopping threads took: 0.0000202 seconds
[2019-12-09T08:30:27.011+0000][1][safepoint    ] Application time: 1.0000764 seconds
[2019-12-09T08:30:27.011+0000][1][safepoint    ] Entering safepoint region: Cleanup
[2019-12-09T08:30:27.011+0000][1][safepoint    ] Leaving safepoint region
[2019-12-09T08:30:27.011+0000][1][safepoint    ] Total time for which application threads were stopped: 0.0000881 seconds, Stopping threads took: 0.0000203 seconds
[2019-12-09T08:30:28.011+0000][1][safepoint    ] Application time: 1.0000796 seconds
[2019-12-09T08:30:28.011+0000][1][safepoint    ] Entering safepoint region: Cleanup
[2019-12-09T08:30:28.011+0000][1][safepoint    ] Leaving safepoint region
[2019-12-09T08:30:28.011+0000][1][safepoint    ] Total time for which application threads were stopped: 0.0000850 seconds, Stopping threads took: 0.0000196 seconds
[2019-12-09T08:30:29.011+0000][1][safepoint    ] Application time: 1.0000774 seconds
[2019-12-09T08:30:29.011+0000][1][safepoint    ] Entering safepoint region: Cleanup
[2019-12-09T08:30:29.011+0000][1][safepoint    ] Leaving safepoint region
[2019-12-09T08:30:29.011+0000][1][safepoint    ] Total time for which application threads were stopped: 0.0000866 seconds, Stopping threads took: 0.0000195 seconds
[2019-12-09T08:30:30.011+0000][1][safepoint    ] Application time: 1.0000802 seconds
[2019-12-09T08:30:30.011+0000][1][safepoint    ] Entering safepoint region: Cleanup
[2019-12-09T08:30:30.012+0000][1][safepoint    ] Leaving safepoint region
[2019-12-09T08:30:30.012+0000][1][safepoint    ] Total time for which application threads were stopped: 0.0000870 seconds, Stopping threads took: 0.0000201 seconds
[2019-12-09T08:30:31.012+0000][1][safepoint    ] Application time: 1.0000839 seconds
[2019-12-09T08:30:31.012+0000][1][safepoint    ] Entering safepoint region: Cleanup
[2019-12-09T08:30:31.012+0000][1][safepoint    ] Leaving safepoint region
[2019-12-09T08:30:31.012+0000][1][safepoint    ] Total time for which application threads were stopped: 0.0001329 seconds, Stopping threads took: 0.0000431 seconds
[2019-12-09T08:30:32.012+0000][1][safepoint    ] Application time: 1.0000776 seconds
[2019-12-09T08:30:32.012+0000][1][safepoint    ] Entering safepoint region: Cleanup
[2019-12-09T08:30:32.012+0000][1][safepoint    ] Leaving safepoint region
[2019-12-09T08:30:32.012+0000][1][safepoint    ] Total time for which application threads were stopped: 0.0000844 seconds, Stopping threads took: 0.0000188 seconds
[2019-12-09T08:30:33.012+0000][1][safepoint    ] Application time: 1.0000785 seconds
[2019-12-09T08:30:33.012+0000][1][safepoint    ] Entering safepoint region: Cleanup
[2019-12-09T08:30:33.012+0000][1][safepoint    ] Leaving safepoint region
[2019-12-09T08:30:33.012+0000][1][safepoint    ] Total time for which application threads were stopped: 0.0000861 seconds, Stopping threads took: 0.0000202 seconds
[2019-12-09T08:30:34.012+0000][1][safepoint    ] Application time: 1.0000782 seconds
[2019-12-09T08:30:34.012+0000][1][safepoint    ] Entering safepoint region: Cleanup
[2019-12-09T08:30:34.012+0000][1][safepoint    ] Leaving safepoint region
[2019-12-09T08:30:34.012+0000][1][safepoint    ] Total time for which application threads were stopped: 0.0000891 seconds, Stopping threads took: 0.0000207 seconds
[2019-12-09T08:30:35.013+0000][1][safepoint    ] Application time: 1.0000816 seconds
[2019-12-09T08:30:35.013+0000][1][safepoint    ] Entering safepoint region: Cleanup
[2019-12-09T08:30:35.013+0000][1][safepoint    ] Leaving safepoint region
[2019-12-09T08:30:35.013+0000][1][safepoint    ] Total time for which application threads were stopped: 0.0000867 seconds, Stopping threads took: 0.0000196 seconds
[2019-12-09T08:30:35.041+0000][1][safepoint    ] Application time: 0.0286280 seconds
[2019-12-09T08:30:35.041+0000][1][safepoint    ] Entering safepoint region: GenCollectForAllocation
[2019-12-09T08:30:35.041+0000][1][gc,start     ] GC(150) Pause Young (Allocation Failure)
[2019-12-09T08:30:35.041+0000][1][gc,task      ] GC(150) Using 2 workers of 2 for evacuation
[2019-12-09T08:30:35.043+0000][1][gc,age       ] GC(150) Desired survivor size 4456448 bytes, new threshold 6 (max threshold 6)
[2019-12-09T08:30:35.043+0000][1][gc,age       ] GC(150) Age table with threshold 6 (max threshold 6)
[2019-12-09T08:30:35.043+0000][1][gc,age       ] GC(150) - age   1:     759776 bytes,     759776 total
[2019-12-09T08:30:35.043+0000][1][gc,age       ] GC(150) - age   2:        512 bytes,     760288 total
[2019-12-09T08:30:35.043+0000][1][gc,age       ] GC(150) - age   3:       2376 bytes,     762664 total
[2019-12-09T08:30:35.043+0000][1][gc,age       ] GC(150) - age   4:        264 bytes,     762928 total
[2019-12-09T08:30:35.043+0000][1][gc,heap      ] GC(150) ParNew: 70840K->765K(78656K)
[2019-12-09T08:30:35.043+0000][1][gc,heap      ] GC(150) CMS: 70974K->70974K(174784K)
[2019-12-09T08:30:35.043+0000][1][gc,metaspace ] GC(150) Metaspace: 76606K->76606K(1120256K)
[2019-12-09T08:30:35.043+0000][1][gc           ] GC(150) Pause Young (Allocation Failure) 138M->70M(247M) 1.959ms
[2019-12-09T08:30:35.043+0000][1][gc,cpu       ] GC(150) User=0.00s Sys=0.00s Real=0.00s
[2019-12-09T08:30:35.043+0000][1][safepoint    ] Leaving safepoint region
[2019-12-09T08:30:35.043+0000][1][safepoint    ] Total time for which application threads were stopped: 0.0021004 seconds, Stopping threads took: 0.0000159 seconds
[2019-12-09T08:30:36.043+0000][1][safepoint    ] Application time: 1.0000867 seconds
[2019-12-09T08:30:36.044+0000][1][safepoint    ] Entering safepoint region: Cleanup
[2019-12-09T08:30:36.044+0000][1][safepoint    ] Leaving safepoint region
[2019-12-09T08:30:36.044+0000][1][safepoint    ] Total time for which application threads were stopped: 0.0000826 seconds, Stopping threads took: 0.0000178 seconds
[2019-12-09T08:30:37.044+0000][1][safepoint    ] Application time: 1.0000747 seconds
[2019-12-09T08:30:37.044+0000][1][safepoint    ] Entering safepoint region: Cleanup
[2019-12-09T08:30:37.044+0000][1][safepoint    ] Leaving safepoint region
[2019-12-09T08:30:37.044+0000][1][safepoint    ] Total time for which application threads were stopped: 0.0000811 seconds, Stopping threads took: 0.0000176 seconds
[2019-12-09T08:30:38.044+0000][1][safepoint    ] Application time: 1.0000765 seconds
[2019-12-09T08:30:38.044+0000][1][safepoint    ] Entering safepoint region: Cleanup
[2019-12-09T08:30:38.044+0000][1][safepoint    ] Leaving safepoint region
[2019-12-09T08:30:38.044+0000][1][safepoint    ] Total time for which application threads were stopped: 0.0000771 seconds, Stopping threads took: 0.0000176 seconds
[2019-12-09T08:30:39.044+0000][1][safepoint    ] Application time: 1.0000765 seconds
[2019-12-09T08:30:39.044+0000][1][safepoint    ] Entering safepoint region: Cleanup
[2019-12-09T08:30:39.044+0000][1][safepoint    ] Leaving safepoint region
[2019-12-09T08:30:39.044+0000][1][safepoint    ] Total time for which application threads were stopped: 0.0000849 seconds, Stopping threads took: 0.0000175 seconds
[2019-12-09T08:30:40.044+0000][1][safepoint    ] Application time: 1.0000770 seconds
[2019-12-09T08:30:40.044+0000][1][safepoint    ] Entering safepoint region: Cleanup
[2019-12-09T08:30:40.044+0000][1][safepoint    ] Leaving safepoint region
[2019-12-09T08:30:40.044+0000][1][safepoint    ] Total time for which application threads were stopped: 0.0000787 seconds, Stopping threads took: 0.0000184 seconds
[2019-12-09T08:30:41.044+0000][1][safepoint    ] Application time: 1.0000787 seconds
[2019-12-09T08:30:41.044+0000][1][safepoint    ] Entering safepoint region: Cleanup
[2019-12-09T08:30:41.044+0000][1][safepoint    ] Leaving safepoint region
[2019-12-09T08:30:41.045+0000][1][safepoint    ] Total time for which application threads were stopped: 0.0000775 seconds, Stopping threads took: 0.0000172 seconds
[2019-12-09T08:30:42.045+0000][1][safepoint    ] Application time: 1.0000751 seconds
[2019-12-09T08:30:42.045+0000][1][safepoint    ] Entering safepoint region: Cleanup
[2019-12-09T08:30:42.045+0000][1][safepoint    ] Leaving safepoint region
[2019-12-09T08:30:42.045+0000][1][safepoint    ] Total time for which application threads were stopped: 0.0000904 seconds, Stopping threads took: 0.0000189 seconds
[2019-12-09T08:30:43.045+0000][1][safepoint    ] Application time: 1.0000753 seconds
[2019-12-09T08:30:43.045+0000][1][safepoint    ] Entering safepoint region: Cleanup
[2019-12-09T08:30:43.045+0000][1][safepoint    ] Leaving safepoint region
[2019-12-09T08:30:43.045+0000][1][safepoint    ] Total time for which application threads were stopped: 0.0000770 seconds, Stopping threads took: 0.0000175 seconds
[2019-12-09T08:30:44.199+0000][1][safepoint    ] Application time: 1.1542951 seconds
[2019-12-09T08:30:44.199+0000][1][safepoint    ] Entering safepoint region: Cleanup
[2019-12-09T08:30:44.199+0000][1][safepoint    ] Leaving safepoint region
[2019-12-09T08:30:44.199+0000][1][safepoint    ] Total time for which application threads were stopped: 0.0000836 seconds, Stopping threads took: 0.0000199 seconds
[2019-12-09T08:30:45.199+0000][1][safepoint    ] Application time: 1.0000748 seconds
[2019-12-09T08:30:45.199+0000][1][safepoint    ] Entering safepoint region: Cleanup
[2019-12-09T08:30:45.200+0000][1][safepoint    ] Leaving safepoint region
[2019-12-09T08:30:45.200+0000][1][safepoint    ] Total time for which application threads were stopped: 0.0000852 seconds, Stopping threads took: 0.0000193 seconds
[2019-12-09T08:30:46.200+0000][1][safepoint    ] Application time: 1.0000805 seconds
[2019-12-09T08:30:46.200+0000][1][safepoint    ] Entering safepoint region: Cleanup
[2019-12-09T08:30:46.200+0000][1][safepoint    ] Leaving safepoint region
[2019-12-09T08:30:46.200+0000][1][safepoint    ] Total time for which application threads were stopped: 0.0001244 seconds, Stopping threads took: 0.0000243 seconds
[2019-12-09T08:30:47.200+0000][1][safepoint    ] Application time: 1.0000751 seconds
[2019-12-09T08:30:47.200+0000][1][safepoint    ] Entering safepoint region: Cleanup
[2019-12-09T08:30:47.200+0000][1][safepoint    ] Leaving safepoint region
[2019-12-09T08:30:47.200+0000][1][safepoint    ] Total time for which application threads were stopped: 0.0000872 seconds, Stopping threads took: 0.0000171 seconds
[2019-12-09T08:30:48.200+0000][1][safepoint    ] Application time: 1.0000744 seconds
[2019-12-09T08:30:48.200+0000][1][safepoint    ] Entering safepoint region: Cleanup
[2019-12-09T08:30:48.200+0000][1][safepoint    ] Leaving safepoint region
[2019-12-09T08:30:48.200+0000][1][safepoint    ] Total time for which application threads were stopped: 0.0000828 seconds, Stopping threads took: 0.0000193 seconds
[2019-12-09T08:30:49.200+0000][1][safepoint    ] Application time: 1.0000757 seconds
[2019-12-09T08:30:49.200+0000][1][safepoint    ] Entering safepoint region: Cleanup
[2019-12-09T08:30:49.200+0000][1][safepoint    ] Leaving safepoint region
[2019-12-09T08:30:49.200+0000][1][safepoint    ] Total time for which application threads were stopped: 0.0000812 seconds, Stopping threads took: 0.0000178 seconds
[2019-12-09T08:30:50.200+0000][1][safepoint    ] Application time: 1.0000738 seconds
[2019-12-09T08:30:50.201+0000][1][safepoint    ] Entering safepoint region: Cleanup
[2019-12-09T08:30:50.201+0000][1][safepoint    ] Leaving safepoint region
[2019-12-09T08:30:50.201+0000][1][safepoint    ] Total time for which application threads were stopped: 0.0000838 seconds, Stopping threads took: 0.0000180 seconds
[2019-12-09T08:30:51.201+0000][1][safepoint    ] Application time: 1.0000737 seconds
[2019-12-09T08:30:51.201+0000][1][safepoint    ] Entering safepoint region: Cleanup
[2019-12-09T08:30:51.201+0000][1][safepoint    ] Leaving safepoint region
[2019-12-09T08:30:51.201+0000][1][safepoint    ] Total time for which application threads were stopped: 0.0000868 seconds, Stopping threads took: 0.0000187 seconds
[2019-12-09T08:30:52.201+0000][1][safepoint    ] Application time: 1.0000742 seconds
[2019-12-09T08:30:52.201+0000][1][safepoint    ] Entering safepoint region: Cleanup
[2019-12-09T08:30:52.201+0000][1][safepoint    ] Leaving safepoint region
[2019-12-09T08:30:52.201+0000][1][safepoint    ] Total time for which application threads were stopped: 0.0000821 seconds, Stopping threads took: 0.0000188 seconds
[2019-12-09T08:30:53.201+0000][1][safepoint    ] Application time: 1.0000561 seconds
[2019-12-09T08:30:53.201+0000][1][safepoint    ] Entering safepoint region: Cleanup
[2019-12-09T08:30:53.201+0000][1][safepoint    ] Leaving safepoint region
[2019-12-09T08:30:53.201+0000][1][safepoint    ] Total time for which application threads were stopped: 0.0000933 seconds, Stopping threads took: 0.0000283 seconds
[2019-12-09T08:30:54.201+0000][1][safepoint    ] Application time: 1.0000762 seconds
[2019-12-09T08:30:54.201+0000][1][safepoint    ] Entering safepoint region: Cleanup
[2019-12-09T08:30:54.201+0000][1][safepoint    ] Leaving safepoint region
[2019-12-09T08:30:54.201+0000][1][safepoint    ] Total time for which application threads were stopped: 0.0000851 seconds, Stopping threads took: 0.0000193 seconds
[2019-12-09T08:30:55.201+0000][1][safepoint    ] Application time: 1.0000745 seconds
[2019-12-09T08:30:55.202+0000][1][safepoint    ] Entering safepoint region: Cleanup
[2019-12-09T08:30:55.202+0000][1][safepoint    ] Leaving safepoint region
[2019-12-09T08:30:55.202+0000][1][safepoint    ] Total time for which application threads were stopped: 0.0000845 seconds, Stopping threads took: 0.0000192 seconds
[2019-12-09T08:30:56.202+0000][1][safepoint    ] Application time: 1.0000741 seconds
[2019-12-09T08:30:56.202+0000][1][safepoint    ] Entering safepoint region: Cleanup
[2019-12-09T08:30:56.202+0000][1][safepoint    ] Leaving safepoint region
[2019-12-09T08:30:56.202+0000][1][safepoint    ] Total time for which application threads were stopped: 0.0000853 seconds, Stopping threads took: 0.0000204 seconds
[2019-12-09T08:30:57.202+0000][1][safepoint    ] Application time: 1.0000760 seconds
[2019-12-09T08:30:57.202+0000][1][safepoint    ] Entering safepoint region: Cleanup
[2019-12-09T08:30:57.202+0000][1][safepoint    ] Leaving safepoint region
[2019-12-09T08:30:57.202+0000][1][safepoint    ] Total time for which application threads were stopped: 0.0000856 seconds, Stopping threads took: 0.0000204 seconds
[2019-12-09T08:30:58.202+0000][1][safepoint    ] Application time: 1.0000762 seconds
[2019-12-09T08:30:58.202+0000][1][safepoint    ] Entering safepoint region: Cleanup
[2019-12-09T08:30:58.202+0000][1][safepoint    ] Leaving safepoint region
[2019-12-09T08:30:58.202+0000][1][safepoint    ] Total time for which application threads were stopped: 0.0000851 seconds, Stopping threads took: 0.0000195 seconds
[2019-12-09T08:30:59.202+0000][1][safepoint    ] Application time: 1.0000747 seconds
[2019-12-09T08:30:59.202+0000][1][safepoint    ] Entering safepoint region: Cleanup
[2019-12-09T08:30:59.202+0000][1][safepoint    ] Leaving safepoint region
[2019-12-09T08:30:59.202+0000][1][safepoint    ] Total time for which application threads were stopped: 0.0001073 seconds, Stopping threads took: 0.0000351 seconds
[2019-12-09T08:31:00.203+0000][1][safepoint    ] Application time: 1.0000761 seconds
[2019-12-09T08:31:00.203+0000][1][safepoint    ] Entering safepoint region: Cleanup
[2019-12-09T08:31:00.203+0000][1][safepoint    ] Leaving safepoint region
[2019-12-09T08:31:00.203+0000][1][safepoint    ] Total time for which application threads were stopped: 0.0000832 seconds, Stopping threads took: 0.0000187 seconds
[2019-12-09T08:31:01.203+0000][1][safepoint    ] Application time: 1.0000880 seconds
[2019-12-09T08:31:01.203+0000][1][safepoint    ] Entering safepoint region: Cleanup
[2019-12-09T08:31:01.203+0000][1][safepoint    ] Leaving safepoint region
[2019-12-09T08:31:01.203+0000][1][safepoint    ] Total time for which application threads were stopped: 0.0000858 seconds, Stopping threads took: 0.0000195 seconds
[2019-12-09T08:31:02.203+0000][1][safepoint    ] Application time: 1.0000770 seconds
[2019-12-09T08:31:02.203+0000][1][safepoint    ] Entering safepoint region: Cleanup
[2019-12-09T08:31:02.203+0000][1][safepoint    ] Leaving safepoint region
[2019-12-09T08:31:02.203+0000][1][safepoint    ] Total time for which application threads were stopped: 0.0000882 seconds, Stopping threads took: 0.0000201 seconds
[2019-12-09T08:31:03.203+0000][1][safepoint    ] Application time: 1.0000769 seconds
[2019-12-09T08:31:03.203+0000][1][safepoint    ] Entering safepoint region: Cleanup
[2019-12-09T08:31:03.203+0000][1][safepoint    ] Leaving safepoint region
[2019-12-09T08:31:03.203+0000][1][safepoint    ] Total time for which application threads were stopped: 0.0000883 seconds, Stopping threads took: 0.0000197 seconds
[2019-12-09T08:31:04.203+0000][1][safepoint    ] Application time: 1.0000760 seconds
[2019-12-09T08:31:04.203+0000][1][safepoint    ] Entering safepoint region: Cleanup
[2019-12-09T08:31:04.204+0000][1][safepoint    ] Leaving safepoint region
[2019-12-09T08:31:04.204+0000][1][safepoint    ] Total time for which application threads were stopped: 0.0000828 seconds, Stopping threads took: 0.0000195 seconds
[2019-12-09T08:31:05.204+0000][1][safepoint    ] Application time: 1.0000766 seconds
[2019-12-09T08:31:05.204+0000][1][safepoint    ] Entering safepoint region: Cleanup
[2019-12-09T08:31:05.204+0000][1][safepoint    ] Leaving safepoint region
[2019-12-09T08:31:05.204+0000][1][safepoint    ] Total time for which application threads were stopped: 0.0000971 seconds, Stopping threads took: 0.0000205 seconds
[2019-12-09T08:31:06.204+0000][1][safepoint    ] Application time: 1.0000748 seconds
[2019-12-09T08:31:06.204+0000][1][safepoint    ] Entering safepoint region: Cleanup
[2019-12-09T08:31:06.204+0000][1][safepoint    ] Leaving safepoint region
[2019-12-09T08:31:06.204+0000][1][safepoint    ] Total time for which application threads were stopped: 0.0000834 seconds, Stopping threads took: 0.0000185 seconds
[2019-12-09T08:31:07.204+0000][1][safepoint    ] Application time: 1.0000768 seconds
[2019-12-09T08:31:07.204+0000][1][safepoint    ] Entering safepoint region: Cleanup
[2019-12-09T08:31:07.204+0000][1][safepoint    ] Leaving safepoint region
[2019-12-09T08:31:07.204+0000][1][safepoint    ] Total time for which application threads were stopped: 0.0000862 seconds, Stopping threads took: 0.0000189 seconds
[2019-12-09T08:31:08.204+0000][1][safepoint    ] Application time: 1.0000758 seconds
[2019-12-09T08:31:08.204+0000][1][safepoint    ] Entering safepoint region: Cleanup
[2019-12-09T08:31:08.204+0000][1][safepoint    ] Leaving safepoint region
[2019-12-09T08:31:08.204+0000][1][safepoint    ] Total time for which application threads were stopped: 0.0000885 seconds, Stopping threads took: 0.0000210 seconds
[2019-12-09T08:31:09.204+0000][1][safepoint    ] Application time: 1.0000797 seconds
[2019-12-09T08:31:09.204+0000][1][safepoint    ] Entering safepoint region: Cleanup
[2019-12-09T08:31:09.205+0000][1][safepoint    ] Leaving safepoint region
[2019-12-09T08:31:09.205+0000][1][safepoint    ] Total time for which application threads were stopped: 0.0000835 seconds, Stopping threads took: 0.0000190 seconds
[2019-12-09T08:31:10.205+0000][1][safepoint    ] Application time: 1.0000775 seconds
[2019-12-09T08:31:10.205+0000][1][safepoint    ] Entering safepoint region: Cleanup
[2019-12-09T08:31:10.205+0000][1][safepoint    ] Leaving safepoint region
[2019-12-09T08:31:10.205+0000][1][safepoint    ] Total time for which application threads were stopped: 0.0000891 seconds, Stopping threads took: 0.0000216 seconds
[2019-12-09T08:31:11.205+0000][1][safepoint    ] Application time: 1.0000747 seconds
[2019-12-09T08:31:11.205+0000][1][safepoint    ] Entering safepoint region: Cleanup
[2019-12-09T08:31:11.205+0000][1][safepoint    ] Leaving safepoint region
[2019-12-09T08:31:11.205+0000][1][safepoint    ] Total time for which application threads were stopped: 0.0000864 seconds, Stopping threads took: 0.0000195 seconds
[2019-12-09T08:31:12.845+0000][1][safepoint    ] Application time: 1.6396431 seconds
[2019-12-09T08:31:12.845+0000][1][safepoint    ] Entering safepoint region: Cleanup
[2019-12-09T08:31:12.845+0000][1][safepoint    ] Leaving safepoint region
[2019-12-09T08:31:12.845+0000][1][safepoint    ] Total time for which application threads were stopped: 0.0000927 seconds, Stopping threads took: 0.0000214 seconds
[2019-12-09T08:31:13.845+0000][1][safepoint    ] Application time: 1.0000746 seconds
[2019-12-09T08:31:13.845+0000][1][safepoint    ] Entering safepoint region: Cleanup
[2019-12-09T08:31:13.845+0000][1][safepoint    ] Leaving safepoint region
[2019-12-09T08:31:13.845+0000][1][safepoint    ] Total time for which application threads were stopped: 0.0000810 seconds, Stopping threads took: 0.0000180 seconds
[2019-12-09T08:31:14.845+0000][1][safepoint    ] Application time: 1.0000761 seconds
[2019-12-09T08:31:14.845+0000][1][safepoint    ] Entering safepoint region: Cleanup
[2019-12-09T08:31:14.845+0000][1][safepoint    ] Leaving safepoint region
[2019-12-09T08:31:14.845+0000][1][safepoint    ] Total time for which application threads were stopped: 0.0000811 seconds, Stopping threads took: 0.0000175 seconds
[2019-12-09T08:31:15.845+0000][1][safepoint    ] Application time: 1.0000744 seconds
[2019-12-09T08:31:15.845+0000][1][safepoint    ] Entering safepoint region: Cleanup
[2019-12-09T08:31:15.845+0000][1][safepoint    ] Leaving safepoint region
[2019-12-09T08:31:15.845+0000][1][safepoint    ] Total time for which application threads were stopped: 0.0000816 seconds, Stopping threads took: 0.0000185 seconds
[2019-12-09T08:31:16.845+0000][1][safepoint    ] Application time: 1.0000795 seconds
[2019-12-09T08:31:16.846+0000][1][safepoint    ] Entering safepoint region: Cleanup
[2019-12-09T08:31:16.846+0000][1][safepoint    ] Leaving safepoint region
[2019-12-09T08:31:16.846+0000][1][safepoint    ] Total time for which application threads were stopped: 0.0000785 seconds, Stopping threads took: 0.0000172 seconds
[2019-12-09T08:31:17.750+0000][1][safepoint    ] Application time: 0.9045882 seconds
[2019-12-09T08:31:17.750+0000][1][safepoint    ] Entering safepoint region: GenCollectForAllocation
[2019-12-09T08:31:17.750+0000][1][gc,start     ] GC(151) Pause Young (Allocation Failure)
[2019-12-09T08:31:17.750+0000][1][gc,task      ] GC(151) Using 2 workers of 2 for evacuation
[2019-12-09T08:31:17.752+0000][1][gc,age       ] GC(151) Desired survivor size 4456448 bytes, new threshold 6 (max threshold 6)
[2019-12-09T08:31:17.752+0000][1][gc,age       ] GC(151) Age table with threshold 6 (max threshold 6)
[2019-12-09T08:31:17.752+0000][1][gc,age       ] GC(151) - age   1:     755520 bytes,     755520 total
[2019-12-09T08:31:17.752+0000][1][gc,age       ] GC(151) - age   2:         48 bytes,     755568 total
[2019-12-09T08:31:17.752+0000][1][gc,age       ] GC(151) - age   3:        224 bytes,     755792 total
[2019-12-09T08:31:17.752+0000][1][gc,age       ] GC(151) - age   4:       2376 bytes,     758168 total
[2019-12-09T08:31:17.752+0000][1][gc,age       ] GC(151) - age   5:        264 bytes,     758432 total
[2019-12-09T08:31:17.752+0000][1][gc,heap      ] GC(151) ParNew: 70717K->750K(78656K)
[2019-12-09T08:31:17.752+0000][1][gc,heap      ] GC(151) CMS: 70974K->70974K(174784K)
[2019-12-09T08:31:17.752+0000][1][gc,metaspace ] GC(151) Metaspace: 76606K->76606K(1120256K)
[2019-12-09T08:31:17.752+0000][1][gc           ] GC(151) Pause Young (Allocation Failure) 138M->70M(247M) 1.869ms
[2019-12-09T08:31:17.752+0000][1][gc,cpu       ] GC(151) User=0.01s Sys=0.00s Real=0.00s
[2019-12-09T08:31:17.752+0000][1][safepoint    ] Leaving safepoint region
[2019-12-09T08:31:17.752+0000][1][safepoint    ] Total time for which application threads were stopped: 0.0020212 seconds, Stopping threads took: 0.0000174 seconds
[2019-12-09T08:31:18.752+0000][1][safepoint    ] Application time: 1.0000882 seconds
[2019-12-09T08:31:18.752+0000][1][safepoint    ] Entering safepoint region: Cleanup
[2019-12-09T08:31:18.752+0000][1][safepoint    ] Leaving safepoint region
[2019-12-09T08:31:18.752+0000][1][safepoint    ] Total time for which application threads were stopped: 0.0000807 seconds, Stopping threads took: 0.0000177 seconds
[2019-12-09T08:31:19.753+0000][1][safepoint    ] Application time: 1.0000764 seconds
[2019-12-09T08:31:19.753+0000][1][safepoint    ] Entering safepoint region: Cleanup
[2019-12-09T08:31:19.753+0000][1][safepoint    ] Leaving safepoint region
[2019-12-09T08:31:19.753+0000][1][safepoint    ] Total time for which application threads were stopped: 0.0000843 seconds, Stopping threads took: 0.0000207 seconds
[2019-12-09T08:31:20.753+0000][1][safepoint    ] Application time: 1.0000753 seconds
[2019-12-09T08:31:20.753+0000][1][safepoint    ] Entering safepoint region: Cleanup
[2019-12-09T08:31:20.753+0000][1][safepoint    ] Leaving safepoint region
[2019-12-09T08:31:20.753+0000][1][safepoint    ] Total time for which application threads were stopped: 0.0000902 seconds, Stopping threads took: 0.0000207 seconds
[2019-12-09T08:31:21.753+0000][1][safepoint    ] Application time: 1.0000737 seconds
[2019-12-09T08:31:21.753+0000][1][safepoint    ] Entering safepoint region: Cleanup
[2019-12-09T08:31:21.753+0000][1][safepoint    ] Leaving safepoint region
[2019-12-09T08:31:21.753+0000][1][safepoint    ] Total time for which application threads were stopped: 0.0000857 seconds, Stopping threads took: 0.0000196 seconds
[2019-12-09T08:31:22.753+0000][1][safepoint    ] Application time: 1.0000804 seconds
[2019-12-09T08:31:22.753+0000][1][safepoint    ] Entering safepoint region: Cleanup
[2019-12-09T08:31:22.753+0000][1][safepoint    ] Leaving safepoint region
[2019-12-09T08:31:22.753+0000][1][safepoint    ] Total time for which application threads were stopped: 0.0000938 seconds, Stopping threads took: 0.0000234 seconds
[2019-12-09T08:31:23.753+0000][1][safepoint    ] Application time: 1.0000822 seconds
[2019-12-09T08:31:23.753+0000][1][safepoint    ] Entering safepoint region: Cleanup
[2019-12-09T08:31:23.753+0000][1][safepoint    ] Leaving safepoint region
[2019-12-09T08:31:23.753+0000][1][safepoint    ] Total time for which application threads were stopped: 0.0000917 seconds, Stopping threads took: 0.0000281 seconds
[2019-12-09T08:31:24.754+0000][1][safepoint    ] Application time: 1.0000740 seconds
[2019-12-09T08:31:24.754+0000][1][safepoint    ] Entering safepoint region: Cleanup
[2019-12-09T08:31:24.754+0000][1][safepoint    ] Leaving safepoint region
[2019-12-09T08:31:24.754+0000][1][safepoint    ] Total time for which application threads were stopped: 0.0000968 seconds, Stopping threads took: 0.0000210 seconds
[2019-12-09T08:31:25.754+0000][1][safepoint    ] Application time: 1.0000753 seconds
[2019-12-09T08:31:25.754+0000][1][safepoint    ] Entering safepoint region: Cleanup
[2019-12-09T08:31:25.754+0000][1][safepoint    ] Leaving safepoint region
[2019-12-09T08:31:25.754+0000][1][safepoint    ] Total time for which application threads were stopped: 0.0000913 seconds, Stopping threads took: 0.0000176 seconds
[2019-12-09T08:31:26.754+0000][1][safepoint    ] Application time: 1.0000753 seconds
[2019-12-09T08:31:26.754+0000][1][safepoint    ] Entering safepoint region: Cleanup
[2019-12-09T08:31:26.754+0000][1][safepoint    ] Leaving safepoint region
[2019-12-09T08:31:26.754+0000][1][safepoint    ] Total time for which application threads were stopped: 0.0000859 seconds, Stopping threads took: 0.0000192 seconds
[2019-12-09T08:31:27.754+0000][1][safepoint    ] Application time: 1.0000764 seconds
[2019-12-09T08:31:27.754+0000][1][safepoint    ] Entering safepoint region: Cleanup
[2019-12-09T08:31:27.754+0000][1][safepoint    ] Leaving safepoint region
[2019-12-09T08:31:27.754+0000][1][safepoint    ] Total time for which application threads were stopped: 0.0000844 seconds, Stopping threads took: 0.0000186 seconds
[2019-12-09T08:31:28.754+0000][1][safepoint    ] Application time: 1.0000789 seconds
[2019-12-09T08:31:28.754+0000][1][safepoint    ] Entering safepoint region: Cleanup
[2019-12-09T08:31:28.754+0000][1][safepoint    ] Leaving safepoint region
[2019-12-09T08:31:28.755+0000][1][safepoint    ] Total time for which application threads were stopped: 0.0000820 seconds, Stopping threads took: 0.0000204 seconds
[2019-12-09T08:31:29.755+0000][1][safepoint    ] Application time: 1.0000754 seconds
[2019-12-09T08:31:29.755+0000][1][safepoint    ] Entering safepoint region: Cleanup
[2019-12-09T08:31:29.755+0000][1][safepoint    ] Leaving safepoint region
[2019-12-09T08:31:29.755+0000][1][safepoint    ] Total time for which application threads were stopped: 0.0000886 seconds, Stopping threads took: 0.0000192 seconds
[2019-12-09T08:31:30.755+0000][1][safepoint    ] Application time: 1.0000777 seconds
[2019-12-09T08:31:30.755+0000][1][safepoint    ] Entering safepoint region: Cleanup
[2019-12-09T08:31:30.755+0000][1][safepoint    ] Leaving safepoint region
[2019-12-09T08:31:30.755+0000][1][safepoint    ] Total time for which application threads were stopped: 0.0000804 seconds, Stopping threads took: 0.0000186 seconds
[2019-12-09T08:31:31.755+0000][1][safepoint    ] Application time: 1.0000758 seconds
[2019-12-09T08:31:31.755+0000][1][safepoint    ] Entering safepoint region: Cleanup
[2019-12-09T08:31:31.755+0000][1][safepoint    ] Leaving safepoint region
[2019-12-09T08:31:31.755+0000][1][safepoint    ] Total time for which application threads were stopped: 0.0000832 seconds, Stopping threads took: 0.0000175 seconds
[2019-12-09T08:31:32.755+0000][1][safepoint    ] Application time: 1.0000756 seconds
[2019-12-09T08:31:32.755+0000][1][safepoint    ] Entering safepoint region: Cleanup
[2019-12-09T08:31:32.755+0000][1][safepoint    ] Leaving safepoint region
[2019-12-09T08:31:32.755+0000][1][safepoint    ] Total time for which application threads were stopped: 0.0000853 seconds, Stopping threads took: 0.0000196 seconds
[2019-12-09T08:31:33.755+0000][1][safepoint    ] Application time: 1.0000751 seconds
[2019-12-09T08:31:33.755+0000][1][safepoint    ] Entering safepoint region: Cleanup
[2019-12-09T08:31:33.756+0000][1][safepoint    ] Leaving safepoint region
[2019-12-09T08:31:33.756+0000][1][safepoint    ] Total time for which application threads were stopped: 0.0000856 seconds, Stopping threads took: 0.0000191 seconds
[2019-12-09T08:31:34.756+0000][1][safepoint    ] Application time: 1.0000758 seconds
[2019-12-09T08:31:34.756+0000][1][safepoint    ] Entering safepoint region: Cleanup
[2019-12-09T08:31:34.756+0000][1][safepoint    ] Leaving safepoint region
[2019-12-09T08:31:34.756+0000][1][safepoint    ] Total time for which application threads were stopped: 0.0000932 seconds, Stopping threads took: 0.0000188 seconds
[2019-12-09T08:31:35.756+0000][1][safepoint    ] Application time: 1.0000763 seconds
[2019-12-09T08:31:35.756+0000][1][safepoint    ] Entering safepoint region: Cleanup
[2019-12-09T08:31:35.756+0000][1][safepoint    ] Leaving safepoint region
[2019-12-09T08:31:35.756+0000][1][safepoint    ] Total time for which application threads were stopped: 0.0000808 seconds, Stopping threads took: 0.0000182 seconds
[2019-12-09T08:31:36.756+0000][1][safepoint    ] Application time: 1.0000753 seconds
[2019-12-09T08:31:36.756+0000][1][safepoint    ] Entering safepoint region: Cleanup
[2019-12-09T08:31:36.756+0000][1][safepoint    ] Leaving safepoint region
[2019-12-09T08:31:36.756+0000][1][safepoint    ] Total time for which application threads were stopped: 0.0000855 seconds, Stopping threads took: 0.0000197 seconds
[2019-12-09T08:31:37.756+0000][1][safepoint    ] Application time: 1.0000778 seconds
[2019-12-09T08:31:37.756+0000][1][safepoint    ] Entering safepoint region: Cleanup
[2019-12-09T08:31:37.756+0000][1][safepoint    ] Leaving safepoint region
[2019-12-09T08:31:37.756+0000][1][safepoint    ] Total time for which application threads were stopped: 0.0000924 seconds, Stopping threads took: 0.0000195 seconds
[2019-12-09T08:31:38.756+0000][1][safepoint    ] Application time: 1.0000769 seconds
[2019-12-09T08:31:38.756+0000][1][safepoint    ] Entering safepoint region: Cleanup
[2019-12-09T08:31:38.757+0000][1][safepoint    ] Leaving safepoint region
[2019-12-09T08:31:38.757+0000][1][safepoint    ] Total time for which application threads were stopped: 0.0000851 seconds, Stopping threads took: 0.0000212 seconds
[2019-12-09T08:31:39.757+0000][1][safepoint    ] Application time: 1.0000746 seconds
[2019-12-09T08:31:39.757+0000][1][safepoint    ] Entering safepoint region: Cleanup
[2019-12-09T08:31:39.757+0000][1][safepoint    ] Leaving safepoint region
[2019-12-09T08:31:39.757+0000][1][safepoint    ] Total time for which application threads were stopped: 0.0000952 seconds, Stopping threads took: 0.0000203 seconds
[2019-12-09T08:31:40.757+0000][1][safepoint    ] Application time: 1.0000770 seconds
[2019-12-09T08:31:40.757+0000][1][safepoint    ] Entering safepoint region: Cleanup
[2019-12-09T08:31:40.757+0000][1][safepoint    ] Leaving safepoint region
[2019-12-09T08:31:40.757+0000][1][safepoint    ] Total time for which application threads were stopped: 0.0000801 seconds, Stopping threads took: 0.0000169 seconds
[2019-12-09T08:31:41.757+0000][1][safepoint    ] Application time: 1.0000761 seconds
[2019-12-09T08:31:41.757+0000][1][safepoint    ] Entering safepoint region: Cleanup
[2019-12-09T08:31:41.757+0000][1][safepoint    ] Leaving safepoint region
[2019-12-09T08:31:41.757+0000][1][safepoint    ] Total time for which application threads were stopped: 0.0000845 seconds, Stopping threads took: 0.0000207 seconds
[2019-12-09T08:31:42.757+0000][1][safepoint    ] Application time: 1.0000763 seconds
[2019-12-09T08:31:42.757+0000][1][safepoint    ] Entering safepoint region: Cleanup
[2019-12-09T08:31:42.757+0000][1][safepoint    ] Leaving safepoint region
[2019-12-09T08:31:42.757+0000][1][safepoint    ] Total time for which application threads were stopped: 0.0000803 seconds, Stopping threads took: 0.0000186 seconds
[2019-12-09T08:31:43.757+0000][1][safepoint    ] Application time: 1.0000756 seconds
[2019-12-09T08:31:43.757+0000][1][safepoint    ] Entering safepoint region: Cleanup
[2019-12-09T08:31:43.758+0000][1][safepoint    ] Leaving safepoint region
[2019-12-09T08:31:43.758+0000][1][safepoint    ] Total time for which application threads were stopped: 0.0000812 seconds, Stopping threads took: 0.0000195 seconds
[2019-12-09T08:31:44.758+0000][1][safepoint    ] Application time: 1.0000749 seconds
[2019-12-09T08:31:44.758+0000][1][safepoint    ] Entering safepoint region: Cleanup
[2019-12-09T08:31:44.758+0000][1][safepoint    ] Leaving safepoint region
[2019-12-09T08:31:44.758+0000][1][safepoint    ] Total time for which application threads were stopped: 0.0000930 seconds, Stopping threads took: 0.0000173 seconds
[2019-12-09T08:31:45.758+0000][1][safepoint    ] Application time: 1.0000738 seconds
[2019-12-09T08:31:45.758+0000][1][safepoint    ] Entering safepoint region: Cleanup
[2019-12-09T08:31:45.758+0000][1][safepoint    ] Leaving safepoint region
[2019-12-09T08:31:45.758+0000][1][safepoint    ] Total time for which application threads were stopped: 0.0000813 seconds, Stopping threads took: 0.0000177 seconds
[2019-12-09T08:31:47.268+0000][1][safepoint    ] Application time: 1.5096450 seconds
[2019-12-09T08:31:47.268+0000][1][safepoint    ] Entering safepoint region: Cleanup
[2019-12-09T08:31:47.268+0000][1][safepoint    ] Leaving safepoint region
[2019-12-09T08:31:47.268+0000][1][safepoint    ] Total time for which application threads were stopped: 0.0000988 seconds, Stopping threads took: 0.0000215 seconds
[2019-12-09T08:31:48.268+0000][1][safepoint    ] Application time: 1.0000761 seconds
[2019-12-09T08:31:48.268+0000][1][safepoint    ] Entering safepoint region: Cleanup
[2019-12-09T08:31:48.268+0000][1][safepoint    ] Leaving safepoint region
[2019-12-09T08:31:48.268+0000][1][safepoint    ] Total time for which application threads were stopped: 0.0000844 seconds, Stopping threads took: 0.0000202 seconds
[2019-12-09T08:31:49.268+0000][1][safepoint    ] Application time: 1.0000767 seconds
[2019-12-09T08:31:49.268+0000][1][safepoint    ] Entering safepoint region: Cleanup
[2019-12-09T08:31:49.268+0000][1][safepoint    ] Leaving safepoint region
[2019-12-09T08:31:49.268+0000][1][safepoint    ] Total time for which application threads were stopped: 0.0000792 seconds, Stopping threads took: 0.0000172 seconds
[2019-12-09T08:31:50.268+0000][1][safepoint    ] Application time: 1.0000763 seconds
[2019-12-09T08:31:50.268+0000][1][safepoint    ] Entering safepoint region: Cleanup
[2019-12-09T08:31:50.268+0000][1][safepoint    ] Leaving safepoint region
[2019-12-09T08:31:50.268+0000][1][safepoint    ] Total time for which application threads were stopped: 0.0000856 seconds, Stopping threads took: 0.0000190 seconds
[2019-12-09T08:31:51.268+0000][1][safepoint    ] Application time: 1.0000753 seconds
[2019-12-09T08:31:51.268+0000][1][safepoint    ] Entering safepoint region: Cleanup
[2019-12-09T08:31:51.269+0000][1][safepoint    ] Leaving safepoint region
[2019-12-09T08:31:51.269+0000][1][safepoint    ] Total time for which application threads were stopped: 0.0000992 seconds, Stopping threads took: 0.0000332 seconds
[2019-12-09T08:31:52.269+0000][1][safepoint    ] Application time: 1.0000751 seconds
[2019-12-09T08:31:52.269+0000][1][safepoint    ] Entering safepoint region: Cleanup
[2019-12-09T08:31:52.269+0000][1][safepoint    ] Leaving safepoint region
[2019-12-09T08:31:52.269+0000][1][safepoint    ] Total time for which application threads were stopped: 0.0000951 seconds, Stopping threads took: 0.0000178 seconds
[2019-12-09T08:31:53.269+0000][1][safepoint    ] Application time: 1.0000762 seconds
[2019-12-09T08:31:53.269+0000][1][safepoint    ] Entering safepoint region: Cleanup
[2019-12-09T08:31:53.269+0000][1][safepoint    ] Leaving safepoint region
[2019-12-09T08:31:53.269+0000][1][safepoint    ] Total time for which application threads were stopped: 0.0000866 seconds, Stopping threads took: 0.0000202 seconds
[2019-12-09T08:31:54.269+0000][1][safepoint    ] Application time: 1.0000767 seconds
[2019-12-09T08:31:54.269+0000][1][safepoint    ] Entering safepoint region: Cleanup
[2019-12-09T08:31:54.269+0000][1][safepoint    ] Leaving safepoint region
[2019-12-09T08:31:54.269+0000][1][safepoint    ] Total time for which application threads were stopped: 0.0000860 seconds, Stopping threads took: 0.0000198 seconds
[2019-12-09T08:31:55.269+0000][1][safepoint    ] Application time: 1.0000769 seconds
[2019-12-09T08:31:55.269+0000][1][safepoint    ] Entering safepoint region: Cleanup
[2019-12-09T08:31:55.269+0000][1][safepoint    ] Leaving safepoint region
[2019-12-09T08:31:55.269+0000][1][safepoint    ] Total time for which application threads were stopped: 0.0000854 seconds, Stopping threads took: 0.0000175 seconds
[2019-12-09T08:31:56.269+0000][1][safepoint    ] Application time: 1.0000766 seconds
[2019-12-09T08:31:56.270+0000][1][safepoint    ] Entering safepoint region: Cleanup
[2019-12-09T08:31:56.270+0000][1][safepoint    ] Leaving safepoint region
[2019-12-09T08:31:56.270+0000][1][safepoint    ] Total time for which application threads were stopped: 0.0001014 seconds, Stopping threads took: 0.0000262 seconds
[2019-12-09T08:31:57.270+0000][1][safepoint    ] Application time: 1.0000868 seconds
[2019-12-09T08:31:57.270+0000][1][safepoint    ] Entering safepoint region: Cleanup
[2019-12-09T08:31:57.270+0000][1][safepoint    ] Leaving safepoint region
[2019-12-09T08:31:57.270+0000][1][safepoint    ] Total time for which application threads were stopped: 0.0000854 seconds, Stopping threads took: 0.0000204 seconds
[2019-12-09T08:31:58.270+0000][1][safepoint    ] Application time: 1.0000766 seconds
[2019-12-09T08:31:58.270+0000][1][safepoint    ] Entering safepoint region: Cleanup
[2019-12-09T08:31:58.270+0000][1][safepoint    ] Leaving safepoint region
[2019-12-09T08:31:58.270+0000][1][safepoint    ] Total time for which application threads were stopped: 0.0000836 seconds, Stopping threads took: 0.0000192 seconds
[2019-12-09T08:31:59.270+0000][1][safepoint    ] Application time: 1.0000764 seconds
[2019-12-09T08:31:59.270+0000][1][safepoint    ] Entering safepoint region: Cleanup
[2019-12-09T08:31:59.270+0000][1][safepoint    ] Leaving safepoint region
[2019-12-09T08:31:59.270+0000][1][safepoint    ] Total time for which application threads were stopped: 0.0000845 seconds, Stopping threads took: 0.0000187 seconds
[2019-12-09T08:31:59.894+0000][1][safepoint    ] Application time: 0.6237295 seconds
[2019-12-09T08:31:59.894+0000][1][safepoint    ] Entering safepoint region: GenCollectForAllocation
[2019-12-09T08:31:59.894+0000][1][gc,start     ] GC(152) Pause Young (Allocation Failure)
[2019-12-09T08:31:59.894+0000][1][gc,task      ] GC(152) Using 2 workers of 2 for evacuation
[2019-12-09T08:31:59.896+0000][1][gc,age       ] GC(152) Desired survivor size 4456448 bytes, new threshold 6 (max threshold 6)
[2019-12-09T08:31:59.896+0000][1][gc,age       ] GC(152) Age table with threshold 6 (max threshold 6)
[2019-12-09T08:31:59.896+0000][1][gc,age       ] GC(152) - age   1:     822400 bytes,     822400 total
[2019-12-09T08:31:59.896+0000][1][gc,age       ] GC(152) - age   2:        792 bytes,     823192 total
[2019-12-09T08:31:59.896+0000][1][gc,age       ] GC(152) - age   3:         48 bytes,     823240 total
[2019-12-09T08:31:59.896+0000][1][gc,age       ] GC(152) - age   4:        224 bytes,     823464 total
[2019-12-09T08:31:59.896+0000][1][gc,age       ] GC(152) - age   5:       2376 bytes,     825840 total
[2019-12-09T08:31:59.896+0000][1][gc,age       ] GC(152) - age   6:        264 bytes,     826104 total
[2019-12-09T08:31:59.896+0000][1][gc,heap      ] GC(152) ParNew: 70702K->890K(78656K)
[2019-12-09T08:31:59.896+0000][1][gc,heap      ] GC(152) CMS: 70974K->70974K(174784K)
[2019-12-09T08:31:59.896+0000][1][gc,metaspace ] GC(152) Metaspace: 76606K->76606K(1120256K)
[2019-12-09T08:31:59.896+0000][1][gc           ] GC(152) Pause Young (Allocation Failure) 138M->70M(247M) 1.933ms
[2019-12-09T08:31:59.896+0000][1][gc,cpu       ] GC(152) User=0.00s Sys=0.00s Real=0.01s
[2019-12-09T08:31:59.896+0000][1][safepoint    ] Leaving safepoint region
[2019-12-09T08:31:59.896+0000][1][safepoint    ] Total time for which application threads were stopped: 0.0021174 seconds, Stopping threads took: 0.0000264 seconds
[2019-12-09T08:32:00.896+0000][1][safepoint    ] Application time: 1.0000970 seconds
[2019-12-09T08:32:00.896+0000][1][safepoint    ] Entering safepoint region: Cleanup
[2019-12-09T08:32:00.896+0000][1][safepoint    ] Leaving safepoint region
[2019-12-09T08:32:00.896+0000][1][safepoint    ] Total time for which application threads were stopped: 0.0000968 seconds, Stopping threads took: 0.0000261 seconds
[2019-12-09T08:32:01.896+0000][1][safepoint    ] Application time: 1.0001057 seconds
[2019-12-09T08:32:01.897+0000][1][safepoint    ] Entering safepoint region: Cleanup
[2019-12-09T08:32:01.897+0000][1][safepoint    ] Leaving safepoint region
[2019-12-09T08:32:01.897+0000][1][safepoint    ] Total time for which application threads were stopped: 0.0001352 seconds, Stopping threads took: 0.0000303 seconds
[2019-12-09T08:32:02.897+0000][1][safepoint    ] Application time: 1.0000759 seconds
[2019-12-09T08:32:02.897+0000][1][safepoint    ] Entering safepoint region: Cleanup
[2019-12-09T08:32:02.897+0000][1][safepoint    ] Leaving safepoint region
[2019-12-09T08:32:02.897+0000][1][safepoint    ] Total time for which application threads were stopped: 0.0000897 seconds, Stopping threads took: 0.0000235 seconds
[2019-12-09T08:32:03.897+0000][1][safepoint    ] Application time: 1.0000749 seconds
[2019-12-09T08:32:03.897+0000][1][safepoint    ] Entering safepoint region: Cleanup
[2019-12-09T08:32:03.897+0000][1][safepoint    ] Leaving safepoint region
[2019-12-09T08:32:03.897+0000][1][safepoint    ] Total time for which application threads were stopped: 0.0000842 seconds, Stopping threads took: 0.0000176 seconds
[2019-12-09T08:32:04.897+0000][1][safepoint    ] Application time: 1.0000743 seconds
[2019-12-09T08:32:04.897+0000][1][safepoint    ] Entering safepoint region: Cleanup
[2019-12-09T08:32:04.897+0000][1][safepoint    ] Leaving safepoint region
[2019-12-09T08:32:04.897+0000][1][safepoint    ] Total time for which application threads were stopped: 0.0000843 seconds, Stopping threads took: 0.0000192 seconds
[2019-12-09T08:32:05.897+0000][1][safepoint    ] Application time: 1.0000745 seconds
[2019-12-09T08:32:05.897+0000][1][safepoint    ] Entering safepoint region: Cleanup
[2019-12-09T08:32:05.897+0000][1][safepoint    ] Leaving safepoint region
[2019-12-09T08:32:05.898+0000][1][safepoint    ] Total time for which application threads were stopped: 0.0000838 seconds, Stopping threads took: 0.0000201 seconds
[2019-12-09T08:32:06.898+0000][1][safepoint    ] Application time: 1.0000756 seconds
[2019-12-09T08:32:06.898+0000][1][safepoint    ] Entering safepoint region: Cleanup
[2019-12-09T08:32:06.898+0000][1][safepoint    ] Leaving safepoint region
[2019-12-09T08:32:06.898+0000][1][safepoint    ] Total time for which application threads were stopped: 0.0001055 seconds, Stopping threads took: 0.0000190 seconds
[2019-12-09T08:32:07.898+0000][1][safepoint    ] Application time: 1.0000743 seconds
[2019-12-09T08:32:07.898+0000][1][safepoint    ] Entering safepoint region: Cleanup
[2019-12-09T08:32:07.898+0000][1][safepoint    ] Leaving safepoint region
[2019-12-09T08:32:07.898+0000][1][safepoint    ] Total time for which application threads were stopped: 0.0000845 seconds, Stopping threads took: 0.0000184 seconds
[2019-12-09T08:32:08.898+0000][1][safepoint    ] Application time: 1.0000735 seconds
[2019-12-09T08:32:08.898+0000][1][safepoint    ] Entering safepoint region: Cleanup
[2019-12-09T08:32:08.898+0000][1][safepoint    ] Leaving safepoint region
[2019-12-09T08:32:08.898+0000][1][safepoint    ] Total time for which application threads were stopped: 0.0000911 seconds, Stopping threads took: 0.0000263 seconds
[2019-12-09T08:32:09.898+0000][1][safepoint    ] Application time: 1.0000766 seconds
[2019-12-09T08:32:09.898+0000][1][safepoint    ] Entering safepoint region: Cleanup
[2019-12-09T08:32:09.898+0000][1][safepoint    ] Leaving safepoint region
[2019-12-09T08:32:09.898+0000][1][safepoint    ] Total time for which application threads were stopped: 0.0000827 seconds, Stopping threads took: 0.0000186 seconds
[2019-12-09T08:32:10.898+0000][1][safepoint    ] Application time: 1.0000768 seconds
[2019-12-09T08:32:10.898+0000][1][safepoint    ] Entering safepoint region: Cleanup
[2019-12-09T08:32:10.899+0000][1][safepoint    ] Leaving safepoint region
[2019-12-09T08:32:10.899+0000][1][safepoint    ] Total time for which application threads were stopped: 0.0000858 seconds, Stopping threads took: 0.0000204 seconds
[2019-12-09T08:32:11.899+0000][1][safepoint    ] Application time: 1.0000742 seconds
[2019-12-09T08:32:11.899+0000][1][safepoint    ] Entering safepoint region: Cleanup
[2019-12-09T08:32:11.899+0000][1][safepoint    ] Leaving safepoint region
[2019-12-09T08:32:11.899+0000][1][safepoint    ] Total time for which application threads were stopped: 0.0001060 seconds, Stopping threads took: 0.0000367 seconds
[2019-12-09T08:32:12.899+0000][1][safepoint    ] Application time: 1.0000825 seconds
[2019-12-09T08:32:12.899+0000][1][safepoint    ] Entering safepoint region: Cleanup
[2019-12-09T08:32:12.899+0000][1][safepoint    ] Leaving safepoint region
[2019-12-09T08:32:12.899+0000][1][safepoint    ] Total time for which application threads were stopped: 0.0000850 seconds, Stopping threads took: 0.0000198 seconds
[2019-12-09T08:32:13.899+0000][1][safepoint    ] Application time: 1.0000756 seconds
[2019-12-09T08:32:13.899+0000][1][safepoint    ] Entering safepoint region: Cleanup
[2019-12-09T08:32:13.899+0000][1][safepoint    ] Leaving safepoint region
[2019-12-09T08:32:13.899+0000][1][safepoint    ] Total time for which application threads were stopped: 0.0000851 seconds, Stopping threads took: 0.0000195 seconds
[2019-12-09T08:32:14.899+0000][1][safepoint    ] Application time: 1.0000750 seconds
[2019-12-09T08:32:14.899+0000][1][safepoint    ] Entering safepoint region: Cleanup
[2019-12-09T08:32:14.899+0000][1][safepoint    ] Leaving safepoint region
[2019-12-09T08:32:14.899+0000][1][safepoint    ] Total time for which application threads were stopped: 0.0000861 seconds, Stopping threads took: 0.0000200 seconds
[2019-12-09T08:32:15.899+0000][1][safepoint    ] Application time: 1.0000755 seconds
[2019-12-09T08:32:15.900+0000][1][safepoint    ] Entering safepoint region: Cleanup
[2019-12-09T08:32:15.900+0000][1][safepoint    ] Leaving safepoint region
[2019-12-09T08:32:15.900+0000][1][safepoint    ] Total time for which application threads were stopped: 0.0000834 seconds, Stopping threads took: 0.0000195 seconds
[2019-12-09T08:32:16.900+0000][1][safepoint    ] Application time: 1.0000862 seconds
[2019-12-09T08:32:16.900+0000][1][safepoint    ] Entering safepoint region: Cleanup
[2019-12-09T08:32:16.900+0000][1][safepoint    ] Leaving safepoint region
[2019-12-09T08:32:16.900+0000][1][safepoint    ] Total time for which application threads were stopped: 0.0000845 seconds, Stopping threads took: 0.0000191 seconds
[2019-12-09T08:32:17.900+0000][1][safepoint    ] Application time: 1.0000766 seconds
[2019-12-09T08:32:17.900+0000][1][safepoint    ] Entering safepoint region: Cleanup
[2019-12-09T08:32:17.900+0000][1][safepoint    ] Leaving safepoint region
[2019-12-09T08:32:17.900+0000][1][safepoint    ] Total time for which application threads were stopped: 0.0000855 seconds, Stopping threads took: 0.0000193 seconds
[2019-12-09T08:32:18.900+0000][1][safepoint    ] Application time: 1.0000770 seconds
[2019-12-09T08:32:18.900+0000][1][safepoint    ] Entering safepoint region: Cleanup
[2019-12-09T08:32:18.900+0000][1][safepoint    ] Leaving safepoint region
[2019-12-09T08:32:18.900+0000][1][safepoint    ] Total time for which application threads were stopped: 0.0000923 seconds, Stopping threads took: 0.0000272 seconds
[2019-12-09T08:32:19.900+0000][1][safepoint    ] Application time: 1.0000756 seconds
[2019-12-09T08:32:19.900+0000][1][safepoint    ] Entering safepoint region: Cleanup
[2019-12-09T08:32:19.900+0000][1][safepoint    ] Leaving safepoint region
[2019-12-09T08:32:19.900+0000][1][safepoint    ] Total time for which application threads were stopped: 0.0000866 seconds, Stopping threads took: 0.0000203 seconds
[2019-12-09T08:32:20.901+0000][1][safepoint    ] Application time: 1.0000757 seconds
[2019-12-09T08:32:20.901+0000][1][safepoint    ] Entering safepoint region: Cleanup
[2019-12-09T08:32:20.901+0000][1][safepoint    ] Leaving safepoint region
[2019-12-09T08:32:20.901+0000][1][safepoint    ] Total time for which application threads were stopped: 0.0000850 seconds, Stopping threads took: 0.0000197 seconds
[2019-12-09T08:32:21.901+0000][1][safepoint    ] Application time: 1.0000764 seconds
[2019-12-09T08:32:21.901+0000][1][safepoint    ] Entering safepoint region: Cleanup
[2019-12-09T08:32:21.901+0000][1][safepoint    ] Leaving safepoint region
[2019-12-09T08:32:21.901+0000][1][safepoint    ] Total time for which application threads were stopped: 0.0000871 seconds, Stopping threads took: 0.0000196 seconds
[2019-12-09T08:32:22.901+0000][1][safepoint    ] Application time: 1.0000765 seconds
[2019-12-09T08:32:22.901+0000][1][safepoint    ] Entering safepoint region: Cleanup
[2019-12-09T08:32:22.901+0000][1][safepoint    ] Leaving safepoint region
[2019-12-09T08:32:22.901+0000][1][safepoint    ] Total time for which application threads were stopped: 0.0000854 seconds, Stopping threads took: 0.0000188 seconds
[2019-12-09T08:32:23.901+0000][1][safepoint    ] Application time: 1.0000767 seconds
[2019-12-09T08:32:23.901+0000][1][safepoint    ] Entering safepoint region: Cleanup
[2019-12-09T08:32:23.901+0000][1][safepoint    ] Leaving safepoint region
[2019-12-09T08:32:23.901+0000][1][safepoint    ] Total time for which application threads were stopped: 0.0000883 seconds, Stopping threads took: 0.0000202 seconds
[2019-12-09T08:32:24.901+0000][1][safepoint    ] Application time: 1.0000748 seconds
[2019-12-09T08:32:24.901+0000][1][safepoint    ] Entering safepoint region: Cleanup
[2019-12-09T08:32:24.901+0000][1][safepoint    ] Leaving safepoint region
[2019-12-09T08:32:24.901+0000][1][safepoint    ] Total time for which application threads were stopped: 0.0000839 seconds, Stopping threads took: 0.0000195 seconds
[2019-12-09T08:32:25.902+0000][1][safepoint    ] Application time: 1.0000771 seconds
[2019-12-09T08:32:25.902+0000][1][safepoint    ] Entering safepoint region: Cleanup
[2019-12-09T08:32:25.902+0000][1][safepoint    ] Leaving safepoint region
[2019-12-09T08:32:25.902+0000][1][safepoint    ] Total time for which application threads were stopped: 0.0000984 seconds, Stopping threads took: 0.0000198 seconds
[2019-12-09T08:32:26.902+0000][1][safepoint    ] Application time: 1.0000756 seconds
[2019-12-09T08:32:26.902+0000][1][safepoint    ] Entering safepoint region: Cleanup
[2019-12-09T08:32:26.902+0000][1][safepoint    ] Leaving safepoint region
[2019-12-09T08:32:26.902+0000][1][safepoint    ] Total time for which application threads were stopped: 0.0001011 seconds, Stopping threads took: 0.0000199 seconds
[2019-12-09T08:32:27.902+0000][1][safepoint    ] Application time: 1.0000742 seconds
[2019-12-09T08:32:27.902+0000][1][safepoint    ] Entering safepoint region: Cleanup
[2019-12-09T08:32:27.902+0000][1][safepoint    ] Leaving safepoint region
[2019-12-09T08:32:27.902+0000][1][safepoint    ] Total time for which application threads were stopped: 0.0000838 seconds, Stopping threads took: 0.0000193 seconds
[2019-12-09T08:32:28.902+0000][1][safepoint    ] Application time: 1.0000765 seconds
[2019-12-09T08:32:28.902+0000][1][safepoint    ] Entering safepoint region: Cleanup
[2019-12-09T08:32:28.902+0000][1][safepoint    ] Leaving safepoint region
[2019-12-09T08:32:28.902+0000][1][safepoint    ] Total time for which application threads were stopped: 0.0000909 seconds, Stopping threads took: 0.0000256 seconds
[2019-12-09T08:32:29.902+0000][1][safepoint    ] Application time: 1.0000774 seconds
[2019-12-09T08:32:29.902+0000][1][safepoint    ] Entering safepoint region: Cleanup
[2019-12-09T08:32:29.903+0000][1][safepoint    ] Leaving safepoint region
[2019-12-09T08:32:29.903+0000][1][safepoint    ] Total time for which application threads were stopped: 0.0000855 seconds, Stopping threads took: 0.0000204 seconds
[2019-12-09T08:32:30.903+0000][1][safepoint    ] Application time: 1.0000775 seconds
[2019-12-09T08:32:30.903+0000][1][safepoint    ] Entering safepoint region: Cleanup
[2019-12-09T08:32:30.903+0000][1][safepoint    ] Leaving safepoint region
[2019-12-09T08:32:30.903+0000][1][safepoint    ] Total time for which application threads were stopped: 0.0001000 seconds, Stopping threads took: 0.0000345 seconds
[2019-12-09T08:32:31.903+0000][1][safepoint    ] Application time: 1.0000755 seconds
[2019-12-09T08:32:31.903+0000][1][safepoint    ] Entering safepoint region: Cleanup
[2019-12-09T08:32:31.903+0000][1][safepoint    ] Leaving safepoint region
[2019-12-09T08:32:31.903+0000][1][safepoint    ] Total time for which application threads were stopped: 0.0000829 seconds, Stopping threads took: 0.0000179 seconds
[2019-12-09T08:32:32.903+0000][1][safepoint    ] Application time: 1.0000776 seconds
[2019-12-09T08:32:32.903+0000][1][safepoint    ] Entering safepoint region: Cleanup
[2019-12-09T08:32:32.903+0000][1][safepoint    ] Leaving safepoint region
[2019-12-09T08:32:32.903+0000][1][safepoint    ] Total time for which application threads were stopped: 0.0000918 seconds, Stopping threads took: 0.0000244 seconds
[2019-12-09T08:32:33.903+0000][1][safepoint    ] Application time: 1.0000766 seconds
[2019-12-09T08:32:33.903+0000][1][safepoint    ] Entering safepoint region: Cleanup
[2019-12-09T08:32:33.903+0000][1][safepoint    ] Leaving safepoint region
[2019-12-09T08:32:33.903+0000][1][safepoint    ] Total time for which application threads were stopped: 0.0000843 seconds, Stopping threads took: 0.0000196 seconds
[2019-12-09T08:32:34.903+0000][1][safepoint    ] Application time: 1.0000764 seconds
[2019-12-09T08:32:34.904+0000][1][safepoint    ] Entering safepoint region: Cleanup
[2019-12-09T08:32:34.904+0000][1][safepoint    ] Leaving safepoint region
[2019-12-09T08:32:34.904+0000][1][safepoint    ] Total time for which application threads were stopped: 0.0000922 seconds, Stopping threads took: 0.0000198 seconds
[2019-12-09T08:32:35.904+0000][1][safepoint    ] Application time: 1.0000747 seconds
[2019-12-09T08:32:35.904+0000][1][safepoint    ] Entering safepoint region: Cleanup
[2019-12-09T08:32:35.904+0000][1][safepoint    ] Leaving safepoint region
[2019-12-09T08:32:35.904+0000][1][safepoint    ] Total time for which application threads were stopped: 0.0000875 seconds, Stopping threads took: 0.0000212 seconds
[2019-12-09T08:32:36.904+0000][1][safepoint    ] Application time: 1.0000773 seconds
[2019-12-09T08:32:36.904+0000][1][safepoint    ] Entering safepoint region: Cleanup
[2019-12-09T08:32:36.904+0000][1][safepoint    ] Leaving safepoint region
[2019-12-09T08:32:36.904+0000][1][safepoint    ] Total time for which application threads were stopped: 0.0000847 seconds, Stopping threads took: 0.0000183 seconds
[2019-12-09T08:32:37.904+0000][1][safepoint    ] Application time: 1.0000771 seconds
[2019-12-09T08:32:37.904+0000][1][safepoint    ] Entering safepoint region: Cleanup
[2019-12-09T08:32:37.904+0000][1][safepoint    ] Leaving safepoint region
[2019-12-09T08:32:37.904+0000][1][safepoint    ] Total time for which application threads were stopped: 0.0000806 seconds, Stopping threads took: 0.0000174 seconds
[2019-12-09T08:32:38.904+0000][1][safepoint    ] Application time: 1.0000827 seconds
[2019-12-09T08:32:38.904+0000][1][safepoint    ] Entering safepoint region: Cleanup
[2019-12-09T08:32:38.904+0000][1][safepoint    ] Leaving safepoint region
[2019-12-09T08:32:38.904+0000][1][safepoint    ] Total time for which application threads were stopped: 0.0001186 seconds, Stopping threads took: 0.0000259 seconds
[2019-12-09T08:32:39.905+0000][1][safepoint    ] Application time: 1.0000748 seconds
[2019-12-09T08:32:39.905+0000][1][safepoint    ] Entering safepoint region: Cleanup
[2019-12-09T08:32:39.905+0000][1][safepoint    ] Leaving safepoint region
[2019-12-09T08:32:39.905+0000][1][safepoint    ] Total time for which application threads were stopped: 0.0001103 seconds, Stopping threads took: 0.0000285 seconds
[2019-12-09T08:32:40.905+0000][1][safepoint    ] Application time: 1.0000759 seconds
[2019-12-09T08:32:40.905+0000][1][safepoint    ] Entering safepoint region: Cleanup
[2019-12-09T08:32:40.905+0000][1][safepoint    ] Leaving safepoint region
[2019-12-09T08:32:40.905+0000][1][safepoint    ] Total time for which application threads were stopped: 0.0000821 seconds, Stopping threads took: 0.0000179 seconds
[2019-12-09T08:32:41.905+0000][1][safepoint    ] Application time: 1.0000778 seconds
[2019-12-09T08:32:41.905+0000][1][safepoint    ] Entering safepoint region: Cleanup
[2019-12-09T08:32:41.905+0000][1][safepoint    ] Leaving safepoint region
[2019-12-09T08:32:41.905+0000][1][safepoint    ] Total time for which application threads were stopped: 0.0000831 seconds, Stopping threads took: 0.0000194 seconds
[2019-12-09T08:32:42.781+0000][1][safepoint    ] Application time: 0.8759656 seconds
[2019-12-09T08:32:42.781+0000][1][safepoint    ] Entering safepoint region: GenCollectForAllocation
[2019-12-09T08:32:42.781+0000][1][gc,start     ] GC(153) Pause Young (Allocation Failure)
[2019-12-09T08:32:42.781+0000][1][gc,task      ] GC(153) Using 2 workers of 2 for evacuation
[2019-12-09T08:32:42.783+0000][1][gc,age       ] GC(153) Desired survivor size 4456448 bytes, new threshold 6 (max threshold 6)
[2019-12-09T08:32:42.783+0000][1][gc,age       ] GC(153) Age table with threshold 6 (max threshold 6)
[2019-12-09T08:32:42.783+0000][1][gc,age       ] GC(153) - age   1:     755392 bytes,     755392 total
[2019-12-09T08:32:42.783+0000][1][gc,age       ] GC(153) - age   2:       1648 bytes,     757040 total
[2019-12-09T08:32:42.783+0000][1][gc,age       ] GC(153) - age   3:        792 bytes,     757832 total
[2019-12-09T08:32:42.783+0000][1][gc,age       ] GC(153) - age   4:         48 bytes,     757880 total
[2019-12-09T08:32:42.783+0000][1][gc,age       ] GC(153) - age   5:        224 bytes,     758104 total
[2019-12-09T08:32:42.783+0000][1][gc,age       ] GC(153) - age   6:       2376 bytes,     760480 total
[2019-12-09T08:32:42.783+0000][1][gc,heap      ] GC(153) ParNew: 70842K->790K(78656K)
[2019-12-09T08:32:42.783+0000][1][gc,heap      ] GC(153) CMS: 70974K->70974K(174784K)
[2019-12-09T08:32:42.783+0000][1][gc,metaspace ] GC(153) Metaspace: 76606K->76606K(1120256K)
[2019-12-09T08:32:42.783+0000][1][gc           ] GC(153) Pause Young (Allocation Failure) 138M->70M(247M) 1.861ms
[2019-12-09T08:32:42.783+0000][1][gc,cpu       ] GC(153) User=0.00s Sys=0.00s Real=0.00s
[2019-12-09T08:32:42.783+0000][1][safepoint    ] Leaving safepoint region
[2019-12-09T08:32:42.783+0000][1][safepoint    ] Total time for which application threads were stopped: 0.0020133 seconds, Stopping threads took: 0.0000171 seconds
[2019-12-09T08:32:43.783+0000][1][safepoint    ] Application time: 1.0000877 seconds
[2019-12-09T08:32:43.783+0000][1][safepoint    ] Entering safepoint region: Cleanup
[2019-12-09T08:32:43.783+0000][1][safepoint    ] Leaving safepoint region
[2019-12-09T08:32:43.783+0000][1][safepoint    ] Total time for which application threads were stopped: 0.0000767 seconds, Stopping threads took: 0.0000169 seconds
[2019-12-09T08:32:44.783+0000][1][safepoint    ] Application time: 1.0000763 seconds
[2019-12-09T08:32:44.783+0000][1][safepoint    ] Entering safepoint region: Cleanup
[2019-12-09T08:32:44.784+0000][1][safepoint    ] Leaving safepoint region
[2019-12-09T08:32:44.784+0000][1][safepoint    ] Total time for which application threads were stopped: 0.0000878 seconds, Stopping threads took: 0.0000189 seconds
[2019-12-09T08:32:45.784+0000][1][safepoint    ] Application time: 1.0000764 seconds
[2019-12-09T08:32:45.784+0000][1][safepoint    ] Entering safepoint region: Cleanup
[2019-12-09T08:32:45.784+0000][1][safepoint    ] Leaving safepoint region
[2019-12-09T08:32:45.784+0000][1][safepoint    ] Total time for which application threads were stopped: 0.0000894 seconds, Stopping threads took: 0.0000172 seconds
[2019-12-09T08:32:46.784+0000][1][safepoint    ] Application time: 1.0000726 seconds
[2019-12-09T08:32:46.784+0000][1][safepoint    ] Entering safepoint region: Cleanup
[2019-12-09T08:32:46.784+0000][1][safepoint    ] Leaving safepoint region
[2019-12-09T08:32:46.784+0000][1][safepoint    ] Total time for which application threads were stopped: 0.0000770 seconds, Stopping threads took: 0.0000175 seconds
[2019-12-09T08:32:47.811+0000][1][safepoint    ] Application time: 1.0267579 seconds
[2019-12-09T08:32:47.811+0000][1][safepoint    ] Entering safepoint region: Cleanup
[2019-12-09T08:32:47.811+0000][1][safepoint    ] Leaving safepoint region
[2019-12-09T08:32:47.811+0000][1][safepoint    ] Total time for which application threads were stopped: 0.0000857 seconds, Stopping threads took: 0.0000180 seconds
[2019-12-09T08:32:48.811+0000][1][safepoint    ] Application time: 1.0000740 seconds
[2019-12-09T08:32:48.811+0000][1][safepoint    ] Entering safepoint region: Cleanup
[2019-12-09T08:32:48.811+0000][1][safepoint    ] Leaving safepoint region
[2019-12-09T08:32:48.811+0000][1][safepoint    ] Total time for which application threads were stopped: 0.0000804 seconds, Stopping threads took: 0.0000190 seconds
[2019-12-09T08:32:49.811+0000][1][safepoint    ] Application time: 1.0000744 seconds
[2019-12-09T08:32:49.811+0000][1][safepoint    ] Entering safepoint region: Cleanup
[2019-12-09T08:32:49.811+0000][1][safepoint    ] Leaving safepoint region
[2019-12-09T08:32:49.811+0000][1][safepoint    ] Total time for which application threads were stopped: 0.0000875 seconds, Stopping threads took: 0.0000179 seconds
[2019-12-09T08:32:50.811+0000][1][safepoint    ] Application time: 1.0000768 seconds
[2019-12-09T08:32:50.811+0000][1][safepoint    ] Entering safepoint region: Cleanup
[2019-12-09T08:32:50.811+0000][1][safepoint    ] Leaving safepoint region
[2019-12-09T08:32:50.811+0000][1][safepoint    ] Total time for which application threads were stopped: 0.0000850 seconds, Stopping threads took: 0.0000193 seconds
[2019-12-09T08:32:51.811+0000][1][safepoint    ] Application time: 1.0000758 seconds
[2019-12-09T08:32:51.812+0000][1][safepoint    ] Entering safepoint region: Cleanup
[2019-12-09T08:32:51.812+0000][1][safepoint    ] Leaving safepoint region
[2019-12-09T08:32:51.812+0000][1][safepoint    ] Total time for which application threads were stopped: 0.0000833 seconds, Stopping threads took: 0.0000204 seconds
[2019-12-09T08:32:52.812+0000][1][safepoint    ] Application time: 1.0000752 seconds
[2019-12-09T08:32:52.812+0000][1][safepoint    ] Entering safepoint region: Cleanup
[2019-12-09T08:32:52.812+0000][1][safepoint    ] Leaving safepoint region
[2019-12-09T08:32:52.812+0000][1][safepoint    ] Total time for which application threads were stopped: 0.0000826 seconds, Stopping threads took: 0.0000174 seconds
[2019-12-09T08:32:53.812+0000][1][safepoint    ] Application time: 1.0000745 seconds
[2019-12-09T08:32:53.812+0000][1][safepoint    ] Entering safepoint region: Cleanup
[2019-12-09T08:32:53.812+0000][1][safepoint    ] Leaving safepoint region
[2019-12-09T08:32:53.812+0000][1][safepoint    ] Total time for which application threads were stopped: 0.0000821 seconds, Stopping threads took: 0.0000189 seconds
[2019-12-09T08:32:54.812+0000][1][safepoint    ] Application time: 1.0000752 seconds
[2019-12-09T08:32:54.812+0000][1][safepoint    ] Entering safepoint region: Cleanup
[2019-12-09T08:32:54.812+0000][1][safepoint    ] Leaving safepoint region
[2019-12-09T08:32:54.812+0000][1][safepoint    ] Total time for which application threads were stopped: 0.0000839 seconds, Stopping threads took: 0.0000203 seconds
[2019-12-09T08:32:55.812+0000][1][safepoint    ] Application time: 1.0000742 seconds
[2019-12-09T08:32:55.812+0000][1][safepoint    ] Entering safepoint region: Cleanup
[2019-12-09T08:32:55.812+0000][1][safepoint    ] Leaving safepoint region
[2019-12-09T08:32:55.812+0000][1][safepoint    ] Total time for which application threads were stopped: 0.0000831 seconds, Stopping threads took: 0.0000196 seconds
[2019-12-09T08:32:56.812+0000][1][safepoint    ] Application time: 1.0000742 seconds
[2019-12-09T08:32:56.813+0000][1][safepoint    ] Entering safepoint region: Cleanup
[2019-12-09T08:32:56.813+0000][1][safepoint    ] Leaving safepoint region
[2019-12-09T08:32:56.813+0000][1][safepoint    ] Total time for which application threads were stopped: 0.0000786 seconds, Stopping threads took: 0.0000171 seconds
[2019-12-09T08:32:57.813+0000][1][safepoint    ] Application time: 1.0000852 seconds
[2019-12-09T08:32:57.813+0000][1][safepoint    ] Entering safepoint region: Cleanup
[2019-12-09T08:32:57.813+0000][1][safepoint    ] Leaving safepoint region
[2019-12-09T08:32:57.813+0000][1][safepoint    ] Total time for which application threads were stopped: 0.0000824 seconds, Stopping threads took: 0.0000181 seconds
[2019-12-09T08:32:58.813+0000][1][safepoint    ] Application time: 1.0000751 seconds
[2019-12-09T08:32:58.813+0000][1][safepoint    ] Entering safepoint region: Cleanup
[2019-12-09T08:32:58.813+0000][1][safepoint    ] Leaving safepoint region
[2019-12-09T08:32:58.813+0000][1][safepoint    ] Total time for which application threads were stopped: 0.0000799 seconds, Stopping threads took: 0.0000178 seconds
[2019-12-09T08:32:59.813+0000][1][safepoint    ] Application time: 1.0000747 seconds
[2019-12-09T08:32:59.813+0000][1][safepoint    ] Entering safepoint region: Cleanup
[2019-12-09T08:32:59.813+0000][1][safepoint    ] Leaving safepoint region
[2019-12-09T08:32:59.813+0000][1][safepoint    ] Total time for which application threads were stopped: 0.0000785 seconds, Stopping threads took: 0.0000165 seconds
[2019-12-09T08:33:00.813+0000][1][safepoint    ] Application time: 1.0000752 seconds
[2019-12-09T08:33:00.813+0000][1][safepoint    ] Entering safepoint region: Cleanup
[2019-12-09T08:33:00.813+0000][1][safepoint    ] Leaving safepoint region
[2019-12-09T08:33:00.813+0000][1][safepoint    ] Total time for which application threads were stopped: 0.0000810 seconds, Stopping threads took: 0.0000177 seconds
[2019-12-09T08:33:01.813+0000][1][safepoint    ] Application time: 1.0000748 seconds
[2019-12-09T08:33:01.814+0000][1][safepoint    ] Entering safepoint region: Cleanup
[2019-12-09T08:33:01.814+0000][1][safepoint    ] Leaving safepoint region
[2019-12-09T08:33:01.814+0000][1][safepoint    ] Total time for which application threads were stopped: 0.0000840 seconds, Stopping threads took: 0.0000188 seconds
[2019-12-09T08:33:02.814+0000][1][safepoint    ] Application time: 1.0000853 seconds
[2019-12-09T08:33:02.814+0000][1][safepoint    ] Entering safepoint region: Cleanup
[2019-12-09T08:33:02.814+0000][1][safepoint    ] Leaving safepoint region
[2019-12-09T08:33:02.814+0000][1][safepoint    ] Total time for which application threads were stopped: 0.0000823 seconds, Stopping threads took: 0.0000177 seconds
[2019-12-09T08:33:03.814+0000][1][safepoint    ] Application time: 1.0000755 seconds
[2019-12-09T08:33:03.814+0000][1][safepoint    ] Entering safepoint region: Cleanup
[2019-12-09T08:33:03.814+0000][1][safepoint    ] Leaving safepoint region
[2019-12-09T08:33:03.814+0000][1][safepoint    ] Total time for which application threads were stopped: 0.0000884 seconds, Stopping threads took: 0.0000263 seconds
[2019-12-09T08:33:04.814+0000][1][safepoint    ] Application time: 1.0000754 seconds
[2019-12-09T08:33:04.814+0000][1][safepoint    ] Entering safepoint region: Cleanup
[2019-12-09T08:33:04.814+0000][1][safepoint    ] Leaving safepoint region
[2019-12-09T08:33:04.814+0000][1][safepoint    ] Total time for which application threads were stopped: 0.0000828 seconds, Stopping threads took: 0.0000179 seconds
[2019-12-09T08:33:05.814+0000][1][safepoint    ] Application time: 1.0000758 seconds
[2019-12-09T08:33:05.814+0000][1][safepoint    ] Entering safepoint region: Cleanup
[2019-12-09T08:33:05.814+0000][1][safepoint    ] Leaving safepoint region
[2019-12-09T08:33:05.814+0000][1][safepoint    ] Total time for which application threads were stopped: 0.0000833 seconds, Stopping threads took: 0.0000190 seconds
[2019-12-09T08:33:06.815+0000][1][safepoint    ] Application time: 1.0000741 seconds
[2019-12-09T08:33:06.815+0000][1][safepoint    ] Entering safepoint region: Cleanup
[2019-12-09T08:33:06.815+0000][1][safepoint    ] Leaving safepoint region
[2019-12-09T08:33:06.815+0000][1][safepoint    ] Total time for which application threads were stopped: 0.0000791 seconds, Stopping threads took: 0.0000185 seconds
[2019-12-09T08:33:07.815+0000][1][safepoint    ] Application time: 1.0000775 seconds
[2019-12-09T08:33:07.815+0000][1][safepoint    ] Entering safepoint region: Cleanup
[2019-12-09T08:33:07.815+0000][1][safepoint    ] Leaving safepoint region
[2019-12-09T08:33:07.815+0000][1][safepoint    ] Total time for which application threads were stopped: 0.0000795 seconds, Stopping threads took: 0.0000193 seconds
[2019-12-09T08:33:08.815+0000][1][safepoint    ] Application time: 1.0000753 seconds
[2019-12-09T08:33:08.815+0000][1][safepoint    ] Entering safepoint region: Cleanup
[2019-12-09T08:33:08.815+0000][1][safepoint    ] Leaving safepoint region
[2019-12-09T08:33:08.815+0000][1][safepoint    ] Total time for which application threads were stopped: 0.0000832 seconds, Stopping threads took: 0.0000188 seconds
[2019-12-09T08:33:09.815+0000][1][safepoint    ] Application time: 1.0000775 seconds
[2019-12-09T08:33:09.815+0000][1][safepoint    ] Entering safepoint region: Cleanup
[2019-12-09T08:33:09.815+0000][1][safepoint    ] Leaving safepoint region
[2019-12-09T08:33:09.815+0000][1][safepoint    ] Total time for which application threads were stopped: 0.0000798 seconds, Stopping threads took: 0.0000182 seconds
[2019-12-09T08:33:10.815+0000][1][safepoint    ] Application time: 1.0000769 seconds
[2019-12-09T08:33:10.815+0000][1][safepoint    ] Entering safepoint region: Cleanup
[2019-12-09T08:33:10.815+0000][1][safepoint    ] Leaving safepoint region
[2019-12-09T08:33:10.815+0000][1][safepoint    ] Total time for which application threads were stopped: 0.0000814 seconds, Stopping threads took: 0.0000178 seconds
[2019-12-09T08:33:11.815+0000][1][safepoint    ] Application time: 1.0000754 seconds
[2019-12-09T08:33:11.816+0000][1][safepoint    ] Entering safepoint region: Cleanup
[2019-12-09T08:33:11.816+0000][1][safepoint    ] Leaving safepoint region
[2019-12-09T08:33:11.816+0000][1][safepoint    ] Total time for which application threads were stopped: 0.0000838 seconds, Stopping threads took: 0.0000193 seconds
[2019-12-09T08:33:12.816+0000][1][safepoint    ] Application time: 1.0000744 seconds
[2019-12-09T08:33:12.816+0000][1][safepoint    ] Entering safepoint region: Cleanup
[2019-12-09T08:33:12.816+0000][1][safepoint    ] Leaving safepoint region
[2019-12-09T08:33:12.816+0000][1][safepoint    ] Total time for which application threads were stopped: 0.0000834 seconds, Stopping threads took: 0.0000199 seconds
[2019-12-09T08:33:13.816+0000][1][safepoint    ] Application time: 1.0000757 seconds
[2019-12-09T08:33:13.816+0000][1][safepoint    ] Entering safepoint region: Cleanup
[2019-12-09T08:33:13.816+0000][1][safepoint    ] Leaving safepoint region
[2019-12-09T08:33:13.816+0000][1][safepoint    ] Total time for which application threads were stopped: 0.0000821 seconds, Stopping threads took: 0.0000180 seconds
[2019-12-09T08:33:14.816+0000][1][safepoint    ] Application time: 1.0000770 seconds
[2019-12-09T08:33:14.816+0000][1][safepoint    ] Entering safepoint region: Cleanup
[2019-12-09T08:33:14.816+0000][1][safepoint    ] Leaving safepoint region
[2019-12-09T08:33:14.816+0000][1][safepoint    ] Total time for which application threads were stopped: 0.0000838 seconds, Stopping threads took: 0.0000197 seconds
[2019-12-09T08:33:15.816+0000][1][safepoint    ] Application time: 1.0000801 seconds
[2019-12-09T08:33:15.816+0000][1][safepoint    ] Entering safepoint region: Cleanup
[2019-12-09T08:33:15.816+0000][1][safepoint    ] Leaving safepoint region
[2019-12-09T08:33:15.816+0000][1][safepoint    ] Total time for which application threads were stopped: 0.0000839 seconds, Stopping threads took: 0.0000192 seconds
[2019-12-09T08:33:16.817+0000][1][safepoint    ] Application time: 1.0000750 seconds
[2019-12-09T08:33:16.817+0000][1][safepoint    ] Entering safepoint region: Cleanup
[2019-12-09T08:33:16.817+0000][1][safepoint    ] Leaving safepoint region
[2019-12-09T08:33:16.817+0000][1][safepoint    ] Total time for which application threads were stopped: 0.0000827 seconds, Stopping threads took: 0.0000184 seconds
[2019-12-09T08:33:17.817+0000][1][safepoint    ] Application time: 1.0000741 seconds
[2019-12-09T08:33:17.817+0000][1][safepoint    ] Entering safepoint region: Cleanup
[2019-12-09T08:33:17.817+0000][1][safepoint    ] Leaving safepoint region
[2019-12-09T08:33:17.817+0000][1][safepoint    ] Total time for which application threads were stopped: 0.0000789 seconds, Stopping threads took: 0.0000173 seconds
[2019-12-09T08:33:18.817+0000][1][safepoint    ] Application time: 1.0000753 seconds
[2019-12-09T08:33:18.817+0000][1][safepoint    ] Entering safepoint region: Cleanup
[2019-12-09T08:33:18.817+0000][1][safepoint    ] Leaving safepoint region
[2019-12-09T08:33:18.817+0000][1][safepoint    ] Total time for which application threads were stopped: 0.0000835 seconds, Stopping threads took: 0.0000179 seconds
[2019-12-09T08:33:19.817+0000][1][safepoint    ] Application time: 1.0000765 seconds
[2019-12-09T08:33:19.817+0000][1][safepoint    ] Entering safepoint region: Cleanup
[2019-12-09T08:33:19.817+0000][1][safepoint    ] Leaving safepoint region
[2019-12-09T08:33:19.817+0000][1][safepoint    ] Total time for which application threads were stopped: 0.0000835 seconds, Stopping threads took: 0.0000194 seconds
[2019-12-09T08:33:20.817+0000][1][safepoint    ] Application time: 1.0000770 seconds
[2019-12-09T08:33:20.817+0000][1][safepoint    ] Entering safepoint region: Cleanup
[2019-12-09T08:33:20.817+0000][1][safepoint    ] Leaving safepoint region
[2019-12-09T08:33:20.817+0000][1][safepoint    ] Total time for which application threads were stopped: 0.0000850 seconds, Stopping threads took: 0.0000198 seconds
[2019-12-09T08:33:21.818+0000][1][safepoint    ] Application time: 1.0000759 seconds
[2019-12-09T08:33:21.818+0000][1][safepoint    ] Entering safepoint region: Cleanup
[2019-12-09T08:33:21.818+0000][1][safepoint    ] Leaving safepoint region
[2019-12-09T08:33:21.818+0000][1][safepoint    ] Total time for which application threads were stopped: 0.0000790 seconds, Stopping threads took: 0.0000168 seconds
[2019-12-09T08:33:22.818+0000][1][safepoint    ] Application time: 1.0000815 seconds
[2019-12-09T08:33:22.818+0000][1][safepoint    ] Entering safepoint region: Cleanup
[2019-12-09T08:33:22.818+0000][1][safepoint    ] Leaving safepoint region
[2019-12-09T08:33:22.818+0000][1][safepoint    ] Total time for which application threads were stopped: 0.0000806 seconds, Stopping threads took: 0.0000188 seconds
[2019-12-09T08:33:23.818+0000][1][safepoint    ] Application time: 1.0000743 seconds
[2019-12-09T08:33:23.818+0000][1][safepoint    ] Entering safepoint region: Cleanup
[2019-12-09T08:33:23.818+0000][1][safepoint    ] Leaving safepoint region
[2019-12-09T08:33:23.818+0000][1][safepoint    ] Total time for which application threads were stopped: 0.0000784 seconds, Stopping threads took: 0.0000178 seconds
[2019-12-09T08:33:24.655+0000][1][safepoint    ] Application time: 0.8368148 seconds
[2019-12-09T08:33:24.655+0000][1][safepoint    ] Entering safepoint region: GenCollectForAllocation
[2019-12-09T08:33:24.655+0000][1][gc,start     ] GC(154) Pause Young (Allocation Failure)
[2019-12-09T08:33:24.655+0000][1][gc,task      ] GC(154) Using 2 workers of 2 for evacuation
[2019-12-09T08:33:24.657+0000][1][gc,age       ] GC(154) Desired survivor size 4456448 bytes, new threshold 6 (max threshold 6)
[2019-12-09T08:33:24.657+0000][1][gc,age       ] GC(154) Age table with threshold 6 (max threshold 6)
[2019-12-09T08:33:24.657+0000][1][gc,age       ] GC(154) - age   1:    1023160 bytes,    1023160 total
[2019-12-09T08:33:24.657+0000][1][gc,age       ] GC(154) - age   2:         96 bytes,    1023256 total
[2019-12-09T08:33:24.657+0000][1][gc,age       ] GC(154) - age   3:       1456 bytes,    1024712 total
[2019-12-09T08:33:24.657+0000][1][gc,age       ] GC(154) - age   4:        792 bytes,    1025504 total
[2019-12-09T08:33:24.657+0000][1][gc,age       ] GC(154) - age   5:         48 bytes,    1025552 total
[2019-12-09T08:33:24.657+0000][1][gc,age       ] GC(154) - age   6:        224 bytes,    1025776 total
[2019-12-09T08:33:24.657+0000][1][gc,heap      ] GC(154) ParNew: 70742K->1036K(78656K)
[2019-12-09T08:33:24.657+0000][1][gc,heap      ] GC(154) CMS: 70974K->70977K(174784K)
[2019-12-09T08:33:24.657+0000][1][gc,metaspace ] GC(154) Metaspace: 76606K->76606K(1120256K)
[2019-12-09T08:33:24.657+0000][1][gc           ] GC(154) Pause Young (Allocation Failure) 138M->70M(247M) 2.279ms
[2019-12-09T08:33:24.657+0000][1][gc,cpu       ] GC(154) User=0.01s Sys=0.00s Real=0.00s
[2019-12-09T08:33:24.657+0000][1][safepoint    ] Leaving safepoint region
[2019-12-09T08:33:24.657+0000][1][safepoint    ] Total time for which application threads were stopped: 0.0024415 seconds, Stopping threads took: 0.0000225 seconds
[2019-12-09T08:33:25.657+0000][1][safepoint    ] Application time: 1.0000885 seconds
[2019-12-09T08:33:25.657+0000][1][safepoint    ] Entering safepoint region: Cleanup
[2019-12-09T08:33:25.658+0000][1][safepoint    ] Leaving safepoint region
[2019-12-09T08:33:25.658+0000][1][safepoint    ] Total time for which application threads were stopped: 0.0000829 seconds, Stopping threads took: 0.0000183 seconds
[2019-12-09T08:33:26.658+0000][1][safepoint    ] Application time: 1.0000760 seconds
[2019-12-09T08:33:26.658+0000][1][safepoint    ] Entering safepoint region: Cleanup
[2019-12-09T08:33:26.658+0000][1][safepoint    ] Leaving safepoint region
[2019-12-09T08:33:26.658+0000][1][safepoint    ] Total time for which application threads were stopped: 0.0001045 seconds, Stopping threads took: 0.0000220 seconds
[2019-12-09T08:33:27.658+0000][1][safepoint    ] Application time: 1.0000729 seconds
[2019-12-09T08:33:27.658+0000][1][safepoint    ] Entering safepoint region: Cleanup
[2019-12-09T08:33:27.658+0000][1][safepoint    ] Leaving safepoint region
[2019-12-09T08:33:27.658+0000][1][safepoint    ] Total time for which application threads were stopped: 0.0000817 seconds, Stopping threads took: 0.0000172 seconds
[2019-12-09T08:33:28.658+0000][1][safepoint    ] Application time: 1.0000760 seconds
[2019-12-09T08:33:28.658+0000][1][safepoint    ] Entering safepoint region: Cleanup
[2019-12-09T08:33:28.658+0000][1][safepoint    ] Leaving safepoint region
[2019-12-09T08:33:28.658+0000][1][safepoint    ] Total time for which application threads were stopped: 0.0000814 seconds, Stopping threads took: 0.0000184 seconds
[2019-12-09T08:33:29.658+0000][1][safepoint    ] Application time: 1.0000763 seconds
[2019-12-09T08:33:29.658+0000][1][safepoint    ] Entering safepoint region: Cleanup
[2019-12-09T08:33:29.658+0000][1][safepoint    ] Leaving safepoint region
[2019-12-09T08:33:29.658+0000][1][safepoint    ] Total time for which application threads were stopped: 0.0000844 seconds, Stopping threads took: 0.0000186 seconds
[2019-12-09T08:33:30.658+0000][1][safepoint    ] Application time: 1.0000753 seconds
[2019-12-09T08:33:30.658+0000][1][safepoint    ] Entering safepoint region: Cleanup
[2019-12-09T08:33:30.659+0000][1][safepoint    ] Leaving safepoint region
[2019-12-09T08:33:30.659+0000][1][safepoint    ] Total time for which application threads were stopped: 0.0000840 seconds, Stopping threads took: 0.0000192 seconds
[2019-12-09T08:33:31.659+0000][1][safepoint    ] Application time: 1.0000751 seconds
[2019-12-09T08:33:31.659+0000][1][safepoint    ] Entering safepoint region: Cleanup
[2019-12-09T08:33:31.659+0000][1][safepoint    ] Leaving safepoint region
[2019-12-09T08:33:31.659+0000][1][safepoint    ] Total time for which application threads were stopped: 0.0001053 seconds, Stopping threads took: 0.0000413 seconds
[2019-12-09T08:33:32.659+0000][1][safepoint    ] Application time: 1.0000750 seconds
[2019-12-09T08:33:32.659+0000][1][safepoint    ] Entering safepoint region: Cleanup
[2019-12-09T08:33:32.659+0000][1][safepoint    ] Leaving safepoint region
[2019-12-09T08:33:32.659+0000][1][safepoint    ] Total time for which application threads were stopped: 0.0000840 seconds, Stopping threads took: 0.0000181 seconds
[2019-12-09T08:33:33.659+0000][1][safepoint    ] Application time: 1.0000725 seconds
[2019-12-09T08:33:33.659+0000][1][safepoint    ] Entering safepoint region: Cleanup
[2019-12-09T08:33:33.659+0000][1][safepoint    ] Leaving safepoint region
[2019-12-09T08:33:33.659+0000][1][safepoint    ] Total time for which application threads were stopped: 0.0000904 seconds, Stopping threads took: 0.0000258 seconds
[2019-12-09T08:33:34.659+0000][1][safepoint    ] Application time: 1.0000742 seconds
[2019-12-09T08:33:34.659+0000][1][safepoint    ] Entering safepoint region: Cleanup
[2019-12-09T08:33:34.659+0000][1][safepoint    ] Leaving safepoint region
[2019-12-09T08:33:34.659+0000][1][safepoint    ] Total time for which application threads were stopped: 0.0000851 seconds, Stopping threads took: 0.0000188 seconds
[2019-12-09T08:33:35.659+0000][1][safepoint    ] Application time: 1.0000771 seconds
[2019-12-09T08:33:35.660+0000][1][safepoint    ] Entering safepoint region: Cleanup
[2019-12-09T08:33:35.660+0000][1][safepoint    ] Leaving safepoint region
[2019-12-09T08:33:35.660+0000][1][safepoint    ] Total time for which application threads were stopped: 0.0000828 seconds, Stopping threads took: 0.0000179 seconds
[2019-12-09T08:33:36.660+0000][1][safepoint    ] Application time: 1.0000767 seconds
[2019-12-09T08:33:36.660+0000][1][safepoint    ] Entering safepoint region: Cleanup
[2019-12-09T08:33:36.660+0000][1][safepoint    ] Leaving safepoint region
[2019-12-09T08:33:36.660+0000][1][safepoint    ] Total time for which application threads were stopped: 0.0000838 seconds, Stopping threads took: 0.0000198 seconds
[2019-12-09T08:33:37.660+0000][1][safepoint    ] Application time: 1.0000760 seconds
[2019-12-09T08:33:37.660+0000][1][safepoint    ] Entering safepoint region: Cleanup
[2019-12-09T08:33:37.660+0000][1][safepoint    ] Leaving safepoint region
[2019-12-09T08:33:37.660+0000][1][safepoint    ] Total time for which application threads were stopped: 0.0000828 seconds, Stopping threads took: 0.0000174 seconds
[2019-12-09T08:33:38.660+0000][1][safepoint    ] Application time: 1.0000821 seconds
[2019-12-09T08:33:38.660+0000][1][safepoint    ] Entering safepoint region: Cleanup
[2019-12-09T08:33:38.660+0000][1][safepoint    ] Leaving safepoint region
[2019-12-09T08:33:38.660+0000][1][safepoint    ] Total time for which application threads were stopped: 0.0000946 seconds, Stopping threads took: 0.0000222 seconds
[2019-12-09T08:33:39.660+0000][1][safepoint    ] Application time: 1.0000756 seconds
[2019-12-09T08:33:39.660+0000][1][safepoint    ] Entering safepoint region: Cleanup
[2019-12-09T08:33:39.660+0000][1][safepoint    ] Leaving safepoint region
[2019-12-09T08:33:39.660+0000][1][safepoint    ] Total time for which application threads were stopped: 0.0000828 seconds, Stopping threads took: 0.0000191 seconds
[2019-12-09T08:33:40.661+0000][1][safepoint    ] Application time: 1.0000767 seconds
[2019-12-09T08:33:40.661+0000][1][safepoint    ] Entering safepoint region: Cleanup
[2019-12-09T08:33:40.661+0000][1][safepoint    ] Leaving safepoint region
[2019-12-09T08:33:40.661+0000][1][safepoint    ] Total time for which application threads were stopped: 0.0000839 seconds, Stopping threads took: 0.0000190 seconds
[2019-12-09T08:33:41.661+0000][1][safepoint    ] Application time: 1.0000740 seconds
[2019-12-09T08:33:41.661+0000][1][safepoint    ] Entering safepoint region: Cleanup
[2019-12-09T08:33:41.661+0000][1][safepoint    ] Leaving safepoint region
[2019-12-09T08:33:41.661+0000][1][safepoint    ] Total time for which application threads were stopped: 0.0000950 seconds, Stopping threads took: 0.0000198 seconds
[2019-12-09T08:33:42.661+0000][1][safepoint    ] Application time: 1.0000749 seconds
[2019-12-09T08:33:42.661+0000][1][safepoint    ] Entering safepoint region: Cleanup
[2019-12-09T08:33:42.661+0000][1][safepoint    ] Leaving safepoint region
[2019-12-09T08:33:42.661+0000][1][safepoint    ] Total time for which application threads were stopped: 0.0000827 seconds, Stopping threads took: 0.0000199 seconds
[2019-12-09T08:33:43.661+0000][1][safepoint    ] Application time: 1.0000790 seconds
[2019-12-09T08:33:43.661+0000][1][safepoint    ] Entering safepoint region: Cleanup
[2019-12-09T08:33:43.661+0000][1][safepoint    ] Leaving safepoint region
[2019-12-09T08:33:43.661+0000][1][safepoint    ] Total time for which application threads were stopped: 0.0000935 seconds, Stopping threads took: 0.0000194 seconds
[2019-12-09T08:33:44.661+0000][1][safepoint    ] Application time: 1.0000780 seconds
[2019-12-09T08:33:44.661+0000][1][safepoint    ] Entering safepoint region: Cleanup
[2019-12-09T08:33:44.661+0000][1][safepoint    ] Leaving safepoint region
[2019-12-09T08:33:44.661+0000][1][safepoint    ] Total time for which application threads were stopped: 0.0000862 seconds, Stopping threads took: 0.0000198 seconds
[2019-12-09T08:33:45.662+0000][1][safepoint    ] Application time: 1.0000806 seconds
[2019-12-09T08:33:45.662+0000][1][safepoint    ] Entering safepoint region: Cleanup
[2019-12-09T08:33:45.662+0000][1][safepoint    ] Leaving safepoint region
[2019-12-09T08:33:45.662+0000][1][safepoint    ] Total time for which application threads were stopped: 0.0001005 seconds, Stopping threads took: 0.0000205 seconds
[2019-12-09T08:33:47.321+0000][1][safepoint    ] Application time: 1.6596716 seconds
[2019-12-09T08:33:47.321+0000][1][safepoint    ] Entering safepoint region: Cleanup
[2019-12-09T08:33:47.322+0000][1][safepoint    ] Leaving safepoint region
[2019-12-09T08:33:47.322+0000][1][safepoint    ] Total time for which application threads were stopped: 0.0000869 seconds, Stopping threads took: 0.0000182 seconds
[2019-12-09T08:33:48.322+0000][1][safepoint    ] Application time: 1.0000798 seconds
[2019-12-09T08:33:48.322+0000][1][safepoint    ] Entering safepoint region: Cleanup
[2019-12-09T08:33:48.322+0000][1][safepoint    ] Leaving safepoint region
[2019-12-09T08:33:48.322+0000][1][safepoint    ] Total time for which application threads were stopped: 0.0001016 seconds, Stopping threads took: 0.0000197 seconds
[2019-12-09T08:33:49.322+0000][1][safepoint    ] Application time: 1.0000797 seconds
[2019-12-09T08:33:49.322+0000][1][safepoint    ] Entering safepoint region: Cleanup
[2019-12-09T08:33:49.322+0000][1][safepoint    ] Leaving safepoint region
[2019-12-09T08:33:49.322+0000][1][safepoint    ] Total time for which application threads were stopped: 0.0000794 seconds, Stopping threads took: 0.0000183 seconds
[2019-12-09T08:33:50.322+0000][1][safepoint    ] Application time: 1.0000775 seconds
[2019-12-09T08:33:50.322+0000][1][safepoint    ] Entering safepoint region: Cleanup
[2019-12-09T08:33:50.322+0000][1][safepoint    ] Leaving safepoint region
[2019-12-09T08:33:50.322+0000][1][safepoint    ] Total time for which application threads were stopped: 0.0000837 seconds, Stopping threads took: 0.0000179 seconds
[2019-12-09T08:33:51.322+0000][1][safepoint    ] Application time: 1.0000778 seconds
[2019-12-09T08:33:51.322+0000][1][safepoint    ] Entering safepoint region: Cleanup
[2019-12-09T08:33:51.322+0000][1][safepoint    ] Leaving safepoint region
[2019-12-09T08:33:51.322+0000][1][safepoint    ] Total time for which application threads were stopped: 0.0000869 seconds, Stopping threads took: 0.0000195 seconds
[2019-12-09T08:33:52.322+0000][1][safepoint    ] Application time: 1.0000875 seconds
[2019-12-09T08:33:52.323+0000][1][safepoint    ] Entering safepoint region: Cleanup
[2019-12-09T08:33:52.323+0000][1][safepoint    ] Leaving safepoint region
[2019-12-09T08:33:52.323+0000][1][safepoint    ] Total time for which application threads were stopped: 0.0000983 seconds, Stopping threads took: 0.0000240 seconds
[2019-12-09T08:33:53.323+0000][1][safepoint    ] Application time: 1.0000876 seconds
[2019-12-09T08:33:53.323+0000][1][safepoint    ] Entering safepoint region: Cleanup
[2019-12-09T08:33:53.323+0000][1][safepoint    ] Leaving safepoint region
[2019-12-09T08:33:53.323+0000][1][safepoint    ] Total time for which application threads were stopped: 0.0000816 seconds, Stopping threads took: 0.0000180 seconds
[2019-12-09T08:33:54.323+0000][1][safepoint    ] Application time: 1.0000784 seconds
[2019-12-09T08:33:54.323+0000][1][safepoint    ] Entering safepoint region: Cleanup
[2019-12-09T08:33:54.323+0000][1][safepoint    ] Leaving safepoint region
[2019-12-09T08:33:54.323+0000][1][safepoint    ] Total time for which application threads were stopped: 0.0000872 seconds, Stopping threads took: 0.0000188 seconds
[2019-12-09T08:33:55.323+0000][1][safepoint    ] Application time: 1.0000763 seconds
[2019-12-09T08:33:55.323+0000][1][safepoint    ] Entering safepoint region: Cleanup
[2019-12-09T08:33:55.323+0000][1][safepoint    ] Leaving safepoint region
[2019-12-09T08:33:55.323+0000][1][safepoint    ] Total time for which application threads were stopped: 0.0000871 seconds, Stopping threads took: 0.0000194 seconds
[2019-12-09T08:33:56.323+0000][1][safepoint    ] Application time: 1.0000766 seconds
[2019-12-09T08:33:56.323+0000][1][safepoint    ] Entering safepoint region: Cleanup
[2019-12-09T08:33:56.323+0000][1][safepoint    ] Leaving safepoint region
[2019-12-09T08:33:56.323+0000][1][safepoint    ] Total time for which application threads were stopped: 0.0000842 seconds, Stopping threads took: 0.0000195 seconds
[2019-12-09T08:33:57.324+0000][1][safepoint    ] Application time: 1.0000778 seconds
[2019-12-09T08:33:57.324+0000][1][safepoint    ] Entering safepoint region: Cleanup
[2019-12-09T08:33:57.324+0000][1][safepoint    ] Leaving safepoint region
[2019-12-09T08:33:57.324+0000][1][safepoint    ] Total time for which application threads were stopped: 0.0000970 seconds, Stopping threads took: 0.0000200 seconds
[2019-12-09T08:33:58.324+0000][1][safepoint    ] Application time: 1.0000785 seconds
[2019-12-09T08:33:58.324+0000][1][safepoint    ] Entering safepoint region: Cleanup
[2019-12-09T08:33:58.324+0000][1][safepoint    ] Leaving safepoint region
[2019-12-09T08:33:58.324+0000][1][safepoint    ] Total time for which application threads were stopped: 0.0000872 seconds, Stopping threads took: 0.0000214 seconds
[2019-12-09T08:33:59.324+0000][1][safepoint    ] Application time: 1.0000764 seconds
[2019-12-09T08:33:59.324+0000][1][safepoint    ] Entering safepoint region: Cleanup
[2019-12-09T08:33:59.324+0000][1][safepoint    ] Leaving safepoint region
[2019-12-09T08:33:59.324+0000][1][safepoint    ] Total time for which application threads were stopped: 0.0000830 seconds, Stopping threads took: 0.0000172 seconds
[2019-12-09T08:34:00.324+0000][1][safepoint    ] Application time: 1.0000773 seconds
[2019-12-09T08:34:00.324+0000][1][safepoint    ] Entering safepoint region: Cleanup
[2019-12-09T08:34:00.324+0000][1][safepoint    ] Leaving safepoint region
[2019-12-09T08:34:00.324+0000][1][safepoint    ] Total time for which application threads were stopped: 0.0000870 seconds, Stopping threads took: 0.0000206 seconds
[2019-12-09T08:34:01.324+0000][1][safepoint    ] Application time: 1.0000822 seconds
[2019-12-09T08:34:01.324+0000][1][safepoint    ] Entering safepoint region: Cleanup
[2019-12-09T08:34:01.325+0000][1][safepoint    ] Leaving safepoint region
[2019-12-09T08:34:01.325+0000][1][safepoint    ] Total time for which application threads were stopped: 0.0001178 seconds, Stopping threads took: 0.0000268 seconds
[2019-12-09T08:34:02.325+0000][1][safepoint    ] Application time: 1.0000785 seconds
[2019-12-09T08:34:02.325+0000][1][safepoint    ] Entering safepoint region: Cleanup
[2019-12-09T08:34:02.325+0000][1][safepoint    ] Leaving safepoint region
[2019-12-09T08:34:02.325+0000][1][safepoint    ] Total time for which application threads were stopped: 0.0001109 seconds, Stopping threads took: 0.0000207 seconds
[2019-12-09T08:34:03.325+0000][1][safepoint    ] Application time: 1.0000759 seconds
[2019-12-09T08:34:03.325+0000][1][safepoint    ] Entering safepoint region: Cleanup
[2019-12-09T08:34:03.325+0000][1][safepoint    ] Leaving safepoint region
[2019-12-09T08:34:03.325+0000][1][safepoint    ] Total time for which application threads were stopped: 0.0000960 seconds, Stopping threads took: 0.0000275 seconds
[2019-12-09T08:34:04.325+0000][1][safepoint    ] Application time: 1.0000758 seconds
[2019-12-09T08:34:04.325+0000][1][safepoint    ] Entering safepoint region: Cleanup
[2019-12-09T08:34:04.325+0000][1][safepoint    ] Leaving safepoint region
[2019-12-09T08:34:04.325+0000][1][safepoint    ] Total time for which application threads were stopped: 0.0000838 seconds, Stopping threads took: 0.0000200 seconds
[2019-12-09T08:34:05.325+0000][1][safepoint    ] Application time: 1.0000758 seconds
[2019-12-09T08:34:05.325+0000][1][safepoint    ] Entering safepoint region: Cleanup
[2019-12-09T08:34:05.325+0000][1][safepoint    ] Leaving safepoint region
[2019-12-09T08:34:05.325+0000][1][safepoint    ] Total time for which application threads were stopped: 0.0000852 seconds, Stopping threads took: 0.0000188 seconds
[2019-12-09T08:34:06.326+0000][1][safepoint    ] Application time: 1.0000775 seconds
[2019-12-09T08:34:06.326+0000][1][safepoint    ] Entering safepoint region: Cleanup
[2019-12-09T08:34:06.326+0000][1][safepoint    ] Leaving safepoint region
[2019-12-09T08:34:06.326+0000][1][safepoint    ] Total time for which application threads were stopped: 0.0000830 seconds, Stopping threads took: 0.0000187 seconds
[2019-12-09T08:34:07.326+0000][1][safepoint    ] Application time: 1.0000924 seconds
[2019-12-09T08:34:07.326+0000][1][safepoint    ] Entering safepoint region: Cleanup
[2019-12-09T08:34:07.326+0000][1][safepoint    ] Leaving safepoint region
[2019-12-09T08:34:07.326+0000][1][safepoint    ] Total time for which application threads were stopped: 0.0000902 seconds, Stopping threads took: 0.0000206 seconds
[2019-12-09T08:34:07.811+0000][1][safepoint    ] Application time: 0.4853616 seconds
[2019-12-09T08:34:07.811+0000][1][safepoint    ] Entering safepoint region: GenCollectForAllocation
[2019-12-09T08:34:07.811+0000][1][gc,start     ] GC(155) Pause Young (Allocation Failure)
[2019-12-09T08:34:07.812+0000][1][gc,task      ] GC(155) Using 2 workers of 2 for evacuation
[2019-12-09T08:34:07.814+0000][1][gc,age       ] GC(155) Desired survivor size 4456448 bytes, new threshold 6 (max threshold 6)
[2019-12-09T08:34:07.814+0000][1][gc,age       ] GC(155) Age table with threshold 6 (max threshold 6)
[2019-12-09T08:34:07.814+0000][1][gc,age       ] GC(155) - age   1:     755632 bytes,     755632 total
[2019-12-09T08:34:07.814+0000][1][gc,age       ] GC(155) - age   2:        168 bytes,     755800 total
[2019-12-09T08:34:07.814+0000][1][gc,age       ] GC(155) - age   4:       1456 bytes,     757256 total
[2019-12-09T08:34:07.814+0000][1][gc,age       ] GC(155) - age   5:        792 bytes,     758048 total
[2019-12-09T08:34:07.814+0000][1][gc,age       ] GC(155) - age   6:         48 bytes,     758096 total
[2019-12-09T08:34:07.814+0000][1][gc,heap      ] GC(155) ParNew: 70988K->843K(78656K)
[2019-12-09T08:34:07.814+0000][1][gc,heap      ] GC(155) CMS: 70977K->70977K(174784K)
[2019-12-09T08:34:07.814+0000][1][gc,metaspace ] GC(155) Metaspace: 76607K->76607K(1120256K)
[2019-12-09T08:34:07.814+0000][1][gc           ] GC(155) Pause Young (Allocation Failure) 138M->70M(247M) 2.138ms
[2019-12-09T08:34:07.814+0000][1][gc,cpu       ] GC(155) User=0.00s Sys=0.00s Real=0.00s
[2019-12-09T08:34:07.814+0000][1][safepoint    ] Leaving safepoint region
[2019-12-09T08:34:07.814+0000][1][safepoint    ] Total time for which application threads were stopped: 0.0023326 seconds, Stopping threads took: 0.0000230 seconds
[2019-12-09T08:34:08.814+0000][1][safepoint    ] Application time: 1.0000875 seconds
[2019-12-09T08:34:08.814+0000][1][safepoint    ] Entering safepoint region: Cleanup
[2019-12-09T08:34:08.814+0000][1][safepoint    ] Leaving safepoint region
[2019-12-09T08:34:08.814+0000][1][safepoint    ] Total time for which application threads were stopped: 0.0000861 seconds, Stopping threads took: 0.0000194 seconds
[2019-12-09T08:34:09.814+0000][1][safepoint    ] Application time: 1.0000761 seconds
[2019-12-09T08:34:09.814+0000][1][safepoint    ] Entering safepoint region: Cleanup
[2019-12-09T08:34:09.814+0000][1][safepoint    ] Leaving safepoint region
[2019-12-09T08:34:09.814+0000][1][safepoint    ] Total time for which application threads were stopped: 0.0000814 seconds, Stopping threads took: 0.0000172 seconds
[2019-12-09T08:34:10.814+0000][1][safepoint    ] Application time: 1.0000747 seconds
[2019-12-09T08:34:10.814+0000][1][safepoint    ] Entering safepoint region: Cleanup
[2019-12-09T08:34:10.814+0000][1][safepoint    ] Leaving safepoint region
[2019-12-09T08:34:10.814+0000][1][safepoint    ] Total time for which application threads were stopped: 0.0000867 seconds, Stopping threads took: 0.0000189 seconds
[2019-12-09T08:34:11.814+0000][1][safepoint    ] Application time: 1.0000760 seconds
[2019-12-09T08:34:11.814+0000][1][safepoint    ] Entering safepoint region: Cleanup
[2019-12-09T08:34:11.814+0000][1][safepoint    ] Leaving safepoint region
[2019-12-09T08:34:11.814+0000][1][safepoint    ] Total time for which application threads were stopped: 0.0000847 seconds, Stopping threads took: 0.0000208 seconds
[2019-12-09T08:34:12.815+0000][1][safepoint    ] Application time: 1.0000854 seconds
[2019-12-09T08:34:12.815+0000][1][safepoint    ] Entering safepoint region: Cleanup
[2019-12-09T08:34:12.815+0000][1][safepoint    ] Leaving safepoint region
[2019-12-09T08:34:12.815+0000][1][safepoint    ] Total time for which application threads were stopped: 0.0001700 seconds, Stopping threads took: 0.0000992 seconds
[2019-12-09T08:34:13.815+0000][1][safepoint    ] Application time: 1.0000814 seconds
[2019-12-09T08:34:13.815+0000][1][safepoint    ] Entering safepoint region: Cleanup
[2019-12-09T08:34:13.815+0000][1][safepoint    ] Leaving safepoint region
[2019-12-09T08:34:13.815+0000][1][safepoint    ] Total time for which application threads were stopped: 0.0000781 seconds, Stopping threads took: 0.0000160 seconds
[2019-12-09T08:34:14.815+0000][1][safepoint    ] Application time: 1.0000747 seconds
[2019-12-09T08:34:14.815+0000][1][safepoint    ] Entering safepoint region: Cleanup
[2019-12-09T08:34:14.815+0000][1][safepoint    ] Leaving safepoint region
[2019-12-09T08:34:14.815+0000][1][safepoint    ] Total time for which application threads were stopped: 0.0000761 seconds, Stopping threads took: 0.0000157 seconds
[2019-12-09T08:34:15.815+0000][1][safepoint    ] Application time: 1.0000743 seconds
[2019-12-09T08:34:15.815+0000][1][safepoint    ] Entering safepoint region: Cleanup
[2019-12-09T08:34:15.815+0000][1][safepoint    ] Leaving safepoint region
[2019-12-09T08:34:15.815+0000][1][safepoint    ] Total time for which application threads were stopped: 0.0000842 seconds, Stopping threads took: 0.0000188 seconds
[2019-12-09T08:34:16.815+0000][1][safepoint    ] Application time: 1.0000745 seconds
[2019-12-09T08:34:16.816+0000][1][safepoint    ] Entering safepoint region: Cleanup
[2019-12-09T08:34:16.816+0000][1][safepoint    ] Leaving safepoint region
[2019-12-09T08:34:16.816+0000][1][safepoint    ] Total time for which application threads were stopped: 0.0000833 seconds, Stopping threads took: 0.0000197 seconds
[2019-12-09T08:34:17.816+0000][1][safepoint    ] Application time: 1.0000741 seconds
[2019-12-09T08:34:17.816+0000][1][safepoint    ] Entering safepoint region: Cleanup
[2019-12-09T08:34:17.816+0000][1][safepoint    ] Leaving safepoint region
[2019-12-09T08:34:17.816+0000][1][safepoint    ] Total time for which application threads were stopped: 0.0000840 seconds, Stopping threads took: 0.0000191 seconds
[2019-12-09T08:34:18.816+0000][1][safepoint    ] Application time: 1.0000734 seconds
[2019-12-09T08:34:18.816+0000][1][safepoint    ] Entering safepoint region: Cleanup
[2019-12-09T08:34:18.816+0000][1][safepoint    ] Leaving safepoint region
[2019-12-09T08:34:18.816+0000][1][safepoint    ] Total time for which application threads were stopped: 0.0000828 seconds, Stopping threads took: 0.0000205 seconds
[2019-12-09T08:34:19.816+0000][1][safepoint    ] Application time: 1.0000747 seconds
[2019-12-09T08:34:19.816+0000][1][safepoint    ] Entering safepoint region: Cleanup
[2019-12-09T08:34:19.816+0000][1][safepoint    ] Leaving safepoint region
[2019-12-09T08:34:19.816+0000][1][safepoint    ] Total time for which application threads were stopped: 0.0000794 seconds, Stopping threads took: 0.0000178 seconds
[2019-12-09T08:34:21.255+0000][1][safepoint    ] Application time: 1.4388531 seconds
[2019-12-09T08:34:21.255+0000][1][safepoint    ] Entering safepoint region: Cleanup
[2019-12-09T08:34:21.255+0000][1][safepoint    ] Leaving safepoint region
[2019-12-09T08:34:21.255+0000][1][safepoint    ] Total time for which application threads were stopped: 0.0000862 seconds, Stopping threads took: 0.0000183 seconds
[2019-12-09T08:34:22.255+0000][1][safepoint    ] Application time: 1.0000761 seconds
[2019-12-09T08:34:22.255+0000][1][safepoint    ] Entering safepoint region: Cleanup
[2019-12-09T08:34:22.255+0000][1][safepoint    ] Leaving safepoint region
[2019-12-09T08:34:22.255+0000][1][safepoint    ] Total time for which application threads were stopped: 0.0000811 seconds, Stopping threads took: 0.0000197 seconds
[2019-12-09T08:34:23.255+0000][1][safepoint    ] Application time: 1.0000758 seconds
[2019-12-09T08:34:23.255+0000][1][safepoint    ] Entering safepoint region: Cleanup
[2019-12-09T08:34:23.256+0000][1][safepoint    ] Leaving safepoint region
[2019-12-09T08:34:23.256+0000][1][safepoint    ] Total time for which application threads were stopped: 0.0000788 seconds, Stopping threads took: 0.0000177 seconds
[2019-12-09T08:34:24.256+0000][1][safepoint    ] Application time: 1.0000768 seconds
[2019-12-09T08:34:24.256+0000][1][safepoint    ] Entering safepoint region: Cleanup
[2019-12-09T08:34:24.256+0000][1][safepoint    ] Leaving safepoint region
[2019-12-09T08:34:24.256+0000][1][safepoint    ] Total time for which application threads were stopped: 0.0000900 seconds, Stopping threads took: 0.0000179 seconds
[2019-12-09T08:34:25.256+0000][1][safepoint    ] Application time: 1.0000749 seconds
[2019-12-09T08:34:25.256+0000][1][safepoint    ] Entering safepoint region: Cleanup
[2019-12-09T08:34:25.256+0000][1][safepoint    ] Leaving safepoint region
[2019-12-09T08:34:25.256+0000][1][safepoint    ] Total time for which application threads were stopped: 0.0000785 seconds, Stopping threads took: 0.0000169 seconds
[2019-12-09T08:34:26.256+0000][1][safepoint    ] Application time: 1.0000765 seconds
[2019-12-09T08:34:26.256+0000][1][safepoint    ] Entering safepoint region: Cleanup
[2019-12-09T08:34:26.256+0000][1][safepoint    ] Leaving safepoint region
[2019-12-09T08:34:26.256+0000][1][safepoint    ] Total time for which application threads were stopped: 0.0000784 seconds, Stopping threads took: 0.0000173 seconds
[2019-12-09T08:34:27.256+0000][1][safepoint    ] Application time: 1.0000774 seconds
[2019-12-09T08:34:27.256+0000][1][safepoint    ] Entering safepoint region: Cleanup
[2019-12-09T08:34:27.256+0000][1][safepoint    ] Leaving safepoint region
[2019-12-09T08:34:27.256+0000][1][safepoint    ] Total time for which application threads were stopped: 0.0000809 seconds, Stopping threads took: 0.0000189 seconds
[2019-12-09T08:34:28.256+0000][1][safepoint    ] Application time: 1.0000772 seconds
[2019-12-09T08:34:28.256+0000][1][safepoint    ] Entering safepoint region: Cleanup
[2019-12-09T08:34:28.256+0000][1][safepoint    ] Leaving safepoint region
[2019-12-09T08:34:28.256+0000][1][safepoint    ] Total time for which application threads were stopped: 0.0000799 seconds, Stopping threads took: 0.0000182 seconds
[2019-12-09T08:34:29.257+0000][1][safepoint    ] Application time: 1.0000755 seconds
[2019-12-09T08:34:29.257+0000][1][safepoint    ] Entering safepoint region: Cleanup
[2019-12-09T08:34:29.257+0000][1][safepoint    ] Leaving safepoint region
[2019-12-09T08:34:29.257+0000][1][safepoint    ] Total time for which application threads were stopped: 0.0000885 seconds, Stopping threads took: 0.0000260 seconds
[2019-12-09T08:34:30.257+0000][1][safepoint    ] Application time: 1.0000752 seconds
[2019-12-09T08:34:30.257+0000][1][safepoint    ] Entering safepoint region: Cleanup
[2019-12-09T08:34:30.257+0000][1][safepoint    ] Leaving safepoint region
[2019-12-09T08:34:30.257+0000][1][safepoint    ] Total time for which application threads were stopped: 0.0000823 seconds, Stopping threads took: 0.0000199 seconds
[2019-12-09T08:34:31.257+0000][1][safepoint    ] Application time: 1.0000755 seconds
[2019-12-09T08:34:31.257+0000][1][safepoint    ] Entering safepoint region: Cleanup
[2019-12-09T08:34:31.257+0000][1][safepoint    ] Leaving safepoint region
[2019-12-09T08:34:31.257+0000][1][safepoint    ] Total time for which application threads were stopped: 0.0000818 seconds, Stopping threads took: 0.0000177 seconds
[2019-12-09T08:34:32.257+0000][1][safepoint    ] Application time: 1.0000753 seconds
[2019-12-09T08:34:32.257+0000][1][safepoint    ] Entering safepoint region: Cleanup
[2019-12-09T08:34:32.257+0000][1][safepoint    ] Leaving safepoint region
[2019-12-09T08:34:32.257+0000][1][safepoint    ] Total time for which application threads were stopped: 0.0000808 seconds, Stopping threads took: 0.0000191 seconds
[2019-12-09T08:34:33.257+0000][1][safepoint    ] Application time: 1.0000754 seconds
[2019-12-09T08:34:33.257+0000][1][safepoint    ] Entering safepoint region: Cleanup
[2019-12-09T08:34:33.257+0000][1][safepoint    ] Leaving safepoint region
[2019-12-09T08:34:33.257+0000][1][safepoint    ] Total time for which application threads were stopped: 0.0000887 seconds, Stopping threads took: 0.0000268 seconds
[2019-12-09T08:34:34.257+0000][1][safepoint    ] Application time: 1.0000746 seconds
[2019-12-09T08:34:34.257+0000][1][safepoint    ] Entering safepoint region: Cleanup
[2019-12-09T08:34:34.258+0000][1][safepoint    ] Leaving safepoint region
[2019-12-09T08:34:34.258+0000][1][safepoint    ] Total time for which application threads were stopped: 0.0000779 seconds, Stopping threads took: 0.0000180 seconds
[2019-12-09T08:34:35.258+0000][1][safepoint    ] Application time: 1.0000741 seconds
[2019-12-09T08:34:35.258+0000][1][safepoint    ] Entering safepoint region: Cleanup
[2019-12-09T08:34:35.258+0000][1][safepoint    ] Leaving safepoint region
[2019-12-09T08:34:35.258+0000][1][safepoint    ] Total time for which application threads were stopped: 0.0000897 seconds, Stopping threads took: 0.0000284 seconds
[2019-12-09T08:34:36.258+0000][1][safepoint    ] Application time: 1.0000752 seconds
[2019-12-09T08:34:36.258+0000][1][safepoint    ] Entering safepoint region: Cleanup
[2019-12-09T08:34:36.258+0000][1][safepoint    ] Leaving safepoint region
[2019-12-09T08:34:36.258+0000][1][safepoint    ] Total time for which application threads were stopped: 0.0000805 seconds, Stopping threads took: 0.0000193 seconds
[2019-12-09T08:34:37.258+0000][1][safepoint    ] Application time: 1.0000751 seconds
[2019-12-09T08:34:37.258+0000][1][safepoint    ] Entering safepoint region: Cleanup
[2019-12-09T08:34:37.258+0000][1][safepoint    ] Leaving safepoint region
[2019-12-09T08:34:37.258+0000][1][safepoint    ] Total time for which application threads were stopped: 0.0000776 seconds, Stopping threads took: 0.0000173 seconds
[2019-12-09T08:34:38.258+0000][1][safepoint    ] Application time: 1.0000756 seconds
[2019-12-09T08:34:38.258+0000][1][safepoint    ] Entering safepoint region: Cleanup
[2019-12-09T08:34:38.258+0000][1][safepoint    ] Leaving safepoint region
[2019-12-09T08:34:38.258+0000][1][safepoint    ] Total time for which application threads were stopped: 0.0000806 seconds, Stopping threads took: 0.0000194 seconds
[2019-12-09T08:34:39.258+0000][1][safepoint    ] Application time: 1.0000752 seconds
[2019-12-09T08:34:39.258+0000][1][safepoint    ] Entering safepoint region: Cleanup
[2019-12-09T08:34:39.259+0000][1][safepoint    ] Leaving safepoint region
[2019-12-09T08:34:39.259+0000][1][safepoint    ] Total time for which application threads were stopped: 0.0000945 seconds, Stopping threads took: 0.0000283 seconds
[2019-12-09T08:34:40.259+0000][1][safepoint    ] Application time: 1.0000762 seconds
[2019-12-09T08:34:40.259+0000][1][safepoint    ] Entering safepoint region: Cleanup
[2019-12-09T08:34:40.259+0000][1][safepoint    ] Leaving safepoint region
[2019-12-09T08:34:40.259+0000][1][safepoint    ] Total time for which application threads were stopped: 0.0000944 seconds, Stopping threads took: 0.0000207 seconds
[2019-12-09T08:34:41.259+0000][1][safepoint    ] Application time: 1.0000769 seconds
[2019-12-09T08:34:41.259+0000][1][safepoint    ] Entering safepoint region: Cleanup
[2019-12-09T08:34:41.259+0000][1][safepoint    ] Leaving safepoint region
[2019-12-09T08:34:41.259+0000][1][safepoint    ] Total time for which application threads were stopped: 0.0000835 seconds, Stopping threads took: 0.0000186 seconds
