[2019-12-09T03:05:01.173+0000][1][gc] Using Concurrent Mark Sweep
[2019-12-09T03:05:01.173+0000][1][gc,heap,coops] Heap address: 0x00000000f0000000, size: 256 MB, Compressed Oops mode: 32-bit
[2019-12-09T03:05:01.772+0000][1][safepoint    ] Entering safepoint region: EnableBiasedLocking
[2019-12-09T03:05:01.772+0000][1][safepoint    ] Leaving safepoint region
[2019-12-09T03:05:01.772+0000][1][safepoint    ] Total time for which application threads were stopped: 0.0039679 seconds, Stopping threads took: 0.0038727 seconds
[2019-12-09T03:05:01.824+0000][1][safepoint    ] Application time: 0.0514561 seconds
[2019-12-09T03:05:01.835+0000][1][safepoint    ] Entering safepoint region: RevokeBias
[2019-12-09T03:05:01.835+0000][1][safepoint    ] Leaving safepoint region
[2019-12-09T03:05:01.835+0000][1][safepoint    ] Total time for which application threads were stopped: 0.0110031 seconds, Stopping threads took: 0.0109137 seconds
[2019-12-09T03:05:01.987+0000][1][safepoint    ] Application time: 0.1522967 seconds
[2019-12-09T03:05:01.987+0000][1][safepoint    ] Entering safepoint region: Deoptimize
[2019-12-09T03:05:01.987+0000][1][safepoint    ] Leaving safepoint region
[2019-12-09T03:05:01.987+0000][1][safepoint    ] Total time for which application threads were stopped: 0.0000623 seconds, Stopping threads took: 0.0000101 seconds
[2019-12-09T03:05:02.512+0000][1][safepoint    ] Application time: 0.5250092 seconds
[2019-12-09T03:05:02.512+0000][1][safepoint    ] Entering safepoint region: RevokeBias
[2019-12-09T03:05:02.512+0000][1][safepoint    ] Leaving safepoint region
[2019-12-09T03:05:02.512+0000][1][safepoint    ] Total time for which application threads were stopped: 0.0000746 seconds, Stopping threads took: 0.0000120 seconds
[2019-12-09T03:05:02.814+0000][1][safepoint    ] Application time: 0.3019230 seconds
[2019-12-09T03:05:02.814+0000][1][safepoint    ] Entering safepoint region: Deoptimize
[2019-12-09T03:05:02.814+0000][1][safepoint    ] Leaving safepoint region
[2019-12-09T03:05:02.815+0000][1][safepoint    ] Total time for which application threads were stopped: 0.0000807 seconds, Stopping threads took: 0.0000105 seconds
[2019-12-09T03:05:03.824+0000][1][safepoint    ] Application time: 1.0091962 seconds
[2019-12-09T03:05:03.837+0000][1][safepoint    ] Entering safepoint region: Cleanup
[2019-12-09T03:05:03.837+0000][1][safepoint    ] Leaving safepoint region
[2019-12-09T03:05:03.837+0000][1][safepoint    ] Total time for which application threads were stopped: 0.0136200 seconds, Stopping threads took: 0.0135559 seconds
[2019-12-09T03:05:04.586+0000][1][safepoint    ] Application time: 0.7483376 seconds
[2019-12-09T03:05:04.586+0000][1][safepoint    ] Entering safepoint region: Deoptimize
[2019-12-09T03:05:04.586+0000][1][safepoint    ] Leaving safepoint region
[2019-12-09T03:05:04.586+0000][1][safepoint    ] Total time for which application threads were stopped: 0.0001673 seconds, Stopping threads took: 0.0000111 seconds
[2019-12-09T03:05:04.818+0000][1][safepoint    ] Application time: 0.2317862 seconds
[2019-12-09T03:05:04.818+0000][1][safepoint    ] Entering safepoint region: Deoptimize
[2019-12-09T03:05:04.818+0000][1][safepoint    ] Leaving safepoint region
[2019-12-09T03:05:04.818+0000][1][safepoint    ] Total time for which application threads were stopped: 0.0001452 seconds, Stopping threads took: 0.0000114 seconds
[2019-12-09T03:05:05.200+0000][1][safepoint    ] Application time: 0.3819966 seconds
[2019-12-09T03:05:05.200+0000][1][safepoint    ] Entering safepoint region: Deoptimize
[2019-12-09T03:05:05.200+0000][1][safepoint    ] Leaving safepoint region
[2019-12-09T03:05:05.200+0000][1][safepoint    ] Total time for which application threads were stopped: 0.0001598 seconds, Stopping threads took: 0.0000112 seconds
[2019-12-09T03:05:05.304+0000][1][safepoint    ] Application time: 0.1034448 seconds
[2019-12-09T03:05:05.304+0000][1][safepoint    ] Entering safepoint region: Deoptimize
[2019-12-09T03:05:05.304+0000][1][safepoint    ] Leaving safepoint region
[2019-12-09T03:05:05.304+0000][1][safepoint    ] Total time for which application threads were stopped: 0.0001671 seconds, Stopping threads took: 0.0000120 seconds
[2019-12-09T03:05:06.310+0000][1][safepoint    ] Application time: 1.0059901 seconds
[2019-12-09T03:05:06.310+0000][1][safepoint    ] Entering safepoint region: Cleanup
[2019-12-09T03:05:06.310+0000][1][safepoint    ] Leaving safepoint region
[2019-12-09T03:05:06.310+0000][1][safepoint    ] Total time for which application threads were stopped: 0.0001143 seconds, Stopping threads took: 0.0000706 seconds
[2019-12-09T03:05:07.312+0000][1][safepoint    ] Application time: 1.0018017 seconds
[2019-12-09T03:05:07.326+0000][1][safepoint    ] Entering safepoint region: Cleanup
[2019-12-09T03:05:07.326+0000][1][safepoint    ] Leaving safepoint region
[2019-12-09T03:05:07.326+0000][1][safepoint    ] Total time for which application threads were stopped: 0.0141060 seconds, Stopping threads took: 0.0140418 seconds
[2019-12-09T03:05:08.364+0000][1][safepoint    ] Application time: 1.0378535 seconds
[2019-12-09T03:05:08.364+0000][1][safepoint    ] Entering safepoint region: Cleanup
[2019-12-09T03:05:08.364+0000][1][safepoint    ] Leaving safepoint region
[2019-12-09T03:05:08.364+0000][1][safepoint    ] Total time for which application threads were stopped: 0.0000724 seconds, Stopping threads took: 0.0000133 seconds
[2019-12-09T03:05:08.717+0000][1][safepoint    ] Application time: 0.3529026 seconds
[2019-12-09T03:05:08.717+0000][1][safepoint    ] Entering safepoint region: Deoptimize
[2019-12-09T03:05:08.717+0000][1][safepoint    ] Leaving safepoint region
[2019-12-09T03:05:08.717+0000][1][safepoint    ] Total time for which application threads were stopped: 0.0002036 seconds, Stopping threads took: 0.0000119 seconds
[2019-12-09T03:05:09.735+0000][1][safepoint    ] Application time: 1.0177381 seconds
[2019-12-09T03:05:09.735+0000][1][safepoint    ] Entering safepoint region: Cleanup
[2019-12-09T03:05:09.735+0000][1][safepoint    ] Leaving safepoint region
[2019-12-09T03:05:09.735+0000][1][safepoint    ] Total time for which application threads were stopped: 0.0000516 seconds, Stopping threads took: 0.0000138 seconds
[2019-12-09T03:05:10.744+0000][1][safepoint    ] Application time: 1.0088990 seconds
[2019-12-09T03:05:10.744+0000][1][safepoint    ] Entering safepoint region: Cleanup
[2019-12-09T03:05:10.744+0000][1][safepoint    ] Leaving safepoint region
[2019-12-09T03:05:10.744+0000][1][safepoint    ] Total time for which application threads were stopped: 0.0001747 seconds, Stopping threads took: 0.0001243 seconds
[2019-12-09T03:05:11.487+0000][1][safepoint    ] Application time: 0.7428050 seconds
[2019-12-09T03:05:11.487+0000][1][safepoint    ] Entering safepoint region: Deoptimize
[2019-12-09T03:05:11.487+0000][1][safepoint    ] Leaving safepoint region
[2019-12-09T03:05:11.487+0000][1][safepoint    ] Total time for which application threads were stopped: 0.0002685 seconds, Stopping threads took: 0.0000123 seconds
[2019-12-09T03:05:12.266+0000][1][safepoint    ] Application time: 0.7786436 seconds
[2019-12-09T03:05:12.266+0000][1][safepoint    ] Entering safepoint region: Deoptimize
[2019-12-09T03:05:12.266+0000][1][safepoint    ] Leaving safepoint region
[2019-12-09T03:05:12.266+0000][1][safepoint    ] Total time for which application threads were stopped: 0.0002642 seconds, Stopping threads took: 0.0000119 seconds
[2019-12-09T03:05:12.282+0000][1][safepoint    ] Application time: 0.0156928 seconds
[2019-12-09T03:05:12.282+0000][1][safepoint    ] Entering safepoint region: Deoptimize
[2019-12-09T03:05:12.282+0000][1][safepoint    ] Leaving safepoint region
[2019-12-09T03:05:12.282+0000][1][safepoint    ] Total time for which application threads were stopped: 0.0002161 seconds, Stopping threads took: 0.0000115 seconds
[2019-12-09T03:05:12.525+0000][1][safepoint    ] Application time: 0.2428988 seconds
[2019-12-09T03:05:12.525+0000][1][safepoint    ] Entering safepoint region: Deoptimize
[2019-12-09T03:05:12.525+0000][1][safepoint    ] Leaving safepoint region
[2019-12-09T03:05:12.525+0000][1][safepoint    ] Total time for which application threads were stopped: 0.0002550 seconds, Stopping threads took: 0.0000107 seconds
[2019-12-09T03:05:12.638+0000][1][safepoint    ] Application time: 0.1126765 seconds
[2019-12-09T03:05:12.638+0000][1][safepoint    ] Entering safepoint region: RevokeBias
[2019-12-09T03:05:12.638+0000][1][safepoint    ] Leaving safepoint region
[2019-12-09T03:05:12.638+0000][1][safepoint    ] Total time for which application threads were stopped: 0.0000761 seconds, Stopping threads took: 0.0000133 seconds
[2019-12-09T03:05:12.649+0000][1][safepoint    ] Application time: 0.0107762 seconds
[2019-12-09T03:05:12.649+0000][1][safepoint    ] Entering safepoint region: RevokeBias
[2019-12-09T03:05:12.649+0000][1][safepoint    ] Leaving safepoint region
[2019-12-09T03:05:12.649+0000][1][safepoint    ] Total time for which application threads were stopped: 0.0000789 seconds, Stopping threads took: 0.0000141 seconds
[2019-12-09T03:05:12.649+0000][1][safepoint    ] Application time: 0.0000898 seconds
[2019-12-09T03:05:12.649+0000][1][safepoint    ] Entering safepoint region: RevokeBias
[2019-12-09T03:05:12.649+0000][1][safepoint    ] Leaving safepoint region
[2019-12-09T03:05:12.649+0000][1][safepoint    ] Total time for which application threads were stopped: 0.0000495 seconds, Stopping threads took: 0.0000083 seconds
[2019-12-09T03:05:12.649+0000][1][safepoint    ] Application time: 0.0001556 seconds
[2019-12-09T03:05:12.649+0000][1][safepoint    ] Entering safepoint region: RevokeBias
[2019-12-09T03:05:12.649+0000][1][safepoint    ] Leaving safepoint region
[2019-12-09T03:05:12.649+0000][1][safepoint    ] Total time for which application threads were stopped: 0.0000552 seconds, Stopping threads took: 0.0000094 seconds
[2019-12-09T03:05:13.652+0000][1][safepoint    ] Application time: 1.0024634 seconds
[2019-12-09T03:05:13.699+0000][1][safepoint    ] Entering safepoint region: Cleanup
[2019-12-09T03:05:13.699+0000][1][safepoint    ] Leaving safepoint region
[2019-12-09T03:05:13.699+0000][1][safepoint    ] Total time for which application threads were stopped: 0.0472783 seconds, Stopping threads took: 0.0472119 seconds
[2019-12-09T03:05:14.113+0000][1][safepoint    ] Application time: 0.4142625 seconds
[2019-12-09T03:05:14.113+0000][1][safepoint    ] Entering safepoint region: GenCollectForAllocation
[2019-12-09T03:05:14.113+0000][1][gc,start     ] GC(0) Pause Young (Allocation Failure)
[2019-12-09T03:05:14.131+0000][1][gc,task      ] GC(0) Using 2 workers of 2 for evacuation
[2019-12-09T03:05:14.264+0000][1][gc,age       ] GC(0) Desired survivor size 4456448 bytes, new threshold 1 (max threshold 6)
[2019-12-09T03:05:14.264+0000][1][gc,age       ] GC(0) Age table with threshold 1 (max threshold 6)
[2019-12-09T03:05:14.264+0000][1][gc,age       ] GC(0) - age   1:    6503744 bytes,    6503744 total
[2019-12-09T03:05:14.264+0000][1][gc,heap      ] GC(0) ParNew: 69952K->6399K(78656K)
[2019-12-09T03:05:14.264+0000][1][gc,heap      ] GC(0) CMS: 0K->0K(174784K)
[2019-12-09T03:05:14.264+0000][1][gc,metaspace ] GC(0) Metaspace: 12691K->12691K(1060864K)
[2019-12-09T03:05:14.264+0000][1][gc           ] GC(0) Pause Young (Allocation Failure) 68M->6M(247M) 150.702ms
[2019-12-09T03:05:14.264+0000][1][gc,cpu       ] GC(0) User=0.03s Sys=0.00s Real=0.15s
[2019-12-09T03:05:14.264+0000][1][safepoint    ] Leaving safepoint region
[2019-12-09T03:05:14.264+0000][1][safepoint    ] Total time for which application threads were stopped: 0.1508548 seconds, Stopping threads took: 0.0000134 seconds
[2019-12-09T03:05:14.274+0000][1][safepoint    ] Application time: 0.0096333 seconds
[2019-12-09T03:05:14.276+0000][1][safepoint    ] Entering safepoint region: RevokeBias
[2019-12-09T03:05:14.276+0000][1][safepoint    ] Leaving safepoint region
[2019-12-09T03:05:14.276+0000][1][safepoint    ] Total time for which application threads were stopped: 0.0019554 seconds, Stopping threads took: 0.0018584 seconds
[2019-12-09T03:05:14.276+0000][1][safepoint    ] Application time: 0.0001248 seconds
[2019-12-09T03:05:14.276+0000][1][safepoint    ] Entering safepoint region: RevokeBias
[2019-12-09T03:05:14.276+0000][1][safepoint    ] Leaving safepoint region
[2019-12-09T03:05:14.276+0000][1][safepoint    ] Total time for which application threads were stopped: 0.0000648 seconds, Stopping threads took: 0.0000173 seconds
[2019-12-09T03:05:14.276+0000][1][safepoint    ] Application time: 0.0000566 seconds
[2019-12-09T03:05:14.276+0000][1][safepoint    ] Entering safepoint region: RevokeBias
[2019-12-09T03:05:14.276+0000][1][safepoint    ] Leaving safepoint region
[2019-12-09T03:05:14.276+0000][1][safepoint    ] Total time for which application threads were stopped: 0.0000406 seconds, Stopping threads took: 0.0000067 seconds
[2019-12-09T03:05:14.276+0000][1][safepoint    ] Application time: 0.0000447 seconds
[2019-12-09T03:05:14.276+0000][1][safepoint    ] Entering safepoint region: RevokeBias
[2019-12-09T03:05:14.276+0000][1][safepoint    ] Leaving safepoint region
[2019-12-09T03:05:14.276+0000][1][safepoint    ] Total time for which application threads were stopped: 0.0000389 seconds, Stopping threads took: 0.0000070 seconds
[2019-12-09T03:05:14.276+0000][1][safepoint    ] Application time: 0.0000471 seconds
[2019-12-09T03:05:14.276+0000][1][safepoint    ] Entering safepoint region: RevokeBias
[2019-12-09T03:05:14.276+0000][1][safepoint    ] Leaving safepoint region
[2019-12-09T03:05:14.276+0000][1][safepoint    ] Total time for which application threads were stopped: 0.0000402 seconds, Stopping threads took: 0.0000065 seconds
[2019-12-09T03:05:14.276+0000][1][safepoint    ] Application time: 0.0000438 seconds
[2019-12-09T03:05:14.276+0000][1][safepoint    ] Entering safepoint region: RevokeBias
[2019-12-09T03:05:14.276+0000][1][safepoint    ] Leaving safepoint region
[2019-12-09T03:05:14.276+0000][1][safepoint    ] Total time for which application threads were stopped: 0.0000382 seconds, Stopping threads took: 0.0000064 seconds
[2019-12-09T03:05:14.277+0000][1][safepoint    ] Application time: 0.0000732 seconds
[2019-12-09T03:05:14.277+0000][1][safepoint    ] Entering safepoint region: RevokeBias
[2019-12-09T03:05:14.277+0000][1][safepoint    ] Leaving safepoint region
[2019-12-09T03:05:14.277+0000][1][safepoint    ] Total time for which application threads were stopped: 0.0000425 seconds, Stopping threads took: 0.0000068 seconds
[2019-12-09T03:05:14.277+0000][1][safepoint    ] Application time: 0.0000440 seconds
[2019-12-09T03:05:14.277+0000][1][safepoint    ] Entering safepoint region: RevokeBias
[2019-12-09T03:05:14.277+0000][1][safepoint    ] Leaving safepoint region
[2019-12-09T03:05:14.277+0000][1][safepoint    ] Total time for which application threads were stopped: 0.0000420 seconds, Stopping threads took: 0.0000065 seconds
[2019-12-09T03:05:14.277+0000][1][safepoint    ] Application time: 0.0000623 seconds
[2019-12-09T03:05:14.277+0000][1][safepoint    ] Entering safepoint region: RevokeBias
[2019-12-09T03:05:14.277+0000][1][safepoint    ] Leaving safepoint region
[2019-12-09T03:05:14.277+0000][1][safepoint    ] Total time for which application threads were stopped: 0.0000464 seconds, Stopping threads took: 0.0000071 seconds
[2019-12-09T03:05:14.277+0000][1][safepoint    ] Application time: 0.0000443 seconds
[2019-12-09T03:05:14.277+0000][1][safepoint    ] Entering safepoint region: RevokeBias
[2019-12-09T03:05:14.277+0000][1][safepoint    ] Leaving safepoint region
[2019-12-09T03:05:14.277+0000][1][safepoint    ] Total time for which application threads were stopped: 0.0000427 seconds, Stopping threads took: 0.0000072 seconds
[2019-12-09T03:05:14.277+0000][1][safepoint    ] Application time: 0.0000469 seconds
[2019-12-09T03:05:14.277+0000][1][safepoint    ] Entering safepoint region: RevokeBias
[2019-12-09T03:05:14.277+0000][1][safepoint    ] Leaving safepoint region
[2019-12-09T03:05:14.277+0000][1][safepoint    ] Total time for which application threads were stopped: 0.0000394 seconds, Stopping threads took: 0.0000064 seconds
[2019-12-09T03:05:14.277+0000][1][safepoint    ] Application time: 0.0000432 seconds
[2019-12-09T03:05:14.277+0000][1][safepoint    ] Entering safepoint region: RevokeBias
[2019-12-09T03:05:14.277+0000][1][safepoint    ] Leaving safepoint region
[2019-12-09T03:05:14.277+0000][1][safepoint    ] Total time for which application threads were stopped: 0.0000453 seconds, Stopping threads took: 0.0000118 seconds
[2019-12-09T03:05:14.277+0000][1][safepoint    ] Application time: 0.0000480 seconds
[2019-12-09T03:05:14.277+0000][1][safepoint    ] Entering safepoint region: RevokeBias
[2019-12-09T03:05:14.277+0000][1][safepoint    ] Leaving safepoint region
[2019-12-09T03:05:14.277+0000][1][safepoint    ] Total time for which application threads were stopped: 0.0000400 seconds, Stopping threads took: 0.0000071 seconds
[2019-12-09T03:05:14.277+0000][1][safepoint    ] Application time: 0.0000442 seconds
[2019-12-09T03:05:14.277+0000][1][safepoint    ] Entering safepoint region: RevokeBias
[2019-12-09T03:05:14.277+0000][1][safepoint    ] Leaving safepoint region
[2019-12-09T03:05:14.277+0000][1][safepoint    ] Total time for which application threads were stopped: 0.0000385 seconds, Stopping threads took: 0.0000066 seconds
[2019-12-09T03:05:14.277+0000][1][safepoint    ] Application time: 0.0000472 seconds
[2019-12-09T03:05:14.277+0000][1][safepoint    ] Entering safepoint region: RevokeBias
[2019-12-09T03:05:14.277+0000][1][safepoint    ] Leaving safepoint region
[2019-12-09T03:05:14.277+0000][1][safepoint    ] Total time for which application threads were stopped: 0.0000396 seconds, Stopping threads took: 0.0000071 seconds
[2019-12-09T03:05:14.277+0000][1][safepoint    ] Application time: 0.0000430 seconds
[2019-12-09T03:05:14.277+0000][1][safepoint    ] Entering safepoint region: RevokeBias
[2019-12-09T03:05:14.277+0000][1][safepoint    ] Leaving safepoint region
[2019-12-09T03:05:14.277+0000][1][safepoint    ] Total time for which application threads were stopped: 0.0000372 seconds, Stopping threads took: 0.0000064 seconds
[2019-12-09T03:05:14.278+0000][1][safepoint    ] Application time: 0.0000800 seconds
[2019-12-09T03:05:14.278+0000][1][safepoint    ] Entering safepoint region: RevokeBias
[2019-12-09T03:05:14.278+0000][1][safepoint    ] Leaving safepoint region
[2019-12-09T03:05:14.278+0000][1][safepoint    ] Total time for which application threads were stopped: 0.0000386 seconds, Stopping threads took: 0.0000064 seconds
[2019-12-09T03:05:14.278+0000][1][safepoint    ] Application time: 0.0000435 seconds
[2019-12-09T03:05:14.278+0000][1][safepoint    ] Entering safepoint region: RevokeBias
[2019-12-09T03:05:14.278+0000][1][safepoint    ] Leaving safepoint region
[2019-12-09T03:05:14.278+0000][1][safepoint    ] Total time for which application threads were stopped: 0.0000540 seconds, Stopping threads took: 0.0000215 seconds
[2019-12-09T03:05:14.278+0000][1][safepoint    ] Application time: 0.0000504 seconds
[2019-12-09T03:05:14.278+0000][1][safepoint    ] Entering safepoint region: RevokeBias
[2019-12-09T03:05:14.278+0000][1][safepoint    ] Leaving safepoint region
[2019-12-09T03:05:14.278+0000][1][safepoint    ] Total time for which application threads were stopped: 0.0000428 seconds, Stopping threads took: 0.0000065 seconds
[2019-12-09T03:05:14.278+0000][1][safepoint    ] Application time: 0.0000443 seconds
[2019-12-09T03:05:14.278+0000][1][safepoint    ] Entering safepoint region: RevokeBias
[2019-12-09T03:05:14.278+0000][1][safepoint    ] Leaving safepoint region
[2019-12-09T03:05:14.278+0000][1][safepoint    ] Total time for which application threads were stopped: 0.0000423 seconds, Stopping threads took: 0.0000070 seconds
[2019-12-09T03:05:14.278+0000][1][safepoint    ] Application time: 0.0002019 seconds
[2019-12-09T03:05:14.278+0000][1][safepoint    ] Entering safepoint region: RevokeBias
[2019-12-09T03:05:14.278+0000][1][safepoint    ] Leaving safepoint region
[2019-12-09T03:05:14.278+0000][1][safepoint    ] Total time for which application threads were stopped: 0.0000643 seconds, Stopping threads took: 0.0000086 seconds
[2019-12-09T03:05:14.278+0000][1][safepoint    ] Application time: 0.0000579 seconds
[2019-12-09T03:05:14.278+0000][1][safepoint    ] Entering safepoint region: RevokeBias
[2019-12-09T03:05:14.278+0000][1][safepoint    ] Leaving safepoint region
[2019-12-09T03:05:14.278+0000][1][safepoint    ] Total time for which application threads were stopped: 0.0000561 seconds, Stopping threads took: 0.0000138 seconds
[2019-12-09T03:05:14.279+0000][1][safepoint    ] Application time: 0.0001455 seconds
[2019-12-09T03:05:14.279+0000][1][safepoint    ] Entering safepoint region: RevokeBias
[2019-12-09T03:05:14.279+0000][1][safepoint    ] Leaving safepoint region
[2019-12-09T03:05:14.279+0000][1][safepoint    ] Total time for which application threads were stopped: 0.0000580 seconds, Stopping threads took: 0.0000090 seconds
[2019-12-09T03:05:14.279+0000][1][safepoint    ] Application time: 0.0000547 seconds
[2019-12-09T03:05:14.279+0000][1][safepoint    ] Entering safepoint region: RevokeBias
[2019-12-09T03:05:14.279+0000][1][safepoint    ] Leaving safepoint region
[2019-12-09T03:05:14.279+0000][1][safepoint    ] Total time for which application threads were stopped: 0.0000804 seconds, Stopping threads took: 0.0000082 seconds
[2019-12-09T03:05:14.279+0000][1][safepoint    ] Application time: 0.0000535 seconds
[2019-12-09T03:05:14.279+0000][1][safepoint    ] Entering safepoint region: RevokeBias
[2019-12-09T03:05:14.279+0000][1][safepoint    ] Leaving safepoint region
[2019-12-09T03:05:14.279+0000][1][safepoint    ] Total time for which application threads were stopped: 0.0000479 seconds, Stopping threads took: 0.0000077 seconds
[2019-12-09T03:05:14.279+0000][1][safepoint    ] Application time: 0.0000461 seconds
[2019-12-09T03:05:14.279+0000][1][safepoint    ] Entering safepoint region: RevokeBias
[2019-12-09T03:05:14.279+0000][1][safepoint    ] Leaving safepoint region
[2019-12-09T03:05:14.279+0000][1][safepoint    ] Total time for which application threads were stopped: 0.0000455 seconds, Stopping threads took: 0.0000072 seconds
[2019-12-09T03:05:14.279+0000][1][safepoint    ] Application time: 0.0000520 seconds
[2019-12-09T03:05:14.279+0000][1][safepoint    ] Entering safepoint region: RevokeBias
[2019-12-09T03:05:14.279+0000][1][safepoint    ] Leaving safepoint region
[2019-12-09T03:05:14.279+0000][1][safepoint    ] Total time for which application threads were stopped: 0.0000439 seconds, Stopping threads took: 0.0000070 seconds
[2019-12-09T03:05:14.279+0000][1][safepoint    ] Application time: 0.0000469 seconds
[2019-12-09T03:05:14.279+0000][1][safepoint    ] Entering safepoint region: RevokeBias
[2019-12-09T03:05:14.279+0000][1][safepoint    ] Leaving safepoint region
[2019-12-09T03:05:14.279+0000][1][safepoint    ] Total time for which application threads were stopped: 0.0000442 seconds, Stopping threads took: 0.0000071 seconds
[2019-12-09T03:05:14.279+0000][1][safepoint    ] Application time: 0.0001618 seconds
[2019-12-09T03:05:14.279+0000][1][safepoint    ] Entering safepoint region: RevokeBias
[2019-12-09T03:05:14.279+0000][1][safepoint    ] Leaving safepoint region
[2019-12-09T03:05:14.279+0000][1][safepoint    ] Total time for which application threads were stopped: 0.0000497 seconds, Stopping threads took: 0.0000073 seconds
[2019-12-09T03:05:14.279+0000][1][safepoint    ] Application time: 0.0000444 seconds
[2019-12-09T03:05:14.279+0000][1][safepoint    ] Entering safepoint region: RevokeBias
[2019-12-09T03:05:14.279+0000][1][safepoint    ] Leaving safepoint region
[2019-12-09T03:05:14.279+0000][1][safepoint    ] Total time for which application threads were stopped: 0.0000408 seconds, Stopping threads took: 0.0000064 seconds
[2019-12-09T03:05:15.381+0000][1][safepoint    ] Application time: 1.1012175 seconds
[2019-12-09T03:05:15.381+0000][1][safepoint    ] Entering safepoint region: Cleanup
[2019-12-09T03:05:15.381+0000][1][safepoint    ] Leaving safepoint region
[2019-12-09T03:05:15.381+0000][1][safepoint    ] Total time for which application threads were stopped: 0.0001510 seconds, Stopping threads took: 0.0000605 seconds
[2019-12-09T03:05:15.441+0000][1][safepoint    ] Application time: 0.0602444 seconds
[2019-12-09T03:05:15.441+0000][1][safepoint    ] Entering safepoint region: RevokeBias
[2019-12-09T03:05:15.441+0000][1][safepoint    ] Leaving safepoint region
[2019-12-09T03:05:15.441+0000][1][safepoint    ] Total time for which application threads were stopped: 0.0000637 seconds, Stopping threads took: 0.0000211 seconds
[2019-12-09T03:05:15.879+0000][1][safepoint    ] Application time: 0.4376724 seconds
[2019-12-09T03:05:15.879+0000][1][safepoint    ] Entering safepoint region: Deoptimize
[2019-12-09T03:05:15.879+0000][1][safepoint    ] Leaving safepoint region
[2019-12-09T03:05:15.879+0000][1][safepoint    ] Total time for which application threads were stopped: 0.0004096 seconds, Stopping threads took: 0.0000130 seconds
[2019-12-09T03:05:16.883+0000][1][safepoint    ] Application time: 1.0033971 seconds
[2019-12-09T03:05:16.925+0000][1][safepoint    ] Entering safepoint region: Cleanup
[2019-12-09T03:05:16.925+0000][1][safepoint    ] Leaving safepoint region
[2019-12-09T03:05:16.925+0000][1][safepoint    ] Total time for which application threads were stopped: 0.0420305 seconds, Stopping threads took: 0.0419300 seconds
[2019-12-09T03:05:16.933+0000][1][safepoint    ] Application time: 0.0078633 seconds
[2019-12-09T03:05:16.979+0000][1][safepoint    ] Entering safepoint region: RevokeBias
[2019-12-09T03:05:16.979+0000][1][safepoint    ] Leaving safepoint region
[2019-12-09T03:05:16.979+0000][1][safepoint    ] Total time for which application threads were stopped: 0.0465607 seconds, Stopping threads took: 0.0464860 seconds
[2019-12-09T03:05:17.983+0000][1][safepoint    ] Application time: 1.0032910 seconds
[2019-12-09T03:05:18.033+0000][1][safepoint    ] Entering safepoint region: Cleanup
[2019-12-09T03:05:18.033+0000][1][safepoint    ] Leaving safepoint region
[2019-12-09T03:05:18.033+0000][1][safepoint    ] Total time for which application threads were stopped: 0.0502249 seconds, Stopping threads took: 0.0501532 seconds
[2019-12-09T03:05:18.409+0000][1][safepoint    ] Application time: 0.3764593 seconds
[2019-12-09T03:05:18.409+0000][1][safepoint    ] Entering safepoint region: GenCollectForAllocation
[2019-12-09T03:05:18.409+0000][1][gc,start     ] GC(1) Pause Young (Allocation Failure)
[2019-12-09T03:05:18.409+0000][1][gc,task      ] GC(1) Using 2 workers of 2 for evacuation
[2019-12-09T03:05:18.623+0000][1][gc,age       ] GC(1) Desired survivor size 4456448 bytes, new threshold 6 (max threshold 6)
[2019-12-09T03:05:18.624+0000][1][gc,age       ] GC(1) Age table with threshold 6 (max threshold 6)
[2019-12-09T03:05:18.624+0000][1][gc,age       ] GC(1) - age   1:    1363776 bytes,    1363776 total
[2019-12-09T03:05:18.624+0000][1][gc,heap      ] GC(1) ParNew: 76351K->4083K(78656K)
[2019-12-09T03:05:18.624+0000][1][gc,heap      ] GC(1) CMS: 0K->6830K(174784K)
[2019-12-09T03:05:18.624+0000][1][gc,metaspace ] GC(1) Metaspace: 14791K->14791K(1062912K)
[2019-12-09T03:05:18.624+0000][1][gc           ] GC(1) Pause Young (Allocation Failure) 74M->10M(247M) 214.128ms
[2019-12-09T03:05:18.624+0000][1][gc,cpu       ] GC(1) User=0.06s Sys=0.00s Real=0.21s
[2019-12-09T03:05:18.624+0000][1][safepoint    ] Leaving safepoint region
[2019-12-09T03:05:18.624+0000][1][safepoint    ] Total time for which application threads were stopped: 0.2142779 seconds, Stopping threads took: 0.0000146 seconds
[2019-12-09T03:05:18.652+0000][1][safepoint    ] Application time: 0.0282714 seconds
[2019-12-09T03:05:18.700+0000][1][safepoint    ] Entering safepoint region: BulkRevokeBias
[2019-12-09T03:05:18.700+0000][1][safepoint    ] Leaving safepoint region
[2019-12-09T03:05:18.700+0000][1][safepoint    ] Total time for which application threads were stopped: 0.0482469 seconds, Stopping threads took: 0.0480506 seconds
[2019-12-09T03:05:18.700+0000][1][safepoint    ] Application time: 0.0001214 seconds
[2019-12-09T03:05:18.700+0000][1][safepoint    ] Entering safepoint region: RevokeBias
[2019-12-09T03:05:18.700+0000][1][safepoint    ] Leaving safepoint region
[2019-12-09T03:05:18.700+0000][1][safepoint    ] Total time for which application threads were stopped: 0.0000717 seconds, Stopping threads took: 0.0000090 seconds
[2019-12-09T03:05:18.700+0000][1][safepoint    ] Application time: 0.0000677 seconds
[2019-12-09T03:05:18.700+0000][1][safepoint    ] Entering safepoint region: RevokeBias
[2019-12-09T03:05:18.701+0000][1][safepoint    ] Leaving safepoint region
[2019-12-09T03:05:18.701+0000][1][safepoint    ] Total time for which application threads were stopped: 0.0000726 seconds, Stopping threads took: 0.0000079 seconds
[2019-12-09T03:05:18.701+0000][1][safepoint    ] Application time: 0.0000457 seconds
[2019-12-09T03:05:18.701+0000][1][safepoint    ] Entering safepoint region: RevokeBias
[2019-12-09T03:05:18.701+0000][1][safepoint    ] Leaving safepoint region
[2019-12-09T03:05:18.701+0000][1][safepoint    ] Total time for which application threads were stopped: 0.0000803 seconds, Stopping threads took: 0.0000075 seconds
[2019-12-09T03:05:18.701+0000][1][safepoint    ] Application time: 0.0000515 seconds
[2019-12-09T03:05:18.701+0000][1][safepoint    ] Entering safepoint region: RevokeBias
[2019-12-09T03:05:18.701+0000][1][safepoint    ] Leaving safepoint region
[2019-12-09T03:05:18.701+0000][1][safepoint    ] Total time for which application threads were stopped: 0.0000651 seconds, Stopping threads took: 0.0000070 seconds
[2019-12-09T03:05:18.701+0000][1][safepoint    ] Application time: 0.0000462 seconds
[2019-12-09T03:05:18.701+0000][1][safepoint    ] Entering safepoint region: RevokeBias
[2019-12-09T03:05:18.701+0000][1][safepoint    ] Leaving safepoint region
[2019-12-09T03:05:18.701+0000][1][safepoint    ] Total time for which application threads were stopped: 0.0000627 seconds, Stopping threads took: 0.0000073 seconds
[2019-12-09T03:05:18.701+0000][1][safepoint    ] Application time: 0.0000525 seconds
[2019-12-09T03:05:18.701+0000][1][safepoint    ] Entering safepoint region: BulkRevokeBias
[2019-12-09T03:05:18.701+0000][1][safepoint    ] Leaving safepoint region
[2019-12-09T03:05:18.701+0000][1][safepoint    ] Total time for which application threads were stopped: 0.0000896 seconds, Stopping threads took: 0.0000075 seconds
[2019-12-09T03:05:18.701+0000][1][safepoint    ] Application time: 0.0000474 seconds
[2019-12-09T03:05:18.701+0000][1][safepoint    ] Entering safepoint region: RevokeBias
[2019-12-09T03:05:18.701+0000][1][safepoint    ] Leaving safepoint region
[2019-12-09T03:05:18.701+0000][1][safepoint    ] Total time for which application threads were stopped: 0.0000653 seconds, Stopping threads took: 0.0000074 seconds
[2019-12-09T03:05:18.701+0000][1][safepoint    ] Application time: 0.0000499 seconds
[2019-12-09T03:05:18.701+0000][1][safepoint    ] Entering safepoint region: BulkRevokeBias
[2019-12-09T03:05:18.701+0000][1][safepoint    ] Leaving safepoint region
[2019-12-09T03:05:18.701+0000][1][safepoint    ] Total time for which application threads were stopped: 0.0000976 seconds, Stopping threads took: 0.0000068 seconds
[2019-12-09T03:05:18.997+0000][1][safepoint    ] Application time: 0.2951023 seconds
[2019-12-09T03:05:18.997+0000][1][safepoint    ] Entering safepoint region: RevokeBias
[2019-12-09T03:05:18.997+0000][1][safepoint    ] Leaving safepoint region
[2019-12-09T03:05:18.997+0000][1][safepoint    ] Total time for which application threads were stopped: 0.0001023 seconds, Stopping threads took: 0.0000139 seconds
[2019-12-09T03:05:19.049+0000][1][safepoint    ] Application time: 0.0521111 seconds
[2019-12-09T03:05:19.049+0000][1][safepoint    ] Entering safepoint region: RevokeBias
[2019-12-09T03:05:19.049+0000][1][safepoint    ] Leaving safepoint region
[2019-12-09T03:05:19.049+0000][1][safepoint    ] Total time for which application threads were stopped: 0.0000856 seconds, Stopping threads took: 0.0000135 seconds
[2019-12-09T03:05:19.289+0000][1][safepoint    ] Application time: 0.2397980 seconds
[2019-12-09T03:05:19.289+0000][1][safepoint    ] Entering safepoint region: RevokeBias
[2019-12-09T03:05:19.289+0000][1][safepoint    ] Leaving safepoint region
[2019-12-09T03:05:19.289+0000][1][safepoint    ] Total time for which application threads were stopped: 0.0001000 seconds, Stopping threads took: 0.0000139 seconds
[2019-12-09T03:05:19.313+0000][1][safepoint    ] Application time: 0.0241829 seconds
[2019-12-09T03:05:19.315+0000][1][safepoint    ] Entering safepoint region: RevokeBias
[2019-12-09T03:05:19.315+0000][1][safepoint    ] Leaving safepoint region
[2019-12-09T03:05:19.315+0000][1][safepoint    ] Total time for which application threads were stopped: 0.0017241 seconds, Stopping threads took: 0.0016492 seconds
[2019-12-09T03:05:19.717+0000][1][safepoint    ] Application time: 0.4025481 seconds
[2019-12-09T03:05:19.717+0000][1][safepoint    ] Entering safepoint region: RevokeBias
[2019-12-09T03:05:19.717+0000][1][safepoint    ] Leaving safepoint region
[2019-12-09T03:05:19.717+0000][1][safepoint    ] Total time for which application threads were stopped: 0.0000918 seconds, Stopping threads took: 0.0000133 seconds
[2019-12-09T03:05:19.773+0000][1][safepoint    ] Application time: 0.0557304 seconds
[2019-12-09T03:05:19.773+0000][1][safepoint    ] Entering safepoint region: GenCollectForAllocation
[2019-12-09T03:05:19.773+0000][1][gc,start     ] GC(2) Pause Young (Allocation Failure)
[2019-12-09T03:05:19.773+0000][1][gc,task      ] GC(2) Using 2 workers of 2 for evacuation
[2019-12-09T03:05:19.895+0000][1][gc,age       ] GC(2) Desired survivor size 4456448 bytes, new threshold 6 (max threshold 6)
[2019-12-09T03:05:19.895+0000][1][gc,age       ] GC(2) Age table with threshold 6 (max threshold 6)
[2019-12-09T03:05:19.895+0000][1][gc,age       ] GC(2) - age   1:     652592 bytes,     652592 total
[2019-12-09T03:05:19.895+0000][1][gc,age       ] GC(2) - age   2:    1102768 bytes,    1755360 total
[2019-12-09T03:05:19.895+0000][1][gc,heap      ] GC(2) ParNew: 74035K->2707K(78656K)
[2019-12-09T03:05:19.895+0000][1][gc,heap      ] GC(2) CMS: 6830K->6830K(174784K)
[2019-12-09T03:05:19.895+0000][1][gc,metaspace ] GC(2) Metaspace: 14891K->14891K(1062912K)
[2019-12-09T03:05:19.895+0000][1][gc           ] GC(2) Pause Young (Allocation Failure) 78M->9M(247M) 121.901ms
[2019-12-09T03:05:19.895+0000][1][gc,cpu       ] GC(2) User=0.02s Sys=0.00s Real=0.13s
[2019-12-09T03:05:19.895+0000][1][safepoint    ] Leaving safepoint region
[2019-12-09T03:05:19.895+0000][1][safepoint    ] Total time for which application threads were stopped: 0.1220401 seconds, Stopping threads took: 0.0000131 seconds
[2019-12-09T03:05:19.902+0000][1][safepoint    ] Application time: 0.0062964 seconds
[2019-12-09T03:05:19.902+0000][1][safepoint    ] Entering safepoint region: RevokeBias
[2019-12-09T03:05:19.902+0000][1][safepoint    ] Leaving safepoint region
[2019-12-09T03:05:19.902+0000][1][safepoint    ] Total time for which application threads were stopped: 0.0000933 seconds, Stopping threads took: 0.0000107 seconds
[2019-12-09T03:05:19.904+0000][1][safepoint    ] Application time: 0.0020965 seconds
[2019-12-09T03:05:19.904+0000][1][safepoint    ] Entering safepoint region: RevokeBias
[2019-12-09T03:05:19.904+0000][1][safepoint    ] Leaving safepoint region
[2019-12-09T03:05:19.904+0000][1][safepoint    ] Total time for which application threads were stopped: 0.0000724 seconds, Stopping threads took: 0.0000119 seconds
[2019-12-09T03:05:19.912+0000][1][safepoint    ] Application time: 0.0079571 seconds
[2019-12-09T03:05:19.912+0000][1][safepoint    ] Entering safepoint region: RevokeBias
[2019-12-09T03:05:19.912+0000][1][safepoint    ] Leaving safepoint region
[2019-12-09T03:05:19.912+0000][1][safepoint    ] Total time for which application threads were stopped: 0.0001046 seconds, Stopping threads took: 0.0000118 seconds
[2019-12-09T03:05:19.912+0000][1][safepoint    ] Application time: 0.0000675 seconds
[2019-12-09T03:05:19.912+0000][1][safepoint    ] Entering safepoint region: RevokeBias
[2019-12-09T03:05:19.912+0000][1][safepoint    ] Leaving safepoint region
[2019-12-09T03:05:19.912+0000][1][safepoint    ] Total time for which application threads were stopped: 0.0000697 seconds, Stopping threads took: 0.0000089 seconds
[2019-12-09T03:05:19.912+0000][1][safepoint    ] Application time: 0.0000629 seconds
[2019-12-09T03:05:19.912+0000][1][safepoint    ] Entering safepoint region: RevokeBias
[2019-12-09T03:05:19.912+0000][1][safepoint    ] Leaving safepoint region
[2019-12-09T03:05:19.912+0000][1][safepoint    ] Total time for which application threads were stopped: 0.0000735 seconds, Stopping threads took: 0.0000181 seconds
[2019-12-09T03:05:19.912+0000][1][safepoint    ] Application time: 0.0000533 seconds
[2019-12-09T03:05:19.912+0000][1][safepoint    ] Entering safepoint region: RevokeBias
[2019-12-09T03:05:19.912+0000][1][safepoint    ] Leaving safepoint region
[2019-12-09T03:05:19.912+0000][1][safepoint    ] Total time for which application threads were stopped: 0.0000596 seconds, Stopping threads took: 0.0000083 seconds
[2019-12-09T03:05:19.913+0000][1][safepoint    ] Application time: 0.0000563 seconds
[2019-12-09T03:05:19.913+0000][1][safepoint    ] Entering safepoint region: RevokeBias
[2019-12-09T03:05:19.913+0000][1][safepoint    ] Leaving safepoint region
[2019-12-09T03:05:19.913+0000][1][safepoint    ] Total time for which application threads were stopped: 0.0000592 seconds, Stopping threads took: 0.0000080 seconds
[2019-12-09T03:05:19.913+0000][1][safepoint    ] Application time: 0.0000525 seconds
[2019-12-09T03:05:19.913+0000][1][safepoint    ] Entering safepoint region: RevokeBias
[2019-12-09T03:05:19.913+0000][1][safepoint    ] Leaving safepoint region
[2019-12-09T03:05:19.913+0000][1][safepoint    ] Total time for which application threads were stopped: 0.0000788 seconds, Stopping threads took: 0.0000079 seconds
[2019-12-09T03:05:19.913+0000][1][safepoint    ] Application time: 0.0000590 seconds
[2019-12-09T03:05:19.913+0000][1][safepoint    ] Entering safepoint region: RevokeBias
[2019-12-09T03:05:19.913+0000][1][safepoint    ] Leaving safepoint region
[2019-12-09T03:05:19.913+0000][1][safepoint    ] Total time for which application threads were stopped: 0.0000648 seconds, Stopping threads took: 0.0000086 seconds
[2019-12-09T03:05:19.913+0000][1][safepoint    ] Application time: 0.0000520 seconds
[2019-12-09T03:05:19.913+0000][1][safepoint    ] Entering safepoint region: RevokeBias
[2019-12-09T03:05:19.913+0000][1][safepoint    ] Leaving safepoint region
[2019-12-09T03:05:19.913+0000][1][safepoint    ] Total time for which application threads were stopped: 0.0000599 seconds, Stopping threads took: 0.0000080 seconds
[2019-12-09T03:05:19.913+0000][1][safepoint    ] Application time: 0.0000560 seconds
[2019-12-09T03:05:19.913+0000][1][safepoint    ] Entering safepoint region: RevokeBias
[2019-12-09T03:05:19.913+0000][1][safepoint    ] Leaving safepoint region
[2019-12-09T03:05:19.913+0000][1][safepoint    ] Total time for which application threads were stopped: 0.0000589 seconds, Stopping threads took: 0.0000081 seconds
[2019-12-09T03:05:19.913+0000][1][safepoint    ] Application time: 0.0000509 seconds
[2019-12-09T03:05:19.913+0000][1][safepoint    ] Entering safepoint region: RevokeBias
[2019-12-09T03:05:19.913+0000][1][safepoint    ] Leaving safepoint region
[2019-12-09T03:05:19.913+0000][1][safepoint    ] Total time for which application threads were stopped: 0.0000591 seconds, Stopping threads took: 0.0000086 seconds
[2019-12-09T03:05:19.913+0000][1][safepoint    ] Application time: 0.0000579 seconds
[2019-12-09T03:05:19.913+0000][1][safepoint    ] Entering safepoint region: RevokeBias
[2019-12-09T03:05:19.913+0000][1][safepoint    ] Leaving safepoint region
[2019-12-09T03:05:19.913+0000][1][safepoint    ] Total time for which application threads were stopped: 0.0000633 seconds, Stopping threads took: 0.0000085 seconds
[2019-12-09T03:05:19.913+0000][1][safepoint    ] Application time: 0.0000521 seconds
[2019-12-09T03:05:19.913+0000][1][safepoint    ] Entering safepoint region: RevokeBias
[2019-12-09T03:05:19.914+0000][1][safepoint    ] Leaving safepoint region
[2019-12-09T03:05:19.914+0000][1][safepoint    ] Total time for which application threads were stopped: 0.0000646 seconds, Stopping threads took: 0.0000082 seconds
[2019-12-09T03:05:20.090+0000][1][safepoint    ] Application time: 0.1761717 seconds
[2019-12-09T03:05:20.090+0000][1][safepoint    ] Entering safepoint region: RevokeBias
[2019-12-09T03:05:20.090+0000][1][safepoint    ] Leaving safepoint region
[2019-12-09T03:05:20.090+0000][1][safepoint    ] Total time for which application threads were stopped: 0.0001058 seconds, Stopping threads took: 0.0000267 seconds
[2019-12-09T03:05:20.900+0000][1][safepoint    ] Application time: 0.8096871 seconds
[2019-12-09T03:05:20.900+0000][1][safepoint    ] Entering safepoint region: Deoptimize
[2019-12-09T03:05:20.900+0000][1][safepoint    ] Leaving safepoint region
[2019-12-09T03:05:20.900+0000][1][safepoint    ] Total time for which application threads were stopped: 0.0004395 seconds, Stopping threads took: 0.0000138 seconds
[2019-12-09T03:05:20.901+0000][1][safepoint    ] Application time: 0.0004989 seconds
[2019-12-09T03:05:20.901+0000][1][safepoint    ] Entering safepoint region: Deoptimize
[2019-12-09T03:05:20.901+0000][1][safepoint    ] Leaving safepoint region
[2019-12-09T03:05:20.901+0000][1][safepoint    ] Total time for which application threads were stopped: 0.0003198 seconds, Stopping threads took: 0.0000118 seconds
[2019-12-09T03:05:21.907+0000][1][safepoint    ] Application time: 1.0058218 seconds
[2019-12-09T03:05:21.993+0000][1][safepoint    ] Entering safepoint region: Cleanup
[2019-12-09T03:05:21.993+0000][1][safepoint    ] Leaving safepoint region
[2019-12-09T03:05:21.993+0000][1][safepoint    ] Total time for which application threads were stopped: 0.0859239 seconds, Stopping threads took: 0.0858386 seconds
[2019-12-09T03:05:22.652+0000][1][safepoint    ] Application time: 0.6590146 seconds
[2019-12-09T03:05:22.652+0000][1][safepoint    ] Entering safepoint region: RevokeBias
[2019-12-09T03:05:22.652+0000][1][safepoint    ] Leaving safepoint region
[2019-12-09T03:05:22.652+0000][1][safepoint    ] Total time for which application threads were stopped: 0.0001230 seconds, Stopping threads took: 0.0000146 seconds
[2019-12-09T03:05:22.736+0000][1][safepoint    ] Application time: 0.0845856 seconds
[2019-12-09T03:05:22.737+0000][1][safepoint    ] Entering safepoint region: RevokeBias
[2019-12-09T03:05:22.737+0000][1][safepoint    ] Leaving safepoint region
[2019-12-09T03:05:22.737+0000][1][safepoint    ] Total time for which application threads were stopped: 0.0001505 seconds, Stopping threads took: 0.0000135 seconds
[2019-12-09T03:05:23.295+0000][1][safepoint    ] Application time: 0.5588177 seconds
[2019-12-09T03:05:23.296+0000][1][safepoint    ] Entering safepoint region: GenCollectForAllocation
[2019-12-09T03:05:23.296+0000][1][gc,start     ] GC(3) Pause Young (Allocation Failure)
[2019-12-09T03:05:23.296+0000][1][gc,task      ] GC(3) Using 2 workers of 2 for evacuation
[2019-12-09T03:05:23.432+0000][1][gc,age       ] GC(3) Desired survivor size 4456448 bytes, new threshold 3 (max threshold 6)
[2019-12-09T03:05:23.432+0000][1][gc,age       ] GC(3) Age table with threshold 3 (max threshold 6)
[2019-12-09T03:05:23.432+0000][1][gc,age       ] GC(3) - age   1:    3662872 bytes,    3662872 total
[2019-12-09T03:05:23.432+0000][1][gc,age       ] GC(3) - age   2:     638232 bytes,    4301104 total
[2019-12-09T03:05:23.432+0000][1][gc,age       ] GC(3) - age   3:    1100464 bytes,    5401568 total
[2019-12-09T03:05:23.432+0000][1][gc,heap      ] GC(3) ParNew: 72659K->5803K(78656K)
[2019-12-09T03:05:23.432+0000][1][gc,heap      ] GC(3) CMS: 6830K->6830K(174784K)
[2019-12-09T03:05:23.432+0000][1][gc,metaspace ] GC(3) Metaspace: 18414K->18414K(1067008K)
[2019-12-09T03:05:23.432+0000][1][gc           ] GC(3) Pause Young (Allocation Failure) 77M->12M(247M) 136.374ms
[2019-12-09T03:05:23.432+0000][1][gc,cpu       ] GC(3) User=0.03s Sys=0.00s Real=0.13s
[2019-12-09T03:05:23.432+0000][1][safepoint    ] Leaving safepoint region
[2019-12-09T03:05:23.432+0000][1][safepoint    ] Total time for which application threads were stopped: 0.1365030 seconds, Stopping threads took: 0.0000141 seconds
[2019-12-09T03:05:23.434+0000][1][safepoint    ] Application time: 0.0018613 seconds
[2019-12-09T03:05:23.513+0000][1][safepoint    ] Entering safepoint region: BulkRevokeBias
[2019-12-09T03:05:23.513+0000][1][safepoint    ] Leaving safepoint region
[2019-12-09T03:05:23.513+0000][1][safepoint    ] Total time for which application threads were stopped: 0.0795458 seconds, Stopping threads took: 0.0794061 seconds
[2019-12-09T03:05:23.514+0000][1][safepoint    ] Application time: 0.0000917 seconds
[2019-12-09T03:05:23.514+0000][1][safepoint    ] Entering safepoint region: RevokeBias
[2019-12-09T03:05:23.514+0000][1][safepoint    ] Leaving safepoint region
[2019-12-09T03:05:23.514+0000][1][safepoint    ] Total time for which application threads were stopped: 0.0000508 seconds, Stopping threads took: 0.0000082 seconds
[2019-12-09T03:05:23.514+0000][1][safepoint    ] Application time: 0.0000732 seconds
[2019-12-09T03:05:23.514+0000][1][safepoint    ] Entering safepoint region: RevokeBias
[2019-12-09T03:05:23.514+0000][1][safepoint    ] Leaving safepoint region
[2019-12-09T03:05:23.514+0000][1][safepoint    ] Total time for which application threads were stopped: 0.0000429 seconds, Stopping threads took: 0.0000068 seconds
[2019-12-09T03:05:23.514+0000][1][safepoint    ] Application time: 0.0000456 seconds
[2019-12-09T03:05:23.514+0000][1][safepoint    ] Entering safepoint region: RevokeBias
[2019-12-09T03:05:23.514+0000][1][safepoint    ] Leaving safepoint region
[2019-12-09T03:05:23.514+0000][1][safepoint    ] Total time for which application threads were stopped: 0.0000423 seconds, Stopping threads took: 0.0000070 seconds
[2019-12-09T03:05:23.514+0000][1][safepoint    ] Application time: 0.0000506 seconds
[2019-12-09T03:05:23.514+0000][1][safepoint    ] Entering safepoint region: RevokeBias
[2019-12-09T03:05:23.514+0000][1][safepoint    ] Leaving safepoint region
[2019-12-09T03:05:23.514+0000][1][safepoint    ] Total time for which application threads were stopped: 0.0000428 seconds, Stopping threads took: 0.0000065 seconds
[2019-12-09T03:05:23.514+0000][1][safepoint    ] Application time: 0.0000528 seconds
[2019-12-09T03:05:23.514+0000][1][safepoint    ] Entering safepoint region: RevokeBias
[2019-12-09T03:05:23.514+0000][1][safepoint    ] Leaving safepoint region
[2019-12-09T03:05:23.514+0000][1][safepoint    ] Total time for which application threads were stopped: 0.0000405 seconds, Stopping threads took: 0.0000068 seconds
[2019-12-09T03:05:23.514+0000][1][safepoint    ] Application time: 0.0000595 seconds
[2019-12-09T03:05:23.514+0000][1][safepoint    ] Entering safepoint region: RevokeBias
[2019-12-09T03:05:23.514+0000][1][safepoint    ] Leaving safepoint region
[2019-12-09T03:05:23.514+0000][1][safepoint    ] Total time for which application threads were stopped: 0.0000378 seconds, Stopping threads took: 0.0000058 seconds
[2019-12-09T03:05:23.514+0000][1][safepoint    ] Application time: 0.0000445 seconds
[2019-12-09T03:05:23.514+0000][1][safepoint    ] Entering safepoint region: RevokeBias
[2019-12-09T03:05:23.514+0000][1][safepoint    ] Leaving safepoint region
[2019-12-09T03:05:23.514+0000][1][safepoint    ] Total time for which application threads were stopped: 0.0000409 seconds, Stopping threads took: 0.0000065 seconds
[2019-12-09T03:05:23.514+0000][1][safepoint    ] Application time: 0.0000483 seconds
[2019-12-09T03:05:23.514+0000][1][safepoint    ] Entering safepoint region: RevokeBias
[2019-12-09T03:05:23.514+0000][1][safepoint    ] Leaving safepoint region
[2019-12-09T03:05:23.514+0000][1][safepoint    ] Total time for which application threads were stopped: 0.0000416 seconds, Stopping threads took: 0.0000065 seconds
[2019-12-09T03:05:23.515+0000][1][safepoint    ] Application time: 0.0001554 seconds
[2019-12-09T03:05:23.515+0000][1][safepoint    ] Entering safepoint region: RevokeBias
[2019-12-09T03:05:23.515+0000][1][safepoint    ] Leaving safepoint region
[2019-12-09T03:05:23.515+0000][1][safepoint    ] Total time for which application threads were stopped: 0.0000555 seconds, Stopping threads took: 0.0000089 seconds
[2019-12-09T03:05:23.515+0000][1][safepoint    ] Application time: 0.0000473 seconds
[2019-12-09T03:05:23.515+0000][1][safepoint    ] Entering safepoint region: RevokeBias
[2019-12-09T03:05:23.515+0000][1][safepoint    ] Leaving safepoint region
[2019-12-09T03:05:23.515+0000][1][safepoint    ] Total time for which application threads were stopped: 0.0000723 seconds, Stopping threads took: 0.0000290 seconds
[2019-12-09T03:05:23.515+0000][1][safepoint    ] Application time: 0.0000542 seconds
[2019-12-09T03:05:23.515+0000][1][safepoint    ] Entering safepoint region: RevokeBias
[2019-12-09T03:05:23.515+0000][1][safepoint    ] Leaving safepoint region
[2019-12-09T03:05:23.515+0000][1][safepoint    ] Total time for which application threads were stopped: 0.0000496 seconds, Stopping threads took: 0.0000070 seconds
[2019-12-09T03:05:23.515+0000][1][safepoint    ] Application time: 0.0000461 seconds
[2019-12-09T03:05:23.515+0000][1][safepoint    ] Entering safepoint region: RevokeBias
[2019-12-09T03:05:23.515+0000][1][safepoint    ] Leaving safepoint region
[2019-12-09T03:05:23.515+0000][1][safepoint    ] Total time for which application threads were stopped: 0.0000468 seconds, Stopping threads took: 0.0000069 seconds
[2019-12-09T03:05:23.552+0000][1][safepoint    ] Application time: 0.0367986 seconds
[2019-12-09T03:05:23.627+0000][1][safepoint    ] Entering safepoint region: RevokeBias
[2019-12-09T03:05:23.627+0000][1][safepoint    ] Leaving safepoint region
[2019-12-09T03:05:23.627+0000][1][safepoint    ] Total time for which application threads were stopped: 0.0751512 seconds, Stopping threads took: 0.0749924 seconds
[2019-12-09T03:05:23.746+0000][1][safepoint    ] Application time: 0.1187400 seconds
[2019-12-09T03:05:23.746+0000][1][safepoint    ] Entering safepoint region: RevokeBias
[2019-12-09T03:05:23.746+0000][1][safepoint    ] Leaving safepoint region
[2019-12-09T03:05:23.746+0000][1][safepoint    ] Total time for which application threads were stopped: 0.0001752 seconds, Stopping threads took: 0.0000148 seconds
[2019-12-09T03:05:23.772+0000][1][safepoint    ] Application time: 0.0264736 seconds
[2019-12-09T03:05:23.772+0000][1][safepoint    ] Entering safepoint region: RevokeBias
[2019-12-09T03:05:23.773+0000][1][safepoint    ] Leaving safepoint region
[2019-12-09T03:05:23.773+0000][1][safepoint    ] Total time for which application threads were stopped: 0.0000843 seconds, Stopping threads took: 0.0000135 seconds
[2019-12-09T03:05:23.795+0000][1][safepoint    ] Application time: 0.0221770 seconds
[2019-12-09T03:05:23.795+0000][1][safepoint    ] Entering safepoint region: RevokeBias
[2019-12-09T03:05:23.795+0000][1][safepoint    ] Leaving safepoint region
[2019-12-09T03:05:23.795+0000][1][safepoint    ] Total time for which application threads were stopped: 0.0001583 seconds, Stopping threads took: 0.0000136 seconds
[2019-12-09T03:05:24.142+0000][1][safepoint    ] Application time: 0.3474474 seconds
[2019-12-09T03:05:24.142+0000][1][safepoint    ] Entering safepoint region: RevokeBias
[2019-12-09T03:05:24.143+0000][1][safepoint    ] Leaving safepoint region
[2019-12-09T03:05:24.143+0000][1][safepoint    ] Total time for which application threads were stopped: 0.0001580 seconds, Stopping threads took: 0.0000135 seconds
[2019-12-09T03:05:24.149+0000][1][safepoint    ] Application time: 0.0066305 seconds
[2019-12-09T03:05:24.149+0000][1][safepoint    ] Entering safepoint region: RevokeBias
[2019-12-09T03:05:24.149+0000][1][safepoint    ] Leaving safepoint region
[2019-12-09T03:05:24.149+0000][1][safepoint    ] Total time for which application threads were stopped: 0.0001397 seconds, Stopping threads took: 0.0000122 seconds
[2019-12-09T03:05:24.531+0000][1][safepoint    ] Application time: 0.3813287 seconds
[2019-12-09T03:05:24.531+0000][1][safepoint    ] Entering safepoint region: GenCollectForAllocation
[2019-12-09T03:05:24.531+0000][1][gc,start     ] GC(4) Pause Young (Allocation Failure)
[2019-12-09T03:05:24.531+0000][1][gc,task      ] GC(4) Using 2 workers of 2 for evacuation
[2019-12-09T03:05:24.672+0000][1][gc,age       ] GC(4) Desired survivor size 4456448 bytes, new threshold 2 (max threshold 6)
[2019-12-09T03:05:24.672+0000][1][gc,age       ] GC(4) Age table with threshold 2 (max threshold 6)
[2019-12-09T03:05:24.672+0000][1][gc,age       ] GC(4) - age   1:    1932784 bytes,    1932784 total
[2019-12-09T03:05:24.672+0000][1][gc,age       ] GC(4) - age   2:    3100384 bytes,    5033168 total
[2019-12-09T03:05:24.672+0000][1][gc,age       ] GC(4) - age   3:     637968 bytes,    5671136 total
[2019-12-09T03:05:24.672+0000][1][gc,heap      ] GC(4) ParNew: 75755K->8545K(78656K)
[2019-12-09T03:05:24.672+0000][1][gc,heap      ] GC(4) CMS: 6830K->7919K(174784K)
[2019-12-09T03:05:24.672+0000][1][gc,metaspace ] GC(4) Metaspace: 18618K->18618K(1067008K)
[2019-12-09T03:05:24.672+0000][1][gc           ] GC(4) Pause Young (Allocation Failure) 80M->16M(247M) 141.328ms
[2019-12-09T03:05:24.672+0000][1][gc,cpu       ] GC(4) User=0.02s Sys=0.00s Real=0.14s
[2019-12-09T03:05:24.672+0000][1][safepoint    ] Leaving safepoint region
[2019-12-09T03:05:24.672+0000][1][safepoint    ] Total time for which application threads were stopped: 0.1414701 seconds, Stopping threads took: 0.0000138 seconds
[2019-12-09T03:05:24.679+0000][1][safepoint    ] Application time: 0.0065206 seconds
[2019-12-09T03:05:24.682+0000][1][safepoint    ] Entering safepoint region: RevokeBias
[2019-12-09T03:05:24.682+0000][1][safepoint    ] Leaving safepoint region
[2019-12-09T03:05:24.682+0000][1][safepoint    ] Total time for which application threads were stopped: 0.0031111 seconds, Stopping threads took: 0.0030178 seconds
[2019-12-09T03:05:24.686+0000][1][safepoint    ] Application time: 0.0038088 seconds
[2019-12-09T03:05:24.686+0000][1][safepoint    ] Entering safepoint region: RevokeBias
[2019-12-09T03:05:24.686+0000][1][safepoint    ] Leaving safepoint region
[2019-12-09T03:05:24.686+0000][1][safepoint    ] Total time for which application threads were stopped: 0.0000853 seconds, Stopping threads took: 0.0000096 seconds
[2019-12-09T03:05:24.690+0000][1][safepoint    ] Application time: 0.0038870 seconds
[2019-12-09T03:05:24.712+0000][1][safepoint    ] Entering safepoint region: RevokeBias
[2019-12-09T03:05:24.712+0000][1][safepoint    ] Leaving safepoint region
[2019-12-09T03:05:24.712+0000][1][safepoint    ] Total time for which application threads were stopped: 0.0224515 seconds, Stopping threads took: 0.0223268 seconds
[2019-12-09T03:05:24.720+0000][1][safepoint    ] Application time: 0.0081856 seconds
[2019-12-09T03:05:24.720+0000][1][safepoint    ] Entering safepoint region: RevokeBias
[2019-12-09T03:05:24.720+0000][1][safepoint    ] Leaving safepoint region
[2019-12-09T03:05:24.720+0000][1][safepoint    ] Total time for which application threads were stopped: 0.0000797 seconds, Stopping threads took: 0.0000120 seconds
[2019-12-09T03:05:24.723+0000][1][safepoint    ] Application time: 0.0025970 seconds
[2019-12-09T03:05:24.723+0000][1][safepoint    ] Entering safepoint region: RevokeBias
[2019-12-09T03:05:24.723+0000][1][safepoint    ] Leaving safepoint region
[2019-12-09T03:05:24.723+0000][1][safepoint    ] Total time for which application threads were stopped: 0.0000651 seconds, Stopping threads took: 0.0000103 seconds
[2019-12-09T03:05:24.724+0000][1][safepoint    ] Application time: 0.0011489 seconds
[2019-12-09T03:05:24.724+0000][1][safepoint    ] Entering safepoint region: RevokeBias
[2019-12-09T03:05:24.724+0000][1][safepoint    ] Leaving safepoint region
[2019-12-09T03:05:24.724+0000][1][safepoint    ] Total time for which application threads were stopped: 0.0000735 seconds, Stopping threads took: 0.0000111 seconds
[2019-12-09T03:05:24.747+0000][1][safepoint    ] Application time: 0.0226148 seconds
[2019-12-09T03:05:24.747+0000][1][safepoint    ] Entering safepoint region: Deoptimize
[2019-12-09T03:05:24.747+0000][1][safepoint    ] Leaving safepoint region
[2019-12-09T03:05:24.747+0000][1][safepoint    ] Total time for which application threads were stopped: 0.0003824 seconds, Stopping threads took: 0.0000106 seconds
[2019-12-09T03:05:25.151+0000][1][safepoint    ] Application time: 0.4030727 seconds
[2019-12-09T03:05:25.151+0000][1][safepoint    ] Entering safepoint region: Deoptimize
[2019-12-09T03:05:25.151+0000][1][safepoint    ] Leaving safepoint region
[2019-12-09T03:05:25.151+0000][1][safepoint    ] Total time for which application threads were stopped: 0.0004416 seconds, Stopping threads took: 0.0000142 seconds
[2019-12-09T03:05:25.185+0000][1][safepoint    ] Application time: 0.0343655 seconds
[2019-12-09T03:05:25.185+0000][1][safepoint    ] Entering safepoint region: RevokeBias
[2019-12-09T03:05:25.185+0000][1][safepoint    ] Leaving safepoint region
[2019-12-09T03:05:25.185+0000][1][safepoint    ] Total time for which application threads were stopped: 0.0000797 seconds, Stopping threads took: 0.0000138 seconds
[2019-12-09T03:05:25.731+0000][1][safepoint    ] Application time: 0.5452053 seconds
[2019-12-09T03:05:25.731+0000][1][safepoint    ] Entering safepoint region: RevokeBias
[2019-12-09T03:05:25.731+0000][1][safepoint    ] Leaving safepoint region
[2019-12-09T03:05:25.731+0000][1][safepoint    ] Total time for which application threads were stopped: 0.0000759 seconds, Stopping threads took: 0.0000128 seconds
[2019-12-09T03:05:26.050+0000][1][safepoint    ] Application time: 0.3186746 seconds
[2019-12-09T03:05:26.050+0000][1][safepoint    ] Entering safepoint region: GenCollectForAllocation
[2019-12-09T03:05:26.050+0000][1][gc,start     ] GC(5) Pause Young (Allocation Failure)
[2019-12-09T03:05:26.050+0000][1][gc,task      ] GC(5) Using 2 workers of 2 for evacuation
[2019-12-09T03:05:26.181+0000][1][gc,age       ] GC(5) Desired survivor size 4456448 bytes, new threshold 6 (max threshold 6)
[2019-12-09T03:05:26.181+0000][1][gc,age       ] GC(5) Age table with threshold 6 (max threshold 6)
[2019-12-09T03:05:26.181+0000][1][gc,age       ] GC(5) - age   1:    2858768 bytes,    2858768 total
[2019-12-09T03:05:26.181+0000][1][gc,age       ] GC(5) - age   2:     442624 bytes,    3301392 total
[2019-12-09T03:05:26.182+0000][1][gc,heap      ] GC(5) ParNew: 78497K->5221K(78656K)
[2019-12-09T03:05:26.182+0000][1][gc,heap      ] GC(5) CMS: 7919K->11600K(174784K)
[2019-12-09T03:05:26.182+0000][1][gc,metaspace ] GC(5) Metaspace: 18954K->18954K(1067008K)
[2019-12-09T03:05:26.182+0000][1][gc           ] GC(5) Pause Young (Allocation Failure) 84M->16M(247M) 131.917ms
[2019-12-09T03:05:26.182+0000][1][gc,cpu       ] GC(5) User=0.02s Sys=0.00s Real=0.13s
[2019-12-09T03:05:26.182+0000][1][safepoint    ] Leaving safepoint region
[2019-12-09T03:05:26.182+0000][1][safepoint    ] Total time for which application threads were stopped: 0.1320530 seconds, Stopping threads took: 0.0000145 seconds
[2019-12-09T03:05:26.186+0000][1][safepoint    ] Application time: 0.0041338 seconds
[2019-12-09T03:05:26.186+0000][1][safepoint    ] Entering safepoint region: RevokeBias
[2019-12-09T03:05:26.186+0000][1][safepoint    ] Leaving safepoint region
[2019-12-09T03:05:26.186+0000][1][safepoint    ] Total time for which application threads were stopped: 0.0003339 seconds, Stopping threads took: 0.0002528 seconds
[2019-12-09T03:05:26.190+0000][1][safepoint    ] Application time: 0.0036452 seconds
[2019-12-09T03:05:26.190+0000][1][safepoint    ] Entering safepoint region: RevokeBias
[2019-12-09T03:05:26.190+0000][1][safepoint    ] Leaving safepoint region
[2019-12-09T03:05:26.190+0000][1][safepoint    ] Total time for which application threads were stopped: 0.0000801 seconds, Stopping threads took: 0.0000108 seconds
[2019-12-09T03:05:26.197+0000][1][safepoint    ] Application time: 0.0068447 seconds
[2019-12-09T03:05:26.223+0000][1][safepoint    ] Entering safepoint region: RevokeBias
[2019-12-09T03:05:26.223+0000][1][safepoint    ] Leaving safepoint region
[2019-12-09T03:05:26.223+0000][1][safepoint    ] Total time for which application threads were stopped: 0.0263387 seconds, Stopping threads took: 0.0262663 seconds
[2019-12-09T03:05:26.230+0000][1][safepoint    ] Application time: 0.0066310 seconds
[2019-12-09T03:05:26.248+0000][1][safepoint    ] Entering safepoint region: RevokeBias
[2019-12-09T03:05:26.248+0000][1][safepoint    ] Leaving safepoint region
[2019-12-09T03:05:26.248+0000][1][safepoint    ] Total time for which application threads were stopped: 0.0186268 seconds, Stopping threads took: 0.0185204 seconds
[2019-12-09T03:05:26.253+0000][1][safepoint    ] Application time: 0.0050091 seconds
[2019-12-09T03:05:26.285+0000][1][safepoint    ] Entering safepoint region: RevokeBias
[2019-12-09T03:05:26.285+0000][1][safepoint    ] Leaving safepoint region
[2019-12-09T03:05:26.285+0000][1][safepoint    ] Total time for which application threads were stopped: 0.0315218 seconds, Stopping threads took: 0.0314140 seconds
[2019-12-09T03:05:26.289+0000][1][safepoint    ] Application time: 0.0037861 seconds
[2019-12-09T03:05:26.301+0000][1][safepoint    ] Entering safepoint region: RevokeBias
[2019-12-09T03:05:26.301+0000][1][safepoint    ] Leaving safepoint region
[2019-12-09T03:05:26.301+0000][1][safepoint    ] Total time for which application threads were stopped: 0.0121000 seconds, Stopping threads took: 0.0120184 seconds
[2019-12-09T03:05:26.831+0000][1][safepoint    ] Application time: 0.5305520 seconds
[2019-12-09T03:05:26.831+0000][1][safepoint    ] Entering safepoint region: RevokeBias
[2019-12-09T03:05:26.832+0000][1][safepoint    ] Leaving safepoint region
[2019-12-09T03:05:26.832+0000][1][safepoint    ] Total time for which application threads were stopped: 0.0000675 seconds, Stopping threads took: 0.0000118 seconds
[2019-12-09T03:05:26.832+0000][1][safepoint    ] Application time: 0.0002187 seconds
[2019-12-09T03:05:26.832+0000][1][safepoint    ] Entering safepoint region: RevokeBias
[2019-12-09T03:05:26.832+0000][1][safepoint    ] Leaving safepoint region
[2019-12-09T03:05:26.832+0000][1][safepoint    ] Total time for which application threads were stopped: 0.0000496 seconds, Stopping threads took: 0.0000114 seconds
[2019-12-09T03:05:27.010+0000][1][safepoint    ] Application time: 0.1781246 seconds
[2019-12-09T03:05:27.010+0000][1][safepoint    ] Entering safepoint region: GenCollectForAllocation
[2019-12-09T03:05:27.010+0000][1][gc,start     ] GC(6) Pause Young (Allocation Failure)
[2019-12-09T03:05:27.010+0000][1][gc,task      ] GC(6) Using 2 workers of 2 for evacuation
[2019-12-09T03:05:27.073+0000][1][gc,age       ] GC(6) Desired survivor size 4456448 bytes, new threshold 6 (max threshold 6)
[2019-12-09T03:05:27.073+0000][1][gc,age       ] GC(6) Age table with threshold 6 (max threshold 6)
[2019-12-09T03:05:27.073+0000][1][gc,age       ] GC(6) - age   1:    1481376 bytes,    1481376 total
[2019-12-09T03:05:27.073+0000][1][gc,age       ] GC(6) - age   2:    2191248 bytes,    3672624 total
[2019-12-09T03:05:27.073+0000][1][gc,age       ] GC(6) - age   3:     442624 bytes,    4115248 total
[2019-12-09T03:05:27.073+0000][1][gc,heap      ] GC(6) ParNew: 75173K->7446K(78656K)
[2019-12-09T03:05:27.073+0000][1][gc,heap      ] GC(6) CMS: 11600K->11600K(174784K)
[2019-12-09T03:05:27.073+0000][1][gc,metaspace ] GC(6) Metaspace: 19261K->19261K(1067008K)
[2019-12-09T03:05:27.073+0000][1][gc           ] GC(6) Pause Young (Allocation Failure) 84M->18M(247M) 62.864ms
[2019-12-09T03:05:27.073+0000][1][gc,cpu       ] GC(6) User=0.02s Sys=0.00s Real=0.06s
[2019-12-09T03:05:27.073+0000][1][safepoint    ] Leaving safepoint region
[2019-12-09T03:05:27.073+0000][1][safepoint    ] Total time for which application threads were stopped: 0.0629949 seconds, Stopping threads took: 0.0000140 seconds
[2019-12-09T03:05:27.075+0000][1][safepoint    ] Application time: 0.0018779 seconds
[2019-12-09T03:05:27.075+0000][1][safepoint    ] Entering safepoint region: RevokeBias
[2019-12-09T03:05:27.075+0000][1][safepoint    ] Leaving safepoint region
[2019-12-09T03:05:27.075+0000][1][safepoint    ] Total time for which application threads were stopped: 0.0001289 seconds, Stopping threads took: 0.0000482 seconds
[2019-12-09T03:05:27.075+0000][1][safepoint    ] Application time: 0.0000678 seconds
[2019-12-09T03:05:27.075+0000][1][safepoint    ] Entering safepoint region: BulkRevokeBias
[2019-12-09T03:05:27.075+0000][1][safepoint    ] Leaving safepoint region
[2019-12-09T03:05:27.075+0000][1][safepoint    ] Total time for which application threads were stopped: 0.0000879 seconds, Stopping threads took: 0.0000086 seconds
[2019-12-09T03:05:27.075+0000][1][safepoint    ] Application time: 0.0000596 seconds
[2019-12-09T03:05:27.075+0000][1][safepoint    ] Entering safepoint region: BulkRevokeBias
[2019-12-09T03:05:27.075+0000][1][safepoint    ] Leaving safepoint region
[2019-12-09T03:05:27.075+0000][1][safepoint    ] Total time for which application threads were stopped: 0.0000768 seconds, Stopping threads took: 0.0000082 seconds
[2019-12-09T03:05:28.117+0000][1][safepoint    ] Application time: 1.0413568 seconds
[2019-12-09T03:05:28.164+0000][1][safepoint    ] Entering safepoint region: Cleanup
[2019-12-09T03:05:28.164+0000][1][safepoint    ] Leaving safepoint region
[2019-12-09T03:05:28.164+0000][1][safepoint    ] Total time for which application threads were stopped: 0.0471200 seconds, Stopping threads took: 0.0470685 seconds
[2019-12-09T03:05:28.174+0000][1][safepoint    ] Application time: 0.0098722 seconds
[2019-12-09T03:05:28.174+0000][1][safepoint    ] Entering safepoint region: GenCollectForAllocation
[2019-12-09T03:05:28.174+0000][1][gc,start     ] GC(7) Pause Young (Allocation Failure)
[2019-12-09T03:05:28.174+0000][1][gc,task      ] GC(7) Using 2 workers of 2 for evacuation
[2019-12-09T03:05:28.301+0000][1][gc,age       ] GC(7) Desired survivor size 4456448 bytes, new threshold 6 (max threshold 6)
[2019-12-09T03:05:28.301+0000][1][gc,age       ] GC(7) Age table with threshold 6 (max threshold 6)
[2019-12-09T03:05:28.301+0000][1][gc,age       ] GC(7) - age   1:     392768 bytes,     392768 total
[2019-12-09T03:05:28.301+0000][1][gc,age       ] GC(7) - age   2:    1128888 bytes,    1521656 total
[2019-12-09T03:05:28.301+0000][1][gc,age       ] GC(7) - age   3:    2191168 bytes,    3712824 total
[2019-12-09T03:05:28.301+0000][1][gc,age       ] GC(7) - age   4:     442624 bytes,    4155448 total
[2019-12-09T03:05:28.301+0000][1][gc,heap      ] GC(7) ParNew: 77398K->5043K(78656K)
[2019-12-09T03:05:28.301+0000][1][gc,heap      ] GC(7) CMS: 11600K->11600K(174784K)
[2019-12-09T03:05:28.301+0000][1][gc,metaspace ] GC(7) Metaspace: 19538K->19538K(1067008K)
[2019-12-09T03:05:28.301+0000][1][gc           ] GC(7) Pause Young (Allocation Failure) 86M->16M(247M) 127.077ms
[2019-12-09T03:05:28.301+0000][1][gc,cpu       ] GC(7) User=0.02s Sys=0.00s Real=0.13s
[2019-12-09T03:05:28.301+0000][1][safepoint    ] Leaving safepoint region
[2019-12-09T03:05:28.301+0000][1][safepoint    ] Total time for which application threads were stopped: 0.1271985 seconds, Stopping threads took: 0.0000127 seconds
[2019-12-09T03:05:29.075+0000][1][safepoint    ] Application time: 0.7736912 seconds
[2019-12-09T03:05:29.075+0000][1][safepoint    ] Entering safepoint region: CollectForMetadataAllocation
[2019-12-09T03:05:29.075+0000][1][safepoint    ] Leaving safepoint region
[2019-12-09T03:05:29.075+0000][1][safepoint    ] Total time for which application threads were stopped: 0.0002384 seconds, Stopping threads took: 0.0000129 seconds
[2019-12-09T03:05:29.234+0000][1][safepoint    ] Application time: 0.1588038 seconds
[2019-12-09T03:05:29.234+0000][1][safepoint    ] Entering safepoint region: CollectForMetadataAllocation
[2019-12-09T03:05:29.255+0000][1][safepoint    ] Leaving safepoint region
[2019-12-09T03:05:29.255+0000][1][safepoint    ] Total time for which application threads were stopped: 0.0210989 seconds, Stopping threads took: 0.0000142 seconds
[2019-12-09T03:05:30.173+0000][1][safepoint    ] Application time: 0.9180646 seconds
[2019-12-09T03:05:30.183+0000][1][safepoint    ] Entering safepoint region: GenCollectForAllocation
[2019-12-09T03:05:30.183+0000][1][gc,start     ] GC(8) Pause Young (Allocation Failure)
[2019-12-09T03:05:30.183+0000][1][gc,task      ] GC(8) Using 2 workers of 2 for evacuation
[2019-12-09T03:05:30.290+0000][1][gc,age       ] GC(8) Desired survivor size 4456448 bytes, new threshold 4 (max threshold 6)
[2019-12-09T03:05:30.290+0000][1][gc,age       ] GC(8) Age table with threshold 4 (max threshold 6)
[2019-12-09T03:05:30.290+0000][1][gc,age       ] GC(8) - age   1:     926184 bytes,     926184 total
[2019-12-09T03:05:30.290+0000][1][gc,age       ] GC(8) - age   2:     361824 bytes,    1288008 total
[2019-12-09T03:05:30.290+0000][1][gc,age       ] GC(8) - age   3:    1128744 bytes,    2416752 total
[2019-12-09T03:05:30.290+0000][1][gc,age       ] GC(8) - age   4:    2188952 bytes,    4605704 total
[2019-12-09T03:05:30.290+0000][1][gc,age       ] GC(8) - age   5:     442624 bytes,    5048328 total
[2019-12-09T03:05:30.290+0000][1][gc,heap      ] GC(8) ParNew: 74995K->5290K(78656K)
[2019-12-09T03:05:30.290+0000][1][gc,heap      ] GC(8) CMS: 11600K->11600K(174784K)
[2019-12-09T03:05:30.290+0000][1][gc,metaspace ] GC(8) Metaspace: 20347K->20347K(1069056K)
[2019-12-09T03:05:30.290+0000][1][gc           ] GC(8) Pause Young (Allocation Failure) 84M->16M(247M) 107.217ms
[2019-12-09T03:05:30.290+0000][1][gc,cpu       ] GC(8) User=0.02s Sys=0.00s Real=0.11s
[2019-12-09T03:05:30.290+0000][1][safepoint    ] Leaving safepoint region
[2019-12-09T03:05:30.290+0000][1][safepoint    ] Total time for which application threads were stopped: 0.1170670 seconds, Stopping threads took: 0.0097111 seconds
[2019-12-09T03:05:30.293+0000][1][safepoint    ] Application time: 0.0026369 seconds
[2019-12-09T03:05:30.295+0000][1][safepoint    ] Entering safepoint region: CMS_Initial_Mark
[2019-12-09T03:05:30.295+0000][1][gc,start     ] GC(9) Pause Initial Mark
[2019-12-09T03:05:30.298+0000][1][gc           ] GC(9) Pause Initial Mark 17M->17M(247M) 3.592ms
[2019-12-09T03:05:30.298+0000][1][gc,cpu       ] GC(9) User=0.00s Sys=0.00s Real=0.00s
[2019-12-09T03:05:30.298+0000][1][safepoint    ] Leaving safepoint region
[2019-12-09T03:05:30.298+0000][1][safepoint    ] Total time for which application threads were stopped: 0.0057145 seconds, Stopping threads took: 0.0020228 seconds
[2019-12-09T03:05:30.299+0000][1][gc           ] GC(9) Concurrent Mark
[2019-12-09T03:05:30.374+0000][1][gc           ] GC(9) Concurrent Mark 75.097ms
[2019-12-09T03:05:30.374+0000][1][gc,cpu       ] GC(9) User=0.04s Sys=0.00s Real=0.07s
[2019-12-09T03:05:30.374+0000][1][gc           ] GC(9) Concurrent Preclean
[2019-12-09T03:05:30.374+0000][1][gc           ] GC(9) Concurrent Preclean 0.410ms
[2019-12-09T03:05:30.374+0000][1][gc,cpu       ] GC(9) User=0.00s Sys=0.00s Real=0.00s
[2019-12-09T03:05:30.374+0000][1][gc           ] GC(9) Concurrent Abortable Preclean
[2019-12-09T03:05:31.145+0000][1][safepoint    ] Application time: 0.8462021 seconds
[2019-12-09T03:05:31.145+0000][1][safepoint    ] Entering safepoint region: GenCollectForAllocation
[2019-12-09T03:05:31.145+0000][1][gc,start     ] GC(10) Pause Young (Allocation Failure)
[2019-12-09T03:05:31.145+0000][1][gc,task      ] GC(10) Using 2 workers of 2 for evacuation
[2019-12-09T03:05:31.404+0000][1][gc,age       ] GC(10) Desired survivor size 4456448 bytes, new threshold 6 (max threshold 6)
[2019-12-09T03:05:31.404+0000][1][gc,age       ] GC(10) Age table with threshold 6 (max threshold 6)
[2019-12-09T03:05:31.404+0000][1][gc,age       ] GC(10) - age   1:    1129392 bytes,    1129392 total
[2019-12-09T03:05:31.404+0000][1][gc,age       ] GC(10) - age   2:     649192 bytes,    1778584 total
[2019-12-09T03:05:31.404+0000][1][gc,age       ] GC(10) - age   3:     361824 bytes,    2140408 total
[2019-12-09T03:05:31.404+0000][1][gc,age       ] GC(10) - age   4:    1128744 bytes,    3269152 total
[2019-12-09T03:05:31.404+0000][1][gc,heap      ] GC(10) ParNew: 75242K->4579K(78656K)
[2019-12-09T03:05:31.404+0000][1][gc,heap      ] GC(10) CMS: 11600K->14188K(174784K)
[2019-12-09T03:05:31.404+0000][1][gc,metaspace ] GC(10) Metaspace: 20455K->20455K(1069056K)
[2019-12-09T03:05:31.404+0000][1][gc           ] GC(10) Pause Young (Allocation Failure) 84M->18M(247M) 259.100ms
[2019-12-09T03:05:31.404+0000][1][gc,cpu       ] GC(10) User=0.03s Sys=0.00s Real=0.25s
[2019-12-09T03:05:31.404+0000][1][safepoint    ] Leaving safepoint region
[2019-12-09T03:05:31.404+0000][1][safepoint    ] Total time for which application threads were stopped: 0.2592260 seconds, Stopping threads took: 0.0000147 seconds
[2019-12-09T03:05:32.015+0000][1][gc           ] GC(9) Concurrent Abortable Preclean 1640.542ms
[2019-12-09T03:05:32.015+0000][1][gc,cpu       ] GC(9) User=0.45s Sys=0.01s Real=1.65s
[2019-12-09T03:05:32.015+0000][1][safepoint    ] Application time: 0.6108391 seconds
[2019-12-09T03:05:32.015+0000][1][safepoint    ] Entering safepoint region: CMS_Final_Remark
[2019-12-09T03:05:32.015+0000][1][gc,start     ] GC(9) Pause Remark
[2019-12-09T03:05:32.156+0000][1][gc           ] GC(9) Pause Remark 64M->64M(247M) 141.185ms
[2019-12-09T03:05:32.156+0000][1][gc,cpu       ] GC(9) User=0.04s Sys=0.00s Real=0.14s
[2019-12-09T03:05:32.156+0000][1][safepoint    ] Leaving safepoint region
[2019-12-09T03:05:32.156+0000][1][safepoint    ] Total time for which application threads were stopped: 0.1413655 seconds, Stopping threads took: 0.0000630 seconds
[2019-12-09T03:05:32.158+0000][1][gc           ] GC(9) Concurrent Sweep
[2019-12-09T03:05:32.202+0000][1][gc           ] GC(9) Concurrent Sweep 43.131ms
[2019-12-09T03:05:32.202+0000][1][gc,cpu       ] GC(9) User=0.02s Sys=0.00s Real=0.04s
[2019-12-09T03:05:32.202+0000][1][gc           ] GC(9) Concurrent Reset
[2019-12-09T03:05:32.202+0000][1][gc           ] GC(9) Concurrent Reset 0.305ms
[2019-12-09T03:05:32.202+0000][1][gc,cpu       ] GC(9) User=0.00s Sys=0.00s Real=0.00s
[2019-12-09T03:05:32.202+0000][1][gc,heap      ] GC(9) Old: 11600K->14163K(174784K)
[2019-12-09T03:05:32.501+0000][1][safepoint    ] Application time: 0.3444261 seconds
[2019-12-09T03:05:32.501+0000][1][safepoint    ] Entering safepoint region: GenCollectForAllocation
[2019-12-09T03:05:32.501+0000][1][gc,start     ] GC(11) Pause Young (Allocation Failure)
[2019-12-09T03:05:32.501+0000][1][gc,task      ] GC(11) Using 2 workers of 2 for evacuation
[2019-12-09T03:05:32.562+0000][1][gc,age       ] GC(11) Desired survivor size 4456448 bytes, new threshold 6 (max threshold 6)
[2019-12-09T03:05:32.562+0000][1][gc,age       ] GC(11) Age table with threshold 6 (max threshold 6)
[2019-12-09T03:05:32.562+0000][1][gc,age       ] GC(11) - age   1:    1004856 bytes,    1004856 total
[2019-12-09T03:05:32.562+0000][1][gc,age       ] GC(11) - age   2:      97424 bytes,    1102280 total
[2019-12-09T03:05:32.562+0000][1][gc,age       ] GC(11) - age   3:     649144 bytes,    1751424 total
[2019-12-09T03:05:32.562+0000][1][gc,age       ] GC(11) - age   4:     361720 bytes,    2113144 total
[2019-12-09T03:05:32.562+0000][1][gc,age       ] GC(11) - age   5:    1128456 bytes,    3241600 total
[2019-12-09T03:05:32.562+0000][1][gc,heap      ] GC(11) ParNew: 74531K->5308K(78656K)
[2019-12-09T03:05:32.562+0000][1][gc,heap      ] GC(11) CMS: 14163K->14163K(174784K)
[2019-12-09T03:05:32.562+0000][1][gc,metaspace ] GC(11) Metaspace: 20543K->20543K(1069056K)
[2019-12-09T03:05:32.562+0000][1][gc           ] GC(11) Pause Young (Allocation Failure) 86M->19M(247M) 60.689ms
[2019-12-09T03:05:32.562+0000][1][gc,cpu       ] GC(11) User=0.01s Sys=0.00s Real=0.06s
[2019-12-09T03:05:32.562+0000][1][safepoint    ] Leaving safepoint region
[2019-12-09T03:05:32.562+0000][1][safepoint    ] Total time for which application threads were stopped: 0.0612313 seconds, Stopping threads took: 0.0000136 seconds
[2019-12-09T03:05:33.377+0000][1][safepoint    ] Application time: 0.8154589 seconds
[2019-12-09T03:05:33.377+0000][1][safepoint    ] Entering safepoint region: Deoptimize
[2019-12-09T03:05:33.378+0000][1][safepoint    ] Leaving safepoint region
[2019-12-09T03:05:33.378+0000][1][safepoint    ] Total time for which application threads were stopped: 0.0004259 seconds, Stopping threads took: 0.0000145 seconds
[2019-12-09T03:05:34.389+0000][1][safepoint    ] Application time: 1.0111926 seconds
[2019-12-09T03:05:34.423+0000][1][safepoint    ] Entering safepoint region: Cleanup
[2019-12-09T03:05:34.423+0000][1][safepoint    ] Leaving safepoint region
[2019-12-09T03:05:34.423+0000][1][safepoint    ] Total time for which application threads were stopped: 0.0337758 seconds, Stopping threads took: 0.0337141 seconds
[2019-12-09T03:05:35.428+0000][1][safepoint    ] Application time: 1.0049187 seconds
[2019-12-09T03:05:35.466+0000][1][safepoint    ] Entering safepoint region: Cleanup
[2019-12-09T03:05:35.466+0000][1][safepoint    ] Leaving safepoint region
[2019-12-09T03:05:35.466+0000][1][safepoint    ] Total time for which application threads were stopped: 0.0380186 seconds, Stopping threads took: 0.0379668 seconds
[2019-12-09T03:05:35.522+0000][1][safepoint    ] Application time: 0.0562462 seconds
[2019-12-09T03:05:35.522+0000][1][safepoint    ] Entering safepoint region: GenCollectForAllocation
[2019-12-09T03:05:35.522+0000][1][gc,start     ] GC(12) Pause Young (Allocation Failure)
[2019-12-09T03:05:35.522+0000][1][gc,task      ] GC(12) Using 2 workers of 2 for evacuation
[2019-12-09T03:05:35.583+0000][1][gc,age       ] GC(12) Desired survivor size 4456448 bytes, new threshold 6 (max threshold 6)
[2019-12-09T03:05:35.583+0000][1][gc,age       ] GC(12) Age table with threshold 6 (max threshold 6)
[2019-12-09T03:05:35.583+0000][1][gc,age       ] GC(12) - age   1:    1037008 bytes,    1037008 total
[2019-12-09T03:05:35.583+0000][1][gc,age       ] GC(12) - age   2:     305568 bytes,    1342576 total
[2019-12-09T03:05:35.583+0000][1][gc,age       ] GC(12) - age   3:      97424 bytes,    1440000 total
[2019-12-09T03:05:35.583+0000][1][gc,age       ] GC(12) - age   4:     649080 bytes,    2089080 total
[2019-12-09T03:05:35.583+0000][1][gc,age       ] GC(12) - age   5:     361720 bytes,    2450800 total
[2019-12-09T03:05:35.583+0000][1][gc,age       ] GC(12) - age   6:    1128456 bytes,    3579256 total
[2019-12-09T03:05:35.583+0000][1][gc,heap      ] GC(12) ParNew: 75260K->4888K(78656K)
[2019-12-09T03:05:35.583+0000][1][gc,heap      ] GC(12) CMS: 14163K->14163K(174784K)
[2019-12-09T03:05:35.583+0000][1][gc,metaspace ] GC(12) Metaspace: 22741K->22741K(1071104K)
[2019-12-09T03:05:35.583+0000][1][gc           ] GC(12) Pause Young (Allocation Failure) 87M->18M(247M) 60.855ms
[2019-12-09T03:05:35.583+0000][1][gc,cpu       ] GC(12) User=0.02s Sys=0.00s Real=0.06s
[2019-12-09T03:05:35.583+0000][1][safepoint    ] Leaving safepoint region
[2019-12-09T03:05:35.583+0000][1][safepoint    ] Total time for which application threads were stopped: 0.0609764 seconds, Stopping threads took: 0.0000130 seconds
[2019-12-09T03:05:36.360+0000][1][safepoint    ] Application time: 0.7766434 seconds
[2019-12-09T03:05:36.360+0000][1][safepoint    ] Entering safepoint region: Deoptimize
[2019-12-09T03:05:36.360+0000][1][safepoint    ] Leaving safepoint region
[2019-12-09T03:05:36.360+0000][1][safepoint    ] Total time for which application threads were stopped: 0.0006227 seconds, Stopping threads took: 0.0000122 seconds
[2019-12-09T03:05:37.204+0000][1][safepoint    ] Application time: 0.8432202 seconds
[2019-12-09T03:05:37.204+0000][1][safepoint    ] Entering safepoint region: Deoptimize
[2019-12-09T03:05:37.204+0000][1][safepoint    ] Leaving safepoint region
[2019-12-09T03:05:37.204+0000][1][safepoint    ] Total time for which application threads were stopped: 0.0004153 seconds, Stopping threads took: 0.0000138 seconds
[2019-12-09T03:05:37.323+0000][1][safepoint    ] Application time: 0.1186866 seconds
[2019-12-09T03:05:37.323+0000][1][safepoint    ] Entering safepoint region: Deoptimize
[2019-12-09T03:05:37.323+0000][1][safepoint    ] Leaving safepoint region
[2019-12-09T03:05:37.323+0000][1][safepoint    ] Total time for which application threads were stopped: 0.0004422 seconds, Stopping threads took: 0.0000137 seconds
[2019-12-09T03:05:37.375+0000][1][safepoint    ] Application time: 0.0514592 seconds
[2019-12-09T03:05:37.375+0000][1][safepoint    ] Entering safepoint region: Deoptimize
[2019-12-09T03:05:37.375+0000][1][safepoint    ] Leaving safepoint region
[2019-12-09T03:05:37.375+0000][1][safepoint    ] Total time for which application threads were stopped: 0.0004463 seconds, Stopping threads took: 0.0000133 seconds
[2019-12-09T03:05:37.463+0000][1][safepoint    ] Application time: 0.0875106 seconds
[2019-12-09T03:05:37.463+0000][1][safepoint    ] Entering safepoint region: RevokeBias
[2019-12-09T03:05:37.463+0000][1][safepoint    ] Leaving safepoint region
[2019-12-09T03:05:37.463+0000][1][safepoint    ] Total time for which application threads were stopped: 0.0000639 seconds, Stopping threads took: 0.0000123 seconds
[2019-12-09T03:05:38.466+0000][1][safepoint    ] Application time: 1.0028912 seconds
[2019-12-09T03:05:38.535+0000][1][safepoint    ] Entering safepoint region: Cleanup
[2019-12-09T03:05:38.535+0000][1][safepoint    ] Leaving safepoint region
[2019-12-09T03:05:38.535+0000][1][safepoint    ] Total time for which application threads were stopped: 0.0691016 seconds, Stopping threads took: 0.0690489 seconds
[2019-12-09T03:05:39.542+0000][1][safepoint    ] Application time: 1.0068495 seconds
[2019-12-09T03:05:39.581+0000][1][safepoint    ] Entering safepoint region: Cleanup
[2019-12-09T03:05:39.581+0000][1][safepoint    ] Leaving safepoint region
[2019-12-09T03:05:39.581+0000][1][safepoint    ] Total time for which application threads were stopped: 0.0393244 seconds, Stopping threads took: 0.0390778 seconds
[2019-12-09T03:05:40.586+0000][1][safepoint    ] Application time: 1.0046298 seconds
[2019-12-09T03:05:40.586+0000][1][safepoint    ] Entering safepoint region: Cleanup
[2019-12-09T03:05:40.586+0000][1][safepoint    ] Leaving safepoint region
[2019-12-09T03:05:40.586+0000][1][safepoint    ] Total time for which application threads were stopped: 0.0001237 seconds, Stopping threads took: 0.0000526 seconds
[2019-12-09T03:05:41.610+0000][1][safepoint    ] Application time: 1.0238248 seconds
[2019-12-09T03:05:41.689+0000][1][safepoint    ] Entering safepoint region: Cleanup
[2019-12-09T03:05:41.689+0000][1][safepoint    ] Leaving safepoint region
[2019-12-09T03:05:41.689+0000][1][safepoint    ] Total time for which application threads were stopped: 0.0791426 seconds, Stopping threads took: 0.0790950 seconds
[2019-12-09T03:05:42.696+0000][1][safepoint    ] Application time: 1.0068084 seconds
[2019-12-09T03:05:42.777+0000][1][safepoint    ] Entering safepoint region: Cleanup
[2019-12-09T03:05:42.777+0000][1][safepoint    ] Leaving safepoint region
[2019-12-09T03:05:42.777+0000][1][safepoint    ] Total time for which application threads were stopped: 0.0814556 seconds, Stopping threads took: 0.0814130 seconds
[2019-12-09T03:05:43.267+0000][1][safepoint    ] Application time: 0.4899116 seconds
[2019-12-09T03:05:43.267+0000][1][safepoint    ] Entering safepoint region: GenCollectForAllocation
[2019-12-09T03:05:43.267+0000][1][gc,start     ] GC(13) Pause Young (Allocation Failure)
[2019-12-09T03:05:43.267+0000][1][gc,task      ] GC(13) Using 2 workers of 2 for evacuation
[2019-12-09T03:05:43.638+0000][1][gc,age       ] GC(13) Desired survivor size 4456448 bytes, new threshold 1 (max threshold 6)
[2019-12-09T03:05:43.638+0000][1][gc,age       ] GC(13) Age table with threshold 1 (max threshold 6)
[2019-12-09T03:05:43.638+0000][1][gc,age       ] GC(13) - age   1:    6771984 bytes,    6771984 total
[2019-12-09T03:05:43.638+0000][1][gc,age       ] GC(13) - age   2:     732464 bytes,    7504448 total
[2019-12-09T03:05:43.638+0000][1][gc,age       ] GC(13) - age   3:     305536 bytes,    7809984 total
[2019-12-09T03:05:43.638+0000][1][gc,age       ] GC(13) - age   4:      97272 bytes,    7907256 total
[2019-12-09T03:05:43.638+0000][1][gc,age       ] GC(13) - age   5:     645896 bytes,    8553152 total
[2019-12-09T03:05:43.638+0000][1][gc,age       ] GC(13) - age   6:     359528 bytes,    8912680 total
[2019-12-09T03:05:43.638+0000][1][gc,heap      ] GC(13) ParNew: 74840K->8704K(78656K)
[2019-12-09T03:05:43.638+0000][1][gc,heap      ] GC(13) CMS: 14163K->21420K(174784K)
[2019-12-09T03:05:43.638+0000][1][gc,metaspace ] GC(13) Metaspace: 26924K->26924K(1075200K)
[2019-12-09T03:05:43.638+0000][1][gc           ] GC(13) Pause Young (Allocation Failure) 86M->29M(247M) 371.106ms
[2019-12-09T03:05:43.638+0000][1][gc,cpu       ] GC(13) User=0.08s Sys=0.00s Real=0.37s
[2019-12-09T03:05:43.638+0000][1][safepoint    ] Leaving safepoint region
[2019-12-09T03:05:43.638+0000][1][safepoint    ] Total time for which application threads were stopped: 0.3712597 seconds, Stopping threads took: 0.0000138 seconds
[2019-12-09T03:05:44.644+0000][1][safepoint    ] Application time: 1.0053975 seconds
[2019-12-09T03:05:44.696+0000][1][safepoint    ] Entering safepoint region: Cleanup
[2019-12-09T03:05:44.696+0000][1][safepoint    ] Leaving safepoint region
[2019-12-09T03:05:44.696+0000][1][safepoint    ] Total time for which application threads were stopped: 0.0519246 seconds, Stopping threads took: 0.0518639 seconds
[2019-12-09T03:05:45.705+0000][1][safepoint    ] Application time: 1.0089117 seconds
[2019-12-09T03:05:45.705+0000][1][safepoint    ] Entering safepoint region: Cleanup
[2019-12-09T03:05:45.705+0000][1][safepoint    ] Leaving safepoint region
[2019-12-09T03:05:45.705+0000][1][safepoint    ] Total time for which application threads were stopped: 0.0005025 seconds, Stopping threads took: 0.0004636 seconds
[2019-12-09T03:05:46.707+0000][1][safepoint    ] Application time: 1.0014504 seconds
[2019-12-09T03:05:46.756+0000][1][safepoint    ] Entering safepoint region: Cleanup
[2019-12-09T03:05:46.756+0000][1][safepoint    ] Leaving safepoint region
[2019-12-09T03:05:46.756+0000][1][safepoint    ] Total time for which application threads were stopped: 0.0490480 seconds, Stopping threads took: 0.0490042 seconds
[2019-12-09T03:05:47.751+0000][1][safepoint    ] Application time: 0.9955473 seconds
[2019-12-09T03:05:47.751+0000][1][safepoint    ] Entering safepoint region: GenCollectForAllocation
[2019-12-09T03:05:47.752+0000][1][gc,start     ] GC(14) Pause Young (Allocation Failure)
[2019-12-09T03:05:47.752+0000][1][gc,task      ] GC(14) Using 2 workers of 2 for evacuation
[2019-12-09T03:05:48.147+0000][1][gc,age       ] GC(14) Desired survivor size 4456448 bytes, new threshold 1 (max threshold 6)
[2019-12-09T03:05:48.147+0000][1][gc,age       ] GC(14) Age table with threshold 1 (max threshold 6)
[2019-12-09T03:05:48.147+0000][1][gc,age       ] GC(14) - age   1:    8912784 bytes,    8912784 total
[2019-12-09T03:05:48.147+0000][1][gc,heap      ] GC(14) ParNew: 78656K->8704K(78656K)
[2019-12-09T03:05:48.147+0000][1][gc,heap      ] GC(14) CMS: 21420K->34401K(174784K)
[2019-12-09T03:05:48.147+0000][1][gc,metaspace ] GC(14) Metaspace: 27146K->27146K(1075200K)
[2019-12-09T03:05:48.147+0000][1][gc           ] GC(14) Pause Young (Allocation Failure) 97M->42M(247M) 395.245ms
[2019-12-09T03:05:48.147+0000][1][gc,cpu       ] GC(14) User=0.11s Sys=0.00s Real=0.40s
[2019-12-09T03:05:48.147+0000][1][safepoint    ] Leaving safepoint region
[2019-12-09T03:05:48.147+0000][1][safepoint    ] Total time for which application threads were stopped: 0.3954101 seconds, Stopping threads took: 0.0000480 seconds
[2019-12-09T03:05:50.155+0000][1][safepoint    ] Application time: 2.0078931 seconds
[2019-12-09T03:05:50.223+0000][1][safepoint    ] Entering safepoint region: Cleanup
[2019-12-09T03:05:50.223+0000][1][safepoint    ] Leaving safepoint region
[2019-12-09T03:05:50.223+0000][1][safepoint    ] Total time for which application threads were stopped: 0.0681769 seconds, Stopping threads took: 0.0681311 seconds
[2019-12-09T03:05:50.702+0000][1][safepoint    ] Application time: 0.4787661 seconds
[2019-12-09T03:05:50.702+0000][1][safepoint    ] Entering safepoint region: RevokeBias
[2019-12-09T03:05:50.702+0000][1][safepoint    ] Leaving safepoint region
[2019-12-09T03:05:50.702+0000][1][safepoint    ] Total time for which application threads were stopped: 0.0001230 seconds, Stopping threads took: 0.0000130 seconds
[2019-12-09T03:05:51.718+0000][1][safepoint    ] Application time: 1.0158261 seconds
[2019-12-09T03:05:51.825+0000][1][safepoint    ] Entering safepoint region: Cleanup
[2019-12-09T03:05:51.825+0000][1][safepoint    ] Leaving safepoint region
[2019-12-09T03:05:51.825+0000][1][safepoint    ] Total time for which application threads were stopped: 0.1071376 seconds, Stopping threads took: 0.1070668 seconds
[2019-12-09T03:05:52.476+0000][1][safepoint    ] Application time: 0.6512684 seconds
[2019-12-09T03:05:52.476+0000][1][safepoint    ] Entering safepoint region: GenCollectForAllocation
[2019-12-09T03:05:52.476+0000][1][gc,start     ] GC(15) Pause Young (Allocation Failure)
[2019-12-09T03:05:52.476+0000][1][gc,task      ] GC(15) Using 2 workers of 2 for evacuation
[2019-12-09T03:05:53.023+0000][1][gc,age       ] GC(15) Desired survivor size 4456448 bytes, new threshold 1 (max threshold 6)
[2019-12-09T03:05:53.023+0000][1][gc,age       ] GC(15) Age table with threshold 1 (max threshold 6)
[2019-12-09T03:05:53.023+0000][1][gc,age       ] GC(15) - age   1:    8912816 bytes,    8912816 total
[2019-12-09T03:05:53.023+0000][1][gc,heap      ] GC(15) ParNew: 78656K->8704K(78656K)
[2019-12-09T03:05:53.023+0000][1][gc,heap      ] GC(15) CMS: 34401K->45909K(174784K)
[2019-12-09T03:05:53.023+0000][1][gc,metaspace ] GC(15) Metaspace: 29409K->29409K(1077248K)
[2019-12-09T03:05:53.023+0000][1][gc           ] GC(15) Pause Young (Allocation Failure) 110M->53M(247M) 546.810ms
[2019-12-09T03:05:53.023+0000][1][gc,cpu       ] GC(15) User=0.16s Sys=0.00s Real=0.54s
[2019-12-09T03:05:53.023+0000][1][safepoint    ] Leaving safepoint region
[2019-12-09T03:05:53.023+0000][1][safepoint    ] Total time for which application threads were stopped: 0.5469638 seconds, Stopping threads took: 0.0000144 seconds
[2019-12-09T03:05:54.029+0000][1][safepoint    ] Application time: 1.0055634 seconds
[2019-12-09T03:05:54.092+0000][1][safepoint    ] Entering safepoint region: Cleanup
[2019-12-09T03:05:54.092+0000][1][safepoint    ] Leaving safepoint region
[2019-12-09T03:05:54.092+0000][1][safepoint    ] Total time for which application threads were stopped: 0.0630650 seconds, Stopping threads took: 0.0629982 seconds
[2019-12-09T03:05:56.009+0000][1][safepoint    ] Application time: 1.9168573 seconds
[2019-12-09T03:05:56.085+0000][1][safepoint    ] Entering safepoint region: Cleanup
[2019-12-09T03:05:56.085+0000][1][safepoint    ] Leaving safepoint region
[2019-12-09T03:05:56.085+0000][1][safepoint    ] Total time for which application threads were stopped: 0.0761756 seconds, Stopping threads took: 0.0761018 seconds
[2019-12-09T03:05:56.606+0000][1][safepoint    ] Application time: 0.5207770 seconds
[2019-12-09T03:05:56.606+0000][1][safepoint    ] Entering safepoint region: GenCollectForAllocation
[2019-12-09T03:05:56.606+0000][1][gc,start     ] GC(16) Pause Young (Allocation Failure)
[2019-12-09T03:05:56.606+0000][1][gc,task      ] GC(16) Using 2 workers of 2 for evacuation
[2019-12-09T03:05:56.952+0000][1][gc,age       ] GC(16) Desired survivor size 4456448 bytes, new threshold 6 (max threshold 6)
[2019-12-09T03:05:56.952+0000][1][gc,age       ] GC(16) Age table with threshold 6 (max threshold 6)
[2019-12-09T03:05:56.952+0000][1][gc,age       ] GC(16) - age   1:    1278904 bytes,    1278904 total
[2019-12-09T03:05:56.952+0000][1][gc,heap      ] GC(16) ParNew: 78656K->8621K(78656K)
[2019-12-09T03:05:56.952+0000][1][gc,heap      ] GC(16) CMS: 45909K->54668K(174784K)
[2019-12-09T03:05:56.952+0000][1][gc,metaspace ] GC(16) Metaspace: 32976K->32976K(1079296K)
[2019-12-09T03:05:56.952+0000][1][gc           ] GC(16) Pause Young (Allocation Failure) 121M->61M(247M) 346.243ms
[2019-12-09T03:05:56.952+0000][1][gc,cpu       ] GC(16) User=0.06s Sys=0.00s Real=0.34s
[2019-12-09T03:05:56.952+0000][1][safepoint    ] Leaving safepoint region
[2019-12-09T03:05:56.952+0000][1][safepoint    ] Total time for which application threads were stopped: 0.3463936 seconds, Stopping threads took: 0.0000135 seconds
[2019-12-09T03:05:57.965+0000][1][safepoint    ] Application time: 1.0125792 seconds
[2019-12-09T03:05:58.002+0000][1][safepoint    ] Entering safepoint region: Cleanup
[2019-12-09T03:05:58.002+0000][1][safepoint    ] Leaving safepoint region
[2019-12-09T03:05:58.002+0000][1][safepoint    ] Total time for which application threads were stopped: 0.0371513 seconds, Stopping threads took: 0.0370575 seconds
[2019-12-09T03:05:59.008+0000][1][safepoint    ] Application time: 1.0057785 seconds
[2019-12-09T03:05:59.012+0000][1][safepoint    ] Entering safepoint region: Cleanup
[2019-12-09T03:05:59.012+0000][1][safepoint    ] Leaving safepoint region
[2019-12-09T03:05:59.012+0000][1][safepoint    ] Total time for which application threads were stopped: 0.0040637 seconds, Stopping threads took: 0.0039892 seconds
[2019-12-09T03:05:59.098+0000][1][safepoint    ] Application time: 0.0858821 seconds
[2019-12-09T03:05:59.098+0000][1][safepoint    ] Entering safepoint region: CollectForMetadataAllocation
[2019-12-09T03:05:59.098+0000][1][safepoint    ] Leaving safepoint region
[2019-12-09T03:05:59.098+0000][1][safepoint    ] Total time for which application threads were stopped: 0.0001567 seconds, Stopping threads took: 0.0000139 seconds
[2019-12-09T03:05:59.276+0000][1][safepoint    ] Application time: 0.1777967 seconds
[2019-12-09T03:05:59.276+0000][1][safepoint    ] Entering safepoint region: CollectForMetadataAllocation
[2019-12-09T03:05:59.276+0000][1][safepoint    ] Leaving safepoint region
[2019-12-09T03:05:59.276+0000][1][safepoint    ] Total time for which application threads were stopped: 0.0001491 seconds, Stopping threads took: 0.0000138 seconds
[2019-12-09T03:05:59.701+0000][1][safepoint    ] Application time: 0.4246460 seconds
[2019-12-09T03:05:59.701+0000][1][safepoint    ] Entering safepoint region: CollectForMetadataAllocation
[2019-12-09T03:05:59.701+0000][1][safepoint    ] Leaving safepoint region
[2019-12-09T03:05:59.701+0000][1][safepoint    ] Total time for which application threads were stopped: 0.0002825 seconds, Stopping threads took: 0.0000152 seconds
[2019-12-09T03:05:59.940+0000][1][safepoint    ] Application time: 0.2388197 seconds
[2019-12-09T03:05:59.940+0000][1][safepoint    ] Entering safepoint region: CollectForMetadataAllocation
[2019-12-09T03:05:59.940+0000][1][safepoint    ] Leaving safepoint region
[2019-12-09T03:05:59.940+0000][1][safepoint    ] Total time for which application threads were stopped: 0.0002188 seconds, Stopping threads took: 0.0000132 seconds
[2019-12-09T03:06:00.145+0000][1][safepoint    ] Application time: 0.2047533 seconds
[2019-12-09T03:06:00.145+0000][1][safepoint    ] Entering safepoint region: CollectForMetadataAllocation
[2019-12-09T03:06:00.145+0000][1][safepoint    ] Leaving safepoint region
[2019-12-09T03:06:00.145+0000][1][safepoint    ] Total time for which application threads were stopped: 0.0002274 seconds, Stopping threads took: 0.0000138 seconds
[2019-12-09T03:06:00.247+0000][1][safepoint    ] Application time: 0.1017309 seconds
[2019-12-09T03:06:00.247+0000][1][safepoint    ] Entering safepoint region: GenCollectForAllocation
[2019-12-09T03:06:00.247+0000][1][gc,start     ] GC(17) Pause Young (Allocation Failure)
[2019-12-09T03:06:00.247+0000][1][gc,task      ] GC(17) Using 2 workers of 2 for evacuation
[2019-12-09T03:06:00.339+0000][1][gc,age       ] GC(17) Desired survivor size 4456448 bytes, new threshold 6 (max threshold 6)
[2019-12-09T03:06:00.339+0000][1][gc,age       ] GC(17) Age table with threshold 6 (max threshold 6)
[2019-12-09T03:06:00.339+0000][1][gc,age       ] GC(17) - age   1:    1940408 bytes,    1940408 total
[2019-12-09T03:06:00.339+0000][1][gc,age       ] GC(17) - age   2:    1212616 bytes,    3153024 total
[2019-12-09T03:06:00.339+0000][1][gc,heap      ] GC(17) ParNew: 78573K->3584K(78656K)
[2019-12-09T03:06:00.339+0000][1][gc,heap      ] GC(17) CMS: 54668K->54668K(174784K)
[2019-12-09T03:06:00.339+0000][1][gc,metaspace ] GC(17) Metaspace: 35252K->35252K(1081344K)
[2019-12-09T03:06:00.339+0000][1][gc           ] GC(17) Pause Young (Allocation Failure) 130M->56M(247M) 92.400ms
[2019-12-09T03:06:00.339+0000][1][gc,cpu       ] GC(17) User=0.01s Sys=0.00s Real=0.09s
[2019-12-09T03:06:00.339+0000][1][safepoint    ] Leaving safepoint region
[2019-12-09T03:06:00.339+0000][1][safepoint    ] Total time for which application threads were stopped: 0.0925440 seconds, Stopping threads took: 0.0000245 seconds
[2019-12-09T03:06:00.342+0000][1][safepoint    ] Application time: 0.0028947 seconds
[2019-12-09T03:06:00.342+0000][1][safepoint    ] Entering safepoint region: CollectForMetadataAllocation
[2019-12-09T03:06:00.342+0000][1][safepoint    ] Leaving safepoint region
[2019-12-09T03:06:00.342+0000][1][safepoint    ] Total time for which application threads were stopped: 0.0002000 seconds, Stopping threads took: 0.0000115 seconds
[2019-12-09T03:06:00.348+0000][1][safepoint    ] Application time: 0.0056641 seconds
[2019-12-09T03:06:00.371+0000][1][safepoint    ] Entering safepoint region: CMS_Initial_Mark
[2019-12-09T03:06:00.371+0000][1][gc,start     ] GC(18) Pause Initial Mark
[2019-12-09T03:06:00.375+0000][1][gc           ] GC(18) Pause Initial Mark 58M->58M(247M) 4.586ms
[2019-12-09T03:06:00.375+0000][1][gc,cpu       ] GC(18) User=0.00s Sys=0.00s Real=0.01s
[2019-12-09T03:06:00.376+0000][1][safepoint    ] Leaving safepoint region
[2019-12-09T03:06:00.376+0000][1][safepoint    ] Total time for which application threads were stopped: 0.0273870 seconds, Stopping threads took: 0.0226991 seconds
[2019-12-09T03:06:00.376+0000][1][gc           ] GC(18) Concurrent Mark
[2019-12-09T03:06:00.633+0000][1][safepoint    ] Application time: 0.2572152 seconds
[2019-12-09T03:06:00.633+0000][1][safepoint    ] Entering safepoint region: CollectForMetadataAllocation
[2019-12-09T03:06:00.633+0000][1][safepoint    ] Leaving safepoint region
[2019-12-09T03:06:00.633+0000][1][safepoint    ] Total time for which application threads were stopped: 0.0001599 seconds, Stopping threads took: 0.0000160 seconds
[2019-12-09T03:06:00.966+0000][1][safepoint    ] Application time: 0.3328173 seconds
[2019-12-09T03:06:00.966+0000][1][safepoint    ] Entering safepoint region: CollectForMetadataAllocation
[2019-12-09T03:06:00.966+0000][1][safepoint    ] Leaving safepoint region
[2019-12-09T03:06:00.966+0000][1][safepoint    ] Total time for which application threads were stopped: 0.0002323 seconds, Stopping threads took: 0.0000148 seconds
[2019-12-09T03:06:01.264+0000][1][gc           ] GC(18) Concurrent Mark 888.225ms
[2019-12-09T03:06:01.264+0000][1][gc,cpu       ] GC(18) User=0.23s Sys=0.00s Real=0.88s
[2019-12-09T03:06:01.264+0000][1][gc           ] GC(18) Concurrent Preclean
[2019-12-09T03:06:01.283+0000][1][safepoint    ] Application time: 0.3166799 seconds
[2019-12-09T03:06:01.283+0000][1][safepoint    ] Entering safepoint region: CollectForMetadataAllocation
[2019-12-09T03:06:01.283+0000][1][safepoint    ] Leaving safepoint region
[2019-12-09T03:06:01.283+0000][1][safepoint    ] Total time for which application threads were stopped: 0.0002327 seconds, Stopping threads took: 0.0000143 seconds
[2019-12-09T03:06:01.323+0000][1][gc           ] GC(18) Concurrent Preclean 59.115ms
[2019-12-09T03:06:01.323+0000][1][gc,cpu       ] GC(18) User=0.01s Sys=0.00s Real=0.06s
[2019-12-09T03:06:01.323+0000][1][gc           ] GC(18) Concurrent Abortable Preclean
[2019-12-09T03:06:01.797+0000][1][safepoint    ] Application time: 0.5138795 seconds
[2019-12-09T03:06:01.797+0000][1][safepoint    ] Entering safepoint region: CollectForMetadataAllocation
[2019-12-09T03:06:01.797+0000][1][safepoint    ] Leaving safepoint region
[2019-12-09T03:06:01.797+0000][1][safepoint    ] Total time for which application threads were stopped: 0.0002335 seconds, Stopping threads took: 0.0000159 seconds
[2019-12-09T03:06:02.183+0000][1][safepoint    ] Application time: 0.3855669 seconds
[2019-12-09T03:06:02.183+0000][1][safepoint    ] Entering safepoint region: RevokeBias
[2019-12-09T03:06:02.183+0000][1][safepoint    ] Leaving safepoint region
[2019-12-09T03:06:02.183+0000][1][safepoint    ] Total time for which application threads were stopped: 0.0001518 seconds, Stopping threads took: 0.0000143 seconds
[2019-12-09T03:06:02.280+0000][1][safepoint    ] Application time: 0.0968019 seconds
[2019-12-09T03:06:02.280+0000][1][safepoint    ] Entering safepoint region: CollectForMetadataAllocation
[2019-12-09T03:06:02.280+0000][1][safepoint    ] Leaving safepoint region
[2019-12-09T03:06:02.280+0000][1][safepoint    ] Total time for which application threads were stopped: 0.0002289 seconds, Stopping threads took: 0.0000159 seconds
[2019-12-09T03:06:02.746+0000][1][safepoint    ] Application time: 0.4657080 seconds
[2019-12-09T03:06:02.746+0000][1][safepoint    ] Entering safepoint region: CollectForMetadataAllocation
[2019-12-09T03:06:02.746+0000][1][safepoint    ] Leaving safepoint region
[2019-12-09T03:06:02.746+0000][1][safepoint    ] Total time for which application threads were stopped: 0.0001806 seconds, Stopping threads took: 0.0000141 seconds
[2019-12-09T03:06:03.151+0000][1][safepoint    ] Application time: 0.4048866 seconds
[2019-12-09T03:06:03.151+0000][1][safepoint    ] Entering safepoint region: CollectForMetadataAllocation
[2019-12-09T03:06:03.151+0000][1][safepoint    ] Leaving safepoint region
[2019-12-09T03:06:03.151+0000][1][safepoint    ] Total time for which application threads were stopped: 0.0002732 seconds, Stopping threads took: 0.0000148 seconds
[2019-12-09T03:06:03.421+0000][1][safepoint    ] Application time: 0.2695765 seconds
[2019-12-09T03:06:03.421+0000][1][safepoint    ] Entering safepoint region: CollectForMetadataAllocation
[2019-12-09T03:06:03.421+0000][1][safepoint    ] Leaving safepoint region
[2019-12-09T03:06:03.421+0000][1][safepoint    ] Total time for which application threads were stopped: 0.0002483 seconds, Stopping threads took: 0.0000140 seconds
[2019-12-09T03:06:03.532+0000][1][safepoint    ] Application time: 0.1112472 seconds
[2019-12-09T03:06:03.532+0000][1][safepoint    ] Entering safepoint region: CollectForMetadataAllocation
[2019-12-09T03:06:03.533+0000][1][safepoint    ] Leaving safepoint region
[2019-12-09T03:06:03.533+0000][1][safepoint    ] Total time for which application threads were stopped: 0.0002247 seconds, Stopping threads took: 0.0000136 seconds
[2019-12-09T03:06:03.793+0000][1][safepoint    ] Application time: 0.2606625 seconds
[2019-12-09T03:06:03.793+0000][1][safepoint    ] Entering safepoint region: CollectForMetadataAllocation
[2019-12-09T03:06:03.793+0000][1][safepoint    ] Leaving safepoint region
[2019-12-09T03:06:03.793+0000][1][safepoint    ] Total time for which application threads were stopped: 0.0002234 seconds, Stopping threads took: 0.0000122 seconds
[2019-12-09T03:06:04.003+0000][1][safepoint    ] Application time: 0.2094073 seconds
[2019-12-09T03:06:04.003+0000][1][safepoint    ] Entering safepoint region: CollectForMetadataAllocation
[2019-12-09T03:06:04.003+0000][1][safepoint    ] Leaving safepoint region
[2019-12-09T03:06:04.003+0000][1][safepoint    ] Total time for which application threads were stopped: 0.0002213 seconds, Stopping threads took: 0.0000136 seconds
[2019-12-09T03:06:04.278+0000][1][safepoint    ] Application time: 0.2747311 seconds
[2019-12-09T03:06:04.278+0000][1][safepoint    ] Entering safepoint region: CollectForMetadataAllocation
[2019-12-09T03:06:04.278+0000][1][safepoint    ] Leaving safepoint region
[2019-12-09T03:06:04.278+0000][1][safepoint    ] Total time for which application threads were stopped: 0.0002369 seconds, Stopping threads took: 0.0000132 seconds
[2019-12-09T03:06:04.505+0000][1][safepoint    ] Application time: 0.2271989 seconds
[2019-12-09T03:06:04.505+0000][1][safepoint    ] Entering safepoint region: CollectForMetadataAllocation
[2019-12-09T03:06:04.506+0000][1][safepoint    ] Leaving safepoint region
[2019-12-09T03:06:04.506+0000][1][safepoint    ] Total time for which application threads were stopped: 0.0002318 seconds, Stopping threads took: 0.0000143 seconds
[2019-12-09T03:06:04.797+0000][1][safepoint    ] Application time: 0.2916620 seconds
[2019-12-09T03:06:04.797+0000][1][safepoint    ] Entering safepoint region: CollectForMetadataAllocation
[2019-12-09T03:06:04.797+0000][1][safepoint    ] Leaving safepoint region
[2019-12-09T03:06:04.797+0000][1][safepoint    ] Total time for which application threads were stopped: 0.0001545 seconds, Stopping threads took: 0.0000138 seconds
[2019-12-09T03:06:05.043+0000][1][safepoint    ] Application time: 0.2453554 seconds
[2019-12-09T03:06:05.043+0000][1][safepoint    ] Entering safepoint region: CollectForMetadataAllocation
[2019-12-09T03:06:05.043+0000][1][safepoint    ] Leaving safepoint region
[2019-12-09T03:06:05.043+0000][1][safepoint    ] Total time for which application threads were stopped: 0.0001610 seconds, Stopping threads took: 0.0000131 seconds
[2019-12-09T03:06:05.181+0000][1][safepoint    ] Application time: 0.1382385 seconds
[2019-12-09T03:06:05.181+0000][1][safepoint    ] Entering safepoint region: CollectForMetadataAllocation
[2019-12-09T03:06:05.182+0000][1][safepoint    ] Leaving safepoint region
[2019-12-09T03:06:05.182+0000][1][safepoint    ] Total time for which application threads were stopped: 0.0002292 seconds, Stopping threads took: 0.0000141 seconds
[2019-12-09T03:06:05.438+0000][1][safepoint    ] Application time: 0.2560136 seconds
[2019-12-09T03:06:05.438+0000][1][safepoint    ] Entering safepoint region: CollectForMetadataAllocation
[2019-12-09T03:06:05.438+0000][1][safepoint    ] Leaving safepoint region
[2019-12-09T03:06:05.438+0000][1][safepoint    ] Total time for which application threads were stopped: 0.0002675 seconds, Stopping threads took: 0.0000147 seconds
[2019-12-09T03:06:06.067+0000][1][safepoint    ] Application time: 0.6289027 seconds
[2019-12-09T03:06:06.067+0000][1][safepoint    ] Entering safepoint region: CollectForMetadataAllocation
[2019-12-09T03:06:06.067+0000][1][safepoint    ] Leaving safepoint region
[2019-12-09T03:06:06.067+0000][1][safepoint    ] Total time for which application threads were stopped: 0.0001623 seconds, Stopping threads took: 0.0000124 seconds
[2019-12-09T03:06:06.408+0000][1][safepoint    ] Application time: 0.3407123 seconds
[2019-12-09T03:06:06.408+0000][1][safepoint    ] Entering safepoint region: CollectForMetadataAllocation
[2019-12-09T03:06:06.408+0000][1][safepoint    ] Leaving safepoint region
[2019-12-09T03:06:06.408+0000][1][safepoint    ] Total time for which application threads were stopped: 0.0002590 seconds, Stopping threads took: 0.0000254 seconds
[2019-12-09T03:06:06.548+0000][1][gc           ] GC(18) Concurrent Abortable Preclean 5225.232ms
[2019-12-09T03:06:06.548+0000][1][gc,cpu       ] GC(18) User=1.33s Sys=0.02s Real=5.23s
[2019-12-09T03:06:06.554+0000][1][safepoint    ] Application time: 0.1459527 seconds
[2019-12-09T03:06:06.608+0000][1][safepoint    ] Entering safepoint region: CMS_Final_Remark
[2019-12-09T03:06:06.608+0000][1][gc,start     ] GC(18) Pause Remark
[2019-12-09T03:06:06.759+0000][1][gc           ] GC(18) Pause Remark 84M->84M(247M) 151.246ms
[2019-12-09T03:06:06.759+0000][1][gc,cpu       ] GC(18) User=0.05s Sys=0.00s Real=0.15s
[2019-12-09T03:06:06.759+0000][1][safepoint    ] Leaving safepoint region
[2019-12-09T03:06:06.759+0000][1][safepoint    ] Total time for which application threads were stopped: 0.2051395 seconds, Stopping threads took: 0.0537458 seconds
[2019-12-09T03:06:06.777+0000][1][gc           ] GC(18) Concurrent Sweep
[2019-12-09T03:06:07.004+0000][1][safepoint    ] Application time: 0.2445020 seconds
[2019-12-09T03:06:07.004+0000][1][safepoint    ] Entering safepoint region: CollectForMetadataAllocation
[2019-12-09T03:06:07.005+0000][1][safepoint    ] Leaving safepoint region
[2019-12-09T03:06:07.005+0000][1][safepoint    ] Total time for which application threads were stopped: 0.0010165 seconds, Stopping threads took: 0.0000164 seconds
[2019-12-09T03:06:07.119+0000][1][gc           ] GC(18) Concurrent Sweep 341.855ms
[2019-12-09T03:06:07.119+0000][1][gc,cpu       ] GC(18) User=0.10s Sys=0.00s Real=0.34s
[2019-12-09T03:06:07.119+0000][1][gc           ] GC(18) Concurrent Reset
[2019-12-09T03:06:07.138+0000][1][gc           ] GC(18) Concurrent Reset 19.379ms
[2019-12-09T03:06:07.138+0000][1][gc,cpu       ] GC(18) User=0.00s Sys=0.00s Real=0.02s
[2019-12-09T03:06:07.138+0000][1][gc,heap      ] GC(18) Old: 54668K->54476K(174784K)
[2019-12-09T03:06:07.343+0000][1][safepoint    ] Application time: 0.3380662 seconds
[2019-12-09T03:06:07.349+0000][1][safepoint    ] Entering safepoint region: RevokeBias
[2019-12-09T03:06:07.349+0000][1][safepoint    ] Leaving safepoint region
[2019-12-09T03:06:07.349+0000][1][safepoint    ] Total time for which application threads were stopped: 0.0059893 seconds, Stopping threads took: 0.0059028 seconds
[2019-12-09T03:06:08.350+0000][1][safepoint    ] Application time: 1.0008867 seconds
[2019-12-09T03:06:08.416+0000][1][safepoint    ] Entering safepoint region: Cleanup
[2019-12-09T03:06:08.416+0000][1][safepoint    ] Leaving safepoint region
[2019-12-09T03:06:08.416+0000][1][safepoint    ] Total time for which application threads were stopped: 0.0662406 seconds, Stopping threads took: 0.0661741 seconds
[2019-12-09T03:06:11.437+0000][1][safepoint    ] Application time: 3.0207076 seconds
[2019-12-09T03:06:11.496+0000][1][safepoint    ] Entering safepoint region: Cleanup
[2019-12-09T03:06:11.496+0000][1][safepoint    ] Leaving safepoint region
[2019-12-09T03:06:11.496+0000][1][safepoint    ] Total time for which application threads were stopped: 0.0591125 seconds, Stopping threads took: 0.0590586 seconds
[2019-12-09T03:06:12.322+0000][1][safepoint    ] Application time: 0.8258605 seconds
[2019-12-09T03:06:12.373+0000][1][safepoint    ] Entering safepoint region: RevokeBias
[2019-12-09T03:06:12.373+0000][1][safepoint    ] Leaving safepoint region
[2019-12-09T03:06:12.373+0000][1][safepoint    ] Total time for which application threads were stopped: 0.0511490 seconds, Stopping threads took: 0.0510365 seconds
[2019-12-09T03:06:12.373+0000][1][safepoint    ] Application time: 0.0001287 seconds
[2019-12-09T03:06:12.373+0000][1][safepoint    ] Entering safepoint region: RevokeBias
[2019-12-09T03:06:12.373+0000][1][safepoint    ] Leaving safepoint region
[2019-12-09T03:06:12.373+0000][1][safepoint    ] Total time for which application threads were stopped: 0.0000810 seconds, Stopping threads took: 0.0000080 seconds
[2019-12-09T03:06:12.373+0000][1][safepoint    ] Application time: 0.0001149 seconds
[2019-12-09T03:06:12.373+0000][1][safepoint    ] Entering safepoint region: RevokeBias
[2019-12-09T03:06:12.373+0000][1][safepoint    ] Leaving safepoint region
[2019-12-09T03:06:12.373+0000][1][safepoint    ] Total time for which application threads were stopped: 0.0000685 seconds, Stopping threads took: 0.0000071 seconds
[2019-12-09T03:06:12.374+0000][1][safepoint    ] Application time: 0.0001782 seconds
[2019-12-09T03:06:12.374+0000][1][safepoint    ] Entering safepoint region: RevokeBias
[2019-12-09T03:06:12.374+0000][1][safepoint    ] Leaving safepoint region
[2019-12-09T03:06:12.374+0000][1][safepoint    ] Total time for which application threads were stopped: 0.0001094 seconds, Stopping threads took: 0.0000109 seconds
[2019-12-09T03:06:12.374+0000][1][safepoint    ] Application time: 0.0002545 seconds
[2019-12-09T03:06:12.374+0000][1][safepoint    ] Entering safepoint region: RevokeBias
[2019-12-09T03:06:12.374+0000][1][safepoint    ] Leaving safepoint region
[2019-12-09T03:06:12.374+0000][1][safepoint    ] Total time for which application threads were stopped: 0.0000762 seconds, Stopping threads took: 0.0000090 seconds
[2019-12-09T03:06:12.374+0000][1][safepoint    ] Application time: 0.0000783 seconds
[2019-12-09T03:06:12.374+0000][1][safepoint    ] Entering safepoint region: RevokeBias
[2019-12-09T03:06:12.374+0000][1][safepoint    ] Leaving safepoint region
[2019-12-09T03:06:12.374+0000][1][safepoint    ] Total time for which application threads were stopped: 0.0000769 seconds, Stopping threads took: 0.0000086 seconds
[2019-12-09T03:06:12.374+0000][1][safepoint    ] Application time: 0.0000537 seconds
[2019-12-09T03:06:12.374+0000][1][safepoint    ] Entering safepoint region: RevokeBias
[2019-12-09T03:06:12.374+0000][1][safepoint    ] Leaving safepoint region
[2019-12-09T03:06:12.374+0000][1][safepoint    ] Total time for which application threads were stopped: 0.0000697 seconds, Stopping threads took: 0.0000089 seconds
[2019-12-09T03:06:12.374+0000][1][safepoint    ] Application time: 0.0000883 seconds
[2019-12-09T03:06:12.374+0000][1][safepoint    ] Entering safepoint region: RevokeBias
[2019-12-09T03:06:12.374+0000][1][safepoint    ] Leaving safepoint region
[2019-12-09T03:06:12.375+0000][1][safepoint    ] Total time for which application threads were stopped: 0.0000725 seconds, Stopping threads took: 0.0000083 seconds
[2019-12-09T03:06:12.375+0000][1][safepoint    ] Application time: 0.0000623 seconds
[2019-12-09T03:06:12.375+0000][1][safepoint    ] Entering safepoint region: RevokeBias
[2019-12-09T03:06:12.375+0000][1][safepoint    ] Leaving safepoint region
[2019-12-09T03:06:12.375+0000][1][safepoint    ] Total time for which application threads were stopped: 0.0000823 seconds, Stopping threads took: 0.0000081 seconds
[2019-12-09T03:06:12.376+0000][1][safepoint    ] Application time: 0.0010867 seconds
[2019-12-09T03:06:12.376+0000][1][safepoint    ] Entering safepoint region: RevokeBias
[2019-12-09T03:06:12.376+0000][1][safepoint    ] Leaving safepoint region
[2019-12-09T03:06:12.376+0000][1][safepoint    ] Total time for which application threads were stopped: 0.0000904 seconds, Stopping threads took: 0.0000106 seconds
[2019-12-09T03:06:12.376+0000][1][safepoint    ] Application time: 0.0002199 seconds
[2019-12-09T03:06:12.376+0000][1][safepoint    ] Entering safepoint region: RevokeBias
[2019-12-09T03:06:12.376+0000][1][safepoint    ] Leaving safepoint region
[2019-12-09T03:06:12.376+0000][1][safepoint    ] Total time for which application threads were stopped: 0.0000804 seconds, Stopping threads took: 0.0000095 seconds
[2019-12-09T03:06:12.377+0000][1][safepoint    ] Application time: 0.0003275 seconds
[2019-12-09T03:06:12.377+0000][1][safepoint    ] Entering safepoint region: RevokeBias
[2019-12-09T03:06:12.377+0000][1][safepoint    ] Leaving safepoint region
[2019-12-09T03:06:12.377+0000][1][safepoint    ] Total time for which application threads were stopped: 0.0000815 seconds, Stopping threads took: 0.0000092 seconds
[2019-12-09T03:06:12.653+0000][1][safepoint    ] Application time: 0.2762962 seconds
[2019-12-09T03:06:12.653+0000][1][safepoint    ] Entering safepoint region: RevokeBias
[2019-12-09T03:06:12.653+0000][1][safepoint    ] Leaving safepoint region
[2019-12-09T03:06:12.653+0000][1][safepoint    ] Total time for which application threads were stopped: 0.0001294 seconds, Stopping threads took: 0.0000387 seconds
[2019-12-09T03:06:14.664+0000][1][safepoint    ] Application time: 2.0105869 seconds
[2019-12-09T03:06:14.703+0000][1][safepoint    ] Entering safepoint region: Cleanup
[2019-12-09T03:06:14.703+0000][1][safepoint    ] Leaving safepoint region
[2019-12-09T03:06:14.703+0000][1][safepoint    ] Total time for which application threads were stopped: 0.0391671 seconds, Stopping threads took: 0.0391166 seconds
[2019-12-09T03:06:15.713+0000][1][safepoint    ] Application time: 1.0098000 seconds
[2019-12-09T03:06:15.772+0000][1][safepoint    ] Entering safepoint region: Cleanup
[2019-12-09T03:06:15.772+0000][1][safepoint    ] Leaving safepoint region
[2019-12-09T03:06:15.772+0000][1][safepoint    ] Total time for which application threads were stopped: 0.0591685 seconds, Stopping threads took: 0.0591030 seconds
[2019-12-09T03:06:16.790+0000][1][safepoint    ] Application time: 1.0178176 seconds
[2019-12-09T03:06:16.869+0000][1][safepoint    ] Entering safepoint region: Cleanup
[2019-12-09T03:06:16.869+0000][1][safepoint    ] Leaving safepoint region
[2019-12-09T03:06:16.869+0000][1][safepoint    ] Total time for which application threads were stopped: 0.0790555 seconds, Stopping threads took: 0.0789881 seconds
[2019-12-09T03:06:16.937+0000][1][safepoint    ] Application time: 0.0685685 seconds
[2019-12-09T03:06:16.937+0000][1][safepoint    ] Entering safepoint region: GenCollectForAllocation
[2019-12-09T03:06:16.938+0000][1][gc,start     ] GC(19) Pause Young (Allocation Failure)
[2019-12-09T03:06:16.938+0000][1][gc,task      ] GC(19) Using 2 workers of 2 for evacuation
[2019-12-09T03:06:17.138+0000][1][gc,age       ] GC(19) Desired survivor size 4456448 bytes, new threshold 3 (max threshold 6)
[2019-12-09T03:06:17.138+0000][1][gc,age       ] GC(19) Age table with threshold 3 (max threshold 6)
[2019-12-09T03:06:17.138+0000][1][gc,age       ] GC(19) - age   1:    2542088 bytes,    2542088 total
[2019-12-09T03:06:17.138+0000][1][gc,age       ] GC(19) - age   2:    1913848 bytes,    4455936 total
[2019-12-09T03:06:17.138+0000][1][gc,age       ] GC(19) - age   3:    1210400 bytes,    5666336 total
[2019-12-09T03:06:17.138+0000][1][gc,heap      ] GC(19) ParNew: 73536K->7266K(78656K)
[2019-12-09T03:06:17.138+0000][1][gc,heap      ] GC(19) CMS: 54476K->54476K(174784K)
[2019-12-09T03:06:17.138+0000][1][gc,metaspace ] GC(19) Metaspace: 42947K->42947K(1089536K)
[2019-12-09T03:06:17.138+0000][1][gc           ] GC(19) Pause Young (Allocation Failure) 125M->60M(247M) 200.740ms
[2019-12-09T03:06:17.138+0000][1][gc,cpu       ] GC(19) User=0.06s Sys=0.00s Real=0.20s
[2019-12-09T03:06:17.138+0000][1][safepoint    ] Leaving safepoint region
[2019-12-09T03:06:17.138+0000][1][safepoint    ] Total time for which application threads were stopped: 0.2008830 seconds, Stopping threads took: 0.0000129 seconds
[2019-12-09T03:06:17.234+0000][1][safepoint    ] Application time: 0.0959356 seconds
[2019-12-09T03:06:17.234+0000][1][safepoint    ] Entering safepoint region: RevokeBias
[2019-12-09T03:06:17.234+0000][1][safepoint    ] Leaving safepoint region
[2019-12-09T03:06:17.234+0000][1][safepoint    ] Total time for which application threads were stopped: 0.0000648 seconds, Stopping threads took: 0.0000145 seconds
[2019-12-09T03:06:18.241+0000][1][safepoint    ] Application time: 1.0063237 seconds
[2019-12-09T03:06:18.241+0000][1][safepoint    ] Entering safepoint region: Cleanup
[2019-12-09T03:06:18.241+0000][1][safepoint    ] Leaving safepoint region
[2019-12-09T03:06:18.241+0000][1][safepoint    ] Total time for which application threads were stopped: 0.0001509 seconds, Stopping threads took: 0.0000867 seconds
[2019-12-09T03:06:18.902+0000][1][safepoint    ] Application time: 0.6615462 seconds
[2019-12-09T03:06:18.902+0000][1][safepoint    ] Entering safepoint region: RevokeBias
[2019-12-09T03:06:18.903+0000][1][safepoint    ] Leaving safepoint region
[2019-12-09T03:06:18.903+0000][1][safepoint    ] Total time for which application threads were stopped: 0.0001173 seconds, Stopping threads took: 0.0000149 seconds
[2019-12-09T03:06:18.980+0000][1][safepoint    ] Application time: 0.0769082 seconds
[2019-12-09T03:06:18.980+0000][1][safepoint    ] Entering safepoint region: RevokeBias
[2019-12-09T03:06:18.980+0000][1][safepoint    ] Leaving safepoint region
[2019-12-09T03:06:18.980+0000][1][safepoint    ] Total time for which application threads were stopped: 0.0000837 seconds, Stopping threads took: 0.0000122 seconds
[2019-12-09T03:06:19.994+0000][1][safepoint    ] Application time: 1.0140590 seconds
[2019-12-09T03:06:20.023+0000][1][safepoint    ] Entering safepoint region: Cleanup
[2019-12-09T03:06:20.023+0000][1][safepoint    ] Leaving safepoint region
[2019-12-09T03:06:20.023+0000][1][safepoint    ] Total time for which application threads were stopped: 0.0292129 seconds, Stopping threads took: 0.0291398 seconds
[2019-12-09T03:06:20.627+0000][1][safepoint    ] Application time: 0.6037484 seconds
[2019-12-09T03:06:20.627+0000][1][safepoint    ] Entering safepoint region: RevokeBias
[2019-12-09T03:06:20.627+0000][1][safepoint    ] Leaving safepoint region
[2019-12-09T03:06:20.627+0000][1][safepoint    ] Total time for which application threads were stopped: 0.0004522 seconds, Stopping threads took: 0.0000158 seconds
[2019-12-09T03:06:21.132+0000][1][safepoint    ] Application time: 0.5045306 seconds
[2019-12-09T03:06:21.132+0000][1][safepoint    ] Entering safepoint region: RevokeBias
[2019-12-09T03:06:21.132+0000][1][safepoint    ] Leaving safepoint region
[2019-12-09T03:06:21.132+0000][1][safepoint    ] Total time for which application threads were stopped: 0.0000973 seconds, Stopping threads took: 0.0000142 seconds
[2019-12-09T03:06:21.132+0000][1][safepoint    ] Application time: 0.0000990 seconds
[2019-12-09T03:06:21.132+0000][1][safepoint    ] Entering safepoint region: RevokeBias
[2019-12-09T03:06:21.132+0000][1][safepoint    ] Leaving safepoint region
[2019-12-09T03:06:21.132+0000][1][safepoint    ] Total time for which application threads were stopped: 0.0000455 seconds, Stopping threads took: 0.0000074 seconds
[2019-12-09T03:06:21.132+0000][1][safepoint    ] Application time: 0.0000369 seconds
[2019-12-09T03:06:21.132+0000][1][safepoint    ] Entering safepoint region: RevokeBias
[2019-12-09T03:06:21.132+0000][1][safepoint    ] Leaving safepoint region
[2019-12-09T03:06:21.132+0000][1][safepoint    ] Total time for which application threads were stopped: 0.0000442 seconds, Stopping threads took: 0.0000066 seconds
[2019-12-09T03:06:21.132+0000][1][safepoint    ] Application time: 0.0000959 seconds
[2019-12-09T03:06:21.132+0000][1][safepoint    ] Entering safepoint region: RevokeBias
[2019-12-09T03:06:21.132+0000][1][safepoint    ] Leaving safepoint region
[2019-12-09T03:06:21.132+0000][1][safepoint    ] Total time for which application threads were stopped: 0.0000414 seconds, Stopping threads took: 0.0000069 seconds
[2019-12-09T03:06:21.133+0000][1][safepoint    ] Application time: 0.0005242 seconds
[2019-12-09T03:06:21.133+0000][1][safepoint    ] Entering safepoint region: RevokeBias
[2019-12-09T03:06:21.133+0000][1][safepoint    ] Leaving safepoint region
[2019-12-09T03:06:21.133+0000][1][safepoint    ] Total time for which application threads were stopped: 0.0000600 seconds, Stopping threads took: 0.0000100 seconds
[2019-12-09T03:06:21.133+0000][1][safepoint    ] Application time: 0.0000738 seconds
[2019-12-09T03:06:21.133+0000][1][safepoint    ] Entering safepoint region: RevokeBias
[2019-12-09T03:06:21.133+0000][1][safepoint    ] Leaving safepoint region
[2019-12-09T03:06:21.133+0000][1][safepoint    ] Total time for which application threads were stopped: 0.0000398 seconds, Stopping threads took: 0.0000069 seconds
[2019-12-09T03:06:21.133+0000][1][safepoint    ] Application time: 0.0001631 seconds
[2019-12-09T03:06:21.133+0000][1][safepoint    ] Entering safepoint region: RevokeBias
[2019-12-09T03:06:21.133+0000][1][safepoint    ] Leaving safepoint region
[2019-12-09T03:06:21.133+0000][1][safepoint    ] Total time for which application threads were stopped: 0.0000524 seconds, Stopping threads took: 0.0000085 seconds
[2019-12-09T03:06:21.133+0000][1][safepoint    ] Application time: 0.0000359 seconds
[2019-12-09T03:06:21.133+0000][1][safepoint    ] Entering safepoint region: RevokeBias
[2019-12-09T03:06:21.133+0000][1][safepoint    ] Leaving safepoint region
[2019-12-09T03:06:21.133+0000][1][safepoint    ] Total time for which application threads were stopped: 0.0000424 seconds, Stopping threads took: 0.0000076 seconds
[2019-12-09T03:06:21.133+0000][1][safepoint    ] Application time: 0.0000358 seconds
[2019-12-09T03:06:21.133+0000][1][safepoint    ] Entering safepoint region: RevokeBias
[2019-12-09T03:06:21.133+0000][1][safepoint    ] Leaving safepoint region
[2019-12-09T03:06:21.133+0000][1][safepoint    ] Total time for which application threads were stopped: 0.0000401 seconds, Stopping threads took: 0.0000072 seconds
[2019-12-09T03:06:21.133+0000][1][safepoint    ] Application time: 0.0000339 seconds
[2019-12-09T03:06:21.133+0000][1][safepoint    ] Entering safepoint region: RevokeBias
[2019-12-09T03:06:21.134+0000][1][safepoint    ] Leaving safepoint region
[2019-12-09T03:06:21.134+0000][1][safepoint    ] Total time for which application threads were stopped: 0.0000410 seconds, Stopping threads took: 0.0000074 seconds
[2019-12-09T03:06:21.134+0000][1][safepoint    ] Application time: 0.0000337 seconds
[2019-12-09T03:06:21.134+0000][1][safepoint    ] Entering safepoint region: RevokeBias
[2019-12-09T03:06:21.134+0000][1][safepoint    ] Leaving safepoint region
[2019-12-09T03:06:21.134+0000][1][safepoint    ] Total time for which application threads were stopped: 0.0000404 seconds, Stopping threads took: 0.0000074 seconds
[2019-12-09T03:06:21.134+0000][1][safepoint    ] Application time: 0.0000336 seconds
[2019-12-09T03:06:21.134+0000][1][safepoint    ] Entering safepoint region: RevokeBias
[2019-12-09T03:06:21.134+0000][1][safepoint    ] Leaving safepoint region
[2019-12-09T03:06:21.134+0000][1][safepoint    ] Total time for which application threads were stopped: 0.0000620 seconds, Stopping threads took: 0.0000074 seconds
[2019-12-09T03:06:21.134+0000][1][safepoint    ] Application time: 0.0000358 seconds
[2019-12-09T03:06:21.134+0000][1][safepoint    ] Entering safepoint region: RevokeBias
[2019-12-09T03:06:21.134+0000][1][safepoint    ] Leaving safepoint region
[2019-12-09T03:06:21.134+0000][1][safepoint    ] Total time for which application threads were stopped: 0.0000463 seconds, Stopping threads took: 0.0000081 seconds
[2019-12-09T03:06:21.134+0000][1][safepoint    ] Application time: 0.0000348 seconds
[2019-12-09T03:06:21.134+0000][1][safepoint    ] Entering safepoint region: RevokeBias
[2019-12-09T03:06:21.134+0000][1][safepoint    ] Leaving safepoint region
[2019-12-09T03:06:21.134+0000][1][safepoint    ] Total time for which application threads were stopped: 0.0000418 seconds, Stopping threads took: 0.0000080 seconds
[2019-12-09T03:06:21.134+0000][1][safepoint    ] Application time: 0.0000344 seconds
[2019-12-09T03:06:21.134+0000][1][safepoint    ] Entering safepoint region: RevokeBias
[2019-12-09T03:06:21.134+0000][1][safepoint    ] Leaving safepoint region
[2019-12-09T03:06:21.134+0000][1][safepoint    ] Total time for which application threads were stopped: 0.0000417 seconds, Stopping threads took: 0.0000079 seconds
[2019-12-09T03:06:21.134+0000][1][safepoint    ] Application time: 0.0000343 seconds
[2019-12-09T03:06:21.134+0000][1][safepoint    ] Entering safepoint region: RevokeBias
[2019-12-09T03:06:21.134+0000][1][safepoint    ] Leaving safepoint region
[2019-12-09T03:06:21.134+0000][1][safepoint    ] Total time for which application threads were stopped: 0.0000418 seconds, Stopping threads took: 0.0000080 seconds
[2019-12-09T03:06:21.134+0000][1][safepoint    ] Application time: 0.0000344 seconds
[2019-12-09T03:06:21.134+0000][1][safepoint    ] Entering safepoint region: RevokeBias
[2019-12-09T03:06:21.134+0000][1][safepoint    ] Leaving safepoint region
[2019-12-09T03:06:21.134+0000][1][safepoint    ] Total time for which application threads were stopped: 0.0000417 seconds, Stopping threads took: 0.0000079 seconds
[2019-12-09T03:06:21.134+0000][1][safepoint    ] Application time: 0.0000343 seconds
[2019-12-09T03:06:21.134+0000][1][safepoint    ] Entering safepoint region: RevokeBias
[2019-12-09T03:06:21.134+0000][1][safepoint    ] Leaving safepoint region
[2019-12-09T03:06:21.134+0000][1][safepoint    ] Total time for which application threads were stopped: 0.0000420 seconds, Stopping threads took: 0.0000079 seconds
[2019-12-09T03:06:21.134+0000][1][safepoint    ] Application time: 0.0000340 seconds
[2019-12-09T03:06:21.134+0000][1][safepoint    ] Entering safepoint region: RevokeBias
[2019-12-09T03:06:21.134+0000][1][safepoint    ] Leaving safepoint region
[2019-12-09T03:06:21.134+0000][1][safepoint    ] Total time for which application threads were stopped: 0.0000415 seconds, Stopping threads took: 0.0000080 seconds
[2019-12-09T03:06:21.134+0000][1][safepoint    ] Application time: 0.0000343 seconds
[2019-12-09T03:06:21.134+0000][1][safepoint    ] Entering safepoint region: RevokeBias
[2019-12-09T03:06:21.134+0000][1][safepoint    ] Leaving safepoint region
[2019-12-09T03:06:21.134+0000][1][safepoint    ] Total time for which application threads were stopped: 0.0000415 seconds, Stopping threads took: 0.0000080 seconds
[2019-12-09T03:06:21.135+0000][1][safepoint    ] Application time: 0.0000343 seconds
[2019-12-09T03:06:21.135+0000][1][safepoint    ] Entering safepoint region: RevokeBias
[2019-12-09T03:06:21.135+0000][1][safepoint    ] Leaving safepoint region
[2019-12-09T03:06:21.135+0000][1][safepoint    ] Total time for which application threads were stopped: 0.0000411 seconds, Stopping threads took: 0.0000079 seconds
[2019-12-09T03:06:21.135+0000][1][safepoint    ] Application time: 0.0000342 seconds
[2019-12-09T03:06:21.135+0000][1][safepoint    ] Entering safepoint region: RevokeBias
[2019-12-09T03:06:21.135+0000][1][safepoint    ] Leaving safepoint region
[2019-12-09T03:06:21.135+0000][1][safepoint    ] Total time for which application threads were stopped: 0.0000415 seconds, Stopping threads took: 0.0000079 seconds
[2019-12-09T03:06:21.135+0000][1][safepoint    ] Application time: 0.0000450 seconds
[2019-12-09T03:06:21.135+0000][1][safepoint    ] Entering safepoint region: RevokeBias
[2019-12-09T03:06:21.135+0000][1][safepoint    ] Leaving safepoint region
[2019-12-09T03:06:21.135+0000][1][safepoint    ] Total time for which application threads were stopped: 0.0000455 seconds, Stopping threads took: 0.0000082 seconds
[2019-12-09T03:06:21.135+0000][1][safepoint    ] Application time: 0.0000350 seconds
[2019-12-09T03:06:21.135+0000][1][safepoint    ] Entering safepoint region: BulkRevokeBias
[2019-12-09T03:06:21.135+0000][1][safepoint    ] Leaving safepoint region
[2019-12-09T03:06:21.135+0000][1][safepoint    ] Total time for which application threads were stopped: 0.0000967 seconds, Stopping threads took: 0.0000081 seconds
[2019-12-09T03:06:21.135+0000][1][safepoint    ] Application time: 0.0001564 seconds
[2019-12-09T03:06:21.135+0000][1][safepoint    ] Entering safepoint region: RevokeBias
[2019-12-09T03:06:21.135+0000][1][safepoint    ] Leaving safepoint region
[2019-12-09T03:06:21.135+0000][1][safepoint    ] Total time for which application threads were stopped: 0.0000531 seconds, Stopping threads took: 0.0000084 seconds
[2019-12-09T03:06:21.135+0000][1][safepoint    ] Application time: 0.0000622 seconds
[2019-12-09T03:06:21.135+0000][1][safepoint    ] Entering safepoint region: RevokeBias
[2019-12-09T03:06:21.135+0000][1][safepoint    ] Leaving safepoint region
[2019-12-09T03:06:21.135+0000][1][safepoint    ] Total time for which application threads were stopped: 0.0000437 seconds, Stopping threads took: 0.0000080 seconds
[2019-12-09T03:06:21.135+0000][1][safepoint    ] Application time: 0.0000816 seconds
[2019-12-09T03:06:21.135+0000][1][safepoint    ] Entering safepoint region: RevokeBias
[2019-12-09T03:06:21.135+0000][1][safepoint    ] Leaving safepoint region
[2019-12-09T03:06:21.135+0000][1][safepoint    ] Total time for which application threads were stopped: 0.0000437 seconds, Stopping threads took: 0.0000083 seconds
[2019-12-09T03:06:21.135+0000][1][safepoint    ] Application time: 0.0000478 seconds
[2019-12-09T03:06:21.135+0000][1][safepoint    ] Entering safepoint region: RevokeBias
[2019-12-09T03:06:21.136+0000][1][safepoint    ] Leaving safepoint region
[2019-12-09T03:06:21.136+0000][1][safepoint    ] Total time for which application threads were stopped: 0.0000412 seconds, Stopping threads took: 0.0000081 seconds
[2019-12-09T03:06:21.136+0000][1][safepoint    ] Application time: 0.0000699 seconds
[2019-12-09T03:06:21.136+0000][1][safepoint    ] Entering safepoint region: RevokeBias
[2019-12-09T03:06:21.136+0000][1][safepoint    ] Leaving safepoint region
[2019-12-09T03:06:21.136+0000][1][safepoint    ] Total time for which application threads were stopped: 0.0000457 seconds, Stopping threads took: 0.0000080 seconds
[2019-12-09T03:06:21.136+0000][1][safepoint    ] Application time: 0.0000562 seconds
[2019-12-09T03:06:21.136+0000][1][safepoint    ] Entering safepoint region: RevokeBias
[2019-12-09T03:06:21.136+0000][1][safepoint    ] Leaving safepoint region
[2019-12-09T03:06:21.136+0000][1][safepoint    ] Total time for which application threads were stopped: 0.0000473 seconds, Stopping threads took: 0.0000082 seconds
[2019-12-09T03:06:21.136+0000][1][safepoint    ] Application time: 0.0001619 seconds
[2019-12-09T03:06:21.136+0000][1][safepoint    ] Entering safepoint region: RevokeBias
[2019-12-09T03:06:21.136+0000][1][safepoint    ] Leaving safepoint region
[2019-12-09T03:06:21.136+0000][1][safepoint    ] Total time for which application threads were stopped: 0.0000450 seconds, Stopping threads took: 0.0000083 seconds
[2019-12-09T03:06:21.136+0000][1][safepoint    ] Application time: 0.0000381 seconds
[2019-12-09T03:06:21.136+0000][1][safepoint    ] Entering safepoint region: RevokeBias
[2019-12-09T03:06:21.136+0000][1][safepoint    ] Leaving safepoint region
[2019-12-09T03:06:21.136+0000][1][safepoint    ] Total time for which application threads were stopped: 0.0000449 seconds, Stopping threads took: 0.0000083 seconds
[2019-12-09T03:06:21.136+0000][1][safepoint    ] Application time: 0.0002700 seconds
[2019-12-09T03:06:21.136+0000][1][safepoint    ] Entering safepoint region: RevokeBias
[2019-12-09T03:06:21.136+0000][1][safepoint    ] Leaving safepoint region
[2019-12-09T03:06:21.136+0000][1][safepoint    ] Total time for which application threads were stopped: 0.0000549 seconds, Stopping threads took: 0.0000091 seconds
[2019-12-09T03:06:21.137+0000][1][safepoint    ] Application time: 0.0000574 seconds
[2019-12-09T03:06:21.137+0000][1][safepoint    ] Entering safepoint region: RevokeBias
[2019-12-09T03:06:21.137+0000][1][safepoint    ] Leaving safepoint region
[2019-12-09T03:06:21.137+0000][1][safepoint    ] Total time for which application threads were stopped: 0.0000451 seconds, Stopping threads took: 0.0000082 seconds
[2019-12-09T03:06:21.137+0000][1][safepoint    ] Application time: 0.0001733 seconds
[2019-12-09T03:06:21.137+0000][1][safepoint    ] Entering safepoint region: RevokeBias
[2019-12-09T03:06:21.137+0000][1][safepoint    ] Leaving safepoint region
[2019-12-09T03:06:21.137+0000][1][safepoint    ] Total time for which application threads were stopped: 0.0000520 seconds, Stopping threads took: 0.0000088 seconds
[2019-12-09T03:06:21.137+0000][1][safepoint    ] Application time: 0.0000504 seconds
[2019-12-09T03:06:21.137+0000][1][safepoint    ] Entering safepoint region: RevokeBias
[2019-12-09T03:06:21.137+0000][1][safepoint    ] Leaving safepoint region
[2019-12-09T03:06:21.137+0000][1][safepoint    ] Total time for which application threads were stopped: 0.0000433 seconds, Stopping threads took: 0.0000081 seconds
[2019-12-09T03:06:21.137+0000][1][safepoint    ] Application time: 0.0000438 seconds
[2019-12-09T03:06:21.137+0000][1][safepoint    ] Entering safepoint region: RevokeBias
[2019-12-09T03:06:21.137+0000][1][safepoint    ] Leaving safepoint region
[2019-12-09T03:06:21.137+0000][1][safepoint    ] Total time for which application threads were stopped: 0.0000424 seconds, Stopping threads took: 0.0000080 seconds
[2019-12-09T03:06:21.137+0000][1][safepoint    ] Application time: 0.0000345 seconds
[2019-12-09T03:06:21.137+0000][1][safepoint    ] Entering safepoint region: RevokeBias
[2019-12-09T03:06:21.137+0000][1][safepoint    ] Leaving safepoint region
[2019-12-09T03:06:21.137+0000][1][safepoint    ] Total time for which application threads were stopped: 0.0000415 seconds, Stopping threads took: 0.0000080 seconds
[2019-12-09T03:06:21.137+0000][1][safepoint    ] Application time: 0.0003279 seconds
[2019-12-09T03:06:21.137+0000][1][safepoint    ] Entering safepoint region: RevokeBias
[2019-12-09T03:06:21.137+0000][1][safepoint    ] Leaving safepoint region
[2019-12-09T03:06:21.138+0000][1][safepoint    ] Total time for which application threads were stopped: 0.0000484 seconds, Stopping threads took: 0.0000086 seconds
[2019-12-09T03:06:21.138+0000][1][safepoint    ] Application time: 0.0001516 seconds
[2019-12-09T03:06:21.138+0000][1][safepoint    ] Entering safepoint region: RevokeBias
[2019-12-09T03:06:21.138+0000][1][safepoint    ] Leaving safepoint region
[2019-12-09T03:06:21.138+0000][1][safepoint    ] Total time for which application threads were stopped: 0.0000401 seconds, Stopping threads took: 0.0000080 seconds
[2019-12-09T03:06:21.138+0000][1][safepoint    ] Application time: 0.0000324 seconds
[2019-12-09T03:06:21.138+0000][1][safepoint    ] Entering safepoint region: BulkRevokeBias
[2019-12-09T03:06:21.138+0000][1][safepoint    ] Leaving safepoint region
[2019-12-09T03:06:21.138+0000][1][safepoint    ] Total time for which application threads were stopped: 0.0000770 seconds, Stopping threads took: 0.0000072 seconds
[2019-12-09T03:06:21.138+0000][1][safepoint    ] Application time: 0.0001276 seconds
[2019-12-09T03:06:21.138+0000][1][safepoint    ] Entering safepoint region: RevokeBias
[2019-12-09T03:06:21.138+0000][1][safepoint    ] Leaving safepoint region
[2019-12-09T03:06:21.138+0000][1][safepoint    ] Total time for which application threads were stopped: 0.0000438 seconds, Stopping threads took: 0.0000084 seconds
[2019-12-09T03:06:21.138+0000][1][safepoint    ] Application time: 0.0000858 seconds
[2019-12-09T03:06:21.138+0000][1][safepoint    ] Entering safepoint region: RevokeBias
[2019-12-09T03:06:21.138+0000][1][safepoint    ] Leaving safepoint region
[2019-12-09T03:06:21.138+0000][1][safepoint    ] Total time for which application threads were stopped: 0.0000400 seconds, Stopping threads took: 0.0000081 seconds
[2019-12-09T03:06:21.138+0000][1][safepoint    ] Application time: 0.0000386 seconds
[2019-12-09T03:06:21.138+0000][1][safepoint    ] Entering safepoint region: RevokeBias
[2019-12-09T03:06:21.138+0000][1][safepoint    ] Leaving safepoint region
[2019-12-09T03:06:21.138+0000][1][safepoint    ] Total time for which application threads were stopped: 0.0000348 seconds, Stopping threads took: 0.0000080 seconds
[2019-12-09T03:06:21.138+0000][1][safepoint    ] Application time: 0.0000340 seconds
[2019-12-09T03:06:21.138+0000][1][safepoint    ] Entering safepoint region: RevokeBias
[2019-12-09T03:06:21.138+0000][1][safepoint    ] Leaving safepoint region
[2019-12-09T03:06:21.138+0000][1][safepoint    ] Total time for which application threads were stopped: 0.0000342 seconds, Stopping threads took: 0.0000079 seconds
[2019-12-09T03:06:21.138+0000][1][safepoint    ] Application time: 0.0000342 seconds
[2019-12-09T03:06:21.138+0000][1][safepoint    ] Entering safepoint region: RevokeBias
[2019-12-09T03:06:21.138+0000][1][safepoint    ] Leaving safepoint region
[2019-12-09T03:06:21.138+0000][1][safepoint    ] Total time for which application threads were stopped: 0.0000344 seconds, Stopping threads took: 0.0000080 seconds
[2019-12-09T03:06:21.138+0000][1][safepoint    ] Application time: 0.0000374 seconds
[2019-12-09T03:06:21.139+0000][1][safepoint    ] Entering safepoint region: RevokeBias
[2019-12-09T03:06:21.139+0000][1][safepoint    ] Leaving safepoint region
[2019-12-09T03:06:21.139+0000][1][safepoint    ] Total time for which application threads were stopped: 0.0000345 seconds, Stopping threads took: 0.0000078 seconds
[2019-12-09T03:06:21.139+0000][1][safepoint    ] Application time: 0.0000352 seconds
[2019-12-09T03:06:21.139+0000][1][safepoint    ] Entering safepoint region: RevokeBias
[2019-12-09T03:06:21.139+0000][1][safepoint    ] Leaving safepoint region
[2019-12-09T03:06:21.139+0000][1][safepoint    ] Total time for which application threads were stopped: 0.0000344 seconds, Stopping threads took: 0.0000079 seconds
[2019-12-09T03:06:21.139+0000][1][safepoint    ] Application time: 0.0000343 seconds
[2019-12-09T03:06:21.139+0000][1][safepoint    ] Entering safepoint region: RevokeBias
[2019-12-09T03:06:21.139+0000][1][safepoint    ] Leaving safepoint region
[2019-12-09T03:06:21.139+0000][1][safepoint    ] Total time for which application threads were stopped: 0.0000487 seconds, Stopping threads took: 0.0000210 seconds
[2019-12-09T03:06:21.139+0000][1][safepoint    ] Application time: 0.0000352 seconds
[2019-12-09T03:06:21.139+0000][1][safepoint    ] Entering safepoint region: RevokeBias
[2019-12-09T03:06:21.139+0000][1][safepoint    ] Leaving safepoint region
[2019-12-09T03:06:21.139+0000][1][safepoint    ] Total time for which application threads were stopped: 0.0000345 seconds, Stopping threads took: 0.0000079 seconds
[2019-12-09T03:06:21.139+0000][1][safepoint    ] Application time: 0.0000357 seconds
[2019-12-09T03:06:21.139+0000][1][safepoint    ] Entering safepoint region: RevokeBias
[2019-12-09T03:06:21.139+0000][1][safepoint    ] Leaving safepoint region
[2019-12-09T03:06:21.139+0000][1][safepoint    ] Total time for which application threads were stopped: 0.0000343 seconds, Stopping threads took: 0.0000080 seconds
[2019-12-09T03:06:21.139+0000][1][safepoint    ] Application time: 0.0000361 seconds
[2019-12-09T03:06:21.139+0000][1][safepoint    ] Entering safepoint region: RevokeBias
[2019-12-09T03:06:21.139+0000][1][safepoint    ] Leaving safepoint region
[2019-12-09T03:06:21.139+0000][1][safepoint    ] Total time for which application threads were stopped: 0.0000340 seconds, Stopping threads took: 0.0000079 seconds
[2019-12-09T03:06:21.139+0000][1][safepoint    ] Application time: 0.0000343 seconds
[2019-12-09T03:06:21.139+0000][1][safepoint    ] Entering safepoint region: RevokeBias
[2019-12-09T03:06:21.139+0000][1][safepoint    ] Leaving safepoint region
[2019-12-09T03:06:21.139+0000][1][safepoint    ] Total time for which application threads were stopped: 0.0000367 seconds, Stopping threads took: 0.0000079 seconds
[2019-12-09T03:06:21.139+0000][1][safepoint    ] Application time: 0.0000342 seconds
[2019-12-09T03:06:21.139+0000][1][safepoint    ] Entering safepoint region: RevokeBias
[2019-12-09T03:06:21.139+0000][1][safepoint    ] Leaving safepoint region
[2019-12-09T03:06:21.139+0000][1][safepoint    ] Total time for which application threads were stopped: 0.0000343 seconds, Stopping threads took: 0.0000081 seconds
[2019-12-09T03:06:21.139+0000][1][safepoint    ] Application time: 0.0000474 seconds
[2019-12-09T03:06:21.139+0000][1][safepoint    ] Entering safepoint region: RevokeBias
[2019-12-09T03:06:21.139+0000][1][safepoint    ] Leaving safepoint region
[2019-12-09T03:06:21.139+0000][1][safepoint    ] Total time for which application threads were stopped: 0.0000344 seconds, Stopping threads took: 0.0000080 seconds
[2019-12-09T03:06:21.139+0000][1][safepoint    ] Application time: 0.0000341 seconds
[2019-12-09T03:06:21.139+0000][1][safepoint    ] Entering safepoint region: RevokeBias
[2019-12-09T03:06:21.139+0000][1][safepoint    ] Leaving safepoint region
[2019-12-09T03:06:21.139+0000][1][safepoint    ] Total time for which application threads were stopped: 0.0000340 seconds, Stopping threads took: 0.0000079 seconds
[2019-12-09T03:06:21.139+0000][1][safepoint    ] Application time: 0.0000341 seconds
[2019-12-09T03:06:21.139+0000][1][safepoint    ] Entering safepoint region: RevokeBias
[2019-12-09T03:06:21.139+0000][1][safepoint    ] Leaving safepoint region
[2019-12-09T03:06:21.139+0000][1][safepoint    ] Total time for which application threads were stopped: 0.0000341 seconds, Stopping threads took: 0.0000079 seconds
[2019-12-09T03:06:21.139+0000][1][safepoint    ] Application time: 0.0000340 seconds
[2019-12-09T03:06:21.139+0000][1][safepoint    ] Entering safepoint region: RevokeBias
[2019-12-09T03:06:21.140+0000][1][safepoint    ] Leaving safepoint region
[2019-12-09T03:06:21.140+0000][1][safepoint    ] Total time for which application threads were stopped: 0.0000341 seconds, Stopping threads took: 0.0000080 seconds
[2019-12-09T03:06:21.140+0000][1][safepoint    ] Application time: 0.0000341 seconds
[2019-12-09T03:06:21.140+0000][1][safepoint    ] Entering safepoint region: RevokeBias
[2019-12-09T03:06:21.140+0000][1][safepoint    ] Leaving safepoint region
[2019-12-09T03:06:21.140+0000][1][safepoint    ] Total time for which application threads were stopped: 0.0000342 seconds, Stopping threads took: 0.0000079 seconds
[2019-12-09T03:06:21.140+0000][1][safepoint    ] Application time: 0.0000340 seconds
[2019-12-09T03:06:21.140+0000][1][safepoint    ] Entering safepoint region: RevokeBias
[2019-12-09T03:06:21.140+0000][1][safepoint    ] Leaving safepoint region
[2019-12-09T03:06:21.140+0000][1][safepoint    ] Total time for which application threads were stopped: 0.0000442 seconds, Stopping threads took: 0.0000080 seconds
[2019-12-09T03:06:21.140+0000][1][safepoint    ] Application time: 0.0000365 seconds
[2019-12-09T03:06:21.140+0000][1][safepoint    ] Entering safepoint region: BulkRevokeBias
[2019-12-09T03:06:21.140+0000][1][safepoint    ] Leaving safepoint region
[2019-12-09T03:06:21.140+0000][1][safepoint    ] Total time for which application threads were stopped: 0.0000899 seconds, Stopping threads took: 0.0000084 seconds
[2019-12-09T03:06:21.179+0000][1][safepoint    ] Application time: 0.0389356 seconds
[2019-12-09T03:06:21.180+0000][1][safepoint    ] Entering safepoint region: RevokeBias
[2019-12-09T03:06:21.180+0000][1][safepoint    ] Leaving safepoint region
[2019-12-09T03:06:21.180+0000][1][safepoint    ] Total time for which application threads were stopped: 0.0009040 seconds, Stopping threads took: 0.0008011 seconds
[2019-12-09T03:06:21.180+0000][1][safepoint    ] Application time: 0.0001516 seconds
[2019-12-09T03:06:21.180+0000][1][safepoint    ] Entering safepoint region: RevokeBias
[2019-12-09T03:06:21.180+0000][1][safepoint    ] Leaving safepoint region
[2019-12-09T03:06:21.180+0000][1][safepoint    ] Total time for which application threads were stopped: 0.0000747 seconds, Stopping threads took: 0.0000082 seconds
[2019-12-09T03:06:21.180+0000][1][safepoint    ] Application time: 0.0001558 seconds
[2019-12-09T03:06:21.180+0000][1][safepoint    ] Entering safepoint region: RevokeBias
[2019-12-09T03:06:21.180+0000][1][safepoint    ] Leaving safepoint region
[2019-12-09T03:06:21.180+0000][1][safepoint    ] Total time for which application threads were stopped: 0.0000544 seconds, Stopping threads took: 0.0000077 seconds
[2019-12-09T03:06:21.180+0000][1][safepoint    ] Application time: 0.0003005 seconds
[2019-12-09T03:06:21.181+0000][1][safepoint    ] Entering safepoint region: RevokeBias
[2019-12-09T03:06:21.181+0000][1][safepoint    ] Leaving safepoint region
[2019-12-09T03:06:21.181+0000][1][safepoint    ] Total time for which application threads were stopped: 0.0000675 seconds, Stopping threads took: 0.0000097 seconds
[2019-12-09T03:06:21.181+0000][1][safepoint    ] Application time: 0.0004248 seconds
[2019-12-09T03:06:21.181+0000][1][safepoint    ] Entering safepoint region: RevokeBias
[2019-12-09T03:06:21.181+0000][1][safepoint    ] Leaving safepoint region
[2019-12-09T03:06:21.181+0000][1][safepoint    ] Total time for which application threads were stopped: 0.0000636 seconds, Stopping threads took: 0.0000102 seconds
[2019-12-09T03:06:21.181+0000][1][safepoint    ] Application time: 0.0001011 seconds
[2019-12-09T03:06:21.181+0000][1][safepoint    ] Entering safepoint region: RevokeBias
[2019-12-09T03:06:21.181+0000][1][safepoint    ] Leaving safepoint region
[2019-12-09T03:06:21.181+0000][1][safepoint    ] Total time for which application threads were stopped: 0.0000503 seconds, Stopping threads took: 0.0000085 seconds
[2019-12-09T03:06:21.181+0000][1][safepoint    ] Application time: 0.0000412 seconds
[2019-12-09T03:06:21.181+0000][1][safepoint    ] Entering safepoint region: RevokeBias
[2019-12-09T03:06:21.181+0000][1][safepoint    ] Leaving safepoint region
[2019-12-09T03:06:21.181+0000][1][safepoint    ] Total time for which application threads were stopped: 0.0000463 seconds, Stopping threads took: 0.0000081 seconds
[2019-12-09T03:06:21.182+0000][1][safepoint    ] Application time: 0.0001735 seconds
[2019-12-09T03:06:21.182+0000][1][safepoint    ] Entering safepoint region: RevokeBias
[2019-12-09T03:06:21.182+0000][1][safepoint    ] Leaving safepoint region
[2019-12-09T03:06:21.182+0000][1][safepoint    ] Total time for which application threads were stopped: 0.0000536 seconds, Stopping threads took: 0.0000088 seconds
[2019-12-09T03:06:21.220+0000][1][safepoint    ] Application time: 0.0383736 seconds
[2019-12-09T03:06:21.269+0000][1][safepoint    ] Entering safepoint region: RevokeBias
[2019-12-09T03:06:21.269+0000][1][safepoint    ] Leaving safepoint region
[2019-12-09T03:06:21.269+0000][1][safepoint    ] Total time for which application threads were stopped: 0.0488750 seconds, Stopping threads took: 0.0487600 seconds
[2019-12-09T03:06:21.269+0000][1][safepoint    ] Application time: 0.0000763 seconds
[2019-12-09T03:06:21.269+0000][1][safepoint    ] Entering safepoint region: RevokeBias
[2019-12-09T03:06:21.269+0000][1][safepoint    ] Leaving safepoint region
[2019-12-09T03:06:21.269+0000][1][safepoint    ] Total time for which application threads were stopped: 0.0000526 seconds, Stopping threads took: 0.0000084 seconds
[2019-12-09T03:06:21.270+0000][1][safepoint    ] Application time: 0.0010575 seconds
[2019-12-09T03:06:21.270+0000][1][safepoint    ] Entering safepoint region: RevokeBias
[2019-12-09T03:06:21.270+0000][1][safepoint    ] Leaving safepoint region
[2019-12-09T03:06:21.270+0000][1][safepoint    ] Total time for which application threads were stopped: 0.0000985 seconds, Stopping threads took: 0.0000115 seconds
[2019-12-09T03:06:21.274+0000][1][safepoint    ] Application time: 0.0035651 seconds
[2019-12-09T03:06:21.274+0000][1][safepoint    ] Entering safepoint region: RevokeBias
[2019-12-09T03:06:21.274+0000][1][safepoint    ] Leaving safepoint region
[2019-12-09T03:06:21.274+0000][1][safepoint    ] Total time for which application threads were stopped: 0.0000943 seconds, Stopping threads took: 0.0000105 seconds
[2019-12-09T03:06:21.274+0000][1][safepoint    ] Application time: 0.0000586 seconds
[2019-12-09T03:06:21.274+0000][1][safepoint    ] Entering safepoint region: RevokeBias
[2019-12-09T03:06:21.274+0000][1][safepoint    ] Leaving safepoint region
[2019-12-09T03:06:21.274+0000][1][safepoint    ] Total time for which application threads were stopped: 0.0000554 seconds, Stopping threads took: 0.0000080 seconds
[2019-12-09T03:06:21.274+0000][1][safepoint    ] Application time: 0.0002141 seconds
[2019-12-09T03:06:21.274+0000][1][safepoint    ] Entering safepoint region: RevokeBias
[2019-12-09T03:06:21.274+0000][1][safepoint    ] Leaving safepoint region
[2019-12-09T03:06:21.274+0000][1][safepoint    ] Total time for which application threads were stopped: 0.0000557 seconds, Stopping threads took: 0.0000084 seconds
[2019-12-09T03:06:21.514+0000][1][safepoint    ] Application time: 0.2396512 seconds
[2019-12-09T03:06:21.514+0000][1][safepoint    ] Entering safepoint region: RevokeBias
[2019-12-09T03:06:21.514+0000][1][safepoint    ] Leaving safepoint region
[2019-12-09T03:06:21.514+0000][1][safepoint    ] Total time for which application threads were stopped: 0.0001333 seconds, Stopping threads took: 0.0000147 seconds
[2019-12-09T03:06:21.514+0000][1][safepoint    ] Application time: 0.0000643 seconds
[2019-12-09T03:06:21.514+0000][1][safepoint    ] Entering safepoint region: RevokeBias
[2019-12-09T03:06:21.514+0000][1][safepoint    ] Leaving safepoint region
[2019-12-09T03:06:21.514+0000][1][safepoint    ] Total time for which application threads were stopped: 0.0000392 seconds, Stopping threads took: 0.0000093 seconds
[2019-12-09T03:06:21.910+0000][1][safepoint    ] Application time: 0.3959660 seconds
[2019-12-09T03:06:21.910+0000][1][safepoint    ] Entering safepoint region: RevokeBias
[2019-12-09T03:06:21.910+0000][1][safepoint    ] Leaving safepoint region
[2019-12-09T03:06:21.910+0000][1][safepoint    ] Total time for which application threads were stopped: 0.0000691 seconds, Stopping threads took: 0.0000137 seconds
[2019-12-09T03:06:22.607+0000][1][safepoint    ] Application time: 0.6965988 seconds
[2019-12-09T03:06:22.705+0000][1][safepoint    ] Entering safepoint region: RevokeBias
[2019-12-09T03:06:22.705+0000][1][safepoint    ] Leaving safepoint region
[2019-12-09T03:06:22.705+0000][1][safepoint    ] Total time for which application threads were stopped: 0.0978088 seconds, Stopping threads took: 0.0977428 seconds
[2019-12-09T03:06:22.705+0000][1][safepoint    ] Application time: 0.0001027 seconds
[2019-12-09T03:06:22.705+0000][1][safepoint    ] Entering safepoint region: RevokeBias
[2019-12-09T03:06:22.705+0000][1][safepoint    ] Leaving safepoint region
[2019-12-09T03:06:22.705+0000][1][safepoint    ] Total time for which application threads were stopped: 0.0000362 seconds, Stopping threads took: 0.0000098 seconds
[2019-12-09T03:06:22.762+0000][1][safepoint    ] Application time: 0.0567387 seconds
[2019-12-09T03:06:22.762+0000][1][safepoint    ] Entering safepoint region: GenCollectForAllocation
[2019-12-09T03:06:22.762+0000][1][gc,start     ] GC(20) Pause Young (Allocation Failure)
[2019-12-09T03:06:22.762+0000][1][gc,task      ] GC(20) Using 2 workers of 2 for evacuation
[2019-12-09T03:06:22.978+0000][1][gc,age       ] GC(20) Desired survivor size 4456448 bytes, new threshold 2 (max threshold 6)
[2019-12-09T03:06:22.978+0000][1][gc,age       ] GC(20) Age table with threshold 2 (max threshold 6)
[2019-12-09T03:06:22.978+0000][1][gc,age       ] GC(20) - age   1:    2835928 bytes,    2835928 total
[2019-12-09T03:06:22.978+0000][1][gc,age       ] GC(20) - age   2:    2457784 bytes,    5293712 total
[2019-12-09T03:06:22.978+0000][1][gc,age       ] GC(20) - age   3:    1912184 bytes,    7205896 total
[2019-12-09T03:06:22.978+0000][1][gc,heap      ] GC(20) ParNew: 77218K->8704K(78656K)
[2019-12-09T03:06:22.978+0000][1][gc,heap      ] GC(20) CMS: 54476K->55681K(174784K)
[2019-12-09T03:06:22.978+0000][1][gc,metaspace ] GC(20) Metaspace: 48324K->48324K(1093632K)
[2019-12-09T03:06:22.978+0000][1][gc           ] GC(20) Pause Young (Allocation Failure) 128M->62M(247M) 215.812ms
[2019-12-09T03:06:22.978+0000][1][gc,cpu       ] GC(20) User=0.06s Sys=0.00s Real=0.22s
[2019-12-09T03:06:22.978+0000][1][safepoint    ] Leaving safepoint region
[2019-12-09T03:06:22.978+0000][1][safepoint    ] Total time for which application threads were stopped: 0.2159698 seconds, Stopping threads took: 0.0000156 seconds
[2019-12-09T03:06:22.980+0000][1][safepoint    ] Application time: 0.0024962 seconds
[2019-12-09T03:06:22.980+0000][1][safepoint    ] Entering safepoint region: RevokeBias
[2019-12-09T03:06:22.980+0000][1][safepoint    ] Leaving safepoint region
[2019-12-09T03:06:22.980+0000][1][safepoint    ] Total time for which application threads were stopped: 0.0000769 seconds, Stopping threads took: 0.0000134 seconds
[2019-12-09T03:06:23.518+0000][1][safepoint    ] Application time: 0.5376394 seconds
[2019-12-09T03:06:23.518+0000][1][safepoint    ] Entering safepoint region: RevokeBias
[2019-12-09T03:06:23.518+0000][1][safepoint    ] Leaving safepoint region
[2019-12-09T03:06:23.518+0000][1][safepoint    ] Total time for which application threads were stopped: 0.0004521 seconds, Stopping threads took: 0.0000147 seconds
[2019-12-09T03:06:23.796+0000][1][safepoint    ] Application time: 0.2772462 seconds
[2019-12-09T03:06:23.835+0000][1][safepoint    ] Entering safepoint region: RevokeBias
[2019-12-09T03:06:23.835+0000][1][safepoint    ] Leaving safepoint region
[2019-12-09T03:06:23.835+0000][1][safepoint    ] Total time for which application threads were stopped: 0.0393791 seconds, Stopping threads took: 0.0393069 seconds
[2019-12-09T03:06:24.841+0000][1][safepoint    ] Application time: 1.0055684 seconds
[2019-12-09T03:06:24.841+0000][1][safepoint    ] Entering safepoint region: Cleanup
[2019-12-09T03:06:24.841+0000][1][safepoint    ] Leaving safepoint region
[2019-12-09T03:06:24.841+0000][1][safepoint    ] Total time for which application threads were stopped: 0.0004912 seconds, Stopping threads took: 0.0004413 seconds
[2019-12-09T03:06:24.850+0000][1][safepoint    ] Application time: 0.0092146 seconds
[2019-12-09T03:06:24.850+0000][1][safepoint    ] Entering safepoint region: RevokeBias
[2019-12-09T03:06:24.851+0000][1][safepoint    ] Leaving safepoint region
[2019-12-09T03:06:24.851+0000][1][safepoint    ] Total time for which application threads were stopped: 0.0000664 seconds, Stopping threads took: 0.0000134 seconds
[2019-12-09T03:06:25.857+0000][1][safepoint    ] Application time: 1.0061353 seconds
[2019-12-09T03:06:25.900+0000][1][safepoint    ] Entering safepoint region: Cleanup
[2019-12-09T03:06:25.900+0000][1][safepoint    ] Leaving safepoint region
[2019-12-09T03:06:25.900+0000][1][safepoint    ] Total time for which application threads were stopped: 0.0435883 seconds, Stopping threads took: 0.0430976 seconds
[2019-12-09T03:06:26.911+0000][1][safepoint    ] Application time: 1.0106308 seconds
[2019-12-09T03:06:26.970+0000][1][safepoint    ] Entering safepoint region: Cleanup
[2019-12-09T03:06:26.970+0000][1][safepoint    ] Leaving safepoint region
[2019-12-09T03:06:26.970+0000][1][safepoint    ] Total time for which application threads were stopped: 0.0588510 seconds, Stopping threads took: 0.0587727 seconds
[2019-12-09T03:06:27.977+0000][1][safepoint    ] Application time: 1.0068401 seconds
[2019-12-09T03:06:27.993+0000][1][safepoint    ] Entering safepoint region: Cleanup
[2019-12-09T03:06:27.993+0000][1][safepoint    ] Leaving safepoint region
[2019-12-09T03:06:27.993+0000][1][safepoint    ] Total time for which application threads were stopped: 0.0161062 seconds, Stopping threads took: 0.0160002 seconds
[2019-12-09T03:06:28.900+0000][1][safepoint    ] Application time: 0.9068123 seconds
[2019-12-09T03:06:28.900+0000][1][safepoint    ] Entering safepoint region: GenCollectForAllocation
[2019-12-09T03:06:28.900+0000][1][gc,start     ] GC(21) Pause Young (Allocation Failure)
[2019-12-09T03:06:28.900+0000][1][gc,task      ] GC(21) Using 2 workers of 2 for evacuation
[2019-12-09T03:06:29.189+0000][1][gc,age       ] GC(21) Desired survivor size 4456448 bytes, new threshold 6 (max threshold 6)
[2019-12-09T03:06:29.189+0000][1][gc,age       ] GC(21) Age table with threshold 6 (max threshold 6)
[2019-12-09T03:06:29.189+0000][1][gc,age       ] GC(21) - age   1:    1664064 bytes,    1664064 total
[2019-12-09T03:06:29.189+0000][1][gc,age       ] GC(21) - age   2:    2766792 bytes,    4430856 total
[2019-12-09T03:06:29.189+0000][1][gc,heap      ] GC(21) ParNew: 78656K->6496K(78656K)
[2019-12-09T03:06:29.189+0000][1][gc,heap      ] GC(21) CMS: 55681K->60072K(174784K)
[2019-12-09T03:06:29.189+0000][1][gc,metaspace ] GC(21) Metaspace: 56159K->56159K(1101824K)
[2019-12-09T03:06:29.189+0000][1][gc           ] GC(21) Pause Young (Allocation Failure) 131M->65M(247M) 289.060ms
[2019-12-09T03:06:29.189+0000][1][gc,cpu       ] GC(21) User=0.06s Sys=0.00s Real=0.29s
[2019-12-09T03:06:29.189+0000][1][safepoint    ] Leaving safepoint region
[2019-12-09T03:06:29.189+0000][1][safepoint    ] Total time for which application threads were stopped: 0.2892261 seconds, Stopping threads took: 0.0000160 seconds
[2019-12-09T03:06:29.802+0000][1][safepoint    ] Application time: 0.6127863 seconds
[2019-12-09T03:06:29.807+0000][1][safepoint    ] Entering safepoint region: RevokeBias
[2019-12-09T03:06:29.807+0000][1][safepoint    ] Leaving safepoint region
[2019-12-09T03:06:29.807+0000][1][safepoint    ] Total time for which application threads were stopped: 0.0051097 seconds, Stopping threads took: 0.0049647 seconds
[2019-12-09T03:06:29.807+0000][1][safepoint    ] Application time: 0.0002293 seconds
[2019-12-09T03:06:29.807+0000][1][safepoint    ] Entering safepoint region: RevokeBias
[2019-12-09T03:06:29.807+0000][1][safepoint    ] Leaving safepoint region
[2019-12-09T03:06:29.807+0000][1][safepoint    ] Total time for which application threads were stopped: 0.0000894 seconds, Stopping threads took: 0.0000105 seconds
[2019-12-09T03:06:29.807+0000][1][safepoint    ] Application time: 0.0000608 seconds
[2019-12-09T03:06:29.807+0000][1][safepoint    ] Entering safepoint region: RevokeBias
[2019-12-09T03:06:29.807+0000][1][safepoint    ] Leaving safepoint region
[2019-12-09T03:06:29.807+0000][1][safepoint    ] Total time for which application threads were stopped: 0.0000591 seconds, Stopping threads took: 0.0000080 seconds
[2019-12-09T03:06:29.808+0000][1][safepoint    ] Application time: 0.0001800 seconds
[2019-12-09T03:06:29.808+0000][1][safepoint    ] Entering safepoint region: RevokeBias
[2019-12-09T03:06:29.808+0000][1][safepoint    ] Leaving safepoint region
[2019-12-09T03:06:29.808+0000][1][safepoint    ] Total time for which application threads were stopped: 0.0000740 seconds, Stopping threads took: 0.0000098 seconds
[2019-12-09T03:06:30.043+0000][1][safepoint    ] Application time: 0.2355021 seconds
[2019-12-09T03:06:30.043+0000][1][safepoint    ] Entering safepoint region: Deoptimize
[2019-12-09T03:06:30.044+0000][1][safepoint    ] Leaving safepoint region
[2019-12-09T03:06:30.044+0000][1][safepoint    ] Total time for which application threads were stopped: 0.0006519 seconds, Stopping threads took: 0.0000173 seconds
[2019-12-09T03:06:30.097+0000][1][safepoint    ] Application time: 0.0529247 seconds
[2019-12-09T03:06:30.097+0000][1][safepoint    ] Entering safepoint region: RevokeBias
[2019-12-09T03:06:30.097+0000][1][safepoint    ] Leaving safepoint region
[2019-12-09T03:06:30.097+0000][1][safepoint    ] Total time for which application threads were stopped: 0.0000917 seconds, Stopping threads took: 0.0000164 seconds
[2019-12-09T03:06:30.359+0000][1][safepoint    ] Application time: 0.2620756 seconds
[2019-12-09T03:06:30.359+0000][1][safepoint    ] Entering safepoint region: RevokeBias
[2019-12-09T03:06:30.359+0000][1][safepoint    ] Leaving safepoint region
[2019-12-09T03:06:30.359+0000][1][safepoint    ] Total time for which application threads were stopped: 0.0001040 seconds, Stopping threads took: 0.0000136 seconds
[2019-12-09T03:06:30.359+0000][1][safepoint    ] Application time: 0.0001078 seconds
[2019-12-09T03:06:30.359+0000][1][safepoint    ] Entering safepoint region: RevokeBias
[2019-12-09T03:06:30.359+0000][1][safepoint    ] Leaving safepoint region
[2019-12-09T03:06:30.359+0000][1][safepoint    ] Total time for which application threads were stopped: 0.0000562 seconds, Stopping threads took: 0.0000087 seconds
[2019-12-09T03:06:30.359+0000][1][safepoint    ] Application time: 0.0001252 seconds
[2019-12-09T03:06:30.359+0000][1][safepoint    ] Entering safepoint region: RevokeBias
[2019-12-09T03:06:30.359+0000][1][safepoint    ] Leaving safepoint region
[2019-12-09T03:06:30.359+0000][1][safepoint    ] Total time for which application threads were stopped: 0.0000610 seconds, Stopping threads took: 0.0000082 seconds
[2019-12-09T03:06:30.420+0000][1][safepoint    ] Application time: 0.0602147 seconds
[2019-12-09T03:06:30.420+0000][1][safepoint    ] Entering safepoint region: RevokeBias
[2019-12-09T03:06:30.420+0000][1][safepoint    ] Leaving safepoint region
[2019-12-09T03:06:30.420+0000][1][safepoint    ] Total time for which application threads were stopped: 0.0000965 seconds, Stopping threads took: 0.0000176 seconds
[2019-12-09T03:06:31.295+0000][1][safepoint    ] Application time: 0.8748944 seconds
[2019-12-09T03:06:31.295+0000][1][safepoint    ] Entering safepoint region: RevokeBias
[2019-12-09T03:06:31.305+0000][1][safepoint    ] Leaving safepoint region
[2019-12-09T03:06:31.305+0000][1][safepoint    ] Total time for which application threads were stopped: 0.0103233 seconds, Stopping threads took: 0.0000545 seconds
[2019-12-09T03:06:32.308+0000][1][safepoint    ] Application time: 1.0025963 seconds
[2019-12-09T03:06:32.316+0000][1][safepoint    ] Entering safepoint region: Cleanup
[2019-12-09T03:06:32.316+0000][1][safepoint    ] Leaving safepoint region
[2019-12-09T03:06:32.316+0000][1][safepoint    ] Total time for which application threads were stopped: 0.0080918 seconds, Stopping threads took: 0.0080304 seconds
[2019-12-09T03:06:32.681+0000][1][safepoint    ] Application time: 0.3649710 seconds
[2019-12-09T03:06:32.681+0000][1][safepoint    ] Entering safepoint region: Deoptimize
[2019-12-09T03:06:32.681+0000][1][safepoint    ] Leaving safepoint region
[2019-12-09T03:06:32.681+0000][1][safepoint    ] Total time for which application threads were stopped: 0.0006199 seconds, Stopping threads took: 0.0000167 seconds
[2019-12-09T03:06:33.684+0000][1][safepoint    ] Application time: 1.0022217 seconds
[2019-12-09T03:06:33.706+0000][1][safepoint    ] Entering safepoint region: Cleanup
[2019-12-09T03:06:33.706+0000][1][safepoint    ] Leaving safepoint region
[2019-12-09T03:06:33.706+0000][1][safepoint    ] Total time for which application threads were stopped: 0.0220924 seconds, Stopping threads took: 0.0220179 seconds
[2019-12-09T03:06:33.997+0000][1][safepoint    ] Application time: 0.2912631 seconds
[2019-12-09T03:06:33.997+0000][1][safepoint    ] Entering safepoint region: RevokeBias
[2019-12-09T03:06:33.997+0000][1][safepoint    ] Leaving safepoint region
[2019-12-09T03:06:33.997+0000][1][safepoint    ] Total time for which application threads were stopped: 0.0000920 seconds, Stopping threads took: 0.0000143 seconds
[2019-12-09T03:06:34.010+0000][1][safepoint    ] Application time: 0.0126308 seconds
[2019-12-09T03:06:34.010+0000][1][safepoint    ] Entering safepoint region: RevokeBias
[2019-12-09T03:06:34.010+0000][1][safepoint    ] Leaving safepoint region
[2019-12-09T03:06:34.010+0000][1][safepoint    ] Total time for which application threads were stopped: 0.0000903 seconds, Stopping threads took: 0.0000160 seconds
[2019-12-09T03:06:34.010+0000][1][safepoint    ] Application time: 0.0001747 seconds
[2019-12-09T03:06:34.010+0000][1][safepoint    ] Entering safepoint region: RevokeBias
[2019-12-09T03:06:34.010+0000][1][safepoint    ] Leaving safepoint region
[2019-12-09T03:06:34.010+0000][1][safepoint    ] Total time for which application threads were stopped: 0.0000548 seconds, Stopping threads took: 0.0000090 seconds
[2019-12-09T03:06:34.010+0000][1][safepoint    ] Application time: 0.0001160 seconds
[2019-12-09T03:06:34.010+0000][1][safepoint    ] Entering safepoint region: RevokeBias
[2019-12-09T03:06:34.010+0000][1][safepoint    ] Leaving safepoint region
[2019-12-09T03:06:34.010+0000][1][safepoint    ] Total time for which application threads were stopped: 0.0000477 seconds, Stopping threads took: 0.0000088 seconds
[2019-12-09T03:06:34.011+0000][1][safepoint    ] Application time: 0.0001335 seconds
[2019-12-09T03:06:34.011+0000][1][safepoint    ] Entering safepoint region: RevokeBias
[2019-12-09T03:06:34.011+0000][1][safepoint    ] Leaving safepoint region
[2019-12-09T03:06:34.011+0000][1][safepoint    ] Total time for which application threads were stopped: 0.0000425 seconds, Stopping threads took: 0.0000080 seconds
[2019-12-09T03:06:34.011+0000][1][safepoint    ] Application time: 0.0000973 seconds
[2019-12-09T03:06:34.011+0000][1][safepoint    ] Entering safepoint region: RevokeBias
[2019-12-09T03:06:34.011+0000][1][safepoint    ] Leaving safepoint region
[2019-12-09T03:06:34.011+0000][1][safepoint    ] Total time for which application threads were stopped: 0.0000368 seconds, Stopping threads took: 0.0000077 seconds
[2019-12-09T03:06:34.011+0000][1][safepoint    ] Application time: 0.0004403 seconds
[2019-12-09T03:06:34.011+0000][1][safepoint    ] Entering safepoint region: RevokeBias
[2019-12-09T03:06:34.011+0000][1][safepoint    ] Leaving safepoint region
[2019-12-09T03:06:34.011+0000][1][safepoint    ] Total time for which application threads were stopped: 0.0000522 seconds, Stopping threads took: 0.0000106 seconds
[2019-12-09T03:06:34.012+0000][1][safepoint    ] Application time: 0.0003078 seconds
[2019-12-09T03:06:34.012+0000][1][safepoint    ] Entering safepoint region: RevokeBias
[2019-12-09T03:06:34.012+0000][1][safepoint    ] Leaving safepoint region
[2019-12-09T03:06:34.012+0000][1][safepoint    ] Total time for which application threads were stopped: 0.0000502 seconds, Stopping threads took: 0.0000098 seconds
[2019-12-09T03:06:34.631+0000][1][safepoint    ] Application time: 0.6195469 seconds
[2019-12-09T03:06:34.631+0000][1][safepoint    ] Entering safepoint region: RevokeBias
[2019-12-09T03:06:34.631+0000][1][safepoint    ] Leaving safepoint region
[2019-12-09T03:06:34.631+0000][1][safepoint    ] Total time for which application threads were stopped: 0.0000886 seconds, Stopping threads took: 0.0000153 seconds
[2019-12-09T03:06:35.193+0000][1][safepoint    ] Application time: 0.5616120 seconds
[2019-12-09T03:06:35.193+0000][1][safepoint    ] Entering safepoint region: RevokeBias
[2019-12-09T03:06:35.193+0000][1][safepoint    ] Leaving safepoint region
[2019-12-09T03:06:35.193+0000][1][safepoint    ] Total time for which application threads were stopped: 0.0000812 seconds, Stopping threads took: 0.0000150 seconds
[2019-12-09T03:06:35.677+0000][1][safepoint    ] Application time: 0.4836257 seconds
[2019-12-09T03:06:35.677+0000][1][safepoint    ] Entering safepoint region: GenCollectForAllocation
[2019-12-09T03:06:35.677+0000][1][gc,start     ] GC(22) Pause Young (Allocation Failure)
[2019-12-09T03:06:35.677+0000][1][gc,task      ] GC(22) Using 2 workers of 2 for evacuation
[2019-12-09T03:06:35.979+0000][1][gc,age       ] GC(22) Desired survivor size 4456448 bytes, new threshold 2 (max threshold 6)
[2019-12-09T03:06:35.979+0000][1][gc,age       ] GC(22) Age table with threshold 2 (max threshold 6)
[2019-12-09T03:06:35.979+0000][1][gc,age       ] GC(22) - age   1:    3628424 bytes,    3628424 total
[2019-12-09T03:06:35.979+0000][1][gc,age       ] GC(22) - age   2:    1586560 bytes,    5214984 total
[2019-12-09T03:06:35.979+0000][1][gc,age       ] GC(22) - age   3:    2739984 bytes,    7954968 total
[2019-12-09T03:06:35.979+0000][1][gc,heap      ] GC(22) ParNew: 76448K->8704K(78656K)
[2019-12-09T03:06:35.979+0000][1][gc,heap      ] GC(22) CMS: 60072K->60114K(174784K)
[2019-12-09T03:06:35.979+0000][1][gc,metaspace ] GC(22) Metaspace: 63390K->63390K(1107968K)
[2019-12-09T03:06:35.979+0000][1][gc           ] GC(22) Pause Young (Allocation Failure) 133M->67M(247M) 302.634ms
[2019-12-09T03:06:35.979+0000][1][gc,cpu       ] GC(22) User=0.07s Sys=0.00s Real=0.30s
[2019-12-09T03:06:35.980+0000][1][safepoint    ] Leaving safepoint region
[2019-12-09T03:06:35.980+0000][1][safepoint    ] Total time for which application threads were stopped: 0.3027870 seconds, Stopping threads took: 0.0000165 seconds
[2019-12-09T03:06:36.101+0000][1][safepoint    ] Application time: 0.1214309 seconds
[2019-12-09T03:06:36.101+0000][1][safepoint    ] Entering safepoint region: RevokeBias
[2019-12-09T03:06:36.101+0000][1][safepoint    ] Leaving safepoint region
[2019-12-09T03:06:36.101+0000][1][safepoint    ] Total time for which application threads were stopped: 0.0004950 seconds, Stopping threads took: 0.0003874 seconds
[2019-12-09T03:06:36.102+0000][1][safepoint    ] Application time: 0.0000770 seconds
[2019-12-09T03:06:36.102+0000][1][safepoint    ] Entering safepoint region: RevokeBias
[2019-12-09T03:06:36.102+0000][1][safepoint    ] Leaving safepoint region
[2019-12-09T03:06:36.102+0000][1][safepoint    ] Total time for which application threads were stopped: 0.0000598 seconds, Stopping threads took: 0.0000088 seconds
[2019-12-09T03:06:36.102+0000][1][safepoint    ] Application time: 0.0000655 seconds
[2019-12-09T03:06:36.102+0000][1][safepoint    ] Entering safepoint region: RevokeBias
[2019-12-09T03:06:36.102+0000][1][safepoint    ] Leaving safepoint region
[2019-12-09T03:06:36.102+0000][1][safepoint    ] Total time for which application threads were stopped: 0.0000592 seconds, Stopping threads took: 0.0000076 seconds
[2019-12-09T03:06:36.102+0000][1][safepoint    ] Application time: 0.0000508 seconds
[2019-12-09T03:06:36.102+0000][1][safepoint    ] Entering safepoint region: RevokeBias
[2019-12-09T03:06:36.102+0000][1][safepoint    ] Leaving safepoint region
[2019-12-09T03:06:36.102+0000][1][safepoint    ] Total time for which application threads were stopped: 0.0000532 seconds, Stopping threads took: 0.0000075 seconds
[2019-12-09T03:06:36.102+0000][1][safepoint    ] Application time: 0.0000487 seconds
[2019-12-09T03:06:36.102+0000][1][safepoint    ] Entering safepoint region: RevokeBias
[2019-12-09T03:06:36.102+0000][1][safepoint    ] Leaving safepoint region
[2019-12-09T03:06:36.102+0000][1][safepoint    ] Total time for which application threads were stopped: 0.0000499 seconds, Stopping threads took: 0.0000075 seconds
[2019-12-09T03:06:36.102+0000][1][safepoint    ] Application time: 0.0000535 seconds
[2019-12-09T03:06:36.102+0000][1][safepoint    ] Entering safepoint region: RevokeBias
[2019-12-09T03:06:36.102+0000][1][safepoint    ] Leaving safepoint region
[2019-12-09T03:06:36.102+0000][1][safepoint    ] Total time for which application threads were stopped: 0.0000607 seconds, Stopping threads took: 0.0000072 seconds
[2019-12-09T03:06:36.102+0000][1][safepoint    ] Application time: 0.0000506 seconds
[2019-12-09T03:06:36.102+0000][1][safepoint    ] Entering safepoint region: RevokeBias
[2019-12-09T03:06:36.102+0000][1][safepoint    ] Leaving safepoint region
[2019-12-09T03:06:36.102+0000][1][safepoint    ] Total time for which application threads were stopped: 0.0000522 seconds, Stopping threads took: 0.0000075 seconds
[2019-12-09T03:06:36.102+0000][1][safepoint    ] Application time: 0.0000509 seconds
[2019-12-09T03:06:36.102+0000][1][safepoint    ] Entering safepoint region: RevokeBias
[2019-12-09T03:06:36.102+0000][1][safepoint    ] Leaving safepoint region
[2019-12-09T03:06:36.102+0000][1][safepoint    ] Total time for which application threads were stopped: 0.0000648 seconds, Stopping threads took: 0.0000074 seconds
[2019-12-09T03:06:36.275+0000][1][safepoint    ] Application time: 0.1722586 seconds
[2019-12-09T03:06:36.275+0000][1][safepoint    ] Entering safepoint region: Deoptimize
[2019-12-09T03:06:36.275+0000][1][safepoint    ] Leaving safepoint region
[2019-12-09T03:06:36.275+0000][1][safepoint    ] Total time for which application threads were stopped: 0.0006824 seconds, Stopping threads took: 0.0000156 seconds
[2019-12-09T03:06:36.314+0000][1][safepoint    ] Application time: 0.0389445 seconds
[2019-12-09T03:06:36.314+0000][1][safepoint    ] Entering safepoint region: BulkRevokeBias
[2019-12-09T03:06:36.315+0000][1][safepoint    ] Leaving safepoint region
[2019-12-09T03:06:36.315+0000][1][safepoint    ] Total time for which application threads were stopped: 0.0001787 seconds, Stopping threads took: 0.0000154 seconds
[2019-12-09T03:06:36.316+0000][1][safepoint    ] Application time: 0.0012326 seconds
[2019-12-09T03:06:36.316+0000][1][safepoint    ] Entering safepoint region: RevokeBias
[2019-12-09T03:06:36.316+0000][1][safepoint    ] Leaving safepoint region
[2019-12-09T03:06:36.316+0000][1][safepoint    ] Total time for which application threads were stopped: 0.0000731 seconds, Stopping threads took: 0.0000122 seconds
[2019-12-09T03:06:36.316+0000][1][safepoint    ] Application time: 0.0001525 seconds
[2019-12-09T03:06:36.316+0000][1][safepoint    ] Entering safepoint region: RevokeBias
[2019-12-09T03:06:36.316+0000][1][safepoint    ] Leaving safepoint region
[2019-12-09T03:06:36.316+0000][1][safepoint    ] Total time for which application threads were stopped: 0.0000536 seconds, Stopping threads took: 0.0000090 seconds
[2019-12-09T03:06:36.317+0000][1][safepoint    ] Application time: 0.0003952 seconds
[2019-12-09T03:06:36.317+0000][1][safepoint    ] Entering safepoint region: RevokeBias
[2019-12-09T03:06:36.317+0000][1][safepoint    ] Leaving safepoint region
[2019-12-09T03:06:36.317+0000][1][safepoint    ] Total time for which application threads were stopped: 0.0000672 seconds, Stopping threads took: 0.0000117 seconds
[2019-12-09T03:06:36.317+0000][1][safepoint    ] Application time: 0.0000621 seconds
[2019-12-09T03:06:36.317+0000][1][safepoint    ] Entering safepoint region: RevokeBias
[2019-12-09T03:06:36.317+0000][1][safepoint    ] Leaving safepoint region
[2019-12-09T03:06:36.317+0000][1][safepoint    ] Total time for which application threads were stopped: 0.0000589 seconds, Stopping threads took: 0.0000102 seconds
[2019-12-09T03:06:36.317+0000][1][safepoint    ] Application time: 0.0001044 seconds
[2019-12-09T03:06:36.317+0000][1][safepoint    ] Entering safepoint region: RevokeBias
[2019-12-09T03:06:36.317+0000][1][safepoint    ] Leaving safepoint region
[2019-12-09T03:06:36.317+0000][1][safepoint    ] Total time for which application threads were stopped: 0.0000557 seconds, Stopping threads took: 0.0000094 seconds
[2019-12-09T03:06:36.317+0000][1][safepoint    ] Application time: 0.0003275 seconds
[2019-12-09T03:06:36.317+0000][1][safepoint    ] Entering safepoint region: RevokeBias
[2019-12-09T03:06:36.317+0000][1][safepoint    ] Leaving safepoint region
[2019-12-09T03:06:36.317+0000][1][safepoint    ] Total time for which application threads were stopped: 0.0000618 seconds, Stopping threads took: 0.0000115 seconds
[2019-12-09T03:06:36.318+0000][1][safepoint    ] Application time: 0.0002041 seconds
[2019-12-09T03:06:36.318+0000][1][safepoint    ] Entering safepoint region: RevokeBias
[2019-12-09T03:06:36.318+0000][1][safepoint    ] Leaving safepoint region
[2019-12-09T03:06:36.318+0000][1][safepoint    ] Total time for which application threads were stopped: 0.0000568 seconds, Stopping threads took: 0.0000104 seconds
[2019-12-09T03:06:36.318+0000][1][safepoint    ] Application time: 0.0000758 seconds
[2019-12-09T03:06:36.318+0000][1][safepoint    ] Entering safepoint region: RevokeBias
[2019-12-09T03:06:36.318+0000][1][safepoint    ] Leaving safepoint region
[2019-12-09T03:06:36.318+0000][1][safepoint    ] Total time for which application threads were stopped: 0.0000728 seconds, Stopping threads took: 0.0000095 seconds
[2019-12-09T03:06:36.318+0000][1][safepoint    ] Application time: 0.0001108 seconds
[2019-12-09T03:06:36.318+0000][1][safepoint    ] Entering safepoint region: RevokeBias
[2019-12-09T03:06:36.318+0000][1][safepoint    ] Leaving safepoint region
[2019-12-09T03:06:36.318+0000][1][safepoint    ] Total time for which application threads were stopped: 0.0000532 seconds, Stopping threads took: 0.0000096 seconds
[2019-12-09T03:06:36.319+0000][1][safepoint    ] Application time: 0.0005920 seconds
[2019-12-09T03:06:36.319+0000][1][safepoint    ] Entering safepoint region: BulkRevokeBias
[2019-12-09T03:06:36.319+0000][1][safepoint    ] Leaving safepoint region
[2019-12-09T03:06:36.319+0000][1][safepoint    ] Total time for which application threads were stopped: 0.0001656 seconds, Stopping threads took: 0.0000118 seconds
[2019-12-09T03:06:36.320+0000][1][safepoint    ] Application time: 0.0012463 seconds
[2019-12-09T03:06:36.320+0000][1][safepoint    ] Entering safepoint region: RevokeBias
[2019-12-09T03:06:36.320+0000][1][safepoint    ] Leaving safepoint region
[2019-12-09T03:06:36.320+0000][1][safepoint    ] Total time for which application threads were stopped: 0.0000708 seconds, Stopping threads took: 0.0000119 seconds
[2019-12-09T03:06:36.320+0000][1][safepoint    ] Application time: 0.0000957 seconds
[2019-12-09T03:06:36.320+0000][1][safepoint    ] Entering safepoint region: RevokeBias
[2019-12-09T03:06:36.320+0000][1][safepoint    ] Leaving safepoint region
[2019-12-09T03:06:36.320+0000][1][safepoint    ] Total time for which application threads were stopped: 0.0000526 seconds, Stopping threads took: 0.0000089 seconds
[2019-12-09T03:06:36.331+0000][1][safepoint    ] Application time: 0.0106261 seconds
[2019-12-09T03:06:36.331+0000][1][safepoint    ] Entering safepoint region: Deoptimize
[2019-12-09T03:06:36.332+0000][1][safepoint    ] Leaving safepoint region
[2019-12-09T03:06:36.332+0000][1][safepoint    ] Total time for which application threads were stopped: 0.0006488 seconds, Stopping threads took: 0.0000656 seconds
[2019-12-09T03:06:36.332+0000][1][safepoint    ] Application time: 0.0005472 seconds
[2019-12-09T03:06:36.332+0000][1][safepoint    ] Entering safepoint region: RevokeBias
[2019-12-09T03:06:36.332+0000][1][safepoint    ] Leaving safepoint region
[2019-12-09T03:06:36.332+0000][1][safepoint    ] Total time for which application threads were stopped: 0.0000459 seconds, Stopping threads took: 0.0000120 seconds
[2019-12-09T03:06:36.498+0000][1][safepoint    ] Application time: 0.1659080 seconds
[2019-12-09T03:06:36.498+0000][1][safepoint    ] Entering safepoint region: RevokeBias
[2019-12-09T03:06:36.498+0000][1][safepoint    ] Leaving safepoint region
[2019-12-09T03:06:36.498+0000][1][safepoint    ] Total time for which application threads were stopped: 0.0001206 seconds, Stopping threads took: 0.0000149 seconds
[2019-12-09T03:06:36.804+0000][1][safepoint    ] Application time: 0.3052737 seconds
[2019-12-09T03:06:36.830+0000][1][safepoint    ] Entering safepoint region: RevokeBias
[2019-12-09T03:06:36.830+0000][1][safepoint    ] Leaving safepoint region
[2019-12-09T03:06:36.830+0000][1][safepoint    ] Total time for which application threads were stopped: 0.0262067 seconds, Stopping threads took: 0.0261430 seconds
[2019-12-09T03:06:36.835+0000][1][safepoint    ] Application time: 0.0056497 seconds
[2019-12-09T03:06:36.840+0000][1][safepoint    ] Entering safepoint region: RevokeBias
[2019-12-09T03:06:36.840+0000][1][safepoint    ] Leaving safepoint region
[2019-12-09T03:06:36.840+0000][1][safepoint    ] Total time for which application threads were stopped: 0.0047923 seconds, Stopping threads took: 0.0047403 seconds
[2019-12-09T03:06:36.840+0000][1][safepoint    ] Application time: 0.0000897 seconds
[2019-12-09T03:06:36.840+0000][1][safepoint    ] Entering safepoint region: RevokeBias
[2019-12-09T03:06:36.840+0000][1][safepoint    ] Leaving safepoint region
[2019-12-09T03:06:36.840+0000][1][safepoint    ] Total time for which application threads were stopped: 0.0000414 seconds, Stopping threads took: 0.0000096 seconds
[2019-12-09T03:06:36.843+0000][1][safepoint    ] Application time: 0.0030296 seconds
[2019-12-09T03:06:36.844+0000][1][safepoint    ] Entering safepoint region: RevokeBias
[2019-12-09T03:06:36.844+0000][1][safepoint    ] Leaving safepoint region
[2019-12-09T03:06:36.844+0000][1][safepoint    ] Total time for which application threads were stopped: 0.0002683 seconds, Stopping threads took: 0.0001818 seconds
[2019-12-09T03:06:36.844+0000][1][safepoint    ] Application time: 0.0000597 seconds
[2019-12-09T03:06:36.844+0000][1][safepoint    ] Entering safepoint region: RevokeBias
[2019-12-09T03:06:36.844+0000][1][safepoint    ] Leaving safepoint region
[2019-12-09T03:06:36.844+0000][1][safepoint    ] Total time for which application threads were stopped: 0.0000527 seconds, Stopping threads took: 0.0000093 seconds
[2019-12-09T03:06:36.844+0000][1][safepoint    ] Application time: 0.0002618 seconds
[2019-12-09T03:06:36.844+0000][1][safepoint    ] Entering safepoint region: RevokeBias
[2019-12-09T03:06:36.844+0000][1][safepoint    ] Leaving safepoint region
[2019-12-09T03:06:36.844+0000][1][safepoint    ] Total time for which application threads were stopped: 0.0000623 seconds, Stopping threads took: 0.0000104 seconds
[2019-12-09T03:06:36.851+0000][1][safepoint    ] Application time: 0.0064849 seconds
[2019-12-09T03:06:36.851+0000][1][safepoint    ] Entering safepoint region: RevokeBias
[2019-12-09T03:06:36.851+0000][1][safepoint    ] Leaving safepoint region
[2019-12-09T03:06:36.851+0000][1][safepoint    ] Total time for which application threads were stopped: 0.0000974 seconds, Stopping threads took: 0.0000547 seconds
[2019-12-09T03:06:36.851+0000][1][safepoint    ] Application time: 0.0000487 seconds
[2019-12-09T03:06:36.851+0000][1][safepoint    ] Entering safepoint region: RevokeBias
[2019-12-09T03:06:36.851+0000][1][safepoint    ] Leaving safepoint region
[2019-12-09T03:06:36.851+0000][1][safepoint    ] Total time for which application threads were stopped: 0.0000375 seconds, Stopping threads took: 0.0000078 seconds
[2019-12-09T03:06:36.923+0000][1][safepoint    ] Application time: 0.0720523 seconds
[2019-12-09T03:06:36.923+0000][1][safepoint    ] Entering safepoint region: RevokeBias
[2019-12-09T03:06:36.923+0000][1][safepoint    ] Leaving safepoint region
[2019-12-09T03:06:36.923+0000][1][safepoint    ] Total time for which application threads were stopped: 0.0001771 seconds, Stopping threads took: 0.0000768 seconds
[2019-12-09T03:06:36.923+0000][1][safepoint    ] Application time: 0.0000839 seconds
[2019-12-09T03:06:36.923+0000][1][safepoint    ] Entering safepoint region: RevokeBias
[2019-12-09T03:06:36.923+0000][1][safepoint    ] Leaving safepoint region
[2019-12-09T03:06:36.923+0000][1][safepoint    ] Total time for which application threads were stopped: 0.0000561 seconds, Stopping threads took: 0.0000096 seconds
[2019-12-09T03:06:36.925+0000][1][safepoint    ] Application time: 0.0015096 seconds
[2019-12-09T03:06:36.931+0000][1][safepoint    ] Entering safepoint region: RevokeBias
[2019-12-09T03:06:36.931+0000][1][safepoint    ] Leaving safepoint region
[2019-12-09T03:06:36.931+0000][1][safepoint    ] Total time for which application threads were stopped: 0.0059001 seconds, Stopping threads took: 0.0057934 seconds
[2019-12-09T03:06:36.938+0000][1][safepoint    ] Application time: 0.0071494 seconds
[2019-12-09T03:06:36.938+0000][1][safepoint    ] Entering safepoint region: RevokeBias
[2019-12-09T03:06:36.938+0000][1][safepoint    ] Leaving safepoint region
[2019-12-09T03:06:36.938+0000][1][safepoint    ] Total time for which application threads were stopped: 0.0001067 seconds, Stopping threads took: 0.0000348 seconds
[2019-12-09T03:06:36.942+0000][1][safepoint    ] Application time: 0.0036080 seconds
[2019-12-09T03:06:36.942+0000][1][safepoint    ] Entering safepoint region: RevokeBias
[2019-12-09T03:06:36.942+0000][1][safepoint    ] Leaving safepoint region
[2019-12-09T03:06:36.942+0000][1][safepoint    ] Total time for which application threads were stopped: 0.0001023 seconds, Stopping threads took: 0.0000408 seconds
[2019-12-09T03:06:36.966+0000][1][safepoint    ] Application time: 0.0240244 seconds
[2019-12-09T03:06:36.969+0000][1][safepoint    ] Entering safepoint region: RevokeBias
[2019-12-09T03:06:36.969+0000][1][safepoint    ] Leaving safepoint region
[2019-12-09T03:06:36.969+0000][1][safepoint    ] Total time for which application threads were stopped: 0.0029535 seconds, Stopping threads took: 0.0028752 seconds
[2019-12-09T03:06:36.979+0000][1][safepoint    ] Application time: 0.0098557 seconds
[2019-12-09T03:06:36.980+0000][1][safepoint    ] Entering safepoint region: RevokeBias
[2019-12-09T03:06:36.981+0000][1][safepoint    ] Leaving safepoint region
[2019-12-09T03:06:36.981+0000][1][safepoint    ] Total time for which application threads were stopped: 0.0017551 seconds, Stopping threads took: 0.0016743 seconds
[2019-12-09T03:06:36.999+0000][1][safepoint    ] Application time: 0.0187243 seconds
[2019-12-09T03:06:37.043+0000][1][safepoint    ] Entering safepoint region: RevokeBias
[2019-12-09T03:06:37.043+0000][1][safepoint    ] Leaving safepoint region
[2019-12-09T03:06:37.043+0000][1][safepoint    ] Total time for which application threads were stopped: 0.0436318 seconds, Stopping threads took: 0.0434942 seconds
[2019-12-09T03:06:37.049+0000][1][safepoint    ] Application time: 0.0059298 seconds
[2019-12-09T03:06:37.108+0000][1][safepoint    ] Entering safepoint region: RevokeBias
[2019-12-09T03:06:37.108+0000][1][safepoint    ] Leaving safepoint region
[2019-12-09T03:06:37.108+0000][1][safepoint    ] Total time for which application threads were stopped: 0.0590863 seconds, Stopping threads took: 0.0589797 seconds
[2019-12-09T03:06:37.111+0000][1][safepoint    ] Application time: 0.0029729 seconds
[2019-12-09T03:06:37.111+0000][1][safepoint    ] Entering safepoint region: RevokeBias
[2019-12-09T03:06:37.111+0000][1][safepoint    ] Leaving safepoint region
[2019-12-09T03:06:37.111+0000][1][safepoint    ] Total time for which application threads were stopped: 0.0000884 seconds, Stopping threads took: 0.0000144 seconds
[2019-12-09T03:06:37.117+0000][1][safepoint    ] Application time: 0.0054974 seconds
[2019-12-09T03:06:37.117+0000][1][safepoint    ] Entering safepoint region: RevokeBias
[2019-12-09T03:06:37.117+0000][1][safepoint    ] Leaving safepoint region
[2019-12-09T03:06:37.117+0000][1][safepoint    ] Total time for which application threads were stopped: 0.0002071 seconds, Stopping threads took: 0.0001458 seconds
[2019-12-09T03:06:37.127+0000][1][safepoint    ] Application time: 0.0101355 seconds
[2019-12-09T03:06:37.131+0000][1][safepoint    ] Entering safepoint region: RevokeBias
[2019-12-09T03:06:37.131+0000][1][safepoint    ] Leaving safepoint region
[2019-12-09T03:06:37.131+0000][1][safepoint    ] Total time for which application threads were stopped: 0.0038515 seconds, Stopping threads took: 0.0037758 seconds
[2019-12-09T03:06:37.203+0000][1][safepoint    ] Application time: 0.0721818 seconds
[2019-12-09T03:06:37.206+0000][1][safepoint    ] Entering safepoint region: RevokeBias
[2019-12-09T03:06:37.206+0000][1][safepoint    ] Leaving safepoint region
[2019-12-09T03:06:37.206+0000][1][safepoint    ] Total time for which application threads were stopped: 0.0028005 seconds, Stopping threads took: 0.0026555 seconds
[2019-12-09T03:06:37.208+0000][1][safepoint    ] Application time: 0.0023350 seconds
[2019-12-09T03:06:37.208+0000][1][safepoint    ] Entering safepoint region: RevokeBias
[2019-12-09T03:06:37.208+0000][1][safepoint    ] Leaving safepoint region
[2019-12-09T03:06:37.208+0000][1][safepoint    ] Total time for which application threads were stopped: 0.0000927 seconds, Stopping threads took: 0.0000154 seconds
[2019-12-09T03:06:37.210+0000][1][safepoint    ] Application time: 0.0015283 seconds
[2019-12-09T03:06:37.210+0000][1][safepoint    ] Entering safepoint region: RevokeBias
[2019-12-09T03:06:37.210+0000][1][safepoint    ] Leaving safepoint region
[2019-12-09T03:06:37.210+0000][1][safepoint    ] Total time for which application threads were stopped: 0.0000780 seconds, Stopping threads took: 0.0000126 seconds
[2019-12-09T03:06:37.210+0000][1][safepoint    ] Application time: 0.0003368 seconds
[2019-12-09T03:06:37.210+0000][1][safepoint    ] Entering safepoint region: RevokeBias
[2019-12-09T03:06:37.210+0000][1][safepoint    ] Leaving safepoint region
[2019-12-09T03:06:37.210+0000][1][safepoint    ] Total time for which application threads were stopped: 0.0000656 seconds, Stopping threads took: 0.0000105 seconds
[2019-12-09T03:06:37.212+0000][1][safepoint    ] Application time: 0.0011273 seconds
[2019-12-09T03:06:37.212+0000][1][safepoint    ] Entering safepoint region: RevokeBias
[2019-12-09T03:06:37.212+0000][1][safepoint    ] Leaving safepoint region
[2019-12-09T03:06:37.212+0000][1][safepoint    ] Total time for which application threads were stopped: 0.0000657 seconds, Stopping threads took: 0.0000118 seconds
[2019-12-09T03:06:37.212+0000][1][safepoint    ] Application time: 0.0002965 seconds
[2019-12-09T03:06:37.212+0000][1][safepoint    ] Entering safepoint region: RevokeBias
[2019-12-09T03:06:37.212+0000][1][safepoint    ] Leaving safepoint region
[2019-12-09T03:06:37.212+0000][1][safepoint    ] Total time for which application threads were stopped: 0.0000959 seconds, Stopping threads took: 0.0000104 seconds
[2019-12-09T03:06:37.212+0000][1][safepoint    ] Application time: 0.0001455 seconds
[2019-12-09T03:06:37.212+0000][1][safepoint    ] Entering safepoint region: RevokeBias
[2019-12-09T03:06:37.212+0000][1][safepoint    ] Leaving safepoint region
[2019-12-09T03:06:37.212+0000][1][safepoint    ] Total time for which application threads were stopped: 0.0000552 seconds, Stopping threads took: 0.0000092 seconds
[2019-12-09T03:06:37.213+0000][1][safepoint    ] Application time: 0.0003814 seconds
[2019-12-09T03:06:37.213+0000][1][safepoint    ] Entering safepoint region: RevokeBias
[2019-12-09T03:06:37.213+0000][1][safepoint    ] Leaving safepoint region
[2019-12-09T03:06:37.213+0000][1][safepoint    ] Total time for which application threads were stopped: 0.0000877 seconds, Stopping threads took: 0.0000100 seconds
[2019-12-09T03:06:37.213+0000][1][safepoint    ] Application time: 0.0000828 seconds
[2019-12-09T03:06:37.213+0000][1][safepoint    ] Entering safepoint region: RevokeBias
[2019-12-09T03:06:37.213+0000][1][safepoint    ] Leaving safepoint region
[2019-12-09T03:06:37.213+0000][1][safepoint    ] Total time for which application threads were stopped: 0.0000530 seconds, Stopping threads took: 0.0000089 seconds
[2019-12-09T03:06:37.213+0000][1][safepoint    ] Application time: 0.0001086 seconds
[2019-12-09T03:06:37.213+0000][1][safepoint    ] Entering safepoint region: RevokeBias
[2019-12-09T03:06:37.213+0000][1][safepoint    ] Leaving safepoint region
[2019-12-09T03:06:37.213+0000][1][safepoint    ] Total time for which application threads were stopped: 0.0000842 seconds, Stopping threads took: 0.0000084 seconds
[2019-12-09T03:06:37.214+0000][1][safepoint    ] Application time: 0.0010297 seconds
[2019-12-09T03:06:37.214+0000][1][safepoint    ] Entering safepoint region: RevokeBias
[2019-12-09T03:06:37.214+0000][1][safepoint    ] Leaving safepoint region
[2019-12-09T03:06:37.214+0000][1][safepoint    ] Total time for which application threads were stopped: 0.0000715 seconds, Stopping threads took: 0.0000113 seconds
[2019-12-09T03:06:37.214+0000][1][safepoint    ] Application time: 0.0002421 seconds
[2019-12-09T03:06:37.214+0000][1][safepoint    ] Entering safepoint region: RevokeBias
[2019-12-09T03:06:37.215+0000][1][safepoint    ] Leaving safepoint region
[2019-12-09T03:06:37.215+0000][1][safepoint    ] Total time for which application threads were stopped: 0.0000648 seconds, Stopping threads took: 0.0000094 seconds
[2019-12-09T03:06:37.267+0000][1][safepoint    ] Application time: 0.0522082 seconds
[2019-12-09T03:06:37.267+0000][1][safepoint    ] Entering safepoint region: RevokeBias
[2019-12-09T03:06:37.267+0000][1][safepoint    ] Leaving safepoint region
[2019-12-09T03:06:37.267+0000][1][safepoint    ] Total time for which application threads were stopped: 0.0002412 seconds, Stopping threads took: 0.0001424 seconds
[2019-12-09T03:06:37.377+0000][1][safepoint    ] Application time: 0.1097346 seconds
[2019-12-09T03:06:37.442+0000][1][safepoint    ] Entering safepoint region: RevokeBias
[2019-12-09T03:06:37.442+0000][1][safepoint    ] Leaving safepoint region
[2019-12-09T03:06:37.442+0000][1][safepoint    ] Total time for which application threads were stopped: 0.0651200 seconds, Stopping threads took: 0.0649821 seconds
[2019-12-09T03:06:37.451+0000][1][safepoint    ] Application time: 0.0093514 seconds
[2019-12-09T03:06:37.451+0000][1][safepoint    ] Entering safepoint region: RevokeBias
[2019-12-09T03:06:37.451+0000][1][safepoint    ] Leaving safepoint region
[2019-12-09T03:06:37.451+0000][1][safepoint    ] Total time for which application threads were stopped: 0.0001410 seconds, Stopping threads took: 0.0000151 seconds
[2019-12-09T03:06:37.458+0000][1][safepoint    ] Application time: 0.0064240 seconds
[2019-12-09T03:06:37.538+0000][1][safepoint    ] Entering safepoint region: RevokeBias
[2019-12-09T03:06:37.539+0000][1][safepoint    ] Leaving safepoint region
[2019-12-09T03:06:37.539+0000][1][safepoint    ] Total time for which application threads were stopped: 0.0807853 seconds, Stopping threads took: 0.0802615 seconds
[2019-12-09T03:06:37.541+0000][1][safepoint    ] Application time: 0.0025223 seconds
[2019-12-09T03:06:37.548+0000][1][safepoint    ] Entering safepoint region: RevokeBias
[2019-12-09T03:06:37.548+0000][1][safepoint    ] Leaving safepoint region
[2019-12-09T03:06:37.548+0000][1][safepoint    ] Total time for which application threads were stopped: 0.0068063 seconds, Stopping threads took: 0.0067211 seconds
[2019-12-09T03:06:37.548+0000][1][safepoint    ] Application time: 0.0002862 seconds
[2019-12-09T03:06:37.548+0000][1][safepoint    ] Entering safepoint region: RevokeBias
[2019-12-09T03:06:37.548+0000][1][safepoint    ] Leaving safepoint region
[2019-12-09T03:06:37.548+0000][1][safepoint    ] Total time for which application threads were stopped: 0.0000811 seconds, Stopping threads took: 0.0000132 seconds
[2019-12-09T03:06:37.549+0000][1][safepoint    ] Application time: 0.0003480 seconds
[2019-12-09T03:06:37.549+0000][1][safepoint    ] Entering safepoint region: RevokeBias
[2019-12-09T03:06:37.549+0000][1][safepoint    ] Leaving safepoint region
[2019-12-09T03:06:37.549+0000][1][safepoint    ] Total time for which application threads were stopped: 0.0001179 seconds, Stopping threads took: 0.0000410 seconds
[2019-12-09T03:06:37.549+0000][1][safepoint    ] Application time: 0.0000460 seconds
[2019-12-09T03:06:37.549+0000][1][safepoint    ] Entering safepoint region: RevokeBias
[2019-12-09T03:06:37.549+0000][1][safepoint    ] Leaving safepoint region
[2019-12-09T03:06:37.549+0000][1][safepoint    ] Total time for which application threads were stopped: 0.0000616 seconds, Stopping threads took: 0.0000083 seconds
[2019-12-09T03:06:37.549+0000][1][safepoint    ] Application time: 0.0000418 seconds
[2019-12-09T03:06:37.549+0000][1][safepoint    ] Entering safepoint region: RevokeBias
[2019-12-09T03:06:37.549+0000][1][safepoint    ] Leaving safepoint region
[2019-12-09T03:06:37.549+0000][1][safepoint    ] Total time for which application threads were stopped: 0.0000605 seconds, Stopping threads took: 0.0000083 seconds
[2019-12-09T03:06:37.553+0000][1][safepoint    ] Application time: 0.0033055 seconds
[2019-12-09T03:06:37.553+0000][1][safepoint    ] Entering safepoint region: RevokeBias
[2019-12-09T03:06:37.553+0000][1][safepoint    ] Leaving safepoint region
[2019-12-09T03:06:37.553+0000][1][safepoint    ] Total time for which application threads were stopped: 0.0000771 seconds, Stopping threads took: 0.0000119 seconds
[2019-12-09T03:06:37.577+0000][1][safepoint    ] Application time: 0.0246129 seconds
[2019-12-09T03:06:37.667+0000][1][safepoint    ] Entering safepoint region: RevokeBias
[2019-12-09T03:06:37.667+0000][1][safepoint    ] Leaving safepoint region
[2019-12-09T03:06:37.667+0000][1][safepoint    ] Total time for which application threads were stopped: 0.0896592 seconds, Stopping threads took: 0.0895175 seconds
[2019-12-09T03:06:37.670+0000][1][safepoint    ] Application time: 0.0027986 seconds
[2019-12-09T03:06:37.688+0000][1][safepoint    ] Entering safepoint region: RevokeBias
[2019-12-09T03:06:37.688+0000][1][safepoint    ] Leaving safepoint region
[2019-12-09T03:06:37.688+0000][1][safepoint    ] Total time for which application threads were stopped: 0.0184077 seconds, Stopping threads took: 0.0182972 seconds
[2019-12-09T03:06:37.688+0000][1][safepoint    ] Application time: 0.0001538 seconds
[2019-12-09T03:06:37.688+0000][1][safepoint    ] Entering safepoint region: RevokeBias
[2019-12-09T03:06:37.688+0000][1][safepoint    ] Leaving safepoint region
[2019-12-09T03:06:37.688+0000][1][safepoint    ] Total time for which application threads were stopped: 0.0000774 seconds, Stopping threads took: 0.0000112 seconds
[2019-12-09T03:06:37.694+0000][1][safepoint    ] Application time: 0.0054877 seconds
[2019-12-09T03:06:37.694+0000][1][safepoint    ] Entering safepoint region: RevokeBias
[2019-12-09T03:06:37.694+0000][1][safepoint    ] Leaving safepoint region
[2019-12-09T03:06:37.694+0000][1][safepoint    ] Total time for which application threads were stopped: 0.0001672 seconds, Stopping threads took: 0.0000873 seconds
[2019-12-09T03:06:37.698+0000][1][safepoint    ] Application time: 0.0036776 seconds
[2019-12-09T03:06:37.698+0000][1][safepoint    ] Entering safepoint region: RevokeBias
[2019-12-09T03:06:37.698+0000][1][safepoint    ] Leaving safepoint region
[2019-12-09T03:06:37.698+0000][1][safepoint    ] Total time for which application threads were stopped: 0.0001804 seconds, Stopping threads took: 0.0001098 seconds
[2019-12-09T03:06:37.698+0000][1][safepoint    ] Application time: 0.0003609 seconds
[2019-12-09T03:06:37.698+0000][1][safepoint    ] Entering safepoint region: RevokeBias
[2019-12-09T03:06:37.698+0000][1][safepoint    ] Leaving safepoint region
[2019-12-09T03:06:37.698+0000][1][safepoint    ] Total time for which application threads were stopped: 0.0000877 seconds, Stopping threads took: 0.0000124 seconds
[2019-12-09T03:06:37.699+0000][1][safepoint    ] Application time: 0.0005551 seconds
[2019-12-09T03:06:37.699+0000][1][safepoint    ] Entering safepoint region: RevokeBias
[2019-12-09T03:06:37.699+0000][1][safepoint    ] Leaving safepoint region
[2019-12-09T03:06:37.699+0000][1][safepoint    ] Total time for which application threads were stopped: 0.0000804 seconds, Stopping threads took: 0.0000119 seconds
[2019-12-09T03:06:37.762+0000][1][safepoint    ] Application time: 0.0627641 seconds
[2019-12-09T03:06:37.762+0000][1][safepoint    ] Entering safepoint region: RevokeBias
[2019-12-09T03:06:37.762+0000][1][safepoint    ] Leaving safepoint region
[2019-12-09T03:06:37.762+0000][1][safepoint    ] Total time for which application threads were stopped: 0.0001622 seconds, Stopping threads took: 0.0000130 seconds
[2019-12-09T03:06:37.796+0000][1][safepoint    ] Application time: 0.0336971 seconds
[2019-12-09T03:06:37.796+0000][1][safepoint    ] Entering safepoint region: RevokeBias
[2019-12-09T03:06:37.796+0000][1][safepoint    ] Leaving safepoint region
[2019-12-09T03:06:37.796+0000][1][safepoint    ] Total time for which application threads were stopped: 0.0001379 seconds, Stopping threads took: 0.0000156 seconds
[2019-12-09T03:06:37.807+0000][1][safepoint    ] Application time: 0.0114045 seconds
[2019-12-09T03:06:37.807+0000][1][safepoint    ] Entering safepoint region: RevokeBias
[2019-12-09T03:06:37.808+0000][1][safepoint    ] Leaving safepoint region
[2019-12-09T03:06:37.808+0000][1][safepoint    ] Total time for which application threads were stopped: 0.0001310 seconds, Stopping threads took: 0.0000462 seconds
[2019-12-09T03:06:37.808+0000][1][safepoint    ] Application time: 0.0004355 seconds
[2019-12-09T03:06:37.808+0000][1][safepoint    ] Entering safepoint region: RevokeBias
[2019-12-09T03:06:37.808+0000][1][safepoint    ] Leaving safepoint region
[2019-12-09T03:06:37.808+0000][1][safepoint    ] Total time for which application threads were stopped: 0.0000810 seconds, Stopping threads took: 0.0000127 seconds
[2019-12-09T03:06:37.808+0000][1][safepoint    ] Application time: 0.0001095 seconds
[2019-12-09T03:06:37.808+0000][1][safepoint    ] Entering safepoint region: RevokeBias
[2019-12-09T03:06:37.808+0000][1][safepoint    ] Leaving safepoint region
[2019-12-09T03:06:37.808+0000][1][safepoint    ] Total time for which application threads were stopped: 0.0000513 seconds, Stopping threads took: 0.0000088 seconds
[2019-12-09T03:06:37.809+0000][1][safepoint    ] Application time: 0.0003329 seconds
[2019-12-09T03:06:37.809+0000][1][safepoint    ] Entering safepoint region: RevokeBias
[2019-12-09T03:06:37.809+0000][1][safepoint    ] Leaving safepoint region
[2019-12-09T03:06:37.809+0000][1][safepoint    ] Total time for which application threads were stopped: 0.0001084 seconds, Stopping threads took: 0.0000143 seconds
[2019-12-09T03:06:37.810+0000][1][safepoint    ] Application time: 0.0010886 seconds
[2019-12-09T03:06:37.810+0000][1][safepoint    ] Entering safepoint region: RevokeBias
[2019-12-09T03:06:37.810+0000][1][safepoint    ] Leaving safepoint region
[2019-12-09T03:06:37.810+0000][1][safepoint    ] Total time for which application threads were stopped: 0.0000677 seconds, Stopping threads took: 0.0000122 seconds
[2019-12-09T03:06:37.812+0000][1][safepoint    ] Application time: 0.0020437 seconds
[2019-12-09T03:06:37.812+0000][1][safepoint    ] Entering safepoint region: RevokeBias
[2019-12-09T03:06:37.812+0000][1][safepoint    ] Leaving safepoint region
[2019-12-09T03:06:37.812+0000][1][safepoint    ] Total time for which application threads were stopped: 0.0000701 seconds, Stopping threads took: 0.0000132 seconds
[2019-12-09T03:06:37.813+0000][1][safepoint    ] Application time: 0.0014047 seconds
[2019-12-09T03:06:37.836+0000][1][safepoint    ] Entering safepoint region: RevokeBias
[2019-12-09T03:06:37.836+0000][1][safepoint    ] Leaving safepoint region
[2019-12-09T03:06:37.836+0000][1][safepoint    ] Total time for which application threads were stopped: 0.0224269 seconds, Stopping threads took: 0.0223380 seconds
[2019-12-09T03:06:37.836+0000][1][safepoint    ] Application time: 0.0001370 seconds
[2019-12-09T03:06:37.836+0000][1][safepoint    ] Entering safepoint region: RevokeBias
[2019-12-09T03:06:37.836+0000][1][safepoint    ] Leaving safepoint region
[2019-12-09T03:06:37.836+0000][1][safepoint    ] Total time for which application threads were stopped: 0.0000641 seconds, Stopping threads took: 0.0000118 seconds
[2019-12-09T03:06:37.836+0000][1][safepoint    ] Application time: 0.0000786 seconds
[2019-12-09T03:06:37.836+0000][1][safepoint    ] Entering safepoint region: RevokeBias
[2019-12-09T03:06:37.836+0000][1][safepoint    ] Leaving safepoint region
[2019-12-09T03:06:37.836+0000][1][safepoint    ] Total time for which application threads were stopped: 0.0000508 seconds, Stopping threads took: 0.0000088 seconds
[2019-12-09T03:06:37.904+0000][1][safepoint    ] Application time: 0.0674484 seconds
[2019-12-09T03:06:37.916+0000][1][safepoint    ] Entering safepoint region: RevokeBias
[2019-12-09T03:06:37.916+0000][1][safepoint    ] Leaving safepoint region
[2019-12-09T03:06:37.916+0000][1][safepoint    ] Total time for which application threads were stopped: 0.0120794 seconds, Stopping threads took: 0.0119876 seconds
[2019-12-09T03:06:37.916+0000][1][safepoint    ] Application time: 0.0001472 seconds
[2019-12-09T03:06:37.916+0000][1][safepoint    ] Entering safepoint region: RevokeBias
[2019-12-09T03:06:37.916+0000][1][safepoint    ] Leaving safepoint region
[2019-12-09T03:06:37.916+0000][1][safepoint    ] Total time for which application threads were stopped: 0.0000722 seconds, Stopping threads took: 0.0000128 seconds
[2019-12-09T03:06:37.929+0000][1][safepoint    ] Application time: 0.0132626 seconds
[2019-12-09T03:06:37.929+0000][1][safepoint    ] Entering safepoint region: RevokeBias
[2019-12-09T03:06:37.929+0000][1][safepoint    ] Leaving safepoint region
[2019-12-09T03:06:37.929+0000][1][safepoint    ] Total time for which application threads were stopped: 0.0000855 seconds, Stopping threads took: 0.0000146 seconds
[2019-12-09T03:06:37.930+0000][1][safepoint    ] Application time: 0.0003323 seconds
[2019-12-09T03:06:37.930+0000][1][safepoint    ] Entering safepoint region: RevokeBias
[2019-12-09T03:06:37.930+0000][1][safepoint    ] Leaving safepoint region
[2019-12-09T03:06:37.930+0000][1][safepoint    ] Total time for which application threads were stopped: 0.0000717 seconds, Stopping threads took: 0.0000115 seconds
[2019-12-09T03:06:37.931+0000][1][safepoint    ] Application time: 0.0008252 seconds
[2019-12-09T03:06:37.931+0000][1][safepoint    ] Entering safepoint region: RevokeBias
[2019-12-09T03:06:37.931+0000][1][safepoint    ] Leaving safepoint region
[2019-12-09T03:06:37.931+0000][1][safepoint    ] Total time for which application threads were stopped: 0.0001087 seconds, Stopping threads took: 0.0000113 seconds
[2019-12-09T03:06:37.974+0000][1][safepoint    ] Application time: 0.0435167 seconds
[2019-12-09T03:06:37.975+0000][1][safepoint    ] Entering safepoint region: RevokeBias
[2019-12-09T03:06:37.975+0000][1][safepoint    ] Leaving safepoint region
[2019-12-09T03:06:37.975+0000][1][safepoint    ] Total time for which application threads were stopped: 0.0008549 seconds, Stopping threads took: 0.0007665 seconds
[2019-12-09T03:06:37.983+0000][1][safepoint    ] Application time: 0.0075544 seconds
[2019-12-09T03:06:37.983+0000][1][safepoint    ] Entering safepoint region: RevokeBias
[2019-12-09T03:06:37.983+0000][1][safepoint    ] Leaving safepoint region
[2019-12-09T03:06:37.983+0000][1][safepoint    ] Total time for which application threads were stopped: 0.0001318 seconds, Stopping threads took: 0.0000532 seconds
[2019-12-09T03:06:37.983+0000][1][safepoint    ] Application time: 0.0003221 seconds
[2019-12-09T03:06:37.983+0000][1][safepoint    ] Entering safepoint region: RevokeBias
[2019-12-09T03:06:37.983+0000][1][safepoint    ] Leaving safepoint region
[2019-12-09T03:06:37.983+0000][1][safepoint    ] Total time for which application threads were stopped: 0.0000759 seconds, Stopping threads took: 0.0000110 seconds
[2019-12-09T03:06:37.984+0000][1][safepoint    ] Application time: 0.0002479 seconds
[2019-12-09T03:06:37.984+0000][1][safepoint    ] Entering safepoint region: RevokeBias
[2019-12-09T03:06:37.984+0000][1][safepoint    ] Leaving safepoint region
[2019-12-09T03:06:37.984+0000][1][safepoint    ] Total time for which application threads were stopped: 0.0000805 seconds, Stopping threads took: 0.0000103 seconds
[2019-12-09T03:06:37.984+0000][1][safepoint    ] Application time: 0.0002658 seconds
[2019-12-09T03:06:37.984+0000][1][safepoint    ] Entering safepoint region: RevokeBias
[2019-12-09T03:06:37.984+0000][1][safepoint    ] Leaving safepoint region
[2019-12-09T03:06:37.984+0000][1][safepoint    ] Total time for which application threads were stopped: 0.0000591 seconds, Stopping threads took: 0.0000113 seconds
[2019-12-09T03:06:37.985+0000][1][safepoint    ] Application time: 0.0008355 seconds
[2019-12-09T03:06:37.985+0000][1][safepoint    ] Entering safepoint region: RevokeBias
[2019-12-09T03:06:37.985+0000][1][safepoint    ] Leaving safepoint region
[2019-12-09T03:06:37.985+0000][1][safepoint    ] Total time for which application threads were stopped: 0.0000632 seconds, Stopping threads took: 0.0000122 seconds
[2019-12-09T03:06:37.993+0000][1][safepoint    ] Application time: 0.0083642 seconds
[2019-12-09T03:06:37.993+0000][1][safepoint    ] Entering safepoint region: RevokeBias
[2019-12-09T03:06:37.993+0000][1][safepoint    ] Leaving safepoint region
[2019-12-09T03:06:37.994+0000][1][safepoint    ] Total time for which application threads were stopped: 0.0001044 seconds, Stopping threads took: 0.0000130 seconds
[2019-12-09T03:06:37.997+0000][1][safepoint    ] Application time: 0.0037933 seconds
[2019-12-09T03:06:37.997+0000][1][safepoint    ] Entering safepoint region: RevokeBias
[2019-12-09T03:06:37.997+0000][1][safepoint    ] Leaving safepoint region
[2019-12-09T03:06:37.997+0000][1][safepoint    ] Total time for which application threads were stopped: 0.0000745 seconds, Stopping threads took: 0.0000122 seconds
[2019-12-09T03:06:37.999+0000][1][safepoint    ] Application time: 0.0017036 seconds
[2019-12-09T03:06:37.999+0000][1][safepoint    ] Entering safepoint region: RevokeBias
[2019-12-09T03:06:37.999+0000][1][safepoint    ] Leaving safepoint region
[2019-12-09T03:06:37.999+0000][1][safepoint    ] Total time for which application threads were stopped: 0.0000609 seconds, Stopping threads took: 0.0000118 seconds
[2019-12-09T03:06:38.000+0000][1][safepoint    ] Application time: 0.0004578 seconds
[2019-12-09T03:06:38.000+0000][1][safepoint    ] Entering safepoint region: RevokeBias
[2019-12-09T03:06:38.000+0000][1][safepoint    ] Leaving safepoint region
[2019-12-09T03:06:38.000+0000][1][safepoint    ] Total time for which application threads were stopped: 0.0000670 seconds, Stopping threads took: 0.0000168 seconds
[2019-12-09T03:06:38.000+0000][1][safepoint    ] Application time: 0.0004216 seconds
[2019-12-09T03:06:38.000+0000][1][safepoint    ] Entering safepoint region: RevokeBias
[2019-12-09T03:06:38.000+0000][1][safepoint    ] Leaving safepoint region
[2019-12-09T03:06:38.000+0000][1][safepoint    ] Total time for which application threads were stopped: 0.0000616 seconds, Stopping threads took: 0.0000116 seconds
[2019-12-09T03:06:38.001+0000][1][safepoint    ] Application time: 0.0009209 seconds
[2019-12-09T03:06:38.001+0000][1][safepoint    ] Entering safepoint region: RevokeBias
[2019-12-09T03:06:38.001+0000][1][safepoint    ] Leaving safepoint region
[2019-12-09T03:06:38.001+0000][1][safepoint    ] Total time for which application threads were stopped: 0.0000497 seconds, Stopping threads took: 0.0000112 seconds
[2019-12-09T03:06:38.001+0000][1][safepoint    ] Application time: 0.0002115 seconds
[2019-12-09T03:06:38.001+0000][1][safepoint    ] Entering safepoint region: BulkRevokeBias
[2019-12-09T03:06:38.002+0000][1][safepoint    ] Leaving safepoint region
[2019-12-09T03:06:38.002+0000][1][safepoint    ] Total time for which application threads were stopped: 0.0003094 seconds, Stopping threads took: 0.0000092 seconds
[2019-12-09T03:06:38.033+0000][1][safepoint    ] Application time: 0.0314008 seconds
[2019-12-09T03:06:38.033+0000][1][safepoint    ] Entering safepoint region: RevokeBias
[2019-12-09T03:06:38.033+0000][1][safepoint    ] Leaving safepoint region
[2019-12-09T03:06:38.033+0000][1][safepoint    ] Total time for which application threads were stopped: 0.0000862 seconds, Stopping threads took: 0.0000166 seconds
[2019-12-09T03:06:38.145+0000][1][safepoint    ] Application time: 0.1121216 seconds
[2019-12-09T03:06:38.214+0000][1][safepoint    ] Entering safepoint region: RevokeBias
[2019-12-09T03:06:38.214+0000][1][safepoint    ] Leaving safepoint region
[2019-12-09T03:06:38.214+0000][1][safepoint    ] Total time for which application threads were stopped: 0.0689246 seconds, Stopping threads took: 0.0687977 seconds
[2019-12-09T03:06:38.218+0000][1][safepoint    ] Application time: 0.0036098 seconds
[2019-12-09T03:06:38.218+0000][1][safepoint    ] Entering safepoint region: RevokeBias
[2019-12-09T03:06:38.219+0000][1][safepoint    ] Leaving safepoint region
[2019-12-09T03:06:38.219+0000][1][safepoint    ] Total time for which application threads were stopped: 0.0004598 seconds, Stopping threads took: 0.0003896 seconds
[2019-12-09T03:06:38.219+0000][1][safepoint    ] Application time: 0.0003533 seconds
[2019-12-09T03:06:38.219+0000][1][safepoint    ] Entering safepoint region: BulkRevokeBias
[2019-12-09T03:06:38.219+0000][1][safepoint    ] Leaving safepoint region
[2019-12-09T03:06:38.219+0000][1][safepoint    ] Total time for which application threads were stopped: 0.0004608 seconds, Stopping threads took: 0.0000111 seconds
[2019-12-09T03:06:38.220+0000][1][safepoint    ] Application time: 0.0003395 seconds
[2019-12-09T03:06:38.220+0000][1][safepoint    ] Entering safepoint region: RevokeBias
[2019-12-09T03:06:38.220+0000][1][safepoint    ] Leaving safepoint region
[2019-12-09T03:06:38.220+0000][1][safepoint    ] Total time for which application threads were stopped: 0.0000489 seconds, Stopping threads took: 0.0000103 seconds
[2019-12-09T03:06:38.221+0000][1][safepoint    ] Application time: 0.0015373 seconds
[2019-12-09T03:06:38.221+0000][1][safepoint    ] Entering safepoint region: RevokeBias
[2019-12-09T03:06:38.221+0000][1][safepoint    ] Leaving safepoint region
[2019-12-09T03:06:38.221+0000][1][safepoint    ] Total time for which application threads were stopped: 0.0000553 seconds, Stopping threads took: 0.0000114 seconds
[2019-12-09T03:06:38.222+0000][1][safepoint    ] Application time: 0.0003478 seconds
[2019-12-09T03:06:38.222+0000][1][safepoint    ] Entering safepoint region: RevokeBias
[2019-12-09T03:06:38.222+0000][1][safepoint    ] Leaving safepoint region
[2019-12-09T03:06:38.222+0000][1][safepoint    ] Total time for which application threads were stopped: 0.0000630 seconds, Stopping threads took: 0.0000112 seconds
[2019-12-09T03:06:38.222+0000][1][safepoint    ] Application time: 0.0000638 seconds
[2019-12-09T03:06:38.222+0000][1][safepoint    ] Entering safepoint region: RevokeBias
[2019-12-09T03:06:38.222+0000][1][safepoint    ] Leaving safepoint region
[2019-12-09T03:06:38.222+0000][1][safepoint    ] Total time for which application threads were stopped: 0.0000360 seconds, Stopping threads took: 0.0000074 seconds
[2019-12-09T03:06:38.227+0000][1][safepoint    ] Application time: 0.0050786 seconds
[2019-12-09T03:06:38.227+0000][1][safepoint    ] Entering safepoint region: RevokeBias
[2019-12-09T03:06:38.227+0000][1][safepoint    ] Leaving safepoint region
[2019-12-09T03:06:38.227+0000][1][safepoint    ] Total time for which application threads were stopped: 0.0000644 seconds, Stopping threads took: 0.0000120 seconds
[2019-12-09T03:06:38.229+0000][1][safepoint    ] Application time: 0.0016814 seconds
[2019-12-09T03:06:38.229+0000][1][safepoint    ] Entering safepoint region: RevokeBias
[2019-12-09T03:06:38.229+0000][1][safepoint    ] Leaving safepoint region
[2019-12-09T03:06:38.229+0000][1][safepoint    ] Total time for which application threads were stopped: 0.0000610 seconds, Stopping threads took: 0.0000124 seconds
[2019-12-09T03:06:38.234+0000][1][safepoint    ] Application time: 0.0049354 seconds
[2019-12-09T03:06:38.234+0000][1][safepoint    ] Entering safepoint region: RevokeBias
[2019-12-09T03:06:38.234+0000][1][safepoint    ] Leaving safepoint region
[2019-12-09T03:06:38.234+0000][1][safepoint    ] Total time for which application threads were stopped: 0.0004711 seconds, Stopping threads took: 0.0004091 seconds
[2019-12-09T03:06:38.235+0000][1][safepoint    ] Application time: 0.0004876 seconds
[2019-12-09T03:06:38.235+0000][1][safepoint    ] Entering safepoint region: RevokeBias
[2019-12-09T03:06:38.235+0000][1][safepoint    ] Leaving safepoint region
[2019-12-09T03:06:38.235+0000][1][safepoint    ] Total time for which application threads were stopped: 0.0000728 seconds, Stopping threads took: 0.0000222 seconds
[2019-12-09T03:06:38.235+0000][1][safepoint    ] Application time: 0.0004007 seconds
[2019-12-09T03:06:38.235+0000][1][safepoint    ] Entering safepoint region: RevokeBias
[2019-12-09T03:06:38.235+0000][1][safepoint    ] Leaving safepoint region
[2019-12-09T03:06:38.235+0000][1][safepoint    ] Total time for which application threads were stopped: 0.0000520 seconds, Stopping threads took: 0.0000115 seconds
[2019-12-09T03:06:38.249+0000][1][safepoint    ] Application time: 0.0138490 seconds
[2019-12-09T03:06:38.249+0000][1][safepoint    ] Entering safepoint region: RevokeBias
[2019-12-09T03:06:38.250+0000][1][safepoint    ] Leaving safepoint region
[2019-12-09T03:06:38.250+0000][1][safepoint    ] Total time for which application threads were stopped: 0.0002807 seconds, Stopping threads took: 0.0002359 seconds
[2019-12-09T03:06:38.250+0000][1][safepoint    ] Application time: 0.0002654 seconds
[2019-12-09T03:06:38.250+0000][1][safepoint    ] Entering safepoint region: RevokeBias
[2019-12-09T03:06:38.250+0000][1][safepoint    ] Leaving safepoint region
[2019-12-09T03:06:38.250+0000][1][safepoint    ] Total time for which application threads were stopped: 0.0000531 seconds, Stopping threads took: 0.0000118 seconds
[2019-12-09T03:06:38.293+0000][1][safepoint    ] Application time: 0.0431045 seconds
[2019-12-09T03:06:38.293+0000][1][safepoint    ] Entering safepoint region: RevokeBias
[2019-12-09T03:06:38.293+0000][1][safepoint    ] Leaving safepoint region
[2019-12-09T03:06:38.293+0000][1][safepoint    ] Total time for which application threads were stopped: 0.0002065 seconds, Stopping threads took: 0.0001394 seconds
[2019-12-09T03:06:38.294+0000][1][safepoint    ] Application time: 0.0003313 seconds
[2019-12-09T03:06:38.294+0000][1][safepoint    ] Entering safepoint region: RevokeBias
[2019-12-09T03:06:38.294+0000][1][safepoint    ] Leaving safepoint region
[2019-12-09T03:06:38.294+0000][1][safepoint    ] Total time for which application threads were stopped: 0.0000677 seconds, Stopping threads took: 0.0000132 seconds
[2019-12-09T03:06:38.296+0000][1][safepoint    ] Application time: 0.0018609 seconds
[2019-12-09T03:06:38.296+0000][1][safepoint    ] Entering safepoint region: RevokeBias
[2019-12-09T03:06:38.296+0000][1][safepoint    ] Leaving safepoint region
[2019-12-09T03:06:38.296+0000][1][safepoint    ] Total time for which application threads were stopped: 0.0000617 seconds, Stopping threads took: 0.0000133 seconds
[2019-12-09T03:06:38.305+0000][1][safepoint    ] Application time: 0.0095653 seconds
[2019-12-09T03:06:38.305+0000][1][safepoint    ] Entering safepoint region: RevokeBias
[2019-12-09T03:06:38.305+0000][1][safepoint    ] Leaving safepoint region
[2019-12-09T03:06:38.305+0000][1][safepoint    ] Total time for which application threads were stopped: 0.0000585 seconds, Stopping threads took: 0.0000130 seconds
[2019-12-09T03:06:38.345+0000][1][safepoint    ] Application time: 0.0397051 seconds
[2019-12-09T03:06:38.345+0000][1][safepoint    ] Entering safepoint region: RevokeBias
[2019-12-09T03:06:38.345+0000][1][safepoint    ] Leaving safepoint region
[2019-12-09T03:06:38.345+0000][1][safepoint    ] Total time for which application threads were stopped: 0.0001626 seconds, Stopping threads took: 0.0000723 seconds
[2019-12-09T03:06:38.346+0000][1][safepoint    ] Application time: 0.0004230 seconds
[2019-12-09T03:06:38.346+0000][1][safepoint    ] Entering safepoint region: RevokeBias
[2019-12-09T03:06:38.346+0000][1][safepoint    ] Leaving safepoint region
[2019-12-09T03:06:38.346+0000][1][safepoint    ] Total time for which application threads were stopped: 0.0001063 seconds, Stopping threads took: 0.0000119 seconds
[2019-12-09T03:06:38.346+0000][1][safepoint    ] Application time: 0.0002356 seconds
[2019-12-09T03:06:38.346+0000][1][safepoint    ] Entering safepoint region: RevokeBias
[2019-12-09T03:06:38.346+0000][1][safepoint    ] Leaving safepoint region
[2019-12-09T03:06:38.346+0000][1][safepoint    ] Total time for which application threads were stopped: 0.0000825 seconds, Stopping threads took: 0.0000109 seconds
[2019-12-09T03:06:38.346+0000][1][safepoint    ] Application time: 0.0003850 seconds
[2019-12-09T03:06:38.347+0000][1][safepoint    ] Entering safepoint region: RevokeBias
[2019-12-09T03:06:38.347+0000][1][safepoint    ] Leaving safepoint region
[2019-12-09T03:06:38.347+0000][1][safepoint    ] Total time for which application threads were stopped: 0.0000789 seconds, Stopping threads took: 0.0000105 seconds
[2019-12-09T03:06:38.347+0000][1][safepoint    ] Application time: 0.0004074 seconds
[2019-12-09T03:06:38.347+0000][1][safepoint    ] Entering safepoint region: RevokeBias
[2019-12-09T03:06:38.347+0000][1][safepoint    ] Leaving safepoint region
[2019-12-09T03:06:38.347+0000][1][safepoint    ] Total time for which application threads were stopped: 0.0000867 seconds, Stopping threads took: 0.0000118 seconds
[2019-12-09T03:06:38.348+0000][1][safepoint    ] Application time: 0.0004633 seconds
[2019-12-09T03:06:38.348+0000][1][safepoint    ] Entering safepoint region: RevokeBias
[2019-12-09T03:06:38.348+0000][1][safepoint    ] Leaving safepoint region
[2019-12-09T03:06:38.348+0000][1][safepoint    ] Total time for which application threads were stopped: 0.0001065 seconds, Stopping threads took: 0.0000114 seconds
[2019-12-09T03:06:38.349+0000][1][safepoint    ] Application time: 0.0007780 seconds
[2019-12-09T03:06:38.349+0000][1][safepoint    ] Entering safepoint region: RevokeBias
[2019-12-09T03:06:38.349+0000][1][safepoint    ] Leaving safepoint region
[2019-12-09T03:06:38.349+0000][1][safepoint    ] Total time for which application threads were stopped: 0.0000748 seconds, Stopping threads took: 0.0000119 seconds
[2019-12-09T03:06:38.349+0000][1][safepoint    ] Application time: 0.0003874 seconds
[2019-12-09T03:06:38.349+0000][1][safepoint    ] Entering safepoint region: RevokeBias
[2019-12-09T03:06:38.349+0000][1][safepoint    ] Leaving safepoint region
[2019-12-09T03:06:38.349+0000][1][safepoint    ] Total time for which application threads were stopped: 0.0000916 seconds, Stopping threads took: 0.0000296 seconds
[2019-12-09T03:06:38.349+0000][1][safepoint    ] Application time: 0.0003301 seconds
[2019-12-09T03:06:38.349+0000][1][safepoint    ] Entering safepoint region: RevokeBias
[2019-12-09T03:06:38.350+0000][1][safepoint    ] Leaving safepoint region
[2019-12-09T03:06:38.350+0000][1][safepoint    ] Total time for which application threads were stopped: 0.0000767 seconds, Stopping threads took: 0.0000109 seconds
[2019-12-09T03:06:38.376+0000][1][safepoint    ] Application time: 0.0262456 seconds
[2019-12-09T03:06:38.434+0000][1][safepoint    ] Entering safepoint region: RevokeBias
[2019-12-09T03:06:38.434+0000][1][safepoint    ] Leaving safepoint region
[2019-12-09T03:06:38.434+0000][1][safepoint    ] Total time for which application threads were stopped: 0.0583188 seconds, Stopping threads took: 0.0581221 seconds
[2019-12-09T03:06:38.434+0000][1][safepoint    ] Application time: 0.0003146 seconds
[2019-12-09T03:06:38.434+0000][1][safepoint    ] Entering safepoint region: BulkRevokeBias
[2019-12-09T03:06:38.435+0000][1][safepoint    ] Leaving safepoint region
[2019-12-09T03:06:38.435+0000][1][safepoint    ] Total time for which application threads were stopped: 0.0009573 seconds, Stopping threads took: 0.0000162 seconds
[2019-12-09T03:06:38.436+0000][1][safepoint    ] Application time: 0.0001913 seconds
[2019-12-09T03:06:38.436+0000][1][safepoint    ] Entering safepoint region: RevokeBias
[2019-12-09T03:06:38.436+0000][1][safepoint    ] Leaving safepoint region
[2019-12-09T03:06:38.436+0000][1][safepoint    ] Total time for which application threads were stopped: 0.0000831 seconds, Stopping threads took: 0.0000111 seconds
[2019-12-09T03:06:38.436+0000][1][safepoint    ] Application time: 0.0002360 seconds
[2019-12-09T03:06:38.436+0000][1][safepoint    ] Entering safepoint region: RevokeBias
[2019-12-09T03:06:38.436+0000][1][safepoint    ] Leaving safepoint region
[2019-12-09T03:06:38.436+0000][1][safepoint    ] Total time for which application threads were stopped: 0.0000682 seconds, Stopping threads took: 0.0000102 seconds
[2019-12-09T03:06:38.437+0000][1][safepoint    ] Application time: 0.0004517 seconds
[2019-12-09T03:06:38.437+0000][1][safepoint    ] Entering safepoint region: RevokeBias
[2019-12-09T03:06:38.437+0000][1][safepoint    ] Leaving safepoint region
[2019-12-09T03:06:38.437+0000][1][safepoint    ] Total time for which application threads were stopped: 0.0000790 seconds, Stopping threads took: 0.0000131 seconds
[2019-12-09T03:06:38.437+0000][1][safepoint    ] Application time: 0.0002583 seconds
[2019-12-09T03:06:38.437+0000][1][safepoint    ] Entering safepoint region: RevokeBias
[2019-12-09T03:06:38.437+0000][1][safepoint    ] Leaving safepoint region
[2019-12-09T03:06:38.437+0000][1][safepoint    ] Total time for which application threads were stopped: 0.0000694 seconds, Stopping threads took: 0.0000123 seconds
[2019-12-09T03:06:38.437+0000][1][safepoint    ] Application time: 0.0002160 seconds
[2019-12-09T03:06:38.437+0000][1][safepoint    ] Entering safepoint region: RevokeBias
[2019-12-09T03:06:38.437+0000][1][safepoint    ] Leaving safepoint region
[2019-12-09T03:06:38.437+0000][1][safepoint    ] Total time for which application threads were stopped: 0.0000706 seconds, Stopping threads took: 0.0000121 seconds
[2019-12-09T03:06:38.718+0000][1][safepoint    ] Application time: 0.2803036 seconds
[2019-12-09T03:06:38.718+0000][1][safepoint    ] Entering safepoint region: RevokeBias
[2019-12-09T03:06:38.718+0000][1][safepoint    ] Leaving safepoint region
[2019-12-09T03:06:38.718+0000][1][safepoint    ] Total time for which application threads were stopped: 0.0001920 seconds, Stopping threads took: 0.0000653 seconds
[2019-12-09T03:06:38.785+0000][1][safepoint    ] Application time: 0.0669644 seconds
[2019-12-09T03:06:38.789+0000][1][safepoint    ] Entering safepoint region: RevokeBias
[2019-12-09T03:06:38.789+0000][1][safepoint    ] Leaving safepoint region
[2019-12-09T03:06:38.789+0000][1][safepoint    ] Total time for which application threads were stopped: 0.0041113 seconds, Stopping threads took: 0.0040126 seconds
[2019-12-09T03:06:38.789+0000][1][safepoint    ] Application time: 0.0004982 seconds
[2019-12-09T03:06:38.789+0000][1][safepoint    ] Entering safepoint region: RevokeBias
[2019-12-09T03:06:38.790+0000][1][safepoint    ] Leaving safepoint region
[2019-12-09T03:06:38.790+0000][1][safepoint    ] Total time for which application threads were stopped: 0.0000975 seconds, Stopping threads took: 0.0000159 seconds
[2019-12-09T03:06:38.792+0000][1][safepoint    ] Application time: 0.0023526 seconds
[2019-12-09T03:06:38.792+0000][1][safepoint    ] Entering safepoint region: RevokeBias
[2019-12-09T03:06:38.792+0000][1][safepoint    ] Leaving safepoint region
[2019-12-09T03:06:38.792+0000][1][safepoint    ] Total time for which application threads were stopped: 0.0000798 seconds, Stopping threads took: 0.0000141 seconds
[2019-12-09T03:06:38.792+0000][1][safepoint    ] Application time: 0.0004033 seconds
[2019-12-09T03:06:38.792+0000][1][safepoint    ] Entering safepoint region: RevokeBias
[2019-12-09T03:06:38.792+0000][1][safepoint    ] Leaving safepoint region
[2019-12-09T03:06:38.793+0000][1][safepoint    ] Total time for which application threads were stopped: 0.0000725 seconds, Stopping threads took: 0.0000124 seconds
[2019-12-09T03:06:38.793+0000][1][safepoint    ] Application time: 0.0003246 seconds
[2019-12-09T03:06:38.793+0000][1][safepoint    ] Entering safepoint region: BulkRevokeBias
[2019-12-09T03:06:38.793+0000][1][safepoint    ] Leaving safepoint region
[2019-12-09T03:06:38.793+0000][1][safepoint    ] Total time for which application threads were stopped: 0.0005999 seconds, Stopping threads took: 0.0000121 seconds
[2019-12-09T03:06:38.794+0000][1][safepoint    ] Application time: 0.0003549 seconds
[2019-12-09T03:06:38.794+0000][1][safepoint    ] Entering safepoint region: BulkRevokeBias
[2019-12-09T03:06:38.794+0000][1][safepoint    ] Leaving safepoint region
[2019-12-09T03:06:38.794+0000][1][safepoint    ] Total time for which application threads were stopped: 0.0004232 seconds, Stopping threads took: 0.0000432 seconds
[2019-12-09T03:06:38.809+0000][1][safepoint    ] Application time: 0.0152152 seconds
[2019-12-09T03:06:38.810+0000][1][safepoint    ] Entering safepoint region: RevokeBias
[2019-12-09T03:06:38.810+0000][1][safepoint    ] Leaving safepoint region
[2019-12-09T03:06:38.810+0000][1][safepoint    ] Total time for which application threads were stopped: 0.0001513 seconds, Stopping threads took: 0.0000185 seconds
[2019-12-09T03:06:38.833+0000][1][safepoint    ] Application time: 0.0230253 seconds
[2019-12-09T03:06:38.841+0000][1][safepoint    ] Entering safepoint region: RevokeBias
[2019-12-09T03:06:38.841+0000][1][safepoint    ] Leaving safepoint region
[2019-12-09T03:06:38.841+0000][1][safepoint    ] Total time for which application threads were stopped: 0.0080933 seconds, Stopping threads took: 0.0079673 seconds
[2019-12-09T03:06:38.886+0000][1][safepoint    ] Application time: 0.0448583 seconds
[2019-12-09T03:06:38.921+0000][1][safepoint    ] Entering safepoint region: RevokeBias
[2019-12-09T03:06:38.921+0000][1][safepoint    ] Leaving safepoint region
[2019-12-09T03:06:38.921+0000][1][safepoint    ] Total time for which application threads were stopped: 0.0349334 seconds, Stopping threads took: 0.0348329 seconds
[2019-12-09T03:06:38.934+0000][1][safepoint    ] Application time: 0.0133145 seconds
[2019-12-09T03:06:38.934+0000][1][safepoint    ] Entering safepoint region: RevokeBias
[2019-12-09T03:06:38.934+0000][1][safepoint    ] Leaving safepoint region
[2019-12-09T03:06:38.934+0000][1][safepoint    ] Total time for which application threads were stopped: 0.0000895 seconds, Stopping threads took: 0.0000139 seconds
[2019-12-09T03:06:38.935+0000][1][safepoint    ] Application time: 0.0004185 seconds
[2019-12-09T03:06:38.935+0000][1][safepoint    ] Entering safepoint region: RevokeBias
[2019-12-09T03:06:38.935+0000][1][safepoint    ] Leaving safepoint region
[2019-12-09T03:06:38.935+0000][1][safepoint    ] Total time for which application threads were stopped: 0.0000705 seconds, Stopping threads took: 0.0000111 seconds
[2019-12-09T03:06:38.984+0000][1][safepoint    ] Application time: 0.0497337 seconds
[2019-12-09T03:06:38.984+0000][1][safepoint    ] Entering safepoint region: RevokeBias
[2019-12-09T03:06:38.984+0000][1][safepoint    ] Leaving safepoint region
[2019-12-09T03:06:38.985+0000][1][safepoint    ] Total time for which application threads were stopped: 0.0000828 seconds, Stopping threads took: 0.0000156 seconds
[2019-12-09T03:06:38.985+0000][1][safepoint    ] Application time: 0.0003973 seconds
[2019-12-09T03:06:38.985+0000][1][safepoint    ] Entering safepoint region: RevokeBias
[2019-12-09T03:06:38.985+0000][1][safepoint    ] Leaving safepoint region
[2019-12-09T03:06:38.985+0000][1][safepoint    ] Total time for which application threads were stopped: 0.0000774 seconds, Stopping threads took: 0.0000142 seconds
[2019-12-09T03:06:39.253+0000][1][safepoint    ] Application time: 0.2677088 seconds
[2019-12-09T03:06:39.253+0000][1][safepoint    ] Entering safepoint region: RevokeBias
[2019-12-09T03:06:39.253+0000][1][safepoint    ] Leaving safepoint region
[2019-12-09T03:06:39.253+0000][1][safepoint    ] Total time for which application threads were stopped: 0.0001810 seconds, Stopping threads took: 0.0000180 seconds
[2019-12-09T03:06:39.259+0000][1][safepoint    ] Application time: 0.0057677 seconds
[2019-12-09T03:06:39.264+0000][1][safepoint    ] Entering safepoint region: RevokeBias
[2019-12-09T03:06:39.264+0000][1][safepoint    ] Leaving safepoint region
[2019-12-09T03:06:39.264+0000][1][safepoint    ] Total time for which application threads were stopped: 0.0051866 seconds, Stopping threads took: 0.0050924 seconds
[2019-12-09T03:06:39.279+0000][1][safepoint    ] Application time: 0.0155765 seconds
[2019-12-09T03:06:39.280+0000][1][safepoint    ] Entering safepoint region: RevokeBias
[2019-12-09T03:06:39.280+0000][1][safepoint    ] Leaving safepoint region
[2019-12-09T03:06:39.280+0000][1][safepoint    ] Total time for which application threads were stopped: 0.0002350 seconds, Stopping threads took: 0.0000158 seconds
[2019-12-09T03:06:39.280+0000][1][safepoint    ] Application time: 0.0000698 seconds
[2019-12-09T03:06:39.280+0000][1][safepoint    ] Entering safepoint region: RevokeBias
[2019-12-09T03:06:39.280+0000][1][safepoint    ] Leaving safepoint region
[2019-12-09T03:06:39.280+0000][1][safepoint    ] Total time for which application threads were stopped: 0.0000772 seconds, Stopping threads took: 0.0000109 seconds
[2019-12-09T03:06:39.281+0000][1][safepoint    ] Application time: 0.0013453 seconds
[2019-12-09T03:06:39.281+0000][1][safepoint    ] Entering safepoint region: RevokeBias
[2019-12-09T03:06:39.281+0000][1][safepoint    ] Leaving safepoint region
[2019-12-09T03:06:39.281+0000][1][safepoint    ] Total time for which application threads were stopped: 0.0001002 seconds, Stopping threads took: 0.0000139 seconds
[2019-12-09T03:06:39.282+0000][1][safepoint    ] Application time: 0.0004676 seconds
[2019-12-09T03:06:39.282+0000][1][safepoint    ] Entering safepoint region: RevokeBias
[2019-12-09T03:06:39.282+0000][1][safepoint    ] Leaving safepoint region
[2019-12-09T03:06:39.282+0000][1][safepoint    ] Total time for which application threads were stopped: 0.0000758 seconds, Stopping threads took: 0.0000116 seconds
[2019-12-09T03:06:39.286+0000][1][safepoint    ] Application time: 0.0036182 seconds
[2019-12-09T03:06:39.286+0000][1][safepoint    ] Entering safepoint region: RevokeBias
[2019-12-09T03:06:39.286+0000][1][safepoint    ] Leaving safepoint region
[2019-12-09T03:06:39.286+0000][1][safepoint    ] Total time for which application threads were stopped: 0.0000924 seconds, Stopping threads took: 0.0000129 seconds
[2019-12-09T03:06:39.339+0000][1][safepoint    ] Application time: 0.0532129 seconds
[2019-12-09T03:06:39.397+0000][1][safepoint    ] Entering safepoint region: RevokeBias
[2019-12-09T03:06:39.397+0000][1][safepoint    ] Leaving safepoint region
[2019-12-09T03:06:39.397+0000][1][safepoint    ] Total time for which application threads were stopped: 0.0581163 seconds, Stopping threads took: 0.0579631 seconds
[2019-12-09T03:06:39.397+0000][1][safepoint    ] Application time: 0.0000761 seconds
[2019-12-09T03:06:39.397+0000][1][safepoint    ] Entering safepoint region: RevokeBias
[2019-12-09T03:06:39.397+0000][1][safepoint    ] Leaving safepoint region
[2019-12-09T03:06:39.397+0000][1][safepoint    ] Total time for which application threads were stopped: 0.0000589 seconds, Stopping threads took: 0.0000111 seconds
[2019-12-09T03:06:39.533+0000][1][safepoint    ] Application time: 0.1361481 seconds
[2019-12-09T03:06:39.602+0000][1][safepoint    ] Entering safepoint region: RevokeBias
[2019-12-09T03:06:39.603+0000][1][safepoint    ] Leaving safepoint region
[2019-12-09T03:06:39.603+0000][1][safepoint    ] Total time for which application threads were stopped: 0.0692346 seconds, Stopping threads took: 0.0691137 seconds
[2019-12-09T03:06:39.603+0000][1][safepoint    ] Application time: 0.0005378 seconds
[2019-12-09T03:06:39.603+0000][1][safepoint    ] Entering safepoint region: RevokeBias
[2019-12-09T03:06:39.603+0000][1][safepoint    ] Leaving safepoint region
[2019-12-09T03:06:39.603+0000][1][safepoint    ] Total time for which application threads were stopped: 0.0000876 seconds, Stopping threads took: 0.0000172 seconds
[2019-12-09T03:06:39.603+0000][1][safepoint    ] Application time: 0.0000867 seconds
[2019-12-09T03:06:39.603+0000][1][safepoint    ] Entering safepoint region: RevokeBias
[2019-12-09T03:06:39.603+0000][1][safepoint    ] Leaving safepoint region
[2019-12-09T03:06:39.603+0000][1][safepoint    ] Total time for which application threads were stopped: 0.0000618 seconds, Stopping threads took: 0.0000107 seconds
[2019-12-09T03:06:39.604+0000][1][safepoint    ] Application time: 0.0000690 seconds
[2019-12-09T03:06:39.604+0000][1][safepoint    ] Entering safepoint region: RevokeBias
[2019-12-09T03:06:39.604+0000][1][safepoint    ] Leaving safepoint region
[2019-12-09T03:06:39.604+0000][1][safepoint    ] Total time for which application threads were stopped: 0.0000565 seconds, Stopping threads took: 0.0000095 seconds
[2019-12-09T03:06:39.604+0000][1][safepoint    ] Application time: 0.0002732 seconds
[2019-12-09T03:06:39.604+0000][1][safepoint    ] Entering safepoint region: RevokeBias
[2019-12-09T03:06:39.604+0000][1][safepoint    ] Leaving safepoint region
[2019-12-09T03:06:39.604+0000][1][safepoint    ] Total time for which application threads were stopped: 0.0000789 seconds, Stopping threads took: 0.0000139 seconds
[2019-12-09T03:06:39.624+0000][1][safepoint    ] Application time: 0.0201346 seconds
[2019-12-09T03:06:39.670+0000][1][safepoint    ] Entering safepoint region: BulkRevokeBias
[2019-12-09T03:06:39.671+0000][1][safepoint    ] Leaving safepoint region
[2019-12-09T03:06:39.671+0000][1][safepoint    ] Total time for which application threads were stopped: 0.0465197 seconds, Stopping threads took: 0.0455961 seconds
[2019-12-09T03:06:39.694+0000][1][safepoint    ] Application time: 0.0231059 seconds
[2019-12-09T03:06:39.738+0000][1][safepoint    ] Entering safepoint region: RevokeBias
[2019-12-09T03:06:39.739+0000][1][safepoint    ] Leaving safepoint region
[2019-12-09T03:06:39.739+0000][1][safepoint    ] Total time for which application threads were stopped: 0.0447455 seconds, Stopping threads took: 0.0446536 seconds
[2019-12-09T03:06:39.859+0000][1][safepoint    ] Application time: 0.1208141 seconds
[2019-12-09T03:06:39.859+0000][1][safepoint    ] Entering safepoint region: Deoptimize
[2019-12-09T03:06:39.860+0000][1][safepoint    ] Leaving safepoint region
[2019-12-09T03:06:39.860+0000][1][safepoint    ] Total time for which application threads were stopped: 0.0008247 seconds, Stopping threads took: 0.0000197 seconds
[2019-12-09T03:06:40.868+0000][1][safepoint    ] Application time: 1.0081260 seconds
[2019-12-09T03:06:40.868+0000][1][safepoint    ] Entering safepoint region: Cleanup
[2019-12-09T03:06:40.869+0000][1][safepoint    ] Leaving safepoint region
[2019-12-09T03:06:40.869+0000][1][safepoint    ] Total time for which application threads were stopped: 0.0000971 seconds, Stopping threads took: 0.0000191 seconds
[2019-12-09T03:06:40.901+0000][1][safepoint    ] Application time: 0.0328330 seconds
[2019-12-09T03:06:40.902+0000][1][safepoint    ] Entering safepoint region: RevokeBias
[2019-12-09T03:06:40.902+0000][1][safepoint    ] Leaving safepoint region
[2019-12-09T03:06:40.902+0000][1][safepoint    ] Total time for which application threads were stopped: 0.0005306 seconds, Stopping threads took: 0.0004357 seconds
[2019-12-09T03:06:40.902+0000][1][safepoint    ] Application time: 0.0002942 seconds
[2019-12-09T03:06:40.902+0000][1][safepoint    ] Entering safepoint region: RevokeBias
[2019-12-09T03:06:40.902+0000][1][safepoint    ] Leaving safepoint region
[2019-12-09T03:06:40.902+0000][1][safepoint    ] Total time for which application threads were stopped: 0.0001244 seconds, Stopping threads took: 0.0000565 seconds
[2019-12-09T03:06:40.902+0000][1][safepoint    ] Application time: 0.0001048 seconds
[2019-12-09T03:06:40.902+0000][1][safepoint    ] Entering safepoint region: RevokeBias
[2019-12-09T03:06:40.903+0000][1][safepoint    ] Leaving safepoint region
[2019-12-09T03:06:40.903+0000][1][safepoint    ] Total time for which application threads were stopped: 0.0000462 seconds, Stopping threads took: 0.0000088 seconds
[2019-12-09T03:06:40.905+0000][1][safepoint    ] Application time: 0.0023702 seconds
[2019-12-09T03:06:40.905+0000][1][safepoint    ] Entering safepoint region: RevokeBias
[2019-12-09T03:06:40.905+0000][1][safepoint    ] Leaving safepoint region
[2019-12-09T03:06:40.905+0000][1][safepoint    ] Total time for which application threads were stopped: 0.0001052 seconds, Stopping threads took: 0.0000527 seconds
[2019-12-09T03:06:40.905+0000][1][safepoint    ] Application time: 0.0001995 seconds
[2019-12-09T03:06:40.905+0000][1][safepoint    ] Entering safepoint region: RevokeBias
[2019-12-09T03:06:40.905+0000][1][safepoint    ] Leaving safepoint region
[2019-12-09T03:06:40.905+0000][1][safepoint    ] Total time for which application threads were stopped: 0.0000966 seconds, Stopping threads took: 0.0000385 seconds
[2019-12-09T03:06:42.173+0000][1][safepoint    ] Application time: 1.2673485 seconds
[2019-12-09T03:06:42.173+0000][1][safepoint    ] Entering safepoint region: Cleanup
[2019-12-09T03:06:42.173+0000][1][safepoint    ] Leaving safepoint region
[2019-12-09T03:06:42.173+0000][1][safepoint    ] Total time for which application threads were stopped: 0.0001190 seconds, Stopping threads took: 0.0000258 seconds
[2019-12-09T03:06:43.001+0000][1][safepoint    ] Application time: 0.8284626 seconds
[2019-12-09T03:06:43.001+0000][1][safepoint    ] Entering safepoint region: RevokeBias
[2019-12-09T03:06:43.001+0000][1][safepoint    ] Leaving safepoint region
[2019-12-09T03:06:43.001+0000][1][safepoint    ] Total time for which application threads were stopped: 0.0001180 seconds, Stopping threads took: 0.0000218 seconds
[2019-12-09T03:06:43.026+0000][1][safepoint    ] Application time: 0.0244293 seconds
[2019-12-09T03:06:43.026+0000][1][safepoint    ] Entering safepoint region: RevokeBias
[2019-12-09T03:06:43.026+0000][1][safepoint    ] Leaving safepoint region
[2019-12-09T03:06:43.026+0000][1][safepoint    ] Total time for which application threads were stopped: 0.0001041 seconds, Stopping threads took: 0.0000188 seconds
[2019-12-09T03:06:43.026+0000][1][safepoint    ] Application time: 0.0002246 seconds
[2019-12-09T03:06:43.026+0000][1][safepoint    ] Entering safepoint region: RevokeBias
[2019-12-09T03:06:43.026+0000][1][safepoint    ] Leaving safepoint region
[2019-12-09T03:06:43.026+0000][1][safepoint    ] Total time for which application threads were stopped: 0.0000747 seconds, Stopping threads took: 0.0000148 seconds
[2019-12-09T03:06:43.026+0000][1][safepoint    ] Application time: 0.0000683 seconds
[2019-12-09T03:06:43.026+0000][1][safepoint    ] Entering safepoint region: RevokeBias
[2019-12-09T03:06:43.027+0000][1][safepoint    ] Leaving safepoint region
[2019-12-09T03:06:43.027+0000][1][safepoint    ] Total time for which application threads were stopped: 0.0000530 seconds, Stopping threads took: 0.0000099 seconds
[2019-12-09T03:06:43.027+0000][1][safepoint    ] Application time: 0.0002146 seconds
[2019-12-09T03:06:43.027+0000][1][safepoint    ] Entering safepoint region: RevokeBias
[2019-12-09T03:06:43.027+0000][1][safepoint    ] Leaving safepoint region
[2019-12-09T03:06:43.027+0000][1][safepoint    ] Total time for which application threads were stopped: 0.0000619 seconds, Stopping threads took: 0.0000124 seconds
[2019-12-09T03:06:43.028+0000][1][safepoint    ] Application time: 0.0014520 seconds
[2019-12-09T03:06:43.028+0000][1][safepoint    ] Entering safepoint region: RevokeBias
[2019-12-09T03:06:43.028+0000][1][safepoint    ] Leaving safepoint region
[2019-12-09T03:06:43.028+0000][1][safepoint    ] Total time for which application threads were stopped: 0.0000685 seconds, Stopping threads took: 0.0000158 seconds
[2019-12-09T03:06:43.029+0000][1][safepoint    ] Application time: 0.0002557 seconds
[2019-12-09T03:06:43.029+0000][1][safepoint    ] Entering safepoint region: RevokeBias
[2019-12-09T03:06:43.029+0000][1][safepoint    ] Leaving safepoint region
[2019-12-09T03:06:43.029+0000][1][safepoint    ] Total time for which application threads were stopped: 0.0000579 seconds, Stopping threads took: 0.0000138 seconds
[2019-12-09T03:06:43.047+0000][1][safepoint    ] Application time: 0.0182072 seconds
[2019-12-09T03:06:43.047+0000][1][safepoint    ] Entering safepoint region: BulkRevokeBias
[2019-12-09T03:06:43.047+0000][1][safepoint    ] Leaving safepoint region
[2019-12-09T03:06:43.047+0000][1][safepoint    ] Total time for which application threads were stopped: 0.0004916 seconds, Stopping threads took: 0.0000130 seconds
[2019-12-09T03:06:43.048+0000][1][safepoint    ] Application time: 0.0000688 seconds
[2019-12-09T03:06:43.048+0000][1][safepoint    ] Entering safepoint region: RevokeBias
[2019-12-09T03:06:43.048+0000][1][safepoint    ] Leaving safepoint region
[2019-12-09T03:06:43.048+0000][1][safepoint    ] Total time for which application threads were stopped: 0.0000595 seconds, Stopping threads took: 0.0000093 seconds
[2019-12-09T03:06:43.116+0000][1][safepoint    ] Application time: 0.0683027 seconds
[2019-12-09T03:06:43.116+0000][1][safepoint    ] Entering safepoint region: Deoptimize
[2019-12-09T03:06:43.117+0000][1][safepoint    ] Leaving safepoint region
[2019-12-09T03:06:43.117+0000][1][safepoint    ] Total time for which application threads were stopped: 0.0007700 seconds, Stopping threads took: 0.0000205 seconds
[2019-12-09T03:06:43.496+0000][1][safepoint    ] Application time: 0.3789506 seconds
[2019-12-09T03:06:43.496+0000][1][safepoint    ] Entering safepoint region: BulkRevokeBias
[2019-12-09T03:06:43.496+0000][1][safepoint    ] Leaving safepoint region
[2019-12-09T03:06:43.496+0000][1][safepoint    ] Total time for which application threads were stopped: 0.0005668 seconds, Stopping threads took: 0.0000207 seconds
[2019-12-09T03:06:43.572+0000][1][safepoint    ] Application time: 0.0759691 seconds
[2019-12-09T03:06:43.572+0000][1][safepoint    ] Entering safepoint region: RevokeBias
[2019-12-09T03:06:43.572+0000][1][safepoint    ] Leaving safepoint region
[2019-12-09T03:06:43.572+0000][1][safepoint    ] Total time for which application threads were stopped: 0.0001007 seconds, Stopping threads took: 0.0000187 seconds
[2019-12-09T03:06:43.573+0000][1][safepoint    ] Application time: 0.0003104 seconds
[2019-12-09T03:06:43.573+0000][1][safepoint    ] Entering safepoint region: RevokeBias
[2019-12-09T03:06:43.573+0000][1][safepoint    ] Leaving safepoint region
[2019-12-09T03:06:43.573+0000][1][safepoint    ] Total time for which application threads were stopped: 0.0000755 seconds, Stopping threads took: 0.0000147 seconds
[2019-12-09T03:06:43.685+0000][1][safepoint    ] Application time: 0.1118725 seconds
[2019-12-09T03:06:43.685+0000][1][safepoint    ] Entering safepoint region: RevokeBias
[2019-12-09T03:06:43.685+0000][1][safepoint    ] Leaving safepoint region
[2019-12-09T03:06:43.685+0000][1][safepoint    ] Total time for which application threads were stopped: 0.0000989 seconds, Stopping threads took: 0.0000191 seconds
[2019-12-09T03:06:43.687+0000][1][safepoint    ] Application time: 0.0022323 seconds
[2019-12-09T03:06:43.687+0000][1][safepoint    ] Entering safepoint region: RevokeBias
[2019-12-09T03:06:43.687+0000][1][safepoint    ] Leaving safepoint region
[2019-12-09T03:06:43.687+0000][1][safepoint    ] Total time for which application threads were stopped: 0.0000985 seconds, Stopping threads took: 0.0000253 seconds
[2019-12-09T03:06:43.687+0000][1][safepoint    ] Application time: 0.0000779 seconds
[2019-12-09T03:06:43.687+0000][1][safepoint    ] Entering safepoint region: RevokeBias
[2019-12-09T03:06:43.687+0000][1][safepoint    ] Leaving safepoint region
[2019-12-09T03:06:43.687+0000][1][safepoint    ] Total time for which application threads were stopped: 0.0000530 seconds, Stopping threads took: 0.0000102 seconds
[2019-12-09T03:06:43.687+0000][1][safepoint    ] Application time: 0.0000556 seconds
[2019-12-09T03:06:43.687+0000][1][safepoint    ] Entering safepoint region: RevokeBias
[2019-12-09T03:06:43.687+0000][1][safepoint    ] Leaving safepoint region
[2019-12-09T03:06:43.687+0000][1][safepoint    ] Total time for which application threads were stopped: 0.0000473 seconds, Stopping threads took: 0.0000099 seconds
[2019-12-09T03:06:43.688+0000][1][safepoint    ] Application time: 0.0000542 seconds
[2019-12-09T03:06:43.688+0000][1][safepoint    ] Entering safepoint region: RevokeBias
[2019-12-09T03:06:43.688+0000][1][safepoint    ] Leaving safepoint region
[2019-12-09T03:06:43.688+0000][1][safepoint    ] Total time for which application threads were stopped: 0.0000470 seconds, Stopping threads took: 0.0000098 seconds
[2019-12-09T03:06:43.688+0000][1][safepoint    ] Application time: 0.0000525 seconds
[2019-12-09T03:06:43.688+0000][1][safepoint    ] Entering safepoint region: RevokeBias
[2019-12-09T03:06:43.688+0000][1][safepoint    ] Leaving safepoint region
[2019-12-09T03:06:43.688+0000][1][safepoint    ] Total time for which application threads were stopped: 0.0000704 seconds, Stopping threads took: 0.0000365 seconds
[2019-12-09T03:06:43.688+0000][1][safepoint    ] Application time: 0.0000494 seconds
[2019-12-09T03:06:43.688+0000][1][safepoint    ] Entering safepoint region: RevokeBias
[2019-12-09T03:06:43.688+0000][1][safepoint    ] Leaving safepoint region
[2019-12-09T03:06:43.688+0000][1][safepoint    ] Total time for which application threads were stopped: 0.0000411 seconds, Stopping threads took: 0.0000082 seconds
[2019-12-09T03:06:43.688+0000][1][safepoint    ] Application time: 0.0000455 seconds
[2019-12-09T03:06:43.688+0000][1][safepoint    ] Entering safepoint region: RevokeBias
[2019-12-09T03:06:43.688+0000][1][safepoint    ] Leaving safepoint region
[2019-12-09T03:06:43.688+0000][1][safepoint    ] Total time for which application threads were stopped: 0.0000406 seconds, Stopping threads took: 0.0000082 seconds
[2019-12-09T03:06:43.688+0000][1][safepoint    ] Application time: 0.0000466 seconds
[2019-12-09T03:06:43.688+0000][1][safepoint    ] Entering safepoint region: RevokeBias
[2019-12-09T03:06:43.688+0000][1][safepoint    ] Leaving safepoint region
[2019-12-09T03:06:43.688+0000][1][safepoint    ] Total time for which application threads were stopped: 0.0000390 seconds, Stopping threads took: 0.0000080 seconds
[2019-12-09T03:06:43.826+0000][1][safepoint    ] Application time: 0.1381139 seconds
[2019-12-09T03:06:43.826+0000][1][safepoint    ] Entering safepoint region: RevokeBias
[2019-12-09T03:06:43.826+0000][1][safepoint    ] Leaving safepoint region
[2019-12-09T03:06:43.826+0000][1][safepoint    ] Total time for which application threads were stopped: 0.0001034 seconds, Stopping threads took: 0.0000216 seconds
[2019-12-09T03:06:43.827+0000][1][safepoint    ] Application time: 0.0005119 seconds
[2019-12-09T03:06:43.827+0000][1][safepoint    ] Entering safepoint region: RevokeBias
[2019-12-09T03:06:43.827+0000][1][safepoint    ] Leaving safepoint region
[2019-12-09T03:06:43.827+0000][1][safepoint    ] Total time for which application threads were stopped: 0.0000839 seconds, Stopping threads took: 0.0000179 seconds
[2019-12-09T03:06:43.918+0000][1][safepoint    ] Application time: 0.0908948 seconds
[2019-12-09T03:06:43.918+0000][1][safepoint    ] Entering safepoint region: RevokeBias
[2019-12-09T03:06:43.918+0000][1][safepoint    ] Leaving safepoint region
[2019-12-09T03:06:43.918+0000][1][safepoint    ] Total time for which application threads were stopped: 0.0001039 seconds, Stopping threads took: 0.0000203 seconds
[2019-12-09T03:06:43.919+0000][1][safepoint    ] Application time: 0.0009924 seconds
[2019-12-09T03:06:43.919+0000][1][safepoint    ] Entering safepoint region: RevokeBias
[2019-12-09T03:06:43.919+0000][1][safepoint    ] Leaving safepoint region
[2019-12-09T03:06:43.919+0000][1][safepoint    ] Total time for which application threads were stopped: 0.0000878 seconds, Stopping threads took: 0.0000173 seconds
[2019-12-09T03:06:43.930+0000][1][safepoint    ] Application time: 0.0107109 seconds
[2019-12-09T03:06:43.930+0000][1][safepoint    ] Entering safepoint region: RevokeBias
[2019-12-09T03:06:43.930+0000][1][safepoint    ] Leaving safepoint region
[2019-12-09T03:06:43.930+0000][1][safepoint    ] Total time for which application threads were stopped: 0.0000836 seconds, Stopping threads took: 0.0000179 seconds
[2019-12-09T03:06:43.943+0000][1][safepoint    ] Application time: 0.0127504 seconds
[2019-12-09T03:06:43.943+0000][1][safepoint    ] Entering safepoint region: RevokeBias
[2019-12-09T03:06:43.943+0000][1][safepoint    ] Leaving safepoint region
[2019-12-09T03:06:43.943+0000][1][safepoint    ] Total time for which application threads were stopped: 0.0001020 seconds, Stopping threads took: 0.0000183 seconds
[2019-12-09T03:06:44.969+0000][1][safepoint    ] Application time: 1.0258641 seconds
[2019-12-09T03:06:44.969+0000][1][safepoint    ] Entering safepoint region: Cleanup
[2019-12-09T03:06:44.969+0000][1][safepoint    ] Leaving safepoint region
[2019-12-09T03:06:44.969+0000][1][safepoint    ] Total time for which application threads were stopped: 0.0001231 seconds, Stopping threads took: 0.0000277 seconds
[2019-12-09T03:06:45.435+0000][1][safepoint    ] Application time: 0.4658256 seconds
[2019-12-09T03:06:45.435+0000][1][safepoint    ] Entering safepoint region: BulkRevokeBias
[2019-12-09T03:06:45.435+0000][1][safepoint    ] Leaving safepoint region
[2019-12-09T03:06:45.435+0000][1][safepoint    ] Total time for which application threads were stopped: 0.0004217 seconds, Stopping threads took: 0.0000199 seconds
[2019-12-09T03:06:46.459+0000][1][safepoint    ] Application time: 1.0235329 seconds
[2019-12-09T03:06:46.473+0000][1][safepoint    ] Entering safepoint region: Cleanup
[2019-12-09T03:06:46.473+0000][1][safepoint    ] Leaving safepoint region
[2019-12-09T03:06:46.473+0000][1][safepoint    ] Total time for which application threads were stopped: 0.0141243 seconds, Stopping threads took: 0.0140157 seconds
[2019-12-09T03:06:47.487+0000][1][safepoint    ] Application time: 1.0138399 seconds
[2019-12-09T03:06:47.487+0000][1][safepoint    ] Entering safepoint region: Cleanup
[2019-12-09T03:06:47.487+0000][1][safepoint    ] Leaving safepoint region
[2019-12-09T03:06:47.487+0000][1][safepoint    ] Total time for which application threads were stopped: 0.0001163 seconds, Stopping threads took: 0.0000245 seconds
[2019-12-09T03:06:48.661+0000][1][safepoint    ] Application time: 1.1738347 seconds
[2019-12-09T03:06:48.661+0000][1][safepoint    ] Entering safepoint region: Cleanup
[2019-12-09T03:06:48.661+0000][1][safepoint    ] Leaving safepoint region
[2019-12-09T03:06:48.661+0000][1][safepoint    ] Total time for which application threads were stopped: 0.0001185 seconds, Stopping threads took: 0.0000260 seconds
[2019-12-09T03:06:49.285+0000][1][safepoint    ] Application time: 0.6243437 seconds
[2019-12-09T03:06:49.285+0000][1][safepoint    ] Entering safepoint region: RevokeBias
[2019-12-09T03:06:49.285+0000][1][safepoint    ] Leaving safepoint region
[2019-12-09T03:06:49.285+0000][1][safepoint    ] Total time for which application threads were stopped: 0.0001979 seconds, Stopping threads took: 0.0000908 seconds
[2019-12-09T03:06:49.321+0000][1][safepoint    ] Application time: 0.0357102 seconds
[2019-12-09T03:06:49.321+0000][1][safepoint    ] Entering safepoint region: RevokeBias
[2019-12-09T03:06:49.321+0000][1][safepoint    ] Leaving safepoint region
[2019-12-09T03:06:49.321+0000][1][safepoint    ] Total time for which application threads were stopped: 0.0001546 seconds, Stopping threads took: 0.0000502 seconds
[2019-12-09T03:06:50.323+0000][1][safepoint    ] Application time: 1.0013492 seconds
[2019-12-09T03:06:50.323+0000][1][safepoint    ] Entering safepoint region: Cleanup
[2019-12-09T03:06:50.323+0000][1][safepoint    ] Leaving safepoint region
[2019-12-09T03:06:50.323+0000][1][safepoint    ] Total time for which application threads were stopped: 0.0001068 seconds, Stopping threads took: 0.0000212 seconds
[2019-12-09T03:06:51.324+0000][1][safepoint    ] Application time: 1.0008640 seconds
[2019-12-09T03:06:51.324+0000][1][safepoint    ] Entering safepoint region: Cleanup
[2019-12-09T03:06:51.324+0000][1][safepoint    ] Leaving safepoint region
[2019-12-09T03:06:51.324+0000][1][safepoint    ] Total time for which application threads were stopped: 0.0001179 seconds, Stopping threads took: 0.0000251 seconds
[2019-12-09T03:06:52.325+0000][1][safepoint    ] Application time: 1.0008987 seconds
[2019-12-09T03:06:52.325+0000][1][safepoint    ] Entering safepoint region: Cleanup
[2019-12-09T03:06:52.325+0000][1][safepoint    ] Leaving safepoint region
[2019-12-09T03:06:52.325+0000][1][safepoint    ] Total time for which application threads were stopped: 0.0001175 seconds, Stopping threads took: 0.0000217 seconds
[2019-12-09T03:06:53.329+0000][1][safepoint    ] Application time: 1.0037889 seconds
[2019-12-09T03:06:53.329+0000][1][safepoint    ] Entering safepoint region: Cleanup
[2019-12-09T03:06:53.329+0000][1][safepoint    ] Leaving safepoint region
[2019-12-09T03:06:53.329+0000][1][safepoint    ] Total time for which application threads were stopped: 0.0001246 seconds, Stopping threads took: 0.0000243 seconds
[2019-12-09T03:06:53.482+0000][1][safepoint    ] Application time: 0.1526680 seconds
[2019-12-09T03:06:53.482+0000][1][safepoint    ] Entering safepoint region: GenCollectForAllocation
[2019-12-09T03:06:53.482+0000][1][gc,start     ] GC(23) Pause Young (Allocation Failure)
[2019-12-09T03:06:53.482+0000][1][gc,task      ] GC(23) Using 2 workers of 2 for evacuation
[2019-12-09T03:06:53.589+0000][1][gc,age       ] GC(23) Desired survivor size 4456448 bytes, new threshold 2 (max threshold 6)
[2019-12-09T03:06:53.589+0000][1][gc,age       ] GC(23) Age table with threshold 2 (max threshold 6)
[2019-12-09T03:06:53.589+0000][1][gc,age       ] GC(23) - age   1:    1967728 bytes,    1967728 total
[2019-12-09T03:06:53.589+0000][1][gc,age       ] GC(23) - age   2:    3560680 bytes,    5528408 total
[2019-12-09T03:06:53.589+0000][1][gc,heap      ] GC(23) ParNew: 78645K->7043K(78656K)
[2019-12-09T03:06:53.589+0000][1][gc,heap      ] GC(23) CMS: 60114K->64399K(174784K)
[2019-12-09T03:06:53.589+0000][1][gc,metaspace ] GC(23) Metaspace: 69163K->69163K(1112064K)
[2019-12-09T03:06:53.589+0000][1][gc           ] GC(23) Pause Young (Allocation Failure) 135M->69M(247M) 107.631ms
[2019-12-09T03:06:53.589+0000][1][gc,cpu       ] GC(23) User=0.05s Sys=0.00s Real=0.11s
[2019-12-09T03:06:53.589+0000][1][safepoint    ] Leaving safepoint region
[2019-12-09T03:06:53.589+0000][1][safepoint    ] Total time for which application threads were stopped: 0.1078487 seconds, Stopping threads took: 0.0000210 seconds
[2019-12-09T03:06:54.591+0000][1][safepoint    ] Application time: 1.0012270 seconds
[2019-12-09T03:06:54.591+0000][1][safepoint    ] Entering safepoint region: Cleanup
[2019-12-09T03:06:54.591+0000][1][safepoint    ] Leaving safepoint region
[2019-12-09T03:06:54.591+0000][1][safepoint    ] Total time for which application threads were stopped: 0.0001140 seconds, Stopping threads took: 0.0000261 seconds
[2019-12-09T03:06:55.593+0000][1][safepoint    ] Application time: 1.0018633 seconds
[2019-12-09T03:06:55.593+0000][1][safepoint    ] Entering safepoint region: Cleanup
[2019-12-09T03:06:55.593+0000][1][safepoint    ] Leaving safepoint region
[2019-12-09T03:06:55.593+0000][1][safepoint    ] Total time for which application threads were stopped: 0.0001185 seconds, Stopping threads took: 0.0000260 seconds
[2019-12-09T03:06:56.596+0000][1][safepoint    ] Application time: 1.0028164 seconds
[2019-12-09T03:06:56.596+0000][1][safepoint    ] Entering safepoint region: Cleanup
[2019-12-09T03:06:56.596+0000][1][safepoint    ] Leaving safepoint region
[2019-12-09T03:06:56.596+0000][1][safepoint    ] Total time for which application threads were stopped: 0.0001169 seconds, Stopping threads took: 0.0000259 seconds
[2019-12-09T03:06:57.600+0000][1][safepoint    ] Application time: 1.0038626 seconds
[2019-12-09T03:06:57.600+0000][1][safepoint    ] Entering safepoint region: Cleanup
[2019-12-09T03:06:57.600+0000][1][safepoint    ] Leaving safepoint region
[2019-12-09T03:06:57.600+0000][1][safepoint    ] Total time for which application threads were stopped: 0.0001228 seconds, Stopping threads took: 0.0000230 seconds
[2019-12-09T03:06:57.795+0000][1][safepoint    ] Application time: 0.1950054 seconds
[2019-12-09T03:06:57.795+0000][1][safepoint    ] Entering safepoint region: RevokeBias
[2019-12-09T03:06:57.795+0000][1][safepoint    ] Leaving safepoint region
[2019-12-09T03:06:57.795+0000][1][safepoint    ] Total time for which application threads were stopped: 0.0001587 seconds, Stopping threads took: 0.0000216 seconds
[2019-12-09T03:06:57.914+0000][1][safepoint    ] Application time: 0.1187697 seconds
[2019-12-09T03:06:57.914+0000][1][safepoint    ] Entering safepoint region: CollectForMetadataAllocation
[2019-12-09T03:06:57.914+0000][1][safepoint    ] Leaving safepoint region
[2019-12-09T03:06:57.914+0000][1][safepoint    ] Total time for which application threads were stopped: 0.0003377 seconds, Stopping threads took: 0.0000225 seconds
[2019-12-09T03:06:57.923+0000][1][safepoint    ] Application time: 0.0088597 seconds
[2019-12-09T03:06:57.923+0000][1][safepoint    ] Entering safepoint region: RevokeBias
[2019-12-09T03:06:57.923+0000][1][safepoint    ] Leaving safepoint region
[2019-12-09T03:06:57.923+0000][1][safepoint    ] Total time for which application threads were stopped: 0.0001110 seconds, Stopping threads took: 0.0000193 seconds
[2019-12-09T03:06:57.924+0000][1][safepoint    ] Application time: 0.0003452 seconds
[2019-12-09T03:06:57.924+0000][1][safepoint    ] Entering safepoint region: RevokeBias
[2019-12-09T03:06:57.924+0000][1][safepoint    ] Leaving safepoint region
[2019-12-09T03:06:57.924+0000][1][safepoint    ] Total time for which application threads were stopped: 0.0001276 seconds, Stopping threads took: 0.0000155 seconds
[2019-12-09T03:06:57.946+0000][1][safepoint    ] Application time: 0.0217774 seconds
[2019-12-09T03:06:57.946+0000][1][safepoint    ] Entering safepoint region: Deoptimize
[2019-12-09T03:06:57.946+0000][1][safepoint    ] Leaving safepoint region
[2019-12-09T03:06:57.946+0000][1][safepoint    ] Total time for which application threads were stopped: 0.0007907 seconds, Stopping threads took: 0.0000165 seconds
[2019-12-09T03:06:57.963+0000][1][safepoint    ] Application time: 0.0167249 seconds
[2019-12-09T03:06:57.963+0000][1][safepoint    ] Entering safepoint region: Deoptimize
[2019-12-09T03:06:57.964+0000][1][safepoint    ] Leaving safepoint region
[2019-12-09T03:06:57.964+0000][1][safepoint    ] Total time for which application threads were stopped: 0.0007239 seconds, Stopping threads took: 0.0000170 seconds
[2019-12-09T03:06:58.974+0000][1][safepoint    ] Application time: 1.0099529 seconds
[2019-12-09T03:06:58.974+0000][1][safepoint    ] Entering safepoint region: Cleanup
[2019-12-09T03:06:58.974+0000][1][safepoint    ] Leaving safepoint region
[2019-12-09T03:06:58.974+0000][1][safepoint    ] Total time for which application threads were stopped: 0.0001764 seconds, Stopping threads took: 0.0000306 seconds
[2019-12-09T03:06:59.597+0000][1][safepoint    ] Application time: 0.6227153 seconds
[2019-12-09T03:06:59.597+0000][1][safepoint    ] Entering safepoint region: CMS_Initial_Mark
[2019-12-09T03:06:59.597+0000][1][gc,start     ] GC(24) Pause Initial Mark
[2019-12-09T03:06:59.611+0000][1][gc           ] GC(24) Pause Initial Mark 81M->81M(247M) 14.198ms
[2019-12-09T03:06:59.611+0000][1][gc,cpu       ] GC(24) User=0.01s Sys=0.00s Real=0.01s
[2019-12-09T03:06:59.611+0000][1][safepoint    ] Leaving safepoint region
[2019-12-09T03:06:59.611+0000][1][safepoint    ] Total time for which application threads were stopped: 0.0144263 seconds, Stopping threads took: 0.0000308 seconds
[2019-12-09T03:06:59.611+0000][1][gc           ] GC(24) Concurrent Mark
[2019-12-09T03:06:59.811+0000][1][gc           ] GC(24) Concurrent Mark 200.049ms
[2019-12-09T03:06:59.811+0000][1][gc,cpu       ] GC(24) User=0.11s Sys=0.01s Real=0.20s
[2019-12-09T03:06:59.811+0000][1][gc           ] GC(24) Concurrent Preclean
[2019-12-09T03:06:59.813+0000][1][gc           ] GC(24) Concurrent Preclean 1.353ms
[2019-12-09T03:06:59.813+0000][1][gc,cpu       ] GC(24) User=0.00s Sys=0.00s Real=0.00s
[2019-12-09T03:06:59.813+0000][1][gc           ] GC(24) Concurrent Abortable Preclean
[2019-12-09T03:07:00.633+0000][1][safepoint    ] Application time: 1.0214815 seconds
[2019-12-09T03:07:00.633+0000][1][safepoint    ] Entering safepoint region: Cleanup
[2019-12-09T03:07:00.633+0000][1][safepoint    ] Leaving safepoint region
[2019-12-09T03:07:00.633+0000][1][safepoint    ] Total time for which application threads were stopped: 0.0001531 seconds, Stopping threads took: 0.0000360 seconds
[2019-12-09T03:07:01.663+0000][1][safepoint    ] Application time: 1.0296073 seconds
[2019-12-09T03:07:01.663+0000][1][safepoint    ] Entering safepoint region: Cleanup
[2019-12-09T03:07:01.663+0000][1][safepoint    ] Leaving safepoint region
[2019-12-09T03:07:01.663+0000][1][safepoint    ] Total time for which application threads were stopped: 0.0001468 seconds, Stopping threads took: 0.0000273 seconds
[2019-12-09T03:07:02.666+0000][1][safepoint    ] Application time: 1.0030320 seconds
[2019-12-09T03:07:02.666+0000][1][safepoint    ] Entering safepoint region: Cleanup
[2019-12-09T03:07:02.666+0000][1][safepoint    ] Leaving safepoint region
[2019-12-09T03:07:02.666+0000][1][safepoint    ] Total time for which application threads were stopped: 0.0001354 seconds, Stopping threads took: 0.0000275 seconds
[2019-12-09T03:07:03.668+0000][1][safepoint    ] Application time: 1.0019040 seconds
[2019-12-09T03:07:03.668+0000][1][safepoint    ] Entering safepoint region: Cleanup
[2019-12-09T03:07:03.668+0000][1][safepoint    ] Leaving safepoint region
[2019-12-09T03:07:03.668+0000][1][safepoint    ] Total time for which application threads were stopped: 0.0001528 seconds, Stopping threads took: 0.0000389 seconds
[2019-12-09T03:07:04.673+0000][1][safepoint    ] Application time: 1.0050629 seconds
[2019-12-09T03:07:04.673+0000][1][safepoint    ] Entering safepoint region: Cleanup
[2019-12-09T03:07:04.673+0000][1][safepoint    ] Leaving safepoint region
[2019-12-09T03:07:04.673+0000][1][safepoint    ] Total time for which application threads were stopped: 0.0001324 seconds, Stopping threads took: 0.0000279 seconds
[2019-12-09T03:07:04.907+0000][1][gc           ] GC(24) Concurrent Abortable Preclean 5094.478ms
[2019-12-09T03:07:04.907+0000][1][gc,cpu       ] GC(24) User=1.47s Sys=0.01s Real=5.10s
[2019-12-09T03:07:04.907+0000][1][safepoint    ] Application time: 0.2340603 seconds
[2019-12-09T03:07:04.907+0000][1][safepoint    ] Entering safepoint region: CMS_Final_Remark
[2019-12-09T03:07:04.907+0000][1][gc,start     ] GC(24) Pause Remark
[2019-12-09T03:07:04.961+0000][1][gc           ] GC(24) Pause Remark 86M->86M(247M) 53.131ms
[2019-12-09T03:07:04.961+0000][1][gc,cpu       ] GC(24) User=0.04s Sys=0.00s Real=0.05s
[2019-12-09T03:07:04.961+0000][1][safepoint    ] Leaving safepoint region
[2019-12-09T03:07:04.961+0000][1][safepoint    ] Total time for which application threads were stopped: 0.0533660 seconds, Stopping threads took: 0.0000235 seconds
[2019-12-09T03:07:04.961+0000][1][gc           ] GC(24) Concurrent Sweep
[2019-12-09T03:07:04.995+0000][1][gc           ] GC(24) Concurrent Sweep 34.446ms
[2019-12-09T03:07:04.995+0000][1][gc,cpu       ] GC(24) User=0.04s Sys=0.00s Real=0.04s
[2019-12-09T03:07:04.995+0000][1][gc           ] GC(24) Concurrent Reset
[2019-12-09T03:07:04.996+0000][1][gc           ] GC(24) Concurrent Reset 0.317ms
[2019-12-09T03:07:04.996+0000][1][gc,cpu       ] GC(24) User=0.00s Sys=0.00s Real=0.00s
[2019-12-09T03:07:04.996+0000][1][gc,heap      ] GC(24) Old: 64399K->63862K(174784K)
[2019-12-09T03:07:05.962+0000][1][safepoint    ] Application time: 1.0010249 seconds
[2019-12-09T03:07:05.962+0000][1][safepoint    ] Entering safepoint region: Cleanup
[2019-12-09T03:07:05.963+0000][1][safepoint    ] Leaving safepoint region
[2019-12-09T03:07:05.963+0000][1][safepoint    ] Total time for which application threads were stopped: 0.0008553 seconds, Stopping threads took: 0.0000281 seconds
[2019-12-09T03:07:06.106+0000][1][safepoint    ] Application time: 0.1432021 seconds
[2019-12-09T03:07:06.106+0000][1][safepoint    ] Entering safepoint region: RevokeBias
[2019-12-09T03:07:06.106+0000][1][safepoint    ] Leaving safepoint region
[2019-12-09T03:07:06.106+0000][1][safepoint    ] Total time for which application threads were stopped: 0.0001588 seconds, Stopping threads took: 0.0000208 seconds
[2019-12-09T03:07:07.108+0000][1][safepoint    ] Application time: 1.0016107 seconds
[2019-12-09T03:07:07.108+0000][1][safepoint    ] Entering safepoint region: Cleanup
[2019-12-09T03:07:07.108+0000][1][safepoint    ] Leaving safepoint region
[2019-12-09T03:07:07.108+0000][1][safepoint    ] Total time for which application threads were stopped: 0.0001695 seconds, Stopping threads took: 0.0000268 seconds
[2019-12-09T03:07:08.113+0000][1][safepoint    ] Application time: 1.0047611 seconds
[2019-12-09T03:07:08.113+0000][1][safepoint    ] Entering safepoint region: Cleanup
[2019-12-09T03:07:08.113+0000][1][safepoint    ] Leaving safepoint region
[2019-12-09T03:07:08.113+0000][1][safepoint    ] Total time for which application threads were stopped: 0.0001324 seconds, Stopping threads took: 0.0000281 seconds
[2019-12-09T03:07:09.114+0000][1][safepoint    ] Application time: 1.0010660 seconds
[2019-12-09T03:07:09.114+0000][1][safepoint    ] Entering safepoint region: Cleanup
[2019-12-09T03:07:09.114+0000][1][safepoint    ] Leaving safepoint region
[2019-12-09T03:07:09.114+0000][1][safepoint    ] Total time for which application threads were stopped: 0.0001352 seconds, Stopping threads took: 0.0000280 seconds
[2019-12-09T03:07:10.115+0000][1][safepoint    ] Application time: 1.0005518 seconds
[2019-12-09T03:07:10.115+0000][1][safepoint    ] Entering safepoint region: Cleanup
[2019-12-09T03:07:10.115+0000][1][safepoint    ] Leaving safepoint region
[2019-12-09T03:07:10.115+0000][1][safepoint    ] Total time for which application threads were stopped: 0.0001372 seconds, Stopping threads took: 0.0000250 seconds
[2019-12-09T03:07:11.118+0000][1][safepoint    ] Application time: 1.0028247 seconds
[2019-12-09T03:07:11.118+0000][1][safepoint    ] Entering safepoint region: Cleanup
[2019-12-09T03:07:11.118+0000][1][safepoint    ] Leaving safepoint region
[2019-12-09T03:07:11.118+0000][1][safepoint    ] Total time for which application threads were stopped: 0.0001180 seconds, Stopping threads took: 0.0000247 seconds
[2019-12-09T03:07:12.119+0000][1][safepoint    ] Application time: 1.0009257 seconds
[2019-12-09T03:07:12.119+0000][1][safepoint    ] Entering safepoint region: Cleanup
[2019-12-09T03:07:12.119+0000][1][safepoint    ] Leaving safepoint region
[2019-12-09T03:07:12.119+0000][1][safepoint    ] Total time for which application threads were stopped: 0.0001443 seconds, Stopping threads took: 0.0000275 seconds
[2019-12-09T03:07:12.129+0000][1][safepoint    ] Application time: 0.0097116 seconds
[2019-12-09T03:07:12.129+0000][1][safepoint    ] Entering safepoint region: RevokeBias
[2019-12-09T03:07:12.129+0000][1][safepoint    ] Leaving safepoint region
[2019-12-09T03:07:12.129+0000][1][safepoint    ] Total time for which application threads were stopped: 0.0001425 seconds, Stopping threads took: 0.0000238 seconds
[2019-12-09T03:07:13.129+0000][1][safepoint    ] Application time: 1.0000995 seconds
[2019-12-09T03:07:13.129+0000][1][safepoint    ] Entering safepoint region: Cleanup
[2019-12-09T03:07:13.129+0000][1][safepoint    ] Leaving safepoint region
[2019-12-09T03:07:13.129+0000][1][safepoint    ] Total time for which application threads were stopped: 0.0001495 seconds, Stopping threads took: 0.0000358 seconds
[2019-12-09T03:07:15.129+0000][1][safepoint    ] Application time: 2.0001483 seconds
[2019-12-09T03:07:15.129+0000][1][safepoint    ] Entering safepoint region: Cleanup
[2019-12-09T03:07:15.129+0000][1][safepoint    ] Leaving safepoint region
[2019-12-09T03:07:15.129+0000][1][safepoint    ] Total time for which application threads were stopped: 0.0000960 seconds, Stopping threads took: 0.0000190 seconds
[2019-12-09T03:07:16.130+0000][1][safepoint    ] Application time: 1.0000795 seconds
[2019-12-09T03:07:16.130+0000][1][safepoint    ] Entering safepoint region: Cleanup
[2019-12-09T03:07:16.130+0000][1][safepoint    ] Leaving safepoint region
[2019-12-09T03:07:16.130+0000][1][safepoint    ] Total time for which application threads were stopped: 0.0001188 seconds, Stopping threads took: 0.0000196 seconds
[2019-12-09T03:07:17.130+0000][1][safepoint    ] Application time: 1.0000785 seconds
[2019-12-09T03:07:17.130+0000][1][safepoint    ] Entering safepoint region: Cleanup
[2019-12-09T03:07:17.130+0000][1][safepoint    ] Leaving safepoint region
[2019-12-09T03:07:17.130+0000][1][safepoint    ] Total time for which application threads were stopped: 0.0000928 seconds, Stopping threads took: 0.0000212 seconds
[2019-12-09T03:07:18.130+0000][1][safepoint    ] Application time: 1.0000781 seconds
[2019-12-09T03:07:18.130+0000][1][safepoint    ] Entering safepoint region: Cleanup
[2019-12-09T03:07:18.130+0000][1][safepoint    ] Leaving safepoint region
[2019-12-09T03:07:18.130+0000][1][safepoint    ] Total time for which application threads were stopped: 0.0000958 seconds, Stopping threads took: 0.0000195 seconds
[2019-12-09T03:07:19.130+0000][1][safepoint    ] Application time: 1.0000789 seconds
[2019-12-09T03:07:19.130+0000][1][safepoint    ] Entering safepoint region: Cleanup
[2019-12-09T03:07:19.130+0000][1][safepoint    ] Leaving safepoint region
[2019-12-09T03:07:19.130+0000][1][safepoint    ] Total time for which application threads were stopped: 0.0000976 seconds, Stopping threads took: 0.0000200 seconds
[2019-12-09T03:07:20.130+0000][1][safepoint    ] Application time: 1.0000779 seconds
[2019-12-09T03:07:20.130+0000][1][safepoint    ] Entering safepoint region: Cleanup
[2019-12-09T03:07:20.131+0000][1][safepoint    ] Leaving safepoint region
[2019-12-09T03:07:20.131+0000][1][safepoint    ] Total time for which application threads were stopped: 0.0000982 seconds, Stopping threads took: 0.0000190 seconds
[2019-12-09T03:07:21.131+0000][1][safepoint    ] Application time: 1.0000788 seconds
[2019-12-09T03:07:21.131+0000][1][safepoint    ] Entering safepoint region: Cleanup
[2019-12-09T03:07:21.131+0000][1][safepoint    ] Leaving safepoint region
[2019-12-09T03:07:21.131+0000][1][safepoint    ] Total time for which application threads were stopped: 0.0000969 seconds, Stopping threads took: 0.0000211 seconds
[2019-12-09T03:07:22.131+0000][1][safepoint    ] Application time: 1.0000779 seconds
[2019-12-09T03:07:22.131+0000][1][safepoint    ] Entering safepoint region: Cleanup
[2019-12-09T03:07:22.131+0000][1][safepoint    ] Leaving safepoint region
[2019-12-09T03:07:22.131+0000][1][safepoint    ] Total time for which application threads were stopped: 0.0000969 seconds, Stopping threads took: 0.0000200 seconds
[2019-12-09T03:07:22.781+0000][1][safepoint    ] Application time: 0.6500679 seconds
[2019-12-09T03:07:22.781+0000][1][safepoint    ] Entering safepoint region: RevokeBias
[2019-12-09T03:07:22.781+0000][1][safepoint    ] Leaving safepoint region
[2019-12-09T03:07:22.781+0000][1][safepoint    ] Total time for which application threads were stopped: 0.0001729 seconds, Stopping threads took: 0.0000246 seconds
[2019-12-09T03:07:22.781+0000][1][safepoint    ] Application time: 0.0000934 seconds
[2019-12-09T03:07:22.781+0000][1][safepoint    ] Entering safepoint region: RevokeBias
[2019-12-09T03:07:22.782+0000][1][safepoint    ] Leaving safepoint region
[2019-12-09T03:07:22.782+0000][1][safepoint    ] Total time for which application threads were stopped: 0.0001113 seconds, Stopping threads took: 0.0000144 seconds
[2019-12-09T03:07:22.819+0000][1][safepoint    ] Application time: 0.0372844 seconds
[2019-12-09T03:07:22.819+0000][1][safepoint    ] Entering safepoint region: RevokeBias
[2019-12-09T03:07:22.819+0000][1][safepoint    ] Leaving safepoint region
[2019-12-09T03:07:22.819+0000][1][safepoint    ] Total time for which application threads were stopped: 0.0001363 seconds, Stopping threads took: 0.0000201 seconds
[2019-12-09T03:07:22.819+0000][1][safepoint    ] Application time: 0.0000553 seconds
[2019-12-09T03:07:22.819+0000][1][safepoint    ] Entering safepoint region: RevokeBias
[2019-12-09T03:07:22.819+0000][1][safepoint    ] Leaving safepoint region
[2019-12-09T03:07:22.819+0000][1][safepoint    ] Total time for which application threads were stopped: 0.0000863 seconds, Stopping threads took: 0.0000111 seconds
[2019-12-09T03:07:23.819+0000][1][safepoint    ] Application time: 1.0000744 seconds
[2019-12-09T03:07:23.819+0000][1][safepoint    ] Entering safepoint region: Cleanup
[2019-12-09T03:07:23.819+0000][1][safepoint    ] Leaving safepoint region
[2019-12-09T03:07:23.819+0000][1][safepoint    ] Total time for which application threads were stopped: 0.0001032 seconds, Stopping threads took: 0.0000178 seconds
[2019-12-09T03:07:24.819+0000][1][safepoint    ] Application time: 1.0000744 seconds
[2019-12-09T03:07:24.819+0000][1][safepoint    ] Entering safepoint region: Cleanup
[2019-12-09T03:07:24.820+0000][1][safepoint    ] Leaving safepoint region
[2019-12-09T03:07:24.820+0000][1][safepoint    ] Total time for which application threads were stopped: 0.0000885 seconds, Stopping threads took: 0.0000172 seconds
[2019-12-09T03:07:25.820+0000][1][safepoint    ] Application time: 1.0000839 seconds
[2019-12-09T03:07:25.820+0000][1][safepoint    ] Entering safepoint region: Cleanup
[2019-12-09T03:07:25.820+0000][1][safepoint    ] Leaving safepoint region
[2019-12-09T03:07:25.820+0000][1][safepoint    ] Total time for which application threads were stopped: 0.0001225 seconds, Stopping threads took: 0.0000243 seconds
[2019-12-09T03:07:26.820+0000][1][safepoint    ] Application time: 1.0002157 seconds
[2019-12-09T03:07:26.820+0000][1][safepoint    ] Entering safepoint region: Cleanup
[2019-12-09T03:07:26.820+0000][1][safepoint    ] Leaving safepoint region
[2019-12-09T03:07:26.820+0000][1][safepoint    ] Total time for which application threads were stopped: 0.0001412 seconds, Stopping threads took: 0.0000528 seconds
[2019-12-09T03:07:28.820+0000][1][safepoint    ] Application time: 2.0001545 seconds
[2019-12-09T03:07:28.820+0000][1][safepoint    ] Entering safepoint region: Cleanup
[2019-12-09T03:07:28.821+0000][1][safepoint    ] Leaving safepoint region
[2019-12-09T03:07:28.821+0000][1][safepoint    ] Total time for which application threads were stopped: 0.0000933 seconds, Stopping threads took: 0.0000186 seconds
[2019-12-09T03:07:29.821+0000][1][safepoint    ] Application time: 1.0000746 seconds
[2019-12-09T03:07:29.821+0000][1][safepoint    ] Entering safepoint region: Cleanup
[2019-12-09T03:07:29.821+0000][1][safepoint    ] Leaving safepoint region
[2019-12-09T03:07:29.821+0000][1][safepoint    ] Total time for which application threads were stopped: 0.0001060 seconds, Stopping threads took: 0.0000197 seconds
[2019-12-09T03:07:30.821+0000][1][safepoint    ] Application time: 1.0000765 seconds
[2019-12-09T03:07:30.821+0000][1][safepoint    ] Entering safepoint region: Cleanup
[2019-12-09T03:07:30.821+0000][1][safepoint    ] Leaving safepoint region
[2019-12-09T03:07:30.821+0000][1][safepoint    ] Total time for which application threads were stopped: 0.0001006 seconds, Stopping threads took: 0.0000192 seconds
[2019-12-09T03:07:31.821+0000][1][safepoint    ] Application time: 1.0000766 seconds
[2019-12-09T03:07:31.821+0000][1][safepoint    ] Entering safepoint region: Cleanup
[2019-12-09T03:07:31.821+0000][1][safepoint    ] Leaving safepoint region
[2019-12-09T03:07:31.821+0000][1][safepoint    ] Total time for which application threads were stopped: 0.0001007 seconds, Stopping threads took: 0.0000184 seconds
[2019-12-09T03:07:32.822+0000][1][safepoint    ] Application time: 1.0005117 seconds
[2019-12-09T03:07:32.822+0000][1][safepoint    ] Entering safepoint region: Cleanup
[2019-12-09T03:07:32.822+0000][1][safepoint    ] Leaving safepoint region
[2019-12-09T03:07:32.822+0000][1][safepoint    ] Total time for which application threads were stopped: 0.0001304 seconds, Stopping threads took: 0.0000282 seconds
[2019-12-09T03:07:33.822+0000][1][safepoint    ] Application time: 1.0000775 seconds
[2019-12-09T03:07:33.822+0000][1][safepoint    ] Entering safepoint region: Cleanup
[2019-12-09T03:07:33.822+0000][1][safepoint    ] Leaving safepoint region
[2019-12-09T03:07:33.822+0000][1][safepoint    ] Total time for which application threads were stopped: 0.0001136 seconds, Stopping threads took: 0.0000302 seconds
[2019-12-09T03:07:34.822+0000][1][safepoint    ] Application time: 1.0000756 seconds
[2019-12-09T03:07:34.822+0000][1][safepoint    ] Entering safepoint region: Cleanup
[2019-12-09T03:07:34.822+0000][1][safepoint    ] Leaving safepoint region
[2019-12-09T03:07:34.822+0000][1][safepoint    ] Total time for which application threads were stopped: 0.0000996 seconds, Stopping threads took: 0.0000182 seconds
[2019-12-09T03:07:35.822+0000][1][safepoint    ] Application time: 1.0000761 seconds
[2019-12-09T03:07:35.822+0000][1][safepoint    ] Entering safepoint region: Cleanup
[2019-12-09T03:07:35.823+0000][1][safepoint    ] Leaving safepoint region
[2019-12-09T03:07:35.823+0000][1][safepoint    ] Total time for which application threads were stopped: 0.0000948 seconds, Stopping threads took: 0.0000200 seconds
[2019-12-09T03:07:36.823+0000][1][safepoint    ] Application time: 1.0000776 seconds
[2019-12-09T03:07:36.823+0000][1][safepoint    ] Entering safepoint region: Cleanup
[2019-12-09T03:07:36.823+0000][1][safepoint    ] Leaving safepoint region
[2019-12-09T03:07:36.823+0000][1][safepoint    ] Total time for which application threads were stopped: 0.0001245 seconds, Stopping threads took: 0.0000335 seconds
[2019-12-09T03:07:37.823+0000][1][safepoint    ] Application time: 1.0000765 seconds
[2019-12-09T03:07:37.823+0000][1][safepoint    ] Entering safepoint region: Cleanup
[2019-12-09T03:07:37.823+0000][1][safepoint    ] Leaving safepoint region
[2019-12-09T03:07:37.823+0000][1][safepoint    ] Total time for which application threads were stopped: 0.0000949 seconds, Stopping threads took: 0.0000185 seconds
[2019-12-09T03:07:38.823+0000][1][safepoint    ] Application time: 1.0000764 seconds
[2019-12-09T03:07:38.823+0000][1][safepoint    ] Entering safepoint region: Cleanup
[2019-12-09T03:07:38.823+0000][1][safepoint    ] Leaving safepoint region
[2019-12-09T03:07:38.823+0000][1][safepoint    ] Total time for which application threads were stopped: 0.0000927 seconds, Stopping threads took: 0.0000198 seconds
[2019-12-09T03:07:39.823+0000][1][safepoint    ] Application time: 1.0000752 seconds
[2019-12-09T03:07:39.823+0000][1][safepoint    ] Entering safepoint region: Cleanup
[2019-12-09T03:07:39.823+0000][1][safepoint    ] Leaving safepoint region
[2019-12-09T03:07:39.823+0000][1][safepoint    ] Total time for which application threads were stopped: 0.0001085 seconds, Stopping threads took: 0.0000199 seconds
[2019-12-09T03:07:40.824+0000][1][safepoint    ] Application time: 1.0000778 seconds
[2019-12-09T03:07:40.824+0000][1][safepoint    ] Entering safepoint region: Cleanup
[2019-12-09T03:07:40.824+0000][1][safepoint    ] Leaving safepoint region
[2019-12-09T03:07:40.824+0000][1][safepoint    ] Total time for which application threads were stopped: 0.0000906 seconds, Stopping threads took: 0.0000177 seconds
[2019-12-09T03:07:41.824+0000][1][safepoint    ] Application time: 1.0000866 seconds
[2019-12-09T03:07:41.824+0000][1][safepoint    ] Entering safepoint region: Cleanup
[2019-12-09T03:07:41.824+0000][1][safepoint    ] Leaving safepoint region
[2019-12-09T03:07:41.824+0000][1][safepoint    ] Total time for which application threads were stopped: 0.0000893 seconds, Stopping threads took: 0.0000187 seconds
[2019-12-09T03:07:42.824+0000][1][safepoint    ] Application time: 1.0000761 seconds
[2019-12-09T03:07:42.824+0000][1][safepoint    ] Entering safepoint region: Cleanup
[2019-12-09T03:07:42.824+0000][1][safepoint    ] Leaving safepoint region
[2019-12-09T03:07:42.824+0000][1][safepoint    ] Total time for which application threads were stopped: 0.0000939 seconds, Stopping threads took: 0.0000180 seconds
[2019-12-09T03:07:44.824+0000][1][safepoint    ] Application time: 2.0001437 seconds
[2019-12-09T03:07:44.824+0000][1][safepoint    ] Entering safepoint region: Cleanup
[2019-12-09T03:07:44.824+0000][1][safepoint    ] Leaving safepoint region
[2019-12-09T03:07:44.824+0000][1][safepoint    ] Total time for which application threads were stopped: 0.0001000 seconds, Stopping threads took: 0.0000256 seconds
[2019-12-09T03:07:45.824+0000][1][safepoint    ] Application time: 1.0000776 seconds
[2019-12-09T03:07:45.825+0000][1][safepoint    ] Entering safepoint region: Cleanup
[2019-12-09T03:07:45.825+0000][1][safepoint    ] Leaving safepoint region
[2019-12-09T03:07:45.825+0000][1][safepoint    ] Total time for which application threads were stopped: 0.0000986 seconds, Stopping threads took: 0.0000171 seconds
[2019-12-09T03:07:46.825+0000][1][safepoint    ] Application time: 1.0000876 seconds
[2019-12-09T03:07:46.825+0000][1][safepoint    ] Entering safepoint region: Cleanup
[2019-12-09T03:07:46.825+0000][1][safepoint    ] Leaving safepoint region
[2019-12-09T03:07:46.825+0000][1][safepoint    ] Total time for which application threads were stopped: 0.0000944 seconds, Stopping threads took: 0.0000185 seconds
[2019-12-09T03:07:47.825+0000][1][safepoint    ] Application time: 1.0000753 seconds
[2019-12-09T03:07:47.825+0000][1][safepoint    ] Entering safepoint region: Cleanup
[2019-12-09T03:07:47.825+0000][1][safepoint    ] Leaving safepoint region
[2019-12-09T03:07:47.825+0000][1][safepoint    ] Total time for which application threads were stopped: 0.0000973 seconds, Stopping threads took: 0.0000175 seconds
[2019-12-09T03:07:48.825+0000][1][safepoint    ] Application time: 1.0000759 seconds
[2019-12-09T03:07:48.825+0000][1][safepoint    ] Entering safepoint region: Cleanup
[2019-12-09T03:07:48.825+0000][1][safepoint    ] Leaving safepoint region
[2019-12-09T03:07:48.825+0000][1][safepoint    ] Total time for which application threads were stopped: 0.0000922 seconds, Stopping threads took: 0.0000189 seconds
[2019-12-09T03:07:49.825+0000][1][safepoint    ] Application time: 1.0000790 seconds
[2019-12-09T03:07:49.825+0000][1][safepoint    ] Entering safepoint region: Cleanup
[2019-12-09T03:07:49.825+0000][1][safepoint    ] Leaving safepoint region
[2019-12-09T03:07:49.825+0000][1][safepoint    ] Total time for which application threads were stopped: 0.0000924 seconds, Stopping threads took: 0.0000189 seconds
[2019-12-09T03:07:50.826+0000][1][safepoint    ] Application time: 1.0000775 seconds
[2019-12-09T03:07:50.826+0000][1][safepoint    ] Entering safepoint region: Cleanup
[2019-12-09T03:07:50.826+0000][1][safepoint    ] Leaving safepoint region
[2019-12-09T03:07:50.826+0000][1][safepoint    ] Total time for which application threads were stopped: 0.0000990 seconds, Stopping threads took: 0.0000185 seconds
[2019-12-09T03:07:51.826+0000][1][safepoint    ] Application time: 1.0000748 seconds
[2019-12-09T03:07:51.826+0000][1][safepoint    ] Entering safepoint region: Cleanup
[2019-12-09T03:07:51.826+0000][1][safepoint    ] Leaving safepoint region
[2019-12-09T03:07:51.826+0000][1][safepoint    ] Total time for which application threads were stopped: 0.0001040 seconds, Stopping threads took: 0.0000186 seconds
[2019-12-09T03:07:52.826+0000][1][safepoint    ] Application time: 1.0000759 seconds
[2019-12-09T03:07:52.826+0000][1][safepoint    ] Entering safepoint region: Cleanup
[2019-12-09T03:07:52.826+0000][1][safepoint    ] Leaving safepoint region
[2019-12-09T03:07:52.826+0000][1][safepoint    ] Total time for which application threads were stopped: 0.0000937 seconds, Stopping threads took: 0.0000193 seconds
[2019-12-09T03:07:53.826+0000][1][safepoint    ] Application time: 1.0000749 seconds
[2019-12-09T03:07:53.826+0000][1][safepoint    ] Entering safepoint region: Cleanup
[2019-12-09T03:07:53.826+0000][1][safepoint    ] Leaving safepoint region
[2019-12-09T03:07:53.826+0000][1][safepoint    ] Total time for which application threads were stopped: 0.0001000 seconds, Stopping threads took: 0.0000181 seconds
[2019-12-09T03:07:53.864+0000][1][safepoint    ] Application time: 0.0372649 seconds
[2019-12-09T03:07:53.864+0000][1][safepoint    ] Entering safepoint region: GenCollectForAllocation
[2019-12-09T03:07:53.864+0000][1][gc,start     ] GC(25) Pause Young (Allocation Failure)
[2019-12-09T03:07:53.864+0000][1][gc,task      ] GC(25) Using 2 workers of 2 for evacuation
[2019-12-09T03:07:53.881+0000][1][gc,age       ] GC(25) Desired survivor size 4456448 bytes, new threshold 6 (max threshold 6)
[2019-12-09T03:07:53.881+0000][1][gc,age       ] GC(25) Age table with threshold 6 (max threshold 6)
[2019-12-09T03:07:53.881+0000][1][gc,age       ] GC(25) - age   1:     539024 bytes,     539024 total
[2019-12-09T03:07:53.881+0000][1][gc,age       ] GC(25) - age   2:    1871128 bytes,    2410152 total
[2019-12-09T03:07:53.881+0000][1][gc,heap      ] GC(25) ParNew: 76970K->5810K(78656K)
[2019-12-09T03:07:53.881+0000][1][gc,heap      ] GC(25) CMS: 63862K->67470K(174784K)
[2019-12-09T03:07:53.881+0000][1][gc,metaspace ] GC(25) Metaspace: 70678K->70678K(1114112K)
[2019-12-09T03:07:53.881+0000][1][gc           ] GC(25) Pause Young (Allocation Failure) 137M->71M(247M) 17.471ms
[2019-12-09T03:07:53.881+0000][1][gc,cpu       ] GC(25) User=0.04s Sys=0.00s Real=0.02s
[2019-12-09T03:07:53.881+0000][1][safepoint    ] Leaving safepoint region
[2019-12-09T03:07:53.881+0000][1][safepoint    ] Total time for which application threads were stopped: 0.0176308 seconds, Stopping threads took: 0.0000200 seconds
[2019-12-09T03:07:55.881+0000][1][safepoint    ] Application time: 2.0001533 seconds
[2019-12-09T03:07:55.881+0000][1][safepoint    ] Entering safepoint region: Cleanup
[2019-12-09T03:07:55.882+0000][1][safepoint    ] Leaving safepoint region
[2019-12-09T03:07:55.882+0000][1][safepoint    ] Total time for which application threads were stopped: 0.0001099 seconds, Stopping threads took: 0.0000182 seconds
[2019-12-09T03:07:56.882+0000][1][safepoint    ] Application time: 1.0000756 seconds
[2019-12-09T03:07:56.882+0000][1][safepoint    ] Entering safepoint region: Cleanup
[2019-12-09T03:07:56.882+0000][1][safepoint    ] Leaving safepoint region
[2019-12-09T03:07:56.882+0000][1][safepoint    ] Total time for which application threads were stopped: 0.0000897 seconds, Stopping threads took: 0.0000192 seconds
[2019-12-09T03:07:58.882+0000][1][safepoint    ] Application time: 2.0001417 seconds
[2019-12-09T03:07:58.882+0000][1][safepoint    ] Entering safepoint region: Cleanup
[2019-12-09T03:07:58.882+0000][1][safepoint    ] Leaving safepoint region
[2019-12-09T03:07:58.882+0000][1][safepoint    ] Total time for which application threads were stopped: 0.0000880 seconds, Stopping threads took: 0.0000174 seconds
[2019-12-09T03:07:59.882+0000][1][safepoint    ] Application time: 1.0000739 seconds
[2019-12-09T03:07:59.882+0000][1][safepoint    ] Entering safepoint region: Cleanup
[2019-12-09T03:07:59.882+0000][1][safepoint    ] Leaving safepoint region
[2019-12-09T03:07:59.882+0000][1][safepoint    ] Total time for which application threads were stopped: 0.0000884 seconds, Stopping threads took: 0.0000173 seconds
[2019-12-09T03:08:00.882+0000][1][safepoint    ] Application time: 1.0000764 seconds
[2019-12-09T03:08:00.882+0000][1][safepoint    ] Entering safepoint region: Cleanup
[2019-12-09T03:08:00.882+0000][1][safepoint    ] Leaving safepoint region
[2019-12-09T03:08:00.882+0000][1][safepoint    ] Total time for which application threads were stopped: 0.0000867 seconds, Stopping threads took: 0.0000172 seconds
[2019-12-09T03:08:02.883+0000][1][safepoint    ] Application time: 2.0001423 seconds
[2019-12-09T03:08:02.883+0000][1][safepoint    ] Entering safepoint region: Cleanup
[2019-12-09T03:08:02.883+0000][1][safepoint    ] Leaving safepoint region
[2019-12-09T03:08:02.883+0000][1][safepoint    ] Total time for which application threads were stopped: 0.0000999 seconds, Stopping threads took: 0.0000262 seconds
[2019-12-09T03:08:03.883+0000][1][safepoint    ] Application time: 1.0000717 seconds
[2019-12-09T03:08:03.883+0000][1][safepoint    ] Entering safepoint region: Cleanup
[2019-12-09T03:08:03.883+0000][1][safepoint    ] Leaving safepoint region
[2019-12-09T03:08:03.883+0000][1][safepoint    ] Total time for which application threads were stopped: 0.0000879 seconds, Stopping threads took: 0.0000166 seconds
[2019-12-09T03:08:06.883+0000][1][safepoint    ] Application time: 3.0002099 seconds
[2019-12-09T03:08:06.883+0000][1][safepoint    ] Entering safepoint region: Cleanup
[2019-12-09T03:08:06.883+0000][1][safepoint    ] Leaving safepoint region
[2019-12-09T03:08:06.883+0000][1][safepoint    ] Total time for which application threads were stopped: 0.0000945 seconds, Stopping threads took: 0.0000181 seconds
[2019-12-09T03:08:07.883+0000][1][safepoint    ] Application time: 1.0000764 seconds
[2019-12-09T03:08:07.883+0000][1][safepoint    ] Entering safepoint region: Cleanup
[2019-12-09T03:08:07.884+0000][1][safepoint    ] Leaving safepoint region
[2019-12-09T03:08:07.884+0000][1][safepoint    ] Total time for which application threads were stopped: 0.0000883 seconds, Stopping threads took: 0.0000179 seconds
[2019-12-09T03:08:09.884+0000][1][safepoint    ] Application time: 2.0001443 seconds
[2019-12-09T03:08:09.884+0000][1][safepoint    ] Entering safepoint region: Cleanup
[2019-12-09T03:08:09.884+0000][1][safepoint    ] Leaving safepoint region
[2019-12-09T03:08:09.884+0000][1][safepoint    ] Total time for which application threads were stopped: 0.0000882 seconds, Stopping threads took: 0.0000184 seconds
[2019-12-09T03:08:10.884+0000][1][safepoint    ] Application time: 1.0000745 seconds
[2019-12-09T03:08:10.884+0000][1][safepoint    ] Entering safepoint region: Cleanup
[2019-12-09T03:08:10.884+0000][1][safepoint    ] Leaving safepoint region
[2019-12-09T03:08:10.884+0000][1][safepoint    ] Total time for which application threads were stopped: 0.0000891 seconds, Stopping threads took: 0.0000186 seconds
[2019-12-09T03:08:12.884+0000][1][safepoint    ] Application time: 2.0001423 seconds
[2019-12-09T03:08:12.884+0000][1][safepoint    ] Entering safepoint region: Cleanup
[2019-12-09T03:08:12.884+0000][1][safepoint    ] Leaving safepoint region
[2019-12-09T03:08:12.884+0000][1][safepoint    ] Total time for which application threads were stopped: 0.0000840 seconds, Stopping threads took: 0.0000150 seconds
[2019-12-09T03:08:13.884+0000][1][safepoint    ] Application time: 1.0000762 seconds
[2019-12-09T03:08:13.884+0000][1][safepoint    ] Entering safepoint region: Cleanup
[2019-12-09T03:08:13.884+0000][1][safepoint    ] Leaving safepoint region
[2019-12-09T03:08:13.884+0000][1][safepoint    ] Total time for which application threads were stopped: 0.0000926 seconds, Stopping threads took: 0.0000229 seconds
[2019-12-09T03:08:16.885+0000][1][safepoint    ] Application time: 3.0002238 seconds
[2019-12-09T03:08:16.885+0000][1][safepoint    ] Entering safepoint region: Cleanup
[2019-12-09T03:08:16.885+0000][1][safepoint    ] Leaving safepoint region
[2019-12-09T03:08:16.885+0000][1][safepoint    ] Total time for which application threads were stopped: 0.0000959 seconds, Stopping threads took: 0.0000249 seconds
[2019-12-09T03:08:20.885+0000][1][safepoint    ] Application time: 4.0002760 seconds
[2019-12-09T03:08:20.885+0000][1][safepoint    ] Entering safepoint region: Cleanup
[2019-12-09T03:08:20.885+0000][1][safepoint    ] Leaving safepoint region
[2019-12-09T03:08:20.885+0000][1][safepoint    ] Total time for which application threads were stopped: 0.0000938 seconds, Stopping threads took: 0.0000194 seconds
[2019-12-09T03:08:21.885+0000][1][safepoint    ] Application time: 1.0000765 seconds
[2019-12-09T03:08:21.885+0000][1][safepoint    ] Entering safepoint region: Cleanup
[2019-12-09T03:08:21.885+0000][1][safepoint    ] Leaving safepoint region
[2019-12-09T03:08:21.885+0000][1][safepoint    ] Total time for which application threads were stopped: 0.0000848 seconds, Stopping threads took: 0.0000170 seconds
[2019-12-09T03:08:22.886+0000][1][safepoint    ] Application time: 1.0003501 seconds
[2019-12-09T03:08:22.887+0000][1][safepoint    ] Entering safepoint region: Cleanup
[2019-12-09T03:08:22.887+0000][1][safepoint    ] Leaving safepoint region
[2019-12-09T03:08:22.887+0000][1][safepoint    ] Total time for which application threads were stopped: 0.0010125 seconds, Stopping threads took: 0.0008901 seconds
[2019-12-09T03:08:23.887+0000][1][safepoint    ] Application time: 1.0000818 seconds
[2019-12-09T03:08:23.887+0000][1][safepoint    ] Entering safepoint region: Cleanup
[2019-12-09T03:08:23.887+0000][1][safepoint    ] Leaving safepoint region
[2019-12-09T03:08:23.887+0000][1][safepoint    ] Total time for which application threads were stopped: 0.0000947 seconds, Stopping threads took: 0.0000171 seconds
[2019-12-09T03:08:24.887+0000][1][safepoint    ] Application time: 1.0000758 seconds
[2019-12-09T03:08:24.887+0000][1][safepoint    ] Entering safepoint region: Cleanup
[2019-12-09T03:08:24.887+0000][1][safepoint    ] Leaving safepoint region
[2019-12-09T03:08:24.887+0000][1][safepoint    ] Total time for which application threads were stopped: 0.0000898 seconds, Stopping threads took: 0.0000178 seconds
[2019-12-09T03:08:26.887+0000][1][safepoint    ] Application time: 2.0001410 seconds
[2019-12-09T03:08:26.887+0000][1][safepoint    ] Entering safepoint region: Cleanup
[2019-12-09T03:08:26.888+0000][1][safepoint    ] Leaving safepoint region
[2019-12-09T03:08:26.888+0000][1][safepoint    ] Total time for which application threads were stopped: 0.0000898 seconds, Stopping threads took: 0.0000177 seconds
[2019-12-09T03:08:27.888+0000][1][safepoint    ] Application time: 1.0000751 seconds
[2019-12-09T03:08:27.888+0000][1][safepoint    ] Entering safepoint region: Cleanup
[2019-12-09T03:08:27.888+0000][1][safepoint    ] Leaving safepoint region
[2019-12-09T03:08:27.888+0000][1][safepoint    ] Total time for which application threads were stopped: 0.0001024 seconds, Stopping threads took: 0.0000311 seconds
[2019-12-09T03:08:31.888+0000][1][safepoint    ] Application time: 4.0002717 seconds
[2019-12-09T03:08:31.888+0000][1][safepoint    ] Entering safepoint region: Cleanup
[2019-12-09T03:08:31.888+0000][1][safepoint    ] Leaving safepoint region
[2019-12-09T03:08:31.888+0000][1][safepoint    ] Total time for which application threads were stopped: 0.0000905 seconds, Stopping threads took: 0.0000188 seconds
[2019-12-09T03:08:32.888+0000][1][safepoint    ] Application time: 1.0000753 seconds
[2019-12-09T03:08:32.888+0000][1][safepoint    ] Entering safepoint region: Cleanup
[2019-12-09T03:08:32.888+0000][1][safepoint    ] Leaving safepoint region
[2019-12-09T03:08:32.888+0000][1][safepoint    ] Total time for which application threads were stopped: 0.0000897 seconds, Stopping threads took: 0.0000191 seconds
[2019-12-09T03:08:33.888+0000][1][safepoint    ] Application time: 1.0000771 seconds
[2019-12-09T03:08:33.889+0000][1][safepoint    ] Entering safepoint region: Cleanup
[2019-12-09T03:08:33.889+0000][1][safepoint    ] Leaving safepoint region
[2019-12-09T03:08:33.889+0000][1][safepoint    ] Total time for which application threads were stopped: 0.0001023 seconds, Stopping threads took: 0.0000245 seconds
[2019-12-09T03:08:34.889+0000][1][safepoint    ] Application time: 1.0000757 seconds
[2019-12-09T03:08:34.889+0000][1][safepoint    ] Entering safepoint region: Cleanup
[2019-12-09T03:08:34.889+0000][1][safepoint    ] Leaving safepoint region
[2019-12-09T03:08:34.889+0000][1][safepoint    ] Total time for which application threads were stopped: 0.0000968 seconds, Stopping threads took: 0.0000201 seconds
[2019-12-09T03:08:35.889+0000][1][safepoint    ] Application time: 1.0000760 seconds
[2019-12-09T03:08:35.889+0000][1][safepoint    ] Entering safepoint region: Cleanup
[2019-12-09T03:08:35.889+0000][1][safepoint    ] Leaving safepoint region
[2019-12-09T03:08:35.889+0000][1][safepoint    ] Total time for which application threads were stopped: 0.0000919 seconds, Stopping threads took: 0.0000188 seconds
[2019-12-09T03:08:36.889+0000][1][safepoint    ] Application time: 1.0000760 seconds
[2019-12-09T03:08:36.889+0000][1][safepoint    ] Entering safepoint region: Cleanup
[2019-12-09T03:08:36.889+0000][1][safepoint    ] Leaving safepoint region
[2019-12-09T03:08:36.889+0000][1][safepoint    ] Total time for which application threads were stopped: 0.0000931 seconds, Stopping threads took: 0.0000176 seconds
[2019-12-09T03:08:37.889+0000][1][safepoint    ] Application time: 1.0000754 seconds
[2019-12-09T03:08:37.889+0000][1][safepoint    ] Entering safepoint region: Cleanup
[2019-12-09T03:08:37.889+0000][1][safepoint    ] Leaving safepoint region
[2019-12-09T03:08:37.889+0000][1][safepoint    ] Total time for which application threads were stopped: 0.0000958 seconds, Stopping threads took: 0.0000208 seconds
[2019-12-09T03:08:38.890+0000][1][safepoint    ] Application time: 1.0000753 seconds
[2019-12-09T03:08:38.890+0000][1][safepoint    ] Entering safepoint region: Cleanup
[2019-12-09T03:08:38.890+0000][1][safepoint    ] Leaving safepoint region
[2019-12-09T03:08:38.890+0000][1][safepoint    ] Total time for which application threads were stopped: 0.0001098 seconds, Stopping threads took: 0.0000187 seconds
[2019-12-09T03:08:39.890+0000][1][safepoint    ] Application time: 1.0000760 seconds
[2019-12-09T03:08:39.890+0000][1][safepoint    ] Entering safepoint region: Cleanup
[2019-12-09T03:08:39.890+0000][1][safepoint    ] Leaving safepoint region
[2019-12-09T03:08:39.890+0000][1][safepoint    ] Total time for which application threads were stopped: 0.0000935 seconds, Stopping threads took: 0.0000187 seconds
[2019-12-09T03:08:41.890+0000][1][safepoint    ] Application time: 2.0001425 seconds
[2019-12-09T03:08:41.890+0000][1][safepoint    ] Entering safepoint region: Cleanup
[2019-12-09T03:08:41.890+0000][1][safepoint    ] Leaving safepoint region
[2019-12-09T03:08:41.890+0000][1][safepoint    ] Total time for which application threads were stopped: 0.0000902 seconds, Stopping threads took: 0.0000178 seconds
[2019-12-09T03:08:42.890+0000][1][safepoint    ] Application time: 1.0000754 seconds
[2019-12-09T03:08:42.890+0000][1][safepoint    ] Entering safepoint region: Cleanup
[2019-12-09T03:08:42.890+0000][1][safepoint    ] Leaving safepoint region
[2019-12-09T03:08:42.890+0000][1][safepoint    ] Total time for which application threads were stopped: 0.0000995 seconds, Stopping threads took: 0.0000195 seconds
[2019-12-09T03:08:43.890+0000][1][safepoint    ] Application time: 1.0000760 seconds
[2019-12-09T03:08:43.891+0000][1][safepoint    ] Entering safepoint region: Cleanup
[2019-12-09T03:08:43.891+0000][1][safepoint    ] Leaving safepoint region
[2019-12-09T03:08:43.891+0000][1][safepoint    ] Total time for which application threads were stopped: 0.0000973 seconds, Stopping threads took: 0.0000252 seconds
[2019-12-09T03:08:46.891+0000][1][safepoint    ] Application time: 3.0002088 seconds
[2019-12-09T03:08:46.891+0000][1][safepoint    ] Entering safepoint region: Cleanup
[2019-12-09T03:08:46.891+0000][1][safepoint    ] Leaving safepoint region
[2019-12-09T03:08:46.891+0000][1][safepoint    ] Total time for which application threads were stopped: 0.0000977 seconds, Stopping threads took: 0.0000254 seconds
[2019-12-09T03:08:51.891+0000][1][safepoint    ] Application time: 5.0003402 seconds
[2019-12-09T03:08:51.891+0000][1][safepoint    ] Entering safepoint region: Cleanup
[2019-12-09T03:08:51.891+0000][1][safepoint    ] Leaving safepoint region
[2019-12-09T03:08:51.891+0000][1][safepoint    ] Total time for which application threads were stopped: 0.0000923 seconds, Stopping threads took: 0.0000189 seconds
[2019-12-09T03:08:53.892+0000][1][safepoint    ] Application time: 2.0001415 seconds
[2019-12-09T03:08:53.892+0000][1][safepoint    ] Entering safepoint region: Cleanup
[2019-12-09T03:08:53.892+0000][1][safepoint    ] Leaving safepoint region
[2019-12-09T03:08:53.892+0000][1][safepoint    ] Total time for which application threads were stopped: 0.0001045 seconds, Stopping threads took: 0.0000187 seconds
[2019-12-09T03:08:56.892+0000][1][safepoint    ] Application time: 3.0002108 seconds
[2019-12-09T03:08:56.892+0000][1][safepoint    ] Entering safepoint region: Cleanup
[2019-12-09T03:08:56.892+0000][1][safepoint    ] Leaving safepoint region
[2019-12-09T03:08:56.892+0000][1][safepoint    ] Total time for which application threads were stopped: 0.0000898 seconds, Stopping threads took: 0.0000185 seconds
[2019-12-09T03:09:02.520+0000][1][safepoint    ] Application time: 5.6281973 seconds
[2019-12-09T03:09:02.520+0000][1][safepoint    ] Entering safepoint region: GenCollectForAllocation
[2019-12-09T03:09:02.520+0000][1][gc,start     ] GC(26) Pause Young (Allocation Failure)
[2019-12-09T03:09:02.520+0000][1][gc,task      ] GC(26) Using 2 workers of 2 for evacuation
[2019-12-09T03:09:02.527+0000][1][gc,age       ] GC(26) Desired survivor size 4456448 bytes, new threshold 6 (max threshold 6)
[2019-12-09T03:09:02.527+0000][1][gc,age       ] GC(26) Age table with threshold 6 (max threshold 6)
[2019-12-09T03:09:02.527+0000][1][gc,age       ] GC(26) - age   1:      79328 bytes,      79328 total
[2019-12-09T03:09:02.527+0000][1][gc,age       ] GC(26) - age   2:     462352 bytes,     541680 total
[2019-12-09T03:09:02.527+0000][1][gc,age       ] GC(26) - age   3:    1871032 bytes,    2412712 total
[2019-12-09T03:09:02.527+0000][1][gc,heap      ] GC(26) ParNew: 75762K->3502K(78656K)
[2019-12-09T03:09:02.527+0000][1][gc,heap      ] GC(26) CMS: 67470K->67470K(174784K)
[2019-12-09T03:09:02.527+0000][1][gc,metaspace ] GC(26) Metaspace: 70766K->70766K(1114112K)
[2019-12-09T03:09:02.527+0000][1][gc           ] GC(26) Pause Young (Allocation Failure) 139M->69M(247M) 6.426ms
[2019-12-09T03:09:02.527+0000][1][gc,cpu       ] GC(26) User=0.01s Sys=0.00s Real=0.01s
[2019-12-09T03:09:02.527+0000][1][safepoint    ] Leaving safepoint region
[2019-12-09T03:09:02.527+0000][1][safepoint    ] Total time for which application threads were stopped: 0.0065878 seconds, Stopping threads took: 0.0000223 seconds
[2019-12-09T03:09:03.527+0000][1][safepoint    ] Application time: 1.0000844 seconds
[2019-12-09T03:09:03.527+0000][1][safepoint    ] Entering safepoint region: Cleanup
[2019-12-09T03:09:03.527+0000][1][safepoint    ] Leaving safepoint region
[2019-12-09T03:09:03.527+0000][1][safepoint    ] Total time for which application threads were stopped: 0.0000832 seconds, Stopping threads took: 0.0000178 seconds
[2019-12-09T03:09:06.527+0000][1][safepoint    ] Application time: 3.0002087 seconds
[2019-12-09T03:09:06.527+0000][1][safepoint    ] Entering safepoint region: Cleanup
[2019-12-09T03:09:06.527+0000][1][safepoint    ] Leaving safepoint region
[2019-12-09T03:09:06.527+0000][1][safepoint    ] Total time for which application threads were stopped: 0.0000845 seconds, Stopping threads took: 0.0000166 seconds
[2019-12-09T03:09:08.528+0000][1][safepoint    ] Application time: 2.0001414 seconds
[2019-12-09T03:09:08.528+0000][1][safepoint    ] Entering safepoint region: Cleanup
[2019-12-09T03:09:08.528+0000][1][safepoint    ] Leaving safepoint region
[2019-12-09T03:09:08.528+0000][1][safepoint    ] Total time for which application threads were stopped: 0.0001058 seconds, Stopping threads took: 0.0000183 seconds
[2019-12-09T03:09:09.528+0000][1][safepoint    ] Application time: 1.0000754 seconds
[2019-12-09T03:09:09.528+0000][1][safepoint    ] Entering safepoint region: Cleanup
[2019-12-09T03:09:09.528+0000][1][safepoint    ] Leaving safepoint region
[2019-12-09T03:09:09.528+0000][1][safepoint    ] Total time for which application threads were stopped: 0.0000814 seconds, Stopping threads took: 0.0000159 seconds
[2019-12-09T03:09:13.528+0000][1][safepoint    ] Application time: 4.0002876 seconds
[2019-12-09T03:09:13.528+0000][1][safepoint    ] Entering safepoint region: Cleanup
[2019-12-09T03:09:13.528+0000][1][safepoint    ] Leaving safepoint region
[2019-12-09T03:09:13.528+0000][1][safepoint    ] Total time for which application threads were stopped: 0.0000892 seconds, Stopping threads took: 0.0000173 seconds
[2019-12-09T03:09:15.529+0000][1][safepoint    ] Application time: 2.0001418 seconds
[2019-12-09T03:09:15.529+0000][1][safepoint    ] Entering safepoint region: Cleanup
[2019-12-09T03:09:15.529+0000][1][safepoint    ] Leaving safepoint region
[2019-12-09T03:09:15.529+0000][1][safepoint    ] Total time for which application threads were stopped: 0.0000945 seconds, Stopping threads took: 0.0000246 seconds
[2019-12-09T03:09:17.533+0000][1][safepoint    ] Application time: 2.0040787 seconds
[2019-12-09T03:09:17.533+0000][1][safepoint    ] Entering safepoint region: Cleanup
[2019-12-09T03:09:17.533+0000][1][safepoint    ] Leaving safepoint region
[2019-12-09T03:09:17.533+0000][1][safepoint    ] Total time for which application threads were stopped: 0.0001277 seconds, Stopping threads took: 0.0000215 seconds
[2019-12-09T03:09:23.533+0000][1][safepoint    ] Application time: 6.0004281 seconds
[2019-12-09T03:09:23.533+0000][1][safepoint    ] Entering safepoint region: Cleanup
[2019-12-09T03:09:23.533+0000][1][safepoint    ] Leaving safepoint region
[2019-12-09T03:09:23.533+0000][1][safepoint    ] Total time for which application threads were stopped: 0.0000874 seconds, Stopping threads took: 0.0000166 seconds
[2019-12-09T03:09:24.534+0000][1][safepoint    ] Application time: 1.0000757 seconds
[2019-12-09T03:09:24.534+0000][1][safepoint    ] Entering safepoint region: Cleanup
[2019-12-09T03:09:24.534+0000][1][safepoint    ] Leaving safepoint region
[2019-12-09T03:09:24.534+0000][1][safepoint    ] Total time for which application threads were stopped: 0.0000901 seconds, Stopping threads took: 0.0000171 seconds
[2019-12-09T03:09:25.534+0000][1][safepoint    ] Application time: 1.0000761 seconds
[2019-12-09T03:09:25.534+0000][1][safepoint    ] Entering safepoint region: Cleanup
[2019-12-09T03:09:25.534+0000][1][safepoint    ] Leaving safepoint region
[2019-12-09T03:09:25.534+0000][1][safepoint    ] Total time for which application threads were stopped: 0.0000943 seconds, Stopping threads took: 0.0000182 seconds
[2019-12-09T03:09:27.534+0000][1][safepoint    ] Application time: 2.0001408 seconds
[2019-12-09T03:09:27.534+0000][1][safepoint    ] Entering safepoint region: Cleanup
[2019-12-09T03:09:27.534+0000][1][safepoint    ] Leaving safepoint region
[2019-12-09T03:09:27.534+0000][1][safepoint    ] Total time for which application threads were stopped: 0.0000880 seconds, Stopping threads took: 0.0000163 seconds
[2019-12-09T03:09:30.534+0000][1][safepoint    ] Application time: 3.0002075 seconds
[2019-12-09T03:09:30.534+0000][1][safepoint    ] Entering safepoint region: Cleanup
[2019-12-09T03:09:30.534+0000][1][safepoint    ] Leaving safepoint region
[2019-12-09T03:09:30.534+0000][1][safepoint    ] Total time for which application threads were stopped: 0.0000868 seconds, Stopping threads took: 0.0000165 seconds
[2019-12-09T03:09:33.535+0000][1][safepoint    ] Application time: 3.0002137 seconds
[2019-12-09T03:09:33.535+0000][1][safepoint    ] Entering safepoint region: Cleanup
[2019-12-09T03:09:33.535+0000][1][safepoint    ] Leaving safepoint region
[2019-12-09T03:09:33.535+0000][1][safepoint    ] Total time for which application threads were stopped: 0.0000953 seconds, Stopping threads took: 0.0000180 seconds
[2019-12-09T03:09:35.535+0000][1][safepoint    ] Application time: 2.0001411 seconds
[2019-12-09T03:09:35.535+0000][1][safepoint    ] Entering safepoint region: Cleanup
[2019-12-09T03:09:35.535+0000][1][safepoint    ] Leaving safepoint region
[2019-12-09T03:09:35.535+0000][1][safepoint    ] Total time for which application threads were stopped: 0.0000887 seconds, Stopping threads took: 0.0000165 seconds
[2019-12-09T03:09:38.535+0000][1][safepoint    ] Application time: 3.0002091 seconds
[2019-12-09T03:09:38.535+0000][1][safepoint    ] Entering safepoint region: Cleanup
[2019-12-09T03:09:38.535+0000][1][safepoint    ] Leaving safepoint region
[2019-12-09T03:09:38.535+0000][1][safepoint    ] Total time for which application threads were stopped: 0.0000866 seconds, Stopping threads took: 0.0000185 seconds
[2019-12-09T03:09:39.536+0000][1][safepoint    ] Application time: 1.0000799 seconds
[2019-12-09T03:09:39.536+0000][1][safepoint    ] Entering safepoint region: Cleanup
[2019-12-09T03:09:39.536+0000][1][safepoint    ] Leaving safepoint region
[2019-12-09T03:09:39.536+0000][1][safepoint    ] Total time for which application threads were stopped: 0.0000894 seconds, Stopping threads took: 0.0000177 seconds
[2019-12-09T03:09:41.536+0000][1][safepoint    ] Application time: 2.0001431 seconds
[2019-12-09T03:09:41.536+0000][1][safepoint    ] Entering safepoint region: Cleanup
[2019-12-09T03:09:41.536+0000][1][safepoint    ] Leaving safepoint region
[2019-12-09T03:09:41.536+0000][1][safepoint    ] Total time for which application threads were stopped: 0.0000904 seconds, Stopping threads took: 0.0000191 seconds
[2019-12-09T03:09:46.536+0000][1][safepoint    ] Application time: 5.0003475 seconds
[2019-12-09T03:09:46.536+0000][1][safepoint    ] Entering safepoint region: Cleanup
[2019-12-09T03:09:46.536+0000][1][safepoint    ] Leaving safepoint region
[2019-12-09T03:09:46.536+0000][1][safepoint    ] Total time for which application threads were stopped: 0.0000962 seconds, Stopping threads took: 0.0000275 seconds
[2019-12-09T03:09:50.537+0000][1][safepoint    ] Application time: 4.0002910 seconds
[2019-12-09T03:09:50.537+0000][1][safepoint    ] Entering safepoint region: Cleanup
[2019-12-09T03:09:50.537+0000][1][safepoint    ] Leaving safepoint region
[2019-12-09T03:09:50.537+0000][1][safepoint    ] Total time for which application threads were stopped: 0.0000912 seconds, Stopping threads took: 0.0000181 seconds
[2019-12-09T03:09:53.537+0000][1][safepoint    ] Application time: 3.0002104 seconds
[2019-12-09T03:09:53.537+0000][1][safepoint    ] Entering safepoint region: Cleanup
[2019-12-09T03:09:53.537+0000][1][safepoint    ] Leaving safepoint region
[2019-12-09T03:09:53.537+0000][1][safepoint    ] Total time for which application threads were stopped: 0.0000848 seconds, Stopping threads took: 0.0000174 seconds
[2019-12-09T03:09:54.537+0000][1][safepoint    ] Application time: 1.0000758 seconds
[2019-12-09T03:09:54.537+0000][1][safepoint    ] Entering safepoint region: Cleanup
[2019-12-09T03:09:54.537+0000][1][safepoint    ] Leaving safepoint region
[2019-12-09T03:09:54.537+0000][1][safepoint    ] Total time for which application threads were stopped: 0.0000873 seconds, Stopping threads took: 0.0000179 seconds
[2019-12-09T03:09:55.537+0000][1][safepoint    ] Application time: 1.0000744 seconds
[2019-12-09T03:09:55.537+0000][1][safepoint    ] Entering safepoint region: Cleanup
[2019-12-09T03:09:55.538+0000][1][safepoint    ] Leaving safepoint region
[2019-12-09T03:09:55.538+0000][1][safepoint    ] Total time for which application threads were stopped: 0.0000857 seconds, Stopping threads took: 0.0000168 seconds
[2019-12-09T03:09:56.538+0000][1][safepoint    ] Application time: 1.0000755 seconds
[2019-12-09T03:09:56.538+0000][1][safepoint    ] Entering safepoint region: Cleanup
[2019-12-09T03:09:56.538+0000][1][safepoint    ] Leaving safepoint region
[2019-12-09T03:09:56.538+0000][1][safepoint    ] Total time for which application threads were stopped: 0.0000976 seconds, Stopping threads took: 0.0000188 seconds
[2019-12-09T03:09:57.538+0000][1][safepoint    ] Application time: 1.0000759 seconds
[2019-12-09T03:09:57.538+0000][1][safepoint    ] Entering safepoint region: Cleanup
[2019-12-09T03:09:57.538+0000][1][safepoint    ] Leaving safepoint region
[2019-12-09T03:09:57.538+0000][1][safepoint    ] Total time for which application threads were stopped: 0.0000904 seconds, Stopping threads took: 0.0000170 seconds
[2019-12-09T03:09:59.538+0000][1][safepoint    ] Application time: 2.0001433 seconds
[2019-12-09T03:09:59.538+0000][1][safepoint    ] Entering safepoint region: Cleanup
[2019-12-09T03:09:59.538+0000][1][safepoint    ] Leaving safepoint region
[2019-12-09T03:09:59.538+0000][1][safepoint    ] Total time for which application threads were stopped: 0.0000939 seconds, Stopping threads took: 0.0000173 seconds
[2019-12-09T03:10:01.538+0000][1][safepoint    ] Application time: 2.0001328 seconds
[2019-12-09T03:10:01.538+0000][1][safepoint    ] Entering safepoint region: Cleanup
[2019-12-09T03:10:01.539+0000][1][safepoint    ] Leaving safepoint region
[2019-12-09T03:10:01.539+0000][1][safepoint    ] Total time for which application threads were stopped: 0.0000893 seconds, Stopping threads took: 0.0000178 seconds
[2019-12-09T03:10:02.539+0000][1][safepoint    ] Application time: 1.0000761 seconds
[2019-12-09T03:10:02.539+0000][1][safepoint    ] Entering safepoint region: Cleanup
[2019-12-09T03:10:02.539+0000][1][safepoint    ] Leaving safepoint region
[2019-12-09T03:10:02.539+0000][1][safepoint    ] Total time for which application threads were stopped: 0.0001023 seconds, Stopping threads took: 0.0000214 seconds
[2019-12-09T03:10:03.539+0000][1][safepoint    ] Application time: 1.0000725 seconds
[2019-12-09T03:10:03.539+0000][1][safepoint    ] Entering safepoint region: Cleanup
[2019-12-09T03:10:03.539+0000][1][safepoint    ] Leaving safepoint region
[2019-12-09T03:10:03.539+0000][1][safepoint    ] Total time for which application threads were stopped: 0.0000888 seconds, Stopping threads took: 0.0000156 seconds
[2019-12-09T03:10:04.539+0000][1][safepoint    ] Application time: 1.0000737 seconds
[2019-12-09T03:10:04.539+0000][1][safepoint    ] Entering safepoint region: Cleanup
[2019-12-09T03:10:04.539+0000][1][safepoint    ] Leaving safepoint region
[2019-12-09T03:10:04.539+0000][1][safepoint    ] Total time for which application threads were stopped: 0.0001029 seconds, Stopping threads took: 0.0000187 seconds
[2019-12-09T03:10:06.539+0000][1][safepoint    ] Application time: 2.0001423 seconds
[2019-12-09T03:10:06.539+0000][1][safepoint    ] Entering safepoint region: Cleanup
[2019-12-09T03:10:06.540+0000][1][safepoint    ] Leaving safepoint region
[2019-12-09T03:10:06.540+0000][1][safepoint    ] Total time for which application threads were stopped: 0.0001027 seconds, Stopping threads took: 0.0000174 seconds
[2019-12-09T03:10:07.540+0000][1][safepoint    ] Application time: 1.0000744 seconds
[2019-12-09T03:10:07.540+0000][1][safepoint    ] Entering safepoint region: Cleanup
[2019-12-09T03:10:07.540+0000][1][safepoint    ] Leaving safepoint region
[2019-12-09T03:10:07.540+0000][1][safepoint    ] Total time for which application threads were stopped: 0.0001078 seconds, Stopping threads took: 0.0000176 seconds
[2019-12-09T03:10:10.243+0000][1][safepoint    ] Application time: 2.7031762 seconds
[2019-12-09T03:10:10.243+0000][1][safepoint    ] Entering safepoint region: GenCollectForAllocation
[2019-12-09T03:10:10.243+0000][1][gc,start     ] GC(27) Pause Young (Allocation Failure)
[2019-12-09T03:10:10.243+0000][1][gc,task      ] GC(27) Using 2 workers of 2 for evacuation
[2019-12-09T03:10:10.250+0000][1][gc,age       ] GC(27) Desired survivor size 4456448 bytes, new threshold 6 (max threshold 6)
[2019-12-09T03:10:10.250+0000][1][gc,age       ] GC(27) Age table with threshold 6 (max threshold 6)
[2019-12-09T03:10:10.250+0000][1][gc,age       ] GC(27) - age   1:      82904 bytes,      82904 total
[2019-12-09T03:10:10.250+0000][1][gc,age       ] GC(27) - age   2:       5368 bytes,      88272 total
[2019-12-09T03:10:10.250+0000][1][gc,age       ] GC(27) - age   3:     462168 bytes,     550440 total
[2019-12-09T03:10:10.250+0000][1][gc,age       ] GC(27) - age   4:    1870936 bytes,    2421376 total
[2019-12-09T03:10:10.250+0000][1][gc,heap      ] GC(27) ParNew: 73454K->3526K(78656K)
[2019-12-09T03:10:10.250+0000][1][gc,heap      ] GC(27) CMS: 67470K->67470K(174784K)
[2019-12-09T03:10:10.250+0000][1][gc,metaspace ] GC(27) Metaspace: 70833K->70833K(1114112K)
[2019-12-09T03:10:10.250+0000][1][gc           ] GC(27) Pause Young (Allocation Failure) 137M->69M(247M) 6.561ms
[2019-12-09T03:10:10.250+0000][1][gc,cpu       ] GC(27) User=0.01s Sys=0.00s Real=0.01s
[2019-12-09T03:10:10.250+0000][1][safepoint    ] Leaving safepoint region
[2019-12-09T03:10:10.250+0000][1][safepoint    ] Total time for which application threads were stopped: 0.0067165 seconds, Stopping threads took: 0.0000162 seconds
[2019-12-09T03:10:12.250+0000][1][safepoint    ] Application time: 2.0001620 seconds
[2019-12-09T03:10:12.250+0000][1][safepoint    ] Entering safepoint region: Cleanup
[2019-12-09T03:10:12.250+0000][1][safepoint    ] Leaving safepoint region
[2019-12-09T03:10:12.250+0000][1][safepoint    ] Total time for which application threads were stopped: 0.0000962 seconds, Stopping threads took: 0.0000204 seconds
[2019-12-09T03:10:13.250+0000][1][safepoint    ] Application time: 1.0000772 seconds
[2019-12-09T03:10:13.250+0000][1][safepoint    ] Entering safepoint region: Cleanup
[2019-12-09T03:10:13.250+0000][1][safepoint    ] Leaving safepoint region
[2019-12-09T03:10:13.250+0000][1][safepoint    ] Total time for which application threads were stopped: 0.0000929 seconds, Stopping threads took: 0.0000218 seconds
[2019-12-09T03:10:18.251+0000][1][safepoint    ] Application time: 5.0003493 seconds
[2019-12-09T03:10:18.251+0000][1][safepoint    ] Entering safepoint region: Cleanup
[2019-12-09T03:10:18.251+0000][1][safepoint    ] Leaving safepoint region
[2019-12-09T03:10:18.251+0000][1][safepoint    ] Total time for which application threads were stopped: 0.0001014 seconds, Stopping threads took: 0.0000276 seconds
[2019-12-09T03:10:22.251+0000][1][safepoint    ] Application time: 4.0002784 seconds
[2019-12-09T03:10:22.251+0000][1][safepoint    ] Entering safepoint region: Cleanup
[2019-12-09T03:10:22.251+0000][1][safepoint    ] Leaving safepoint region
[2019-12-09T03:10:22.251+0000][1][safepoint    ] Total time for which application threads were stopped: 0.0000894 seconds, Stopping threads took: 0.0000176 seconds
[2019-12-09T03:10:36.252+0000][1][safepoint    ] Application time: 14.0009588 seconds
[2019-12-09T03:10:36.252+0000][1][safepoint    ] Entering safepoint region: Cleanup
[2019-12-09T03:10:36.252+0000][1][safepoint    ] Leaving safepoint region
[2019-12-09T03:10:36.252+0000][1][safepoint    ] Total time for which application threads were stopped: 0.0000954 seconds, Stopping threads took: 0.0000198 seconds
[2019-12-09T03:10:37.252+0000][1][safepoint    ] Application time: 1.0000779 seconds
[2019-12-09T03:10:37.252+0000][1][safepoint    ] Entering safepoint region: Cleanup
[2019-12-09T03:10:37.252+0000][1][safepoint    ] Leaving safepoint region
[2019-12-09T03:10:37.252+0000][1][safepoint    ] Total time for which application threads were stopped: 0.0000936 seconds, Stopping threads took: 0.0000177 seconds
[2019-12-09T03:10:40.253+0000][1][safepoint    ] Application time: 3.0002058 seconds
[2019-12-09T03:10:40.253+0000][1][safepoint    ] Entering safepoint region: Cleanup
[2019-12-09T03:10:40.253+0000][1][safepoint    ] Leaving safepoint region
[2019-12-09T03:10:40.253+0000][1][safepoint    ] Total time for which application threads were stopped: 0.0001017 seconds, Stopping threads took: 0.0000265 seconds
[2019-12-09T03:10:48.253+0000][1][safepoint    ] Application time: 8.0005408 seconds
[2019-12-09T03:10:48.253+0000][1][safepoint    ] Entering safepoint region: Cleanup
[2019-12-09T03:10:48.253+0000][1][safepoint    ] Leaving safepoint region
[2019-12-09T03:10:48.253+0000][1][safepoint    ] Total time for which application threads were stopped: 0.0001046 seconds, Stopping threads took: 0.0000260 seconds
[2019-12-09T03:10:49.254+0000][1][safepoint    ] Application time: 1.0000790 seconds
[2019-12-09T03:10:49.254+0000][1][safepoint    ] Entering safepoint region: Cleanup
[2019-12-09T03:10:49.254+0000][1][safepoint    ] Leaving safepoint region
[2019-12-09T03:10:49.254+0000][1][safepoint    ] Total time for which application threads were stopped: 0.0000876 seconds, Stopping threads took: 0.0000190 seconds
[2019-12-09T03:10:53.254+0000][1][safepoint    ] Application time: 4.0002731 seconds
[2019-12-09T03:10:53.254+0000][1][safepoint    ] Entering safepoint region: Cleanup
[2019-12-09T03:10:53.254+0000][1][safepoint    ] Leaving safepoint region
[2019-12-09T03:10:53.254+0000][1][safepoint    ] Total time for which application threads were stopped: 0.0000876 seconds, Stopping threads took: 0.0000172 seconds
[2019-12-09T03:11:00.255+0000][1][safepoint    ] Application time: 7.0005051 seconds
[2019-12-09T03:11:00.255+0000][1][safepoint    ] Entering safepoint region: Cleanup
[2019-12-09T03:11:00.255+0000][1][safepoint    ] Leaving safepoint region
[2019-12-09T03:11:00.255+0000][1][safepoint    ] Total time for which application threads were stopped: 0.0001004 seconds, Stopping threads took: 0.0000195 seconds
[2019-12-09T03:11:03.255+0000][1][safepoint    ] Application time: 3.0002093 seconds
[2019-12-09T03:11:03.255+0000][1][safepoint    ] Entering safepoint region: Cleanup
[2019-12-09T03:11:03.255+0000][1][safepoint    ] Leaving safepoint region
[2019-12-09T03:11:03.255+0000][1][safepoint    ] Total time for which application threads were stopped: 0.0000882 seconds, Stopping threads took: 0.0000188 seconds
[2019-12-09T03:11:04.255+0000][1][safepoint    ] Application time: 1.0000781 seconds
[2019-12-09T03:11:04.255+0000][1][safepoint    ] Entering safepoint region: Cleanup
[2019-12-09T03:11:04.255+0000][1][safepoint    ] Leaving safepoint region
[2019-12-09T03:11:04.255+0000][1][safepoint    ] Total time for which application threads were stopped: 0.0000974 seconds, Stopping threads took: 0.0000193 seconds
[2019-12-09T03:11:07.255+0000][1][safepoint    ] Application time: 3.0002078 seconds
[2019-12-09T03:11:07.256+0000][1][safepoint    ] Entering safepoint region: Cleanup
[2019-12-09T03:11:07.256+0000][1][safepoint    ] Leaving safepoint region
[2019-12-09T03:11:07.256+0000][1][safepoint    ] Total time for which application threads were stopped: 0.0000858 seconds, Stopping threads took: 0.0000176 seconds
[2019-12-09T03:11:10.256+0000][1][safepoint    ] Application time: 3.0002163 seconds
[2019-12-09T03:11:10.256+0000][1][safepoint    ] Entering safepoint region: Cleanup
[2019-12-09T03:11:10.256+0000][1][safepoint    ] Leaving safepoint region
[2019-12-09T03:11:10.256+0000][1][safepoint    ] Total time for which application threads were stopped: 0.0000861 seconds, Stopping threads took: 0.0000161 seconds
[2019-12-09T03:11:12.256+0000][1][safepoint    ] Application time: 2.0001436 seconds
[2019-12-09T03:11:12.256+0000][1][safepoint    ] Entering safepoint region: Cleanup
[2019-12-09T03:11:12.256+0000][1][safepoint    ] Leaving safepoint region
[2019-12-09T03:11:12.256+0000][1][safepoint    ] Total time for which application threads were stopped: 0.0000939 seconds, Stopping threads took: 0.0000193 seconds
[2019-12-09T03:11:13.256+0000][1][safepoint    ] Application time: 1.0000756 seconds
[2019-12-09T03:11:13.256+0000][1][safepoint    ] Entering safepoint region: Cleanup
[2019-12-09T03:11:13.256+0000][1][safepoint    ] Leaving safepoint region
[2019-12-09T03:11:13.256+0000][1][safepoint    ] Total time for which application threads were stopped: 0.0000921 seconds, Stopping threads took: 0.0000186 seconds
[2019-12-09T03:11:18.257+0000][1][safepoint    ] Application time: 5.0003394 seconds
[2019-12-09T03:11:18.257+0000][1][safepoint    ] Entering safepoint region: Cleanup
[2019-12-09T03:11:18.257+0000][1][safepoint    ] Leaving safepoint region
[2019-12-09T03:11:18.257+0000][1][safepoint    ] Total time for which application threads were stopped: 0.0000952 seconds, Stopping threads took: 0.0000262 seconds
[2019-12-09T03:11:20.276+0000][1][safepoint    ] Application time: 2.0190396 seconds
[2019-12-09T03:11:20.276+0000][1][safepoint    ] Entering safepoint region: GenCollectForAllocation
[2019-12-09T03:11:20.276+0000][1][gc,start     ] GC(28) Pause Young (Allocation Failure)
[2019-12-09T03:11:20.276+0000][1][gc,task      ] GC(28) Using 2 workers of 2 for evacuation
[2019-12-09T03:11:20.283+0000][1][gc,age       ] GC(28) Desired survivor size 4456448 bytes, new threshold 6 (max threshold 6)
[2019-12-09T03:11:20.283+0000][1][gc,age       ] GC(28) Age table with threshold 6 (max threshold 6)
[2019-12-09T03:11:20.283+0000][1][gc,age       ] GC(28) - age   1:      83400 bytes,      83400 total
[2019-12-09T03:11:20.283+0000][1][gc,age       ] GC(28) - age   2:       8816 bytes,      92216 total
[2019-12-09T03:11:20.283+0000][1][gc,age       ] GC(28) - age   3:       5368 bytes,      97584 total
[2019-12-09T03:11:20.283+0000][1][gc,age       ] GC(28) - age   4:     424912 bytes,     522496 total
[2019-12-09T03:11:20.283+0000][1][gc,age       ] GC(28) - age   5:    1722640 bytes,    2245136 total
[2019-12-09T03:11:20.283+0000][1][gc,heap      ] GC(28) ParNew: 73478K->3541K(78656K)
[2019-12-09T03:11:20.283+0000][1][gc,heap      ] GC(28) CMS: 67470K->67470K(174784K)
[2019-12-09T03:11:20.283+0000][1][gc,metaspace ] GC(28) Metaspace: 70881K->70881K(1114112K)
[2019-12-09T03:11:20.283+0000][1][gc           ] GC(28) Pause Young (Allocation Failure) 137M->69M(247M) 6.476ms
[2019-12-09T03:11:20.283+0000][1][gc,cpu       ] GC(28) User=0.01s Sys=0.00s Real=0.00s
[2019-12-09T03:11:20.283+0000][1][safepoint    ] Leaving safepoint region
[2019-12-09T03:11:20.283+0000][1][safepoint    ] Total time for which application threads were stopped: 0.0066283 seconds, Stopping threads took: 0.0000168 seconds
[2019-12-09T03:11:23.283+0000][1][safepoint    ] Application time: 3.0002210 seconds
[2019-12-09T03:11:23.283+0000][1][safepoint    ] Entering safepoint region: Cleanup
[2019-12-09T03:11:23.283+0000][1][safepoint    ] Leaving safepoint region
[2019-12-09T03:11:23.283+0000][1][safepoint    ] Total time for which application threads were stopped: 0.0000943 seconds, Stopping threads took: 0.0000184 seconds
[2019-12-09T03:11:28.283+0000][1][safepoint    ] Application time: 5.0003617 seconds
[2019-12-09T03:11:28.283+0000][1][safepoint    ] Entering safepoint region: Cleanup
[2019-12-09T03:11:28.283+0000][1][safepoint    ] Leaving safepoint region
[2019-12-09T03:11:28.283+0000][1][safepoint    ] Total time for which application threads were stopped: 0.0000888 seconds, Stopping threads took: 0.0000184 seconds
[2019-12-09T03:11:34.284+0000][1][safepoint    ] Application time: 6.0004326 seconds
[2019-12-09T03:11:34.284+0000][1][safepoint    ] Entering safepoint region: Cleanup
[2019-12-09T03:11:34.284+0000][1][safepoint    ] Leaving safepoint region
[2019-12-09T03:11:34.284+0000][1][safepoint    ] Total time for which application threads were stopped: 0.0001255 seconds, Stopping threads took: 0.0000404 seconds
[2019-12-09T03:11:36.284+0000][1][safepoint    ] Application time: 2.0001443 seconds
[2019-12-09T03:11:36.284+0000][1][safepoint    ] Entering safepoint region: Cleanup
[2019-12-09T03:11:36.284+0000][1][safepoint    ] Leaving safepoint region
[2019-12-09T03:11:36.284+0000][1][safepoint    ] Total time for which application threads were stopped: 0.0000847 seconds, Stopping threads took: 0.0000182 seconds
[2019-12-09T03:11:37.284+0000][1][safepoint    ] Application time: 1.0000744 seconds
[2019-12-09T03:11:37.284+0000][1][safepoint    ] Entering safepoint region: Cleanup
[2019-12-09T03:11:37.285+0000][1][safepoint    ] Leaving safepoint region
[2019-12-09T03:11:37.285+0000][1][safepoint    ] Total time for which application threads were stopped: 0.0000816 seconds, Stopping threads took: 0.0000172 seconds
[2019-12-09T03:11:38.285+0000][1][safepoint    ] Application time: 1.0000768 seconds
[2019-12-09T03:11:38.285+0000][1][safepoint    ] Entering safepoint region: Cleanup
[2019-12-09T03:11:38.285+0000][1][safepoint    ] Leaving safepoint region
[2019-12-09T03:11:38.285+0000][1][safepoint    ] Total time for which application threads were stopped: 0.0001024 seconds, Stopping threads took: 0.0000338 seconds
[2019-12-09T03:11:39.286+0000][1][safepoint    ] Application time: 1.0007385 seconds
[2019-12-09T03:11:39.286+0000][1][safepoint    ] Entering safepoint region: Cleanup
[2019-12-09T03:11:39.286+0000][1][safepoint    ] Leaving safepoint region
[2019-12-09T03:11:39.286+0000][1][safepoint    ] Total time for which application threads were stopped: 0.0001539 seconds, Stopping threads took: 0.0000360 seconds
[2019-12-09T03:11:41.286+0000][1][safepoint    ] Application time: 2.0001587 seconds
[2019-12-09T03:11:41.286+0000][1][safepoint    ] Entering safepoint region: Cleanup
[2019-12-09T03:11:41.286+0000][1][safepoint    ] Leaving safepoint region
[2019-12-09T03:11:41.286+0000][1][safepoint    ] Total time for which application threads were stopped: 0.0000896 seconds, Stopping threads took: 0.0000180 seconds
[2019-12-09T03:11:43.286+0000][1][safepoint    ] Application time: 2.0001629 seconds
[2019-12-09T03:11:43.286+0000][1][safepoint    ] Entering safepoint region: Cleanup
[2019-12-09T03:11:43.286+0000][1][safepoint    ] Leaving safepoint region
[2019-12-09T03:11:43.286+0000][1][safepoint    ] Total time for which application threads were stopped: 0.0000863 seconds, Stopping threads took: 0.0000173 seconds
[2019-12-09T03:11:50.287+0000][1][safepoint    ] Application time: 7.0005064 seconds
[2019-12-09T03:11:50.287+0000][1][safepoint    ] Entering safepoint region: Cleanup
[2019-12-09T03:11:50.287+0000][1][safepoint    ] Leaving safepoint region
[2019-12-09T03:11:50.287+0000][1][safepoint    ] Total time for which application threads were stopped: 0.0000918 seconds, Stopping threads took: 0.0000245 seconds
[2019-12-09T03:11:53.287+0000][1][safepoint    ] Application time: 3.0002082 seconds
[2019-12-09T03:11:53.287+0000][1][safepoint    ] Entering safepoint region: Cleanup
[2019-12-09T03:11:53.287+0000][1][safepoint    ] Leaving safepoint region
[2019-12-09T03:11:53.287+0000][1][safepoint    ] Total time for which application threads were stopped: 0.0000877 seconds, Stopping threads took: 0.0000179 seconds
[2019-12-09T03:11:55.287+0000][1][safepoint    ] Application time: 2.0001401 seconds
[2019-12-09T03:11:55.287+0000][1][safepoint    ] Entering safepoint region: Cleanup
[2019-12-09T03:11:55.288+0000][1][safepoint    ] Leaving safepoint region
[2019-12-09T03:11:55.288+0000][1][safepoint    ] Total time for which application threads were stopped: 0.0000898 seconds, Stopping threads took: 0.0000257 seconds
[2019-12-09T03:11:59.288+0000][1][safepoint    ] Application time: 4.0002780 seconds
[2019-12-09T03:11:59.288+0000][1][safepoint    ] Entering safepoint region: Cleanup
[2019-12-09T03:11:59.288+0000][1][safepoint    ] Leaving safepoint region
[2019-12-09T03:11:59.288+0000][1][safepoint    ] Total time for which application threads were stopped: 0.0000855 seconds, Stopping threads took: 0.0000173 seconds
[2019-12-09T03:12:00.288+0000][1][safepoint    ] Application time: 1.0000771 seconds
[2019-12-09T03:12:00.288+0000][1][safepoint    ] Entering safepoint region: Cleanup
[2019-12-09T03:12:00.288+0000][1][safepoint    ] Leaving safepoint region
[2019-12-09T03:12:00.288+0000][1][safepoint    ] Total time for which application threads were stopped: 0.0000840 seconds, Stopping threads took: 0.0000203 seconds
[2019-12-09T03:12:03.288+0000][1][safepoint    ] Application time: 3.0002123 seconds
[2019-12-09T03:12:03.288+0000][1][safepoint    ] Entering safepoint region: Cleanup
[2019-12-09T03:12:03.288+0000][1][safepoint    ] Leaving safepoint region
[2019-12-09T03:12:03.288+0000][1][safepoint    ] Total time for which application threads were stopped: 0.0000905 seconds, Stopping threads took: 0.0000193 seconds
[2019-12-09T03:12:04.289+0000][1][safepoint    ] Application time: 1.0000776 seconds
[2019-12-09T03:12:04.289+0000][1][safepoint    ] Entering safepoint region: Cleanup
[2019-12-09T03:12:04.289+0000][1][safepoint    ] Leaving safepoint region
[2019-12-09T03:12:04.289+0000][1][safepoint    ] Total time for which application threads were stopped: 0.0001155 seconds, Stopping threads took: 0.0000339 seconds
[2019-12-09T03:12:07.289+0000][1][safepoint    ] Application time: 3.0002155 seconds
[2019-12-09T03:12:07.289+0000][1][safepoint    ] Entering safepoint region: Cleanup
[2019-12-09T03:12:07.289+0000][1][safepoint    ] Leaving safepoint region
[2019-12-09T03:12:07.289+0000][1][safepoint    ] Total time for which application threads were stopped: 0.0001056 seconds, Stopping threads took: 0.0000278 seconds
[2019-12-09T03:12:09.289+0000][1][safepoint    ] Application time: 2.0001423 seconds
[2019-12-09T03:12:09.289+0000][1][safepoint    ] Entering safepoint region: Cleanup
[2019-12-09T03:12:09.289+0000][1][safepoint    ] Leaving safepoint region
[2019-12-09T03:12:09.289+0000][1][safepoint    ] Total time for which application threads were stopped: 0.0000900 seconds, Stopping threads took: 0.0000240 seconds
[2019-12-09T03:12:10.289+0000][1][safepoint    ] Application time: 1.0000734 seconds
[2019-12-09T03:12:10.289+0000][1][safepoint    ] Entering safepoint region: Cleanup
[2019-12-09T03:12:10.289+0000][1][safepoint    ] Leaving safepoint region
[2019-12-09T03:12:10.290+0000][1][safepoint    ] Total time for which application threads were stopped: 0.0000766 seconds, Stopping threads took: 0.0000149 seconds
[2019-12-09T03:12:12.290+0000][1][safepoint    ] Application time: 2.0001421 seconds
[2019-12-09T03:12:12.290+0000][1][safepoint    ] Entering safepoint region: Cleanup
[2019-12-09T03:12:12.290+0000][1][safepoint    ] Leaving safepoint region
[2019-12-09T03:12:12.290+0000][1][safepoint    ] Total time for which application threads were stopped: 0.0000932 seconds, Stopping threads took: 0.0000274 seconds
[2019-12-09T03:12:13.290+0000][1][safepoint    ] Application time: 1.0000769 seconds
[2019-12-09T03:12:13.290+0000][1][safepoint    ] Entering safepoint region: Cleanup
[2019-12-09T03:12:13.290+0000][1][safepoint    ] Leaving safepoint region
[2019-12-09T03:12:13.290+0000][1][safepoint    ] Total time for which application threads were stopped: 0.0000789 seconds, Stopping threads took: 0.0000166 seconds
[2019-12-09T03:12:17.290+0000][1][safepoint    ] Application time: 4.0002794 seconds
[2019-12-09T03:12:17.290+0000][1][safepoint    ] Entering safepoint region: Cleanup
[2019-12-09T03:12:17.290+0000][1][safepoint    ] Leaving safepoint region
[2019-12-09T03:12:17.290+0000][1][safepoint    ] Total time for which application threads were stopped: 0.0000822 seconds, Stopping threads took: 0.0000167 seconds
[2019-12-09T03:12:28.291+0000][1][safepoint    ] Application time: 11.0007398 seconds
[2019-12-09T03:12:28.291+0000][1][safepoint    ] Entering safepoint region: Cleanup
[2019-12-09T03:12:28.291+0000][1][safepoint    ] Leaving safepoint region
[2019-12-09T03:12:28.291+0000][1][safepoint    ] Total time for which application threads were stopped: 0.0000942 seconds, Stopping threads took: 0.0000266 seconds
[2019-12-09T03:12:30.311+0000][1][safepoint    ] Application time: 2.0199790 seconds
[2019-12-09T03:12:30.311+0000][1][safepoint    ] Entering safepoint region: GenCollectForAllocation
[2019-12-09T03:12:30.311+0000][1][gc,start     ] GC(29) Pause Young (Allocation Failure)
[2019-12-09T03:12:30.311+0000][1][gc,task      ] GC(29) Using 2 workers of 2 for evacuation
[2019-12-09T03:12:30.318+0000][1][gc,age       ] GC(29) Desired survivor size 4456448 bytes, new threshold 6 (max threshold 6)
[2019-12-09T03:12:30.318+0000][1][gc,age       ] GC(29) Age table with threshold 6 (max threshold 6)
[2019-12-09T03:12:30.318+0000][1][gc,age       ] GC(29) - age   1:      81984 bytes,      81984 total
[2019-12-09T03:12:30.318+0000][1][gc,age       ] GC(29) - age   2:       8792 bytes,      90776 total
[2019-12-09T03:12:30.318+0000][1][gc,age       ] GC(29) - age   3:       8720 bytes,      99496 total
[2019-12-09T03:12:30.318+0000][1][gc,age       ] GC(29) - age   4:       5280 bytes,     104776 total
[2019-12-09T03:12:30.318+0000][1][gc,age       ] GC(29) - age   5:     423824 bytes,     528600 total
[2019-12-09T03:12:30.318+0000][1][gc,age       ] GC(29) - age   6:    1722640 bytes,    2251240 total
[2019-12-09T03:12:30.318+0000][1][gc,heap      ] GC(29) ParNew: 73493K->3352K(78656K)
[2019-12-09T03:12:30.318+0000][1][gc,heap      ] GC(29) CMS: 67470K->67470K(174784K)
[2019-12-09T03:12:30.318+0000][1][gc,metaspace ] GC(29) Metaspace: 70904K->70904K(1114112K)
[2019-12-09T03:12:30.318+0000][1][gc           ] GC(29) Pause Young (Allocation Failure) 137M->69M(247M) 6.506ms
[2019-12-09T03:12:30.318+0000][1][gc,cpu       ] GC(29) User=0.01s Sys=0.00s Real=0.01s
[2019-12-09T03:12:30.318+0000][1][safepoint    ] Leaving safepoint region
[2019-12-09T03:12:30.318+0000][1][safepoint    ] Total time for which application threads were stopped: 0.0066505 seconds, Stopping threads took: 0.0000152 seconds
[2019-12-09T03:12:33.318+0000][1][safepoint    ] Application time: 3.0002139 seconds
[2019-12-09T03:12:33.318+0000][1][safepoint    ] Entering safepoint region: Cleanup
[2019-12-09T03:12:33.318+0000][1][safepoint    ] Leaving safepoint region
[2019-12-09T03:12:33.318+0000][1][safepoint    ] Total time for which application threads were stopped: 0.0000854 seconds, Stopping threads took: 0.0000176 seconds
[2019-12-09T03:12:35.318+0000][1][safepoint    ] Application time: 2.0001420 seconds
[2019-12-09T03:12:35.318+0000][1][safepoint    ] Entering safepoint region: Cleanup
[2019-12-09T03:12:35.318+0000][1][safepoint    ] Leaving safepoint region
[2019-12-09T03:12:35.318+0000][1][safepoint    ] Total time for which application threads were stopped: 0.0000823 seconds, Stopping threads took: 0.0000160 seconds
[2019-12-09T03:12:37.319+0000][1][safepoint    ] Application time: 2.0001444 seconds
[2019-12-09T03:12:37.319+0000][1][safepoint    ] Entering safepoint region: Cleanup
[2019-12-09T03:12:37.319+0000][1][safepoint    ] Leaving safepoint region
[2019-12-09T03:12:37.319+0000][1][safepoint    ] Total time for which application threads were stopped: 0.0000999 seconds, Stopping threads took: 0.0000176 seconds
[2019-12-09T03:12:40.319+0000][1][safepoint    ] Application time: 3.0002092 seconds
[2019-12-09T03:12:40.319+0000][1][safepoint    ] Entering safepoint region: Cleanup
[2019-12-09T03:12:40.319+0000][1][safepoint    ] Leaving safepoint region
[2019-12-09T03:12:40.319+0000][1][safepoint    ] Total time for which application threads were stopped: 0.0000869 seconds, Stopping threads took: 0.0000185 seconds
[2019-12-09T03:12:56.320+0000][1][safepoint    ] Application time: 16.0010824 seconds
[2019-12-09T03:12:56.320+0000][1][safepoint    ] Entering safepoint region: Cleanup
[2019-12-09T03:12:56.320+0000][1][safepoint    ] Leaving safepoint region
[2019-12-09T03:12:56.320+0000][1][safepoint    ] Total time for which application threads were stopped: 0.0000966 seconds, Stopping threads took: 0.0000280 seconds
[2019-12-09T03:12:58.320+0000][1][safepoint    ] Application time: 2.0001418 seconds
[2019-12-09T03:12:58.320+0000][1][safepoint    ] Entering safepoint region: Cleanup
[2019-12-09T03:12:58.321+0000][1][safepoint    ] Leaving safepoint region
[2019-12-09T03:12:58.321+0000][1][safepoint    ] Total time for which application threads were stopped: 0.0000854 seconds, Stopping threads took: 0.0000180 seconds
[2019-12-09T03:13:00.321+0000][1][safepoint    ] Application time: 2.0001463 seconds
[2019-12-09T03:13:00.321+0000][1][safepoint    ] Entering safepoint region: Cleanup
[2019-12-09T03:13:00.321+0000][1][safepoint    ] Leaving safepoint region
[2019-12-09T03:13:00.321+0000][1][safepoint    ] Total time for which application threads were stopped: 0.0000831 seconds, Stopping threads took: 0.0000182 seconds
[2019-12-09T03:13:01.321+0000][1][safepoint    ] Application time: 1.0000755 seconds
[2019-12-09T03:13:01.321+0000][1][safepoint    ] Entering safepoint region: Cleanup
[2019-12-09T03:13:01.321+0000][1][safepoint    ] Leaving safepoint region
[2019-12-09T03:13:01.321+0000][1][safepoint    ] Total time for which application threads were stopped: 0.0000883 seconds, Stopping threads took: 0.0000202 seconds
[2019-12-09T03:13:03.321+0000][1][safepoint    ] Application time: 2.0001418 seconds
[2019-12-09T03:13:03.321+0000][1][safepoint    ] Entering safepoint region: Cleanup
[2019-12-09T03:13:03.321+0000][1][safepoint    ] Leaving safepoint region
[2019-12-09T03:13:03.321+0000][1][safepoint    ] Total time for which application threads were stopped: 0.0000866 seconds, Stopping threads took: 0.0000181 seconds
[2019-12-09T03:13:04.321+0000][1][safepoint    ] Application time: 1.0000756 seconds
[2019-12-09T03:13:04.321+0000][1][safepoint    ] Entering safepoint region: Cleanup
[2019-12-09T03:13:04.321+0000][1][safepoint    ] Leaving safepoint region
[2019-12-09T03:13:04.321+0000][1][safepoint    ] Total time for which application threads were stopped: 0.0000831 seconds, Stopping threads took: 0.0000175 seconds
[2019-12-09T03:13:10.322+0000][1][safepoint    ] Application time: 6.0004088 seconds
[2019-12-09T03:13:10.322+0000][1][safepoint    ] Entering safepoint region: Cleanup
[2019-12-09T03:13:10.322+0000][1][safepoint    ] Leaving safepoint region
[2019-12-09T03:13:10.322+0000][1][safepoint    ] Total time for which application threads were stopped: 0.0000883 seconds, Stopping threads took: 0.0000176 seconds
[2019-12-09T03:13:20.323+0000][1][safepoint    ] Application time: 10.0006807 seconds
[2019-12-09T03:13:20.323+0000][1][safepoint    ] Entering safepoint region: Cleanup
[2019-12-09T03:13:20.323+0000][1][safepoint    ] Leaving safepoint region
[2019-12-09T03:13:20.323+0000][1][safepoint    ] Total time for which application threads were stopped: 0.0000802 seconds, Stopping threads took: 0.0000163 seconds
[2019-12-09T03:13:23.323+0000][1][safepoint    ] Application time: 3.0002109 seconds
[2019-12-09T03:13:23.323+0000][1][safepoint    ] Entering safepoint region: Cleanup
[2019-12-09T03:13:23.323+0000][1][safepoint    ] Leaving safepoint region
[2019-12-09T03:13:23.323+0000][1][safepoint    ] Total time for which application threads were stopped: 0.0000897 seconds, Stopping threads took: 0.0000203 seconds
[2019-12-09T03:13:34.324+0000][1][safepoint    ] Application time: 11.0007483 seconds
[2019-12-09T03:13:34.324+0000][1][safepoint    ] Entering safepoint region: Cleanup
[2019-12-09T03:13:34.324+0000][1][safepoint    ] Leaving safepoint region
[2019-12-09T03:13:34.324+0000][1][safepoint    ] Total time for which application threads were stopped: 0.0000897 seconds, Stopping threads took: 0.0000254 seconds
[2019-12-09T03:13:38.324+0000][1][safepoint    ] Application time: 4.0002771 seconds
[2019-12-09T03:13:38.324+0000][1][safepoint    ] Entering safepoint region: Cleanup
[2019-12-09T03:13:38.324+0000][1][safepoint    ] Leaving safepoint region
[2019-12-09T03:13:38.324+0000][1][safepoint    ] Total time for which application threads were stopped: 0.0000842 seconds, Stopping threads took: 0.0000169 seconds
[2019-12-09T03:13:39.325+0000][1][safepoint    ] Application time: 1.0000765 seconds
[2019-12-09T03:13:39.325+0000][1][safepoint    ] Entering safepoint region: Cleanup
[2019-12-09T03:13:39.325+0000][1][safepoint    ] Leaving safepoint region
[2019-12-09T03:13:39.325+0000][1][safepoint    ] Total time for which application threads were stopped: 0.0000841 seconds, Stopping threads took: 0.0000189 seconds
[2019-12-09T03:13:39.993+0000][1][safepoint    ] Application time: 0.6684226 seconds
[2019-12-09T03:13:39.993+0000][1][safepoint    ] Entering safepoint region: GenCollectForAllocation
[2019-12-09T03:13:39.993+0000][1][gc,start     ] GC(30) Pause Young (Allocation Failure)
[2019-12-09T03:13:39.993+0000][1][gc,task      ] GC(30) Using 2 workers of 2 for evacuation
[2019-12-09T03:13:40.003+0000][1][gc,age       ] GC(30) Desired survivor size 4456448 bytes, new threshold 6 (max threshold 6)
[2019-12-09T03:13:40.003+0000][1][gc,age       ] GC(30) Age table with threshold 6 (max threshold 6)
[2019-12-09T03:13:40.003+0000][1][gc,age       ] GC(30) - age   1:      79824 bytes,      79824 total
[2019-12-09T03:13:40.003+0000][1][gc,age       ] GC(30) - age   2:       7256 bytes,      87080 total
[2019-12-09T03:13:40.003+0000][1][gc,age       ] GC(30) - age   3:       8696 bytes,      95776 total
[2019-12-09T03:13:40.003+0000][1][gc,age       ] GC(30) - age   4:       7616 bytes,     103392 total
[2019-12-09T03:13:40.003+0000][1][gc,age       ] GC(30) - age   5:       5280 bytes,     108672 total
[2019-12-09T03:13:40.003+0000][1][gc,age       ] GC(30) - age   6:     423824 bytes,     532496 total
[2019-12-09T03:13:40.003+0000][1][gc,heap      ] GC(30) ParNew: 73272K->2207K(78656K)
[2019-12-09T03:13:40.003+0000][1][gc,heap      ] GC(30) CMS: 67470K->69195K(174784K)
[2019-12-09T03:13:40.003+0000][1][gc,metaspace ] GC(30) Metaspace: 70937K->70937K(1114112K)
[2019-12-09T03:13:40.003+0000][1][gc           ] GC(30) Pause Young (Allocation Failure) 137M->69M(247M) 9.861ms
[2019-12-09T03:13:40.003+0000][1][gc,cpu       ] GC(30) User=0.02s Sys=0.00s Real=0.01s
[2019-12-09T03:13:40.003+0000][1][safepoint    ] Leaving safepoint region
[2019-12-09T03:13:40.003+0000][1][safepoint    ] Total time for which application threads were stopped: 0.0100389 seconds, Stopping threads took: 0.0000217 seconds
[2019-12-09T03:13:44.003+0000][1][safepoint    ] Application time: 4.0002779 seconds
[2019-12-09T03:13:44.003+0000][1][safepoint    ] Entering safepoint region: Cleanup
[2019-12-09T03:13:44.004+0000][1][safepoint    ] Leaving safepoint region
[2019-12-09T03:13:44.004+0000][1][safepoint    ] Total time for which application threads were stopped: 0.0000904 seconds, Stopping threads took: 0.0000190 seconds
[2019-12-09T03:13:46.004+0000][1][safepoint    ] Application time: 2.0001511 seconds
[2019-12-09T03:13:46.004+0000][1][safepoint    ] Entering safepoint region: Cleanup
[2019-12-09T03:13:46.004+0000][1][safepoint    ] Leaving safepoint region
[2019-12-09T03:13:46.004+0000][1][safepoint    ] Total time for which application threads were stopped: 0.0000902 seconds, Stopping threads took: 0.0000208 seconds
[2019-12-09T03:13:54.004+0000][1][safepoint    ] Application time: 8.0005351 seconds
[2019-12-09T03:13:54.004+0000][1][safepoint    ] Entering safepoint region: Cleanup
[2019-12-09T03:13:54.004+0000][1][safepoint    ] Leaving safepoint region
[2019-12-09T03:13:54.004+0000][1][safepoint    ] Total time for which application threads were stopped: 0.0000895 seconds, Stopping threads took: 0.0000194 seconds
[2019-12-09T03:14:02.005+0000][1][safepoint    ] Application time: 8.0005345 seconds
[2019-12-09T03:14:02.005+0000][1][safepoint    ] Entering safepoint region: Cleanup
[2019-12-09T03:14:02.005+0000][1][safepoint    ] Leaving safepoint region
[2019-12-09T03:14:02.005+0000][1][safepoint    ] Total time for which application threads were stopped: 0.0000995 seconds, Stopping threads took: 0.0000289 seconds
[2019-12-09T03:14:13.006+0000][1][safepoint    ] Application time: 11.0007286 seconds
[2019-12-09T03:14:13.006+0000][1][safepoint    ] Entering safepoint region: Cleanup
[2019-12-09T03:14:13.006+0000][1][safepoint    ] Leaving safepoint region
[2019-12-09T03:14:13.006+0000][1][safepoint    ] Total time for which application threads were stopped: 0.0000845 seconds, Stopping threads took: 0.0000167 seconds
[2019-12-09T03:14:14.006+0000][1][safepoint    ] Application time: 1.0000793 seconds
[2019-12-09T03:14:14.006+0000][1][safepoint    ] Entering safepoint region: Cleanup
[2019-12-09T03:14:14.006+0000][1][safepoint    ] Leaving safepoint region
[2019-12-09T03:14:14.006+0000][1][safepoint    ] Total time for which application threads were stopped: 0.0000879 seconds, Stopping threads took: 0.0000175 seconds
[2019-12-09T03:14:18.007+0000][1][safepoint    ] Application time: 4.0002823 seconds
[2019-12-09T03:14:18.007+0000][1][safepoint    ] Entering safepoint region: Cleanup
[2019-12-09T03:14:18.007+0000][1][safepoint    ] Leaving safepoint region
[2019-12-09T03:14:18.007+0000][1][safepoint    ] Total time for which application threads were stopped: 0.0000877 seconds, Stopping threads took: 0.0000186 seconds
[2019-12-09T03:14:34.008+0000][1][safepoint    ] Application time: 16.0011134 seconds
[2019-12-09T03:14:34.008+0000][1][safepoint    ] Entering safepoint region: Cleanup
[2019-12-09T03:14:34.008+0000][1][safepoint    ] Leaving safepoint region
[2019-12-09T03:14:34.008+0000][1][safepoint    ] Total time for which application threads were stopped: 0.0000955 seconds, Stopping threads took: 0.0000268 seconds
[2019-12-09T03:14:37.008+0000][1][safepoint    ] Application time: 3.0002123 seconds
[2019-12-09T03:14:37.008+0000][1][safepoint    ] Entering safepoint region: Cleanup
[2019-12-09T03:14:37.008+0000][1][safepoint    ] Leaving safepoint region
[2019-12-09T03:14:37.008+0000][1][safepoint    ] Total time for which application threads were stopped: 0.0000855 seconds, Stopping threads took: 0.0000175 seconds
[2019-12-09T03:14:44.009+0000][1][safepoint    ] Application time: 7.0004619 seconds
[2019-12-09T03:14:44.009+0000][1][safepoint    ] Entering safepoint region: Cleanup
[2019-12-09T03:14:44.009+0000][1][safepoint    ] Leaving safepoint region
[2019-12-09T03:14:44.009+0000][1][safepoint    ] Total time for which application threads were stopped: 0.0000881 seconds, Stopping threads took: 0.0000193 seconds
[2019-12-09T03:14:50.009+0000][1][safepoint    ] Application time: 6.0004152 seconds
[2019-12-09T03:14:50.009+0000][1][safepoint    ] Entering safepoint region: Cleanup
[2019-12-09T03:14:50.009+0000][1][safepoint    ] Leaving safepoint region
[2019-12-09T03:14:50.009+0000][1][safepoint    ] Total time for which application threads were stopped: 0.0000894 seconds, Stopping threads took: 0.0000196 seconds
[2019-12-09T03:14:50.306+0000][1][safepoint    ] Application time: 0.2963251 seconds
[2019-12-09T03:14:50.306+0000][1][safepoint    ] Entering safepoint region: GenCollectForAllocation
[2019-12-09T03:14:50.306+0000][1][gc,start     ] GC(31) Pause Young (Allocation Failure)
[2019-12-09T03:14:50.306+0000][1][gc,task      ] GC(31) Using 2 workers of 2 for evacuation
[2019-12-09T03:14:50.310+0000][1][gc,age       ] GC(31) Desired survivor size 4456448 bytes, new threshold 6 (max threshold 6)
[2019-12-09T03:14:50.310+0000][1][gc,age       ] GC(31) Age table with threshold 6 (max threshold 6)
[2019-12-09T03:14:50.310+0000][1][gc,age       ] GC(31) - age   1:      76960 bytes,      76960 total
[2019-12-09T03:14:50.310+0000][1][gc,age       ] GC(31) - age   2:       5936 bytes,      82896 total
[2019-12-09T03:14:50.310+0000][1][gc,age       ] GC(31) - age   3:       7256 bytes,      90152 total
[2019-12-09T03:14:50.310+0000][1][gc,age       ] GC(31) - age   4:       8608 bytes,      98760 total
[2019-12-09T03:14:50.310+0000][1][gc,age       ] GC(31) - age   5:       7616 bytes,     106376 total
[2019-12-09T03:14:50.310+0000][1][gc,age       ] GC(31) - age   6:       5280 bytes,     111656 total
[2019-12-09T03:14:50.310+0000][1][gc,heap      ] GC(31) ParNew: 72159K->681K(78656K)
[2019-12-09T03:14:50.310+0000][1][gc,heap      ] GC(31) CMS: 69195K->69616K(174784K)
[2019-12-09T03:14:50.310+0000][1][gc,metaspace ] GC(31) Metaspace: 70968K->70968K(1114112K)
[2019-12-09T03:14:50.310+0000][1][gc           ] GC(31) Pause Young (Allocation Failure) 138M->68M(247M) 4.534ms
[2019-12-09T03:14:50.310+0000][1][gc,cpu       ] GC(31) User=0.01s Sys=0.00s Real=0.00s
[2019-12-09T03:14:50.310+0000][1][safepoint    ] Leaving safepoint region
[2019-12-09T03:14:50.310+0000][1][safepoint    ] Total time for which application threads were stopped: 0.0047132 seconds, Stopping threads took: 0.0000230 seconds
[2019-12-09T03:14:53.311+0000][1][safepoint    ] Application time: 3.0002303 seconds
[2019-12-09T03:14:53.311+0000][1][safepoint    ] Entering safepoint region: Cleanup
[2019-12-09T03:14:53.311+0000][1][safepoint    ] Leaving safepoint region
[2019-12-09T03:14:53.311+0000][1][safepoint    ] Total time for which application threads were stopped: 0.0000862 seconds, Stopping threads took: 0.0000199 seconds
[2019-12-09T03:15:03.312+0000][1][safepoint    ] Application time: 10.0007192 seconds
[2019-12-09T03:15:03.312+0000][1][safepoint    ] Entering safepoint region: Cleanup
[2019-12-09T03:15:03.312+0000][1][safepoint    ] Leaving safepoint region
[2019-12-09T03:15:03.312+0000][1][safepoint    ] Total time for which application threads were stopped: 0.0001129 seconds, Stopping threads took: 0.0000271 seconds
[2019-12-09T03:15:07.312+0000][1][safepoint    ] Application time: 4.0002856 seconds
[2019-12-09T03:15:07.312+0000][1][safepoint    ] Entering safepoint region: Cleanup
[2019-12-09T03:15:07.312+0000][1][safepoint    ] Leaving safepoint region
[2019-12-09T03:15:07.312+0000][1][safepoint    ] Total time for which application threads were stopped: 0.0001216 seconds, Stopping threads took: 0.0000260 seconds
[2019-12-09T03:15:11.312+0000][1][safepoint    ] Application time: 4.0002855 seconds
[2019-12-09T03:15:11.312+0000][1][safepoint    ] Entering safepoint region: Cleanup
[2019-12-09T03:15:11.313+0000][1][safepoint    ] Leaving safepoint region
[2019-12-09T03:15:11.313+0000][1][safepoint    ] Total time for which application threads were stopped: 0.0000906 seconds, Stopping threads took: 0.0000184 seconds
[2019-12-09T03:15:13.313+0000][1][safepoint    ] Application time: 2.0001283 seconds
[2019-12-09T03:15:13.313+0000][1][safepoint    ] Entering safepoint region: Cleanup
[2019-12-09T03:15:13.313+0000][1][safepoint    ] Leaving safepoint region
[2019-12-09T03:15:13.313+0000][1][safepoint    ] Total time for which application threads were stopped: 0.0001132 seconds, Stopping threads took: 0.0000234 seconds
[2019-12-09T03:15:14.313+0000][1][safepoint    ] Application time: 1.0000747 seconds
[2019-12-09T03:15:14.313+0000][1][safepoint    ] Entering safepoint region: Cleanup
[2019-12-09T03:15:14.313+0000][1][safepoint    ] Leaving safepoint region
[2019-12-09T03:15:14.313+0000][1][safepoint    ] Total time for which application threads were stopped: 0.0000942 seconds, Stopping threads took: 0.0000209 seconds
[2019-12-09T03:15:27.314+0000][1][safepoint    ] Application time: 13.0008785 seconds
[2019-12-09T03:15:27.314+0000][1][safepoint    ] Entering safepoint region: Cleanup
[2019-12-09T03:15:27.314+0000][1][safepoint    ] Leaving safepoint region
[2019-12-09T03:15:27.314+0000][1][safepoint    ] Total time for which application threads were stopped: 0.0000867 seconds, Stopping threads took: 0.0000179 seconds
[2019-12-09T03:15:32.314+0000][1][safepoint    ] Application time: 5.0003431 seconds
[2019-12-09T03:15:32.314+0000][1][safepoint    ] Entering safepoint region: Cleanup
[2019-12-09T03:15:32.315+0000][1][safepoint    ] Leaving safepoint region
[2019-12-09T03:15:32.315+0000][1][safepoint    ] Total time for which application threads were stopped: 0.0000933 seconds, Stopping threads took: 0.0000251 seconds
[2019-12-09T03:15:39.315+0000][1][safepoint    ] Application time: 7.0004710 seconds
[2019-12-09T03:15:39.315+0000][1][safepoint    ] Entering safepoint region: Cleanup
[2019-12-09T03:15:39.315+0000][1][safepoint    ] Leaving safepoint region
[2019-12-09T03:15:39.315+0000][1][safepoint    ] Total time for which application threads were stopped: 0.0000943 seconds, Stopping threads took: 0.0000196 seconds
[2019-12-09T03:15:40.315+0000][1][safepoint    ] Application time: 1.0000766 seconds
[2019-12-09T03:15:40.315+0000][1][safepoint    ] Entering safepoint region: Cleanup
[2019-12-09T03:15:40.315+0000][1][safepoint    ] Leaving safepoint region
[2019-12-09T03:15:40.315+0000][1][safepoint    ] Total time for which application threads were stopped: 0.0000879 seconds, Stopping threads took: 0.0000183 seconds
[2019-12-09T03:15:43.316+0000][1][safepoint    ] Application time: 3.0002056 seconds
[2019-12-09T03:15:43.316+0000][1][safepoint    ] Entering safepoint region: Cleanup
[2019-12-09T03:15:43.316+0000][1][safepoint    ] Leaving safepoint region
[2019-12-09T03:15:43.316+0000][1][safepoint    ] Total time for which application threads were stopped: 0.0000970 seconds, Stopping threads took: 0.0000155 seconds
[2019-12-09T03:15:53.318+0000][1][safepoint    ] Application time: 10.0018033 seconds
[2019-12-09T03:15:53.318+0000][1][safepoint    ] Entering safepoint region: Cleanup
[2019-12-09T03:15:53.318+0000][1][safepoint    ] Leaving safepoint region
[2019-12-09T03:15:53.318+0000][1][safepoint    ] Total time for which application threads were stopped: 0.0000835 seconds, Stopping threads took: 0.0000168 seconds
[2019-12-09T03:15:59.756+0000][1][safepoint    ] Application time: 6.4380399 seconds
[2019-12-09T03:15:59.756+0000][1][safepoint    ] Entering safepoint region: GenCollectForAllocation
[2019-12-09T03:15:59.756+0000][1][gc,start     ] GC(32) Pause Young (Allocation Failure)
[2019-12-09T03:15:59.756+0000][1][gc,task      ] GC(32) Using 2 workers of 2 for evacuation
[2019-12-09T03:15:59.758+0000][1][gc,age       ] GC(32) Desired survivor size 4456448 bytes, new threshold 6 (max threshold 6)
[2019-12-09T03:15:59.758+0000][1][gc,age       ] GC(32) Age table with threshold 6 (max threshold 6)
[2019-12-09T03:15:59.758+0000][1][gc,age       ] GC(32) - age   1:      74336 bytes,      74336 total
[2019-12-09T03:15:59.758+0000][1][gc,age       ] GC(32) - age   2:       2856 bytes,      77192 total
[2019-12-09T03:15:59.758+0000][1][gc,age       ] GC(32) - age   3:       5840 bytes,      83032 total
[2019-12-09T03:15:59.758+0000][1][gc,age       ] GC(32) - age   4:       7168 bytes,      90200 total
[2019-12-09T03:15:59.758+0000][1][gc,age       ] GC(32) - age   5:       8608 bytes,      98808 total
[2019-12-09T03:15:59.758+0000][1][gc,age       ] GC(32) - age   6:       7616 bytes,     106424 total
[2019-12-09T03:15:59.758+0000][1][gc,heap      ] GC(32) ParNew: 70633K->190K(78656K)
[2019-12-09T03:15:59.758+0000][1][gc,heap      ] GC(32) CMS: 69616K->69621K(174784K)
[2019-12-09T03:15:59.758+0000][1][gc,metaspace ] GC(32) Metaspace: 70983K->70983K(1114112K)
[2019-12-09T03:15:59.758+0000][1][gc           ] GC(32) Pause Young (Allocation Failure) 136M->68M(247M) 1.945ms
[2019-12-09T03:15:59.758+0000][1][gc,cpu       ] GC(32) User=0.00s Sys=0.00s Real=0.00s
[2019-12-09T03:15:59.758+0000][1][safepoint    ] Leaving safepoint region
[2019-12-09T03:15:59.758+0000][1][safepoint    ] Total time for which application threads were stopped: 0.0021162 seconds, Stopping threads took: 0.0000291 seconds
[2019-12-09T03:16:00.758+0000][1][safepoint    ] Application time: 1.0000848 seconds
[2019-12-09T03:16:00.758+0000][1][safepoint    ] Entering safepoint region: Cleanup
[2019-12-09T03:16:00.758+0000][1][safepoint    ] Leaving safepoint region
[2019-12-09T03:16:00.758+0000][1][safepoint    ] Total time for which application threads were stopped: 0.0000956 seconds, Stopping threads took: 0.0000199 seconds
[2019-12-09T03:16:05.758+0000][1][safepoint    ] Application time: 5.0003456 seconds
[2019-12-09T03:16:05.758+0000][1][safepoint    ] Entering safepoint region: Cleanup
[2019-12-09T03:16:05.759+0000][1][safepoint    ] Leaving safepoint region
[2019-12-09T03:16:05.759+0000][1][safepoint    ] Total time for which application threads were stopped: 0.0000907 seconds, Stopping threads took: 0.0000185 seconds
[2019-12-09T03:16:06.759+0000][1][safepoint    ] Application time: 1.0000758 seconds
[2019-12-09T03:16:06.759+0000][1][safepoint    ] Entering safepoint region: Cleanup
[2019-12-09T03:16:06.759+0000][1][safepoint    ] Leaving safepoint region
[2019-12-09T03:16:06.759+0000][1][safepoint    ] Total time for which application threads were stopped: 0.0000982 seconds, Stopping threads took: 0.0000304 seconds
[2019-12-09T03:16:07.759+0000][1][safepoint    ] Application time: 1.0000763 seconds
[2019-12-09T03:16:07.759+0000][1][safepoint    ] Entering safepoint region: Cleanup
[2019-12-09T03:16:07.759+0000][1][safepoint    ] Leaving safepoint region
[2019-12-09T03:16:07.759+0000][1][safepoint    ] Total time for which application threads were stopped: 0.0000856 seconds, Stopping threads took: 0.0000178 seconds
[2019-12-09T03:16:13.759+0000][1][safepoint    ] Application time: 6.0004061 seconds
[2019-12-09T03:16:13.759+0000][1][safepoint    ] Entering safepoint region: Cleanup
[2019-12-09T03:16:13.759+0000][1][safepoint    ] Leaving safepoint region
[2019-12-09T03:16:13.760+0000][1][safepoint    ] Total time for which application threads were stopped: 0.0000882 seconds, Stopping threads took: 0.0000178 seconds
[2019-12-09T03:16:20.760+0000][1][safepoint    ] Application time: 7.0004704 seconds
[2019-12-09T03:16:20.760+0000][1][safepoint    ] Entering safepoint region: Cleanup
[2019-12-09T03:16:20.760+0000][1][safepoint    ] Leaving safepoint region
[2019-12-09T03:16:20.760+0000][1][safepoint    ] Total time for which application threads were stopped: 0.0000892 seconds, Stopping threads took: 0.0000197 seconds
[2019-12-09T03:16:33.761+0000][1][safepoint    ] Application time: 13.0008669 seconds
[2019-12-09T03:16:33.761+0000][1][safepoint    ] Entering safepoint region: Cleanup
[2019-12-09T03:16:33.761+0000][1][safepoint    ] Leaving safepoint region
[2019-12-09T03:16:33.761+0000][1][safepoint    ] Total time for which application threads were stopped: 0.0000974 seconds, Stopping threads took: 0.0000271 seconds
[2019-12-09T03:16:39.762+0000][1][safepoint    ] Application time: 6.0004067 seconds
[2019-12-09T03:16:39.762+0000][1][safepoint    ] Entering safepoint region: Cleanup
[2019-12-09T03:16:39.762+0000][1][safepoint    ] Leaving safepoint region
[2019-12-09T03:16:39.762+0000][1][safepoint    ] Total time for which application threads were stopped: 0.0000912 seconds, Stopping threads took: 0.0000199 seconds
[2019-12-09T03:16:40.762+0000][1][safepoint    ] Application time: 1.0000834 seconds
[2019-12-09T03:16:40.762+0000][1][safepoint    ] Entering safepoint region: Cleanup
[2019-12-09T03:16:40.762+0000][1][safepoint    ] Leaving safepoint region
[2019-12-09T03:16:40.762+0000][1][safepoint    ] Total time for which application threads were stopped: 0.0000873 seconds, Stopping threads took: 0.0000182 seconds
[2019-12-09T03:16:43.762+0000][1][safepoint    ] Application time: 3.0002121 seconds
[2019-12-09T03:16:43.762+0000][1][safepoint    ] Entering safepoint region: Cleanup
[2019-12-09T03:16:43.762+0000][1][safepoint    ] Leaving safepoint region
[2019-12-09T03:16:43.762+0000][1][safepoint    ] Total time for which application threads were stopped: 0.0000885 seconds, Stopping threads took: 0.0000191 seconds
[2019-12-09T03:16:44.762+0000][1][safepoint    ] Application time: 1.0000751 seconds
[2019-12-09T03:16:44.762+0000][1][safepoint    ] Entering safepoint region: Cleanup
[2019-12-09T03:16:44.762+0000][1][safepoint    ] Leaving safepoint region
[2019-12-09T03:16:44.762+0000][1][safepoint    ] Total time for which application threads were stopped: 0.0000860 seconds, Stopping threads took: 0.0000187 seconds
[2019-12-09T03:16:45.763+0000][1][safepoint    ] Application time: 1.0000763 seconds
[2019-12-09T03:16:45.763+0000][1][safepoint    ] Entering safepoint region: Cleanup
[2019-12-09T03:16:45.763+0000][1][safepoint    ] Leaving safepoint region
[2019-12-09T03:16:45.763+0000][1][safepoint    ] Total time for which application threads were stopped: 0.0000886 seconds, Stopping threads took: 0.0000191 seconds
[2019-12-09T03:16:47.763+0000][1][safepoint    ] Application time: 2.0001440 seconds
[2019-12-09T03:16:47.763+0000][1][safepoint    ] Entering safepoint region: Cleanup
[2019-12-09T03:16:47.763+0000][1][safepoint    ] Leaving safepoint region
[2019-12-09T03:16:47.763+0000][1][safepoint    ] Total time for which application threads were stopped: 0.0000904 seconds, Stopping threads took: 0.0000197 seconds
[2019-12-09T03:16:53.763+0000][1][safepoint    ] Application time: 6.0004109 seconds
[2019-12-09T03:16:53.763+0000][1][safepoint    ] Entering safepoint region: Cleanup
[2019-12-09T03:16:53.763+0000][1][safepoint    ] Leaving safepoint region
[2019-12-09T03:16:53.763+0000][1][safepoint    ] Total time for which application threads were stopped: 0.0000962 seconds, Stopping threads took: 0.0000182 seconds
[2019-12-09T03:16:55.764+0000][1][safepoint    ] Application time: 2.0001416 seconds
[2019-12-09T03:16:55.764+0000][1][safepoint    ] Entering safepoint region: Cleanup
[2019-12-09T03:16:55.764+0000][1][safepoint    ] Leaving safepoint region
[2019-12-09T03:16:55.764+0000][1][safepoint    ] Total time for which application threads were stopped: 0.0001009 seconds, Stopping threads took: 0.0000184 seconds
[2019-12-09T03:17:00.764+0000][1][safepoint    ] Application time: 5.0003366 seconds
[2019-12-09T03:17:00.764+0000][1][safepoint    ] Entering safepoint region: Cleanup
[2019-12-09T03:17:00.764+0000][1][safepoint    ] Leaving safepoint region
[2019-12-09T03:17:00.764+0000][1][safepoint    ] Total time for which application threads were stopped: 0.0000987 seconds, Stopping threads took: 0.0000278 seconds
[2019-12-09T03:17:03.764+0000][1][safepoint    ] Application time: 3.0002424 seconds
[2019-12-09T03:17:03.765+0000][1][safepoint    ] Entering safepoint region: Cleanup
[2019-12-09T03:17:03.765+0000][1][safepoint    ] Leaving safepoint region
[2019-12-09T03:17:03.765+0000][1][safepoint    ] Total time for which application threads were stopped: 0.0000987 seconds, Stopping threads took: 0.0000189 seconds
[2019-12-09T03:17:06.765+0000][1][safepoint    ] Application time: 3.0002071 seconds
[2019-12-09T03:17:06.765+0000][1][safepoint    ] Entering safepoint region: Cleanup
[2019-12-09T03:17:06.765+0000][1][safepoint    ] Leaving safepoint region
[2019-12-09T03:17:06.765+0000][1][safepoint    ] Total time for which application threads were stopped: 0.0000913 seconds, Stopping threads took: 0.0000175 seconds
[2019-12-09T03:17:07.959+0000][1][safepoint    ] Application time: 1.1941670 seconds
[2019-12-09T03:17:07.959+0000][1][safepoint    ] Entering safepoint region: GenCollectForAllocation
[2019-12-09T03:17:07.959+0000][1][gc,start     ] GC(33) Pause Young (Allocation Failure)
[2019-12-09T03:17:07.959+0000][1][gc,task      ] GC(33) Using 2 workers of 2 for evacuation
[2019-12-09T03:17:07.961+0000][1][gc,age       ] GC(33) Desired survivor size 4456448 bytes, new threshold 6 (max threshold 6)
[2019-12-09T03:17:07.961+0000][1][gc,age       ] GC(33) Age table with threshold 6 (max threshold 6)
[2019-12-09T03:17:07.961+0000][1][gc,age       ] GC(33) - age   1:      76352 bytes,      76352 total
[2019-12-09T03:17:07.961+0000][1][gc,age       ] GC(33) - age   2:        712 bytes,      77064 total
[2019-12-09T03:17:07.961+0000][1][gc,age       ] GC(33) - age   3:       2760 bytes,      79824 total
[2019-12-09T03:17:07.961+0000][1][gc,age       ] GC(33) - age   4:       5752 bytes,      85576 total
[2019-12-09T03:17:07.961+0000][1][gc,age       ] GC(33) - age   5:       7168 bytes,      92744 total
[2019-12-09T03:17:07.961+0000][1][gc,age       ] GC(33) - age   6:       8608 bytes,     101352 total
[2019-12-09T03:17:07.961+0000][1][gc,heap      ] GC(33) ParNew: 70104K->150K(78656K)
[2019-12-09T03:17:07.961+0000][1][gc,heap      ] GC(33) CMS: 69621K->69628K(174784K)
[2019-12-09T03:17:07.961+0000][1][gc,metaspace ] GC(33) Metaspace: 71011K->71011K(1114112K)
[2019-12-09T03:17:07.961+0000][1][gc           ] GC(33) Pause Young (Allocation Failure) 136M->68M(247M) 1.867ms
[2019-12-09T03:17:07.961+0000][1][gc,cpu       ] GC(33) User=0.00s Sys=0.00s Real=0.00s
[2019-12-09T03:17:07.961+0000][1][safepoint    ] Leaving safepoint region
[2019-12-09T03:17:07.961+0000][1][safepoint    ] Total time for which application threads were stopped: 0.0020192 seconds, Stopping threads took: 0.0000184 seconds
[2019-12-09T03:17:09.961+0000][1][safepoint    ] Application time: 2.0001551 seconds
[2019-12-09T03:17:09.961+0000][1][safepoint    ] Entering safepoint region: Cleanup
[2019-12-09T03:17:09.961+0000][1][safepoint    ] Leaving safepoint region
[2019-12-09T03:17:09.961+0000][1][safepoint    ] Total time for which application threads were stopped: 0.0000815 seconds, Stopping threads took: 0.0000159 seconds
[2019-12-09T03:17:13.962+0000][1][safepoint    ] Application time: 4.0002736 seconds
[2019-12-09T03:17:13.962+0000][1][safepoint    ] Entering safepoint region: Cleanup
[2019-12-09T03:17:13.962+0000][1][safepoint    ] Leaving safepoint region
[2019-12-09T03:17:13.962+0000][1][safepoint    ] Total time for which application threads were stopped: 0.0000853 seconds, Stopping threads took: 0.0000169 seconds
[2019-12-09T03:17:15.962+0000][1][safepoint    ] Application time: 2.0001372 seconds
[2019-12-09T03:17:15.962+0000][1][safepoint    ] Entering safepoint region: Cleanup
[2019-12-09T03:17:15.962+0000][1][safepoint    ] Leaving safepoint region
[2019-12-09T03:17:15.962+0000][1][safepoint    ] Total time for which application threads were stopped: 0.0000900 seconds, Stopping threads took: 0.0000155 seconds
[2019-12-09T03:17:18.962+0000][1][safepoint    ] Application time: 3.0002194 seconds
[2019-12-09T03:17:18.962+0000][1][safepoint    ] Entering safepoint region: Cleanup
[2019-12-09T03:17:18.962+0000][1][safepoint    ] Leaving safepoint region
[2019-12-09T03:17:18.962+0000][1][safepoint    ] Total time for which application threads were stopped: 0.0000853 seconds, Stopping threads took: 0.0000211 seconds
[2019-12-09T03:17:19.963+0000][1][safepoint    ] Application time: 1.0000852 seconds
[2019-12-09T03:17:19.963+0000][1][safepoint    ] Entering safepoint region: Cleanup
[2019-12-09T03:17:19.963+0000][1][safepoint    ] Leaving safepoint region
[2019-12-09T03:17:19.963+0000][1][safepoint    ] Total time for which application threads were stopped: 0.0000971 seconds, Stopping threads took: 0.0000193 seconds
[2019-12-09T03:17:23.963+0000][1][safepoint    ] Application time: 4.0002943 seconds
[2019-12-09T03:17:23.963+0000][1][safepoint    ] Entering safepoint region: Cleanup
[2019-12-09T03:17:23.963+0000][1][safepoint    ] Leaving safepoint region
[2019-12-09T03:17:23.963+0000][1][safepoint    ] Total time for which application threads were stopped: 0.0001103 seconds, Stopping threads took: 0.0000222 seconds
[2019-12-09T03:17:30.964+0000][1][safepoint    ] Application time: 7.0005188 seconds
[2019-12-09T03:17:30.964+0000][1][safepoint    ] Entering safepoint region: Cleanup
[2019-12-09T03:17:30.964+0000][1][safepoint    ] Leaving safepoint region
[2019-12-09T03:17:30.964+0000][1][safepoint    ] Total time for which application threads were stopped: 0.0000932 seconds, Stopping threads took: 0.0000259 seconds
[2019-12-09T03:17:33.964+0000][1][safepoint    ] Application time: 3.0002140 seconds
[2019-12-09T03:17:33.964+0000][1][safepoint    ] Entering safepoint region: Cleanup
[2019-12-09T03:17:33.964+0000][1][safepoint    ] Leaving safepoint region
[2019-12-09T03:17:33.964+0000][1][safepoint    ] Total time for which application threads were stopped: 0.0000938 seconds, Stopping threads took: 0.0000170 seconds
[2019-12-09T03:17:34.964+0000][1][safepoint    ] Application time: 1.0001253 seconds
[2019-12-09T03:17:34.964+0000][1][safepoint    ] Entering safepoint region: Cleanup
[2019-12-09T03:17:34.964+0000][1][safepoint    ] Leaving safepoint region
[2019-12-09T03:17:34.964+0000][1][safepoint    ] Total time for which application threads were stopped: 0.0001114 seconds, Stopping threads took: 0.0000228 seconds
[2019-12-09T03:17:35.965+0000][1][safepoint    ] Application time: 1.0000751 seconds
[2019-12-09T03:17:35.965+0000][1][safepoint    ] Entering safepoint region: Cleanup
[2019-12-09T03:17:35.965+0000][1][safepoint    ] Leaving safepoint region
[2019-12-09T03:17:35.965+0000][1][safepoint    ] Total time for which application threads were stopped: 0.0000886 seconds, Stopping threads took: 0.0000183 seconds
[2019-12-09T03:17:36.965+0000][1][safepoint    ] Application time: 1.0000707 seconds
[2019-12-09T03:17:36.965+0000][1][safepoint    ] Entering safepoint region: Cleanup
[2019-12-09T03:17:36.965+0000][1][safepoint    ] Leaving safepoint region
[2019-12-09T03:17:36.965+0000][1][safepoint    ] Total time for which application threads were stopped: 0.0000890 seconds, Stopping threads took: 0.0000169 seconds
[2019-12-09T03:17:39.965+0000][1][safepoint    ] Application time: 3.0002053 seconds
[2019-12-09T03:17:39.965+0000][1][safepoint    ] Entering safepoint region: Cleanup
[2019-12-09T03:17:39.965+0000][1][safepoint    ] Leaving safepoint region
[2019-12-09T03:17:39.965+0000][1][safepoint    ] Total time for which application threads were stopped: 0.0000911 seconds, Stopping threads took: 0.0000191 seconds
[2019-12-09T03:17:40.965+0000][1][safepoint    ] Application time: 1.0000742 seconds
[2019-12-09T03:17:40.965+0000][1][safepoint    ] Entering safepoint region: Cleanup
[2019-12-09T03:17:40.965+0000][1][safepoint    ] Leaving safepoint region
[2019-12-09T03:17:40.965+0000][1][safepoint    ] Total time for which application threads were stopped: 0.0000931 seconds, Stopping threads took: 0.0000170 seconds
[2019-12-09T03:17:41.966+0000][1][safepoint    ] Application time: 1.0000735 seconds
[2019-12-09T03:17:41.966+0000][1][safepoint    ] Entering safepoint region: Cleanup
[2019-12-09T03:17:41.966+0000][1][safepoint    ] Leaving safepoint region
[2019-12-09T03:17:41.966+0000][1][safepoint    ] Total time for which application threads were stopped: 0.0000883 seconds, Stopping threads took: 0.0000193 seconds
[2019-12-09T03:17:43.966+0000][1][safepoint    ] Application time: 2.0001386 seconds
[2019-12-09T03:17:43.966+0000][1][safepoint    ] Entering safepoint region: Cleanup
[2019-12-09T03:17:43.966+0000][1][safepoint    ] Leaving safepoint region
[2019-12-09T03:17:43.966+0000][1][safepoint    ] Total time for which application threads were stopped: 0.0000911 seconds, Stopping threads took: 0.0000211 seconds
[2019-12-09T03:17:52.967+0000][1][safepoint    ] Application time: 9.0006119 seconds
[2019-12-09T03:17:52.967+0000][1][safepoint    ] Entering safepoint region: Cleanup
[2019-12-09T03:17:52.967+0000][1][safepoint    ] Leaving safepoint region
[2019-12-09T03:17:52.967+0000][1][safepoint    ] Total time for which application threads were stopped: 0.0000909 seconds, Stopping threads took: 0.0000189 seconds
[2019-12-09T03:17:55.967+0000][1][safepoint    ] Application time: 3.0002146 seconds
[2019-12-09T03:17:55.967+0000][1][safepoint    ] Entering safepoint region: Cleanup
[2019-12-09T03:17:55.967+0000][1][safepoint    ] Leaving safepoint region
[2019-12-09T03:17:55.967+0000][1][safepoint    ] Total time for which application threads were stopped: 0.0000832 seconds, Stopping threads took: 0.0000170 seconds
[2019-12-09T03:17:56.967+0000][1][safepoint    ] Application time: 1.0000755 seconds
[2019-12-09T03:17:56.967+0000][1][safepoint    ] Entering safepoint region: Cleanup
[2019-12-09T03:17:56.967+0000][1][safepoint    ] Leaving safepoint region
[2019-12-09T03:17:56.967+0000][1][safepoint    ] Total time for which application threads were stopped: 0.0000907 seconds, Stopping threads took: 0.0000183 seconds
[2019-12-09T03:18:00.967+0000][1][safepoint    ] Application time: 4.0002687 seconds
[2019-12-09T03:18:00.968+0000][1][safepoint    ] Entering safepoint region: Cleanup
[2019-12-09T03:18:00.968+0000][1][safepoint    ] Leaving safepoint region
[2019-12-09T03:18:00.968+0000][1][safepoint    ] Total time for which application threads were stopped: 0.0000989 seconds, Stopping threads took: 0.0000223 seconds
[2019-12-09T03:18:01.968+0000][1][safepoint    ] Application time: 1.0000901 seconds
[2019-12-09T03:18:01.968+0000][1][safepoint    ] Entering safepoint region: Cleanup
[2019-12-09T03:18:01.968+0000][1][safepoint    ] Leaving safepoint region
[2019-12-09T03:18:01.968+0000][1][safepoint    ] Total time for which application threads were stopped: 0.0001151 seconds, Stopping threads took: 0.0000243 seconds
[2019-12-09T03:18:03.968+0000][1][safepoint    ] Application time: 2.0001413 seconds
[2019-12-09T03:18:03.968+0000][1][safepoint    ] Entering safepoint region: Cleanup
[2019-12-09T03:18:03.968+0000][1][safepoint    ] Leaving safepoint region
[2019-12-09T03:18:03.968+0000][1][safepoint    ] Total time for which application threads were stopped: 0.0000854 seconds, Stopping threads took: 0.0000163 seconds
[2019-12-09T03:18:06.968+0000][1][safepoint    ] Application time: 3.0002010 seconds
[2019-12-09T03:18:06.968+0000][1][safepoint    ] Entering safepoint region: Cleanup
[2019-12-09T03:18:06.968+0000][1][safepoint    ] Leaving safepoint region
[2019-12-09T03:18:06.968+0000][1][safepoint    ] Total time for which application threads were stopped: 0.0000858 seconds, Stopping threads took: 0.0000178 seconds
[2019-12-09T03:18:08.969+0000][1][safepoint    ] Application time: 2.0001420 seconds
[2019-12-09T03:18:08.969+0000][1][safepoint    ] Entering safepoint region: Cleanup
[2019-12-09T03:18:08.969+0000][1][safepoint    ] Leaving safepoint region
[2019-12-09T03:18:08.969+0000][1][safepoint    ] Total time for which application threads were stopped: 0.0001121 seconds, Stopping threads took: 0.0000172 seconds
[2019-12-09T03:18:09.969+0000][1][safepoint    ] Application time: 1.0000747 seconds
[2019-12-09T03:18:09.969+0000][1][safepoint    ] Entering safepoint region: Cleanup
[2019-12-09T03:18:09.969+0000][1][safepoint    ] Leaving safepoint region
[2019-12-09T03:18:09.969+0000][1][safepoint    ] Total time for which application threads were stopped: 0.0000856 seconds, Stopping threads took: 0.0000170 seconds
[2019-12-09T03:18:10.969+0000][1][safepoint    ] Application time: 1.0000748 seconds
[2019-12-09T03:18:10.969+0000][1][safepoint    ] Entering safepoint region: Cleanup
[2019-12-09T03:18:10.969+0000][1][safepoint    ] Leaving safepoint region
[2019-12-09T03:18:10.969+0000][1][safepoint    ] Total time for which application threads were stopped: 0.0000866 seconds, Stopping threads took: 0.0000165 seconds
[2019-12-09T03:18:13.969+0000][1][safepoint    ] Application time: 3.0002057 seconds
[2019-12-09T03:18:13.969+0000][1][safepoint    ] Entering safepoint region: Cleanup
[2019-12-09T03:18:13.969+0000][1][safepoint    ] Leaving safepoint region
[2019-12-09T03:18:13.969+0000][1][safepoint    ] Total time for which application threads were stopped: 0.0000909 seconds, Stopping threads took: 0.0000179 seconds
[2019-12-09T03:18:17.486+0000][1][safepoint    ] Application time: 3.5167838 seconds
[2019-12-09T03:18:17.486+0000][1][safepoint    ] Entering safepoint region: GenCollectForAllocation
[2019-12-09T03:18:17.486+0000][1][gc,start     ] GC(34) Pause Young (Allocation Failure)
[2019-12-09T03:18:17.486+0000][1][gc,task      ] GC(34) Using 2 workers of 2 for evacuation
[2019-12-09T03:18:17.488+0000][1][gc,age       ] GC(34) Desired survivor size 4456448 bytes, new threshold 6 (max threshold 6)
[2019-12-09T03:18:17.488+0000][1][gc,age       ] GC(34) Age table with threshold 6 (max threshold 6)
[2019-12-09T03:18:17.488+0000][1][gc,age       ] GC(34) - age   1:      78328 bytes,      78328 total
[2019-12-09T03:18:17.488+0000][1][gc,age       ] GC(34) - age   2:       2464 bytes,      80792 total
[2019-12-09T03:18:17.488+0000][1][gc,age       ] GC(34) - age   3:        616 bytes,      81408 total
[2019-12-09T03:18:17.488+0000][1][gc,age       ] GC(34) - age   4:       2760 bytes,      84168 total
[2019-12-09T03:18:17.488+0000][1][gc,age       ] GC(34) - age   5:       5752 bytes,      89920 total
[2019-12-09T03:18:17.488+0000][1][gc,age       ] GC(34) - age   6:       7168 bytes,      97088 total
[2019-12-09T03:18:17.488+0000][1][gc,heap      ] GC(34) ParNew: 70040K->98K(78656K)
[2019-12-09T03:18:17.488+0000][1][gc,heap      ] GC(34) CMS: 69628K->69637K(174784K)
[2019-12-09T03:18:17.488+0000][1][gc,metaspace ] GC(34) Metaspace: 71040K->71040K(1114112K)
[2019-12-09T03:18:17.488+0000][1][gc           ] GC(34) Pause Young (Allocation Failure) 136M->68M(247M) 1.879ms
[2019-12-09T03:18:17.488+0000][1][gc,cpu       ] GC(34) User=0.00s Sys=0.00s Real=0.00s
[2019-12-09T03:18:17.488+0000][1][safepoint    ] Leaving safepoint region
[2019-12-09T03:18:17.488+0000][1][safepoint    ] Total time for which application threads were stopped: 0.0020268 seconds, Stopping threads took: 0.0000179 seconds
[2019-12-09T03:18:21.489+0000][1][safepoint    ] Application time: 4.0002829 seconds
[2019-12-09T03:18:21.489+0000][1][safepoint    ] Entering safepoint region: Cleanup
[2019-12-09T03:18:21.489+0000][1][safepoint    ] Leaving safepoint region
[2019-12-09T03:18:21.489+0000][1][safepoint    ] Total time for which application threads were stopped: 0.0000911 seconds, Stopping threads took: 0.0000173 seconds
[2019-12-09T03:18:29.489+0000][1][safepoint    ] Application time: 8.0005206 seconds
[2019-12-09T03:18:29.489+0000][1][safepoint    ] Entering safepoint region: Cleanup
[2019-12-09T03:18:29.489+0000][1][safepoint    ] Leaving safepoint region
[2019-12-09T03:18:29.489+0000][1][safepoint    ] Total time for which application threads were stopped: 0.0000865 seconds, Stopping threads took: 0.0000182 seconds
[2019-12-09T03:18:36.490+0000][1][safepoint    ] Application time: 7.0004876 seconds
[2019-12-09T03:18:36.490+0000][1][safepoint    ] Entering safepoint region: Cleanup
[2019-12-09T03:18:36.490+0000][1][safepoint    ] Leaving safepoint region
[2019-12-09T03:18:36.490+0000][1][safepoint    ] Total time for which application threads were stopped: 0.0000948 seconds, Stopping threads took: 0.0000271 seconds
[2019-12-09T03:18:37.490+0000][1][safepoint    ] Application time: 1.0000747 seconds
[2019-12-09T03:18:37.490+0000][1][safepoint    ] Entering safepoint region: Cleanup
[2019-12-09T03:18:37.490+0000][1][safepoint    ] Leaving safepoint region
[2019-12-09T03:18:37.490+0000][1][safepoint    ] Total time for which application threads were stopped: 0.0000886 seconds, Stopping threads took: 0.0000197 seconds
[2019-12-09T03:18:40.490+0000][1][safepoint    ] Application time: 3.0002054 seconds
[2019-12-09T03:18:40.490+0000][1][safepoint    ] Entering safepoint region: Cleanup
[2019-12-09T03:18:40.491+0000][1][safepoint    ] Leaving safepoint region
[2019-12-09T03:18:40.491+0000][1][safepoint    ] Total time for which application threads were stopped: 0.0000778 seconds, Stopping threads took: 0.0000159 seconds
[2019-12-09T03:18:41.491+0000][1][safepoint    ] Application time: 1.0000741 seconds
[2019-12-09T03:18:41.491+0000][1][safepoint    ] Entering safepoint region: Cleanup
[2019-12-09T03:18:41.491+0000][1][safepoint    ] Leaving safepoint region
[2019-12-09T03:18:41.491+0000][1][safepoint    ] Total time for which application threads were stopped: 0.0000921 seconds, Stopping threads took: 0.0000173 seconds
[2019-12-09T03:18:53.492+0000][1][safepoint    ] Application time: 12.0008065 seconds
[2019-12-09T03:18:53.492+0000][1][safepoint    ] Entering safepoint region: Cleanup
[2019-12-09T03:18:53.492+0000][1][safepoint    ] Leaving safepoint region
[2019-12-09T03:18:53.492+0000][1][safepoint    ] Total time for which application threads were stopped: 0.0001446 seconds, Stopping threads took: 0.0000290 seconds
[2019-12-09T03:18:57.492+0000][1][safepoint    ] Application time: 4.0002723 seconds
[2019-12-09T03:18:57.492+0000][1][safepoint    ] Entering safepoint region: Cleanup
[2019-12-09T03:18:57.492+0000][1][safepoint    ] Leaving safepoint region
[2019-12-09T03:18:57.492+0000][1][safepoint    ] Total time for which application threads were stopped: 0.0000835 seconds, Stopping threads took: 0.0000185 seconds
[2019-12-09T03:19:03.493+0000][1][safepoint    ] Application time: 6.0004068 seconds
[2019-12-09T03:19:03.493+0000][1][safepoint    ] Entering safepoint region: Cleanup
[2019-12-09T03:19:03.493+0000][1][safepoint    ] Leaving safepoint region
[2019-12-09T03:19:03.493+0000][1][safepoint    ] Total time for which application threads were stopped: 0.0001076 seconds, Stopping threads took: 0.0000291 seconds
[2019-12-09T03:19:13.493+0000][1][safepoint    ] Application time: 10.0006756 seconds
[2019-12-09T03:19:13.493+0000][1][safepoint    ] Entering safepoint region: Cleanup
[2019-12-09T03:19:13.493+0000][1][safepoint    ] Leaving safepoint region
[2019-12-09T03:19:13.493+0000][1][safepoint    ] Total time for which application threads were stopped: 0.0000819 seconds, Stopping threads took: 0.0000184 seconds
[2019-12-09T03:19:27.901+0000][1][safepoint    ] Application time: 14.4073458 seconds
[2019-12-09T03:19:27.901+0000][1][safepoint    ] Entering safepoint region: GenCollectForAllocation
[2019-12-09T03:19:27.901+0000][1][gc,start     ] GC(35) Pause Young (Allocation Failure)
[2019-12-09T03:19:27.901+0000][1][gc,task      ] GC(35) Using 2 workers of 2 for evacuation
[2019-12-09T03:19:27.903+0000][1][gc,age       ] GC(35) Desired survivor size 4456448 bytes, new threshold 6 (max threshold 6)
[2019-12-09T03:19:27.903+0000][1][gc,age       ] GC(35) Age table with threshold 6 (max threshold 6)
[2019-12-09T03:19:27.903+0000][1][gc,age       ] GC(35) - age   1:      73800 bytes,      73800 total
[2019-12-09T03:19:27.903+0000][1][gc,age       ] GC(35) - age   2:       4368 bytes,      78168 total
[2019-12-09T03:19:27.903+0000][1][gc,age       ] GC(35) - age   3:       2464 bytes,      80632 total
[2019-12-09T03:19:27.903+0000][1][gc,age       ] GC(35) - age   4:        616 bytes,      81248 total
[2019-12-09T03:19:27.903+0000][1][gc,age       ] GC(35) - age   5:       2760 bytes,      84008 total
[2019-12-09T03:19:27.903+0000][1][gc,age       ] GC(35) - age   6:       5752 bytes,      89760 total
[2019-12-09T03:19:27.903+0000][1][gc,heap      ] GC(35) ParNew: 70024K->95K(78656K)
[2019-12-09T03:19:27.903+0000][1][gc,heap      ] GC(35) CMS: 69637K->69644K(174784K)
[2019-12-09T03:19:27.903+0000][1][gc,metaspace ] GC(35) Metaspace: 71055K->71055K(1114112K)
[2019-12-09T03:19:27.903+0000][1][gc           ] GC(35) Pause Young (Allocation Failure) 136M->68M(247M) 1.854ms
[2019-12-09T03:19:27.903+0000][1][gc,cpu       ] GC(35) User=0.01s Sys=0.00s Real=0.00s
[2019-12-09T03:19:27.903+0000][1][safepoint    ] Leaving safepoint region
[2019-12-09T03:19:27.903+0000][1][safepoint    ] Total time for which application threads were stopped: 0.0020120 seconds, Stopping threads took: 0.0000193 seconds
[2019-12-09T03:19:43.904+0000][1][safepoint    ] Application time: 16.0010897 seconds
[2019-12-09T03:19:43.904+0000][1][safepoint    ] Entering safepoint region: Cleanup
[2019-12-09T03:19:43.904+0000][1][safepoint    ] Leaving safepoint region
[2019-12-09T03:19:43.904+0000][1][safepoint    ] Total time for which application threads were stopped: 0.0000859 seconds, Stopping threads took: 0.0000251 seconds
[2019-12-09T03:19:53.905+0000][1][safepoint    ] Application time: 10.0006855 seconds
[2019-12-09T03:19:53.905+0000][1][safepoint    ] Entering safepoint region: Cleanup
[2019-12-09T03:19:53.905+0000][1][safepoint    ] Leaving safepoint region
[2019-12-09T03:19:53.905+0000][1][safepoint    ] Total time for which application threads were stopped: 0.0000899 seconds, Stopping threads took: 0.0000180 seconds
[2019-12-09T03:19:57.905+0000][1][safepoint    ] Application time: 4.0003018 seconds
[2019-12-09T03:19:57.905+0000][1][safepoint    ] Entering safepoint region: Cleanup
[2019-12-09T03:19:57.905+0000][1][safepoint    ] Leaving safepoint region
[2019-12-09T03:19:57.905+0000][1][safepoint    ] Total time for which application threads were stopped: 0.0001214 seconds, Stopping threads took: 0.0000332 seconds
[2019-12-09T03:20:02.906+0000][1][safepoint    ] Application time: 5.0003023 seconds
[2019-12-09T03:20:02.906+0000][1][safepoint    ] Entering safepoint region: Cleanup
[2019-12-09T03:20:02.906+0000][1][safepoint    ] Leaving safepoint region
[2019-12-09T03:20:02.906+0000][1][safepoint    ] Total time for which application threads were stopped: 0.0000845 seconds, Stopping threads took: 0.0000185 seconds
[2019-12-09T03:20:06.437+0000][1][safepoint    ] Application time: 3.5311546 seconds
[2019-12-09T03:20:06.437+0000][1][safepoint    ] Entering safepoint region: RevokeBias
[2019-12-09T03:20:06.437+0000][1][safepoint    ] Leaving safepoint region
[2019-12-09T03:20:06.437+0000][1][safepoint    ] Total time for which application threads were stopped: 0.0001383 seconds, Stopping threads took: 0.0000214 seconds
[2019-12-09T03:20:06.437+0000][1][safepoint    ] Application time: 0.0000970 seconds
[2019-12-09T03:20:06.437+0000][1][safepoint    ] Entering safepoint region: RevokeBias
[2019-12-09T03:20:06.437+0000][1][safepoint    ] Leaving safepoint region
[2019-12-09T03:20:06.437+0000][1][safepoint    ] Total time for which application threads were stopped: 0.0000544 seconds, Stopping threads took: 0.0000114 seconds
[2019-12-09T03:20:06.449+0000][1][safepoint    ] Application time: 0.0114544 seconds
[2019-12-09T03:20:06.453+0000][1][safepoint    ] Entering safepoint region: RevokeBias
[2019-12-09T03:20:06.453+0000][1][safepoint    ] Leaving safepoint region
[2019-12-09T03:20:06.453+0000][1][safepoint    ] Total time for which application threads were stopped: 0.0038896 seconds, Stopping threads took: 0.0037785 seconds
[2019-12-09T03:20:06.453+0000][1][safepoint    ] Application time: 0.0003031 seconds
[2019-12-09T03:20:06.453+0000][1][safepoint    ] Entering safepoint region: RevokeBias
[2019-12-09T03:20:06.453+0000][1][safepoint    ] Leaving safepoint region
[2019-12-09T03:20:06.453+0000][1][safepoint    ] Total time for which application threads were stopped: 0.0000777 seconds, Stopping threads took: 0.0000195 seconds
[2019-12-09T03:20:06.456+0000][1][safepoint    ] Application time: 0.0027506 seconds
[2019-12-09T03:20:06.456+0000][1][safepoint    ] Entering safepoint region: RevokeBias
[2019-12-09T03:20:06.456+0000][1][safepoint    ] Leaving safepoint region
[2019-12-09T03:20:06.456+0000][1][safepoint    ] Total time for which application threads were stopped: 0.0000662 seconds, Stopping threads took: 0.0000135 seconds
[2019-12-09T03:20:06.464+0000][1][safepoint    ] Application time: 0.0082582 seconds
[2019-12-09T03:20:06.464+0000][1][safepoint    ] Entering safepoint region: RevokeBias
[2019-12-09T03:20:06.464+0000][1][safepoint    ] Leaving safepoint region
[2019-12-09T03:20:06.464+0000][1][safepoint    ] Total time for which application threads were stopped: 0.0000818 seconds, Stopping threads took: 0.0000157 seconds
[2019-12-09T03:20:06.465+0000][1][safepoint    ] Application time: 0.0006616 seconds
[2019-12-09T03:20:06.465+0000][1][safepoint    ] Entering safepoint region: RevokeBias
[2019-12-09T03:20:06.465+0000][1][safepoint    ] Leaving safepoint region
[2019-12-09T03:20:06.465+0000][1][safepoint    ] Total time for which application threads were stopped: 0.0000574 seconds, Stopping threads took: 0.0000116 seconds
[2019-12-09T03:20:06.468+0000][1][safepoint    ] Application time: 0.0027813 seconds
[2019-12-09T03:20:06.468+0000][1][safepoint    ] Entering safepoint region: RevokeBias
[2019-12-09T03:20:06.468+0000][1][safepoint    ] Leaving safepoint region
[2019-12-09T03:20:06.468+0000][1][safepoint    ] Total time for which application threads were stopped: 0.0000746 seconds, Stopping threads took: 0.0000151 seconds
[2019-12-09T03:20:06.468+0000][1][safepoint    ] Application time: 0.0002077 seconds
[2019-12-09T03:20:06.468+0000][1][safepoint    ] Entering safepoint region: RevokeBias
[2019-12-09T03:20:06.468+0000][1][safepoint    ] Leaving safepoint region
[2019-12-09T03:20:06.468+0000][1][safepoint    ] Total time for which application threads were stopped: 0.0000773 seconds, Stopping threads took: 0.0000123 seconds
[2019-12-09T03:20:06.469+0000][1][safepoint    ] Application time: 0.0008016 seconds
[2019-12-09T03:20:06.469+0000][1][safepoint    ] Entering safepoint region: RevokeBias
[2019-12-09T03:20:06.469+0000][1][safepoint    ] Leaving safepoint region
[2019-12-09T03:20:06.469+0000][1][safepoint    ] Total time for which application threads were stopped: 0.0000596 seconds, Stopping threads took: 0.0000123 seconds
[2019-12-09T03:20:06.470+0000][1][safepoint    ] Application time: 0.0009228 seconds
[2019-12-09T03:20:06.470+0000][1][safepoint    ] Entering safepoint region: RevokeBias
[2019-12-09T03:20:06.470+0000][1][safepoint    ] Leaving safepoint region
[2019-12-09T03:20:06.470+0000][1][safepoint    ] Total time for which application threads were stopped: 0.0000769 seconds, Stopping threads took: 0.0000250 seconds
[2019-12-09T03:20:06.471+0000][1][safepoint    ] Application time: 0.0003906 seconds
[2019-12-09T03:20:06.471+0000][1][safepoint    ] Entering safepoint region: RevokeBias
[2019-12-09T03:20:06.471+0000][1][safepoint    ] Leaving safepoint region
[2019-12-09T03:20:06.471+0000][1][safepoint    ] Total time for which application threads were stopped: 0.0000620 seconds, Stopping threads took: 0.0000120 seconds
[2019-12-09T03:20:06.472+0000][1][safepoint    ] Application time: 0.0016712 seconds
[2019-12-09T03:20:06.472+0000][1][safepoint    ] Entering safepoint region: RevokeBias
[2019-12-09T03:20:06.472+0000][1][safepoint    ] Leaving safepoint region
[2019-12-09T03:20:06.472+0000][1][safepoint    ] Total time for which application threads were stopped: 0.0000548 seconds, Stopping threads took: 0.0000125 seconds
[2019-12-09T03:20:06.474+0000][1][safepoint    ] Application time: 0.0014412 seconds
[2019-12-09T03:20:06.474+0000][1][safepoint    ] Entering safepoint region: RevokeBias
[2019-12-09T03:20:06.474+0000][1][safepoint    ] Leaving safepoint region
[2019-12-09T03:20:06.474+0000][1][safepoint    ] Total time for which application threads were stopped: 0.0000544 seconds, Stopping threads took: 0.0000155 seconds
[2019-12-09T03:20:06.476+0000][1][safepoint    ] Application time: 0.0019700 seconds
[2019-12-09T03:20:06.476+0000][1][safepoint    ] Entering safepoint region: RevokeBias
[2019-12-09T03:20:06.476+0000][1][safepoint    ] Leaving safepoint region
[2019-12-09T03:20:06.476+0000][1][safepoint    ] Total time for which application threads were stopped: 0.0000494 seconds, Stopping threads took: 0.0000120 seconds
[2019-12-09T03:20:06.476+0000][1][safepoint    ] Application time: 0.0000597 seconds
[2019-12-09T03:20:06.476+0000][1][safepoint    ] Entering safepoint region: RevokeBias
[2019-12-09T03:20:06.476+0000][1][safepoint    ] Leaving safepoint region
[2019-12-09T03:20:06.476+0000][1][safepoint    ] Total time for which application threads were stopped: 0.0000395 seconds, Stopping threads took: 0.0000082 seconds
[2019-12-09T03:20:06.476+0000][1][safepoint    ] Application time: 0.0000936 seconds
[2019-12-09T03:20:06.476+0000][1][safepoint    ] Entering safepoint region: RevokeBias
[2019-12-09T03:20:06.476+0000][1][safepoint    ] Leaving safepoint region
[2019-12-09T03:20:06.476+0000][1][safepoint    ] Total time for which application threads were stopped: 0.0000394 seconds, Stopping threads took: 0.0000087 seconds
[2019-12-09T03:20:06.476+0000][1][safepoint    ] Application time: 0.0000493 seconds
[2019-12-09T03:20:06.476+0000][1][safepoint    ] Entering safepoint region: RevokeBias
[2019-12-09T03:20:06.476+0000][1][safepoint    ] Leaving safepoint region
[2019-12-09T03:20:06.476+0000][1][safepoint    ] Total time for which application threads were stopped: 0.0000374 seconds, Stopping threads took: 0.0000083 seconds
[2019-12-09T03:20:06.477+0000][1][safepoint    ] Application time: 0.0002242 seconds
[2019-12-09T03:20:06.477+0000][1][safepoint    ] Entering safepoint region: RevokeBias
[2019-12-09T03:20:06.477+0000][1][safepoint    ] Leaving safepoint region
[2019-12-09T03:20:06.477+0000][1][safepoint    ] Total time for which application threads were stopped: 0.0000482 seconds, Stopping threads took: 0.0000103 seconds
[2019-12-09T03:20:06.477+0000][1][safepoint    ] Application time: 0.0000734 seconds
[2019-12-09T03:20:06.477+0000][1][safepoint    ] Entering safepoint region: RevokeBias
[2019-12-09T03:20:06.477+0000][1][safepoint    ] Leaving safepoint region
[2019-12-09T03:20:06.477+0000][1][safepoint    ] Total time for which application threads were stopped: 0.0000438 seconds, Stopping threads took: 0.0000086 seconds
[2019-12-09T03:20:06.477+0000][1][safepoint    ] Application time: 0.0004396 seconds
[2019-12-09T03:20:06.477+0000][1][safepoint    ] Entering safepoint region: RevokeBias
[2019-12-09T03:20:06.477+0000][1][safepoint    ] Leaving safepoint region
[2019-12-09T03:20:06.477+0000][1][safepoint    ] Total time for which application threads were stopped: 0.0000670 seconds, Stopping threads took: 0.0000129 seconds
[2019-12-09T03:20:06.478+0000][1][safepoint    ] Application time: 0.0010713 seconds
[2019-12-09T03:20:06.478+0000][1][safepoint    ] Entering safepoint region: RevokeBias
[2019-12-09T03:20:06.478+0000][1][safepoint    ] Leaving safepoint region
[2019-12-09T03:20:06.478+0000][1][safepoint    ] Total time for which application threads were stopped: 0.0000642 seconds, Stopping threads took: 0.0000134 seconds
[2019-12-09T03:20:06.479+0000][1][safepoint    ] Application time: 0.0002233 seconds
[2019-12-09T03:20:06.479+0000][1][safepoint    ] Entering safepoint region: RevokeBias
[2019-12-09T03:20:06.479+0000][1][safepoint    ] Leaving safepoint region
[2019-12-09T03:20:06.479+0000][1][safepoint    ] Total time for which application threads were stopped: 0.0000530 seconds, Stopping threads took: 0.0000129 seconds
[2019-12-09T03:20:06.479+0000][1][safepoint    ] Application time: 0.0000618 seconds
[2019-12-09T03:20:06.479+0000][1][safepoint    ] Entering safepoint region: RevokeBias
[2019-12-09T03:20:06.479+0000][1][safepoint    ] Leaving safepoint region
[2019-12-09T03:20:06.479+0000][1][safepoint    ] Total time for which application threads were stopped: 0.0000493 seconds, Stopping threads took: 0.0000142 seconds
[2019-12-09T03:20:06.479+0000][1][safepoint    ] Application time: 0.0000580 seconds
[2019-12-09T03:20:06.479+0000][1][safepoint    ] Entering safepoint region: RevokeBias
[2019-12-09T03:20:06.479+0000][1][safepoint    ] Leaving safepoint region
[2019-12-09T03:20:06.479+0000][1][safepoint    ] Total time for which application threads were stopped: 0.0000436 seconds, Stopping threads took: 0.0000104 seconds
[2019-12-09T03:20:06.484+0000][1][safepoint    ] Application time: 0.0046106 seconds
[2019-12-09T03:20:06.484+0000][1][safepoint    ] Entering safepoint region: RevokeBias
[2019-12-09T03:20:06.484+0000][1][safepoint    ] Leaving safepoint region
[2019-12-09T03:20:06.484+0000][1][safepoint    ] Total time for which application threads were stopped: 0.0000809 seconds, Stopping threads took: 0.0000305 seconds
[2019-12-09T03:20:06.484+0000][1][safepoint    ] Application time: 0.0000816 seconds
[2019-12-09T03:20:06.484+0000][1][safepoint    ] Entering safepoint region: RevokeBias
[2019-12-09T03:20:06.484+0000][1][safepoint    ] Leaving safepoint region
[2019-12-09T03:20:06.484+0000][1][safepoint    ] Total time for which application threads were stopped: 0.0000485 seconds, Stopping threads took: 0.0000105 seconds
[2019-12-09T03:20:06.484+0000][1][safepoint    ] Application time: 0.0000634 seconds
[2019-12-09T03:20:06.484+0000][1][safepoint    ] Entering safepoint region: RevokeBias
[2019-12-09T03:20:06.484+0000][1][safepoint    ] Leaving safepoint region
[2019-12-09T03:20:06.484+0000][1][safepoint    ] Total time for which application threads were stopped: 0.0000403 seconds, Stopping threads took: 0.0000088 seconds
[2019-12-09T03:20:06.484+0000][1][safepoint    ] Application time: 0.0001851 seconds
[2019-12-09T03:20:06.484+0000][1][safepoint    ] Entering safepoint region: RevokeBias
[2019-12-09T03:20:06.484+0000][1][safepoint    ] Leaving safepoint region
[2019-12-09T03:20:06.484+0000][1][safepoint    ] Total time for which application threads were stopped: 0.0000491 seconds, Stopping threads took: 0.0000105 seconds
[2019-12-09T03:20:06.497+0000][1][safepoint    ] Application time: 0.0126893 seconds
[2019-12-09T03:20:06.497+0000][1][safepoint    ] Entering safepoint region: RevokeBias
[2019-12-09T03:20:06.497+0000][1][safepoint    ] Leaving safepoint region
[2019-12-09T03:20:06.497+0000][1][safepoint    ] Total time for which application threads were stopped: 0.0000599 seconds, Stopping threads took: 0.0000143 seconds
[2019-12-09T03:20:06.497+0000][1][safepoint    ] Application time: 0.0000716 seconds
[2019-12-09T03:20:06.497+0000][1][safepoint    ] Entering safepoint region: RevokeBias
[2019-12-09T03:20:06.497+0000][1][safepoint    ] Leaving safepoint region
[2019-12-09T03:20:06.497+0000][1][safepoint    ] Total time for which application threads were stopped: 0.0000525 seconds, Stopping threads took: 0.0000099 seconds
[2019-12-09T03:20:06.498+0000][1][safepoint    ] Application time: 0.0007029 seconds
[2019-12-09T03:20:06.498+0000][1][safepoint    ] Entering safepoint region: RevokeBias
[2019-12-09T03:20:06.498+0000][1][safepoint    ] Leaving safepoint region
[2019-12-09T03:20:06.498+0000][1][safepoint    ] Total time for which application threads were stopped: 0.0000533 seconds, Stopping threads took: 0.0000131 seconds
[2019-12-09T03:20:06.498+0000][1][safepoint    ] Application time: 0.0000713 seconds
[2019-12-09T03:20:06.498+0000][1][safepoint    ] Entering safepoint region: RevokeBias
[2019-12-09T03:20:06.498+0000][1][safepoint    ] Leaving safepoint region
[2019-12-09T03:20:06.498+0000][1][safepoint    ] Total time for which application threads were stopped: 0.0000414 seconds, Stopping threads took: 0.0000096 seconds
[2019-12-09T03:20:06.498+0000][1][safepoint    ] Application time: 0.0000568 seconds
[2019-12-09T03:20:06.498+0000][1][safepoint    ] Entering safepoint region: RevokeBias
[2019-12-09T03:20:06.498+0000][1][safepoint    ] Leaving safepoint region
[2019-12-09T03:20:06.498+0000][1][safepoint    ] Total time for which application threads were stopped: 0.0000460 seconds, Stopping threads took: 0.0000148 seconds
[2019-12-09T03:20:06.498+0000][1][safepoint    ] Application time: 0.0000703 seconds
[2019-12-09T03:20:06.498+0000][1][safepoint    ] Entering safepoint region: RevokeBias
[2019-12-09T03:20:06.498+0000][1][safepoint    ] Leaving safepoint region
[2019-12-09T03:20:06.498+0000][1][safepoint    ] Total time for which application threads were stopped: 0.0000395 seconds, Stopping threads took: 0.0000095 seconds
[2019-12-09T03:20:06.498+0000][1][safepoint    ] Application time: 0.0000746 seconds
[2019-12-09T03:20:06.498+0000][1][safepoint    ] Entering safepoint region: RevokeBias
[2019-12-09T03:20:06.498+0000][1][safepoint    ] Leaving safepoint region
[2019-12-09T03:20:06.498+0000][1][safepoint    ] Total time for which application threads were stopped: 0.0000365 seconds, Stopping threads took: 0.0000078 seconds
[2019-12-09T03:20:06.499+0000][1][safepoint    ] Application time: 0.0000724 seconds
[2019-12-09T03:20:06.499+0000][1][safepoint    ] Entering safepoint region: RevokeBias
[2019-12-09T03:20:06.499+0000][1][safepoint    ] Leaving safepoint region
[2019-12-09T03:20:06.499+0000][1][safepoint    ] Total time for which application threads were stopped: 0.0000349 seconds, Stopping threads took: 0.0000080 seconds
[2019-12-09T03:20:06.539+0000][1][safepoint    ] Application time: 0.0402379 seconds
[2019-12-09T03:20:06.539+0000][1][safepoint    ] Entering safepoint region: RevokeBias
[2019-12-09T03:20:06.539+0000][1][safepoint    ] Leaving safepoint region
[2019-12-09T03:20:06.539+0000][1][safepoint    ] Total time for which application threads were stopped: 0.0001654 seconds, Stopping threads took: 0.0000458 seconds
[2019-12-09T03:20:06.539+0000][1][safepoint    ] Application time: 0.0004310 seconds
[2019-12-09T03:20:06.540+0000][1][safepoint    ] Entering safepoint region: RevokeBias
[2019-12-09T03:20:06.540+0000][1][safepoint    ] Leaving safepoint region
[2019-12-09T03:20:06.540+0000][1][safepoint    ] Total time for which application threads were stopped: 0.0000966 seconds, Stopping threads took: 0.0000140 seconds
[2019-12-09T03:20:06.543+0000][1][safepoint    ] Application time: 0.0035753 seconds
[2019-12-09T03:20:06.556+0000][1][safepoint    ] Entering safepoint region: RevokeBias
[2019-12-09T03:20:06.556+0000][1][safepoint    ] Leaving safepoint region
[2019-12-09T03:20:06.556+0000][1][safepoint    ] Total time for which application threads were stopped: 0.0127691 seconds, Stopping threads took: 0.0126777 seconds
[2019-12-09T03:20:06.575+0000][1][safepoint    ] Application time: 0.0188517 seconds
[2019-12-09T03:20:06.581+0000][1][safepoint    ] Entering safepoint region: RevokeBias
[2019-12-09T03:20:06.581+0000][1][safepoint    ] Leaving safepoint region
[2019-12-09T03:20:06.581+0000][1][safepoint    ] Total time for which application threads were stopped: 0.0060559 seconds, Stopping threads took: 0.0059565 seconds
[2019-12-09T03:20:06.585+0000][1][safepoint    ] Application time: 0.0035862 seconds
[2019-12-09T03:20:06.585+0000][1][safepoint    ] Entering safepoint region: RevokeBias
[2019-12-09T03:20:06.585+0000][1][safepoint    ] Leaving safepoint region
[2019-12-09T03:20:06.585+0000][1][safepoint    ] Total time for which application threads were stopped: 0.0001029 seconds, Stopping threads took: 0.0000133 seconds
[2019-12-09T03:20:06.586+0000][1][safepoint    ] Application time: 0.0015458 seconds
[2019-12-09T03:20:06.586+0000][1][safepoint    ] Entering safepoint region: RevokeBias
[2019-12-09T03:20:06.586+0000][1][safepoint    ] Leaving safepoint region
[2019-12-09T03:20:06.586+0000][1][safepoint    ] Total time for which application threads were stopped: 0.0000917 seconds, Stopping threads took: 0.0000121 seconds
[2019-12-09T03:20:06.587+0000][1][safepoint    ] Application time: 0.0004740 seconds
[2019-12-09T03:20:06.587+0000][1][safepoint    ] Entering safepoint region: RevokeBias
[2019-12-09T03:20:06.587+0000][1][safepoint    ] Leaving safepoint region
[2019-12-09T03:20:06.587+0000][1][safepoint    ] Total time for which application threads were stopped: 0.0004335 seconds, Stopping threads took: 0.0000159 seconds
[2019-12-09T03:20:06.598+0000][1][safepoint    ] Application time: 0.0103856 seconds
[2019-12-09T03:20:06.598+0000][1][safepoint    ] Entering safepoint region: RevokeBias
[2019-12-09T03:20:06.598+0000][1][safepoint    ] Leaving safepoint region
[2019-12-09T03:20:06.598+0000][1][safepoint    ] Total time for which application threads were stopped: 0.0001305 seconds, Stopping threads took: 0.0000143 seconds
[2019-12-09T03:20:06.599+0000][1][safepoint    ] Application time: 0.0008747 seconds
[2019-12-09T03:20:06.599+0000][1][safepoint    ] Entering safepoint region: RevokeBias
[2019-12-09T03:20:06.599+0000][1][safepoint    ] Leaving safepoint region
[2019-12-09T03:20:06.599+0000][1][safepoint    ] Total time for which application threads were stopped: 0.0001139 seconds, Stopping threads took: 0.0000308 seconds
[2019-12-09T03:20:06.609+0000][1][safepoint    ] Application time: 0.0101412 seconds
[2019-12-09T03:20:06.609+0000][1][safepoint    ] Entering safepoint region: RevokeBias
[2019-12-09T03:20:06.609+0000][1][safepoint    ] Leaving safepoint region
[2019-12-09T03:20:06.609+0000][1][safepoint    ] Total time for which application threads were stopped: 0.0001381 seconds, Stopping threads took: 0.0000680 seconds
[2019-12-09T03:20:06.609+0000][1][safepoint    ] Application time: 0.0000795 seconds
[2019-12-09T03:20:06.609+0000][1][safepoint    ] Entering safepoint region: BulkRevokeBias
[2019-12-09T03:20:06.609+0000][1][safepoint    ] Leaving safepoint region
[2019-12-09T03:20:06.609+0000][1][safepoint    ] Total time for which application threads were stopped: 0.0002901 seconds, Stopping threads took: 0.0000100 seconds
[2019-12-09T03:20:06.611+0000][1][safepoint    ] Application time: 0.0010450 seconds
[2019-12-09T03:20:06.611+0000][1][safepoint    ] Entering safepoint region: RevokeBias
[2019-12-09T03:20:06.611+0000][1][safepoint    ] Leaving safepoint region
[2019-12-09T03:20:06.611+0000][1][safepoint    ] Total time for which application threads were stopped: 0.0000780 seconds, Stopping threads took: 0.0000128 seconds
[2019-12-09T03:20:06.655+0000][1][safepoint    ] Application time: 0.0441964 seconds
[2019-12-09T03:20:06.655+0000][1][safepoint    ] Entering safepoint region: RevokeBias
[2019-12-09T03:20:06.655+0000][1][safepoint    ] Leaving safepoint region
[2019-12-09T03:20:06.655+0000][1][safepoint    ] Total time for which application threads were stopped: 0.0000915 seconds, Stopping threads took: 0.0000159 seconds
[2019-12-09T03:20:06.684+0000][1][safepoint    ] Application time: 0.0289540 seconds
[2019-12-09T03:20:06.684+0000][1][safepoint    ] Entering safepoint region: RevokeBias
[2019-12-09T03:20:06.684+0000][1][safepoint    ] Leaving safepoint region
[2019-12-09T03:20:06.684+0000][1][safepoint    ] Total time for which application threads were stopped: 0.0000909 seconds, Stopping threads took: 0.0000172 seconds
[2019-12-09T03:20:06.685+0000][1][safepoint    ] Application time: 0.0005081 seconds
[2019-12-09T03:20:06.685+0000][1][safepoint    ] Entering safepoint region: RevokeBias
[2019-12-09T03:20:06.685+0000][1][safepoint    ] Leaving safepoint region
[2019-12-09T03:20:06.685+0000][1][safepoint    ] Total time for which application threads were stopped: 0.0000749 seconds, Stopping threads took: 0.0000138 seconds
[2019-12-09T03:20:06.693+0000][1][safepoint    ] Application time: 0.0078981 seconds
[2019-12-09T03:20:06.699+0000][1][safepoint    ] Entering safepoint region: RevokeBias
[2019-12-09T03:20:06.699+0000][1][safepoint    ] Leaving safepoint region
[2019-12-09T03:20:06.699+0000][1][safepoint    ] Total time for which application threads were stopped: 0.0062431 seconds, Stopping threads took: 0.0061799 seconds
[2019-12-09T03:20:06.701+0000][1][safepoint    ] Application time: 0.0024100 seconds
[2019-12-09T03:20:06.701+0000][1][safepoint    ] Entering safepoint region: RevokeBias
[2019-12-09T03:20:06.701+0000][1][safepoint    ] Leaving safepoint region
[2019-12-09T03:20:06.701+0000][1][safepoint    ] Total time for which application threads were stopped: 0.0000728 seconds, Stopping threads took: 0.0000218 seconds
[2019-12-09T03:20:06.711+0000][1][safepoint    ] Application time: 0.0100257 seconds
[2019-12-09T03:20:06.711+0000][1][safepoint    ] Entering safepoint region: RevokeBias
[2019-12-09T03:20:06.711+0000][1][safepoint    ] Leaving safepoint region
[2019-12-09T03:20:06.711+0000][1][safepoint    ] Total time for which application threads were stopped: 0.0000508 seconds, Stopping threads took: 0.0000112 seconds
[2019-12-09T03:20:06.716+0000][1][safepoint    ] Application time: 0.0048201 seconds
[2019-12-09T03:20:06.716+0000][1][safepoint    ] Entering safepoint region: RevokeBias
[2019-12-09T03:20:06.716+0000][1][safepoint    ] Leaving safepoint region
[2019-12-09T03:20:06.716+0000][1][safepoint    ] Total time for which application threads were stopped: 0.0000444 seconds, Stopping threads took: 0.0000096 seconds
[2019-12-09T03:20:06.718+0000][1][safepoint    ] Application time: 0.0012492 seconds
[2019-12-09T03:20:06.718+0000][1][safepoint    ] Entering safepoint region: RevokeBias
[2019-12-09T03:20:06.718+0000][1][safepoint    ] Leaving safepoint region
[2019-12-09T03:20:06.718+0000][1][safepoint    ] Total time for which application threads were stopped: 0.0000465 seconds, Stopping threads took: 0.0000105 seconds
[2019-12-09T03:20:06.731+0000][1][gc,heap,exit ] Heap
[2019-12-09T03:20:06.731+0000][1][gc,heap,exit ]  par new generation   total 78656K, used 47455K [0x00000000f0000000, 0x00000000f5550000, 0x00000000f5550000)
[2019-12-09T03:20:06.731+0000][1][gc,heap,exit ]   eden space 69952K,  67% used [0x00000000f0000000, 0x00000000f2e3fd98, 0x00000000f4450000)
[2019-12-09T03:20:06.731+0000][1][gc,heap,exit ]   from space 8704K,   1% used [0x00000000f4cd0000, 0x00000000f4ce7f30, 0x00000000f5550000)
[2019-12-09T03:20:06.731+0000][1][gc,heap,exit ]   to   space 8704K,   0% used [0x00000000f4450000, 0x00000000f4450000, 0x00000000f4cd0000)
[2019-12-09T03:20:06.731+0000][1][gc,heap,exit ]  concurrent mark-sweep generation total 174784K, used 69644K [0x00000000f5550000, 0x0000000100000000, 0x0000000100000000)
[2019-12-09T03:20:06.731+0000][1][gc,heap,exit ]  Metaspace       used 71227K, capacity 76486K, committed 76672K, reserved 1114112K
[2019-12-09T03:20:06.731+0000][1][gc,heap,exit ]   class space    used 9618K, capacity 11846K, committed 11952K, reserved 1048576K
[2019-12-09T03:20:06.731+0000][1][safepoint    ] Application time: 0.0134035 seconds
[2019-12-09T03:20:06.731+0000][1][safepoint    ] Entering safepoint region: Exit
