[2019-12-09T02:51:20.732+0000][1][gc] Using Concurrent Mark Sweep
[2019-12-09T02:51:20.732+0000][1][gc,heap,coops] Heap address: 0x00000000f0000000, size: 256 MB, Compressed Oops mode: 32-bit
[2019-12-09T02:51:21.235+0000][1][safepoint    ] Entering safepoint region: EnableBiasedLocking
[2019-12-09T02:51:21.235+0000][1][safepoint    ] Leaving safepoint region
[2019-12-09T02:51:21.235+0000][1][safepoint    ] Total time for which application threads were stopped: 0.0363766 seconds, Stopping threads took: 0.0362902 seconds
[2019-12-09T02:51:21.247+0000][1][safepoint    ] Application time: 0.0120930 seconds
[2019-12-09T02:51:21.248+0000][1][safepoint    ] Entering safepoint region: RevokeBias
[2019-12-09T02:51:21.248+0000][1][safepoint    ] Leaving safepoint region
[2019-12-09T02:51:21.248+0000][1][safepoint    ] Total time for which application threads were stopped: 0.0001159 seconds, Stopping threads took: 0.0000576 seconds
[2019-12-09T02:51:21.298+0000][1][safepoint    ] Application time: 0.0499360 seconds
[2019-12-09T02:51:21.298+0000][1][safepoint    ] Entering safepoint region: Deoptimize
[2019-12-09T02:51:21.298+0000][1][safepoint    ] Leaving safepoint region
[2019-12-09T02:51:21.298+0000][1][safepoint    ] Total time for which application threads were stopped: 0.0000495 seconds, Stopping threads took: 0.0000092 seconds
[2019-12-09T02:51:22.085+0000][1][safepoint    ] Application time: 0.7868978 seconds
[2019-12-09T02:51:22.085+0000][1][safepoint    ] Entering safepoint region: Deoptimize
[2019-12-09T02:51:22.085+0000][1][safepoint    ] Leaving safepoint region
[2019-12-09T02:51:22.085+0000][1][safepoint    ] Total time for which application threads were stopped: 0.0000972 seconds, Stopping threads took: 0.0000108 seconds
[2019-12-09T02:51:23.086+0000][1][safepoint    ] Application time: 1.0008629 seconds
[2019-12-09T02:51:23.109+0000][1][safepoint    ] Entering safepoint region: Cleanup
[2019-12-09T02:51:23.109+0000][1][safepoint    ] Leaving safepoint region
[2019-12-09T02:51:23.109+0000][1][safepoint    ] Total time for which application threads were stopped: 0.0237862 seconds, Stopping threads took: 0.0237160 seconds
[2019-12-09T02:51:24.111+0000][1][safepoint    ] Application time: 1.0014171 seconds
[2019-12-09T02:51:24.123+0000][1][safepoint    ] Entering safepoint region: Cleanup
[2019-12-09T02:51:24.123+0000][1][safepoint    ] Leaving safepoint region
[2019-12-09T02:51:24.123+0000][1][safepoint    ] Total time for which application threads were stopped: 0.0120484 seconds, Stopping threads took: 0.0119787 seconds
[2019-12-09T02:51:24.768+0000][1][safepoint    ] Application time: 0.6453995 seconds
[2019-12-09T02:51:24.768+0000][1][safepoint    ] Entering safepoint region: Deoptimize
[2019-12-09T02:51:24.768+0000][1][safepoint    ] Leaving safepoint region
[2019-12-09T02:51:24.768+0000][1][safepoint    ] Total time for which application threads were stopped: 0.0001608 seconds, Stopping threads took: 0.0000115 seconds
[2019-12-09T02:51:25.182+0000][1][safepoint    ] Application time: 0.4134870 seconds
[2019-12-09T02:51:25.182+0000][1][safepoint    ] Entering safepoint region: Deoptimize
[2019-12-09T02:51:25.182+0000][1][safepoint    ] Leaving safepoint region
[2019-12-09T02:51:25.182+0000][1][safepoint    ] Total time for which application threads were stopped: 0.0001650 seconds, Stopping threads took: 0.0000120 seconds
[2019-12-09T02:51:25.321+0000][1][safepoint    ] Application time: 0.1385885 seconds
[2019-12-09T02:51:25.321+0000][1][safepoint    ] Entering safepoint region: Deoptimize
[2019-12-09T02:51:25.321+0000][1][safepoint    ] Leaving safepoint region
[2019-12-09T02:51:25.321+0000][1][safepoint    ] Total time for which application threads were stopped: 0.0001546 seconds, Stopping threads took: 0.0000119 seconds
[2019-12-09T02:51:26.324+0000][1][safepoint    ] Application time: 1.0027929 seconds
[2019-12-09T02:51:26.326+0000][1][safepoint    ] Entering safepoint region: Cleanup
[2019-12-09T02:51:26.326+0000][1][safepoint    ] Leaving safepoint region
[2019-12-09T02:51:26.326+0000][1][safepoint    ] Total time for which application threads were stopped: 0.0020366 seconds, Stopping threads took: 0.0019866 seconds
[2019-12-09T02:51:27.327+0000][1][safepoint    ] Application time: 1.0009074 seconds
[2019-12-09T02:51:27.337+0000][1][safepoint    ] Entering safepoint region: Cleanup
[2019-12-09T02:51:27.337+0000][1][safepoint    ] Leaving safepoint region
[2019-12-09T02:51:27.337+0000][1][safepoint    ] Total time for which application threads were stopped: 0.0100652 seconds, Stopping threads took: 0.0099990 seconds
[2019-12-09T02:51:28.339+0000][1][safepoint    ] Application time: 1.0018967 seconds
[2019-12-09T02:51:28.506+0000][1][safepoint    ] Entering safepoint region: Cleanup
[2019-12-09T02:51:28.506+0000][1][safepoint    ] Leaving safepoint region
[2019-12-09T02:51:28.506+0000][1][safepoint    ] Total time for which application threads were stopped: 0.1670491 seconds, Stopping threads took: 0.1669952 seconds
[2019-12-09T02:51:28.561+0000][1][safepoint    ] Application time: 0.0556287 seconds
[2019-12-09T02:51:28.561+0000][1][safepoint    ] Entering safepoint region: Deoptimize
[2019-12-09T02:51:28.562+0000][1][safepoint    ] Leaving safepoint region
[2019-12-09T02:51:28.562+0000][1][safepoint    ] Total time for which application threads were stopped: 0.0001924 seconds, Stopping threads took: 0.0000106 seconds
[2019-12-09T02:51:29.600+0000][1][safepoint    ] Application time: 1.0380392 seconds
[2019-12-09T02:51:29.600+0000][1][safepoint    ] Entering safepoint region: Cleanup
[2019-12-09T02:51:29.600+0000][1][safepoint    ] Leaving safepoint region
[2019-12-09T02:51:29.600+0000][1][safepoint    ] Total time for which application threads were stopped: 0.0000555 seconds, Stopping threads took: 0.0000131 seconds
[2019-12-09T02:51:30.606+0000][1][safepoint    ] Application time: 1.0059192 seconds
[2019-12-09T02:51:30.606+0000][1][safepoint    ] Entering safepoint region: Cleanup
[2019-12-09T02:51:30.606+0000][1][safepoint    ] Leaving safepoint region
[2019-12-09T02:51:30.606+0000][1][safepoint    ] Total time for which application threads were stopped: 0.0000569 seconds, Stopping threads took: 0.0000153 seconds
[2019-12-09T02:51:31.621+0000][1][safepoint    ] Application time: 1.0148804 seconds
[2019-12-09T02:51:31.674+0000][1][safepoint    ] Entering safepoint region: Cleanup
[2019-12-09T02:51:31.675+0000][1][safepoint    ] Leaving safepoint region
[2019-12-09T02:51:31.675+0000][1][safepoint    ] Total time for which application threads were stopped: 0.0538153 seconds, Stopping threads took: 0.0537311 seconds
[2019-12-09T02:51:31.944+0000][1][safepoint    ] Application time: 0.2691397 seconds
[2019-12-09T02:51:31.944+0000][1][safepoint    ] Entering safepoint region: Deoptimize
[2019-12-09T02:51:31.944+0000][1][safepoint    ] Leaving safepoint region
[2019-12-09T02:51:31.944+0000][1][safepoint    ] Total time for which application threads were stopped: 0.0002572 seconds, Stopping threads took: 0.0000125 seconds
[2019-12-09T02:51:32.946+0000][1][safepoint    ] Application time: 1.0016874 seconds
[2019-12-09T02:51:33.000+0000][1][safepoint    ] Entering safepoint region: Cleanup
[2019-12-09T02:51:33.000+0000][1][safepoint    ] Leaving safepoint region
[2019-12-09T02:51:33.000+0000][1][safepoint    ] Total time for which application threads were stopped: 0.0541802 seconds, Stopping threads took: 0.0540937 seconds
[2019-12-09T02:51:33.128+0000][1][safepoint    ] Application time: 0.1277573 seconds
[2019-12-09T02:51:33.128+0000][1][safepoint    ] Entering safepoint region: Deoptimize
[2019-12-09T02:51:33.128+0000][1][safepoint    ] Leaving safepoint region
[2019-12-09T02:51:33.128+0000][1][safepoint    ] Total time for which application threads were stopped: 0.0002466 seconds, Stopping threads took: 0.0000117 seconds
[2019-12-09T02:51:33.128+0000][1][safepoint    ] Application time: 0.0001570 seconds
[2019-12-09T02:51:33.128+0000][1][safepoint    ] Entering safepoint region: Deoptimize
[2019-12-09T02:51:33.128+0000][1][safepoint    ] Leaving safepoint region
[2019-12-09T02:51:33.128+0000][1][safepoint    ] Total time for which application threads were stopped: 0.0001950 seconds, Stopping threads took: 0.0000085 seconds
[2019-12-09T02:51:33.399+0000][1][safepoint    ] Application time: 0.2704143 seconds
[2019-12-09T02:51:33.399+0000][1][safepoint    ] Entering safepoint region: Deoptimize
[2019-12-09T02:51:33.399+0000][1][safepoint    ] Leaving safepoint region
[2019-12-09T02:51:33.399+0000][1][safepoint    ] Total time for which application threads were stopped: 0.0002802 seconds, Stopping threads took: 0.0000130 seconds
[2019-12-09T02:51:33.488+0000][1][safepoint    ] Application time: 0.0892847 seconds
[2019-12-09T02:51:33.489+0000][1][safepoint    ] Entering safepoint region: RevokeBias
[2019-12-09T02:51:33.489+0000][1][safepoint    ] Leaving safepoint region
[2019-12-09T02:51:33.489+0000][1][safepoint    ] Total time for which application threads were stopped: 0.0001422 seconds, Stopping threads took: 0.0000996 seconds
[2019-12-09T02:51:33.489+0000][1][safepoint    ] Application time: 0.0000666 seconds
[2019-12-09T02:51:33.489+0000][1][safepoint    ] Entering safepoint region: RevokeBias
[2019-12-09T02:51:33.489+0000][1][safepoint    ] Leaving safepoint region
[2019-12-09T02:51:33.489+0000][1][safepoint    ] Total time for which application threads were stopped: 0.0000490 seconds, Stopping threads took: 0.0000089 seconds
[2019-12-09T02:51:33.489+0000][1][safepoint    ] Application time: 0.0000832 seconds
[2019-12-09T02:51:33.489+0000][1][safepoint    ] Entering safepoint region: RevokeBias
[2019-12-09T02:51:33.489+0000][1][safepoint    ] Leaving safepoint region
[2019-12-09T02:51:33.489+0000][1][safepoint    ] Total time for which application threads were stopped: 0.0000356 seconds, Stopping threads took: 0.0000088 seconds
[2019-12-09T02:51:33.489+0000][1][safepoint    ] Application time: 0.0001602 seconds
[2019-12-09T02:51:33.489+0000][1][safepoint    ] Entering safepoint region: RevokeBias
[2019-12-09T02:51:33.489+0000][1][safepoint    ] Leaving safepoint region
[2019-12-09T02:51:33.489+0000][1][safepoint    ] Total time for which application threads were stopped: 0.0000373 seconds, Stopping threads took: 0.0000090 seconds
[2019-12-09T02:51:33.489+0000][1][safepoint    ] Application time: 0.0003358 seconds
[2019-12-09T02:51:33.489+0000][1][safepoint    ] Entering safepoint region: RevokeBias
[2019-12-09T02:51:33.489+0000][1][safepoint    ] Leaving safepoint region
[2019-12-09T02:51:33.489+0000][1][safepoint    ] Total time for which application threads were stopped: 0.0000443 seconds, Stopping threads took: 0.0000094 seconds
[2019-12-09T02:51:33.520+0000][1][safepoint    ] Application time: 0.0302734 seconds
[2019-12-09T02:51:33.520+0000][1][safepoint    ] Entering safepoint region: Deoptimize
[2019-12-09T02:51:33.520+0000][1][safepoint    ] Leaving safepoint region
[2019-12-09T02:51:33.520+0000][1][safepoint    ] Total time for which application threads were stopped: 0.0002596 seconds, Stopping threads took: 0.0000195 seconds
[2019-12-09T02:51:34.525+0000][1][safepoint    ] Application time: 1.0046821 seconds
[2019-12-09T02:51:34.578+0000][1][safepoint    ] Entering safepoint region: Cleanup
[2019-12-09T02:51:34.578+0000][1][safepoint    ] Leaving safepoint region
[2019-12-09T02:51:34.578+0000][1][safepoint    ] Total time for which application threads were stopped: 0.0529927 seconds, Stopping threads took: 0.0529101 seconds
[2019-12-09T02:51:34.793+0000][1][safepoint    ] Application time: 0.2156428 seconds
[2019-12-09T02:51:34.793+0000][1][safepoint    ] Entering safepoint region: GenCollectForAllocation
[2019-12-09T02:51:34.793+0000][1][gc,start     ] GC(0) Pause Young (Allocation Failure)
[2019-12-09T02:51:34.794+0000][1][gc,task      ] GC(0) Using 2 workers of 2 for evacuation
[2019-12-09T02:51:34.926+0000][1][gc,age       ] GC(0) Desired survivor size 4456448 bytes, new threshold 1 (max threshold 6)
[2019-12-09T02:51:34.926+0000][1][gc,age       ] GC(0) Age table with threshold 1 (max threshold 6)
[2019-12-09T02:51:34.926+0000][1][gc,age       ] GC(0) - age   1:    6494440 bytes,    6494440 total
[2019-12-09T02:51:34.926+0000][1][gc,heap      ] GC(0) ParNew: 69952K->6387K(78656K)
[2019-12-09T02:51:34.926+0000][1][gc,heap      ] GC(0) CMS: 0K->0K(174784K)
[2019-12-09T02:51:34.926+0000][1][gc,metaspace ] GC(0) Metaspace: 12799K->12799K(1060864K)
[2019-12-09T02:51:34.926+0000][1][gc           ] GC(0) Pause Young (Allocation Failure) 68M->6M(247M) 132.743ms
[2019-12-09T02:51:34.926+0000][1][gc,cpu       ] GC(0) User=0.02s Sys=0.00s Real=0.14s
[2019-12-09T02:51:34.926+0000][1][safepoint    ] Leaving safepoint region
[2019-12-09T02:51:34.926+0000][1][safepoint    ] Total time for which application threads were stopped: 0.1328760 seconds, Stopping threads took: 0.0000143 seconds
[2019-12-09T02:51:34.933+0000][1][safepoint    ] Application time: 0.0069911 seconds
[2019-12-09T02:51:34.955+0000][1][safepoint    ] Entering safepoint region: RevokeBias
[2019-12-09T02:51:34.955+0000][1][safepoint    ] Leaving safepoint region
[2019-12-09T02:51:34.955+0000][1][safepoint    ] Total time for which application threads were stopped: 0.0216399 seconds, Stopping threads took: 0.0215305 seconds
[2019-12-09T02:51:34.963+0000][1][safepoint    ] Application time: 0.0077271 seconds
[2019-12-09T02:51:34.963+0000][1][safepoint    ] Entering safepoint region: RevokeBias
[2019-12-09T02:51:34.963+0000][1][safepoint    ] Leaving safepoint region
[2019-12-09T02:51:34.963+0000][1][safepoint    ] Total time for which application threads were stopped: 0.0001323 seconds, Stopping threads took: 0.0000763 seconds
[2019-12-09T02:51:34.966+0000][1][safepoint    ] Application time: 0.0028464 seconds
[2019-12-09T02:51:34.995+0000][1][safepoint    ] Entering safepoint region: RevokeBias
[2019-12-09T02:51:34.995+0000][1][safepoint    ] Leaving safepoint region
[2019-12-09T02:51:34.995+0000][1][safepoint    ] Total time for which application threads were stopped: 0.0292200 seconds, Stopping threads took: 0.0291300 seconds
[2019-12-09T02:51:34.995+0000][1][safepoint    ] Application time: 0.0000973 seconds
[2019-12-09T02:51:34.995+0000][1][safepoint    ] Entering safepoint region: RevokeBias
[2019-12-09T02:51:34.995+0000][1][safepoint    ] Leaving safepoint region
[2019-12-09T02:51:34.995+0000][1][safepoint    ] Total time for which application threads were stopped: 0.0000704 seconds, Stopping threads took: 0.0000094 seconds
[2019-12-09T02:51:34.995+0000][1][safepoint    ] Application time: 0.0000563 seconds
[2019-12-09T02:51:34.995+0000][1][safepoint    ] Entering safepoint region: RevokeBias
[2019-12-09T02:51:34.995+0000][1][safepoint    ] Leaving safepoint region
[2019-12-09T02:51:34.995+0000][1][safepoint    ] Total time for which application threads were stopped: 0.0000611 seconds, Stopping threads took: 0.0000090 seconds
[2019-12-09T02:51:34.995+0000][1][safepoint    ] Application time: 0.0000657 seconds
[2019-12-09T02:51:34.995+0000][1][safepoint    ] Entering safepoint region: RevokeBias
[2019-12-09T02:51:34.995+0000][1][safepoint    ] Leaving safepoint region
[2019-12-09T02:51:34.995+0000][1][safepoint    ] Total time for which application threads were stopped: 0.0000584 seconds, Stopping threads took: 0.0000082 seconds
[2019-12-09T02:51:34.996+0000][1][safepoint    ] Application time: 0.0000544 seconds
[2019-12-09T02:51:34.996+0000][1][safepoint    ] Entering safepoint region: RevokeBias
[2019-12-09T02:51:34.996+0000][1][safepoint    ] Leaving safepoint region
[2019-12-09T02:51:34.996+0000][1][safepoint    ] Total time for which application threads were stopped: 0.0000559 seconds, Stopping threads took: 0.0000083 seconds
[2019-12-09T02:51:34.996+0000][1][safepoint    ] Application time: 0.0000616 seconds
[2019-12-09T02:51:34.996+0000][1][safepoint    ] Entering safepoint region: RevokeBias
[2019-12-09T02:51:34.996+0000][1][safepoint    ] Leaving safepoint region
[2019-12-09T02:51:34.996+0000][1][safepoint    ] Total time for which application threads were stopped: 0.0000854 seconds, Stopping threads took: 0.0000082 seconds
[2019-12-09T02:51:34.996+0000][1][safepoint    ] Application time: 0.0000560 seconds
[2019-12-09T02:51:34.996+0000][1][safepoint    ] Entering safepoint region: RevokeBias
[2019-12-09T02:51:34.996+0000][1][safepoint    ] Leaving safepoint region
[2019-12-09T02:51:34.996+0000][1][safepoint    ] Total time for which application threads were stopped: 0.0000674 seconds, Stopping threads took: 0.0000187 seconds
[2019-12-09T02:51:34.996+0000][1][safepoint    ] Application time: 0.0000622 seconds
[2019-12-09T02:51:34.996+0000][1][safepoint    ] Entering safepoint region: RevokeBias
[2019-12-09T02:51:34.996+0000][1][safepoint    ] Leaving safepoint region
[2019-12-09T02:51:34.996+0000][1][safepoint    ] Total time for which application threads were stopped: 0.0000557 seconds, Stopping threads took: 0.0000077 seconds
[2019-12-09T02:51:34.996+0000][1][safepoint    ] Application time: 0.0000528 seconds
[2019-12-09T02:51:34.996+0000][1][safepoint    ] Entering safepoint region: RevokeBias
[2019-12-09T02:51:34.996+0000][1][safepoint    ] Leaving safepoint region
[2019-12-09T02:51:34.996+0000][1][safepoint    ] Total time for which application threads were stopped: 0.0000546 seconds, Stopping threads took: 0.0000077 seconds
[2019-12-09T02:51:34.996+0000][1][safepoint    ] Application time: 0.0000644 seconds
[2019-12-09T02:51:34.996+0000][1][safepoint    ] Entering safepoint region: RevokeBias
[2019-12-09T02:51:34.996+0000][1][safepoint    ] Leaving safepoint region
[2019-12-09T02:51:34.996+0000][1][safepoint    ] Total time for which application threads were stopped: 0.0000560 seconds, Stopping threads took: 0.0000077 seconds
[2019-12-09T02:51:34.996+0000][1][safepoint    ] Application time: 0.0000611 seconds
[2019-12-09T02:51:34.996+0000][1][safepoint    ] Entering safepoint region: RevokeBias
[2019-12-09T02:51:34.996+0000][1][safepoint    ] Leaving safepoint region
[2019-12-09T02:51:34.996+0000][1][safepoint    ] Total time for which application threads were stopped: 0.0000490 seconds, Stopping threads took: 0.0000068 seconds
[2019-12-09T02:51:34.996+0000][1][safepoint    ] Application time: 0.0000542 seconds
[2019-12-09T02:51:34.996+0000][1][safepoint    ] Entering safepoint region: RevokeBias
[2019-12-09T02:51:34.997+0000][1][safepoint    ] Leaving safepoint region
[2019-12-09T02:51:34.997+0000][1][safepoint    ] Total time for which application threads were stopped: 0.0000474 seconds, Stopping threads took: 0.0000066 seconds
[2019-12-09T02:51:34.997+0000][1][safepoint    ] Application time: 0.0000594 seconds
[2019-12-09T02:51:34.997+0000][1][safepoint    ] Entering safepoint region: RevokeBias
[2019-12-09T02:51:34.997+0000][1][safepoint    ] Leaving safepoint region
[2019-12-09T02:51:34.997+0000][1][safepoint    ] Total time for which application threads were stopped: 0.0000556 seconds, Stopping threads took: 0.0000081 seconds
[2019-12-09T02:51:34.997+0000][1][safepoint    ] Application time: 0.0000769 seconds
[2019-12-09T02:51:34.997+0000][1][safepoint    ] Entering safepoint region: RevokeBias
[2019-12-09T02:51:34.997+0000][1][safepoint    ] Leaving safepoint region
[2019-12-09T02:51:34.997+0000][1][safepoint    ] Total time for which application threads were stopped: 0.0000573 seconds, Stopping threads took: 0.0000084 seconds
[2019-12-09T02:51:34.997+0000][1][safepoint    ] Application time: 0.0000515 seconds
[2019-12-09T02:51:34.997+0000][1][safepoint    ] Entering safepoint region: RevokeBias
[2019-12-09T02:51:34.997+0000][1][safepoint    ] Leaving safepoint region
[2019-12-09T02:51:34.997+0000][1][safepoint    ] Total time for which application threads were stopped: 0.0000549 seconds, Stopping threads took: 0.0000081 seconds
[2019-12-09T02:51:34.997+0000][1][safepoint    ] Application time: 0.0000643 seconds
[2019-12-09T02:51:34.997+0000][1][safepoint    ] Entering safepoint region: RevokeBias
[2019-12-09T02:51:34.997+0000][1][safepoint    ] Leaving safepoint region
[2019-12-09T02:51:34.997+0000][1][safepoint    ] Total time for which application threads were stopped: 0.0000549 seconds, Stopping threads took: 0.0000083 seconds
[2019-12-09T02:51:34.997+0000][1][safepoint    ] Application time: 0.0000512 seconds
[2019-12-09T02:51:34.997+0000][1][safepoint    ] Entering safepoint region: RevokeBias
[2019-12-09T02:51:34.997+0000][1][safepoint    ] Leaving safepoint region
[2019-12-09T02:51:34.997+0000][1][safepoint    ] Total time for which application threads were stopped: 0.0000612 seconds, Stopping threads took: 0.0000141 seconds
[2019-12-09T02:51:34.997+0000][1][safepoint    ] Application time: 0.0000826 seconds
[2019-12-09T02:51:34.997+0000][1][safepoint    ] Entering safepoint region: RevokeBias
[2019-12-09T02:51:34.997+0000][1][safepoint    ] Leaving safepoint region
[2019-12-09T02:51:34.997+0000][1][safepoint    ] Total time for which application threads were stopped: 0.0000543 seconds, Stopping threads took: 0.0000086 seconds
[2019-12-09T02:51:34.997+0000][1][safepoint    ] Application time: 0.0000504 seconds
[2019-12-09T02:51:34.997+0000][1][safepoint    ] Entering safepoint region: RevokeBias
[2019-12-09T02:51:34.997+0000][1][safepoint    ] Leaving safepoint region
[2019-12-09T02:51:34.997+0000][1][safepoint    ] Total time for which application threads were stopped: 0.0000512 seconds, Stopping threads took: 0.0000070 seconds
[2019-12-09T02:51:34.998+0000][1][safepoint    ] Application time: 0.0000573 seconds
[2019-12-09T02:51:34.998+0000][1][safepoint    ] Entering safepoint region: RevokeBias
[2019-12-09T02:51:34.998+0000][1][safepoint    ] Leaving safepoint region
[2019-12-09T02:51:34.998+0000][1][safepoint    ] Total time for which application threads were stopped: 0.0000530 seconds, Stopping threads took: 0.0000075 seconds
[2019-12-09T02:51:34.998+0000][1][safepoint    ] Application time: 0.0000511 seconds
[2019-12-09T02:51:34.998+0000][1][safepoint    ] Entering safepoint region: RevokeBias
[2019-12-09T02:51:34.998+0000][1][safepoint    ] Leaving safepoint region
[2019-12-09T02:51:34.998+0000][1][safepoint    ] Total time for which application threads were stopped: 0.0000743 seconds, Stopping threads took: 0.0000076 seconds
[2019-12-09T02:51:34.998+0000][1][safepoint    ] Application time: 0.0000607 seconds
[2019-12-09T02:51:34.998+0000][1][safepoint    ] Entering safepoint region: RevokeBias
[2019-12-09T02:51:34.998+0000][1][safepoint    ] Leaving safepoint region
[2019-12-09T02:51:34.998+0000][1][safepoint    ] Total time for which application threads were stopped: 0.0000545 seconds, Stopping threads took: 0.0000074 seconds
[2019-12-09T02:51:34.998+0000][1][safepoint    ] Application time: 0.0000516 seconds
[2019-12-09T02:51:34.998+0000][1][safepoint    ] Entering safepoint region: RevokeBias
[2019-12-09T02:51:34.998+0000][1][safepoint    ] Leaving safepoint region
[2019-12-09T02:51:34.998+0000][1][safepoint    ] Total time for which application threads were stopped: 0.0000504 seconds, Stopping threads took: 0.0000076 seconds
[2019-12-09T02:51:34.998+0000][1][safepoint    ] Application time: 0.0000734 seconds
[2019-12-09T02:51:34.998+0000][1][safepoint    ] Entering safepoint region: RevokeBias
[2019-12-09T02:51:34.998+0000][1][safepoint    ] Leaving safepoint region
[2019-12-09T02:51:34.998+0000][1][safepoint    ] Total time for which application threads were stopped: 0.0000500 seconds, Stopping threads took: 0.0000070 seconds
[2019-12-09T02:51:34.998+0000][1][safepoint    ] Application time: 0.0000483 seconds
[2019-12-09T02:51:34.998+0000][1][safepoint    ] Entering safepoint region: RevokeBias
[2019-12-09T02:51:34.998+0000][1][safepoint    ] Leaving safepoint region
[2019-12-09T02:51:34.998+0000][1][safepoint    ] Total time for which application threads were stopped: 0.0000484 seconds, Stopping threads took: 0.0000065 seconds
[2019-12-09T02:51:34.999+0000][1][safepoint    ] Application time: 0.0003458 seconds
[2019-12-09T02:51:34.999+0000][1][safepoint    ] Entering safepoint region: RevokeBias
[2019-12-09T02:51:34.999+0000][1][safepoint    ] Leaving safepoint region
[2019-12-09T02:51:34.999+0000][1][safepoint    ] Total time for which application threads were stopped: 0.0000573 seconds, Stopping threads took: 0.0000088 seconds
[2019-12-09T02:51:34.999+0000][1][safepoint    ] Application time: 0.0000671 seconds
[2019-12-09T02:51:34.999+0000][1][safepoint    ] Entering safepoint region: RevokeBias
[2019-12-09T02:51:34.999+0000][1][safepoint    ] Leaving safepoint region
[2019-12-09T02:51:34.999+0000][1][safepoint    ] Total time for which application threads were stopped: 0.0000620 seconds, Stopping threads took: 0.0000164 seconds
[2019-12-09T02:51:34.999+0000][1][safepoint    ] Application time: 0.0000628 seconds
[2019-12-09T02:51:34.999+0000][1][safepoint    ] Entering safepoint region: RevokeBias
[2019-12-09T02:51:34.999+0000][1][safepoint    ] Leaving safepoint region
[2019-12-09T02:51:34.999+0000][1][safepoint    ] Total time for which application threads were stopped: 0.0000544 seconds, Stopping threads took: 0.0000081 seconds
[2019-12-09T02:51:34.999+0000][1][safepoint    ] Application time: 0.0000484 seconds
[2019-12-09T02:51:34.999+0000][1][safepoint    ] Entering safepoint region: RevokeBias
[2019-12-09T02:51:34.999+0000][1][safepoint    ] Leaving safepoint region
[2019-12-09T02:51:34.999+0000][1][safepoint    ] Total time for which application threads were stopped: 0.0000494 seconds, Stopping threads took: 0.0000071 seconds
[2019-12-09T02:51:36.152+0000][1][safepoint    ] Application time: 1.1526710 seconds
[2019-12-09T02:51:36.157+0000][1][safepoint    ] Entering safepoint region: Cleanup
[2019-12-09T02:51:36.157+0000][1][safepoint    ] Leaving safepoint region
[2019-12-09T02:51:36.157+0000][1][safepoint    ] Total time for which application threads were stopped: 0.0051341 seconds, Stopping threads took: 0.0050399 seconds
[2019-12-09T02:51:36.662+0000][1][safepoint    ] Application time: 0.5055082 seconds
[2019-12-09T02:51:36.662+0000][1][safepoint    ] Entering safepoint region: Deoptimize
[2019-12-09T02:51:36.663+0000][1][safepoint    ] Leaving safepoint region
[2019-12-09T02:51:36.663+0000][1][safepoint    ] Total time for which application threads were stopped: 0.0004299 seconds, Stopping threads took: 0.0000126 seconds
[2019-12-09T02:51:37.669+0000][1][safepoint    ] Application time: 1.0058267 seconds
[2019-12-09T02:51:37.669+0000][1][safepoint    ] Entering safepoint region: Cleanup
[2019-12-09T02:51:37.669+0000][1][safepoint    ] Leaving safepoint region
[2019-12-09T02:51:37.669+0000][1][safepoint    ] Total time for which application threads were stopped: 0.0001414 seconds, Stopping threads took: 0.0000561 seconds
[2019-12-09T02:51:37.821+0000][1][safepoint    ] Application time: 0.1517027 seconds
[2019-12-09T02:51:37.821+0000][1][safepoint    ] Entering safepoint region: RevokeBias
[2019-12-09T02:51:37.821+0000][1][safepoint    ] Leaving safepoint region
[2019-12-09T02:51:37.821+0000][1][safepoint    ] Total time for which application threads were stopped: 0.0001013 seconds, Stopping threads took: 0.0000129 seconds
[2019-12-09T02:51:38.823+0000][1][safepoint    ] Application time: 1.0019557 seconds
[2019-12-09T02:51:38.823+0000][1][safepoint    ] Entering safepoint region: Cleanup
[2019-12-09T02:51:38.823+0000][1][safepoint    ] Leaving safepoint region
[2019-12-09T02:51:38.823+0000][1][safepoint    ] Total time for which application threads were stopped: 0.0000670 seconds, Stopping threads took: 0.0000144 seconds
[2019-12-09T02:51:39.320+0000][1][safepoint    ] Application time: 0.4968958 seconds
[2019-12-09T02:51:39.320+0000][1][safepoint    ] Entering safepoint region: GenCollectForAllocation
[2019-12-09T02:51:39.320+0000][1][gc,start     ] GC(1) Pause Young (Allocation Failure)
[2019-12-09T02:51:39.320+0000][1][gc,task      ] GC(1) Using 2 workers of 2 for evacuation
[2019-12-09T02:51:39.646+0000][1][gc,age       ] GC(1) Desired survivor size 4456448 bytes, new threshold 6 (max threshold 6)
[2019-12-09T02:51:39.646+0000][1][gc,age       ] GC(1) Age table with threshold 6 (max threshold 6)
[2019-12-09T02:51:39.646+0000][1][gc,age       ] GC(1) - age   1:    1356944 bytes,    1356944 total
[2019-12-09T02:51:39.646+0000][1][gc,heap      ] GC(1) ParNew: 76339K->4110K(78656K)
[2019-12-09T02:51:39.646+0000][1][gc,heap      ] GC(1) CMS: 0K->6823K(174784K)
[2019-12-09T02:51:39.646+0000][1][gc,metaspace ] GC(1) Metaspace: 14924K->14924K(1062912K)
[2019-12-09T02:51:39.646+0000][1][gc           ] GC(1) Pause Young (Allocation Failure) 74M->10M(247M) 326.226ms
[2019-12-09T02:51:39.646+0000][1][gc,cpu       ] GC(1) User=0.06s Sys=0.00s Real=0.33s
[2019-12-09T02:51:39.646+0000][1][safepoint    ] Leaving safepoint region
[2019-12-09T02:51:39.646+0000][1][safepoint    ] Total time for which application threads were stopped: 0.3263987 seconds, Stopping threads took: 0.0000131 seconds
[2019-12-09T02:51:39.649+0000][1][safepoint    ] Application time: 0.0026854 seconds
[2019-12-09T02:51:39.719+0000][1][safepoint    ] Entering safepoint region: BulkRevokeBias
[2019-12-09T02:51:39.719+0000][1][safepoint    ] Leaving safepoint region
[2019-12-09T02:51:39.719+0000][1][safepoint    ] Total time for which application threads were stopped: 0.0701093 seconds, Stopping threads took: 0.0699602 seconds
[2019-12-09T02:51:39.721+0000][1][safepoint    ] Application time: 0.0017156 seconds
[2019-12-09T02:51:39.721+0000][1][safepoint    ] Entering safepoint region: RevokeBias
[2019-12-09T02:51:39.721+0000][1][safepoint    ] Leaving safepoint region
[2019-12-09T02:51:39.721+0000][1][safepoint    ] Total time for which application threads were stopped: 0.0000792 seconds, Stopping threads took: 0.0000110 seconds
[2019-12-09T02:51:39.721+0000][1][safepoint    ] Application time: 0.0000721 seconds
[2019-12-09T02:51:39.721+0000][1][safepoint    ] Entering safepoint region: RevokeBias
[2019-12-09T02:51:39.721+0000][1][safepoint    ] Leaving safepoint region
[2019-12-09T02:51:39.721+0000][1][safepoint    ] Total time for which application threads were stopped: 0.0000501 seconds, Stopping threads took: 0.0000069 seconds
[2019-12-09T02:51:39.721+0000][1][safepoint    ] Application time: 0.0000439 seconds
[2019-12-09T02:51:39.721+0000][1][safepoint    ] Entering safepoint region: RevokeBias
[2019-12-09T02:51:39.721+0000][1][safepoint    ] Leaving safepoint region
[2019-12-09T02:51:39.721+0000][1][safepoint    ] Total time for which application threads were stopped: 0.0000465 seconds, Stopping threads took: 0.0000068 seconds
[2019-12-09T02:51:39.721+0000][1][safepoint    ] Application time: 0.0000516 seconds
[2019-12-09T02:51:39.721+0000][1][safepoint    ] Entering safepoint region: RevokeBias
[2019-12-09T02:51:39.721+0000][1][safepoint    ] Leaving safepoint region
[2019-12-09T02:51:39.721+0000][1][safepoint    ] Total time for which application threads were stopped: 0.0000475 seconds, Stopping threads took: 0.0000067 seconds
[2019-12-09T02:51:39.721+0000][1][safepoint    ] Application time: 0.0000429 seconds
[2019-12-09T02:51:39.721+0000][1][safepoint    ] Entering safepoint region: RevokeBias
[2019-12-09T02:51:39.721+0000][1][safepoint    ] Leaving safepoint region
[2019-12-09T02:51:39.721+0000][1][safepoint    ] Total time for which application threads were stopped: 0.0000467 seconds, Stopping threads took: 0.0000070 seconds
[2019-12-09T02:51:39.721+0000][1][safepoint    ] Application time: 0.0000460 seconds
[2019-12-09T02:51:39.721+0000][1][safepoint    ] Entering safepoint region: BulkRevokeBias
[2019-12-09T02:51:39.721+0000][1][safepoint    ] Leaving safepoint region
[2019-12-09T02:51:39.721+0000][1][safepoint    ] Total time for which application threads were stopped: 0.0000751 seconds, Stopping threads took: 0.0000070 seconds
[2019-12-09T02:51:39.721+0000][1][safepoint    ] Application time: 0.0000440 seconds
[2019-12-09T02:51:39.721+0000][1][safepoint    ] Entering safepoint region: RevokeBias
[2019-12-09T02:51:39.721+0000][1][safepoint    ] Leaving safepoint region
[2019-12-09T02:51:39.722+0000][1][safepoint    ] Total time for which application threads were stopped: 0.0000497 seconds, Stopping threads took: 0.0000066 seconds
[2019-12-09T02:51:39.723+0000][1][safepoint    ] Application time: 0.0012342 seconds
[2019-12-09T02:51:39.723+0000][1][safepoint    ] Entering safepoint region: BulkRevokeBias
[2019-12-09T02:51:39.723+0000][1][safepoint    ] Leaving safepoint region
[2019-12-09T02:51:39.723+0000][1][safepoint    ] Total time for which application threads were stopped: 0.0001121 seconds, Stopping threads took: 0.0000110 seconds
[2019-12-09T02:51:40.724+0000][1][safepoint    ] Application time: 1.0008116 seconds
[2019-12-09T02:51:40.737+0000][1][safepoint    ] Entering safepoint region: Cleanup
[2019-12-09T02:51:40.737+0000][1][safepoint    ] Leaving safepoint region
[2019-12-09T02:51:40.737+0000][1][safepoint    ] Total time for which application threads were stopped: 0.0131114 seconds, Stopping threads took: 0.0130443 seconds
[2019-12-09T02:51:41.149+0000][1][safepoint    ] Application time: 0.4122717 seconds
[2019-12-09T02:51:41.149+0000][1][safepoint    ] Entering safepoint region: GenCollectForAllocation
[2019-12-09T02:51:41.149+0000][1][gc,start     ] GC(2) Pause Young (Allocation Failure)
[2019-12-09T02:51:41.149+0000][1][gc,task      ] GC(2) Using 2 workers of 2 for evacuation
[2019-12-09T02:51:41.161+0000][1][gc,age       ] GC(2) Desired survivor size 4456448 bytes, new threshold 6 (max threshold 6)
[2019-12-09T02:51:41.161+0000][1][gc,age       ] GC(2) Age table with threshold 6 (max threshold 6)
[2019-12-09T02:51:41.161+0000][1][gc,age       ] GC(2) - age   1:     545600 bytes,     545600 total
[2019-12-09T02:51:41.161+0000][1][gc,age       ] GC(2) - age   2:    1159808 bytes,    1705408 total
[2019-12-09T02:51:41.161+0000][1][gc,heap      ] GC(2) ParNew: 74062K->2038K(78656K)
[2019-12-09T02:51:41.161+0000][1][gc,heap      ] GC(2) CMS: 6823K->6823K(174784K)
[2019-12-09T02:51:41.161+0000][1][gc,metaspace ] GC(2) Metaspace: 15034K->15034K(1062912K)
[2019-12-09T02:51:41.161+0000][1][gc           ] GC(2) Pause Young (Allocation Failure) 78M->8M(247M) 11.879ms
[2019-12-09T02:51:41.161+0000][1][gc,cpu       ] GC(2) User=0.01s Sys=0.00s Real=0.01s
[2019-12-09T02:51:41.161+0000][1][safepoint    ] Leaving safepoint region
[2019-12-09T02:51:41.161+0000][1][safepoint    ] Total time for which application threads were stopped: 0.0120141 seconds, Stopping threads took: 0.0000147 seconds
[2019-12-09T02:51:41.178+0000][1][safepoint    ] Application time: 0.0166515 seconds
[2019-12-09T02:51:41.190+0000][1][safepoint    ] Entering safepoint region: RevokeBias
[2019-12-09T02:51:41.190+0000][1][safepoint    ] Leaving safepoint region
[2019-12-09T02:51:41.190+0000][1][safepoint    ] Total time for which application threads were stopped: 0.0120367 seconds, Stopping threads took: 0.0119013 seconds
[2019-12-09T02:51:41.190+0000][1][safepoint    ] Application time: 0.0000723 seconds
[2019-12-09T02:51:41.190+0000][1][safepoint    ] Entering safepoint region: RevokeBias
[2019-12-09T02:51:41.190+0000][1][safepoint    ] Leaving safepoint region
[2019-12-09T02:51:41.190+0000][1][safepoint    ] Total time for which application threads were stopped: 0.0001040 seconds, Stopping threads took: 0.0000093 seconds
[2019-12-09T02:51:41.190+0000][1][safepoint    ] Application time: 0.0000659 seconds
[2019-12-09T02:51:41.190+0000][1][safepoint    ] Entering safepoint region: RevokeBias
[2019-12-09T02:51:41.190+0000][1][safepoint    ] Leaving safepoint region
[2019-12-09T02:51:41.190+0000][1][safepoint    ] Total time for which application threads were stopped: 0.0001025 seconds, Stopping threads took: 0.0000082 seconds
[2019-12-09T02:51:41.190+0000][1][safepoint    ] Application time: 0.0000456 seconds
[2019-12-09T02:51:41.190+0000][1][safepoint    ] Entering safepoint region: RevokeBias
[2019-12-09T02:51:41.190+0000][1][safepoint    ] Leaving safepoint region
[2019-12-09T02:51:41.190+0000][1][safepoint    ] Total time for which application threads were stopped: 0.0000884 seconds, Stopping threads took: 0.0000066 seconds
[2019-12-09T02:51:41.191+0000][1][safepoint    ] Application time: 0.0000541 seconds
[2019-12-09T02:51:41.191+0000][1][safepoint    ] Entering safepoint region: RevokeBias
[2019-12-09T02:51:41.191+0000][1][safepoint    ] Leaving safepoint region
[2019-12-09T02:51:41.191+0000][1][safepoint    ] Total time for which application threads were stopped: 0.0000823 seconds, Stopping threads took: 0.0000070 seconds
[2019-12-09T02:51:41.191+0000][1][safepoint    ] Application time: 0.0000441 seconds
[2019-12-09T02:51:41.191+0000][1][safepoint    ] Entering safepoint region: RevokeBias
[2019-12-09T02:51:41.191+0000][1][safepoint    ] Leaving safepoint region
[2019-12-09T02:51:41.191+0000][1][safepoint    ] Total time for which application threads were stopped: 0.0001367 seconds, Stopping threads took: 0.0000393 seconds
[2019-12-09T02:51:41.191+0000][1][safepoint    ] Application time: 0.0000647 seconds
[2019-12-09T02:51:41.191+0000][1][safepoint    ] Entering safepoint region: RevokeBias
[2019-12-09T02:51:41.191+0000][1][safepoint    ] Leaving safepoint region
[2019-12-09T02:51:41.191+0000][1][safepoint    ] Total time for which application threads were stopped: 0.0001021 seconds, Stopping threads took: 0.0000088 seconds
[2019-12-09T02:51:41.191+0000][1][safepoint    ] Application time: 0.0000565 seconds
[2019-12-09T02:51:41.191+0000][1][safepoint    ] Entering safepoint region: RevokeBias
[2019-12-09T02:51:41.191+0000][1][safepoint    ] Leaving safepoint region
[2019-12-09T02:51:41.191+0000][1][safepoint    ] Total time for which application threads were stopped: 0.0000982 seconds, Stopping threads took: 0.0000089 seconds
[2019-12-09T02:51:42.236+0000][1][safepoint    ] Application time: 1.0448145 seconds
[2019-12-09T02:51:42.236+0000][1][safepoint    ] Entering safepoint region: Deoptimize
[2019-12-09T02:51:42.236+0000][1][safepoint    ] Leaving safepoint region
[2019-12-09T02:51:42.236+0000][1][safepoint    ] Total time for which application threads were stopped: 0.0004104 seconds, Stopping threads took: 0.0000131 seconds
[2019-12-09T02:51:42.237+0000][1][safepoint    ] Application time: 0.0004959 seconds
[2019-12-09T02:51:42.237+0000][1][safepoint    ] Entering safepoint region: Deoptimize
[2019-12-09T02:51:42.237+0000][1][safepoint    ] Leaving safepoint region
[2019-12-09T02:51:42.237+0000][1][safepoint    ] Total time for which application threads were stopped: 0.0002849 seconds, Stopping threads took: 0.0000121 seconds
[2019-12-09T02:51:43.243+0000][1][safepoint    ] Application time: 1.0054700 seconds
[2019-12-09T02:51:43.278+0000][1][safepoint    ] Entering safepoint region: Cleanup
[2019-12-09T02:51:43.278+0000][1][safepoint    ] Leaving safepoint region
[2019-12-09T02:51:43.278+0000][1][safepoint    ] Total time for which application threads were stopped: 0.0350969 seconds, Stopping threads took: 0.0350244 seconds
[2019-12-09T02:51:44.260+0000][1][safepoint    ] Application time: 0.9818871 seconds
[2019-12-09T02:51:44.260+0000][1][safepoint    ] Entering safepoint region: GenCollectForAllocation
[2019-12-09T02:51:44.260+0000][1][gc,start     ] GC(3) Pause Young (Allocation Failure)
[2019-12-09T02:51:44.260+0000][1][gc,task      ] GC(3) Using 2 workers of 2 for evacuation
[2019-12-09T02:51:44.380+0000][1][gc,age       ] GC(3) Desired survivor size 4456448 bytes, new threshold 3 (max threshold 6)
[2019-12-09T02:51:44.380+0000][1][gc,age       ] GC(3) Age table with threshold 3 (max threshold 6)
[2019-12-09T02:51:44.380+0000][1][gc,age       ] GC(3) - age   1:    3740504 bytes,    3740504 total
[2019-12-09T02:51:44.380+0000][1][gc,age       ] GC(3) - age   2:     532648 bytes,    4273152 total
[2019-12-09T02:51:44.380+0000][1][gc,age       ] GC(3) - age   3:    1157536 bytes,    5430688 total
[2019-12-09T02:51:44.380+0000][1][gc,heap      ] GC(3) ParNew: 71990K->6040K(78656K)
[2019-12-09T02:51:44.380+0000][1][gc,heap      ] GC(3) CMS: 6823K->6823K(174784K)
[2019-12-09T02:51:44.380+0000][1][gc,metaspace ] GC(3) Metaspace: 18568K->18568K(1067008K)
[2019-12-09T02:51:44.380+0000][1][gc           ] GC(3) Pause Young (Allocation Failure) 76M->12M(247M) 120.234ms
[2019-12-09T02:51:44.380+0000][1][gc,cpu       ] GC(3) User=0.04s Sys=0.00s Real=0.12s
[2019-12-09T02:51:44.380+0000][1][safepoint    ] Leaving safepoint region
[2019-12-09T02:51:44.380+0000][1][safepoint    ] Total time for which application threads were stopped: 0.1203965 seconds, Stopping threads took: 0.0000173 seconds
[2019-12-09T02:51:44.413+0000][1][safepoint    ] Application time: 0.0326057 seconds
[2019-12-09T02:51:44.472+0000][1][safepoint    ] Entering safepoint region: BulkRevokeBias
[2019-12-09T02:51:44.472+0000][1][safepoint    ] Leaving safepoint region
[2019-12-09T02:51:44.472+0000][1][safepoint    ] Total time for which application threads were stopped: 0.0591747 seconds, Stopping threads took: 0.0590102 seconds
[2019-12-09T02:51:44.473+0000][1][safepoint    ] Application time: 0.0007465 seconds
[2019-12-09T02:51:44.473+0000][1][safepoint    ] Entering safepoint region: RevokeBias
[2019-12-09T02:51:44.473+0000][1][safepoint    ] Leaving safepoint region
[2019-12-09T02:51:44.473+0000][1][safepoint    ] Total time for which application threads were stopped: 0.0000662 seconds, Stopping threads took: 0.0000113 seconds
[2019-12-09T02:51:44.473+0000][1][safepoint    ] Application time: 0.0000692 seconds
[2019-12-09T02:51:44.473+0000][1][safepoint    ] Entering safepoint region: RevokeBias
[2019-12-09T02:51:44.473+0000][1][safepoint    ] Leaving safepoint region
[2019-12-09T02:51:44.473+0000][1][safepoint    ] Total time for which application threads were stopped: 0.0000443 seconds, Stopping threads took: 0.0000073 seconds
[2019-12-09T02:51:44.473+0000][1][safepoint    ] Application time: 0.0000459 seconds
[2019-12-09T02:51:44.473+0000][1][safepoint    ] Entering safepoint region: RevokeBias
[2019-12-09T02:51:44.473+0000][1][safepoint    ] Leaving safepoint region
[2019-12-09T02:51:44.473+0000][1][safepoint    ] Total time for which application threads were stopped: 0.0000421 seconds, Stopping threads took: 0.0000072 seconds
[2019-12-09T02:51:44.473+0000][1][safepoint    ] Application time: 0.0000498 seconds
[2019-12-09T02:51:44.473+0000][1][safepoint    ] Entering safepoint region: RevokeBias
[2019-12-09T02:51:44.473+0000][1][safepoint    ] Leaving safepoint region
[2019-12-09T02:51:44.473+0000][1][safepoint    ] Total time for which application threads were stopped: 0.0000409 seconds, Stopping threads took: 0.0000065 seconds
[2019-12-09T02:51:44.473+0000][1][safepoint    ] Application time: 0.0000477 seconds
[2019-12-09T02:51:44.473+0000][1][safepoint    ] Entering safepoint region: RevokeBias
[2019-12-09T02:51:44.473+0000][1][safepoint    ] Leaving safepoint region
[2019-12-09T02:51:44.473+0000][1][safepoint    ] Total time for which application threads were stopped: 0.0000421 seconds, Stopping threads took: 0.0000068 seconds
[2019-12-09T02:51:44.473+0000][1][safepoint    ] Application time: 0.0000527 seconds
[2019-12-09T02:51:44.473+0000][1][safepoint    ] Entering safepoint region: RevokeBias
[2019-12-09T02:51:44.473+0000][1][safepoint    ] Leaving safepoint region
[2019-12-09T02:51:44.473+0000][1][safepoint    ] Total time for which application threads were stopped: 0.0000426 seconds, Stopping threads took: 0.0000069 seconds
[2019-12-09T02:51:44.473+0000][1][safepoint    ] Application time: 0.0000434 seconds
[2019-12-09T02:51:44.473+0000][1][safepoint    ] Entering safepoint region: RevokeBias
[2019-12-09T02:51:44.473+0000][1][safepoint    ] Leaving safepoint region
[2019-12-09T02:51:44.474+0000][1][safepoint    ] Total time for which application threads were stopped: 0.0000393 seconds, Stopping threads took: 0.0000065 seconds
[2019-12-09T02:51:44.474+0000][1][safepoint    ] Application time: 0.0000479 seconds
[2019-12-09T02:51:44.474+0000][1][safepoint    ] Entering safepoint region: RevokeBias
[2019-12-09T02:51:44.474+0000][1][safepoint    ] Leaving safepoint region
[2019-12-09T02:51:44.474+0000][1][safepoint    ] Total time for which application threads were stopped: 0.0000405 seconds, Stopping threads took: 0.0000068 seconds
[2019-12-09T02:51:44.474+0000][1][safepoint    ] Application time: 0.0000435 seconds
[2019-12-09T02:51:44.474+0000][1][safepoint    ] Entering safepoint region: RevokeBias
[2019-12-09T02:51:44.474+0000][1][safepoint    ] Leaving safepoint region
[2019-12-09T02:51:44.474+0000][1][safepoint    ] Total time for which application threads were stopped: 0.0000577 seconds, Stopping threads took: 0.0000072 seconds
[2019-12-09T02:51:44.474+0000][1][safepoint    ] Application time: 0.0000485 seconds
[2019-12-09T02:51:44.474+0000][1][safepoint    ] Entering safepoint region: RevokeBias
[2019-12-09T02:51:44.474+0000][1][safepoint    ] Leaving safepoint region
[2019-12-09T02:51:44.474+0000][1][safepoint    ] Total time for which application threads were stopped: 0.0000456 seconds, Stopping threads took: 0.0000065 seconds
[2019-12-09T02:51:44.474+0000][1][safepoint    ] Application time: 0.0000437 seconds
[2019-12-09T02:51:44.474+0000][1][safepoint    ] Entering safepoint region: RevokeBias
[2019-12-09T02:51:44.474+0000][1][safepoint    ] Leaving safepoint region
[2019-12-09T02:51:44.474+0000][1][safepoint    ] Total time for which application threads were stopped: 0.0000399 seconds, Stopping threads took: 0.0000067 seconds
[2019-12-09T02:51:44.474+0000][1][safepoint    ] Application time: 0.0000477 seconds
[2019-12-09T02:51:44.474+0000][1][safepoint    ] Entering safepoint region: RevokeBias
[2019-12-09T02:51:44.474+0000][1][safepoint    ] Leaving safepoint region
[2019-12-09T02:51:44.474+0000][1][safepoint    ] Total time for which application threads were stopped: 0.0000395 seconds, Stopping threads took: 0.0000066 seconds
[2019-12-09T02:51:44.474+0000][1][safepoint    ] Application time: 0.0001961 seconds
[2019-12-09T02:51:44.474+0000][1][safepoint    ] Entering safepoint region: RevokeBias
[2019-12-09T02:51:44.474+0000][1][safepoint    ] Leaving safepoint region
[2019-12-09T02:51:44.474+0000][1][safepoint    ] Total time for which application threads were stopped: 0.0000491 seconds, Stopping threads took: 0.0000077 seconds
[2019-12-09T02:51:44.474+0000][1][safepoint    ] Application time: 0.0000458 seconds
[2019-12-09T02:51:44.474+0000][1][safepoint    ] Entering safepoint region: RevokeBias
[2019-12-09T02:51:44.474+0000][1][safepoint    ] Leaving safepoint region
[2019-12-09T02:51:44.474+0000][1][safepoint    ] Total time for which application threads were stopped: 0.0000407 seconds, Stopping threads took: 0.0000064 seconds
[2019-12-09T02:51:44.474+0000][1][safepoint    ] Application time: 0.0000476 seconds
[2019-12-09T02:51:44.474+0000][1][safepoint    ] Entering safepoint region: RevokeBias
[2019-12-09T02:51:44.474+0000][1][safepoint    ] Leaving safepoint region
[2019-12-09T02:51:44.474+0000][1][safepoint    ] Total time for which application threads were stopped: 0.0000404 seconds, Stopping threads took: 0.0000068 seconds
[2019-12-09T02:51:44.476+0000][1][safepoint    ] Application time: 0.0012169 seconds
[2019-12-09T02:51:44.476+0000][1][safepoint    ] Entering safepoint region: RevokeBias
[2019-12-09T02:51:44.476+0000][1][safepoint    ] Leaving safepoint region
[2019-12-09T02:51:44.476+0000][1][safepoint    ] Total time for which application threads were stopped: 0.0000597 seconds, Stopping threads took: 0.0000107 seconds
[2019-12-09T02:51:45.390+0000][1][safepoint    ] Application time: 0.9145454 seconds
[2019-12-09T02:51:45.390+0000][1][safepoint    ] Entering safepoint region: GenCollectForAllocation
[2019-12-09T02:51:45.390+0000][1][gc,start     ] GC(4) Pause Young (Allocation Failure)
[2019-12-09T02:51:45.391+0000][1][gc,task      ] GC(4) Using 2 workers of 2 for evacuation
[2019-12-09T02:51:45.551+0000][1][gc,age       ] GC(4) Desired survivor size 4456448 bytes, new threshold 2 (max threshold 6)
[2019-12-09T02:51:45.551+0000][1][gc,age       ] GC(4) Age table with threshold 2 (max threshold 6)
[2019-12-09T02:51:45.551+0000][1][gc,age       ] GC(4) - age   1:    1794400 bytes,    1794400 total
[2019-12-09T02:51:45.551+0000][1][gc,age       ] GC(4) - age   2:    3179576 bytes,    4973976 total
[2019-12-09T02:51:45.551+0000][1][gc,age       ] GC(4) - age   3:     532648 bytes,    5506624 total
[2019-12-09T02:51:45.551+0000][1][gc,heap      ] GC(4) ParNew: 75992K->6022K(78656K)
[2019-12-09T02:51:45.551+0000][1][gc,heap      ] GC(4) CMS: 6823K->7969K(174784K)
[2019-12-09T02:51:45.551+0000][1][gc,metaspace ] GC(4) Metaspace: 18799K->18799K(1067008K)
[2019-12-09T02:51:45.551+0000][1][gc           ] GC(4) Pause Young (Allocation Failure) 80M->13M(247M) 160.132ms
[2019-12-09T02:51:45.551+0000][1][gc,cpu       ] GC(4) User=0.03s Sys=0.00s Real=0.16s
[2019-12-09T02:51:45.551+0000][1][safepoint    ] Leaving safepoint region
[2019-12-09T02:51:45.551+0000][1][safepoint    ] Total time for which application threads were stopped: 0.1603006 seconds, Stopping threads took: 0.0000133 seconds
[2019-12-09T02:51:45.553+0000][1][safepoint    ] Application time: 0.0021131 seconds
[2019-12-09T02:51:45.557+0000][1][safepoint    ] Entering safepoint region: RevokeBias
[2019-12-09T02:51:45.557+0000][1][safepoint    ] Leaving safepoint region
[2019-12-09T02:51:45.557+0000][1][safepoint    ] Total time for which application threads were stopped: 0.0040455 seconds, Stopping threads took: 0.0039562 seconds
[2019-12-09T02:51:45.557+0000][1][safepoint    ] Application time: 0.0000695 seconds
[2019-12-09T02:51:45.557+0000][1][safepoint    ] Entering safepoint region: RevokeBias
[2019-12-09T02:51:45.557+0000][1][safepoint    ] Leaving safepoint region
[2019-12-09T02:51:45.557+0000][1][safepoint    ] Total time for which application threads were stopped: 0.0000674 seconds, Stopping threads took: 0.0000093 seconds
[2019-12-09T02:51:45.557+0000][1][safepoint    ] Application time: 0.0000607 seconds
[2019-12-09T02:51:45.557+0000][1][safepoint    ] Entering safepoint region: RevokeBias
[2019-12-09T02:51:45.557+0000][1][safepoint    ] Leaving safepoint region
[2019-12-09T02:51:45.557+0000][1][safepoint    ] Total time for which application threads were stopped: 0.0000627 seconds, Stopping threads took: 0.0000075 seconds
[2019-12-09T02:51:45.557+0000][1][safepoint    ] Application time: 0.0000557 seconds
[2019-12-09T02:51:45.557+0000][1][safepoint    ] Entering safepoint region: RevokeBias
[2019-12-09T02:51:45.557+0000][1][safepoint    ] Leaving safepoint region
[2019-12-09T02:51:45.557+0000][1][safepoint    ] Total time for which application threads were stopped: 0.0000621 seconds, Stopping threads took: 0.0000082 seconds
[2019-12-09T02:51:45.744+0000][1][safepoint    ] Application time: 0.1863197 seconds
[2019-12-09T02:51:45.744+0000][1][safepoint    ] Entering safepoint region: Deoptimize
[2019-12-09T02:51:45.744+0000][1][safepoint    ] Leaving safepoint region
[2019-12-09T02:51:45.744+0000][1][safepoint    ] Total time for which application threads were stopped: 0.0004336 seconds, Stopping threads took: 0.0000168 seconds
[2019-12-09T02:51:46.107+0000][1][safepoint    ] Application time: 0.3625718 seconds
[2019-12-09T02:51:46.107+0000][1][safepoint    ] Entering safepoint region: Deoptimize
[2019-12-09T02:51:46.107+0000][1][safepoint    ] Leaving safepoint region
[2019-12-09T02:51:46.107+0000][1][safepoint    ] Total time for which application threads were stopped: 0.0004063 seconds, Stopping threads took: 0.0000139 seconds
[2019-12-09T02:51:47.057+0000][1][safepoint    ] Application time: 0.9495518 seconds
[2019-12-09T02:51:47.057+0000][1][safepoint    ] Entering safepoint region: GenCollectForAllocation
[2019-12-09T02:51:47.057+0000][1][gc,start     ] GC(5) Pause Young (Allocation Failure)
[2019-12-09T02:51:47.057+0000][1][gc,task      ] GC(5) Using 2 workers of 2 for evacuation
[2019-12-09T02:51:47.120+0000][1][gc,age       ] GC(5) Desired survivor size 4456448 bytes, new threshold 6 (max threshold 6)
[2019-12-09T02:51:47.120+0000][1][gc,age       ] GC(5) Age table with threshold 6 (max threshold 6)
[2019-12-09T02:51:47.120+0000][1][gc,age       ] GC(5) - age   1:    2798328 bytes,    2798328 total
[2019-12-09T02:51:47.120+0000][1][gc,age       ] GC(5) - age   2:     443712 bytes,    3242040 total
[2019-12-09T02:51:47.120+0000][1][gc,heap      ] GC(5) ParNew: 75974K->5036K(78656K)
[2019-12-09T02:51:47.120+0000][1][gc,heap      ] GC(5) CMS: 7969K->11624K(174784K)
[2019-12-09T02:51:47.120+0000][1][gc,metaspace ] GC(5) Metaspace: 19133K->19133K(1067008K)
[2019-12-09T02:51:47.120+0000][1][gc           ] GC(5) Pause Young (Allocation Failure) 81M->16M(247M) 63.105ms
[2019-12-09T02:51:47.120+0000][1][gc,cpu       ] GC(5) User=0.03s Sys=0.00s Real=0.06s
[2019-12-09T02:51:47.120+0000][1][safepoint    ] Leaving safepoint region
[2019-12-09T02:51:47.120+0000][1][safepoint    ] Total time for which application threads were stopped: 0.0632473 seconds, Stopping threads took: 0.0000139 seconds
[2019-12-09T02:51:47.154+0000][1][safepoint    ] Application time: 0.0338248 seconds
[2019-12-09T02:51:47.198+0000][1][safepoint    ] Entering safepoint region: RevokeBias
[2019-12-09T02:51:47.198+0000][1][safepoint    ] Leaving safepoint region
[2019-12-09T02:51:47.198+0000][1][safepoint    ] Total time for which application threads were stopped: 0.0445514 seconds, Stopping threads took: 0.0444610 seconds
[2019-12-09T02:51:47.199+0000][1][safepoint    ] Application time: 0.0000702 seconds
[2019-12-09T02:51:47.199+0000][1][safepoint    ] Entering safepoint region: RevokeBias
[2019-12-09T02:51:47.199+0000][1][safepoint    ] Leaving safepoint region
[2019-12-09T02:51:47.199+0000][1][safepoint    ] Total time for which application threads were stopped: 0.0000595 seconds, Stopping threads took: 0.0000094 seconds
[2019-12-09T02:51:47.199+0000][1][safepoint    ] Application time: 0.0000628 seconds
[2019-12-09T02:51:47.199+0000][1][safepoint    ] Entering safepoint region: RevokeBias
[2019-12-09T02:51:47.199+0000][1][safepoint    ] Leaving safepoint region
[2019-12-09T02:51:47.199+0000][1][safepoint    ] Total time for which application threads were stopped: 0.0000828 seconds, Stopping threads took: 0.0000176 seconds
[2019-12-09T02:51:47.199+0000][1][safepoint    ] Application time: 0.0000464 seconds
[2019-12-09T02:51:47.199+0000][1][safepoint    ] Entering safepoint region: RevokeBias
[2019-12-09T02:51:47.199+0000][1][safepoint    ] Leaving safepoint region
[2019-12-09T02:51:47.199+0000][1][safepoint    ] Total time for which application threads were stopped: 0.0000489 seconds, Stopping threads took: 0.0000073 seconds
[2019-12-09T02:51:47.199+0000][1][safepoint    ] Application time: 0.0000505 seconds
[2019-12-09T02:51:47.199+0000][1][safepoint    ] Entering safepoint region: RevokeBias
[2019-12-09T02:51:47.199+0000][1][safepoint    ] Leaving safepoint region
[2019-12-09T02:51:47.199+0000][1][safepoint    ] Total time for which application threads were stopped: 0.0000478 seconds, Stopping threads took: 0.0000070 seconds
[2019-12-09T02:51:47.199+0000][1][safepoint    ] Application time: 0.0000440 seconds
[2019-12-09T02:51:47.199+0000][1][safepoint    ] Entering safepoint region: RevokeBias
[2019-12-09T02:51:47.199+0000][1][safepoint    ] Leaving safepoint region
[2019-12-09T02:51:47.199+0000][1][safepoint    ] Total time for which application threads were stopped: 0.0000472 seconds, Stopping threads took: 0.0000071 seconds
[2019-12-09T02:51:47.967+0000][1][safepoint    ] Application time: 0.7675194 seconds
[2019-12-09T02:51:47.967+0000][1][safepoint    ] Entering safepoint region: RevokeBias
[2019-12-09T02:51:47.967+0000][1][safepoint    ] Leaving safepoint region
[2019-12-09T02:51:47.967+0000][1][safepoint    ] Total time for which application threads were stopped: 0.0000888 seconds, Stopping threads took: 0.0000126 seconds
[2019-12-09T02:51:47.967+0000][1][safepoint    ] Application time: 0.0003873 seconds
[2019-12-09T02:51:47.967+0000][1][safepoint    ] Entering safepoint region: RevokeBias
[2019-12-09T02:51:47.967+0000][1][safepoint    ] Leaving safepoint region
[2019-12-09T02:51:47.967+0000][1][safepoint    ] Total time for which application threads were stopped: 0.0000472 seconds, Stopping threads took: 0.0000101 seconds
[2019-12-09T02:51:48.304+0000][1][safepoint    ] Application time: 0.3367743 seconds
[2019-12-09T02:51:48.304+0000][1][safepoint    ] Entering safepoint region: GenCollectForAllocation
[2019-12-09T02:51:48.304+0000][1][gc,start     ] GC(6) Pause Young (Allocation Failure)
[2019-12-09T02:51:48.304+0000][1][gc,task      ] GC(6) Using 2 workers of 2 for evacuation
[2019-12-09T02:51:48.369+0000][1][gc,age       ] GC(6) Desired survivor size 4456448 bytes, new threshold 6 (max threshold 6)
[2019-12-09T02:51:48.369+0000][1][gc,age       ] GC(6) Age table with threshold 6 (max threshold 6)
[2019-12-09T02:51:48.369+0000][1][gc,age       ] GC(6) - age   1:    1407224 bytes,    1407224 total
[2019-12-09T02:51:48.369+0000][1][gc,age       ] GC(6) - age   2:    2191248 bytes,    3598472 total
[2019-12-09T02:51:48.369+0000][1][gc,age       ] GC(6) - age   3:     443712 bytes,    4042184 total
[2019-12-09T02:51:48.369+0000][1][gc,heap      ] GC(6) ParNew: 74988K->7267K(78656K)
[2019-12-09T02:51:48.369+0000][1][gc,heap      ] GC(6) CMS: 11624K->11624K(174784K)
[2019-12-09T02:51:48.369+0000][1][gc,metaspace ] GC(6) Metaspace: 19436K->19436K(1067008K)
[2019-12-09T02:51:48.369+0000][1][gc           ] GC(6) Pause Young (Allocation Failure) 84M->18M(247M) 64.868ms
[2019-12-09T02:51:48.369+0000][1][gc,cpu       ] GC(6) User=0.02s Sys=0.00s Real=0.07s
[2019-12-09T02:51:48.369+0000][1][safepoint    ] Leaving safepoint region
[2019-12-09T02:51:48.369+0000][1][safepoint    ] Total time for which application threads were stopped: 0.0650031 seconds, Stopping threads took: 0.0000133 seconds
[2019-12-09T02:51:48.373+0000][1][safepoint    ] Application time: 0.0038106 seconds
[2019-12-09T02:51:48.417+0000][1][safepoint    ] Entering safepoint region: RevokeBias
[2019-12-09T02:51:48.417+0000][1][safepoint    ] Leaving safepoint region
[2019-12-09T02:51:48.417+0000][1][safepoint    ] Total time for which application threads were stopped: 0.0438854 seconds, Stopping threads took: 0.0437904 seconds
[2019-12-09T02:51:48.419+0000][1][safepoint    ] Application time: 0.0020001 seconds
[2019-12-09T02:51:48.419+0000][1][safepoint    ] Entering safepoint region: BulkRevokeBias
[2019-12-09T02:51:48.419+0000][1][safepoint    ] Leaving safepoint region
[2019-12-09T02:51:48.419+0000][1][safepoint    ] Total time for which application threads were stopped: 0.0001223 seconds, Stopping threads took: 0.0000129 seconds
[2019-12-09T02:51:48.419+0000][1][safepoint    ] Application time: 0.0000697 seconds
[2019-12-09T02:51:48.419+0000][1][safepoint    ] Entering safepoint region: BulkRevokeBias
[2019-12-09T02:51:48.419+0000][1][safepoint    ] Leaving safepoint region
[2019-12-09T02:51:48.419+0000][1][safepoint    ] Total time for which application threads were stopped: 0.0000713 seconds, Stopping threads took: 0.0000098 seconds
[2019-12-09T02:51:49.381+0000][1][safepoint    ] Application time: 0.9624109 seconds
[2019-12-09T02:51:49.381+0000][1][safepoint    ] Entering safepoint region: GenCollectForAllocation
[2019-12-09T02:51:49.382+0000][1][gc,start     ] GC(7) Pause Young (Allocation Failure)
[2019-12-09T02:51:49.382+0000][1][gc,task      ] GC(7) Using 2 workers of 2 for evacuation
[2019-12-09T02:51:49.545+0000][1][gc,age       ] GC(7) Desired survivor size 4456448 bytes, new threshold 6 (max threshold 6)
[2019-12-09T02:51:49.545+0000][1][gc,age       ] GC(7) Age table with threshold 6 (max threshold 6)
[2019-12-09T02:51:49.545+0000][1][gc,age       ] GC(7) - age   1:     388328 bytes,     388328 total
[2019-12-09T02:51:49.545+0000][1][gc,age       ] GC(7) - age   2:    1128800 bytes,    1517128 total
[2019-12-09T02:51:49.545+0000][1][gc,age       ] GC(7) - age   3:    2191168 bytes,    3708296 total
[2019-12-09T02:51:49.545+0000][1][gc,age       ] GC(7) - age   4:     443712 bytes,    4152008 total
[2019-12-09T02:51:49.545+0000][1][gc,heap      ] GC(7) ParNew: 77219K->6139K(78656K)
[2019-12-09T02:51:49.545+0000][1][gc,heap      ] GC(7) CMS: 11624K->11624K(174784K)
[2019-12-09T02:51:49.545+0000][1][gc,metaspace ] GC(7) Metaspace: 19711K->19711K(1067008K)
[2019-12-09T02:51:49.545+0000][1][gc           ] GC(7) Pause Young (Allocation Failure) 86M->17M(247M) 163.394ms
[2019-12-09T02:51:49.545+0000][1][gc,cpu       ] GC(7) User=0.01s Sys=0.00s Real=0.17s
[2019-12-09T02:51:49.545+0000][1][safepoint    ] Leaving safepoint region
[2019-12-09T02:51:49.545+0000][1][safepoint    ] Total time for which application threads were stopped: 0.1635260 seconds, Stopping threads took: 0.0000137 seconds
[2019-12-09T02:51:50.056+0000][1][safepoint    ] Application time: 0.5111111 seconds
[2019-12-09T02:51:50.056+0000][1][safepoint    ] Entering safepoint region: CollectForMetadataAllocation
[2019-12-09T02:51:50.056+0000][1][safepoint    ] Leaving safepoint region
[2019-12-09T02:51:50.056+0000][1][safepoint    ] Total time for which application threads were stopped: 0.0002478 seconds, Stopping threads took: 0.0000127 seconds
[2019-12-09T02:51:50.337+0000][1][safepoint    ] Application time: 0.2803057 seconds
[2019-12-09T02:51:50.337+0000][1][safepoint    ] Entering safepoint region: CollectForMetadataAllocation
[2019-12-09T02:51:50.337+0000][1][safepoint    ] Leaving safepoint region
[2019-12-09T02:51:50.337+0000][1][safepoint    ] Total time for which application threads were stopped: 0.0002341 seconds, Stopping threads took: 0.0000138 seconds
[2019-12-09T02:51:51.150+0000][1][safepoint    ] Application time: 0.8130489 seconds
[2019-12-09T02:51:51.150+0000][1][safepoint    ] Entering safepoint region: GenCollectForAllocation
[2019-12-09T02:51:51.150+0000][1][gc,start     ] GC(8) Pause Young (Allocation Failure)
[2019-12-09T02:51:51.150+0000][1][gc,task      ] GC(8) Using 2 workers of 2 for evacuation
[2019-12-09T02:51:51.316+0000][1][gc,age       ] GC(8) Desired survivor size 4456448 bytes, new threshold 4 (max threshold 6)
[2019-12-09T02:51:51.316+0000][1][gc,age       ] GC(8) Age table with threshold 4 (max threshold 6)
[2019-12-09T02:51:51.316+0000][1][gc,age       ] GC(8) - age   1:     815936 bytes,     815936 total
[2019-12-09T02:51:51.316+0000][1][gc,age       ] GC(8) - age   2:     360400 bytes,    1176336 total
[2019-12-09T02:51:51.316+0000][1][gc,age       ] GC(8) - age   3:    1128656 bytes,    2304992 total
[2019-12-09T02:51:51.316+0000][1][gc,age       ] GC(8) - age   4:    2188952 bytes,    4493944 total
[2019-12-09T02:51:51.316+0000][1][gc,age       ] GC(8) - age   5:     443712 bytes,    4937656 total
[2019-12-09T02:51:51.316+0000][1][gc,heap      ] GC(8) ParNew: 76091K->5268K(78656K)
[2019-12-09T02:51:51.316+0000][1][gc,heap      ] GC(8) CMS: 11624K->11624K(174784K)
[2019-12-09T02:51:51.316+0000][1][gc,metaspace ] GC(8) Metaspace: 20522K->20522K(1069056K)
[2019-12-09T02:51:51.316+0000][1][gc           ] GC(8) Pause Young (Allocation Failure) 85M->16M(247M) 165.739ms
[2019-12-09T02:51:51.316+0000][1][gc,cpu       ] GC(8) User=0.03s Sys=0.00s Real=0.17s
[2019-12-09T02:51:51.316+0000][1][safepoint    ] Leaving safepoint region
[2019-12-09T02:51:51.316+0000][1][safepoint    ] Total time for which application threads were stopped: 0.1658711 seconds, Stopping threads took: 0.0000140 seconds
[2019-12-09T02:51:51.318+0000][1][safepoint    ] Application time: 0.0018349 seconds
[2019-12-09T02:51:51.404+0000][1][safepoint    ] Entering safepoint region: CMS_Initial_Mark
[2019-12-09T02:51:51.404+0000][1][gc,start     ] GC(9) Pause Initial Mark
[2019-12-09T02:51:51.407+0000][1][gc           ] GC(9) Pause Initial Mark 17M->17M(247M) 3.378ms
[2019-12-09T02:51:51.407+0000][1][gc,cpu       ] GC(9) User=0.00s Sys=0.00s Real=0.01s
[2019-12-09T02:51:51.407+0000][1][safepoint    ] Leaving safepoint region
[2019-12-09T02:51:51.407+0000][1][safepoint    ] Total time for which application threads were stopped: 0.0895986 seconds, Stopping threads took: 0.0861127 seconds
[2019-12-09T02:51:51.407+0000][1][gc           ] GC(9) Concurrent Mark
[2019-12-09T02:51:51.512+0000][1][gc           ] GC(9) Concurrent Mark 104.371ms
[2019-12-09T02:51:51.512+0000][1][gc,cpu       ] GC(9) User=0.04s Sys=0.00s Real=0.10s
[2019-12-09T02:51:51.512+0000][1][gc           ] GC(9) Concurrent Preclean
[2019-12-09T02:51:51.512+0000][1][gc           ] GC(9) Concurrent Preclean 0.424ms
[2019-12-09T02:51:51.512+0000][1][gc,cpu       ] GC(9) User=0.00s Sys=0.00s Real=0.00s
[2019-12-09T02:51:51.512+0000][1][gc           ] GC(9) Concurrent Abortable Preclean
[2019-12-09T02:51:52.450+0000][1][safepoint    ] Application time: 1.0422732 seconds
[2019-12-09T02:51:52.510+0000][1][safepoint    ] Entering safepoint region: Cleanup
[2019-12-09T02:51:52.510+0000][1][safepoint    ] Leaving safepoint region
[2019-12-09T02:51:52.510+0000][1][safepoint    ] Total time for which application threads were stopped: 0.0600276 seconds, Stopping threads took: 0.0599809 seconds
[2019-12-09T02:51:52.682+0000][1][safepoint    ] Application time: 0.1719106 seconds
[2019-12-09T02:51:52.682+0000][1][safepoint    ] Entering safepoint region: GenCollectForAllocation
[2019-12-09T02:51:52.682+0000][1][gc,start     ] GC(10) Pause Young (Allocation Failure)
[2019-12-09T02:51:52.682+0000][1][gc,task      ] GC(10) Using 2 workers of 2 for evacuation
[2019-12-09T02:51:52.753+0000][1][gc           ] GC(9) Concurrent Abortable Preclean 1240.312ms
[2019-12-09T02:51:52.753+0000][1][gc,cpu       ] GC(9) User=0.34s Sys=0.01s Real=1.24s
[2019-12-09T02:51:52.784+0000][1][gc,age       ] GC(10) Desired survivor size 4456448 bytes, new threshold 6 (max threshold 6)
[2019-12-09T02:51:52.784+0000][1][gc,age       ] GC(10) Age table with threshold 6 (max threshold 6)
[2019-12-09T02:51:52.784+0000][1][gc,age       ] GC(10) - age   1:     924664 bytes,     924664 total
[2019-12-09T02:51:52.784+0000][1][gc,age       ] GC(10) - age   2:     650408 bytes,    1575072 total
[2019-12-09T02:51:52.784+0000][1][gc,age       ] GC(10) - age   3:     360400 bytes,    1935472 total
[2019-12-09T02:51:52.784+0000][1][gc,age       ] GC(10) - age   4:    1128656 bytes,    3064128 total
[2019-12-09T02:51:52.784+0000][1][gc,heap      ] GC(10) ParNew: 75220K->4494K(78656K)
[2019-12-09T02:51:52.784+0000][1][gc,heap      ] GC(10) CMS: 11624K->14213K(174784K)
[2019-12-09T02:51:52.784+0000][1][gc,metaspace ] GC(10) Metaspace: 20628K->20628K(1069056K)
[2019-12-09T02:51:52.784+0000][1][gc           ] GC(10) Pause Young (Allocation Failure) 84M->18M(247M) 102.143ms
[2019-12-09T02:51:52.784+0000][1][gc,cpu       ] GC(10) User=0.03s Sys=0.00s Real=0.10s
[2019-12-09T02:51:52.784+0000][1][safepoint    ] Leaving safepoint region
[2019-12-09T02:51:52.784+0000][1][safepoint    ] Total time for which application threads were stopped: 0.1022831 seconds, Stopping threads took: 0.0000262 seconds
[2019-12-09T02:51:52.799+0000][1][safepoint    ] Application time: 0.0147002 seconds
[2019-12-09T02:51:52.853+0000][1][safepoint    ] Entering safepoint region: CMS_Final_Remark
[2019-12-09T02:51:52.853+0000][1][gc,start     ] GC(9) Pause Remark
[2019-12-09T02:51:53.090+0000][1][gc           ] GC(9) Pause Remark 20M->20M(247M) 237.181ms
[2019-12-09T02:51:53.090+0000][1][gc,cpu       ] GC(9) User=0.05s Sys=0.00s Real=0.24s
[2019-12-09T02:51:53.090+0000][1][safepoint    ] Leaving safepoint region
[2019-12-09T02:51:53.090+0000][1][safepoint    ] Total time for which application threads were stopped: 0.2912941 seconds, Stopping threads took: 0.0540001 seconds
[2019-12-09T02:51:53.109+0000][1][gc           ] GC(9) Concurrent Sweep
[2019-12-09T02:51:53.158+0000][1][gc           ] GC(9) Concurrent Sweep 49.543ms
[2019-12-09T02:51:53.158+0000][1][gc,cpu       ] GC(9) User=0.01s Sys=0.00s Real=0.05s
[2019-12-09T02:51:53.158+0000][1][gc           ] GC(9) Concurrent Reset
[2019-12-09T02:51:53.159+0000][1][gc           ] GC(9) Concurrent Reset 0.305ms
[2019-12-09T02:51:53.159+0000][1][gc,cpu       ] GC(9) User=0.00s Sys=0.00s Real=0.00s
[2019-12-09T02:51:53.159+0000][1][gc,heap      ] GC(9) Old: 11624K->14203K(174784K)
[2019-12-09T02:51:53.977+0000][1][safepoint    ] Application time: 0.8869544 seconds
[2019-12-09T02:51:53.977+0000][1][safepoint    ] Entering safepoint region: GenCollectForAllocation
[2019-12-09T02:51:53.978+0000][1][gc,start     ] GC(11) Pause Young (Allocation Failure)
[2019-12-09T02:51:53.978+0000][1][gc,task      ] GC(11) Using 2 workers of 2 for evacuation
[2019-12-09T02:51:54.076+0000][1][gc,age       ] GC(11) Desired survivor size 4456448 bytes, new threshold 6 (max threshold 6)
[2019-12-09T02:51:54.076+0000][1][gc,age       ] GC(11) Age table with threshold 6 (max threshold 6)
[2019-12-09T02:51:54.076+0000][1][gc,age       ] GC(11) - age   1:     820680 bytes,     820680 total
[2019-12-09T02:51:54.076+0000][1][gc,age       ] GC(11) - age   2:      97424 bytes,     918104 total
[2019-12-09T02:51:54.076+0000][1][gc,age       ] GC(11) - age   3:     650360 bytes,    1568464 total
[2019-12-09T02:51:54.076+0000][1][gc,age       ] GC(11) - age   4:     360296 bytes,    1928760 total
[2019-12-09T02:51:54.076+0000][1][gc,age       ] GC(11) - age   5:    1128368 bytes,    3057128 total
[2019-12-09T02:51:54.076+0000][1][gc,heap      ] GC(11) ParNew: 74446K->3367K(78656K)
[2019-12-09T02:51:54.076+0000][1][gc,heap      ] GC(11) CMS: 14203K->14203K(174784K)
[2019-12-09T02:51:54.076+0000][1][gc,metaspace ] GC(11) Metaspace: 20715K->20715K(1069056K)
[2019-12-09T02:51:54.076+0000][1][gc           ] GC(11) Pause Young (Allocation Failure) 86M->17M(247M) 98.304ms
[2019-12-09T02:51:54.076+0000][1][gc,cpu       ] GC(11) User=0.02s Sys=0.00s Real=0.10s
[2019-12-09T02:51:54.076+0000][1][safepoint    ] Leaving safepoint region
[2019-12-09T02:51:54.076+0000][1][safepoint    ] Total time for which application threads were stopped: 0.0988403 seconds, Stopping threads took: 0.0000142 seconds
[2019-12-09T02:51:54.966+0000][1][safepoint    ] Application time: 0.8896952 seconds
[2019-12-09T02:51:54.966+0000][1][safepoint    ] Entering safepoint region: Deoptimize
[2019-12-09T02:51:54.966+0000][1][safepoint    ] Leaving safepoint region
[2019-12-09T02:51:54.966+0000][1][safepoint    ] Total time for which application threads were stopped: 0.0005147 seconds, Stopping threads took: 0.0000135 seconds
[2019-12-09T02:51:55.972+0000][1][safepoint    ] Application time: 1.0061479 seconds
[2019-12-09T02:51:56.053+0000][1][safepoint    ] Entering safepoint region: Cleanup
[2019-12-09T02:51:56.053+0000][1][safepoint    ] Leaving safepoint region
[2019-12-09T02:51:56.053+0000][1][safepoint    ] Total time for which application threads were stopped: 0.0804991 seconds, Stopping threads took: 0.0804202 seconds
[2019-12-09T02:51:56.396+0000][1][safepoint    ] Application time: 0.3428499 seconds
[2019-12-09T02:51:56.396+0000][1][safepoint    ] Entering safepoint region: GenCollectForAllocation
[2019-12-09T02:51:56.396+0000][1][gc,start     ] GC(12) Pause Young (Allocation Failure)
[2019-12-09T02:51:56.396+0000][1][gc,task      ] GC(12) Using 2 workers of 2 for evacuation
[2019-12-09T02:51:56.494+0000][1][gc,age       ] GC(12) Desired survivor size 4456448 bytes, new threshold 6 (max threshold 6)
[2019-12-09T02:51:56.494+0000][1][gc,age       ] GC(12) Age table with threshold 6 (max threshold 6)
[2019-12-09T02:51:56.494+0000][1][gc,age       ] GC(12) - age   1:    1036336 bytes,    1036336 total
[2019-12-09T02:51:56.494+0000][1][gc,age       ] GC(12) - age   2:     306432 bytes,    1342768 total
[2019-12-09T02:51:56.494+0000][1][gc,age       ] GC(12) - age   3:      97424 bytes,    1440192 total
[2019-12-09T02:51:56.495+0000][1][gc,age       ] GC(12) - age   4:     650296 bytes,    2090488 total
[2019-12-09T02:51:56.495+0000][1][gc,age       ] GC(12) - age   5:     360296 bytes,    2450784 total
[2019-12-09T02:51:56.495+0000][1][gc,age       ] GC(12) - age   6:    1128368 bytes,    3579152 total
[2019-12-09T02:51:56.495+0000][1][gc,heap      ] GC(12) ParNew: 73319K->4621K(78656K)
[2019-12-09T02:51:56.495+0000][1][gc,heap      ] GC(12) CMS: 14203K->14203K(174784K)
[2019-12-09T02:51:56.495+0000][1][gc,metaspace ] GC(12) Metaspace: 22843K->22843K(1071104K)
[2019-12-09T02:51:56.495+0000][1][gc           ] GC(12) Pause Young (Allocation Failure) 85M->18M(247M) 98.749ms
[2019-12-09T02:51:56.495+0000][1][gc,cpu       ] GC(12) User=0.02s Sys=0.00s Real=0.09s
[2019-12-09T02:51:56.495+0000][1][safepoint    ] Leaving safepoint region
[2019-12-09T02:51:56.495+0000][1][safepoint    ] Total time for which application threads were stopped: 0.0988868 seconds, Stopping threads took: 0.0000133 seconds
[2019-12-09T02:51:57.489+0000][1][safepoint    ] Application time: 0.9947100 seconds
[2019-12-09T02:51:57.489+0000][1][safepoint    ] Entering safepoint region: Deoptimize
[2019-12-09T02:51:57.490+0000][1][safepoint    ] Leaving safepoint region
[2019-12-09T02:51:57.490+0000][1][safepoint    ] Total time for which application threads were stopped: 0.0006587 seconds, Stopping threads took: 0.0000121 seconds
[2019-12-09T02:51:58.339+0000][1][safepoint    ] Application time: 0.8487432 seconds
[2019-12-09T02:51:58.339+0000][1][safepoint    ] Entering safepoint region: Deoptimize
[2019-12-09T02:51:58.339+0000][1][safepoint    ] Leaving safepoint region
[2019-12-09T02:51:58.339+0000][1][safepoint    ] Total time for which application threads were stopped: 0.0004070 seconds, Stopping threads took: 0.0000124 seconds
[2019-12-09T02:51:58.477+0000][1][safepoint    ] Application time: 0.1374603 seconds
[2019-12-09T02:51:58.477+0000][1][safepoint    ] Entering safepoint region: Deoptimize
[2019-12-09T02:51:58.477+0000][1][safepoint    ] Leaving safepoint region
[2019-12-09T02:51:58.477+0000][1][safepoint    ] Total time for which application threads were stopped: 0.0004347 seconds, Stopping threads took: 0.0000152 seconds
[2019-12-09T02:51:58.515+0000][1][safepoint    ] Application time: 0.0375267 seconds
[2019-12-09T02:51:58.515+0000][1][safepoint    ] Entering safepoint region: Deoptimize
[2019-12-09T02:51:58.515+0000][1][safepoint    ] Leaving safepoint region
[2019-12-09T02:51:58.515+0000][1][safepoint    ] Total time for which application threads were stopped: 0.0003921 seconds, Stopping threads took: 0.0000121 seconds
[2019-12-09T02:51:58.684+0000][1][safepoint    ] Application time: 0.1690801 seconds
[2019-12-09T02:51:58.684+0000][1][safepoint    ] Entering safepoint region: RevokeBias
[2019-12-09T02:51:58.684+0000][1][safepoint    ] Leaving safepoint region
[2019-12-09T02:51:58.684+0000][1][safepoint    ] Total time for which application threads were stopped: 0.0000730 seconds, Stopping threads took: 0.0000128 seconds
[2019-12-09T02:51:59.686+0000][1][safepoint    ] Application time: 1.0013533 seconds
[2019-12-09T02:51:59.694+0000][1][safepoint    ] Entering safepoint region: Cleanup
[2019-12-09T02:51:59.694+0000][1][safepoint    ] Leaving safepoint region
[2019-12-09T02:51:59.694+0000][1][safepoint    ] Total time for which application threads were stopped: 0.0080452 seconds, Stopping threads took: 0.0079985 seconds
[2019-12-09T02:52:00.179+0000][1][safepoint    ] Application time: 0.4856243 seconds
[2019-12-09T02:52:00.179+0000][1][safepoint    ] Entering safepoint region: RevokeBias
[2019-12-09T02:52:00.180+0000][1][safepoint    ] Leaving safepoint region
[2019-12-09T02:52:00.180+0000][1][safepoint    ] Total time for which application threads were stopped: 0.0000855 seconds, Stopping threads took: 0.0000125 seconds
[2019-12-09T02:52:01.185+0000][1][safepoint    ] Application time: 1.0051768 seconds
[2019-12-09T02:52:01.222+0000][1][safepoint    ] Entering safepoint region: Cleanup
[2019-12-09T02:52:01.222+0000][1][safepoint    ] Leaving safepoint region
[2019-12-09T02:52:01.222+0000][1][safepoint    ] Total time for which application threads were stopped: 0.0377034 seconds, Stopping threads took: 0.0374468 seconds
[2019-12-09T02:52:02.236+0000][1][safepoint    ] Application time: 1.0132350 seconds
[2019-12-09T02:52:02.301+0000][1][safepoint    ] Entering safepoint region: Cleanup
[2019-12-09T02:52:02.301+0000][1][safepoint    ] Leaving safepoint region
[2019-12-09T02:52:02.301+0000][1][safepoint    ] Total time for which application threads were stopped: 0.0654150 seconds, Stopping threads took: 0.0653516 seconds
[2019-12-09T02:52:03.304+0000][1][safepoint    ] Application time: 1.0025866 seconds
[2019-12-09T02:52:03.352+0000][1][safepoint    ] Entering safepoint region: Cleanup
[2019-12-09T02:52:03.352+0000][1][safepoint    ] Leaving safepoint region
[2019-12-09T02:52:03.352+0000][1][safepoint    ] Total time for which application threads were stopped: 0.0479239 seconds, Stopping threads took: 0.0478554 seconds
[2019-12-09T02:52:04.105+0000][1][safepoint    ] Application time: 0.7530212 seconds
[2019-12-09T02:52:04.105+0000][1][safepoint    ] Entering safepoint region: GenCollectForAllocation
[2019-12-09T02:52:04.105+0000][1][gc,start     ] GC(13) Pause Young (Allocation Failure)
[2019-12-09T02:52:04.105+0000][1][gc,task      ] GC(13) Using 2 workers of 2 for evacuation
[2019-12-09T02:52:04.487+0000][1][gc,age       ] GC(13) Desired survivor size 4456448 bytes, new threshold 1 (max threshold 6)
[2019-12-09T02:52:04.487+0000][1][gc,age       ] GC(13) Age table with threshold 1 (max threshold 6)
[2019-12-09T02:52:04.487+0000][1][gc,age       ] GC(13) - age   1:    6785192 bytes,    6785192 total
[2019-12-09T02:52:04.487+0000][1][gc,age       ] GC(13) - age   2:     718680 bytes,    7503872 total
[2019-12-09T02:52:04.487+0000][1][gc,age       ] GC(13) - age   3:     306200 bytes,    7810072 total
[2019-12-09T02:52:04.487+0000][1][gc,age       ] GC(13) - age   4:      97240 bytes,    7907312 total
[2019-12-09T02:52:04.487+0000][1][gc,age       ] GC(13) - age   5:     647160 bytes,    8554472 total
[2019-12-09T02:52:04.487+0000][1][gc,age       ] GC(13) - age   6:     358040 bytes,    8912512 total
[2019-12-09T02:52:04.487+0000][1][gc,heap      ] GC(13) ParNew: 74573K->8704K(78656K)
[2019-12-09T02:52:04.487+0000][1][gc,heap      ] GC(13) CMS: 14203K->21818K(174784K)
[2019-12-09T02:52:04.487+0000][1][gc,metaspace ] GC(13) Metaspace: 27229K->27229K(1075200K)
[2019-12-09T02:52:04.487+0000][1][gc           ] GC(13) Pause Young (Allocation Failure) 86M->29M(247M) 382.409ms
[2019-12-09T02:52:04.487+0000][1][gc,cpu       ] GC(13) User=0.08s Sys=0.00s Real=0.38s
[2019-12-09T02:52:04.487+0000][1][safepoint    ] Leaving safepoint region
[2019-12-09T02:52:04.487+0000][1][safepoint    ] Total time for which application threads were stopped: 0.3825342 seconds, Stopping threads took: 0.0000139 seconds
[2019-12-09T02:52:05.498+0000][1][safepoint    ] Application time: 1.0103525 seconds
[2019-12-09T02:52:05.533+0000][1][safepoint    ] Entering safepoint region: Cleanup
[2019-12-09T02:52:05.533+0000][1][safepoint    ] Leaving safepoint region
[2019-12-09T02:52:05.533+0000][1][safepoint    ] Total time for which application threads were stopped: 0.0348661 seconds, Stopping threads took: 0.0348057 seconds
[2019-12-09T02:52:06.537+0000][1][safepoint    ] Application time: 1.0040904 seconds
[2019-12-09T02:52:06.586+0000][1][safepoint    ] Entering safepoint region: Cleanup
[2019-12-09T02:52:06.586+0000][1][safepoint    ] Leaving safepoint region
[2019-12-09T02:52:06.586+0000][1][safepoint    ] Total time for which application threads were stopped: 0.0490177 seconds, Stopping threads took: 0.0489583 seconds
[2019-12-09T02:52:07.589+0000][1][safepoint    ] Application time: 1.0029110 seconds
[2019-12-09T02:52:07.589+0000][1][safepoint    ] Entering safepoint region: Cleanup
[2019-12-09T02:52:07.589+0000][1][safepoint    ] Leaving safepoint region
[2019-12-09T02:52:07.589+0000][1][safepoint    ] Total time for which application threads were stopped: 0.0001062 seconds, Stopping threads took: 0.0000543 seconds
[2019-12-09T02:52:08.856+0000][1][safepoint    ] Application time: 1.2669362 seconds
[2019-12-09T02:52:08.856+0000][1][safepoint    ] Entering safepoint region: GenCollectForAllocation
[2019-12-09T02:52:08.856+0000][1][gc,start     ] GC(14) Pause Young (Allocation Failure)
[2019-12-09T02:52:08.856+0000][1][gc,task      ] GC(14) Using 2 workers of 2 for evacuation
[2019-12-09T02:52:09.545+0000][1][gc,age       ] GC(14) Desired survivor size 4456448 bytes, new threshold 1 (max threshold 6)
[2019-12-09T02:52:09.545+0000][1][gc,age       ] GC(14) Age table with threshold 1 (max threshold 6)
[2019-12-09T02:52:09.545+0000][1][gc,age       ] GC(14) - age   1:    8912792 bytes,    8912792 total
[2019-12-09T02:52:09.545+0000][1][gc,heap      ] GC(14) ParNew: 78656K->8704K(78656K)
[2019-12-09T02:52:09.545+0000][1][gc,heap      ] GC(14) CMS: 21818K->34826K(174784K)
[2019-12-09T02:52:09.545+0000][1][gc,metaspace ] GC(14) Metaspace: 27363K->27363K(1075200K)
[2019-12-09T02:52:09.545+0000][1][gc           ] GC(14) Pause Young (Allocation Failure) 98M->42M(247M) 689.338ms
[2019-12-09T02:52:09.545+0000][1][gc,cpu       ] GC(14) User=0.19s Sys=0.00s Real=0.69s
[2019-12-09T02:52:09.545+0000][1][safepoint    ] Leaving safepoint region
[2019-12-09T02:52:09.545+0000][1][safepoint    ] Total time for which application threads were stopped: 0.6894819 seconds, Stopping threads took: 0.0000129 seconds
[2019-12-09T02:52:12.589+0000][1][safepoint    ] Application time: 3.0435187 seconds
[2019-12-09T02:52:12.598+0000][1][safepoint    ] Entering safepoint region: Cleanup
[2019-12-09T02:52:12.598+0000][1][safepoint    ] Leaving safepoint region
[2019-12-09T02:52:12.598+0000][1][safepoint    ] Total time for which application threads were stopped: 0.0090779 seconds, Stopping threads took: 0.0090197 seconds
[2019-12-09T02:52:13.824+0000][1][safepoint    ] Application time: 1.2257686 seconds
[2019-12-09T02:52:13.824+0000][1][safepoint    ] Entering safepoint region: Cleanup
[2019-12-09T02:52:13.824+0000][1][safepoint    ] Leaving safepoint region
[2019-12-09T02:52:13.824+0000][1][safepoint    ] Total time for which application threads were stopped: 0.0001322 seconds, Stopping threads took: 0.0000195 seconds
[2019-12-09T02:52:13.947+0000][1][safepoint    ] Application time: 0.1227904 seconds
[2019-12-09T02:52:13.947+0000][1][safepoint    ] Entering safepoint region: GenCollectForAllocation
[2019-12-09T02:52:13.947+0000][1][gc,start     ] GC(15) Pause Young (Allocation Failure)
[2019-12-09T02:52:13.947+0000][1][gc,task      ] GC(15) Using 2 workers of 2 for evacuation
[2019-12-09T02:52:14.522+0000][1][gc,age       ] GC(15) Desired survivor size 4456448 bytes, new threshold 1 (max threshold 6)
[2019-12-09T02:52:14.522+0000][1][gc,age       ] GC(15) Age table with threshold 1 (max threshold 6)
[2019-12-09T02:52:14.522+0000][1][gc,age       ] GC(15) - age   1:    8912552 bytes,    8912552 total
[2019-12-09T02:52:14.522+0000][1][gc,heap      ] GC(15) ParNew: 78656K->8704K(78656K)
[2019-12-09T02:52:14.522+0000][1][gc,heap      ] GC(15) CMS: 34826K->45908K(174784K)
[2019-12-09T02:52:14.522+0000][1][gc,metaspace ] GC(15) Metaspace: 29497K->29497K(1077248K)
[2019-12-09T02:52:14.522+0000][1][gc           ] GC(15) Pause Young (Allocation Failure) 110M->53M(247M) 575.201ms
[2019-12-09T02:52:14.522+0000][1][gc,cpu       ] GC(15) User=0.17s Sys=0.00s Real=0.57s
[2019-12-09T02:52:14.522+0000][1][safepoint    ] Leaving safepoint region
[2019-12-09T02:52:14.522+0000][1][safepoint    ] Total time for which application threads were stopped: 0.5753437 seconds, Stopping threads took: 0.0000147 seconds
[2019-12-09T02:52:15.202+0000][1][safepoint    ] Application time: 0.6798325 seconds
[2019-12-09T02:52:15.202+0000][1][safepoint    ] Entering safepoint region: RevokeBias
[2019-12-09T02:52:15.202+0000][1][safepoint    ] Leaving safepoint region
[2019-12-09T02:52:15.202+0000][1][safepoint    ] Total time for which application threads were stopped: 0.0001230 seconds, Stopping threads took: 0.0000141 seconds
[2019-12-09T02:52:15.534+0000][1][safepoint    ] Application time: 0.3321968 seconds
[2019-12-09T02:52:15.534+0000][1][safepoint    ] Entering safepoint region: RevokeBias
[2019-12-09T02:52:15.534+0000][1][safepoint    ] Leaving safepoint region
[2019-12-09T02:52:15.534+0000][1][safepoint    ] Total time for which application threads were stopped: 0.0000743 seconds, Stopping threads took: 0.0000124 seconds
[2019-12-09T02:52:16.544+0000][1][safepoint    ] Application time: 1.0093414 seconds
[2019-12-09T02:52:16.544+0000][1][safepoint    ] Entering safepoint region: Cleanup
[2019-12-09T02:52:16.544+0000][1][safepoint    ] Leaving safepoint region
[2019-12-09T02:52:16.544+0000][1][safepoint    ] Total time for which application threads were stopped: 0.0000753 seconds, Stopping threads took: 0.0000154 seconds
[2019-12-09T02:52:17.558+0000][1][safepoint    ] Application time: 1.0139811 seconds
[2019-12-09T02:52:17.586+0000][1][safepoint    ] Entering safepoint region: Cleanup
[2019-12-09T02:52:17.586+0000][1][safepoint    ] Leaving safepoint region
[2019-12-09T02:52:17.586+0000][1][safepoint    ] Total time for which application threads were stopped: 0.0281932 seconds, Stopping threads took: 0.0281201 seconds
[2019-12-09T02:52:17.616+0000][1][safepoint    ] Application time: 0.0298844 seconds
[2019-12-09T02:52:17.616+0000][1][safepoint    ] Entering safepoint region: GenCollectForAllocation
[2019-12-09T02:52:17.616+0000][1][gc,start     ] GC(16) Pause Young (Allocation Failure)
[2019-12-09T02:52:17.616+0000][1][gc,task      ] GC(16) Using 2 workers of 2 for evacuation
[2019-12-09T02:52:17.839+0000][1][gc,age       ] GC(16) Desired survivor size 4456448 bytes, new threshold 6 (max threshold 6)
[2019-12-09T02:52:17.839+0000][1][gc,age       ] GC(16) Age table with threshold 6 (max threshold 6)
[2019-12-09T02:52:17.839+0000][1][gc,age       ] GC(16) - age   1:    1287736 bytes,    1287736 total
[2019-12-09T02:52:17.839+0000][1][gc,heap      ] GC(16) ParNew: 78656K->8620K(78656K)
[2019-12-09T02:52:17.839+0000][1][gc,heap      ] GC(16) CMS: 45908K->54685K(174784K)
[2019-12-09T02:52:17.839+0000][1][gc,metaspace ] GC(16) Metaspace: 33062K->33062K(1079296K)
[2019-12-09T02:52:17.839+0000][1][gc           ] GC(16) Pause Young (Allocation Failure) 121M->61M(247M) 222.992ms
[2019-12-09T02:52:17.839+0000][1][gc,cpu       ] GC(16) User=0.06s Sys=0.00s Real=0.22s
[2019-12-09T02:52:17.839+0000][1][safepoint    ] Leaving safepoint region
[2019-12-09T02:52:17.839+0000][1][safepoint    ] Total time for which application threads were stopped: 0.2231189 seconds, Stopping threads took: 0.0000137 seconds
[2019-12-09T02:52:18.847+0000][1][safepoint    ] Application time: 1.0075637 seconds
[2019-12-09T02:52:18.899+0000][1][safepoint    ] Entering safepoint region: Cleanup
[2019-12-09T02:52:18.899+0000][1][safepoint    ] Leaving safepoint region
[2019-12-09T02:52:18.899+0000][1][safepoint    ] Total time for which application threads were stopped: 0.0521960 seconds, Stopping threads took: 0.0521280 seconds
[2019-12-09T02:52:19.708+0000][1][safepoint    ] Application time: 0.8094934 seconds
[2019-12-09T02:52:19.709+0000][1][safepoint    ] Entering safepoint region: CollectForMetadataAllocation
[2019-12-09T02:52:19.709+0000][1][safepoint    ] Leaving safepoint region
[2019-12-09T02:52:19.709+0000][1][safepoint    ] Total time for which application threads were stopped: 0.0002697 seconds, Stopping threads took: 0.0000139 seconds
[2019-12-09T02:52:19.848+0000][1][safepoint    ] Application time: 0.1389920 seconds
[2019-12-09T02:52:19.867+0000][1][safepoint    ] Entering safepoint region: CMS_Initial_Mark
[2019-12-09T02:52:19.867+0000][1][gc,start     ] GC(17) Pause Initial Mark
[2019-12-09T02:52:20.018+0000][1][gc           ] GC(17) Pause Initial Mark 123M->123M(247M) 151.205ms
[2019-12-09T02:52:20.018+0000][1][gc,cpu       ] GC(17) User=0.05s Sys=0.00s Real=0.15s
[2019-12-09T02:52:20.018+0000][1][safepoint    ] Leaving safepoint region
[2019-12-09T02:52:20.018+0000][1][safepoint    ] Total time for which application threads were stopped: 0.1704292 seconds, Stopping threads took: 0.0191025 seconds
[2019-12-09T02:52:20.018+0000][1][gc           ] GC(17) Concurrent Mark
[2019-12-09T02:52:20.283+0000][1][safepoint    ] Application time: 0.2645292 seconds
[2019-12-09T02:52:20.283+0000][1][safepoint    ] Entering safepoint region: CollectForMetadataAllocation
[2019-12-09T02:52:20.283+0000][1][safepoint    ] Leaving safepoint region
[2019-12-09T02:52:20.283+0000][1][safepoint    ] Total time for which application threads were stopped: 0.0001963 seconds, Stopping threads took: 0.0000119 seconds
[2019-12-09T02:52:20.956+0000][1][gc           ] GC(17) Concurrent Mark 937.444ms
[2019-12-09T02:52:20.956+0000][1][gc,cpu       ] GC(17) User=0.27s Sys=0.01s Real=0.94s
[2019-12-09T02:52:20.956+0000][1][safepoint    ] Application time: 0.6728179 seconds
[2019-12-09T02:52:20.956+0000][1][safepoint    ] Entering safepoint region: CollectForMetadataAllocation
[2019-12-09T02:52:20.956+0000][1][safepoint    ] Leaving safepoint region
[2019-12-09T02:52:20.956+0000][1][safepoint    ] Total time for which application threads were stopped: 0.0002296 seconds, Stopping threads took: 0.0000123 seconds
[2019-12-09T02:52:20.968+0000][1][gc           ] GC(17) Concurrent Preclean
[2019-12-09T02:52:20.969+0000][1][gc           ] GC(17) Concurrent Preclean 1.651ms
[2019-12-09T02:52:20.969+0000][1][gc,cpu       ] GC(17) User=0.00s Sys=0.00s Real=0.00s
[2019-12-09T02:52:20.969+0000][1][gc           ] GC(17) Concurrent Abortable Preclean
[2019-12-09T02:52:21.147+0000][1][safepoint    ] Application time: 0.1910849 seconds
[2019-12-09T02:52:21.147+0000][1][safepoint    ] Entering safepoint region: CollectForMetadataAllocation
[2019-12-09T02:52:21.147+0000][1][safepoint    ] Leaving safepoint region
[2019-12-09T02:52:21.147+0000][1][safepoint    ] Total time for which application threads were stopped: 0.0002593 seconds, Stopping threads took: 0.0000140 seconds
[2019-12-09T02:52:21.283+0000][1][safepoint    ] Application time: 0.1351614 seconds
[2019-12-09T02:52:21.283+0000][1][safepoint    ] Entering safepoint region: CollectForMetadataAllocation
[2019-12-09T02:52:21.283+0000][1][safepoint    ] Leaving safepoint region
[2019-12-09T02:52:21.283+0000][1][safepoint    ] Total time for which application threads were stopped: 0.0002725 seconds, Stopping threads took: 0.0000148 seconds
[2019-12-09T02:52:21.437+0000][1][safepoint    ] Application time: 0.1536044 seconds
[2019-12-09T02:52:21.437+0000][1][safepoint    ] Entering safepoint region: CollectForMetadataAllocation
[2019-12-09T02:52:21.437+0000][1][safepoint    ] Leaving safepoint region
[2019-12-09T02:52:21.437+0000][1][safepoint    ] Total time for which application threads were stopped: 0.0002488 seconds, Stopping threads took: 0.0000131 seconds
[2019-12-09T02:52:21.591+0000][1][safepoint    ] Application time: 0.1539234 seconds
[2019-12-09T02:52:21.591+0000][1][safepoint    ] Entering safepoint region: GenCollectForAllocation
[2019-12-09T02:52:21.591+0000][1][gc,start     ] GC(18) Pause Young (Allocation Failure)
[2019-12-09T02:52:21.591+0000][1][gc,task      ] GC(18) Using 2 workers of 2 for evacuation
[2019-12-09T02:52:21.694+0000][1][gc,age       ] GC(18) Desired survivor size 4456448 bytes, new threshold 6 (max threshold 6)
[2019-12-09T02:52:21.694+0000][1][gc,age       ] GC(18) Age table with threshold 6 (max threshold 6)
[2019-12-09T02:52:21.694+0000][1][gc,age       ] GC(18) - age   1:    1939456 bytes,    1939456 total
[2019-12-09T02:52:21.694+0000][1][gc,age       ] GC(18) - age   2:    1220816 bytes,    3160272 total
[2019-12-09T02:52:21.694+0000][1][gc,heap      ] GC(18) ParNew: 78572K->4781K(78656K)
[2019-12-09T02:52:21.694+0000][1][gc,heap      ] GC(18) CMS: 54685K->54685K(174784K)
[2019-12-09T02:52:21.694+0000][1][gc,metaspace ] GC(18) Metaspace: 35207K->35207K(1081344K)
[2019-12-09T02:52:21.694+0000][1][gc           ] GC(18) Pause Young (Allocation Failure) 130M->58M(247M) 103.243ms
[2019-12-09T02:52:21.694+0000][1][gc,cpu       ] GC(18) User=0.02s Sys=0.00s Real=0.10s
[2019-12-09T02:52:21.694+0000][1][safepoint    ] Leaving safepoint region
[2019-12-09T02:52:21.694+0000][1][safepoint    ] Total time for which application threads were stopped: 0.1033717 seconds, Stopping threads took: 0.0000144 seconds
[2019-12-09T02:52:21.705+0000][1][safepoint    ] Application time: 0.0109018 seconds
[2019-12-09T02:52:21.705+0000][1][safepoint    ] Entering safepoint region: RevokeBias
[2019-12-09T02:52:21.707+0000][1][safepoint    ] Leaving safepoint region
[2019-12-09T02:52:21.707+0000][1][safepoint    ] Total time for which application threads were stopped: 0.0016833 seconds, Stopping threads took: 0.0000139 seconds
[2019-12-09T02:52:21.771+0000][1][safepoint    ] Application time: 0.0646715 seconds
[2019-12-09T02:52:21.772+0000][1][safepoint    ] Entering safepoint region: CollectForMetadataAllocation
[2019-12-09T02:52:21.772+0000][1][safepoint    ] Leaving safepoint region
[2019-12-09T02:52:21.772+0000][1][safepoint    ] Total time for which application threads were stopped: 0.0002560 seconds, Stopping threads took: 0.0000131 seconds
[2019-12-09T02:52:21.952+0000][1][safepoint    ] Application time: 0.1800241 seconds
[2019-12-09T02:52:21.952+0000][1][safepoint    ] Entering safepoint region: CollectForMetadataAllocation
[2019-12-09T02:52:21.952+0000][1][safepoint    ] Leaving safepoint region
[2019-12-09T02:52:21.952+0000][1][safepoint    ] Total time for which application threads were stopped: 0.0002669 seconds, Stopping threads took: 0.0000147 seconds
[2019-12-09T02:52:22.095+0000][1][safepoint    ] Application time: 0.1426302 seconds
[2019-12-09T02:52:22.095+0000][1][safepoint    ] Entering safepoint region: CollectForMetadataAllocation
[2019-12-09T02:52:22.095+0000][1][safepoint    ] Leaving safepoint region
[2019-12-09T02:52:22.095+0000][1][safepoint    ] Total time for which application threads were stopped: 0.0002087 seconds, Stopping threads took: 0.0000126 seconds
[2019-12-09T02:52:22.609+0000][1][safepoint    ] Application time: 0.5137589 seconds
[2019-12-09T02:52:22.609+0000][1][safepoint    ] Entering safepoint region: CollectForMetadataAllocation
[2019-12-09T02:52:22.609+0000][1][safepoint    ] Leaving safepoint region
[2019-12-09T02:52:22.609+0000][1][safepoint    ] Total time for which application threads were stopped: 0.0002183 seconds, Stopping threads took: 0.0000147 seconds
[2019-12-09T02:52:22.908+0000][1][safepoint    ] Application time: 0.2994784 seconds
[2019-12-09T02:52:22.909+0000][1][safepoint    ] Entering safepoint region: CollectForMetadataAllocation
[2019-12-09T02:52:22.909+0000][1][safepoint    ] Leaving safepoint region
[2019-12-09T02:52:22.909+0000][1][safepoint    ] Total time for which application threads were stopped: 0.0002802 seconds, Stopping threads took: 0.0000137 seconds
[2019-12-09T02:52:22.932+0000][1][safepoint    ] Application time: 0.0229465 seconds
[2019-12-09T02:52:22.944+0000][1][safepoint    ] Entering safepoint region: CollectForMetadataAllocation
[2019-12-09T02:52:22.944+0000][1][safepoint    ] Leaving safepoint region
[2019-12-09T02:52:22.944+0000][1][safepoint    ] Total time for which application threads were stopped: 0.0121141 seconds, Stopping threads took: 0.0120640 seconds
[2019-12-09T02:52:23.014+0000][1][safepoint    ] Application time: 0.0698214 seconds
[2019-12-09T02:52:23.014+0000][1][safepoint    ] Entering safepoint region: RevokeBias
[2019-12-09T02:52:23.014+0000][1][safepoint    ] Leaving safepoint region
[2019-12-09T02:52:23.014+0000][1][safepoint    ] Total time for which application threads were stopped: 0.0001406 seconds, Stopping threads took: 0.0000168 seconds
[2019-12-09T02:52:23.183+0000][1][safepoint    ] Application time: 0.1687836 seconds
[2019-12-09T02:52:23.183+0000][1][safepoint    ] Entering safepoint region: CollectForMetadataAllocation
[2019-12-09T02:52:23.183+0000][1][safepoint    ] Leaving safepoint region
[2019-12-09T02:52:23.183+0000][1][safepoint    ] Total time for which application threads were stopped: 0.0002209 seconds, Stopping threads took: 0.0000132 seconds
[2019-12-09T02:52:23.466+0000][1][safepoint    ] Application time: 0.2825835 seconds
[2019-12-09T02:52:23.466+0000][1][safepoint    ] Entering safepoint region: CollectForMetadataAllocation
[2019-12-09T02:52:23.466+0000][1][safepoint    ] Leaving safepoint region
[2019-12-09T02:52:23.466+0000][1][safepoint    ] Total time for which application threads were stopped: 0.0002643 seconds, Stopping threads took: 0.0000132 seconds
[2019-12-09T02:52:23.695+0000][1][safepoint    ] Application time: 0.2294383 seconds
[2019-12-09T02:52:23.695+0000][1][safepoint    ] Entering safepoint region: CollectForMetadataAllocation
[2019-12-09T02:52:23.696+0000][1][safepoint    ] Leaving safepoint region
[2019-12-09T02:52:23.696+0000][1][safepoint    ] Total time for which application threads were stopped: 0.0002291 seconds, Stopping threads took: 0.0000146 seconds
[2019-12-09T02:52:24.195+0000][1][safepoint    ] Application time: 0.4992041 seconds
[2019-12-09T02:52:24.195+0000][1][safepoint    ] Entering safepoint region: CollectForMetadataAllocation
[2019-12-09T02:52:24.195+0000][1][safepoint    ] Leaving safepoint region
[2019-12-09T02:52:24.195+0000][1][safepoint    ] Total time for which application threads were stopped: 0.0001584 seconds, Stopping threads took: 0.0000155 seconds
[2019-12-09T02:52:24.518+0000][1][safepoint    ] Application time: 0.3227610 seconds
[2019-12-09T02:52:24.518+0000][1][safepoint    ] Entering safepoint region: CollectForMetadataAllocation
[2019-12-09T02:52:24.518+0000][1][safepoint    ] Leaving safepoint region
[2019-12-09T02:52:24.518+0000][1][safepoint    ] Total time for which application threads were stopped: 0.0002086 seconds, Stopping threads took: 0.0000124 seconds
[2019-12-09T02:52:24.718+0000][1][safepoint    ] Application time: 0.1997337 seconds
[2019-12-09T02:52:24.718+0000][1][safepoint    ] Entering safepoint region: CollectForMetadataAllocation
[2019-12-09T02:52:24.718+0000][1][safepoint    ] Leaving safepoint region
[2019-12-09T02:52:24.718+0000][1][safepoint    ] Total time for which application threads were stopped: 0.0002184 seconds, Stopping threads took: 0.0000199 seconds
[2019-12-09T02:52:24.968+0000][1][safepoint    ] Application time: 0.2497367 seconds
[2019-12-09T02:52:24.968+0000][1][safepoint    ] Entering safepoint region: CollectForMetadataAllocation
[2019-12-09T02:52:24.968+0000][1][safepoint    ] Leaving safepoint region
[2019-12-09T02:52:24.968+0000][1][safepoint    ] Total time for which application threads were stopped: 0.0002557 seconds, Stopping threads took: 0.0000145 seconds
[2019-12-09T02:52:25.294+0000][1][safepoint    ] Application time: 0.3261600 seconds
[2019-12-09T02:52:25.294+0000][1][safepoint    ] Entering safepoint region: CollectForMetadataAllocation
[2019-12-09T02:52:25.294+0000][1][safepoint    ] Leaving safepoint region
[2019-12-09T02:52:25.294+0000][1][safepoint    ] Total time for which application threads were stopped: 0.0002348 seconds, Stopping threads took: 0.0000146 seconds
[2019-12-09T02:52:25.571+0000][1][safepoint    ] Application time: 0.2767697 seconds
[2019-12-09T02:52:25.571+0000][1][safepoint    ] Entering safepoint region: CollectForMetadataAllocation
[2019-12-09T02:52:25.571+0000][1][safepoint    ] Leaving safepoint region
[2019-12-09T02:52:25.571+0000][1][safepoint    ] Total time for which application threads were stopped: 0.0002102 seconds, Stopping threads took: 0.0000132 seconds
[2019-12-09T02:52:25.740+0000][1][safepoint    ] Application time: 0.1681439 seconds
[2019-12-09T02:52:25.740+0000][1][safepoint    ] Entering safepoint region: CollectForMetadataAllocation
[2019-12-09T02:52:25.740+0000][1][safepoint    ] Leaving safepoint region
[2019-12-09T02:52:25.740+0000][1][safepoint    ] Total time for which application threads were stopped: 0.0002371 seconds, Stopping threads took: 0.0000175 seconds
[2019-12-09T02:52:26.076+0000][1][safepoint    ] Application time: 0.3357807 seconds
[2019-12-09T02:52:26.076+0000][1][safepoint    ] Entering safepoint region: CollectForMetadataAllocation
[2019-12-09T02:52:26.076+0000][1][safepoint    ] Leaving safepoint region
[2019-12-09T02:52:26.076+0000][1][safepoint    ] Total time for which application threads were stopped: 0.0001678 seconds, Stopping threads took: 0.0000152 seconds
[2019-12-09T02:52:26.157+0000][1][gc           ] GC(17) Concurrent Abortable Preclean 5187.103ms
[2019-12-09T02:52:26.157+0000][1][gc,cpu       ] GC(17) User=1.48s Sys=0.02s Real=5.19s
[2019-12-09T02:52:26.157+0000][1][safepoint    ] Application time: 0.0807189 seconds
[2019-12-09T02:52:26.157+0000][1][safepoint    ] Entering safepoint region: CMS_Final_Remark
[2019-12-09T02:52:26.157+0000][1][gc,start     ] GC(17) Pause Remark
[2019-12-09T02:52:26.267+0000][1][gc           ] GC(17) Pause Remark 80M->80M(247M) 110.441ms
[2019-12-09T02:52:26.267+0000][1][gc,cpu       ] GC(17) User=0.03s Sys=0.00s Real=0.11s
[2019-12-09T02:52:26.267+0000][1][safepoint    ] Leaving safepoint region
[2019-12-09T02:52:26.267+0000][1][safepoint    ] Total time for which application threads were stopped: 0.1106968 seconds, Stopping threads took: 0.0001277 seconds
[2019-12-09T02:52:26.267+0000][1][gc           ] GC(17) Concurrent Sweep
[2019-12-09T02:52:26.562+0000][1][safepoint    ] Application time: 0.2943601 seconds
[2019-12-09T02:52:26.562+0000][1][safepoint    ] Entering safepoint region: CollectForMetadataAllocation
[2019-12-09T02:52:26.563+0000][1][safepoint    ] Leaving safepoint region
[2019-12-09T02:52:26.563+0000][1][safepoint    ] Total time for which application threads were stopped: 0.0007972 seconds, Stopping threads took: 0.0000152 seconds
[2019-12-09T02:52:26.564+0000][1][safepoint    ] Application time: 0.0010370 seconds
[2019-12-09T02:52:26.564+0000][1][safepoint    ] Entering safepoint region: CollectForMetadataAllocation
[2019-12-09T02:52:26.564+0000][1][safepoint    ] Leaving safepoint region
[2019-12-09T02:52:26.564+0000][1][safepoint    ] Total time for which application threads were stopped: 0.0002438 seconds, Stopping threads took: 0.0000121 seconds
[2019-12-09T02:52:26.673+0000][1][gc           ] GC(17) Concurrent Sweep 405.059ms
[2019-12-09T02:52:26.673+0000][1][gc,cpu       ] GC(17) User=0.11s Sys=0.00s Real=0.40s
[2019-12-09T02:52:26.673+0000][1][gc           ] GC(17) Concurrent Reset
[2019-12-09T02:52:26.673+0000][1][gc           ] GC(17) Concurrent Reset 0.346ms
[2019-12-09T02:52:26.673+0000][1][gc,cpu       ] GC(17) User=0.00s Sys=0.00s Real=0.00s
[2019-12-09T02:52:26.673+0000][1][gc,heap      ] GC(17) Old: 54685K->54432K(174784K)
[2019-12-09T02:52:27.565+0000][1][safepoint    ] Application time: 1.0008206 seconds
[2019-12-09T02:52:27.572+0000][1][safepoint    ] Entering safepoint region: Cleanup
[2019-12-09T02:52:27.572+0000][1][safepoint    ] Leaving safepoint region
[2019-12-09T02:52:27.572+0000][1][safepoint    ] Total time for which application threads were stopped: 0.0070226 seconds, Stopping threads took: 0.0069755 seconds
[2019-12-09T02:52:28.002+0000][1][safepoint    ] Application time: 0.4303128 seconds
[2019-12-09T02:52:28.002+0000][1][safepoint    ] Entering safepoint region: RevokeBias
[2019-12-09T02:52:28.002+0000][1][safepoint    ] Leaving safepoint region
[2019-12-09T02:52:28.002+0000][1][safepoint    ] Total time for which application threads were stopped: 0.0003564 seconds, Stopping threads took: 0.0002596 seconds
[2019-12-09T02:52:29.005+0000][1][safepoint    ] Application time: 1.0023728 seconds
[2019-12-09T02:52:29.083+0000][1][safepoint    ] Entering safepoint region: Cleanup
[2019-12-09T02:52:29.083+0000][1][safepoint    ] Leaving safepoint region
[2019-12-09T02:52:29.083+0000][1][safepoint    ] Total time for which application threads were stopped: 0.0779730 seconds, Stopping threads took: 0.0779117 seconds
[2019-12-09T02:52:32.109+0000][1][safepoint    ] Application time: 3.0258124 seconds
[2019-12-09T02:52:32.185+0000][1][safepoint    ] Entering safepoint region: Cleanup
[2019-12-09T02:52:32.185+0000][1][safepoint    ] Leaving safepoint region
[2019-12-09T02:52:32.185+0000][1][safepoint    ] Total time for which application threads were stopped: 0.0766255 seconds, Stopping threads took: 0.0765771 seconds
[2019-12-09T02:52:32.999+0000][1][safepoint    ] Application time: 0.8134617 seconds
[2019-12-09T02:52:33.001+0000][1][safepoint    ] Entering safepoint region: RevokeBias
[2019-12-09T02:52:33.002+0000][1][safepoint    ] Leaving safepoint region
[2019-12-09T02:52:33.002+0000][1][safepoint    ] Total time for which application threads were stopped: 0.0027346 seconds, Stopping threads took: 0.0026330 seconds
[2019-12-09T02:52:33.002+0000][1][safepoint    ] Application time: 0.0002123 seconds
[2019-12-09T02:52:33.002+0000][1][safepoint    ] Entering safepoint region: RevokeBias
[2019-12-09T02:52:33.002+0000][1][safepoint    ] Leaving safepoint region
[2019-12-09T02:52:33.002+0000][1][safepoint    ] Total time for which application threads were stopped: 0.0000722 seconds, Stopping threads took: 0.0000095 seconds
[2019-12-09T02:52:33.004+0000][1][safepoint    ] Application time: 0.0017705 seconds
[2019-12-09T02:52:33.004+0000][1][safepoint    ] Entering safepoint region: RevokeBias
[2019-12-09T02:52:33.004+0000][1][safepoint    ] Leaving safepoint region
[2019-12-09T02:52:33.004+0000][1][safepoint    ] Total time for which application threads were stopped: 0.0000870 seconds, Stopping threads took: 0.0000122 seconds
[2019-12-09T02:52:33.004+0000][1][safepoint    ] Application time: 0.0001606 seconds
[2019-12-09T02:52:33.004+0000][1][safepoint    ] Entering safepoint region: RevokeBias
[2019-12-09T02:52:33.004+0000][1][safepoint    ] Leaving safepoint region
[2019-12-09T02:52:33.004+0000][1][safepoint    ] Total time for which application threads were stopped: 0.0000696 seconds, Stopping threads took: 0.0000082 seconds
[2019-12-09T02:52:33.004+0000][1][safepoint    ] Application time: 0.0000738 seconds
[2019-12-09T02:52:33.004+0000][1][safepoint    ] Entering safepoint region: RevokeBias
[2019-12-09T02:52:33.004+0000][1][safepoint    ] Leaving safepoint region
[2019-12-09T02:52:33.004+0000][1][safepoint    ] Total time for which application threads were stopped: 0.0000779 seconds, Stopping threads took: 0.0000086 seconds
[2019-12-09T02:52:33.004+0000][1][safepoint    ] Application time: 0.0000560 seconds
[2019-12-09T02:52:33.004+0000][1][safepoint    ] Entering safepoint region: RevokeBias
[2019-12-09T02:52:33.004+0000][1][safepoint    ] Leaving safepoint region
[2019-12-09T02:52:33.004+0000][1][safepoint    ] Total time for which application threads were stopped: 0.0000669 seconds, Stopping threads took: 0.0000087 seconds
[2019-12-09T02:52:33.004+0000][1][safepoint    ] Application time: 0.0000847 seconds
[2019-12-09T02:52:33.004+0000][1][safepoint    ] Entering safepoint region: RevokeBias
[2019-12-09T02:52:33.005+0000][1][safepoint    ] Leaving safepoint region
[2019-12-09T02:52:33.005+0000][1][safepoint    ] Total time for which application threads were stopped: 0.0000710 seconds, Stopping threads took: 0.0000086 seconds
[2019-12-09T02:52:33.005+0000][1][safepoint    ] Application time: 0.0000623 seconds
[2019-12-09T02:52:33.005+0000][1][safepoint    ] Entering safepoint region: RevokeBias
[2019-12-09T02:52:33.005+0000][1][safepoint    ] Leaving safepoint region
[2019-12-09T02:52:33.005+0000][1][safepoint    ] Total time for which application threads were stopped: 0.0000881 seconds, Stopping threads took: 0.0000085 seconds
[2019-12-09T02:52:33.005+0000][1][safepoint    ] Application time: 0.0004568 seconds
[2019-12-09T02:52:33.005+0000][1][safepoint    ] Entering safepoint region: RevokeBias
[2019-12-09T02:52:33.005+0000][1][safepoint    ] Leaving safepoint region
[2019-12-09T02:52:33.005+0000][1][safepoint    ] Total time for which application threads were stopped: 0.0000769 seconds, Stopping threads took: 0.0000097 seconds
[2019-12-09T02:52:33.006+0000][1][safepoint    ] Application time: 0.0007030 seconds
[2019-12-09T02:52:33.006+0000][1][safepoint    ] Entering safepoint region: RevokeBias
[2019-12-09T02:52:33.006+0000][1][safepoint    ] Leaving safepoint region
[2019-12-09T02:52:33.006+0000][1][safepoint    ] Total time for which application threads were stopped: 0.0000820 seconds, Stopping threads took: 0.0000102 seconds
[2019-12-09T02:52:33.006+0000][1][safepoint    ] Application time: 0.0000613 seconds
[2019-12-09T02:52:33.006+0000][1][safepoint    ] Entering safepoint region: RevokeBias
[2019-12-09T02:52:33.006+0000][1][safepoint    ] Leaving safepoint region
[2019-12-09T02:52:33.006+0000][1][safepoint    ] Total time for which application threads were stopped: 0.0000528 seconds, Stopping threads took: 0.0000071 seconds
[2019-12-09T02:52:33.007+0000][1][safepoint    ] Application time: 0.0005338 seconds
[2019-12-09T02:52:33.007+0000][1][safepoint    ] Entering safepoint region: RevokeBias
[2019-12-09T02:52:33.007+0000][1][safepoint    ] Leaving safepoint region
[2019-12-09T02:52:33.007+0000][1][safepoint    ] Total time for which application threads were stopped: 0.0000742 seconds, Stopping threads took: 0.0000092 seconds
[2019-12-09T02:52:33.503+0000][1][safepoint    ] Application time: 0.4960975 seconds
[2019-12-09T02:52:33.534+0000][1][safepoint    ] Entering safepoint region: RevokeBias
[2019-12-09T02:52:33.534+0000][1][safepoint    ] Leaving safepoint region
[2019-12-09T02:52:33.534+0000][1][safepoint    ] Total time for which application threads were stopped: 0.0308816 seconds, Stopping threads took: 0.0307867 seconds
[2019-12-09T02:52:34.540+0000][1][safepoint    ] Application time: 1.0057992 seconds
[2019-12-09T02:52:34.606+0000][1][safepoint    ] Entering safepoint region: Cleanup
[2019-12-09T02:52:34.606+0000][1][safepoint    ] Leaving safepoint region
[2019-12-09T02:52:34.606+0000][1][safepoint    ] Total time for which application threads were stopped: 0.0662592 seconds, Stopping threads took: 0.0661965 seconds
[2019-12-09T02:52:35.612+0000][1][safepoint    ] Application time: 1.0057452 seconds
[2019-12-09T02:52:35.660+0000][1][safepoint    ] Entering safepoint region: Cleanup
[2019-12-09T02:52:35.660+0000][1][safepoint    ] Leaving safepoint region
[2019-12-09T02:52:35.660+0000][1][safepoint    ] Total time for which application threads were stopped: 0.0481466 seconds, Stopping threads took: 0.0480657 seconds
[2019-12-09T02:52:36.160+0000][1][safepoint    ] Application time: 0.5005025 seconds
[2019-12-09T02:52:36.160+0000][1][safepoint    ] Entering safepoint region: GenCollectForAllocation
[2019-12-09T02:52:36.161+0000][1][gc,start     ] GC(19) Pause Young (Allocation Failure)
[2019-12-09T02:52:36.161+0000][1][gc,task      ] GC(19) Using 2 workers of 2 for evacuation
[2019-12-09T02:52:36.284+0000][1][gc,age       ] GC(19) Desired survivor size 4456448 bytes, new threshold 3 (max threshold 6)
[2019-12-09T02:52:36.284+0000][1][gc,age       ] GC(19) Age table with threshold 3 (max threshold 6)
[2019-12-09T02:52:36.284+0000][1][gc,age       ] GC(19) - age   1:    2547816 bytes,    2547816 total
[2019-12-09T02:52:36.284+0000][1][gc,age       ] GC(19) - age   2:    1898904 bytes,    4446720 total
[2019-12-09T02:52:36.284+0000][1][gc,age       ] GC(19) - age   3:    1218992 bytes,    5665712 total
[2019-12-09T02:52:36.284+0000][1][gc,heap      ] GC(19) ParNew: 74733K->7280K(78656K)
[2019-12-09T02:52:36.284+0000][1][gc,heap      ] GC(19) CMS: 54432K->54432K(174784K)
[2019-12-09T02:52:36.284+0000][1][gc,metaspace ] GC(19) Metaspace: 43045K->43045K(1089536K)
[2019-12-09T02:52:36.284+0000][1][gc           ] GC(19) Pause Young (Allocation Failure) 126M->60M(247M) 123.078ms
[2019-12-09T02:52:36.284+0000][1][gc,cpu       ] GC(19) User=0.03s Sys=0.00s Real=0.12s
[2019-12-09T02:52:36.284+0000][1][safepoint    ] Leaving safepoint region
[2019-12-09T02:52:36.284+0000][1][safepoint    ] Total time for which application threads were stopped: 0.1232418 seconds, Stopping threads took: 0.0000136 seconds
[2019-12-09T02:52:36.409+0000][1][safepoint    ] Application time: 0.1250071 seconds
[2019-12-09T02:52:36.409+0000][1][safepoint    ] Entering safepoint region: RevokeBias
[2019-12-09T02:52:36.409+0000][1][safepoint    ] Leaving safepoint region
[2019-12-09T02:52:36.409+0000][1][safepoint    ] Total time for which application threads were stopped: 0.0000738 seconds, Stopping threads took: 0.0000138 seconds
[2019-12-09T02:52:36.409+0000][1][safepoint    ] Application time: 0.0000711 seconds
[2019-12-09T02:52:36.409+0000][1][safepoint    ] Entering safepoint region: RevokeBias
[2019-12-09T02:52:36.409+0000][1][safepoint    ] Leaving safepoint region
[2019-12-09T02:52:36.409+0000][1][safepoint    ] Total time for which application threads were stopped: 0.0000317 seconds, Stopping threads took: 0.0000079 seconds
[2019-12-09T02:52:37.411+0000][1][safepoint    ] Application time: 1.0017427 seconds
[2019-12-09T02:52:37.413+0000][1][safepoint    ] Entering safepoint region: Cleanup
[2019-12-09T02:52:37.413+0000][1][safepoint    ] Leaving safepoint region
[2019-12-09T02:52:37.413+0000][1][safepoint    ] Total time for which application threads were stopped: 0.0023616 seconds, Stopping threads took: 0.0023062 seconds
[2019-12-09T02:52:37.549+0000][1][safepoint    ] Application time: 0.1355754 seconds
[2019-12-09T02:52:37.549+0000][1][safepoint    ] Entering safepoint region: RevokeBias
[2019-12-09T02:52:37.549+0000][1][safepoint    ] Leaving safepoint region
[2019-12-09T02:52:37.549+0000][1][safepoint    ] Total time for which application threads were stopped: 0.0001256 seconds, Stopping threads took: 0.0000115 seconds
[2019-12-09T02:52:37.936+0000][1][safepoint    ] Application time: 0.3868610 seconds
[2019-12-09T02:52:37.936+0000][1][safepoint    ] Entering safepoint region: RevokeBias
[2019-12-09T02:52:37.936+0000][1][safepoint    ] Leaving safepoint region
[2019-12-09T02:52:37.936+0000][1][safepoint    ] Total time for which application threads were stopped: 0.0001011 seconds, Stopping threads took: 0.0000137 seconds
[2019-12-09T02:52:38.023+0000][1][safepoint    ] Application time: 0.0874491 seconds
[2019-12-09T02:52:38.023+0000][1][safepoint    ] Entering safepoint region: RevokeBias
[2019-12-09T02:52:38.024+0000][1][safepoint    ] Leaving safepoint region
[2019-12-09T02:52:38.024+0000][1][safepoint    ] Total time for which application threads were stopped: 0.0001802 seconds, Stopping threads took: 0.0000144 seconds
[2019-12-09T02:52:38.062+0000][1][safepoint    ] Application time: 0.0381523 seconds
[2019-12-09T02:52:38.062+0000][1][safepoint    ] Entering safepoint region: RevokeBias
[2019-12-09T02:52:38.062+0000][1][safepoint    ] Leaving safepoint region
[2019-12-09T02:52:38.062+0000][1][safepoint    ] Total time for which application threads were stopped: 0.0001125 seconds, Stopping threads took: 0.0000147 seconds
[2019-12-09T02:52:38.718+0000][1][safepoint    ] Application time: 0.6562205 seconds
[2019-12-09T02:52:38.718+0000][1][safepoint    ] Entering safepoint region: RevokeBias
[2019-12-09T02:52:38.718+0000][1][safepoint    ] Leaving safepoint region
[2019-12-09T02:52:38.718+0000][1][safepoint    ] Total time for which application threads were stopped: 0.0001094 seconds, Stopping threads took: 0.0000132 seconds
[2019-12-09T02:52:39.436+0000][1][safepoint    ] Application time: 0.7179530 seconds
[2019-12-09T02:52:39.436+0000][1][safepoint    ] Entering safepoint region: RevokeBias
[2019-12-09T02:52:39.437+0000][1][safepoint    ] Leaving safepoint region
[2019-12-09T02:52:39.437+0000][1][safepoint    ] Total time for which application threads were stopped: 0.0004352 seconds, Stopping threads took: 0.0000121 seconds
[2019-12-09T02:52:39.437+0000][1][safepoint    ] Application time: 0.0002393 seconds
[2019-12-09T02:52:39.437+0000][1][safepoint    ] Entering safepoint region: RevokeBias
[2019-12-09T02:52:39.437+0000][1][safepoint    ] Leaving safepoint region
[2019-12-09T02:52:39.437+0000][1][safepoint    ] Total time for which application threads were stopped: 0.0000428 seconds, Stopping threads took: 0.0000091 seconds
[2019-12-09T02:52:40.042+0000][1][safepoint    ] Application time: 0.6047276 seconds
[2019-12-09T02:52:40.137+0000][1][safepoint    ] Entering safepoint region: RevokeBias
[2019-12-09T02:52:40.137+0000][1][safepoint    ] Leaving safepoint region
[2019-12-09T02:52:40.137+0000][1][safepoint    ] Total time for which application threads were stopped: 0.0957604 seconds, Stopping threads took: 0.0955247 seconds
[2019-12-09T02:52:40.141+0000][1][safepoint    ] Application time: 0.0032885 seconds
[2019-12-09T02:52:40.141+0000][1][safepoint    ] Entering safepoint region: RevokeBias
[2019-12-09T02:52:40.141+0000][1][safepoint    ] Leaving safepoint region
[2019-12-09T02:52:40.141+0000][1][safepoint    ] Total time for which application threads were stopped: 0.0001351 seconds, Stopping threads took: 0.0000696 seconds
[2019-12-09T02:52:40.141+0000][1][safepoint    ] Application time: 0.0000717 seconds
[2019-12-09T02:52:40.141+0000][1][safepoint    ] Entering safepoint region: RevokeBias
[2019-12-09T02:52:40.141+0000][1][safepoint    ] Leaving safepoint region
[2019-12-09T02:52:40.141+0000][1][safepoint    ] Total time for which application threads were stopped: 0.0000539 seconds, Stopping threads took: 0.0000091 seconds
[2019-12-09T02:52:40.141+0000][1][safepoint    ] Application time: 0.0001332 seconds
[2019-12-09T02:52:40.141+0000][1][safepoint    ] Entering safepoint region: RevokeBias
[2019-12-09T02:52:40.141+0000][1][safepoint    ] Leaving safepoint region
[2019-12-09T02:52:40.141+0000][1][safepoint    ] Total time for which application threads were stopped: 0.0000556 seconds, Stopping threads took: 0.0000092 seconds
[2019-12-09T02:52:40.141+0000][1][safepoint    ] Application time: 0.0001768 seconds
[2019-12-09T02:52:40.142+0000][1][safepoint    ] Entering safepoint region: RevokeBias
[2019-12-09T02:52:40.142+0000][1][safepoint    ] Leaving safepoint region
[2019-12-09T02:52:40.142+0000][1][safepoint    ] Total time for which application threads were stopped: 0.0000523 seconds, Stopping threads took: 0.0000077 seconds
[2019-12-09T02:52:40.142+0000][1][safepoint    ] Application time: 0.0000763 seconds
[2019-12-09T02:52:40.142+0000][1][safepoint    ] Entering safepoint region: RevokeBias
[2019-12-09T02:52:40.142+0000][1][safepoint    ] Leaving safepoint region
[2019-12-09T02:52:40.142+0000][1][safepoint    ] Total time for which application threads were stopped: 0.0000856 seconds, Stopping threads took: 0.0000181 seconds
[2019-12-09T02:52:40.142+0000][1][safepoint    ] Application time: 0.0001940 seconds
[2019-12-09T02:52:40.142+0000][1][safepoint    ] Entering safepoint region: RevokeBias
[2019-12-09T02:52:40.142+0000][1][safepoint    ] Leaving safepoint region
[2019-12-09T02:52:40.142+0000][1][safepoint    ] Total time for which application threads were stopped: 0.0000677 seconds, Stopping threads took: 0.0000097 seconds
[2019-12-09T02:52:40.142+0000][1][safepoint    ] Application time: 0.0000540 seconds
[2019-12-09T02:52:40.142+0000][1][safepoint    ] Entering safepoint region: RevokeBias
[2019-12-09T02:52:40.142+0000][1][safepoint    ] Leaving safepoint region
[2019-12-09T02:52:40.142+0000][1][safepoint    ] Total time for which application threads were stopped: 0.0000478 seconds, Stopping threads took: 0.0000078 seconds
[2019-12-09T02:52:40.142+0000][1][safepoint    ] Application time: 0.0000540 seconds
[2019-12-09T02:52:40.142+0000][1][safepoint    ] Entering safepoint region: RevokeBias
[2019-12-09T02:52:40.142+0000][1][safepoint    ] Leaving safepoint region
[2019-12-09T02:52:40.142+0000][1][safepoint    ] Total time for which application threads were stopped: 0.0000481 seconds, Stopping threads took: 0.0000074 seconds
[2019-12-09T02:52:40.142+0000][1][safepoint    ] Application time: 0.0000527 seconds
[2019-12-09T02:52:40.142+0000][1][safepoint    ] Entering safepoint region: RevokeBias
[2019-12-09T02:52:40.142+0000][1][safepoint    ] Leaving safepoint region
[2019-12-09T02:52:40.142+0000][1][safepoint    ] Total time for which application threads were stopped: 0.0000460 seconds, Stopping threads took: 0.0000079 seconds
[2019-12-09T02:52:40.142+0000][1][safepoint    ] Application time: 0.0000527 seconds
[2019-12-09T02:52:40.142+0000][1][safepoint    ] Entering safepoint region: RevokeBias
[2019-12-09T02:52:40.142+0000][1][safepoint    ] Leaving safepoint region
[2019-12-09T02:52:40.142+0000][1][safepoint    ] Total time for which application threads were stopped: 0.0000490 seconds, Stopping threads took: 0.0000079 seconds
[2019-12-09T02:52:40.143+0000][1][safepoint    ] Application time: 0.0000533 seconds
[2019-12-09T02:52:40.143+0000][1][safepoint    ] Entering safepoint region: RevokeBias
[2019-12-09T02:52:40.143+0000][1][safepoint    ] Leaving safepoint region
[2019-12-09T02:52:40.143+0000][1][safepoint    ] Total time for which application threads were stopped: 0.0000485 seconds, Stopping threads took: 0.0000083 seconds
[2019-12-09T02:52:40.143+0000][1][safepoint    ] Application time: 0.0000527 seconds
[2019-12-09T02:52:40.143+0000][1][safepoint    ] Entering safepoint region: RevokeBias
[2019-12-09T02:52:40.143+0000][1][safepoint    ] Leaving safepoint region
[2019-12-09T02:52:40.143+0000][1][safepoint    ] Total time for which application threads were stopped: 0.0000503 seconds, Stopping threads took: 0.0000080 seconds
[2019-12-09T02:52:40.143+0000][1][safepoint    ] Application time: 0.0000567 seconds
[2019-12-09T02:52:40.143+0000][1][safepoint    ] Entering safepoint region: RevokeBias
[2019-12-09T02:52:40.143+0000][1][safepoint    ] Leaving safepoint region
[2019-12-09T02:52:40.143+0000][1][safepoint    ] Total time for which application threads were stopped: 0.0000474 seconds, Stopping threads took: 0.0000078 seconds
[2019-12-09T02:52:40.143+0000][1][safepoint    ] Application time: 0.0000530 seconds
[2019-12-09T02:52:40.143+0000][1][safepoint    ] Entering safepoint region: RevokeBias
[2019-12-09T02:52:40.143+0000][1][safepoint    ] Leaving safepoint region
[2019-12-09T02:52:40.143+0000][1][safepoint    ] Total time for which application threads were stopped: 0.0000466 seconds, Stopping threads took: 0.0000079 seconds
[2019-12-09T02:52:40.143+0000][1][safepoint    ] Application time: 0.0000528 seconds
[2019-12-09T02:52:40.143+0000][1][safepoint    ] Entering safepoint region: RevokeBias
[2019-12-09T02:52:40.143+0000][1][safepoint    ] Leaving safepoint region
[2019-12-09T02:52:40.143+0000][1][safepoint    ] Total time for which application threads were stopped: 0.0000467 seconds, Stopping threads took: 0.0000086 seconds
[2019-12-09T02:52:40.143+0000][1][safepoint    ] Application time: 0.0000528 seconds
[2019-12-09T02:52:40.143+0000][1][safepoint    ] Entering safepoint region: RevokeBias
[2019-12-09T02:52:40.143+0000][1][safepoint    ] Leaving safepoint region
[2019-12-09T02:52:40.143+0000][1][safepoint    ] Total time for which application threads were stopped: 0.0000483 seconds, Stopping threads took: 0.0000075 seconds
[2019-12-09T02:52:40.143+0000][1][safepoint    ] Application time: 0.0000531 seconds
[2019-12-09T02:52:40.143+0000][1][safepoint    ] Entering safepoint region: RevokeBias
[2019-12-09T02:52:40.143+0000][1][safepoint    ] Leaving safepoint region
[2019-12-09T02:52:40.143+0000][1][safepoint    ] Total time for which application threads were stopped: 0.0000450 seconds, Stopping threads took: 0.0000080 seconds
[2019-12-09T02:52:40.143+0000][1][safepoint    ] Application time: 0.0000512 seconds
[2019-12-09T02:52:40.143+0000][1][safepoint    ] Entering safepoint region: RevokeBias
[2019-12-09T02:52:40.143+0000][1][safepoint    ] Leaving safepoint region
[2019-12-09T02:52:40.143+0000][1][safepoint    ] Total time for which application threads were stopped: 0.0000447 seconds, Stopping threads took: 0.0000078 seconds
[2019-12-09T02:52:40.144+0000][1][safepoint    ] Application time: 0.0000503 seconds
[2019-12-09T02:52:40.144+0000][1][safepoint    ] Entering safepoint region: RevokeBias
[2019-12-09T02:52:40.144+0000][1][safepoint    ] Leaving safepoint region
[2019-12-09T02:52:40.144+0000][1][safepoint    ] Total time for which application threads were stopped: 0.0000452 seconds, Stopping threads took: 0.0000084 seconds
[2019-12-09T02:52:40.144+0000][1][safepoint    ] Application time: 0.0000510 seconds
[2019-12-09T02:52:40.144+0000][1][safepoint    ] Entering safepoint region: RevokeBias
[2019-12-09T02:52:40.144+0000][1][safepoint    ] Leaving safepoint region
[2019-12-09T02:52:40.144+0000][1][safepoint    ] Total time for which application threads were stopped: 0.0000671 seconds, Stopping threads took: 0.0000083 seconds
[2019-12-09T02:52:40.144+0000][1][safepoint    ] Application time: 0.0000538 seconds
[2019-12-09T02:52:40.144+0000][1][safepoint    ] Entering safepoint region: RevokeBias
[2019-12-09T02:52:40.144+0000][1][safepoint    ] Leaving safepoint region
[2019-12-09T02:52:40.144+0000][1][safepoint    ] Total time for which application threads were stopped: 0.0000465 seconds, Stopping threads took: 0.0000081 seconds
[2019-12-09T02:52:40.144+0000][1][safepoint    ] Application time: 0.0000537 seconds
[2019-12-09T02:52:40.144+0000][1][safepoint    ] Entering safepoint region: RevokeBias
[2019-12-09T02:52:40.144+0000][1][safepoint    ] Leaving safepoint region
[2019-12-09T02:52:40.144+0000][1][safepoint    ] Total time for which application threads were stopped: 0.0000468 seconds, Stopping threads took: 0.0000081 seconds
[2019-12-09T02:52:40.144+0000][1][safepoint    ] Application time: 0.0000530 seconds
[2019-12-09T02:52:40.144+0000][1][safepoint    ] Entering safepoint region: BulkRevokeBias
[2019-12-09T02:52:40.144+0000][1][safepoint    ] Leaving safepoint region
[2019-12-09T02:52:40.144+0000][1][safepoint    ] Total time for which application threads were stopped: 0.0002328 seconds, Stopping threads took: 0.0000079 seconds
[2019-12-09T02:52:40.144+0000][1][safepoint    ] Application time: 0.0001733 seconds
[2019-12-09T02:52:40.144+0000][1][safepoint    ] Entering safepoint region: RevokeBias
[2019-12-09T02:52:40.144+0000][1][safepoint    ] Leaving safepoint region
[2019-12-09T02:52:40.144+0000][1][safepoint    ] Total time for which application threads were stopped: 0.0000624 seconds, Stopping threads took: 0.0000085 seconds
[2019-12-09T02:52:40.145+0000][1][safepoint    ] Application time: 0.0000792 seconds
[2019-12-09T02:52:40.145+0000][1][safepoint    ] Entering safepoint region: RevokeBias
[2019-12-09T02:52:40.145+0000][1][safepoint    ] Leaving safepoint region
[2019-12-09T02:52:40.145+0000][1][safepoint    ] Total time for which application threads were stopped: 0.0000536 seconds, Stopping threads took: 0.0000079 seconds
[2019-12-09T02:52:40.145+0000][1][safepoint    ] Application time: 0.0001363 seconds
[2019-12-09T02:52:40.145+0000][1][safepoint    ] Entering safepoint region: RevokeBias
[2019-12-09T02:52:40.145+0000][1][safepoint    ] Leaving safepoint region
[2019-12-09T02:52:40.145+0000][1][safepoint    ] Total time for which application threads were stopped: 0.0000499 seconds, Stopping threads took: 0.0000079 seconds
[2019-12-09T02:52:40.145+0000][1][safepoint    ] Application time: 0.0000769 seconds
[2019-12-09T02:52:40.145+0000][1][safepoint    ] Entering safepoint region: RevokeBias
[2019-12-09T02:52:40.145+0000][1][safepoint    ] Leaving safepoint region
[2019-12-09T02:52:40.145+0000][1][safepoint    ] Total time for which application threads were stopped: 0.0000464 seconds, Stopping threads took: 0.0000077 seconds
[2019-12-09T02:52:40.145+0000][1][safepoint    ] Application time: 0.0000690 seconds
[2019-12-09T02:52:40.145+0000][1][safepoint    ] Entering safepoint region: RevokeBias
[2019-12-09T02:52:40.145+0000][1][safepoint    ] Leaving safepoint region
[2019-12-09T02:52:40.145+0000][1][safepoint    ] Total time for which application threads were stopped: 0.0000470 seconds, Stopping threads took: 0.0000074 seconds
[2019-12-09T02:52:40.145+0000][1][safepoint    ] Application time: 0.0000558 seconds
[2019-12-09T02:52:40.145+0000][1][safepoint    ] Entering safepoint region: RevokeBias
[2019-12-09T02:52:40.145+0000][1][safepoint    ] Leaving safepoint region
[2019-12-09T02:52:40.145+0000][1][safepoint    ] Total time for which application threads were stopped: 0.0000464 seconds, Stopping threads took: 0.0000081 seconds
[2019-12-09T02:52:40.145+0000][1][safepoint    ] Application time: 0.0001699 seconds
[2019-12-09T02:52:40.145+0000][1][safepoint    ] Entering safepoint region: RevokeBias
[2019-12-09T02:52:40.145+0000][1][safepoint    ] Leaving safepoint region
[2019-12-09T02:52:40.145+0000][1][safepoint    ] Total time for which application threads were stopped: 0.0000485 seconds, Stopping threads took: 0.0000086 seconds
[2019-12-09T02:52:40.146+0000][1][safepoint    ] Application time: 0.0000549 seconds
[2019-12-09T02:52:40.146+0000][1][safepoint    ] Entering safepoint region: BulkRevokeBias
[2019-12-09T02:52:40.146+0000][1][safepoint    ] Leaving safepoint region
[2019-12-09T02:52:40.146+0000][1][safepoint    ] Total time for which application threads were stopped: 0.0000868 seconds, Stopping threads took: 0.0000081 seconds
[2019-12-09T02:52:40.146+0000][1][safepoint    ] Application time: 0.0005751 seconds
[2019-12-09T02:52:40.146+0000][1][safepoint    ] Entering safepoint region: RevokeBias
[2019-12-09T02:52:40.146+0000][1][safepoint    ] Leaving safepoint region
[2019-12-09T02:52:40.146+0000][1][safepoint    ] Total time for which application threads were stopped: 0.0000655 seconds, Stopping threads took: 0.0000107 seconds
[2019-12-09T02:52:40.146+0000][1][safepoint    ] Application time: 0.0000902 seconds
[2019-12-09T02:52:40.146+0000][1][safepoint    ] Entering safepoint region: RevokeBias
[2019-12-09T02:52:40.146+0000][1][safepoint    ] Leaving safepoint region
[2019-12-09T02:52:40.146+0000][1][safepoint    ] Total time for which application threads were stopped: 0.0000448 seconds, Stopping threads took: 0.0000075 seconds
[2019-12-09T02:52:40.147+0000][1][safepoint    ] Application time: 0.0003782 seconds
[2019-12-09T02:52:40.147+0000][1][safepoint    ] Entering safepoint region: RevokeBias
[2019-12-09T02:52:40.147+0000][1][safepoint    ] Leaving safepoint region
[2019-12-09T02:52:40.147+0000][1][safepoint    ] Total time for which application threads were stopped: 0.0000656 seconds, Stopping threads took: 0.0000101 seconds
[2019-12-09T02:52:40.147+0000][1][safepoint    ] Application time: 0.0000741 seconds
[2019-12-09T02:52:40.147+0000][1][safepoint    ] Entering safepoint region: RevokeBias
[2019-12-09T02:52:40.147+0000][1][safepoint    ] Leaving safepoint region
[2019-12-09T02:52:40.147+0000][1][safepoint    ] Total time for which application threads were stopped: 0.0000531 seconds, Stopping threads took: 0.0000086 seconds
[2019-12-09T02:52:40.147+0000][1][safepoint    ] Application time: 0.0000515 seconds
[2019-12-09T02:52:40.147+0000][1][safepoint    ] Entering safepoint region: RevokeBias
[2019-12-09T02:52:40.147+0000][1][safepoint    ] Leaving safepoint region
[2019-12-09T02:52:40.147+0000][1][safepoint    ] Total time for which application threads were stopped: 0.0000463 seconds, Stopping threads took: 0.0000078 seconds
[2019-12-09T02:52:40.147+0000][1][safepoint    ] Application time: 0.0000490 seconds
[2019-12-09T02:52:40.147+0000][1][safepoint    ] Entering safepoint region: RevokeBias
[2019-12-09T02:52:40.147+0000][1][safepoint    ] Leaving safepoint region
[2019-12-09T02:52:40.147+0000][1][safepoint    ] Total time for which application threads were stopped: 0.0000415 seconds, Stopping threads took: 0.0000071 seconds
[2019-12-09T02:52:40.148+0000][1][safepoint    ] Application time: 0.0003393 seconds
[2019-12-09T02:52:40.148+0000][1][safepoint    ] Entering safepoint region: RevokeBias
[2019-12-09T02:52:40.148+0000][1][safepoint    ] Leaving safepoint region
[2019-12-09T02:52:40.148+0000][1][safepoint    ] Total time for which application threads were stopped: 0.0000803 seconds, Stopping threads took: 0.0000098 seconds
[2019-12-09T02:52:40.148+0000][1][safepoint    ] Application time: 0.0001347 seconds
[2019-12-09T02:52:40.148+0000][1][safepoint    ] Entering safepoint region: RevokeBias
[2019-12-09T02:52:40.148+0000][1][safepoint    ] Leaving safepoint region
[2019-12-09T02:52:40.148+0000][1][safepoint    ] Total time for which application threads were stopped: 0.0000559 seconds, Stopping threads took: 0.0000086 seconds
[2019-12-09T02:52:40.148+0000][1][safepoint    ] Application time: 0.0001663 seconds
[2019-12-09T02:52:40.148+0000][1][safepoint    ] Entering safepoint region: RevokeBias
[2019-12-09T02:52:40.148+0000][1][safepoint    ] Leaving safepoint region
[2019-12-09T02:52:40.148+0000][1][safepoint    ] Total time for which application threads were stopped: 0.0000560 seconds, Stopping threads took: 0.0000088 seconds
[2019-12-09T02:52:40.149+0000][1][safepoint    ] Application time: 0.0003189 seconds
[2019-12-09T02:52:40.149+0000][1][safepoint    ] Entering safepoint region: RevokeBias
[2019-12-09T02:52:40.149+0000][1][safepoint    ] Leaving safepoint region
[2019-12-09T02:52:40.149+0000][1][safepoint    ] Total time for which application threads were stopped: 0.0000614 seconds, Stopping threads took: 0.0000098 seconds
[2019-12-09T02:52:40.149+0000][1][safepoint    ] Application time: 0.0004666 seconds
[2019-12-09T02:52:40.149+0000][1][safepoint    ] Entering safepoint region: RevokeBias
[2019-12-09T02:52:40.149+0000][1][safepoint    ] Leaving safepoint region
[2019-12-09T02:52:40.149+0000][1][safepoint    ] Total time for which application threads were stopped: 0.0000610 seconds, Stopping threads took: 0.0000102 seconds
[2019-12-09T02:52:40.149+0000][1][safepoint    ] Application time: 0.0001302 seconds
[2019-12-09T02:52:40.149+0000][1][safepoint    ] Entering safepoint region: RevokeBias
[2019-12-09T02:52:40.149+0000][1][safepoint    ] Leaving safepoint region
[2019-12-09T02:52:40.149+0000][1][safepoint    ] Total time for which application threads were stopped: 0.0000578 seconds, Stopping threads took: 0.0000092 seconds
[2019-12-09T02:52:40.150+0000][1][safepoint    ] Application time: 0.0002133 seconds
[2019-12-09T02:52:40.150+0000][1][safepoint    ] Entering safepoint region: RevokeBias
[2019-12-09T02:52:40.150+0000][1][safepoint    ] Leaving safepoint region
[2019-12-09T02:52:40.150+0000][1][safepoint    ] Total time for which application threads were stopped: 0.0000589 seconds, Stopping threads took: 0.0000091 seconds
[2019-12-09T02:52:40.152+0000][1][safepoint    ] Application time: 0.0019617 seconds
[2019-12-09T02:52:40.152+0000][1][safepoint    ] Entering safepoint region: RevokeBias
[2019-12-09T02:52:40.152+0000][1][safepoint    ] Leaving safepoint region
[2019-12-09T02:52:40.152+0000][1][safepoint    ] Total time for which application threads were stopped: 0.0000933 seconds, Stopping threads took: 0.0000104 seconds
[2019-12-09T02:52:40.152+0000][1][safepoint    ] Application time: 0.0000652 seconds
[2019-12-09T02:52:40.152+0000][1][safepoint    ] Entering safepoint region: RevokeBias
[2019-12-09T02:52:40.152+0000][1][safepoint    ] Leaving safepoint region
[2019-12-09T02:52:40.152+0000][1][safepoint    ] Total time for which application threads were stopped: 0.0000581 seconds, Stopping threads took: 0.0000083 seconds
[2019-12-09T02:52:40.153+0000][1][safepoint    ] Application time: 0.0008874 seconds
[2019-12-09T02:52:40.153+0000][1][safepoint    ] Entering safepoint region: RevokeBias
[2019-12-09T02:52:40.153+0000][1][safepoint    ] Leaving safepoint region
[2019-12-09T02:52:40.153+0000][1][safepoint    ] Total time for which application threads were stopped: 0.0000640 seconds, Stopping threads took: 0.0000104 seconds
[2019-12-09T02:52:40.154+0000][1][safepoint    ] Application time: 0.0010138 seconds
[2019-12-09T02:52:40.154+0000][1][safepoint    ] Entering safepoint region: RevokeBias
[2019-12-09T02:52:40.154+0000][1][safepoint    ] Leaving safepoint region
[2019-12-09T02:52:40.154+0000][1][safepoint    ] Total time for which application threads were stopped: 0.0000703 seconds, Stopping threads took: 0.0000096 seconds
[2019-12-09T02:52:40.156+0000][1][safepoint    ] Application time: 0.0017542 seconds
[2019-12-09T02:52:40.156+0000][1][safepoint    ] Entering safepoint region: RevokeBias
[2019-12-09T02:52:40.156+0000][1][safepoint    ] Leaving safepoint region
[2019-12-09T02:52:40.156+0000][1][safepoint    ] Total time for which application threads were stopped: 0.0000758 seconds, Stopping threads took: 0.0000098 seconds
[2019-12-09T02:52:40.156+0000][1][safepoint    ] Application time: 0.0002360 seconds
[2019-12-09T02:52:40.156+0000][1][safepoint    ] Entering safepoint region: RevokeBias
[2019-12-09T02:52:40.156+0000][1][safepoint    ] Leaving safepoint region
[2019-12-09T02:52:40.156+0000][1][safepoint    ] Total time for which application threads were stopped: 0.0000673 seconds, Stopping threads took: 0.0000101 seconds
[2019-12-09T02:52:40.160+0000][1][safepoint    ] Application time: 0.0035471 seconds
[2019-12-09T02:52:40.161+0000][1][safepoint    ] Entering safepoint region: RevokeBias
[2019-12-09T02:52:40.161+0000][1][safepoint    ] Leaving safepoint region
[2019-12-09T02:52:40.161+0000][1][safepoint    ] Total time for which application threads were stopped: 0.0014381 seconds, Stopping threads took: 0.0013969 seconds
[2019-12-09T02:52:40.161+0000][1][safepoint    ] Application time: 0.0000704 seconds
[2019-12-09T02:52:40.161+0000][1][safepoint    ] Entering safepoint region: RevokeBias
[2019-12-09T02:52:40.161+0000][1][safepoint    ] Leaving safepoint region
[2019-12-09T02:52:40.161+0000][1][safepoint    ] Total time for which application threads were stopped: 0.0000320 seconds, Stopping threads took: 0.0000083 seconds
[2019-12-09T02:52:40.161+0000][1][safepoint    ] Application time: 0.0000548 seconds
[2019-12-09T02:52:40.161+0000][1][safepoint    ] Entering safepoint region: RevokeBias
[2019-12-09T02:52:40.161+0000][1][safepoint    ] Leaving safepoint region
[2019-12-09T02:52:40.161+0000][1][safepoint    ] Total time for which application threads were stopped: 0.0000297 seconds, Stopping threads took: 0.0000080 seconds
[2019-12-09T02:52:40.161+0000][1][safepoint    ] Application time: 0.0000517 seconds
[2019-12-09T02:52:40.161+0000][1][safepoint    ] Entering safepoint region: RevokeBias
[2019-12-09T02:52:40.161+0000][1][safepoint    ] Leaving safepoint region
[2019-12-09T02:52:40.161+0000][1][safepoint    ] Total time for which application threads were stopped: 0.0000302 seconds, Stopping threads took: 0.0000083 seconds
[2019-12-09T02:52:40.162+0000][1][safepoint    ] Application time: 0.0000498 seconds
[2019-12-09T02:52:40.162+0000][1][safepoint    ] Entering safepoint region: RevokeBias
[2019-12-09T02:52:40.162+0000][1][safepoint    ] Leaving safepoint region
[2019-12-09T02:52:40.162+0000][1][safepoint    ] Total time for which application threads were stopped: 0.0000345 seconds, Stopping threads took: 0.0000082 seconds
[2019-12-09T02:52:40.162+0000][1][safepoint    ] Application time: 0.0000585 seconds
[2019-12-09T02:52:40.162+0000][1][safepoint    ] Entering safepoint region: RevokeBias
[2019-12-09T02:52:40.162+0000][1][safepoint    ] Leaving safepoint region
[2019-12-09T02:52:40.162+0000][1][safepoint    ] Total time for which application threads were stopped: 0.0000495 seconds, Stopping threads took: 0.0000082 seconds
[2019-12-09T02:52:40.162+0000][1][safepoint    ] Application time: 0.0000507 seconds
[2019-12-09T02:52:40.162+0000][1][safepoint    ] Entering safepoint region: RevokeBias
[2019-12-09T02:52:40.162+0000][1][safepoint    ] Leaving safepoint region
[2019-12-09T02:52:40.162+0000][1][safepoint    ] Total time for which application threads were stopped: 0.0000278 seconds, Stopping threads took: 0.0000079 seconds
[2019-12-09T02:52:40.162+0000][1][safepoint    ] Application time: 0.0000487 seconds
[2019-12-09T02:52:40.162+0000][1][safepoint    ] Entering safepoint region: RevokeBias
[2019-12-09T02:52:40.162+0000][1][safepoint    ] Leaving safepoint region
[2019-12-09T02:52:40.162+0000][1][safepoint    ] Total time for which application threads were stopped: 0.0000260 seconds, Stopping threads took: 0.0000072 seconds
[2019-12-09T02:52:40.162+0000][1][safepoint    ] Application time: 0.0000478 seconds
[2019-12-09T02:52:40.162+0000][1][safepoint    ] Entering safepoint region: RevokeBias
[2019-12-09T02:52:40.162+0000][1][safepoint    ] Leaving safepoint region
[2019-12-09T02:52:40.162+0000][1][safepoint    ] Total time for which application threads were stopped: 0.0000271 seconds, Stopping threads took: 0.0000074 seconds
[2019-12-09T02:52:40.162+0000][1][safepoint    ] Application time: 0.0000508 seconds
[2019-12-09T02:52:40.162+0000][1][safepoint    ] Entering safepoint region: RevokeBias
[2019-12-09T02:52:40.162+0000][1][safepoint    ] Leaving safepoint region
[2019-12-09T02:52:40.162+0000][1][safepoint    ] Total time for which application threads were stopped: 0.0000270 seconds, Stopping threads took: 0.0000077 seconds
[2019-12-09T02:52:40.162+0000][1][safepoint    ] Application time: 0.0000508 seconds
[2019-12-09T02:52:40.162+0000][1][safepoint    ] Entering safepoint region: RevokeBias
[2019-12-09T02:52:40.162+0000][1][safepoint    ] Leaving safepoint region
[2019-12-09T02:52:40.162+0000][1][safepoint    ] Total time for which application threads were stopped: 0.0000281 seconds, Stopping threads took: 0.0000076 seconds
[2019-12-09T02:52:40.162+0000][1][safepoint    ] Application time: 0.0000485 seconds
[2019-12-09T02:52:40.162+0000][1][safepoint    ] Entering safepoint region: RevokeBias
[2019-12-09T02:52:40.162+0000][1][safepoint    ] Leaving safepoint region
[2019-12-09T02:52:40.162+0000][1][safepoint    ] Total time for which application threads were stopped: 0.0000261 seconds, Stopping threads took: 0.0000073 seconds
[2019-12-09T02:52:40.162+0000][1][safepoint    ] Application time: 0.0000493 seconds
[2019-12-09T02:52:40.162+0000][1][safepoint    ] Entering safepoint region: RevokeBias
[2019-12-09T02:52:40.162+0000][1][safepoint    ] Leaving safepoint region
[2019-12-09T02:52:40.162+0000][1][safepoint    ] Total time for which application threads were stopped: 0.0000260 seconds, Stopping threads took: 0.0000074 seconds
[2019-12-09T02:52:40.162+0000][1][safepoint    ] Application time: 0.0000502 seconds
[2019-12-09T02:52:40.162+0000][1][safepoint    ] Entering safepoint region: RevokeBias
[2019-12-09T02:52:40.162+0000][1][safepoint    ] Leaving safepoint region
[2019-12-09T02:52:40.162+0000][1][safepoint    ] Total time for which application threads were stopped: 0.0000260 seconds, Stopping threads took: 0.0000072 seconds
[2019-12-09T02:52:40.162+0000][1][safepoint    ] Application time: 0.0000478 seconds
[2019-12-09T02:52:40.162+0000][1][safepoint    ] Entering safepoint region: RevokeBias
[2019-12-09T02:52:40.163+0000][1][safepoint    ] Leaving safepoint region
[2019-12-09T02:52:40.163+0000][1][safepoint    ] Total time for which application threads were stopped: 0.0000295 seconds, Stopping threads took: 0.0000070 seconds
[2019-12-09T02:52:40.163+0000][1][safepoint    ] Application time: 0.0000499 seconds
[2019-12-09T02:52:40.163+0000][1][safepoint    ] Entering safepoint region: RevokeBias
[2019-12-09T02:52:40.163+0000][1][safepoint    ] Leaving safepoint region
[2019-12-09T02:52:40.163+0000][1][safepoint    ] Total time for which application threads were stopped: 0.0000274 seconds, Stopping threads took: 0.0000076 seconds
[2019-12-09T02:52:40.163+0000][1][safepoint    ] Application time: 0.0000486 seconds
[2019-12-09T02:52:40.163+0000][1][safepoint    ] Entering safepoint region: RevokeBias
[2019-12-09T02:52:40.163+0000][1][safepoint    ] Leaving safepoint region
[2019-12-09T02:52:40.163+0000][1][safepoint    ] Total time for which application threads were stopped: 0.0000310 seconds, Stopping threads took: 0.0000095 seconds
[2019-12-09T02:52:40.163+0000][1][safepoint    ] Application time: 0.0000516 seconds
[2019-12-09T02:52:40.163+0000][1][safepoint    ] Entering safepoint region: RevokeBias
[2019-12-09T02:52:40.163+0000][1][safepoint    ] Leaving safepoint region
[2019-12-09T02:52:40.163+0000][1][safepoint    ] Total time for which application threads were stopped: 0.0000281 seconds, Stopping threads took: 0.0000081 seconds
[2019-12-09T02:52:40.163+0000][1][safepoint    ] Application time: 0.0000509 seconds
[2019-12-09T02:52:40.163+0000][1][safepoint    ] Entering safepoint region: RevokeBias
[2019-12-09T02:52:40.163+0000][1][safepoint    ] Leaving safepoint region
[2019-12-09T02:52:40.163+0000][1][safepoint    ] Total time for which application threads were stopped: 0.0000278 seconds, Stopping threads took: 0.0000074 seconds
[2019-12-09T02:52:40.163+0000][1][safepoint    ] Application time: 0.0000527 seconds
[2019-12-09T02:52:40.163+0000][1][safepoint    ] Entering safepoint region: BulkRevokeBias
[2019-12-09T02:52:40.163+0000][1][safepoint    ] Leaving safepoint region
[2019-12-09T02:52:40.163+0000][1][safepoint    ] Total time for which application threads were stopped: 0.0001058 seconds, Stopping threads took: 0.0000084 seconds
[2019-12-09T02:52:40.164+0000][1][safepoint    ] Application time: 0.0010021 seconds
[2019-12-09T02:52:40.164+0000][1][safepoint    ] Entering safepoint region: RevokeBias
[2019-12-09T02:52:40.164+0000][1][safepoint    ] Leaving safepoint region
[2019-12-09T02:52:40.164+0000][1][safepoint    ] Total time for which application threads were stopped: 0.0000405 seconds, Stopping threads took: 0.0000103 seconds
[2019-12-09T02:52:40.165+0000][1][safepoint    ] Application time: 0.0013197 seconds
[2019-12-09T02:52:40.166+0000][1][safepoint    ] Entering safepoint region: RevokeBias
[2019-12-09T02:52:40.166+0000][1][safepoint    ] Leaving safepoint region
[2019-12-09T02:52:40.166+0000][1][safepoint    ] Total time for which application threads were stopped: 0.0000472 seconds, Stopping threads took: 0.0000127 seconds
[2019-12-09T02:52:40.171+0000][1][safepoint    ] Application time: 0.0052443 seconds
[2019-12-09T02:52:40.171+0000][1][safepoint    ] Entering safepoint region: RevokeBias
[2019-12-09T02:52:40.171+0000][1][safepoint    ] Leaving safepoint region
[2019-12-09T02:52:40.171+0000][1][safepoint    ] Total time for which application threads were stopped: 0.0000400 seconds, Stopping threads took: 0.0000103 seconds
[2019-12-09T02:52:40.172+0000][1][safepoint    ] Application time: 0.0014988 seconds
[2019-12-09T02:52:40.172+0000][1][safepoint    ] Entering safepoint region: RevokeBias
[2019-12-09T02:52:40.172+0000][1][safepoint    ] Leaving safepoint region
[2019-12-09T02:52:40.172+0000][1][safepoint    ] Total time for which application threads were stopped: 0.0000359 seconds, Stopping threads took: 0.0000093 seconds
[2019-12-09T02:52:40.200+0000][1][safepoint    ] Application time: 0.0271865 seconds
[2019-12-09T02:52:40.200+0000][1][safepoint    ] Entering safepoint region: RevokeBias
[2019-12-09T02:52:40.200+0000][1][safepoint    ] Leaving safepoint region
[2019-12-09T02:52:40.200+0000][1][safepoint    ] Total time for which application threads were stopped: 0.0000797 seconds, Stopping threads took: 0.0000129 seconds
[2019-12-09T02:52:40.366+0000][1][safepoint    ] Application time: 0.1661012 seconds
[2019-12-09T02:52:40.446+0000][1][safepoint    ] Entering safepoint region: RevokeBias
[2019-12-09T02:52:40.446+0000][1][safepoint    ] Leaving safepoint region
[2019-12-09T02:52:40.446+0000][1][safepoint    ] Total time for which application threads were stopped: 0.0800914 seconds, Stopping threads took: 0.0798952 seconds
[2019-12-09T02:52:40.446+0000][1][safepoint    ] Application time: 0.0000805 seconds
[2019-12-09T02:52:40.446+0000][1][safepoint    ] Entering safepoint region: RevokeBias
[2019-12-09T02:52:40.446+0000][1][safepoint    ] Leaving safepoint region
[2019-12-09T02:52:40.446+0000][1][safepoint    ] Total time for which application threads were stopped: 0.0000550 seconds, Stopping threads took: 0.0000105 seconds
[2019-12-09T02:52:40.773+0000][1][safepoint    ] Application time: 0.3265784 seconds
[2019-12-09T02:52:40.773+0000][1][safepoint    ] Entering safepoint region: RevokeBias
[2019-12-09T02:52:40.773+0000][1][safepoint    ] Leaving safepoint region
[2019-12-09T02:52:40.773+0000][1][safepoint    ] Total time for which application threads were stopped: 0.0000772 seconds, Stopping threads took: 0.0000154 seconds
[2019-12-09T02:52:41.475+0000][1][safepoint    ] Application time: 0.7021648 seconds
[2019-12-09T02:52:41.475+0000][1][safepoint    ] Entering safepoint region: RevokeBias
[2019-12-09T02:52:41.475+0000][1][safepoint    ] Leaving safepoint region
[2019-12-09T02:52:41.475+0000][1][safepoint    ] Total time for which application threads were stopped: 0.0000722 seconds, Stopping threads took: 0.0000146 seconds
[2019-12-09T02:52:41.475+0000][1][safepoint    ] Application time: 0.0000783 seconds
[2019-12-09T02:52:41.475+0000][1][safepoint    ] Entering safepoint region: RevokeBias
[2019-12-09T02:52:41.475+0000][1][safepoint    ] Leaving safepoint region
[2019-12-09T02:52:41.475+0000][1][safepoint    ] Total time for which application threads were stopped: 0.0000368 seconds, Stopping threads took: 0.0000084 seconds
[2019-12-09T02:52:41.475+0000][1][safepoint    ] Application time: 0.0002129 seconds
[2019-12-09T02:52:41.475+0000][1][safepoint    ] Entering safepoint region: RevokeBias
[2019-12-09T02:52:41.476+0000][1][safepoint    ] Leaving safepoint region
[2019-12-09T02:52:41.476+0000][1][safepoint    ] Total time for which application threads were stopped: 0.0000857 seconds, Stopping threads took: 0.0000107 seconds
[2019-12-09T02:52:41.512+0000][1][safepoint    ] Application time: 0.0361667 seconds
[2019-12-09T02:52:41.512+0000][1][safepoint    ] Entering safepoint region: GenCollectForAllocation
[2019-12-09T02:52:41.512+0000][1][gc,start     ] GC(20) Pause Young (Allocation Failure)
[2019-12-09T02:52:41.512+0000][1][gc,task      ] GC(20) Using 2 workers of 2 for evacuation
[2019-12-09T02:52:41.683+0000][1][gc,age       ] GC(20) Desired survivor size 4456448 bytes, new threshold 2 (max threshold 6)
[2019-12-09T02:52:41.683+0000][1][gc,age       ] GC(20) Age table with threshold 2 (max threshold 6)
[2019-12-09T02:52:41.683+0000][1][gc,age       ] GC(20) - age   1:    2831112 bytes,    2831112 total
[2019-12-09T02:52:41.683+0000][1][gc,age       ] GC(20) - age   2:    2470360 bytes,    5301472 total
[2019-12-09T02:52:41.683+0000][1][gc,age       ] GC(20) - age   3:    1897208 bytes,    7198680 total
[2019-12-09T02:52:41.683+0000][1][gc,heap      ] GC(20) ParNew: 77232K->8704K(78656K)
[2019-12-09T02:52:41.683+0000][1][gc,heap      ] GC(20) CMS: 54432K->55647K(174784K)
[2019-12-09T02:52:41.683+0000][1][gc,metaspace ] GC(20) Metaspace: 48390K->48390K(1093632K)
[2019-12-09T02:52:41.683+0000][1][gc           ] GC(20) Pause Young (Allocation Failure) 128M->62M(247M) 170.956ms
[2019-12-09T02:52:41.683+0000][1][gc,cpu       ] GC(20) User=0.05s Sys=0.00s Real=0.17s
[2019-12-09T02:52:41.683+0000][1][safepoint    ] Leaving safepoint region
[2019-12-09T02:52:41.683+0000][1][safepoint    ] Total time for which application threads were stopped: 0.1710951 seconds, Stopping threads took: 0.0000147 seconds
[2019-12-09T02:52:42.132+0000][1][safepoint    ] Application time: 0.4488540 seconds
[2019-12-09T02:52:42.132+0000][1][safepoint    ] Entering safepoint region: RevokeBias
[2019-12-09T02:52:42.132+0000][1][safepoint    ] Leaving safepoint region
[2019-12-09T02:52:42.132+0000][1][safepoint    ] Total time for which application threads were stopped: 0.0005147 seconds, Stopping threads took: 0.0000172 seconds
[2019-12-09T02:52:42.520+0000][1][safepoint    ] Application time: 0.3877558 seconds
[2019-12-09T02:52:42.520+0000][1][safepoint    ] Entering safepoint region: RevokeBias
[2019-12-09T02:52:42.520+0000][1][safepoint    ] Leaving safepoint region
[2019-12-09T02:52:42.520+0000][1][safepoint    ] Total time for which application threads were stopped: 0.0001141 seconds, Stopping threads took: 0.0000531 seconds
[2019-12-09T02:52:42.992+0000][1][safepoint    ] Application time: 0.4715045 seconds
[2019-12-09T02:52:42.992+0000][1][safepoint    ] Entering safepoint region: RevokeBias
[2019-12-09T02:52:42.992+0000][1][safepoint    ] Leaving safepoint region
[2019-12-09T02:52:42.992+0000][1][safepoint    ] Total time for which application threads were stopped: 0.0000674 seconds, Stopping threads took: 0.0000140 seconds
[2019-12-09T02:52:43.003+0000][1][safepoint    ] Application time: 0.0108925 seconds
[2019-12-09T02:52:43.003+0000][1][safepoint    ] Entering safepoint region: RevokeBias
[2019-12-09T02:52:43.003+0000][1][safepoint    ] Leaving safepoint region
[2019-12-09T02:52:43.003+0000][1][safepoint    ] Total time for which application threads were stopped: 0.0000688 seconds, Stopping threads took: 0.0000145 seconds
[2019-12-09T02:52:43.021+0000][1][safepoint    ] Application time: 0.0182105 seconds
[2019-12-09T02:52:43.021+0000][1][safepoint    ] Entering safepoint region: RevokeBias
[2019-12-09T02:52:43.021+0000][1][safepoint    ] Leaving safepoint region
[2019-12-09T02:52:43.021+0000][1][safepoint    ] Total time for which application threads were stopped: 0.0000615 seconds, Stopping threads took: 0.0000137 seconds
[2019-12-09T02:52:43.042+0000][1][safepoint    ] Application time: 0.0205811 seconds
[2019-12-09T02:52:43.042+0000][1][safepoint    ] Entering safepoint region: RevokeBias
[2019-12-09T02:52:43.042+0000][1][safepoint    ] Leaving safepoint region
[2019-12-09T02:52:43.042+0000][1][safepoint    ] Total time for which application threads were stopped: 0.0000609 seconds, Stopping threads took: 0.0000134 seconds
[2019-12-09T02:52:43.088+0000][1][safepoint    ] Application time: 0.0458537 seconds
[2019-12-09T02:52:43.088+0000][1][safepoint    ] Entering safepoint region: RevokeBias
[2019-12-09T02:52:43.088+0000][1][safepoint    ] Leaving safepoint region
[2019-12-09T02:52:43.088+0000][1][safepoint    ] Total time for which application threads were stopped: 0.0000641 seconds, Stopping threads took: 0.0000149 seconds
[2019-12-09T02:52:43.160+0000][1][safepoint    ] Application time: 0.0726648 seconds
[2019-12-09T02:52:43.160+0000][1][safepoint    ] Entering safepoint region: RevokeBias
[2019-12-09T02:52:43.161+0000][1][safepoint    ] Leaving safepoint region
[2019-12-09T02:52:43.161+0000][1][safepoint    ] Total time for which application threads were stopped: 0.0000672 seconds, Stopping threads took: 0.0000159 seconds
[2019-12-09T02:52:43.220+0000][1][safepoint    ] Application time: 0.0596584 seconds
[2019-12-09T02:52:43.220+0000][1][safepoint    ] Entering safepoint region: RevokeBias
[2019-12-09T02:52:43.220+0000][1][safepoint    ] Leaving safepoint region
[2019-12-09T02:52:43.220+0000][1][safepoint    ] Total time for which application threads were stopped: 0.0000693 seconds, Stopping threads took: 0.0000148 seconds
[2019-12-09T02:52:43.297+0000][1][safepoint    ] Application time: 0.0767980 seconds
[2019-12-09T02:52:43.297+0000][1][safepoint    ] Entering safepoint region: RevokeBias
[2019-12-09T02:52:43.297+0000][1][safepoint    ] Leaving safepoint region
[2019-12-09T02:52:43.297+0000][1][safepoint    ] Total time for which application threads were stopped: 0.0000715 seconds, Stopping threads took: 0.0000151 seconds
[2019-12-09T02:52:43.548+0000][1][safepoint    ] Application time: 0.2507319 seconds
[2019-12-09T02:52:43.578+0000][1][safepoint    ] Entering safepoint region: RevokeBias
[2019-12-09T02:52:43.578+0000][1][safepoint    ] Leaving safepoint region
[2019-12-09T02:52:43.578+0000][1][safepoint    ] Total time for which application threads were stopped: 0.0303923 seconds, Stopping threads took: 0.0303196 seconds
[2019-12-09T02:52:44.582+0000][1][safepoint    ] Application time: 1.0032967 seconds
[2019-12-09T02:52:44.652+0000][1][safepoint    ] Entering safepoint region: Cleanup
[2019-12-09T02:52:44.652+0000][1][safepoint    ] Leaving safepoint region
[2019-12-09T02:52:44.652+0000][1][safepoint    ] Total time for which application threads were stopped: 0.0705365 seconds, Stopping threads took: 0.0700070 seconds
[2019-12-09T02:52:45.121+0000][1][safepoint    ] Application time: 0.4684127 seconds
[2019-12-09T02:52:45.121+0000][1][safepoint    ] Entering safepoint region: RevokeBias
[2019-12-09T02:52:45.121+0000][1][safepoint    ] Leaving safepoint region
[2019-12-09T02:52:45.121+0000][1][safepoint    ] Total time for which application threads were stopped: 0.0000909 seconds, Stopping threads took: 0.0000166 seconds
[2019-12-09T02:52:46.122+0000][1][safepoint    ] Application time: 1.0006502 seconds
[2019-12-09T02:52:46.212+0000][1][safepoint    ] Entering safepoint region: Cleanup
[2019-12-09T02:52:46.212+0000][1][safepoint    ] Leaving safepoint region
[2019-12-09T02:52:46.212+0000][1][safepoint    ] Total time for which application threads were stopped: 0.0902972 seconds, Stopping threads took: 0.0901992 seconds
[2019-12-09T02:52:46.930+0000][1][safepoint    ] Application time: 0.7178645 seconds
[2019-12-09T02:52:46.930+0000][1][safepoint    ] Entering safepoint region: RevokeBias
[2019-12-09T02:52:46.930+0000][1][safepoint    ] Leaving safepoint region
[2019-12-09T02:52:46.930+0000][1][safepoint    ] Total time for which application threads were stopped: 0.0000783 seconds, Stopping threads took: 0.0000156 seconds
[2019-12-09T02:52:46.934+0000][1][safepoint    ] Application time: 0.0039932 seconds
[2019-12-09T02:52:46.934+0000][1][safepoint    ] Entering safepoint region: RevokeBias
[2019-12-09T02:52:46.934+0000][1][safepoint    ] Leaving safepoint region
[2019-12-09T02:52:46.934+0000][1][safepoint    ] Total time for which application threads were stopped: 0.0000636 seconds, Stopping threads took: 0.0000159 seconds
[2019-12-09T02:52:47.538+0000][1][safepoint    ] Application time: 0.6037782 seconds
[2019-12-09T02:52:47.538+0000][1][safepoint    ] Entering safepoint region: GenCollectForAllocation
[2019-12-09T02:52:47.538+0000][1][gc,start     ] GC(21) Pause Young (Allocation Failure)
[2019-12-09T02:52:47.538+0000][1][gc,task      ] GC(21) Using 2 workers of 2 for evacuation
[2019-12-09T02:52:47.760+0000][1][gc,age       ] GC(21) Desired survivor size 4456448 bytes, new threshold 6 (max threshold 6)
[2019-12-09T02:52:47.760+0000][1][gc,age       ] GC(21) Age table with threshold 6 (max threshold 6)
[2019-12-09T02:52:47.760+0000][1][gc,age       ] GC(21) - age   1:    1655392 bytes,    1655392 total
[2019-12-09T02:52:47.760+0000][1][gc,age       ] GC(21) - age   2:    2763344 bytes,    4418736 total
[2019-12-09T02:52:47.760+0000][1][gc,heap      ] GC(21) ParNew: 78656K->6491K(78656K)
[2019-12-09T02:52:47.760+0000][1][gc,heap      ] GC(21) CMS: 55647K->60035K(174784K)
[2019-12-09T02:52:47.760+0000][1][gc,metaspace ] GC(21) Metaspace: 56208K->56208K(1101824K)
[2019-12-09T02:52:47.760+0000][1][gc           ] GC(21) Pause Young (Allocation Failure) 131M->64M(247M) 222.616ms
[2019-12-09T02:52:47.760+0000][1][gc,cpu       ] GC(21) User=0.05s Sys=0.00s Real=0.22s
[2019-12-09T02:52:47.761+0000][1][safepoint    ] Leaving safepoint region
[2019-12-09T02:52:47.761+0000][1][safepoint    ] Total time for which application threads were stopped: 0.2227686 seconds, Stopping threads took: 0.0000159 seconds
[2019-12-09T02:52:48.604+0000][1][safepoint    ] Application time: 0.8432143 seconds
[2019-12-09T02:52:48.604+0000][1][safepoint    ] Entering safepoint region: BulkRevokeBias
[2019-12-09T02:52:48.604+0000][1][safepoint    ] Leaving safepoint region
[2019-12-09T02:52:48.605+0000][1][safepoint    ] Total time for which application threads were stopped: 0.0007331 seconds, Stopping threads took: 0.0004919 seconds
[2019-12-09T02:52:48.619+0000][1][safepoint    ] Application time: 0.0141807 seconds
[2019-12-09T02:52:48.619+0000][1][safepoint    ] Entering safepoint region: RevokeBias
[2019-12-09T02:52:48.619+0000][1][safepoint    ] Leaving safepoint region
[2019-12-09T02:52:48.619+0000][1][safepoint    ] Total time for which application threads were stopped: 0.0001504 seconds, Stopping threads took: 0.0000662 seconds
[2019-12-09T02:52:48.628+0000][1][safepoint    ] Application time: 0.0088148 seconds
[2019-12-09T02:52:48.628+0000][1][safepoint    ] Entering safepoint region: RevokeBias
[2019-12-09T02:52:48.628+0000][1][safepoint    ] Leaving safepoint region
[2019-12-09T02:52:48.628+0000][1][safepoint    ] Total time for which application threads were stopped: 0.0000871 seconds, Stopping threads took: 0.0000120 seconds
[2019-12-09T02:52:48.628+0000][1][safepoint    ] Application time: 0.0002098 seconds
[2019-12-09T02:52:48.628+0000][1][safepoint    ] Entering safepoint region: RevokeBias
[2019-12-09T02:52:48.628+0000][1][safepoint    ] Leaving safepoint region
[2019-12-09T02:52:48.628+0000][1][safepoint    ] Total time for which application threads were stopped: 0.0000764 seconds, Stopping threads took: 0.0000103 seconds
[2019-12-09T02:52:48.887+0000][1][safepoint    ] Application time: 0.2590753 seconds
[2019-12-09T02:52:48.887+0000][1][safepoint    ] Entering safepoint region: Deoptimize
[2019-12-09T02:52:48.888+0000][1][safepoint    ] Leaving safepoint region
[2019-12-09T02:52:48.888+0000][1][safepoint    ] Total time for which application threads were stopped: 0.0006885 seconds, Stopping threads took: 0.0000163 seconds
[2019-12-09T02:52:49.381+0000][1][safepoint    ] Application time: 0.4931313 seconds
[2019-12-09T02:52:49.381+0000][1][safepoint    ] Entering safepoint region: RevokeBias
[2019-12-09T02:52:49.381+0000][1][safepoint    ] Leaving safepoint region
[2019-12-09T02:52:49.381+0000][1][safepoint    ] Total time for which application threads were stopped: 0.0001331 seconds, Stopping threads took: 0.0000413 seconds
[2019-12-09T02:52:49.395+0000][1][safepoint    ] Application time: 0.0135491 seconds
[2019-12-09T02:52:49.395+0000][1][safepoint    ] Entering safepoint region: RevokeBias
[2019-12-09T02:52:49.395+0000][1][safepoint    ] Leaving safepoint region
[2019-12-09T02:52:49.395+0000][1][safepoint    ] Total time for which application threads were stopped: 0.0001278 seconds, Stopping threads took: 0.0000639 seconds
[2019-12-09T02:52:49.395+0000][1][safepoint    ] Application time: 0.0001545 seconds
[2019-12-09T02:52:49.395+0000][1][safepoint    ] Entering safepoint region: RevokeBias
[2019-12-09T02:52:49.395+0000][1][safepoint    ] Leaving safepoint region
[2019-12-09T02:52:49.395+0000][1][safepoint    ] Total time for which application threads were stopped: 0.0000584 seconds, Stopping threads took: 0.0000102 seconds
[2019-12-09T02:52:49.420+0000][1][safepoint    ] Application time: 0.0252230 seconds
[2019-12-09T02:52:49.420+0000][1][safepoint    ] Entering safepoint region: RevokeBias
[2019-12-09T02:52:49.421+0000][1][safepoint    ] Leaving safepoint region
[2019-12-09T02:52:49.421+0000][1][safepoint    ] Total time for which application threads were stopped: 0.0000698 seconds, Stopping threads took: 0.0000129 seconds
[2019-12-09T02:52:50.430+0000][1][safepoint    ] Application time: 1.0094142 seconds
[2019-12-09T02:52:50.483+0000][1][safepoint    ] Entering safepoint region: Cleanup
[2019-12-09T02:52:50.484+0000][1][safepoint    ] Leaving safepoint region
[2019-12-09T02:52:50.484+0000][1][safepoint    ] Total time for which application threads were stopped: 0.0540956 seconds, Stopping threads took: 0.0528577 seconds
[2019-12-09T02:52:51.379+0000][1][safepoint    ] Application time: 0.8946232 seconds
[2019-12-09T02:52:51.379+0000][1][safepoint    ] Entering safepoint region: Deoptimize
[2019-12-09T02:52:51.379+0000][1][safepoint    ] Leaving safepoint region
[2019-12-09T02:52:51.379+0000][1][safepoint    ] Total time for which application threads were stopped: 0.0007022 seconds, Stopping threads took: 0.0000163 seconds
[2019-12-09T02:52:52.393+0000][1][safepoint    ] Application time: 1.0132396 seconds
[2019-12-09T02:52:52.393+0000][1][safepoint    ] Entering safepoint region: Cleanup
[2019-12-09T02:52:52.393+0000][1][safepoint    ] Leaving safepoint region
[2019-12-09T02:52:52.393+0000][1][safepoint    ] Total time for which application threads were stopped: 0.0002264 seconds, Stopping threads took: 0.0001361 seconds
[2019-12-09T02:52:53.407+0000][1][safepoint    ] Application time: 1.0137224 seconds
[2019-12-09T02:52:53.407+0000][1][safepoint    ] Entering safepoint region: Cleanup
[2019-12-09T02:52:53.407+0000][1][safepoint    ] Leaving safepoint region
[2019-12-09T02:52:53.407+0000][1][safepoint    ] Total time for which application threads were stopped: 0.0001556 seconds, Stopping threads took: 0.0000640 seconds
[2019-12-09T02:52:54.416+0000][1][safepoint    ] Application time: 1.0087978 seconds
[2019-12-09T02:52:54.416+0000][1][safepoint    ] Entering safepoint region: Cleanup
[2019-12-09T02:52:54.416+0000][1][safepoint    ] Leaving safepoint region
[2019-12-09T02:52:54.416+0000][1][safepoint    ] Total time for which application threads were stopped: 0.0000876 seconds, Stopping threads took: 0.0000326 seconds
[2019-12-09T02:52:54.639+0000][1][safepoint    ] Application time: 0.2228921 seconds
[2019-12-09T02:52:54.639+0000][1][safepoint    ] Entering safepoint region: RevokeBias
[2019-12-09T02:52:54.639+0000][1][safepoint    ] Leaving safepoint region
[2019-12-09T02:52:54.639+0000][1][safepoint    ] Total time for which application threads were stopped: 0.0000820 seconds, Stopping threads took: 0.0000184 seconds
[2019-12-09T02:52:54.908+0000][1][safepoint    ] Application time: 0.2689501 seconds
[2019-12-09T02:52:54.908+0000][1][safepoint    ] Entering safepoint region: GenCollectForAllocation
[2019-12-09T02:52:54.908+0000][1][gc,start     ] GC(22) Pause Young (Allocation Failure)
[2019-12-09T02:52:54.908+0000][1][gc,task      ] GC(22) Using 2 workers of 2 for evacuation
[2019-12-09T02:52:55.112+0000][1][gc,age       ] GC(22) Desired survivor size 4456448 bytes, new threshold 2 (max threshold 6)
[2019-12-09T02:52:55.112+0000][1][gc,age       ] GC(22) Age table with threshold 2 (max threshold 6)
[2019-12-09T02:52:55.112+0000][1][gc,age       ] GC(22) - age   1:    3667480 bytes,    3667480 total
[2019-12-09T02:52:55.112+0000][1][gc,age       ] GC(22) - age   2:    1559920 bytes,    5227400 total
[2019-12-09T02:52:55.112+0000][1][gc,age       ] GC(22) - age   3:    2735432 bytes,    7962832 total
[2019-12-09T02:52:55.112+0000][1][gc,heap      ] GC(22) ParNew: 76443K->8704K(78656K)
[2019-12-09T02:52:55.112+0000][1][gc,heap      ] GC(22) CMS: 60035K->60035K(174784K)
[2019-12-09T02:52:55.112+0000][1][gc,metaspace ] GC(22) Metaspace: 63334K->63334K(1107968K)
[2019-12-09T02:52:55.112+0000][1][gc           ] GC(22) Pause Young (Allocation Failure) 133M->67M(247M) 204.446ms
[2019-12-09T02:52:55.112+0000][1][gc,cpu       ] GC(22) User=0.04s Sys=0.00s Real=0.20s
[2019-12-09T02:52:55.112+0000][1][safepoint    ] Leaving safepoint region
[2019-12-09T02:52:55.112+0000][1][safepoint    ] Total time for which application threads were stopped: 0.2046022 seconds, Stopping threads took: 0.0000153 seconds
[2019-12-09T02:52:55.570+0000][1][safepoint    ] Application time: 0.4577655 seconds
[2019-12-09T02:52:55.588+0000][1][safepoint    ] Entering safepoint region: RevokeBias
[2019-12-09T02:52:55.588+0000][1][safepoint    ] Leaving safepoint region
[2019-12-09T02:52:55.588+0000][1][safepoint    ] Total time for which application threads were stopped: 0.0178779 seconds, Stopping threads took: 0.0177173 seconds
[2019-12-09T02:52:55.588+0000][1][safepoint    ] Application time: 0.0000926 seconds
[2019-12-09T02:52:55.588+0000][1][safepoint    ] Entering safepoint region: RevokeBias
[2019-12-09T02:52:55.588+0000][1][safepoint    ] Leaving safepoint region
[2019-12-09T02:52:55.588+0000][1][safepoint    ] Total time for which application threads were stopped: 0.0001104 seconds, Stopping threads took: 0.0000115 seconds
[2019-12-09T02:52:55.588+0000][1][safepoint    ] Application time: 0.0000493 seconds
[2019-12-09T02:52:55.588+0000][1][safepoint    ] Entering safepoint region: RevokeBias
[2019-12-09T02:52:55.588+0000][1][safepoint    ] Leaving safepoint region
[2019-12-09T02:52:55.589+0000][1][safepoint    ] Total time for which application threads were stopped: 0.0000777 seconds, Stopping threads took: 0.0000084 seconds
[2019-12-09T02:52:55.589+0000][1][safepoint    ] Application time: 0.0000426 seconds
[2019-12-09T02:52:55.589+0000][1][safepoint    ] Entering safepoint region: RevokeBias
[2019-12-09T02:52:55.589+0000][1][safepoint    ] Leaving safepoint region
[2019-12-09T02:52:55.589+0000][1][safepoint    ] Total time for which application threads were stopped: 0.0000711 seconds, Stopping threads took: 0.0000079 seconds
[2019-12-09T02:52:55.589+0000][1][safepoint    ] Application time: 0.0000547 seconds
[2019-12-09T02:52:55.589+0000][1][safepoint    ] Entering safepoint region: RevokeBias
[2019-12-09T02:52:55.589+0000][1][safepoint    ] Leaving safepoint region
[2019-12-09T02:52:55.589+0000][1][safepoint    ] Total time for which application threads were stopped: 0.0000705 seconds, Stopping threads took: 0.0000079 seconds
[2019-12-09T02:52:55.589+0000][1][safepoint    ] Application time: 0.0000524 seconds
[2019-12-09T02:52:55.589+0000][1][safepoint    ] Entering safepoint region: RevokeBias
[2019-12-09T02:52:55.589+0000][1][safepoint    ] Leaving safepoint region
[2019-12-09T02:52:55.589+0000][1][safepoint    ] Total time for which application threads were stopped: 0.0000683 seconds, Stopping threads took: 0.0000073 seconds
[2019-12-09T02:52:55.589+0000][1][safepoint    ] Application time: 0.0000624 seconds
[2019-12-09T02:52:55.589+0000][1][safepoint    ] Entering safepoint region: RevokeBias
[2019-12-09T02:52:55.589+0000][1][safepoint    ] Leaving safepoint region
[2019-12-09T02:52:55.589+0000][1][safepoint    ] Total time for which application threads were stopped: 0.0001397 seconds, Stopping threads took: 0.0000101 seconds
[2019-12-09T02:52:55.589+0000][1][safepoint    ] Application time: 0.0000671 seconds
[2019-12-09T02:52:55.589+0000][1][safepoint    ] Entering safepoint region: RevokeBias
[2019-12-09T02:52:55.589+0000][1][safepoint    ] Leaving safepoint region
[2019-12-09T02:52:55.589+0000][1][safepoint    ] Total time for which application threads were stopped: 0.0000969 seconds, Stopping threads took: 0.0000071 seconds
[2019-12-09T02:52:55.840+0000][1][safepoint    ] Application time: 0.2509835 seconds
[2019-12-09T02:52:55.840+0000][1][safepoint    ] Entering safepoint region: Deoptimize
[2019-12-09T02:52:55.841+0000][1][safepoint    ] Leaving safepoint region
[2019-12-09T02:52:55.841+0000][1][safepoint    ] Total time for which application threads were stopped: 0.0006640 seconds, Stopping threads took: 0.0000152 seconds
[2019-12-09T02:52:55.971+0000][1][safepoint    ] Application time: 0.1297912 seconds
[2019-12-09T02:52:55.971+0000][1][safepoint    ] Entering safepoint region: BulkRevokeBias
[2019-12-09T02:52:55.971+0000][1][safepoint    ] Leaving safepoint region
[2019-12-09T02:52:55.971+0000][1][safepoint    ] Total time for which application threads were stopped: 0.0001900 seconds, Stopping threads took: 0.0000176 seconds
[2019-12-09T02:52:56.002+0000][1][safepoint    ] Application time: 0.0307201 seconds
[2019-12-09T02:52:56.002+0000][1][safepoint    ] Entering safepoint region: RevokeBias
[2019-12-09T02:52:56.002+0000][1][safepoint    ] Leaving safepoint region
[2019-12-09T02:52:56.002+0000][1][safepoint    ] Total time for which application threads were stopped: 0.0001026 seconds, Stopping threads took: 0.0000200 seconds
[2019-12-09T02:52:56.003+0000][1][safepoint    ] Application time: 0.0006126 seconds
[2019-12-09T02:52:56.003+0000][1][safepoint    ] Entering safepoint region: RevokeBias
[2019-12-09T02:52:56.003+0000][1][safepoint    ] Leaving safepoint region
[2019-12-09T02:52:56.003+0000][1][safepoint    ] Total time for which application threads were stopped: 0.0000830 seconds, Stopping threads took: 0.0000141 seconds
[2019-12-09T02:52:56.009+0000][1][safepoint    ] Application time: 0.0061145 seconds
[2019-12-09T02:52:56.009+0000][1][safepoint    ] Entering safepoint region: RevokeBias
[2019-12-09T02:52:56.009+0000][1][safepoint    ] Leaving safepoint region
[2019-12-09T02:52:56.009+0000][1][safepoint    ] Total time for which application threads were stopped: 0.0000826 seconds, Stopping threads took: 0.0000138 seconds
[2019-12-09T02:52:56.009+0000][1][safepoint    ] Application time: 0.0004261 seconds
[2019-12-09T02:52:56.009+0000][1][safepoint    ] Entering safepoint region: RevokeBias
[2019-12-09T02:52:56.009+0000][1][safepoint    ] Leaving safepoint region
[2019-12-09T02:52:56.009+0000][1][safepoint    ] Total time for which application threads were stopped: 0.0000678 seconds, Stopping threads took: 0.0000115 seconds
[2019-12-09T02:52:56.010+0000][1][safepoint    ] Application time: 0.0002311 seconds
[2019-12-09T02:52:56.010+0000][1][safepoint    ] Entering safepoint region: RevokeBias
[2019-12-09T02:52:56.010+0000][1][safepoint    ] Leaving safepoint region
[2019-12-09T02:52:56.010+0000][1][safepoint    ] Total time for which application threads were stopped: 0.0000802 seconds, Stopping threads took: 0.0000103 seconds
[2019-12-09T02:52:56.010+0000][1][safepoint    ] Application time: 0.0000625 seconds
[2019-12-09T02:52:56.010+0000][1][safepoint    ] Entering safepoint region: RevokeBias
[2019-12-09T02:52:56.010+0000][1][safepoint    ] Leaving safepoint region
[2019-12-09T02:52:56.010+0000][1][safepoint    ] Total time for which application threads were stopped: 0.0000516 seconds, Stopping threads took: 0.0000089 seconds
[2019-12-09T02:52:56.029+0000][1][safepoint    ] Application time: 0.0190585 seconds
[2019-12-09T02:52:56.029+0000][1][safepoint    ] Entering safepoint region: RevokeBias
[2019-12-09T02:52:56.029+0000][1][safepoint    ] Leaving safepoint region
[2019-12-09T02:52:56.029+0000][1][safepoint    ] Total time for which application threads were stopped: 0.0000733 seconds, Stopping threads took: 0.0000123 seconds
[2019-12-09T02:52:56.029+0000][1][safepoint    ] Application time: 0.0001006 seconds
[2019-12-09T02:52:56.029+0000][1][safepoint    ] Entering safepoint region: RevokeBias
[2019-12-09T02:52:56.029+0000][1][safepoint    ] Leaving safepoint region
[2019-12-09T02:52:56.029+0000][1][safepoint    ] Total time for which application threads were stopped: 0.0000498 seconds, Stopping threads took: 0.0000091 seconds
[2019-12-09T02:52:56.060+0000][1][safepoint    ] Application time: 0.0303864 seconds
[2019-12-09T02:52:56.060+0000][1][safepoint    ] Entering safepoint region: Deoptimize
[2019-12-09T02:52:56.060+0000][1][safepoint    ] Leaving safepoint region
[2019-12-09T02:52:56.060+0000][1][safepoint    ] Total time for which application threads were stopped: 0.0006314 seconds, Stopping threads took: 0.0000132 seconds
[2019-12-09T02:52:56.061+0000][1][safepoint    ] Application time: 0.0006077 seconds
[2019-12-09T02:52:56.061+0000][1][safepoint    ] Entering safepoint region: RevokeBias
[2019-12-09T02:52:56.061+0000][1][safepoint    ] Leaving safepoint region
[2019-12-09T02:52:56.061+0000][1][safepoint    ] Total time for which application threads were stopped: 0.0000510 seconds, Stopping threads took: 0.0000122 seconds
[2019-12-09T02:52:56.331+0000][1][safepoint    ] Application time: 0.2695744 seconds
[2019-12-09T02:52:56.331+0000][1][safepoint    ] Entering safepoint region: RevokeBias
[2019-12-09T02:52:56.331+0000][1][safepoint    ] Leaving safepoint region
[2019-12-09T02:52:56.331+0000][1][safepoint    ] Total time for which application threads were stopped: 0.0001117 seconds, Stopping threads took: 0.0000469 seconds
[2019-12-09T02:52:56.331+0000][1][safepoint    ] Application time: 0.0001448 seconds
[2019-12-09T02:52:56.331+0000][1][safepoint    ] Entering safepoint region: RevokeBias
[2019-12-09T02:52:56.331+0000][1][safepoint    ] Leaving safepoint region
[2019-12-09T02:52:56.331+0000][1][safepoint    ] Total time for which application threads were stopped: 0.0000418 seconds, Stopping threads took: 0.0000099 seconds
[2019-12-09T02:52:56.331+0000][1][safepoint    ] Application time: 0.0000753 seconds
[2019-12-09T02:52:56.331+0000][1][safepoint    ] Entering safepoint region: RevokeBias
[2019-12-09T02:52:56.331+0000][1][safepoint    ] Leaving safepoint region
[2019-12-09T02:52:56.331+0000][1][safepoint    ] Total time for which application threads were stopped: 0.0000376 seconds, Stopping threads took: 0.0000090 seconds
[2019-12-09T02:52:56.332+0000][1][safepoint    ] Application time: 0.0012091 seconds
[2019-12-09T02:52:56.332+0000][1][safepoint    ] Entering safepoint region: RevokeBias
[2019-12-09T02:52:56.332+0000][1][safepoint    ] Leaving safepoint region
[2019-12-09T02:52:56.332+0000][1][safepoint    ] Total time for which application threads were stopped: 0.0001077 seconds, Stopping threads took: 0.0000135 seconds
[2019-12-09T02:52:56.332+0000][1][safepoint    ] Application time: 0.0000634 seconds
[2019-12-09T02:52:56.332+0000][1][safepoint    ] Entering safepoint region: RevokeBias
[2019-12-09T02:52:56.332+0000][1][safepoint    ] Leaving safepoint region
[2019-12-09T02:52:56.332+0000][1][safepoint    ] Total time for which application threads were stopped: 0.0000692 seconds, Stopping threads took: 0.0000086 seconds
[2019-12-09T02:52:56.333+0000][1][safepoint    ] Application time: 0.0002970 seconds
[2019-12-09T02:52:56.333+0000][1][safepoint    ] Entering safepoint region: RevokeBias
[2019-12-09T02:52:56.333+0000][1][safepoint    ] Leaving safepoint region
[2019-12-09T02:52:56.333+0000][1][safepoint    ] Total time for which application threads were stopped: 0.0001000 seconds, Stopping threads took: 0.0000126 seconds
[2019-12-09T02:52:56.333+0000][1][safepoint    ] Application time: 0.0000609 seconds
[2019-12-09T02:52:56.333+0000][1][safepoint    ] Entering safepoint region: RevokeBias
[2019-12-09T02:52:56.333+0000][1][safepoint    ] Leaving safepoint region
[2019-12-09T02:52:56.333+0000][1][safepoint    ] Total time for which application threads were stopped: 0.0001044 seconds, Stopping threads took: 0.0000088 seconds
[2019-12-09T02:52:56.333+0000][1][safepoint    ] Application time: 0.0000623 seconds
[2019-12-09T02:52:56.333+0000][1][safepoint    ] Entering safepoint region: RevokeBias
[2019-12-09T02:52:56.333+0000][1][safepoint    ] Leaving safepoint region
[2019-12-09T02:52:56.333+0000][1][safepoint    ] Total time for which application threads were stopped: 0.0000830 seconds, Stopping threads took: 0.0000089 seconds
[2019-12-09T02:52:56.356+0000][1][safepoint    ] Application time: 0.0230926 seconds
[2019-12-09T02:52:56.402+0000][1][safepoint    ] Entering safepoint region: RevokeBias
[2019-12-09T02:52:56.402+0000][1][safepoint    ] Leaving safepoint region
[2019-12-09T02:52:56.402+0000][1][safepoint    ] Total time for which application threads were stopped: 0.0458288 seconds, Stopping threads took: 0.0457150 seconds
[2019-12-09T02:52:56.402+0000][1][safepoint    ] Application time: 0.0001004 seconds
[2019-12-09T02:52:56.402+0000][1][safepoint    ] Entering safepoint region: RevokeBias
[2019-12-09T02:52:56.402+0000][1][safepoint    ] Leaving safepoint region
[2019-12-09T02:52:56.402+0000][1][safepoint    ] Total time for which application threads were stopped: 0.0000851 seconds, Stopping threads took: 0.0000110 seconds
[2019-12-09T02:52:56.414+0000][1][safepoint    ] Application time: 0.0114282 seconds
[2019-12-09T02:52:56.440+0000][1][safepoint    ] Entering safepoint region: RevokeBias
[2019-12-09T02:52:56.440+0000][1][safepoint    ] Leaving safepoint region
[2019-12-09T02:52:56.440+0000][1][safepoint    ] Total time for which application threads were stopped: 0.0260610 seconds, Stopping threads took: 0.0259620 seconds
[2019-12-09T02:52:56.440+0000][1][safepoint    ] Application time: 0.0000771 seconds
[2019-12-09T02:52:56.440+0000][1][safepoint    ] Entering safepoint region: RevokeBias
[2019-12-09T02:52:56.440+0000][1][safepoint    ] Leaving safepoint region
[2019-12-09T02:52:56.440+0000][1][safepoint    ] Total time for which application threads were stopped: 0.0000836 seconds, Stopping threads took: 0.0000096 seconds
[2019-12-09T02:52:56.441+0000][1][safepoint    ] Application time: 0.0007018 seconds
[2019-12-09T02:52:56.441+0000][1][safepoint    ] Entering safepoint region: RevokeBias
[2019-12-09T02:52:56.441+0000][1][safepoint    ] Leaving safepoint region
[2019-12-09T02:52:56.441+0000][1][safepoint    ] Total time for which application threads were stopped: 0.0000916 seconds, Stopping threads took: 0.0000122 seconds
[2019-12-09T02:52:56.441+0000][1][safepoint    ] Application time: 0.0001089 seconds
[2019-12-09T02:52:56.441+0000][1][safepoint    ] Entering safepoint region: RevokeBias
[2019-12-09T02:52:56.441+0000][1][safepoint    ] Leaving safepoint region
[2019-12-09T02:52:56.441+0000][1][safepoint    ] Total time for which application threads were stopped: 0.0000804 seconds, Stopping threads took: 0.0000095 seconds
[2019-12-09T02:52:56.441+0000][1][safepoint    ] Application time: 0.0000611 seconds
[2019-12-09T02:52:56.441+0000][1][safepoint    ] Entering safepoint region: RevokeBias
[2019-12-09T02:52:56.441+0000][1][safepoint    ] Leaving safepoint region
[2019-12-09T02:52:56.441+0000][1][safepoint    ] Total time for which application threads were stopped: 0.0000735 seconds, Stopping threads took: 0.0000087 seconds
[2019-12-09T02:52:56.442+0000][1][safepoint    ] Application time: 0.0006021 seconds
[2019-12-09T02:52:56.442+0000][1][safepoint    ] Entering safepoint region: RevokeBias
[2019-12-09T02:52:56.442+0000][1][safepoint    ] Leaving safepoint region
[2019-12-09T02:52:56.442+0000][1][safepoint    ] Total time for which application threads were stopped: 0.0000826 seconds, Stopping threads took: 0.0000114 seconds
[2019-12-09T02:52:56.452+0000][1][safepoint    ] Application time: 0.0103013 seconds
[2019-12-09T02:52:56.457+0000][1][safepoint    ] Entering safepoint region: RevokeBias
[2019-12-09T02:52:56.457+0000][1][safepoint    ] Leaving safepoint region
[2019-12-09T02:52:56.457+0000][1][safepoint    ] Total time for which application threads were stopped: 0.0048141 seconds, Stopping threads took: 0.0047597 seconds
[2019-12-09T02:52:56.457+0000][1][safepoint    ] Application time: 0.0001660 seconds
[2019-12-09T02:52:56.457+0000][1][safepoint    ] Entering safepoint region: RevokeBias
[2019-12-09T02:52:56.457+0000][1][safepoint    ] Leaving safepoint region
[2019-12-09T02:52:56.457+0000][1][safepoint    ] Total time for which application threads were stopped: 0.0000432 seconds, Stopping threads took: 0.0000083 seconds
[2019-12-09T02:52:56.458+0000][1][safepoint    ] Application time: 0.0001240 seconds
[2019-12-09T02:52:56.458+0000][1][safepoint    ] Entering safepoint region: RevokeBias
[2019-12-09T02:52:56.458+0000][1][safepoint    ] Leaving safepoint region
[2019-12-09T02:52:56.458+0000][1][safepoint    ] Total time for which application threads were stopped: 0.0000778 seconds, Stopping threads took: 0.0000079 seconds
[2019-12-09T02:52:56.465+0000][1][safepoint    ] Application time: 0.0071416 seconds
[2019-12-09T02:52:56.465+0000][1][safepoint    ] Entering safepoint region: RevokeBias
[2019-12-09T02:52:56.465+0000][1][safepoint    ] Leaving safepoint region
[2019-12-09T02:52:56.465+0000][1][safepoint    ] Total time for which application threads were stopped: 0.0000942 seconds, Stopping threads took: 0.0000116 seconds
[2019-12-09T02:52:56.465+0000][1][safepoint    ] Application time: 0.0000642 seconds
[2019-12-09T02:52:56.465+0000][1][safepoint    ] Entering safepoint region: RevokeBias
[2019-12-09T02:52:56.465+0000][1][safepoint    ] Leaving safepoint region
[2019-12-09T02:52:56.465+0000][1][safepoint    ] Total time for which application threads were stopped: 0.0000732 seconds, Stopping threads took: 0.0000088 seconds
[2019-12-09T02:52:56.701+0000][1][safepoint    ] Application time: 0.2356257 seconds
[2019-12-09T02:52:56.706+0000][1][safepoint    ] Entering safepoint region: RevokeBias
[2019-12-09T02:52:56.706+0000][1][safepoint    ] Leaving safepoint region
[2019-12-09T02:52:56.706+0000][1][safepoint    ] Total time for which application threads were stopped: 0.0055621 seconds, Stopping threads took: 0.0054374 seconds
[2019-12-09T02:52:56.744+0000][1][safepoint    ] Application time: 0.0375866 seconds
[2019-12-09T02:52:56.784+0000][1][safepoint    ] Entering safepoint region: RevokeBias
[2019-12-09T02:52:56.784+0000][1][safepoint    ] Leaving safepoint region
[2019-12-09T02:52:56.784+0000][1][safepoint    ] Total time for which application threads were stopped: 0.0405404 seconds, Stopping threads took: 0.0404766 seconds
[2019-12-09T02:52:56.785+0000][1][safepoint    ] Application time: 0.0001281 seconds
[2019-12-09T02:52:56.785+0000][1][safepoint    ] Entering safepoint region: RevokeBias
[2019-12-09T02:52:56.785+0000][1][safepoint    ] Leaving safepoint region
[2019-12-09T02:52:56.785+0000][1][safepoint    ] Total time for which application threads were stopped: 0.0000416 seconds, Stopping threads took: 0.0000086 seconds
[2019-12-09T02:52:56.794+0000][1][safepoint    ] Application time: 0.0091198 seconds
[2019-12-09T02:52:56.794+0000][1][safepoint    ] Entering safepoint region: RevokeBias
[2019-12-09T02:52:56.794+0000][1][safepoint    ] Leaving safepoint region
[2019-12-09T02:52:56.794+0000][1][safepoint    ] Total time for which application threads were stopped: 0.0002465 seconds, Stopping threads took: 0.0001810 seconds
[2019-12-09T02:52:56.797+0000][1][safepoint    ] Application time: 0.0032818 seconds
[2019-12-09T02:52:56.797+0000][1][safepoint    ] Entering safepoint region: RevokeBias
[2019-12-09T02:52:56.797+0000][1][safepoint    ] Leaving safepoint region
[2019-12-09T02:52:56.797+0000][1][safepoint    ] Total time for which application threads were stopped: 0.0000673 seconds, Stopping threads took: 0.0000124 seconds
[2019-12-09T02:52:56.798+0000][1][safepoint    ] Application time: 0.0005627 seconds
[2019-12-09T02:52:56.798+0000][1][safepoint    ] Entering safepoint region: RevokeBias
[2019-12-09T02:52:56.798+0000][1][safepoint    ] Leaving safepoint region
[2019-12-09T02:52:56.798+0000][1][safepoint    ] Total time for which application threads were stopped: 0.0000516 seconds, Stopping threads took: 0.0000100 seconds
[2019-12-09T02:52:56.799+0000][1][safepoint    ] Application time: 0.0004599 seconds
[2019-12-09T02:52:56.799+0000][1][safepoint    ] Entering safepoint region: RevokeBias
[2019-12-09T02:52:56.799+0000][1][safepoint    ] Leaving safepoint region
[2019-12-09T02:52:56.799+0000][1][safepoint    ] Total time for which application threads were stopped: 0.0000541 seconds, Stopping threads took: 0.0000100 seconds
[2019-12-09T02:52:56.799+0000][1][safepoint    ] Application time: 0.0003805 seconds
[2019-12-09T02:52:56.799+0000][1][safepoint    ] Entering safepoint region: RevokeBias
[2019-12-09T02:52:56.799+0000][1][safepoint    ] Leaving safepoint region
[2019-12-09T02:52:56.799+0000][1][safepoint    ] Total time for which application threads were stopped: 0.0001783 seconds, Stopping threads took: 0.0000906 seconds
[2019-12-09T02:52:56.806+0000][1][safepoint    ] Application time: 0.0066648 seconds
[2019-12-09T02:52:56.806+0000][1][safepoint    ] Entering safepoint region: RevokeBias
[2019-12-09T02:52:56.806+0000][1][safepoint    ] Leaving safepoint region
[2019-12-09T02:52:56.806+0000][1][safepoint    ] Total time for which application threads were stopped: 0.0001965 seconds, Stopping threads took: 0.0001047 seconds
[2019-12-09T02:52:56.854+0000][1][safepoint    ] Application time: 0.0479284 seconds
[2019-12-09T02:52:56.877+0000][1][safepoint    ] Entering safepoint region: RevokeBias
[2019-12-09T02:52:56.877+0000][1][safepoint    ] Leaving safepoint region
[2019-12-09T02:52:56.877+0000][1][safepoint    ] Total time for which application threads were stopped: 0.0228111 seconds, Stopping threads took: 0.0226953 seconds
[2019-12-09T02:52:56.880+0000][1][safepoint    ] Application time: 0.0029911 seconds
[2019-12-09T02:52:56.880+0000][1][safepoint    ] Entering safepoint region: RevokeBias
[2019-12-09T02:52:56.880+0000][1][safepoint    ] Leaving safepoint region
[2019-12-09T02:52:56.880+0000][1][safepoint    ] Total time for which application threads were stopped: 0.0000900 seconds, Stopping threads took: 0.0000127 seconds
[2019-12-09T02:52:56.891+0000][1][safepoint    ] Application time: 0.0110386 seconds
[2019-12-09T02:52:56.920+0000][1][safepoint    ] Entering safepoint region: RevokeBias
[2019-12-09T02:52:56.920+0000][1][safepoint    ] Leaving safepoint region
[2019-12-09T02:52:56.920+0000][1][safepoint    ] Total time for which application threads were stopped: 0.0290176 seconds, Stopping threads took: 0.0288849 seconds
[2019-12-09T02:52:56.923+0000][1][safepoint    ] Application time: 0.0029644 seconds
[2019-12-09T02:52:56.938+0000][1][safepoint    ] Entering safepoint region: RevokeBias
[2019-12-09T02:52:56.938+0000][1][safepoint    ] Leaving safepoint region
[2019-12-09T02:52:56.938+0000][1][safepoint    ] Total time for which application threads were stopped: 0.0147587 seconds, Stopping threads took: 0.0146839 seconds
[2019-12-09T02:52:56.941+0000][1][safepoint    ] Application time: 0.0031990 seconds
[2019-12-09T02:52:56.941+0000][1][safepoint    ] Entering safepoint region: RevokeBias
[2019-12-09T02:52:56.941+0000][1][safepoint    ] Leaving safepoint region
[2019-12-09T02:52:56.941+0000][1][safepoint    ] Total time for which application threads were stopped: 0.0000845 seconds, Stopping threads took: 0.0000129 seconds
[2019-12-09T02:52:56.941+0000][1][safepoint    ] Application time: 0.0002308 seconds
[2019-12-09T02:52:56.941+0000][1][safepoint    ] Entering safepoint region: RevokeBias
[2019-12-09T02:52:56.941+0000][1][safepoint    ] Leaving safepoint region
[2019-12-09T02:52:56.941+0000][1][safepoint    ] Total time for which application threads were stopped: 0.0000607 seconds, Stopping threads took: 0.0000110 seconds
[2019-12-09T02:52:56.945+0000][1][safepoint    ] Application time: 0.0032939 seconds
[2019-12-09T02:52:56.981+0000][1][safepoint    ] Entering safepoint region: RevokeBias
[2019-12-09T02:52:56.981+0000][1][safepoint    ] Leaving safepoint region
[2019-12-09T02:52:56.981+0000][1][safepoint    ] Total time for which application threads were stopped: 0.0360800 seconds, Stopping threads took: 0.0359782 seconds
[2019-12-09T02:52:57.010+0000][1][safepoint    ] Application time: 0.0288819 seconds
[2019-12-09T02:52:57.020+0000][1][safepoint    ] Entering safepoint region: RevokeBias
[2019-12-09T02:52:57.020+0000][1][safepoint    ] Leaving safepoint region
[2019-12-09T02:52:57.020+0000][1][safepoint    ] Total time for which application threads were stopped: 0.0105497 seconds, Stopping threads took: 0.0104688 seconds
[2019-12-09T02:52:57.061+0000][1][safepoint    ] Application time: 0.0405947 seconds
[2019-12-09T02:52:57.067+0000][1][safepoint    ] Entering safepoint region: RevokeBias
[2019-12-09T02:52:57.067+0000][1][safepoint    ] Leaving safepoint region
[2019-12-09T02:52:57.067+0000][1][safepoint    ] Total time for which application threads were stopped: 0.0058512 seconds, Stopping threads took: 0.0057807 seconds
[2019-12-09T02:52:57.067+0000][1][safepoint    ] Application time: 0.0001721 seconds
[2019-12-09T02:52:57.067+0000][1][safepoint    ] Entering safepoint region: RevokeBias
[2019-12-09T02:52:57.067+0000][1][safepoint    ] Leaving safepoint region
[2019-12-09T02:52:57.067+0000][1][safepoint    ] Total time for which application threads were stopped: 0.0000628 seconds, Stopping threads took: 0.0000126 seconds
[2019-12-09T02:52:57.070+0000][1][safepoint    ] Application time: 0.0032034 seconds
[2019-12-09T02:52:57.070+0000][1][safepoint    ] Entering safepoint region: RevokeBias
[2019-12-09T02:52:57.070+0000][1][safepoint    ] Leaving safepoint region
[2019-12-09T02:52:57.070+0000][1][safepoint    ] Total time for which application threads were stopped: 0.0000724 seconds, Stopping threads took: 0.0000138 seconds
[2019-12-09T02:52:57.070+0000][1][safepoint    ] Application time: 0.0000669 seconds
[2019-12-09T02:52:57.070+0000][1][safepoint    ] Entering safepoint region: RevokeBias
[2019-12-09T02:52:57.070+0000][1][safepoint    ] Leaving safepoint region
[2019-12-09T02:52:57.071+0000][1][safepoint    ] Total time for which application threads were stopped: 0.0000531 seconds, Stopping threads took: 0.0000096 seconds
[2019-12-09T02:52:57.080+0000][1][safepoint    ] Application time: 0.0093831 seconds
[2019-12-09T02:52:57.080+0000][1][safepoint    ] Entering safepoint region: RevokeBias
[2019-12-09T02:52:57.080+0000][1][safepoint    ] Leaving safepoint region
[2019-12-09T02:52:57.080+0000][1][safepoint    ] Total time for which application threads were stopped: 0.0000561 seconds, Stopping threads took: 0.0000113 seconds
[2019-12-09T02:52:57.086+0000][1][safepoint    ] Application time: 0.0062551 seconds
[2019-12-09T02:52:57.097+0000][1][safepoint    ] Entering safepoint region: RevokeBias
[2019-12-09T02:52:57.097+0000][1][safepoint    ] Leaving safepoint region
[2019-12-09T02:52:57.097+0000][1][safepoint    ] Total time for which application threads were stopped: 0.0105402 seconds, Stopping threads took: 0.0104749 seconds
[2019-12-09T02:52:57.104+0000][1][safepoint    ] Application time: 0.0071213 seconds
[2019-12-09T02:52:57.111+0000][1][safepoint    ] Entering safepoint region: RevokeBias
[2019-12-09T02:52:57.111+0000][1][safepoint    ] Leaving safepoint region
[2019-12-09T02:52:57.111+0000][1][safepoint    ] Total time for which application threads were stopped: 0.0069533 seconds, Stopping threads took: 0.0068666 seconds
[2019-12-09T02:52:57.158+0000][1][safepoint    ] Application time: 0.0470646 seconds
[2019-12-09T02:52:57.158+0000][1][safepoint    ] Entering safepoint region: RevokeBias
[2019-12-09T02:52:57.158+0000][1][safepoint    ] Leaving safepoint region
[2019-12-09T02:52:57.158+0000][1][safepoint    ] Total time for which application threads were stopped: 0.0000936 seconds, Stopping threads took: 0.0000147 seconds
[2019-12-09T02:52:57.159+0000][1][safepoint    ] Application time: 0.0009235 seconds
[2019-12-09T02:52:57.159+0000][1][safepoint    ] Entering safepoint region: RevokeBias
[2019-12-09T02:52:57.159+0000][1][safepoint    ] Leaving safepoint region
[2019-12-09T02:52:57.159+0000][1][safepoint    ] Total time for which application threads were stopped: 0.0000903 seconds, Stopping threads took: 0.0000128 seconds
[2019-12-09T02:52:57.189+0000][1][safepoint    ] Application time: 0.0303376 seconds
[2019-12-09T02:52:57.193+0000][1][safepoint    ] Entering safepoint region: RevokeBias
[2019-12-09T02:52:57.193+0000][1][safepoint    ] Leaving safepoint region
[2019-12-09T02:52:57.193+0000][1][safepoint    ] Total time for which application threads were stopped: 0.0034261 seconds, Stopping threads took: 0.0033362 seconds
[2019-12-09T02:52:57.193+0000][1][safepoint    ] Application time: 0.0000964 seconds
[2019-12-09T02:52:57.193+0000][1][safepoint    ] Entering safepoint region: RevokeBias
[2019-12-09T02:52:57.193+0000][1][safepoint    ] Leaving safepoint region
[2019-12-09T02:52:57.193+0000][1][safepoint    ] Total time for which application threads were stopped: 0.0000502 seconds, Stopping threads took: 0.0000097 seconds
[2019-12-09T02:52:57.194+0000][1][safepoint    ] Application time: 0.0005148 seconds
[2019-12-09T02:52:57.194+0000][1][safepoint    ] Entering safepoint region: RevokeBias
[2019-12-09T02:52:57.194+0000][1][safepoint    ] Leaving safepoint region
[2019-12-09T02:52:57.194+0000][1][safepoint    ] Total time for which application threads were stopped: 0.0001377 seconds, Stopping threads took: 0.0000131 seconds
[2019-12-09T02:52:57.194+0000][1][safepoint    ] Application time: 0.0005488 seconds
[2019-12-09T02:52:57.194+0000][1][safepoint    ] Entering safepoint region: RevokeBias
[2019-12-09T02:52:57.194+0000][1][safepoint    ] Leaving safepoint region
[2019-12-09T02:52:57.194+0000][1][safepoint    ] Total time for which application threads were stopped: 0.0000681 seconds, Stopping threads took: 0.0000108 seconds
[2019-12-09T02:52:57.194+0000][1][safepoint    ] Application time: 0.0000588 seconds
[2019-12-09T02:52:57.194+0000][1][safepoint    ] Entering safepoint region: RevokeBias
[2019-12-09T02:52:57.195+0000][1][safepoint    ] Leaving safepoint region
[2019-12-09T02:52:57.195+0000][1][safepoint    ] Total time for which application threads were stopped: 0.0000578 seconds, Stopping threads took: 0.0000085 seconds
[2019-12-09T02:52:57.215+0000][1][safepoint    ] Application time: 0.0208383 seconds
[2019-12-09T02:52:57.215+0000][1][safepoint    ] Entering safepoint region: RevokeBias
[2019-12-09T02:52:57.216+0000][1][safepoint    ] Leaving safepoint region
[2019-12-09T02:52:57.216+0000][1][safepoint    ] Total time for which application threads were stopped: 0.0001159 seconds, Stopping threads took: 0.0000545 seconds
[2019-12-09T02:52:57.217+0000][1][safepoint    ] Application time: 0.0010317 seconds
[2019-12-09T02:52:57.217+0000][1][safepoint    ] Entering safepoint region: RevokeBias
[2019-12-09T02:52:57.217+0000][1][safepoint    ] Leaving safepoint region
[2019-12-09T02:52:57.217+0000][1][safepoint    ] Total time for which application threads were stopped: 0.0000935 seconds, Stopping threads took: 0.0000123 seconds
[2019-12-09T02:52:57.218+0000][1][safepoint    ] Application time: 0.0015547 seconds
[2019-12-09T02:52:57.218+0000][1][safepoint    ] Entering safepoint region: RevokeBias
[2019-12-09T02:52:57.219+0000][1][safepoint    ] Leaving safepoint region
[2019-12-09T02:52:57.219+0000][1][safepoint    ] Total time for which application threads were stopped: 0.0004291 seconds, Stopping threads took: 0.0000123 seconds
[2019-12-09T02:52:57.220+0000][1][safepoint    ] Application time: 0.0011161 seconds
[2019-12-09T02:52:57.220+0000][1][safepoint    ] Entering safepoint region: RevokeBias
[2019-12-09T02:52:57.220+0000][1][safepoint    ] Leaving safepoint region
[2019-12-09T02:52:57.220+0000][1][safepoint    ] Total time for which application threads were stopped: 0.0000842 seconds, Stopping threads took: 0.0000118 seconds
[2019-12-09T02:52:57.237+0000][1][safepoint    ] Application time: 0.0169720 seconds
[2019-12-09T02:52:57.257+0000][1][safepoint    ] Entering safepoint region: RevokeBias
[2019-12-09T02:52:57.257+0000][1][safepoint    ] Leaving safepoint region
[2019-12-09T02:52:57.257+0000][1][safepoint    ] Total time for which application threads were stopped: 0.0198757 seconds, Stopping threads took: 0.0198019 seconds
[2019-12-09T02:52:57.258+0000][1][safepoint    ] Application time: 0.0010108 seconds
[2019-12-09T02:52:57.258+0000][1][safepoint    ] Entering safepoint region: RevokeBias
[2019-12-09T02:52:57.258+0000][1][safepoint    ] Leaving safepoint region
[2019-12-09T02:52:57.258+0000][1][safepoint    ] Total time for which application threads were stopped: 0.0000707 seconds, Stopping threads took: 0.0000122 seconds
[2019-12-09T02:52:57.258+0000][1][safepoint    ] Application time: 0.0001201 seconds
[2019-12-09T02:52:57.258+0000][1][safepoint    ] Entering safepoint region: RevokeBias
[2019-12-09T02:52:57.258+0000][1][safepoint    ] Leaving safepoint region
[2019-12-09T02:52:57.258+0000][1][safepoint    ] Total time for which application threads were stopped: 0.0000510 seconds, Stopping threads took: 0.0000092 seconds
[2019-12-09T02:52:57.258+0000][1][safepoint    ] Application time: 0.0000709 seconds
[2019-12-09T02:52:57.258+0000][1][safepoint    ] Entering safepoint region: RevokeBias
[2019-12-09T02:52:57.258+0000][1][safepoint    ] Leaving safepoint region
[2019-12-09T02:52:57.258+0000][1][safepoint    ] Total time for which application threads were stopped: 0.0000468 seconds, Stopping threads took: 0.0000089 seconds
[2019-12-09T02:52:57.263+0000][1][safepoint    ] Application time: 0.0045962 seconds
[2019-12-09T02:52:57.263+0000][1][safepoint    ] Entering safepoint region: RevokeBias
[2019-12-09T02:52:57.263+0000][1][safepoint    ] Leaving safepoint region
[2019-12-09T02:52:57.263+0000][1][safepoint    ] Total time for which application threads were stopped: 0.0000841 seconds, Stopping threads took: 0.0000390 seconds
[2019-12-09T02:52:57.263+0000][1][safepoint    ] Application time: 0.0002675 seconds
[2019-12-09T02:52:57.263+0000][1][safepoint    ] Entering safepoint region: RevokeBias
[2019-12-09T02:52:57.263+0000][1][safepoint    ] Leaving safepoint region
[2019-12-09T02:52:57.263+0000][1][safepoint    ] Total time for which application threads were stopped: 0.0000529 seconds, Stopping threads took: 0.0000092 seconds
[2019-12-09T02:52:57.269+0000][1][safepoint    ] Application time: 0.0054854 seconds
[2019-12-09T02:52:57.269+0000][1][safepoint    ] Entering safepoint region: RevokeBias
[2019-12-09T02:52:57.269+0000][1][safepoint    ] Leaving safepoint region
[2019-12-09T02:52:57.269+0000][1][safepoint    ] Total time for which application threads were stopped: 0.0000547 seconds, Stopping threads took: 0.0000117 seconds
[2019-12-09T02:52:57.269+0000][1][safepoint    ] Application time: 0.0001491 seconds
[2019-12-09T02:52:57.269+0000][1][safepoint    ] Entering safepoint region: RevokeBias
[2019-12-09T02:52:57.269+0000][1][safepoint    ] Leaving safepoint region
[2019-12-09T02:52:57.269+0000][1][safepoint    ] Total time for which application threads were stopped: 0.0000569 seconds, Stopping threads took: 0.0000096 seconds
[2019-12-09T02:52:57.269+0000][1][safepoint    ] Application time: 0.0001972 seconds
[2019-12-09T02:52:57.269+0000][1][safepoint    ] Entering safepoint region: RevokeBias
[2019-12-09T02:52:57.269+0000][1][safepoint    ] Leaving safepoint region
[2019-12-09T02:52:57.269+0000][1][safepoint    ] Total time for which application threads were stopped: 0.0000535 seconds, Stopping threads took: 0.0000095 seconds
[2019-12-09T02:52:57.269+0000][1][safepoint    ] Application time: 0.0000773 seconds
[2019-12-09T02:52:57.269+0000][1][safepoint    ] Entering safepoint region: RevokeBias
[2019-12-09T02:52:57.270+0000][1][safepoint    ] Leaving safepoint region
[2019-12-09T02:52:57.270+0000][1][safepoint    ] Total time for which application threads were stopped: 0.0000463 seconds, Stopping threads took: 0.0000088 seconds
[2019-12-09T02:52:57.270+0000][1][safepoint    ] Application time: 0.0002961 seconds
[2019-12-09T02:52:57.270+0000][1][safepoint    ] Entering safepoint region: RevokeBias
[2019-12-09T02:52:57.270+0000][1][safepoint    ] Leaving safepoint region
[2019-12-09T02:52:57.270+0000][1][safepoint    ] Total time for which application threads were stopped: 0.0000651 seconds, Stopping threads took: 0.0000124 seconds
[2019-12-09T02:52:57.270+0000][1][safepoint    ] Application time: 0.0002543 seconds
[2019-12-09T02:52:57.270+0000][1][safepoint    ] Entering safepoint region: RevokeBias
[2019-12-09T02:52:57.270+0000][1][safepoint    ] Leaving safepoint region
[2019-12-09T02:52:57.270+0000][1][safepoint    ] Total time for which application threads were stopped: 0.0000578 seconds, Stopping threads took: 0.0000117 seconds
[2019-12-09T02:52:57.283+0000][1][safepoint    ] Application time: 0.0125651 seconds
[2019-12-09T02:52:57.300+0000][1][safepoint    ] Entering safepoint region: RevokeBias
[2019-12-09T02:52:57.300+0000][1][safepoint    ] Leaving safepoint region
[2019-12-09T02:52:57.300+0000][1][safepoint    ] Total time for which application threads were stopped: 0.0170457 seconds, Stopping threads took: 0.0169639 seconds
[2019-12-09T02:52:57.300+0000][1][safepoint    ] Application time: 0.0005127 seconds
[2019-12-09T02:52:57.300+0000][1][safepoint    ] Entering safepoint region: RevokeBias
[2019-12-09T02:52:57.300+0000][1][safepoint    ] Leaving safepoint region
[2019-12-09T02:52:57.301+0000][1][safepoint    ] Total time for which application threads were stopped: 0.0000896 seconds, Stopping threads took: 0.0000111 seconds
[2019-12-09T02:52:57.301+0000][1][safepoint    ] Application time: 0.0002624 seconds
[2019-12-09T02:52:57.301+0000][1][safepoint    ] Entering safepoint region: RevokeBias
[2019-12-09T02:52:57.301+0000][1][safepoint    ] Leaving safepoint region
[2019-12-09T02:52:57.301+0000][1][safepoint    ] Total time for which application threads were stopped: 0.0000771 seconds, Stopping threads took: 0.0000092 seconds
[2019-12-09T02:52:57.301+0000][1][safepoint    ] Application time: 0.0003861 seconds
[2019-12-09T02:52:57.301+0000][1][safepoint    ] Entering safepoint region: RevokeBias
[2019-12-09T02:52:57.301+0000][1][safepoint    ] Leaving safepoint region
[2019-12-09T02:52:57.301+0000][1][safepoint    ] Total time for which application threads were stopped: 0.0000736 seconds, Stopping threads took: 0.0000096 seconds
[2019-12-09T02:52:57.302+0000][1][safepoint    ] Application time: 0.0001991 seconds
[2019-12-09T02:52:57.302+0000][1][safepoint    ] Entering safepoint region: RevokeBias
[2019-12-09T02:52:57.302+0000][1][safepoint    ] Leaving safepoint region
[2019-12-09T02:52:57.302+0000][1][safepoint    ] Total time for which application threads were stopped: 0.0000681 seconds, Stopping threads took: 0.0000085 seconds
[2019-12-09T02:52:57.302+0000][1][safepoint    ] Application time: 0.0003549 seconds
[2019-12-09T02:52:57.302+0000][1][safepoint    ] Entering safepoint region: RevokeBias
[2019-12-09T02:52:57.302+0000][1][safepoint    ] Leaving safepoint region
[2019-12-09T02:52:57.302+0000][1][safepoint    ] Total time for which application threads were stopped: 0.0000742 seconds, Stopping threads took: 0.0000099 seconds
[2019-12-09T02:52:57.302+0000][1][safepoint    ] Application time: 0.0002554 seconds
[2019-12-09T02:52:57.302+0000][1][safepoint    ] Entering safepoint region: RevokeBias
[2019-12-09T02:52:57.302+0000][1][safepoint    ] Leaving safepoint region
[2019-12-09T02:52:57.302+0000][1][safepoint    ] Total time for which application threads were stopped: 0.0000589 seconds, Stopping threads took: 0.0000090 seconds
[2019-12-09T02:52:57.303+0000][1][safepoint    ] Application time: 0.0002120 seconds
[2019-12-09T02:52:57.303+0000][1][safepoint    ] Entering safepoint region: RevokeBias
[2019-12-09T02:52:57.303+0000][1][safepoint    ] Leaving safepoint region
[2019-12-09T02:52:57.303+0000][1][safepoint    ] Total time for which application threads were stopped: 0.0000738 seconds, Stopping threads took: 0.0000089 seconds
[2019-12-09T02:52:57.308+0000][1][safepoint    ] Application time: 0.0053707 seconds
[2019-12-09T02:52:57.338+0000][1][safepoint    ] Entering safepoint region: RevokeBias
[2019-12-09T02:52:57.338+0000][1][safepoint    ] Leaving safepoint region
[2019-12-09T02:52:57.338+0000][1][safepoint    ] Total time for which application threads were stopped: 0.0297087 seconds, Stopping threads took: 0.0296466 seconds
[2019-12-09T02:52:57.338+0000][1][safepoint    ] Application time: 0.0003464 seconds
[2019-12-09T02:52:57.338+0000][1][safepoint    ] Entering safepoint region: RevokeBias
[2019-12-09T02:52:57.338+0000][1][safepoint    ] Leaving safepoint region
[2019-12-09T02:52:57.338+0000][1][safepoint    ] Total time for which application threads were stopped: 0.0000586 seconds, Stopping threads took: 0.0000119 seconds
[2019-12-09T02:52:57.344+0000][1][safepoint    ] Application time: 0.0056899 seconds
[2019-12-09T02:52:57.344+0000][1][safepoint    ] Entering safepoint region: RevokeBias
[2019-12-09T02:52:57.344+0000][1][safepoint    ] Leaving safepoint region
[2019-12-09T02:52:57.344+0000][1][safepoint    ] Total time for which application threads were stopped: 0.0000687 seconds, Stopping threads took: 0.0000141 seconds
[2019-12-09T02:52:57.344+0000][1][safepoint    ] Application time: 0.0003313 seconds
[2019-12-09T02:52:57.344+0000][1][safepoint    ] Entering safepoint region: RevokeBias
[2019-12-09T02:52:57.344+0000][1][safepoint    ] Leaving safepoint region
[2019-12-09T02:52:57.344+0000][1][safepoint    ] Total time for which application threads were stopped: 0.0000534 seconds, Stopping threads took: 0.0000108 seconds
[2019-12-09T02:52:57.345+0000][1][safepoint    ] Application time: 0.0001476 seconds
[2019-12-09T02:52:57.345+0000][1][safepoint    ] Entering safepoint region: RevokeBias
[2019-12-09T02:52:57.345+0000][1][safepoint    ] Leaving safepoint region
[2019-12-09T02:52:57.345+0000][1][safepoint    ] Total time for which application threads were stopped: 0.0000467 seconds, Stopping threads took: 0.0000090 seconds
[2019-12-09T02:52:57.345+0000][1][safepoint    ] Application time: 0.0002301 seconds
[2019-12-09T02:52:57.345+0000][1][safepoint    ] Entering safepoint region: RevokeBias
[2019-12-09T02:52:57.345+0000][1][safepoint    ] Leaving safepoint region
[2019-12-09T02:52:57.345+0000][1][safepoint    ] Total time for which application threads were stopped: 0.0000476 seconds, Stopping threads took: 0.0000095 seconds
[2019-12-09T02:52:57.345+0000][1][safepoint    ] Application time: 0.0001294 seconds
[2019-12-09T02:52:57.345+0000][1][safepoint    ] Entering safepoint region: BulkRevokeBias
[2019-12-09T02:52:57.345+0000][1][safepoint    ] Leaving safepoint region
[2019-12-09T02:52:57.345+0000][1][safepoint    ] Total time for which application threads were stopped: 0.0002453 seconds, Stopping threads took: 0.0000090 seconds
[2019-12-09T02:52:57.346+0000][1][safepoint    ] Application time: 0.0002297 seconds
[2019-12-09T02:52:57.346+0000][1][safepoint    ] Entering safepoint region: BulkRevokeBias
[2019-12-09T02:52:57.346+0000][1][safepoint    ] Leaving safepoint region
[2019-12-09T02:52:57.346+0000][1][safepoint    ] Total time for which application threads were stopped: 0.0002506 seconds, Stopping threads took: 0.0000104 seconds
[2019-12-09T02:52:57.363+0000][1][safepoint    ] Application time: 0.0168381 seconds
[2019-12-09T02:52:57.386+0000][1][safepoint    ] Entering safepoint region: RevokeBias
[2019-12-09T02:52:57.386+0000][1][safepoint    ] Leaving safepoint region
[2019-12-09T02:52:57.386+0000][1][safepoint    ] Total time for which application threads were stopped: 0.0230750 seconds, Stopping threads took: 0.0230105 seconds
[2019-12-09T02:52:57.386+0000][1][safepoint    ] Application time: 0.0002924 seconds
[2019-12-09T02:52:57.386+0000][1][safepoint    ] Entering safepoint region: RevokeBias
[2019-12-09T02:52:57.386+0000][1][safepoint    ] Leaving safepoint region
[2019-12-09T02:52:57.386+0000][1][safepoint    ] Total time for which application threads were stopped: 0.0000617 seconds, Stopping threads took: 0.0000109 seconds
[2019-12-09T02:52:57.392+0000][1][safepoint    ] Application time: 0.0058020 seconds
[2019-12-09T02:52:57.398+0000][1][safepoint    ] Entering safepoint region: RevokeBias
[2019-12-09T02:52:57.398+0000][1][safepoint    ] Leaving safepoint region
[2019-12-09T02:52:57.398+0000][1][safepoint    ] Total time for which application threads were stopped: 0.0063965 seconds, Stopping threads took: 0.0063422 seconds
[2019-12-09T02:52:57.407+0000][1][safepoint    ] Application time: 0.0083630 seconds
[2019-12-09T02:52:57.414+0000][1][safepoint    ] Entering safepoint region: RevokeBias
[2019-12-09T02:52:57.414+0000][1][safepoint    ] Leaving safepoint region
[2019-12-09T02:52:57.414+0000][1][safepoint    ] Total time for which application threads were stopped: 0.0070529 seconds, Stopping threads took: 0.0069982 seconds
[2019-12-09T02:52:57.458+0000][1][safepoint    ] Application time: 0.0444731 seconds
[2019-12-09T02:52:57.458+0000][1][safepoint    ] Entering safepoint region: RevokeBias
[2019-12-09T02:52:57.458+0000][1][safepoint    ] Leaving safepoint region
[2019-12-09T02:52:57.458+0000][1][safepoint    ] Total time for which application threads were stopped: 0.0000924 seconds, Stopping threads took: 0.0000124 seconds
[2019-12-09T02:52:57.493+0000][1][safepoint    ] Application time: 0.0348498 seconds
[2019-12-09T02:52:57.540+0000][1][safepoint    ] Entering safepoint region: RevokeBias
[2019-12-09T02:52:57.540+0000][1][safepoint    ] Leaving safepoint region
[2019-12-09T02:52:57.540+0000][1][safepoint    ] Total time for which application threads were stopped: 0.0465657 seconds, Stopping threads took: 0.0464660 seconds
[2019-12-09T02:52:57.569+0000][1][safepoint    ] Application time: 0.0286917 seconds
[2019-12-09T02:52:57.569+0000][1][safepoint    ] Entering safepoint region: RevokeBias
[2019-12-09T02:52:57.569+0000][1][safepoint    ] Leaving safepoint region
[2019-12-09T02:52:57.569+0000][1][safepoint    ] Total time for which application threads were stopped: 0.0001292 seconds, Stopping threads took: 0.0000362 seconds
[2019-12-09T02:52:57.570+0000][1][safepoint    ] Application time: 0.0015196 seconds
[2019-12-09T02:52:57.570+0000][1][safepoint    ] Entering safepoint region: RevokeBias
[2019-12-09T02:52:57.570+0000][1][safepoint    ] Leaving safepoint region
[2019-12-09T02:52:57.570+0000][1][safepoint    ] Total time for which application threads were stopped: 0.0000574 seconds, Stopping threads took: 0.0000127 seconds
[2019-12-09T02:52:57.571+0000][1][safepoint    ] Application time: 0.0003971 seconds
[2019-12-09T02:52:57.571+0000][1][safepoint    ] Entering safepoint region: RevokeBias
[2019-12-09T02:52:57.571+0000][1][safepoint    ] Leaving safepoint region
[2019-12-09T02:52:57.571+0000][1][safepoint    ] Total time for which application threads were stopped: 0.0000500 seconds, Stopping threads took: 0.0000109 seconds
[2019-12-09T02:52:57.571+0000][1][safepoint    ] Application time: 0.0000716 seconds
[2019-12-09T02:52:57.571+0000][1][safepoint    ] Entering safepoint region: RevokeBias
[2019-12-09T02:52:57.571+0000][1][safepoint    ] Leaving safepoint region
[2019-12-09T02:52:57.571+0000][1][safepoint    ] Total time for which application threads were stopped: 0.0000464 seconds, Stopping threads took: 0.0000094 seconds
[2019-12-09T02:52:57.590+0000][1][safepoint    ] Application time: 0.0191801 seconds
[2019-12-09T02:52:57.590+0000][1][safepoint    ] Entering safepoint region: RevokeBias
[2019-12-09T02:52:57.590+0000][1][safepoint    ] Leaving safepoint region
[2019-12-09T02:52:57.590+0000][1][safepoint    ] Total time for which application threads were stopped: 0.0001092 seconds, Stopping threads took: 0.0000582 seconds
[2019-12-09T02:52:57.596+0000][1][safepoint    ] Application time: 0.0056666 seconds
[2019-12-09T02:52:57.596+0000][1][safepoint    ] Entering safepoint region: RevokeBias
[2019-12-09T02:52:57.596+0000][1][safepoint    ] Leaving safepoint region
[2019-12-09T02:52:57.596+0000][1][safepoint    ] Total time for which application threads were stopped: 0.0000908 seconds, Stopping threads took: 0.0000142 seconds
[2019-12-09T02:52:57.609+0000][1][safepoint    ] Application time: 0.0130631 seconds
[2019-12-09T02:52:57.609+0000][1][safepoint    ] Entering safepoint region: RevokeBias
[2019-12-09T02:52:57.609+0000][1][safepoint    ] Leaving safepoint region
[2019-12-09T02:52:57.609+0000][1][safepoint    ] Total time for which application threads were stopped: 0.0000587 seconds, Stopping threads took: 0.0000124 seconds
[2019-12-09T02:52:57.670+0000][1][safepoint    ] Application time: 0.0610060 seconds
[2019-12-09T02:52:57.714+0000][1][safepoint    ] Entering safepoint region: RevokeBias
[2019-12-09T02:52:57.714+0000][1][safepoint    ] Leaving safepoint region
[2019-12-09T02:52:57.714+0000][1][safepoint    ] Total time for which application threads were stopped: 0.0435220 seconds, Stopping threads took: 0.0434226 seconds
[2019-12-09T02:52:57.717+0000][1][safepoint    ] Application time: 0.0029160 seconds
[2019-12-09T02:52:57.717+0000][1][safepoint    ] Entering safepoint region: RevokeBias
[2019-12-09T02:52:57.717+0000][1][safepoint    ] Leaving safepoint region
[2019-12-09T02:52:57.717+0000][1][safepoint    ] Total time for which application threads were stopped: 0.0000762 seconds, Stopping threads took: 0.0000158 seconds
[2019-12-09T02:52:57.717+0000][1][safepoint    ] Application time: 0.0000875 seconds
[2019-12-09T02:52:57.717+0000][1][safepoint    ] Entering safepoint region: RevokeBias
[2019-12-09T02:52:57.717+0000][1][safepoint    ] Leaving safepoint region
[2019-12-09T02:52:57.717+0000][1][safepoint    ] Total time for which application threads were stopped: 0.0000462 seconds, Stopping threads took: 0.0000096 seconds
[2019-12-09T02:52:57.729+0000][1][safepoint    ] Application time: 0.0119369 seconds
[2019-12-09T02:52:57.729+0000][1][safepoint    ] Entering safepoint region: RevokeBias
[2019-12-09T02:52:57.729+0000][1][safepoint    ] Leaving safepoint region
[2019-12-09T02:52:57.729+0000][1][safepoint    ] Total time for which application threads were stopped: 0.0000677 seconds, Stopping threads took: 0.0000140 seconds
[2019-12-09T02:52:57.731+0000][1][safepoint    ] Application time: 0.0018407 seconds
[2019-12-09T02:52:57.731+0000][1][safepoint    ] Entering safepoint region: RevokeBias
[2019-12-09T02:52:57.731+0000][1][safepoint    ] Leaving safepoint region
[2019-12-09T02:52:57.731+0000][1][safepoint    ] Total time for which application threads were stopped: 0.0000627 seconds, Stopping threads took: 0.0000123 seconds
[2019-12-09T02:52:57.795+0000][1][safepoint    ] Application time: 0.0639074 seconds
[2019-12-09T02:52:57.795+0000][1][safepoint    ] Entering safepoint region: RevokeBias
[2019-12-09T02:52:57.795+0000][1][safepoint    ] Leaving safepoint region
[2019-12-09T02:52:57.795+0000][1][safepoint    ] Total time for which application threads were stopped: 0.0000995 seconds, Stopping threads took: 0.0000198 seconds
[2019-12-09T02:52:57.922+0000][1][safepoint    ] Application time: 0.1266879 seconds
[2019-12-09T02:52:57.977+0000][1][safepoint    ] Entering safepoint region: RevokeBias
[2019-12-09T02:52:57.977+0000][1][safepoint    ] Leaving safepoint region
[2019-12-09T02:52:57.977+0000][1][safepoint    ] Total time for which application threads were stopped: 0.0551253 seconds, Stopping threads took: 0.0549969 seconds
[2019-12-09T02:52:57.978+0000][1][safepoint    ] Application time: 0.0006631 seconds
[2019-12-09T02:52:57.978+0000][1][safepoint    ] Entering safepoint region: RevokeBias
[2019-12-09T02:52:57.978+0000][1][safepoint    ] Leaving safepoint region
[2019-12-09T02:52:57.978+0000][1][safepoint    ] Total time for which application threads were stopped: 0.0000843 seconds, Stopping threads took: 0.0000152 seconds
[2019-12-09T02:52:58.026+0000][1][safepoint    ] Application time: 0.0483009 seconds
[2019-12-09T02:52:58.061+0000][1][safepoint    ] Entering safepoint region: RevokeBias
[2019-12-09T02:52:58.061+0000][1][safepoint    ] Leaving safepoint region
[2019-12-09T02:52:58.061+0000][1][safepoint    ] Total time for which application threads were stopped: 0.0348546 seconds, Stopping threads took: 0.0347517 seconds
[2019-12-09T02:52:58.061+0000][1][safepoint    ] Application time: 0.0004951 seconds
[2019-12-09T02:52:58.061+0000][1][safepoint    ] Entering safepoint region: RevokeBias
[2019-12-09T02:52:58.061+0000][1][safepoint    ] Leaving safepoint region
[2019-12-09T02:52:58.061+0000][1][safepoint    ] Total time for which application threads were stopped: 0.0000844 seconds, Stopping threads took: 0.0000150 seconds
[2019-12-09T02:52:58.074+0000][1][safepoint    ] Application time: 0.0122388 seconds
[2019-12-09T02:52:58.077+0000][1][safepoint    ] Entering safepoint region: RevokeBias
[2019-12-09T02:52:58.077+0000][1][safepoint    ] Leaving safepoint region
[2019-12-09T02:52:58.077+0000][1][safepoint    ] Total time for which application threads were stopped: 0.0030985 seconds, Stopping threads took: 0.0030160 seconds
[2019-12-09T02:52:58.077+0000][1][safepoint    ] Application time: 0.0004475 seconds
[2019-12-09T02:52:58.077+0000][1][safepoint    ] Entering safepoint region: RevokeBias
[2019-12-09T02:52:58.077+0000][1][safepoint    ] Leaving safepoint region
[2019-12-09T02:52:58.077+0000][1][safepoint    ] Total time for which application threads were stopped: 0.0000754 seconds, Stopping threads took: 0.0000132 seconds
[2019-12-09T02:52:58.078+0000][1][safepoint    ] Application time: 0.0002470 seconds
[2019-12-09T02:52:58.078+0000][1][safepoint    ] Entering safepoint region: RevokeBias
[2019-12-09T02:52:58.078+0000][1][safepoint    ] Leaving safepoint region
[2019-12-09T02:52:58.078+0000][1][safepoint    ] Total time for which application threads were stopped: 0.0000760 seconds, Stopping threads took: 0.0000110 seconds
[2019-12-09T02:52:58.078+0000][1][safepoint    ] Application time: 0.0001578 seconds
[2019-12-09T02:52:58.078+0000][1][safepoint    ] Entering safepoint region: RevokeBias
[2019-12-09T02:52:58.078+0000][1][safepoint    ] Leaving safepoint region
[2019-12-09T02:52:58.078+0000][1][safepoint    ] Total time for which application threads were stopped: 0.0000471 seconds, Stopping threads took: 0.0000094 seconds
[2019-12-09T02:52:58.078+0000][1][safepoint    ] Application time: 0.0003509 seconds
[2019-12-09T02:52:58.078+0000][1][safepoint    ] Entering safepoint region: RevokeBias
[2019-12-09T02:52:58.078+0000][1][safepoint    ] Leaving safepoint region
[2019-12-09T02:52:58.078+0000][1][safepoint    ] Total time for which application threads were stopped: 0.0000512 seconds, Stopping threads took: 0.0000107 seconds
[2019-12-09T02:52:58.112+0000][1][safepoint    ] Application time: 0.0333260 seconds
[2019-12-09T02:52:58.112+0000][1][safepoint    ] Entering safepoint region: RevokeBias
[2019-12-09T02:52:58.112+0000][1][safepoint    ] Leaving safepoint region
[2019-12-09T02:52:58.112+0000][1][safepoint    ] Total time for which application threads were stopped: 0.0000988 seconds, Stopping threads took: 0.0000161 seconds
[2019-12-09T02:52:58.114+0000][1][safepoint    ] Application time: 0.0021951 seconds
[2019-12-09T02:52:58.114+0000][1][safepoint    ] Entering safepoint region: RevokeBias
[2019-12-09T02:52:58.114+0000][1][safepoint    ] Leaving safepoint region
[2019-12-09T02:52:58.114+0000][1][safepoint    ] Total time for which application threads were stopped: 0.0000800 seconds, Stopping threads took: 0.0000163 seconds
[2019-12-09T02:52:58.114+0000][1][safepoint    ] Application time: 0.0001780 seconds
[2019-12-09T02:52:58.114+0000][1][safepoint    ] Entering safepoint region: RevokeBias
[2019-12-09T02:52:58.114+0000][1][safepoint    ] Leaving safepoint region
[2019-12-09T02:52:58.114+0000][1][safepoint    ] Total time for which application threads were stopped: 0.0000780 seconds, Stopping threads took: 0.0000282 seconds
[2019-12-09T02:52:58.115+0000][1][safepoint    ] Application time: 0.0002967 seconds
[2019-12-09T02:52:58.115+0000][1][safepoint    ] Entering safepoint region: RevokeBias
[2019-12-09T02:52:58.115+0000][1][safepoint    ] Leaving safepoint region
[2019-12-09T02:52:58.115+0000][1][safepoint    ] Total time for which application threads were stopped: 0.0000527 seconds, Stopping threads took: 0.0000099 seconds
[2019-12-09T02:52:58.122+0000][1][safepoint    ] Application time: 0.0070311 seconds
[2019-12-09T02:52:58.138+0000][1][safepoint    ] Entering safepoint region: RevokeBias
[2019-12-09T02:52:58.138+0000][1][safepoint    ] Leaving safepoint region
[2019-12-09T02:52:58.138+0000][1][safepoint    ] Total time for which application threads were stopped: 0.0162825 seconds, Stopping threads took: 0.0161976 seconds
[2019-12-09T02:52:58.206+0000][1][safepoint    ] Application time: 0.0681885 seconds
[2019-12-09T02:52:58.206+0000][1][safepoint    ] Entering safepoint region: RevokeBias
[2019-12-09T02:52:58.207+0000][1][safepoint    ] Leaving safepoint region
[2019-12-09T02:52:58.207+0000][1][safepoint    ] Total time for which application threads were stopped: 0.0001894 seconds, Stopping threads took: 0.0000948 seconds
[2019-12-09T02:52:58.209+0000][1][safepoint    ] Application time: 0.0023881 seconds
[2019-12-09T02:52:58.209+0000][1][safepoint    ] Entering safepoint region: BulkRevokeBias
[2019-12-09T02:52:58.209+0000][1][safepoint    ] Leaving safepoint region
[2019-12-09T02:52:58.209+0000][1][safepoint    ] Total time for which application threads were stopped: 0.0003392 seconds, Stopping threads took: 0.0000133 seconds
[2019-12-09T02:52:58.210+0000][1][safepoint    ] Application time: 0.0001673 seconds
[2019-12-09T02:52:58.210+0000][1][safepoint    ] Entering safepoint region: RevokeBias
[2019-12-09T02:52:58.210+0000][1][safepoint    ] Leaving safepoint region
[2019-12-09T02:52:58.210+0000][1][safepoint    ] Total time for which application threads were stopped: 0.0000835 seconds, Stopping threads took: 0.0000117 seconds
[2019-12-09T02:52:58.210+0000][1][safepoint    ] Application time: 0.0002726 seconds
[2019-12-09T02:52:58.210+0000][1][safepoint    ] Entering safepoint region: RevokeBias
[2019-12-09T02:52:58.210+0000][1][safepoint    ] Leaving safepoint region
[2019-12-09T02:52:58.210+0000][1][safepoint    ] Total time for which application threads were stopped: 0.0000612 seconds, Stopping threads took: 0.0000103 seconds
[2019-12-09T02:52:58.210+0000][1][safepoint    ] Application time: 0.0004200 seconds
[2019-12-09T02:52:58.210+0000][1][safepoint    ] Entering safepoint region: RevokeBias
[2019-12-09T02:52:58.210+0000][1][safepoint    ] Leaving safepoint region
[2019-12-09T02:52:58.210+0000][1][safepoint    ] Total time for which application threads were stopped: 0.0000714 seconds, Stopping threads took: 0.0000125 seconds
[2019-12-09T02:52:58.211+0000][1][safepoint    ] Application time: 0.0002697 seconds
[2019-12-09T02:52:58.211+0000][1][safepoint    ] Entering safepoint region: RevokeBias
[2019-12-09T02:52:58.211+0000][1][safepoint    ] Leaving safepoint region
[2019-12-09T02:52:58.211+0000][1][safepoint    ] Total time for which application threads were stopped: 0.0000804 seconds, Stopping threads took: 0.0000102 seconds
[2019-12-09T02:52:58.211+0000][1][safepoint    ] Application time: 0.0002360 seconds
[2019-12-09T02:52:58.211+0000][1][safepoint    ] Entering safepoint region: RevokeBias
[2019-12-09T02:52:58.211+0000][1][safepoint    ] Leaving safepoint region
[2019-12-09T02:52:58.211+0000][1][safepoint    ] Total time for which application threads were stopped: 0.0000674 seconds, Stopping threads took: 0.0000115 seconds
[2019-12-09T02:52:58.212+0000][1][safepoint    ] Application time: 0.0006839 seconds
[2019-12-09T02:52:58.212+0000][1][safepoint    ] Entering safepoint region: RevokeBias
[2019-12-09T02:52:58.212+0000][1][safepoint    ] Leaving safepoint region
[2019-12-09T02:52:58.212+0000][1][safepoint    ] Total time for which application threads were stopped: 0.0001192 seconds, Stopping threads took: 0.0000109 seconds
[2019-12-09T02:52:58.213+0000][1][safepoint    ] Application time: 0.0005790 seconds
[2019-12-09T02:52:58.213+0000][1][safepoint    ] Entering safepoint region: RevokeBias
[2019-12-09T02:52:58.213+0000][1][safepoint    ] Leaving safepoint region
[2019-12-09T02:52:58.213+0000][1][safepoint    ] Total time for which application threads were stopped: 0.0003420 seconds, Stopping threads took: 0.0000110 seconds
[2019-12-09T02:52:58.217+0000][1][safepoint    ] Application time: 0.0038829 seconds
[2019-12-09T02:52:58.217+0000][1][safepoint    ] Entering safepoint region: RevokeBias
[2019-12-09T02:52:58.217+0000][1][safepoint    ] Leaving safepoint region
[2019-12-09T02:52:58.217+0000][1][safepoint    ] Total time for which application threads were stopped: 0.0000967 seconds, Stopping threads took: 0.0000128 seconds
[2019-12-09T02:52:58.217+0000][1][safepoint    ] Application time: 0.0004807 seconds
[2019-12-09T02:52:58.217+0000][1][safepoint    ] Entering safepoint region: RevokeBias
[2019-12-09T02:52:58.218+0000][1][safepoint    ] Leaving safepoint region
[2019-12-09T02:52:58.218+0000][1][safepoint    ] Total time for which application threads were stopped: 0.0000939 seconds, Stopping threads took: 0.0000119 seconds
[2019-12-09T02:52:58.218+0000][1][safepoint    ] Application time: 0.0006614 seconds
[2019-12-09T02:52:58.218+0000][1][safepoint    ] Entering safepoint region: RevokeBias
[2019-12-09T02:52:58.218+0000][1][safepoint    ] Leaving safepoint region
[2019-12-09T02:52:58.218+0000][1][safepoint    ] Total time for which application threads were stopped: 0.0000824 seconds, Stopping threads took: 0.0000127 seconds
[2019-12-09T02:52:58.298+0000][1][safepoint    ] Application time: 0.0791592 seconds
[2019-12-09T02:52:58.298+0000][1][safepoint    ] Entering safepoint region: RevokeBias
[2019-12-09T02:52:58.298+0000][1][safepoint    ] Leaving safepoint region
[2019-12-09T02:52:58.298+0000][1][safepoint    ] Total time for which application threads were stopped: 0.0001943 seconds, Stopping threads took: 0.0000886 seconds
[2019-12-09T02:52:58.298+0000][1][safepoint    ] Application time: 0.0002441 seconds
[2019-12-09T02:52:58.298+0000][1][safepoint    ] Entering safepoint region: RevokeBias
[2019-12-09T02:52:58.298+0000][1][safepoint    ] Leaving safepoint region
[2019-12-09T02:52:58.298+0000][1][safepoint    ] Total time for which application threads were stopped: 0.0000712 seconds, Stopping threads took: 0.0000105 seconds
[2019-12-09T02:52:58.298+0000][1][safepoint    ] Application time: 0.0001937 seconds
[2019-12-09T02:52:58.298+0000][1][safepoint    ] Entering safepoint region: RevokeBias
[2019-12-09T02:52:58.298+0000][1][safepoint    ] Leaving safepoint region
[2019-12-09T02:52:58.298+0000][1][safepoint    ] Total time for which application threads were stopped: 0.0000653 seconds, Stopping threads took: 0.0000101 seconds
[2019-12-09T02:52:58.334+0000][1][safepoint    ] Application time: 0.0354451 seconds
[2019-12-09T02:52:58.334+0000][1][safepoint    ] Entering safepoint region: BulkRevokeBias
[2019-12-09T02:52:58.334+0000][1][safepoint    ] Leaving safepoint region
[2019-12-09T02:52:58.334+0000][1][safepoint    ] Total time for which application threads were stopped: 0.0004294 seconds, Stopping threads took: 0.0000134 seconds
[2019-12-09T02:52:58.456+0000][1][safepoint    ] Application time: 0.1215075 seconds
[2019-12-09T02:52:58.456+0000][1][safepoint    ] Entering safepoint region: RevokeBias
[2019-12-09T02:52:58.456+0000][1][safepoint    ] Leaving safepoint region
[2019-12-09T02:52:58.456+0000][1][safepoint    ] Total time for which application threads were stopped: 0.0001682 seconds, Stopping threads took: 0.0000740 seconds
[2019-12-09T02:52:58.503+0000][1][safepoint    ] Application time: 0.0468193 seconds
[2019-12-09T02:52:58.503+0000][1][safepoint    ] Entering safepoint region: RevokeBias
[2019-12-09T02:52:58.503+0000][1][safepoint    ] Leaving safepoint region
[2019-12-09T02:52:58.503+0000][1][safepoint    ] Total time for which application threads were stopped: 0.0001421 seconds, Stopping threads took: 0.0000417 seconds
[2019-12-09T02:52:58.558+0000][1][safepoint    ] Application time: 0.0549763 seconds
[2019-12-09T02:52:58.566+0000][1][safepoint    ] Entering safepoint region: RevokeBias
[2019-12-09T02:52:58.566+0000][1][safepoint    ] Leaving safepoint region
[2019-12-09T02:52:58.566+0000][1][safepoint    ] Total time for which application threads were stopped: 0.0078594 seconds, Stopping threads took: 0.0077710 seconds
[2019-12-09T02:52:58.582+0000][1][safepoint    ] Application time: 0.0163001 seconds
[2019-12-09T02:52:58.582+0000][1][safepoint    ] Entering safepoint region: RevokeBias
[2019-12-09T02:52:58.582+0000][1][safepoint    ] Leaving safepoint region
[2019-12-09T02:52:58.582+0000][1][safepoint    ] Total time for which application threads were stopped: 0.0000853 seconds, Stopping threads took: 0.0000157 seconds
[2019-12-09T02:52:58.686+0000][1][safepoint    ] Application time: 0.1039308 seconds
[2019-12-09T02:52:58.686+0000][1][safepoint    ] Entering safepoint region: RevokeBias
[2019-12-09T02:52:58.686+0000][1][safepoint    ] Leaving safepoint region
[2019-12-09T02:52:58.686+0000][1][safepoint    ] Total time for which application threads were stopped: 0.0001049 seconds, Stopping threads took: 0.0000170 seconds
[2019-12-09T02:52:58.686+0000][1][safepoint    ] Application time: 0.0000633 seconds
[2019-12-09T02:52:58.686+0000][1][safepoint    ] Entering safepoint region: RevokeBias
[2019-12-09T02:52:58.686+0000][1][safepoint    ] Leaving safepoint region
[2019-12-09T02:52:58.686+0000][1][safepoint    ] Total time for which application threads were stopped: 0.0000679 seconds, Stopping threads took: 0.0000115 seconds
[2019-12-09T02:52:58.687+0000][1][safepoint    ] Application time: 0.0000699 seconds
[2019-12-09T02:52:58.687+0000][1][safepoint    ] Entering safepoint region: RevokeBias
[2019-12-09T02:52:58.687+0000][1][safepoint    ] Leaving safepoint region
[2019-12-09T02:52:58.687+0000][1][safepoint    ] Total time for which application threads were stopped: 0.0000497 seconds, Stopping threads took: 0.0000089 seconds
[2019-12-09T02:52:58.711+0000][1][safepoint    ] Application time: 0.0241963 seconds
[2019-12-09T02:52:58.711+0000][1][safepoint    ] Entering safepoint region: RevokeBias
[2019-12-09T02:52:58.711+0000][1][safepoint    ] Leaving safepoint region
[2019-12-09T02:52:58.711+0000][1][safepoint    ] Total time for which application threads were stopped: 0.0000949 seconds, Stopping threads took: 0.0000189 seconds
[2019-12-09T02:52:58.711+0000][1][safepoint    ] Application time: 0.0001938 seconds
[2019-12-09T02:52:58.711+0000][1][safepoint    ] Entering safepoint region: RevokeBias
[2019-12-09T02:52:58.711+0000][1][safepoint    ] Leaving safepoint region
[2019-12-09T02:52:58.711+0000][1][safepoint    ] Total time for which application threads were stopped: 0.0000770 seconds, Stopping threads took: 0.0000126 seconds
[2019-12-09T02:52:58.711+0000][1][safepoint    ] Application time: 0.0000608 seconds
[2019-12-09T02:52:58.711+0000][1][safepoint    ] Entering safepoint region: RevokeBias
[2019-12-09T02:52:58.711+0000][1][safepoint    ] Leaving safepoint region
[2019-12-09T02:52:58.711+0000][1][safepoint    ] Total time for which application threads were stopped: 0.0000536 seconds, Stopping threads took: 0.0000092 seconds
[2019-12-09T02:52:58.811+0000][1][safepoint    ] Application time: 0.1001004 seconds
[2019-12-09T02:52:58.850+0000][1][safepoint    ] Entering safepoint region: RevokeBias
[2019-12-09T02:52:58.850+0000][1][safepoint    ] Leaving safepoint region
[2019-12-09T02:52:58.850+0000][1][safepoint    ] Total time for which application threads were stopped: 0.0386624 seconds, Stopping threads took: 0.0384853 seconds
[2019-12-09T02:52:58.851+0000][1][safepoint    ] Application time: 0.0006462 seconds
[2019-12-09T02:52:58.851+0000][1][safepoint    ] Entering safepoint region: RevokeBias
[2019-12-09T02:52:58.851+0000][1][safepoint    ] Leaving safepoint region
[2019-12-09T02:52:58.851+0000][1][safepoint    ] Total time for which application threads were stopped: 0.0001562 seconds, Stopping threads took: 0.0000147 seconds
[2019-12-09T02:52:58.852+0000][1][safepoint    ] Application time: 0.0005845 seconds
[2019-12-09T02:52:58.852+0000][1][safepoint    ] Entering safepoint region: RevokeBias
[2019-12-09T02:52:58.852+0000][1][safepoint    ] Leaving safepoint region
[2019-12-09T02:52:58.852+0000][1][safepoint    ] Total time for which application threads were stopped: 0.0001138 seconds, Stopping threads took: 0.0000118 seconds
[2019-12-09T02:52:58.855+0000][1][safepoint    ] Application time: 0.0036652 seconds
[2019-12-09T02:52:58.904+0000][1][safepoint    ] Entering safepoint region: RevokeBias
[2019-12-09T02:52:58.904+0000][1][safepoint    ] Leaving safepoint region
[2019-12-09T02:52:58.904+0000][1][safepoint    ] Total time for which application threads were stopped: 0.0487238 seconds, Stopping threads took: 0.0486132 seconds
[2019-12-09T02:52:58.905+0000][1][safepoint    ] Application time: 0.0003708 seconds
[2019-12-09T02:52:58.905+0000][1][safepoint    ] Entering safepoint region: RevokeBias
[2019-12-09T02:52:58.905+0000][1][safepoint    ] Leaving safepoint region
[2019-12-09T02:52:58.905+0000][1][safepoint    ] Total time for which application threads were stopped: 0.0001144 seconds, Stopping threads took: 0.0000156 seconds
[2019-12-09T02:52:58.914+0000][1][safepoint    ] Application time: 0.0090709 seconds
[2019-12-09T02:52:58.914+0000][1][safepoint    ] Entering safepoint region: RevokeBias
[2019-12-09T02:52:58.914+0000][1][safepoint    ] Leaving safepoint region
[2019-12-09T02:52:58.914+0000][1][safepoint    ] Total time for which application threads were stopped: 0.0000944 seconds, Stopping threads took: 0.0000146 seconds
[2019-12-09T02:52:58.915+0000][1][safepoint    ] Application time: 0.0006733 seconds
[2019-12-09T02:52:58.915+0000][1][safepoint    ] Entering safepoint region: RevokeBias
[2019-12-09T02:52:58.915+0000][1][safepoint    ] Leaving safepoint region
[2019-12-09T02:52:58.915+0000][1][safepoint    ] Total time for which application threads were stopped: 0.0001069 seconds, Stopping threads took: 0.0000234 seconds
[2019-12-09T02:52:58.919+0000][1][safepoint    ] Application time: 0.0044722 seconds
[2019-12-09T02:52:58.919+0000][1][safepoint    ] Entering safepoint region: RevokeBias
[2019-12-09T02:52:58.919+0000][1][safepoint    ] Leaving safepoint region
[2019-12-09T02:52:58.919+0000][1][safepoint    ] Total time for which application threads were stopped: 0.0000792 seconds, Stopping threads took: 0.0000136 seconds
[2019-12-09T02:52:58.919+0000][1][safepoint    ] Application time: 0.0000592 seconds
[2019-12-09T02:52:58.919+0000][1][safepoint    ] Entering safepoint region: RevokeBias
[2019-12-09T02:52:58.919+0000][1][safepoint    ] Leaving safepoint region
[2019-12-09T02:52:58.919+0000][1][safepoint    ] Total time for which application threads were stopped: 0.0000630 seconds, Stopping threads took: 0.0000100 seconds
[2019-12-09T02:52:58.920+0000][1][safepoint    ] Application time: 0.0002210 seconds
[2019-12-09T02:52:58.920+0000][1][safepoint    ] Entering safepoint region: RevokeBias
[2019-12-09T02:52:58.920+0000][1][safepoint    ] Leaving safepoint region
[2019-12-09T02:52:58.920+0000][1][safepoint    ] Total time for which application threads were stopped: 0.0000877 seconds, Stopping threads took: 0.0000107 seconds
[2019-12-09T02:52:58.999+0000][1][safepoint    ] Application time: 0.0790246 seconds
[2019-12-09T02:52:59.003+0000][1][safepoint    ] Entering safepoint region: RevokeBias
[2019-12-09T02:52:59.003+0000][1][safepoint    ] Leaving safepoint region
[2019-12-09T02:52:59.003+0000][1][safepoint    ] Total time for which application threads were stopped: 0.0042711 seconds, Stopping threads took: 0.0041676 seconds
[2019-12-09T02:52:59.035+0000][1][safepoint    ] Application time: 0.0323825 seconds
[2019-12-09T02:52:59.036+0000][1][safepoint    ] Entering safepoint region: RevokeBias
[2019-12-09T02:52:59.036+0000][1][safepoint    ] Leaving safepoint region
[2019-12-09T02:52:59.036+0000][1][safepoint    ] Total time for which application threads were stopped: 0.0005386 seconds, Stopping threads took: 0.0004621 seconds
[2019-12-09T02:52:59.254+0000][1][safepoint    ] Application time: 0.2175674 seconds
[2019-12-09T02:52:59.254+0000][1][safepoint    ] Entering safepoint region: Deoptimize
[2019-12-09T02:52:59.254+0000][1][safepoint    ] Leaving safepoint region
[2019-12-09T02:52:59.254+0000][1][safepoint    ] Total time for which application threads were stopped: 0.0008896 seconds, Stopping threads took: 0.0000195 seconds
[2019-12-09T02:52:59.906+0000][1][safepoint    ] Application time: 0.6516634 seconds
[2019-12-09T02:52:59.912+0000][1][safepoint    ] Entering safepoint region: RevokeBias
[2019-12-09T02:52:59.913+0000][1][safepoint    ] Leaving safepoint region
[2019-12-09T02:52:59.913+0000][1][safepoint    ] Total time for which application threads were stopped: 0.0067829 seconds, Stopping threads took: 0.0060840 seconds
[2019-12-09T02:52:59.927+0000][1][safepoint    ] Application time: 0.0142791 seconds
[2019-12-09T02:52:59.927+0000][1][safepoint    ] Entering safepoint region: RevokeBias
[2019-12-09T02:52:59.927+0000][1][safepoint    ] Leaving safepoint region
[2019-12-09T02:52:59.927+0000][1][safepoint    ] Total time for which application threads were stopped: 0.0001274 seconds, Stopping threads took: 0.0000605 seconds
[2019-12-09T02:53:00.404+0000][1][safepoint    ] Application time: 0.4763646 seconds
[2019-12-09T02:53:00.404+0000][1][safepoint    ] Entering safepoint region: RevokeBias
[2019-12-09T02:53:00.404+0000][1][safepoint    ] Leaving safepoint region
[2019-12-09T02:53:00.404+0000][1][safepoint    ] Total time for which application threads were stopped: 0.0001382 seconds, Stopping threads took: 0.0000205 seconds
[2019-12-09T02:53:00.404+0000][1][safepoint    ] Application time: 0.0002364 seconds
[2019-12-09T02:53:00.404+0000][1][safepoint    ] Entering safepoint region: RevokeBias
[2019-12-09T02:53:00.404+0000][1][safepoint    ] Leaving safepoint region
[2019-12-09T02:53:00.404+0000][1][safepoint    ] Total time for which application threads were stopped: 0.0000872 seconds, Stopping threads took: 0.0000130 seconds
[2019-12-09T02:53:00.404+0000][1][safepoint    ] Application time: 0.0001666 seconds
[2019-12-09T02:53:00.404+0000][1][safepoint    ] Entering safepoint region: RevokeBias
[2019-12-09T02:53:00.405+0000][1][safepoint    ] Leaving safepoint region
[2019-12-09T02:53:00.405+0000][1][safepoint    ] Total time for which application threads were stopped: 0.0000688 seconds, Stopping threads took: 0.0000116 seconds
[2019-12-09T02:53:00.414+0000][1][safepoint    ] Application time: 0.0090518 seconds
[2019-12-09T02:53:00.416+0000][1][safepoint    ] Entering safepoint region: RevokeBias
[2019-12-09T02:53:00.416+0000][1][safepoint    ] Leaving safepoint region
[2019-12-09T02:53:00.416+0000][1][safepoint    ] Total time for which application threads were stopped: 0.0021700 seconds, Stopping threads took: 0.0020873 seconds
[2019-12-09T02:53:00.416+0000][1][safepoint    ] Application time: 0.0006471 seconds
[2019-12-09T02:53:00.416+0000][1][safepoint    ] Entering safepoint region: RevokeBias
[2019-12-09T02:53:00.417+0000][1][safepoint    ] Leaving safepoint region
[2019-12-09T02:53:00.417+0000][1][safepoint    ] Total time for which application threads were stopped: 0.0000773 seconds, Stopping threads took: 0.0000120 seconds
[2019-12-09T02:53:00.436+0000][1][safepoint    ] Application time: 0.0198346 seconds
[2019-12-09T02:53:00.436+0000][1][safepoint    ] Entering safepoint region: RevokeBias
[2019-12-09T02:53:00.437+0000][1][safepoint    ] Leaving safepoint region
[2019-12-09T02:53:00.437+0000][1][safepoint    ] Total time for which application threads were stopped: 0.0004213 seconds, Stopping threads took: 0.0000136 seconds
[2019-12-09T02:53:00.560+0000][1][safepoint    ] Application time: 0.1229252 seconds
[2019-12-09T02:53:00.593+0000][1][safepoint    ] Entering safepoint region: RevokeBias
[2019-12-09T02:53:00.593+0000][1][safepoint    ] Leaving safepoint region
[2019-12-09T02:53:00.593+0000][1][safepoint    ] Total time for which application threads were stopped: 0.0334896 seconds, Stopping threads took: 0.0333944 seconds
[2019-12-09T02:53:00.608+0000][1][safepoint    ] Application time: 0.0147079 seconds
[2019-12-09T02:53:00.640+0000][1][safepoint    ] Entering safepoint region: RevokeBias
[2019-12-09T02:53:00.640+0000][1][safepoint    ] Leaving safepoint region
[2019-12-09T02:53:00.640+0000][1][safepoint    ] Total time for which application threads were stopped: 0.0321061 seconds, Stopping threads took: 0.0319251 seconds
[2019-12-09T02:53:01.641+0000][1][safepoint    ] Application time: 1.0006872 seconds
[2019-12-09T02:53:01.641+0000][1][safepoint    ] Entering safepoint region: Cleanup
[2019-12-09T02:53:01.641+0000][1][safepoint    ] Leaving safepoint region
[2019-12-09T02:53:01.641+0000][1][safepoint    ] Total time for which application threads were stopped: 0.0001278 seconds, Stopping threads took: 0.0000283 seconds
[2019-12-09T02:53:01.705+0000][1][safepoint    ] Application time: 0.0638560 seconds
[2019-12-09T02:53:01.712+0000][1][safepoint    ] Entering safepoint region: RevokeBias
[2019-12-09T02:53:01.712+0000][1][safepoint    ] Leaving safepoint region
[2019-12-09T02:53:01.712+0000][1][safepoint    ] Total time for which application threads were stopped: 0.0071919 seconds, Stopping threads took: 0.0070899 seconds
[2019-12-09T02:53:01.777+0000][1][safepoint    ] Application time: 0.0644924 seconds
[2019-12-09T02:53:01.800+0000][1][safepoint    ] Entering safepoint region: RevokeBias
[2019-12-09T02:53:01.800+0000][1][safepoint    ] Leaving safepoint region
[2019-12-09T02:53:01.800+0000][1][safepoint    ] Total time for which application threads were stopped: 0.0233242 seconds, Stopping threads took: 0.0232318 seconds
[2019-12-09T02:53:02.802+0000][1][safepoint    ] Application time: 1.0017175 seconds
[2019-12-09T02:53:02.802+0000][1][safepoint    ] Entering safepoint region: Cleanup
[2019-12-09T02:53:02.802+0000][1][safepoint    ] Leaving safepoint region
[2019-12-09T02:53:02.802+0000][1][safepoint    ] Total time for which application threads were stopped: 0.0000991 seconds, Stopping threads took: 0.0000203 seconds
[2019-12-09T02:53:03.806+0000][1][safepoint    ] Application time: 1.0038472 seconds
[2019-12-09T02:53:03.806+0000][1][safepoint    ] Entering safepoint region: Cleanup
[2019-12-09T02:53:03.806+0000][1][safepoint    ] Leaving safepoint region
[2019-12-09T02:53:03.806+0000][1][safepoint    ] Total time for which application threads were stopped: 0.0001003 seconds, Stopping threads took: 0.0000197 seconds
[2019-12-09T02:53:04.547+0000][1][safepoint    ] Application time: 0.7411688 seconds
[2019-12-09T02:53:04.547+0000][1][safepoint    ] Entering safepoint region: RevokeBias
[2019-12-09T02:53:04.547+0000][1][safepoint    ] Leaving safepoint region
[2019-12-09T02:53:04.547+0000][1][safepoint    ] Total time for which application threads were stopped: 0.0001624 seconds, Stopping threads took: 0.0000684 seconds
[2019-12-09T02:53:04.560+0000][1][safepoint    ] Application time: 0.0131800 seconds
[2019-12-09T02:53:04.560+0000][1][safepoint    ] Entering safepoint region: RevokeBias
[2019-12-09T02:53:04.561+0000][1][safepoint    ] Leaving safepoint region
[2019-12-09T02:53:04.561+0000][1][safepoint    ] Total time for which application threads were stopped: 0.0001006 seconds, Stopping threads took: 0.0000181 seconds
[2019-12-09T02:53:04.561+0000][1][safepoint    ] Application time: 0.0002828 seconds
[2019-12-09T02:53:04.561+0000][1][safepoint    ] Entering safepoint region: RevokeBias
[2019-12-09T02:53:04.561+0000][1][safepoint    ] Leaving safepoint region
[2019-12-09T02:53:04.561+0000][1][safepoint    ] Total time for which application threads were stopped: 0.0000863 seconds, Stopping threads took: 0.0000153 seconds
[2019-12-09T02:53:04.561+0000][1][safepoint    ] Application time: 0.0000637 seconds
[2019-12-09T02:53:04.561+0000][1][safepoint    ] Entering safepoint region: RevokeBias
[2019-12-09T02:53:04.561+0000][1][safepoint    ] Leaving safepoint region
[2019-12-09T02:53:04.561+0000][1][safepoint    ] Total time for which application threads were stopped: 0.0000549 seconds, Stopping threads took: 0.0000101 seconds
[2019-12-09T02:53:04.561+0000][1][safepoint    ] Application time: 0.0001833 seconds
[2019-12-09T02:53:04.561+0000][1][safepoint    ] Entering safepoint region: RevokeBias
[2019-12-09T02:53:04.561+0000][1][safepoint    ] Leaving safepoint region
[2019-12-09T02:53:04.561+0000][1][safepoint    ] Total time for which application threads were stopped: 0.0000613 seconds, Stopping threads took: 0.0000114 seconds
[2019-12-09T02:53:04.563+0000][1][safepoint    ] Application time: 0.0014164 seconds
[2019-12-09T02:53:04.563+0000][1][safepoint    ] Entering safepoint region: RevokeBias
[2019-12-09T02:53:04.563+0000][1][safepoint    ] Leaving safepoint region
[2019-12-09T02:53:04.563+0000][1][safepoint    ] Total time for which application threads were stopped: 0.0000748 seconds, Stopping threads took: 0.0000146 seconds
[2019-12-09T02:53:04.564+0000][1][safepoint    ] Application time: 0.0010723 seconds
[2019-12-09T02:53:04.564+0000][1][safepoint    ] Entering safepoint region: RevokeBias
[2019-12-09T02:53:04.564+0000][1][safepoint    ] Leaving safepoint region
[2019-12-09T02:53:04.564+0000][1][safepoint    ] Total time for which application threads were stopped: 0.0000689 seconds, Stopping threads took: 0.0000139 seconds
[2019-12-09T02:53:04.570+0000][1][safepoint    ] Application time: 0.0056574 seconds
[2019-12-09T02:53:04.570+0000][1][safepoint    ] Entering safepoint region: BulkRevokeBias
[2019-12-09T02:53:04.570+0000][1][safepoint    ] Leaving safepoint region
[2019-12-09T02:53:04.570+0000][1][safepoint    ] Total time for which application threads were stopped: 0.0004437 seconds, Stopping threads took: 0.0000145 seconds
[2019-12-09T02:53:04.570+0000][1][safepoint    ] Application time: 0.0000729 seconds
[2019-12-09T02:53:04.570+0000][1][safepoint    ] Entering safepoint region: RevokeBias
[2019-12-09T02:53:04.570+0000][1][safepoint    ] Leaving safepoint region
[2019-12-09T02:53:04.570+0000][1][safepoint    ] Total time for which application threads were stopped: 0.0000717 seconds, Stopping threads took: 0.0000110 seconds
[2019-12-09T02:53:04.663+0000][1][safepoint    ] Application time: 0.0926209 seconds
[2019-12-09T02:53:04.663+0000][1][safepoint    ] Entering safepoint region: CollectForMetadataAllocation
[2019-12-09T02:53:04.663+0000][1][safepoint    ] Leaving safepoint region
[2019-12-09T02:53:04.663+0000][1][safepoint    ] Total time for which application threads were stopped: 0.0003029 seconds, Stopping threads took: 0.0000219 seconds
[2019-12-09T02:53:04.723+0000][1][safepoint    ] Application time: 0.0592078 seconds
[2019-12-09T02:53:04.723+0000][1][safepoint    ] Entering safepoint region: CollectForMetadataAllocation
[2019-12-09T02:53:04.723+0000][1][safepoint    ] Leaving safepoint region
[2019-12-09T02:53:04.723+0000][1][safepoint    ] Total time for which application threads were stopped: 0.0003018 seconds, Stopping threads took: 0.0000198 seconds
[2019-12-09T02:53:04.864+0000][1][safepoint    ] Application time: 0.1411309 seconds
[2019-12-09T02:53:04.864+0000][1][safepoint    ] Entering safepoint region: Deoptimize
[2019-12-09T02:53:04.865+0000][1][safepoint    ] Leaving safepoint region
[2019-12-09T02:53:04.865+0000][1][safepoint    ] Total time for which application threads were stopped: 0.0007268 seconds, Stopping threads took: 0.0000185 seconds
[2019-12-09T02:53:04.867+0000][1][safepoint    ] Application time: 0.0018979 seconds
[2019-12-09T02:53:04.867+0000][1][safepoint    ] Entering safepoint region: CollectForMetadataAllocation
[2019-12-09T02:53:04.867+0000][1][safepoint    ] Leaving safepoint region
[2019-12-09T02:53:04.867+0000][1][safepoint    ] Total time for which application threads were stopped: 0.0002753 seconds, Stopping threads took: 0.0000167 seconds
[2019-12-09T02:53:04.944+0000][1][safepoint    ] Application time: 0.0767173 seconds
[2019-12-09T02:53:04.944+0000][1][safepoint    ] Entering safepoint region: CollectForMetadataAllocation
[2019-12-09T02:53:04.944+0000][1][safepoint    ] Leaving safepoint region
[2019-12-09T02:53:04.944+0000][1][safepoint    ] Total time for which application threads were stopped: 0.0002674 seconds, Stopping threads took: 0.0000282 seconds
[2019-12-09T02:53:05.050+0000][1][safepoint    ] Application time: 0.1056318 seconds
[2019-12-09T02:53:05.050+0000][1][safepoint    ] Entering safepoint region: BulkRevokeBias
[2019-12-09T02:53:05.050+0000][1][safepoint    ] Leaving safepoint region
[2019-12-09T02:53:05.050+0000][1][safepoint    ] Total time for which application threads were stopped: 0.0004851 seconds, Stopping threads took: 0.0000245 seconds
[2019-12-09T02:53:05.058+0000][1][safepoint    ] Application time: 0.0079344 seconds
[2019-12-09T02:53:05.058+0000][1][safepoint    ] Entering safepoint region: CollectForMetadataAllocation
[2019-12-09T02:53:05.058+0000][1][safepoint    ] Leaving safepoint region
[2019-12-09T02:53:05.058+0000][1][safepoint    ] Total time for which application threads were stopped: 0.0002554 seconds, Stopping threads took: 0.0000161 seconds
[2019-12-09T02:53:05.076+0000][1][safepoint    ] Application time: 0.0175026 seconds
[2019-12-09T02:53:05.076+0000][1][safepoint    ] Entering safepoint region: RevokeBias
[2019-12-09T02:53:05.076+0000][1][safepoint    ] Leaving safepoint region
[2019-12-09T02:53:05.076+0000][1][safepoint    ] Total time for which application threads were stopped: 0.0000807 seconds, Stopping threads took: 0.0000154 seconds
[2019-12-09T02:53:05.076+0000][1][safepoint    ] Application time: 0.0002668 seconds
[2019-12-09T02:53:05.076+0000][1][safepoint    ] Entering safepoint region: RevokeBias
[2019-12-09T02:53:05.076+0000][1][safepoint    ] Leaving safepoint region
[2019-12-09T02:53:05.076+0000][1][safepoint    ] Total time for which application threads were stopped: 0.0000661 seconds, Stopping threads took: 0.0000119 seconds
[2019-12-09T02:53:05.147+0000][1][safepoint    ] Application time: 0.0705074 seconds
[2019-12-09T02:53:05.147+0000][1][safepoint    ] Entering safepoint region: CMS_Initial_Mark
[2019-12-09T02:53:05.147+0000][1][gc,start     ] GC(23) Pause Initial Mark
[2019-12-09T02:53:05.358+0000][1][gc           ] GC(23) Pause Initial Mark 129M->129M(247M) 210.732ms
[2019-12-09T02:53:05.358+0000][1][gc,cpu       ] GC(23) User=0.06s Sys=0.00s Real=0.21s
[2019-12-09T02:53:05.358+0000][1][safepoint    ] Leaving safepoint region
[2019-12-09T02:53:05.358+0000][1][safepoint    ] Total time for which application threads were stopped: 0.2109691 seconds, Stopping threads took: 0.0000592 seconds
[2019-12-09T02:53:05.358+0000][1][gc           ] GC(23) Concurrent Mark
[2019-12-09T02:53:05.438+0000][1][safepoint    ] Application time: 0.0802228 seconds
[2019-12-09T02:53:05.438+0000][1][safepoint    ] Entering safepoint region: RevokeBias
[2019-12-09T02:53:05.438+0000][1][safepoint    ] Leaving safepoint region
[2019-12-09T02:53:05.438+0000][1][safepoint    ] Total time for which application threads were stopped: 0.0001065 seconds, Stopping threads took: 0.0000202 seconds
[2019-12-09T02:53:05.441+0000][1][safepoint    ] Application time: 0.0024188 seconds
[2019-12-09T02:53:05.441+0000][1][safepoint    ] Entering safepoint region: RevokeBias
[2019-12-09T02:53:05.441+0000][1][safepoint    ] Leaving safepoint region
[2019-12-09T02:53:05.441+0000][1][safepoint    ] Total time for which application threads were stopped: 0.0000975 seconds, Stopping threads took: 0.0000175 seconds
[2019-12-09T02:53:05.472+0000][1][safepoint    ] Application time: 0.0312481 seconds
[2019-12-09T02:53:05.472+0000][1][safepoint    ] Entering safepoint region: RevokeBias
[2019-12-09T02:53:05.472+0000][1][safepoint    ] Leaving safepoint region
[2019-12-09T02:53:05.472+0000][1][safepoint    ] Total time for which application threads were stopped: 0.0000800 seconds, Stopping threads took: 0.0000171 seconds
[2019-12-09T02:53:05.472+0000][1][safepoint    ] Application time: 0.0000466 seconds
[2019-12-09T02:53:05.472+0000][1][safepoint    ] Entering safepoint region: RevokeBias
[2019-12-09T02:53:05.472+0000][1][safepoint    ] Leaving safepoint region
[2019-12-09T02:53:05.472+0000][1][safepoint    ] Total time for which application threads were stopped: 0.0000401 seconds, Stopping threads took: 0.0000077 seconds
[2019-12-09T02:53:05.472+0000][1][safepoint    ] Application time: 0.0000320 seconds
[2019-12-09T02:53:05.472+0000][1][safepoint    ] Entering safepoint region: RevokeBias
[2019-12-09T02:53:05.472+0000][1][safepoint    ] Leaving safepoint region
[2019-12-09T02:53:05.472+0000][1][safepoint    ] Total time for which application threads were stopped: 0.0000374 seconds, Stopping threads took: 0.0000073 seconds
[2019-12-09T02:53:05.472+0000][1][safepoint    ] Application time: 0.0000296 seconds
[2019-12-09T02:53:05.472+0000][1][safepoint    ] Entering safepoint region: RevokeBias
[2019-12-09T02:53:05.472+0000][1][safepoint    ] Leaving safepoint region
[2019-12-09T02:53:05.472+0000][1][safepoint    ] Total time for which application threads were stopped: 0.0000373 seconds, Stopping threads took: 0.0000072 seconds
[2019-12-09T02:53:05.472+0000][1][safepoint    ] Application time: 0.0000300 seconds
[2019-12-09T02:53:05.473+0000][1][safepoint    ] Entering safepoint region: RevokeBias
[2019-12-09T02:53:05.473+0000][1][safepoint    ] Leaving safepoint region
[2019-12-09T02:53:05.473+0000][1][safepoint    ] Total time for which application threads were stopped: 0.0000373 seconds, Stopping threads took: 0.0000072 seconds
[2019-12-09T02:53:05.473+0000][1][safepoint    ] Application time: 0.0000298 seconds
[2019-12-09T02:53:05.473+0000][1][safepoint    ] Entering safepoint region: RevokeBias
[2019-12-09T02:53:05.473+0000][1][safepoint    ] Leaving safepoint region
[2019-12-09T02:53:05.473+0000][1][safepoint    ] Total time for which application threads were stopped: 0.0000368 seconds, Stopping threads took: 0.0000071 seconds
[2019-12-09T02:53:05.473+0000][1][safepoint    ] Application time: 0.0000291 seconds
[2019-12-09T02:53:05.473+0000][1][safepoint    ] Entering safepoint region: RevokeBias
[2019-12-09T02:53:05.473+0000][1][safepoint    ] Leaving safepoint region
[2019-12-09T02:53:05.473+0000][1][safepoint    ] Total time for which application threads were stopped: 0.0000568 seconds, Stopping threads took: 0.0000071 seconds
[2019-12-09T02:53:05.679+0000][1][safepoint    ] Application time: 0.2058610 seconds
[2019-12-09T02:53:05.679+0000][1][safepoint    ] Entering safepoint region: RevokeBias
[2019-12-09T02:53:05.679+0000][1][safepoint    ] Leaving safepoint region
[2019-12-09T02:53:05.679+0000][1][safepoint    ] Total time for which application threads were stopped: 0.0001270 seconds, Stopping threads took: 0.0000221 seconds
[2019-12-09T02:53:05.684+0000][1][safepoint    ] Application time: 0.0054271 seconds
[2019-12-09T02:53:05.684+0000][1][safepoint    ] Entering safepoint region: RevokeBias
[2019-12-09T02:53:05.684+0000][1][safepoint    ] Leaving safepoint region
[2019-12-09T02:53:05.684+0000][1][safepoint    ] Total time for which application threads were stopped: 0.0000850 seconds, Stopping threads took: 0.0000165 seconds
[2019-12-09T02:53:05.874+0000][1][safepoint    ] Application time: 0.1900943 seconds
[2019-12-09T02:53:05.874+0000][1][safepoint    ] Entering safepoint region: RevokeBias
[2019-12-09T02:53:05.875+0000][1][safepoint    ] Leaving safepoint region
[2019-12-09T02:53:05.875+0000][1][safepoint    ] Total time for which application threads were stopped: 0.0001212 seconds, Stopping threads took: 0.0000230 seconds
[2019-12-09T02:53:05.876+0000][1][safepoint    ] Application time: 0.0010492 seconds
[2019-12-09T02:53:05.876+0000][1][safepoint    ] Entering safepoint region: RevokeBias
[2019-12-09T02:53:05.876+0000][1][safepoint    ] Leaving safepoint region
[2019-12-09T02:53:05.876+0000][1][safepoint    ] Total time for which application threads were stopped: 0.0001158 seconds, Stopping threads took: 0.0000176 seconds
[2019-12-09T02:53:05.940+0000][1][safepoint    ] Application time: 0.0639369 seconds
[2019-12-09T02:53:05.940+0000][1][safepoint    ] Entering safepoint region: RevokeBias
[2019-12-09T02:53:05.940+0000][1][safepoint    ] Leaving safepoint region
[2019-12-09T02:53:05.940+0000][1][safepoint    ] Total time for which application threads were stopped: 0.0001286 seconds, Stopping threads took: 0.0000215 seconds
[2019-12-09T02:53:05.947+0000][1][safepoint    ] Application time: 0.0067048 seconds
[2019-12-09T02:53:05.947+0000][1][safepoint    ] Entering safepoint region: RevokeBias
[2019-12-09T02:53:05.947+0000][1][safepoint    ] Leaving safepoint region
[2019-12-09T02:53:05.947+0000][1][safepoint    ] Total time for which application threads were stopped: 0.0000977 seconds, Stopping threads took: 0.0000179 seconds
[2019-12-09T02:53:06.089+0000][1][gc           ] GC(23) Concurrent Mark 731.105ms
[2019-12-09T02:53:06.089+0000][1][gc,cpu       ] GC(23) User=0.24s Sys=0.01s Real=0.73s
[2019-12-09T02:53:06.089+0000][1][gc           ] GC(23) Concurrent Preclean
[2019-12-09T02:53:06.091+0000][1][gc           ] GC(23) Concurrent Preclean 2.320ms
[2019-12-09T02:53:06.091+0000][1][gc,cpu       ] GC(23) User=0.00s Sys=0.00s Real=0.00s
[2019-12-09T02:53:06.091+0000][1][gc           ] GC(23) Concurrent Abortable Preclean
[2019-12-09T02:53:06.958+0000][1][safepoint    ] Application time: 1.0110317 seconds
[2019-12-09T02:53:06.958+0000][1][safepoint    ] Entering safepoint region: Cleanup
[2019-12-09T02:53:06.958+0000][1][safepoint    ] Leaving safepoint region
[2019-12-09T02:53:06.958+0000][1][safepoint    ] Total time for which application threads were stopped: 0.0001371 seconds, Stopping threads took: 0.0000224 seconds
[2019-12-09T02:53:07.967+0000][1][safepoint    ] Application time: 1.0089111 seconds
[2019-12-09T02:53:07.967+0000][1][safepoint    ] Entering safepoint region: Cleanup
[2019-12-09T02:53:07.967+0000][1][safepoint    ] Leaving safepoint region
[2019-12-09T02:53:07.967+0000][1][safepoint    ] Total time for which application threads were stopped: 0.0001064 seconds, Stopping threads took: 0.0000192 seconds
[2019-12-09T02:53:08.455+0000][1][safepoint    ] Application time: 0.4875669 seconds
[2019-12-09T02:53:08.455+0000][1][safepoint    ] Entering safepoint region: GenCollectForAllocation
[2019-12-09T02:53:08.455+0000][1][gc,start     ] GC(24) Pause Young (Allocation Failure)
[2019-12-09T02:53:08.455+0000][1][gc,task      ] GC(24) Using 2 workers of 2 for evacuation
[2019-12-09T02:53:08.525+0000][1][gc           ] GC(23) Concurrent Abortable Preclean 2433.959ms
[2019-12-09T02:53:08.525+0000][1][gc,cpu       ] GC(23) User=0.63s Sys=0.00s Real=2.44s
[2019-12-09T02:53:08.558+0000][1][gc,age       ] GC(24) Desired survivor size 4456448 bytes, new threshold 2 (max threshold 6)
[2019-12-09T02:53:08.558+0000][1][gc,age       ] GC(24) Age table with threshold 2 (max threshold 6)
[2019-12-09T02:53:08.558+0000][1][gc,age       ] GC(24) - age   1:    2031496 bytes,    2031496 total
[2019-12-09T02:53:08.558+0000][1][gc,age       ] GC(24) - age   2:    3612976 bytes,    5644472 total
[2019-12-09T02:53:08.558+0000][1][gc,heap      ] GC(24) ParNew: 78650K->8704K(78656K)
[2019-12-09T02:53:08.558+0000][1][gc,heap      ] GC(24) CMS: 60035K->64277K(174784K)
[2019-12-09T02:53:08.558+0000][1][gc,metaspace ] GC(24) Metaspace: 69159K->69159K(1112064K)
[2019-12-09T02:53:08.558+0000][1][gc           ] GC(24) Pause Young (Allocation Failure) 135M->71M(247M) 103.721ms
[2019-12-09T02:53:08.559+0000][1][gc,cpu       ] GC(24) User=0.05s Sys=0.00s Real=0.10s
[2019-12-09T02:53:08.559+0000][1][safepoint    ] Leaving safepoint region
[2019-12-09T02:53:08.559+0000][1][safepoint    ] Total time for which application threads were stopped: 0.1039288 seconds, Stopping threads took: 0.0000309 seconds
[2019-12-09T02:53:08.596+0000][1][safepoint    ] Application time: 0.0371582 seconds
[2019-12-09T02:53:08.606+0000][1][safepoint    ] Entering safepoint region: CMS_Final_Remark
[2019-12-09T02:53:08.606+0000][1][gc,start     ] GC(23) Pause Remark
[2019-12-09T02:53:08.681+0000][1][gc           ] GC(23) Pause Remark 72M->72M(247M) 74.779ms
[2019-12-09T02:53:08.681+0000][1][gc,cpu       ] GC(23) User=0.05s Sys=0.00s Real=0.07s
[2019-12-09T02:53:08.681+0000][1][safepoint    ] Leaving safepoint region
[2019-12-09T02:53:08.681+0000][1][safepoint    ] Total time for which application threads were stopped: 0.0850781 seconds, Stopping threads took: 0.0101101 seconds
[2019-12-09T02:53:08.700+0000][1][gc           ] GC(23) Concurrent Sweep
[2019-12-09T02:53:08.784+0000][1][gc           ] GC(23) Concurrent Sweep 84.315ms
[2019-12-09T02:53:08.784+0000][1][gc,cpu       ] GC(23) User=0.05s Sys=0.00s Real=0.08s
[2019-12-09T02:53:08.784+0000][1][gc           ] GC(23) Concurrent Reset
[2019-12-09T02:53:08.784+0000][1][gc           ] GC(23) Concurrent Reset 0.294ms
[2019-12-09T02:53:08.785+0000][1][gc,cpu       ] GC(23) User=0.00s Sys=0.00s Real=0.00s
[2019-12-09T02:53:08.785+0000][1][gc,heap      ] GC(23) Old: 60035K->63911K(174784K)
[2019-12-09T02:53:09.684+0000][1][safepoint    ] Application time: 1.0028769 seconds
[2019-12-09T02:53:09.684+0000][1][safepoint    ] Entering safepoint region: Cleanup
[2019-12-09T02:53:09.685+0000][1][safepoint    ] Leaving safepoint region
[2019-12-09T02:53:09.685+0000][1][safepoint    ] Total time for which application threads were stopped: 0.0008813 seconds, Stopping threads took: 0.0000222 seconds
[2019-12-09T02:53:10.687+0000][1][safepoint    ] Application time: 1.0020775 seconds
[2019-12-09T02:53:10.687+0000][1][safepoint    ] Entering safepoint region: Cleanup
[2019-12-09T02:53:10.687+0000][1][safepoint    ] Leaving safepoint region
[2019-12-09T02:53:10.687+0000][1][safepoint    ] Total time for which application threads were stopped: 0.0001250 seconds, Stopping threads took: 0.0000248 seconds
[2019-12-09T02:53:11.688+0000][1][safepoint    ] Application time: 1.0008183 seconds
[2019-12-09T02:53:11.688+0000][1][safepoint    ] Entering safepoint region: Cleanup
[2019-12-09T02:53:11.688+0000][1][safepoint    ] Leaving safepoint region
[2019-12-09T02:53:11.688+0000][1][safepoint    ] Total time for which application threads were stopped: 0.0001135 seconds, Stopping threads took: 0.0000243 seconds
[2019-12-09T02:53:12.692+0000][1][safepoint    ] Application time: 1.0038416 seconds
[2019-12-09T02:53:12.692+0000][1][safepoint    ] Entering safepoint region: Cleanup
[2019-12-09T02:53:12.692+0000][1][safepoint    ] Leaving safepoint region
[2019-12-09T02:53:12.692+0000][1][safepoint    ] Total time for which application threads were stopped: 0.0001330 seconds, Stopping threads took: 0.0000250 seconds
[2019-12-09T02:53:13.694+0000][1][safepoint    ] Application time: 1.0018184 seconds
[2019-12-09T02:53:13.694+0000][1][safepoint    ] Entering safepoint region: Cleanup
[2019-12-09T02:53:13.694+0000][1][safepoint    ] Leaving safepoint region
[2019-12-09T02:53:13.694+0000][1][safepoint    ] Total time for which application threads were stopped: 0.0001369 seconds, Stopping threads took: 0.0000342 seconds
[2019-12-09T02:53:14.698+0000][1][safepoint    ] Application time: 1.0038034 seconds
[2019-12-09T02:53:14.698+0000][1][safepoint    ] Entering safepoint region: Cleanup
[2019-12-09T02:53:14.698+0000][1][safepoint    ] Leaving safepoint region
[2019-12-09T02:53:14.698+0000][1][safepoint    ] Total time for which application threads were stopped: 0.0001171 seconds, Stopping threads took: 0.0000247 seconds
[2019-12-09T02:53:15.699+0000][1][safepoint    ] Application time: 1.0009451 seconds
[2019-12-09T02:53:15.699+0000][1][safepoint    ] Entering safepoint region: Cleanup
[2019-12-09T02:53:15.699+0000][1][safepoint    ] Leaving safepoint region
[2019-12-09T02:53:15.699+0000][1][safepoint    ] Total time for which application threads were stopped: 0.0001212 seconds, Stopping threads took: 0.0000235 seconds
[2019-12-09T02:53:16.702+0000][1][safepoint    ] Application time: 1.0027148 seconds
[2019-12-09T02:53:16.702+0000][1][safepoint    ] Entering safepoint region: Cleanup
[2019-12-09T02:53:16.702+0000][1][safepoint    ] Leaving safepoint region
[2019-12-09T02:53:16.702+0000][1][safepoint    ] Total time for which application threads were stopped: 0.0001217 seconds, Stopping threads took: 0.0000247 seconds
[2019-12-09T02:53:17.702+0000][1][safepoint    ] Application time: 1.0000801 seconds
[2019-12-09T02:53:17.702+0000][1][safepoint    ] Entering safepoint region: Cleanup
[2019-12-09T02:53:17.702+0000][1][safepoint    ] Leaving safepoint region
[2019-12-09T02:53:17.702+0000][1][safepoint    ] Total time for which application threads were stopped: 0.0001215 seconds, Stopping threads took: 0.0000232 seconds
[2019-12-09T02:53:18.704+0000][1][safepoint    ] Application time: 1.0015707 seconds
[2019-12-09T02:53:18.704+0000][1][safepoint    ] Entering safepoint region: Cleanup
[2019-12-09T02:53:18.704+0000][1][safepoint    ] Leaving safepoint region
[2019-12-09T02:53:18.704+0000][1][safepoint    ] Total time for which application threads were stopped: 0.0001224 seconds, Stopping threads took: 0.0000264 seconds
[2019-12-09T02:53:19.705+0000][1][safepoint    ] Application time: 1.0008962 seconds
[2019-12-09T02:53:19.705+0000][1][safepoint    ] Entering safepoint region: Cleanup
[2019-12-09T02:53:19.705+0000][1][safepoint    ] Leaving safepoint region
[2019-12-09T02:53:19.705+0000][1][safepoint    ] Total time for which application threads were stopped: 0.0001176 seconds, Stopping threads took: 0.0000221 seconds
[2019-12-09T02:53:20.707+0000][1][safepoint    ] Application time: 1.0018388 seconds
[2019-12-09T02:53:20.707+0000][1][safepoint    ] Entering safepoint region: Cleanup
[2019-12-09T02:53:20.707+0000][1][safepoint    ] Leaving safepoint region
[2019-12-09T02:53:20.707+0000][1][safepoint    ] Total time for which application threads were stopped: 0.0001443 seconds, Stopping threads took: 0.0000320 seconds
[2019-12-09T02:53:21.708+0000][1][safepoint    ] Application time: 1.0007538 seconds
[2019-12-09T02:53:21.708+0000][1][safepoint    ] Entering safepoint region: Cleanup
[2019-12-09T02:53:21.708+0000][1][safepoint    ] Leaving safepoint region
[2019-12-09T02:53:21.708+0000][1][safepoint    ] Total time for which application threads were stopped: 0.0001472 seconds, Stopping threads took: 0.0000363 seconds
[2019-12-09T02:53:22.709+0000][1][safepoint    ] Application time: 1.0008174 seconds
[2019-12-09T02:53:22.709+0000][1][safepoint    ] Entering safepoint region: Cleanup
[2019-12-09T02:53:22.709+0000][1][safepoint    ] Leaving safepoint region
[2019-12-09T02:53:22.709+0000][1][safepoint    ] Total time for which application threads were stopped: 0.0001466 seconds, Stopping threads took: 0.0000478 seconds
[2019-12-09T02:53:23.709+0000][1][safepoint    ] Application time: 1.0003397 seconds
[2019-12-09T02:53:23.709+0000][1][safepoint    ] Entering safepoint region: Cleanup
[2019-12-09T02:53:23.709+0000][1][safepoint    ] Leaving safepoint region
[2019-12-09T02:53:23.709+0000][1][safepoint    ] Total time for which application threads were stopped: 0.0001494 seconds, Stopping threads took: 0.0000321 seconds
[2019-12-09T02:53:23.976+0000][1][safepoint    ] Application time: 0.2664804 seconds
[2019-12-09T02:53:23.976+0000][1][safepoint    ] Entering safepoint region: RevokeBias
[2019-12-09T02:53:23.976+0000][1][safepoint    ] Leaving safepoint region
[2019-12-09T02:53:23.976+0000][1][safepoint    ] Total time for which application threads were stopped: 0.0001533 seconds, Stopping threads took: 0.0000217 seconds
[2019-12-09T02:53:24.033+0000][1][safepoint    ] Application time: 0.0570439 seconds
[2019-12-09T02:53:24.033+0000][1][safepoint    ] Entering safepoint region: Deoptimize
[2019-12-09T02:53:24.034+0000][1][safepoint    ] Leaving safepoint region
[2019-12-09T02:53:24.034+0000][1][safepoint    ] Total time for which application threads were stopped: 0.0008563 seconds, Stopping threads took: 0.0000198 seconds
[2019-12-09T02:53:24.073+0000][1][safepoint    ] Application time: 0.0393260 seconds
[2019-12-09T02:53:24.073+0000][1][safepoint    ] Entering safepoint region: RevokeBias
[2019-12-09T02:53:24.074+0000][1][safepoint    ] Leaving safepoint region
[2019-12-09T02:53:24.074+0000][1][safepoint    ] Total time for which application threads were stopped: 0.0001292 seconds, Stopping threads took: 0.0000206 seconds
[2019-12-09T02:53:24.080+0000][1][safepoint    ] Application time: 0.0063646 seconds
[2019-12-09T02:53:24.080+0000][1][safepoint    ] Entering safepoint region: RevokeBias
[2019-12-09T02:53:24.080+0000][1][safepoint    ] Leaving safepoint region
[2019-12-09T02:53:24.080+0000][1][safepoint    ] Total time for which application threads were stopped: 0.0001133 seconds, Stopping threads took: 0.0000167 seconds
[2019-12-09T02:53:24.191+0000][1][safepoint    ] Application time: 0.1111062 seconds
[2019-12-09T02:53:24.191+0000][1][safepoint    ] Entering safepoint region: Deoptimize
[2019-12-09T02:53:24.192+0000][1][safepoint    ] Leaving safepoint region
[2019-12-09T02:53:24.192+0000][1][safepoint    ] Total time for which application threads were stopped: 0.0010664 seconds, Stopping threads took: 0.0000207 seconds
[2019-12-09T02:53:24.198+0000][1][safepoint    ] Application time: 0.0054636 seconds
[2019-12-09T02:53:24.198+0000][1][safepoint    ] Entering safepoint region: Deoptimize
[2019-12-09T02:53:24.199+0000][1][safepoint    ] Leaving safepoint region
[2019-12-09T02:53:24.199+0000][1][safepoint    ] Total time for which application threads were stopped: 0.0008402 seconds, Stopping threads took: 0.0000172 seconds
[2019-12-09T02:53:25.201+0000][1][safepoint    ] Application time: 1.0020412 seconds
[2019-12-09T02:53:25.201+0000][1][safepoint    ] Entering safepoint region: Cleanup
[2019-12-09T02:53:25.201+0000][1][safepoint    ] Leaving safepoint region
[2019-12-09T02:53:25.201+0000][1][safepoint    ] Total time for which application threads were stopped: 0.0001529 seconds, Stopping threads took: 0.0000280 seconds
[2019-12-09T02:53:26.203+0000][1][safepoint    ] Application time: 1.0017832 seconds
[2019-12-09T02:53:26.203+0000][1][safepoint    ] Entering safepoint region: Cleanup
[2019-12-09T02:53:26.203+0000][1][safepoint    ] Leaving safepoint region
[2019-12-09T02:53:26.203+0000][1][safepoint    ] Total time for which application threads were stopped: 0.0001176 seconds, Stopping threads took: 0.0000243 seconds
[2019-12-09T02:53:27.205+0000][1][safepoint    ] Application time: 1.0018308 seconds
[2019-12-09T02:53:27.205+0000][1][safepoint    ] Entering safepoint region: Cleanup
[2019-12-09T02:53:27.205+0000][1][safepoint    ] Leaving safepoint region
[2019-12-09T02:53:27.205+0000][1][safepoint    ] Total time for which application threads were stopped: 0.0001447 seconds, Stopping threads took: 0.0000290 seconds
[2019-12-09T02:53:28.206+0000][1][safepoint    ] Application time: 1.0007928 seconds
[2019-12-09T02:53:28.206+0000][1][safepoint    ] Entering safepoint region: Cleanup
[2019-12-09T02:53:28.206+0000][1][safepoint    ] Leaving safepoint region
[2019-12-09T02:53:28.206+0000][1][safepoint    ] Total time for which application threads were stopped: 0.0001245 seconds, Stopping threads took: 0.0000241 seconds
[2019-12-09T02:53:29.207+0000][1][safepoint    ] Application time: 1.0008528 seconds
[2019-12-09T02:53:29.207+0000][1][safepoint    ] Entering safepoint region: Cleanup
[2019-12-09T02:53:29.207+0000][1][safepoint    ] Leaving safepoint region
[2019-12-09T02:53:29.207+0000][1][safepoint    ] Total time for which application threads were stopped: 0.0001330 seconds, Stopping threads took: 0.0000254 seconds
[2019-12-09T02:53:30.208+0000][1][safepoint    ] Application time: 1.0007987 seconds
[2019-12-09T02:53:30.208+0000][1][safepoint    ] Entering safepoint region: Cleanup
[2019-12-09T02:53:30.208+0000][1][safepoint    ] Leaving safepoint region
[2019-12-09T02:53:30.208+0000][1][safepoint    ] Total time for which application threads were stopped: 0.0001232 seconds, Stopping threads took: 0.0000256 seconds
[2019-12-09T02:53:30.451+0000][1][safepoint    ] Application time: 0.2428302 seconds
[2019-12-09T02:53:30.451+0000][1][safepoint    ] Entering safepoint region: RevokeBias
[2019-12-09T02:53:30.451+0000][1][safepoint    ] Leaving safepoint region
[2019-12-09T02:53:30.451+0000][1][safepoint    ] Total time for which application threads were stopped: 0.0001601 seconds, Stopping threads took: 0.0000300 seconds
[2019-12-09T02:53:31.451+0000][1][safepoint    ] Application time: 1.0000848 seconds
[2019-12-09T02:53:31.451+0000][1][safepoint    ] Entering safepoint region: Cleanup
[2019-12-09T02:53:31.451+0000][1][safepoint    ] Leaving safepoint region
[2019-12-09T02:53:31.451+0000][1][safepoint    ] Total time for which application threads were stopped: 0.0001409 seconds, Stopping threads took: 0.0000209 seconds
[2019-12-09T02:53:32.451+0000][1][safepoint    ] Application time: 1.0000762 seconds
[2019-12-09T02:53:32.451+0000][1][safepoint    ] Entering safepoint region: Cleanup
[2019-12-09T02:53:32.451+0000][1][safepoint    ] Leaving safepoint region
[2019-12-09T02:53:32.451+0000][1][safepoint    ] Total time for which application threads were stopped: 0.0000907 seconds, Stopping threads took: 0.0000193 seconds
[2019-12-09T02:53:33.451+0000][1][safepoint    ] Application time: 1.0000766 seconds
[2019-12-09T02:53:33.452+0000][1][safepoint    ] Entering safepoint region: Cleanup
[2019-12-09T02:53:33.452+0000][1][safepoint    ] Leaving safepoint region
[2019-12-09T02:53:33.452+0000][1][safepoint    ] Total time for which application threads were stopped: 0.0000897 seconds, Stopping threads took: 0.0000157 seconds
[2019-12-09T02:53:34.452+0000][1][safepoint    ] Application time: 1.0000800 seconds
[2019-12-09T02:53:34.452+0000][1][safepoint    ] Entering safepoint region: Cleanup
[2019-12-09T02:53:34.452+0000][1][safepoint    ] Leaving safepoint region
[2019-12-09T02:53:34.452+0000][1][safepoint    ] Total time for which application threads were stopped: 0.0001284 seconds, Stopping threads took: 0.0000314 seconds
[2019-12-09T02:53:35.452+0000][1][safepoint    ] Application time: 1.0000775 seconds
[2019-12-09T02:53:35.452+0000][1][safepoint    ] Entering safepoint region: Cleanup
[2019-12-09T02:53:35.452+0000][1][safepoint    ] Leaving safepoint region
[2019-12-09T02:53:35.452+0000][1][safepoint    ] Total time for which application threads were stopped: 0.0000895 seconds, Stopping threads took: 0.0000149 seconds
[2019-12-09T02:53:36.452+0000][1][safepoint    ] Application time: 1.0000757 seconds
[2019-12-09T02:53:36.452+0000][1][safepoint    ] Entering safepoint region: Cleanup
[2019-12-09T02:53:36.452+0000][1][safepoint    ] Leaving safepoint region
[2019-12-09T02:53:36.452+0000][1][safepoint    ] Total time for which application threads were stopped: 0.0000881 seconds, Stopping threads took: 0.0000161 seconds
[2019-12-09T02:53:37.452+0000][1][safepoint    ] Application time: 1.0000831 seconds
[2019-12-09T02:53:37.452+0000][1][safepoint    ] Entering safepoint region: Cleanup
[2019-12-09T02:53:37.452+0000][1][safepoint    ] Leaving safepoint region
[2019-12-09T02:53:37.452+0000][1][safepoint    ] Total time for which application threads were stopped: 0.0001182 seconds, Stopping threads took: 0.0000218 seconds
[2019-12-09T02:53:38.453+0000][1][safepoint    ] Application time: 1.0000774 seconds
[2019-12-09T02:53:38.453+0000][1][safepoint    ] Entering safepoint region: Cleanup
[2019-12-09T02:53:38.453+0000][1][safepoint    ] Leaving safepoint region
[2019-12-09T02:53:38.453+0000][1][safepoint    ] Total time for which application threads were stopped: 0.0000953 seconds, Stopping threads took: 0.0000163 seconds
[2019-12-09T02:53:39.453+0000][1][safepoint    ] Application time: 1.0000763 seconds
[2019-12-09T02:53:39.453+0000][1][safepoint    ] Entering safepoint region: Cleanup
[2019-12-09T02:53:39.453+0000][1][safepoint    ] Leaving safepoint region
[2019-12-09T02:53:39.453+0000][1][safepoint    ] Total time for which application threads were stopped: 0.0000906 seconds, Stopping threads took: 0.0000157 seconds
[2019-12-09T02:53:40.453+0000][1][safepoint    ] Application time: 1.0000768 seconds
[2019-12-09T02:53:40.453+0000][1][safepoint    ] Entering safepoint region: Cleanup
[2019-12-09T02:53:40.453+0000][1][safepoint    ] Leaving safepoint region
[2019-12-09T02:53:40.453+0000][1][safepoint    ] Total time for which application threads were stopped: 0.0001301 seconds, Stopping threads took: 0.0000300 seconds
[2019-12-09T02:53:41.136+0000][1][safepoint    ] Application time: 0.6831928 seconds
[2019-12-09T02:53:41.136+0000][1][safepoint    ] Entering safepoint region: RevokeBias
[2019-12-09T02:53:41.137+0000][1][safepoint    ] Leaving safepoint region
[2019-12-09T02:53:41.137+0000][1][safepoint    ] Total time for which application threads were stopped: 0.0001478 seconds, Stopping threads took: 0.0000214 seconds
[2019-12-09T02:53:41.137+0000][1][safepoint    ] Application time: 0.0000860 seconds
[2019-12-09T02:53:41.137+0000][1][safepoint    ] Entering safepoint region: RevokeBias
[2019-12-09T02:53:41.137+0000][1][safepoint    ] Leaving safepoint region
[2019-12-09T02:53:41.137+0000][1][safepoint    ] Total time for which application threads were stopped: 0.0001002 seconds, Stopping threads took: 0.0000095 seconds
[2019-12-09T02:53:41.162+0000][1][safepoint    ] Application time: 0.0256983 seconds
[2019-12-09T02:53:41.163+0000][1][safepoint    ] Entering safepoint region: RevokeBias
[2019-12-09T02:53:41.163+0000][1][safepoint    ] Leaving safepoint region
[2019-12-09T02:53:41.163+0000][1][safepoint    ] Total time for which application threads were stopped: 0.0001398 seconds, Stopping threads took: 0.0000190 seconds
[2019-12-09T02:53:41.170+0000][1][safepoint    ] Application time: 0.0072437 seconds
[2019-12-09T02:53:41.170+0000][1][safepoint    ] Entering safepoint region: RevokeBias
[2019-12-09T02:53:41.170+0000][1][safepoint    ] Leaving safepoint region
[2019-12-09T02:53:41.170+0000][1][safepoint    ] Total time for which application threads were stopped: 0.0000985 seconds, Stopping threads took: 0.0000137 seconds
[2019-12-09T02:53:42.170+0000][1][safepoint    ] Application time: 1.0000784 seconds
[2019-12-09T02:53:42.170+0000][1][safepoint    ] Entering safepoint region: Cleanup
[2019-12-09T02:53:42.170+0000][1][safepoint    ] Leaving safepoint region
[2019-12-09T02:53:42.170+0000][1][safepoint    ] Total time for which application threads were stopped: 0.0001071 seconds, Stopping threads took: 0.0000167 seconds
[2019-12-09T02:53:43.170+0000][1][safepoint    ] Application time: 1.0000759 seconds
[2019-12-09T02:53:43.170+0000][1][safepoint    ] Entering safepoint region: Cleanup
[2019-12-09T02:53:43.170+0000][1][safepoint    ] Leaving safepoint region
[2019-12-09T02:53:43.170+0000][1][safepoint    ] Total time for which application threads were stopped: 0.0000839 seconds, Stopping threads took: 0.0000159 seconds
[2019-12-09T02:53:44.170+0000][1][safepoint    ] Application time: 1.0000749 seconds
[2019-12-09T02:53:44.171+0000][1][safepoint    ] Entering safepoint region: Cleanup
[2019-12-09T02:53:44.171+0000][1][safepoint    ] Leaving safepoint region
[2019-12-09T02:53:44.171+0000][1][safepoint    ] Total time for which application threads were stopped: 0.0000893 seconds, Stopping threads took: 0.0000169 seconds
[2019-12-09T02:53:45.171+0000][1][safepoint    ] Application time: 1.0000754 seconds
[2019-12-09T02:53:45.171+0000][1][safepoint    ] Entering safepoint region: Cleanup
[2019-12-09T02:53:45.171+0000][1][safepoint    ] Leaving safepoint region
[2019-12-09T02:53:45.171+0000][1][safepoint    ] Total time for which application threads were stopped: 0.0000901 seconds, Stopping threads took: 0.0000184 seconds
[2019-12-09T02:53:46.171+0000][1][safepoint    ] Application time: 1.0000766 seconds
[2019-12-09T02:53:46.171+0000][1][safepoint    ] Entering safepoint region: Cleanup
[2019-12-09T02:53:46.171+0000][1][safepoint    ] Leaving safepoint region
[2019-12-09T02:53:46.171+0000][1][safepoint    ] Total time for which application threads were stopped: 0.0000847 seconds, Stopping threads took: 0.0000189 seconds
[2019-12-09T02:53:47.171+0000][1][safepoint    ] Application time: 1.0000735 seconds
[2019-12-09T02:53:47.171+0000][1][safepoint    ] Entering safepoint region: Cleanup
[2019-12-09T02:53:47.171+0000][1][safepoint    ] Leaving safepoint region
[2019-12-09T02:53:47.171+0000][1][safepoint    ] Total time for which application threads were stopped: 0.0000833 seconds, Stopping threads took: 0.0000153 seconds
[2019-12-09T02:53:48.171+0000][1][safepoint    ] Application time: 1.0000766 seconds
[2019-12-09T02:53:48.171+0000][1][safepoint    ] Entering safepoint region: Cleanup
[2019-12-09T02:53:48.171+0000][1][safepoint    ] Leaving safepoint region
[2019-12-09T02:53:48.171+0000][1][safepoint    ] Total time for which application threads were stopped: 0.0000849 seconds, Stopping threads took: 0.0000157 seconds
[2019-12-09T02:53:49.171+0000][1][safepoint    ] Application time: 1.0000798 seconds
[2019-12-09T02:53:49.171+0000][1][safepoint    ] Entering safepoint region: Cleanup
[2019-12-09T02:53:49.172+0000][1][safepoint    ] Leaving safepoint region
[2019-12-09T02:53:49.172+0000][1][safepoint    ] Total time for which application threads were stopped: 0.0000873 seconds, Stopping threads took: 0.0000167 seconds
[2019-12-09T02:53:50.172+0000][1][safepoint    ] Application time: 1.0000786 seconds
[2019-12-09T02:53:50.172+0000][1][safepoint    ] Entering safepoint region: Cleanup
[2019-12-09T02:53:50.172+0000][1][safepoint    ] Leaving safepoint region
[2019-12-09T02:53:50.172+0000][1][safepoint    ] Total time for which application threads were stopped: 0.0000955 seconds, Stopping threads took: 0.0000156 seconds
[2019-12-09T02:53:51.172+0000][1][safepoint    ] Application time: 1.0000755 seconds
[2019-12-09T02:53:51.172+0000][1][safepoint    ] Entering safepoint region: Cleanup
[2019-12-09T02:53:51.172+0000][1][safepoint    ] Leaving safepoint region
[2019-12-09T02:53:51.172+0000][1][safepoint    ] Total time for which application threads were stopped: 0.0000882 seconds, Stopping threads took: 0.0000156 seconds
[2019-12-09T02:53:52.172+0000][1][safepoint    ] Application time: 1.0000900 seconds
[2019-12-09T02:53:52.172+0000][1][safepoint    ] Entering safepoint region: Cleanup
[2019-12-09T02:53:52.172+0000][1][safepoint    ] Leaving safepoint region
[2019-12-09T02:53:52.172+0000][1][safepoint    ] Total time for which application threads were stopped: 0.0001026 seconds, Stopping threads took: 0.0000290 seconds
[2019-12-09T02:53:53.172+0000][1][safepoint    ] Application time: 1.0000772 seconds
[2019-12-09T02:53:53.172+0000][1][safepoint    ] Entering safepoint region: Cleanup
[2019-12-09T02:53:53.172+0000][1][safepoint    ] Leaving safepoint region
[2019-12-09T02:53:53.172+0000][1][safepoint    ] Total time for which application threads were stopped: 0.0000916 seconds, Stopping threads took: 0.0000159 seconds
[2019-12-09T02:53:54.172+0000][1][safepoint    ] Application time: 1.0000743 seconds
[2019-12-09T02:53:54.172+0000][1][safepoint    ] Entering safepoint region: Cleanup
[2019-12-09T02:53:54.173+0000][1][safepoint    ] Leaving safepoint region
[2019-12-09T02:53:54.173+0000][1][safepoint    ] Total time for which application threads were stopped: 0.0000855 seconds, Stopping threads took: 0.0000176 seconds
[2019-12-09T02:53:55.173+0000][1][safepoint    ] Application time: 1.0000803 seconds
[2019-12-09T02:53:55.173+0000][1][safepoint    ] Entering safepoint region: Cleanup
[2019-12-09T02:53:55.173+0000][1][safepoint    ] Leaving safepoint region
[2019-12-09T02:53:55.173+0000][1][safepoint    ] Total time for which application threads were stopped: 0.0001068 seconds, Stopping threads took: 0.0000170 seconds
[2019-12-09T02:53:56.173+0000][1][safepoint    ] Application time: 1.0000826 seconds
[2019-12-09T02:53:56.173+0000][1][safepoint    ] Entering safepoint region: Cleanup
[2019-12-09T02:53:56.173+0000][1][safepoint    ] Leaving safepoint region
[2019-12-09T02:53:56.173+0000][1][safepoint    ] Total time for which application threads were stopped: 0.0000802 seconds, Stopping threads took: 0.0000170 seconds
[2019-12-09T02:53:57.173+0000][1][safepoint    ] Application time: 1.0000783 seconds
[2019-12-09T02:53:57.173+0000][1][safepoint    ] Entering safepoint region: Cleanup
[2019-12-09T02:53:57.173+0000][1][safepoint    ] Leaving safepoint region
[2019-12-09T02:53:57.173+0000][1][safepoint    ] Total time for which application threads were stopped: 0.0000831 seconds, Stopping threads took: 0.0000157 seconds
[2019-12-09T02:53:58.173+0000][1][safepoint    ] Application time: 1.0000746 seconds
[2019-12-09T02:53:58.173+0000][1][safepoint    ] Entering safepoint region: Cleanup
[2019-12-09T02:53:58.173+0000][1][safepoint    ] Leaving safepoint region
[2019-12-09T02:53:58.173+0000][1][safepoint    ] Total time for which application threads were stopped: 0.0000831 seconds, Stopping threads took: 0.0000179 seconds
[2019-12-09T02:53:59.173+0000][1][safepoint    ] Application time: 1.0000806 seconds
[2019-12-09T02:53:59.173+0000][1][safepoint    ] Entering safepoint region: Cleanup
[2019-12-09T02:53:59.173+0000][1][safepoint    ] Leaving safepoint region
[2019-12-09T02:53:59.173+0000][1][safepoint    ] Total time for which application threads were stopped: 0.0000994 seconds, Stopping threads took: 0.0000159 seconds
[2019-12-09T02:54:00.174+0000][1][safepoint    ] Application time: 1.0000970 seconds
[2019-12-09T02:54:00.174+0000][1][safepoint    ] Entering safepoint region: Cleanup
[2019-12-09T02:54:00.174+0000][1][safepoint    ] Leaving safepoint region
[2019-12-09T02:54:00.174+0000][1][safepoint    ] Total time for which application threads were stopped: 0.0000913 seconds, Stopping threads took: 0.0000177 seconds
[2019-12-09T02:54:01.174+0000][1][safepoint    ] Application time: 1.0000778 seconds
[2019-12-09T02:54:01.174+0000][1][safepoint    ] Entering safepoint region: Cleanup
[2019-12-09T02:54:01.174+0000][1][safepoint    ] Leaving safepoint region
[2019-12-09T02:54:01.174+0000][1][safepoint    ] Total time for which application threads were stopped: 0.0000812 seconds, Stopping threads took: 0.0000162 seconds
[2019-12-09T02:54:02.174+0000][1][safepoint    ] Application time: 1.0000858 seconds
[2019-12-09T02:54:02.174+0000][1][safepoint    ] Entering safepoint region: Cleanup
[2019-12-09T02:54:02.174+0000][1][safepoint    ] Leaving safepoint region
[2019-12-09T02:54:02.174+0000][1][safepoint    ] Total time for which application threads were stopped: 0.0001083 seconds, Stopping threads took: 0.0000241 seconds
[2019-12-09T02:54:03.174+0000][1][safepoint    ] Application time: 1.0000764 seconds
[2019-12-09T02:54:03.174+0000][1][safepoint    ] Entering safepoint region: Cleanup
[2019-12-09T02:54:03.174+0000][1][safepoint    ] Leaving safepoint region
[2019-12-09T02:54:03.174+0000][1][safepoint    ] Total time for which application threads were stopped: 0.0000826 seconds, Stopping threads took: 0.0000167 seconds
[2019-12-09T02:54:04.174+0000][1][safepoint    ] Application time: 1.0000757 seconds
[2019-12-09T02:54:04.174+0000][1][safepoint    ] Entering safepoint region: Cleanup
[2019-12-09T02:54:04.175+0000][1][safepoint    ] Leaving safepoint region
[2019-12-09T02:54:04.175+0000][1][safepoint    ] Total time for which application threads were stopped: 0.0000854 seconds, Stopping threads took: 0.0000166 seconds
[2019-12-09T02:54:05.175+0000][1][safepoint    ] Application time: 1.0000769 seconds
[2019-12-09T02:54:05.175+0000][1][safepoint    ] Entering safepoint region: Cleanup
[2019-12-09T02:54:05.175+0000][1][safepoint    ] Leaving safepoint region
[2019-12-09T02:54:05.175+0000][1][safepoint    ] Total time for which application threads were stopped: 0.0001001 seconds, Stopping threads took: 0.0000170 seconds
[2019-12-09T02:54:06.175+0000][1][safepoint    ] Application time: 1.0000757 seconds
[2019-12-09T02:54:06.175+0000][1][safepoint    ] Entering safepoint region: Cleanup
[2019-12-09T02:54:06.175+0000][1][safepoint    ] Leaving safepoint region
[2019-12-09T02:54:06.175+0000][1][safepoint    ] Total time for which application threads were stopped: 0.0000795 seconds, Stopping threads took: 0.0000173 seconds
[2019-12-09T02:54:07.175+0000][1][safepoint    ] Application time: 1.0000734 seconds
[2019-12-09T02:54:07.175+0000][1][safepoint    ] Entering safepoint region: Cleanup
[2019-12-09T02:54:07.175+0000][1][safepoint    ] Leaving safepoint region
[2019-12-09T02:54:07.175+0000][1][safepoint    ] Total time for which application threads were stopped: 0.0000820 seconds, Stopping threads took: 0.0000185 seconds
[2019-12-09T02:54:08.175+0000][1][safepoint    ] Application time: 1.0000758 seconds
[2019-12-09T02:54:08.175+0000][1][safepoint    ] Entering safepoint region: Cleanup
[2019-12-09T02:54:08.175+0000][1][safepoint    ] Leaving safepoint region
[2019-12-09T02:54:08.175+0000][1][safepoint    ] Total time for which application threads were stopped: 0.0000909 seconds, Stopping threads took: 0.0000167 seconds
[2019-12-09T02:54:09.175+0000][1][safepoint    ] Application time: 1.0000743 seconds
[2019-12-09T02:54:09.175+0000][1][safepoint    ] Entering safepoint region: Cleanup
[2019-12-09T02:54:09.176+0000][1][safepoint    ] Leaving safepoint region
[2019-12-09T02:54:09.176+0000][1][safepoint    ] Total time for which application threads were stopped: 0.0000924 seconds, Stopping threads took: 0.0000175 seconds
[2019-12-09T02:54:09.336+0000][1][safepoint    ] Application time: 0.1600477 seconds
[2019-12-09T02:54:09.336+0000][1][safepoint    ] Entering safepoint region: GenCollectForAllocation
[2019-12-09T02:54:09.336+0000][1][gc,start     ] GC(25) Pause Young (Allocation Failure)
[2019-12-09T02:54:09.336+0000][1][gc,task      ] GC(25) Using 2 workers of 2 for evacuation
[2019-12-09T02:54:09.354+0000][1][gc,age       ] GC(25) Desired survivor size 4456448 bytes, new threshold 6 (max threshold 6)
[2019-12-09T02:54:09.354+0000][1][gc,age       ] GC(25) Age table with threshold 6 (max threshold 6)
[2019-12-09T02:54:09.354+0000][1][gc,age       ] GC(25) - age   1:     476472 bytes,     476472 total
[2019-12-09T02:54:09.354+0000][1][gc,age       ] GC(25) - age   2:    1922424 bytes,    2398896 total
[2019-12-09T02:54:09.354+0000][1][gc,heap      ] GC(25) ParNew: 78656K->5895K(78656K)
[2019-12-09T02:54:09.354+0000][1][gc,heap      ] GC(25) CMS: 63911K->67571K(174784K)
[2019-12-09T02:54:09.354+0000][1][gc,metaspace ] GC(25) Metaspace: 70709K->70709K(1114112K)
[2019-12-09T02:54:09.354+0000][1][gc           ] GC(25) Pause Young (Allocation Failure) 139M->71M(247M) 18.084ms
[2019-12-09T02:54:09.354+0000][1][gc,cpu       ] GC(25) User=0.03s Sys=0.00s Real=0.01s
[2019-12-09T02:54:09.354+0000][1][safepoint    ] Leaving safepoint region
[2019-12-09T02:54:09.354+0000][1][safepoint    ] Total time for which application threads were stopped: 0.0182660 seconds, Stopping threads took: 0.0000202 seconds
[2019-12-09T02:54:10.354+0000][1][safepoint    ] Application time: 1.0000863 seconds
[2019-12-09T02:54:10.354+0000][1][safepoint    ] Entering safepoint region: Cleanup
[2019-12-09T02:54:10.354+0000][1][safepoint    ] Leaving safepoint region
[2019-12-09T02:54:10.354+0000][1][safepoint    ] Total time for which application threads were stopped: 0.0000836 seconds, Stopping threads took: 0.0000191 seconds
[2019-12-09T02:54:11.354+0000][1][safepoint    ] Application time: 1.0000748 seconds
[2019-12-09T02:54:11.354+0000][1][safepoint    ] Entering safepoint region: Cleanup
[2019-12-09T02:54:11.354+0000][1][safepoint    ] Leaving safepoint region
[2019-12-09T02:54:11.354+0000][1][safepoint    ] Total time for which application threads were stopped: 0.0001016 seconds, Stopping threads took: 0.0000195 seconds
[2019-12-09T02:54:12.354+0000][1][safepoint    ] Application time: 1.0000797 seconds
[2019-12-09T02:54:12.354+0000][1][safepoint    ] Entering safepoint region: Cleanup
[2019-12-09T02:54:12.355+0000][1][safepoint    ] Leaving safepoint region
[2019-12-09T02:54:12.355+0000][1][safepoint    ] Total time for which application threads were stopped: 0.0000967 seconds, Stopping threads took: 0.0000211 seconds
[2019-12-09T02:54:13.355+0000][1][safepoint    ] Application time: 1.0000781 seconds
[2019-12-09T02:54:13.355+0000][1][safepoint    ] Entering safepoint region: Cleanup
[2019-12-09T02:54:13.355+0000][1][safepoint    ] Leaving safepoint region
[2019-12-09T02:54:13.355+0000][1][safepoint    ] Total time for which application threads were stopped: 0.0000999 seconds, Stopping threads took: 0.0000300 seconds
[2019-12-09T02:54:14.355+0000][1][safepoint    ] Application time: 1.0000792 seconds
[2019-12-09T02:54:14.355+0000][1][safepoint    ] Entering safepoint region: Cleanup
[2019-12-09T02:54:14.355+0000][1][safepoint    ] Leaving safepoint region
[2019-12-09T02:54:14.355+0000][1][safepoint    ] Total time for which application threads were stopped: 0.0000858 seconds, Stopping threads took: 0.0000190 seconds
[2019-12-09T02:54:15.355+0000][1][safepoint    ] Application time: 1.0000788 seconds
[2019-12-09T02:54:15.355+0000][1][safepoint    ] Entering safepoint region: Cleanup
[2019-12-09T02:54:15.355+0000][1][safepoint    ] Leaving safepoint region
[2019-12-09T02:54:15.355+0000][1][safepoint    ] Total time for which application threads were stopped: 0.0000962 seconds, Stopping threads took: 0.0000194 seconds
[2019-12-09T02:54:16.355+0000][1][safepoint    ] Application time: 1.0000792 seconds
[2019-12-09T02:54:16.355+0000][1][safepoint    ] Entering safepoint region: Cleanup
[2019-12-09T02:54:16.355+0000][1][safepoint    ] Leaving safepoint region
[2019-12-09T02:54:16.355+0000][1][safepoint    ] Total time for which application threads were stopped: 0.0000941 seconds, Stopping threads took: 0.0000203 seconds
[2019-12-09T02:54:17.356+0000][1][safepoint    ] Application time: 1.0000785 seconds
[2019-12-09T02:54:17.356+0000][1][safepoint    ] Entering safepoint region: Cleanup
[2019-12-09T02:54:17.356+0000][1][safepoint    ] Leaving safepoint region
[2019-12-09T02:54:17.356+0000][1][safepoint    ] Total time for which application threads were stopped: 0.0000867 seconds, Stopping threads took: 0.0000194 seconds
[2019-12-09T02:54:18.356+0000][1][safepoint    ] Application time: 1.0000792 seconds
[2019-12-09T02:54:18.356+0000][1][safepoint    ] Entering safepoint region: Cleanup
[2019-12-09T02:54:18.356+0000][1][safepoint    ] Leaving safepoint region
[2019-12-09T02:54:18.356+0000][1][safepoint    ] Total time for which application threads were stopped: 0.0000894 seconds, Stopping threads took: 0.0000177 seconds
[2019-12-09T02:54:19.356+0000][1][safepoint    ] Application time: 1.0000756 seconds
[2019-12-09T02:54:19.356+0000][1][safepoint    ] Entering safepoint region: Cleanup
[2019-12-09T02:54:19.356+0000][1][safepoint    ] Leaving safepoint region
[2019-12-09T02:54:19.356+0000][1][safepoint    ] Total time for which application threads were stopped: 0.0001088 seconds, Stopping threads took: 0.0000179 seconds
[2019-12-09T02:54:20.356+0000][1][safepoint    ] Application time: 1.0000758 seconds
[2019-12-09T02:54:20.356+0000][1][safepoint    ] Entering safepoint region: Cleanup
[2019-12-09T02:54:20.356+0000][1][safepoint    ] Leaving safepoint region
[2019-12-09T02:54:20.356+0000][1][safepoint    ] Total time for which application threads were stopped: 0.0000885 seconds, Stopping threads took: 0.0000175 seconds
[2019-12-09T02:54:21.356+0000][1][safepoint    ] Application time: 1.0000759 seconds
[2019-12-09T02:54:21.356+0000][1][safepoint    ] Entering safepoint region: Cleanup
[2019-12-09T02:54:21.356+0000][1][safepoint    ] Leaving safepoint region
[2019-12-09T02:54:21.356+0000][1][safepoint    ] Total time for which application threads were stopped: 0.0000923 seconds, Stopping threads took: 0.0000190 seconds
[2019-12-09T02:54:22.357+0000][1][safepoint    ] Application time: 1.0000760 seconds
[2019-12-09T02:54:22.357+0000][1][safepoint    ] Entering safepoint region: Cleanup
[2019-12-09T02:54:22.357+0000][1][safepoint    ] Leaving safepoint region
[2019-12-09T02:54:22.357+0000][1][safepoint    ] Total time for which application threads were stopped: 0.0001128 seconds, Stopping threads took: 0.0000265 seconds
[2019-12-09T02:54:23.357+0000][1][safepoint    ] Application time: 1.0000766 seconds
[2019-12-09T02:54:23.357+0000][1][safepoint    ] Entering safepoint region: Cleanup
[2019-12-09T02:54:23.357+0000][1][safepoint    ] Leaving safepoint region
[2019-12-09T02:54:23.357+0000][1][safepoint    ] Total time for which application threads were stopped: 0.0000861 seconds, Stopping threads took: 0.0000193 seconds
[2019-12-09T02:54:24.357+0000][1][safepoint    ] Application time: 1.0000759 seconds
[2019-12-09T02:54:24.357+0000][1][safepoint    ] Entering safepoint region: Cleanup
[2019-12-09T02:54:24.357+0000][1][safepoint    ] Leaving safepoint region
[2019-12-09T02:54:24.357+0000][1][safepoint    ] Total time for which application threads were stopped: 0.0000924 seconds, Stopping threads took: 0.0000206 seconds
[2019-12-09T02:54:25.357+0000][1][safepoint    ] Application time: 1.0000752 seconds
[2019-12-09T02:54:25.357+0000][1][safepoint    ] Entering safepoint region: Cleanup
[2019-12-09T02:54:25.357+0000][1][safepoint    ] Leaving safepoint region
[2019-12-09T02:54:25.357+0000][1][safepoint    ] Total time for which application threads were stopped: 0.0000935 seconds, Stopping threads took: 0.0000186 seconds
[2019-12-09T02:54:26.357+0000][1][safepoint    ] Application time: 1.0000761 seconds
[2019-12-09T02:54:26.357+0000][1][safepoint    ] Entering safepoint region: Cleanup
[2019-12-09T02:54:26.358+0000][1][safepoint    ] Leaving safepoint region
[2019-12-09T02:54:26.358+0000][1][safepoint    ] Total time for which application threads were stopped: 0.0000912 seconds, Stopping threads took: 0.0000179 seconds
[2019-12-09T02:54:27.358+0000][1][safepoint    ] Application time: 1.0000764 seconds
[2019-12-09T02:54:27.358+0000][1][safepoint    ] Entering safepoint region: Cleanup
[2019-12-09T02:54:27.358+0000][1][safepoint    ] Leaving safepoint region
[2019-12-09T02:54:27.358+0000][1][safepoint    ] Total time for which application threads were stopped: 0.0001016 seconds, Stopping threads took: 0.0000289 seconds
[2019-12-09T02:54:28.358+0000][1][safepoint    ] Application time: 1.0000746 seconds
[2019-12-09T02:54:28.358+0000][1][safepoint    ] Entering safepoint region: Cleanup
[2019-12-09T02:54:28.358+0000][1][safepoint    ] Leaving safepoint region
[2019-12-09T02:54:28.358+0000][1][safepoint    ] Total time for which application threads were stopped: 0.0000924 seconds, Stopping threads took: 0.0000202 seconds
[2019-12-09T02:54:29.358+0000][1][safepoint    ] Application time: 1.0000769 seconds
[2019-12-09T02:54:29.358+0000][1][safepoint    ] Entering safepoint region: Cleanup
[2019-12-09T02:54:29.358+0000][1][safepoint    ] Leaving safepoint region
[2019-12-09T02:54:29.358+0000][1][safepoint    ] Total time for which application threads were stopped: 0.0000942 seconds, Stopping threads took: 0.0000170 seconds
[2019-12-09T02:54:30.358+0000][1][safepoint    ] Application time: 1.0000758 seconds
[2019-12-09T02:54:30.358+0000][1][safepoint    ] Entering safepoint region: Cleanup
[2019-12-09T02:54:30.358+0000][1][safepoint    ] Leaving safepoint region
[2019-12-09T02:54:30.358+0000][1][safepoint    ] Total time for which application threads were stopped: 0.0000828 seconds, Stopping threads took: 0.0000182 seconds
[2019-12-09T02:54:31.358+0000][1][safepoint    ] Application time: 1.0000778 seconds
[2019-12-09T02:54:31.359+0000][1][safepoint    ] Entering safepoint region: Cleanup
[2019-12-09T02:54:31.359+0000][1][safepoint    ] Leaving safepoint region
[2019-12-09T02:54:31.359+0000][1][safepoint    ] Total time for which application threads were stopped: 0.0000925 seconds, Stopping threads took: 0.0000192 seconds
[2019-12-09T02:54:32.359+0000][1][safepoint    ] Application time: 1.0000766 seconds
[2019-12-09T02:54:32.359+0000][1][safepoint    ] Entering safepoint region: Cleanup
[2019-12-09T02:54:32.359+0000][1][safepoint    ] Leaving safepoint region
[2019-12-09T02:54:32.359+0000][1][safepoint    ] Total time for which application threads were stopped: 0.0000967 seconds, Stopping threads took: 0.0000201 seconds
[2019-12-09T02:54:33.359+0000][1][safepoint    ] Application time: 1.0000751 seconds
[2019-12-09T02:54:33.359+0000][1][safepoint    ] Entering safepoint region: Cleanup
[2019-12-09T02:54:33.359+0000][1][safepoint    ] Leaving safepoint region
[2019-12-09T02:54:33.359+0000][1][safepoint    ] Total time for which application threads were stopped: 0.0000896 seconds, Stopping threads took: 0.0000189 seconds
[2019-12-09T02:54:34.359+0000][1][safepoint    ] Application time: 1.0000796 seconds
[2019-12-09T02:54:34.359+0000][1][safepoint    ] Entering safepoint region: Cleanup
[2019-12-09T02:54:34.359+0000][1][safepoint    ] Leaving safepoint region
[2019-12-09T02:54:34.359+0000][1][safepoint    ] Total time for which application threads were stopped: 0.0000859 seconds, Stopping threads took: 0.0000195 seconds
[2019-12-09T02:54:35.359+0000][1][safepoint    ] Application time: 1.0000779 seconds
[2019-12-09T02:54:35.359+0000][1][safepoint    ] Entering safepoint region: Cleanup
[2019-12-09T02:54:35.359+0000][1][safepoint    ] Leaving safepoint region
[2019-12-09T02:54:35.359+0000][1][safepoint    ] Total time for which application threads were stopped: 0.0000914 seconds, Stopping threads took: 0.0000181 seconds
[2019-12-09T02:54:36.360+0000][1][safepoint    ] Application time: 1.0000783 seconds
[2019-12-09T02:54:36.360+0000][1][safepoint    ] Entering safepoint region: Cleanup
[2019-12-09T02:54:36.360+0000][1][safepoint    ] Leaving safepoint region
[2019-12-09T02:54:36.360+0000][1][safepoint    ] Total time for which application threads were stopped: 0.0001059 seconds, Stopping threads took: 0.0000189 seconds
[2019-12-09T02:54:37.360+0000][1][safepoint    ] Application time: 1.0000771 seconds
[2019-12-09T02:54:37.360+0000][1][safepoint    ] Entering safepoint region: Cleanup
[2019-12-09T02:54:37.360+0000][1][safepoint    ] Leaving safepoint region
[2019-12-09T02:54:37.360+0000][1][safepoint    ] Total time for which application threads were stopped: 0.0000852 seconds, Stopping threads took: 0.0000188 seconds
[2019-12-09T02:54:38.360+0000][1][safepoint    ] Application time: 1.0000773 seconds
[2019-12-09T02:54:38.360+0000][1][safepoint    ] Entering safepoint region: Cleanup
[2019-12-09T02:54:38.360+0000][1][safepoint    ] Leaving safepoint region
[2019-12-09T02:54:38.360+0000][1][safepoint    ] Total time for which application threads were stopped: 0.0000880 seconds, Stopping threads took: 0.0000172 seconds
[2019-12-09T02:54:39.360+0000][1][safepoint    ] Application time: 1.0000760 seconds
[2019-12-09T02:54:39.360+0000][1][safepoint    ] Entering safepoint region: Cleanup
[2019-12-09T02:54:39.360+0000][1][safepoint    ] Leaving safepoint region
[2019-12-09T02:54:39.360+0000][1][safepoint    ] Total time for which application threads were stopped: 0.0000838 seconds, Stopping threads took: 0.0000165 seconds
[2019-12-09T02:54:40.360+0000][1][safepoint    ] Application time: 1.0000767 seconds
[2019-12-09T02:54:40.360+0000][1][safepoint    ] Entering safepoint region: Cleanup
[2019-12-09T02:54:40.361+0000][1][safepoint    ] Leaving safepoint region
[2019-12-09T02:54:40.361+0000][1][safepoint    ] Total time for which application threads were stopped: 0.0000886 seconds, Stopping threads took: 0.0000177 seconds
[2019-12-09T02:54:41.361+0000][1][safepoint    ] Application time: 1.0000766 seconds
[2019-12-09T02:54:41.361+0000][1][safepoint    ] Entering safepoint region: Cleanup
[2019-12-09T02:54:41.361+0000][1][safepoint    ] Leaving safepoint region
[2019-12-09T02:54:41.361+0000][1][safepoint    ] Total time for which application threads were stopped: 0.0001081 seconds, Stopping threads took: 0.0000244 seconds
[2019-12-09T02:54:42.361+0000][1][safepoint    ] Application time: 1.0000783 seconds
[2019-12-09T02:54:42.361+0000][1][safepoint    ] Entering safepoint region: Cleanup
[2019-12-09T02:54:42.361+0000][1][safepoint    ] Leaving safepoint region
[2019-12-09T02:54:42.361+0000][1][safepoint    ] Total time for which application threads were stopped: 0.0000881 seconds, Stopping threads took: 0.0000192 seconds
[2019-12-09T02:54:43.361+0000][1][safepoint    ] Application time: 1.0000748 seconds
[2019-12-09T02:54:43.361+0000][1][safepoint    ] Entering safepoint region: Cleanup
[2019-12-09T02:54:43.361+0000][1][safepoint    ] Leaving safepoint region
[2019-12-09T02:54:43.361+0000][1][safepoint    ] Total time for which application threads were stopped: 0.0000856 seconds, Stopping threads took: 0.0000181 seconds
[2019-12-09T02:54:44.361+0000][1][safepoint    ] Application time: 1.0000774 seconds
[2019-12-09T02:54:44.361+0000][1][safepoint    ] Entering safepoint region: Cleanup
[2019-12-09T02:54:44.361+0000][1][safepoint    ] Leaving safepoint region
[2019-12-09T02:54:44.361+0000][1][safepoint    ] Total time for which application threads were stopped: 0.0000920 seconds, Stopping threads took: 0.0000175 seconds
[2019-12-09T02:54:45.361+0000][1][safepoint    ] Application time: 1.0000764 seconds
[2019-12-09T02:54:45.361+0000][1][safepoint    ] Entering safepoint region: Cleanup
[2019-12-09T02:54:45.362+0000][1][safepoint    ] Leaving safepoint region
[2019-12-09T02:54:45.362+0000][1][safepoint    ] Total time for which application threads were stopped: 0.0000912 seconds, Stopping threads took: 0.0000181 seconds
[2019-12-09T02:54:46.362+0000][1][safepoint    ] Application time: 1.0000748 seconds
[2019-12-09T02:54:46.362+0000][1][safepoint    ] Entering safepoint region: Cleanup
[2019-12-09T02:54:46.362+0000][1][safepoint    ] Leaving safepoint region
[2019-12-09T02:54:46.362+0000][1][safepoint    ] Total time for which application threads were stopped: 0.0000837 seconds, Stopping threads took: 0.0000201 seconds
[2019-12-09T02:54:47.362+0000][1][safepoint    ] Application time: 1.0000755 seconds
[2019-12-09T02:54:47.362+0000][1][safepoint    ] Entering safepoint region: Cleanup
[2019-12-09T02:54:47.362+0000][1][safepoint    ] Leaving safepoint region
[2019-12-09T02:54:47.362+0000][1][safepoint    ] Total time for which application threads were stopped: 0.0000841 seconds, Stopping threads took: 0.0000187 seconds
[2019-12-09T02:54:48.362+0000][1][safepoint    ] Application time: 1.0000768 seconds
[2019-12-09T02:54:48.362+0000][1][safepoint    ] Entering safepoint region: Cleanup
[2019-12-09T02:54:48.362+0000][1][safepoint    ] Leaving safepoint region
[2019-12-09T02:54:48.362+0000][1][safepoint    ] Total time for which application threads were stopped: 0.0000824 seconds, Stopping threads took: 0.0000168 seconds
[2019-12-09T02:54:49.366+0000][1][safepoint    ] Application time: 1.0035133 seconds
[2019-12-09T02:54:49.366+0000][1][safepoint    ] Entering safepoint region: Cleanup
[2019-12-09T02:54:49.366+0000][1][safepoint    ] Leaving safepoint region
[2019-12-09T02:54:49.366+0000][1][safepoint    ] Total time for which application threads were stopped: 0.0001093 seconds, Stopping threads took: 0.0000240 seconds
[2019-12-09T02:54:50.366+0000][1][safepoint    ] Application time: 1.0000758 seconds
[2019-12-09T02:54:50.366+0000][1][safepoint    ] Entering safepoint region: Cleanup
[2019-12-09T02:54:50.366+0000][1][safepoint    ] Leaving safepoint region
[2019-12-09T02:54:50.366+0000][1][safepoint    ] Total time for which application threads were stopped: 0.0000815 seconds, Stopping threads took: 0.0000176 seconds
[2019-12-09T02:54:51.366+0000][1][safepoint    ] Application time: 1.0000778 seconds
[2019-12-09T02:54:51.366+0000][1][safepoint    ] Entering safepoint region: Cleanup
[2019-12-09T02:54:51.366+0000][1][safepoint    ] Leaving safepoint region
[2019-12-09T02:54:51.366+0000][1][safepoint    ] Total time for which application threads were stopped: 0.0000964 seconds, Stopping threads took: 0.0000258 seconds
[2019-12-09T02:54:52.366+0000][1][safepoint    ] Application time: 1.0000795 seconds
[2019-12-09T02:54:52.366+0000][1][safepoint    ] Entering safepoint region: Cleanup
[2019-12-09T02:54:52.366+0000][1][safepoint    ] Leaving safepoint region
[2019-12-09T02:54:52.366+0000][1][safepoint    ] Total time for which application threads were stopped: 0.0000950 seconds, Stopping threads took: 0.0000230 seconds
[2019-12-09T02:54:53.367+0000][1][safepoint    ] Application time: 1.0000775 seconds
[2019-12-09T02:54:53.367+0000][1][safepoint    ] Entering safepoint region: Cleanup
[2019-12-09T02:54:53.367+0000][1][safepoint    ] Leaving safepoint region
[2019-12-09T02:54:53.367+0000][1][safepoint    ] Total time for which application threads were stopped: 0.0001085 seconds, Stopping threads took: 0.0000197 seconds
[2019-12-09T02:54:54.367+0000][1][safepoint    ] Application time: 1.0000750 seconds
[2019-12-09T02:54:54.367+0000][1][safepoint    ] Entering safepoint region: Cleanup
[2019-12-09T02:54:54.367+0000][1][safepoint    ] Leaving safepoint region
[2019-12-09T02:54:54.367+0000][1][safepoint    ] Total time for which application threads were stopped: 0.0000844 seconds, Stopping threads took: 0.0000179 seconds
[2019-12-09T02:54:55.367+0000][1][safepoint    ] Application time: 1.0000742 seconds
[2019-12-09T02:54:55.367+0000][1][safepoint    ] Entering safepoint region: Cleanup
[2019-12-09T02:54:55.367+0000][1][safepoint    ] Leaving safepoint region
[2019-12-09T02:54:55.367+0000][1][safepoint    ] Total time for which application threads were stopped: 0.0000882 seconds, Stopping threads took: 0.0000182 seconds
[2019-12-09T02:54:56.367+0000][1][safepoint    ] Application time: 1.0000746 seconds
[2019-12-09T02:54:56.367+0000][1][safepoint    ] Entering safepoint region: Cleanup
[2019-12-09T02:54:56.367+0000][1][safepoint    ] Leaving safepoint region
[2019-12-09T02:54:56.367+0000][1][safepoint    ] Total time for which application threads were stopped: 0.0000867 seconds, Stopping threads took: 0.0000188 seconds
[2019-12-09T02:54:57.367+0000][1][safepoint    ] Application time: 1.0000762 seconds
[2019-12-09T02:54:57.367+0000][1][safepoint    ] Entering safepoint region: Cleanup
[2019-12-09T02:54:57.368+0000][1][safepoint    ] Leaving safepoint region
[2019-12-09T02:54:57.368+0000][1][safepoint    ] Total time for which application threads were stopped: 0.0000955 seconds, Stopping threads took: 0.0000182 seconds
[2019-12-09T02:54:58.368+0000][1][safepoint    ] Application time: 1.0000735 seconds
[2019-12-09T02:54:58.368+0000][1][safepoint    ] Entering safepoint region: Cleanup
[2019-12-09T02:54:58.368+0000][1][safepoint    ] Leaving safepoint region
[2019-12-09T02:54:58.368+0000][1][safepoint    ] Total time for which application threads were stopped: 0.0000951 seconds, Stopping threads took: 0.0000287 seconds
[2019-12-09T02:54:59.368+0000][1][safepoint    ] Application time: 1.0000756 seconds
[2019-12-09T02:54:59.368+0000][1][safepoint    ] Entering safepoint region: Cleanup
[2019-12-09T02:54:59.368+0000][1][safepoint    ] Leaving safepoint region
[2019-12-09T02:54:59.368+0000][1][safepoint    ] Total time for which application threads were stopped: 0.0000914 seconds, Stopping threads took: 0.0000180 seconds
[2019-12-09T02:55:00.368+0000][1][safepoint    ] Application time: 1.0000744 seconds
[2019-12-09T02:55:00.368+0000][1][safepoint    ] Entering safepoint region: Cleanup
[2019-12-09T02:55:00.368+0000][1][safepoint    ] Leaving safepoint region
[2019-12-09T02:55:00.368+0000][1][safepoint    ] Total time for which application threads were stopped: 0.0000820 seconds, Stopping threads took: 0.0000181 seconds
[2019-12-09T02:55:01.368+0000][1][safepoint    ] Application time: 1.0000841 seconds
[2019-12-09T02:55:01.368+0000][1][safepoint    ] Entering safepoint region: Cleanup
[2019-12-09T02:55:01.368+0000][1][safepoint    ] Leaving safepoint region
[2019-12-09T02:55:01.368+0000][1][safepoint    ] Total time for which application threads were stopped: 0.0001328 seconds, Stopping threads took: 0.0000368 seconds
[2019-12-09T02:55:02.369+0000][1][safepoint    ] Application time: 1.0000788 seconds
[2019-12-09T02:55:02.369+0000][1][safepoint    ] Entering safepoint region: Cleanup
[2019-12-09T02:55:02.369+0000][1][safepoint    ] Leaving safepoint region
[2019-12-09T02:55:02.369+0000][1][safepoint    ] Total time for which application threads were stopped: 0.0000900 seconds, Stopping threads took: 0.0000195 seconds
[2019-12-09T02:55:03.369+0000][1][safepoint    ] Application time: 1.0000760 seconds
[2019-12-09T02:55:03.369+0000][1][safepoint    ] Entering safepoint region: Cleanup
[2019-12-09T02:55:03.369+0000][1][safepoint    ] Leaving safepoint region
[2019-12-09T02:55:03.369+0000][1][safepoint    ] Total time for which application threads were stopped: 0.0000871 seconds, Stopping threads took: 0.0000194 seconds
[2019-12-09T02:55:04.369+0000][1][safepoint    ] Application time: 1.0000775 seconds
[2019-12-09T02:55:04.369+0000][1][safepoint    ] Entering safepoint region: Cleanup
[2019-12-09T02:55:04.369+0000][1][safepoint    ] Leaving safepoint region
[2019-12-09T02:55:04.369+0000][1][safepoint    ] Total time for which application threads were stopped: 0.0000923 seconds, Stopping threads took: 0.0000189 seconds
[2019-12-09T02:55:05.369+0000][1][safepoint    ] Application time: 1.0000765 seconds
[2019-12-09T02:55:05.369+0000][1][safepoint    ] Entering safepoint region: Cleanup
[2019-12-09T02:55:05.369+0000][1][safepoint    ] Leaving safepoint region
[2019-12-09T02:55:05.369+0000][1][safepoint    ] Total time for which application threads were stopped: 0.0000851 seconds, Stopping threads took: 0.0000187 seconds
[2019-12-09T02:55:06.369+0000][1][safepoint    ] Application time: 1.0000780 seconds
[2019-12-09T02:55:06.369+0000][1][safepoint    ] Entering safepoint region: Cleanup
[2019-12-09T02:55:06.369+0000][1][safepoint    ] Leaving safepoint region
[2019-12-09T02:55:06.369+0000][1][safepoint    ] Total time for which application threads were stopped: 0.0000835 seconds, Stopping threads took: 0.0000182 seconds
[2019-12-09T02:55:07.370+0000][1][safepoint    ] Application time: 1.0000776 seconds
[2019-12-09T02:55:07.370+0000][1][safepoint    ] Entering safepoint region: Cleanup
[2019-12-09T02:55:07.370+0000][1][safepoint    ] Leaving safepoint region
[2019-12-09T02:55:07.370+0000][1][safepoint    ] Total time for which application threads were stopped: 0.0000989 seconds, Stopping threads took: 0.0000201 seconds
[2019-12-09T02:55:08.370+0000][1][safepoint    ] Application time: 1.0000785 seconds
[2019-12-09T02:55:08.370+0000][1][safepoint    ] Entering safepoint region: Cleanup
[2019-12-09T02:55:08.370+0000][1][safepoint    ] Leaving safepoint region
[2019-12-09T02:55:08.370+0000][1][safepoint    ] Total time for which application threads were stopped: 0.0000862 seconds, Stopping threads took: 0.0000189 seconds
[2019-12-09T02:55:09.370+0000][1][safepoint    ] Application time: 1.0000751 seconds
[2019-12-09T02:55:09.370+0000][1][safepoint    ] Entering safepoint region: Cleanup
[2019-12-09T02:55:09.370+0000][1][safepoint    ] Leaving safepoint region
[2019-12-09T02:55:09.370+0000][1][safepoint    ] Total time for which application threads were stopped: 0.0000847 seconds, Stopping threads took: 0.0000177 seconds
[2019-12-09T02:55:10.370+0000][1][safepoint    ] Application time: 1.0000763 seconds
[2019-12-09T02:55:10.370+0000][1][safepoint    ] Entering safepoint region: Cleanup
[2019-12-09T02:55:10.370+0000][1][safepoint    ] Leaving safepoint region
[2019-12-09T02:55:10.370+0000][1][safepoint    ] Total time for which application threads were stopped: 0.0000819 seconds, Stopping threads took: 0.0000169 seconds
[2019-12-09T02:55:11.370+0000][1][safepoint    ] Application time: 1.0000772 seconds
[2019-12-09T02:55:11.370+0000][1][safepoint    ] Entering safepoint region: Cleanup
[2019-12-09T02:55:11.371+0000][1][safepoint    ] Leaving safepoint region
[2019-12-09T02:55:11.371+0000][1][safepoint    ] Total time for which application threads were stopped: 0.0000885 seconds, Stopping threads took: 0.0000171 seconds
[2019-12-09T02:55:12.371+0000][1][safepoint    ] Application time: 1.0000775 seconds
[2019-12-09T02:55:12.371+0000][1][safepoint    ] Entering safepoint region: Cleanup
[2019-12-09T02:55:12.371+0000][1][safepoint    ] Leaving safepoint region
[2019-12-09T02:55:12.371+0000][1][safepoint    ] Total time for which application threads were stopped: 0.0000935 seconds, Stopping threads took: 0.0000181 seconds
[2019-12-09T02:55:13.371+0000][1][safepoint    ] Application time: 1.0000751 seconds
[2019-12-09T02:55:13.371+0000][1][safepoint    ] Entering safepoint region: Cleanup
[2019-12-09T02:55:13.371+0000][1][safepoint    ] Leaving safepoint region
[2019-12-09T02:55:13.371+0000][1][safepoint    ] Total time for which application threads were stopped: 0.0000814 seconds, Stopping threads took: 0.0000171 seconds
[2019-12-09T02:55:14.371+0000][1][safepoint    ] Application time: 1.0000749 seconds
[2019-12-09T02:55:14.371+0000][1][safepoint    ] Entering safepoint region: Cleanup
[2019-12-09T02:55:14.371+0000][1][safepoint    ] Leaving safepoint region
[2019-12-09T02:55:14.371+0000][1][safepoint    ] Total time for which application threads were stopped: 0.0000860 seconds, Stopping threads took: 0.0000187 seconds
[2019-12-09T02:55:15.371+0000][1][safepoint    ] Application time: 1.0000781 seconds
[2019-12-09T02:55:15.371+0000][1][safepoint    ] Entering safepoint region: Cleanup
[2019-12-09T02:55:15.371+0000][1][safepoint    ] Leaving safepoint region
[2019-12-09T02:55:15.371+0000][1][safepoint    ] Total time for which application threads were stopped: 0.0000826 seconds, Stopping threads took: 0.0000181 seconds
[2019-12-09T02:55:16.371+0000][1][safepoint    ] Application time: 1.0000786 seconds
[2019-12-09T02:55:16.371+0000][1][safepoint    ] Entering safepoint region: Cleanup
[2019-12-09T02:55:16.372+0000][1][safepoint    ] Leaving safepoint region
[2019-12-09T02:55:16.372+0000][1][safepoint    ] Total time for which application threads were stopped: 0.0000851 seconds, Stopping threads took: 0.0000179 seconds
[2019-12-09T02:55:17.372+0000][1][safepoint    ] Application time: 1.0000791 seconds
[2019-12-09T02:55:17.372+0000][1][safepoint    ] Entering safepoint region: Cleanup
[2019-12-09T02:55:17.372+0000][1][safepoint    ] Leaving safepoint region
[2019-12-09T02:55:17.372+0000][1][safepoint    ] Total time for which application threads were stopped: 0.0000842 seconds, Stopping threads took: 0.0000190 seconds
[2019-12-09T02:55:18.372+0000][1][safepoint    ] Application time: 1.0000785 seconds
[2019-12-09T02:55:18.372+0000][1][safepoint    ] Entering safepoint region: Cleanup
[2019-12-09T02:55:18.372+0000][1][safepoint    ] Leaving safepoint region
[2019-12-09T02:55:18.372+0000][1][safepoint    ] Total time for which application threads were stopped: 0.0000845 seconds, Stopping threads took: 0.0000189 seconds
[2019-12-09T02:55:18.447+0000][1][safepoint    ] Application time: 0.0750602 seconds
[2019-12-09T02:55:18.447+0000][1][safepoint    ] Entering safepoint region: GenCollectForAllocation
[2019-12-09T02:55:18.447+0000][1][gc,start     ] GC(26) Pause Young (Allocation Failure)
[2019-12-09T02:55:18.447+0000][1][gc,task      ] GC(26) Using 2 workers of 2 for evacuation
[2019-12-09T02:55:18.454+0000][1][gc,age       ] GC(26) Desired survivor size 4456448 bytes, new threshold 6 (max threshold 6)
[2019-12-09T02:55:18.454+0000][1][gc,age       ] GC(26) Age table with threshold 6 (max threshold 6)
[2019-12-09T02:55:18.454+0000][1][gc,age       ] GC(26) - age   1:      78248 bytes,      78248 total
[2019-12-09T02:55:18.454+0000][1][gc,age       ] GC(26) - age   2:     399768 bytes,     478016 total
[2019-12-09T02:55:18.454+0000][1][gc,age       ] GC(26) - age   3:    1922424 bytes,    2400440 total
[2019-12-09T02:55:18.454+0000][1][gc,heap      ] GC(26) ParNew: 75824K->3089K(78656K)
[2019-12-09T02:55:18.454+0000][1][gc,heap      ] GC(26) CMS: 67571K->67571K(174784K)
[2019-12-09T02:55:18.454+0000][1][gc,metaspace ] GC(26) Metaspace: 70802K->70802K(1114112K)
[2019-12-09T02:55:18.454+0000][1][gc           ] GC(26) Pause Young (Allocation Failure) 140M->69M(247M) 6.672ms
[2019-12-09T02:55:18.454+0000][1][gc,cpu       ] GC(26) User=0.02s Sys=0.00s Real=0.00s
[2019-12-09T02:55:18.454+0000][1][safepoint    ] Leaving safepoint region
[2019-12-09T02:55:18.454+0000][1][safepoint    ] Total time for which application threads were stopped: 0.0068596 seconds, Stopping threads took: 0.0000199 seconds
[2019-12-09T02:55:19.454+0000][1][safepoint    ] Application time: 1.0000865 seconds
[2019-12-09T02:55:19.454+0000][1][safepoint    ] Entering safepoint region: Cleanup
[2019-12-09T02:55:19.454+0000][1][safepoint    ] Leaving safepoint region
[2019-12-09T02:55:19.454+0000][1][safepoint    ] Total time for which application threads were stopped: 0.0000832 seconds, Stopping threads took: 0.0000182 seconds
[2019-12-09T02:55:20.454+0000][1][safepoint    ] Application time: 1.0000876 seconds
[2019-12-09T02:55:20.454+0000][1][safepoint    ] Entering safepoint region: Cleanup
[2019-12-09T02:55:20.454+0000][1][safepoint    ] Leaving safepoint region
[2019-12-09T02:55:20.454+0000][1][safepoint    ] Total time for which application threads were stopped: 0.0000853 seconds, Stopping threads took: 0.0000183 seconds
[2019-12-09T02:55:21.454+0000][1][safepoint    ] Application time: 1.0000744 seconds
[2019-12-09T02:55:21.455+0000][1][safepoint    ] Entering safepoint region: Cleanup
[2019-12-09T02:55:21.455+0000][1][safepoint    ] Leaving safepoint region
[2019-12-09T02:55:21.455+0000][1][safepoint    ] Total time for which application threads were stopped: 0.0001025 seconds, Stopping threads took: 0.0000175 seconds
[2019-12-09T02:55:22.455+0000][1][safepoint    ] Application time: 1.0000868 seconds
[2019-12-09T02:55:22.455+0000][1][safepoint    ] Entering safepoint region: Cleanup
[2019-12-09T02:55:22.455+0000][1][safepoint    ] Leaving safepoint region
[2019-12-09T02:55:22.455+0000][1][safepoint    ] Total time for which application threads were stopped: 0.0000882 seconds, Stopping threads took: 0.0000241 seconds
[2019-12-09T02:55:23.455+0000][1][safepoint    ] Application time: 1.0000772 seconds
[2019-12-09T02:55:23.455+0000][1][safepoint    ] Entering safepoint region: Cleanup
[2019-12-09T02:55:23.455+0000][1][safepoint    ] Leaving safepoint region
[2019-12-09T02:55:23.455+0000][1][safepoint    ] Total time for which application threads were stopped: 0.0000828 seconds, Stopping threads took: 0.0000178 seconds
[2019-12-09T02:55:24.455+0000][1][safepoint    ] Application time: 1.0000739 seconds
[2019-12-09T02:55:24.455+0000][1][safepoint    ] Entering safepoint region: Cleanup
[2019-12-09T02:55:24.455+0000][1][safepoint    ] Leaving safepoint region
[2019-12-09T02:55:24.455+0000][1][safepoint    ] Total time for which application threads were stopped: 0.0000992 seconds, Stopping threads took: 0.0000191 seconds
[2019-12-09T02:55:25.455+0000][1][safepoint    ] Application time: 1.0000778 seconds
[2019-12-09T02:55:25.455+0000][1][safepoint    ] Entering safepoint region: Cleanup
[2019-12-09T02:55:25.455+0000][1][safepoint    ] Leaving safepoint region
[2019-12-09T02:55:25.455+0000][1][safepoint    ] Total time for which application threads were stopped: 0.0000891 seconds, Stopping threads took: 0.0000183 seconds
[2019-12-09T02:55:26.456+0000][1][safepoint    ] Application time: 1.0000754 seconds
[2019-12-09T02:55:26.456+0000][1][safepoint    ] Entering safepoint region: Cleanup
[2019-12-09T02:55:26.456+0000][1][safepoint    ] Leaving safepoint region
[2019-12-09T02:55:26.456+0000][1][safepoint    ] Total time for which application threads were stopped: 0.0000863 seconds, Stopping threads took: 0.0000214 seconds
[2019-12-09T02:55:27.456+0000][1][safepoint    ] Application time: 1.0000743 seconds
[2019-12-09T02:55:27.456+0000][1][safepoint    ] Entering safepoint region: Cleanup
[2019-12-09T02:55:27.456+0000][1][safepoint    ] Leaving safepoint region
[2019-12-09T02:55:27.456+0000][1][safepoint    ] Total time for which application threads were stopped: 0.0000847 seconds, Stopping threads took: 0.0000182 seconds
[2019-12-09T02:55:28.456+0000][1][safepoint    ] Application time: 1.0000737 seconds
[2019-12-09T02:55:28.456+0000][1][safepoint    ] Entering safepoint region: Cleanup
[2019-12-09T02:55:28.456+0000][1][safepoint    ] Leaving safepoint region
[2019-12-09T02:55:28.456+0000][1][safepoint    ] Total time for which application threads were stopped: 0.0000846 seconds, Stopping threads took: 0.0000173 seconds
[2019-12-09T02:55:29.456+0000][1][safepoint    ] Application time: 1.0000757 seconds
[2019-12-09T02:55:29.456+0000][1][safepoint    ] Entering safepoint region: Cleanup
[2019-12-09T02:55:29.456+0000][1][safepoint    ] Leaving safepoint region
[2019-12-09T02:55:29.456+0000][1][safepoint    ] Total time for which application threads were stopped: 0.0000878 seconds, Stopping threads took: 0.0000175 seconds
[2019-12-09T02:55:30.456+0000][1][safepoint    ] Application time: 1.0000759 seconds
[2019-12-09T02:55:30.456+0000][1][safepoint    ] Entering safepoint region: Cleanup
[2019-12-09T02:55:30.456+0000][1][safepoint    ] Leaving safepoint region
[2019-12-09T02:55:30.456+0000][1][safepoint    ] Total time for which application threads were stopped: 0.0000849 seconds, Stopping threads took: 0.0000188 seconds
[2019-12-09T02:55:31.457+0000][1][safepoint    ] Application time: 1.0000770 seconds
[2019-12-09T02:55:31.457+0000][1][safepoint    ] Entering safepoint region: Cleanup
[2019-12-09T02:55:31.457+0000][1][safepoint    ] Leaving safepoint region
[2019-12-09T02:55:31.457+0000][1][safepoint    ] Total time for which application threads were stopped: 0.0000939 seconds, Stopping threads took: 0.0000183 seconds
[2019-12-09T02:55:32.457+0000][1][safepoint    ] Application time: 1.0000768 seconds
[2019-12-09T02:55:32.457+0000][1][safepoint    ] Entering safepoint region: Cleanup
[2019-12-09T02:55:32.457+0000][1][safepoint    ] Leaving safepoint region
[2019-12-09T02:55:32.457+0000][1][safepoint    ] Total time for which application threads were stopped: 0.0000813 seconds, Stopping threads took: 0.0000182 seconds
[2019-12-09T02:55:33.457+0000][1][safepoint    ] Application time: 1.0000758 seconds
[2019-12-09T02:55:33.457+0000][1][safepoint    ] Entering safepoint region: Cleanup
[2019-12-09T02:55:33.457+0000][1][safepoint    ] Leaving safepoint region
[2019-12-09T02:55:33.457+0000][1][safepoint    ] Total time for which application threads were stopped: 0.0000804 seconds, Stopping threads took: 0.0000175 seconds
[2019-12-09T02:55:34.457+0000][1][safepoint    ] Application time: 1.0000763 seconds
[2019-12-09T02:55:34.457+0000][1][safepoint    ] Entering safepoint region: Cleanup
[2019-12-09T02:55:34.457+0000][1][safepoint    ] Leaving safepoint region
[2019-12-09T02:55:34.457+0000][1][safepoint    ] Total time for which application threads were stopped: 0.0000816 seconds, Stopping threads took: 0.0000181 seconds
[2019-12-09T02:55:35.457+0000][1][safepoint    ] Application time: 1.0000822 seconds
[2019-12-09T02:55:35.457+0000][1][safepoint    ] Entering safepoint region: Cleanup
[2019-12-09T02:55:35.458+0000][1][safepoint    ] Leaving safepoint region
[2019-12-09T02:55:35.458+0000][1][safepoint    ] Total time for which application threads were stopped: 0.0001306 seconds, Stopping threads took: 0.0000247 seconds
[2019-12-09T02:55:36.458+0000][1][safepoint    ] Application time: 1.0000784 seconds
[2019-12-09T02:55:36.458+0000][1][safepoint    ] Entering safepoint region: Cleanup
[2019-12-09T02:55:36.458+0000][1][safepoint    ] Leaving safepoint region
[2019-12-09T02:55:36.458+0000][1][safepoint    ] Total time for which application threads were stopped: 0.0000917 seconds, Stopping threads took: 0.0000203 seconds
[2019-12-09T02:55:37.458+0000][1][safepoint    ] Application time: 1.0000776 seconds
[2019-12-09T02:55:37.458+0000][1][safepoint    ] Entering safepoint region: Cleanup
[2019-12-09T02:55:37.458+0000][1][safepoint    ] Leaving safepoint region
[2019-12-09T02:55:37.458+0000][1][safepoint    ] Total time for which application threads were stopped: 0.0000812 seconds, Stopping threads took: 0.0000186 seconds
[2019-12-09T02:55:38.458+0000][1][safepoint    ] Application time: 1.0000769 seconds
[2019-12-09T02:55:38.458+0000][1][safepoint    ] Entering safepoint region: Cleanup
[2019-12-09T02:55:38.458+0000][1][safepoint    ] Leaving safepoint region
[2019-12-09T02:55:38.458+0000][1][safepoint    ] Total time for which application threads were stopped: 0.0000861 seconds, Stopping threads took: 0.0000195 seconds
[2019-12-09T02:55:39.458+0000][1][safepoint    ] Application time: 1.0000768 seconds
[2019-12-09T02:55:39.458+0000][1][safepoint    ] Entering safepoint region: Cleanup
[2019-12-09T02:55:39.458+0000][1][safepoint    ] Leaving safepoint region
[2019-12-09T02:55:39.458+0000][1][safepoint    ] Total time for which application threads were stopped: 0.0000845 seconds, Stopping threads took: 0.0000168 seconds
[2019-12-09T02:55:40.459+0000][1][safepoint    ] Application time: 1.0000761 seconds
[2019-12-09T02:55:40.459+0000][1][safepoint    ] Entering safepoint region: Cleanup
[2019-12-09T02:55:40.459+0000][1][safepoint    ] Leaving safepoint region
[2019-12-09T02:55:40.459+0000][1][safepoint    ] Total time for which application threads were stopped: 0.0000886 seconds, Stopping threads took: 0.0000180 seconds
[2019-12-09T02:55:41.459+0000][1][safepoint    ] Application time: 1.0000774 seconds
[2019-12-09T02:55:41.459+0000][1][safepoint    ] Entering safepoint region: Cleanup
[2019-12-09T02:55:41.459+0000][1][safepoint    ] Leaving safepoint region
[2019-12-09T02:55:41.459+0000][1][safepoint    ] Total time for which application threads were stopped: 0.0000930 seconds, Stopping threads took: 0.0000191 seconds
[2019-12-09T02:55:42.459+0000][1][safepoint    ] Application time: 1.0000775 seconds
[2019-12-09T02:55:42.459+0000][1][safepoint    ] Entering safepoint region: Cleanup
[2019-12-09T02:55:42.459+0000][1][safepoint    ] Leaving safepoint region
[2019-12-09T02:55:42.459+0000][1][safepoint    ] Total time for which application threads were stopped: 0.0000836 seconds, Stopping threads took: 0.0000183 seconds
[2019-12-09T02:55:43.459+0000][1][safepoint    ] Application time: 1.0000756 seconds
[2019-12-09T02:55:43.459+0000][1][safepoint    ] Entering safepoint region: Cleanup
[2019-12-09T02:55:43.459+0000][1][safepoint    ] Leaving safepoint region
[2019-12-09T02:55:43.459+0000][1][safepoint    ] Total time for which application threads were stopped: 0.0000841 seconds, Stopping threads took: 0.0000192 seconds
[2019-12-09T02:55:44.459+0000][1][safepoint    ] Application time: 1.0000877 seconds
[2019-12-09T02:55:44.459+0000][1][safepoint    ] Entering safepoint region: Cleanup
[2019-12-09T02:55:44.460+0000][1][safepoint    ] Leaving safepoint region
[2019-12-09T02:55:44.460+0000][1][safepoint    ] Total time for which application threads were stopped: 0.0001208 seconds, Stopping threads took: 0.0000252 seconds
[2019-12-09T02:55:45.460+0000][1][safepoint    ] Application time: 1.0000878 seconds
[2019-12-09T02:55:45.460+0000][1][safepoint    ] Entering safepoint region: Cleanup
[2019-12-09T02:55:45.460+0000][1][safepoint    ] Leaving safepoint region
[2019-12-09T02:55:45.460+0000][1][safepoint    ] Total time for which application threads were stopped: 0.0001456 seconds, Stopping threads took: 0.0000411 seconds
[2019-12-09T02:55:46.460+0000][1][safepoint    ] Application time: 1.0000865 seconds
[2019-12-09T02:55:46.460+0000][1][safepoint    ] Entering safepoint region: Cleanup
[2019-12-09T02:55:46.460+0000][1][safepoint    ] Leaving safepoint region
[2019-12-09T02:55:46.460+0000][1][safepoint    ] Total time for which application threads were stopped: 0.0001197 seconds, Stopping threads took: 0.0000251 seconds
[2019-12-09T02:55:47.460+0000][1][safepoint    ] Application time: 1.0000753 seconds
[2019-12-09T02:55:47.460+0000][1][safepoint    ] Entering safepoint region: Cleanup
[2019-12-09T02:55:47.460+0000][1][safepoint    ] Leaving safepoint region
[2019-12-09T02:55:47.460+0000][1][safepoint    ] Total time for which application threads were stopped: 0.0000856 seconds, Stopping threads took: 0.0000189 seconds
[2019-12-09T02:55:48.460+0000][1][safepoint    ] Application time: 1.0000904 seconds
[2019-12-09T02:55:48.460+0000][1][safepoint    ] Entering safepoint region: Cleanup
[2019-12-09T02:55:48.461+0000][1][safepoint    ] Leaving safepoint region
[2019-12-09T02:55:48.461+0000][1][safepoint    ] Total time for which application threads were stopped: 0.0001105 seconds, Stopping threads took: 0.0000247 seconds
[2019-12-09T02:55:49.461+0000][1][safepoint    ] Application time: 1.0000763 seconds
[2019-12-09T02:55:49.461+0000][1][safepoint    ] Entering safepoint region: Cleanup
[2019-12-09T02:55:49.461+0000][1][safepoint    ] Leaving safepoint region
[2019-12-09T02:55:49.461+0000][1][safepoint    ] Total time for which application threads were stopped: 0.0000930 seconds, Stopping threads took: 0.0000194 seconds
[2019-12-09T02:55:50.461+0000][1][safepoint    ] Application time: 1.0000761 seconds
[2019-12-09T02:55:50.461+0000][1][safepoint    ] Entering safepoint region: Cleanup
[2019-12-09T02:55:50.461+0000][1][safepoint    ] Leaving safepoint region
[2019-12-09T02:55:50.461+0000][1][safepoint    ] Total time for which application threads were stopped: 0.0000857 seconds, Stopping threads took: 0.0000179 seconds
[2019-12-09T02:55:51.461+0000][1][safepoint    ] Application time: 1.0000768 seconds
[2019-12-09T02:55:51.461+0000][1][safepoint    ] Entering safepoint region: Cleanup
[2019-12-09T02:55:51.461+0000][1][safepoint    ] Leaving safepoint region
[2019-12-09T02:55:51.461+0000][1][safepoint    ] Total time for which application threads were stopped: 0.0000946 seconds, Stopping threads took: 0.0000178 seconds
[2019-12-09T02:55:52.461+0000][1][safepoint    ] Application time: 1.0000777 seconds
[2019-12-09T02:55:52.461+0000][1][safepoint    ] Entering safepoint region: Cleanup
[2019-12-09T02:55:52.461+0000][1][safepoint    ] Leaving safepoint region
[2019-12-09T02:55:52.461+0000][1][safepoint    ] Total time for which application threads were stopped: 0.0000903 seconds, Stopping threads took: 0.0000246 seconds
[2019-12-09T02:55:53.461+0000][1][safepoint    ] Application time: 1.0000760 seconds
[2019-12-09T02:55:53.462+0000][1][safepoint    ] Entering safepoint region: Cleanup
[2019-12-09T02:55:53.462+0000][1][safepoint    ] Leaving safepoint region
[2019-12-09T02:55:53.462+0000][1][safepoint    ] Total time for which application threads were stopped: 0.0000871 seconds, Stopping threads took: 0.0000186 seconds
[2019-12-09T02:55:54.462+0000][1][safepoint    ] Application time: 1.0002230 seconds
[2019-12-09T02:55:54.462+0000][1][safepoint    ] Entering safepoint region: Cleanup
[2019-12-09T02:55:54.462+0000][1][safepoint    ] Leaving safepoint region
[2019-12-09T02:55:54.462+0000][1][safepoint    ] Total time for which application threads were stopped: 0.0001189 seconds, Stopping threads took: 0.0000278 seconds
[2019-12-09T02:55:55.462+0000][1][safepoint    ] Application time: 1.0000766 seconds
[2019-12-09T02:55:55.462+0000][1][safepoint    ] Entering safepoint region: Cleanup
[2019-12-09T02:55:55.462+0000][1][safepoint    ] Leaving safepoint region
[2019-12-09T02:55:55.462+0000][1][safepoint    ] Total time for which application threads were stopped: 0.0000925 seconds, Stopping threads took: 0.0000181 seconds
[2019-12-09T02:55:56.462+0000][1][safepoint    ] Application time: 1.0000748 seconds
[2019-12-09T02:55:56.462+0000][1][safepoint    ] Entering safepoint region: Cleanup
[2019-12-09T02:55:56.462+0000][1][safepoint    ] Leaving safepoint region
[2019-12-09T02:55:56.462+0000][1][safepoint    ] Total time for which application threads were stopped: 0.0000945 seconds, Stopping threads took: 0.0000182 seconds
[2019-12-09T02:55:57.462+0000][1][safepoint    ] Application time: 1.0000754 seconds
[2019-12-09T02:55:57.463+0000][1][safepoint    ] Entering safepoint region: Cleanup
[2019-12-09T02:55:57.463+0000][1][safepoint    ] Leaving safepoint region
[2019-12-09T02:55:57.463+0000][1][safepoint    ] Total time for which application threads were stopped: 0.0000904 seconds, Stopping threads took: 0.0000260 seconds
[2019-12-09T02:55:58.463+0000][1][safepoint    ] Application time: 1.0000776 seconds
[2019-12-09T02:55:58.463+0000][1][safepoint    ] Entering safepoint region: Cleanup
[2019-12-09T02:55:58.463+0000][1][safepoint    ] Leaving safepoint region
[2019-12-09T02:55:58.463+0000][1][safepoint    ] Total time for which application threads were stopped: 0.0000917 seconds, Stopping threads took: 0.0000192 seconds
[2019-12-09T02:55:59.463+0000][1][safepoint    ] Application time: 1.0000768 seconds
[2019-12-09T02:55:59.463+0000][1][safepoint    ] Entering safepoint region: Cleanup
[2019-12-09T02:55:59.463+0000][1][safepoint    ] Leaving safepoint region
[2019-12-09T02:55:59.463+0000][1][safepoint    ] Total time for which application threads were stopped: 0.0000915 seconds, Stopping threads took: 0.0000177 seconds
[2019-12-09T02:56:00.463+0000][1][safepoint    ] Application time: 1.0000774 seconds
[2019-12-09T02:56:00.463+0000][1][safepoint    ] Entering safepoint region: Cleanup
[2019-12-09T02:56:00.463+0000][1][safepoint    ] Leaving safepoint region
[2019-12-09T02:56:00.463+0000][1][safepoint    ] Total time for which application threads were stopped: 0.0000929 seconds, Stopping threads took: 0.0000190 seconds
[2019-12-09T02:56:01.463+0000][1][safepoint    ] Application time: 1.0000681 seconds
[2019-12-09T02:56:01.463+0000][1][safepoint    ] Entering safepoint region: Cleanup
[2019-12-09T02:56:01.464+0000][1][safepoint    ] Leaving safepoint region
[2019-12-09T02:56:01.464+0000][1][safepoint    ] Total time for which application threads were stopped: 0.0001195 seconds, Stopping threads took: 0.0000270 seconds
[2019-12-09T02:56:02.464+0000][1][safepoint    ] Application time: 1.0000791 seconds
[2019-12-09T02:56:02.464+0000][1][safepoint    ] Entering safepoint region: Cleanup
[2019-12-09T02:56:02.464+0000][1][safepoint    ] Leaving safepoint region
[2019-12-09T02:56:02.464+0000][1][safepoint    ] Total time for which application threads were stopped: 0.0001076 seconds, Stopping threads took: 0.0000266 seconds
[2019-12-09T02:56:03.464+0000][1][safepoint    ] Application time: 1.0000791 seconds
[2019-12-09T02:56:03.464+0000][1][safepoint    ] Entering safepoint region: Cleanup
[2019-12-09T02:56:03.464+0000][1][safepoint    ] Leaving safepoint region
[2019-12-09T02:56:03.464+0000][1][safepoint    ] Total time for which application threads were stopped: 0.0000836 seconds, Stopping threads took: 0.0000180 seconds
[2019-12-09T02:56:04.464+0000][1][safepoint    ] Application time: 1.0000779 seconds
[2019-12-09T02:56:04.464+0000][1][safepoint    ] Entering safepoint region: Cleanup
[2019-12-09T02:56:04.464+0000][1][safepoint    ] Leaving safepoint region
[2019-12-09T02:56:04.464+0000][1][safepoint    ] Total time for which application threads were stopped: 0.0000860 seconds, Stopping threads took: 0.0000182 seconds
[2019-12-09T02:56:05.464+0000][1][safepoint    ] Application time: 1.0000780 seconds
[2019-12-09T02:56:05.464+0000][1][safepoint    ] Entering safepoint region: Cleanup
[2019-12-09T02:56:05.464+0000][1][safepoint    ] Leaving safepoint region
[2019-12-09T02:56:05.464+0000][1][safepoint    ] Total time for which application threads were stopped: 0.0000894 seconds, Stopping threads took: 0.0000188 seconds
[2019-12-09T02:56:06.464+0000][1][safepoint    ] Application time: 1.0000776 seconds
[2019-12-09T02:56:06.465+0000][1][safepoint    ] Entering safepoint region: Cleanup
[2019-12-09T02:56:06.465+0000][1][safepoint    ] Leaving safepoint region
[2019-12-09T02:56:06.465+0000][1][safepoint    ] Total time for which application threads were stopped: 0.0000901 seconds, Stopping threads took: 0.0000184 seconds
[2019-12-09T02:56:07.465+0000][1][safepoint    ] Application time: 1.0000843 seconds
[2019-12-09T02:56:07.465+0000][1][safepoint    ] Entering safepoint region: Cleanup
[2019-12-09T02:56:07.465+0000][1][safepoint    ] Leaving safepoint region
[2019-12-09T02:56:07.465+0000][1][safepoint    ] Total time for which application threads were stopped: 0.0001170 seconds, Stopping threads took: 0.0000252 seconds
[2019-12-09T02:56:08.465+0000][1][safepoint    ] Application time: 1.0000891 seconds
[2019-12-09T02:56:08.465+0000][1][safepoint    ] Entering safepoint region: Cleanup
[2019-12-09T02:56:08.465+0000][1][safepoint    ] Leaving safepoint region
[2019-12-09T02:56:08.465+0000][1][safepoint    ] Total time for which application threads were stopped: 0.0000828 seconds, Stopping threads took: 0.0000184 seconds
[2019-12-09T02:56:09.465+0000][1][safepoint    ] Application time: 1.0000826 seconds
[2019-12-09T02:56:09.465+0000][1][safepoint    ] Entering safepoint region: Cleanup
[2019-12-09T02:56:09.465+0000][1][safepoint    ] Leaving safepoint region
[2019-12-09T02:56:09.465+0000][1][safepoint    ] Total time for which application threads were stopped: 0.0001037 seconds, Stopping threads took: 0.0000200 seconds
[2019-12-09T02:56:10.465+0000][1][safepoint    ] Application time: 1.0000795 seconds
[2019-12-09T02:56:10.465+0000][1][safepoint    ] Entering safepoint region: Cleanup
[2019-12-09T02:56:10.466+0000][1][safepoint    ] Leaving safepoint region
[2019-12-09T02:56:10.466+0000][1][safepoint    ] Total time for which application threads were stopped: 0.0000925 seconds, Stopping threads took: 0.0000181 seconds
[2019-12-09T02:56:11.466+0000][1][safepoint    ] Application time: 1.0000801 seconds
[2019-12-09T02:56:11.466+0000][1][safepoint    ] Entering safepoint region: Cleanup
[2019-12-09T02:56:11.466+0000][1][safepoint    ] Leaving safepoint region
[2019-12-09T02:56:11.466+0000][1][safepoint    ] Total time for which application threads were stopped: 0.0001104 seconds, Stopping threads took: 0.0000342 seconds
[2019-12-09T02:56:12.466+0000][1][safepoint    ] Application time: 1.0000863 seconds
[2019-12-09T02:56:12.466+0000][1][safepoint    ] Entering safepoint region: Cleanup
[2019-12-09T02:56:12.466+0000][1][safepoint    ] Leaving safepoint region
[2019-12-09T02:56:12.466+0000][1][safepoint    ] Total time for which application threads were stopped: 0.0001237 seconds, Stopping threads took: 0.0000260 seconds
[2019-12-09T02:56:13.466+0000][1][safepoint    ] Application time: 1.0000793 seconds
[2019-12-09T02:56:13.466+0000][1][safepoint    ] Entering safepoint region: Cleanup
[2019-12-09T02:56:13.466+0000][1][safepoint    ] Leaving safepoint region
[2019-12-09T02:56:13.466+0000][1][safepoint    ] Total time for which application threads were stopped: 0.0000917 seconds, Stopping threads took: 0.0000228 seconds
[2019-12-09T02:56:14.466+0000][1][safepoint    ] Application time: 1.0000805 seconds
[2019-12-09T02:56:14.466+0000][1][safepoint    ] Entering safepoint region: Cleanup
[2019-12-09T02:56:14.466+0000][1][safepoint    ] Leaving safepoint region
[2019-12-09T02:56:14.466+0000][1][safepoint    ] Total time for which application threads were stopped: 0.0000871 seconds, Stopping threads took: 0.0000179 seconds
[2019-12-09T02:56:15.467+0000][1][safepoint    ] Application time: 1.0000806 seconds
[2019-12-09T02:56:15.467+0000][1][safepoint    ] Entering safepoint region: Cleanup
[2019-12-09T02:56:15.467+0000][1][safepoint    ] Leaving safepoint region
[2019-12-09T02:56:15.467+0000][1][safepoint    ] Total time for which application threads were stopped: 0.0001060 seconds, Stopping threads took: 0.0000184 seconds
[2019-12-09T02:56:16.467+0000][1][safepoint    ] Application time: 1.0000798 seconds
[2019-12-09T02:56:16.467+0000][1][safepoint    ] Entering safepoint region: Cleanup
[2019-12-09T02:56:16.467+0000][1][safepoint    ] Leaving safepoint region
[2019-12-09T02:56:16.467+0000][1][safepoint    ] Total time for which application threads were stopped: 0.0000942 seconds, Stopping threads took: 0.0000188 seconds
[2019-12-09T02:56:17.467+0000][1][safepoint    ] Application time: 1.0001226 seconds
[2019-12-09T02:56:17.467+0000][1][safepoint    ] Entering safepoint region: Cleanup
[2019-12-09T02:56:17.467+0000][1][safepoint    ] Leaving safepoint region
[2019-12-09T02:56:17.467+0000][1][safepoint    ] Total time for which application threads were stopped: 0.0001234 seconds, Stopping threads took: 0.0000261 seconds
[2019-12-09T02:56:18.467+0000][1][safepoint    ] Application time: 1.0000826 seconds
[2019-12-09T02:56:18.467+0000][1][safepoint    ] Entering safepoint region: Cleanup
[2019-12-09T02:56:18.467+0000][1][safepoint    ] Leaving safepoint region
[2019-12-09T02:56:18.467+0000][1][safepoint    ] Total time for which application threads were stopped: 0.0000869 seconds, Stopping threads took: 0.0000182 seconds
[2019-12-09T02:56:19.468+0000][1][safepoint    ] Application time: 1.0002148 seconds
[2019-12-09T02:56:19.468+0000][1][safepoint    ] Entering safepoint region: Cleanup
[2019-12-09T02:56:19.468+0000][1][safepoint    ] Leaving safepoint region
[2019-12-09T02:56:19.468+0000][1][safepoint    ] Total time for which application threads were stopped: 0.0001279 seconds, Stopping threads took: 0.0000263 seconds
[2019-12-09T02:56:20.468+0000][1][safepoint    ] Application time: 1.0000774 seconds
[2019-12-09T02:56:20.468+0000][1][safepoint    ] Entering safepoint region: Cleanup
[2019-12-09T02:56:20.468+0000][1][safepoint    ] Leaving safepoint region
[2019-12-09T02:56:20.468+0000][1][safepoint    ] Total time for which application threads were stopped: 0.0001350 seconds, Stopping threads took: 0.0000360 seconds
[2019-12-09T02:56:21.468+0000][1][safepoint    ] Application time: 1.0000818 seconds
[2019-12-09T02:56:21.468+0000][1][safepoint    ] Entering safepoint region: Cleanup
[2019-12-09T02:56:21.468+0000][1][safepoint    ] Leaving safepoint region
[2019-12-09T02:56:21.468+0000][1][safepoint    ] Total time for which application threads were stopped: 0.0000971 seconds, Stopping threads took: 0.0000194 seconds
[2019-12-09T02:56:22.468+0000][1][safepoint    ] Application time: 1.0000851 seconds
[2019-12-09T02:56:22.469+0000][1][safepoint    ] Entering safepoint region: Cleanup
[2019-12-09T02:56:22.469+0000][1][safepoint    ] Leaving safepoint region
[2019-12-09T02:56:22.469+0000][1][safepoint    ] Total time for which application threads were stopped: 0.0001189 seconds, Stopping threads took: 0.0000265 seconds
[2019-12-09T02:56:23.469+0000][1][safepoint    ] Application time: 1.0000955 seconds
[2019-12-09T02:56:23.469+0000][1][safepoint    ] Entering safepoint region: Cleanup
[2019-12-09T02:56:23.469+0000][1][safepoint    ] Leaving safepoint region
[2019-12-09T02:56:23.469+0000][1][safepoint    ] Total time for which application threads were stopped: 0.0001102 seconds, Stopping threads took: 0.0000268 seconds
[2019-12-09T02:56:24.469+0000][1][safepoint    ] Application time: 1.0002983 seconds
[2019-12-09T02:56:24.469+0000][1][safepoint    ] Entering safepoint region: Cleanup
[2019-12-09T02:56:24.469+0000][1][safepoint    ] Leaving safepoint region
[2019-12-09T02:56:24.469+0000][1][safepoint    ] Total time for which application threads were stopped: 0.0001340 seconds, Stopping threads took: 0.0000519 seconds
[2019-12-09T02:56:25.469+0000][1][safepoint    ] Application time: 1.0000887 seconds
[2019-12-09T02:56:25.470+0000][1][safepoint    ] Entering safepoint region: Cleanup
[2019-12-09T02:56:25.470+0000][1][safepoint    ] Leaving safepoint region
[2019-12-09T02:56:25.470+0000][1][safepoint    ] Total time for which application threads were stopped: 0.0000979 seconds, Stopping threads took: 0.0000195 seconds
[2019-12-09T02:56:26.307+0000][1][safepoint    ] Application time: 0.8377806 seconds
[2019-12-09T02:56:26.307+0000][1][safepoint    ] Entering safepoint region: GenCollectForAllocation
[2019-12-09T02:56:26.308+0000][1][gc,start     ] GC(27) Pause Young (Allocation Failure)
[2019-12-09T02:56:26.308+0000][1][gc,task      ] GC(27) Using 2 workers of 2 for evacuation
[2019-12-09T02:56:26.315+0000][1][gc,age       ] GC(27) Desired survivor size 4456448 bytes, new threshold 6 (max threshold 6)
[2019-12-09T02:56:26.315+0000][1][gc,age       ] GC(27) Age table with threshold 6 (max threshold 6)
[2019-12-09T02:56:26.315+0000][1][gc,age       ] GC(27) - age   1:      78248 bytes,      78248 total
[2019-12-09T02:56:26.315+0000][1][gc,age       ] GC(27) - age   2:       4688 bytes,      82936 total
[2019-12-09T02:56:26.315+0000][1][gc,age       ] GC(27) - age   3:     399672 bytes,     482608 total
[2019-12-09T02:56:26.315+0000][1][gc,age       ] GC(27) - age   4:    1922424 bytes,    2405032 total
[2019-12-09T02:56:26.315+0000][1][gc,heap      ] GC(27) ParNew: 73001K->3409K(78656K)
[2019-12-09T02:56:26.315+0000][1][gc,heap      ] GC(27) CMS: 67571K->67571K(174784K)
[2019-12-09T02:56:26.315+0000][1][gc,metaspace ] GC(27) Metaspace: 70859K->70859K(1114112K)
[2019-12-09T02:56:26.315+0000][1][gc           ] GC(27) Pause Young (Allocation Failure) 137M->69M(247M) 7.375ms
[2019-12-09T02:56:26.315+0000][1][gc,cpu       ] GC(27) User=0.01s Sys=0.00s Real=0.01s
[2019-12-09T02:56:26.315+0000][1][safepoint    ] Leaving safepoint region
[2019-12-09T02:56:26.315+0000][1][safepoint    ] Total time for which application threads were stopped: 0.0075898 seconds, Stopping threads took: 0.0000256 seconds
[2019-12-09T02:56:27.315+0000][1][safepoint    ] Application time: 1.0000854 seconds
[2019-12-09T02:56:27.315+0000][1][safepoint    ] Entering safepoint region: Cleanup
[2019-12-09T02:56:27.315+0000][1][safepoint    ] Leaving safepoint region
[2019-12-09T02:56:27.315+0000][1][safepoint    ] Total time for which application threads were stopped: 0.0001020 seconds, Stopping threads took: 0.0000192 seconds
[2019-12-09T02:56:28.315+0000][1][safepoint    ] Application time: 1.0000747 seconds
[2019-12-09T02:56:28.315+0000][1][safepoint    ] Entering safepoint region: Cleanup
[2019-12-09T02:56:28.315+0000][1][safepoint    ] Leaving safepoint region
[2019-12-09T02:56:28.315+0000][1][safepoint    ] Total time for which application threads were stopped: 0.0000837 seconds, Stopping threads took: 0.0000178 seconds
[2019-12-09T02:56:29.316+0000][1][safepoint    ] Application time: 1.0000855 seconds
[2019-12-09T02:56:29.316+0000][1][safepoint    ] Entering safepoint region: Cleanup
[2019-12-09T02:56:29.316+0000][1][safepoint    ] Leaving safepoint region
[2019-12-09T02:56:29.316+0000][1][safepoint    ] Total time for which application threads were stopped: 0.0000859 seconds, Stopping threads took: 0.0000196 seconds
[2019-12-09T02:56:30.316+0000][1][safepoint    ] Application time: 1.0000862 seconds
[2019-12-09T02:56:30.316+0000][1][safepoint    ] Entering safepoint region: Cleanup
[2019-12-09T02:56:30.316+0000][1][safepoint    ] Leaving safepoint region
[2019-12-09T02:56:30.316+0000][1][safepoint    ] Total time for which application threads were stopped: 0.0000844 seconds, Stopping threads took: 0.0000191 seconds
[2019-12-09T02:56:31.316+0000][1][safepoint    ] Application time: 1.0000782 seconds
[2019-12-09T02:56:31.316+0000][1][safepoint    ] Entering safepoint region: Cleanup
[2019-12-09T02:56:31.316+0000][1][safepoint    ] Leaving safepoint region
[2019-12-09T02:56:31.316+0000][1][safepoint    ] Total time for which application threads were stopped: 0.0000829 seconds, Stopping threads took: 0.0000182 seconds
[2019-12-09T02:56:32.316+0000][1][safepoint    ] Application time: 1.0000758 seconds
[2019-12-09T02:56:32.316+0000][1][safepoint    ] Entering safepoint region: Cleanup
[2019-12-09T02:56:32.316+0000][1][safepoint    ] Leaving safepoint region
[2019-12-09T02:56:32.316+0000][1][safepoint    ] Total time for which application threads were stopped: 0.0000837 seconds, Stopping threads took: 0.0000188 seconds
[2019-12-09T02:56:33.316+0000][1][safepoint    ] Application time: 1.0000763 seconds
[2019-12-09T02:56:33.316+0000][1][safepoint    ] Entering safepoint region: Cleanup
[2019-12-09T02:56:33.316+0000][1][safepoint    ] Leaving safepoint region
[2019-12-09T02:56:33.317+0000][1][safepoint    ] Total time for which application threads were stopped: 0.0000995 seconds, Stopping threads took: 0.0000286 seconds
[2019-12-09T02:56:34.317+0000][1][safepoint    ] Application time: 1.0000739 seconds
[2019-12-09T02:56:34.317+0000][1][safepoint    ] Entering safepoint region: Cleanup
[2019-12-09T02:56:34.317+0000][1][safepoint    ] Leaving safepoint region
[2019-12-09T02:56:34.317+0000][1][safepoint    ] Total time for which application threads were stopped: 0.0001020 seconds, Stopping threads took: 0.0000192 seconds
[2019-12-09T02:56:35.317+0000][1][safepoint    ] Application time: 1.0000759 seconds
[2019-12-09T02:56:35.317+0000][1][safepoint    ] Entering safepoint region: Cleanup
[2019-12-09T02:56:35.317+0000][1][safepoint    ] Leaving safepoint region
[2019-12-09T02:56:35.317+0000][1][safepoint    ] Total time for which application threads were stopped: 0.0000874 seconds, Stopping threads took: 0.0000185 seconds
[2019-12-09T02:56:36.317+0000][1][safepoint    ] Application time: 1.0000775 seconds
[2019-12-09T02:56:36.317+0000][1][safepoint    ] Entering safepoint region: Cleanup
[2019-12-09T02:56:36.317+0000][1][safepoint    ] Leaving safepoint region
[2019-12-09T02:56:36.317+0000][1][safepoint    ] Total time for which application threads were stopped: 0.0000826 seconds, Stopping threads took: 0.0000189 seconds
[2019-12-09T02:56:37.317+0000][1][safepoint    ] Application time: 1.0000786 seconds
[2019-12-09T02:56:37.317+0000][1][safepoint    ] Entering safepoint region: Cleanup
[2019-12-09T02:56:37.317+0000][1][safepoint    ] Leaving safepoint region
[2019-12-09T02:56:37.317+0000][1][safepoint    ] Total time for which application threads were stopped: 0.0000841 seconds, Stopping threads took: 0.0000171 seconds
[2019-12-09T02:56:38.317+0000][1][safepoint    ] Application time: 1.0000777 seconds
[2019-12-09T02:56:38.317+0000][1][safepoint    ] Entering safepoint region: Cleanup
[2019-12-09T02:56:38.318+0000][1][safepoint    ] Leaving safepoint region
[2019-12-09T02:56:38.318+0000][1][safepoint    ] Total time for which application threads were stopped: 0.0000859 seconds, Stopping threads took: 0.0000173 seconds
[2019-12-09T02:56:39.318+0000][1][safepoint    ] Application time: 1.0000768 seconds
[2019-12-09T02:56:39.318+0000][1][safepoint    ] Entering safepoint region: Cleanup
[2019-12-09T02:56:39.318+0000][1][safepoint    ] Leaving safepoint region
[2019-12-09T02:56:39.318+0000][1][safepoint    ] Total time for which application threads were stopped: 0.0000921 seconds, Stopping threads took: 0.0000164 seconds
[2019-12-09T02:56:40.318+0000][1][safepoint    ] Application time: 1.0000769 seconds
[2019-12-09T02:56:40.318+0000][1][safepoint    ] Entering safepoint region: Cleanup
[2019-12-09T02:56:40.318+0000][1][safepoint    ] Leaving safepoint region
[2019-12-09T02:56:40.318+0000][1][safepoint    ] Total time for which application threads were stopped: 0.0000890 seconds, Stopping threads took: 0.0000217 seconds
[2019-12-09T02:56:41.318+0000][1][safepoint    ] Application time: 1.0000798 seconds
[2019-12-09T02:56:41.318+0000][1][safepoint    ] Entering safepoint region: Cleanup
[2019-12-09T02:56:41.318+0000][1][safepoint    ] Leaving safepoint region
[2019-12-09T02:56:41.318+0000][1][safepoint    ] Total time for which application threads were stopped: 0.0000847 seconds, Stopping threads took: 0.0000183 seconds
[2019-12-09T02:56:42.318+0000][1][safepoint    ] Application time: 1.0000741 seconds
[2019-12-09T02:56:42.318+0000][1][safepoint    ] Entering safepoint region: Cleanup
[2019-12-09T02:56:42.318+0000][1][safepoint    ] Leaving safepoint region
[2019-12-09T02:56:42.318+0000][1][safepoint    ] Total time for which application threads were stopped: 0.0000857 seconds, Stopping threads took: 0.0000181 seconds
[2019-12-09T02:56:43.318+0000][1][safepoint    ] Application time: 1.0000774 seconds
[2019-12-09T02:56:43.318+0000][1][safepoint    ] Entering safepoint region: Cleanup
[2019-12-09T02:56:43.319+0000][1][safepoint    ] Leaving safepoint region
[2019-12-09T02:56:43.319+0000][1][safepoint    ] Total time for which application threads were stopped: 0.0001031 seconds, Stopping threads took: 0.0000271 seconds
[2019-12-09T02:56:44.319+0000][1][safepoint    ] Application time: 1.0000774 seconds
[2019-12-09T02:56:44.319+0000][1][safepoint    ] Entering safepoint region: Cleanup
[2019-12-09T02:56:44.319+0000][1][safepoint    ] Leaving safepoint region
[2019-12-09T02:56:44.319+0000][1][safepoint    ] Total time for which application threads were stopped: 0.0000860 seconds, Stopping threads took: 0.0000205 seconds
[2019-12-09T02:56:45.319+0000][1][safepoint    ] Application time: 1.0000779 seconds
[2019-12-09T02:56:45.319+0000][1][safepoint    ] Entering safepoint region: Cleanup
[2019-12-09T02:56:45.319+0000][1][safepoint    ] Leaving safepoint region
[2019-12-09T02:56:45.319+0000][1][safepoint    ] Total time for which application threads were stopped: 0.0000945 seconds, Stopping threads took: 0.0000173 seconds
[2019-12-09T02:56:46.319+0000][1][safepoint    ] Application time: 1.0000769 seconds
[2019-12-09T02:56:46.319+0000][1][safepoint    ] Entering safepoint region: Cleanup
[2019-12-09T02:56:46.319+0000][1][safepoint    ] Leaving safepoint region
[2019-12-09T02:56:46.319+0000][1][safepoint    ] Total time for which application threads were stopped: 0.0000815 seconds, Stopping threads took: 0.0000183 seconds
[2019-12-09T02:56:47.319+0000][1][safepoint    ] Application time: 1.0000762 seconds
[2019-12-09T02:56:47.319+0000][1][safepoint    ] Entering safepoint region: Cleanup
[2019-12-09T02:56:47.319+0000][1][safepoint    ] Leaving safepoint region
[2019-12-09T02:56:47.319+0000][1][safepoint    ] Total time for which application threads were stopped: 0.0000808 seconds, Stopping threads took: 0.0000179 seconds
[2019-12-09T02:56:48.320+0000][1][safepoint    ] Application time: 1.0000761 seconds
[2019-12-09T02:56:48.320+0000][1][safepoint    ] Entering safepoint region: Cleanup
[2019-12-09T02:56:48.320+0000][1][safepoint    ] Leaving safepoint region
[2019-12-09T02:56:48.320+0000][1][safepoint    ] Total time for which application threads were stopped: 0.0000994 seconds, Stopping threads took: 0.0000264 seconds
[2019-12-09T02:56:49.320+0000][1][safepoint    ] Application time: 1.0000767 seconds
[2019-12-09T02:56:49.320+0000][1][safepoint    ] Entering safepoint region: Cleanup
[2019-12-09T02:56:49.320+0000][1][safepoint    ] Leaving safepoint region
[2019-12-09T02:56:49.320+0000][1][safepoint    ] Total time for which application threads were stopped: 0.0000862 seconds, Stopping threads took: 0.0000189 seconds
[2019-12-09T02:56:50.320+0000][1][safepoint    ] Application time: 1.0000756 seconds
[2019-12-09T02:56:50.320+0000][1][safepoint    ] Entering safepoint region: Cleanup
[2019-12-09T02:56:50.320+0000][1][safepoint    ] Leaving safepoint region
[2019-12-09T02:56:50.320+0000][1][safepoint    ] Total time for which application threads were stopped: 0.0000830 seconds, Stopping threads took: 0.0000162 seconds
[2019-12-09T02:56:51.320+0000][1][safepoint    ] Application time: 1.0000761 seconds
[2019-12-09T02:56:51.320+0000][1][safepoint    ] Entering safepoint region: Cleanup
[2019-12-09T02:56:51.320+0000][1][safepoint    ] Leaving safepoint region
[2019-12-09T02:56:51.320+0000][1][safepoint    ] Total time for which application threads were stopped: 0.0000766 seconds, Stopping threads took: 0.0000171 seconds
[2019-12-09T02:56:52.320+0000][1][safepoint    ] Application time: 1.0000756 seconds
[2019-12-09T02:56:52.320+0000][1][safepoint    ] Entering safepoint region: Cleanup
[2019-12-09T02:56:52.320+0000][1][safepoint    ] Leaving safepoint region
[2019-12-09T02:56:52.320+0000][1][safepoint    ] Total time for which application threads were stopped: 0.0000805 seconds, Stopping threads took: 0.0000170 seconds
[2019-12-09T02:56:53.321+0000][1][safepoint    ] Application time: 1.0000759 seconds
[2019-12-09T02:56:53.321+0000][1][safepoint    ] Entering safepoint region: Cleanup
[2019-12-09T02:56:53.321+0000][1][safepoint    ] Leaving safepoint region
[2019-12-09T02:56:53.321+0000][1][safepoint    ] Total time for which application threads were stopped: 0.0000795 seconds, Stopping threads took: 0.0000177 seconds
[2019-12-09T02:56:54.321+0000][1][safepoint    ] Application time: 1.0000758 seconds
[2019-12-09T02:56:54.321+0000][1][safepoint    ] Entering safepoint region: Cleanup
[2019-12-09T02:56:54.321+0000][1][safepoint    ] Leaving safepoint region
[2019-12-09T02:56:54.321+0000][1][safepoint    ] Total time for which application threads were stopped: 0.0000812 seconds, Stopping threads took: 0.0000178 seconds
[2019-12-09T02:56:55.321+0000][1][safepoint    ] Application time: 1.0000792 seconds
[2019-12-09T02:56:55.321+0000][1][safepoint    ] Entering safepoint region: Cleanup
[2019-12-09T02:56:55.321+0000][1][safepoint    ] Leaving safepoint region
[2019-12-09T02:56:55.321+0000][1][safepoint    ] Total time for which application threads were stopped: 0.0001190 seconds, Stopping threads took: 0.0000244 seconds
[2019-12-09T02:56:56.321+0000][1][safepoint    ] Application time: 1.0000783 seconds
[2019-12-09T02:56:56.321+0000][1][safepoint    ] Entering safepoint region: Cleanup
[2019-12-09T02:56:56.321+0000][1][safepoint    ] Leaving safepoint region
[2019-12-09T02:56:56.321+0000][1][safepoint    ] Total time for which application threads were stopped: 0.0000882 seconds, Stopping threads took: 0.0000189 seconds
[2019-12-09T02:56:57.321+0000][1][safepoint    ] Application time: 1.0000759 seconds
[2019-12-09T02:56:57.321+0000][1][safepoint    ] Entering safepoint region: Cleanup
[2019-12-09T02:56:57.321+0000][1][safepoint    ] Leaving safepoint region
[2019-12-09T02:56:57.321+0000][1][safepoint    ] Total time for which application threads were stopped: 0.0000819 seconds, Stopping threads took: 0.0000185 seconds
[2019-12-09T02:56:58.322+0000][1][safepoint    ] Application time: 1.0000749 seconds
[2019-12-09T02:56:58.322+0000][1][safepoint    ] Entering safepoint region: Cleanup
[2019-12-09T02:56:58.322+0000][1][safepoint    ] Leaving safepoint region
[2019-12-09T02:56:58.322+0000][1][safepoint    ] Total time for which application threads were stopped: 0.0000999 seconds, Stopping threads took: 0.0000257 seconds
[2019-12-09T02:56:59.322+0000][1][safepoint    ] Application time: 1.0000756 seconds
[2019-12-09T02:56:59.322+0000][1][safepoint    ] Entering safepoint region: Cleanup
[2019-12-09T02:56:59.322+0000][1][safepoint    ] Leaving safepoint region
[2019-12-09T02:56:59.322+0000][1][safepoint    ] Total time for which application threads were stopped: 0.0000860 seconds, Stopping threads took: 0.0000162 seconds
[2019-12-09T02:57:00.322+0000][1][safepoint    ] Application time: 1.0000761 seconds
[2019-12-09T02:57:00.322+0000][1][safepoint    ] Entering safepoint region: Cleanup
[2019-12-09T02:57:00.322+0000][1][safepoint    ] Leaving safepoint region
[2019-12-09T02:57:00.322+0000][1][safepoint    ] Total time for which application threads were stopped: 0.0000815 seconds, Stopping threads took: 0.0000181 seconds
[2019-12-09T02:57:01.322+0000][1][safepoint    ] Application time: 1.0000771 seconds
[2019-12-09T02:57:01.322+0000][1][safepoint    ] Entering safepoint region: Cleanup
[2019-12-09T02:57:01.322+0000][1][safepoint    ] Leaving safepoint region
[2019-12-09T02:57:01.322+0000][1][safepoint    ] Total time for which application threads were stopped: 0.0000819 seconds, Stopping threads took: 0.0000161 seconds
[2019-12-09T02:57:02.322+0000][1][safepoint    ] Application time: 1.0000741 seconds
[2019-12-09T02:57:02.322+0000][1][safepoint    ] Entering safepoint region: Cleanup
[2019-12-09T02:57:02.322+0000][1][safepoint    ] Leaving safepoint region
[2019-12-09T02:57:02.322+0000][1][safepoint    ] Total time for which application threads were stopped: 0.0000832 seconds, Stopping threads took: 0.0000184 seconds
[2019-12-09T02:57:03.323+0000][1][safepoint    ] Application time: 1.0000750 seconds
[2019-12-09T02:57:03.323+0000][1][safepoint    ] Entering safepoint region: Cleanup
[2019-12-09T02:57:03.323+0000][1][safepoint    ] Leaving safepoint region
[2019-12-09T02:57:03.323+0000][1][safepoint    ] Total time for which application threads were stopped: 0.0001007 seconds, Stopping threads took: 0.0000192 seconds
[2019-12-09T02:57:04.323+0000][1][safepoint    ] Application time: 1.0000768 seconds
[2019-12-09T02:57:04.323+0000][1][safepoint    ] Entering safepoint region: Cleanup
[2019-12-09T02:57:04.323+0000][1][safepoint    ] Leaving safepoint region
[2019-12-09T02:57:04.323+0000][1][safepoint    ] Total time for which application threads were stopped: 0.0000854 seconds, Stopping threads took: 0.0000181 seconds
[2019-12-09T02:57:05.323+0000][1][safepoint    ] Application time: 1.0000777 seconds
[2019-12-09T02:57:05.323+0000][1][safepoint    ] Entering safepoint region: Cleanup
[2019-12-09T02:57:05.323+0000][1][safepoint    ] Leaving safepoint region
[2019-12-09T02:57:05.323+0000][1][safepoint    ] Total time for which application threads were stopped: 0.0000844 seconds, Stopping threads took: 0.0000175 seconds
[2019-12-09T02:57:06.323+0000][1][safepoint    ] Application time: 1.0000797 seconds
[2019-12-09T02:57:06.323+0000][1][safepoint    ] Entering safepoint region: Cleanup
[2019-12-09T02:57:06.323+0000][1][safepoint    ] Leaving safepoint region
[2019-12-09T02:57:06.323+0000][1][safepoint    ] Total time for which application threads were stopped: 0.0000891 seconds, Stopping threads took: 0.0000224 seconds
[2019-12-09T02:57:07.323+0000][1][safepoint    ] Application time: 1.0000768 seconds
[2019-12-09T02:57:07.323+0000][1][safepoint    ] Entering safepoint region: Cleanup
[2019-12-09T02:57:07.324+0000][1][safepoint    ] Leaving safepoint region
[2019-12-09T02:57:07.324+0000][1][safepoint    ] Total time for which application threads were stopped: 0.0000834 seconds, Stopping threads took: 0.0000176 seconds
[2019-12-09T02:57:08.324+0000][1][safepoint    ] Application time: 1.0000755 seconds
[2019-12-09T02:57:08.324+0000][1][safepoint    ] Entering safepoint region: Cleanup
[2019-12-09T02:57:08.324+0000][1][safepoint    ] Leaving safepoint region
[2019-12-09T02:57:08.324+0000][1][safepoint    ] Total time for which application threads were stopped: 0.0000942 seconds, Stopping threads took: 0.0000274 seconds
[2019-12-09T02:57:09.324+0000][1][safepoint    ] Application time: 1.0000773 seconds
[2019-12-09T02:57:09.324+0000][1][safepoint    ] Entering safepoint region: Cleanup
[2019-12-09T02:57:09.324+0000][1][safepoint    ] Leaving safepoint region
[2019-12-09T02:57:09.324+0000][1][safepoint    ] Total time for which application threads were stopped: 0.0000805 seconds, Stopping threads took: 0.0000180 seconds
[2019-12-09T02:57:10.324+0000][1][safepoint    ] Application time: 1.0000773 seconds
[2019-12-09T02:57:10.324+0000][1][safepoint    ] Entering safepoint region: Cleanup
[2019-12-09T02:57:10.324+0000][1][safepoint    ] Leaving safepoint region
[2019-12-09T02:57:10.324+0000][1][safepoint    ] Total time for which application threads were stopped: 0.0000923 seconds, Stopping threads took: 0.0000210 seconds
[2019-12-09T02:57:11.324+0000][1][safepoint    ] Application time: 1.0000643 seconds
[2019-12-09T02:57:11.324+0000][1][safepoint    ] Entering safepoint region: Cleanup
[2019-12-09T02:57:11.324+0000][1][safepoint    ] Leaving safepoint region
[2019-12-09T02:57:11.324+0000][1][safepoint    ] Total time for which application threads were stopped: 0.0000946 seconds, Stopping threads took: 0.0000170 seconds
[2019-12-09T02:57:12.324+0000][1][safepoint    ] Application time: 1.0000799 seconds
[2019-12-09T02:57:12.324+0000][1][safepoint    ] Entering safepoint region: Cleanup
[2019-12-09T02:57:12.325+0000][1][safepoint    ] Leaving safepoint region
[2019-12-09T02:57:12.325+0000][1][safepoint    ] Total time for which application threads were stopped: 0.0000822 seconds, Stopping threads took: 0.0000182 seconds
[2019-12-09T02:57:13.325+0000][1][safepoint    ] Application time: 1.0000784 seconds
[2019-12-09T02:57:13.325+0000][1][safepoint    ] Entering safepoint region: Cleanup
[2019-12-09T02:57:13.325+0000][1][safepoint    ] Leaving safepoint region
[2019-12-09T02:57:13.325+0000][1][safepoint    ] Total time for which application threads were stopped: 0.0000807 seconds, Stopping threads took: 0.0000179 seconds
[2019-12-09T02:57:14.325+0000][1][safepoint    ] Application time: 1.0000769 seconds
[2019-12-09T02:57:14.325+0000][1][safepoint    ] Entering safepoint region: Cleanup
[2019-12-09T02:57:14.325+0000][1][safepoint    ] Leaving safepoint region
[2019-12-09T02:57:14.325+0000][1][safepoint    ] Total time for which application threads were stopped: 0.0000804 seconds, Stopping threads took: 0.0000179 seconds
[2019-12-09T02:57:15.325+0000][1][safepoint    ] Application time: 1.0000767 seconds
[2019-12-09T02:57:15.325+0000][1][safepoint    ] Entering safepoint region: Cleanup
[2019-12-09T02:57:15.325+0000][1][safepoint    ] Leaving safepoint region
[2019-12-09T02:57:15.325+0000][1][safepoint    ] Total time for which application threads were stopped: 0.0000799 seconds, Stopping threads took: 0.0000172 seconds
[2019-12-09T02:57:16.325+0000][1][safepoint    ] Application time: 1.0000796 seconds
[2019-12-09T02:57:16.325+0000][1][safepoint    ] Entering safepoint region: Cleanup
[2019-12-09T02:57:16.325+0000][1][safepoint    ] Leaving safepoint region
[2019-12-09T02:57:16.325+0000][1][safepoint    ] Total time for which application threads were stopped: 0.0000916 seconds, Stopping threads took: 0.0000183 seconds
[2019-12-09T02:57:17.325+0000][1][safepoint    ] Application time: 1.0000800 seconds
[2019-12-09T02:57:17.326+0000][1][safepoint    ] Entering safepoint region: Cleanup
[2019-12-09T02:57:17.326+0000][1][safepoint    ] Leaving safepoint region
[2019-12-09T02:57:17.326+0000][1][safepoint    ] Total time for which application threads were stopped: 0.0000821 seconds, Stopping threads took: 0.0000183 seconds
[2019-12-09T02:57:18.326+0000][1][safepoint    ] Application time: 1.0000791 seconds
[2019-12-09T02:57:18.326+0000][1][safepoint    ] Entering safepoint region: Cleanup
[2019-12-09T02:57:18.326+0000][1][safepoint    ] Leaving safepoint region
[2019-12-09T02:57:18.326+0000][1][safepoint    ] Total time for which application threads were stopped: 0.0000826 seconds, Stopping threads took: 0.0000179 seconds
[2019-12-09T02:57:19.326+0000][1][safepoint    ] Application time: 1.0000770 seconds
[2019-12-09T02:57:19.326+0000][1][safepoint    ] Entering safepoint region: Cleanup
[2019-12-09T02:57:19.326+0000][1][safepoint    ] Leaving safepoint region
[2019-12-09T02:57:19.326+0000][1][safepoint    ] Total time for which application threads were stopped: 0.0000821 seconds, Stopping threads took: 0.0000179 seconds
[2019-12-09T02:57:20.326+0000][1][safepoint    ] Application time: 1.0000777 seconds
[2019-12-09T02:57:20.326+0000][1][safepoint    ] Entering safepoint region: Cleanup
[2019-12-09T02:57:20.326+0000][1][safepoint    ] Leaving safepoint region
[2019-12-09T02:57:20.326+0000][1][safepoint    ] Total time for which application threads were stopped: 0.0000792 seconds, Stopping threads took: 0.0000170 seconds
[2019-12-09T02:57:21.326+0000][1][safepoint    ] Application time: 1.0000822 seconds
[2019-12-09T02:57:21.326+0000][1][safepoint    ] Entering safepoint region: Cleanup
[2019-12-09T02:57:21.326+0000][1][safepoint    ] Leaving safepoint region
[2019-12-09T02:57:21.326+0000][1][safepoint    ] Total time for which application threads were stopped: 0.0001044 seconds, Stopping threads took: 0.0000207 seconds
[2019-12-09T02:57:22.327+0000][1][safepoint    ] Application time: 1.0000778 seconds
[2019-12-09T02:57:22.327+0000][1][safepoint    ] Entering safepoint region: Cleanup
[2019-12-09T02:57:22.327+0000][1][safepoint    ] Leaving safepoint region
[2019-12-09T02:57:22.327+0000][1][safepoint    ] Total time for which application threads were stopped: 0.0000812 seconds, Stopping threads took: 0.0000183 seconds
[2019-12-09T02:57:23.327+0000][1][safepoint    ] Application time: 1.0000798 seconds
[2019-12-09T02:57:23.327+0000][1][safepoint    ] Entering safepoint region: Cleanup
[2019-12-09T02:57:23.327+0000][1][safepoint    ] Leaving safepoint region
[2019-12-09T02:57:23.327+0000][1][safepoint    ] Total time for which application threads were stopped: 0.0000798 seconds, Stopping threads took: 0.0000181 seconds
[2019-12-09T02:57:24.327+0000][1][safepoint    ] Application time: 1.0000792 seconds
[2019-12-09T02:57:24.327+0000][1][safepoint    ] Entering safepoint region: Cleanup
[2019-12-09T02:57:24.327+0000][1][safepoint    ] Leaving safepoint region
[2019-12-09T02:57:24.327+0000][1][safepoint    ] Total time for which application threads were stopped: 0.0000836 seconds, Stopping threads took: 0.0000181 seconds
[2019-12-09T02:57:25.327+0000][1][safepoint    ] Application time: 1.0000798 seconds
[2019-12-09T02:57:25.327+0000][1][safepoint    ] Entering safepoint region: Cleanup
[2019-12-09T02:57:25.327+0000][1][safepoint    ] Leaving safepoint region
[2019-12-09T02:57:25.327+0000][1][safepoint    ] Total time for which application threads were stopped: 0.0000961 seconds, Stopping threads took: 0.0000230 seconds
[2019-12-09T02:57:26.327+0000][1][safepoint    ] Application time: 1.0000789 seconds
[2019-12-09T02:57:26.327+0000][1][safepoint    ] Entering safepoint region: Cleanup
[2019-12-09T02:57:26.327+0000][1][safepoint    ] Leaving safepoint region
[2019-12-09T02:57:26.327+0000][1][safepoint    ] Total time for which application threads were stopped: 0.0000813 seconds, Stopping threads took: 0.0000181 seconds
[2019-12-09T02:57:27.328+0000][1][safepoint    ] Application time: 1.0000792 seconds
[2019-12-09T02:57:27.328+0000][1][safepoint    ] Entering safepoint region: Cleanup
[2019-12-09T02:57:27.328+0000][1][safepoint    ] Leaving safepoint region
[2019-12-09T02:57:27.328+0000][1][safepoint    ] Total time for which application threads were stopped: 0.0000788 seconds, Stopping threads took: 0.0000169 seconds
[2019-12-09T02:57:28.328+0000][1][safepoint    ] Application time: 1.0000804 seconds
[2019-12-09T02:57:28.328+0000][1][safepoint    ] Entering safepoint region: Cleanup
[2019-12-09T02:57:28.328+0000][1][safepoint    ] Leaving safepoint region
[2019-12-09T02:57:28.328+0000][1][safepoint    ] Total time for which application threads were stopped: 0.0000921 seconds, Stopping threads took: 0.0000267 seconds
[2019-12-09T02:57:29.328+0000][1][safepoint    ] Application time: 1.0000774 seconds
[2019-12-09T02:57:29.328+0000][1][safepoint    ] Entering safepoint region: Cleanup
[2019-12-09T02:57:29.328+0000][1][safepoint    ] Leaving safepoint region
[2019-12-09T02:57:29.328+0000][1][safepoint    ] Total time for which application threads were stopped: 0.0000860 seconds, Stopping threads took: 0.0000175 seconds
[2019-12-09T02:57:30.328+0000][1][safepoint    ] Application time: 1.0000782 seconds
[2019-12-09T02:57:30.328+0000][1][safepoint    ] Entering safepoint region: Cleanup
[2019-12-09T02:57:30.328+0000][1][safepoint    ] Leaving safepoint region
[2019-12-09T02:57:30.328+0000][1][safepoint    ] Total time for which application threads were stopped: 0.0000829 seconds, Stopping threads took: 0.0000186 seconds
[2019-12-09T02:57:31.328+0000][1][safepoint    ] Application time: 1.0000723 seconds
[2019-12-09T02:57:31.328+0000][1][safepoint    ] Entering safepoint region: Cleanup
[2019-12-09T02:57:31.328+0000][1][safepoint    ] Leaving safepoint region
[2019-12-09T02:57:31.328+0000][1][safepoint    ] Total time for which application threads were stopped: 0.0000796 seconds, Stopping threads took: 0.0000149 seconds
[2019-12-09T02:57:32.329+0000][1][safepoint    ] Application time: 1.0000764 seconds
[2019-12-09T02:57:32.329+0000][1][safepoint    ] Entering safepoint region: Cleanup
[2019-12-09T02:57:32.329+0000][1][safepoint    ] Leaving safepoint region
[2019-12-09T02:57:32.329+0000][1][safepoint    ] Total time for which application threads were stopped: 0.0000853 seconds, Stopping threads took: 0.0000158 seconds
[2019-12-09T02:57:33.329+0000][1][safepoint    ] Application time: 1.0000796 seconds
[2019-12-09T02:57:33.329+0000][1][safepoint    ] Entering safepoint region: Cleanup
[2019-12-09T02:57:33.329+0000][1][safepoint    ] Leaving safepoint region
[2019-12-09T02:57:33.329+0000][1][safepoint    ] Total time for which application threads were stopped: 0.0001118 seconds, Stopping threads took: 0.0000257 seconds
[2019-12-09T02:57:34.329+0000][1][safepoint    ] Application time: 1.0000772 seconds
[2019-12-09T02:57:34.329+0000][1][safepoint    ] Entering safepoint region: Cleanup
[2019-12-09T02:57:34.329+0000][1][safepoint    ] Leaving safepoint region
[2019-12-09T02:57:34.329+0000][1][safepoint    ] Total time for which application threads were stopped: 0.0000805 seconds, Stopping threads took: 0.0000172 seconds
[2019-12-09T02:57:34.956+0000][1][safepoint    ] Application time: 0.6264697 seconds
[2019-12-09T02:57:34.956+0000][1][safepoint    ] Entering safepoint region: GenCollectForAllocation
[2019-12-09T02:57:34.956+0000][1][gc,start     ] GC(28) Pause Young (Allocation Failure)
[2019-12-09T02:57:34.956+0000][1][gc,task      ] GC(28) Using 2 workers of 2 for evacuation
[2019-12-09T02:57:34.963+0000][1][gc,age       ] GC(28) Desired survivor size 4456448 bytes, new threshold 6 (max threshold 6)
[2019-12-09T02:57:34.963+0000][1][gc,age       ] GC(28) Age table with threshold 6 (max threshold 6)
[2019-12-09T02:57:34.963+0000][1][gc,age       ] GC(28) - age   1:      84856 bytes,      84856 total
[2019-12-09T02:57:34.963+0000][1][gc,age       ] GC(28) - age   2:       4184 bytes,      89040 total
[2019-12-09T02:57:34.963+0000][1][gc,age       ] GC(28) - age   3:       4592 bytes,      93632 total
[2019-12-09T02:57:34.963+0000][1][gc,age       ] GC(28) - age   4:     378632 bytes,     472264 total
[2019-12-09T02:57:34.963+0000][1][gc,age       ] GC(28) - age   5:    1755056 bytes,    2227320 total
[2019-12-09T02:57:34.963+0000][1][gc,heap      ] GC(28) ParNew: 73298K->3494K(78656K)
[2019-12-09T02:57:34.963+0000][1][gc,heap      ] GC(28) CMS: 67571K->67571K(174784K)
[2019-12-09T02:57:34.963+0000][1][gc,metaspace ] GC(28) Metaspace: 70897K->70897K(1114112K)
[2019-12-09T02:57:34.963+0000][1][gc           ] GC(28) Pause Young (Allocation Failure) 137M->69M(247M) 6.791ms
[2019-12-09T02:57:34.963+0000][1][gc,cpu       ] GC(28) User=0.01s Sys=0.00s Real=0.00s
[2019-12-09T02:57:34.963+0000][1][safepoint    ] Leaving safepoint region
[2019-12-09T02:57:34.963+0000][1][safepoint    ] Total time for which application threads were stopped: 0.0070098 seconds, Stopping threads took: 0.0000368 seconds
[2019-12-09T02:57:35.963+0000][1][safepoint    ] Application time: 1.0000913 seconds
[2019-12-09T02:57:35.963+0000][1][safepoint    ] Entering safepoint region: Cleanup
[2019-12-09T02:57:35.963+0000][1][safepoint    ] Leaving safepoint region
[2019-12-09T02:57:35.963+0000][1][safepoint    ] Total time for which application threads were stopped: 0.0000920 seconds, Stopping threads took: 0.0000166 seconds
[2019-12-09T02:57:36.963+0000][1][safepoint    ] Application time: 1.0000750 seconds
[2019-12-09T02:57:36.963+0000][1][safepoint    ] Entering safepoint region: Cleanup
[2019-12-09T02:57:36.963+0000][1][safepoint    ] Leaving safepoint region
[2019-12-09T02:57:36.963+0000][1][safepoint    ] Total time for which application threads were stopped: 0.0000829 seconds, Stopping threads took: 0.0000181 seconds
[2019-12-09T02:57:37.963+0000][1][safepoint    ] Application time: 1.0000764 seconds
[2019-12-09T02:57:37.963+0000][1][safepoint    ] Entering safepoint region: Cleanup
[2019-12-09T02:57:37.963+0000][1][safepoint    ] Leaving safepoint region
[2019-12-09T02:57:37.963+0000][1][safepoint    ] Total time for which application threads were stopped: 0.0000838 seconds, Stopping threads took: 0.0000181 seconds
[2019-12-09T02:57:38.963+0000][1][safepoint    ] Application time: 1.0000762 seconds
[2019-12-09T02:57:38.963+0000][1][safepoint    ] Entering safepoint region: Cleanup
[2019-12-09T02:57:38.963+0000][1][safepoint    ] Leaving safepoint region
[2019-12-09T02:57:38.963+0000][1][safepoint    ] Total time for which application threads were stopped: 0.0000778 seconds, Stopping threads took: 0.0000163 seconds
[2019-12-09T02:57:39.964+0000][1][safepoint    ] Application time: 1.0000814 seconds
[2019-12-09T02:57:39.964+0000][1][safepoint    ] Entering safepoint region: Cleanup
[2019-12-09T02:57:39.964+0000][1][safepoint    ] Leaving safepoint region
[2019-12-09T02:57:39.964+0000][1][safepoint    ] Total time for which application threads were stopped: 0.0000847 seconds, Stopping threads took: 0.0000191 seconds
[2019-12-09T02:57:40.964+0000][1][safepoint    ] Application time: 1.0000786 seconds
[2019-12-09T02:57:40.964+0000][1][safepoint    ] Entering safepoint region: Cleanup
[2019-12-09T02:57:40.964+0000][1][safepoint    ] Leaving safepoint region
[2019-12-09T02:57:40.964+0000][1][safepoint    ] Total time for which application threads were stopped: 0.0000856 seconds, Stopping threads took: 0.0000226 seconds
[2019-12-09T02:57:41.964+0000][1][safepoint    ] Application time: 1.0000787 seconds
[2019-12-09T02:57:41.964+0000][1][safepoint    ] Entering safepoint region: Cleanup
[2019-12-09T02:57:41.964+0000][1][safepoint    ] Leaving safepoint region
[2019-12-09T02:57:41.964+0000][1][safepoint    ] Total time for which application threads were stopped: 0.0000863 seconds, Stopping threads took: 0.0000201 seconds
[2019-12-09T02:57:42.964+0000][1][safepoint    ] Application time: 1.0000763 seconds
[2019-12-09T02:57:42.964+0000][1][safepoint    ] Entering safepoint region: Cleanup
[2019-12-09T02:57:42.964+0000][1][safepoint    ] Leaving safepoint region
[2019-12-09T02:57:42.964+0000][1][safepoint    ] Total time for which application threads were stopped: 0.0000832 seconds, Stopping threads took: 0.0000178 seconds
[2019-12-09T02:57:43.964+0000][1][safepoint    ] Application time: 1.0000770 seconds
[2019-12-09T02:57:43.964+0000][1][safepoint    ] Entering safepoint region: Cleanup
[2019-12-09T02:57:43.964+0000][1][safepoint    ] Leaving safepoint region
[2019-12-09T02:57:43.964+0000][1][safepoint    ] Total time for which application threads were stopped: 0.0000886 seconds, Stopping threads took: 0.0000160 seconds
[2019-12-09T02:57:44.965+0000][1][safepoint    ] Application time: 1.0000743 seconds
[2019-12-09T02:57:44.965+0000][1][safepoint    ] Entering safepoint region: Cleanup
[2019-12-09T02:57:44.965+0000][1][safepoint    ] Leaving safepoint region
[2019-12-09T02:57:44.965+0000][1][safepoint    ] Total time for which application threads were stopped: 0.0000762 seconds, Stopping threads took: 0.0000153 seconds
[2019-12-09T02:57:45.965+0000][1][safepoint    ] Application time: 1.0000737 seconds
[2019-12-09T02:57:45.965+0000][1][safepoint    ] Entering safepoint region: Cleanup
[2019-12-09T02:57:45.965+0000][1][safepoint    ] Leaving safepoint region
[2019-12-09T02:57:45.965+0000][1][safepoint    ] Total time for which application threads were stopped: 0.0000865 seconds, Stopping threads took: 0.0000175 seconds
[2019-12-09T02:57:46.965+0000][1][safepoint    ] Application time: 1.0000727 seconds
[2019-12-09T02:57:46.965+0000][1][safepoint    ] Entering safepoint region: Cleanup
[2019-12-09T02:57:46.965+0000][1][safepoint    ] Leaving safepoint region
[2019-12-09T02:57:46.965+0000][1][safepoint    ] Total time for which application threads were stopped: 0.0000996 seconds, Stopping threads took: 0.0000178 seconds
[2019-12-09T02:57:47.965+0000][1][safepoint    ] Application time: 1.0000809 seconds
[2019-12-09T02:57:47.965+0000][1][safepoint    ] Entering safepoint region: Cleanup
[2019-12-09T02:57:47.965+0000][1][safepoint    ] Leaving safepoint region
[2019-12-09T02:57:47.965+0000][1][safepoint    ] Total time for which application threads were stopped: 0.0000825 seconds, Stopping threads took: 0.0000189 seconds
[2019-12-09T02:57:48.965+0000][1][safepoint    ] Application time: 1.0000748 seconds
[2019-12-09T02:57:48.965+0000][1][safepoint    ] Entering safepoint region: Cleanup
[2019-12-09T02:57:48.965+0000][1][safepoint    ] Leaving safepoint region
[2019-12-09T02:57:48.966+0000][1][safepoint    ] Total time for which application threads were stopped: 0.0000817 seconds, Stopping threads took: 0.0000174 seconds
[2019-12-09T02:57:49.966+0000][1][safepoint    ] Application time: 1.0000755 seconds
[2019-12-09T02:57:49.966+0000][1][safepoint    ] Entering safepoint region: Cleanup
[2019-12-09T02:57:49.966+0000][1][safepoint    ] Leaving safepoint region
[2019-12-09T02:57:49.966+0000][1][safepoint    ] Total time for which application threads were stopped: 0.0000918 seconds, Stopping threads took: 0.0000173 seconds
[2019-12-09T02:57:50.966+0000][1][safepoint    ] Application time: 1.0000755 seconds
[2019-12-09T02:57:50.966+0000][1][safepoint    ] Entering safepoint region: Cleanup
[2019-12-09T02:57:50.966+0000][1][safepoint    ] Leaving safepoint region
[2019-12-09T02:57:50.966+0000][1][safepoint    ] Total time for which application threads were stopped: 0.0000819 seconds, Stopping threads took: 0.0000179 seconds
[2019-12-09T02:57:51.966+0000][1][safepoint    ] Application time: 1.0000761 seconds
[2019-12-09T02:57:51.966+0000][1][safepoint    ] Entering safepoint region: Cleanup
[2019-12-09T02:57:51.966+0000][1][safepoint    ] Leaving safepoint region
[2019-12-09T02:57:51.966+0000][1][safepoint    ] Total time for which application threads were stopped: 0.0000806 seconds, Stopping threads took: 0.0000183 seconds
[2019-12-09T02:57:52.966+0000][1][safepoint    ] Application time: 1.0000753 seconds
[2019-12-09T02:57:52.966+0000][1][safepoint    ] Entering safepoint region: Cleanup
[2019-12-09T02:57:52.966+0000][1][safepoint    ] Leaving safepoint region
[2019-12-09T02:57:52.966+0000][1][safepoint    ] Total time for which application threads were stopped: 0.0000788 seconds, Stopping threads took: 0.0000164 seconds
[2019-12-09T02:57:53.966+0000][1][safepoint    ] Application time: 1.0000772 seconds
[2019-12-09T02:57:53.966+0000][1][safepoint    ] Entering safepoint region: Cleanup
[2019-12-09T02:57:53.966+0000][1][safepoint    ] Leaving safepoint region
[2019-12-09T02:57:53.967+0000][1][safepoint    ] Total time for which application threads were stopped: 0.0000856 seconds, Stopping threads took: 0.0000167 seconds
[2019-12-09T02:57:54.967+0000][1][safepoint    ] Application time: 1.0000760 seconds
[2019-12-09T02:57:54.967+0000][1][safepoint    ] Entering safepoint region: Cleanup
[2019-12-09T02:57:54.967+0000][1][safepoint    ] Leaving safepoint region
[2019-12-09T02:57:54.967+0000][1][safepoint    ] Total time for which application threads were stopped: 0.0000895 seconds, Stopping threads took: 0.0000166 seconds
[2019-12-09T02:57:55.967+0000][1][safepoint    ] Application time: 1.0000762 seconds
[2019-12-09T02:57:55.967+0000][1][safepoint    ] Entering safepoint region: Cleanup
[2019-12-09T02:57:55.967+0000][1][safepoint    ] Leaving safepoint region
[2019-12-09T02:57:55.967+0000][1][safepoint    ] Total time for which application threads were stopped: 0.0000802 seconds, Stopping threads took: 0.0000175 seconds
[2019-12-09T02:57:56.967+0000][1][safepoint    ] Application time: 1.0000766 seconds
[2019-12-09T02:57:56.967+0000][1][safepoint    ] Entering safepoint region: Cleanup
[2019-12-09T02:57:56.967+0000][1][safepoint    ] Leaving safepoint region
[2019-12-09T02:57:56.967+0000][1][safepoint    ] Total time for which application threads were stopped: 0.0000798 seconds, Stopping threads took: 0.0000168 seconds
[2019-12-09T02:57:57.967+0000][1][safepoint    ] Application time: 1.0000762 seconds
[2019-12-09T02:57:57.967+0000][1][safepoint    ] Entering safepoint region: Cleanup
[2019-12-09T02:57:57.967+0000][1][safepoint    ] Leaving safepoint region
[2019-12-09T02:57:57.967+0000][1][safepoint    ] Total time for which application threads were stopped: 0.0000879 seconds, Stopping threads took: 0.0000221 seconds
[2019-12-09T02:57:58.967+0000][1][safepoint    ] Application time: 1.0000757 seconds
[2019-12-09T02:57:58.967+0000][1][safepoint    ] Entering safepoint region: Cleanup
[2019-12-09T02:57:58.967+0000][1][safepoint    ] Leaving safepoint region
[2019-12-09T02:57:58.967+0000][1][safepoint    ] Total time for which application threads were stopped: 0.0000789 seconds, Stopping threads took: 0.0000189 seconds
[2019-12-09T02:57:59.968+0000][1][safepoint    ] Application time: 1.0000748 seconds
[2019-12-09T02:57:59.968+0000][1][safepoint    ] Entering safepoint region: Cleanup
[2019-12-09T02:57:59.968+0000][1][safepoint    ] Leaving safepoint region
[2019-12-09T02:57:59.968+0000][1][safepoint    ] Total time for which application threads were stopped: 0.0000981 seconds, Stopping threads took: 0.0000199 seconds
[2019-12-09T02:58:00.968+0000][1][safepoint    ] Application time: 1.0000770 seconds
[2019-12-09T02:58:00.968+0000][1][safepoint    ] Entering safepoint region: Cleanup
[2019-12-09T02:58:00.968+0000][1][safepoint    ] Leaving safepoint region
[2019-12-09T02:58:00.968+0000][1][safepoint    ] Total time for which application threads were stopped: 0.0000816 seconds, Stopping threads took: 0.0000179 seconds
[2019-12-09T02:58:01.968+0000][1][safepoint    ] Application time: 1.0000740 seconds
[2019-12-09T02:58:01.968+0000][1][safepoint    ] Entering safepoint region: Cleanup
[2019-12-09T02:58:01.968+0000][1][safepoint    ] Leaving safepoint region
[2019-12-09T02:58:01.968+0000][1][safepoint    ] Total time for which application threads were stopped: 0.0000881 seconds, Stopping threads took: 0.0000203 seconds
[2019-12-09T02:58:02.968+0000][1][safepoint    ] Application time: 1.0000752 seconds
[2019-12-09T02:58:02.968+0000][1][safepoint    ] Entering safepoint region: Cleanup
[2019-12-09T02:58:02.968+0000][1][safepoint    ] Leaving safepoint region
[2019-12-09T02:58:02.968+0000][1][safepoint    ] Total time for which application threads were stopped: 0.0000835 seconds, Stopping threads took: 0.0000177 seconds
[2019-12-09T02:58:03.968+0000][1][safepoint    ] Application time: 1.0000749 seconds
[2019-12-09T02:58:03.968+0000][1][safepoint    ] Entering safepoint region: Cleanup
[2019-12-09T02:58:03.968+0000][1][safepoint    ] Leaving safepoint region
[2019-12-09T02:58:03.968+0000][1][safepoint    ] Total time for which application threads were stopped: 0.0000799 seconds, Stopping threads took: 0.0000184 seconds
[2019-12-09T02:58:04.969+0000][1][safepoint    ] Application time: 1.0000754 seconds
[2019-12-09T02:58:04.969+0000][1][safepoint    ] Entering safepoint region: Cleanup
[2019-12-09T02:58:04.969+0000][1][safepoint    ] Leaving safepoint region
[2019-12-09T02:58:04.969+0000][1][safepoint    ] Total time for which application threads were stopped: 0.0001021 seconds, Stopping threads took: 0.0000193 seconds
[2019-12-09T02:58:05.969+0000][1][safepoint    ] Application time: 1.0000769 seconds
[2019-12-09T02:58:05.969+0000][1][safepoint    ] Entering safepoint region: Cleanup
[2019-12-09T02:58:05.969+0000][1][safepoint    ] Leaving safepoint region
[2019-12-09T02:58:05.969+0000][1][safepoint    ] Total time for which application threads were stopped: 0.0000830 seconds, Stopping threads took: 0.0000185 seconds
[2019-12-09T02:58:06.969+0000][1][safepoint    ] Application time: 1.0000744 seconds
[2019-12-09T02:58:06.969+0000][1][safepoint    ] Entering safepoint region: Cleanup
[2019-12-09T02:58:06.969+0000][1][safepoint    ] Leaving safepoint region
[2019-12-09T02:58:06.969+0000][1][safepoint    ] Total time for which application threads were stopped: 0.0000787 seconds, Stopping threads took: 0.0000173 seconds
[2019-12-09T02:58:07.969+0000][1][safepoint    ] Application time: 1.0000892 seconds
[2019-12-09T02:58:07.969+0000][1][safepoint    ] Entering safepoint region: Cleanup
[2019-12-09T02:58:07.969+0000][1][safepoint    ] Leaving safepoint region
[2019-12-09T02:58:07.969+0000][1][safepoint    ] Total time for which application threads were stopped: 0.0001126 seconds, Stopping threads took: 0.0000248 seconds
[2019-12-09T02:58:08.969+0000][1][safepoint    ] Application time: 1.0000769 seconds
[2019-12-09T02:58:08.969+0000][1][safepoint    ] Entering safepoint region: Cleanup
[2019-12-09T02:58:08.970+0000][1][safepoint    ] Leaving safepoint region
[2019-12-09T02:58:08.970+0000][1][safepoint    ] Total time for which application threads were stopped: 0.0000889 seconds, Stopping threads took: 0.0000184 seconds
[2019-12-09T02:58:09.970+0000][1][safepoint    ] Application time: 1.0000749 seconds
[2019-12-09T02:58:09.970+0000][1][safepoint    ] Entering safepoint region: Cleanup
[2019-12-09T02:58:09.970+0000][1][safepoint    ] Leaving safepoint region
[2019-12-09T02:58:09.970+0000][1][safepoint    ] Total time for which application threads were stopped: 0.0000851 seconds, Stopping threads took: 0.0000183 seconds
[2019-12-09T02:58:10.970+0000][1][safepoint    ] Application time: 1.0000758 seconds
[2019-12-09T02:58:10.970+0000][1][safepoint    ] Entering safepoint region: Cleanup
[2019-12-09T02:58:10.970+0000][1][safepoint    ] Leaving safepoint region
[2019-12-09T02:58:10.970+0000][1][safepoint    ] Total time for which application threads were stopped: 0.0000817 seconds, Stopping threads took: 0.0000174 seconds
[2019-12-09T02:58:11.970+0000][1][safepoint    ] Application time: 1.0000766 seconds
[2019-12-09T02:58:11.970+0000][1][safepoint    ] Entering safepoint region: Cleanup
[2019-12-09T02:58:11.970+0000][1][safepoint    ] Leaving safepoint region
[2019-12-09T02:58:11.970+0000][1][safepoint    ] Total time for which application threads were stopped: 0.0000803 seconds, Stopping threads took: 0.0000186 seconds
[2019-12-09T02:58:12.970+0000][1][safepoint    ] Application time: 1.0000876 seconds
[2019-12-09T02:58:12.970+0000][1][safepoint    ] Entering safepoint region: Cleanup
[2019-12-09T02:58:12.970+0000][1][safepoint    ] Leaving safepoint region
[2019-12-09T02:58:12.970+0000][1][safepoint    ] Total time for which application threads were stopped: 0.0001069 seconds, Stopping threads took: 0.0000273 seconds
[2019-12-09T02:58:13.971+0000][1][safepoint    ] Application time: 1.0000766 seconds
[2019-12-09T02:58:13.971+0000][1][safepoint    ] Entering safepoint region: Cleanup
[2019-12-09T02:58:13.971+0000][1][safepoint    ] Leaving safepoint region
[2019-12-09T02:58:13.971+0000][1][safepoint    ] Total time for which application threads were stopped: 0.0000901 seconds, Stopping threads took: 0.0000240 seconds
[2019-12-09T02:58:14.971+0000][1][safepoint    ] Application time: 1.0000753 seconds
[2019-12-09T02:58:14.971+0000][1][safepoint    ] Entering safepoint region: Cleanup
[2019-12-09T02:58:14.971+0000][1][safepoint    ] Leaving safepoint region
[2019-12-09T02:58:14.971+0000][1][safepoint    ] Total time for which application threads were stopped: 0.0000782 seconds, Stopping threads took: 0.0000174 seconds
[2019-12-09T02:58:15.971+0000][1][safepoint    ] Application time: 1.0000738 seconds
[2019-12-09T02:58:15.971+0000][1][safepoint    ] Entering safepoint region: Cleanup
[2019-12-09T02:58:15.971+0000][1][safepoint    ] Leaving safepoint region
[2019-12-09T02:58:15.971+0000][1][safepoint    ] Total time for which application threads were stopped: 0.0000864 seconds, Stopping threads took: 0.0000194 seconds
[2019-12-09T02:58:16.971+0000][1][safepoint    ] Application time: 1.0000760 seconds
[2019-12-09T02:58:16.971+0000][1][safepoint    ] Entering safepoint region: Cleanup
[2019-12-09T02:58:16.971+0000][1][safepoint    ] Leaving safepoint region
[2019-12-09T02:58:16.971+0000][1][safepoint    ] Total time for which application threads were stopped: 0.0000732 seconds, Stopping threads took: 0.0000160 seconds
[2019-12-09T02:58:17.971+0000][1][safepoint    ] Application time: 1.0000782 seconds
[2019-12-09T02:58:17.971+0000][1][safepoint    ] Entering safepoint region: Cleanup
[2019-12-09T02:58:17.971+0000][1][safepoint    ] Leaving safepoint region
[2019-12-09T02:58:17.971+0000][1][safepoint    ] Total time for which application threads were stopped: 0.0000803 seconds, Stopping threads took: 0.0000179 seconds
[2019-12-09T02:58:18.971+0000][1][safepoint    ] Application time: 1.0000755 seconds
[2019-12-09T02:58:18.972+0000][1][safepoint    ] Entering safepoint region: Cleanup
[2019-12-09T02:58:18.972+0000][1][safepoint    ] Leaving safepoint region
[2019-12-09T02:58:18.972+0000][1][safepoint    ] Total time for which application threads were stopped: 0.0000844 seconds, Stopping threads took: 0.0000182 seconds
[2019-12-09T02:58:19.972+0000][1][safepoint    ] Application time: 1.0000848 seconds
[2019-12-09T02:58:19.972+0000][1][safepoint    ] Entering safepoint region: Cleanup
[2019-12-09T02:58:19.972+0000][1][safepoint    ] Leaving safepoint region
[2019-12-09T02:58:19.972+0000][1][safepoint    ] Total time for which application threads were stopped: 0.0000813 seconds, Stopping threads took: 0.0000173 seconds
[2019-12-09T02:58:20.972+0000][1][safepoint    ] Application time: 1.0000751 seconds
[2019-12-09T02:58:20.972+0000][1][safepoint    ] Entering safepoint region: Cleanup
[2019-12-09T02:58:20.972+0000][1][safepoint    ] Leaving safepoint region
[2019-12-09T02:58:20.972+0000][1][safepoint    ] Total time for which application threads were stopped: 0.0000805 seconds, Stopping threads took: 0.0000178 seconds
[2019-12-09T02:58:21.972+0000][1][safepoint    ] Application time: 1.0000755 seconds
[2019-12-09T02:58:21.972+0000][1][safepoint    ] Entering safepoint region: Cleanup
[2019-12-09T02:58:21.972+0000][1][safepoint    ] Leaving safepoint region
[2019-12-09T02:58:21.972+0000][1][safepoint    ] Total time for which application threads were stopped: 0.0000852 seconds, Stopping threads took: 0.0000187 seconds
[2019-12-09T02:58:22.972+0000][1][safepoint    ] Application time: 1.0000794 seconds
[2019-12-09T02:58:22.972+0000][1][safepoint    ] Entering safepoint region: Cleanup
[2019-12-09T02:58:22.972+0000][1][safepoint    ] Leaving safepoint region
[2019-12-09T02:58:22.972+0000][1][safepoint    ] Total time for which application threads were stopped: 0.0000783 seconds, Stopping threads took: 0.0000182 seconds
[2019-12-09T02:58:23.973+0000][1][safepoint    ] Application time: 1.0000760 seconds
[2019-12-09T02:58:23.973+0000][1][safepoint    ] Entering safepoint region: Cleanup
[2019-12-09T02:58:23.973+0000][1][safepoint    ] Leaving safepoint region
[2019-12-09T02:58:23.973+0000][1][safepoint    ] Total time for which application threads were stopped: 0.0000755 seconds, Stopping threads took: 0.0000178 seconds
[2019-12-09T02:58:24.973+0000][1][safepoint    ] Application time: 1.0000784 seconds
[2019-12-09T02:58:24.973+0000][1][safepoint    ] Entering safepoint region: Cleanup
[2019-12-09T02:58:24.973+0000][1][safepoint    ] Leaving safepoint region
[2019-12-09T02:58:24.973+0000][1][safepoint    ] Total time for which application threads were stopped: 0.0000804 seconds, Stopping threads took: 0.0000182 seconds
[2019-12-09T02:58:25.973+0000][1][safepoint    ] Application time: 1.0000761 seconds
[2019-12-09T02:58:25.973+0000][1][safepoint    ] Entering safepoint region: Cleanup
[2019-12-09T02:58:25.973+0000][1][safepoint    ] Leaving safepoint region
[2019-12-09T02:58:25.973+0000][1][safepoint    ] Total time for which application threads were stopped: 0.0000810 seconds, Stopping threads took: 0.0000163 seconds
[2019-12-09T02:58:26.973+0000][1][safepoint    ] Application time: 1.0000733 seconds
[2019-12-09T02:58:26.973+0000][1][safepoint    ] Entering safepoint region: Cleanup
[2019-12-09T02:58:26.973+0000][1][safepoint    ] Leaving safepoint region
[2019-12-09T02:58:26.973+0000][1][safepoint    ] Total time for which application threads were stopped: 0.0000779 seconds, Stopping threads took: 0.0000201 seconds
[2019-12-09T02:58:27.973+0000][1][safepoint    ] Application time: 1.0000779 seconds
[2019-12-09T02:58:27.973+0000][1][safepoint    ] Entering safepoint region: Cleanup
[2019-12-09T02:58:27.973+0000][1][safepoint    ] Leaving safepoint region
[2019-12-09T02:58:27.973+0000][1][safepoint    ] Total time for which application threads were stopped: 0.0000807 seconds, Stopping threads took: 0.0000194 seconds
[2019-12-09T02:58:28.973+0000][1][safepoint    ] Application time: 1.0000754 seconds
[2019-12-09T02:58:28.974+0000][1][safepoint    ] Entering safepoint region: Cleanup
[2019-12-09T02:58:28.974+0000][1][safepoint    ] Leaving safepoint region
[2019-12-09T02:58:28.974+0000][1][safepoint    ] Total time for which application threads were stopped: 0.0000797 seconds, Stopping threads took: 0.0000188 seconds
[2019-12-09T02:58:29.974+0000][1][safepoint    ] Application time: 1.0000765 seconds
[2019-12-09T02:58:29.974+0000][1][safepoint    ] Entering safepoint region: Cleanup
[2019-12-09T02:58:29.974+0000][1][safepoint    ] Leaving safepoint region
[2019-12-09T02:58:29.974+0000][1][safepoint    ] Total time for which application threads were stopped: 0.0000885 seconds, Stopping threads took: 0.0000190 seconds
[2019-12-09T02:58:30.974+0000][1][safepoint    ] Application time: 1.0000771 seconds
[2019-12-09T02:58:30.974+0000][1][safepoint    ] Entering safepoint region: Cleanup
[2019-12-09T02:58:30.974+0000][1][safepoint    ] Leaving safepoint region
[2019-12-09T02:58:30.974+0000][1][safepoint    ] Total time for which application threads were stopped: 0.0000770 seconds, Stopping threads took: 0.0000171 seconds
[2019-12-09T02:58:31.974+0000][1][safepoint    ] Application time: 1.0000763 seconds
[2019-12-09T02:58:31.974+0000][1][safepoint    ] Entering safepoint region: Cleanup
[2019-12-09T02:58:31.974+0000][1][safepoint    ] Leaving safepoint region
[2019-12-09T02:58:31.974+0000][1][safepoint    ] Total time for which application threads were stopped: 0.0000846 seconds, Stopping threads took: 0.0000238 seconds
[2019-12-09T02:58:32.974+0000][1][safepoint    ] Application time: 1.0000788 seconds
[2019-12-09T02:58:32.974+0000][1][safepoint    ] Entering safepoint region: Cleanup
[2019-12-09T02:58:32.974+0000][1][safepoint    ] Leaving safepoint region
[2019-12-09T02:58:32.974+0000][1][safepoint    ] Total time for which application threads were stopped: 0.0000853 seconds, Stopping threads took: 0.0000258 seconds
[2019-12-09T02:58:33.974+0000][1][safepoint    ] Application time: 1.0000757 seconds
[2019-12-09T02:58:33.975+0000][1][safepoint    ] Entering safepoint region: Cleanup
[2019-12-09T02:58:33.975+0000][1][safepoint    ] Leaving safepoint region
[2019-12-09T02:58:33.975+0000][1][safepoint    ] Total time for which application threads were stopped: 0.0000799 seconds, Stopping threads took: 0.0000178 seconds
[2019-12-09T02:58:34.975+0000][1][safepoint    ] Application time: 1.0000869 seconds
[2019-12-09T02:58:34.975+0000][1][safepoint    ] Entering safepoint region: Cleanup
[2019-12-09T02:58:34.975+0000][1][safepoint    ] Leaving safepoint region
[2019-12-09T02:58:34.975+0000][1][safepoint    ] Total time for which application threads were stopped: 0.0000851 seconds, Stopping threads took: 0.0000184 seconds
[2019-12-09T02:58:35.975+0000][1][safepoint    ] Application time: 1.0000802 seconds
[2019-12-09T02:58:35.975+0000][1][safepoint    ] Entering safepoint region: Cleanup
[2019-12-09T02:58:35.975+0000][1][safepoint    ] Leaving safepoint region
[2019-12-09T02:58:35.975+0000][1][safepoint    ] Total time for which application threads were stopped: 0.0000808 seconds, Stopping threads took: 0.0000170 seconds
[2019-12-09T02:58:36.975+0000][1][safepoint    ] Application time: 1.0000781 seconds
[2019-12-09T02:58:36.975+0000][1][safepoint    ] Entering safepoint region: Cleanup
[2019-12-09T02:58:36.975+0000][1][safepoint    ] Leaving safepoint region
[2019-12-09T02:58:36.975+0000][1][safepoint    ] Total time for which application threads were stopped: 0.0000790 seconds, Stopping threads took: 0.0000191 seconds
[2019-12-09T02:58:37.975+0000][1][safepoint    ] Application time: 1.0000788 seconds
[2019-12-09T02:58:37.975+0000][1][safepoint    ] Entering safepoint region: Cleanup
[2019-12-09T02:58:37.975+0000][1][safepoint    ] Leaving safepoint region
[2019-12-09T02:58:37.975+0000][1][safepoint    ] Total time for which application threads were stopped: 0.0000786 seconds, Stopping threads took: 0.0000192 seconds
[2019-12-09T02:58:38.976+0000][1][safepoint    ] Application time: 1.0000777 seconds
[2019-12-09T02:58:38.976+0000][1][safepoint    ] Entering safepoint region: Cleanup
[2019-12-09T02:58:38.976+0000][1][safepoint    ] Leaving safepoint region
[2019-12-09T02:58:38.976+0000][1][safepoint    ] Total time for which application threads were stopped: 0.0000790 seconds, Stopping threads took: 0.0000193 seconds
[2019-12-09T02:58:39.976+0000][1][safepoint    ] Application time: 1.0000766 seconds
[2019-12-09T02:58:39.976+0000][1][safepoint    ] Entering safepoint region: Cleanup
[2019-12-09T02:58:39.976+0000][1][safepoint    ] Leaving safepoint region
[2019-12-09T02:58:39.976+0000][1][safepoint    ] Total time for which application threads were stopped: 0.0000836 seconds, Stopping threads took: 0.0000167 seconds
[2019-12-09T02:58:40.976+0000][1][safepoint    ] Application time: 1.0000779 seconds
[2019-12-09T02:58:40.976+0000][1][safepoint    ] Entering safepoint region: Cleanup
[2019-12-09T02:58:40.976+0000][1][safepoint    ] Leaving safepoint region
[2019-12-09T02:58:40.976+0000][1][safepoint    ] Total time for which application threads were stopped: 0.0000766 seconds, Stopping threads took: 0.0000161 seconds
[2019-12-09T02:58:41.976+0000][1][safepoint    ] Application time: 1.0000775 seconds
[2019-12-09T02:58:41.976+0000][1][safepoint    ] Entering safepoint region: Cleanup
[2019-12-09T02:58:41.976+0000][1][safepoint    ] Leaving safepoint region
[2019-12-09T02:58:41.976+0000][1][safepoint    ] Total time for which application threads were stopped: 0.0000879 seconds, Stopping threads took: 0.0000263 seconds
[2019-12-09T02:58:42.976+0000][1][safepoint    ] Application time: 1.0000784 seconds
[2019-12-09T02:58:42.976+0000][1][safepoint    ] Entering safepoint region: Cleanup
[2019-12-09T02:58:42.976+0000][1][safepoint    ] Leaving safepoint region
[2019-12-09T02:58:42.976+0000][1][safepoint    ] Total time for which application threads were stopped: 0.0000899 seconds, Stopping threads took: 0.0000187 seconds
[2019-12-09T02:58:43.977+0000][1][safepoint    ] Application time: 1.0000772 seconds
[2019-12-09T02:58:43.977+0000][1][safepoint    ] Entering safepoint region: Cleanup
[2019-12-09T02:58:43.977+0000][1][safepoint    ] Leaving safepoint region
[2019-12-09T02:58:43.977+0000][1][safepoint    ] Total time for which application threads were stopped: 0.0000795 seconds, Stopping threads took: 0.0000186 seconds
[2019-12-09T02:58:44.947+0000][1][safepoint    ] Application time: 0.9704885 seconds
[2019-12-09T02:58:44.947+0000][1][safepoint    ] Entering safepoint region: GenCollectForAllocation
[2019-12-09T02:58:44.947+0000][1][gc,start     ] GC(29) Pause Young (Allocation Failure)
[2019-12-09T02:58:44.947+0000][1][gc,task      ] GC(29) Using 2 workers of 2 for evacuation
[2019-12-09T02:58:44.953+0000][1][gc,age       ] GC(29) Desired survivor size 4456448 bytes, new threshold 6 (max threshold 6)
[2019-12-09T02:58:44.954+0000][1][gc,age       ] GC(29) Age table with threshold 6 (max threshold 6)
[2019-12-09T02:58:44.954+0000][1][gc,age       ] GC(29) - age   1:      77864 bytes,      77864 total
[2019-12-09T02:58:44.954+0000][1][gc,age       ] GC(29) - age   2:      10960 bytes,      88824 total
[2019-12-09T02:58:44.954+0000][1][gc,age       ] GC(29) - age   3:       4184 bytes,      93008 total
[2019-12-09T02:58:44.954+0000][1][gc,age       ] GC(29) - age   4:       4504 bytes,      97512 total
[2019-12-09T02:58:44.954+0000][1][gc,age       ] GC(29) - age   5:     378632 bytes,     476144 total
[2019-12-09T02:58:44.954+0000][1][gc,age       ] GC(29) - age   6:    1755008 bytes,    2231152 total
[2019-12-09T02:58:44.954+0000][1][gc,heap      ] GC(29) ParNew: 73445K->3320K(78656K)
[2019-12-09T02:58:44.954+0000][1][gc,heap      ] GC(29) CMS: 67571K->67571K(174784K)
[2019-12-09T02:58:44.954+0000][1][gc,metaspace ] GC(29) Metaspace: 70922K->70922K(1114112K)
[2019-12-09T02:58:44.954+0000][1][gc           ] GC(29) Pause Young (Allocation Failure) 137M->69M(247M) 6.303ms
[2019-12-09T02:58:44.954+0000][1][gc,cpu       ] GC(29) User=0.01s Sys=0.00s Real=0.00s
[2019-12-09T02:58:44.954+0000][1][safepoint    ] Leaving safepoint region
[2019-12-09T02:58:44.954+0000][1][safepoint    ] Total time for which application threads were stopped: 0.0064599 seconds, Stopping threads took: 0.0000215 seconds
[2019-12-09T02:58:45.954+0000][1][safepoint    ] Application time: 1.0000621 seconds
[2019-12-09T02:58:45.954+0000][1][safepoint    ] Entering safepoint region: Cleanup
[2019-12-09T02:58:45.954+0000][1][safepoint    ] Leaving safepoint region
[2019-12-09T02:58:45.954+0000][1][safepoint    ] Total time for which application threads were stopped: 0.0000773 seconds, Stopping threads took: 0.0000176 seconds
[2019-12-09T02:58:46.954+0000][1][safepoint    ] Application time: 1.0000744 seconds
[2019-12-09T02:58:46.954+0000][1][safepoint    ] Entering safepoint region: Cleanup
[2019-12-09T02:58:46.954+0000][1][safepoint    ] Leaving safepoint region
[2019-12-09T02:58:46.954+0000][1][safepoint    ] Total time for which application threads were stopped: 0.0000796 seconds, Stopping threads took: 0.0000172 seconds
[2019-12-09T02:58:47.954+0000][1][safepoint    ] Application time: 1.0000767 seconds
[2019-12-09T02:58:47.954+0000][1][safepoint    ] Entering safepoint region: Cleanup
[2019-12-09T02:58:47.954+0000][1][safepoint    ] Leaving safepoint region
[2019-12-09T02:58:47.954+0000][1][safepoint    ] Total time for which application threads were stopped: 0.0000731 seconds, Stopping threads took: 0.0000175 seconds
[2019-12-09T02:58:48.954+0000][1][safepoint    ] Application time: 1.0000760 seconds
[2019-12-09T02:58:48.954+0000][1][safepoint    ] Entering safepoint region: Cleanup
[2019-12-09T02:58:48.954+0000][1][safepoint    ] Leaving safepoint region
[2019-12-09T02:58:48.954+0000][1][safepoint    ] Total time for which application threads were stopped: 0.0000757 seconds, Stopping threads took: 0.0000169 seconds
[2019-12-09T02:58:49.954+0000][1][safepoint    ] Application time: 1.0000734 seconds
[2019-12-09T02:58:49.954+0000][1][safepoint    ] Entering safepoint region: Cleanup
[2019-12-09T02:58:49.955+0000][1][safepoint    ] Leaving safepoint region
[2019-12-09T02:58:49.955+0000][1][safepoint    ] Total time for which application threads were stopped: 0.0000720 seconds, Stopping threads took: 0.0000161 seconds
[2019-12-09T02:58:50.955+0000][1][safepoint    ] Application time: 1.0000758 seconds
[2019-12-09T02:58:50.955+0000][1][safepoint    ] Entering safepoint region: Cleanup
[2019-12-09T02:58:50.955+0000][1][safepoint    ] Leaving safepoint region
[2019-12-09T02:58:50.955+0000][1][safepoint    ] Total time for which application threads were stopped: 0.0000953 seconds, Stopping threads took: 0.0000179 seconds
[2019-12-09T02:58:51.955+0000][1][safepoint    ] Application time: 1.0000745 seconds
[2019-12-09T02:58:51.955+0000][1][safepoint    ] Entering safepoint region: Cleanup
[2019-12-09T02:58:51.955+0000][1][safepoint    ] Leaving safepoint region
[2019-12-09T02:58:51.955+0000][1][safepoint    ] Total time for which application threads were stopped: 0.0000809 seconds, Stopping threads took: 0.0000174 seconds
[2019-12-09T02:58:52.955+0000][1][safepoint    ] Application time: 1.0000761 seconds
[2019-12-09T02:58:52.955+0000][1][safepoint    ] Entering safepoint region: Cleanup
[2019-12-09T02:58:52.955+0000][1][safepoint    ] Leaving safepoint region
[2019-12-09T02:58:52.955+0000][1][safepoint    ] Total time for which application threads were stopped: 0.0000800 seconds, Stopping threads took: 0.0000189 seconds
[2019-12-09T02:58:53.955+0000][1][safepoint    ] Application time: 1.0000755 seconds
[2019-12-09T02:58:53.955+0000][1][safepoint    ] Entering safepoint region: Cleanup
[2019-12-09T02:58:53.955+0000][1][safepoint    ] Leaving safepoint region
[2019-12-09T02:58:53.955+0000][1][safepoint    ] Total time for which application threads were stopped: 0.0000785 seconds, Stopping threads took: 0.0000186 seconds
[2019-12-09T02:58:54.955+0000][1][safepoint    ] Application time: 1.0000757 seconds
[2019-12-09T02:58:54.955+0000][1][safepoint    ] Entering safepoint region: Cleanup
[2019-12-09T02:58:54.956+0000][1][safepoint    ] Leaving safepoint region
[2019-12-09T02:58:54.956+0000][1][safepoint    ] Total time for which application threads were stopped: 0.0000837 seconds, Stopping threads took: 0.0000179 seconds
[2019-12-09T02:58:55.956+0000][1][safepoint    ] Application time: 1.0000763 seconds
[2019-12-09T02:58:55.956+0000][1][safepoint    ] Entering safepoint region: Cleanup
[2019-12-09T02:58:55.956+0000][1][safepoint    ] Leaving safepoint region
[2019-12-09T02:58:55.956+0000][1][safepoint    ] Total time for which application threads were stopped: 0.0000856 seconds, Stopping threads took: 0.0000166 seconds
[2019-12-09T02:58:56.956+0000][1][safepoint    ] Application time: 1.0000755 seconds
[2019-12-09T02:58:56.956+0000][1][safepoint    ] Entering safepoint region: Cleanup
[2019-12-09T02:58:56.956+0000][1][safepoint    ] Leaving safepoint region
[2019-12-09T02:58:56.956+0000][1][safepoint    ] Total time for which application threads were stopped: 0.0000739 seconds, Stopping threads took: 0.0000183 seconds
[2019-12-09T02:58:57.956+0000][1][safepoint    ] Application time: 1.0000753 seconds
[2019-12-09T02:58:57.956+0000][1][safepoint    ] Entering safepoint region: Cleanup
[2019-12-09T02:58:57.956+0000][1][safepoint    ] Leaving safepoint region
[2019-12-09T02:58:57.956+0000][1][safepoint    ] Total time for which application threads were stopped: 0.0000821 seconds, Stopping threads took: 0.0000177 seconds
[2019-12-09T02:58:58.956+0000][1][safepoint    ] Application time: 1.0000768 seconds
[2019-12-09T02:58:58.956+0000][1][safepoint    ] Entering safepoint region: Cleanup
[2019-12-09T02:58:58.956+0000][1][safepoint    ] Leaving safepoint region
[2019-12-09T02:58:58.956+0000][1][safepoint    ] Total time for which application threads were stopped: 0.0000808 seconds, Stopping threads took: 0.0000185 seconds
[2019-12-09T02:58:59.956+0000][1][safepoint    ] Application time: 1.0000741 seconds
[2019-12-09T02:58:59.956+0000][1][safepoint    ] Entering safepoint region: Cleanup
[2019-12-09T02:58:59.956+0000][1][safepoint    ] Leaving safepoint region
[2019-12-09T02:58:59.956+0000][1][safepoint    ] Total time for which application threads were stopped: 0.0000761 seconds, Stopping threads took: 0.0000167 seconds
[2019-12-09T02:59:00.957+0000][1][safepoint    ] Application time: 1.0000753 seconds
[2019-12-09T02:59:00.957+0000][1][safepoint    ] Entering safepoint region: Cleanup
[2019-12-09T02:59:00.957+0000][1][safepoint    ] Leaving safepoint region
[2019-12-09T02:59:00.957+0000][1][safepoint    ] Total time for which application threads were stopped: 0.0000881 seconds, Stopping threads took: 0.0000180 seconds
[2019-12-09T02:59:01.957+0000][1][safepoint    ] Application time: 1.0000846 seconds
[2019-12-09T02:59:01.957+0000][1][safepoint    ] Entering safepoint region: Cleanup
[2019-12-09T02:59:01.957+0000][1][safepoint    ] Leaving safepoint region
[2019-12-09T02:59:01.957+0000][1][safepoint    ] Total time for which application threads were stopped: 0.0001209 seconds, Stopping threads took: 0.0000283 seconds
[2019-12-09T02:59:02.957+0000][1][safepoint    ] Application time: 1.0000784 seconds
[2019-12-09T02:59:02.957+0000][1][safepoint    ] Entering safepoint region: Cleanup
[2019-12-09T02:59:02.957+0000][1][safepoint    ] Leaving safepoint region
[2019-12-09T02:59:02.957+0000][1][safepoint    ] Total time for which application threads were stopped: 0.0000868 seconds, Stopping threads took: 0.0000254 seconds
[2019-12-09T02:59:03.957+0000][1][safepoint    ] Application time: 1.0000766 seconds
[2019-12-09T02:59:03.957+0000][1][safepoint    ] Entering safepoint region: Cleanup
[2019-12-09T02:59:03.957+0000][1][safepoint    ] Leaving safepoint region
[2019-12-09T02:59:03.957+0000][1][safepoint    ] Total time for which application threads were stopped: 0.0000797 seconds, Stopping threads took: 0.0000185 seconds
[2019-12-09T02:59:04.957+0000][1][safepoint    ] Application time: 1.0000745 seconds
[2019-12-09T02:59:04.957+0000][1][safepoint    ] Entering safepoint region: Cleanup
[2019-12-09T02:59:04.958+0000][1][safepoint    ] Leaving safepoint region
[2019-12-09T02:59:04.958+0000][1][safepoint    ] Total time for which application threads were stopped: 0.0000837 seconds, Stopping threads took: 0.0000179 seconds
[2019-12-09T02:59:05.958+0000][1][safepoint    ] Application time: 1.0000755 seconds
[2019-12-09T02:59:05.958+0000][1][safepoint    ] Entering safepoint region: Cleanup
[2019-12-09T02:59:05.958+0000][1][safepoint    ] Leaving safepoint region
[2019-12-09T02:59:05.958+0000][1][safepoint    ] Total time for which application threads were stopped: 0.0000798 seconds, Stopping threads took: 0.0000167 seconds
[2019-12-09T02:59:06.958+0000][1][safepoint    ] Application time: 1.0000761 seconds
[2019-12-09T02:59:06.958+0000][1][safepoint    ] Entering safepoint region: Cleanup
[2019-12-09T02:59:06.958+0000][1][safepoint    ] Leaving safepoint region
[2019-12-09T02:59:06.958+0000][1][safepoint    ] Total time for which application threads were stopped: 0.0000782 seconds, Stopping threads took: 0.0000181 seconds
[2019-12-09T02:59:07.958+0000][1][safepoint    ] Application time: 1.0000755 seconds
[2019-12-09T02:59:07.958+0000][1][safepoint    ] Entering safepoint region: Cleanup
[2019-12-09T02:59:07.958+0000][1][safepoint    ] Leaving safepoint region
[2019-12-09T02:59:07.958+0000][1][safepoint    ] Total time for which application threads were stopped: 0.0000853 seconds, Stopping threads took: 0.0000232 seconds
[2019-12-09T02:59:08.958+0000][1][safepoint    ] Application time: 1.0000754 seconds
[2019-12-09T02:59:08.958+0000][1][safepoint    ] Entering safepoint region: Cleanup
[2019-12-09T02:59:08.958+0000][1][safepoint    ] Leaving safepoint region
[2019-12-09T02:59:08.958+0000][1][safepoint    ] Total time for which application threads were stopped: 0.0000737 seconds, Stopping threads took: 0.0000168 seconds
[2019-12-09T02:59:09.958+0000][1][safepoint    ] Application time: 1.0000754 seconds
[2019-12-09T02:59:09.958+0000][1][safepoint    ] Entering safepoint region: Cleanup
[2019-12-09T02:59:09.959+0000][1][safepoint    ] Leaving safepoint region
[2019-12-09T02:59:09.959+0000][1][safepoint    ] Total time for which application threads were stopped: 0.0000727 seconds, Stopping threads took: 0.0000165 seconds
[2019-12-09T02:59:10.959+0000][1][safepoint    ] Application time: 1.0000743 seconds
[2019-12-09T02:59:10.959+0000][1][safepoint    ] Entering safepoint region: Cleanup
[2019-12-09T02:59:10.959+0000][1][safepoint    ] Leaving safepoint region
[2019-12-09T02:59:10.959+0000][1][safepoint    ] Total time for which application threads were stopped: 0.0000906 seconds, Stopping threads took: 0.0000185 seconds
[2019-12-09T02:59:11.959+0000][1][safepoint    ] Application time: 1.0000750 seconds
[2019-12-09T02:59:11.959+0000][1][safepoint    ] Entering safepoint region: Cleanup
[2019-12-09T02:59:11.959+0000][1][safepoint    ] Leaving safepoint region
[2019-12-09T02:59:11.959+0000][1][safepoint    ] Total time for which application threads were stopped: 0.0000938 seconds, Stopping threads took: 0.0000202 seconds
[2019-12-09T02:59:12.959+0000][1][safepoint    ] Application time: 1.0000729 seconds
[2019-12-09T02:59:12.959+0000][1][safepoint    ] Entering safepoint region: Cleanup
[2019-12-09T02:59:12.959+0000][1][safepoint    ] Leaving safepoint region
[2019-12-09T02:59:12.959+0000][1][safepoint    ] Total time for which application threads were stopped: 0.0000921 seconds, Stopping threads took: 0.0000163 seconds
[2019-12-09T02:59:13.959+0000][1][safepoint    ] Application time: 1.0000729 seconds
[2019-12-09T02:59:13.959+0000][1][safepoint    ] Entering safepoint region: Cleanup
[2019-12-09T02:59:13.959+0000][1][safepoint    ] Leaving safepoint region
[2019-12-09T02:59:13.959+0000][1][safepoint    ] Total time for which application threads were stopped: 0.0000745 seconds, Stopping threads took: 0.0000169 seconds
[2019-12-09T02:59:14.959+0000][1][safepoint    ] Application time: 1.0000833 seconds
[2019-12-09T02:59:14.959+0000][1][safepoint    ] Entering safepoint region: Cleanup
[2019-12-09T02:59:14.960+0000][1][safepoint    ] Leaving safepoint region
[2019-12-09T02:59:14.960+0000][1][safepoint    ] Total time for which application threads were stopped: 0.0000816 seconds, Stopping threads took: 0.0000186 seconds
[2019-12-09T02:59:15.960+0000][1][safepoint    ] Application time: 1.0000756 seconds
[2019-12-09T02:59:15.960+0000][1][safepoint    ] Entering safepoint region: Cleanup
[2019-12-09T02:59:15.960+0000][1][safepoint    ] Leaving safepoint region
[2019-12-09T02:59:15.960+0000][1][safepoint    ] Total time for which application threads were stopped: 0.0000881 seconds, Stopping threads took: 0.0000179 seconds
[2019-12-09T02:59:16.960+0000][1][safepoint    ] Application time: 1.0000744 seconds
[2019-12-09T02:59:16.960+0000][1][safepoint    ] Entering safepoint region: Cleanup
[2019-12-09T02:59:16.960+0000][1][safepoint    ] Leaving safepoint region
[2019-12-09T02:59:16.960+0000][1][safepoint    ] Total time for which application threads were stopped: 0.0000738 seconds, Stopping threads took: 0.0000168 seconds
[2019-12-09T02:59:17.960+0000][1][safepoint    ] Application time: 1.0000737 seconds
[2019-12-09T02:59:17.960+0000][1][safepoint    ] Entering safepoint region: Cleanup
[2019-12-09T02:59:17.960+0000][1][safepoint    ] Leaving safepoint region
[2019-12-09T02:59:17.960+0000][1][safepoint    ] Total time for which application threads were stopped: 0.0000779 seconds, Stopping threads took: 0.0000181 seconds
[2019-12-09T02:59:18.960+0000][1][safepoint    ] Application time: 1.0000746 seconds
[2019-12-09T02:59:18.960+0000][1][safepoint    ] Entering safepoint region: Cleanup
[2019-12-09T02:59:18.960+0000][1][safepoint    ] Leaving safepoint region
[2019-12-09T02:59:18.960+0000][1][safepoint    ] Total time for which application threads were stopped: 0.0000796 seconds, Stopping threads took: 0.0000181 seconds
[2019-12-09T02:59:19.960+0000][1][safepoint    ] Application time: 1.0000744 seconds
[2019-12-09T02:59:19.960+0000][1][safepoint    ] Entering safepoint region: Cleanup
[2019-12-09T02:59:19.960+0000][1][safepoint    ] Leaving safepoint region
[2019-12-09T02:59:19.960+0000][1][safepoint    ] Total time for which application threads were stopped: 0.0000817 seconds, Stopping threads took: 0.0000175 seconds
[2019-12-09T02:59:20.961+0000][1][safepoint    ] Application time: 1.0000770 seconds
[2019-12-09T02:59:20.961+0000][1][safepoint    ] Entering safepoint region: Cleanup
[2019-12-09T02:59:20.961+0000][1][safepoint    ] Leaving safepoint region
[2019-12-09T02:59:20.961+0000][1][safepoint    ] Total time for which application threads were stopped: 0.0000934 seconds, Stopping threads took: 0.0000186 seconds
[2019-12-09T02:59:21.961+0000][1][safepoint    ] Application time: 1.0000745 seconds
[2019-12-09T02:59:21.961+0000][1][safepoint    ] Entering safepoint region: Cleanup
[2019-12-09T02:59:21.961+0000][1][safepoint    ] Leaving safepoint region
[2019-12-09T02:59:21.961+0000][1][safepoint    ] Total time for which application threads were stopped: 0.0000920 seconds, Stopping threads took: 0.0000165 seconds
[2019-12-09T02:59:22.961+0000][1][safepoint    ] Application time: 1.0000762 seconds
[2019-12-09T02:59:22.961+0000][1][safepoint    ] Entering safepoint region: Cleanup
[2019-12-09T02:59:22.961+0000][1][safepoint    ] Leaving safepoint region
[2019-12-09T02:59:22.961+0000][1][safepoint    ] Total time for which application threads were stopped: 0.0000830 seconds, Stopping threads took: 0.0000187 seconds
[2019-12-09T02:59:23.961+0000][1][safepoint    ] Application time: 1.0000749 seconds
[2019-12-09T02:59:23.961+0000][1][safepoint    ] Entering safepoint region: Cleanup
[2019-12-09T02:59:23.961+0000][1][safepoint    ] Leaving safepoint region
[2019-12-09T02:59:23.961+0000][1][safepoint    ] Total time for which application threads were stopped: 0.0000743 seconds, Stopping threads took: 0.0000180 seconds
[2019-12-09T02:59:24.961+0000][1][safepoint    ] Application time: 1.0000476 seconds
[2019-12-09T02:59:24.961+0000][1][safepoint    ] Entering safepoint region: Cleanup
[2019-12-09T02:59:24.961+0000][1][safepoint    ] Leaving safepoint region
[2019-12-09T02:59:24.961+0000][1][safepoint    ] Total time for which application threads were stopped: 0.0000840 seconds, Stopping threads took: 0.0000179 seconds
[2019-12-09T02:59:25.962+0000][1][safepoint    ] Application time: 1.0000743 seconds
[2019-12-09T02:59:25.962+0000][1][safepoint    ] Entering safepoint region: Cleanup
[2019-12-09T02:59:25.962+0000][1][safepoint    ] Leaving safepoint region
[2019-12-09T02:59:25.962+0000][1][safepoint    ] Total time for which application threads were stopped: 0.0000752 seconds, Stopping threads took: 0.0000175 seconds
[2019-12-09T02:59:26.962+0000][1][safepoint    ] Application time: 1.0000759 seconds
[2019-12-09T02:59:26.962+0000][1][safepoint    ] Entering safepoint region: Cleanup
[2019-12-09T02:59:26.962+0000][1][safepoint    ] Leaving safepoint region
[2019-12-09T02:59:26.962+0000][1][safepoint    ] Total time for which application threads were stopped: 0.0000808 seconds, Stopping threads took: 0.0000162 seconds
[2019-12-09T02:59:27.962+0000][1][safepoint    ] Application time: 1.0000724 seconds
[2019-12-09T02:59:27.962+0000][1][safepoint    ] Entering safepoint region: Cleanup
[2019-12-09T02:59:27.962+0000][1][safepoint    ] Leaving safepoint region
[2019-12-09T02:59:27.962+0000][1][safepoint    ] Total time for which application threads were stopped: 0.0000810 seconds, Stopping threads took: 0.0000193 seconds
[2019-12-09T02:59:28.962+0000][1][safepoint    ] Application time: 1.0000762 seconds
[2019-12-09T02:59:28.962+0000][1][safepoint    ] Entering safepoint region: Cleanup
[2019-12-09T02:59:28.962+0000][1][safepoint    ] Leaving safepoint region
[2019-12-09T02:59:28.962+0000][1][safepoint    ] Total time for which application threads were stopped: 0.0000735 seconds, Stopping threads took: 0.0000163 seconds
[2019-12-09T02:59:29.962+0000][1][safepoint    ] Application time: 1.0000756 seconds
[2019-12-09T02:59:29.962+0000][1][safepoint    ] Entering safepoint region: Cleanup
[2019-12-09T02:59:29.962+0000][1][safepoint    ] Leaving safepoint region
[2019-12-09T02:59:29.962+0000][1][safepoint    ] Total time for which application threads were stopped: 0.0000800 seconds, Stopping threads took: 0.0000163 seconds
[2019-12-09T02:59:30.962+0000][1][safepoint    ] Application time: 1.0000779 seconds
[2019-12-09T02:59:30.963+0000][1][safepoint    ] Entering safepoint region: Cleanup
[2019-12-09T02:59:30.963+0000][1][safepoint    ] Leaving safepoint region
[2019-12-09T02:59:30.963+0000][1][safepoint    ] Total time for which application threads were stopped: 0.0000809 seconds, Stopping threads took: 0.0000171 seconds
[2019-12-09T02:59:31.963+0000][1][safepoint    ] Application time: 1.0000751 seconds
[2019-12-09T02:59:31.963+0000][1][safepoint    ] Entering safepoint region: Cleanup
[2019-12-09T02:59:31.963+0000][1][safepoint    ] Leaving safepoint region
[2019-12-09T02:59:31.963+0000][1][safepoint    ] Total time for which application threads were stopped: 0.0000791 seconds, Stopping threads took: 0.0000165 seconds
[2019-12-09T02:59:32.963+0000][1][safepoint    ] Application time: 1.0000752 seconds
[2019-12-09T02:59:32.963+0000][1][safepoint    ] Entering safepoint region: Cleanup
[2019-12-09T02:59:32.963+0000][1][safepoint    ] Leaving safepoint region
[2019-12-09T02:59:32.963+0000][1][safepoint    ] Total time for which application threads were stopped: 0.0000766 seconds, Stopping threads took: 0.0000173 seconds
[2019-12-09T02:59:33.963+0000][1][safepoint    ] Application time: 1.0000763 seconds
[2019-12-09T02:59:33.963+0000][1][safepoint    ] Entering safepoint region: Cleanup
[2019-12-09T02:59:33.963+0000][1][safepoint    ] Leaving safepoint region
[2019-12-09T02:59:33.963+0000][1][safepoint    ] Total time for which application threads were stopped: 0.0000712 seconds, Stopping threads took: 0.0000160 seconds
[2019-12-09T02:59:34.963+0000][1][safepoint    ] Application time: 1.0000731 seconds
[2019-12-09T02:59:34.963+0000][1][safepoint    ] Entering safepoint region: Cleanup
[2019-12-09T02:59:34.963+0000][1][safepoint    ] Leaving safepoint region
[2019-12-09T02:59:34.963+0000][1][safepoint    ] Total time for which application threads were stopped: 0.0000743 seconds, Stopping threads took: 0.0000153 seconds
[2019-12-09T02:59:35.963+0000][1][safepoint    ] Application time: 1.0000752 seconds
[2019-12-09T02:59:35.963+0000][1][safepoint    ] Entering safepoint region: Cleanup
[2019-12-09T02:59:35.964+0000][1][safepoint    ] Leaving safepoint region
[2019-12-09T02:59:35.964+0000][1][safepoint    ] Total time for which application threads were stopped: 0.0000774 seconds, Stopping threads took: 0.0000176 seconds
[2019-12-09T02:59:36.964+0000][1][safepoint    ] Application time: 1.0000772 seconds
[2019-12-09T02:59:36.964+0000][1][safepoint    ] Entering safepoint region: Cleanup
[2019-12-09T02:59:36.964+0000][1][safepoint    ] Leaving safepoint region
[2019-12-09T02:59:36.964+0000][1][safepoint    ] Total time for which application threads were stopped: 0.0000949 seconds, Stopping threads took: 0.0000259 seconds
[2019-12-09T02:59:37.964+0000][1][safepoint    ] Application time: 1.0000757 seconds
[2019-12-09T02:59:37.964+0000][1][safepoint    ] Entering safepoint region: Cleanup
[2019-12-09T02:59:37.964+0000][1][safepoint    ] Leaving safepoint region
[2019-12-09T02:59:37.964+0000][1][safepoint    ] Total time for which application threads were stopped: 0.0000883 seconds, Stopping threads took: 0.0000262 seconds
[2019-12-09T02:59:38.964+0000][1][safepoint    ] Application time: 1.0000765 seconds
[2019-12-09T02:59:38.964+0000][1][safepoint    ] Entering safepoint region: Cleanup
[2019-12-09T02:59:38.964+0000][1][safepoint    ] Leaving safepoint region
[2019-12-09T02:59:38.964+0000][1][safepoint    ] Total time for which application threads were stopped: 0.0000743 seconds, Stopping threads took: 0.0000174 seconds
[2019-12-09T02:59:39.964+0000][1][safepoint    ] Application time: 1.0000757 seconds
[2019-12-09T02:59:39.964+0000][1][safepoint    ] Entering safepoint region: Cleanup
[2019-12-09T02:59:39.964+0000][1][safepoint    ] Leaving safepoint region
[2019-12-09T02:59:39.964+0000][1][safepoint    ] Total time for which application threads were stopped: 0.0000834 seconds, Stopping threads took: 0.0000224 seconds
[2019-12-09T02:59:40.964+0000][1][safepoint    ] Application time: 1.0000754 seconds
[2019-12-09T02:59:40.964+0000][1][safepoint    ] Entering safepoint region: Cleanup
[2019-12-09T02:59:40.965+0000][1][safepoint    ] Leaving safepoint region
[2019-12-09T02:59:40.965+0000][1][safepoint    ] Total time for which application threads were stopped: 0.0000951 seconds, Stopping threads took: 0.0000190 seconds
[2019-12-09T02:59:41.965+0000][1][safepoint    ] Application time: 1.0000749 seconds
[2019-12-09T02:59:41.965+0000][1][safepoint    ] Entering safepoint region: Cleanup
[2019-12-09T02:59:41.965+0000][1][safepoint    ] Leaving safepoint region
[2019-12-09T02:59:41.965+0000][1][safepoint    ] Total time for which application threads were stopped: 0.0000971 seconds, Stopping threads took: 0.0000276 seconds
[2019-12-09T02:59:42.965+0000][1][safepoint    ] Application time: 1.0000795 seconds
[2019-12-09T02:59:42.965+0000][1][safepoint    ] Entering safepoint region: Cleanup
[2019-12-09T02:59:42.965+0000][1][safepoint    ] Leaving safepoint region
[2019-12-09T02:59:42.965+0000][1][safepoint    ] Total time for which application threads were stopped: 0.0000823 seconds, Stopping threads took: 0.0000186 seconds
[2019-12-09T02:59:43.965+0000][1][safepoint    ] Application time: 1.0000804 seconds
[2019-12-09T02:59:43.965+0000][1][safepoint    ] Entering safepoint region: Cleanup
[2019-12-09T02:59:43.965+0000][1][safepoint    ] Leaving safepoint region
[2019-12-09T02:59:43.965+0000][1][safepoint    ] Total time for which application threads were stopped: 0.0001085 seconds, Stopping threads took: 0.0000256 seconds
[2019-12-09T02:59:44.965+0000][1][safepoint    ] Application time: 1.0000771 seconds
[2019-12-09T02:59:44.965+0000][1][safepoint    ] Entering safepoint region: Cleanup
[2019-12-09T02:59:44.965+0000][1][safepoint    ] Leaving safepoint region
[2019-12-09T02:59:44.965+0000][1][safepoint    ] Total time for which application threads were stopped: 0.0000783 seconds, Stopping threads took: 0.0000181 seconds
[2019-12-09T02:59:45.965+0000][1][safepoint    ] Application time: 1.0000776 seconds
[2019-12-09T02:59:45.966+0000][1][safepoint    ] Entering safepoint region: Cleanup
[2019-12-09T02:59:45.966+0000][1][safepoint    ] Leaving safepoint region
[2019-12-09T02:59:45.966+0000][1][safepoint    ] Total time for which application threads were stopped: 0.0000761 seconds, Stopping threads took: 0.0000167 seconds
[2019-12-09T02:59:46.966+0000][1][safepoint    ] Application time: 1.0000763 seconds
[2019-12-09T02:59:46.966+0000][1][safepoint    ] Entering safepoint region: Cleanup
[2019-12-09T02:59:46.966+0000][1][safepoint    ] Leaving safepoint region
[2019-12-09T02:59:46.966+0000][1][safepoint    ] Total time for which application threads were stopped: 0.0000802 seconds, Stopping threads took: 0.0000187 seconds
[2019-12-09T02:59:47.966+0000][1][safepoint    ] Application time: 1.0000756 seconds
[2019-12-09T02:59:47.966+0000][1][safepoint    ] Entering safepoint region: Cleanup
[2019-12-09T02:59:47.966+0000][1][safepoint    ] Leaving safepoint region
[2019-12-09T02:59:47.966+0000][1][safepoint    ] Total time for which application threads were stopped: 0.0000820 seconds, Stopping threads took: 0.0000194 seconds
[2019-12-09T02:59:48.966+0000][1][safepoint    ] Application time: 1.0000745 seconds
[2019-12-09T02:59:48.966+0000][1][safepoint    ] Entering safepoint region: Cleanup
[2019-12-09T02:59:48.966+0000][1][safepoint    ] Leaving safepoint region
[2019-12-09T02:59:48.966+0000][1][safepoint    ] Total time for which application threads were stopped: 0.0000767 seconds, Stopping threads took: 0.0000178 seconds
[2019-12-09T02:59:49.966+0000][1][safepoint    ] Application time: 1.0000761 seconds
[2019-12-09T02:59:49.966+0000][1][safepoint    ] Entering safepoint region: Cleanup
[2019-12-09T02:59:49.966+0000][1][safepoint    ] Leaving safepoint region
[2019-12-09T02:59:49.966+0000][1][safepoint    ] Total time for which application threads were stopped: 0.0000766 seconds, Stopping threads took: 0.0000173 seconds
[2019-12-09T02:59:50.966+0000][1][safepoint    ] Application time: 1.0000749 seconds
[2019-12-09T02:59:50.967+0000][1][safepoint    ] Entering safepoint region: Cleanup
[2019-12-09T02:59:50.967+0000][1][safepoint    ] Leaving safepoint region
[2019-12-09T02:59:50.967+0000][1][safepoint    ] Total time for which application threads were stopped: 0.0000792 seconds, Stopping threads took: 0.0000185 seconds
[2019-12-09T02:59:51.967+0000][1][safepoint    ] Application time: 1.0000755 seconds
[2019-12-09T02:59:51.967+0000][1][safepoint    ] Entering safepoint region: Cleanup
[2019-12-09T02:59:51.967+0000][1][safepoint    ] Leaving safepoint region
[2019-12-09T02:59:51.967+0000][1][safepoint    ] Total time for which application threads were stopped: 0.0000814 seconds, Stopping threads took: 0.0000165 seconds
[2019-12-09T02:59:52.967+0000][1][safepoint    ] Application time: 1.0000780 seconds
[2019-12-09T02:59:52.967+0000][1][safepoint    ] Entering safepoint region: Cleanup
[2019-12-09T02:59:52.967+0000][1][safepoint    ] Leaving safepoint region
[2019-12-09T02:59:52.967+0000][1][safepoint    ] Total time for which application threads were stopped: 0.0000825 seconds, Stopping threads took: 0.0000187 seconds
[2019-12-09T02:59:53.967+0000][1][safepoint    ] Application time: 1.0000751 seconds
[2019-12-09T02:59:53.967+0000][1][safepoint    ] Entering safepoint region: Cleanup
[2019-12-09T02:59:53.967+0000][1][safepoint    ] Leaving safepoint region
[2019-12-09T02:59:53.967+0000][1][safepoint    ] Total time for which application threads were stopped: 0.0000730 seconds, Stopping threads took: 0.0000164 seconds
[2019-12-09T02:59:54.807+0000][1][safepoint    ] Application time: 0.8399979 seconds
[2019-12-09T02:59:54.807+0000][1][safepoint    ] Entering safepoint region: GenCollectForAllocation
[2019-12-09T02:59:54.807+0000][1][gc,start     ] GC(30) Pause Young (Allocation Failure)
[2019-12-09T02:59:54.807+0000][1][gc,task      ] GC(30) Using 2 workers of 2 for evacuation
[2019-12-09T02:59:54.815+0000][1][gc,age       ] GC(30) Desired survivor size 4456448 bytes, new threshold 6 (max threshold 6)
[2019-12-09T02:59:54.815+0000][1][gc,age       ] GC(30) Age table with threshold 6 (max threshold 6)
[2019-12-09T02:59:54.815+0000][1][gc,age       ] GC(30) - age   1:      79160 bytes,      79160 total
[2019-12-09T02:59:54.815+0000][1][gc,age       ] GC(30) - age   2:       4304 bytes,      83464 total
[2019-12-09T02:59:54.815+0000][1][gc,age       ] GC(30) - age   3:      10864 bytes,      94328 total
[2019-12-09T02:59:54.815+0000][1][gc,age       ] GC(30) - age   4:       4184 bytes,      98512 total
[2019-12-09T02:59:54.815+0000][1][gc,age       ] GC(30) - age   5:       4504 bytes,     103016 total
[2019-12-09T02:59:54.815+0000][1][gc,age       ] GC(30) - age   6:     378632 bytes,     481648 total
[2019-12-09T02:59:54.815+0000][1][gc,heap      ] GC(30) ParNew: 73272K->2187K(78656K)
[2019-12-09T02:59:54.815+0000][1][gc,heap      ] GC(30) CMS: 67571K->69329K(174784K)
[2019-12-09T02:59:54.815+0000][1][gc,metaspace ] GC(30) Metaspace: 70956K->70956K(1114112K)
[2019-12-09T02:59:54.815+0000][1][gc           ] GC(30) Pause Young (Allocation Failure) 137M->69M(247M) 8.039ms
[2019-12-09T02:59:54.815+0000][1][gc,cpu       ] GC(30) User=0.02s Sys=0.00s Real=0.01s
[2019-12-09T02:59:54.815+0000][1][safepoint    ] Leaving safepoint region
[2019-12-09T02:59:54.815+0000][1][safepoint    ] Total time for which application threads were stopped: 0.0082035 seconds, Stopping threads took: 0.0000186 seconds
[2019-12-09T02:59:55.816+0000][1][safepoint    ] Application time: 1.0000903 seconds
[2019-12-09T02:59:55.816+0000][1][safepoint    ] Entering safepoint region: Cleanup
[2019-12-09T02:59:55.816+0000][1][safepoint    ] Leaving safepoint region
[2019-12-09T02:59:55.816+0000][1][safepoint    ] Total time for which application threads were stopped: 0.0000790 seconds, Stopping threads took: 0.0000191 seconds
[2019-12-09T02:59:56.816+0000][1][safepoint    ] Application time: 1.0000464 seconds
[2019-12-09T02:59:56.816+0000][1][safepoint    ] Entering safepoint region: Cleanup
[2019-12-09T02:59:56.816+0000][1][safepoint    ] Leaving safepoint region
[2019-12-09T02:59:56.816+0000][1][safepoint    ] Total time for which application threads were stopped: 0.0000762 seconds, Stopping threads took: 0.0000163 seconds
[2019-12-09T02:59:57.816+0000][1][safepoint    ] Application time: 1.0000735 seconds
[2019-12-09T02:59:57.816+0000][1][safepoint    ] Entering safepoint region: Cleanup
[2019-12-09T02:59:57.816+0000][1][safepoint    ] Leaving safepoint region
[2019-12-09T02:59:57.816+0000][1][safepoint    ] Total time for which application threads were stopped: 0.0000795 seconds, Stopping threads took: 0.0000173 seconds
[2019-12-09T02:59:58.816+0000][1][safepoint    ] Application time: 1.0000733 seconds
[2019-12-09T02:59:58.816+0000][1][safepoint    ] Entering safepoint region: Cleanup
[2019-12-09T02:59:58.816+0000][1][safepoint    ] Leaving safepoint region
[2019-12-09T02:59:58.816+0000][1][safepoint    ] Total time for which application threads were stopped: 0.0000760 seconds, Stopping threads took: 0.0000165 seconds
[2019-12-09T02:59:59.816+0000][1][safepoint    ] Application time: 1.0000753 seconds
[2019-12-09T02:59:59.816+0000][1][safepoint    ] Entering safepoint region: Cleanup
[2019-12-09T02:59:59.816+0000][1][safepoint    ] Leaving safepoint region
[2019-12-09T02:59:59.816+0000][1][safepoint    ] Total time for which application threads were stopped: 0.0000788 seconds, Stopping threads took: 0.0000186 seconds
[2019-12-09T03:00:00.816+0000][1][safepoint    ] Application time: 1.0000754 seconds
[2019-12-09T03:00:00.817+0000][1][safepoint    ] Entering safepoint region: Cleanup
[2019-12-09T03:00:00.817+0000][1][safepoint    ] Leaving safepoint region
[2019-12-09T03:00:00.817+0000][1][safepoint    ] Total time for which application threads were stopped: 0.0000845 seconds, Stopping threads took: 0.0000167 seconds
[2019-12-09T03:00:01.817+0000][1][safepoint    ] Application time: 1.0000761 seconds
[2019-12-09T03:00:01.817+0000][1][safepoint    ] Entering safepoint region: Cleanup
[2019-12-09T03:00:01.817+0000][1][safepoint    ] Leaving safepoint region
[2019-12-09T03:00:01.817+0000][1][safepoint    ] Total time for which application threads were stopped: 0.0000788 seconds, Stopping threads took: 0.0000177 seconds
[2019-12-09T03:00:02.817+0000][1][safepoint    ] Application time: 1.0000772 seconds
[2019-12-09T03:00:02.817+0000][1][safepoint    ] Entering safepoint region: Cleanup
[2019-12-09T03:00:02.817+0000][1][safepoint    ] Leaving safepoint region
[2019-12-09T03:00:02.817+0000][1][safepoint    ] Total time for which application threads were stopped: 0.0000777 seconds, Stopping threads took: 0.0000172 seconds
[2019-12-09T03:00:03.817+0000][1][safepoint    ] Application time: 1.0000740 seconds
[2019-12-09T03:00:03.817+0000][1][safepoint    ] Entering safepoint region: Cleanup
[2019-12-09T03:00:03.817+0000][1][safepoint    ] Leaving safepoint region
[2019-12-09T03:00:03.817+0000][1][safepoint    ] Total time for which application threads were stopped: 0.0000785 seconds, Stopping threads took: 0.0000168 seconds
[2019-12-09T03:00:04.817+0000][1][safepoint    ] Application time: 1.0000754 seconds
[2019-12-09T03:00:04.817+0000][1][safepoint    ] Entering safepoint region: Cleanup
[2019-12-09T03:00:04.817+0000][1][safepoint    ] Leaving safepoint region
[2019-12-09T03:00:04.817+0000][1][safepoint    ] Total time for which application threads were stopped: 0.0000890 seconds, Stopping threads took: 0.0000235 seconds
[2019-12-09T03:00:05.817+0000][1][safepoint    ] Application time: 1.0000759 seconds
[2019-12-09T03:00:05.818+0000][1][safepoint    ] Entering safepoint region: Cleanup
[2019-12-09T03:00:05.818+0000][1][safepoint    ] Leaving safepoint region
[2019-12-09T03:00:05.818+0000][1][safepoint    ] Total time for which application threads were stopped: 0.0000838 seconds, Stopping threads took: 0.0000176 seconds
[2019-12-09T03:00:06.818+0000][1][safepoint    ] Application time: 1.0000764 seconds
[2019-12-09T03:00:06.818+0000][1][safepoint    ] Entering safepoint region: Cleanup
[2019-12-09T03:00:06.818+0000][1][safepoint    ] Leaving safepoint region
[2019-12-09T03:00:06.818+0000][1][safepoint    ] Total time for which application threads were stopped: 0.0000801 seconds, Stopping threads took: 0.0000161 seconds
[2019-12-09T03:00:07.818+0000][1][safepoint    ] Application time: 1.0000754 seconds
[2019-12-09T03:00:07.818+0000][1][safepoint    ] Entering safepoint region: Cleanup
[2019-12-09T03:00:07.818+0000][1][safepoint    ] Leaving safepoint region
[2019-12-09T03:00:07.818+0000][1][safepoint    ] Total time for which application threads were stopped: 0.0000772 seconds, Stopping threads took: 0.0000170 seconds
[2019-12-09T03:00:08.818+0000][1][safepoint    ] Application time: 1.0000744 seconds
[2019-12-09T03:00:08.818+0000][1][safepoint    ] Entering safepoint region: Cleanup
[2019-12-09T03:00:08.818+0000][1][safepoint    ] Leaving safepoint region
[2019-12-09T03:00:08.818+0000][1][safepoint    ] Total time for which application threads were stopped: 0.0000843 seconds, Stopping threads took: 0.0000247 seconds
[2019-12-09T03:00:09.818+0000][1][safepoint    ] Application time: 1.0000721 seconds
[2019-12-09T03:00:09.818+0000][1][safepoint    ] Entering safepoint region: Cleanup
[2019-12-09T03:00:09.818+0000][1][safepoint    ] Leaving safepoint region
[2019-12-09T03:00:09.818+0000][1][safepoint    ] Total time for which application threads were stopped: 0.0000779 seconds, Stopping threads took: 0.0000169 seconds
[2019-12-09T03:00:10.818+0000][1][safepoint    ] Application time: 1.0000750 seconds
[2019-12-09T03:00:10.818+0000][1][safepoint    ] Entering safepoint region: Cleanup
[2019-12-09T03:00:10.819+0000][1][safepoint    ] Leaving safepoint region
[2019-12-09T03:00:10.819+0000][1][safepoint    ] Total time for which application threads were stopped: 0.0000787 seconds, Stopping threads took: 0.0000176 seconds
[2019-12-09T03:00:11.819+0000][1][safepoint    ] Application time: 1.0000750 seconds
[2019-12-09T03:00:11.819+0000][1][safepoint    ] Entering safepoint region: Cleanup
[2019-12-09T03:00:11.819+0000][1][safepoint    ] Leaving safepoint region
[2019-12-09T03:00:11.819+0000][1][safepoint    ] Total time for which application threads were stopped: 0.0000792 seconds, Stopping threads took: 0.0000163 seconds
[2019-12-09T03:00:12.819+0000][1][safepoint    ] Application time: 1.0000765 seconds
[2019-12-09T03:00:12.819+0000][1][safepoint    ] Entering safepoint region: Cleanup
[2019-12-09T03:00:12.819+0000][1][safepoint    ] Leaving safepoint region
[2019-12-09T03:00:12.819+0000][1][safepoint    ] Total time for which application threads were stopped: 0.0000778 seconds, Stopping threads took: 0.0000169 seconds
[2019-12-09T03:00:13.819+0000][1][safepoint    ] Application time: 1.0000876 seconds
[2019-12-09T03:00:13.819+0000][1][safepoint    ] Entering safepoint region: Cleanup
[2019-12-09T03:00:13.819+0000][1][safepoint    ] Leaving safepoint region
[2019-12-09T03:00:13.819+0000][1][safepoint    ] Total time for which application threads were stopped: 0.0000992 seconds, Stopping threads took: 0.0000243 seconds
[2019-12-09T03:00:14.819+0000][1][safepoint    ] Application time: 1.0000852 seconds
[2019-12-09T03:00:14.819+0000][1][safepoint    ] Entering safepoint region: Cleanup
[2019-12-09T03:00:14.819+0000][1][safepoint    ] Leaving safepoint region
[2019-12-09T03:00:14.819+0000][1][safepoint    ] Total time for which application threads were stopped: 0.0000907 seconds, Stopping threads took: 0.0000179 seconds
[2019-12-09T03:00:15.820+0000][1][safepoint    ] Application time: 1.0000773 seconds
[2019-12-09T03:00:15.820+0000][1][safepoint    ] Entering safepoint region: Cleanup
[2019-12-09T03:00:15.820+0000][1][safepoint    ] Leaving safepoint region
[2019-12-09T03:00:15.820+0000][1][safepoint    ] Total time for which application threads were stopped: 0.0000779 seconds, Stopping threads took: 0.0000174 seconds
[2019-12-09T03:00:16.820+0000][1][safepoint    ] Application time: 1.0000750 seconds
[2019-12-09T03:00:16.820+0000][1][safepoint    ] Entering safepoint region: Cleanup
[2019-12-09T03:00:16.820+0000][1][safepoint    ] Leaving safepoint region
[2019-12-09T03:00:16.820+0000][1][safepoint    ] Total time for which application threads were stopped: 0.0000774 seconds, Stopping threads took: 0.0000173 seconds
[2019-12-09T03:00:17.820+0000][1][safepoint    ] Application time: 1.0000769 seconds
[2019-12-09T03:00:17.820+0000][1][safepoint    ] Entering safepoint region: Cleanup
[2019-12-09T03:00:17.820+0000][1][safepoint    ] Leaving safepoint region
[2019-12-09T03:00:17.820+0000][1][safepoint    ] Total time for which application threads were stopped: 0.0000796 seconds, Stopping threads took: 0.0000183 seconds
[2019-12-09T03:00:18.820+0000][1][safepoint    ] Application time: 1.0000787 seconds
[2019-12-09T03:00:18.820+0000][1][safepoint    ] Entering safepoint region: Cleanup
[2019-12-09T03:00:18.820+0000][1][safepoint    ] Leaving safepoint region
[2019-12-09T03:00:18.820+0000][1][safepoint    ] Total time for which application threads were stopped: 0.0000755 seconds, Stopping threads took: 0.0000163 seconds
[2019-12-09T03:00:19.820+0000][1][safepoint    ] Application time: 1.0000804 seconds
[2019-12-09T03:00:19.820+0000][1][safepoint    ] Entering safepoint region: Cleanup
[2019-12-09T03:00:19.820+0000][1][safepoint    ] Leaving safepoint region
[2019-12-09T03:00:19.820+0000][1][safepoint    ] Total time for which application threads were stopped: 0.0000752 seconds, Stopping threads took: 0.0000160 seconds
[2019-12-09T03:00:20.821+0000][1][safepoint    ] Application time: 1.0000872 seconds
[2019-12-09T03:00:20.821+0000][1][safepoint    ] Entering safepoint region: Cleanup
[2019-12-09T03:00:20.821+0000][1][safepoint    ] Leaving safepoint region
[2019-12-09T03:00:20.821+0000][1][safepoint    ] Total time for which application threads were stopped: 0.0001093 seconds, Stopping threads took: 0.0000263 seconds
[2019-12-09T03:00:21.821+0000][1][safepoint    ] Application time: 1.0000758 seconds
[2019-12-09T03:00:21.821+0000][1][safepoint    ] Entering safepoint region: Cleanup
[2019-12-09T03:00:21.821+0000][1][safepoint    ] Leaving safepoint region
[2019-12-09T03:00:21.821+0000][1][safepoint    ] Total time for which application threads were stopped: 0.0000993 seconds, Stopping threads took: 0.0000188 seconds
[2019-12-09T03:00:22.821+0000][1][safepoint    ] Application time: 1.0000811 seconds
[2019-12-09T03:00:22.821+0000][1][safepoint    ] Entering safepoint region: Cleanup
[2019-12-09T03:00:22.821+0000][1][safepoint    ] Leaving safepoint region
[2019-12-09T03:00:22.821+0000][1][safepoint    ] Total time for which application threads were stopped: 0.0000801 seconds, Stopping threads took: 0.0000186 seconds
[2019-12-09T03:00:23.821+0000][1][safepoint    ] Application time: 1.0000776 seconds
[2019-12-09T03:00:23.821+0000][1][safepoint    ] Entering safepoint region: Cleanup
[2019-12-09T03:00:23.821+0000][1][safepoint    ] Leaving safepoint region
[2019-12-09T03:00:23.821+0000][1][safepoint    ] Total time for which application threads were stopped: 0.0000806 seconds, Stopping threads took: 0.0000186 seconds
[2019-12-09T03:00:24.821+0000][1][safepoint    ] Application time: 1.0000746 seconds
[2019-12-09T03:00:24.821+0000][1][safepoint    ] Entering safepoint region: Cleanup
[2019-12-09T03:00:24.821+0000][1][safepoint    ] Leaving safepoint region
[2019-12-09T03:00:24.821+0000][1][safepoint    ] Total time for which application threads were stopped: 0.0000795 seconds, Stopping threads took: 0.0000175 seconds
[2019-12-09T03:00:25.822+0000][1][safepoint    ] Application time: 1.0000784 seconds
[2019-12-09T03:00:25.822+0000][1][safepoint    ] Entering safepoint region: Cleanup
[2019-12-09T03:00:25.822+0000][1][safepoint    ] Leaving safepoint region
[2019-12-09T03:00:25.822+0000][1][safepoint    ] Total time for which application threads were stopped: 0.0000814 seconds, Stopping threads took: 0.0000186 seconds
[2019-12-09T03:00:26.822+0000][1][safepoint    ] Application time: 1.0000753 seconds
[2019-12-09T03:00:26.822+0000][1][safepoint    ] Entering safepoint region: Cleanup
[2019-12-09T03:00:26.822+0000][1][safepoint    ] Leaving safepoint region
[2019-12-09T03:00:26.822+0000][1][safepoint    ] Total time for which application threads were stopped: 0.0000788 seconds, Stopping threads took: 0.0000177 seconds
[2019-12-09T03:00:27.822+0000][1][safepoint    ] Application time: 1.0000758 seconds
[2019-12-09T03:00:27.822+0000][1][safepoint    ] Entering safepoint region: Cleanup
[2019-12-09T03:00:27.822+0000][1][safepoint    ] Leaving safepoint region
[2019-12-09T03:00:27.822+0000][1][safepoint    ] Total time for which application threads were stopped: 0.0000814 seconds, Stopping threads took: 0.0000198 seconds
[2019-12-09T03:00:28.822+0000][1][safepoint    ] Application time: 1.0000774 seconds
[2019-12-09T03:00:28.822+0000][1][safepoint    ] Entering safepoint region: Cleanup
[2019-12-09T03:00:28.822+0000][1][safepoint    ] Leaving safepoint region
[2019-12-09T03:00:28.822+0000][1][safepoint    ] Total time for which application threads were stopped: 0.0000827 seconds, Stopping threads took: 0.0000199 seconds
[2019-12-09T03:00:29.822+0000][1][safepoint    ] Application time: 1.0000756 seconds
[2019-12-09T03:00:29.822+0000][1][safepoint    ] Entering safepoint region: Cleanup
[2019-12-09T03:00:29.822+0000][1][safepoint    ] Leaving safepoint region
[2019-12-09T03:00:29.822+0000][1][safepoint    ] Total time for which application threads were stopped: 0.0000784 seconds, Stopping threads took: 0.0000170 seconds
[2019-12-09T03:00:30.823+0000][1][safepoint    ] Application time: 1.0000745 seconds
[2019-12-09T03:00:30.823+0000][1][safepoint    ] Entering safepoint region: Cleanup
[2019-12-09T03:00:30.823+0000][1][safepoint    ] Leaving safepoint region
[2019-12-09T03:00:30.823+0000][1][safepoint    ] Total time for which application threads were stopped: 0.0000925 seconds, Stopping threads took: 0.0000189 seconds
[2019-12-09T03:00:31.823+0000][1][safepoint    ] Application time: 1.0000759 seconds
[2019-12-09T03:00:31.823+0000][1][safepoint    ] Entering safepoint region: Cleanup
[2019-12-09T03:00:31.823+0000][1][safepoint    ] Leaving safepoint region
[2019-12-09T03:00:31.823+0000][1][safepoint    ] Total time for which application threads were stopped: 0.0000816 seconds, Stopping threads took: 0.0000193 seconds
[2019-12-09T03:00:32.823+0000][1][safepoint    ] Application time: 1.0000763 seconds
[2019-12-09T03:00:32.823+0000][1][safepoint    ] Entering safepoint region: Cleanup
[2019-12-09T03:00:32.823+0000][1][safepoint    ] Leaving safepoint region
[2019-12-09T03:00:32.823+0000][1][safepoint    ] Total time for which application threads were stopped: 0.0000889 seconds, Stopping threads took: 0.0000189 seconds
[2019-12-09T03:00:33.823+0000][1][safepoint    ] Application time: 1.0000758 seconds
[2019-12-09T03:00:33.823+0000][1][safepoint    ] Entering safepoint region: Cleanup
[2019-12-09T03:00:33.823+0000][1][safepoint    ] Leaving safepoint region
[2019-12-09T03:00:33.823+0000][1][safepoint    ] Total time for which application threads were stopped: 0.0000805 seconds, Stopping threads took: 0.0000189 seconds
[2019-12-09T03:00:34.823+0000][1][safepoint    ] Application time: 1.0000791 seconds
[2019-12-09T03:00:34.823+0000][1][safepoint    ] Entering safepoint region: Cleanup
[2019-12-09T03:00:34.823+0000][1][safepoint    ] Leaving safepoint region
[2019-12-09T03:00:34.824+0000][1][safepoint    ] Total time for which application threads were stopped: 0.0000862 seconds, Stopping threads took: 0.0000207 seconds
[2019-12-09T03:00:35.824+0000][1][safepoint    ] Application time: 1.0000774 seconds
[2019-12-09T03:00:35.824+0000][1][safepoint    ] Entering safepoint region: Cleanup
[2019-12-09T03:00:35.824+0000][1][safepoint    ] Leaving safepoint region
[2019-12-09T03:00:35.824+0000][1][safepoint    ] Total time for which application threads were stopped: 0.0000956 seconds, Stopping threads took: 0.0000179 seconds
[2019-12-09T03:00:36.824+0000][1][safepoint    ] Application time: 1.0000766 seconds
[2019-12-09T03:00:36.824+0000][1][safepoint    ] Entering safepoint region: Cleanup
[2019-12-09T03:00:36.824+0000][1][safepoint    ] Leaving safepoint region
[2019-12-09T03:00:36.824+0000][1][safepoint    ] Total time for which application threads were stopped: 0.0000803 seconds, Stopping threads took: 0.0000189 seconds
[2019-12-09T03:00:37.824+0000][1][safepoint    ] Application time: 1.0000748 seconds
[2019-12-09T03:00:37.824+0000][1][safepoint    ] Entering safepoint region: Cleanup
[2019-12-09T03:00:37.824+0000][1][safepoint    ] Leaving safepoint region
[2019-12-09T03:00:37.824+0000][1][safepoint    ] Total time for which application threads were stopped: 0.0000849 seconds, Stopping threads took: 0.0000187 seconds
[2019-12-09T03:00:38.824+0000][1][safepoint    ] Application time: 1.0000759 seconds
[2019-12-09T03:00:38.824+0000][1][safepoint    ] Entering safepoint region: Cleanup
[2019-12-09T03:00:38.824+0000][1][safepoint    ] Leaving safepoint region
[2019-12-09T03:00:38.824+0000][1][safepoint    ] Total time for which application threads were stopped: 0.0000901 seconds, Stopping threads took: 0.0000276 seconds
[2019-12-09T03:00:39.824+0000][1][safepoint    ] Application time: 1.0000747 seconds
[2019-12-09T03:00:39.824+0000][1][safepoint    ] Entering safepoint region: Cleanup
[2019-12-09T03:00:39.825+0000][1][safepoint    ] Leaving safepoint region
[2019-12-09T03:00:39.825+0000][1][safepoint    ] Total time for which application threads were stopped: 0.0000853 seconds, Stopping threads took: 0.0000192 seconds
[2019-12-09T03:00:40.825+0000][1][safepoint    ] Application time: 1.0000681 seconds
[2019-12-09T03:00:40.825+0000][1][safepoint    ] Entering safepoint region: Cleanup
[2019-12-09T03:00:40.825+0000][1][safepoint    ] Leaving safepoint region
[2019-12-09T03:00:40.825+0000][1][safepoint    ] Total time for which application threads were stopped: 0.0001347 seconds, Stopping threads took: 0.0000501 seconds
[2019-12-09T03:00:41.825+0000][1][safepoint    ] Application time: 1.0000755 seconds
[2019-12-09T03:00:41.825+0000][1][safepoint    ] Entering safepoint region: Cleanup
[2019-12-09T03:00:41.825+0000][1][safepoint    ] Leaving safepoint region
[2019-12-09T03:00:41.825+0000][1][safepoint    ] Total time for which application threads were stopped: 0.0000842 seconds, Stopping threads took: 0.0000202 seconds
[2019-12-09T03:00:42.825+0000][1][safepoint    ] Application time: 1.0000744 seconds
[2019-12-09T03:00:42.825+0000][1][safepoint    ] Entering safepoint region: Cleanup
[2019-12-09T03:00:42.825+0000][1][safepoint    ] Leaving safepoint region
[2019-12-09T03:00:42.825+0000][1][safepoint    ] Total time for which application threads were stopped: 0.0000823 seconds, Stopping threads took: 0.0000195 seconds
[2019-12-09T03:00:43.825+0000][1][safepoint    ] Application time: 1.0000756 seconds
[2019-12-09T03:00:43.825+0000][1][safepoint    ] Entering safepoint region: Cleanup
[2019-12-09T03:00:43.825+0000][1][safepoint    ] Leaving safepoint region
[2019-12-09T03:00:43.825+0000][1][safepoint    ] Total time for which application threads were stopped: 0.0000809 seconds, Stopping threads took: 0.0000182 seconds
[2019-12-09T03:00:44.825+0000][1][safepoint    ] Application time: 1.0000756 seconds
[2019-12-09T03:00:44.826+0000][1][safepoint    ] Entering safepoint region: Cleanup
[2019-12-09T03:00:44.826+0000][1][safepoint    ] Leaving safepoint region
[2019-12-09T03:00:44.826+0000][1][safepoint    ] Total time for which application threads were stopped: 0.0000812 seconds, Stopping threads took: 0.0000186 seconds
[2019-12-09T03:00:45.826+0000][1][safepoint    ] Application time: 1.0000759 seconds
[2019-12-09T03:00:45.826+0000][1][safepoint    ] Entering safepoint region: Cleanup
[2019-12-09T03:00:45.826+0000][1][safepoint    ] Leaving safepoint region
[2019-12-09T03:00:45.826+0000][1][safepoint    ] Total time for which application threads were stopped: 0.0000850 seconds, Stopping threads took: 0.0000221 seconds
[2019-12-09T03:00:46.826+0000][1][safepoint    ] Application time: 1.0000774 seconds
[2019-12-09T03:00:46.826+0000][1][safepoint    ] Entering safepoint region: Cleanup
[2019-12-09T03:00:46.826+0000][1][safepoint    ] Leaving safepoint region
[2019-12-09T03:00:46.826+0000][1][safepoint    ] Total time for which application threads were stopped: 0.0000797 seconds, Stopping threads took: 0.0000184 seconds
[2019-12-09T03:00:47.826+0000][1][safepoint    ] Application time: 1.0000764 seconds
[2019-12-09T03:00:47.826+0000][1][safepoint    ] Entering safepoint region: Cleanup
[2019-12-09T03:00:47.826+0000][1][safepoint    ] Leaving safepoint region
[2019-12-09T03:00:47.826+0000][1][safepoint    ] Total time for which application threads were stopped: 0.0000831 seconds, Stopping threads took: 0.0000200 seconds
[2019-12-09T03:00:48.826+0000][1][safepoint    ] Application time: 1.0000766 seconds
[2019-12-09T03:00:48.826+0000][1][safepoint    ] Entering safepoint region: Cleanup
[2019-12-09T03:00:48.826+0000][1][safepoint    ] Leaving safepoint region
[2019-12-09T03:00:48.826+0000][1][safepoint    ] Total time for which application threads were stopped: 0.0000871 seconds, Stopping threads took: 0.0000253 seconds
[2019-12-09T03:00:49.827+0000][1][safepoint    ] Application time: 1.0000768 seconds
[2019-12-09T03:00:49.827+0000][1][safepoint    ] Entering safepoint region: Cleanup
[2019-12-09T03:00:49.827+0000][1][safepoint    ] Leaving safepoint region
[2019-12-09T03:00:49.827+0000][1][safepoint    ] Total time for which application threads were stopped: 0.0000787 seconds, Stopping threads took: 0.0000185 seconds
[2019-12-09T03:00:50.827+0000][1][safepoint    ] Application time: 1.0000761 seconds
[2019-12-09T03:00:50.827+0000][1][safepoint    ] Entering safepoint region: Cleanup
[2019-12-09T03:00:50.827+0000][1][safepoint    ] Leaving safepoint region
[2019-12-09T03:00:50.827+0000][1][safepoint    ] Total time for which application threads were stopped: 0.0000821 seconds, Stopping threads took: 0.0000199 seconds
[2019-12-09T03:00:51.827+0000][1][safepoint    ] Application time: 1.0000766 seconds
[2019-12-09T03:00:51.827+0000][1][safepoint    ] Entering safepoint region: Cleanup
[2019-12-09T03:00:51.827+0000][1][safepoint    ] Leaving safepoint region
[2019-12-09T03:00:51.827+0000][1][safepoint    ] Total time for which application threads were stopped: 0.0000830 seconds, Stopping threads took: 0.0000171 seconds
[2019-12-09T03:00:52.827+0000][1][safepoint    ] Application time: 1.0000773 seconds
[2019-12-09T03:00:52.827+0000][1][safepoint    ] Entering safepoint region: Cleanup
[2019-12-09T03:00:52.827+0000][1][safepoint    ] Leaving safepoint region
[2019-12-09T03:00:52.827+0000][1][safepoint    ] Total time for which application threads were stopped: 0.0000821 seconds, Stopping threads took: 0.0000193 seconds
[2019-12-09T03:00:53.827+0000][1][safepoint    ] Application time: 1.0000760 seconds
[2019-12-09T03:00:53.827+0000][1][safepoint    ] Entering safepoint region: Cleanup
[2019-12-09T03:00:53.827+0000][1][safepoint    ] Leaving safepoint region
[2019-12-09T03:00:53.827+0000][1][safepoint    ] Total time for which application threads were stopped: 0.0000752 seconds, Stopping threads took: 0.0000170 seconds
[2019-12-09T03:00:54.827+0000][1][safepoint    ] Application time: 1.0000740 seconds
[2019-12-09T03:00:54.828+0000][1][safepoint    ] Entering safepoint region: Cleanup
[2019-12-09T03:00:54.828+0000][1][safepoint    ] Leaving safepoint region
[2019-12-09T03:00:54.828+0000][1][safepoint    ] Total time for which application threads were stopped: 0.0000841 seconds, Stopping threads took: 0.0000184 seconds
[2019-12-09T03:00:55.828+0000][1][safepoint    ] Application time: 1.0000758 seconds
[2019-12-09T03:00:55.828+0000][1][safepoint    ] Entering safepoint region: Cleanup
[2019-12-09T03:00:55.828+0000][1][safepoint    ] Leaving safepoint region
[2019-12-09T03:00:55.828+0000][1][safepoint    ] Total time for which application threads were stopped: 0.0000773 seconds, Stopping threads took: 0.0000172 seconds
[2019-12-09T03:00:56.828+0000][1][safepoint    ] Application time: 1.0000751 seconds
[2019-12-09T03:00:56.828+0000][1][safepoint    ] Entering safepoint region: Cleanup
[2019-12-09T03:00:56.828+0000][1][safepoint    ] Leaving safepoint region
[2019-12-09T03:00:56.828+0000][1][safepoint    ] Total time for which application threads were stopped: 0.0000787 seconds, Stopping threads took: 0.0000182 seconds
[2019-12-09T03:00:57.828+0000][1][safepoint    ] Application time: 1.0000756 seconds
[2019-12-09T03:00:57.828+0000][1][safepoint    ] Entering safepoint region: Cleanup
[2019-12-09T03:00:57.828+0000][1][safepoint    ] Leaving safepoint region
[2019-12-09T03:00:57.828+0000][1][safepoint    ] Total time for which application threads were stopped: 0.0000801 seconds, Stopping threads took: 0.0000180 seconds
[2019-12-09T03:00:58.828+0000][1][safepoint    ] Application time: 1.0000771 seconds
[2019-12-09T03:00:58.828+0000][1][safepoint    ] Entering safepoint region: Cleanup
[2019-12-09T03:00:58.828+0000][1][safepoint    ] Leaving safepoint region
[2019-12-09T03:00:58.828+0000][1][safepoint    ] Total time for which application threads were stopped: 0.0000880 seconds, Stopping threads took: 0.0000185 seconds
[2019-12-09T03:00:59.829+0000][1][safepoint    ] Application time: 1.0000769 seconds
[2019-12-09T03:00:59.829+0000][1][safepoint    ] Entering safepoint region: Cleanup
[2019-12-09T03:00:59.829+0000][1][safepoint    ] Leaving safepoint region
[2019-12-09T03:00:59.829+0000][1][safepoint    ] Total time for which application threads were stopped: 0.0000800 seconds, Stopping threads took: 0.0000177 seconds
[2019-12-09T03:01:00.829+0000][1][safepoint    ] Application time: 1.0000747 seconds
[2019-12-09T03:01:00.829+0000][1][safepoint    ] Entering safepoint region: Cleanup
[2019-12-09T03:01:00.829+0000][1][safepoint    ] Leaving safepoint region
[2019-12-09T03:01:00.829+0000][1][safepoint    ] Total time for which application threads were stopped: 0.0000779 seconds, Stopping threads took: 0.0000172 seconds
[2019-12-09T03:01:01.829+0000][1][safepoint    ] Application time: 1.0000764 seconds
[2019-12-09T03:01:01.829+0000][1][safepoint    ] Entering safepoint region: Cleanup
[2019-12-09T03:01:01.829+0000][1][safepoint    ] Leaving safepoint region
[2019-12-09T03:01:01.829+0000][1][safepoint    ] Total time for which application threads were stopped: 0.0000869 seconds, Stopping threads took: 0.0000190 seconds
[2019-12-09T03:01:02.829+0000][1][safepoint    ] Application time: 1.0000766 seconds
[2019-12-09T03:01:02.829+0000][1][safepoint    ] Entering safepoint region: Cleanup
[2019-12-09T03:01:02.829+0000][1][safepoint    ] Leaving safepoint region
[2019-12-09T03:01:02.829+0000][1][safepoint    ] Total time for which application threads were stopped: 0.0000793 seconds, Stopping threads took: 0.0000180 seconds
[2019-12-09T03:01:03.829+0000][1][safepoint    ] Application time: 1.0000750 seconds
[2019-12-09T03:01:03.829+0000][1][safepoint    ] Entering safepoint region: Cleanup
[2019-12-09T03:01:03.829+0000][1][safepoint    ] Leaving safepoint region
[2019-12-09T03:01:03.829+0000][1][safepoint    ] Total time for which application threads were stopped: 0.0000781 seconds, Stopping threads took: 0.0000181 seconds
[2019-12-09T03:01:04.830+0000][1][safepoint    ] Application time: 1.0000759 seconds
[2019-12-09T03:01:04.830+0000][1][safepoint    ] Entering safepoint region: Cleanup
[2019-12-09T03:01:04.830+0000][1][safepoint    ] Leaving safepoint region
[2019-12-09T03:01:04.830+0000][1][safepoint    ] Total time for which application threads were stopped: 0.0000782 seconds, Stopping threads took: 0.0000182 seconds
[2019-12-09T03:01:04.843+0000][1][safepoint    ] Application time: 0.0131644 seconds
[2019-12-09T03:01:04.843+0000][1][safepoint    ] Entering safepoint region: GenCollectForAllocation
[2019-12-09T03:01:04.843+0000][1][gc,start     ] GC(31) Pause Young (Allocation Failure)
[2019-12-09T03:01:04.843+0000][1][gc,task      ] GC(31) Using 2 workers of 2 for evacuation
[2019-12-09T03:01:04.846+0000][1][gc,age       ] GC(31) Desired survivor size 4456448 bytes, new threshold 6 (max threshold 6)
[2019-12-09T03:01:04.846+0000][1][gc,age       ] GC(31) Age table with threshold 6 (max threshold 6)
[2019-12-09T03:01:04.846+0000][1][gc,age       ] GC(31) - age   1:      75720 bytes,      75720 total
[2019-12-09T03:01:04.846+0000][1][gc,age       ] GC(31) - age   2:       4280 bytes,      80000 total
[2019-12-09T03:01:04.846+0000][1][gc,age       ] GC(31) - age   3:       4208 bytes,      84208 total
[2019-12-09T03:01:04.846+0000][1][gc,age       ] GC(31) - age   4:      10776 bytes,      94984 total
[2019-12-09T03:01:04.846+0000][1][gc,age       ] GC(31) - age   5:       4184 bytes,      99168 total
[2019-12-09T03:01:04.846+0000][1][gc,age       ] GC(31) - age   6:       4504 bytes,     103672 total
[2019-12-09T03:01:04.846+0000][1][gc,heap      ] GC(31) ParNew: 72139K->664K(78656K)
[2019-12-09T03:01:04.846+0000][1][gc,heap      ] GC(31) CMS: 69329K->69705K(174784K)
[2019-12-09T03:01:04.846+0000][1][gc,metaspace ] GC(31) Metaspace: 70981K->70981K(1114112K)
[2019-12-09T03:01:04.846+0000][1][gc           ] GC(31) Pause Young (Allocation Failure) 138M->68M(247M) 3.254ms
[2019-12-09T03:01:04.846+0000][1][gc,cpu       ] GC(31) User=0.01s Sys=0.00s Real=0.01s
[2019-12-09T03:01:04.846+0000][1][safepoint    ] Leaving safepoint region
[2019-12-09T03:01:04.846+0000][1][safepoint    ] Total time for which application threads were stopped: 0.0034085 seconds, Stopping threads took: 0.0000199 seconds
[2019-12-09T03:01:05.846+0000][1][safepoint    ] Application time: 1.0000908 seconds
[2019-12-09T03:01:05.846+0000][1][safepoint    ] Entering safepoint region: Cleanup
[2019-12-09T03:01:05.846+0000][1][safepoint    ] Leaving safepoint region
[2019-12-09T03:01:05.846+0000][1][safepoint    ] Total time for which application threads were stopped: 0.0000809 seconds, Stopping threads took: 0.0000194 seconds
[2019-12-09T03:01:06.847+0000][1][safepoint    ] Application time: 1.0000763 seconds
[2019-12-09T03:01:06.847+0000][1][safepoint    ] Entering safepoint region: Cleanup
[2019-12-09T03:01:06.847+0000][1][safepoint    ] Leaving safepoint region
[2019-12-09T03:01:06.847+0000][1][safepoint    ] Total time for which application threads were stopped: 0.0000871 seconds, Stopping threads took: 0.0000180 seconds
[2019-12-09T03:01:07.847+0000][1][safepoint    ] Application time: 1.0000761 seconds
[2019-12-09T03:01:07.847+0000][1][safepoint    ] Entering safepoint region: Cleanup
[2019-12-09T03:01:07.847+0000][1][safepoint    ] Leaving safepoint region
[2019-12-09T03:01:07.847+0000][1][safepoint    ] Total time for which application threads were stopped: 0.0000826 seconds, Stopping threads took: 0.0000192 seconds
[2019-12-09T03:01:08.847+0000][1][safepoint    ] Application time: 1.0000764 seconds
[2019-12-09T03:01:08.847+0000][1][safepoint    ] Entering safepoint region: Cleanup
[2019-12-09T03:01:08.847+0000][1][safepoint    ] Leaving safepoint region
[2019-12-09T03:01:08.847+0000][1][safepoint    ] Total time for which application threads were stopped: 0.0000838 seconds, Stopping threads took: 0.0000202 seconds
[2019-12-09T03:01:09.847+0000][1][safepoint    ] Application time: 1.0000775 seconds
[2019-12-09T03:01:09.847+0000][1][safepoint    ] Entering safepoint region: Cleanup
[2019-12-09T03:01:09.847+0000][1][safepoint    ] Leaving safepoint region
[2019-12-09T03:01:09.847+0000][1][safepoint    ] Total time for which application threads were stopped: 0.0000808 seconds, Stopping threads took: 0.0000195 seconds
[2019-12-09T03:01:10.847+0000][1][safepoint    ] Application time: 1.0000747 seconds
[2019-12-09T03:01:10.847+0000][1][safepoint    ] Entering safepoint region: Cleanup
[2019-12-09T03:01:10.847+0000][1][safepoint    ] Leaving safepoint region
[2019-12-09T03:01:10.847+0000][1][safepoint    ] Total time for which application threads were stopped: 0.0000885 seconds, Stopping threads took: 0.0000261 seconds
[2019-12-09T03:01:11.848+0000][1][safepoint    ] Application time: 1.0000769 seconds
[2019-12-09T03:01:11.848+0000][1][safepoint    ] Entering safepoint region: Cleanup
[2019-12-09T03:01:11.848+0000][1][safepoint    ] Leaving safepoint region
[2019-12-09T03:01:11.848+0000][1][safepoint    ] Total time for which application threads were stopped: 0.0000991 seconds, Stopping threads took: 0.0000195 seconds
[2019-12-09T03:01:12.848+0000][1][safepoint    ] Application time: 1.0000751 seconds
[2019-12-09T03:01:12.848+0000][1][safepoint    ] Entering safepoint region: Cleanup
[2019-12-09T03:01:12.848+0000][1][safepoint    ] Leaving safepoint region
[2019-12-09T03:01:12.848+0000][1][safepoint    ] Total time for which application threads were stopped: 0.0000792 seconds, Stopping threads took: 0.0000191 seconds
[2019-12-09T03:01:13.848+0000][1][safepoint    ] Application time: 1.0000775 seconds
[2019-12-09T03:01:13.848+0000][1][safepoint    ] Entering safepoint region: Cleanup
[2019-12-09T03:01:13.848+0000][1][safepoint    ] Leaving safepoint region
[2019-12-09T03:01:13.848+0000][1][safepoint    ] Total time for which application threads were stopped: 0.0000788 seconds, Stopping threads took: 0.0000179 seconds
[2019-12-09T03:01:14.848+0000][1][safepoint    ] Application time: 1.0000771 seconds
[2019-12-09T03:01:14.848+0000][1][safepoint    ] Entering safepoint region: Cleanup
[2019-12-09T03:01:14.848+0000][1][safepoint    ] Leaving safepoint region
[2019-12-09T03:01:14.848+0000][1][safepoint    ] Total time for which application threads were stopped: 0.0000765 seconds, Stopping threads took: 0.0000172 seconds
[2019-12-09T03:01:15.848+0000][1][safepoint    ] Application time: 1.0000760 seconds
[2019-12-09T03:01:15.848+0000][1][safepoint    ] Entering safepoint region: Cleanup
[2019-12-09T03:01:15.848+0000][1][safepoint    ] Leaving safepoint region
[2019-12-09T03:01:15.849+0000][1][safepoint    ] Total time for which application threads were stopped: 0.0000848 seconds, Stopping threads took: 0.0000236 seconds
[2019-12-09T03:01:16.849+0000][1][safepoint    ] Application time: 1.0000787 seconds
[2019-12-09T03:01:16.849+0000][1][safepoint    ] Entering safepoint region: Cleanup
[2019-12-09T03:01:16.849+0000][1][safepoint    ] Leaving safepoint region
[2019-12-09T03:01:16.849+0000][1][safepoint    ] Total time for which application threads were stopped: 0.0000905 seconds, Stopping threads took: 0.0000194 seconds
[2019-12-09T03:01:17.849+0000][1][safepoint    ] Application time: 1.0000754 seconds
[2019-12-09T03:01:17.849+0000][1][safepoint    ] Entering safepoint region: Cleanup
[2019-12-09T03:01:17.849+0000][1][safepoint    ] Leaving safepoint region
[2019-12-09T03:01:17.849+0000][1][safepoint    ] Total time for which application threads were stopped: 0.0000810 seconds, Stopping threads took: 0.0000189 seconds
[2019-12-09T03:01:18.849+0000][1][safepoint    ] Application time: 1.0000761 seconds
[2019-12-09T03:01:18.849+0000][1][safepoint    ] Entering safepoint region: Cleanup
[2019-12-09T03:01:18.849+0000][1][safepoint    ] Leaving safepoint region
[2019-12-09T03:01:18.849+0000][1][safepoint    ] Total time for which application threads were stopped: 0.0000876 seconds, Stopping threads took: 0.0000268 seconds
[2019-12-09T03:01:19.849+0000][1][safepoint    ] Application time: 1.0000753 seconds
[2019-12-09T03:01:19.849+0000][1][safepoint    ] Entering safepoint region: Cleanup
[2019-12-09T03:01:19.849+0000][1][safepoint    ] Leaving safepoint region
[2019-12-09T03:01:19.849+0000][1][safepoint    ] Total time for which application threads were stopped: 0.0000810 seconds, Stopping threads took: 0.0000186 seconds
[2019-12-09T03:01:20.849+0000][1][safepoint    ] Application time: 1.0000769 seconds
[2019-12-09T03:01:20.849+0000][1][safepoint    ] Entering safepoint region: Cleanup
[2019-12-09T03:01:20.850+0000][1][safepoint    ] Leaving safepoint region
[2019-12-09T03:01:20.850+0000][1][safepoint    ] Total time for which application threads were stopped: 0.0000902 seconds, Stopping threads took: 0.0000268 seconds
[2019-12-09T03:01:21.850+0000][1][safepoint    ] Application time: 1.0000769 seconds
[2019-12-09T03:01:21.850+0000][1][safepoint    ] Entering safepoint region: Cleanup
[2019-12-09T03:01:21.850+0000][1][safepoint    ] Leaving safepoint region
[2019-12-09T03:01:21.850+0000][1][safepoint    ] Total time for which application threads were stopped: 0.0000938 seconds, Stopping threads took: 0.0000318 seconds
[2019-12-09T03:01:22.850+0000][1][safepoint    ] Application time: 1.0000758 seconds
[2019-12-09T03:01:22.850+0000][1][safepoint    ] Entering safepoint region: Cleanup
[2019-12-09T03:01:22.850+0000][1][safepoint    ] Leaving safepoint region
[2019-12-09T03:01:22.850+0000][1][safepoint    ] Total time for which application threads were stopped: 0.0000781 seconds, Stopping threads took: 0.0000178 seconds
[2019-12-09T03:01:23.850+0000][1][safepoint    ] Application time: 1.0000754 seconds
[2019-12-09T03:01:23.850+0000][1][safepoint    ] Entering safepoint region: Cleanup
[2019-12-09T03:01:23.850+0000][1][safepoint    ] Leaving safepoint region
[2019-12-09T03:01:23.850+0000][1][safepoint    ] Total time for which application threads were stopped: 0.0000800 seconds, Stopping threads took: 0.0000183 seconds
[2019-12-09T03:01:24.850+0000][1][safepoint    ] Application time: 1.0000764 seconds
[2019-12-09T03:01:24.850+0000][1][safepoint    ] Entering safepoint region: Cleanup
[2019-12-09T03:01:24.850+0000][1][safepoint    ] Leaving safepoint region
[2019-12-09T03:01:24.850+0000][1][safepoint    ] Total time for which application threads were stopped: 0.0000953 seconds, Stopping threads took: 0.0000192 seconds
[2019-12-09T03:01:25.850+0000][1][safepoint    ] Application time: 1.0000754 seconds
[2019-12-09T03:01:25.850+0000][1][safepoint    ] Entering safepoint region: Cleanup
[2019-12-09T03:01:25.851+0000][1][safepoint    ] Leaving safepoint region
[2019-12-09T03:01:25.851+0000][1][safepoint    ] Total time for which application threads were stopped: 0.0000842 seconds, Stopping threads took: 0.0000174 seconds
[2019-12-09T03:01:26.851+0000][1][safepoint    ] Application time: 1.0000755 seconds
[2019-12-09T03:01:26.851+0000][1][safepoint    ] Entering safepoint region: Cleanup
[2019-12-09T03:01:26.851+0000][1][safepoint    ] Leaving safepoint region
[2019-12-09T03:01:26.851+0000][1][safepoint    ] Total time for which application threads were stopped: 0.0000815 seconds, Stopping threads took: 0.0000191 seconds
[2019-12-09T03:01:27.851+0000][1][safepoint    ] Application time: 1.0000753 seconds
[2019-12-09T03:01:27.851+0000][1][safepoint    ] Entering safepoint region: Cleanup
[2019-12-09T03:01:27.851+0000][1][safepoint    ] Leaving safepoint region
[2019-12-09T03:01:27.851+0000][1][safepoint    ] Total time for which application threads were stopped: 0.0000792 seconds, Stopping threads took: 0.0000180 seconds
[2019-12-09T03:01:28.851+0000][1][safepoint    ] Application time: 1.0000750 seconds
[2019-12-09T03:01:28.851+0000][1][safepoint    ] Entering safepoint region: Cleanup
[2019-12-09T03:01:28.851+0000][1][safepoint    ] Leaving safepoint region
[2019-12-09T03:01:28.851+0000][1][safepoint    ] Total time for which application threads were stopped: 0.0000805 seconds, Stopping threads took: 0.0000194 seconds
[2019-12-09T03:01:29.851+0000][1][safepoint    ] Application time: 1.0000793 seconds
[2019-12-09T03:01:29.851+0000][1][safepoint    ] Entering safepoint region: Cleanup
[2019-12-09T03:01:29.851+0000][1][safepoint    ] Leaving safepoint region
[2019-12-09T03:01:29.851+0000][1][safepoint    ] Total time for which application threads were stopped: 0.0000846 seconds, Stopping threads took: 0.0000192 seconds
[2019-12-09T03:01:30.851+0000][1][safepoint    ] Application time: 1.0000748 seconds
[2019-12-09T03:01:30.852+0000][1][safepoint    ] Entering safepoint region: Cleanup
[2019-12-09T03:01:30.852+0000][1][safepoint    ] Leaving safepoint region
[2019-12-09T03:01:30.852+0000][1][safepoint    ] Total time for which application threads were stopped: 0.0000954 seconds, Stopping threads took: 0.0000295 seconds
[2019-12-09T03:01:31.852+0000][1][safepoint    ] Application time: 1.0000821 seconds
[2019-12-09T03:01:31.852+0000][1][safepoint    ] Entering safepoint region: Cleanup
[2019-12-09T03:01:31.852+0000][1][safepoint    ] Leaving safepoint region
[2019-12-09T03:01:31.852+0000][1][safepoint    ] Total time for which application threads were stopped: 0.0000783 seconds, Stopping threads took: 0.0000186 seconds
[2019-12-09T03:01:32.852+0000][1][safepoint    ] Application time: 1.0000738 seconds
[2019-12-09T03:01:32.852+0000][1][safepoint    ] Entering safepoint region: Cleanup
[2019-12-09T03:01:32.852+0000][1][safepoint    ] Leaving safepoint region
[2019-12-09T03:01:32.852+0000][1][safepoint    ] Total time for which application threads were stopped: 0.0000822 seconds, Stopping threads took: 0.0000203 seconds
[2019-12-09T03:01:33.852+0000][1][safepoint    ] Application time: 1.0000767 seconds
[2019-12-09T03:01:33.852+0000][1][safepoint    ] Entering safepoint region: Cleanup
[2019-12-09T03:01:33.852+0000][1][safepoint    ] Leaving safepoint region
[2019-12-09T03:01:33.852+0000][1][safepoint    ] Total time for which application threads were stopped: 0.0000783 seconds, Stopping threads took: 0.0000179 seconds
[2019-12-09T03:01:34.852+0000][1][safepoint    ] Application time: 1.0000773 seconds
[2019-12-09T03:01:34.852+0000][1][safepoint    ] Entering safepoint region: Cleanup
[2019-12-09T03:01:34.852+0000][1][safepoint    ] Leaving safepoint region
[2019-12-09T03:01:34.852+0000][1][safepoint    ] Total time for which application threads were stopped: 0.0000765 seconds, Stopping threads took: 0.0000174 seconds
[2019-12-09T03:01:35.852+0000][1][safepoint    ] Application time: 1.0000764 seconds
[2019-12-09T03:01:35.853+0000][1][safepoint    ] Entering safepoint region: Cleanup
[2019-12-09T03:01:35.853+0000][1][safepoint    ] Leaving safepoint region
[2019-12-09T03:01:35.853+0000][1][safepoint    ] Total time for which application threads were stopped: 0.0000777 seconds, Stopping threads took: 0.0000181 seconds
[2019-12-09T03:01:36.853+0000][1][safepoint    ] Application time: 1.0000859 seconds
[2019-12-09T03:01:36.853+0000][1][safepoint    ] Entering safepoint region: Cleanup
[2019-12-09T03:01:36.853+0000][1][safepoint    ] Leaving safepoint region
[2019-12-09T03:01:36.853+0000][1][safepoint    ] Total time for which application threads were stopped: 0.0000813 seconds, Stopping threads took: 0.0000192 seconds
[2019-12-09T03:01:37.853+0000][1][safepoint    ] Application time: 1.0000815 seconds
[2019-12-09T03:01:37.853+0000][1][safepoint    ] Entering safepoint region: Cleanup
[2019-12-09T03:01:37.853+0000][1][safepoint    ] Leaving safepoint region
[2019-12-09T03:01:37.853+0000][1][safepoint    ] Total time for which application threads were stopped: 0.0000801 seconds, Stopping threads took: 0.0000181 seconds
[2019-12-09T03:01:38.853+0000][1][safepoint    ] Application time: 1.0000766 seconds
[2019-12-09T03:01:38.853+0000][1][safepoint    ] Entering safepoint region: Cleanup
[2019-12-09T03:01:38.853+0000][1][safepoint    ] Leaving safepoint region
[2019-12-09T03:01:38.853+0000][1][safepoint    ] Total time for which application threads were stopped: 0.0000870 seconds, Stopping threads took: 0.0000187 seconds
[2019-12-09T03:01:39.853+0000][1][safepoint    ] Application time: 1.0000765 seconds
[2019-12-09T03:01:39.853+0000][1][safepoint    ] Entering safepoint region: Cleanup
[2019-12-09T03:01:39.853+0000][1][safepoint    ] Leaving safepoint region
[2019-12-09T03:01:39.853+0000][1][safepoint    ] Total time for which application threads were stopped: 0.0000768 seconds, Stopping threads took: 0.0000175 seconds
[2019-12-09T03:01:40.854+0000][1][safepoint    ] Application time: 1.0000763 seconds
[2019-12-09T03:01:40.854+0000][1][safepoint    ] Entering safepoint region: Cleanup
[2019-12-09T03:01:40.854+0000][1][safepoint    ] Leaving safepoint region
[2019-12-09T03:01:40.854+0000][1][safepoint    ] Total time for which application threads were stopped: 0.0000937 seconds, Stopping threads took: 0.0000191 seconds
[2019-12-09T03:01:41.854+0000][1][safepoint    ] Application time: 1.0000777 seconds
[2019-12-09T03:01:41.854+0000][1][safepoint    ] Entering safepoint region: Cleanup
[2019-12-09T03:01:41.854+0000][1][safepoint    ] Leaving safepoint region
[2019-12-09T03:01:41.854+0000][1][safepoint    ] Total time for which application threads were stopped: 0.0000843 seconds, Stopping threads took: 0.0000186 seconds
[2019-12-09T03:01:42.854+0000][1][safepoint    ] Application time: 1.0000793 seconds
[2019-12-09T03:01:42.854+0000][1][safepoint    ] Entering safepoint region: Cleanup
[2019-12-09T03:01:42.854+0000][1][safepoint    ] Leaving safepoint region
[2019-12-09T03:01:42.854+0000][1][safepoint    ] Total time for which application threads were stopped: 0.0000806 seconds, Stopping threads took: 0.0000181 seconds
[2019-12-09T03:01:43.854+0000][1][safepoint    ] Application time: 1.0000768 seconds
[2019-12-09T03:01:43.854+0000][1][safepoint    ] Entering safepoint region: Cleanup
[2019-12-09T03:01:43.854+0000][1][safepoint    ] Leaving safepoint region
[2019-12-09T03:01:43.854+0000][1][safepoint    ] Total time for which application threads were stopped: 0.0000771 seconds, Stopping threads took: 0.0000189 seconds
[2019-12-09T03:01:44.854+0000][1][safepoint    ] Application time: 1.0000762 seconds
[2019-12-09T03:01:44.854+0000][1][safepoint    ] Entering safepoint region: Cleanup
[2019-12-09T03:01:44.854+0000][1][safepoint    ] Leaving safepoint region
[2019-12-09T03:01:44.854+0000][1][safepoint    ] Total time for which application threads were stopped: 0.0000807 seconds, Stopping threads took: 0.0000220 seconds
[2019-12-09T03:01:45.854+0000][1][safepoint    ] Application time: 1.0000768 seconds
[2019-12-09T03:01:45.855+0000][1][safepoint    ] Entering safepoint region: Cleanup
[2019-12-09T03:01:45.855+0000][1][safepoint    ] Leaving safepoint region
[2019-12-09T03:01:45.855+0000][1][safepoint    ] Total time for which application threads were stopped: 0.0000758 seconds, Stopping threads took: 0.0000171 seconds
[2019-12-09T03:01:46.855+0000][1][safepoint    ] Application time: 1.0000865 seconds
[2019-12-09T03:01:46.855+0000][1][safepoint    ] Entering safepoint region: Cleanup
[2019-12-09T03:01:46.855+0000][1][safepoint    ] Leaving safepoint region
[2019-12-09T03:01:46.855+0000][1][safepoint    ] Total time for which application threads were stopped: 0.0000836 seconds, Stopping threads took: 0.0000202 seconds
[2019-12-09T03:01:47.855+0000][1][safepoint    ] Application time: 1.0000773 seconds
[2019-12-09T03:01:47.855+0000][1][safepoint    ] Entering safepoint region: Cleanup
[2019-12-09T03:01:47.855+0000][1][safepoint    ] Leaving safepoint region
[2019-12-09T03:01:47.855+0000][1][safepoint    ] Total time for which application threads were stopped: 0.0000761 seconds, Stopping threads took: 0.0000172 seconds
[2019-12-09T03:01:48.855+0000][1][safepoint    ] Application time: 1.0000745 seconds
[2019-12-09T03:01:48.855+0000][1][safepoint    ] Entering safepoint region: Cleanup
[2019-12-09T03:01:48.855+0000][1][safepoint    ] Leaving safepoint region
[2019-12-09T03:01:48.855+0000][1][safepoint    ] Total time for which application threads were stopped: 0.0000797 seconds, Stopping threads took: 0.0000242 seconds
[2019-12-09T03:01:49.855+0000][1][safepoint    ] Application time: 1.0000766 seconds
[2019-12-09T03:01:49.855+0000][1][safepoint    ] Entering safepoint region: Cleanup
[2019-12-09T03:01:49.855+0000][1][safepoint    ] Leaving safepoint region
[2019-12-09T03:01:49.855+0000][1][safepoint    ] Total time for which application threads were stopped: 0.0000723 seconds, Stopping threads took: 0.0000170 seconds
[2019-12-09T03:01:50.855+0000][1][safepoint    ] Application time: 1.0000763 seconds
[2019-12-09T03:01:50.856+0000][1][safepoint    ] Entering safepoint region: Cleanup
[2019-12-09T03:01:50.856+0000][1][safepoint    ] Leaving safepoint region
[2019-12-09T03:01:50.856+0000][1][safepoint    ] Total time for which application threads were stopped: 0.0000873 seconds, Stopping threads took: 0.0000192 seconds
[2019-12-09T03:01:51.856+0000][1][safepoint    ] Application time: 1.0000756 seconds
[2019-12-09T03:01:51.856+0000][1][safepoint    ] Entering safepoint region: Cleanup
[2019-12-09T03:01:51.856+0000][1][safepoint    ] Leaving safepoint region
[2019-12-09T03:01:51.856+0000][1][safepoint    ] Total time for which application threads were stopped: 0.0000742 seconds, Stopping threads took: 0.0000182 seconds
[2019-12-09T03:01:52.856+0000][1][safepoint    ] Application time: 1.0000770 seconds
[2019-12-09T03:01:52.856+0000][1][safepoint    ] Entering safepoint region: Cleanup
[2019-12-09T03:01:52.856+0000][1][safepoint    ] Leaving safepoint region
[2019-12-09T03:01:52.856+0000][1][safepoint    ] Total time for which application threads were stopped: 0.0000788 seconds, Stopping threads took: 0.0000181 seconds
[2019-12-09T03:01:53.856+0000][1][safepoint    ] Application time: 1.0000755 seconds
[2019-12-09T03:01:53.856+0000][1][safepoint    ] Entering safepoint region: Cleanup
[2019-12-09T03:01:53.856+0000][1][safepoint    ] Leaving safepoint region
[2019-12-09T03:01:53.856+0000][1][safepoint    ] Total time for which application threads were stopped: 0.0000732 seconds, Stopping threads took: 0.0000176 seconds
[2019-12-09T03:01:54.856+0000][1][safepoint    ] Application time: 1.0000756 seconds
[2019-12-09T03:01:54.856+0000][1][safepoint    ] Entering safepoint region: Cleanup
[2019-12-09T03:01:54.856+0000][1][safepoint    ] Leaving safepoint region
[2019-12-09T03:01:54.856+0000][1][safepoint    ] Total time for which application threads were stopped: 0.0000738 seconds, Stopping threads took: 0.0000191 seconds
[2019-12-09T03:01:55.856+0000][1][safepoint    ] Application time: 1.0000759 seconds
[2019-12-09T03:01:55.856+0000][1][safepoint    ] Entering safepoint region: Cleanup
[2019-12-09T03:01:55.857+0000][1][safepoint    ] Leaving safepoint region
[2019-12-09T03:01:55.857+0000][1][safepoint    ] Total time for which application threads were stopped: 0.0000740 seconds, Stopping threads took: 0.0000176 seconds
[2019-12-09T03:01:56.857+0000][1][safepoint    ] Application time: 1.0000761 seconds
[2019-12-09T03:01:56.857+0000][1][safepoint    ] Entering safepoint region: Cleanup
[2019-12-09T03:01:56.857+0000][1][safepoint    ] Leaving safepoint region
[2019-12-09T03:01:56.857+0000][1][safepoint    ] Total time for which application threads were stopped: 0.0000835 seconds, Stopping threads took: 0.0000177 seconds
[2019-12-09T03:01:57.857+0000][1][safepoint    ] Application time: 1.0000757 seconds
[2019-12-09T03:01:57.857+0000][1][safepoint    ] Entering safepoint region: Cleanup
[2019-12-09T03:01:57.857+0000][1][safepoint    ] Leaving safepoint region
[2019-12-09T03:01:57.857+0000][1][safepoint    ] Total time for which application threads were stopped: 0.0000775 seconds, Stopping threads took: 0.0000180 seconds
[2019-12-09T03:01:58.857+0000][1][safepoint    ] Application time: 1.0000749 seconds
[2019-12-09T03:01:58.857+0000][1][safepoint    ] Entering safepoint region: Cleanup
[2019-12-09T03:01:58.857+0000][1][safepoint    ] Leaving safepoint region
[2019-12-09T03:01:58.857+0000][1][safepoint    ] Total time for which application threads were stopped: 0.0000750 seconds, Stopping threads took: 0.0000170 seconds
[2019-12-09T03:01:59.857+0000][1][safepoint    ] Application time: 1.0000757 seconds
[2019-12-09T03:01:59.857+0000][1][safepoint    ] Entering safepoint region: Cleanup
[2019-12-09T03:01:59.857+0000][1][safepoint    ] Leaving safepoint region
[2019-12-09T03:01:59.857+0000][1][safepoint    ] Total time for which application threads were stopped: 0.0000776 seconds, Stopping threads took: 0.0000173 seconds
[2019-12-09T03:02:00.857+0000][1][safepoint    ] Application time: 1.0000752 seconds
[2019-12-09T03:02:00.857+0000][1][safepoint    ] Entering safepoint region: Cleanup
[2019-12-09T03:02:00.857+0000][1][safepoint    ] Leaving safepoint region
[2019-12-09T03:02:00.857+0000][1][safepoint    ] Total time for which application threads were stopped: 0.0000817 seconds, Stopping threads took: 0.0000186 seconds
[2019-12-09T03:02:01.858+0000][1][safepoint    ] Application time: 1.0000775 seconds
[2019-12-09T03:02:01.858+0000][1][safepoint    ] Entering safepoint region: Cleanup
[2019-12-09T03:02:01.858+0000][1][safepoint    ] Leaving safepoint region
[2019-12-09T03:02:01.858+0000][1][safepoint    ] Total time for which application threads were stopped: 0.0000953 seconds, Stopping threads took: 0.0000206 seconds
[2019-12-09T03:02:02.858+0000][1][safepoint    ] Application time: 1.0000770 seconds
[2019-12-09T03:02:02.858+0000][1][safepoint    ] Entering safepoint region: Cleanup
[2019-12-09T03:02:02.858+0000][1][safepoint    ] Leaving safepoint region
[2019-12-09T03:02:02.858+0000][1][safepoint    ] Total time for which application threads were stopped: 0.0000826 seconds, Stopping threads took: 0.0000191 seconds
[2019-12-09T03:02:03.858+0000][1][safepoint    ] Application time: 1.0000758 seconds
[2019-12-09T03:02:03.858+0000][1][safepoint    ] Entering safepoint region: Cleanup
[2019-12-09T03:02:03.858+0000][1][safepoint    ] Leaving safepoint region
[2019-12-09T03:02:03.858+0000][1][safepoint    ] Total time for which application threads were stopped: 0.0000706 seconds, Stopping threads took: 0.0000175 seconds
[2019-12-09T03:02:04.858+0000][1][safepoint    ] Application time: 1.0000769 seconds
[2019-12-09T03:02:04.858+0000][1][safepoint    ] Entering safepoint region: Cleanup
[2019-12-09T03:02:04.858+0000][1][safepoint    ] Leaving safepoint region
[2019-12-09T03:02:04.858+0000][1][safepoint    ] Total time for which application threads were stopped: 0.0000746 seconds, Stopping threads took: 0.0000171 seconds
[2019-12-09T03:02:05.858+0000][1][safepoint    ] Application time: 1.0000755 seconds
[2019-12-09T03:02:05.858+0000][1][safepoint    ] Entering safepoint region: Cleanup
[2019-12-09T03:02:05.858+0000][1][safepoint    ] Leaving safepoint region
[2019-12-09T03:02:05.858+0000][1][safepoint    ] Total time for which application threads were stopped: 0.0000718 seconds, Stopping threads took: 0.0000186 seconds
[2019-12-09T03:02:06.859+0000][1][safepoint    ] Application time: 1.0000776 seconds
[2019-12-09T03:02:06.859+0000][1][safepoint    ] Entering safepoint region: Cleanup
[2019-12-09T03:02:06.859+0000][1][safepoint    ] Leaving safepoint region
[2019-12-09T03:02:06.859+0000][1][safepoint    ] Total time for which application threads were stopped: 0.0000769 seconds, Stopping threads took: 0.0000181 seconds
[2019-12-09T03:02:07.859+0000][1][safepoint    ] Application time: 1.0000768 seconds
[2019-12-09T03:02:07.859+0000][1][safepoint    ] Entering safepoint region: Cleanup
[2019-12-09T03:02:07.859+0000][1][safepoint    ] Leaving safepoint region
[2019-12-09T03:02:07.859+0000][1][safepoint    ] Total time for which application threads were stopped: 0.0000775 seconds, Stopping threads took: 0.0000194 seconds
[2019-12-09T03:02:08.859+0000][1][safepoint    ] Application time: 1.0000771 seconds
[2019-12-09T03:02:08.859+0000][1][safepoint    ] Entering safepoint region: Cleanup
[2019-12-09T03:02:08.859+0000][1][safepoint    ] Leaving safepoint region
[2019-12-09T03:02:08.859+0000][1][safepoint    ] Total time for which application threads were stopped: 0.0000733 seconds, Stopping threads took: 0.0000176 seconds
[2019-12-09T03:02:09.859+0000][1][safepoint    ] Application time: 1.0000756 seconds
[2019-12-09T03:02:09.859+0000][1][safepoint    ] Entering safepoint region: Cleanup
[2019-12-09T03:02:09.859+0000][1][safepoint    ] Leaving safepoint region
[2019-12-09T03:02:09.859+0000][1][safepoint    ] Total time for which application threads were stopped: 0.0000704 seconds, Stopping threads took: 0.0000174 seconds
[2019-12-09T03:02:10.859+0000][1][safepoint    ] Application time: 1.0000765 seconds
[2019-12-09T03:02:10.859+0000][1][safepoint    ] Entering safepoint region: Cleanup
[2019-12-09T03:02:10.859+0000][1][safepoint    ] Leaving safepoint region
[2019-12-09T03:02:10.859+0000][1][safepoint    ] Total time for which application threads were stopped: 0.0000771 seconds, Stopping threads took: 0.0000174 seconds
[2019-12-09T03:02:11.860+0000][1][safepoint    ] Application time: 1.0000752 seconds
[2019-12-09T03:02:11.860+0000][1][safepoint    ] Entering safepoint region: Cleanup
[2019-12-09T03:02:11.860+0000][1][safepoint    ] Leaving safepoint region
[2019-12-09T03:02:11.860+0000][1][safepoint    ] Total time for which application threads were stopped: 0.0000769 seconds, Stopping threads took: 0.0000182 seconds
[2019-12-09T03:02:12.860+0000][1][safepoint    ] Application time: 1.0000737 seconds
[2019-12-09T03:02:12.860+0000][1][safepoint    ] Entering safepoint region: Cleanup
[2019-12-09T03:02:12.860+0000][1][safepoint    ] Leaving safepoint region
[2019-12-09T03:02:12.860+0000][1][safepoint    ] Total time for which application threads were stopped: 0.0000778 seconds, Stopping threads took: 0.0000192 seconds
[2019-12-09T03:02:13.860+0000][1][safepoint    ] Application time: 1.0000749 seconds
[2019-12-09T03:02:13.860+0000][1][safepoint    ] Entering safepoint region: Cleanup
[2019-12-09T03:02:13.860+0000][1][safepoint    ] Leaving safepoint region
[2019-12-09T03:02:13.860+0000][1][safepoint    ] Total time for which application threads were stopped: 0.0000783 seconds, Stopping threads took: 0.0000197 seconds
[2019-12-09T03:02:14.860+0000][1][safepoint    ] Application time: 1.0000759 seconds
[2019-12-09T03:02:14.860+0000][1][safepoint    ] Entering safepoint region: Cleanup
[2019-12-09T03:02:14.860+0000][1][safepoint    ] Leaving safepoint region
[2019-12-09T03:02:14.860+0000][1][safepoint    ] Total time for which application threads were stopped: 0.0000754 seconds, Stopping threads took: 0.0000178 seconds
[2019-12-09T03:02:14.874+0000][1][safepoint    ] Application time: 0.0140770 seconds
[2019-12-09T03:02:14.874+0000][1][safepoint    ] Entering safepoint region: GenCollectForAllocation
[2019-12-09T03:02:14.874+0000][1][gc,start     ] GC(32) Pause Young (Allocation Failure)
[2019-12-09T03:02:14.874+0000][1][gc,task      ] GC(32) Using 2 workers of 2 for evacuation
[2019-12-09T03:02:14.876+0000][1][gc,age       ] GC(32) Desired survivor size 4456448 bytes, new threshold 6 (max threshold 6)
[2019-12-09T03:02:14.876+0000][1][gc,age       ] GC(32) Age table with threshold 6 (max threshold 6)
[2019-12-09T03:02:14.876+0000][1][gc,age       ] GC(32) - age   1:      75128 bytes,      75128 total
[2019-12-09T03:02:14.876+0000][1][gc,age       ] GC(32) - age   2:       1064 bytes,      76192 total
[2019-12-09T03:02:14.876+0000][1][gc,age       ] GC(32) - age   3:       4280 bytes,      80472 total
[2019-12-09T03:02:14.876+0000][1][gc,age       ] GC(32) - age   4:       4120 bytes,      84592 total
[2019-12-09T03:02:14.876+0000][1][gc,age       ] GC(32) - age   5:      10776 bytes,      95368 total
[2019-12-09T03:02:14.876+0000][1][gc,age       ] GC(32) - age   6:       4184 bytes,      99552 total
[2019-12-09T03:02:14.876+0000][1][gc,heap      ] GC(32) ParNew: 70616K->185K(78656K)
[2019-12-09T03:02:14.876+0000][1][gc,heap      ] GC(32) CMS: 69705K->69709K(174784K)
[2019-12-09T03:02:14.876+0000][1][gc,metaspace ] GC(32) Metaspace: 70994K->70994K(1114112K)
[2019-12-09T03:02:14.876+0000][1][gc           ] GC(32) Pause Young (Allocation Failure) 137M->68M(247M) 1.900ms
[2019-12-09T03:02:14.876+0000][1][gc,cpu       ] GC(32) User=0.01s Sys=0.00s Real=0.01s
[2019-12-09T03:02:14.876+0000][1][safepoint    ] Leaving safepoint region
[2019-12-09T03:02:14.876+0000][1][safepoint    ] Total time for which application threads were stopped: 0.0020312 seconds, Stopping threads took: 0.0000138 seconds
[2019-12-09T03:02:15.876+0000][1][safepoint    ] Application time: 1.0000851 seconds
[2019-12-09T03:02:15.876+0000][1][safepoint    ] Entering safepoint region: Cleanup
[2019-12-09T03:02:15.877+0000][1][safepoint    ] Leaving safepoint region
[2019-12-09T03:02:15.877+0000][1][safepoint    ] Total time for which application threads were stopped: 0.0000800 seconds, Stopping threads took: 0.0000178 seconds
[2019-12-09T03:02:16.877+0000][1][safepoint    ] Application time: 1.0000764 seconds
[2019-12-09T03:02:16.877+0000][1][safepoint    ] Entering safepoint region: Cleanup
[2019-12-09T03:02:16.877+0000][1][safepoint    ] Leaving safepoint region
[2019-12-09T03:02:16.877+0000][1][safepoint    ] Total time for which application threads were stopped: 0.0000780 seconds, Stopping threads took: 0.0000194 seconds
[2019-12-09T03:02:17.877+0000][1][safepoint    ] Application time: 1.0000769 seconds
[2019-12-09T03:02:17.877+0000][1][safepoint    ] Entering safepoint region: Cleanup
[2019-12-09T03:02:17.877+0000][1][safepoint    ] Leaving safepoint region
[2019-12-09T03:02:17.877+0000][1][safepoint    ] Total time for which application threads were stopped: 0.0000778 seconds, Stopping threads took: 0.0000180 seconds
[2019-12-09T03:02:18.877+0000][1][safepoint    ] Application time: 1.0000744 seconds
[2019-12-09T03:02:18.877+0000][1][safepoint    ] Entering safepoint region: Cleanup
[2019-12-09T03:02:18.877+0000][1][safepoint    ] Leaving safepoint region
[2019-12-09T03:02:18.877+0000][1][safepoint    ] Total time for which application threads were stopped: 0.0000839 seconds, Stopping threads took: 0.0000267 seconds
[2019-12-09T03:02:19.877+0000][1][safepoint    ] Application time: 1.0000739 seconds
[2019-12-09T03:02:19.877+0000][1][safepoint    ] Entering safepoint region: Cleanup
[2019-12-09T03:02:19.877+0000][1][safepoint    ] Leaving safepoint region
[2019-12-09T03:02:19.877+0000][1][safepoint    ] Total time for which application threads were stopped: 0.0000759 seconds, Stopping threads took: 0.0000178 seconds
[2019-12-09T03:02:20.877+0000][1][safepoint    ] Application time: 1.0000766 seconds
[2019-12-09T03:02:20.877+0000][1][safepoint    ] Entering safepoint region: Cleanup
[2019-12-09T03:02:20.878+0000][1][safepoint    ] Leaving safepoint region
[2019-12-09T03:02:20.878+0000][1][safepoint    ] Total time for which application threads were stopped: 0.0000800 seconds, Stopping threads took: 0.0000180 seconds
[2019-12-09T03:02:21.878+0000][1][safepoint    ] Application time: 1.0000754 seconds
[2019-12-09T03:02:21.878+0000][1][safepoint    ] Entering safepoint region: Cleanup
[2019-12-09T03:02:21.878+0000][1][safepoint    ] Leaving safepoint region
[2019-12-09T03:02:21.878+0000][1][safepoint    ] Total time for which application threads were stopped: 0.0000770 seconds, Stopping threads took: 0.0000186 seconds
[2019-12-09T03:02:22.878+0000][1][safepoint    ] Application time: 1.0000765 seconds
[2019-12-09T03:02:22.878+0000][1][safepoint    ] Entering safepoint region: Cleanup
[2019-12-09T03:02:22.878+0000][1][safepoint    ] Leaving safepoint region
[2019-12-09T03:02:22.878+0000][1][safepoint    ] Total time for which application threads were stopped: 0.0000789 seconds, Stopping threads took: 0.0000191 seconds
[2019-12-09T03:02:23.878+0000][1][safepoint    ] Application time: 1.0000760 seconds
[2019-12-09T03:02:23.878+0000][1][safepoint    ] Entering safepoint region: Cleanup
[2019-12-09T03:02:23.878+0000][1][safepoint    ] Leaving safepoint region
[2019-12-09T03:02:23.878+0000][1][safepoint    ] Total time for which application threads were stopped: 0.0000767 seconds, Stopping threads took: 0.0000182 seconds
[2019-12-09T03:02:24.878+0000][1][safepoint    ] Application time: 1.0000741 seconds
[2019-12-09T03:02:24.878+0000][1][safepoint    ] Entering safepoint region: Cleanup
[2019-12-09T03:02:24.878+0000][1][safepoint    ] Leaving safepoint region
[2019-12-09T03:02:24.878+0000][1][safepoint    ] Total time for which application threads were stopped: 0.0000835 seconds, Stopping threads took: 0.0000178 seconds
[2019-12-09T03:02:25.878+0000][1][safepoint    ] Application time: 1.0000773 seconds
[2019-12-09T03:02:25.878+0000][1][safepoint    ] Entering safepoint region: Cleanup
[2019-12-09T03:02:25.879+0000][1][safepoint    ] Leaving safepoint region
[2019-12-09T03:02:25.879+0000][1][safepoint    ] Total time for which application threads were stopped: 0.0000754 seconds, Stopping threads took: 0.0000167 seconds
[2019-12-09T03:02:26.879+0000][1][safepoint    ] Application time: 1.0000740 seconds
[2019-12-09T03:02:26.879+0000][1][safepoint    ] Entering safepoint region: Cleanup
[2019-12-09T03:02:26.879+0000][1][safepoint    ] Leaving safepoint region
[2019-12-09T03:02:26.879+0000][1][safepoint    ] Total time for which application threads were stopped: 0.0000779 seconds, Stopping threads took: 0.0000202 seconds
[2019-12-09T03:02:27.879+0000][1][safepoint    ] Application time: 1.0000735 seconds
[2019-12-09T03:02:27.879+0000][1][safepoint    ] Entering safepoint region: Cleanup
[2019-12-09T03:02:27.879+0000][1][safepoint    ] Leaving safepoint region
[2019-12-09T03:02:27.879+0000][1][safepoint    ] Total time for which application threads were stopped: 0.0000733 seconds, Stopping threads took: 0.0000167 seconds
[2019-12-09T03:02:28.879+0000][1][safepoint    ] Application time: 1.0000739 seconds
[2019-12-09T03:02:28.879+0000][1][safepoint    ] Entering safepoint region: Cleanup
[2019-12-09T03:02:28.879+0000][1][safepoint    ] Leaving safepoint region
[2019-12-09T03:02:28.879+0000][1][safepoint    ] Total time for which application threads were stopped: 0.0000768 seconds, Stopping threads took: 0.0000175 seconds
[2019-12-09T03:02:29.879+0000][1][safepoint    ] Application time: 1.0000737 seconds
[2019-12-09T03:02:29.879+0000][1][safepoint    ] Entering safepoint region: Cleanup
[2019-12-09T03:02:29.879+0000][1][safepoint    ] Leaving safepoint region
[2019-12-09T03:02:29.879+0000][1][safepoint    ] Total time for which application threads were stopped: 0.0000752 seconds, Stopping threads took: 0.0000187 seconds
[2019-12-09T03:02:30.879+0000][1][safepoint    ] Application time: 1.0000740 seconds
[2019-12-09T03:02:30.879+0000][1][safepoint    ] Entering safepoint region: Cleanup
[2019-12-09T03:02:30.880+0000][1][safepoint    ] Leaving safepoint region
[2019-12-09T03:02:30.880+0000][1][safepoint    ] Total time for which application threads were stopped: 0.0000741 seconds, Stopping threads took: 0.0000180 seconds
[2019-12-09T03:02:31.880+0000][1][safepoint    ] Application time: 1.0000730 seconds
[2019-12-09T03:02:31.880+0000][1][safepoint    ] Entering safepoint region: Cleanup
[2019-12-09T03:02:31.880+0000][1][safepoint    ] Leaving safepoint region
[2019-12-09T03:02:31.880+0000][1][safepoint    ] Total time for which application threads were stopped: 0.0000918 seconds, Stopping threads took: 0.0000344 seconds
[2019-12-09T03:02:32.880+0000][1][safepoint    ] Application time: 1.0000766 seconds
[2019-12-09T03:02:32.880+0000][1][safepoint    ] Entering safepoint region: Cleanup
[2019-12-09T03:02:32.880+0000][1][safepoint    ] Leaving safepoint region
[2019-12-09T03:02:32.880+0000][1][safepoint    ] Total time for which application threads were stopped: 0.0000757 seconds, Stopping threads took: 0.0000179 seconds
[2019-12-09T03:02:33.880+0000][1][safepoint    ] Application time: 1.0000723 seconds
[2019-12-09T03:02:33.880+0000][1][safepoint    ] Entering safepoint region: Cleanup
[2019-12-09T03:02:33.880+0000][1][safepoint    ] Leaving safepoint region
[2019-12-09T03:02:33.880+0000][1][safepoint    ] Total time for which application threads were stopped: 0.0000738 seconds, Stopping threads took: 0.0000178 seconds
[2019-12-09T03:02:34.880+0000][1][safepoint    ] Application time: 1.0000819 seconds
[2019-12-09T03:02:34.880+0000][1][safepoint    ] Entering safepoint region: Cleanup
[2019-12-09T03:02:34.880+0000][1][safepoint    ] Leaving safepoint region
[2019-12-09T03:02:34.880+0000][1][safepoint    ] Total time for which application threads were stopped: 0.0000737 seconds, Stopping threads took: 0.0000179 seconds
[2019-12-09T03:02:35.880+0000][1][safepoint    ] Application time: 1.0000749 seconds
[2019-12-09T03:02:35.880+0000][1][safepoint    ] Entering safepoint region: Cleanup
[2019-12-09T03:02:35.881+0000][1][safepoint    ] Leaving safepoint region
[2019-12-09T03:02:35.881+0000][1][safepoint    ] Total time for which application threads were stopped: 0.0000765 seconds, Stopping threads took: 0.0000184 seconds
[2019-12-09T03:02:36.881+0000][1][safepoint    ] Application time: 1.0000734 seconds
[2019-12-09T03:02:36.881+0000][1][safepoint    ] Entering safepoint region: Cleanup
[2019-12-09T03:02:36.881+0000][1][safepoint    ] Leaving safepoint region
[2019-12-09T03:02:36.881+0000][1][safepoint    ] Total time for which application threads were stopped: 0.0001071 seconds, Stopping threads took: 0.0000481 seconds
[2019-12-09T03:02:37.881+0000][1][safepoint    ] Application time: 1.0000834 seconds
[2019-12-09T03:02:37.881+0000][1][safepoint    ] Entering safepoint region: Cleanup
[2019-12-09T03:02:37.881+0000][1][safepoint    ] Leaving safepoint region
[2019-12-09T03:02:37.881+0000][1][safepoint    ] Total time for which application threads were stopped: 0.0000779 seconds, Stopping threads took: 0.0000200 seconds
[2019-12-09T03:02:38.881+0000][1][safepoint    ] Application time: 1.0000765 seconds
[2019-12-09T03:02:38.881+0000][1][safepoint    ] Entering safepoint region: Cleanup
[2019-12-09T03:02:38.881+0000][1][safepoint    ] Leaving safepoint region
[2019-12-09T03:02:38.881+0000][1][safepoint    ] Total time for which application threads were stopped: 0.0000741 seconds, Stopping threads took: 0.0000173 seconds
[2019-12-09T03:02:39.881+0000][1][safepoint    ] Application time: 1.0000761 seconds
[2019-12-09T03:02:39.881+0000][1][safepoint    ] Entering safepoint region: Cleanup
[2019-12-09T03:02:39.881+0000][1][safepoint    ] Leaving safepoint region
[2019-12-09T03:02:39.881+0000][1][safepoint    ] Total time for which application threads were stopped: 0.0000755 seconds, Stopping threads took: 0.0000183 seconds
[2019-12-09T03:02:40.881+0000][1][safepoint    ] Application time: 1.0000740 seconds
[2019-12-09T03:02:40.881+0000][1][safepoint    ] Entering safepoint region: Cleanup
[2019-12-09T03:02:40.882+0000][1][safepoint    ] Leaving safepoint region
[2019-12-09T03:02:40.882+0000][1][safepoint    ] Total time for which application threads were stopped: 0.0000754 seconds, Stopping threads took: 0.0000178 seconds
[2019-12-09T03:02:41.882+0000][1][safepoint    ] Application time: 1.0000756 seconds
[2019-12-09T03:02:41.882+0000][1][safepoint    ] Entering safepoint region: Cleanup
[2019-12-09T03:02:41.882+0000][1][safepoint    ] Leaving safepoint region
[2019-12-09T03:02:41.882+0000][1][safepoint    ] Total time for which application threads were stopped: 0.0000917 seconds, Stopping threads took: 0.0000305 seconds
[2019-12-09T03:02:42.882+0000][1][safepoint    ] Application time: 1.0000757 seconds
[2019-12-09T03:02:42.882+0000][1][safepoint    ] Entering safepoint region: Cleanup
[2019-12-09T03:02:42.882+0000][1][safepoint    ] Leaving safepoint region
[2019-12-09T03:02:42.882+0000][1][safepoint    ] Total time for which application threads were stopped: 0.0000789 seconds, Stopping threads took: 0.0000194 seconds
[2019-12-09T03:02:43.882+0000][1][safepoint    ] Application time: 1.0000749 seconds
[2019-12-09T03:02:43.882+0000][1][safepoint    ] Entering safepoint region: Cleanup
[2019-12-09T03:02:43.882+0000][1][safepoint    ] Leaving safepoint region
[2019-12-09T03:02:43.882+0000][1][safepoint    ] Total time for which application threads were stopped: 0.0000748 seconds, Stopping threads took: 0.0000187 seconds
[2019-12-09T03:02:44.882+0000][1][safepoint    ] Application time: 1.0000761 seconds
[2019-12-09T03:02:44.882+0000][1][safepoint    ] Entering safepoint region: Cleanup
[2019-12-09T03:02:44.882+0000][1][safepoint    ] Leaving safepoint region
[2019-12-09T03:02:44.882+0000][1][safepoint    ] Total time for which application threads were stopped: 0.0000758 seconds, Stopping threads took: 0.0000187 seconds
[2019-12-09T03:02:45.882+0000][1][safepoint    ] Application time: 1.0000744 seconds
[2019-12-09T03:02:45.882+0000][1][safepoint    ] Entering safepoint region: Cleanup
[2019-12-09T03:02:45.883+0000][1][safepoint    ] Leaving safepoint region
[2019-12-09T03:02:45.883+0000][1][safepoint    ] Total time for which application threads were stopped: 0.0000783 seconds, Stopping threads took: 0.0000170 seconds
[2019-12-09T03:02:46.883+0000][1][safepoint    ] Application time: 1.0000786 seconds
[2019-12-09T03:02:46.883+0000][1][safepoint    ] Entering safepoint region: Cleanup
[2019-12-09T03:02:46.883+0000][1][safepoint    ] Leaving safepoint region
[2019-12-09T03:02:46.883+0000][1][safepoint    ] Total time for which application threads were stopped: 0.0000721 seconds, Stopping threads took: 0.0000178 seconds
[2019-12-09T03:02:47.883+0000][1][safepoint    ] Application time: 1.0000759 seconds
[2019-12-09T03:02:47.883+0000][1][safepoint    ] Entering safepoint region: Cleanup
[2019-12-09T03:02:47.883+0000][1][safepoint    ] Leaving safepoint region
[2019-12-09T03:02:47.883+0000][1][safepoint    ] Total time for which application threads were stopped: 0.0000762 seconds, Stopping threads took: 0.0000189 seconds
[2019-12-09T03:02:48.883+0000][1][safepoint    ] Application time: 1.0000764 seconds
[2019-12-09T03:02:48.883+0000][1][safepoint    ] Entering safepoint region: Cleanup
[2019-12-09T03:02:48.883+0000][1][safepoint    ] Leaving safepoint region
[2019-12-09T03:02:48.883+0000][1][safepoint    ] Total time for which application threads were stopped: 0.0000822 seconds, Stopping threads took: 0.0000271 seconds
[2019-12-09T03:02:49.883+0000][1][safepoint    ] Application time: 1.0000738 seconds
[2019-12-09T03:02:49.883+0000][1][safepoint    ] Entering safepoint region: Cleanup
[2019-12-09T03:02:49.883+0000][1][safepoint    ] Leaving safepoint region
[2019-12-09T03:02:49.883+0000][1][safepoint    ] Total time for which application threads were stopped: 0.0000764 seconds, Stopping threads took: 0.0000177 seconds
[2019-12-09T03:02:50.883+0000][1][safepoint    ] Application time: 1.0000762 seconds
[2019-12-09T03:02:50.883+0000][1][safepoint    ] Entering safepoint region: Cleanup
[2019-12-09T03:02:50.884+0000][1][safepoint    ] Leaving safepoint region
[2019-12-09T03:02:50.884+0000][1][safepoint    ] Total time for which application threads were stopped: 0.0000758 seconds, Stopping threads took: 0.0000172 seconds
[2019-12-09T03:02:51.884+0000][1][safepoint    ] Application time: 1.0000749 seconds
[2019-12-09T03:02:51.884+0000][1][safepoint    ] Entering safepoint region: Cleanup
[2019-12-09T03:02:51.884+0000][1][safepoint    ] Leaving safepoint region
[2019-12-09T03:02:51.884+0000][1][safepoint    ] Total time for which application threads were stopped: 0.0000907 seconds, Stopping threads took: 0.0000285 seconds
[2019-12-09T03:02:52.884+0000][1][safepoint    ] Application time: 1.0000763 seconds
[2019-12-09T03:02:52.884+0000][1][safepoint    ] Entering safepoint region: Cleanup
[2019-12-09T03:02:52.884+0000][1][safepoint    ] Leaving safepoint region
[2019-12-09T03:02:52.884+0000][1][safepoint    ] Total time for which application threads were stopped: 0.0000743 seconds, Stopping threads took: 0.0000167 seconds
[2019-12-09T03:02:53.884+0000][1][safepoint    ] Application time: 1.0000751 seconds
[2019-12-09T03:02:53.884+0000][1][safepoint    ] Entering safepoint region: Cleanup
[2019-12-09T03:02:53.884+0000][1][safepoint    ] Leaving safepoint region
[2019-12-09T03:02:53.884+0000][1][safepoint    ] Total time for which application threads were stopped: 0.0000764 seconds, Stopping threads took: 0.0000181 seconds
[2019-12-09T03:02:54.884+0000][1][safepoint    ] Application time: 1.0000770 seconds
[2019-12-09T03:02:54.884+0000][1][safepoint    ] Entering safepoint region: Cleanup
[2019-12-09T03:02:54.884+0000][1][safepoint    ] Leaving safepoint region
[2019-12-09T03:02:54.884+0000][1][safepoint    ] Total time for which application threads were stopped: 0.0000755 seconds, Stopping threads took: 0.0000184 seconds
[2019-12-09T03:02:55.884+0000][1][safepoint    ] Application time: 1.0000742 seconds
[2019-12-09T03:02:55.884+0000][1][safepoint    ] Entering safepoint region: Cleanup
[2019-12-09T03:02:55.885+0000][1][safepoint    ] Leaving safepoint region
[2019-12-09T03:02:55.885+0000][1][safepoint    ] Total time for which application threads were stopped: 0.0000767 seconds, Stopping threads took: 0.0000188 seconds
[2019-12-09T03:02:56.885+0000][1][safepoint    ] Application time: 1.0000757 seconds
[2019-12-09T03:02:56.885+0000][1][safepoint    ] Entering safepoint region: Cleanup
[2019-12-09T03:02:56.885+0000][1][safepoint    ] Leaving safepoint region
[2019-12-09T03:02:56.885+0000][1][safepoint    ] Total time for which application threads were stopped: 0.0000966 seconds, Stopping threads took: 0.0000394 seconds
[2019-12-09T03:02:57.885+0000][1][safepoint    ] Application time: 1.0000764 seconds
[2019-12-09T03:02:57.885+0000][1][safepoint    ] Entering safepoint region: Cleanup
[2019-12-09T03:02:57.885+0000][1][safepoint    ] Leaving safepoint region
[2019-12-09T03:02:57.885+0000][1][safepoint    ] Total time for which application threads were stopped: 0.0000742 seconds, Stopping threads took: 0.0000186 seconds
[2019-12-09T03:02:58.885+0000][1][safepoint    ] Application time: 1.0000765 seconds
[2019-12-09T03:02:58.885+0000][1][safepoint    ] Entering safepoint region: Cleanup
[2019-12-09T03:02:58.885+0000][1][safepoint    ] Leaving safepoint region
[2019-12-09T03:02:58.885+0000][1][safepoint    ] Total time for which application threads were stopped: 0.0000769 seconds, Stopping threads took: 0.0000181 seconds
[2019-12-09T03:02:59.885+0000][1][safepoint    ] Application time: 1.0000746 seconds
[2019-12-09T03:02:59.885+0000][1][safepoint    ] Entering safepoint region: Cleanup
[2019-12-09T03:02:59.885+0000][1][safepoint    ] Leaving safepoint region
[2019-12-09T03:02:59.885+0000][1][safepoint    ] Total time for which application threads were stopped: 0.0000839 seconds, Stopping threads took: 0.0000199 seconds
[2019-12-09T03:03:00.885+0000][1][safepoint    ] Application time: 1.0000756 seconds
[2019-12-09T03:03:00.885+0000][1][safepoint    ] Entering safepoint region: Cleanup
[2019-12-09T03:03:00.886+0000][1][safepoint    ] Leaving safepoint region
[2019-12-09T03:03:00.886+0000][1][safepoint    ] Total time for which application threads were stopped: 0.0000782 seconds, Stopping threads took: 0.0000181 seconds
[2019-12-09T03:03:01.886+0000][1][safepoint    ] Application time: 1.0001762 seconds
[2019-12-09T03:03:01.886+0000][1][safepoint    ] Entering safepoint region: Cleanup
[2019-12-09T03:03:01.886+0000][1][safepoint    ] Leaving safepoint region
[2019-12-09T03:03:01.886+0000][1][safepoint    ] Total time for which application threads were stopped: 0.0001030 seconds, Stopping threads took: 0.0000274 seconds
[2019-12-09T03:03:02.886+0000][1][safepoint    ] Application time: 1.0000765 seconds
[2019-12-09T03:03:02.886+0000][1][safepoint    ] Entering safepoint region: Cleanup
[2019-12-09T03:03:02.886+0000][1][safepoint    ] Leaving safepoint region
[2019-12-09T03:03:02.886+0000][1][safepoint    ] Total time for which application threads were stopped: 0.0000744 seconds, Stopping threads took: 0.0000191 seconds
[2019-12-09T03:03:03.886+0000][1][safepoint    ] Application time: 1.0000761 seconds
[2019-12-09T03:03:03.886+0000][1][safepoint    ] Entering safepoint region: Cleanup
[2019-12-09T03:03:03.886+0000][1][safepoint    ] Leaving safepoint region
[2019-12-09T03:03:03.886+0000][1][safepoint    ] Total time for which application threads were stopped: 0.0000745 seconds, Stopping threads took: 0.0000181 seconds
[2019-12-09T03:03:04.886+0000][1][safepoint    ] Application time: 1.0000762 seconds
[2019-12-09T03:03:04.886+0000][1][safepoint    ] Entering safepoint region: Cleanup
[2019-12-09T03:03:04.886+0000][1][safepoint    ] Leaving safepoint region
[2019-12-09T03:03:04.886+0000][1][safepoint    ] Total time for which application threads were stopped: 0.0000742 seconds, Stopping threads took: 0.0000178 seconds
[2019-12-09T03:03:05.887+0000][1][safepoint    ] Application time: 1.0000751 seconds
[2019-12-09T03:03:05.887+0000][1][safepoint    ] Entering safepoint region: Cleanup
[2019-12-09T03:03:05.887+0000][1][safepoint    ] Leaving safepoint region
[2019-12-09T03:03:05.887+0000][1][safepoint    ] Total time for which application threads were stopped: 0.0000811 seconds, Stopping threads took: 0.0000171 seconds
[2019-12-09T03:03:06.887+0000][1][safepoint    ] Application time: 1.0000763 seconds
[2019-12-09T03:03:06.887+0000][1][safepoint    ] Entering safepoint region: Cleanup
[2019-12-09T03:03:06.887+0000][1][safepoint    ] Leaving safepoint region
[2019-12-09T03:03:06.887+0000][1][safepoint    ] Total time for which application threads were stopped: 0.0000821 seconds, Stopping threads took: 0.0000257 seconds
[2019-12-09T03:03:07.887+0000][1][safepoint    ] Application time: 1.0000753 seconds
[2019-12-09T03:03:07.887+0000][1][safepoint    ] Entering safepoint region: Cleanup
[2019-12-09T03:03:07.887+0000][1][safepoint    ] Leaving safepoint region
[2019-12-09T03:03:07.887+0000][1][safepoint    ] Total time for which application threads were stopped: 0.0000745 seconds, Stopping threads took: 0.0000193 seconds
[2019-12-09T03:03:08.887+0000][1][safepoint    ] Application time: 1.0000753 seconds
[2019-12-09T03:03:08.887+0000][1][safepoint    ] Entering safepoint region: Cleanup
[2019-12-09T03:03:08.887+0000][1][safepoint    ] Leaving safepoint region
[2019-12-09T03:03:08.887+0000][1][safepoint    ] Total time for which application threads were stopped: 0.0000745 seconds, Stopping threads took: 0.0000183 seconds
[2019-12-09T03:03:09.887+0000][1][safepoint    ] Application time: 1.0000754 seconds
[2019-12-09T03:03:09.887+0000][1][safepoint    ] Entering safepoint region: Cleanup
[2019-12-09T03:03:09.887+0000][1][safepoint    ] Leaving safepoint region
[2019-12-09T03:03:09.887+0000][1][safepoint    ] Total time for which application threads were stopped: 0.0000740 seconds, Stopping threads took: 0.0000185 seconds
[2019-12-09T03:03:10.888+0000][1][safepoint    ] Application time: 1.0000762 seconds
[2019-12-09T03:03:10.888+0000][1][safepoint    ] Entering safepoint region: Cleanup
[2019-12-09T03:03:10.888+0000][1][safepoint    ] Leaving safepoint region
[2019-12-09T03:03:10.888+0000][1][safepoint    ] Total time for which application threads were stopped: 0.0000765 seconds, Stopping threads took: 0.0000200 seconds
[2019-12-09T03:03:11.888+0000][1][safepoint    ] Application time: 1.0000762 seconds
[2019-12-09T03:03:11.888+0000][1][safepoint    ] Entering safepoint region: Cleanup
[2019-12-09T03:03:11.888+0000][1][safepoint    ] Leaving safepoint region
[2019-12-09T03:03:11.888+0000][1][safepoint    ] Total time for which application threads were stopped: 0.0000834 seconds, Stopping threads took: 0.0000182 seconds
[2019-12-09T03:03:12.888+0000][1][safepoint    ] Application time: 1.0000770 seconds
[2019-12-09T03:03:12.888+0000][1][safepoint    ] Entering safepoint region: Cleanup
[2019-12-09T03:03:12.888+0000][1][safepoint    ] Leaving safepoint region
[2019-12-09T03:03:12.888+0000][1][safepoint    ] Total time for which application threads were stopped: 0.0000751 seconds, Stopping threads took: 0.0000180 seconds
[2019-12-09T03:03:13.888+0000][1][safepoint    ] Application time: 1.0000764 seconds
[2019-12-09T03:03:13.888+0000][1][safepoint    ] Entering safepoint region: Cleanup
[2019-12-09T03:03:13.888+0000][1][safepoint    ] Leaving safepoint region
[2019-12-09T03:03:13.888+0000][1][safepoint    ] Total time for which application threads were stopped: 0.0000717 seconds, Stopping threads took: 0.0000181 seconds
[2019-12-09T03:03:14.888+0000][1][safepoint    ] Application time: 1.0000758 seconds
[2019-12-09T03:03:14.888+0000][1][safepoint    ] Entering safepoint region: Cleanup
[2019-12-09T03:03:14.888+0000][1][safepoint    ] Leaving safepoint region
[2019-12-09T03:03:14.888+0000][1][safepoint    ] Total time for which application threads were stopped: 0.0000743 seconds, Stopping threads took: 0.0000184 seconds
[2019-12-09T03:03:15.888+0000][1][safepoint    ] Application time: 1.0000755 seconds
[2019-12-09T03:03:15.889+0000][1][safepoint    ] Entering safepoint region: Cleanup
[2019-12-09T03:03:15.889+0000][1][safepoint    ] Leaving safepoint region
[2019-12-09T03:03:15.889+0000][1][safepoint    ] Total time for which application threads were stopped: 0.0000716 seconds, Stopping threads took: 0.0000172 seconds
[2019-12-09T03:03:16.889+0000][1][safepoint    ] Application time: 1.0000763 seconds
[2019-12-09T03:03:16.889+0000][1][safepoint    ] Entering safepoint region: Cleanup
[2019-12-09T03:03:16.889+0000][1][safepoint    ] Leaving safepoint region
[2019-12-09T03:03:16.889+0000][1][safepoint    ] Total time for which application threads were stopped: 0.0000802 seconds, Stopping threads took: 0.0000245 seconds
[2019-12-09T03:03:17.889+0000][1][safepoint    ] Application time: 1.0000734 seconds
[2019-12-09T03:03:17.889+0000][1][safepoint    ] Entering safepoint region: Cleanup
[2019-12-09T03:03:17.889+0000][1][safepoint    ] Leaving safepoint region
[2019-12-09T03:03:17.889+0000][1][safepoint    ] Total time for which application threads were stopped: 0.0000687 seconds, Stopping threads took: 0.0000168 seconds
[2019-12-09T03:03:18.889+0000][1][safepoint    ] Application time: 1.0000753 seconds
[2019-12-09T03:03:18.889+0000][1][safepoint    ] Entering safepoint region: Cleanup
[2019-12-09T03:03:18.889+0000][1][safepoint    ] Leaving safepoint region
[2019-12-09T03:03:18.889+0000][1][safepoint    ] Total time for which application threads were stopped: 0.0001074 seconds, Stopping threads took: 0.0000300 seconds
[2019-12-09T03:03:19.889+0000][1][safepoint    ] Application time: 1.0000829 seconds
[2019-12-09T03:03:19.889+0000][1][safepoint    ] Entering safepoint region: Cleanup
[2019-12-09T03:03:19.889+0000][1][safepoint    ] Leaving safepoint region
[2019-12-09T03:03:19.889+0000][1][safepoint    ] Total time for which application threads were stopped: 0.0001093 seconds, Stopping threads took: 0.0000242 seconds
[2019-12-09T03:03:20.890+0000][1][safepoint    ] Application time: 1.0000755 seconds
[2019-12-09T03:03:20.890+0000][1][safepoint    ] Entering safepoint region: Cleanup
[2019-12-09T03:03:20.890+0000][1][safepoint    ] Leaving safepoint region
[2019-12-09T03:03:20.890+0000][1][safepoint    ] Total time for which application threads were stopped: 0.0000929 seconds, Stopping threads took: 0.0000300 seconds
[2019-12-09T03:03:21.890+0000][1][safepoint    ] Application time: 1.0000877 seconds
[2019-12-09T03:03:21.890+0000][1][safepoint    ] Entering safepoint region: Cleanup
[2019-12-09T03:03:21.890+0000][1][safepoint    ] Leaving safepoint region
[2019-12-09T03:03:21.890+0000][1][safepoint    ] Total time for which application threads were stopped: 0.0001185 seconds, Stopping threads took: 0.0000327 seconds
[2019-12-09T03:03:22.890+0000][1][safepoint    ] Application time: 1.0001913 seconds
[2019-12-09T03:03:22.890+0000][1][safepoint    ] Entering safepoint region: Cleanup
[2019-12-09T03:03:22.890+0000][1][safepoint    ] Leaving safepoint region
[2019-12-09T03:03:22.890+0000][1][safepoint    ] Total time for which application threads were stopped: 0.0000978 seconds, Stopping threads took: 0.0000237 seconds
[2019-12-09T03:03:23.890+0000][1][safepoint    ] Application time: 1.0000902 seconds
[2019-12-09T03:03:23.890+0000][1][safepoint    ] Entering safepoint region: Cleanup
[2019-12-09T03:03:23.890+0000][1][safepoint    ] Leaving safepoint region
[2019-12-09T03:03:23.890+0000][1][safepoint    ] Total time for which application threads were stopped: 0.0001208 seconds, Stopping threads took: 0.0000351 seconds
[2019-12-09T03:03:24.476+0000][1][safepoint    ] Application time: 0.5859930 seconds
[2019-12-09T03:03:24.477+0000][1][safepoint    ] Entering safepoint region: GenCollectForAllocation
[2019-12-09T03:03:24.477+0000][1][gc,start     ] GC(33) Pause Young (Allocation Failure)
[2019-12-09T03:03:24.477+0000][1][gc,task      ] GC(33) Using 2 workers of 2 for evacuation
[2019-12-09T03:03:24.484+0000][1][gc,age       ] GC(33) Desired survivor size 4456448 bytes, new threshold 6 (max threshold 6)
[2019-12-09T03:03:24.484+0000][1][gc,age       ] GC(33) Age table with threshold 6 (max threshold 6)
[2019-12-09T03:03:24.484+0000][1][gc,age       ] GC(33) - age   1:     146136 bytes,     146136 total
[2019-12-09T03:03:24.484+0000][1][gc,age       ] GC(33) - age   2:        536 bytes,     146672 total
[2019-12-09T03:03:24.484+0000][1][gc,age       ] GC(33) - age   3:        968 bytes,     147640 total
[2019-12-09T03:03:24.484+0000][1][gc,age       ] GC(33) - age   4:       4192 bytes,     151832 total
[2019-12-09T03:03:24.484+0000][1][gc,age       ] GC(33) - age   5:       4120 bytes,     155952 total
[2019-12-09T03:03:24.484+0000][1][gc,age       ] GC(33) - age   6:      10776 bytes,     166728 total
[2019-12-09T03:03:24.484+0000][1][gc,heap      ] GC(33) ParNew: 70137K->169K(78656K)
[2019-12-09T03:03:24.484+0000][1][gc,heap      ] GC(33) CMS: 69709K->69713K(174784K)
[2019-12-09T03:03:24.484+0000][1][gc,metaspace ] GC(33) Metaspace: 71017K->71017K(1114112K)
[2019-12-09T03:03:24.484+0000][1][gc           ] GC(33) Pause Young (Allocation Failure) 136M->68M(247M) 7.435ms
[2019-12-09T03:03:24.484+0000][1][gc,cpu       ] GC(33) User=0.01s Sys=0.00s Real=0.00s
[2019-12-09T03:03:24.484+0000][1][safepoint    ] Leaving safepoint region
[2019-12-09T03:03:24.484+0000][1][safepoint    ] Total time for which application threads were stopped: 0.0076386 seconds, Stopping threads took: 0.0000309 seconds
[2019-12-09T03:03:25.484+0000][1][safepoint    ] Application time: 1.0000836 seconds
[2019-12-09T03:03:25.484+0000][1][safepoint    ] Entering safepoint region: Cleanup
[2019-12-09T03:03:25.484+0000][1][safepoint    ] Leaving safepoint region
[2019-12-09T03:03:25.484+0000][1][safepoint    ] Total time for which application threads were stopped: 0.0000879 seconds, Stopping threads took: 0.0000254 seconds
[2019-12-09T03:03:26.484+0000][1][safepoint    ] Application time: 1.0000762 seconds
[2019-12-09T03:03:26.484+0000][1][safepoint    ] Entering safepoint region: Cleanup
[2019-12-09T03:03:26.485+0000][1][safepoint    ] Leaving safepoint region
[2019-12-09T03:03:26.485+0000][1][safepoint    ] Total time for which application threads were stopped: 0.0000763 seconds, Stopping threads took: 0.0000195 seconds
[2019-12-09T03:03:27.485+0000][1][safepoint    ] Application time: 1.0000767 seconds
[2019-12-09T03:03:27.485+0000][1][safepoint    ] Entering safepoint region: Cleanup
[2019-12-09T03:03:27.485+0000][1][safepoint    ] Leaving safepoint region
[2019-12-09T03:03:27.485+0000][1][safepoint    ] Total time for which application threads were stopped: 0.0000909 seconds, Stopping threads took: 0.0000333 seconds
[2019-12-09T03:03:28.485+0000][1][safepoint    ] Application time: 1.0000776 seconds
[2019-12-09T03:03:28.485+0000][1][safepoint    ] Entering safepoint region: Cleanup
[2019-12-09T03:03:28.485+0000][1][safepoint    ] Leaving safepoint region
[2019-12-09T03:03:28.485+0000][1][safepoint    ] Total time for which application threads were stopped: 0.0000751 seconds, Stopping threads took: 0.0000181 seconds
[2019-12-09T03:03:29.485+0000][1][safepoint    ] Application time: 1.0000761 seconds
[2019-12-09T03:03:29.485+0000][1][safepoint    ] Entering safepoint region: Cleanup
[2019-12-09T03:03:29.485+0000][1][safepoint    ] Leaving safepoint region
[2019-12-09T03:03:29.485+0000][1][safepoint    ] Total time for which application threads were stopped: 0.0000783 seconds, Stopping threads took: 0.0000186 seconds
[2019-12-09T03:03:30.485+0000][1][safepoint    ] Application time: 1.0000753 seconds
[2019-12-09T03:03:30.485+0000][1][safepoint    ] Entering safepoint region: Cleanup
[2019-12-09T03:03:30.485+0000][1][safepoint    ] Leaving safepoint region
[2019-12-09T03:03:30.485+0000][1][safepoint    ] Total time for which application threads were stopped: 0.0000734 seconds, Stopping threads took: 0.0000188 seconds
[2019-12-09T03:03:31.485+0000][1][safepoint    ] Application time: 1.0000764 seconds
[2019-12-09T03:03:31.485+0000][1][safepoint    ] Entering safepoint region: Cleanup
[2019-12-09T03:03:31.486+0000][1][safepoint    ] Leaving safepoint region
[2019-12-09T03:03:31.486+0000][1][safepoint    ] Total time for which application threads were stopped: 0.0000833 seconds, Stopping threads took: 0.0000200 seconds
[2019-12-09T03:03:32.486+0000][1][safepoint    ] Application time: 1.0000769 seconds
[2019-12-09T03:03:32.486+0000][1][safepoint    ] Entering safepoint region: Cleanup
[2019-12-09T03:03:32.486+0000][1][safepoint    ] Leaving safepoint region
[2019-12-09T03:03:32.486+0000][1][safepoint    ] Total time for which application threads were stopped: 0.0000902 seconds, Stopping threads took: 0.0000191 seconds
[2019-12-09T03:03:33.486+0000][1][safepoint    ] Application time: 1.0000755 seconds
[2019-12-09T03:03:33.486+0000][1][safepoint    ] Entering safepoint region: Cleanup
[2019-12-09T03:03:33.486+0000][1][safepoint    ] Leaving safepoint region
[2019-12-09T03:03:33.486+0000][1][safepoint    ] Total time for which application threads were stopped: 0.0000704 seconds, Stopping threads took: 0.0000180 seconds
[2019-12-09T03:03:34.486+0000][1][safepoint    ] Application time: 1.0000757 seconds
[2019-12-09T03:03:34.486+0000][1][safepoint    ] Entering safepoint region: Cleanup
[2019-12-09T03:03:34.486+0000][1][safepoint    ] Leaving safepoint region
[2019-12-09T03:03:34.486+0000][1][safepoint    ] Total time for which application threads were stopped: 0.0000756 seconds, Stopping threads took: 0.0000191 seconds
[2019-12-09T03:03:35.486+0000][1][safepoint    ] Application time: 1.0000760 seconds
[2019-12-09T03:03:35.486+0000][1][safepoint    ] Entering safepoint region: Cleanup
[2019-12-09T03:03:35.486+0000][1][safepoint    ] Leaving safepoint region
[2019-12-09T03:03:35.486+0000][1][safepoint    ] Total time for which application threads were stopped: 0.0000796 seconds, Stopping threads took: 0.0000182 seconds
[2019-12-09T03:03:36.486+0000][1][safepoint    ] Application time: 1.0000756 seconds
[2019-12-09T03:03:36.486+0000][1][safepoint    ] Entering safepoint region: Cleanup
[2019-12-09T03:03:36.486+0000][1][safepoint    ] Leaving safepoint region
[2019-12-09T03:03:36.486+0000][1][safepoint    ] Total time for which application threads were stopped: 0.0000755 seconds, Stopping threads took: 0.0000197 seconds
[2019-12-09T03:03:37.487+0000][1][safepoint    ] Application time: 1.0000749 seconds
[2019-12-09T03:03:37.487+0000][1][safepoint    ] Entering safepoint region: Cleanup
[2019-12-09T03:03:37.487+0000][1][safepoint    ] Leaving safepoint region
[2019-12-09T03:03:37.487+0000][1][safepoint    ] Total time for which application threads were stopped: 0.0000881 seconds, Stopping threads took: 0.0000184 seconds
[2019-12-09T03:03:38.487+0000][1][safepoint    ] Application time: 1.0000764 seconds
[2019-12-09T03:03:38.487+0000][1][safepoint    ] Entering safepoint region: Cleanup
[2019-12-09T03:03:38.487+0000][1][safepoint    ] Leaving safepoint region
[2019-12-09T03:03:38.487+0000][1][safepoint    ] Total time for which application threads were stopped: 0.0000745 seconds, Stopping threads took: 0.0000193 seconds
[2019-12-09T03:03:39.487+0000][1][safepoint    ] Application time: 1.0000747 seconds
[2019-12-09T03:03:39.487+0000][1][safepoint    ] Entering safepoint region: Cleanup
[2019-12-09T03:03:39.487+0000][1][safepoint    ] Leaving safepoint region
[2019-12-09T03:03:39.487+0000][1][safepoint    ] Total time for which application threads were stopped: 0.0000708 seconds, Stopping threads took: 0.0000183 seconds
[2019-12-09T03:03:40.487+0000][1][safepoint    ] Application time: 1.0000751 seconds
[2019-12-09T03:03:40.487+0000][1][safepoint    ] Entering safepoint region: Cleanup
[2019-12-09T03:03:40.487+0000][1][safepoint    ] Leaving safepoint region
[2019-12-09T03:03:40.487+0000][1][safepoint    ] Total time for which application threads were stopped: 0.0000746 seconds, Stopping threads took: 0.0000170 seconds
[2019-12-09T03:03:41.487+0000][1][safepoint    ] Application time: 1.0000755 seconds
[2019-12-09T03:03:41.487+0000][1][safepoint    ] Entering safepoint region: Cleanup
[2019-12-09T03:03:41.487+0000][1][safepoint    ] Leaving safepoint region
[2019-12-09T03:03:41.487+0000][1][safepoint    ] Total time for which application threads were stopped: 0.0000835 seconds, Stopping threads took: 0.0000190 seconds
[2019-12-09T03:03:42.488+0000][1][safepoint    ] Application time: 1.0000751 seconds
[2019-12-09T03:03:42.488+0000][1][safepoint    ] Entering safepoint region: Cleanup
[2019-12-09T03:03:42.488+0000][1][safepoint    ] Leaving safepoint region
[2019-12-09T03:03:42.488+0000][1][safepoint    ] Total time for which application threads were stopped: 0.0000757 seconds, Stopping threads took: 0.0000188 seconds
[2019-12-09T03:03:43.488+0000][1][safepoint    ] Application time: 1.0000740 seconds
[2019-12-09T03:03:43.488+0000][1][safepoint    ] Entering safepoint region: Cleanup
[2019-12-09T03:03:43.488+0000][1][safepoint    ] Leaving safepoint region
[2019-12-09T03:03:43.488+0000][1][safepoint    ] Total time for which application threads were stopped: 0.0000739 seconds, Stopping threads took: 0.0000182 seconds
[2019-12-09T03:03:44.488+0000][1][safepoint    ] Application time: 1.0000740 seconds
[2019-12-09T03:03:44.488+0000][1][safepoint    ] Entering safepoint region: Cleanup
[2019-12-09T03:03:44.488+0000][1][safepoint    ] Leaving safepoint region
[2019-12-09T03:03:44.488+0000][1][safepoint    ] Total time for which application threads were stopped: 0.0000706 seconds, Stopping threads took: 0.0000176 seconds
[2019-12-09T03:03:45.488+0000][1][safepoint    ] Application time: 1.0000762 seconds
[2019-12-09T03:03:45.488+0000][1][safepoint    ] Entering safepoint region: Cleanup
[2019-12-09T03:03:45.488+0000][1][safepoint    ] Leaving safepoint region
[2019-12-09T03:03:45.488+0000][1][safepoint    ] Total time for which application threads were stopped: 0.0000760 seconds, Stopping threads took: 0.0000186 seconds
[2019-12-09T03:03:46.488+0000][1][safepoint    ] Application time: 1.0000746 seconds
[2019-12-09T03:03:46.488+0000][1][safepoint    ] Entering safepoint region: Cleanup
[2019-12-09T03:03:46.488+0000][1][safepoint    ] Leaving safepoint region
[2019-12-09T03:03:46.488+0000][1][safepoint    ] Total time for which application threads were stopped: 0.0000757 seconds, Stopping threads took: 0.0000176 seconds
[2019-12-09T03:03:47.488+0000][1][safepoint    ] Application time: 1.0000749 seconds
[2019-12-09T03:03:47.489+0000][1][safepoint    ] Entering safepoint region: Cleanup
[2019-12-09T03:03:47.489+0000][1][safepoint    ] Leaving safepoint region
[2019-12-09T03:03:47.489+0000][1][safepoint    ] Total time for which application threads were stopped: 0.0000713 seconds, Stopping threads took: 0.0000173 seconds
[2019-12-09T03:03:48.489+0000][1][safepoint    ] Application time: 1.0000748 seconds
[2019-12-09T03:03:48.489+0000][1][safepoint    ] Entering safepoint region: Cleanup
[2019-12-09T03:03:48.489+0000][1][safepoint    ] Leaving safepoint region
[2019-12-09T03:03:48.489+0000][1][safepoint    ] Total time for which application threads were stopped: 0.0000819 seconds, Stopping threads took: 0.0000185 seconds
[2019-12-09T03:03:49.489+0000][1][safepoint    ] Application time: 1.0000751 seconds
[2019-12-09T03:03:49.489+0000][1][safepoint    ] Entering safepoint region: Cleanup
[2019-12-09T03:03:49.489+0000][1][safepoint    ] Leaving safepoint region
[2019-12-09T03:03:49.489+0000][1][safepoint    ] Total time for which application threads were stopped: 0.0000700 seconds, Stopping threads took: 0.0000180 seconds
[2019-12-09T03:03:50.489+0000][1][safepoint    ] Application time: 1.0000752 seconds
[2019-12-09T03:03:50.489+0000][1][safepoint    ] Entering safepoint region: Cleanup
[2019-12-09T03:03:50.489+0000][1][safepoint    ] Leaving safepoint region
[2019-12-09T03:03:50.489+0000][1][safepoint    ] Total time for which application threads were stopped: 0.0000754 seconds, Stopping threads took: 0.0000170 seconds
[2019-12-09T03:03:51.489+0000][1][safepoint    ] Application time: 1.0000868 seconds
[2019-12-09T03:03:51.489+0000][1][safepoint    ] Entering safepoint region: Cleanup
[2019-12-09T03:03:51.489+0000][1][safepoint    ] Leaving safepoint region
[2019-12-09T03:03:51.489+0000][1][safepoint    ] Total time for which application threads were stopped: 0.0001035 seconds, Stopping threads took: 0.0000235 seconds
[2019-12-09T03:03:52.489+0000][1][safepoint    ] Application time: 1.0000752 seconds
[2019-12-09T03:03:52.490+0000][1][safepoint    ] Entering safepoint region: Cleanup
[2019-12-09T03:03:52.490+0000][1][safepoint    ] Leaving safepoint region
[2019-12-09T03:03:52.490+0000][1][safepoint    ] Total time for which application threads were stopped: 0.0000794 seconds, Stopping threads took: 0.0000181 seconds
[2019-12-09T03:03:53.490+0000][1][safepoint    ] Application time: 1.0000749 seconds
[2019-12-09T03:03:53.490+0000][1][safepoint    ] Entering safepoint region: Cleanup
[2019-12-09T03:03:53.490+0000][1][safepoint    ] Leaving safepoint region
[2019-12-09T03:03:53.490+0000][1][safepoint    ] Total time for which application threads were stopped: 0.0000782 seconds, Stopping threads took: 0.0000186 seconds
[2019-12-09T03:03:54.493+0000][1][safepoint    ] Application time: 1.0029125 seconds
[2019-12-09T03:03:54.493+0000][1][safepoint    ] Entering safepoint region: Cleanup
[2019-12-09T03:03:54.493+0000][1][safepoint    ] Leaving safepoint region
[2019-12-09T03:03:54.493+0000][1][safepoint    ] Total time for which application threads were stopped: 0.0001420 seconds, Stopping threads took: 0.0000523 seconds
[2019-12-09T03:03:55.493+0000][1][safepoint    ] Application time: 1.0000846 seconds
[2019-12-09T03:03:55.493+0000][1][safepoint    ] Entering safepoint region: Cleanup
[2019-12-09T03:03:55.493+0000][1][safepoint    ] Leaving safepoint region
[2019-12-09T03:03:55.493+0000][1][safepoint    ] Total time for which application threads were stopped: 0.0000985 seconds, Stopping threads took: 0.0000232 seconds
[2019-12-09T03:03:56.493+0000][1][safepoint    ] Application time: 1.0000778 seconds
[2019-12-09T03:03:56.493+0000][1][safepoint    ] Entering safepoint region: Cleanup
[2019-12-09T03:03:56.493+0000][1][safepoint    ] Leaving safepoint region
[2019-12-09T03:03:56.493+0000][1][safepoint    ] Total time for which application threads were stopped: 0.0000772 seconds, Stopping threads took: 0.0000193 seconds
[2019-12-09T03:03:56.617+0000][1][safepoint    ] Application time: 0.1232469 seconds
[2019-12-09T03:03:56.617+0000][1][safepoint    ] Entering safepoint region: RevokeBias
[2019-12-09T03:03:56.617+0000][1][safepoint    ] Leaving safepoint region
[2019-12-09T03:03:56.617+0000][1][safepoint    ] Total time for which application threads were stopped: 0.0001526 seconds, Stopping threads took: 0.0000260 seconds
[2019-12-09T03:03:57.617+0000][1][safepoint    ] Application time: 1.0000866 seconds
[2019-12-09T03:03:57.617+0000][1][safepoint    ] Entering safepoint region: Cleanup
[2019-12-09T03:03:57.617+0000][1][safepoint    ] Leaving safepoint region
[2019-12-09T03:03:57.617+0000][1][safepoint    ] Total time for which application threads were stopped: 0.0000848 seconds, Stopping threads took: 0.0000193 seconds
[2019-12-09T03:03:59.617+0000][1][safepoint    ] Application time: 2.0001464 seconds
[2019-12-09T03:03:59.617+0000][1][safepoint    ] Entering safepoint region: Cleanup
[2019-12-09T03:03:59.617+0000][1][safepoint    ] Leaving safepoint region
[2019-12-09T03:03:59.617+0000][1][safepoint    ] Total time for which application threads were stopped: 0.0000854 seconds, Stopping threads took: 0.0000192 seconds
[2019-12-09T03:04:00.617+0000][1][safepoint    ] Application time: 1.0000775 seconds
[2019-12-09T03:04:00.617+0000][1][safepoint    ] Entering safepoint region: Cleanup
[2019-12-09T03:04:00.617+0000][1][safepoint    ] Leaving safepoint region
[2019-12-09T03:04:00.617+0000][1][safepoint    ] Total time for which application threads were stopped: 0.0000834 seconds, Stopping threads took: 0.0000175 seconds
[2019-12-09T03:04:04.810+0000][1][safepoint    ] Application time: 4.1922055 seconds
[2019-12-09T03:04:04.810+0000][1][safepoint    ] Entering safepoint region: RevokeBias
[2019-12-09T03:04:04.810+0000][1][safepoint    ] Leaving safepoint region
[2019-12-09T03:04:04.810+0000][1][safepoint    ] Total time for which application threads were stopped: 0.0001469 seconds, Stopping threads took: 0.0000242 seconds
[2019-12-09T03:04:05.283+0000][1][safepoint    ] Application time: 0.4731107 seconds
[2019-12-09T03:04:05.283+0000][1][safepoint    ] Entering safepoint region: RevokeBias
[2019-12-09T03:04:05.283+0000][1][safepoint    ] Leaving safepoint region
[2019-12-09T03:04:05.283+0000][1][safepoint    ] Total time for which application threads were stopped: 0.0001228 seconds, Stopping threads took: 0.0000211 seconds
[2019-12-09T03:04:05.283+0000][1][safepoint    ] Application time: 0.0000956 seconds
[2019-12-09T03:04:05.283+0000][1][safepoint    ] Entering safepoint region: RevokeBias
[2019-12-09T03:04:05.283+0000][1][safepoint    ] Leaving safepoint region
[2019-12-09T03:04:05.283+0000][1][safepoint    ] Total time for which application threads were stopped: 0.0000676 seconds, Stopping threads took: 0.0000118 seconds
[2019-12-09T03:04:05.288+0000][1][safepoint    ] Application time: 0.0048896 seconds
[2019-12-09T03:04:05.292+0000][1][safepoint    ] Entering safepoint region: RevokeBias
[2019-12-09T03:04:05.293+0000][1][safepoint    ] Leaving safepoint region
[2019-12-09T03:04:05.293+0000][1][safepoint    ] Total time for which application threads were stopped: 0.0043141 seconds, Stopping threads took: 0.0042472 seconds
[2019-12-09T03:04:05.293+0000][1][safepoint    ] Application time: 0.0007491 seconds
[2019-12-09T03:04:05.293+0000][1][safepoint    ] Entering safepoint region: RevokeBias
[2019-12-09T03:04:05.293+0000][1][safepoint    ] Leaving safepoint region
[2019-12-09T03:04:05.293+0000][1][safepoint    ] Total time for which application threads were stopped: 0.0000741 seconds, Stopping threads took: 0.0000155 seconds
[2019-12-09T03:04:05.294+0000][1][safepoint    ] Application time: 0.0000930 seconds
[2019-12-09T03:04:05.294+0000][1][safepoint    ] Entering safepoint region: RevokeBias
[2019-12-09T03:04:05.294+0000][1][safepoint    ] Leaving safepoint region
[2019-12-09T03:04:05.294+0000][1][safepoint    ] Total time for which application threads were stopped: 0.0000505 seconds, Stopping threads took: 0.0000092 seconds
[2019-12-09T03:04:05.294+0000][1][safepoint    ] Application time: 0.0003803 seconds
[2019-12-09T03:04:05.294+0000][1][safepoint    ] Entering safepoint region: RevokeBias
[2019-12-09T03:04:05.294+0000][1][safepoint    ] Leaving safepoint region
[2019-12-09T03:04:05.294+0000][1][safepoint    ] Total time for which application threads were stopped: 0.0000685 seconds, Stopping threads took: 0.0000129 seconds
[2019-12-09T03:04:05.295+0000][1][safepoint    ] Application time: 0.0012366 seconds
[2019-12-09T03:04:05.302+0000][1][safepoint    ] Entering safepoint region: RevokeBias
[2019-12-09T03:04:05.302+0000][1][safepoint    ] Leaving safepoint region
[2019-12-09T03:04:05.302+0000][1][safepoint    ] Total time for which application threads were stopped: 0.0065247 seconds, Stopping threads took: 0.0064662 seconds
[2019-12-09T03:04:05.314+0000][1][safepoint    ] Application time: 0.0118272 seconds
[2019-12-09T03:04:05.314+0000][1][safepoint    ] Entering safepoint region: RevokeBias
[2019-12-09T03:04:05.314+0000][1][safepoint    ] Leaving safepoint region
[2019-12-09T03:04:05.314+0000][1][safepoint    ] Total time for which application threads were stopped: 0.0000813 seconds, Stopping threads took: 0.0000157 seconds
[2019-12-09T03:04:05.314+0000][1][safepoint    ] Application time: 0.0004794 seconds
[2019-12-09T03:04:05.345+0000][1][safepoint    ] Entering safepoint region: RevokeBias
[2019-12-09T03:04:05.345+0000][1][safepoint    ] Leaving safepoint region
[2019-12-09T03:04:05.345+0000][1][safepoint    ] Total time for which application threads were stopped: 0.0305809 seconds, Stopping threads took: 0.0304850 seconds
[2019-12-09T03:04:05.349+0000][1][safepoint    ] Application time: 0.0038332 seconds
[2019-12-09T03:04:05.349+0000][1][safepoint    ] Entering safepoint region: RevokeBias
[2019-12-09T03:04:05.349+0000][1][safepoint    ] Leaving safepoint region
[2019-12-09T03:04:05.349+0000][1][safepoint    ] Total time for which application threads were stopped: 0.0000711 seconds, Stopping threads took: 0.0000154 seconds
[2019-12-09T03:04:05.353+0000][1][safepoint    ] Application time: 0.0037914 seconds
[2019-12-09T03:04:05.353+0000][1][safepoint    ] Entering safepoint region: RevokeBias
[2019-12-09T03:04:05.353+0000][1][safepoint    ] Leaving safepoint region
[2019-12-09T03:04:05.353+0000][1][safepoint    ] Total time for which application threads were stopped: 0.0000845 seconds, Stopping threads took: 0.0000131 seconds
[2019-12-09T03:04:05.353+0000][1][safepoint    ] Application time: 0.0006595 seconds
[2019-12-09T03:04:05.353+0000][1][safepoint    ] Entering safepoint region: RevokeBias
[2019-12-09T03:04:05.353+0000][1][safepoint    ] Leaving safepoint region
[2019-12-09T03:04:05.353+0000][1][safepoint    ] Total time for which application threads were stopped: 0.0000629 seconds, Stopping threads took: 0.0000139 seconds
[2019-12-09T03:04:05.354+0000][1][safepoint    ] Application time: 0.0001424 seconds
[2019-12-09T03:04:05.354+0000][1][safepoint    ] Entering safepoint region: RevokeBias
[2019-12-09T03:04:05.354+0000][1][safepoint    ] Leaving safepoint region
[2019-12-09T03:04:05.354+0000][1][safepoint    ] Total time for which application threads were stopped: 0.0000792 seconds, Stopping threads took: 0.0000100 seconds
[2019-12-09T03:04:05.354+0000][1][safepoint    ] Application time: 0.0000643 seconds
[2019-12-09T03:04:05.354+0000][1][safepoint    ] Entering safepoint region: RevokeBias
[2019-12-09T03:04:05.354+0000][1][safepoint    ] Leaving safepoint region
[2019-12-09T03:04:05.354+0000][1][safepoint    ] Total time for which application threads were stopped: 0.0000496 seconds, Stopping threads took: 0.0000103 seconds
[2019-12-09T03:04:05.354+0000][1][safepoint    ] Application time: 0.0002540 seconds
[2019-12-09T03:04:05.354+0000][1][safepoint    ] Entering safepoint region: RevokeBias
[2019-12-09T03:04:05.354+0000][1][safepoint    ] Leaving safepoint region
[2019-12-09T03:04:05.354+0000][1][safepoint    ] Total time for which application threads were stopped: 0.0000594 seconds, Stopping threads took: 0.0000126 seconds
[2019-12-09T03:04:05.354+0000][1][safepoint    ] Application time: 0.0000706 seconds
[2019-12-09T03:04:05.354+0000][1][safepoint    ] Entering safepoint region: RevokeBias
[2019-12-09T03:04:05.354+0000][1][safepoint    ] Leaving safepoint region
[2019-12-09T03:04:05.354+0000][1][safepoint    ] Total time for which application threads were stopped: 0.0000613 seconds, Stopping threads took: 0.0000094 seconds
[2019-12-09T03:04:05.356+0000][1][safepoint    ] Application time: 0.0011772 seconds
[2019-12-09T03:04:05.356+0000][1][safepoint    ] Entering safepoint region: RevokeBias
[2019-12-09T03:04:05.356+0000][1][safepoint    ] Leaving safepoint region
[2019-12-09T03:04:05.356+0000][1][safepoint    ] Total time for which application threads were stopped: 0.0000625 seconds, Stopping threads took: 0.0000124 seconds
[2019-12-09T03:04:05.361+0000][1][safepoint    ] Application time: 0.0057602 seconds
[2019-12-09T03:04:05.361+0000][1][safepoint    ] Entering safepoint region: RevokeBias
[2019-12-09T03:04:05.362+0000][1][safepoint    ] Leaving safepoint region
[2019-12-09T03:04:05.362+0000][1][safepoint    ] Total time for which application threads were stopped: 0.0001261 seconds, Stopping threads took: 0.0000560 seconds
[2019-12-09T03:04:05.365+0000][1][safepoint    ] Application time: 0.0031639 seconds
[2019-12-09T03:04:05.365+0000][1][safepoint    ] Entering safepoint region: RevokeBias
[2019-12-09T03:04:05.365+0000][1][safepoint    ] Leaving safepoint region
[2019-12-09T03:04:05.365+0000][1][safepoint    ] Total time for which application threads were stopped: 0.0000563 seconds, Stopping threads took: 0.0000121 seconds
[2019-12-09T03:04:05.365+0000][1][safepoint    ] Application time: 0.0006796 seconds
[2019-12-09T03:04:05.365+0000][1][safepoint    ] Entering safepoint region: RevokeBias
[2019-12-09T03:04:05.366+0000][1][safepoint    ] Leaving safepoint region
[2019-12-09T03:04:05.366+0000][1][safepoint    ] Total time for which application threads were stopped: 0.0000609 seconds, Stopping threads took: 0.0000125 seconds
[2019-12-09T03:04:05.366+0000][1][safepoint    ] Application time: 0.0001014 seconds
[2019-12-09T03:04:05.366+0000][1][safepoint    ] Entering safepoint region: RevokeBias
[2019-12-09T03:04:05.366+0000][1][safepoint    ] Leaving safepoint region
[2019-12-09T03:04:05.366+0000][1][safepoint    ] Total time for which application threads were stopped: 0.0000759 seconds, Stopping threads took: 0.0000102 seconds
[2019-12-09T03:04:05.367+0000][1][safepoint    ] Application time: 0.0011667 seconds
[2019-12-09T03:04:05.367+0000][1][safepoint    ] Entering safepoint region: RevokeBias
[2019-12-09T03:04:05.367+0000][1][safepoint    ] Leaving safepoint region
[2019-12-09T03:04:05.367+0000][1][safepoint    ] Total time for which application threads were stopped: 0.0000638 seconds, Stopping threads took: 0.0000136 seconds
[2019-12-09T03:04:05.367+0000][1][safepoint    ] Application time: 0.0001966 seconds
[2019-12-09T03:04:05.367+0000][1][safepoint    ] Entering safepoint region: RevokeBias
[2019-12-09T03:04:05.367+0000][1][safepoint    ] Leaving safepoint region
[2019-12-09T03:04:05.367+0000][1][safepoint    ] Total time for which application threads were stopped: 0.0000555 seconds, Stopping threads took: 0.0000098 seconds
[2019-12-09T03:04:05.367+0000][1][safepoint    ] Application time: 0.0000507 seconds
[2019-12-09T03:04:05.367+0000][1][safepoint    ] Entering safepoint region: RevokeBias
[2019-12-09T03:04:05.367+0000][1][safepoint    ] Leaving safepoint region
[2019-12-09T03:04:05.367+0000][1][safepoint    ] Total time for which application threads were stopped: 0.0000383 seconds, Stopping threads took: 0.0000083 seconds
[2019-12-09T03:04:05.383+0000][1][safepoint    ] Application time: 0.0159030 seconds
[2019-12-09T03:04:05.384+0000][1][safepoint    ] Entering safepoint region: RevokeBias
[2019-12-09T03:04:05.385+0000][1][safepoint    ] Leaving safepoint region
[2019-12-09T03:04:05.385+0000][1][safepoint    ] Total time for which application threads were stopped: 0.0012181 seconds, Stopping threads took: 0.0011408 seconds
[2019-12-09T03:04:05.385+0000][1][safepoint    ] Application time: 0.0005811 seconds
[2019-12-09T03:04:05.385+0000][1][safepoint    ] Entering safepoint region: RevokeBias
[2019-12-09T03:04:05.385+0000][1][safepoint    ] Leaving safepoint region
[2019-12-09T03:04:05.385+0000][1][safepoint    ] Total time for which application threads were stopped: 0.0000549 seconds, Stopping threads took: 0.0000114 seconds
[2019-12-09T03:04:05.385+0000][1][safepoint    ] Application time: 0.0000468 seconds
[2019-12-09T03:04:05.385+0000][1][safepoint    ] Entering safepoint region: RevokeBias
[2019-12-09T03:04:05.385+0000][1][safepoint    ] Leaving safepoint region
[2019-12-09T03:04:05.385+0000][1][safepoint    ] Total time for which application threads were stopped: 0.0000417 seconds, Stopping threads took: 0.0000088 seconds
[2019-12-09T03:04:05.385+0000][1][safepoint    ] Application time: 0.0000584 seconds
[2019-12-09T03:04:05.385+0000][1][safepoint    ] Entering safepoint region: RevokeBias
[2019-12-09T03:04:05.385+0000][1][safepoint    ] Leaving safepoint region
[2019-12-09T03:04:05.385+0000][1][safepoint    ] Total time for which application threads were stopped: 0.0000809 seconds, Stopping threads took: 0.0000470 seconds
[2019-12-09T03:04:05.386+0000][1][safepoint    ] Application time: 0.0000812 seconds
[2019-12-09T03:04:05.386+0000][1][safepoint    ] Entering safepoint region: RevokeBias
[2019-12-09T03:04:05.386+0000][1][safepoint    ] Leaving safepoint region
[2019-12-09T03:04:05.386+0000][1][safepoint    ] Total time for which application threads were stopped: 0.0000413 seconds, Stopping threads took: 0.0000088 seconds
[2019-12-09T03:04:05.386+0000][1][safepoint    ] Application time: 0.0000803 seconds
[2019-12-09T03:04:05.386+0000][1][safepoint    ] Entering safepoint region: RevokeBias
[2019-12-09T03:04:05.386+0000][1][safepoint    ] Leaving safepoint region
[2019-12-09T03:04:05.386+0000][1][safepoint    ] Total time for which application threads were stopped: 0.0000415 seconds, Stopping threads took: 0.0000093 seconds
[2019-12-09T03:04:05.388+0000][1][safepoint    ] Application time: 0.0018254 seconds
[2019-12-09T03:04:05.388+0000][1][safepoint    ] Entering safepoint region: RevokeBias
[2019-12-09T03:04:05.388+0000][1][safepoint    ] Leaving safepoint region
[2019-12-09T03:04:05.388+0000][1][safepoint    ] Total time for which application threads were stopped: 0.0001237 seconds, Stopping threads took: 0.0000127 seconds
[2019-12-09T03:04:05.388+0000][1][safepoint    ] Application time: 0.0001551 seconds
[2019-12-09T03:04:05.388+0000][1][safepoint    ] Entering safepoint region: RevokeBias
[2019-12-09T03:04:05.388+0000][1][safepoint    ] Leaving safepoint region
[2019-12-09T03:04:05.388+0000][1][safepoint    ] Total time for which application threads were stopped: 0.0000590 seconds, Stopping threads took: 0.0000101 seconds
[2019-12-09T03:04:05.389+0000][1][safepoint    ] Application time: 0.0010714 seconds
[2019-12-09T03:04:05.389+0000][1][safepoint    ] Entering safepoint region: RevokeBias
[2019-12-09T03:04:05.389+0000][1][safepoint    ] Leaving safepoint region
[2019-12-09T03:04:05.389+0000][1][safepoint    ] Total time for which application threads were stopped: 0.0000606 seconds, Stopping threads took: 0.0000101 seconds
[2019-12-09T03:04:05.392+0000][1][safepoint    ] Application time: 0.0025144 seconds
[2019-12-09T03:04:05.392+0000][1][safepoint    ] Entering safepoint region: RevokeBias
[2019-12-09T03:04:05.392+0000][1][safepoint    ] Leaving safepoint region
[2019-12-09T03:04:05.392+0000][1][safepoint    ] Total time for which application threads were stopped: 0.0001263 seconds, Stopping threads took: 0.0000534 seconds
[2019-12-09T03:04:05.392+0000][1][safepoint    ] Application time: 0.0001201 seconds
[2019-12-09T03:04:05.392+0000][1][safepoint    ] Entering safepoint region: RevokeBias
[2019-12-09T03:04:05.392+0000][1][safepoint    ] Leaving safepoint region
[2019-12-09T03:04:05.392+0000][1][safepoint    ] Total time for which application threads were stopped: 0.0000632 seconds, Stopping threads took: 0.0000087 seconds
[2019-12-09T03:04:05.392+0000][1][safepoint    ] Application time: 0.0000954 seconds
[2019-12-09T03:04:05.392+0000][1][safepoint    ] Entering safepoint region: RevokeBias
[2019-12-09T03:04:05.392+0000][1][safepoint    ] Leaving safepoint region
[2019-12-09T03:04:05.392+0000][1][safepoint    ] Total time for which application threads were stopped: 0.0000477 seconds, Stopping threads took: 0.0000077 seconds
[2019-12-09T03:04:05.392+0000][1][safepoint    ] Application time: 0.0001159 seconds
[2019-12-09T03:04:05.392+0000][1][safepoint    ] Entering safepoint region: RevokeBias
[2019-12-09T03:04:05.392+0000][1][safepoint    ] Leaving safepoint region
[2019-12-09T03:04:05.392+0000][1][safepoint    ] Total time for which application threads were stopped: 0.0000475 seconds, Stopping threads took: 0.0000083 seconds
[2019-12-09T03:04:05.392+0000][1][safepoint    ] Application time: 0.0000846 seconds
[2019-12-09T03:04:05.392+0000][1][safepoint    ] Entering safepoint region: RevokeBias
[2019-12-09T03:04:05.392+0000][1][safepoint    ] Leaving safepoint region
[2019-12-09T03:04:05.392+0000][1][safepoint    ] Total time for which application threads were stopped: 0.0000466 seconds, Stopping threads took: 0.0000075 seconds
[2019-12-09T03:04:05.393+0000][1][safepoint    ] Application time: 0.0000836 seconds
[2019-12-09T03:04:05.393+0000][1][safepoint    ] Entering safepoint region: RevokeBias
[2019-12-09T03:04:05.393+0000][1][safepoint    ] Leaving safepoint region
[2019-12-09T03:04:05.393+0000][1][safepoint    ] Total time for which application threads were stopped: 0.0000464 seconds, Stopping threads took: 0.0000075 seconds
[2019-12-09T03:04:05.393+0000][1][safepoint    ] Application time: 0.0000989 seconds
[2019-12-09T03:04:05.393+0000][1][safepoint    ] Entering safepoint region: RevokeBias
[2019-12-09T03:04:05.393+0000][1][safepoint    ] Leaving safepoint region
[2019-12-09T03:04:05.393+0000][1][safepoint    ] Total time for which application threads were stopped: 0.0000557 seconds, Stopping threads took: 0.0000092 seconds
[2019-12-09T03:04:05.398+0000][1][safepoint    ] Application time: 0.0049275 seconds
[2019-12-09T03:04:05.398+0000][1][safepoint    ] Entering safepoint region: RevokeBias
[2019-12-09T03:04:05.398+0000][1][safepoint    ] Leaving safepoint region
[2019-12-09T03:04:05.398+0000][1][safepoint    ] Total time for which application threads were stopped: 0.0000732 seconds, Stopping threads took: 0.0000119 seconds
[2019-12-09T03:04:05.398+0000][1][safepoint    ] Application time: 0.0003112 seconds
[2019-12-09T03:04:05.398+0000][1][safepoint    ] Entering safepoint region: BulkRevokeBias
[2019-12-09T03:04:05.398+0000][1][safepoint    ] Leaving safepoint region
[2019-12-09T03:04:05.398+0000][1][safepoint    ] Total time for which application threads were stopped: 0.0003246 seconds, Stopping threads took: 0.0000107 seconds
[2019-12-09T03:04:05.402+0000][1][safepoint    ] Application time: 0.0032524 seconds
[2019-12-09T03:04:05.402+0000][1][safepoint    ] Entering safepoint region: RevokeBias
[2019-12-09T03:04:05.402+0000][1][safepoint    ] Leaving safepoint region
[2019-12-09T03:04:05.402+0000][1][safepoint    ] Total time for which application threads were stopped: 0.0000516 seconds, Stopping threads took: 0.0000119 seconds
[2019-12-09T03:04:05.415+0000][1][safepoint    ] Application time: 0.0133481 seconds
[2019-12-09T03:04:05.415+0000][1][safepoint    ] Entering safepoint region: BulkRevokeBias
[2019-12-09T03:04:05.415+0000][1][safepoint    ] Leaving safepoint region
[2019-12-09T03:04:05.415+0000][1][safepoint    ] Total time for which application threads were stopped: 0.0002706 seconds, Stopping threads took: 0.0000129 seconds
[2019-12-09T03:04:05.470+0000][1][safepoint    ] Application time: 0.0547050 seconds
[2019-12-09T03:04:05.470+0000][1][safepoint    ] Entering safepoint region: RevokeBias
[2019-12-09T03:04:05.471+0000][1][safepoint    ] Leaving safepoint region
[2019-12-09T03:04:05.471+0000][1][safepoint    ] Total time for which application threads were stopped: 0.0003727 seconds, Stopping threads took: 0.0002476 seconds
[2019-12-09T03:04:05.494+0000][1][safepoint    ] Application time: 0.0233331 seconds
[2019-12-09T03:04:05.494+0000][1][safepoint    ] Entering safepoint region: RevokeBias
[2019-12-09T03:04:05.494+0000][1][safepoint    ] Leaving safepoint region
[2019-12-09T03:04:05.494+0000][1][safepoint    ] Total time for which application threads were stopped: 0.0001070 seconds, Stopping threads took: 0.0000139 seconds
[2019-12-09T03:04:05.495+0000][1][safepoint    ] Application time: 0.0005221 seconds
[2019-12-09T03:04:05.495+0000][1][safepoint    ] Entering safepoint region: RevokeBias
[2019-12-09T03:04:05.495+0000][1][safepoint    ] Leaving safepoint region
[2019-12-09T03:04:05.495+0000][1][safepoint    ] Total time for which application threads were stopped: 0.0000668 seconds, Stopping threads took: 0.0000134 seconds
[2019-12-09T03:04:05.496+0000][1][safepoint    ] Application time: 0.0008252 seconds
[2019-12-09T03:04:05.496+0000][1][safepoint    ] Entering safepoint region: RevokeBias
[2019-12-09T03:04:05.496+0000][1][safepoint    ] Leaving safepoint region
[2019-12-09T03:04:05.496+0000][1][safepoint    ] Total time for which application threads were stopped: 0.0000611 seconds, Stopping threads took: 0.0000120 seconds
[2019-12-09T03:04:05.498+0000][1][safepoint    ] Application time: 0.0019611 seconds
[2019-12-09T03:04:05.498+0000][1][safepoint    ] Entering safepoint region: RevokeBias
[2019-12-09T03:04:05.498+0000][1][safepoint    ] Leaving safepoint region
[2019-12-09T03:04:05.498+0000][1][safepoint    ] Total time for which application threads were stopped: 0.0000494 seconds, Stopping threads took: 0.0000100 seconds
[2019-12-09T03:04:05.501+0000][1][safepoint    ] Application time: 0.0038458 seconds
[2019-12-09T03:04:05.501+0000][1][safepoint    ] Entering safepoint region: RevokeBias
[2019-12-09T03:04:05.502+0000][1][safepoint    ] Leaving safepoint region
[2019-12-09T03:04:05.502+0000][1][safepoint    ] Total time for which application threads were stopped: 0.0000317 seconds, Stopping threads took: 0.0000094 seconds
[2019-12-09T03:04:05.512+0000][1][safepoint    ] Application time: 0.0106518 seconds
[2019-12-09T03:04:05.512+0000][1][safepoint    ] Entering safepoint region: RevokeBias
[2019-12-09T03:04:05.512+0000][1][safepoint    ] Leaving safepoint region
[2019-12-09T03:04:05.512+0000][1][safepoint    ] Total time for which application threads were stopped: 0.0000691 seconds, Stopping threads took: 0.0000411 seconds
[2019-12-09T03:04:05.514+0000][1][safepoint    ] Application time: 0.0020263 seconds
[2019-12-09T03:04:05.514+0000][1][safepoint    ] Entering safepoint region: RevokeBias
[2019-12-09T03:04:05.514+0000][1][safepoint    ] Leaving safepoint region
[2019-12-09T03:04:05.514+0000][1][safepoint    ] Total time for which application threads were stopped: 0.0000510 seconds, Stopping threads took: 0.0000106 seconds
[2019-12-09T03:04:05.525+0000][1][gc,heap,exit ] Heap
[2019-12-09T03:04:05.525+0000][1][gc,heap,exit ]  par new generation   total 78656K, used 50416K [0x00000000f0000000, 0x00000000f5550000, 0x00000000f5550000)
[2019-12-09T03:04:05.525+0000][1][gc,heap,exit ]   eden space 69952K,  71% used [0x00000000f0000000, 0x00000000f3111c90, 0x00000000f4450000)
[2019-12-09T03:04:05.525+0000][1][gc,heap,exit ]   from space 8704K,   1% used [0x00000000f4cd0000, 0x00000000f4cfa590, 0x00000000f5550000)
[2019-12-09T03:04:05.525+0000][1][gc,heap,exit ]   to   space 8704K,   0% used [0x00000000f4450000, 0x00000000f4450000, 0x00000000f4cd0000)
[2019-12-09T03:04:05.525+0000][1][gc,heap,exit ]  concurrent mark-sweep generation total 174784K, used 69713K [0x00000000f5550000, 0x0000000100000000, 0x0000000100000000)
[2019-12-09T03:04:05.525+0000][1][gc,heap,exit ]  Metaspace       used 71189K, capacity 76401K, committed 76452K, reserved 1114112K
[2019-12-09T03:04:05.525+0000][1][gc,heap,exit ]   class space    used 9624K, capacity 11838K, committed 11848K, reserved 1048576K
[2019-12-09T03:04:05.525+0000][1][safepoint    ] Application time: 0.0105314 seconds
[2019-12-09T03:04:05.525+0000][1][safepoint    ] Entering safepoint region: Exit
