[2019-12-11T08:28:59.126+0000][1][gc] Using Concurrent Mark Sweep
[2019-12-11T08:28:59.126+0000][1][gc,heap,coops] Heap address: 0x00000000f0000000, size: 256 MB, Compressed Oops mode: 32-bit
[2019-12-11T08:28:59.393+0000][1][safepoint    ] Entering safepoint region: EnableBiasedLocking
[2019-12-11T08:28:59.393+0000][1][safepoint    ] Leaving safepoint region
[2019-12-11T08:28:59.393+0000][1][safepoint    ] Total time for which application threads were stopped: 0.0001101 seconds, Stopping threads took: 0.0000309 seconds
[2019-12-11T08:28:59.427+0000][1][safepoint    ] Application time: 0.0325077 seconds
[2019-12-11T08:28:59.453+0000][1][safepoint    ] Entering safepoint region: RevokeBias
[2019-12-11T08:28:59.453+0000][1][safepoint    ] Leaving safepoint region
[2019-12-11T08:28:59.453+0000][1][safepoint    ] Total time for which application threads were stopped: 0.0265621 seconds, Stopping threads took: 0.0264766 seconds
[2019-12-11T08:28:59.467+0000][1][safepoint    ] Application time: 0.0132607 seconds
[2019-12-11T08:28:59.467+0000][1][safepoint    ] Entering safepoint region: Deoptimize
[2019-12-11T08:28:59.467+0000][1][safepoint    ] Leaving safepoint region
[2019-12-11T08:28:59.467+0000][1][safepoint    ] Total time for which application threads were stopped: 0.0000426 seconds, Stopping threads took: 0.0000094 seconds
[2019-12-11T08:29:00.128+0000][1][safepoint    ] Application time: 0.6615317 seconds
[2019-12-11T08:29:00.157+0000][1][safepoint    ] Entering safepoint region: Deoptimize
[2019-12-11T08:29:00.157+0000][1][safepoint    ] Leaving safepoint region
[2019-12-11T08:29:00.157+0000][1][safepoint    ] Total time for which application threads were stopped: 0.0286259 seconds, Stopping threads took: 0.0285282 seconds
[2019-12-11T08:29:01.158+0000][1][safepoint    ] Application time: 1.0009199 seconds
[2019-12-11T08:29:01.158+0000][1][safepoint    ] Entering safepoint region: Cleanup
[2019-12-11T08:29:01.158+0000][1][safepoint    ] Leaving safepoint region
[2019-12-11T08:29:01.158+0000][1][safepoint    ] Total time for which application threads were stopped: 0.0002176 seconds, Stopping threads took: 0.0001421 seconds
[2019-12-11T08:29:01.741+0000][1][safepoint    ] Application time: 0.5831303 seconds
[2019-12-11T08:29:01.741+0000][1][safepoint    ] Entering safepoint region: Deoptimize
[2019-12-11T08:29:01.741+0000][1][safepoint    ] Leaving safepoint region
[2019-12-11T08:29:01.741+0000][1][safepoint    ] Total time for which application threads were stopped: 0.0001542 seconds, Stopping threads took: 0.0000098 seconds
[2019-12-11T08:29:01.942+0000][1][safepoint    ] Application time: 0.2008352 seconds
[2019-12-11T08:29:01.942+0000][1][safepoint    ] Entering safepoint region: Deoptimize
[2019-12-11T08:29:01.942+0000][1][safepoint    ] Leaving safepoint region
[2019-12-11T08:29:01.942+0000][1][safepoint    ] Total time for which application threads were stopped: 0.0001450 seconds, Stopping threads took: 0.0000113 seconds
[2019-12-11T08:29:02.299+0000][1][safepoint    ] Application time: 0.3570906 seconds
[2019-12-11T08:29:02.300+0000][1][safepoint    ] Entering safepoint region: Deoptimize
[2019-12-11T08:29:02.300+0000][1][safepoint    ] Leaving safepoint region
[2019-12-11T08:29:02.300+0000][1][safepoint    ] Total time for which application threads were stopped: 0.0001775 seconds, Stopping threads took: 0.0000108 seconds
[2019-12-11T08:29:02.431+0000][1][safepoint    ] Application time: 0.1317639 seconds
[2019-12-11T08:29:02.432+0000][1][safepoint    ] Entering safepoint region: Deoptimize
[2019-12-11T08:29:02.432+0000][1][safepoint    ] Leaving safepoint region
[2019-12-11T08:29:02.432+0000][1][safepoint    ] Total time for which application threads were stopped: 0.0001619 seconds, Stopping threads took: 0.0000125 seconds
[2019-12-11T08:29:03.432+0000][1][safepoint    ] Application time: 1.0007690 seconds
[2019-12-11T08:29:03.441+0000][1][safepoint    ] Entering safepoint region: Cleanup
[2019-12-11T08:29:03.441+0000][1][safepoint    ] Leaving safepoint region
[2019-12-11T08:29:03.441+0000][1][safepoint    ] Total time for which application threads were stopped: 0.0083507 seconds, Stopping threads took: 0.0083047 seconds
[2019-12-11T08:29:04.446+0000][1][safepoint    ] Application time: 1.0048586 seconds
[2019-12-11T08:29:04.446+0000][1][safepoint    ] Entering safepoint region: Cleanup
[2019-12-11T08:29:04.446+0000][1][safepoint    ] Leaving safepoint region
[2019-12-11T08:29:04.446+0000][1][safepoint    ] Total time for which application threads were stopped: 0.0001332 seconds, Stopping threads took: 0.0000670 seconds
[2019-12-11T08:29:05.447+0000][1][safepoint    ] Application time: 1.0008318 seconds
[2019-12-11T08:29:05.447+0000][1][safepoint    ] Entering safepoint region: Cleanup
[2019-12-11T08:29:05.447+0000][1][safepoint    ] Leaving safepoint region
[2019-12-11T08:29:05.447+0000][1][safepoint    ] Total time for which application threads were stopped: 0.0000667 seconds, Stopping threads took: 0.0000142 seconds
[2019-12-11T08:29:05.794+0000][1][safepoint    ] Application time: 0.3468892 seconds
[2019-12-11T08:29:05.794+0000][1][safepoint    ] Entering safepoint region: Deoptimize
[2019-12-11T08:29:05.794+0000][1][safepoint    ] Leaving safepoint region
[2019-12-11T08:29:05.794+0000][1][safepoint    ] Total time for which application threads were stopped: 0.0002135 seconds, Stopping threads took: 0.0000124 seconds
[2019-12-11T08:29:06.795+0000][1][safepoint    ] Application time: 1.0007372 seconds
[2019-12-11T08:29:06.795+0000][1][safepoint    ] Entering safepoint region: Cleanup
[2019-12-11T08:29:06.795+0000][1][safepoint    ] Leaving safepoint region
[2019-12-11T08:29:06.795+0000][1][safepoint    ] Total time for which application threads were stopped: 0.0000519 seconds, Stopping threads took: 0.0000133 seconds
[2019-12-11T08:29:07.809+0000][1][safepoint    ] Application time: 1.0144240 seconds
[2019-12-11T08:29:07.809+0000][1][safepoint    ] Entering safepoint region: Cleanup
[2019-12-11T08:29:07.809+0000][1][safepoint    ] Leaving safepoint region
[2019-12-11T08:29:07.809+0000][1][safepoint    ] Total time for which application threads were stopped: 0.0000457 seconds, Stopping threads took: 0.0000130 seconds
[2019-12-11T08:29:08.810+0000][1][safepoint    ] Application time: 1.0003727 seconds
[2019-12-11T08:29:08.871+0000][1][safepoint    ] Entering safepoint region: Cleanup
[2019-12-11T08:29:08.871+0000][1][safepoint    ] Leaving safepoint region
[2019-12-11T08:29:08.871+0000][1][safepoint    ] Total time for which application threads were stopped: 0.0614980 seconds, Stopping threads took: 0.0614284 seconds
[2019-12-11T08:29:09.733+0000][1][safepoint    ] Application time: 0.8617366 seconds
[2019-12-11T08:29:09.733+0000][1][safepoint    ] Entering safepoint region: Deoptimize
[2019-12-11T08:29:09.733+0000][1][safepoint    ] Leaving safepoint region
[2019-12-11T08:29:09.733+0000][1][safepoint    ] Total time for which application threads were stopped: 0.0002650 seconds, Stopping threads took: 0.0000115 seconds
[2019-12-11T08:29:10.737+0000][1][safepoint    ] Application time: 1.0033987 seconds
[2019-12-11T08:29:10.737+0000][1][safepoint    ] Entering safepoint region: Cleanup
[2019-12-11T08:29:10.737+0000][1][safepoint    ] Leaving safepoint region
[2019-12-11T08:29:10.737+0000][1][safepoint    ] Total time for which application threads were stopped: 0.0000876 seconds, Stopping threads took: 0.0000125 seconds
[2019-12-11T08:29:11.006+0000][1][safepoint    ] Application time: 0.2696066 seconds
[2019-12-11T08:29:11.006+0000][1][safepoint    ] Entering safepoint region: Deoptimize
[2019-12-11T08:29:11.007+0000][1][safepoint    ] Leaving safepoint region
[2019-12-11T08:29:11.007+0000][1][safepoint    ] Total time for which application threads were stopped: 0.0003071 seconds, Stopping threads took: 0.0000134 seconds
[2019-12-11T08:29:11.007+0000][1][safepoint    ] Application time: 0.0001655 seconds
[2019-12-11T08:29:11.007+0000][1][safepoint    ] Entering safepoint region: Deoptimize
[2019-12-11T08:29:11.007+0000][1][safepoint    ] Leaving safepoint region
[2019-12-11T08:29:11.007+0000][1][safepoint    ] Total time for which application threads were stopped: 0.0002012 seconds, Stopping threads took: 0.0000096 seconds
[2019-12-11T08:29:11.204+0000][1][safepoint    ] Application time: 0.1963217 seconds
[2019-12-11T08:29:11.204+0000][1][safepoint    ] Entering safepoint region: Deoptimize
[2019-12-11T08:29:11.204+0000][1][safepoint    ] Leaving safepoint region
[2019-12-11T08:29:11.204+0000][1][safepoint    ] Total time for which application threads were stopped: 0.0002967 seconds, Stopping threads took: 0.0000124 seconds
[2019-12-11T08:29:11.294+0000][1][safepoint    ] Application time: 0.0896560 seconds
[2019-12-11T08:29:11.294+0000][1][safepoint    ] Entering safepoint region: RevokeBias
[2019-12-11T08:29:11.294+0000][1][safepoint    ] Leaving safepoint region
[2019-12-11T08:29:11.294+0000][1][safepoint    ] Total time for which application threads were stopped: 0.0001041 seconds, Stopping threads took: 0.0000125 seconds
[2019-12-11T08:29:11.294+0000][1][safepoint    ] Application time: 0.0002486 seconds
[2019-12-11T08:29:11.294+0000][1][safepoint    ] Entering safepoint region: RevokeBias
[2019-12-11T08:29:11.294+0000][1][safepoint    ] Leaving safepoint region
[2019-12-11T08:29:11.294+0000][1][safepoint    ] Total time for which application threads were stopped: 0.0000585 seconds, Stopping threads took: 0.0000098 seconds
[2019-12-11T08:29:11.321+0000][1][safepoint    ] Application time: 0.0269747 seconds
[2019-12-11T08:29:11.407+0000][1][safepoint    ] Entering safepoint region: RevokeBias
[2019-12-11T08:29:11.407+0000][1][safepoint    ] Leaving safepoint region
[2019-12-11T08:29:11.407+0000][1][safepoint    ] Total time for which application threads were stopped: 0.0858623 seconds, Stopping threads took: 0.0857854 seconds
[2019-12-11T08:29:11.407+0000][1][safepoint    ] Application time: 0.0001185 seconds
[2019-12-11T08:29:11.407+0000][1][safepoint    ] Entering safepoint region: RevokeBias
[2019-12-11T08:29:11.407+0000][1][safepoint    ] Leaving safepoint region
[2019-12-11T08:29:11.407+0000][1][safepoint    ] Total time for which application threads were stopped: 0.0000616 seconds, Stopping threads took: 0.0000089 seconds
[2019-12-11T08:29:11.407+0000][1][safepoint    ] Application time: 0.0001843 seconds
[2019-12-11T08:29:11.407+0000][1][safepoint    ] Entering safepoint region: RevokeBias
[2019-12-11T08:29:11.407+0000][1][safepoint    ] Leaving safepoint region
[2019-12-11T08:29:11.407+0000][1][safepoint    ] Total time for which application threads were stopped: 0.0000456 seconds, Stopping threads took: 0.0000077 seconds
[2019-12-11T08:29:12.415+0000][1][safepoint    ] Application time: 1.0074236 seconds
[2019-12-11T08:29:12.458+0000][1][safepoint    ] Entering safepoint region: Cleanup
[2019-12-11T08:29:12.458+0000][1][safepoint    ] Leaving safepoint region
[2019-12-11T08:29:12.458+0000][1][safepoint    ] Total time for which application threads were stopped: 0.0430272 seconds, Stopping threads took: 0.0429525 seconds
[2019-12-11T08:29:13.464+0000][1][safepoint    ] Application time: 1.0064037 seconds
[2019-12-11T08:29:13.522+0000][1][safepoint    ] Entering safepoint region: Cleanup
[2019-12-11T08:29:13.522+0000][1][safepoint    ] Leaving safepoint region
[2019-12-11T08:29:13.522+0000][1][safepoint    ] Total time for which application threads were stopped: 0.0581295 seconds, Stopping threads took: 0.0580488 seconds
[2019-12-11T08:29:13.529+0000][1][safepoint    ] Application time: 0.0063145 seconds
[2019-12-11T08:29:13.529+0000][1][safepoint    ] Entering safepoint region: GenCollectForAllocation
[2019-12-11T08:29:13.529+0000][1][gc,start     ] GC(0) Pause Young (Allocation Failure)
[2019-12-11T08:29:13.531+0000][1][gc,task      ] GC(0) Using 2 workers of 2 for evacuation
[2019-12-11T08:29:13.640+0000][1][gc,age       ] GC(0) Desired survivor size 4456448 bytes, new threshold 1 (max threshold 6)
[2019-12-11T08:29:13.640+0000][1][gc,age       ] GC(0) Age table with threshold 1 (max threshold 6)
[2019-12-11T08:29:13.640+0000][1][gc,age       ] GC(0) - age   1:    6674760 bytes,    6674760 total
[2019-12-11T08:29:13.640+0000][1][gc,heap      ] GC(0) ParNew: 69952K->6567K(78656K)
[2019-12-11T08:29:13.640+0000][1][gc,heap      ] GC(0) CMS: 0K->0K(174784K)
[2019-12-11T08:29:13.640+0000][1][gc,metaspace ] GC(0) Metaspace: 12927K->12927K(1060864K)
[2019-12-11T08:29:13.640+0000][1][gc           ] GC(0) Pause Young (Allocation Failure) 68M->6M(247M) 111.419ms
[2019-12-11T08:29:13.640+0000][1][gc,cpu       ] GC(0) User=0.02s Sys=0.00s Real=0.11s
[2019-12-11T08:29:13.640+0000][1][safepoint    ] Leaving safepoint region
[2019-12-11T08:29:13.640+0000][1][safepoint    ] Total time for which application threads were stopped: 0.1115387 seconds, Stopping threads took: 0.0000124 seconds
[2019-12-11T08:29:13.647+0000][1][safepoint    ] Application time: 0.0071816 seconds
[2019-12-11T08:29:13.697+0000][1][safepoint    ] Entering safepoint region: RevokeBias
[2019-12-11T08:29:13.697+0000][1][safepoint    ] Leaving safepoint region
[2019-12-11T08:29:13.697+0000][1][safepoint    ] Total time for which application threads were stopped: 0.0500006 seconds, Stopping threads took: 0.0499332 seconds
[2019-12-11T08:29:13.698+0000][1][safepoint    ] Application time: 0.0001510 seconds
[2019-12-11T08:29:13.698+0000][1][safepoint    ] Entering safepoint region: RevokeBias
[2019-12-11T08:29:13.698+0000][1][safepoint    ] Leaving safepoint region
[2019-12-11T08:29:13.698+0000][1][safepoint    ] Total time for which application threads were stopped: 0.0000584 seconds, Stopping threads took: 0.0000096 seconds
[2019-12-11T08:29:13.698+0000][1][safepoint    ] Application time: 0.0000653 seconds
[2019-12-11T08:29:13.698+0000][1][safepoint    ] Entering safepoint region: RevokeBias
[2019-12-11T08:29:13.698+0000][1][safepoint    ] Leaving safepoint region
[2019-12-11T08:29:13.698+0000][1][safepoint    ] Total time for which application threads were stopped: 0.0000297 seconds, Stopping threads took: 0.0000075 seconds
[2019-12-11T08:29:13.698+0000][1][safepoint    ] Application time: 0.0000455 seconds
[2019-12-11T08:29:13.698+0000][1][safepoint    ] Entering safepoint region: RevokeBias
[2019-12-11T08:29:13.698+0000][1][safepoint    ] Leaving safepoint region
[2019-12-11T08:29:13.698+0000][1][safepoint    ] Total time for which application threads were stopped: 0.0000270 seconds, Stopping threads took: 0.0000072 seconds
[2019-12-11T08:29:13.698+0000][1][safepoint    ] Application time: 0.0000511 seconds
[2019-12-11T08:29:13.698+0000][1][safepoint    ] Entering safepoint region: RevokeBias
[2019-12-11T08:29:13.698+0000][1][safepoint    ] Leaving safepoint region
[2019-12-11T08:29:13.698+0000][1][safepoint    ] Total time for which application threads were stopped: 0.0000270 seconds, Stopping threads took: 0.0000067 seconds
[2019-12-11T08:29:13.698+0000][1][safepoint    ] Application time: 0.0000450 seconds
[2019-12-11T08:29:13.698+0000][1][safepoint    ] Entering safepoint region: RevokeBias
[2019-12-11T08:29:13.698+0000][1][safepoint    ] Leaving safepoint region
[2019-12-11T08:29:13.698+0000][1][safepoint    ] Total time for which application threads were stopped: 0.0000262 seconds, Stopping threads took: 0.0000072 seconds
[2019-12-11T08:29:13.698+0000][1][safepoint    ] Application time: 0.0000478 seconds
[2019-12-11T08:29:13.698+0000][1][safepoint    ] Entering safepoint region: RevokeBias
[2019-12-11T08:29:13.698+0000][1][safepoint    ] Leaving safepoint region
[2019-12-11T08:29:13.698+0000][1][safepoint    ] Total time for which application threads were stopped: 0.0000267 seconds, Stopping threads took: 0.0000072 seconds
[2019-12-11T08:29:13.698+0000][1][safepoint    ] Application time: 0.0000446 seconds
[2019-12-11T08:29:13.698+0000][1][safepoint    ] Entering safepoint region: RevokeBias
[2019-12-11T08:29:13.698+0000][1][safepoint    ] Leaving safepoint region
[2019-12-11T08:29:13.698+0000][1][safepoint    ] Total time for which application threads were stopped: 0.0000246 seconds, Stopping threads took: 0.0000071 seconds
[2019-12-11T08:29:13.698+0000][1][safepoint    ] Application time: 0.0000482 seconds
[2019-12-11T08:29:13.698+0000][1][safepoint    ] Entering safepoint region: RevokeBias
[2019-12-11T08:29:13.698+0000][1][safepoint    ] Leaving safepoint region
[2019-12-11T08:29:13.698+0000][1][safepoint    ] Total time for which application threads were stopped: 0.0000355 seconds, Stopping threads took: 0.0000171 seconds
[2019-12-11T08:29:13.698+0000][1][safepoint    ] Application time: 0.0000463 seconds
[2019-12-11T08:29:13.698+0000][1][safepoint    ] Entering safepoint region: RevokeBias
[2019-12-11T08:29:13.698+0000][1][safepoint    ] Leaving safepoint region
[2019-12-11T08:29:13.698+0000][1][safepoint    ] Total time for which application threads were stopped: 0.0000270 seconds, Stopping threads took: 0.0000071 seconds
[2019-12-11T08:29:13.699+0000][1][safepoint    ] Application time: 0.0000499 seconds
[2019-12-11T08:29:13.699+0000][1][safepoint    ] Entering safepoint region: RevokeBias
[2019-12-11T08:29:13.699+0000][1][safepoint    ] Leaving safepoint region
[2019-12-11T08:29:13.699+0000][1][safepoint    ] Total time for which application threads were stopped: 0.0000266 seconds, Stopping threads took: 0.0000071 seconds
[2019-12-11T08:29:13.699+0000][1][safepoint    ] Application time: 0.0000461 seconds
[2019-12-11T08:29:13.699+0000][1][safepoint    ] Entering safepoint region: RevokeBias
[2019-12-11T08:29:13.699+0000][1][safepoint    ] Leaving safepoint region
[2019-12-11T08:29:13.699+0000][1][safepoint    ] Total time for which application threads were stopped: 0.0000267 seconds, Stopping threads took: 0.0000072 seconds
[2019-12-11T08:29:13.699+0000][1][safepoint    ] Application time: 0.0000768 seconds
[2019-12-11T08:29:13.699+0000][1][safepoint    ] Entering safepoint region: RevokeBias
[2019-12-11T08:29:13.699+0000][1][safepoint    ] Leaving safepoint region
[2019-12-11T08:29:13.699+0000][1][safepoint    ] Total time for which application threads were stopped: 0.0000309 seconds, Stopping threads took: 0.0000080 seconds
[2019-12-11T08:29:13.699+0000][1][safepoint    ] Application time: 0.0000468 seconds
[2019-12-11T08:29:13.699+0000][1][safepoint    ] Entering safepoint region: RevokeBias
[2019-12-11T08:29:13.699+0000][1][safepoint    ] Leaving safepoint region
[2019-12-11T08:29:13.699+0000][1][safepoint    ] Total time for which application threads were stopped: 0.0000265 seconds, Stopping threads took: 0.0000067 seconds
[2019-12-11T08:29:13.699+0000][1][safepoint    ] Application time: 0.0000511 seconds
[2019-12-11T08:29:13.699+0000][1][safepoint    ] Entering safepoint region: RevokeBias
[2019-12-11T08:29:13.699+0000][1][safepoint    ] Leaving safepoint region
[2019-12-11T08:29:13.699+0000][1][safepoint    ] Total time for which application threads were stopped: 0.0000378 seconds, Stopping threads took: 0.0000176 seconds
[2019-12-11T08:29:13.699+0000][1][safepoint    ] Application time: 0.0000449 seconds
[2019-12-11T08:29:13.699+0000][1][safepoint    ] Entering safepoint region: RevokeBias
[2019-12-11T08:29:13.699+0000][1][safepoint    ] Leaving safepoint region
[2019-12-11T08:29:13.699+0000][1][safepoint    ] Total time for which application threads were stopped: 0.0000249 seconds, Stopping threads took: 0.0000070 seconds
[2019-12-11T08:29:13.699+0000][1][safepoint    ] Application time: 0.0000587 seconds
[2019-12-11T08:29:13.699+0000][1][safepoint    ] Entering safepoint region: RevokeBias
[2019-12-11T08:29:13.699+0000][1][safepoint    ] Leaving safepoint region
[2019-12-11T08:29:13.699+0000][1][safepoint    ] Total time for which application threads were stopped: 0.0000277 seconds, Stopping threads took: 0.0000069 seconds
[2019-12-11T08:29:13.699+0000][1][safepoint    ] Application time: 0.0000451 seconds
[2019-12-11T08:29:13.699+0000][1][safepoint    ] Entering safepoint region: RevokeBias
[2019-12-11T08:29:13.699+0000][1][safepoint    ] Leaving safepoint region
[2019-12-11T08:29:13.699+0000][1][safepoint    ] Total time for which application threads were stopped: 0.0000249 seconds, Stopping threads took: 0.0000066 seconds
[2019-12-11T08:29:13.699+0000][1][safepoint    ] Application time: 0.0000727 seconds
[2019-12-11T08:29:13.699+0000][1][safepoint    ] Entering safepoint region: RevokeBias
[2019-12-11T08:29:13.699+0000][1][safepoint    ] Leaving safepoint region
[2019-12-11T08:29:13.699+0000][1][safepoint    ] Total time for which application threads were stopped: 0.0000301 seconds, Stopping threads took: 0.0000124 seconds
[2019-12-11T08:29:13.699+0000][1][safepoint    ] Application time: 0.0000430 seconds
[2019-12-11T08:29:13.699+0000][1][safepoint    ] Entering safepoint region: RevokeBias
[2019-12-11T08:29:13.699+0000][1][safepoint    ] Leaving safepoint region
[2019-12-11T08:29:13.699+0000][1][safepoint    ] Total time for which application threads were stopped: 0.0000238 seconds, Stopping threads took: 0.0000065 seconds
[2019-12-11T08:29:13.699+0000][1][safepoint    ] Application time: 0.0000469 seconds
[2019-12-11T08:29:13.699+0000][1][safepoint    ] Entering safepoint region: RevokeBias
[2019-12-11T08:29:13.699+0000][1][safepoint    ] Leaving safepoint region
[2019-12-11T08:29:13.700+0000][1][safepoint    ] Total time for which application threads were stopped: 0.0000246 seconds, Stopping threads took: 0.0000068 seconds
[2019-12-11T08:29:13.700+0000][1][safepoint    ] Application time: 0.0000443 seconds
[2019-12-11T08:29:13.700+0000][1][safepoint    ] Entering safepoint region: RevokeBias
[2019-12-11T08:29:13.700+0000][1][safepoint    ] Leaving safepoint region
[2019-12-11T08:29:13.700+0000][1][safepoint    ] Total time for which application threads were stopped: 0.0000250 seconds, Stopping threads took: 0.0000069 seconds
[2019-12-11T08:29:13.700+0000][1][safepoint    ] Application time: 0.0000468 seconds
[2019-12-11T08:29:13.700+0000][1][safepoint    ] Entering safepoint region: RevokeBias
[2019-12-11T08:29:13.700+0000][1][safepoint    ] Leaving safepoint region
[2019-12-11T08:29:13.700+0000][1][safepoint    ] Total time for which application threads were stopped: 0.0000253 seconds, Stopping threads took: 0.0000070 seconds
[2019-12-11T08:29:13.700+0000][1][safepoint    ] Application time: 0.0000443 seconds
[2019-12-11T08:29:13.700+0000][1][safepoint    ] Entering safepoint region: RevokeBias
[2019-12-11T08:29:13.700+0000][1][safepoint    ] Leaving safepoint region
[2019-12-11T08:29:13.700+0000][1][safepoint    ] Total time for which application threads were stopped: 0.0000262 seconds, Stopping threads took: 0.0000071 seconds
[2019-12-11T08:29:13.700+0000][1][safepoint    ] Application time: 0.0000660 seconds
[2019-12-11T08:29:13.700+0000][1][safepoint    ] Entering safepoint region: RevokeBias
[2019-12-11T08:29:13.700+0000][1][safepoint    ] Leaving safepoint region
[2019-12-11T08:29:13.700+0000][1][safepoint    ] Total time for which application threads were stopped: 0.0000262 seconds, Stopping threads took: 0.0000069 seconds
[2019-12-11T08:29:13.700+0000][1][safepoint    ] Application time: 0.0000444 seconds
[2019-12-11T08:29:13.700+0000][1][safepoint    ] Entering safepoint region: RevokeBias
[2019-12-11T08:29:13.700+0000][1][safepoint    ] Leaving safepoint region
[2019-12-11T08:29:13.700+0000][1][safepoint    ] Total time for which application threads were stopped: 0.0000250 seconds, Stopping threads took: 0.0000069 seconds
[2019-12-11T08:29:13.700+0000][1][safepoint    ] Application time: 0.0003179 seconds
[2019-12-11T08:29:13.700+0000][1][safepoint    ] Entering safepoint region: RevokeBias
[2019-12-11T08:29:13.700+0000][1][safepoint    ] Leaving safepoint region
[2019-12-11T08:29:13.700+0000][1][safepoint    ] Total time for which application threads were stopped: 0.0000288 seconds, Stopping threads took: 0.0000075 seconds
[2019-12-11T08:29:13.700+0000][1][safepoint    ] Application time: 0.0000452 seconds
[2019-12-11T08:29:13.700+0000][1][safepoint    ] Entering safepoint region: RevokeBias
[2019-12-11T08:29:13.700+0000][1][safepoint    ] Leaving safepoint region
[2019-12-11T08:29:13.700+0000][1][safepoint    ] Total time for which application threads were stopped: 0.0000250 seconds, Stopping threads took: 0.0000070 seconds
[2019-12-11T08:29:13.700+0000][1][safepoint    ] Application time: 0.0000543 seconds
[2019-12-11T08:29:13.700+0000][1][safepoint    ] Entering safepoint region: RevokeBias
[2019-12-11T08:29:13.701+0000][1][safepoint    ] Leaving safepoint region
[2019-12-11T08:29:13.701+0000][1][safepoint    ] Total time for which application threads were stopped: 0.0000372 seconds, Stopping threads took: 0.0000166 seconds
[2019-12-11T08:29:13.701+0000][1][safepoint    ] Application time: 0.0000458 seconds
[2019-12-11T08:29:13.701+0000][1][safepoint    ] Entering safepoint region: RevokeBias
[2019-12-11T08:29:13.701+0000][1][safepoint    ] Leaving safepoint region
[2019-12-11T08:29:13.701+0000][1][safepoint    ] Total time for which application threads were stopped: 0.0000266 seconds, Stopping threads took: 0.0000070 seconds
[2019-12-11T08:29:14.526+0000][1][safepoint    ] Application time: 0.8251134 seconds
[2019-12-11T08:29:14.526+0000][1][safepoint    ] Entering safepoint region: RevokeBias
[2019-12-11T08:29:14.526+0000][1][safepoint    ] Leaving safepoint region
[2019-12-11T08:29:14.526+0000][1][safepoint    ] Total time for which application threads were stopped: 0.0001154 seconds, Stopping threads took: 0.0000123 seconds
[2019-12-11T08:29:15.027+0000][1][safepoint    ] Application time: 0.5006297 seconds
[2019-12-11T08:29:15.027+0000][1][safepoint    ] Entering safepoint region: Deoptimize
[2019-12-11T08:29:15.027+0000][1][safepoint    ] Leaving safepoint region
[2019-12-11T08:29:15.027+0000][1][safepoint    ] Total time for which application threads were stopped: 0.0004611 seconds, Stopping threads took: 0.0000150 seconds
[2019-12-11T08:29:16.070+0000][1][safepoint    ] Application time: 1.0426989 seconds
[2019-12-11T08:29:16.129+0000][1][safepoint    ] Entering safepoint region: Cleanup
[2019-12-11T08:29:16.129+0000][1][safepoint    ] Leaving safepoint region
[2019-12-11T08:29:16.129+0000][1][safepoint    ] Total time for which application threads were stopped: 0.0591502 seconds, Stopping threads took: 0.0590641 seconds
[2019-12-11T08:29:16.366+0000][1][safepoint    ] Application time: 0.2375460 seconds
[2019-12-11T08:29:16.367+0000][1][safepoint    ] Entering safepoint region: RevokeBias
[2019-12-11T08:29:16.367+0000][1][safepoint    ] Leaving safepoint region
[2019-12-11T08:29:16.367+0000][1][safepoint    ] Total time for which application threads were stopped: 0.0001073 seconds, Stopping threads took: 0.0000145 seconds
[2019-12-11T08:29:17.372+0000][1][safepoint    ] Application time: 1.0050969 seconds
[2019-12-11T08:29:17.421+0000][1][safepoint    ] Entering safepoint region: Cleanup
[2019-12-11T08:29:17.421+0000][1][safepoint    ] Leaving safepoint region
[2019-12-11T08:29:17.421+0000][1][safepoint    ] Total time for which application threads were stopped: 0.0492068 seconds, Stopping threads took: 0.0491460 seconds
[2019-12-11T08:29:18.026+0000][1][safepoint    ] Application time: 0.6048838 seconds
[2019-12-11T08:29:18.026+0000][1][safepoint    ] Entering safepoint region: GenCollectForAllocation
[2019-12-11T08:29:18.026+0000][1][gc,start     ] GC(1) Pause Young (Allocation Failure)
[2019-12-11T08:29:18.026+0000][1][gc,task      ] GC(1) Using 2 workers of 2 for evacuation
[2019-12-11T08:29:18.368+0000][1][gc,age       ] GC(1) Desired survivor size 4456448 bytes, new threshold 6 (max threshold 6)
[2019-12-11T08:29:18.368+0000][1][gc,age       ] GC(1) Age table with threshold 6 (max threshold 6)
[2019-12-11T08:29:18.368+0000][1][gc,age       ] GC(1) - age   1:    1198184 bytes,    1198184 total
[2019-12-11T08:29:18.368+0000][1][gc,heap      ] GC(1) ParNew: 76519K->4274K(78656K)
[2019-12-11T08:29:18.368+0000][1][gc,heap      ] GC(1) CMS: 0K->7033K(174784K)
[2019-12-11T08:29:18.368+0000][1][gc,metaspace ] GC(1) Metaspace: 14968K->14968K(1062912K)
[2019-12-11T08:29:18.368+0000][1][gc           ] GC(1) Pause Young (Allocation Failure) 74M->11M(247M) 342.055ms
[2019-12-11T08:29:18.368+0000][1][gc,cpu       ] GC(1) User=0.07s Sys=0.00s Real=0.34s
[2019-12-11T08:29:18.368+0000][1][safepoint    ] Leaving safepoint region
[2019-12-11T08:29:18.368+0000][1][safepoint    ] Total time for which application threads were stopped: 0.3422186 seconds, Stopping threads took: 0.0000149 seconds
[2019-12-11T08:29:18.370+0000][1][safepoint    ] Application time: 0.0017952 seconds
[2019-12-11T08:29:18.426+0000][1][safepoint    ] Entering safepoint region: BulkRevokeBias
[2019-12-11T08:29:18.426+0000][1][safepoint    ] Leaving safepoint region
[2019-12-11T08:29:18.426+0000][1][safepoint    ] Total time for which application threads were stopped: 0.0560599 seconds, Stopping threads took: 0.0558858 seconds
[2019-12-11T08:29:18.426+0000][1][safepoint    ] Application time: 0.0001293 seconds
[2019-12-11T08:29:18.426+0000][1][safepoint    ] Entering safepoint region: RevokeBias
[2019-12-11T08:29:18.426+0000][1][safepoint    ] Leaving safepoint region
[2019-12-11T08:29:18.426+0000][1][safepoint    ] Total time for which application threads were stopped: 0.0000688 seconds, Stopping threads took: 0.0000098 seconds
[2019-12-11T08:29:18.426+0000][1][safepoint    ] Application time: 0.0000829 seconds
[2019-12-11T08:29:18.426+0000][1][safepoint    ] Entering safepoint region: RevokeBias
[2019-12-11T08:29:18.426+0000][1][safepoint    ] Leaving safepoint region
[2019-12-11T08:29:18.426+0000][1][safepoint    ] Total time for which application threads were stopped: 0.0000757 seconds, Stopping threads took: 0.0000080 seconds
[2019-12-11T08:29:18.426+0000][1][safepoint    ] Application time: 0.0000498 seconds
[2019-12-11T08:29:18.426+0000][1][safepoint    ] Entering safepoint region: RevokeBias
[2019-12-11T08:29:18.427+0000][1][safepoint    ] Leaving safepoint region
[2019-12-11T08:29:18.427+0000][1][safepoint    ] Total time for which application threads were stopped: 0.0000624 seconds, Stopping threads took: 0.0000076 seconds
[2019-12-11T08:29:18.427+0000][1][safepoint    ] Application time: 0.0000543 seconds
[2019-12-11T08:29:18.427+0000][1][safepoint    ] Entering safepoint region: RevokeBias
[2019-12-11T08:29:18.427+0000][1][safepoint    ] Leaving safepoint region
[2019-12-11T08:29:18.427+0000][1][safepoint    ] Total time for which application threads were stopped: 0.0000584 seconds, Stopping threads took: 0.0000074 seconds
[2019-12-11T08:29:18.427+0000][1][safepoint    ] Application time: 0.0000483 seconds
[2019-12-11T08:29:18.427+0000][1][safepoint    ] Entering safepoint region: RevokeBias
[2019-12-11T08:29:18.427+0000][1][safepoint    ] Leaving safepoint region
[2019-12-11T08:29:18.427+0000][1][safepoint    ] Total time for which application threads were stopped: 0.0000754 seconds, Stopping threads took: 0.0000079 seconds
[2019-12-11T08:29:18.427+0000][1][safepoint    ] Application time: 0.0000566 seconds
[2019-12-11T08:29:18.427+0000][1][safepoint    ] Entering safepoint region: BulkRevokeBias
[2019-12-11T08:29:18.427+0000][1][safepoint    ] Leaving safepoint region
[2019-12-11T08:29:18.427+0000][1][safepoint    ] Total time for which application threads were stopped: 0.0000911 seconds, Stopping threads took: 0.0000083 seconds
[2019-12-11T08:29:18.427+0000][1][safepoint    ] Application time: 0.0000490 seconds
[2019-12-11T08:29:18.427+0000][1][safepoint    ] Entering safepoint region: RevokeBias
[2019-12-11T08:29:18.427+0000][1][safepoint    ] Leaving safepoint region
[2019-12-11T08:29:18.427+0000][1][safepoint    ] Total time for which application threads were stopped: 0.0000577 seconds, Stopping threads took: 0.0000070 seconds
[2019-12-11T08:29:18.427+0000][1][safepoint    ] Application time: 0.0000534 seconds
[2019-12-11T08:29:18.427+0000][1][safepoint    ] Entering safepoint region: BulkRevokeBias
[2019-12-11T08:29:18.427+0000][1][safepoint    ] Leaving safepoint region
[2019-12-11T08:29:18.427+0000][1][safepoint    ] Total time for which application threads were stopped: 0.0000782 seconds, Stopping threads took: 0.0000075 seconds
[2019-12-11T08:29:18.851+0000][1][safepoint    ] Application time: 0.4239359 seconds
[2019-12-11T08:29:18.851+0000][1][safepoint    ] Entering safepoint region: RevokeBias
[2019-12-11T08:29:18.851+0000][1][safepoint    ] Leaving safepoint region
[2019-12-11T08:29:18.851+0000][1][safepoint    ] Total time for which application threads were stopped: 0.0001015 seconds, Stopping threads took: 0.0000125 seconds
[2019-12-11T08:29:18.932+0000][1][safepoint    ] Application time: 0.0804409 seconds
[2019-12-11T08:29:18.932+0000][1][safepoint    ] Entering safepoint region: RevokeBias
[2019-12-11T08:29:18.932+0000][1][safepoint    ] Leaving safepoint region
[2019-12-11T08:29:18.932+0000][1][safepoint    ] Total time for which application threads were stopped: 0.0000842 seconds, Stopping threads took: 0.0000139 seconds
[2019-12-11T08:29:19.225+0000][1][safepoint    ] Application time: 0.2928311 seconds
[2019-12-11T08:29:19.225+0000][1][safepoint    ] Entering safepoint region: RevokeBias
[2019-12-11T08:29:19.225+0000][1][safepoint    ] Leaving safepoint region
[2019-12-11T08:29:19.225+0000][1][safepoint    ] Total time for which application threads were stopped: 0.0000863 seconds, Stopping threads took: 0.0000124 seconds
[2019-12-11T08:29:19.841+0000][1][safepoint    ] Application time: 0.6159778 seconds
[2019-12-11T08:29:19.841+0000][1][safepoint    ] Entering safepoint region: GenCollectForAllocation
[2019-12-11T08:29:19.841+0000][1][gc,start     ] GC(2) Pause Young (Allocation Failure)
[2019-12-11T08:29:19.841+0000][1][gc,task      ] GC(2) Using 2 workers of 2 for evacuation
[2019-12-11T08:29:19.982+0000][1][gc,age       ] GC(2) Desired survivor size 4456448 bytes, new threshold 6 (max threshold 6)
[2019-12-11T08:29:19.982+0000][1][gc,age       ] GC(2) Age table with threshold 6 (max threshold 6)
[2019-12-11T08:29:19.982+0000][1][gc,age       ] GC(2) - age   1:     298448 bytes,     298448 total
[2019-12-11T08:29:19.982+0000][1][gc,age       ] GC(2) - age   2:     935408 bytes,    1233856 total
[2019-12-11T08:29:19.982+0000][1][gc,heap      ] GC(2) ParNew: 74226K->2041K(78656K)
[2019-12-11T08:29:19.982+0000][1][gc,heap      ] GC(2) CMS: 7033K->7033K(174784K)
[2019-12-11T08:29:19.982+0000][1][gc,metaspace ] GC(2) Metaspace: 15073K->15073K(1062912K)
[2019-12-11T08:29:19.982+0000][1][gc           ] GC(2) Pause Young (Allocation Failure) 79M->8M(247M) 140.964ms
[2019-12-11T08:29:19.982+0000][1][gc,cpu       ] GC(2) User=0.01s Sys=0.00s Real=0.14s
[2019-12-11T08:29:19.982+0000][1][safepoint    ] Leaving safepoint region
[2019-12-11T08:29:19.982+0000][1][safepoint    ] Total time for which application threads were stopped: 0.1411050 seconds, Stopping threads took: 0.0000133 seconds
[2019-12-11T08:29:19.986+0000][1][safepoint    ] Application time: 0.0038263 seconds
[2019-12-11T08:29:19.986+0000][1][safepoint    ] Entering safepoint region: RevokeBias
[2019-12-11T08:29:19.986+0000][1][safepoint    ] Leaving safepoint region
[2019-12-11T08:29:19.986+0000][1][safepoint    ] Total time for which application threads were stopped: 0.0001974 seconds, Stopping threads took: 0.0000710 seconds
[2019-12-11T08:29:19.986+0000][1][safepoint    ] Application time: 0.0000636 seconds
[2019-12-11T08:29:19.986+0000][1][safepoint    ] Entering safepoint region: RevokeBias
[2019-12-11T08:29:19.986+0000][1][safepoint    ] Leaving safepoint region
[2019-12-11T08:29:19.986+0000][1][safepoint    ] Total time for which application threads were stopped: 0.0000941 seconds, Stopping threads took: 0.0000087 seconds
[2019-12-11T08:29:19.986+0000][1][safepoint    ] Application time: 0.0000701 seconds
[2019-12-11T08:29:19.986+0000][1][safepoint    ] Entering safepoint region: RevokeBias
[2019-12-11T08:29:19.986+0000][1][safepoint    ] Leaving safepoint region
[2019-12-11T08:29:19.986+0000][1][safepoint    ] Total time for which application threads were stopped: 0.0000933 seconds, Stopping threads took: 0.0000070 seconds
[2019-12-11T08:29:19.986+0000][1][safepoint    ] Application time: 0.0000465 seconds
[2019-12-11T08:29:19.986+0000][1][safepoint    ] Entering safepoint region: RevokeBias
[2019-12-11T08:29:19.987+0000][1][safepoint    ] Leaving safepoint region
[2019-12-11T08:29:19.987+0000][1][safepoint    ] Total time for which application threads were stopped: 0.0000751 seconds, Stopping threads took: 0.0000070 seconds
[2019-12-11T08:29:20.939+0000][1][safepoint    ] Application time: 0.9519712 seconds
[2019-12-11T08:29:20.939+0000][1][safepoint    ] Entering safepoint region: Deoptimize
[2019-12-11T08:29:20.939+0000][1][safepoint    ] Leaving safepoint region
[2019-12-11T08:29:20.939+0000][1][safepoint    ] Total time for which application threads were stopped: 0.0004563 seconds, Stopping threads took: 0.0000223 seconds
[2019-12-11T08:29:20.955+0000][1][safepoint    ] Application time: 0.0161968 seconds
[2019-12-11T08:29:20.955+0000][1][safepoint    ] Entering safepoint region: Deoptimize
[2019-12-11T08:29:20.956+0000][1][safepoint    ] Leaving safepoint region
[2019-12-11T08:29:20.956+0000][1][safepoint    ] Total time for which application threads were stopped: 0.0003797 seconds, Stopping threads took: 0.0000131 seconds
[2019-12-11T08:29:21.967+0000][1][safepoint    ] Application time: 1.0114942 seconds
[2019-12-11T08:29:21.997+0000][1][safepoint    ] Entering safepoint region: Cleanup
[2019-12-11T08:29:21.997+0000][1][safepoint    ] Leaving safepoint region
[2019-12-11T08:29:21.997+0000][1][safepoint    ] Total time for which application threads were stopped: 0.0296594 seconds, Stopping threads took: 0.0295863 seconds
[2019-12-11T08:29:23.007+0000][1][safepoint    ] Application time: 1.0099351 seconds
[2019-12-11T08:29:23.007+0000][1][safepoint    ] Entering safepoint region: Cleanup
[2019-12-11T08:29:23.007+0000][1][safepoint    ] Leaving safepoint region
[2019-12-11T08:29:23.007+0000][1][safepoint    ] Total time for which application threads were stopped: 0.0000784 seconds, Stopping threads took: 0.0000166 seconds
[2019-12-11T08:29:23.406+0000][1][safepoint    ] Application time: 0.3987700 seconds
[2019-12-11T08:29:23.406+0000][1][safepoint    ] Entering safepoint region: RevokeBias
[2019-12-11T08:29:23.406+0000][1][safepoint    ] Leaving safepoint region
[2019-12-11T08:29:23.406+0000][1][safepoint    ] Total time for which application threads were stopped: 0.0000787 seconds, Stopping threads took: 0.0000144 seconds
[2019-12-11T08:29:23.583+0000][1][safepoint    ] Application time: 0.1769680 seconds
[2019-12-11T08:29:23.583+0000][1][safepoint    ] Entering safepoint region: GenCollectForAllocation
[2019-12-11T08:29:23.583+0000][1][gc,start     ] GC(3) Pause Young (Allocation Failure)
[2019-12-11T08:29:23.583+0000][1][gc,task      ] GC(3) Using 2 workers of 2 for evacuation
[2019-12-11T08:29:23.731+0000][1][gc,age       ] GC(3) Desired survivor size 4456448 bytes, new threshold 3 (max threshold 6)
[2019-12-11T08:29:23.731+0000][1][gc,age       ] GC(3) Age table with threshold 3 (max threshold 6)
[2019-12-11T08:29:23.731+0000][1][gc,age       ] GC(3) - age   1:    4007728 bytes,    4007728 total
[2019-12-11T08:29:23.731+0000][1][gc,age       ] GC(3) - age   2:     286032 bytes,    4293760 total
[2019-12-11T08:29:23.731+0000][1][gc,age       ] GC(3) - age   3:     933104 bytes,    5226864 total
[2019-12-11T08:29:23.731+0000][1][gc,heap      ] GC(3) ParNew: 71993K->5327K(78656K)
[2019-12-11T08:29:23.731+0000][1][gc,heap      ] GC(3) CMS: 7033K->7033K(174784K)
[2019-12-11T08:29:23.731+0000][1][gc,metaspace ] GC(3) Metaspace: 18570K->18570K(1067008K)
[2019-12-11T08:29:23.731+0000][1][gc           ] GC(3) Pause Young (Allocation Failure) 77M->12M(247M) 148.097ms
[2019-12-11T08:29:23.731+0000][1][gc,cpu       ] GC(3) User=0.03s Sys=0.00s Real=0.15s
[2019-12-11T08:29:23.731+0000][1][safepoint    ] Leaving safepoint region
[2019-12-11T08:29:23.731+0000][1][safepoint    ] Total time for which application threads were stopped: 0.1482353 seconds, Stopping threads took: 0.0000148 seconds
[2019-12-11T08:29:23.743+0000][1][safepoint    ] Application time: 0.0114706 seconds
[2019-12-11T08:29:23.777+0000][1][safepoint    ] Entering safepoint region: BulkRevokeBias
[2019-12-11T08:29:23.777+0000][1][safepoint    ] Leaving safepoint region
[2019-12-11T08:29:23.777+0000][1][safepoint    ] Total time for which application threads were stopped: 0.0345477 seconds, Stopping threads took: 0.0343742 seconds
[2019-12-11T08:29:23.778+0000][1][safepoint    ] Application time: 0.0007847 seconds
[2019-12-11T08:29:23.778+0000][1][safepoint    ] Entering safepoint region: RevokeBias
[2019-12-11T08:29:23.778+0000][1][safepoint    ] Leaving safepoint region
[2019-12-11T08:29:23.778+0000][1][safepoint    ] Total time for which application threads were stopped: 0.0000813 seconds, Stopping threads took: 0.0000113 seconds
[2019-12-11T08:29:23.778+0000][1][safepoint    ] Application time: 0.0000748 seconds
[2019-12-11T08:29:23.778+0000][1][safepoint    ] Entering safepoint region: RevokeBias
[2019-12-11T08:29:23.778+0000][1][safepoint    ] Leaving safepoint region
[2019-12-11T08:29:23.778+0000][1][safepoint    ] Total time for which application threads were stopped: 0.0000476 seconds, Stopping threads took: 0.0000079 seconds
[2019-12-11T08:29:23.778+0000][1][safepoint    ] Application time: 0.0000511 seconds
[2019-12-11T08:29:23.778+0000][1][safepoint    ] Entering safepoint region: RevokeBias
[2019-12-11T08:29:23.778+0000][1][safepoint    ] Leaving safepoint region
[2019-12-11T08:29:23.778+0000][1][safepoint    ] Total time for which application threads were stopped: 0.0000456 seconds, Stopping threads took: 0.0000080 seconds
[2019-12-11T08:29:23.778+0000][1][safepoint    ] Application time: 0.0000530 seconds
[2019-12-11T08:29:23.778+0000][1][safepoint    ] Entering safepoint region: RevokeBias
[2019-12-11T08:29:23.778+0000][1][safepoint    ] Leaving safepoint region
[2019-12-11T08:29:23.778+0000][1][safepoint    ] Total time for which application threads were stopped: 0.0000471 seconds, Stopping threads took: 0.0000083 seconds
[2019-12-11T08:29:23.778+0000][1][safepoint    ] Application time: 0.0000497 seconds
[2019-12-11T08:29:23.778+0000][1][safepoint    ] Entering safepoint region: RevokeBias
[2019-12-11T08:29:23.779+0000][1][safepoint    ] Leaving safepoint region
[2019-12-11T08:29:23.779+0000][1][safepoint    ] Total time for which application threads were stopped: 0.0000533 seconds, Stopping threads took: 0.0000080 seconds
[2019-12-11T08:29:23.779+0000][1][safepoint    ] Application time: 0.0000453 seconds
[2019-12-11T08:29:23.779+0000][1][safepoint    ] Entering safepoint region: RevokeBias
[2019-12-11T08:29:23.779+0000][1][safepoint    ] Leaving safepoint region
[2019-12-11T08:29:23.779+0000][1][safepoint    ] Total time for which application threads were stopped: 0.0000390 seconds, Stopping threads took: 0.0000068 seconds
[2019-12-11T08:29:23.779+0000][1][safepoint    ] Application time: 0.0000433 seconds
[2019-12-11T08:29:23.779+0000][1][safepoint    ] Entering safepoint region: RevokeBias
[2019-12-11T08:29:23.779+0000][1][safepoint    ] Leaving safepoint region
[2019-12-11T08:29:23.779+0000][1][safepoint    ] Total time for which application threads were stopped: 0.0000603 seconds, Stopping threads took: 0.0000247 seconds
[2019-12-11T08:29:23.779+0000][1][safepoint    ] Application time: 0.0000493 seconds
[2019-12-11T08:29:23.779+0000][1][safepoint    ] Entering safepoint region: RevokeBias
[2019-12-11T08:29:23.779+0000][1][safepoint    ] Leaving safepoint region
[2019-12-11T08:29:23.779+0000][1][safepoint    ] Total time for which application threads were stopped: 0.0000424 seconds, Stopping threads took: 0.0000071 seconds
[2019-12-11T08:29:23.779+0000][1][safepoint    ] Application time: 0.0000455 seconds
[2019-12-11T08:29:23.779+0000][1][safepoint    ] Entering safepoint region: RevokeBias
[2019-12-11T08:29:23.779+0000][1][safepoint    ] Leaving safepoint region
[2019-12-11T08:29:23.779+0000][1][safepoint    ] Total time for which application threads were stopped: 0.0000545 seconds, Stopping threads took: 0.0000068 seconds
[2019-12-11T08:29:23.779+0000][1][safepoint    ] Application time: 0.0000604 seconds
[2019-12-11T08:29:23.779+0000][1][safepoint    ] Entering safepoint region: RevokeBias
[2019-12-11T08:29:23.779+0000][1][safepoint    ] Leaving safepoint region
[2019-12-11T08:29:23.779+0000][1][safepoint    ] Total time for which application threads were stopped: 0.0000491 seconds, Stopping threads took: 0.0000091 seconds
[2019-12-11T08:29:23.779+0000][1][safepoint    ] Application time: 0.0000520 seconds
[2019-12-11T08:29:23.779+0000][1][safepoint    ] Entering safepoint region: RevokeBias
[2019-12-11T08:29:23.779+0000][1][safepoint    ] Leaving safepoint region
[2019-12-11T08:29:23.779+0000][1][safepoint    ] Total time for which application threads were stopped: 0.0000574 seconds, Stopping threads took: 0.0000090 seconds
[2019-12-11T08:29:23.779+0000][1][safepoint    ] Application time: 0.0000626 seconds
[2019-12-11T08:29:23.779+0000][1][safepoint    ] Entering safepoint region: RevokeBias
[2019-12-11T08:29:23.779+0000][1][safepoint    ] Leaving safepoint region
[2019-12-11T08:29:23.779+0000][1][safepoint    ] Total time for which application threads were stopped: 0.0000515 seconds, Stopping threads took: 0.0000090 seconds
[2019-12-11T08:29:23.779+0000][1][safepoint    ] Application time: 0.0000539 seconds
[2019-12-11T08:29:23.779+0000][1][safepoint    ] Entering safepoint region: RevokeBias
[2019-12-11T08:29:23.779+0000][1][safepoint    ] Leaving safepoint region
[2019-12-11T08:29:23.779+0000][1][safepoint    ] Total time for which application threads were stopped: 0.0000509 seconds, Stopping threads took: 0.0000081 seconds
[2019-12-11T08:29:23.780+0000][1][safepoint    ] Application time: 0.0000572 seconds
[2019-12-11T08:29:23.780+0000][1][safepoint    ] Entering safepoint region: RevokeBias
[2019-12-11T08:29:23.780+0000][1][safepoint    ] Leaving safepoint region
[2019-12-11T08:29:23.780+0000][1][safepoint    ] Total time for which application threads were stopped: 0.0000639 seconds, Stopping threads took: 0.0000080 seconds
[2019-12-11T08:29:23.780+0000][1][safepoint    ] Application time: 0.0000518 seconds
[2019-12-11T08:29:23.780+0000][1][safepoint    ] Entering safepoint region: RevokeBias
[2019-12-11T08:29:23.780+0000][1][safepoint    ] Leaving safepoint region
[2019-12-11T08:29:23.780+0000][1][safepoint    ] Total time for which application threads were stopped: 0.0000647 seconds, Stopping threads took: 0.0000079 seconds
[2019-12-11T08:29:23.780+0000][1][safepoint    ] Application time: 0.0000604 seconds
[2019-12-11T08:29:23.780+0000][1][safepoint    ] Entering safepoint region: RevokeBias
[2019-12-11T08:29:23.780+0000][1][safepoint    ] Leaving safepoint region
[2019-12-11T08:29:23.780+0000][1][safepoint    ] Total time for which application threads were stopped: 0.0000505 seconds, Stopping threads took: 0.0000085 seconds
[2019-12-11T08:29:23.780+0000][1][safepoint    ] Application time: 0.0000511 seconds
[2019-12-11T08:29:23.780+0000][1][safepoint    ] Entering safepoint region: RevokeBias
[2019-12-11T08:29:23.780+0000][1][safepoint    ] Leaving safepoint region
[2019-12-11T08:29:23.780+0000][1][safepoint    ] Total time for which application threads were stopped: 0.0000478 seconds, Stopping threads took: 0.0000082 seconds
[2019-12-11T08:29:23.780+0000][1][safepoint    ] Application time: 0.0000589 seconds
[2019-12-11T08:29:23.780+0000][1][safepoint    ] Entering safepoint region: RevokeBias
[2019-12-11T08:29:23.780+0000][1][safepoint    ] Leaving safepoint region
[2019-12-11T08:29:23.780+0000][1][safepoint    ] Total time for which application threads were stopped: 0.0000471 seconds, Stopping threads took: 0.0000080 seconds
[2019-12-11T08:29:23.781+0000][1][safepoint    ] Application time: 0.0013806 seconds
[2019-12-11T08:29:23.781+0000][1][safepoint    ] Entering safepoint region: RevokeBias
[2019-12-11T08:29:23.782+0000][1][safepoint    ] Leaving safepoint region
[2019-12-11T08:29:23.782+0000][1][safepoint    ] Total time for which application threads were stopped: 0.0000571 seconds, Stopping threads took: 0.0000095 seconds
[2019-12-11T08:29:23.782+0000][1][safepoint    ] Application time: 0.0000528 seconds
[2019-12-11T08:29:23.782+0000][1][safepoint    ] Entering safepoint region: RevokeBias
[2019-12-11T08:29:23.782+0000][1][safepoint    ] Leaving safepoint region
[2019-12-11T08:29:23.782+0000][1][safepoint    ] Total time for which application threads were stopped: 0.0000443 seconds, Stopping threads took: 0.0000077 seconds
[2019-12-11T08:29:24.855+0000][1][safepoint    ] Application time: 1.0737540 seconds
[2019-12-11T08:29:24.855+0000][1][safepoint    ] Entering safepoint region: GenCollectForAllocation
[2019-12-11T08:29:24.856+0000][1][gc,start     ] GC(4) Pause Young (Allocation Failure)
[2019-12-11T08:29:24.856+0000][1][gc,task      ] GC(4) Using 2 workers of 2 for evacuation
[2019-12-11T08:29:24.906+0000][1][gc,age       ] GC(4) Desired survivor size 4456448 bytes, new threshold 2 (max threshold 6)
[2019-12-11T08:29:24.906+0000][1][gc,age       ] GC(4) Age table with threshold 2 (max threshold 6)
[2019-12-11T08:29:24.906+0000][1][gc,age       ] GC(4) - age   1:    1650944 bytes,    1650944 total
[2019-12-11T08:29:24.906+0000][1][gc,age       ] GC(4) - age   2:    3450384 bytes,    5101328 total
[2019-12-11T08:29:24.906+0000][1][gc,age       ] GC(4) - age   3:     286032 bytes,    5387360 total
[2019-12-11T08:29:24.906+0000][1][gc,heap      ] GC(4) ParNew: 75279K->7784K(78656K)
[2019-12-11T08:29:24.906+0000][1][gc,heap      ] GC(4) CMS: 7033K->7958K(174784K)
[2019-12-11T08:29:24.906+0000][1][gc,metaspace ] GC(4) Metaspace: 18786K->18786K(1067008K)
[2019-12-11T08:29:24.906+0000][1][gc           ] GC(4) Pause Young (Allocation Failure) 80M->15M(247M) 50.616ms
[2019-12-11T08:29:24.906+0000][1][gc,cpu       ] GC(4) User=0.01s Sys=0.00s Real=0.05s
[2019-12-11T08:29:24.906+0000][1][safepoint    ] Leaving safepoint region
[2019-12-11T08:29:24.906+0000][1][safepoint    ] Total time for which application threads were stopped: 0.0507835 seconds, Stopping threads took: 0.0000243 seconds
[2019-12-11T08:29:24.910+0000][1][safepoint    ] Application time: 0.0035932 seconds
[2019-12-11T08:29:24.924+0000][1][safepoint    ] Entering safepoint region: RevokeBias
[2019-12-11T08:29:24.924+0000][1][safepoint    ] Leaving safepoint region
[2019-12-11T08:29:24.924+0000][1][safepoint    ] Total time for which application threads were stopped: 0.0140555 seconds, Stopping threads took: 0.0139519 seconds
[2019-12-11T08:29:24.924+0000][1][safepoint    ] Application time: 0.0000619 seconds
[2019-12-11T08:29:24.924+0000][1][safepoint    ] Entering safepoint region: RevokeBias
[2019-12-11T08:29:24.924+0000][1][safepoint    ] Leaving safepoint region
[2019-12-11T08:29:24.924+0000][1][safepoint    ] Total time for which application threads were stopped: 0.0000707 seconds, Stopping threads took: 0.0000075 seconds
[2019-12-11T08:29:24.924+0000][1][safepoint    ] Application time: 0.0000518 seconds
[2019-12-11T08:29:24.924+0000][1][safepoint    ] Entering safepoint region: RevokeBias
[2019-12-11T08:29:24.924+0000][1][safepoint    ] Leaving safepoint region
[2019-12-11T08:29:24.924+0000][1][safepoint    ] Total time for which application threads were stopped: 0.0000689 seconds, Stopping threads took: 0.0000072 seconds
[2019-12-11T08:29:24.924+0000][1][safepoint    ] Application time: 0.0000436 seconds
[2019-12-11T08:29:24.924+0000][1][safepoint    ] Entering safepoint region: RevokeBias
[2019-12-11T08:29:24.924+0000][1][safepoint    ] Leaving safepoint region
[2019-12-11T08:29:24.924+0000][1][safepoint    ] Total time for which application threads were stopped: 0.0000649 seconds, Stopping threads took: 0.0000068 seconds
[2019-12-11T08:29:25.043+0000][1][safepoint    ] Application time: 0.1191481 seconds
[2019-12-11T08:29:25.044+0000][1][safepoint    ] Entering safepoint region: Deoptimize
[2019-12-11T08:29:25.044+0000][1][safepoint    ] Leaving safepoint region
[2019-12-11T08:29:25.044+0000][1][safepoint    ] Total time for which application threads were stopped: 0.0004428 seconds, Stopping threads took: 0.0000141 seconds
[2019-12-11T08:29:25.450+0000][1][safepoint    ] Application time: 0.4061101 seconds
[2019-12-11T08:29:25.450+0000][1][safepoint    ] Entering safepoint region: Deoptimize
[2019-12-11T08:29:25.451+0000][1][safepoint    ] Leaving safepoint region
[2019-12-11T08:29:25.451+0000][1][safepoint    ] Total time for which application threads were stopped: 0.0004058 seconds, Stopping threads took: 0.0000130 seconds
[2019-12-11T08:29:25.488+0000][1][safepoint    ] Application time: 0.0372094 seconds
[2019-12-11T08:29:25.488+0000][1][safepoint    ] Entering safepoint region: RevokeBias
[2019-12-11T08:29:25.488+0000][1][safepoint    ] Leaving safepoint region
[2019-12-11T08:29:25.488+0000][1][safepoint    ] Total time for which application threads were stopped: 0.0000916 seconds, Stopping threads took: 0.0000121 seconds
[2019-12-11T08:29:25.521+0000][1][safepoint    ] Application time: 0.0328225 seconds
[2019-12-11T08:29:25.521+0000][1][safepoint    ] Entering safepoint region: RevokeBias
[2019-12-11T08:29:25.521+0000][1][safepoint    ] Leaving safepoint region
[2019-12-11T08:29:25.521+0000][1][safepoint    ] Total time for which application threads were stopped: 0.0000785 seconds, Stopping threads took: 0.0000121 seconds
[2019-12-11T08:29:25.898+0000][1][safepoint    ] Application time: 0.3774061 seconds
[2019-12-11T08:29:25.898+0000][1][safepoint    ] Entering safepoint region: GenCollectForAllocation
[2019-12-11T08:29:25.898+0000][1][gc,start     ] GC(5) Pause Young (Allocation Failure)
[2019-12-11T08:29:25.898+0000][1][gc,task      ] GC(5) Using 2 workers of 2 for evacuation
[2019-12-11T08:29:26.069+0000][1][gc,age       ] GC(5) Desired survivor size 4456448 bytes, new threshold 6 (max threshold 6)
[2019-12-11T08:29:26.069+0000][1][gc,age       ] GC(5) Age table with threshold 6 (max threshold 6)
[2019-12-11T08:29:26.069+0000][1][gc,age       ] GC(5) - age   1:    2622824 bytes,    2622824 total
[2019-12-11T08:29:26.070+0000][1][gc,age       ] GC(5) - age   2:     442792 bytes,    3065616 total
[2019-12-11T08:29:26.070+0000][1][gc,heap      ] GC(5) ParNew: 77736K->4918K(78656K)
[2019-12-11T08:29:26.070+0000][1][gc,heap      ] GC(5) CMS: 7958K->11637K(174784K)
[2019-12-11T08:29:26.070+0000][1][gc,metaspace ] GC(5) Metaspace: 19120K->19120K(1067008K)
[2019-12-11T08:29:26.070+0000][1][gc           ] GC(5) Pause Young (Allocation Failure) 83M->16M(247M) 171.211ms
[2019-12-11T08:29:26.070+0000][1][gc,cpu       ] GC(5) User=0.04s Sys=0.00s Real=0.17s
[2019-12-11T08:29:26.070+0000][1][safepoint    ] Leaving safepoint region
[2019-12-11T08:29:26.070+0000][1][safepoint    ] Total time for which application threads were stopped: 0.1713504 seconds, Stopping threads took: 0.0000125 seconds
[2019-12-11T08:29:26.087+0000][1][safepoint    ] Application time: 0.0171969 seconds
[2019-12-11T08:29:26.127+0000][1][safepoint    ] Entering safepoint region: RevokeBias
[2019-12-11T08:29:26.127+0000][1][safepoint    ] Leaving safepoint region
[2019-12-11T08:29:26.127+0000][1][safepoint    ] Total time for which application threads were stopped: 0.0402368 seconds, Stopping threads took: 0.0401592 seconds
[2019-12-11T08:29:26.127+0000][1][safepoint    ] Application time: 0.0000751 seconds
[2019-12-11T08:29:26.127+0000][1][safepoint    ] Entering safepoint region: RevokeBias
[2019-12-11T08:29:26.127+0000][1][safepoint    ] Leaving safepoint region
[2019-12-11T08:29:26.127+0000][1][safepoint    ] Total time for which application threads were stopped: 0.0000504 seconds, Stopping threads took: 0.0000097 seconds
[2019-12-11T08:29:26.127+0000][1][safepoint    ] Application time: 0.0000647 seconds
[2019-12-11T08:29:26.127+0000][1][safepoint    ] Entering safepoint region: RevokeBias
[2019-12-11T08:29:26.127+0000][1][safepoint    ] Leaving safepoint region
[2019-12-11T08:29:26.127+0000][1][safepoint    ] Total time for which application threads were stopped: 0.0000441 seconds, Stopping threads took: 0.0000082 seconds
[2019-12-11T08:29:26.127+0000][1][safepoint    ] Application time: 0.0000502 seconds
[2019-12-11T08:29:26.127+0000][1][safepoint    ] Entering safepoint region: RevokeBias
[2019-12-11T08:29:26.127+0000][1][safepoint    ] Leaving safepoint region
[2019-12-11T08:29:26.127+0000][1][safepoint    ] Total time for which application threads were stopped: 0.0000414 seconds, Stopping threads took: 0.0000069 seconds
[2019-12-11T08:29:26.128+0000][1][safepoint    ] Application time: 0.0000566 seconds
[2019-12-11T08:29:26.128+0000][1][safepoint    ] Entering safepoint region: RevokeBias
[2019-12-11T08:29:26.128+0000][1][safepoint    ] Leaving safepoint region
[2019-12-11T08:29:26.128+0000][1][safepoint    ] Total time for which application threads were stopped: 0.0000429 seconds, Stopping threads took: 0.0000081 seconds
[2019-12-11T08:29:26.128+0000][1][safepoint    ] Application time: 0.0000524 seconds
[2019-12-11T08:29:26.128+0000][1][safepoint    ] Entering safepoint region: RevokeBias
[2019-12-11T08:29:26.128+0000][1][safepoint    ] Leaving safepoint region
[2019-12-11T08:29:26.128+0000][1][safepoint    ] Total time for which application threads were stopped: 0.0000676 seconds, Stopping threads took: 0.0000275 seconds
[2019-12-11T08:29:26.867+0000][1][safepoint    ] Application time: 0.7389603 seconds
[2019-12-11T08:29:26.867+0000][1][safepoint    ] Entering safepoint region: RevokeBias
[2019-12-11T08:29:26.867+0000][1][safepoint    ] Leaving safepoint region
[2019-12-11T08:29:26.867+0000][1][safepoint    ] Total time for which application threads were stopped: 0.0000762 seconds, Stopping threads took: 0.0000120 seconds
[2019-12-11T08:29:26.912+0000][1][safepoint    ] Application time: 0.0448878 seconds
[2019-12-11T08:29:26.912+0000][1][safepoint    ] Entering safepoint region: RevokeBias
[2019-12-11T08:29:26.912+0000][1][safepoint    ] Leaving safepoint region
[2019-12-11T08:29:26.912+0000][1][safepoint    ] Total time for which application threads were stopped: 0.0000881 seconds, Stopping threads took: 0.0000264 seconds
[2019-12-11T08:29:27.244+0000][1][safepoint    ] Application time: 0.3318993 seconds
[2019-12-11T08:29:27.244+0000][1][safepoint    ] Entering safepoint region: GenCollectForAllocation
[2019-12-11T08:29:27.244+0000][1][gc,start     ] GC(6) Pause Young (Allocation Failure)
[2019-12-11T08:29:27.244+0000][1][gc,task      ] GC(6) Using 2 workers of 2 for evacuation
[2019-12-11T08:29:27.351+0000][1][gc,age       ] GC(6) Desired survivor size 4456448 bytes, new threshold 6 (max threshold 6)
[2019-12-11T08:29:27.351+0000][1][gc,age       ] GC(6) Age table with threshold 6 (max threshold 6)
[2019-12-11T08:29:27.351+0000][1][gc,age       ] GC(6) - age   1:    1295168 bytes,    1295168 total
[2019-12-11T08:29:27.351+0000][1][gc,age       ] GC(6) - age   2:    2192512 bytes,    3487680 total
[2019-12-11T08:29:27.351+0000][1][gc,age       ] GC(6) - age   3:     442792 bytes,    3930472 total
[2019-12-11T08:29:27.351+0000][1][gc,heap      ] GC(6) ParNew: 74870K->5212K(78656K)
[2019-12-11T08:29:27.351+0000][1][gc,heap      ] GC(6) CMS: 11637K->11637K(174784K)
[2019-12-11T08:29:27.351+0000][1][gc,metaspace ] GC(6) Metaspace: 19421K->19421K(1067008K)
[2019-12-11T08:29:27.351+0000][1][gc           ] GC(6) Pause Young (Allocation Failure) 84M->16M(247M) 107.106ms
[2019-12-11T08:29:27.351+0000][1][gc,cpu       ] GC(6) User=0.02s Sys=0.00s Real=0.11s
[2019-12-11T08:29:27.351+0000][1][safepoint    ] Leaving safepoint region
[2019-12-11T08:29:27.351+0000][1][safepoint    ] Total time for which application threads were stopped: 0.1072533 seconds, Stopping threads took: 0.0000166 seconds
[2019-12-11T08:29:27.367+0000][1][safepoint    ] Application time: 0.0157766 seconds
[2019-12-11T08:29:27.435+0000][1][safepoint    ] Entering safepoint region: RevokeBias
[2019-12-11T08:29:27.435+0000][1][safepoint    ] Leaving safepoint region
[2019-12-11T08:29:27.435+0000][1][safepoint    ] Total time for which application threads were stopped: 0.0679736 seconds, Stopping threads took: 0.0678895 seconds
[2019-12-11T08:29:27.435+0000][1][safepoint    ] Application time: 0.0001044 seconds
[2019-12-11T08:29:27.435+0000][1][safepoint    ] Entering safepoint region: BulkRevokeBias
[2019-12-11T08:29:27.435+0000][1][safepoint    ] Leaving safepoint region
[2019-12-11T08:29:27.435+0000][1][safepoint    ] Total time for which application threads were stopped: 0.0000920 seconds, Stopping threads took: 0.0000102 seconds
[2019-12-11T08:29:27.435+0000][1][safepoint    ] Application time: 0.0000707 seconds
[2019-12-11T08:29:27.435+0000][1][safepoint    ] Entering safepoint region: BulkRevokeBias
[2019-12-11T08:29:27.435+0000][1][safepoint    ] Leaving safepoint region
[2019-12-11T08:29:27.435+0000][1][safepoint    ] Total time for which application threads were stopped: 0.0000652 seconds, Stopping threads took: 0.0000093 seconds
[2019-12-11T08:29:28.708+0000][1][safepoint    ] Application time: 1.2722763 seconds
[2019-12-11T08:29:28.708+0000][1][safepoint    ] Entering safepoint region: GenCollectForAllocation
[2019-12-11T08:29:28.708+0000][1][gc,start     ] GC(7) Pause Young (Allocation Failure)
[2019-12-11T08:29:28.708+0000][1][gc,task      ] GC(7) Using 2 workers of 2 for evacuation
[2019-12-11T08:29:28.780+0000][1][gc,age       ] GC(7) Desired survivor size 4456448 bytes, new threshold 6 (max threshold 6)
[2019-12-11T08:29:28.780+0000][1][gc,age       ] GC(7) Age table with threshold 6 (max threshold 6)
[2019-12-11T08:29:28.781+0000][1][gc,age       ] GC(7) - age   1:     375024 bytes,     375024 total
[2019-12-11T08:29:28.781+0000][1][gc,age       ] GC(7) - age   2:    1128800 bytes,    1503824 total
[2019-12-11T08:29:28.781+0000][1][gc,age       ] GC(7) - age   3:    2192432 bytes,    3696256 total
[2019-12-11T08:29:28.781+0000][1][gc,age       ] GC(7) - age   4:     442792 bytes,    4139048 total
[2019-12-11T08:29:28.781+0000][1][gc,heap      ] GC(7) ParNew: 75164K->5621K(78656K)
[2019-12-11T08:29:28.781+0000][1][gc,heap      ] GC(7) CMS: 11637K->11637K(174784K)
[2019-12-11T08:29:28.781+0000][1][gc,metaspace ] GC(7) Metaspace: 19694K->19694K(1067008K)
[2019-12-11T08:29:28.781+0000][1][gc           ] GC(7) Pause Young (Allocation Failure) 84M->16M(247M) 72.962ms
[2019-12-11T08:29:28.781+0000][1][gc,cpu       ] GC(7) User=0.01s Sys=0.00s Real=0.07s
[2019-12-11T08:29:28.781+0000][1][safepoint    ] Leaving safepoint region
[2019-12-11T08:29:28.781+0000][1][safepoint    ] Total time for which application threads were stopped: 0.0731133 seconds, Stopping threads took: 0.0000144 seconds
[2019-12-11T08:29:29.638+0000][1][safepoint    ] Application time: 0.8578138 seconds
[2019-12-11T08:29:29.639+0000][1][safepoint    ] Entering safepoint region: CollectForMetadataAllocation
[2019-12-11T08:29:29.639+0000][1][safepoint    ] Leaving safepoint region
[2019-12-11T08:29:29.639+0000][1][safepoint    ] Total time for which application threads were stopped: 0.0002440 seconds, Stopping threads took: 0.0000108 seconds
[2019-12-11T08:29:29.932+0000][1][safepoint    ] Application time: 0.2933662 seconds
[2019-12-11T08:29:29.932+0000][1][safepoint    ] Entering safepoint region: CollectForMetadataAllocation
[2019-12-11T08:29:29.932+0000][1][safepoint    ] Leaving safepoint region
[2019-12-11T08:29:29.932+0000][1][safepoint    ] Total time for which application threads were stopped: 0.0002547 seconds, Stopping threads took: 0.0000157 seconds
[2019-12-11T08:29:30.792+0000][1][safepoint    ] Application time: 0.8593173 seconds
[2019-12-11T08:29:30.792+0000][1][safepoint    ] Entering safepoint region: CMS_Initial_Mark
[2019-12-11T08:29:30.792+0000][1][gc,start     ] GC(8) Pause Initial Mark
[2019-12-11T08:29:31.014+0000][1][gc           ] GC(8) Pause Initial Mark 80M->80M(247M) 221.661ms
[2019-12-11T08:29:31.014+0000][1][gc,cpu       ] GC(8) User=0.10s Sys=0.00s Real=0.22s
[2019-12-11T08:29:31.014+0000][1][safepoint    ] Leaving safepoint region
[2019-12-11T08:29:31.014+0000][1][safepoint    ] Total time for which application threads were stopped: 0.2217977 seconds, Stopping threads took: 0.0000129 seconds
[2019-12-11T08:29:31.027+0000][1][gc           ] GC(8) Concurrent Mark
[2019-12-11T08:29:31.068+0000][1][safepoint    ] Application time: 0.0543881 seconds
[2019-12-11T08:29:31.068+0000][1][safepoint    ] Entering safepoint region: GenCollectForAllocation
[2019-12-11T08:29:31.068+0000][1][gc,start     ] GC(9) Pause Young (Allocation Failure)
[2019-12-11T08:29:31.068+0000][1][gc,task      ] GC(9) Using 2 workers of 2 for evacuation
[2019-12-11T08:29:31.160+0000][1][gc,age       ] GC(9) Desired survivor size 4456448 bytes, new threshold 4 (max threshold 6)
[2019-12-11T08:29:31.160+0000][1][gc,age       ] GC(9) Age table with threshold 4 (max threshold 6)
[2019-12-11T08:29:31.160+0000][1][gc,age       ] GC(9) - age   1:    1434896 bytes,    1434896 total
[2019-12-11T08:29:31.160+0000][1][gc,age       ] GC(9) - age   2:     356432 bytes,    1791328 total
[2019-12-11T08:29:31.160+0000][1][gc,age       ] GC(9) - age   3:    1128656 bytes,    2919984 total
[2019-12-11T08:29:31.160+0000][1][gc,age       ] GC(9) - age   4:    2190216 bytes,    5110200 total
[2019-12-11T08:29:31.160+0000][1][gc,age       ] GC(9) - age   5:     442792 bytes,    5552992 total
[2019-12-11T08:29:31.160+0000][1][gc,heap      ] GC(9) ParNew: 75573K->7936K(78656K)
[2019-12-11T08:29:31.160+0000][1][gc,heap      ] GC(9) CMS: 11637K->11637K(174784K)
[2019-12-11T08:29:31.160+0000][1][gc,metaspace ] GC(9) Metaspace: 20507K->20507K(1069056K)
[2019-12-11T08:29:31.160+0000][1][gc           ] GC(9) Pause Young (Allocation Failure) 85M->19M(247M) 92.237ms
[2019-12-11T08:29:31.160+0000][1][gc,cpu       ] GC(9) User=0.02s Sys=0.00s Real=0.09s
[2019-12-11T08:29:31.160+0000][1][safepoint    ] Leaving safepoint region
[2019-12-11T08:29:31.160+0000][1][safepoint    ] Total time for which application threads were stopped: 0.0923679 seconds, Stopping threads took: 0.0000143 seconds
[2019-12-11T08:29:31.229+0000][1][gc           ] GC(8) Concurrent Mark 201.757ms
[2019-12-11T08:29:31.229+0000][1][gc,cpu       ] GC(8) User=0.05s Sys=0.00s Real=0.20s
[2019-12-11T08:29:31.238+0000][1][gc           ] GC(8) Concurrent Preclean
[2019-12-11T08:29:31.239+0000][1][gc           ] GC(8) Concurrent Preclean 0.768ms
[2019-12-11T08:29:31.239+0000][1][gc,cpu       ] GC(8) User=0.00s Sys=0.00s Real=0.00s
[2019-12-11T08:29:31.239+0000][1][gc           ] GC(8) Concurrent Abortable Preclean
[2019-12-11T08:29:32.164+0000][1][safepoint    ] Application time: 1.0033222 seconds
[2019-12-11T08:29:32.174+0000][1][safepoint    ] Entering safepoint region: Cleanup
[2019-12-11T08:29:32.174+0000][1][safepoint    ] Leaving safepoint region
[2019-12-11T08:29:32.174+0000][1][safepoint    ] Total time for which application threads were stopped: 0.0100824 seconds, Stopping threads took: 0.0100418 seconds
[2019-12-11T08:29:32.403+0000][1][safepoint    ] Application time: 0.2288526 seconds
[2019-12-11T08:29:32.403+0000][1][safepoint    ] Entering safepoint region: GenCollectForAllocation
[2019-12-11T08:29:32.403+0000][1][gc,start     ] GC(10) Pause Young (Allocation Failure)
[2019-12-11T08:29:32.403+0000][1][gc,task      ] GC(10) Using 2 workers of 2 for evacuation
[2019-12-11T08:29:32.656+0000][1][gc,age       ] GC(10) Desired survivor size 4456448 bytes, new threshold 6 (max threshold 6)
[2019-12-11T08:29:32.656+0000][1][gc,age       ] GC(10) Age table with threshold 6 (max threshold 6)
[2019-12-11T08:29:32.656+0000][1][gc,age       ] GC(10) - age   1:     758344 bytes,     758344 total
[2019-12-11T08:29:32.656+0000][1][gc,age       ] GC(10) - age   2:     654552 bytes,    1412896 total
[2019-12-11T08:29:32.656+0000][1][gc,age       ] GC(10) - age   3:     356432 bytes,    1769328 total
[2019-12-11T08:29:32.656+0000][1][gc,age       ] GC(10) - age   4:    1128656 bytes,    2897984 total
[2019-12-11T08:29:32.656+0000][1][gc,heap      ] GC(10) ParNew: 77888K->5059K(78656K)
[2019-12-11T08:29:32.656+0000][1][gc,heap      ] GC(10) CMS: 11637K->14227K(174784K)
[2019-12-11T08:29:32.657+0000][1][gc,metaspace ] GC(10) Metaspace: 20613K->20613K(1069056K)
[2019-12-11T08:29:32.657+0000][1][gc           ] GC(10) Pause Young (Allocation Failure) 87M->18M(247M) 253.696ms
[2019-12-11T08:29:32.657+0000][1][gc,cpu       ] GC(10) User=0.06s Sys=0.00s Real=0.26s
[2019-12-11T08:29:32.657+0000][1][safepoint    ] Leaving safepoint region
[2019-12-11T08:29:32.657+0000][1][safepoint    ] Total time for which application threads were stopped: 0.2538283 seconds, Stopping threads took: 0.0000157 seconds
[2019-12-11T08:29:33.034+0000][1][safepoint    ] Application time: 0.3775205 seconds
[2019-12-11T08:29:33.034+0000][1][safepoint    ] Entering safepoint region: CollectForMetadataAllocation
[2019-12-11T08:29:33.034+0000][1][safepoint    ] Leaving safepoint region
[2019-12-11T08:29:33.034+0000][1][safepoint    ] Total time for which application threads were stopped: 0.0002368 seconds, Stopping threads took: 0.0000136 seconds
[2019-12-11T08:29:33.074+0000][1][gc           ] GC(8) Concurrent Abortable Preclean 1835.158ms
[2019-12-11T08:29:33.074+0000][1][gc,cpu       ] GC(8) User=0.50s Sys=0.01s Real=1.83s
[2019-12-11T08:29:33.087+0000][1][safepoint    ] Application time: 0.0523287 seconds
[2019-12-11T08:29:33.141+0000][1][safepoint    ] Entering safepoint region: CMS_Final_Remark
[2019-12-11T08:29:33.141+0000][1][gc,start     ] GC(8) Pause Remark
[2019-12-11T08:29:33.254+0000][1][gc           ] GC(8) Pause Remark 72M->72M(247M) 113.354ms
[2019-12-11T08:29:33.254+0000][1][gc,cpu       ] GC(8) User=0.05s Sys=0.00s Real=0.11s
[2019-12-11T08:29:33.254+0000][1][safepoint    ] Leaving safepoint region
[2019-12-11T08:29:33.254+0000][1][safepoint    ] Total time for which application threads were stopped: 0.1675964 seconds, Stopping threads took: 0.0540942 seconds
[2019-12-11T08:29:33.263+0000][1][gc           ] GC(8) Concurrent Sweep
[2019-12-11T08:29:33.300+0000][1][gc           ] GC(8) Concurrent Sweep 36.991ms
[2019-12-11T08:29:33.300+0000][1][gc,cpu       ] GC(8) User=0.02s Sys=0.00s Real=0.04s
[2019-12-11T08:29:33.300+0000][1][gc           ] GC(8) Concurrent Reset
[2019-12-11T08:29:33.300+0000][1][gc           ] GC(8) Concurrent Reset 0.348ms
[2019-12-11T08:29:33.300+0000][1][gc,cpu       ] GC(8) User=0.00s Sys=0.00s Real=0.00s
[2019-12-11T08:29:33.300+0000][1][gc,heap      ] GC(8) Old: 11637K->14201K(174784K)
[2019-12-11T08:29:33.365+0000][1][safepoint    ] Application time: 0.1107661 seconds
[2019-12-11T08:29:33.365+0000][1][safepoint    ] Entering safepoint region: GenCollectForAllocation
[2019-12-11T08:29:33.366+0000][1][gc,start     ] GC(11) Pause Young (Allocation Failure)
[2019-12-11T08:29:33.366+0000][1][gc,task      ] GC(11) Using 2 workers of 2 for evacuation
[2019-12-11T08:29:33.422+0000][1][gc,age       ] GC(11) Desired survivor size 4456448 bytes, new threshold 6 (max threshold 6)
[2019-12-11T08:29:33.422+0000][1][gc,age       ] GC(11) Age table with threshold 6 (max threshold 6)
[2019-12-11T08:29:33.422+0000][1][gc,age       ] GC(11) - age   1:     706408 bytes,     706408 total
[2019-12-11T08:29:33.422+0000][1][gc,age       ] GC(11) - age   2:      97456 bytes,     803864 total
[2019-12-11T08:29:33.422+0000][1][gc,age       ] GC(11) - age   3:     654504 bytes,    1458368 total
[2019-12-11T08:29:33.422+0000][1][gc,age       ] GC(11) - age   4:     356328 bytes,    1814696 total
[2019-12-11T08:29:33.422+0000][1][gc,age       ] GC(11) - age   5:    1128368 bytes,    2943064 total
[2019-12-11T08:29:33.422+0000][1][gc,heap      ] GC(11) ParNew: 75011K->4780K(78656K)
[2019-12-11T08:29:33.422+0000][1][gc,heap      ] GC(11) CMS: 14201K->14201K(174784K)
[2019-12-11T08:29:33.422+0000][1][gc,metaspace ] GC(11) Metaspace: 20696K->20696K(1069056K)
[2019-12-11T08:29:33.422+0000][1][gc           ] GC(11) Pause Young (Allocation Failure) 87M->18M(247M) 56.006ms
[2019-12-11T08:29:33.422+0000][1][gc,cpu       ] GC(11) User=0.01s Sys=0.00s Real=0.05s
[2019-12-11T08:29:33.422+0000][1][safepoint    ] Leaving safepoint region
[2019-12-11T08:29:33.422+0000][1][safepoint    ] Total time for which application threads were stopped: 0.0565667 seconds, Stopping threads took: 0.0000124 seconds
[2019-12-11T08:29:34.404+0000][1][safepoint    ] Application time: 0.9821967 seconds
[2019-12-11T08:29:34.404+0000][1][safepoint    ] Entering safepoint region: Deoptimize
[2019-12-11T08:29:34.404+0000][1][safepoint    ] Leaving safepoint region
[2019-12-11T08:29:34.404+0000][1][safepoint    ] Total time for which application threads were stopped: 0.0004231 seconds, Stopping threads took: 0.0000142 seconds
[2019-12-11T08:29:35.415+0000][1][safepoint    ] Application time: 1.0102998 seconds
[2019-12-11T08:29:35.464+0000][1][safepoint    ] Entering safepoint region: Cleanup
[2019-12-11T08:29:35.464+0000][1][safepoint    ] Leaving safepoint region
[2019-12-11T08:29:35.464+0000][1][safepoint    ] Total time for which application threads were stopped: 0.0492038 seconds, Stopping threads took: 0.0491375 seconds
[2019-12-11T08:29:35.987+0000][1][safepoint    ] Application time: 0.5232610 seconds
[2019-12-11T08:29:35.987+0000][1][safepoint    ] Entering safepoint region: GenCollectForAllocation
[2019-12-11T08:29:35.987+0000][1][gc,start     ] GC(12) Pause Young (Allocation Failure)
[2019-12-11T08:29:35.987+0000][1][gc,task      ] GC(12) Using 2 workers of 2 for evacuation
[2019-12-11T08:29:36.079+0000][1][gc,age       ] GC(12) Desired survivor size 4456448 bytes, new threshold 6 (max threshold 6)
[2019-12-11T08:29:36.079+0000][1][gc,age       ] GC(12) Age table with threshold 6 (max threshold 6)
[2019-12-11T08:29:36.079+0000][1][gc,age       ] GC(12) - age   1:     925344 bytes,     925344 total
[2019-12-11T08:29:36.079+0000][1][gc,age       ] GC(12) - age   2:     305568 bytes,    1230912 total
[2019-12-11T08:29:36.079+0000][1][gc,age       ] GC(12) - age   3:      97456 bytes,    1328368 total
[2019-12-11T08:29:36.079+0000][1][gc,age       ] GC(12) - age   4:     654440 bytes,    1982808 total
[2019-12-11T08:29:36.079+0000][1][gc,age       ] GC(12) - age   5:     356328 bytes,    2339136 total
[2019-12-11T08:29:36.079+0000][1][gc,age       ] GC(12) - age   6:    1128368 bytes,    3467504 total
[2019-12-11T08:29:36.079+0000][1][gc,heap      ] GC(12) ParNew: 74732K->4028K(78656K)
[2019-12-11T08:29:36.079+0000][1][gc,heap      ] GC(12) CMS: 14201K->14201K(174784K)
[2019-12-11T08:29:36.079+0000][1][gc,metaspace ] GC(12) Metaspace: 22692K->22692K(1071104K)
[2019-12-11T08:29:36.079+0000][1][gc           ] GC(12) Pause Young (Allocation Failure) 86M->17M(247M) 91.654ms
[2019-12-11T08:29:36.079+0000][1][gc,cpu       ] GC(12) User=0.01s Sys=0.00s Real=0.09s
[2019-12-11T08:29:36.079+0000][1][safepoint    ] Leaving safepoint region
[2019-12-11T08:29:36.079+0000][1][safepoint    ] Total time for which application threads were stopped: 0.0918514 seconds, Stopping threads took: 0.0000580 seconds
[2019-12-11T08:29:37.080+0000][1][safepoint    ] Application time: 1.0006700 seconds
[2019-12-11T08:29:37.090+0000][1][safepoint    ] Entering safepoint region: Cleanup
[2019-12-11T08:29:37.090+0000][1][safepoint    ] Leaving safepoint region
[2019-12-11T08:29:37.090+0000][1][safepoint    ] Total time for which application threads were stopped: 0.0103037 seconds, Stopping threads took: 0.0100975 seconds
[2019-12-11T08:29:37.353+0000][1][safepoint    ] Application time: 0.2632010 seconds
[2019-12-11T08:29:37.353+0000][1][safepoint    ] Entering safepoint region: Deoptimize
[2019-12-11T08:29:37.354+0000][1][safepoint    ] Leaving safepoint region
[2019-12-11T08:29:37.354+0000][1][safepoint    ] Total time for which application threads were stopped: 0.0004636 seconds, Stopping threads took: 0.0000137 seconds
[2019-12-11T08:29:38.160+0000][1][safepoint    ] Application time: 0.8065051 seconds
[2019-12-11T08:29:38.160+0000][1][safepoint    ] Entering safepoint region: Deoptimize
[2019-12-11T08:29:38.161+0000][1][safepoint    ] Leaving safepoint region
[2019-12-11T08:29:38.161+0000][1][safepoint    ] Total time for which application threads were stopped: 0.0004859 seconds, Stopping threads took: 0.0000143 seconds
[2019-12-11T08:29:38.277+0000][1][safepoint    ] Application time: 0.1162992 seconds
[2019-12-11T08:29:38.277+0000][1][safepoint    ] Entering safepoint region: Deoptimize
[2019-12-11T08:29:38.278+0000][1][safepoint    ] Leaving safepoint region
[2019-12-11T08:29:38.278+0000][1][safepoint    ] Total time for which application threads were stopped: 0.0004368 seconds, Stopping threads took: 0.0000148 seconds
[2019-12-11T08:29:38.336+0000][1][safepoint    ] Application time: 0.0581409 seconds
[2019-12-11T08:29:38.336+0000][1][safepoint    ] Entering safepoint region: Deoptimize
[2019-12-11T08:29:38.336+0000][1][safepoint    ] Leaving safepoint region
[2019-12-11T08:29:38.336+0000][1][safepoint    ] Total time for which application threads were stopped: 0.0004676 seconds, Stopping threads took: 0.0000132 seconds
[2019-12-11T08:29:39.359+0000][1][safepoint    ] Application time: 1.0224099 seconds
[2019-12-11T08:29:39.405+0000][1][safepoint    ] Entering safepoint region: Cleanup
[2019-12-11T08:29:39.405+0000][1][safepoint    ] Leaving safepoint region
[2019-12-11T08:29:39.405+0000][1][safepoint    ] Total time for which application threads were stopped: 0.0461255 seconds, Stopping threads took: 0.0460771 seconds
[2019-12-11T08:29:40.406+0000][1][safepoint    ] Application time: 1.0008023 seconds
[2019-12-11T08:29:40.479+0000][1][safepoint    ] Entering safepoint region: Cleanup
[2019-12-11T08:29:40.479+0000][1][safepoint    ] Leaving safepoint region
[2019-12-11T08:29:40.479+0000][1][safepoint    ] Total time for which application threads were stopped: 0.0735958 seconds, Stopping threads took: 0.0733426 seconds
[2019-12-11T08:29:41.491+0000][1][safepoint    ] Application time: 1.0113645 seconds
[2019-12-11T08:29:41.518+0000][1][safepoint    ] Entering safepoint region: Cleanup
[2019-12-11T08:29:41.519+0000][1][safepoint    ] Leaving safepoint region
[2019-12-11T08:29:41.519+0000][1][safepoint    ] Total time for which application threads were stopped: 0.0278278 seconds, Stopping threads took: 0.0277604 seconds
[2019-12-11T08:29:42.523+0000][1][safepoint    ] Application time: 1.0041101 seconds
[2019-12-11T08:29:42.564+0000][1][safepoint    ] Entering safepoint region: Cleanup
[2019-12-11T08:29:42.564+0000][1][safepoint    ] Leaving safepoint region
[2019-12-11T08:29:42.564+0000][1][safepoint    ] Total time for which application threads were stopped: 0.0410914 seconds, Stopping threads took: 0.0410312 seconds
[2019-12-11T08:29:43.574+0000][1][safepoint    ] Application time: 1.0098644 seconds
[2019-12-11T08:29:43.582+0000][1][safepoint    ] Entering safepoint region: Cleanup
[2019-12-11T08:29:43.582+0000][1][safepoint    ] Leaving safepoint region
[2019-12-11T08:29:43.582+0000][1][safepoint    ] Total time for which application threads were stopped: 0.0080491 seconds, Stopping threads took: 0.0079924 seconds
[2019-12-11T08:29:43.648+0000][1][safepoint    ] Application time: 0.0665026 seconds
[2019-12-11T08:29:43.648+0000][1][safepoint    ] Entering safepoint region: GenCollectForAllocation
[2019-12-11T08:29:43.648+0000][1][gc,start     ] GC(13) Pause Young (Allocation Failure)
[2019-12-11T08:29:43.648+0000][1][gc,task      ] GC(13) Using 2 workers of 2 for evacuation
[2019-12-11T08:29:43.934+0000][1][gc,age       ] GC(13) Desired survivor size 4456448 bytes, new threshold 1 (max threshold 6)
[2019-12-11T08:29:43.934+0000][1][gc,age       ] GC(13) Age table with threshold 1 (max threshold 6)
[2019-12-11T08:29:43.934+0000][1][gc,age       ] GC(13) - age   1:    6850432 bytes,    6850432 total
[2019-12-11T08:29:43.934+0000][1][gc,age       ] GC(13) - age   2:     652152 bytes,    7502584 total
[2019-12-11T08:29:43.934+0000][1][gc,age       ] GC(13) - age   3:     305304 bytes,    7807888 total
[2019-12-11T08:29:43.934+0000][1][gc,age       ] GC(13) - age   4:      97304 bytes,    7905192 total
[2019-12-11T08:29:43.934+0000][1][gc,age       ] GC(13) - age   5:     651400 bytes,    8556592 total
[2019-12-11T08:29:43.934+0000][1][gc,age       ] GC(13) - age   6:     354136 bytes,    8910728 total
[2019-12-11T08:29:43.935+0000][1][gc,heap      ] GC(13) ParNew: 73980K->8704K(78656K)
[2019-12-11T08:29:43.935+0000][1][gc,heap      ] GC(13) CMS: 14201K->21245K(174784K)
[2019-12-11T08:29:43.935+0000][1][gc,metaspace ] GC(13) Metaspace: 27190K->27190K(1075200K)
[2019-12-11T08:29:43.935+0000][1][gc           ] GC(13) Pause Young (Allocation Failure) 86M->29M(247M) 286.076ms
[2019-12-11T08:29:43.935+0000][1][gc,cpu       ] GC(13) User=0.07s Sys=0.00s Real=0.28s
[2019-12-11T08:29:43.935+0000][1][safepoint    ] Leaving safepoint region
[2019-12-11T08:29:43.935+0000][1][safepoint    ] Total time for which application threads were stopped: 0.2862409 seconds, Stopping threads took: 0.0000482 seconds
[2019-12-11T08:29:44.622+0000][1][safepoint    ] Application time: 0.6870303 seconds
[2019-12-11T08:29:44.622+0000][1][safepoint    ] Entering safepoint region: RevokeBias
[2019-12-11T08:29:44.622+0000][1][safepoint    ] Leaving safepoint region
[2019-12-11T08:29:44.622+0000][1][safepoint    ] Total time for which application threads were stopped: 0.0001030 seconds, Stopping threads took: 0.0000180 seconds
[2019-12-11T08:29:45.630+0000][1][safepoint    ] Application time: 1.0079691 seconds
[2019-12-11T08:29:45.687+0000][1][safepoint    ] Entering safepoint region: Cleanup
[2019-12-11T08:29:45.687+0000][1][safepoint    ] Leaving safepoint region
[2019-12-11T08:29:45.687+0000][1][safepoint    ] Total time for which application threads were stopped: 0.0570191 seconds, Stopping threads took: 0.0569686 seconds
[2019-12-11T08:29:46.707+0000][1][safepoint    ] Application time: 1.0198523 seconds
[2019-12-11T08:29:46.707+0000][1][safepoint    ] Entering safepoint region: Cleanup
[2019-12-11T08:29:46.707+0000][1][safepoint    ] Leaving safepoint region
[2019-12-11T08:29:46.707+0000][1][safepoint    ] Total time for which application threads were stopped: 0.0000933 seconds, Stopping threads took: 0.0000560 seconds
[2019-12-11T08:29:47.709+0000][1][safepoint    ] Application time: 1.0018589 seconds
[2019-12-11T08:29:47.848+0000][1][safepoint    ] Entering safepoint region: Cleanup
[2019-12-11T08:29:47.848+0000][1][safepoint    ] Leaving safepoint region
[2019-12-11T08:29:47.848+0000][1][safepoint    ] Total time for which application threads were stopped: 0.1390360 seconds, Stopping threads took: 0.1389811 seconds
[2019-12-11T08:29:48.765+0000][1][safepoint    ] Application time: 0.9169566 seconds
[2019-12-11T08:29:48.765+0000][1][safepoint    ] Entering safepoint region: GenCollectForAllocation
[2019-12-11T08:29:48.765+0000][1][gc,start     ] GC(14) Pause Young (Allocation Failure)
[2019-12-11T08:29:48.765+0000][1][gc,task      ] GC(14) Using 2 workers of 2 for evacuation
[2019-12-11T08:29:49.263+0000][1][gc,age       ] GC(14) Desired survivor size 4456448 bytes, new threshold 1 (max threshold 6)
[2019-12-11T08:29:49.263+0000][1][gc,age       ] GC(14) Age table with threshold 1 (max threshold 6)
[2019-12-11T08:29:49.263+0000][1][gc,age       ] GC(14) - age   1:    8912832 bytes,    8912832 total
[2019-12-11T08:29:49.263+0000][1][gc,heap      ] GC(14) ParNew: 78656K->8704K(78656K)
[2019-12-11T08:29:49.263+0000][1][gc,heap      ] GC(14) CMS: 21245K->34701K(174784K)
[2019-12-11T08:29:49.263+0000][1][gc,metaspace ] GC(14) Metaspace: 27252K->27252K(1075200K)
[2019-12-11T08:29:49.263+0000][1][gc           ] GC(14) Pause Young (Allocation Failure) 97M->42M(247M) 498.529ms
[2019-12-11T08:29:49.263+0000][1][gc,cpu       ] GC(14) User=0.18s Sys=0.00s Real=0.49s
[2019-12-11T08:29:49.263+0000][1][safepoint    ] Leaving safepoint region
[2019-12-11T08:29:49.263+0000][1][safepoint    ] Total time for which application threads were stopped: 0.4986716 seconds, Stopping threads took: 0.0000172 seconds
[2019-12-11T08:29:52.329+0000][1][safepoint    ] Application time: 3.0652125 seconds
[2019-12-11T08:29:52.382+0000][1][safepoint    ] Entering safepoint region: Cleanup
[2019-12-11T08:29:52.382+0000][1][safepoint    ] Leaving safepoint region
[2019-12-11T08:29:52.382+0000][1][safepoint    ] Total time for which application threads were stopped: 0.0528547 seconds, Stopping threads took: 0.0527976 seconds
[2019-12-11T08:29:53.388+0000][1][safepoint    ] Application time: 1.0061622 seconds
[2019-12-11T08:29:53.388+0000][1][safepoint    ] Entering safepoint region: Cleanup
[2019-12-11T08:29:53.388+0000][1][safepoint    ] Leaving safepoint region
[2019-12-11T08:29:53.388+0000][1][safepoint    ] Total time for which application threads were stopped: 0.0000957 seconds, Stopping threads took: 0.0000543 seconds
[2019-12-11T08:29:54.394+0000][1][safepoint    ] Application time: 1.0065233 seconds
[2019-12-11T08:29:54.446+0000][1][safepoint    ] Entering safepoint region: Cleanup
[2019-12-11T08:29:54.446+0000][1][safepoint    ] Leaving safepoint region
[2019-12-11T08:29:54.446+0000][1][safepoint    ] Total time for which application threads were stopped: 0.0514332 seconds, Stopping threads took: 0.0513553 seconds
[2019-12-11T08:29:54.892+0000][1][safepoint    ] Application time: 0.4456431 seconds
[2019-12-11T08:29:54.892+0000][1][safepoint    ] Entering safepoint region: GenCollectForAllocation
[2019-12-11T08:29:54.892+0000][1][gc,start     ] GC(15) Pause Young (Allocation Failure)
[2019-12-11T08:29:54.892+0000][1][gc,task      ] GC(15) Using 2 workers of 2 for evacuation
[2019-12-11T08:29:55.507+0000][1][gc,age       ] GC(15) Desired survivor size 4456448 bytes, new threshold 1 (max threshold 6)
[2019-12-11T08:29:55.507+0000][1][gc,age       ] GC(15) Age table with threshold 1 (max threshold 6)
[2019-12-11T08:29:55.507+0000][1][gc,age       ] GC(15) - age   1:    7728144 bytes,    7728144 total
[2019-12-11T08:29:55.507+0000][1][gc,heap      ] GC(15) ParNew: 78656K->8704K(78656K)
[2019-12-11T08:29:55.507+0000][1][gc,heap      ] GC(15) CMS: 34701K->47380K(174784K)
[2019-12-11T08:29:55.507+0000][1][gc,metaspace ] GC(15) Metaspace: 29134K->29134K(1077248K)
[2019-12-11T08:29:55.507+0000][1][gc           ] GC(15) Pause Young (Allocation Failure) 110M->54M(247M) 615.336ms
[2019-12-11T08:29:55.507+0000][1][gc,cpu       ] GC(15) User=0.16s Sys=0.00s Real=0.62s
[2019-12-11T08:29:55.507+0000][1][safepoint    ] Leaving safepoint region
[2019-12-11T08:29:55.507+0000][1][safepoint    ] Total time for which application threads were stopped: 0.6154911 seconds, Stopping threads took: 0.0000130 seconds
[2019-12-11T08:29:56.270+0000][1][safepoint    ] Application time: 0.7632006 seconds
[2019-12-11T08:29:56.270+0000][1][safepoint    ] Entering safepoint region: RevokeBias
[2019-12-11T08:29:56.270+0000][1][safepoint    ] Leaving safepoint region
[2019-12-11T08:29:56.270+0000][1][safepoint    ] Total time for which application threads were stopped: 0.0000904 seconds, Stopping threads took: 0.0000139 seconds
[2019-12-11T08:29:56.577+0000][1][safepoint    ] Application time: 0.3061924 seconds
[2019-12-11T08:29:56.577+0000][1][safepoint    ] Entering safepoint region: RevokeBias
[2019-12-11T08:29:56.577+0000][1][safepoint    ] Leaving safepoint region
[2019-12-11T08:29:56.577+0000][1][safepoint    ] Total time for which application threads were stopped: 0.0001081 seconds, Stopping threads took: 0.0000306 seconds
[2019-12-11T08:29:56.680+0000][1][safepoint    ] Application time: 0.1033462 seconds
[2019-12-11T08:29:56.680+0000][1][safepoint    ] Entering safepoint region: RevokeBias
[2019-12-11T08:29:56.680+0000][1][safepoint    ] Leaving safepoint region
[2019-12-11T08:29:56.680+0000][1][safepoint    ] Total time for which application threads were stopped: 0.0000779 seconds, Stopping threads took: 0.0000119 seconds
[2019-12-11T08:29:56.742+0000][1][safepoint    ] Application time: 0.0618572 seconds
[2019-12-11T08:29:56.742+0000][1][safepoint    ] Entering safepoint region: RevokeBias
[2019-12-11T08:29:56.742+0000][1][safepoint    ] Leaving safepoint region
[2019-12-11T08:29:56.742+0000][1][safepoint    ] Total time for which application threads were stopped: 0.0001270 seconds, Stopping threads took: 0.0000130 seconds
[2019-12-11T08:29:57.483+0000][1][safepoint    ] Application time: 0.7410756 seconds
[2019-12-11T08:29:57.483+0000][1][safepoint    ] Entering safepoint region: GenCollectForAllocation
[2019-12-11T08:29:57.483+0000][1][gc,start     ] GC(16) Pause Young (Allocation Failure)
[2019-12-11T08:29:57.484+0000][1][gc,task      ] GC(16) Using 2 workers of 2 for evacuation
[2019-12-11T08:29:57.531+0000][1][gc,age       ] GC(16) Desired survivor size 4456448 bytes, new threshold 6 (max threshold 6)
[2019-12-11T08:29:57.531+0000][1][gc,age       ] GC(16) Age table with threshold 6 (max threshold 6)
[2019-12-11T08:29:57.531+0000][1][gc,age       ] GC(16) - age   1:    1313304 bytes,    1313304 total
[2019-12-11T08:29:57.531+0000][1][gc,heap      ] GC(16) ParNew: 78656K->7746K(78656K)
[2019-12-11T08:29:57.531+0000][1][gc,heap      ] GC(16) CMS: 47380K->54955K(174784K)
[2019-12-11T08:29:57.531+0000][1][gc,metaspace ] GC(16) Metaspace: 33056K->33056K(1079296K)
[2019-12-11T08:29:57.531+0000][1][gc           ] GC(16) Pause Young (Allocation Failure) 123M->61M(247M) 47.503ms
[2019-12-11T08:29:57.531+0000][1][gc,cpu       ] GC(16) User=0.05s Sys=0.00s Real=0.05s
[2019-12-11T08:29:57.531+0000][1][safepoint    ] Leaving safepoint region
[2019-12-11T08:29:57.531+0000][1][safepoint    ] Total time for which application threads were stopped: 0.0476497 seconds, Stopping threads took: 0.0000136 seconds
[2019-12-11T08:29:58.533+0000][1][safepoint    ] Application time: 1.0016542 seconds
[2019-12-11T08:29:58.572+0000][1][safepoint    ] Entering safepoint region: Cleanup
[2019-12-11T08:29:58.572+0000][1][safepoint    ] Leaving safepoint region
[2019-12-11T08:29:58.572+0000][1][safepoint    ] Total time for which application threads were stopped: 0.0396442 seconds, Stopping threads took: 0.0395843 seconds
[2019-12-11T08:29:59.585+0000][1][safepoint    ] Application time: 1.0122924 seconds
[2019-12-11T08:29:59.588+0000][1][safepoint    ] Entering safepoint region: Cleanup
[2019-12-11T08:29:59.588+0000][1][safepoint    ] Leaving safepoint region
[2019-12-11T08:29:59.588+0000][1][safepoint    ] Total time for which application threads were stopped: 0.0031004 seconds, Stopping threads took: 0.0030524 seconds
[2019-12-11T08:29:59.967+0000][1][safepoint    ] Application time: 0.3787778 seconds
[2019-12-11T08:29:59.967+0000][1][safepoint    ] Entering safepoint region: CollectForMetadataAllocation
[2019-12-11T08:29:59.967+0000][1][safepoint    ] Leaving safepoint region
[2019-12-11T08:29:59.967+0000][1][safepoint    ] Total time for which application threads were stopped: 0.0001825 seconds, Stopping threads took: 0.0000131 seconds
[2019-12-11T08:30:00.330+0000][1][safepoint    ] Application time: 0.3630377 seconds
[2019-12-11T08:30:00.330+0000][1][safepoint    ] Entering safepoint region: CollectForMetadataAllocation
[2019-12-11T08:30:00.330+0000][1][safepoint    ] Leaving safepoint region
[2019-12-11T08:30:00.330+0000][1][safepoint    ] Total time for which application threads were stopped: 0.0002594 seconds, Stopping threads took: 0.0000138 seconds
[2019-12-11T08:30:00.451+0000][1][safepoint    ] Application time: 0.1205819 seconds
[2019-12-11T08:30:00.451+0000][1][safepoint    ] Entering safepoint region: CollectForMetadataAllocation
[2019-12-11T08:30:00.451+0000][1][safepoint    ] Leaving safepoint region
[2019-12-11T08:30:00.451+0000][1][safepoint    ] Total time for which application threads were stopped: 0.0002387 seconds, Stopping threads took: 0.0000240 seconds
[2019-12-11T08:30:00.479+0000][1][safepoint    ] Application time: 0.0281214 seconds
[2019-12-11T08:30:00.479+0000][1][safepoint    ] Entering safepoint region: GenCollectForAllocation
[2019-12-11T08:30:00.479+0000][1][gc,start     ] GC(17) Pause Young (Allocation Failure)
[2019-12-11T08:30:00.479+0000][1][gc,task      ] GC(17) Using 2 workers of 2 for evacuation
[2019-12-11T08:30:00.556+0000][1][gc,age       ] GC(17) Desired survivor size 4456448 bytes, new threshold 6 (max threshold 6)
[2019-12-11T08:30:00.556+0000][1][gc,age       ] GC(17) Age table with threshold 6 (max threshold 6)
[2019-12-11T08:30:00.556+0000][1][gc,age       ] GC(17) - age   1:    1878152 bytes,    1878152 total
[2019-12-11T08:30:00.556+0000][1][gc,age       ] GC(17) - age   2:    1246104 bytes,    3124256 total
[2019-12-11T08:30:00.556+0000][1][gc,heap      ] GC(17) ParNew: 77698K->4354K(78656K)
[2019-12-11T08:30:00.556+0000][1][gc,heap      ] GC(17) CMS: 54955K->54955K(174784K)
[2019-12-11T08:30:00.556+0000][1][gc,metaspace ] GC(17) Metaspace: 34876K->34876K(1081344K)
[2019-12-11T08:30:00.556+0000][1][gc           ] GC(17) Pause Young (Allocation Failure) 129M->57M(247M) 76.883ms
[2019-12-11T08:30:00.556+0000][1][gc,cpu       ] GC(17) User=0.02s Sys=0.00s Real=0.08s
[2019-12-11T08:30:00.556+0000][1][safepoint    ] Leaving safepoint region
[2019-12-11T08:30:00.556+0000][1][safepoint    ] Total time for which application threads were stopped: 0.0770441 seconds, Stopping threads took: 0.0000526 seconds
[2019-12-11T08:30:00.561+0000][1][safepoint    ] Application time: 0.0047822 seconds
[2019-12-11T08:30:00.561+0000][1][safepoint    ] Entering safepoint region: CMS_Initial_Mark
[2019-12-11T08:30:00.561+0000][1][gc,start     ] GC(18) Pause Initial Mark
[2019-12-11T08:30:00.566+0000][1][gc           ] GC(18) Pause Initial Mark 59M->59M(247M) 4.496ms
[2019-12-11T08:30:00.566+0000][1][gc,cpu       ] GC(18) User=0.00s Sys=0.01s Real=0.01s
[2019-12-11T08:30:00.566+0000][1][safepoint    ] Leaving safepoint region
[2019-12-11T08:30:00.566+0000][1][safepoint    ] Total time for which application threads were stopped: 0.0047147 seconds, Stopping threads took: 0.0001106 seconds
[2019-12-11T08:30:00.566+0000][1][gc           ] GC(18) Concurrent Mark
[2019-12-11T08:30:00.696+0000][1][safepoint    ] Application time: 0.1299836 seconds
[2019-12-11T08:30:00.696+0000][1][safepoint    ] Entering safepoint region: CollectForMetadataAllocation
[2019-12-11T08:30:00.696+0000][1][safepoint    ] Leaving safepoint region
[2019-12-11T08:30:00.696+0000][1][safepoint    ] Total time for which application threads were stopped: 0.0002204 seconds, Stopping threads took: 0.0000126 seconds
[2019-12-11T08:30:00.942+0000][1][safepoint    ] Application time: 0.2457065 seconds
[2019-12-11T08:30:00.942+0000][1][safepoint    ] Entering safepoint region: CollectForMetadataAllocation
[2019-12-11T08:30:00.942+0000][1][safepoint    ] Leaving safepoint region
[2019-12-11T08:30:00.942+0000][1][safepoint    ] Total time for which application threads were stopped: 0.0002453 seconds, Stopping threads took: 0.0000154 seconds
[2019-12-11T08:30:01.208+0000][1][safepoint    ] Application time: 0.2657014 seconds
[2019-12-11T08:30:01.208+0000][1][safepoint    ] Entering safepoint region: CollectForMetadataAllocation
[2019-12-11T08:30:01.208+0000][1][safepoint    ] Leaving safepoint region
[2019-12-11T08:30:01.208+0000][1][safepoint    ] Total time for which application threads were stopped: 0.0002412 seconds, Stopping threads took: 0.0000148 seconds
[2019-12-11T08:30:01.423+0000][1][gc           ] GC(18) Concurrent Mark 856.855ms
[2019-12-11T08:30:01.423+0000][1][gc,cpu       ] GC(18) User=0.24s Sys=0.00s Real=0.85s
[2019-12-11T08:30:01.423+0000][1][safepoint    ] Application time: 0.2147364 seconds
[2019-12-11T08:30:01.423+0000][1][safepoint    ] Entering safepoint region: CollectForMetadataAllocation
[2019-12-11T08:30:01.423+0000][1][safepoint    ] Leaving safepoint region
[2019-12-11T08:30:01.423+0000][1][safepoint    ] Total time for which application threads were stopped: 0.0002451 seconds, Stopping threads took: 0.0000138 seconds
[2019-12-11T08:30:01.423+0000][1][gc           ] GC(18) Concurrent Preclean
[2019-12-11T08:30:01.424+0000][1][gc           ] GC(18) Concurrent Preclean 1.265ms
[2019-12-11T08:30:01.424+0000][1][gc,cpu       ] GC(18) User=0.00s Sys=0.00s Real=0.00s
[2019-12-11T08:30:01.424+0000][1][gc           ] GC(18) Concurrent Abortable Preclean
[2019-12-11T08:30:01.842+0000][1][safepoint    ] Application time: 0.4186801 seconds
[2019-12-11T08:30:01.842+0000][1][safepoint    ] Entering safepoint region: CollectForMetadataAllocation
[2019-12-11T08:30:01.842+0000][1][safepoint    ] Leaving safepoint region
[2019-12-11T08:30:01.842+0000][1][safepoint    ] Total time for which application threads were stopped: 0.0001542 seconds, Stopping threads took: 0.0000153 seconds
[2019-12-11T08:30:02.194+0000][1][safepoint    ] Application time: 0.3524104 seconds
[2019-12-11T08:30:02.194+0000][1][safepoint    ] Entering safepoint region: CollectForMetadataAllocation
[2019-12-11T08:30:02.195+0000][1][safepoint    ] Leaving safepoint region
[2019-12-11T08:30:02.195+0000][1][safepoint    ] Total time for which application threads were stopped: 0.0002188 seconds, Stopping threads took: 0.0000135 seconds
[2019-12-11T08:30:02.309+0000][1][safepoint    ] Application time: 0.1146644 seconds
[2019-12-11T08:30:02.309+0000][1][safepoint    ] Entering safepoint region: RevokeBias
[2019-12-11T08:30:02.309+0000][1][safepoint    ] Leaving safepoint region
[2019-12-11T08:30:02.309+0000][1][safepoint    ] Total time for which application threads were stopped: 0.0001423 seconds, Stopping threads took: 0.0000131 seconds
[2019-12-11T08:30:02.432+0000][1][safepoint    ] Application time: 0.1223004 seconds
[2019-12-11T08:30:02.432+0000][1][safepoint    ] Entering safepoint region: CollectForMetadataAllocation
[2019-12-11T08:30:02.432+0000][1][safepoint    ] Leaving safepoint region
[2019-12-11T08:30:02.432+0000][1][safepoint    ] Total time for which application threads were stopped: 0.0002654 seconds, Stopping threads took: 0.0000158 seconds
[2019-12-11T08:30:02.649+0000][1][safepoint    ] Application time: 0.2172217 seconds
[2019-12-11T08:30:02.649+0000][1][safepoint    ] Entering safepoint region: CollectForMetadataAllocation
[2019-12-11T08:30:02.649+0000][1][safepoint    ] Leaving safepoint region
[2019-12-11T08:30:02.649+0000][1][safepoint    ] Total time for which application threads were stopped: 0.0001732 seconds, Stopping threads took: 0.0000121 seconds
[2019-12-11T08:30:02.962+0000][1][safepoint    ] Application time: 0.3122535 seconds
[2019-12-11T08:30:02.962+0000][1][safepoint    ] Entering safepoint region: CollectForMetadataAllocation
[2019-12-11T08:30:02.962+0000][1][safepoint    ] Leaving safepoint region
[2019-12-11T08:30:02.962+0000][1][safepoint    ] Total time for which application threads were stopped: 0.0002603 seconds, Stopping threads took: 0.0000164 seconds
[2019-12-11T08:30:03.252+0000][1][safepoint    ] Application time: 0.2896818 seconds
[2019-12-11T08:30:03.252+0000][1][safepoint    ] Entering safepoint region: CollectForMetadataAllocation
[2019-12-11T08:30:03.252+0000][1][safepoint    ] Leaving safepoint region
[2019-12-11T08:30:03.252+0000][1][safepoint    ] Total time for which application threads were stopped: 0.0002589 seconds, Stopping threads took: 0.0000158 seconds
[2019-12-11T08:30:03.456+0000][1][safepoint    ] Application time: 0.2035846 seconds
[2019-12-11T08:30:03.456+0000][1][safepoint    ] Entering safepoint region: CollectForMetadataAllocation
[2019-12-11T08:30:03.456+0000][1][safepoint    ] Leaving safepoint region
[2019-12-11T08:30:03.456+0000][1][safepoint    ] Total time for which application threads were stopped: 0.0002684 seconds, Stopping threads took: 0.0000328 seconds
[2019-12-11T08:30:03.812+0000][1][safepoint    ] Application time: 0.3560488 seconds
[2019-12-11T08:30:03.812+0000][1][safepoint    ] Entering safepoint region: CollectForMetadataAllocation
[2019-12-11T08:30:03.812+0000][1][safepoint    ] Leaving safepoint region
[2019-12-11T08:30:03.812+0000][1][safepoint    ] Total time for which application threads were stopped: 0.0002496 seconds, Stopping threads took: 0.0000144 seconds
[2019-12-11T08:30:04.125+0000][1][safepoint    ] Application time: 0.3124238 seconds
[2019-12-11T08:30:04.125+0000][1][safepoint    ] Entering safepoint region: CollectForMetadataAllocation
[2019-12-11T08:30:04.125+0000][1][safepoint    ] Leaving safepoint region
[2019-12-11T08:30:04.125+0000][1][safepoint    ] Total time for which application threads were stopped: 0.0002247 seconds, Stopping threads took: 0.0000122 seconds
[2019-12-11T08:30:04.358+0000][1][safepoint    ] Application time: 0.2327283 seconds
[2019-12-11T08:30:04.358+0000][1][safepoint    ] Entering safepoint region: CollectForMetadataAllocation
[2019-12-11T08:30:04.358+0000][1][safepoint    ] Leaving safepoint region
[2019-12-11T08:30:04.358+0000][1][safepoint    ] Total time for which application threads were stopped: 0.0002435 seconds, Stopping threads took: 0.0000133 seconds
[2019-12-11T08:30:04.802+0000][1][safepoint    ] Application time: 0.4436913 seconds
[2019-12-11T08:30:04.802+0000][1][safepoint    ] Entering safepoint region: CollectForMetadataAllocation
[2019-12-11T08:30:04.802+0000][1][safepoint    ] Leaving safepoint region
[2019-12-11T08:30:04.802+0000][1][safepoint    ] Total time for which application threads were stopped: 0.0002345 seconds, Stopping threads took: 0.0000241 seconds
[2019-12-11T08:30:04.982+0000][1][safepoint    ] Application time: 0.1802458 seconds
[2019-12-11T08:30:04.982+0000][1][safepoint    ] Entering safepoint region: CollectForMetadataAllocation
[2019-12-11T08:30:04.983+0000][1][safepoint    ] Leaving safepoint region
[2019-12-11T08:30:04.983+0000][1][safepoint    ] Total time for which application threads were stopped: 0.0002584 seconds, Stopping threads took: 0.0000156 seconds
[2019-12-11T08:30:05.464+0000][1][safepoint    ] Application time: 0.4812337 seconds
[2019-12-11T08:30:05.464+0000][1][safepoint    ] Entering safepoint region: CollectForMetadataAllocation
[2019-12-11T08:30:05.464+0000][1][safepoint    ] Leaving safepoint region
[2019-12-11T08:30:05.464+0000][1][safepoint    ] Total time for which application threads were stopped: 0.0002409 seconds, Stopping threads took: 0.0000216 seconds
[2019-12-11T08:30:05.821+0000][1][safepoint    ] Application time: 0.3567096 seconds
[2019-12-11T08:30:05.854+0000][1][safepoint    ] Entering safepoint region: CollectForMetadataAllocation
[2019-12-11T08:30:05.854+0000][1][safepoint    ] Leaving safepoint region
[2019-12-11T08:30:05.854+0000][1][safepoint    ] Total time for which application threads were stopped: 0.0331947 seconds, Stopping threads took: 0.0329347 seconds
[2019-12-11T08:30:06.266+0000][1][safepoint    ] Application time: 0.4117266 seconds
[2019-12-11T08:30:06.266+0000][1][safepoint    ] Entering safepoint region: CollectForMetadataAllocation
[2019-12-11T08:30:06.267+0000][1][safepoint    ] Leaving safepoint region
[2019-12-11T08:30:06.267+0000][1][safepoint    ] Total time for which application threads were stopped: 0.0013261 seconds, Stopping threads took: 0.0000154 seconds
[2019-12-11T08:30:06.459+0000][1][gc           ] GC(18) Concurrent Abortable Preclean 5034.486ms
[2019-12-11T08:30:06.459+0000][1][gc,cpu       ] GC(18) User=1.42s Sys=0.01s Real=5.04s
[2019-12-11T08:30:06.459+0000][1][safepoint    ] Application time: 0.1918541 seconds
[2019-12-11T08:30:06.459+0000][1][safepoint    ] Entering safepoint region: CMS_Final_Remark
[2019-12-11T08:30:06.459+0000][1][gc,start     ] GC(18) Pause Remark
[2019-12-11T08:30:06.645+0000][1][gc           ] GC(18) Pause Remark 83M->83M(247M) 185.995ms
[2019-12-11T08:30:06.645+0000][1][gc,cpu       ] GC(18) User=0.03s Sys=0.00s Real=0.19s
[2019-12-11T08:30:06.645+0000][1][safepoint    ] Leaving safepoint region
[2019-12-11T08:30:06.645+0000][1][safepoint    ] Total time for which application threads were stopped: 0.1862889 seconds, Stopping threads took: 0.0001722 seconds
[2019-12-11T08:30:06.649+0000][1][gc           ] GC(18) Concurrent Sweep
[2019-12-11T08:30:06.877+0000][1][safepoint    ] Application time: 0.2319233 seconds
[2019-12-11T08:30:06.877+0000][1][safepoint    ] Entering safepoint region: CollectForMetadataAllocation
[2019-12-11T08:30:06.878+0000][1][safepoint    ] Leaving safepoint region
[2019-12-11T08:30:06.878+0000][1][safepoint    ] Total time for which application threads were stopped: 0.0008103 seconds, Stopping threads took: 0.0000145 seconds
[2019-12-11T08:30:06.952+0000][1][safepoint    ] Application time: 0.0736273 seconds
[2019-12-11T08:30:06.952+0000][1][safepoint    ] Entering safepoint region: CollectForMetadataAllocation
[2019-12-11T08:30:06.952+0000][1][safepoint    ] Leaving safepoint region
[2019-12-11T08:30:06.952+0000][1][safepoint    ] Total time for which application threads were stopped: 0.0002396 seconds, Stopping threads took: 0.0000136 seconds
[2019-12-11T08:30:07.002+0000][1][gc           ] GC(18) Concurrent Sweep 352.942ms
[2019-12-11T08:30:07.002+0000][1][gc,cpu       ] GC(18) User=0.12s Sys=0.00s Real=0.35s
[2019-12-11T08:30:07.002+0000][1][gc           ] GC(18) Concurrent Reset
[2019-12-11T08:30:07.002+0000][1][gc           ] GC(18) Concurrent Reset 0.320ms
[2019-12-11T08:30:07.002+0000][1][gc,cpu       ] GC(18) User=0.00s Sys=0.00s Real=0.00s
[2019-12-11T08:30:07.002+0000][1][gc,heap      ] GC(18) Old: 54955K->54766K(174784K)
[2019-12-11T08:30:07.689+0000][1][safepoint    ] Application time: 0.7371516 seconds
[2019-12-11T08:30:07.689+0000][1][safepoint    ] Entering safepoint region: RevokeBias
[2019-12-11T08:30:07.690+0000][1][safepoint    ] Leaving safepoint region
[2019-12-11T08:30:07.690+0000][1][safepoint    ] Total time for which application threads were stopped: 0.0003872 seconds, Stopping threads took: 0.0003020 seconds
[2019-12-11T08:30:07.690+0000][1][safepoint    ] Application time: 0.0001990 seconds
[2019-12-11T08:30:07.690+0000][1][safepoint    ] Entering safepoint region: RevokeBias
[2019-12-11T08:30:07.690+0000][1][safepoint    ] Leaving safepoint region
[2019-12-11T08:30:07.690+0000][1][safepoint    ] Total time for which application threads were stopped: 0.0000672 seconds, Stopping threads took: 0.0000106 seconds
[2019-12-11T08:30:08.691+0000][1][safepoint    ] Application time: 1.0008490 seconds
[2019-12-11T08:30:08.743+0000][1][safepoint    ] Entering safepoint region: Cleanup
[2019-12-11T08:30:08.743+0000][1][safepoint    ] Leaving safepoint region
[2019-12-11T08:30:08.743+0000][1][safepoint    ] Total time for which application threads were stopped: 0.0523867 seconds, Stopping threads took: 0.0523325 seconds
[2019-12-11T08:30:10.543+0000][1][safepoint    ] Application time: 1.7993695 seconds
[2019-12-11T08:30:10.543+0000][1][safepoint    ] Entering safepoint region: Cleanup
[2019-12-11T08:30:10.543+0000][1][safepoint    ] Leaving safepoint region
[2019-12-11T08:30:10.543+0000][1][safepoint    ] Total time for which application threads were stopped: 0.0000391 seconds, Stopping threads took: 0.0000117 seconds
[2019-12-11T08:30:11.462+0000][1][safepoint    ] Application time: 0.9191103 seconds
[2019-12-11T08:30:11.529+0000][1][safepoint    ] Entering safepoint region: RevokeBias
[2019-12-11T08:30:11.529+0000][1][safepoint    ] Leaving safepoint region
[2019-12-11T08:30:11.529+0000][1][safepoint    ] Total time for which application threads were stopped: 0.0671719 seconds, Stopping threads took: 0.0670413 seconds
[2019-12-11T08:30:12.531+0000][1][safepoint    ] Application time: 1.0018342 seconds
[2019-12-11T08:30:12.572+0000][1][safepoint    ] Entering safepoint region: Cleanup
[2019-12-11T08:30:12.572+0000][1][safepoint    ] Leaving safepoint region
[2019-12-11T08:30:12.572+0000][1][safepoint    ] Total time for which application threads were stopped: 0.0412035 seconds, Stopping threads took: 0.0411574 seconds
[2019-12-11T08:30:12.683+0000][1][safepoint    ] Application time: 0.1109952 seconds
[2019-12-11T08:30:12.683+0000][1][safepoint    ] Entering safepoint region: RevokeBias
[2019-12-11T08:30:12.683+0000][1][safepoint    ] Leaving safepoint region
[2019-12-11T08:30:12.683+0000][1][safepoint    ] Total time for which application threads were stopped: 0.0001231 seconds, Stopping threads took: 0.0000136 seconds
[2019-12-11T08:30:12.683+0000][1][safepoint    ] Application time: 0.0001208 seconds
[2019-12-11T08:30:12.683+0000][1][safepoint    ] Entering safepoint region: RevokeBias
[2019-12-11T08:30:12.683+0000][1][safepoint    ] Leaving safepoint region
[2019-12-11T08:30:12.683+0000][1][safepoint    ] Total time for which application threads were stopped: 0.0000661 seconds, Stopping threads took: 0.0000081 seconds
[2019-12-11T08:30:12.683+0000][1][safepoint    ] Application time: 0.0000591 seconds
[2019-12-11T08:30:12.683+0000][1][safepoint    ] Entering safepoint region: RevokeBias
[2019-12-11T08:30:12.683+0000][1][safepoint    ] Leaving safepoint region
[2019-12-11T08:30:12.683+0000][1][safepoint    ] Total time for which application threads were stopped: 0.0000517 seconds, Stopping threads took: 0.0000072 seconds
[2019-12-11T08:30:12.684+0000][1][safepoint    ] Application time: 0.0001070 seconds
[2019-12-11T08:30:12.684+0000][1][safepoint    ] Entering safepoint region: RevokeBias
[2019-12-11T08:30:12.684+0000][1][safepoint    ] Leaving safepoint region
[2019-12-11T08:30:12.684+0000][1][safepoint    ] Total time for which application threads were stopped: 0.0000591 seconds, Stopping threads took: 0.0000089 seconds
[2019-12-11T08:30:12.684+0000][1][safepoint    ] Application time: 0.0001567 seconds
[2019-12-11T08:30:12.684+0000][1][safepoint    ] Entering safepoint region: RevokeBias
[2019-12-11T08:30:12.684+0000][1][safepoint    ] Leaving safepoint region
[2019-12-11T08:30:12.684+0000][1][safepoint    ] Total time for which application threads were stopped: 0.0000705 seconds, Stopping threads took: 0.0000101 seconds
[2019-12-11T08:30:12.684+0000][1][safepoint    ] Application time: 0.0001662 seconds
[2019-12-11T08:30:12.684+0000][1][safepoint    ] Entering safepoint region: RevokeBias
[2019-12-11T08:30:12.684+0000][1][safepoint    ] Leaving safepoint region
[2019-12-11T08:30:12.684+0000][1][safepoint    ] Total time for which application threads were stopped: 0.0000765 seconds, Stopping threads took: 0.0000100 seconds
[2019-12-11T08:30:12.684+0000][1][safepoint    ] Application time: 0.0000895 seconds
[2019-12-11T08:30:12.684+0000][1][safepoint    ] Entering safepoint region: RevokeBias
[2019-12-11T08:30:12.684+0000][1][safepoint    ] Leaving safepoint region
[2019-12-11T08:30:12.684+0000][1][safepoint    ] Total time for which application threads were stopped: 0.0000624 seconds, Stopping threads took: 0.0000087 seconds
[2019-12-11T08:30:12.684+0000][1][safepoint    ] Application time: 0.0000550 seconds
[2019-12-11T08:30:12.684+0000][1][safepoint    ] Entering safepoint region: RevokeBias
[2019-12-11T08:30:12.684+0000][1][safepoint    ] Leaving safepoint region
[2019-12-11T08:30:12.685+0000][1][safepoint    ] Total time for which application threads were stopped: 0.0000533 seconds, Stopping threads took: 0.0000081 seconds
[2019-12-11T08:30:12.685+0000][1][safepoint    ] Application time: 0.0000895 seconds
[2019-12-11T08:30:12.685+0000][1][safepoint    ] Entering safepoint region: RevokeBias
[2019-12-11T08:30:12.685+0000][1][safepoint    ] Leaving safepoint region
[2019-12-11T08:30:12.685+0000][1][safepoint    ] Total time for which application threads were stopped: 0.0000587 seconds, Stopping threads took: 0.0000086 seconds
[2019-12-11T08:30:12.685+0000][1][safepoint    ] Application time: 0.0000762 seconds
[2019-12-11T08:30:12.685+0000][1][safepoint    ] Entering safepoint region: RevokeBias
[2019-12-11T08:30:12.685+0000][1][safepoint    ] Leaving safepoint region
[2019-12-11T08:30:12.685+0000][1][safepoint    ] Total time for which application threads were stopped: 0.0000589 seconds, Stopping threads took: 0.0000090 seconds
[2019-12-11T08:30:12.685+0000][1][safepoint    ] Application time: 0.0004594 seconds
[2019-12-11T08:30:12.685+0000][1][safepoint    ] Entering safepoint region: RevokeBias
[2019-12-11T08:30:12.685+0000][1][safepoint    ] Leaving safepoint region
[2019-12-11T08:30:12.685+0000][1][safepoint    ] Total time for which application threads were stopped: 0.0000656 seconds, Stopping threads took: 0.0000100 seconds
[2019-12-11T08:30:12.686+0000][1][safepoint    ] Application time: 0.0004448 seconds
[2019-12-11T08:30:12.686+0000][1][safepoint    ] Entering safepoint region: RevokeBias
[2019-12-11T08:30:12.686+0000][1][safepoint    ] Leaving safepoint region
[2019-12-11T08:30:12.686+0000][1][safepoint    ] Total time for which application threads were stopped: 0.0000699 seconds, Stopping threads took: 0.0000104 seconds
[2019-12-11T08:30:12.686+0000][1][safepoint    ] Application time: 0.0005458 seconds
[2019-12-11T08:30:12.686+0000][1][safepoint    ] Entering safepoint region: RevokeBias
[2019-12-11T08:30:12.687+0000][1][safepoint    ] Leaving safepoint region
[2019-12-11T08:30:12.687+0000][1][safepoint    ] Total time for which application threads were stopped: 0.0000658 seconds, Stopping threads took: 0.0000103 seconds
[2019-12-11T08:30:13.694+0000][1][safepoint    ] Application time: 1.0071497 seconds
[2019-12-11T08:30:13.733+0000][1][safepoint    ] Entering safepoint region: Cleanup
[2019-12-11T08:30:13.733+0000][1][safepoint    ] Leaving safepoint region
[2019-12-11T08:30:13.733+0000][1][safepoint    ] Total time for which application threads were stopped: 0.0392572 seconds, Stopping threads took: 0.0391825 seconds
[2019-12-11T08:30:14.679+0000][1][safepoint    ] Application time: 0.9457729 seconds
[2019-12-11T08:30:14.679+0000][1][safepoint    ] Entering safepoint region: GenCollectForAllocation
[2019-12-11T08:30:14.679+0000][1][gc,start     ] GC(19) Pause Young (Allocation Failure)
[2019-12-11T08:30:14.679+0000][1][gc,task      ] GC(19) Using 2 workers of 2 for evacuation
[2019-12-11T08:30:14.827+0000][1][gc,age       ] GC(19) Desired survivor size 4456448 bytes, new threshold 3 (max threshold 6)
[2019-12-11T08:30:14.827+0000][1][gc,age       ] GC(19) Age table with threshold 3 (max threshold 6)
[2019-12-11T08:30:14.827+0000][1][gc,age       ] GC(19) - age   1:    2569776 bytes,    2569776 total
[2019-12-11T08:30:14.827+0000][1][gc,age       ] GC(19) - age   2:    1854040 bytes,    4423816 total
[2019-12-11T08:30:14.827+0000][1][gc,age       ] GC(19) - age   3:    1243864 bytes,    5667680 total
[2019-12-11T08:30:14.827+0000][1][gc,heap      ] GC(19) ParNew: 74306K->7081K(78656K)
[2019-12-11T08:30:14.827+0000][1][gc,heap      ] GC(19) CMS: 54766K->54766K(174784K)
[2019-12-11T08:30:14.827+0000][1][gc,metaspace ] GC(19) Metaspace: 43032K->43032K(1089536K)
[2019-12-11T08:30:14.827+0000][1][gc           ] GC(19) Pause Young (Allocation Failure) 126M->60M(247M) 148.539ms
[2019-12-11T08:30:14.828+0000][1][gc,cpu       ] GC(19) User=0.03s Sys=0.00s Real=0.15s
[2019-12-11T08:30:14.828+0000][1][safepoint    ] Leaving safepoint region
[2019-12-11T08:30:14.828+0000][1][safepoint    ] Total time for which application threads were stopped: 0.1487018 seconds, Stopping threads took: 0.0000141 seconds
[2019-12-11T08:30:14.957+0000][1][safepoint    ] Application time: 0.1294813 seconds
[2019-12-11T08:30:14.957+0000][1][safepoint    ] Entering safepoint region: RevokeBias
[2019-12-11T08:30:14.957+0000][1][safepoint    ] Leaving safepoint region
[2019-12-11T08:30:14.957+0000][1][safepoint    ] Total time for which application threads were stopped: 0.0000697 seconds, Stopping threads took: 0.0000133 seconds
[2019-12-11T08:30:14.957+0000][1][safepoint    ] Application time: 0.0000714 seconds
[2019-12-11T08:30:14.957+0000][1][safepoint    ] Entering safepoint region: RevokeBias
[2019-12-11T08:30:14.957+0000][1][safepoint    ] Leaving safepoint region
[2019-12-11T08:30:14.957+0000][1][safepoint    ] Total time for which application threads were stopped: 0.0000230 seconds, Stopping threads took: 0.0000070 seconds
[2019-12-11T08:30:14.957+0000][1][safepoint    ] Application time: 0.0000531 seconds
[2019-12-11T08:30:14.957+0000][1][safepoint    ] Entering safepoint region: RevokeBias
[2019-12-11T08:30:14.957+0000][1][safepoint    ] Leaving safepoint region
[2019-12-11T08:30:14.957+0000][1][safepoint    ] Total time for which application threads were stopped: 0.0000353 seconds, Stopping threads took: 0.0000074 seconds
[2019-12-11T08:30:15.961+0000][1][safepoint    ] Application time: 1.0033358 seconds
[2019-12-11T08:30:15.972+0000][1][safepoint    ] Entering safepoint region: Cleanup
[2019-12-11T08:30:15.972+0000][1][safepoint    ] Leaving safepoint region
[2019-12-11T08:30:15.972+0000][1][safepoint    ] Total time for which application threads were stopped: 0.0110896 seconds, Stopping threads took: 0.0110298 seconds
[2019-12-11T08:30:16.588+0000][1][safepoint    ] Application time: 0.6162997 seconds
[2019-12-11T08:30:16.588+0000][1][safepoint    ] Entering safepoint region: RevokeBias
[2019-12-11T08:30:16.588+0000][1][safepoint    ] Leaving safepoint region
[2019-12-11T08:30:16.588+0000][1][safepoint    ] Total time for which application threads were stopped: 0.0001283 seconds, Stopping threads took: 0.0000128 seconds
[2019-12-11T08:30:16.642+0000][1][safepoint    ] Application time: 0.0537569 seconds
[2019-12-11T08:30:16.642+0000][1][safepoint    ] Entering safepoint region: RevokeBias
[2019-12-11T08:30:16.642+0000][1][safepoint    ] Leaving safepoint region
[2019-12-11T08:30:16.642+0000][1][safepoint    ] Total time for which application threads were stopped: 0.0001151 seconds, Stopping threads took: 0.0000146 seconds
[2019-12-11T08:30:17.651+0000][1][safepoint    ] Application time: 1.0084724 seconds
[2019-12-11T08:30:17.655+0000][1][safepoint    ] Entering safepoint region: Cleanup
[2019-12-11T08:30:17.655+0000][1][safepoint    ] Leaving safepoint region
[2019-12-11T08:30:17.655+0000][1][safepoint    ] Total time for which application threads were stopped: 0.0042270 seconds, Stopping threads took: 0.0041741 seconds
[2019-12-11T08:30:18.666+0000][1][safepoint    ] Application time: 1.0107197 seconds
[2019-12-11T08:30:18.678+0000][1][safepoint    ] Entering safepoint region: Cleanup
[2019-12-11T08:30:18.678+0000][1][safepoint    ] Leaving safepoint region
[2019-12-11T08:30:18.678+0000][1][safepoint    ] Total time for which application threads were stopped: 0.0125258 seconds, Stopping threads took: 0.0120731 seconds
[2019-12-11T08:30:19.028+0000][1][safepoint    ] Application time: 0.3495672 seconds
[2019-12-11T08:30:19.028+0000][1][safepoint    ] Entering safepoint region: RevokeBias
[2019-12-11T08:30:19.029+0000][1][safepoint    ] Leaving safepoint region
[2019-12-11T08:30:19.029+0000][1][safepoint    ] Total time for which application threads were stopped: 0.0006380 seconds, Stopping threads took: 0.0005201 seconds
[2019-12-11T08:30:19.029+0000][1][safepoint    ] Application time: 0.0000917 seconds
[2019-12-11T08:30:19.029+0000][1][safepoint    ] Entering safepoint region: RevokeBias
[2019-12-11T08:30:19.029+0000][1][safepoint    ] Leaving safepoint region
[2019-12-11T08:30:19.029+0000][1][safepoint    ] Total time for which application threads were stopped: 0.0000724 seconds, Stopping threads took: 0.0000073 seconds
[2019-12-11T08:30:19.029+0000][1][safepoint    ] Application time: 0.0000533 seconds
[2019-12-11T08:30:19.029+0000][1][safepoint    ] Entering safepoint region: RevokeBias
[2019-12-11T08:30:19.029+0000][1][safepoint    ] Leaving safepoint region
[2019-12-11T08:30:19.029+0000][1][safepoint    ] Total time for which application threads were stopped: 0.0000456 seconds, Stopping threads took: 0.0000068 seconds
[2019-12-11T08:30:19.029+0000][1][safepoint    ] Application time: 0.0001082 seconds
[2019-12-11T08:30:19.029+0000][1][safepoint    ] Entering safepoint region: RevokeBias
[2019-12-11T08:30:19.029+0000][1][safepoint    ] Leaving safepoint region
[2019-12-11T08:30:19.029+0000][1][safepoint    ] Total time for which application threads were stopped: 0.0000496 seconds, Stopping threads took: 0.0000074 seconds
[2019-12-11T08:30:19.029+0000][1][safepoint    ] Application time: 0.0001589 seconds
[2019-12-11T08:30:19.029+0000][1][safepoint    ] Entering safepoint region: RevokeBias
[2019-12-11T08:30:19.029+0000][1][safepoint    ] Leaving safepoint region
[2019-12-11T08:30:19.029+0000][1][safepoint    ] Total time for which application threads were stopped: 0.0000522 seconds, Stopping threads took: 0.0000083 seconds
[2019-12-11T08:30:19.029+0000][1][safepoint    ] Application time: 0.0000693 seconds
[2019-12-11T08:30:19.029+0000][1][safepoint    ] Entering safepoint region: RevokeBias
[2019-12-11T08:30:19.029+0000][1][safepoint    ] Leaving safepoint region
[2019-12-11T08:30:19.029+0000][1][safepoint    ] Total time for which application threads were stopped: 0.0000460 seconds, Stopping threads took: 0.0000078 seconds
[2019-12-11T08:30:19.030+0000][1][safepoint    ] Application time: 0.0001718 seconds
[2019-12-11T08:30:19.030+0000][1][safepoint    ] Entering safepoint region: RevokeBias
[2019-12-11T08:30:19.030+0000][1][safepoint    ] Leaving safepoint region
[2019-12-11T08:30:19.030+0000][1][safepoint    ] Total time for which application threads were stopped: 0.0000614 seconds, Stopping threads took: 0.0000089 seconds
[2019-12-11T08:30:19.030+0000][1][safepoint    ] Application time: 0.0000690 seconds
[2019-12-11T08:30:19.030+0000][1][safepoint    ] Entering safepoint region: RevokeBias
[2019-12-11T08:30:19.030+0000][1][safepoint    ] Leaving safepoint region
[2019-12-11T08:30:19.030+0000][1][safepoint    ] Total time for which application threads were stopped: 0.0000530 seconds, Stopping threads took: 0.0000088 seconds
[2019-12-11T08:30:19.030+0000][1][safepoint    ] Application time: 0.0001435 seconds
[2019-12-11T08:30:19.030+0000][1][safepoint    ] Entering safepoint region: RevokeBias
[2019-12-11T08:30:19.030+0000][1][safepoint    ] Leaving safepoint region
[2019-12-11T08:30:19.030+0000][1][safepoint    ] Total time for which application threads were stopped: 0.0000560 seconds, Stopping threads took: 0.0000093 seconds
[2019-12-11T08:30:19.030+0000][1][safepoint    ] Application time: 0.0000536 seconds
[2019-12-11T08:30:19.030+0000][1][safepoint    ] Entering safepoint region: RevokeBias
[2019-12-11T08:30:19.030+0000][1][safepoint    ] Leaving safepoint region
[2019-12-11T08:30:19.030+0000][1][safepoint    ] Total time for which application threads were stopped: 0.0000473 seconds, Stopping threads took: 0.0000083 seconds
[2019-12-11T08:30:19.030+0000][1][safepoint    ] Application time: 0.0000502 seconds
[2019-12-11T08:30:19.030+0000][1][safepoint    ] Entering safepoint region: RevokeBias
[2019-12-11T08:30:19.030+0000][1][safepoint    ] Leaving safepoint region
[2019-12-11T08:30:19.030+0000][1][safepoint    ] Total time for which application threads were stopped: 0.0000466 seconds, Stopping threads took: 0.0000083 seconds
[2019-12-11T08:30:19.030+0000][1][safepoint    ] Application time: 0.0000496 seconds
[2019-12-11T08:30:19.030+0000][1][safepoint    ] Entering safepoint region: RevokeBias
[2019-12-11T08:30:19.030+0000][1][safepoint    ] Leaving safepoint region
[2019-12-11T08:30:19.030+0000][1][safepoint    ] Total time for which application threads were stopped: 0.0000437 seconds, Stopping threads took: 0.0000066 seconds
[2019-12-11T08:30:19.030+0000][1][safepoint    ] Application time: 0.0000503 seconds
[2019-12-11T08:30:19.030+0000][1][safepoint    ] Entering safepoint region: RevokeBias
[2019-12-11T08:30:19.030+0000][1][safepoint    ] Leaving safepoint region
[2019-12-11T08:30:19.030+0000][1][safepoint    ] Total time for which application threads were stopped: 0.0000453 seconds, Stopping threads took: 0.0000081 seconds
[2019-12-11T08:30:19.031+0000][1][safepoint    ] Application time: 0.0000497 seconds
[2019-12-11T08:30:19.031+0000][1][safepoint    ] Entering safepoint region: RevokeBias
[2019-12-11T08:30:19.031+0000][1][safepoint    ] Leaving safepoint region
[2019-12-11T08:30:19.031+0000][1][safepoint    ] Total time for which application threads were stopped: 0.0000452 seconds, Stopping threads took: 0.0000080 seconds
[2019-12-11T08:30:19.031+0000][1][safepoint    ] Application time: 0.0000496 seconds
[2019-12-11T08:30:19.031+0000][1][safepoint    ] Entering safepoint region: RevokeBias
[2019-12-11T08:30:19.031+0000][1][safepoint    ] Leaving safepoint region
[2019-12-11T08:30:19.031+0000][1][safepoint    ] Total time for which application threads were stopped: 0.0000454 seconds, Stopping threads took: 0.0000082 seconds
[2019-12-11T08:30:19.031+0000][1][safepoint    ] Application time: 0.0000512 seconds
[2019-12-11T08:30:19.031+0000][1][safepoint    ] Entering safepoint region: RevokeBias
[2019-12-11T08:30:19.031+0000][1][safepoint    ] Leaving safepoint region
[2019-12-11T08:30:19.031+0000][1][safepoint    ] Total time for which application threads were stopped: 0.0000473 seconds, Stopping threads took: 0.0000083 seconds
[2019-12-11T08:30:19.031+0000][1][safepoint    ] Application time: 0.0000495 seconds
[2019-12-11T08:30:19.031+0000][1][safepoint    ] Entering safepoint region: RevokeBias
[2019-12-11T08:30:19.031+0000][1][safepoint    ] Leaving safepoint region
[2019-12-11T08:30:19.031+0000][1][safepoint    ] Total time for which application threads were stopped: 0.0000462 seconds, Stopping threads took: 0.0000082 seconds
[2019-12-11T08:30:19.031+0000][1][safepoint    ] Application time: 0.0000497 seconds
[2019-12-11T08:30:19.031+0000][1][safepoint    ] Entering safepoint region: RevokeBias
[2019-12-11T08:30:19.031+0000][1][safepoint    ] Leaving safepoint region
[2019-12-11T08:30:19.031+0000][1][safepoint    ] Total time for which application threads were stopped: 0.0000461 seconds, Stopping threads took: 0.0000081 seconds
[2019-12-11T08:30:19.031+0000][1][safepoint    ] Application time: 0.0000498 seconds
[2019-12-11T08:30:19.031+0000][1][safepoint    ] Entering safepoint region: RevokeBias
[2019-12-11T08:30:19.031+0000][1][safepoint    ] Leaving safepoint region
[2019-12-11T08:30:19.031+0000][1][safepoint    ] Total time for which application threads were stopped: 0.0000459 seconds, Stopping threads took: 0.0000070 seconds
[2019-12-11T08:30:19.031+0000][1][safepoint    ] Application time: 0.0000501 seconds
[2019-12-11T08:30:19.031+0000][1][safepoint    ] Entering safepoint region: RevokeBias
[2019-12-11T08:30:19.031+0000][1][safepoint    ] Leaving safepoint region
[2019-12-11T08:30:19.031+0000][1][safepoint    ] Total time for which application threads were stopped: 0.0000459 seconds, Stopping threads took: 0.0000082 seconds
[2019-12-11T08:30:19.031+0000][1][safepoint    ] Application time: 0.0000677 seconds
[2019-12-11T08:30:19.031+0000][1][safepoint    ] Entering safepoint region: RevokeBias
[2019-12-11T08:30:19.031+0000][1][safepoint    ] Leaving safepoint region
[2019-12-11T08:30:19.031+0000][1][safepoint    ] Total time for which application threads were stopped: 0.0000526 seconds, Stopping threads took: 0.0000089 seconds
[2019-12-11T08:30:19.031+0000][1][safepoint    ] Application time: 0.0000510 seconds
[2019-12-11T08:30:19.031+0000][1][safepoint    ] Entering safepoint region: RevokeBias
[2019-12-11T08:30:19.032+0000][1][safepoint    ] Leaving safepoint region
[2019-12-11T08:30:19.032+0000][1][safepoint    ] Total time for which application threads were stopped: 0.0000456 seconds, Stopping threads took: 0.0000078 seconds
[2019-12-11T08:30:19.032+0000][1][safepoint    ] Application time: 0.0000512 seconds
[2019-12-11T08:30:19.032+0000][1][safepoint    ] Entering safepoint region: RevokeBias
[2019-12-11T08:30:19.032+0000][1][safepoint    ] Leaving safepoint region
[2019-12-11T08:30:19.032+0000][1][safepoint    ] Total time for which application threads were stopped: 0.0000471 seconds, Stopping threads took: 0.0000082 seconds
[2019-12-11T08:30:19.032+0000][1][safepoint    ] Application time: 0.0000628 seconds
[2019-12-11T08:30:19.032+0000][1][safepoint    ] Entering safepoint region: BulkRevokeBias
[2019-12-11T08:30:19.032+0000][1][safepoint    ] Leaving safepoint region
[2019-12-11T08:30:19.032+0000][1][safepoint    ] Total time for which application threads were stopped: 0.0002680 seconds, Stopping threads took: 0.0000083 seconds
[2019-12-11T08:30:19.032+0000][1][safepoint    ] Application time: 0.0001729 seconds
[2019-12-11T08:30:19.032+0000][1][safepoint    ] Entering safepoint region: RevokeBias
[2019-12-11T08:30:19.032+0000][1][safepoint    ] Leaving safepoint region
[2019-12-11T08:30:19.032+0000][1][safepoint    ] Total time for which application threads were stopped: 0.0000633 seconds, Stopping threads took: 0.0000093 seconds
[2019-12-11T08:30:19.032+0000][1][safepoint    ] Application time: 0.0000775 seconds
[2019-12-11T08:30:19.032+0000][1][safepoint    ] Entering safepoint region: RevokeBias
[2019-12-11T08:30:19.032+0000][1][safepoint    ] Leaving safepoint region
[2019-12-11T08:30:19.032+0000][1][safepoint    ] Total time for which application threads were stopped: 0.0000514 seconds, Stopping threads took: 0.0000086 seconds
[2019-12-11T08:30:19.033+0000][1][safepoint    ] Application time: 0.0001160 seconds
[2019-12-11T08:30:19.033+0000][1][safepoint    ] Entering safepoint region: RevokeBias
[2019-12-11T08:30:19.033+0000][1][safepoint    ] Leaving safepoint region
[2019-12-11T08:30:19.033+0000][1][safepoint    ] Total time for which application threads were stopped: 0.0000526 seconds, Stopping threads took: 0.0000088 seconds
[2019-12-11T08:30:19.033+0000][1][safepoint    ] Application time: 0.0000666 seconds
[2019-12-11T08:30:19.033+0000][1][safepoint    ] Entering safepoint region: RevokeBias
[2019-12-11T08:30:19.033+0000][1][safepoint    ] Leaving safepoint region
[2019-12-11T08:30:19.033+0000][1][safepoint    ] Total time for which application threads were stopped: 0.0000646 seconds, Stopping threads took: 0.0000084 seconds
[2019-12-11T08:30:19.033+0000][1][safepoint    ] Application time: 0.0000752 seconds
[2019-12-11T08:30:19.033+0000][1][safepoint    ] Entering safepoint region: RevokeBias
[2019-12-11T08:30:19.033+0000][1][safepoint    ] Leaving safepoint region
[2019-12-11T08:30:19.033+0000][1][safepoint    ] Total time for which application threads were stopped: 0.0000501 seconds, Stopping threads took: 0.0000071 seconds
[2019-12-11T08:30:19.033+0000][1][safepoint    ] Application time: 0.0000561 seconds
[2019-12-11T08:30:19.033+0000][1][safepoint    ] Entering safepoint region: RevokeBias
[2019-12-11T08:30:19.033+0000][1][safepoint    ] Leaving safepoint region
[2019-12-11T08:30:19.033+0000][1][safepoint    ] Total time for which application threads were stopped: 0.0000455 seconds, Stopping threads took: 0.0000073 seconds
[2019-12-11T08:30:19.033+0000][1][safepoint    ] Application time: 0.0001675 seconds
[2019-12-11T08:30:19.033+0000][1][safepoint    ] Entering safepoint region: RevokeBias
[2019-12-11T08:30:19.033+0000][1][safepoint    ] Leaving safepoint region
[2019-12-11T08:30:19.033+0000][1][safepoint    ] Total time for which application threads were stopped: 0.0000551 seconds, Stopping threads took: 0.0000085 seconds
[2019-12-11T08:30:19.033+0000][1][safepoint    ] Application time: 0.0000567 seconds
[2019-12-11T08:30:19.033+0000][1][safepoint    ] Entering safepoint region: BulkRevokeBias
[2019-12-11T08:30:19.033+0000][1][safepoint    ] Leaving safepoint region
[2019-12-11T08:30:19.033+0000][1][safepoint    ] Total time for which application threads were stopped: 0.0000941 seconds, Stopping threads took: 0.0000080 seconds
[2019-12-11T08:30:19.034+0000][1][safepoint    ] Application time: 0.0002860 seconds
[2019-12-11T08:30:19.034+0000][1][safepoint    ] Entering safepoint region: RevokeBias
[2019-12-11T08:30:19.034+0000][1][safepoint    ] Leaving safepoint region
[2019-12-11T08:30:19.034+0000][1][safepoint    ] Total time for which application threads were stopped: 0.0000677 seconds, Stopping threads took: 0.0000102 seconds
[2019-12-11T08:30:19.034+0000][1][safepoint    ] Application time: 0.0001827 seconds
[2019-12-11T08:30:19.034+0000][1][safepoint    ] Entering safepoint region: RevokeBias
[2019-12-11T08:30:19.034+0000][1][safepoint    ] Leaving safepoint region
[2019-12-11T08:30:19.034+0000][1][safepoint    ] Total time for which application threads were stopped: 0.0000538 seconds, Stopping threads took: 0.0000089 seconds
[2019-12-11T08:30:19.034+0000][1][safepoint    ] Application time: 0.0001753 seconds
[2019-12-11T08:30:19.034+0000][1][safepoint    ] Entering safepoint region: RevokeBias
[2019-12-11T08:30:19.034+0000][1][safepoint    ] Leaving safepoint region
[2019-12-11T08:30:19.034+0000][1][safepoint    ] Total time for which application threads were stopped: 0.0000510 seconds, Stopping threads took: 0.0000089 seconds
[2019-12-11T08:30:19.034+0000][1][safepoint    ] Application time: 0.0000709 seconds
[2019-12-11T08:30:19.034+0000][1][safepoint    ] Entering safepoint region: RevokeBias
[2019-12-11T08:30:19.034+0000][1][safepoint    ] Leaving safepoint region
[2019-12-11T08:30:19.034+0000][1][safepoint    ] Total time for which application threads were stopped: 0.0000541 seconds, Stopping threads took: 0.0000068 seconds
[2019-12-11T08:30:19.034+0000][1][safepoint    ] Application time: 0.0000501 seconds
[2019-12-11T08:30:19.034+0000][1][safepoint    ] Entering safepoint region: RevokeBias
[2019-12-11T08:30:19.035+0000][1][safepoint    ] Leaving safepoint region
[2019-12-11T08:30:19.035+0000][1][safepoint    ] Total time for which application threads were stopped: 0.0000459 seconds, Stopping threads took: 0.0000084 seconds
[2019-12-11T08:30:19.035+0000][1][safepoint    ] Application time: 0.0000496 seconds
[2019-12-11T08:30:19.035+0000][1][safepoint    ] Entering safepoint region: RevokeBias
[2019-12-11T08:30:19.035+0000][1][safepoint    ] Leaving safepoint region
[2019-12-11T08:30:19.035+0000][1][safepoint    ] Total time for which application threads were stopped: 0.0000437 seconds, Stopping threads took: 0.0000076 seconds
[2019-12-11T08:30:19.035+0000][1][safepoint    ] Application time: 0.0003295 seconds
[2019-12-11T08:30:19.035+0000][1][safepoint    ] Entering safepoint region: RevokeBias
[2019-12-11T08:30:19.035+0000][1][safepoint    ] Leaving safepoint region
[2019-12-11T08:30:19.035+0000][1][safepoint    ] Total time for which application threads were stopped: 0.0000699 seconds, Stopping threads took: 0.0000096 seconds
[2019-12-11T08:30:19.035+0000][1][safepoint    ] Application time: 0.0001339 seconds
[2019-12-11T08:30:19.035+0000][1][safepoint    ] Entering safepoint region: RevokeBias
[2019-12-11T08:30:19.035+0000][1][safepoint    ] Leaving safepoint region
[2019-12-11T08:30:19.035+0000][1][safepoint    ] Total time for which application threads were stopped: 0.0000567 seconds, Stopping threads took: 0.0000076 seconds
[2019-12-11T08:30:19.035+0000][1][safepoint    ] Application time: 0.0001752 seconds
[2019-12-11T08:30:19.035+0000][1][safepoint    ] Entering safepoint region: RevokeBias
[2019-12-11T08:30:19.036+0000][1][safepoint    ] Leaving safepoint region
[2019-12-11T08:30:19.036+0000][1][safepoint    ] Total time for which application threads were stopped: 0.0000596 seconds, Stopping threads took: 0.0000083 seconds
[2019-12-11T08:30:19.036+0000][1][safepoint    ] Application time: 0.0003513 seconds
[2019-12-11T08:30:19.036+0000][1][safepoint    ] Entering safepoint region: RevokeBias
[2019-12-11T08:30:19.036+0000][1][safepoint    ] Leaving safepoint region
[2019-12-11T08:30:19.036+0000][1][safepoint    ] Total time for which application threads were stopped: 0.0000595 seconds, Stopping threads took: 0.0000097 seconds
[2019-12-11T08:30:19.036+0000][1][safepoint    ] Application time: 0.0004856 seconds
[2019-12-11T08:30:19.036+0000][1][safepoint    ] Entering safepoint region: RevokeBias
[2019-12-11T08:30:19.037+0000][1][safepoint    ] Leaving safepoint region
[2019-12-11T08:30:19.037+0000][1][safepoint    ] Total time for which application threads were stopped: 0.0000758 seconds, Stopping threads took: 0.0000104 seconds
[2019-12-11T08:30:19.037+0000][1][safepoint    ] Application time: 0.0001756 seconds
[2019-12-11T08:30:19.037+0000][1][safepoint    ] Entering safepoint region: RevokeBias
[2019-12-11T08:30:19.037+0000][1][safepoint    ] Leaving safepoint region
[2019-12-11T08:30:19.037+0000][1][safepoint    ] Total time for which application threads were stopped: 0.0000680 seconds, Stopping threads took: 0.0000094 seconds
[2019-12-11T08:30:19.037+0000][1][safepoint    ] Application time: 0.0002286 seconds
[2019-12-11T08:30:19.037+0000][1][safepoint    ] Entering safepoint region: RevokeBias
[2019-12-11T08:30:19.037+0000][1][safepoint    ] Leaving safepoint region
[2019-12-11T08:30:19.037+0000][1][safepoint    ] Total time for which application threads were stopped: 0.0000640 seconds, Stopping threads took: 0.0000086 seconds
[2019-12-11T08:30:19.039+0000][1][safepoint    ] Application time: 0.0015645 seconds
[2019-12-11T08:30:19.039+0000][1][safepoint    ] Entering safepoint region: RevokeBias
[2019-12-11T08:30:19.039+0000][1][safepoint    ] Leaving safepoint region
[2019-12-11T08:30:19.039+0000][1][safepoint    ] Total time for which application threads were stopped: 0.0000821 seconds, Stopping threads took: 0.0000110 seconds
[2019-12-11T08:30:19.039+0000][1][safepoint    ] Application time: 0.0005948 seconds
[2019-12-11T08:30:19.039+0000][1][safepoint    ] Entering safepoint region: RevokeBias
[2019-12-11T08:30:19.039+0000][1][safepoint    ] Leaving safepoint region
[2019-12-11T08:30:19.040+0000][1][safepoint    ] Total time for which application threads were stopped: 0.0000760 seconds, Stopping threads took: 0.0000101 seconds
[2019-12-11T08:30:19.041+0000][1][safepoint    ] Application time: 0.0010009 seconds
[2019-12-11T08:30:19.041+0000][1][safepoint    ] Entering safepoint region: RevokeBias
[2019-12-11T08:30:19.041+0000][1][safepoint    ] Leaving safepoint region
[2019-12-11T08:30:19.041+0000][1][safepoint    ] Total time for which application threads were stopped: 0.0000554 seconds, Stopping threads took: 0.0000104 seconds
[2019-12-11T08:30:19.041+0000][1][safepoint    ] Application time: 0.0000596 seconds
[2019-12-11T08:30:19.041+0000][1][safepoint    ] Entering safepoint region: RevokeBias
[2019-12-11T08:30:19.041+0000][1][safepoint    ] Leaving safepoint region
[2019-12-11T08:30:19.041+0000][1][safepoint    ] Total time for which application threads were stopped: 0.0000589 seconds, Stopping threads took: 0.0000222 seconds
[2019-12-11T08:30:19.041+0000][1][safepoint    ] Application time: 0.0000587 seconds
[2019-12-11T08:30:19.041+0000][1][safepoint    ] Entering safepoint region: RevokeBias
[2019-12-11T08:30:19.041+0000][1][safepoint    ] Leaving safepoint region
[2019-12-11T08:30:19.041+0000][1][safepoint    ] Total time for which application threads were stopped: 0.0000435 seconds, Stopping threads took: 0.0000085 seconds
[2019-12-11T08:30:19.041+0000][1][safepoint    ] Application time: 0.0000530 seconds
[2019-12-11T08:30:19.041+0000][1][safepoint    ] Entering safepoint region: RevokeBias
[2019-12-11T08:30:19.041+0000][1][safepoint    ] Leaving safepoint region
[2019-12-11T08:30:19.041+0000][1][safepoint    ] Total time for which application threads were stopped: 0.0000397 seconds, Stopping threads took: 0.0000078 seconds
[2019-12-11T08:30:19.041+0000][1][safepoint    ] Application time: 0.0000529 seconds
[2019-12-11T08:30:19.041+0000][1][safepoint    ] Entering safepoint region: RevokeBias
[2019-12-11T08:30:19.041+0000][1][safepoint    ] Leaving safepoint region
[2019-12-11T08:30:19.041+0000][1][safepoint    ] Total time for which application threads were stopped: 0.0000361 seconds, Stopping threads took: 0.0000078 seconds
[2019-12-11T08:30:19.041+0000][1][safepoint    ] Application time: 0.0000558 seconds
[2019-12-11T08:30:19.041+0000][1][safepoint    ] Entering safepoint region: RevokeBias
[2019-12-11T08:30:19.041+0000][1][safepoint    ] Leaving safepoint region
[2019-12-11T08:30:19.041+0000][1][safepoint    ] Total time for which application threads were stopped: 0.0000376 seconds, Stopping threads took: 0.0000080 seconds
[2019-12-11T08:30:19.041+0000][1][safepoint    ] Application time: 0.0000527 seconds
[2019-12-11T08:30:19.041+0000][1][safepoint    ] Entering safepoint region: RevokeBias
[2019-12-11T08:30:19.041+0000][1][safepoint    ] Leaving safepoint region
[2019-12-11T08:30:19.041+0000][1][safepoint    ] Total time for which application threads were stopped: 0.0000370 seconds, Stopping threads took: 0.0000081 seconds
[2019-12-11T08:30:19.041+0000][1][safepoint    ] Application time: 0.0000511 seconds
[2019-12-11T08:30:19.041+0000][1][safepoint    ] Entering safepoint region: RevokeBias
[2019-12-11T08:30:19.041+0000][1][safepoint    ] Leaving safepoint region
[2019-12-11T08:30:19.041+0000][1][safepoint    ] Total time for which application threads were stopped: 0.0000366 seconds, Stopping threads took: 0.0000077 seconds
[2019-12-11T08:30:19.041+0000][1][safepoint    ] Application time: 0.0000508 seconds
[2019-12-11T08:30:19.041+0000][1][safepoint    ] Entering safepoint region: RevokeBias
[2019-12-11T08:30:19.041+0000][1][safepoint    ] Leaving safepoint region
[2019-12-11T08:30:19.041+0000][1][safepoint    ] Total time for which application threads were stopped: 0.0000367 seconds, Stopping threads took: 0.0000076 seconds
[2019-12-11T08:30:19.042+0000][1][safepoint    ] Application time: 0.0000655 seconds
[2019-12-11T08:30:19.042+0000][1][safepoint    ] Entering safepoint region: RevokeBias
[2019-12-11T08:30:19.042+0000][1][safepoint    ] Leaving safepoint region
[2019-12-11T08:30:19.042+0000][1][safepoint    ] Total time for which application threads were stopped: 0.0000374 seconds, Stopping threads took: 0.0000083 seconds
[2019-12-11T08:30:19.042+0000][1][safepoint    ] Application time: 0.0000542 seconds
[2019-12-11T08:30:19.042+0000][1][safepoint    ] Entering safepoint region: RevokeBias
[2019-12-11T08:30:19.042+0000][1][safepoint    ] Leaving safepoint region
[2019-12-11T08:30:19.042+0000][1][safepoint    ] Total time for which application threads were stopped: 0.0000438 seconds, Stopping threads took: 0.0000131 seconds
[2019-12-11T08:30:19.042+0000][1][safepoint    ] Application time: 0.0000522 seconds
[2019-12-11T08:30:19.042+0000][1][safepoint    ] Entering safepoint region: RevokeBias
[2019-12-11T08:30:19.042+0000][1][safepoint    ] Leaving safepoint region
[2019-12-11T08:30:19.042+0000][1][safepoint    ] Total time for which application threads were stopped: 0.0000364 seconds, Stopping threads took: 0.0000076 seconds
[2019-12-11T08:30:19.042+0000][1][safepoint    ] Application time: 0.0000525 seconds
[2019-12-11T08:30:19.042+0000][1][safepoint    ] Entering safepoint region: RevokeBias
[2019-12-11T08:30:19.042+0000][1][safepoint    ] Leaving safepoint region
[2019-12-11T08:30:19.042+0000][1][safepoint    ] Total time for which application threads were stopped: 0.0000410 seconds, Stopping threads took: 0.0000082 seconds
[2019-12-11T08:30:19.042+0000][1][safepoint    ] Application time: 0.0000548 seconds
[2019-12-11T08:30:19.042+0000][1][safepoint    ] Entering safepoint region: RevokeBias
[2019-12-11T08:30:19.042+0000][1][safepoint    ] Leaving safepoint region
[2019-12-11T08:30:19.042+0000][1][safepoint    ] Total time for which application threads were stopped: 0.0000379 seconds, Stopping threads took: 0.0000082 seconds
[2019-12-11T08:30:19.042+0000][1][safepoint    ] Application time: 0.0000523 seconds
[2019-12-11T08:30:19.042+0000][1][safepoint    ] Entering safepoint region: RevokeBias
[2019-12-11T08:30:19.042+0000][1][safepoint    ] Leaving safepoint region
[2019-12-11T08:30:19.042+0000][1][safepoint    ] Total time for which application threads were stopped: 0.0000362 seconds, Stopping threads took: 0.0000084 seconds
[2019-12-11T08:30:19.042+0000][1][safepoint    ] Application time: 0.0000501 seconds
[2019-12-11T08:30:19.042+0000][1][safepoint    ] Entering safepoint region: RevokeBias
[2019-12-11T08:30:19.042+0000][1][safepoint    ] Leaving safepoint region
[2019-12-11T08:30:19.042+0000][1][safepoint    ] Total time for which application threads were stopped: 0.0000361 seconds, Stopping threads took: 0.0000082 seconds
[2019-12-11T08:30:19.042+0000][1][safepoint    ] Application time: 0.0000512 seconds
[2019-12-11T08:30:19.042+0000][1][safepoint    ] Entering safepoint region: RevokeBias
[2019-12-11T08:30:19.042+0000][1][safepoint    ] Leaving safepoint region
[2019-12-11T08:30:19.042+0000][1][safepoint    ] Total time for which application threads were stopped: 0.0000366 seconds, Stopping threads took: 0.0000078 seconds
[2019-12-11T08:30:19.042+0000][1][safepoint    ] Application time: 0.0000515 seconds
[2019-12-11T08:30:19.042+0000][1][safepoint    ] Entering safepoint region: RevokeBias
[2019-12-11T08:30:19.042+0000][1][safepoint    ] Leaving safepoint region
[2019-12-11T08:30:19.042+0000][1][safepoint    ] Total time for which application threads were stopped: 0.0000368 seconds, Stopping threads took: 0.0000082 seconds
[2019-12-11T08:30:19.043+0000][1][safepoint    ] Application time: 0.0000532 seconds
[2019-12-11T08:30:19.043+0000][1][safepoint    ] Entering safepoint region: RevokeBias
[2019-12-11T08:30:19.043+0000][1][safepoint    ] Leaving safepoint region
[2019-12-11T08:30:19.043+0000][1][safepoint    ] Total time for which application threads were stopped: 0.0000361 seconds, Stopping threads took: 0.0000081 seconds
[2019-12-11T08:30:19.043+0000][1][safepoint    ] Application time: 0.0000531 seconds
[2019-12-11T08:30:19.043+0000][1][safepoint    ] Entering safepoint region: BulkRevokeBias
[2019-12-11T08:30:19.043+0000][1][safepoint    ] Leaving safepoint region
[2019-12-11T08:30:19.043+0000][1][safepoint    ] Total time for which application threads were stopped: 0.0001133 seconds, Stopping threads took: 0.0000082 seconds
[2019-12-11T08:30:19.044+0000][1][safepoint    ] Application time: 0.0010476 seconds
[2019-12-11T08:30:19.044+0000][1][safepoint    ] Entering safepoint region: RevokeBias
[2019-12-11T08:30:19.044+0000][1][safepoint    ] Leaving safepoint region
[2019-12-11T08:30:19.044+0000][1][safepoint    ] Total time for which application threads were stopped: 0.0000524 seconds, Stopping threads took: 0.0000112 seconds
[2019-12-11T08:30:19.045+0000][1][safepoint    ] Application time: 0.0013087 seconds
[2019-12-11T08:30:19.045+0000][1][safepoint    ] Entering safepoint region: RevokeBias
[2019-12-11T08:30:19.045+0000][1][safepoint    ] Leaving safepoint region
[2019-12-11T08:30:19.045+0000][1][safepoint    ] Total time for which application threads were stopped: 0.0000547 seconds, Stopping threads took: 0.0000108 seconds
[2019-12-11T08:30:19.048+0000][1][safepoint    ] Application time: 0.0031431 seconds
[2019-12-11T08:30:19.048+0000][1][safepoint    ] Entering safepoint region: RevokeBias
[2019-12-11T08:30:19.048+0000][1][safepoint    ] Leaving safepoint region
[2019-12-11T08:30:19.049+0000][1][safepoint    ] Total time for which application threads were stopped: 0.0000516 seconds, Stopping threads took: 0.0000097 seconds
[2019-12-11T08:30:19.049+0000][1][safepoint    ] Application time: 0.0000616 seconds
[2019-12-11T08:30:19.049+0000][1][safepoint    ] Entering safepoint region: RevokeBias
[2019-12-11T08:30:19.049+0000][1][safepoint    ] Leaving safepoint region
[2019-12-11T08:30:19.049+0000][1][safepoint    ] Total time for which application threads were stopped: 0.0000502 seconds, Stopping threads took: 0.0000075 seconds
[2019-12-11T08:30:19.055+0000][1][safepoint    ] Application time: 0.0063595 seconds
[2019-12-11T08:30:19.055+0000][1][safepoint    ] Entering safepoint region: RevokeBias
[2019-12-11T08:30:19.055+0000][1][safepoint    ] Leaving safepoint region
[2019-12-11T08:30:19.055+0000][1][safepoint    ] Total time for which application threads were stopped: 0.0000744 seconds, Stopping threads took: 0.0000112 seconds
[2019-12-11T08:30:19.055+0000][1][safepoint    ] Application time: 0.0000607 seconds
[2019-12-11T08:30:19.055+0000][1][safepoint    ] Entering safepoint region: RevokeBias
[2019-12-11T08:30:19.055+0000][1][safepoint    ] Leaving safepoint region
[2019-12-11T08:30:19.055+0000][1][safepoint    ] Total time for which application threads were stopped: 0.0000509 seconds, Stopping threads took: 0.0000083 seconds
[2019-12-11T08:30:19.055+0000][1][safepoint    ] Application time: 0.0002278 seconds
[2019-12-11T08:30:19.055+0000][1][safepoint    ] Entering safepoint region: RevokeBias
[2019-12-11T08:30:19.056+0000][1][safepoint    ] Leaving safepoint region
[2019-12-11T08:30:19.056+0000][1][safepoint    ] Total time for which application threads were stopped: 0.0000513 seconds, Stopping threads took: 0.0000090 seconds
[2019-12-11T08:30:19.058+0000][1][safepoint    ] Application time: 0.0021802 seconds
[2019-12-11T08:30:19.058+0000][1][safepoint    ] Entering safepoint region: RevokeBias
[2019-12-11T08:30:19.058+0000][1][safepoint    ] Leaving safepoint region
[2019-12-11T08:30:19.058+0000][1][safepoint    ] Total time for which application threads were stopped: 0.0000417 seconds, Stopping threads took: 0.0000104 seconds
[2019-12-11T08:30:19.064+0000][1][safepoint    ] Application time: 0.0062338 seconds
[2019-12-11T08:30:19.064+0000][1][safepoint    ] Entering safepoint region: RevokeBias
[2019-12-11T08:30:19.064+0000][1][safepoint    ] Leaving safepoint region
[2019-12-11T08:30:19.064+0000][1][safepoint    ] Total time for which application threads were stopped: 0.0000435 seconds, Stopping threads took: 0.0000108 seconds
[2019-12-11T08:30:19.280+0000][1][safepoint    ] Application time: 0.2156345 seconds
[2019-12-11T08:30:19.294+0000][1][safepoint    ] Entering safepoint region: RevokeBias
[2019-12-11T08:30:19.294+0000][1][safepoint    ] Leaving safepoint region
[2019-12-11T08:30:19.294+0000][1][safepoint    ] Total time for which application threads were stopped: 0.0141138 seconds, Stopping threads took: 0.0139746 seconds
[2019-12-11T08:30:19.296+0000][1][safepoint    ] Application time: 0.0019000 seconds
[2019-12-11T08:30:19.296+0000][1][safepoint    ] Entering safepoint region: RevokeBias
[2019-12-11T08:30:19.296+0000][1][safepoint    ] Leaving safepoint region
[2019-12-11T08:30:19.296+0000][1][safepoint    ] Total time for which application threads were stopped: 0.0000754 seconds, Stopping threads took: 0.0000234 seconds
[2019-12-11T08:30:19.495+0000][1][safepoint    ] Application time: 0.1989745 seconds
[2019-12-11T08:30:19.495+0000][1][safepoint    ] Entering safepoint region: RevokeBias
[2019-12-11T08:30:19.495+0000][1][safepoint    ] Leaving safepoint region
[2019-12-11T08:30:19.495+0000][1][safepoint    ] Total time for which application threads were stopped: 0.0000689 seconds, Stopping threads took: 0.0000150 seconds
[2019-12-11T08:30:20.325+0000][1][safepoint    ] Application time: 0.8298915 seconds
[2019-12-11T08:30:20.387+0000][1][safepoint    ] Entering safepoint region: RevokeBias
[2019-12-11T08:30:20.387+0000][1][safepoint    ] Leaving safepoint region
[2019-12-11T08:30:20.387+0000][1][safepoint    ] Total time for which application threads were stopped: 0.0621635 seconds, Stopping threads took: 0.0620745 seconds
[2019-12-11T08:30:20.387+0000][1][safepoint    ] Application time: 0.0001050 seconds
[2019-12-11T08:30:20.387+0000][1][safepoint    ] Entering safepoint region: RevokeBias
[2019-12-11T08:30:20.387+0000][1][safepoint    ] Leaving safepoint region
[2019-12-11T08:30:20.387+0000][1][safepoint    ] Total time for which application threads were stopped: 0.0000509 seconds, Stopping threads took: 0.0000097 seconds
[2019-12-11T08:30:20.388+0000][1][safepoint    ] Application time: 0.0005935 seconds
[2019-12-11T08:30:20.388+0000][1][safepoint    ] Entering safepoint region: GenCollectForAllocation
[2019-12-11T08:30:20.388+0000][1][gc,start     ] GC(20) Pause Young (Allocation Failure)
[2019-12-11T08:30:20.388+0000][1][gc,task      ] GC(20) Using 2 workers of 2 for evacuation
[2019-12-11T08:30:20.560+0000][1][gc,age       ] GC(20) Desired survivor size 4456448 bytes, new threshold 2 (max threshold 6)
[2019-12-11T08:30:20.560+0000][1][gc,age       ] GC(20) Age table with threshold 2 (max threshold 6)
[2019-12-11T08:30:20.560+0000][1][gc,age       ] GC(20) - age   1:    2828000 bytes,    2828000 total
[2019-12-11T08:30:20.560+0000][1][gc,age       ] GC(20) - age   2:    2492712 bytes,    5320712 total
[2019-12-11T08:30:20.560+0000][1][gc,age       ] GC(20) - age   3:    1852696 bytes,    7173408 total
[2019-12-11T08:30:20.560+0000][1][gc,heap      ] GC(20) ParNew: 77033K->8704K(78656K)
[2019-12-11T08:30:20.560+0000][1][gc,heap      ] GC(20) CMS: 54766K->56006K(174784K)
[2019-12-11T08:30:20.560+0000][1][gc,metaspace ] GC(20) Metaspace: 48286K->48286K(1093632K)
[2019-12-11T08:30:20.560+0000][1][gc           ] GC(20) Pause Young (Allocation Failure) 128M->63M(247M) 172.335ms
[2019-12-11T08:30:20.560+0000][1][gc,cpu       ] GC(20) User=0.04s Sys=0.01s Real=0.17s
[2019-12-11T08:30:20.560+0000][1][safepoint    ] Leaving safepoint region
[2019-12-11T08:30:20.560+0000][1][safepoint    ] Total time for which application threads were stopped: 0.1724684 seconds, Stopping threads took: 0.0000130 seconds
[2019-12-11T08:30:21.388+0000][1][safepoint    ] Application time: 0.8278623 seconds
[2019-12-11T08:30:21.389+0000][1][safepoint    ] Entering safepoint region: RevokeBias
[2019-12-11T08:30:21.390+0000][1][safepoint    ] Leaving safepoint region
[2019-12-11T08:30:21.390+0000][1][safepoint    ] Total time for which application threads were stopped: 0.0012516 seconds, Stopping threads took: 0.0007525 seconds
[2019-12-11T08:30:21.623+0000][1][safepoint    ] Application time: 0.2338864 seconds
[2019-12-11T08:30:21.623+0000][1][safepoint    ] Entering safepoint region: RevokeBias
[2019-12-11T08:30:21.624+0000][1][safepoint    ] Leaving safepoint region
[2019-12-11T08:30:21.624+0000][1][safepoint    ] Total time for which application threads were stopped: 0.0000699 seconds, Stopping threads took: 0.0000157 seconds
[2019-12-11T08:30:22.381+0000][1][safepoint    ] Application time: 0.7571993 seconds
[2019-12-11T08:30:22.381+0000][1][safepoint    ] Entering safepoint region: RevokeBias
[2019-12-11T08:30:22.381+0000][1][safepoint    ] Leaving safepoint region
[2019-12-11T08:30:22.381+0000][1][safepoint    ] Total time for which application threads were stopped: 0.0000896 seconds, Stopping threads took: 0.0000184 seconds
[2019-12-11T08:30:22.390+0000][1][safepoint    ] Application time: 0.0091349 seconds
[2019-12-11T08:30:22.390+0000][1][safepoint    ] Entering safepoint region: RevokeBias
[2019-12-11T08:30:22.390+0000][1][safepoint    ] Leaving safepoint region
[2019-12-11T08:30:22.390+0000][1][safepoint    ] Total time for which application threads were stopped: 0.0000803 seconds, Stopping threads took: 0.0000153 seconds
[2019-12-11T08:30:22.422+0000][1][safepoint    ] Application time: 0.0318925 seconds
[2019-12-11T08:30:22.422+0000][1][safepoint    ] Entering safepoint region: RevokeBias
[2019-12-11T08:30:22.422+0000][1][safepoint    ] Leaving safepoint region
[2019-12-11T08:30:22.422+0000][1][safepoint    ] Total time for which application threads were stopped: 0.0003210 seconds, Stopping threads took: 0.0002504 seconds
[2019-12-11T08:30:22.430+0000][1][safepoint    ] Application time: 0.0073027 seconds
[2019-12-11T08:30:22.430+0000][1][safepoint    ] Entering safepoint region: RevokeBias
[2019-12-11T08:30:22.430+0000][1][safepoint    ] Leaving safepoint region
[2019-12-11T08:30:22.430+0000][1][safepoint    ] Total time for which application threads were stopped: 0.0000594 seconds, Stopping threads took: 0.0000134 seconds
[2019-12-11T08:30:22.461+0000][1][safepoint    ] Application time: 0.0311503 seconds
[2019-12-11T08:30:22.461+0000][1][safepoint    ] Entering safepoint region: RevokeBias
[2019-12-11T08:30:22.461+0000][1][safepoint    ] Leaving safepoint region
[2019-12-11T08:30:22.461+0000][1][safepoint    ] Total time for which application threads were stopped: 0.0000721 seconds, Stopping threads took: 0.0000158 seconds
[2019-12-11T08:30:22.493+0000][1][safepoint    ] Application time: 0.0315575 seconds
[2019-12-11T08:30:22.493+0000][1][safepoint    ] Entering safepoint region: RevokeBias
[2019-12-11T08:30:22.493+0000][1][safepoint    ] Leaving safepoint region
[2019-12-11T08:30:22.493+0000][1][safepoint    ] Total time for which application threads were stopped: 0.0000884 seconds, Stopping threads took: 0.0000315 seconds
[2019-12-11T08:30:22.555+0000][1][safepoint    ] Application time: 0.0617611 seconds
[2019-12-11T08:30:22.555+0000][1][safepoint    ] Entering safepoint region: RevokeBias
[2019-12-11T08:30:22.555+0000][1][safepoint    ] Leaving safepoint region
[2019-12-11T08:30:22.555+0000][1][safepoint    ] Total time for which application threads were stopped: 0.0000729 seconds, Stopping threads took: 0.0000155 seconds
[2019-12-11T08:30:22.637+0000][1][safepoint    ] Application time: 0.0827053 seconds
[2019-12-11T08:30:22.637+0000][1][safepoint    ] Entering safepoint region: RevokeBias
[2019-12-11T08:30:22.637+0000][1][safepoint    ] Leaving safepoint region
[2019-12-11T08:30:22.637+0000][1][safepoint    ] Total time for which application threads were stopped: 0.0000743 seconds, Stopping threads took: 0.0000162 seconds
[2019-12-11T08:30:22.750+0000][1][safepoint    ] Application time: 0.1122577 seconds
[2019-12-11T08:30:22.750+0000][1][safepoint    ] Entering safepoint region: RevokeBias
[2019-12-11T08:30:22.750+0000][1][safepoint    ] Leaving safepoint region
[2019-12-11T08:30:22.750+0000][1][safepoint    ] Total time for which application threads were stopped: 0.0000752 seconds, Stopping threads took: 0.0000176 seconds
[2019-12-11T08:30:23.756+0000][1][safepoint    ] Application time: 1.0059391 seconds
[2019-12-11T08:30:23.795+0000][1][safepoint    ] Entering safepoint region: Cleanup
[2019-12-11T08:30:23.795+0000][1][safepoint    ] Leaving safepoint region
[2019-12-11T08:30:23.795+0000][1][safepoint    ] Total time for which application threads were stopped: 0.0395509 seconds, Stopping threads took: 0.0390397 seconds
[2019-12-11T08:30:24.082+0000][1][safepoint    ] Application time: 0.2868733 seconds
[2019-12-11T08:30:24.082+0000][1][safepoint    ] Entering safepoint region: RevokeBias
[2019-12-11T08:30:24.082+0000][1][safepoint    ] Leaving safepoint region
[2019-12-11T08:30:24.082+0000][1][safepoint    ] Total time for which application threads were stopped: 0.0000895 seconds, Stopping threads took: 0.0000149 seconds
[2019-12-11T08:30:25.083+0000][1][safepoint    ] Application time: 1.0003160 seconds
[2019-12-11T08:30:25.118+0000][1][safepoint    ] Entering safepoint region: Cleanup
[2019-12-11T08:30:25.118+0000][1][safepoint    ] Leaving safepoint region
[2019-12-11T08:30:25.118+0000][1][safepoint    ] Total time for which application threads were stopped: 0.0353593 seconds, Stopping threads took: 0.0352650 seconds
[2019-12-11T08:30:25.890+0000][1][safepoint    ] Application time: 0.7715927 seconds
[2019-12-11T08:30:25.890+0000][1][safepoint    ] Entering safepoint region: GenCollectForAllocation
[2019-12-11T08:30:25.890+0000][1][gc,start     ] GC(21) Pause Young (Allocation Failure)
[2019-12-11T08:30:25.890+0000][1][gc,task      ] GC(21) Using 2 workers of 2 for evacuation
[2019-12-11T08:30:26.209+0000][1][gc,age       ] GC(21) Desired survivor size 4456448 bytes, new threshold 6 (max threshold 6)
[2019-12-11T08:30:26.209+0000][1][gc,age       ] GC(21) Age table with threshold 6 (max threshold 6)
[2019-12-11T08:30:26.209+0000][1][gc,age       ] GC(21) - age   1:    1602608 bytes,    1602608 total
[2019-12-11T08:30:26.209+0000][1][gc,age       ] GC(21) - age   2:    2761296 bytes,    4363904 total
[2019-12-11T08:30:26.209+0000][1][gc,heap      ] GC(21) ParNew: 78656K->6468K(78656K)
[2019-12-11T08:30:26.209+0000][1][gc,heap      ] GC(21) CMS: 56006K->60373K(174784K)
[2019-12-11T08:30:26.209+0000][1][gc,metaspace ] GC(21) Metaspace: 55602K->55602K(1099776K)
[2019-12-11T08:30:26.209+0000][1][gc           ] GC(21) Pause Young (Allocation Failure) 131M->65M(247M) 319.444ms
[2019-12-11T08:30:26.209+0000][1][gc,cpu       ] GC(21) User=0.10s Sys=0.00s Real=0.32s
[2019-12-11T08:30:26.209+0000][1][safepoint    ] Leaving safepoint region
[2019-12-11T08:30:26.209+0000][1][safepoint    ] Total time for which application threads were stopped: 0.3195982 seconds, Stopping threads took: 0.0000145 seconds
[2019-12-11T08:30:26.219+0000][1][safepoint    ] Application time: 0.0094783 seconds
[2019-12-11T08:30:26.219+0000][1][safepoint    ] Entering safepoint region: RevokeBias
[2019-12-11T08:30:26.219+0000][1][safepoint    ] Leaving safepoint region
[2019-12-11T08:30:26.219+0000][1][safepoint    ] Total time for which application threads were stopped: 0.0000712 seconds, Stopping threads took: 0.0000157 seconds
[2019-12-11T08:30:26.231+0000][1][safepoint    ] Application time: 0.0119847 seconds
[2019-12-11T08:30:26.231+0000][1][safepoint    ] Entering safepoint region: RevokeBias
[2019-12-11T08:30:26.231+0000][1][safepoint    ] Leaving safepoint region
[2019-12-11T08:30:26.231+0000][1][safepoint    ] Total time for which application threads were stopped: 0.0000675 seconds, Stopping threads took: 0.0000147 seconds
[2019-12-11T08:30:27.224+0000][1][safepoint    ] Application time: 0.9926698 seconds
[2019-12-11T08:30:27.224+0000][1][safepoint    ] Entering safepoint region: RevokeBias
[2019-12-11T08:30:27.224+0000][1][safepoint    ] Leaving safepoint region
[2019-12-11T08:30:27.224+0000][1][safepoint    ] Total time for which application threads were stopped: 0.0005118 seconds, Stopping threads took: 0.0003994 seconds
[2019-12-11T08:30:27.231+0000][1][safepoint    ] Application time: 0.0064411 seconds
[2019-12-11T08:30:27.231+0000][1][safepoint    ] Entering safepoint region: RevokeBias
[2019-12-11T08:30:27.231+0000][1][safepoint    ] Leaving safepoint region
[2019-12-11T08:30:27.231+0000][1][safepoint    ] Total time for which application threads were stopped: 0.0004682 seconds, Stopping threads took: 0.0003525 seconds
[2019-12-11T08:30:27.231+0000][1][safepoint    ] Application time: 0.0000944 seconds
[2019-12-11T08:30:27.231+0000][1][safepoint    ] Entering safepoint region: RevokeBias
[2019-12-11T08:30:27.231+0000][1][safepoint    ] Leaving safepoint region
[2019-12-11T08:30:27.231+0000][1][safepoint    ] Total time for which application threads were stopped: 0.0000809 seconds, Stopping threads took: 0.0000090 seconds
[2019-12-11T08:30:27.232+0000][1][safepoint    ] Application time: 0.0001969 seconds
[2019-12-11T08:30:27.232+0000][1][safepoint    ] Entering safepoint region: RevokeBias
[2019-12-11T08:30:27.232+0000][1][safepoint    ] Leaving safepoint region
[2019-12-11T08:30:27.232+0000][1][safepoint    ] Total time for which application threads were stopped: 0.0001078 seconds, Stopping threads took: 0.0000101 seconds
[2019-12-11T08:30:27.700+0000][1][safepoint    ] Application time: 0.4680306 seconds
[2019-12-11T08:30:27.700+0000][1][safepoint    ] Entering safepoint region: Deoptimize
[2019-12-11T08:30:27.700+0000][1][safepoint    ] Leaving safepoint region
[2019-12-11T08:30:27.701+0000][1][safepoint    ] Total time for which application threads were stopped: 0.0006956 seconds, Stopping threads took: 0.0000197 seconds
[2019-12-11T08:30:27.776+0000][1][safepoint    ] Application time: 0.0751012 seconds
[2019-12-11T08:30:27.776+0000][1][safepoint    ] Entering safepoint region: BulkRevokeBias
[2019-12-11T08:30:27.776+0000][1][safepoint    ] Leaving safepoint region
[2019-12-11T08:30:27.776+0000][1][safepoint    ] Total time for which application threads were stopped: 0.0003186 seconds, Stopping threads took: 0.0000342 seconds
[2019-12-11T08:30:28.777+0000][1][safepoint    ] Application time: 1.0007659 seconds
[2019-12-11T08:30:28.802+0000][1][safepoint    ] Entering safepoint region: Cleanup
[2019-12-11T08:30:28.803+0000][1][safepoint    ] Leaving safepoint region
[2019-12-11T08:30:28.803+0000][1][safepoint    ] Total time for which application threads were stopped: 0.0262678 seconds, Stopping threads took: 0.0249504 seconds
[2019-12-11T08:30:29.591+0000][1][safepoint    ] Application time: 0.7876664 seconds
[2019-12-11T08:30:29.591+0000][1][safepoint    ] Entering safepoint region: Deoptimize
[2019-12-11T08:30:29.591+0000][1][safepoint    ] Leaving safepoint region
[2019-12-11T08:30:29.591+0000][1][safepoint    ] Total time for which application threads were stopped: 0.0006191 seconds, Stopping threads took: 0.0000157 seconds
[2019-12-11T08:30:30.595+0000][1][safepoint    ] Application time: 1.0033133 seconds
[2019-12-11T08:30:30.619+0000][1][safepoint    ] Entering safepoint region: Cleanup
[2019-12-11T08:30:30.619+0000][1][safepoint    ] Leaving safepoint region
[2019-12-11T08:30:30.619+0000][1][safepoint    ] Total time for which application threads were stopped: 0.0241038 seconds, Stopping threads took: 0.0240361 seconds
[2019-12-11T08:30:31.621+0000][1][safepoint    ] Application time: 1.0018788 seconds
[2019-12-11T08:30:31.621+0000][1][safepoint    ] Entering safepoint region: Cleanup
[2019-12-11T08:30:31.621+0000][1][safepoint    ] Leaving safepoint region
[2019-12-11T08:30:31.621+0000][1][safepoint    ] Total time for which application threads were stopped: 0.0000898 seconds, Stopping threads took: 0.0000392 seconds
[2019-12-11T08:30:31.822+0000][1][safepoint    ] Application time: 0.2010468 seconds
[2019-12-11T08:30:31.822+0000][1][safepoint    ] Entering safepoint region: RevokeBias
[2019-12-11T08:30:31.822+0000][1][safepoint    ] Leaving safepoint region
[2019-12-11T08:30:31.822+0000][1][safepoint    ] Total time for which application threads were stopped: 0.0000824 seconds, Stopping threads took: 0.0000164 seconds
[2019-12-11T08:30:31.831+0000][1][safepoint    ] Application time: 0.0093099 seconds
[2019-12-11T08:30:31.831+0000][1][safepoint    ] Entering safepoint region: GenCollectForAllocation
[2019-12-11T08:30:31.831+0000][1][gc,start     ] GC(22) Pause Young (Allocation Failure)
[2019-12-11T08:30:31.832+0000][1][gc,task      ] GC(22) Using 2 workers of 2 for evacuation
[2019-12-11T08:30:31.972+0000][1][gc,age       ] GC(22) Desired survivor size 4456448 bytes, new threshold 2 (max threshold 6)
[2019-12-11T08:30:31.972+0000][1][gc,age       ] GC(22) Age table with threshold 2 (max threshold 6)
[2019-12-11T08:30:31.972+0000][1][gc,age       ] GC(22) - age   1:    3559920 bytes,    3559920 total
[2019-12-11T08:30:31.972+0000][1][gc,age       ] GC(22) - age   2:    1490592 bytes,    5050512 total
[2019-12-11T08:30:31.972+0000][1][gc,age       ] GC(22) - age   3:    2650808 bytes,    7701320 total
[2019-12-11T08:30:31.972+0000][1][gc,heap      ] GC(22) ParNew: 76420K->8704K(78656K)
[2019-12-11T08:30:31.972+0000][1][gc,heap      ] GC(22) CMS: 60373K->60565K(174784K)
[2019-12-11T08:30:31.972+0000][1][gc,metaspace ] GC(22) Metaspace: 62746K->62746K(1105920K)
[2019-12-11T08:30:31.972+0000][1][gc           ] GC(22) Pause Young (Allocation Failure) 133M->67M(247M) 140.872ms
[2019-12-11T08:30:31.972+0000][1][gc,cpu       ] GC(22) User=0.04s Sys=0.00s Real=0.14s
[2019-12-11T08:30:31.972+0000][1][safepoint    ] Leaving safepoint region
[2019-12-11T08:30:31.972+0000][1][safepoint    ] Total time for which application threads were stopped: 0.1410239 seconds, Stopping threads took: 0.0000158 seconds
[2019-12-11T08:30:32.718+0000][1][safepoint    ] Application time: 0.7458210 seconds
[2019-12-11T08:30:32.718+0000][1][safepoint    ] Entering safepoint region: RevokeBias
[2019-12-11T08:30:32.718+0000][1][safepoint    ] Leaving safepoint region
[2019-12-11T08:30:32.718+0000][1][safepoint    ] Total time for which application threads were stopped: 0.0001542 seconds, Stopping threads took: 0.0000148 seconds
[2019-12-11T08:30:32.719+0000][1][safepoint    ] Application time: 0.0000738 seconds
[2019-12-11T08:30:32.719+0000][1][safepoint    ] Entering safepoint region: RevokeBias
[2019-12-11T08:30:32.719+0000][1][safepoint    ] Leaving safepoint region
[2019-12-11T08:30:32.719+0000][1][safepoint    ] Total time for which application threads were stopped: 0.0000894 seconds, Stopping threads took: 0.0000087 seconds
[2019-12-11T08:30:32.719+0000][1][safepoint    ] Application time: 0.0000653 seconds
[2019-12-11T08:30:32.719+0000][1][safepoint    ] Entering safepoint region: RevokeBias
[2019-12-11T08:30:32.719+0000][1][safepoint    ] Leaving safepoint region
[2019-12-11T08:30:32.719+0000][1][safepoint    ] Total time for which application threads were stopped: 0.0000927 seconds, Stopping threads took: 0.0000082 seconds
[2019-12-11T08:30:32.719+0000][1][safepoint    ] Application time: 0.0000592 seconds
[2019-12-11T08:30:32.719+0000][1][safepoint    ] Entering safepoint region: RevokeBias
[2019-12-11T08:30:32.719+0000][1][safepoint    ] Leaving safepoint region
[2019-12-11T08:30:32.719+0000][1][safepoint    ] Total time for which application threads were stopped: 0.0000758 seconds, Stopping threads took: 0.0000072 seconds
[2019-12-11T08:30:32.719+0000][1][safepoint    ] Application time: 0.0000510 seconds
[2019-12-11T08:30:32.719+0000][1][safepoint    ] Entering safepoint region: RevokeBias
[2019-12-11T08:30:32.719+0000][1][safepoint    ] Leaving safepoint region
[2019-12-11T08:30:32.719+0000][1][safepoint    ] Total time for which application threads were stopped: 0.0000611 seconds, Stopping threads took: 0.0000066 seconds
[2019-12-11T08:30:32.719+0000][1][safepoint    ] Application time: 0.0000578 seconds
[2019-12-11T08:30:32.719+0000][1][safepoint    ] Entering safepoint region: RevokeBias
[2019-12-11T08:30:32.719+0000][1][safepoint    ] Leaving safepoint region
[2019-12-11T08:30:32.719+0000][1][safepoint    ] Total time for which application threads were stopped: 0.0000742 seconds, Stopping threads took: 0.0000083 seconds
[2019-12-11T08:30:32.719+0000][1][safepoint    ] Application time: 0.0000588 seconds
[2019-12-11T08:30:32.719+0000][1][safepoint    ] Entering safepoint region: RevokeBias
[2019-12-11T08:30:32.719+0000][1][safepoint    ] Leaving safepoint region
[2019-12-11T08:30:32.719+0000][1][safepoint    ] Total time for which application threads were stopped: 0.0000710 seconds, Stopping threads took: 0.0000071 seconds
[2019-12-11T08:30:32.719+0000][1][safepoint    ] Application time: 0.0000561 seconds
[2019-12-11T08:30:32.719+0000][1][safepoint    ] Entering safepoint region: RevokeBias
[2019-12-11T08:30:32.719+0000][1][safepoint    ] Leaving safepoint region
[2019-12-11T08:30:32.719+0000][1][safepoint    ] Total time for which application threads were stopped: 0.0000599 seconds, Stopping threads took: 0.0000072 seconds
[2019-12-11T08:30:32.816+0000][1][safepoint    ] Application time: 0.0961539 seconds
[2019-12-11T08:30:32.816+0000][1][safepoint    ] Entering safepoint region: Deoptimize
[2019-12-11T08:30:32.816+0000][1][safepoint    ] Leaving safepoint region
[2019-12-11T08:30:32.816+0000][1][safepoint    ] Total time for which application threads were stopped: 0.0006875 seconds, Stopping threads took: 0.0000158 seconds
[2019-12-11T08:30:32.867+0000][1][safepoint    ] Application time: 0.0506509 seconds
[2019-12-11T08:30:32.867+0000][1][safepoint    ] Entering safepoint region: BulkRevokeBias
[2019-12-11T08:30:32.867+0000][1][safepoint    ] Leaving safepoint region
[2019-12-11T08:30:32.867+0000][1][safepoint    ] Total time for which application threads were stopped: 0.0001887 seconds, Stopping threads took: 0.0000149 seconds
[2019-12-11T08:30:32.869+0000][1][safepoint    ] Application time: 0.0012205 seconds
[2019-12-11T08:30:32.869+0000][1][safepoint    ] Entering safepoint region: RevokeBias
[2019-12-11T08:30:32.869+0000][1][safepoint    ] Leaving safepoint region
[2019-12-11T08:30:32.869+0000][1][safepoint    ] Total time for which application threads were stopped: 0.0000747 seconds, Stopping threads took: 0.0000127 seconds
[2019-12-11T08:30:32.871+0000][1][safepoint    ] Application time: 0.0025864 seconds
[2019-12-11T08:30:32.871+0000][1][safepoint    ] Entering safepoint region: RevokeBias
[2019-12-11T08:30:32.871+0000][1][safepoint    ] Leaving safepoint region
[2019-12-11T08:30:32.871+0000][1][safepoint    ] Total time for which application threads were stopped: 0.0001149 seconds, Stopping threads took: 0.0000458 seconds
[2019-12-11T08:30:32.871+0000][1][safepoint    ] Application time: 0.0000709 seconds
[2019-12-11T08:30:32.871+0000][1][safepoint    ] Entering safepoint region: RevokeBias
[2019-12-11T08:30:32.871+0000][1][safepoint    ] Leaving safepoint region
[2019-12-11T08:30:32.871+0000][1][safepoint    ] Total time for which application threads were stopped: 0.0000605 seconds, Stopping threads took: 0.0000093 seconds
[2019-12-11T08:30:32.872+0000][1][safepoint    ] Application time: 0.0003735 seconds
[2019-12-11T08:30:32.872+0000][1][safepoint    ] Entering safepoint region: RevokeBias
[2019-12-11T08:30:32.872+0000][1][safepoint    ] Leaving safepoint region
[2019-12-11T08:30:32.872+0000][1][safepoint    ] Total time for which application threads were stopped: 0.0000597 seconds, Stopping threads took: 0.0000117 seconds
[2019-12-11T08:30:32.872+0000][1][safepoint    ] Application time: 0.0002043 seconds
[2019-12-11T08:30:32.872+0000][1][safepoint    ] Entering safepoint region: RevokeBias
[2019-12-11T08:30:32.872+0000][1][safepoint    ] Leaving safepoint region
[2019-12-11T08:30:32.872+0000][1][safepoint    ] Total time for which application threads were stopped: 0.0000594 seconds, Stopping threads took: 0.0000096 seconds
[2019-12-11T08:30:32.872+0000][1][safepoint    ] Application time: 0.0000610 seconds
[2019-12-11T08:30:32.872+0000][1][safepoint    ] Entering safepoint region: RevokeBias
[2019-12-11T08:30:32.872+0000][1][safepoint    ] Leaving safepoint region
[2019-12-11T08:30:32.872+0000][1][safepoint    ] Total time for which application threads were stopped: 0.0000463 seconds, Stopping threads took: 0.0000085 seconds
[2019-12-11T08:30:32.880+0000][1][safepoint    ] Application time: 0.0080180 seconds
[2019-12-11T08:30:32.880+0000][1][safepoint    ] Entering safepoint region: RevokeBias
[2019-12-11T08:30:32.880+0000][1][safepoint    ] Leaving safepoint region
[2019-12-11T08:30:32.880+0000][1][safepoint    ] Total time for which application threads were stopped: 0.0000796 seconds, Stopping threads took: 0.0000123 seconds
[2019-12-11T08:30:32.881+0000][1][safepoint    ] Application time: 0.0005491 seconds
[2019-12-11T08:30:32.881+0000][1][safepoint    ] Entering safepoint region: RevokeBias
[2019-12-11T08:30:32.881+0000][1][safepoint    ] Leaving safepoint region
[2019-12-11T08:30:32.881+0000][1][safepoint    ] Total time for which application threads were stopped: 0.0000685 seconds, Stopping threads took: 0.0000130 seconds
[2019-12-11T08:30:32.894+0000][1][safepoint    ] Application time: 0.0126517 seconds
[2019-12-11T08:30:32.894+0000][1][safepoint    ] Entering safepoint region: Deoptimize
[2019-12-11T08:30:32.894+0000][1][safepoint    ] Leaving safepoint region
[2019-12-11T08:30:32.894+0000][1][safepoint    ] Total time for which application threads were stopped: 0.0006305 seconds, Stopping threads took: 0.0000156 seconds
[2019-12-11T08:30:32.895+0000][1][safepoint    ] Application time: 0.0005923 seconds
[2019-12-11T08:30:32.895+0000][1][safepoint    ] Entering safepoint region: RevokeBias
[2019-12-11T08:30:32.895+0000][1][safepoint    ] Leaving safepoint region
[2019-12-11T08:30:32.895+0000][1][safepoint    ] Total time for which application threads were stopped: 0.0000478 seconds, Stopping threads took: 0.0000113 seconds
[2019-12-11T08:30:33.159+0000][1][safepoint    ] Application time: 0.2643417 seconds
[2019-12-11T08:30:33.168+0000][1][safepoint    ] Entering safepoint region: RevokeBias
[2019-12-11T08:30:33.168+0000][1][safepoint    ] Leaving safepoint region
[2019-12-11T08:30:33.168+0000][1][safepoint    ] Total time for which application threads were stopped: 0.0083668 seconds, Stopping threads took: 0.0082975 seconds
[2019-12-11T08:30:33.168+0000][1][safepoint    ] Application time: 0.0001362 seconds
[2019-12-11T08:30:33.168+0000][1][safepoint    ] Entering safepoint region: RevokeBias
[2019-12-11T08:30:33.168+0000][1][safepoint    ] Leaving safepoint region
[2019-12-11T08:30:33.168+0000][1][safepoint    ] Total time for which application threads were stopped: 0.0000358 seconds, Stopping threads took: 0.0000092 seconds
[2019-12-11T08:30:33.168+0000][1][safepoint    ] Application time: 0.0000711 seconds
[2019-12-11T08:30:33.168+0000][1][safepoint    ] Entering safepoint region: RevokeBias
[2019-12-11T08:30:33.168+0000][1][safepoint    ] Leaving safepoint region
[2019-12-11T08:30:33.168+0000][1][safepoint    ] Total time for which application threads were stopped: 0.0000298 seconds, Stopping threads took: 0.0000075 seconds
[2019-12-11T08:30:33.169+0000][1][safepoint    ] Application time: 0.0011905 seconds
[2019-12-11T08:30:33.169+0000][1][safepoint    ] Entering safepoint region: RevokeBias
[2019-12-11T08:30:33.169+0000][1][safepoint    ] Leaving safepoint region
[2019-12-11T08:30:33.169+0000][1][safepoint    ] Total time for which application threads were stopped: 0.0000643 seconds, Stopping threads took: 0.0000132 seconds
[2019-12-11T08:30:33.170+0000][1][safepoint    ] Application time: 0.0000621 seconds
[2019-12-11T08:30:33.170+0000][1][safepoint    ] Entering safepoint region: RevokeBias
[2019-12-11T08:30:33.170+0000][1][safepoint    ] Leaving safepoint region
[2019-12-11T08:30:33.170+0000][1][safepoint    ] Total time for which application threads were stopped: 0.0000424 seconds, Stopping threads took: 0.0000090 seconds
[2019-12-11T08:30:33.170+0000][1][safepoint    ] Application time: 0.0002987 seconds
[2019-12-11T08:30:33.170+0000][1][safepoint    ] Entering safepoint region: RevokeBias
[2019-12-11T08:30:33.170+0000][1][safepoint    ] Leaving safepoint region
[2019-12-11T08:30:33.170+0000][1][safepoint    ] Total time for which application threads were stopped: 0.0000489 seconds, Stopping threads took: 0.0000109 seconds
[2019-12-11T08:30:33.170+0000][1][safepoint    ] Application time: 0.0000546 seconds
[2019-12-11T08:30:33.170+0000][1][safepoint    ] Entering safepoint region: RevokeBias
[2019-12-11T08:30:33.170+0000][1][safepoint    ] Leaving safepoint region
[2019-12-11T08:30:33.170+0000][1][safepoint    ] Total time for which application threads were stopped: 0.0000401 seconds, Stopping threads took: 0.0000087 seconds
[2019-12-11T08:30:33.170+0000][1][safepoint    ] Application time: 0.0000546 seconds
[2019-12-11T08:30:33.170+0000][1][safepoint    ] Entering safepoint region: RevokeBias
[2019-12-11T08:30:33.170+0000][1][safepoint    ] Leaving safepoint region
[2019-12-11T08:30:33.170+0000][1][safepoint    ] Total time for which application threads were stopped: 0.0000402 seconds, Stopping threads took: 0.0000085 seconds
[2019-12-11T08:30:33.262+0000][1][safepoint    ] Application time: 0.0917990 seconds
[2019-12-11T08:30:33.308+0000][1][safepoint    ] Entering safepoint region: RevokeBias
[2019-12-11T08:30:33.308+0000][1][safepoint    ] Leaving safepoint region
[2019-12-11T08:30:33.308+0000][1][safepoint    ] Total time for which application threads were stopped: 0.0462072 seconds, Stopping threads took: 0.0460776 seconds
[2019-12-11T08:30:33.309+0000][1][safepoint    ] Application time: 0.0003561 seconds
[2019-12-11T08:30:33.309+0000][1][safepoint    ] Entering safepoint region: RevokeBias
[2019-12-11T08:30:33.309+0000][1][safepoint    ] Leaving safepoint region
[2019-12-11T08:30:33.309+0000][1][safepoint    ] Total time for which application threads were stopped: 0.0001281 seconds, Stopping threads took: 0.0000158 seconds
[2019-12-11T08:30:33.315+0000][1][safepoint    ] Application time: 0.0060449 seconds
[2019-12-11T08:30:33.347+0000][1][safepoint    ] Entering safepoint region: RevokeBias
[2019-12-11T08:30:33.347+0000][1][safepoint    ] Leaving safepoint region
[2019-12-11T08:30:33.347+0000][1][safepoint    ] Total time for which application threads were stopped: 0.0320401 seconds, Stopping threads took: 0.0319357 seconds
[2019-12-11T08:30:33.348+0000][1][safepoint    ] Application time: 0.0007133 seconds
[2019-12-11T08:30:33.348+0000][1][safepoint    ] Entering safepoint region: RevokeBias
[2019-12-11T08:30:33.348+0000][1][safepoint    ] Leaving safepoint region
[2019-12-11T08:30:33.348+0000][1][safepoint    ] Total time for which application threads were stopped: 0.0001154 seconds, Stopping threads took: 0.0000138 seconds
[2019-12-11T08:30:33.348+0000][1][safepoint    ] Application time: 0.0001293 seconds
[2019-12-11T08:30:33.348+0000][1][safepoint    ] Entering safepoint region: RevokeBias
[2019-12-11T08:30:33.348+0000][1][safepoint    ] Leaving safepoint region
[2019-12-11T08:30:33.348+0000][1][safepoint    ] Total time for which application threads were stopped: 0.0000703 seconds, Stopping threads took: 0.0000097 seconds
[2019-12-11T08:30:33.350+0000][1][safepoint    ] Application time: 0.0017683 seconds
[2019-12-11T08:30:33.350+0000][1][safepoint    ] Entering safepoint region: RevokeBias
[2019-12-11T08:30:33.350+0000][1][safepoint    ] Leaving safepoint region
[2019-12-11T08:30:33.350+0000][1][safepoint    ] Total time for which application threads were stopped: 0.0000642 seconds, Stopping threads took: 0.0000126 seconds
[2019-12-11T08:30:33.350+0000][1][safepoint    ] Application time: 0.0003321 seconds
[2019-12-11T08:30:33.350+0000][1][safepoint    ] Entering safepoint region: RevokeBias
[2019-12-11T08:30:33.350+0000][1][safepoint    ] Leaving safepoint region
[2019-12-11T08:30:33.350+0000][1][safepoint    ] Total time for which application threads were stopped: 0.0000594 seconds, Stopping threads took: 0.0000111 seconds
[2019-12-11T08:30:33.351+0000][1][safepoint    ] Application time: 0.0003362 seconds
[2019-12-11T08:30:33.351+0000][1][safepoint    ] Entering safepoint region: RevokeBias
[2019-12-11T08:30:33.351+0000][1][safepoint    ] Leaving safepoint region
[2019-12-11T08:30:33.351+0000][1][safepoint    ] Total time for which application threads were stopped: 0.0000587 seconds, Stopping threads took: 0.0000116 seconds
[2019-12-11T08:30:33.351+0000][1][safepoint    ] Application time: 0.0000764 seconds
[2019-12-11T08:30:33.351+0000][1][safepoint    ] Entering safepoint region: RevokeBias
[2019-12-11T08:30:33.351+0000][1][safepoint    ] Leaving safepoint region
[2019-12-11T08:30:33.351+0000][1][safepoint    ] Total time for which application threads were stopped: 0.0000528 seconds, Stopping threads took: 0.0000099 seconds
[2019-12-11T08:30:33.386+0000][1][safepoint    ] Application time: 0.0356703 seconds
[2019-12-11T08:30:33.423+0000][1][safepoint    ] Entering safepoint region: RevokeBias
[2019-12-11T08:30:33.423+0000][1][safepoint    ] Leaving safepoint region
[2019-12-11T08:30:33.423+0000][1][safepoint    ] Total time for which application threads were stopped: 0.0365232 seconds, Stopping threads took: 0.0364091 seconds
[2019-12-11T08:30:33.424+0000][1][safepoint    ] Application time: 0.0011411 seconds
[2019-12-11T08:30:33.424+0000][1][safepoint    ] Entering safepoint region: RevokeBias
[2019-12-11T08:30:33.424+0000][1][safepoint    ] Leaving safepoint region
[2019-12-11T08:30:33.424+0000][1][safepoint    ] Total time for which application threads were stopped: 0.0001303 seconds, Stopping threads took: 0.0000511 seconds
[2019-12-11T08:30:33.446+0000][1][safepoint    ] Application time: 0.0214503 seconds
[2019-12-11T08:30:33.446+0000][1][safepoint    ] Entering safepoint region: RevokeBias
[2019-12-11T08:30:33.446+0000][1][safepoint    ] Leaving safepoint region
[2019-12-11T08:30:33.446+0000][1][safepoint    ] Total time for which application threads were stopped: 0.0002193 seconds, Stopping threads took: 0.0001388 seconds
[2019-12-11T08:30:33.498+0000][1][safepoint    ] Application time: 0.0516536 seconds
[2019-12-11T08:30:33.563+0000][1][safepoint    ] Entering safepoint region: RevokeBias
[2019-12-11T08:30:33.563+0000][1][safepoint    ] Leaving safepoint region
[2019-12-11T08:30:33.563+0000][1][safepoint    ] Total time for which application threads were stopped: 0.0652026 seconds, Stopping threads took: 0.0650496 seconds
[2019-12-11T08:30:33.632+0000][1][safepoint    ] Application time: 0.0695054 seconds
[2019-12-11T08:30:33.645+0000][1][safepoint    ] Entering safepoint region: RevokeBias
[2019-12-11T08:30:33.645+0000][1][safepoint    ] Leaving safepoint region
[2019-12-11T08:30:33.645+0000][1][safepoint    ] Total time for which application threads were stopped: 0.0124922 seconds, Stopping threads took: 0.0123585 seconds
[2019-12-11T08:30:33.648+0000][1][safepoint    ] Application time: 0.0027524 seconds
[2019-12-11T08:30:33.649+0000][1][safepoint    ] Entering safepoint region: RevokeBias
[2019-12-11T08:30:33.649+0000][1][safepoint    ] Leaving safepoint region
[2019-12-11T08:30:33.649+0000][1][safepoint    ] Total time for which application threads were stopped: 0.0011007 seconds, Stopping threads took: 0.0010104 seconds
[2019-12-11T08:30:33.674+0000][1][safepoint    ] Application time: 0.0248843 seconds
[2019-12-11T08:30:33.674+0000][1][safepoint    ] Entering safepoint region: RevokeBias
[2019-12-11T08:30:33.674+0000][1][safepoint    ] Leaving safepoint region
[2019-12-11T08:30:33.674+0000][1][safepoint    ] Total time for which application threads were stopped: 0.0001018 seconds, Stopping threads took: 0.0000151 seconds
[2019-12-11T08:30:33.709+0000][1][safepoint    ] Application time: 0.0350356 seconds
[2019-12-11T08:30:33.709+0000][1][safepoint    ] Entering safepoint region: RevokeBias
[2019-12-11T08:30:33.709+0000][1][safepoint    ] Leaving safepoint region
[2019-12-11T08:30:33.709+0000][1][safepoint    ] Total time for which application threads were stopped: 0.0001772 seconds, Stopping threads took: 0.0000616 seconds
[2019-12-11T08:30:33.709+0000][1][safepoint    ] Application time: 0.0001340 seconds
[2019-12-11T08:30:33.709+0000][1][safepoint    ] Entering safepoint region: RevokeBias
[2019-12-11T08:30:33.709+0000][1][safepoint    ] Leaving safepoint region
[2019-12-11T08:30:33.709+0000][1][safepoint    ] Total time for which application threads were stopped: 0.0000986 seconds, Stopping threads took: 0.0000562 seconds
[2019-12-11T08:30:33.729+0000][1][safepoint    ] Application time: 0.0194430 seconds
[2019-12-11T08:30:33.729+0000][1][safepoint    ] Entering safepoint region: RevokeBias
[2019-12-11T08:30:33.729+0000][1][safepoint    ] Leaving safepoint region
[2019-12-11T08:30:33.729+0000][1][safepoint    ] Total time for which application threads were stopped: 0.0001040 seconds, Stopping threads took: 0.0000166 seconds
[2019-12-11T08:30:33.748+0000][1][safepoint    ] Application time: 0.0186961 seconds
[2019-12-11T08:30:33.748+0000][1][safepoint    ] Entering safepoint region: RevokeBias
[2019-12-11T08:30:33.748+0000][1][safepoint    ] Leaving safepoint region
[2019-12-11T08:30:33.748+0000][1][safepoint    ] Total time for which application threads were stopped: 0.0000985 seconds, Stopping threads took: 0.0000166 seconds
[2019-12-11T08:30:33.750+0000][1][safepoint    ] Application time: 0.0017418 seconds
[2019-12-11T08:30:33.750+0000][1][safepoint    ] Entering safepoint region: RevokeBias
[2019-12-11T08:30:33.750+0000][1][safepoint    ] Leaving safepoint region
[2019-12-11T08:30:33.750+0000][1][safepoint    ] Total time for which application threads were stopped: 0.0000989 seconds, Stopping threads took: 0.0000139 seconds
[2019-12-11T08:30:33.750+0000][1][safepoint    ] Application time: 0.0000846 seconds
[2019-12-11T08:30:33.750+0000][1][safepoint    ] Entering safepoint region: RevokeBias
[2019-12-11T08:30:33.750+0000][1][safepoint    ] Leaving safepoint region
[2019-12-11T08:30:33.750+0000][1][safepoint    ] Total time for which application threads were stopped: 0.0000907 seconds, Stopping threads took: 0.0000093 seconds
[2019-12-11T08:30:33.771+0000][1][safepoint    ] Application time: 0.0208772 seconds
[2019-12-11T08:30:33.775+0000][1][safepoint    ] Entering safepoint region: RevokeBias
[2019-12-11T08:30:33.775+0000][1][safepoint    ] Leaving safepoint region
[2019-12-11T08:30:33.775+0000][1][safepoint    ] Total time for which application threads were stopped: 0.0040848 seconds, Stopping threads took: 0.0039897 seconds
[2019-12-11T08:30:33.808+0000][1][safepoint    ] Application time: 0.0328032 seconds
[2019-12-11T08:30:33.808+0000][1][safepoint    ] Entering safepoint region: RevokeBias
[2019-12-11T08:30:33.808+0000][1][safepoint    ] Leaving safepoint region
[2019-12-11T08:30:33.808+0000][1][safepoint    ] Total time for which application threads were stopped: 0.0001071 seconds, Stopping threads took: 0.0000173 seconds
[2019-12-11T08:30:33.821+0000][1][safepoint    ] Application time: 0.0128765 seconds
[2019-12-11T08:30:33.821+0000][1][safepoint    ] Entering safepoint region: RevokeBias
[2019-12-11T08:30:33.821+0000][1][safepoint    ] Leaving safepoint region
[2019-12-11T08:30:33.821+0000][1][safepoint    ] Total time for which application threads were stopped: 0.0001129 seconds, Stopping threads took: 0.0000161 seconds
[2019-12-11T08:30:33.835+0000][1][safepoint    ] Application time: 0.0138204 seconds
[2019-12-11T08:30:33.835+0000][1][safepoint    ] Entering safepoint region: RevokeBias
[2019-12-11T08:30:33.835+0000][1][safepoint    ] Leaving safepoint region
[2019-12-11T08:30:33.835+0000][1][safepoint    ] Total time for which application threads were stopped: 0.0001974 seconds, Stopping threads took: 0.0000969 seconds
[2019-12-11T08:30:33.835+0000][1][safepoint    ] Application time: 0.0003908 seconds
[2019-12-11T08:30:33.835+0000][1][safepoint    ] Entering safepoint region: RevokeBias
[2019-12-11T08:30:33.835+0000][1][safepoint    ] Leaving safepoint region
[2019-12-11T08:30:33.836+0000][1][safepoint    ] Total time for which application threads were stopped: 0.0001315 seconds, Stopping threads took: 0.0000120 seconds
[2019-12-11T08:30:33.837+0000][1][safepoint    ] Application time: 0.0012251 seconds
[2019-12-11T08:30:33.837+0000][1][safepoint    ] Entering safepoint region: RevokeBias
[2019-12-11T08:30:33.837+0000][1][safepoint    ] Leaving safepoint region
[2019-12-11T08:30:33.837+0000][1][safepoint    ] Total time for which application threads were stopped: 0.0000876 seconds, Stopping threads took: 0.0000138 seconds
[2019-12-11T08:30:33.864+0000][1][safepoint    ] Application time: 0.0268820 seconds
[2019-12-11T08:30:33.869+0000][1][safepoint    ] Entering safepoint region: RevokeBias
[2019-12-11T08:30:33.869+0000][1][safepoint    ] Leaving safepoint region
[2019-12-11T08:30:33.869+0000][1][safepoint    ] Total time for which application threads were stopped: 0.0051976 seconds, Stopping threads took: 0.0051243 seconds
[2019-12-11T08:30:33.886+0000][1][safepoint    ] Application time: 0.0167443 seconds
[2019-12-11T08:30:33.900+0000][1][safepoint    ] Entering safepoint region: RevokeBias
[2019-12-11T08:30:33.900+0000][1][safepoint    ] Leaving safepoint region
[2019-12-11T08:30:33.900+0000][1][safepoint    ] Total time for which application threads were stopped: 0.0143544 seconds, Stopping threads took: 0.0141808 seconds
[2019-12-11T08:30:33.911+0000][1][safepoint    ] Application time: 0.0111734 seconds
[2019-12-11T08:30:33.911+0000][1][safepoint    ] Entering safepoint region: RevokeBias
[2019-12-11T08:30:33.912+0000][1][safepoint    ] Leaving safepoint region
[2019-12-11T08:30:33.912+0000][1][safepoint    ] Total time for which application threads were stopped: 0.0004965 seconds, Stopping threads took: 0.0000139 seconds
[2019-12-11T08:30:33.912+0000][1][safepoint    ] Application time: 0.0002583 seconds
[2019-12-11T08:30:33.912+0000][1][safepoint    ] Entering safepoint region: RevokeBias
[2019-12-11T08:30:33.912+0000][1][safepoint    ] Leaving safepoint region
[2019-12-11T08:30:33.912+0000][1][safepoint    ] Total time for which application threads were stopped: 0.0000829 seconds, Stopping threads took: 0.0000137 seconds
[2019-12-11T08:30:34.011+0000][1][safepoint    ] Application time: 0.0986593 seconds
[2019-12-11T08:30:34.014+0000][1][safepoint    ] Entering safepoint region: RevokeBias
[2019-12-11T08:30:34.014+0000][1][safepoint    ] Leaving safepoint region
[2019-12-11T08:30:34.014+0000][1][safepoint    ] Total time for which application threads were stopped: 0.0028989 seconds, Stopping threads took: 0.0027313 seconds
[2019-12-11T08:30:34.018+0000][1][safepoint    ] Application time: 0.0039734 seconds
[2019-12-11T08:30:34.018+0000][1][safepoint    ] Entering safepoint region: RevokeBias
[2019-12-11T08:30:34.018+0000][1][safepoint    ] Leaving safepoint region
[2019-12-11T08:30:34.018+0000][1][safepoint    ] Total time for which application threads were stopped: 0.0005141 seconds, Stopping threads took: 0.0004298 seconds
[2019-12-11T08:30:34.018+0000][1][safepoint    ] Application time: 0.0000855 seconds
[2019-12-11T08:30:34.018+0000][1][safepoint    ] Entering safepoint region: RevokeBias
[2019-12-11T08:30:34.018+0000][1][safepoint    ] Leaving safepoint region
[2019-12-11T08:30:34.018+0000][1][safepoint    ] Total time for which application threads were stopped: 0.0000726 seconds, Stopping threads took: 0.0000095 seconds
[2019-12-11T08:30:34.019+0000][1][safepoint    ] Application time: 0.0000571 seconds
[2019-12-11T08:30:34.019+0000][1][safepoint    ] Entering safepoint region: RevokeBias
[2019-12-11T08:30:34.019+0000][1][safepoint    ] Leaving safepoint region
[2019-12-11T08:30:34.019+0000][1][safepoint    ] Total time for which application threads were stopped: 0.0000549 seconds, Stopping threads took: 0.0000094 seconds
[2019-12-11T08:30:34.034+0000][1][safepoint    ] Application time: 0.0149701 seconds
[2019-12-11T08:30:34.037+0000][1][safepoint    ] Entering safepoint region: RevokeBias
[2019-12-11T08:30:34.037+0000][1][safepoint    ] Leaving safepoint region
[2019-12-11T08:30:34.037+0000][1][safepoint    ] Total time for which application threads were stopped: 0.0032232 seconds, Stopping threads took: 0.0031342 seconds
[2019-12-11T08:30:34.037+0000][1][safepoint    ] Application time: 0.0000654 seconds
[2019-12-11T08:30:34.037+0000][1][safepoint    ] Entering safepoint region: RevokeBias
[2019-12-11T08:30:34.037+0000][1][safepoint    ] Leaving safepoint region
[2019-12-11T08:30:34.037+0000][1][safepoint    ] Total time for which application threads were stopped: 0.0000717 seconds, Stopping threads took: 0.0000106 seconds
[2019-12-11T08:30:34.081+0000][1][safepoint    ] Application time: 0.0438624 seconds
[2019-12-11T08:30:34.090+0000][1][safepoint    ] Entering safepoint region: RevokeBias
[2019-12-11T08:30:34.090+0000][1][safepoint    ] Leaving safepoint region
[2019-12-11T08:30:34.090+0000][1][safepoint    ] Total time for which application threads were stopped: 0.0089360 seconds, Stopping threads took: 0.0088488 seconds
[2019-12-11T08:30:34.093+0000][1][safepoint    ] Application time: 0.0028901 seconds
[2019-12-11T08:30:34.093+0000][1][safepoint    ] Entering safepoint region: RevokeBias
[2019-12-11T08:30:34.093+0000][1][safepoint    ] Leaving safepoint region
[2019-12-11T08:30:34.093+0000][1][safepoint    ] Total time for which application threads were stopped: 0.0001032 seconds, Stopping threads took: 0.0000166 seconds
[2019-12-11T08:30:34.119+0000][1][safepoint    ] Application time: 0.0263185 seconds
[2019-12-11T08:30:34.119+0000][1][safepoint    ] Entering safepoint region: RevokeBias
[2019-12-11T08:30:34.119+0000][1][safepoint    ] Leaving safepoint region
[2019-12-11T08:30:34.119+0000][1][safepoint    ] Total time for which application threads were stopped: 0.0001235 seconds, Stopping threads took: 0.0000187 seconds
[2019-12-11T08:30:34.135+0000][1][safepoint    ] Application time: 0.0153739 seconds
[2019-12-11T08:30:34.135+0000][1][safepoint    ] Entering safepoint region: RevokeBias
[2019-12-11T08:30:34.135+0000][1][safepoint    ] Leaving safepoint region
[2019-12-11T08:30:34.135+0000][1][safepoint    ] Total time for which application threads were stopped: 0.0001688 seconds, Stopping threads took: 0.0000682 seconds
[2019-12-11T08:30:34.195+0000][1][safepoint    ] Application time: 0.0597255 seconds
[2019-12-11T08:30:34.282+0000][1][safepoint    ] Entering safepoint region: RevokeBias
[2019-12-11T08:30:34.282+0000][1][safepoint    ] Leaving safepoint region
[2019-12-11T08:30:34.282+0000][1][safepoint    ] Total time for which application threads were stopped: 0.0871913 seconds, Stopping threads took: 0.0870753 seconds
[2019-12-11T08:30:34.284+0000][1][safepoint    ] Application time: 0.0024402 seconds
[2019-12-11T08:30:34.284+0000][1][safepoint    ] Entering safepoint region: RevokeBias
[2019-12-11T08:30:34.284+0000][1][safepoint    ] Leaving safepoint region
[2019-12-11T08:30:34.284+0000][1][safepoint    ] Total time for which application threads were stopped: 0.0000889 seconds, Stopping threads took: 0.0000157 seconds
[2019-12-11T08:30:34.318+0000][1][safepoint    ] Application time: 0.0338671 seconds
[2019-12-11T08:30:34.318+0000][1][safepoint    ] Entering safepoint region: RevokeBias
[2019-12-11T08:30:34.318+0000][1][safepoint    ] Leaving safepoint region
[2019-12-11T08:30:34.319+0000][1][safepoint    ] Total time for which application threads were stopped: 0.0001057 seconds, Stopping threads took: 0.0000184 seconds
[2019-12-11T08:30:34.339+0000][1][safepoint    ] Application time: 0.0201565 seconds
[2019-12-11T08:30:34.339+0000][1][safepoint    ] Entering safepoint region: RevokeBias
[2019-12-11T08:30:34.339+0000][1][safepoint    ] Leaving safepoint region
[2019-12-11T08:30:34.339+0000][1][safepoint    ] Total time for which application threads were stopped: 0.0002135 seconds, Stopping threads took: 0.0001331 seconds
[2019-12-11T08:30:34.416+0000][1][safepoint    ] Application time: 0.0767560 seconds
[2019-12-11T08:30:34.416+0000][1][safepoint    ] Entering safepoint region: RevokeBias
[2019-12-11T08:30:34.416+0000][1][safepoint    ] Leaving safepoint region
[2019-12-11T08:30:34.416+0000][1][safepoint    ] Total time for which application threads were stopped: 0.0001659 seconds, Stopping threads took: 0.0000702 seconds
[2019-12-11T08:30:34.441+0000][1][safepoint    ] Application time: 0.0246515 seconds
[2019-12-11T08:30:34.441+0000][1][safepoint    ] Entering safepoint region: RevokeBias
[2019-12-11T08:30:34.441+0000][1][safepoint    ] Leaving safepoint region
[2019-12-11T08:30:34.441+0000][1][safepoint    ] Total time for which application threads were stopped: 0.0001219 seconds, Stopping threads took: 0.0000196 seconds
[2019-12-11T08:30:34.459+0000][1][safepoint    ] Application time: 0.0179317 seconds
[2019-12-11T08:30:34.459+0000][1][safepoint    ] Entering safepoint region: RevokeBias
[2019-12-11T08:30:34.459+0000][1][safepoint    ] Leaving safepoint region
[2019-12-11T08:30:34.459+0000][1][safepoint    ] Total time for which application threads were stopped: 0.0001045 seconds, Stopping threads took: 0.0000203 seconds
[2019-12-11T08:30:34.459+0000][1][safepoint    ] Application time: 0.0003403 seconds
[2019-12-11T08:30:34.459+0000][1][safepoint    ] Entering safepoint region: RevokeBias
[2019-12-11T08:30:34.459+0000][1][safepoint    ] Leaving safepoint region
[2019-12-11T08:30:34.459+0000][1][safepoint    ] Total time for which application threads were stopped: 0.0000644 seconds, Stopping threads took: 0.0000118 seconds
[2019-12-11T08:30:34.459+0000][1][safepoint    ] Application time: 0.0002299 seconds
[2019-12-11T08:30:34.459+0000][1][safepoint    ] Entering safepoint region: RevokeBias
[2019-12-11T08:30:34.460+0000][1][safepoint    ] Leaving safepoint region
[2019-12-11T08:30:34.460+0000][1][safepoint    ] Total time for which application threads were stopped: 0.0000545 seconds, Stopping threads took: 0.0000111 seconds
[2019-12-11T08:30:34.460+0000][1][safepoint    ] Application time: 0.0002631 seconds
[2019-12-11T08:30:34.460+0000][1][safepoint    ] Entering safepoint region: RevokeBias
[2019-12-11T08:30:34.460+0000][1][safepoint    ] Leaving safepoint region
[2019-12-11T08:30:34.460+0000][1][safepoint    ] Total time for which application threads were stopped: 0.0000553 seconds, Stopping threads took: 0.0000110 seconds
[2019-12-11T08:30:34.468+0000][1][safepoint    ] Application time: 0.0078082 seconds
[2019-12-11T08:30:34.468+0000][1][safepoint    ] Entering safepoint region: RevokeBias
[2019-12-11T08:30:34.468+0000][1][safepoint    ] Leaving safepoint region
[2019-12-11T08:30:34.468+0000][1][safepoint    ] Total time for which application threads were stopped: 0.0000692 seconds, Stopping threads took: 0.0000145 seconds
[2019-12-11T08:30:34.480+0000][1][safepoint    ] Application time: 0.0126222 seconds
[2019-12-11T08:30:34.511+0000][1][safepoint    ] Entering safepoint region: RevokeBias
[2019-12-11T08:30:34.511+0000][1][safepoint    ] Leaving safepoint region
[2019-12-11T08:30:34.511+0000][1][safepoint    ] Total time for which application threads were stopped: 0.0305300 seconds, Stopping threads took: 0.0304234 seconds
[2019-12-11T08:30:34.528+0000][1][safepoint    ] Application time: 0.0171787 seconds
[2019-12-11T08:30:34.563+0000][1][safepoint    ] Entering safepoint region: RevokeBias
[2019-12-11T08:30:34.563+0000][1][safepoint    ] Leaving safepoint region
[2019-12-11T08:30:34.563+0000][1][safepoint    ] Total time for which application threads were stopped: 0.0346596 seconds, Stopping threads took: 0.0345494 seconds
[2019-12-11T08:30:34.579+0000][1][safepoint    ] Application time: 0.0159085 seconds
[2019-12-11T08:30:34.579+0000][1][safepoint    ] Entering safepoint region: RevokeBias
[2019-12-11T08:30:34.579+0000][1][safepoint    ] Leaving safepoint region
[2019-12-11T08:30:34.579+0000][1][safepoint    ] Total time for which application threads were stopped: 0.0004460 seconds, Stopping threads took: 0.0003570 seconds
[2019-12-11T08:30:34.580+0000][1][safepoint    ] Application time: 0.0004342 seconds
[2019-12-11T08:30:34.580+0000][1][safepoint    ] Entering safepoint region: RevokeBias
[2019-12-11T08:30:34.580+0000][1][safepoint    ] Leaving safepoint region
[2019-12-11T08:30:34.580+0000][1][safepoint    ] Total time for which application threads were stopped: 0.0000877 seconds, Stopping threads took: 0.0000151 seconds
[2019-12-11T08:30:34.581+0000][1][safepoint    ] Application time: 0.0008743 seconds
[2019-12-11T08:30:34.581+0000][1][safepoint    ] Entering safepoint region: RevokeBias
[2019-12-11T08:30:34.581+0000][1][safepoint    ] Leaving safepoint region
[2019-12-11T08:30:34.581+0000][1][safepoint    ] Total time for which application threads were stopped: 0.0000726 seconds, Stopping threads took: 0.0000128 seconds
[2019-12-11T08:30:34.582+0000][1][safepoint    ] Application time: 0.0015212 seconds
[2019-12-11T08:30:34.582+0000][1][safepoint    ] Entering safepoint region: RevokeBias
[2019-12-11T08:30:34.582+0000][1][safepoint    ] Leaving safepoint region
[2019-12-11T08:30:34.582+0000][1][safepoint    ] Total time for which application threads were stopped: 0.0000629 seconds, Stopping threads took: 0.0000110 seconds
[2019-12-11T08:30:34.583+0000][1][safepoint    ] Application time: 0.0004073 seconds
[2019-12-11T08:30:34.583+0000][1][safepoint    ] Entering safepoint region: RevokeBias
[2019-12-11T08:30:34.583+0000][1][safepoint    ] Leaving safepoint region
[2019-12-11T08:30:34.583+0000][1][safepoint    ] Total time for which application threads were stopped: 0.0000636 seconds, Stopping threads took: 0.0000112 seconds
[2019-12-11T08:30:34.615+0000][1][safepoint    ] Application time: 0.0322959 seconds
[2019-12-11T08:30:34.617+0000][1][safepoint    ] Entering safepoint region: RevokeBias
[2019-12-11T08:30:34.617+0000][1][safepoint    ] Leaving safepoint region
[2019-12-11T08:30:34.617+0000][1][safepoint    ] Total time for which application threads were stopped: 0.0019199 seconds, Stopping threads took: 0.0018135 seconds
[2019-12-11T08:30:34.623+0000][1][safepoint    ] Application time: 0.0062060 seconds
[2019-12-11T08:30:34.623+0000][1][safepoint    ] Entering safepoint region: RevokeBias
[2019-12-11T08:30:34.624+0000][1][safepoint    ] Leaving safepoint region
[2019-12-11T08:30:34.624+0000][1][safepoint    ] Total time for which application threads were stopped: 0.0001399 seconds, Stopping threads took: 0.0000516 seconds
[2019-12-11T08:30:34.624+0000][1][safepoint    ] Application time: 0.0004313 seconds
[2019-12-11T08:30:34.624+0000][1][safepoint    ] Entering safepoint region: RevokeBias
[2019-12-11T08:30:34.624+0000][1][safepoint    ] Leaving safepoint region
[2019-12-11T08:30:34.624+0000][1][safepoint    ] Total time for which application threads were stopped: 0.0000814 seconds, Stopping threads took: 0.0000134 seconds
[2019-12-11T08:30:34.638+0000][1][safepoint    ] Application time: 0.0134865 seconds
[2019-12-11T08:30:34.638+0000][1][safepoint    ] Entering safepoint region: RevokeBias
[2019-12-11T08:30:34.638+0000][1][safepoint    ] Leaving safepoint region
[2019-12-11T08:30:34.638+0000][1][safepoint    ] Total time for which application threads were stopped: 0.0001168 seconds, Stopping threads took: 0.0000175 seconds
[2019-12-11T08:30:34.706+0000][1][safepoint    ] Application time: 0.0681689 seconds
[2019-12-11T08:30:34.739+0000][1][safepoint    ] Entering safepoint region: RevokeBias
[2019-12-11T08:30:34.739+0000][1][safepoint    ] Leaving safepoint region
[2019-12-11T08:30:34.739+0000][1][safepoint    ] Total time for which application threads were stopped: 0.0330313 seconds, Stopping threads took: 0.0328254 seconds
[2019-12-11T08:30:34.739+0000][1][safepoint    ] Application time: 0.0005344 seconds
[2019-12-11T08:30:34.740+0000][1][safepoint    ] Entering safepoint region: RevokeBias
[2019-12-11T08:30:34.740+0000][1][safepoint    ] Leaving safepoint region
[2019-12-11T08:30:34.740+0000][1][safepoint    ] Total time for which application threads were stopped: 0.0004685 seconds, Stopping threads took: 0.0000155 seconds
[2019-12-11T08:30:34.776+0000][1][safepoint    ] Application time: 0.0357816 seconds
[2019-12-11T08:30:34.797+0000][1][safepoint    ] Entering safepoint region: BulkRevokeBias
[2019-12-11T08:30:34.797+0000][1][safepoint    ] Leaving safepoint region
[2019-12-11T08:30:34.797+0000][1][safepoint    ] Total time for which application threads were stopped: 0.0213064 seconds, Stopping threads took: 0.0208287 seconds
[2019-12-11T08:30:34.818+0000][1][safepoint    ] Application time: 0.0209573 seconds
[2019-12-11T08:30:34.818+0000][1][safepoint    ] Entering safepoint region: RevokeBias
[2019-12-11T08:30:34.818+0000][1][safepoint    ] Leaving safepoint region
[2019-12-11T08:30:34.818+0000][1][safepoint    ] Total time for which application threads were stopped: 0.0002022 seconds, Stopping threads took: 0.0000871 seconds
[2019-12-11T08:30:34.819+0000][1][safepoint    ] Application time: 0.0002777 seconds
[2019-12-11T08:30:34.819+0000][1][safepoint    ] Entering safepoint region: RevokeBias
[2019-12-11T08:30:34.819+0000][1][safepoint    ] Leaving safepoint region
[2019-12-11T08:30:34.819+0000][1][safepoint    ] Total time for which application threads were stopped: 0.0001167 seconds, Stopping threads took: 0.0000141 seconds
[2019-12-11T08:30:34.819+0000][1][safepoint    ] Application time: 0.0002338 seconds
[2019-12-11T08:30:34.819+0000][1][safepoint    ] Entering safepoint region: RevokeBias
[2019-12-11T08:30:34.819+0000][1][safepoint    ] Leaving safepoint region
[2019-12-11T08:30:34.819+0000][1][safepoint    ] Total time for which application threads were stopped: 0.0000835 seconds, Stopping threads took: 0.0000121 seconds
[2019-12-11T08:30:34.820+0000][1][safepoint    ] Application time: 0.0005409 seconds
[2019-12-11T08:30:34.820+0000][1][safepoint    ] Entering safepoint region: RevokeBias
[2019-12-11T08:30:34.820+0000][1][safepoint    ] Leaving safepoint region
[2019-12-11T08:30:34.820+0000][1][safepoint    ] Total time for which application threads were stopped: 0.0001158 seconds, Stopping threads took: 0.0000126 seconds
[2019-12-11T08:30:34.835+0000][1][safepoint    ] Application time: 0.0149379 seconds
[2019-12-11T08:30:34.835+0000][1][safepoint    ] Entering safepoint region: RevokeBias
[2019-12-11T08:30:34.835+0000][1][safepoint    ] Leaving safepoint region
[2019-12-11T08:30:34.835+0000][1][safepoint    ] Total time for which application threads were stopped: 0.0001339 seconds, Stopping threads took: 0.0000200 seconds
[2019-12-11T08:30:34.835+0000][1][safepoint    ] Application time: 0.0004579 seconds
[2019-12-11T08:30:34.835+0000][1][safepoint    ] Entering safepoint region: RevokeBias
[2019-12-11T08:30:34.835+0000][1][safepoint    ] Leaving safepoint region
[2019-12-11T08:30:34.835+0000][1][safepoint    ] Total time for which application threads were stopped: 0.0001111 seconds, Stopping threads took: 0.0000155 seconds
[2019-12-11T08:30:34.836+0000][1][safepoint    ] Application time: 0.0003950 seconds
[2019-12-11T08:30:34.836+0000][1][safepoint    ] Entering safepoint region: RevokeBias
[2019-12-11T08:30:34.836+0000][1][safepoint    ] Leaving safepoint region
[2019-12-11T08:30:34.836+0000][1][safepoint    ] Total time for which application threads were stopped: 0.0000829 seconds, Stopping threads took: 0.0000129 seconds
[2019-12-11T08:30:34.837+0000][1][safepoint    ] Application time: 0.0013605 seconds
[2019-12-11T08:30:34.837+0000][1][safepoint    ] Entering safepoint region: RevokeBias
[2019-12-11T08:30:34.837+0000][1][safepoint    ] Leaving safepoint region
[2019-12-11T08:30:34.837+0000][1][safepoint    ] Total time for which application threads were stopped: 0.0000521 seconds, Stopping threads took: 0.0000117 seconds
[2019-12-11T08:30:34.884+0000][1][safepoint    ] Application time: 0.0466328 seconds
[2019-12-11T08:30:34.884+0000][1][safepoint    ] Entering safepoint region: RevokeBias
[2019-12-11T08:30:34.884+0000][1][safepoint    ] Leaving safepoint region
[2019-12-11T08:30:34.884+0000][1][safepoint    ] Total time for which application threads were stopped: 0.0001128 seconds, Stopping threads took: 0.0000204 seconds
[2019-12-11T08:30:34.961+0000][1][safepoint    ] Application time: 0.0768427 seconds
[2019-12-11T08:30:34.961+0000][1][safepoint    ] Entering safepoint region: RevokeBias
[2019-12-11T08:30:34.961+0000][1][safepoint    ] Leaving safepoint region
[2019-12-11T08:30:34.961+0000][1][safepoint    ] Total time for which application threads were stopped: 0.0001033 seconds, Stopping threads took: 0.0000177 seconds
[2019-12-11T08:30:34.962+0000][1][safepoint    ] Application time: 0.0005061 seconds
[2019-12-11T08:30:34.962+0000][1][safepoint    ] Entering safepoint region: RevokeBias
[2019-12-11T08:30:34.962+0000][1][safepoint    ] Leaving safepoint region
[2019-12-11T08:30:34.962+0000][1][safepoint    ] Total time for which application threads were stopped: 0.0000759 seconds, Stopping threads took: 0.0000154 seconds
[2019-12-11T08:30:35.075+0000][1][safepoint    ] Application time: 0.1128769 seconds
[2019-12-11T08:30:35.075+0000][1][safepoint    ] Entering safepoint region: RevokeBias
[2019-12-11T08:30:35.075+0000][1][safepoint    ] Leaving safepoint region
[2019-12-11T08:30:35.075+0000][1][safepoint    ] Total time for which application threads were stopped: 0.0001181 seconds, Stopping threads took: 0.0000235 seconds
[2019-12-11T08:30:35.158+0000][1][safepoint    ] Application time: 0.0832475 seconds
[2019-12-11T08:30:35.158+0000][1][safepoint    ] Entering safepoint region: RevokeBias
[2019-12-11T08:30:35.158+0000][1][safepoint    ] Leaving safepoint region
[2019-12-11T08:30:35.158+0000][1][safepoint    ] Total time for which application threads were stopped: 0.0001015 seconds, Stopping threads took: 0.0000173 seconds
[2019-12-11T08:30:35.202+0000][1][safepoint    ] Application time: 0.0434303 seconds
[2019-12-11T08:30:35.251+0000][1][safepoint    ] Entering safepoint region: RevokeBias
[2019-12-11T08:30:35.251+0000][1][safepoint    ] Leaving safepoint region
[2019-12-11T08:30:35.251+0000][1][safepoint    ] Total time for which application threads were stopped: 0.0491449 seconds, Stopping threads took: 0.0490486 seconds
[2019-12-11T08:30:35.308+0000][1][safepoint    ] Application time: 0.0566587 seconds
[2019-12-11T08:30:35.308+0000][1][safepoint    ] Entering safepoint region: RevokeBias
[2019-12-11T08:30:35.308+0000][1][safepoint    ] Leaving safepoint region
[2019-12-11T08:30:35.308+0000][1][safepoint    ] Total time for which application threads were stopped: 0.0003900 seconds, Stopping threads took: 0.0002940 seconds
[2019-12-11T08:30:35.308+0000][1][safepoint    ] Application time: 0.0004557 seconds
[2019-12-11T08:30:35.308+0000][1][safepoint    ] Entering safepoint region: RevokeBias
[2019-12-11T08:30:35.309+0000][1][safepoint    ] Leaving safepoint region
[2019-12-11T08:30:35.309+0000][1][safepoint    ] Total time for which application threads were stopped: 0.0000836 seconds, Stopping threads took: 0.0000146 seconds
[2019-12-11T08:30:35.414+0000][1][safepoint    ] Application time: 0.1051858 seconds
[2019-12-11T08:30:35.460+0000][1][safepoint    ] Entering safepoint region: RevokeBias
[2019-12-11T08:30:35.460+0000][1][safepoint    ] Leaving safepoint region
[2019-12-11T08:30:35.460+0000][1][safepoint    ] Total time for which application threads were stopped: 0.0461722 seconds, Stopping threads took: 0.0460494 seconds
[2019-12-11T08:30:35.468+0000][1][safepoint    ] Application time: 0.0077706 seconds
[2019-12-11T08:30:35.489+0000][1][safepoint    ] Entering safepoint region: RevokeBias
[2019-12-11T08:30:35.489+0000][1][safepoint    ] Leaving safepoint region
[2019-12-11T08:30:35.489+0000][1][safepoint    ] Total time for which application threads were stopped: 0.0211327 seconds, Stopping threads took: 0.0209801 seconds
[2019-12-11T08:30:35.491+0000][1][safepoint    ] Application time: 0.0025344 seconds
[2019-12-11T08:30:35.493+0000][1][safepoint    ] Entering safepoint region: RevokeBias
[2019-12-11T08:30:35.493+0000][1][safepoint    ] Leaving safepoint region
[2019-12-11T08:30:35.493+0000][1][safepoint    ] Total time for which application threads were stopped: 0.0015344 seconds, Stopping threads took: 0.0014104 seconds
[2019-12-11T08:30:35.539+0000][1][safepoint    ] Application time: 0.0457046 seconds
[2019-12-11T08:30:35.539+0000][1][safepoint    ] Entering safepoint region: RevokeBias
[2019-12-11T08:30:35.539+0000][1][safepoint    ] Leaving safepoint region
[2019-12-11T08:30:35.539+0000][1][safepoint    ] Total time for which application threads were stopped: 0.0001503 seconds, Stopping threads took: 0.0000221 seconds
[2019-12-11T08:30:35.543+0000][1][safepoint    ] Application time: 0.0035966 seconds
[2019-12-11T08:30:35.543+0000][1][safepoint    ] Entering safepoint region: Deoptimize
[2019-12-11T08:30:35.543+0000][1][safepoint    ] Leaving safepoint region
[2019-12-11T08:30:35.543+0000][1][safepoint    ] Total time for which application threads were stopped: 0.0007793 seconds, Stopping threads took: 0.0000174 seconds
[2019-12-11T08:30:35.544+0000][1][safepoint    ] Application time: 0.0002396 seconds
[2019-12-11T08:30:35.544+0000][1][safepoint    ] Entering safepoint region: RevokeBias
[2019-12-11T08:30:35.544+0000][1][safepoint    ] Leaving safepoint region
[2019-12-11T08:30:35.544+0000][1][safepoint    ] Total time for which application threads were stopped: 0.0001271 seconds, Stopping threads took: 0.0000149 seconds
[2019-12-11T08:30:35.574+0000][1][safepoint    ] Application time: 0.0306023 seconds
[2019-12-11T08:30:35.574+0000][1][safepoint    ] Entering safepoint region: RevokeBias
[2019-12-11T08:30:35.574+0000][1][safepoint    ] Leaving safepoint region
[2019-12-11T08:30:35.574+0000][1][safepoint    ] Total time for which application threads were stopped: 0.0001086 seconds, Stopping threads took: 0.0000195 seconds
[2019-12-11T08:30:35.575+0000][1][safepoint    ] Application time: 0.0000629 seconds
[2019-12-11T08:30:35.575+0000][1][safepoint    ] Entering safepoint region: RevokeBias
[2019-12-11T08:30:35.575+0000][1][safepoint    ] Leaving safepoint region
[2019-12-11T08:30:35.575+0000][1][safepoint    ] Total time for which application threads were stopped: 0.0000578 seconds, Stopping threads took: 0.0000092 seconds
[2019-12-11T08:30:35.677+0000][1][safepoint    ] Application time: 0.1023817 seconds
[2019-12-11T08:30:35.745+0000][1][safepoint    ] Entering safepoint region: RevokeBias
[2019-12-11T08:30:35.745+0000][1][safepoint    ] Leaving safepoint region
[2019-12-11T08:30:35.745+0000][1][safepoint    ] Total time for which application threads were stopped: 0.0679092 seconds, Stopping threads took: 0.0677601 seconds
[2019-12-11T08:30:35.746+0000][1][safepoint    ] Application time: 0.0012331 seconds
[2019-12-11T08:30:35.746+0000][1][safepoint    ] Entering safepoint region: RevokeBias
[2019-12-11T08:30:35.746+0000][1][safepoint    ] Leaving safepoint region
[2019-12-11T08:30:35.746+0000][1][safepoint    ] Total time for which application threads were stopped: 0.0001143 seconds, Stopping threads took: 0.0000158 seconds
[2019-12-11T08:30:35.747+0000][1][safepoint    ] Application time: 0.0002081 seconds
[2019-12-11T08:30:35.747+0000][1][safepoint    ] Entering safepoint region: RevokeBias
[2019-12-11T08:30:35.747+0000][1][safepoint    ] Leaving safepoint region
[2019-12-11T08:30:35.747+0000][1][safepoint    ] Total time for which application threads were stopped: 0.0000866 seconds, Stopping threads took: 0.0000116 seconds
[2019-12-11T08:30:35.747+0000][1][safepoint    ] Application time: 0.0002985 seconds
[2019-12-11T08:30:35.747+0000][1][safepoint    ] Entering safepoint region: RevokeBias
[2019-12-11T08:30:35.747+0000][1][safepoint    ] Leaving safepoint region
[2019-12-11T08:30:35.747+0000][1][safepoint    ] Total time for which application threads were stopped: 0.0000923 seconds, Stopping threads took: 0.0000113 seconds
[2019-12-11T08:30:35.785+0000][1][safepoint    ] Application time: 0.0383558 seconds
[2019-12-11T08:30:35.785+0000][1][safepoint    ] Entering safepoint region: BulkRevokeBias
[2019-12-11T08:30:35.786+0000][1][safepoint    ] Leaving safepoint region
[2019-12-11T08:30:35.786+0000][1][safepoint    ] Total time for which application threads were stopped: 0.0008298 seconds, Stopping threads took: 0.0000189 seconds
[2019-12-11T08:30:35.788+0000][1][safepoint    ] Application time: 0.0018501 seconds
[2019-12-11T08:30:35.788+0000][1][safepoint    ] Entering safepoint region: RevokeBias
[2019-12-11T08:30:35.788+0000][1][safepoint    ] Leaving safepoint region
[2019-12-11T08:30:35.788+0000][1][safepoint    ] Total time for which application threads were stopped: 0.0000902 seconds, Stopping threads took: 0.0000170 seconds
[2019-12-11T08:30:35.789+0000][1][safepoint    ] Application time: 0.0003417 seconds
[2019-12-11T08:30:35.789+0000][1][safepoint    ] Entering safepoint region: RevokeBias
[2019-12-11T08:30:35.789+0000][1][safepoint    ] Leaving safepoint region
[2019-12-11T08:30:35.789+0000][1][safepoint    ] Total time for which application threads were stopped: 0.0000834 seconds, Stopping threads took: 0.0000123 seconds
[2019-12-11T08:30:35.805+0000][1][safepoint    ] Application time: 0.0164287 seconds
[2019-12-11T08:30:35.883+0000][1][safepoint    ] Entering safepoint region: RevokeBias
[2019-12-11T08:30:35.883+0000][1][safepoint    ] Leaving safepoint region
[2019-12-11T08:30:35.883+0000][1][safepoint    ] Total time for which application threads were stopped: 0.0776591 seconds, Stopping threads took: 0.0775629 seconds
[2019-12-11T08:30:35.885+0000][1][safepoint    ] Application time: 0.0022205 seconds
[2019-12-11T08:30:35.885+0000][1][safepoint    ] Entering safepoint region: RevokeBias
[2019-12-11T08:30:35.885+0000][1][safepoint    ] Leaving safepoint region
[2019-12-11T08:30:35.885+0000][1][safepoint    ] Total time for which application threads were stopped: 0.0000960 seconds, Stopping threads took: 0.0000169 seconds
[2019-12-11T08:30:35.886+0000][1][safepoint    ] Application time: 0.0004752 seconds
[2019-12-11T08:30:35.886+0000][1][safepoint    ] Entering safepoint region: RevokeBias
[2019-12-11T08:30:35.886+0000][1][safepoint    ] Leaving safepoint region
[2019-12-11T08:30:35.886+0000][1][safepoint    ] Total time for which application threads were stopped: 0.0000705 seconds, Stopping threads took: 0.0000162 seconds
[2019-12-11T08:30:35.886+0000][1][safepoint    ] Application time: 0.0002005 seconds
[2019-12-11T08:30:35.886+0000][1][safepoint    ] Entering safepoint region: RevokeBias
[2019-12-11T08:30:35.886+0000][1][safepoint    ] Leaving safepoint region
[2019-12-11T08:30:35.886+0000][1][safepoint    ] Total time for which application threads were stopped: 0.0000510 seconds, Stopping threads took: 0.0000089 seconds
[2019-12-11T08:30:35.886+0000][1][safepoint    ] Application time: 0.0003306 seconds
[2019-12-11T08:30:35.886+0000][1][safepoint    ] Entering safepoint region: RevokeBias
[2019-12-11T08:30:35.886+0000][1][safepoint    ] Leaving safepoint region
[2019-12-11T08:30:35.886+0000][1][safepoint    ] Total time for which application threads were stopped: 0.0000690 seconds, Stopping threads took: 0.0000105 seconds
[2019-12-11T08:30:35.887+0000][1][safepoint    ] Application time: 0.0009073 seconds
[2019-12-11T08:30:35.887+0000][1][safepoint    ] Entering safepoint region: RevokeBias
[2019-12-11T08:30:35.887+0000][1][safepoint    ] Leaving safepoint region
[2019-12-11T08:30:35.887+0000][1][safepoint    ] Total time for which application threads were stopped: 0.0000621 seconds, Stopping threads took: 0.0000122 seconds
[2019-12-11T08:30:35.888+0000][1][safepoint    ] Application time: 0.0002396 seconds
[2019-12-11T08:30:35.888+0000][1][safepoint    ] Entering safepoint region: RevokeBias
[2019-12-11T08:30:35.888+0000][1][safepoint    ] Leaving safepoint region
[2019-12-11T08:30:35.888+0000][1][safepoint    ] Total time for which application threads were stopped: 0.0000498 seconds, Stopping threads took: 0.0000096 seconds
[2019-12-11T08:30:35.892+0000][1][safepoint    ] Application time: 0.0045560 seconds
[2019-12-11T08:30:35.892+0000][1][safepoint    ] Entering safepoint region: RevokeBias
[2019-12-11T08:30:35.893+0000][1][safepoint    ] Leaving safepoint region
[2019-12-11T08:30:35.893+0000][1][safepoint    ] Total time for which application threads were stopped: 0.0001704 seconds, Stopping threads took: 0.0000987 seconds
[2019-12-11T08:30:35.893+0000][1][safepoint    ] Application time: 0.0002119 seconds
[2019-12-11T08:30:35.893+0000][1][safepoint    ] Entering safepoint region: RevokeBias
[2019-12-11T08:30:35.893+0000][1][safepoint    ] Leaving safepoint region
[2019-12-11T08:30:35.893+0000][1][safepoint    ] Total time for which application threads were stopped: 0.0000723 seconds, Stopping threads took: 0.0000093 seconds
[2019-12-11T08:30:35.893+0000][1][safepoint    ] Application time: 0.0001132 seconds
[2019-12-11T08:30:35.893+0000][1][safepoint    ] Entering safepoint region: RevokeBias
[2019-12-11T08:30:35.893+0000][1][safepoint    ] Leaving safepoint region
[2019-12-11T08:30:35.893+0000][1][safepoint    ] Total time for which application threads were stopped: 0.0000641 seconds, Stopping threads took: 0.0000081 seconds
[2019-12-11T08:30:35.893+0000][1][safepoint    ] Application time: 0.0001589 seconds
[2019-12-11T08:30:35.893+0000][1][safepoint    ] Entering safepoint region: RevokeBias
[2019-12-11T08:30:35.893+0000][1][safepoint    ] Leaving safepoint region
[2019-12-11T08:30:35.893+0000][1][safepoint    ] Total time for which application threads were stopped: 0.0000715 seconds, Stopping threads took: 0.0000093 seconds
[2019-12-11T08:30:35.894+0000][1][safepoint    ] Application time: 0.0003101 seconds
[2019-12-11T08:30:35.894+0000][1][safepoint    ] Entering safepoint region: RevokeBias
[2019-12-11T08:30:35.894+0000][1][safepoint    ] Leaving safepoint region
[2019-12-11T08:30:35.894+0000][1][safepoint    ] Total time for which application threads were stopped: 0.0000919 seconds, Stopping threads took: 0.0000106 seconds
[2019-12-11T08:30:35.894+0000][1][safepoint    ] Application time: 0.0002449 seconds
[2019-12-11T08:30:35.894+0000][1][safepoint    ] Entering safepoint region: RevokeBias
[2019-12-11T08:30:35.894+0000][1][safepoint    ] Leaving safepoint region
[2019-12-11T08:30:35.894+0000][1][safepoint    ] Total time for which application threads were stopped: 0.0000747 seconds, Stopping threads took: 0.0000111 seconds
[2019-12-11T08:30:35.977+0000][1][safepoint    ] Application time: 0.0826584 seconds
[2019-12-11T08:30:35.980+0000][1][safepoint    ] Entering safepoint region: RevokeBias
[2019-12-11T08:30:35.980+0000][1][safepoint    ] Leaving safepoint region
[2019-12-11T08:30:35.980+0000][1][safepoint    ] Total time for which application threads were stopped: 0.0032363 seconds, Stopping threads took: 0.0030897 seconds
[2019-12-11T08:30:35.997+0000][1][safepoint    ] Application time: 0.0174258 seconds
[2019-12-11T08:30:36.023+0000][1][safepoint    ] Entering safepoint region: RevokeBias
[2019-12-11T08:30:36.023+0000][1][safepoint    ] Leaving safepoint region
[2019-12-11T08:30:36.023+0000][1][safepoint    ] Total time for which application threads were stopped: 0.0254925 seconds, Stopping threads took: 0.0253233 seconds
[2019-12-11T08:30:36.055+0000][1][safepoint    ] Application time: 0.0322968 seconds
[2019-12-11T08:30:36.055+0000][1][safepoint    ] Entering safepoint region: RevokeBias
[2019-12-11T08:30:36.055+0000][1][safepoint    ] Leaving safepoint region
[2019-12-11T08:30:36.055+0000][1][safepoint    ] Total time for which application threads were stopped: 0.0001856 seconds, Stopping threads took: 0.0000693 seconds
[2019-12-11T08:30:36.061+0000][1][safepoint    ] Application time: 0.0059393 seconds
[2019-12-11T08:30:36.063+0000][1][safepoint    ] Entering safepoint region: RevokeBias
[2019-12-11T08:30:36.063+0000][1][safepoint    ] Leaving safepoint region
[2019-12-11T08:30:36.063+0000][1][safepoint    ] Total time for which application threads were stopped: 0.0019105 seconds, Stopping threads took: 0.0014318 seconds
[2019-12-11T08:30:36.075+0000][1][safepoint    ] Application time: 0.0117008 seconds
[2019-12-11T08:30:36.075+0000][1][safepoint    ] Entering safepoint region: RevokeBias
[2019-12-11T08:30:36.076+0000][1][safepoint    ] Leaving safepoint region
[2019-12-11T08:30:36.076+0000][1][safepoint    ] Total time for which application threads were stopped: 0.0008128 seconds, Stopping threads took: 0.0002300 seconds
[2019-12-11T08:30:36.082+0000][1][safepoint    ] Application time: 0.0058325 seconds
[2019-12-11T08:30:36.082+0000][1][safepoint    ] Entering safepoint region: RevokeBias
[2019-12-11T08:30:36.082+0000][1][safepoint    ] Leaving safepoint region
[2019-12-11T08:30:36.082+0000][1][safepoint    ] Total time for which application threads were stopped: 0.0001959 seconds, Stopping threads took: 0.0001144 seconds
[2019-12-11T08:30:36.101+0000][1][safepoint    ] Application time: 0.0190371 seconds
[2019-12-11T08:30:36.101+0000][1][safepoint    ] Entering safepoint region: BulkRevokeBias
[2019-12-11T08:30:36.102+0000][1][safepoint    ] Leaving safepoint region
[2019-12-11T08:30:36.102+0000][1][safepoint    ] Total time for which application threads were stopped: 0.0009263 seconds, Stopping threads took: 0.0003160 seconds
[2019-12-11T08:30:36.745+0000][1][safepoint    ] Application time: 0.6434975 seconds
[2019-12-11T08:30:36.774+0000][1][safepoint    ] Entering safepoint region: RevokeBias
[2019-12-11T08:30:36.774+0000][1][safepoint    ] Leaving safepoint region
[2019-12-11T08:30:36.774+0000][1][safepoint    ] Total time for which application threads were stopped: 0.0287663 seconds, Stopping threads took: 0.0285018 seconds
[2019-12-11T08:30:36.799+0000][1][safepoint    ] Application time: 0.0245643 seconds
[2019-12-11T08:30:36.799+0000][1][safepoint    ] Entering safepoint region: RevokeBias
[2019-12-11T08:30:36.799+0000][1][safepoint    ] Leaving safepoint region
[2019-12-11T08:30:36.799+0000][1][safepoint    ] Total time for which application threads were stopped: 0.0003100 seconds, Stopping threads took: 0.0001270 seconds
[2019-12-11T08:30:37.619+0000][1][safepoint    ] Application time: 0.8197785 seconds
[2019-12-11T08:30:37.627+0000][1][safepoint    ] Entering safepoint region: RevokeBias
[2019-12-11T08:30:37.627+0000][1][safepoint    ] Leaving safepoint region
[2019-12-11T08:30:37.627+0000][1][safepoint    ] Total time for which application threads were stopped: 0.0078843 seconds, Stopping threads took: 0.0077659 seconds
[2019-12-11T08:30:37.630+0000][1][safepoint    ] Application time: 0.0030147 seconds
[2019-12-11T08:30:37.665+0000][1][safepoint    ] Entering safepoint region: RevokeBias
[2019-12-11T08:30:37.665+0000][1][safepoint    ] Leaving safepoint region
[2019-12-11T08:30:37.665+0000][1][safepoint    ] Total time for which application threads were stopped: 0.0349181 seconds, Stopping threads took: 0.0348090 seconds
[2019-12-11T08:30:38.027+0000][1][safepoint    ] Application time: 0.3617101 seconds
[2019-12-11T08:30:38.027+0000][1][safepoint    ] Entering safepoint region: RevokeBias
[2019-12-11T08:30:38.027+0000][1][safepoint    ] Leaving safepoint region
[2019-12-11T08:30:38.027+0000][1][safepoint    ] Total time for which application threads were stopped: 0.0001537 seconds, Stopping threads took: 0.0000205 seconds
[2019-12-11T08:30:38.700+0000][1][safepoint    ] Application time: 0.6736711 seconds
[2019-12-11T08:30:38.700+0000][1][safepoint    ] Entering safepoint region: RevokeBias
[2019-12-11T08:30:38.701+0000][1][safepoint    ] Leaving safepoint region
[2019-12-11T08:30:38.701+0000][1][safepoint    ] Total time for which application threads were stopped: 0.0001825 seconds, Stopping threads took: 0.0000207 seconds
[2019-12-11T08:30:39.706+0000][1][safepoint    ] Application time: 1.0050294 seconds
[2019-12-11T08:30:39.706+0000][1][safepoint    ] Entering safepoint region: Cleanup
[2019-12-11T08:30:39.706+0000][1][safepoint    ] Leaving safepoint region
[2019-12-11T08:30:39.706+0000][1][safepoint    ] Total time for which application threads were stopped: 0.0001011 seconds, Stopping threads took: 0.0000244 seconds
[2019-12-11T08:30:40.592+0000][1][safepoint    ] Application time: 0.8863431 seconds
[2019-12-11T08:30:40.592+0000][1][safepoint    ] Entering safepoint region: RevokeBias
[2019-12-11T08:30:40.592+0000][1][safepoint    ] Leaving safepoint region
[2019-12-11T08:30:40.592+0000][1][safepoint    ] Total time for which application threads were stopped: 0.0001108 seconds, Stopping threads took: 0.0000200 seconds
[2019-12-11T08:30:40.630+0000][1][safepoint    ] Application time: 0.0373656 seconds
[2019-12-11T08:30:40.630+0000][1][safepoint    ] Entering safepoint region: RevokeBias
[2019-12-11T08:30:40.630+0000][1][safepoint    ] Leaving safepoint region
[2019-12-11T08:30:40.630+0000][1][safepoint    ] Total time for which application threads were stopped: 0.0001044 seconds, Stopping threads took: 0.0000194 seconds
[2019-12-11T08:30:40.630+0000][1][safepoint    ] Application time: 0.0002952 seconds
[2019-12-11T08:30:40.630+0000][1][safepoint    ] Entering safepoint region: RevokeBias
[2019-12-11T08:30:40.630+0000][1][safepoint    ] Leaving safepoint region
[2019-12-11T08:30:40.630+0000][1][safepoint    ] Total time for which application threads were stopped: 0.0000814 seconds, Stopping threads took: 0.0000152 seconds
[2019-12-11T08:30:40.630+0000][1][safepoint    ] Application time: 0.0000632 seconds
[2019-12-11T08:30:40.630+0000][1][safepoint    ] Entering safepoint region: RevokeBias
[2019-12-11T08:30:40.630+0000][1][safepoint    ] Leaving safepoint region
[2019-12-11T08:30:40.630+0000][1][safepoint    ] Total time for which application threads were stopped: 0.0000525 seconds, Stopping threads took: 0.0000101 seconds
[2019-12-11T08:30:40.631+0000][1][safepoint    ] Application time: 0.0001963 seconds
[2019-12-11T08:30:40.651+0000][1][safepoint    ] Entering safepoint region: RevokeBias
[2019-12-11T08:30:40.651+0000][1][safepoint    ] Leaving safepoint region
[2019-12-11T08:30:40.651+0000][1][safepoint    ] Total time for which application threads were stopped: 0.0203611 seconds, Stopping threads took: 0.0202910 seconds
[2019-12-11T08:30:40.653+0000][1][safepoint    ] Application time: 0.0016720 seconds
[2019-12-11T08:30:40.653+0000][1][safepoint    ] Entering safepoint region: RevokeBias
[2019-12-11T08:30:40.653+0000][1][safepoint    ] Leaving safepoint region
[2019-12-11T08:30:40.653+0000][1][safepoint    ] Total time for which application threads were stopped: 0.0000861 seconds, Stopping threads took: 0.0000323 seconds
[2019-12-11T08:30:40.653+0000][1][safepoint    ] Application time: 0.0003190 seconds
[2019-12-11T08:30:40.653+0000][1][safepoint    ] Entering safepoint region: RevokeBias
[2019-12-11T08:30:40.653+0000][1][safepoint    ] Leaving safepoint region
[2019-12-11T08:30:40.653+0000][1][safepoint    ] Total time for which application threads were stopped: 0.0000585 seconds, Stopping threads took: 0.0000107 seconds
[2019-12-11T08:30:40.687+0000][1][safepoint    ] Application time: 0.0340140 seconds
[2019-12-11T08:30:40.687+0000][1][safepoint    ] Entering safepoint region: BulkRevokeBias
[2019-12-11T08:30:40.688+0000][1][safepoint    ] Leaving safepoint region
[2019-12-11T08:30:40.688+0000][1][safepoint    ] Total time for which application threads were stopped: 0.0005758 seconds, Stopping threads took: 0.0000209 seconds
[2019-12-11T08:30:40.688+0000][1][safepoint    ] Application time: 0.0000842 seconds
[2019-12-11T08:30:40.688+0000][1][safepoint    ] Entering safepoint region: RevokeBias
[2019-12-11T08:30:40.688+0000][1][safepoint    ] Leaving safepoint region
[2019-12-11T08:30:40.688+0000][1][safepoint    ] Total time for which application threads were stopped: 0.0000677 seconds, Stopping threads took: 0.0000110 seconds
[2019-12-11T08:30:41.391+0000][1][safepoint    ] Application time: 0.7031587 seconds
[2019-12-11T08:30:41.391+0000][1][safepoint    ] Entering safepoint region: Deoptimize
[2019-12-11T08:30:41.392+0000][1][safepoint    ] Leaving safepoint region
[2019-12-11T08:30:41.392+0000][1][safepoint    ] Total time for which application threads were stopped: 0.0008273 seconds, Stopping threads took: 0.0000199 seconds
[2019-12-11T08:30:41.453+0000][1][safepoint    ] Application time: 0.0609265 seconds
[2019-12-11T08:30:41.453+0000][1][safepoint    ] Entering safepoint region: CollectForMetadataAllocation
[2019-12-11T08:30:41.453+0000][1][safepoint    ] Leaving safepoint region
[2019-12-11T08:30:41.453+0000][1][safepoint    ] Total time for which application threads were stopped: 0.0002744 seconds, Stopping threads took: 0.0000203 seconds
[2019-12-11T08:30:41.577+0000][1][safepoint    ] Application time: 0.1234281 seconds
[2019-12-11T08:30:41.654+0000][1][safepoint    ] Entering safepoint region: RevokeBias
[2019-12-11T08:30:41.654+0000][1][safepoint    ] Leaving safepoint region
[2019-12-11T08:30:41.654+0000][1][safepoint    ] Total time for which application threads were stopped: 0.0772828 seconds, Stopping threads took: 0.0770434 seconds
[2019-12-11T08:30:41.665+0000][1][safepoint    ] Application time: 0.0108050 seconds
[2019-12-11T08:30:41.665+0000][1][safepoint    ] Entering safepoint region: RevokeBias
[2019-12-11T08:30:41.665+0000][1][safepoint    ] Leaving safepoint region
[2019-12-11T08:30:41.665+0000][1][safepoint    ] Total time for which application threads were stopped: 0.0001421 seconds, Stopping threads took: 0.0000207 seconds
[2019-12-11T08:30:41.665+0000][1][safepoint    ] Application time: 0.0002501 seconds
[2019-12-11T08:30:41.665+0000][1][safepoint    ] Entering safepoint region: RevokeBias
[2019-12-11T08:30:41.665+0000][1][safepoint    ] Leaving safepoint region
[2019-12-11T08:30:41.665+0000][1][safepoint    ] Total time for which application threads were stopped: 0.0000993 seconds, Stopping threads took: 0.0000142 seconds
[2019-12-11T08:30:41.670+0000][1][safepoint    ] Application time: 0.0043273 seconds
[2019-12-11T08:30:41.689+0000][1][safepoint    ] Entering safepoint region: RevokeBias
[2019-12-11T08:30:41.689+0000][1][safepoint    ] Leaving safepoint region
[2019-12-11T08:30:41.689+0000][1][safepoint    ] Total time for which application threads were stopped: 0.0191723 seconds, Stopping threads took: 0.0190340 seconds
[2019-12-11T08:30:41.692+0000][1][safepoint    ] Application time: 0.0028197 seconds
[2019-12-11T08:30:41.692+0000][1][safepoint    ] Entering safepoint region: RevokeBias
[2019-12-11T08:30:41.692+0000][1][safepoint    ] Leaving safepoint region
[2019-12-11T08:30:41.692+0000][1][safepoint    ] Total time for which application threads were stopped: 0.0001362 seconds, Stopping threads took: 0.0000181 seconds
[2019-12-11T08:30:41.693+0000][1][safepoint    ] Application time: 0.0006410 seconds
[2019-12-11T08:30:41.693+0000][1][safepoint    ] Entering safepoint region: RevokeBias
[2019-12-11T08:30:41.693+0000][1][safepoint    ] Leaving safepoint region
[2019-12-11T08:30:41.693+0000][1][safepoint    ] Total time for which application threads were stopped: 0.0000860 seconds, Stopping threads took: 0.0000123 seconds
[2019-12-11T08:30:41.693+0000][1][safepoint    ] Application time: 0.0002080 seconds
[2019-12-11T08:30:41.693+0000][1][safepoint    ] Entering safepoint region: RevokeBias
[2019-12-11T08:30:41.693+0000][1][safepoint    ] Leaving safepoint region
[2019-12-11T08:30:41.693+0000][1][safepoint    ] Total time for which application threads were stopped: 0.0000721 seconds, Stopping threads took: 0.0000108 seconds
[2019-12-11T08:30:41.975+0000][1][safepoint    ] Application time: 0.2819144 seconds
[2019-12-11T08:30:41.975+0000][1][safepoint    ] Entering safepoint region: BulkRevokeBias
[2019-12-11T08:30:41.975+0000][1][safepoint    ] Leaving safepoint region
[2019-12-11T08:30:41.975+0000][1][safepoint    ] Total time for which application threads were stopped: 0.0005491 seconds, Stopping threads took: 0.0000197 seconds
[2019-12-11T08:30:42.048+0000][1][safepoint    ] Application time: 0.0721840 seconds
[2019-12-11T08:30:42.076+0000][1][safepoint    ] Entering safepoint region: CMS_Initial_Mark
[2019-12-11T08:30:42.077+0000][1][gc,start     ] GC(23) Pause Initial Mark
[2019-12-11T08:30:42.158+0000][1][gc           ] GC(23) Pause Initial Mark 132M->132M(247M) 81.195ms
[2019-12-11T08:30:42.158+0000][1][gc,cpu       ] GC(23) User=0.05s Sys=0.00s Real=0.08s
[2019-12-11T08:30:42.158+0000][1][safepoint    ] Leaving safepoint region
[2019-12-11T08:30:42.158+0000][1][safepoint    ] Total time for which application threads were stopped: 0.1102042 seconds, Stopping threads took: 0.0288261 seconds
[2019-12-11T08:30:42.158+0000][1][gc           ] GC(23) Concurrent Mark
[2019-12-11T08:30:42.183+0000][1][safepoint    ] Application time: 0.0248450 seconds
[2019-12-11T08:30:42.183+0000][1][safepoint    ] Entering safepoint region: RevokeBias
[2019-12-11T08:30:42.183+0000][1][safepoint    ] Leaving safepoint region
[2019-12-11T08:30:42.183+0000][1][safepoint    ] Total time for which application threads were stopped: 0.0000981 seconds, Stopping threads took: 0.0000220 seconds
[2019-12-11T08:30:42.183+0000][1][safepoint    ] Application time: 0.0003296 seconds
[2019-12-11T08:30:42.183+0000][1][safepoint    ] Entering safepoint region: RevokeBias
[2019-12-11T08:30:42.183+0000][1][safepoint    ] Leaving safepoint region
[2019-12-11T08:30:42.183+0000][1][safepoint    ] Total time for which application threads were stopped: 0.0000723 seconds, Stopping threads took: 0.0000133 seconds
[2019-12-11T08:30:42.235+0000][1][safepoint    ] Application time: 0.0518405 seconds
[2019-12-11T08:30:42.268+0000][1][safepoint    ] Entering safepoint region: CollectForMetadataAllocation
[2019-12-11T08:30:42.268+0000][1][safepoint    ] Leaving safepoint region
[2019-12-11T08:30:42.268+0000][1][safepoint    ] Total time for which application threads were stopped: 0.0326549 seconds, Stopping threads took: 0.0323605 seconds
[2019-12-11T08:30:42.356+0000][1][safepoint    ] Application time: 0.0878589 seconds
[2019-12-11T08:30:42.356+0000][1][safepoint    ] Entering safepoint region: RevokeBias
[2019-12-11T08:30:42.356+0000][1][safepoint    ] Leaving safepoint region
[2019-12-11T08:30:42.356+0000][1][safepoint    ] Total time for which application threads were stopped: 0.0001302 seconds, Stopping threads took: 0.0000238 seconds
[2019-12-11T08:30:42.390+0000][1][safepoint    ] Application time: 0.0339796 seconds
[2019-12-11T08:30:42.390+0000][1][safepoint    ] Entering safepoint region: RevokeBias
[2019-12-11T08:30:42.390+0000][1][safepoint    ] Leaving safepoint region
[2019-12-11T08:30:42.390+0000][1][safepoint    ] Total time for which application threads were stopped: 0.0001103 seconds, Stopping threads took: 0.0000227 seconds
[2019-12-11T08:30:42.390+0000][1][safepoint    ] Application time: 0.0000540 seconds
[2019-12-11T08:30:42.390+0000][1][safepoint    ] Entering safepoint region: RevokeBias
[2019-12-11T08:30:42.390+0000][1][safepoint    ] Leaving safepoint region
[2019-12-11T08:30:42.390+0000][1][safepoint    ] Total time for which application threads were stopped: 0.0000450 seconds, Stopping threads took: 0.0000090 seconds
[2019-12-11T08:30:42.390+0000][1][safepoint    ] Application time: 0.0000371 seconds
[2019-12-11T08:30:42.390+0000][1][safepoint    ] Entering safepoint region: RevokeBias
[2019-12-11T08:30:42.390+0000][1][safepoint    ] Leaving safepoint region
[2019-12-11T08:30:42.390+0000][1][safepoint    ] Total time for which application threads were stopped: 0.0000403 seconds, Stopping threads took: 0.0000086 seconds
[2019-12-11T08:30:42.390+0000][1][safepoint    ] Application time: 0.0000333 seconds
[2019-12-11T08:30:42.390+0000][1][safepoint    ] Entering safepoint region: RevokeBias
[2019-12-11T08:30:42.390+0000][1][safepoint    ] Leaving safepoint region
[2019-12-11T08:30:42.390+0000][1][safepoint    ] Total time for which application threads were stopped: 0.0000402 seconds, Stopping threads took: 0.0000082 seconds
[2019-12-11T08:30:42.390+0000][1][safepoint    ] Application time: 0.0000326 seconds
[2019-12-11T08:30:42.390+0000][1][safepoint    ] Entering safepoint region: RevokeBias
[2019-12-11T08:30:42.390+0000][1][safepoint    ] Leaving safepoint region
[2019-12-11T08:30:42.390+0000][1][safepoint    ] Total time for which application threads were stopped: 0.0000392 seconds, Stopping threads took: 0.0000080 seconds
[2019-12-11T08:30:42.390+0000][1][safepoint    ] Application time: 0.0000355 seconds
[2019-12-11T08:30:42.390+0000][1][safepoint    ] Entering safepoint region: RevokeBias
[2019-12-11T08:30:42.391+0000][1][safepoint    ] Leaving safepoint region
[2019-12-11T08:30:42.391+0000][1][safepoint    ] Total time for which application threads were stopped: 0.0000412 seconds, Stopping threads took: 0.0000088 seconds
[2019-12-11T08:30:42.391+0000][1][safepoint    ] Application time: 0.0000337 seconds
[2019-12-11T08:30:42.391+0000][1][safepoint    ] Entering safepoint region: RevokeBias
[2019-12-11T08:30:42.391+0000][1][safepoint    ] Leaving safepoint region
[2019-12-11T08:30:42.391+0000][1][safepoint    ] Total time for which application threads were stopped: 0.0000381 seconds, Stopping threads took: 0.0000081 seconds
[2019-12-11T08:30:42.391+0000][1][safepoint    ] Application time: 0.0000325 seconds
[2019-12-11T08:30:42.391+0000][1][safepoint    ] Entering safepoint region: RevokeBias
[2019-12-11T08:30:42.391+0000][1][safepoint    ] Leaving safepoint region
[2019-12-11T08:30:42.391+0000][1][safepoint    ] Total time for which application threads were stopped: 0.0000563 seconds, Stopping threads took: 0.0000082 seconds
[2019-12-11T08:30:42.554+0000][1][safepoint    ] Application time: 0.1631173 seconds
[2019-12-11T08:30:42.554+0000][1][safepoint    ] Entering safepoint region: RevokeBias
[2019-12-11T08:30:42.554+0000][1][safepoint    ] Leaving safepoint region
[2019-12-11T08:30:42.554+0000][1][safepoint    ] Total time for which application threads were stopped: 0.0000953 seconds, Stopping threads took: 0.0000211 seconds
[2019-12-11T08:30:42.554+0000][1][safepoint    ] Application time: 0.0005043 seconds
[2019-12-11T08:30:42.555+0000][1][safepoint    ] Entering safepoint region: RevokeBias
[2019-12-11T08:30:42.555+0000][1][safepoint    ] Leaving safepoint region
[2019-12-11T08:30:42.555+0000][1][safepoint    ] Total time for which application threads were stopped: 0.0000790 seconds, Stopping threads took: 0.0000158 seconds
[2019-12-11T08:30:42.655+0000][1][safepoint    ] Application time: 0.1002599 seconds
[2019-12-11T08:30:42.655+0000][1][safepoint    ] Entering safepoint region: GenCollectForAllocation
[2019-12-11T08:30:42.655+0000][1][gc,start     ] GC(24) Pause Young (Allocation Failure)
[2019-12-11T08:30:42.655+0000][1][gc,task      ] GC(24) Using 2 workers of 2 for evacuation
[2019-12-11T08:30:42.958+0000][1][gc,age       ] GC(24) Desired survivor size 4456448 bytes, new threshold 2 (max threshold 6)
[2019-12-11T08:30:42.958+0000][1][gc,age       ] GC(24) Age table with threshold 2 (max threshold 6)
[2019-12-11T08:30:42.958+0000][1][gc,age       ] GC(24) - age   1:    2210424 bytes,    2210424 total
[2019-12-11T08:30:42.958+0000][1][gc,age       ] GC(24) - age   2:    3504448 bytes,    5714872 total
[2019-12-11T08:30:42.958+0000][1][gc,heap      ] GC(24) ParNew: 78656K->6843K(78656K)
[2019-12-11T08:30:42.958+0000][1][gc,heap      ] GC(24) CMS: 60565K->64623K(174784K)
[2019-12-11T08:30:42.958+0000][1][gc,metaspace ] GC(24) Metaspace: 69307K->69307K(1112064K)
[2019-12-11T08:30:42.958+0000][1][gc           ] GC(24) Pause Young (Allocation Failure) 135M->69M(247M) 302.611ms
[2019-12-11T08:30:42.958+0000][1][gc,cpu       ] GC(24) User=0.05s Sys=0.00s Real=0.30s
[2019-12-11T08:30:42.958+0000][1][safepoint    ] Leaving safepoint region
[2019-12-11T08:30:42.958+0000][1][safepoint    ] Total time for which application threads were stopped: 0.3028388 seconds, Stopping threads took: 0.0000207 seconds
[2019-12-11T08:30:42.994+0000][1][safepoint    ] Application time: 0.0360367 seconds
[2019-12-11T08:30:42.994+0000][1][safepoint    ] Entering safepoint region: RevokeBias
[2019-12-11T08:30:42.994+0000][1][safepoint    ] Leaving safepoint region
[2019-12-11T08:30:42.994+0000][1][safepoint    ] Total time for which application threads were stopped: 0.0001093 seconds, Stopping threads took: 0.0000210 seconds
[2019-12-11T08:30:42.995+0000][1][safepoint    ] Application time: 0.0010695 seconds
[2019-12-11T08:30:42.995+0000][1][safepoint    ] Entering safepoint region: RevokeBias
[2019-12-11T08:30:42.995+0000][1][safepoint    ] Leaving safepoint region
[2019-12-11T08:30:42.995+0000][1][safepoint    ] Total time for which application threads were stopped: 0.0000887 seconds, Stopping threads took: 0.0000164 seconds
[2019-12-11T08:30:43.496+0000][1][gc           ] GC(23) Concurrent Mark 1337.847ms
[2019-12-11T08:30:43.496+0000][1][gc,cpu       ] GC(23) User=0.39s Sys=0.01s Real=1.34s
[2019-12-11T08:30:43.496+0000][1][gc           ] GC(23) Concurrent Preclean
[2019-12-11T08:30:43.512+0000][1][gc           ] GC(23) Concurrent Preclean 16.125ms
[2019-12-11T08:30:43.512+0000][1][gc,cpu       ] GC(23) User=0.01s Sys=0.00s Real=0.01s
[2019-12-11T08:30:43.512+0000][1][gc           ] GC(23) Concurrent Abortable Preclean
[2019-12-11T08:30:43.572+0000][1][safepoint    ] Application time: 0.5772995 seconds
[2019-12-11T08:30:43.609+0000][1][safepoint    ] Entering safepoint region: RevokeBias
[2019-12-11T08:30:43.609+0000][1][safepoint    ] Leaving safepoint region
[2019-12-11T08:30:43.609+0000][1][safepoint    ] Total time for which application threads were stopped: 0.0365228 seconds, Stopping threads took: 0.0363358 seconds
[2019-12-11T08:30:43.610+0000][1][safepoint    ] Application time: 0.0008260 seconds
[2019-12-11T08:30:43.610+0000][1][safepoint    ] Entering safepoint region: RevokeBias
[2019-12-11T08:30:43.610+0000][1][safepoint    ] Leaving safepoint region
[2019-12-11T08:30:43.610+0000][1][safepoint    ] Total time for which application threads were stopped: 0.0001971 seconds, Stopping threads took: 0.0000551 seconds
[2019-12-11T08:30:43.631+0000][1][safepoint    ] Application time: 0.0208899 seconds
[2019-12-11T08:30:43.631+0000][1][safepoint    ] Entering safepoint region: BulkRevokeBias
[2019-12-11T08:30:43.631+0000][1][safepoint    ] Leaving safepoint region
[2019-12-11T08:30:43.631+0000][1][safepoint    ] Total time for which application threads were stopped: 0.0004923 seconds, Stopping threads took: 0.0000503 seconds
[2019-12-11T08:30:44.655+0000][1][safepoint    ] Application time: 1.0233338 seconds
[2019-12-11T08:30:44.655+0000][1][safepoint    ] Entering safepoint region: Cleanup
[2019-12-11T08:30:44.655+0000][1][safepoint    ] Leaving safepoint region
[2019-12-11T08:30:44.655+0000][1][safepoint    ] Total time for which application threads were stopped: 0.0001339 seconds, Stopping threads took: 0.0000347 seconds
[2019-12-11T08:30:45.672+0000][1][safepoint    ] Application time: 1.0168101 seconds
[2019-12-11T08:30:45.672+0000][1][safepoint    ] Entering safepoint region: Cleanup
[2019-12-11T08:30:45.672+0000][1][safepoint    ] Leaving safepoint region
[2019-12-11T08:30:45.672+0000][1][safepoint    ] Total time for which application threads were stopped: 0.0001166 seconds, Stopping threads took: 0.0000241 seconds
[2019-12-11T08:30:45.944+0000][1][safepoint    ] Application time: 0.2720950 seconds
[2019-12-11T08:30:46.006+0000][1][safepoint    ] Entering safepoint region: RevokeBias
[2019-12-11T08:30:46.006+0000][1][safepoint    ] Leaving safepoint region
[2019-12-11T08:30:46.006+0000][1][safepoint    ] Total time for which application threads were stopped: 0.0619982 seconds, Stopping threads took: 0.0618693 seconds
[2019-12-11T08:30:46.060+0000][1][safepoint    ] Application time: 0.0537253 seconds
[2019-12-11T08:30:46.060+0000][1][safepoint    ] Entering safepoint region: RevokeBias
[2019-12-11T08:30:46.060+0000][1][safepoint    ] Leaving safepoint region
[2019-12-11T08:30:46.060+0000][1][safepoint    ] Total time for which application threads were stopped: 0.0002999 seconds, Stopping threads took: 0.0000214 seconds
[2019-12-11T08:30:46.061+0000][1][safepoint    ] Application time: 0.0006474 seconds
[2019-12-11T08:30:46.061+0000][1][safepoint    ] Entering safepoint region: RevokeBias
[2019-12-11T08:30:46.061+0000][1][safepoint    ] Leaving safepoint region
[2019-12-11T08:30:46.061+0000][1][safepoint    ] Total time for which application threads were stopped: 0.0000852 seconds, Stopping threads took: 0.0000160 seconds
[2019-12-11T08:30:47.062+0000][1][safepoint    ] Application time: 1.0008615 seconds
[2019-12-11T08:30:47.062+0000][1][safepoint    ] Entering safepoint region: Cleanup
[2019-12-11T08:30:47.062+0000][1][safepoint    ] Leaving safepoint region
[2019-12-11T08:30:47.062+0000][1][safepoint    ] Total time for which application threads were stopped: 0.0001506 seconds, Stopping threads took: 0.0000263 seconds
[2019-12-11T08:30:48.063+0000][1][safepoint    ] Application time: 1.0010676 seconds
[2019-12-11T08:30:48.063+0000][1][safepoint    ] Entering safepoint region: Cleanup
[2019-12-11T08:30:48.063+0000][1][safepoint    ] Leaving safepoint region
[2019-12-11T08:30:48.063+0000][1][safepoint    ] Total time for which application threads were stopped: 0.0001268 seconds, Stopping threads took: 0.0000244 seconds
[2019-12-11T08:30:48.610+0000][1][gc           ] GC(23) Concurrent Abortable Preclean 5097.492ms
[2019-12-11T08:30:48.610+0000][1][gc,cpu       ] GC(23) User=1.07s Sys=0.02s Real=5.10s
[2019-12-11T08:30:48.610+0000][1][safepoint    ] Application time: 0.5464603 seconds
[2019-12-11T08:30:48.610+0000][1][safepoint    ] Entering safepoint region: CMS_Final_Remark
[2019-12-11T08:30:48.610+0000][1][gc,start     ] GC(23) Pause Remark
[2019-12-11T08:30:48.745+0000][1][gc           ] GC(23) Pause Remark 84M->84M(247M) 134.972ms
[2019-12-11T08:30:48.745+0000][1][gc,cpu       ] GC(23) User=0.04s Sys=0.00s Real=0.14s
[2019-12-11T08:30:48.745+0000][1][safepoint    ] Leaving safepoint region
[2019-12-11T08:30:48.745+0000][1][safepoint    ] Total time for which application threads were stopped: 0.1352003 seconds, Stopping threads took: 0.0000220 seconds
[2019-12-11T08:30:48.761+0000][1][gc           ] GC(23) Concurrent Sweep
[2019-12-11T08:30:48.873+0000][1][gc           ] GC(23) Concurrent Sweep 112.811ms
[2019-12-11T08:30:48.873+0000][1][gc,cpu       ] GC(23) User=0.04s Sys=0.00s Real=0.11s
[2019-12-11T08:30:48.873+0000][1][gc           ] GC(23) Concurrent Reset
[2019-12-11T08:30:48.874+0000][1][gc           ] GC(23) Concurrent Reset 0.352ms
[2019-12-11T08:30:48.874+0000][1][gc,cpu       ] GC(23) User=0.00s Sys=0.00s Real=0.00s
[2019-12-11T08:30:48.874+0000][1][gc,heap      ] GC(23) Old: 60565K->64240K(174784K)
[2019-12-11T08:30:49.746+0000][1][safepoint    ] Application time: 1.0008478 seconds
[2019-12-11T08:30:49.746+0000][1][safepoint    ] Entering safepoint region: Cleanup
[2019-12-11T08:30:49.747+0000][1][safepoint    ] Leaving safepoint region
[2019-12-11T08:30:49.747+0000][1][safepoint    ] Total time for which application threads were stopped: 0.0008661 seconds, Stopping threads took: 0.0000253 seconds
[2019-12-11T08:30:50.747+0000][1][safepoint    ] Application time: 1.0000913 seconds
[2019-12-11T08:30:50.747+0000][1][safepoint    ] Entering safepoint region: Cleanup
[2019-12-11T08:30:50.747+0000][1][safepoint    ] Leaving safepoint region
[2019-12-11T08:30:50.747+0000][1][safepoint    ] Total time for which application threads were stopped: 0.0001420 seconds, Stopping threads took: 0.0000293 seconds
[2019-12-11T08:30:51.748+0000][1][safepoint    ] Application time: 1.0008015 seconds
[2019-12-11T08:30:51.748+0000][1][safepoint    ] Entering safepoint region: Cleanup
[2019-12-11T08:30:51.748+0000][1][safepoint    ] Leaving safepoint region
[2019-12-11T08:30:51.748+0000][1][safepoint    ] Total time for which application threads were stopped: 0.0001169 seconds, Stopping threads took: 0.0000249 seconds
[2019-12-11T08:30:52.410+0000][1][safepoint    ] Application time: 0.6618432 seconds
[2019-12-11T08:30:52.420+0000][1][safepoint    ] Entering safepoint region: RevokeBias
[2019-12-11T08:30:52.420+0000][1][safepoint    ] Leaving safepoint region
[2019-12-11T08:30:52.420+0000][1][safepoint    ] Total time for which application threads were stopped: 0.0100811 seconds, Stopping threads took: 0.0099600 seconds
[2019-12-11T08:30:52.420+0000][1][safepoint    ] Application time: 0.0001880 seconds
[2019-12-11T08:30:52.420+0000][1][safepoint    ] Entering safepoint region: RevokeBias
[2019-12-11T08:30:52.420+0000][1][safepoint    ] Leaving safepoint region
[2019-12-11T08:30:52.420+0000][1][safepoint    ] Total time for which application threads were stopped: 0.0000892 seconds, Stopping threads took: 0.0000149 seconds
[2019-12-11T08:30:52.453+0000][1][safepoint    ] Application time: 0.0330486 seconds
[2019-12-11T08:30:52.453+0000][1][safepoint    ] Entering safepoint region: RevokeBias
[2019-12-11T08:30:52.453+0000][1][safepoint    ] Leaving safepoint region
[2019-12-11T08:30:52.453+0000][1][safepoint    ] Total time for which application threads were stopped: 0.0001222 seconds, Stopping threads took: 0.0000207 seconds
[2019-12-11T08:30:53.456+0000][1][safepoint    ] Application time: 1.0023965 seconds
[2019-12-11T08:30:53.456+0000][1][safepoint    ] Entering safepoint region: Cleanup
[2019-12-11T08:30:53.456+0000][1][safepoint    ] Leaving safepoint region
[2019-12-11T08:30:53.456+0000][1][safepoint    ] Total time for which application threads were stopped: 0.0001334 seconds, Stopping threads took: 0.0000245 seconds
[2019-12-11T08:30:54.456+0000][1][safepoint    ] Application time: 1.0000865 seconds
[2019-12-11T08:30:54.456+0000][1][safepoint    ] Entering safepoint region: Cleanup
[2019-12-11T08:30:54.456+0000][1][safepoint    ] Leaving safepoint region
[2019-12-11T08:30:54.456+0000][1][safepoint    ] Total time for which application threads were stopped: 0.0001329 seconds, Stopping threads took: 0.0000247 seconds
[2019-12-11T08:30:54.792+0000][1][safepoint    ] Application time: 0.3354650 seconds
[2019-12-11T08:30:54.792+0000][1][safepoint    ] Entering safepoint region: RevokeBias
[2019-12-11T08:30:54.792+0000][1][safepoint    ] Leaving safepoint region
[2019-12-11T08:30:54.792+0000][1][safepoint    ] Total time for which application threads were stopped: 0.0001756 seconds, Stopping threads took: 0.0000195 seconds
[2019-12-11T08:30:56.468+0000][1][safepoint    ] Application time: 1.6760390 seconds
[2019-12-11T08:30:56.468+0000][1][safepoint    ] Entering safepoint region: Cleanup
[2019-12-11T08:30:56.468+0000][1][safepoint    ] Leaving safepoint region
[2019-12-11T08:30:56.468+0000][1][safepoint    ] Total time for which application threads were stopped: 0.0001862 seconds, Stopping threads took: 0.0000648 seconds
[2019-12-11T08:30:56.673+0000][1][safepoint    ] Application time: 0.2050410 seconds
[2019-12-11T08:30:56.673+0000][1][safepoint    ] Entering safepoint region: RevokeBias
[2019-12-11T08:30:56.673+0000][1][safepoint    ] Leaving safepoint region
[2019-12-11T08:30:56.673+0000][1][safepoint    ] Total time for which application threads were stopped: 0.0001652 seconds, Stopping threads took: 0.0000241 seconds
[2019-12-11T08:30:57.678+0000][1][safepoint    ] Application time: 1.0043172 seconds
[2019-12-11T08:30:57.678+0000][1][safepoint    ] Entering safepoint region: Cleanup
[2019-12-11T08:30:57.678+0000][1][safepoint    ] Leaving safepoint region
[2019-12-11T08:30:57.678+0000][1][safepoint    ] Total time for which application threads were stopped: 0.0002480 seconds, Stopping threads took: 0.0001287 seconds
[2019-12-11T08:30:58.681+0000][1][safepoint    ] Application time: 1.0026822 seconds
[2019-12-11T08:30:58.681+0000][1][safepoint    ] Entering safepoint region: Cleanup
[2019-12-11T08:30:58.681+0000][1][safepoint    ] Leaving safepoint region
[2019-12-11T08:30:58.681+0000][1][safepoint    ] Total time for which application threads were stopped: 0.0001426 seconds, Stopping threads took: 0.0000241 seconds
[2019-12-11T08:30:59.687+0000][1][safepoint    ] Application time: 1.0058222 seconds
[2019-12-11T08:30:59.687+0000][1][safepoint    ] Entering safepoint region: Cleanup
[2019-12-11T08:30:59.687+0000][1][safepoint    ] Leaving safepoint region
[2019-12-11T08:30:59.687+0000][1][safepoint    ] Total time for which application threads were stopped: 0.0001385 seconds, Stopping threads took: 0.0000359 seconds
[2019-12-11T08:31:00.688+0000][1][safepoint    ] Application time: 1.0009234 seconds
[2019-12-11T08:31:00.688+0000][1][safepoint    ] Entering safepoint region: Cleanup
[2019-12-11T08:31:00.688+0000][1][safepoint    ] Leaving safepoint region
[2019-12-11T08:31:00.688+0000][1][safepoint    ] Total time for which application threads were stopped: 0.0001398 seconds, Stopping threads took: 0.0000377 seconds
[2019-12-11T08:31:01.689+0000][1][safepoint    ] Application time: 1.0007740 seconds
[2019-12-11T08:31:01.689+0000][1][safepoint    ] Entering safepoint region: Cleanup
[2019-12-11T08:31:01.689+0000][1][safepoint    ] Leaving safepoint region
[2019-12-11T08:31:01.689+0000][1][safepoint    ] Total time for which application threads were stopped: 0.0001298 seconds, Stopping threads took: 0.0000276 seconds
[2019-12-11T08:31:02.692+0000][1][safepoint    ] Application time: 1.0027556 seconds
[2019-12-11T08:31:02.692+0000][1][safepoint    ] Entering safepoint region: Cleanup
[2019-12-11T08:31:02.692+0000][1][safepoint    ] Leaving safepoint region
[2019-12-11T08:31:02.692+0000][1][safepoint    ] Total time for which application threads were stopped: 0.0001314 seconds, Stopping threads took: 0.0000272 seconds
[2019-12-11T08:31:03.694+0000][1][safepoint    ] Application time: 1.0018158 seconds
[2019-12-11T08:31:03.694+0000][1][safepoint    ] Entering safepoint region: Cleanup
[2019-12-11T08:31:03.694+0000][1][safepoint    ] Leaving safepoint region
[2019-12-11T08:31:03.694+0000][1][safepoint    ] Total time for which application threads were stopped: 0.0001254 seconds, Stopping threads took: 0.0000314 seconds
[2019-12-11T08:31:04.698+0000][1][safepoint    ] Application time: 1.0038004 seconds
[2019-12-11T08:31:04.698+0000][1][safepoint    ] Entering safepoint region: RevokeBias
[2019-12-11T08:31:04.698+0000][1][safepoint    ] Leaving safepoint region
[2019-12-11T08:31:04.698+0000][1][safepoint    ] Total time for which application threads were stopped: 0.0002236 seconds, Stopping threads took: 0.0000760 seconds
[2019-12-11T08:31:04.818+0000][1][safepoint    ] Application time: 0.1203584 seconds
[2019-12-11T08:31:04.818+0000][1][safepoint    ] Entering safepoint region: Deoptimize
[2019-12-11T08:31:04.819+0000][1][safepoint    ] Leaving safepoint region
[2019-12-11T08:31:04.819+0000][1][safepoint    ] Total time for which application threads were stopped: 0.0008933 seconds, Stopping threads took: 0.0000238 seconds
[2019-12-11T08:31:04.855+0000][1][safepoint    ] Application time: 0.0356958 seconds
[2019-12-11T08:31:04.855+0000][1][safepoint    ] Entering safepoint region: RevokeBias
[2019-12-11T08:31:04.855+0000][1][safepoint    ] Leaving safepoint region
[2019-12-11T08:31:04.855+0000][1][safepoint    ] Total time for which application threads were stopped: 0.0001418 seconds, Stopping threads took: 0.0000211 seconds
[2019-12-11T08:31:04.856+0000][1][safepoint    ] Application time: 0.0003331 seconds
[2019-12-11T08:31:04.856+0000][1][safepoint    ] Entering safepoint region: RevokeBias
[2019-12-11T08:31:04.856+0000][1][safepoint    ] Leaving safepoint region
[2019-12-11T08:31:04.856+0000][1][safepoint    ] Total time for which application threads were stopped: 0.0001260 seconds, Stopping threads took: 0.0000172 seconds
[2019-12-11T08:31:05.856+0000][1][safepoint    ] Application time: 1.0001431 seconds
[2019-12-11T08:31:05.856+0000][1][safepoint    ] Entering safepoint region: Cleanup
[2019-12-11T08:31:05.856+0000][1][safepoint    ] Leaving safepoint region
[2019-12-11T08:31:05.856+0000][1][safepoint    ] Total time for which application threads were stopped: 0.0001680 seconds, Stopping threads took: 0.0000308 seconds
[2019-12-11T08:31:06.177+0000][1][safepoint    ] Application time: 0.3213500 seconds
[2019-12-11T08:31:06.185+0000][1][safepoint    ] Entering safepoint region: RevokeBias
[2019-12-11T08:31:06.185+0000][1][safepoint    ] Leaving safepoint region
[2019-12-11T08:31:06.185+0000][1][safepoint    ] Total time for which application threads were stopped: 0.0075100 seconds, Stopping threads took: 0.0073354 seconds
[2019-12-11T08:31:06.196+0000][1][safepoint    ] Application time: 0.0109807 seconds
[2019-12-11T08:31:06.196+0000][1][safepoint    ] Entering safepoint region: RevokeBias
[2019-12-11T08:31:06.196+0000][1][safepoint    ] Leaving safepoint region
[2019-12-11T08:31:06.196+0000][1][safepoint    ] Total time for which application threads were stopped: 0.0001328 seconds, Stopping threads took: 0.0000197 seconds
[2019-12-11T08:31:06.201+0000][1][safepoint    ] Application time: 0.0044664 seconds
[2019-12-11T08:31:06.201+0000][1][safepoint    ] Entering safepoint region: RevokeBias
[2019-12-11T08:31:06.201+0000][1][safepoint    ] Leaving safepoint region
[2019-12-11T08:31:06.201+0000][1][safepoint    ] Total time for which application threads were stopped: 0.0003036 seconds, Stopping threads took: 0.0001822 seconds
[2019-12-11T08:31:06.224+0000][1][safepoint    ] Application time: 0.0229872 seconds
[2019-12-11T08:31:06.237+0000][1][safepoint    ] Entering safepoint region: RevokeBias
[2019-12-11T08:31:06.237+0000][1][safepoint    ] Leaving safepoint region
[2019-12-11T08:31:06.237+0000][1][safepoint    ] Total time for which application threads were stopped: 0.0130398 seconds, Stopping threads took: 0.0128998 seconds
[2019-12-11T08:31:06.452+0000][1][safepoint    ] Application time: 0.2147222 seconds
[2019-12-11T08:31:06.477+0000][1][safepoint    ] Entering safepoint region: RevokeBias
[2019-12-11T08:31:06.477+0000][1][safepoint    ] Leaving safepoint region
[2019-12-11T08:31:06.477+0000][1][safepoint    ] Total time for which application threads were stopped: 0.0255260 seconds, Stopping threads took: 0.0253491 seconds
[2019-12-11T08:31:06.756+0000][1][safepoint    ] Application time: 0.2791293 seconds
[2019-12-11T08:31:06.756+0000][1][safepoint    ] Entering safepoint region: RevokeBias
[2019-12-11T08:31:06.757+0000][1][safepoint    ] Leaving safepoint region
[2019-12-11T08:31:06.757+0000][1][safepoint    ] Total time for which application threads were stopped: 0.0001314 seconds, Stopping threads took: 0.0000226 seconds
[2019-12-11T08:31:06.757+0000][1][safepoint    ] Application time: 0.0002149 seconds
[2019-12-11T08:31:06.757+0000][1][safepoint    ] Entering safepoint region: RevokeBias
[2019-12-11T08:31:06.757+0000][1][safepoint    ] Leaving safepoint region
[2019-12-11T08:31:06.757+0000][1][safepoint    ] Total time for which application threads were stopped: 0.0000846 seconds, Stopping threads took: 0.0000126 seconds
[2019-12-11T08:31:07.758+0000][1][safepoint    ] Application time: 1.0008907 seconds
[2019-12-11T08:31:07.758+0000][1][safepoint    ] Entering safepoint region: Cleanup
[2019-12-11T08:31:07.758+0000][1][safepoint    ] Leaving safepoint region
[2019-12-11T08:31:07.758+0000][1][safepoint    ] Total time for which application threads were stopped: 0.0001881 seconds, Stopping threads took: 0.0000267 seconds
[2019-12-11T08:31:08.699+0000][1][safepoint    ] Application time: 0.9406833 seconds
[2019-12-11T08:31:08.699+0000][1][safepoint    ] Entering safepoint region: GenCollectForAllocation
[2019-12-11T08:31:08.699+0000][1][gc,start     ] GC(25) Pause Young (Allocation Failure)
[2019-12-11T08:31:08.699+0000][1][gc,task      ] GC(25) Using 2 workers of 2 for evacuation
[2019-12-11T08:31:08.811+0000][1][gc,age       ] GC(25) Desired survivor size 4456448 bytes, new threshold 6 (max threshold 6)
[2019-12-11T08:31:08.811+0000][1][gc,age       ] GC(25) Age table with threshold 6 (max threshold 6)
[2019-12-11T08:31:08.811+0000][1][gc,age       ] GC(25) - age   1:    1068720 bytes,    1068720 total
[2019-12-11T08:31:08.811+0000][1][gc,age       ] GC(25) - age   2:    2048136 bytes,    3116856 total
[2019-12-11T08:31:08.811+0000][1][gc,heap      ] GC(25) ParNew: 76795K->5896K(78656K)
[2019-12-11T08:31:08.811+0000][1][gc,heap      ] GC(25) CMS: 64240K->67765K(174784K)
[2019-12-11T08:31:08.811+0000][1][gc,metaspace ] GC(25) Metaspace: 72514K->72514K(1116160K)
[2019-12-11T08:31:08.811+0000][1][gc           ] GC(25) Pause Young (Allocation Failure) 137M->71M(247M) 111.883ms
[2019-12-11T08:31:08.811+0000][1][gc,cpu       ] GC(25) User=0.04s Sys=0.00s Real=0.11s
[2019-12-11T08:31:08.811+0000][1][safepoint    ] Leaving safepoint region
[2019-12-11T08:31:08.811+0000][1][safepoint    ] Total time for which application threads were stopped: 0.1121136 seconds, Stopping threads took: 0.0000251 seconds
[2019-12-11T08:31:09.813+0000][1][safepoint    ] Application time: 1.0025940 seconds
[2019-12-11T08:31:09.814+0000][1][safepoint    ] Entering safepoint region: Cleanup
[2019-12-11T08:31:09.814+0000][1][safepoint    ] Leaving safepoint region
[2019-12-11T08:31:09.814+0000][1][safepoint    ] Total time for which application threads were stopped: 0.0001412 seconds, Stopping threads took: 0.0000261 seconds
[2019-12-11T08:31:10.580+0000][1][safepoint    ] Application time: 0.7665701 seconds
[2019-12-11T08:31:10.580+0000][1][safepoint    ] Entering safepoint region: RevokeBias
[2019-12-11T08:31:10.580+0000][1][safepoint    ] Leaving safepoint region
[2019-12-11T08:31:10.580+0000][1][safepoint    ] Total time for which application threads were stopped: 0.0001829 seconds, Stopping threads took: 0.0000505 seconds
[2019-12-11T08:31:10.581+0000][1][safepoint    ] Application time: 0.0000715 seconds
[2019-12-11T08:31:10.581+0000][1][safepoint    ] Entering safepoint region: RevokeBias
[2019-12-11T08:31:10.581+0000][1][safepoint    ] Leaving safepoint region
[2019-12-11T08:31:10.581+0000][1][safepoint    ] Total time for which application threads were stopped: 0.0000748 seconds, Stopping threads took: 0.0000103 seconds
[2019-12-11T08:31:10.616+0000][1][safepoint    ] Application time: 0.0351018 seconds
[2019-12-11T08:31:10.630+0000][1][safepoint    ] Entering safepoint region: RevokeBias
[2019-12-11T08:31:10.630+0000][1][safepoint    ] Leaving safepoint region
[2019-12-11T08:31:10.630+0000][1][safepoint    ] Total time for which application threads were stopped: 0.0142941 seconds, Stopping threads took: 0.0141094 seconds
[2019-12-11T08:31:10.632+0000][1][safepoint    ] Application time: 0.0014821 seconds
[2019-12-11T08:31:10.632+0000][1][safepoint    ] Entering safepoint region: RevokeBias
[2019-12-11T08:31:10.632+0000][1][safepoint    ] Leaving safepoint region
[2019-12-11T08:31:10.632+0000][1][safepoint    ] Total time for which application threads were stopped: 0.0001546 seconds, Stopping threads took: 0.0000198 seconds
[2019-12-11T08:31:10.725+0000][1][safepoint    ] Application time: 0.0928798 seconds
[2019-12-11T08:31:10.725+0000][1][safepoint    ] Entering safepoint region: RevokeBias
[2019-12-11T08:31:10.725+0000][1][safepoint    ] Leaving safepoint region
[2019-12-11T08:31:10.725+0000][1][safepoint    ] Total time for which application threads were stopped: 0.0002478 seconds, Stopping threads took: 0.0000892 seconds
[2019-12-11T08:31:11.240+0000][1][safepoint    ] Application time: 0.5149417 seconds
[2019-12-11T08:31:11.240+0000][1][safepoint    ] Entering safepoint region: RevokeBias
[2019-12-11T08:31:11.240+0000][1][safepoint    ] Leaving safepoint region
[2019-12-11T08:31:11.240+0000][1][safepoint    ] Total time for which application threads were stopped: 0.0001756 seconds, Stopping threads took: 0.0000232 seconds
[2019-12-11T08:31:11.299+0000][1][safepoint    ] Application time: 0.0587286 seconds
[2019-12-11T08:31:11.301+0000][1][safepoint    ] Entering safepoint region: RevokeBias
[2019-12-11T08:31:11.302+0000][1][safepoint    ] Leaving safepoint region
[2019-12-11T08:31:11.302+0000][1][safepoint    ] Total time for which application threads were stopped: 0.0026671 seconds, Stopping threads took: 0.0025368 seconds
[2019-12-11T08:31:11.342+0000][1][safepoint    ] Application time: 0.0405577 seconds
[2019-12-11T08:31:11.349+0000][1][safepoint    ] Entering safepoint region: RevokeBias
[2019-12-11T08:31:11.350+0000][1][safepoint    ] Leaving safepoint region
[2019-12-11T08:31:11.350+0000][1][safepoint    ] Total time for which application threads were stopped: 0.0074459 seconds, Stopping threads took: 0.0073046 seconds
[2019-12-11T08:31:11.767+0000][1][safepoint    ] Application time: 0.4171388 seconds
[2019-12-11T08:31:11.767+0000][1][safepoint    ] Entering safepoint region: RevokeBias
[2019-12-11T08:31:11.767+0000][1][safepoint    ] Leaving safepoint region
[2019-12-11T08:31:11.767+0000][1][safepoint    ] Total time for which application threads were stopped: 0.0001586 seconds, Stopping threads took: 0.0000230 seconds
[2019-12-11T08:31:12.700+0000][1][safepoint    ] Application time: 0.9329285 seconds
[2019-12-11T08:31:12.700+0000][1][safepoint    ] Entering safepoint region: RevokeBias
[2019-12-11T08:31:12.700+0000][1][safepoint    ] Leaving safepoint region
[2019-12-11T08:31:12.700+0000][1][safepoint    ] Total time for which application threads were stopped: 0.0001697 seconds, Stopping threads took: 0.0000242 seconds
[2019-12-11T08:31:13.143+0000][1][safepoint    ] Application time: 0.4426776 seconds
[2019-12-11T08:31:13.143+0000][1][safepoint    ] Entering safepoint region: Deoptimize
[2019-12-11T08:31:13.144+0000][1][safepoint    ] Leaving safepoint region
[2019-12-11T08:31:13.144+0000][1][safepoint    ] Total time for which application threads were stopped: 0.0010396 seconds, Stopping threads took: 0.0000222 seconds
[2019-12-11T08:31:14.148+0000][1][safepoint    ] Application time: 1.0039670 seconds
[2019-12-11T08:31:14.148+0000][1][safepoint    ] Entering safepoint region: Cleanup
[2019-12-11T08:31:14.148+0000][1][safepoint    ] Leaving safepoint region
[2019-12-11T08:31:14.148+0000][1][safepoint    ] Total time for which application threads were stopped: 0.0001689 seconds, Stopping threads took: 0.0000275 seconds
[2019-12-11T08:31:14.235+0000][1][safepoint    ] Application time: 0.0872580 seconds
[2019-12-11T08:31:14.235+0000][1][safepoint    ] Entering safepoint region: RevokeBias
[2019-12-11T08:31:14.235+0000][1][safepoint    ] Leaving safepoint region
[2019-12-11T08:31:14.235+0000][1][safepoint    ] Total time for which application threads were stopped: 0.0001687 seconds, Stopping threads took: 0.0000222 seconds
[2019-12-11T08:31:14.236+0000][1][safepoint    ] Application time: 0.0000650 seconds
[2019-12-11T08:31:14.236+0000][1][safepoint    ] Entering safepoint region: RevokeBias
[2019-12-11T08:31:14.236+0000][1][safepoint    ] Leaving safepoint region
[2019-12-11T08:31:14.236+0000][1][safepoint    ] Total time for which application threads were stopped: 0.0000810 seconds, Stopping threads took: 0.0000093 seconds
[2019-12-11T08:31:14.238+0000][1][safepoint    ] Application time: 0.0028369 seconds
[2019-12-11T08:31:14.239+0000][1][safepoint    ] Entering safepoint region: Deoptimize
[2019-12-11T08:31:14.239+0000][1][safepoint    ] Leaving safepoint region
[2019-12-11T08:31:14.240+0000][1][safepoint    ] Total time for which application threads were stopped: 0.0010079 seconds, Stopping threads took: 0.0000175 seconds
[2019-12-11T08:31:14.245+0000][1][safepoint    ] Application time: 0.0051130 seconds
[2019-12-11T08:31:14.245+0000][1][safepoint    ] Entering safepoint region: Deoptimize
[2019-12-11T08:31:14.246+0000][1][safepoint    ] Leaving safepoint region
[2019-12-11T08:31:14.246+0000][1][safepoint    ] Total time for which application threads were stopped: 0.0009154 seconds, Stopping threads took: 0.0000164 seconds
[2019-12-11T08:31:15.246+0000][1][safepoint    ] Application time: 1.0001372 seconds
[2019-12-11T08:31:15.246+0000][1][safepoint    ] Entering safepoint region: Cleanup
[2019-12-11T08:31:15.246+0000][1][safepoint    ] Leaving safepoint region
[2019-12-11T08:31:15.246+0000][1][safepoint    ] Total time for which application threads were stopped: 0.0001902 seconds, Stopping threads took: 0.0000276 seconds
[2019-12-11T08:31:16.250+0000][1][safepoint    ] Application time: 1.0037692 seconds
[2019-12-11T08:31:16.250+0000][1][safepoint    ] Entering safepoint region: Cleanup
[2019-12-11T08:31:16.250+0000][1][safepoint    ] Leaving safepoint region
[2019-12-11T08:31:16.250+0000][1][safepoint    ] Total time for which application threads were stopped: 0.0001563 seconds, Stopping threads took: 0.0000294 seconds
[2019-12-11T08:31:16.829+0000][1][safepoint    ] Application time: 0.5793257 seconds
[2019-12-11T08:31:16.829+0000][1][safepoint    ] Entering safepoint region: RevokeBias
[2019-12-11T08:31:16.830+0000][1][safepoint    ] Leaving safepoint region
[2019-12-11T08:31:16.830+0000][1][safepoint    ] Total time for which application threads were stopped: 0.0002533 seconds, Stopping threads took: 0.0000250 seconds
[2019-12-11T08:31:16.830+0000][1][safepoint    ] Application time: 0.0000768 seconds
[2019-12-11T08:31:16.830+0000][1][safepoint    ] Entering safepoint region: RevokeBias
[2019-12-11T08:31:16.830+0000][1][safepoint    ] Leaving safepoint region
[2019-12-11T08:31:16.830+0000][1][safepoint    ] Total time for which application threads were stopped: 0.0001090 seconds, Stopping threads took: 0.0000106 seconds
[2019-12-11T08:31:17.830+0000][1][safepoint    ] Application time: 1.0000898 seconds
[2019-12-11T08:31:17.830+0000][1][safepoint    ] Entering safepoint region: Cleanup
[2019-12-11T08:31:17.830+0000][1][safepoint    ] Leaving safepoint region
[2019-12-11T08:31:17.830+0000][1][safepoint    ] Total time for which application threads were stopped: 0.0002027 seconds, Stopping threads took: 0.0000353 seconds
[2019-12-11T08:31:18.830+0000][1][safepoint    ] Application time: 1.0002032 seconds
[2019-12-11T08:31:18.830+0000][1][safepoint    ] Entering safepoint region: Cleanup
[2019-12-11T08:31:18.831+0000][1][safepoint    ] Leaving safepoint region
[2019-12-11T08:31:18.831+0000][1][safepoint    ] Total time for which application threads were stopped: 0.0001750 seconds, Stopping threads took: 0.0000307 seconds
[2019-12-11T08:31:19.831+0000][1][safepoint    ] Application time: 1.0001910 seconds
[2019-12-11T08:31:19.831+0000][1][safepoint    ] Entering safepoint region: Cleanup
[2019-12-11T08:31:19.831+0000][1][safepoint    ] Leaving safepoint region
[2019-12-11T08:31:19.831+0000][1][safepoint    ] Total time for which application threads were stopped: 0.0001626 seconds, Stopping threads took: 0.0000286 seconds
[2019-12-11T08:31:20.831+0000][1][safepoint    ] Application time: 1.0000830 seconds
[2019-12-11T08:31:20.831+0000][1][safepoint    ] Entering safepoint region: Cleanup
[2019-12-11T08:31:20.831+0000][1][safepoint    ] Leaving safepoint region
[2019-12-11T08:31:20.831+0000][1][safepoint    ] Total time for which application threads were stopped: 0.0001583 seconds, Stopping threads took: 0.0000288 seconds
[2019-12-11T08:31:21.833+0000][1][safepoint    ] Application time: 1.0015272 seconds
[2019-12-11T08:31:21.833+0000][1][safepoint    ] Entering safepoint region: Cleanup
[2019-12-11T08:31:21.833+0000][1][safepoint    ] Leaving safepoint region
[2019-12-11T08:31:21.833+0000][1][safepoint    ] Total time for which application threads were stopped: 0.0001807 seconds, Stopping threads took: 0.0000456 seconds
[2019-12-11T08:31:22.835+0000][1][safepoint    ] Application time: 1.0017120 seconds
[2019-12-11T08:31:22.835+0000][1][safepoint    ] Entering safepoint region: Cleanup
[2019-12-11T08:31:22.835+0000][1][safepoint    ] Leaving safepoint region
[2019-12-11T08:31:22.835+0000][1][safepoint    ] Total time for which application threads were stopped: 0.0001568 seconds, Stopping threads took: 0.0000288 seconds
[2019-12-11T08:31:23.836+0000][1][safepoint    ] Application time: 1.0007888 seconds
[2019-12-11T08:31:23.836+0000][1][safepoint    ] Entering safepoint region: Cleanup
[2019-12-11T08:31:23.836+0000][1][safepoint    ] Leaving safepoint region
[2019-12-11T08:31:23.836+0000][1][safepoint    ] Total time for which application threads were stopped: 0.0001571 seconds, Stopping threads took: 0.0000298 seconds
[2019-12-11T08:31:24.838+0000][1][safepoint    ] Application time: 1.0017778 seconds
[2019-12-11T08:31:24.838+0000][1][safepoint    ] Entering safepoint region: Cleanup
[2019-12-11T08:31:24.838+0000][1][safepoint    ] Leaving safepoint region
[2019-12-11T08:31:24.838+0000][1][safepoint    ] Total time for which application threads were stopped: 0.0001789 seconds, Stopping threads took: 0.0000256 seconds
[2019-12-11T08:31:25.839+0000][1][safepoint    ] Application time: 1.0008639 seconds
[2019-12-11T08:31:25.839+0000][1][safepoint    ] Entering safepoint region: Cleanup
[2019-12-11T08:31:25.839+0000][1][safepoint    ] Leaving safepoint region
[2019-12-11T08:31:25.839+0000][1][safepoint    ] Total time for which application threads were stopped: 0.0001358 seconds, Stopping threads took: 0.0000247 seconds
[2019-12-11T08:31:26.840+0000][1][safepoint    ] Application time: 1.0007924 seconds
[2019-12-11T08:31:26.840+0000][1][safepoint    ] Entering safepoint region: Cleanup
[2019-12-11T08:31:26.840+0000][1][safepoint    ] Leaving safepoint region
[2019-12-11T08:31:26.840+0000][1][safepoint    ] Total time for which application threads were stopped: 0.0001494 seconds, Stopping threads took: 0.0000238 seconds
[2019-12-11T08:31:27.842+0000][1][safepoint    ] Application time: 1.0022710 seconds
[2019-12-11T08:31:27.842+0000][1][safepoint    ] Entering safepoint region: Cleanup
[2019-12-11T08:31:27.842+0000][1][safepoint    ] Leaving safepoint region
[2019-12-11T08:31:27.842+0000][1][safepoint    ] Total time for which application threads were stopped: 0.0001255 seconds, Stopping threads took: 0.0000242 seconds
[2019-12-11T08:31:28.843+0000][1][safepoint    ] Application time: 1.0002954 seconds
[2019-12-11T08:31:28.843+0000][1][safepoint    ] Entering safepoint region: Cleanup
[2019-12-11T08:31:28.843+0000][1][safepoint    ] Leaving safepoint region
[2019-12-11T08:31:28.843+0000][1][safepoint    ] Total time for which application threads were stopped: 0.0001545 seconds, Stopping threads took: 0.0000320 seconds
[2019-12-11T08:31:29.844+0000][1][safepoint    ] Application time: 1.0007500 seconds
[2019-12-11T08:31:29.844+0000][1][safepoint    ] Entering safepoint region: Cleanup
[2019-12-11T08:31:29.844+0000][1][safepoint    ] Leaving safepoint region
[2019-12-11T08:31:29.844+0000][1][safepoint    ] Total time for which application threads were stopped: 0.0001703 seconds, Stopping threads took: 0.0000357 seconds
[2019-12-11T08:31:30.846+0000][1][safepoint    ] Application time: 1.0018038 seconds
[2019-12-11T08:31:30.846+0000][1][safepoint    ] Entering safepoint region: Cleanup
[2019-12-11T08:31:30.846+0000][1][safepoint    ] Leaving safepoint region
[2019-12-11T08:31:30.846+0000][1][safepoint    ] Total time for which application threads were stopped: 0.0001510 seconds, Stopping threads took: 0.0000265 seconds
[2019-12-11T08:31:31.831+0000][1][safepoint    ] Application time: 0.9846195 seconds
[2019-12-11T08:31:31.831+0000][1][safepoint    ] Entering safepoint region: GenCollectForAllocation
[2019-12-11T08:31:31.831+0000][1][gc,start     ] GC(26) Pause Young (Allocation Failure)
[2019-12-11T08:31:31.831+0000][1][gc,task      ] GC(26) Using 2 workers of 2 for evacuation
[2019-12-11T08:31:31.867+0000][1][gc,age       ] GC(26) Desired survivor size 4456448 bytes, new threshold 6 (max threshold 6)
[2019-12-11T08:31:31.867+0000][1][gc,age       ] GC(26) Age table with threshold 6 (max threshold 6)
[2019-12-11T08:31:31.867+0000][1][gc,age       ] GC(26) - age   1:    1460856 bytes,    1460856 total
[2019-12-11T08:31:31.867+0000][1][gc,age       ] GC(26) - age   2:     843144 bytes,    2304000 total
[2019-12-11T08:31:31.867+0000][1][gc,age       ] GC(26) - age   3:    2000680 bytes,    4304680 total
[2019-12-11T08:31:31.867+0000][1][gc,heap      ] GC(26) ParNew: 75848K->5231K(78656K)
[2019-12-11T08:31:31.867+0000][1][gc,heap      ] GC(26) CMS: 67765K->67765K(174784K)
[2019-12-11T08:31:31.867+0000][1][gc,metaspace ] GC(26) Metaspace: 74216K->74216K(1118208K)
[2019-12-11T08:31:31.867+0000][1][gc           ] GC(26) Pause Young (Allocation Failure) 140M->71M(247M) 36.678ms
[2019-12-11T08:31:31.867+0000][1][gc,cpu       ] GC(26) User=0.02s Sys=0.00s Real=0.04s
[2019-12-11T08:31:31.868+0000][1][safepoint    ] Leaving safepoint region
[2019-12-11T08:31:31.868+0000][1][safepoint    ] Total time for which application threads were stopped: 0.0369390 seconds, Stopping threads took: 0.0000244 seconds
[2019-12-11T08:31:31.870+0000][1][safepoint    ] Application time: 0.0027485 seconds
[2019-12-11T08:31:31.870+0000][1][safepoint    ] Entering safepoint region: RevokeBias
[2019-12-11T08:31:31.870+0000][1][safepoint    ] Leaving safepoint region
[2019-12-11T08:31:31.870+0000][1][safepoint    ] Total time for which application threads were stopped: 0.0001435 seconds, Stopping threads took: 0.0000206 seconds
[2019-12-11T08:31:31.871+0000][1][safepoint    ] Application time: 0.0000659 seconds
[2019-12-11T08:31:31.871+0000][1][safepoint    ] Entering safepoint region: RevokeBias
[2019-12-11T08:31:31.871+0000][1][safepoint    ] Leaving safepoint region
[2019-12-11T08:31:31.871+0000][1][safepoint    ] Total time for which application threads were stopped: 0.0000841 seconds, Stopping threads took: 0.0000114 seconds
[2019-12-11T08:31:31.871+0000][1][safepoint    ] Application time: 0.0001515 seconds
[2019-12-11T08:31:31.871+0000][1][safepoint    ] Entering safepoint region: RevokeBias
[2019-12-11T08:31:31.871+0000][1][safepoint    ] Leaving safepoint region
[2019-12-11T08:31:31.871+0000][1][safepoint    ] Total time for which application threads were stopped: 0.0000729 seconds, Stopping threads took: 0.0000106 seconds
[2019-12-11T08:31:32.875+0000][1][safepoint    ] Application time: 1.0038248 seconds
[2019-12-11T08:31:32.875+0000][1][safepoint    ] Entering safepoint region: Cleanup
[2019-12-11T08:31:32.875+0000][1][safepoint    ] Leaving safepoint region
[2019-12-11T08:31:32.875+0000][1][safepoint    ] Total time for which application threads were stopped: 0.0001747 seconds, Stopping threads took: 0.0000399 seconds
[2019-12-11T08:31:34.879+0000][1][safepoint    ] Application time: 2.0037549 seconds
[2019-12-11T08:31:34.879+0000][1][safepoint    ] Entering safepoint region: Cleanup
[2019-12-11T08:31:34.879+0000][1][safepoint    ] Leaving safepoint region
[2019-12-11T08:31:34.879+0000][1][safepoint    ] Total time for which application threads were stopped: 0.0001565 seconds, Stopping threads took: 0.0000288 seconds
[2019-12-11T08:31:36.882+0000][1][safepoint    ] Application time: 2.0028199 seconds
[2019-12-11T08:31:36.882+0000][1][safepoint    ] Entering safepoint region: Cleanup
[2019-12-11T08:31:36.882+0000][1][safepoint    ] Leaving safepoint region
[2019-12-11T08:31:36.882+0000][1][safepoint    ] Total time for which application threads were stopped: 0.0001507 seconds, Stopping threads took: 0.0000256 seconds
[2019-12-11T08:31:37.883+0000][1][safepoint    ] Application time: 1.0007641 seconds
[2019-12-11T08:31:37.883+0000][1][safepoint    ] Entering safepoint region: Cleanup
[2019-12-11T08:31:37.883+0000][1][safepoint    ] Leaving safepoint region
[2019-12-11T08:31:37.883+0000][1][safepoint    ] Total time for which application threads were stopped: 0.0002015 seconds, Stopping threads took: 0.0000568 seconds
[2019-12-11T08:31:38.884+0000][1][safepoint    ] Application time: 1.0008577 seconds
[2019-12-11T08:31:38.884+0000][1][safepoint    ] Entering safepoint region: Cleanup
[2019-12-11T08:31:38.884+0000][1][safepoint    ] Leaving safepoint region
[2019-12-11T08:31:38.884+0000][1][safepoint    ] Total time for which application threads were stopped: 0.0001414 seconds, Stopping threads took: 0.0000292 seconds
[2019-12-11T08:31:39.885+0000][1][safepoint    ] Application time: 1.0006763 seconds
[2019-12-11T08:31:39.885+0000][1][safepoint    ] Entering safepoint region: Cleanup
[2019-12-11T08:31:39.885+0000][1][safepoint    ] Leaving safepoint region
[2019-12-11T08:31:39.885+0000][1][safepoint    ] Total time for which application threads were stopped: 0.0001542 seconds, Stopping threads took: 0.0000295 seconds
[2019-12-11T08:31:40.888+0000][1][safepoint    ] Application time: 1.0028726 seconds
[2019-12-11T08:31:40.888+0000][1][safepoint    ] Entering safepoint region: Cleanup
[2019-12-11T08:31:40.888+0000][1][safepoint    ] Leaving safepoint region
[2019-12-11T08:31:40.888+0000][1][safepoint    ] Total time for which application threads were stopped: 0.0001480 seconds, Stopping threads took: 0.0000282 seconds
[2019-12-11T08:31:41.889+0000][1][safepoint    ] Application time: 1.0008451 seconds
[2019-12-11T08:31:41.889+0000][1][safepoint    ] Entering safepoint region: Cleanup
[2019-12-11T08:31:41.889+0000][1][safepoint    ] Leaving safepoint region
[2019-12-11T08:31:41.889+0000][1][safepoint    ] Total time for which application threads were stopped: 0.0001365 seconds, Stopping threads took: 0.0000255 seconds
[2019-12-11T08:31:42.891+0000][1][safepoint    ] Application time: 1.0016697 seconds
[2019-12-11T08:31:42.891+0000][1][safepoint    ] Entering safepoint region: Cleanup
[2019-12-11T08:31:42.891+0000][1][safepoint    ] Leaving safepoint region
[2019-12-11T08:31:42.891+0000][1][safepoint    ] Total time for which application threads were stopped: 0.0001489 seconds, Stopping threads took: 0.0000269 seconds
[2019-12-11T08:31:43.893+0000][1][safepoint    ] Application time: 1.0018044 seconds
[2019-12-11T08:31:43.893+0000][1][safepoint    ] Entering safepoint region: Cleanup
[2019-12-11T08:31:43.893+0000][1][safepoint    ] Leaving safepoint region
[2019-12-11T08:31:43.893+0000][1][safepoint    ] Total time for which application threads were stopped: 0.0001485 seconds, Stopping threads took: 0.0000296 seconds
[2019-12-11T08:31:44.894+0000][1][safepoint    ] Application time: 1.0007821 seconds
[2019-12-11T08:31:44.894+0000][1][safepoint    ] Entering safepoint region: Cleanup
[2019-12-11T08:31:44.894+0000][1][safepoint    ] Leaving safepoint region
[2019-12-11T08:31:44.894+0000][1][safepoint    ] Total time for which application threads were stopped: 0.0001634 seconds, Stopping threads took: 0.0000399 seconds
[2019-12-11T08:31:45.896+0000][1][safepoint    ] Application time: 1.0017798 seconds
[2019-12-11T08:31:45.896+0000][1][safepoint    ] Entering safepoint region: Cleanup
[2019-12-11T08:31:45.896+0000][1][safepoint    ] Leaving safepoint region
[2019-12-11T08:31:45.896+0000][1][safepoint    ] Total time for which application threads were stopped: 0.0001438 seconds, Stopping threads took: 0.0000296 seconds
[2019-12-11T08:31:46.898+0000][1][safepoint    ] Application time: 1.0017866 seconds
[2019-12-11T08:31:46.898+0000][1][safepoint    ] Entering safepoint region: Cleanup
[2019-12-11T08:31:46.898+0000][1][safepoint    ] Leaving safepoint region
[2019-12-11T08:31:46.898+0000][1][safepoint    ] Total time for which application threads were stopped: 0.0001177 seconds, Stopping threads took: 0.0000219 seconds
[2019-12-11T08:31:47.900+0000][1][safepoint    ] Application time: 1.0018451 seconds
[2019-12-11T08:31:47.900+0000][1][safepoint    ] Entering safepoint region: Cleanup
[2019-12-11T08:31:47.900+0000][1][safepoint    ] Leaving safepoint region
[2019-12-11T08:31:47.900+0000][1][safepoint    ] Total time for which application threads were stopped: 0.0001450 seconds, Stopping threads took: 0.0000284 seconds
[2019-12-11T08:31:48.902+0000][1][safepoint    ] Application time: 1.0017980 seconds
[2019-12-11T08:31:48.902+0000][1][safepoint    ] Entering safepoint region: Cleanup
[2019-12-11T08:31:48.902+0000][1][safepoint    ] Leaving safepoint region
[2019-12-11T08:31:48.902+0000][1][safepoint    ] Total time for which application threads were stopped: 0.0001371 seconds, Stopping threads took: 0.0000281 seconds
[2019-12-11T08:31:49.903+0000][1][safepoint    ] Application time: 1.0008150 seconds
[2019-12-11T08:31:49.903+0000][1][safepoint    ] Entering safepoint region: Cleanup
[2019-12-11T08:31:49.903+0000][1][safepoint    ] Leaving safepoint region
[2019-12-11T08:31:49.903+0000][1][safepoint    ] Total time for which application threads were stopped: 0.0001867 seconds, Stopping threads took: 0.0000415 seconds
[2019-12-11T08:31:50.907+0000][1][safepoint    ] Application time: 1.0037157 seconds
[2019-12-11T08:31:50.907+0000][1][safepoint    ] Entering safepoint region: Cleanup
[2019-12-11T08:31:50.907+0000][1][safepoint    ] Leaving safepoint region
[2019-12-11T08:31:50.907+0000][1][safepoint    ] Total time for which application threads were stopped: 0.0001822 seconds, Stopping threads took: 0.0000278 seconds
[2019-12-11T08:31:51.909+0000][1][safepoint    ] Application time: 1.0017569 seconds
[2019-12-11T08:31:51.909+0000][1][safepoint    ] Entering safepoint region: Cleanup
[2019-12-11T08:31:51.909+0000][1][safepoint    ] Leaving safepoint region
[2019-12-11T08:31:51.909+0000][1][safepoint    ] Total time for which application threads were stopped: 0.0001440 seconds, Stopping threads took: 0.0000263 seconds
[2019-12-11T08:31:52.913+0000][1][safepoint    ] Application time: 1.0043844 seconds
[2019-12-11T08:31:52.913+0000][1][safepoint    ] Entering safepoint region: Cleanup
[2019-12-11T08:31:52.914+0000][1][safepoint    ] Leaving safepoint region
[2019-12-11T08:31:52.914+0000][1][safepoint    ] Total time for which application threads were stopped: 0.0001851 seconds, Stopping threads took: 0.0000277 seconds
[2019-12-11T08:31:53.914+0000][1][safepoint    ] Application time: 1.0005600 seconds
[2019-12-11T08:31:53.914+0000][1][safepoint    ] Entering safepoint region: Cleanup
[2019-12-11T08:31:53.914+0000][1][safepoint    ] Leaving safepoint region
[2019-12-11T08:31:53.914+0000][1][safepoint    ] Total time for which application threads were stopped: 0.0001354 seconds, Stopping threads took: 0.0000242 seconds
[2019-12-11T08:31:54.914+0000][1][safepoint    ] Application time: 1.0000837 seconds
[2019-12-11T08:31:54.914+0000][1][safepoint    ] Entering safepoint region: Cleanup
[2019-12-11T08:31:54.915+0000][1][safepoint    ] Leaving safepoint region
[2019-12-11T08:31:54.915+0000][1][safepoint    ] Total time for which application threads were stopped: 0.0001533 seconds, Stopping threads took: 0.0000370 seconds
[2019-12-11T08:31:56.918+0000][1][safepoint    ] Application time: 2.0031730 seconds
[2019-12-11T08:31:56.918+0000][1][safepoint    ] Entering safepoint region: Cleanup
[2019-12-11T08:31:56.918+0000][1][safepoint    ] Leaving safepoint region
[2019-12-11T08:31:56.918+0000][1][safepoint    ] Total time for which application threads were stopped: 0.0001231 seconds, Stopping threads took: 0.0000219 seconds
[2019-12-11T08:31:57.919+0000][1][safepoint    ] Application time: 1.0008437 seconds
[2019-12-11T08:31:57.919+0000][1][safepoint    ] Entering safepoint region: Cleanup
[2019-12-11T08:31:57.919+0000][1][safepoint    ] Leaving safepoint region
[2019-12-11T08:31:57.919+0000][1][safepoint    ] Total time for which application threads were stopped: 0.0001452 seconds, Stopping threads took: 0.0000300 seconds
[2019-12-11T08:31:58.920+0000][1][safepoint    ] Application time: 1.0007607 seconds
[2019-12-11T08:31:58.920+0000][1][safepoint    ] Entering safepoint region: Cleanup
[2019-12-11T08:31:58.920+0000][1][safepoint    ] Leaving safepoint region
[2019-12-11T08:31:58.920+0000][1][safepoint    ] Total time for which application threads were stopped: 0.0001393 seconds, Stopping threads took: 0.0000261 seconds
[2019-12-11T08:31:59.922+0000][1][safepoint    ] Application time: 1.0018731 seconds
[2019-12-11T08:31:59.922+0000][1][safepoint    ] Entering safepoint region: Cleanup
[2019-12-11T08:31:59.922+0000][1][safepoint    ] Leaving safepoint region
[2019-12-11T08:31:59.922+0000][1][safepoint    ] Total time for which application threads were stopped: 0.0001739 seconds, Stopping threads took: 0.0000388 seconds
[2019-12-11T08:32:00.923+0000][1][safepoint    ] Application time: 1.0006929 seconds
[2019-12-11T08:32:00.923+0000][1][safepoint    ] Entering safepoint region: Cleanup
[2019-12-11T08:32:00.923+0000][1][safepoint    ] Leaving safepoint region
[2019-12-11T08:32:00.923+0000][1][safepoint    ] Total time for which application threads were stopped: 0.0001548 seconds, Stopping threads took: 0.0000377 seconds
[2019-12-11T08:32:02.925+0000][1][safepoint    ] Application time: 2.0018535 seconds
[2019-12-11T08:32:02.925+0000][1][safepoint    ] Entering safepoint region: Cleanup
[2019-12-11T08:32:02.925+0000][1][safepoint    ] Leaving safepoint region
[2019-12-11T08:32:02.925+0000][1][safepoint    ] Total time for which application threads were stopped: 0.0001322 seconds, Stopping threads took: 0.0000263 seconds
[2019-12-11T08:32:03.927+0000][1][safepoint    ] Application time: 1.0018859 seconds
[2019-12-11T08:32:03.927+0000][1][safepoint    ] Entering safepoint region: Cleanup
[2019-12-11T08:32:03.927+0000][1][safepoint    ] Leaving safepoint region
[2019-12-11T08:32:03.927+0000][1][safepoint    ] Total time for which application threads were stopped: 0.0001501 seconds, Stopping threads took: 0.0000296 seconds
[2019-12-11T08:32:04.928+0000][1][safepoint    ] Application time: 1.0006556 seconds
[2019-12-11T08:32:04.928+0000][1][safepoint    ] Entering safepoint region: Cleanup
[2019-12-11T08:32:04.928+0000][1][safepoint    ] Leaving safepoint region
[2019-12-11T08:32:04.928+0000][1][safepoint    ] Total time for which application threads were stopped: 0.0001506 seconds, Stopping threads took: 0.0000324 seconds
[2019-12-11T08:32:06.930+0000][1][safepoint    ] Application time: 2.0018049 seconds
[2019-12-11T08:32:06.930+0000][1][safepoint    ] Entering safepoint region: Cleanup
[2019-12-11T08:32:06.930+0000][1][safepoint    ] Leaving safepoint region
[2019-12-11T08:32:06.930+0000][1][safepoint    ] Total time for which application threads were stopped: 0.0001446 seconds, Stopping threads took: 0.0000276 seconds
[2019-12-11T08:32:07.932+0000][1][safepoint    ] Application time: 1.0017758 seconds
[2019-12-11T08:32:07.932+0000][1][safepoint    ] Entering safepoint region: Cleanup
[2019-12-11T08:32:07.932+0000][1][safepoint    ] Leaving safepoint region
[2019-12-11T08:32:07.932+0000][1][safepoint    ] Total time for which application threads were stopped: 0.0001315 seconds, Stopping threads took: 0.0000267 seconds
[2019-12-11T08:32:08.934+0000][1][safepoint    ] Application time: 1.0018091 seconds
[2019-12-11T08:32:08.934+0000][1][safepoint    ] Entering safepoint region: Cleanup
[2019-12-11T08:32:08.934+0000][1][safepoint    ] Leaving safepoint region
[2019-12-11T08:32:08.934+0000][1][safepoint    ] Total time for which application threads were stopped: 0.0001369 seconds, Stopping threads took: 0.0000277 seconds
[2019-12-11T08:32:09.937+0000][1][safepoint    ] Application time: 1.0028070 seconds
[2019-12-11T08:32:09.937+0000][1][safepoint    ] Entering safepoint region: Cleanup
[2019-12-11T08:32:09.937+0000][1][safepoint    ] Leaving safepoint region
[2019-12-11T08:32:09.937+0000][1][safepoint    ] Total time for which application threads were stopped: 0.0001444 seconds, Stopping threads took: 0.0000274 seconds
[2019-12-11T08:32:11.910+0000][1][safepoint    ] Application time: 1.9728081 seconds
[2019-12-11T08:32:11.910+0000][1][safepoint    ] Entering safepoint region: GenCollectForAllocation
[2019-12-11T08:32:11.910+0000][1][gc,start     ] GC(27) Pause Young (Allocation Failure)
[2019-12-11T08:32:11.910+0000][1][gc,task      ] GC(27) Using 2 workers of 2 for evacuation
[2019-12-11T08:32:11.936+0000][1][gc,age       ] GC(27) Desired survivor size 4456448 bytes, new threshold 6 (max threshold 6)
[2019-12-11T08:32:11.936+0000][1][gc,age       ] GC(27) Age table with threshold 6 (max threshold 6)
[2019-12-11T08:32:11.936+0000][1][gc,age       ] GC(27) - age   1:     734360 bytes,     734360 total
[2019-12-11T08:32:11.936+0000][1][gc,age       ] GC(27) - age   2:     694584 bytes,    1428944 total
[2019-12-11T08:32:11.936+0000][1][gc,age       ] GC(27) - age   3:     839192 bytes,    2268136 total
[2019-12-11T08:32:11.936+0000][1][gc,age       ] GC(27) - age   4:    1996888 bytes,    4265024 total
[2019-12-11T08:32:11.936+0000][1][gc,heap      ] GC(27) ParNew: 75183K->7613K(78656K)
[2019-12-11T08:32:11.936+0000][1][gc,heap      ] GC(27) CMS: 67765K->67765K(174784K)
[2019-12-11T08:32:11.936+0000][1][gc,metaspace ] GC(27) Metaspace: 74440K->74440K(1118208K)
[2019-12-11T08:32:11.936+0000][1][gc           ] GC(27) Pause Young (Allocation Failure) 139M->73M(247M) 25.676ms
[2019-12-11T08:32:11.936+0000][1][gc,cpu       ] GC(27) User=0.02s Sys=0.00s Real=0.03s
[2019-12-11T08:32:11.936+0000][1][safepoint    ] Leaving safepoint region
[2019-12-11T08:32:11.936+0000][1][safepoint    ] Total time for which application threads were stopped: 0.0259388 seconds, Stopping threads took: 0.0000258 seconds
[2019-12-11T08:32:11.941+0000][1][safepoint    ] Application time: 0.0052750 seconds
[2019-12-11T08:32:11.941+0000][1][safepoint    ] Entering safepoint region: RevokeBias
[2019-12-11T08:32:11.941+0000][1][safepoint    ] Leaving safepoint region
[2019-12-11T08:32:11.941+0000][1][safepoint    ] Total time for which application threads were stopped: 0.0001559 seconds, Stopping threads took: 0.0000215 seconds
[2019-12-11T08:32:12.945+0000][1][safepoint    ] Application time: 1.0035348 seconds
[2019-12-11T08:32:12.945+0000][1][safepoint    ] Entering safepoint region: Cleanup
[2019-12-11T08:32:12.945+0000][1][safepoint    ] Leaving safepoint region
[2019-12-11T08:32:12.945+0000][1][safepoint    ] Total time for which application threads were stopped: 0.0001459 seconds, Stopping threads took: 0.0000279 seconds
[2019-12-11T08:32:13.946+0000][1][safepoint    ] Application time: 1.0008267 seconds
[2019-12-11T08:32:13.946+0000][1][safepoint    ] Entering safepoint region: Cleanup
[2019-12-11T08:32:13.946+0000][1][safepoint    ] Leaving safepoint region
[2019-12-11T08:32:13.946+0000][1][safepoint    ] Total time for which application threads were stopped: 0.0001409 seconds, Stopping threads took: 0.0000278 seconds
[2019-12-11T08:32:15.950+0000][1][safepoint    ] Application time: 2.0037681 seconds
[2019-12-11T08:32:15.950+0000][1][safepoint    ] Entering safepoint region: Cleanup
[2019-12-11T08:32:15.950+0000][1][safepoint    ] Leaving safepoint region
[2019-12-11T08:32:15.950+0000][1][safepoint    ] Total time for which application threads were stopped: 0.0002003 seconds, Stopping threads took: 0.0000308 seconds
[2019-12-11T08:32:16.953+0000][1][safepoint    ] Application time: 1.0027760 seconds
[2019-12-11T08:32:16.953+0000][1][safepoint    ] Entering safepoint region: Cleanup
[2019-12-11T08:32:16.953+0000][1][safepoint    ] Leaving safepoint region
[2019-12-11T08:32:16.953+0000][1][safepoint    ] Total time for which application threads were stopped: 0.0001263 seconds, Stopping threads took: 0.0000232 seconds
[2019-12-11T08:32:17.954+0000][1][safepoint    ] Application time: 1.0007762 seconds
[2019-12-11T08:32:17.954+0000][1][safepoint    ] Entering safepoint region: Cleanup
[2019-12-11T08:32:17.954+0000][1][safepoint    ] Leaving safepoint region
[2019-12-11T08:32:17.954+0000][1][safepoint    ] Total time for which application threads were stopped: 0.0001319 seconds, Stopping threads took: 0.0000258 seconds
[2019-12-11T08:32:19.956+0000][1][safepoint    ] Application time: 2.0018063 seconds
[2019-12-11T08:32:19.956+0000][1][safepoint    ] Entering safepoint region: Cleanup
[2019-12-11T08:32:19.956+0000][1][safepoint    ] Leaving safepoint region
[2019-12-11T08:32:19.956+0000][1][safepoint    ] Total time for which application threads were stopped: 0.0001366 seconds, Stopping threads took: 0.0000263 seconds
[2019-12-11T08:32:20.957+0000][1][safepoint    ] Application time: 1.0008184 seconds
[2019-12-11T08:32:20.957+0000][1][safepoint    ] Entering safepoint region: Cleanup
[2019-12-11T08:32:20.957+0000][1][safepoint    ] Leaving safepoint region
[2019-12-11T08:32:20.957+0000][1][safepoint    ] Total time for which application threads were stopped: 0.0001808 seconds, Stopping threads took: 0.0000435 seconds
[2019-12-11T08:32:21.959+0000][1][safepoint    ] Application time: 1.0018643 seconds
[2019-12-11T08:32:21.959+0000][1][safepoint    ] Entering safepoint region: Cleanup
[2019-12-11T08:32:21.959+0000][1][safepoint    ] Leaving safepoint region
[2019-12-11T08:32:21.959+0000][1][safepoint    ] Total time for which application threads were stopped: 0.0001328 seconds, Stopping threads took: 0.0000250 seconds
[2019-12-11T08:32:22.962+0000][1][safepoint    ] Application time: 1.0027257 seconds
[2019-12-11T08:32:22.962+0000][1][safepoint    ] Entering safepoint region: Cleanup
[2019-12-11T08:32:22.962+0000][1][safepoint    ] Leaving safepoint region
[2019-12-11T08:32:22.962+0000][1][safepoint    ] Total time for which application threads were stopped: 0.0001380 seconds, Stopping threads took: 0.0000251 seconds
[2019-12-11T08:32:23.963+0000][1][safepoint    ] Application time: 1.0009092 seconds
[2019-12-11T08:32:23.963+0000][1][safepoint    ] Entering safepoint region: Cleanup
[2019-12-11T08:32:23.963+0000][1][safepoint    ] Leaving safepoint region
[2019-12-11T08:32:23.963+0000][1][safepoint    ] Total time for which application threads were stopped: 0.0001502 seconds, Stopping threads took: 0.0000302 seconds
[2019-12-11T08:32:24.964+0000][1][safepoint    ] Application time: 1.0006725 seconds
[2019-12-11T08:32:24.964+0000][1][safepoint    ] Entering safepoint region: Cleanup
[2019-12-11T08:32:24.964+0000][1][safepoint    ] Leaving safepoint region
[2019-12-11T08:32:24.964+0000][1][safepoint    ] Total time for which application threads were stopped: 0.0001392 seconds, Stopping threads took: 0.0000284 seconds
[2019-12-11T08:32:25.967+0000][1][safepoint    ] Application time: 1.0028074 seconds
[2019-12-11T08:32:25.967+0000][1][safepoint    ] Entering safepoint region: Cleanup
[2019-12-11T08:32:25.967+0000][1][safepoint    ] Leaving safepoint region
[2019-12-11T08:32:25.967+0000][1][safepoint    ] Total time for which application threads were stopped: 0.0001614 seconds, Stopping threads took: 0.0000309 seconds
[2019-12-11T08:32:27.969+0000][1][safepoint    ] Application time: 2.0018031 seconds
[2019-12-11T08:32:27.969+0000][1][safepoint    ] Entering safepoint region: Cleanup
[2019-12-11T08:32:27.969+0000][1][safepoint    ] Leaving safepoint region
[2019-12-11T08:32:27.969+0000][1][safepoint    ] Total time for which application threads were stopped: 0.0001322 seconds, Stopping threads took: 0.0000253 seconds
[2019-12-11T08:32:29.970+0000][1][safepoint    ] Application time: 2.0009365 seconds
[2019-12-11T08:32:29.970+0000][1][safepoint    ] Entering safepoint region: Cleanup
[2019-12-11T08:32:29.970+0000][1][safepoint    ] Leaving safepoint region
[2019-12-11T08:32:29.970+0000][1][safepoint    ] Total time for which application threads were stopped: 0.0001361 seconds, Stopping threads took: 0.0000287 seconds
[2019-12-11T08:32:31.975+0000][1][safepoint    ] Application time: 2.0046751 seconds
[2019-12-11T08:32:31.975+0000][1][safepoint    ] Entering safepoint region: Cleanup
[2019-12-11T08:32:31.975+0000][1][safepoint    ] Leaving safepoint region
[2019-12-11T08:32:31.975+0000][1][safepoint    ] Total time for which application threads were stopped: 0.0001477 seconds, Stopping threads took: 0.0000255 seconds
[2019-12-11T08:32:32.976+0000][1][safepoint    ] Application time: 1.0008191 seconds
[2019-12-11T08:32:32.976+0000][1][safepoint    ] Entering safepoint region: Cleanup
[2019-12-11T08:32:32.976+0000][1][safepoint    ] Leaving safepoint region
[2019-12-11T08:32:32.976+0000][1][safepoint    ] Total time for which application threads were stopped: 0.0001598 seconds, Stopping threads took: 0.0000293 seconds
[2019-12-11T08:32:33.979+0000][1][safepoint    ] Application time: 1.0027708 seconds
[2019-12-11T08:32:33.979+0000][1][safepoint    ] Entering safepoint region: Cleanup
[2019-12-11T08:32:33.979+0000][1][safepoint    ] Leaving safepoint region
[2019-12-11T08:32:33.979+0000][1][safepoint    ] Total time for which application threads were stopped: 0.0001653 seconds, Stopping threads took: 0.0000331 seconds
[2019-12-11T08:32:34.980+0000][1][safepoint    ] Application time: 1.0007867 seconds
[2019-12-11T08:32:34.980+0000][1][safepoint    ] Entering safepoint region: Cleanup
[2019-12-11T08:32:34.980+0000][1][safepoint    ] Leaving safepoint region
[2019-12-11T08:32:34.980+0000][1][safepoint    ] Total time for which application threads were stopped: 0.0001483 seconds, Stopping threads took: 0.0000365 seconds
[2019-12-11T08:32:35.982+0000][1][safepoint    ] Application time: 1.0017894 seconds
[2019-12-11T08:32:35.982+0000][1][safepoint    ] Entering safepoint region: Cleanup
[2019-12-11T08:32:35.982+0000][1][safepoint    ] Leaving safepoint region
[2019-12-11T08:32:35.982+0000][1][safepoint    ] Total time for which application threads were stopped: 0.0001367 seconds, Stopping threads took: 0.0000289 seconds
[2019-12-11T08:32:36.984+0000][1][safepoint    ] Application time: 1.0017733 seconds
[2019-12-11T08:32:36.984+0000][1][safepoint    ] Entering safepoint region: Cleanup
[2019-12-11T08:32:36.984+0000][1][safepoint    ] Leaving safepoint region
[2019-12-11T08:32:36.984+0000][1][safepoint    ] Total time for which application threads were stopped: 0.0001303 seconds, Stopping threads took: 0.0000271 seconds
[2019-12-11T08:32:37.986+0000][1][safepoint    ] Application time: 1.0018299 seconds
[2019-12-11T08:32:37.986+0000][1][safepoint    ] Entering safepoint region: Cleanup
[2019-12-11T08:32:37.986+0000][1][safepoint    ] Leaving safepoint region
[2019-12-11T08:32:37.986+0000][1][safepoint    ] Total time for which application threads were stopped: 0.0001450 seconds, Stopping threads took: 0.0000285 seconds
[2019-12-11T08:32:38.990+0000][1][safepoint    ] Application time: 1.0039258 seconds
[2019-12-11T08:32:38.990+0000][1][safepoint    ] Entering safepoint region: Cleanup
[2019-12-11T08:32:38.990+0000][1][safepoint    ] Leaving safepoint region
[2019-12-11T08:32:38.990+0000][1][safepoint    ] Total time for which application threads were stopped: 0.0001363 seconds, Stopping threads took: 0.0000283 seconds
[2019-12-11T08:32:39.991+0000][1][safepoint    ] Application time: 1.0009457 seconds
[2019-12-11T08:32:39.991+0000][1][safepoint    ] Entering safepoint region: Cleanup
[2019-12-11T08:32:39.991+0000][1][safepoint    ] Leaving safepoint region
[2019-12-11T08:32:39.991+0000][1][safepoint    ] Total time for which application threads were stopped: 0.0001562 seconds, Stopping threads took: 0.0000328 seconds
[2019-12-11T08:32:40.996+0000][1][safepoint    ] Application time: 1.0044972 seconds
[2019-12-11T08:32:40.996+0000][1][safepoint    ] Entering safepoint region: Cleanup
[2019-12-11T08:32:40.996+0000][1][safepoint    ] Leaving safepoint region
[2019-12-11T08:32:40.996+0000][1][safepoint    ] Total time for which application threads were stopped: 0.0001352 seconds, Stopping threads took: 0.0000276 seconds
[2019-12-11T08:32:41.998+0000][1][safepoint    ] Application time: 1.0018273 seconds
[2019-12-11T08:32:41.998+0000][1][safepoint    ] Entering safepoint region: Cleanup
[2019-12-11T08:32:41.998+0000][1][safepoint    ] Leaving safepoint region
[2019-12-11T08:32:41.998+0000][1][safepoint    ] Total time for which application threads were stopped: 0.0001421 seconds, Stopping threads took: 0.0000271 seconds
[2019-12-11T08:32:42.999+0000][1][safepoint    ] Application time: 1.0007913 seconds
[2019-12-11T08:32:42.999+0000][1][safepoint    ] Entering safepoint region: Cleanup
[2019-12-11T08:32:42.999+0000][1][safepoint    ] Leaving safepoint region
[2019-12-11T08:32:42.999+0000][1][safepoint    ] Total time for which application threads were stopped: 0.0001506 seconds, Stopping threads took: 0.0000271 seconds
[2019-12-11T08:32:43.999+0000][1][safepoint    ] Application time: 1.0000838 seconds
[2019-12-11T08:32:43.999+0000][1][safepoint    ] Entering safepoint region: Cleanup
[2019-12-11T08:32:43.999+0000][1][safepoint    ] Leaving safepoint region
[2019-12-11T08:32:43.999+0000][1][safepoint    ] Total time for which application threads were stopped: 0.0001511 seconds, Stopping threads took: 0.0000312 seconds
[2019-12-11T08:32:45.004+0000][1][safepoint    ] Application time: 1.0044172 seconds
[2019-12-11T08:32:45.004+0000][1][safepoint    ] Entering safepoint region: Cleanup
[2019-12-11T08:32:45.004+0000][1][safepoint    ] Leaving safepoint region
[2019-12-11T08:32:45.004+0000][1][safepoint    ] Total time for which application threads were stopped: 0.0001412 seconds, Stopping threads took: 0.0000339 seconds
[2019-12-11T08:32:46.006+0000][1][safepoint    ] Application time: 1.0019083 seconds
[2019-12-11T08:32:46.006+0000][1][safepoint    ] Entering safepoint region: Cleanup
[2019-12-11T08:32:46.006+0000][1][safepoint    ] Leaving safepoint region
[2019-12-11T08:32:46.006+0000][1][safepoint    ] Total time for which application threads were stopped: 0.0001674 seconds, Stopping threads took: 0.0000353 seconds
[2019-12-11T08:32:47.008+0000][1][safepoint    ] Application time: 1.0017286 seconds
[2019-12-11T08:32:47.008+0000][1][safepoint    ] Entering safepoint region: Cleanup
[2019-12-11T08:32:47.008+0000][1][safepoint    ] Leaving safepoint region
[2019-12-11T08:32:47.008+0000][1][safepoint    ] Total time for which application threads were stopped: 0.0001563 seconds, Stopping threads took: 0.0000283 seconds
[2019-12-11T08:32:49.010+0000][1][safepoint    ] Application time: 2.0017798 seconds
[2019-12-11T08:32:49.010+0000][1][safepoint    ] Entering safepoint region: Cleanup
[2019-12-11T08:32:49.010+0000][1][safepoint    ] Leaving safepoint region
[2019-12-11T08:32:49.010+0000][1][safepoint    ] Total time for which application threads were stopped: 0.0001462 seconds, Stopping threads took: 0.0000281 seconds
[2019-12-11T08:32:50.010+0000][1][safepoint    ] Application time: 1.0005374 seconds
[2019-12-11T08:32:50.011+0000][1][safepoint    ] Entering safepoint region: Cleanup
[2019-12-11T08:32:50.011+0000][1][safepoint    ] Leaving safepoint region
[2019-12-11T08:32:50.011+0000][1][safepoint    ] Total time for which application threads were stopped: 0.0001483 seconds, Stopping threads took: 0.0000318 seconds
[2019-12-11T08:32:51.012+0000][1][safepoint    ] Application time: 1.0010689 seconds
[2019-12-11T08:32:51.012+0000][1][safepoint    ] Entering safepoint region: Cleanup
[2019-12-11T08:32:51.012+0000][1][safepoint    ] Leaving safepoint region
[2019-12-11T08:32:51.012+0000][1][safepoint    ] Total time for which application threads were stopped: 0.0001471 seconds, Stopping threads took: 0.0000278 seconds
[2019-12-11T08:32:52.013+0000][1][safepoint    ] Application time: 1.0007791 seconds
[2019-12-11T08:32:52.013+0000][1][safepoint    ] Entering safepoint region: Cleanup
[2019-12-11T08:32:52.013+0000][1][safepoint    ] Leaving safepoint region
[2019-12-11T08:32:52.013+0000][1][safepoint    ] Total time for which application threads were stopped: 0.0001433 seconds, Stopping threads took: 0.0000291 seconds
[2019-12-11T08:32:52.861+0000][1][safepoint    ] Application time: 0.8475918 seconds
[2019-12-11T08:32:52.861+0000][1][safepoint    ] Entering safepoint region: GenCollectForAllocation
[2019-12-11T08:32:52.861+0000][1][gc,start     ] GC(28) Pause Young (Allocation Failure)
[2019-12-11T08:32:52.861+0000][1][gc,task      ] GC(28) Using 2 workers of 2 for evacuation
[2019-12-11T08:32:52.877+0000][1][gc,age       ] GC(28) Desired survivor size 4456448 bytes, new threshold 6 (max threshold 6)
[2019-12-11T08:32:52.877+0000][1][gc,age       ] GC(28) Age table with threshold 6 (max threshold 6)
[2019-12-11T08:32:52.877+0000][1][gc,age       ] GC(28) - age   1:     766184 bytes,     766184 total
[2019-12-11T08:32:52.877+0000][1][gc,age       ] GC(28) - age   2:      49024 bytes,     815208 total
[2019-12-11T08:32:52.877+0000][1][gc,age       ] GC(28) - age   3:     681960 bytes,    1497168 total
[2019-12-11T08:32:52.877+0000][1][gc,age       ] GC(28) - age   4:     839192 bytes,    2336360 total
[2019-12-11T08:32:52.877+0000][1][gc,age       ] GC(28) - age   5:    1996888 bytes,    4333248 total
[2019-12-11T08:32:52.877+0000][1][gc,heap      ] GC(28) ParNew: 77565K->5027K(78656K)
[2019-12-11T08:32:52.877+0000][1][gc,heap      ] GC(28) CMS: 67765K->67765K(174784K)
[2019-12-11T08:32:52.877+0000][1][gc,metaspace ] GC(28) Metaspace: 74601K->74601K(1118208K)
[2019-12-11T08:32:52.877+0000][1][gc           ] GC(28) Pause Young (Allocation Failure) 141M->71M(247M) 15.897ms
[2019-12-11T08:32:52.877+0000][1][gc,cpu       ] GC(28) User=0.02s Sys=0.00s Real=0.02s
[2019-12-11T08:32:52.877+0000][1][safepoint    ] Leaving safepoint region
[2019-12-11T08:32:52.877+0000][1][safepoint    ] Total time for which application threads were stopped: 0.0161573 seconds, Stopping threads took: 0.0000251 seconds
[2019-12-11T08:32:53.879+0000][1][safepoint    ] Application time: 1.0019982 seconds
[2019-12-11T08:32:53.879+0000][1][safepoint    ] Entering safepoint region: Cleanup
[2019-12-11T08:32:53.879+0000][1][safepoint    ] Leaving safepoint region
[2019-12-11T08:32:53.879+0000][1][safepoint    ] Total time for which application threads were stopped: 0.0001412 seconds, Stopping threads took: 0.0000274 seconds
[2019-12-11T08:32:54.883+0000][1][safepoint    ] Application time: 1.0038192 seconds
[2019-12-11T08:32:54.883+0000][1][safepoint    ] Entering safepoint region: Cleanup
[2019-12-11T08:32:54.883+0000][1][safepoint    ] Leaving safepoint region
[2019-12-11T08:32:54.883+0000][1][safepoint    ] Total time for which application threads were stopped: 0.0001587 seconds, Stopping threads took: 0.0000277 seconds
[2019-12-11T08:32:55.885+0000][1][safepoint    ] Application time: 1.0017601 seconds
[2019-12-11T08:32:55.885+0000][1][safepoint    ] Entering safepoint region: Cleanup
[2019-12-11T08:32:55.885+0000][1][safepoint    ] Leaving safepoint region
[2019-12-11T08:32:55.885+0000][1][safepoint    ] Total time for which application threads were stopped: 0.0001462 seconds, Stopping threads took: 0.0000288 seconds
[2019-12-11T08:32:56.890+0000][1][safepoint    ] Application time: 1.0047821 seconds
[2019-12-11T08:32:56.890+0000][1][safepoint    ] Entering safepoint region: Cleanup
[2019-12-11T08:32:56.890+0000][1][safepoint    ] Leaving safepoint region
[2019-12-11T08:32:56.890+0000][1][safepoint    ] Total time for which application threads were stopped: 0.0001373 seconds, Stopping threads took: 0.0000257 seconds
[2019-12-11T08:32:57.891+0000][1][safepoint    ] Application time: 1.0012513 seconds
[2019-12-11T08:32:57.891+0000][1][safepoint    ] Entering safepoint region: Cleanup
[2019-12-11T08:32:57.891+0000][1][safepoint    ] Leaving safepoint region
[2019-12-11T08:32:57.891+0000][1][safepoint    ] Total time for which application threads were stopped: 0.0001520 seconds, Stopping threads took: 0.0000275 seconds
[2019-12-11T08:32:58.892+0000][1][safepoint    ] Application time: 1.0001410 seconds
[2019-12-11T08:32:58.892+0000][1][safepoint    ] Entering safepoint region: Cleanup
[2019-12-11T08:32:58.892+0000][1][safepoint    ] Leaving safepoint region
[2019-12-11T08:32:58.892+0000][1][safepoint    ] Total time for which application threads were stopped: 0.0001659 seconds, Stopping threads took: 0.0000262 seconds
[2019-12-11T08:33:01.894+0000][1][safepoint    ] Application time: 3.0026404 seconds
[2019-12-11T08:33:01.894+0000][1][safepoint    ] Entering safepoint region: Cleanup
[2019-12-11T08:33:01.895+0000][1][safepoint    ] Leaving safepoint region
[2019-12-11T08:33:01.895+0000][1][safepoint    ] Total time for which application threads were stopped: 0.0001560 seconds, Stopping threads took: 0.0000404 seconds
[2019-12-11T08:33:02.896+0000][1][safepoint    ] Application time: 1.0015686 seconds
[2019-12-11T08:33:02.896+0000][1][safepoint    ] Entering safepoint region: Cleanup
[2019-12-11T08:33:02.896+0000][1][safepoint    ] Leaving safepoint region
[2019-12-11T08:33:02.896+0000][1][safepoint    ] Total time for which application threads were stopped: 0.0001442 seconds, Stopping threads took: 0.0000296 seconds
[2019-12-11T08:33:03.898+0000][1][safepoint    ] Application time: 1.0017357 seconds
[2019-12-11T08:33:03.898+0000][1][safepoint    ] Entering safepoint region: Cleanup
[2019-12-11T08:33:03.898+0000][1][safepoint    ] Leaving safepoint region
[2019-12-11T08:33:03.898+0000][1][safepoint    ] Total time for which application threads were stopped: 0.0001468 seconds, Stopping threads took: 0.0000285 seconds
[2019-12-11T08:33:04.900+0000][1][safepoint    ] Application time: 1.0017671 seconds
[2019-12-11T08:33:04.900+0000][1][safepoint    ] Entering safepoint region: Cleanup
[2019-12-11T08:33:04.900+0000][1][safepoint    ] Leaving safepoint region
[2019-12-11T08:33:04.900+0000][1][safepoint    ] Total time for which application threads were stopped: 0.0001457 seconds, Stopping threads took: 0.0000283 seconds
[2019-12-11T08:33:05.903+0000][1][safepoint    ] Application time: 1.0024377 seconds
[2019-12-11T08:33:05.903+0000][1][safepoint    ] Entering safepoint region: Cleanup
[2019-12-11T08:33:05.903+0000][1][safepoint    ] Leaving safepoint region
[2019-12-11T08:33:05.903+0000][1][safepoint    ] Total time for which application threads were stopped: 0.0001544 seconds, Stopping threads took: 0.0000389 seconds
[2019-12-11T08:33:06.903+0000][1][safepoint    ] Application time: 1.0005590 seconds
[2019-12-11T08:33:06.904+0000][1][safepoint    ] Entering safepoint region: Cleanup
[2019-12-11T08:33:06.904+0000][1][safepoint    ] Leaving safepoint region
[2019-12-11T08:33:06.904+0000][1][safepoint    ] Total time for which application threads were stopped: 0.0001434 seconds, Stopping threads took: 0.0000283 seconds
[2019-12-11T08:33:07.905+0000][1][safepoint    ] Application time: 1.0010160 seconds
[2019-12-11T08:33:07.905+0000][1][safepoint    ] Entering safepoint region: Cleanup
[2019-12-11T08:33:07.905+0000][1][safepoint    ] Leaving safepoint region
[2019-12-11T08:33:07.905+0000][1][safepoint    ] Total time for which application threads were stopped: 0.0001408 seconds, Stopping threads took: 0.0000291 seconds
[2019-12-11T08:33:09.908+0000][1][safepoint    ] Application time: 2.0030146 seconds
[2019-12-11T08:33:09.908+0000][1][safepoint    ] Entering safepoint region: Cleanup
[2019-12-11T08:33:09.908+0000][1][safepoint    ] Leaving safepoint region
[2019-12-11T08:33:09.908+0000][1][safepoint    ] Total time for which application threads were stopped: 0.0001385 seconds, Stopping threads took: 0.0000277 seconds
[2019-12-11T08:33:10.910+0000][1][safepoint    ] Application time: 1.0017087 seconds
[2019-12-11T08:33:10.910+0000][1][safepoint    ] Entering safepoint region: Cleanup
[2019-12-11T08:33:10.910+0000][1][safepoint    ] Leaving safepoint region
[2019-12-11T08:33:10.910+0000][1][safepoint    ] Total time for which application threads were stopped: 0.0001554 seconds, Stopping threads took: 0.0000265 seconds
[2019-12-11T08:33:11.912+0000][1][safepoint    ] Application time: 1.0017030 seconds
[2019-12-11T08:33:11.912+0000][1][safepoint    ] Entering safepoint region: Cleanup
[2019-12-11T08:33:11.912+0000][1][safepoint    ] Leaving safepoint region
[2019-12-11T08:33:11.912+0000][1][safepoint    ] Total time for which application threads were stopped: 0.0001543 seconds, Stopping threads took: 0.0000272 seconds
[2019-12-11T08:33:12.913+0000][1][safepoint    ] Application time: 1.0007856 seconds
[2019-12-11T08:33:12.913+0000][1][safepoint    ] Entering safepoint region: Cleanup
[2019-12-11T08:33:12.913+0000][1][safepoint    ] Leaving safepoint region
[2019-12-11T08:33:12.913+0000][1][safepoint    ] Total time for which application threads were stopped: 0.0001426 seconds, Stopping threads took: 0.0000299 seconds
[2019-12-11T08:33:13.917+0000][1][safepoint    ] Application time: 1.0037452 seconds
[2019-12-11T08:33:13.917+0000][1][safepoint    ] Entering safepoint region: Cleanup
[2019-12-11T08:33:13.917+0000][1][safepoint    ] Leaving safepoint region
[2019-12-11T08:33:13.917+0000][1][safepoint    ] Total time for which application threads were stopped: 0.0001505 seconds, Stopping threads took: 0.0000290 seconds
[2019-12-11T08:33:15.919+0000][1][safepoint    ] Application time: 2.0017805 seconds
[2019-12-11T08:33:15.919+0000][1][safepoint    ] Entering safepoint region: Cleanup
[2019-12-11T08:33:15.919+0000][1][safepoint    ] Leaving safepoint region
[2019-12-11T08:33:15.919+0000][1][safepoint    ] Total time for which application threads were stopped: 0.0001625 seconds, Stopping threads took: 0.0000435 seconds
[2019-12-11T08:33:16.920+0000][1][safepoint    ] Application time: 1.0007686 seconds
[2019-12-11T08:33:16.920+0000][1][safepoint    ] Entering safepoint region: Cleanup
[2019-12-11T08:33:16.920+0000][1][safepoint    ] Leaving safepoint region
[2019-12-11T08:33:16.920+0000][1][safepoint    ] Total time for which application threads were stopped: 0.0001353 seconds, Stopping threads took: 0.0000274 seconds
[2019-12-11T08:33:17.923+0000][1][safepoint    ] Application time: 1.0028381 seconds
[2019-12-11T08:33:17.923+0000][1][safepoint    ] Entering safepoint region: Cleanup
[2019-12-11T08:33:17.923+0000][1][safepoint    ] Leaving safepoint region
[2019-12-11T08:33:17.923+0000][1][safepoint    ] Total time for which application threads were stopped: 0.0001501 seconds, Stopping threads took: 0.0000319 seconds
[2019-12-11T08:33:18.927+0000][1][safepoint    ] Application time: 1.0037657 seconds
[2019-12-11T08:33:18.927+0000][1][safepoint    ] Entering safepoint region: Cleanup
[2019-12-11T08:33:18.927+0000][1][safepoint    ] Leaving safepoint region
[2019-12-11T08:33:18.927+0000][1][safepoint    ] Total time for which application threads were stopped: 0.0001454 seconds, Stopping threads took: 0.0000372 seconds
[2019-12-11T08:33:19.937+0000][1][safepoint    ] Application time: 1.0100099 seconds
[2019-12-11T08:33:19.937+0000][1][safepoint    ] Entering safepoint region: Cleanup
[2019-12-11T08:33:19.937+0000][1][safepoint    ] Leaving safepoint region
[2019-12-11T08:33:19.937+0000][1][safepoint    ] Total time for which application threads were stopped: 0.0001334 seconds, Stopping threads took: 0.0000252 seconds
[2019-12-11T08:33:20.945+0000][1][safepoint    ] Application time: 1.0076050 seconds
[2019-12-11T08:33:20.945+0000][1][safepoint    ] Entering safepoint region: Cleanup
[2019-12-11T08:33:20.945+0000][1][safepoint    ] Leaving safepoint region
[2019-12-11T08:33:20.945+0000][1][safepoint    ] Total time for which application threads were stopped: 0.0001422 seconds, Stopping threads took: 0.0000281 seconds
[2019-12-11T08:33:21.946+0000][1][safepoint    ] Application time: 1.0008272 seconds
[2019-12-11T08:33:21.946+0000][1][safepoint    ] Entering safepoint region: Cleanup
[2019-12-11T08:33:21.946+0000][1][safepoint    ] Leaving safepoint region
[2019-12-11T08:33:21.946+0000][1][safepoint    ] Total time for which application threads were stopped: 0.0001415 seconds, Stopping threads took: 0.0000263 seconds
[2019-12-11T08:33:22.949+0000][1][safepoint    ] Application time: 1.0027862 seconds
[2019-12-11T08:33:22.949+0000][1][safepoint    ] Entering safepoint region: Cleanup
[2019-12-11T08:33:22.949+0000][1][safepoint    ] Leaving safepoint region
[2019-12-11T08:33:22.949+0000][1][safepoint    ] Total time for which application threads were stopped: 0.0001616 seconds, Stopping threads took: 0.0000372 seconds
[2019-12-11T08:33:23.952+0000][1][safepoint    ] Application time: 1.0028016 seconds
[2019-12-11T08:33:23.952+0000][1][safepoint    ] Entering safepoint region: Cleanup
[2019-12-11T08:33:23.952+0000][1][safepoint    ] Leaving safepoint region
[2019-12-11T08:33:23.952+0000][1][safepoint    ] Total time for which application threads were stopped: 0.0001529 seconds, Stopping threads took: 0.0000284 seconds
[2019-12-11T08:33:24.953+0000][1][safepoint    ] Application time: 1.0007812 seconds
[2019-12-11T08:33:24.953+0000][1][safepoint    ] Entering safepoint region: Cleanup
[2019-12-11T08:33:24.953+0000][1][safepoint    ] Leaving safepoint region
[2019-12-11T08:33:24.953+0000][1][safepoint    ] Total time for which application threads were stopped: 0.0001466 seconds, Stopping threads took: 0.0000351 seconds
[2019-12-11T08:33:26.954+0000][1][safepoint    ] Application time: 2.0008234 seconds
[2019-12-11T08:33:26.954+0000][1][safepoint    ] Entering safepoint region: Cleanup
[2019-12-11T08:33:26.954+0000][1][safepoint    ] Leaving safepoint region
[2019-12-11T08:33:26.954+0000][1][safepoint    ] Total time for which application threads were stopped: 0.0001526 seconds, Stopping threads took: 0.0000298 seconds
[2019-12-11T08:33:27.954+0000][1][safepoint    ] Application time: 1.0001885 seconds
[2019-12-11T08:33:27.954+0000][1][safepoint    ] Entering safepoint region: Cleanup
[2019-12-11T08:33:27.954+0000][1][safepoint    ] Leaving safepoint region
[2019-12-11T08:33:27.954+0000][1][safepoint    ] Total time for which application threads were stopped: 0.0001599 seconds, Stopping threads took: 0.0000297 seconds
[2019-12-11T08:33:28.964+0000][1][safepoint    ] Application time: 1.0094127 seconds
[2019-12-11T08:33:28.964+0000][1][safepoint    ] Entering safepoint region: Cleanup
[2019-12-11T08:33:28.964+0000][1][safepoint    ] Leaving safepoint region
[2019-12-11T08:33:28.964+0000][1][safepoint    ] Total time for which application threads were stopped: 0.0001555 seconds, Stopping threads took: 0.0000287 seconds
[2019-12-11T08:33:30.966+0000][1][safepoint    ] Application time: 2.0017378 seconds
[2019-12-11T08:33:30.966+0000][1][safepoint    ] Entering safepoint region: Cleanup
[2019-12-11T08:33:30.966+0000][1][safepoint    ] Leaving safepoint region
[2019-12-11T08:33:30.966+0000][1][safepoint    ] Total time for which application threads were stopped: 0.0001466 seconds, Stopping threads took: 0.0000295 seconds
[2019-12-11T08:33:32.026+0000][1][safepoint    ] Application time: 1.0599554 seconds
[2019-12-11T08:33:32.033+0000][1][safepoint    ] Entering safepoint region: GenCollectForAllocation
[2019-12-11T08:33:32.033+0000][1][gc,start     ] GC(29) Pause Young (Allocation Failure)
[2019-12-11T08:33:32.033+0000][1][gc,task      ] GC(29) Using 2 workers of 2 for evacuation
[2019-12-11T08:33:32.046+0000][1][gc,age       ] GC(29) Desired survivor size 4456448 bytes, new threshold 6 (max threshold 6)
[2019-12-11T08:33:32.046+0000][1][gc,age       ] GC(29) Age table with threshold 6 (max threshold 6)
[2019-12-11T08:33:32.046+0000][1][gc,age       ] GC(29) - age   1:     780944 bytes,     780944 total
[2019-12-11T08:33:32.046+0000][1][gc,age       ] GC(29) - age   2:      10480 bytes,     791424 total
[2019-12-11T08:33:32.046+0000][1][gc,age       ] GC(29) - age   3:      49024 bytes,     840448 total
[2019-12-11T08:33:32.046+0000][1][gc,age       ] GC(29) - age   4:     681960 bytes,    1522408 total
[2019-12-11T08:33:32.046+0000][1][gc,age       ] GC(29) - age   5:     839192 bytes,    2361600 total
[2019-12-11T08:33:32.046+0000][1][gc,age       ] GC(29) - age   6:    1996888 bytes,    4358488 total
[2019-12-11T08:33:32.046+0000][1][gc,heap      ] GC(29) ParNew: 74979K->5703K(78656K)
[2019-12-11T08:33:32.046+0000][1][gc,heap      ] GC(29) CMS: 67765K->67765K(174784K)
[2019-12-11T08:33:32.046+0000][1][gc,metaspace ] GC(29) Metaspace: 74780K->74780K(1118208K)
[2019-12-11T08:33:32.046+0000][1][gc           ] GC(29) Pause Young (Allocation Failure) 139M->71M(247M) 13.298ms
[2019-12-11T08:33:32.046+0000][1][gc,cpu       ] GC(29) User=0.01s Sys=0.00s Real=0.02s
[2019-12-11T08:33:32.047+0000][1][safepoint    ] Leaving safepoint region
[2019-12-11T08:33:32.047+0000][1][safepoint    ] Total time for which application threads were stopped: 0.0205836 seconds, Stopping threads took: 0.0070286 seconds
[2019-12-11T08:33:34.051+0000][1][safepoint    ] Application time: 2.0043047 seconds
[2019-12-11T08:33:34.051+0000][1][safepoint    ] Entering safepoint region: Cleanup
[2019-12-11T08:33:34.051+0000][1][safepoint    ] Leaving safepoint region
[2019-12-11T08:33:34.051+0000][1][safepoint    ] Total time for which application threads were stopped: 0.0001596 seconds, Stopping threads took: 0.0000389 seconds
[2019-12-11T08:33:36.056+0000][1][safepoint    ] Application time: 2.0046470 seconds
[2019-12-11T08:33:36.056+0000][1][safepoint    ] Entering safepoint region: Cleanup
[2019-12-11T08:33:36.056+0000][1][safepoint    ] Leaving safepoint region
[2019-12-11T08:33:36.056+0000][1][safepoint    ] Total time for which application threads were stopped: 0.0001282 seconds, Stopping threads took: 0.0000234 seconds
[2019-12-11T08:33:37.058+0000][1][safepoint    ] Application time: 1.0018247 seconds
[2019-12-11T08:33:37.058+0000][1][safepoint    ] Entering safepoint region: Cleanup
[2019-12-11T08:33:37.058+0000][1][safepoint    ] Leaving safepoint region
[2019-12-11T08:33:37.058+0000][1][safepoint    ] Total time for which application threads were stopped: 0.0001420 seconds, Stopping threads took: 0.0000263 seconds
[2019-12-11T08:33:38.061+0000][1][safepoint    ] Application time: 1.0028039 seconds
[2019-12-11T08:33:38.061+0000][1][safepoint    ] Entering safepoint region: Cleanup
[2019-12-11T08:33:38.061+0000][1][safepoint    ] Leaving safepoint region
[2019-12-11T08:33:38.061+0000][1][safepoint    ] Total time for which application threads were stopped: 0.0001479 seconds, Stopping threads took: 0.0000284 seconds
[2019-12-11T08:33:40.063+0000][1][safepoint    ] Application time: 2.0018364 seconds
[2019-12-11T08:33:40.063+0000][1][safepoint    ] Entering safepoint region: Cleanup
[2019-12-11T08:33:40.063+0000][1][safepoint    ] Leaving safepoint region
[2019-12-11T08:33:40.063+0000][1][safepoint    ] Total time for which application threads were stopped: 0.0001454 seconds, Stopping threads took: 0.0000256 seconds
[2019-12-11T08:33:42.067+0000][1][safepoint    ] Application time: 2.0037569 seconds
[2019-12-11T08:33:42.067+0000][1][safepoint    ] Entering safepoint region: Cleanup
[2019-12-11T08:33:42.067+0000][1][safepoint    ] Leaving safepoint region
[2019-12-11T08:33:42.067+0000][1][safepoint    ] Total time for which application threads were stopped: 0.0001588 seconds, Stopping threads took: 0.0000365 seconds
[2019-12-11T08:33:43.068+0000][1][safepoint    ] Application time: 1.0008612 seconds
[2019-12-11T08:33:43.068+0000][1][safepoint    ] Entering safepoint region: Cleanup
[2019-12-11T08:33:43.068+0000][1][safepoint    ] Leaving safepoint region
[2019-12-11T08:33:43.068+0000][1][safepoint    ] Total time for which application threads were stopped: 0.0001511 seconds, Stopping threads took: 0.0000298 seconds
[2019-12-11T08:33:44.072+0000][1][safepoint    ] Application time: 1.0037243 seconds
[2019-12-11T08:33:44.072+0000][1][safepoint    ] Entering safepoint region: Cleanup
[2019-12-11T08:33:44.072+0000][1][safepoint    ] Leaving safepoint region
[2019-12-11T08:33:44.072+0000][1][safepoint    ] Total time for which application threads were stopped: 0.0001335 seconds, Stopping threads took: 0.0000276 seconds
[2019-12-11T08:33:47.076+0000][1][safepoint    ] Application time: 3.0037998 seconds
[2019-12-11T08:33:47.076+0000][1][safepoint    ] Entering safepoint region: Cleanup
[2019-12-11T08:33:47.076+0000][1][safepoint    ] Leaving safepoint region
[2019-12-11T08:33:47.076+0000][1][safepoint    ] Total time for which application threads were stopped: 0.0001271 seconds, Stopping threads took: 0.0000254 seconds
[2019-12-11T08:33:50.081+0000][1][safepoint    ] Application time: 3.0048229 seconds
[2019-12-11T08:33:50.081+0000][1][safepoint    ] Entering safepoint region: Cleanup
[2019-12-11T08:33:50.081+0000][1][safepoint    ] Leaving safepoint region
[2019-12-11T08:33:50.081+0000][1][safepoint    ] Total time for which application threads were stopped: 0.0001376 seconds, Stopping threads took: 0.0000311 seconds
[2019-12-11T08:33:52.087+0000][1][safepoint    ] Application time: 2.0058076 seconds
[2019-12-11T08:33:52.087+0000][1][safepoint    ] Entering safepoint region: Cleanup
[2019-12-11T08:33:52.087+0000][1][safepoint    ] Leaving safepoint region
[2019-12-11T08:33:52.087+0000][1][safepoint    ] Total time for which application threads were stopped: 0.0001499 seconds, Stopping threads took: 0.0000280 seconds
[2019-12-11T08:33:57.098+0000][1][safepoint    ] Application time: 5.0108105 seconds
[2019-12-11T08:33:57.098+0000][1][safepoint    ] Entering safepoint region: Cleanup
[2019-12-11T08:33:57.098+0000][1][safepoint    ] Leaving safepoint region
[2019-12-11T08:33:57.098+0000][1][safepoint    ] Total time for which application threads were stopped: 0.0001275 seconds, Stopping threads took: 0.0000263 seconds
[2019-12-11T08:33:58.099+0000][1][safepoint    ] Application time: 1.0008788 seconds
[2019-12-11T08:33:58.099+0000][1][safepoint    ] Entering safepoint region: Cleanup
[2019-12-11T08:33:58.099+0000][1][safepoint    ] Leaving safepoint region
[2019-12-11T08:33:58.099+0000][1][safepoint    ] Total time for which application threads were stopped: 0.0001522 seconds, Stopping threads took: 0.0000293 seconds
[2019-12-11T08:33:59.100+0000][1][safepoint    ] Application time: 1.0007316 seconds
[2019-12-11T08:33:59.100+0000][1][safepoint    ] Entering safepoint region: Cleanup
[2019-12-11T08:33:59.100+0000][1][safepoint    ] Leaving safepoint region
[2019-12-11T08:33:59.100+0000][1][safepoint    ] Total time for which application threads were stopped: 0.0001332 seconds, Stopping threads took: 0.0000270 seconds
[2019-12-11T08:34:01.109+0000][1][safepoint    ] Application time: 2.0087938 seconds
[2019-12-11T08:34:01.109+0000][1][safepoint    ] Entering safepoint region: Cleanup
[2019-12-11T08:34:01.109+0000][1][safepoint    ] Leaving safepoint region
[2019-12-11T08:34:01.109+0000][1][safepoint    ] Total time for which application threads were stopped: 0.0001548 seconds, Stopping threads took: 0.0000289 seconds
[2019-12-11T08:34:04.112+0000][1][safepoint    ] Application time: 3.0027702 seconds
[2019-12-11T08:34:04.112+0000][1][safepoint    ] Entering safepoint region: Cleanup
[2019-12-11T08:34:04.112+0000][1][safepoint    ] Leaving safepoint region
[2019-12-11T08:34:04.112+0000][1][safepoint    ] Total time for which application threads were stopped: 0.0001608 seconds, Stopping threads took: 0.0000377 seconds
[2019-12-11T08:34:05.112+0000][1][safepoint    ] Application time: 1.0004721 seconds
[2019-12-11T08:34:05.112+0000][1][safepoint    ] Entering safepoint region: Cleanup
[2019-12-11T08:34:05.113+0000][1][safepoint    ] Leaving safepoint region
[2019-12-11T08:34:05.113+0000][1][safepoint    ] Total time for which application threads were stopped: 0.0001380 seconds, Stopping threads took: 0.0000269 seconds
[2019-12-11T08:34:06.113+0000][1][safepoint    ] Application time: 1.0001162 seconds
[2019-12-11T08:34:06.113+0000][1][safepoint    ] Entering safepoint region: Cleanup
[2019-12-11T08:34:06.113+0000][1][safepoint    ] Leaving safepoint region
[2019-12-11T08:34:06.113+0000][1][safepoint    ] Total time for which application threads were stopped: 0.0001401 seconds, Stopping threads took: 0.0000342 seconds
[2019-12-11T08:34:07.113+0000][1][safepoint    ] Application time: 1.0005480 seconds
[2019-12-11T08:34:07.114+0000][1][safepoint    ] Entering safepoint region: Cleanup
[2019-12-11T08:34:07.114+0000][1][safepoint    ] Leaving safepoint region
[2019-12-11T08:34:07.114+0000][1][safepoint    ] Total time for which application threads were stopped: 0.0001464 seconds, Stopping threads took: 0.0000287 seconds
[2019-12-11T08:34:08.119+0000][1][safepoint    ] Application time: 1.0052302 seconds
[2019-12-11T08:34:08.119+0000][1][safepoint    ] Entering safepoint region: Cleanup
[2019-12-11T08:34:08.119+0000][1][safepoint    ] Leaving safepoint region
[2019-12-11T08:34:08.119+0000][1][safepoint    ] Total time for which application threads were stopped: 0.0001581 seconds, Stopping threads took: 0.0000316 seconds
[2019-12-11T08:34:09.122+0000][1][safepoint    ] Application time: 1.0026173 seconds
[2019-12-11T08:34:09.122+0000][1][safepoint    ] Entering safepoint region: Cleanup
[2019-12-11T08:34:09.122+0000][1][safepoint    ] Leaving safepoint region
[2019-12-11T08:34:09.122+0000][1][safepoint    ] Total time for which application threads were stopped: 0.0001381 seconds, Stopping threads took: 0.0000280 seconds
[2019-12-11T08:34:12.128+0000][1][safepoint    ] Application time: 3.0058589 seconds
[2019-12-11T08:34:12.128+0000][1][safepoint    ] Entering safepoint region: Cleanup
[2019-12-11T08:34:12.128+0000][1][safepoint    ] Leaving safepoint region
[2019-12-11T08:34:12.128+0000][1][safepoint    ] Total time for which application threads were stopped: 0.0001407 seconds, Stopping threads took: 0.0000301 seconds
[2019-12-11T08:34:12.674+0000][1][safepoint    ] Application time: 0.5456008 seconds
[2019-12-11T08:34:12.674+0000][1][safepoint    ] Entering safepoint region: GenCollectForAllocation
[2019-12-11T08:34:12.674+0000][1][gc,start     ] GC(30) Pause Young (Allocation Failure)
[2019-12-11T08:34:12.674+0000][1][gc,task      ] GC(30) Using 2 workers of 2 for evacuation
[2019-12-11T08:34:12.715+0000][1][gc,age       ] GC(30) Desired survivor size 4456448 bytes, new threshold 6 (max threshold 6)
[2019-12-11T08:34:12.715+0000][1][gc,age       ] GC(30) Age table with threshold 6 (max threshold 6)
[2019-12-11T08:34:12.715+0000][1][gc,age       ] GC(30) - age   1:     708216 bytes,     708216 total
[2019-12-11T08:34:12.715+0000][1][gc,age       ] GC(30) - age   2:      11528 bytes,     719744 total
[2019-12-11T08:34:12.715+0000][1][gc,age       ] GC(30) - age   3:      10480 bytes,     730224 total
[2019-12-11T08:34:12.715+0000][1][gc,age       ] GC(30) - age   4:      49024 bytes,     779248 total
[2019-12-11T08:34:12.715+0000][1][gc,age       ] GC(30) - age   5:     681960 bytes,    1461208 total
[2019-12-11T08:34:12.715+0000][1][gc,age       ] GC(30) - age   6:     839192 bytes,    2300400 total
[2019-12-11T08:34:12.715+0000][1][gc,heap      ] GC(30) ParNew: 75594K->4142K(78656K)
[2019-12-11T08:34:12.715+0000][1][gc,heap      ] GC(30) CMS: 67765K->69761K(174784K)
[2019-12-11T08:34:12.715+0000][1][gc,metaspace ] GC(30) Metaspace: 74862K->74862K(1118208K)
[2019-12-11T08:34:12.715+0000][1][gc           ] GC(30) Pause Young (Allocation Failure) 139M->72M(247M) 41.169ms
[2019-12-11T08:34:12.715+0000][1][gc,cpu       ] GC(30) User=0.02s Sys=0.00s Real=0.05s
[2019-12-11T08:34:12.715+0000][1][safepoint    ] Leaving safepoint region
[2019-12-11T08:34:12.715+0000][1][safepoint    ] Total time for which application threads were stopped: 0.0414288 seconds, Stopping threads took: 0.0000277 seconds
[2019-12-11T08:34:16.725+0000][1][safepoint    ] Application time: 4.0096691 seconds
[2019-12-11T08:34:16.725+0000][1][safepoint    ] Entering safepoint region: Cleanup
[2019-12-11T08:34:16.725+0000][1][safepoint    ] Leaving safepoint region
[2019-12-11T08:34:16.725+0000][1][safepoint    ] Total time for which application threads were stopped: 0.0001351 seconds, Stopping threads took: 0.0000271 seconds
[2019-12-11T08:34:20.737+0000][1][safepoint    ] Application time: 4.0117041 seconds
[2019-12-11T08:34:20.737+0000][1][safepoint    ] Entering safepoint region: Cleanup
[2019-12-11T08:34:20.737+0000][1][safepoint    ] Leaving safepoint region
[2019-12-11T08:34:20.737+0000][1][safepoint    ] Total time for which application threads were stopped: 0.0001633 seconds, Stopping threads took: 0.0000282 seconds
[2019-12-11T08:34:21.739+0000][1][safepoint    ] Application time: 1.0018898 seconds
[2019-12-11T08:34:21.739+0000][1][safepoint    ] Entering safepoint region: Cleanup
[2019-12-11T08:34:21.739+0000][1][safepoint    ] Leaving safepoint region
[2019-12-11T08:34:21.739+0000][1][safepoint    ] Total time for which application threads were stopped: 0.0001552 seconds, Stopping threads took: 0.0000397 seconds
[2019-12-11T08:34:22.740+0000][1][safepoint    ] Application time: 1.0007830 seconds
[2019-12-11T08:34:22.740+0000][1][safepoint    ] Entering safepoint region: Cleanup
[2019-12-11T08:34:22.740+0000][1][safepoint    ] Leaving safepoint region
[2019-12-11T08:34:22.740+0000][1][safepoint    ] Total time for which application threads were stopped: 0.0001272 seconds, Stopping threads took: 0.0000268 seconds
[2019-12-11T08:34:24.746+0000][1][safepoint    ] Application time: 2.0058762 seconds
[2019-12-11T08:34:24.746+0000][1][safepoint    ] Entering safepoint region: Cleanup
[2019-12-11T08:34:24.746+0000][1][safepoint    ] Leaving safepoint region
[2019-12-11T08:34:24.746+0000][1][safepoint    ] Total time for which application threads were stopped: 0.0001359 seconds, Stopping threads took: 0.0000277 seconds
[2019-12-11T08:34:26.748+0000][1][safepoint    ] Application time: 2.0018967 seconds
[2019-12-11T08:34:26.748+0000][1][safepoint    ] Entering safepoint region: Cleanup
[2019-12-11T08:34:26.748+0000][1][safepoint    ] Leaving safepoint region
[2019-12-11T08:34:26.748+0000][1][safepoint    ] Total time for which application threads were stopped: 0.0001369 seconds, Stopping threads took: 0.0000292 seconds
[2019-12-11T08:34:28.751+0000][1][safepoint    ] Application time: 2.0026865 seconds
[2019-12-11T08:34:28.751+0000][1][safepoint    ] Entering safepoint region: Cleanup
[2019-12-11T08:34:28.751+0000][1][safepoint    ] Leaving safepoint region
[2019-12-11T08:34:28.751+0000][1][safepoint    ] Total time for which application threads were stopped: 0.0001294 seconds, Stopping threads took: 0.0000269 seconds
[2019-12-11T08:34:29.754+0000][1][safepoint    ] Application time: 1.0028191 seconds
[2019-12-11T08:34:29.754+0000][1][safepoint    ] Entering safepoint region: Cleanup
[2019-12-11T08:34:29.754+0000][1][safepoint    ] Leaving safepoint region
[2019-12-11T08:34:29.754+0000][1][safepoint    ] Total time for which application threads were stopped: 0.0001466 seconds, Stopping threads took: 0.0000290 seconds
[2019-12-11T08:34:31.757+0000][1][safepoint    ] Application time: 2.0028173 seconds
[2019-12-11T08:34:31.757+0000][1][safepoint    ] Entering safepoint region: Cleanup
[2019-12-11T08:34:31.757+0000][1][safepoint    ] Leaving safepoint region
[2019-12-11T08:34:31.757+0000][1][safepoint    ] Total time for which application threads were stopped: 0.0001646 seconds, Stopping threads took: 0.0000395 seconds
[2019-12-11T08:34:32.758+0000][1][safepoint    ] Application time: 1.0008908 seconds
[2019-12-11T08:34:32.758+0000][1][safepoint    ] Entering safepoint region: Cleanup
[2019-12-11T08:34:32.758+0000][1][safepoint    ] Leaving safepoint region
[2019-12-11T08:34:32.758+0000][1][safepoint    ] Total time for which application threads were stopped: 0.0001255 seconds, Stopping threads took: 0.0000259 seconds
[2019-12-11T08:34:33.761+0000][1][safepoint    ] Application time: 1.0027275 seconds
[2019-12-11T08:34:33.761+0000][1][safepoint    ] Entering safepoint region: Cleanup
[2019-12-11T08:34:33.761+0000][1][safepoint    ] Leaving safepoint region
[2019-12-11T08:34:33.761+0000][1][safepoint    ] Total time for which application threads were stopped: 0.0001350 seconds, Stopping threads took: 0.0000272 seconds
[2019-12-11T08:34:34.763+0000][1][safepoint    ] Application time: 1.0018003 seconds
[2019-12-11T08:34:34.763+0000][1][safepoint    ] Entering safepoint region: Cleanup
[2019-12-11T08:34:34.763+0000][1][safepoint    ] Leaving safepoint region
[2019-12-11T08:34:34.763+0000][1][safepoint    ] Total time for which application threads were stopped: 0.0001380 seconds, Stopping threads took: 0.0000289 seconds
[2019-12-11T08:34:36.769+0000][1][safepoint    ] Application time: 2.0058213 seconds
[2019-12-11T08:34:36.769+0000][1][safepoint    ] Entering safepoint region: Cleanup
[2019-12-11T08:34:36.769+0000][1][safepoint    ] Leaving safepoint region
[2019-12-11T08:34:36.769+0000][1][safepoint    ] Total time for which application threads were stopped: 0.0001601 seconds, Stopping threads took: 0.0000285 seconds
[2019-12-11T08:34:37.770+0000][1][safepoint    ] Application time: 1.0010008 seconds
[2019-12-11T08:34:37.770+0000][1][safepoint    ] Entering safepoint region: Cleanup
[2019-12-11T08:34:37.770+0000][1][safepoint    ] Leaving safepoint region
[2019-12-11T08:34:37.770+0000][1][safepoint    ] Total time for which application threads were stopped: 0.0001623 seconds, Stopping threads took: 0.0000292 seconds
[2019-12-11T08:34:38.771+0000][1][safepoint    ] Application time: 1.0006109 seconds
[2019-12-11T08:34:38.771+0000][1][safepoint    ] Entering safepoint region: Cleanup
[2019-12-11T08:34:38.771+0000][1][safepoint    ] Leaving safepoint region
[2019-12-11T08:34:38.771+0000][1][safepoint    ] Total time for which application threads were stopped: 0.0001542 seconds, Stopping threads took: 0.0000343 seconds
[2019-12-11T08:34:39.771+0000][1][safepoint    ] Application time: 1.0000916 seconds
[2019-12-11T08:34:39.771+0000][1][safepoint    ] Entering safepoint region: Cleanup
[2019-12-11T08:34:39.771+0000][1][safepoint    ] Leaving safepoint region
[2019-12-11T08:34:39.771+0000][1][safepoint    ] Total time for which application threads were stopped: 0.0001394 seconds, Stopping threads took: 0.0000284 seconds
[2019-12-11T08:34:40.774+0000][1][safepoint    ] Application time: 1.0025130 seconds
[2019-12-11T08:34:40.774+0000][1][safepoint    ] Entering safepoint region: Cleanup
[2019-12-11T08:34:40.774+0000][1][safepoint    ] Leaving safepoint region
[2019-12-11T08:34:40.774+0000][1][safepoint    ] Total time for which application threads were stopped: 0.0001300 seconds, Stopping threads took: 0.0000276 seconds
[2019-12-11T08:34:41.775+0000][1][safepoint    ] Application time: 1.0008234 seconds
[2019-12-11T08:34:41.775+0000][1][safepoint    ] Entering safepoint region: Cleanup
[2019-12-11T08:34:41.775+0000][1][safepoint    ] Leaving safepoint region
[2019-12-11T08:34:41.775+0000][1][safepoint    ] Total time for which application threads were stopped: 0.0001453 seconds, Stopping threads took: 0.0000285 seconds
[2019-12-11T08:34:42.776+0000][1][safepoint    ] Application time: 1.0007629 seconds
[2019-12-11T08:34:42.776+0000][1][safepoint    ] Entering safepoint region: Cleanup
[2019-12-11T08:34:42.776+0000][1][safepoint    ] Leaving safepoint region
[2019-12-11T08:34:42.776+0000][1][safepoint    ] Total time for which application threads were stopped: 0.0001304 seconds, Stopping threads took: 0.0000276 seconds
[2019-12-11T08:34:44.780+0000][1][safepoint    ] Application time: 2.0040742 seconds
[2019-12-11T08:34:44.780+0000][1][safepoint    ] Entering safepoint region: Cleanup
[2019-12-11T08:34:44.780+0000][1][safepoint    ] Leaving safepoint region
[2019-12-11T08:34:44.780+0000][1][safepoint    ] Total time for which application threads were stopped: 0.0001218 seconds, Stopping threads took: 0.0000249 seconds
[2019-12-11T08:34:46.783+0000][1][safepoint    ] Application time: 2.0028579 seconds
[2019-12-11T08:34:46.783+0000][1][safepoint    ] Entering safepoint region: Cleanup
[2019-12-11T08:34:46.783+0000][1][safepoint    ] Leaving safepoint region
[2019-12-11T08:34:46.783+0000][1][safepoint    ] Total time for which application threads were stopped: 0.0001312 seconds, Stopping threads took: 0.0000263 seconds
[2019-12-11T08:34:49.787+0000][1][safepoint    ] Application time: 3.0042903 seconds
[2019-12-11T08:34:49.787+0000][1][safepoint    ] Entering safepoint region: Cleanup
[2019-12-11T08:34:49.788+0000][1][safepoint    ] Leaving safepoint region
[2019-12-11T08:34:49.788+0000][1][safepoint    ] Total time for which application threads were stopped: 0.0001276 seconds, Stopping threads took: 0.0000269 seconds
[2019-12-11T08:34:52.796+0000][1][safepoint    ] Application time: 3.0083353 seconds
[2019-12-11T08:34:52.796+0000][1][safepoint    ] Entering safepoint region: Cleanup
[2019-12-11T08:34:52.796+0000][1][safepoint    ] Leaving safepoint region
[2019-12-11T08:34:52.796+0000][1][safepoint    ] Total time for which application threads were stopped: 0.0005030 seconds, Stopping threads took: 0.0000288 seconds
[2019-12-11T08:34:53.998+0000][1][safepoint    ] Application time: 1.2012377 seconds
[2019-12-11T08:34:53.998+0000][1][safepoint    ] Entering safepoint region: GenCollectForAllocation
[2019-12-11T08:34:53.998+0000][1][gc,start     ] GC(31) Pause Young (Allocation Failure)
[2019-12-11T08:34:53.998+0000][1][gc,task      ] GC(31) Using 2 workers of 2 for evacuation
[2019-12-11T08:34:54.030+0000][1][gc,age       ] GC(31) Desired survivor size 4456448 bytes, new threshold 6 (max threshold 6)
[2019-12-11T08:34:54.030+0000][1][gc,age       ] GC(31) Age table with threshold 6 (max threshold 6)
[2019-12-11T08:34:54.030+0000][1][gc,age       ] GC(31) - age   1:     962424 bytes,     962424 total
[2019-12-11T08:34:54.030+0000][1][gc,age       ] GC(31) - age   2:      23792 bytes,     986216 total
[2019-12-11T08:34:54.030+0000][1][gc,age       ] GC(31) - age   3:      11144 bytes,     997360 total
[2019-12-11T08:34:54.030+0000][1][gc,age       ] GC(31) - age   4:      10480 bytes,    1007840 total
[2019-12-11T08:34:54.030+0000][1][gc,age       ] GC(31) - age   5:      49024 bytes,    1056864 total
[2019-12-11T08:34:54.030+0000][1][gc,age       ] GC(31) - age   6:     654896 bytes,    1711760 total
[2019-12-11T08:34:54.030+0000][1][gc,heap      ] GC(31) ParNew: 74094K->1878K(78656K)
[2019-12-11T08:34:54.030+0000][1][gc,heap      ] GC(31) CMS: 69761K->70600K(174784K)
[2019-12-11T08:34:54.030+0000][1][gc,metaspace ] GC(31) Metaspace: 75003K->75003K(1118208K)
[2019-12-11T08:34:54.030+0000][1][gc           ] GC(31) Pause Young (Allocation Failure) 140M->70M(247M) 31.902ms
[2019-12-11T08:34:54.030+0000][1][gc,cpu       ] GC(31) User=0.02s Sys=0.00s Real=0.03s
[2019-12-11T08:34:54.030+0000][1][safepoint    ] Leaving safepoint region
[2019-12-11T08:34:54.030+0000][1][safepoint    ] Total time for which application threads were stopped: 0.0321389 seconds, Stopping threads took: 0.0000344 seconds
[2019-12-11T08:34:55.031+0000][1][safepoint    ] Application time: 1.0006802 seconds
[2019-12-11T08:34:55.031+0000][1][safepoint    ] Entering safepoint region: Cleanup
[2019-12-11T08:34:55.031+0000][1][safepoint    ] Leaving safepoint region
[2019-12-11T08:34:55.031+0000][1][safepoint    ] Total time for which application threads were stopped: 0.0001376 seconds, Stopping threads took: 0.0000230 seconds
[2019-12-11T08:34:57.036+0000][1][safepoint    ] Application time: 2.0049444 seconds
[2019-12-11T08:34:57.036+0000][1][safepoint    ] Entering safepoint region: Cleanup
[2019-12-11T08:34:57.036+0000][1][safepoint    ] Leaving safepoint region
[2019-12-11T08:34:57.036+0000][1][safepoint    ] Total time for which application threads were stopped: 0.0001520 seconds, Stopping threads took: 0.0000322 seconds
[2019-12-11T08:34:58.041+0000][1][safepoint    ] Application time: 1.0047811 seconds
[2019-12-11T08:34:58.041+0000][1][safepoint    ] Entering safepoint region: Cleanup
[2019-12-11T08:34:58.041+0000][1][safepoint    ] Leaving safepoint region
[2019-12-11T08:34:58.041+0000][1][safepoint    ] Total time for which application threads were stopped: 0.0001293 seconds, Stopping threads took: 0.0000256 seconds
[2019-12-11T08:35:02.050+0000][1][safepoint    ] Application time: 4.0088025 seconds
[2019-12-11T08:35:02.050+0000][1][safepoint    ] Entering safepoint region: Cleanup
[2019-12-11T08:35:02.050+0000][1][safepoint    ] Leaving safepoint region
[2019-12-11T08:35:02.050+0000][1][safepoint    ] Total time for which application threads were stopped: 0.0001384 seconds, Stopping threads took: 0.0000298 seconds
[2019-12-11T08:35:05.056+0000][1][safepoint    ] Application time: 3.0058213 seconds
[2019-12-11T08:35:05.056+0000][1][safepoint    ] Entering safepoint region: Cleanup
[2019-12-11T08:35:05.056+0000][1][safepoint    ] Leaving safepoint region
[2019-12-11T08:35:05.056+0000][1][safepoint    ] Total time for which application threads were stopped: 0.0001372 seconds, Stopping threads took: 0.0000293 seconds
[2019-12-11T08:35:07.058+0000][1][safepoint    ] Application time: 2.0017718 seconds
[2019-12-11T08:35:07.058+0000][1][safepoint    ] Entering safepoint region: Cleanup
[2019-12-11T08:35:07.058+0000][1][safepoint    ] Leaving safepoint region
[2019-12-11T08:35:07.058+0000][1][safepoint    ] Total time for which application threads were stopped: 0.0001585 seconds, Stopping threads took: 0.0000380 seconds
[2019-12-11T08:35:08.059+0000][1][safepoint    ] Application time: 1.0007754 seconds
[2019-12-11T08:35:08.059+0000][1][safepoint    ] Entering safepoint region: Cleanup
[2019-12-11T08:35:08.059+0000][1][safepoint    ] Leaving safepoint region
[2019-12-11T08:35:08.059+0000][1][safepoint    ] Total time for which application threads were stopped: 0.0001346 seconds, Stopping threads took: 0.0000300 seconds
[2019-12-11T08:35:09.059+0000][1][safepoint    ] Application time: 1.0000783 seconds
[2019-12-11T08:35:09.059+0000][1][safepoint    ] Entering safepoint region: Cleanup
[2019-12-11T08:35:09.059+0000][1][safepoint    ] Leaving safepoint region
[2019-12-11T08:35:09.059+0000][1][safepoint    ] Total time for which application threads were stopped: 0.0001024 seconds, Stopping threads took: 0.0000261 seconds
[2019-12-11T08:35:11.060+0000][1][safepoint    ] Application time: 2.0006923 seconds
[2019-12-11T08:35:11.060+0000][1][safepoint    ] Entering safepoint region: Cleanup
[2019-12-11T08:35:11.060+0000][1][safepoint    ] Leaving safepoint region
[2019-12-11T08:35:11.060+0000][1][safepoint    ] Total time for which application threads were stopped: 0.0001347 seconds, Stopping threads took: 0.0000268 seconds
[2019-12-11T08:35:12.064+0000][1][safepoint    ] Application time: 1.0038863 seconds
[2019-12-11T08:35:12.064+0000][1][safepoint    ] Entering safepoint region: Cleanup
[2019-12-11T08:35:12.064+0000][1][safepoint    ] Leaving safepoint region
[2019-12-11T08:35:12.064+0000][1][safepoint    ] Total time for which application threads were stopped: 0.0001453 seconds, Stopping threads took: 0.0000289 seconds
[2019-12-11T08:35:15.070+0000][1][safepoint    ] Application time: 3.0056791 seconds
[2019-12-11T08:35:15.070+0000][1][safepoint    ] Entering safepoint region: Cleanup
[2019-12-11T08:35:15.070+0000][1][safepoint    ] Leaving safepoint region
[2019-12-11T08:35:15.070+0000][1][safepoint    ] Total time for which application threads were stopped: 0.0001245 seconds, Stopping threads took: 0.0000259 seconds
[2019-12-11T08:35:16.071+0000][1][safepoint    ] Application time: 1.0007515 seconds
[2019-12-11T08:35:16.071+0000][1][safepoint    ] Entering safepoint region: Cleanup
[2019-12-11T08:35:16.071+0000][1][safepoint    ] Leaving safepoint region
[2019-12-11T08:35:16.071+0000][1][safepoint    ] Total time for which application threads were stopped: 0.0001321 seconds, Stopping threads took: 0.0000285 seconds
[2019-12-11T08:35:17.071+0000][1][safepoint    ] Application time: 1.0001000 seconds
[2019-12-11T08:35:17.071+0000][1][safepoint    ] Entering safepoint region: Cleanup
[2019-12-11T08:35:17.071+0000][1][safepoint    ] Leaving safepoint region
[2019-12-11T08:35:17.071+0000][1][safepoint    ] Total time for which application threads were stopped: 0.0001371 seconds, Stopping threads took: 0.0000291 seconds
[2019-12-11T08:35:21.080+0000][1][safepoint    ] Application time: 4.0085160 seconds
[2019-12-11T08:35:21.080+0000][1][safepoint    ] Entering safepoint region: Cleanup
[2019-12-11T08:35:21.080+0000][1][safepoint    ] Leaving safepoint region
[2019-12-11T08:35:21.080+0000][1][safepoint    ] Total time for which application threads were stopped: 0.0001355 seconds, Stopping threads took: 0.0000256 seconds
[2019-12-11T08:35:23.084+0000][1][safepoint    ] Application time: 2.0038225 seconds
[2019-12-11T08:35:23.084+0000][1][safepoint    ] Entering safepoint region: Cleanup
[2019-12-11T08:35:23.084+0000][1][safepoint    ] Leaving safepoint region
[2019-12-11T08:35:23.084+0000][1][safepoint    ] Total time for which application threads were stopped: 0.0001528 seconds, Stopping threads took: 0.0000304 seconds
[2019-12-11T08:35:24.086+0000][1][safepoint    ] Application time: 1.0023484 seconds
[2019-12-11T08:35:24.086+0000][1][safepoint    ] Entering safepoint region: Cleanup
[2019-12-11T08:35:24.086+0000][1][safepoint    ] Leaving safepoint region
[2019-12-11T08:35:24.086+0000][1][safepoint    ] Total time for which application threads were stopped: 0.0001287 seconds, Stopping threads took: 0.0000255 seconds
[2019-12-11T08:35:27.093+0000][1][safepoint    ] Application time: 3.0062384 seconds
[2019-12-11T08:35:27.093+0000][1][safepoint    ] Entering safepoint region: Cleanup
[2019-12-11T08:35:27.093+0000][1][safepoint    ] Leaving safepoint region
[2019-12-11T08:35:27.093+0000][1][safepoint    ] Total time for which application threads were stopped: 0.0001454 seconds, Stopping threads took: 0.0000309 seconds
[2019-12-11T08:35:29.095+0000][1][safepoint    ] Application time: 2.0024842 seconds
[2019-12-11T08:35:29.095+0000][1][safepoint    ] Entering safepoint region: Cleanup
[2019-12-11T08:35:29.096+0000][1][safepoint    ] Leaving safepoint region
[2019-12-11T08:35:29.096+0000][1][safepoint    ] Total time for which application threads were stopped: 0.0001477 seconds, Stopping threads took: 0.0000277 seconds
[2019-12-11T08:35:30.097+0000][1][safepoint    ] Application time: 1.0011651 seconds
[2019-12-11T08:35:30.097+0000][1][safepoint    ] Entering safepoint region: Cleanup
[2019-12-11T08:35:30.097+0000][1][safepoint    ] Leaving safepoint region
[2019-12-11T08:35:30.097+0000][1][safepoint    ] Total time for which application threads were stopped: 0.0001576 seconds, Stopping threads took: 0.0000308 seconds
[2019-12-11T08:35:35.108+0000][1][safepoint    ] Application time: 5.0107461 seconds
[2019-12-11T08:35:35.108+0000][1][safepoint    ] Entering safepoint region: Cleanup
[2019-12-11T08:35:35.108+0000][1][safepoint    ] Leaving safepoint region
[2019-12-11T08:35:35.108+0000][1][safepoint    ] Total time for which application threads were stopped: 0.0001325 seconds, Stopping threads took: 0.0000270 seconds
[2019-12-11T08:35:36.110+0000][1][safepoint    ] Application time: 1.0017875 seconds
[2019-12-11T08:35:36.110+0000][1][safepoint    ] Entering safepoint region: Cleanup
[2019-12-11T08:35:36.110+0000][1][safepoint    ] Leaving safepoint region
[2019-12-11T08:35:36.110+0000][1][safepoint    ] Total time for which application threads were stopped: 0.0001523 seconds, Stopping threads took: 0.0000358 seconds
[2019-12-11T08:35:36.238+0000][1][safepoint    ] Application time: 0.1275877 seconds
[2019-12-11T08:35:36.238+0000][1][safepoint    ] Entering safepoint region: GenCollectForAllocation
[2019-12-11T08:35:36.238+0000][1][gc,start     ] GC(32) Pause Young (Allocation Failure)
[2019-12-11T08:35:36.238+0000][1][gc,task      ] GC(32) Using 2 workers of 2 for evacuation
[2019-12-11T08:35:36.252+0000][1][gc,age       ] GC(32) Desired survivor size 4456448 bytes, new threshold 6 (max threshold 6)
[2019-12-11T08:35:36.252+0000][1][gc,age       ] GC(32) Age table with threshold 6 (max threshold 6)
[2019-12-11T08:35:36.252+0000][1][gc,age       ] GC(32) - age   1:     688072 bytes,     688072 total
[2019-12-11T08:35:36.252+0000][1][gc,age       ] GC(32) - age   2:       4480 bytes,     692552 total
[2019-12-11T08:35:36.252+0000][1][gc,age       ] GC(32) - age   3:      23792 bytes,     716344 total
[2019-12-11T08:35:36.252+0000][1][gc,age       ] GC(32) - age   4:      11144 bytes,     727488 total
[2019-12-11T08:35:36.252+0000][1][gc,age       ] GC(32) - age   5:      10480 bytes,     737968 total
[2019-12-11T08:35:36.252+0000][1][gc,age       ] GC(32) - age   6:      47832 bytes,     785800 total
[2019-12-11T08:35:36.252+0000][1][gc,heap      ] GC(32) ParNew: 71778K->1723K(78656K)
[2019-12-11T08:35:36.252+0000][1][gc,heap      ] GC(32) CMS: 70600K->71247K(174784K)
[2019-12-11T08:35:36.252+0000][1][gc,metaspace ] GC(32) Metaspace: 75049K->75049K(1118208K)
[2019-12-11T08:35:36.252+0000][1][gc           ] GC(32) Pause Young (Allocation Failure) 139M->71M(247M) 14.531ms
[2019-12-11T08:35:36.252+0000][1][gc,cpu       ] GC(32) User=0.01s Sys=0.00s Real=0.01s
[2019-12-11T08:35:36.252+0000][1][safepoint    ] Leaving safepoint region
[2019-12-11T08:35:36.252+0000][1][safepoint    ] Total time for which application threads were stopped: 0.0147738 seconds, Stopping threads took: 0.0000243 seconds
[2019-12-11T08:35:37.255+0000][1][safepoint    ] Application time: 1.0023889 seconds
[2019-12-11T08:35:37.255+0000][1][safepoint    ] Entering safepoint region: Cleanup
[2019-12-11T08:35:37.255+0000][1][safepoint    ] Leaving safepoint region
[2019-12-11T08:35:37.255+0000][1][safepoint    ] Total time for which application threads were stopped: 0.0001299 seconds, Stopping threads took: 0.0000277 seconds
[2019-12-11T08:35:38.260+0000][1][safepoint    ] Application time: 1.0048188 seconds
[2019-12-11T08:35:38.260+0000][1][safepoint    ] Entering safepoint region: Cleanup
[2019-12-11T08:35:38.260+0000][1][safepoint    ] Leaving safepoint region
[2019-12-11T08:35:38.260+0000][1][safepoint    ] Total time for which application threads were stopped: 0.0001489 seconds, Stopping threads took: 0.0000266 seconds
[2019-12-11T08:35:39.266+0000][1][safepoint    ] Application time: 1.0057938 seconds
[2019-12-11T08:35:39.266+0000][1][safepoint    ] Entering safepoint region: Cleanup
[2019-12-11T08:35:39.266+0000][1][safepoint    ] Leaving safepoint region
[2019-12-11T08:35:39.266+0000][1][safepoint    ] Total time for which application threads were stopped: 0.0001334 seconds, Stopping threads took: 0.0000277 seconds
[2019-12-11T08:35:41.267+0000][1][safepoint    ] Application time: 2.0008062 seconds
[2019-12-11T08:35:41.267+0000][1][safepoint    ] Entering safepoint region: Cleanup
[2019-12-11T08:35:41.267+0000][1][safepoint    ] Leaving safepoint region
[2019-12-11T08:35:41.267+0000][1][safepoint    ] Total time for which application threads were stopped: 0.0001329 seconds, Stopping threads took: 0.0000280 seconds
[2019-12-11T08:35:42.269+0000][1][safepoint    ] Application time: 1.0018219 seconds
[2019-12-11T08:35:42.269+0000][1][safepoint    ] Entering safepoint region: Cleanup
[2019-12-11T08:35:42.269+0000][1][safepoint    ] Leaving safepoint region
[2019-12-11T08:35:42.269+0000][1][safepoint    ] Total time for which application threads were stopped: 0.0001373 seconds, Stopping threads took: 0.0000265 seconds
[2019-12-11T08:35:43.270+0000][1][safepoint    ] Application time: 1.0008232 seconds
[2019-12-11T08:35:43.270+0000][1][safepoint    ] Entering safepoint region: Cleanup
[2019-12-11T08:35:43.270+0000][1][safepoint    ] Leaving safepoint region
[2019-12-11T08:35:43.270+0000][1][safepoint    ] Total time for which application threads were stopped: 0.0001377 seconds, Stopping threads took: 0.0000352 seconds
[2019-12-11T08:35:47.275+0000][1][safepoint    ] Application time: 4.0049281 seconds
[2019-12-11T08:35:47.275+0000][1][safepoint    ] Entering safepoint region: Cleanup
[2019-12-11T08:35:47.275+0000][1][safepoint    ] Leaving safepoint region
[2019-12-11T08:35:47.275+0000][1][safepoint    ] Total time for which application threads were stopped: 0.0001332 seconds, Stopping threads took: 0.0000263 seconds
[2019-12-11T08:35:50.280+0000][1][safepoint    ] Application time: 3.0047381 seconds
[2019-12-11T08:35:50.280+0000][1][safepoint    ] Entering safepoint region: Cleanup
[2019-12-11T08:35:50.280+0000][1][safepoint    ] Leaving safepoint region
[2019-12-11T08:35:50.280+0000][1][safepoint    ] Total time for which application threads were stopped: 0.0001333 seconds, Stopping threads took: 0.0000267 seconds
[2019-12-11T08:35:53.289+0000][1][safepoint    ] Application time: 3.0087405 seconds
[2019-12-11T08:35:53.289+0000][1][safepoint    ] Entering safepoint region: Cleanup
[2019-12-11T08:35:53.289+0000][1][safepoint    ] Leaving safepoint region
[2019-12-11T08:35:53.289+0000][1][safepoint    ] Total time for which application threads were stopped: 0.0001354 seconds, Stopping threads took: 0.0000363 seconds
[2019-12-11T08:35:54.291+0000][1][safepoint    ] Application time: 1.0018461 seconds
[2019-12-11T08:35:54.291+0000][1][safepoint    ] Entering safepoint region: Cleanup
[2019-12-11T08:35:54.291+0000][1][safepoint    ] Leaving safepoint region
[2019-12-11T08:35:54.291+0000][1][safepoint    ] Total time for which application threads were stopped: 0.0001249 seconds, Stopping threads took: 0.0000260 seconds
[2019-12-11T08:35:56.296+0000][1][safepoint    ] Application time: 2.0047910 seconds
[2019-12-11T08:35:56.296+0000][1][safepoint    ] Entering safepoint region: Cleanup
[2019-12-11T08:35:56.296+0000][1][safepoint    ] Leaving safepoint region
[2019-12-11T08:35:56.296+0000][1][safepoint    ] Total time for which application threads were stopped: 0.0001439 seconds, Stopping threads took: 0.0000366 seconds
[2019-12-11T08:35:57.296+0000][1][safepoint    ] Application time: 1.0001905 seconds
[2019-12-11T08:35:57.296+0000][1][safepoint    ] Entering safepoint region: Cleanup
[2019-12-11T08:35:57.296+0000][1][safepoint    ] Leaving safepoint region
[2019-12-11T08:35:57.296+0000][1][safepoint    ] Total time for which application threads were stopped: 0.0001322 seconds, Stopping threads took: 0.0000262 seconds
[2019-12-11T08:36:02.318+0000][1][safepoint    ] Application time: 5.0216376 seconds
[2019-12-11T08:36:02.318+0000][1][safepoint    ] Entering safepoint region: Cleanup
[2019-12-11T08:36:02.318+0000][1][safepoint    ] Leaving safepoint region
[2019-12-11T08:36:02.318+0000][1][safepoint    ] Total time for which application threads were stopped: 0.0001402 seconds, Stopping threads took: 0.0000304 seconds
[2019-12-11T08:36:05.324+0000][1][safepoint    ] Application time: 3.0057192 seconds
[2019-12-11T08:36:05.324+0000][1][safepoint    ] Entering safepoint region: Cleanup
[2019-12-11T08:36:05.324+0000][1][safepoint    ] Leaving safepoint region
[2019-12-11T08:36:05.324+0000][1][safepoint    ] Total time for which application threads were stopped: 0.0001362 seconds, Stopping threads took: 0.0000289 seconds
[2019-12-11T08:36:07.327+0000][1][safepoint    ] Application time: 2.0028096 seconds
[2019-12-11T08:36:07.327+0000][1][safepoint    ] Entering safepoint region: Cleanup
[2019-12-11T08:36:07.327+0000][1][safepoint    ] Leaving safepoint region
[2019-12-11T08:36:07.327+0000][1][safepoint    ] Total time for which application threads were stopped: 0.0001432 seconds, Stopping threads took: 0.0000267 seconds
[2019-12-11T08:36:10.329+0000][1][safepoint    ] Application time: 3.0020641 seconds
[2019-12-11T08:36:10.329+0000][1][safepoint    ] Entering safepoint region: Cleanup
[2019-12-11T08:36:10.329+0000][1][safepoint    ] Leaving safepoint region
[2019-12-11T08:36:10.329+0000][1][safepoint    ] Total time for which application threads were stopped: 0.0001355 seconds, Stopping threads took: 0.0000260 seconds
[2019-12-11T08:36:12.334+0000][1][safepoint    ] Application time: 2.0045514 seconds
[2019-12-11T08:36:12.334+0000][1][safepoint    ] Entering safepoint region: Cleanup
[2019-12-11T08:36:12.334+0000][1][safepoint    ] Leaving safepoint region
[2019-12-11T08:36:12.334+0000][1][safepoint    ] Total time for which application threads were stopped: 0.0001775 seconds, Stopping threads took: 0.0000278 seconds
[2019-12-11T08:36:13.336+0000][1][safepoint    ] Application time: 1.0016301 seconds
[2019-12-11T08:36:13.336+0000][1][safepoint    ] Entering safepoint region: Cleanup
[2019-12-11T08:36:13.336+0000][1][safepoint    ] Leaving safepoint region
[2019-12-11T08:36:13.336+0000][1][safepoint    ] Total time for which application threads were stopped: 0.0001468 seconds, Stopping threads took: 0.0000306 seconds
[2019-12-11T08:36:14.337+0000][1][safepoint    ] Application time: 1.0007760 seconds
[2019-12-11T08:36:14.337+0000][1][safepoint    ] Entering safepoint region: Cleanup
[2019-12-11T08:36:14.337+0000][1][safepoint    ] Leaving safepoint region
[2019-12-11T08:36:14.337+0000][1][safepoint    ] Total time for which application threads were stopped: 0.0001539 seconds, Stopping threads took: 0.0000406 seconds
[2019-12-11T08:36:14.728+0000][1][safepoint    ] Application time: 0.3908528 seconds
[2019-12-11T08:36:14.728+0000][1][safepoint    ] Entering safepoint region: GenCollectForAllocation
[2019-12-11T08:36:14.728+0000][1][gc,start     ] GC(33) Pause Young (Allocation Failure)
[2019-12-11T08:36:14.728+0000][1][gc,task      ] GC(33) Using 2 workers of 2 for evacuation
[2019-12-11T08:36:14.736+0000][1][gc,age       ] GC(33) Desired survivor size 4456448 bytes, new threshold 6 (max threshold 6)
[2019-12-11T08:36:14.736+0000][1][gc,age       ] GC(33) Age table with threshold 6 (max threshold 6)
[2019-12-11T08:36:14.736+0000][1][gc,age       ] GC(33) - age   1:     766952 bytes,     766952 total
[2019-12-11T08:36:14.736+0000][1][gc,age       ] GC(33) - age   2:       3888 bytes,     770840 total
[2019-12-11T08:36:14.736+0000][1][gc,age       ] GC(33) - age   3:       4480 bytes,     775320 total
[2019-12-11T08:36:14.736+0000][1][gc,age       ] GC(33) - age   4:      23792 bytes,     799112 total
[2019-12-11T08:36:14.736+0000][1][gc,age       ] GC(33) - age   5:      11144 bytes,     810256 total
[2019-12-11T08:36:14.736+0000][1][gc,age       ] GC(33) - age   6:      10304 bytes,     820560 total
[2019-12-11T08:36:14.736+0000][1][gc,heap      ] GC(33) ParNew: 71647K->974K(78656K)
[2019-12-11T08:36:14.736+0000][1][gc,heap      ] GC(33) CMS: 71247K->71294K(174784K)
[2019-12-11T08:36:14.736+0000][1][gc,metaspace ] GC(33) Metaspace: 75175K->75175K(1118208K)
[2019-12-11T08:36:14.736+0000][1][gc           ] GC(33) Pause Young (Allocation Failure) 139M->70M(247M) 7.757ms
[2019-12-11T08:36:14.736+0000][1][gc,cpu       ] GC(33) User=0.01s Sys=0.00s Real=0.01s
[2019-12-11T08:36:14.736+0000][1][safepoint    ] Leaving safepoint region
[2019-12-11T08:36:14.736+0000][1][safepoint    ] Total time for which application threads were stopped: 0.0079888 seconds, Stopping threads took: 0.0000266 seconds
[2019-12-11T08:36:15.736+0000][1][safepoint    ] Application time: 1.0000894 seconds
[2019-12-11T08:36:15.736+0000][1][safepoint    ] Entering safepoint region: Cleanup
[2019-12-11T08:36:15.736+0000][1][safepoint    ] Leaving safepoint region
[2019-12-11T08:36:15.736+0000][1][safepoint    ] Total time for which application threads were stopped: 0.0001556 seconds, Stopping threads took: 0.0000391 seconds
[2019-12-11T08:36:17.744+0000][1][safepoint    ] Application time: 2.0074615 seconds
[2019-12-11T08:36:17.744+0000][1][safepoint    ] Entering safepoint region: Cleanup
[2019-12-11T08:36:17.744+0000][1][safepoint    ] Leaving safepoint region
[2019-12-11T08:36:17.744+0000][1][safepoint    ] Total time for which application threads were stopped: 0.0001628 seconds, Stopping threads took: 0.0000307 seconds
[2019-12-11T08:36:18.748+0000][1][safepoint    ] Application time: 1.0039071 seconds
[2019-12-11T08:36:18.748+0000][1][safepoint    ] Entering safepoint region: Cleanup
[2019-12-11T08:36:18.748+0000][1][safepoint    ] Leaving safepoint region
[2019-12-11T08:36:18.748+0000][1][safepoint    ] Total time for which application threads were stopped: 0.0001432 seconds, Stopping threads took: 0.0000384 seconds
[2019-12-11T08:36:20.751+0000][1][safepoint    ] Application time: 2.0028045 seconds
[2019-12-11T08:36:20.751+0000][1][safepoint    ] Entering safepoint region: Cleanup
[2019-12-11T08:36:20.751+0000][1][safepoint    ] Leaving safepoint region
[2019-12-11T08:36:20.751+0000][1][safepoint    ] Total time for which application threads were stopped: 0.0001314 seconds, Stopping threads took: 0.0000282 seconds
[2019-12-11T08:36:21.752+0000][1][safepoint    ] Application time: 1.0009378 seconds
[2019-12-11T08:36:21.752+0000][1][safepoint    ] Entering safepoint region: Cleanup
[2019-12-11T08:36:21.752+0000][1][safepoint    ] Leaving safepoint region
[2019-12-11T08:36:21.752+0000][1][safepoint    ] Total time for which application threads were stopped: 0.0001414 seconds, Stopping threads took: 0.0000294 seconds
[2019-12-11T08:36:22.755+0000][1][safepoint    ] Application time: 1.0025440 seconds
[2019-12-11T08:36:22.755+0000][1][safepoint    ] Entering safepoint region: Cleanup
[2019-12-11T08:36:22.755+0000][1][safepoint    ] Leaving safepoint region
[2019-12-11T08:36:22.755+0000][1][safepoint    ] Total time for which application threads were stopped: 0.0001643 seconds, Stopping threads took: 0.0000381 seconds
[2019-12-11T08:36:25.758+0000][1][safepoint    ] Application time: 3.0029910 seconds
[2019-12-11T08:36:25.758+0000][1][safepoint    ] Entering safepoint region: Cleanup
[2019-12-11T08:36:25.758+0000][1][safepoint    ] Leaving safepoint region
[2019-12-11T08:36:25.758+0000][1][safepoint    ] Total time for which application threads were stopped: 0.0001377 seconds, Stopping threads took: 0.0000264 seconds
[2019-12-11T08:36:26.759+0000][1][safepoint    ] Application time: 1.0007136 seconds
[2019-12-11T08:36:26.759+0000][1][safepoint    ] Entering safepoint region: Cleanup
[2019-12-11T08:36:26.759+0000][1][safepoint    ] Leaving safepoint region
[2019-12-11T08:36:26.759+0000][1][safepoint    ] Total time for which application threads were stopped: 0.0001418 seconds, Stopping threads took: 0.0000393 seconds
[2019-12-11T08:36:27.761+0000][1][safepoint    ] Application time: 1.0018428 seconds
[2019-12-11T08:36:27.761+0000][1][safepoint    ] Entering safepoint region: Cleanup
[2019-12-11T08:36:27.761+0000][1][safepoint    ] Leaving safepoint region
[2019-12-11T08:36:27.761+0000][1][safepoint    ] Total time for which application threads were stopped: 0.0001425 seconds, Stopping threads took: 0.0000300 seconds
[2019-12-11T08:36:32.401+0000][1][safepoint    ] Application time: 4.6395466 seconds
[2019-12-11T08:36:32.401+0000][1][safepoint    ] Entering safepoint region: Cleanup
[2019-12-11T08:36:32.401+0000][1][safepoint    ] Leaving safepoint region
[2019-12-11T08:36:32.401+0000][1][safepoint    ] Total time for which application threads were stopped: 0.0000846 seconds, Stopping threads took: 0.0000171 seconds
[2019-12-11T08:36:33.402+0000][1][safepoint    ] Application time: 1.0010769 seconds
[2019-12-11T08:36:33.402+0000][1][safepoint    ] Entering safepoint region: Cleanup
[2019-12-11T08:36:33.402+0000][1][safepoint    ] Leaving safepoint region
[2019-12-11T08:36:33.402+0000][1][safepoint    ] Total time for which application threads were stopped: 0.0003302 seconds, Stopping threads took: 0.0000288 seconds
[2019-12-11T08:36:35.569+0000][1][safepoint    ] Application time: 2.1666063 seconds
[2019-12-11T08:36:35.569+0000][1][safepoint    ] Entering safepoint region: Cleanup
[2019-12-11T08:36:35.569+0000][1][safepoint    ] Leaving safepoint region
[2019-12-11T08:36:35.569+0000][1][safepoint    ] Total time for which application threads were stopped: 0.0001682 seconds, Stopping threads took: 0.0000294 seconds
[2019-12-11T08:36:36.572+0000][1][safepoint    ] Application time: 1.0028094 seconds
[2019-12-11T08:36:36.572+0000][1][safepoint    ] Entering safepoint region: Cleanup
[2019-12-11T08:36:36.572+0000][1][safepoint    ] Leaving safepoint region
[2019-12-11T08:36:36.572+0000][1][safepoint    ] Total time for which application threads were stopped: 0.0001323 seconds, Stopping threads took: 0.0000272 seconds
[2019-12-11T08:36:37.575+0000][1][safepoint    ] Application time: 1.0027786 seconds
[2019-12-11T08:36:37.575+0000][1][safepoint    ] Entering safepoint region: Cleanup
[2019-12-11T08:36:37.575+0000][1][safepoint    ] Leaving safepoint region
[2019-12-11T08:36:37.575+0000][1][safepoint    ] Total time for which application threads were stopped: 0.0001413 seconds, Stopping threads took: 0.0000281 seconds
[2019-12-11T08:36:41.586+0000][1][safepoint    ] Application time: 4.0110203 seconds
[2019-12-11T08:36:41.586+0000][1][safepoint    ] Entering safepoint region: Cleanup
[2019-12-11T08:36:41.586+0000][1][safepoint    ] Leaving safepoint region
[2019-12-11T08:36:41.586+0000][1][safepoint    ] Total time for which application threads were stopped: 0.0001580 seconds, Stopping threads took: 0.0000282 seconds
[2019-12-11T08:36:45.595+0000][1][safepoint    ] Application time: 4.0090712 seconds
[2019-12-11T08:36:45.595+0000][1][safepoint    ] Entering safepoint region: Cleanup
[2019-12-11T08:36:45.595+0000][1][safepoint    ] Leaving safepoint region
[2019-12-11T08:36:45.595+0000][1][safepoint    ] Total time for which application threads were stopped: 0.0001511 seconds, Stopping threads took: 0.0000301 seconds
[2019-12-11T08:36:46.597+0000][1][safepoint    ] Application time: 1.0013744 seconds
[2019-12-11T08:36:46.597+0000][1][safepoint    ] Entering safepoint region: Cleanup
[2019-12-11T08:36:46.597+0000][1][safepoint    ] Leaving safepoint region
[2019-12-11T08:36:46.597+0000][1][safepoint    ] Total time for which application threads were stopped: 0.0001346 seconds, Stopping threads took: 0.0000271 seconds
[2019-12-11T08:36:47.597+0000][1][safepoint    ] Application time: 1.0000791 seconds
[2019-12-11T08:36:47.597+0000][1][safepoint    ] Entering safepoint region: Cleanup
[2019-12-11T08:36:47.597+0000][1][safepoint    ] Leaving safepoint region
[2019-12-11T08:36:47.597+0000][1][safepoint    ] Total time for which application threads were stopped: 0.0001192 seconds, Stopping threads took: 0.0000235 seconds
[2019-12-11T08:36:56.296+0000][1][safepoint    ] Application time: 8.6985603 seconds
[2019-12-11T08:36:56.296+0000][1][safepoint    ] Entering safepoint region: GenCollectForAllocation
[2019-12-11T08:36:56.296+0000][1][gc,start     ] GC(34) Pause Young (Allocation Failure)
[2019-12-11T08:36:56.296+0000][1][gc,task      ] GC(34) Using 2 workers of 2 for evacuation
[2019-12-11T08:36:56.308+0000][1][gc,age       ] GC(34) Desired survivor size 4456448 bytes, new threshold 6 (max threshold 6)
[2019-12-11T08:36:56.308+0000][1][gc,age       ] GC(34) Age table with threshold 6 (max threshold 6)
[2019-12-11T08:36:56.308+0000][1][gc,age       ] GC(34) - age   1:     688272 bytes,     688272 total
[2019-12-11T08:36:56.308+0000][1][gc,age       ] GC(34) - age   2:       1872 bytes,     690144 total
[2019-12-11T08:36:56.308+0000][1][gc,age       ] GC(34) - age   3:       3600 bytes,     693744 total
[2019-12-11T08:36:56.308+0000][1][gc,age       ] GC(34) - age   4:       4480 bytes,     698224 total
[2019-12-11T08:36:56.308+0000][1][gc,age       ] GC(34) - age   5:      23792 bytes,     722016 total
[2019-12-11T08:36:56.308+0000][1][gc,age       ] GC(34) - age   6:      11144 bytes,     733160 total
[2019-12-11T08:36:56.308+0000][1][gc,heap      ] GC(34) ParNew: 70886K->742K(78656K)
[2019-12-11T08:36:56.308+0000][1][gc,heap      ] GC(34) CMS: 71294K->71304K(174784K)
[2019-12-11T08:36:56.308+0000][1][gc,metaspace ] GC(34) Metaspace: 75292K->75292K(1118208K)
[2019-12-11T08:36:56.308+0000][1][gc           ] GC(34) Pause Young (Allocation Failure) 138M->70M(247M) 11.794ms
[2019-12-11T08:36:56.308+0000][1][gc,cpu       ] GC(34) User=0.00s Sys=0.00s Real=0.01s
[2019-12-11T08:36:56.308+0000][1][safepoint    ] Leaving safepoint region
[2019-12-11T08:36:56.308+0000][1][safepoint    ] Total time for which application threads were stopped: 0.0120231 seconds, Stopping threads took: 0.0000269 seconds
[2019-12-11T08:36:57.309+0000][1][safepoint    ] Application time: 1.0009031 seconds
[2019-12-11T08:36:57.309+0000][1][safepoint    ] Entering safepoint region: Cleanup
[2019-12-11T08:36:57.309+0000][1][safepoint    ] Leaving safepoint region
[2019-12-11T08:36:57.309+0000][1][safepoint    ] Total time for which application threads were stopped: 0.0001505 seconds, Stopping threads took: 0.0000299 seconds
[2019-12-11T08:36:58.310+0000][1][safepoint    ] Application time: 1.0008077 seconds
[2019-12-11T08:36:58.310+0000][1][safepoint    ] Entering safepoint region: Cleanup
[2019-12-11T08:36:58.310+0000][1][safepoint    ] Leaving safepoint region
[2019-12-11T08:36:58.310+0000][1][safepoint    ] Total time for which application threads were stopped: 0.0001411 seconds, Stopping threads took: 0.0000286 seconds
[2019-12-11T08:36:59.313+0000][1][safepoint    ] Application time: 1.0027630 seconds
[2019-12-11T08:36:59.316+0000][1][safepoint    ] Entering safepoint region: Cleanup
[2019-12-11T08:36:59.316+0000][1][safepoint    ] Leaving safepoint region
[2019-12-11T08:36:59.316+0000][1][safepoint    ] Total time for which application threads were stopped: 0.0031016 seconds, Stopping threads took: 0.0029554 seconds
[2019-12-11T08:37:00.317+0000][1][safepoint    ] Application time: 1.0008306 seconds
[2019-12-11T08:37:00.317+0000][1][safepoint    ] Entering safepoint region: Cleanup
[2019-12-11T08:37:00.317+0000][1][safepoint    ] Leaving safepoint region
[2019-12-11T08:37:00.317+0000][1][safepoint    ] Total time for which application threads were stopped: 0.0001344 seconds, Stopping threads took: 0.0000369 seconds
[2019-12-11T08:37:06.323+0000][1][safepoint    ] Application time: 6.0058576 seconds
[2019-12-11T08:37:06.323+0000][1][safepoint    ] Entering safepoint region: Cleanup
[2019-12-11T08:37:06.323+0000][1][safepoint    ] Leaving safepoint region
[2019-12-11T08:37:06.323+0000][1][safepoint    ] Total time for which application threads were stopped: 0.0001417 seconds, Stopping threads took: 0.0000276 seconds
[2019-12-11T08:37:07.326+0000][1][safepoint    ] Application time: 1.0027693 seconds
[2019-12-11T08:37:07.326+0000][1][safepoint    ] Entering safepoint region: Cleanup
[2019-12-11T08:37:07.326+0000][1][safepoint    ] Leaving safepoint region
[2019-12-11T08:37:07.326+0000][1][safepoint    ] Total time for which application threads were stopped: 0.0001370 seconds, Stopping threads took: 0.0000287 seconds
[2019-12-11T08:37:11.334+0000][1][safepoint    ] Application time: 4.0078084 seconds
[2019-12-11T08:37:11.334+0000][1][safepoint    ] Entering safepoint region: Cleanup
[2019-12-11T08:37:11.334+0000][1][safepoint    ] Leaving safepoint region
[2019-12-11T08:37:11.334+0000][1][safepoint    ] Total time for which application threads were stopped: 0.0001385 seconds, Stopping threads took: 0.0000292 seconds
[2019-12-11T08:37:12.335+0000][1][safepoint    ] Application time: 1.0007739 seconds
[2019-12-11T08:37:12.335+0000][1][safepoint    ] Entering safepoint region: Cleanup
[2019-12-11T08:37:12.335+0000][1][safepoint    ] Leaving safepoint region
[2019-12-11T08:37:12.335+0000][1][safepoint    ] Total time for which application threads were stopped: 0.0001361 seconds, Stopping threads took: 0.0000299 seconds
[2019-12-11T08:37:14.337+0000][1][safepoint    ] Application time: 2.0017962 seconds
[2019-12-11T08:37:14.337+0000][1][safepoint    ] Entering safepoint region: Cleanup
[2019-12-11T08:37:14.337+0000][1][safepoint    ] Leaving safepoint region
[2019-12-11T08:37:14.337+0000][1][safepoint    ] Total time for which application threads were stopped: 0.0001373 seconds, Stopping threads took: 0.0000291 seconds
[2019-12-11T08:37:15.340+0000][1][safepoint    ] Application time: 1.0028098 seconds
[2019-12-11T08:37:15.340+0000][1][safepoint    ] Entering safepoint region: Cleanup
[2019-12-11T08:37:15.340+0000][1][safepoint    ] Leaving safepoint region
[2019-12-11T08:37:15.340+0000][1][safepoint    ] Total time for which application threads were stopped: 0.0001481 seconds, Stopping threads took: 0.0000294 seconds
[2019-12-11T08:37:17.342+0000][1][safepoint    ] Application time: 2.0017743 seconds
[2019-12-11T08:37:17.342+0000][1][safepoint    ] Entering safepoint region: Cleanup
[2019-12-11T08:37:17.342+0000][1][safepoint    ] Leaving safepoint region
[2019-12-11T08:37:17.342+0000][1][safepoint    ] Total time for which application threads were stopped: 0.0001367 seconds, Stopping threads took: 0.0000295 seconds
[2019-12-11T08:37:20.346+0000][1][safepoint    ] Application time: 3.0038023 seconds
[2019-12-11T08:37:20.346+0000][1][safepoint    ] Entering safepoint region: Cleanup
[2019-12-11T08:37:20.346+0000][1][safepoint    ] Leaving safepoint region
[2019-12-11T08:37:20.346+0000][1][safepoint    ] Total time for which application threads were stopped: 0.0001464 seconds, Stopping threads took: 0.0000379 seconds
[2019-12-11T08:37:24.354+0000][1][safepoint    ] Application time: 4.0078544 seconds
[2019-12-11T08:37:24.354+0000][1][safepoint    ] Entering safepoint region: Cleanup
[2019-12-11T08:37:24.354+0000][1][safepoint    ] Leaving safepoint region
[2019-12-11T08:37:24.354+0000][1][safepoint    ] Total time for which application threads were stopped: 0.0001299 seconds, Stopping threads took: 0.0000267 seconds
[2019-12-11T08:37:27.361+0000][1][safepoint    ] Application time: 3.0069299 seconds
[2019-12-11T08:37:27.361+0000][1][safepoint    ] Entering safepoint region: Cleanup
[2019-12-11T08:37:27.361+0000][1][safepoint    ] Leaving safepoint region
[2019-12-11T08:37:27.361+0000][1][safepoint    ] Total time for which application threads were stopped: 0.0001456 seconds, Stopping threads took: 0.0000247 seconds
[2019-12-11T08:37:28.363+0000][1][safepoint    ] Application time: 1.0016453 seconds
[2019-12-11T08:37:28.363+0000][1][safepoint    ] Entering safepoint region: Cleanup
[2019-12-11T08:37:28.363+0000][1][safepoint    ] Leaving safepoint region
[2019-12-11T08:37:28.363+0000][1][safepoint    ] Total time for which application threads were stopped: 0.0001413 seconds, Stopping threads took: 0.0000290 seconds
[2019-12-11T08:37:30.366+0000][1][safepoint    ] Application time: 2.0027866 seconds
[2019-12-11T08:37:30.366+0000][1][safepoint    ] Entering safepoint region: Cleanup
[2019-12-11T08:37:30.366+0000][1][safepoint    ] Leaving safepoint region
[2019-12-11T08:37:30.366+0000][1][safepoint    ] Total time for which application threads were stopped: 0.0001191 seconds, Stopping threads took: 0.0000249 seconds
[2019-12-11T08:37:32.371+0000][1][safepoint    ] Application time: 2.0048278 seconds
[2019-12-11T08:37:32.371+0000][1][safepoint    ] Entering safepoint region: Cleanup
[2019-12-11T08:37:32.371+0000][1][safepoint    ] Leaving safepoint region
[2019-12-11T08:37:32.371+0000][1][safepoint    ] Total time for which application threads were stopped: 0.0001279 seconds, Stopping threads took: 0.0000262 seconds
[2019-12-11T08:37:35.377+0000][1][safepoint    ] Application time: 3.0058177 seconds
[2019-12-11T08:37:35.377+0000][1][safepoint    ] Entering safepoint region: Cleanup
[2019-12-11T08:37:35.377+0000][1][safepoint    ] Leaving safepoint region
[2019-12-11T08:37:35.377+0000][1][safepoint    ] Total time for which application threads were stopped: 0.0001138 seconds, Stopping threads took: 0.0000227 seconds
[2019-12-11T08:37:36.378+0000][1][safepoint    ] Application time: 1.0008317 seconds
[2019-12-11T08:37:36.378+0000][1][safepoint    ] Entering safepoint region: Cleanup
[2019-12-11T08:37:36.378+0000][1][safepoint    ] Leaving safepoint region
[2019-12-11T08:37:36.378+0000][1][safepoint    ] Total time for which application threads were stopped: 0.0001531 seconds, Stopping threads took: 0.0000409 seconds
[2019-12-11T08:37:37.256+0000][1][safepoint    ] Application time: 0.8777408 seconds
[2019-12-11T08:37:37.256+0000][1][safepoint    ] Entering safepoint region: GenCollectForAllocation
[2019-12-11T08:37:37.256+0000][1][gc,start     ] GC(35) Pause Young (Allocation Failure)
[2019-12-11T08:37:37.256+0000][1][gc,task      ] GC(35) Using 2 workers of 2 for evacuation
[2019-12-11T08:37:37.266+0000][1][gc,age       ] GC(35) Desired survivor size 4456448 bytes, new threshold 6 (max threshold 6)
[2019-12-11T08:37:37.266+0000][1][gc,age       ] GC(35) Age table with threshold 6 (max threshold 6)
[2019-12-11T08:37:37.266+0000][1][gc,age       ] GC(35) - age   1:     620544 bytes,     620544 total
[2019-12-11T08:37:37.266+0000][1][gc,age       ] GC(35) - age   2:       4000 bytes,     624544 total
[2019-12-11T08:37:37.266+0000][1][gc,age       ] GC(35) - age   3:       1872 bytes,     626416 total
[2019-12-11T08:37:37.266+0000][1][gc,age       ] GC(35) - age   4:       3600 bytes,     630016 total
[2019-12-11T08:37:37.266+0000][1][gc,age       ] GC(35) - age   5:       4480 bytes,     634496 total
[2019-12-11T08:37:37.266+0000][1][gc,age       ] GC(35) - age   6:      23792 bytes,     658288 total
[2019-12-11T08:37:37.266+0000][1][gc,heap      ] GC(35) ParNew: 70694K->732K(78656K)
[2019-12-11T08:37:37.266+0000][1][gc,heap      ] GC(35) CMS: 71304K->71315K(174784K)
[2019-12-11T08:37:37.266+0000][1][gc,metaspace ] GC(35) Metaspace: 75323K->75323K(1118208K)
[2019-12-11T08:37:37.266+0000][1][gc           ] GC(35) Pause Young (Allocation Failure) 138M->70M(247M) 10.530ms
[2019-12-11T08:37:37.266+0000][1][gc,cpu       ] GC(35) User=0.00s Sys=0.00s Real=0.01s
[2019-12-11T08:37:37.266+0000][1][safepoint    ] Leaving safepoint region
[2019-12-11T08:37:37.266+0000][1][safepoint    ] Total time for which application threads were stopped: 0.0107610 seconds, Stopping threads took: 0.0000258 seconds
[2019-12-11T08:37:40.277+0000][1][safepoint    ] Application time: 3.0102369 seconds
[2019-12-11T08:37:40.277+0000][1][safepoint    ] Entering safepoint region: Cleanup
[2019-12-11T08:37:40.277+0000][1][safepoint    ] Leaving safepoint region
[2019-12-11T08:37:40.277+0000][1][safepoint    ] Total time for which application threads were stopped: 0.0001368 seconds, Stopping threads took: 0.0000292 seconds
[2019-12-11T08:37:41.278+0000][1][safepoint    ] Application time: 1.0007799 seconds
[2019-12-11T08:37:41.278+0000][1][safepoint    ] Entering safepoint region: Cleanup
[2019-12-11T08:37:41.278+0000][1][safepoint    ] Leaving safepoint region
[2019-12-11T08:37:41.278+0000][1][safepoint    ] Total time for which application threads were stopped: 0.0001401 seconds, Stopping threads took: 0.0000292 seconds
[2019-12-11T08:37:42.279+0000][1][safepoint    ] Application time: 1.0008778 seconds
[2019-12-11T08:37:42.279+0000][1][safepoint    ] Entering safepoint region: Cleanup
[2019-12-11T08:37:42.279+0000][1][safepoint    ] Leaving safepoint region
[2019-12-11T08:37:42.279+0000][1][safepoint    ] Total time for which application threads were stopped: 0.0001252 seconds, Stopping threads took: 0.0000264 seconds
[2019-12-11T08:37:45.286+0000][1][safepoint    ] Application time: 3.0067398 seconds
[2019-12-11T08:37:45.286+0000][1][safepoint    ] Entering safepoint region: Cleanup
[2019-12-11T08:37:45.286+0000][1][safepoint    ] Leaving safepoint region
[2019-12-11T08:37:45.286+0000][1][safepoint    ] Total time for which application threads were stopped: 0.0001379 seconds, Stopping threads took: 0.0000345 seconds
[2019-12-11T08:37:48.290+0000][1][safepoint    ] Application time: 3.0038209 seconds
[2019-12-11T08:37:48.290+0000][1][safepoint    ] Entering safepoint region: Cleanup
[2019-12-11T08:37:48.290+0000][1][safepoint    ] Leaving safepoint region
[2019-12-11T08:37:48.290+0000][1][safepoint    ] Total time for which application threads were stopped: 0.0001422 seconds, Stopping threads took: 0.0000281 seconds
[2019-12-11T08:37:49.290+0000][1][safepoint    ] Application time: 1.0000799 seconds
[2019-12-11T08:37:49.290+0000][1][safepoint    ] Entering safepoint region: Cleanup
[2019-12-11T08:37:49.290+0000][1][safepoint    ] Leaving safepoint region
[2019-12-11T08:37:49.290+0000][1][safepoint    ] Total time for which application threads were stopped: 0.0001232 seconds, Stopping threads took: 0.0000253 seconds
[2019-12-11T08:37:53.301+0000][1][safepoint    ] Application time: 4.0105481 seconds
[2019-12-11T08:37:53.301+0000][1][safepoint    ] Entering safepoint region: Cleanup
[2019-12-11T08:37:53.301+0000][1][safepoint    ] Leaving safepoint region
[2019-12-11T08:37:53.301+0000][1][safepoint    ] Total time for which application threads were stopped: 0.0001430 seconds, Stopping threads took: 0.0000360 seconds
[2019-12-11T08:37:57.310+0000][1][safepoint    ] Application time: 4.0087828 seconds
[2019-12-11T08:37:57.310+0000][1][safepoint    ] Entering safepoint region: Cleanup
[2019-12-11T08:37:57.310+0000][1][safepoint    ] Leaving safepoint region
[2019-12-11T08:37:57.310+0000][1][safepoint    ] Total time for which application threads were stopped: 0.0001214 seconds, Stopping threads took: 0.0000246 seconds
[2019-12-11T08:37:59.317+0000][1][safepoint    ] Application time: 2.0068302 seconds
[2019-12-11T08:37:59.317+0000][1][safepoint    ] Entering safepoint region: Cleanup
[2019-12-11T08:37:59.317+0000][1][safepoint    ] Leaving safepoint region
[2019-12-11T08:37:59.317+0000][1][safepoint    ] Total time for which application threads were stopped: 0.0001368 seconds, Stopping threads took: 0.0000275 seconds
[2019-12-11T08:38:02.324+0000][1][safepoint    ] Application time: 3.0067061 seconds
[2019-12-11T08:38:02.324+0000][1][safepoint    ] Entering safepoint region: Cleanup
[2019-12-11T08:38:02.324+0000][1][safepoint    ] Leaving safepoint region
[2019-12-11T08:38:02.324+0000][1][safepoint    ] Total time for which application threads were stopped: 0.0001493 seconds, Stopping threads took: 0.0000256 seconds
[2019-12-11T08:38:03.327+0000][1][safepoint    ] Application time: 1.0029192 seconds
[2019-12-11T08:38:03.327+0000][1][safepoint    ] Entering safepoint region: Cleanup
[2019-12-11T08:38:03.327+0000][1][safepoint    ] Leaving safepoint region
[2019-12-11T08:38:03.327+0000][1][safepoint    ] Total time for which application threads were stopped: 0.0001379 seconds, Stopping threads took: 0.0000261 seconds
[2019-12-11T08:38:09.335+0000][1][safepoint    ] Application time: 6.0078579 seconds
[2019-12-11T08:38:09.335+0000][1][safepoint    ] Entering safepoint region: Cleanup
[2019-12-11T08:38:09.335+0000][1][safepoint    ] Leaving safepoint region
[2019-12-11T08:38:09.335+0000][1][safepoint    ] Total time for which application threads were stopped: 0.0001328 seconds, Stopping threads took: 0.0000292 seconds
[2019-12-11T08:38:12.343+0000][1][safepoint    ] Application time: 3.0077498 seconds
[2019-12-11T08:38:12.343+0000][1][safepoint    ] Entering safepoint region: Cleanup
[2019-12-11T08:38:12.343+0000][1][safepoint    ] Leaving safepoint region
[2019-12-11T08:38:12.343+0000][1][safepoint    ] Total time for which application threads were stopped: 0.0001728 seconds, Stopping threads took: 0.0000485 seconds
[2019-12-11T08:38:16.349+0000][1][safepoint    ] Application time: 4.0058030 seconds
[2019-12-11T08:38:16.349+0000][1][safepoint    ] Entering safepoint region: Cleanup
[2019-12-11T08:38:16.349+0000][1][safepoint    ] Leaving safepoint region
[2019-12-11T08:38:16.349+0000][1][safepoint    ] Total time for which application threads were stopped: 0.0001694 seconds, Stopping threads took: 0.0000371 seconds
[2019-12-11T08:38:17.300+0000][1][safepoint    ] Application time: 0.9507358 seconds
[2019-12-11T08:38:17.300+0000][1][safepoint    ] Entering safepoint region: GenCollectForAllocation
[2019-12-11T08:38:17.300+0000][1][gc,start     ] GC(36) Pause Young (Allocation Failure)
[2019-12-11T08:38:17.300+0000][1][gc,task      ] GC(36) Using 2 workers of 2 for evacuation
[2019-12-11T08:38:17.314+0000][1][gc,age       ] GC(36) Desired survivor size 4456448 bytes, new threshold 6 (max threshold 6)
[2019-12-11T08:38:17.314+0000][1][gc,age       ] GC(36) Age table with threshold 6 (max threshold 6)
[2019-12-11T08:38:17.314+0000][1][gc,age       ] GC(36) - age   1:     625832 bytes,     625832 total
[2019-12-11T08:38:17.314+0000][1][gc,age       ] GC(36) - age   2:       1472 bytes,     627304 total
[2019-12-11T08:38:17.314+0000][1][gc,age       ] GC(36) - age   3:       4000 bytes,     631304 total
[2019-12-11T08:38:17.314+0000][1][gc,age       ] GC(36) - age   4:       1872 bytes,     633176 total
[2019-12-11T08:38:17.314+0000][1][gc,age       ] GC(36) - age   5:       3600 bytes,     636776 total
[2019-12-11T08:38:17.314+0000][1][gc,age       ] GC(36) - age   6:       4480 bytes,     641256 total
[2019-12-11T08:38:17.314+0000][1][gc,heap      ] GC(36) ParNew: 70684K->729K(78656K)
[2019-12-11T08:38:17.314+0000][1][gc,heap      ] GC(36) CMS: 71315K->71338K(174784K)
[2019-12-11T08:38:17.314+0000][1][gc,metaspace ] GC(36) Metaspace: 75350K->75350K(1118208K)
[2019-12-11T08:38:17.315+0000][1][gc           ] GC(36) Pause Young (Allocation Failure) 138M->70M(247M) 14.603ms
[2019-12-11T08:38:17.315+0000][1][gc,cpu       ] GC(36) User=0.00s Sys=0.00s Real=0.01s
[2019-12-11T08:38:17.315+0000][1][safepoint    ] Leaving safepoint region
[2019-12-11T08:38:17.315+0000][1][safepoint    ] Total time for which application threads were stopped: 0.0148250 seconds, Stopping threads took: 0.0000242 seconds
[2019-12-11T08:38:18.321+0000][1][safepoint    ] Application time: 1.0059977 seconds
[2019-12-11T08:38:18.321+0000][1][safepoint    ] Entering safepoint region: Cleanup
[2019-12-11T08:38:18.321+0000][1][safepoint    ] Leaving safepoint region
[2019-12-11T08:38:18.321+0000][1][safepoint    ] Total time for which application threads were stopped: 0.0001764 seconds, Stopping threads took: 0.0000294 seconds
[2019-12-11T08:38:21.329+0000][1][safepoint    ] Application time: 3.0078068 seconds
[2019-12-11T08:38:21.329+0000][1][safepoint    ] Entering safepoint region: Cleanup
[2019-12-11T08:38:21.329+0000][1][safepoint    ] Leaving safepoint region
[2019-12-11T08:38:21.329+0000][1][safepoint    ] Total time for which application threads were stopped: 0.0001521 seconds, Stopping threads took: 0.0000523 seconds
[2019-12-11T08:38:22.329+0000][1][safepoint    ] Application time: 1.0000857 seconds
[2019-12-11T08:38:22.329+0000][1][safepoint    ] Entering safepoint region: Cleanup
[2019-12-11T08:38:22.329+0000][1][safepoint    ] Leaving safepoint region
[2019-12-11T08:38:22.329+0000][1][safepoint    ] Total time for which application threads were stopped: 0.0001350 seconds, Stopping threads took: 0.0000283 seconds
[2019-12-11T08:38:23.330+0000][1][safepoint    ] Application time: 1.0006388 seconds
[2019-12-11T08:38:23.330+0000][1][safepoint    ] Entering safepoint region: Cleanup
[2019-12-11T08:38:23.330+0000][1][safepoint    ] Leaving safepoint region
[2019-12-11T08:38:23.330+0000][1][safepoint    ] Total time for which application threads were stopped: 0.0001405 seconds, Stopping threads took: 0.0000270 seconds
[2019-12-11T08:38:24.331+0000][1][safepoint    ] Application time: 1.0007816 seconds
[2019-12-11T08:38:24.331+0000][1][safepoint    ] Entering safepoint region: Cleanup
[2019-12-11T08:38:24.331+0000][1][safepoint    ] Leaving safepoint region
[2019-12-11T08:38:24.331+0000][1][safepoint    ] Total time for which application threads were stopped: 0.0001285 seconds, Stopping threads took: 0.0000278 seconds
[2019-12-11T08:38:27.335+0000][1][safepoint    ] Application time: 3.0037975 seconds
[2019-12-11T08:38:27.335+0000][1][safepoint    ] Entering safepoint region: Cleanup
[2019-12-11T08:38:27.335+0000][1][safepoint    ] Leaving safepoint region
[2019-12-11T08:38:27.335+0000][1][safepoint    ] Total time for which application threads were stopped: 0.0001422 seconds, Stopping threads took: 0.0000269 seconds
[2019-12-11T08:38:28.337+0000][1][safepoint    ] Application time: 1.0018100 seconds
[2019-12-11T08:38:28.337+0000][1][safepoint    ] Entering safepoint region: Cleanup
[2019-12-11T08:38:28.337+0000][1][safepoint    ] Leaving safepoint region
[2019-12-11T08:38:28.337+0000][1][safepoint    ] Total time for which application threads were stopped: 0.0001369 seconds, Stopping threads took: 0.0000279 seconds
[2019-12-11T08:38:31.342+0000][1][safepoint    ] Application time: 3.0053971 seconds
[2019-12-11T08:38:31.342+0000][1][safepoint    ] Entering safepoint region: Cleanup
[2019-12-11T08:38:31.342+0000][1][safepoint    ] Leaving safepoint region
[2019-12-11T08:38:31.343+0000][1][safepoint    ] Total time for which application threads were stopped: 0.0001414 seconds, Stopping threads took: 0.0000310 seconds
[2019-12-11T08:38:36.348+0000][1][safepoint    ] Application time: 5.0055699 seconds
[2019-12-11T08:38:36.348+0000][1][safepoint    ] Entering safepoint region: Cleanup
[2019-12-11T08:38:36.348+0000][1][safepoint    ] Leaving safepoint region
[2019-12-11T08:38:36.348+0000][1][safepoint    ] Total time for which application threads were stopped: 0.0001476 seconds, Stopping threads took: 0.0000301 seconds
[2019-12-11T08:38:42.364+0000][1][safepoint    ] Application time: 6.0154556 seconds
[2019-12-11T08:38:42.364+0000][1][safepoint    ] Entering safepoint region: Cleanup
[2019-12-11T08:38:42.364+0000][1][safepoint    ] Leaving safepoint region
[2019-12-11T08:38:42.364+0000][1][safepoint    ] Total time for which application threads were stopped: 0.0001352 seconds, Stopping threads took: 0.0000289 seconds
[2019-12-11T08:38:45.369+0000][1][safepoint    ] Application time: 3.0048088 seconds
[2019-12-11T08:38:45.369+0000][1][safepoint    ] Entering safepoint region: Cleanup
[2019-12-11T08:38:45.369+0000][1][safepoint    ] Leaving safepoint region
[2019-12-11T08:38:45.369+0000][1][safepoint    ] Total time for which application threads were stopped: 0.0001308 seconds, Stopping threads took: 0.0000286 seconds
[2019-12-11T08:38:47.375+0000][1][safepoint    ] Application time: 2.0058422 seconds
[2019-12-11T08:38:47.375+0000][1][safepoint    ] Entering safepoint region: Cleanup
[2019-12-11T08:38:47.375+0000][1][safepoint    ] Leaving safepoint region
[2019-12-11T08:38:47.375+0000][1][safepoint    ] Total time for which application threads were stopped: 0.0001395 seconds, Stopping threads took: 0.0000283 seconds
[2019-12-11T08:38:48.376+0000][1][safepoint    ] Application time: 1.0007600 seconds
[2019-12-11T08:38:48.376+0000][1][safepoint    ] Entering safepoint region: Cleanup
[2019-12-11T08:38:48.376+0000][1][safepoint    ] Leaving safepoint region
[2019-12-11T08:38:48.376+0000][1][safepoint    ] Total time for which application threads were stopped: 0.0001365 seconds, Stopping threads took: 0.0000311 seconds
[2019-12-11T08:38:49.378+0000][1][safepoint    ] Application time: 1.0017902 seconds
[2019-12-11T08:38:49.378+0000][1][safepoint    ] Entering safepoint region: Cleanup
[2019-12-11T08:38:49.378+0000][1][safepoint    ] Leaving safepoint region
[2019-12-11T08:38:49.378+0000][1][safepoint    ] Total time for which application threads were stopped: 0.0001296 seconds, Stopping threads took: 0.0000285 seconds
[2019-12-11T08:38:50.383+0000][1][safepoint    ] Application time: 1.0047872 seconds
[2019-12-11T08:38:50.383+0000][1][safepoint    ] Entering safepoint region: Cleanup
[2019-12-11T08:38:50.383+0000][1][safepoint    ] Leaving safepoint region
[2019-12-11T08:38:50.383+0000][1][safepoint    ] Total time for which application threads were stopped: 0.0001314 seconds, Stopping threads took: 0.0000282 seconds
[2019-12-11T08:38:51.385+0000][1][safepoint    ] Application time: 1.0018011 seconds
[2019-12-11T08:38:51.385+0000][1][safepoint    ] Entering safepoint region: Cleanup
[2019-12-11T08:38:51.385+0000][1][safepoint    ] Leaving safepoint region
[2019-12-11T08:38:51.385+0000][1][safepoint    ] Total time for which application threads were stopped: 0.0001815 seconds, Stopping threads took: 0.0000644 seconds
[2019-12-11T08:38:57.345+0000][1][safepoint    ] Application time: 5.9599134 seconds
[2019-12-11T08:38:57.345+0000][1][safepoint    ] Entering safepoint region: GenCollectForAllocation
[2019-12-11T08:38:57.345+0000][1][gc,start     ] GC(37) Pause Young (Allocation Failure)
[2019-12-11T08:38:57.345+0000][1][gc,task      ] GC(37) Using 2 workers of 2 for evacuation
[2019-12-11T08:38:57.349+0000][1][gc,age       ] GC(37) Desired survivor size 4456448 bytes, new threshold 6 (max threshold 6)
[2019-12-11T08:38:57.349+0000][1][gc,age       ] GC(37) Age table with threshold 6 (max threshold 6)
[2019-12-11T08:38:57.349+0000][1][gc,age       ] GC(37) - age   1:     619672 bytes,     619672 total
[2019-12-11T08:38:57.349+0000][1][gc,age       ] GC(37) - age   2:       1904 bytes,     621576 total
[2019-12-11T08:38:57.349+0000][1][gc,age       ] GC(37) - age   3:       1184 bytes,     622760 total
[2019-12-11T08:38:57.349+0000][1][gc,age       ] GC(37) - age   4:       4000 bytes,     626760 total
[2019-12-11T08:38:57.349+0000][1][gc,age       ] GC(37) - age   5:       1872 bytes,     628632 total
[2019-12-11T08:38:57.349+0000][1][gc,age       ] GC(37) - age   6:       3600 bytes,     632232 total
[2019-12-11T08:38:57.349+0000][1][gc,heap      ] GC(37) ParNew: 70681K->651K(78656K)
[2019-12-11T08:38:57.349+0000][1][gc,heap      ] GC(37) CMS: 71338K->71343K(174784K)
[2019-12-11T08:38:57.349+0000][1][gc,metaspace ] GC(37) Metaspace: 75368K->75368K(1118208K)
[2019-12-11T08:38:57.349+0000][1][gc           ] GC(37) Pause Young (Allocation Failure) 138M->70M(247M) 4.402ms
[2019-12-11T08:38:57.349+0000][1][gc,cpu       ] GC(37) User=0.00s Sys=0.00s Real=0.00s
[2019-12-11T08:38:57.350+0000][1][safepoint    ] Leaving safepoint region
[2019-12-11T08:38:57.350+0000][1][safepoint    ] Total time for which application threads were stopped: 0.0046197 seconds, Stopping threads took: 0.0000315 seconds
[2019-12-11T08:39:11.370+0000][1][safepoint    ] Application time: 14.0201940 seconds
[2019-12-11T08:39:11.370+0000][1][safepoint    ] Entering safepoint region: Cleanup
[2019-12-11T08:39:11.370+0000][1][safepoint    ] Leaving safepoint region
[2019-12-11T08:39:11.370+0000][1][safepoint    ] Total time for which application threads were stopped: 0.0001302 seconds, Stopping threads took: 0.0000306 seconds
[2019-12-11T08:39:12.373+0000][1][safepoint    ] Application time: 1.0027960 seconds
[2019-12-11T08:39:12.373+0000][1][safepoint    ] Entering safepoint region: Cleanup
[2019-12-11T08:39:12.373+0000][1][safepoint    ] Leaving safepoint region
[2019-12-11T08:39:12.373+0000][1][safepoint    ] Total time for which application threads were stopped: 0.0001320 seconds, Stopping threads took: 0.0000284 seconds
[2019-12-11T08:39:14.376+0000][1][safepoint    ] Application time: 2.0028277 seconds
[2019-12-11T08:39:14.376+0000][1][safepoint    ] Entering safepoint region: Cleanup
[2019-12-11T08:39:14.376+0000][1][safepoint    ] Leaving safepoint region
[2019-12-11T08:39:14.376+0000][1][safepoint    ] Total time for which application threads were stopped: 0.0001308 seconds, Stopping threads took: 0.0000305 seconds
[2019-12-11T08:39:17.221+0000][1][safepoint    ] Application time: 2.8447964 seconds
[2019-12-11T08:39:17.221+0000][1][safepoint    ] Entering safepoint region: Cleanup
[2019-12-11T08:39:17.221+0000][1][safepoint    ] Leaving safepoint region
[2019-12-11T08:39:17.221+0000][1][safepoint    ] Total time for which application threads were stopped: 0.0001203 seconds, Stopping threads took: 0.0000251 seconds
[2019-12-11T08:39:18.224+0000][1][safepoint    ] Application time: 1.0028128 seconds
[2019-12-11T08:39:18.224+0000][1][safepoint    ] Entering safepoint region: Cleanup
[2019-12-11T08:39:18.224+0000][1][safepoint    ] Leaving safepoint region
[2019-12-11T08:39:18.224+0000][1][safepoint    ] Total time for which application threads were stopped: 0.0001340 seconds, Stopping threads took: 0.0000347 seconds
[2019-12-11T08:39:20.665+0000][1][safepoint    ] Application time: 2.4411395 seconds
[2019-12-11T08:39:20.665+0000][1][safepoint    ] Entering safepoint region: Cleanup
[2019-12-11T08:39:20.665+0000][1][safepoint    ] Leaving safepoint region
[2019-12-11T08:39:20.665+0000][1][safepoint    ] Total time for which application threads were stopped: 0.0001344 seconds, Stopping threads took: 0.0000442 seconds
[2019-12-11T08:39:21.668+0000][1][safepoint    ] Application time: 1.0024849 seconds
[2019-12-11T08:39:21.668+0000][1][safepoint    ] Entering safepoint region: Cleanup
[2019-12-11T08:39:21.668+0000][1][safepoint    ] Leaving safepoint region
[2019-12-11T08:39:21.668+0000][1][safepoint    ] Total time for which application threads were stopped: 0.0001242 seconds, Stopping threads took: 0.0000257 seconds
[2019-12-11T08:39:22.675+0000][1][safepoint    ] Application time: 1.0068259 seconds
[2019-12-11T08:39:22.675+0000][1][safepoint    ] Entering safepoint region: Cleanup
[2019-12-11T08:39:22.675+0000][1][safepoint    ] Leaving safepoint region
[2019-12-11T08:39:22.675+0000][1][safepoint    ] Total time for which application threads were stopped: 0.0001376 seconds, Stopping threads took: 0.0000377 seconds
[2019-12-11T08:39:23.676+0000][1][safepoint    ] Application time: 1.0008494 seconds
[2019-12-11T08:39:23.676+0000][1][safepoint    ] Entering safepoint region: Cleanup
[2019-12-11T08:39:23.676+0000][1][safepoint    ] Leaving safepoint region
[2019-12-11T08:39:23.676+0000][1][safepoint    ] Total time for which application threads were stopped: 0.0001268 seconds, Stopping threads took: 0.0000257 seconds
[2019-12-11T08:39:24.678+0000][1][safepoint    ] Application time: 1.0017802 seconds
[2019-12-11T08:39:24.678+0000][1][safepoint    ] Entering safepoint region: Cleanup
[2019-12-11T08:39:24.678+0000][1][safepoint    ] Leaving safepoint region
[2019-12-11T08:39:24.678+0000][1][safepoint    ] Total time for which application threads were stopped: 0.0001298 seconds, Stopping threads took: 0.0000377 seconds
[2019-12-11T08:39:26.682+0000][1][safepoint    ] Application time: 2.0038450 seconds
[2019-12-11T08:39:26.682+0000][1][safepoint    ] Entering safepoint region: Cleanup
[2019-12-11T08:39:26.682+0000][1][safepoint    ] Leaving safepoint region
[2019-12-11T08:39:26.682+0000][1][safepoint    ] Total time for which application threads were stopped: 0.0001416 seconds, Stopping threads took: 0.0000264 seconds
[2019-12-11T08:39:27.683+0000][1][safepoint    ] Application time: 1.0007795 seconds
[2019-12-11T08:39:27.683+0000][1][safepoint    ] Entering safepoint region: Cleanup
[2019-12-11T08:39:27.683+0000][1][safepoint    ] Leaving safepoint region
[2019-12-11T08:39:27.683+0000][1][safepoint    ] Total time for which application threads were stopped: 0.0001293 seconds, Stopping threads took: 0.0000303 seconds
[2019-12-11T08:39:29.685+0000][1][safepoint    ] Application time: 2.0020210 seconds
[2019-12-11T08:39:29.685+0000][1][safepoint    ] Entering safepoint region: Cleanup
[2019-12-11T08:39:29.685+0000][1][safepoint    ] Leaving safepoint region
[2019-12-11T08:39:29.685+0000][1][safepoint    ] Total time for which application threads were stopped: 0.0001236 seconds, Stopping threads took: 0.0000265 seconds
[2019-12-11T08:39:36.695+0000][1][safepoint    ] Application time: 7.0096115 seconds
[2019-12-11T08:39:36.695+0000][1][safepoint    ] Entering safepoint region: Cleanup
[2019-12-11T08:39:36.695+0000][1][safepoint    ] Leaving safepoint region
[2019-12-11T08:39:36.695+0000][1][safepoint    ] Total time for which application threads were stopped: 0.0001514 seconds, Stopping threads took: 0.0000321 seconds
[2019-12-11T08:39:38.178+0000][1][safepoint    ] Application time: 1.4828116 seconds
[2019-12-11T08:39:38.178+0000][1][safepoint    ] Entering safepoint region: GenCollectForAllocation
[2019-12-11T08:39:38.178+0000][1][gc,start     ] GC(38) Pause Young (Allocation Failure)
[2019-12-11T08:39:38.178+0000][1][gc,task      ] GC(38) Using 2 workers of 2 for evacuation
[2019-12-11T08:39:38.195+0000][1][gc,age       ] GC(38) Desired survivor size 4456448 bytes, new threshold 6 (max threshold 6)
[2019-12-11T08:39:38.195+0000][1][gc,age       ] GC(38) Age table with threshold 6 (max threshold 6)
[2019-12-11T08:39:38.195+0000][1][gc,age       ] GC(38) - age   1:     620576 bytes,     620576 total
[2019-12-11T08:39:38.195+0000][1][gc,age       ] GC(38) - age   2:        968 bytes,     621544 total
[2019-12-11T08:39:38.195+0000][1][gc,age       ] GC(38) - age   3:       1904 bytes,     623448 total
[2019-12-11T08:39:38.195+0000][1][gc,age       ] GC(38) - age   4:       1184 bytes,     624632 total
[2019-12-11T08:39:38.195+0000][1][gc,age       ] GC(38) - age   5:       4000 bytes,     628632 total
[2019-12-11T08:39:38.195+0000][1][gc,age       ] GC(38) - age   6:       1872 bytes,     630504 total
[2019-12-11T08:39:38.195+0000][1][gc,heap      ] GC(38) ParNew: 70603K->626K(78656K)
[2019-12-11T08:39:38.195+0000][1][gc,heap      ] GC(38) CMS: 71343K->71346K(174784K)
[2019-12-11T08:39:38.195+0000][1][gc,metaspace ] GC(38) Metaspace: 75424K->75424K(1118208K)
[2019-12-11T08:39:38.195+0000][1][gc           ] GC(38) Pause Young (Allocation Failure) 138M->70M(247M) 17.208ms
[2019-12-11T08:39:38.195+0000][1][gc,cpu       ] GC(38) User=0.00s Sys=0.00s Real=0.02s
[2019-12-11T08:39:38.195+0000][1][safepoint    ] Leaving safepoint region
[2019-12-11T08:39:38.195+0000][1][safepoint    ] Total time for which application threads were stopped: 0.0174620 seconds, Stopping threads took: 0.0000639 seconds
[2019-12-11T08:39:39.196+0000][1][safepoint    ] Application time: 1.0004445 seconds
[2019-12-11T08:39:39.196+0000][1][safepoint    ] Entering safepoint region: Cleanup
[2019-12-11T08:39:39.196+0000][1][safepoint    ] Leaving safepoint region
[2019-12-11T08:39:39.196+0000][1][safepoint    ] Total time for which application threads were stopped: 0.0001214 seconds, Stopping threads took: 0.0000269 seconds
[2019-12-11T08:39:40.201+0000][1][safepoint    ] Application time: 1.0048538 seconds
[2019-12-11T08:39:40.201+0000][1][safepoint    ] Entering safepoint region: Cleanup
[2019-12-11T08:39:40.201+0000][1][safepoint    ] Leaving safepoint region
[2019-12-11T08:39:40.201+0000][1][safepoint    ] Total time for which application threads were stopped: 0.0001257 seconds, Stopping threads took: 0.0000306 seconds
[2019-12-11T08:39:42.206+0000][1][safepoint    ] Application time: 2.0047909 seconds
[2019-12-11T08:39:42.206+0000][1][safepoint    ] Entering safepoint region: Cleanup
[2019-12-11T08:39:42.206+0000][1][safepoint    ] Leaving safepoint region
[2019-12-11T08:39:42.206+0000][1][safepoint    ] Total time for which application threads were stopped: 0.0001192 seconds, Stopping threads took: 0.0000251 seconds
[2019-12-11T08:39:45.209+0000][1][safepoint    ] Application time: 3.0028386 seconds
[2019-12-11T08:39:45.209+0000][1][safepoint    ] Entering safepoint region: Cleanup
[2019-12-11T08:39:45.209+0000][1][safepoint    ] Leaving safepoint region
[2019-12-11T08:39:45.209+0000][1][safepoint    ] Total time for which application threads were stopped: 0.0001299 seconds, Stopping threads took: 0.0000289 seconds
[2019-12-11T08:39:49.214+0000][1][safepoint    ] Application time: 4.0048048 seconds
[2019-12-11T08:39:49.214+0000][1][safepoint    ] Entering safepoint region: Cleanup
[2019-12-11T08:39:49.214+0000][1][safepoint    ] Leaving safepoint region
[2019-12-11T08:39:49.214+0000][1][safepoint    ] Total time for which application threads were stopped: 0.0001219 seconds, Stopping threads took: 0.0000255 seconds
[2019-12-11T08:39:51.217+0000][1][safepoint    ] Application time: 2.0028805 seconds
[2019-12-11T08:39:51.217+0000][1][safepoint    ] Entering safepoint region: Cleanup
[2019-12-11T08:39:51.217+0000][1][safepoint    ] Leaving safepoint region
[2019-12-11T08:39:51.217+0000][1][safepoint    ] Total time for which application threads were stopped: 0.0001292 seconds, Stopping threads took: 0.0000278 seconds
[2019-12-11T08:39:57.233+0000][1][safepoint    ] Application time: 6.0159108 seconds
[2019-12-11T08:39:57.233+0000][1][safepoint    ] Entering safepoint region: Cleanup
[2019-12-11T08:39:57.233+0000][1][safepoint    ] Leaving safepoint region
[2019-12-11T08:39:57.233+0000][1][safepoint    ] Total time for which application threads were stopped: 0.0001262 seconds, Stopping threads took: 0.0000297 seconds
[2019-12-11T08:39:58.233+0000][1][safepoint    ] Application time: 1.0000786 seconds
[2019-12-11T08:39:58.233+0000][1][safepoint    ] Entering safepoint region: Cleanup
[2019-12-11T08:39:58.233+0000][1][safepoint    ] Leaving safepoint region
[2019-12-11T08:39:58.233+0000][1][safepoint    ] Total time for which application threads were stopped: 0.0000921 seconds, Stopping threads took: 0.0000205 seconds
[2019-12-11T08:40:00.239+0000][1][safepoint    ] Application time: 2.0055427 seconds
[2019-12-11T08:40:00.239+0000][1][safepoint    ] Entering safepoint region: Cleanup
[2019-12-11T08:40:00.239+0000][1][safepoint    ] Leaving safepoint region
[2019-12-11T08:40:00.239+0000][1][safepoint    ] Total time for which application threads were stopped: 0.0001444 seconds, Stopping threads took: 0.0000401 seconds
[2019-12-11T08:40:03.249+0000][1][safepoint    ] Application time: 3.0097960 seconds
[2019-12-11T08:40:03.249+0000][1][safepoint    ] Entering safepoint region: Cleanup
[2019-12-11T08:40:03.249+0000][1][safepoint    ] Leaving safepoint region
[2019-12-11T08:40:03.249+0000][1][safepoint    ] Total time for which application threads were stopped: 0.0001278 seconds, Stopping threads took: 0.0000291 seconds
[2019-12-11T08:40:05.252+0000][1][safepoint    ] Application time: 2.0028926 seconds
[2019-12-11T08:40:05.252+0000][1][safepoint    ] Entering safepoint region: Cleanup
[2019-12-11T08:40:05.252+0000][1][safepoint    ] Leaving safepoint region
[2019-12-11T08:40:05.252+0000][1][safepoint    ] Total time for which application threads were stopped: 0.0001358 seconds, Stopping threads took: 0.0000291 seconds
[2019-12-11T08:40:06.252+0000][1][safepoint    ] Application time: 1.0003711 seconds
[2019-12-11T08:40:06.253+0000][1][safepoint    ] Entering safepoint region: Cleanup
[2019-12-11T08:40:06.253+0000][1][safepoint    ] Leaving safepoint region
[2019-12-11T08:40:06.253+0000][1][safepoint    ] Total time for which application threads were stopped: 0.0001261 seconds, Stopping threads took: 0.0000270 seconds
[2019-12-11T08:40:08.256+0000][1][safepoint    ] Application time: 2.0031025 seconds
[2019-12-11T08:40:08.256+0000][1][safepoint    ] Entering safepoint region: Cleanup
[2019-12-11T08:40:08.256+0000][1][safepoint    ] Leaving safepoint region
[2019-12-11T08:40:08.256+0000][1][safepoint    ] Total time for which application threads were stopped: 0.0001285 seconds, Stopping threads took: 0.0000289 seconds
[2019-12-11T08:40:14.266+0000][1][safepoint    ] Application time: 6.0098291 seconds
[2019-12-11T08:40:14.266+0000][1][safepoint    ] Entering safepoint region: Cleanup
[2019-12-11T08:40:14.266+0000][1][safepoint    ] Leaving safepoint region
[2019-12-11T08:40:14.266+0000][1][safepoint    ] Total time for which application threads were stopped: 0.0001371 seconds, Stopping threads took: 0.0000289 seconds
[2019-12-11T08:40:19.141+0000][1][safepoint    ] Application time: 4.8752023 seconds
[2019-12-11T08:40:19.141+0000][1][safepoint    ] Entering safepoint region: GenCollectForAllocation
[2019-12-11T08:40:19.141+0000][1][gc,start     ] GC(39) Pause Young (Allocation Failure)
[2019-12-11T08:40:19.141+0000][1][gc,task      ] GC(39) Using 2 workers of 2 for evacuation
[2019-12-11T08:40:19.146+0000][1][gc,age       ] GC(39) Desired survivor size 4456448 bytes, new threshold 6 (max threshold 6)
[2019-12-11T08:40:19.146+0000][1][gc,age       ] GC(39) Age table with threshold 6 (max threshold 6)
[2019-12-11T08:40:19.146+0000][1][gc,age       ] GC(39) - age   1:     954064 bytes,     954064 total
[2019-12-11T08:40:19.146+0000][1][gc,age       ] GC(39) - age   2:       2456 bytes,     956520 total
[2019-12-11T08:40:19.146+0000][1][gc,age       ] GC(39) - age   3:        968 bytes,     957488 total
[2019-12-11T08:40:19.146+0000][1][gc,age       ] GC(39) - age   4:       1904 bytes,     959392 total
[2019-12-11T08:40:19.146+0000][1][gc,age       ] GC(39) - age   5:       1184 bytes,     960576 total
[2019-12-11T08:40:19.146+0000][1][gc,age       ] GC(39) - age   6:       4000 bytes,     964576 total
[2019-12-11T08:40:19.146+0000][1][gc,heap      ] GC(39) ParNew: 70578K->980K(78656K)
[2019-12-11T08:40:19.146+0000][1][gc,heap      ] GC(39) CMS: 71346K->71348K(174784K)
[2019-12-11T08:40:19.146+0000][1][gc,metaspace ] GC(39) Metaspace: 75477K->75477K(1118208K)
[2019-12-11T08:40:19.146+0000][1][gc           ] GC(39) Pause Young (Allocation Failure) 138M->70M(247M) 4.553ms
[2019-12-11T08:40:19.146+0000][1][gc,cpu       ] GC(39) User=0.00s Sys=0.00s Real=0.01s
[2019-12-11T08:40:19.146+0000][1][safepoint    ] Leaving safepoint region
[2019-12-11T08:40:19.146+0000][1][safepoint    ] Total time for which application threads were stopped: 0.0047646 seconds, Stopping threads took: 0.0000243 seconds
[2019-12-11T08:40:21.149+0000][1][safepoint    ] Application time: 2.0027244 seconds
[2019-12-11T08:40:21.149+0000][1][safepoint    ] Entering safepoint region: Cleanup
[2019-12-11T08:40:21.149+0000][1][safepoint    ] Leaving safepoint region
[2019-12-11T08:40:21.149+0000][1][safepoint    ] Total time for which application threads were stopped: 0.0001215 seconds, Stopping threads took: 0.0000275 seconds
[2019-12-11T08:40:22.152+0000][1][safepoint    ] Application time: 1.0028610 seconds
[2019-12-11T08:40:22.152+0000][1][safepoint    ] Entering safepoint region: Cleanup
[2019-12-11T08:40:22.152+0000][1][safepoint    ] Leaving safepoint region
[2019-12-11T08:40:22.152+0000][1][safepoint    ] Total time for which application threads were stopped: 0.0001294 seconds, Stopping threads took: 0.0000290 seconds
[2019-12-11T08:40:23.153+0000][1][safepoint    ] Application time: 1.0011473 seconds
[2019-12-11T08:40:23.153+0000][1][safepoint    ] Entering safepoint region: Cleanup
[2019-12-11T08:40:23.153+0000][1][safepoint    ] Leaving safepoint region
[2019-12-11T08:40:23.153+0000][1][safepoint    ] Total time for which application threads were stopped: 0.0001300 seconds, Stopping threads took: 0.0000278 seconds
[2019-12-11T08:40:24.155+0000][1][safepoint    ] Application time: 1.0014354 seconds
[2019-12-11T08:40:24.155+0000][1][safepoint    ] Entering safepoint region: Cleanup
[2019-12-11T08:40:24.155+0000][1][safepoint    ] Leaving safepoint region
[2019-12-11T08:40:24.155+0000][1][safepoint    ] Total time for which application threads were stopped: 0.0001193 seconds, Stopping threads took: 0.0000278 seconds
[2019-12-11T08:40:30.164+0000][1][safepoint    ] Application time: 6.0089966 seconds
[2019-12-11T08:40:30.164+0000][1][safepoint    ] Entering safepoint region: Cleanup
[2019-12-11T08:40:30.164+0000][1][safepoint    ] Leaving safepoint region
[2019-12-11T08:40:30.164+0000][1][safepoint    ] Total time for which application threads were stopped: 0.0001327 seconds, Stopping threads took: 0.0000350 seconds
[2019-12-11T08:40:33.172+0000][1][safepoint    ] Application time: 3.0076414 seconds
[2019-12-11T08:40:33.172+0000][1][safepoint    ] Entering safepoint region: Cleanup
[2019-12-11T08:40:33.172+0000][1][safepoint    ] Leaving safepoint region
[2019-12-11T08:40:33.172+0000][1][safepoint    ] Total time for which application threads were stopped: 0.0001269 seconds, Stopping threads took: 0.0000295 seconds
[2019-12-11T08:40:44.188+0000][1][safepoint    ] Application time: 11.0158470 seconds
[2019-12-11T08:40:44.188+0000][1][safepoint    ] Entering safepoint region: Cleanup
[2019-12-11T08:40:44.188+0000][1][safepoint    ] Leaving safepoint region
[2019-12-11T08:40:44.188+0000][1][safepoint    ] Total time for which application threads were stopped: 0.0001361 seconds, Stopping threads took: 0.0000287 seconds
[2019-12-11T08:40:47.194+0000][1][safepoint    ] Application time: 3.0058405 seconds
[2019-12-11T08:40:47.194+0000][1][safepoint    ] Entering safepoint region: Cleanup
[2019-12-11T08:40:47.194+0000][1][safepoint    ] Leaving safepoint region
[2019-12-11T08:40:47.194+0000][1][safepoint    ] Total time for which application threads were stopped: 0.0001194 seconds, Stopping threads took: 0.0000279 seconds
[2019-12-11T08:40:48.194+0000][1][safepoint    ] Application time: 1.0000904 seconds
[2019-12-11T08:40:48.194+0000][1][safepoint    ] Entering safepoint region: Cleanup
[2019-12-11T08:40:48.194+0000][1][safepoint    ] Leaving safepoint region
[2019-12-11T08:40:48.194+0000][1][safepoint    ] Total time for which application threads were stopped: 0.0001255 seconds, Stopping threads took: 0.0000293 seconds
[2019-12-11T08:40:50.195+0000][1][safepoint    ] Application time: 2.0004625 seconds
[2019-12-11T08:40:50.195+0000][1][safepoint    ] Entering safepoint region: Cleanup
[2019-12-11T08:40:50.195+0000][1][safepoint    ] Leaving safepoint region
[2019-12-11T08:40:50.195+0000][1][safepoint    ] Total time for which application threads were stopped: 0.0001282 seconds, Stopping threads took: 0.0000305 seconds
[2019-12-11T08:40:57.210+0000][1][safepoint    ] Application time: 7.0153393 seconds
[2019-12-11T08:40:57.210+0000][1][safepoint    ] Entering safepoint region: Cleanup
[2019-12-11T08:40:57.210+0000][1][safepoint    ] Leaving safepoint region
[2019-12-11T08:40:57.210+0000][1][safepoint    ] Total time for which application threads were stopped: 0.0001324 seconds, Stopping threads took: 0.0000289 seconds
[2019-12-11T08:40:58.211+0000][1][safepoint    ] Application time: 1.0003415 seconds
[2019-12-11T08:40:58.211+0000][1][safepoint    ] Entering safepoint region: Cleanup
[2019-12-11T08:40:58.211+0000][1][safepoint    ] Leaving safepoint region
[2019-12-11T08:40:58.211+0000][1][safepoint    ] Total time for which application threads were stopped: 0.0001253 seconds, Stopping threads took: 0.0000264 seconds
[2019-12-11T08:40:59.940+0000][1][safepoint    ] Application time: 1.7287647 seconds
[2019-12-11T08:40:59.940+0000][1][safepoint    ] Entering safepoint region: GenCollectForAllocation
[2019-12-11T08:40:59.940+0000][1][gc,start     ] GC(40) Pause Young (Allocation Failure)
[2019-12-11T08:40:59.940+0000][1][gc,task      ] GC(40) Using 2 workers of 2 for evacuation
[2019-12-11T08:40:59.953+0000][1][gc,age       ] GC(40) Desired survivor size 4456448 bytes, new threshold 6 (max threshold 6)
[2019-12-11T08:40:59.953+0000][1][gc,age       ] GC(40) Age table with threshold 6 (max threshold 6)
[2019-12-11T08:40:59.953+0000][1][gc,age       ] GC(40) - age   1:     764120 bytes,     764120 total
[2019-12-11T08:40:59.953+0000][1][gc,age       ] GC(40) - age   2:       2520 bytes,     766640 total
[2019-12-11T08:40:59.953+0000][1][gc,age       ] GC(40) - age   3:       2096 bytes,     768736 total
[2019-12-11T08:40:59.953+0000][1][gc,age       ] GC(40) - age   4:        968 bytes,     769704 total
[2019-12-11T08:40:59.953+0000][1][gc,age       ] GC(40) - age   5:       1904 bytes,     771608 total
[2019-12-11T08:40:59.953+0000][1][gc,age       ] GC(40) - age   6:       1184 bytes,     772792 total
[2019-12-11T08:40:59.953+0000][1][gc,heap      ] GC(40) ParNew: 70932K->845K(78656K)
[2019-12-11T08:40:59.953+0000][1][gc,heap      ] GC(40) CMS: 71348K->71352K(174784K)
[2019-12-11T08:40:59.953+0000][1][gc,metaspace ] GC(40) Metaspace: 75512K->75512K(1118208K)
[2019-12-11T08:40:59.953+0000][1][gc           ] GC(40) Pause Young (Allocation Failure) 138M->70M(247M) 13.251ms
[2019-12-11T08:40:59.953+0000][1][gc,cpu       ] GC(40) User=0.01s Sys=0.00s Real=0.01s
[2019-12-11T08:40:59.953+0000][1][safepoint    ] Leaving safepoint region
[2019-12-11T08:40:59.953+0000][1][safepoint    ] Total time for which application threads were stopped: 0.0134958 seconds, Stopping threads took: 0.0000270 seconds
[2019-12-11T08:41:00.955+0000][1][safepoint    ] Application time: 1.0014978 seconds
[2019-12-11T08:41:00.955+0000][1][safepoint    ] Entering safepoint region: Cleanup
[2019-12-11T08:41:00.955+0000][1][safepoint    ] Leaving safepoint region
[2019-12-11T08:41:00.955+0000][1][safepoint    ] Total time for which application threads were stopped: 0.0001384 seconds, Stopping threads took: 0.0000313 seconds
[2019-12-11T08:41:02.961+0000][1][safepoint    ] Application time: 2.0058016 seconds
[2019-12-11T08:41:02.961+0000][1][safepoint    ] Entering safepoint region: Cleanup
[2019-12-11T08:41:02.961+0000][1][safepoint    ] Leaving safepoint region
[2019-12-11T08:41:02.961+0000][1][safepoint    ] Total time for which application threads were stopped: 0.0001520 seconds, Stopping threads took: 0.0000415 seconds
[2019-12-11T08:41:05.965+0000][1][safepoint    ] Application time: 3.0038277 seconds
[2019-12-11T08:41:05.965+0000][1][safepoint    ] Entering safepoint region: Cleanup
[2019-12-11T08:41:05.965+0000][1][safepoint    ] Leaving safepoint region
[2019-12-11T08:41:05.965+0000][1][safepoint    ] Total time for which application threads were stopped: 0.0001168 seconds, Stopping threads took: 0.0000296 seconds
[2019-12-11T08:41:07.968+0000][1][safepoint    ] Application time: 2.0027474 seconds
[2019-12-11T08:41:07.968+0000][1][safepoint    ] Entering safepoint region: Cleanup
[2019-12-11T08:41:07.968+0000][1][safepoint    ] Leaving safepoint region
[2019-12-11T08:41:07.968+0000][1][safepoint    ] Total time for which application threads were stopped: 0.0001295 seconds, Stopping threads took: 0.0000297 seconds
[2019-12-11T08:41:17.988+0000][1][safepoint    ] Application time: 10.0198257 seconds
[2019-12-11T08:41:17.988+0000][1][safepoint    ] Entering safepoint region: Cleanup
[2019-12-11T08:41:17.988+0000][1][safepoint    ] Leaving safepoint region
[2019-12-11T08:41:17.988+0000][1][safepoint    ] Total time for which application threads were stopped: 0.0001386 seconds, Stopping threads took: 0.0000292 seconds
[2019-12-11T08:41:18.995+0000][1][safepoint    ] Application time: 1.0067832 seconds
[2019-12-11T08:41:18.995+0000][1][safepoint    ] Entering safepoint region: Cleanup
[2019-12-11T08:41:18.995+0000][1][safepoint    ] Leaving safepoint region
[2019-12-11T08:41:18.995+0000][1][safepoint    ] Total time for which application threads were stopped: 0.0001177 seconds, Stopping threads took: 0.0000263 seconds
[2019-12-11T08:41:19.997+0000][1][safepoint    ] Application time: 1.0018360 seconds
[2019-12-11T08:41:19.997+0000][1][safepoint    ] Entering safepoint region: Cleanup
[2019-12-11T08:41:19.997+0000][1][safepoint    ] Leaving safepoint region
[2019-12-11T08:41:19.997+0000][1][safepoint    ] Total time for which application threads were stopped: 0.0001657 seconds, Stopping threads took: 0.0000334 seconds
[2019-12-11T08:41:20.999+0000][1][safepoint    ] Application time: 1.0017731 seconds
[2019-12-11T08:41:20.999+0000][1][safepoint    ] Entering safepoint region: Cleanup
[2019-12-11T08:41:20.999+0000][1][safepoint    ] Leaving safepoint region
[2019-12-11T08:41:20.999+0000][1][safepoint    ] Total time for which application threads were stopped: 0.0001370 seconds, Stopping threads took: 0.0000374 seconds
[2019-12-11T08:41:23.005+0000][1][safepoint    ] Application time: 2.0061904 seconds
[2019-12-11T08:41:23.005+0000][1][safepoint    ] Entering safepoint region: Cleanup
[2019-12-11T08:41:23.005+0000][1][safepoint    ] Leaving safepoint region
[2019-12-11T08:41:23.005+0000][1][safepoint    ] Total time for which application threads were stopped: 0.0001221 seconds, Stopping threads took: 0.0000258 seconds
[2019-12-11T08:41:24.007+0000][1][safepoint    ] Application time: 1.0014934 seconds
[2019-12-11T08:41:24.007+0000][1][safepoint    ] Entering safepoint region: Cleanup
[2019-12-11T08:41:24.007+0000][1][safepoint    ] Leaving safepoint region
[2019-12-11T08:41:24.007+0000][1][safepoint    ] Total time for which application threads were stopped: 0.0001134 seconds, Stopping threads took: 0.0000261 seconds
[2019-12-11T08:41:25.010+0000][1][safepoint    ] Application time: 1.0027712 seconds
[2019-12-11T08:41:25.010+0000][1][safepoint    ] Entering safepoint region: Cleanup
[2019-12-11T08:41:25.010+0000][1][safepoint    ] Leaving safepoint region
[2019-12-11T08:41:25.010+0000][1][safepoint    ] Total time for which application threads were stopped: 0.0001244 seconds, Stopping threads took: 0.0000286 seconds
[2019-12-11T08:41:26.013+0000][1][safepoint    ] Application time: 1.0028477 seconds
[2019-12-11T08:41:26.013+0000][1][safepoint    ] Entering safepoint region: Cleanup
[2019-12-11T08:41:26.013+0000][1][safepoint    ] Leaving safepoint region
[2019-12-11T08:41:26.013+0000][1][safepoint    ] Total time for which application threads were stopped: 0.0001101 seconds, Stopping threads took: 0.0000256 seconds
[2019-12-11T08:41:27.017+0000][1][safepoint    ] Application time: 1.0038019 seconds
[2019-12-11T08:41:27.017+0000][1][safepoint    ] Entering safepoint region: Cleanup
[2019-12-11T08:41:27.017+0000][1][safepoint    ] Leaving safepoint region
[2019-12-11T08:41:27.017+0000][1][safepoint    ] Total time for which application threads were stopped: 0.0001230 seconds, Stopping threads took: 0.0000301 seconds
[2019-12-11T08:41:28.019+0000][1][safepoint    ] Application time: 1.0018195 seconds
[2019-12-11T08:41:28.019+0000][1][safepoint    ] Entering safepoint region: Cleanup
[2019-12-11T08:41:28.019+0000][1][safepoint    ] Leaving safepoint region
[2019-12-11T08:41:28.019+0000][1][safepoint    ] Total time for which application threads were stopped: 0.0001455 seconds, Stopping threads took: 0.0000437 seconds
[2019-12-11T08:41:29.025+0000][1][safepoint    ] Application time: 1.0058292 seconds
[2019-12-11T08:41:29.025+0000][1][safepoint    ] Entering safepoint region: Cleanup
[2019-12-11T08:41:29.025+0000][1][safepoint    ] Leaving safepoint region
[2019-12-11T08:41:29.025+0000][1][safepoint    ] Total time for which application threads were stopped: 0.0001213 seconds, Stopping threads took: 0.0000294 seconds
[2019-12-11T08:41:30.027+0000][1][safepoint    ] Application time: 1.0017787 seconds
[2019-12-11T08:41:30.027+0000][1][safepoint    ] Entering safepoint region: Cleanup
[2019-12-11T08:41:30.027+0000][1][safepoint    ] Leaving safepoint region
[2019-12-11T08:41:30.027+0000][1][safepoint    ] Total time for which application threads were stopped: 0.0001413 seconds, Stopping threads took: 0.0000294 seconds
[2019-12-11T08:41:31.033+0000][1][safepoint    ] Application time: 1.0058657 seconds
[2019-12-11T08:41:31.033+0000][1][safepoint    ] Entering safepoint region: Cleanup
[2019-12-11T08:41:31.033+0000][1][safepoint    ] Leaving safepoint region
[2019-12-11T08:41:31.033+0000][1][safepoint    ] Total time for which application threads were stopped: 0.0001217 seconds, Stopping threads took: 0.0000304 seconds
[2019-12-11T08:41:32.034+0000][1][safepoint    ] Application time: 1.0007415 seconds
[2019-12-11T08:41:32.034+0000][1][safepoint    ] Entering safepoint region: Cleanup
[2019-12-11T08:41:32.034+0000][1][safepoint    ] Leaving safepoint region
[2019-12-11T08:41:32.034+0000][1][safepoint    ] Total time for which application threads were stopped: 0.0001226 seconds, Stopping threads took: 0.0000288 seconds
[2019-12-11T08:41:33.035+0000][1][safepoint    ] Application time: 1.0008318 seconds
[2019-12-11T08:41:33.035+0000][1][safepoint    ] Entering safepoint region: Cleanup
[2019-12-11T08:41:33.035+0000][1][safepoint    ] Leaving safepoint region
[2019-12-11T08:41:33.035+0000][1][safepoint    ] Total time for which application threads were stopped: 0.0001189 seconds, Stopping threads took: 0.0000282 seconds
[2019-12-11T08:41:34.035+0000][1][safepoint    ] Application time: 1.0005427 seconds
[2019-12-11T08:41:34.036+0000][1][safepoint    ] Entering safepoint region: Cleanup
[2019-12-11T08:41:34.036+0000][1][safepoint    ] Leaving safepoint region
[2019-12-11T08:41:34.036+0000][1][safepoint    ] Total time for which application threads were stopped: 0.0001220 seconds, Stopping threads took: 0.0000353 seconds
[2019-12-11T08:41:35.036+0000][1][safepoint    ] Application time: 1.0000981 seconds
[2019-12-11T08:41:35.036+0000][1][safepoint    ] Entering safepoint region: Cleanup
[2019-12-11T08:41:35.036+0000][1][safepoint    ] Leaving safepoint region
[2019-12-11T08:41:35.036+0000][1][safepoint    ] Total time for which application threads were stopped: 0.0001091 seconds, Stopping threads took: 0.0000253 seconds
[2019-12-11T08:41:36.038+0000][1][safepoint    ] Application time: 1.0019646 seconds
[2019-12-11T08:41:36.038+0000][1][safepoint    ] Entering safepoint region: Cleanup
[2019-12-11T08:41:36.038+0000][1][safepoint    ] Leaving safepoint region
[2019-12-11T08:41:36.038+0000][1][safepoint    ] Total time for which application threads were stopped: 0.0001165 seconds, Stopping threads took: 0.0000255 seconds
[2019-12-11T08:41:37.040+0000][1][safepoint    ] Application time: 1.0019995 seconds
[2019-12-11T08:41:37.040+0000][1][safepoint    ] Entering safepoint region: Cleanup
[2019-12-11T08:41:37.040+0000][1][safepoint    ] Leaving safepoint region
[2019-12-11T08:41:37.040+0000][1][safepoint    ] Total time for which application threads were stopped: 0.0001191 seconds, Stopping threads took: 0.0000252 seconds
[2019-12-11T08:41:38.041+0000][1][safepoint    ] Application time: 1.0007943 seconds
[2019-12-11T08:41:38.041+0000][1][safepoint    ] Entering safepoint region: Cleanup
[2019-12-11T08:41:38.041+0000][1][safepoint    ] Leaving safepoint region
[2019-12-11T08:41:38.041+0000][1][safepoint    ] Total time for which application threads were stopped: 0.0001031 seconds, Stopping threads took: 0.0000230 seconds
[2019-12-11T08:41:39.043+0000][1][safepoint    ] Application time: 1.0018866 seconds
[2019-12-11T08:41:39.043+0000][1][safepoint    ] Entering safepoint region: Cleanup
[2019-12-11T08:41:39.043+0000][1][safepoint    ] Leaving safepoint region
[2019-12-11T08:41:39.043+0000][1][safepoint    ] Total time for which application threads were stopped: 0.0001164 seconds, Stopping threads took: 0.0000260 seconds
[2019-12-11T08:41:39.805+0000][1][safepoint    ] Application time: 0.7616110 seconds
[2019-12-11T08:41:39.805+0000][1][safepoint    ] Entering safepoint region: GenCollectForAllocation
[2019-12-11T08:41:39.805+0000][1][gc,start     ] GC(41) Pause Young (Allocation Failure)
[2019-12-11T08:41:39.805+0000][1][gc,task      ] GC(41) Using 2 workers of 2 for evacuation
[2019-12-11T08:41:39.813+0000][1][gc,age       ] GC(41) Desired survivor size 4456448 bytes, new threshold 6 (max threshold 6)
[2019-12-11T08:41:39.813+0000][1][gc,age       ] GC(41) Age table with threshold 6 (max threshold 6)
[2019-12-11T08:41:39.813+0000][1][gc,age       ] GC(41) - age   1:     715896 bytes,     715896 total
[2019-12-11T08:41:39.813+0000][1][gc,age       ] GC(41) - age   2:        608 bytes,     716504 total
[2019-12-11T08:41:39.813+0000][1][gc,age       ] GC(41) - age   3:       2520 bytes,     719024 total
[2019-12-11T08:41:39.813+0000][1][gc,age       ] GC(41) - age   4:       2096 bytes,     721120 total
[2019-12-11T08:41:39.813+0000][1][gc,age       ] GC(41) - age   5:        968 bytes,     722088 total
[2019-12-11T08:41:39.813+0000][1][gc,age       ] GC(41) - age   6:       1904 bytes,     723992 total
[2019-12-11T08:41:39.813+0000][1][gc,heap      ] GC(41) ParNew: 70797K->713K(78656K)
[2019-12-11T08:41:39.813+0000][1][gc,heap      ] GC(41) CMS: 71352K->71353K(174784K)
[2019-12-11T08:41:39.813+0000][1][gc,metaspace ] GC(41) Metaspace: 75527K->75527K(1118208K)
[2019-12-11T08:41:39.813+0000][1][gc           ] GC(41) Pause Young (Allocation Failure) 138M->70M(247M) 8.261ms
[2019-12-11T08:41:39.813+0000][1][gc,cpu       ] GC(41) User=0.00s Sys=0.00s Real=0.00s
[2019-12-11T08:41:39.813+0000][1][safepoint    ] Leaving safepoint region
[2019-12-11T08:41:39.813+0000][1][safepoint    ] Total time for which application threads were stopped: 0.0084575 seconds, Stopping threads took: 0.0000234 seconds
[2019-12-11T08:41:40.814+0000][1][safepoint    ] Application time: 1.0004604 seconds
[2019-12-11T08:41:40.814+0000][1][safepoint    ] Entering safepoint region: Cleanup
[2019-12-11T08:41:40.814+0000][1][safepoint    ] Leaving safepoint region
[2019-12-11T08:41:40.814+0000][1][safepoint    ] Total time for which application threads were stopped: 0.0001099 seconds, Stopping threads took: 0.0000266 seconds
[2019-12-11T08:41:41.815+0000][1][safepoint    ] Application time: 1.0008439 seconds
[2019-12-11T08:41:41.815+0000][1][safepoint    ] Entering safepoint region: Cleanup
[2019-12-11T08:41:41.815+0000][1][safepoint    ] Leaving safepoint region
[2019-12-11T08:41:41.815+0000][1][safepoint    ] Total time for which application threads were stopped: 0.0001151 seconds, Stopping threads took: 0.0000272 seconds
[2019-12-11T08:41:42.816+0000][1][safepoint    ] Application time: 1.0008343 seconds
[2019-12-11T08:41:42.816+0000][1][safepoint    ] Entering safepoint region: Cleanup
[2019-12-11T08:41:42.816+0000][1][safepoint    ] Leaving safepoint region
[2019-12-11T08:41:42.816+0000][1][safepoint    ] Total time for which application threads were stopped: 0.0001242 seconds, Stopping threads took: 0.0000280 seconds
[2019-12-11T08:41:43.819+0000][1][safepoint    ] Application time: 1.0027960 seconds
[2019-12-11T08:41:43.819+0000][1][safepoint    ] Entering safepoint region: Cleanup
[2019-12-11T08:41:43.819+0000][1][safepoint    ] Leaving safepoint region
[2019-12-11T08:41:43.819+0000][1][safepoint    ] Total time for which application threads were stopped: 0.0001298 seconds, Stopping threads took: 0.0000309 seconds
[2019-12-11T08:41:44.823+0000][1][safepoint    ] Application time: 1.0038136 seconds
[2019-12-11T08:41:44.823+0000][1][safepoint    ] Entering safepoint region: Cleanup
[2019-12-11T08:41:44.823+0000][1][safepoint    ] Leaving safepoint region
[2019-12-11T08:41:44.823+0000][1][safepoint    ] Total time for which application threads were stopped: 0.0001143 seconds, Stopping threads took: 0.0000263 seconds
[2019-12-11T08:41:45.823+0000][1][safepoint    ] Application time: 1.0000849 seconds
[2019-12-11T08:41:45.823+0000][1][safepoint    ] Entering safepoint region: Cleanup
[2019-12-11T08:41:45.823+0000][1][safepoint    ] Leaving safepoint region
[2019-12-11T08:41:45.823+0000][1][safepoint    ] Total time for which application threads were stopped: 0.0001279 seconds, Stopping threads took: 0.0000281 seconds
[2019-12-11T08:41:46.824+0000][1][safepoint    ] Application time: 1.0005635 seconds
[2019-12-11T08:41:46.824+0000][1][safepoint    ] Entering safepoint region: Cleanup
[2019-12-11T08:41:46.824+0000][1][safepoint    ] Leaving safepoint region
[2019-12-11T08:41:46.824+0000][1][safepoint    ] Total time for which application threads were stopped: 0.0001230 seconds, Stopping threads took: 0.0000302 seconds
[2019-12-11T08:41:47.827+0000][1][safepoint    ] Application time: 1.0028557 seconds
[2019-12-11T08:41:47.827+0000][1][safepoint    ] Entering safepoint region: Cleanup
[2019-12-11T08:41:47.827+0000][1][safepoint    ] Leaving safepoint region
[2019-12-11T08:41:47.827+0000][1][safepoint    ] Total time for which application threads were stopped: 0.0001204 seconds, Stopping threads took: 0.0000285 seconds
[2019-12-11T08:41:48.832+0000][1][safepoint    ] Application time: 1.0048061 seconds
[2019-12-11T08:41:48.832+0000][1][safepoint    ] Entering safepoint region: Cleanup
[2019-12-11T08:41:48.832+0000][1][safepoint    ] Leaving safepoint region
[2019-12-11T08:41:48.832+0000][1][safepoint    ] Total time for which application threads were stopped: 0.0001261 seconds, Stopping threads took: 0.0000305 seconds
[2019-12-11T08:41:49.835+0000][1][safepoint    ] Application time: 1.0027763 seconds
[2019-12-11T08:41:49.835+0000][1][safepoint    ] Entering safepoint region: Cleanup
[2019-12-11T08:41:49.835+0000][1][safepoint    ] Leaving safepoint region
[2019-12-11T08:41:49.835+0000][1][safepoint    ] Total time for which application threads were stopped: 0.0001198 seconds, Stopping threads took: 0.0000338 seconds
[2019-12-11T08:41:50.836+0000][1][safepoint    ] Application time: 1.0008287 seconds
[2019-12-11T08:41:50.836+0000][1][safepoint    ] Entering safepoint region: Cleanup
[2019-12-11T08:41:50.836+0000][1][safepoint    ] Leaving safepoint region
[2019-12-11T08:41:50.836+0000][1][safepoint    ] Total time for which application threads were stopped: 0.0001200 seconds, Stopping threads took: 0.0000259 seconds
[2019-12-11T08:41:51.838+0000][1][safepoint    ] Application time: 1.0019682 seconds
[2019-12-11T08:41:51.838+0000][1][safepoint    ] Entering safepoint region: Cleanup
[2019-12-11T08:41:51.838+0000][1][safepoint    ] Leaving safepoint region
[2019-12-11T08:41:51.838+0000][1][safepoint    ] Total time for which application threads were stopped: 0.0001113 seconds, Stopping threads took: 0.0000256 seconds
[2019-12-11T08:41:52.841+0000][1][safepoint    ] Application time: 1.0026817 seconds
[2019-12-11T08:41:52.841+0000][1][safepoint    ] Entering safepoint region: Cleanup
[2019-12-11T08:41:52.841+0000][1][safepoint    ] Leaving safepoint region
[2019-12-11T08:41:52.841+0000][1][safepoint    ] Total time for which application threads were stopped: 0.0001142 seconds, Stopping threads took: 0.0000271 seconds
[2019-12-11T08:41:53.843+0000][1][safepoint    ] Application time: 1.0018489 seconds
[2019-12-11T08:41:53.843+0000][1][safepoint    ] Entering safepoint region: Cleanup
[2019-12-11T08:41:53.843+0000][1][safepoint    ] Leaving safepoint region
[2019-12-11T08:41:53.843+0000][1][safepoint    ] Total time for which application threads were stopped: 0.0001287 seconds, Stopping threads took: 0.0000287 seconds
[2019-12-11T08:41:54.846+0000][1][safepoint    ] Application time: 1.0028035 seconds
[2019-12-11T08:41:54.846+0000][1][safepoint    ] Entering safepoint region: Cleanup
[2019-12-11T08:41:54.846+0000][1][safepoint    ] Leaving safepoint region
[2019-12-11T08:41:54.846+0000][1][safepoint    ] Total time for which application threads were stopped: 0.0001217 seconds, Stopping threads took: 0.0000278 seconds
[2019-12-11T08:41:55.848+0000][1][safepoint    ] Application time: 1.0018151 seconds
[2019-12-11T08:41:55.848+0000][1][safepoint    ] Entering safepoint region: Cleanup
[2019-12-11T08:41:55.848+0000][1][safepoint    ] Leaving safepoint region
[2019-12-11T08:41:55.848+0000][1][safepoint    ] Total time for which application threads were stopped: 0.0001231 seconds, Stopping threads took: 0.0000298 seconds
[2019-12-11T08:41:56.853+0000][1][safepoint    ] Application time: 1.0049056 seconds
[2019-12-11T08:41:56.853+0000][1][safepoint    ] Entering safepoint region: Cleanup
[2019-12-11T08:41:56.853+0000][1][safepoint    ] Leaving safepoint region
[2019-12-11T08:41:56.853+0000][1][safepoint    ] Total time for which application threads were stopped: 0.0001293 seconds, Stopping threads took: 0.0000276 seconds
[2019-12-11T08:41:57.855+0000][1][safepoint    ] Application time: 1.0017217 seconds
[2019-12-11T08:41:57.855+0000][1][safepoint    ] Entering safepoint region: Cleanup
[2019-12-11T08:41:57.855+0000][1][safepoint    ] Leaving safepoint region
[2019-12-11T08:41:57.855+0000][1][safepoint    ] Total time for which application threads were stopped: 0.0001135 seconds, Stopping threads took: 0.0000262 seconds
[2019-12-11T08:41:58.857+0000][1][safepoint    ] Application time: 1.0018333 seconds
[2019-12-11T08:41:58.857+0000][1][safepoint    ] Entering safepoint region: Cleanup
[2019-12-11T08:41:58.857+0000][1][safepoint    ] Leaving safepoint region
[2019-12-11T08:41:58.857+0000][1][safepoint    ] Total time for which application threads were stopped: 0.0001251 seconds, Stopping threads took: 0.0000321 seconds
[2019-12-11T08:41:59.860+0000][1][safepoint    ] Application time: 1.0028719 seconds
[2019-12-11T08:41:59.860+0000][1][safepoint    ] Entering safepoint region: Cleanup
[2019-12-11T08:41:59.860+0000][1][safepoint    ] Leaving safepoint region
[2019-12-11T08:41:59.860+0000][1][safepoint    ] Total time for which application threads were stopped: 0.0001265 seconds, Stopping threads took: 0.0000286 seconds
[2019-12-11T08:42:00.862+0000][1][safepoint    ] Application time: 1.0017433 seconds
[2019-12-11T08:42:00.862+0000][1][safepoint    ] Entering safepoint region: Cleanup
[2019-12-11T08:42:00.862+0000][1][safepoint    ] Leaving safepoint region
[2019-12-11T08:42:00.862+0000][1][safepoint    ] Total time for which application threads were stopped: 0.0001206 seconds, Stopping threads took: 0.0000270 seconds
[2019-12-11T08:42:01.864+0000][1][safepoint    ] Application time: 1.0018283 seconds
[2019-12-11T08:42:01.864+0000][1][safepoint    ] Entering safepoint region: Cleanup
[2019-12-11T08:42:01.864+0000][1][safepoint    ] Leaving safepoint region
[2019-12-11T08:42:01.864+0000][1][safepoint    ] Total time for which application threads were stopped: 0.0001196 seconds, Stopping threads took: 0.0000284 seconds
[2019-12-11T08:42:02.865+0000][1][safepoint    ] Application time: 1.0008596 seconds
[2019-12-11T08:42:02.865+0000][1][safepoint    ] Entering safepoint region: Cleanup
[2019-12-11T08:42:02.865+0000][1][safepoint    ] Leaving safepoint region
[2019-12-11T08:42:02.865+0000][1][safepoint    ] Total time for which application threads were stopped: 0.0001242 seconds, Stopping threads took: 0.0000294 seconds
[2019-12-11T08:42:03.865+0000][1][safepoint    ] Application time: 1.0001619 seconds
[2019-12-11T08:42:03.865+0000][1][safepoint    ] Entering safepoint region: Cleanup
[2019-12-11T08:42:03.865+0000][1][safepoint    ] Leaving safepoint region
[2019-12-11T08:42:03.865+0000][1][safepoint    ] Total time for which application threads were stopped: 0.0001257 seconds, Stopping threads took: 0.0000293 seconds
[2019-12-11T08:42:04.867+0000][1][safepoint    ] Application time: 1.0014415 seconds
[2019-12-11T08:42:04.867+0000][1][safepoint    ] Entering safepoint region: Cleanup
[2019-12-11T08:42:04.867+0000][1][safepoint    ] Leaving safepoint region
[2019-12-11T08:42:04.867+0000][1][safepoint    ] Total time for which application threads were stopped: 0.0001416 seconds, Stopping threads took: 0.0000373 seconds
[2019-12-11T08:42:05.868+0000][1][safepoint    ] Application time: 1.0009245 seconds
[2019-12-11T08:42:05.868+0000][1][safepoint    ] Entering safepoint region: Cleanup
[2019-12-11T08:42:05.868+0000][1][safepoint    ] Leaving safepoint region
[2019-12-11T08:42:05.868+0000][1][safepoint    ] Total time for which application threads were stopped: 0.0001233 seconds, Stopping threads took: 0.0000311 seconds
[2019-12-11T08:42:06.868+0000][1][safepoint    ] Application time: 1.0000869 seconds
[2019-12-11T08:42:06.868+0000][1][safepoint    ] Entering safepoint region: Cleanup
[2019-12-11T08:42:06.868+0000][1][safepoint    ] Leaving safepoint region
[2019-12-11T08:42:06.868+0000][1][safepoint    ] Total time for which application threads were stopped: 0.0001139 seconds, Stopping threads took: 0.0000283 seconds
[2019-12-11T08:42:07.870+0000][1][safepoint    ] Application time: 1.0014278 seconds
[2019-12-11T08:42:07.870+0000][1][safepoint    ] Entering safepoint region: Cleanup
[2019-12-11T08:42:07.870+0000][1][safepoint    ] Leaving safepoint region
[2019-12-11T08:42:07.870+0000][1][safepoint    ] Total time for which application threads were stopped: 0.0001235 seconds, Stopping threads took: 0.0000305 seconds
[2019-12-11T08:42:08.870+0000][1][safepoint    ] Application time: 1.0000927 seconds
[2019-12-11T08:42:08.870+0000][1][safepoint    ] Entering safepoint region: Cleanup
[2019-12-11T08:42:08.870+0000][1][safepoint    ] Leaving safepoint region
[2019-12-11T08:42:08.870+0000][1][safepoint    ] Total time for which application threads were stopped: 0.0001257 seconds, Stopping threads took: 0.0000296 seconds
[2019-12-11T08:42:09.871+0000][1][safepoint    ] Application time: 1.0005405 seconds
[2019-12-11T08:42:09.871+0000][1][safepoint    ] Entering safepoint region: Cleanup
[2019-12-11T08:42:09.871+0000][1][safepoint    ] Leaving safepoint region
[2019-12-11T08:42:09.871+0000][1][safepoint    ] Total time for which application threads were stopped: 0.0001264 seconds, Stopping threads took: 0.0000299 seconds
[2019-12-11T08:42:10.872+0000][1][safepoint    ] Application time: 1.0008135 seconds
[2019-12-11T08:42:10.872+0000][1][safepoint    ] Entering safepoint region: Cleanup
[2019-12-11T08:42:10.872+0000][1][safepoint    ] Leaving safepoint region
[2019-12-11T08:42:10.872+0000][1][safepoint    ] Total time for which application threads were stopped: 0.0001252 seconds, Stopping threads took: 0.0000292 seconds
[2019-12-11T08:42:11.873+0000][1][safepoint    ] Application time: 1.0008156 seconds
[2019-12-11T08:42:11.873+0000][1][safepoint    ] Entering safepoint region: Cleanup
[2019-12-11T08:42:11.873+0000][1][safepoint    ] Leaving safepoint region
[2019-12-11T08:42:11.873+0000][1][safepoint    ] Total time for which application threads were stopped: 0.0001217 seconds, Stopping threads took: 0.0000313 seconds
[2019-12-11T08:42:12.874+0000][1][safepoint    ] Application time: 1.0008169 seconds
[2019-12-11T08:42:12.874+0000][1][safepoint    ] Entering safepoint region: Cleanup
[2019-12-11T08:42:12.874+0000][1][safepoint    ] Leaving safepoint region
[2019-12-11T08:42:12.874+0000][1][safepoint    ] Total time for which application threads were stopped: 0.0001240 seconds, Stopping threads took: 0.0000273 seconds
[2019-12-11T08:42:13.875+0000][1][safepoint    ] Application time: 1.0008079 seconds
[2019-12-11T08:42:13.875+0000][1][safepoint    ] Entering safepoint region: Cleanup
[2019-12-11T08:42:13.875+0000][1][safepoint    ] Leaving safepoint region
[2019-12-11T08:42:13.875+0000][1][safepoint    ] Total time for which application threads were stopped: 0.0001247 seconds, Stopping threads took: 0.0000300 seconds
[2019-12-11T08:42:14.876+0000][1][safepoint    ] Application time: 1.0008488 seconds
[2019-12-11T08:42:14.876+0000][1][safepoint    ] Entering safepoint region: Cleanup
[2019-12-11T08:42:14.876+0000][1][safepoint    ] Leaving safepoint region
[2019-12-11T08:42:14.876+0000][1][safepoint    ] Total time for which application threads were stopped: 0.0001250 seconds, Stopping threads took: 0.0000306 seconds
[2019-12-11T08:42:15.881+0000][1][safepoint    ] Application time: 1.0049746 seconds
[2019-12-11T08:42:15.881+0000][1][safepoint    ] Entering safepoint region: Cleanup
[2019-12-11T08:42:15.881+0000][1][safepoint    ] Leaving safepoint region
[2019-12-11T08:42:15.881+0000][1][safepoint    ] Total time for which application threads were stopped: 0.0001201 seconds, Stopping threads took: 0.0000269 seconds
[2019-12-11T08:42:16.882+0000][1][safepoint    ] Application time: 1.0006238 seconds
[2019-12-11T08:42:16.882+0000][1][safepoint    ] Entering safepoint region: Cleanup
[2019-12-11T08:42:16.882+0000][1][safepoint    ] Leaving safepoint region
[2019-12-11T08:42:16.882+0000][1][safepoint    ] Total time for which application threads were stopped: 0.0001209 seconds, Stopping threads took: 0.0000265 seconds
[2019-12-11T08:42:17.883+0000][1][safepoint    ] Application time: 1.0008151 seconds
[2019-12-11T08:42:17.883+0000][1][safepoint    ] Entering safepoint region: Cleanup
[2019-12-11T08:42:17.883+0000][1][safepoint    ] Leaving safepoint region
[2019-12-11T08:42:17.883+0000][1][safepoint    ] Total time for which application threads were stopped: 0.0001149 seconds, Stopping threads took: 0.0000265 seconds
[2019-12-11T08:42:18.884+0000][1][safepoint    ] Application time: 1.0008466 seconds
[2019-12-11T08:42:18.884+0000][1][safepoint    ] Entering safepoint region: Cleanup
[2019-12-11T08:42:18.884+0000][1][safepoint    ] Leaving safepoint region
[2019-12-11T08:42:18.884+0000][1][safepoint    ] Total time for which application threads were stopped: 0.0001303 seconds, Stopping threads took: 0.0000301 seconds
[2019-12-11T08:42:19.884+0000][1][safepoint    ] Application time: 1.0000925 seconds
[2019-12-11T08:42:19.884+0000][1][safepoint    ] Entering safepoint region: Cleanup
[2019-12-11T08:42:19.884+0000][1][safepoint    ] Leaving safepoint region
[2019-12-11T08:42:19.884+0000][1][safepoint    ] Total time for which application threads were stopped: 0.0001187 seconds, Stopping threads took: 0.0000269 seconds
[2019-12-11T08:42:20.884+0000][1][safepoint    ] Application time: 1.0000845 seconds
[2019-12-11T08:42:20.884+0000][1][safepoint    ] Entering safepoint region: Cleanup
[2019-12-11T08:42:20.884+0000][1][safepoint    ] Leaving safepoint region
[2019-12-11T08:42:20.884+0000][1][safepoint    ] Total time for which application threads were stopped: 0.0001127 seconds, Stopping threads took: 0.0000256 seconds
[2019-12-11T08:42:21.863+0000][1][safepoint    ] Application time: 0.9787075 seconds
[2019-12-11T08:42:21.863+0000][1][safepoint    ] Entering safepoint region: GenCollectForAllocation
[2019-12-11T08:42:21.863+0000][1][gc,start     ] GC(42) Pause Young (Allocation Failure)
[2019-12-11T08:42:21.863+0000][1][gc,task      ] GC(42) Using 2 workers of 2 for evacuation
[2019-12-11T08:42:21.878+0000][1][gc,age       ] GC(42) Desired survivor size 4456448 bytes, new threshold 6 (max threshold 6)
[2019-12-11T08:42:21.878+0000][1][gc,age       ] GC(42) Age table with threshold 6 (max threshold 6)
[2019-12-11T08:42:21.878+0000][1][gc,age       ] GC(42) - age   1:     684384 bytes,     684384 total
[2019-12-11T08:42:21.878+0000][1][gc,age       ] GC(42) - age   2:       1216 bytes,     685600 total
[2019-12-11T08:42:21.878+0000][1][gc,age       ] GC(42) - age   3:        512 bytes,     686112 total
[2019-12-11T08:42:21.878+0000][1][gc,age       ] GC(42) - age   4:       2520 bytes,     688632 total
[2019-12-11T08:42:21.878+0000][1][gc,age       ] GC(42) - age   5:       2096 bytes,     690728 total
[2019-12-11T08:42:21.878+0000][1][gc,age       ] GC(42) - age   6:        968 bytes,     691696 total
[2019-12-11T08:42:21.878+0000][1][gc,heap      ] GC(42) ParNew: 70630K->870K(78656K)
[2019-12-11T08:42:21.878+0000][1][gc,heap      ] GC(42) CMS: 71353K->71355K(174784K)
[2019-12-11T08:42:21.878+0000][1][gc,metaspace ] GC(42) Metaspace: 75559K->75559K(1118208K)
[2019-12-11T08:42:21.878+0000][1][gc           ] GC(42) Pause Young (Allocation Failure) 138M->70M(247M) 14.985ms
[2019-12-11T08:42:21.878+0000][1][gc,cpu       ] GC(42) User=0.01s Sys=0.00s Real=0.02s
[2019-12-11T08:42:21.878+0000][1][safepoint    ] Leaving safepoint region
[2019-12-11T08:42:21.878+0000][1][safepoint    ] Total time for which application threads were stopped: 0.0152121 seconds, Stopping threads took: 0.0000366 seconds
[2019-12-11T08:42:22.881+0000][1][safepoint    ] Application time: 1.0023061 seconds
[2019-12-11T08:42:22.881+0000][1][safepoint    ] Entering safepoint region: Cleanup
[2019-12-11T08:42:22.881+0000][1][safepoint    ] Leaving safepoint region
[2019-12-11T08:42:22.881+0000][1][safepoint    ] Total time for which application threads were stopped: 0.0001308 seconds, Stopping threads took: 0.0000279 seconds
[2019-12-11T08:42:23.883+0000][1][safepoint    ] Application time: 1.0018090 seconds
[2019-12-11T08:42:23.883+0000][1][safepoint    ] Entering safepoint region: Cleanup
[2019-12-11T08:42:23.883+0000][1][safepoint    ] Leaving safepoint region
[2019-12-11T08:42:23.883+0000][1][safepoint    ] Total time for which application threads were stopped: 0.0001180 seconds, Stopping threads took: 0.0000272 seconds
[2019-12-11T08:42:24.883+0000][1][safepoint    ] Application time: 1.0004304 seconds
[2019-12-11T08:42:24.883+0000][1][safepoint    ] Entering safepoint region: Cleanup
[2019-12-11T08:42:24.883+0000][1][safepoint    ] Leaving safepoint region
[2019-12-11T08:42:24.883+0000][1][safepoint    ] Total time for which application threads were stopped: 0.0001307 seconds, Stopping threads took: 0.0000262 seconds
[2019-12-11T08:42:25.885+0000][1][safepoint    ] Application time: 1.0012061 seconds
[2019-12-11T08:42:25.885+0000][1][safepoint    ] Entering safepoint region: Cleanup
[2019-12-11T08:42:25.885+0000][1][safepoint    ] Leaving safepoint region
[2019-12-11T08:42:25.885+0000][1][safepoint    ] Total time for which application threads were stopped: 0.0001269 seconds, Stopping threads took: 0.0000298 seconds
[2019-12-11T08:42:26.887+0000][1][safepoint    ] Application time: 1.0018078 seconds
[2019-12-11T08:42:26.887+0000][1][safepoint    ] Entering safepoint region: Cleanup
[2019-12-11T08:42:26.887+0000][1][safepoint    ] Leaving safepoint region
[2019-12-11T08:42:26.887+0000][1][safepoint    ] Total time for which application threads were stopped: 0.0001145 seconds, Stopping threads took: 0.0000265 seconds
[2019-12-11T08:42:27.890+0000][1][safepoint    ] Application time: 1.0028448 seconds
[2019-12-11T08:42:27.890+0000][1][safepoint    ] Entering safepoint region: Cleanup
[2019-12-11T08:42:27.890+0000][1][safepoint    ] Leaving safepoint region
[2019-12-11T08:42:27.890+0000][1][safepoint    ] Total time for which application threads were stopped: 0.0001352 seconds, Stopping threads took: 0.0000289 seconds
[2019-12-11T08:42:28.890+0000][1][safepoint    ] Application time: 1.0000815 seconds
[2019-12-11T08:42:28.890+0000][1][safepoint    ] Entering safepoint region: Cleanup
[2019-12-11T08:42:28.890+0000][1][safepoint    ] Leaving safepoint region
[2019-12-11T08:42:28.890+0000][1][safepoint    ] Total time for which application threads were stopped: 0.0001196 seconds, Stopping threads took: 0.0000273 seconds
[2019-12-11T08:42:29.894+0000][1][safepoint    ] Application time: 1.0035149 seconds
[2019-12-11T08:42:29.894+0000][1][safepoint    ] Entering safepoint region: Cleanup
[2019-12-11T08:42:29.894+0000][1][safepoint    ] Leaving safepoint region
[2019-12-11T08:42:29.894+0000][1][safepoint    ] Total time for which application threads were stopped: 0.0001119 seconds, Stopping threads took: 0.0000263 seconds
[2019-12-11T08:42:30.895+0000][1][safepoint    ] Application time: 1.0008321 seconds
[2019-12-11T08:42:30.895+0000][1][safepoint    ] Entering safepoint region: Cleanup
[2019-12-11T08:42:30.895+0000][1][safepoint    ] Leaving safepoint region
[2019-12-11T08:42:30.895+0000][1][safepoint    ] Total time for which application threads were stopped: 0.0001315 seconds, Stopping threads took: 0.0000282 seconds
[2019-12-11T08:42:31.898+0000][1][safepoint    ] Application time: 1.0028104 seconds
[2019-12-11T08:42:31.898+0000][1][safepoint    ] Entering safepoint region: Cleanup
[2019-12-11T08:42:31.898+0000][1][safepoint    ] Leaving safepoint region
[2019-12-11T08:42:31.898+0000][1][safepoint    ] Total time for which application threads were stopped: 0.0001208 seconds, Stopping threads took: 0.0000291 seconds
[2019-12-11T08:42:32.899+0000][1][safepoint    ] Application time: 1.0008636 seconds
[2019-12-11T08:42:32.899+0000][1][safepoint    ] Entering safepoint region: Cleanup
[2019-12-11T08:42:32.899+0000][1][safepoint    ] Leaving safepoint region
[2019-12-11T08:42:32.899+0000][1][safepoint    ] Total time for which application threads were stopped: 0.0001323 seconds, Stopping threads took: 0.0000293 seconds
[2019-12-11T08:42:33.900+0000][1][safepoint    ] Application time: 1.0008428 seconds
[2019-12-11T08:42:33.900+0000][1][safepoint    ] Entering safepoint region: Cleanup
[2019-12-11T08:42:33.900+0000][1][safepoint    ] Leaving safepoint region
[2019-12-11T08:42:33.900+0000][1][safepoint    ] Total time for which application threads were stopped: 0.0001168 seconds, Stopping threads took: 0.0000275 seconds
[2019-12-11T08:42:34.903+0000][1][safepoint    ] Application time: 1.0027647 seconds
[2019-12-11T08:42:34.903+0000][1][safepoint    ] Entering safepoint region: Cleanup
[2019-12-11T08:42:34.903+0000][1][safepoint    ] Leaving safepoint region
[2019-12-11T08:42:34.903+0000][1][safepoint    ] Total time for which application threads were stopped: 0.0001250 seconds, Stopping threads took: 0.0000313 seconds
[2019-12-11T08:42:35.903+0000][1][safepoint    ] Application time: 1.0000841 seconds
[2019-12-11T08:42:35.903+0000][1][safepoint    ] Entering safepoint region: Cleanup
[2019-12-11T08:42:35.903+0000][1][safepoint    ] Leaving safepoint region
[2019-12-11T08:42:35.903+0000][1][safepoint    ] Total time for which application threads were stopped: 0.0001273 seconds, Stopping threads took: 0.0000375 seconds
[2019-12-11T08:42:36.907+0000][1][safepoint    ] Application time: 1.0035234 seconds
[2019-12-11T08:42:36.907+0000][1][safepoint    ] Entering safepoint region: Cleanup
[2019-12-11T08:42:36.907+0000][1][safepoint    ] Leaving safepoint region
[2019-12-11T08:42:36.907+0000][1][safepoint    ] Total time for which application threads were stopped: 0.0001420 seconds, Stopping threads took: 0.0000281 seconds
[2019-12-11T08:42:37.912+0000][1][safepoint    ] Application time: 1.0048449 seconds
[2019-12-11T08:42:37.912+0000][1][safepoint    ] Entering safepoint region: Cleanup
[2019-12-11T08:42:37.912+0000][1][safepoint    ] Leaving safepoint region
[2019-12-11T08:42:37.912+0000][1][safepoint    ] Total time for which application threads were stopped: 0.0001362 seconds, Stopping threads took: 0.0000291 seconds
[2019-12-11T08:42:38.912+0000][1][safepoint    ] Application time: 1.0004854 seconds
[2019-12-11T08:42:38.913+0000][1][safepoint    ] Entering safepoint region: Cleanup
[2019-12-11T08:42:38.913+0000][1][safepoint    ] Leaving safepoint region
[2019-12-11T08:42:38.913+0000][1][safepoint    ] Total time for which application threads were stopped: 0.0001264 seconds, Stopping threads took: 0.0000279 seconds
[2019-12-11T08:42:39.915+0000][1][safepoint    ] Application time: 1.0020864 seconds
[2019-12-11T08:42:39.915+0000][1][safepoint    ] Entering safepoint region: Cleanup
[2019-12-11T08:42:39.915+0000][1][safepoint    ] Leaving safepoint region
[2019-12-11T08:42:39.915+0000][1][safepoint    ] Total time for which application threads were stopped: 0.0001092 seconds, Stopping threads took: 0.0000263 seconds
[2019-12-11T08:42:40.917+0000][1][safepoint    ] Application time: 1.0018247 seconds
[2019-12-11T08:42:40.917+0000][1][safepoint    ] Entering safepoint region: Cleanup
[2019-12-11T08:42:40.917+0000][1][safepoint    ] Leaving safepoint region
[2019-12-11T08:42:40.917+0000][1][safepoint    ] Total time for which application threads were stopped: 0.0001171 seconds, Stopping threads took: 0.0000361 seconds
[2019-12-11T08:42:41.918+0000][1][safepoint    ] Application time: 1.0008360 seconds
[2019-12-11T08:42:41.918+0000][1][safepoint    ] Entering safepoint region: Cleanup
[2019-12-11T08:42:41.918+0000][1][safepoint    ] Leaving safepoint region
[2019-12-11T08:42:41.918+0000][1][safepoint    ] Total time for which application threads were stopped: 0.0001667 seconds, Stopping threads took: 0.0000442 seconds
[2019-12-11T08:42:42.921+0000][1][safepoint    ] Application time: 1.0027764 seconds
[2019-12-11T08:42:42.921+0000][1][safepoint    ] Entering safepoint region: Cleanup
[2019-12-11T08:42:42.921+0000][1][safepoint    ] Leaving safepoint region
[2019-12-11T08:42:42.921+0000][1][safepoint    ] Total time for which application threads were stopped: 0.0001297 seconds, Stopping threads took: 0.0000272 seconds
[2019-12-11T08:42:43.924+0000][1][safepoint    ] Application time: 1.0029057 seconds
[2019-12-11T08:42:43.924+0000][1][safepoint    ] Entering safepoint region: Cleanup
[2019-12-11T08:42:43.924+0000][1][safepoint    ] Leaving safepoint region
[2019-12-11T08:42:43.924+0000][1][safepoint    ] Total time for which application threads were stopped: 0.0001155 seconds, Stopping threads took: 0.0000281 seconds
[2019-12-11T08:42:44.926+0000][1][safepoint    ] Application time: 1.0017286 seconds
[2019-12-11T08:42:44.926+0000][1][safepoint    ] Entering safepoint region: Cleanup
[2019-12-11T08:42:44.926+0000][1][safepoint    ] Leaving safepoint region
[2019-12-11T08:42:44.926+0000][1][safepoint    ] Total time for which application threads were stopped: 0.0001241 seconds, Stopping threads took: 0.0000303 seconds
[2019-12-11T08:42:45.932+0000][1][safepoint    ] Application time: 1.0058081 seconds
[2019-12-11T08:42:45.932+0000][1][safepoint    ] Entering safepoint region: Cleanup
[2019-12-11T08:42:45.932+0000][1][safepoint    ] Leaving safepoint region
[2019-12-11T08:42:45.932+0000][1][safepoint    ] Total time for which application threads were stopped: 0.0001291 seconds, Stopping threads took: 0.0000271 seconds
[2019-12-11T08:42:46.935+0000][1][safepoint    ] Application time: 1.0028234 seconds
[2019-12-11T08:42:46.935+0000][1][safepoint    ] Entering safepoint region: Cleanup
[2019-12-11T08:42:46.935+0000][1][safepoint    ] Leaving safepoint region
[2019-12-11T08:42:46.935+0000][1][safepoint    ] Total time for which application threads were stopped: 0.0001224 seconds, Stopping threads took: 0.0000276 seconds
[2019-12-11T08:42:47.937+0000][1][safepoint    ] Application time: 1.0018442 seconds
[2019-12-11T08:42:47.937+0000][1][safepoint    ] Entering safepoint region: Cleanup
[2019-12-11T08:42:47.937+0000][1][safepoint    ] Leaving safepoint region
[2019-12-11T08:42:47.937+0000][1][safepoint    ] Total time for which application threads were stopped: 0.0001468 seconds, Stopping threads took: 0.0000275 seconds
[2019-12-11T08:42:48.938+0000][1][safepoint    ] Application time: 1.0007545 seconds
[2019-12-11T08:42:48.938+0000][1][safepoint    ] Entering safepoint region: Cleanup
[2019-12-11T08:42:48.938+0000][1][safepoint    ] Leaving safepoint region
[2019-12-11T08:42:48.938+0000][1][safepoint    ] Total time for which application threads were stopped: 0.0001176 seconds, Stopping threads took: 0.0000285 seconds
[2019-12-11T08:42:49.941+0000][1][safepoint    ] Application time: 1.0028937 seconds
[2019-12-11T08:42:49.941+0000][1][safepoint    ] Entering safepoint region: Cleanup
[2019-12-11T08:42:49.941+0000][1][safepoint    ] Leaving safepoint region
[2019-12-11T08:42:49.941+0000][1][safepoint    ] Total time for which application threads were stopped: 0.0001203 seconds, Stopping threads took: 0.0000291 seconds
[2019-12-11T08:42:50.944+0000][1][safepoint    ] Application time: 1.0027551 seconds
[2019-12-11T08:42:50.944+0000][1][safepoint    ] Entering safepoint region: Cleanup
[2019-12-11T08:42:50.944+0000][1][safepoint    ] Leaving safepoint region
[2019-12-11T08:42:50.944+0000][1][safepoint    ] Total time for which application threads were stopped: 0.0001094 seconds, Stopping threads took: 0.0000251 seconds
[2019-12-11T08:42:51.947+0000][1][safepoint    ] Application time: 1.0028442 seconds
[2019-12-11T08:42:51.947+0000][1][safepoint    ] Entering safepoint region: Cleanup
[2019-12-11T08:42:51.947+0000][1][safepoint    ] Leaving safepoint region
[2019-12-11T08:42:51.947+0000][1][safepoint    ] Total time for which application threads were stopped: 0.0001216 seconds, Stopping threads took: 0.0000334 seconds
[2019-12-11T08:42:52.951+0000][1][safepoint    ] Application time: 1.0038140 seconds
[2019-12-11T08:42:52.951+0000][1][safepoint    ] Entering safepoint region: Cleanup
[2019-12-11T08:42:52.951+0000][1][safepoint    ] Leaving safepoint region
[2019-12-11T08:42:52.951+0000][1][safepoint    ] Total time for which application threads were stopped: 0.0001089 seconds, Stopping threads took: 0.0000254 seconds
[2019-12-11T08:42:53.954+0000][1][safepoint    ] Application time: 1.0032689 seconds
[2019-12-11T08:42:53.954+0000][1][safepoint    ] Entering safepoint region: Cleanup
[2019-12-11T08:42:53.954+0000][1][safepoint    ] Leaving safepoint region
[2019-12-11T08:42:53.954+0000][1][safepoint    ] Total time for which application threads were stopped: 0.0001200 seconds, Stopping threads took: 0.0000292 seconds
[2019-12-11T08:42:54.955+0000][1][safepoint    ] Application time: 1.0003929 seconds
[2019-12-11T08:42:54.955+0000][1][safepoint    ] Entering safepoint region: Cleanup
[2019-12-11T08:42:54.955+0000][1][safepoint    ] Leaving safepoint region
[2019-12-11T08:42:54.955+0000][1][safepoint    ] Total time for which application threads were stopped: 0.0001219 seconds, Stopping threads took: 0.0000278 seconds
[2019-12-11T08:42:55.957+0000][1][safepoint    ] Application time: 1.0018159 seconds
[2019-12-11T08:42:55.957+0000][1][safepoint    ] Entering safepoint region: Cleanup
[2019-12-11T08:42:55.957+0000][1][safepoint    ] Leaving safepoint region
[2019-12-11T08:42:55.957+0000][1][safepoint    ] Total time for which application threads were stopped: 0.0001160 seconds, Stopping threads took: 0.0000255 seconds
[2019-12-11T08:42:56.958+0000][1][safepoint    ] Application time: 1.0008385 seconds
[2019-12-11T08:42:56.958+0000][1][safepoint    ] Entering safepoint region: Cleanup
[2019-12-11T08:42:56.958+0000][1][safepoint    ] Leaving safepoint region
[2019-12-11T08:42:56.958+0000][1][safepoint    ] Total time for which application threads were stopped: 0.0001236 seconds, Stopping threads took: 0.0000283 seconds
[2019-12-11T08:42:57.959+0000][1][safepoint    ] Application time: 1.0008089 seconds
[2019-12-11T08:42:57.959+0000][1][safepoint    ] Entering safepoint region: Cleanup
[2019-12-11T08:42:57.959+0000][1][safepoint    ] Leaving safepoint region
[2019-12-11T08:42:57.959+0000][1][safepoint    ] Total time for which application threads were stopped: 0.0001220 seconds, Stopping threads took: 0.0000270 seconds
[2019-12-11T08:42:58.960+0000][1][safepoint    ] Application time: 1.0008353 seconds
[2019-12-11T08:42:58.960+0000][1][safepoint    ] Entering safepoint region: Cleanup
[2019-12-11T08:42:58.960+0000][1][safepoint    ] Leaving safepoint region
[2019-12-11T08:42:58.960+0000][1][safepoint    ] Total time for which application threads were stopped: 0.0001189 seconds, Stopping threads took: 0.0000281 seconds
[2019-12-11T08:42:59.962+0000][1][safepoint    ] Application time: 1.0017976 seconds
[2019-12-11T08:42:59.962+0000][1][safepoint    ] Entering safepoint region: Cleanup
[2019-12-11T08:42:59.962+0000][1][safepoint    ] Leaving safepoint region
[2019-12-11T08:42:59.962+0000][1][safepoint    ] Total time for which application threads were stopped: 0.0001177 seconds, Stopping threads took: 0.0000343 seconds
[2019-12-11T08:43:00.964+0000][1][safepoint    ] Application time: 1.0018667 seconds
[2019-12-11T08:43:00.964+0000][1][safepoint    ] Entering safepoint region: Cleanup
[2019-12-11T08:43:00.964+0000][1][safepoint    ] Leaving safepoint region
[2019-12-11T08:43:00.964+0000][1][safepoint    ] Total time for which application threads were stopped: 0.0001231 seconds, Stopping threads took: 0.0000293 seconds
[2019-12-11T08:43:01.965+0000][1][safepoint    ] Application time: 1.0008707 seconds
[2019-12-11T08:43:01.965+0000][1][safepoint    ] Entering safepoint region: Cleanup
[2019-12-11T08:43:01.965+0000][1][safepoint    ] Leaving safepoint region
[2019-12-11T08:43:01.965+0000][1][safepoint    ] Total time for which application threads were stopped: 0.0001486 seconds, Stopping threads took: 0.0000284 seconds
[2019-12-11T08:43:02.901+0000][1][safepoint    ] Application time: 0.9363387 seconds
[2019-12-11T08:43:02.901+0000][1][safepoint    ] Entering safepoint region: GenCollectForAllocation
[2019-12-11T08:43:02.902+0000][1][gc,start     ] GC(43) Pause Young (Allocation Failure)
[2019-12-11T08:43:02.902+0000][1][gc,task      ] GC(43) Using 2 workers of 2 for evacuation
[2019-12-11T08:43:02.911+0000][1][gc,age       ] GC(43) Desired survivor size 4456448 bytes, new threshold 6 (max threshold 6)
[2019-12-11T08:43:02.911+0000][1][gc,age       ] GC(43) Age table with threshold 6 (max threshold 6)
[2019-12-11T08:43:02.911+0000][1][gc,age       ] GC(43) - age   1:     627312 bytes,     627312 total
[2019-12-11T08:43:02.911+0000][1][gc,age       ] GC(43) - age   2:        400 bytes,     627712 total
[2019-12-11T08:43:02.911+0000][1][gc,age       ] GC(43) - age   3:        928 bytes,     628640 total
[2019-12-11T08:43:02.911+0000][1][gc,age       ] GC(43) - age   4:        512 bytes,     629152 total
[2019-12-11T08:43:02.911+0000][1][gc,age       ] GC(43) - age   5:       2520 bytes,     631672 total
[2019-12-11T08:43:02.911+0000][1][gc,age       ] GC(43) - age   6:       2096 bytes,     633768 total
[2019-12-11T08:43:02.911+0000][1][gc,heap      ] GC(43) ParNew: 70822K->650K(78656K)
[2019-12-11T08:43:02.911+0000][1][gc,heap      ] GC(43) CMS: 71355K->71356K(174784K)
[2019-12-11T08:43:02.911+0000][1][gc,metaspace ] GC(43) Metaspace: 75628K->75628K(1118208K)
[2019-12-11T08:43:02.911+0000][1][gc           ] GC(43) Pause Young (Allocation Failure) 138M->70M(247M) 9.759ms
[2019-12-11T08:43:02.911+0000][1][gc,cpu       ] GC(43) User=0.00s Sys=0.00s Real=0.01s
[2019-12-11T08:43:02.911+0000][1][safepoint    ] Leaving safepoint region
[2019-12-11T08:43:02.911+0000][1][safepoint    ] Total time for which application threads were stopped: 0.0099811 seconds, Stopping threads took: 0.0000252 seconds
[2019-12-11T08:43:03.912+0000][1][safepoint    ] Application time: 1.0003318 seconds
[2019-12-11T08:43:03.912+0000][1][safepoint    ] Entering safepoint region: Cleanup
[2019-12-11T08:43:03.912+0000][1][safepoint    ] Leaving safepoint region
[2019-12-11T08:43:03.912+0000][1][safepoint    ] Total time for which application threads were stopped: 0.0001188 seconds, Stopping threads took: 0.0000262 seconds
[2019-12-11T08:43:04.913+0000][1][safepoint    ] Application time: 1.0008557 seconds
[2019-12-11T08:43:04.913+0000][1][safepoint    ] Entering safepoint region: Cleanup
[2019-12-11T08:43:04.913+0000][1][safepoint    ] Leaving safepoint region
[2019-12-11T08:43:04.913+0000][1][safepoint    ] Total time for which application threads were stopped: 0.0001260 seconds, Stopping threads took: 0.0000305 seconds
[2019-12-11T08:43:05.914+0000][1][safepoint    ] Application time: 1.0008070 seconds
[2019-12-11T08:43:05.914+0000][1][safepoint    ] Entering safepoint region: Cleanup
[2019-12-11T08:43:05.914+0000][1][safepoint    ] Leaving safepoint region
[2019-12-11T08:43:05.914+0000][1][safepoint    ] Total time for which application threads were stopped: 0.0001124 seconds, Stopping threads took: 0.0000264 seconds
[2019-12-11T08:43:06.915+0000][1][safepoint    ] Application time: 1.0008261 seconds
[2019-12-11T08:43:06.915+0000][1][safepoint    ] Entering safepoint region: Cleanup
[2019-12-11T08:43:06.915+0000][1][safepoint    ] Leaving safepoint region
[2019-12-11T08:43:06.915+0000][1][safepoint    ] Total time for which application threads were stopped: 0.0001536 seconds, Stopping threads took: 0.0000273 seconds
[2019-12-11T08:43:07.917+0000][1][safepoint    ] Application time: 1.0017629 seconds
[2019-12-11T08:43:07.917+0000][1][safepoint    ] Entering safepoint region: Cleanup
[2019-12-11T08:43:07.917+0000][1][safepoint    ] Leaving safepoint region
[2019-12-11T08:43:07.917+0000][1][safepoint    ] Total time for which application threads were stopped: 0.0001213 seconds, Stopping threads took: 0.0000264 seconds
[2019-12-11T08:43:08.918+0000][1][safepoint    ] Application time: 1.0008503 seconds
[2019-12-11T08:43:08.918+0000][1][safepoint    ] Entering safepoint region: Cleanup
[2019-12-11T08:43:08.918+0000][1][safepoint    ] Leaving safepoint region
[2019-12-11T08:43:08.918+0000][1][safepoint    ] Total time for which application threads were stopped: 0.0001286 seconds, Stopping threads took: 0.0000349 seconds
[2019-12-11T08:43:09.919+0000][1][safepoint    ] Application time: 1.0008086 seconds
[2019-12-11T08:43:09.919+0000][1][safepoint    ] Entering safepoint region: Cleanup
[2019-12-11T08:43:09.919+0000][1][safepoint    ] Leaving safepoint region
[2019-12-11T08:43:09.919+0000][1][safepoint    ] Total time for which application threads were stopped: 0.0001021 seconds, Stopping threads took: 0.0000303 seconds
[2019-12-11T08:43:10.921+0000][1][safepoint    ] Application time: 1.0019574 seconds
[2019-12-11T08:43:10.921+0000][1][safepoint    ] Entering safepoint region: Cleanup
[2019-12-11T08:43:10.921+0000][1][safepoint    ] Leaving safepoint region
[2019-12-11T08:43:10.921+0000][1][safepoint    ] Total time for which application threads were stopped: 0.0001168 seconds, Stopping threads took: 0.0000262 seconds
[2019-12-11T08:43:11.922+0000][1][safepoint    ] Application time: 1.0007520 seconds
[2019-12-11T08:43:11.922+0000][1][safepoint    ] Entering safepoint region: Cleanup
[2019-12-11T08:43:11.922+0000][1][safepoint    ] Leaving safepoint region
[2019-12-11T08:43:11.922+0000][1][safepoint    ] Total time for which application threads were stopped: 0.0001242 seconds, Stopping threads took: 0.0000308 seconds
[2019-12-11T08:43:12.923+0000][1][safepoint    ] Application time: 1.0007540 seconds
[2019-12-11T08:43:12.923+0000][1][safepoint    ] Entering safepoint region: Cleanup
[2019-12-11T08:43:12.923+0000][1][safepoint    ] Leaving safepoint region
[2019-12-11T08:43:12.923+0000][1][safepoint    ] Total time for which application threads were stopped: 0.0001153 seconds, Stopping threads took: 0.0000274 seconds
[2019-12-11T08:43:13.925+0000][1][safepoint    ] Application time: 1.0018823 seconds
[2019-12-11T08:43:13.925+0000][1][safepoint    ] Entering safepoint region: Cleanup
[2019-12-11T08:43:13.925+0000][1][safepoint    ] Leaving safepoint region
[2019-12-11T08:43:13.925+0000][1][safepoint    ] Total time for which application threads were stopped: 0.0001118 seconds, Stopping threads took: 0.0000256 seconds
[2019-12-11T08:43:14.926+0000][1][safepoint    ] Application time: 1.0008109 seconds
[2019-12-11T08:43:14.926+0000][1][safepoint    ] Entering safepoint region: Cleanup
[2019-12-11T08:43:14.926+0000][1][safepoint    ] Leaving safepoint region
[2019-12-11T08:43:14.926+0000][1][safepoint    ] Total time for which application threads were stopped: 0.0001452 seconds, Stopping threads took: 0.0000392 seconds
[2019-12-11T08:43:15.927+0000][1][safepoint    ] Application time: 1.0008305 seconds
[2019-12-11T08:43:15.927+0000][1][safepoint    ] Entering safepoint region: Cleanup
[2019-12-11T08:43:15.927+0000][1][safepoint    ] Leaving safepoint region
[2019-12-11T08:43:15.927+0000][1][safepoint    ] Total time for which application threads were stopped: 0.0001187 seconds, Stopping threads took: 0.0000281 seconds
[2019-12-11T08:43:16.929+0000][1][safepoint    ] Application time: 1.0017680 seconds
[2019-12-11T08:43:16.929+0000][1][safepoint    ] Entering safepoint region: Cleanup
[2019-12-11T08:43:16.929+0000][1][safepoint    ] Leaving safepoint region
[2019-12-11T08:43:16.929+0000][1][safepoint    ] Total time for which application threads were stopped: 0.0001259 seconds, Stopping threads took: 0.0000288 seconds
[2019-12-11T08:43:17.931+0000][1][safepoint    ] Application time: 1.0018116 seconds
[2019-12-11T08:43:17.931+0000][1][safepoint    ] Entering safepoint region: Cleanup
[2019-12-11T08:43:17.931+0000][1][safepoint    ] Leaving safepoint region
[2019-12-11T08:43:17.931+0000][1][safepoint    ] Total time for which application threads were stopped: 0.0001250 seconds, Stopping threads took: 0.0000289 seconds
[2019-12-11T08:43:18.932+0000][1][safepoint    ] Application time: 1.0008698 seconds
[2019-12-11T08:43:18.932+0000][1][safepoint    ] Entering safepoint region: Cleanup
[2019-12-11T08:43:18.932+0000][1][safepoint    ] Leaving safepoint region
[2019-12-11T08:43:18.932+0000][1][safepoint    ] Total time for which application threads were stopped: 0.0001408 seconds, Stopping threads took: 0.0000277 seconds
[2019-12-11T08:43:19.934+0000][1][safepoint    ] Application time: 1.0017835 seconds
[2019-12-11T08:43:19.934+0000][1][safepoint    ] Entering safepoint region: Cleanup
[2019-12-11T08:43:19.934+0000][1][safepoint    ] Leaving safepoint region
[2019-12-11T08:43:19.934+0000][1][safepoint    ] Total time for which application threads were stopped: 0.0001199 seconds, Stopping threads took: 0.0000289 seconds
[2019-12-11T08:43:20.935+0000][1][safepoint    ] Application time: 1.0007659 seconds
[2019-12-11T08:43:20.935+0000][1][safepoint    ] Entering safepoint region: Cleanup
[2019-12-11T08:43:20.935+0000][1][safepoint    ] Leaving safepoint region
[2019-12-11T08:43:20.935+0000][1][safepoint    ] Total time for which application threads were stopped: 0.0001244 seconds, Stopping threads took: 0.0000288 seconds
[2019-12-11T08:43:21.936+0000][1][safepoint    ] Application time: 1.0008204 seconds
[2019-12-11T08:43:21.936+0000][1][safepoint    ] Entering safepoint region: Cleanup
[2019-12-11T08:43:21.936+0000][1][safepoint    ] Leaving safepoint region
[2019-12-11T08:43:21.936+0000][1][safepoint    ] Total time for which application threads were stopped: 0.0001272 seconds, Stopping threads took: 0.0000292 seconds
[2019-12-11T08:43:22.938+0000][1][safepoint    ] Application time: 1.0018087 seconds
[2019-12-11T08:43:22.938+0000][1][safepoint    ] Entering safepoint region: Cleanup
[2019-12-11T08:43:22.938+0000][1][safepoint    ] Leaving safepoint region
[2019-12-11T08:43:22.938+0000][1][safepoint    ] Total time for which application threads were stopped: 0.0001200 seconds, Stopping threads took: 0.0000292 seconds
[2019-12-11T08:43:23.939+0000][1][safepoint    ] Application time: 1.0008591 seconds
[2019-12-11T08:43:23.939+0000][1][safepoint    ] Entering safepoint region: Cleanup
[2019-12-11T08:43:23.939+0000][1][safepoint    ] Leaving safepoint region
[2019-12-11T08:43:23.939+0000][1][safepoint    ] Total time for which application threads were stopped: 0.0001246 seconds, Stopping threads took: 0.0000284 seconds
[2019-12-11T08:43:24.941+0000][1][safepoint    ] Application time: 1.0017587 seconds
[2019-12-11T08:43:24.941+0000][1][safepoint    ] Entering safepoint region: Cleanup
[2019-12-11T08:43:24.941+0000][1][safepoint    ] Leaving safepoint region
[2019-12-11T08:43:24.941+0000][1][safepoint    ] Total time for which application threads were stopped: 0.0001229 seconds, Stopping threads took: 0.0000386 seconds
[2019-12-11T08:43:25.941+0000][1][safepoint    ] Application time: 1.0001675 seconds
[2019-12-11T08:43:25.941+0000][1][safepoint    ] Entering safepoint region: Cleanup
[2019-12-11T08:43:25.941+0000][1][safepoint    ] Leaving safepoint region
[2019-12-11T08:43:25.941+0000][1][safepoint    ] Total time for which application threads were stopped: 0.0001171 seconds, Stopping threads took: 0.0000278 seconds
[2019-12-11T08:43:26.944+0000][1][safepoint    ] Application time: 1.0025030 seconds
[2019-12-11T08:43:26.944+0000][1][safepoint    ] Entering safepoint region: Cleanup
[2019-12-11T08:43:26.944+0000][1][safepoint    ] Leaving safepoint region
[2019-12-11T08:43:26.944+0000][1][safepoint    ] Total time for which application threads were stopped: 0.0001419 seconds, Stopping threads took: 0.0000312 seconds
[2019-12-11T08:43:27.949+0000][1][safepoint    ] Application time: 1.0048018 seconds
[2019-12-11T08:43:27.949+0000][1][safepoint    ] Entering safepoint region: Cleanup
[2019-12-11T08:43:27.949+0000][1][safepoint    ] Leaving safepoint region
[2019-12-11T08:43:27.949+0000][1][safepoint    ] Total time for which application threads were stopped: 0.0001184 seconds, Stopping threads took: 0.0000274 seconds
[2019-12-11T08:43:28.952+0000][1][safepoint    ] Application time: 1.0028195 seconds
[2019-12-11T08:43:28.952+0000][1][safepoint    ] Entering safepoint region: Cleanup
[2019-12-11T08:43:28.952+0000][1][safepoint    ] Leaving safepoint region
[2019-12-11T08:43:28.952+0000][1][safepoint    ] Total time for which application threads were stopped: 0.0001352 seconds, Stopping threads took: 0.0000432 seconds
[2019-12-11T08:43:29.953+0000][1][safepoint    ] Application time: 1.0008107 seconds
[2019-12-11T08:43:29.953+0000][1][safepoint    ] Entering safepoint region: Cleanup
[2019-12-11T08:43:29.953+0000][1][safepoint    ] Leaving safepoint region
[2019-12-11T08:43:29.953+0000][1][safepoint    ] Total time for which application threads were stopped: 0.0001227 seconds, Stopping threads took: 0.0000307 seconds
[2019-12-11T08:43:30.954+0000][1][safepoint    ] Application time: 1.0008101 seconds
[2019-12-11T08:43:30.954+0000][1][safepoint    ] Entering safepoint region: Cleanup
[2019-12-11T08:43:30.954+0000][1][safepoint    ] Leaving safepoint region
[2019-12-11T08:43:30.954+0000][1][safepoint    ] Total time for which application threads were stopped: 0.0001249 seconds, Stopping threads took: 0.0000278 seconds
[2019-12-11T08:43:31.956+0000][1][safepoint    ] Application time: 1.0018161 seconds
[2019-12-11T08:43:31.956+0000][1][safepoint    ] Entering safepoint region: Cleanup
[2019-12-11T08:43:31.956+0000][1][safepoint    ] Leaving safepoint region
[2019-12-11T08:43:31.956+0000][1][safepoint    ] Total time for which application threads were stopped: 0.0001180 seconds, Stopping threads took: 0.0000265 seconds
[2019-12-11T08:43:32.957+0000][1][safepoint    ] Application time: 1.0009643 seconds
[2019-12-11T08:43:32.957+0000][1][safepoint    ] Entering safepoint region: Cleanup
[2019-12-11T08:43:32.957+0000][1][safepoint    ] Leaving safepoint region
[2019-12-11T08:43:32.957+0000][1][safepoint    ] Total time for which application threads were stopped: 0.0001234 seconds, Stopping threads took: 0.0000318 seconds
[2019-12-11T08:43:33.963+0000][1][safepoint    ] Application time: 1.0058306 seconds
[2019-12-11T08:43:33.963+0000][1][safepoint    ] Entering safepoint region: Cleanup
[2019-12-11T08:43:33.963+0000][1][safepoint    ] Leaving safepoint region
[2019-12-11T08:43:33.963+0000][1][safepoint    ] Total time for which application threads were stopped: 0.0001193 seconds, Stopping threads took: 0.0000278 seconds
[2019-12-11T08:43:34.965+0000][1][safepoint    ] Application time: 1.0016783 seconds
[2019-12-11T08:43:34.965+0000][1][safepoint    ] Entering safepoint region: Cleanup
[2019-12-11T08:43:34.965+0000][1][safepoint    ] Leaving safepoint region
[2019-12-11T08:43:34.965+0000][1][safepoint    ] Total time for which application threads were stopped: 0.0001333 seconds, Stopping threads took: 0.0000380 seconds
[2019-12-11T08:43:35.967+0000][1][safepoint    ] Application time: 1.0018062 seconds
[2019-12-11T08:43:35.967+0000][1][safepoint    ] Entering safepoint region: Cleanup
[2019-12-11T08:43:35.967+0000][1][safepoint    ] Leaving safepoint region
[2019-12-11T08:43:35.967+0000][1][safepoint    ] Total time for which application threads were stopped: 0.0001358 seconds, Stopping threads took: 0.0000309 seconds
[2019-12-11T08:43:36.968+0000][1][safepoint    ] Application time: 1.0008457 seconds
[2019-12-11T08:43:36.968+0000][1][safepoint    ] Entering safepoint region: Cleanup
[2019-12-11T08:43:36.968+0000][1][safepoint    ] Leaving safepoint region
[2019-12-11T08:43:36.968+0000][1][safepoint    ] Total time for which application threads were stopped: 0.0001313 seconds, Stopping threads took: 0.0000366 seconds
[2019-12-11T08:43:37.969+0000][1][safepoint    ] Application time: 1.0006192 seconds
[2019-12-11T08:43:37.969+0000][1][safepoint    ] Entering safepoint region: Cleanup
[2019-12-11T08:43:37.969+0000][1][safepoint    ] Leaving safepoint region
[2019-12-11T08:43:37.969+0000][1][safepoint    ] Total time for which application threads were stopped: 0.0001391 seconds, Stopping threads took: 0.0000331 seconds
[2019-12-11T08:43:38.970+0000][1][safepoint    ] Application time: 1.0009639 seconds
[2019-12-11T08:43:38.970+0000][1][safepoint    ] Entering safepoint region: Cleanup
[2019-12-11T08:43:38.970+0000][1][safepoint    ] Leaving safepoint region
[2019-12-11T08:43:38.970+0000][1][safepoint    ] Total time for which application threads were stopped: 0.0001383 seconds, Stopping threads took: 0.0000397 seconds
[2019-12-11T08:43:39.971+0000][1][safepoint    ] Application time: 1.0007990 seconds
[2019-12-11T08:43:39.971+0000][1][safepoint    ] Entering safepoint region: Cleanup
[2019-12-11T08:43:39.971+0000][1][safepoint    ] Leaving safepoint region
[2019-12-11T08:43:39.971+0000][1][safepoint    ] Total time for which application threads were stopped: 0.0000978 seconds, Stopping threads took: 0.0000219 seconds
[2019-12-11T08:43:40.973+0000][1][safepoint    ] Application time: 1.0018741 seconds
[2019-12-11T08:43:40.973+0000][1][safepoint    ] Entering safepoint region: Cleanup
[2019-12-11T08:43:40.973+0000][1][safepoint    ] Leaving safepoint region
[2019-12-11T08:43:40.973+0000][1][safepoint    ] Total time for which application threads were stopped: 0.0001476 seconds, Stopping threads took: 0.0000422 seconds
[2019-12-11T08:43:41.973+0000][1][safepoint    ] Application time: 1.0000842 seconds
[2019-12-11T08:43:41.973+0000][1][safepoint    ] Entering safepoint region: Cleanup
[2019-12-11T08:43:41.973+0000][1][safepoint    ] Leaving safepoint region
[2019-12-11T08:43:41.973+0000][1][safepoint    ] Total time for which application threads were stopped: 0.0001145 seconds, Stopping threads took: 0.0000271 seconds
[2019-12-11T08:43:42.192+0000][1][safepoint    ] Application time: 0.2193056 seconds
[2019-12-11T08:43:42.193+0000][1][safepoint    ] Entering safepoint region: GenCollectForAllocation
[2019-12-11T08:43:42.193+0000][1][gc,start     ] GC(44) Pause Young (Allocation Failure)
[2019-12-11T08:43:42.193+0000][1][gc,task      ] GC(44) Using 2 workers of 2 for evacuation
[2019-12-11T08:43:42.200+0000][1][gc,age       ] GC(44) Desired survivor size 4456448 bytes, new threshold 6 (max threshold 6)
[2019-12-11T08:43:42.200+0000][1][gc,age       ] GC(44) Age table with threshold 6 (max threshold 6)
[2019-12-11T08:43:42.200+0000][1][gc,age       ] GC(44) - age   1:     685896 bytes,     685896 total
[2019-12-11T08:43:42.200+0000][1][gc,age       ] GC(44) - age   2:       1464 bytes,     687360 total
[2019-12-11T08:43:42.200+0000][1][gc,age       ] GC(44) - age   3:        400 bytes,     687760 total
[2019-12-11T08:43:42.200+0000][1][gc,age       ] GC(44) - age   4:        928 bytes,     688688 total
[2019-12-11T08:43:42.200+0000][1][gc,age       ] GC(44) - age   5:        512 bytes,     689200 total
[2019-12-11T08:43:42.200+0000][1][gc,age       ] GC(44) - age   6:       2520 bytes,     691720 total
[2019-12-11T08:43:42.200+0000][1][gc,heap      ] GC(44) ParNew: 70601K->691K(78656K)
[2019-12-11T08:43:42.200+0000][1][gc,heap      ] GC(44) CMS: 71356K->71358K(174784K)
[2019-12-11T08:43:42.200+0000][1][gc,metaspace ] GC(44) Metaspace: 75671K->75671K(1118208K)
[2019-12-11T08:43:42.200+0000][1][gc           ] GC(44) Pause Young (Allocation Failure) 138M->70M(247M) 7.105ms
[2019-12-11T08:43:42.200+0000][1][gc,cpu       ] GC(44) User=0.00s Sys=0.00s Real=0.01s
[2019-12-11T08:43:42.200+0000][1][safepoint    ] Leaving safepoint region
[2019-12-11T08:43:42.200+0000][1][safepoint    ] Total time for which application threads were stopped: 0.0073432 seconds, Stopping threads took: 0.0000290 seconds
[2019-12-11T08:43:43.202+0000][1][safepoint    ] Application time: 1.0018274 seconds
[2019-12-11T08:43:43.202+0000][1][safepoint    ] Entering safepoint region: Cleanup
[2019-12-11T08:43:43.202+0000][1][safepoint    ] Leaving safepoint region
[2019-12-11T08:43:43.202+0000][1][safepoint    ] Total time for which application threads were stopped: 0.0001255 seconds, Stopping threads took: 0.0000262 seconds
[2019-12-11T08:43:44.203+0000][1][safepoint    ] Application time: 1.0008456 seconds
[2019-12-11T08:43:44.203+0000][1][safepoint    ] Entering safepoint region: Cleanup
[2019-12-11T08:43:44.203+0000][1][safepoint    ] Leaving safepoint region
[2019-12-11T08:43:44.203+0000][1][safepoint    ] Total time for which application threads were stopped: 0.0001268 seconds, Stopping threads took: 0.0000281 seconds
[2019-12-11T08:43:45.205+0000][1][safepoint    ] Application time: 1.0017830 seconds
[2019-12-11T08:43:45.205+0000][1][safepoint    ] Entering safepoint region: Cleanup
[2019-12-11T08:43:45.205+0000][1][safepoint    ] Leaving safepoint region
[2019-12-11T08:43:45.205+0000][1][safepoint    ] Total time for which application threads were stopped: 0.0001115 seconds, Stopping threads took: 0.0000265 seconds
[2019-12-11T08:43:46.206+0000][1][safepoint    ] Application time: 1.0008515 seconds
[2019-12-11T08:43:46.206+0000][1][safepoint    ] Entering safepoint region: Cleanup
[2019-12-11T08:43:46.206+0000][1][safepoint    ] Leaving safepoint region
[2019-12-11T08:43:46.206+0000][1][safepoint    ] Total time for which application threads were stopped: 0.0001256 seconds, Stopping threads took: 0.0000339 seconds
[2019-12-11T08:43:47.208+0000][1][safepoint    ] Application time: 1.0018060 seconds
[2019-12-11T08:43:47.208+0000][1][safepoint    ] Entering safepoint region: Cleanup
[2019-12-11T08:43:47.208+0000][1][safepoint    ] Leaving safepoint region
[2019-12-11T08:43:47.208+0000][1][safepoint    ] Total time for which application threads were stopped: 0.0001235 seconds, Stopping threads took: 0.0000272 seconds
[2019-12-11T08:43:48.211+0000][1][safepoint    ] Application time: 1.0028364 seconds
[2019-12-11T08:43:48.211+0000][1][safepoint    ] Entering safepoint region: Cleanup
[2019-12-11T08:43:48.211+0000][1][safepoint    ] Leaving safepoint region
[2019-12-11T08:43:48.211+0000][1][safepoint    ] Total time for which application threads were stopped: 0.0001292 seconds, Stopping threads took: 0.0000351 seconds
[2019-12-11T08:43:49.213+0000][1][safepoint    ] Application time: 1.0017956 seconds
[2019-12-11T08:43:49.213+0000][1][safepoint    ] Entering safepoint region: Cleanup
[2019-12-11T08:43:49.213+0000][1][safepoint    ] Leaving safepoint region
[2019-12-11T08:43:49.213+0000][1][safepoint    ] Total time for which application threads were stopped: 0.0001253 seconds, Stopping threads took: 0.0000268 seconds
[2019-12-11T08:43:50.214+0000][1][safepoint    ] Application time: 1.0008598 seconds
[2019-12-11T08:43:50.214+0000][1][safepoint    ] Entering safepoint region: Cleanup
[2019-12-11T08:43:50.214+0000][1][safepoint    ] Leaving safepoint region
[2019-12-11T08:43:50.214+0000][1][safepoint    ] Total time for which application threads were stopped: 0.0001247 seconds, Stopping threads took: 0.0000297 seconds
[2019-12-11T08:43:51.215+0000][1][safepoint    ] Application time: 1.0007709 seconds
[2019-12-11T08:43:51.215+0000][1][safepoint    ] Entering safepoint region: Cleanup
[2019-12-11T08:43:51.215+0000][1][safepoint    ] Leaving safepoint region
[2019-12-11T08:43:51.215+0000][1][safepoint    ] Total time for which application threads were stopped: 0.0001252 seconds, Stopping threads took: 0.0000277 seconds
[2019-12-11T08:43:52.216+0000][1][safepoint    ] Application time: 1.0008411 seconds
[2019-12-11T08:43:52.216+0000][1][safepoint    ] Entering safepoint region: Cleanup
[2019-12-11T08:43:52.216+0000][1][safepoint    ] Leaving safepoint region
[2019-12-11T08:43:52.216+0000][1][safepoint    ] Total time for which application threads were stopped: 0.0001246 seconds, Stopping threads took: 0.0000286 seconds
[2019-12-11T08:43:53.218+0000][1][safepoint    ] Application time: 1.0018035 seconds
[2019-12-11T08:43:53.218+0000][1][safepoint    ] Entering safepoint region: Cleanup
[2019-12-11T08:43:53.218+0000][1][safepoint    ] Leaving safepoint region
[2019-12-11T08:43:53.218+0000][1][safepoint    ] Total time for which application threads were stopped: 0.0001106 seconds, Stopping threads took: 0.0000269 seconds
[2019-12-11T08:43:54.219+0000][1][safepoint    ] Application time: 1.0008168 seconds
[2019-12-11T08:43:54.219+0000][1][safepoint    ] Entering safepoint region: Cleanup
[2019-12-11T08:43:54.219+0000][1][safepoint    ] Leaving safepoint region
[2019-12-11T08:43:54.219+0000][1][safepoint    ] Total time for which application threads were stopped: 0.0001137 seconds, Stopping threads took: 0.0000283 seconds
[2019-12-11T08:43:55.221+0000][1][safepoint    ] Application time: 1.0018380 seconds
[2019-12-11T08:43:55.221+0000][1][safepoint    ] Entering safepoint region: Cleanup
[2019-12-11T08:43:55.221+0000][1][safepoint    ] Leaving safepoint region
[2019-12-11T08:43:55.221+0000][1][safepoint    ] Total time for which application threads were stopped: 0.0001175 seconds, Stopping threads took: 0.0000281 seconds
[2019-12-11T08:43:56.224+0000][1][safepoint    ] Application time: 1.0028189 seconds
[2019-12-11T08:43:56.224+0000][1][safepoint    ] Entering safepoint region: Cleanup
[2019-12-11T08:43:56.224+0000][1][safepoint    ] Leaving safepoint region
[2019-12-11T08:43:56.224+0000][1][safepoint    ] Total time for which application threads were stopped: 0.0001133 seconds, Stopping threads took: 0.0000268 seconds
[2019-12-11T08:43:57.225+0000][1][safepoint    ] Application time: 1.0008239 seconds
[2019-12-11T08:43:57.225+0000][1][safepoint    ] Entering safepoint region: Cleanup
[2019-12-11T08:43:57.225+0000][1][safepoint    ] Leaving safepoint region
[2019-12-11T08:43:57.225+0000][1][safepoint    ] Total time for which application threads were stopped: 0.0001391 seconds, Stopping threads took: 0.0000377 seconds
[2019-12-11T08:43:58.226+0000][1][safepoint    ] Application time: 1.0008026 seconds
[2019-12-11T08:43:58.226+0000][1][safepoint    ] Entering safepoint region: Cleanup
[2019-12-11T08:43:58.226+0000][1][safepoint    ] Leaving safepoint region
[2019-12-11T08:43:58.226+0000][1][safepoint    ] Total time for which application threads were stopped: 0.0001093 seconds, Stopping threads took: 0.0000253 seconds
[2019-12-11T08:43:59.228+0000][1][safepoint    ] Application time: 1.0018444 seconds
[2019-12-11T08:43:59.228+0000][1][safepoint    ] Entering safepoint region: Cleanup
[2019-12-11T08:43:59.228+0000][1][safepoint    ] Leaving safepoint region
[2019-12-11T08:43:59.228+0000][1][safepoint    ] Total time for which application threads were stopped: 0.0001048 seconds, Stopping threads took: 0.0000232 seconds
[2019-12-11T08:44:00.230+0000][1][safepoint    ] Application time: 1.0018562 seconds
[2019-12-11T08:44:00.230+0000][1][safepoint    ] Entering safepoint region: Cleanup
[2019-12-11T08:44:00.230+0000][1][safepoint    ] Leaving safepoint region
[2019-12-11T08:44:00.230+0000][1][safepoint    ] Total time for which application threads were stopped: 0.0001117 seconds, Stopping threads took: 0.0000270 seconds
[2019-12-11T08:44:01.233+0000][1][safepoint    ] Application time: 1.0028247 seconds
[2019-12-11T08:44:01.233+0000][1][safepoint    ] Entering safepoint region: Cleanup
[2019-12-11T08:44:01.233+0000][1][safepoint    ] Leaving safepoint region
[2019-12-11T08:44:01.233+0000][1][safepoint    ] Total time for which application threads were stopped: 0.0001254 seconds, Stopping threads took: 0.0000305 seconds
[2019-12-11T08:44:02.237+0000][1][safepoint    ] Application time: 1.0038116 seconds
[2019-12-11T08:44:02.237+0000][1][safepoint    ] Entering safepoint region: Cleanup
[2019-12-11T08:44:02.237+0000][1][safepoint    ] Leaving safepoint region
[2019-12-11T08:44:02.237+0000][1][safepoint    ] Total time for which application threads were stopped: 0.0001143 seconds, Stopping threads took: 0.0000261 seconds
[2019-12-11T08:44:03.238+0000][1][safepoint    ] Application time: 1.0008263 seconds
[2019-12-11T08:44:03.238+0000][1][safepoint    ] Entering safepoint region: Cleanup
[2019-12-11T08:44:03.238+0000][1][safepoint    ] Leaving safepoint region
[2019-12-11T08:44:03.238+0000][1][safepoint    ] Total time for which application threads were stopped: 0.0001085 seconds, Stopping threads took: 0.0000253 seconds
[2019-12-11T08:44:04.242+0000][1][safepoint    ] Application time: 1.0038430 seconds
[2019-12-11T08:44:04.242+0000][1][safepoint    ] Entering safepoint region: Cleanup
[2019-12-11T08:44:04.242+0000][1][safepoint    ] Leaving safepoint region
[2019-12-11T08:44:04.242+0000][1][safepoint    ] Total time for which application threads were stopped: 0.0001147 seconds, Stopping threads took: 0.0000272 seconds
[2019-12-11T08:44:05.244+0000][1][safepoint    ] Application time: 1.0018265 seconds
[2019-12-11T08:44:05.244+0000][1][safepoint    ] Entering safepoint region: Cleanup
[2019-12-11T08:44:05.244+0000][1][safepoint    ] Leaving safepoint region
[2019-12-11T08:44:05.244+0000][1][safepoint    ] Total time for which application threads were stopped: 0.0001235 seconds, Stopping threads took: 0.0000370 seconds
[2019-12-11T08:44:06.245+0000][1][safepoint    ] Application time: 1.0008237 seconds
[2019-12-11T08:44:06.245+0000][1][safepoint    ] Entering safepoint region: Cleanup
[2019-12-11T08:44:06.245+0000][1][safepoint    ] Leaving safepoint region
[2019-12-11T08:44:06.245+0000][1][safepoint    ] Total time for which application threads were stopped: 0.0001291 seconds, Stopping threads took: 0.0000291 seconds
[2019-12-11T08:44:07.251+0000][1][safepoint    ] Application time: 1.0058094 seconds
[2019-12-11T08:44:07.251+0000][1][safepoint    ] Entering safepoint region: Cleanup
[2019-12-11T08:44:07.251+0000][1][safepoint    ] Leaving safepoint region
[2019-12-11T08:44:07.251+0000][1][safepoint    ] Total time for which application threads were stopped: 0.0001192 seconds, Stopping threads took: 0.0000275 seconds
[2019-12-11T08:44:08.252+0000][1][safepoint    ] Application time: 1.0009624 seconds
[2019-12-11T08:44:08.252+0000][1][safepoint    ] Entering safepoint region: Cleanup
[2019-12-11T08:44:08.252+0000][1][safepoint    ] Leaving safepoint region
[2019-12-11T08:44:08.252+0000][1][safepoint    ] Total time for which application threads were stopped: 0.0001307 seconds, Stopping threads took: 0.0000280 seconds
[2019-12-11T08:44:09.254+0000][1][safepoint    ] Application time: 1.0017162 seconds
[2019-12-11T08:44:09.254+0000][1][safepoint    ] Entering safepoint region: Cleanup
[2019-12-11T08:44:09.254+0000][1][safepoint    ] Leaving safepoint region
[2019-12-11T08:44:09.254+0000][1][safepoint    ] Total time for which application threads were stopped: 0.0001812 seconds, Stopping threads took: 0.0000439 seconds
[2019-12-11T08:44:10.255+0000][1][safepoint    ] Application time: 1.0007914 seconds
[2019-12-11T08:44:10.255+0000][1][safepoint    ] Entering safepoint region: Cleanup
[2019-12-11T08:44:10.255+0000][1][safepoint    ] Leaving safepoint region
[2019-12-11T08:44:10.255+0000][1][safepoint    ] Total time for which application threads were stopped: 0.0001197 seconds, Stopping threads took: 0.0000283 seconds
[2019-12-11T08:44:11.258+0000][1][safepoint    ] Application time: 1.0027267 seconds
[2019-12-11T08:44:11.258+0000][1][safepoint    ] Entering safepoint region: Cleanup
[2019-12-11T08:44:11.258+0000][1][safepoint    ] Leaving safepoint region
[2019-12-11T08:44:11.258+0000][1][safepoint    ] Total time for which application threads were stopped: 0.0001567 seconds, Stopping threads took: 0.0000425 seconds
[2019-12-11T08:44:12.261+0000][1][safepoint    ] Application time: 1.0029227 seconds
[2019-12-11T08:44:12.261+0000][1][safepoint    ] Entering safepoint region: Cleanup
[2019-12-11T08:44:12.261+0000][1][safepoint    ] Leaving safepoint region
[2019-12-11T08:44:12.261+0000][1][safepoint    ] Total time for which application threads were stopped: 0.0001145 seconds, Stopping threads took: 0.0000280 seconds
[2019-12-11T08:44:13.261+0000][1][safepoint    ] Application time: 1.0000835 seconds
[2019-12-11T08:44:13.261+0000][1][safepoint    ] Entering safepoint region: Cleanup
[2019-12-11T08:44:13.261+0000][1][safepoint    ] Leaving safepoint region
[2019-12-11T08:44:13.261+0000][1][safepoint    ] Total time for which application threads were stopped: 0.0001226 seconds, Stopping threads took: 0.0000367 seconds
[2019-12-11T08:44:14.263+0000][1][safepoint    ] Application time: 1.0018748 seconds
[2019-12-11T08:44:14.263+0000][1][safepoint    ] Entering safepoint region: Cleanup
[2019-12-11T08:44:14.263+0000][1][safepoint    ] Leaving safepoint region
[2019-12-11T08:44:14.263+0000][1][safepoint    ] Total time for which application threads were stopped: 0.0001229 seconds, Stopping threads took: 0.0000303 seconds
[2019-12-11T08:44:15.266+0000][1][safepoint    ] Application time: 1.0023685 seconds
[2019-12-11T08:44:15.266+0000][1][safepoint    ] Entering safepoint region: Cleanup
[2019-12-11T08:44:15.266+0000][1][safepoint    ] Leaving safepoint region
[2019-12-11T08:44:15.266+0000][1][safepoint    ] Total time for which application threads were stopped: 0.0001321 seconds, Stopping threads took: 0.0000307 seconds
[2019-12-11T08:44:16.270+0000][1][safepoint    ] Application time: 1.0038038 seconds
[2019-12-11T08:44:16.270+0000][1][safepoint    ] Entering safepoint region: Cleanup
[2019-12-11T08:44:16.270+0000][1][safepoint    ] Leaving safepoint region
[2019-12-11T08:44:16.270+0000][1][safepoint    ] Total time for which application threads were stopped: 0.0001432 seconds, Stopping threads took: 0.0000395 seconds
[2019-12-11T08:44:17.272+0000][1][safepoint    ] Application time: 1.0017981 seconds
[2019-12-11T08:44:17.272+0000][1][safepoint    ] Entering safepoint region: Cleanup
[2019-12-11T08:44:17.272+0000][1][safepoint    ] Leaving safepoint region
[2019-12-11T08:44:17.272+0000][1][safepoint    ] Total time for which application threads were stopped: 0.0001156 seconds, Stopping threads took: 0.0000274 seconds
[2019-12-11T08:44:18.275+0000][1][safepoint    ] Application time: 1.0028355 seconds
[2019-12-11T08:44:18.275+0000][1][safepoint    ] Entering safepoint region: Cleanup
[2019-12-11T08:44:18.275+0000][1][safepoint    ] Leaving safepoint region
[2019-12-11T08:44:18.275+0000][1][safepoint    ] Total time for which application threads were stopped: 0.0001274 seconds, Stopping threads took: 0.0000302 seconds
[2019-12-11T08:44:19.276+0000][1][safepoint    ] Application time: 1.0008089 seconds
[2019-12-11T08:44:19.276+0000][1][safepoint    ] Entering safepoint region: Cleanup
[2019-12-11T08:44:19.276+0000][1][safepoint    ] Leaving safepoint region
[2019-12-11T08:44:19.276+0000][1][safepoint    ] Total time for which application threads were stopped: 0.0001236 seconds, Stopping threads took: 0.0000285 seconds
[2019-12-11T08:44:20.280+0000][1][safepoint    ] Application time: 1.0038149 seconds
[2019-12-11T08:44:20.280+0000][1][safepoint    ] Entering safepoint region: Cleanup
[2019-12-11T08:44:20.280+0000][1][safepoint    ] Leaving safepoint region
[2019-12-11T08:44:20.280+0000][1][safepoint    ] Total time for which application threads were stopped: 0.0001281 seconds, Stopping threads took: 0.0000321 seconds
[2019-12-11T08:44:21.282+0000][1][safepoint    ] Application time: 1.0018097 seconds
[2019-12-11T08:44:21.282+0000][1][safepoint    ] Entering safepoint region: Cleanup
[2019-12-11T08:44:21.282+0000][1][safepoint    ] Leaving safepoint region
[2019-12-11T08:44:21.282+0000][1][safepoint    ] Total time for which application threads were stopped: 0.0001265 seconds, Stopping threads took: 0.0000307 seconds
[2019-12-11T08:44:22.283+0000][1][safepoint    ] Application time: 1.0008119 seconds
[2019-12-11T08:44:22.283+0000][1][safepoint    ] Entering safepoint region: Cleanup
[2019-12-11T08:44:22.283+0000][1][safepoint    ] Leaving safepoint region
[2019-12-11T08:44:22.283+0000][1][safepoint    ] Total time for which application threads were stopped: 0.0001253 seconds, Stopping threads took: 0.0000390 seconds
[2019-12-11T08:44:22.880+0000][1][safepoint    ] Application time: 0.5972430 seconds
[2019-12-11T08:44:22.880+0000][1][safepoint    ] Entering safepoint region: GenCollectForAllocation
[2019-12-11T08:44:22.880+0000][1][gc,start     ] GC(45) Pause Young (Allocation Failure)
[2019-12-11T08:44:22.880+0000][1][gc,task      ] GC(45) Using 2 workers of 2 for evacuation
[2019-12-11T08:44:22.893+0000][1][gc,age       ] GC(45) Desired survivor size 4456448 bytes, new threshold 6 (max threshold 6)
[2019-12-11T08:44:22.893+0000][1][gc,age       ] GC(45) Age table with threshold 6 (max threshold 6)
[2019-12-11T08:44:22.893+0000][1][gc,age       ] GC(45) - age   1:     686176 bytes,     686176 total
[2019-12-11T08:44:22.893+0000][1][gc,age       ] GC(45) - age   2:       1312 bytes,     687488 total
[2019-12-11T08:44:22.893+0000][1][gc,age       ] GC(45) - age   3:       1392 bytes,     688880 total
[2019-12-11T08:44:22.893+0000][1][gc,age       ] GC(45) - age   4:        400 bytes,     689280 total
[2019-12-11T08:44:22.893+0000][1][gc,age       ] GC(45) - age   5:        928 bytes,     690208 total
[2019-12-11T08:44:22.893+0000][1][gc,age       ] GC(45) - age   6:        512 bytes,     690720 total
[2019-12-11T08:44:22.893+0000][1][gc,heap      ] GC(45) ParNew: 70643K->692K(78656K)
[2019-12-11T08:44:22.893+0000][1][gc,heap      ] GC(45) CMS: 71358K->71361K(174784K)
[2019-12-11T08:44:22.893+0000][1][gc,metaspace ] GC(45) Metaspace: 75704K->75704K(1118208K)
[2019-12-11T08:44:22.893+0000][1][gc           ] GC(45) Pause Young (Allocation Failure) 138M->70M(247M) 13.098ms
[2019-12-11T08:44:22.893+0000][1][gc,cpu       ] GC(45) User=0.01s Sys=0.00s Real=0.01s
[2019-12-11T08:44:22.893+0000][1][safepoint    ] Leaving safepoint region
[2019-12-11T08:44:22.894+0000][1][safepoint    ] Total time for which application threads were stopped: 0.0133199 seconds, Stopping threads took: 0.0000275 seconds
[2019-12-11T08:44:23.895+0000][1][safepoint    ] Application time: 1.0012154 seconds
[2019-12-11T08:44:23.895+0000][1][safepoint    ] Entering safepoint region: Cleanup
[2019-12-11T08:44:23.895+0000][1][safepoint    ] Leaving safepoint region
[2019-12-11T08:44:23.895+0000][1][safepoint    ] Total time for which application threads were stopped: 0.0001396 seconds, Stopping threads took: 0.0000415 seconds
[2019-12-11T08:44:24.897+0000][1][safepoint    ] Application time: 1.0017989 seconds
[2019-12-11T08:44:24.897+0000][1][safepoint    ] Entering safepoint region: Cleanup
[2019-12-11T08:44:24.897+0000][1][safepoint    ] Leaving safepoint region
[2019-12-11T08:44:24.897+0000][1][safepoint    ] Total time for which application threads were stopped: 0.0001157 seconds, Stopping threads took: 0.0000281 seconds
[2019-12-11T08:44:25.899+0000][1][safepoint    ] Application time: 1.0018893 seconds
[2019-12-11T08:44:25.899+0000][1][safepoint    ] Entering safepoint region: Cleanup
[2019-12-11T08:44:25.899+0000][1][safepoint    ] Leaving safepoint region
[2019-12-11T08:44:25.899+0000][1][safepoint    ] Total time for which application threads were stopped: 0.0001216 seconds, Stopping threads took: 0.0000270 seconds
[2019-12-11T08:44:26.900+0000][1][safepoint    ] Application time: 1.0007654 seconds
[2019-12-11T08:44:26.900+0000][1][safepoint    ] Entering safepoint region: Cleanup
[2019-12-11T08:44:26.900+0000][1][safepoint    ] Leaving safepoint region
[2019-12-11T08:44:26.900+0000][1][safepoint    ] Total time for which application threads were stopped: 0.0001281 seconds, Stopping threads took: 0.0000365 seconds
[2019-12-11T08:44:27.903+0000][1][safepoint    ] Application time: 1.0027902 seconds
[2019-12-11T08:44:27.903+0000][1][safepoint    ] Entering safepoint region: Cleanup
[2019-12-11T08:44:27.903+0000][1][safepoint    ] Leaving safepoint region
[2019-12-11T08:44:27.903+0000][1][safepoint    ] Total time for which application threads were stopped: 0.0001278 seconds, Stopping threads took: 0.0000312 seconds
[2019-12-11T08:44:28.909+0000][1][safepoint    ] Application time: 1.0058004 seconds
[2019-12-11T08:44:28.909+0000][1][safepoint    ] Entering safepoint region: Cleanup
[2019-12-11T08:44:28.909+0000][1][safepoint    ] Leaving safepoint region
[2019-12-11T08:44:28.909+0000][1][safepoint    ] Total time for which application threads were stopped: 0.0001120 seconds, Stopping threads took: 0.0000273 seconds
[2019-12-11T08:44:29.910+0000][1][safepoint    ] Application time: 1.0008430 seconds
[2019-12-11T08:44:29.910+0000][1][safepoint    ] Entering safepoint region: Cleanup
[2019-12-11T08:44:29.910+0000][1][safepoint    ] Leaving safepoint region
[2019-12-11T08:44:29.910+0000][1][safepoint    ] Total time for which application threads were stopped: 0.0001217 seconds, Stopping threads took: 0.0000278 seconds
[2019-12-11T08:44:30.911+0000][1][safepoint    ] Application time: 1.0008517 seconds
[2019-12-11T08:44:30.911+0000][1][safepoint    ] Entering safepoint region: Cleanup
[2019-12-11T08:44:30.911+0000][1][safepoint    ] Leaving safepoint region
[2019-12-11T08:44:30.911+0000][1][safepoint    ] Total time for which application threads were stopped: 0.0001293 seconds, Stopping threads took: 0.0000313 seconds
[2019-12-11T08:44:31.913+0000][1][safepoint    ] Application time: 1.0022695 seconds
[2019-12-11T08:44:31.913+0000][1][safepoint    ] Entering safepoint region: Cleanup
[2019-12-11T08:44:31.913+0000][1][safepoint    ] Leaving safepoint region
[2019-12-11T08:44:31.913+0000][1][safepoint    ] Total time for which application threads were stopped: 0.0001209 seconds, Stopping threads took: 0.0000291 seconds
[2019-12-11T08:44:32.915+0000][1][safepoint    ] Application time: 1.0013229 seconds
[2019-12-11T08:44:32.915+0000][1][safepoint    ] Entering safepoint region: Cleanup
[2019-12-11T08:44:32.915+0000][1][safepoint    ] Leaving safepoint region
[2019-12-11T08:44:32.915+0000][1][safepoint    ] Total time for which application threads were stopped: 0.0001131 seconds, Stopping threads took: 0.0000266 seconds
[2019-12-11T08:44:33.916+0000][1][safepoint    ] Application time: 1.0009019 seconds
[2019-12-11T08:44:33.916+0000][1][safepoint    ] Entering safepoint region: Cleanup
[2019-12-11T08:44:33.916+0000][1][safepoint    ] Leaving safepoint region
[2019-12-11T08:44:33.916+0000][1][safepoint    ] Total time for which application threads were stopped: 0.0001218 seconds, Stopping threads took: 0.0000281 seconds
[2019-12-11T08:44:34.917+0000][1][safepoint    ] Application time: 1.0007533 seconds
[2019-12-11T08:44:34.917+0000][1][safepoint    ] Entering safepoint region: Cleanup
[2019-12-11T08:44:34.917+0000][1][safepoint    ] Leaving safepoint region
[2019-12-11T08:44:34.917+0000][1][safepoint    ] Total time for which application threads were stopped: 0.0001234 seconds, Stopping threads took: 0.0000290 seconds
[2019-12-11T08:44:35.918+0000][1][safepoint    ] Application time: 1.0008342 seconds
[2019-12-11T08:44:35.918+0000][1][safepoint    ] Entering safepoint region: Cleanup
[2019-12-11T08:44:35.918+0000][1][safepoint    ] Leaving safepoint region
[2019-12-11T08:44:35.918+0000][1][safepoint    ] Total time for which application threads were stopped: 0.0001172 seconds, Stopping threads took: 0.0000296 seconds
[2019-12-11T08:44:36.921+0000][1][safepoint    ] Application time: 1.0028133 seconds
[2019-12-11T08:44:36.921+0000][1][safepoint    ] Entering safepoint region: Cleanup
[2019-12-11T08:44:36.921+0000][1][safepoint    ] Leaving safepoint region
[2019-12-11T08:44:36.921+0000][1][safepoint    ] Total time for which application threads were stopped: 0.0001354 seconds, Stopping threads took: 0.0000311 seconds
[2019-12-11T08:44:37.923+0000][1][safepoint    ] Application time: 1.0019045 seconds
[2019-12-11T08:44:37.923+0000][1][safepoint    ] Entering safepoint region: Cleanup
[2019-12-11T08:44:37.923+0000][1][safepoint    ] Leaving safepoint region
[2019-12-11T08:44:37.923+0000][1][safepoint    ] Total time for which application threads were stopped: 0.0001228 seconds, Stopping threads took: 0.0000296 seconds
[2019-12-11T08:44:38.926+0000][1][safepoint    ] Application time: 1.0027254 seconds
[2019-12-11T08:44:38.926+0000][1][safepoint    ] Entering safepoint region: Cleanup
[2019-12-11T08:44:38.926+0000][1][safepoint    ] Leaving safepoint region
[2019-12-11T08:44:38.926+0000][1][safepoint    ] Total time for which application threads were stopped: 0.0001171 seconds, Stopping threads took: 0.0000265 seconds
[2019-12-11T08:44:39.927+0000][1][safepoint    ] Application time: 1.0008240 seconds
[2019-12-11T08:44:39.927+0000][1][safepoint    ] Entering safepoint region: Cleanup
[2019-12-11T08:44:39.927+0000][1][safepoint    ] Leaving safepoint region
[2019-12-11T08:44:39.927+0000][1][safepoint    ] Total time for which application threads were stopped: 0.0001138 seconds, Stopping threads took: 0.0000283 seconds
[2019-12-11T08:44:40.932+0000][1][safepoint    ] Application time: 1.0048832 seconds
[2019-12-11T08:44:40.932+0000][1][safepoint    ] Entering safepoint region: Cleanup
[2019-12-11T08:44:40.932+0000][1][safepoint    ] Leaving safepoint region
[2019-12-11T08:44:40.932+0000][1][safepoint    ] Total time for which application threads were stopped: 0.0001268 seconds, Stopping threads took: 0.0000293 seconds
[2019-12-11T08:44:41.933+0000][1][safepoint    ] Application time: 1.0008368 seconds
[2019-12-11T08:44:41.933+0000][1][safepoint    ] Entering safepoint region: Cleanup
[2019-12-11T08:44:41.933+0000][1][safepoint    ] Leaving safepoint region
[2019-12-11T08:44:41.933+0000][1][safepoint    ] Total time for which application threads were stopped: 0.0001193 seconds, Stopping threads took: 0.0000283 seconds
[2019-12-11T08:44:42.935+0000][1][safepoint    ] Application time: 1.0017479 seconds
[2019-12-11T08:44:42.935+0000][1][safepoint    ] Entering safepoint region: Cleanup
[2019-12-11T08:44:42.935+0000][1][safepoint    ] Leaving safepoint region
[2019-12-11T08:44:42.935+0000][1][safepoint    ] Total time for which application threads were stopped: 0.0001249 seconds, Stopping threads took: 0.0000289 seconds
[2019-12-11T08:44:43.937+0000][1][safepoint    ] Application time: 1.0018135 seconds
[2019-12-11T08:44:43.937+0000][1][safepoint    ] Entering safepoint region: Cleanup
[2019-12-11T08:44:43.937+0000][1][safepoint    ] Leaving safepoint region
[2019-12-11T08:44:43.937+0000][1][safepoint    ] Total time for which application threads were stopped: 0.0001281 seconds, Stopping threads took: 0.0000385 seconds
[2019-12-11T08:44:44.938+0000][1][safepoint    ] Application time: 1.0008535 seconds
[2019-12-11T08:44:44.938+0000][1][safepoint    ] Entering safepoint region: Cleanup
[2019-12-11T08:44:44.938+0000][1][safepoint    ] Leaving safepoint region
[2019-12-11T08:44:44.938+0000][1][safepoint    ] Total time for which application threads were stopped: 0.0001228 seconds, Stopping threads took: 0.0000281 seconds
[2019-12-11T08:44:45.942+0000][1][safepoint    ] Application time: 1.0041141 seconds
[2019-12-11T08:44:45.942+0000][1][safepoint    ] Entering safepoint region: Cleanup
[2019-12-11T08:44:45.942+0000][1][safepoint    ] Leaving safepoint region
[2019-12-11T08:44:45.942+0000][1][safepoint    ] Total time for which application threads were stopped: 0.0001182 seconds, Stopping threads took: 0.0000273 seconds
[2019-12-11T08:44:46.943+0000][1][safepoint    ] Application time: 1.0005118 seconds
[2019-12-11T08:44:46.943+0000][1][safepoint    ] Entering safepoint region: Cleanup
[2019-12-11T08:44:46.943+0000][1][safepoint    ] Leaving safepoint region
[2019-12-11T08:44:46.943+0000][1][safepoint    ] Total time for which application threads were stopped: 0.0001235 seconds, Stopping threads took: 0.0000272 seconds
[2019-12-11T08:44:47.945+0000][1][safepoint    ] Application time: 1.0019194 seconds
[2019-12-11T08:44:47.945+0000][1][safepoint    ] Entering safepoint region: Cleanup
[2019-12-11T08:44:47.945+0000][1][safepoint    ] Leaving safepoint region
[2019-12-11T08:44:47.945+0000][1][safepoint    ] Total time for which application threads were stopped: 0.0001189 seconds, Stopping threads took: 0.0000276 seconds
[2019-12-11T08:44:48.948+0000][1][safepoint    ] Application time: 1.0027076 seconds
[2019-12-11T08:44:48.948+0000][1][safepoint    ] Entering safepoint region: Cleanup
[2019-12-11T08:44:48.948+0000][1][safepoint    ] Leaving safepoint region
[2019-12-11T08:44:48.948+0000][1][safepoint    ] Total time for which application threads were stopped: 0.0001155 seconds, Stopping threads took: 0.0000280 seconds
[2019-12-11T08:44:49.949+0000][1][safepoint    ] Application time: 1.0008279 seconds
[2019-12-11T08:44:49.949+0000][1][safepoint    ] Entering safepoint region: Cleanup
[2019-12-11T08:44:49.949+0000][1][safepoint    ] Leaving safepoint region
[2019-12-11T08:44:49.949+0000][1][safepoint    ] Total time for which application threads were stopped: 0.0001239 seconds, Stopping threads took: 0.0000372 seconds
[2019-12-11T08:44:50.950+0000][1][safepoint    ] Application time: 1.0008600 seconds
[2019-12-11T08:44:50.950+0000][1][safepoint    ] Entering safepoint region: Cleanup
[2019-12-11T08:44:50.950+0000][1][safepoint    ] Leaving safepoint region
[2019-12-11T08:44:50.950+0000][1][safepoint    ] Total time for which application threads were stopped: 0.0001226 seconds, Stopping threads took: 0.0000292 seconds
[2019-12-11T08:44:51.951+0000][1][safepoint    ] Application time: 1.0007995 seconds
[2019-12-11T08:44:51.951+0000][1][safepoint    ] Entering safepoint region: Cleanup
[2019-12-11T08:44:51.951+0000][1][safepoint    ] Leaving safepoint region
[2019-12-11T08:44:51.951+0000][1][safepoint    ] Total time for which application threads were stopped: 0.0001143 seconds, Stopping threads took: 0.0000267 seconds
[2019-12-11T08:44:52.953+0000][1][safepoint    ] Application time: 1.0018215 seconds
[2019-12-11T08:44:52.953+0000][1][safepoint    ] Entering safepoint region: Cleanup
[2019-12-11T08:44:52.953+0000][1][safepoint    ] Leaving safepoint region
[2019-12-11T08:44:52.953+0000][1][safepoint    ] Total time for which application threads were stopped: 0.0001389 seconds, Stopping threads took: 0.0000301 seconds
[2019-12-11T08:44:53.954+0000][1][safepoint    ] Application time: 1.0008192 seconds
[2019-12-11T08:44:53.954+0000][1][safepoint    ] Entering safepoint region: Cleanup
[2019-12-11T08:44:53.954+0000][1][safepoint    ] Leaving safepoint region
[2019-12-11T08:44:53.954+0000][1][safepoint    ] Total time for which application threads were stopped: 0.0001244 seconds, Stopping threads took: 0.0000301 seconds
[2019-12-11T08:44:54.955+0000][1][safepoint    ] Application time: 1.0007804 seconds
[2019-12-11T08:44:54.955+0000][1][safepoint    ] Entering safepoint region: Cleanup
[2019-12-11T08:44:54.955+0000][1][safepoint    ] Leaving safepoint region
[2019-12-11T08:44:54.955+0000][1][safepoint    ] Total time for which application threads were stopped: 0.0001281 seconds, Stopping threads took: 0.0000401 seconds
[2019-12-11T08:44:55.956+0000][1][safepoint    ] Application time: 1.0008181 seconds
[2019-12-11T08:44:55.956+0000][1][safepoint    ] Entering safepoint region: Cleanup
[2019-12-11T08:44:55.956+0000][1][safepoint    ] Leaving safepoint region
[2019-12-11T08:44:55.956+0000][1][safepoint    ] Total time for which application threads were stopped: 0.0001153 seconds, Stopping threads took: 0.0000282 seconds
[2019-12-11T08:44:56.958+0000][1][safepoint    ] Application time: 1.0018311 seconds
[2019-12-11T08:44:56.958+0000][1][safepoint    ] Entering safepoint region: Cleanup
[2019-12-11T08:44:56.958+0000][1][safepoint    ] Leaving safepoint region
[2019-12-11T08:44:56.958+0000][1][safepoint    ] Total time for which application threads were stopped: 0.0001414 seconds, Stopping threads took: 0.0000324 seconds
[2019-12-11T08:44:57.961+0000][1][safepoint    ] Application time: 1.0028124 seconds
[2019-12-11T08:44:57.961+0000][1][safepoint    ] Entering safepoint region: Cleanup
[2019-12-11T08:44:57.961+0000][1][safepoint    ] Leaving safepoint region
[2019-12-11T08:44:57.961+0000][1][safepoint    ] Total time for which application threads were stopped: 0.0001173 seconds, Stopping threads took: 0.0000275 seconds
[2019-12-11T08:44:58.964+0000][1][safepoint    ] Application time: 1.0028137 seconds
[2019-12-11T08:44:58.964+0000][1][safepoint    ] Entering safepoint region: Cleanup
[2019-12-11T08:44:58.964+0000][1][safepoint    ] Leaving safepoint region
[2019-12-11T08:44:58.964+0000][1][safepoint    ] Total time for which application threads were stopped: 0.0001097 seconds, Stopping threads took: 0.0000262 seconds
[2019-12-11T08:44:59.966+0000][1][safepoint    ] Application time: 1.0018398 seconds
[2019-12-11T08:44:59.966+0000][1][safepoint    ] Entering safepoint region: Cleanup
[2019-12-11T08:44:59.966+0000][1][safepoint    ] Leaving safepoint region
[2019-12-11T08:44:59.966+0000][1][safepoint    ] Total time for which application threads were stopped: 0.0001213 seconds, Stopping threads took: 0.0000290 seconds
[2019-12-11T08:45:00.967+0000][1][safepoint    ] Application time: 1.0008169 seconds
[2019-12-11T08:45:00.967+0000][1][safepoint    ] Entering safepoint region: Cleanup
[2019-12-11T08:45:00.967+0000][1][safepoint    ] Leaving safepoint region
[2019-12-11T08:45:00.967+0000][1][safepoint    ] Total time for which application threads were stopped: 0.0001312 seconds, Stopping threads took: 0.0000284 seconds
[2019-12-11T08:45:01.968+0000][1][safepoint    ] Application time: 1.0008318 seconds
[2019-12-11T08:45:01.968+0000][1][safepoint    ] Entering safepoint region: Cleanup
[2019-12-11T08:45:01.968+0000][1][safepoint    ] Leaving safepoint region
[2019-12-11T08:45:01.968+0000][1][safepoint    ] Total time for which application threads were stopped: 0.0001211 seconds, Stopping threads took: 0.0000291 seconds
[2019-12-11T08:45:02.969+0000][1][safepoint    ] Application time: 1.0008190 seconds
[2019-12-11T08:45:02.969+0000][1][safepoint    ] Entering safepoint region: Cleanup
[2019-12-11T08:45:02.969+0000][1][safepoint    ] Leaving safepoint region
[2019-12-11T08:45:02.969+0000][1][safepoint    ] Total time for which application threads were stopped: 0.0001321 seconds, Stopping threads took: 0.0000293 seconds
[2019-12-11T08:45:03.970+0000][1][safepoint    ] Application time: 1.0008255 seconds
[2019-12-11T08:45:03.970+0000][1][safepoint    ] Entering safepoint region: Cleanup
[2019-12-11T08:45:03.970+0000][1][safepoint    ] Leaving safepoint region
[2019-12-11T08:45:03.970+0000][1][safepoint    ] Total time for which application threads were stopped: 0.0001235 seconds, Stopping threads took: 0.0000280 seconds
[2019-12-11T08:45:04.525+0000][1][safepoint    ] Application time: 0.5549001 seconds
[2019-12-11T08:45:04.525+0000][1][safepoint    ] Entering safepoint region: GenCollectForAllocation
[2019-12-11T08:45:04.525+0000][1][gc,start     ] GC(46) Pause Young (Allocation Failure)
[2019-12-11T08:45:04.525+0000][1][gc,task      ] GC(46) Using 2 workers of 2 for evacuation
[2019-12-11T08:45:04.535+0000][1][gc,age       ] GC(46) Desired survivor size 4456448 bytes, new threshold 6 (max threshold 6)
[2019-12-11T08:45:04.535+0000][1][gc,age       ] GC(46) Age table with threshold 6 (max threshold 6)
[2019-12-11T08:45:04.535+0000][1][gc,age       ] GC(46) - age   1:     684792 bytes,     684792 total
[2019-12-11T08:45:04.535+0000][1][gc,age       ] GC(46) - age   2:       2192 bytes,     686984 total
[2019-12-11T08:45:04.535+0000][1][gc,age       ] GC(46) - age   3:       1024 bytes,     688008 total
[2019-12-11T08:45:04.535+0000][1][gc,age       ] GC(46) - age   4:       1392 bytes,     689400 total
[2019-12-11T08:45:04.536+0000][1][gc,age       ] GC(46) - age   5:        400 bytes,     689800 total
[2019-12-11T08:45:04.536+0000][1][gc,age       ] GC(46) - age   6:        928 bytes,     690728 total
[2019-12-11T08:45:04.536+0000][1][gc,heap      ] GC(46) ParNew: 70601K->674K(78656K)
[2019-12-11T08:45:04.536+0000][1][gc,heap      ] GC(46) CMS: 71361K->71361K(174784K)
[2019-12-11T08:45:04.536+0000][1][gc,metaspace ] GC(46) Metaspace: 75714K->75714K(1118208K)
[2019-12-11T08:45:04.536+0000][1][gc           ] GC(46) Pause Young (Allocation Failure) 138M->70M(247M) 10.553ms
[2019-12-11T08:45:04.536+0000][1][gc,cpu       ] GC(46) User=0.01s Sys=0.00s Real=0.01s
[2019-12-11T08:45:04.536+0000][1][safepoint    ] Leaving safepoint region
[2019-12-11T08:45:04.536+0000][1][safepoint    ] Total time for which application threads were stopped: 0.0107772 seconds, Stopping threads took: 0.0000282 seconds
[2019-12-11T08:45:05.540+0000][1][safepoint    ] Application time: 1.0040412 seconds
[2019-12-11T08:45:05.540+0000][1][safepoint    ] Entering safepoint region: Cleanup
[2019-12-11T08:45:05.540+0000][1][safepoint    ] Leaving safepoint region
[2019-12-11T08:45:05.540+0000][1][safepoint    ] Total time for which application threads were stopped: 0.0001184 seconds, Stopping threads took: 0.0000274 seconds
[2019-12-11T08:45:06.541+0000][1][safepoint    ] Application time: 1.0010100 seconds
[2019-12-11T08:45:06.541+0000][1][safepoint    ] Entering safepoint region: Cleanup
[2019-12-11T08:45:06.541+0000][1][safepoint    ] Leaving safepoint region
[2019-12-11T08:45:06.541+0000][1][safepoint    ] Total time for which application threads were stopped: 0.0001463 seconds, Stopping threads took: 0.0000289 seconds
[2019-12-11T08:45:07.542+0000][1][safepoint    ] Application time: 1.0004589 seconds
[2019-12-11T08:45:07.542+0000][1][safepoint    ] Entering safepoint region: Cleanup
[2019-12-11T08:45:07.542+0000][1][safepoint    ] Leaving safepoint region
[2019-12-11T08:45:07.542+0000][1][safepoint    ] Total time for which application threads were stopped: 0.0001405 seconds, Stopping threads took: 0.0000266 seconds
[2019-12-11T08:45:08.542+0000][1][safepoint    ] Application time: 1.0000824 seconds
[2019-12-11T08:45:08.542+0000][1][safepoint    ] Entering safepoint region: Cleanup
[2019-12-11T08:45:08.542+0000][1][safepoint    ] Leaving safepoint region
[2019-12-11T08:45:08.542+0000][1][safepoint    ] Total time for which application threads were stopped: 0.0001172 seconds, Stopping threads took: 0.0000257 seconds
[2019-12-11T08:45:09.545+0000][1][safepoint    ] Application time: 1.0027073 seconds
[2019-12-11T08:45:09.545+0000][1][safepoint    ] Entering safepoint region: Cleanup
[2019-12-11T08:45:09.545+0000][1][safepoint    ] Leaving safepoint region
[2019-12-11T08:45:09.545+0000][1][safepoint    ] Total time for which application threads were stopped: 0.0001202 seconds, Stopping threads took: 0.0000270 seconds
[2019-12-11T08:45:10.546+0000][1][safepoint    ] Application time: 1.0008435 seconds
[2019-12-11T08:45:10.546+0000][1][safepoint    ] Entering safepoint region: Cleanup
[2019-12-11T08:45:10.546+0000][1][safepoint    ] Leaving safepoint region
[2019-12-11T08:45:10.546+0000][1][safepoint    ] Total time for which application threads were stopped: 0.0001200 seconds, Stopping threads took: 0.0000279 seconds
[2019-12-11T08:45:11.548+0000][1][safepoint    ] Application time: 1.0018332 seconds
[2019-12-11T08:45:11.548+0000][1][safepoint    ] Entering safepoint region: Cleanup
[2019-12-11T08:45:11.548+0000][1][safepoint    ] Leaving safepoint region
[2019-12-11T08:45:11.548+0000][1][safepoint    ] Total time for which application threads were stopped: 0.0001280 seconds, Stopping threads took: 0.0000289 seconds
[2019-12-11T08:45:12.551+0000][1][safepoint    ] Application time: 1.0029161 seconds
[2019-12-11T08:45:12.551+0000][1][safepoint    ] Entering safepoint region: Cleanup
[2019-12-11T08:45:12.551+0000][1][safepoint    ] Leaving safepoint region
[2019-12-11T08:45:12.551+0000][1][safepoint    ] Total time for which application threads were stopped: 0.0001172 seconds, Stopping threads took: 0.0000271 seconds
[2019-12-11T08:45:13.552+0000][1][safepoint    ] Application time: 1.0006857 seconds
[2019-12-11T08:45:13.552+0000][1][safepoint    ] Entering safepoint region: Cleanup
[2019-12-11T08:45:13.552+0000][1][safepoint    ] Leaving safepoint region
[2019-12-11T08:45:13.552+0000][1][safepoint    ] Total time for which application threads were stopped: 0.0001298 seconds, Stopping threads took: 0.0000299 seconds
[2019-12-11T08:45:14.554+0000][1][safepoint    ] Application time: 1.0017914 seconds
[2019-12-11T08:45:14.554+0000][1][safepoint    ] Entering safepoint region: Cleanup
[2019-12-11T08:45:14.554+0000][1][safepoint    ] Leaving safepoint region
[2019-12-11T08:45:14.554+0000][1][safepoint    ] Total time for which application threads were stopped: 0.0001251 seconds, Stopping threads took: 0.0000298 seconds
[2019-12-11T08:45:15.554+0000][1][safepoint    ] Application time: 1.0000813 seconds
[2019-12-11T08:45:15.554+0000][1][safepoint    ] Entering safepoint region: Cleanup
[2019-12-11T08:45:15.554+0000][1][safepoint    ] Leaving safepoint region
[2019-12-11T08:45:15.554+0000][1][safepoint    ] Total time for which application threads were stopped: 0.0000845 seconds, Stopping threads took: 0.0000197 seconds
[2019-12-11T08:45:16.555+0000][1][safepoint    ] Application time: 1.0006067 seconds
[2019-12-11T08:45:16.555+0000][1][safepoint    ] Entering safepoint region: Cleanup
[2019-12-11T08:45:16.555+0000][1][safepoint    ] Leaving safepoint region
[2019-12-11T08:45:16.555+0000][1][safepoint    ] Total time for which application threads were stopped: 0.0001429 seconds, Stopping threads took: 0.0000494 seconds
[2019-12-11T08:45:17.556+0000][1][safepoint    ] Application time: 1.0008056 seconds
[2019-12-11T08:45:17.556+0000][1][safepoint    ] Entering safepoint region: Cleanup
[2019-12-11T08:45:17.556+0000][1][safepoint    ] Leaving safepoint region
[2019-12-11T08:45:17.556+0000][1][safepoint    ] Total time for which application threads were stopped: 0.0001249 seconds, Stopping threads took: 0.0000299 seconds
[2019-12-11T08:45:18.558+0000][1][safepoint    ] Application time: 1.0018169 seconds
[2019-12-11T08:45:18.558+0000][1][safepoint    ] Entering safepoint region: Cleanup
[2019-12-11T08:45:18.558+0000][1][safepoint    ] Leaving safepoint region
[2019-12-11T08:45:18.558+0000][1][safepoint    ] Total time for which application threads were stopped: 0.0001454 seconds, Stopping threads took: 0.0000354 seconds
[2019-12-11T08:45:19.559+0000][1][safepoint    ] Application time: 1.0008204 seconds
[2019-12-11T08:45:19.559+0000][1][safepoint    ] Entering safepoint region: Cleanup
[2019-12-11T08:45:19.559+0000][1][safepoint    ] Leaving safepoint region
[2019-12-11T08:45:19.559+0000][1][safepoint    ] Total time for which application threads were stopped: 0.0001191 seconds, Stopping threads took: 0.0000272 seconds
[2019-12-11T08:45:20.560+0000][1][safepoint    ] Application time: 1.0008477 seconds
[2019-12-11T08:45:20.560+0000][1][safepoint    ] Entering safepoint region: Cleanup
[2019-12-11T08:45:20.560+0000][1][safepoint    ] Leaving safepoint region
[2019-12-11T08:45:20.560+0000][1][safepoint    ] Total time for which application threads were stopped: 0.0001210 seconds, Stopping threads took: 0.0000282 seconds
[2019-12-11T08:45:21.562+0000][1][safepoint    ] Application time: 1.0017873 seconds
[2019-12-11T08:45:21.562+0000][1][safepoint    ] Entering safepoint region: Cleanup
[2019-12-11T08:45:21.562+0000][1][safepoint    ] Leaving safepoint region
[2019-12-11T08:45:21.562+0000][1][safepoint    ] Total time for which application threads were stopped: 0.0001095 seconds, Stopping threads took: 0.0000260 seconds
[2019-12-11T08:45:22.563+0000][1][safepoint    ] Application time: 1.0008524 seconds
[2019-12-11T08:45:22.563+0000][1][safepoint    ] Entering safepoint region: Cleanup
[2019-12-11T08:45:22.563+0000][1][safepoint    ] Leaving safepoint region
[2019-12-11T08:45:22.563+0000][1][safepoint    ] Total time for which application threads were stopped: 0.0001283 seconds, Stopping threads took: 0.0000275 seconds
[2019-12-11T08:45:23.565+0000][1][safepoint    ] Application time: 1.0018087 seconds
[2019-12-11T08:45:23.565+0000][1][safepoint    ] Entering safepoint region: Cleanup
[2019-12-11T08:45:23.565+0000][1][safepoint    ] Leaving safepoint region
[2019-12-11T08:45:23.565+0000][1][safepoint    ] Total time for which application threads were stopped: 0.0001286 seconds, Stopping threads took: 0.0000309 seconds
[2019-12-11T08:45:24.566+0000][1][safepoint    ] Application time: 1.0008034 seconds
[2019-12-11T08:45:24.566+0000][1][safepoint    ] Entering safepoint region: Cleanup
[2019-12-11T08:45:24.566+0000][1][safepoint    ] Leaving safepoint region
[2019-12-11T08:45:24.566+0000][1][safepoint    ] Total time for which application threads were stopped: 0.0001336 seconds, Stopping threads took: 0.0000293 seconds
[2019-12-11T08:45:25.567+0000][1][safepoint    ] Application time: 1.0007925 seconds
[2019-12-11T08:45:25.567+0000][1][safepoint    ] Entering safepoint region: Cleanup
[2019-12-11T08:45:25.567+0000][1][safepoint    ] Leaving safepoint region
[2019-12-11T08:45:25.567+0000][1][safepoint    ] Total time for which application threads were stopped: 0.0001336 seconds, Stopping threads took: 0.0000303 seconds
[2019-12-11T08:45:26.572+0000][1][safepoint    ] Application time: 1.0048282 seconds
[2019-12-11T08:45:26.572+0000][1][safepoint    ] Entering safepoint region: Cleanup
[2019-12-11T08:45:26.572+0000][1][safepoint    ] Leaving safepoint region
[2019-12-11T08:45:26.572+0000][1][safepoint    ] Total time for which application threads were stopped: 0.0001097 seconds, Stopping threads took: 0.0000262 seconds
[2019-12-11T08:45:27.572+0000][1][safepoint    ] Application time: 1.0005878 seconds
[2019-12-11T08:45:27.573+0000][1][safepoint    ] Entering safepoint region: Cleanup
[2019-12-11T08:45:27.573+0000][1][safepoint    ] Leaving safepoint region
[2019-12-11T08:45:27.573+0000][1][safepoint    ] Total time for which application threads were stopped: 0.0001264 seconds, Stopping threads took: 0.0000303 seconds
[2019-12-11T08:45:28.575+0000][1][safepoint    ] Application time: 1.0020443 seconds
[2019-12-11T08:45:28.575+0000][1][safepoint    ] Entering safepoint region: Cleanup
[2019-12-11T08:45:28.575+0000][1][safepoint    ] Leaving safepoint region
[2019-12-11T08:45:28.575+0000][1][safepoint    ] Total time for which application threads were stopped: 0.0000872 seconds, Stopping threads took: 0.0000228 seconds
[2019-12-11T08:45:29.576+0000][1][safepoint    ] Application time: 1.0008768 seconds
[2019-12-11T08:45:29.576+0000][1][safepoint    ] Entering safepoint region: Cleanup
[2019-12-11T08:45:29.576+0000][1][safepoint    ] Leaving safepoint region
[2019-12-11T08:45:29.576+0000][1][safepoint    ] Total time for which application threads were stopped: 0.0001152 seconds, Stopping threads took: 0.0000287 seconds
[2019-12-11T08:45:30.580+0000][1][safepoint    ] Application time: 1.0038372 seconds
[2019-12-11T08:45:30.580+0000][1][safepoint    ] Entering safepoint region: Cleanup
[2019-12-11T08:45:30.580+0000][1][safepoint    ] Leaving safepoint region
[2019-12-11T08:45:30.580+0000][1][safepoint    ] Total time for which application threads were stopped: 0.0001134 seconds, Stopping threads took: 0.0000257 seconds
[2019-12-11T08:45:31.583+0000][1][safepoint    ] Application time: 1.0029077 seconds
[2019-12-11T08:45:31.583+0000][1][safepoint    ] Entering safepoint region: Cleanup
[2019-12-11T08:45:31.583+0000][1][safepoint    ] Leaving safepoint region
[2019-12-11T08:45:31.583+0000][1][safepoint    ] Total time for which application threads were stopped: 0.0001152 seconds, Stopping threads took: 0.0000335 seconds
[2019-12-11T08:45:32.584+0000][1][safepoint    ] Application time: 1.0007926 seconds
[2019-12-11T08:45:32.584+0000][1][safepoint    ] Entering safepoint region: Cleanup
[2019-12-11T08:45:32.584+0000][1][safepoint    ] Leaving safepoint region
[2019-12-11T08:45:32.584+0000][1][safepoint    ] Total time for which application threads were stopped: 0.0001237 seconds, Stopping threads took: 0.0000268 seconds
[2019-12-11T08:45:33.586+0000][1][safepoint    ] Application time: 1.0018143 seconds
[2019-12-11T08:45:33.586+0000][1][safepoint    ] Entering safepoint region: Cleanup
[2019-12-11T08:45:33.586+0000][1][safepoint    ] Leaving safepoint region
[2019-12-11T08:45:33.586+0000][1][safepoint    ] Total time for which application threads were stopped: 0.0001330 seconds, Stopping threads took: 0.0000372 seconds
[2019-12-11T08:45:34.589+0000][1][safepoint    ] Application time: 1.0028059 seconds
[2019-12-11T08:45:34.589+0000][1][safepoint    ] Entering safepoint region: Cleanup
[2019-12-11T08:45:34.589+0000][1][safepoint    ] Leaving safepoint region
[2019-12-11T08:45:34.589+0000][1][safepoint    ] Total time for which application threads were stopped: 0.0001090 seconds, Stopping threads took: 0.0000255 seconds
[2019-12-11T08:45:35.590+0000][1][safepoint    ] Application time: 1.0008745 seconds
[2019-12-11T08:45:35.590+0000][1][safepoint    ] Entering safepoint region: Cleanup
[2019-12-11T08:45:35.590+0000][1][safepoint    ] Leaving safepoint region
[2019-12-11T08:45:35.590+0000][1][safepoint    ] Total time for which application threads were stopped: 0.0001185 seconds, Stopping threads took: 0.0000275 seconds
[2019-12-11T08:45:36.592+0000][1][safepoint    ] Application time: 1.0018008 seconds
[2019-12-11T08:45:36.592+0000][1][safepoint    ] Entering safepoint region: Cleanup
[2019-12-11T08:45:36.592+0000][1][safepoint    ] Leaving safepoint region
[2019-12-11T08:45:36.592+0000][1][safepoint    ] Total time for which application threads were stopped: 0.0001182 seconds, Stopping threads took: 0.0000280 seconds
[2019-12-11T08:45:37.593+0000][1][safepoint    ] Application time: 1.0008381 seconds
[2019-12-11T08:45:37.593+0000][1][safepoint    ] Entering safepoint region: Cleanup
[2019-12-11T08:45:37.593+0000][1][safepoint    ] Leaving safepoint region
[2019-12-11T08:45:37.593+0000][1][safepoint    ] Total time for which application threads were stopped: 0.0001267 seconds, Stopping threads took: 0.0000293 seconds
[2019-12-11T08:45:38.596+0000][1][safepoint    ] Application time: 1.0028121 seconds
[2019-12-11T08:45:38.596+0000][1][safepoint    ] Entering safepoint region: Cleanup
[2019-12-11T08:45:38.596+0000][1][safepoint    ] Leaving safepoint region
[2019-12-11T08:45:38.596+0000][1][safepoint    ] Total time for which application threads were stopped: 0.0001211 seconds, Stopping threads took: 0.0000276 seconds
[2019-12-11T08:45:39.599+0000][1][safepoint    ] Application time: 1.0028359 seconds
[2019-12-11T08:45:39.599+0000][1][safepoint    ] Entering safepoint region: Cleanup
[2019-12-11T08:45:39.599+0000][1][safepoint    ] Leaving safepoint region
[2019-12-11T08:45:39.599+0000][1][safepoint    ] Total time for which application threads were stopped: 0.0001296 seconds, Stopping threads took: 0.0000381 seconds
[2019-12-11T08:45:40.600+0000][1][safepoint    ] Application time: 1.0008935 seconds
[2019-12-11T08:45:40.600+0000][1][safepoint    ] Entering safepoint region: Cleanup
[2019-12-11T08:45:40.600+0000][1][safepoint    ] Leaving safepoint region
[2019-12-11T08:45:40.600+0000][1][safepoint    ] Total time for which application threads were stopped: 0.0001110 seconds, Stopping threads took: 0.0000260 seconds
[2019-12-11T08:45:41.602+0000][1][safepoint    ] Application time: 1.0017618 seconds
[2019-12-11T08:45:41.602+0000][1][safepoint    ] Entering safepoint region: Cleanup
[2019-12-11T08:45:41.602+0000][1][safepoint    ] Leaving safepoint region
[2019-12-11T08:45:41.602+0000][1][safepoint    ] Total time for which application threads were stopped: 0.0001066 seconds, Stopping threads took: 0.0000242 seconds
[2019-12-11T08:45:42.603+0000][1][safepoint    ] Application time: 1.0008592 seconds
[2019-12-11T08:45:42.603+0000][1][safepoint    ] Entering safepoint region: Cleanup
[2019-12-11T08:45:42.604+0000][1][safepoint    ] Leaving safepoint region
[2019-12-11T08:45:42.604+0000][1][safepoint    ] Total time for which application threads were stopped: 0.0007461 seconds, Stopping threads took: 0.0005933 seconds
[2019-12-11T08:45:43.605+0000][1][safepoint    ] Application time: 1.0011813 seconds
[2019-12-11T08:45:43.605+0000][1][safepoint    ] Entering safepoint region: Cleanup
[2019-12-11T08:45:43.605+0000][1][safepoint    ] Leaving safepoint region
[2019-12-11T08:45:43.605+0000][1][safepoint    ] Total time for which application threads were stopped: 0.0001183 seconds, Stopping threads took: 0.0000326 seconds
[2019-12-11T08:45:44.139+0000][1][safepoint    ] Application time: 0.5341833 seconds
[2019-12-11T08:45:44.139+0000][1][safepoint    ] Entering safepoint region: GenCollectForAllocation
[2019-12-11T08:45:44.139+0000][1][gc,start     ] GC(47) Pause Young (Allocation Failure)
[2019-12-11T08:45:44.139+0000][1][gc,task      ] GC(47) Using 2 workers of 2 for evacuation
[2019-12-11T08:45:44.146+0000][1][gc,age       ] GC(47) Desired survivor size 4456448 bytes, new threshold 6 (max threshold 6)
[2019-12-11T08:45:44.146+0000][1][gc,age       ] GC(47) Age table with threshold 6 (max threshold 6)
[2019-12-11T08:45:44.146+0000][1][gc,age       ] GC(47) - age   1:     625296 bytes,     625296 total
[2019-12-11T08:45:44.146+0000][1][gc,age       ] GC(47) - age   2:        248 bytes,     625544 total
[2019-12-11T08:45:44.146+0000][1][gc,age       ] GC(47) - age   3:       2192 bytes,     627736 total
[2019-12-11T08:45:44.146+0000][1][gc,age       ] GC(47) - age   4:       1024 bytes,     628760 total
[2019-12-11T08:45:44.146+0000][1][gc,age       ] GC(47) - age   5:       1392 bytes,     630152 total
[2019-12-11T08:45:44.146+0000][1][gc,age       ] GC(47) - age   6:        400 bytes,     630552 total
[2019-12-11T08:45:44.146+0000][1][gc,heap      ] GC(47) ParNew: 70626K->627K(78656K)
[2019-12-11T08:45:44.146+0000][1][gc,heap      ] GC(47) CMS: 71361K->71362K(174784K)
[2019-12-11T08:45:44.146+0000][1][gc,metaspace ] GC(47) Metaspace: 75723K->75723K(1118208K)
[2019-12-11T08:45:44.146+0000][1][gc           ] GC(47) Pause Young (Allocation Failure) 138M->70M(247M) 7.009ms
[2019-12-11T08:45:44.146+0000][1][gc,cpu       ] GC(47) User=0.01s Sys=0.00s Real=0.01s
[2019-12-11T08:45:44.146+0000][1][safepoint    ] Leaving safepoint region
[2019-12-11T08:45:44.146+0000][1][safepoint    ] Total time for which application threads were stopped: 0.0072322 seconds, Stopping threads took: 0.0000279 seconds
[2019-12-11T08:45:45.150+0000][1][safepoint    ] Application time: 1.0033999 seconds
[2019-12-11T08:45:45.150+0000][1][safepoint    ] Entering safepoint region: Cleanup
[2019-12-11T08:45:45.150+0000][1][safepoint    ] Leaving safepoint region
[2019-12-11T08:45:45.150+0000][1][safepoint    ] Total time for which application threads were stopped: 0.0001211 seconds, Stopping threads took: 0.0000273 seconds
[2019-12-11T08:45:46.153+0000][1][safepoint    ] Application time: 1.0027873 seconds
[2019-12-11T08:45:46.153+0000][1][safepoint    ] Entering safepoint region: Cleanup
[2019-12-11T08:45:46.153+0000][1][safepoint    ] Leaving safepoint region
[2019-12-11T08:45:46.153+0000][1][safepoint    ] Total time for which application threads were stopped: 0.0001213 seconds, Stopping threads took: 0.0000282 seconds
[2019-12-11T08:45:47.153+0000][1][safepoint    ] Application time: 1.0000831 seconds
[2019-12-11T08:45:47.153+0000][1][safepoint    ] Entering safepoint region: Cleanup
[2019-12-11T08:45:47.153+0000][1][safepoint    ] Leaving safepoint region
[2019-12-11T08:45:47.153+0000][1][safepoint    ] Total time for which application threads were stopped: 0.0000916 seconds, Stopping threads took: 0.0000263 seconds
[2019-12-11T08:45:48.155+0000][1][safepoint    ] Application time: 1.0018744 seconds
[2019-12-11T08:45:48.155+0000][1][safepoint    ] Entering safepoint region: Cleanup
[2019-12-11T08:45:48.155+0000][1][safepoint    ] Leaving safepoint region
[2019-12-11T08:45:48.155+0000][1][safepoint    ] Total time for which application threads were stopped: 0.0001115 seconds, Stopping threads took: 0.0000271 seconds
[2019-12-11T08:45:49.156+0000][1][safepoint    ] Application time: 1.0005655 seconds
[2019-12-11T08:45:49.156+0000][1][safepoint    ] Entering safepoint region: Cleanup
[2019-12-11T08:45:49.156+0000][1][safepoint    ] Leaving safepoint region
[2019-12-11T08:45:49.156+0000][1][safepoint    ] Total time for which application threads were stopped: 0.0001244 seconds, Stopping threads took: 0.0000265 seconds
[2019-12-11T08:45:50.157+0000][1][safepoint    ] Application time: 1.0008180 seconds
[2019-12-11T08:45:50.157+0000][1][safepoint    ] Entering safepoint region: Cleanup
[2019-12-11T08:45:50.157+0000][1][safepoint    ] Leaving safepoint region
[2019-12-11T08:45:50.157+0000][1][safepoint    ] Total time for which application threads were stopped: 0.0001160 seconds, Stopping threads took: 0.0000282 seconds
[2019-12-11T08:45:51.157+0000][1][safepoint    ] Application time: 1.0001145 seconds
[2019-12-11T08:45:51.157+0000][1][safepoint    ] Entering safepoint region: Cleanup
[2019-12-11T08:45:51.157+0000][1][safepoint    ] Leaving safepoint region
[2019-12-11T08:45:51.157+0000][1][safepoint    ] Total time for which application threads were stopped: 0.0000968 seconds, Stopping threads took: 0.0000279 seconds
[2019-12-11T08:45:52.158+0000][1][safepoint    ] Application time: 1.0005635 seconds
[2019-12-11T08:45:52.158+0000][1][safepoint    ] Entering safepoint region: Cleanup
[2019-12-11T08:45:52.158+0000][1][safepoint    ] Leaving safepoint region
[2019-12-11T08:45:52.158+0000][1][safepoint    ] Total time for which application threads were stopped: 0.0001182 seconds, Stopping threads took: 0.0000262 seconds
[2019-12-11T08:45:53.159+0000][1][safepoint    ] Application time: 1.0008128 seconds
[2019-12-11T08:45:53.159+0000][1][safepoint    ] Entering safepoint region: Cleanup
[2019-12-11T08:45:53.159+0000][1][safepoint    ] Leaving safepoint region
[2019-12-11T08:45:53.159+0000][1][safepoint    ] Total time for which application threads were stopped: 0.0001242 seconds, Stopping threads took: 0.0000278 seconds
[2019-12-11T08:45:54.165+0000][1][safepoint    ] Application time: 1.0058588 seconds
[2019-12-11T08:45:54.165+0000][1][safepoint    ] Entering safepoint region: Cleanup
[2019-12-11T08:45:54.165+0000][1][safepoint    ] Leaving safepoint region
[2019-12-11T08:45:54.165+0000][1][safepoint    ] Total time for which application threads were stopped: 0.0001344 seconds, Stopping threads took: 0.0000287 seconds
[2019-12-11T08:45:55.168+0000][1][safepoint    ] Application time: 1.0027633 seconds
[2019-12-11T08:45:55.168+0000][1][safepoint    ] Entering safepoint region: Cleanup
[2019-12-11T08:45:55.168+0000][1][safepoint    ] Leaving safepoint region
[2019-12-11T08:45:55.168+0000][1][safepoint    ] Total time for which application threads were stopped: 0.0001335 seconds, Stopping threads took: 0.0000283 seconds
[2019-12-11T08:45:56.172+0000][1][safepoint    ] Application time: 1.0038527 seconds
[2019-12-11T08:45:56.172+0000][1][safepoint    ] Entering safepoint region: Cleanup
[2019-12-11T08:45:56.172+0000][1][safepoint    ] Leaving safepoint region
[2019-12-11T08:45:56.172+0000][1][safepoint    ] Total time for which application threads were stopped: 0.0001137 seconds, Stopping threads took: 0.0000266 seconds
[2019-12-11T08:45:57.173+0000][1][safepoint    ] Application time: 1.0007920 seconds
[2019-12-11T08:45:57.173+0000][1][safepoint    ] Entering safepoint region: Cleanup
[2019-12-11T08:45:57.173+0000][1][safepoint    ] Leaving safepoint region
[2019-12-11T08:45:57.173+0000][1][safepoint    ] Total time for which application threads were stopped: 0.0001171 seconds, Stopping threads took: 0.0000271 seconds
[2019-12-11T08:45:58.176+0000][1][safepoint    ] Application time: 1.0028298 seconds
[2019-12-11T08:45:58.176+0000][1][safepoint    ] Entering safepoint region: Cleanup
[2019-12-11T08:45:58.176+0000][1][safepoint    ] Leaving safepoint region
[2019-12-11T08:45:58.176+0000][1][safepoint    ] Total time for which application threads were stopped: 0.0001299 seconds, Stopping threads took: 0.0000311 seconds
[2019-12-11T08:45:59.176+0000][1][safepoint    ] Application time: 1.0004984 seconds
[2019-12-11T08:45:59.176+0000][1][safepoint    ] Entering safepoint region: Cleanup
[2019-12-11T08:45:59.177+0000][1][safepoint    ] Leaving safepoint region
[2019-12-11T08:45:59.177+0000][1][safepoint    ] Total time for which application threads were stopped: 0.0001225 seconds, Stopping threads took: 0.0000238 seconds
[2019-12-11T08:46:00.178+0000][1][safepoint    ] Application time: 1.0011305 seconds
[2019-12-11T08:46:00.178+0000][1][safepoint    ] Entering safepoint region: Cleanup
[2019-12-11T08:46:00.178+0000][1][safepoint    ] Leaving safepoint region
[2019-12-11T08:46:00.178+0000][1][safepoint    ] Total time for which application threads were stopped: 0.0001121 seconds, Stopping threads took: 0.0000262 seconds
[2019-12-11T08:46:01.179+0000][1][safepoint    ] Application time: 1.0008498 seconds
[2019-12-11T08:46:01.179+0000][1][safepoint    ] Entering safepoint region: Cleanup
[2019-12-11T08:46:01.179+0000][1][safepoint    ] Leaving safepoint region
[2019-12-11T08:46:01.179+0000][1][safepoint    ] Total time for which application threads were stopped: 0.0001238 seconds, Stopping threads took: 0.0000278 seconds
[2019-12-11T08:46:02.187+0000][1][safepoint    ] Application time: 1.0079697 seconds
[2019-12-11T08:46:02.187+0000][1][safepoint    ] Entering safepoint region: Cleanup
[2019-12-11T08:46:02.187+0000][1][safepoint    ] Leaving safepoint region
[2019-12-11T08:46:02.187+0000][1][safepoint    ] Total time for which application threads were stopped: 0.0001246 seconds, Stopping threads took: 0.0000300 seconds
[2019-12-11T08:46:03.188+0000][1][safepoint    ] Application time: 1.0006486 seconds
[2019-12-11T08:46:03.188+0000][1][safepoint    ] Entering safepoint region: Cleanup
[2019-12-11T08:46:03.188+0000][1][safepoint    ] Leaving safepoint region
[2019-12-11T08:46:03.188+0000][1][safepoint    ] Total time for which application threads were stopped: 0.0001162 seconds, Stopping threads took: 0.0000266 seconds
[2019-12-11T08:46:04.189+0000][1][safepoint    ] Application time: 1.0009573 seconds
[2019-12-11T08:46:04.189+0000][1][safepoint    ] Entering safepoint region: Cleanup
[2019-12-11T08:46:04.189+0000][1][safepoint    ] Leaving safepoint region
[2019-12-11T08:46:04.189+0000][1][safepoint    ] Total time for which application threads were stopped: 0.0001516 seconds, Stopping threads took: 0.0000282 seconds
[2019-12-11T08:46:05.190+0000][1][safepoint    ] Application time: 1.0006644 seconds
[2019-12-11T08:46:05.190+0000][1][safepoint    ] Entering safepoint region: Cleanup
[2019-12-11T08:46:05.190+0000][1][safepoint    ] Leaving safepoint region
[2019-12-11T08:46:05.190+0000][1][safepoint    ] Total time for which application threads were stopped: 0.0001175 seconds, Stopping threads took: 0.0000293 seconds
[2019-12-11T08:46:06.190+0000][1][safepoint    ] Application time: 1.0000849 seconds
[2019-12-11T08:46:06.190+0000][1][safepoint    ] Entering safepoint region: Cleanup
[2019-12-11T08:46:06.190+0000][1][safepoint    ] Leaving safepoint region
[2019-12-11T08:46:06.190+0000][1][safepoint    ] Total time for which application threads were stopped: 0.0001135 seconds, Stopping threads took: 0.0000255 seconds
[2019-12-11T08:46:07.191+0000][1][safepoint    ] Application time: 1.0006103 seconds
[2019-12-11T08:46:07.191+0000][1][safepoint    ] Entering safepoint region: Cleanup
[2019-12-11T08:46:07.191+0000][1][safepoint    ] Leaving safepoint region
[2019-12-11T08:46:07.191+0000][1][safepoint    ] Total time for which application threads were stopped: 0.0001268 seconds, Stopping threads took: 0.0000290 seconds
[2019-12-11T08:46:08.193+0000][1][safepoint    ] Application time: 1.0017805 seconds
[2019-12-11T08:46:08.193+0000][1][safepoint    ] Entering safepoint region: Cleanup
[2019-12-11T08:46:08.193+0000][1][safepoint    ] Leaving safepoint region
[2019-12-11T08:46:08.193+0000][1][safepoint    ] Total time for which application threads were stopped: 0.0001121 seconds, Stopping threads took: 0.0000272 seconds
[2019-12-11T08:46:09.194+0000][1][safepoint    ] Application time: 1.0008282 seconds
[2019-12-11T08:46:09.194+0000][1][safepoint    ] Entering safepoint region: Cleanup
[2019-12-11T08:46:09.194+0000][1][safepoint    ] Leaving safepoint region
[2019-12-11T08:46:09.194+0000][1][safepoint    ] Total time for which application threads were stopped: 0.0001172 seconds, Stopping threads took: 0.0000272 seconds
[2019-12-11T08:46:10.196+0000][1][safepoint    ] Application time: 1.0018910 seconds
[2019-12-11T08:46:10.196+0000][1][safepoint    ] Entering safepoint region: Cleanup
[2019-12-11T08:46:10.196+0000][1][safepoint    ] Leaving safepoint region
[2019-12-11T08:46:10.196+0000][1][safepoint    ] Total time for which application threads were stopped: 0.0001245 seconds, Stopping threads took: 0.0000278 seconds
[2019-12-11T08:46:11.198+0000][1][safepoint    ] Application time: 1.0018812 seconds
[2019-12-11T08:46:11.198+0000][1][safepoint    ] Entering safepoint region: Cleanup
[2019-12-11T08:46:11.198+0000][1][safepoint    ] Leaving safepoint region
[2019-12-11T08:46:11.198+0000][1][safepoint    ] Total time for which application threads were stopped: 0.0001274 seconds, Stopping threads took: 0.0000299 seconds
[2019-12-11T08:46:12.202+0000][1][safepoint    ] Application time: 1.0036491 seconds
[2019-12-11T08:46:12.202+0000][1][safepoint    ] Entering safepoint region: Cleanup
[2019-12-11T08:46:12.202+0000][1][safepoint    ] Leaving safepoint region
[2019-12-11T08:46:12.202+0000][1][safepoint    ] Total time for which application threads were stopped: 0.0001221 seconds, Stopping threads took: 0.0000287 seconds
[2019-12-11T08:46:13.204+0000][1][safepoint    ] Application time: 1.0018023 seconds
[2019-12-11T08:46:13.204+0000][1][safepoint    ] Entering safepoint region: Cleanup
[2019-12-11T08:46:13.204+0000][1][safepoint    ] Leaving safepoint region
[2019-12-11T08:46:13.204+0000][1][safepoint    ] Total time for which application threads were stopped: 0.0001303 seconds, Stopping threads took: 0.0000301 seconds
[2019-12-11T08:46:14.207+0000][1][safepoint    ] Application time: 1.0028058 seconds
[2019-12-11T08:46:14.207+0000][1][safepoint    ] Entering safepoint region: Cleanup
[2019-12-11T08:46:14.207+0000][1][safepoint    ] Leaving safepoint region
[2019-12-11T08:46:14.207+0000][1][safepoint    ] Total time for which application threads were stopped: 0.0001256 seconds, Stopping threads took: 0.0000299 seconds
[2019-12-11T08:46:15.208+0000][1][safepoint    ] Application time: 1.0008147 seconds
[2019-12-11T08:46:15.208+0000][1][safepoint    ] Entering safepoint region: Cleanup
[2019-12-11T08:46:15.208+0000][1][safepoint    ] Leaving safepoint region
[2019-12-11T08:46:15.208+0000][1][safepoint    ] Total time for which application threads were stopped: 0.0001381 seconds, Stopping threads took: 0.0000299 seconds
[2019-12-11T08:46:16.210+0000][1][safepoint    ] Application time: 1.0017851 seconds
[2019-12-11T08:46:16.210+0000][1][safepoint    ] Entering safepoint region: Cleanup
[2019-12-11T08:46:16.210+0000][1][safepoint    ] Leaving safepoint region
[2019-12-11T08:46:16.210+0000][1][safepoint    ] Total time for which application threads were stopped: 0.0001290 seconds, Stopping threads took: 0.0000302 seconds
[2019-12-11T08:46:17.212+0000][1][safepoint    ] Application time: 1.0018482 seconds
[2019-12-11T08:46:17.212+0000][1][safepoint    ] Entering safepoint region: Cleanup
[2019-12-11T08:46:17.212+0000][1][safepoint    ] Leaving safepoint region
[2019-12-11T08:46:17.212+0000][1][safepoint    ] Total time for which application threads were stopped: 0.0001235 seconds, Stopping threads took: 0.0000305 seconds
[2019-12-11T08:46:18.212+0000][1][safepoint    ] Application time: 1.0000853 seconds
[2019-12-11T08:46:18.212+0000][1][safepoint    ] Entering safepoint region: Cleanup
[2019-12-11T08:46:18.212+0000][1][safepoint    ] Leaving safepoint region
[2019-12-11T08:46:18.212+0000][1][safepoint    ] Total time for which application threads were stopped: 0.0001354 seconds, Stopping threads took: 0.0000365 seconds
[2019-12-11T08:46:19.213+0000][1][safepoint    ] Application time: 1.0005060 seconds
[2019-12-11T08:46:19.213+0000][1][safepoint    ] Entering safepoint region: Cleanup
[2019-12-11T08:46:19.213+0000][1][safepoint    ] Leaving safepoint region
[2019-12-11T08:46:19.213+0000][1][safepoint    ] Total time for which application threads were stopped: 0.0001415 seconds, Stopping threads took: 0.0000323 seconds
[2019-12-11T08:46:20.214+0000][1][safepoint    ] Application time: 1.0007692 seconds
[2019-12-11T08:46:20.214+0000][1][safepoint    ] Entering safepoint region: Cleanup
[2019-12-11T08:46:20.214+0000][1][safepoint    ] Leaving safepoint region
[2019-12-11T08:46:20.214+0000][1][safepoint    ] Total time for which application threads were stopped: 0.0001127 seconds, Stopping threads took: 0.0000270 seconds
[2019-12-11T08:46:21.216+0000][1][safepoint    ] Application time: 1.0018315 seconds
[2019-12-11T08:46:21.216+0000][1][safepoint    ] Entering safepoint region: Cleanup
[2019-12-11T08:46:21.216+0000][1][safepoint    ] Leaving safepoint region
[2019-12-11T08:46:21.216+0000][1][safepoint    ] Total time for which application threads were stopped: 0.0001147 seconds, Stopping threads took: 0.0000277 seconds
[2019-12-11T08:46:22.217+0000][1][safepoint    ] Application time: 1.0008338 seconds
[2019-12-11T08:46:22.217+0000][1][safepoint    ] Entering safepoint region: Cleanup
[2019-12-11T08:46:22.217+0000][1][safepoint    ] Leaving safepoint region
[2019-12-11T08:46:22.217+0000][1][safepoint    ] Total time for which application threads were stopped: 0.0001156 seconds, Stopping threads took: 0.0000294 seconds
[2019-12-11T08:46:23.219+0000][1][safepoint    ] Application time: 1.0018269 seconds
[2019-12-11T08:46:23.219+0000][1][safepoint    ] Entering safepoint region: Cleanup
[2019-12-11T08:46:23.219+0000][1][safepoint    ] Leaving safepoint region
[2019-12-11T08:46:23.219+0000][1][safepoint    ] Total time for which application threads were stopped: 0.0001153 seconds, Stopping threads took: 0.0000268 seconds
[2019-12-11T08:46:24.222+0000][1][safepoint    ] Application time: 1.0028339 seconds
[2019-12-11T08:46:24.222+0000][1][safepoint    ] Entering safepoint region: Cleanup
[2019-12-11T08:46:24.222+0000][1][safepoint    ] Leaving safepoint region
[2019-12-11T08:46:24.222+0000][1][safepoint    ] Total time for which application threads were stopped: 0.0001155 seconds, Stopping threads took: 0.0000294 seconds
[2019-12-11T08:46:24.335+0000][1][safepoint    ] Application time: 0.1130319 seconds
[2019-12-11T08:46:24.335+0000][1][safepoint    ] Entering safepoint region: GenCollectForAllocation
[2019-12-11T08:46:24.335+0000][1][gc,start     ] GC(48) Pause Young (Allocation Failure)
[2019-12-11T08:46:24.335+0000][1][gc,task      ] GC(48) Using 2 workers of 2 for evacuation
[2019-12-11T08:46:24.347+0000][1][gc,age       ] GC(48) Desired survivor size 4456448 bytes, new threshold 6 (max threshold 6)
[2019-12-11T08:46:24.347+0000][1][gc,age       ] GC(48) Age table with threshold 6 (max threshold 6)
[2019-12-11T08:46:24.347+0000][1][gc,age       ] GC(48) - age   1:     958160 bytes,     958160 total
[2019-12-11T08:46:24.347+0000][1][gc,age       ] GC(48) - age   2:       2104 bytes,     960264 total
[2019-12-11T08:46:24.347+0000][1][gc,age       ] GC(48) - age   3:        248 bytes,     960512 total
[2019-12-11T08:46:24.347+0000][1][gc,age       ] GC(48) - age   4:       2192 bytes,     962704 total
[2019-12-11T08:46:24.347+0000][1][gc,age       ] GC(48) - age   5:       1024 bytes,     963728 total
[2019-12-11T08:46:24.347+0000][1][gc,age       ] GC(48) - age   6:       1392 bytes,     965120 total
[2019-12-11T08:46:24.347+0000][1][gc,heap      ] GC(48) ParNew: 70579K->955K(78656K)
[2019-12-11T08:46:24.347+0000][1][gc,heap      ] GC(48) CMS: 71362K->71362K(174784K)
[2019-12-11T08:46:24.348+0000][1][gc,metaspace ] GC(48) Metaspace: 75755K->75755K(1118208K)
[2019-12-11T08:46:24.348+0000][1][gc           ] GC(48) Pause Young (Allocation Failure) 138M->70M(247M) 12.399ms
[2019-12-11T08:46:24.348+0000][1][gc,cpu       ] GC(48) User=0.00s Sys=0.00s Real=0.01s
[2019-12-11T08:46:24.348+0000][1][safepoint    ] Leaving safepoint region
[2019-12-11T08:46:24.348+0000][1][safepoint    ] Total time for which application threads were stopped: 0.0126122 seconds, Stopping threads took: 0.0000263 seconds
[2019-12-11T08:46:25.348+0000][1][safepoint    ] Application time: 1.0001378 seconds
[2019-12-11T08:46:25.348+0000][1][safepoint    ] Entering safepoint region: Cleanup
[2019-12-11T08:46:25.348+0000][1][safepoint    ] Leaving safepoint region
[2019-12-11T08:46:25.348+0000][1][safepoint    ] Total time for which application threads were stopped: 0.0001250 seconds, Stopping threads took: 0.0000312 seconds
[2019-12-11T08:46:26.349+0000][1][safepoint    ] Application time: 1.0007930 seconds
[2019-12-11T08:46:26.349+0000][1][safepoint    ] Entering safepoint region: Cleanup
[2019-12-11T08:46:26.349+0000][1][safepoint    ] Leaving safepoint region
[2019-12-11T08:46:26.349+0000][1][safepoint    ] Total time for which application threads were stopped: 0.0001207 seconds, Stopping threads took: 0.0000293 seconds
[2019-12-11T08:46:27.350+0000][1][safepoint    ] Application time: 1.0008140 seconds
[2019-12-11T08:46:27.350+0000][1][safepoint    ] Entering safepoint region: Cleanup
[2019-12-11T08:46:27.350+0000][1][safepoint    ] Leaving safepoint region
[2019-12-11T08:46:27.350+0000][1][safepoint    ] Total time for which application threads were stopped: 0.0001229 seconds, Stopping threads took: 0.0000301 seconds
[2019-12-11T08:46:28.353+0000][1][safepoint    ] Application time: 1.0028155 seconds
[2019-12-11T08:46:28.353+0000][1][safepoint    ] Entering safepoint region: Cleanup
[2019-12-11T08:46:28.353+0000][1][safepoint    ] Leaving safepoint region
[2019-12-11T08:46:28.353+0000][1][safepoint    ] Total time for which application threads were stopped: 0.0001200 seconds, Stopping threads took: 0.0000361 seconds
[2019-12-11T08:46:29.354+0000][1][safepoint    ] Application time: 1.0008525 seconds
[2019-12-11T08:46:29.354+0000][1][safepoint    ] Entering safepoint region: Cleanup
[2019-12-11T08:46:29.354+0000][1][safepoint    ] Leaving safepoint region
[2019-12-11T08:46:29.354+0000][1][safepoint    ] Total time for which application threads were stopped: 0.0001280 seconds, Stopping threads took: 0.0000308 seconds
[2019-12-11T08:46:30.356+0000][1][safepoint    ] Application time: 1.0017871 seconds
[2019-12-11T08:46:30.356+0000][1][safepoint    ] Entering safepoint region: Cleanup
[2019-12-11T08:46:30.356+0000][1][safepoint    ] Leaving safepoint region
[2019-12-11T08:46:30.356+0000][1][safepoint    ] Total time for which application threads were stopped: 0.0001244 seconds, Stopping threads took: 0.0000302 seconds
[2019-12-11T08:46:31.359+0000][1][safepoint    ] Application time: 1.0028133 seconds
[2019-12-11T08:46:31.359+0000][1][safepoint    ] Entering safepoint region: Cleanup
[2019-12-11T08:46:31.359+0000][1][safepoint    ] Leaving safepoint region
[2019-12-11T08:46:31.359+0000][1][safepoint    ] Total time for which application threads were stopped: 0.0001199 seconds, Stopping threads took: 0.0000286 seconds
[2019-12-11T08:46:32.360+0000][1][safepoint    ] Application time: 1.0008401 seconds
[2019-12-11T08:46:32.360+0000][1][safepoint    ] Entering safepoint region: Cleanup
[2019-12-11T08:46:32.360+0000][1][safepoint    ] Leaving safepoint region
[2019-12-11T08:46:32.360+0000][1][safepoint    ] Total time for which application threads were stopped: 0.0001156 seconds, Stopping threads took: 0.0000282 seconds
[2019-12-11T08:46:33.363+0000][1][safepoint    ] Application time: 1.0028102 seconds
[2019-12-11T08:46:33.363+0000][1][safepoint    ] Entering safepoint region: Cleanup
[2019-12-11T08:46:33.363+0000][1][safepoint    ] Leaving safepoint region
[2019-12-11T08:46:33.363+0000][1][safepoint    ] Total time for which application threads were stopped: 0.0001135 seconds, Stopping threads took: 0.0000273 seconds
[2019-12-11T08:46:34.365+0000][1][safepoint    ] Application time: 1.0018306 seconds
[2019-12-11T08:46:34.365+0000][1][safepoint    ] Entering safepoint region: Cleanup
[2019-12-11T08:46:34.365+0000][1][safepoint    ] Leaving safepoint region
[2019-12-11T08:46:34.365+0000][1][safepoint    ] Total time for which application threads were stopped: 0.0001118 seconds, Stopping threads took: 0.0000260 seconds
[2019-12-11T08:46:35.368+0000][1][safepoint    ] Application time: 1.0028612 seconds
[2019-12-11T08:46:35.368+0000][1][safepoint    ] Entering safepoint region: Cleanup
[2019-12-11T08:46:35.368+0000][1][safepoint    ] Leaving safepoint region
[2019-12-11T08:46:35.368+0000][1][safepoint    ] Total time for which application threads were stopped: 0.0001285 seconds, Stopping threads took: 0.0000362 seconds
[2019-12-11T08:46:36.369+0000][1][safepoint    ] Application time: 1.0007814 seconds
[2019-12-11T08:46:36.369+0000][1][safepoint    ] Entering safepoint region: Cleanup
[2019-12-11T08:46:36.369+0000][1][safepoint    ] Leaving safepoint region
[2019-12-11T08:46:36.369+0000][1][safepoint    ] Total time for which application threads were stopped: 0.0001247 seconds, Stopping threads took: 0.0000305 seconds
[2019-12-11T08:46:37.370+0000][1][safepoint    ] Application time: 1.0009111 seconds
[2019-12-11T08:46:37.370+0000][1][safepoint    ] Entering safepoint region: Cleanup
[2019-12-11T08:46:37.370+0000][1][safepoint    ] Leaving safepoint region
[2019-12-11T08:46:37.370+0000][1][safepoint    ] Total time for which application threads were stopped: 0.0001155 seconds, Stopping threads took: 0.0000278 seconds
[2019-12-11T08:46:38.373+0000][1][safepoint    ] Application time: 1.0027365 seconds
[2019-12-11T08:46:38.373+0000][1][safepoint    ] Entering safepoint region: Cleanup
[2019-12-11T08:46:38.373+0000][1][safepoint    ] Leaving safepoint region
[2019-12-11T08:46:38.373+0000][1][safepoint    ] Total time for which application threads were stopped: 0.0001440 seconds, Stopping threads took: 0.0000296 seconds
[2019-12-11T08:46:39.375+0000][1][safepoint    ] Application time: 1.0017892 seconds
[2019-12-11T08:46:39.375+0000][1][safepoint    ] Entering safepoint region: Cleanup
[2019-12-11T08:46:39.375+0000][1][safepoint    ] Leaving safepoint region
[2019-12-11T08:46:39.375+0000][1][safepoint    ] Total time for which application threads were stopped: 0.0001076 seconds, Stopping threads took: 0.0000251 seconds
[2019-12-11T08:46:40.376+0000][1][safepoint    ] Application time: 1.0008395 seconds
[2019-12-11T08:46:40.376+0000][1][safepoint    ] Entering safepoint region: Cleanup
[2019-12-11T08:46:40.376+0000][1][safepoint    ] Leaving safepoint region
[2019-12-11T08:46:40.376+0000][1][safepoint    ] Total time for which application threads were stopped: 0.0001193 seconds, Stopping threads took: 0.0000279 seconds
[2019-12-11T08:46:41.377+0000][1][safepoint    ] Application time: 1.0008323 seconds
[2019-12-11T08:46:41.377+0000][1][safepoint    ] Entering safepoint region: Cleanup
[2019-12-11T08:46:41.377+0000][1][safepoint    ] Leaving safepoint region
[2019-12-11T08:46:41.377+0000][1][safepoint    ] Total time for which application threads were stopped: 0.0001187 seconds, Stopping threads took: 0.0000275 seconds
[2019-12-11T08:46:42.378+0000][1][safepoint    ] Application time: 1.0008690 seconds
[2019-12-11T08:46:42.378+0000][1][safepoint    ] Entering safepoint region: Cleanup
[2019-12-11T08:46:42.378+0000][1][safepoint    ] Leaving safepoint region
[2019-12-11T08:46:42.378+0000][1][safepoint    ] Total time for which application threads were stopped: 0.0001252 seconds, Stopping threads took: 0.0000288 seconds
[2019-12-11T08:46:43.380+0000][1][safepoint    ] Application time: 1.0017794 seconds
[2019-12-11T08:46:43.380+0000][1][safepoint    ] Entering safepoint region: Cleanup
[2019-12-11T08:46:43.380+0000][1][safepoint    ] Leaving safepoint region
[2019-12-11T08:46:43.380+0000][1][safepoint    ] Total time for which application threads were stopped: 0.0001097 seconds, Stopping threads took: 0.0000268 seconds
[2019-12-11T08:46:44.387+0000][1][safepoint    ] Application time: 1.0068169 seconds
[2019-12-11T08:46:44.387+0000][1][safepoint    ] Entering safepoint region: Cleanup
[2019-12-11T08:46:44.387+0000][1][safepoint    ] Leaving safepoint region
[2019-12-11T08:46:44.387+0000][1][safepoint    ] Total time for which application threads were stopped: 0.0002080 seconds, Stopping threads took: 0.0000587 seconds
[2019-12-11T08:46:45.389+0000][1][safepoint    ] Application time: 1.0017049 seconds
[2019-12-11T08:46:45.389+0000][1][safepoint    ] Entering safepoint region: Cleanup
[2019-12-11T08:46:45.389+0000][1][safepoint    ] Leaving safepoint region
[2019-12-11T08:46:45.389+0000][1][safepoint    ] Total time for which application threads were stopped: 0.0001241 seconds, Stopping threads took: 0.0000363 seconds
[2019-12-11T08:46:46.392+0000][1][safepoint    ] Application time: 1.0028215 seconds
[2019-12-11T08:46:46.392+0000][1][safepoint    ] Entering safepoint region: Cleanup
[2019-12-11T08:46:46.392+0000][1][safepoint    ] Leaving safepoint region
[2019-12-11T08:46:46.392+0000][1][safepoint    ] Total time for which application threads were stopped: 0.0001179 seconds, Stopping threads took: 0.0000274 seconds
[2019-12-11T08:46:47.393+0000][1][safepoint    ] Application time: 1.0008104 seconds
[2019-12-11T08:46:47.393+0000][1][safepoint    ] Entering safepoint region: Cleanup
[2019-12-11T08:46:47.393+0000][1][safepoint    ] Leaving safepoint region
[2019-12-11T08:46:47.393+0000][1][safepoint    ] Total time for which application threads were stopped: 0.0001290 seconds, Stopping threads took: 0.0000300 seconds
[2019-12-11T08:46:48.397+0000][1][safepoint    ] Application time: 1.0038088 seconds
[2019-12-11T08:46:48.397+0000][1][safepoint    ] Entering safepoint region: Cleanup
[2019-12-11T08:46:48.397+0000][1][safepoint    ] Leaving safepoint region
[2019-12-11T08:46:48.397+0000][1][safepoint    ] Total time for which application threads were stopped: 0.0001244 seconds, Stopping threads took: 0.0000345 seconds
[2019-12-11T08:46:49.400+0000][1][safepoint    ] Application time: 1.0028512 seconds
[2019-12-11T08:46:49.400+0000][1][safepoint    ] Entering safepoint region: Cleanup
[2019-12-11T08:46:49.400+0000][1][safepoint    ] Leaving safepoint region
[2019-12-11T08:46:49.400+0000][1][safepoint    ] Total time for which application threads were stopped: 0.0001488 seconds, Stopping threads took: 0.0000299 seconds
[2019-12-11T08:46:50.400+0000][1][safepoint    ] Application time: 1.0000843 seconds
[2019-12-11T08:46:50.400+0000][1][safepoint    ] Entering safepoint region: Cleanup
[2019-12-11T08:46:50.400+0000][1][safepoint    ] Leaving safepoint region
[2019-12-11T08:46:50.400+0000][1][safepoint    ] Total time for which application threads were stopped: 0.0001126 seconds, Stopping threads took: 0.0000271 seconds
[2019-12-11T08:46:51.401+0000][1][safepoint    ] Application time: 1.0005527 seconds
[2019-12-11T08:46:51.401+0000][1][safepoint    ] Entering safepoint region: Cleanup
[2019-12-11T08:46:51.401+0000][1][safepoint    ] Leaving safepoint region
[2019-12-11T08:46:51.401+0000][1][safepoint    ] Total time for which application threads were stopped: 0.0001319 seconds, Stopping threads took: 0.0000385 seconds
[2019-12-11T08:46:52.402+0000][1][safepoint    ] Application time: 1.0008233 seconds
[2019-12-11T08:46:52.402+0000][1][safepoint    ] Entering safepoint region: Cleanup
[2019-12-11T08:46:52.402+0000][1][safepoint    ] Leaving safepoint region
[2019-12-11T08:46:52.402+0000][1][safepoint    ] Total time for which application threads were stopped: 0.0001237 seconds, Stopping threads took: 0.0000318 seconds
[2019-12-11T08:46:53.403+0000][1][safepoint    ] Application time: 1.0008410 seconds
[2019-12-11T08:46:53.403+0000][1][safepoint    ] Entering safepoint region: Cleanup
[2019-12-11T08:46:53.403+0000][1][safepoint    ] Leaving safepoint region
[2019-12-11T08:46:53.403+0000][1][safepoint    ] Total time for which application threads were stopped: 0.0001231 seconds, Stopping threads took: 0.0000306 seconds
[2019-12-11T08:46:54.404+0000][1][safepoint    ] Application time: 1.0008285 seconds
[2019-12-11T08:46:54.404+0000][1][safepoint    ] Entering safepoint region: Cleanup
[2019-12-11T08:46:54.404+0000][1][safepoint    ] Leaving safepoint region
[2019-12-11T08:46:54.404+0000][1][safepoint    ] Total time for which application threads were stopped: 0.0001228 seconds, Stopping threads took: 0.0000299 seconds
[2019-12-11T08:46:55.405+0000][1][safepoint    ] Application time: 1.0007945 seconds
[2019-12-11T08:46:55.405+0000][1][safepoint    ] Entering safepoint region: Cleanup
[2019-12-11T08:46:55.405+0000][1][safepoint    ] Leaving safepoint region
[2019-12-11T08:46:55.405+0000][1][safepoint    ] Total time for which application threads were stopped: 0.0001239 seconds, Stopping threads took: 0.0000341 seconds
[2019-12-11T08:46:56.406+0000][1][safepoint    ] Application time: 1.0008074 seconds
[2019-12-11T08:46:56.406+0000][1][safepoint    ] Entering safepoint region: Cleanup
[2019-12-11T08:46:56.406+0000][1][safepoint    ] Leaving safepoint region
[2019-12-11T08:46:56.406+0000][1][safepoint    ] Total time for which application threads were stopped: 0.0001161 seconds, Stopping threads took: 0.0000271 seconds
[2019-12-11T08:46:57.407+0000][1][safepoint    ] Application time: 1.0008274 seconds
[2019-12-11T08:46:57.407+0000][1][safepoint    ] Entering safepoint region: Cleanup
[2019-12-11T08:46:57.407+0000][1][safepoint    ] Leaving safepoint region
[2019-12-11T08:46:57.407+0000][1][safepoint    ] Total time for which application threads were stopped: 0.0001154 seconds, Stopping threads took: 0.0000271 seconds
[2019-12-11T08:46:58.408+0000][1][safepoint    ] Application time: 1.0008389 seconds
[2019-12-11T08:46:58.408+0000][1][safepoint    ] Entering safepoint region: Cleanup
[2019-12-11T08:46:58.408+0000][1][safepoint    ] Leaving safepoint region
[2019-12-11T08:46:58.408+0000][1][safepoint    ] Total time for which application threads were stopped: 0.0001230 seconds, Stopping threads took: 0.0000291 seconds
[2019-12-11T08:46:59.409+0000][1][safepoint    ] Application time: 1.0008193 seconds
[2019-12-11T08:46:59.409+0000][1][safepoint    ] Entering safepoint region: Cleanup
[2019-12-11T08:46:59.409+0000][1][safepoint    ] Leaving safepoint region
[2019-12-11T08:46:59.409+0000][1][safepoint    ] Total time for which application threads were stopped: 0.0001264 seconds, Stopping threads took: 0.0000301 seconds
[2019-12-11T08:47:00.411+0000][1][safepoint    ] Application time: 1.0017909 seconds
[2019-12-11T08:47:00.411+0000][1][safepoint    ] Entering safepoint region: Cleanup
[2019-12-11T08:47:00.411+0000][1][safepoint    ] Leaving safepoint region
[2019-12-11T08:47:00.411+0000][1][safepoint    ] Total time for which application threads were stopped: 0.0001203 seconds, Stopping threads took: 0.0000265 seconds
[2019-12-11T08:47:01.412+0000][1][safepoint    ] Application time: 1.0008481 seconds
[2019-12-11T08:47:01.412+0000][1][safepoint    ] Entering safepoint region: Cleanup
[2019-12-11T08:47:01.412+0000][1][safepoint    ] Leaving safepoint region
[2019-12-11T08:47:01.412+0000][1][safepoint    ] Total time for which application threads were stopped: 0.0001348 seconds, Stopping threads took: 0.0000340 seconds
[2019-12-11T08:47:02.414+0000][1][safepoint    ] Application time: 1.0017979 seconds
[2019-12-11T08:47:02.414+0000][1][safepoint    ] Entering safepoint region: Cleanup
[2019-12-11T08:47:02.414+0000][1][safepoint    ] Leaving safepoint region
[2019-12-11T08:47:02.414+0000][1][safepoint    ] Total time for which application threads were stopped: 0.0001175 seconds, Stopping threads took: 0.0000268 seconds
[2019-12-11T08:47:03.417+0000][1][safepoint    ] Application time: 1.0028149 seconds
[2019-12-11T08:47:03.417+0000][1][safepoint    ] Entering safepoint region: Cleanup
[2019-12-11T08:47:03.417+0000][1][safepoint    ] Leaving safepoint region
[2019-12-11T08:47:03.417+0000][1][safepoint    ] Total time for which application threads were stopped: 0.0001303 seconds, Stopping threads took: 0.0000281 seconds
[2019-12-11T08:47:04.418+0000][1][safepoint    ] Application time: 1.0008162 seconds
[2019-12-11T08:47:04.418+0000][1][safepoint    ] Entering safepoint region: Cleanup
[2019-12-11T08:47:04.418+0000][1][safepoint    ] Leaving safepoint region
[2019-12-11T08:47:04.418+0000][1][safepoint    ] Total time for which application threads were stopped: 0.0001356 seconds, Stopping threads took: 0.0000299 seconds
[2019-12-11T08:47:05.420+0000][1][safepoint    ] Application time: 1.0019517 seconds
[2019-12-11T08:47:05.420+0000][1][safepoint    ] Entering safepoint region: Cleanup
[2019-12-11T08:47:05.420+0000][1][safepoint    ] Leaving safepoint region
[2019-12-11T08:47:05.420+0000][1][safepoint    ] Total time for which application threads were stopped: 0.0001411 seconds, Stopping threads took: 0.0000400 seconds
[2019-12-11T08:47:06.423+0000][1][safepoint    ] Application time: 1.0026483 seconds
[2019-12-11T08:47:06.423+0000][1][safepoint    ] Entering safepoint region: Cleanup
[2019-12-11T08:47:06.423+0000][1][safepoint    ] Leaving safepoint region
[2019-12-11T08:47:06.423+0000][1][safepoint    ] Total time for which application threads were stopped: 0.0001146 seconds, Stopping threads took: 0.0000273 seconds
[2019-12-11T08:47:06.733+0000][1][safepoint    ] Application time: 0.3097996 seconds
[2019-12-11T08:47:06.733+0000][1][safepoint    ] Entering safepoint region: GenCollectForAllocation
[2019-12-11T08:47:06.733+0000][1][gc,start     ] GC(49) Pause Young (Allocation Failure)
[2019-12-11T08:47:06.733+0000][1][gc,task      ] GC(49) Using 2 workers of 2 for evacuation
[2019-12-11T08:47:06.738+0000][1][gc,age       ] GC(49) Desired survivor size 4456448 bytes, new threshold 6 (max threshold 6)
[2019-12-11T08:47:06.738+0000][1][gc,age       ] GC(49) Age table with threshold 6 (max threshold 6)
[2019-12-11T08:47:06.738+0000][1][gc,age       ] GC(49) - age   1:     618360 bytes,     618360 total
[2019-12-11T08:47:06.738+0000][1][gc,age       ] GC(49) - age   2:        232 bytes,     618592 total
[2019-12-11T08:47:06.738+0000][1][gc,age       ] GC(49) - age   3:       1816 bytes,     620408 total
[2019-12-11T08:47:06.738+0000][1][gc,age       ] GC(49) - age   4:        248 bytes,     620656 total
[2019-12-11T08:47:06.738+0000][1][gc,age       ] GC(49) - age   5:       2192 bytes,     622848 total
[2019-12-11T08:47:06.738+0000][1][gc,age       ] GC(49) - age   6:       1024 bytes,     623872 total
[2019-12-11T08:47:06.738+0000][1][gc,heap      ] GC(49) ParNew: 70907K->728K(78656K)
[2019-12-11T08:47:06.738+0000][1][gc,heap      ] GC(49) CMS: 71362K->71364K(174784K)
[2019-12-11T08:47:06.738+0000][1][gc,metaspace ] GC(49) Metaspace: 75757K->75757K(1118208K)
[2019-12-11T08:47:06.738+0000][1][gc           ] GC(49) Pause Young (Allocation Failure) 138M->70M(247M) 4.897ms
[2019-12-11T08:47:06.738+0000][1][gc,cpu       ] GC(49) User=0.00s Sys=0.00s Real=0.01s
[2019-12-11T08:47:06.738+0000][1][safepoint    ] Leaving safepoint region
[2019-12-11T08:47:06.738+0000][1][safepoint    ] Total time for which application threads were stopped: 0.0051218 seconds, Stopping threads took: 0.0000291 seconds
[2019-12-11T08:47:07.739+0000][1][safepoint    ] Application time: 1.0008189 seconds
[2019-12-11T08:47:07.739+0000][1][safepoint    ] Entering safepoint region: Cleanup
[2019-12-11T08:47:07.739+0000][1][safepoint    ] Leaving safepoint region
[2019-12-11T08:47:07.739+0000][1][safepoint    ] Total time for which application threads were stopped: 0.0001436 seconds, Stopping threads took: 0.0000416 seconds
[2019-12-11T08:47:08.742+0000][1][safepoint    ] Application time: 1.0027880 seconds
[2019-12-11T08:47:08.742+0000][1][safepoint    ] Entering safepoint region: Cleanup
[2019-12-11T08:47:08.742+0000][1][safepoint    ] Leaving safepoint region
[2019-12-11T08:47:08.742+0000][1][safepoint    ] Total time for which application threads were stopped: 0.0001336 seconds, Stopping threads took: 0.0000284 seconds
[2019-12-11T08:47:09.744+0000][1][safepoint    ] Application time: 1.0018075 seconds
[2019-12-11T08:47:09.744+0000][1][safepoint    ] Entering safepoint region: Cleanup
[2019-12-11T08:47:09.744+0000][1][safepoint    ] Leaving safepoint region
[2019-12-11T08:47:09.744+0000][1][safepoint    ] Total time for which application threads were stopped: 0.0001132 seconds, Stopping threads took: 0.0000257 seconds
[2019-12-11T08:47:10.750+0000][1][safepoint    ] Application time: 1.0058396 seconds
[2019-12-11T08:47:10.750+0000][1][safepoint    ] Entering safepoint region: Cleanup
[2019-12-11T08:47:10.750+0000][1][safepoint    ] Leaving safepoint region
[2019-12-11T08:47:10.750+0000][1][safepoint    ] Total time for which application threads were stopped: 0.0001495 seconds, Stopping threads took: 0.0000295 seconds
[2019-12-11T08:47:11.751+0000][1][safepoint    ] Application time: 1.0007917 seconds
[2019-12-11T08:47:11.751+0000][1][safepoint    ] Entering safepoint region: Cleanup
[2019-12-11T08:47:11.751+0000][1][safepoint    ] Leaving safepoint region
[2019-12-11T08:47:11.751+0000][1][safepoint    ] Total time for which application threads were stopped: 0.0001236 seconds, Stopping threads took: 0.0000315 seconds
[2019-12-11T08:47:12.754+0000][1][safepoint    ] Application time: 1.0027996 seconds
[2019-12-11T08:47:12.754+0000][1][safepoint    ] Entering safepoint region: Cleanup
[2019-12-11T08:47:12.754+0000][1][safepoint    ] Leaving safepoint region
[2019-12-11T08:47:12.754+0000][1][safepoint    ] Total time for which application threads were stopped: 0.0001248 seconds, Stopping threads took: 0.0000298 seconds
[2019-12-11T08:47:13.756+0000][1][safepoint    ] Application time: 1.0017991 seconds
[2019-12-11T08:47:13.756+0000][1][safepoint    ] Entering safepoint region: Cleanup
[2019-12-11T08:47:13.756+0000][1][safepoint    ] Leaving safepoint region
[2019-12-11T08:47:13.756+0000][1][safepoint    ] Total time for which application threads were stopped: 0.0001183 seconds, Stopping threads took: 0.0000279 seconds
[2019-12-11T08:47:14.757+0000][1][safepoint    ] Application time: 1.0009780 seconds
[2019-12-11T08:47:14.757+0000][1][safepoint    ] Entering safepoint region: Cleanup
[2019-12-11T08:47:14.757+0000][1][safepoint    ] Leaving safepoint region
[2019-12-11T08:47:14.757+0000][1][safepoint    ] Total time for which application threads were stopped: 0.0001369 seconds, Stopping threads took: 0.0000285 seconds
[2019-12-11T08:47:15.760+0000][1][safepoint    ] Application time: 1.0026596 seconds
[2019-12-11T08:47:15.760+0000][1][safepoint    ] Entering safepoint region: Cleanup
[2019-12-11T08:47:15.760+0000][1][safepoint    ] Leaving safepoint region
[2019-12-11T08:47:15.760+0000][1][safepoint    ] Total time for which application threads were stopped: 0.0001174 seconds, Stopping threads took: 0.0000268 seconds
[2019-12-11T08:47:16.763+0000][1][safepoint    ] Application time: 1.0028777 seconds
[2019-12-11T08:47:16.763+0000][1][safepoint    ] Entering safepoint region: Cleanup
[2019-12-11T08:47:16.763+0000][1][safepoint    ] Leaving safepoint region
[2019-12-11T08:47:16.763+0000][1][safepoint    ] Total time for which application threads were stopped: 0.0001290 seconds, Stopping threads took: 0.0000292 seconds
[2019-12-11T08:47:17.765+0000][1][safepoint    ] Application time: 1.0017499 seconds
[2019-12-11T08:47:17.765+0000][1][safepoint    ] Entering safepoint region: Cleanup
[2019-12-11T08:47:17.765+0000][1][safepoint    ] Leaving safepoint region
[2019-12-11T08:47:17.765+0000][1][safepoint    ] Total time for which application threads were stopped: 0.0001195 seconds, Stopping threads took: 0.0000277 seconds
[2019-12-11T08:47:18.766+0000][1][safepoint    ] Application time: 1.0008251 seconds
[2019-12-11T08:47:18.769+0000][1][safepoint    ] Entering safepoint region: Cleanup
[2019-12-11T08:47:18.769+0000][1][safepoint    ] Leaving safepoint region
[2019-12-11T08:47:18.769+0000][1][safepoint    ] Total time for which application threads were stopped: 0.0031424 seconds, Stopping threads took: 0.0030243 seconds
[2019-12-11T08:47:19.770+0000][1][safepoint    ] Application time: 1.0008408 seconds
[2019-12-11T08:47:19.770+0000][1][safepoint    ] Entering safepoint region: Cleanup
[2019-12-11T08:47:19.770+0000][1][safepoint    ] Leaving safepoint region
[2019-12-11T08:47:19.770+0000][1][safepoint    ] Total time for which application threads were stopped: 0.0001217 seconds, Stopping threads took: 0.0000280 seconds
[2019-12-11T08:47:20.774+0000][1][safepoint    ] Application time: 1.0041847 seconds
[2019-12-11T08:47:20.783+0000][1][safepoint    ] Entering safepoint region: Cleanup
[2019-12-11T08:47:20.783+0000][1][safepoint    ] Leaving safepoint region
[2019-12-11T08:47:20.783+0000][1][safepoint    ] Total time for which application threads were stopped: 0.0092446 seconds, Stopping threads took: 0.0090874 seconds
[2019-12-11T08:47:21.784+0000][1][safepoint    ] Application time: 1.0003442 seconds
[2019-12-11T08:47:21.784+0000][1][safepoint    ] Entering safepoint region: Cleanup
[2019-12-11T08:47:21.784+0000][1][safepoint    ] Leaving safepoint region
[2019-12-11T08:47:21.784+0000][1][safepoint    ] Total time for which application threads were stopped: 0.0001160 seconds, Stopping threads took: 0.0000280 seconds
[2019-12-11T08:47:22.784+0000][1][safepoint    ] Application time: 1.0004166 seconds
[2019-12-11T08:47:22.784+0000][1][safepoint    ] Entering safepoint region: Cleanup
[2019-12-11T08:47:22.785+0000][1][safepoint    ] Leaving safepoint region
[2019-12-11T08:47:22.785+0000][1][safepoint    ] Total time for which application threads were stopped: 0.0001607 seconds, Stopping threads took: 0.0000466 seconds
[2019-12-11T08:47:23.787+0000][1][safepoint    ] Application time: 1.0021524 seconds
[2019-12-11T08:47:23.787+0000][1][safepoint    ] Entering safepoint region: Cleanup
[2019-12-11T08:47:23.787+0000][1][safepoint    ] Leaving safepoint region
[2019-12-11T08:47:23.787+0000][1][safepoint    ] Total time for which application threads were stopped: 0.0001176 seconds, Stopping threads took: 0.0000304 seconds
[2019-12-11T08:47:24.790+0000][1][safepoint    ] Application time: 1.0028359 seconds
[2019-12-11T08:47:24.790+0000][1][safepoint    ] Entering safepoint region: Cleanup
[2019-12-11T08:47:24.790+0000][1][safepoint    ] Leaving safepoint region
[2019-12-11T08:47:24.790+0000][1][safepoint    ] Total time for which application threads were stopped: 0.0001382 seconds, Stopping threads took: 0.0000420 seconds
[2019-12-11T08:47:25.791+0000][1][safepoint    ] Application time: 1.0007912 seconds
[2019-12-11T08:47:25.791+0000][1][safepoint    ] Entering safepoint region: Cleanup
[2019-12-11T08:47:25.791+0000][1][safepoint    ] Leaving safepoint region
[2019-12-11T08:47:25.791+0000][1][safepoint    ] Total time for which application threads were stopped: 0.0001136 seconds, Stopping threads took: 0.0000290 seconds
[2019-12-11T08:47:26.795+0000][1][safepoint    ] Application time: 1.0038348 seconds
[2019-12-11T08:47:26.795+0000][1][safepoint    ] Entering safepoint region: Cleanup
[2019-12-11T08:47:26.795+0000][1][safepoint    ] Leaving safepoint region
[2019-12-11T08:47:26.795+0000][1][safepoint    ] Total time for which application threads were stopped: 0.0001246 seconds, Stopping threads took: 0.0000291 seconds
[2019-12-11T08:47:27.797+0000][1][safepoint    ] Application time: 1.0018277 seconds
[2019-12-11T08:47:27.797+0000][1][safepoint    ] Entering safepoint region: Cleanup
[2019-12-11T08:47:27.797+0000][1][safepoint    ] Leaving safepoint region
[2019-12-11T08:47:27.797+0000][1][safepoint    ] Total time for which application threads were stopped: 0.0001153 seconds, Stopping threads took: 0.0000277 seconds
[2019-12-11T08:47:28.799+0000][1][safepoint    ] Application time: 1.0018064 seconds
[2019-12-11T08:47:28.799+0000][1][safepoint    ] Entering safepoint region: Cleanup
[2019-12-11T08:47:28.799+0000][1][safepoint    ] Leaving safepoint region
[2019-12-11T08:47:28.799+0000][1][safepoint    ] Total time for which application threads were stopped: 0.0001162 seconds, Stopping threads took: 0.0000280 seconds
[2019-12-11T08:47:29.800+0000][1][safepoint    ] Application time: 1.0008402 seconds
[2019-12-11T08:47:29.800+0000][1][safepoint    ] Entering safepoint region: Cleanup
[2019-12-11T08:47:29.800+0000][1][safepoint    ] Leaving safepoint region
[2019-12-11T08:47:29.800+0000][1][safepoint    ] Total time for which application threads were stopped: 0.0001163 seconds, Stopping threads took: 0.0000264 seconds
[2019-12-11T08:47:30.801+0000][1][safepoint    ] Application time: 1.0008379 seconds
[2019-12-11T08:47:30.801+0000][1][safepoint    ] Entering safepoint region: Cleanup
[2019-12-11T08:47:30.801+0000][1][safepoint    ] Leaving safepoint region
[2019-12-11T08:47:30.801+0000][1][safepoint    ] Total time for which application threads were stopped: 0.0001282 seconds, Stopping threads took: 0.0000302 seconds
[2019-12-11T08:47:31.803+0000][1][safepoint    ] Application time: 1.0017506 seconds
[2019-12-11T08:47:31.803+0000][1][safepoint    ] Entering safepoint region: Cleanup
[2019-12-11T08:47:31.803+0000][1][safepoint    ] Leaving safepoint region
[2019-12-11T08:47:31.803+0000][1][safepoint    ] Total time for which application threads were stopped: 0.0001527 seconds, Stopping threads took: 0.0000437 seconds
[2019-12-11T08:47:32.804+0000][1][safepoint    ] Application time: 1.0007803 seconds
[2019-12-11T08:47:32.804+0000][1][safepoint    ] Entering safepoint region: Cleanup
[2019-12-11T08:47:32.804+0000][1][safepoint    ] Leaving safepoint region
[2019-12-11T08:47:32.804+0000][1][safepoint    ] Total time for which application threads were stopped: 0.0001188 seconds, Stopping threads took: 0.0000258 seconds
[2019-12-11T08:47:33.807+0000][1][safepoint    ] Application time: 1.0028501 seconds
[2019-12-11T08:47:33.807+0000][1][safepoint    ] Entering safepoint region: Cleanup
[2019-12-11T08:47:33.807+0000][1][safepoint    ] Leaving safepoint region
[2019-12-11T08:47:33.807+0000][1][safepoint    ] Total time for which application threads were stopped: 0.0001239 seconds, Stopping threads took: 0.0000304 seconds
[2019-12-11T08:47:34.810+0000][1][safepoint    ] Application time: 1.0035510 seconds
[2019-12-11T08:47:34.811+0000][1][safepoint    ] Entering safepoint region: Cleanup
[2019-12-11T08:47:34.811+0000][1][safepoint    ] Leaving safepoint region
[2019-12-11T08:47:34.811+0000][1][safepoint    ] Total time for which application threads were stopped: 0.0001143 seconds, Stopping threads took: 0.0000274 seconds
[2019-12-11T08:47:35.811+0000][1][safepoint    ] Application time: 1.0000805 seconds
[2019-12-11T08:47:35.811+0000][1][safepoint    ] Entering safepoint region: Cleanup
[2019-12-11T08:47:35.811+0000][1][safepoint    ] Leaving safepoint region
[2019-12-11T08:47:35.811+0000][1][safepoint    ] Total time for which application threads were stopped: 0.0001378 seconds, Stopping threads took: 0.0000413 seconds
[2019-12-11T08:47:36.815+0000][1][safepoint    ] Application time: 1.0037931 seconds
[2019-12-11T08:47:36.815+0000][1][safepoint    ] Entering safepoint region: Cleanup
[2019-12-11T08:47:36.815+0000][1][safepoint    ] Leaving safepoint region
[2019-12-11T08:47:36.815+0000][1][safepoint    ] Total time for which application threads were stopped: 0.0001163 seconds, Stopping threads took: 0.0000272 seconds
[2019-12-11T08:47:37.818+0000][1][safepoint    ] Application time: 1.0028249 seconds
[2019-12-11T08:47:37.818+0000][1][safepoint    ] Entering safepoint region: Cleanup
[2019-12-11T08:47:37.818+0000][1][safepoint    ] Leaving safepoint region
[2019-12-11T08:47:37.818+0000][1][safepoint    ] Total time for which application threads were stopped: 0.0001156 seconds, Stopping threads took: 0.0000259 seconds
[2019-12-11T08:47:38.820+0000][1][safepoint    ] Application time: 1.0018614 seconds
[2019-12-11T08:47:38.820+0000][1][safepoint    ] Entering safepoint region: Cleanup
[2019-12-11T08:47:38.820+0000][1][safepoint    ] Leaving safepoint region
[2019-12-11T08:47:38.820+0000][1][safepoint    ] Total time for which application threads were stopped: 0.0001087 seconds, Stopping threads took: 0.0000251 seconds
[2019-12-11T08:47:39.822+0000][1][safepoint    ] Application time: 1.0018887 seconds
[2019-12-11T08:47:39.822+0000][1][safepoint    ] Entering safepoint region: Cleanup
[2019-12-11T08:47:39.822+0000][1][safepoint    ] Leaving safepoint region
[2019-12-11T08:47:39.822+0000][1][safepoint    ] Total time for which application threads were stopped: 0.0001245 seconds, Stopping threads took: 0.0000310 seconds
[2019-12-11T08:47:40.824+0000][1][safepoint    ] Application time: 1.0017388 seconds
[2019-12-11T08:47:40.824+0000][1][safepoint    ] Entering safepoint region: Cleanup
[2019-12-11T08:47:40.824+0000][1][safepoint    ] Leaving safepoint region
[2019-12-11T08:47:40.824+0000][1][safepoint    ] Total time for which application threads were stopped: 0.0001230 seconds, Stopping threads took: 0.0000301 seconds
[2019-12-11T08:47:41.825+0000][1][safepoint    ] Application time: 1.0008147 seconds
[2019-12-11T08:47:41.825+0000][1][safepoint    ] Entering safepoint region: Cleanup
[2019-12-11T08:47:41.825+0000][1][safepoint    ] Leaving safepoint region
[2019-12-11T08:47:41.825+0000][1][safepoint    ] Total time for which application threads were stopped: 0.0001171 seconds, Stopping threads took: 0.0000279 seconds
[2019-12-11T08:47:42.826+0000][1][safepoint    ] Application time: 1.0008596 seconds
[2019-12-11T08:47:42.826+0000][1][safepoint    ] Entering safepoint region: Cleanup
[2019-12-11T08:47:42.826+0000][1][safepoint    ] Leaving safepoint region
[2019-12-11T08:47:42.826+0000][1][safepoint    ] Total time for which application threads were stopped: 0.0001186 seconds, Stopping threads took: 0.0000280 seconds
[2019-12-11T08:47:43.828+0000][1][safepoint    ] Application time: 1.0017965 seconds
[2019-12-11T08:47:43.828+0000][1][safepoint    ] Entering safepoint region: Cleanup
[2019-12-11T08:47:43.828+0000][1][safepoint    ] Leaving safepoint region
[2019-12-11T08:47:43.828+0000][1][safepoint    ] Total time for which application threads were stopped: 0.0001192 seconds, Stopping threads took: 0.0000281 seconds
[2019-12-11T08:47:44.831+0000][1][safepoint    ] Application time: 1.0028292 seconds
[2019-12-11T08:47:44.831+0000][1][safepoint    ] Entering safepoint region: Cleanup
[2019-12-11T08:47:44.831+0000][1][safepoint    ] Leaving safepoint region
[2019-12-11T08:47:44.831+0000][1][safepoint    ] Total time for which application threads were stopped: 0.0001237 seconds, Stopping threads took: 0.0000260 seconds
[2019-12-11T08:47:45.834+0000][1][safepoint    ] Application time: 1.0028172 seconds
[2019-12-11T08:47:45.834+0000][1][safepoint    ] Entering safepoint region: Cleanup
[2019-12-11T08:47:45.834+0000][1][safepoint    ] Leaving safepoint region
[2019-12-11T08:47:45.834+0000][1][safepoint    ] Total time for which application threads were stopped: 0.0001109 seconds, Stopping threads took: 0.0000256 seconds
[2019-12-11T08:47:46.836+0000][1][safepoint    ] Application time: 1.0018515 seconds
[2019-12-11T08:47:46.836+0000][1][safepoint    ] Entering safepoint region: Cleanup
[2019-12-11T08:47:46.836+0000][1][safepoint    ] Leaving safepoint region
[2019-12-11T08:47:46.836+0000][1][safepoint    ] Total time for which application threads were stopped: 0.0001232 seconds, Stopping threads took: 0.0000379 seconds
[2019-12-11T08:47:47.408+0000][1][safepoint    ] Application time: 0.5718507 seconds
[2019-12-11T08:47:47.408+0000][1][safepoint    ] Entering safepoint region: GenCollectForAllocation
[2019-12-11T08:47:47.408+0000][1][gc,start     ] GC(50) Pause Young (Allocation Failure)
[2019-12-11T08:47:47.408+0000][1][gc,task      ] GC(50) Using 2 workers of 2 for evacuation
[2019-12-11T08:47:47.415+0000][1][gc,age       ] GC(50) Desired survivor size 4456448 bytes, new threshold 6 (max threshold 6)
[2019-12-11T08:47:47.415+0000][1][gc,age       ] GC(50) Age table with threshold 6 (max threshold 6)
[2019-12-11T08:47:47.415+0000][1][gc,age       ] GC(50) - age   1:     892200 bytes,     892200 total
[2019-12-11T08:47:47.415+0000][1][gc,age       ] GC(50) - age   2:        208 bytes,     892408 total
[2019-12-11T08:47:47.415+0000][1][gc,age       ] GC(50) - age   3:        232 bytes,     892640 total
[2019-12-11T08:47:47.415+0000][1][gc,age       ] GC(50) - age   4:       1816 bytes,     894456 total
[2019-12-11T08:47:47.415+0000][1][gc,age       ] GC(50) - age   5:        248 bytes,     894704 total
[2019-12-11T08:47:47.415+0000][1][gc,age       ] GC(50) - age   6:       2192 bytes,     896896 total
[2019-12-11T08:47:47.415+0000][1][gc,heap      ] GC(50) ParNew: 70680K->907K(78656K)
[2019-12-11T08:47:47.415+0000][1][gc,heap      ] GC(50) CMS: 71364K->71365K(174784K)
[2019-12-11T08:47:47.415+0000][1][gc,metaspace ] GC(50) Metaspace: 75782K->75782K(1118208K)
[2019-12-11T08:47:47.415+0000][1][gc           ] GC(50) Pause Young (Allocation Failure) 138M->70M(247M) 7.175ms
[2019-12-11T08:47:47.415+0000][1][gc,cpu       ] GC(50) User=0.00s Sys=0.00s Real=0.01s
[2019-12-11T08:47:47.415+0000][1][safepoint    ] Leaving safepoint region
[2019-12-11T08:47:47.415+0000][1][safepoint    ] Total time for which application threads were stopped: 0.0073874 seconds, Stopping threads took: 0.0000225 seconds
[2019-12-11T08:47:48.419+0000][1][safepoint    ] Application time: 1.0033741 seconds
[2019-12-11T08:47:48.419+0000][1][safepoint    ] Entering safepoint region: Cleanup
[2019-12-11T08:47:48.419+0000][1][safepoint    ] Leaving safepoint region
[2019-12-11T08:47:48.419+0000][1][safepoint    ] Total time for which application threads were stopped: 0.0001786 seconds, Stopping threads took: 0.0000250 seconds
[2019-12-11T08:47:49.421+0000][1][safepoint    ] Application time: 1.0019650 seconds
[2019-12-11T08:47:49.421+0000][1][safepoint    ] Entering safepoint region: Cleanup
[2019-12-11T08:47:49.421+0000][1][safepoint    ] Leaving safepoint region
[2019-12-11T08:47:49.421+0000][1][safepoint    ] Total time for which application threads were stopped: 0.0001120 seconds, Stopping threads took: 0.0000248 seconds
[2019-12-11T08:47:50.423+0000][1][safepoint    ] Application time: 1.0018171 seconds
[2019-12-11T08:47:50.423+0000][1][safepoint    ] Entering safepoint region: Cleanup
[2019-12-11T08:47:50.423+0000][1][safepoint    ] Leaving safepoint region
[2019-12-11T08:47:50.423+0000][1][safepoint    ] Total time for which application threads were stopped: 0.0001250 seconds, Stopping threads took: 0.0000299 seconds
[2019-12-11T08:47:51.425+0000][1][safepoint    ] Application time: 1.0018641 seconds
[2019-12-11T08:47:51.425+0000][1][safepoint    ] Entering safepoint region: Cleanup
[2019-12-11T08:47:51.425+0000][1][safepoint    ] Leaving safepoint region
[2019-12-11T08:47:51.425+0000][1][safepoint    ] Total time for which application threads were stopped: 0.0001567 seconds, Stopping threads took: 0.0000296 seconds
[2019-12-11T08:47:52.426+0000][1][safepoint    ] Application time: 1.0012566 seconds
[2019-12-11T08:47:52.426+0000][1][safepoint    ] Entering safepoint region: Cleanup
[2019-12-11T08:47:52.426+0000][1][safepoint    ] Leaving safepoint region
[2019-12-11T08:47:52.426+0000][1][safepoint    ] Total time for which application threads were stopped: 0.0001132 seconds, Stopping threads took: 0.0000241 seconds
[2019-12-11T08:47:53.427+0000][1][safepoint    ] Application time: 1.0007717 seconds
[2019-12-11T08:47:53.427+0000][1][safepoint    ] Entering safepoint region: Cleanup
[2019-12-11T08:47:53.427+0000][1][safepoint    ] Leaving safepoint region
[2019-12-11T08:47:53.427+0000][1][safepoint    ] Total time for which application threads were stopped: 0.0001436 seconds, Stopping threads took: 0.0000484 seconds
[2019-12-11T08:47:54.428+0000][1][safepoint    ] Application time: 1.0004106 seconds
[2019-12-11T08:47:54.428+0000][1][safepoint    ] Entering safepoint region: Cleanup
[2019-12-11T08:47:54.428+0000][1][safepoint    ] Leaving safepoint region
[2019-12-11T08:47:54.428+0000][1][safepoint    ] Total time for which application threads were stopped: 0.0001313 seconds, Stopping threads took: 0.0000290 seconds
[2019-12-11T08:47:55.428+0000][1][safepoint    ] Application time: 1.0001310 seconds
[2019-12-11T08:47:55.428+0000][1][safepoint    ] Entering safepoint region: Cleanup
[2019-12-11T08:47:55.428+0000][1][safepoint    ] Leaving safepoint region
[2019-12-11T08:47:55.428+0000][1][safepoint    ] Total time for which application threads were stopped: 0.0001324 seconds, Stopping threads took: 0.0000361 seconds
[2019-12-11T08:47:56.428+0000][1][safepoint    ] Application time: 1.0000901 seconds
[2019-12-11T08:47:56.428+0000][1][safepoint    ] Entering safepoint region: Cleanup
[2019-12-11T08:47:56.429+0000][1][safepoint    ] Leaving safepoint region
[2019-12-11T08:47:56.429+0000][1][safepoint    ] Total time for which application threads were stopped: 0.0001287 seconds, Stopping threads took: 0.0000300 seconds
[2019-12-11T08:47:57.433+0000][1][safepoint    ] Application time: 1.0041586 seconds
[2019-12-11T08:47:57.433+0000][1][safepoint    ] Entering safepoint region: Cleanup
[2019-12-11T08:47:57.433+0000][1][safepoint    ] Leaving safepoint region
[2019-12-11T08:47:57.433+0000][1][safepoint    ] Total time for which application threads were stopped: 0.0001341 seconds, Stopping threads took: 0.0000293 seconds
[2019-12-11T08:47:58.435+0000][1][safepoint    ] Application time: 1.0017735 seconds
[2019-12-11T08:47:58.435+0000][1][safepoint    ] Entering safepoint region: Cleanup
[2019-12-11T08:47:58.435+0000][1][safepoint    ] Leaving safepoint region
[2019-12-11T08:47:58.435+0000][1][safepoint    ] Total time for which application threads were stopped: 0.0001237 seconds, Stopping threads took: 0.0000277 seconds
[2019-12-11T08:47:59.442+0000][1][safepoint    ] Application time: 1.0068345 seconds
[2019-12-11T08:47:59.442+0000][1][safepoint    ] Entering safepoint region: Cleanup
[2019-12-11T08:47:59.442+0000][1][safepoint    ] Leaving safepoint region
[2019-12-11T08:47:59.442+0000][1][safepoint    ] Total time for which application threads were stopped: 0.0001204 seconds, Stopping threads took: 0.0000292 seconds
[2019-12-11T08:48:00.443+0000][1][safepoint    ] Application time: 1.0008058 seconds
[2019-12-11T08:48:00.443+0000][1][safepoint    ] Entering safepoint region: Cleanup
[2019-12-11T08:48:00.443+0000][1][safepoint    ] Leaving safepoint region
[2019-12-11T08:48:00.443+0000][1][safepoint    ] Total time for which application threads were stopped: 0.0001278 seconds, Stopping threads took: 0.0000297 seconds
[2019-12-11T08:48:01.445+0000][1][safepoint    ] Application time: 1.0018386 seconds
[2019-12-11T08:48:01.445+0000][1][safepoint    ] Entering safepoint region: Cleanup
[2019-12-11T08:48:01.445+0000][1][safepoint    ] Leaving safepoint region
[2019-12-11T08:48:01.445+0000][1][safepoint    ] Total time for which application threads were stopped: 0.0001176 seconds, Stopping threads took: 0.0000290 seconds
[2019-12-11T08:48:02.447+0000][1][safepoint    ] Application time: 1.0017919 seconds
[2019-12-11T08:48:02.447+0000][1][safepoint    ] Entering safepoint region: Cleanup
[2019-12-11T08:48:02.447+0000][1][safepoint    ] Leaving safepoint region
[2019-12-11T08:48:02.447+0000][1][safepoint    ] Total time for which application threads were stopped: 0.0001270 seconds, Stopping threads took: 0.0000305 seconds
[2019-12-11T08:48:03.448+0000][1][safepoint    ] Application time: 1.0015113 seconds
[2019-12-11T08:48:03.448+0000][1][safepoint    ] Entering safepoint region: Cleanup
[2019-12-11T08:48:03.449+0000][1][safepoint    ] Leaving safepoint region
[2019-12-11T08:48:03.449+0000][1][safepoint    ] Total time for which application threads were stopped: 0.0001267 seconds, Stopping threads took: 0.0000306 seconds
[2019-12-11T08:48:04.452+0000][1][safepoint    ] Application time: 1.0031102 seconds
[2019-12-11T08:48:04.452+0000][1][safepoint    ] Entering safepoint region: Cleanup
[2019-12-11T08:48:04.452+0000][1][safepoint    ] Leaving safepoint region
[2019-12-11T08:48:04.452+0000][1][safepoint    ] Total time for which application threads were stopped: 0.0001187 seconds, Stopping threads took: 0.0000288 seconds
[2019-12-11T08:48:05.457+0000][1][safepoint    ] Application time: 1.0048203 seconds
[2019-12-11T08:48:05.457+0000][1][safepoint    ] Entering safepoint region: Cleanup
[2019-12-11T08:48:05.457+0000][1][safepoint    ] Leaving safepoint region
[2019-12-11T08:48:05.457+0000][1][safepoint    ] Total time for which application threads were stopped: 0.0001277 seconds, Stopping threads took: 0.0000324 seconds
[2019-12-11T08:48:06.460+0000][1][safepoint    ] Application time: 1.0028130 seconds
[2019-12-11T08:48:06.460+0000][1][safepoint    ] Entering safepoint region: Cleanup
[2019-12-11T08:48:06.460+0000][1][safepoint    ] Leaving safepoint region
[2019-12-11T08:48:06.460+0000][1][safepoint    ] Total time for which application threads were stopped: 0.0001139 seconds, Stopping threads took: 0.0000275 seconds
[2019-12-11T08:48:07.463+0000][1][safepoint    ] Application time: 1.0028133 seconds
[2019-12-11T08:48:07.463+0000][1][safepoint    ] Entering safepoint region: Cleanup
[2019-12-11T08:48:07.463+0000][1][safepoint    ] Leaving safepoint region
[2019-12-11T08:48:07.463+0000][1][safepoint    ] Total time for which application threads were stopped: 0.0001399 seconds, Stopping threads took: 0.0000277 seconds
[2019-12-11T08:48:08.465+0000][1][safepoint    ] Application time: 1.0018027 seconds
[2019-12-11T08:48:08.465+0000][1][safepoint    ] Entering safepoint region: Cleanup
[2019-12-11T08:48:08.465+0000][1][safepoint    ] Leaving safepoint region
[2019-12-11T08:48:08.465+0000][1][safepoint    ] Total time for which application threads were stopped: 0.0001242 seconds, Stopping threads took: 0.0000306 seconds
[2019-12-11T08:48:09.469+0000][1][safepoint    ] Application time: 1.0039465 seconds
[2019-12-11T08:48:09.469+0000][1][safepoint    ] Entering safepoint region: Cleanup
[2019-12-11T08:48:09.469+0000][1][safepoint    ] Leaving safepoint region
[2019-12-11T08:48:09.469+0000][1][safepoint    ] Total time for which application threads were stopped: 0.0001187 seconds, Stopping threads took: 0.0000275 seconds
[2019-12-11T08:48:10.471+0000][1][safepoint    ] Application time: 1.0017069 seconds
[2019-12-11T08:48:10.471+0000][1][safepoint    ] Entering safepoint region: Cleanup
[2019-12-11T08:48:10.471+0000][1][safepoint    ] Leaving safepoint region
[2019-12-11T08:48:10.471+0000][1][safepoint    ] Total time for which application threads were stopped: 0.0001157 seconds, Stopping threads took: 0.0000272 seconds
[2019-12-11T08:48:11.472+0000][1][safepoint    ] Application time: 1.0008344 seconds
[2019-12-11T08:48:11.472+0000][1][safepoint    ] Entering safepoint region: Cleanup
[2019-12-11T08:48:11.472+0000][1][safepoint    ] Leaving safepoint region
[2019-12-11T08:48:11.472+0000][1][safepoint    ] Total time for which application threads were stopped: 0.0001222 seconds, Stopping threads took: 0.0000281 seconds
[2019-12-11T08:48:12.475+0000][1][safepoint    ] Application time: 1.0028058 seconds
[2019-12-11T08:48:12.475+0000][1][safepoint    ] Entering safepoint region: Cleanup
[2019-12-11T08:48:12.475+0000][1][safepoint    ] Leaving safepoint region
[2019-12-11T08:48:12.475+0000][1][safepoint    ] Total time for which application threads were stopped: 0.0001164 seconds, Stopping threads took: 0.0000278 seconds
[2019-12-11T08:48:13.475+0000][1][safepoint    ] Application time: 1.0001061 seconds
[2019-12-11T08:48:13.475+0000][1][safepoint    ] Entering safepoint region: Cleanup
[2019-12-11T08:48:13.475+0000][1][safepoint    ] Leaving safepoint region
[2019-12-11T08:48:13.475+0000][1][safepoint    ] Total time for which application threads were stopped: 0.0001215 seconds, Stopping threads took: 0.0000293 seconds
[2019-12-11T08:48:14.480+0000][1][safepoint    ] Application time: 1.0045309 seconds
[2019-12-11T08:48:14.480+0000][1][safepoint    ] Entering safepoint region: Cleanup
[2019-12-11T08:48:14.480+0000][1][safepoint    ] Leaving safepoint region
[2019-12-11T08:48:14.480+0000][1][safepoint    ] Total time for which application threads were stopped: 0.0001372 seconds, Stopping threads took: 0.0000384 seconds
[2019-12-11T08:48:15.484+0000][1][safepoint    ] Application time: 1.0038094 seconds
[2019-12-11T08:48:15.484+0000][1][safepoint    ] Entering safepoint region: Cleanup
[2019-12-11T08:48:15.484+0000][1][safepoint    ] Leaving safepoint region
[2019-12-11T08:48:15.484+0000][1][safepoint    ] Total time for which application threads were stopped: 0.0001279 seconds, Stopping threads took: 0.0000289 seconds
[2019-12-11T08:48:16.486+0000][1][safepoint    ] Application time: 1.0018768 seconds
[2019-12-11T08:48:16.486+0000][1][safepoint    ] Entering safepoint region: Cleanup
[2019-12-11T08:48:16.486+0000][1][safepoint    ] Leaving safepoint region
[2019-12-11T08:48:16.486+0000][1][safepoint    ] Total time for which application threads were stopped: 0.0001285 seconds, Stopping threads took: 0.0000285 seconds
[2019-12-11T08:48:17.488+0000][1][safepoint    ] Application time: 1.0016840 seconds
[2019-12-11T08:48:17.488+0000][1][safepoint    ] Entering safepoint region: Cleanup
[2019-12-11T08:48:17.488+0000][1][safepoint    ] Leaving safepoint region
[2019-12-11T08:48:17.488+0000][1][safepoint    ] Total time for which application threads were stopped: 0.0001339 seconds, Stopping threads took: 0.0000313 seconds
[2019-12-11T08:48:18.489+0000][1][safepoint    ] Application time: 1.0008709 seconds
[2019-12-11T08:48:18.489+0000][1][safepoint    ] Entering safepoint region: Cleanup
[2019-12-11T08:48:18.489+0000][1][safepoint    ] Leaving safepoint region
[2019-12-11T08:48:18.489+0000][1][safepoint    ] Total time for which application threads were stopped: 0.0001194 seconds, Stopping threads took: 0.0000280 seconds
[2019-12-11T08:48:19.492+0000][1][safepoint    ] Application time: 1.0028089 seconds
[2019-12-11T08:48:19.492+0000][1][safepoint    ] Entering safepoint region: Cleanup
[2019-12-11T08:48:19.492+0000][1][safepoint    ] Leaving safepoint region
[2019-12-11T08:48:19.492+0000][1][safepoint    ] Total time for which application threads were stopped: 0.0001297 seconds, Stopping threads took: 0.0000279 seconds
[2019-12-11T08:48:20.497+0000][1][safepoint    ] Application time: 1.0047854 seconds
[2019-12-11T08:48:20.497+0000][1][safepoint    ] Entering safepoint region: Cleanup
[2019-12-11T08:48:20.497+0000][1][safepoint    ] Leaving safepoint region
[2019-12-11T08:48:20.497+0000][1][safepoint    ] Total time for which application threads were stopped: 0.0001237 seconds, Stopping threads took: 0.0000302 seconds
[2019-12-11T08:48:21.502+0000][1][safepoint    ] Application time: 1.0048414 seconds
[2019-12-11T08:48:21.502+0000][1][safepoint    ] Entering safepoint region: Cleanup
[2019-12-11T08:48:21.502+0000][1][safepoint    ] Leaving safepoint region
[2019-12-11T08:48:21.502+0000][1][safepoint    ] Total time for which application threads were stopped: 0.0001317 seconds, Stopping threads took: 0.0000291 seconds
[2019-12-11T08:48:22.504+0000][1][safepoint    ] Application time: 1.0018904 seconds
[2019-12-11T08:48:22.504+0000][1][safepoint    ] Entering safepoint region: Cleanup
[2019-12-11T08:48:22.504+0000][1][safepoint    ] Leaving safepoint region
[2019-12-11T08:48:22.504+0000][1][safepoint    ] Total time for which application threads were stopped: 0.0001229 seconds, Stopping threads took: 0.0000282 seconds
[2019-12-11T08:48:23.505+0000][1][safepoint    ] Application time: 1.0007763 seconds
[2019-12-11T08:48:23.505+0000][1][safepoint    ] Entering safepoint region: Cleanup
[2019-12-11T08:48:23.505+0000][1][safepoint    ] Leaving safepoint region
[2019-12-11T08:48:23.505+0000][1][safepoint    ] Total time for which application threads were stopped: 0.0001252 seconds, Stopping threads took: 0.0000286 seconds
[2019-12-11T08:48:24.507+0000][1][safepoint    ] Application time: 1.0020986 seconds
[2019-12-11T08:48:24.507+0000][1][safepoint    ] Entering safepoint region: Cleanup
[2019-12-11T08:48:24.507+0000][1][safepoint    ] Leaving safepoint region
[2019-12-11T08:48:24.507+0000][1][safepoint    ] Total time for which application threads were stopped: 0.0001223 seconds, Stopping threads took: 0.0000288 seconds
[2019-12-11T08:48:25.509+0000][1][safepoint    ] Application time: 1.0014600 seconds
[2019-12-11T08:48:25.509+0000][1][safepoint    ] Entering safepoint region: Cleanup
[2019-12-11T08:48:25.509+0000][1][safepoint    ] Leaving safepoint region
[2019-12-11T08:48:25.509+0000][1][safepoint    ] Total time for which application threads were stopped: 0.0001460 seconds, Stopping threads took: 0.0000473 seconds
[2019-12-11T08:48:26.515+0000][1][safepoint    ] Application time: 1.0058131 seconds
[2019-12-11T08:48:26.515+0000][1][safepoint    ] Entering safepoint region: Cleanup
[2019-12-11T08:48:26.515+0000][1][safepoint    ] Leaving safepoint region
[2019-12-11T08:48:26.515+0000][1][safepoint    ] Total time for which application threads were stopped: 0.0001434 seconds, Stopping threads took: 0.0000445 seconds
[2019-12-11T08:48:27.516+0000][1][safepoint    ] Application time: 1.0007797 seconds
[2019-12-11T08:48:27.516+0000][1][safepoint    ] Entering safepoint region: Cleanup
[2019-12-11T08:48:27.516+0000][1][safepoint    ] Leaving safepoint region
[2019-12-11T08:48:27.516+0000][1][safepoint    ] Total time for which application threads were stopped: 0.0001430 seconds, Stopping threads took: 0.0000281 seconds
[2019-12-11T08:48:27.537+0000][1][safepoint    ] Application time: 0.0208270 seconds
[2019-12-11T08:48:27.537+0000][1][safepoint    ] Entering safepoint region: GenCollectForAllocation
[2019-12-11T08:48:27.537+0000][1][gc,start     ] GC(51) Pause Young (Allocation Failure)
[2019-12-11T08:48:27.537+0000][1][gc,task      ] GC(51) Using 2 workers of 2 for evacuation
[2019-12-11T08:48:27.547+0000][1][gc,age       ] GC(51) Desired survivor size 4456448 bytes, new threshold 6 (max threshold 6)
[2019-12-11T08:48:27.547+0000][1][gc,age       ] GC(51) Age table with threshold 6 (max threshold 6)
[2019-12-11T08:48:27.547+0000][1][gc,age       ] GC(51) - age   1:     618800 bytes,     618800 total
[2019-12-11T08:48:27.547+0000][1][gc,age       ] GC(51) - age   2:        400 bytes,     619200 total
[2019-12-11T08:48:27.547+0000][1][gc,age       ] GC(51) - age   3:        208 bytes,     619408 total
[2019-12-11T08:48:27.547+0000][1][gc,age       ] GC(51) - age   4:        232 bytes,     619640 total
[2019-12-11T08:48:27.547+0000][1][gc,age       ] GC(51) - age   5:       1816 bytes,     621456 total
[2019-12-11T08:48:27.547+0000][1][gc,age       ] GC(51) - age   6:        248 bytes,     621704 total
[2019-12-11T08:48:27.547+0000][1][gc,heap      ] GC(51) ParNew: 70851K->613K(78656K)
[2019-12-11T08:48:27.547+0000][1][gc,heap      ] GC(51) CMS: 71365K->71367K(174784K)
[2019-12-11T08:48:27.547+0000][1][gc,metaspace ] GC(51) Metaspace: 75802K->75802K(1118208K)
[2019-12-11T08:48:27.547+0000][1][gc           ] GC(51) Pause Young (Allocation Failure) 138M->70M(247M) 10.205ms
[2019-12-11T08:48:27.547+0000][1][gc,cpu       ] GC(51) User=0.01s Sys=0.00s Real=0.01s
[2019-12-11T08:48:27.547+0000][1][safepoint    ] Leaving safepoint region
[2019-12-11T08:48:27.547+0000][1][safepoint    ] Total time for which application threads were stopped: 0.0104103 seconds, Stopping threads took: 0.0000277 seconds
[2019-12-11T08:48:28.548+0000][1][safepoint    ] Application time: 1.0005165 seconds
[2019-12-11T08:48:28.548+0000][1][safepoint    ] Entering safepoint region: Cleanup
[2019-12-11T08:48:28.548+0000][1][safepoint    ] Leaving safepoint region
[2019-12-11T08:48:28.548+0000][1][safepoint    ] Total time for which application threads were stopped: 0.0001134 seconds, Stopping threads took: 0.0000246 seconds
[2019-12-11T08:48:29.552+0000][1][safepoint    ] Application time: 1.0038342 seconds
[2019-12-11T08:48:29.552+0000][1][safepoint    ] Entering safepoint region: Cleanup
[2019-12-11T08:48:29.552+0000][1][safepoint    ] Leaving safepoint region
[2019-12-11T08:48:29.552+0000][1][safepoint    ] Total time for which application threads were stopped: 0.0001153 seconds, Stopping threads took: 0.0000274 seconds
[2019-12-11T08:48:30.554+0000][1][safepoint    ] Application time: 1.0018350 seconds
[2019-12-11T08:48:30.554+0000][1][safepoint    ] Entering safepoint region: Cleanup
[2019-12-11T08:48:30.554+0000][1][safepoint    ] Leaving safepoint region
[2019-12-11T08:48:30.554+0000][1][safepoint    ] Total time for which application threads were stopped: 0.0001241 seconds, Stopping threads took: 0.0000233 seconds
[2019-12-11T08:48:31.555+0000][1][safepoint    ] Application time: 1.0008881 seconds
[2019-12-11T08:48:31.555+0000][1][safepoint    ] Entering safepoint region: Cleanup
[2019-12-11T08:48:31.555+0000][1][safepoint    ] Leaving safepoint region
[2019-12-11T08:48:31.555+0000][1][safepoint    ] Total time for which application threads were stopped: 0.0001137 seconds, Stopping threads took: 0.0000260 seconds
[2019-12-11T08:48:32.558+0000][1][safepoint    ] Application time: 1.0027463 seconds
[2019-12-11T08:48:32.558+0000][1][safepoint    ] Entering safepoint region: Cleanup
[2019-12-11T08:48:32.558+0000][1][safepoint    ] Leaving safepoint region
[2019-12-11T08:48:32.558+0000][1][safepoint    ] Total time for which application threads were stopped: 0.0001247 seconds, Stopping threads took: 0.0000356 seconds
[2019-12-11T08:48:33.559+0000][1][safepoint    ] Application time: 1.0008448 seconds
[2019-12-11T08:48:33.559+0000][1][safepoint    ] Entering safepoint region: Cleanup
[2019-12-11T08:48:33.559+0000][1][safepoint    ] Leaving safepoint region
[2019-12-11T08:48:33.559+0000][1][safepoint    ] Total time for which application threads were stopped: 0.0001132 seconds, Stopping threads took: 0.0000267 seconds
[2019-12-11T08:48:34.563+0000][1][safepoint    ] Application time: 1.0036218 seconds
[2019-12-11T08:48:34.563+0000][1][safepoint    ] Entering safepoint region: Cleanup
[2019-12-11T08:48:34.563+0000][1][safepoint    ] Leaving safepoint region
[2019-12-11T08:48:34.563+0000][1][safepoint    ] Total time for which application threads were stopped: 0.0001400 seconds, Stopping threads took: 0.0000248 seconds
[2019-12-11T08:48:35.564+0000][1][safepoint    ] Application time: 1.0009888 seconds
[2019-12-11T08:48:35.564+0000][1][safepoint    ] Entering safepoint region: Cleanup
[2019-12-11T08:48:35.564+0000][1][safepoint    ] Leaving safepoint region
[2019-12-11T08:48:35.564+0000][1][safepoint    ] Total time for which application threads were stopped: 0.0001218 seconds, Stopping threads took: 0.0000291 seconds
[2019-12-11T08:48:36.564+0000][1][safepoint    ] Application time: 1.0005892 seconds
[2019-12-11T08:48:36.565+0000][1][safepoint    ] Entering safepoint region: Cleanup
[2019-12-11T08:48:36.565+0000][1][safepoint    ] Leaving safepoint region
[2019-12-11T08:48:36.565+0000][1][safepoint    ] Total time for which application threads were stopped: 0.0001159 seconds, Stopping threads took: 0.0000259 seconds
[2019-12-11T08:48:37.565+0000][1][safepoint    ] Application time: 1.0004217 seconds
[2019-12-11T08:48:37.565+0000][1][safepoint    ] Entering safepoint region: Cleanup
[2019-12-11T08:48:37.565+0000][1][safepoint    ] Leaving safepoint region
[2019-12-11T08:48:37.565+0000][1][safepoint    ] Total time for which application threads were stopped: 0.0001235 seconds, Stopping threads took: 0.0000279 seconds
[2019-12-11T08:48:38.566+0000][1][safepoint    ] Application time: 1.0004402 seconds
[2019-12-11T08:48:38.566+0000][1][safepoint    ] Entering safepoint region: Cleanup
[2019-12-11T08:48:38.566+0000][1][safepoint    ] Leaving safepoint region
[2019-12-11T08:48:38.566+0000][1][safepoint    ] Total time for which application threads were stopped: 0.0001127 seconds, Stopping threads took: 0.0000275 seconds
[2019-12-11T08:48:39.569+0000][1][safepoint    ] Application time: 1.0028465 seconds
[2019-12-11T08:48:39.569+0000][1][safepoint    ] Entering safepoint region: Cleanup
[2019-12-11T08:48:39.569+0000][1][safepoint    ] Leaving safepoint region
[2019-12-11T08:48:39.569+0000][1][safepoint    ] Total time for which application threads were stopped: 0.0001202 seconds, Stopping threads took: 0.0000301 seconds
[2019-12-11T08:48:40.570+0000][1][safepoint    ] Application time: 1.0007251 seconds
[2019-12-11T08:48:40.570+0000][1][safepoint    ] Entering safepoint region: Cleanup
[2019-12-11T08:48:40.570+0000][1][safepoint    ] Leaving safepoint region
[2019-12-11T08:48:40.570+0000][1][safepoint    ] Total time for which application threads were stopped: 0.0001285 seconds, Stopping threads took: 0.0000398 seconds
[2019-12-11T08:48:41.573+0000][1][safepoint    ] Application time: 1.0029039 seconds
[2019-12-11T08:48:41.573+0000][1][safepoint    ] Entering safepoint region: Cleanup
[2019-12-11T08:48:41.573+0000][1][safepoint    ] Leaving safepoint region
[2019-12-11T08:48:41.573+0000][1][safepoint    ] Total time for which application threads were stopped: 0.0001196 seconds, Stopping threads took: 0.0000282 seconds
[2019-12-11T08:48:42.573+0000][1][safepoint    ] Application time: 1.0005428 seconds
[2019-12-11T08:48:42.573+0000][1][safepoint    ] Entering safepoint region: Cleanup
[2019-12-11T08:48:42.574+0000][1][safepoint    ] Leaving safepoint region
[2019-12-11T08:48:42.574+0000][1][safepoint    ] Total time for which application threads were stopped: 0.0001095 seconds, Stopping threads took: 0.0000263 seconds
[2019-12-11T08:48:43.575+0000][1][safepoint    ] Application time: 1.0013705 seconds
[2019-12-11T08:48:43.575+0000][1][safepoint    ] Entering safepoint region: Cleanup
[2019-12-11T08:48:43.575+0000][1][safepoint    ] Leaving safepoint region
[2019-12-11T08:48:43.575+0000][1][safepoint    ] Total time for which application threads were stopped: 0.0001252 seconds, Stopping threads took: 0.0000300 seconds
[2019-12-11T08:48:44.576+0000][1][safepoint    ] Application time: 1.0006206 seconds
[2019-12-11T08:48:44.576+0000][1][safepoint    ] Entering safepoint region: Cleanup
[2019-12-11T08:48:44.576+0000][1][safepoint    ] Leaving safepoint region
[2019-12-11T08:48:44.576+0000][1][safepoint    ] Total time for which application threads were stopped: 0.0001260 seconds, Stopping threads took: 0.0000291 seconds
[2019-12-11T08:48:45.577+0000][1][safepoint    ] Application time: 1.0006569 seconds
[2019-12-11T08:48:45.577+0000][1][safepoint    ] Entering safepoint region: Cleanup
[2019-12-11T08:48:45.577+0000][1][safepoint    ] Leaving safepoint region
[2019-12-11T08:48:45.577+0000][1][safepoint    ] Total time for which application threads were stopped: 0.0001286 seconds, Stopping threads took: 0.0000413 seconds
[2019-12-11T08:48:46.578+0000][1][safepoint    ] Application time: 1.0009633 seconds
[2019-12-11T08:48:46.578+0000][1][safepoint    ] Entering safepoint region: Cleanup
[2019-12-11T08:48:46.578+0000][1][safepoint    ] Leaving safepoint region
[2019-12-11T08:48:46.578+0000][1][safepoint    ] Total time for which application threads were stopped: 0.0001226 seconds, Stopping threads took: 0.0000292 seconds
[2019-12-11T08:48:47.579+0000][1][safepoint    ] Application time: 1.0007786 seconds
[2019-12-11T08:48:47.579+0000][1][safepoint    ] Entering safepoint region: Cleanup
[2019-12-11T08:48:47.579+0000][1][safepoint    ] Leaving safepoint region
[2019-12-11T08:48:47.579+0000][1][safepoint    ] Total time for which application threads were stopped: 0.0001098 seconds, Stopping threads took: 0.0000251 seconds
[2019-12-11T08:48:48.583+0000][1][safepoint    ] Application time: 1.0038542 seconds
[2019-12-11T08:48:48.583+0000][1][safepoint    ] Entering safepoint region: Cleanup
[2019-12-11T08:48:48.583+0000][1][safepoint    ] Leaving safepoint region
[2019-12-11T08:48:48.583+0000][1][safepoint    ] Total time for which application threads were stopped: 0.0001270 seconds, Stopping threads took: 0.0000300 seconds
[2019-12-11T08:48:49.584+0000][1][safepoint    ] Application time: 1.0007894 seconds
[2019-12-11T08:48:49.584+0000][1][safepoint    ] Entering safepoint region: Cleanup
[2019-12-11T08:48:49.584+0000][1][safepoint    ] Leaving safepoint region
[2019-12-11T08:48:49.584+0000][1][safepoint    ] Total time for which application threads were stopped: 0.0001246 seconds, Stopping threads took: 0.0000280 seconds
[2019-12-11T08:48:50.587+0000][1][safepoint    ] Application time: 1.0028066 seconds
[2019-12-11T08:48:50.587+0000][1][safepoint    ] Entering safepoint region: Cleanup
[2019-12-11T08:48:50.587+0000][1][safepoint    ] Leaving safepoint region
[2019-12-11T08:48:50.587+0000][1][safepoint    ] Total time for which application threads were stopped: 0.0001194 seconds, Stopping threads took: 0.0000281 seconds
[2019-12-11T08:48:51.588+0000][1][safepoint    ] Application time: 1.0008540 seconds
[2019-12-11T08:48:51.588+0000][1][safepoint    ] Entering safepoint region: Cleanup
[2019-12-11T08:48:51.588+0000][1][safepoint    ] Leaving safepoint region
[2019-12-11T08:48:51.588+0000][1][safepoint    ] Total time for which application threads were stopped: 0.0001089 seconds, Stopping threads took: 0.0000256 seconds
[2019-12-11T08:48:52.592+0000][1][safepoint    ] Application time: 1.0038291 seconds
[2019-12-11T08:48:52.592+0000][1][safepoint    ] Entering safepoint region: Cleanup
[2019-12-11T08:48:52.592+0000][1][safepoint    ] Leaving safepoint region
[2019-12-11T08:48:52.592+0000][1][safepoint    ] Total time for which application threads were stopped: 0.0001212 seconds, Stopping threads took: 0.0000294 seconds
[2019-12-11T08:48:53.597+0000][1][safepoint    ] Application time: 1.0048430 seconds
[2019-12-11T08:48:53.597+0000][1][safepoint    ] Entering safepoint region: Cleanup
[2019-12-11T08:48:53.597+0000][1][safepoint    ] Leaving safepoint region
[2019-12-11T08:48:53.597+0000][1][safepoint    ] Total time for which application threads were stopped: 0.0001209 seconds, Stopping threads took: 0.0000301 seconds
[2019-12-11T08:48:54.601+0000][1][safepoint    ] Application time: 1.0038016 seconds
[2019-12-11T08:48:54.601+0000][1][safepoint    ] Entering safepoint region: Cleanup
[2019-12-11T08:48:54.601+0000][1][safepoint    ] Leaving safepoint region
[2019-12-11T08:48:54.601+0000][1][safepoint    ] Total time for which application threads were stopped: 0.0001171 seconds, Stopping threads took: 0.0000263 seconds
[2019-12-11T08:48:55.602+0000][1][safepoint    ] Application time: 1.0007243 seconds
[2019-12-11T08:48:55.602+0000][1][safepoint    ] Entering safepoint region: Cleanup
[2019-12-11T08:48:55.602+0000][1][safepoint    ] Leaving safepoint region
[2019-12-11T08:48:55.602+0000][1][safepoint    ] Total time for which application threads were stopped: 0.0001223 seconds, Stopping threads took: 0.0000264 seconds
[2019-12-11T08:48:56.606+0000][1][safepoint    ] Application time: 1.0038778 seconds
[2019-12-11T08:48:56.606+0000][1][safepoint    ] Entering safepoint region: Cleanup
[2019-12-11T08:48:56.606+0000][1][safepoint    ] Leaving safepoint region
[2019-12-11T08:48:56.606+0000][1][safepoint    ] Total time for which application threads were stopped: 0.0001188 seconds, Stopping threads took: 0.0000358 seconds
[2019-12-11T08:48:57.610+0000][1][safepoint    ] Application time: 1.0038283 seconds
[2019-12-11T08:48:57.610+0000][1][safepoint    ] Entering safepoint region: Cleanup
[2019-12-11T08:48:57.610+0000][1][safepoint    ] Leaving safepoint region
[2019-12-11T08:48:57.610+0000][1][safepoint    ] Total time for which application threads were stopped: 0.0001208 seconds, Stopping threads took: 0.0000273 seconds
[2019-12-11T08:48:58.612+0000][1][safepoint    ] Application time: 1.0019777 seconds
[2019-12-11T08:48:58.612+0000][1][safepoint    ] Entering safepoint region: Cleanup
[2019-12-11T08:48:58.612+0000][1][safepoint    ] Leaving safepoint region
[2019-12-11T08:48:58.612+0000][1][safepoint    ] Total time for which application threads were stopped: 0.0001272 seconds, Stopping threads took: 0.0000317 seconds
[2019-12-11T08:48:59.615+0000][1][safepoint    ] Application time: 1.0026575 seconds
[2019-12-11T08:48:59.615+0000][1][safepoint    ] Entering safepoint region: Cleanup
[2019-12-11T08:48:59.615+0000][1][safepoint    ] Leaving safepoint region
[2019-12-11T08:48:59.615+0000][1][safepoint    ] Total time for which application threads were stopped: 0.0001113 seconds, Stopping threads took: 0.0000269 seconds
[2019-12-11T08:49:00.618+0000][1][safepoint    ] Application time: 1.0028448 seconds
[2019-12-11T08:49:00.618+0000][1][safepoint    ] Entering safepoint region: Cleanup
[2019-12-11T08:49:00.618+0000][1][safepoint    ] Leaving safepoint region
[2019-12-11T08:49:00.618+0000][1][safepoint    ] Total time for which application threads were stopped: 0.0001231 seconds, Stopping threads took: 0.0000279 seconds
[2019-12-11T08:49:01.620+0000][1][safepoint    ] Application time: 1.0018406 seconds
[2019-12-11T08:49:01.620+0000][1][safepoint    ] Entering safepoint region: Cleanup
[2019-12-11T08:49:01.620+0000][1][safepoint    ] Leaving safepoint region
[2019-12-11T08:49:01.620+0000][1][safepoint    ] Total time for which application threads were stopped: 0.0001134 seconds, Stopping threads took: 0.0000266 seconds
[2019-12-11T08:49:02.622+0000][1][safepoint    ] Application time: 1.0018981 seconds
[2019-12-11T08:49:02.622+0000][1][safepoint    ] Entering safepoint region: Cleanup
[2019-12-11T08:49:02.622+0000][1][safepoint    ] Leaving safepoint region
[2019-12-11T08:49:02.622+0000][1][safepoint    ] Total time for which application threads were stopped: 0.0001363 seconds, Stopping threads took: 0.0000367 seconds
[2019-12-11T08:49:03.624+0000][1][safepoint    ] Application time: 1.0017793 seconds
[2019-12-11T08:49:03.624+0000][1][safepoint    ] Entering safepoint region: Cleanup
[2019-12-11T08:49:03.624+0000][1][safepoint    ] Leaving safepoint region
[2019-12-11T08:49:03.624+0000][1][safepoint    ] Total time for which application threads were stopped: 0.0001143 seconds, Stopping threads took: 0.0000275 seconds
[2019-12-11T08:49:04.625+0000][1][safepoint    ] Application time: 1.0008938 seconds
[2019-12-11T08:49:04.625+0000][1][safepoint    ] Entering safepoint region: Cleanup
[2019-12-11T08:49:04.625+0000][1][safepoint    ] Leaving safepoint region
[2019-12-11T08:49:04.625+0000][1][safepoint    ] Total time for which application threads were stopped: 0.0001202 seconds, Stopping threads took: 0.0000295 seconds
[2019-12-11T08:49:05.629+0000][1][safepoint    ] Application time: 1.0037122 seconds
[2019-12-11T08:49:05.629+0000][1][safepoint    ] Entering safepoint region: Cleanup
[2019-12-11T08:49:05.629+0000][1][safepoint    ] Leaving safepoint region
[2019-12-11T08:49:05.629+0000][1][safepoint    ] Total time for which application threads were stopped: 0.0001246 seconds, Stopping threads took: 0.0000273 seconds
[2019-12-11T08:49:06.631+0000][1][safepoint    ] Application time: 1.0019826 seconds
[2019-12-11T08:49:06.631+0000][1][safepoint    ] Entering safepoint region: Cleanup
[2019-12-11T08:49:06.631+0000][1][safepoint    ] Leaving safepoint region
[2019-12-11T08:49:06.631+0000][1][safepoint    ] Total time for which application threads were stopped: 0.0001586 seconds, Stopping threads took: 0.0000347 seconds
[2019-12-11T08:49:07.635+0000][1][safepoint    ] Application time: 1.0034205 seconds
[2019-12-11T08:49:07.635+0000][1][safepoint    ] Entering safepoint region: Cleanup
[2019-12-11T08:49:07.635+0000][1][safepoint    ] Leaving safepoint region
[2019-12-11T08:49:07.635+0000][1][safepoint    ] Total time for which application threads were stopped: 0.0001467 seconds, Stopping threads took: 0.0000286 seconds
[2019-12-11T08:49:07.874+0000][1][safepoint    ] Application time: 0.2390006 seconds
[2019-12-11T08:49:07.874+0000][1][safepoint    ] Entering safepoint region: GenCollectForAllocation
[2019-12-11T08:49:07.874+0000][1][gc,start     ] GC(52) Pause Young (Allocation Failure)
[2019-12-11T08:49:07.874+0000][1][gc,task      ] GC(52) Using 2 workers of 2 for evacuation
[2019-12-11T08:49:07.885+0000][1][gc,age       ] GC(52) Desired survivor size 4456448 bytes, new threshold 6 (max threshold 6)
[2019-12-11T08:49:07.885+0000][1][gc,age       ] GC(52) Age table with threshold 6 (max threshold 6)
[2019-12-11T08:49:07.885+0000][1][gc,age       ] GC(52) - age   1:     685744 bytes,     685744 total
[2019-12-11T08:49:07.885+0000][1][gc,age       ] GC(52) - age   2:        352 bytes,     686096 total
[2019-12-11T08:49:07.885+0000][1][gc,age       ] GC(52) - age   3:        208 bytes,     686304 total
[2019-12-11T08:49:07.885+0000][1][gc,age       ] GC(52) - age   4:        208 bytes,     686512 total
[2019-12-11T08:49:07.885+0000][1][gc,age       ] GC(52) - age   5:        232 bytes,     686744 total
[2019-12-11T08:49:07.885+0000][1][gc,age       ] GC(52) - age   6:       1816 bytes,     688560 total
[2019-12-11T08:49:07.885+0000][1][gc,heap      ] GC(52) ParNew: 70565K->762K(78656K)
[2019-12-11T08:49:07.885+0000][1][gc,heap      ] GC(52) CMS: 71367K->71367K(174784K)
[2019-12-11T08:49:07.885+0000][1][gc,metaspace ] GC(52) Metaspace: 75814K->75814K(1118208K)
[2019-12-11T08:49:07.885+0000][1][gc           ] GC(52) Pause Young (Allocation Failure) 138M->70M(247M) 10.738ms
[2019-12-11T08:49:07.885+0000][1][gc,cpu       ] GC(52) User=0.00s Sys=0.00s Real=0.02s
[2019-12-11T08:49:07.885+0000][1][safepoint    ] Leaving safepoint region
[2019-12-11T08:49:07.885+0000][1][safepoint    ] Total time for which application threads were stopped: 0.0109816 seconds, Stopping threads took: 0.0000262 seconds
[2019-12-11T08:49:08.889+0000][1][safepoint    ] Application time: 1.0039323 seconds
[2019-12-11T08:49:08.889+0000][1][safepoint    ] Entering safepoint region: Cleanup
[2019-12-11T08:49:08.889+0000][1][safepoint    ] Leaving safepoint region
[2019-12-11T08:49:08.889+0000][1][safepoint    ] Total time for which application threads were stopped: 0.0001266 seconds, Stopping threads took: 0.0000293 seconds
[2019-12-11T08:49:09.890+0000][1][safepoint    ] Application time: 1.0008514 seconds
[2019-12-11T08:49:09.890+0000][1][safepoint    ] Entering safepoint region: Cleanup
[2019-12-11T08:49:09.890+0000][1][safepoint    ] Leaving safepoint region
[2019-12-11T08:49:09.890+0000][1][safepoint    ] Total time for which application threads were stopped: 0.0001204 seconds, Stopping threads took: 0.0000284 seconds
[2019-12-11T08:49:10.892+0000][1][safepoint    ] Application time: 1.0017812 seconds
[2019-12-11T08:49:10.892+0000][1][safepoint    ] Entering safepoint region: Cleanup
[2019-12-11T08:49:10.892+0000][1][safepoint    ] Leaving safepoint region
[2019-12-11T08:49:10.892+0000][1][safepoint    ] Total time for which application threads were stopped: 0.0001198 seconds, Stopping threads took: 0.0000275 seconds
[2019-12-11T08:49:11.893+0000][1][safepoint    ] Application time: 1.0008180 seconds
[2019-12-11T08:49:11.893+0000][1][safepoint    ] Entering safepoint region: Cleanup
[2019-12-11T08:49:11.893+0000][1][safepoint    ] Leaving safepoint region
[2019-12-11T08:49:11.893+0000][1][safepoint    ] Total time for which application threads were stopped: 0.0001122 seconds, Stopping threads took: 0.0000267 seconds
[2019-12-11T08:49:12.894+0000][1][safepoint    ] Application time: 1.0008883 seconds
[2019-12-11T08:49:12.894+0000][1][safepoint    ] Entering safepoint region: Cleanup
[2019-12-11T08:49:12.894+0000][1][safepoint    ] Leaving safepoint region
[2019-12-11T08:49:12.894+0000][1][safepoint    ] Total time for which application threads were stopped: 0.0001235 seconds, Stopping threads took: 0.0000252 seconds
[2019-12-11T08:49:13.895+0000][1][safepoint    ] Application time: 1.0007614 seconds
[2019-12-11T08:49:13.895+0000][1][safepoint    ] Entering safepoint region: Cleanup
[2019-12-11T08:49:13.895+0000][1][safepoint    ] Leaving safepoint region
[2019-12-11T08:49:13.895+0000][1][safepoint    ] Total time for which application threads were stopped: 0.0001247 seconds, Stopping threads took: 0.0000378 seconds
[2019-12-11T08:49:14.895+0000][1][safepoint    ] Application time: 1.0002175 seconds
[2019-12-11T08:49:14.895+0000][1][safepoint    ] Entering safepoint region: Cleanup
[2019-12-11T08:49:14.895+0000][1][safepoint    ] Leaving safepoint region
[2019-12-11T08:49:14.895+0000][1][safepoint    ] Total time for which application threads were stopped: 0.0001239 seconds, Stopping threads took: 0.0000286 seconds
[2019-12-11T08:49:15.898+0000][1][safepoint    ] Application time: 1.0024297 seconds
[2019-12-11T08:49:15.898+0000][1][safepoint    ] Entering safepoint region: Cleanup
[2019-12-11T08:49:15.898+0000][1][safepoint    ] Leaving safepoint region
[2019-12-11T08:49:15.898+0000][1][safepoint    ] Total time for which application threads were stopped: 0.0001183 seconds, Stopping threads took: 0.0000294 seconds
[2019-12-11T08:49:16.901+0000][1][safepoint    ] Application time: 1.0028250 seconds
[2019-12-11T08:49:16.901+0000][1][safepoint    ] Entering safepoint region: Cleanup
[2019-12-11T08:49:16.901+0000][1][safepoint    ] Leaving safepoint region
[2019-12-11T08:49:16.901+0000][1][safepoint    ] Total time for which application threads were stopped: 0.0001413 seconds, Stopping threads took: 0.0000387 seconds
[2019-12-11T08:49:17.902+0000][1][safepoint    ] Application time: 1.0007924 seconds
[2019-12-11T08:49:17.902+0000][1][safepoint    ] Entering safepoint region: Cleanup
[2019-12-11T08:49:17.902+0000][1][safepoint    ] Leaving safepoint region
[2019-12-11T08:49:17.902+0000][1][safepoint    ] Total time for which application threads were stopped: 0.0001136 seconds, Stopping threads took: 0.0000271 seconds
[2019-12-11T08:49:18.903+0000][1][safepoint    ] Application time: 1.0008420 seconds
[2019-12-11T08:49:18.903+0000][1][safepoint    ] Entering safepoint region: Cleanup
[2019-12-11T08:49:18.903+0000][1][safepoint    ] Leaving safepoint region
[2019-12-11T08:49:18.903+0000][1][safepoint    ] Total time for which application threads were stopped: 0.0001179 seconds, Stopping threads took: 0.0000261 seconds
[2019-12-11T08:49:19.907+0000][1][safepoint    ] Application time: 1.0043207 seconds
[2019-12-11T08:49:19.907+0000][1][safepoint    ] Entering safepoint region: Cleanup
[2019-12-11T08:49:19.907+0000][1][safepoint    ] Leaving safepoint region
[2019-12-11T08:49:19.907+0000][1][safepoint    ] Total time for which application threads were stopped: 0.0001451 seconds, Stopping threads took: 0.0000322 seconds
[2019-12-11T08:49:20.908+0000][1][safepoint    ] Application time: 1.0003643 seconds
[2019-12-11T08:49:20.908+0000][1][safepoint    ] Entering safepoint region: Cleanup
[2019-12-11T08:49:20.908+0000][1][safepoint    ] Leaving safepoint region
[2019-12-11T08:49:20.908+0000][1][safepoint    ] Total time for which application threads were stopped: 0.0001224 seconds, Stopping threads took: 0.0000291 seconds
[2019-12-11T08:49:21.910+0000][1][safepoint    ] Application time: 1.0017388 seconds
[2019-12-11T08:49:21.910+0000][1][safepoint    ] Entering safepoint region: Cleanup
[2019-12-11T08:49:21.910+0000][1][safepoint    ] Leaving safepoint region
[2019-12-11T08:49:21.910+0000][1][safepoint    ] Total time for which application threads were stopped: 0.0001210 seconds, Stopping threads took: 0.0000294 seconds
[2019-12-11T08:49:23.287+0000][1][safepoint    ] Application time: 1.3768221 seconds
[2019-12-11T08:49:23.287+0000][1][safepoint    ] Entering safepoint region: Cleanup
[2019-12-11T08:49:23.287+0000][1][safepoint    ] Leaving safepoint region
[2019-12-11T08:49:23.287+0000][1][safepoint    ] Total time for which application threads were stopped: 0.0001854 seconds, Stopping threads took: 0.0000420 seconds
[2019-12-11T08:49:24.294+0000][1][safepoint    ] Application time: 1.0067014 seconds
[2019-12-11T08:49:24.294+0000][1][safepoint    ] Entering safepoint region: Cleanup
[2019-12-11T08:49:24.294+0000][1][safepoint    ] Leaving safepoint region
[2019-12-11T08:49:24.294+0000][1][safepoint    ] Total time for which application threads were stopped: 0.0001263 seconds, Stopping threads took: 0.0000300 seconds
[2019-12-11T08:49:25.300+0000][1][safepoint    ] Application time: 1.0058493 seconds
[2019-12-11T08:49:25.300+0000][1][safepoint    ] Entering safepoint region: Cleanup
[2019-12-11T08:49:25.300+0000][1][safepoint    ] Leaving safepoint region
[2019-12-11T08:49:25.300+0000][1][safepoint    ] Total time for which application threads were stopped: 0.0001245 seconds, Stopping threads took: 0.0000277 seconds
[2019-12-11T08:49:26.301+0000][1][safepoint    ] Application time: 1.0008360 seconds
[2019-12-11T08:49:26.301+0000][1][safepoint    ] Entering safepoint region: Cleanup
[2019-12-11T08:49:26.301+0000][1][safepoint    ] Leaving safepoint region
[2019-12-11T08:49:26.301+0000][1][safepoint    ] Total time for which application threads were stopped: 0.0001295 seconds, Stopping threads took: 0.0000312 seconds
[2019-12-11T08:49:27.303+0000][1][safepoint    ] Application time: 1.0018260 seconds
[2019-12-11T08:49:27.303+0000][1][safepoint    ] Entering safepoint region: Cleanup
[2019-12-11T08:49:27.303+0000][1][safepoint    ] Leaving safepoint region
[2019-12-11T08:49:27.303+0000][1][safepoint    ] Total time for which application threads were stopped: 0.0001441 seconds, Stopping threads took: 0.0000384 seconds
[2019-12-11T08:49:28.305+0000][1][safepoint    ] Application time: 1.0016581 seconds
[2019-12-11T08:49:28.305+0000][1][safepoint    ] Entering safepoint region: Cleanup
[2019-12-11T08:49:28.305+0000][1][safepoint    ] Leaving safepoint region
[2019-12-11T08:49:28.305+0000][1][safepoint    ] Total time for which application threads were stopped: 0.0001413 seconds, Stopping threads took: 0.0000287 seconds
[2019-12-11T08:49:29.306+0000][1][safepoint    ] Application time: 1.0009464 seconds
[2019-12-11T08:49:29.306+0000][1][safepoint    ] Entering safepoint region: Cleanup
[2019-12-11T08:49:29.306+0000][1][safepoint    ] Leaving safepoint region
[2019-12-11T08:49:29.306+0000][1][safepoint    ] Total time for which application threads were stopped: 0.0001214 seconds, Stopping threads took: 0.0000292 seconds
[2019-12-11T08:49:30.310+0000][1][safepoint    ] Application time: 1.0037810 seconds
[2019-12-11T08:49:30.310+0000][1][safepoint    ] Entering safepoint region: Cleanup
[2019-12-11T08:49:30.310+0000][1][safepoint    ] Leaving safepoint region
[2019-12-11T08:49:30.310+0000][1][safepoint    ] Total time for which application threads were stopped: 0.0001171 seconds, Stopping threads took: 0.0000278 seconds
[2019-12-11T08:49:31.313+0000][1][safepoint    ] Application time: 1.0028524 seconds
[2019-12-11T08:49:31.313+0000][1][safepoint    ] Entering safepoint region: Cleanup
[2019-12-11T08:49:31.313+0000][1][safepoint    ] Leaving safepoint region
[2019-12-11T08:49:31.313+0000][1][safepoint    ] Total time for which application threads were stopped: 0.0001276 seconds, Stopping threads took: 0.0000303 seconds
[2019-12-11T08:49:32.315+0000][1][safepoint    ] Application time: 1.0017937 seconds
[2019-12-11T08:49:32.315+0000][1][safepoint    ] Entering safepoint region: Cleanup
[2019-12-11T08:49:32.315+0000][1][safepoint    ] Leaving safepoint region
[2019-12-11T08:49:32.315+0000][1][safepoint    ] Total time for which application threads were stopped: 0.0001324 seconds, Stopping threads took: 0.0000416 seconds
[2019-12-11T08:49:33.316+0000][1][safepoint    ] Application time: 1.0008558 seconds
[2019-12-11T08:49:33.316+0000][1][safepoint    ] Entering safepoint region: Cleanup
[2019-12-11T08:49:33.316+0000][1][safepoint    ] Leaving safepoint region
[2019-12-11T08:49:33.316+0000][1][safepoint    ] Total time for which application threads were stopped: 0.0001234 seconds, Stopping threads took: 0.0000282 seconds
[2019-12-11T08:49:34.317+0000][1][safepoint    ] Application time: 1.0008048 seconds
[2019-12-11T08:49:34.317+0000][1][safepoint    ] Entering safepoint region: Cleanup
[2019-12-11T08:49:34.317+0000][1][safepoint    ] Leaving safepoint region
[2019-12-11T08:49:34.317+0000][1][safepoint    ] Total time for which application threads were stopped: 0.0001186 seconds, Stopping threads took: 0.0000277 seconds
[2019-12-11T08:49:35.322+0000][1][safepoint    ] Application time: 1.0048344 seconds
[2019-12-11T08:49:35.322+0000][1][safepoint    ] Entering safepoint region: Cleanup
[2019-12-11T08:49:35.322+0000][1][safepoint    ] Leaving safepoint region
[2019-12-11T08:49:35.322+0000][1][safepoint    ] Total time for which application threads were stopped: 0.0001361 seconds, Stopping threads took: 0.0000311 seconds
[2019-12-11T08:49:36.323+0000][1][safepoint    ] Application time: 1.0007982 seconds
[2019-12-11T08:49:36.323+0000][1][safepoint    ] Entering safepoint region: Cleanup
[2019-12-11T08:49:36.323+0000][1][safepoint    ] Leaving safepoint region
[2019-12-11T08:49:36.323+0000][1][safepoint    ] Total time for which application threads were stopped: 0.0001332 seconds, Stopping threads took: 0.0000323 seconds
[2019-12-11T08:49:37.325+0000][1][safepoint    ] Application time: 1.0017934 seconds
[2019-12-11T08:49:37.325+0000][1][safepoint    ] Entering safepoint region: Cleanup
[2019-12-11T08:49:37.325+0000][1][safepoint    ] Leaving safepoint region
[2019-12-11T08:49:37.325+0000][1][safepoint    ] Total time for which application threads were stopped: 0.0001106 seconds, Stopping threads took: 0.0000248 seconds
[2019-12-11T08:49:38.326+0000][1][safepoint    ] Application time: 1.0008350 seconds
[2019-12-11T08:49:38.326+0000][1][safepoint    ] Entering safepoint region: Cleanup
[2019-12-11T08:49:38.326+0000][1][safepoint    ] Leaving safepoint region
[2019-12-11T08:49:38.326+0000][1][safepoint    ] Total time for which application threads were stopped: 0.0001317 seconds, Stopping threads took: 0.0000315 seconds
[2019-12-11T08:49:39.327+0000][1][safepoint    ] Application time: 1.0008054 seconds
[2019-12-11T08:49:39.327+0000][1][safepoint    ] Entering safepoint region: Cleanup
[2019-12-11T08:49:39.327+0000][1][safepoint    ] Leaving safepoint region
[2019-12-11T08:49:39.327+0000][1][safepoint    ] Total time for which application threads were stopped: 0.0001129 seconds, Stopping threads took: 0.0000274 seconds
[2019-12-11T08:49:40.329+0000][1][safepoint    ] Application time: 1.0019274 seconds
[2019-12-11T08:49:40.329+0000][1][safepoint    ] Entering safepoint region: Cleanup
[2019-12-11T08:49:40.329+0000][1][safepoint    ] Leaving safepoint region
[2019-12-11T08:49:40.329+0000][1][safepoint    ] Total time for which application threads were stopped: 0.0001276 seconds, Stopping threads took: 0.0000315 seconds
[2019-12-11T08:49:41.330+0000][1][safepoint    ] Application time: 1.0006752 seconds
[2019-12-11T08:49:41.330+0000][1][safepoint    ] Entering safepoint region: Cleanup
[2019-12-11T08:49:41.330+0000][1][safepoint    ] Leaving safepoint region
[2019-12-11T08:49:41.330+0000][1][safepoint    ] Total time for which application threads were stopped: 0.0001129 seconds, Stopping threads took: 0.0000259 seconds
[2019-12-11T08:49:42.331+0000][1][safepoint    ] Application time: 1.0008822 seconds
[2019-12-11T08:49:42.331+0000][1][safepoint    ] Entering safepoint region: Cleanup
[2019-12-11T08:49:42.331+0000][1][safepoint    ] Leaving safepoint region
[2019-12-11T08:49:42.331+0000][1][safepoint    ] Total time for which application threads were stopped: 0.0001377 seconds, Stopping threads took: 0.0000319 seconds
[2019-12-11T08:49:43.332+0000][1][safepoint    ] Application time: 1.0007299 seconds
[2019-12-11T08:49:43.332+0000][1][safepoint    ] Entering safepoint region: Cleanup
[2019-12-11T08:49:43.332+0000][1][safepoint    ] Leaving safepoint region
[2019-12-11T08:49:43.332+0000][1][safepoint    ] Total time for which application threads were stopped: 0.0001118 seconds, Stopping threads took: 0.0000258 seconds
[2019-12-11T08:49:44.335+0000][1][safepoint    ] Application time: 1.0028487 seconds
[2019-12-11T08:49:44.335+0000][1][safepoint    ] Entering safepoint region: Cleanup
[2019-12-11T08:49:44.335+0000][1][safepoint    ] Leaving safepoint region
[2019-12-11T08:49:44.335+0000][1][safepoint    ] Total time for which application threads were stopped: 0.0001168 seconds, Stopping threads took: 0.0000284 seconds
[2019-12-11T08:49:45.338+0000][1][safepoint    ] Application time: 1.0028273 seconds
[2019-12-11T08:49:45.338+0000][1][safepoint    ] Entering safepoint region: Cleanup
[2019-12-11T08:49:45.338+0000][1][safepoint    ] Leaving safepoint region
[2019-12-11T08:49:45.338+0000][1][safepoint    ] Total time for which application threads were stopped: 0.0001210 seconds, Stopping threads took: 0.0000288 seconds
[2019-12-11T08:49:46.341+0000][1][safepoint    ] Application time: 1.0028267 seconds
[2019-12-11T08:49:46.341+0000][1][safepoint    ] Entering safepoint region: Cleanup
[2019-12-11T08:49:46.341+0000][1][safepoint    ] Leaving safepoint region
[2019-12-11T08:49:46.341+0000][1][safepoint    ] Total time for which application threads were stopped: 0.0001255 seconds, Stopping threads took: 0.0000282 seconds
[2019-12-11T08:49:47.343+0000][1][safepoint    ] Application time: 1.0018164 seconds
[2019-12-11T08:49:47.343+0000][1][safepoint    ] Entering safepoint region: Cleanup
[2019-12-11T08:49:47.343+0000][1][safepoint    ] Leaving safepoint region
[2019-12-11T08:49:47.343+0000][1][safepoint    ] Total time for which application threads were stopped: 0.0001405 seconds, Stopping threads took: 0.0000439 seconds
[2019-12-11T08:49:48.182+0000][1][safepoint    ] Application time: 0.8390109 seconds
[2019-12-11T08:49:48.182+0000][1][safepoint    ] Entering safepoint region: GenCollectForAllocation
[2019-12-11T08:49:48.182+0000][1][gc,start     ] GC(53) Pause Young (Allocation Failure)
[2019-12-11T08:49:48.182+0000][1][gc,task      ] GC(53) Using 2 workers of 2 for evacuation
[2019-12-11T08:49:48.194+0000][1][gc,age       ] GC(53) Desired survivor size 4456448 bytes, new threshold 6 (max threshold 6)
[2019-12-11T08:49:48.194+0000][1][gc,age       ] GC(53) Age table with threshold 6 (max threshold 6)
[2019-12-11T08:49:48.194+0000][1][gc,age       ] GC(53) - age   1:     945856 bytes,     945856 total
[2019-12-11T08:49:48.194+0000][1][gc,age       ] GC(53) - age   2:        688 bytes,     946544 total
[2019-12-11T08:49:48.194+0000][1][gc,age       ] GC(53) - age   3:        256 bytes,     946800 total
[2019-12-11T08:49:48.194+0000][1][gc,age       ] GC(53) - age   4:        208 bytes,     947008 total
[2019-12-11T08:49:48.194+0000][1][gc,age       ] GC(53) - age   5:        208 bytes,     947216 total
[2019-12-11T08:49:48.194+0000][1][gc,age       ] GC(53) - age   6:        232 bytes,     947448 total
[2019-12-11T08:49:48.194+0000][1][gc,heap      ] GC(53) ParNew: 70714K->937K(78656K)
[2019-12-11T08:49:48.194+0000][1][gc,heap      ] GC(53) CMS: 71367K->71369K(174784K)
[2019-12-11T08:49:48.194+0000][1][gc,metaspace ] GC(53) Metaspace: 75824K->75824K(1118208K)
[2019-12-11T08:49:48.194+0000][1][gc           ] GC(53) Pause Young (Allocation Failure) 138M->70M(247M) 12.013ms
[2019-12-11T08:49:48.194+0000][1][gc,cpu       ] GC(53) User=0.01s Sys=0.00s Real=0.01s
[2019-12-11T08:49:48.194+0000][1][safepoint    ] Leaving safepoint region
[2019-12-11T08:49:48.194+0000][1][safepoint    ] Total time for which application threads were stopped: 0.0122513 seconds, Stopping threads took: 0.0000245 seconds
[2019-12-11T08:49:49.196+0000][1][safepoint    ] Application time: 1.0014873 seconds
[2019-12-11T08:49:49.196+0000][1][safepoint    ] Entering safepoint region: Cleanup
[2019-12-11T08:49:49.196+0000][1][safepoint    ] Leaving safepoint region
[2019-12-11T08:49:49.196+0000][1][safepoint    ] Total time for which application threads were stopped: 0.0001204 seconds, Stopping threads took: 0.0000300 seconds
[2019-12-11T08:49:50.197+0000][1][safepoint    ] Application time: 1.0008077 seconds
[2019-12-11T08:49:50.197+0000][1][safepoint    ] Entering safepoint region: Cleanup
[2019-12-11T08:49:50.197+0000][1][safepoint    ] Leaving safepoint region
[2019-12-11T08:49:50.197+0000][1][safepoint    ] Total time for which application threads were stopped: 0.0001121 seconds, Stopping threads took: 0.0000315 seconds
[2019-12-11T08:49:51.199+0000][1][safepoint    ] Application time: 1.0018633 seconds
[2019-12-11T08:49:51.199+0000][1][safepoint    ] Entering safepoint region: Cleanup
[2019-12-11T08:49:51.199+0000][1][safepoint    ] Leaving safepoint region
[2019-12-11T08:49:51.199+0000][1][safepoint    ] Total time for which application threads were stopped: 0.0001270 seconds, Stopping threads took: 0.0000285 seconds
[2019-12-11T08:49:52.200+0000][1][safepoint    ] Application time: 1.0007890 seconds
[2019-12-11T08:49:52.200+0000][1][safepoint    ] Entering safepoint region: Cleanup
[2019-12-11T08:49:52.200+0000][1][safepoint    ] Leaving safepoint region
[2019-12-11T08:49:52.200+0000][1][safepoint    ] Total time for which application threads were stopped: 0.0001335 seconds, Stopping threads took: 0.0000278 seconds
[2019-12-11T08:49:53.204+0000][1][safepoint    ] Application time: 1.0039736 seconds
[2019-12-11T08:49:53.204+0000][1][safepoint    ] Entering safepoint region: Cleanup
[2019-12-11T08:49:53.204+0000][1][safepoint    ] Leaving safepoint region
[2019-12-11T08:49:53.204+0000][1][safepoint    ] Total time for which application threads were stopped: 0.0001230 seconds, Stopping threads took: 0.0000277 seconds
[2019-12-11T08:49:54.205+0000][1][safepoint    ] Application time: 1.0006581 seconds
[2019-12-11T08:49:54.205+0000][1][safepoint    ] Entering safepoint region: Cleanup
[2019-12-11T08:49:54.205+0000][1][safepoint    ] Leaving safepoint region
[2019-12-11T08:49:54.205+0000][1][safepoint    ] Total time for which application threads were stopped: 0.0001281 seconds, Stopping threads took: 0.0000271 seconds
[2019-12-11T08:49:55.207+0000][1][safepoint    ] Application time: 1.0018143 seconds
[2019-12-11T08:49:55.207+0000][1][safepoint    ] Entering safepoint region: Cleanup
[2019-12-11T08:49:55.207+0000][1][safepoint    ] Leaving safepoint region
[2019-12-11T08:49:55.207+0000][1][safepoint    ] Total time for which application threads were stopped: 0.0001186 seconds, Stopping threads took: 0.0000280 seconds
[2019-12-11T08:49:56.208+0000][1][safepoint    ] Application time: 1.0008706 seconds
[2019-12-11T08:49:56.208+0000][1][safepoint    ] Entering safepoint region: Cleanup
[2019-12-11T08:49:56.208+0000][1][safepoint    ] Leaving safepoint region
[2019-12-11T08:49:56.208+0000][1][safepoint    ] Total time for which application threads were stopped: 0.0001220 seconds, Stopping threads took: 0.0000287 seconds
[2019-12-11T08:49:57.209+0000][1][safepoint    ] Application time: 1.0007745 seconds
[2019-12-11T08:49:57.209+0000][1][safepoint    ] Entering safepoint region: Cleanup
[2019-12-11T08:49:57.209+0000][1][safepoint    ] Leaving safepoint region
[2019-12-11T08:49:57.209+0000][1][safepoint    ] Total time for which application threads were stopped: 0.0001348 seconds, Stopping threads took: 0.0000291 seconds
[2019-12-11T08:49:58.209+0000][1][safepoint    ] Application time: 1.0000763 seconds
[2019-12-11T08:49:58.209+0000][1][safepoint    ] Entering safepoint region: Cleanup
[2019-12-11T08:49:58.209+0000][1][safepoint    ] Leaving safepoint region
[2019-12-11T08:49:58.209+0000][1][safepoint    ] Total time for which application threads were stopped: 0.0001342 seconds, Stopping threads took: 0.0000322 seconds
[2019-12-11T08:49:59.210+0000][1][safepoint    ] Application time: 1.0005449 seconds
[2019-12-11T08:49:59.210+0000][1][safepoint    ] Entering safepoint region: Cleanup
[2019-12-11T08:49:59.210+0000][1][safepoint    ] Leaving safepoint region
[2019-12-11T08:49:59.210+0000][1][safepoint    ] Total time for which application threads were stopped: 0.0000886 seconds, Stopping threads took: 0.0000200 seconds
[2019-12-11T08:50:00.213+0000][1][safepoint    ] Application time: 1.0028711 seconds
[2019-12-11T08:50:00.213+0000][1][safepoint    ] Entering safepoint region: Cleanup
[2019-12-11T08:50:00.213+0000][1][safepoint    ] Leaving safepoint region
[2019-12-11T08:50:00.213+0000][1][safepoint    ] Total time for which application threads were stopped: 0.0001260 seconds, Stopping threads took: 0.0000277 seconds
[2019-12-11T08:50:01.215+0000][1][safepoint    ] Application time: 1.0019659 seconds
[2019-12-11T08:50:01.215+0000][1][safepoint    ] Entering safepoint region: Cleanup
[2019-12-11T08:50:01.215+0000][1][safepoint    ] Leaving safepoint region
[2019-12-11T08:50:01.215+0000][1][safepoint    ] Total time for which application threads were stopped: 0.0001243 seconds, Stopping threads took: 0.0000292 seconds
[2019-12-11T08:50:02.218+0000][1][safepoint    ] Application time: 1.0027046 seconds
[2019-12-11T08:50:02.218+0000][1][safepoint    ] Entering safepoint region: Cleanup
[2019-12-11T08:50:02.218+0000][1][safepoint    ] Leaving safepoint region
[2019-12-11T08:50:02.218+0000][1][safepoint    ] Total time for which application threads were stopped: 0.0001363 seconds, Stopping threads took: 0.0000376 seconds
[2019-12-11T08:50:03.223+0000][1][safepoint    ] Application time: 1.0047704 seconds
[2019-12-11T08:50:03.223+0000][1][safepoint    ] Entering safepoint region: Cleanup
[2019-12-11T08:50:03.223+0000][1][safepoint    ] Leaving safepoint region
[2019-12-11T08:50:03.223+0000][1][safepoint    ] Total time for which application threads were stopped: 0.0001154 seconds, Stopping threads took: 0.0000256 seconds
[2019-12-11T08:50:04.224+0000][1][safepoint    ] Application time: 1.0008464 seconds
[2019-12-11T08:50:04.224+0000][1][safepoint    ] Entering safepoint region: Cleanup
[2019-12-11T08:50:04.224+0000][1][safepoint    ] Leaving safepoint region
[2019-12-11T08:50:04.224+0000][1][safepoint    ] Total time for which application threads were stopped: 0.0001141 seconds, Stopping threads took: 0.0000269 seconds
[2019-12-11T08:50:05.226+0000][1][safepoint    ] Application time: 1.0018177 seconds
[2019-12-11T08:50:05.226+0000][1][safepoint    ] Entering safepoint region: Cleanup
[2019-12-11T08:50:05.226+0000][1][safepoint    ] Leaving safepoint region
[2019-12-11T08:50:05.226+0000][1][safepoint    ] Total time for which application threads were stopped: 0.0001259 seconds, Stopping threads took: 0.0000307 seconds
[2019-12-11T08:50:06.229+0000][1][safepoint    ] Application time: 1.0028049 seconds
[2019-12-11T08:50:06.229+0000][1][safepoint    ] Entering safepoint region: Cleanup
[2019-12-11T08:50:06.229+0000][1][safepoint    ] Leaving safepoint region
[2019-12-11T08:50:06.229+0000][1][safepoint    ] Total time for which application threads were stopped: 0.0001321 seconds, Stopping threads took: 0.0000367 seconds
[2019-12-11T08:50:07.230+0000][1][safepoint    ] Application time: 1.0008195 seconds
[2019-12-11T08:50:07.230+0000][1][safepoint    ] Entering safepoint region: Cleanup
[2019-12-11T08:50:07.230+0000][1][safepoint    ] Leaving safepoint region
[2019-12-11T08:50:07.230+0000][1][safepoint    ] Total time for which application threads were stopped: 0.0001252 seconds, Stopping threads took: 0.0000288 seconds
[2019-12-11T08:50:08.234+0000][1][safepoint    ] Application time: 1.0039215 seconds
[2019-12-11T08:50:08.234+0000][1][safepoint    ] Entering safepoint region: Cleanup
[2019-12-11T08:50:08.234+0000][1][safepoint    ] Leaving safepoint region
[2019-12-11T08:50:08.234+0000][1][safepoint    ] Total time for which application threads were stopped: 0.0001333 seconds, Stopping threads took: 0.0000282 seconds
[2019-12-11T08:50:09.239+0000][1][safepoint    ] Application time: 1.0046806 seconds
[2019-12-11T08:50:09.239+0000][1][safepoint    ] Entering safepoint region: Cleanup
[2019-12-11T08:50:09.239+0000][1][safepoint    ] Leaving safepoint region
[2019-12-11T08:50:09.239+0000][1][safepoint    ] Total time for which application threads were stopped: 0.0001205 seconds, Stopping threads took: 0.0000295 seconds
[2019-12-11T08:50:10.241+0000][1][safepoint    ] Application time: 1.0018172 seconds
[2019-12-11T08:50:10.241+0000][1][safepoint    ] Entering safepoint region: Cleanup
[2019-12-11T08:50:10.241+0000][1][safepoint    ] Leaving safepoint region
[2019-12-11T08:50:10.241+0000][1][safepoint    ] Total time for which application threads were stopped: 0.0001268 seconds, Stopping threads took: 0.0000295 seconds
[2019-12-11T08:50:11.242+0000][1][safepoint    ] Application time: 1.0008582 seconds
[2019-12-11T08:50:11.242+0000][1][safepoint    ] Entering safepoint region: Cleanup
[2019-12-11T08:50:11.242+0000][1][safepoint    ] Leaving safepoint region
[2019-12-11T08:50:11.242+0000][1][safepoint    ] Total time for which application threads were stopped: 0.0001281 seconds, Stopping threads took: 0.0000298 seconds
[2019-12-11T08:50:12.243+0000][1][safepoint    ] Application time: 1.0007799 seconds
[2019-12-11T08:50:12.243+0000][1][safepoint    ] Entering safepoint region: Cleanup
[2019-12-11T08:50:12.243+0000][1][safepoint    ] Leaving safepoint region
[2019-12-11T08:50:12.243+0000][1][safepoint    ] Total time for which application threads were stopped: 0.0001113 seconds, Stopping threads took: 0.0000254 seconds
[2019-12-11T08:50:13.245+0000][1][safepoint    ] Application time: 1.0018448 seconds
[2019-12-11T08:50:13.245+0000][1][safepoint    ] Entering safepoint region: Cleanup
[2019-12-11T08:50:13.245+0000][1][safepoint    ] Leaving safepoint region
[2019-12-11T08:50:13.245+0000][1][safepoint    ] Total time for which application threads were stopped: 0.0001149 seconds, Stopping threads took: 0.0000282 seconds
[2019-12-11T08:50:14.245+0000][1][safepoint    ] Application time: 1.0005316 seconds
[2019-12-11T08:50:14.245+0000][1][safepoint    ] Entering safepoint region: Cleanup
[2019-12-11T08:50:14.246+0000][1][safepoint    ] Leaving safepoint region
[2019-12-11T08:50:14.246+0000][1][safepoint    ] Total time for which application threads were stopped: 0.0001048 seconds, Stopping threads took: 0.0000239 seconds
[2019-12-11T08:50:15.246+0000][1][safepoint    ] Application time: 1.0004340 seconds
[2019-12-11T08:50:15.246+0000][1][safepoint    ] Entering safepoint region: Cleanup
[2019-12-11T08:50:15.246+0000][1][safepoint    ] Leaving safepoint region
[2019-12-11T08:50:15.246+0000][1][safepoint    ] Total time for which application threads were stopped: 0.0001193 seconds, Stopping threads took: 0.0000270 seconds
[2019-12-11T08:50:16.248+0000][1][safepoint    ] Application time: 1.0015064 seconds
[2019-12-11T08:50:16.248+0000][1][safepoint    ] Entering safepoint region: Cleanup
[2019-12-11T08:50:16.248+0000][1][safepoint    ] Leaving safepoint region
[2019-12-11T08:50:16.248+0000][1][safepoint    ] Total time for which application threads were stopped: 0.0001237 seconds, Stopping threads took: 0.0000352 seconds
[2019-12-11T08:50:17.253+0000][1][safepoint    ] Application time: 1.0048601 seconds
[2019-12-11T08:50:17.253+0000][1][safepoint    ] Entering safepoint region: Cleanup
[2019-12-11T08:50:17.253+0000][1][safepoint    ] Leaving safepoint region
[2019-12-11T08:50:17.253+0000][1][safepoint    ] Total time for which application threads were stopped: 0.0001206 seconds, Stopping threads took: 0.0000278 seconds
[2019-12-11T08:50:18.254+0000][1][safepoint    ] Application time: 1.0008154 seconds
[2019-12-11T08:50:18.254+0000][1][safepoint    ] Entering safepoint region: Cleanup
[2019-12-11T08:50:18.254+0000][1][safepoint    ] Leaving safepoint region
[2019-12-11T08:50:18.254+0000][1][safepoint    ] Total time for which application threads were stopped: 0.0001112 seconds, Stopping threads took: 0.0000273 seconds
[2019-12-11T08:50:19.258+0000][1][safepoint    ] Application time: 1.0038524 seconds
[2019-12-11T08:50:19.258+0000][1][safepoint    ] Entering safepoint region: Cleanup
[2019-12-11T08:50:19.258+0000][1][safepoint    ] Leaving safepoint region
[2019-12-11T08:50:19.258+0000][1][safepoint    ] Total time for which application threads were stopped: 0.0001364 seconds, Stopping threads took: 0.0000281 seconds
[2019-12-11T08:50:20.259+0000][1][safepoint    ] Application time: 1.0007872 seconds
[2019-12-11T08:50:20.259+0000][1][safepoint    ] Entering safepoint region: Cleanup
[2019-12-11T08:50:20.259+0000][1][safepoint    ] Leaving safepoint region
[2019-12-11T08:50:20.259+0000][1][safepoint    ] Total time for which application threads were stopped: 0.0001139 seconds, Stopping threads took: 0.0000261 seconds
[2019-12-11T08:50:21.260+0000][1][safepoint    ] Application time: 1.0008323 seconds
[2019-12-11T08:50:21.260+0000][1][safepoint    ] Entering safepoint region: Cleanup
[2019-12-11T08:50:21.260+0000][1][safepoint    ] Leaving safepoint region
[2019-12-11T08:50:21.260+0000][1][safepoint    ] Total time for which application threads were stopped: 0.0001252 seconds, Stopping threads took: 0.0000281 seconds
[2019-12-11T08:50:22.261+0000][1][safepoint    ] Application time: 1.0007876 seconds
[2019-12-11T08:50:22.261+0000][1][safepoint    ] Entering safepoint region: Cleanup
[2019-12-11T08:50:22.261+0000][1][safepoint    ] Leaving safepoint region
[2019-12-11T08:50:22.261+0000][1][safepoint    ] Total time for which application threads were stopped: 0.0001175 seconds, Stopping threads took: 0.0000265 seconds
[2019-12-11T08:50:23.264+0000][1][safepoint    ] Application time: 1.0028058 seconds
[2019-12-11T08:50:23.264+0000][1][safepoint    ] Entering safepoint region: Cleanup
[2019-12-11T08:50:23.264+0000][1][safepoint    ] Leaving safepoint region
[2019-12-11T08:50:23.264+0000][1][safepoint    ] Total time for which application threads were stopped: 0.0001066 seconds, Stopping threads took: 0.0000260 seconds
[2019-12-11T08:50:24.265+0000][1][safepoint    ] Application time: 1.0008723 seconds
[2019-12-11T08:50:24.265+0000][1][safepoint    ] Entering safepoint region: Cleanup
[2019-12-11T08:50:24.265+0000][1][safepoint    ] Leaving safepoint region
[2019-12-11T08:50:24.265+0000][1][safepoint    ] Total time for which application threads were stopped: 0.0001242 seconds, Stopping threads took: 0.0000297 seconds
[2019-12-11T08:50:25.270+0000][1][safepoint    ] Application time: 1.0047853 seconds
[2019-12-11T08:50:25.270+0000][1][safepoint    ] Entering safepoint region: Cleanup
[2019-12-11T08:50:25.270+0000][1][safepoint    ] Leaving safepoint region
[2019-12-11T08:50:25.270+0000][1][safepoint    ] Total time for which application threads were stopped: 0.0001208 seconds, Stopping threads took: 0.0000285 seconds
[2019-12-11T08:50:26.274+0000][1][safepoint    ] Application time: 1.0041496 seconds
[2019-12-11T08:50:26.275+0000][1][safepoint    ] Entering safepoint region: Cleanup
[2019-12-11T08:50:26.275+0000][1][safepoint    ] Leaving safepoint region
[2019-12-11T08:50:26.275+0000][1][safepoint    ] Total time for which application threads were stopped: 0.0007623 seconds, Stopping threads took: 0.0005851 seconds
[2019-12-11T08:50:27.277+0000][1][safepoint    ] Application time: 1.0018490 seconds
[2019-12-11T08:50:27.277+0000][1][safepoint    ] Entering safepoint region: Cleanup
[2019-12-11T08:50:27.277+0000][1][safepoint    ] Leaving safepoint region
[2019-12-11T08:50:27.277+0000][1][safepoint    ] Total time for which application threads were stopped: 0.0001262 seconds, Stopping threads took: 0.0000302 seconds
[2019-12-11T08:50:28.278+0000][1][safepoint    ] Application time: 1.0008162 seconds
[2019-12-11T08:50:28.278+0000][1][safepoint    ] Entering safepoint region: Cleanup
[2019-12-11T08:50:28.278+0000][1][safepoint    ] Leaving safepoint region
[2019-12-11T08:50:28.278+0000][1][safepoint    ] Total time for which application threads were stopped: 0.0001518 seconds, Stopping threads took: 0.0000335 seconds
[2019-12-11T08:50:28.750+0000][1][safepoint    ] Application time: 0.4716047 seconds
[2019-12-11T08:50:28.750+0000][1][safepoint    ] Entering safepoint region: GenCollectForAllocation
[2019-12-11T08:50:28.750+0000][1][gc,start     ] GC(54) Pause Young (Allocation Failure)
[2019-12-11T08:50:28.750+0000][1][gc,task      ] GC(54) Using 2 workers of 2 for evacuation
[2019-12-11T08:50:28.760+0000][1][gc,age       ] GC(54) Desired survivor size 4456448 bytes, new threshold 6 (max threshold 6)
[2019-12-11T08:50:28.760+0000][1][gc,age       ] GC(54) Age table with threshold 6 (max threshold 6)
[2019-12-11T08:50:28.760+0000][1][gc,age       ] GC(54) - age   1:     699088 bytes,     699088 total
[2019-12-11T08:50:28.760+0000][1][gc,age       ] GC(54) - age   2:       1168 bytes,     700256 total
[2019-12-11T08:50:28.760+0000][1][gc,age       ] GC(54) - age   3:        688 bytes,     700944 total
[2019-12-11T08:50:28.760+0000][1][gc,age       ] GC(54) - age   4:        256 bytes,     701200 total
[2019-12-11T08:50:28.760+0000][1][gc,age       ] GC(54) - age   5:        208 bytes,     701408 total
[2019-12-11T08:50:28.760+0000][1][gc,age       ] GC(54) - age   6:        208 bytes,     701616 total
[2019-12-11T08:50:28.760+0000][1][gc,heap      ] GC(54) ParNew: 70889K->772K(78656K)
[2019-12-11T08:50:28.760+0000][1][gc,heap      ] GC(54) CMS: 71369K->71369K(174784K)
[2019-12-11T08:50:28.760+0000][1][gc,metaspace ] GC(54) Metaspace: 75850K->75850K(1118208K)
[2019-12-11T08:50:28.760+0000][1][gc           ] GC(54) Pause Young (Allocation Failure) 138M->70M(247M) 9.974ms
[2019-12-11T08:50:28.760+0000][1][gc,cpu       ] GC(54) User=0.00s Sys=0.00s Real=0.01s
[2019-12-11T08:50:28.760+0000][1][safepoint    ] Leaving safepoint region
[2019-12-11T08:50:28.760+0000][1][safepoint    ] Total time for which application threads were stopped: 0.0102265 seconds, Stopping threads took: 0.0000255 seconds
[2019-12-11T08:50:29.761+0000][1][safepoint    ] Application time: 1.0009502 seconds
[2019-12-11T08:50:29.761+0000][1][safepoint    ] Entering safepoint region: Cleanup
[2019-12-11T08:50:29.761+0000][1][safepoint    ] Leaving safepoint region
[2019-12-11T08:50:29.761+0000][1][safepoint    ] Total time for which application threads were stopped: 0.0001134 seconds, Stopping threads took: 0.0000259 seconds
[2019-12-11T08:50:30.762+0000][1][safepoint    ] Application time: 1.0007806 seconds
[2019-12-11T08:50:30.762+0000][1][safepoint    ] Entering safepoint region: Cleanup
[2019-12-11T08:50:30.762+0000][1][safepoint    ] Leaving safepoint region
[2019-12-11T08:50:30.762+0000][1][safepoint    ] Total time for which application threads were stopped: 0.0001141 seconds, Stopping threads took: 0.0000262 seconds
[2019-12-11T08:50:31.764+0000][1][safepoint    ] Application time: 1.0018310 seconds
[2019-12-11T08:50:31.764+0000][1][safepoint    ] Entering safepoint region: Cleanup
[2019-12-11T08:50:31.764+0000][1][safepoint    ] Leaving safepoint region
[2019-12-11T08:50:31.764+0000][1][safepoint    ] Total time for which application threads were stopped: 0.0001321 seconds, Stopping threads took: 0.0000370 seconds
[2019-12-11T08:50:32.766+0000][1][safepoint    ] Application time: 1.0025105 seconds
[2019-12-11T08:50:32.766+0000][1][safepoint    ] Entering safepoint region: Cleanup
[2019-12-11T08:50:32.767+0000][1][safepoint    ] Leaving safepoint region
[2019-12-11T08:50:32.767+0000][1][safepoint    ] Total time for which application threads were stopped: 0.0001336 seconds, Stopping threads took: 0.0000279 seconds
[2019-12-11T08:50:33.770+0000][1][safepoint    ] Application time: 1.0031244 seconds
[2019-12-11T08:50:33.770+0000][1][safepoint    ] Entering safepoint region: Cleanup
[2019-12-11T08:50:33.770+0000][1][safepoint    ] Leaving safepoint region
[2019-12-11T08:50:33.770+0000][1][safepoint    ] Total time for which application threads were stopped: 0.0001259 seconds, Stopping threads took: 0.0000293 seconds
[2019-12-11T08:50:34.771+0000][1][safepoint    ] Application time: 1.0008086 seconds
[2019-12-11T08:50:34.771+0000][1][safepoint    ] Entering safepoint region: Cleanup
[2019-12-11T08:50:34.771+0000][1][safepoint    ] Leaving safepoint region
[2019-12-11T08:50:34.771+0000][1][safepoint    ] Total time for which application threads were stopped: 0.0001675 seconds, Stopping threads took: 0.0000564 seconds
[2019-12-11T08:50:35.772+0000][1][safepoint    ] Application time: 1.0009124 seconds
[2019-12-11T08:50:35.772+0000][1][safepoint    ] Entering safepoint region: Cleanup
[2019-12-11T08:50:35.772+0000][1][safepoint    ] Leaving safepoint region
[2019-12-11T08:50:35.772+0000][1][safepoint    ] Total time for which application threads were stopped: 0.0001202 seconds, Stopping threads took: 0.0000294 seconds
[2019-12-11T08:50:36.773+0000][1][safepoint    ] Application time: 1.0006696 seconds
[2019-12-11T08:50:36.773+0000][1][safepoint    ] Entering safepoint region: Cleanup
[2019-12-11T08:50:36.773+0000][1][safepoint    ] Leaving safepoint region
[2019-12-11T08:50:36.773+0000][1][safepoint    ] Total time for which application threads were stopped: 0.0001370 seconds, Stopping threads took: 0.0000392 seconds
[2019-12-11T08:50:37.778+0000][1][safepoint    ] Application time: 1.0048052 seconds
[2019-12-11T08:50:37.778+0000][1][safepoint    ] Entering safepoint region: Cleanup
[2019-12-11T08:50:37.778+0000][1][safepoint    ] Leaving safepoint region
[2019-12-11T08:50:37.778+0000][1][safepoint    ] Total time for which application threads were stopped: 0.0001334 seconds, Stopping threads took: 0.0000292 seconds
[2019-12-11T08:50:38.780+0000][1][safepoint    ] Application time: 1.0018041 seconds
[2019-12-11T08:50:38.780+0000][1][safepoint    ] Entering safepoint region: Cleanup
[2019-12-11T08:50:38.780+0000][1][safepoint    ] Leaving safepoint region
[2019-12-11T08:50:38.780+0000][1][safepoint    ] Total time for which application threads were stopped: 0.0001344 seconds, Stopping threads took: 0.0000283 seconds
[2019-12-11T08:50:39.782+0000][1][safepoint    ] Application time: 1.0018164 seconds
[2019-12-11T08:50:39.782+0000][1][safepoint    ] Entering safepoint region: Cleanup
[2019-12-11T08:50:39.782+0000][1][safepoint    ] Leaving safepoint region
[2019-12-11T08:50:39.782+0000][1][safepoint    ] Total time for which application threads were stopped: 0.0001523 seconds, Stopping threads took: 0.0000258 seconds
[2019-12-11T08:50:40.782+0000][1][safepoint    ] Application time: 1.0000903 seconds
[2019-12-11T08:50:40.782+0000][1][safepoint    ] Entering safepoint region: Cleanup
[2019-12-11T08:50:40.782+0000][1][safepoint    ] Leaving safepoint region
[2019-12-11T08:50:40.782+0000][1][safepoint    ] Total time for which application threads were stopped: 0.0001428 seconds, Stopping threads took: 0.0000305 seconds
[2019-12-11T08:50:41.785+0000][1][safepoint    ] Application time: 1.0026232 seconds
[2019-12-11T08:50:41.785+0000][1][safepoint    ] Entering safepoint region: Cleanup
[2019-12-11T08:50:41.785+0000][1][safepoint    ] Leaving safepoint region
[2019-12-11T08:50:41.785+0000][1][safepoint    ] Total time for which application threads were stopped: 0.0001398 seconds, Stopping threads took: 0.0000285 seconds
[2019-12-11T08:50:42.788+0000][1][safepoint    ] Application time: 1.0026647 seconds
[2019-12-11T08:50:42.788+0000][1][safepoint    ] Entering safepoint region: Cleanup
[2019-12-11T08:50:42.788+0000][1][safepoint    ] Leaving safepoint region
[2019-12-11T08:50:42.788+0000][1][safepoint    ] Total time for which application threads were stopped: 0.0001318 seconds, Stopping threads took: 0.0000289 seconds
[2019-12-11T08:50:43.791+0000][1][safepoint    ] Application time: 1.0028635 seconds
[2019-12-11T08:50:43.791+0000][1][safepoint    ] Entering safepoint region: Cleanup
[2019-12-11T08:50:43.791+0000][1][safepoint    ] Leaving safepoint region
[2019-12-11T08:50:43.791+0000][1][safepoint    ] Total time for which application threads were stopped: 0.0001510 seconds, Stopping threads took: 0.0000392 seconds
[2019-12-11T08:50:44.795+0000][1][safepoint    ] Application time: 1.0037366 seconds
[2019-12-11T08:50:44.795+0000][1][safepoint    ] Entering safepoint region: Cleanup
[2019-12-11T08:50:44.795+0000][1][safepoint    ] Leaving safepoint region
[2019-12-11T08:50:44.795+0000][1][safepoint    ] Total time for which application threads were stopped: 0.0001387 seconds, Stopping threads took: 0.0000396 seconds
[2019-12-11T08:50:45.801+0000][1][safepoint    ] Application time: 1.0057982 seconds
[2019-12-11T08:50:45.801+0000][1][safepoint    ] Entering safepoint region: Cleanup
[2019-12-11T08:50:45.801+0000][1][safepoint    ] Leaving safepoint region
[2019-12-11T08:50:45.801+0000][1][safepoint    ] Total time for which application threads were stopped: 0.0001284 seconds, Stopping threads took: 0.0000299 seconds
[2019-12-11T08:50:46.802+0000][1][safepoint    ] Application time: 1.0010635 seconds
[2019-12-11T08:50:46.802+0000][1][safepoint    ] Entering safepoint region: Cleanup
[2019-12-11T08:50:46.802+0000][1][safepoint    ] Leaving safepoint region
[2019-12-11T08:50:46.802+0000][1][safepoint    ] Total time for which application threads were stopped: 0.0001259 seconds, Stopping threads took: 0.0000281 seconds
[2019-12-11T08:50:47.803+0000][1][safepoint    ] Application time: 1.0005965 seconds
[2019-12-11T08:50:47.803+0000][1][safepoint    ] Entering safepoint region: Cleanup
[2019-12-11T08:50:47.803+0000][1][safepoint    ] Leaving safepoint region
[2019-12-11T08:50:47.803+0000][1][safepoint    ] Total time for which application threads were stopped: 0.0001298 seconds, Stopping threads took: 0.0000264 seconds
[2019-12-11T08:50:47.989+0000][1][safepoint    ] Application time: 0.1862309 seconds
[2019-12-11T08:50:47.989+0000][1][safepoint    ] Entering safepoint region: RevokeBias
[2019-12-11T08:50:47.989+0000][1][safepoint    ] Leaving safepoint region
[2019-12-11T08:50:47.989+0000][1][safepoint    ] Total time for which application threads were stopped: 0.0001714 seconds, Stopping threads took: 0.0000243 seconds
[2019-12-11T08:50:48.990+0000][1][safepoint    ] Application time: 1.0003268 seconds
[2019-12-11T08:50:48.990+0000][1][safepoint    ] Entering safepoint region: Cleanup
[2019-12-11T08:50:48.990+0000][1][safepoint    ] Leaving safepoint region
[2019-12-11T08:50:48.990+0000][1][safepoint    ] Total time for which application threads were stopped: 0.0001283 seconds, Stopping threads took: 0.0000286 seconds
[2019-12-11T08:50:49.991+0000][1][safepoint    ] Application time: 1.0008643 seconds
[2019-12-11T08:50:49.991+0000][1][safepoint    ] Entering safepoint region: Cleanup
[2019-12-11T08:50:49.991+0000][1][safepoint    ] Leaving safepoint region
[2019-12-11T08:50:49.991+0000][1][safepoint    ] Total time for which application threads were stopped: 0.0001400 seconds, Stopping threads took: 0.0000284 seconds
[2019-12-11T08:50:50.994+0000][1][safepoint    ] Application time: 1.0027958 seconds
[2019-12-11T08:50:50.994+0000][1][safepoint    ] Entering safepoint region: Cleanup
[2019-12-11T08:50:50.994+0000][1][safepoint    ] Leaving safepoint region
[2019-12-11T08:50:50.994+0000][1][safepoint    ] Total time for which application threads were stopped: 0.0001381 seconds, Stopping threads took: 0.0000277 seconds
[2019-12-11T08:50:51.997+0000][1][safepoint    ] Application time: 1.0027721 seconds
[2019-12-11T08:50:51.997+0000][1][safepoint    ] Entering safepoint region: Cleanup
[2019-12-11T08:50:51.997+0000][1][safepoint    ] Leaving safepoint region
[2019-12-11T08:50:51.997+0000][1][safepoint    ] Total time for which application threads were stopped: 0.0001378 seconds, Stopping threads took: 0.0000298 seconds
[2019-12-11T08:50:52.997+0000][1][safepoint    ] Application time: 1.0004143 seconds
[2019-12-11T08:50:52.997+0000][1][safepoint    ] Entering safepoint region: Cleanup
[2019-12-11T08:50:52.998+0000][1][safepoint    ] Leaving safepoint region
[2019-12-11T08:50:52.998+0000][1][safepoint    ] Total time for which application threads were stopped: 0.0001229 seconds, Stopping threads took: 0.0000241 seconds
[2019-12-11T08:50:54.000+0000][1][safepoint    ] Application time: 1.0021858 seconds
[2019-12-11T08:50:54.000+0000][1][safepoint    ] Entering safepoint region: Cleanup
[2019-12-11T08:50:54.000+0000][1][safepoint    ] Leaving safepoint region
[2019-12-11T08:50:54.000+0000][1][safepoint    ] Total time for which application threads were stopped: 0.0001477 seconds, Stopping threads took: 0.0000311 seconds
[2019-12-11T08:50:55.003+0000][1][safepoint    ] Application time: 1.0030306 seconds
[2019-12-11T08:50:55.003+0000][1][safepoint    ] Entering safepoint region: Cleanup
[2019-12-11T08:50:55.003+0000][1][safepoint    ] Leaving safepoint region
[2019-12-11T08:50:55.003+0000][1][safepoint    ] Total time for which application threads were stopped: 0.0001372 seconds, Stopping threads took: 0.0000294 seconds
[2019-12-11T08:50:56.005+0000][1][safepoint    ] Application time: 1.0015703 seconds
[2019-12-11T08:50:56.005+0000][1][safepoint    ] Entering safepoint region: Cleanup
[2019-12-11T08:50:56.005+0000][1][safepoint    ] Leaving safepoint region
[2019-12-11T08:50:56.005+0000][1][safepoint    ] Total time for which application threads were stopped: 0.0001289 seconds, Stopping threads took: 0.0000279 seconds
[2019-12-11T08:50:57.006+0000][1][safepoint    ] Application time: 1.0008298 seconds
[2019-12-11T08:50:57.006+0000][1][safepoint    ] Entering safepoint region: Cleanup
[2019-12-11T08:50:57.006+0000][1][safepoint    ] Leaving safepoint region
[2019-12-11T08:50:57.006+0000][1][safepoint    ] Total time for which application threads were stopped: 0.0001339 seconds, Stopping threads took: 0.0000285 seconds
[2019-12-11T08:50:58.007+0000][1][safepoint    ] Application time: 1.0007868 seconds
[2019-12-11T08:50:58.007+0000][1][safepoint    ] Entering safepoint region: Cleanup
[2019-12-11T08:50:58.007+0000][1][safepoint    ] Leaving safepoint region
[2019-12-11T08:50:58.007+0000][1][safepoint    ] Total time for which application threads were stopped: 0.0001322 seconds, Stopping threads took: 0.0000313 seconds
[2019-12-11T08:50:59.008+0000][1][safepoint    ] Application time: 1.0008189 seconds
[2019-12-11T08:50:59.008+0000][1][safepoint    ] Entering safepoint region: Cleanup
[2019-12-11T08:50:59.008+0000][1][safepoint    ] Leaving safepoint region
[2019-12-11T08:50:59.008+0000][1][safepoint    ] Total time for which application threads were stopped: 0.0001524 seconds, Stopping threads took: 0.0000311 seconds
[2019-12-11T08:51:00.010+0000][1][safepoint    ] Application time: 1.0015623 seconds
[2019-12-11T08:51:00.010+0000][1][safepoint    ] Entering safepoint region: Cleanup
[2019-12-11T08:51:00.010+0000][1][safepoint    ] Leaving safepoint region
[2019-12-11T08:51:00.010+0000][1][safepoint    ] Total time for which application threads were stopped: 0.0001668 seconds, Stopping threads took: 0.0000300 seconds
[2019-12-11T08:51:01.012+0000][1][safepoint    ] Application time: 1.0020032 seconds
[2019-12-11T08:51:01.012+0000][1][safepoint    ] Entering safepoint region: Cleanup
[2019-12-11T08:51:01.012+0000][1][safepoint    ] Leaving safepoint region
[2019-12-11T08:51:01.012+0000][1][safepoint    ] Total time for which application threads were stopped: 0.0001411 seconds, Stopping threads took: 0.0000283 seconds
[2019-12-11T08:51:02.013+0000][1][safepoint    ] Application time: 1.0007842 seconds
[2019-12-11T08:51:02.013+0000][1][safepoint    ] Entering safepoint region: Cleanup
[2019-12-11T08:51:02.013+0000][1][safepoint    ] Leaving safepoint region
[2019-12-11T08:51:02.013+0000][1][safepoint    ] Total time for which application threads were stopped: 0.0001308 seconds, Stopping threads took: 0.0000283 seconds
[2019-12-11T08:51:03.013+0000][1][safepoint    ] Application time: 1.0000790 seconds
[2019-12-11T08:51:03.013+0000][1][safepoint    ] Entering safepoint region: Cleanup
[2019-12-11T08:51:03.013+0000][1][safepoint    ] Leaving safepoint region
[2019-12-11T08:51:03.013+0000][1][safepoint    ] Total time for which application threads were stopped: 0.0000896 seconds, Stopping threads took: 0.0000176 seconds
[2019-12-11T08:51:04.014+0000][1][safepoint    ] Application time: 1.0006120 seconds
[2019-12-11T08:51:04.014+0000][1][safepoint    ] Entering safepoint region: Cleanup
[2019-12-11T08:51:04.014+0000][1][safepoint    ] Leaving safepoint region
[2019-12-11T08:51:04.014+0000][1][safepoint    ] Total time for which application threads were stopped: 0.0001367 seconds, Stopping threads took: 0.0000350 seconds
[2019-12-11T08:51:05.015+0000][1][safepoint    ] Application time: 1.0009338 seconds
[2019-12-11T08:51:05.015+0000][1][safepoint    ] Entering safepoint region: Cleanup
[2019-12-11T08:51:05.015+0000][1][safepoint    ] Leaving safepoint region
[2019-12-11T08:51:05.015+0000][1][safepoint    ] Total time for which application threads were stopped: 0.0001575 seconds, Stopping threads took: 0.0000285 seconds
[2019-12-11T08:51:06.020+0000][1][safepoint    ] Application time: 1.0046255 seconds
[2019-12-11T08:51:06.020+0000][1][safepoint    ] Entering safepoint region: Cleanup
[2019-12-11T08:51:06.020+0000][1][safepoint    ] Leaving safepoint region
[2019-12-11T08:51:06.020+0000][1][safepoint    ] Total time for which application threads were stopped: 0.0001310 seconds, Stopping threads took: 0.0000289 seconds
[2019-12-11T08:51:07.021+0000][1][safepoint    ] Application time: 1.0008234 seconds
[2019-12-11T08:51:07.021+0000][1][safepoint    ] Entering safepoint region: Cleanup
[2019-12-11T08:51:07.021+0000][1][safepoint    ] Leaving safepoint region
[2019-12-11T08:51:07.021+0000][1][safepoint    ] Total time for which application threads were stopped: 0.0001481 seconds, Stopping threads took: 0.0000436 seconds
[2019-12-11T08:51:08.023+0000][1][safepoint    ] Application time: 1.0017763 seconds
[2019-12-11T08:51:08.023+0000][1][safepoint    ] Entering safepoint region: Cleanup
[2019-12-11T08:51:08.023+0000][1][safepoint    ] Leaving safepoint region
[2019-12-11T08:51:08.023+0000][1][safepoint    ] Total time for which application threads were stopped: 0.0001223 seconds, Stopping threads took: 0.0000241 seconds
[2019-12-11T08:51:08.718+0000][1][safepoint    ] Application time: 0.6955377 seconds
[2019-12-11T08:51:08.718+0000][1][safepoint    ] Entering safepoint region: GenCollectForAllocation
[2019-12-11T08:51:08.719+0000][1][gc,start     ] GC(55) Pause Young (Allocation Failure)
[2019-12-11T08:51:08.719+0000][1][gc,task      ] GC(55) Using 2 workers of 2 for evacuation
[2019-12-11T08:51:08.727+0000][1][gc,age       ] GC(55) Desired survivor size 4456448 bytes, new threshold 6 (max threshold 6)
[2019-12-11T08:51:08.727+0000][1][gc,age       ] GC(55) Age table with threshold 6 (max threshold 6)
[2019-12-11T08:51:08.727+0000][1][gc,age       ] GC(55) - age   1:     624224 bytes,     624224 total
[2019-12-11T08:51:08.727+0000][1][gc,age       ] GC(55) - age   2:       1624 bytes,     625848 total
[2019-12-11T08:51:08.727+0000][1][gc,age       ] GC(55) - age   3:        976 bytes,     626824 total
[2019-12-11T08:51:08.727+0000][1][gc,age       ] GC(55) - age   4:        688 bytes,     627512 total
[2019-12-11T08:51:08.727+0000][1][gc,age       ] GC(55) - age   5:        256 bytes,     627768 total
[2019-12-11T08:51:08.727+0000][1][gc,age       ] GC(55) - age   6:        208 bytes,     627976 total
[2019-12-11T08:51:08.727+0000][1][gc,heap      ] GC(55) ParNew: 70724K->621K(78656K)
[2019-12-11T08:51:08.727+0000][1][gc,heap      ] GC(55) CMS: 71369K->71369K(174784K)
[2019-12-11T08:51:08.727+0000][1][gc,metaspace ] GC(55) Metaspace: 75855K->75855K(1118208K)
[2019-12-11T08:51:08.727+0000][1][gc           ] GC(55) Pause Young (Allocation Failure) 138M->70M(247M) 8.485ms
[2019-12-11T08:51:08.727+0000][1][gc,cpu       ] GC(55) User=0.00s Sys=0.00s Real=0.01s
[2019-12-11T08:51:08.727+0000][1][safepoint    ] Leaving safepoint region
[2019-12-11T08:51:08.727+0000][1][safepoint    ] Total time for which application threads were stopped: 0.0087250 seconds, Stopping threads took: 0.0000266 seconds
[2019-12-11T08:51:09.729+0000][1][safepoint    ] Application time: 1.0015142 seconds
[2019-12-11T08:51:09.729+0000][1][safepoint    ] Entering safepoint region: Cleanup
[2019-12-11T08:51:09.729+0000][1][safepoint    ] Leaving safepoint region
[2019-12-11T08:51:09.729+0000][1][safepoint    ] Total time for which application threads were stopped: 0.0001511 seconds, Stopping threads took: 0.0000449 seconds
[2019-12-11T08:51:10.730+0000][1][safepoint    ] Application time: 1.0008258 seconds
[2019-12-11T08:51:10.730+0000][1][safepoint    ] Entering safepoint region: Cleanup
[2019-12-11T08:51:10.730+0000][1][safepoint    ] Leaving safepoint region
[2019-12-11T08:51:10.730+0000][1][safepoint    ] Total time for which application threads were stopped: 0.0001409 seconds, Stopping threads took: 0.0000282 seconds
[2019-12-11T08:51:11.733+0000][1][safepoint    ] Application time: 1.0027663 seconds
[2019-12-11T08:51:11.733+0000][1][safepoint    ] Entering safepoint region: Cleanup
[2019-12-11T08:51:11.733+0000][1][safepoint    ] Leaving safepoint region
[2019-12-11T08:51:11.733+0000][1][safepoint    ] Total time for which application threads were stopped: 0.0001346 seconds, Stopping threads took: 0.0000277 seconds
[2019-12-11T08:51:12.736+0000][1][safepoint    ] Application time: 1.0028013 seconds
[2019-12-11T08:51:12.736+0000][1][safepoint    ] Entering safepoint region: Cleanup
[2019-12-11T08:51:12.736+0000][1][safepoint    ] Leaving safepoint region
[2019-12-11T08:51:12.736+0000][1][safepoint    ] Total time for which application threads were stopped: 0.0001278 seconds, Stopping threads took: 0.0000291 seconds
[2019-12-11T08:51:13.740+0000][1][safepoint    ] Application time: 1.0038192 seconds
[2019-12-11T08:51:13.740+0000][1][safepoint    ] Entering safepoint region: Cleanup
[2019-12-11T08:51:13.740+0000][1][safepoint    ] Leaving safepoint region
[2019-12-11T08:51:13.740+0000][1][safepoint    ] Total time for which application threads were stopped: 0.0001349 seconds, Stopping threads took: 0.0000374 seconds
[2019-12-11T08:51:14.741+0000][1][safepoint    ] Application time: 1.0008112 seconds
[2019-12-11T08:51:14.741+0000][1][safepoint    ] Entering safepoint region: Cleanup
[2019-12-11T08:51:14.741+0000][1][safepoint    ] Leaving safepoint region
[2019-12-11T08:51:14.741+0000][1][safepoint    ] Total time for which application threads were stopped: 0.0001328 seconds, Stopping threads took: 0.0000279 seconds
[2019-12-11T08:51:15.742+0000][1][safepoint    ] Application time: 1.0008023 seconds
[2019-12-11T08:51:15.742+0000][1][safepoint    ] Entering safepoint region: Cleanup
[2019-12-11T08:51:15.742+0000][1][safepoint    ] Leaving safepoint region
[2019-12-11T08:51:15.742+0000][1][safepoint    ] Total time for which application threads were stopped: 0.0001288 seconds, Stopping threads took: 0.0000282 seconds
[2019-12-11T08:51:16.743+0000][1][safepoint    ] Application time: 1.0008403 seconds
[2019-12-11T08:51:16.743+0000][1][safepoint    ] Entering safepoint region: Cleanup
[2019-12-11T08:51:16.743+0000][1][safepoint    ] Leaving safepoint region
[2019-12-11T08:51:16.743+0000][1][safepoint    ] Total time for which application threads were stopped: 0.0001369 seconds, Stopping threads took: 0.0000304 seconds
[2019-12-11T08:51:17.745+0000][1][safepoint    ] Application time: 1.0017791 seconds
[2019-12-11T08:51:17.745+0000][1][safepoint    ] Entering safepoint region: Cleanup
[2019-12-11T08:51:17.745+0000][1][safepoint    ] Leaving safepoint region
[2019-12-11T08:51:17.745+0000][1][safepoint    ] Total time for which application threads were stopped: 0.0001380 seconds, Stopping threads took: 0.0000350 seconds
[2019-12-11T08:51:18.745+0000][1][safepoint    ] Application time: 1.0002999 seconds
[2019-12-11T08:51:18.745+0000][1][safepoint    ] Entering safepoint region: Cleanup
[2019-12-11T08:51:18.745+0000][1][safepoint    ] Leaving safepoint region
[2019-12-11T08:51:18.745+0000][1][safepoint    ] Total time for which application threads were stopped: 0.0001308 seconds, Stopping threads took: 0.0000282 seconds
[2019-12-11T08:51:19.747+0000][1][safepoint    ] Application time: 1.0013148 seconds
[2019-12-11T08:51:19.747+0000][1][safepoint    ] Entering safepoint region: Cleanup
[2019-12-11T08:51:19.747+0000][1][safepoint    ] Leaving safepoint region
[2019-12-11T08:51:19.747+0000][1][safepoint    ] Total time for which application threads were stopped: 0.0001387 seconds, Stopping threads took: 0.0000315 seconds
[2019-12-11T08:51:20.749+0000][1][safepoint    ] Application time: 1.0018065 seconds
[2019-12-11T08:51:20.749+0000][1][safepoint    ] Entering safepoint region: Cleanup
[2019-12-11T08:51:20.749+0000][1][safepoint    ] Leaving safepoint region
[2019-12-11T08:51:20.749+0000][1][safepoint    ] Total time for which application threads were stopped: 0.0001289 seconds, Stopping threads took: 0.0000284 seconds
[2019-12-11T08:51:21.751+0000][1][safepoint    ] Application time: 1.0017956 seconds
[2019-12-11T08:51:21.751+0000][1][safepoint    ] Entering safepoint region: Cleanup
[2019-12-11T08:51:21.751+0000][1][safepoint    ] Leaving safepoint region
[2019-12-11T08:51:21.751+0000][1][safepoint    ] Total time for which application threads were stopped: 0.0001396 seconds, Stopping threads took: 0.0000308 seconds
[2019-12-11T08:51:22.754+0000][1][safepoint    ] Application time: 1.0027896 seconds
[2019-12-11T08:51:22.754+0000][1][safepoint    ] Entering safepoint region: Cleanup
[2019-12-11T08:51:22.754+0000][1][safepoint    ] Leaving safepoint region
[2019-12-11T08:51:22.754+0000][1][safepoint    ] Total time for which application threads were stopped: 0.0001368 seconds, Stopping threads took: 0.0000309 seconds
[2019-12-11T08:51:23.757+0000][1][safepoint    ] Application time: 1.0027960 seconds
[2019-12-11T08:51:23.757+0000][1][safepoint    ] Entering safepoint region: Cleanup
[2019-12-11T08:51:23.757+0000][1][safepoint    ] Leaving safepoint region
[2019-12-11T08:51:23.757+0000][1][safepoint    ] Total time for which application threads were stopped: 0.0001430 seconds, Stopping threads took: 0.0000397 seconds
[2019-12-11T08:51:24.758+0000][1][safepoint    ] Application time: 1.0007898 seconds
[2019-12-11T08:51:24.758+0000][1][safepoint    ] Entering safepoint region: Cleanup
[2019-12-11T08:51:24.758+0000][1][safepoint    ] Leaving safepoint region
[2019-12-11T08:51:24.758+0000][1][safepoint    ] Total time for which application threads were stopped: 0.0001223 seconds, Stopping threads took: 0.0000261 seconds
[2019-12-11T08:51:25.760+0000][1][safepoint    ] Application time: 1.0018611 seconds
[2019-12-11T08:51:25.760+0000][1][safepoint    ] Entering safepoint region: Cleanup
[2019-12-11T08:51:25.760+0000][1][safepoint    ] Leaving safepoint region
[2019-12-11T08:51:25.760+0000][1][safepoint    ] Total time for which application threads were stopped: 0.0001279 seconds, Stopping threads took: 0.0000278 seconds
[2019-12-11T08:51:26.761+0000][1][safepoint    ] Application time: 1.0007862 seconds
[2019-12-11T08:51:26.761+0000][1][safepoint    ] Entering safepoint region: Cleanup
[2019-12-11T08:51:26.761+0000][1][safepoint    ] Leaving safepoint region
[2019-12-11T08:51:26.761+0000][1][safepoint    ] Total time for which application threads were stopped: 0.0001507 seconds, Stopping threads took: 0.0000283 seconds
[2019-12-11T08:51:27.763+0000][1][safepoint    ] Application time: 1.0017811 seconds
[2019-12-11T08:51:27.763+0000][1][safepoint    ] Entering safepoint region: Cleanup
[2019-12-11T08:51:27.763+0000][1][safepoint    ] Leaving safepoint region
[2019-12-11T08:51:27.763+0000][1][safepoint    ] Total time for which application threads were stopped: 0.0001313 seconds, Stopping threads took: 0.0000258 seconds
[2019-12-11T08:51:28.765+0000][1][safepoint    ] Application time: 1.0018198 seconds
[2019-12-11T08:51:28.765+0000][1][safepoint    ] Entering safepoint region: Cleanup
[2019-12-11T08:51:28.765+0000][1][safepoint    ] Leaving safepoint region
[2019-12-11T08:51:28.765+0000][1][safepoint    ] Total time for which application threads were stopped: 0.0001414 seconds, Stopping threads took: 0.0000288 seconds
[2019-12-11T08:51:29.766+0000][1][safepoint    ] Application time: 1.0008055 seconds
[2019-12-11T08:51:29.766+0000][1][safepoint    ] Entering safepoint region: Cleanup
[2019-12-11T08:51:29.766+0000][1][safepoint    ] Leaving safepoint region
[2019-12-11T08:51:29.766+0000][1][safepoint    ] Total time for which application threads were stopped: 0.0001271 seconds, Stopping threads took: 0.0000276 seconds
[2019-12-11T08:51:30.769+0000][1][safepoint    ] Application time: 1.0028002 seconds
[2019-12-11T08:51:30.769+0000][1][safepoint    ] Entering safepoint region: Cleanup
[2019-12-11T08:51:30.769+0000][1][safepoint    ] Leaving safepoint region
[2019-12-11T08:51:30.769+0000][1][safepoint    ] Total time for which application threads were stopped: 0.0001450 seconds, Stopping threads took: 0.0000281 seconds
[2019-12-11T08:51:31.772+0000][1][safepoint    ] Application time: 1.0028215 seconds
[2019-12-11T08:51:31.772+0000][1][safepoint    ] Entering safepoint region: Cleanup
[2019-12-11T08:51:31.772+0000][1][safepoint    ] Leaving safepoint region
[2019-12-11T08:51:31.772+0000][1][safepoint    ] Total time for which application threads were stopped: 0.0001446 seconds, Stopping threads took: 0.0000294 seconds
[2019-12-11T08:51:32.774+0000][1][safepoint    ] Application time: 1.0018415 seconds
[2019-12-11T08:51:32.774+0000][1][safepoint    ] Entering safepoint region: Cleanup
[2019-12-11T08:51:32.774+0000][1][safepoint    ] Leaving safepoint region
[2019-12-11T08:51:32.774+0000][1][safepoint    ] Total time for which application threads were stopped: 0.0001361 seconds, Stopping threads took: 0.0000290 seconds
[2019-12-11T08:51:33.776+0000][1][safepoint    ] Application time: 1.0017395 seconds
[2019-12-11T08:51:33.776+0000][1][safepoint    ] Entering safepoint region: Cleanup
[2019-12-11T08:51:33.776+0000][1][safepoint    ] Leaving safepoint region
[2019-12-11T08:51:33.776+0000][1][safepoint    ] Total time for which application threads were stopped: 0.0001510 seconds, Stopping threads took: 0.0000313 seconds
[2019-12-11T08:51:34.777+0000][1][safepoint    ] Application time: 1.0009134 seconds
[2019-12-11T08:51:34.777+0000][1][safepoint    ] Entering safepoint region: Cleanup
[2019-12-11T08:51:34.777+0000][1][safepoint    ] Leaving safepoint region
[2019-12-11T08:51:34.777+0000][1][safepoint    ] Total time for which application threads were stopped: 0.0001387 seconds, Stopping threads took: 0.0000285 seconds
[2019-12-11T08:51:35.780+0000][1][safepoint    ] Application time: 1.0028619 seconds
[2019-12-11T08:51:35.780+0000][1][safepoint    ] Entering safepoint region: Cleanup
[2019-12-11T08:51:35.780+0000][1][safepoint    ] Leaving safepoint region
[2019-12-11T08:51:35.780+0000][1][safepoint    ] Total time for which application threads were stopped: 0.0001249 seconds, Stopping threads took: 0.0000272 seconds
[2019-12-11T08:51:36.782+0000][1][safepoint    ] Application time: 1.0016398 seconds
[2019-12-11T08:51:36.782+0000][1][safepoint    ] Entering safepoint region: Cleanup
[2019-12-11T08:51:36.782+0000][1][safepoint    ] Leaving safepoint region
[2019-12-11T08:51:36.782+0000][1][safepoint    ] Total time for which application threads were stopped: 0.0001474 seconds, Stopping threads took: 0.0000393 seconds
[2019-12-11T08:51:37.782+0000][1][safepoint    ] Application time: 1.0000956 seconds
[2019-12-11T08:51:37.782+0000][1][safepoint    ] Entering safepoint region: Cleanup
[2019-12-11T08:51:37.782+0000][1][safepoint    ] Leaving safepoint region
[2019-12-11T08:51:37.782+0000][1][safepoint    ] Total time for which application threads were stopped: 0.0001304 seconds, Stopping threads took: 0.0000260 seconds
[2019-12-11T08:51:38.783+0000][1][safepoint    ] Application time: 1.0006364 seconds
[2019-12-11T08:51:38.783+0000][1][safepoint    ] Entering safepoint region: Cleanup
[2019-12-11T08:51:38.783+0000][1][safepoint    ] Leaving safepoint region
[2019-12-11T08:51:38.783+0000][1][safepoint    ] Total time for which application threads were stopped: 0.0001365 seconds, Stopping threads took: 0.0000303 seconds
[2019-12-11T08:51:39.785+0000][1][safepoint    ] Application time: 1.0016678 seconds
[2019-12-11T08:51:39.785+0000][1][safepoint    ] Entering safepoint region: Cleanup
[2019-12-11T08:51:39.785+0000][1][safepoint    ] Leaving safepoint region
[2019-12-11T08:51:39.785+0000][1][safepoint    ] Total time for which application threads were stopped: 0.0001421 seconds, Stopping threads took: 0.0000299 seconds
[2019-12-11T08:51:40.787+0000][1][safepoint    ] Application time: 1.0018327 seconds
[2019-12-11T08:51:40.787+0000][1][safepoint    ] Entering safepoint region: Cleanup
[2019-12-11T08:51:40.787+0000][1][safepoint    ] Leaving safepoint region
[2019-12-11T08:51:40.787+0000][1][safepoint    ] Total time for which application threads were stopped: 0.0001219 seconds, Stopping threads took: 0.0000257 seconds
[2019-12-11T08:51:41.790+0000][1][safepoint    ] Application time: 1.0027743 seconds
[2019-12-11T08:51:41.790+0000][1][safepoint    ] Entering safepoint region: Cleanup
[2019-12-11T08:51:41.790+0000][1][safepoint    ] Leaving safepoint region
[2019-12-11T08:51:41.790+0000][1][safepoint    ] Total time for which application threads were stopped: 0.0001219 seconds, Stopping threads took: 0.0000256 seconds
[2019-12-11T08:51:42.793+0000][1][safepoint    ] Application time: 1.0028279 seconds
[2019-12-11T08:51:42.793+0000][1][safepoint    ] Entering safepoint region: Cleanup
[2019-12-11T08:51:42.793+0000][1][safepoint    ] Leaving safepoint region
[2019-12-11T08:51:42.793+0000][1][safepoint    ] Total time for which application threads were stopped: 0.0001451 seconds, Stopping threads took: 0.0000405 seconds
[2019-12-11T08:51:43.794+0000][1][safepoint    ] Application time: 1.0008005 seconds
[2019-12-11T08:51:43.794+0000][1][safepoint    ] Entering safepoint region: Cleanup
[2019-12-11T08:51:43.794+0000][1][safepoint    ] Leaving safepoint region
[2019-12-11T08:51:43.794+0000][1][safepoint    ] Total time for which application threads were stopped: 0.0001327 seconds, Stopping threads took: 0.0000287 seconds
[2019-12-11T08:51:44.797+0000][1][safepoint    ] Application time: 1.0028029 seconds
[2019-12-11T08:51:44.797+0000][1][safepoint    ] Entering safepoint region: Cleanup
[2019-12-11T08:51:44.797+0000][1][safepoint    ] Leaving safepoint region
[2019-12-11T08:51:44.797+0000][1][safepoint    ] Total time for which application threads were stopped: 0.0001330 seconds, Stopping threads took: 0.0000299 seconds
[2019-12-11T08:51:45.798+0000][1][safepoint    ] Application time: 1.0008113 seconds
[2019-12-11T08:51:45.798+0000][1][safepoint    ] Entering safepoint region: Cleanup
[2019-12-11T08:51:45.798+0000][1][safepoint    ] Leaving safepoint region
[2019-12-11T08:51:45.798+0000][1][safepoint    ] Total time for which application threads were stopped: 0.0001354 seconds, Stopping threads took: 0.0000299 seconds
[2019-12-11T08:51:46.799+0000][1][safepoint    ] Application time: 1.0008451 seconds
[2019-12-11T08:51:46.799+0000][1][safepoint    ] Entering safepoint region: Cleanup
[2019-12-11T08:51:46.799+0000][1][safepoint    ] Leaving safepoint region
[2019-12-11T08:51:46.799+0000][1][safepoint    ] Total time for which application threads were stopped: 0.0001471 seconds, Stopping threads took: 0.0000421 seconds
[2019-12-11T08:51:47.802+0000][1][safepoint    ] Application time: 1.0027451 seconds
[2019-12-11T08:51:47.802+0000][1][safepoint    ] Entering safepoint region: Cleanup
[2019-12-11T08:51:47.802+0000][1][safepoint    ] Leaving safepoint region
[2019-12-11T08:51:47.802+0000][1][safepoint    ] Total time for which application threads were stopped: 0.0001422 seconds, Stopping threads took: 0.0000310 seconds
[2019-12-11T08:51:48.805+0000][1][safepoint    ] Application time: 1.0027962 seconds
[2019-12-11T08:51:48.805+0000][1][safepoint    ] Entering safepoint region: Cleanup
[2019-12-11T08:51:48.805+0000][1][safepoint    ] Leaving safepoint region
[2019-12-11T08:51:48.805+0000][1][safepoint    ] Total time for which application threads were stopped: 0.0001213 seconds, Stopping threads took: 0.0000262 seconds
[2019-12-11T08:51:49.806+0000][1][safepoint    ] Application time: 1.0008286 seconds
[2019-12-11T08:51:49.806+0000][1][safepoint    ] Entering safepoint region: Cleanup
[2019-12-11T08:51:49.806+0000][1][safepoint    ] Leaving safepoint region
[2019-12-11T08:51:49.806+0000][1][safepoint    ] Total time for which application threads were stopped: 0.0001412 seconds, Stopping threads took: 0.0000280 seconds
[2019-12-11T08:51:50.334+0000][1][safepoint    ] Application time: 0.5278077 seconds
[2019-12-11T08:51:50.334+0000][1][safepoint    ] Entering safepoint region: GenCollectForAllocation
[2019-12-11T08:51:50.334+0000][1][gc,start     ] GC(56) Pause Young (Allocation Failure)
[2019-12-11T08:51:50.334+0000][1][gc,task      ] GC(56) Using 2 workers of 2 for evacuation
[2019-12-11T08:51:50.340+0000][1][gc,age       ] GC(56) Desired survivor size 4456448 bytes, new threshold 6 (max threshold 6)
[2019-12-11T08:51:50.340+0000][1][gc,age       ] GC(56) Age table with threshold 6 (max threshold 6)
[2019-12-11T08:51:50.340+0000][1][gc,age       ] GC(56) - age   1:     691096 bytes,     691096 total
[2019-12-11T08:51:50.340+0000][1][gc,age       ] GC(56) - age   2:        448 bytes,     691544 total
[2019-12-11T08:51:50.340+0000][1][gc,age       ] GC(56) - age   3:       1432 bytes,     692976 total
[2019-12-11T08:51:50.340+0000][1][gc,age       ] GC(56) - age   4:        976 bytes,     693952 total
[2019-12-11T08:51:50.340+0000][1][gc,age       ] GC(56) - age   5:        688 bytes,     694640 total
[2019-12-11T08:51:50.340+0000][1][gc,age       ] GC(56) - age   6:        256 bytes,     694896 total
[2019-12-11T08:51:50.340+0000][1][gc,heap      ] GC(56) ParNew: 70519K->762K(78656K)
[2019-12-11T08:51:50.340+0000][1][gc,heap      ] GC(56) CMS: 71369K->71370K(174784K)
[2019-12-11T08:51:50.340+0000][1][gc,metaspace ] GC(56) Metaspace: 75870K->75870K(1118208K)
[2019-12-11T08:51:50.340+0000][1][gc           ] GC(56) Pause Young (Allocation Failure) 138M->70M(247M) 5.714ms
[2019-12-11T08:51:50.340+0000][1][gc,cpu       ] GC(56) User=0.01s Sys=0.00s Real=0.01s
[2019-12-11T08:51:50.340+0000][1][safepoint    ] Leaving safepoint region
[2019-12-11T08:51:50.340+0000][1][safepoint    ] Total time for which application threads were stopped: 0.0059524 seconds, Stopping threads took: 0.0000290 seconds
[2019-12-11T08:51:51.342+0000][1][safepoint    ] Application time: 1.0020908 seconds
[2019-12-11T08:51:51.342+0000][1][safepoint    ] Entering safepoint region: Cleanup
[2019-12-11T08:51:51.342+0000][1][safepoint    ] Leaving safepoint region
[2019-12-11T08:51:51.342+0000][1][safepoint    ] Total time for which application threads were stopped: 0.0001227 seconds, Stopping threads took: 0.0000255 seconds
[2019-12-11T08:51:52.343+0000][1][safepoint    ] Application time: 1.0007179 seconds
[2019-12-11T08:51:52.343+0000][1][safepoint    ] Entering safepoint region: Cleanup
[2019-12-11T08:51:52.343+0000][1][safepoint    ] Leaving safepoint region
[2019-12-11T08:51:52.343+0000][1][safepoint    ] Total time for which application threads were stopped: 0.0001502 seconds, Stopping threads took: 0.0000303 seconds
[2019-12-11T08:51:53.348+0000][1][safepoint    ] Application time: 1.0054329 seconds
[2019-12-11T08:51:53.348+0000][1][safepoint    ] Entering safepoint region: Cleanup
[2019-12-11T08:51:53.349+0000][1][safepoint    ] Leaving safepoint region
[2019-12-11T08:51:53.349+0000][1][safepoint    ] Total time for which application threads were stopped: 0.0001370 seconds, Stopping threads took: 0.0000360 seconds
[2019-12-11T08:51:54.349+0000][1][safepoint    ] Application time: 1.0001570 seconds
[2019-12-11T08:51:54.349+0000][1][safepoint    ] Entering safepoint region: Cleanup
[2019-12-11T08:51:54.349+0000][1][safepoint    ] Leaving safepoint region
[2019-12-11T08:51:54.349+0000][1][safepoint    ] Total time for which application threads were stopped: 0.0001505 seconds, Stopping threads took: 0.0000299 seconds
[2019-12-11T08:51:55.351+0000][1][safepoint    ] Application time: 1.0018087 seconds
[2019-12-11T08:51:55.351+0000][1][safepoint    ] Entering safepoint region: Cleanup
[2019-12-11T08:51:55.351+0000][1][safepoint    ] Leaving safepoint region
[2019-12-11T08:51:55.351+0000][1][safepoint    ] Total time for which application threads were stopped: 0.0001279 seconds, Stopping threads took: 0.0000267 seconds
[2019-12-11T08:51:56.354+0000][1][safepoint    ] Application time: 1.0028007 seconds
[2019-12-11T08:51:56.354+0000][1][safepoint    ] Entering safepoint region: Cleanup
[2019-12-11T08:51:56.354+0000][1][safepoint    ] Leaving safepoint region
[2019-12-11T08:51:56.354+0000][1][safepoint    ] Total time for which application threads were stopped: 0.0001351 seconds, Stopping threads took: 0.0000292 seconds
[2019-12-11T08:51:57.359+0000][1][safepoint    ] Application time: 1.0048062 seconds
[2019-12-11T08:51:57.359+0000][1][safepoint    ] Entering safepoint region: Cleanup
[2019-12-11T08:51:57.359+0000][1][safepoint    ] Leaving safepoint region
[2019-12-11T08:51:57.359+0000][1][safepoint    ] Total time for which application threads were stopped: 0.0001411 seconds, Stopping threads took: 0.0000295 seconds
[2019-12-11T08:51:58.360+0000][1][safepoint    ] Application time: 1.0008294 seconds
[2019-12-11T08:51:58.360+0000][1][safepoint    ] Entering safepoint region: Cleanup
[2019-12-11T08:51:58.360+0000][1][safepoint    ] Leaving safepoint region
[2019-12-11T08:51:58.360+0000][1][safepoint    ] Total time for which application threads were stopped: 0.0001302 seconds, Stopping threads took: 0.0000247 seconds
[2019-12-11T08:51:59.361+0000][1][safepoint    ] Application time: 1.0007891 seconds
[2019-12-11T08:51:59.361+0000][1][safepoint    ] Entering safepoint region: Cleanup
[2019-12-11T08:51:59.361+0000][1][safepoint    ] Leaving safepoint region
[2019-12-11T08:51:59.361+0000][1][safepoint    ] Total time for which application threads were stopped: 0.0001249 seconds, Stopping threads took: 0.0000267 seconds
[2019-12-11T08:52:00.362+0000][1][safepoint    ] Application time: 1.0008607 seconds
[2019-12-11T08:52:00.362+0000][1][safepoint    ] Entering safepoint region: Cleanup
[2019-12-11T08:52:00.362+0000][1][safepoint    ] Leaving safepoint region
[2019-12-11T08:52:00.362+0000][1][safepoint    ] Total time for which application threads were stopped: 0.0001774 seconds, Stopping threads took: 0.0000397 seconds
[2019-12-11T08:52:01.362+0000][1][safepoint    ] Application time: 1.0000928 seconds
[2019-12-11T08:52:01.362+0000][1][safepoint    ] Entering safepoint region: Cleanup
[2019-12-11T08:52:01.362+0000][1][safepoint    ] Leaving safepoint region
[2019-12-11T08:52:01.362+0000][1][safepoint    ] Total time for which application threads were stopped: 0.0001369 seconds, Stopping threads took: 0.0000290 seconds
[2019-12-11T08:52:02.365+0000][1][safepoint    ] Application time: 1.0025275 seconds
[2019-12-11T08:52:02.365+0000][1][safepoint    ] Entering safepoint region: Cleanup
[2019-12-11T08:52:02.365+0000][1][safepoint    ] Leaving safepoint region
[2019-12-11T08:52:02.365+0000][1][safepoint    ] Total time for which application threads were stopped: 0.0001342 seconds, Stopping threads took: 0.0000283 seconds
[2019-12-11T08:52:03.366+0000][1][safepoint    ] Application time: 1.0007948 seconds
[2019-12-11T08:52:03.366+0000][1][safepoint    ] Entering safepoint region: Cleanup
[2019-12-11T08:52:03.366+0000][1][safepoint    ] Leaving safepoint region
[2019-12-11T08:52:03.366+0000][1][safepoint    ] Total time for which application threads were stopped: 0.0001347 seconds, Stopping threads took: 0.0000302 seconds
[2019-12-11T08:52:04.366+0000][1][safepoint    ] Application time: 1.0000954 seconds
[2019-12-11T08:52:04.366+0000][1][safepoint    ] Entering safepoint region: Cleanup
[2019-12-11T08:52:04.366+0000][1][safepoint    ] Leaving safepoint region
[2019-12-11T08:52:04.366+0000][1][safepoint    ] Total time for which application threads were stopped: 0.0001351 seconds, Stopping threads took: 0.0000298 seconds
[2019-12-11T08:52:05.370+0000][1][safepoint    ] Application time: 1.0034152 seconds
[2019-12-11T08:52:05.370+0000][1][safepoint    ] Entering safepoint region: Cleanup
[2019-12-11T08:52:05.370+0000][1][safepoint    ] Leaving safepoint region
[2019-12-11T08:52:05.370+0000][1][safepoint    ] Total time for which application threads were stopped: 0.0001336 seconds, Stopping threads took: 0.0000293 seconds
[2019-12-11T08:52:06.371+0000][1][safepoint    ] Application time: 1.0012903 seconds
[2019-12-11T08:52:06.371+0000][1][safepoint    ] Entering safepoint region: Cleanup
[2019-12-11T08:52:06.371+0000][1][safepoint    ] Leaving safepoint region
[2019-12-11T08:52:06.371+0000][1][safepoint    ] Total time for which application threads were stopped: 0.0001444 seconds, Stopping threads took: 0.0000378 seconds
[2019-12-11T08:52:07.372+0000][1][safepoint    ] Application time: 1.0003297 seconds
[2019-12-11T08:52:07.372+0000][1][safepoint    ] Entering safepoint region: Cleanup
[2019-12-11T08:52:07.372+0000][1][safepoint    ] Leaving safepoint region
[2019-12-11T08:52:07.372+0000][1][safepoint    ] Total time for which application threads were stopped: 0.0001376 seconds, Stopping threads took: 0.0000358 seconds
[2019-12-11T08:52:08.372+0000][1][safepoint    ] Application time: 1.0000756 seconds
[2019-12-11T08:52:08.372+0000][1][safepoint    ] Entering safepoint region: Cleanup
[2019-12-11T08:52:08.372+0000][1][safepoint    ] Leaving safepoint region
[2019-12-11T08:52:08.372+0000][1][safepoint    ] Total time for which application threads were stopped: 0.0001588 seconds, Stopping threads took: 0.0000371 seconds
[2019-12-11T08:52:09.374+0000][1][safepoint    ] Application time: 1.0015893 seconds
[2019-12-11T08:52:09.374+0000][1][safepoint    ] Entering safepoint region: Cleanup
[2019-12-11T08:52:09.374+0000][1][safepoint    ] Leaving safepoint region
[2019-12-11T08:52:09.374+0000][1][safepoint    ] Total time for which application threads were stopped: 0.0001256 seconds, Stopping threads took: 0.0000271 seconds
[2019-12-11T08:52:10.376+0000][1][safepoint    ] Application time: 1.0016075 seconds
[2019-12-11T08:52:10.376+0000][1][safepoint    ] Entering safepoint region: Cleanup
[2019-12-11T08:52:10.376+0000][1][safepoint    ] Leaving safepoint region
[2019-12-11T08:52:10.376+0000][1][safepoint    ] Total time for which application threads were stopped: 0.0001402 seconds, Stopping threads took: 0.0000260 seconds
[2019-12-11T08:52:11.379+0000][1][safepoint    ] Application time: 1.0029790 seconds
[2019-12-11T08:52:11.379+0000][1][safepoint    ] Entering safepoint region: Cleanup
[2019-12-11T08:52:11.379+0000][1][safepoint    ] Leaving safepoint region
[2019-12-11T08:52:11.379+0000][1][safepoint    ] Total time for which application threads were stopped: 0.0001356 seconds, Stopping threads took: 0.0000290 seconds
[2019-12-11T08:52:12.384+0000][1][safepoint    ] Application time: 1.0047536 seconds
[2019-12-11T08:52:12.384+0000][1][safepoint    ] Entering safepoint region: Cleanup
[2019-12-11T08:52:12.384+0000][1][safepoint    ] Leaving safepoint region
[2019-12-11T08:52:12.384+0000][1][safepoint    ] Total time for which application threads were stopped: 0.0001230 seconds, Stopping threads took: 0.0000255 seconds
[2019-12-11T08:52:13.385+0000][1][safepoint    ] Application time: 1.0008292 seconds
[2019-12-11T08:52:13.385+0000][1][safepoint    ] Entering safepoint region: Cleanup
[2019-12-11T08:52:13.385+0000][1][safepoint    ] Leaving safepoint region
[2019-12-11T08:52:13.385+0000][1][safepoint    ] Total time for which application threads were stopped: 0.0001293 seconds, Stopping threads took: 0.0000278 seconds
[2019-12-11T08:52:14.387+0000][1][safepoint    ] Application time: 1.0018031 seconds
[2019-12-11T08:52:14.387+0000][1][safepoint    ] Entering safepoint region: Cleanup
[2019-12-11T08:52:14.387+0000][1][safepoint    ] Leaving safepoint region
[2019-12-11T08:52:14.387+0000][1][safepoint    ] Total time for which application threads were stopped: 0.0001322 seconds, Stopping threads took: 0.0000263 seconds
[2019-12-11T08:52:15.390+0000][1][safepoint    ] Application time: 1.0028149 seconds
[2019-12-11T08:52:15.390+0000][1][safepoint    ] Entering safepoint region: Cleanup
[2019-12-11T08:52:15.390+0000][1][safepoint    ] Leaving safepoint region
[2019-12-11T08:52:15.390+0000][1][safepoint    ] Total time for which application threads were stopped: 0.0001301 seconds, Stopping threads took: 0.0000275 seconds
[2019-12-11T08:52:16.393+0000][1][safepoint    ] Application time: 1.0027980 seconds
[2019-12-11T08:52:16.393+0000][1][safepoint    ] Entering safepoint region: Cleanup
[2019-12-11T08:52:16.393+0000][1][safepoint    ] Leaving safepoint region
[2019-12-11T08:52:16.393+0000][1][safepoint    ] Total time for which application threads were stopped: 0.0001425 seconds, Stopping threads took: 0.0000383 seconds
[2019-12-11T08:52:17.394+0000][1][safepoint    ] Application time: 1.0008286 seconds
[2019-12-11T08:52:17.394+0000][1][safepoint    ] Entering safepoint region: Cleanup
[2019-12-11T08:52:17.394+0000][1][safepoint    ] Leaving safepoint region
[2019-12-11T08:52:17.394+0000][1][safepoint    ] Total time for which application threads were stopped: 0.0001400 seconds, Stopping threads took: 0.0000308 seconds
[2019-12-11T08:52:18.397+0000][1][safepoint    ] Application time: 1.0027686 seconds
[2019-12-11T08:52:18.397+0000][1][safepoint    ] Entering safepoint region: Cleanup
[2019-12-11T08:52:18.397+0000][1][safepoint    ] Leaving safepoint region
[2019-12-11T08:52:18.397+0000][1][safepoint    ] Total time for which application threads were stopped: 0.0001275 seconds, Stopping threads took: 0.0000272 seconds
[2019-12-11T08:52:19.398+0000][1][safepoint    ] Application time: 1.0008405 seconds
[2019-12-11T08:52:19.398+0000][1][safepoint    ] Entering safepoint region: Cleanup
[2019-12-11T08:52:19.398+0000][1][safepoint    ] Leaving safepoint region
[2019-12-11T08:52:19.398+0000][1][safepoint    ] Total time for which application threads were stopped: 0.0001331 seconds, Stopping threads took: 0.0000273 seconds
[2019-12-11T08:52:20.400+0000][1][safepoint    ] Application time: 1.0018196 seconds
[2019-12-11T08:52:20.400+0000][1][safepoint    ] Entering safepoint region: Cleanup
[2019-12-11T08:52:20.400+0000][1][safepoint    ] Leaving safepoint region
[2019-12-11T08:52:20.400+0000][1][safepoint    ] Total time for which application threads were stopped: 0.0001339 seconds, Stopping threads took: 0.0000299 seconds
[2019-12-11T08:52:21.403+0000][1][safepoint    ] Application time: 1.0027736 seconds
[2019-12-11T08:52:21.403+0000][1][safepoint    ] Entering safepoint region: Cleanup
[2019-12-11T08:52:21.403+0000][1][safepoint    ] Leaving safepoint region
[2019-12-11T08:52:21.403+0000][1][safepoint    ] Total time for which application threads were stopped: 0.0001391 seconds, Stopping threads took: 0.0000292 seconds
[2019-12-11T08:52:22.404+0000][1][safepoint    ] Application time: 1.0007913 seconds
[2019-12-11T08:52:22.404+0000][1][safepoint    ] Entering safepoint region: Cleanup
[2019-12-11T08:52:22.404+0000][1][safepoint    ] Leaving safepoint region
[2019-12-11T08:52:22.404+0000][1][safepoint    ] Total time for which application threads were stopped: 0.0001453 seconds, Stopping threads took: 0.0000394 seconds
[2019-12-11T08:52:23.405+0000][1][safepoint    ] Application time: 1.0007959 seconds
[2019-12-11T08:52:23.405+0000][1][safepoint    ] Entering safepoint region: Cleanup
[2019-12-11T08:52:23.405+0000][1][safepoint    ] Leaving safepoint region
[2019-12-11T08:52:23.405+0000][1][safepoint    ] Total time for which application threads were stopped: 0.0001370 seconds, Stopping threads took: 0.0000305 seconds
[2019-12-11T08:52:24.407+0000][1][safepoint    ] Application time: 1.0018636 seconds
[2019-12-11T08:52:24.407+0000][1][safepoint    ] Entering safepoint region: Cleanup
[2019-12-11T08:52:24.407+0000][1][safepoint    ] Leaving safepoint region
[2019-12-11T08:52:24.407+0000][1][safepoint    ] Total time for which application threads were stopped: 0.0001376 seconds, Stopping threads took: 0.0000300 seconds
[2019-12-11T08:52:25.408+0000][1][safepoint    ] Application time: 1.0007558 seconds
[2019-12-11T08:52:25.408+0000][1][safepoint    ] Entering safepoint region: Cleanup
[2019-12-11T08:52:25.408+0000][1][safepoint    ] Leaving safepoint region
[2019-12-11T08:52:25.408+0000][1][safepoint    ] Total time for which application threads were stopped: 0.0001313 seconds, Stopping threads took: 0.0000284 seconds
[2019-12-11T08:52:26.409+0000][1][safepoint    ] Application time: 1.0008059 seconds
[2019-12-11T08:52:26.409+0000][1][safepoint    ] Entering safepoint region: Cleanup
[2019-12-11T08:52:26.409+0000][1][safepoint    ] Leaving safepoint region
[2019-12-11T08:52:26.409+0000][1][safepoint    ] Total time for which application threads were stopped: 0.0001326 seconds, Stopping threads took: 0.0000295 seconds
[2019-12-11T08:52:27.411+0000][1][safepoint    ] Application time: 1.0018170 seconds
[2019-12-11T08:52:27.411+0000][1][safepoint    ] Entering safepoint region: Cleanup
[2019-12-11T08:52:27.411+0000][1][safepoint    ] Leaving safepoint region
[2019-12-11T08:52:27.411+0000][1][safepoint    ] Total time for which application threads were stopped: 0.0001319 seconds, Stopping threads took: 0.0000288 seconds
[2019-12-11T08:52:28.413+0000][1][safepoint    ] Application time: 1.0017785 seconds
[2019-12-11T08:52:28.413+0000][1][safepoint    ] Entering safepoint region: Cleanup
[2019-12-11T08:52:28.413+0000][1][safepoint    ] Leaving safepoint region
[2019-12-11T08:52:28.413+0000][1][safepoint    ] Total time for which application threads were stopped: 0.0001226 seconds, Stopping threads took: 0.0000264 seconds
[2019-12-11T08:52:29.415+0000][1][safepoint    ] Application time: 1.0018165 seconds
[2019-12-11T08:52:29.415+0000][1][safepoint    ] Entering safepoint region: Cleanup
[2019-12-11T08:52:29.415+0000][1][safepoint    ] Leaving safepoint region
[2019-12-11T08:52:29.415+0000][1][safepoint    ] Total time for which application threads were stopped: 0.0001339 seconds, Stopping threads took: 0.0000282 seconds
[2019-12-11T08:52:30.417+0000][1][safepoint    ] Application time: 1.0017985 seconds
[2019-12-11T08:52:30.417+0000][1][safepoint    ] Entering safepoint region: Cleanup
[2019-12-11T08:52:30.417+0000][1][safepoint    ] Leaving safepoint region
[2019-12-11T08:52:30.417+0000][1][safepoint    ] Total time for which application threads were stopped: 0.0001270 seconds, Stopping threads took: 0.0000278 seconds
[2019-12-11T08:52:31.422+0000][1][safepoint    ] Application time: 1.0048216 seconds
[2019-12-11T08:52:31.422+0000][1][safepoint    ] Entering safepoint region: Cleanup
[2019-12-11T08:52:31.422+0000][1][safepoint    ] Leaving safepoint region
[2019-12-11T08:52:31.422+0000][1][safepoint    ] Total time for which application threads were stopped: 0.0001324 seconds, Stopping threads took: 0.0000271 seconds
[2019-12-11T08:52:32.035+0000][1][safepoint    ] Application time: 0.6132060 seconds
[2019-12-11T08:52:32.035+0000][1][safepoint    ] Entering safepoint region: GenCollectForAllocation
[2019-12-11T08:52:32.035+0000][1][gc,start     ] GC(57) Pause Young (Allocation Failure)
[2019-12-11T08:52:32.035+0000][1][gc,task      ] GC(57) Using 2 workers of 2 for evacuation
[2019-12-11T08:52:32.045+0000][1][gc,age       ] GC(57) Desired survivor size 4456448 bytes, new threshold 6 (max threshold 6)
[2019-12-11T08:52:32.045+0000][1][gc,age       ] GC(57) Age table with threshold 6 (max threshold 6)
[2019-12-11T08:52:32.045+0000][1][gc,age       ] GC(57) - age   1:     620104 bytes,     620104 total
[2019-12-11T08:52:32.045+0000][1][gc,age       ] GC(57) - age   2:       1264 bytes,     621368 total
[2019-12-11T08:52:32.045+0000][1][gc,age       ] GC(57) - age   3:        448 bytes,     621816 total
[2019-12-11T08:52:32.045+0000][1][gc,age       ] GC(57) - age   4:       1432 bytes,     623248 total
[2019-12-11T08:52:32.045+0000][1][gc,age       ] GC(57) - age   5:        976 bytes,     624224 total
[2019-12-11T08:52:32.045+0000][1][gc,age       ] GC(57) - age   6:        688 bytes,     624912 total
[2019-12-11T08:52:32.045+0000][1][gc,heap      ] GC(57) ParNew: 70704K->614K(78656K)
[2019-12-11T08:52:32.045+0000][1][gc,heap      ] GC(57) CMS: 71370K->71370K(174784K)
[2019-12-11T08:52:32.045+0000][1][gc,metaspace ] GC(57) Metaspace: 75873K->75873K(1118208K)
[2019-12-11T08:52:32.045+0000][1][gc           ] GC(57) Pause Young (Allocation Failure) 138M->70M(247M) 10.065ms
[2019-12-11T08:52:32.045+0000][1][gc,cpu       ] GC(57) User=0.00s Sys=0.00s Real=0.01s
[2019-12-11T08:52:32.045+0000][1][safepoint    ] Leaving safepoint region
[2019-12-11T08:52:32.045+0000][1][safepoint    ] Total time for which application threads were stopped: 0.0102942 seconds, Stopping threads took: 0.0000280 seconds
[2019-12-11T08:52:33.046+0000][1][safepoint    ] Application time: 1.0002528 seconds
[2019-12-11T08:52:33.046+0000][1][safepoint    ] Entering safepoint region: Cleanup
[2019-12-11T08:52:33.046+0000][1][safepoint    ] Leaving safepoint region
[2019-12-11T08:52:33.046+0000][1][safepoint    ] Total time for which application threads were stopped: 0.0001342 seconds, Stopping threads took: 0.0000297 seconds
[2019-12-11T08:52:34.049+0000][1][safepoint    ] Application time: 1.0035660 seconds
[2019-12-11T08:52:34.050+0000][1][safepoint    ] Entering safepoint region: Cleanup
[2019-12-11T08:52:34.050+0000][1][safepoint    ] Leaving safepoint region
[2019-12-11T08:52:34.050+0000][1][safepoint    ] Total time for which application threads were stopped: 0.0001457 seconds, Stopping threads took: 0.0000314 seconds
[2019-12-11T08:52:35.050+0000][1][safepoint    ] Application time: 1.0001256 seconds
[2019-12-11T08:52:35.050+0000][1][safepoint    ] Entering safepoint region: Cleanup
[2019-12-11T08:52:35.050+0000][1][safepoint    ] Leaving safepoint region
[2019-12-11T08:52:35.050+0000][1][safepoint    ] Total time for which application threads were stopped: 0.0001369 seconds, Stopping threads took: 0.0000294 seconds
[2019-12-11T08:52:36.052+0000][1][safepoint    ] Application time: 1.0017333 seconds
[2019-12-11T08:52:36.052+0000][1][safepoint    ] Entering safepoint region: Cleanup
[2019-12-11T08:52:36.052+0000][1][safepoint    ] Leaving safepoint region
[2019-12-11T08:52:36.052+0000][1][safepoint    ] Total time for which application threads were stopped: 0.0001449 seconds, Stopping threads took: 0.0000279 seconds
[2019-12-11T08:52:37.055+0000][1][safepoint    ] Application time: 1.0027703 seconds
[2019-12-11T08:52:37.055+0000][1][safepoint    ] Entering safepoint region: Cleanup
[2019-12-11T08:52:37.055+0000][1][safepoint    ] Leaving safepoint region
[2019-12-11T08:52:37.055+0000][1][safepoint    ] Total time for which application threads were stopped: 0.0001399 seconds, Stopping threads took: 0.0000280 seconds
[2019-12-11T08:52:38.058+0000][1][safepoint    ] Application time: 1.0027990 seconds
[2019-12-11T08:52:38.058+0000][1][safepoint    ] Entering safepoint region: Cleanup
[2019-12-11T08:52:38.058+0000][1][safepoint    ] Leaving safepoint region
[2019-12-11T08:52:38.058+0000][1][safepoint    ] Total time for which application threads were stopped: 0.0001302 seconds, Stopping threads took: 0.0000288 seconds
[2019-12-11T08:52:39.060+0000][1][safepoint    ] Application time: 1.0018210 seconds
[2019-12-11T08:52:39.060+0000][1][safepoint    ] Entering safepoint region: Cleanup
[2019-12-11T08:52:39.060+0000][1][safepoint    ] Leaving safepoint region
[2019-12-11T08:52:39.060+0000][1][safepoint    ] Total time for which application threads were stopped: 0.0001247 seconds, Stopping threads took: 0.0000288 seconds
[2019-12-11T08:52:40.062+0000][1][safepoint    ] Application time: 1.0017544 seconds
[2019-12-11T08:52:40.062+0000][1][safepoint    ] Entering safepoint region: Cleanup
[2019-12-11T08:52:40.062+0000][1][safepoint    ] Leaving safepoint region
[2019-12-11T08:52:40.062+0000][1][safepoint    ] Total time for which application threads were stopped: 0.0001094 seconds, Stopping threads took: 0.0000328 seconds
[2019-12-11T08:52:41.063+0000][1][safepoint    ] Application time: 1.0008924 seconds
[2019-12-11T08:52:41.063+0000][1][safepoint    ] Entering safepoint region: Cleanup
[2019-12-11T08:52:41.063+0000][1][safepoint    ] Leaving safepoint region
[2019-12-11T08:52:41.063+0000][1][safepoint    ] Total time for which application threads were stopped: 0.0001320 seconds, Stopping threads took: 0.0000305 seconds
[2019-12-11T08:52:42.063+0000][1][safepoint    ] Application time: 1.0000910 seconds
[2019-12-11T08:52:42.063+0000][1][safepoint    ] Entering safepoint region: Cleanup
[2019-12-11T08:52:42.063+0000][1][safepoint    ] Leaving safepoint region
[2019-12-11T08:52:42.063+0000][1][safepoint    ] Total time for which application threads were stopped: 0.0001378 seconds, Stopping threads took: 0.0000300 seconds
[2019-12-11T08:52:43.064+0000][1][safepoint    ] Application time: 1.0005220 seconds
[2019-12-11T08:52:43.064+0000][1][safepoint    ] Entering safepoint region: Cleanup
[2019-12-11T08:52:43.064+0000][1][safepoint    ] Leaving safepoint region
[2019-12-11T08:52:43.064+0000][1][safepoint    ] Total time for which application threads were stopped: 0.0001342 seconds, Stopping threads took: 0.0000293 seconds
[2019-12-11T08:52:44.065+0000][1][safepoint    ] Application time: 1.0008094 seconds
[2019-12-11T08:52:44.065+0000][1][safepoint    ] Entering safepoint region: Cleanup
[2019-12-11T08:52:44.065+0000][1][safepoint    ] Leaving safepoint region
[2019-12-11T08:52:44.065+0000][1][safepoint    ] Total time for which application threads were stopped: 0.0001213 seconds, Stopping threads took: 0.0000259 seconds
[2019-12-11T08:52:45.069+0000][1][safepoint    ] Application time: 1.0038272 seconds
[2019-12-11T08:52:45.069+0000][1][safepoint    ] Entering safepoint region: Cleanup
[2019-12-11T08:52:45.069+0000][1][safepoint    ] Leaving safepoint region
[2019-12-11T08:52:45.069+0000][1][safepoint    ] Total time for which application threads were stopped: 0.0001566 seconds, Stopping threads took: 0.0000323 seconds
[2019-12-11T08:52:46.071+0000][1][safepoint    ] Application time: 1.0017755 seconds
[2019-12-11T08:52:46.071+0000][1][safepoint    ] Entering safepoint region: Cleanup
[2019-12-11T08:52:46.071+0000][1][safepoint    ] Leaving safepoint region
[2019-12-11T08:52:46.071+0000][1][safepoint    ] Total time for which application threads were stopped: 0.0001222 seconds, Stopping threads took: 0.0000269 seconds
[2019-12-11T08:52:47.073+0000][1][safepoint    ] Application time: 1.0019578 seconds
[2019-12-11T08:52:47.073+0000][1][safepoint    ] Entering safepoint region: Cleanup
[2019-12-11T08:52:47.073+0000][1][safepoint    ] Leaving safepoint region
[2019-12-11T08:52:47.073+0000][1][safepoint    ] Total time for which application threads were stopped: 0.0001355 seconds, Stopping threads took: 0.0000305 seconds
[2019-12-11T08:52:48.076+0000][1][safepoint    ] Application time: 1.0025372 seconds
[2019-12-11T08:52:48.076+0000][1][safepoint    ] Entering safepoint region: Cleanup
[2019-12-11T08:52:48.076+0000][1][safepoint    ] Leaving safepoint region
[2019-12-11T08:52:48.076+0000][1][safepoint    ] Total time for which application threads were stopped: 0.0001388 seconds, Stopping threads took: 0.0000275 seconds
[2019-12-11T08:52:49.077+0000][1][safepoint    ] Application time: 1.0009817 seconds
[2019-12-11T08:52:49.077+0000][1][safepoint    ] Entering safepoint region: Cleanup
[2019-12-11T08:52:49.077+0000][1][safepoint    ] Leaving safepoint region
[2019-12-11T08:52:49.077+0000][1][safepoint    ] Total time for which application threads were stopped: 0.0001340 seconds, Stopping threads took: 0.0000295 seconds
[2019-12-11T08:52:50.078+0000][1][safepoint    ] Application time: 1.0007466 seconds
[2019-12-11T08:52:50.078+0000][1][safepoint    ] Entering safepoint region: Cleanup
[2019-12-11T08:52:50.078+0000][1][safepoint    ] Leaving safepoint region
[2019-12-11T08:52:50.078+0000][1][safepoint    ] Total time for which application threads were stopped: 0.0001497 seconds, Stopping threads took: 0.0000294 seconds
[2019-12-11T08:52:51.082+0000][1][safepoint    ] Application time: 1.0038039 seconds
[2019-12-11T08:52:51.082+0000][1][safepoint    ] Entering safepoint region: Cleanup
[2019-12-11T08:52:51.082+0000][1][safepoint    ] Leaving safepoint region
[2019-12-11T08:52:51.082+0000][1][safepoint    ] Total time for which application threads were stopped: 0.0001374 seconds, Stopping threads took: 0.0000300 seconds
[2019-12-11T08:52:52.083+0000][1][safepoint    ] Application time: 1.0008033 seconds
[2019-12-11T08:52:52.083+0000][1][safepoint    ] Entering safepoint region: Cleanup
[2019-12-11T08:52:52.083+0000][1][safepoint    ] Leaving safepoint region
[2019-12-11T08:52:52.083+0000][1][safepoint    ] Total time for which application threads were stopped: 0.0001381 seconds, Stopping threads took: 0.0000288 seconds
[2019-12-11T08:52:53.085+0000][1][safepoint    ] Application time: 1.0018176 seconds
[2019-12-11T08:52:53.085+0000][1][safepoint    ] Entering safepoint region: Cleanup
[2019-12-11T08:52:53.085+0000][1][safepoint    ] Leaving safepoint region
[2019-12-11T08:52:53.085+0000][1][safepoint    ] Total time for which application threads were stopped: 0.0001337 seconds, Stopping threads took: 0.0000299 seconds
[2019-12-11T08:52:54.086+0000][1][safepoint    ] Application time: 1.0007891 seconds
[2019-12-11T08:52:54.086+0000][1][safepoint    ] Entering safepoint region: Cleanup
[2019-12-11T08:52:54.086+0000][1][safepoint    ] Leaving safepoint region
[2019-12-11T08:52:54.086+0000][1][safepoint    ] Total time for which application threads were stopped: 0.0001292 seconds, Stopping threads took: 0.0000278 seconds
[2019-12-11T08:52:55.089+0000][1][safepoint    ] Application time: 1.0028140 seconds
[2019-12-11T08:52:55.089+0000][1][safepoint    ] Entering safepoint region: Cleanup
[2019-12-11T08:52:55.089+0000][1][safepoint    ] Leaving safepoint region
[2019-12-11T08:52:55.089+0000][1][safepoint    ] Total time for which application threads were stopped: 0.0001298 seconds, Stopping threads took: 0.0000310 seconds
[2019-12-11T08:52:56.092+0000][1][safepoint    ] Application time: 1.0027217 seconds
[2019-12-11T08:52:56.092+0000][1][safepoint    ] Entering safepoint region: Cleanup
[2019-12-11T08:52:56.092+0000][1][safepoint    ] Leaving safepoint region
[2019-12-11T08:52:56.092+0000][1][safepoint    ] Total time for which application threads were stopped: 0.0001328 seconds, Stopping threads took: 0.0000316 seconds
[2019-12-11T08:52:57.093+0000][1][safepoint    ] Application time: 1.0008883 seconds
[2019-12-11T08:52:57.093+0000][1][safepoint    ] Entering safepoint region: Cleanup
[2019-12-11T08:52:57.093+0000][1][safepoint    ] Leaving safepoint region
[2019-12-11T08:52:57.093+0000][1][safepoint    ] Total time for which application threads were stopped: 0.0001373 seconds, Stopping threads took: 0.0000301 seconds
[2019-12-11T08:52:58.095+0000][1][safepoint    ] Application time: 1.0017944 seconds
[2019-12-11T08:52:58.095+0000][1][safepoint    ] Entering safepoint region: Cleanup
[2019-12-11T08:52:58.095+0000][1][safepoint    ] Leaving safepoint region
[2019-12-11T08:52:58.095+0000][1][safepoint    ] Total time for which application threads were stopped: 0.0001275 seconds, Stopping threads took: 0.0000291 seconds
[2019-12-11T08:52:59.096+0000][1][safepoint    ] Application time: 1.0008289 seconds
[2019-12-11T08:52:59.096+0000][1][safepoint    ] Entering safepoint region: Cleanup
[2019-12-11T08:52:59.096+0000][1][safepoint    ] Leaving safepoint region
[2019-12-11T08:52:59.096+0000][1][safepoint    ] Total time for which application threads were stopped: 0.0001335 seconds, Stopping threads took: 0.0000274 seconds
[2019-12-11T08:53:00.098+0000][1][safepoint    ] Application time: 1.0018160 seconds
[2019-12-11T08:53:00.098+0000][1][safepoint    ] Entering safepoint region: Cleanup
[2019-12-11T08:53:00.098+0000][1][safepoint    ] Leaving safepoint region
[2019-12-11T08:53:00.098+0000][1][safepoint    ] Total time for which application threads were stopped: 0.0001352 seconds, Stopping threads took: 0.0000295 seconds
[2019-12-11T08:53:01.100+0000][1][safepoint    ] Application time: 1.0018196 seconds
[2019-12-11T08:53:01.100+0000][1][safepoint    ] Entering safepoint region: Cleanup
[2019-12-11T08:53:01.100+0000][1][safepoint    ] Leaving safepoint region
[2019-12-11T08:53:01.100+0000][1][safepoint    ] Total time for which application threads were stopped: 0.0001359 seconds, Stopping threads took: 0.0000293 seconds
[2019-12-11T08:53:02.102+0000][1][safepoint    ] Application time: 1.0017999 seconds
[2019-12-11T08:53:02.102+0000][1][safepoint    ] Entering safepoint region: Cleanup
[2019-12-11T08:53:02.102+0000][1][safepoint    ] Leaving safepoint region
[2019-12-11T08:53:02.102+0000][1][safepoint    ] Total time for which application threads were stopped: 0.0001362 seconds, Stopping threads took: 0.0000285 seconds
[2019-12-11T08:53:03.103+0000][1][safepoint    ] Application time: 1.0007758 seconds
[2019-12-11T08:53:03.103+0000][1][safepoint    ] Entering safepoint region: Cleanup
[2019-12-11T08:53:03.103+0000][1][safepoint    ] Leaving safepoint region
[2019-12-11T08:53:03.103+0000][1][safepoint    ] Total time for which application threads were stopped: 0.0001234 seconds, Stopping threads took: 0.0000264 seconds
[2019-12-11T08:53:04.104+0000][1][safepoint    ] Application time: 1.0008283 seconds
[2019-12-11T08:53:04.104+0000][1][safepoint    ] Entering safepoint region: Cleanup
[2019-12-11T08:53:04.104+0000][1][safepoint    ] Leaving safepoint region
[2019-12-11T08:53:04.104+0000][1][safepoint    ] Total time for which application threads were stopped: 0.0001312 seconds, Stopping threads took: 0.0000278 seconds
[2019-12-11T08:53:05.105+0000][1][safepoint    ] Application time: 1.0007999 seconds
[2019-12-11T08:53:05.105+0000][1][safepoint    ] Entering safepoint region: Cleanup
[2019-12-11T08:53:05.105+0000][1][safepoint    ] Leaving safepoint region
[2019-12-11T08:53:05.105+0000][1][safepoint    ] Total time for which application threads were stopped: 0.0001315 seconds, Stopping threads took: 0.0000277 seconds
[2019-12-11T08:53:06.106+0000][1][safepoint    ] Application time: 1.0009301 seconds
[2019-12-11T08:53:06.106+0000][1][safepoint    ] Entering safepoint region: Cleanup
[2019-12-11T08:53:06.106+0000][1][safepoint    ] Leaving safepoint region
[2019-12-11T08:53:06.106+0000][1][safepoint    ] Total time for which application threads were stopped: 0.0001277 seconds, Stopping threads took: 0.0000272 seconds
[2019-12-11T08:53:07.108+0000][1][safepoint    ] Application time: 1.0017642 seconds
[2019-12-11T08:53:07.108+0000][1][safepoint    ] Entering safepoint region: Cleanup
[2019-12-11T08:53:07.108+0000][1][safepoint    ] Leaving safepoint region
[2019-12-11T08:53:07.108+0000][1][safepoint    ] Total time for which application threads were stopped: 0.0001389 seconds, Stopping threads took: 0.0000296 seconds
[2019-12-11T08:53:08.110+0000][1][safepoint    ] Application time: 1.0017273 seconds
[2019-12-11T08:53:08.110+0000][1][safepoint    ] Entering safepoint region: Cleanup
[2019-12-11T08:53:08.110+0000][1][safepoint    ] Leaving safepoint region
[2019-12-11T08:53:08.110+0000][1][safepoint    ] Total time for which application threads were stopped: 0.0001260 seconds, Stopping threads took: 0.0000271 seconds
[2019-12-11T08:53:09.111+0000][1][safepoint    ] Application time: 1.0008623 seconds
[2019-12-11T08:53:09.111+0000][1][safepoint    ] Entering safepoint region: Cleanup
[2019-12-11T08:53:09.111+0000][1][safepoint    ] Leaving safepoint region
[2019-12-11T08:53:09.111+0000][1][safepoint    ] Total time for which application threads were stopped: 0.0001325 seconds, Stopping threads took: 0.0000283 seconds
[2019-12-11T08:53:10.112+0000][1][safepoint    ] Application time: 1.0008083 seconds
[2019-12-11T08:53:10.112+0000][1][safepoint    ] Entering safepoint region: Cleanup
[2019-12-11T08:53:10.112+0000][1][safepoint    ] Leaving safepoint region
[2019-12-11T08:53:10.112+0000][1][safepoint    ] Total time for which application threads were stopped: 0.0001323 seconds, Stopping threads took: 0.0000278 seconds
[2019-12-11T08:53:11.115+0000][1][safepoint    ] Application time: 1.0027559 seconds
[2019-12-11T08:53:11.115+0000][1][safepoint    ] Entering safepoint region: Cleanup
[2019-12-11T08:53:11.115+0000][1][safepoint    ] Leaving safepoint region
[2019-12-11T08:53:11.115+0000][1][safepoint    ] Total time for which application threads were stopped: 0.0001231 seconds, Stopping threads took: 0.0000266 seconds
[2019-12-11T08:53:11.388+0000][1][safepoint    ] Application time: 0.2734738 seconds
[2019-12-11T08:53:11.388+0000][1][safepoint    ] Entering safepoint region: GenCollectForAllocation
[2019-12-11T08:53:11.389+0000][1][gc,start     ] GC(58) Pause Young (Allocation Failure)
[2019-12-11T08:53:11.389+0000][1][gc,task      ] GC(58) Using 2 workers of 2 for evacuation
[2019-12-11T08:53:11.393+0000][1][gc,age       ] GC(58) Desired survivor size 4456448 bytes, new threshold 6 (max threshold 6)
[2019-12-11T08:53:11.393+0000][1][gc,age       ] GC(58) Age table with threshold 6 (max threshold 6)
[2019-12-11T08:53:11.393+0000][1][gc,age       ] GC(58) - age   1:     704896 bytes,     704896 total
[2019-12-11T08:53:11.393+0000][1][gc,age       ] GC(58) - age   2:       2072 bytes,     706968 total
[2019-12-11T08:53:11.393+0000][1][gc,age       ] GC(58) - age   3:       1264 bytes,     708232 total
[2019-12-11T08:53:11.393+0000][1][gc,age       ] GC(58) - age   4:        448 bytes,     708680 total
[2019-12-11T08:53:11.393+0000][1][gc,age       ] GC(58) - age   5:       1432 bytes,     710112 total
[2019-12-11T08:53:11.393+0000][1][gc,age       ] GC(58) - age   6:        976 bytes,     711088 total
[2019-12-11T08:53:11.393+0000][1][gc,heap      ] GC(58) ParNew: 70537K->757K(78656K)
[2019-12-11T08:53:11.393+0000][1][gc,heap      ] GC(58) CMS: 71370K->71370K(174784K)
[2019-12-11T08:53:11.393+0000][1][gc,metaspace ] GC(58) Metaspace: 75888K->75888K(1118208K)
[2019-12-11T08:53:11.393+0000][1][gc           ] GC(58) Pause Young (Allocation Failure) 138M->70M(247M) 4.263ms
[2019-12-11T08:53:11.393+0000][1][gc,cpu       ] GC(58) User=0.00s Sys=0.00s Real=0.00s
[2019-12-11T08:53:11.393+0000][1][safepoint    ] Leaving safepoint region
[2019-12-11T08:53:11.393+0000][1][safepoint    ] Total time for which application threads were stopped: 0.0044892 seconds, Stopping threads took: 0.0000268 seconds
[2019-12-11T08:53:12.394+0000][1][safepoint    ] Application time: 1.0007877 seconds
[2019-12-11T08:53:12.394+0000][1][safepoint    ] Entering safepoint region: Cleanup
[2019-12-11T08:53:12.394+0000][1][safepoint    ] Leaving safepoint region
[2019-12-11T08:53:12.394+0000][1][safepoint    ] Total time for which application threads were stopped: 0.0000972 seconds, Stopping threads took: 0.0000256 seconds
[2019-12-11T08:53:13.396+0000][1][safepoint    ] Application time: 1.0018718 seconds
[2019-12-11T08:53:13.396+0000][1][safepoint    ] Entering safepoint region: Cleanup
[2019-12-11T08:53:13.396+0000][1][safepoint    ] Leaving safepoint region
[2019-12-11T08:53:13.396+0000][1][safepoint    ] Total time for which application threads were stopped: 0.0001274 seconds, Stopping threads took: 0.0000275 seconds
[2019-12-11T08:53:14.397+0000][1][safepoint    ] Application time: 1.0008077 seconds
[2019-12-11T08:53:14.397+0000][1][safepoint    ] Entering safepoint region: Cleanup
[2019-12-11T08:53:14.397+0000][1][safepoint    ] Leaving safepoint region
[2019-12-11T08:53:14.397+0000][1][safepoint    ] Total time for which application threads were stopped: 0.0001293 seconds, Stopping threads took: 0.0000279 seconds
[2019-12-11T08:53:15.399+0000][1][safepoint    ] Application time: 1.0021384 seconds
[2019-12-11T08:53:15.399+0000][1][safepoint    ] Entering safepoint region: Cleanup
[2019-12-11T08:53:15.399+0000][1][safepoint    ] Leaving safepoint region
[2019-12-11T08:53:15.399+0000][1][safepoint    ] Total time for which application threads were stopped: 0.0001347 seconds, Stopping threads took: 0.0000276 seconds
[2019-12-11T08:53:16.400+0000][1][safepoint    ] Application time: 1.0004993 seconds
[2019-12-11T08:53:16.400+0000][1][safepoint    ] Entering safepoint region: Cleanup
[2019-12-11T08:53:16.400+0000][1][safepoint    ] Leaving safepoint region
[2019-12-11T08:53:16.400+0000][1][safepoint    ] Total time for which application threads were stopped: 0.0001282 seconds, Stopping threads took: 0.0000280 seconds
[2019-12-11T08:53:17.401+0000][1][safepoint    ] Application time: 1.0007959 seconds
[2019-12-11T08:53:17.401+0000][1][safepoint    ] Entering safepoint region: Cleanup
[2019-12-11T08:53:17.401+0000][1][safepoint    ] Leaving safepoint region
[2019-12-11T08:53:17.401+0000][1][safepoint    ] Total time for which application threads were stopped: 0.0001373 seconds, Stopping threads took: 0.0000294 seconds
[2019-12-11T08:53:18.403+0000][1][safepoint    ] Application time: 1.0018266 seconds
[2019-12-11T08:53:18.403+0000][1][safepoint    ] Entering safepoint region: Cleanup
[2019-12-11T08:53:18.403+0000][1][safepoint    ] Leaving safepoint region
[2019-12-11T08:53:18.403+0000][1][safepoint    ] Total time for which application threads were stopped: 0.0001327 seconds, Stopping threads took: 0.0000296 seconds
[2019-12-11T08:53:19.406+0000][1][safepoint    ] Application time: 1.0027874 seconds
[2019-12-11T08:53:19.406+0000][1][safepoint    ] Entering safepoint region: Cleanup
[2019-12-11T08:53:19.406+0000][1][safepoint    ] Leaving safepoint region
[2019-12-11T08:53:19.406+0000][1][safepoint    ] Total time for which application threads were stopped: 0.0001437 seconds, Stopping threads took: 0.0000278 seconds
[2019-12-11T08:53:20.408+0000][1][safepoint    ] Application time: 1.0017942 seconds
[2019-12-11T08:53:20.408+0000][1][safepoint    ] Entering safepoint region: Cleanup
[2019-12-11T08:53:20.408+0000][1][safepoint    ] Leaving safepoint region
[2019-12-11T08:53:20.408+0000][1][safepoint    ] Total time for which application threads were stopped: 0.0001279 seconds, Stopping threads took: 0.0000284 seconds
[2019-12-11T08:53:21.411+0000][1][safepoint    ] Application time: 1.0028131 seconds
[2019-12-11T08:53:21.411+0000][1][safepoint    ] Entering safepoint region: Cleanup
[2019-12-11T08:53:21.411+0000][1][safepoint    ] Leaving safepoint region
[2019-12-11T08:53:21.411+0000][1][safepoint    ] Total time for which application threads were stopped: 0.0001427 seconds, Stopping threads took: 0.0000281 seconds
[2019-12-11T08:53:22.415+0000][1][safepoint    ] Application time: 1.0038006 seconds
[2019-12-11T08:53:22.415+0000][1][safepoint    ] Entering safepoint region: Cleanup
[2019-12-11T08:53:22.415+0000][1][safepoint    ] Leaving safepoint region
[2019-12-11T08:53:22.415+0000][1][safepoint    ] Total time for which application threads were stopped: 0.0001289 seconds, Stopping threads took: 0.0000276 seconds
[2019-12-11T08:53:23.417+0000][1][safepoint    ] Application time: 1.0018304 seconds
[2019-12-11T08:53:23.417+0000][1][safepoint    ] Entering safepoint region: Cleanup
[2019-12-11T08:53:23.417+0000][1][safepoint    ] Leaving safepoint region
[2019-12-11T08:53:23.417+0000][1][safepoint    ] Total time for which application threads were stopped: 0.0001218 seconds, Stopping threads took: 0.0000265 seconds
[2019-12-11T08:53:24.418+0000][1][safepoint    ] Application time: 1.0008505 seconds
[2019-12-11T08:53:24.418+0000][1][safepoint    ] Entering safepoint region: Cleanup
[2019-12-11T08:53:24.418+0000][1][safepoint    ] Leaving safepoint region
[2019-12-11T08:53:24.418+0000][1][safepoint    ] Total time for which application threads were stopped: 0.0001304 seconds, Stopping threads took: 0.0000274 seconds
[2019-12-11T08:53:25.419+0000][1][safepoint    ] Application time: 1.0007873 seconds
[2019-12-11T08:53:25.419+0000][1][safepoint    ] Entering safepoint region: Cleanup
[2019-12-11T08:53:25.419+0000][1][safepoint    ] Leaving safepoint region
[2019-12-11T08:53:25.419+0000][1][safepoint    ] Total time for which application threads were stopped: 0.0001349 seconds, Stopping threads took: 0.0000302 seconds
[2019-12-11T08:53:26.425+0000][1][safepoint    ] Application time: 1.0057859 seconds
[2019-12-11T08:53:26.425+0000][1][safepoint    ] Entering safepoint region: Cleanup
[2019-12-11T08:53:26.425+0000][1][safepoint    ] Leaving safepoint region
[2019-12-11T08:53:26.425+0000][1][safepoint    ] Total time for which application threads were stopped: 0.0001423 seconds, Stopping threads took: 0.0000349 seconds
[2019-12-11T08:53:27.425+0000][1][safepoint    ] Application time: 1.0004202 seconds
[2019-12-11T08:53:27.425+0000][1][safepoint    ] Entering safepoint region: Cleanup
[2019-12-11T08:53:27.426+0000][1][safepoint    ] Leaving safepoint region
[2019-12-11T08:53:27.426+0000][1][safepoint    ] Total time for which application threads were stopped: 0.0001494 seconds, Stopping threads took: 0.0000411 seconds
[2019-12-11T08:53:28.428+0000][1][safepoint    ] Application time: 1.0022276 seconds
[2019-12-11T08:53:28.428+0000][1][safepoint    ] Entering safepoint region: Cleanup
[2019-12-11T08:53:28.428+0000][1][safepoint    ] Leaving safepoint region
[2019-12-11T08:53:28.428+0000][1][safepoint    ] Total time for which application threads were stopped: 0.0001234 seconds, Stopping threads took: 0.0000262 seconds
[2019-12-11T08:53:29.429+0000][1][safepoint    ] Application time: 1.0007744 seconds
[2019-12-11T08:53:29.429+0000][1][safepoint    ] Entering safepoint region: Cleanup
[2019-12-11T08:53:29.429+0000][1][safepoint    ] Leaving safepoint region
[2019-12-11T08:53:29.429+0000][1][safepoint    ] Total time for which application threads were stopped: 0.0001380 seconds, Stopping threads took: 0.0000290 seconds
[2019-12-11T08:53:30.430+0000][1][safepoint    ] Application time: 1.0008158 seconds
[2019-12-11T08:53:30.430+0000][1][safepoint    ] Entering safepoint region: Cleanup
[2019-12-11T08:53:30.430+0000][1][safepoint    ] Leaving safepoint region
[2019-12-11T08:53:30.430+0000][1][safepoint    ] Total time for which application threads were stopped: 0.0001257 seconds, Stopping threads took: 0.0000264 seconds
[2019-12-11T08:53:31.432+0000][1][safepoint    ] Application time: 1.0018053 seconds
[2019-12-11T08:53:31.432+0000][1][safepoint    ] Entering safepoint region: Cleanup
[2019-12-11T08:53:31.432+0000][1][safepoint    ] Leaving safepoint region
[2019-12-11T08:53:31.432+0000][1][safepoint    ] Total time for which application threads were stopped: 0.0001345 seconds, Stopping threads took: 0.0000294 seconds
[2019-12-11T08:53:32.437+0000][1][safepoint    ] Application time: 1.0048009 seconds
[2019-12-11T08:53:32.437+0000][1][safepoint    ] Entering safepoint region: Cleanup
[2019-12-11T08:53:32.437+0000][1][safepoint    ] Leaving safepoint region
[2019-12-11T08:53:32.437+0000][1][safepoint    ] Total time for which application threads were stopped: 0.0001377 seconds, Stopping threads took: 0.0000279 seconds
[2019-12-11T08:53:33.438+0000][1][safepoint    ] Application time: 1.0007981 seconds
[2019-12-11T08:53:33.438+0000][1][safepoint    ] Entering safepoint region: Cleanup
[2019-12-11T08:53:33.438+0000][1][safepoint    ] Leaving safepoint region
[2019-12-11T08:53:33.438+0000][1][safepoint    ] Total time for which application threads were stopped: 0.0001250 seconds, Stopping threads took: 0.0000262 seconds
[2019-12-11T08:53:34.439+0000][1][safepoint    ] Application time: 1.0008292 seconds
[2019-12-11T08:53:34.439+0000][1][safepoint    ] Entering safepoint region: Cleanup
[2019-12-11T08:53:34.439+0000][1][safepoint    ] Leaving safepoint region
[2019-12-11T08:53:34.439+0000][1][safepoint    ] Total time for which application threads were stopped: 0.0001407 seconds, Stopping threads took: 0.0000282 seconds
[2019-12-11T08:53:35.440+0000][1][safepoint    ] Application time: 1.0007876 seconds
[2019-12-11T08:53:35.440+0000][1][safepoint    ] Entering safepoint region: Cleanup
[2019-12-11T08:53:35.440+0000][1][safepoint    ] Leaving safepoint region
[2019-12-11T08:53:35.440+0000][1][safepoint    ] Total time for which application threads were stopped: 0.0001329 seconds, Stopping threads took: 0.0000291 seconds
[2019-12-11T08:53:36.442+0000][1][safepoint    ] Application time: 1.0018170 seconds
[2019-12-11T08:53:36.442+0000][1][safepoint    ] Entering safepoint region: Cleanup
[2019-12-11T08:53:36.442+0000][1][safepoint    ] Leaving safepoint region
[2019-12-11T08:53:36.442+0000][1][safepoint    ] Total time for which application threads were stopped: 0.0001368 seconds, Stopping threads took: 0.0000341 seconds
[2019-12-11T08:53:37.443+0000][1][safepoint    ] Application time: 1.0007984 seconds
[2019-12-11T08:53:37.443+0000][1][safepoint    ] Entering safepoint region: Cleanup
[2019-12-11T08:53:37.443+0000][1][safepoint    ] Leaving safepoint region
[2019-12-11T08:53:37.443+0000][1][safepoint    ] Total time for which application threads were stopped: 0.0001642 seconds, Stopping threads took: 0.0000408 seconds
[2019-12-11T08:53:38.444+0000][1][safepoint    ] Application time: 1.0007830 seconds
[2019-12-11T08:53:38.447+0000][1][safepoint    ] Entering safepoint region: Cleanup
[2019-12-11T08:53:38.447+0000][1][safepoint    ] Leaving safepoint region
[2019-12-11T08:53:38.447+0000][1][safepoint    ] Total time for which application threads were stopped: 0.0033000 seconds, Stopping threads took: 0.0031615 seconds
[2019-12-11T08:53:39.450+0000][1][safepoint    ] Application time: 1.0026402 seconds
[2019-12-11T08:53:39.450+0000][1][safepoint    ] Entering safepoint region: Cleanup
[2019-12-11T08:53:39.450+0000][1][safepoint    ] Leaving safepoint region
[2019-12-11T08:53:39.450+0000][1][safepoint    ] Total time for which application threads were stopped: 0.0001529 seconds, Stopping threads took: 0.0000280 seconds
[2019-12-11T08:53:40.452+0000][1][safepoint    ] Application time: 1.0019371 seconds
[2019-12-11T08:53:40.452+0000][1][safepoint    ] Entering safepoint region: Cleanup
[2019-12-11T08:53:40.452+0000][1][safepoint    ] Leaving safepoint region
[2019-12-11T08:53:40.452+0000][1][safepoint    ] Total time for which application threads were stopped: 0.0001385 seconds, Stopping threads took: 0.0000296 seconds
[2019-12-11T08:53:41.453+0000][1][safepoint    ] Application time: 1.0006584 seconds
[2019-12-11T08:53:41.453+0000][1][safepoint    ] Entering safepoint region: Cleanup
[2019-12-11T08:53:41.453+0000][1][safepoint    ] Leaving safepoint region
[2019-12-11T08:53:41.453+0000][1][safepoint    ] Total time for which application threads were stopped: 0.0001374 seconds, Stopping threads took: 0.0000299 seconds
[2019-12-11T08:53:42.455+0000][1][safepoint    ] Application time: 1.0018030 seconds
[2019-12-11T08:53:42.455+0000][1][safepoint    ] Entering safepoint region: Cleanup
[2019-12-11T08:53:42.455+0000][1][safepoint    ] Leaving safepoint region
[2019-12-11T08:53:42.455+0000][1][safepoint    ] Total time for which application threads were stopped: 0.0001385 seconds, Stopping threads took: 0.0000284 seconds
[2019-12-11T08:53:43.460+0000][1][safepoint    ] Application time: 1.0052036 seconds
[2019-12-11T08:53:43.460+0000][1][safepoint    ] Entering safepoint region: Cleanup
[2019-12-11T08:53:43.460+0000][1][safepoint    ] Leaving safepoint region
[2019-12-11T08:53:43.460+0000][1][safepoint    ] Total time for which application threads were stopped: 0.0001377 seconds, Stopping threads took: 0.0000296 seconds
[2019-12-11T08:53:44.463+0000][1][safepoint    ] Application time: 1.0027272 seconds
[2019-12-11T08:53:44.463+0000][1][safepoint    ] Entering safepoint region: Cleanup
[2019-12-11T08:53:44.463+0000][1][safepoint    ] Leaving safepoint region
[2019-12-11T08:53:44.463+0000][1][safepoint    ] Total time for which application threads were stopped: 0.0001424 seconds, Stopping threads took: 0.0000395 seconds
[2019-12-11T08:53:45.466+0000][1][safepoint    ] Application time: 1.0024814 seconds
[2019-12-11T08:53:45.466+0000][1][safepoint    ] Entering safepoint region: Cleanup
[2019-12-11T08:53:45.466+0000][1][safepoint    ] Leaving safepoint region
[2019-12-11T08:53:45.466+0000][1][safepoint    ] Total time for which application threads were stopped: 0.0001336 seconds, Stopping threads took: 0.0000301 seconds
[2019-12-11T08:53:46.471+0000][1][safepoint    ] Application time: 1.0048145 seconds
[2019-12-11T08:53:46.471+0000][1][safepoint    ] Entering safepoint region: Cleanup
[2019-12-11T08:53:46.471+0000][1][safepoint    ] Leaving safepoint region
[2019-12-11T08:53:46.471+0000][1][safepoint    ] Total time for which application threads were stopped: 0.0001401 seconds, Stopping threads took: 0.0000356 seconds
[2019-12-11T08:53:47.472+0000][1][safepoint    ] Application time: 1.0008058 seconds
[2019-12-11T08:53:47.472+0000][1][safepoint    ] Entering safepoint region: Cleanup
[2019-12-11T08:53:47.472+0000][1][safepoint    ] Leaving safepoint region
[2019-12-11T08:53:47.472+0000][1][safepoint    ] Total time for which application threads were stopped: 0.0001320 seconds, Stopping threads took: 0.0000286 seconds
[2019-12-11T08:53:48.475+0000][1][safepoint    ] Application time: 1.0027921 seconds
[2019-12-11T08:53:48.475+0000][1][safepoint    ] Entering safepoint region: Cleanup
[2019-12-11T08:53:48.475+0000][1][safepoint    ] Leaving safepoint region
[2019-12-11T08:53:48.475+0000][1][safepoint    ] Total time for which application threads were stopped: 0.0001247 seconds, Stopping threads took: 0.0000284 seconds
[2019-12-11T08:53:49.478+0000][1][safepoint    ] Application time: 1.0028209 seconds
[2019-12-11T08:53:49.478+0000][1][safepoint    ] Entering safepoint region: Cleanup
[2019-12-11T08:53:49.478+0000][1][safepoint    ] Leaving safepoint region
[2019-12-11T08:53:49.478+0000][1][safepoint    ] Total time for which application threads were stopped: 0.0001401 seconds, Stopping threads took: 0.0000299 seconds
[2019-12-11T08:53:50.479+0000][1][safepoint    ] Application time: 1.0008230 seconds
[2019-12-11T08:53:50.479+0000][1][safepoint    ] Entering safepoint region: Cleanup
[2019-12-11T08:53:50.479+0000][1][safepoint    ] Leaving safepoint region
[2019-12-11T08:53:50.479+0000][1][safepoint    ] Total time for which application threads were stopped: 0.0001470 seconds, Stopping threads took: 0.0000402 seconds
[2019-12-11T08:53:51.479+0000][1][safepoint    ] Application time: 1.0002483 seconds
[2019-12-11T08:53:51.479+0000][1][safepoint    ] Entering safepoint region: Cleanup
[2019-12-11T08:53:51.479+0000][1][safepoint    ] Leaving safepoint region
[2019-12-11T08:53:51.479+0000][1][safepoint    ] Total time for which application threads were stopped: 0.0001348 seconds, Stopping threads took: 0.0000261 seconds
[2019-12-11T08:53:52.244+0000][1][safepoint    ] Application time: 0.7646648 seconds
[2019-12-11T08:53:52.244+0000][1][safepoint    ] Entering safepoint region: GenCollectForAllocation
[2019-12-11T08:53:52.244+0000][1][gc,start     ] GC(59) Pause Young (Allocation Failure)
[2019-12-11T08:53:52.244+0000][1][gc,task      ] GC(59) Using 2 workers of 2 for evacuation
[2019-12-11T08:53:52.247+0000][1][gc,age       ] GC(59) Desired survivor size 4456448 bytes, new threshold 6 (max threshold 6)
[2019-12-11T08:53:52.247+0000][1][gc,age       ] GC(59) Age table with threshold 6 (max threshold 6)
[2019-12-11T08:53:52.248+0000][1][gc,age       ] GC(59) - age   1:     736040 bytes,     736040 total
[2019-12-11T08:53:52.248+0000][1][gc,age       ] GC(59) - age   2:       7248 bytes,     743288 total
[2019-12-11T08:53:52.248+0000][1][gc,age       ] GC(59) - age   3:       1784 bytes,     745072 total
[2019-12-11T08:53:52.248+0000][1][gc,age       ] GC(59) - age   4:       1264 bytes,     746336 total
[2019-12-11T08:53:52.248+0000][1][gc,age       ] GC(59) - age   5:        448 bytes,     746784 total
[2019-12-11T08:53:52.248+0000][1][gc,age       ] GC(59) - age   6:       1432 bytes,     748216 total
[2019-12-11T08:53:52.248+0000][1][gc,heap      ] GC(59) ParNew: 70709K->753K(78656K)
[2019-12-11T08:53:52.248+0000][1][gc,heap      ] GC(59) CMS: 71370K->71371K(174784K)
[2019-12-11T08:53:52.248+0000][1][gc,metaspace ] GC(59) Metaspace: 76010K->76010K(1118208K)
[2019-12-11T08:53:52.248+0000][1][gc           ] GC(59) Pause Young (Allocation Failure) 138M->70M(247M) 3.369ms
[2019-12-11T08:53:52.248+0000][1][gc,cpu       ] GC(59) User=0.00s Sys=0.00s Real=0.01s
[2019-12-11T08:53:52.248+0000][1][safepoint    ] Leaving safepoint region
[2019-12-11T08:53:52.248+0000][1][safepoint    ] Total time for which application threads were stopped: 0.0036249 seconds, Stopping threads took: 0.0000231 seconds
[2019-12-11T08:53:53.251+0000][1][safepoint    ] Application time: 1.0029798 seconds
[2019-12-11T08:53:53.251+0000][1][safepoint    ] Entering safepoint region: Cleanup
[2019-12-11T08:53:53.251+0000][1][safepoint    ] Leaving safepoint region
[2019-12-11T08:53:53.251+0000][1][safepoint    ] Total time for which application threads were stopped: 0.0001277 seconds, Stopping threads took: 0.0000268 seconds
[2019-12-11T08:53:54.254+0000][1][safepoint    ] Application time: 1.0028479 seconds
[2019-12-11T08:53:54.254+0000][1][safepoint    ] Entering safepoint region: Cleanup
[2019-12-11T08:53:54.254+0000][1][safepoint    ] Leaving safepoint region
[2019-12-11T08:53:54.254+0000][1][safepoint    ] Total time for which application threads were stopped: 0.0001374 seconds, Stopping threads took: 0.0000307 seconds
[2019-12-11T08:53:55.258+0000][1][safepoint    ] Application time: 1.0037673 seconds
[2019-12-11T08:53:55.258+0000][1][safepoint    ] Entering safepoint region: Cleanup
[2019-12-11T08:53:55.258+0000][1][safepoint    ] Leaving safepoint region
[2019-12-11T08:53:55.258+0000][1][safepoint    ] Total time for which application threads were stopped: 0.0001351 seconds, Stopping threads took: 0.0000296 seconds
[2019-12-11T08:53:56.263+0000][1][safepoint    ] Application time: 1.0048061 seconds
[2019-12-11T08:53:56.263+0000][1][safepoint    ] Entering safepoint region: Cleanup
[2019-12-11T08:53:56.263+0000][1][safepoint    ] Leaving safepoint region
[2019-12-11T08:53:56.263+0000][1][safepoint    ] Total time for which application threads were stopped: 0.0001356 seconds, Stopping threads took: 0.0000280 seconds
[2019-12-11T08:53:57.263+0000][1][safepoint    ] Application time: 1.0000939 seconds
[2019-12-11T08:53:57.263+0000][1][safepoint    ] Entering safepoint region: Cleanup
[2019-12-11T08:53:57.263+0000][1][safepoint    ] Leaving safepoint region
[2019-12-11T08:53:57.263+0000][1][safepoint    ] Total time for which application threads were stopped: 0.0001330 seconds, Stopping threads took: 0.0000291 seconds
[2019-12-11T08:53:58.268+0000][1][safepoint    ] Application time: 1.0045166 seconds
[2019-12-11T08:53:58.268+0000][1][safepoint    ] Entering safepoint region: Cleanup
[2019-12-11T08:53:58.268+0000][1][safepoint    ] Leaving safepoint region
[2019-12-11T08:53:58.268+0000][1][safepoint    ] Total time for which application threads were stopped: 0.0001500 seconds, Stopping threads took: 0.0000372 seconds
[2019-12-11T08:53:59.270+0000][1][safepoint    ] Application time: 1.0018166 seconds
[2019-12-11T08:53:59.270+0000][1][safepoint    ] Entering safepoint region: Cleanup
[2019-12-11T08:53:59.270+0000][1][safepoint    ] Leaving safepoint region
[2019-12-11T08:53:59.270+0000][1][safepoint    ] Total time for which application threads were stopped: 0.0001348 seconds, Stopping threads took: 0.0000313 seconds
[2019-12-11T08:54:00.272+0000][1][safepoint    ] Application time: 1.0017813 seconds
[2019-12-11T08:54:00.272+0000][1][safepoint    ] Entering safepoint region: Cleanup
[2019-12-11T08:54:00.272+0000][1][safepoint    ] Leaving safepoint region
[2019-12-11T08:54:00.272+0000][1][safepoint    ] Total time for which application threads were stopped: 0.0001333 seconds, Stopping threads took: 0.0000291 seconds
[2019-12-11T08:54:01.273+0000][1][safepoint    ] Application time: 1.0008063 seconds
[2019-12-11T08:54:01.273+0000][1][safepoint    ] Entering safepoint region: Cleanup
[2019-12-11T08:54:01.273+0000][1][safepoint    ] Leaving safepoint region
[2019-12-11T08:54:01.273+0000][1][safepoint    ] Total time for which application threads were stopped: 0.0001254 seconds, Stopping threads took: 0.0000261 seconds
[2019-12-11T08:54:02.277+0000][1][safepoint    ] Application time: 1.0038217 seconds
[2019-12-11T08:54:02.277+0000][1][safepoint    ] Entering safepoint region: Cleanup
[2019-12-11T08:54:02.277+0000][1][safepoint    ] Leaving safepoint region
[2019-12-11T08:54:02.277+0000][1][safepoint    ] Total time for which application threads were stopped: 0.0001252 seconds, Stopping threads took: 0.0000270 seconds
[2019-12-11T08:54:03.278+0000][1][safepoint    ] Application time: 1.0008151 seconds
[2019-12-11T08:54:03.278+0000][1][safepoint    ] Entering safepoint region: Cleanup
[2019-12-11T08:54:03.278+0000][1][safepoint    ] Leaving safepoint region
[2019-12-11T08:54:03.278+0000][1][safepoint    ] Total time for which application threads were stopped: 0.0001375 seconds, Stopping threads took: 0.0000296 seconds
[2019-12-11T08:54:04.283+0000][1][safepoint    ] Application time: 1.0048072 seconds
[2019-12-11T08:54:04.283+0000][1][safepoint    ] Entering safepoint region: Cleanup
[2019-12-11T08:54:04.283+0000][1][safepoint    ] Leaving safepoint region
[2019-12-11T08:54:04.283+0000][1][safepoint    ] Total time for which application threads were stopped: 0.0001371 seconds, Stopping threads took: 0.0000301 seconds
[2019-12-11T08:54:05.284+0000][1][safepoint    ] Application time: 1.0009057 seconds
[2019-12-11T08:54:05.284+0000][1][safepoint    ] Entering safepoint region: Cleanup
[2019-12-11T08:54:05.284+0000][1][safepoint    ] Leaving safepoint region
[2019-12-11T08:54:05.284+0000][1][safepoint    ] Total time for which application threads were stopped: 0.0001352 seconds, Stopping threads took: 0.0000295 seconds
[2019-12-11T08:54:06.287+0000][1][safepoint    ] Application time: 1.0026990 seconds
[2019-12-11T08:54:06.287+0000][1][safepoint    ] Entering safepoint region: Cleanup
[2019-12-11T08:54:06.287+0000][1][safepoint    ] Leaving safepoint region
[2019-12-11T08:54:06.287+0000][1][safepoint    ] Total time for which application threads were stopped: 0.0001395 seconds, Stopping threads took: 0.0000305 seconds
[2019-12-11T08:54:07.289+0000][1][safepoint    ] Application time: 1.0017920 seconds
[2019-12-11T08:54:07.289+0000][1][safepoint    ] Entering safepoint region: Cleanup
[2019-12-11T08:54:07.289+0000][1][safepoint    ] Leaving safepoint region
[2019-12-11T08:54:07.289+0000][1][safepoint    ] Total time for which application threads were stopped: 0.0001331 seconds, Stopping threads took: 0.0000282 seconds
[2019-12-11T08:54:08.292+0000][1][safepoint    ] Application time: 1.0030559 seconds
[2019-12-11T08:54:08.292+0000][1][safepoint    ] Entering safepoint region: Cleanup
[2019-12-11T08:54:08.292+0000][1][safepoint    ] Leaving safepoint region
[2019-12-11T08:54:08.292+0000][1][safepoint    ] Total time for which application threads were stopped: 0.0001367 seconds, Stopping threads took: 0.0000280 seconds
[2019-12-11T08:54:09.294+0000][1][safepoint    ] Application time: 1.0015493 seconds
[2019-12-11T08:54:09.294+0000][1][safepoint    ] Entering safepoint region: Cleanup
[2019-12-11T08:54:09.294+0000][1][safepoint    ] Leaving safepoint region
[2019-12-11T08:54:09.294+0000][1][safepoint    ] Total time for which application threads were stopped: 0.0001287 seconds, Stopping threads took: 0.0000289 seconds
[2019-12-11T08:54:10.294+0000][1][safepoint    ] Application time: 1.0000901 seconds
[2019-12-11T08:54:10.294+0000][1][safepoint    ] Entering safepoint region: Cleanup
[2019-12-11T08:54:10.294+0000][1][safepoint    ] Leaving safepoint region
[2019-12-11T08:54:10.294+0000][1][safepoint    ] Total time for which application threads were stopped: 0.0001340 seconds, Stopping threads took: 0.0000312 seconds
[2019-12-11T08:54:11.296+0000][1][safepoint    ] Application time: 1.0015316 seconds
[2019-12-11T08:54:11.296+0000][1][safepoint    ] Entering safepoint region: Cleanup
[2019-12-11T08:54:11.296+0000][1][safepoint    ] Leaving safepoint region
[2019-12-11T08:54:11.296+0000][1][safepoint    ] Total time for which application threads were stopped: 0.0001325 seconds, Stopping threads took: 0.0000271 seconds
[2019-12-11T08:54:12.298+0000][1][safepoint    ] Application time: 1.0018142 seconds
[2019-12-11T08:54:12.298+0000][1][safepoint    ] Entering safepoint region: Cleanup
[2019-12-11T08:54:12.298+0000][1][safepoint    ] Leaving safepoint region
[2019-12-11T08:54:12.298+0000][1][safepoint    ] Total time for which application threads were stopped: 0.0001365 seconds, Stopping threads took: 0.0000280 seconds
[2019-12-11T08:54:13.302+0000][1][safepoint    ] Application time: 1.0037952 seconds
[2019-12-11T08:54:13.302+0000][1][safepoint    ] Entering safepoint region: Cleanup
[2019-12-11T08:54:13.302+0000][1][safepoint    ] Leaving safepoint region
[2019-12-11T08:54:13.302+0000][1][safepoint    ] Total time for which application threads were stopped: 0.0001416 seconds, Stopping threads took: 0.0000293 seconds
[2019-12-11T08:54:14.303+0000][1][safepoint    ] Application time: 1.0007942 seconds
[2019-12-11T08:54:14.303+0000][1][safepoint    ] Entering safepoint region: Cleanup
[2019-12-11T08:54:14.303+0000][1][safepoint    ] Leaving safepoint region
[2019-12-11T08:54:14.303+0000][1][safepoint    ] Total time for which application threads were stopped: 0.0001423 seconds, Stopping threads took: 0.0000373 seconds
[2019-12-11T08:54:15.303+0000][1][safepoint    ] Application time: 1.0003292 seconds
[2019-12-11T08:54:15.303+0000][1][safepoint    ] Entering safepoint region: Cleanup
[2019-12-11T08:54:15.303+0000][1][safepoint    ] Leaving safepoint region
[2019-12-11T08:54:15.303+0000][1][safepoint    ] Total time for which application threads were stopped: 0.0001330 seconds, Stopping threads took: 0.0000292 seconds
[2019-12-11T08:54:16.304+0000][1][safepoint    ] Application time: 1.0000921 seconds
[2019-12-11T08:54:16.304+0000][1][safepoint    ] Entering safepoint region: Cleanup
[2019-12-11T08:54:16.304+0000][1][safepoint    ] Leaving safepoint region
[2019-12-11T08:54:16.304+0000][1][safepoint    ] Total time for which application threads were stopped: 0.0001779 seconds, Stopping threads took: 0.0000421 seconds
[2019-12-11T08:54:17.305+0000][1][safepoint    ] Application time: 1.0009483 seconds
[2019-12-11T08:54:17.305+0000][1][safepoint    ] Entering safepoint region: Cleanup
[2019-12-11T08:54:17.305+0000][1][safepoint    ] Leaving safepoint region
[2019-12-11T08:54:17.305+0000][1][safepoint    ] Total time for which application threads were stopped: 0.0001323 seconds, Stopping threads took: 0.0000277 seconds
[2019-12-11T08:54:18.306+0000][1][safepoint    ] Application time: 1.0008157 seconds
[2019-12-11T08:54:18.306+0000][1][safepoint    ] Entering safepoint region: Cleanup
[2019-12-11T08:54:18.306+0000][1][safepoint    ] Leaving safepoint region
[2019-12-11T08:54:18.306+0000][1][safepoint    ] Total time for which application threads were stopped: 0.0001401 seconds, Stopping threads took: 0.0000314 seconds
[2019-12-11T08:54:19.310+0000][1][safepoint    ] Application time: 1.0037970 seconds
[2019-12-11T08:54:19.310+0000][1][safepoint    ] Entering safepoint region: Cleanup
[2019-12-11T08:54:19.310+0000][1][safepoint    ] Leaving safepoint region
[2019-12-11T08:54:19.310+0000][1][safepoint    ] Total time for which application threads were stopped: 0.0001249 seconds, Stopping threads took: 0.0000275 seconds
[2019-12-11T08:54:20.311+0000][1][safepoint    ] Application time: 1.0008460 seconds
[2019-12-11T08:54:20.311+0000][1][safepoint    ] Entering safepoint region: Cleanup
[2019-12-11T08:54:20.311+0000][1][safepoint    ] Leaving safepoint region
[2019-12-11T08:54:20.311+0000][1][safepoint    ] Total time for which application threads were stopped: 0.0001366 seconds, Stopping threads took: 0.0000318 seconds
[2019-12-11T08:54:21.312+0000][1][safepoint    ] Application time: 1.0007786 seconds
[2019-12-11T08:54:21.312+0000][1][safepoint    ] Entering safepoint region: Cleanup
[2019-12-11T08:54:21.312+0000][1][safepoint    ] Leaving safepoint region
[2019-12-11T08:54:21.312+0000][1][safepoint    ] Total time for which application threads were stopped: 0.0001282 seconds, Stopping threads took: 0.0000276 seconds
[2019-12-11T08:54:22.315+0000][1][safepoint    ] Application time: 1.0028192 seconds
[2019-12-11T08:54:22.315+0000][1][safepoint    ] Entering safepoint region: Cleanup
[2019-12-11T08:54:22.315+0000][1][safepoint    ] Leaving safepoint region
[2019-12-11T08:54:22.315+0000][1][safepoint    ] Total time for which application threads were stopped: 0.0001490 seconds, Stopping threads took: 0.0000300 seconds
[2019-12-11T08:54:23.319+0000][1][safepoint    ] Application time: 1.0037884 seconds
[2019-12-11T08:54:23.319+0000][1][safepoint    ] Entering safepoint region: Cleanup
[2019-12-11T08:54:23.319+0000][1][safepoint    ] Leaving safepoint region
[2019-12-11T08:54:23.319+0000][1][safepoint    ] Total time for which application threads were stopped: 0.0001370 seconds, Stopping threads took: 0.0000321 seconds
[2019-12-11T08:54:24.322+0000][1][safepoint    ] Application time: 1.0028128 seconds
[2019-12-11T08:54:24.322+0000][1][safepoint    ] Entering safepoint region: Cleanup
[2019-12-11T08:54:24.322+0000][1][safepoint    ] Leaving safepoint region
[2019-12-11T08:54:24.322+0000][1][safepoint    ] Total time for which application threads were stopped: 0.0001382 seconds, Stopping threads took: 0.0000297 seconds
[2019-12-11T08:54:25.323+0000][1][safepoint    ] Application time: 1.0007992 seconds
[2019-12-11T08:54:25.323+0000][1][safepoint    ] Entering safepoint region: Cleanup
[2019-12-11T08:54:25.323+0000][1][safepoint    ] Leaving safepoint region
[2019-12-11T08:54:25.323+0000][1][safepoint    ] Total time for which application threads were stopped: 0.0001350 seconds, Stopping threads took: 0.0000307 seconds
[2019-12-11T08:54:26.324+0000][1][safepoint    ] Application time: 1.0008059 seconds
[2019-12-11T08:54:26.324+0000][1][safepoint    ] Entering safepoint region: Cleanup
[2019-12-11T08:54:26.324+0000][1][safepoint    ] Leaving safepoint region
[2019-12-11T08:54:26.324+0000][1][safepoint    ] Total time for which application threads were stopped: 0.0001340 seconds, Stopping threads took: 0.0000313 seconds
[2019-12-11T08:54:27.325+0000][1][safepoint    ] Application time: 1.0009142 seconds
[2019-12-11T08:54:27.325+0000][1][safepoint    ] Entering safepoint region: Cleanup
[2019-12-11T08:54:27.325+0000][1][safepoint    ] Leaving safepoint region
[2019-12-11T08:54:27.325+0000][1][safepoint    ] Total time for which application threads were stopped: 0.0001330 seconds, Stopping threads took: 0.0000284 seconds
[2019-12-11T08:54:28.328+0000][1][safepoint    ] Application time: 1.0026935 seconds
[2019-12-11T08:54:28.328+0000][1][safepoint    ] Entering safepoint region: Cleanup
[2019-12-11T08:54:28.328+0000][1][safepoint    ] Leaving safepoint region
[2019-12-11T08:54:28.328+0000][1][safepoint    ] Total time for which application threads were stopped: 0.0001661 seconds, Stopping threads took: 0.0000312 seconds
[2019-12-11T08:54:29.331+0000][1][safepoint    ] Application time: 1.0027902 seconds
[2019-12-11T08:54:29.331+0000][1][safepoint    ] Entering safepoint region: Cleanup
[2019-12-11T08:54:29.331+0000][1][safepoint    ] Leaving safepoint region
[2019-12-11T08:54:29.331+0000][1][safepoint    ] Total time for which application threads were stopped: 0.0001413 seconds, Stopping threads took: 0.0000313 seconds
[2019-12-11T08:54:30.335+0000][1][safepoint    ] Application time: 1.0038019 seconds
[2019-12-11T08:54:30.335+0000][1][safepoint    ] Entering safepoint region: Cleanup
[2019-12-11T08:54:30.335+0000][1][safepoint    ] Leaving safepoint region
[2019-12-11T08:54:30.335+0000][1][safepoint    ] Total time for which application threads were stopped: 0.0001340 seconds, Stopping threads took: 0.0000282 seconds
[2019-12-11T08:54:31.341+0000][1][safepoint    ] Application time: 1.0058288 seconds
[2019-12-11T08:54:31.341+0000][1][safepoint    ] Entering safepoint region: Cleanup
[2019-12-11T08:54:31.341+0000][1][safepoint    ] Leaving safepoint region
[2019-12-11T08:54:31.341+0000][1][safepoint    ] Total time for which application threads were stopped: 0.0000972 seconds, Stopping threads took: 0.0000220 seconds
[2019-12-11T08:54:32.346+0000][1][safepoint    ] Application time: 1.0048236 seconds
[2019-12-11T08:54:32.346+0000][1][safepoint    ] Entering safepoint region: Cleanup
[2019-12-11T08:54:32.346+0000][1][safepoint    ] Leaving safepoint region
[2019-12-11T08:54:32.346+0000][1][safepoint    ] Total time for which application threads were stopped: 0.0001212 seconds, Stopping threads took: 0.0000263 seconds
[2019-12-11T08:54:33.186+0000][1][safepoint    ] Application time: 0.8399805 seconds
[2019-12-11T08:54:33.186+0000][1][safepoint    ] Entering safepoint region: GenCollectForAllocation
[2019-12-11T08:54:33.186+0000][1][gc,start     ] GC(60) Pause Young (Allocation Failure)
[2019-12-11T08:54:33.186+0000][1][gc,task      ] GC(60) Using 2 workers of 2 for evacuation
[2019-12-11T08:54:33.190+0000][1][gc,age       ] GC(60) Desired survivor size 4456448 bytes, new threshold 6 (max threshold 6)
[2019-12-11T08:54:33.190+0000][1][gc,age       ] GC(60) Age table with threshold 6 (max threshold 6)
[2019-12-11T08:54:33.190+0000][1][gc,age       ] GC(60) - age   1:     684344 bytes,     684344 total
[2019-12-11T08:54:33.190+0000][1][gc,age       ] GC(60) - age   2:       1040 bytes,     685384 total
[2019-12-11T08:54:33.190+0000][1][gc,age       ] GC(60) - age   3:       7248 bytes,     692632 total
[2019-12-11T08:54:33.190+0000][1][gc,age       ] GC(60) - age   4:       1784 bytes,     694416 total
[2019-12-11T08:54:33.190+0000][1][gc,age       ] GC(60) - age   5:       1264 bytes,     695680 total
[2019-12-11T08:54:33.190+0000][1][gc,age       ] GC(60) - age   6:        448 bytes,     696128 total
[2019-12-11T08:54:33.190+0000][1][gc,heap      ] GC(60) ParNew: 70705K->688K(78656K)
[2019-12-11T08:54:33.190+0000][1][gc,heap      ] GC(60) CMS: 71371K->71373K(174784K)
[2019-12-11T08:54:33.190+0000][1][gc,metaspace ] GC(60) Metaspace: 76013K->76013K(1118208K)
[2019-12-11T08:54:33.190+0000][1][gc           ] GC(60) Pause Young (Allocation Failure) 138M->70M(247M) 4.165ms
[2019-12-11T08:54:33.190+0000][1][gc,cpu       ] GC(60) User=0.01s Sys=0.00s Real=0.00s
[2019-12-11T08:54:33.190+0000][1][safepoint    ] Leaving safepoint region
[2019-12-11T08:54:33.190+0000][1][safepoint    ] Total time for which application threads were stopped: 0.0043914 seconds, Stopping threads took: 0.0000253 seconds
[2019-12-11T08:54:34.196+0000][1][safepoint    ] Application time: 1.0058744 seconds
[2019-12-11T08:54:34.196+0000][1][safepoint    ] Entering safepoint region: Cleanup
[2019-12-11T08:54:34.196+0000][1][safepoint    ] Leaving safepoint region
[2019-12-11T08:54:34.196+0000][1][safepoint    ] Total time for which application threads were stopped: 0.0001234 seconds, Stopping threads took: 0.0000256 seconds
[2019-12-11T08:54:35.197+0000][1][safepoint    ] Application time: 1.0003288 seconds
[2019-12-11T08:54:35.197+0000][1][safepoint    ] Entering safepoint region: Cleanup
[2019-12-11T08:54:35.197+0000][1][safepoint    ] Leaving safepoint region
[2019-12-11T08:54:35.197+0000][1][safepoint    ] Total time for which application threads were stopped: 0.0001356 seconds, Stopping threads took: 0.0000379 seconds
[2019-12-11T08:54:36.199+0000][1][safepoint    ] Application time: 1.0018162 seconds
[2019-12-11T08:54:36.199+0000][1][safepoint    ] Entering safepoint region: Cleanup
[2019-12-11T08:54:36.199+0000][1][safepoint    ] Leaving safepoint region
[2019-12-11T08:54:36.199+0000][1][safepoint    ] Total time for which application threads were stopped: 0.0001477 seconds, Stopping threads took: 0.0000427 seconds
[2019-12-11T08:54:37.199+0000][1][safepoint    ] Application time: 1.0001163 seconds
[2019-12-11T08:54:37.199+0000][1][safepoint    ] Entering safepoint region: Cleanup
[2019-12-11T08:54:37.199+0000][1][safepoint    ] Leaving safepoint region
[2019-12-11T08:54:37.199+0000][1][safepoint    ] Total time for which application threads were stopped: 0.0001369 seconds, Stopping threads took: 0.0000290 seconds
[2019-12-11T08:54:38.202+0000][1][safepoint    ] Application time: 1.0025054 seconds
[2019-12-11T08:54:38.202+0000][1][safepoint    ] Entering safepoint region: Cleanup
[2019-12-11T08:54:38.202+0000][1][safepoint    ] Leaving safepoint region
[2019-12-11T08:54:38.202+0000][1][safepoint    ] Total time for which application threads were stopped: 0.0001286 seconds, Stopping threads took: 0.0000357 seconds
[2019-12-11T08:54:39.205+0000][1][safepoint    ] Application time: 1.0028369 seconds
[2019-12-11T08:54:39.205+0000][1][safepoint    ] Entering safepoint region: Cleanup
[2019-12-11T08:54:39.205+0000][1][safepoint    ] Leaving safepoint region
[2019-12-11T08:54:39.205+0000][1][safepoint    ] Total time for which application threads were stopped: 0.0001385 seconds, Stopping threads took: 0.0000349 seconds
[2019-12-11T08:54:40.207+0000][1][safepoint    ] Application time: 1.0017610 seconds
[2019-12-11T08:54:40.207+0000][1][safepoint    ] Entering safepoint region: Cleanup
[2019-12-11T08:54:40.207+0000][1][safepoint    ] Leaving safepoint region
[2019-12-11T08:54:40.207+0000][1][safepoint    ] Total time for which application threads were stopped: 0.0001309 seconds, Stopping threads took: 0.0000284 seconds
[2019-12-11T08:54:41.209+0000][1][safepoint    ] Application time: 1.0018234 seconds
[2019-12-11T08:54:41.209+0000][1][safepoint    ] Entering safepoint region: Cleanup
[2019-12-11T08:54:41.209+0000][1][safepoint    ] Leaving safepoint region
[2019-12-11T08:54:41.209+0000][1][safepoint    ] Total time for which application threads were stopped: 0.0001399 seconds, Stopping threads took: 0.0000260 seconds
[2019-12-11T08:54:42.210+0000][1][safepoint    ] Application time: 1.0008492 seconds
[2019-12-11T08:54:42.210+0000][1][safepoint    ] Entering safepoint region: Cleanup
[2019-12-11T08:54:42.210+0000][1][safepoint    ] Leaving safepoint region
[2019-12-11T08:54:42.210+0000][1][safepoint    ] Total time for which application threads were stopped: 0.0001284 seconds, Stopping threads took: 0.0000281 seconds
[2019-12-11T08:54:43.212+0000][1][safepoint    ] Application time: 1.0017949 seconds
[2019-12-11T08:54:43.212+0000][1][safepoint    ] Entering safepoint region: Cleanup
[2019-12-11T08:54:43.212+0000][1][safepoint    ] Leaving safepoint region
[2019-12-11T08:54:43.212+0000][1][safepoint    ] Total time for which application threads were stopped: 0.0001273 seconds, Stopping threads took: 0.0000268 seconds
[2019-12-11T08:54:44.213+0000][1][safepoint    ] Application time: 1.0007795 seconds
[2019-12-11T08:54:44.213+0000][1][safepoint    ] Entering safepoint region: Cleanup
[2019-12-11T08:54:44.213+0000][1][safepoint    ] Leaving safepoint region
[2019-12-11T08:54:44.213+0000][1][safepoint    ] Total time for which application threads were stopped: 0.0001340 seconds, Stopping threads took: 0.0000302 seconds
[2019-12-11T08:54:45.214+0000][1][safepoint    ] Application time: 1.0007955 seconds
[2019-12-11T08:54:45.214+0000][1][safepoint    ] Entering safepoint region: Cleanup
[2019-12-11T08:54:45.214+0000][1][safepoint    ] Leaving safepoint region
[2019-12-11T08:54:45.214+0000][1][safepoint    ] Total time for which application threads were stopped: 0.0001375 seconds, Stopping threads took: 0.0000286 seconds
[2019-12-11T08:54:46.214+0000][1][safepoint    ] Application time: 1.0000875 seconds
[2019-12-11T08:54:46.214+0000][1][safepoint    ] Entering safepoint region: Cleanup
[2019-12-11T08:54:46.214+0000][1][safepoint    ] Leaving safepoint region
[2019-12-11T08:54:46.214+0000][1][safepoint    ] Total time for which application threads were stopped: 0.0001291 seconds, Stopping threads took: 0.0000296 seconds
[2019-12-11T08:54:47.214+0000][1][safepoint    ] Application time: 1.0000868 seconds
[2019-12-11T08:54:47.214+0000][1][safepoint    ] Entering safepoint region: Cleanup
[2019-12-11T08:54:47.214+0000][1][safepoint    ] Leaving safepoint region
[2019-12-11T08:54:47.214+0000][1][safepoint    ] Total time for which application threads were stopped: 0.0001431 seconds, Stopping threads took: 0.0000411 seconds
[2019-12-11T08:54:48.215+0000][1][safepoint    ] Application time: 1.0000937 seconds
[2019-12-11T08:54:48.215+0000][1][safepoint    ] Entering safepoint region: Cleanup
[2019-12-11T08:54:48.215+0000][1][safepoint    ] Leaving safepoint region
[2019-12-11T08:54:48.215+0000][1][safepoint    ] Total time for which application threads were stopped: 0.0001479 seconds, Stopping threads took: 0.0000263 seconds
[2019-12-11T08:54:49.217+0000][1][safepoint    ] Application time: 1.0019510 seconds
[2019-12-11T08:54:49.217+0000][1][safepoint    ] Entering safepoint region: Cleanup
[2019-12-11T08:54:49.217+0000][1][safepoint    ] Leaving safepoint region
[2019-12-11T08:54:49.217+0000][1][safepoint    ] Total time for which application threads were stopped: 0.0001495 seconds, Stopping threads took: 0.0000271 seconds
[2019-12-11T08:54:50.218+0000][1][safepoint    ] Application time: 1.0009184 seconds
[2019-12-11T08:54:50.218+0000][1][safepoint    ] Entering safepoint region: Cleanup
[2019-12-11T08:54:50.218+0000][1][safepoint    ] Leaving safepoint region
[2019-12-11T08:54:50.218+0000][1][safepoint    ] Total time for which application threads were stopped: 0.0001320 seconds, Stopping threads took: 0.0000282 seconds
[2019-12-11T08:54:51.219+0000][1][safepoint    ] Application time: 1.0006866 seconds
[2019-12-11T08:54:51.219+0000][1][safepoint    ] Entering safepoint region: Cleanup
[2019-12-11T08:54:51.219+0000][1][safepoint    ] Leaving safepoint region
[2019-12-11T08:54:51.219+0000][1][safepoint    ] Total time for which application threads were stopped: 0.0001347 seconds, Stopping threads took: 0.0000316 seconds
[2019-12-11T08:54:52.220+0000][1][safepoint    ] Application time: 1.0009805 seconds
[2019-12-11T08:54:52.220+0000][1][safepoint    ] Entering safepoint region: Cleanup
[2019-12-11T08:54:52.220+0000][1][safepoint    ] Leaving safepoint region
[2019-12-11T08:54:52.220+0000][1][safepoint    ] Total time for which application threads were stopped: 0.0001300 seconds, Stopping threads took: 0.0000283 seconds
[2019-12-11T08:54:53.225+0000][1][safepoint    ] Application time: 1.0048855 seconds
[2019-12-11T08:54:53.225+0000][1][safepoint    ] Entering safepoint region: Cleanup
[2019-12-11T08:54:53.225+0000][1][safepoint    ] Leaving safepoint region
[2019-12-11T08:54:53.225+0000][1][safepoint    ] Total time for which application threads were stopped: 0.0001216 seconds, Stopping threads took: 0.0000247 seconds
[2019-12-11T08:54:54.227+0000][1][safepoint    ] Application time: 1.0015643 seconds
[2019-12-11T08:54:54.227+0000][1][safepoint    ] Entering safepoint region: Cleanup
[2019-12-11T08:54:54.227+0000][1][safepoint    ] Leaving safepoint region
[2019-12-11T08:54:54.227+0000][1][safepoint    ] Total time for which application threads were stopped: 0.0001329 seconds, Stopping threads took: 0.0000295 seconds
[2019-12-11T08:54:55.228+0000][1][safepoint    ] Application time: 1.0007927 seconds
[2019-12-11T08:54:55.228+0000][1][safepoint    ] Entering safepoint region: Cleanup
[2019-12-11T08:54:55.228+0000][1][safepoint    ] Leaving safepoint region
[2019-12-11T08:54:55.228+0000][1][safepoint    ] Total time for which application threads were stopped: 0.0001309 seconds, Stopping threads took: 0.0000286 seconds
[2019-12-11T08:54:56.229+0000][1][safepoint    ] Application time: 1.0008372 seconds
[2019-12-11T08:54:56.229+0000][1][safepoint    ] Entering safepoint region: Cleanup
[2019-12-11T08:54:56.229+0000][1][safepoint    ] Leaving safepoint region
[2019-12-11T08:54:56.229+0000][1][safepoint    ] Total time for which application threads were stopped: 0.0001463 seconds, Stopping threads took: 0.0000385 seconds
[2019-12-11T08:54:57.230+0000][1][safepoint    ] Application time: 1.0007687 seconds
[2019-12-11T08:54:57.230+0000][1][safepoint    ] Entering safepoint region: Cleanup
[2019-12-11T08:54:57.230+0000][1][safepoint    ] Leaving safepoint region
[2019-12-11T08:54:57.230+0000][1][safepoint    ] Total time for which application threads were stopped: 0.0001238 seconds, Stopping threads took: 0.0000298 seconds
[2019-12-11T08:54:58.234+0000][1][safepoint    ] Application time: 1.0038243 seconds
[2019-12-11T08:54:58.234+0000][1][safepoint    ] Entering safepoint region: Cleanup
[2019-12-11T08:54:58.234+0000][1][safepoint    ] Leaving safepoint region
[2019-12-11T08:54:58.234+0000][1][safepoint    ] Total time for which application threads were stopped: 0.0001269 seconds, Stopping threads took: 0.0000283 seconds
[2019-12-11T08:54:59.237+0000][1][safepoint    ] Application time: 1.0028117 seconds
[2019-12-11T08:54:59.237+0000][1][safepoint    ] Entering safepoint region: Cleanup
[2019-12-11T08:54:59.237+0000][1][safepoint    ] Leaving safepoint region
[2019-12-11T08:54:59.237+0000][1][safepoint    ] Total time for which application threads were stopped: 0.0001393 seconds, Stopping threads took: 0.0000301 seconds
[2019-12-11T08:55:00.237+0000][1][safepoint    ] Application time: 1.0004720 seconds
[2019-12-11T08:55:00.237+0000][1][safepoint    ] Entering safepoint region: Cleanup
[2019-12-11T08:55:00.238+0000][1][safepoint    ] Leaving safepoint region
[2019-12-11T08:55:00.238+0000][1][safepoint    ] Total time for which application threads were stopped: 0.0001304 seconds, Stopping threads took: 0.0000302 seconds
[2019-12-11T08:55:01.239+0000][1][safepoint    ] Application time: 1.0012718 seconds
[2019-12-11T08:55:01.239+0000][1][safepoint    ] Entering safepoint region: Cleanup
[2019-12-11T08:55:01.239+0000][1][safepoint    ] Leaving safepoint region
[2019-12-11T08:55:01.239+0000][1][safepoint    ] Total time for which application threads were stopped: 0.0001312 seconds, Stopping threads took: 0.0000298 seconds
[2019-12-11T08:55:02.244+0000][1][safepoint    ] Application time: 1.0047297 seconds
[2019-12-11T08:55:02.244+0000][1][safepoint    ] Entering safepoint region: Cleanup
[2019-12-11T08:55:02.244+0000][1][safepoint    ] Leaving safepoint region
[2019-12-11T08:55:02.244+0000][1][safepoint    ] Total time for which application threads were stopped: 0.0001338 seconds, Stopping threads took: 0.0000312 seconds
[2019-12-11T08:55:03.248+0000][1][safepoint    ] Application time: 1.0037948 seconds
[2019-12-11T08:55:03.248+0000][1][safepoint    ] Entering safepoint region: Cleanup
[2019-12-11T08:55:03.248+0000][1][safepoint    ] Leaving safepoint region
[2019-12-11T08:55:03.248+0000][1][safepoint    ] Total time for which application threads were stopped: 0.0001200 seconds, Stopping threads took: 0.0000261 seconds
[2019-12-11T08:55:04.249+0000][1][safepoint    ] Application time: 1.0008250 seconds
[2019-12-11T08:55:04.249+0000][1][safepoint    ] Entering safepoint region: Cleanup
[2019-12-11T08:55:04.249+0000][1][safepoint    ] Leaving safepoint region
[2019-12-11T08:55:04.249+0000][1][safepoint    ] Total time for which application threads were stopped: 0.0001367 seconds, Stopping threads took: 0.0000304 seconds
[2019-12-11T08:55:05.250+0000][1][safepoint    ] Application time: 1.0008217 seconds
[2019-12-11T08:55:05.250+0000][1][safepoint    ] Entering safepoint region: Cleanup
[2019-12-11T08:55:05.250+0000][1][safepoint    ] Leaving safepoint region
[2019-12-11T08:55:05.250+0000][1][safepoint    ] Total time for which application threads were stopped: 0.0001290 seconds, Stopping threads took: 0.0000288 seconds
[2019-12-11T08:55:06.252+0000][1][safepoint    ] Application time: 1.0018225 seconds
[2019-12-11T08:55:06.252+0000][1][safepoint    ] Entering safepoint region: Cleanup
[2019-12-11T08:55:06.252+0000][1][safepoint    ] Leaving safepoint region
[2019-12-11T08:55:06.252+0000][1][safepoint    ] Total time for which application threads were stopped: 0.0001336 seconds, Stopping threads took: 0.0000306 seconds
[2019-12-11T08:55:07.253+0000][1][safepoint    ] Application time: 1.0007776 seconds
[2019-12-11T08:55:07.253+0000][1][safepoint    ] Entering safepoint region: Cleanup
[2019-12-11T08:55:07.253+0000][1][safepoint    ] Leaving safepoint region
[2019-12-11T08:55:07.253+0000][1][safepoint    ] Total time for which application threads were stopped: 0.0001295 seconds, Stopping threads took: 0.0000289 seconds
[2019-12-11T08:55:08.724+0000][1][safepoint    ] Application time: 1.4707898 seconds
[2019-12-11T08:55:08.724+0000][1][safepoint    ] Entering safepoint region: Cleanup
[2019-12-11T08:55:08.724+0000][1][safepoint    ] Leaving safepoint region
[2019-12-11T08:55:08.724+0000][1][safepoint    ] Total time for which application threads were stopped: 0.0001628 seconds, Stopping threads took: 0.0000263 seconds
[2019-12-11T08:55:09.727+0000][1][safepoint    ] Application time: 1.0028088 seconds
[2019-12-11T08:55:09.727+0000][1][safepoint    ] Entering safepoint region: Cleanup
[2019-12-11T08:55:09.727+0000][1][safepoint    ] Leaving safepoint region
[2019-12-11T08:55:09.727+0000][1][safepoint    ] Total time for which application threads were stopped: 0.0001374 seconds, Stopping threads took: 0.0000280 seconds
[2019-12-11T08:55:10.728+0000][1][safepoint    ] Application time: 1.0007981 seconds
[2019-12-11T08:55:10.728+0000][1][safepoint    ] Entering safepoint region: Cleanup
[2019-12-11T08:55:10.728+0000][1][safepoint    ] Leaving safepoint region
[2019-12-11T08:55:10.728+0000][1][safepoint    ] Total time for which application threads were stopped: 0.0001258 seconds, Stopping threads took: 0.0000264 seconds
[2019-12-11T08:55:11.731+0000][1][safepoint    ] Application time: 1.0028072 seconds
[2019-12-11T08:55:11.731+0000][1][safepoint    ] Entering safepoint region: Cleanup
[2019-12-11T08:55:11.731+0000][1][safepoint    ] Leaving safepoint region
[2019-12-11T08:55:11.731+0000][1][safepoint    ] Total time for which application threads were stopped: 0.0001199 seconds, Stopping threads took: 0.0000274 seconds
[2019-12-11T08:55:12.732+0000][1][safepoint    ] Application time: 1.0008755 seconds
[2019-12-11T08:55:12.732+0000][1][safepoint    ] Entering safepoint region: Cleanup
[2019-12-11T08:55:12.732+0000][1][safepoint    ] Leaving safepoint region
[2019-12-11T08:55:12.732+0000][1][safepoint    ] Total time for which application threads were stopped: 0.0001196 seconds, Stopping threads took: 0.0000271 seconds
[2019-12-11T08:55:13.430+0000][1][safepoint    ] Application time: 0.6980176 seconds
[2019-12-11T08:55:13.430+0000][1][safepoint    ] Entering safepoint region: GenCollectForAllocation
[2019-12-11T08:55:13.430+0000][1][gc,start     ] GC(61) Pause Young (Allocation Failure)
[2019-12-11T08:55:13.430+0000][1][gc,task      ] GC(61) Using 2 workers of 2 for evacuation
[2019-12-11T08:55:13.440+0000][1][gc,age       ] GC(61) Desired survivor size 4456448 bytes, new threshold 6 (max threshold 6)
[2019-12-11T08:55:13.440+0000][1][gc,age       ] GC(61) Age table with threshold 6 (max threshold 6)
[2019-12-11T08:55:13.440+0000][1][gc,age       ] GC(61) - age   1:     684224 bytes,     684224 total
[2019-12-11T08:55:13.440+0000][1][gc,age       ] GC(61) - age   2:        288 bytes,     684512 total
[2019-12-11T08:55:13.440+0000][1][gc,age       ] GC(61) - age   3:       1040 bytes,     685552 total
[2019-12-11T08:55:13.440+0000][1][gc,age       ] GC(61) - age   4:       7248 bytes,     692800 total
[2019-12-11T08:55:13.440+0000][1][gc,age       ] GC(61) - age   5:       1784 bytes,     694584 total
[2019-12-11T08:55:13.440+0000][1][gc,age       ] GC(61) - age   6:       1264 bytes,     695848 total
[2019-12-11T08:55:13.440+0000][1][gc,heap      ] GC(61) ParNew: 70635K->725K(78656K)
[2019-12-11T08:55:13.440+0000][1][gc,heap      ] GC(61) CMS: 71373K->71373K(174784K)
[2019-12-11T08:55:13.440+0000][1][gc,metaspace ] GC(61) Metaspace: 76018K->76018K(1118208K)
[2019-12-11T08:55:13.440+0000][1][gc           ] GC(61) Pause Young (Allocation Failure) 138M->70M(247M) 10.019ms
[2019-12-11T08:55:13.440+0000][1][gc,cpu       ] GC(61) User=0.00s Sys=0.00s Real=0.01s
[2019-12-11T08:55:13.440+0000][1][safepoint    ] Leaving safepoint region
[2019-12-11T08:55:13.440+0000][1][safepoint    ] Total time for which application threads were stopped: 0.0102557 seconds, Stopping threads took: 0.0000291 seconds
[2019-12-11T08:55:14.442+0000][1][safepoint    ] Application time: 1.0015205 seconds
[2019-12-11T08:55:14.442+0000][1][safepoint    ] Entering safepoint region: Cleanup
[2019-12-11T08:55:14.442+0000][1][safepoint    ] Leaving safepoint region
[2019-12-11T08:55:14.442+0000][1][safepoint    ] Total time for which application threads were stopped: 0.0001261 seconds, Stopping threads took: 0.0000283 seconds
[2019-12-11T08:55:15.444+0000][1][safepoint    ] Application time: 1.0017568 seconds
[2019-12-11T08:55:15.444+0000][1][safepoint    ] Entering safepoint region: Cleanup
[2019-12-11T08:55:15.444+0000][1][safepoint    ] Leaving safepoint region
[2019-12-11T08:55:15.444+0000][1][safepoint    ] Total time for which application threads were stopped: 0.0001226 seconds, Stopping threads took: 0.0000266 seconds
[2019-12-11T08:55:16.447+0000][1][safepoint    ] Application time: 1.0027950 seconds
[2019-12-11T08:55:16.447+0000][1][safepoint    ] Entering safepoint region: Cleanup
[2019-12-11T08:55:16.447+0000][1][safepoint    ] Leaving safepoint region
[2019-12-11T08:55:16.447+0000][1][safepoint    ] Total time for which application threads were stopped: 0.0001369 seconds, Stopping threads took: 0.0000313 seconds
[2019-12-11T08:55:17.448+0000][1][safepoint    ] Application time: 1.0008672 seconds
[2019-12-11T08:55:17.448+0000][1][safepoint    ] Entering safepoint region: Cleanup
[2019-12-11T08:55:17.448+0000][1][safepoint    ] Leaving safepoint region
[2019-12-11T08:55:17.448+0000][1][safepoint    ] Total time for which application threads were stopped: 0.0001400 seconds, Stopping threads took: 0.0000460 seconds
[2019-12-11T08:55:18.449+0000][1][safepoint    ] Application time: 1.0007536 seconds
[2019-12-11T08:55:18.449+0000][1][safepoint    ] Entering safepoint region: Cleanup
[2019-12-11T08:55:18.449+0000][1][safepoint    ] Leaving safepoint region
[2019-12-11T08:55:18.449+0000][1][safepoint    ] Total time for which application threads were stopped: 0.0001339 seconds, Stopping threads took: 0.0000306 seconds
[2019-12-11T08:55:19.449+0000][1][safepoint    ] Application time: 1.0005211 seconds
[2019-12-11T08:55:19.450+0000][1][safepoint    ] Entering safepoint region: Cleanup
[2019-12-11T08:55:19.450+0000][1][safepoint    ] Leaving safepoint region
[2019-12-11T08:55:19.450+0000][1][safepoint    ] Total time for which application threads were stopped: 0.0001140 seconds, Stopping threads took: 0.0000341 seconds
[2019-12-11T08:55:20.450+0000][1][safepoint    ] Application time: 1.0001019 seconds
[2019-12-11T08:55:20.450+0000][1][safepoint    ] Entering safepoint region: Cleanup
[2019-12-11T08:55:20.450+0000][1][safepoint    ] Leaving safepoint region
[2019-12-11T08:55:20.450+0000][1][safepoint    ] Total time for which application threads were stopped: 0.0001351 seconds, Stopping threads took: 0.0000296 seconds
[2019-12-11T08:55:21.450+0000][1][safepoint    ] Application time: 1.0000848 seconds
[2019-12-11T08:55:21.450+0000][1][safepoint    ] Entering safepoint region: Cleanup
[2019-12-11T08:55:21.450+0000][1][safepoint    ] Leaving safepoint region
[2019-12-11T08:55:21.450+0000][1][safepoint    ] Total time for which application threads were stopped: 0.0001036 seconds, Stopping threads took: 0.0000267 seconds
[2019-12-11T08:55:22.451+0000][1][safepoint    ] Application time: 1.0006327 seconds
[2019-12-11T08:55:22.451+0000][1][safepoint    ] Entering safepoint region: Cleanup
[2019-12-11T08:55:22.451+0000][1][safepoint    ] Leaving safepoint region
[2019-12-11T08:55:22.451+0000][1][safepoint    ] Total time for which application threads were stopped: 0.0001618 seconds, Stopping threads took: 0.0000264 seconds
[2019-12-11T08:55:23.453+0000][1][safepoint    ] Application time: 1.0017435 seconds
[2019-12-11T08:55:23.453+0000][1][safepoint    ] Entering safepoint region: Cleanup
[2019-12-11T08:55:23.453+0000][1][safepoint    ] Leaving safepoint region
[2019-12-11T08:55:23.453+0000][1][safepoint    ] Total time for which application threads were stopped: 0.0001241 seconds, Stopping threads took: 0.0000275 seconds
[2019-12-11T08:55:24.455+0000][1][safepoint    ] Application time: 1.0018060 seconds
[2019-12-11T08:55:24.455+0000][1][safepoint    ] Entering safepoint region: Cleanup
[2019-12-11T08:55:24.455+0000][1][safepoint    ] Leaving safepoint region
[2019-12-11T08:55:24.455+0000][1][safepoint    ] Total time for which application threads were stopped: 0.0001335 seconds, Stopping threads took: 0.0000281 seconds
[2019-12-11T08:55:25.459+0000][1][safepoint    ] Application time: 1.0037996 seconds
[2019-12-11T08:55:25.459+0000][1][safepoint    ] Entering safepoint region: Cleanup
[2019-12-11T08:55:25.459+0000][1][safepoint    ] Leaving safepoint region
[2019-12-11T08:55:25.459+0000][1][safepoint    ] Total time for which application threads were stopped: 0.0001383 seconds, Stopping threads took: 0.0000374 seconds
[2019-12-11T08:55:26.460+0000][1][safepoint    ] Application time: 1.0008059 seconds
[2019-12-11T08:55:26.460+0000][1][safepoint    ] Entering safepoint region: Cleanup
[2019-12-11T08:55:26.460+0000][1][safepoint    ] Leaving safepoint region
[2019-12-11T08:55:26.460+0000][1][safepoint    ] Total time for which application threads were stopped: 0.0001403 seconds, Stopping threads took: 0.0000323 seconds
[2019-12-11T08:55:27.461+0000][1][safepoint    ] Application time: 1.0008178 seconds
[2019-12-11T08:55:27.461+0000][1][safepoint    ] Entering safepoint region: Cleanup
[2019-12-11T08:55:27.461+0000][1][safepoint    ] Leaving safepoint region
[2019-12-11T08:55:27.461+0000][1][safepoint    ] Total time for which application threads were stopped: 0.0001307 seconds, Stopping threads took: 0.0000288 seconds
[2019-12-11T08:55:28.465+0000][1][safepoint    ] Application time: 1.0038348 seconds
[2019-12-11T08:55:28.465+0000][1][safepoint    ] Entering safepoint region: Cleanup
[2019-12-11T08:55:28.465+0000][1][safepoint    ] Leaving safepoint region
[2019-12-11T08:55:28.465+0000][1][safepoint    ] Total time for which application threads were stopped: 0.0001424 seconds, Stopping threads took: 0.0000300 seconds
[2019-12-11T08:55:29.467+0000][1][safepoint    ] Application time: 1.0017518 seconds
[2019-12-11T08:55:29.467+0000][1][safepoint    ] Entering safepoint region: Cleanup
[2019-12-11T08:55:29.467+0000][1][safepoint    ] Leaving safepoint region
[2019-12-11T08:55:29.467+0000][1][safepoint    ] Total time for which application threads were stopped: 0.0001319 seconds, Stopping threads took: 0.0000302 seconds
[2019-12-11T08:55:30.476+0000][1][safepoint    ] Application time: 1.0088136 seconds
[2019-12-11T08:55:30.476+0000][1][safepoint    ] Entering safepoint region: Cleanup
[2019-12-11T08:55:30.476+0000][1][safepoint    ] Leaving safepoint region
[2019-12-11T08:55:30.476+0000][1][safepoint    ] Total time for which application threads were stopped: 0.0001180 seconds, Stopping threads took: 0.0000258 seconds
[2019-12-11T08:55:31.480+0000][1][safepoint    ] Application time: 1.0038136 seconds
[2019-12-11T08:55:31.480+0000][1][safepoint    ] Entering safepoint region: Cleanup
[2019-12-11T08:55:31.480+0000][1][safepoint    ] Leaving safepoint region
[2019-12-11T08:55:31.480+0000][1][safepoint    ] Total time for which application threads were stopped: 0.0001236 seconds, Stopping threads took: 0.0000276 seconds
[2019-12-11T08:55:32.481+0000][1][safepoint    ] Application time: 1.0008199 seconds
[2019-12-11T08:55:32.481+0000][1][safepoint    ] Entering safepoint region: Cleanup
[2019-12-11T08:55:32.481+0000][1][safepoint    ] Leaving safepoint region
[2019-12-11T08:55:32.481+0000][1][safepoint    ] Total time for which application threads were stopped: 0.0001305 seconds, Stopping threads took: 0.0000272 seconds
[2019-12-11T08:55:33.483+0000][1][safepoint    ] Application time: 1.0018381 seconds
[2019-12-11T08:55:33.483+0000][1][safepoint    ] Entering safepoint region: Cleanup
[2019-12-11T08:55:33.483+0000][1][safepoint    ] Leaving safepoint region
[2019-12-11T08:55:33.483+0000][1][safepoint    ] Total time for which application threads were stopped: 0.0001280 seconds, Stopping threads took: 0.0000277 seconds
[2019-12-11T08:55:34.485+0000][1][safepoint    ] Application time: 1.0017919 seconds
[2019-12-11T08:55:34.485+0000][1][safepoint    ] Entering safepoint region: Cleanup
[2019-12-11T08:55:34.485+0000][1][safepoint    ] Leaving safepoint region
[2019-12-11T08:55:34.485+0000][1][safepoint    ] Total time for which application threads were stopped: 0.0001412 seconds, Stopping threads took: 0.0000294 seconds
[2019-12-11T08:55:35.490+0000][1][safepoint    ] Application time: 1.0047972 seconds
[2019-12-11T08:55:35.490+0000][1][safepoint    ] Entering safepoint region: Cleanup
[2019-12-11T08:55:35.490+0000][1][safepoint    ] Leaving safepoint region
[2019-12-11T08:55:35.490+0000][1][safepoint    ] Total time for which application threads were stopped: 0.0001334 seconds, Stopping threads took: 0.0000295 seconds
[2019-12-11T08:55:36.493+0000][1][safepoint    ] Application time: 1.0028101 seconds
[2019-12-11T08:55:36.493+0000][1][safepoint    ] Entering safepoint region: Cleanup
[2019-12-11T08:55:36.493+0000][1][safepoint    ] Leaving safepoint region
[2019-12-11T08:55:36.493+0000][1][safepoint    ] Total time for which application threads were stopped: 0.0001340 seconds, Stopping threads took: 0.0000277 seconds
[2019-12-11T08:55:37.494+0000][1][safepoint    ] Application time: 1.0007965 seconds
[2019-12-11T08:55:37.494+0000][1][safepoint    ] Entering safepoint region: Cleanup
[2019-12-11T08:55:37.494+0000][1][safepoint    ] Leaving safepoint region
[2019-12-11T08:55:37.494+0000][1][safepoint    ] Total time for which application threads were stopped: 0.0001228 seconds, Stopping threads took: 0.0000275 seconds
[2019-12-11T08:55:38.499+0000][1][safepoint    ] Application time: 1.0048286 seconds
[2019-12-11T08:55:38.499+0000][1][safepoint    ] Entering safepoint region: Cleanup
[2019-12-11T08:55:38.499+0000][1][safepoint    ] Leaving safepoint region
[2019-12-11T08:55:38.499+0000][1][safepoint    ] Total time for which application threads were stopped: 0.0001304 seconds, Stopping threads took: 0.0000297 seconds
[2019-12-11T08:55:39.503+0000][1][safepoint    ] Application time: 1.0039532 seconds
[2019-12-11T08:55:39.503+0000][1][safepoint    ] Entering safepoint region: Cleanup
[2019-12-11T08:55:39.503+0000][1][safepoint    ] Leaving safepoint region
[2019-12-11T08:55:39.503+0000][1][safepoint    ] Total time for which application threads were stopped: 0.0001337 seconds, Stopping threads took: 0.0000287 seconds
[2019-12-11T08:55:40.508+0000][1][safepoint    ] Application time: 1.0046831 seconds
[2019-12-11T08:55:40.508+0000][1][safepoint    ] Entering safepoint region: Cleanup
[2019-12-11T08:55:40.508+0000][1][safepoint    ] Leaving safepoint region
[2019-12-11T08:55:40.508+0000][1][safepoint    ] Total time for which application threads were stopped: 0.0001292 seconds, Stopping threads took: 0.0000271 seconds
[2019-12-11T08:55:41.509+0000][1][safepoint    ] Application time: 1.0008548 seconds
[2019-12-11T08:55:41.509+0000][1][safepoint    ] Entering safepoint region: Cleanup
[2019-12-11T08:55:41.509+0000][1][safepoint    ] Leaving safepoint region
[2019-12-11T08:55:41.509+0000][1][safepoint    ] Total time for which application threads were stopped: 0.0001243 seconds, Stopping threads took: 0.0000273 seconds
[2019-12-11T08:55:42.511+0000][1][safepoint    ] Application time: 1.0017880 seconds
[2019-12-11T08:55:42.511+0000][1][safepoint    ] Entering safepoint region: Cleanup
[2019-12-11T08:55:42.511+0000][1][safepoint    ] Leaving safepoint region
[2019-12-11T08:55:42.511+0000][1][safepoint    ] Total time for which application threads were stopped: 0.0001254 seconds, Stopping threads took: 0.0000273 seconds
[2019-12-11T08:55:43.517+0000][1][safepoint    ] Application time: 1.0058592 seconds
[2019-12-11T08:55:43.517+0000][1][safepoint    ] Entering safepoint region: Cleanup
[2019-12-11T08:55:43.517+0000][1][safepoint    ] Leaving safepoint region
[2019-12-11T08:55:43.517+0000][1][safepoint    ] Total time for which application threads were stopped: 0.0001309 seconds, Stopping threads took: 0.0000288 seconds
[2019-12-11T08:55:44.519+0000][1][safepoint    ] Application time: 1.0019860 seconds
[2019-12-11T08:55:44.519+0000][1][safepoint    ] Entering safepoint region: Cleanup
[2019-12-11T08:55:44.519+0000][1][safepoint    ] Leaving safepoint region
[2019-12-11T08:55:44.519+0000][1][safepoint    ] Total time for which application threads were stopped: 0.0001327 seconds, Stopping threads took: 0.0000298 seconds
[2019-12-11T08:55:45.521+0000][1][safepoint    ] Application time: 1.0015458 seconds
[2019-12-11T08:55:45.521+0000][1][safepoint    ] Entering safepoint region: Cleanup
[2019-12-11T08:55:45.521+0000][1][safepoint    ] Leaving safepoint region
[2019-12-11T08:55:45.521+0000][1][safepoint    ] Total time for which application threads were stopped: 0.0001206 seconds, Stopping threads took: 0.0000272 seconds
[2019-12-11T08:55:46.524+0000][1][safepoint    ] Application time: 1.0028295 seconds
[2019-12-11T08:55:46.524+0000][1][safepoint    ] Entering safepoint region: Cleanup
[2019-12-11T08:55:46.524+0000][1][safepoint    ] Leaving safepoint region
[2019-12-11T08:55:46.524+0000][1][safepoint    ] Total time for which application threads were stopped: 0.0001292 seconds, Stopping threads took: 0.0000276 seconds
[2019-12-11T08:55:47.527+0000][1][safepoint    ] Application time: 1.0028036 seconds
[2019-12-11T08:55:47.527+0000][1][safepoint    ] Entering safepoint region: Cleanup
[2019-12-11T08:55:47.527+0000][1][safepoint    ] Leaving safepoint region
[2019-12-11T08:55:47.527+0000][1][safepoint    ] Total time for which application threads were stopped: 0.0001515 seconds, Stopping threads took: 0.0000331 seconds
[2019-12-11T08:55:48.531+0000][1][safepoint    ] Application time: 1.0037822 seconds
[2019-12-11T08:55:48.535+0000][1][safepoint    ] Entering safepoint region: Cleanup
[2019-12-11T08:55:48.535+0000][1][safepoint    ] Leaving safepoint region
[2019-12-11T08:55:48.535+0000][1][safepoint    ] Total time for which application threads were stopped: 0.0042048 seconds, Stopping threads took: 0.0040366 seconds
[2019-12-11T08:55:49.536+0000][1][safepoint    ] Application time: 1.0009216 seconds
[2019-12-11T08:55:49.536+0000][1][safepoint    ] Entering safepoint region: Cleanup
[2019-12-11T08:55:49.536+0000][1][safepoint    ] Leaving safepoint region
[2019-12-11T08:55:49.536+0000][1][safepoint    ] Total time for which application threads were stopped: 0.0001306 seconds, Stopping threads took: 0.0000286 seconds
[2019-12-11T08:55:50.537+0000][1][safepoint    ] Application time: 1.0006562 seconds
[2019-12-11T08:55:50.537+0000][1][safepoint    ] Entering safepoint region: Cleanup
[2019-12-11T08:55:50.537+0000][1][safepoint    ] Leaving safepoint region
[2019-12-11T08:55:50.537+0000][1][safepoint    ] Total time for which application threads were stopped: 0.0001260 seconds, Stopping threads took: 0.0000257 seconds
[2019-12-11T08:55:51.537+0000][1][safepoint    ] Application time: 1.0002094 seconds
[2019-12-11T08:55:51.537+0000][1][safepoint    ] Entering safepoint region: Cleanup
[2019-12-11T08:55:51.537+0000][1][safepoint    ] Leaving safepoint region
[2019-12-11T08:55:51.537+0000][1][safepoint    ] Total time for which application threads were stopped: 0.0001338 seconds, Stopping threads took: 0.0000356 seconds
[2019-12-11T08:55:52.542+0000][1][safepoint    ] Application time: 1.0043807 seconds
[2019-12-11T08:55:52.542+0000][1][safepoint    ] Entering safepoint region: Cleanup
[2019-12-11T08:55:52.542+0000][1][safepoint    ] Leaving safepoint region
[2019-12-11T08:55:52.542+0000][1][safepoint    ] Total time for which application threads were stopped: 0.0001179 seconds, Stopping threads took: 0.0000250 seconds
[2019-12-11T08:55:53.258+0000][1][safepoint    ] Application time: 0.7165227 seconds
[2019-12-11T08:55:53.258+0000][1][safepoint    ] Entering safepoint region: GenCollectForAllocation
[2019-12-11T08:55:53.259+0000][1][gc,start     ] GC(62) Pause Young (Allocation Failure)
[2019-12-11T08:55:53.259+0000][1][gc,task      ] GC(62) Using 2 workers of 2 for evacuation
[2019-12-11T08:55:53.262+0000][1][gc,age       ] GC(62) Desired survivor size 4456448 bytes, new threshold 6 (max threshold 6)
[2019-12-11T08:55:53.262+0000][1][gc,age       ] GC(62) Age table with threshold 6 (max threshold 6)
[2019-12-11T08:55:53.262+0000][1][gc,age       ] GC(62) - age   1:     685936 bytes,     685936 total
[2019-12-11T08:55:53.262+0000][1][gc,age       ] GC(62) - age   2:        144 bytes,     686080 total
[2019-12-11T08:55:53.262+0000][1][gc,age       ] GC(62) - age   4:       1040 bytes,     687120 total
[2019-12-11T08:55:53.262+0000][1][gc,age       ] GC(62) - age   5:       7248 bytes,     694368 total
[2019-12-11T08:55:53.262+0000][1][gc,age       ] GC(62) - age   6:       1784 bytes,     696152 total
[2019-12-11T08:55:53.262+0000][1][gc,heap      ] GC(62) ParNew: 70677K->691K(78656K)
[2019-12-11T08:55:53.262+0000][1][gc,heap      ] GC(62) CMS: 71373K->71374K(174784K)
[2019-12-11T08:55:53.262+0000][1][gc,metaspace ] GC(62) Metaspace: 76027K->76027K(1118208K)
[2019-12-11T08:55:53.262+0000][1][gc           ] GC(62) Pause Young (Allocation Failure) 138M->70M(247M) 3.249ms
[2019-12-11T08:55:53.262+0000][1][gc,cpu       ] GC(62) User=0.01s Sys=0.00s Real=0.00s
[2019-12-11T08:55:53.262+0000][1][safepoint    ] Leaving safepoint region
[2019-12-11T08:55:53.262+0000][1][safepoint    ] Total time for which application threads were stopped: 0.0034680 seconds, Stopping threads took: 0.0000251 seconds
[2019-12-11T08:55:54.265+0000][1][safepoint    ] Application time: 1.0028078 seconds
[2019-12-11T08:55:54.265+0000][1][safepoint    ] Entering safepoint region: Cleanup
[2019-12-11T08:55:54.265+0000][1][safepoint    ] Leaving safepoint region
[2019-12-11T08:55:54.265+0000][1][safepoint    ] Total time for which application threads were stopped: 0.0001261 seconds, Stopping threads took: 0.0000269 seconds
[2019-12-11T08:55:55.266+0000][1][safepoint    ] Application time: 1.0008731 seconds
[2019-12-11T08:55:55.266+0000][1][safepoint    ] Entering safepoint region: Cleanup
[2019-12-11T08:55:55.266+0000][1][safepoint    ] Leaving safepoint region
[2019-12-11T08:55:55.266+0000][1][safepoint    ] Total time for which application threads were stopped: 0.0001225 seconds, Stopping threads took: 0.0000264 seconds
[2019-12-11T08:55:56.267+0000][1][safepoint    ] Application time: 1.0007857 seconds
[2019-12-11T08:55:56.267+0000][1][safepoint    ] Entering safepoint region: Cleanup
[2019-12-11T08:55:56.267+0000][1][safepoint    ] Leaving safepoint region
[2019-12-11T08:55:56.267+0000][1][safepoint    ] Total time for which application threads were stopped: 0.0001373 seconds, Stopping threads took: 0.0000309 seconds
[2019-12-11T08:55:57.268+0000][1][safepoint    ] Application time: 1.0007947 seconds
[2019-12-11T08:55:57.268+0000][1][safepoint    ] Entering safepoint region: Cleanup
[2019-12-11T08:55:57.268+0000][1][safepoint    ] Leaving safepoint region
[2019-12-11T08:55:57.268+0000][1][safepoint    ] Total time for which application threads were stopped: 0.0001352 seconds, Stopping threads took: 0.0000301 seconds
[2019-12-11T08:55:58.274+0000][1][safepoint    ] Application time: 1.0057792 seconds
[2019-12-11T08:55:58.274+0000][1][safepoint    ] Entering safepoint region: Cleanup
[2019-12-11T08:55:58.274+0000][1][safepoint    ] Leaving safepoint region
[2019-12-11T08:55:58.274+0000][1][safepoint    ] Total time for which application threads were stopped: 0.0001316 seconds, Stopping threads took: 0.0000292 seconds
[2019-12-11T08:55:59.278+0000][1][safepoint    ] Application time: 1.0037952 seconds
[2019-12-11T08:55:59.278+0000][1][safepoint    ] Entering safepoint region: Cleanup
[2019-12-11T08:55:59.278+0000][1][safepoint    ] Leaving safepoint region
[2019-12-11T08:55:59.278+0000][1][safepoint    ] Total time for which application threads were stopped: 0.0001344 seconds, Stopping threads took: 0.0000279 seconds
[2019-12-11T08:56:00.281+0000][1][safepoint    ] Application time: 1.0028038 seconds
[2019-12-11T08:56:00.281+0000][1][safepoint    ] Entering safepoint region: Cleanup
[2019-12-11T08:56:00.281+0000][1][safepoint    ] Leaving safepoint region
[2019-12-11T08:56:00.281+0000][1][safepoint    ] Total time for which application threads were stopped: 0.0001289 seconds, Stopping threads took: 0.0000283 seconds
[2019-12-11T08:56:01.283+0000][1][safepoint    ] Application time: 1.0019547 seconds
[2019-12-11T08:56:01.283+0000][1][safepoint    ] Entering safepoint region: Cleanup
[2019-12-11T08:56:01.283+0000][1][safepoint    ] Leaving safepoint region
[2019-12-11T08:56:01.283+0000][1][safepoint    ] Total time for which application threads were stopped: 0.0001363 seconds, Stopping threads took: 0.0000293 seconds
[2019-12-11T08:56:02.285+0000][1][safepoint    ] Application time: 1.0017040 seconds
[2019-12-11T08:56:02.285+0000][1][safepoint    ] Entering safepoint region: Cleanup
[2019-12-11T08:56:02.285+0000][1][safepoint    ] Leaving safepoint region
[2019-12-11T08:56:02.285+0000][1][safepoint    ] Total time for which application threads were stopped: 0.0001274 seconds, Stopping threads took: 0.0000283 seconds
[2019-12-11T08:56:03.286+0000][1][safepoint    ] Application time: 1.0008199 seconds
[2019-12-11T08:56:03.286+0000][1][safepoint    ] Entering safepoint region: Cleanup
[2019-12-11T08:56:03.286+0000][1][safepoint    ] Leaving safepoint region
[2019-12-11T08:56:03.286+0000][1][safepoint    ] Total time for which application threads were stopped: 0.0001261 seconds, Stopping threads took: 0.0000270 seconds
[2019-12-11T08:56:04.288+0000][1][safepoint    ] Application time: 1.0017641 seconds
[2019-12-11T08:56:04.288+0000][1][safepoint    ] Entering safepoint region: Cleanup
[2019-12-11T08:56:04.288+0000][1][safepoint    ] Leaving safepoint region
[2019-12-11T08:56:04.288+0000][1][safepoint    ] Total time for which application threads were stopped: 0.0001261 seconds, Stopping threads took: 0.0000278 seconds
[2019-12-11T08:56:05.289+0000][1][safepoint    ] Application time: 1.0011370 seconds
[2019-12-11T08:56:05.289+0000][1][safepoint    ] Entering safepoint region: Cleanup
[2019-12-11T08:56:05.289+0000][1][safepoint    ] Leaving safepoint region
[2019-12-11T08:56:05.289+0000][1][safepoint    ] Total time for which application threads were stopped: 0.0001322 seconds, Stopping threads took: 0.0000280 seconds
[2019-12-11T08:56:06.290+0000][1][safepoint    ] Application time: 1.0004933 seconds
[2019-12-11T08:56:06.290+0000][1][safepoint    ] Entering safepoint region: Cleanup
[2019-12-11T08:56:06.290+0000][1][safepoint    ] Leaving safepoint region
[2019-12-11T08:56:06.290+0000][1][safepoint    ] Total time for which application threads were stopped: 0.0001323 seconds, Stopping threads took: 0.0000285 seconds
[2019-12-11T08:56:07.294+0000][1][safepoint    ] Application time: 1.0038192 seconds
[2019-12-11T08:56:07.294+0000][1][safepoint    ] Entering safepoint region: Cleanup
[2019-12-11T08:56:07.294+0000][1][safepoint    ] Leaving safepoint region
[2019-12-11T08:56:07.294+0000][1][safepoint    ] Total time for which application threads were stopped: 0.0001191 seconds, Stopping threads took: 0.0000253 seconds
[2019-12-11T08:56:08.296+0000][1][safepoint    ] Application time: 1.0018187 seconds
[2019-12-11T08:56:08.296+0000][1][safepoint    ] Entering safepoint region: Cleanup
[2019-12-11T08:56:08.296+0000][1][safepoint    ] Leaving safepoint region
[2019-12-11T08:56:08.296+0000][1][safepoint    ] Total time for which application threads were stopped: 0.0001256 seconds, Stopping threads took: 0.0000294 seconds
[2019-12-11T08:56:09.298+0000][1][safepoint    ] Application time: 1.0018046 seconds
[2019-12-11T08:56:09.298+0000][1][safepoint    ] Entering safepoint region: Cleanup
[2019-12-11T08:56:09.298+0000][1][safepoint    ] Leaving safepoint region
[2019-12-11T08:56:09.298+0000][1][safepoint    ] Total time for which application threads were stopped: 0.0001336 seconds, Stopping threads took: 0.0000302 seconds
[2019-12-11T08:56:10.301+0000][1][safepoint    ] Application time: 1.0028208 seconds
[2019-12-11T08:56:10.301+0000][1][safepoint    ] Entering safepoint region: Cleanup
[2019-12-11T08:56:10.301+0000][1][safepoint    ] Leaving safepoint region
[2019-12-11T08:56:10.301+0000][1][safepoint    ] Total time for which application threads were stopped: 0.0001251 seconds, Stopping threads took: 0.0000264 seconds
[2019-12-11T08:56:11.303+0000][1][safepoint    ] Application time: 1.0018042 seconds
[2019-12-11T08:56:11.303+0000][1][safepoint    ] Entering safepoint region: Cleanup
[2019-12-11T08:56:11.303+0000][1][safepoint    ] Leaving safepoint region
[2019-12-11T08:56:11.303+0000][1][safepoint    ] Total time for which application threads were stopped: 0.0001261 seconds, Stopping threads took: 0.0000281 seconds
[2019-12-11T08:56:12.306+0000][1][safepoint    ] Application time: 1.0028209 seconds
[2019-12-11T08:56:12.306+0000][1][safepoint    ] Entering safepoint region: Cleanup
[2019-12-11T08:56:12.306+0000][1][safepoint    ] Leaving safepoint region
[2019-12-11T08:56:12.306+0000][1][safepoint    ] Total time for which application threads were stopped: 0.0001337 seconds, Stopping threads took: 0.0000288 seconds
[2019-12-11T08:56:13.307+0000][1][safepoint    ] Application time: 1.0008552 seconds
[2019-12-11T08:56:13.307+0000][1][safepoint    ] Entering safepoint region: Cleanup
[2019-12-11T08:56:13.307+0000][1][safepoint    ] Leaving safepoint region
[2019-12-11T08:56:13.307+0000][1][safepoint    ] Total time for which application threads were stopped: 0.0001250 seconds, Stopping threads took: 0.0000261 seconds
[2019-12-11T08:56:14.311+0000][1][safepoint    ] Application time: 1.0037728 seconds
[2019-12-11T08:56:14.311+0000][1][safepoint    ] Entering safepoint region: Cleanup
[2019-12-11T08:56:14.311+0000][1][safepoint    ] Leaving safepoint region
[2019-12-11T08:56:14.311+0000][1][safepoint    ] Total time for which application threads were stopped: 0.0001264 seconds, Stopping threads took: 0.0000273 seconds
[2019-12-11T08:56:15.318+0000][1][safepoint    ] Application time: 1.0068071 seconds
[2019-12-11T08:56:15.318+0000][1][safepoint    ] Entering safepoint region: Cleanup
[2019-12-11T08:56:15.318+0000][1][safepoint    ] Leaving safepoint region
[2019-12-11T08:56:15.318+0000][1][safepoint    ] Total time for which application threads were stopped: 0.0001564 seconds, Stopping threads took: 0.0000440 seconds
[2019-12-11T08:56:16.319+0000][1][safepoint    ] Application time: 1.0008289 seconds
[2019-12-11T08:56:16.319+0000][1][safepoint    ] Entering safepoint region: Cleanup
[2019-12-11T08:56:16.319+0000][1][safepoint    ] Leaving safepoint region
[2019-12-11T08:56:16.319+0000][1][safepoint    ] Total time for which application threads were stopped: 0.0001313 seconds, Stopping threads took: 0.0000302 seconds
[2019-12-11T08:56:17.324+0000][1][safepoint    ] Application time: 1.0047648 seconds
[2019-12-11T08:56:17.324+0000][1][safepoint    ] Entering safepoint region: Cleanup
[2019-12-11T08:56:17.324+0000][1][safepoint    ] Leaving safepoint region
[2019-12-11T08:56:17.324+0000][1][safepoint    ] Total time for which application threads were stopped: 0.0001274 seconds, Stopping threads took: 0.0000291 seconds
[2019-12-11T08:56:18.328+0000][1][safepoint    ] Application time: 1.0038026 seconds
[2019-12-11T08:56:18.328+0000][1][safepoint    ] Entering safepoint region: Cleanup
[2019-12-11T08:56:18.328+0000][1][safepoint    ] Leaving safepoint region
[2019-12-11T08:56:18.328+0000][1][safepoint    ] Total time for which application threads were stopped: 0.0001473 seconds, Stopping threads took: 0.0000408 seconds
[2019-12-11T08:56:19.329+0000][1][safepoint    ] Application time: 1.0008025 seconds
[2019-12-11T08:56:19.329+0000][1][safepoint    ] Entering safepoint region: Cleanup
[2019-12-11T08:56:19.329+0000][1][safepoint    ] Leaving safepoint region
[2019-12-11T08:56:19.329+0000][1][safepoint    ] Total time for which application threads were stopped: 0.0001272 seconds, Stopping threads took: 0.0000299 seconds
[2019-12-11T08:56:20.329+0000][1][safepoint    ] Application time: 1.0002048 seconds
[2019-12-11T08:56:20.329+0000][1][safepoint    ] Entering safepoint region: Cleanup
[2019-12-11T08:56:20.329+0000][1][safepoint    ] Leaving safepoint region
[2019-12-11T08:56:20.329+0000][1][safepoint    ] Total time for which application threads were stopped: 0.0001627 seconds, Stopping threads took: 0.0000307 seconds
[2019-12-11T08:56:21.330+0000][1][safepoint    ] Application time: 1.0003838 seconds
[2019-12-11T08:56:21.330+0000][1][safepoint    ] Entering safepoint region: Cleanup
[2019-12-11T08:56:21.330+0000][1][safepoint    ] Leaving safepoint region
[2019-12-11T08:56:21.330+0000][1][safepoint    ] Total time for which application threads were stopped: 0.0001410 seconds, Stopping threads took: 0.0000291 seconds
[2019-12-11T08:56:22.334+0000][1][safepoint    ] Application time: 1.0037857 seconds
[2019-12-11T08:56:22.334+0000][1][safepoint    ] Entering safepoint region: Cleanup
[2019-12-11T08:56:22.334+0000][1][safepoint    ] Leaving safepoint region
[2019-12-11T08:56:22.334+0000][1][safepoint    ] Total time for which application threads were stopped: 0.0001182 seconds, Stopping threads took: 0.0000273 seconds
[2019-12-11T08:56:23.335+0000][1][safepoint    ] Application time: 1.0008242 seconds
[2019-12-11T08:56:23.335+0000][1][safepoint    ] Entering safepoint region: Cleanup
[2019-12-11T08:56:23.335+0000][1][safepoint    ] Leaving safepoint region
[2019-12-11T08:56:23.335+0000][1][safepoint    ] Total time for which application threads were stopped: 0.0001341 seconds, Stopping threads took: 0.0000291 seconds
[2019-12-11T08:56:24.335+0000][1][safepoint    ] Application time: 1.0000838 seconds
[2019-12-11T08:56:24.335+0000][1][safepoint    ] Entering safepoint region: Cleanup
[2019-12-11T08:56:24.335+0000][1][safepoint    ] Leaving safepoint region
[2019-12-11T08:56:24.335+0000][1][safepoint    ] Total time for which application threads were stopped: 0.0001403 seconds, Stopping threads took: 0.0000283 seconds
[2019-12-11T08:56:25.336+0000][1][safepoint    ] Application time: 1.0005480 seconds
[2019-12-11T08:56:25.336+0000][1][safepoint    ] Entering safepoint region: Cleanup
[2019-12-11T08:56:25.336+0000][1][safepoint    ] Leaving safepoint region
[2019-12-11T08:56:25.336+0000][1][safepoint    ] Total time for which application threads were stopped: 0.0001156 seconds, Stopping threads took: 0.0000242 seconds
[2019-12-11T08:56:26.337+0000][1][safepoint    ] Application time: 1.0009685 seconds
[2019-12-11T08:56:26.337+0000][1][safepoint    ] Entering safepoint region: Cleanup
[2019-12-11T08:56:26.337+0000][1][safepoint    ] Leaving safepoint region
[2019-12-11T08:56:26.337+0000][1][safepoint    ] Total time for which application threads were stopped: 0.0001209 seconds, Stopping threads took: 0.0000260 seconds
[2019-12-11T08:56:27.338+0000][1][safepoint    ] Application time: 1.0007782 seconds
[2019-12-11T08:56:27.338+0000][1][safepoint    ] Entering safepoint region: Cleanup
[2019-12-11T08:56:27.338+0000][1][safepoint    ] Leaving safepoint region
[2019-12-11T08:56:27.338+0000][1][safepoint    ] Total time for which application threads were stopped: 0.0001237 seconds, Stopping threads took: 0.0000273 seconds
[2019-12-11T08:56:28.339+0000][1][safepoint    ] Application time: 1.0013416 seconds
[2019-12-11T08:56:28.339+0000][1][safepoint    ] Entering safepoint region: Cleanup
[2019-12-11T08:56:28.339+0000][1][safepoint    ] Leaving safepoint region
[2019-12-11T08:56:28.339+0000][1][safepoint    ] Total time for which application threads were stopped: 0.0001195 seconds, Stopping threads took: 0.0000256 seconds
[2019-12-11T08:56:29.340+0000][1][safepoint    ] Application time: 1.0002959 seconds
[2019-12-11T08:56:29.340+0000][1][safepoint    ] Entering safepoint region: Cleanup
[2019-12-11T08:56:29.340+0000][1][safepoint    ] Leaving safepoint region
[2019-12-11T08:56:29.340+0000][1][safepoint    ] Total time for which application threads were stopped: 0.0001235 seconds, Stopping threads took: 0.0000268 seconds
[2019-12-11T08:56:30.341+0000][1][safepoint    ] Application time: 1.0007917 seconds
[2019-12-11T08:56:30.341+0000][1][safepoint    ] Entering safepoint region: Cleanup
[2019-12-11T08:56:30.341+0000][1][safepoint    ] Leaving safepoint region
[2019-12-11T08:56:30.341+0000][1][safepoint    ] Total time for which application threads were stopped: 0.0001157 seconds, Stopping threads took: 0.0000253 seconds
[2019-12-11T08:56:31.342+0000][1][safepoint    ] Application time: 1.0008163 seconds
[2019-12-11T08:56:31.342+0000][1][safepoint    ] Entering safepoint region: Cleanup
[2019-12-11T08:56:31.342+0000][1][safepoint    ] Leaving safepoint region
[2019-12-11T08:56:31.342+0000][1][safepoint    ] Total time for which application threads were stopped: 0.0001213 seconds, Stopping threads took: 0.0000271 seconds
[2019-12-11T08:56:32.342+0000][1][safepoint    ] Application time: 1.0003946 seconds
[2019-12-11T08:56:32.342+0000][1][safepoint    ] Entering safepoint region: Cleanup
[2019-12-11T08:56:32.342+0000][1][safepoint    ] Leaving safepoint region
[2019-12-11T08:56:32.342+0000][1][safepoint    ] Total time for which application threads were stopped: 0.0001136 seconds, Stopping threads took: 0.0000256 seconds
[2019-12-11T08:56:33.345+0000][1][safepoint    ] Application time: 1.0022818 seconds
[2019-12-11T08:56:33.345+0000][1][safepoint    ] Entering safepoint region: Cleanup
[2019-12-11T08:56:33.345+0000][1][safepoint    ] Leaving safepoint region
[2019-12-11T08:56:33.345+0000][1][safepoint    ] Total time for which application threads were stopped: 0.0001257 seconds, Stopping threads took: 0.0000282 seconds
[2019-12-11T08:56:34.346+0000][1][safepoint    ] Application time: 1.0010340 seconds
[2019-12-11T08:56:34.346+0000][1][safepoint    ] Entering safepoint region: Cleanup
[2019-12-11T08:56:34.346+0000][1][safepoint    ] Leaving safepoint region
[2019-12-11T08:56:34.346+0000][1][safepoint    ] Total time for which application threads were stopped: 0.0001227 seconds, Stopping threads took: 0.0000272 seconds
[2019-12-11T08:56:35.347+0000][1][safepoint    ] Application time: 1.0006078 seconds
[2019-12-11T08:56:35.347+0000][1][safepoint    ] Entering safepoint region: Cleanup
[2019-12-11T08:56:35.347+0000][1][safepoint    ] Leaving safepoint region
[2019-12-11T08:56:35.347+0000][1][safepoint    ] Total time for which application threads were stopped: 0.0001334 seconds, Stopping threads took: 0.0000296 seconds
[2019-12-11T08:56:35.755+0000][1][safepoint    ] Application time: 0.4082627 seconds
[2019-12-11T08:56:35.755+0000][1][safepoint    ] Entering safepoint region: GenCollectForAllocation
[2019-12-11T08:56:35.755+0000][1][gc,start     ] GC(63) Pause Young (Allocation Failure)
[2019-12-11T08:56:35.755+0000][1][gc,task      ] GC(63) Using 2 workers of 2 for evacuation
[2019-12-11T08:56:35.759+0000][1][gc,age       ] GC(63) Desired survivor size 4456448 bytes, new threshold 6 (max threshold 6)
[2019-12-11T08:56:35.759+0000][1][gc,age       ] GC(63) Age table with threshold 6 (max threshold 6)
[2019-12-11T08:56:35.759+0000][1][gc,age       ] GC(63) - age   1:     685784 bytes,     685784 total
[2019-12-11T08:56:35.759+0000][1][gc,age       ] GC(63) - age   2:        224 bytes,     686008 total
[2019-12-11T08:56:35.759+0000][1][gc,age       ] GC(63) - age   3:        112 bytes,     686120 total
[2019-12-11T08:56:35.759+0000][1][gc,age       ] GC(63) - age   5:       1040 bytes,     687160 total
[2019-12-11T08:56:35.759+0000][1][gc,age       ] GC(63) - age   6:       7248 bytes,     694408 total
[2019-12-11T08:56:35.759+0000][1][gc,heap      ] GC(63) ParNew: 70606K->682K(78656K)
[2019-12-11T08:56:35.759+0000][1][gc,heap      ] GC(63) CMS: 71374K->71376K(174784K)
[2019-12-11T08:56:35.759+0000][1][gc,metaspace ] GC(63) Metaspace: 76036K->76036K(1118208K)
[2019-12-11T08:56:35.759+0000][1][gc           ] GC(63) Pause Young (Allocation Failure) 138M->70M(247M) 3.996ms
[2019-12-11T08:56:35.759+0000][1][gc,cpu       ] GC(63) User=0.00s Sys=0.00s Real=0.00s
[2019-12-11T08:56:35.759+0000][1][safepoint    ] Leaving safepoint region
[2019-12-11T08:56:35.759+0000][1][safepoint    ] Total time for which application threads were stopped: 0.0042292 seconds, Stopping threads took: 0.0000300 seconds
[2019-12-11T08:56:36.762+0000][1][safepoint    ] Application time: 1.0022902 seconds
[2019-12-11T08:56:36.762+0000][1][safepoint    ] Entering safepoint region: Cleanup
[2019-12-11T08:56:36.762+0000][1][safepoint    ] Leaving safepoint region
[2019-12-11T08:56:36.762+0000][1][safepoint    ] Total time for which application threads were stopped: 0.0001180 seconds, Stopping threads took: 0.0000257 seconds
[2019-12-11T08:56:37.765+0000][1][safepoint    ] Application time: 1.0028066 seconds
[2019-12-11T08:56:37.765+0000][1][safepoint    ] Entering safepoint region: Cleanup
[2019-12-11T08:56:37.765+0000][1][safepoint    ] Leaving safepoint region
[2019-12-11T08:56:37.765+0000][1][safepoint    ] Total time for which application threads were stopped: 0.0001257 seconds, Stopping threads took: 0.0000288 seconds
[2019-12-11T08:56:38.767+0000][1][safepoint    ] Application time: 1.0021861 seconds
[2019-12-11T08:56:38.767+0000][1][safepoint    ] Entering safepoint region: Cleanup
[2019-12-11T08:56:38.767+0000][1][safepoint    ] Leaving safepoint region
[2019-12-11T08:56:38.767+0000][1][safepoint    ] Total time for which application threads were stopped: 0.0001238 seconds, Stopping threads took: 0.0000255 seconds
[2019-12-11T08:56:39.768+0000][1][safepoint    ] Application time: 1.0004561 seconds
[2019-12-11T08:56:39.768+0000][1][safepoint    ] Entering safepoint region: Cleanup
[2019-12-11T08:56:39.768+0000][1][safepoint    ] Leaving safepoint region
[2019-12-11T08:56:39.768+0000][1][safepoint    ] Total time for which application threads were stopped: 0.0001491 seconds, Stopping threads took: 0.0000290 seconds
[2019-12-11T08:56:40.770+0000][1][safepoint    ] Application time: 1.0017866 seconds
[2019-12-11T08:56:40.770+0000][1][safepoint    ] Entering safepoint region: Cleanup
[2019-12-11T08:56:40.770+0000][1][safepoint    ] Leaving safepoint region
[2019-12-11T08:56:40.770+0000][1][safepoint    ] Total time for which application threads were stopped: 0.0001368 seconds, Stopping threads took: 0.0000307 seconds
[2019-12-11T08:56:41.771+0000][1][safepoint    ] Application time: 1.0008039 seconds
[2019-12-11T08:56:41.771+0000][1][safepoint    ] Entering safepoint region: Cleanup
[2019-12-11T08:56:41.771+0000][1][safepoint    ] Leaving safepoint region
[2019-12-11T08:56:41.771+0000][1][safepoint    ] Total time for which application threads were stopped: 0.0001351 seconds, Stopping threads took: 0.0000313 seconds
[2019-12-11T08:56:42.772+0000][1][safepoint    ] Application time: 1.0008604 seconds
[2019-12-11T08:56:42.772+0000][1][safepoint    ] Entering safepoint region: Cleanup
[2019-12-11T08:56:42.772+0000][1][safepoint    ] Leaving safepoint region
[2019-12-11T08:56:42.772+0000][1][safepoint    ] Total time for which application threads were stopped: 0.0001375 seconds, Stopping threads took: 0.0000321 seconds
[2019-12-11T08:56:43.772+0000][1][safepoint    ] Application time: 1.0000850 seconds
[2019-12-11T08:56:43.772+0000][1][safepoint    ] Entering safepoint region: Cleanup
[2019-12-11T08:56:43.772+0000][1][safepoint    ] Leaving safepoint region
[2019-12-11T08:56:43.772+0000][1][safepoint    ] Total time for which application threads were stopped: 0.0001350 seconds, Stopping threads took: 0.0000289 seconds
[2019-12-11T08:56:44.775+0000][1][safepoint    ] Application time: 1.0024478 seconds
[2019-12-11T08:56:44.775+0000][1][safepoint    ] Entering safepoint region: Cleanup
[2019-12-11T08:56:44.775+0000][1][safepoint    ] Leaving safepoint region
[2019-12-11T08:56:44.775+0000][1][safepoint    ] Total time for which application threads were stopped: 0.0001398 seconds, Stopping threads took: 0.0000308 seconds
[2019-12-11T08:56:45.777+0000][1][safepoint    ] Application time: 1.0017949 seconds
[2019-12-11T08:56:45.777+0000][1][safepoint    ] Entering safepoint region: Cleanup
[2019-12-11T08:56:45.777+0000][1][safepoint    ] Leaving safepoint region
[2019-12-11T08:56:45.777+0000][1][safepoint    ] Total time for which application threads were stopped: 0.0001363 seconds, Stopping threads took: 0.0000285 seconds
[2019-12-11T08:56:46.778+0000][1][safepoint    ] Application time: 1.0008046 seconds
[2019-12-11T08:56:46.778+0000][1][safepoint    ] Entering safepoint region: Cleanup
[2019-12-11T08:56:46.778+0000][1][safepoint    ] Leaving safepoint region
[2019-12-11T08:56:46.778+0000][1][safepoint    ] Total time for which application threads were stopped: 0.0001240 seconds, Stopping threads took: 0.0000256 seconds
[2019-12-11T08:56:47.779+0000][1][safepoint    ] Application time: 1.0008397 seconds
[2019-12-11T08:56:47.779+0000][1][safepoint    ] Entering safepoint region: Cleanup
[2019-12-11T08:56:47.779+0000][1][safepoint    ] Leaving safepoint region
[2019-12-11T08:56:47.779+0000][1][safepoint    ] Total time for which application threads were stopped: 0.0001278 seconds, Stopping threads took: 0.0000315 seconds
[2019-12-11T08:56:48.781+0000][1][safepoint    ] Application time: 1.0018128 seconds
[2019-12-11T08:56:48.781+0000][1][safepoint    ] Entering safepoint region: Cleanup
[2019-12-11T08:56:48.781+0000][1][safepoint    ] Leaving safepoint region
[2019-12-11T08:56:48.781+0000][1][safepoint    ] Total time for which application threads were stopped: 0.0001363 seconds, Stopping threads took: 0.0000302 seconds
[2019-12-11T08:56:49.785+0000][1][safepoint    ] Application time: 1.0040291 seconds
[2019-12-11T08:56:49.785+0000][1][safepoint    ] Entering safepoint region: Cleanup
[2019-12-11T08:56:49.785+0000][1][safepoint    ] Leaving safepoint region
[2019-12-11T08:56:49.785+0000][1][safepoint    ] Total time for which application threads were stopped: 0.0001235 seconds, Stopping threads took: 0.0000253 seconds
[2019-12-11T08:56:50.786+0000][1][safepoint    ] Application time: 1.0005642 seconds
[2019-12-11T08:56:50.786+0000][1][safepoint    ] Entering safepoint region: Cleanup
[2019-12-11T08:56:50.786+0000][1][safepoint    ] Leaving safepoint region
[2019-12-11T08:56:50.786+0000][1][safepoint    ] Total time for which application threads were stopped: 0.0001270 seconds, Stopping threads took: 0.0000283 seconds
[2019-12-11T08:56:51.787+0000][1][safepoint    ] Application time: 1.0008342 seconds
[2019-12-11T08:56:51.787+0000][1][safepoint    ] Entering safepoint region: Cleanup
[2019-12-11T08:56:51.787+0000][1][safepoint    ] Leaving safepoint region
[2019-12-11T08:56:51.787+0000][1][safepoint    ] Total time for which application threads were stopped: 0.0001321 seconds, Stopping threads took: 0.0000296 seconds
[2019-12-11T08:56:52.790+0000][1][safepoint    ] Application time: 1.0028624 seconds
[2019-12-11T08:56:52.790+0000][1][safepoint    ] Entering safepoint region: Cleanup
[2019-12-11T08:56:52.790+0000][1][safepoint    ] Leaving safepoint region
[2019-12-11T08:56:52.790+0000][1][safepoint    ] Total time for which application threads were stopped: 0.0001208 seconds, Stopping threads took: 0.0000257 seconds
[2019-12-11T08:56:53.792+0000][1][safepoint    ] Application time: 1.0017722 seconds
[2019-12-11T08:56:53.792+0000][1][safepoint    ] Entering safepoint region: Cleanup
[2019-12-11T08:56:53.792+0000][1][safepoint    ] Leaving safepoint region
[2019-12-11T08:56:53.792+0000][1][safepoint    ] Total time for which application threads were stopped: 0.0001319 seconds, Stopping threads took: 0.0000291 seconds
[2019-12-11T08:56:54.793+0000][1][safepoint    ] Application time: 1.0007982 seconds
[2019-12-11T08:56:54.793+0000][1][safepoint    ] Entering safepoint region: Cleanup
[2019-12-11T08:56:54.793+0000][1][safepoint    ] Leaving safepoint region
[2019-12-11T08:56:54.793+0000][1][safepoint    ] Total time for which application threads were stopped: 0.0001342 seconds, Stopping threads took: 0.0000364 seconds
[2019-12-11T08:56:55.794+0000][1][safepoint    ] Application time: 1.0013578 seconds
[2019-12-11T08:56:55.794+0000][1][safepoint    ] Entering safepoint region: Cleanup
[2019-12-11T08:56:55.794+0000][1][safepoint    ] Leaving safepoint region
[2019-12-11T08:56:55.794+0000][1][safepoint    ] Total time for which application threads were stopped: 0.0001374 seconds, Stopping threads took: 0.0000307 seconds
[2019-12-11T08:56:56.796+0000][1][safepoint    ] Application time: 1.0013139 seconds
[2019-12-11T08:56:56.796+0000][1][safepoint    ] Entering safepoint region: Cleanup
[2019-12-11T08:56:56.796+0000][1][safepoint    ] Leaving safepoint region
[2019-12-11T08:56:56.796+0000][1][safepoint    ] Total time for which application threads were stopped: 0.0001375 seconds, Stopping threads took: 0.0000278 seconds
[2019-12-11T08:56:57.797+0000][1][safepoint    ] Application time: 1.0007558 seconds
[2019-12-11T08:56:57.797+0000][1][safepoint    ] Entering safepoint region: Cleanup
[2019-12-11T08:56:57.797+0000][1][safepoint    ] Leaving safepoint region
[2019-12-11T08:56:57.797+0000][1][safepoint    ] Total time for which application threads were stopped: 0.0001325 seconds, Stopping threads took: 0.0000294 seconds
[2019-12-11T08:56:58.800+0000][1][safepoint    ] Application time: 1.0027802 seconds
[2019-12-11T08:56:58.800+0000][1][safepoint    ] Entering safepoint region: Cleanup
[2019-12-11T08:56:58.800+0000][1][safepoint    ] Leaving safepoint region
[2019-12-11T08:56:58.800+0000][1][safepoint    ] Total time for which application threads were stopped: 0.0001296 seconds, Stopping threads took: 0.0000294 seconds
[2019-12-11T08:56:59.803+0000][1][safepoint    ] Application time: 1.0028254 seconds
[2019-12-11T08:56:59.803+0000][1][safepoint    ] Entering safepoint region: Cleanup
[2019-12-11T08:56:59.803+0000][1][safepoint    ] Leaving safepoint region
[2019-12-11T08:56:59.803+0000][1][safepoint    ] Total time for which application threads were stopped: 0.0001600 seconds, Stopping threads took: 0.0000296 seconds
[2019-12-11T08:57:00.805+0000][1][safepoint    ] Application time: 1.0018897 seconds
[2019-12-11T08:57:00.805+0000][1][safepoint    ] Entering safepoint region: Cleanup
[2019-12-11T08:57:00.805+0000][1][safepoint    ] Leaving safepoint region
[2019-12-11T08:57:00.805+0000][1][safepoint    ] Total time for which application threads were stopped: 0.0001394 seconds, Stopping threads took: 0.0000344 seconds
[2019-12-11T08:57:01.807+0000][1][safepoint    ] Application time: 1.0016761 seconds
[2019-12-11T08:57:01.807+0000][1][safepoint    ] Entering safepoint region: Cleanup
[2019-12-11T08:57:01.807+0000][1][safepoint    ] Leaving safepoint region
[2019-12-11T08:57:01.807+0000][1][safepoint    ] Total time for which application threads were stopped: 0.0001303 seconds, Stopping threads took: 0.0000293 seconds
[2019-12-11T08:57:02.808+0000][1][safepoint    ] Application time: 1.0009387 seconds
[2019-12-11T08:57:02.808+0000][1][safepoint    ] Entering safepoint region: Cleanup
[2019-12-11T08:57:02.808+0000][1][safepoint    ] Leaving safepoint region
[2019-12-11T08:57:02.808+0000][1][safepoint    ] Total time for which application threads were stopped: 0.0001311 seconds, Stopping threads took: 0.0000302 seconds
[2019-12-11T08:57:03.810+0000][1][safepoint    ] Application time: 1.0017096 seconds
[2019-12-11T08:57:03.810+0000][1][safepoint    ] Entering safepoint region: Cleanup
[2019-12-11T08:57:03.810+0000][1][safepoint    ] Leaving safepoint region
[2019-12-11T08:57:03.810+0000][1][safepoint    ] Total time for which application threads were stopped: 0.0001364 seconds, Stopping threads took: 0.0000292 seconds
[2019-12-11T08:57:04.811+0000][1][safepoint    ] Application time: 1.0007908 seconds
[2019-12-11T08:57:04.811+0000][1][safepoint    ] Entering safepoint region: Cleanup
[2019-12-11T08:57:04.811+0000][1][safepoint    ] Leaving safepoint region
[2019-12-11T08:57:04.811+0000][1][safepoint    ] Total time for which application threads were stopped: 0.0001359 seconds, Stopping threads took: 0.0000313 seconds
[2019-12-11T08:57:05.812+0000][1][safepoint    ] Application time: 1.0007878 seconds
[2019-12-11T08:57:05.812+0000][1][safepoint    ] Entering safepoint region: Cleanup
[2019-12-11T08:57:05.812+0000][1][safepoint    ] Leaving safepoint region
[2019-12-11T08:57:05.812+0000][1][safepoint    ] Total time for which application threads were stopped: 0.0001236 seconds, Stopping threads took: 0.0000277 seconds
[2019-12-11T08:57:06.814+0000][1][safepoint    ] Application time: 1.0018190 seconds
[2019-12-11T08:57:06.814+0000][1][safepoint    ] Entering safepoint region: Cleanup
[2019-12-11T08:57:06.814+0000][1][safepoint    ] Leaving safepoint region
[2019-12-11T08:57:06.814+0000][1][safepoint    ] Total time for which application threads were stopped: 0.0001240 seconds, Stopping threads took: 0.0000286 seconds
[2019-12-11T08:57:07.816+0000][1][safepoint    ] Application time: 1.0018166 seconds
[2019-12-11T08:57:07.816+0000][1][safepoint    ] Entering safepoint region: Cleanup
[2019-12-11T08:57:07.816+0000][1][safepoint    ] Leaving safepoint region
[2019-12-11T08:57:07.816+0000][1][safepoint    ] Total time for which application threads were stopped: 0.0001233 seconds, Stopping threads took: 0.0000274 seconds
[2019-12-11T08:57:08.817+0000][1][safepoint    ] Application time: 1.0008254 seconds
[2019-12-11T08:57:08.817+0000][1][safepoint    ] Entering safepoint region: Cleanup
[2019-12-11T08:57:08.817+0000][1][safepoint    ] Leaving safepoint region
[2019-12-11T08:57:08.817+0000][1][safepoint    ] Total time for which application threads were stopped: 0.0001316 seconds, Stopping threads took: 0.0000319 seconds
[2019-12-11T08:57:09.819+0000][1][safepoint    ] Application time: 1.0019643 seconds
[2019-12-11T08:57:09.819+0000][1][safepoint    ] Entering safepoint region: Cleanup
[2019-12-11T08:57:09.819+0000][1][safepoint    ] Leaving safepoint region
[2019-12-11T08:57:09.819+0000][1][safepoint    ] Total time for which application threads were stopped: 0.0001375 seconds, Stopping threads took: 0.0000290 seconds
[2019-12-11T08:57:10.822+0000][1][safepoint    ] Application time: 1.0026395 seconds
[2019-12-11T08:57:10.822+0000][1][safepoint    ] Entering safepoint region: Cleanup
[2019-12-11T08:57:10.822+0000][1][safepoint    ] Leaving safepoint region
[2019-12-11T08:57:10.822+0000][1][safepoint    ] Total time for which application threads were stopped: 0.0001259 seconds, Stopping threads took: 0.0000288 seconds
[2019-12-11T08:57:11.823+0000][1][safepoint    ] Application time: 1.0009138 seconds
[2019-12-11T08:57:11.823+0000][1][safepoint    ] Entering safepoint region: Cleanup
[2019-12-11T08:57:11.823+0000][1][safepoint    ] Leaving safepoint region
[2019-12-11T08:57:11.823+0000][1][safepoint    ] Total time for which application threads were stopped: 0.0001226 seconds, Stopping threads took: 0.0000268 seconds
[2019-12-11T08:57:12.825+0000][1][safepoint    ] Application time: 1.0017287 seconds
[2019-12-11T08:57:12.825+0000][1][safepoint    ] Entering safepoint region: Cleanup
[2019-12-11T08:57:12.825+0000][1][safepoint    ] Leaving safepoint region
[2019-12-11T08:57:12.825+0000][1][safepoint    ] Total time for which application threads were stopped: 0.0001343 seconds, Stopping threads took: 0.0000393 seconds
[2019-12-11T08:57:13.826+0000][1][safepoint    ] Application time: 1.0008177 seconds
[2019-12-11T08:57:13.826+0000][1][safepoint    ] Entering safepoint region: Cleanup
[2019-12-11T08:57:13.826+0000][1][safepoint    ] Leaving safepoint region
[2019-12-11T08:57:13.826+0000][1][safepoint    ] Total time for which application threads were stopped: 0.0001281 seconds, Stopping threads took: 0.0000270 seconds
[2019-12-11T08:57:14.828+0000][1][safepoint    ] Application time: 1.0018141 seconds
[2019-12-11T08:57:14.828+0000][1][safepoint    ] Entering safepoint region: Cleanup
[2019-12-11T08:57:14.828+0000][1][safepoint    ] Leaving safepoint region
[2019-12-11T08:57:14.828+0000][1][safepoint    ] Total time for which application threads were stopped: 0.0001340 seconds, Stopping threads took: 0.0000289 seconds
[2019-12-11T08:57:15.832+0000][1][safepoint    ] Application time: 1.0038954 seconds
[2019-12-11T08:57:15.832+0000][1][safepoint    ] Entering safepoint region: Cleanup
[2019-12-11T08:57:15.832+0000][1][safepoint    ] Leaving safepoint region
[2019-12-11T08:57:15.832+0000][1][safepoint    ] Total time for which application threads were stopped: 0.0001349 seconds, Stopping threads took: 0.0000312 seconds
[2019-12-11T08:57:16.128+0000][1][safepoint    ] Application time: 0.2957308 seconds
[2019-12-11T08:57:16.128+0000][1][safepoint    ] Entering safepoint region: GenCollectForAllocation
[2019-12-11T08:57:16.128+0000][1][gc,start     ] GC(64) Pause Young (Allocation Failure)
[2019-12-11T08:57:16.128+0000][1][gc,task      ] GC(64) Using 2 workers of 2 for evacuation
[2019-12-11T08:57:16.136+0000][1][gc,age       ] GC(64) Desired survivor size 4456448 bytes, new threshold 6 (max threshold 6)
[2019-12-11T08:57:16.136+0000][1][gc,age       ] GC(64) Age table with threshold 6 (max threshold 6)
[2019-12-11T08:57:16.136+0000][1][gc,age       ] GC(64) - age   1:     860520 bytes,     860520 total
[2019-12-11T08:57:16.136+0000][1][gc,age       ] GC(64) - age   2:       1840 bytes,     862360 total
[2019-12-11T08:57:16.136+0000][1][gc,age       ] GC(64) - age   3:        224 bytes,     862584 total
[2019-12-11T08:57:16.136+0000][1][gc,age       ] GC(64) - age   4:        112 bytes,     862696 total
[2019-12-11T08:57:16.136+0000][1][gc,age       ] GC(64) - age   6:       1040 bytes,     863736 total
[2019-12-11T08:57:16.136+0000][1][gc,heap      ] GC(64) ParNew: 70587K->929K(78656K)
[2019-12-11T08:57:16.136+0000][1][gc,heap      ] GC(64) CMS: 71376K->71383K(174784K)
[2019-12-11T08:57:16.136+0000][1][gc,metaspace ] GC(64) Metaspace: 76040K->76040K(1118208K)
[2019-12-11T08:57:16.136+0000][1][gc           ] GC(64) Pause Young (Allocation Failure) 138M->70M(247M) 8.266ms
[2019-12-11T08:57:16.136+0000][1][gc,cpu       ] GC(64) User=0.01s Sys=0.00s Real=0.01s
[2019-12-11T08:57:16.136+0000][1][safepoint    ] Leaving safepoint region
[2019-12-11T08:57:16.136+0000][1][safepoint    ] Total time for which application threads were stopped: 0.0085220 seconds, Stopping threads took: 0.0000497 seconds
[2019-12-11T08:57:17.137+0000][1][safepoint    ] Application time: 1.0004987 seconds
[2019-12-11T08:57:17.137+0000][1][safepoint    ] Entering safepoint region: Cleanup
[2019-12-11T08:57:17.137+0000][1][safepoint    ] Leaving safepoint region
[2019-12-11T08:57:17.137+0000][1][safepoint    ] Total time for which application threads were stopped: 0.0001289 seconds, Stopping threads took: 0.0000283 seconds
[2019-12-11T08:57:18.139+0000][1][safepoint    ] Application time: 1.0018529 seconds
[2019-12-11T08:57:18.139+0000][1][safepoint    ] Entering safepoint region: Cleanup
[2019-12-11T08:57:18.139+0000][1][safepoint    ] Leaving safepoint region
[2019-12-11T08:57:18.139+0000][1][safepoint    ] Total time for which application threads were stopped: 0.0001222 seconds, Stopping threads took: 0.0000262 seconds
[2019-12-11T08:57:19.140+0000][1][safepoint    ] Application time: 1.0007396 seconds
[2019-12-11T08:57:19.140+0000][1][safepoint    ] Entering safepoint region: Cleanup
[2019-12-11T08:57:19.140+0000][1][safepoint    ] Leaving safepoint region
[2019-12-11T08:57:19.140+0000][1][safepoint    ] Total time for which application threads were stopped: 0.0001333 seconds, Stopping threads took: 0.0000282 seconds
[2019-12-11T08:57:20.142+0000][1][safepoint    ] Application time: 1.0016612 seconds
[2019-12-11T08:57:20.142+0000][1][safepoint    ] Entering safepoint region: Cleanup
[2019-12-11T08:57:20.142+0000][1][safepoint    ] Leaving safepoint region
[2019-12-11T08:57:20.142+0000][1][safepoint    ] Total time for which application threads were stopped: 0.0001579 seconds, Stopping threads took: 0.0000460 seconds
[2019-12-11T08:57:21.144+0000][1][safepoint    ] Application time: 1.0018623 seconds
[2019-12-11T08:57:21.144+0000][1][safepoint    ] Entering safepoint region: Cleanup
[2019-12-11T08:57:21.144+0000][1][safepoint    ] Leaving safepoint region
[2019-12-11T08:57:21.144+0000][1][safepoint    ] Total time for which application threads were stopped: 0.0001303 seconds, Stopping threads took: 0.0000281 seconds
[2019-12-11T08:57:22.146+0000][1][safepoint    ] Application time: 1.0018167 seconds
[2019-12-11T08:57:22.146+0000][1][safepoint    ] Entering safepoint region: Cleanup
[2019-12-11T08:57:22.146+0000][1][safepoint    ] Leaving safepoint region
[2019-12-11T08:57:22.146+0000][1][safepoint    ] Total time for which application threads were stopped: 0.0001314 seconds, Stopping threads took: 0.0000291 seconds
[2019-12-11T08:57:23.866+0000][1][safepoint    ] Application time: 1.7198090 seconds
[2019-12-11T08:57:23.866+0000][1][safepoint    ] Entering safepoint region: Cleanup
[2019-12-11T08:57:23.866+0000][1][safepoint    ] Leaving safepoint region
[2019-12-11T08:57:23.866+0000][1][safepoint    ] Total time for which application threads were stopped: 0.0001541 seconds, Stopping threads took: 0.0000304 seconds
[2019-12-11T08:57:24.867+0000][1][safepoint    ] Application time: 1.0007876 seconds
[2019-12-11T08:57:24.867+0000][1][safepoint    ] Entering safepoint region: Cleanup
[2019-12-11T08:57:24.867+0000][1][safepoint    ] Leaving safepoint region
[2019-12-11T08:57:24.867+0000][1][safepoint    ] Total time for which application threads were stopped: 0.0001439 seconds, Stopping threads took: 0.0000417 seconds
[2019-12-11T08:57:25.868+0000][1][safepoint    ] Application time: 1.0008082 seconds
[2019-12-11T08:57:25.868+0000][1][safepoint    ] Entering safepoint region: Cleanup
[2019-12-11T08:57:25.868+0000][1][safepoint    ] Leaving safepoint region
[2019-12-11T08:57:25.868+0000][1][safepoint    ] Total time for which application threads were stopped: 0.0001413 seconds, Stopping threads took: 0.0000280 seconds
[2019-12-11T08:57:26.870+0000][1][safepoint    ] Application time: 1.0017770 seconds
[2019-12-11T08:57:26.870+0000][1][safepoint    ] Entering safepoint region: Cleanup
[2019-12-11T08:57:26.870+0000][1][safepoint    ] Leaving safepoint region
[2019-12-11T08:57:26.870+0000][1][safepoint    ] Total time for which application threads were stopped: 0.0001470 seconds, Stopping threads took: 0.0000401 seconds
[2019-12-11T08:57:27.871+0000][1][safepoint    ] Application time: 1.0011971 seconds
[2019-12-11T08:57:27.871+0000][1][safepoint    ] Entering safepoint region: Cleanup
[2019-12-11T08:57:27.871+0000][1][safepoint    ] Leaving safepoint region
[2019-12-11T08:57:27.871+0000][1][safepoint    ] Total time for which application threads were stopped: 0.0001348 seconds, Stopping threads took: 0.0000344 seconds
[2019-12-11T08:57:28.873+0000][1][safepoint    ] Application time: 1.0014141 seconds
[2019-12-11T08:57:28.873+0000][1][safepoint    ] Entering safepoint region: Cleanup
[2019-12-11T08:57:28.873+0000][1][safepoint    ] Leaving safepoint region
[2019-12-11T08:57:28.873+0000][1][safepoint    ] Total time for which application threads were stopped: 0.0001322 seconds, Stopping threads took: 0.0000291 seconds
[2019-12-11T08:57:29.873+0000][1][safepoint    ] Application time: 1.0001498 seconds
[2019-12-11T08:57:29.873+0000][1][safepoint    ] Entering safepoint region: Cleanup
[2019-12-11T08:57:29.873+0000][1][safepoint    ] Leaving safepoint region
[2019-12-11T08:57:29.873+0000][1][safepoint    ] Total time for which application threads were stopped: 0.0001344 seconds, Stopping threads took: 0.0000300 seconds
[2019-12-11T08:57:30.874+0000][1][safepoint    ] Application time: 1.0004647 seconds
[2019-12-11T08:57:30.874+0000][1][safepoint    ] Entering safepoint region: Cleanup
[2019-12-11T08:57:30.874+0000][1][safepoint    ] Leaving safepoint region
[2019-12-11T08:57:30.874+0000][1][safepoint    ] Total time for which application threads were stopped: 0.0001274 seconds, Stopping threads took: 0.0000285 seconds
[2019-12-11T08:57:31.879+0000][1][safepoint    ] Application time: 1.0049387 seconds
[2019-12-11T08:57:31.879+0000][1][safepoint    ] Entering safepoint region: Cleanup
[2019-12-11T08:57:31.879+0000][1][safepoint    ] Leaving safepoint region
[2019-12-11T08:57:31.879+0000][1][safepoint    ] Total time for which application threads were stopped: 0.0001157 seconds, Stopping threads took: 0.0000258 seconds
[2019-12-11T08:57:32.880+0000][1][safepoint    ] Application time: 1.0007239 seconds
[2019-12-11T08:57:32.880+0000][1][safepoint    ] Entering safepoint region: Cleanup
[2019-12-11T08:57:32.880+0000][1][safepoint    ] Leaving safepoint region
[2019-12-11T08:57:32.880+0000][1][safepoint    ] Total time for which application threads were stopped: 0.0001247 seconds, Stopping threads took: 0.0000264 seconds
[2019-12-11T08:57:33.881+0000][1][safepoint    ] Application time: 1.0008067 seconds
[2019-12-11T08:57:33.881+0000][1][safepoint    ] Entering safepoint region: Cleanup
[2019-12-11T08:57:33.881+0000][1][safepoint    ] Leaving safepoint region
[2019-12-11T08:57:33.881+0000][1][safepoint    ] Total time for which application threads were stopped: 0.0001316 seconds, Stopping threads took: 0.0000286 seconds
[2019-12-11T08:57:34.884+0000][1][safepoint    ] Application time: 1.0028152 seconds
[2019-12-11T08:57:34.884+0000][1][safepoint    ] Entering safepoint region: Cleanup
[2019-12-11T08:57:34.884+0000][1][safepoint    ] Leaving safepoint region
[2019-12-11T08:57:34.884+0000][1][safepoint    ] Total time for which application threads were stopped: 0.0001385 seconds, Stopping threads took: 0.0000289 seconds
[2019-12-11T08:57:35.885+0000][1][safepoint    ] Application time: 1.0008221 seconds
[2019-12-11T08:57:35.885+0000][1][safepoint    ] Entering safepoint region: Cleanup
[2019-12-11T08:57:35.885+0000][1][safepoint    ] Leaving safepoint region
[2019-12-11T08:57:35.885+0000][1][safepoint    ] Total time for which application threads were stopped: 0.0001418 seconds, Stopping threads took: 0.0000294 seconds
[2019-12-11T08:57:36.889+0000][1][safepoint    ] Application time: 1.0038737 seconds
[2019-12-11T08:57:36.889+0000][1][safepoint    ] Entering safepoint region: Cleanup
[2019-12-11T08:57:36.889+0000][1][safepoint    ] Leaving safepoint region
[2019-12-11T08:57:36.889+0000][1][safepoint    ] Total time for which application threads were stopped: 0.0001345 seconds, Stopping threads took: 0.0000278 seconds
[2019-12-11T08:57:37.890+0000][1][safepoint    ] Application time: 1.0007048 seconds
[2019-12-11T08:57:37.890+0000][1][safepoint    ] Entering safepoint region: Cleanup
[2019-12-11T08:57:37.890+0000][1][safepoint    ] Leaving safepoint region
[2019-12-11T08:57:37.890+0000][1][safepoint    ] Total time for which application threads were stopped: 0.0001281 seconds, Stopping threads took: 0.0000276 seconds
[2019-12-11T08:57:38.891+0000][1][safepoint    ] Application time: 1.0008162 seconds
[2019-12-11T08:57:38.891+0000][1][safepoint    ] Entering safepoint region: Cleanup
[2019-12-11T08:57:38.891+0000][1][safepoint    ] Leaving safepoint region
[2019-12-11T08:57:38.891+0000][1][safepoint    ] Total time for which application threads were stopped: 0.0001388 seconds, Stopping threads took: 0.0000306 seconds
[2019-12-11T08:57:39.892+0000][1][safepoint    ] Application time: 1.0008265 seconds
[2019-12-11T08:57:39.892+0000][1][safepoint    ] Entering safepoint region: Cleanup
[2019-12-11T08:57:39.892+0000][1][safepoint    ] Leaving safepoint region
[2019-12-11T08:57:39.892+0000][1][safepoint    ] Total time for which application threads were stopped: 0.0001260 seconds, Stopping threads took: 0.0000279 seconds
[2019-12-11T08:57:40.893+0000][1][safepoint    ] Application time: 1.0007794 seconds
[2019-12-11T08:57:40.893+0000][1][safepoint    ] Entering safepoint region: Cleanup
[2019-12-11T08:57:40.893+0000][1][safepoint    ] Leaving safepoint region
[2019-12-11T08:57:40.893+0000][1][safepoint    ] Total time for which application threads were stopped: 0.0001240 seconds, Stopping threads took: 0.0000261 seconds
[2019-12-11T08:57:41.896+0000][1][safepoint    ] Application time: 1.0032360 seconds
[2019-12-11T08:57:41.896+0000][1][safepoint    ] Entering safepoint region: Cleanup
[2019-12-11T08:57:41.896+0000][1][safepoint    ] Leaving safepoint region
[2019-12-11T08:57:41.896+0000][1][safepoint    ] Total time for which application threads were stopped: 0.0001263 seconds, Stopping threads took: 0.0000282 seconds
[2019-12-11T08:57:42.900+0000][1][safepoint    ] Application time: 1.0034834 seconds
[2019-12-11T08:57:42.900+0000][1][safepoint    ] Entering safepoint region: Cleanup
[2019-12-11T08:57:42.900+0000][1][safepoint    ] Leaving safepoint region
[2019-12-11T08:57:42.900+0000][1][safepoint    ] Total time for which application threads were stopped: 0.0001330 seconds, Stopping threads took: 0.0000295 seconds
[2019-12-11T08:57:43.905+0000][1][safepoint    ] Application time: 1.0047513 seconds
[2019-12-11T08:57:43.905+0000][1][safepoint    ] Entering safepoint region: Cleanup
[2019-12-11T08:57:43.905+0000][1][safepoint    ] Leaving safepoint region
[2019-12-11T08:57:43.905+0000][1][safepoint    ] Total time for which application threads were stopped: 0.0001199 seconds, Stopping threads took: 0.0000261 seconds
[2019-12-11T08:57:44.909+0000][1][safepoint    ] Application time: 1.0038102 seconds
[2019-12-11T08:57:44.909+0000][1][safepoint    ] Entering safepoint region: Cleanup
[2019-12-11T08:57:44.909+0000][1][safepoint    ] Leaving safepoint region
[2019-12-11T08:57:44.909+0000][1][safepoint    ] Total time for which application threads were stopped: 0.0001341 seconds, Stopping threads took: 0.0000306 seconds
[2019-12-11T08:57:45.910+0000][1][safepoint    ] Application time: 1.0008339 seconds
[2019-12-11T08:57:45.910+0000][1][safepoint    ] Entering safepoint region: Cleanup
[2019-12-11T08:57:45.910+0000][1][safepoint    ] Leaving safepoint region
[2019-12-11T08:57:45.910+0000][1][safepoint    ] Total time for which application threads were stopped: 0.0001493 seconds, Stopping threads took: 0.0000300 seconds
[2019-12-11T08:57:46.914+0000][1][safepoint    ] Application time: 1.0037555 seconds
[2019-12-11T08:57:46.914+0000][1][safepoint    ] Entering safepoint region: Cleanup
[2019-12-11T08:57:46.914+0000][1][safepoint    ] Leaving safepoint region
[2019-12-11T08:57:46.914+0000][1][safepoint    ] Total time for which application threads were stopped: 0.0001311 seconds, Stopping threads took: 0.0000359 seconds
[2019-12-11T08:57:47.915+0000][1][safepoint    ] Application time: 1.0008077 seconds
[2019-12-11T08:57:47.915+0000][1][safepoint    ] Entering safepoint region: Cleanup
[2019-12-11T08:57:47.915+0000][1][safepoint    ] Leaving safepoint region
[2019-12-11T08:57:47.915+0000][1][safepoint    ] Total time for which application threads were stopped: 0.0001318 seconds, Stopping threads took: 0.0000302 seconds
[2019-12-11T08:57:48.919+0000][1][safepoint    ] Application time: 1.0038255 seconds
[2019-12-11T08:57:48.919+0000][1][safepoint    ] Entering safepoint region: Cleanup
[2019-12-11T08:57:48.919+0000][1][safepoint    ] Leaving safepoint region
[2019-12-11T08:57:48.919+0000][1][safepoint    ] Total time for which application threads were stopped: 0.0001239 seconds, Stopping threads took: 0.0000258 seconds
[2019-12-11T08:57:49.920+0000][1][safepoint    ] Application time: 1.0008178 seconds
[2019-12-11T08:57:49.920+0000][1][safepoint    ] Entering safepoint region: Cleanup
[2019-12-11T08:57:49.920+0000][1][safepoint    ] Leaving safepoint region
[2019-12-11T08:57:49.920+0000][1][safepoint    ] Total time for which application threads were stopped: 0.0001230 seconds, Stopping threads took: 0.0000271 seconds
[2019-12-11T08:57:50.922+0000][1][safepoint    ] Application time: 1.0018513 seconds
[2019-12-11T08:57:50.922+0000][1][safepoint    ] Entering safepoint region: Cleanup
[2019-12-11T08:57:50.922+0000][1][safepoint    ] Leaving safepoint region
[2019-12-11T08:57:50.922+0000][1][safepoint    ] Total time for which application threads were stopped: 0.0001290 seconds, Stopping threads took: 0.0000290 seconds
[2019-12-11T08:57:51.923+0000][1][safepoint    ] Application time: 1.0007571 seconds
[2019-12-11T08:57:51.923+0000][1][safepoint    ] Entering safepoint region: Cleanup
[2019-12-11T08:57:51.923+0000][1][safepoint    ] Leaving safepoint region
[2019-12-11T08:57:51.923+0000][1][safepoint    ] Total time for which application threads were stopped: 0.0001214 seconds, Stopping threads took: 0.0000284 seconds
[2019-12-11T08:57:52.926+0000][1][safepoint    ] Application time: 1.0028305 seconds
[2019-12-11T08:57:52.926+0000][1][safepoint    ] Entering safepoint region: Cleanup
[2019-12-11T08:57:52.926+0000][1][safepoint    ] Leaving safepoint region
[2019-12-11T08:57:52.926+0000][1][safepoint    ] Total time for which application threads were stopped: 0.0001272 seconds, Stopping threads took: 0.0000285 seconds
[2019-12-11T08:57:53.928+0000][1][safepoint    ] Application time: 1.0018330 seconds
[2019-12-11T08:57:53.928+0000][1][safepoint    ] Entering safepoint region: Cleanup
[2019-12-11T08:57:53.928+0000][1][safepoint    ] Leaving safepoint region
[2019-12-11T08:57:53.928+0000][1][safepoint    ] Total time for which application threads were stopped: 0.0001255 seconds, Stopping threads took: 0.0000287 seconds
[2019-12-11T08:57:54.934+0000][1][safepoint    ] Application time: 1.0057971 seconds
[2019-12-11T08:57:54.934+0000][1][safepoint    ] Entering safepoint region: Cleanup
[2019-12-11T08:57:54.934+0000][1][safepoint    ] Leaving safepoint region
[2019-12-11T08:57:54.934+0000][1][safepoint    ] Total time for which application threads were stopped: 0.0001332 seconds, Stopping threads took: 0.0000269 seconds
[2019-12-11T08:57:55.937+0000][1][safepoint    ] Application time: 1.0028033 seconds
[2019-12-11T08:57:55.937+0000][1][safepoint    ] Entering safepoint region: Cleanup
[2019-12-11T08:57:55.937+0000][1][safepoint    ] Leaving safepoint region
[2019-12-11T08:57:55.937+0000][1][safepoint    ] Total time for which application threads were stopped: 0.0001267 seconds, Stopping threads took: 0.0000281 seconds
[2019-12-11T08:57:56.940+0000][1][safepoint    ] Application time: 1.0028398 seconds
[2019-12-11T08:57:56.940+0000][1][safepoint    ] Entering safepoint region: Cleanup
[2019-12-11T08:57:56.940+0000][1][safepoint    ] Leaving safepoint region
[2019-12-11T08:57:56.940+0000][1][safepoint    ] Total time for which application threads were stopped: 0.0001244 seconds, Stopping threads took: 0.0000270 seconds
[2019-12-11T08:57:57.058+0000][1][safepoint    ] Application time: 0.1182072 seconds
[2019-12-11T08:57:57.058+0000][1][safepoint    ] Entering safepoint region: GenCollectForAllocation
[2019-12-11T08:57:57.058+0000][1][gc,start     ] GC(65) Pause Young (Allocation Failure)
[2019-12-11T08:57:57.058+0000][1][gc,task      ] GC(65) Using 2 workers of 2 for evacuation
[2019-12-11T08:57:57.067+0000][1][gc,age       ] GC(65) Desired survivor size 4456448 bytes, new threshold 6 (max threshold 6)
[2019-12-11T08:57:57.067+0000][1][gc,age       ] GC(65) Age table with threshold 6 (max threshold 6)
[2019-12-11T08:57:57.067+0000][1][gc,age       ] GC(65) - age   1:     639640 bytes,     639640 total
[2019-12-11T08:57:57.067+0000][1][gc,age       ] GC(65) - age   2:        440 bytes,     640080 total
[2019-12-11T08:57:57.067+0000][1][gc,age       ] GC(65) - age   3:       1552 bytes,     641632 total
[2019-12-11T08:57:57.067+0000][1][gc,age       ] GC(65) - age   4:        224 bytes,     641856 total
[2019-12-11T08:57:57.067+0000][1][gc,age       ] GC(65) - age   5:        112 bytes,     641968 total
[2019-12-11T08:57:57.068+0000][1][gc,heap      ] GC(65) ParNew: 70872K->691K(78656K)
[2019-12-11T08:57:57.068+0000][1][gc,heap      ] GC(65) CMS: 71383K->71384K(174784K)
[2019-12-11T08:57:57.068+0000][1][gc,metaspace ] GC(65) Metaspace: 76051K->76051K(1118208K)
[2019-12-11T08:57:57.068+0000][1][gc           ] GC(65) Pause Young (Allocation Failure) 138M->70M(247M) 9.203ms
[2019-12-11T08:57:57.068+0000][1][gc,cpu       ] GC(65) User=0.00s Sys=0.00s Real=0.01s
[2019-12-11T08:57:57.068+0000][1][safepoint    ] Leaving safepoint region
[2019-12-11T08:57:57.068+0000][1][safepoint    ] Total time for which application threads were stopped: 0.0094486 seconds, Stopping threads took: 0.0000280 seconds
[2019-12-11T08:57:58.069+0000][1][safepoint    ] Application time: 1.0011128 seconds
[2019-12-11T08:57:58.069+0000][1][safepoint    ] Entering safepoint region: Cleanup
[2019-12-11T08:57:58.069+0000][1][safepoint    ] Leaving safepoint region
[2019-12-11T08:57:58.069+0000][1][safepoint    ] Total time for which application threads were stopped: 0.0001348 seconds, Stopping threads took: 0.0000311 seconds
[2019-12-11T08:57:59.071+0000][1][safepoint    ] Application time: 1.0018772 seconds
[2019-12-11T08:57:59.071+0000][1][safepoint    ] Entering safepoint region: Cleanup
[2019-12-11T08:57:59.071+0000][1][safepoint    ] Leaving safepoint region
[2019-12-11T08:57:59.071+0000][1][safepoint    ] Total time for which application threads were stopped: 0.0001295 seconds, Stopping threads took: 0.0000282 seconds
[2019-12-11T08:58:00.072+0000][1][safepoint    ] Application time: 1.0007263 seconds
[2019-12-11T08:58:00.072+0000][1][safepoint    ] Entering safepoint region: Cleanup
[2019-12-11T08:58:00.072+0000][1][safepoint    ] Leaving safepoint region
[2019-12-11T08:58:00.072+0000][1][safepoint    ] Total time for which application threads were stopped: 0.0001454 seconds, Stopping threads took: 0.0000396 seconds
[2019-12-11T08:58:01.072+0000][1][safepoint    ] Application time: 1.0000820 seconds
[2019-12-11T08:58:01.072+0000][1][safepoint    ] Entering safepoint region: Cleanup
[2019-12-11T08:58:01.072+0000][1][safepoint    ] Leaving safepoint region
[2019-12-11T08:58:01.072+0000][1][safepoint    ] Total time for which application threads were stopped: 0.0001210 seconds, Stopping threads took: 0.0000269 seconds
[2019-12-11T08:58:02.076+0000][1][safepoint    ] Application time: 1.0035233 seconds
[2019-12-11T08:58:02.076+0000][1][safepoint    ] Entering safepoint region: Cleanup
[2019-12-11T08:58:02.076+0000][1][safepoint    ] Leaving safepoint region
[2019-12-11T08:58:02.076+0000][1][safepoint    ] Total time for which application threads were stopped: 0.0001364 seconds, Stopping threads took: 0.0000348 seconds
[2019-12-11T08:58:03.077+0000][1][safepoint    ] Application time: 1.0008374 seconds
[2019-12-11T08:58:03.077+0000][1][safepoint    ] Entering safepoint region: Cleanup
[2019-12-11T08:58:03.077+0000][1][safepoint    ] Leaving safepoint region
[2019-12-11T08:58:03.077+0000][1][safepoint    ] Total time for which application threads were stopped: 0.0001299 seconds, Stopping threads took: 0.0000266 seconds
[2019-12-11T08:58:04.079+0000][1][safepoint    ] Application time: 1.0017968 seconds
[2019-12-11T08:58:04.079+0000][1][safepoint    ] Entering safepoint region: Cleanup
[2019-12-11T08:58:04.079+0000][1][safepoint    ] Leaving safepoint region
[2019-12-11T08:58:04.079+0000][1][safepoint    ] Total time for which application threads were stopped: 0.0001424 seconds, Stopping threads took: 0.0000292 seconds
[2019-12-11T08:58:05.082+0000][1][safepoint    ] Application time: 1.0027935 seconds
[2019-12-11T08:58:05.082+0000][1][safepoint    ] Entering safepoint region: Cleanup
[2019-12-11T08:58:05.082+0000][1][safepoint    ] Leaving safepoint region
[2019-12-11T08:58:05.082+0000][1][safepoint    ] Total time for which application threads were stopped: 0.0001243 seconds, Stopping threads took: 0.0000264 seconds
[2019-12-11T08:58:06.083+0000][1][safepoint    ] Application time: 1.0008176 seconds
[2019-12-11T08:58:06.083+0000][1][safepoint    ] Entering safepoint region: Cleanup
[2019-12-11T08:58:06.083+0000][1][safepoint    ] Leaving safepoint region
[2019-12-11T08:58:06.083+0000][1][safepoint    ] Total time for which application threads were stopped: 0.0001324 seconds, Stopping threads took: 0.0000260 seconds
[2019-12-11T08:58:07.087+0000][1][safepoint    ] Application time: 1.0038141 seconds
[2019-12-11T08:58:07.087+0000][1][safepoint    ] Entering safepoint region: Cleanup
[2019-12-11T08:58:07.087+0000][1][safepoint    ] Leaving safepoint region
[2019-12-11T08:58:07.087+0000][1][safepoint    ] Total time for which application threads were stopped: 0.0001348 seconds, Stopping threads took: 0.0000310 seconds
[2019-12-11T08:58:08.088+0000][1][safepoint    ] Application time: 1.0008783 seconds
[2019-12-11T08:58:08.088+0000][1][safepoint    ] Entering safepoint region: Cleanup
[2019-12-11T08:58:08.088+0000][1][safepoint    ] Leaving safepoint region
[2019-12-11T08:58:08.088+0000][1][safepoint    ] Total time for which application threads were stopped: 0.0001285 seconds, Stopping threads took: 0.0000271 seconds
[2019-12-11T08:58:09.091+0000][1][safepoint    ] Application time: 1.0027060 seconds
[2019-12-11T08:58:09.091+0000][1][safepoint    ] Entering safepoint region: Cleanup
[2019-12-11T08:58:09.091+0000][1][safepoint    ] Leaving safepoint region
[2019-12-11T08:58:09.091+0000][1][safepoint    ] Total time for which application threads were stopped: 0.0001288 seconds, Stopping threads took: 0.0000284 seconds
[2019-12-11T08:58:10.092+0000][1][safepoint    ] Application time: 1.0008118 seconds
[2019-12-11T08:58:10.092+0000][1][safepoint    ] Entering safepoint region: Cleanup
[2019-12-11T08:58:10.092+0000][1][safepoint    ] Leaving safepoint region
[2019-12-11T08:58:10.092+0000][1][safepoint    ] Total time for which application threads were stopped: 0.0001533 seconds, Stopping threads took: 0.0000455 seconds
[2019-12-11T08:58:11.092+0000][1][safepoint    ] Application time: 1.0000974 seconds
[2019-12-11T08:58:11.092+0000][1][safepoint    ] Entering safepoint region: Cleanup
[2019-12-11T08:58:11.092+0000][1][safepoint    ] Leaving safepoint region
[2019-12-11T08:58:11.092+0000][1][safepoint    ] Total time for which application threads were stopped: 0.0001337 seconds, Stopping threads took: 0.0000306 seconds
[2019-12-11T08:58:12.095+0000][1][safepoint    ] Application time: 1.0024877 seconds
[2019-12-11T08:58:12.095+0000][1][safepoint    ] Entering safepoint region: Cleanup
[2019-12-11T08:58:12.095+0000][1][safepoint    ] Leaving safepoint region
[2019-12-11T08:58:12.095+0000][1][safepoint    ] Total time for which application threads were stopped: 0.0001335 seconds, Stopping threads took: 0.0000373 seconds
[2019-12-11T08:58:13.099+0000][1][safepoint    ] Application time: 1.0039806 seconds
[2019-12-11T08:58:13.099+0000][1][safepoint    ] Entering safepoint region: Cleanup
[2019-12-11T08:58:13.099+0000][1][safepoint    ] Leaving safepoint region
[2019-12-11T08:58:13.099+0000][1][safepoint    ] Total time for which application threads were stopped: 0.0001404 seconds, Stopping threads took: 0.0000305 seconds
[2019-12-11T08:58:14.100+0000][1][safepoint    ] Application time: 1.0006274 seconds
[2019-12-11T08:58:14.100+0000][1][safepoint    ] Entering safepoint region: Cleanup
[2019-12-11T08:58:14.100+0000][1][safepoint    ] Leaving safepoint region
[2019-12-11T08:58:14.100+0000][1][safepoint    ] Total time for which application threads were stopped: 0.0001302 seconds, Stopping threads took: 0.0000253 seconds
[2019-12-11T08:58:15.104+0000][1][safepoint    ] Application time: 1.0038113 seconds
[2019-12-11T08:58:15.104+0000][1][safepoint    ] Entering safepoint region: Cleanup
[2019-12-11T08:58:15.104+0000][1][safepoint    ] Leaving safepoint region
[2019-12-11T08:58:15.104+0000][1][safepoint    ] Total time for which application threads were stopped: 0.0001388 seconds, Stopping threads took: 0.0000294 seconds
[2019-12-11T08:58:16.105+0000][1][safepoint    ] Application time: 1.0008613 seconds
[2019-12-11T08:58:16.105+0000][1][safepoint    ] Entering safepoint region: Cleanup
[2019-12-11T08:58:16.105+0000][1][safepoint    ] Leaving safepoint region
[2019-12-11T08:58:16.105+0000][1][safepoint    ] Total time for which application threads were stopped: 0.0001187 seconds, Stopping threads took: 0.0000254 seconds
[2019-12-11T08:58:17.107+0000][1][safepoint    ] Application time: 1.0017921 seconds
[2019-12-11T08:58:17.107+0000][1][safepoint    ] Entering safepoint region: Cleanup
[2019-12-11T08:58:17.107+0000][1][safepoint    ] Leaving safepoint region
[2019-12-11T08:58:17.107+0000][1][safepoint    ] Total time for which application threads were stopped: 0.0001260 seconds, Stopping threads took: 0.0000260 seconds
[2019-12-11T08:58:18.108+0000][1][safepoint    ] Application time: 1.0008073 seconds
[2019-12-11T08:58:18.108+0000][1][safepoint    ] Entering safepoint region: Cleanup
[2019-12-11T08:58:18.108+0000][1][safepoint    ] Leaving safepoint region
[2019-12-11T08:58:18.108+0000][1][safepoint    ] Total time for which application threads were stopped: 0.0001310 seconds, Stopping threads took: 0.0000360 seconds
[2019-12-11T08:58:19.110+0000][1][safepoint    ] Application time: 1.0019464 seconds
[2019-12-11T08:58:19.110+0000][1][safepoint    ] Entering safepoint region: Cleanup
[2019-12-11T08:58:19.110+0000][1][safepoint    ] Leaving safepoint region
[2019-12-11T08:58:19.110+0000][1][safepoint    ] Total time for which application threads were stopped: 0.0001319 seconds, Stopping threads took: 0.0000287 seconds
[2019-12-11T08:58:20.112+0000][1][safepoint    ] Application time: 1.0016461 seconds
[2019-12-11T08:58:20.112+0000][1][safepoint    ] Entering safepoint region: Cleanup
[2019-12-11T08:58:20.112+0000][1][safepoint    ] Leaving safepoint region
[2019-12-11T08:58:20.112+0000][1][safepoint    ] Total time for which application threads were stopped: 0.0001277 seconds, Stopping threads took: 0.0000277 seconds
[2019-12-11T08:58:21.115+0000][1][safepoint    ] Application time: 1.0028060 seconds
[2019-12-11T08:58:21.115+0000][1][safepoint    ] Entering safepoint region: Cleanup
[2019-12-11T08:58:21.115+0000][1][safepoint    ] Leaving safepoint region
[2019-12-11T08:58:21.115+0000][1][safepoint    ] Total time for which application threads were stopped: 0.0001264 seconds, Stopping threads took: 0.0000273 seconds
[2019-12-11T08:58:22.116+0000][1][safepoint    ] Application time: 1.0008245 seconds
[2019-12-11T08:58:22.116+0000][1][safepoint    ] Entering safepoint region: Cleanup
[2019-12-11T08:58:22.116+0000][1][safepoint    ] Leaving safepoint region
[2019-12-11T08:58:22.116+0000][1][safepoint    ] Total time for which application threads were stopped: 0.0001418 seconds, Stopping threads took: 0.0000279 seconds
[2019-12-11T08:58:23.118+0000][1][safepoint    ] Application time: 1.0018604 seconds
[2019-12-11T08:58:23.118+0000][1][safepoint    ] Entering safepoint region: Cleanup
[2019-12-11T08:58:23.118+0000][1][safepoint    ] Leaving safepoint region
[2019-12-11T08:58:23.118+0000][1][safepoint    ] Total time for which application threads were stopped: 0.0001187 seconds, Stopping threads took: 0.0000266 seconds
[2019-12-11T08:58:24.121+0000][1][safepoint    ] Application time: 1.0029773 seconds
[2019-12-11T08:58:24.121+0000][1][safepoint    ] Entering safepoint region: Cleanup
[2019-12-11T08:58:24.121+0000][1][safepoint    ] Leaving safepoint region
[2019-12-11T08:58:24.121+0000][1][safepoint    ] Total time for which application threads were stopped: 0.0001232 seconds, Stopping threads took: 0.0000262 seconds
[2019-12-11T08:58:25.123+0000][1][safepoint    ] Application time: 1.0016227 seconds
[2019-12-11T08:58:25.123+0000][1][safepoint    ] Entering safepoint region: Cleanup
[2019-12-11T08:58:25.123+0000][1][safepoint    ] Leaving safepoint region
[2019-12-11T08:58:25.123+0000][1][safepoint    ] Total time for which application threads were stopped: 0.0001318 seconds, Stopping threads took: 0.0000291 seconds
[2019-12-11T08:58:26.124+0000][1][safepoint    ] Application time: 1.0009701 seconds
[2019-12-11T08:58:26.124+0000][1][safepoint    ] Entering safepoint region: Cleanup
[2019-12-11T08:58:26.124+0000][1][safepoint    ] Leaving safepoint region
[2019-12-11T08:58:26.124+0000][1][safepoint    ] Total time for which application threads were stopped: 0.0001486 seconds, Stopping threads took: 0.0000418 seconds
[2019-12-11T08:58:27.125+0000][1][safepoint    ] Application time: 1.0007647 seconds
[2019-12-11T08:58:27.125+0000][1][safepoint    ] Entering safepoint region: Cleanup
[2019-12-11T08:58:27.125+0000][1][safepoint    ] Leaving safepoint region
[2019-12-11T08:58:27.125+0000][1][safepoint    ] Total time for which application threads were stopped: 0.0001377 seconds, Stopping threads took: 0.0000291 seconds
[2019-12-11T08:58:28.934+0000][1][safepoint    ] Application time: 1.8086645 seconds
[2019-12-11T08:58:28.934+0000][1][safepoint    ] Entering safepoint region: Cleanup
[2019-12-11T08:58:28.934+0000][1][safepoint    ] Leaving safepoint region
[2019-12-11T08:58:28.934+0000][1][safepoint    ] Total time for which application threads were stopped: 0.0001396 seconds, Stopping threads took: 0.0000283 seconds
[2019-12-11T08:58:29.934+0000][1][safepoint    ] Application time: 1.0000845 seconds
[2019-12-11T08:58:29.934+0000][1][safepoint    ] Entering safepoint region: Cleanup
[2019-12-11T08:58:29.934+0000][1][safepoint    ] Leaving safepoint region
[2019-12-11T08:58:29.934+0000][1][safepoint    ] Total time for which application threads were stopped: 0.0001329 seconds, Stopping threads took: 0.0000282 seconds
[2019-12-11T08:58:30.935+0000][1][safepoint    ] Application time: 1.0005328 seconds
[2019-12-11T08:58:30.935+0000][1][safepoint    ] Entering safepoint region: Cleanup
[2019-12-11T08:58:30.935+0000][1][safepoint    ] Leaving safepoint region
[2019-12-11T08:58:30.935+0000][1][safepoint    ] Total time for which application threads were stopped: 0.0001377 seconds, Stopping threads took: 0.0000313 seconds
[2019-12-11T08:58:31.941+0000][1][safepoint    ] Application time: 1.0058407 seconds
[2019-12-11T08:58:31.941+0000][1][safepoint    ] Entering safepoint region: Cleanup
[2019-12-11T08:58:31.941+0000][1][safepoint    ] Leaving safepoint region
[2019-12-11T08:58:31.941+0000][1][safepoint    ] Total time for which application threads were stopped: 0.0001310 seconds, Stopping threads took: 0.0000282 seconds
[2019-12-11T08:58:32.944+0000][1][safepoint    ] Application time: 1.0027807 seconds
[2019-12-11T08:58:32.944+0000][1][safepoint    ] Entering safepoint region: Cleanup
[2019-12-11T08:58:32.944+0000][1][safepoint    ] Leaving safepoint region
[2019-12-11T08:58:32.944+0000][1][safepoint    ] Total time for which application threads were stopped: 0.0001387 seconds, Stopping threads took: 0.0000364 seconds
[2019-12-11T08:58:33.945+0000][1][safepoint    ] Application time: 1.0008258 seconds
[2019-12-11T08:58:33.945+0000][1][safepoint    ] Entering safepoint region: Cleanup
[2019-12-11T08:58:33.945+0000][1][safepoint    ] Leaving safepoint region
[2019-12-11T08:58:33.945+0000][1][safepoint    ] Total time for which application threads were stopped: 0.0001225 seconds, Stopping threads took: 0.0000263 seconds
[2019-12-11T08:58:34.948+0000][1][safepoint    ] Application time: 1.0028028 seconds
[2019-12-11T08:58:34.948+0000][1][safepoint    ] Entering safepoint region: Cleanup
[2019-12-11T08:58:34.948+0000][1][safepoint    ] Leaving safepoint region
[2019-12-11T08:58:34.948+0000][1][safepoint    ] Total time for which application threads were stopped: 0.0001410 seconds, Stopping threads took: 0.0000431 seconds
[2019-12-11T08:58:35.950+0000][1][safepoint    ] Application time: 1.0018346 seconds
[2019-12-11T08:58:35.950+0000][1][safepoint    ] Entering safepoint region: Cleanup
[2019-12-11T08:58:35.950+0000][1][safepoint    ] Leaving safepoint region
[2019-12-11T08:58:35.950+0000][1][safepoint    ] Total time for which application threads were stopped: 0.0001433 seconds, Stopping threads took: 0.0000295 seconds
[2019-12-11T08:58:36.767+0000][1][safepoint    ] Application time: 0.8168052 seconds
[2019-12-11T08:58:36.767+0000][1][safepoint    ] Entering safepoint region: GenCollectForAllocation
[2019-12-11T08:58:36.767+0000][1][gc,start     ] GC(66) Pause Young (Allocation Failure)
[2019-12-11T08:58:36.767+0000][1][gc,task      ] GC(66) Using 2 workers of 2 for evacuation
[2019-12-11T08:58:36.783+0000][1][gc,age       ] GC(66) Desired survivor size 4456448 bytes, new threshold 6 (max threshold 6)
[2019-12-11T08:58:36.783+0000][1][gc,age       ] GC(66) Age table with threshold 6 (max threshold 6)
[2019-12-11T08:58:36.783+0000][1][gc,age       ] GC(66) - age   1:     619296 bytes,     619296 total
[2019-12-11T08:58:36.783+0000][1][gc,age       ] GC(66) - age   2:      16456 bytes,     635752 total
[2019-12-11T08:58:36.783+0000][1][gc,age       ] GC(66) - age   3:        440 bytes,     636192 total
[2019-12-11T08:58:36.783+0000][1][gc,age       ] GC(66) - age   4:       1552 bytes,     637744 total
[2019-12-11T08:58:36.783+0000][1][gc,age       ] GC(66) - age   5:        224 bytes,     637968 total
[2019-12-11T08:58:36.783+0000][1][gc,age       ] GC(66) - age   6:        112 bytes,     638080 total
[2019-12-11T08:58:36.783+0000][1][gc,heap      ] GC(66) ParNew: 70643K->798K(78656K)
[2019-12-11T08:58:36.783+0000][1][gc,heap      ] GC(66) CMS: 71384K->71384K(174784K)
[2019-12-11T08:58:36.783+0000][1][gc,metaspace ] GC(66) Metaspace: 76062K->76062K(1118208K)
[2019-12-11T08:58:36.783+0000][1][gc           ] GC(66) Pause Young (Allocation Failure) 138M->70M(247M) 16.229ms
[2019-12-11T08:58:36.783+0000][1][gc,cpu       ] GC(66) User=0.00s Sys=0.00s Real=0.01s
[2019-12-11T08:58:36.783+0000][1][safepoint    ] Leaving safepoint region
[2019-12-11T08:58:36.783+0000][1][safepoint    ] Total time for which application threads were stopped: 0.0164503 seconds, Stopping threads took: 0.0000245 seconds
[2019-12-11T08:58:37.784+0000][1][safepoint    ] Application time: 1.0004784 seconds
[2019-12-11T08:58:37.784+0000][1][safepoint    ] Entering safepoint region: Cleanup
[2019-12-11T08:58:37.784+0000][1][safepoint    ] Leaving safepoint region
[2019-12-11T08:58:37.784+0000][1][safepoint    ] Total time for which application threads were stopped: 0.0001327 seconds, Stopping threads took: 0.0000291 seconds
[2019-12-11T08:58:38.787+0000][1][safepoint    ] Application time: 1.0027852 seconds
[2019-12-11T08:58:38.787+0000][1][safepoint    ] Entering safepoint region: Cleanup
[2019-12-11T08:58:38.787+0000][1][safepoint    ] Leaving safepoint region
[2019-12-11T08:58:38.787+0000][1][safepoint    ] Total time for which application threads were stopped: 0.0001482 seconds, Stopping threads took: 0.0000383 seconds
[2019-12-11T08:58:39.789+0000][1][safepoint    ] Application time: 1.0017862 seconds
[2019-12-11T08:58:39.789+0000][1][safepoint    ] Entering safepoint region: Cleanup
[2019-12-11T08:58:39.789+0000][1][safepoint    ] Leaving safepoint region
[2019-12-11T08:58:39.789+0000][1][safepoint    ] Total time for which application threads were stopped: 0.0001204 seconds, Stopping threads took: 0.0000265 seconds
[2019-12-11T08:58:40.795+0000][1][safepoint    ] Application time: 1.0058456 seconds
[2019-12-11T08:58:40.795+0000][1][safepoint    ] Entering safepoint region: Cleanup
[2019-12-11T08:58:40.795+0000][1][safepoint    ] Leaving safepoint region
[2019-12-11T08:58:40.795+0000][1][safepoint    ] Total time for which application threads were stopped: 0.0001313 seconds, Stopping threads took: 0.0000288 seconds
[2019-12-11T08:58:41.798+0000][1][safepoint    ] Application time: 1.0027771 seconds
[2019-12-11T08:58:41.798+0000][1][safepoint    ] Entering safepoint region: Cleanup
[2019-12-11T08:58:41.798+0000][1][safepoint    ] Leaving safepoint region
[2019-12-11T08:58:41.798+0000][1][safepoint    ] Total time for which application threads were stopped: 0.0001221 seconds, Stopping threads took: 0.0000277 seconds
[2019-12-11T08:58:42.800+0000][1][safepoint    ] Application time: 1.0018250 seconds
[2019-12-11T08:58:42.800+0000][1][safepoint    ] Entering safepoint region: Cleanup
[2019-12-11T08:58:42.800+0000][1][safepoint    ] Leaving safepoint region
[2019-12-11T08:58:42.800+0000][1][safepoint    ] Total time for which application threads were stopped: 0.0001569 seconds, Stopping threads took: 0.0000467 seconds
[2019-12-11T08:58:43.802+0000][1][safepoint    ] Application time: 1.0017875 seconds
[2019-12-11T08:58:43.802+0000][1][safepoint    ] Entering safepoint region: Cleanup
[2019-12-11T08:58:43.802+0000][1][safepoint    ] Leaving safepoint region
[2019-12-11T08:58:43.802+0000][1][safepoint    ] Total time for which application threads were stopped: 0.0001622 seconds, Stopping threads took: 0.0000299 seconds
[2019-12-11T08:58:44.803+0000][1][safepoint    ] Application time: 1.0008926 seconds
[2019-12-11T08:58:44.803+0000][1][safepoint    ] Entering safepoint region: Cleanup
[2019-12-11T08:58:44.803+0000][1][safepoint    ] Leaving safepoint region
[2019-12-11T08:58:44.803+0000][1][safepoint    ] Total time for which application threads were stopped: 0.0001326 seconds, Stopping threads took: 0.0000300 seconds
[2019-12-11T08:58:45.809+0000][1][safepoint    ] Application time: 1.0056698 seconds
[2019-12-11T08:58:45.809+0000][1][safepoint    ] Entering safepoint region: Cleanup
[2019-12-11T08:58:45.809+0000][1][safepoint    ] Leaving safepoint region
[2019-12-11T08:58:45.809+0000][1][safepoint    ] Total time for which application threads were stopped: 0.0001242 seconds, Stopping threads took: 0.0000268 seconds
[2019-12-11T08:58:46.811+0000][1][safepoint    ] Application time: 1.0018907 seconds
[2019-12-11T08:58:46.811+0000][1][safepoint    ] Entering safepoint region: Cleanup
[2019-12-11T08:58:46.811+0000][1][safepoint    ] Leaving safepoint region
[2019-12-11T08:58:46.811+0000][1][safepoint    ] Total time for which application threads were stopped: 0.0001137 seconds, Stopping threads took: 0.0000257 seconds
[2019-12-11T08:58:47.811+0000][1][safepoint    ] Application time: 1.0000850 seconds
[2019-12-11T08:58:47.811+0000][1][safepoint    ] Entering safepoint region: Cleanup
[2019-12-11T08:58:47.811+0000][1][safepoint    ] Leaving safepoint region
[2019-12-11T08:58:47.811+0000][1][safepoint    ] Total time for which application threads were stopped: 0.0001273 seconds, Stopping threads took: 0.0000278 seconds
[2019-12-11T08:58:48.812+0000][1][safepoint    ] Application time: 1.0005413 seconds
[2019-12-11T08:58:48.812+0000][1][safepoint    ] Entering safepoint region: Cleanup
[2019-12-11T08:58:48.812+0000][1][safepoint    ] Leaving safepoint region
[2019-12-11T08:58:48.812+0000][1][safepoint    ] Total time for which application threads were stopped: 0.0001304 seconds, Stopping threads took: 0.0000286 seconds
[2019-12-11T08:58:49.813+0000][1][safepoint    ] Application time: 1.0007948 seconds
[2019-12-11T08:58:49.813+0000][1][safepoint    ] Entering safepoint region: Cleanup
[2019-12-11T08:58:49.813+0000][1][safepoint    ] Leaving safepoint region
[2019-12-11T08:58:49.813+0000][1][safepoint    ] Total time for which application threads were stopped: 0.0001269 seconds, Stopping threads took: 0.0000296 seconds
[2019-12-11T08:58:50.814+0000][1][safepoint    ] Application time: 1.0008217 seconds
[2019-12-11T08:58:50.814+0000][1][safepoint    ] Entering safepoint region: Cleanup
[2019-12-11T08:58:50.814+0000][1][safepoint    ] Leaving safepoint region
[2019-12-11T08:58:50.814+0000][1][safepoint    ] Total time for which application threads were stopped: 0.0001284 seconds, Stopping threads took: 0.0000309 seconds
[2019-12-11T08:58:51.818+0000][1][safepoint    ] Application time: 1.0037820 seconds
[2019-12-11T08:58:51.818+0000][1][safepoint    ] Entering safepoint region: Cleanup
[2019-12-11T08:58:51.818+0000][1][safepoint    ] Leaving safepoint region
[2019-12-11T08:58:51.818+0000][1][safepoint    ] Total time for which application threads were stopped: 0.0001345 seconds, Stopping threads took: 0.0000271 seconds
[2019-12-11T08:58:52.823+0000][1][safepoint    ] Application time: 1.0048027 seconds
[2019-12-11T08:58:52.823+0000][1][safepoint    ] Entering safepoint region: Cleanup
[2019-12-11T08:58:52.823+0000][1][safepoint    ] Leaving safepoint region
[2019-12-11T08:58:52.823+0000][1][safepoint    ] Total time for which application threads were stopped: 0.0001441 seconds, Stopping threads took: 0.0000279 seconds
[2019-12-11T08:58:53.823+0000][1][safepoint    ] Application time: 1.0000900 seconds
[2019-12-11T08:58:53.823+0000][1][safepoint    ] Entering safepoint region: Cleanup
[2019-12-11T08:58:53.823+0000][1][safepoint    ] Leaving safepoint region
[2019-12-11T08:58:53.823+0000][1][safepoint    ] Total time for which application threads were stopped: 0.0001381 seconds, Stopping threads took: 0.0000293 seconds
[2019-12-11T08:58:54.823+0000][1][safepoint    ] Application time: 1.0001674 seconds
[2019-12-11T08:58:54.823+0000][1][safepoint    ] Entering safepoint region: Cleanup
[2019-12-11T08:58:54.824+0000][1][safepoint    ] Leaving safepoint region
[2019-12-11T08:58:54.824+0000][1][safepoint    ] Total time for which application threads were stopped: 0.0001296 seconds, Stopping threads took: 0.0000288 seconds
[2019-12-11T08:58:55.824+0000][1][safepoint    ] Application time: 1.0002696 seconds
[2019-12-11T08:58:55.824+0000][1][safepoint    ] Entering safepoint region: Cleanup
[2019-12-11T08:58:55.824+0000][1][safepoint    ] Leaving safepoint region
[2019-12-11T08:58:55.824+0000][1][safepoint    ] Total time for which application threads were stopped: 0.0001300 seconds, Stopping threads took: 0.0000289 seconds
[2019-12-11T08:58:56.825+0000][1][safepoint    ] Application time: 1.0007117 seconds
[2019-12-11T08:58:56.825+0000][1][safepoint    ] Entering safepoint region: Cleanup
[2019-12-11T08:58:56.825+0000][1][safepoint    ] Leaving safepoint region
[2019-12-11T08:58:56.825+0000][1][safepoint    ] Total time for which application threads were stopped: 0.0001254 seconds, Stopping threads took: 0.0000274 seconds
[2019-12-11T08:58:57.828+0000][1][safepoint    ] Application time: 1.0028022 seconds
[2019-12-11T08:58:57.828+0000][1][safepoint    ] Entering safepoint region: Cleanup
[2019-12-11T08:58:57.828+0000][1][safepoint    ] Leaving safepoint region
[2019-12-11T08:58:57.828+0000][1][safepoint    ] Total time for which application threads were stopped: 0.0001289 seconds, Stopping threads took: 0.0000305 seconds
[2019-12-11T08:58:59.289+0000][1][safepoint    ] Application time: 1.4611719 seconds
[2019-12-11T08:58:59.289+0000][1][safepoint    ] Entering safepoint region: Cleanup
[2019-12-11T08:58:59.289+0000][1][safepoint    ] Leaving safepoint region
[2019-12-11T08:58:59.289+0000][1][safepoint    ] Total time for which application threads were stopped: 0.0001263 seconds, Stopping threads took: 0.0000283 seconds
[2019-12-11T08:59:00.290+0000][1][safepoint    ] Application time: 1.0004642 seconds
[2019-12-11T08:59:00.290+0000][1][safepoint    ] Entering safepoint region: Cleanup
[2019-12-11T08:59:00.290+0000][1][safepoint    ] Leaving safepoint region
[2019-12-11T08:59:00.290+0000][1][safepoint    ] Total time for which application threads were stopped: 0.0001174 seconds, Stopping threads took: 0.0000275 seconds
[2019-12-11T08:59:01.290+0000][1][safepoint    ] Application time: 1.0005900 seconds
[2019-12-11T08:59:01.291+0000][1][safepoint    ] Entering safepoint region: Cleanup
[2019-12-11T08:59:01.291+0000][1][safepoint    ] Leaving safepoint region
[2019-12-11T08:59:01.291+0000][1][safepoint    ] Total time for which application threads were stopped: 0.0001695 seconds, Stopping threads took: 0.0000500 seconds
[2019-12-11T08:59:02.295+0000][1][safepoint    ] Application time: 1.0040582 seconds
[2019-12-11T08:59:02.295+0000][1][safepoint    ] Entering safepoint region: Cleanup
[2019-12-11T08:59:02.295+0000][1][safepoint    ] Leaving safepoint region
[2019-12-11T08:59:02.295+0000][1][safepoint    ] Total time for which application threads were stopped: 0.0001201 seconds, Stopping threads took: 0.0000273 seconds
[2019-12-11T08:59:03.297+0000][1][safepoint    ] Application time: 1.0017550 seconds
[2019-12-11T08:59:03.297+0000][1][safepoint    ] Entering safepoint region: Cleanup
[2019-12-11T08:59:03.297+0000][1][safepoint    ] Leaving safepoint region
[2019-12-11T08:59:03.297+0000][1][safepoint    ] Total time for which application threads were stopped: 0.0001259 seconds, Stopping threads took: 0.0000275 seconds
[2019-12-11T08:59:04.298+0000][1][safepoint    ] Application time: 1.0008328 seconds
[2019-12-11T08:59:04.298+0000][1][safepoint    ] Entering safepoint region: Cleanup
[2019-12-11T08:59:04.298+0000][1][safepoint    ] Leaving safepoint region
[2019-12-11T08:59:04.298+0000][1][safepoint    ] Total time for which application threads were stopped: 0.0001521 seconds, Stopping threads took: 0.0000296 seconds
[2019-12-11T08:59:05.301+0000][1][safepoint    ] Application time: 1.0027616 seconds
[2019-12-11T08:59:05.301+0000][1][safepoint    ] Entering safepoint region: Cleanup
[2019-12-11T08:59:05.301+0000][1][safepoint    ] Leaving safepoint region
[2019-12-11T08:59:05.301+0000][1][safepoint    ] Total time for which application threads were stopped: 0.0001216 seconds, Stopping threads took: 0.0000272 seconds
[2019-12-11T08:59:06.302+0000][1][safepoint    ] Application time: 1.0008829 seconds
[2019-12-11T08:59:06.302+0000][1][safepoint    ] Entering safepoint region: Cleanup
[2019-12-11T08:59:06.302+0000][1][safepoint    ] Leaving safepoint region
[2019-12-11T08:59:06.302+0000][1][safepoint    ] Total time for which application threads were stopped: 0.0001146 seconds, Stopping threads took: 0.0000262 seconds
[2019-12-11T08:59:07.306+0000][1][safepoint    ] Application time: 1.0037745 seconds
[2019-12-11T08:59:07.306+0000][1][safepoint    ] Entering safepoint region: Cleanup
[2019-12-11T08:59:07.306+0000][1][safepoint    ] Leaving safepoint region
[2019-12-11T08:59:07.306+0000][1][safepoint    ] Total time for which application threads were stopped: 0.0001301 seconds, Stopping threads took: 0.0000302 seconds
[2019-12-11T08:59:08.308+0000][1][safepoint    ] Application time: 1.0018130 seconds
[2019-12-11T08:59:08.308+0000][1][safepoint    ] Entering safepoint region: Cleanup
[2019-12-11T08:59:08.308+0000][1][safepoint    ] Leaving safepoint region
[2019-12-11T08:59:08.308+0000][1][safepoint    ] Total time for which application threads were stopped: 0.0001274 seconds, Stopping threads took: 0.0000283 seconds
[2019-12-11T08:59:09.309+0000][1][safepoint    ] Application time: 1.0008097 seconds
[2019-12-11T08:59:09.309+0000][1][safepoint    ] Entering safepoint region: Cleanup
[2019-12-11T08:59:09.309+0000][1][safepoint    ] Leaving safepoint region
[2019-12-11T08:59:09.309+0000][1][safepoint    ] Total time for which application threads were stopped: 0.0001316 seconds, Stopping threads took: 0.0000309 seconds
[2019-12-11T08:59:10.310+0000][1][safepoint    ] Application time: 1.0008258 seconds
[2019-12-11T08:59:10.310+0000][1][safepoint    ] Entering safepoint region: Cleanup
[2019-12-11T08:59:10.310+0000][1][safepoint    ] Leaving safepoint region
[2019-12-11T08:59:10.310+0000][1][safepoint    ] Total time for which application threads were stopped: 0.0001266 seconds, Stopping threads took: 0.0000286 seconds
[2019-12-11T08:59:11.313+0000][1][safepoint    ] Application time: 1.0027829 seconds
[2019-12-11T08:59:11.313+0000][1][safepoint    ] Entering safepoint region: Cleanup
[2019-12-11T08:59:11.313+0000][1][safepoint    ] Leaving safepoint region
[2019-12-11T08:59:11.313+0000][1][safepoint    ] Total time for which application threads were stopped: 0.0001265 seconds, Stopping threads took: 0.0000303 seconds
[2019-12-11T08:59:12.315+0000][1][safepoint    ] Application time: 1.0018172 seconds
[2019-12-11T08:59:12.315+0000][1][safepoint    ] Entering safepoint region: Cleanup
[2019-12-11T08:59:12.315+0000][1][safepoint    ] Leaving safepoint region
[2019-12-11T08:59:12.315+0000][1][safepoint    ] Total time for which application threads were stopped: 0.0001288 seconds, Stopping threads took: 0.0000292 seconds
[2019-12-11T08:59:13.316+0000][1][safepoint    ] Application time: 1.0008183 seconds
[2019-12-11T08:59:13.316+0000][1][safepoint    ] Entering safepoint region: Cleanup
[2019-12-11T08:59:13.316+0000][1][safepoint    ] Leaving safepoint region
[2019-12-11T08:59:13.316+0000][1][safepoint    ] Total time for which application threads were stopped: 0.0001305 seconds, Stopping threads took: 0.0000291 seconds
[2019-12-11T08:59:14.317+0000][1][safepoint    ] Application time: 1.0007966 seconds
[2019-12-11T08:59:14.317+0000][1][safepoint    ] Entering safepoint region: Cleanup
[2019-12-11T08:59:14.317+0000][1][safepoint    ] Leaving safepoint region
[2019-12-11T08:59:14.317+0000][1][safepoint    ] Total time for which application threads were stopped: 0.0001405 seconds, Stopping threads took: 0.0000356 seconds
[2019-12-11T08:59:15.318+0000][1][safepoint    ] Application time: 1.0008856 seconds
[2019-12-11T08:59:15.318+0000][1][safepoint    ] Entering safepoint region: Cleanup
[2019-12-11T08:59:15.318+0000][1][safepoint    ] Leaving safepoint region
[2019-12-11T08:59:15.318+0000][1][safepoint    ] Total time for which application threads were stopped: 0.0001212 seconds, Stopping threads took: 0.0000269 seconds
[2019-12-11T08:59:16.319+0000][1][safepoint    ] Application time: 1.0007656 seconds
[2019-12-11T08:59:16.319+0000][1][safepoint    ] Entering safepoint region: Cleanup
[2019-12-11T08:59:16.319+0000][1][safepoint    ] Leaving safepoint region
[2019-12-11T08:59:16.319+0000][1][safepoint    ] Total time for which application threads were stopped: 0.0001376 seconds, Stopping threads took: 0.0000281 seconds
[2019-12-11T08:59:17.321+0000][1][safepoint    ] Application time: 1.0017933 seconds
[2019-12-11T08:59:17.321+0000][1][safepoint    ] Entering safepoint region: Cleanup
[2019-12-11T08:59:17.321+0000][1][safepoint    ] Leaving safepoint region
[2019-12-11T08:59:17.321+0000][1][safepoint    ] Total time for which application threads were stopped: 0.0001172 seconds, Stopping threads took: 0.0000260 seconds
[2019-12-11T08:59:17.869+0000][1][safepoint    ] Application time: 0.5478470 seconds
[2019-12-11T08:59:17.869+0000][1][safepoint    ] Entering safepoint region: GenCollectForAllocation
[2019-12-11T08:59:17.869+0000][1][gc,start     ] GC(67) Pause Young (Allocation Failure)
[2019-12-11T08:59:17.869+0000][1][gc,task      ] GC(67) Using 2 workers of 2 for evacuation
[2019-12-11T08:59:17.882+0000][1][gc,age       ] GC(67) Desired survivor size 4456448 bytes, new threshold 6 (max threshold 6)
[2019-12-11T08:59:17.882+0000][1][gc,age       ] GC(67) Age table with threshold 6 (max threshold 6)
[2019-12-11T08:59:17.882+0000][1][gc,age       ] GC(67) - age   1:     684152 bytes,     684152 total
[2019-12-11T08:59:17.882+0000][1][gc,age       ] GC(67) - age   2:       1016 bytes,     685168 total
[2019-12-11T08:59:17.882+0000][1][gc,age       ] GC(67) - age   3:      16456 bytes,     701624 total
[2019-12-11T08:59:17.882+0000][1][gc,age       ] GC(67) - age   4:        440 bytes,     702064 total
[2019-12-11T08:59:17.882+0000][1][gc,age       ] GC(67) - age   5:       1552 bytes,     703616 total
[2019-12-11T08:59:17.882+0000][1][gc,age       ] GC(67) - age   6:        224 bytes,     703840 total
[2019-12-11T08:59:17.882+0000][1][gc,heap      ] GC(67) ParNew: 70737K->716K(78656K)
[2019-12-11T08:59:17.882+0000][1][gc,heap      ] GC(67) CMS: 71384K->71384K(174784K)
[2019-12-11T08:59:17.882+0000][1][gc,metaspace ] GC(67) Metaspace: 76062K->76062K(1118208K)
[2019-12-11T08:59:17.882+0000][1][gc           ] GC(67) Pause Young (Allocation Failure) 138M->70M(247M) 13.294ms
[2019-12-11T08:59:17.882+0000][1][gc,cpu       ] GC(67) User=0.00s Sys=0.00s Real=0.01s
[2019-12-11T08:59:17.882+0000][1][safepoint    ] Leaving safepoint region
[2019-12-11T08:59:17.882+0000][1][safepoint    ] Total time for which application threads were stopped: 0.0135111 seconds, Stopping threads took: 0.0000257 seconds
[2019-12-11T08:59:18.884+0000][1][safepoint    ] Application time: 1.0014353 seconds
[2019-12-11T08:59:18.884+0000][1][safepoint    ] Entering safepoint region: Cleanup
[2019-12-11T08:59:18.884+0000][1][safepoint    ] Leaving safepoint region
[2019-12-11T08:59:18.884+0000][1][safepoint    ] Total time for which application threads were stopped: 0.0001293 seconds, Stopping threads took: 0.0000306 seconds
[2019-12-11T08:59:19.887+0000][1][safepoint    ] Application time: 1.0028018 seconds
[2019-12-11T08:59:19.887+0000][1][safepoint    ] Entering safepoint region: Cleanup
[2019-12-11T08:59:19.887+0000][1][safepoint    ] Leaving safepoint region
[2019-12-11T08:59:19.887+0000][1][safepoint    ] Total time for which application threads were stopped: 0.0001248 seconds, Stopping threads took: 0.0000369 seconds
[2019-12-11T08:59:20.888+0000][1][safepoint    ] Application time: 1.0008470 seconds
[2019-12-11T08:59:20.888+0000][1][safepoint    ] Entering safepoint region: Cleanup
[2019-12-11T08:59:20.888+0000][1][safepoint    ] Leaving safepoint region
[2019-12-11T08:59:20.888+0000][1][safepoint    ] Total time for which application threads were stopped: 0.0001233 seconds, Stopping threads took: 0.0000272 seconds
[2019-12-11T08:59:21.891+0000][1][safepoint    ] Application time: 1.0028524 seconds
[2019-12-11T08:59:21.891+0000][1][safepoint    ] Entering safepoint region: Cleanup
[2019-12-11T08:59:21.891+0000][1][safepoint    ] Leaving safepoint region
[2019-12-11T08:59:21.891+0000][1][safepoint    ] Total time for which application threads were stopped: 0.0001273 seconds, Stopping threads took: 0.0000259 seconds
[2019-12-11T08:59:23.099+0000][1][safepoint    ] Application time: 1.2077646 seconds
[2019-12-11T08:59:23.099+0000][1][safepoint    ] Entering safepoint region: Cleanup
[2019-12-11T08:59:23.099+0000][1][safepoint    ] Leaving safepoint region
[2019-12-11T08:59:23.099+0000][1][safepoint    ] Total time for which application threads were stopped: 0.0001277 seconds, Stopping threads took: 0.0000370 seconds
[2019-12-11T08:59:24.103+0000][1][safepoint    ] Application time: 1.0038262 seconds
[2019-12-11T08:59:24.103+0000][1][safepoint    ] Entering safepoint region: Cleanup
[2019-12-11T08:59:24.103+0000][1][safepoint    ] Leaving safepoint region
[2019-12-11T08:59:24.103+0000][1][safepoint    ] Total time for which application threads were stopped: 0.0001205 seconds, Stopping threads took: 0.0000281 seconds
[2019-12-11T08:59:25.105+0000][1][safepoint    ] Application time: 1.0018401 seconds
[2019-12-11T08:59:25.105+0000][1][safepoint    ] Entering safepoint region: Cleanup
[2019-12-11T08:59:25.105+0000][1][safepoint    ] Leaving safepoint region
[2019-12-11T08:59:25.105+0000][1][safepoint    ] Total time for which application threads were stopped: 0.0001276 seconds, Stopping threads took: 0.0000274 seconds
[2019-12-11T08:59:26.108+0000][1][safepoint    ] Application time: 1.0028023 seconds
[2019-12-11T08:59:26.108+0000][1][safepoint    ] Entering safepoint region: Cleanup
[2019-12-11T08:59:26.108+0000][1][safepoint    ] Leaving safepoint region
[2019-12-11T08:59:26.108+0000][1][safepoint    ] Total time for which application threads were stopped: 0.0001490 seconds, Stopping threads took: 0.0000405 seconds
[2019-12-11T08:59:27.110+0000][1][safepoint    ] Application time: 1.0018635 seconds
[2019-12-11T08:59:27.110+0000][1][safepoint    ] Entering safepoint region: Cleanup
[2019-12-11T08:59:27.110+0000][1][safepoint    ] Leaving safepoint region
[2019-12-11T08:59:27.110+0000][1][safepoint    ] Total time for which application threads were stopped: 0.0001292 seconds, Stopping threads took: 0.0000302 seconds
[2019-12-11T08:59:28.112+0000][1][safepoint    ] Application time: 1.0017664 seconds
[2019-12-11T08:59:28.115+0000][1][safepoint    ] Entering safepoint region: Cleanup
[2019-12-11T08:59:28.115+0000][1][safepoint    ] Leaving safepoint region
[2019-12-11T08:59:28.115+0000][1][safepoint    ] Total time for which application threads were stopped: 0.0030869 seconds, Stopping threads took: 0.0029612 seconds
[2019-12-11T08:59:29.116+0000][1][safepoint    ] Application time: 1.0008310 seconds
[2019-12-11T08:59:29.116+0000][1][safepoint    ] Entering safepoint region: Cleanup
[2019-12-11T08:59:29.116+0000][1][safepoint    ] Leaving safepoint region
[2019-12-11T08:59:29.116+0000][1][safepoint    ] Total time for which application threads were stopped: 0.0001141 seconds, Stopping threads took: 0.0000265 seconds
[2019-12-11T08:59:30.117+0000][1][safepoint    ] Application time: 1.0008287 seconds
[2019-12-11T08:59:30.117+0000][1][safepoint    ] Entering safepoint region: Cleanup
[2019-12-11T08:59:30.117+0000][1][safepoint    ] Leaving safepoint region
[2019-12-11T08:59:30.117+0000][1][safepoint    ] Total time for which application threads were stopped: 0.0001295 seconds, Stopping threads took: 0.0000376 seconds
[2019-12-11T08:59:31.120+0000][1][safepoint    ] Application time: 1.0029719 seconds
[2019-12-11T08:59:31.120+0000][1][safepoint    ] Entering safepoint region: Cleanup
[2019-12-11T08:59:31.120+0000][1][safepoint    ] Leaving safepoint region
[2019-12-11T08:59:31.120+0000][1][safepoint    ] Total time for which application threads were stopped: 0.0000973 seconds, Stopping threads took: 0.0000234 seconds
[2019-12-11T08:59:32.121+0000][1][safepoint    ] Application time: 1.0007812 seconds
[2019-12-11T08:59:32.121+0000][1][safepoint    ] Entering safepoint region: Cleanup
[2019-12-11T08:59:32.121+0000][1][safepoint    ] Leaving safepoint region
[2019-12-11T08:59:32.121+0000][1][safepoint    ] Total time for which application threads were stopped: 0.0001387 seconds, Stopping threads took: 0.0000388 seconds
[2019-12-11T08:59:33.121+0000][1][safepoint    ] Application time: 1.0000906 seconds
[2019-12-11T08:59:33.121+0000][1][safepoint    ] Entering safepoint region: Cleanup
[2019-12-11T08:59:33.121+0000][1][safepoint    ] Leaving safepoint region
[2019-12-11T08:59:33.121+0000][1][safepoint    ] Total time for which application threads were stopped: 0.0001314 seconds, Stopping threads took: 0.0000348 seconds
[2019-12-11T08:59:34.121+0000][1][safepoint    ] Application time: 1.0000885 seconds
[2019-12-11T08:59:34.121+0000][1][safepoint    ] Entering safepoint region: Cleanup
[2019-12-11T08:59:34.122+0000][1][safepoint    ] Leaving safepoint region
[2019-12-11T08:59:34.122+0000][1][safepoint    ] Total time for which application threads were stopped: 0.0001289 seconds, Stopping threads took: 0.0000296 seconds
[2019-12-11T08:59:35.126+0000][1][safepoint    ] Application time: 1.0041853 seconds
[2019-12-11T08:59:35.126+0000][1][safepoint    ] Entering safepoint region: Cleanup
[2019-12-11T08:59:35.126+0000][1][safepoint    ] Leaving safepoint region
[2019-12-11T08:59:35.126+0000][1][safepoint    ] Total time for which application threads were stopped: 0.0001245 seconds, Stopping threads took: 0.0000280 seconds
[2019-12-11T08:59:36.128+0000][1][safepoint    ] Application time: 1.0018109 seconds
[2019-12-11T08:59:36.128+0000][1][safepoint    ] Entering safepoint region: Cleanup
[2019-12-11T08:59:36.128+0000][1][safepoint    ] Leaving safepoint region
[2019-12-11T08:59:36.128+0000][1][safepoint    ] Total time for which application threads were stopped: 0.0001225 seconds, Stopping threads took: 0.0000269 seconds
[2019-12-11T08:59:37.129+0000][1][safepoint    ] Application time: 1.0008453 seconds
[2019-12-11T08:59:37.129+0000][1][safepoint    ] Entering safepoint region: Cleanup
[2019-12-11T08:59:37.129+0000][1][safepoint    ] Leaving safepoint region
[2019-12-11T08:59:37.129+0000][1][safepoint    ] Total time for which application threads were stopped: 0.0001228 seconds, Stopping threads took: 0.0000298 seconds
[2019-12-11T08:59:38.130+0000][1][safepoint    ] Application time: 1.0008089 seconds
[2019-12-11T08:59:38.130+0000][1][safepoint    ] Entering safepoint region: Cleanup
[2019-12-11T08:59:38.130+0000][1][safepoint    ] Leaving safepoint region
[2019-12-11T08:59:38.130+0000][1][safepoint    ] Total time for which application threads were stopped: 0.0001444 seconds, Stopping threads took: 0.0000265 seconds
[2019-12-11T08:59:39.131+0000][1][safepoint    ] Application time: 1.0008234 seconds
[2019-12-11T08:59:39.131+0000][1][safepoint    ] Entering safepoint region: Cleanup
[2019-12-11T08:59:39.131+0000][1][safepoint    ] Leaving safepoint region
[2019-12-11T08:59:39.131+0000][1][safepoint    ] Total time for which application threads were stopped: 0.0001222 seconds, Stopping threads took: 0.0000271 seconds
[2019-12-11T08:59:40.134+0000][1][safepoint    ] Application time: 1.0027878 seconds
[2019-12-11T08:59:40.134+0000][1][safepoint    ] Entering safepoint region: Cleanup
[2019-12-11T08:59:40.134+0000][1][safepoint    ] Leaving safepoint region
[2019-12-11T08:59:40.134+0000][1][safepoint    ] Total time for which application threads were stopped: 0.0001301 seconds, Stopping threads took: 0.0000283 seconds
[2019-12-11T08:59:41.135+0000][1][safepoint    ] Application time: 1.0008057 seconds
[2019-12-11T08:59:41.135+0000][1][safepoint    ] Entering safepoint region: Cleanup
[2019-12-11T08:59:41.135+0000][1][safepoint    ] Leaving safepoint region
[2019-12-11T08:59:41.135+0000][1][safepoint    ] Total time for which application threads were stopped: 0.0001313 seconds, Stopping threads took: 0.0000288 seconds
[2019-12-11T08:59:42.137+0000][1][safepoint    ] Application time: 1.0018785 seconds
[2019-12-11T08:59:42.137+0000][1][safepoint    ] Entering safepoint region: Cleanup
[2019-12-11T08:59:42.137+0000][1][safepoint    ] Leaving safepoint region
[2019-12-11T08:59:42.137+0000][1][safepoint    ] Total time for which application threads were stopped: 0.0001241 seconds, Stopping threads took: 0.0000277 seconds
[2019-12-11T08:59:43.140+0000][1][safepoint    ] Application time: 1.0027410 seconds
[2019-12-11T08:59:43.140+0000][1][safepoint    ] Entering safepoint region: Cleanup
[2019-12-11T08:59:43.140+0000][1][safepoint    ] Leaving safepoint region
[2019-12-11T08:59:43.140+0000][1][safepoint    ] Total time for which application threads were stopped: 0.0001265 seconds, Stopping threads took: 0.0000286 seconds
[2019-12-11T08:59:44.143+0000][1][safepoint    ] Application time: 1.0028126 seconds
[2019-12-11T08:59:44.143+0000][1][safepoint    ] Entering safepoint region: Cleanup
[2019-12-11T08:59:44.143+0000][1][safepoint    ] Leaving safepoint region
[2019-12-11T08:59:44.143+0000][1][safepoint    ] Total time for which application threads were stopped: 0.0001368 seconds, Stopping threads took: 0.0000404 seconds
[2019-12-11T08:59:45.146+0000][1][safepoint    ] Application time: 1.0028046 seconds
[2019-12-11T08:59:45.146+0000][1][safepoint    ] Entering safepoint region: Cleanup
[2019-12-11T08:59:45.146+0000][1][safepoint    ] Leaving safepoint region
[2019-12-11T08:59:45.146+0000][1][safepoint    ] Total time for which application threads were stopped: 0.0001302 seconds, Stopping threads took: 0.0000289 seconds
[2019-12-11T08:59:46.149+0000][1][safepoint    ] Application time: 1.0031012 seconds
[2019-12-11T08:59:46.149+0000][1][safepoint    ] Entering safepoint region: Cleanup
[2019-12-11T08:59:46.149+0000][1][safepoint    ] Leaving safepoint region
[2019-12-11T08:59:46.149+0000][1][safepoint    ] Total time for which application threads were stopped: 0.0001265 seconds, Stopping threads took: 0.0000293 seconds
[2019-12-11T08:59:47.150+0000][1][safepoint    ] Application time: 1.0005441 seconds
[2019-12-11T08:59:47.150+0000][1][safepoint    ] Entering safepoint region: Cleanup
[2019-12-11T08:59:47.150+0000][1][safepoint    ] Leaving safepoint region
[2019-12-11T08:59:47.150+0000][1][safepoint    ] Total time for which application threads were stopped: 0.0001124 seconds, Stopping threads took: 0.0000243 seconds
[2019-12-11T08:59:48.151+0000][1][safepoint    ] Application time: 1.0008784 seconds
[2019-12-11T08:59:48.151+0000][1][safepoint    ] Entering safepoint region: Cleanup
[2019-12-11T08:59:48.151+0000][1][safepoint    ] Leaving safepoint region
[2019-12-11T08:59:48.151+0000][1][safepoint    ] Total time for which application threads were stopped: 0.0001265 seconds, Stopping threads took: 0.0000282 seconds
[2019-12-11T08:59:49.155+0000][1][safepoint    ] Application time: 1.0037462 seconds
[2019-12-11T08:59:49.155+0000][1][safepoint    ] Entering safepoint region: Cleanup
[2019-12-11T08:59:49.155+0000][1][safepoint    ] Leaving safepoint region
[2019-12-11T08:59:49.155+0000][1][safepoint    ] Total time for which application threads were stopped: 0.0001177 seconds, Stopping threads took: 0.0000273 seconds
[2019-12-11T08:59:50.158+0000][1][safepoint    ] Application time: 1.0028534 seconds
[2019-12-11T08:59:50.158+0000][1][safepoint    ] Entering safepoint region: Cleanup
[2019-12-11T08:59:50.158+0000][1][safepoint    ] Leaving safepoint region
[2019-12-11T08:59:50.158+0000][1][safepoint    ] Total time for which application threads were stopped: 0.0001201 seconds, Stopping threads took: 0.0000274 seconds
[2019-12-11T08:59:51.160+0000][1][safepoint    ] Application time: 1.0025709 seconds
[2019-12-11T08:59:51.161+0000][1][safepoint    ] Entering safepoint region: Cleanup
[2019-12-11T08:59:51.161+0000][1][safepoint    ] Leaving safepoint region
[2019-12-11T08:59:51.161+0000][1][safepoint    ] Total time for which application threads were stopped: 0.0001505 seconds, Stopping threads took: 0.0000349 seconds
[2019-12-11T08:59:52.165+0000][1][safepoint    ] Application time: 1.0040136 seconds
[2019-12-11T08:59:52.165+0000][1][safepoint    ] Entering safepoint region: Cleanup
[2019-12-11T08:59:52.165+0000][1][safepoint    ] Leaving safepoint region
[2019-12-11T08:59:52.165+0000][1][safepoint    ] Total time for which application threads were stopped: 0.0001300 seconds, Stopping threads took: 0.0000298 seconds
[2019-12-11T08:59:53.168+0000][1][safepoint    ] Application time: 1.0028138 seconds
[2019-12-11T08:59:53.168+0000][1][safepoint    ] Entering safepoint region: Cleanup
[2019-12-11T08:59:53.168+0000][1][safepoint    ] Leaving safepoint region
[2019-12-11T08:59:53.168+0000][1][safepoint    ] Total time for which application threads were stopped: 0.0001264 seconds, Stopping threads took: 0.0000277 seconds
[2019-12-11T08:59:54.169+0000][1][safepoint    ] Application time: 1.0008130 seconds
[2019-12-11T08:59:54.169+0000][1][safepoint    ] Entering safepoint region: Cleanup
[2019-12-11T08:59:54.169+0000][1][safepoint    ] Leaving safepoint region
[2019-12-11T08:59:54.169+0000][1][safepoint    ] Total time for which application threads were stopped: 0.0001247 seconds, Stopping threads took: 0.0000301 seconds
[2019-12-11T08:59:55.170+0000][1][safepoint    ] Application time: 1.0008919 seconds
[2019-12-11T08:59:55.170+0000][1][safepoint    ] Entering safepoint region: Cleanup
[2019-12-11T08:59:55.170+0000][1][safepoint    ] Leaving safepoint region
[2019-12-11T08:59:55.170+0000][1][safepoint    ] Total time for which application threads were stopped: 0.0001286 seconds, Stopping threads took: 0.0000291 seconds
[2019-12-11T08:59:56.172+0000][1][safepoint    ] Application time: 1.0017509 seconds
[2019-12-11T08:59:56.172+0000][1][safepoint    ] Entering safepoint region: Cleanup
[2019-12-11T08:59:56.172+0000][1][safepoint    ] Leaving safepoint region
[2019-12-11T08:59:56.172+0000][1][safepoint    ] Total time for which application threads were stopped: 0.0001338 seconds, Stopping threads took: 0.0000301 seconds
[2019-12-11T08:59:57.173+0000][1][safepoint    ] Application time: 1.0007746 seconds
[2019-12-11T08:59:57.173+0000][1][safepoint    ] Entering safepoint region: Cleanup
[2019-12-11T08:59:57.173+0000][1][safepoint    ] Leaving safepoint region
[2019-12-11T08:59:57.173+0000][1][safepoint    ] Total time for which application threads were stopped: 0.0001245 seconds, Stopping threads took: 0.0000268 seconds
[2019-12-11T08:59:58.175+0000][1][safepoint    ] Application time: 1.0018049 seconds
[2019-12-11T08:59:58.175+0000][1][safepoint    ] Entering safepoint region: Cleanup
[2019-12-11T08:59:58.175+0000][1][safepoint    ] Leaving safepoint region
[2019-12-11T08:59:58.175+0000][1][safepoint    ] Total time for which application threads were stopped: 0.0001230 seconds, Stopping threads took: 0.0000291 seconds
[2019-12-11T08:59:58.849+0000][1][safepoint    ] Application time: 0.6741899 seconds
[2019-12-11T08:59:58.849+0000][1][safepoint    ] Entering safepoint region: GenCollectForAllocation
[2019-12-11T08:59:58.849+0000][1][gc,start     ] GC(68) Pause Young (Allocation Failure)
[2019-12-11T08:59:58.849+0000][1][gc,task      ] GC(68) Using 2 workers of 2 for evacuation
[2019-12-11T08:59:58.857+0000][1][gc,age       ] GC(68) Desired survivor size 4456448 bytes, new threshold 6 (max threshold 6)
[2019-12-11T08:59:58.857+0000][1][gc,age       ] GC(68) Age table with threshold 6 (max threshold 6)
[2019-12-11T08:59:58.857+0000][1][gc,age       ] GC(68) - age   1:     618384 bytes,     618384 total
[2019-12-11T08:59:58.857+0000][1][gc,age       ] GC(68) - age   3:        728 bytes,     619112 total
[2019-12-11T08:59:58.857+0000][1][gc,age       ] GC(68) - age   4:      16456 bytes,     635568 total
[2019-12-11T08:59:58.857+0000][1][gc,age       ] GC(68) - age   5:        440 bytes,     636008 total
[2019-12-11T08:59:58.857+0000][1][gc,age       ] GC(68) - age   6:       1552 bytes,     637560 total
[2019-12-11T08:59:58.857+0000][1][gc,heap      ] GC(68) ParNew: 70668K->649K(78656K)
[2019-12-11T08:59:58.857+0000][1][gc,heap      ] GC(68) CMS: 71384K->71385K(174784K)
[2019-12-11T08:59:58.857+0000][1][gc,metaspace ] GC(68) Metaspace: 76063K->76063K(1118208K)
[2019-12-11T08:59:58.857+0000][1][gc           ] GC(68) Pause Young (Allocation Failure) 138M->70M(247M) 7.952ms
[2019-12-11T08:59:58.857+0000][1][gc,cpu       ] GC(68) User=0.00s Sys=0.00s Real=0.01s
[2019-12-11T08:59:58.857+0000][1][safepoint    ] Leaving safepoint region
[2019-12-11T08:59:58.857+0000][1][safepoint    ] Total time for which application threads were stopped: 0.0081798 seconds, Stopping threads took: 0.0000282 seconds
[2019-12-11T09:00:00.394+0000][1][safepoint    ] Application time: 1.5363893 seconds
[2019-12-11T09:00:00.394+0000][1][safepoint    ] Entering safepoint region: Cleanup
[2019-12-11T09:00:00.394+0000][1][safepoint    ] Leaving safepoint region
[2019-12-11T09:00:00.394+0000][1][safepoint    ] Total time for which application threads were stopped: 0.0001206 seconds, Stopping threads took: 0.0000275 seconds
[2019-12-11T09:00:01.395+0000][1][safepoint    ] Application time: 1.0008316 seconds
[2019-12-11T09:00:01.395+0000][1][safepoint    ] Entering safepoint region: Cleanup
[2019-12-11T09:00:01.395+0000][1][safepoint    ] Leaving safepoint region
[2019-12-11T09:00:01.395+0000][1][safepoint    ] Total time for which application threads were stopped: 0.0001297 seconds, Stopping threads took: 0.0000291 seconds
[2019-12-11T09:00:02.398+0000][1][safepoint    ] Application time: 1.0027897 seconds
[2019-12-11T09:00:02.398+0000][1][safepoint    ] Entering safepoint region: Cleanup
[2019-12-11T09:00:02.398+0000][1][safepoint    ] Leaving safepoint region
[2019-12-11T09:00:02.398+0000][1][safepoint    ] Total time for which application threads were stopped: 0.0001190 seconds, Stopping threads took: 0.0000280 seconds
[2019-12-11T09:00:03.400+0000][1][safepoint    ] Application time: 1.0019278 seconds
[2019-12-11T09:00:03.400+0000][1][safepoint    ] Entering safepoint region: Cleanup
[2019-12-11T09:00:03.400+0000][1][safepoint    ] Leaving safepoint region
[2019-12-11T09:00:03.400+0000][1][safepoint    ] Total time for which application threads were stopped: 0.0001364 seconds, Stopping threads took: 0.0000440 seconds
[2019-12-11T09:00:04.400+0000][1][safepoint    ] Application time: 1.0002033 seconds
[2019-12-11T09:00:04.400+0000][1][safepoint    ] Entering safepoint region: Cleanup
[2019-12-11T09:00:04.400+0000][1][safepoint    ] Leaving safepoint region
[2019-12-11T09:00:04.400+0000][1][safepoint    ] Total time for which application threads were stopped: 0.0001332 seconds, Stopping threads took: 0.0000368 seconds
[2019-12-11T09:00:05.400+0000][1][safepoint    ] Application time: 1.0000799 seconds
[2019-12-11T09:00:05.401+0000][1][safepoint    ] Entering safepoint region: Cleanup
[2019-12-11T09:00:05.401+0000][1][safepoint    ] Leaving safepoint region
[2019-12-11T09:00:05.401+0000][1][safepoint    ] Total time for which application threads were stopped: 0.0001307 seconds, Stopping threads took: 0.0000292 seconds
[2019-12-11T09:00:06.404+0000][1][safepoint    ] Application time: 1.0031725 seconds
[2019-12-11T09:00:06.404+0000][1][safepoint    ] Entering safepoint region: Cleanup
[2019-12-11T09:00:06.404+0000][1][safepoint    ] Leaving safepoint region
[2019-12-11T09:00:06.404+0000][1][safepoint    ] Total time for which application threads were stopped: 0.0001218 seconds, Stopping threads took: 0.0000274 seconds
[2019-12-11T09:00:07.407+0000][1][safepoint    ] Application time: 1.0027275 seconds
[2019-12-11T09:00:07.407+0000][1][safepoint    ] Entering safepoint region: Cleanup
[2019-12-11T09:00:07.407+0000][1][safepoint    ] Leaving safepoint region
[2019-12-11T09:00:07.407+0000][1][safepoint    ] Total time for which application threads were stopped: 0.0001336 seconds, Stopping threads took: 0.0000295 seconds
[2019-12-11T09:00:08.408+0000][1][safepoint    ] Application time: 1.0010811 seconds
[2019-12-11T09:00:08.408+0000][1][safepoint    ] Entering safepoint region: Cleanup
[2019-12-11T09:00:08.408+0000][1][safepoint    ] Leaving safepoint region
[2019-12-11T09:00:08.408+0000][1][safepoint    ] Total time for which application threads were stopped: 0.0001264 seconds, Stopping threads took: 0.0000276 seconds
[2019-12-11T09:00:09.411+0000][1][safepoint    ] Application time: 1.0025038 seconds
[2019-12-11T09:00:09.411+0000][1][safepoint    ] Entering safepoint region: Cleanup
[2019-12-11T09:00:09.411+0000][1][safepoint    ] Leaving safepoint region
[2019-12-11T09:00:09.411+0000][1][safepoint    ] Total time for which application threads were stopped: 0.0001450 seconds, Stopping threads took: 0.0000424 seconds
[2019-12-11T09:00:10.412+0000][1][safepoint    ] Application time: 1.0007973 seconds
[2019-12-11T09:00:10.412+0000][1][safepoint    ] Entering safepoint region: Cleanup
[2019-12-11T09:00:10.412+0000][1][safepoint    ] Leaving safepoint region
[2019-12-11T09:00:10.412+0000][1][safepoint    ] Total time for which application threads were stopped: 0.0001312 seconds, Stopping threads took: 0.0000301 seconds
[2019-12-11T09:00:11.414+0000][1][safepoint    ] Application time: 1.0018079 seconds
[2019-12-11T09:00:11.414+0000][1][safepoint    ] Entering safepoint region: Cleanup
[2019-12-11T09:00:11.414+0000][1][safepoint    ] Leaving safepoint region
[2019-12-11T09:00:11.414+0000][1][safepoint    ] Total time for which application threads were stopped: 0.0001334 seconds, Stopping threads took: 0.0000315 seconds
[2019-12-11T09:00:12.415+0000][1][safepoint    ] Application time: 1.0009245 seconds
[2019-12-11T09:00:12.415+0000][1][safepoint    ] Entering safepoint region: Cleanup
[2019-12-11T09:00:12.415+0000][1][safepoint    ] Leaving safepoint region
[2019-12-11T09:00:12.415+0000][1][safepoint    ] Total time for which application threads were stopped: 0.0001192 seconds, Stopping threads took: 0.0000277 seconds
[2019-12-11T09:00:13.417+0000][1][safepoint    ] Application time: 1.0016859 seconds
[2019-12-11T09:00:13.417+0000][1][safepoint    ] Entering safepoint region: Cleanup
[2019-12-11T09:00:13.417+0000][1][safepoint    ] Leaving safepoint region
[2019-12-11T09:00:13.417+0000][1][safepoint    ] Total time for which application threads were stopped: 0.0001375 seconds, Stopping threads took: 0.0000294 seconds
[2019-12-11T09:00:14.419+0000][1][safepoint    ] Application time: 1.0018280 seconds
[2019-12-11T09:00:14.419+0000][1][safepoint    ] Entering safepoint region: Cleanup
[2019-12-11T09:00:14.419+0000][1][safepoint    ] Leaving safepoint region
[2019-12-11T09:00:14.419+0000][1][safepoint    ] Total time for which application threads were stopped: 0.0001234 seconds, Stopping threads took: 0.0000292 seconds
[2019-12-11T09:00:15.422+0000][1][safepoint    ] Application time: 1.0028081 seconds
[2019-12-11T09:00:15.422+0000][1][safepoint    ] Entering safepoint region: Cleanup
[2019-12-11T09:00:15.422+0000][1][safepoint    ] Leaving safepoint region
[2019-12-11T09:00:15.422+0000][1][safepoint    ] Total time for which application threads were stopped: 0.0001235 seconds, Stopping threads took: 0.0000277 seconds
[2019-12-11T09:00:16.423+0000][1][safepoint    ] Application time: 1.0007948 seconds
[2019-12-11T09:00:16.423+0000][1][safepoint    ] Entering safepoint region: Cleanup
[2019-12-11T09:00:16.423+0000][1][safepoint    ] Leaving safepoint region
[2019-12-11T09:00:16.423+0000][1][safepoint    ] Total time for which application threads were stopped: 0.0001305 seconds, Stopping threads took: 0.0000280 seconds
[2019-12-11T09:00:17.425+0000][1][safepoint    ] Application time: 1.0018145 seconds
[2019-12-11T09:00:17.425+0000][1][safepoint    ] Entering safepoint region: Cleanup
[2019-12-11T09:00:17.425+0000][1][safepoint    ] Leaving safepoint region
[2019-12-11T09:00:17.425+0000][1][safepoint    ] Total time for which application threads were stopped: 0.0001279 seconds, Stopping threads took: 0.0000279 seconds
[2019-12-11T09:00:18.426+0000][1][safepoint    ] Application time: 1.0008242 seconds
[2019-12-11T09:00:18.426+0000][1][safepoint    ] Entering safepoint region: Cleanup
[2019-12-11T09:00:18.426+0000][1][safepoint    ] Leaving safepoint region
[2019-12-11T09:00:18.426+0000][1][safepoint    ] Total time for which application threads were stopped: 0.0001283 seconds, Stopping threads took: 0.0000281 seconds
[2019-12-11T09:00:19.427+0000][1][safepoint    ] Application time: 1.0008436 seconds
[2019-12-11T09:00:19.427+0000][1][safepoint    ] Entering safepoint region: Cleanup
[2019-12-11T09:00:19.427+0000][1][safepoint    ] Leaving safepoint region
[2019-12-11T09:00:19.427+0000][1][safepoint    ] Total time for which application threads were stopped: 0.0001426 seconds, Stopping threads took: 0.0000265 seconds
[2019-12-11T09:00:20.430+0000][1][safepoint    ] Application time: 1.0028659 seconds
[2019-12-11T09:00:20.430+0000][1][safepoint    ] Entering safepoint region: Cleanup
[2019-12-11T09:00:20.430+0000][1][safepoint    ] Leaving safepoint region
[2019-12-11T09:00:20.430+0000][1][safepoint    ] Total time for which application threads were stopped: 0.0001167 seconds, Stopping threads took: 0.0000261 seconds
[2019-12-11T09:00:21.433+0000][1][safepoint    ] Application time: 1.0027387 seconds
[2019-12-11T09:00:21.433+0000][1][safepoint    ] Entering safepoint region: Cleanup
[2019-12-11T09:00:21.433+0000][1][safepoint    ] Leaving safepoint region
[2019-12-11T09:00:21.433+0000][1][safepoint    ] Total time for which application threads were stopped: 0.0001356 seconds, Stopping threads took: 0.0000288 seconds
[2019-12-11T09:00:22.434+0000][1][safepoint    ] Application time: 1.0007941 seconds
[2019-12-11T09:00:22.434+0000][1][safepoint    ] Entering safepoint region: Cleanup
[2019-12-11T09:00:22.434+0000][1][safepoint    ] Leaving safepoint region
[2019-12-11T09:00:22.434+0000][1][safepoint    ] Total time for which application threads were stopped: 0.0001210 seconds, Stopping threads took: 0.0000261 seconds
[2019-12-11T09:00:23.435+0000][1][safepoint    ] Application time: 1.0008179 seconds
[2019-12-11T09:00:23.435+0000][1][safepoint    ] Entering safepoint region: Cleanup
[2019-12-11T09:00:23.435+0000][1][safepoint    ] Leaving safepoint region
[2019-12-11T09:00:23.435+0000][1][safepoint    ] Total time for which application threads were stopped: 0.0001239 seconds, Stopping threads took: 0.0000265 seconds
[2019-12-11T09:00:24.436+0000][1][safepoint    ] Application time: 1.0008447 seconds
[2019-12-11T09:00:24.436+0000][1][safepoint    ] Entering safepoint region: Cleanup
[2019-12-11T09:00:24.436+0000][1][safepoint    ] Leaving safepoint region
[2019-12-11T09:00:24.436+0000][1][safepoint    ] Total time for which application threads were stopped: 0.0001205 seconds, Stopping threads took: 0.0000294 seconds
[2019-12-11T09:00:25.438+0000][1][safepoint    ] Application time: 1.0018090 seconds
[2019-12-11T09:00:25.438+0000][1][safepoint    ] Entering safepoint region: Cleanup
[2019-12-11T09:00:25.438+0000][1][safepoint    ] Leaving safepoint region
[2019-12-11T09:00:25.438+0000][1][safepoint    ] Total time for which application threads were stopped: 0.0001358 seconds, Stopping threads took: 0.0000287 seconds
[2019-12-11T09:00:26.438+0000][1][safepoint    ] Application time: 1.0004159 seconds
[2019-12-11T09:00:26.438+0000][1][safepoint    ] Entering safepoint region: Cleanup
[2019-12-11T09:00:26.438+0000][1][safepoint    ] Leaving safepoint region
[2019-12-11T09:00:26.439+0000][1][safepoint    ] Total time for which application threads were stopped: 0.0001425 seconds, Stopping threads took: 0.0000375 seconds
[2019-12-11T09:00:27.444+0000][1][safepoint    ] Application time: 1.0049779 seconds
[2019-12-11T09:00:27.444+0000][1][safepoint    ] Entering safepoint region: Cleanup
[2019-12-11T09:00:27.444+0000][1][safepoint    ] Leaving safepoint region
[2019-12-11T09:00:27.444+0000][1][safepoint    ] Total time for which application threads were stopped: 0.0001239 seconds, Stopping threads took: 0.0000286 seconds
[2019-12-11T09:00:28.445+0000][1][safepoint    ] Application time: 1.0010394 seconds
[2019-12-11T09:00:28.445+0000][1][safepoint    ] Entering safepoint region: Cleanup
[2019-12-11T09:00:28.445+0000][1][safepoint    ] Leaving safepoint region
[2019-12-11T09:00:28.445+0000][1][safepoint    ] Total time for which application threads were stopped: 0.0001299 seconds, Stopping threads took: 0.0000303 seconds
[2019-12-11T09:00:29.447+0000][1][safepoint    ] Application time: 1.0018098 seconds
[2019-12-11T09:00:29.447+0000][1][safepoint    ] Entering safepoint region: Cleanup
[2019-12-11T09:00:29.447+0000][1][safepoint    ] Leaving safepoint region
[2019-12-11T09:00:29.447+0000][1][safepoint    ] Total time for which application threads were stopped: 0.0001339 seconds, Stopping threads took: 0.0000286 seconds
[2019-12-11T09:00:30.451+0000][1][safepoint    ] Application time: 1.0038160 seconds
[2019-12-11T09:00:30.451+0000][1][safepoint    ] Entering safepoint region: Cleanup
[2019-12-11T09:00:30.451+0000][1][safepoint    ] Leaving safepoint region
[2019-12-11T09:00:30.451+0000][1][safepoint    ] Total time for which application threads were stopped: 0.0001292 seconds, Stopping threads took: 0.0000289 seconds
[2019-12-11T09:00:31.456+0000][1][safepoint    ] Application time: 1.0048114 seconds
[2019-12-11T09:00:31.456+0000][1][safepoint    ] Entering safepoint region: Cleanup
[2019-12-11T09:00:31.456+0000][1][safepoint    ] Leaving safepoint region
[2019-12-11T09:00:31.456+0000][1][safepoint    ] Total time for which application threads were stopped: 0.0001254 seconds, Stopping threads took: 0.0000280 seconds
[2019-12-11T09:00:32.460+0000][1][safepoint    ] Application time: 1.0037012 seconds
[2019-12-11T09:00:32.460+0000][1][safepoint    ] Entering safepoint region: Cleanup
[2019-12-11T09:00:32.460+0000][1][safepoint    ] Leaving safepoint region
[2019-12-11T09:00:32.460+0000][1][safepoint    ] Total time for which application threads were stopped: 0.0001464 seconds, Stopping threads took: 0.0000414 seconds
[2019-12-11T09:00:33.462+0000][1][safepoint    ] Application time: 1.0019310 seconds
[2019-12-11T09:00:33.462+0000][1][safepoint    ] Entering safepoint region: Cleanup
[2019-12-11T09:00:33.462+0000][1][safepoint    ] Leaving safepoint region
[2019-12-11T09:00:33.462+0000][1][safepoint    ] Total time for which application threads were stopped: 0.0001374 seconds, Stopping threads took: 0.0000319 seconds
[2019-12-11T09:00:34.464+0000][1][safepoint    ] Application time: 1.0017639 seconds
[2019-12-11T09:00:34.464+0000][1][safepoint    ] Entering safepoint region: Cleanup
[2019-12-11T09:00:34.464+0000][1][safepoint    ] Leaving safepoint region
[2019-12-11T09:00:34.464+0000][1][safepoint    ] Total time for which application threads were stopped: 0.0001350 seconds, Stopping threads took: 0.0000279 seconds
[2019-12-11T09:00:35.465+0000][1][safepoint    ] Application time: 1.0008209 seconds
[2019-12-11T09:00:35.465+0000][1][safepoint    ] Entering safepoint region: Cleanup
[2019-12-11T09:00:35.465+0000][1][safepoint    ] Leaving safepoint region
[2019-12-11T09:00:35.465+0000][1][safepoint    ] Total time for which application threads were stopped: 0.0001349 seconds, Stopping threads took: 0.0000290 seconds
[2019-12-11T09:00:36.465+0000][1][safepoint    ] Application time: 1.0000827 seconds
[2019-12-11T09:00:36.465+0000][1][safepoint    ] Entering safepoint region: Cleanup
[2019-12-11T09:00:36.465+0000][1][safepoint    ] Leaving safepoint region
[2019-12-11T09:00:36.465+0000][1][safepoint    ] Total time for which application threads were stopped: 0.0001256 seconds, Stopping threads took: 0.0000339 seconds
[2019-12-11T09:00:37.466+0000][1][safepoint    ] Application time: 1.0005447 seconds
[2019-12-11T09:00:37.466+0000][1][safepoint    ] Entering safepoint region: Cleanup
[2019-12-11T09:00:37.466+0000][1][safepoint    ] Leaving safepoint region
[2019-12-11T09:00:37.466+0000][1][safepoint    ] Total time for which application threads were stopped: 0.0001097 seconds, Stopping threads took: 0.0000242 seconds
[2019-12-11T09:00:38.467+0000][1][safepoint    ] Application time: 1.0008416 seconds
[2019-12-11T09:00:38.467+0000][1][safepoint    ] Entering safepoint region: Cleanup
[2019-12-11T09:00:38.467+0000][1][safepoint    ] Leaving safepoint region
[2019-12-11T09:00:38.467+0000][1][safepoint    ] Total time for which application threads were stopped: 0.0001144 seconds, Stopping threads took: 0.0000261 seconds
[2019-12-11T09:00:38.486+0000][1][safepoint    ] Application time: 0.0191448 seconds
[2019-12-11T09:00:38.486+0000][1][safepoint    ] Entering safepoint region: GenCollectForAllocation
[2019-12-11T09:00:38.486+0000][1][gc,start     ] GC(69) Pause Young (Allocation Failure)
[2019-12-11T09:00:38.486+0000][1][gc,task      ] GC(69) Using 2 workers of 2 for evacuation
[2019-12-11T09:00:38.497+0000][1][gc,age       ] GC(69) Desired survivor size 4456448 bytes, new threshold 6 (max threshold 6)
[2019-12-11T09:00:38.497+0000][1][gc,age       ] GC(69) Age table with threshold 6 (max threshold 6)
[2019-12-11T09:00:38.497+0000][1][gc,age       ] GC(69) - age   1:     620352 bytes,     620352 total
[2019-12-11T09:00:38.497+0000][1][gc,age       ] GC(69) - age   2:        152 bytes,     620504 total
[2019-12-11T09:00:38.497+0000][1][gc,age       ] GC(69) - age   4:        728 bytes,     621232 total
[2019-12-11T09:00:38.497+0000][1][gc,age       ] GC(69) - age   5:      16456 bytes,     637688 total
[2019-12-11T09:00:38.497+0000][1][gc,age       ] GC(69) - age   6:        440 bytes,     638128 total
[2019-12-11T09:00:38.497+0000][1][gc,heap      ] GC(69) ParNew: 70601K->629K(78656K)
[2019-12-11T09:00:38.497+0000][1][gc,heap      ] GC(69) CMS: 71385K->71386K(174784K)
[2019-12-11T09:00:38.497+0000][1][gc,metaspace ] GC(69) Metaspace: 76068K->76068K(1118208K)
[2019-12-11T09:00:38.497+0000][1][gc           ] GC(69) Pause Young (Allocation Failure) 138M->70M(247M) 11.022ms
[2019-12-11T09:00:38.497+0000][1][gc,cpu       ] GC(69) User=0.00s Sys=0.00s Real=0.01s
[2019-12-11T09:00:38.497+0000][1][safepoint    ] Leaving safepoint region
[2019-12-11T09:00:38.497+0000][1][safepoint    ] Total time for which application threads were stopped: 0.0112477 seconds, Stopping threads took: 0.0000247 seconds
[2019-12-11T09:00:39.498+0000][1][safepoint    ] Application time: 1.0004070 seconds
[2019-12-11T09:00:39.498+0000][1][safepoint    ] Entering safepoint region: Cleanup
[2019-12-11T09:00:39.498+0000][1][safepoint    ] Leaving safepoint region
[2019-12-11T09:00:39.498+0000][1][safepoint    ] Total time for which application threads were stopped: 0.0001233 seconds, Stopping threads took: 0.0000301 seconds
[2019-12-11T09:00:40.500+0000][1][safepoint    ] Application time: 1.0018143 seconds
[2019-12-11T09:00:40.500+0000][1][safepoint    ] Entering safepoint region: Cleanup
[2019-12-11T09:00:40.500+0000][1][safepoint    ] Leaving safepoint region
[2019-12-11T09:00:40.500+0000][1][safepoint    ] Total time for which application threads were stopped: 0.0001281 seconds, Stopping threads took: 0.0000281 seconds
[2019-12-11T09:00:41.501+0000][1][safepoint    ] Application time: 1.0007905 seconds
[2019-12-11T09:00:41.501+0000][1][safepoint    ] Entering safepoint region: Cleanup
[2019-12-11T09:00:41.501+0000][1][safepoint    ] Leaving safepoint region
[2019-12-11T09:00:41.501+0000][1][safepoint    ] Total time for which application threads were stopped: 0.0001144 seconds, Stopping threads took: 0.0000257 seconds
[2019-12-11T09:00:42.502+0000][1][safepoint    ] Application time: 1.0012147 seconds
[2019-12-11T09:00:42.502+0000][1][safepoint    ] Entering safepoint region: Cleanup
[2019-12-11T09:00:42.502+0000][1][safepoint    ] Leaving safepoint region
[2019-12-11T09:00:42.502+0000][1][safepoint    ] Total time for which application threads were stopped: 0.0001154 seconds, Stopping threads took: 0.0000256 seconds
[2019-12-11T09:00:43.504+0000][1][safepoint    ] Application time: 1.0021410 seconds
[2019-12-11T09:00:43.504+0000][1][safepoint    ] Entering safepoint region: Cleanup
[2019-12-11T09:00:43.505+0000][1][safepoint    ] Leaving safepoint region
[2019-12-11T09:00:43.505+0000][1][safepoint    ] Total time for which application threads were stopped: 0.0001134 seconds, Stopping threads took: 0.0000245 seconds
[2019-12-11T09:00:44.506+0000][1][safepoint    ] Application time: 1.0011984 seconds
[2019-12-11T09:00:44.506+0000][1][safepoint    ] Entering safepoint region: Cleanup
[2019-12-11T09:00:44.506+0000][1][safepoint    ] Leaving safepoint region
[2019-12-11T09:00:44.506+0000][1][safepoint    ] Total time for which application threads were stopped: 0.0001276 seconds, Stopping threads took: 0.0000292 seconds
[2019-12-11T09:00:45.507+0000][1][safepoint    ] Application time: 1.0007616 seconds
[2019-12-11T09:00:45.507+0000][1][safepoint    ] Entering safepoint region: Cleanup
[2019-12-11T09:00:45.507+0000][1][safepoint    ] Leaving safepoint region
[2019-12-11T09:00:45.507+0000][1][safepoint    ] Total time for which application threads were stopped: 0.0001272 seconds, Stopping threads took: 0.0000308 seconds
[2019-12-11T09:00:46.510+0000][1][safepoint    ] Application time: 1.0028164 seconds
[2019-12-11T09:00:46.510+0000][1][safepoint    ] Entering safepoint region: Cleanup
[2019-12-11T09:00:46.510+0000][1][safepoint    ] Leaving safepoint region
[2019-12-11T09:00:46.510+0000][1][safepoint    ] Total time for which application threads were stopped: 0.0001217 seconds, Stopping threads took: 0.0000298 seconds
[2019-12-11T09:00:47.510+0000][1][safepoint    ] Application time: 1.0003626 seconds
[2019-12-11T09:00:47.510+0000][1][safepoint    ] Entering safepoint region: Cleanup
[2019-12-11T09:00:47.510+0000][1][safepoint    ] Leaving safepoint region
[2019-12-11T09:00:47.510+0000][1][safepoint    ] Total time for which application threads were stopped: 0.0001110 seconds, Stopping threads took: 0.0000228 seconds
[2019-12-11T09:00:48.511+0000][1][safepoint    ] Application time: 1.0003095 seconds
[2019-12-11T09:00:48.511+0000][1][safepoint    ] Entering safepoint region: Cleanup
[2019-12-11T09:00:48.511+0000][1][safepoint    ] Leaving safepoint region
[2019-12-11T09:00:48.511+0000][1][safepoint    ] Total time for which application threads were stopped: 0.0001124 seconds, Stopping threads took: 0.0000245 seconds
[2019-12-11T09:00:49.512+0000][1][safepoint    ] Application time: 1.0008004 seconds
[2019-12-11T09:00:49.512+0000][1][safepoint    ] Entering safepoint region: Cleanup
[2019-12-11T09:00:49.512+0000][1][safepoint    ] Leaving safepoint region
[2019-12-11T09:00:49.512+0000][1][safepoint    ] Total time for which application threads were stopped: 0.0001235 seconds, Stopping threads took: 0.0000333 seconds
[2019-12-11T09:00:50.515+0000][1][safepoint    ] Application time: 1.0028969 seconds
[2019-12-11T09:00:50.515+0000][1][safepoint    ] Entering safepoint region: Cleanup
[2019-12-11T09:00:50.515+0000][1][safepoint    ] Leaving safepoint region
[2019-12-11T09:00:50.515+0000][1][safepoint    ] Total time for which application threads were stopped: 0.0001261 seconds, Stopping threads took: 0.0000294 seconds
[2019-12-11T09:00:51.516+0000][1][safepoint    ] Application time: 1.0007578 seconds
[2019-12-11T09:00:51.516+0000][1][safepoint    ] Entering safepoint region: Cleanup
[2019-12-11T09:00:51.516+0000][1][safepoint    ] Leaving safepoint region
[2019-12-11T09:00:51.516+0000][1][safepoint    ] Total time for which application threads were stopped: 0.0001245 seconds, Stopping threads took: 0.0000297 seconds
[2019-12-11T09:00:52.517+0000][1][safepoint    ] Application time: 1.0007975 seconds
[2019-12-11T09:00:52.517+0000][1][safepoint    ] Entering safepoint region: Cleanup
[2019-12-11T09:00:52.517+0000][1][safepoint    ] Leaving safepoint region
[2019-12-11T09:00:52.517+0000][1][safepoint    ] Total time for which application threads were stopped: 0.0001304 seconds, Stopping threads took: 0.0000308 seconds
[2019-12-11T09:00:53.519+0000][1][safepoint    ] Application time: 1.0018137 seconds
[2019-12-11T09:00:53.519+0000][1][safepoint    ] Entering safepoint region: Cleanup
[2019-12-11T09:00:53.519+0000][1][safepoint    ] Leaving safepoint region
[2019-12-11T09:00:53.519+0000][1][safepoint    ] Total time for which application threads were stopped: 0.0001221 seconds, Stopping threads took: 0.0000274 seconds
[2019-12-11T09:00:54.522+0000][1][safepoint    ] Application time: 1.0028066 seconds
[2019-12-11T09:00:54.522+0000][1][safepoint    ] Entering safepoint region: Cleanup
[2019-12-11T09:00:54.522+0000][1][safepoint    ] Leaving safepoint region
[2019-12-11T09:00:54.522+0000][1][safepoint    ] Total time for which application threads were stopped: 0.0001164 seconds, Stopping threads took: 0.0000259 seconds
[2019-12-11T09:00:56.103+0000][1][safepoint    ] Application time: 1.5808516 seconds
[2019-12-11T09:00:56.103+0000][1][safepoint    ] Entering safepoint region: Cleanup
[2019-12-11T09:00:56.103+0000][1][safepoint    ] Leaving safepoint region
[2019-12-11T09:00:56.103+0000][1][safepoint    ] Total time for which application threads were stopped: 0.0001408 seconds, Stopping threads took: 0.0000311 seconds
[2019-12-11T09:00:57.104+0000][1][safepoint    ] Application time: 1.0007780 seconds
[2019-12-11T09:00:57.104+0000][1][safepoint    ] Entering safepoint region: Cleanup
[2019-12-11T09:00:57.104+0000][1][safepoint    ] Leaving safepoint region
[2019-12-11T09:00:57.104+0000][1][safepoint    ] Total time for which application threads were stopped: 0.0001224 seconds, Stopping threads took: 0.0000283 seconds
[2019-12-11T09:00:58.107+0000][1][safepoint    ] Application time: 1.0028162 seconds
[2019-12-11T09:00:58.107+0000][1][safepoint    ] Entering safepoint region: Cleanup
[2019-12-11T09:00:58.107+0000][1][safepoint    ] Leaving safepoint region
[2019-12-11T09:00:58.107+0000][1][safepoint    ] Total time for which application threads were stopped: 0.0001110 seconds, Stopping threads took: 0.0000257 seconds
[2019-12-11T09:00:59.109+0000][1][safepoint    ] Application time: 1.0018465 seconds
[2019-12-11T09:00:59.109+0000][1][safepoint    ] Entering safepoint region: Cleanup
[2019-12-11T09:00:59.109+0000][1][safepoint    ] Leaving safepoint region
[2019-12-11T09:00:59.109+0000][1][safepoint    ] Total time for which application threads were stopped: 0.0001224 seconds, Stopping threads took: 0.0000284 seconds
[2019-12-11T09:01:00.110+0000][1][safepoint    ] Application time: 1.0008488 seconds
[2019-12-11T09:01:00.110+0000][1][safepoint    ] Entering safepoint region: Cleanup
[2019-12-11T09:01:00.110+0000][1][safepoint    ] Leaving safepoint region
[2019-12-11T09:01:00.110+0000][1][safepoint    ] Total time for which application threads were stopped: 0.0001246 seconds, Stopping threads took: 0.0000353 seconds
[2019-12-11T09:01:01.112+0000][1][safepoint    ] Application time: 1.0024256 seconds
[2019-12-11T09:01:01.112+0000][1][safepoint    ] Entering safepoint region: Cleanup
[2019-12-11T09:01:01.113+0000][1][safepoint    ] Leaving safepoint region
[2019-12-11T09:01:01.113+0000][1][safepoint    ] Total time for which application threads were stopped: 0.0001172 seconds, Stopping threads took: 0.0000270 seconds
[2019-12-11T09:01:02.113+0000][1][safepoint    ] Application time: 1.0002269 seconds
[2019-12-11T09:01:02.113+0000][1][safepoint    ] Entering safepoint region: Cleanup
[2019-12-11T09:01:02.113+0000][1][safepoint    ] Leaving safepoint region
[2019-12-11T09:01:02.113+0000][1][safepoint    ] Total time for which application threads were stopped: 0.0001219 seconds, Stopping threads took: 0.0000287 seconds
[2019-12-11T09:01:03.115+0000][1][safepoint    ] Application time: 1.0018367 seconds
[2019-12-11T09:01:03.115+0000][1][safepoint    ] Entering safepoint region: Cleanup
[2019-12-11T09:01:03.115+0000][1][safepoint    ] Leaving safepoint region
[2019-12-11T09:01:03.115+0000][1][safepoint    ] Total time for which application threads were stopped: 0.0001236 seconds, Stopping threads took: 0.0000278 seconds
[2019-12-11T09:01:04.117+0000][1][safepoint    ] Application time: 1.0017753 seconds
[2019-12-11T09:01:04.117+0000][1][safepoint    ] Entering safepoint region: Cleanup
[2019-12-11T09:01:04.117+0000][1][safepoint    ] Leaving safepoint region
[2019-12-11T09:01:04.117+0000][1][safepoint    ] Total time for which application threads were stopped: 0.0001333 seconds, Stopping threads took: 0.0000391 seconds
[2019-12-11T09:01:05.120+0000][1][safepoint    ] Application time: 1.0028371 seconds
[2019-12-11T09:01:05.120+0000][1][safepoint    ] Entering safepoint region: Cleanup
[2019-12-11T09:01:05.120+0000][1][safepoint    ] Leaving safepoint region
[2019-12-11T09:01:05.120+0000][1][safepoint    ] Total time for which application threads were stopped: 0.0001141 seconds, Stopping threads took: 0.0000241 seconds
[2019-12-11T09:01:06.120+0000][1][safepoint    ] Application time: 1.0000880 seconds
[2019-12-11T09:01:06.120+0000][1][safepoint    ] Entering safepoint region: Cleanup
[2019-12-11T09:01:06.120+0000][1][safepoint    ] Leaving safepoint region
[2019-12-11T09:01:06.120+0000][1][safepoint    ] Total time for which application threads were stopped: 0.0001243 seconds, Stopping threads took: 0.0000290 seconds
[2019-12-11T09:01:07.123+0000][1][safepoint    ] Application time: 1.0025411 seconds
[2019-12-11T09:01:07.123+0000][1][safepoint    ] Entering safepoint region: Cleanup
[2019-12-11T09:01:07.123+0000][1][safepoint    ] Leaving safepoint region
[2019-12-11T09:01:07.123+0000][1][safepoint    ] Total time for which application threads were stopped: 0.0001218 seconds, Stopping threads took: 0.0000276 seconds
[2019-12-11T09:01:08.128+0000][1][safepoint    ] Application time: 1.0048214 seconds
[2019-12-11T09:01:08.128+0000][1][safepoint    ] Entering safepoint region: Cleanup
[2019-12-11T09:01:08.128+0000][1][safepoint    ] Leaving safepoint region
[2019-12-11T09:01:08.128+0000][1][safepoint    ] Total time for which application threads were stopped: 0.0001243 seconds, Stopping threads took: 0.0000273 seconds
[2019-12-11T09:01:09.134+0000][1][safepoint    ] Application time: 1.0062715 seconds
[2019-12-11T09:01:09.134+0000][1][safepoint    ] Entering safepoint region: Cleanup
[2019-12-11T09:01:09.134+0000][1][safepoint    ] Leaving safepoint region
[2019-12-11T09:01:09.134+0000][1][safepoint    ] Total time for which application threads were stopped: 0.0001144 seconds, Stopping threads took: 0.0000246 seconds
[2019-12-11T09:01:10.136+0000][1][safepoint    ] Application time: 1.0014066 seconds
[2019-12-11T09:01:10.136+0000][1][safepoint    ] Entering safepoint region: Cleanup
[2019-12-11T09:01:10.136+0000][1][safepoint    ] Leaving safepoint region
[2019-12-11T09:01:10.136+0000][1][safepoint    ] Total time for which application threads were stopped: 0.0001437 seconds, Stopping threads took: 0.0000422 seconds
[2019-12-11T09:01:11.139+0000][1][safepoint    ] Application time: 1.0027768 seconds
[2019-12-11T09:01:11.139+0000][1][safepoint    ] Entering safepoint region: Cleanup
[2019-12-11T09:01:11.139+0000][1][safepoint    ] Leaving safepoint region
[2019-12-11T09:01:11.139+0000][1][safepoint    ] Total time for which application threads were stopped: 0.0000953 seconds, Stopping threads took: 0.0000229 seconds
[2019-12-11T09:01:12.140+0000][1][safepoint    ] Application time: 1.0011539 seconds
[2019-12-11T09:01:12.140+0000][1][safepoint    ] Entering safepoint region: Cleanup
[2019-12-11T09:01:12.140+0000][1][safepoint    ] Leaving safepoint region
[2019-12-11T09:01:12.140+0000][1][safepoint    ] Total time for which application threads were stopped: 0.0000922 seconds, Stopping threads took: 0.0000217 seconds
[2019-12-11T09:01:13.141+0000][1][safepoint    ] Application time: 1.0005737 seconds
[2019-12-11T09:01:13.141+0000][1][safepoint    ] Entering safepoint region: Cleanup
[2019-12-11T09:01:13.141+0000][1][safepoint    ] Leaving safepoint region
[2019-12-11T09:01:13.141+0000][1][safepoint    ] Total time for which application threads were stopped: 0.0001274 seconds, Stopping threads took: 0.0000296 seconds
[2019-12-11T09:01:14.142+0000][1][safepoint    ] Application time: 1.0008077 seconds
[2019-12-11T09:01:14.142+0000][1][safepoint    ] Entering safepoint region: Cleanup
[2019-12-11T09:01:14.142+0000][1][safepoint    ] Leaving safepoint region
[2019-12-11T09:01:14.142+0000][1][safepoint    ] Total time for which application threads were stopped: 0.0001250 seconds, Stopping threads took: 0.0000298 seconds
[2019-12-11T09:01:15.143+0000][1][safepoint    ] Application time: 1.0008354 seconds
[2019-12-11T09:01:15.143+0000][1][safepoint    ] Entering safepoint region: Cleanup
[2019-12-11T09:01:15.143+0000][1][safepoint    ] Leaving safepoint region
[2019-12-11T09:01:15.143+0000][1][safepoint    ] Total time for which application threads were stopped: 0.0001300 seconds, Stopping threads took: 0.0000400 seconds
[2019-12-11T09:01:16.145+0000][1][safepoint    ] Application time: 1.0018043 seconds
[2019-12-11T09:01:16.145+0000][1][safepoint    ] Entering safepoint region: Cleanup
[2019-12-11T09:01:16.145+0000][1][safepoint    ] Leaving safepoint region
[2019-12-11T09:01:16.145+0000][1][safepoint    ] Total time for which application threads were stopped: 0.0001266 seconds, Stopping threads took: 0.0000292 seconds
[2019-12-11T09:01:17.146+0000][1][safepoint    ] Application time: 1.0008168 seconds
[2019-12-11T09:01:17.146+0000][1][safepoint    ] Entering safepoint region: Cleanup
[2019-12-11T09:01:17.146+0000][1][safepoint    ] Leaving safepoint region
[2019-12-11T09:01:17.146+0000][1][safepoint    ] Total time for which application threads were stopped: 0.0001268 seconds, Stopping threads took: 0.0000298 seconds
[2019-12-11T09:01:18.146+0000][1][safepoint    ] Application time: 1.0000863 seconds
[2019-12-11T09:01:18.146+0000][1][safepoint    ] Entering safepoint region: Cleanup
[2019-12-11T09:01:18.146+0000][1][safepoint    ] Leaving safepoint region
[2019-12-11T09:01:18.146+0000][1][safepoint    ] Total time for which application threads were stopped: 0.0001269 seconds, Stopping threads took: 0.0000290 seconds
[2019-12-11T09:01:19.148+0000][1][safepoint    ] Application time: 1.0015906 seconds
[2019-12-11T09:01:19.148+0000][1][safepoint    ] Entering safepoint region: Cleanup
[2019-12-11T09:01:19.148+0000][1][safepoint    ] Leaving safepoint region
[2019-12-11T09:01:19.148+0000][1][safepoint    ] Total time for which application threads were stopped: 0.0001300 seconds, Stopping threads took: 0.0000298 seconds
[2019-12-11T09:01:19.329+0000][1][safepoint    ] Application time: 0.1812062 seconds
[2019-12-11T09:01:19.329+0000][1][safepoint    ] Entering safepoint region: GenCollectForAllocation
[2019-12-11T09:01:19.329+0000][1][gc,start     ] GC(70) Pause Young (Allocation Failure)
[2019-12-11T09:01:19.329+0000][1][gc,task      ] GC(70) Using 2 workers of 2 for evacuation
[2019-12-11T09:01:19.341+0000][1][gc,age       ] GC(70) Desired survivor size 4456448 bytes, new threshold 6 (max threshold 6)
[2019-12-11T09:01:19.341+0000][1][gc,age       ] GC(70) Age table with threshold 6 (max threshold 6)
[2019-12-11T09:01:19.341+0000][1][gc,age       ] GC(70) - age   1:     684480 bytes,     684480 total
[2019-12-11T09:01:19.341+0000][1][gc,age       ] GC(70) - age   2:        912 bytes,     685392 total
[2019-12-11T09:01:19.341+0000][1][gc,age       ] GC(70) - age   3:        152 bytes,     685544 total
[2019-12-11T09:01:19.341+0000][1][gc,age       ] GC(70) - age   5:        728 bytes,     686272 total
[2019-12-11T09:01:19.341+0000][1][gc,age       ] GC(70) - age   6:      16456 bytes,     702728 total
[2019-12-11T09:01:19.341+0000][1][gc,heap      ] GC(70) ParNew: 70581K->688K(78656K)
[2019-12-11T09:01:19.341+0000][1][gc,heap      ] GC(70) CMS: 71386K->71387K(174784K)
[2019-12-11T09:01:19.341+0000][1][gc,metaspace ] GC(70) Metaspace: 76073K->76073K(1118208K)
[2019-12-11T09:01:19.341+0000][1][gc           ] GC(70) Pause Young (Allocation Failure) 138M->70M(247M) 11.848ms
[2019-12-11T09:01:19.341+0000][1][gc,cpu       ] GC(70) User=0.00s Sys=0.00s Real=0.01s
[2019-12-11T09:01:19.341+0000][1][safepoint    ] Leaving safepoint region
[2019-12-11T09:01:19.341+0000][1][safepoint    ] Total time for which application threads were stopped: 0.0120829 seconds, Stopping threads took: 0.0000355 seconds
[2019-12-11T09:01:20.343+0000][1][safepoint    ] Application time: 1.0014223 seconds
[2019-12-11T09:01:20.343+0000][1][safepoint    ] Entering safepoint region: Cleanup
[2019-12-11T09:01:20.343+0000][1][safepoint    ] Leaving safepoint region
[2019-12-11T09:01:20.343+0000][1][safepoint    ] Total time for which application threads were stopped: 0.0001206 seconds, Stopping threads took: 0.0000283 seconds
[2019-12-11T09:01:21.346+0000][1][safepoint    ] Application time: 1.0028289 seconds
[2019-12-11T09:01:21.346+0000][1][safepoint    ] Entering safepoint region: Cleanup
[2019-12-11T09:01:21.346+0000][1][safepoint    ] Leaving safepoint region
[2019-12-11T09:01:21.346+0000][1][safepoint    ] Total time for which application threads were stopped: 0.0001307 seconds, Stopping threads took: 0.0000285 seconds
[2019-12-11T09:01:22.348+0000][1][safepoint    ] Application time: 1.0018176 seconds
[2019-12-11T09:01:22.348+0000][1][safepoint    ] Entering safepoint region: Cleanup
[2019-12-11T09:01:22.348+0000][1][safepoint    ] Leaving safepoint region
[2019-12-11T09:01:22.348+0000][1][safepoint    ] Total time for which application threads were stopped: 0.0001258 seconds, Stopping threads took: 0.0000300 seconds
[2019-12-11T09:01:23.349+0000][1][safepoint    ] Application time: 1.0008334 seconds
[2019-12-11T09:01:23.349+0000][1][safepoint    ] Entering safepoint region: Cleanup
[2019-12-11T09:01:23.349+0000][1][safepoint    ] Leaving safepoint region
[2019-12-11T09:01:23.349+0000][1][safepoint    ] Total time for which application threads were stopped: 0.0001221 seconds, Stopping threads took: 0.0000288 seconds
[2019-12-11T09:01:24.353+0000][1][safepoint    ] Application time: 1.0037954 seconds
[2019-12-11T09:01:24.353+0000][1][safepoint    ] Entering safepoint region: Cleanup
[2019-12-11T09:01:24.353+0000][1][safepoint    ] Leaving safepoint region
[2019-12-11T09:01:24.353+0000][1][safepoint    ] Total time for which application threads were stopped: 0.0001272 seconds, Stopping threads took: 0.0000290 seconds
[2019-12-11T09:01:25.358+0000][1][safepoint    ] Application time: 1.0048061 seconds
[2019-12-11T09:01:25.358+0000][1][safepoint    ] Entering safepoint region: Cleanup
[2019-12-11T09:01:25.358+0000][1][safepoint    ] Leaving safepoint region
[2019-12-11T09:01:25.358+0000][1][safepoint    ] Total time for which application threads were stopped: 0.0001205 seconds, Stopping threads took: 0.0000267 seconds
[2019-12-11T09:01:26.361+0000][1][safepoint    ] Application time: 1.0029265 seconds
[2019-12-11T09:01:26.361+0000][1][safepoint    ] Entering safepoint region: Cleanup
[2019-12-11T09:01:26.361+0000][1][safepoint    ] Leaving safepoint region
[2019-12-11T09:01:26.361+0000][1][safepoint    ] Total time for which application threads were stopped: 0.0001365 seconds, Stopping threads took: 0.0000315 seconds
[2019-12-11T09:01:27.364+0000][1][safepoint    ] Application time: 1.0027772 seconds
[2019-12-11T09:01:27.364+0000][1][safepoint    ] Entering safepoint region: Cleanup
[2019-12-11T09:01:27.364+0000][1][safepoint    ] Leaving safepoint region
[2019-12-11T09:01:27.364+0000][1][safepoint    ] Total time for which application threads were stopped: 0.0001235 seconds, Stopping threads took: 0.0000277 seconds
[2019-12-11T09:01:28.365+0000][1][safepoint    ] Application time: 1.0007357 seconds
[2019-12-11T09:01:28.365+0000][1][safepoint    ] Entering safepoint region: Cleanup
[2019-12-11T09:01:28.365+0000][1][safepoint    ] Leaving safepoint region
[2019-12-11T09:01:28.365+0000][1][safepoint    ] Total time for which application threads were stopped: 0.0001155 seconds, Stopping threads took: 0.0000257 seconds
[2019-12-11T09:01:29.368+0000][1][safepoint    ] Application time: 1.0028513 seconds
[2019-12-11T09:01:29.368+0000][1][safepoint    ] Entering safepoint region: Cleanup
[2019-12-11T09:01:29.368+0000][1][safepoint    ] Leaving safepoint region
[2019-12-11T09:01:29.368+0000][1][safepoint    ] Total time for which application threads were stopped: 0.0001256 seconds, Stopping threads took: 0.0000280 seconds
[2019-12-11T09:01:30.370+0000][1][safepoint    ] Application time: 1.0018389 seconds
[2019-12-11T09:01:30.370+0000][1][safepoint    ] Entering safepoint region: Cleanup
[2019-12-11T09:01:30.370+0000][1][safepoint    ] Leaving safepoint region
[2019-12-11T09:01:30.370+0000][1][safepoint    ] Total time for which application threads were stopped: 0.0001397 seconds, Stopping threads took: 0.0000294 seconds
[2019-12-11T09:01:31.373+0000][1][safepoint    ] Application time: 1.0027665 seconds
[2019-12-11T09:01:31.373+0000][1][safepoint    ] Entering safepoint region: Cleanup
[2019-12-11T09:01:31.373+0000][1][safepoint    ] Leaving safepoint region
[2019-12-11T09:01:31.373+0000][1][safepoint    ] Total time for which application threads were stopped: 0.0001106 seconds, Stopping threads took: 0.0000245 seconds
[2019-12-11T09:01:32.377+0000][1][safepoint    ] Application time: 1.0038547 seconds
[2019-12-11T09:01:32.377+0000][1][safepoint    ] Entering safepoint region: Cleanup
[2019-12-11T09:01:32.377+0000][1][safepoint    ] Leaving safepoint region
[2019-12-11T09:01:32.377+0000][1][safepoint    ] Total time for which application threads were stopped: 0.0001136 seconds, Stopping threads took: 0.0000273 seconds
[2019-12-11T09:01:33.378+0000][1][safepoint    ] Application time: 1.0008370 seconds
[2019-12-11T09:01:33.378+0000][1][safepoint    ] Entering safepoint region: Cleanup
[2019-12-11T09:01:33.378+0000][1][safepoint    ] Leaving safepoint region
[2019-12-11T09:01:33.378+0000][1][safepoint    ] Total time for which application threads were stopped: 0.0001262 seconds, Stopping threads took: 0.0000283 seconds
[2019-12-11T09:01:34.379+0000][1][safepoint    ] Application time: 1.0008784 seconds
[2019-12-11T09:01:34.379+0000][1][safepoint    ] Entering safepoint region: Cleanup
[2019-12-11T09:01:34.379+0000][1][safepoint    ] Leaving safepoint region
[2019-12-11T09:01:34.379+0000][1][safepoint    ] Total time for which application threads were stopped: 0.0001098 seconds, Stopping threads took: 0.0000251 seconds
[2019-12-11T09:01:35.382+0000][1][safepoint    ] Application time: 1.0027751 seconds
[2019-12-11T09:01:35.382+0000][1][safepoint    ] Entering safepoint region: Cleanup
[2019-12-11T09:01:35.382+0000][1][safepoint    ] Leaving safepoint region
[2019-12-11T09:01:35.382+0000][1][safepoint    ] Total time for which application threads were stopped: 0.0001257 seconds, Stopping threads took: 0.0000300 seconds
[2019-12-11T09:01:37.164+0000][1][safepoint    ] Application time: 1.7818462 seconds
[2019-12-11T09:01:37.164+0000][1][safepoint    ] Entering safepoint region: Cleanup
[2019-12-11T09:01:37.164+0000][1][safepoint    ] Leaving safepoint region
[2019-12-11T09:01:37.164+0000][1][safepoint    ] Total time for which application threads were stopped: 0.0001272 seconds, Stopping threads took: 0.0000288 seconds
[2019-12-11T09:01:38.167+0000][1][safepoint    ] Application time: 1.0027552 seconds
[2019-12-11T09:01:38.167+0000][1][safepoint    ] Entering safepoint region: Cleanup
[2019-12-11T09:01:38.167+0000][1][safepoint    ] Leaving safepoint region
[2019-12-11T09:01:38.167+0000][1][safepoint    ] Total time for which application threads were stopped: 0.0001343 seconds, Stopping threads took: 0.0000389 seconds
[2019-12-11T09:01:39.167+0000][1][safepoint    ] Application time: 1.0003325 seconds
[2019-12-11T09:01:39.167+0000][1][safepoint    ] Entering safepoint region: Cleanup
[2019-12-11T09:01:39.167+0000][1][safepoint    ] Leaving safepoint region
[2019-12-11T09:01:39.167+0000][1][safepoint    ] Total time for which application threads were stopped: 0.0001094 seconds, Stopping threads took: 0.0000241 seconds
[2019-12-11T09:01:40.168+0000][1][safepoint    ] Application time: 1.0003240 seconds
[2019-12-11T09:01:40.168+0000][1][safepoint    ] Entering safepoint region: Cleanup
[2019-12-11T09:01:40.168+0000][1][safepoint    ] Leaving safepoint region
[2019-12-11T09:01:40.168+0000][1][safepoint    ] Total time for which application threads were stopped: 0.0001209 seconds, Stopping threads took: 0.0000271 seconds
[2019-12-11T09:01:41.168+0000][1][safepoint    ] Application time: 1.0000811 seconds
[2019-12-11T09:01:41.168+0000][1][safepoint    ] Entering safepoint region: Cleanup
[2019-12-11T09:01:41.168+0000][1][safepoint    ] Leaving safepoint region
[2019-12-11T09:01:41.168+0000][1][safepoint    ] Total time for which application threads were stopped: 0.0001268 seconds, Stopping threads took: 0.0000362 seconds
[2019-12-11T09:01:42.168+0000][1][safepoint    ] Application time: 1.0000902 seconds
[2019-12-11T09:01:42.168+0000][1][safepoint    ] Entering safepoint region: Cleanup
[2019-12-11T09:01:42.168+0000][1][safepoint    ] Leaving safepoint region
[2019-12-11T09:01:42.168+0000][1][safepoint    ] Total time for which application threads were stopped: 0.0001248 seconds, Stopping threads took: 0.0000299 seconds
[2019-12-11T09:01:43.172+0000][1][safepoint    ] Application time: 1.0033001 seconds
[2019-12-11T09:01:43.172+0000][1][safepoint    ] Entering safepoint region: Cleanup
[2019-12-11T09:01:43.172+0000][1][safepoint    ] Leaving safepoint region
[2019-12-11T09:01:43.172+0000][1][safepoint    ] Total time for which application threads were stopped: 0.0001185 seconds, Stopping threads took: 0.0000288 seconds
[2019-12-11T09:01:44.173+0000][1][safepoint    ] Application time: 1.0008364 seconds
[2019-12-11T09:01:44.173+0000][1][safepoint    ] Entering safepoint region: Cleanup
[2019-12-11T09:01:44.173+0000][1][safepoint    ] Leaving safepoint region
[2019-12-11T09:01:44.173+0000][1][safepoint    ] Total time for which application threads were stopped: 0.0001251 seconds, Stopping threads took: 0.0000283 seconds
[2019-12-11T09:01:45.174+0000][1][safepoint    ] Application time: 1.0008122 seconds
[2019-12-11T09:01:45.174+0000][1][safepoint    ] Entering safepoint region: Cleanup
[2019-12-11T09:01:45.174+0000][1][safepoint    ] Leaving safepoint region
[2019-12-11T09:01:45.174+0000][1][safepoint    ] Total time for which application threads were stopped: 0.0001285 seconds, Stopping threads took: 0.0000283 seconds
[2019-12-11T09:01:46.176+0000][1][safepoint    ] Application time: 1.0018190 seconds
[2019-12-11T09:01:46.176+0000][1][safepoint    ] Entering safepoint region: Cleanup
[2019-12-11T09:01:46.176+0000][1][safepoint    ] Leaving safepoint region
[2019-12-11T09:01:46.176+0000][1][safepoint    ] Total time for which application threads were stopped: 0.0001192 seconds, Stopping threads took: 0.0000282 seconds
[2019-12-11T09:01:47.179+0000][1][safepoint    ] Application time: 1.0028253 seconds
[2019-12-11T09:01:47.179+0000][1][safepoint    ] Entering safepoint region: Cleanup
[2019-12-11T09:01:47.179+0000][1][safepoint    ] Leaving safepoint region
[2019-12-11T09:01:47.179+0000][1][safepoint    ] Total time for which application threads were stopped: 0.0001309 seconds, Stopping threads took: 0.0000328 seconds
[2019-12-11T09:01:48.179+0000][1][safepoint    ] Application time: 1.0000832 seconds
[2019-12-11T09:01:48.179+0000][1][safepoint    ] Entering safepoint region: Cleanup
[2019-12-11T09:01:48.179+0000][1][safepoint    ] Leaving safepoint region
[2019-12-11T09:01:48.179+0000][1][safepoint    ] Total time for which application threads were stopped: 0.0001171 seconds, Stopping threads took: 0.0000276 seconds
[2019-12-11T09:01:49.181+0000][1][safepoint    ] Application time: 1.0015565 seconds
[2019-12-11T09:01:49.181+0000][1][safepoint    ] Entering safepoint region: Cleanup
[2019-12-11T09:01:49.181+0000][1][safepoint    ] Leaving safepoint region
[2019-12-11T09:01:49.181+0000][1][safepoint    ] Total time for which application threads were stopped: 0.0001262 seconds, Stopping threads took: 0.0000287 seconds
[2019-12-11T09:01:50.182+0000][1][safepoint    ] Application time: 1.0008096 seconds
[2019-12-11T09:01:50.182+0000][1][safepoint    ] Entering safepoint region: Cleanup
[2019-12-11T09:01:50.182+0000][1][safepoint    ] Leaving safepoint region
[2019-12-11T09:01:50.182+0000][1][safepoint    ] Total time for which application threads were stopped: 0.0001299 seconds, Stopping threads took: 0.0000283 seconds
[2019-12-11T09:01:51.183+0000][1][safepoint    ] Application time: 1.0007949 seconds
[2019-12-11T09:01:51.183+0000][1][safepoint    ] Entering safepoint region: Cleanup
[2019-12-11T09:01:51.183+0000][1][safepoint    ] Leaving safepoint region
[2019-12-11T09:01:51.183+0000][1][safepoint    ] Total time for which application threads were stopped: 0.0001237 seconds, Stopping threads took: 0.0000297 seconds
[2019-12-11T09:01:52.184+0000][1][safepoint    ] Application time: 1.0009242 seconds
[2019-12-11T09:01:52.184+0000][1][safepoint    ] Entering safepoint region: Cleanup
[2019-12-11T09:01:52.184+0000][1][safepoint    ] Leaving safepoint region
[2019-12-11T09:01:52.184+0000][1][safepoint    ] Total time for which application threads were stopped: 0.0001226 seconds, Stopping threads took: 0.0000289 seconds
[2019-12-11T09:01:53.185+0000][1][safepoint    ] Application time: 1.0007559 seconds
[2019-12-11T09:01:53.185+0000][1][safepoint    ] Entering safepoint region: Cleanup
[2019-12-11T09:01:53.185+0000][1][safepoint    ] Leaving safepoint region
[2019-12-11T09:01:53.185+0000][1][safepoint    ] Total time for which application threads were stopped: 0.0001293 seconds, Stopping threads took: 0.0000309 seconds
[2019-12-11T09:01:54.188+0000][1][safepoint    ] Application time: 1.0027746 seconds
[2019-12-11T09:01:54.188+0000][1][safepoint    ] Entering safepoint region: Cleanup
[2019-12-11T09:01:54.188+0000][1][safepoint    ] Leaving safepoint region
[2019-12-11T09:01:54.188+0000][1][safepoint    ] Total time for which application threads were stopped: 0.0001259 seconds, Stopping threads took: 0.0000292 seconds
[2019-12-11T09:01:55.190+0000][1][safepoint    ] Application time: 1.0018134 seconds
[2019-12-11T09:01:55.190+0000][1][safepoint    ] Entering safepoint region: Cleanup
[2019-12-11T09:01:55.190+0000][1][safepoint    ] Leaving safepoint region
[2019-12-11T09:01:55.190+0000][1][safepoint    ] Total time for which application threads were stopped: 0.0001268 seconds, Stopping threads took: 0.0000297 seconds
[2019-12-11T09:01:56.191+0000][1][safepoint    ] Application time: 1.0008315 seconds
[2019-12-11T09:01:56.191+0000][1][safepoint    ] Entering safepoint region: Cleanup
[2019-12-11T09:01:56.191+0000][1][safepoint    ] Leaving safepoint region
[2019-12-11T09:01:56.191+0000][1][safepoint    ] Total time for which application threads were stopped: 0.0001282 seconds, Stopping threads took: 0.0000304 seconds
[2019-12-11T09:01:57.192+0000][1][safepoint    ] Application time: 1.0008162 seconds
[2019-12-11T09:01:57.192+0000][1][safepoint    ] Entering safepoint region: Cleanup
[2019-12-11T09:01:57.192+0000][1][safepoint    ] Leaving safepoint region
[2019-12-11T09:01:57.192+0000][1][safepoint    ] Total time for which application threads were stopped: 0.0001338 seconds, Stopping threads took: 0.0000408 seconds
[2019-12-11T09:01:58.193+0000][1][safepoint    ] Application time: 1.0008390 seconds
[2019-12-11T09:01:58.193+0000][1][safepoint    ] Entering safepoint region: Cleanup
[2019-12-11T09:01:58.193+0000][1][safepoint    ] Leaving safepoint region
[2019-12-11T09:01:58.193+0000][1][safepoint    ] Total time for which application threads were stopped: 0.0001253 seconds, Stopping threads took: 0.0000300 seconds
[2019-12-11T09:01:59.198+0000][1][safepoint    ] Application time: 1.0047590 seconds
[2019-12-11T09:01:59.198+0000][1][safepoint    ] Entering safepoint region: Cleanup
[2019-12-11T09:01:59.198+0000][1][safepoint    ] Leaving safepoint region
[2019-12-11T09:01:59.198+0000][1][safepoint    ] Total time for which application threads were stopped: 0.0001137 seconds, Stopping threads took: 0.0000266 seconds
[2019-12-11T09:02:00.202+0000][1][safepoint    ] Application time: 1.0038345 seconds
[2019-12-11T09:02:00.202+0000][1][safepoint    ] Entering safepoint region: Cleanup
[2019-12-11T09:02:00.202+0000][1][safepoint    ] Leaving safepoint region
[2019-12-11T09:02:00.202+0000][1][safepoint    ] Total time for which application threads were stopped: 0.0001196 seconds, Stopping threads took: 0.0000276 seconds
[2019-12-11T09:02:01.204+0000][1][safepoint    ] Application time: 1.0018339 seconds
[2019-12-11T09:02:01.204+0000][1][safepoint    ] Entering safepoint region: Cleanup
[2019-12-11T09:02:01.204+0000][1][safepoint    ] Leaving safepoint region
[2019-12-11T09:02:01.204+0000][1][safepoint    ] Total time for which application threads were stopped: 0.0001292 seconds, Stopping threads took: 0.0000299 seconds
[2019-12-11T09:02:01.366+0000][1][safepoint    ] Application time: 0.1618138 seconds
[2019-12-11T09:02:01.366+0000][1][safepoint    ] Entering safepoint region: GenCollectForAllocation
[2019-12-11T09:02:01.366+0000][1][gc,start     ] GC(71) Pause Young (Allocation Failure)
[2019-12-11T09:02:01.366+0000][1][gc,task      ] GC(71) Using 2 workers of 2 for evacuation
[2019-12-11T09:02:01.382+0000][1][gc,age       ] GC(71) Desired survivor size 4456448 bytes, new threshold 6 (max threshold 6)
[2019-12-11T09:02:01.382+0000][1][gc,age       ] GC(71) Age table with threshold 6 (max threshold 6)
[2019-12-11T09:02:01.382+0000][1][gc,age       ] GC(71) - age   1:     618640 bytes,     618640 total
[2019-12-11T09:02:01.382+0000][1][gc,age       ] GC(71) - age   2:        288 bytes,     618928 total
[2019-12-11T09:02:01.382+0000][1][gc,age       ] GC(71) - age   3:        624 bytes,     619552 total
[2019-12-11T09:02:01.382+0000][1][gc,age       ] GC(71) - age   4:        152 bytes,     619704 total
[2019-12-11T09:02:01.382+0000][1][gc,age       ] GC(71) - age   6:        728 bytes,     620432 total
[2019-12-11T09:02:01.382+0000][1][gc,heap      ] GC(71) ParNew: 70640K->622K(78656K)
[2019-12-11T09:02:01.382+0000][1][gc,heap      ] GC(71) CMS: 71387K->71403K(174784K)
[2019-12-11T09:02:01.382+0000][1][gc,metaspace ] GC(71) Metaspace: 76075K->76075K(1118208K)
[2019-12-11T09:02:01.382+0000][1][gc           ] GC(71) Pause Young (Allocation Failure) 138M->70M(247M) 16.265ms
[2019-12-11T09:02:01.382+0000][1][gc,cpu       ] GC(71) User=0.00s Sys=0.00s Real=0.01s
[2019-12-11T09:02:01.382+0000][1][safepoint    ] Leaving safepoint region
[2019-12-11T09:02:01.382+0000][1][safepoint    ] Total time for which application threads were stopped: 0.0164950 seconds, Stopping threads took: 0.0000293 seconds
[2019-12-11T09:02:02.383+0000][1][safepoint    ] Application time: 1.0004400 seconds
[2019-12-11T09:02:02.383+0000][1][safepoint    ] Entering safepoint region: Cleanup
[2019-12-11T09:02:02.383+0000][1][safepoint    ] Leaving safepoint region
[2019-12-11T09:02:02.383+0000][1][safepoint    ] Total time for which application threads were stopped: 0.0001257 seconds, Stopping threads took: 0.0000292 seconds
[2019-12-11T09:02:03.385+0000][1][safepoint    ] Application time: 1.0018382 seconds
[2019-12-11T09:02:03.385+0000][1][safepoint    ] Entering safepoint region: Cleanup
[2019-12-11T09:02:03.385+0000][1][safepoint    ] Leaving safepoint region
[2019-12-11T09:02:03.385+0000][1][safepoint    ] Total time for which application threads were stopped: 0.0001461 seconds, Stopping threads took: 0.0000485 seconds
[2019-12-11T09:02:04.386+0000][1][safepoint    ] Application time: 1.0007786 seconds
[2019-12-11T09:02:04.386+0000][1][safepoint    ] Entering safepoint region: Cleanup
[2019-12-11T09:02:04.386+0000][1][safepoint    ] Leaving safepoint region
[2019-12-11T09:02:04.386+0000][1][safepoint    ] Total time for which application threads were stopped: 0.0001215 seconds, Stopping threads took: 0.0000261 seconds
[2019-12-11T09:02:05.387+0000][1][safepoint    ] Application time: 1.0009673 seconds
[2019-12-11T09:02:05.387+0000][1][safepoint    ] Entering safepoint region: Cleanup
[2019-12-11T09:02:05.387+0000][1][safepoint    ] Leaving safepoint region
[2019-12-11T09:02:05.387+0000][1][safepoint    ] Total time for which application threads were stopped: 0.0001175 seconds, Stopping threads took: 0.0000276 seconds
[2019-12-11T09:02:06.388+0000][1][safepoint    ] Application time: 1.0006680 seconds
[2019-12-11T09:02:06.388+0000][1][safepoint    ] Entering safepoint region: Cleanup
[2019-12-11T09:02:06.388+0000][1][safepoint    ] Leaving safepoint region
[2019-12-11T09:02:06.388+0000][1][safepoint    ] Total time for which application threads were stopped: 0.0001242 seconds, Stopping threads took: 0.0000284 seconds
[2019-12-11T09:02:07.389+0000][1][safepoint    ] Application time: 1.0008407 seconds
[2019-12-11T09:02:07.389+0000][1][safepoint    ] Entering safepoint region: Cleanup
[2019-12-11T09:02:07.389+0000][1][safepoint    ] Leaving safepoint region
[2019-12-11T09:02:07.389+0000][1][safepoint    ] Total time for which application threads were stopped: 0.0001249 seconds, Stopping threads took: 0.0000287 seconds
[2019-12-11T09:02:08.390+0000][1][safepoint    ] Application time: 1.0008593 seconds
[2019-12-11T09:02:08.390+0000][1][safepoint    ] Entering safepoint region: Cleanup
[2019-12-11T09:02:08.390+0000][1][safepoint    ] Leaving safepoint region
[2019-12-11T09:02:08.390+0000][1][safepoint    ] Total time for which application threads were stopped: 0.0001162 seconds, Stopping threads took: 0.0000284 seconds
[2019-12-11T09:02:09.391+0000][1][safepoint    ] Application time: 1.0007737 seconds
[2019-12-11T09:02:09.391+0000][1][safepoint    ] Entering safepoint region: Cleanup
[2019-12-11T09:02:09.391+0000][1][safepoint    ] Leaving safepoint region
[2019-12-11T09:02:09.391+0000][1][safepoint    ] Total time for which application threads were stopped: 0.0001274 seconds, Stopping threads took: 0.0000302 seconds
[2019-12-11T09:02:10.392+0000][1][safepoint    ] Application time: 1.0008157 seconds
[2019-12-11T09:02:10.392+0000][1][safepoint    ] Entering safepoint region: Cleanup
[2019-12-11T09:02:10.392+0000][1][safepoint    ] Leaving safepoint region
[2019-12-11T09:02:10.392+0000][1][safepoint    ] Total time for which application threads were stopped: 0.0001236 seconds, Stopping threads took: 0.0000286 seconds
[2019-12-11T09:02:11.393+0000][1][safepoint    ] Application time: 1.0006356 seconds
[2019-12-11T09:02:11.393+0000][1][safepoint    ] Entering safepoint region: Cleanup
[2019-12-11T09:02:11.393+0000][1][safepoint    ] Leaving safepoint region
[2019-12-11T09:02:11.393+0000][1][safepoint    ] Total time for which application threads were stopped: 0.0002007 seconds, Stopping threads took: 0.0000642 seconds
[2019-12-11T09:02:12.394+0000][1][safepoint    ] Application time: 1.0009061 seconds
[2019-12-11T09:02:12.394+0000][1][safepoint    ] Entering safepoint region: Cleanup
[2019-12-11T09:02:12.394+0000][1][safepoint    ] Leaving safepoint region
[2019-12-11T09:02:12.394+0000][1][safepoint    ] Total time for which application threads were stopped: 0.0001316 seconds, Stopping threads took: 0.0000303 seconds
[2019-12-11T09:02:13.398+0000][1][safepoint    ] Application time: 1.0038278 seconds
[2019-12-11T09:02:13.398+0000][1][safepoint    ] Entering safepoint region: Cleanup
[2019-12-11T09:02:13.398+0000][1][safepoint    ] Leaving safepoint region
[2019-12-11T09:02:13.398+0000][1][safepoint    ] Total time for which application threads were stopped: 0.0001269 seconds, Stopping threads took: 0.0000295 seconds
[2019-12-11T09:02:14.400+0000][1][safepoint    ] Application time: 1.0024456 seconds
[2019-12-11T09:02:14.400+0000][1][safepoint    ] Entering safepoint region: Cleanup
[2019-12-11T09:02:14.401+0000][1][safepoint    ] Leaving safepoint region
[2019-12-11T09:02:14.401+0000][1][safepoint    ] Total time for which application threads were stopped: 0.0001299 seconds, Stopping threads took: 0.0000354 seconds
[2019-12-11T09:02:15.404+0000][1][safepoint    ] Application time: 1.0031465 seconds
[2019-12-11T09:02:15.404+0000][1][safepoint    ] Entering safepoint region: Cleanup
[2019-12-11T09:02:15.404+0000][1][safepoint    ] Leaving safepoint region
[2019-12-11T09:02:15.404+0000][1][safepoint    ] Total time for which application threads were stopped: 0.0001272 seconds, Stopping threads took: 0.0000294 seconds
[2019-12-11T09:02:16.408+0000][1][safepoint    ] Application time: 1.0038139 seconds
[2019-12-11T09:02:16.408+0000][1][safepoint    ] Entering safepoint region: Cleanup
[2019-12-11T09:02:16.408+0000][1][safepoint    ] Leaving safepoint region
[2019-12-11T09:02:16.408+0000][1][safepoint    ] Total time for which application threads were stopped: 0.0001271 seconds, Stopping threads took: 0.0000296 seconds
[2019-12-11T09:02:17.409+0000][1][safepoint    ] Application time: 1.0008115 seconds
[2019-12-11T09:02:17.409+0000][1][safepoint    ] Entering safepoint region: Cleanup
[2019-12-11T09:02:17.409+0000][1][safepoint    ] Leaving safepoint region
[2019-12-11T09:02:17.409+0000][1][safepoint    ] Total time for which application threads were stopped: 0.0001257 seconds, Stopping threads took: 0.0000310 seconds
[2019-12-11T09:02:18.411+0000][1][safepoint    ] Application time: 1.0018072 seconds
[2019-12-11T09:02:18.411+0000][1][safepoint    ] Entering safepoint region: Cleanup
[2019-12-11T09:02:18.411+0000][1][safepoint    ] Leaving safepoint region
[2019-12-11T09:02:18.411+0000][1][safepoint    ] Total time for which application threads were stopped: 0.0001195 seconds, Stopping threads took: 0.0000286 seconds
[2019-12-11T09:02:19.412+0000][1][safepoint    ] Application time: 1.0008537 seconds
[2019-12-11T09:02:19.412+0000][1][safepoint    ] Entering safepoint region: Cleanup
[2019-12-11T09:02:19.412+0000][1][safepoint    ] Leaving safepoint region
[2019-12-11T09:02:19.412+0000][1][safepoint    ] Total time for which application threads were stopped: 0.0001201 seconds, Stopping threads took: 0.0000276 seconds
[2019-12-11T09:02:20.415+0000][1][safepoint    ] Application time: 1.0027805 seconds
[2019-12-11T09:02:20.415+0000][1][safepoint    ] Entering safepoint region: Cleanup
[2019-12-11T09:02:20.415+0000][1][safepoint    ] Leaving safepoint region
[2019-12-11T09:02:20.415+0000][1][safepoint    ] Total time for which application threads were stopped: 0.0001245 seconds, Stopping threads took: 0.0000288 seconds
[2019-12-11T09:02:21.417+0000][1][safepoint    ] Application time: 1.0018123 seconds
[2019-12-11T09:02:21.417+0000][1][safepoint    ] Entering safepoint region: Cleanup
[2019-12-11T09:02:21.417+0000][1][safepoint    ] Leaving safepoint region
[2019-12-11T09:02:21.417+0000][1][safepoint    ] Total time for which application threads were stopped: 0.0001251 seconds, Stopping threads took: 0.0000311 seconds
[2019-12-11T09:02:22.419+0000][1][safepoint    ] Application time: 1.0018220 seconds
[2019-12-11T09:02:22.419+0000][1][safepoint    ] Entering safepoint region: Cleanup
[2019-12-11T09:02:22.419+0000][1][safepoint    ] Leaving safepoint region
[2019-12-11T09:02:22.419+0000][1][safepoint    ] Total time for which application threads were stopped: 0.0001279 seconds, Stopping threads took: 0.0000295 seconds
[2019-12-11T09:02:23.423+0000][1][safepoint    ] Application time: 1.0037960 seconds
[2019-12-11T09:02:23.423+0000][1][safepoint    ] Entering safepoint region: Cleanup
[2019-12-11T09:02:23.423+0000][1][safepoint    ] Leaving safepoint region
[2019-12-11T09:02:23.423+0000][1][safepoint    ] Total time for which application threads were stopped: 0.0001270 seconds, Stopping threads took: 0.0000283 seconds
[2019-12-11T09:02:24.425+0000][1][safepoint    ] Application time: 1.0018024 seconds
[2019-12-11T09:02:24.425+0000][1][safepoint    ] Entering safepoint region: Cleanup
[2019-12-11T09:02:24.425+0000][1][safepoint    ] Leaving safepoint region
[2019-12-11T09:02:24.425+0000][1][safepoint    ] Total time for which application threads were stopped: 0.0001208 seconds, Stopping threads took: 0.0000292 seconds
[2019-12-11T09:02:25.429+0000][1][safepoint    ] Application time: 1.0040140 seconds
[2019-12-11T09:02:25.429+0000][1][safepoint    ] Entering safepoint region: Cleanup
[2019-12-11T09:02:25.429+0000][1][safepoint    ] Leaving safepoint region
[2019-12-11T09:02:25.429+0000][1][safepoint    ] Total time for which application threads were stopped: 0.0001224 seconds, Stopping threads took: 0.0000273 seconds
[2019-12-11T09:02:26.431+0000][1][safepoint    ] Application time: 1.0016641 seconds
[2019-12-11T09:02:26.431+0000][1][safepoint    ] Entering safepoint region: Cleanup
[2019-12-11T09:02:26.431+0000][1][safepoint    ] Leaving safepoint region
[2019-12-11T09:02:26.431+0000][1][safepoint    ] Total time for which application threads were stopped: 0.0001256 seconds, Stopping threads took: 0.0000319 seconds
[2019-12-11T09:02:27.814+0000][1][safepoint    ] Application time: 1.3827809 seconds
[2019-12-11T09:02:27.814+0000][1][safepoint    ] Entering safepoint region: Cleanup
[2019-12-11T09:02:27.814+0000][1][safepoint    ] Leaving safepoint region
[2019-12-11T09:02:27.814+0000][1][safepoint    ] Total time for which application threads were stopped: 0.0001240 seconds, Stopping threads took: 0.0000293 seconds
[2019-12-11T09:02:28.815+0000][1][safepoint    ] Application time: 1.0008089 seconds
[2019-12-11T09:02:28.815+0000][1][safepoint    ] Entering safepoint region: Cleanup
[2019-12-11T09:02:28.815+0000][1][safepoint    ] Leaving safepoint region
[2019-12-11T09:02:28.815+0000][1][safepoint    ] Total time for which application threads were stopped: 0.0001200 seconds, Stopping threads took: 0.0000265 seconds
[2019-12-11T09:02:29.816+0000][1][safepoint    ] Application time: 1.0008422 seconds
[2019-12-11T09:02:29.816+0000][1][safepoint    ] Entering safepoint region: Cleanup
[2019-12-11T09:02:29.816+0000][1][safepoint    ] Leaving safepoint region
[2019-12-11T09:02:29.816+0000][1][safepoint    ] Total time for which application threads were stopped: 0.0001256 seconds, Stopping threads took: 0.0000291 seconds
[2019-12-11T09:02:30.818+0000][1][safepoint    ] Application time: 1.0018030 seconds
[2019-12-11T09:02:30.818+0000][1][safepoint    ] Entering safepoint region: Cleanup
[2019-12-11T09:02:30.818+0000][1][safepoint    ] Leaving safepoint region
[2019-12-11T09:02:30.818+0000][1][safepoint    ] Total time for which application threads were stopped: 0.0001151 seconds, Stopping threads took: 0.0000255 seconds
[2019-12-11T09:02:31.820+0000][1][safepoint    ] Application time: 1.0018235 seconds
[2019-12-11T09:02:31.820+0000][1][safepoint    ] Entering safepoint region: Cleanup
[2019-12-11T09:02:31.820+0000][1][safepoint    ] Leaving safepoint region
[2019-12-11T09:02:31.820+0000][1][safepoint    ] Total time for which application threads were stopped: 0.0001119 seconds, Stopping threads took: 0.0000239 seconds
[2019-12-11T09:02:32.823+0000][1][safepoint    ] Application time: 1.0028683 seconds
[2019-12-11T09:02:32.823+0000][1][safepoint    ] Entering safepoint region: Cleanup
[2019-12-11T09:02:32.823+0000][1][safepoint    ] Leaving safepoint region
[2019-12-11T09:02:32.823+0000][1][safepoint    ] Total time for which application threads were stopped: 0.0001267 seconds, Stopping threads took: 0.0000290 seconds
[2019-12-11T09:02:33.824+0000][1][safepoint    ] Application time: 1.0008011 seconds
[2019-12-11T09:02:33.824+0000][1][safepoint    ] Entering safepoint region: Cleanup
[2019-12-11T09:02:33.824+0000][1][safepoint    ] Leaving safepoint region
[2019-12-11T09:02:33.824+0000][1][safepoint    ] Total time for which application threads were stopped: 0.0001265 seconds, Stopping threads took: 0.0000295 seconds
[2019-12-11T09:02:34.828+0000][1][safepoint    ] Application time: 1.0038485 seconds
[2019-12-11T09:02:34.828+0000][1][safepoint    ] Entering safepoint region: Cleanup
[2019-12-11T09:02:34.828+0000][1][safepoint    ] Leaving safepoint region
[2019-12-11T09:02:34.828+0000][1][safepoint    ] Total time for which application threads were stopped: 0.0001164 seconds, Stopping threads took: 0.0000256 seconds
[2019-12-11T09:02:35.832+0000][1][safepoint    ] Application time: 1.0037878 seconds
[2019-12-11T09:02:35.832+0000][1][safepoint    ] Entering safepoint region: Cleanup
[2019-12-11T09:02:35.832+0000][1][safepoint    ] Leaving safepoint region
[2019-12-11T09:02:35.832+0000][1][safepoint    ] Total time for which application threads were stopped: 0.0001260 seconds, Stopping threads took: 0.0000308 seconds
[2019-12-11T09:02:36.833+0000][1][safepoint    ] Application time: 1.0008001 seconds
[2019-12-11T09:02:36.833+0000][1][safepoint    ] Entering safepoint region: Cleanup
[2019-12-11T09:02:36.833+0000][1][safepoint    ] Leaving safepoint region
[2019-12-11T09:02:36.833+0000][1][safepoint    ] Total time for which application threads were stopped: 0.0001139 seconds, Stopping threads took: 0.0000267 seconds
[2019-12-11T09:02:37.834+0000][1][safepoint    ] Application time: 1.0008341 seconds
[2019-12-11T09:02:37.834+0000][1][safepoint    ] Entering safepoint region: Cleanup
[2019-12-11T09:02:37.834+0000][1][safepoint    ] Leaving safepoint region
[2019-12-11T09:02:37.834+0000][1][safepoint    ] Total time for which application threads were stopped: 0.0001337 seconds, Stopping threads took: 0.0000370 seconds
[2019-12-11T09:02:38.835+0000][1][safepoint    ] Application time: 1.0008246 seconds
[2019-12-11T09:02:38.835+0000][1][safepoint    ] Entering safepoint region: Cleanup
[2019-12-11T09:02:38.835+0000][1][safepoint    ] Leaving safepoint region
[2019-12-11T09:02:38.835+0000][1][safepoint    ] Total time for which application threads were stopped: 0.0001194 seconds, Stopping threads took: 0.0000264 seconds
[2019-12-11T09:02:39.836+0000][1][safepoint    ] Application time: 1.0008122 seconds
[2019-12-11T09:02:39.836+0000][1][safepoint    ] Entering safepoint region: Cleanup
[2019-12-11T09:02:39.836+0000][1][safepoint    ] Leaving safepoint region
[2019-12-11T09:02:39.836+0000][1][safepoint    ] Total time for which application threads were stopped: 0.0001275 seconds, Stopping threads took: 0.0000267 seconds
[2019-12-11T09:02:40.837+0000][1][safepoint    ] Application time: 1.0008231 seconds
[2019-12-11T09:02:40.837+0000][1][safepoint    ] Entering safepoint region: Cleanup
[2019-12-11T09:02:40.837+0000][1][safepoint    ] Leaving safepoint region
[2019-12-11T09:02:40.837+0000][1][safepoint    ] Total time for which application threads were stopped: 0.0001278 seconds, Stopping threads took: 0.0000292 seconds
[2019-12-11T09:02:41.408+0000][1][safepoint    ] Application time: 0.5706297 seconds
[2019-12-11T09:02:41.408+0000][1][safepoint    ] Entering safepoint region: GenCollectForAllocation
[2019-12-11T09:02:41.408+0000][1][gc,start     ] GC(72) Pause Young (Allocation Failure)
[2019-12-11T09:02:41.408+0000][1][gc,task      ] GC(72) Using 2 workers of 2 for evacuation
[2019-12-11T09:02:41.420+0000][1][gc,age       ] GC(72) Desired survivor size 4456448 bytes, new threshold 6 (max threshold 6)
[2019-12-11T09:02:41.420+0000][1][gc,age       ] GC(72) Age table with threshold 6 (max threshold 6)
[2019-12-11T09:02:41.420+0000][1][gc,age       ] GC(72) - age   1:     690056 bytes,     690056 total
[2019-12-11T09:02:41.420+0000][1][gc,age       ] GC(72) - age   2:        120 bytes,     690176 total
[2019-12-11T09:02:41.420+0000][1][gc,age       ] GC(72) - age   3:        288 bytes,     690464 total
[2019-12-11T09:02:41.420+0000][1][gc,age       ] GC(72) - age   4:        624 bytes,     691088 total
[2019-12-11T09:02:41.420+0000][1][gc,age       ] GC(72) - age   5:        152 bytes,     691240 total
[2019-12-11T09:02:41.420+0000][1][gc,heap      ] GC(72) ParNew: 70533K->691K(78656K)
[2019-12-11T09:02:41.420+0000][1][gc,heap      ] GC(72) CMS: 71403K->71403K(174784K)
[2019-12-11T09:02:41.420+0000][1][gc,metaspace ] GC(72) Metaspace: 76092K->76092K(1118208K)
[2019-12-11T09:02:41.420+0000][1][gc           ] GC(72) Pause Young (Allocation Failure) 138M->70M(247M) 12.031ms
[2019-12-11T09:02:41.420+0000][1][gc,cpu       ] GC(72) User=0.00s Sys=0.00s Real=0.01s
[2019-12-11T09:02:41.420+0000][1][safepoint    ] Leaving safepoint region
[2019-12-11T09:02:41.420+0000][1][safepoint    ] Total time for which application threads were stopped: 0.0122694 seconds, Stopping threads took: 0.0000270 seconds
[2019-12-11T09:02:42.422+0000][1][safepoint    ] Application time: 1.0019778 seconds
[2019-12-11T09:02:42.422+0000][1][safepoint    ] Entering safepoint region: Cleanup
[2019-12-11T09:02:42.422+0000][1][safepoint    ] Leaving safepoint region
[2019-12-11T09:02:42.422+0000][1][safepoint    ] Total time for which application threads were stopped: 0.0001171 seconds, Stopping threads took: 0.0000272 seconds
[2019-12-11T09:02:43.425+0000][1][safepoint    ] Application time: 1.0026998 seconds
[2019-12-11T09:02:43.425+0000][1][safepoint    ] Entering safepoint region: Cleanup
[2019-12-11T09:02:43.425+0000][1][safepoint    ] Leaving safepoint region
[2019-12-11T09:02:43.425+0000][1][safepoint    ] Total time for which application threads were stopped: 0.0001293 seconds, Stopping threads took: 0.0000287 seconds
[2019-12-11T09:02:44.426+0000][1][safepoint    ] Application time: 1.0008262 seconds
[2019-12-11T09:02:44.426+0000][1][safepoint    ] Entering safepoint region: Cleanup
[2019-12-11T09:02:44.426+0000][1][safepoint    ] Leaving safepoint region
[2019-12-11T09:02:44.426+0000][1][safepoint    ] Total time for which application threads were stopped: 0.0001283 seconds, Stopping threads took: 0.0000287 seconds
[2019-12-11T09:02:45.426+0000][1][safepoint    ] Application time: 1.0000749 seconds
[2019-12-11T09:02:45.426+0000][1][safepoint    ] Entering safepoint region: Cleanup
[2019-12-11T09:02:45.426+0000][1][safepoint    ] Leaving safepoint region
[2019-12-11T09:02:45.426+0000][1][safepoint    ] Total time for which application threads were stopped: 0.0000848 seconds, Stopping threads took: 0.0000190 seconds
[2019-12-11T09:02:46.428+0000][1][safepoint    ] Application time: 1.0016515 seconds
[2019-12-11T09:02:46.428+0000][1][safepoint    ] Entering safepoint region: Cleanup
[2019-12-11T09:02:46.428+0000][1][safepoint    ] Leaving safepoint region
[2019-12-11T09:02:46.428+0000][1][safepoint    ] Total time for which application threads were stopped: 0.0001321 seconds, Stopping threads took: 0.0000383 seconds
[2019-12-11T09:02:47.428+0000][1][safepoint    ] Application time: 1.0000880 seconds
[2019-12-11T09:02:47.428+0000][1][safepoint    ] Entering safepoint region: Cleanup
[2019-12-11T09:02:47.428+0000][1][safepoint    ] Leaving safepoint region
[2019-12-11T09:02:47.428+0000][1][safepoint    ] Total time for which application threads were stopped: 0.0001291 seconds, Stopping threads took: 0.0000303 seconds
[2019-12-11T09:02:48.429+0000][1][safepoint    ] Application time: 1.0005106 seconds
[2019-12-11T09:02:48.429+0000][1][safepoint    ] Entering safepoint region: Cleanup
[2019-12-11T09:02:48.429+0000][1][safepoint    ] Leaving safepoint region
[2019-12-11T09:02:48.429+0000][1][safepoint    ] Total time for which application threads were stopped: 0.0001178 seconds, Stopping threads took: 0.0000281 seconds
[2019-12-11T09:02:49.430+0000][1][safepoint    ] Application time: 1.0008882 seconds
[2019-12-11T09:02:49.430+0000][1][safepoint    ] Entering safepoint region: Cleanup
[2019-12-11T09:02:49.430+0000][1][safepoint    ] Leaving safepoint region
[2019-12-11T09:02:49.430+0000][1][safepoint    ] Total time for which application threads were stopped: 0.0001235 seconds, Stopping threads took: 0.0000287 seconds
[2019-12-11T09:02:50.432+0000][1][safepoint    ] Application time: 1.0017561 seconds
[2019-12-11T09:02:50.432+0000][1][safepoint    ] Entering safepoint region: Cleanup
[2019-12-11T09:02:50.432+0000][1][safepoint    ] Leaving safepoint region
[2019-12-11T09:02:50.432+0000][1][safepoint    ] Total time for which application threads were stopped: 0.0001149 seconds, Stopping threads took: 0.0000287 seconds
[2019-12-11T09:02:51.433+0000][1][safepoint    ] Application time: 1.0008272 seconds
[2019-12-11T09:02:51.433+0000][1][safepoint    ] Entering safepoint region: Cleanup
[2019-12-11T09:02:51.433+0000][1][safepoint    ] Leaving safepoint region
[2019-12-11T09:02:51.433+0000][1][safepoint    ] Total time for which application threads were stopped: 0.0001262 seconds, Stopping threads took: 0.0000297 seconds
[2019-12-11T09:02:52.434+0000][1][safepoint    ] Application time: 1.0007904 seconds
[2019-12-11T09:02:52.434+0000][1][safepoint    ] Entering safepoint region: Cleanup
[2019-12-11T09:02:52.434+0000][1][safepoint    ] Leaving safepoint region
[2019-12-11T09:02:52.434+0000][1][safepoint    ] Total time for which application threads were stopped: 0.0001196 seconds, Stopping threads took: 0.0000276 seconds
[2019-12-11T09:02:53.435+0000][1][safepoint    ] Application time: 1.0008330 seconds
[2019-12-11T09:02:53.435+0000][1][safepoint    ] Entering safepoint region: Cleanup
[2019-12-11T09:02:53.435+0000][1][safepoint    ] Leaving safepoint region
[2019-12-11T09:02:53.435+0000][1][safepoint    ] Total time for which application threads were stopped: 0.0001271 seconds, Stopping threads took: 0.0000309 seconds
[2019-12-11T09:02:54.437+0000][1][safepoint    ] Application time: 1.0018314 seconds
[2019-12-11T09:02:54.437+0000][1][safepoint    ] Entering safepoint region: Cleanup
[2019-12-11T09:02:54.437+0000][1][safepoint    ] Leaving safepoint region
[2019-12-11T09:02:54.437+0000][1][safepoint    ] Total time for which application threads were stopped: 0.0001418 seconds, Stopping threads took: 0.0000320 seconds
[2019-12-11T09:02:55.439+0000][1][safepoint    ] Application time: 1.0016890 seconds
[2019-12-11T09:02:55.439+0000][1][safepoint    ] Entering safepoint region: Cleanup
[2019-12-11T09:02:55.439+0000][1][safepoint    ] Leaving safepoint region
[2019-12-11T09:02:55.439+0000][1][safepoint    ] Total time for which application threads were stopped: 0.0001322 seconds, Stopping threads took: 0.0000330 seconds
[2019-12-11T09:02:56.444+0000][1][safepoint    ] Application time: 1.0048710 seconds
[2019-12-11T09:02:56.444+0000][1][safepoint    ] Entering safepoint region: Cleanup
[2019-12-11T09:02:56.444+0000][1][safepoint    ] Leaving safepoint region
[2019-12-11T09:02:56.444+0000][1][safepoint    ] Total time for which application threads were stopped: 0.0001294 seconds, Stopping threads took: 0.0000394 seconds
[2019-12-11T09:02:57.446+0000][1][safepoint    ] Application time: 1.0018211 seconds
[2019-12-11T09:02:57.446+0000][1][safepoint    ] Entering safepoint region: Cleanup
[2019-12-11T09:02:57.446+0000][1][safepoint    ] Leaving safepoint region
[2019-12-11T09:02:57.446+0000][1][safepoint    ] Total time for which application threads were stopped: 0.0001260 seconds, Stopping threads took: 0.0000289 seconds
[2019-12-11T09:02:58.447+0000][1][safepoint    ] Application time: 1.0008132 seconds
[2019-12-11T09:02:58.447+0000][1][safepoint    ] Entering safepoint region: Cleanup
[2019-12-11T09:02:58.447+0000][1][safepoint    ] Leaving safepoint region
[2019-12-11T09:02:58.447+0000][1][safepoint    ] Total time for which application threads were stopped: 0.0001266 seconds, Stopping threads took: 0.0000371 seconds
[2019-12-11T09:02:59.448+0000][1][safepoint    ] Application time: 1.0008360 seconds
[2019-12-11T09:02:59.448+0000][1][safepoint    ] Entering safepoint region: Cleanup
[2019-12-11T09:02:59.448+0000][1][safepoint    ] Leaving safepoint region
[2019-12-11T09:02:59.448+0000][1][safepoint    ] Total time for which application threads were stopped: 0.0001167 seconds, Stopping threads took: 0.0000262 seconds
[2019-12-11T09:03:00.451+0000][1][safepoint    ] Application time: 1.0028161 seconds
[2019-12-11T09:03:00.451+0000][1][safepoint    ] Entering safepoint region: Cleanup
[2019-12-11T09:03:00.451+0000][1][safepoint    ] Leaving safepoint region
[2019-12-11T09:03:00.451+0000][1][safepoint    ] Total time for which application threads were stopped: 0.0001152 seconds, Stopping threads took: 0.0000256 seconds
[2019-12-11T09:03:01.452+0000][1][safepoint    ] Application time: 1.0008900 seconds
[2019-12-11T09:03:01.452+0000][1][safepoint    ] Entering safepoint region: Cleanup
[2019-12-11T09:03:01.452+0000][1][safepoint    ] Leaving safepoint region
[2019-12-11T09:03:01.452+0000][1][safepoint    ] Total time for which application threads were stopped: 0.0001168 seconds, Stopping threads took: 0.0000271 seconds
[2019-12-11T09:03:02.457+0000][1][safepoint    ] Application time: 1.0047325 seconds
[2019-12-11T09:03:02.457+0000][1][safepoint    ] Entering safepoint region: Cleanup
[2019-12-11T09:03:02.457+0000][1][safepoint    ] Leaving safepoint region
[2019-12-11T09:03:02.457+0000][1][safepoint    ] Total time for which application threads were stopped: 0.0001200 seconds, Stopping threads took: 0.0000298 seconds
[2019-12-11T09:03:03.459+0000][1][safepoint    ] Application time: 1.0018674 seconds
[2019-12-11T09:03:03.459+0000][1][safepoint    ] Entering safepoint region: Cleanup
[2019-12-11T09:03:03.459+0000][1][safepoint    ] Leaving safepoint region
[2019-12-11T09:03:03.459+0000][1][safepoint    ] Total time for which application threads were stopped: 0.0001354 seconds, Stopping threads took: 0.0000399 seconds
[2019-12-11T09:03:04.460+0000][1][safepoint    ] Application time: 1.0008077 seconds
[2019-12-11T09:03:04.460+0000][1][safepoint    ] Entering safepoint region: Cleanup
[2019-12-11T09:03:04.460+0000][1][safepoint    ] Leaving safepoint region
[2019-12-11T09:03:04.460+0000][1][safepoint    ] Total time for which application threads were stopped: 0.0001838 seconds, Stopping threads took: 0.0000439 seconds
[2019-12-11T09:03:05.901+0000][1][safepoint    ] Application time: 1.4407049 seconds
[2019-12-11T09:03:05.901+0000][1][safepoint    ] Entering safepoint region: Cleanup
[2019-12-11T09:03:05.901+0000][1][safepoint    ] Leaving safepoint region
[2019-12-11T09:03:05.901+0000][1][safepoint    ] Total time for which application threads were stopped: 0.0001258 seconds, Stopping threads took: 0.0000263 seconds
[2019-12-11T09:03:06.903+0000][1][safepoint    ] Application time: 1.0018446 seconds
[2019-12-11T09:03:06.903+0000][1][safepoint    ] Entering safepoint region: Cleanup
[2019-12-11T09:03:06.903+0000][1][safepoint    ] Leaving safepoint region
[2019-12-11T09:03:06.903+0000][1][safepoint    ] Total time for which application threads were stopped: 0.0001231 seconds, Stopping threads took: 0.0000318 seconds
[2019-12-11T09:03:07.906+0000][1][safepoint    ] Application time: 1.0028044 seconds
[2019-12-11T09:03:07.906+0000][1][safepoint    ] Entering safepoint region: Cleanup
[2019-12-11T09:03:07.906+0000][1][safepoint    ] Leaving safepoint region
[2019-12-11T09:03:07.906+0000][1][safepoint    ] Total time for which application threads were stopped: 0.0001284 seconds, Stopping threads took: 0.0000280 seconds
[2019-12-11T09:03:08.907+0000][1][safepoint    ] Application time: 1.0007979 seconds
[2019-12-11T09:03:08.907+0000][1][safepoint    ] Entering safepoint region: Cleanup
[2019-12-11T09:03:08.907+0000][1][safepoint    ] Leaving safepoint region
[2019-12-11T09:03:08.907+0000][1][safepoint    ] Total time for which application threads were stopped: 0.0001373 seconds, Stopping threads took: 0.0000364 seconds
[2019-12-11T09:03:09.909+0000][1][safepoint    ] Application time: 1.0017993 seconds
[2019-12-11T09:03:09.909+0000][1][safepoint    ] Entering safepoint region: Cleanup
[2019-12-11T09:03:09.909+0000][1][safepoint    ] Leaving safepoint region
[2019-12-11T09:03:09.909+0000][1][safepoint    ] Total time for which application threads were stopped: 0.0001138 seconds, Stopping threads took: 0.0000266 seconds
[2019-12-11T09:03:10.913+0000][1][safepoint    ] Application time: 1.0041218 seconds
[2019-12-11T09:03:10.913+0000][1][safepoint    ] Entering safepoint region: Cleanup
[2019-12-11T09:03:10.913+0000][1][safepoint    ] Leaving safepoint region
[2019-12-11T09:03:10.913+0000][1][safepoint    ] Total time for which application threads were stopped: 0.0001193 seconds, Stopping threads took: 0.0000262 seconds
[2019-12-11T09:03:11.917+0000][1][safepoint    ] Application time: 1.0035339 seconds
[2019-12-11T09:03:11.917+0000][1][safepoint    ] Entering safepoint region: Cleanup
[2019-12-11T09:03:11.917+0000][1][safepoint    ] Leaving safepoint region
[2019-12-11T09:03:11.917+0000][1][safepoint    ] Total time for which application threads were stopped: 0.0001266 seconds, Stopping threads took: 0.0000294 seconds
[2019-12-11T09:03:12.918+0000][1][safepoint    ] Application time: 1.0008856 seconds
[2019-12-11T09:03:12.918+0000][1][safepoint    ] Entering safepoint region: Cleanup
[2019-12-11T09:03:12.918+0000][1][safepoint    ] Leaving safepoint region
[2019-12-11T09:03:12.918+0000][1][safepoint    ] Total time for which application threads were stopped: 0.0001047 seconds, Stopping threads took: 0.0000249 seconds
[2019-12-11T09:03:13.919+0000][1][safepoint    ] Application time: 1.0008125 seconds
[2019-12-11T09:03:13.919+0000][1][safepoint    ] Entering safepoint region: Cleanup
[2019-12-11T09:03:13.919+0000][1][safepoint    ] Leaving safepoint region
[2019-12-11T09:03:13.919+0000][1][safepoint    ] Total time for which application threads were stopped: 0.0001124 seconds, Stopping threads took: 0.0000267 seconds
[2019-12-11T09:03:14.920+0000][1][safepoint    ] Application time: 1.0007763 seconds
[2019-12-11T09:03:14.920+0000][1][safepoint    ] Entering safepoint region: Cleanup
[2019-12-11T09:03:14.920+0000][1][safepoint    ] Leaving safepoint region
[2019-12-11T09:03:14.920+0000][1][safepoint    ] Total time for which application threads were stopped: 0.0001186 seconds, Stopping threads took: 0.0000265 seconds
[2019-12-11T09:03:15.921+0000][1][safepoint    ] Application time: 1.0008473 seconds
[2019-12-11T09:03:15.921+0000][1][safepoint    ] Entering safepoint region: Cleanup
[2019-12-11T09:03:15.921+0000][1][safepoint    ] Leaving safepoint region
[2019-12-11T09:03:15.921+0000][1][safepoint    ] Total time for which application threads were stopped: 0.0001391 seconds, Stopping threads took: 0.0000283 seconds
[2019-12-11T09:03:16.922+0000][1][safepoint    ] Application time: 1.0009056 seconds
[2019-12-11T09:03:16.922+0000][1][safepoint    ] Entering safepoint region: Cleanup
[2019-12-11T09:03:16.922+0000][1][safepoint    ] Leaving safepoint region
[2019-12-11T09:03:16.922+0000][1][safepoint    ] Total time for which application threads were stopped: 0.0001171 seconds, Stopping threads took: 0.0000269 seconds
[2019-12-11T09:03:17.923+0000][1][safepoint    ] Application time: 1.0007316 seconds
[2019-12-11T09:03:17.923+0000][1][safepoint    ] Entering safepoint region: Cleanup
[2019-12-11T09:03:17.923+0000][1][safepoint    ] Leaving safepoint region
[2019-12-11T09:03:17.923+0000][1][safepoint    ] Total time for which application threads were stopped: 0.0001384 seconds, Stopping threads took: 0.0000365 seconds
[2019-12-11T09:03:18.923+0000][1][safepoint    ] Application time: 1.0000873 seconds
[2019-12-11T09:03:18.923+0000][1][safepoint    ] Entering safepoint region: Cleanup
[2019-12-11T09:03:18.923+0000][1][safepoint    ] Leaving safepoint region
[2019-12-11T09:03:18.923+0000][1][safepoint    ] Total time for which application threads were stopped: 0.0001302 seconds, Stopping threads took: 0.0000299 seconds
[2019-12-11T09:03:19.926+0000][1][safepoint    ] Application time: 1.0026257 seconds
[2019-12-11T09:03:19.926+0000][1][safepoint    ] Entering safepoint region: Cleanup
[2019-12-11T09:03:19.926+0000][1][safepoint    ] Leaving safepoint region
[2019-12-11T09:03:19.926+0000][1][safepoint    ] Total time for which application threads were stopped: 0.0001232 seconds, Stopping threads took: 0.0000279 seconds
[2019-12-11T09:03:20.928+0000][1][safepoint    ] Application time: 1.0016942 seconds
[2019-12-11T09:03:20.928+0000][1][safepoint    ] Entering safepoint region: Cleanup
[2019-12-11T09:03:20.928+0000][1][safepoint    ] Leaving safepoint region
[2019-12-11T09:03:20.928+0000][1][safepoint    ] Total time for which application threads were stopped: 0.0001341 seconds, Stopping threads took: 0.0000387 seconds
[2019-12-11T09:03:21.400+0000][1][safepoint    ] Application time: 0.4718060 seconds
[2019-12-11T09:03:21.400+0000][1][safepoint    ] Entering safepoint region: GenCollectForAllocation
[2019-12-11T09:03:21.400+0000][1][gc,start     ] GC(73) Pause Young (Allocation Failure)
[2019-12-11T09:03:21.400+0000][1][gc,task      ] GC(73) Using 2 workers of 2 for evacuation
[2019-12-11T09:03:21.409+0000][1][gc,age       ] GC(73) Desired survivor size 4456448 bytes, new threshold 6 (max threshold 6)
[2019-12-11T09:03:21.409+0000][1][gc,age       ] GC(73) Age table with threshold 6 (max threshold 6)
[2019-12-11T09:03:21.409+0000][1][gc,age       ] GC(73) - age   1:     684936 bytes,     684936 total
[2019-12-11T09:03:21.409+0000][1][gc,age       ] GC(73) - age   2:        592 bytes,     685528 total
[2019-12-11T09:03:21.409+0000][1][gc,age       ] GC(73) - age   3:        120 bytes,     685648 total
[2019-12-11T09:03:21.409+0000][1][gc,age       ] GC(73) - age   4:        288 bytes,     685936 total
[2019-12-11T09:03:21.409+0000][1][gc,age       ] GC(73) - age   5:        624 bytes,     686560 total
[2019-12-11T09:03:21.409+0000][1][gc,age       ] GC(73) - age   6:        152 bytes,     686712 total
[2019-12-11T09:03:21.410+0000][1][gc,heap      ] GC(73) ParNew: 70643K->692K(78656K)
[2019-12-11T09:03:21.410+0000][1][gc,heap      ] GC(73) CMS: 71403K->71403K(174784K)
[2019-12-11T09:03:21.410+0000][1][gc,metaspace ] GC(73) Metaspace: 76106K->76106K(1118208K)
[2019-12-11T09:03:21.410+0000][1][gc           ] GC(73) Pause Young (Allocation Failure) 138M->70M(247M) 9.654ms
[2019-12-11T09:03:21.410+0000][1][gc,cpu       ] GC(73) User=0.00s Sys=0.00s Real=0.01s
[2019-12-11T09:03:21.410+0000][1][safepoint    ] Leaving safepoint region
[2019-12-11T09:03:21.410+0000][1][safepoint    ] Total time for which application threads were stopped: 0.0098704 seconds, Stopping threads took: 0.0000270 seconds
[2019-12-11T09:03:22.411+0000][1][safepoint    ] Application time: 1.0010853 seconds
[2019-12-11T09:03:22.411+0000][1][safepoint    ] Entering safepoint region: Cleanup
[2019-12-11T09:03:22.411+0000][1][safepoint    ] Leaving safepoint region
[2019-12-11T09:03:22.411+0000][1][safepoint    ] Total time for which application threads were stopped: 0.0001424 seconds, Stopping threads took: 0.0000434 seconds
[2019-12-11T09:03:23.412+0000][1][safepoint    ] Application time: 1.0011928 seconds
[2019-12-11T09:03:23.412+0000][1][safepoint    ] Entering safepoint region: Cleanup
[2019-12-11T09:03:23.412+0000][1][safepoint    ] Leaving safepoint region
[2019-12-11T09:03:23.412+0000][1][safepoint    ] Total time for which application threads were stopped: 0.0001201 seconds, Stopping threads took: 0.0000282 seconds
[2019-12-11T09:03:24.414+0000][1][safepoint    ] Application time: 1.0014216 seconds
[2019-12-11T09:03:24.414+0000][1][safepoint    ] Entering safepoint region: Cleanup
[2019-12-11T09:03:24.414+0000][1][safepoint    ] Leaving safepoint region
[2019-12-11T09:03:24.414+0000][1][safepoint    ] Total time for which application threads were stopped: 0.0001268 seconds, Stopping threads took: 0.0000290 seconds
[2019-12-11T09:03:25.415+0000][1][safepoint    ] Application time: 1.0008815 seconds
[2019-12-11T09:03:25.415+0000][1][safepoint    ] Entering safepoint region: Cleanup
[2019-12-11T09:03:25.415+0000][1][safepoint    ] Leaving safepoint region
[2019-12-11T09:03:25.415+0000][1][safepoint    ] Total time for which application threads were stopped: 0.0001329 seconds, Stopping threads took: 0.0000321 seconds
[2019-12-11T09:03:26.416+0000][1][safepoint    ] Application time: 1.0007288 seconds
[2019-12-11T09:03:26.416+0000][1][safepoint    ] Entering safepoint region: Cleanup
[2019-12-11T09:03:26.416+0000][1][safepoint    ] Leaving safepoint region
[2019-12-11T09:03:26.416+0000][1][safepoint    ] Total time for which application threads were stopped: 0.0001465 seconds, Stopping threads took: 0.0000369 seconds
[2019-12-11T09:03:27.419+0000][1][safepoint    ] Application time: 1.0027874 seconds
[2019-12-11T09:03:27.419+0000][1][safepoint    ] Entering safepoint region: Cleanup
[2019-12-11T09:03:27.419+0000][1][safepoint    ] Leaving safepoint region
[2019-12-11T09:03:27.419+0000][1][safepoint    ] Total time for which application threads were stopped: 0.0001211 seconds, Stopping threads took: 0.0000289 seconds
[2019-12-11T09:03:28.421+0000][1][safepoint    ] Application time: 1.0019749 seconds
[2019-12-11T09:03:28.421+0000][1][safepoint    ] Entering safepoint region: Cleanup
[2019-12-11T09:03:28.421+0000][1][safepoint    ] Leaving safepoint region
[2019-12-11T09:03:28.421+0000][1][safepoint    ] Total time for which application threads were stopped: 0.0001224 seconds, Stopping threads took: 0.0000286 seconds
[2019-12-11T09:03:29.422+0000][1][safepoint    ] Application time: 1.0006937 seconds
[2019-12-11T09:03:29.422+0000][1][safepoint    ] Entering safepoint region: Cleanup
[2019-12-11T09:03:29.422+0000][1][safepoint    ] Leaving safepoint region
[2019-12-11T09:03:29.422+0000][1][safepoint    ] Total time for which application threads were stopped: 0.0001193 seconds, Stopping threads took: 0.0000258 seconds
[2019-12-11T09:03:30.423+0000][1][safepoint    ] Application time: 1.0008218 seconds
[2019-12-11T09:03:30.423+0000][1][safepoint    ] Entering safepoint region: Cleanup
[2019-12-11T09:03:30.423+0000][1][safepoint    ] Leaving safepoint region
[2019-12-11T09:03:30.423+0000][1][safepoint    ] Total time for which application threads were stopped: 0.0001245 seconds, Stopping threads took: 0.0000294 seconds
[2019-12-11T09:03:31.424+0000][1][safepoint    ] Application time: 1.0008893 seconds
[2019-12-11T09:03:31.424+0000][1][safepoint    ] Entering safepoint region: Cleanup
[2019-12-11T09:03:31.424+0000][1][safepoint    ] Leaving safepoint region
[2019-12-11T09:03:31.424+0000][1][safepoint    ] Total time for which application threads were stopped: 0.0001228 seconds, Stopping threads took: 0.0000287 seconds
[2019-12-11T09:03:32.424+0000][1][safepoint    ] Application time: 1.0000823 seconds
[2019-12-11T09:03:32.424+0000][1][safepoint    ] Entering safepoint region: Cleanup
[2019-12-11T09:03:32.424+0000][1][safepoint    ] Leaving safepoint region
[2019-12-11T09:03:32.424+0000][1][safepoint    ] Total time for which application threads were stopped: 0.0001185 seconds, Stopping threads took: 0.0000278 seconds
[2019-12-11T09:03:33.425+0000][1][safepoint    ] Application time: 1.0004710 seconds
[2019-12-11T09:03:33.425+0000][1][safepoint    ] Entering safepoint region: Cleanup
[2019-12-11T09:03:33.425+0000][1][safepoint    ] Leaving safepoint region
[2019-12-11T09:03:33.425+0000][1][safepoint    ] Total time for which application threads were stopped: 0.0001220 seconds, Stopping threads took: 0.0000280 seconds
[2019-12-11T09:03:34.428+0000][1][safepoint    ] Application time: 1.0028254 seconds
[2019-12-11T09:03:34.428+0000][1][safepoint    ] Entering safepoint region: Cleanup
[2019-12-11T09:03:34.428+0000][1][safepoint    ] Leaving safepoint region
[2019-12-11T09:03:34.428+0000][1][safepoint    ] Total time for which application threads were stopped: 0.0001186 seconds, Stopping threads took: 0.0000276 seconds
[2019-12-11T09:03:35.429+0000][1][safepoint    ] Application time: 1.0009594 seconds
[2019-12-11T09:03:35.429+0000][1][safepoint    ] Entering safepoint region: Cleanup
[2019-12-11T09:03:35.429+0000][1][safepoint    ] Leaving safepoint region
[2019-12-11T09:03:35.429+0000][1][safepoint    ] Total time for which application threads were stopped: 0.0001213 seconds, Stopping threads took: 0.0000272 seconds
[2019-12-11T09:03:36.433+0000][1][safepoint    ] Application time: 1.0036924 seconds
[2019-12-11T09:03:36.433+0000][1][safepoint    ] Entering safepoint region: Cleanup
[2019-12-11T09:03:36.433+0000][1][safepoint    ] Leaving safepoint region
[2019-12-11T09:03:36.433+0000][1][safepoint    ] Total time for which application threads were stopped: 0.0001314 seconds, Stopping threads took: 0.0000353 seconds
[2019-12-11T09:03:37.434+0000][1][safepoint    ] Application time: 1.0009413 seconds
[2019-12-11T09:03:37.434+0000][1][safepoint    ] Entering safepoint region: Cleanup
[2019-12-11T09:03:37.434+0000][1][safepoint    ] Leaving safepoint region
[2019-12-11T09:03:37.434+0000][1][safepoint    ] Total time for which application threads were stopped: 0.0001239 seconds, Stopping threads took: 0.0000288 seconds
[2019-12-11T09:03:38.981+0000][1][safepoint    ] Application time: 1.5466991 seconds
[2019-12-11T09:03:38.981+0000][1][safepoint    ] Entering safepoint region: Cleanup
[2019-12-11T09:03:38.981+0000][1][safepoint    ] Leaving safepoint region
[2019-12-11T09:03:38.981+0000][1][safepoint    ] Total time for which application threads were stopped: 0.0001193 seconds, Stopping threads took: 0.0000266 seconds
[2019-12-11T09:03:39.985+0000][1][safepoint    ] Application time: 1.0038115 seconds
[2019-12-11T09:03:39.985+0000][1][safepoint    ] Entering safepoint region: Cleanup
[2019-12-11T09:03:39.985+0000][1][safepoint    ] Leaving safepoint region
[2019-12-11T09:03:39.985+0000][1][safepoint    ] Total time for which application threads were stopped: 0.0001378 seconds, Stopping threads took: 0.0000404 seconds
[2019-12-11T09:03:40.986+0000][1][safepoint    ] Application time: 1.0008771 seconds
[2019-12-11T09:03:40.986+0000][1][safepoint    ] Entering safepoint region: Cleanup
[2019-12-11T09:03:40.986+0000][1][safepoint    ] Leaving safepoint region
[2019-12-11T09:03:40.986+0000][1][safepoint    ] Total time for which application threads were stopped: 0.0001081 seconds, Stopping threads took: 0.0000235 seconds
[2019-12-11T09:03:41.991+0000][1][safepoint    ] Application time: 1.0047821 seconds
[2019-12-11T09:03:41.991+0000][1][safepoint    ] Entering safepoint region: Cleanup
[2019-12-11T09:03:41.991+0000][1][safepoint    ] Leaving safepoint region
[2019-12-11T09:03:41.991+0000][1][safepoint    ] Total time for which application threads were stopped: 0.0001320 seconds, Stopping threads took: 0.0000272 seconds
[2019-12-11T09:03:42.994+0000][1][safepoint    ] Application time: 1.0027977 seconds
[2019-12-11T09:03:42.994+0000][1][safepoint    ] Entering safepoint region: Cleanup
[2019-12-11T09:03:42.994+0000][1][safepoint    ] Leaving safepoint region
[2019-12-11T09:03:42.994+0000][1][safepoint    ] Total time for which application threads were stopped: 0.0001377 seconds, Stopping threads took: 0.0000423 seconds
[2019-12-11T09:03:43.995+0000][1][safepoint    ] Application time: 1.0008029 seconds
[2019-12-11T09:03:43.995+0000][1][safepoint    ] Entering safepoint region: Cleanup
[2019-12-11T09:03:43.995+0000][1][safepoint    ] Leaving safepoint region
[2019-12-11T09:03:43.995+0000][1][safepoint    ] Total time for which application threads were stopped: 0.0001208 seconds, Stopping threads took: 0.0000273 seconds
[2019-12-11T09:03:44.996+0000][1][safepoint    ] Application time: 1.0008408 seconds
[2019-12-11T09:03:44.996+0000][1][safepoint    ] Entering safepoint region: Cleanup
[2019-12-11T09:03:44.996+0000][1][safepoint    ] Leaving safepoint region
[2019-12-11T09:03:44.996+0000][1][safepoint    ] Total time for which application threads were stopped: 0.0001236 seconds, Stopping threads took: 0.0000290 seconds
[2019-12-11T09:03:45.998+0000][1][safepoint    ] Application time: 1.0018098 seconds
[2019-12-11T09:03:45.998+0000][1][safepoint    ] Entering safepoint region: Cleanup
[2019-12-11T09:03:45.998+0000][1][safepoint    ] Leaving safepoint region
[2019-12-11T09:03:45.998+0000][1][safepoint    ] Total time for which application threads were stopped: 0.0001213 seconds, Stopping threads took: 0.0000286 seconds
[2019-12-11T09:03:46.998+0000][1][safepoint    ] Application time: 1.0002116 seconds
[2019-12-11T09:03:46.998+0000][1][safepoint    ] Entering safepoint region: Cleanup
[2019-12-11T09:03:46.998+0000][1][safepoint    ] Leaving safepoint region
[2019-12-11T09:03:46.998+0000][1][safepoint    ] Total time for which application threads were stopped: 0.0001187 seconds, Stopping threads took: 0.0000251 seconds
[2019-12-11T09:03:47.999+0000][1][safepoint    ] Application time: 1.0004298 seconds
[2019-12-11T09:03:47.999+0000][1][safepoint    ] Entering safepoint region: Cleanup
[2019-12-11T09:03:47.999+0000][1][safepoint    ] Leaving safepoint region
[2019-12-11T09:03:47.999+0000][1][safepoint    ] Total time for which application threads were stopped: 0.0001520 seconds, Stopping threads took: 0.0000508 seconds
[2019-12-11T09:03:49.001+0000][1][safepoint    ] Application time: 1.0020768 seconds
[2019-12-11T09:03:49.001+0000][1][safepoint    ] Entering safepoint region: Cleanup
[2019-12-11T09:03:49.001+0000][1][safepoint    ] Leaving safepoint region
[2019-12-11T09:03:49.001+0000][1][safepoint    ] Total time for which application threads were stopped: 0.0001252 seconds, Stopping threads took: 0.0000283 seconds
[2019-12-11T09:03:50.002+0000][1][safepoint    ] Application time: 1.0009207 seconds
[2019-12-11T09:03:50.002+0000][1][safepoint    ] Entering safepoint region: Cleanup
[2019-12-11T09:03:50.002+0000][1][safepoint    ] Leaving safepoint region
[2019-12-11T09:03:50.002+0000][1][safepoint    ] Total time for which application threads were stopped: 0.0001320 seconds, Stopping threads took: 0.0000374 seconds
[2019-12-11T09:03:51.002+0000][1][safepoint    ] Application time: 1.0000899 seconds
[2019-12-11T09:03:51.002+0000][1][safepoint    ] Entering safepoint region: Cleanup
[2019-12-11T09:03:51.003+0000][1][safepoint    ] Leaving safepoint region
[2019-12-11T09:03:51.003+0000][1][safepoint    ] Total time for which application threads were stopped: 0.0001151 seconds, Stopping threads took: 0.0000259 seconds
[2019-12-11T09:03:52.003+0000][1][safepoint    ] Application time: 1.0000901 seconds
[2019-12-11T09:03:52.003+0000][1][safepoint    ] Entering safepoint region: Cleanup
[2019-12-11T09:03:52.003+0000][1][safepoint    ] Leaving safepoint region
[2019-12-11T09:03:52.003+0000][1][safepoint    ] Total time for which application threads were stopped: 0.0001204 seconds, Stopping threads took: 0.0000286 seconds
[2019-12-11T09:03:53.004+0000][1][safepoint    ] Application time: 1.0009979 seconds
[2019-12-11T09:03:53.004+0000][1][safepoint    ] Entering safepoint region: Cleanup
[2019-12-11T09:03:53.004+0000][1][safepoint    ] Leaving safepoint region
[2019-12-11T09:03:53.004+0000][1][safepoint    ] Total time for which application threads were stopped: 0.0001232 seconds, Stopping threads took: 0.0000294 seconds
[2019-12-11T09:03:54.005+0000][1][safepoint    ] Application time: 1.0006968 seconds
[2019-12-11T09:03:54.005+0000][1][safepoint    ] Entering safepoint region: Cleanup
[2019-12-11T09:03:54.005+0000][1][safepoint    ] Leaving safepoint region
[2019-12-11T09:03:54.005+0000][1][safepoint    ] Total time for which application threads were stopped: 0.0001308 seconds, Stopping threads took: 0.0000311 seconds
[2019-12-11T09:03:55.007+0000][1][safepoint    ] Application time: 1.0017862 seconds
[2019-12-11T09:03:55.007+0000][1][safepoint    ] Entering safepoint region: Cleanup
[2019-12-11T09:03:55.007+0000][1][safepoint    ] Leaving safepoint region
[2019-12-11T09:03:55.007+0000][1][safepoint    ] Total time for which application threads were stopped: 0.0001290 seconds, Stopping threads took: 0.0000410 seconds
[2019-12-11T09:03:56.010+0000][1][safepoint    ] Application time: 1.0028535 seconds
[2019-12-11T09:03:56.010+0000][1][safepoint    ] Entering safepoint region: Cleanup
[2019-12-11T09:03:56.010+0000][1][safepoint    ] Leaving safepoint region
[2019-12-11T09:03:56.010+0000][1][safepoint    ] Total time for which application threads were stopped: 0.0001237 seconds, Stopping threads took: 0.0000294 seconds
[2019-12-11T09:03:57.013+0000][1][safepoint    ] Application time: 1.0028537 seconds
[2019-12-11T09:03:57.013+0000][1][safepoint    ] Entering safepoint region: Cleanup
[2019-12-11T09:03:57.013+0000][1][safepoint    ] Leaving safepoint region
[2019-12-11T09:03:57.013+0000][1][safepoint    ] Total time for which application threads were stopped: 0.0001314 seconds, Stopping threads took: 0.0000273 seconds
[2019-12-11T09:03:58.014+0000][1][safepoint    ] Application time: 1.0007503 seconds
[2019-12-11T09:03:58.014+0000][1][safepoint    ] Entering safepoint region: Cleanup
[2019-12-11T09:03:58.014+0000][1][safepoint    ] Leaving safepoint region
[2019-12-11T09:03:58.014+0000][1][safepoint    ] Total time for which application threads were stopped: 0.0001283 seconds, Stopping threads took: 0.0000295 seconds
[2019-12-11T09:03:59.015+0000][1][safepoint    ] Application time: 1.0008050 seconds
[2019-12-11T09:03:59.015+0000][1][safepoint    ] Entering safepoint region: Cleanup
[2019-12-11T09:03:59.015+0000][1][safepoint    ] Leaving safepoint region
[2019-12-11T09:03:59.015+0000][1][safepoint    ] Total time for which application threads were stopped: 0.0001766 seconds, Stopping threads took: 0.0000559 seconds
[2019-12-11T09:04:00.017+0000][1][safepoint    ] Application time: 1.0018641 seconds
[2019-12-11T09:04:00.017+0000][1][safepoint    ] Entering safepoint region: Cleanup
[2019-12-11T09:04:00.017+0000][1][safepoint    ] Leaving safepoint region
[2019-12-11T09:04:00.017+0000][1][safepoint    ] Total time for which application threads were stopped: 0.0001405 seconds, Stopping threads took: 0.0000315 seconds
[2019-12-11T09:04:01.018+0000][1][safepoint    ] Application time: 1.0007136 seconds
[2019-12-11T09:04:01.018+0000][1][safepoint    ] Entering safepoint region: Cleanup
[2019-12-11T09:04:01.018+0000][1][safepoint    ] Leaving safepoint region
[2019-12-11T09:04:01.018+0000][1][safepoint    ] Total time for which application threads were stopped: 0.0001213 seconds, Stopping threads took: 0.0000287 seconds
[2019-12-11T09:04:02.018+0000][1][safepoint    ] Application time: 1.0003064 seconds
[2019-12-11T09:04:02.018+0000][1][safepoint    ] Entering safepoint region: Cleanup
[2019-12-11T09:04:02.018+0000][1][safepoint    ] Leaving safepoint region
[2019-12-11T09:04:02.018+0000][1][safepoint    ] Total time for which application threads were stopped: 0.0001184 seconds, Stopping threads took: 0.0000293 seconds
[2019-12-11T09:04:03.022+0000][1][safepoint    ] Application time: 1.0033603 seconds
[2019-12-11T09:04:03.022+0000][1][safepoint    ] Entering safepoint region: Cleanup
[2019-12-11T09:04:03.022+0000][1][safepoint    ] Leaving safepoint region
[2019-12-11T09:04:03.022+0000][1][safepoint    ] Total time for which application threads were stopped: 0.0001372 seconds, Stopping threads took: 0.0000281 seconds
[2019-12-11T09:04:03.669+0000][1][safepoint    ] Application time: 0.6467958 seconds
[2019-12-11T09:04:03.669+0000][1][safepoint    ] Entering safepoint region: GenCollectForAllocation
[2019-12-11T09:04:03.669+0000][1][gc,start     ] GC(74) Pause Young (Allocation Failure)
[2019-12-11T09:04:03.669+0000][1][gc,task      ] GC(74) Using 2 workers of 2 for evacuation
[2019-12-11T09:04:03.678+0000][1][gc,age       ] GC(74) Desired survivor size 4456448 bytes, new threshold 6 (max threshold 6)
[2019-12-11T09:04:03.678+0000][1][gc,age       ] GC(74) Age table with threshold 6 (max threshold 6)
[2019-12-11T09:04:03.678+0000][1][gc,age       ] GC(74) - age   1:     687024 bytes,     687024 total
[2019-12-11T09:04:03.678+0000][1][gc,age       ] GC(74) - age   2:        616 bytes,     687640 total
[2019-12-11T09:04:03.678+0000][1][gc,age       ] GC(74) - age   3:        304 bytes,     687944 total
[2019-12-11T09:04:03.679+0000][1][gc,age       ] GC(74) - age   4:        120 bytes,     688064 total
[2019-12-11T09:04:03.679+0000][1][gc,age       ] GC(74) - age   5:        288 bytes,     688352 total
[2019-12-11T09:04:03.679+0000][1][gc,age       ] GC(74) - age   6:        624 bytes,     688976 total
[2019-12-11T09:04:03.679+0000][1][gc,heap      ] GC(74) ParNew: 70644K->690K(78656K)
[2019-12-11T09:04:03.679+0000][1][gc,heap      ] GC(74) CMS: 71403K->71404K(174784K)
[2019-12-11T09:04:03.679+0000][1][gc,metaspace ] GC(74) Metaspace: 76129K->76129K(1118208K)
[2019-12-11T09:04:03.679+0000][1][gc           ] GC(74) Pause Young (Allocation Failure) 138M->70M(247M) 9.644ms
[2019-12-11T09:04:03.679+0000][1][gc,cpu       ] GC(74) User=0.00s Sys=0.00s Real=0.01s
[2019-12-11T09:04:03.679+0000][1][safepoint    ] Leaving safepoint region
[2019-12-11T09:04:03.679+0000][1][safepoint    ] Total time for which application threads were stopped: 0.0098771 seconds, Stopping threads took: 0.0000372 seconds
[2019-12-11T09:04:04.689+0000][1][safepoint    ] Application time: 1.0100353 seconds
[2019-12-11T09:04:04.689+0000][1][safepoint    ] Entering safepoint region: Cleanup
[2019-12-11T09:04:04.689+0000][1][safepoint    ] Leaving safepoint region
[2019-12-11T09:04:04.689+0000][1][safepoint    ] Total time for which application threads were stopped: 0.0001166 seconds, Stopping threads took: 0.0000275 seconds
[2019-12-11T09:04:05.690+0000][1][safepoint    ] Application time: 1.0008405 seconds
[2019-12-11T09:04:05.690+0000][1][safepoint    ] Entering safepoint region: Cleanup
[2019-12-11T09:04:05.690+0000][1][safepoint    ] Leaving safepoint region
[2019-12-11T09:04:05.690+0000][1][safepoint    ] Total time for which application threads were stopped: 0.0001169 seconds, Stopping threads took: 0.0000283 seconds
[2019-12-11T09:04:06.693+0000][1][safepoint    ] Application time: 1.0028144 seconds
[2019-12-11T09:04:06.693+0000][1][safepoint    ] Entering safepoint region: Cleanup
[2019-12-11T09:04:06.693+0000][1][safepoint    ] Leaving safepoint region
[2019-12-11T09:04:06.693+0000][1][safepoint    ] Total time for which application threads were stopped: 0.0001163 seconds, Stopping threads took: 0.0000275 seconds
[2019-12-11T09:04:07.694+0000][1][safepoint    ] Application time: 1.0008409 seconds
[2019-12-11T09:04:07.694+0000][1][safepoint    ] Entering safepoint region: Cleanup
[2019-12-11T09:04:07.694+0000][1][safepoint    ] Leaving safepoint region
[2019-12-11T09:04:07.694+0000][1][safepoint    ] Total time for which application threads were stopped: 0.0001488 seconds, Stopping threads took: 0.0000304 seconds
[2019-12-11T09:04:08.697+0000][1][safepoint    ] Application time: 1.0027790 seconds
[2019-12-11T09:04:08.697+0000][1][safepoint    ] Entering safepoint region: Cleanup
[2019-12-11T09:04:08.697+0000][1][safepoint    ] Leaving safepoint region
[2019-12-11T09:04:08.697+0000][1][safepoint    ] Total time for which application threads were stopped: 0.0001223 seconds, Stopping threads took: 0.0000275 seconds
[2019-12-11T09:04:09.698+0000][1][safepoint    ] Application time: 1.0008250 seconds
[2019-12-11T09:04:09.698+0000][1][safepoint    ] Entering safepoint region: Cleanup
[2019-12-11T09:04:09.698+0000][1][safepoint    ] Leaving safepoint region
[2019-12-11T09:04:09.698+0000][1][safepoint    ] Total time for which application threads were stopped: 0.0001295 seconds, Stopping threads took: 0.0000296 seconds
[2019-12-11T09:04:10.701+0000][1][safepoint    ] Application time: 1.0028527 seconds
[2019-12-11T09:04:10.701+0000][1][safepoint    ] Entering safepoint region: Cleanup
[2019-12-11T09:04:10.701+0000][1][safepoint    ] Leaving safepoint region
[2019-12-11T09:04:10.701+0000][1][safepoint    ] Total time for which application threads were stopped: 0.0001282 seconds, Stopping threads took: 0.0000308 seconds
[2019-12-11T09:04:11.702+0000][1][safepoint    ] Application time: 1.0007796 seconds
[2019-12-11T09:04:11.702+0000][1][safepoint    ] Entering safepoint region: Cleanup
[2019-12-11T09:04:11.702+0000][1][safepoint    ] Leaving safepoint region
[2019-12-11T09:04:11.702+0000][1][safepoint    ] Total time for which application threads were stopped: 0.0001304 seconds, Stopping threads took: 0.0000268 seconds
[2019-12-11T09:04:12.704+0000][1][safepoint    ] Application time: 1.0019346 seconds
[2019-12-11T09:04:12.704+0000][1][safepoint    ] Entering safepoint region: Cleanup
[2019-12-11T09:04:12.704+0000][1][safepoint    ] Leaving safepoint region
[2019-12-11T09:04:12.704+0000][1][safepoint    ] Total time for which application threads were stopped: 0.0001195 seconds, Stopping threads took: 0.0000271 seconds
[2019-12-11T09:04:13.707+0000][1][safepoint    ] Application time: 1.0026905 seconds
[2019-12-11T09:04:13.707+0000][1][safepoint    ] Entering safepoint region: Cleanup
[2019-12-11T09:04:13.707+0000][1][safepoint    ] Leaving safepoint region
[2019-12-11T09:04:13.707+0000][1][safepoint    ] Total time for which application threads were stopped: 0.0001275 seconds, Stopping threads took: 0.0000284 seconds
[2019-12-11T09:04:14.708+0000][1][safepoint    ] Application time: 1.0008331 seconds
[2019-12-11T09:04:14.708+0000][1][safepoint    ] Entering safepoint region: Cleanup
[2019-12-11T09:04:14.708+0000][1][safepoint    ] Leaving safepoint region
[2019-12-11T09:04:14.708+0000][1][safepoint    ] Total time for which application threads were stopped: 0.0001256 seconds, Stopping threads took: 0.0000292 seconds
[2019-12-11T09:04:15.710+0000][1][safepoint    ] Application time: 1.0017923 seconds
[2019-12-11T09:04:15.710+0000][1][safepoint    ] Entering safepoint region: Cleanup
[2019-12-11T09:04:15.710+0000][1][safepoint    ] Leaving safepoint region
[2019-12-11T09:04:15.710+0000][1][safepoint    ] Total time for which application threads were stopped: 0.0001258 seconds, Stopping threads took: 0.0000296 seconds
[2019-12-11T09:04:16.711+0000][1][safepoint    ] Application time: 1.0008121 seconds
[2019-12-11T09:04:16.711+0000][1][safepoint    ] Entering safepoint region: Cleanup
[2019-12-11T09:04:16.711+0000][1][safepoint    ] Leaving safepoint region
[2019-12-11T09:04:16.711+0000][1][safepoint    ] Total time for which application threads were stopped: 0.0001234 seconds, Stopping threads took: 0.0000283 seconds
[2019-12-11T09:04:17.714+0000][1][safepoint    ] Application time: 1.0028609 seconds
[2019-12-11T09:04:17.724+0000][1][safepoint    ] Entering safepoint region: Cleanup
[2019-12-11T09:04:17.724+0000][1][safepoint    ] Leaving safepoint region
[2019-12-11T09:04:17.724+0000][1][safepoint    ] Total time for which application threads were stopped: 0.0101568 seconds, Stopping threads took: 0.0100254 seconds
[2019-12-11T09:04:18.725+0000][1][safepoint    ] Application time: 1.0007430 seconds
[2019-12-11T09:04:18.725+0000][1][safepoint    ] Entering safepoint region: Cleanup
[2019-12-11T09:04:18.725+0000][1][safepoint    ] Leaving safepoint region
[2019-12-11T09:04:18.725+0000][1][safepoint    ] Total time for which application threads were stopped: 0.0001167 seconds, Stopping threads took: 0.0000261 seconds
[2019-12-11T09:04:19.726+0000][1][safepoint    ] Application time: 1.0008326 seconds
[2019-12-11T09:04:19.726+0000][1][safepoint    ] Entering safepoint region: Cleanup
[2019-12-11T09:04:19.726+0000][1][safepoint    ] Leaving safepoint region
[2019-12-11T09:04:19.726+0000][1][safepoint    ] Total time for which application threads were stopped: 0.0001180 seconds, Stopping threads took: 0.0000284 seconds
[2019-12-11T09:04:20.727+0000][1][safepoint    ] Application time: 1.0008249 seconds
[2019-12-11T09:04:20.727+0000][1][safepoint    ] Entering safepoint region: Cleanup
[2019-12-11T09:04:20.727+0000][1][safepoint    ] Leaving safepoint region
[2019-12-11T09:04:20.727+0000][1][safepoint    ] Total time for which application threads were stopped: 0.0001343 seconds, Stopping threads took: 0.0000452 seconds
[2019-12-11T09:04:21.728+0000][1][safepoint    ] Application time: 1.0008027 seconds
[2019-12-11T09:04:21.728+0000][1][safepoint    ] Entering safepoint region: Cleanup
[2019-12-11T09:04:21.728+0000][1][safepoint    ] Leaving safepoint region
[2019-12-11T09:04:21.728+0000][1][safepoint    ] Total time for which application threads were stopped: 0.0001249 seconds, Stopping threads took: 0.0000315 seconds
[2019-12-11T09:04:22.729+0000][1][safepoint    ] Application time: 1.0008166 seconds
[2019-12-11T09:04:22.729+0000][1][safepoint    ] Entering safepoint region: Cleanup
[2019-12-11T09:04:22.729+0000][1][safepoint    ] Leaving safepoint region
[2019-12-11T09:04:22.729+0000][1][safepoint    ] Total time for which application threads were stopped: 0.0001250 seconds, Stopping threads took: 0.0000296 seconds
[2019-12-11T09:04:23.730+0000][1][safepoint    ] Application time: 1.0008730 seconds
[2019-12-11T09:04:23.730+0000][1][safepoint    ] Entering safepoint region: Cleanup
[2019-12-11T09:04:23.730+0000][1][safepoint    ] Leaving safepoint region
[2019-12-11T09:04:23.730+0000][1][safepoint    ] Total time for which application threads were stopped: 0.0001090 seconds, Stopping threads took: 0.0000250 seconds
[2019-12-11T09:04:24.731+0000][1][safepoint    ] Application time: 1.0008053 seconds
[2019-12-11T09:04:24.731+0000][1][safepoint    ] Entering safepoint region: Cleanup
[2019-12-11T09:04:24.731+0000][1][safepoint    ] Leaving safepoint region
[2019-12-11T09:04:24.731+0000][1][safepoint    ] Total time for which application threads were stopped: 0.0001216 seconds, Stopping threads took: 0.0000295 seconds
[2019-12-11T09:04:25.734+0000][1][safepoint    ] Application time: 1.0028004 seconds
[2019-12-11T09:04:25.734+0000][1][safepoint    ] Entering safepoint region: Cleanup
[2019-12-11T09:04:25.734+0000][1][safepoint    ] Leaving safepoint region
[2019-12-11T09:04:25.734+0000][1][safepoint    ] Total time for which application threads were stopped: 0.0001261 seconds, Stopping threads took: 0.0000309 seconds
[2019-12-11T09:04:26.736+0000][1][safepoint    ] Application time: 1.0018783 seconds
[2019-12-11T09:04:26.736+0000][1][safepoint    ] Entering safepoint region: Cleanup
[2019-12-11T09:04:26.736+0000][1][safepoint    ] Leaving safepoint region
[2019-12-11T09:04:26.736+0000][1][safepoint    ] Total time for which application threads were stopped: 0.0001238 seconds, Stopping threads took: 0.0000304 seconds
[2019-12-11T09:04:27.737+0000][1][safepoint    ] Application time: 1.0008617 seconds
[2019-12-11T09:04:27.737+0000][1][safepoint    ] Entering safepoint region: Cleanup
[2019-12-11T09:04:27.737+0000][1][safepoint    ] Leaving safepoint region
[2019-12-11T09:04:27.737+0000][1][safepoint    ] Total time for which application threads were stopped: 0.0001116 seconds, Stopping threads took: 0.0000258 seconds
[2019-12-11T09:04:28.740+0000][1][safepoint    ] Application time: 1.0027226 seconds
[2019-12-11T09:04:28.740+0000][1][safepoint    ] Entering safepoint region: Cleanup
[2019-12-11T09:04:28.740+0000][1][safepoint    ] Leaving safepoint region
[2019-12-11T09:04:28.740+0000][1][safepoint    ] Total time for which application threads were stopped: 0.0001406 seconds, Stopping threads took: 0.0000405 seconds
[2019-12-11T09:04:29.741+0000][1][safepoint    ] Application time: 1.0008034 seconds
[2019-12-11T09:04:29.741+0000][1][safepoint    ] Entering safepoint region: Cleanup
[2019-12-11T09:04:29.741+0000][1][safepoint    ] Leaving safepoint region
[2019-12-11T09:04:29.741+0000][1][safepoint    ] Total time for which application threads were stopped: 0.0001303 seconds, Stopping threads took: 0.0000287 seconds
[2019-12-11T09:04:30.742+0000][1][safepoint    ] Application time: 1.0008145 seconds
[2019-12-11T09:04:30.742+0000][1][safepoint    ] Entering safepoint region: Cleanup
[2019-12-11T09:04:30.742+0000][1][safepoint    ] Leaving safepoint region
[2019-12-11T09:04:30.742+0000][1][safepoint    ] Total time for which application threads were stopped: 0.0001121 seconds, Stopping threads took: 0.0000278 seconds
[2019-12-11T09:04:31.744+0000][1][safepoint    ] Application time: 1.0018381 seconds
[2019-12-11T09:04:31.744+0000][1][safepoint    ] Entering safepoint region: Cleanup
[2019-12-11T09:04:31.744+0000][1][safepoint    ] Leaving safepoint region
[2019-12-11T09:04:31.744+0000][1][safepoint    ] Total time for which application threads were stopped: 0.0001255 seconds, Stopping threads took: 0.0000276 seconds
[2019-12-11T09:04:32.745+0000][1][safepoint    ] Application time: 1.0008125 seconds
[2019-12-11T09:04:32.745+0000][1][safepoint    ] Entering safepoint region: Cleanup
[2019-12-11T09:04:32.745+0000][1][safepoint    ] Leaving safepoint region
[2019-12-11T09:04:32.745+0000][1][safepoint    ] Total time for which application threads were stopped: 0.0001195 seconds, Stopping threads took: 0.0000276 seconds
[2019-12-11T09:04:33.748+0000][1][safepoint    ] Application time: 1.0028275 seconds
[2019-12-11T09:04:33.748+0000][1][safepoint    ] Entering safepoint region: Cleanup
[2019-12-11T09:04:33.748+0000][1][safepoint    ] Leaving safepoint region
[2019-12-11T09:04:33.748+0000][1][safepoint    ] Total time for which application threads were stopped: 0.0001312 seconds, Stopping threads took: 0.0000259 seconds
[2019-12-11T09:04:34.751+0000][1][safepoint    ] Application time: 1.0028342 seconds
[2019-12-11T09:04:34.751+0000][1][safepoint    ] Entering safepoint region: Cleanup
[2019-12-11T09:04:34.751+0000][1][safepoint    ] Leaving safepoint region
[2019-12-11T09:04:34.751+0000][1][safepoint    ] Total time for which application threads were stopped: 0.0001235 seconds, Stopping threads took: 0.0000291 seconds
[2019-12-11T09:04:35.753+0000][1][safepoint    ] Application time: 1.0019192 seconds
[2019-12-11T09:04:35.753+0000][1][safepoint    ] Entering safepoint region: Cleanup
[2019-12-11T09:04:35.753+0000][1][safepoint    ] Leaving safepoint region
[2019-12-11T09:04:35.753+0000][1][safepoint    ] Total time for which application threads were stopped: 0.0001158 seconds, Stopping threads took: 0.0000255 seconds
[2019-12-11T09:04:36.755+0000][1][safepoint    ] Application time: 1.0018012 seconds
[2019-12-11T09:04:36.755+0000][1][safepoint    ] Entering safepoint region: Cleanup
[2019-12-11T09:04:36.755+0000][1][safepoint    ] Leaving safepoint region
[2019-12-11T09:04:36.755+0000][1][safepoint    ] Total time for which application threads were stopped: 0.0001140 seconds, Stopping threads took: 0.0000260 seconds
[2019-12-11T09:04:37.758+0000][1][safepoint    ] Application time: 1.0027409 seconds
[2019-12-11T09:04:37.758+0000][1][safepoint    ] Entering safepoint region: Cleanup
[2019-12-11T09:04:37.758+0000][1][safepoint    ] Leaving safepoint region
[2019-12-11T09:04:37.758+0000][1][safepoint    ] Total time for which application threads were stopped: 0.0001218 seconds, Stopping threads took: 0.0000282 seconds
[2019-12-11T09:04:38.759+0000][1][safepoint    ] Application time: 1.0008363 seconds
[2019-12-11T09:04:38.759+0000][1][safepoint    ] Entering safepoint region: Cleanup
[2019-12-11T09:04:38.759+0000][1][safepoint    ] Leaving safepoint region
[2019-12-11T09:04:38.759+0000][1][safepoint    ] Total time for which application threads were stopped: 0.0001225 seconds, Stopping threads took: 0.0000282 seconds
[2019-12-11T09:04:39.760+0000][1][safepoint    ] Application time: 1.0008095 seconds
[2019-12-11T09:04:39.760+0000][1][safepoint    ] Entering safepoint region: Cleanup
[2019-12-11T09:04:39.760+0000][1][safepoint    ] Leaving safepoint region
[2019-12-11T09:04:39.760+0000][1][safepoint    ] Total time for which application threads were stopped: 0.0001226 seconds, Stopping threads took: 0.0000283 seconds
[2019-12-11T09:04:40.764+0000][1][safepoint    ] Application time: 1.0038026 seconds
[2019-12-11T09:04:40.764+0000][1][safepoint    ] Entering safepoint region: Cleanup
[2019-12-11T09:04:40.764+0000][1][safepoint    ] Leaving safepoint region
[2019-12-11T09:04:40.764+0000][1][safepoint    ] Total time for which application threads were stopped: 0.0001139 seconds, Stopping threads took: 0.0000255 seconds
[2019-12-11T09:04:41.765+0000][1][safepoint    ] Application time: 1.0013586 seconds
[2019-12-11T09:04:41.765+0000][1][safepoint    ] Entering safepoint region: Cleanup
[2019-12-11T09:04:41.765+0000][1][safepoint    ] Leaving safepoint region
[2019-12-11T09:04:41.765+0000][1][safepoint    ] Total time for which application threads were stopped: 0.0001230 seconds, Stopping threads took: 0.0000284 seconds
[2019-12-11T09:04:42.766+0000][1][safepoint    ] Application time: 1.0000876 seconds
[2019-12-11T09:04:42.766+0000][1][safepoint    ] Entering safepoint region: Cleanup
[2019-12-11T09:04:42.766+0000][1][safepoint    ] Leaving safepoint region
[2019-12-11T09:04:42.766+0000][1][safepoint    ] Total time for which application threads were stopped: 0.0001063 seconds, Stopping threads took: 0.0000247 seconds
[2019-12-11T09:04:43.766+0000][1][safepoint    ] Application time: 1.0000509 seconds
[2019-12-11T09:04:43.766+0000][1][safepoint    ] Entering safepoint region: Cleanup
[2019-12-11T09:04:43.766+0000][1][safepoint    ] Leaving safepoint region
[2019-12-11T09:04:43.766+0000][1][safepoint    ] Total time for which application threads were stopped: 0.0001206 seconds, Stopping threads took: 0.0000281 seconds
[2019-12-11T09:04:44.023+0000][1][safepoint    ] Application time: 0.2575606 seconds
[2019-12-11T09:04:44.024+0000][1][safepoint    ] Entering safepoint region: GenCollectForAllocation
[2019-12-11T09:04:44.024+0000][1][gc,start     ] GC(75) Pause Young (Allocation Failure)
[2019-12-11T09:04:44.024+0000][1][gc,task      ] GC(75) Using 2 workers of 2 for evacuation
[2019-12-11T09:04:44.030+0000][1][gc,age       ] GC(75) Desired survivor size 4456448 bytes, new threshold 6 (max threshold 6)
[2019-12-11T09:04:44.030+0000][1][gc,age       ] GC(75) Age table with threshold 6 (max threshold 6)
[2019-12-11T09:04:44.030+0000][1][gc,age       ] GC(75) - age   1:     684472 bytes,     684472 total
[2019-12-11T09:04:44.030+0000][1][gc,age       ] GC(75) - age   2:       1728 bytes,     686200 total
[2019-12-11T09:04:44.030+0000][1][gc,age       ] GC(75) - age   3:        616 bytes,     686816 total
[2019-12-11T09:04:44.030+0000][1][gc,age       ] GC(75) - age   4:        304 bytes,     687120 total
[2019-12-11T09:04:44.030+0000][1][gc,age       ] GC(75) - age   5:        120 bytes,     687240 total
[2019-12-11T09:04:44.030+0000][1][gc,age       ] GC(75) - age   6:        288 bytes,     687528 total
[2019-12-11T09:04:44.030+0000][1][gc,heap      ] GC(75) ParNew: 70642K->684K(78656K)
[2019-12-11T09:04:44.030+0000][1][gc,heap      ] GC(75) CMS: 71404K->71404K(174784K)
[2019-12-11T09:04:44.030+0000][1][gc,metaspace ] GC(75) Metaspace: 76146K->76146K(1118208K)
[2019-12-11T09:04:44.030+0000][1][gc           ] GC(75) Pause Young (Allocation Failure) 138M->70M(247M) 6.526ms
[2019-12-11T09:04:44.030+0000][1][gc,cpu       ] GC(75) User=0.01s Sys=0.00s Real=0.01s
[2019-12-11T09:04:44.030+0000][1][safepoint    ] Leaving safepoint region
[2019-12-11T09:04:44.030+0000][1][safepoint    ] Total time for which application threads were stopped: 0.0067499 seconds, Stopping threads took: 0.0000281 seconds
[2019-12-11T09:04:45.032+0000][1][safepoint    ] Application time: 1.0014733 seconds
[2019-12-11T09:04:45.032+0000][1][safepoint    ] Entering safepoint region: Cleanup
[2019-12-11T09:04:45.032+0000][1][safepoint    ] Leaving safepoint region
[2019-12-11T09:04:45.032+0000][1][safepoint    ] Total time for which application threads were stopped: 0.0001225 seconds, Stopping threads took: 0.0000290 seconds
[2019-12-11T09:04:46.034+0000][1][safepoint    ] Application time: 1.0018078 seconds
[2019-12-11T09:04:46.034+0000][1][safepoint    ] Entering safepoint region: Cleanup
[2019-12-11T09:04:46.034+0000][1][safepoint    ] Leaving safepoint region
[2019-12-11T09:04:46.034+0000][1][safepoint    ] Total time for which application threads were stopped: 0.0002227 seconds, Stopping threads took: 0.0000432 seconds
[2019-12-11T09:04:47.601+0000][1][safepoint    ] Application time: 1.5667092 seconds
[2019-12-11T09:04:47.601+0000][1][safepoint    ] Entering safepoint region: Cleanup
[2019-12-11T09:04:47.601+0000][1][safepoint    ] Leaving safepoint region
[2019-12-11T09:04:47.601+0000][1][safepoint    ] Total time for which application threads were stopped: 0.0001312 seconds, Stopping threads took: 0.0000317 seconds
[2019-12-11T09:04:48.602+0000][1][safepoint    ] Application time: 1.0007892 seconds
[2019-12-11T09:04:48.602+0000][1][safepoint    ] Entering safepoint region: Cleanup
[2019-12-11T09:04:48.602+0000][1][safepoint    ] Leaving safepoint region
[2019-12-11T09:04:48.602+0000][1][safepoint    ] Total time for which application threads were stopped: 0.0001232 seconds, Stopping threads took: 0.0000289 seconds
[2019-12-11T09:04:49.603+0000][1][safepoint    ] Application time: 1.0008135 seconds
[2019-12-11T09:04:49.603+0000][1][safepoint    ] Entering safepoint region: Cleanup
[2019-12-11T09:04:49.603+0000][1][safepoint    ] Leaving safepoint region
[2019-12-11T09:04:49.603+0000][1][safepoint    ] Total time for which application threads were stopped: 0.0001436 seconds, Stopping threads took: 0.0000282 seconds
[2019-12-11T09:04:50.604+0000][1][safepoint    ] Application time: 1.0008235 seconds
[2019-12-11T09:04:50.604+0000][1][safepoint    ] Entering safepoint region: Cleanup
[2019-12-11T09:04:50.604+0000][1][safepoint    ] Leaving safepoint region
[2019-12-11T09:04:50.604+0000][1][safepoint    ] Total time for which application threads were stopped: 0.0001238 seconds, Stopping threads took: 0.0000280 seconds
[2019-12-11T09:04:51.610+0000][1][safepoint    ] Application time: 1.0058599 seconds
[2019-12-11T09:04:51.610+0000][1][safepoint    ] Entering safepoint region: Cleanup
[2019-12-11T09:04:51.610+0000][1][safepoint    ] Leaving safepoint region
[2019-12-11T09:04:51.610+0000][1][safepoint    ] Total time for which application threads were stopped: 0.0001162 seconds, Stopping threads took: 0.0000252 seconds
[2019-12-11T09:04:52.611+0000][1][safepoint    ] Application time: 1.0008062 seconds
[2019-12-11T09:04:52.611+0000][1][safepoint    ] Entering safepoint region: Cleanup
[2019-12-11T09:04:52.611+0000][1][safepoint    ] Leaving safepoint region
[2019-12-11T09:04:52.611+0000][1][safepoint    ] Total time for which application threads were stopped: 0.0001424 seconds, Stopping threads took: 0.0000405 seconds
[2019-12-11T09:04:53.611+0000][1][safepoint    ] Application time: 1.0000901 seconds
[2019-12-11T09:04:53.611+0000][1][safepoint    ] Entering safepoint region: Cleanup
[2019-12-11T09:04:53.611+0000][1][safepoint    ] Leaving safepoint region
[2019-12-11T09:04:53.611+0000][1][safepoint    ] Total time for which application threads were stopped: 0.0001283 seconds, Stopping threads took: 0.0000311 seconds
[2019-12-11T09:04:54.615+0000][1][safepoint    ] Application time: 1.0034937 seconds
[2019-12-11T09:04:54.615+0000][1][safepoint    ] Entering safepoint region: Cleanup
[2019-12-11T09:04:54.615+0000][1][safepoint    ] Leaving safepoint region
[2019-12-11T09:04:54.615+0000][1][safepoint    ] Total time for which application threads were stopped: 0.0001298 seconds, Stopping threads took: 0.0000300 seconds
[2019-12-11T09:04:55.616+0000][1][safepoint    ] Application time: 1.0008128 seconds
[2019-12-11T09:04:55.616+0000][1][safepoint    ] Entering safepoint region: Cleanup
[2019-12-11T09:04:55.616+0000][1][safepoint    ] Leaving safepoint region
[2019-12-11T09:04:55.616+0000][1][safepoint    ] Total time for which application threads were stopped: 0.0001287 seconds, Stopping threads took: 0.0000294 seconds
[2019-12-11T09:04:56.617+0000][1][safepoint    ] Application time: 1.0008145 seconds
[2019-12-11T09:04:56.617+0000][1][safepoint    ] Entering safepoint region: Cleanup
[2019-12-11T09:04:56.617+0000][1][safepoint    ] Leaving safepoint region
[2019-12-11T09:04:56.617+0000][1][safepoint    ] Total time for which application threads were stopped: 0.0001379 seconds, Stopping threads took: 0.0000404 seconds
[2019-12-11T09:04:57.619+0000][1][safepoint    ] Application time: 1.0018232 seconds
[2019-12-11T09:04:57.619+0000][1][safepoint    ] Entering safepoint region: Cleanup
[2019-12-11T09:04:57.619+0000][1][safepoint    ] Leaving safepoint region
[2019-12-11T09:04:57.619+0000][1][safepoint    ] Total time for which application threads were stopped: 0.0001189 seconds, Stopping threads took: 0.0000268 seconds
[2019-12-11T09:04:58.619+0000][1][safepoint    ] Application time: 1.0000820 seconds
[2019-12-11T09:04:58.619+0000][1][safepoint    ] Entering safepoint region: Cleanup
[2019-12-11T09:04:58.619+0000][1][safepoint    ] Leaving safepoint region
[2019-12-11T09:04:58.619+0000][1][safepoint    ] Total time for which application threads were stopped: 0.0001193 seconds, Stopping threads took: 0.0000266 seconds
[2019-12-11T09:04:59.623+0000][1][safepoint    ] Application time: 1.0035814 seconds
[2019-12-11T09:04:59.623+0000][1][safepoint    ] Entering safepoint region: Cleanup
[2019-12-11T09:04:59.623+0000][1][safepoint    ] Leaving safepoint region
[2019-12-11T09:04:59.623+0000][1][safepoint    ] Total time for which application threads were stopped: 0.0001286 seconds, Stopping threads took: 0.0000294 seconds
[2019-12-11T09:05:00.624+0000][1][safepoint    ] Application time: 1.0007847 seconds
[2019-12-11T09:05:00.624+0000][1][safepoint    ] Entering safepoint region: Cleanup
[2019-12-11T09:05:00.624+0000][1][safepoint    ] Leaving safepoint region
[2019-12-11T09:05:00.624+0000][1][safepoint    ] Total time for which application threads were stopped: 0.0001286 seconds, Stopping threads took: 0.0000298 seconds
[2019-12-11T09:05:01.629+0000][1][safepoint    ] Application time: 1.0048040 seconds
[2019-12-11T09:05:01.629+0000][1][safepoint    ] Entering safepoint region: Cleanup
[2019-12-11T09:05:01.629+0000][1][safepoint    ] Leaving safepoint region
[2019-12-11T09:05:01.629+0000][1][safepoint    ] Total time for which application threads were stopped: 0.0001340 seconds, Stopping threads took: 0.0000323 seconds
[2019-12-11T09:05:02.630+0000][1][safepoint    ] Application time: 1.0007889 seconds
[2019-12-11T09:05:02.630+0000][1][safepoint    ] Entering safepoint region: Cleanup
[2019-12-11T09:05:02.630+0000][1][safepoint    ] Leaving safepoint region
[2019-12-11T09:05:02.630+0000][1][safepoint    ] Total time for which application threads were stopped: 0.0001381 seconds, Stopping threads took: 0.0000399 seconds
[2019-12-11T09:05:03.632+0000][1][safepoint    ] Application time: 1.0018010 seconds
[2019-12-11T09:05:03.632+0000][1][safepoint    ] Entering safepoint region: Cleanup
[2019-12-11T09:05:03.632+0000][1][safepoint    ] Leaving safepoint region
[2019-12-11T09:05:03.632+0000][1][safepoint    ] Total time for which application threads were stopped: 0.0001221 seconds, Stopping threads took: 0.0000297 seconds
[2019-12-11T09:05:04.633+0000][1][safepoint    ] Application time: 1.0008218 seconds
[2019-12-11T09:05:04.633+0000][1][safepoint    ] Entering safepoint region: Cleanup
[2019-12-11T09:05:04.633+0000][1][safepoint    ] Leaving safepoint region
[2019-12-11T09:05:04.633+0000][1][safepoint    ] Total time for which application threads were stopped: 0.0001151 seconds, Stopping threads took: 0.0000270 seconds
[2019-12-11T09:05:05.634+0000][1][safepoint    ] Application time: 1.0008536 seconds
[2019-12-11T09:05:05.634+0000][1][safepoint    ] Entering safepoint region: Cleanup
[2019-12-11T09:05:05.634+0000][1][safepoint    ] Leaving safepoint region
[2019-12-11T09:05:05.634+0000][1][safepoint    ] Total time for which application threads were stopped: 0.0001239 seconds, Stopping threads took: 0.0000294 seconds
[2019-12-11T09:05:06.636+0000][1][safepoint    ] Application time: 1.0017960 seconds
[2019-12-11T09:05:06.636+0000][1][safepoint    ] Entering safepoint region: Cleanup
[2019-12-11T09:05:06.636+0000][1][safepoint    ] Leaving safepoint region
[2019-12-11T09:05:06.636+0000][1][safepoint    ] Total time for which application threads were stopped: 0.0001255 seconds, Stopping threads took: 0.0000297 seconds
[2019-12-11T09:05:07.972+0000][1][safepoint    ] Application time: 1.3358207 seconds
[2019-12-11T09:05:07.972+0000][1][safepoint    ] Entering safepoint region: Cleanup
[2019-12-11T09:05:07.972+0000][1][safepoint    ] Leaving safepoint region
[2019-12-11T09:05:07.972+0000][1][safepoint    ] Total time for which application threads were stopped: 0.0001241 seconds, Stopping threads took: 0.0000290 seconds
[2019-12-11T09:05:08.975+0000][1][safepoint    ] Application time: 1.0028328 seconds
[2019-12-11T09:05:08.975+0000][1][safepoint    ] Entering safepoint region: Cleanup
[2019-12-11T09:05:08.975+0000][1][safepoint    ] Leaving safepoint region
[2019-12-11T09:05:08.975+0000][1][safepoint    ] Total time for which application threads were stopped: 0.0001110 seconds, Stopping threads took: 0.0000247 seconds
[2019-12-11T09:05:09.977+0000][1][safepoint    ] Application time: 1.0018114 seconds
[2019-12-11T09:05:09.977+0000][1][safepoint    ] Entering safepoint region: Cleanup
[2019-12-11T09:05:09.977+0000][1][safepoint    ] Leaving safepoint region
[2019-12-11T09:05:09.977+0000][1][safepoint    ] Total time for which application threads were stopped: 0.0001317 seconds, Stopping threads took: 0.0000359 seconds
[2019-12-11T09:05:10.981+0000][1][safepoint    ] Application time: 1.0038100 seconds
[2019-12-11T09:05:10.981+0000][1][safepoint    ] Entering safepoint region: Cleanup
[2019-12-11T09:05:10.981+0000][1][safepoint    ] Leaving safepoint region
[2019-12-11T09:05:10.981+0000][1][safepoint    ] Total time for which application threads were stopped: 0.0001240 seconds, Stopping threads took: 0.0000307 seconds
[2019-12-11T09:05:11.983+0000][1][safepoint    ] Application time: 1.0018468 seconds
[2019-12-11T09:05:11.983+0000][1][safepoint    ] Entering safepoint region: Cleanup
[2019-12-11T09:05:11.983+0000][1][safepoint    ] Leaving safepoint region
[2019-12-11T09:05:11.983+0000][1][safepoint    ] Total time for which application threads were stopped: 0.0001170 seconds, Stopping threads took: 0.0000273 seconds
[2019-12-11T09:05:12.984+0000][1][safepoint    ] Application time: 1.0008004 seconds
[2019-12-11T09:05:12.984+0000][1][safepoint    ] Entering safepoint region: Cleanup
[2019-12-11T09:05:12.984+0000][1][safepoint    ] Leaving safepoint region
[2019-12-11T09:05:12.984+0000][1][safepoint    ] Total time for which application threads were stopped: 0.0001268 seconds, Stopping threads took: 0.0000284 seconds
[2019-12-11T09:05:13.986+0000][1][safepoint    ] Application time: 1.0017988 seconds
[2019-12-11T09:05:13.986+0000][1][safepoint    ] Entering safepoint region: Cleanup
[2019-12-11T09:05:13.986+0000][1][safepoint    ] Leaving safepoint region
[2019-12-11T09:05:13.986+0000][1][safepoint    ] Total time for which application threads were stopped: 0.0001104 seconds, Stopping threads took: 0.0000253 seconds
[2019-12-11T09:05:14.988+0000][1][safepoint    ] Application time: 1.0018423 seconds
[2019-12-11T09:05:14.988+0000][1][safepoint    ] Entering safepoint region: Cleanup
[2019-12-11T09:05:14.988+0000][1][safepoint    ] Leaving safepoint region
[2019-12-11T09:05:14.988+0000][1][safepoint    ] Total time for which application threads were stopped: 0.0001045 seconds, Stopping threads took: 0.0000243 seconds
[2019-12-11T09:05:15.991+0000][1][safepoint    ] Application time: 1.0028604 seconds
[2019-12-11T09:05:15.991+0000][1][safepoint    ] Entering safepoint region: Cleanup
[2019-12-11T09:05:15.991+0000][1][safepoint    ] Leaving safepoint region
[2019-12-11T09:05:15.991+0000][1][safepoint    ] Total time for which application threads were stopped: 0.0001117 seconds, Stopping threads took: 0.0000267 seconds
[2019-12-11T09:05:16.992+0000][1][safepoint    ] Application time: 1.0009166 seconds
[2019-12-11T09:05:16.992+0000][1][safepoint    ] Entering safepoint region: Cleanup
[2019-12-11T09:05:16.992+0000][1][safepoint    ] Leaving safepoint region
[2019-12-11T09:05:16.992+0000][1][safepoint    ] Total time for which application threads were stopped: 0.0001121 seconds, Stopping threads took: 0.0000260 seconds
[2019-12-11T09:05:17.992+0000][1][safepoint    ] Application time: 1.0000918 seconds
[2019-12-11T09:05:17.992+0000][1][safepoint    ] Entering safepoint region: Cleanup
[2019-12-11T09:05:17.992+0000][1][safepoint    ] Leaving safepoint region
[2019-12-11T09:05:17.992+0000][1][safepoint    ] Total time for which application threads were stopped: 0.0001214 seconds, Stopping threads took: 0.0000279 seconds
[2019-12-11T09:05:18.993+0000][1][safepoint    ] Application time: 1.0007553 seconds
[2019-12-11T09:05:18.993+0000][1][safepoint    ] Entering safepoint region: Cleanup
[2019-12-11T09:05:18.993+0000][1][safepoint    ] Leaving safepoint region
[2019-12-11T09:05:18.993+0000][1][safepoint    ] Total time for which application threads were stopped: 0.0001172 seconds, Stopping threads took: 0.0000264 seconds
[2019-12-11T09:05:19.994+0000][1][safepoint    ] Application time: 1.0008558 seconds
[2019-12-11T09:05:19.994+0000][1][safepoint    ] Entering safepoint region: Cleanup
[2019-12-11T09:05:19.994+0000][1][safepoint    ] Leaving safepoint region
[2019-12-11T09:05:19.994+0000][1][safepoint    ] Total time for which application threads were stopped: 0.0001212 seconds, Stopping threads took: 0.0000268 seconds
[2019-12-11T09:05:20.995+0000][1][safepoint    ] Application time: 1.0008136 seconds
[2019-12-11T09:05:20.995+0000][1][safepoint    ] Entering safepoint region: Cleanup
[2019-12-11T09:05:20.995+0000][1][safepoint    ] Leaving safepoint region
[2019-12-11T09:05:20.995+0000][1][safepoint    ] Total time for which application threads were stopped: 0.0001228 seconds, Stopping threads took: 0.0000254 seconds
[2019-12-11T09:05:21.999+0000][1][safepoint    ] Application time: 1.0036229 seconds
[2019-12-11T09:05:21.999+0000][1][safepoint    ] Entering safepoint region: Cleanup
[2019-12-11T09:05:21.999+0000][1][safepoint    ] Leaving safepoint region
[2019-12-11T09:05:21.999+0000][1][safepoint    ] Total time for which application threads were stopped: 0.0001277 seconds, Stopping threads took: 0.0000272 seconds
[2019-12-11T09:05:23.001+0000][1][safepoint    ] Application time: 1.0018270 seconds
[2019-12-11T09:05:23.001+0000][1][safepoint    ] Entering safepoint region: Cleanup
[2019-12-11T09:05:23.001+0000][1][safepoint    ] Leaving safepoint region
[2019-12-11T09:05:23.001+0000][1][safepoint    ] Total time for which application threads were stopped: 0.0001208 seconds, Stopping threads took: 0.0000302 seconds
[2019-12-11T09:05:23.909+0000][1][safepoint    ] Application time: 0.9083780 seconds
[2019-12-11T09:05:23.909+0000][1][safepoint    ] Entering safepoint region: GenCollectForAllocation
[2019-12-11T09:05:23.909+0000][1][gc,start     ] GC(76) Pause Young (Allocation Failure)
[2019-12-11T09:05:23.909+0000][1][gc,task      ] GC(76) Using 2 workers of 2 for evacuation
[2019-12-11T09:05:23.913+0000][1][gc,age       ] GC(76) Desired survivor size 4456448 bytes, new threshold 6 (max threshold 6)
[2019-12-11T09:05:23.913+0000][1][gc,age       ] GC(76) Age table with threshold 6 (max threshold 6)
[2019-12-11T09:05:23.913+0000][1][gc,age       ] GC(76) - age   1:     694824 bytes,     694824 total
[2019-12-11T09:05:23.913+0000][1][gc,age       ] GC(76) - age   2:        288 bytes,     695112 total
[2019-12-11T09:05:23.913+0000][1][gc,age       ] GC(76) - age   3:       1728 bytes,     696840 total
[2019-12-11T09:05:23.913+0000][1][gc,age       ] GC(76) - age   4:        616 bytes,     697456 total
[2019-12-11T09:05:23.913+0000][1][gc,age       ] GC(76) - age   5:        304 bytes,     697760 total
[2019-12-11T09:05:23.913+0000][1][gc,age       ] GC(76) - age   6:        120 bytes,     697880 total
[2019-12-11T09:05:23.913+0000][1][gc,heap      ] GC(76) ParNew: 70613K->686K(78656K)
[2019-12-11T09:05:23.913+0000][1][gc,heap      ] GC(76) CMS: 71404K->71404K(174784K)
[2019-12-11T09:05:23.913+0000][1][gc,metaspace ] GC(76) Metaspace: 76190K->76190K(1120256K)
[2019-12-11T09:05:23.913+0000][1][gc           ] GC(76) Pause Young (Allocation Failure) 138M->70M(247M) 3.767ms
[2019-12-11T09:05:23.913+0000][1][gc,cpu       ] GC(76) User=0.00s Sys=0.00s Real=0.00s
[2019-12-11T09:05:23.913+0000][1][safepoint    ] Leaving safepoint region
[2019-12-11T09:05:23.913+0000][1][safepoint    ] Total time for which application threads were stopped: 0.0039800 seconds, Stopping threads took: 0.0000275 seconds
[2019-12-11T09:05:24.913+0000][1][safepoint    ] Application time: 1.0000887 seconds
[2019-12-11T09:05:24.913+0000][1][safepoint    ] Entering safepoint region: Cleanup
[2019-12-11T09:05:24.914+0000][1][safepoint    ] Leaving safepoint region
[2019-12-11T09:05:24.914+0000][1][safepoint    ] Total time for which application threads were stopped: 0.0001239 seconds, Stopping threads took: 0.0000340 seconds
[2019-12-11T09:05:25.914+0000][1][safepoint    ] Application time: 1.0001550 seconds
[2019-12-11T09:05:25.914+0000][1][safepoint    ] Entering safepoint region: Cleanup
[2019-12-11T09:05:25.914+0000][1][safepoint    ] Leaving safepoint region
[2019-12-11T09:05:25.914+0000][1][safepoint    ] Total time for which application threads were stopped: 0.0001191 seconds, Stopping threads took: 0.0000302 seconds
[2019-12-11T09:05:26.916+0000][1][safepoint    ] Application time: 1.0022287 seconds
[2019-12-11T09:05:26.916+0000][1][safepoint    ] Entering safepoint region: Cleanup
[2019-12-11T09:05:26.916+0000][1][safepoint    ] Leaving safepoint region
[2019-12-11T09:05:26.916+0000][1][safepoint    ] Total time for which application threads were stopped: 0.0001176 seconds, Stopping threads took: 0.0000278 seconds
[2019-12-11T09:05:27.918+0000][1][safepoint    ] Application time: 1.0014506 seconds
[2019-12-11T09:05:27.918+0000][1][safepoint    ] Entering safepoint region: Cleanup
[2019-12-11T09:05:27.918+0000][1][safepoint    ] Leaving safepoint region
[2019-12-11T09:05:27.918+0000][1][safepoint    ] Total time for which application threads were stopped: 0.0001239 seconds, Stopping threads took: 0.0000292 seconds
[2019-12-11T09:05:28.921+0000][1][safepoint    ] Application time: 1.0027860 seconds
[2019-12-11T09:05:28.921+0000][1][safepoint    ] Entering safepoint region: Cleanup
[2019-12-11T09:05:28.921+0000][1][safepoint    ] Leaving safepoint region
[2019-12-11T09:05:28.921+0000][1][safepoint    ] Total time for which application threads were stopped: 0.0001154 seconds, Stopping threads took: 0.0000267 seconds
[2019-12-11T09:05:29.923+0000][1][safepoint    ] Application time: 1.0018302 seconds
[2019-12-11T09:05:29.923+0000][1][safepoint    ] Entering safepoint region: Cleanup
[2019-12-11T09:05:29.923+0000][1][safepoint    ] Leaving safepoint region
[2019-12-11T09:05:29.923+0000][1][safepoint    ] Total time for which application threads were stopped: 0.0001117 seconds, Stopping threads took: 0.0000245 seconds
[2019-12-11T09:05:30.924+0000][1][safepoint    ] Application time: 1.0008306 seconds
[2019-12-11T09:05:30.924+0000][1][safepoint    ] Entering safepoint region: Cleanup
[2019-12-11T09:05:30.924+0000][1][safepoint    ] Leaving safepoint region
[2019-12-11T09:05:30.924+0000][1][safepoint    ] Total time for which application threads were stopped: 0.0001139 seconds, Stopping threads took: 0.0000287 seconds
[2019-12-11T09:05:31.928+0000][1][safepoint    ] Application time: 1.0038471 seconds
[2019-12-11T09:05:31.928+0000][1][safepoint    ] Entering safepoint region: Cleanup
[2019-12-11T09:05:31.928+0000][1][safepoint    ] Leaving safepoint region
[2019-12-11T09:05:31.928+0000][1][safepoint    ] Total time for which application threads were stopped: 0.0001263 seconds, Stopping threads took: 0.0000285 seconds
[2019-12-11T09:05:32.930+0000][1][safepoint    ] Application time: 1.0018288 seconds
[2019-12-11T09:05:32.930+0000][1][safepoint    ] Entering safepoint region: Cleanup
[2019-12-11T09:05:32.930+0000][1][safepoint    ] Leaving safepoint region
[2019-12-11T09:05:32.930+0000][1][safepoint    ] Total time for which application threads were stopped: 0.0001286 seconds, Stopping threads took: 0.0000298 seconds
[2019-12-11T09:05:33.931+0000][1][safepoint    ] Application time: 1.0008070 seconds
[2019-12-11T09:05:33.931+0000][1][safepoint    ] Entering safepoint region: Cleanup
[2019-12-11T09:05:33.931+0000][1][safepoint    ] Leaving safepoint region
[2019-12-11T09:05:33.931+0000][1][safepoint    ] Total time for which application threads were stopped: 0.0001229 seconds, Stopping threads took: 0.0000278 seconds
[2019-12-11T09:05:34.935+0000][1][safepoint    ] Application time: 1.0037966 seconds
[2019-12-11T09:05:34.935+0000][1][safepoint    ] Entering safepoint region: Cleanup
[2019-12-11T09:05:34.935+0000][1][safepoint    ] Leaving safepoint region
[2019-12-11T09:05:34.935+0000][1][safepoint    ] Total time for which application threads were stopped: 0.0001148 seconds, Stopping threads took: 0.0000266 seconds
[2019-12-11T09:05:35.938+0000][1][safepoint    ] Application time: 1.0028355 seconds
[2019-12-11T09:05:35.938+0000][1][safepoint    ] Entering safepoint region: Cleanup
[2019-12-11T09:05:35.938+0000][1][safepoint    ] Leaving safepoint region
[2019-12-11T09:05:35.938+0000][1][safepoint    ] Total time for which application threads were stopped: 0.0001306 seconds, Stopping threads took: 0.0000300 seconds
[2019-12-11T09:05:36.941+0000][1][safepoint    ] Application time: 1.0028051 seconds
[2019-12-11T09:05:36.941+0000][1][safepoint    ] Entering safepoint region: Cleanup
[2019-12-11T09:05:36.941+0000][1][safepoint    ] Leaving safepoint region
[2019-12-11T09:05:36.941+0000][1][safepoint    ] Total time for which application threads were stopped: 0.0001117 seconds, Stopping threads took: 0.0000252 seconds
[2019-12-11T09:05:37.944+0000][1][safepoint    ] Application time: 1.0028272 seconds
[2019-12-11T09:05:37.944+0000][1][safepoint    ] Entering safepoint region: Cleanup
[2019-12-11T09:05:37.944+0000][1][safepoint    ] Leaving safepoint region
[2019-12-11T09:05:37.944+0000][1][safepoint    ] Total time for which application threads were stopped: 0.0001266 seconds, Stopping threads took: 0.0000297 seconds
[2019-12-11T09:05:38.947+0000][1][safepoint    ] Application time: 1.0028171 seconds
[2019-12-11T09:05:38.947+0000][1][safepoint    ] Entering safepoint region: Cleanup
[2019-12-11T09:05:38.947+0000][1][safepoint    ] Leaving safepoint region
[2019-12-11T09:05:38.947+0000][1][safepoint    ] Total time for which application threads were stopped: 0.0001267 seconds, Stopping threads took: 0.0000302 seconds
[2019-12-11T09:05:39.950+0000][1][safepoint    ] Application time: 1.0027955 seconds
[2019-12-11T09:05:39.950+0000][1][safepoint    ] Entering safepoint region: Cleanup
[2019-12-11T09:05:39.950+0000][1][safepoint    ] Leaving safepoint region
[2019-12-11T09:05:39.950+0000][1][safepoint    ] Total time for which application threads were stopped: 0.0001141 seconds, Stopping threads took: 0.0000267 seconds
[2019-12-11T09:05:40.951+0000][1][safepoint    ] Application time: 1.0008606 seconds
[2019-12-11T09:05:40.951+0000][1][safepoint    ] Entering safepoint region: Cleanup
[2019-12-11T09:05:40.951+0000][1][safepoint    ] Leaving safepoint region
[2019-12-11T09:05:40.951+0000][1][safepoint    ] Total time for which application threads were stopped: 0.0001243 seconds, Stopping threads took: 0.0000291 seconds
[2019-12-11T09:05:41.952+0000][1][safepoint    ] Application time: 1.0012984 seconds
[2019-12-11T09:05:41.952+0000][1][safepoint    ] Entering safepoint region: Cleanup
[2019-12-11T09:05:41.952+0000][1][safepoint    ] Leaving safepoint region
[2019-12-11T09:05:41.952+0000][1][safepoint    ] Total time for which application threads were stopped: 0.0001180 seconds, Stopping threads took: 0.0000258 seconds
[2019-12-11T09:05:42.954+0000][1][safepoint    ] Application time: 1.0013446 seconds
[2019-12-11T09:05:42.954+0000][1][safepoint    ] Entering safepoint region: Cleanup
[2019-12-11T09:05:42.954+0000][1][safepoint    ] Leaving safepoint region
[2019-12-11T09:05:42.954+0000][1][safepoint    ] Total time for which application threads were stopped: 0.0001278 seconds, Stopping threads took: 0.0000311 seconds
[2019-12-11T09:05:43.955+0000][1][safepoint    ] Application time: 1.0007909 seconds
[2019-12-11T09:05:43.955+0000][1][safepoint    ] Entering safepoint region: Cleanup
[2019-12-11T09:05:43.955+0000][1][safepoint    ] Leaving safepoint region
[2019-12-11T09:05:43.955+0000][1][safepoint    ] Total time for which application threads were stopped: 0.0001173 seconds, Stopping threads took: 0.0000278 seconds
[2019-12-11T09:05:44.959+0000][1][safepoint    ] Application time: 1.0038318 seconds
[2019-12-11T09:05:44.959+0000][1][safepoint    ] Entering safepoint region: Cleanup
[2019-12-11T09:05:44.959+0000][1][safepoint    ] Leaving safepoint region
[2019-12-11T09:05:44.959+0000][1][safepoint    ] Total time for which application threads were stopped: 0.0001308 seconds, Stopping threads took: 0.0000297 seconds
[2019-12-11T09:05:45.961+0000][1][safepoint    ] Application time: 1.0018575 seconds
[2019-12-11T09:05:45.961+0000][1][safepoint    ] Entering safepoint region: Cleanup
[2019-12-11T09:05:45.961+0000][1][safepoint    ] Leaving safepoint region
[2019-12-11T09:05:45.961+0000][1][safepoint    ] Total time for which application threads were stopped: 0.0001125 seconds, Stopping threads took: 0.0000259 seconds
[2019-12-11T09:05:46.962+0000][1][safepoint    ] Application time: 1.0008433 seconds
[2019-12-11T09:05:46.962+0000][1][safepoint    ] Entering safepoint region: Cleanup
[2019-12-11T09:05:46.962+0000][1][safepoint    ] Leaving safepoint region
[2019-12-11T09:05:46.962+0000][1][safepoint    ] Total time for which application threads were stopped: 0.0001234 seconds, Stopping threads took: 0.0000342 seconds
[2019-12-11T09:05:47.962+0000][1][safepoint    ] Application time: 1.0000817 seconds
[2019-12-11T09:05:47.962+0000][1][safepoint    ] Entering safepoint region: Cleanup
[2019-12-11T09:05:47.962+0000][1][safepoint    ] Leaving safepoint region
[2019-12-11T09:05:47.962+0000][1][safepoint    ] Total time for which application threads were stopped: 0.0001252 seconds, Stopping threads took: 0.0000288 seconds
[2019-12-11T09:05:48.964+0000][1][safepoint    ] Application time: 1.0015149 seconds
[2019-12-11T09:05:48.964+0000][1][safepoint    ] Entering safepoint region: Cleanup
[2019-12-11T09:05:48.964+0000][1][safepoint    ] Leaving safepoint region
[2019-12-11T09:05:48.964+0000][1][safepoint    ] Total time for which application threads were stopped: 0.0001134 seconds, Stopping threads took: 0.0000266 seconds
[2019-12-11T09:05:49.965+0000][1][safepoint    ] Application time: 1.0008131 seconds
[2019-12-11T09:05:49.965+0000][1][safepoint    ] Entering safepoint region: Cleanup
[2019-12-11T09:05:49.965+0000][1][safepoint    ] Leaving safepoint region
[2019-12-11T09:05:49.965+0000][1][safepoint    ] Total time for which application threads were stopped: 0.0001407 seconds, Stopping threads took: 0.0000334 seconds
[2019-12-11T09:05:50.966+0000][1][safepoint    ] Application time: 1.0007970 seconds
[2019-12-11T09:05:50.966+0000][1][safepoint    ] Entering safepoint region: Cleanup
[2019-12-11T09:05:50.966+0000][1][safepoint    ] Leaving safepoint region
[2019-12-11T09:05:50.966+0000][1][safepoint    ] Total time for which application threads were stopped: 0.0001241 seconds, Stopping threads took: 0.0000275 seconds
[2019-12-11T09:05:51.967+0000][1][safepoint    ] Application time: 1.0008227 seconds
[2019-12-11T09:05:51.967+0000][1][safepoint    ] Entering safepoint region: Cleanup
[2019-12-11T09:05:51.967+0000][1][safepoint    ] Leaving safepoint region
[2019-12-11T09:05:51.967+0000][1][safepoint    ] Total time for which application threads were stopped: 0.0001381 seconds, Stopping threads took: 0.0000297 seconds
[2019-12-11T09:05:52.969+0000][1][safepoint    ] Application time: 1.0018116 seconds
[2019-12-11T09:05:52.969+0000][1][safepoint    ] Entering safepoint region: Cleanup
[2019-12-11T09:05:52.969+0000][1][safepoint    ] Leaving safepoint region
[2019-12-11T09:05:52.969+0000][1][safepoint    ] Total time for which application threads were stopped: 0.0001227 seconds, Stopping threads took: 0.0000292 seconds
[2019-12-11T09:05:53.970+0000][1][safepoint    ] Application time: 1.0008528 seconds
[2019-12-11T09:05:53.970+0000][1][safepoint    ] Entering safepoint region: Cleanup
[2019-12-11T09:05:53.970+0000][1][safepoint    ] Leaving safepoint region
[2019-12-11T09:05:53.970+0000][1][safepoint    ] Total time for which application threads were stopped: 0.0001321 seconds, Stopping threads took: 0.0000303 seconds
[2019-12-11T09:05:54.972+0000][1][safepoint    ] Application time: 1.0017638 seconds
[2019-12-11T09:05:54.972+0000][1][safepoint    ] Entering safepoint region: Cleanup
[2019-12-11T09:05:54.972+0000][1][safepoint    ] Leaving safepoint region
[2019-12-11T09:05:54.972+0000][1][safepoint    ] Total time for which application threads were stopped: 0.0001259 seconds, Stopping threads took: 0.0000277 seconds
[2019-12-11T09:05:55.973+0000][1][safepoint    ] Application time: 1.0008108 seconds
[2019-12-11T09:05:55.973+0000][1][safepoint    ] Entering safepoint region: Cleanup
[2019-12-11T09:05:55.973+0000][1][safepoint    ] Leaving safepoint region
[2019-12-11T09:05:55.973+0000][1][safepoint    ] Total time for which application threads were stopped: 0.0001173 seconds, Stopping threads took: 0.0000274 seconds
[2019-12-11T09:05:56.974+0000][1][safepoint    ] Application time: 1.0008617 seconds
[2019-12-11T09:05:56.974+0000][1][safepoint    ] Entering safepoint region: Cleanup
[2019-12-11T09:05:56.974+0000][1][safepoint    ] Leaving safepoint region
[2019-12-11T09:05:56.974+0000][1][safepoint    ] Total time for which application threads were stopped: 0.0001384 seconds, Stopping threads took: 0.0000430 seconds
[2019-12-11T09:05:57.975+0000][1][safepoint    ] Application time: 1.0007714 seconds
[2019-12-11T09:05:57.975+0000][1][safepoint    ] Entering safepoint region: Cleanup
[2019-12-11T09:05:57.975+0000][1][safepoint    ] Leaving safepoint region
[2019-12-11T09:05:57.975+0000][1][safepoint    ] Total time for which application threads were stopped: 0.0001348 seconds, Stopping threads took: 0.0000280 seconds
[2019-12-11T09:05:58.978+0000][1][safepoint    ] Application time: 1.0026027 seconds
[2019-12-11T09:05:58.978+0000][1][safepoint    ] Entering safepoint region: Cleanup
[2019-12-11T09:05:58.978+0000][1][safepoint    ] Leaving safepoint region
[2019-12-11T09:05:58.978+0000][1][safepoint    ] Total time for which application threads were stopped: 0.0001231 seconds, Stopping threads took: 0.0000296 seconds
[2019-12-11T09:05:59.979+0000][1][safepoint    ] Application time: 1.0009948 seconds
[2019-12-11T09:05:59.979+0000][1][safepoint    ] Entering safepoint region: Cleanup
[2019-12-11T09:05:59.979+0000][1][safepoint    ] Leaving safepoint region
[2019-12-11T09:05:59.979+0000][1][safepoint    ] Total time for which application threads were stopped: 0.0001315 seconds, Stopping threads took: 0.0000297 seconds
[2019-12-11T09:06:00.981+0000][1][safepoint    ] Application time: 1.0018159 seconds
[2019-12-11T09:06:00.981+0000][1][safepoint    ] Entering safepoint region: Cleanup
[2019-12-11T09:06:00.981+0000][1][safepoint    ] Leaving safepoint region
[2019-12-11T09:06:00.981+0000][1][safepoint    ] Total time for which application threads were stopped: 0.0001194 seconds, Stopping threads took: 0.0000275 seconds
[2019-12-11T09:06:01.982+0000][1][safepoint    ] Application time: 1.0009943 seconds
[2019-12-11T09:06:01.982+0000][1][safepoint    ] Entering safepoint region: Cleanup
[2019-12-11T09:06:01.982+0000][1][safepoint    ] Leaving safepoint region
[2019-12-11T09:06:01.982+0000][1][safepoint    ] Total time for which application threads were stopped: 0.0001355 seconds, Stopping threads took: 0.0000388 seconds
[2019-12-11T09:06:02.983+0000][1][safepoint    ] Application time: 1.0006623 seconds
[2019-12-11T09:06:02.983+0000][1][safepoint    ] Entering safepoint region: Cleanup
[2019-12-11T09:06:02.983+0000][1][safepoint    ] Leaving safepoint region
[2019-12-11T09:06:02.983+0000][1][safepoint    ] Total time for which application threads were stopped: 0.0001267 seconds, Stopping threads took: 0.0000313 seconds
[2019-12-11T09:06:03.987+0000][1][safepoint    ] Application time: 1.0037915 seconds
[2019-12-11T09:06:03.987+0000][1][safepoint    ] Entering safepoint region: Cleanup
[2019-12-11T09:06:03.987+0000][1][safepoint    ] Leaving safepoint region
[2019-12-11T09:06:03.987+0000][1][safepoint    ] Total time for which application threads were stopped: 0.0001291 seconds, Stopping threads took: 0.0000277 seconds
[2019-12-11T09:06:04.619+0000][1][safepoint    ] Application time: 0.6318196 seconds
[2019-12-11T09:06:04.619+0000][1][safepoint    ] Entering safepoint region: GenCollectForAllocation
[2019-12-11T09:06:04.619+0000][1][gc,start     ] GC(77) Pause Young (Allocation Failure)
[2019-12-11T09:06:04.619+0000][1][gc,task      ] GC(77) Using 2 workers of 2 for evacuation
[2019-12-11T09:06:04.622+0000][1][gc,age       ] GC(77) Desired survivor size 4456448 bytes, new threshold 6 (max threshold 6)
[2019-12-11T09:06:04.622+0000][1][gc,age       ] GC(77) Age table with threshold 6 (max threshold 6)
[2019-12-11T09:06:04.622+0000][1][gc,age       ] GC(77) - age   1:     879128 bytes,     879128 total
[2019-12-11T09:06:04.622+0000][1][gc,age       ] GC(77) - age   2:        656 bytes,     879784 total
[2019-12-11T09:06:04.622+0000][1][gc,age       ] GC(77) - age   4:       1728 bytes,     881512 total
[2019-12-11T09:06:04.622+0000][1][gc,age       ] GC(77) - age   5:        616 bytes,     882128 total
[2019-12-11T09:06:04.622+0000][1][gc,age       ] GC(77) - age   6:        304 bytes,     882432 total
[2019-12-11T09:06:04.622+0000][1][gc,heap      ] GC(77) ParNew: 70638K->874K(78656K)
[2019-12-11T09:06:04.622+0000][1][gc,heap      ] GC(77) CMS: 71404K->71405K(174784K)
[2019-12-11T09:06:04.622+0000][1][gc,metaspace ] GC(77) Metaspace: 76205K->76205K(1120256K)
[2019-12-11T09:06:04.622+0000][1][gc           ] GC(77) Pause Young (Allocation Failure) 138M->70M(247M) 2.712ms
[2019-12-11T09:06:04.622+0000][1][gc,cpu       ] GC(77) User=0.00s Sys=0.00s Real=0.00s
[2019-12-11T09:06:04.622+0000][1][safepoint    ] Leaving safepoint region
[2019-12-11T09:06:04.622+0000][1][safepoint    ] Total time for which application threads were stopped: 0.0029447 seconds, Stopping threads took: 0.0000242 seconds
[2019-12-11T09:06:05.623+0000][1][safepoint    ] Application time: 1.0015186 seconds
[2019-12-11T09:06:05.623+0000][1][safepoint    ] Entering safepoint region: Cleanup
[2019-12-11T09:06:05.623+0000][1][safepoint    ] Leaving safepoint region
[2019-12-11T09:06:05.623+0000][1][safepoint    ] Total time for which application threads were stopped: 0.0001206 seconds, Stopping threads took: 0.0000292 seconds
[2019-12-11T09:06:06.624+0000][1][safepoint    ] Application time: 1.0002904 seconds
[2019-12-11T09:06:06.624+0000][1][safepoint    ] Entering safepoint region: Cleanup
[2019-12-11T09:06:06.624+0000][1][safepoint    ] Leaving safepoint region
[2019-12-11T09:06:06.624+0000][1][safepoint    ] Total time for which application threads were stopped: 0.0001297 seconds, Stopping threads took: 0.0000294 seconds
[2019-12-11T09:06:07.625+0000][1][safepoint    ] Application time: 1.0008131 seconds
[2019-12-11T09:06:07.625+0000][1][safepoint    ] Entering safepoint region: Cleanup
[2019-12-11T09:06:07.625+0000][1][safepoint    ] Leaving safepoint region
[2019-12-11T09:06:07.625+0000][1][safepoint    ] Total time for which application threads were stopped: 0.0001344 seconds, Stopping threads took: 0.0000277 seconds
[2019-12-11T09:06:08.627+0000][1][safepoint    ] Application time: 1.0018675 seconds
[2019-12-11T09:06:08.627+0000][1][safepoint    ] Entering safepoint region: Cleanup
[2019-12-11T09:06:08.627+0000][1][safepoint    ] Leaving safepoint region
[2019-12-11T09:06:08.627+0000][1][safepoint    ] Total time for which application threads were stopped: 0.0001312 seconds, Stopping threads took: 0.0000296 seconds
[2019-12-11T09:06:09.630+0000][1][safepoint    ] Application time: 1.0027482 seconds
[2019-12-11T09:06:09.630+0000][1][safepoint    ] Entering safepoint region: Cleanup
[2019-12-11T09:06:09.630+0000][1][safepoint    ] Leaving safepoint region
[2019-12-11T09:06:09.630+0000][1][safepoint    ] Total time for which application threads were stopped: 0.0001294 seconds, Stopping threads took: 0.0000317 seconds
[2019-12-11T09:06:10.633+0000][1][safepoint    ] Application time: 1.0028104 seconds
[2019-12-11T09:06:10.633+0000][1][safepoint    ] Entering safepoint region: Cleanup
[2019-12-11T09:06:10.633+0000][1][safepoint    ] Leaving safepoint region
[2019-12-11T09:06:10.633+0000][1][safepoint    ] Total time for which application threads were stopped: 0.0001320 seconds, Stopping threads took: 0.0000284 seconds
[2019-12-11T09:06:11.633+0000][1][safepoint    ] Application time: 1.0000794 seconds
[2019-12-11T09:06:11.633+0000][1][safepoint    ] Entering safepoint region: Cleanup
[2019-12-11T09:06:11.633+0000][1][safepoint    ] Leaving safepoint region
[2019-12-11T09:06:11.633+0000][1][safepoint    ] Total time for which application threads were stopped: 0.0001224 seconds, Stopping threads took: 0.0000269 seconds
[2019-12-11T09:06:12.636+0000][1][safepoint    ] Application time: 1.0025305 seconds
[2019-12-11T09:06:12.636+0000][1][safepoint    ] Entering safepoint region: Cleanup
[2019-12-11T09:06:12.636+0000][1][safepoint    ] Leaving safepoint region
[2019-12-11T09:06:12.636+0000][1][safepoint    ] Total time for which application threads were stopped: 0.0001317 seconds, Stopping threads took: 0.0000269 seconds
[2019-12-11T09:06:13.637+0000][1][safepoint    ] Application time: 1.0008189 seconds
[2019-12-11T09:06:13.637+0000][1][safepoint    ] Entering safepoint region: Cleanup
[2019-12-11T09:06:13.637+0000][1][safepoint    ] Leaving safepoint region
[2019-12-11T09:06:13.637+0000][1][safepoint    ] Total time for which application threads were stopped: 0.0001412 seconds, Stopping threads took: 0.0000461 seconds
[2019-12-11T09:06:14.638+0000][1][safepoint    ] Application time: 1.0008165 seconds
[2019-12-11T09:06:14.638+0000][1][safepoint    ] Entering safepoint region: Cleanup
[2019-12-11T09:06:14.638+0000][1][safepoint    ] Leaving safepoint region
[2019-12-11T09:06:14.638+0000][1][safepoint    ] Total time for which application threads were stopped: 0.0001371 seconds, Stopping threads took: 0.0000432 seconds
[2019-12-11T09:06:15.641+0000][1][safepoint    ] Application time: 1.0028021 seconds
[2019-12-11T09:06:15.641+0000][1][safepoint    ] Entering safepoint region: Cleanup
[2019-12-11T09:06:15.641+0000][1][safepoint    ] Leaving safepoint region
[2019-12-11T09:06:15.641+0000][1][safepoint    ] Total time for which application threads were stopped: 0.0001278 seconds, Stopping threads took: 0.0000293 seconds
[2019-12-11T09:06:16.643+0000][1][safepoint    ] Application time: 1.0018055 seconds
[2019-12-11T09:06:16.643+0000][1][safepoint    ] Entering safepoint region: Cleanup
[2019-12-11T09:06:16.643+0000][1][safepoint    ] Leaving safepoint region
[2019-12-11T09:06:16.643+0000][1][safepoint    ] Total time for which application threads were stopped: 0.0001377 seconds, Stopping threads took: 0.0000385 seconds
[2019-12-11T09:06:17.648+0000][1][safepoint    ] Application time: 1.0048107 seconds
[2019-12-11T09:06:17.648+0000][1][safepoint    ] Entering safepoint region: Cleanup
[2019-12-11T09:06:17.648+0000][1][safepoint    ] Leaving safepoint region
[2019-12-11T09:06:17.648+0000][1][safepoint    ] Total time for which application threads were stopped: 0.0001220 seconds, Stopping threads took: 0.0000278 seconds
[2019-12-11T09:06:18.652+0000][1][safepoint    ] Application time: 1.0038464 seconds
[2019-12-11T09:06:18.652+0000][1][safepoint    ] Entering safepoint region: Cleanup
[2019-12-11T09:06:18.652+0000][1][safepoint    ] Leaving safepoint region
[2019-12-11T09:06:18.652+0000][1][safepoint    ] Total time for which application threads were stopped: 0.0001175 seconds, Stopping threads took: 0.0000290 seconds
[2019-12-11T09:06:19.653+0000][1][safepoint    ] Application time: 1.0008675 seconds
[2019-12-11T09:06:19.653+0000][1][safepoint    ] Entering safepoint region: Cleanup
[2019-12-11T09:06:19.653+0000][1][safepoint    ] Leaving safepoint region
[2019-12-11T09:06:19.653+0000][1][safepoint    ] Total time for which application threads were stopped: 0.0000929 seconds, Stopping threads took: 0.0000206 seconds
[2019-12-11T09:06:20.656+0000][1][safepoint    ] Application time: 1.0027890 seconds
[2019-12-11T09:06:20.656+0000][1][safepoint    ] Entering safepoint region: Cleanup
[2019-12-11T09:06:20.656+0000][1][safepoint    ] Leaving safepoint region
[2019-12-11T09:06:20.656+0000][1][safepoint    ] Total time for which application threads were stopped: 0.0001290 seconds, Stopping threads took: 0.0000313 seconds
[2019-12-11T09:06:21.657+0000][1][safepoint    ] Application time: 1.0008902 seconds
[2019-12-11T09:06:21.657+0000][1][safepoint    ] Entering safepoint region: Cleanup
[2019-12-11T09:06:21.657+0000][1][safepoint    ] Leaving safepoint region
[2019-12-11T09:06:21.657+0000][1][safepoint    ] Total time for which application threads were stopped: 0.0001420 seconds, Stopping threads took: 0.0000344 seconds
[2019-12-11T09:06:22.663+0000][1][safepoint    ] Application time: 1.0057448 seconds
[2019-12-11T09:06:22.663+0000][1][safepoint    ] Entering safepoint region: Cleanup
[2019-12-11T09:06:22.663+0000][1][safepoint    ] Leaving safepoint region
[2019-12-11T09:06:22.663+0000][1][safepoint    ] Total time for which application threads were stopped: 0.0001146 seconds, Stopping threads took: 0.0000254 seconds
[2019-12-11T09:06:23.956+0000][1][safepoint    ] Application time: 1.2928424 seconds
[2019-12-11T09:06:23.956+0000][1][safepoint    ] Entering safepoint region: Cleanup
[2019-12-11T09:06:23.956+0000][1][safepoint    ] Leaving safepoint region
[2019-12-11T09:06:23.956+0000][1][safepoint    ] Total time for which application threads were stopped: 0.0001364 seconds, Stopping threads took: 0.0000303 seconds
[2019-12-11T09:06:24.958+0000][1][safepoint    ] Application time: 1.0017519 seconds
[2019-12-11T09:06:24.958+0000][1][safepoint    ] Entering safepoint region: Cleanup
[2019-12-11T09:06:24.958+0000][1][safepoint    ] Leaving safepoint region
[2019-12-11T09:06:24.958+0000][1][safepoint    ] Total time for which application threads were stopped: 0.0001359 seconds, Stopping threads took: 0.0000280 seconds
[2019-12-11T09:06:25.960+0000][1][safepoint    ] Application time: 1.0018129 seconds
[2019-12-11T09:06:25.960+0000][1][safepoint    ] Entering safepoint region: Cleanup
[2019-12-11T09:06:25.960+0000][1][safepoint    ] Leaving safepoint region
[2019-12-11T09:06:25.960+0000][1][safepoint    ] Total time for which application threads were stopped: 0.0001346 seconds, Stopping threads took: 0.0000292 seconds
[2019-12-11T09:06:26.963+0000][1][safepoint    ] Application time: 1.0028437 seconds
[2019-12-11T09:06:26.963+0000][1][safepoint    ] Entering safepoint region: Cleanup
[2019-12-11T09:06:26.963+0000][1][safepoint    ] Leaving safepoint region
[2019-12-11T09:06:26.963+0000][1][safepoint    ] Total time for which application threads were stopped: 0.0001279 seconds, Stopping threads took: 0.0000292 seconds
[2019-12-11T09:06:27.963+0000][1][safepoint    ] Application time: 1.0000799 seconds
[2019-12-11T09:06:27.963+0000][1][safepoint    ] Entering safepoint region: Cleanup
[2019-12-11T09:06:27.963+0000][1][safepoint    ] Leaving safepoint region
[2019-12-11T09:06:27.963+0000][1][safepoint    ] Total time for which application threads were stopped: 0.0001271 seconds, Stopping threads took: 0.0000337 seconds
[2019-12-11T09:06:28.966+0000][1][safepoint    ] Application time: 1.0025185 seconds
[2019-12-11T09:06:28.966+0000][1][safepoint    ] Entering safepoint region: Cleanup
[2019-12-11T09:06:28.966+0000][1][safepoint    ] Leaving safepoint region
[2019-12-11T09:06:28.966+0000][1][safepoint    ] Total time for which application threads were stopped: 0.0001288 seconds, Stopping threads took: 0.0000367 seconds
[2019-12-11T09:06:29.967+0000][1][safepoint    ] Application time: 1.0008587 seconds
[2019-12-11T09:06:29.967+0000][1][safepoint    ] Entering safepoint region: Cleanup
[2019-12-11T09:06:29.967+0000][1][safepoint    ] Leaving safepoint region
[2019-12-11T09:06:29.967+0000][1][safepoint    ] Total time for which application threads were stopped: 0.0001142 seconds, Stopping threads took: 0.0000266 seconds
[2019-12-11T09:06:30.968+0000][1][safepoint    ] Application time: 1.0008114 seconds
[2019-12-11T09:06:30.968+0000][1][safepoint    ] Entering safepoint region: Cleanup
[2019-12-11T09:06:30.968+0000][1][safepoint    ] Leaving safepoint region
[2019-12-11T09:06:30.968+0000][1][safepoint    ] Total time for which application threads were stopped: 0.0001252 seconds, Stopping threads took: 0.0000303 seconds
[2019-12-11T09:06:31.972+0000][1][safepoint    ] Application time: 1.0037978 seconds
[2019-12-11T09:06:31.972+0000][1][safepoint    ] Entering safepoint region: Cleanup
[2019-12-11T09:06:31.972+0000][1][safepoint    ] Leaving safepoint region
[2019-12-11T09:06:31.972+0000][1][safepoint    ] Total time for which application threads were stopped: 0.0001215 seconds, Stopping threads took: 0.0000296 seconds
[2019-12-11T09:06:32.973+0000][1][safepoint    ] Application time: 1.0008424 seconds
[2019-12-11T09:06:32.973+0000][1][safepoint    ] Entering safepoint region: Cleanup
[2019-12-11T09:06:32.973+0000][1][safepoint    ] Leaving safepoint region
[2019-12-11T09:06:32.973+0000][1][safepoint    ] Total time for which application threads were stopped: 0.0001336 seconds, Stopping threads took: 0.0000347 seconds
[2019-12-11T09:06:33.974+0000][1][safepoint    ] Application time: 1.0008034 seconds
[2019-12-11T09:06:33.974+0000][1][safepoint    ] Entering safepoint region: Cleanup
[2019-12-11T09:06:33.974+0000][1][safepoint    ] Leaving safepoint region
[2019-12-11T09:06:33.974+0000][1][safepoint    ] Total time for which application threads were stopped: 0.0001136 seconds, Stopping threads took: 0.0000264 seconds
[2019-12-11T09:06:34.976+0000][1][safepoint    ] Application time: 1.0018108 seconds
[2019-12-11T09:06:34.976+0000][1][safepoint    ] Entering safepoint region: Cleanup
[2019-12-11T09:06:34.976+0000][1][safepoint    ] Leaving safepoint region
[2019-12-11T09:06:34.976+0000][1][safepoint    ] Total time for which application threads were stopped: 0.0001274 seconds, Stopping threads took: 0.0000287 seconds
[2019-12-11T09:06:35.979+0000][1][safepoint    ] Application time: 1.0028067 seconds
[2019-12-11T09:06:35.979+0000][1][safepoint    ] Entering safepoint region: Cleanup
[2019-12-11T09:06:35.979+0000][1][safepoint    ] Leaving safepoint region
[2019-12-11T09:06:35.979+0000][1][safepoint    ] Total time for which application threads were stopped: 0.0001173 seconds, Stopping threads took: 0.0000284 seconds
[2019-12-11T09:06:36.981+0000][1][safepoint    ] Application time: 1.0018413 seconds
[2019-12-11T09:06:36.981+0000][1][safepoint    ] Entering safepoint region: Cleanup
[2019-12-11T09:06:36.981+0000][1][safepoint    ] Leaving safepoint region
[2019-12-11T09:06:36.981+0000][1][safepoint    ] Total time for which application threads were stopped: 0.0001540 seconds, Stopping threads took: 0.0000503 seconds
[2019-12-11T09:06:37.983+0000][1][safepoint    ] Application time: 1.0017808 seconds
[2019-12-11T09:06:37.983+0000][1][safepoint    ] Entering safepoint region: Cleanup
[2019-12-11T09:06:37.983+0000][1][safepoint    ] Leaving safepoint region
[2019-12-11T09:06:37.983+0000][1][safepoint    ] Total time for which application threads were stopped: 0.0001269 seconds, Stopping threads took: 0.0000291 seconds
[2019-12-11T09:06:38.984+0000][1][safepoint    ] Application time: 1.0008049 seconds
[2019-12-11T09:06:38.984+0000][1][safepoint    ] Entering safepoint region: Cleanup
[2019-12-11T09:06:38.984+0000][1][safepoint    ] Leaving safepoint region
[2019-12-11T09:06:38.984+0000][1][safepoint    ] Total time for which application threads were stopped: 0.0001270 seconds, Stopping threads took: 0.0000295 seconds
[2019-12-11T09:06:39.988+0000][1][safepoint    ] Application time: 1.0038180 seconds
[2019-12-11T09:06:39.988+0000][1][safepoint    ] Entering safepoint region: Cleanup
[2019-12-11T09:06:39.988+0000][1][safepoint    ] Leaving safepoint region
[2019-12-11T09:06:39.988+0000][1][safepoint    ] Total time for which application threads were stopped: 0.0001239 seconds, Stopping threads took: 0.0000273 seconds
[2019-12-11T09:06:40.992+0000][1][safepoint    ] Application time: 1.0038150 seconds
[2019-12-11T09:06:40.992+0000][1][safepoint    ] Entering safepoint region: Cleanup
[2019-12-11T09:06:40.992+0000][1][safepoint    ] Leaving safepoint region
[2019-12-11T09:06:40.992+0000][1][safepoint    ] Total time for which application threads were stopped: 0.0001204 seconds, Stopping threads took: 0.0000277 seconds
[2019-12-11T09:06:41.994+0000][1][safepoint    ] Application time: 1.0018179 seconds
[2019-12-11T09:06:41.994+0000][1][safepoint    ] Entering safepoint region: Cleanup
[2019-12-11T09:06:41.994+0000][1][safepoint    ] Leaving safepoint region
[2019-12-11T09:06:41.994+0000][1][safepoint    ] Total time for which application threads were stopped: 0.0001182 seconds, Stopping threads took: 0.0000279 seconds
[2019-12-11T09:06:42.998+0000][1][safepoint    ] Application time: 1.0038361 seconds
[2019-12-11T09:06:42.998+0000][1][safepoint    ] Entering safepoint region: Cleanup
[2019-12-11T09:06:42.998+0000][1][safepoint    ] Leaving safepoint region
[2019-12-11T09:06:42.998+0000][1][safepoint    ] Total time for which application threads were stopped: 0.0001281 seconds, Stopping threads took: 0.0000291 seconds
[2019-12-11T09:06:44.001+0000][1][safepoint    ] Application time: 1.0032140 seconds
[2019-12-11T09:06:44.001+0000][1][safepoint    ] Entering safepoint region: Cleanup
[2019-12-11T09:06:44.001+0000][1][safepoint    ] Leaving safepoint region
[2019-12-11T09:06:44.001+0000][1][safepoint    ] Total time for which application threads were stopped: 0.0001337 seconds, Stopping threads took: 0.0000326 seconds
[2019-12-11T09:06:44.853+0000][1][safepoint    ] Application time: 0.8513077 seconds
[2019-12-11T09:06:44.853+0000][1][safepoint    ] Entering safepoint region: GenCollectForAllocation
[2019-12-11T09:06:44.853+0000][1][gc,start     ] GC(78) Pause Young (Allocation Failure)
[2019-12-11T09:06:44.853+0000][1][gc,task      ] GC(78) Using 2 workers of 2 for evacuation
[2019-12-11T09:06:44.855+0000][1][gc,age       ] GC(78) Desired survivor size 4456448 bytes, new threshold 6 (max threshold 6)
[2019-12-11T09:06:44.855+0000][1][gc,age       ] GC(78) Age table with threshold 6 (max threshold 6)
[2019-12-11T09:06:44.855+0000][1][gc,age       ] GC(78) - age   1:     951016 bytes,     951016 total
[2019-12-11T09:06:44.855+0000][1][gc,age       ] GC(78) - age   3:        656 bytes,     951672 total
[2019-12-11T09:06:44.855+0000][1][gc,age       ] GC(78) - age   5:       1728 bytes,     953400 total
[2019-12-11T09:06:44.855+0000][1][gc,age       ] GC(78) - age   6:        616 bytes,     954016 total
[2019-12-11T09:06:44.855+0000][1][gc,heap      ] GC(78) ParNew: 70826K->947K(78656K)
[2019-12-11T09:06:44.855+0000][1][gc,heap      ] GC(78) CMS: 71405K->71405K(174784K)
[2019-12-11T09:06:44.855+0000][1][gc,metaspace ] GC(78) Metaspace: 76207K->76207K(1120256K)
[2019-12-11T09:06:44.856+0000][1][gc           ] GC(78) Pause Young (Allocation Failure) 138M->70M(247M) 2.663ms
[2019-12-11T09:06:44.856+0000][1][gc,cpu       ] GC(78) User=0.01s Sys=0.00s Real=0.01s
[2019-12-11T09:06:44.856+0000][1][safepoint    ] Leaving safepoint region
[2019-12-11T09:06:44.856+0000][1][safepoint    ] Total time for which application threads were stopped: 0.0028976 seconds, Stopping threads took: 0.0000389 seconds
[2019-12-11T09:06:45.856+0000][1][safepoint    ] Application time: 1.0001311 seconds
[2019-12-11T09:06:45.856+0000][1][safepoint    ] Entering safepoint region: Cleanup
[2019-12-11T09:06:45.856+0000][1][safepoint    ] Leaving safepoint region
[2019-12-11T09:06:45.856+0000][1][safepoint    ] Total time for which application threads were stopped: 0.0001260 seconds, Stopping threads took: 0.0000277 seconds
[2019-12-11T09:06:46.860+0000][1][safepoint    ] Application time: 1.0038592 seconds
[2019-12-11T09:06:46.860+0000][1][safepoint    ] Entering safepoint region: Cleanup
[2019-12-11T09:06:46.860+0000][1][safepoint    ] Leaving safepoint region
[2019-12-11T09:06:46.860+0000][1][safepoint    ] Total time for which application threads were stopped: 0.0001188 seconds, Stopping threads took: 0.0000284 seconds
[2019-12-11T09:06:47.861+0000][1][safepoint    ] Application time: 1.0008150 seconds
[2019-12-11T09:06:47.861+0000][1][safepoint    ] Entering safepoint region: Cleanup
[2019-12-11T09:06:47.861+0000][1][safepoint    ] Leaving safepoint region
[2019-12-11T09:06:47.861+0000][1][safepoint    ] Total time for which application threads were stopped: 0.0001178 seconds, Stopping threads took: 0.0000278 seconds
[2019-12-11T09:06:48.866+0000][1][safepoint    ] Application time: 1.0049309 seconds
[2019-12-11T09:06:48.866+0000][1][safepoint    ] Entering safepoint region: Cleanup
[2019-12-11T09:06:48.866+0000][1][safepoint    ] Leaving safepoint region
[2019-12-11T09:06:48.866+0000][1][safepoint    ] Total time for which application threads were stopped: 0.0001324 seconds, Stopping threads took: 0.0000350 seconds
[2019-12-11T09:06:49.868+0000][1][safepoint    ] Application time: 1.0017147 seconds
[2019-12-11T09:06:49.868+0000][1][safepoint    ] Entering safepoint region: Cleanup
[2019-12-11T09:06:49.868+0000][1][safepoint    ] Leaving safepoint region
[2019-12-11T09:06:49.868+0000][1][safepoint    ] Total time for which application threads were stopped: 0.0001221 seconds, Stopping threads took: 0.0000259 seconds
[2019-12-11T09:06:50.871+0000][1][safepoint    ] Application time: 1.0027883 seconds
[2019-12-11T09:06:50.871+0000][1][safepoint    ] Entering safepoint region: Cleanup
[2019-12-11T09:06:50.871+0000][1][safepoint    ] Leaving safepoint region
[2019-12-11T09:06:50.871+0000][1][safepoint    ] Total time for which application threads were stopped: 0.0001253 seconds, Stopping threads took: 0.0000350 seconds
[2019-12-11T09:06:51.873+0000][1][safepoint    ] Application time: 1.0018238 seconds
[2019-12-11T09:06:51.873+0000][1][safepoint    ] Entering safepoint region: Cleanup
[2019-12-11T09:06:51.873+0000][1][safepoint    ] Leaving safepoint region
[2019-12-11T09:06:51.873+0000][1][safepoint    ] Total time for which application threads were stopped: 0.0001456 seconds, Stopping threads took: 0.0000422 seconds
[2019-12-11T09:06:52.877+0000][1][safepoint    ] Application time: 1.0037876 seconds
[2019-12-11T09:06:52.877+0000][1][safepoint    ] Entering safepoint region: Cleanup
[2019-12-11T09:06:52.877+0000][1][safepoint    ] Leaving safepoint region
[2019-12-11T09:06:52.877+0000][1][safepoint    ] Total time for which application threads were stopped: 0.0001253 seconds, Stopping threads took: 0.0000295 seconds
[2019-12-11T09:06:53.879+0000][1][safepoint    ] Application time: 1.0018130 seconds
[2019-12-11T09:06:53.879+0000][1][safepoint    ] Entering safepoint region: Cleanup
[2019-12-11T09:06:53.879+0000][1][safepoint    ] Leaving safepoint region
[2019-12-11T09:06:53.879+0000][1][safepoint    ] Total time for which application threads were stopped: 0.0001225 seconds, Stopping threads took: 0.0000346 seconds
[2019-12-11T09:06:54.881+0000][1][safepoint    ] Application time: 1.0018287 seconds
[2019-12-11T09:06:54.881+0000][1][safepoint    ] Entering safepoint region: Cleanup
[2019-12-11T09:06:54.881+0000][1][safepoint    ] Leaving safepoint region
[2019-12-11T09:06:54.881+0000][1][safepoint    ] Total time for which application threads were stopped: 0.0001182 seconds, Stopping threads took: 0.0000285 seconds
[2019-12-11T09:06:55.885+0000][1][safepoint    ] Application time: 1.0038094 seconds
[2019-12-11T09:06:55.885+0000][1][safepoint    ] Entering safepoint region: Cleanup
[2019-12-11T09:06:55.885+0000][1][safepoint    ] Leaving safepoint region
[2019-12-11T09:06:55.885+0000][1][safepoint    ] Total time for which application threads were stopped: 0.0001294 seconds, Stopping threads took: 0.0000292 seconds
[2019-12-11T09:06:56.888+0000][1][safepoint    ] Application time: 1.0028232 seconds
[2019-12-11T09:06:56.888+0000][1][safepoint    ] Entering safepoint region: Cleanup
[2019-12-11T09:06:56.888+0000][1][safepoint    ] Leaving safepoint region
[2019-12-11T09:06:56.888+0000][1][safepoint    ] Total time for which application threads were stopped: 0.0001490 seconds, Stopping threads took: 0.0000258 seconds
[2019-12-11T09:06:57.891+0000][1][safepoint    ] Application time: 1.0027885 seconds
[2019-12-11T09:06:57.891+0000][1][safepoint    ] Entering safepoint region: Cleanup
[2019-12-11T09:06:57.891+0000][1][safepoint    ] Leaving safepoint region
[2019-12-11T09:06:57.891+0000][1][safepoint    ] Total time for which application threads were stopped: 0.0001326 seconds, Stopping threads took: 0.0000314 seconds
[2019-12-11T09:06:58.891+0000][1][safepoint    ] Application time: 1.0000834 seconds
[2019-12-11T09:06:58.891+0000][1][safepoint    ] Entering safepoint region: Cleanup
[2019-12-11T09:06:58.891+0000][1][safepoint    ] Leaving safepoint region
[2019-12-11T09:06:58.891+0000][1][safepoint    ] Total time for which application threads were stopped: 0.0001223 seconds, Stopping threads took: 0.0000268 seconds
[2019-12-11T09:06:59.893+0000][1][safepoint    ] Application time: 1.0015544 seconds
[2019-12-11T09:06:59.893+0000][1][safepoint    ] Entering safepoint region: Cleanup
[2019-12-11T09:06:59.893+0000][1][safepoint    ] Leaving safepoint region
[2019-12-11T09:06:59.893+0000][1][safepoint    ] Total time for which application threads were stopped: 0.0001177 seconds, Stopping threads took: 0.0000292 seconds
[2019-12-11T09:07:00.893+0000][1][safepoint    ] Application time: 1.0000901 seconds
[2019-12-11T09:07:00.893+0000][1][safepoint    ] Entering safepoint region: Cleanup
[2019-12-11T09:07:00.893+0000][1][safepoint    ] Leaving safepoint region
[2019-12-11T09:07:00.893+0000][1][safepoint    ] Total time for which application threads were stopped: 0.0001237 seconds, Stopping threads took: 0.0000288 seconds
[2019-12-11T09:07:01.894+0000][1][safepoint    ] Application time: 1.0005795 seconds
[2019-12-11T09:07:01.894+0000][1][safepoint    ] Entering safepoint region: Cleanup
[2019-12-11T09:07:01.894+0000][1][safepoint    ] Leaving safepoint region
[2019-12-11T09:07:01.894+0000][1][safepoint    ] Total time for which application threads were stopped: 0.0001220 seconds, Stopping threads took: 0.0000278 seconds
[2019-12-11T09:07:02.894+0000][1][safepoint    ] Application time: 1.0000822 seconds
[2019-12-11T09:07:02.894+0000][1][safepoint    ] Entering safepoint region: Cleanup
[2019-12-11T09:07:02.894+0000][1][safepoint    ] Leaving safepoint region
[2019-12-11T09:07:02.894+0000][1][safepoint    ] Total time for which application threads were stopped: 0.0001003 seconds, Stopping threads took: 0.0000287 seconds
[2019-12-11T09:07:03.894+0000][1][safepoint    ] Application time: 1.0000805 seconds
[2019-12-11T09:07:03.894+0000][1][safepoint    ] Entering safepoint region: Cleanup
[2019-12-11T09:07:03.894+0000][1][safepoint    ] Leaving safepoint region
[2019-12-11T09:07:03.894+0000][1][safepoint    ] Total time for which application threads were stopped: 0.0000872 seconds, Stopping threads took: 0.0000198 seconds
[2019-12-11T09:07:04.894+0000][1][safepoint    ] Application time: 1.0000817 seconds
[2019-12-11T09:07:04.894+0000][1][safepoint    ] Entering safepoint region: Cleanup
[2019-12-11T09:07:04.895+0000][1][safepoint    ] Leaving safepoint region
[2019-12-11T09:07:04.895+0000][1][safepoint    ] Total time for which application threads were stopped: 0.0000906 seconds, Stopping threads took: 0.0000210 seconds
[2019-12-11T09:07:05.895+0000][1][safepoint    ] Application time: 1.0000804 seconds
[2019-12-11T09:07:05.895+0000][1][safepoint    ] Entering safepoint region: Cleanup
[2019-12-11T09:07:05.895+0000][1][safepoint    ] Leaving safepoint region
[2019-12-11T09:07:05.895+0000][1][safepoint    ] Total time for which application threads were stopped: 0.0001183 seconds, Stopping threads took: 0.0000316 seconds
[2019-12-11T09:07:06.895+0000][1][safepoint    ] Application time: 1.0000787 seconds
[2019-12-11T09:07:06.895+0000][1][safepoint    ] Entering safepoint region: Cleanup
[2019-12-11T09:07:06.895+0000][1][safepoint    ] Leaving safepoint region
[2019-12-11T09:07:06.895+0000][1][safepoint    ] Total time for which application threads were stopped: 0.0000843 seconds, Stopping threads took: 0.0000185 seconds
[2019-12-11T09:07:07.895+0000][1][safepoint    ] Application time: 1.0000766 seconds
[2019-12-11T09:07:07.895+0000][1][safepoint    ] Entering safepoint region: Cleanup
[2019-12-11T09:07:07.895+0000][1][safepoint    ] Leaving safepoint region
[2019-12-11T09:07:07.895+0000][1][safepoint    ] Total time for which application threads were stopped: 0.0000906 seconds, Stopping threads took: 0.0000220 seconds
[2019-12-11T09:07:08.895+0000][1][safepoint    ] Application time: 1.0000769 seconds
[2019-12-11T09:07:08.895+0000][1][safepoint    ] Entering safepoint region: Cleanup
[2019-12-11T09:07:08.895+0000][1][safepoint    ] Leaving safepoint region
[2019-12-11T09:07:08.895+0000][1][safepoint    ] Total time for which application threads were stopped: 0.0000896 seconds, Stopping threads took: 0.0000197 seconds
[2019-12-11T09:07:09.896+0000][1][safepoint    ] Application time: 1.0000766 seconds
[2019-12-11T09:07:09.896+0000][1][safepoint    ] Entering safepoint region: Cleanup
[2019-12-11T09:07:09.896+0000][1][safepoint    ] Leaving safepoint region
[2019-12-11T09:07:09.896+0000][1][safepoint    ] Total time for which application threads were stopped: 0.0000893 seconds, Stopping threads took: 0.0000205 seconds
[2019-12-11T09:07:10.896+0000][1][safepoint    ] Application time: 1.0000805 seconds
[2019-12-11T09:07:10.896+0000][1][safepoint    ] Entering safepoint region: Cleanup
[2019-12-11T09:07:10.896+0000][1][safepoint    ] Leaving safepoint region
[2019-12-11T09:07:10.896+0000][1][safepoint    ] Total time for which application threads were stopped: 0.0000899 seconds, Stopping threads took: 0.0000208 seconds
[2019-12-11T09:07:11.896+0000][1][safepoint    ] Application time: 1.0000778 seconds
[2019-12-11T09:07:11.896+0000][1][safepoint    ] Entering safepoint region: Cleanup
[2019-12-11T09:07:11.896+0000][1][safepoint    ] Leaving safepoint region
[2019-12-11T09:07:11.896+0000][1][safepoint    ] Total time for which application threads were stopped: 0.0001094 seconds, Stopping threads took: 0.0000196 seconds
[2019-12-11T09:07:12.896+0000][1][safepoint    ] Application time: 1.0000805 seconds
[2019-12-11T09:07:12.896+0000][1][safepoint    ] Entering safepoint region: Cleanup
[2019-12-11T09:07:12.896+0000][1][safepoint    ] Leaving safepoint region
[2019-12-11T09:07:12.896+0000][1][safepoint    ] Total time for which application threads were stopped: 0.0000900 seconds, Stopping threads took: 0.0000212 seconds
[2019-12-11T09:07:13.896+0000][1][safepoint    ] Application time: 1.0000909 seconds
[2019-12-11T09:07:13.896+0000][1][safepoint    ] Entering safepoint region: Cleanup
[2019-12-11T09:07:13.897+0000][1][safepoint    ] Leaving safepoint region
[2019-12-11T09:07:13.897+0000][1][safepoint    ] Total time for which application threads were stopped: 0.0000980 seconds, Stopping threads took: 0.0000293 seconds
[2019-12-11T09:07:14.897+0000][1][safepoint    ] Application time: 1.0000774 seconds
[2019-12-11T09:07:14.897+0000][1][safepoint    ] Entering safepoint region: Cleanup
[2019-12-11T09:07:14.897+0000][1][safepoint    ] Leaving safepoint region
[2019-12-11T09:07:14.897+0000][1][safepoint    ] Total time for which application threads were stopped: 0.0001175 seconds, Stopping threads took: 0.0000297 seconds
[2019-12-11T09:07:15.897+0000][1][safepoint    ] Application time: 1.0000759 seconds
[2019-12-11T09:07:15.897+0000][1][safepoint    ] Entering safepoint region: Cleanup
[2019-12-11T09:07:15.897+0000][1][safepoint    ] Leaving safepoint region
[2019-12-11T09:07:15.897+0000][1][safepoint    ] Total time for which application threads were stopped: 0.0000869 seconds, Stopping threads took: 0.0000211 seconds
[2019-12-11T09:07:16.897+0000][1][safepoint    ] Application time: 1.0000772 seconds
[2019-12-11T09:07:16.897+0000][1][safepoint    ] Entering safepoint region: Cleanup
[2019-12-11T09:07:16.897+0000][1][safepoint    ] Leaving safepoint region
[2019-12-11T09:07:16.897+0000][1][safepoint    ] Total time for which application threads were stopped: 0.0000865 seconds, Stopping threads took: 0.0000195 seconds
[2019-12-11T09:07:17.897+0000][1][safepoint    ] Application time: 1.0000776 seconds
[2019-12-11T09:07:17.897+0000][1][safepoint    ] Entering safepoint region: Cleanup
[2019-12-11T09:07:17.897+0000][1][safepoint    ] Leaving safepoint region
[2019-12-11T09:07:17.897+0000][1][safepoint    ] Total time for which application threads were stopped: 0.0000947 seconds, Stopping threads took: 0.0000198 seconds
[2019-12-11T09:07:18.897+0000][1][safepoint    ] Application time: 1.0000818 seconds
[2019-12-11T09:07:18.898+0000][1][safepoint    ] Entering safepoint region: Cleanup
[2019-12-11T09:07:18.898+0000][1][safepoint    ] Leaving safepoint region
[2019-12-11T09:07:18.898+0000][1][safepoint    ] Total time for which application threads were stopped: 0.0000872 seconds, Stopping threads took: 0.0000202 seconds
[2019-12-11T09:07:19.898+0000][1][safepoint    ] Application time: 1.0000779 seconds
[2019-12-11T09:07:19.898+0000][1][safepoint    ] Entering safepoint region: Cleanup
[2019-12-11T09:07:19.898+0000][1][safepoint    ] Leaving safepoint region
[2019-12-11T09:07:19.898+0000][1][safepoint    ] Total time for which application threads were stopped: 0.0000906 seconds, Stopping threads took: 0.0000210 seconds
[2019-12-11T09:07:20.900+0000][1][safepoint    ] Application time: 1.0018746 seconds
[2019-12-11T09:07:20.900+0000][1][safepoint    ] Entering safepoint region: Cleanup
[2019-12-11T09:07:20.900+0000][1][safepoint    ] Leaving safepoint region
[2019-12-11T09:07:20.900+0000][1][safepoint    ] Total time for which application threads were stopped: 0.0001277 seconds, Stopping threads took: 0.0000365 seconds
[2019-12-11T09:07:21.900+0000][1][safepoint    ] Application time: 1.0000849 seconds
[2019-12-11T09:07:21.900+0000][1][safepoint    ] Entering safepoint region: Cleanup
[2019-12-11T09:07:21.900+0000][1][safepoint    ] Leaving safepoint region
[2019-12-11T09:07:21.900+0000][1][safepoint    ] Total time for which application threads were stopped: 0.0001380 seconds, Stopping threads took: 0.0000368 seconds
[2019-12-11T09:07:22.900+0000][1][safepoint    ] Application time: 1.0000795 seconds
[2019-12-11T09:07:22.900+0000][1][safepoint    ] Entering safepoint region: Cleanup
[2019-12-11T09:07:22.900+0000][1][safepoint    ] Leaving safepoint region
[2019-12-11T09:07:22.900+0000][1][safepoint    ] Total time for which application threads were stopped: 0.0000974 seconds, Stopping threads took: 0.0000282 seconds
[2019-12-11T09:07:23.900+0000][1][safepoint    ] Application time: 1.0000756 seconds
[2019-12-11T09:07:23.901+0000][1][safepoint    ] Entering safepoint region: Cleanup
[2019-12-11T09:07:23.901+0000][1][safepoint    ] Leaving safepoint region
[2019-12-11T09:07:23.901+0000][1][safepoint    ] Total time for which application threads were stopped: 0.0000853 seconds, Stopping threads took: 0.0000186 seconds
[2019-12-11T09:07:24.901+0000][1][safepoint    ] Application time: 1.0000848 seconds
[2019-12-11T09:07:24.901+0000][1][safepoint    ] Entering safepoint region: Cleanup
[2019-12-11T09:07:24.901+0000][1][safepoint    ] Leaving safepoint region
[2019-12-11T09:07:24.901+0000][1][safepoint    ] Total time for which application threads were stopped: 0.0000852 seconds, Stopping threads took: 0.0000195 seconds
[2019-12-11T09:07:25.901+0000][1][safepoint    ] Application time: 1.0000829 seconds
[2019-12-11T09:07:25.901+0000][1][safepoint    ] Entering safepoint region: Cleanup
[2019-12-11T09:07:25.901+0000][1][safepoint    ] Leaving safepoint region
[2019-12-11T09:07:25.901+0000][1][safepoint    ] Total time for which application threads were stopped: 0.0001218 seconds, Stopping threads took: 0.0000267 seconds
[2019-12-11T09:07:26.902+0000][1][safepoint    ] Application time: 1.0012570 seconds
[2019-12-11T09:07:26.902+0000][1][safepoint    ] Entering safepoint region: Cleanup
[2019-12-11T09:07:26.902+0000][1][safepoint    ] Leaving safepoint region
[2019-12-11T09:07:26.902+0000][1][safepoint    ] Total time for which application threads were stopped: 0.0001163 seconds, Stopping threads took: 0.0000342 seconds
[2019-12-11T09:07:27.910+0000][1][safepoint    ] Application time: 1.0070186 seconds
[2019-12-11T09:07:27.910+0000][1][safepoint    ] Entering safepoint region: Cleanup
[2019-12-11T09:07:27.910+0000][1][safepoint    ] Leaving safepoint region
[2019-12-11T09:07:27.910+0000][1][safepoint    ] Total time for which application threads were stopped: 0.0001406 seconds, Stopping threads took: 0.0000326 seconds
[2019-12-11T09:07:28.841+0000][1][safepoint    ] Application time: 0.9310061 seconds
[2019-12-11T09:07:28.841+0000][1][safepoint    ] Entering safepoint region: GenCollectForAllocation
[2019-12-11T09:07:28.841+0000][1][gc,start     ] GC(79) Pause Young (Allocation Failure)
[2019-12-11T09:07:28.841+0000][1][gc,task      ] GC(79) Using 2 workers of 2 for evacuation
[2019-12-11T09:07:28.849+0000][1][gc,age       ] GC(79) Desired survivor size 4456448 bytes, new threshold 6 (max threshold 6)
[2019-12-11T09:07:28.849+0000][1][gc,age       ] GC(79) Age table with threshold 6 (max threshold 6)
[2019-12-11T09:07:28.849+0000][1][gc,age       ] GC(79) - age   1:     784720 bytes,     784720 total
[2019-12-11T09:07:28.849+0000][1][gc,age       ] GC(79) - age   2:        360 bytes,     785080 total
[2019-12-11T09:07:28.849+0000][1][gc,age       ] GC(79) - age   4:        656 bytes,     785736 total
[2019-12-11T09:07:28.849+0000][1][gc,age       ] GC(79) - age   6:       1728 bytes,     787464 total
[2019-12-11T09:07:28.849+0000][1][gc,heap      ] GC(79) ParNew: 70899K->985K(78656K)
[2019-12-11T09:07:28.849+0000][1][gc,heap      ] GC(79) CMS: 71405K->71405K(174784K)
[2019-12-11T09:07:28.849+0000][1][gc,metaspace ] GC(79) Metaspace: 76209K->76209K(1120256K)
[2019-12-11T09:07:28.849+0000][1][gc           ] GC(79) Pause Young (Allocation Failure) 138M->70M(247M) 8.547ms
[2019-12-11T09:07:28.849+0000][1][gc,cpu       ] GC(79) User=0.01s Sys=0.00s Real=0.01s
[2019-12-11T09:07:28.850+0000][1][safepoint    ] Leaving safepoint region
[2019-12-11T09:07:28.850+0000][1][safepoint    ] Total time for which application threads were stopped: 0.0087746 seconds, Stopping threads took: 0.0000252 seconds
[2019-12-11T09:07:29.850+0000][1][safepoint    ] Application time: 1.0000968 seconds
[2019-12-11T09:07:29.850+0000][1][safepoint    ] Entering safepoint region: Cleanup
[2019-12-11T09:07:29.850+0000][1][safepoint    ] Leaving safepoint region
[2019-12-11T09:07:29.850+0000][1][safepoint    ] Total time for which application threads were stopped: 0.0001360 seconds, Stopping threads took: 0.0000459 seconds
[2019-12-11T09:07:30.855+0000][1][safepoint    ] Application time: 1.0049138 seconds
[2019-12-11T09:07:30.855+0000][1][safepoint    ] Entering safepoint region: Cleanup
[2019-12-11T09:07:30.855+0000][1][safepoint    ] Leaving safepoint region
[2019-12-11T09:07:30.855+0000][1][safepoint    ] Total time for which application threads were stopped: 0.0001234 seconds, Stopping threads took: 0.0000323 seconds
[2019-12-11T09:07:31.006+0000][1][safepoint    ] Application time: 0.1506702 seconds
[2019-12-11T09:07:31.006+0000][1][safepoint    ] Entering safepoint region: RevokeBias
[2019-12-11T09:07:31.006+0000][1][safepoint    ] Leaving safepoint region
[2019-12-11T09:07:31.006+0000][1][safepoint    ] Total time for which application threads were stopped: 0.0001504 seconds, Stopping threads took: 0.0000228 seconds
[2019-12-11T09:07:31.006+0000][1][safepoint    ] Application time: 0.0000997 seconds
[2019-12-11T09:07:31.006+0000][1][safepoint    ] Entering safepoint region: RevokeBias
[2019-12-11T09:07:31.006+0000][1][safepoint    ] Leaving safepoint region
[2019-12-11T09:07:31.006+0000][1][safepoint    ] Total time for which application threads were stopped: 0.0000775 seconds, Stopping threads took: 0.0000145 seconds
[2019-12-11T09:07:31.007+0000][1][safepoint    ] Application time: 0.0008828 seconds
[2019-12-11T09:07:31.021+0000][1][safepoint    ] Entering safepoint region: RevokeBias
[2019-12-11T09:07:31.022+0000][1][safepoint    ] Leaving safepoint region
[2019-12-11T09:07:31.022+0000][1][safepoint    ] Total time for which application threads were stopped: 0.0146944 seconds, Stopping threads took: 0.0146108 seconds
[2019-12-11T09:07:31.023+0000][1][safepoint    ] Application time: 0.0018473 seconds
[2019-12-11T09:07:31.023+0000][1][safepoint    ] Entering safepoint region: RevokeBias
[2019-12-11T09:07:31.024+0000][1][safepoint    ] Leaving safepoint region
[2019-12-11T09:07:31.024+0000][1][safepoint    ] Total time for which application threads were stopped: 0.0000870 seconds, Stopping threads took: 0.0000186 seconds
[2019-12-11T09:07:31.031+0000][1][safepoint    ] Application time: 0.0074068 seconds
[2019-12-11T09:07:31.031+0000][1][safepoint    ] Entering safepoint region: RevokeBias
[2019-12-11T09:07:31.031+0000][1][safepoint    ] Leaving safepoint region
[2019-12-11T09:07:31.031+0000][1][safepoint    ] Total time for which application threads were stopped: 0.0001322 seconds, Stopping threads took: 0.0000750 seconds
[2019-12-11T09:07:31.045+0000][1][safepoint    ] Application time: 0.0138930 seconds
[2019-12-11T09:07:31.045+0000][1][safepoint    ] Entering safepoint region: RevokeBias
[2019-12-11T09:07:31.045+0000][1][safepoint    ] Leaving safepoint region
[2019-12-11T09:07:31.045+0000][1][safepoint    ] Total time for which application threads were stopped: 0.0000975 seconds, Stopping threads took: 0.0000176 seconds
[2019-12-11T09:07:31.045+0000][1][safepoint    ] Application time: 0.0001780 seconds
[2019-12-11T09:07:31.045+0000][1][safepoint    ] Entering safepoint region: RevokeBias
[2019-12-11T09:07:31.045+0000][1][safepoint    ] Leaving safepoint region
[2019-12-11T09:07:31.045+0000][1][safepoint    ] Total time for which application threads were stopped: 0.0000892 seconds, Stopping threads took: 0.0000124 seconds
[2019-12-11T09:07:31.046+0000][1][safepoint    ] Application time: 0.0010864 seconds
[2019-12-11T09:07:31.047+0000][1][safepoint    ] Entering safepoint region: RevokeBias
[2019-12-11T09:07:31.047+0000][1][safepoint    ] Leaving safepoint region
[2019-12-11T09:07:31.047+0000][1][safepoint    ] Total time for which application threads were stopped: 0.0000744 seconds, Stopping threads took: 0.0000144 seconds
[2019-12-11T09:07:31.064+0000][1][safepoint    ] Application time: 0.0171151 seconds
[2019-12-11T09:07:31.094+0000][1][safepoint    ] Entering safepoint region: RevokeBias
[2019-12-11T09:07:31.094+0000][1][safepoint    ] Leaving safepoint region
[2019-12-11T09:07:31.094+0000][1][safepoint    ] Total time for which application threads were stopped: 0.0301674 seconds, Stopping threads took: 0.0300696 seconds
[2019-12-11T09:07:31.094+0000][1][safepoint    ] Application time: 0.0002669 seconds
[2019-12-11T09:07:31.094+0000][1][safepoint    ] Entering safepoint region: RevokeBias
[2019-12-11T09:07:31.094+0000][1][safepoint    ] Leaving safepoint region
[2019-12-11T09:07:31.094+0000][1][safepoint    ] Total time for which application threads were stopped: 0.0000718 seconds, Stopping threads took: 0.0000144 seconds
[2019-12-11T09:07:31.098+0000][1][safepoint    ] Application time: 0.0037096 seconds
[2019-12-11T09:07:31.109+0000][1][safepoint    ] Entering safepoint region: RevokeBias
[2019-12-11T09:07:31.109+0000][1][safepoint    ] Leaving safepoint region
[2019-12-11T09:07:31.109+0000][1][safepoint    ] Total time for which application threads were stopped: 0.0108726 seconds, Stopping threads took: 0.0108000 seconds
[2019-12-11T09:07:31.120+0000][1][safepoint    ] Application time: 0.0110189 seconds
[2019-12-11T09:07:31.120+0000][1][safepoint    ] Entering safepoint region: RevokeBias
[2019-12-11T09:07:31.120+0000][1][safepoint    ] Leaving safepoint region
[2019-12-11T09:07:31.120+0000][1][safepoint    ] Total time for which application threads were stopped: 0.0000814 seconds, Stopping threads took: 0.0000142 seconds
[2019-12-11T09:07:31.120+0000][1][safepoint    ] Application time: 0.0000657 seconds
[2019-12-11T09:07:31.120+0000][1][safepoint    ] Entering safepoint region: RevokeBias
[2019-12-11T09:07:31.120+0000][1][safepoint    ] Leaving safepoint region
[2019-12-11T09:07:31.120+0000][1][safepoint    ] Total time for which application threads were stopped: 0.0000500 seconds, Stopping threads took: 0.0000097 seconds
[2019-12-11T09:07:31.120+0000][1][safepoint    ] Application time: 0.0000607 seconds
[2019-12-11T09:07:31.120+0000][1][safepoint    ] Entering safepoint region: RevokeBias
[2019-12-11T09:07:31.120+0000][1][safepoint    ] Leaving safepoint region
[2019-12-11T09:07:31.120+0000][1][safepoint    ] Total time for which application threads were stopped: 0.0000502 seconds, Stopping threads took: 0.0000092 seconds
[2019-12-11T09:07:31.120+0000][1][safepoint    ] Application time: 0.0001191 seconds
[2019-12-11T09:07:31.120+0000][1][safepoint    ] Entering safepoint region: RevokeBias
[2019-12-11T09:07:31.120+0000][1][safepoint    ] Leaving safepoint region
[2019-12-11T09:07:31.120+0000][1][safepoint    ] Total time for which application threads were stopped: 0.0000540 seconds, Stopping threads took: 0.0000104 seconds
[2019-12-11T09:07:31.121+0000][1][safepoint    ] Application time: 0.0000532 seconds
[2019-12-11T09:07:31.121+0000][1][safepoint    ] Entering safepoint region: RevokeBias
[2019-12-11T09:07:31.121+0000][1][safepoint    ] Leaving safepoint region
[2019-12-11T09:07:31.121+0000][1][safepoint    ] Total time for which application threads were stopped: 0.0000459 seconds, Stopping threads took: 0.0000087 seconds
[2019-12-11T09:07:31.121+0000][1][safepoint    ] Application time: 0.0002685 seconds
[2019-12-11T09:07:31.121+0000][1][safepoint    ] Entering safepoint region: RevokeBias
[2019-12-11T09:07:31.121+0000][1][safepoint    ] Leaving safepoint region
[2019-12-11T09:07:31.121+0000][1][safepoint    ] Total time for which application threads were stopped: 0.0000608 seconds, Stopping threads took: 0.0000129 seconds
[2019-12-11T09:07:31.121+0000][1][safepoint    ] Application time: 0.0000643 seconds
[2019-12-11T09:07:31.121+0000][1][safepoint    ] Entering safepoint region: RevokeBias
[2019-12-11T09:07:31.121+0000][1][safepoint    ] Leaving safepoint region
[2019-12-11T09:07:31.121+0000][1][safepoint    ] Total time for which application threads were stopped: 0.0000498 seconds, Stopping threads took: 0.0000089 seconds
[2019-12-11T09:07:31.121+0000][1][safepoint    ] Application time: 0.0003994 seconds
[2019-12-11T09:07:31.121+0000][1][safepoint    ] Entering safepoint region: RevokeBias
[2019-12-11T09:07:31.122+0000][1][safepoint    ] Leaving safepoint region
[2019-12-11T09:07:31.122+0000][1][safepoint    ] Total time for which application threads were stopped: 0.0000746 seconds, Stopping threads took: 0.0000137 seconds
[2019-12-11T09:07:31.124+0000][1][safepoint    ] Application time: 0.0027966 seconds
[2019-12-11T09:07:31.124+0000][1][safepoint    ] Entering safepoint region: RevokeBias
[2019-12-11T09:07:31.124+0000][1][safepoint    ] Leaving safepoint region
[2019-12-11T09:07:31.124+0000][1][safepoint    ] Total time for which application threads were stopped: 0.0000684 seconds, Stopping threads took: 0.0000136 seconds
[2019-12-11T09:07:31.130+0000][1][safepoint    ] Application time: 0.0055969 seconds
[2019-12-11T09:07:31.130+0000][1][safepoint    ] Entering safepoint region: RevokeBias
[2019-12-11T09:07:31.130+0000][1][safepoint    ] Leaving safepoint region
[2019-12-11T09:07:31.130+0000][1][safepoint    ] Total time for which application threads were stopped: 0.0000700 seconds, Stopping threads took: 0.0000118 seconds
[2019-12-11T09:07:31.135+0000][1][safepoint    ] Application time: 0.0045743 seconds
[2019-12-11T09:07:31.135+0000][1][safepoint    ] Entering safepoint region: RevokeBias
[2019-12-11T09:07:31.135+0000][1][safepoint    ] Leaving safepoint region
[2019-12-11T09:07:31.135+0000][1][safepoint    ] Total time for which application threads were stopped: 0.0000692 seconds, Stopping threads took: 0.0000134 seconds
[2019-12-11T09:07:31.135+0000][1][safepoint    ] Application time: 0.0000909 seconds
[2019-12-11T09:07:31.135+0000][1][safepoint    ] Entering safepoint region: RevokeBias
[2019-12-11T09:07:31.135+0000][1][safepoint    ] Leaving safepoint region
[2019-12-11T09:07:31.135+0000][1][safepoint    ] Total time for which application threads were stopped: 0.0000512 seconds, Stopping threads took: 0.0000090 seconds
[2019-12-11T09:07:31.137+0000][1][safepoint    ] Application time: 0.0023321 seconds
[2019-12-11T09:07:31.137+0000][1][safepoint    ] Entering safepoint region: RevokeBias
[2019-12-11T09:07:31.137+0000][1][safepoint    ] Leaving safepoint region
[2019-12-11T09:07:31.137+0000][1][safepoint    ] Total time for which application threads were stopped: 0.0000609 seconds, Stopping threads took: 0.0000121 seconds
[2019-12-11T09:07:31.137+0000][1][safepoint    ] Application time: 0.0000532 seconds
[2019-12-11T09:07:31.137+0000][1][safepoint    ] Entering safepoint region: RevokeBias
[2019-12-11T09:07:31.138+0000][1][safepoint    ] Leaving safepoint region
[2019-12-11T09:07:31.138+0000][1][safepoint    ] Total time for which application threads were stopped: 0.0000473 seconds, Stopping threads took: 0.0000089 seconds
[2019-12-11T09:07:31.138+0000][1][safepoint    ] Application time: 0.0007546 seconds
[2019-12-11T09:07:31.138+0000][1][safepoint    ] Entering safepoint region: RevokeBias
[2019-12-11T09:07:31.138+0000][1][safepoint    ] Leaving safepoint region
[2019-12-11T09:07:31.138+0000][1][safepoint    ] Total time for which application threads were stopped: 0.0000663 seconds, Stopping threads took: 0.0000137 seconds
[2019-12-11T09:07:31.138+0000][1][safepoint    ] Application time: 0.0000638 seconds
[2019-12-11T09:07:31.138+0000][1][safepoint    ] Entering safepoint region: RevokeBias
[2019-12-11T09:07:31.138+0000][1][safepoint    ] Leaving safepoint region
[2019-12-11T09:07:31.139+0000][1][safepoint    ] Total time for which application threads were stopped: 0.0000532 seconds, Stopping threads took: 0.0000103 seconds
[2019-12-11T09:07:31.139+0000][1][safepoint    ] Application time: 0.0000565 seconds
[2019-12-11T09:07:31.139+0000][1][safepoint    ] Entering safepoint region: RevokeBias
[2019-12-11T09:07:31.139+0000][1][safepoint    ] Leaving safepoint region
[2019-12-11T09:07:31.139+0000][1][safepoint    ] Total time for which application threads were stopped: 0.0000473 seconds, Stopping threads took: 0.0000094 seconds
[2019-12-11T09:07:31.139+0000][1][safepoint    ] Application time: 0.0000954 seconds
[2019-12-11T09:07:31.139+0000][1][safepoint    ] Entering safepoint region: RevokeBias
[2019-12-11T09:07:31.139+0000][1][safepoint    ] Leaving safepoint region
[2019-12-11T09:07:31.139+0000][1][safepoint    ] Total time for which application threads were stopped: 0.0000465 seconds, Stopping threads took: 0.0000091 seconds
[2019-12-11T09:07:31.139+0000][1][safepoint    ] Application time: 0.0000650 seconds
[2019-12-11T09:07:31.139+0000][1][safepoint    ] Entering safepoint region: RevokeBias
[2019-12-11T09:07:31.139+0000][1][safepoint    ] Leaving safepoint region
[2019-12-11T09:07:31.139+0000][1][safepoint    ] Total time for which application threads were stopped: 0.0000444 seconds, Stopping threads took: 0.0000087 seconds
[2019-12-11T09:07:31.139+0000][1][safepoint    ] Application time: 0.0000745 seconds
[2019-12-11T09:07:31.139+0000][1][safepoint    ] Entering safepoint region: RevokeBias
[2019-12-11T09:07:31.139+0000][1][safepoint    ] Leaving safepoint region
[2019-12-11T09:07:31.139+0000][1][safepoint    ] Total time for which application threads were stopped: 0.0000444 seconds, Stopping threads took: 0.0000085 seconds
[2019-12-11T09:07:31.147+0000][1][safepoint    ] Application time: 0.0079541 seconds
[2019-12-11T09:07:31.147+0000][1][safepoint    ] Entering safepoint region: RevokeBias
[2019-12-11T09:07:31.147+0000][1][safepoint    ] Leaving safepoint region
[2019-12-11T09:07:31.147+0000][1][safepoint    ] Total time for which application threads were stopped: 0.0001123 seconds, Stopping threads took: 0.0000263 seconds
[2019-12-11T09:07:31.147+0000][1][safepoint    ] Application time: 0.0003357 seconds
[2019-12-11T09:07:31.148+0000][1][safepoint    ] Entering safepoint region: RevokeBias
[2019-12-11T09:07:31.148+0000][1][safepoint    ] Leaving safepoint region
[2019-12-11T09:07:31.148+0000][1][safepoint    ] Total time for which application threads were stopped: 0.0000950 seconds, Stopping threads took: 0.0000111 seconds
[2019-12-11T09:07:31.148+0000][1][safepoint    ] Application time: 0.0002016 seconds
[2019-12-11T09:07:31.148+0000][1][safepoint    ] Entering safepoint region: RevokeBias
[2019-12-11T09:07:31.148+0000][1][safepoint    ] Leaving safepoint region
[2019-12-11T09:07:31.148+0000][1][safepoint    ] Total time for which application threads were stopped: 0.0000775 seconds, Stopping threads took: 0.0000095 seconds
[2019-12-11T09:07:31.150+0000][1][safepoint    ] Application time: 0.0016211 seconds
[2019-12-11T09:07:31.150+0000][1][safepoint    ] Entering safepoint region: RevokeBias
[2019-12-11T09:07:31.150+0000][1][safepoint    ] Leaving safepoint region
[2019-12-11T09:07:31.150+0000][1][safepoint    ] Total time for which application threads were stopped: 0.0000829 seconds, Stopping threads took: 0.0000126 seconds
[2019-12-11T09:07:31.152+0000][1][safepoint    ] Application time: 0.0022699 seconds
[2019-12-11T09:07:31.152+0000][1][safepoint    ] Entering safepoint region: RevokeBias
[2019-12-11T09:07:31.152+0000][1][safepoint    ] Leaving safepoint region
[2019-12-11T09:07:31.152+0000][1][safepoint    ] Total time for which application threads were stopped: 0.0000664 seconds, Stopping threads took: 0.0000120 seconds
[2019-12-11T09:07:31.159+0000][1][safepoint    ] Application time: 0.0068537 seconds
[2019-12-11T09:07:31.159+0000][1][safepoint    ] Entering safepoint region: RevokeBias
[2019-12-11T09:07:31.159+0000][1][safepoint    ] Leaving safepoint region
[2019-12-11T09:07:31.159+0000][1][safepoint    ] Total time for which application threads were stopped: 0.0001361 seconds, Stopping threads took: 0.0000546 seconds
[2019-12-11T09:07:31.179+0000][1][safepoint    ] Application time: 0.0197463 seconds
[2019-12-11T09:07:31.179+0000][1][safepoint    ] Entering safepoint region: RevokeBias
[2019-12-11T09:07:31.179+0000][1][safepoint    ] Leaving safepoint region
[2019-12-11T09:07:31.179+0000][1][safepoint    ] Total time for which application threads were stopped: 0.0002326 seconds, Stopping threads took: 0.0001457 seconds
[2019-12-11T09:07:31.188+0000][1][safepoint    ] Application time: 0.0092349 seconds
[2019-12-11T09:07:31.188+0000][1][safepoint    ] Entering safepoint region: BulkRevokeBias
[2019-12-11T09:07:31.189+0000][1][safepoint    ] Leaving safepoint region
[2019-12-11T09:07:31.189+0000][1][safepoint    ] Total time for which application threads were stopped: 0.0004987 seconds, Stopping threads took: 0.0000717 seconds
[2019-12-11T09:07:31.189+0000][1][safepoint    ] Application time: 0.0002153 seconds
[2019-12-11T09:07:31.189+0000][1][safepoint    ] Entering safepoint region: BulkRevokeBias
[2019-12-11T09:07:31.189+0000][1][safepoint    ] Leaving safepoint region
[2019-12-11T09:07:31.189+0000][1][safepoint    ] Total time for which application threads were stopped: 0.0003765 seconds, Stopping threads took: 0.0000117 seconds
[2019-12-11T09:07:31.276+0000][1][safepoint    ] Application time: 0.0868284 seconds
[2019-12-11T09:07:31.283+0000][1][safepoint    ] Entering safepoint region: RevokeBias
[2019-12-11T09:07:31.283+0000][1][safepoint    ] Leaving safepoint region
[2019-12-11T09:07:31.283+0000][1][safepoint    ] Total time for which application threads were stopped: 0.0065090 seconds, Stopping threads took: 0.0063751 seconds
[2019-12-11T09:07:31.370+0000][1][safepoint    ] Application time: 0.0868806 seconds
[2019-12-11T09:07:31.370+0000][1][safepoint    ] Entering safepoint region: RevokeBias
[2019-12-11T09:07:31.370+0000][1][safepoint    ] Leaving safepoint region
[2019-12-11T09:07:31.370+0000][1][safepoint    ] Total time for which application threads were stopped: 0.0001037 seconds, Stopping threads took: 0.0000186 seconds
[2019-12-11T09:07:31.469+0000][1][safepoint    ] Application time: 0.0995097 seconds
[2019-12-11T09:07:31.469+0000][1][safepoint    ] Entering safepoint region: RevokeBias
[2019-12-11T09:07:31.469+0000][1][safepoint    ] Leaving safepoint region
[2019-12-11T09:07:31.469+0000][1][safepoint    ] Total time for which application threads were stopped: 0.0000937 seconds, Stopping threads took: 0.0000170 seconds
[2019-12-11T09:07:31.472+0000][1][safepoint    ] Application time: 0.0022242 seconds
[2019-12-11T09:07:31.472+0000][1][safepoint    ] Entering safepoint region: RevokeBias
[2019-12-11T09:07:31.472+0000][1][safepoint    ] Leaving safepoint region
[2019-12-11T09:07:31.472+0000][1][safepoint    ] Total time for which application threads were stopped: 0.0000861 seconds, Stopping threads took: 0.0000167 seconds
[2019-12-11T09:07:31.512+0000][1][safepoint    ] Application time: 0.0406229 seconds
[2019-12-11T09:07:31.512+0000][1][safepoint    ] Entering safepoint region: RevokeBias
[2019-12-11T09:07:31.513+0000][1][safepoint    ] Leaving safepoint region
[2019-12-11T09:07:31.513+0000][1][safepoint    ] Total time for which application threads were stopped: 0.0000994 seconds, Stopping threads took: 0.0000167 seconds
[2019-12-11T09:07:31.516+0000][1][safepoint    ] Application time: 0.0034281 seconds
[2019-12-11T09:07:31.516+0000][1][safepoint    ] Entering safepoint region: RevokeBias
[2019-12-11T09:07:31.516+0000][1][safepoint    ] Leaving safepoint region
[2019-12-11T09:07:31.516+0000][1][safepoint    ] Total time for which application threads were stopped: 0.0000841 seconds, Stopping threads took: 0.0000136 seconds
[2019-12-11T09:07:31.516+0000][1][safepoint    ] Application time: 0.0003218 seconds
[2019-12-11T09:07:31.516+0000][1][safepoint    ] Entering safepoint region: RevokeBias
[2019-12-11T09:07:31.517+0000][1][safepoint    ] Leaving safepoint region
[2019-12-11T09:07:31.517+0000][1][safepoint    ] Total time for which application threads were stopped: 0.0000738 seconds, Stopping threads took: 0.0000141 seconds
[2019-12-11T09:07:31.517+0000][1][safepoint    ] Application time: 0.0007958 seconds
[2019-12-11T09:07:31.517+0000][1][safepoint    ] Entering safepoint region: RevokeBias
[2019-12-11T09:07:31.517+0000][1][safepoint    ] Leaving safepoint region
[2019-12-11T09:07:31.517+0000][1][safepoint    ] Total time for which application threads were stopped: 0.0000727 seconds, Stopping threads took: 0.0000131 seconds
[2019-12-11T09:07:31.520+0000][1][safepoint    ] Application time: 0.0021601 seconds
[2019-12-11T09:07:31.542+0000][1][safepoint    ] Entering safepoint region: RevokeBias
[2019-12-11T09:07:31.542+0000][1][safepoint    ] Leaving safepoint region
[2019-12-11T09:07:31.542+0000][1][safepoint    ] Total time for which application threads were stopped: 0.0221810 seconds, Stopping threads took: 0.0221373 seconds
[2019-12-11T09:07:31.543+0000][1][safepoint    ] Application time: 0.0011190 seconds
[2019-12-11T09:07:31.543+0000][1][safepoint    ] Entering safepoint region: RevokeBias
[2019-12-11T09:07:31.543+0000][1][safepoint    ] Leaving safepoint region
[2019-12-11T09:07:31.543+0000][1][safepoint    ] Total time for which application threads were stopped: 0.0000402 seconds, Stopping threads took: 0.0000107 seconds
[2019-12-11T09:07:31.555+0000][1][safepoint    ] Application time: 0.0118723 seconds
[2019-12-11T09:07:31.555+0000][1][safepoint    ] Entering safepoint region: RevokeBias
[2019-12-11T09:07:31.555+0000][1][safepoint    ] Leaving safepoint region
[2019-12-11T09:07:31.555+0000][1][safepoint    ] Total time for which application threads were stopped: 0.0000636 seconds, Stopping threads took: 0.0000106 seconds
[2019-12-11T09:07:31.571+0000][1][gc,heap,exit ] Heap
[2019-12-11T09:07:31.571+0000][1][gc,heap,exit ]  par new generation   total 78656K, used 10322K [0x00000000f0000000, 0x00000000f5550000, 0x00000000f5550000)
[2019-12-11T09:07:31.571+0000][1][gc,heap,exit ]   eden space 69952K,  13% used [0x00000000f0000000, 0x00000000f091e520, 0x00000000f4450000)
[2019-12-11T09:07:31.571+0000][1][gc,heap,exit ]   from space 8704K,  11% used [0x00000000f4cd0000, 0x00000000f4dc65a8, 0x00000000f5550000)
[2019-12-11T09:07:31.571+0000][1][gc,heap,exit ]   to   space 8704K,   0% used [0x00000000f4450000, 0x00000000f4450000, 0x00000000f4cd0000)
[2019-12-11T09:07:31.571+0000][1][gc,heap,exit ]  concurrent mark-sweep generation total 174784K, used 71405K [0x00000000f5550000, 0x0000000100000000, 0x0000000100000000)
[2019-12-11T09:07:31.571+0000][1][gc,heap,exit ]  Metaspace       used 76365K, capacity 82022K, committed 82204K, reserved 1120256K
[2019-12-11T09:07:31.571+0000][1][gc,heap,exit ]   class space    used 10103K, capacity 12479K, committed 12540K, reserved 1048576K
[2019-12-11T09:07:31.571+0000][1][safepoint    ] Application time: 0.0162457 seconds
[2019-12-11T09:07:31.571+0000][1][safepoint    ] Entering safepoint region: Exit
